<?xml version="1.0" ?>

<verbosegc xmlns="http://www.ibm.com/j9/verbosegc" version="08cc62e_CMPRSS">

<initialized id="1" timestamp="2019-08-02T22:44:34.568">
  <attribute name="gcPolicy" value="-Xgcpolicy:optthruput" />
  <attribute name="elasticGC enabled" value="1" />
  <attribute name= "numThreadsSpecified" value="0" />
  <attribute name="heapSize specified" value="0" />
  <attribute name= "numCores" value="0" />
  <attribute name ="GC Interval" value="0" />
  <attribute name="GC Util Range Max" value="0" />
  <attribute name="Current GC Util" value="0" />
  <attribute name= "Current Time Running" value="0" />
  <attribute name="maxHeapSize" value="0x7cba0000" />
  <attribute name="initialHeapSize" value="0x800000" />
  <attribute name="compressedRefs" value="true" />
  <attribute name="compressedRefsDisplacement" value="0x0" />
  <attribute name="compressedRefsShift" value="0x0" />
  <attribute name="pageSize" value="0x1000" />
  <attribute name="pageType" value="not used" />
  <attribute name="requestedPageSize" value="0x1000" />
  <attribute name="requestedPageType" value="not used" />
  <attribute name="gcthreads" value="8" />
  <attribute name="packetListSplit" value="8" />
  <attribute name="cacheListSplit" value="8" />
  <attribute name="splitFreeListSplitAmount" value="1" />
  <attribute name="numaNodes" value="0" />
  <system>
    <attribute name="physicalMemory" value="8370401280" />
    <attribute name="numCPUs" value="8" />
    <attribute name="architecture" value="amd64" />
    <attribute name="os" value="Linux" />
    <attribute name="osVersion" value="4.4.0-154-generic" />
  </system>
  <vmargs>
    <vmarg name="-Xoptionsfile=/vagrant/jdk/lib/options.default" />
    <vmarg name="-Xlockword:mode=default,noLockword=java/lang/String,noLockword=java/util/MapEntry,noLockword=java/util/HashMap$Entry,noLockword..." />
    <vmarg name="-Xjcl:jclse29" />
    <vmarg name="-Dcom.ibm.oti.vm.bootstrap.library.path=/vagrant/jdk/lib/compressedrefs:/vagrant/jdk/lib" />
    <vmarg name="-Dsun.boot.library.path=/vagrant/jdk/lib/compressedrefs:/vagrant/jdk/lib" />
    <vmarg name="-Djava.library.path=/vagrant/jdk/lib/compressedrefs:/vagrant/jdk/lib:/usr/lib64:/usr/lib" />
    <vmarg name="-Djava.home=/vagrant/jdk" />
    <vmarg name="-Duser.dir=/vagrant" />
    <vmarg name="-Xgcpolicy:optthruput" />
    <vmarg name="-Xgcelastic" />
    <vmarg name="-Xcheck:gc:::elasticGC" />
    <vmarg name="-verbose:gc" />
    <vmarg name="-Xloggc:jdkG-small-OTT-8core-verbose16jython.txt" />
    <vmarg name="-Djava.class.path=dacapo-9.12-MR1-bach.jar" />
    <vmarg name="-Dsun.java.command=dacapo-9.12-MR1-bach.jar jython --size=small" />
    <vmarg name="-Dsun.java.launcher=SUN_STANDARD" />
    <vmarg name="-Dsun.java.launcher.pid=10413" />
  </vmargs>
</initialized>

<exclusive-start id="2" timestamp="2019-08-02T22:44:36.246" intervalms="1678.221">
  <response-info timems="0.022" idlems="0.022" threads="0" lastid="0000000000C67A00" lastname="main" />
</exclusive-start>
<af-start id="3" threadId="0000000000C68388" totalBytesRequested="2056" timestamp="2019-08-02T22:44:36.247" intervalms="1678.496" />
<cycle-start id="4" type="global" contextid="0" timestamp="2019-08-02T22:44:36.247" intervalms="1678.696" />
<gc-start id="5" type="global" contextid="4" timestamp="2019-08-02T22:44:36.247">
  <mem-info id="6" free="418816" total="8388608" percent="4">
    <mem type="tenure" free="418816" total="8388608" percent="4">
      <mem type="soa" free="0" total="7969792" percent="0" />
      <mem type="loa" free="418816" total="418816" percent="100" />
    </mem>
  </mem-info>
</gc-start>
<allocation-stats totalBytes="7930808" >
  <allocated-bytes non-tlh="357688" tlh="7573120" />
  <largest-consumer threadName="main" threadId="0000000000C67A00" bytes="7840992" />
</allocation-stats>
<gc-op id="7" type="mark" timems="2.374" contextid="4" timestamp="2019-08-02T22:44:36.250">
  <trace-info objectcount="17695" scancount="14631" scanbytes="461688" />
  <finalization candidates="14" enqueued="1" />
  <references type="soft" candidates="63" cleared="0" enqueued="0" dynamicThreshold="32" maxThreshold="32" />
  <references type="weak" candidates="544" cleared="401" enqueued="362" />
  <references type="phantom" candidates="105" cleared="44" enqueued="44" />
  <stringconstants candidates="2406" cleared="0"  />
</gc-op>
<gc-op id="8" type="classunload" timems="0.049" contextid="4" timestamp="2019-08-02T22:44:36.250">
  <classunload-info classloadercandidates="5" classloadersunloaded="0" classesunloaded="0" anonymousclassesunloaded="0" quiescems="0.000" setupms="0.048" scanms="0.000" postms="0.001" />
</gc-op>
<gc-op id="9" type="sweep" timems="0.500" contextid="4" timestamp="2019-08-02T22:44:36.250" />
<gc-end id="10" type="global" contextid="4" durationms="4.025" usertimems="4.000" systemtimems="0.000" timestamp="2019-08-02T22:44:36.251" activeThreads="8">
  <mem-info id="11" free="7185152" total="8388608" percent="85">
    <mem type="tenure" free="7185152" total="8388608" percent="85" micro-fragmented="148635" macro-fragmented="0">
      <mem type="soa" free="6766336" total="7969792" percent="84" />
      <mem type="loa" free="418816" total="418816" percent="100" />
    </mem>
    <pending-finalizers system="1" default="0" reference="406" classloader="0" />
  </mem-info>
</gc-end>
<cycle-end id="12" type="global" contextid="4" timestamp="2019-08-02T22:44:36.251" />
  <attribute name="elasticGC enabled" value="1" />
  <attribute name= "numThreadsSpecified" value="0" />
  <attribute name="heapSize specified" value="0" />
  <attribute name= "numCores" value="8" />
  <attribute name ="GC Interval" value="0" />
  <attribute name ="Control flow" value="2" />
  <attribute name="GC Util Range Max" value="122" />
  <attribute name="Current GC Util" value="40" />
  <attribute name= "Current Time Running" value="3" />
<allocation-satisfied id="13" threadId="0000000000C67A00" bytesRequested="2056" />
<af-end id="14" timestamp="2019-08-02T22:44:36.251" threadId="0000000000C68388" success="true" />
<exclusive-end id="15" timestamp="2019-08-02T22:44:36.251" durationms="5.053" />

<exclusive-start id="16" timestamp="2019-08-02T22:44:36.962" intervalms="715.376">
  <response-info timems="0.058" idlems="0.058" threads="0" lastid="0000000000C67A00" lastname="main" />
</exclusive-start>
<af-start id="17" threadId="0000000000C68388" totalBytesRequested="16" timestamp="2019-08-02T22:44:36.962" intervalms="715.239" />
<cycle-start id="18" type="global" contextid="0" timestamp="2019-08-02T22:44:36.962" intervalms="715.144" />
<gc-start id="19" type="global" contextid="18" timestamp="2019-08-02T22:44:36.962">
  <mem-info id="20" free="418816" total="8388608" percent="4">
    <mem type="tenure" free="418816" total="8388608" percent="4">
      <mem type="soa" free="0" total="7969792" percent="0" />
      <mem type="loa" free="418816" total="418816" percent="100" />
    </mem>
  </mem-info>
</gc-start>
<allocation-stats totalBytes="6424496" >
  <allocated-bytes non-tlh="543400" tlh="5881096" />
  <largest-consumer threadName="main" threadId="0000000000C67A00" bytes="6417024" />
</allocation-stats>
<gc-op id="21" type="mark" timems="0.751" contextid="18" timestamp="2019-08-02T22:44:36.963">
  <trace-info objectcount="17743" scancount="14593" scanbytes="470276" />
  <finalization candidates="13" enqueued="0" />
  <references type="soft" candidates="66" cleared="0" enqueued="0" dynamicThreshold="27" maxThreshold="32" />
  <references type="weak" candidates="173" cleared="31" enqueued="31" />
  <references type="phantom" candidates="86" cleared="1" enqueued="1" />
  <stringconstants candidates="2504" cleared="0"  />
</gc-op>
<gc-op id="22" type="sweep" timems="0.199" contextid="18" timestamp="2019-08-02T22:44:36.963" />
<mem-info id="23" free="6691992" total="8388608" percent="79">
  <mem type="tenure" free="6691992" total="8388608" percent="79" micro-fragmented="262167" macro-fragmented="0">
    <mem type="soa" free="6273176" total="7969792" percent="78" />
    <mem type="loa" free="418816" total="418816" percent="100" />
  </mem>
  <pending-finalizers system="0" default="0" reference="32" classloader="0" />
</mem-info>
<gc-op id="24" type="compact" timems="3.998" contextid="18" timestamp="2019-08-02T22:44:36.967">
  <compact-info movecount="17742" movebytes="1442872" reason="no compaction" />
</gc-op>
<gc-end id="25" type="global" contextid="18" durationms="5.579" usertimems="8.000" systemtimems="0.000" timestamp="2019-08-02T22:44:36.968" activeThreads="8">
  <mem-info id="26" free="6945632" total="8388608" percent="82">
    <mem type="tenure" free="6945632" total="8388608" percent="82">
      <mem type="soa" free="6526816" total="7969792" percent="81" />
      <mem type="loa" free="418816" total="418816" percent="100" />
    </mem>
    <pending-finalizers system="0" default="0" reference="32" classloader="0" />
  </mem-info>
</gc-end>
<cycle-end id="27" type="global" contextid="18" timestamp="2019-08-02T22:44:36.968" />
  <attribute name="elasticGC enabled" value="1" />
  <attribute name= "numThreadsSpecified" value="0" />
  <attribute name="heapSize specified" value="8388608" />
  <attribute name= "numCores" value="8" />
  <attribute name ="GC Interval" value="0" />
  <attribute name ="Control flow" value="2" />
  <attribute name="GC Util Range Max" value="122" />
  <attribute name="Current GC Util" value="41" />
  <attribute name= "Current Time Running" value="720" />
<allocation-satisfied id="28" threadId="0000000000C67A00" bytesRequested="16" />
<af-end id="29" timestamp="2019-08-02T22:44:36.968" threadId="0000000000C68388" success="true" />
<exclusive-end id="30" timestamp="2019-08-02T22:44:36.968" durationms="6.141" />

<exclusive-start id="31" timestamp="2019-08-02T22:44:37.218" intervalms="256.308">
  <response-info timems="0.031" idlems="0.031" threads="0" lastid="0000000000C67A00" lastname="main" />
</exclusive-start>
<af-start id="32" threadId="0000000000C68388" totalBytesRequested="7176" timestamp="2019-08-02T22:44:37.218" intervalms="256.324" />
<cycle-start id="33" type="global" contextid="0" timestamp="2019-08-02T22:44:37.220" intervalms="258.375" />
<gc-start id="34" type="global" contextid="33" timestamp="2019-08-02T22:44:37.220">
  <mem-info id="35" free="418816" total="8388608" percent="4">
    <mem type="tenure" free="418816" total="8388608" percent="4">
      <mem type="soa" free="0" total="7969792" percent="0" />
      <mem type="loa" free="418816" total="418816" percent="100" />
    </mem>
  </mem-info>
</gc-start>
<allocation-stats totalBytes="6519368" >
  <allocated-bytes non-tlh="221248" tlh="6298120" />
  <largest-consumer threadName="main" threadId="0000000000C67A00" bytes="6511176" />
</allocation-stats>
<gc-op id="36" type="mark" timems="1.857" contextid="33" timestamp="2019-08-02T22:44:37.222">
  <trace-info objectcount="35411" scancount="28574" scanbytes="926516" />
  <finalization candidates="63" enqueued="1" />
  <ownableSynchronizers candidates="17" cleared="0" />
  <references type="soft" candidates="421" cleared="0" enqueued="0" dynamicThreshold="26" maxThreshold="32" />
  <references type="weak" candidates="1641" cleared="479" enqueued="357" />
  <references type="phantom" candidates="100" cleared="5" enqueued="5" />
  <stringconstants candidates="4467" cleared="0"  />
</gc-op>
<gc-op id="37" type="classunload" timems="0.002" contextid="33" timestamp="2019-08-02T22:44:37.223">
  <classunload-info classloadercandidates="10" classloadersunloaded="0" classesunloaded="0" anonymousclassesunloaded="0" quiescems="0.000" setupms="0.002" scanms="0.000" postms="0.000" />
</gc-op>
<gc-op id="38" type="sweep" timems="0.239" contextid="33" timestamp="2019-08-02T22:44:37.223" />
<mem-info id="39" free="6007984" total="8388608" percent="71">
  <mem type="tenure" free="6007984" total="8388608" percent="71" micro-fragmented="176957" macro-fragmented="0">
    <mem type="soa" free="5589168" total="7969792" percent="70" />
    <mem type="loa" free="418816" total="418816" percent="100" />
  </mem>
  <pending-finalizers system="1" default="0" reference="362" classloader="0" />
</mem-info>
<gc-op id="40" type="compact" timems="7.111" contextid="33" timestamp="2019-08-02T22:44:37.230">
  <compact-info movecount="34746" movebytes="2111160" reason="no compaction" />
</gc-op>
<gc-end id="41" type="global" contextid="33" durationms="10.028" usertimems="16.000" systemtimems="0.000" timestamp="2019-08-02T22:44:37.230" activeThreads="8">
  <mem-info id="42" free="6193520" total="8388608" percent="73">
    <mem type="tenure" free="6193520" total="8388608" percent="73">
      <mem type="soa" free="5774704" total="7969792" percent="72" />
      <mem type="loa" free="418816" total="418816" percent="100" />
    </mem>
    <pending-finalizers system="1" default="0" reference="362" classloader="0" />
  </mem-info>
</gc-end>
<cycle-end id="43" type="global" contextid="33" timestamp="2019-08-02T22:44:37.231" />
  <attribute name="elasticGC enabled" value="1" />
  <attribute name= "numThreadsSpecified" value="0" />
  <attribute name="heapSize specified" value="8388608" />
  <attribute name= "numCores" value="8" />
  <attribute name ="GC Interval" value="0" />
  <attribute name ="Control flow" value="3" />
  <attribute name="GC Util Range Max" value="122" />
  <attribute name="Current GC Util" value="31" />
  <attribute name= "Current Time Running" value="983" />
<allocation-satisfied id="44" threadId="0000000000C67A00" bytesRequested="7176" />
<af-end id="45" timestamp="2019-08-02T22:44:37.231" threadId="0000000000C68388" success="true" />
<exclusive-end id="46" timestamp="2019-08-02T22:44:37.231" durationms="13.092" />

<exclusive-start id="47" timestamp="2019-08-02T22:44:40.298" intervalms="3080.445">
  <response-info timems="0.025" idlems="0.025" threads="0" lastid="0000000000C67A00" lastname="main" />
</exclusive-start>
<af-start id="48" threadId="0000000000C68388" totalBytesRequested="88" timestamp="2019-08-02T22:44:40.298" intervalms="3080.398" />
<cycle-start id="49" type="global" contextid="0" timestamp="2019-08-02T22:44:40.299" intervalms="3078.324" />
<gc-start id="50" type="global" contextid="49" timestamp="2019-08-02T22:44:40.299">
  <mem-info id="51" free="418816" total="8388608" percent="4">
    <mem type="tenure" free="418816" total="8388608" percent="4">
      <mem type="soa" free="0" total="7969792" percent="0" />
      <mem type="loa" free="418816" total="418816" percent="100" />
    </mem>
  </mem-info>
</gc-start>
<allocation-stats totalBytes="5801968" >
  <allocated-bytes non-tlh="135664" tlh="5666304" />
  <largest-consumer threadName="main" threadId="0000000000C67A00" bytes="5793776" />
</allocation-stats>
<gc-op id="52" type="mark" timems="1.298" contextid="49" timestamp="2019-08-02T22:44:40.300">
  <trace-info objectcount="42368" scancount="34429" scanbytes="1147244" />
  <finalization candidates="65" enqueued="0" />
  <ownableSynchronizers candidates="17" cleared="0" />
  <references type="soft" candidates="629" cleared="0" enqueued="0" dynamicThreshold="23" maxThreshold="32" />
  <references type="weak" candidates="1873" cleared="37" enqueued="37" />
  <references type="phantom" candidates="98" cleared="3" enqueued="3" />
  <stringconstants candidates="5302" cleared="0"  />
</gc-op>
<gc-op id="53" type="sweep" timems="0.232" contextid="49" timestamp="2019-08-02T22:44:40.300" />
<gc-end id="54" type="global" contextid="49" durationms="2.220" usertimems="4.000" systemtimems="0.000" timestamp="2019-08-02T22:44:40.301" activeThreads="8">
  <mem-info id="55" free="5825680" total="8388608" percent="69">
    <mem type="tenure" free="5825680" total="8388608" percent="69" micro-fragmented="37003" macro-fragmented="0">
      <mem type="soa" free="5406864" total="7969792" percent="67" />
      <mem type="loa" free="418816" total="418816" percent="100" />
    </mem>
    <pending-finalizers system="0" default="0" reference="40" classloader="0" />
  </mem-info>
</gc-end>
<cycle-end id="56" type="global" contextid="49" timestamp="2019-08-02T22:44:40.301" />
  <attribute name="elasticGC enabled" value="1" />
  <attribute name= "numThreadsSpecified" value="0" />
  <attribute name="heapSize specified" value="8388608" />
  <attribute name= "numCores" value="8" />
  <attribute name ="GC Interval" value="0" />
  <attribute name ="Control flow" value="3" />
  <attribute name="GC Util Range Max" value="122" />
  <attribute name="Current GC Util" value="37" />
  <attribute name= "Current Time Running" value="4053" />
<allocation-satisfied id="57" threadId="0000000000C67A00" bytesRequested="88" />
<af-end id="58" timestamp="2019-08-02T22:44:40.301" threadId="0000000000C68388" success="true" />
<exclusive-end id="59" timestamp="2019-08-02T22:44:40.301" durationms="2.701" />

<exclusive-start id="60" timestamp="2019-08-02T22:44:40.439" intervalms="140.759">
  <response-info timems="0.064" idlems="0.064" threads="0" lastid="0000000000C67A00" lastname="main" />
</exclusive-start>
<af-start id="61" threadId="0000000000C68388" totalBytesRequested="200008" timestamp="2019-08-02T22:44:40.439" intervalms="140.802" />
<cycle-start id="62" type="global" contextid="0" timestamp="2019-08-02T22:44:40.439" intervalms="140.819" />
<gc-start id="63" type="global" contextid="62" timestamp="2019-08-02T22:44:40.439">
  <mem-info id="64" free="1559680" total="8388608" percent="18">
    <mem type="tenure" free="1559680" total="8388608" percent="18">
      <mem type="soa" free="1403016" total="7969792" percent="17" />
      <mem type="loa" free="156664" total="418816" percent="37" />
    </mem>
  </mem-info>
</gc-start>
<allocation-stats totalBytes="4203216" >
  <allocated-bytes non-tlh="1348552" tlh="2854664" />
  <largest-consumer threadName="main" threadId="0000000000C67A00" bytes="4148008" />
</allocation-stats>
<heap-resize id="65" type="loa expand" space="tenure" amount="83968" count="1" timems="0.000" reason="expand on failed allocate" timestamp="2019-08-02T22:44:40.440" />
<gc-op id="66" type="mark" timems="1.488" contextid="62" timestamp="2019-08-02T22:44:40.441">
  <trace-info objectcount="52873" scancount="43653" scanbytes="1480912" />
  <finalization candidates="80" enqueued="0" />
  <ownableSynchronizers candidates="21" cleared="0" />
  <references type="soft" candidates="968" cleared="0" enqueued="0" dynamicThreshold="22" maxThreshold="32" />
  <references type="weak" candidates="3413" cleared="456" enqueued="308" />
  <references type="phantom" candidates="105" cleared="4" enqueued="4" />
  <stringconstants candidates="6222" cleared="0"  />
</gc-op>
<gc-op id="67" type="sweep" timems="0.283" contextid="62" timestamp="2019-08-02T22:44:40.442" />
<mem-info id="68" free="4775640" total="8388608" percent="56">
  <mem type="tenure" free="4775640" total="8388608" percent="56" micro-fragmented="286474" macro-fragmented="0">
    <mem type="soa" free="4542304" total="7885824" percent="57" />
    <mem type="loa" free="233336" total="502784" percent="46" />
  </mem>
  <pending-finalizers system="0" default="0" reference="312" classloader="0" />
</mem-info>
<gc-op id="69" type="compact" timems="11.670" contextid="62" timestamp="2019-08-02T22:44:40.453">
  <compact-info movecount="52119" movebytes="3155128" reason="compact to meet allocation" />
</gc-op>
<gc-end id="70" type="global" contextid="62" durationms="14.232" usertimems="20.000" systemtimems="0.000" timestamp="2019-08-02T22:44:40.454" activeThreads="8">
  <mem-info id="71" free="5012392" total="8388608" percent="59">
    <mem type="tenure" free="5012392" total="8388608" percent="59">
      <mem type="soa" free="4509608" total="7885824" percent="57" />
      <mem type="loa" free="502784" total="502784" percent="100" />
    </mem>
    <pending-finalizers system="0" default="0" reference="312" classloader="0" />
  </mem-info>
</gc-end>
<cycle-end id="72" type="global" contextid="62" timestamp="2019-08-02T22:44:40.454" />
  <attribute name="elasticGC enabled" value="1" />
  <attribute name= "numThreadsSpecified" value="0" />
  <attribute name="heapSize specified" value="8388608" />
  <attribute name= "numCores" value="8" />
  <attribute name ="GC Interval" value="0" />
  <attribute name ="Control flow" value="2" />
  <attribute name="GC Util Range Max" value="122" />
  <attribute name="Current GC Util" value="26" />
  <attribute name= "Current Time Running" value="4206" />
<allocation-satisfied id="73" threadId="0000000000C67A00" bytesRequested="200008" />
<af-end id="74" timestamp="2019-08-02T22:44:40.454" threadId="0000000000C68388" success="true" />
<exclusive-end id="75" timestamp="2019-08-02T22:44:40.454" durationms="15.193" />

<exclusive-start id="76" timestamp="2019-08-02T22:44:40.588" intervalms="148.817">
  <response-info timems="0.028" idlems="0.028" threads="0" lastid="0000000000C67A00" lastname="main" />
</exclusive-start>
<af-start id="77" threadId="0000000000C68388" totalBytesRequested="88" timestamp="2019-08-02T22:44:40.588" intervalms="148.762" />
<cycle-start id="78" type="global" contextid="0" timestamp="2019-08-02T22:44:40.588" intervalms="148.735" />
<gc-start id="79" type="global" contextid="78" timestamp="2019-08-02T22:44:40.588">
  <mem-info id="80" free="502784" total="8388608" percent="5">
    <mem type="tenure" free="502784" total="8388608" percent="5">
      <mem type="soa" free="0" total="7885824" percent="0" />
      <mem type="loa" free="502784" total="502784" percent="100" />
    </mem>
  </mem-info>
</gc-start>
<allocation-stats totalBytes="4672368" >
  <allocated-bytes non-tlh="1287056" tlh="3385312" />
  <largest-consumer threadName="main" threadId="0000000000C67A00" bytes="4664176" />
</allocation-stats>
<gc-op id="81" type="mark" timems="2.438" contextid="78" timestamp="2019-08-02T22:44:40.591">
  <trace-info objectcount="60565" scancount="49804" scanbytes="1733960" />
  <finalization candidates="80" enqueued="0" />
  <ownableSynchronizers candidates="21" cleared="0" />
  <references type="soft" candidates="1022" cleared="0" enqueued="0" dynamicThreshold="19" maxThreshold="32" />
  <references type="weak" candidates="3044" cleared="3" enqueued="3" />
  <references type="phantom" candidates="101" cleared="0" enqueued="0" />
  <stringconstants candidates="6903" cleared="0"  />
</gc-op>
<gc-op id="82" type="classunload" timems="0.003" contextid="78" timestamp="2019-08-02T22:44:40.591">
  <classunload-info classloadercandidates="11" classloadersunloaded="0" classesunloaded="0" anonymousclassesunloaded="0" quiescems="0.000" setupms="0.003" scanms="0.000" postms="0.000" />
</gc-op>
<gc-op id="83" type="sweep" timems="0.220" contextid="78" timestamp="2019-08-02T22:44:40.591" />
<mem-info id="84" free="4227680" total="8388608" percent="50">
  <mem type="tenure" free="4227680" total="8388608" percent="50" micro-fragmented="55283" macro-fragmented="0">
    <mem type="soa" free="3724896" total="7885824" percent="47" />
    <mem type="loa" free="502784" total="502784" percent="100" />
  </mem>
  <pending-finalizers system="0" default="0" reference="3" classloader="0" />
</mem-info>
<gc-op id="85" type="compact" timems="6.824" contextid="78" timestamp="2019-08-02T22:44:40.598">
  <compact-info movecount="25090" movebytes="1947488" reason="no compaction" />
</gc-op>
<gc-end id="86" type="global" contextid="78" durationms="10.359" usertimems="12.000" systemtimems="0.000" timestamp="2019-08-02T22:44:40.599" activeThreads="8">
  <mem-info id="87" free="4324744" total="8388608" percent="51">
    <mem type="tenure" free="4324744" total="8388608" percent="51">
      <mem type="soa" free="3821960" total="7885824" percent="48" />
      <mem type="loa" free="502784" total="502784" percent="100" />
    </mem>
    <pending-finalizers system="0" default="0" reference="3" classloader="0" />
  </mem-info>
</gc-end>
<cycle-end id="88" type="global" contextid="78" timestamp="2019-08-02T22:44:40.599" />
  <attribute name="elasticGC enabled" value="1" />
  <attribute name= "numThreadsSpecified" value="0" />
  <attribute name="heapSize specified" value="8388608" />
  <attribute name= "numCores" value="8" />
  <attribute name ="GC Interval" value="0" />
  <attribute name ="Control flow" value="3" />
  <attribute name="GC Util Range Max" value="122" />
  <attribute name="Current GC Util" value="29" />
  <attribute name= "Current Time Running" value="4351" />
<allocation-satisfied id="89" threadId="0000000000C67A00" bytesRequested="88" />
<af-end id="90" timestamp="2019-08-02T22:44:40.599" threadId="0000000000C68388" success="true" />
<exclusive-end id="91" timestamp="2019-08-02T22:44:40.599" durationms="11.160" />

<exclusive-start id="92" timestamp="2019-08-02T22:44:40.696" intervalms="107.888">
  <response-info timems="0.027" idlems="0.027" threads="0" lastid="0000000000C67A00" lastname="main" />
</exclusive-start>
<af-start id="93" threadId="0000000000C68388" totalBytesRequested="88" timestamp="2019-08-02T22:44:40.696" intervalms="107.882" />
<cycle-start id="94" type="global" contextid="0" timestamp="2019-08-02T22:44:40.696" intervalms="107.880" />
<gc-start id="95" type="global" contextid="94" timestamp="2019-08-02T22:44:40.696">
  <mem-info id="96" free="502784" total="8388608" percent="5">
    <mem type="tenure" free="502784" total="8388608" percent="5">
      <mem type="soa" free="0" total="7885824" percent="0" />
      <mem type="loa" free="502784" total="502784" percent="100" />
    </mem>
  </mem-info>
</gc-start>
<allocation-stats totalBytes="3817240" >
  <allocated-bytes non-tlh="57248" tlh="3759992" />
  <largest-consumer threadName="main" threadId="0000000000C67A00" bytes="3817240" />
</allocation-stats>
<gc-op id="97" type="mark" timems="1.695" contextid="94" timestamp="2019-08-02T22:44:40.698">
  <trace-info objectcount="63861" scancount="52773" scanbytes="1839776" />
  <finalization candidates="80" enqueued="0" />
  <ownableSynchronizers candidates="21" cleared="0" />
  <references type="soft" candidates="1022" cleared="0" enqueued="0" dynamicThreshold="16" maxThreshold="32" />
  <references type="weak" candidates="3403" cleared="0" enqueued="0" />
  <references type="phantom" candidates="101" cleared="0" enqueued="0" />
  <stringconstants candidates="7244" cleared="0"  />
</gc-op>
<gc-op id="98" type="sweep" timems="0.226" contextid="94" timestamp="2019-08-02T22:44:40.698" />
<gc-end id="99" type="global" contextid="94" durationms="2.698" usertimems="8.000" systemtimems="0.000" timestamp="2019-08-02T22:44:40.699" activeThreads="8">
  <mem-info id="100" free="4179664" total="8388608" percent="49">
    <mem type="tenure" free="4179664" total="8388608" percent="49" micro-fragmented="43401" macro-fragmented="0">
      <mem type="soa" free="3676880" total="7885824" percent="46" />
      <mem type="loa" free="502784" total="502784" percent="100" />
    </mem>
  </mem-info>
</gc-end>
<cycle-end id="101" type="global" contextid="94" timestamp="2019-08-02T22:44:40.699" />
  <attribute name="elasticGC enabled" value="1" />
  <attribute name= "numThreadsSpecified" value="0" />
  <attribute name="heapSize specified" value="8388608" />
  <attribute name= "numCores" value="8" />
  <attribute name ="GC Interval" value="0" />
  <attribute name ="Control flow" value="3" />
  <attribute name="GC Util Range Max" value="122" />
  <attribute name="Current GC Util" value="36" />
  <attribute name= "Current Time Running" value="4451" />
<allocation-satisfied id="102" threadId="0000000000C67A00" bytesRequested="88" />
<af-end id="103" timestamp="2019-08-02T22:44:40.699" threadId="0000000000C68388" success="true" />
<exclusive-end id="104" timestamp="2019-08-02T22:44:40.699" durationms="3.252" />

<exclusive-start id="105" timestamp="2019-08-02T22:44:40.756" intervalms="59.915">
  <response-info timems="0.063" idlems="0.063" threads="0" lastid="0000000000C67A00" lastname="main" />
</exclusive-start>
<af-start id="106" threadId="0000000000C68388" totalBytesRequested="88" timestamp="2019-08-02T22:44:40.756" intervalms="60.000" />
<cycle-start id="107" type="global" contextid="0" timestamp="2019-08-02T22:44:40.756" intervalms="60.106" />
<gc-start id="108" type="global" contextid="107" timestamp="2019-08-02T22:44:40.756">
  <mem-info id="109" free="502784" total="8388608" percent="5">
    <mem type="tenure" free="502784" total="8388608" percent="5">
      <mem type="soa" free="0" total="7885824" percent="0" />
      <mem type="loa" free="502784" total="502784" percent="100" />
    </mem>
  </mem-info>
</gc-start>
<allocation-stats totalBytes="3658904" >
  <allocated-bytes non-tlh="541552" tlh="3117352" />
  <largest-consumer threadName="main" threadId="0000000000C67A00" bytes="3658904" />
</allocation-stats>
<gc-op id="110" type="mark" timems="2.082" contextid="107" timestamp="2019-08-02T22:44:40.759">
  <trace-info objectcount="68385" scancount="56728" scanbytes="1986920" />
  <finalization candidates="80" enqueued="0" />
  <ownableSynchronizers candidates="21" cleared="0" />
  <references type="soft" candidates="1022" cleared="0" enqueued="0" dynamicThreshold="15" maxThreshold="32" />
  <references type="weak" candidates="3571" cleared="0" enqueued="0" />
  <references type="phantom" candidates="101" cleared="0" enqueued="0" />
  <stringconstants candidates="7389" cleared="0"  />
</gc-op>
<gc-op id="111" type="sweep" timems="0.265" contextid="107" timestamp="2019-08-02T22:44:40.759" />
<mem-info id="112" free="3854360" total="8388608" percent="45">
  <mem type="tenure" free="3854360" total="8388608" percent="45" micro-fragmented="132881" macro-fragmented="0">
    <mem type="soa" free="3351576" total="7885824" percent="42" />
    <mem type="loa" free="502784" total="502784" percent="100" />
  </mem>
</mem-info>
<gc-op id="113" type="compact" timems="8.125" contextid="107" timestamp="2019-08-02T22:44:40.767">
  <compact-info movecount="34007" movebytes="2270336" reason="no compaction" />
</gc-op>
<gc-end id="114" type="global" contextid="107" durationms="11.325" usertimems="16.000" systemtimems="0.000" timestamp="2019-08-02T22:44:40.768" activeThreads="8">
  <mem-info id="115" free="4060576" total="8388608" percent="48">
    <mem type="tenure" free="4060576" total="8388608" percent="48">
      <mem type="soa" free="3557792" total="7885824" percent="45" />
      <mem type="loa" free="502784" total="502784" percent="100" />
    </mem>
  </mem-info>
</gc-end>
<cycle-end id="116" type="global" contextid="107" timestamp="2019-08-02T22:44:40.768" />
  <attribute name="elasticGC enabled" value="1" />
  <attribute name= "numThreadsSpecified" value="0" />
  <attribute name="heapSize specified" value="8388608" />
  <attribute name= "numCores" value="8" />
  <attribute name ="GC Interval" value="0" />
  <attribute name ="Control flow" value="2" />
  <attribute name="GC Util Range Max" value="122" />
  <attribute name="Current GC Util" value="31" />
  <attribute name= "Current Time Running" value="4520" />
<allocation-satisfied id="117" threadId="0000000000C67A00" bytesRequested="88" />
<af-end id="118" timestamp="2019-08-02T22:44:40.768" threadId="0000000000C68388" success="true" />
<exclusive-end id="119" timestamp="2019-08-02T22:44:40.768" durationms="12.440" />

<exclusive-start id="120" timestamp="2019-08-02T22:44:40.819" intervalms="63.692">
  <response-info timems="0.039" idlems="0.039" threads="0" lastid="0000000000C67A00" lastname="main" />
</exclusive-start>
<af-start id="121" threadId="0000000000C68388" totalBytesRequested="88" timestamp="2019-08-02T22:44:40.820" intervalms="63.662" />
<cycle-start id="122" type="global" contextid="0" timestamp="2019-08-02T22:44:40.820" intervalms="63.582" />
<gc-start id="123" type="global" contextid="122" timestamp="2019-08-02T22:44:40.820">
  <mem-info id="124" free="502784" total="8388608" percent="5">
    <mem type="tenure" free="502784" total="8388608" percent="5">
      <mem type="soa" free="0" total="7885824" percent="0" />
      <mem type="loa" free="502784" total="502784" percent="100" />
    </mem>
  </mem-info>
</gc-start>
<allocation-stats totalBytes="3556568" >
  <allocated-bytes non-tlh="20800" tlh="3535768" />
  <largest-consumer threadName="main" threadId="0000000000C67A00" bytes="3556568" />
</allocation-stats>
<gc-op id="125" type="mark" timems="2.572" contextid="122" timestamp="2019-08-02T22:44:40.822">
  <trace-info objectcount="73219" scancount="60975" scanbytes="2145512" />
  <finalization candidates="80" enqueued="0" />
  <ownableSynchronizers candidates="21" cleared="0" />
  <references type="soft" candidates="1022" cleared="0" enqueued="0" dynamicThreshold="15" maxThreshold="32" />
  <references type="weak" candidates="3721" cleared="0" enqueued="0" />
  <references type="phantom" candidates="101" cleared="0" enqueued="0" />
  <stringconstants candidates="7508" cleared="0"  />
</gc-op>
<gc-op id="126" type="sweep" timems="0.756" contextid="122" timestamp="2019-08-02T22:44:40.823" />
<mem-info id="127" free="3741808" total="8388608" percent="44">
  <mem type="tenure" free="3741808" total="8388608" percent="44" micro-fragmented="35853" macro-fragmented="0">
    <mem type="soa" free="3239024" total="7885824" percent="41" />
    <mem type="loa" free="502784" total="502784" percent="100" />
  </mem>
</mem-info>
<gc-op id="128" type="compact" timems="7.499" contextid="122" timestamp="2019-08-02T22:44:40.831">
  <compact-info movecount="19725" movebytes="810144" reason="no compaction" />
</gc-op>
<gc-end id="129" type="global" contextid="122" durationms="11.422" usertimems="24.000" systemtimems="0.000" timestamp="2019-08-02T22:44:40.831" activeThreads="8">
  <mem-info id="130" free="3876936" total="8388608" percent="46">
    <mem type="tenure" free="3876936" total="8388608" percent="46">
      <mem type="soa" free="3374152" total="7885824" percent="42" />
      <mem type="loa" free="502784" total="502784" percent="100" />
    </mem>
  </mem-info>
</gc-end>
<cycle-end id="131" type="global" contextid="122" timestamp="2019-08-02T22:44:40.831" />
  <attribute name="elasticGC enabled" value="1" />
  <attribute name= "numThreadsSpecified" value="0" />
  <attribute name="heapSize specified" value="8388608" />
  <attribute name= "numCores" value="8" />
  <attribute name ="GC Interval" value="0" />
  <attribute name ="Control flow" value="3" />
  <attribute name="GC Util Range Max" value="122" />
  <attribute name="Current GC Util" value="50" />
  <attribute name= "Current Time Running" value="4583" />
<allocation-satisfied id="132" threadId="0000000000C67A00" bytesRequested="88" />
<af-end id="133" timestamp="2019-08-02T22:44:40.832" threadId="0000000000C68388" success="true" />
<exclusive-end id="134" timestamp="2019-08-02T22:44:40.832" durationms="12.301" />

<exclusive-start id="135" timestamp="2019-08-02T22:44:40.881" intervalms="61.098">
  <response-info timems="0.068" idlems="0.068" threads="0" lastid="0000000000C67A00" lastname="main" />
</exclusive-start>
<af-start id="136" threadId="0000000000C68388" totalBytesRequested="16" timestamp="2019-08-02T22:44:40.881" intervalms="61.144" />
<cycle-start id="137" type="global" contextid="0" timestamp="2019-08-02T22:44:40.881" intervalms="61.195" />
<gc-start id="138" type="global" contextid="137" timestamp="2019-08-02T22:44:40.881">
  <mem-info id="139" free="502784" total="8388608" percent="5">
    <mem type="tenure" free="502784" total="8388608" percent="5">
      <mem type="soa" free="0" total="7885824" percent="0" />
      <mem type="loa" free="502784" total="502784" percent="100" />
    </mem>
  </mem-info>
</gc-start>
<allocation-stats totalBytes="3373056" >
  <allocated-bytes non-tlh="17664" tlh="3355392" />
  <largest-consumer threadName="main" threadId="0000000000C67A00" bytes="3373056" />
</allocation-stats>
<gc-op id="140" type="mark" timems="2.302" contextid="137" timestamp="2019-08-02T22:44:40.884">
  <trace-info objectcount="75338" scancount="62832" scanbytes="2195104" />
  <finalization candidates="80" enqueued="0" />
  <ownableSynchronizers candidates="21" cleared="0" />
  <references type="soft" candidates="1024" cleared="0" enqueued="0" dynamicThreshold="14" maxThreshold="32" />
  <references type="weak" candidates="3772" cleared="5" enqueued="5" />
  <references type="phantom" candidates="100" cleared="0" enqueued="0" />
  <stringconstants candidates="7641" cleared="0"  />
</gc-op>
<gc-op id="141" type="sweep" timems="0.303" contextid="137" timestamp="2019-08-02T22:44:40.884" />
<gc-end id="142" type="global" contextid="137" durationms="3.676" usertimems="12.000" systemtimems="0.000" timestamp="2019-08-02T22:44:40.885" activeThreads="8">
  <mem-info id="143" free="3721600" total="8388608" percent="44">
    <mem type="tenure" free="3721600" total="8388608" percent="44" micro-fragmented="143600" macro-fragmented="0">
      <mem type="soa" free="3218816" total="7885824" percent="40" />
      <mem type="loa" free="502784" total="502784" percent="100" />
    </mem>
    <pending-finalizers system="0" default="0" reference="5" classloader="0" />
  </mem-info>
</gc-end>
<cycle-end id="144" type="global" contextid="137" timestamp="2019-08-02T22:44:40.885" />
  <attribute name="elasticGC enabled" value="1" />
  <attribute name= "numThreadsSpecified" value="0" />
  <attribute name="heapSize specified" value="8388608" />
  <attribute name= "numCores" value="8" />
  <attribute name ="GC Interval" value="0" />
  <attribute name ="Control flow" value="2" />
  <attribute name="GC Util Range Max" value="122" />
  <attribute name="Current GC Util" value="33" />
  <attribute name= "Current Time Running" value="4636" />
<allocation-satisfied id="145" threadId="0000000000C67A00" bytesRequested="16" />
<af-end id="146" timestamp="2019-08-02T22:44:40.885" threadId="0000000000C68388" success="true" />
<exclusive-end id="147" timestamp="2019-08-02T22:44:40.885" durationms="4.611" />

<exclusive-start id="148" timestamp="2019-08-02T22:44:40.908" intervalms="27.431">
  <response-info timems="0.041" idlems="0.041" threads="0" lastid="0000000000C67A00" lastname="main" />
</exclusive-start>
<af-start id="149" threadId="0000000000C68388" totalBytesRequested="32776" timestamp="2019-08-02T22:44:40.908" intervalms="27.329" />
<cycle-start id="150" type="global" contextid="0" timestamp="2019-08-02T22:44:40.908" intervalms="27.352" />
<gc-start id="151" type="global" contextid="150" timestamp="2019-08-02T22:44:40.908">
  <mem-info id="152" free="1877056" total="8388608" percent="22">
    <mem type="tenure" free="1877056" total="8388608" percent="22">
      <mem type="soa" free="1639824" total="7885824" percent="20" />
      <mem type="loa" free="237232" total="502784" percent="47" />
    </mem>
  </mem-info>
</gc-start>
<allocation-stats totalBytes="1782640" >
  <allocated-bytes non-tlh="848064" tlh="934576" />
  <largest-consumer threadName="main" threadId="0000000000C67A00" bytes="1782640" />
</allocation-stats>
<gc-op id="153" type="mark" timems="2.439" contextid="150" timestamp="2019-08-02T22:44:40.911">
  <trace-info objectcount="62705" scancount="51463" scanbytes="1730036" />
  <finalization candidates="80" enqueued="0" />
  <ownableSynchronizers candidates="21" cleared="0" />
  <references type="soft" candidates="1095" cleared="0" enqueued="0" dynamicThreshold="14" maxThreshold="32" />
  <references type="weak" candidates="3775" cleared="1" enqueued="1" />
  <references type="phantom" candidates="101" cleared="0" enqueued="0" />
  <stringconstants candidates="7790" cleared="12"  />
</gc-op>
<gc-op id="154" type="sweep" timems="0.245" contextid="150" timestamp="2019-08-02T22:44:40.911" />
<gc-end id="155" type="global" contextid="150" durationms="3.632" usertimems="8.000" systemtimems="0.000" timestamp="2019-08-02T22:44:40.912" activeThreads="8">
  <mem-info id="156" free="4143648" total="8388608" percent="49">
    <mem type="tenure" free="4143648" total="8388608" percent="49" micro-fragmented="52068" macro-fragmented="0">
      <mem type="soa" free="3906416" total="7885824" percent="49" />
      <mem type="loa" free="237232" total="502784" percent="47" />
    </mem>
    <pending-finalizers system="0" default="0" reference="1" classloader="0" />
  </mem-info>
</gc-end>
<cycle-end id="157" type="global" contextid="150" timestamp="2019-08-02T22:44:40.912" />
  <attribute name="elasticGC enabled" value="1" />
  <attribute name= "numThreadsSpecified" value="0" />
  <attribute name="heapSize specified" value="8388608" />
  <attribute name= "numCores" value="8" />
  <attribute name ="GC Interval" value="0" />
  <attribute name ="Control flow" value="2" />
  <attribute name="GC Util Range Max" value="122" />
  <attribute name="Current GC Util" value="38" />
  <attribute name= "Current Time Running" value="4664" />
<allocation-satisfied id="158" threadId="0000000000C67A00" bytesRequested="32776" />
<af-end id="159" timestamp="2019-08-02T22:44:40.912" threadId="0000000000C68388" success="true" />
<exclusive-end id="160" timestamp="2019-08-02T22:44:40.912" durationms="4.341" />

<exclusive-start id="161" timestamp="2019-08-02T22:44:40.963" intervalms="55.163">
  <response-info timems="0.073" idlems="0.073" threads="0" lastid="0000000000C67A00" lastname="main" />
</exclusive-start>
<af-start id="162" threadId="0000000000C68388" totalBytesRequested="15368" timestamp="2019-08-02T22:44:40.963" intervalms="55.227" />
<cycle-start id="163" type="global" contextid="0" timestamp="2019-08-02T22:44:40.963" intervalms="55.158" />
<gc-start id="164" type="global" contextid="163" timestamp="2019-08-02T22:44:40.963">
  <mem-info id="165" free="237232" total="8388608" percent="2">
    <mem type="tenure" free="237232" total="8388608" percent="2">
      <mem type="soa" free="0" total="7885824" percent="0" />
      <mem type="loa" free="237232" total="502784" percent="47" />
    </mem>
  </mem-info>
</gc-start>
<allocation-stats totalBytes="3904368" >
  <allocated-bytes non-tlh="208512" tlh="3695856" />
  <largest-consumer threadName="main" threadId="0000000000C67A00" bytes="3898600" />
</allocation-stats>
<gc-op id="166" type="mark" timems="1.877" contextid="163" timestamp="2019-08-02T22:44:40.965">
  <trace-info objectcount="72505" scancount="60335" scanbytes="2143424" />
  <finalization candidates="80" enqueued="0" />
  <ownableSynchronizers candidates="21" cleared="0" />
  <references type="soft" candidates="1097" cleared="0" enqueued="0" dynamicThreshold="15" maxThreshold="32" />
  <references type="weak" candidates="3852" cleared="4" enqueued="4" />
  <references type="phantom" candidates="102" cleared="0" enqueued="0" />
  <stringconstants candidates="7846" cleared="0"  />
</gc-op>
<gc-op id="167" type="sweep" timems="0.257" contextid="163" timestamp="2019-08-02T22:44:40.966" />
<gc-end id="168" type="global" contextid="163" durationms="3.138" usertimems="8.000" systemtimems="0.000" timestamp="2019-08-02T22:44:40.967" activeThreads="8">
  <mem-info id="169" free="3468336" total="8388608" percent="41">
    <mem type="tenure" free="3468336" total="8388608" percent="41" micro-fragmented="246704" macro-fragmented="0">
      <mem type="soa" free="3231104" total="7885824" percent="40" />
      <mem type="loa" free="237232" total="502784" percent="47" />
    </mem>
    <pending-finalizers system="0" default="0" reference="4" classloader="0" />
  </mem-info>
</gc-end>
<cycle-end id="170" type="global" contextid="163" timestamp="2019-08-02T22:44:40.967" />
  <attribute name="elasticGC enabled" value="1" />
  <attribute name= "numThreadsSpecified" value="0" />
  <attribute name="heapSize specified" value="8388608" />
  <attribute name= "numCores" value="8" />
  <attribute name ="GC Interval" value="0" />
  <attribute name ="Control flow" value="2" />
  <attribute name="GC Util Range Max" value="122" />
  <attribute name="Current GC Util" value="26" />
  <attribute name= "Current Time Running" value="4718" />
<allocation-satisfied id="171" threadId="0000000000C67A00" bytesRequested="15368" />
<af-end id="172" timestamp="2019-08-02T22:44:40.967" threadId="0000000000C68388" success="true" />
<exclusive-end id="173" timestamp="2019-08-02T22:44:40.967" durationms="3.859" />

<exclusive-start id="174" timestamp="2019-08-02T22:44:40.990" intervalms="26.502">
  <response-info timems="0.151" idlems="0.151" threads="0" lastid="0000000000C67A00" lastname="main" />
</exclusive-start>
<af-start id="175" threadId="0000000000C68388" totalBytesRequested="32" timestamp="2019-08-02T22:44:40.990" intervalms="26.502" />
<cycle-start id="176" type="global" contextid="0" timestamp="2019-08-02T22:44:40.990" intervalms="26.509" />
<gc-start id="177" type="global" contextid="176" timestamp="2019-08-02T22:44:40.990">
  <mem-info id="178" free="237232" total="8388608" percent="2">
    <mem type="tenure" free="237232" total="8388608" percent="2">
      <mem type="soa" free="0" total="7885824" percent="0" />
      <mem type="loa" free="237232" total="502784" percent="47" />
    </mem>
  </mem-info>
</gc-start>
<allocation-stats totalBytes="3222768" >
  <allocated-bytes non-tlh="38816" tlh="3183952" />
  <largest-consumer threadName="main" threadId="0000000000C67A00" bytes="3222768" />
</allocation-stats>
<gc-op id="179" type="mark" timems="1.898" contextid="176" timestamp="2019-08-02T22:44:40.992">
  <trace-info objectcount="77300" scancount="64649" scanbytes="2306116" />
  <finalization candidates="80" enqueued="0" />
  <ownableSynchronizers candidates="21" cleared="0" />
  <references type="soft" candidates="1097" cleared="0" enqueued="0" dynamicThreshold="13" maxThreshold="32" />
  <references type="weak" candidates="3851" cleared="0" enqueued="0" />
  <references type="phantom" candidates="101" cleared="0" enqueued="0" />
  <stringconstants candidates="7847" cleared="0"  />
</gc-op>
<gc-op id="180" type="sweep" timems="0.289" contextid="176" timestamp="2019-08-02T22:44:40.993" />
<mem-info id="181" free="3115016" total="8388608" percent="37">
  <mem type="tenure" free="3115016" total="8388608" percent="37" micro-fragmented="413184" macro-fragmented="0">
    <mem type="soa" free="2877784" total="7885824" percent="36" />
    <mem type="loa" free="237232" total="502784" percent="47" />
  </mem>
</mem-info>
<gc-op id="182" type="compact" timems="12.488" contextid="176" timestamp="2019-08-02T22:44:41.005">
  <compact-info movecount="57601" movebytes="3231200" reason="no compaction" />
</gc-op>
<gc-end id="183" type="global" contextid="176" durationms="15.526" usertimems="24.000" systemtimems="0.000" timestamp="2019-08-02T22:44:41.006" activeThreads="8">
  <mem-info id="184" free="3562288" total="8388608" percent="42">
    <mem type="tenure" free="3562288" total="8388608" percent="42">
      <mem type="soa" free="3059504" total="7885824" percent="38" />
      <mem type="loa" free="502784" total="502784" percent="100" />
    </mem>
  </mem-info>
</gc-end>
<cycle-end id="185" type="global" contextid="176" timestamp="2019-08-02T22:44:41.006" />
  <attribute name="elasticGC enabled" value="1" />
  <attribute name= "numThreadsSpecified" value="0" />
  <attribute name="heapSize specified" value="8388608" />
  <attribute name= "numCores" value="8" />
  <attribute name ="GC Interval" value="0" />
  <attribute name ="Control flow" value="2" />
  <attribute name="GC Util Range Max" value="122" />
  <attribute name="Current GC Util" value="30" />
  <attribute name= "Current Time Running" value="4758" />
<allocation-satisfied id="186" threadId="0000000000C67A00" bytesRequested="32" />
<af-end id="187" timestamp="2019-08-02T22:44:41.006" threadId="0000000000C68388" success="true" />
<exclusive-end id="188" timestamp="2019-08-02T22:44:41.006" durationms="16.567" />

<exclusive-start id="189" timestamp="2019-08-02T22:44:41.032" intervalms="42.032">
  <response-info timems="0.081" idlems="0.081" threads="0" lastid="0000000000C67A00" lastname="main" />
</exclusive-start>
<af-start id="190" threadId="0000000000C68388" totalBytesRequested="40" timestamp="2019-08-02T22:44:41.032" intervalms="42.081" />
<cycle-start id="191" type="global" contextid="0" timestamp="2019-08-02T22:44:41.032" intervalms="42.132" />
<gc-start id="192" type="global" contextid="191" timestamp="2019-08-02T22:44:41.032">
  <mem-info id="193" free="502784" total="8388608" percent="5">
    <mem type="tenure" free="502784" total="8388608" percent="5">
      <mem type="soa" free="0" total="7885824" percent="0" />
      <mem type="loa" free="502784" total="502784" percent="100" />
    </mem>
  </mem-info>
</gc-start>
<allocation-stats totalBytes="3124608" >
  <allocated-bytes non-tlh="2048" tlh="3122560" />
  <largest-consumer threadName="main" threadId="0000000000C67A00" bytes="3124608" />
</allocation-stats>
<gc-op id="194" type="mark" timems="1.932" contextid="191" timestamp="2019-08-02T22:44:41.034">
  <trace-info objectcount="80248" scancount="67429" scanbytes="2343868" />
  <finalization candidates="80" enqueued="0" />
  <ownableSynchronizers candidates="21" cleared="0" />
  <references type="soft" candidates="1097" cleared="10" enqueued="10" dynamicThreshold="13" maxThreshold="32" />
  <references type="weak" candidates="3867" cleared="0" enqueued="0" />
  <references type="phantom" candidates="100" cleared="0" enqueued="0" />
  <stringconstants candidates="7861" cleared="0"  />
</gc-op>
<gc-op id="195" type="sweep" timems="0.343" contextid="191" timestamp="2019-08-02T22:44:41.035" />
<mem-info id="196" free="3480968" total="8388608" percent="41">
  <mem type="tenure" free="3480968" total="8388608" percent="41" micro-fragmented="264911" macro-fragmented="0">
    <mem type="soa" free="2978184" total="7885824" percent="37" />
    <mem type="loa" free="502784" total="502784" percent="100" />
  </mem>
  <pending-finalizers system="0" default="0" reference="10" classloader="0" />
</mem-info>
<gc-op id="197" type="compact" timems="16.030" contextid="191" timestamp="2019-08-02T22:44:41.051">
  <compact-info movecount="69387" movebytes="4111888" reason="no compaction" />
</gc-op>
<gc-end id="198" type="global" contextid="191" durationms="19.237" usertimems="36.000" systemtimems="0.000" timestamp="2019-08-02T22:44:41.051" activeThreads="8">
  <mem-info id="199" free="3735640" total="8388608" percent="44">
    <mem type="tenure" free="3735640" total="8388608" percent="44">
      <mem type="soa" free="3232856" total="7885824" percent="40" />
      <mem type="loa" free="502784" total="502784" percent="100" />
    </mem>
    <pending-finalizers system="0" default="0" reference="10" classloader="0" />
  </mem-info>
</gc-end>
<cycle-end id="200" type="global" contextid="191" timestamp="2019-08-02T22:44:41.052" />
  <attribute name="elasticGC enabled" value="1" />
  <attribute name= "numThreadsSpecified" value="0" />
  <attribute name="heapSize specified" value="8388608" />
  <attribute name= "numCores" value="8" />
  <attribute name ="GC Interval" value="0" />
  <attribute name ="Control flow" value="2" />
  <attribute name="GC Util Range Max" value="122" />
  <attribute name="Current GC Util" value="28" />
  <attribute name= "Current Time Running" value="4804" />
<allocation-satisfied id="201" threadId="0000000000C67A00" bytesRequested="40" />
<af-end id="202" timestamp="2019-08-02T22:44:41.052" threadId="0000000000C68388" success="true" />
<exclusive-end id="203" timestamp="2019-08-02T22:44:41.052" durationms="20.378" />

<exclusive-start id="204" timestamp="2019-08-02T22:44:41.116" intervalms="84.319">
  <response-info timems="0.026" idlems="0.026" threads="0" lastid="0000000000C67A00" lastname="main" />
</exclusive-start>
<af-start id="205" threadId="0000000000C68388" totalBytesRequested="16" timestamp="2019-08-02T22:44:41.116" intervalms="84.282" />
<cycle-start id="206" type="global" contextid="0" timestamp="2019-08-02T22:44:41.116" intervalms="84.281" />
<gc-start id="207" type="global" contextid="206" timestamp="2019-08-02T22:44:41.116">
  <mem-info id="208" free="502784" total="8388608" percent="5">
    <mem type="tenure" free="502784" total="8388608" percent="5">
      <mem type="soa" free="0" total="7885824" percent="0" />
      <mem type="loa" free="502784" total="502784" percent="100" />
    </mem>
  </mem-info>
</gc-start>
<allocation-stats totalBytes="3297552" >
  <allocated-bytes non-tlh="56776" tlh="3240776" />
  <largest-consumer threadName="main" threadId="0000000000C67A00" bytes="3297552" />
</allocation-stats>
<gc-op id="209" type="mark" timems="3.686" contextid="206" timestamp="2019-08-02T22:44:41.120">
  <trace-info objectcount="68628" scancount="56824" scanbytes="1912524" />
  <finalization candidates="80" enqueued="0" />
  <ownableSynchronizers candidates="21" cleared="0" />
  <references type="soft" candidates="1311" cleared="0" enqueued="0" dynamicThreshold="14" maxThreshold="32" />
  <references type="weak" candidates="4241" cleared="9" enqueued="8" />
  <references type="phantom" candidates="100" cleared="0" enqueued="0" />
  <stringconstants candidates="8295" cleared="12"  />
</gc-op>
<gc-op id="210" type="classunload" timems="0.003" contextid="206" timestamp="2019-08-02T22:44:41.120">
  <classunload-info classloadercandidates="14" classloadersunloaded="0" classesunloaded="0" anonymousclassesunloaded="0" quiescems="0.000" setupms="0.002" scanms="0.001" postms="0.000" />
</gc-op>
<gc-op id="211" type="sweep" timems="0.251" contextid="206" timestamp="2019-08-02T22:44:41.121" />
<mem-info id="212" free="4207456" total="8388608" percent="50">
  <mem type="tenure" free="4207456" total="8388608" percent="50" micro-fragmented="121437" macro-fragmented="0">
    <mem type="soa" free="3704672" total="7885824" percent="46" />
    <mem type="loa" free="502784" total="502784" percent="100" />
  </mem>
  <pending-finalizers system="0" default="0" reference="8" classloader="0" />
</mem-info>
<gc-op id="213" type="compact" timems="16.237" contextid="206" timestamp="2019-08-02T22:44:41.137">
  <compact-info movecount="57875" movebytes="3568520" reason="no compaction" />
</gc-op>
<gc-end id="214" type="global" contextid="206" durationms="21.112" usertimems="24.000" systemtimems="4.000" timestamp="2019-08-02T22:44:41.138" activeThreads="8">
  <mem-info id="215" free="4351336" total="8388608" percent="51">
    <mem type="tenure" free="4351336" total="8388608" percent="51">
      <mem type="soa" free="3848552" total="7885824" percent="48" />
      <mem type="loa" free="502784" total="502784" percent="100" />
    </mem>
    <pending-finalizers system="0" default="0" reference="8" classloader="0" />
  </mem-info>
</gc-end>
<cycle-end id="216" type="global" contextid="206" timestamp="2019-08-02T22:44:41.138" />
  <attribute name="elasticGC enabled" value="1" />
  <attribute name= "numThreadsSpecified" value="0" />
  <attribute name="heapSize specified" value="8388608" />
  <attribute name= "numCores" value="8" />
  <attribute name ="GC Interval" value="0" />
  <attribute name ="Control flow" value="2" />
  <attribute name="GC Util Range Max" value="122" />
  <attribute name="Current GC Util" value="41" />
  <attribute name= "Current Time Running" value="4890" />
<allocation-satisfied id="217" threadId="0000000000C67A00" bytesRequested="16" />
<af-end id="218" timestamp="2019-08-02T22:44:41.138" threadId="0000000000C68388" success="true" />
<exclusive-end id="219" timestamp="2019-08-02T22:44:41.138" durationms="22.068" />

<exclusive-start id="220" timestamp="2019-08-02T22:44:41.163" intervalms="46.913">
  <response-info timems="0.069" idlems="0.069" threads="0" lastid="0000000000C67A00" lastname="main" />
</exclusive-start>
<af-start id="221" threadId="0000000000C68388" totalBytesRequested="48" timestamp="2019-08-02T22:44:41.163" intervalms="46.930" />
<cycle-start id="222" type="global" contextid="0" timestamp="2019-08-02T22:44:41.163" intervalms="46.907" />
<gc-start id="223" type="global" contextid="222" timestamp="2019-08-02T22:44:41.163">
  <mem-info id="224" free="502784" total="8388608" percent="5">
    <mem type="tenure" free="502784" total="8388608" percent="5">
      <mem type="soa" free="0" total="7885824" percent="0" />
      <mem type="loa" free="502784" total="502784" percent="100" />
    </mem>
  </mem-info>
</gc-start>
<allocation-stats totalBytes="3847624" >
  <allocated-bytes non-tlh="200664" tlh="3646960" />
  <largest-consumer threadName="main" threadId="0000000000C67A00" bytes="3843528" />
</allocation-stats>
<gc-op id="225" type="mark" timems="1.783" contextid="222" timestamp="2019-08-02T22:44:41.165">
  <trace-info objectcount="77528" scancount="64893" scanbytes="2270312" />
  <finalization candidates="80" enqueued="0" />
  <ownableSynchronizers candidates="21" cleared="0" />
  <references type="soft" candidates="1311" cleared="0" enqueued="0" dynamicThreshold="16" maxThreshold="32" />
  <references type="weak" candidates="4233" cleared="0" enqueued="0" />
  <references type="phantom" candidates="101" cleared="0" enqueued="0" />
  <stringconstants candidates="8297" cleared="0"  />
</gc-op>
<gc-op id="226" type="sweep" timems="0.292" contextid="222" timestamp="2019-08-02T22:44:41.166" />
<gc-end id="227" type="global" contextid="222" durationms="3.155" usertimems="4.000" systemtimems="4.000" timestamp="2019-08-02T22:44:41.166" activeThreads="8">
  <mem-info id="228" free="3442880" total="8388608" percent="41">
    <mem type="tenure" free="3442880" total="8388608" percent="41" micro-fragmented="95792" macro-fragmented="0">
      <mem type="soa" free="2940096" total="7885824" percent="37" />
      <mem type="loa" free="502784" total="502784" percent="100" />
    </mem>
  </mem-info>
</gc-end>
<cycle-end id="229" type="global" contextid="222" timestamp="2019-08-02T22:44:41.167" />
  <attribute name="elasticGC enabled" value="1" />
  <attribute name= "numThreadsSpecified" value="0" />
  <attribute name="heapSize specified" value="8388608" />
  <attribute name= "numCores" value="8" />
  <attribute name ="GC Interval" value="0" />
  <attribute name ="Control flow" value="2" />
  <attribute name="GC Util Range Max" value="122" />
  <attribute name="Current GC Util" value="34" />
  <attribute name= "Current Time Running" value="4918" />
<allocation-satisfied id="230" threadId="0000000000C67A00" bytesRequested="48" />
<af-end id="231" timestamp="2019-08-02T22:44:41.167" threadId="0000000000C68388" success="true" />
<exclusive-end id="232" timestamp="2019-08-02T22:44:41.167" durationms="3.915" />

<exclusive-start id="233" timestamp="2019-08-02T22:44:41.173" intervalms="10.419">
  <response-info timems="0.079" idlems="0.079" threads="0" lastid="0000000000C67A00" lastname="main" />
</exclusive-start>
<af-start id="234" threadId="0000000000C68388" totalBytesRequested="23280" timestamp="2019-08-02T22:44:41.173" intervalms="10.363" />
<cycle-start id="235" type="global" contextid="0" timestamp="2019-08-02T22:44:41.174" intervalms="10.346" />
<gc-start id="236" type="global" contextid="235" timestamp="2019-08-02T22:44:41.174">
  <mem-info id="237" free="2453976" total="8388608" percent="29">
    <mem type="tenure" free="2453976" total="8388608" percent="29">
      <mem type="soa" free="1951192" total="7885824" percent="24" />
      <mem type="loa" free="502784" total="502784" percent="100" />
    </mem>
  </mem-info>
</gc-start>
<allocation-stats totalBytes="956416" >
  <allocated-bytes non-tlh="47984" tlh="908432" />
  <largest-consumer threadName="main" threadId="0000000000C67A00" bytes="956416" />
</allocation-stats>
<gc-op id="238" type="mark" timems="1.593" contextid="235" timestamp="2019-08-02T22:44:41.175">
  <trace-info objectcount="77514" scancount="65020" scanbytes="2275336" />
  <finalization candidates="80" enqueued="0" />
  <ownableSynchronizers candidates="21" cleared="0" />
  <references type="soft" candidates="1311" cleared="86" enqueued="81" dynamicThreshold="13" maxThreshold="32" />
  <references type="weak" candidates="4248" cleared="0" enqueued="0" />
  <references type="phantom" candidates="102" cleared="0" enqueued="0" />
  <stringconstants candidates="8309" cleared="0"  />
</gc-op>
<gc-op id="239" type="sweep" timems="0.252" contextid="235" timestamp="2019-08-02T22:44:41.176" />
<gc-end id="240" type="global" contextid="235" durationms="2.617" usertimems="4.000" systemtimems="0.000" timestamp="2019-08-02T22:44:41.176" activeThreads="8">
  <mem-info id="241" free="3331944" total="8388608" percent="39">
    <mem type="tenure" free="3331944" total="8388608" percent="39" micro-fragmented="203755" macro-fragmented="0">
      <mem type="soa" free="2829160" total="7885824" percent="35" />
      <mem type="loa" free="502784" total="502784" percent="100" />
    </mem>
    <pending-finalizers system="0" default="0" reference="81" classloader="0" />
  </mem-info>
</gc-end>
<cycle-end id="242" type="global" contextid="235" timestamp="2019-08-02T22:44:41.176" />
  <attribute name="elasticGC enabled" value="1" />
  <attribute name= "numThreadsSpecified" value="0" />
  <attribute name="heapSize specified" value="8388608" />
  <attribute name= "numCores" value="8" />
  <attribute name ="GC Interval" value="0" />
  <attribute name ="Control flow" value="2" />
  <attribute name="GC Util Range Max" value="122" />
  <attribute name="Current GC Util" value="36" />
  <attribute name= "Current Time Running" value="4928" />
<allocation-satisfied id="243" threadId="0000000000C67A00" bytesRequested="23280" />
<af-end id="244" timestamp="2019-08-02T22:44:41.177" threadId="0000000000C68388" success="true" />
<exclusive-end id="245" timestamp="2019-08-02T22:44:41.177" durationms="3.359" />

<exclusive-start id="246" timestamp="2019-08-02T22:44:41.190" intervalms="16.416">
  <response-info timems="0.083" idlems="0.083" threads="0" lastid="0000000000C67A00" lastname="main" />
</exclusive-start>
<af-start id="247" threadId="0000000000C68388" totalBytesRequested="16" timestamp="2019-08-02T22:44:41.190" intervalms="16.455" />
<cycle-start id="248" type="global" contextid="0" timestamp="2019-08-02T22:44:41.190" intervalms="16.478" />
<gc-start id="249" type="global" contextid="248" timestamp="2019-08-02T22:44:41.190">
  <mem-info id="250" free="502784" total="8388608" percent="5">
    <mem type="tenure" free="502784" total="8388608" percent="5">
      <mem type="soa" free="0" total="7885824" percent="0" />
      <mem type="loa" free="502784" total="502784" percent="100" />
    </mem>
  </mem-info>
</gc-start>
<allocation-stats totalBytes="2838504" >
  <allocated-bytes non-tlh="25736" tlh="2812768" />
  <largest-consumer threadName="main" threadId="0000000000C67A00" bytes="2837080" />
</allocation-stats>
<gc-op id="251" type="mark" timems="1.906" contextid="248" timestamp="2019-08-02T22:44:41.192">
  <trace-info objectcount="80223" scancount="67626" scanbytes="2338200" />
  <finalization candidates="80" enqueued="0" />
  <ownableSynchronizers candidates="21" cleared="0" />
  <references type="soft" candidates="1225" cleared="135" enqueued="131" dynamicThreshold="12" maxThreshold="32" />
  <references type="weak" candidates="4251" cleared="0" enqueued="0" />
  <references type="phantom" candidates="100" cleared="0" enqueued="0" />
  <stringconstants candidates="8311" cleared="14"  />
</gc-op>
<gc-op id="252" type="sweep" timems="0.325" contextid="248" timestamp="2019-08-02T22:44:41.193" />
<mem-info id="253" free="3221608" total="8388608" percent="38">
  <mem type="tenure" free="3221608" total="8388608" percent="38" micro-fragmented="293713" macro-fragmented="0">
    <mem type="soa" free="2718824" total="7885824" percent="34" />
    <mem type="loa" free="502784" total="502784" percent="100" />
  </mem>
  <pending-finalizers system="0" default="0" reference="131" classloader="0" />
</mem-info>
<gc-op id="254" type="compact" timems="16.066" contextid="248" timestamp="2019-08-02T22:44:41.209">
  <compact-info movecount="74292" movebytes="4289696" reason="no compaction" />
</gc-op>
<gc-end id="255" type="global" contextid="248" durationms="19.121" usertimems="28.000" systemtimems="0.000" timestamp="2019-08-02T22:44:41.209" activeThreads="8">
  <mem-info id="256" free="3749280" total="8388608" percent="44">
    <mem type="tenure" free="3749280" total="8388608" percent="44">
      <mem type="soa" free="3246496" total="7885824" percent="41" />
      <mem type="loa" free="502784" total="502784" percent="100" />
    </mem>
    <pending-finalizers system="0" default="0" reference="131" classloader="0" />
  </mem-info>
</gc-end>
<cycle-end id="257" type="global" contextid="248" timestamp="2019-08-02T22:44:41.209" />
  <attribute name="elasticGC enabled" value="1" />
  <attribute name= "numThreadsSpecified" value="0" />
  <attribute name="heapSize specified" value="8388608" />
  <attribute name= "numCores" value="8" />
  <attribute name ="GC Interval" value="0" />
  <attribute name ="Control flow" value="2" />
  <attribute name="GC Util Range Max" value="122" />
  <attribute name="Current GC Util" value="28" />
  <attribute name= "Current Time Running" value="4962" />
<allocation-satisfied id="258" threadId="0000000000C67A00" bytesRequested="16" />
<af-end id="259" timestamp="2019-08-02T22:44:41.210" threadId="0000000000C68388" success="true" />
<exclusive-end id="260" timestamp="2019-08-02T22:44:41.210" durationms="20.056" />

<exclusive-start id="261" timestamp="2019-08-02T22:44:41.236" intervalms="45.799">
  <response-info timems="0.027" idlems="0.027" threads="0" lastid="0000000000C67A00" lastname="main" />
</exclusive-start>
<af-start id="262" threadId="0000000000C68388" totalBytesRequested="88" timestamp="2019-08-02T22:44:41.236" intervalms="45.777" />
<cycle-start id="263" type="global" contextid="0" timestamp="2019-08-02T22:44:41.236" intervalms="45.772" />
<gc-start id="264" type="global" contextid="263" timestamp="2019-08-02T22:44:41.236">
  <mem-info id="265" free="502784" total="8388608" percent="5">
    <mem type="tenure" free="502784" total="8388608" percent="5">
      <mem type="soa" free="0" total="7885824" percent="0" />
      <mem type="loa" free="502784" total="502784" percent="100" />
    </mem>
  </mem-info>
</gc-start>
<allocation-stats totalBytes="3310232" >
  <allocated-bytes non-tlh="214168" tlh="3096064" />
  <largest-consumer threadName="main" threadId="0000000000C67A00" bytes="3302040" />
</allocation-stats>
<gc-op id="266" type="mark" timems="1.549" contextid="263" timestamp="2019-08-02T22:44:41.238">
  <trace-info objectcount="67394" scancount="55761" scanbytes="1869316" />
  <finalization candidates="80" enqueued="0" />
  <ownableSynchronizers candidates="21" cleared="0" />
  <references type="soft" candidates="1092" cleared="0" enqueued="0" dynamicThreshold="14" maxThreshold="32" />
  <references type="weak" candidates="4261" cleared="1" enqueued="1" />
  <references type="phantom" candidates="100" cleared="0" enqueued="0" />
  <stringconstants candidates="8451" cleared="28"  />
</gc-op>
<gc-op id="267" type="sweep" timems="0.197" contextid="263" timestamp="2019-08-02T22:44:41.238" />
<gc-end id="268" type="global" contextid="263" durationms="2.603" usertimems="8.000" systemtimems="0.000" timestamp="2019-08-02T22:44:41.239" activeThreads="8">
  <mem-info id="269" free="4361952" total="8388608" percent="51">
    <mem type="tenure" free="4361952" total="8388608" percent="51" micro-fragmented="52821" macro-fragmented="0">
      <mem type="soa" free="3859168" total="7885824" percent="48" />
      <mem type="loa" free="502784" total="502784" percent="100" />
    </mem>
    <pending-finalizers system="0" default="0" reference="1" classloader="0" />
  </mem-info>
</gc-end>
<cycle-end id="270" type="global" contextid="263" timestamp="2019-08-02T22:44:41.239" />
  <attribute name="elasticGC enabled" value="1" />
  <attribute name= "numThreadsSpecified" value="0" />
  <attribute name="heapSize specified" value="8388608" />
  <attribute name= "numCores" value="8" />
  <attribute name ="GC Interval" value="0" />
  <attribute name ="Control flow" value="2" />
  <attribute name="GC Util Range Max" value="122" />
  <attribute name="Current GC Util" value="48" />
  <attribute name= "Current Time Running" value="4990" />
<allocation-satisfied id="271" threadId="0000000000C67A00" bytesRequested="88" />
<af-end id="272" timestamp="2019-08-02T22:44:41.239" threadId="0000000000C68388" success="true" />
<exclusive-end id="273" timestamp="2019-08-02T22:44:41.239" durationms="3.334" />

<exclusive-start id="274" timestamp="2019-08-02T22:44:41.298" intervalms="62.250">
  <response-info timems="0.025" idlems="0.025" threads="0" lastid="0000000000C67A00" lastname="main" />
</exclusive-start>
<sys-start reason="explicit" id="275" timestamp="2019-08-02T22:44:41.298" intervalms="6729.910" />
<cycle-start id="276" type="global" contextid="0" timestamp="2019-08-02T22:44:41.298" intervalms="62.248" />
<gc-start id="277" type="global" contextid="276" timestamp="2019-08-02T22:44:41.298">
  <mem-info id="278" free="2548744" total="8388608" percent="30">
    <mem type="tenure" free="2548744" total="8388608" percent="30">
      <mem type="soa" free="2045960" total="7885824" percent="25" />
      <mem type="loa" free="502784" total="502784" percent="100" />
    </mem>
  </mem-info>
</gc-start>
<allocation-stats totalBytes="1811672" >
  <allocated-bytes non-tlh="223928" tlh="1587744" />
  <largest-consumer threadName="main" threadId="0000000000C67A00" bytes="1810608" />
</allocation-stats>
<gc-op id="279" type="mark" timems="3.045" contextid="276" timestamp="2019-08-02T22:44:41.301">
  <trace-info objectcount="72346" scancount="60422" scanbytes="2036400" />
  <finalization candidates="80" enqueued="0" />
  <ownableSynchronizers candidates="21" cleared="0" />
  <references type="soft" candidates="1426" cleared="1" enqueued="1" dynamicThreshold="16" maxThreshold="32" />
  <references type="weak" candidates="4540" cleared="33" enqueued="31" />
  <references type="phantom" candidates="103" cleared="3" enqueued="3" />
  <stringconstants candidates="8659" cleared="15"  />
</gc-op>
<gc-op id="280" type="classunload" timems="0.361" contextid="276" timestamp="2019-08-02T22:44:41.302">
  <classunload-info classloadercandidates="17" classloadersunloaded="1" classesunloaded="1" anonymousclassesunloaded="0" quiescems="0.000" setupms="0.353" scanms="0.006" postms="0.002" />
</gc-op>
<gc-op id="281" type="sweep" timems="0.296" contextid="276" timestamp="2019-08-02T22:44:41.302" />
<mem-info id="282" free="4076888" total="8388608" percent="48">
  <mem type="tenure" free="4076888" total="8388608" percent="48" micro-fragmented="130246" macro-fragmented="0">
    <mem type="soa" free="3574104" total="7885824" percent="45" />
    <mem type="loa" free="502784" total="502784" percent="100" />
  </mem>
  <pending-finalizers system="0" default="0" reference="35" classloader="0" />
</mem-info>
<gc-op id="283" type="compact" timems="16.572" contextid="276" timestamp="2019-08-02T22:44:41.319">
  <compact-info movecount="70577" movebytes="4058704" reason="compact on aggressive collection" />
</gc-op>
<gc-end id="284" type="global" contextid="276" durationms="21.309" usertimems="28.000" systemtimems="0.000" timestamp="2019-08-02T22:44:41.319" activeThreads="8">
  <mem-info id="285" free="4216904" total="8388608" percent="50">
    <mem type="tenure" free="4216904" total="8388608" percent="50">
      <mem type="soa" free="3714120" total="7885824" percent="47" />
      <mem type="loa" free="502784" total="502784" percent="100" />
    </mem>
    <pending-finalizers system="0" default="0" reference="35" classloader="0" />
  </mem-info>
</gc-end>
<cycle-end id="286" type="global" contextid="276" timestamp="2019-08-02T22:44:41.320" />
  <attribute name="elasticGC enabled" value="1" />
  <attribute name= "numThreadsSpecified" value="0" />
  <attribute name="heapSize specified" value="8388608" />
  <attribute name= "numCores" value="8" />
  <attribute name ="GC Interval" value="0" />
  <attribute name ="Control flow" value="2" />
  <attribute name="GC Util Range Max" value="122" />
  <attribute name="Current GC Util" value="27" />
  <attribute name= "Current Time Running" value="5072" />
<sys-end id="287" timestamp="2019-08-02T22:44:41.320" />
<exclusive-end id="288" timestamp="2019-08-02T22:44:41.320" durationms="22.155" />

<exclusive-start id="289" timestamp="2019-08-02T22:44:41.421" intervalms="123.129">
  <response-info timems="0.231" idlems="0.231" threads="0" lastid="0000000000C67A00" lastname="main" />
</exclusive-start>
<af-start id="290" threadId="0000000000C68388" totalBytesRequested="24" timestamp="2019-08-02T22:44:41.421" intervalms="185.467" />
<cycle-start id="291" type="global" contextid="0" timestamp="2019-08-02T22:44:41.421" intervalms="123.236" />
<gc-start id="292" type="global" contextid="291" timestamp="2019-08-02T22:44:41.421">
  <mem-info id="293" free="502784" total="8388608" percent="5">
    <mem type="tenure" free="502784" total="8388608" percent="5">
      <mem type="soa" free="0" total="7885824" percent="0" />
      <mem type="loa" free="502784" total="502784" percent="100" />
    </mem>
  </mem-info>
</gc-start>
<allocation-stats totalBytes="3713704" >
  <allocated-bytes non-tlh="463896" tlh="3249808" />
  <largest-consumer threadName="main" threadId="0000000000C67A00" bytes="3709608" />
</allocation-stats>
<gc-op id="294" type="mark" timems="1.827" contextid="291" timestamp="2019-08-02T22:44:41.424">
  <trace-info objectcount="72756" scancount="60812" scanbytes="2084368" />
  <finalization candidates="80" enqueued="0" />
  <ownableSynchronizers candidates="21" cleared="0" />
  <references type="soft" candidates="1460" cleared="0" enqueued="0" dynamicThreshold="16" maxThreshold="32" />
  <references type="weak" candidates="4524" cleared="7" enqueued="7" />
  <references type="phantom" candidates="105" cleared="5" enqueued="5" />
  <stringconstants candidates="8676" cleared="12"  />
</gc-op>
<gc-op id="295" type="sweep" timems="0.263" contextid="291" timestamp="2019-08-02T22:44:41.424" />
<gc-end id="296" type="global" contextid="291" durationms="3.054" usertimems="8.000" systemtimems="0.000" timestamp="2019-08-02T22:44:41.425" activeThreads="8">
  <mem-info id="297" free="4138688" total="8388608" percent="49">
    <mem type="tenure" free="4138688" total="8388608" percent="49" micro-fragmented="512" macro-fragmented="0">
      <mem type="soa" free="3635904" total="7885824" percent="46" />
      <mem type="loa" free="502784" total="502784" percent="100" />
    </mem>
    <pending-finalizers system="0" default="0" reference="12" classloader="0" />
  </mem-info>
</gc-end>
<cycle-end id="298" type="global" contextid="291" timestamp="2019-08-02T22:44:41.425" />
  <attribute name="elasticGC enabled" value="1" />
  <attribute name= "numThreadsSpecified" value="0" />
  <attribute name="heapSize specified" value="8388608" />
  <attribute name= "numCores" value="8" />
  <attribute name ="GC Interval" value="0" />
  <attribute name ="Control flow" value="2" />
  <attribute name="GC Util Range Max" value="122" />
  <attribute name="Current GC Util" value="45" />
  <attribute name= "Current Time Running" value="5176" />
<allocation-satisfied id="299" threadId="0000000000C67A00" bytesRequested="24" />
<af-end id="300" timestamp="2019-08-02T22:44:41.425" threadId="0000000000C68388" success="true" />
<exclusive-end id="301" timestamp="2019-08-02T22:44:41.425" durationms="4.151" />

<exclusive-start id="302" timestamp="2019-08-02T22:44:41.503" intervalms="82.313">
  <response-info timems="0.071" idlems="0.071" threads="0" lastid="0000000000C67A00" lastname="main" />
</exclusive-start>
<af-start id="303" threadId="0000000000C68388" totalBytesRequested="24" timestamp="2019-08-02T22:44:41.503" intervalms="82.316" />
<cycle-start id="304" type="global" contextid="0" timestamp="2019-08-02T22:44:41.504" intervalms="82.335" />
<gc-start id="305" type="global" contextid="304" timestamp="2019-08-02T22:44:41.504">
  <mem-info id="306" free="502784" total="8388608" percent="5">
    <mem type="tenure" free="502784" total="8388608" percent="5">
      <mem type="soa" free="0" total="7885824" percent="0" />
      <mem type="loa" free="502784" total="502784" percent="100" />
    </mem>
  </mem-info>
</gc-start>
<allocation-stats totalBytes="3643488" >
  <allocated-bytes non-tlh="0" tlh="3643488" />
  <largest-consumer threadName="main" threadId="0000000000C67A00" bytes="3639392" />
</allocation-stats>
<gc-op id="307" type="mark" timems="1.985" contextid="304" timestamp="2019-08-02T22:44:41.506">
  <trace-info objectcount="72735" scancount="60798" scanbytes="2083760" />
  <finalization candidates="80" enqueued="0" />
  <ownableSynchronizers candidates="21" cleared="0" />
  <references type="soft" candidates="1460" cleared="0" enqueued="0" dynamicThreshold="15" maxThreshold="32" />
  <references type="weak" candidates="4516" cleared="0" enqueued="0" />
  <references type="phantom" candidates="100" cleared="0" enqueued="0" />
  <stringconstants candidates="8664" cleared="0"  />
</gc-op>
<gc-op id="308" type="sweep" timems="0.229" contextid="304" timestamp="2019-08-02T22:44:41.506" />
<mem-info id="309" free="4147872" total="8388608" percent="49">
  <mem type="tenure" free="4147872" total="8388608" percent="49" micro-fragmented="8196" macro-fragmented="0">
    <mem type="soa" free="3645088" total="7885824" percent="46" />
    <mem type="loa" free="502784" total="502784" percent="100" />
  </mem>
</mem-info>
<gc-op id="310" type="compact" timems="15.539" contextid="304" timestamp="2019-08-02T22:44:41.522">
  <compact-info movecount="56876" movebytes="3514696" reason="no compaction" />
</gc-op>
<gc-end id="311" type="global" contextid="304" durationms="18.741" usertimems="28.000" systemtimems="0.000" timestamp="2019-08-02T22:44:41.523" activeThreads="8">
  <mem-info id="312" free="4104096" total="8388608" percent="48">
    <mem type="tenure" free="4104096" total="8388608" percent="48">
      <mem type="soa" free="3601312" total="7885824" percent="45" />
      <mem type="loa" free="502784" total="502784" percent="100" />
    </mem>
  </mem-info>
</gc-end>
<cycle-end id="313" type="global" contextid="304" timestamp="2019-08-02T22:44:41.523" />
  <attribute name="elasticGC enabled" value="1" />
  <attribute name= "numThreadsSpecified" value="0" />
  <attribute name="heapSize specified" value="8388608" />
  <attribute name= "numCores" value="8" />
  <attribute name ="GC Interval" value="0" />
  <attribute name ="Control flow" value="3" />
  <attribute name="GC Util Range Max" value="122" />
  <attribute name="Current GC Util" value="26" />
  <attribute name= "Current Time Running" value="5275" />
<allocation-satisfied id="314" threadId="0000000000C67A00" bytesRequested="24" />
<af-end id="315" timestamp="2019-08-02T22:44:41.523" threadId="0000000000C68388" success="true" />
<exclusive-end id="316" timestamp="2019-08-02T22:44:41.523" durationms="19.957" />

<exclusive-start id="317" timestamp="2019-08-02T22:44:41.598" intervalms="94.825">
  <response-info timems="0.250" idlems="0.250" threads="0" lastid="0000000000C67A00" lastname="main" />
</exclusive-start>
<af-start id="318" threadId="0000000000C68388" totalBytesRequested="24" timestamp="2019-08-02T22:44:41.598" intervalms="94.761" />
<cycle-start id="319" type="global" contextid="0" timestamp="2019-08-02T22:44:41.598" intervalms="94.722" />
<gc-start id="320" type="global" contextid="319" timestamp="2019-08-02T22:44:41.599">
  <mem-info id="321" free="502784" total="8388608" percent="5">
    <mem type="tenure" free="502784" total="8388608" percent="5">
      <mem type="soa" free="0" total="7885824" percent="0" />
      <mem type="loa" free="502784" total="502784" percent="100" />
    </mem>
  </mem-info>
</gc-start>
<allocation-stats totalBytes="3666552" >
  <allocated-bytes non-tlh="0" tlh="3666552" />
  <largest-consumer threadName="main" threadId="0000000000C67A00" bytes="3666552" />
</allocation-stats>
<gc-op id="322" type="mark" timems="1.726" contextid="319" timestamp="2019-08-02T22:44:41.601">
  <trace-info objectcount="72734" scancount="60795" scanbytes="2083736" />
  <finalization candidates="80" enqueued="0" />
  <ownableSynchronizers candidates="21" cleared="0" />
  <references type="soft" candidates="1460" cleared="0" enqueued="0" dynamicThreshold="15" maxThreshold="32" />
  <references type="weak" candidates="4516" cleared="0" enqueued="0" />
  <references type="phantom" candidates="100" cleared="0" enqueued="0" />
  <stringconstants candidates="8664" cleared="0"  />
</gc-op>
<gc-op id="323" type="sweep" timems="0.211" contextid="319" timestamp="2019-08-02T22:44:41.601" />
<mem-info id="324" free="4169496" total="8388608" percent="49">
  <mem type="tenure" free="4169496" total="8388608" percent="49" micro-fragmented="0" macro-fragmented="0">
    <mem type="soa" free="3666712" total="7885824" percent="46" />
    <mem type="loa" free="502784" total="502784" percent="100" />
  </mem>
</mem-info>
<gc-op id="325" type="compact" timems="3.526" contextid="319" timestamp="2019-08-02T22:44:41.605">
  <compact-info movecount="8" movebytes="32960" reason="no compaction" />
</gc-op>
<gc-end id="326" type="global" contextid="319" durationms="6.372" usertimems="4.000" systemtimems="4.000" timestamp="2019-08-02T22:44:41.605" activeThreads="8">
  <mem-info id="327" free="4104120" total="8388608" percent="48">
    <mem type="tenure" free="4104120" total="8388608" percent="48">
      <mem type="soa" free="3601336" total="7885824" percent="45" />
      <mem type="loa" free="502784" total="502784" percent="100" />
    </mem>
  </mem-info>
</gc-end>
<cycle-end id="328" type="global" contextid="319" timestamp="2019-08-02T22:44:41.605" />
  <attribute name="elasticGC enabled" value="1" />
  <attribute name= "numThreadsSpecified" value="0" />
  <attribute name="heapSize specified" value="8388608" />
  <attribute name= "numCores" value="8" />
  <attribute name ="GC Interval" value="0" />
  <attribute name ="Control flow" value="3" />
  <attribute name="GC Util Range Max" value="122" />
  <attribute name="Current GC Util" value="47" />
  <attribute name= "Current Time Running" value="5357" />
<allocation-satisfied id="329" threadId="0000000000C67A00" bytesRequested="24" />
<af-end id="330" timestamp="2019-08-02T22:44:41.605" threadId="0000000000C68388" success="true" />
<exclusive-end id="331" timestamp="2019-08-02T22:44:41.605" durationms="7.378" />

<exclusive-start id="332" timestamp="2019-08-02T22:44:41.683" intervalms="85.110">
  <response-info timems="0.103" idlems="0.103" threads="0" lastid="0000000000C67A00" lastname="main" />
</exclusive-start>
<af-start id="333" threadId="0000000000C68388" totalBytesRequested="24" timestamp="2019-08-02T22:44:41.683" intervalms="85.126" />
<cycle-start id="334" type="global" contextid="0" timestamp="2019-08-02T22:44:41.683" intervalms="85.123" />
<gc-start id="335" type="global" contextid="334" timestamp="2019-08-02T22:44:41.684">
  <mem-info id="336" free="502784" total="8388608" percent="5">
    <mem type="tenure" free="502784" total="8388608" percent="5">
      <mem type="soa" free="0" total="7885824" percent="0" />
      <mem type="loa" free="502784" total="502784" percent="100" />
    </mem>
  </mem-info>
</gc-start>
<allocation-stats totalBytes="3666560" >
  <allocated-bytes non-tlh="0" tlh="3666560" />
  <largest-consumer threadName="main" threadId="0000000000C67A00" bytes="3666560" />
</allocation-stats>
<gc-op id="337" type="mark" timems="1.627" contextid="334" timestamp="2019-08-02T22:44:41.686">
  <trace-info objectcount="72734" scancount="60805" scanbytes="2083736" />
  <finalization candidates="80" enqueued="0" />
  <ownableSynchronizers candidates="21" cleared="0" />
  <references type="soft" candidates="1460" cleared="0" enqueued="0" dynamicThreshold="15" maxThreshold="32" />
  <references type="weak" candidates="4516" cleared="0" enqueued="0" />
  <references type="phantom" candidates="100" cleared="0" enqueued="0" />
  <stringconstants candidates="8664" cleared="0"  />
</gc-op>
<gc-op id="338" type="sweep" timems="0.214" contextid="334" timestamp="2019-08-02T22:44:41.686" />
<gc-end id="339" type="global" contextid="334" durationms="2.757" usertimems="4.000" systemtimems="4.000" timestamp="2019-08-02T22:44:41.686" activeThreads="8">
  <mem-info id="340" free="4103944" total="8388608" percent="48">
    <mem type="tenure" free="4103944" total="8388608" percent="48" micro-fragmented="0" macro-fragmented="0">
      <mem type="soa" free="3601160" total="7885824" percent="45" />
      <mem type="loa" free="502784" total="502784" percent="100" />
    </mem>
  </mem-info>
</gc-end>
<cycle-end id="341" type="global" contextid="334" timestamp="2019-08-02T22:44:41.686" />
  <attribute name="elasticGC enabled" value="1" />
  <attribute name= "numThreadsSpecified" value="0" />
  <attribute name="heapSize specified" value="8388608" />
  <attribute name= "numCores" value="8" />
  <attribute name ="GC Interval" value="0" />
  <attribute name ="Control flow" value="2" />
  <attribute name="GC Util Range Max" value="122" />
  <attribute name="Current GC Util" value="56" />
  <attribute name= "Current Time Running" value="5438" />
<allocation-satisfied id="342" threadId="0000000000C67A00" bytesRequested="24" />
<af-end id="343" timestamp="2019-08-02T22:44:41.687" threadId="0000000000C68388" success="true" />
<exclusive-end id="344" timestamp="2019-08-02T22:44:41.687" durationms="3.639" />

<exclusive-start id="345" timestamp="2019-08-02T22:44:41.732" intervalms="49.215">
  <response-info timems="0.092" idlems="0.092" threads="0" lastid="0000000000C67A00" lastname="main" />
</exclusive-start>
<af-start id="346" threadId="0000000000C68388" totalBytesRequested="24" timestamp="2019-08-02T22:44:41.733" intervalms="49.211" />
<cycle-start id="347" type="global" contextid="0" timestamp="2019-08-02T22:44:41.733" intervalms="49.249" />
<gc-start id="348" type="global" contextid="347" timestamp="2019-08-02T22:44:41.733">
  <mem-info id="349" free="502784" total="8388608" percent="5">
    <mem type="tenure" free="502784" total="8388608" percent="5">
      <mem type="soa" free="0" total="7885824" percent="0" />
      <mem type="loa" free="502784" total="502784" percent="100" />
    </mem>
  </mem-info>
</gc-start>
<allocation-stats totalBytes="3666464" >
  <allocated-bytes non-tlh="0" tlh="3666464" />
  <largest-consumer threadName="main" threadId="0000000000C67A00" bytes="3666464" />
</allocation-stats>
<gc-op id="350" type="mark" timems="2.275" contextid="347" timestamp="2019-08-02T22:44:41.735">
  <trace-info objectcount="72732" scancount="60794" scanbytes="2083640" />
  <finalization candidates="80" enqueued="0" />
  <ownableSynchronizers candidates="21" cleared="0" />
  <references type="soft" candidates="1460" cleared="2" enqueued="2" dynamicThreshold="15" maxThreshold="32" />
  <references type="weak" candidates="4516" cleared="0" enqueued="0" />
  <references type="phantom" candidates="100" cleared="0" enqueued="0" />
  <stringconstants candidates="8664" cleared="0"  />
</gc-op>
<gc-op id="351" type="sweep" timems="0.217" contextid="347" timestamp="2019-08-02T22:44:41.736" />
<gc-end id="352" type="global" contextid="347" durationms="3.185" usertimems="8.000" systemtimems="0.000" timestamp="2019-08-02T22:44:41.736" activeThreads="8">
  <mem-info id="353" free="4103544" total="8388608" percent="48">
    <mem type="tenure" free="4103544" total="8388608" percent="48" micro-fragmented="0" macro-fragmented="0">
      <mem type="soa" free="3600760" total="7885824" percent="45" />
      <mem type="loa" free="502784" total="502784" percent="100" />
    </mem>
    <pending-finalizers system="0" default="0" reference="2" classloader="0" />
  </mem-info>
</gc-end>
<cycle-end id="354" type="global" contextid="347" timestamp="2019-08-02T22:44:41.736" />
  <attribute name="elasticGC enabled" value="1" />
  <attribute name= "numThreadsSpecified" value="0" />
  <attribute name="heapSize specified" value="8388608" />
  <attribute name= "numCores" value="8" />
  <attribute name ="GC Interval" value="0" />
  <attribute name ="Control flow" value="2" />
  <attribute name="GC Util Range Max" value="122" />
  <attribute name="Current GC Util" value="54" />
  <attribute name= "Current Time Running" value="5488" />
<allocation-satisfied id="355" threadId="0000000000C67A00" bytesRequested="24" />
<af-end id="356" timestamp="2019-08-02T22:44:41.736" threadId="0000000000C68388" success="true" />
<exclusive-end id="357" timestamp="2019-08-02T22:44:41.737" durationms="4.145" />

<exclusive-start id="358" timestamp="2019-08-02T22:44:41.752" intervalms="19.406">
  <response-info timems="0.084" idlems="0.084" threads="0" lastid="0000000000C67A00" lastname="main" />
</exclusive-start>
<af-start id="359" threadId="0000000000C68388" totalBytesRequested="24" timestamp="2019-08-02T22:44:41.752" intervalms="19.398" />
<cycle-start id="360" type="global" contextid="0" timestamp="2019-08-02T22:44:41.752" intervalms="19.402" />
<gc-start id="361" type="global" contextid="360" timestamp="2019-08-02T22:44:41.752">
  <mem-info id="362" free="502784" total="8388608" percent="5">
    <mem type="tenure" free="502784" total="8388608" percent="5">
      <mem type="soa" free="0" total="7885824" percent="0" />
      <mem type="loa" free="502784" total="502784" percent="100" />
    </mem>
  </mem-info>
</gc-start>
<allocation-stats totalBytes="3666096" >
  <allocated-bytes non-tlh="0" tlh="3666096" />
  <largest-consumer threadName="main" threadId="0000000000C67A00" bytes="3666096" />
</allocation-stats>
<gc-op id="363" type="mark" timems="2.838" contextid="360" timestamp="2019-08-02T22:44:41.755">
  <trace-info objectcount="72690" scancount="60756" scanbytes="2079708" />
  <finalization candidates="80" enqueued="0" />
  <ownableSynchronizers candidates="21" cleared="0" />
  <references type="soft" candidates="1458" cleared="11" enqueued="10" dynamicThreshold="15" maxThreshold="32" />
  <references type="weak" candidates="4516" cleared="0" enqueued="0" />
  <references type="phantom" candidates="100" cleared="0" enqueued="0" />
  <stringconstants candidates="8664" cleared="0"  />
</gc-op>
<gc-op id="364" type="sweep" timems="0.249" contextid="360" timestamp="2019-08-02T22:44:41.756" />
<gc-end id="365" type="global" contextid="360" durationms="3.985" usertimems="8.000" systemtimems="0.000" timestamp="2019-08-02T22:44:41.756" activeThreads="8">
  <mem-info id="366" free="4170928" total="8388608" percent="49">
    <mem type="tenure" free="4170928" total="8388608" percent="49" micro-fragmented="0" macro-fragmented="0">
      <mem type="soa" free="3668144" total="7885824" percent="46" />
      <mem type="loa" free="502784" total="502784" percent="100" />
    </mem>
    <pending-finalizers system="0" default="0" reference="10" classloader="0" />
  </mem-info>
</gc-end>
<cycle-end id="367" type="global" contextid="360" timestamp="2019-08-02T22:44:41.756" />
  <attribute name="elasticGC enabled" value="1" />
  <attribute name= "numThreadsSpecified" value="0" />
  <attribute name="heapSize specified" value="8388608" />
  <attribute name= "numCores" value="8" />
  <attribute name ="GC Interval" value="0" />
  <attribute name ="Control flow" value="2" />
  <attribute name="GC Util Range Max" value="122" />
  <attribute name="Current GC Util" value="55" />
  <attribute name= "Current Time Running" value="5508" />
<allocation-satisfied id="368" threadId="0000000000C67A00" bytesRequested="24" />
<af-end id="369" timestamp="2019-08-02T22:44:41.757" threadId="0000000000C68388" success="true" />
<exclusive-end id="370" timestamp="2019-08-02T22:44:41.757" durationms="4.893" />

<exclusive-start id="371" timestamp="2019-08-02T22:44:41.771" intervalms="19.481">
  <response-info timems="0.080" idlems="0.080" threads="0" lastid="0000000000C67A00" lastname="main" />
</exclusive-start>
<af-start id="372" threadId="0000000000C68388" totalBytesRequested="24" timestamp="2019-08-02T22:44:41.771" intervalms="19.469" />
<cycle-start id="373" type="global" contextid="0" timestamp="2019-08-02T22:44:41.772" intervalms="19.464" />
<gc-start id="374" type="global" contextid="373" timestamp="2019-08-02T22:44:41.772">
  <mem-info id="375" free="502784" total="8388608" percent="5">
    <mem type="tenure" free="502784" total="8388608" percent="5">
      <mem type="soa" free="0" total="7885824" percent="0" />
      <mem type="loa" free="502784" total="502784" percent="100" />
    </mem>
  </mem-info>
</gc-start>
<allocation-stats totalBytes="3668432" >
  <allocated-bytes non-tlh="0" tlh="3668432" />
  <largest-consumer threadName="main" threadId="0000000000C67A00" bytes="3668432" />
</allocation-stats>
<gc-op id="376" type="mark" timems="1.849" contextid="373" timestamp="2019-08-02T22:44:41.774">
  <trace-info objectcount="72666" scancount="60728" scanbytes="2078896" />
  <finalization candidates="80" enqueued="0" />
  <ownableSynchronizers candidates="21" cleared="0" />
  <references type="soft" candidates="1447" cleared="0" enqueued="0" dynamicThreshold="15" maxThreshold="32" />
  <references type="weak" candidates="4516" cleared="0" enqueued="0" />
  <references type="phantom" candidates="100" cleared="0" enqueued="0" />
  <stringconstants candidates="8664" cleared="0"  />
</gc-op>
<gc-op id="377" type="sweep" timems="0.200" contextid="373" timestamp="2019-08-02T22:44:41.774" />
<gc-end id="378" type="global" contextid="373" durationms="2.840" usertimems="8.000" systemtimems="0.000" timestamp="2019-08-02T22:44:41.775" activeThreads="8">
  <mem-info id="379" free="4170800" total="8388608" percent="49">
    <mem type="tenure" free="4170800" total="8388608" percent="49" micro-fragmented="0" macro-fragmented="0">
      <mem type="soa" free="3668016" total="7885824" percent="46" />
      <mem type="loa" free="502784" total="502784" percent="100" />
    </mem>
  </mem-info>
</gc-end>
<cycle-end id="380" type="global" contextid="373" timestamp="2019-08-02T22:44:41.775" />
  <attribute name="elasticGC enabled" value="1" />
  <attribute name= "numThreadsSpecified" value="0" />
  <attribute name="heapSize specified" value="8388608" />
  <attribute name= "numCores" value="8" />
  <attribute name ="GC Interval" value="0" />
  <attribute name ="Control flow" value="3" />
  <attribute name="GC Util Range Max" value="122" />
  <attribute name="Current GC Util" value="51" />
  <attribute name= "Current Time Running" value="5527" />
<allocation-satisfied id="381" threadId="0000000000C67A00" bytesRequested="24" />
<af-end id="382" timestamp="2019-08-02T22:44:41.775" threadId="0000000000C68388" success="true" />
<exclusive-end id="383" timestamp="2019-08-02T22:44:41.775" durationms="3.667" />

<exclusive-start id="384" timestamp="2019-08-02T22:44:41.789" intervalms="17.950">
  <response-info timems="0.079" idlems="0.079" threads="0" lastid="0000000000C67A00" lastname="main" />
</exclusive-start>
<af-start id="385" threadId="0000000000C68388" totalBytesRequested="24" timestamp="2019-08-02T22:44:41.789" intervalms="17.942" />
<cycle-start id="386" type="global" contextid="0" timestamp="2019-08-02T22:44:41.790" intervalms="17.955" />
<gc-start id="387" type="global" contextid="386" timestamp="2019-08-02T22:44:41.790">
  <mem-info id="388" free="502784" total="8388608" percent="5">
    <mem type="tenure" free="502784" total="8388608" percent="5">
      <mem type="soa" free="0" total="7885824" percent="0" />
      <mem type="loa" free="502784" total="502784" percent="100" />
    </mem>
  </mem-info>
</gc-start>
<allocation-stats totalBytes="3668280" >
  <allocated-bytes non-tlh="0" tlh="3668280" />
  <largest-consumer threadName="main" threadId="0000000000C67A00" bytes="3668280" />
</allocation-stats>
<gc-op id="389" type="mark" timems="1.635" contextid="386" timestamp="2019-08-02T22:44:41.792">
  <trace-info objectcount="72665" scancount="60729" scanbytes="2078872" />
  <finalization candidates="80" enqueued="0" />
  <ownableSynchronizers candidates="21" cleared="0" />
  <references type="soft" candidates="1447" cleared="0" enqueued="0" dynamicThreshold="15" maxThreshold="32" />
  <references type="weak" candidates="4516" cleared="0" enqueued="0" />
  <references type="phantom" candidates="100" cleared="0" enqueued="0" />
  <stringconstants candidates="8664" cleared="0"  />
</gc-op>
<gc-op id="390" type="sweep" timems="0.263" contextid="386" timestamp="2019-08-02T22:44:41.792" />
<gc-end id="391" type="global" contextid="386" durationms="2.753" usertimems="4.000" systemtimems="0.000" timestamp="2019-08-02T22:44:41.792" activeThreads="8">
  <mem-info id="392" free="4170792" total="8388608" percent="49">
    <mem type="tenure" free="4170792" total="8388608" percent="49" micro-fragmented="0" macro-fragmented="0">
      <mem type="soa" free="3668008" total="7885824" percent="46" />
      <mem type="loa" free="502784" total="502784" percent="100" />
    </mem>
  </mem-info>
</gc-end>
<cycle-end id="393" type="global" contextid="386" timestamp="2019-08-02T22:44:41.793" />
  <attribute name="elasticGC enabled" value="1" />
  <attribute name= "numThreadsSpecified" value="0" />
  <attribute name="heapSize specified" value="8388608" />
  <attribute name= "numCores" value="8" />
  <attribute name ="GC Interval" value="0" />
  <attribute name ="Control flow" value="2" />
  <attribute name="GC Util Range Max" value="122" />
  <attribute name="Current GC Util" value="49" />
  <attribute name= "Current Time Running" value="5544" />
<allocation-satisfied id="394" threadId="0000000000C67A00" bytesRequested="24" />
<af-end id="395" timestamp="2019-08-02T22:44:41.793" threadId="0000000000C68388" success="true" />
<exclusive-end id="396" timestamp="2019-08-02T22:44:41.793" durationms="3.540" />

<exclusive-start id="397" timestamp="2019-08-02T22:44:41.807" intervalms="18.189">
  <response-info timems="0.074" idlems="0.074" threads="0" lastid="0000000000C67A00" lastname="main" />
</exclusive-start>
<af-start id="398" threadId="0000000000C68388" totalBytesRequested="24" timestamp="2019-08-02T22:44:41.808" intervalms="18.191" />
<cycle-start id="399" type="global" contextid="0" timestamp="2019-08-02T22:44:41.808" intervalms="18.181" />
<gc-start id="400" type="global" contextid="399" timestamp="2019-08-02T22:44:41.808">
  <mem-info id="401" free="502784" total="8388608" percent="5">
    <mem type="tenure" free="502784" total="8388608" percent="5">
      <mem type="soa" free="0" total="7885824" percent="0" />
      <mem type="loa" free="502784" total="502784" percent="100" />
    </mem>
  </mem-info>
</gc-start>
<allocation-stats totalBytes="3668600" >
  <allocated-bytes non-tlh="0" tlh="3668600" />
  <largest-consumer threadName="main" threadId="0000000000C67A00" bytes="3668600" />
</allocation-stats>
<heap-resize id="402" type="loa contract" space="tenure" amount="83968" count="1" timems="0.000" reason="contract underutilized loa" timestamp="2019-08-02T22:44:41.808" />
<gc-op id="403" type="mark" timems="1.640" contextid="399" timestamp="2019-08-02T22:44:41.810">
  <trace-info objectcount="72666" scancount="60729" scanbytes="2078896" />
  <finalization candidates="80" enqueued="0" />
  <ownableSynchronizers candidates="21" cleared="0" />
  <references type="soft" candidates="1447" cleared="0" enqueued="0" dynamicThreshold="15" maxThreshold="32" />
  <references type="weak" candidates="4516" cleared="0" enqueued="0" />
  <references type="phantom" candidates="100" cleared="0" enqueued="0" />
  <stringconstants candidates="8664" cleared="0"  />
</gc-op>
<gc-op id="404" type="sweep" timems="0.268" contextid="399" timestamp="2019-08-02T22:44:41.810" />
<gc-end id="405" type="global" contextid="399" durationms="2.903" usertimems="8.000" systemtimems="0.000" timestamp="2019-08-02T22:44:41.811" activeThreads="8">
  <mem-info id="406" free="4171256" total="8388608" percent="49">
    <mem type="tenure" free="4171256" total="8388608" percent="49" micro-fragmented="0" macro-fragmented="0">
      <mem type="soa" free="3752440" total="7969792" percent="47" />
      <mem type="loa" free="418816" total="418816" percent="100" />
    </mem>
  </mem-info>
</gc-end>
<cycle-end id="407" type="global" contextid="399" timestamp="2019-08-02T22:44:41.811" />
  <attribute name="elasticGC enabled" value="1" />
  <attribute name= "numThreadsSpecified" value="0" />
  <attribute name="heapSize specified" value="8388608" />
  <attribute name= "numCores" value="8" />
  <attribute name ="GC Interval" value="0" />
  <attribute name ="Control flow" value="3" />
  <attribute name="GC Util Range Max" value="122" />
  <attribute name="Current GC Util" value="42" />
  <attribute name= "Current Time Running" value="5563" />
<allocation-satisfied id="408" threadId="0000000000C67A00" bytesRequested="24" />
<af-end id="409" timestamp="2019-08-02T22:44:41.811" threadId="0000000000C68388" success="true" />
<exclusive-end id="410" timestamp="2019-08-02T22:44:41.811" durationms="3.833" />

<exclusive-start id="411" timestamp="2019-08-02T22:44:42.729" intervalms="921.298">
  <response-info timems="0.059" idlems="0.059" threads="0" lastid="0000000000C67A00" lastname="main" />
</exclusive-start>
<af-start id="412" threadId="0000000000C68388" totalBytesRequested="120" timestamp="2019-08-02T22:44:42.729" intervalms="921.240" />
<cycle-start id="413" type="global" contextid="0" timestamp="2019-08-02T22:44:42.729" intervalms="921.149" />
<gc-start id="414" type="global" contextid="413" timestamp="2019-08-02T22:44:42.729">
  <mem-info id="415" free="418816" total="8388608" percent="4">
    <mem type="tenure" free="418816" total="8388608" percent="4">
      <mem type="soa" free="0" total="7969792" percent="0" />
      <mem type="loa" free="418816" total="418816" percent="100" />
    </mem>
  </mem-info>
</gc-start>
<allocation-stats totalBytes="3752736" >
  <allocated-bytes non-tlh="35544" tlh="3717192" />
  <largest-consumer threadName="main" threadId="0000000000C67A00" bytes="3752736" />
</allocation-stats>
<heap-resize id="416" type="loa contract" space="tenure" amount="83968" count="1" timems="0.000" reason="contract underutilized loa" timestamp="2019-08-02T22:44:42.729" />
<gc-op id="417" type="mark" timems="1.838" contextid="413" timestamp="2019-08-02T22:44:42.731">
  <trace-info objectcount="75559" scancount="62683" scanbytes="2090232" />
  <finalization candidates="80" enqueued="0" />
  <ownableSynchronizers candidates="21" cleared="0" />
  <references type="soft" candidates="1450" cleared="105" enqueued="104" dynamicThreshold="15" maxThreshold="32" />
  <references type="weak" candidates="4543" cleared="19" enqueued="19" />
  <references type="phantom" candidates="102" cleared="2" enqueued="2" />
  <stringconstants candidates="9070" cleared="0"  />
</gc-op>
<gc-op id="418" type="sweep" timems="0.253" contextid="413" timestamp="2019-08-02T22:44:42.731" />
<mem-info id="419" free="3982056" total="8388608" percent="47">
  <mem type="tenure" free="3982056" total="8388608" percent="47" micro-fragmented="135290" macro-fragmented="0">
    <mem type="soa" free="3647208" total="8053760" percent="45" />
    <mem type="loa" free="334848" total="334848" percent="100" />
  </mem>
  <pending-finalizers system="0" default="0" reference="125" classloader="0" />
</mem-info>
<gc-op id="420" type="compact" timems="15.254" contextid="413" timestamp="2019-08-02T22:44:42.747">
  <compact-info movecount="62205" movebytes="3725112" reason="no compaction" />
</gc-op>
<gc-end id="421" type="global" contextid="413" durationms="18.057" usertimems="28.000" systemtimems="0.000" timestamp="2019-08-02T22:44:42.747" activeThreads="8">
  <mem-info id="422" free="4033832" total="8388608" percent="48">
    <mem type="tenure" free="4033832" total="8388608" percent="48">
      <mem type="soa" free="3698984" total="8053760" percent="45" />
      <mem type="loa" free="334848" total="334848" percent="100" />
    </mem>
    <pending-finalizers system="0" default="0" reference="125" classloader="0" />
  </mem-info>
</gc-end>
<cycle-end id="423" type="global" contextid="413" timestamp="2019-08-02T22:44:42.747" />
  <attribute name="elasticGC enabled" value="1" />
  <attribute name= "numThreadsSpecified" value="0" />
  <attribute name="heapSize specified" value="8388608" />
  <attribute name= "numCores" value="8" />
  <attribute name ="GC Interval" value="0" />
  <attribute name ="Control flow" value="3" />
  <attribute name="GC Util Range Max" value="122" />
  <attribute name="Current GC Util" value="33" />
  <attribute name= "Current Time Running" value="6499" />
<allocation-satisfied id="424" threadId="0000000000C67A00" bytesRequested="120" />
<af-end id="425" timestamp="2019-08-02T22:44:42.747" threadId="0000000000C68388" success="true" />
<exclusive-end id="426" timestamp="2019-08-02T22:44:42.748" durationms="18.853" />

</verbosegc>

