<?xml version="1.0" ?>

<verbosegc xmlns="http://www.ibm.com/j9/verbosegc" version="08cc62e_CMPRSS">

<initialized id="1" timestamp="2019-08-02T22:42:34.035">
  <attribute name="gcPolicy" value="-Xgcpolicy:optthruput" />
  <attribute name="elasticGC enabled" value="1" />
  <attribute name= "numThreadsSpecified" value="0" />
  <attribute name="heapSize specified" value="0" />
  <attribute name= "numCores" value="0" />
  <attribute name ="GC Interval" value="0" />
  <attribute name="GC Util Range Max" value="0" />
  <attribute name="Current GC Util" value="0" />
  <attribute name= "Current Time Running" value="0" />
  <attribute name="maxHeapSize" value="0x7cba0000" />
  <attribute name="initialHeapSize" value="0x800000" />
  <attribute name="compressedRefs" value="true" />
  <attribute name="compressedRefsDisplacement" value="0x0" />
  <attribute name="compressedRefsShift" value="0x0" />
  <attribute name="pageSize" value="0x1000" />
  <attribute name="pageType" value="not used" />
  <attribute name="requestedPageSize" value="0x1000" />
  <attribute name="requestedPageType" value="not used" />
  <attribute name="gcthreads" value="8" />
  <attribute name="packetListSplit" value="8" />
  <attribute name="cacheListSplit" value="8" />
  <attribute name="splitFreeListSplitAmount" value="1" />
  <attribute name="numaNodes" value="0" />
  <system>
    <attribute name="physicalMemory" value="8370401280" />
    <attribute name="numCPUs" value="8" />
    <attribute name="architecture" value="amd64" />
    <attribute name="os" value="Linux" />
    <attribute name="osVersion" value="4.4.0-154-generic" />
  </system>
  <vmargs>
    <vmarg name="-Xoptionsfile=/vagrant/jdk/lib/options.default" />
    <vmarg name="-Xlockword:mode=default,noLockword=java/lang/String,noLockword=java/util/MapEntry,noLockword=java/util/HashMap$Entry,noLockword..." />
    <vmarg name="-Xjcl:jclse29" />
    <vmarg name="-Dcom.ibm.oti.vm.bootstrap.library.path=/vagrant/jdk/lib/compressedrefs:/vagrant/jdk/lib" />
    <vmarg name="-Dsun.boot.library.path=/vagrant/jdk/lib/compressedrefs:/vagrant/jdk/lib" />
    <vmarg name="-Djava.library.path=/vagrant/jdk/lib/compressedrefs:/vagrant/jdk/lib:/usr/lib64:/usr/lib" />
    <vmarg name="-Djava.home=/vagrant/jdk" />
    <vmarg name="-Duser.dir=/vagrant" />
    <vmarg name="-Xgcpolicy:optthruput" />
    <vmarg name="-Xgcelastic" />
    <vmarg name="-Xcheck:gc:::elasticGC" />
    <vmarg name="-verbose:gc" />
    <vmarg name="-Xloggc:jdkG-small-OTT-8core-verbose1jython.txt" />
    <vmarg name="-Djava.class.path=dacapo-9.12-MR1-bach.jar" />
    <vmarg name="-Dsun.java.command=dacapo-9.12-MR1-bach.jar jython --size=small" />
    <vmarg name="-Dsun.java.launcher=SUN_STANDARD" />
    <vmarg name="-Dsun.java.launcher.pid=9856" />
  </vmargs>
</initialized>

<exclusive-start id="2" timestamp="2019-08-02T22:42:35.698" intervalms="1662.766">
  <response-info timems="0.027" idlems="0.027" threads="0" lastid="0000000001F64A00" lastname="main" />
</exclusive-start>
<af-start id="3" threadId="0000000001F65388" totalBytesRequested="2056" timestamp="2019-08-02T22:42:35.698" intervalms="1663.089" />
<cycle-start id="4" type="global" contextid="0" timestamp="2019-08-02T22:42:35.698" intervalms="1663.324" />
<gc-start id="5" type="global" contextid="4" timestamp="2019-08-02T22:42:35.699">
  <mem-info id="6" free="418816" total="8388608" percent="4">
    <mem type="tenure" free="418816" total="8388608" percent="4">
      <mem type="soa" free="0" total="7969792" percent="0" />
      <mem type="loa" free="418816" total="418816" percent="100" />
    </mem>
  </mem-info>
</gc-start>
<allocation-stats totalBytes="7925192" >
  <allocated-bytes non-tlh="357688" tlh="7567504" />
  <largest-consumer threadName="main" threadId="0000000001F64A00" bytes="7836384" />
</allocation-stats>
<gc-op id="7" type="mark" timems="1.843" contextid="4" timestamp="2019-08-02T22:42:35.701">
  <trace-info objectcount="17695" scancount="14634" scanbytes="461688" />
  <finalization candidates="14" enqueued="1" />
  <references type="soft" candidates="63" cleared="0" enqueued="0" dynamicThreshold="32" maxThreshold="32" />
  <references type="weak" candidates="544" cleared="401" enqueued="362" />
  <references type="phantom" candidates="105" cleared="44" enqueued="44" />
  <stringconstants candidates="2406" cleared="0"  />
</gc-op>
<gc-op id="8" type="classunload" timems="0.044" contextid="4" timestamp="2019-08-02T22:42:35.701">
  <classunload-info classloadercandidates="5" classloadersunloaded="0" classesunloaded="0" anonymousclassesunloaded="0" quiescems="0.000" setupms="0.044" scanms="0.000" postms="0.000" />
</gc-op>
<gc-op id="9" type="sweep" timems="0.492" contextid="4" timestamp="2019-08-02T22:42:35.701" />
<gc-end id="10" type="global" contextid="4" durationms="3.677" usertimems="0.000" systemtimems="4.000" timestamp="2019-08-02T22:42:35.702" activeThreads="8">
  <mem-info id="11" free="7186880" total="8388608" percent="85">
    <mem type="tenure" free="7186880" total="8388608" percent="85" micro-fragmented="168268" macro-fragmented="0">
      <mem type="soa" free="6768064" total="7969792" percent="84" />
      <mem type="loa" free="418816" total="418816" percent="100" />
    </mem>
    <pending-finalizers system="1" default="0" reference="406" classloader="0" />
  </mem-info>
</gc-end>
<cycle-end id="12" type="global" contextid="4" timestamp="2019-08-02T22:42:35.702" />
  <attribute name="elasticGC enabled" value="1" />
  <attribute name= "numThreadsSpecified" value="0" />
  <attribute name="heapSize specified" value="0" />
  <attribute name= "numCores" value="8" />
  <attribute name ="GC Interval" value="0" />
  <attribute name ="Control flow" value="2" />
  <attribute name="GC Util Range Max" value="101" />
  <attribute name="Current GC Util" value="29" />
  <attribute name= "Current Time Running" value="2" />
<allocation-satisfied id="13" threadId="0000000001F64A00" bytesRequested="2056" />
<af-end id="14" timestamp="2019-08-02T22:42:35.703" threadId="0000000001F65388" success="true" />
<exclusive-end id="15" timestamp="2019-08-02T22:42:35.703" durationms="4.775" />

<exclusive-start id="16" timestamp="2019-08-02T22:42:36.423" intervalms="725.321">
  <response-info timems="0.023" idlems="0.023" threads="0" lastid="0000000001F64A00" lastname="main" />
</exclusive-start>
<af-start id="17" threadId="0000000001F65388" totalBytesRequested="88" timestamp="2019-08-02T22:42:36.423" intervalms="725.116" />
<cycle-start id="18" type="global" contextid="0" timestamp="2019-08-02T22:42:36.423" intervalms="724.978" />
<gc-start id="19" type="global" contextid="18" timestamp="2019-08-02T22:42:36.423">
  <mem-info id="20" free="418816" total="8388608" percent="4">
    <mem type="tenure" free="418816" total="8388608" percent="4">
      <mem type="soa" free="0" total="7969792" percent="0" />
      <mem type="loa" free="418816" total="418816" percent="100" />
    </mem>
  </mem-info>
</gc-start>
<allocation-stats totalBytes="6500560" >
  <allocated-bytes non-tlh="543312" tlh="5957248" />
  <largest-consumer threadName="main" threadId="0000000001F64A00" bytes="6493088" />
</allocation-stats>
<gc-op id="21" type="mark" timems="0.913" contextid="18" timestamp="2019-08-02T22:42:36.424">
  <trace-info objectcount="17742" scancount="14593" scanbytes="470172" />
  <finalization candidates="13" enqueued="0" />
  <references type="soft" candidates="66" cleared="0" enqueued="0" dynamicThreshold="27" maxThreshold="32" />
  <references type="weak" candidates="173" cleared="31" enqueued="31" />
  <references type="phantom" candidates="86" cleared="1" enqueued="1" />
  <stringconstants candidates="2504" cleared="0"  />
</gc-op>
<gc-op id="22" type="sweep" timems="0.192" contextid="18" timestamp="2019-08-02T22:42:36.425" />
<mem-info id="23" free="6691832" total="8388608" percent="79">
  <mem type="tenure" free="6691832" total="8388608" percent="79" micro-fragmented="211075" macro-fragmented="0">
    <mem type="soa" free="6273016" total="7969792" percent="78" />
    <mem type="loa" free="418816" total="418816" percent="100" />
  </mem>
  <pending-finalizers system="0" default="0" reference="32" classloader="0" />
</mem-info>
<gc-op id="24" type="compact" timems="3.944" contextid="18" timestamp="2019-08-02T22:42:36.429">
  <compact-info movecount="17741" movebytes="1445672" reason="no compaction" />
</gc-op>
<gc-end id="25" type="global" contextid="18" durationms="5.697" usertimems="0.000" systemtimems="4.000" timestamp="2019-08-02T22:42:36.429" activeThreads="8">
  <mem-info id="26" free="6942760" total="8388608" percent="82">
    <mem type="tenure" free="6942760" total="8388608" percent="82">
      <mem type="soa" free="6523944" total="7969792" percent="81" />
      <mem type="loa" free="418816" total="418816" percent="100" />
    </mem>
    <pending-finalizers system="0" default="0" reference="32" classloader="0" />
  </mem-info>
</gc-end>
<cycle-end id="27" type="global" contextid="18" timestamp="2019-08-02T22:42:36.429" />
  <attribute name="elasticGC enabled" value="1" />
  <attribute name= "numThreadsSpecified" value="0" />
  <attribute name="heapSize specified" value="8388608" />
  <attribute name= "numCores" value="8" />
  <attribute name ="GC Interval" value="0" />
  <attribute name ="Control flow" value="2" />
  <attribute name="GC Util Range Max" value="101" />
  <attribute name="Current GC Util" value="37" />
  <attribute name= "Current Time Running" value="730" />
<allocation-satisfied id="28" threadId="0000000001F64A00" bytesRequested="88" />
<af-end id="29" timestamp="2019-08-02T22:42:36.430" threadId="0000000001F65388" success="true" />
<exclusive-end id="30" timestamp="2019-08-02T22:42:36.430" durationms="6.476" />

<exclusive-start id="31" timestamp="2019-08-02T22:42:36.670" intervalms="247.105">
  <response-info timems="0.032" idlems="0.032" threads="0" lastid="0000000001F64A00" lastname="main" />
</exclusive-start>
<af-start id="32" threadId="0000000001F65388" totalBytesRequested="88" timestamp="2019-08-02T22:42:36.670" intervalms="247.085" />
<cycle-start id="33" type="global" contextid="0" timestamp="2019-08-02T22:42:36.670" intervalms="247.060" />
<gc-start id="34" type="global" contextid="33" timestamp="2019-08-02T22:42:36.670">
  <mem-info id="35" free="418816" total="8388608" percent="4">
    <mem type="tenure" free="418816" total="8388608" percent="4">
      <mem type="soa" free="0" total="7969792" percent="0" />
      <mem type="loa" free="418816" total="418816" percent="100" />
    </mem>
  </mem-info>
</gc-start>
<allocation-stats totalBytes="6516984" >
  <allocated-bytes non-tlh="220512" tlh="6296472" />
  <largest-consumer threadName="main" threadId="0000000001F64A00" bytes="6508792" />
</allocation-stats>
<gc-op id="36" type="mark" timems="1.841" contextid="33" timestamp="2019-08-02T22:42:36.672">
  <trace-info objectcount="35084" scancount="28272" scanbytes="914580" />
  <finalization candidates="63" enqueued="1" />
  <ownableSynchronizers candidates="17" cleared="0" />
  <references type="soft" candidates="385" cleared="0" enqueued="0" dynamicThreshold="26" maxThreshold="32" />
  <references type="weak" candidates="1637" cleared="478" enqueued="356" />
  <references type="phantom" candidates="99" cleared="5" enqueued="5" />
  <stringconstants candidates="4459" cleared="0"  />
</gc-op>
<gc-op id="37" type="classunload" timems="0.002" contextid="33" timestamp="2019-08-02T22:42:36.673">
  <classunload-info classloadercandidates="9" classloadersunloaded="0" classesunloaded="0" anonymousclassesunloaded="0" quiescems="0.000" setupms="0.001" scanms="0.001" postms="0.000" />
</gc-op>
<gc-op id="38" type="sweep" timems="0.247" contextid="33" timestamp="2019-08-02T22:42:36.673" />
<mem-info id="39" free="6070168" total="8388608" percent="72">
  <mem type="tenure" free="6070168" total="8388608" percent="72" micro-fragmented="146752" macro-fragmented="0">
    <mem type="soa" free="5651352" total="7969792" percent="70" />
    <mem type="loa" free="418816" total="418816" percent="100" />
  </mem>
  <pending-finalizers system="1" default="0" reference="361" classloader="0" />
</mem-info>
<gc-op id="40" type="compact" timems="7.111" contextid="33" timestamp="2019-08-02T22:42:36.680">
  <compact-info movecount="34419" movebytes="2061528" reason="no compaction" />
</gc-op>
<gc-end id="41" type="global" contextid="33" durationms="9.929" usertimems="12.000" systemtimems="0.000" timestamp="2019-08-02T22:42:36.680" activeThreads="8">
  <mem-info id="42" free="6308600" total="8388608" percent="75">
    <mem type="tenure" free="6308600" total="8388608" percent="75">
      <mem type="soa" free="5889784" total="7969792" percent="73" />
      <mem type="loa" free="418816" total="418816" percent="100" />
    </mem>
    <pending-finalizers system="1" default="0" reference="361" classloader="0" />
  </mem-info>
</gc-end>
<cycle-end id="43" type="global" contextid="33" timestamp="2019-08-02T22:42:36.681" />
  <attribute name="elasticGC enabled" value="1" />
  <attribute name= "numThreadsSpecified" value="0" />
  <attribute name="heapSize specified" value="8388608" />
  <attribute name= "numCores" value="8" />
  <attribute name ="GC Interval" value="0" />
  <attribute name ="Control flow" value="3" />
  <attribute name="GC Util Range Max" value="101" />
  <attribute name="Current GC Util" value="29" />
  <attribute name= "Current Time Running" value="981" />
<allocation-satisfied id="44" threadId="0000000001F64A00" bytesRequested="88" />
<af-end id="45" timestamp="2019-08-02T22:42:36.681" threadId="0000000001F65388" success="true" />
<exclusive-end id="46" timestamp="2019-08-02T22:42:36.681" durationms="10.718" />

<exclusive-start id="47" timestamp="2019-08-02T22:42:39.636" intervalms="2965.718">
  <response-info timems="0.059" idlems="0.059" threads="0" lastid="0000000001F64A00" lastname="main" />
</exclusive-start>
<af-start id="48" threadId="0000000001F65388" totalBytesRequested="88" timestamp="2019-08-02T22:42:39.636" intervalms="2965.763" />
<cycle-start id="49" type="global" contextid="0" timestamp="2019-08-02T22:42:39.636" intervalms="2965.809" />
<gc-start id="50" type="global" contextid="49" timestamp="2019-08-02T22:42:39.636">
  <mem-info id="51" free="418816" total="8388608" percent="4">
    <mem type="tenure" free="418816" total="8388608" percent="4">
      <mem type="soa" free="0" total="7969792" percent="0" />
      <mem type="loa" free="418816" total="418816" percent="100" />
    </mem>
  </mem-info>
</gc-start>
<allocation-stats totalBytes="5880896" >
  <allocated-bytes non-tlh="122832" tlh="5758064" />
  <largest-consumer threadName="main" threadId="0000000001F64A00" bytes="5872704" />
</allocation-stats>
<gc-op id="52" type="mark" timems="1.657" contextid="49" timestamp="2019-08-02T22:42:39.638">
  <trace-info objectcount="41986" scancount="34108" scanbytes="1135504" />
  <finalization candidates="65" enqueued="0" />
  <ownableSynchronizers candidates="17" cleared="0" />
  <references type="soft" candidates="629" cleared="0" enqueued="0" dynamicThreshold="24" maxThreshold="32" />
  <references type="weak" candidates="1806" cleared="38" enqueued="38" />
  <references type="phantom" candidates="98" cleared="3" enqueued="3" />
  <stringconstants candidates="5244" cleared="0"  />
</gc-op>
<gc-op id="53" type="sweep" timems="0.236" contextid="49" timestamp="2019-08-02T22:42:39.639" />
<mem-info id="54" free="5790840" total="8388608" percent="69">
  <mem type="tenure" free="5790840" total="8388608" percent="69" micro-fragmented="65916" macro-fragmented="0">
    <mem type="soa" free="5372024" total="7969792" percent="67" />
    <mem type="loa" free="418816" total="418816" percent="100" />
  </mem>
  <pending-finalizers system="0" default="0" reference="41" classloader="0" />
</mem-info>
<gc-op id="55" type="compact" timems="8.998" contextid="49" timestamp="2019-08-02T22:42:39.648">
  <compact-info movecount="40525" movebytes="2401112" reason="no compaction" />
</gc-op>
<gc-end id="56" type="global" contextid="49" durationms="11.701" usertimems="16.000" systemtimems="0.000" timestamp="2019-08-02T22:42:39.648" activeThreads="8">
  <mem-info id="57" free="5934856" total="8388608" percent="70">
    <mem type="tenure" free="5934856" total="8388608" percent="70">
      <mem type="soa" free="5516040" total="7969792" percent="69" />
      <mem type="loa" free="418816" total="418816" percent="100" />
    </mem>
    <pending-finalizers system="0" default="0" reference="41" classloader="0" />
  </mem-info>
</gc-end>
<cycle-end id="58" type="global" contextid="49" timestamp="2019-08-02T22:42:39.648" />
  <attribute name="elasticGC enabled" value="1" />
  <attribute name= "numThreadsSpecified" value="0" />
  <attribute name="heapSize specified" value="8388608" />
  <attribute name= "numCores" value="8" />
  <attribute name ="GC Interval" value="0" />
  <attribute name ="Control flow" value="3" />
  <attribute name="GC Util Range Max" value="101" />
  <attribute name="Current GC Util" value="26" />
  <attribute name= "Current Time Running" value="3949" />
<allocation-satisfied id="59" threadId="0000000001F64A00" bytesRequested="88" />
<af-end id="60" timestamp="2019-08-02T22:42:39.649" threadId="0000000001F65388" success="true" />
<exclusive-end id="61" timestamp="2019-08-02T22:42:39.649" durationms="12.766" />

<exclusive-start id="62" timestamp="2019-08-02T22:42:39.809" intervalms="173.264">
  <response-info timems="0.033" idlems="0.033" threads="0" lastid="0000000001F64A00" lastname="main" />
</exclusive-start>
<af-start id="63" threadId="0000000001F65388" totalBytesRequested="47920" timestamp="2019-08-02T22:42:39.809" intervalms="173.237" />
<cycle-start id="64" type="global" contextid="0" timestamp="2019-08-02T22:42:39.809" intervalms="173.224" />
<gc-start id="65" type="global" contextid="64" timestamp="2019-08-02T22:42:39.810">
  <mem-info id="66" free="418816" total="8388608" percent="4">
    <mem type="tenure" free="418816" total="8388608" percent="4">
      <mem type="soa" free="0" total="7969792" percent="0" />
      <mem type="loa" free="418816" total="418816" percent="100" />
    </mem>
  </mem-info>
</gc-start>
<allocation-stats totalBytes="5432312" >
  <allocated-bytes non-tlh="576776" tlh="4855536" />
  <largest-consumer threadName="main" threadId="0000000001F64A00" bytes="5363312" />
</allocation-stats>
<gc-op id="67" type="mark" timems="2.606" contextid="64" timestamp="2019-08-02T22:42:39.812">
  <trace-info objectcount="52932" scancount="43689" scanbytes="1482152" />
  <finalization candidates="80" enqueued="0" />
  <ownableSynchronizers candidates="21" cleared="0" />
  <references type="soft" candidates="968" cleared="0" enqueued="0" dynamicThreshold="22" maxThreshold="32" />
  <references type="weak" candidates="3414" cleared="456" enqueued="308" />
  <references type="phantom" candidates="106" cleared="4" enqueued="4" />
  <stringconstants candidates="6231" cleared="0"  />
</gc-op>
<gc-op id="68" type="classunload" timems="0.002" contextid="64" timestamp="2019-08-02T22:42:39.812">
  <classunload-info classloadercandidates="11" classloadersunloaded="0" classesunloaded="0" anonymousclassesunloaded="0" quiescems="0.000" setupms="0.002" scanms="0.000" postms="0.000" />
</gc-op>
<gc-op id="69" type="sweep" timems="0.287" contextid="64" timestamp="2019-08-02T22:42:39.813" />
<mem-info id="70" free="4629160" total="8388608" percent="55">
  <mem type="tenure" free="4629160" total="8388608" percent="55" micro-fragmented="344258" macro-fragmented="0">
    <mem type="soa" free="4210344" total="7969792" percent="52" />
    <mem type="loa" free="418816" total="418816" percent="100" />
  </mem>
  <pending-finalizers system="0" default="0" reference="312" classloader="0" />
</mem-info>
<gc-op id="71" type="compact" timems="12.062" contextid="64" timestamp="2019-08-02T22:42:39.825">
  <compact-info movecount="52178" movebytes="3467968" reason="no compaction" />
</gc-op>
<gc-end id="72" type="global" contextid="64" durationms="15.834" usertimems="20.000" systemtimems="0.000" timestamp="2019-08-02T22:42:39.825" activeThreads="8">
  <mem-info id="73" free="4834024" total="8388608" percent="57">
    <mem type="tenure" free="4834024" total="8388608" percent="57">
      <mem type="soa" free="4415208" total="7969792" percent="55" />
      <mem type="loa" free="418816" total="418816" percent="100" />
    </mem>
    <pending-finalizers system="0" default="0" reference="312" classloader="0" />
  </mem-info>
</gc-end>
<cycle-end id="74" type="global" contextid="64" timestamp="2019-08-02T22:42:39.826" />
  <attribute name="elasticGC enabled" value="1" />
  <attribute name= "numThreadsSpecified" value="0" />
  <attribute name="heapSize specified" value="8388608" />
  <attribute name= "numCores" value="8" />
  <attribute name ="GC Interval" value="0" />
  <attribute name ="Control flow" value="2" />
  <attribute name="GC Util Range Max" value="101" />
  <attribute name="Current GC Util" value="23" />
  <attribute name= "Current Time Running" value="4126" />
<allocation-satisfied id="75" threadId="0000000001F64A00" bytesRequested="47920" />
<af-end id="76" timestamp="2019-08-02T22:42:39.826" threadId="0000000001F65388" success="true" />
<exclusive-end id="77" timestamp="2019-08-02T22:42:39.826" durationms="16.488" />

<exclusive-start id="78" timestamp="2019-08-02T22:42:39.955" intervalms="145.434">
  <response-info timems="0.039" idlems="0.039" threads="0" lastid="0000000001F64A00" lastname="main" />
</exclusive-start>
<af-start id="79" threadId="0000000001F65388" totalBytesRequested="88" timestamp="2019-08-02T22:42:39.955" intervalms="145.424" />
<cycle-start id="80" type="global" contextid="0" timestamp="2019-08-02T22:42:39.955" intervalms="145.406" />
<gc-start id="81" type="global" contextid="80" timestamp="2019-08-02T22:42:39.955">
  <mem-info id="82" free="418816" total="8388608" percent="4">
    <mem type="tenure" free="418816" total="8388608" percent="4">
      <mem type="soa" free="0" total="7969792" percent="0" />
      <mem type="loa" free="418816" total="418816" percent="100" />
    </mem>
  </mem-info>
</gc-start>
<allocation-stats totalBytes="4465864" >
  <allocated-bytes non-tlh="1041072" tlh="3424792" />
  <largest-consumer threadName="main" threadId="0000000001F64A00" bytes="4457672" />
</allocation-stats>
<gc-op id="83" type="mark" timems="5.148" contextid="80" timestamp="2019-08-02T22:42:39.960">
  <trace-info objectcount="60849" scancount="50188" scanbytes="1742632" />
  <finalization candidates="80" enqueued="0" />
  <ownableSynchronizers candidates="21" cleared="0" />
  <references type="soft" candidates="1022" cleared="0" enqueued="0" dynamicThreshold="18" maxThreshold="32" />
  <references type="weak" candidates="3066" cleared="3" enqueued="3" />
  <references type="phantom" candidates="101" cleared="0" enqueued="0" />
  <stringconstants candidates="6927" cleared="0"  />
</gc-op>
<gc-op id="84" type="sweep" timems="1.128" contextid="80" timestamp="2019-08-02T22:42:39.961" />
<mem-info id="85" free="4245888" total="8388608" percent="50">
  <mem type="tenure" free="4245888" total="8388608" percent="50" micro-fragmented="60764" macro-fragmented="0">
    <mem type="soa" free="3827072" total="7969792" percent="48" />
    <mem type="loa" free="418816" total="418816" percent="100" />
  </mem>
  <pending-finalizers system="0" default="0" reference="3" classloader="0" />
</mem-info>
<gc-op id="86" type="compact" timems="12.334" contextid="80" timestamp="2019-08-02T22:42:39.974">
  <compact-info movecount="36954" movebytes="2354768" reason="no compaction" />
</gc-op>
<gc-end id="87" type="global" contextid="80" durationms="19.563" usertimems="24.000" systemtimems="0.000" timestamp="2019-08-02T22:42:39.974" activeThreads="8">
  <mem-info id="88" free="4348464" total="8388608" percent="51">
    <mem type="tenure" free="4348464" total="8388608" percent="51">
      <mem type="soa" free="3929648" total="7969792" percent="49" />
      <mem type="loa" free="418816" total="418816" percent="100" />
    </mem>
    <pending-finalizers system="0" default="0" reference="3" classloader="0" />
  </mem-info>
</gc-end>
<cycle-end id="89" type="global" contextid="80" timestamp="2019-08-02T22:42:39.975" />
  <attribute name="elasticGC enabled" value="1" />
  <attribute name= "numThreadsSpecified" value="0" />
  <attribute name="heapSize specified" value="8388608" />
  <attribute name= "numCores" value="8" />
  <attribute name ="GC Interval" value="0" />
  <attribute name ="Control flow" value="3" />
  <attribute name="GC Util Range Max" value="101" />
  <attribute name="Current GC Util" value="48" />
  <attribute name= "Current Time Running" value="4275" />
<allocation-satisfied id="90" threadId="0000000001F64A00" bytesRequested="88" />
<af-end id="91" timestamp="2019-08-02T22:42:39.975" threadId="0000000001F65388" success="true" />
<exclusive-end id="92" timestamp="2019-08-02T22:42:39.975" durationms="20.352" />

<exclusive-start id="93" timestamp="2019-08-02T22:42:40.076" intervalms="121.192">
  <response-info timems="0.043" idlems="0.043" threads="0" lastid="0000000001F64A00" lastname="main" />
</exclusive-start>
<af-start id="94" threadId="0000000001F65388" totalBytesRequested="88" timestamp="2019-08-02T22:42:40.076" intervalms="121.188" />
<cycle-start id="95" type="global" contextid="0" timestamp="2019-08-02T22:42:40.076" intervalms="121.176" />
<gc-start id="96" type="global" contextid="95" timestamp="2019-08-02T22:42:40.076">
  <mem-info id="97" free="418816" total="8388608" percent="4">
    <mem type="tenure" free="418816" total="8388608" percent="4">
      <mem type="soa" free="0" total="7969792" percent="0" />
      <mem type="loa" free="418816" total="418816" percent="100" />
    </mem>
  </mem-info>
</gc-start>
<allocation-stats totalBytes="3924584" >
  <allocated-bytes non-tlh="57304" tlh="3867280" />
  <largest-consumer threadName="main" threadId="0000000001F64A00" bytes="3924584" />
</allocation-stats>
<gc-op id="98" type="mark" timems="5.434" contextid="95" timestamp="2019-08-02T22:42:40.082">
  <trace-info objectcount="64079" scancount="52962" scanbytes="1846276" />
  <finalization candidates="80" enqueued="0" />
  <ownableSynchronizers candidates="21" cleared="0" />
  <references type="soft" candidates="1022" cleared="0" enqueued="0" dynamicThreshold="16" maxThreshold="32" />
  <references type="weak" candidates="3425" cleared="0" enqueued="0" />
  <references type="phantom" candidates="101" cleared="0" enqueued="0" />
  <stringconstants candidates="7266" cleared="0"  />
</gc-op>
<gc-op id="99" type="sweep" timems="1.237" contextid="95" timestamp="2019-08-02T22:42:40.083" />
<gc-end id="100" type="global" contextid="95" durationms="7.832" usertimems="12.000" systemtimems="0.000" timestamp="2019-08-02T22:42:40.084" activeThreads="8">
  <mem-info id="101" free="4170888" total="8388608" percent="49">
    <mem type="tenure" free="4170888" total="8388608" percent="49" micro-fragmented="4632" macro-fragmented="0">
      <mem type="soa" free="3752072" total="7969792" percent="47" />
      <mem type="loa" free="418816" total="418816" percent="100" />
    </mem>
  </mem-info>
</gc-end>
<cycle-end id="102" type="global" contextid="95" timestamp="2019-08-02T22:42:40.084" />
  <attribute name="elasticGC enabled" value="1" />
  <attribute name= "numThreadsSpecified" value="0" />
  <attribute name="heapSize specified" value="8388608" />
  <attribute name= "numCores" value="8" />
  <attribute name ="GC Interval" value="0" />
  <attribute name ="Control flow" value="2" />
  <attribute name="GC Util Range Max" value="101" />
  <attribute name="Current GC Util" value="74" />
  <attribute name= "Current Time Running" value="4384" />
<allocation-satisfied id="103" threadId="0000000001F64A00" bytesRequested="88" />
<af-end id="104" timestamp="2019-08-02T22:42:40.084" threadId="0000000001F65388" success="true" />
<exclusive-end id="105" timestamp="2019-08-02T22:42:40.085" durationms="8.727" />

<exclusive-start id="106" timestamp="2019-08-02T22:42:40.140" intervalms="64.388">
  <response-info timems="0.077" idlems="0.077" threads="0" lastid="0000000001F64A00" lastname="main" />
</exclusive-start>
<af-start id="107" threadId="0000000001F65388" totalBytesRequested="88" timestamp="2019-08-02T22:42:40.140" intervalms="64.425" />
<cycle-start id="108" type="global" contextid="0" timestamp="2019-08-02T22:42:40.141" intervalms="64.522" />
<gc-start id="109" type="global" contextid="108" timestamp="2019-08-02T22:42:40.141">
  <mem-info id="110" free="418816" total="8388608" percent="4">
    <mem type="tenure" free="418816" total="8388608" percent="4">
      <mem type="soa" free="0" total="7969792" percent="0" />
      <mem type="loa" free="418816" total="418816" percent="100" />
    </mem>
  </mem-info>
</gc-start>
<allocation-stats totalBytes="3733256" >
  <allocated-bytes non-tlh="348712" tlh="3384544" />
  <largest-consumer threadName="main" threadId="0000000001F64A00" bytes="3733256" />
</allocation-stats>
<gc-op id="111" type="mark" timems="3.796" contextid="108" timestamp="2019-08-02T22:42:40.145">
  <trace-info objectcount="68760" scancount="57075" scanbytes="1999312" />
  <finalization candidates="80" enqueued="0" />
  <ownableSynchronizers candidates="21" cleared="0" />
  <references type="soft" candidates="1022" cleared="0" enqueued="0" dynamicThreshold="15" maxThreshold="32" />
  <references type="weak" candidates="3571" cleared="0" enqueued="0" />
  <references type="phantom" candidates="101" cleared="0" enqueued="0" />
  <stringconstants candidates="7393" cleared="0"  />
</gc-op>
<gc-op id="112" type="sweep" timems="0.274" contextid="108" timestamp="2019-08-02T22:42:40.145" />
<gc-end id="113" type="global" contextid="108" durationms="5.369" usertimems="8.000" systemtimems="0.000" timestamp="2019-08-02T22:42:40.146" activeThreads="8">
  <mem-info id="114" free="3837264" total="8388608" percent="45">
    <mem type="tenure" free="3837264" total="8388608" percent="45" micro-fragmented="103561" macro-fragmented="0">
      <mem type="soa" free="3418448" total="7969792" percent="42" />
      <mem type="loa" free="418816" total="418816" percent="100" />
    </mem>
  </mem-info>
</gc-end>
<cycle-end id="115" type="global" contextid="108" timestamp="2019-08-02T22:42:40.146" />
  <attribute name="elasticGC enabled" value="1" />
  <attribute name= "numThreadsSpecified" value="0" />
  <attribute name="heapSize specified" value="8388608" />
  <attribute name= "numCores" value="8" />
  <attribute name ="GC Interval" value="0" />
  <attribute name ="Control flow" value="2" />
  <attribute name="GC Util Range Max" value="101" />
  <attribute name="Current GC Util" value="22" />
  <attribute name= "Current Time Running" value="4446" />
<allocation-satisfied id="116" threadId="0000000001F64A00" bytesRequested="88" />
<af-end id="117" timestamp="2019-08-02T22:42:40.147" threadId="0000000001F65388" success="true" />
<exclusive-end id="118" timestamp="2019-08-02T22:42:40.147" durationms="6.428" />

<exclusive-start id="119" timestamp="2019-08-02T22:42:40.189" intervalms="48.556">
  <response-info timems="0.074" idlems="0.074" threads="0" lastid="0000000001F64A00" lastname="main" />
</exclusive-start>
<af-start id="120" threadId="0000000001F65388" totalBytesRequested="48" timestamp="2019-08-02T22:42:40.189" intervalms="48.568" />
<cycle-start id="121" type="global" contextid="0" timestamp="2019-08-02T22:42:40.189" intervalms="48.473" />
<gc-start id="122" type="global" contextid="121" timestamp="2019-08-02T22:42:40.189">
  <mem-info id="123" free="418816" total="8388608" percent="4">
    <mem type="tenure" free="418816" total="8388608" percent="4">
      <mem type="soa" free="0" total="7969792" percent="0" />
      <mem type="loa" free="418816" total="418816" percent="100" />
    </mem>
  </mem-info>
</gc-start>
<allocation-stats totalBytes="3374344" >
  <allocated-bytes non-tlh="570768" tlh="2803576" />
  <largest-consumer threadName="main" threadId="0000000001F64A00" bytes="3374344" />
</allocation-stats>
<gc-op id="124" type="mark" timems="2.692" contextid="121" timestamp="2019-08-02T22:42:40.192">
  <trace-info objectcount="73183" scancount="60982" scanbytes="2144468" />
  <finalization candidates="80" enqueued="0" />
  <ownableSynchronizers candidates="21" cleared="0" />
  <references type="soft" candidates="1022" cleared="0" enqueued="0" dynamicThreshold="14" maxThreshold="32" />
  <references type="weak" candidates="3715" cleared="0" enqueued="0" />
  <references type="phantom" candidates="101" cleared="0" enqueued="0" />
  <stringconstants candidates="7497" cleared="0"  />
</gc-op>
<gc-op id="125" type="sweep" timems="0.292" contextid="121" timestamp="2019-08-02T22:42:40.192" />
<mem-info id="126" free="3479168" total="8388608" percent="41">
  <mem type="tenure" free="3479168" total="8388608" percent="41" micro-fragmented="174998" macro-fragmented="0">
    <mem type="soa" free="3060352" total="7969792" percent="38" />
    <mem type="loa" free="418816" total="418816" percent="100" />
  </mem>
</mem-info>
<gc-op id="127" type="compact" timems="13.540" contextid="121" timestamp="2019-08-02T22:42:40.206">
  <compact-info movecount="52434" movebytes="2924512" reason="no compaction" />
</gc-op>
<gc-end id="128" type="global" contextid="121" durationms="17.314" usertimems="28.000" systemtimems="0.000" timestamp="2019-08-02T22:42:40.206" activeThreads="8">
  <mem-info id="129" free="3816136" total="8388608" percent="45">
    <mem type="tenure" free="3816136" total="8388608" percent="45">
      <mem type="soa" free="3397320" total="7969792" percent="42" />
      <mem type="loa" free="418816" total="418816" percent="100" />
    </mem>
  </mem-info>
</gc-end>
<cycle-end id="130" type="global" contextid="121" timestamp="2019-08-02T22:42:40.207" />
  <attribute name="elasticGC enabled" value="1" />
  <attribute name= "numThreadsSpecified" value="0" />
  <attribute name="heapSize specified" value="8388608" />
  <attribute name= "numCores" value="8" />
  <attribute name ="GC Interval" value="0" />
  <attribute name ="Control flow" value="3" />
  <attribute name="GC Util Range Max" value="101" />
  <attribute name="Current GC Util" value="47" />
  <attribute name= "Current Time Running" value="4507" />
<allocation-satisfied id="131" threadId="0000000001F64A00" bytesRequested="48" />
<af-end id="132" timestamp="2019-08-02T22:42:40.207" threadId="0000000001F65388" success="true" />
<exclusive-end id="133" timestamp="2019-08-02T22:42:40.207" durationms="18.229" />

<exclusive-start id="134" timestamp="2019-08-02T22:42:40.257" intervalms="67.781">
  <response-info timems="0.073" idlems="0.073" threads="0" lastid="0000000001F64A00" lastname="main" />
</exclusive-start>
<af-start id="135" threadId="0000000001F65388" totalBytesRequested="56" timestamp="2019-08-02T22:42:40.257" intervalms="67.822" />
<cycle-start id="136" type="global" contextid="0" timestamp="2019-08-02T22:42:40.257" intervalms="67.908" />
<gc-start id="137" type="global" contextid="136" timestamp="2019-08-02T22:42:40.257">
  <mem-info id="138" free="418816" total="8388608" percent="4">
    <mem type="tenure" free="418816" total="8388608" percent="4">
      <mem type="soa" free="0" total="7969792" percent="0" />
      <mem type="loa" free="418816" total="418816" percent="100" />
    </mem>
  </mem-info>
</gc-start>
<allocation-stats totalBytes="3461392" >
  <allocated-bytes non-tlh="19424" tlh="3441968" />
  <largest-consumer threadName="main" threadId="0000000001F64A00" bytes="3461392" />
</allocation-stats>
<gc-op id="139" type="mark" timems="4.737" contextid="136" timestamp="2019-08-02T22:42:40.262">
  <trace-info objectcount="75301" scancount="62798" scanbytes="2192584" />
  <finalization candidates="80" enqueued="0" />
  <ownableSynchronizers candidates="21" cleared="0" />
  <references type="soft" candidates="1024" cleared="0" enqueued="0" dynamicThreshold="14" maxThreshold="32" />
  <references type="weak" candidates="3772" cleared="5" enqueued="5" />
  <references type="phantom" candidates="100" cleared="0" enqueued="0" />
  <stringconstants candidates="7641" cleared="0"  />
</gc-op>
<gc-op id="140" type="sweep" timems="0.346" contextid="136" timestamp="2019-08-02T22:42:40.263" />
<mem-info id="141" free="3723672" total="8388608" percent="44">
  <mem type="tenure" free="3723672" total="8388608" percent="44" micro-fragmented="194628" macro-fragmented="0">
    <mem type="soa" free="3304856" total="7969792" percent="41" />
    <mem type="loa" free="418816" total="418816" percent="100" />
  </mem>
  <pending-finalizers system="0" default="0" reference="5" classloader="0" />
</mem-info>
<gc-op id="142" type="compact" timems="7.825" contextid="136" timestamp="2019-08-02T22:42:40.271">
  <compact-info movecount="23167" movebytes="1275720" reason="no compaction" />
</gc-op>
<gc-end id="143" type="global" contextid="136" durationms="13.915" usertimems="20.000" systemtimems="0.000" timestamp="2019-08-02T22:42:40.271" activeThreads="8">
  <mem-info id="144" free="3938784" total="8388608" percent="46">
    <mem type="tenure" free="3938784" total="8388608" percent="46">
      <mem type="soa" free="3519968" total="7969792" percent="44" />
      <mem type="loa" free="418816" total="418816" percent="100" />
    </mem>
    <pending-finalizers system="0" default="0" reference="5" classloader="0" />
  </mem-info>
</gc-end>
<cycle-end id="145" type="global" contextid="136" timestamp="2019-08-02T22:42:40.271" />
  <attribute name="elasticGC enabled" value="1" />
  <attribute name= "numThreadsSpecified" value="0" />
  <attribute name="heapSize specified" value="8388608" />
  <attribute name= "numCores" value="8" />
  <attribute name ="GC Interval" value="0" />
  <attribute name ="Control flow" value="2" />
  <attribute name="GC Util Range Max" value="101" />
  <attribute name="Current GC Util" value="43" />
  <attribute name= "Current Time Running" value="4572" />
<allocation-satisfied id="146" threadId="0000000001F64A00" bytesRequested="56" />
<af-end id="147" timestamp="2019-08-02T22:42:40.271" threadId="0000000001F65388" success="true" />
<exclusive-end id="148" timestamp="2019-08-02T22:42:40.272" durationms="15.058" />

<exclusive-start id="149" timestamp="2019-08-02T22:42:40.325" intervalms="68.117">
  <response-info timems="0.066" idlems="0.066" threads="0" lastid="0000000001F64A00" lastname="main" />
</exclusive-start>
<af-start id="150" threadId="0000000001F65388" totalBytesRequested="24" timestamp="2019-08-02T22:42:40.325" intervalms="68.035" />
<cycle-start id="151" type="global" contextid="0" timestamp="2019-08-02T22:42:40.325" intervalms="67.952" />
<gc-start id="152" type="global" contextid="151" timestamp="2019-08-02T22:42:40.325">
  <mem-info id="153" free="418816" total="8388608" percent="4">
    <mem type="tenure" free="418816" total="8388608" percent="4">
      <mem type="soa" free="0" total="7969792" percent="0" />
      <mem type="loa" free="418816" total="418816" percent="100" />
    </mem>
  </mem-info>
</gc-start>
<allocation-stats totalBytes="3584000" >
  <allocated-bytes non-tlh="287376" tlh="3296624" />
  <largest-consumer threadName="main" threadId="0000000001F64A00" bytes="3584000" />
</allocation-stats>
<gc-op id="154" type="mark" timems="2.439" contextid="151" timestamp="2019-08-02T22:42:40.328">
  <trace-info objectcount="69624" scancount="57806" scanbytes="2048440" />
  <finalization candidates="80" enqueued="0" />
  <ownableSynchronizers candidates="21" cleared="0" />
  <references type="soft" candidates="1095" cleared="0" enqueued="0" dynamicThreshold="15" maxThreshold="32" />
  <references type="weak" candidates="3813" cleared="0" enqueued="0" />
  <references type="phantom" candidates="101" cleared="0" enqueued="0" />
  <stringconstants candidates="7820" cleared="0"  />
</gc-op>
<gc-op id="155" type="sweep" timems="0.350" contextid="151" timestamp="2019-08-02T22:42:40.328" />
<gc-end id="156" type="global" contextid="151" durationms="4.083" usertimems="8.000" systemtimems="0.000" timestamp="2019-08-02T22:42:40.329" activeThreads="8">
  <mem-info id="157" free="3671040" total="8388608" percent="43">
    <mem type="tenure" free="3671040" total="8388608" percent="43" micro-fragmented="200560" macro-fragmented="0">
      <mem type="soa" free="3252224" total="7969792" percent="40" />
      <mem type="loa" free="418816" total="418816" percent="100" />
    </mem>
  </mem-info>
</gc-end>
<cycle-end id="158" type="global" contextid="151" timestamp="2019-08-02T22:42:40.329" />
  <attribute name="elasticGC enabled" value="1" />
  <attribute name= "numThreadsSpecified" value="0" />
  <attribute name="heapSize specified" value="8388608" />
  <attribute name= "numCores" value="8" />
  <attribute name ="GC Interval" value="0" />
  <attribute name ="Control flow" value="3" />
  <attribute name="GC Util Range Max" value="101" />
  <attribute name="Current GC Util" value="60" />
  <attribute name= "Current Time Running" value="4629" />
<allocation-satisfied id="159" threadId="0000000001F64A00" bytesRequested="24" />
<af-end id="160" timestamp="2019-08-02T22:42:40.329" threadId="0000000001F65388" success="true" />
<exclusive-end id="161" timestamp="2019-08-02T22:42:40.330" durationms="4.901" />

<exclusive-start id="162" timestamp="2019-08-02T22:42:40.357" intervalms="31.895">
  <response-info timems="0.096" idlems="0.096" threads="0" lastid="0000000001F64A00" lastname="main" />
</exclusive-start>
<af-start id="163" threadId="0000000001F65388" totalBytesRequested="24" timestamp="2019-08-02T22:42:40.357" intervalms="31.894" />
<cycle-start id="164" type="global" contextid="0" timestamp="2019-08-02T22:42:40.357" intervalms="31.893" />
<gc-start id="165" type="global" contextid="164" timestamp="2019-08-02T22:42:40.357">
  <mem-info id="166" free="418816" total="8388608" percent="4">
    <mem type="tenure" free="418816" total="8388608" percent="4">
      <mem type="soa" free="0" total="7969792" percent="0" />
      <mem type="loa" free="418816" total="418816" percent="100" />
    </mem>
  </mem-info>
</gc-start>
<allocation-stats totalBytes="3278040" >
  <allocated-bytes non-tlh="103184" tlh="3174856" />
  <largest-consumer threadName="main" threadId="0000000001F64A00" bytes="3278040" />
</allocation-stats>
<gc-op id="167" type="mark" timems="4.544" contextid="164" timestamp="2019-08-02T22:42:40.362">
  <trace-info objectcount="73779" scancount="61495" scanbytes="2186072" />
  <finalization candidates="80" enqueued="0" />
  <ownableSynchronizers candidates="21" cleared="0" />
  <references type="soft" candidates="1095" cleared="0" enqueued="0" dynamicThreshold="14" maxThreshold="32" />
  <references type="weak" candidates="3851" cleared="0" enqueued="0" />
  <references type="phantom" candidates="101" cleared="0" enqueued="0" />
  <stringconstants candidates="7846" cleared="0"  />
</gc-op>
<gc-op id="168" type="sweep" timems="0.344" contextid="164" timestamp="2019-08-02T22:42:40.362" />
<gc-end id="169" type="global" contextid="164" durationms="6.277" usertimems="12.000" systemtimems="0.000" timestamp="2019-08-02T22:42:40.363" activeThreads="8">
  <mem-info id="170" free="3392576" total="8388608" percent="40">
    <mem type="tenure" free="3392576" total="8388608" percent="40" micro-fragmented="246548" macro-fragmented="0">
      <mem type="soa" free="2973760" total="7969792" percent="37" />
      <mem type="loa" free="418816" total="418816" percent="100" />
    </mem>
  </mem-info>
</gc-end>
<cycle-end id="171" type="global" contextid="164" timestamp="2019-08-02T22:42:40.363" />
  <attribute name="elasticGC enabled" value="1" />
  <attribute name= "numThreadsSpecified" value="0" />
  <attribute name="heapSize specified" value="8388608" />
  <attribute name= "numCores" value="8" />
  <attribute name ="GC Interval" value="0" />
  <attribute name ="Control flow" value="3" />
  <attribute name="GC Util Range Max" value="101" />
  <attribute name="Current GC Util" value="21" />
  <attribute name= "Current Time Running" value="4663" />
<allocation-satisfied id="172" threadId="0000000001F64A00" bytesRequested="24" />
<af-end id="173" timestamp="2019-08-02T22:42:40.364" threadId="0000000001F65388" success="true" />
<exclusive-end id="174" timestamp="2019-08-02T22:42:40.364" durationms="7.150" />

<exclusive-start id="175" timestamp="2019-08-02T22:42:40.384" intervalms="27.100">
  <response-info timems="0.060" idlems="0.060" threads="0" lastid="0000000001F64A00" lastname="main" />
</exclusive-start>
<af-start id="176" threadId="0000000001F65388" totalBytesRequested="23288" timestamp="2019-08-02T22:42:40.384" intervalms="27.079" />
<cycle-start id="177" type="global" contextid="0" timestamp="2019-08-02T22:42:40.384" intervalms="27.067" />
<gc-start id="178" type="global" contextid="177" timestamp="2019-08-02T22:42:40.384">
  <mem-info id="179" free="440584" total="8388608" percent="5">
    <mem type="tenure" free="440584" total="8388608" percent="5">
      <mem type="soa" free="21768" total="7969792" percent="0" />
      <mem type="loa" free="418816" total="418816" percent="100" />
    </mem>
  </mem-info>
</gc-start>
<allocation-stats totalBytes="2940880" >
  <allocated-bytes non-tlh="1696" tlh="2939184" />
  <largest-consumer threadName="main" threadId="0000000001F64A00" bytes="2940880" />
</allocation-stats>
<gc-op id="180" type="mark" timems="3.614" contextid="177" timestamp="2019-08-02T22:42:40.388">
  <trace-info objectcount="78513" scancount="65716" scanbytes="2345396" />
  <finalization candidates="80" enqueued="0" />
  <ownableSynchronizers candidates="21" cleared="0" />
  <references type="soft" candidates="1095" cleared="10" enqueued="10" dynamicThreshold="12" maxThreshold="32" />
  <references type="weak" candidates="3863" cleared="0" enqueued="0" />
  <references type="phantom" candidates="101" cleared="0" enqueued="0" />
  <stringconstants candidates="7855" cleared="0"  />
</gc-op>
<gc-op id="181" type="sweep" timems="0.322" contextid="177" timestamp="2019-08-02T22:42:40.388" />
<gc-end id="182" type="global" contextid="177" durationms="5.955" usertimems="12.000" systemtimems="0.000" timestamp="2019-08-02T22:42:40.390" activeThreads="8">
  <mem-info id="183" free="2966328" total="8388608" percent="35">
    <mem type="tenure" free="2966328" total="8388608" percent="35" micro-fragmented="394103" macro-fragmented="0">
      <mem type="soa" free="2547512" total="7969792" percent="31" />
      <mem type="loa" free="418816" total="418816" percent="100" />
    </mem>
    <pending-finalizers system="0" default="0" reference="10" classloader="0" />
  </mem-info>
</gc-end>
<cycle-end id="184" type="global" contextid="177" timestamp="2019-08-02T22:42:40.390" />
  <attribute name="elasticGC enabled" value="1" />
  <attribute name= "numThreadsSpecified" value="0" />
  <attribute name="heapSize specified" value="8388608" />
  <attribute name= "numCores" value="8" />
  <attribute name ="GC Interval" value="0" />
  <attribute name ="Control flow" value="3" />
  <attribute name="GC Util Range Max" value="101" />
  <attribute name="Current GC Util" value="22" />
  <attribute name= "Current Time Running" value="4689" />
<allocation-satisfied id="185" threadId="0000000001F64A00" bytesRequested="23288" />
<af-end id="186" timestamp="2019-08-02T22:42:40.390" threadId="0000000001F65388" success="true" />
<exclusive-end id="187" timestamp="2019-08-02T22:42:40.391" durationms="6.827" />

<exclusive-start id="188" timestamp="2019-08-02T22:42:40.409" intervalms="25.010">
  <response-info timems="0.077" idlems="0.077" threads="0" lastid="0000000001F64A00" lastname="main" />
</exclusive-start>
<af-start id="189" threadId="0000000001F65388" totalBytesRequested="152" timestamp="2019-08-02T22:42:40.409" intervalms="25.065" />
<cycle-start id="190" type="global" contextid="0" timestamp="2019-08-02T22:42:40.409" intervalms="25.104" />
<gc-start id="191" type="global" contextid="190" timestamp="2019-08-02T22:42:40.409">
  <mem-info id="192" free="418816" total="8388608" percent="4">
    <mem type="tenure" free="418816" total="8388608" percent="4">
      <mem type="soa" free="0" total="7969792" percent="0" />
      <mem type="loa" free="418816" total="418816" percent="100" />
    </mem>
  </mem-info>
</gc-start>
<allocation-stats totalBytes="2545960" >
  <allocated-bytes non-tlh="92120" tlh="2453840" />
  <largest-consumer threadName="main" threadId="0000000001F64A00" bytes="2545960" />
</allocation-stats>
<gc-op id="193" type="mark" timems="7.026" contextid="190" timestamp="2019-08-02T22:42:40.416">
  <trace-info objectcount="80569" scancount="67500" scanbytes="2351972" />
  <finalization candidates="80" enqueued="0" />
  <ownableSynchronizers candidates="21" cleared="0" />
  <references type="soft" candidates="1085" cleared="28" enqueued="26" dynamicThreshold="11" maxThreshold="32" />
  <references type="weak" candidates="3867" cleared="0" enqueued="0" />
  <references type="phantom" candidates="100" cleared="0" enqueued="0" />
  <stringconstants candidates="7862" cleared="0"  />
</gc-op>
<gc-op id="194" type="sweep" timems="1.382" contextid="190" timestamp="2019-08-02T22:42:40.418" />
<mem-info id="195" free="2809984" total="8388608" percent="33">
  <mem type="tenure" free="2809984" total="8388608" percent="33" micro-fragmented="616777" macro-fragmented="0">
    <mem type="soa" free="2391168" total="7969792" percent="30" />
    <mem type="loa" free="418816" total="418816" percent="100" />
  </mem>
  <pending-finalizers system="0" default="0" reference="26" classloader="0" />
</mem-info>
<gc-op id="196" type="compact" timems="19.909" contextid="190" timestamp="2019-08-02T22:42:40.438">
  <compact-info movecount="69708" movebytes="4136160" reason="no compaction" />
</gc-op>
<gc-end id="197" type="global" contextid="190" durationms="29.132" usertimems="36.000" systemtimems="0.000" timestamp="2019-08-02T22:42:40.438" activeThreads="8">
  <mem-info id="198" free="3711376" total="8388608" percent="44">
    <mem type="tenure" free="3711376" total="8388608" percent="44">
      <mem type="soa" free="3292560" total="7969792" percent="41" />
      <mem type="loa" free="418816" total="418816" percent="100" />
    </mem>
    <pending-finalizers system="0" default="0" reference="26" classloader="0" />
  </mem-info>
</gc-end>
<cycle-end id="199" type="global" contextid="190" timestamp="2019-08-02T22:42:40.438" />
  <attribute name="elasticGC enabled" value="1" />
  <attribute name= "numThreadsSpecified" value="0" />
  <attribute name="heapSize specified" value="8388608" />
  <attribute name= "numCores" value="8" />
  <attribute name ="GC Interval" value="0" />
  <attribute name ="Control flow" value="3" />
  <attribute name="GC Util Range Max" value="101" />
  <attribute name="Current GC Util" value="42" />
  <attribute name= "Current Time Running" value="4739" />
<allocation-satisfied id="200" threadId="0000000001F64A00" bytesRequested="152" />
<af-end id="201" timestamp="2019-08-02T22:42:40.439" threadId="0000000001F65388" success="true" />
<exclusive-end id="202" timestamp="2019-08-02T22:42:40.439" durationms="30.097" />

<exclusive-start id="203" timestamp="2019-08-02T22:42:40.492" intervalms="83.225">
  <response-info timems="0.028" idlems="0.028" threads="0" lastid="0000000001F64A00" lastname="main" />
</exclusive-start>
<af-start id="204" threadId="0000000001F65388" totalBytesRequested="16392" timestamp="2019-08-02T22:42:40.492" intervalms="83.174" />
<cycle-start id="205" type="global" contextid="0" timestamp="2019-08-02T22:42:40.492" intervalms="83.145" />
<gc-start id="206" type="global" contextid="205" timestamp="2019-08-02T22:42:40.492">
  <mem-info id="207" free="418816" total="8388608" percent="4">
    <mem type="tenure" free="418816" total="8388608" percent="4">
      <mem type="soa" free="0" total="7969792" percent="0" />
      <mem type="loa" free="418816" total="418816" percent="100" />
    </mem>
  </mem-info>
</gc-start>
<allocation-stats totalBytes="3328544" >
  <allocated-bytes non-tlh="256712" tlh="3071832" />
  <largest-consumer threadName="main" threadId="0000000001F64A00" bytes="3324448" />
</allocation-stats>
<heap-resize id="208" type="loa contract" space="tenure" amount="83968" count="1" timems="0.000" reason="contract underutilized loa" timestamp="2019-08-02T22:42:40.492" />
<gc-op id="209" type="mark" timems="12.104" contextid="205" timestamp="2019-08-02T22:42:40.504">
  <trace-info objectcount="68117" scancount="56312" scanbytes="1892896" />
  <finalization candidates="80" enqueued="0" />
  <ownableSynchronizers candidates="21" cleared="0" />
  <references type="soft" candidates="1281" cleared="0" enqueued="0" dynamicThreshold="14" maxThreshold="32" />
  <references type="weak" candidates="4251" cleared="9" enqueued="8" />
  <references type="phantom" candidates="101" cleared="0" enqueued="0" />
  <stringconstants candidates="8295" cleared="12"  />
</gc-op>
<gc-op id="210" type="classunload" timems="0.002" contextid="205" timestamp="2019-08-02T22:42:40.505">
  <classunload-info classloadercandidates="14" classloadersunloaded="0" classesunloaded="0" anonymousclassesunloaded="0" quiescems="0.000" setupms="0.002" scanms="0.000" postms="0.000" />
</gc-op>
<gc-op id="211" type="sweep" timems="0.258" contextid="205" timestamp="2019-08-02T22:42:40.505" />
<mem-info id="212" free="3935296" total="8388608" percent="46">
  <mem type="tenure" free="3935296" total="8388608" percent="46" micro-fragmented="92082" macro-fragmented="0">
    <mem type="soa" free="3600448" total="8053760" percent="44" />
    <mem type="loa" free="334848" total="334848" percent="100" />
  </mem>
  <pending-finalizers system="0" default="0" reference="8" classloader="0" />
</mem-info>
<gc-op id="213" type="compact" timems="16.699" contextid="205" timestamp="2019-08-02T22:42:40.522">
  <compact-info movecount="57364" movebytes="3831160" reason="no compaction" />
</gc-op>
<gc-end id="214" type="global" contextid="205" durationms="30.074" usertimems="36.000" systemtimems="0.000" timestamp="2019-08-02T22:42:40.522" activeThreads="8">
  <mem-info id="215" free="4023184" total="8388608" percent="47">
    <mem type="tenure" free="4023184" total="8388608" percent="47">
      <mem type="soa" free="3688336" total="8053760" percent="45" />
      <mem type="loa" free="334848" total="334848" percent="100" />
    </mem>
    <pending-finalizers system="0" default="0" reference="8" classloader="0" />
  </mem-info>
</gc-end>
<cycle-end id="216" type="global" contextid="205" timestamp="2019-08-02T22:42:40.522" />
  <attribute name="elasticGC enabled" value="1" />
  <attribute name= "numThreadsSpecified" value="0" />
  <attribute name="heapSize specified" value="8388608" />
  <attribute name= "numCores" value="8" />
  <attribute name ="GC Interval" value="0" />
  <attribute name ="Control flow" value="3" />
  <attribute name="GC Util Range Max" value="101" />
  <attribute name="Current GC Util" value="40" />
  <attribute name= "Current Time Running" value="4823" />
<allocation-satisfied id="217" threadId="0000000001F64A00" bytesRequested="16392" />
<af-end id="218" timestamp="2019-08-02T22:42:40.523" threadId="0000000001F65388" success="true" />
<exclusive-end id="219" timestamp="2019-08-02T22:42:40.523" durationms="30.895" />

<exclusive-start id="220" timestamp="2019-08-02T22:42:40.541" intervalms="49.554">
  <response-info timems="0.087" idlems="0.087" threads="0" lastid="0000000001F64A00" lastname="main" />
</exclusive-start>
<af-start id="221" threadId="0000000001F65388" totalBytesRequested="32" timestamp="2019-08-02T22:42:40.542" intervalms="49.594" />
<cycle-start id="222" type="global" contextid="0" timestamp="2019-08-02T22:42:40.542" intervalms="49.596" />
<gc-start id="223" type="global" contextid="222" timestamp="2019-08-02T22:42:40.542">
  <mem-info id="224" free="334848" total="8388608" percent="3">
    <mem type="tenure" free="334848" total="8388608" percent="3">
      <mem type="soa" free="0" total="8053760" percent="0" />
      <mem type="loa" free="334848" total="334848" percent="100" />
    </mem>
  </mem-info>
</gc-start>
<allocation-stats totalBytes="3753448" >
  <allocated-bytes non-tlh="66208" tlh="3687240" />
  <largest-consumer threadName="main" threadId="0000000001F64A00" bytes="3745200" />
</allocation-stats>
<heap-resize id="225" type="loa contract" space="tenure" amount="83968" count="1" timems="0.000" reason="contract underutilized loa" timestamp="2019-08-02T22:42:40.542" />
<gc-op id="226" type="mark" timems="9.017" contextid="222" timestamp="2019-08-02T22:42:40.551">
  <trace-info objectcount="77658" scancount="64980" scanbytes="2273056" />
  <finalization candidates="80" enqueued="0" />
  <ownableSynchronizers candidates="21" cleared="0" />
  <references type="soft" candidates="1283" cleared="0" enqueued="0" dynamicThreshold="15" maxThreshold="32" />
  <references type="weak" candidates="4247" cleared="4" enqueued="4" />
  <references type="phantom" candidates="101" cleared="0" enqueued="0" />
  <stringconstants candidates="8297" cleared="0"  />
</gc-op>
<gc-op id="227" type="sweep" timems="1.009" contextid="222" timestamp="2019-08-02T22:42:40.552" />
<gc-end id="228" type="global" contextid="222" durationms="12.460" usertimems="16.000" systemtimems="0.000" timestamp="2019-08-02T22:42:40.554" activeThreads="8">
  <mem-info id="229" free="3415736" total="8388608" percent="40">
    <mem type="tenure" free="3415736" total="8388608" percent="40" micro-fragmented="123945" macro-fragmented="0">
      <mem type="soa" free="3164856" total="8137728" percent="38" />
      <mem type="loa" free="250880" total="250880" percent="100" />
    </mem>
    <pending-finalizers system="0" default="0" reference="4" classloader="0" />
  </mem-info>
</gc-end>
<cycle-end id="230" type="global" contextid="222" timestamp="2019-08-02T22:42:40.554" />
  <attribute name="elasticGC enabled" value="1" />
  <attribute name= "numThreadsSpecified" value="0" />
  <attribute name="heapSize specified" value="8388608" />
  <attribute name= "numCores" value="8" />
  <attribute name ="GC Interval" value="0" />
  <attribute name ="Control flow" value="3" />
  <attribute name="GC Util Range Max" value="101" />
  <attribute name="Current GC Util" value="131" />
  <attribute name= "Current Time Running" value="4853" />
<allocation-satisfied id="231" threadId="0000000001F64A00" bytesRequested="32" />
<af-end id="232" timestamp="2019-08-02T22:42:40.555" threadId="0000000001F65388" success="true" />
<exclusive-end id="233" timestamp="2019-08-02T22:42:40.555" durationms="13.316" />

<exclusive-start id="234" timestamp="2019-08-02T22:42:40.570" intervalms="28.741">
  <response-info timems="0.078" idlems="0.078" threads="0" lastid="0000000001F64A00" lastname="main" />
</exclusive-start>
<af-start id="235" threadId="0000000001F65388" totalBytesRequested="136" timestamp="2019-08-02T22:42:40.570" intervalms="28.713" />
<cycle-start id="236" type="global" contextid="0" timestamp="2019-08-02T22:42:40.570" intervalms="28.704" />
<gc-start id="237" type="global" contextid="236" timestamp="2019-08-02T22:42:40.570">
  <mem-info id="238" free="250880" total="8388608" percent="2">
    <mem type="tenure" free="250880" total="8388608" percent="2">
      <mem type="soa" free="0" total="8137728" percent="0" />
      <mem type="loa" free="250880" total="250880" percent="100" />
    </mem>
  </mem-info>
</gc-start>
<allocation-stats totalBytes="3161856" >
  <allocated-bytes non-tlh="71656" tlh="3090200" />
  <largest-consumer threadName="main" threadId="0000000001F64A00" bytes="3161856" />
</allocation-stats>
<heap-resize id="239" type="loa contract" space="tenure" amount="83968" count="1" timems="0.000" reason="contract underutilized loa" timestamp="2019-08-02T22:42:40.571" />
<gc-op id="240" type="mark" timems="6.923" contextid="236" timestamp="2019-08-02T22:42:40.578">
  <trace-info objectcount="80330" scancount="67744" scanbytes="2340920" />
  <finalization candidates="80" enqueued="0" />
  <ownableSynchronizers candidates="21" cleared="0" />
  <references type="soft" candidates="1283" cleared="58" enqueued="55" dynamicThreshold="13" maxThreshold="32" />
  <references type="weak" candidates="4261" cleared="0" enqueued="0" />
  <references type="phantom" candidates="100" cleared="0" enqueued="0" />
  <stringconstants candidates="8311" cleared="0"  />
</gc-op>
<gc-op id="241" type="sweep" timems="1.044" contextid="236" timestamp="2019-08-02T22:42:40.579" />
<gc-end id="242" type="global" contextid="236" durationms="10.451" usertimems="20.000" systemtimems="0.000" timestamp="2019-08-02T22:42:40.581" activeThreads="8">
  <mem-info id="243" free="3275624" total="8388608" percent="39">
    <mem type="tenure" free="3275624" total="8388608" percent="39" micro-fragmented="288403" macro-fragmented="0">
      <mem type="soa" free="3108712" total="8221696" percent="37" />
      <mem type="loa" free="166912" total="166912" percent="100" />
    </mem>
    <pending-finalizers system="0" default="0" reference="55" classloader="0" />
  </mem-info>
</gc-end>
<cycle-end id="244" type="global" contextid="236" timestamp="2019-08-02T22:42:40.581" />
  <attribute name="elasticGC enabled" value="1" />
  <attribute name= "numThreadsSpecified" value="0" />
  <attribute name="heapSize specified" value="8388608" />
  <attribute name= "numCores" value="8" />
  <attribute name ="GC Interval" value="0" />
  <attribute name ="Control flow" value="3" />
  <attribute name="GC Util Range Max" value="101" />
  <attribute name="Current GC Util" value="129" />
  <attribute name= "Current Time Running" value="4879" />
<allocation-satisfied id="245" threadId="0000000001F64A00" bytesRequested="136" />
<af-end id="246" timestamp="2019-08-02T22:42:40.581" threadId="0000000001F65388" success="true" />
<exclusive-end id="247" timestamp="2019-08-02T22:42:40.581" durationms="11.153" />

<exclusive-start id="248" timestamp="2019-08-02T22:42:40.591" intervalms="20.670">
  <response-info timems="0.075" idlems="0.075" threads="0" lastid="0000000001F64A00" lastname="main" />
</exclusive-start>
<af-start id="249" threadId="0000000001F65388" totalBytesRequested="31064" timestamp="2019-08-02T22:42:40.591" intervalms="20.686" />
<cycle-start id="250" type="global" contextid="0" timestamp="2019-08-02T22:42:40.591" intervalms="20.720" />
<gc-start id="251" type="global" contextid="250" timestamp="2019-08-02T22:42:40.591">
  <mem-info id="252" free="1972976" total="8388608" percent="23">
    <mem type="tenure" free="1972976" total="8388608" percent="23">
      <mem type="soa" free="1806064" total="8221696" percent="21" />
      <mem type="loa" free="166912" total="166912" percent="100" />
    </mem>
  </mem-info>
</gc-start>
<allocation-stats totalBytes="1272232" >
  <allocated-bytes non-tlh="100088" tlh="1172144" />
  <largest-consumer threadName="main" threadId="0000000001F64A00" bytes="1272232" />
</allocation-stats>
<heap-resize id="253" type="loa contract" space="tenure" amount="83968" count="1" timems="0.000" reason="contract underutilized loa" timestamp="2019-08-02T22:42:40.591" />
<gc-op id="254" type="mark" timems="2.973" contextid="250" timestamp="2019-08-02T22:42:40.594">
  <trace-info objectcount="66949" scancount="55464" scanbytes="1860492" />
  <finalization candidates="80" enqueued="0" />
  <ownableSynchronizers candidates="21" cleared="0" />
  <references type="soft" candidates="1225" cleared="135" enqueued="131" dynamicThreshold="12" maxThreshold="32" />
  <references type="weak" candidates="4261" cleared="1" enqueued="1" />
  <references type="phantom" candidates="100" cleared="0" enqueued="0" />
  <stringconstants candidates="8311" cleared="26"  />
</gc-op>
<gc-op id="255" type="sweep" timems="0.205" contextid="250" timestamp="2019-08-02T22:42:40.595" />
<mem-info id="256" free="4369336" total="8388608" percent="52">
  <mem type="tenure" free="4369336" total="8388608" percent="52" micro-fragmented="57962" macro-fragmented="0">
    <mem type="soa" free="4286392" total="8305664" percent="51" />
    <mem type="loa" free="82944" total="82944" percent="100" />
  </mem>
  <pending-finalizers system="0" default="0" reference="132" classloader="0" />
</mem-info>
<gc-op id="257" type="compact" timems="14.715" contextid="250" timestamp="2019-08-02T22:42:40.610">
  <compact-info movecount="61017" movebytes="3715680" reason="no compaction" />
</gc-op>
<gc-end id="258" type="global" contextid="250" durationms="18.645" usertimems="28.000" systemtimems="0.000" timestamp="2019-08-02T22:42:40.610" activeThreads="8">
  <mem-info id="259" free="4357752" total="8388608" percent="51">
    <mem type="tenure" free="4357752" total="8388608" percent="51">
      <mem type="soa" free="4274808" total="8305664" percent="51" />
      <mem type="loa" free="82944" total="82944" percent="100" />
    </mem>
    <pending-finalizers system="0" default="0" reference="132" classloader="0" />
  </mem-info>
</gc-end>
<cycle-end id="260" type="global" contextid="250" timestamp="2019-08-02T22:42:40.610" />
  <attribute name="elasticGC enabled" value="1" />
  <attribute name= "numThreadsSpecified" value="0" />
  <attribute name="heapSize specified" value="8388608" />
  <attribute name= "numCores" value="8" />
  <attribute name ="GC Interval" value="0" />
  <attribute name ="Control flow" value="2" />
  <attribute name="GC Util Range Max" value="101" />
  <attribute name="Current GC Util" value="32" />
  <attribute name= "Current Time Running" value="4910" />
<allocation-satisfied id="261" threadId="0000000001F64A00" bytesRequested="31064" />
<af-end id="262" timestamp="2019-08-02T22:42:40.610" threadId="0000000001F65388" success="true" />
<exclusive-end id="263" timestamp="2019-08-02T22:42:40.610" durationms="19.355" />

<exclusive-start id="264" timestamp="2019-08-02T22:42:40.690" intervalms="98.984">
  <response-info timems="0.026" idlems="0.026" threads="0" lastid="0000000001F64A00" lastname="main" />
</exclusive-start>
<sys-start reason="explicit" id="265" timestamp="2019-08-02T22:42:40.690" intervalms="6654.912" />
<cycle-start id="266" type="global" contextid="0" timestamp="2019-08-02T22:42:40.690" intervalms="98.910" />
<gc-start id="267" type="global" contextid="266" timestamp="2019-08-02T22:42:40.690">
  <mem-info id="268" free="447432" total="8388608" percent="5">
    <mem type="tenure" free="447432" total="8388608" percent="5">
      <mem type="soa" free="364488" total="8305664" percent="4" />
      <mem type="loa" free="82944" total="82944" percent="100" />
    </mem>
  </mem-info>
</gc-start>
<allocation-stats totalBytes="3940400" >
  <allocated-bytes non-tlh="463880" tlh="3476520" />
  <largest-consumer threadName="main" threadId="0000000001F64A00" bytes="3932208" />
</allocation-stats>
<gc-op id="269" type="mark" timems="4.073" contextid="266" timestamp="2019-08-02T22:42:40.694">
  <trace-info objectcount="72323" scancount="60397" scanbytes="2036216" />
  <finalization candidates="80" enqueued="0" />
  <ownableSynchronizers candidates="21" cleared="0" />
  <references type="soft" candidates="1426" cleared="1" enqueued="1" dynamicThreshold="16" maxThreshold="32" />
  <references type="weak" candidates="4520" cleared="33" enqueued="31" />
  <references type="phantom" candidates="103" cleared="3" enqueued="3" />
  <stringconstants candidates="8667" cleared="23"  />
</gc-op>
<gc-op id="270" type="classunload" timems="0.373" contextid="266" timestamp="2019-08-02T22:42:40.695">
  <classunload-info classloadercandidates="17" classloadersunloaded="1" classesunloaded="1" anonymousclassesunloaded="0" quiescems="0.000" setupms="0.364" scanms="0.007" postms="0.002" />
</gc-op>
<gc-op id="271" type="sweep" timems="0.280" contextid="266" timestamp="2019-08-02T22:42:40.695" />
<mem-info id="272" free="4078352" total="8388608" percent="48">
  <mem type="tenure" free="4078352" total="8388608" percent="48" micro-fragmented="99618" macro-fragmented="0">
    <mem type="soa" free="3995408" total="8305664" percent="48" />
    <mem type="loa" free="82944" total="82944" percent="100" />
  </mem>
  <pending-finalizers system="0" default="0" reference="35" classloader="0" />
</mem-info>
<gc-op id="273" type="compact" timems="16.618" contextid="266" timestamp="2019-08-02T22:42:40.712">
  <compact-info movecount="70554" movebytes="4057928" reason="no compaction" />
</gc-op>
<gc-end id="274" type="global" contextid="266" durationms="22.157" usertimems="32.000" systemtimems="0.000" timestamp="2019-08-02T22:42:40.712" activeThreads="8">
  <mem-info id="275" free="4217688" total="8388608" percent="50">
    <mem type="tenure" free="4217688" total="8388608" percent="50">
      <mem type="soa" free="4134744" total="8305664" percent="49" />
      <mem type="loa" free="82944" total="82944" percent="100" />
    </mem>
    <pending-finalizers system="0" default="0" reference="35" classloader="0" />
  </mem-info>
</gc-end>
<cycle-end id="276" type="global" contextid="266" timestamp="2019-08-02T22:42:40.712" />
  <attribute name="elasticGC enabled" value="1" />
  <attribute name= "numThreadsSpecified" value="0" />
  <attribute name="heapSize specified" value="8388608" />
  <attribute name= "numCores" value="8" />
  <attribute name ="GC Interval" value="0" />
  <attribute name ="Control flow" value="3" />
  <attribute name="GC Util Range Max" value="101" />
  <attribute name="Current GC Util" value="30" />
  <attribute name= "Current Time Running" value="5013" />
<sys-end id="277" timestamp="2019-08-02T22:42:40.712" />
<exclusive-end id="278" timestamp="2019-08-02T22:42:40.712" durationms="22.631" />

<exclusive-start id="279" timestamp="2019-08-02T22:42:40.810" intervalms="120.076">
  <response-info timems="0.120" idlems="0.120" threads="0" lastid="0000000001F64A00" lastname="main" />
</exclusive-start>
<af-start id="280" threadId="0000000001F65388" totalBytesRequested="24" timestamp="2019-08-02T22:42:40.810" intervalms="219.110" />
<cycle-start id="281" type="global" contextid="0" timestamp="2019-08-02T22:42:40.810" intervalms="120.171" />
<gc-start id="282" type="global" contextid="281" timestamp="2019-08-02T22:42:40.810">
  <mem-info id="283" free="82944" total="8388608" percent="0">
    <mem type="tenure" free="82944" total="8388608" percent="0">
      <mem type="soa" free="0" total="8305664" percent="0" />
      <mem type="loa" free="82944" total="82944" percent="100" />
    </mem>
  </mem-info>
</gc-start>
<allocation-stats totalBytes="4134304" >
  <allocated-bytes non-tlh="463896" tlh="3670408" />
  <largest-consumer threadName="main" threadId="0000000001F64A00" bytes="4130208" />
</allocation-stats>
<gc-op id="284" type="mark" timems="4.745" contextid="281" timestamp="2019-08-02T22:42:40.815">
  <trace-info objectcount="72737" scancount="60799" scanbytes="2084264" />
  <finalization candidates="80" enqueued="0" />
  <ownableSynchronizers candidates="21" cleared="0" />
  <references type="soft" candidates="1460" cleared="0" enqueued="0" dynamicThreshold="16" maxThreshold="32" />
  <references type="weak" candidates="4504" cleared="7" enqueued="7" />
  <references type="phantom" candidates="105" cleared="5" enqueued="5" />
  <stringconstants candidates="8676" cleared="12"  />
</gc-op>
<gc-op id="285" type="sweep" timems="0.688" contextid="281" timestamp="2019-08-02T22:42:40.816" />
<gc-end id="286" type="global" contextid="281" durationms="6.299" usertimems="12.000" systemtimems="0.000" timestamp="2019-08-02T22:42:40.817" activeThreads="8">
  <mem-info id="287" free="4140264" total="8388608" percent="49">
    <mem type="tenure" free="4140264" total="8388608" percent="49" micro-fragmented="13632" macro-fragmented="0">
      <mem type="soa" free="4057320" total="8305664" percent="48" />
      <mem type="loa" free="82944" total="82944" percent="100" />
    </mem>
    <pending-finalizers system="0" default="0" reference="12" classloader="0" />
  </mem-info>
</gc-end>
<cycle-end id="288" type="global" contextid="281" timestamp="2019-08-02T22:42:40.817" />
  <attribute name="elasticGC enabled" value="1" />
  <attribute name= "numThreadsSpecified" value="0" />
  <attribute name="heapSize specified" value="8388608" />
  <attribute name= "numCores" value="8" />
  <attribute name ="GC Interval" value="0" />
  <attribute name ="Control flow" value="3" />
  <attribute name="GC Util Range Max" value="101" />
  <attribute name="Current GC Util" value="131" />
  <attribute name= "Current Time Running" value="5117" />
<allocation-satisfied id="289" threadId="0000000001F64A00" bytesRequested="24" />
<af-end id="290" timestamp="2019-08-02T22:42:40.817" threadId="0000000001F65388" success="true" />
<exclusive-end id="291" timestamp="2019-08-02T22:42:40.817" durationms="6.967" />

<exclusive-start id="292" timestamp="2019-08-02T22:42:40.875" intervalms="64.931">
  <response-info timems="0.080" idlems="0.080" threads="0" lastid="0000000001F64A00" lastname="main" />
</exclusive-start>
<af-start id="293" threadId="0000000001F65388" totalBytesRequested="24" timestamp="2019-08-02T22:42:40.875" intervalms="64.933" />
<cycle-start id="294" type="global" contextid="0" timestamp="2019-08-02T22:42:40.875" intervalms="64.926" />
<gc-start id="295" type="global" contextid="294" timestamp="2019-08-02T22:42:40.875">
  <mem-info id="296" free="82944" total="8388608" percent="0">
    <mem type="tenure" free="82944" total="8388608" percent="0">
      <mem type="soa" free="0" total="8305664" percent="0" />
      <mem type="loa" free="82944" total="82944" percent="100" />
    </mem>
  </mem-info>
</gc-start>
<allocation-stats totalBytes="4064920" >
  <allocated-bytes non-tlh="98352" tlh="3966568" />
  <largest-consumer threadName="main" threadId="0000000001F64A00" bytes="4060824" />
</allocation-stats>
<gc-op id="297" type="mark" timems="4.000" contextid="294" timestamp="2019-08-02T22:42:40.879">
  <trace-info objectcount="72715" scancount="60776" scanbytes="2083632" />
  <finalization candidates="80" enqueued="0" />
  <ownableSynchronizers candidates="21" cleared="0" />
  <references type="soft" candidates="1460" cleared="0" enqueued="0" dynamicThreshold="15" maxThreshold="32" />
  <references type="weak" candidates="4496" cleared="0" enqueued="0" />
  <references type="phantom" candidates="100" cleared="0" enqueued="0" />
  <stringconstants candidates="8664" cleared="0"  />
</gc-op>
<gc-op id="298" type="sweep" timems="0.623" contextid="294" timestamp="2019-08-02T22:42:40.880" />
<gc-end id="299" type="global" contextid="294" durationms="5.560" usertimems="16.000" systemtimems="0.000" timestamp="2019-08-02T22:42:40.881" activeThreads="8">
  <mem-info id="300" free="4141392" total="8388608" percent="49">
    <mem type="tenure" free="4141392" total="8388608" percent="49" micro-fragmented="5144" macro-fragmented="0">
      <mem type="soa" free="4058448" total="8305664" percent="48" />
      <mem type="loa" free="82944" total="82944" percent="100" />
    </mem>
  </mem-info>
</gc-end>
<cycle-end id="301" type="global" contextid="294" timestamp="2019-08-02T22:42:40.881" />
  <attribute name="elasticGC enabled" value="1" />
  <attribute name= "numThreadsSpecified" value="0" />
  <attribute name="heapSize specified" value="8388608" />
  <attribute name= "numCores" value="8" />
  <attribute name ="GC Interval" value="0" />
  <attribute name ="Control flow" value="3" />
  <attribute name="GC Util Range Max" value="101" />
  <attribute name="Current GC Util" value="110" />
  <attribute name= "Current Time Running" value="5181" />
<allocation-satisfied id="302" threadId="0000000001F64A00" bytesRequested="24" />
<af-end id="303" timestamp="2019-08-02T22:42:40.881" threadId="0000000001F65388" success="true" />
<exclusive-end id="304" timestamp="2019-08-02T22:42:40.881" durationms="6.226" />

<exclusive-start id="305" timestamp="2019-08-02T22:42:40.898" intervalms="23.543">
  <response-info timems="0.072" idlems="0.072" threads="0" lastid="0000000001F64A00" lastname="main" />
</exclusive-start>
<af-start id="306" threadId="0000000001F65388" totalBytesRequested="24" timestamp="2019-08-02T22:42:40.899" intervalms="23.491" />
<cycle-start id="307" type="global" contextid="0" timestamp="2019-08-02T22:42:40.899" intervalms="23.522" />
<gc-start id="308" type="global" contextid="307" timestamp="2019-08-02T22:42:40.899">
  <mem-info id="309" free="82944" total="8388608" percent="0">
    <mem type="tenure" free="82944" total="8388608" percent="0">
      <mem type="soa" free="0" total="8305664" percent="0" />
      <mem type="loa" free="82944" total="82944" percent="100" />
    </mem>
  </mem-info>
</gc-start>
<allocation-stats totalBytes="4066128" >
  <allocated-bytes non-tlh="98352" tlh="3967776" />
  <largest-consumer threadName="main" threadId="0000000001F64A00" bytes="4066128" />
</allocation-stats>
<gc-op id="310" type="mark" timems="5.163" contextid="307" timestamp="2019-08-02T22:42:40.904">
  <trace-info objectcount="72716" scancount="60774" scanbytes="2083656" />
  <finalization candidates="80" enqueued="0" />
  <ownableSynchronizers candidates="21" cleared="0" />
  <references type="soft" candidates="1460" cleared="0" enqueued="0" dynamicThreshold="15" maxThreshold="32" />
  <references type="weak" candidates="4496" cleared="0" enqueued="0" />
  <references type="phantom" candidates="100" cleared="0" enqueued="0" />
  <stringconstants candidates="8664" cleared="0"  />
</gc-op>
<gc-op id="311" type="sweep" timems="0.485" contextid="307" timestamp="2019-08-02T22:42:40.905" />
<mem-info id="312" free="4149432" total="8388608" percent="49">
  <mem type="tenure" free="4149432" total="8388608" percent="49" micro-fragmented="5143" macro-fragmented="0">
    <mem type="soa" free="4066488" total="8305664" percent="48" />
    <mem type="loa" free="82944" total="82944" percent="100" />
  </mem>
</mem-info>
<gc-op id="313" type="compact" timems="15.273" contextid="307" timestamp="2019-08-02T22:42:40.920">
  <compact-info movecount="56931" movebytes="3516368" reason="no compaction" />
</gc-op>
<gc-end id="314" type="global" contextid="307" durationms="21.523" usertimems="32.000" systemtimems="0.000" timestamp="2019-08-02T22:42:40.920" activeThreads="8">
  <mem-info id="315" free="4104216" total="8388608" percent="48">
    <mem type="tenure" free="4104216" total="8388608" percent="48">
      <mem type="soa" free="4021272" total="8305664" percent="48" />
      <mem type="loa" free="82944" total="82944" percent="100" />
    </mem>
  </mem-info>
</gc-end>
<cycle-end id="316" type="global" contextid="307" timestamp="2019-08-02T22:42:40.920" />
  <attribute name="elasticGC enabled" value="1" />
  <attribute name= "numThreadsSpecified" value="0" />
  <attribute name="heapSize specified" value="8388608" />
  <attribute name= "numCores" value="8" />
  <attribute name ="GC Interval" value="0" />
  <attribute name ="Control flow" value="3" />
  <attribute name="GC Util Range Max" value="101" />
  <attribute name="Current GC Util" value="39" />
  <attribute name= "Current Time Running" value="5221" />
<allocation-satisfied id="317" threadId="0000000001F64A00" bytesRequested="24" />
<af-end id="318" timestamp="2019-08-02T22:42:40.921" threadId="0000000001F65388" success="true" />
<exclusive-end id="319" timestamp="2019-08-02T22:42:40.921" durationms="22.189" />

<exclusive-start id="320" timestamp="2019-08-02T22:42:40.938" intervalms="39.866">
  <response-info timems="0.078" idlems="0.078" threads="0" lastid="0000000001F64A00" lastname="main" />
</exclusive-start>
<af-start id="321" threadId="0000000001F65388" totalBytesRequested="32784" timestamp="2019-08-02T22:42:40.938" intervalms="39.815" />
<cycle-start id="322" type="global" contextid="0" timestamp="2019-08-02T22:42:40.939" intervalms="39.874" />
<gc-start id="323" type="global" contextid="322" timestamp="2019-08-02T22:42:40.939">
  <mem-info id="324" free="82944" total="8388608" percent="0">
    <mem type="tenure" free="82944" total="8388608" percent="0">
      <mem type="soa" free="0" total="8305664" percent="0" />
      <mem type="loa" free="82944" total="82944" percent="100" />
    </mem>
  </mem-info>
</gc-start>
<allocation-stats totalBytes="4083208" >
  <allocated-bytes non-tlh="0" tlh="4083208" />
  <largest-consumer threadName="main" threadId="0000000001F64A00" bytes="4083208" />
</allocation-stats>
<gc-op id="325" type="mark" timems="2.949" contextid="322" timestamp="2019-08-02T22:42:40.942">
  <trace-info objectcount="72720" scancount="60785" scanbytes="2083708" />
  <finalization candidates="80" enqueued="0" />
  <ownableSynchronizers candidates="21" cleared="0" />
  <references type="soft" candidates="1460" cleared="0" enqueued="0" dynamicThreshold="15" maxThreshold="32" />
  <references type="weak" candidates="4496" cleared="0" enqueued="0" />
  <references type="phantom" candidates="100" cleared="0" enqueued="0" />
  <stringconstants candidates="8664" cleared="0"  />
</gc-op>
<gc-op id="326" type="sweep" timems="0.248" contextid="322" timestamp="2019-08-02T22:42:40.942" />
<mem-info id="327" free="4169672" total="8388608" percent="49">
  <mem type="tenure" free="4169672" total="8388608" percent="49" micro-fragmented="0" macro-fragmented="0">
    <mem type="soa" free="4086728" total="8305664" percent="49" />
    <mem type="loa" free="82944" total="82944" percent="100" />
  </mem>
</mem-info>
<gc-op id="328" type="compact" timems="3.892" contextid="322" timestamp="2019-08-02T22:42:40.946">
  <compact-info movecount="14" movebytes="33072" reason="no compaction" />
</gc-op>
<gc-end id="329" type="global" contextid="322" durationms="7.730" usertimems="16.000" systemtimems="0.000" timestamp="2019-08-02T22:42:40.946" activeThreads="8">
  <mem-info id="330" free="4104152" total="8388608" percent="48">
    <mem type="tenure" free="4104152" total="8388608" percent="48">
      <mem type="soa" free="4021208" total="8305664" percent="48" />
      <mem type="loa" free="82944" total="82944" percent="100" />
    </mem>
  </mem-info>
</gc-end>
<cycle-end id="331" type="global" contextid="322" timestamp="2019-08-02T22:42:40.946" />
  <attribute name="elasticGC enabled" value="1" />
  <attribute name= "numThreadsSpecified" value="0" />
  <attribute name="heapSize specified" value="8388608" />
  <attribute name= "numCores" value="8" />
  <attribute name ="GC Interval" value="0" />
  <attribute name ="Control flow" value="3" />
  <attribute name="GC Util Range Max" value="101" />
  <attribute name="Current GC Util" value="62" />
  <attribute name= "Current Time Running" value="5247" />
<allocation-satisfied id="332" threadId="0000000001F64A00" bytesRequested="32784" />
<af-end id="333" timestamp="2019-08-02T22:42:40.947" threadId="0000000001F65388" success="true" />
<exclusive-end id="334" timestamp="2019-08-02T22:42:40.947" durationms="8.453" />

<exclusive-start id="335" timestamp="2019-08-02T22:42:40.962" intervalms="23.974">
  <response-info timems="0.081" idlems="0.081" threads="0" lastid="0000000001F64A00" lastname="main" />
</exclusive-start>
<af-start id="336" threadId="0000000001F65388" totalBytesRequested="32784" timestamp="2019-08-02T22:42:40.962" intervalms="24.036" />
<cycle-start id="337" type="global" contextid="0" timestamp="2019-08-02T22:42:40.962" intervalms="23.978" />
<gc-start id="338" type="global" contextid="337" timestamp="2019-08-02T22:42:40.963">
  <mem-info id="339" free="82944" total="8388608" percent="0">
    <mem type="tenure" free="82944" total="8388608" percent="0">
      <mem type="soa" free="0" total="8305664" percent="0" />
      <mem type="loa" free="82944" total="82944" percent="100" />
    </mem>
  </mem-info>
</gc-start>
<allocation-stats totalBytes="4086424" >
  <allocated-bytes non-tlh="0" tlh="4086424" />
  <largest-consumer threadName="main" threadId="0000000001F64A00" bytes="4086424" />
</allocation-stats>
<gc-op id="340" type="mark" timems="2.611" contextid="337" timestamp="2019-08-02T22:42:40.965">
  <trace-info objectcount="72723" scancount="60784" scanbytes="2116548" />
  <finalization candidates="80" enqueued="0" />
  <ownableSynchronizers candidates="21" cleared="0" />
  <references type="soft" candidates="1460" cleared="0" enqueued="0" dynamicThreshold="15" maxThreshold="32" />
  <references type="weak" candidates="4496" cleared="0" enqueued="0" />
  <references type="phantom" candidates="100" cleared="0" enqueued="0" />
  <stringconstants candidates="8664" cleared="0"  />
</gc-op>
<gc-op id="341" type="sweep" timems="0.397" contextid="337" timestamp="2019-08-02T22:42:40.966" />
<gc-end id="342" type="global" contextid="337" durationms="3.856" usertimems="12.000" systemtimems="0.000" timestamp="2019-08-02T22:42:40.966" activeThreads="8">
  <mem-info id="343" free="4071176" total="8388608" percent="48">
    <mem type="tenure" free="4071176" total="8388608" percent="48" micro-fragmented="0" macro-fragmented="0">
      <mem type="soa" free="3988232" total="8305664" percent="48" />
      <mem type="loa" free="82944" total="82944" percent="100" />
    </mem>
  </mem-info>
</gc-end>
<cycle-end id="344" type="global" contextid="337" timestamp="2019-08-02T22:42:40.967" />
  <attribute name="elasticGC enabled" value="1" />
  <attribute name= "numThreadsSpecified" value="0" />
  <attribute name="heapSize specified" value="8388608" />
  <attribute name= "numCores" value="8" />
  <attribute name ="GC Interval" value="0" />
  <attribute name ="Control flow" value="2" />
  <attribute name="GC Util Range Max" value="101" />
  <attribute name="Current GC Util" value="132" />
  <attribute name= "Current Time Running" value="5266" />
<allocation-satisfied id="345" threadId="0000000001F64A00" bytesRequested="32784" />
<af-end id="346" timestamp="2019-08-02T22:42:40.967" threadId="0000000001F65388" success="true" />
<exclusive-end id="347" timestamp="2019-08-02T22:42:40.967" durationms="4.527" />

<exclusive-start id="348" timestamp="2019-08-02T22:42:40.982" intervalms="19.545">
  <response-info timems="0.072" idlems="0.072" threads="0" lastid="0000000001F64A00" lastname="main" />
</exclusive-start>
<af-start id="349" threadId="0000000001F65388" totalBytesRequested="32784" timestamp="2019-08-02T22:42:40.982" intervalms="19.536" />
<cycle-start id="350" type="global" contextid="0" timestamp="2019-08-02T22:42:40.982" intervalms="19.535" />
<gc-start id="351" type="global" contextid="350" timestamp="2019-08-02T22:42:40.982">
  <mem-info id="352" free="82944" total="8388608" percent="0">
    <mem type="tenure" free="82944" total="8388608" percent="0">
      <mem type="soa" free="0" total="8305664" percent="0" />
      <mem type="loa" free="82944" total="82944" percent="100" />
    </mem>
  </mem-info>
</gc-start>
<allocation-stats totalBytes="4020680" >
  <allocated-bytes non-tlh="0" tlh="4020680" />
  <largest-consumer threadName="main" threadId="0000000001F64A00" bytes="4020680" />
</allocation-stats>
<gc-op id="353" type="mark" timems="5.289" contextid="350" timestamp="2019-08-02T22:42:40.987">
  <trace-info objectcount="72716" scancount="60774" scanbytes="2083564" />
  <finalization candidates="80" enqueued="0" />
  <ownableSynchronizers candidates="21" cleared="0" />
  <references type="soft" candidates="1460" cleared="2" enqueued="2" dynamicThreshold="15" maxThreshold="32" />
  <references type="weak" candidates="4496" cleared="0" enqueued="0" />
  <references type="phantom" candidates="100" cleared="0" enqueued="0" />
  <stringconstants candidates="8664" cleared="0"  />
</gc-op>
<gc-op id="354" type="sweep" timems="0.215" contextid="350" timestamp="2019-08-02T22:42:40.988" />
<gc-end id="355" type="global" contextid="350" durationms="6.370" usertimems="8.000" systemtimems="0.000" timestamp="2019-08-02T22:42:40.988" activeThreads="8">
  <mem-info id="356" free="4104120" total="8388608" percent="48">
    <mem type="tenure" free="4104120" total="8388608" percent="48" micro-fragmented="1282" macro-fragmented="0">
      <mem type="soa" free="4021176" total="8305664" percent="48" />
      <mem type="loa" free="82944" total="82944" percent="100" />
    </mem>
    <pending-finalizers system="0" default="0" reference="2" classloader="0" />
  </mem-info>
</gc-end>
<cycle-end id="357" type="global" contextid="350" timestamp="2019-08-02T22:42:40.989" />
  <attribute name="elasticGC enabled" value="1" />
  <attribute name= "numThreadsSpecified" value="0" />
  <attribute name="heapSize specified" value="8388608" />
  <attribute name= "numCores" value="8" />
  <attribute name ="GC Interval" value="0" />
  <attribute name ="Control flow" value="3" />
  <attribute name="GC Util Range Max" value="101" />
  <attribute name="Current GC Util" value="46" />
  <attribute name= "Current Time Running" value="5289" />
<allocation-satisfied id="358" threadId="0000000001F64A00" bytesRequested="32784" />
<af-end id="359" timestamp="2019-08-02T22:42:40.989" threadId="0000000001F65388" success="true" />
<exclusive-end id="360" timestamp="2019-08-02T22:42:40.989" durationms="7.020" />

<exclusive-start id="361" timestamp="2019-08-02T22:42:41.004" intervalms="22.218">
  <response-info timems="0.073" idlems="0.073" threads="0" lastid="0000000001F64A00" lastname="main" />
</exclusive-start>
<af-start id="362" threadId="0000000001F65388" totalBytesRequested="32784" timestamp="2019-08-02T22:42:41.004" intervalms="22.201" />
<cycle-start id="363" type="global" contextid="0" timestamp="2019-08-02T22:42:41.004" intervalms="22.186" />
<gc-start id="364" type="global" contextid="363" timestamp="2019-08-02T22:42:41.004">
  <mem-info id="365" free="82944" total="8388608" percent="0">
    <mem type="tenure" free="82944" total="8388608" percent="0">
      <mem type="soa" free="0" total="8305664" percent="0" />
      <mem type="loa" free="82944" total="82944" percent="100" />
    </mem>
  </mem-info>
</gc-start>
<allocation-stats totalBytes="4086424" >
  <allocated-bytes non-tlh="0" tlh="4086424" />
  <largest-consumer threadName="main" threadId="0000000001F64A00" bytes="4086424" />
</allocation-stats>
<gc-op id="366" type="mark" timems="4.939" contextid="363" timestamp="2019-08-02T22:42:41.009">
  <trace-info objectcount="72679" scancount="60745" scanbytes="2112520" />
  <finalization candidates="80" enqueued="0" />
  <ownableSynchronizers candidates="21" cleared="0" />
  <references type="soft" candidates="1458" cleared="11" enqueued="10" dynamicThreshold="15" maxThreshold="32" />
  <references type="weak" candidates="4496" cleared="0" enqueued="0" />
  <references type="phantom" candidates="100" cleared="0" enqueued="0" />
  <stringconstants candidates="8664" cleared="0"  />
</gc-op>
<gc-op id="367" type="sweep" timems="0.264" contextid="363" timestamp="2019-08-02T22:42:41.010" />
<gc-end id="368" type="global" contextid="363" durationms="6.529" usertimems="12.000" systemtimems="0.000" timestamp="2019-08-02T22:42:41.011" activeThreads="8">
  <mem-info id="369" free="4137688" total="8388608" percent="49">
    <mem type="tenure" free="4137688" total="8388608" percent="49" micro-fragmented="0" macro-fragmented="0">
      <mem type="soa" free="4054744" total="8305664" percent="48" />
      <mem type="loa" free="82944" total="82944" percent="100" />
    </mem>
    <pending-finalizers system="0" default="0" reference="10" classloader="0" />
  </mem-info>
</gc-end>
<cycle-end id="370" type="global" contextid="363" timestamp="2019-08-02T22:42:41.011" />
  <attribute name="elasticGC enabled" value="1" />
  <attribute name= "numThreadsSpecified" value="0" />
  <attribute name="heapSize specified" value="8388608" />
  <attribute name= "numCores" value="8" />
  <attribute name ="GC Interval" value="0" />
  <attribute name ="Control flow" value="3" />
  <attribute name="GC Util Range Max" value="101" />
  <attribute name="Current GC Util" value="30" />
  <attribute name= "Current Time Running" value="5311" />
<allocation-satisfied id="371" threadId="0000000001F64A00" bytesRequested="32784" />
<af-end id="372" timestamp="2019-08-02T22:42:41.011" threadId="0000000001F65388" success="true" />
<exclusive-end id="373" timestamp="2019-08-02T22:42:41.011" durationms="7.329" />

<exclusive-start id="374" timestamp="2019-08-02T22:42:41.027" intervalms="22.681">
  <response-info timems="0.087" idlems="0.087" threads="0" lastid="0000000001F64A00" lastname="main" />
</exclusive-start>
<af-start id="375" threadId="0000000001F65388" totalBytesRequested="32784" timestamp="2019-08-02T22:42:41.027" intervalms="22.682" />
<cycle-start id="376" type="global" contextid="0" timestamp="2019-08-02T22:42:41.027" intervalms="22.699" />
<gc-start id="377" type="global" contextid="376" timestamp="2019-08-02T22:42:41.027">
  <mem-info id="378" free="82944" total="8388608" percent="0">
    <mem type="tenure" free="82944" total="8388608" percent="0">
      <mem type="soa" free="0" total="8305664" percent="0" />
      <mem type="loa" free="82944" total="82944" percent="100" />
    </mem>
  </mem-info>
</gc-start>
<allocation-stats totalBytes="4053552" >
  <allocated-bytes non-tlh="32784" tlh="4020768" />
  <largest-consumer threadName="main" threadId="0000000001F64A00" bytes="4053552" />
</allocation-stats>
<gc-op id="379" type="mark" timems="4.969" contextid="376" timestamp="2019-08-02T22:42:41.032">
  <trace-info objectcount="72654" scancount="60715" scanbytes="2111684" />
  <finalization candidates="80" enqueued="0" />
  <ownableSynchronizers candidates="21" cleared="0" />
  <references type="soft" candidates="1447" cleared="0" enqueued="0" dynamicThreshold="15" maxThreshold="32" />
  <references type="weak" candidates="4496" cleared="0" enqueued="0" />
  <references type="phantom" candidates="100" cleared="0" enqueued="0" />
  <stringconstants candidates="8664" cleared="0"  />
</gc-op>
<gc-op id="380" type="sweep" timems="0.466" contextid="376" timestamp="2019-08-02T22:42:41.033" />
<mem-info id="381" free="4138664" total="8388608" percent="49">
  <mem type="tenure" free="4138664" total="8388608" percent="49" micro-fragmented="2051" macro-fragmented="0">
    <mem type="soa" free="4055720" total="8305664" percent="48" />
    <mem type="loa" free="82944" total="82944" percent="100" />
  </mem>
</mem-info>
<gc-op id="382" type="compact" timems="10.224" contextid="376" timestamp="2019-08-02T22:42:41.043">
  <compact-info movecount="35005" movebytes="2028680" reason="no compaction" />
</gc-op>
<gc-end id="383" type="global" contextid="376" durationms="16.319" usertimems="28.000" systemtimems="0.000" timestamp="2019-08-02T22:42:41.043" activeThreads="8">
  <mem-info id="384" free="4076336" total="8388608" percent="48">
    <mem type="tenure" free="4076336" total="8388608" percent="48">
      <mem type="soa" free="3993392" total="8305664" percent="48" />
      <mem type="loa" free="82944" total="82944" percent="100" />
    </mem>
  </mem-info>
</gc-end>
<cycle-end id="385" type="global" contextid="376" timestamp="2019-08-02T22:42:41.043" />
  <attribute name="elasticGC enabled" value="1" />
  <attribute name= "numThreadsSpecified" value="0" />
  <attribute name="heapSize specified" value="8388608" />
  <attribute name= "numCores" value="8" />
  <attribute name ="GC Interval" value="0" />
  <attribute name ="Control flow" value="2" />
  <attribute name="GC Util Range Max" value="101" />
  <attribute name="Current GC Util" value="46" />
  <attribute name= "Current Time Running" value="5344" />
<allocation-satisfied id="386" threadId="0000000001F64A00" bytesRequested="32784" />
<af-end id="387" timestamp="2019-08-02T22:42:41.044" threadId="0000000001F65388" success="true" />
<exclusive-end id="388" timestamp="2019-08-02T22:42:41.044" durationms="16.972" />

<exclusive-start id="389" timestamp="2019-08-02T22:42:41.738" intervalms="711.282">
  <response-info timems="0.035" idlems="0.035" threads="0" lastid="0000000001F64A00" lastname="main" />
</exclusive-start>
<af-start id="390" threadId="0000000001F65388" totalBytesRequested="128" timestamp="2019-08-02T22:42:41.738" intervalms="711.276" />
<cycle-start id="391" type="global" contextid="0" timestamp="2019-08-02T22:42:41.738" intervalms="711.237" />
<gc-start id="392" type="global" contextid="391" timestamp="2019-08-02T22:42:41.738">
  <mem-info id="393" free="82944" total="8388608" percent="0">
    <mem type="tenure" free="82944" total="8388608" percent="0">
      <mem type="soa" free="0" total="8305664" percent="0" />
      <mem type="loa" free="82944" total="82944" percent="100" />
    </mem>
  </mem-info>
</gc-start>
<allocation-stats totalBytes="4058544" >
  <allocated-bytes non-tlh="35544" tlh="4023000" />
  <largest-consumer threadName="main" threadId="0000000001F64A00" bytes="4058544" />
</allocation-stats>
<gc-op id="394" type="mark" timems="7.076" contextid="391" timestamp="2019-08-02T22:42:41.745">
  <trace-info objectcount="77362" scancount="63949" scanbytes="2124844" />
  <finalization candidates="80" enqueued="0" />
  <ownableSynchronizers candidates="21" cleared="0" />
  <references type="soft" candidates="1450" cleared="0" enqueued="0" dynamicThreshold="15" maxThreshold="32" />
  <references type="weak" candidates="4523" cleared="19" enqueued="19" />
  <references type="phantom" candidates="102" cleared="2" enqueued="2" />
  <stringconstants candidates="9070" cleared="0"  />
</gc-op>
<gc-op id="395" type="sweep" timems="0.333" contextid="391" timestamp="2019-08-02T22:42:41.746" />
<gc-end id="396" type="global" contextid="391" durationms="8.356" usertimems="12.000" systemtimems="4.000" timestamp="2019-08-02T22:42:41.747" activeThreads="8">
  <mem-info id="397" free="3903936" total="8388608" percent="46">
    <mem type="tenure" free="3903936" total="8388608" percent="46" micro-fragmented="91741" macro-fragmented="0">
      <mem type="soa" free="3820992" total="8305664" percent="46" />
      <mem type="loa" free="82944" total="82944" percent="100" />
    </mem>
    <pending-finalizers system="0" default="0" reference="21" classloader="0" />
  </mem-info>
</gc-end>
<cycle-end id="398" type="global" contextid="391" timestamp="2019-08-02T22:42:41.747" />
  <attribute name="elasticGC enabled" value="1" />
  <attribute name= "numThreadsSpecified" value="0" />
  <attribute name="heapSize specified" value="8388608" />
  <attribute name= "numCores" value="8" />
  <attribute name ="GC Interval" value="0" />
  <attribute name ="Control flow" value="3" />
  <attribute name="GC Util Range Max" value="101" />
  <attribute name="Current GC Util" value="30" />
  <attribute name= "Current Time Running" value="6047" />
<allocation-satisfied id="399" threadId="0000000001F64A00" bytesRequested="128" />
<af-end id="400" timestamp="2019-08-02T22:42:41.747" threadId="0000000001F65388" success="true" />
<exclusive-end id="401" timestamp="2019-08-02T22:42:41.747" durationms="9.096" />

</verbosegc>

