<?xml version="1.0" ?>

<verbosegc xmlns="http://www.ibm.com/j9/verbosegc" version="25b0271_CMPRSS">

<initialized id="1" timestamp="2019-07-02T19:47:48.412">
  <attribute name="gcPolicy" value="-Xgcpolicy:optavgpause" />
  <attribute name="GC Util" value="0" />
  <attribute name="CPU Util" value="0" />
  <attribute name="Time Running"value="0"/>
  <attribute name="Number of cores"value="0"/>
  <attribute name="maxHeapSize" value="0x7cbc0000" />
  <attribute name="initialHeapSize" value="0x800000" />
  <attribute name="compressedRefs" value="true" />
  <attribute name="compressedRefsDisplacement" value="0x0" />
  <attribute name="compressedRefsShift" value="0x0" />
  <attribute name="pageSize" value="0x1000" />
  <attribute name="pageType" value="not used" />
  <attribute name="requestedPageSize" value="0x1000" />
  <attribute name="requestedPageType" value="not used" />
  <attribute name="gcthreads" value="4" />
  <attribute name="packetListSplit" value="4" />
  <attribute name="cacheListSplit" value="4" />
  <attribute name="splitFreeListSplitAmount" value="1" />
  <attribute name="numaNodes" value="0" />
  <system>
    <attribute name="physicalMemory" value="8370962432" />
    <attribute name="numCPUs" value="4" />
    <attribute name="architecture" value="amd64" />
    <attribute name="os" value="Linux" />
    <attribute name="osVersion" value="4.4.0-148-generic" />
  </system>
  <vmargs>
    <vmarg name="-Xoptionsfile=/vagrant/jdk/lib/options.default" />
    <vmarg name="-Xlockword:mode=default,noLockword=java/lang/String,noLockword=java/util/MapEntry,noLockword=java/util/HashMap$Entry,noLockword..." />
    <vmarg name="-Xjcl:jclse11_29" />
    <vmarg name="-Dcom.ibm.oti.vm.bootstrap.library.path=/vagrant/jdk/lib/compressedrefs:/vagrant/jdk/lib" />
    <vmarg name="-Dsun.boot.library.path=/vagrant/jdk/lib/compressedrefs:/vagrant/jdk/lib" />
    <vmarg name="-Djava.library.path=/vagrant/jdk/lib/compressedrefs:/vagrant/jdk/lib:/usr/lib64:/usr/lib" />
    <vmarg name="-Djava.home=/vagrant/jdk" />
    <vmarg name="-Duser.dir=/vagrant" />
    <vmarg name="-Xgcpolicy:optavgpause" />
    <vmarg name="-verbose:gc" />
    <vmarg name="-Xloggc:default-OPTAVGPAUSE-jdkF-verbose10avrora.txt" />
    <vmarg name="-Djava.class.path=dacapo-9.12-MR1-bach.jar" />
    <vmarg name="-Dsun.java.command=dacapo-9.12-MR1-bach.jar avrora --size=default" />
    <vmarg name="-Dsun.java.launcher=SUN_STANDARD" />
    <vmarg name="-Dsun.java.launcher.pid=15744" />
  </vmargs>
</initialized>

<exclusive-start id="2" timestamp="2019-07-02T19:47:49.181" intervalms="769.338">
  <response-info timems="0.019" idlems="0.019" threads="0" lastid="00000000018EE700" lastname="main" />
</exclusive-start>
<sys-start reason="explicit" id="3" timestamp="2019-07-02T19:47:49.182" intervalms="769.922" />
<cycle-start id="4" type="global" contextid="0" timestamp="2019-07-02T19:47:49.182" intervalms="770.347" />
  <attribute name="GC Util" value="0" />
  <attribute name="CPU Util" value="87" />
  <attribute name="Time Running"value="0"/>
  <attribute name="Number of cores"value="4"/>
<gc-start id="5" type="global" contextid="4" timestamp="2019-07-02T19:47:49.182">
  <mem-info id="6" free="1680056" total="8388608" percent="20">
    <mem type="tenure" free="1680056" total="8388608" percent="20">
      <mem type="soa" free="1261240" total="7969792" percent="15" />
      <mem type="loa" free="418816" total="418816" percent="100" />
    </mem>
  </mem-info>
</gc-start>
<allocation-stats totalBytes="6667808" >
  <allocated-bytes non-tlh="486728" tlh="6181080" />
  <largest-consumer threadName="main" threadId="00000000018EE700" bytes="6592120" />
</allocation-stats>
<gc-op id="7" type="mark" timems="1.425" contextid="4" timestamp="2019-07-02T19:47:49.184">
  <trace-info objectcount="17741" scancount="14655" scanbytes="462140" />
  <finalization candidates="19" enqueued="1" />
  <references type="soft" candidates="66" cleared="0" enqueued="0" dynamicThreshold="32" maxThreshold="32" />
  <references type="weak" candidates="576" cleared="412" enqueued="372" />
  <references type="phantom" candidates="99" cleared="41" enqueued="41" />
  <stringconstants candidates="2443" cleared="0"  />
</gc-op>
<gc-op id="8" type="classunload" timems="0.044" contextid="4" timestamp="2019-07-02T19:47:49.184">
  <classunload-info classloadercandidates="6" classloadersunloaded="0" classesunloaded="0" anonymousclassesunloaded="0" quiescems="0.000" setupms="0.044" scanms="0.000" postms="0.000" />
</gc-op>
<gc-op id="9" type="sweep" timems="0.555" contextid="4" timestamp="2019-07-02T19:47:49.185" />
<gc-end id="10" type="global" contextid="4" durationms="2.376" usertimems="0.000" systemtimems="4.000" timestamp="2019-07-02T19:47:49.185" activeThreads="4">
  <mem-info id="11" free="7125224" total="8388608" percent="84">
    <mem type="tenure" free="7125224" total="8388608" percent="84" micro-fragmented="146435">
      <mem type="soa" free="6706408" total="7969792" percent="84" />
      <mem type="loa" free="418816" total="418816" percent="100" />
    </mem>
    <pending-finalizers system="1" default="0" reference="413" classloader="0" />
  </mem-info>
</gc-end>
<cycle-end id="12" type="global" contextid="4" timestamp="2019-07-02T19:47:49.185">
  <attribute name="GC Util" value="57" />
  <attribute name="CPU Util" value="63028082595225" />
  <attribute name="Time Running"value="675"/>
  <attribute name="Number of cores"value="4"/>
</cycle-end>
<sys-end id="13" timestamp="2019-07-02T19:47:49.185" />
<exclusive-end id="14" timestamp="2019-07-02T19:47:49.185" durationms="3.634" />

<exclusive-start id="15" timestamp="2019-07-02T19:47:49.968" intervalms="787.119">
  <response-info timems="0.045" idlems="0.045" threads="0" lastid="0000000001BB0100" lastname="node-3" />
</exclusive-start>
<af-start id="16" threadId="0000000001BB0A88" totalBytesRequested="32" timestamp="2019-07-02T19:47:49.969" intervalms="1556.635" />
<cycle-start id="17" type="global" contextid="0" timestamp="2019-07-02T19:47:49.969" intervalms="786.427" />
  <attribute name="GC Util" value="57" />
  <attribute name="CPU Util" value="63028082595225" />
  <attribute name="Time Running"value="675"/>
  <attribute name="Number of cores"value="4"/>
<gc-start id="18" type="global" contextid="17" timestamp="2019-07-02T19:47:49.969">
  <mem-info id="19" free="418816" total="8388608" percent="4">
    <mem type="tenure" free="418816" total="8388608" percent="4">
      <mem type="soa" free="0" total="7969792" percent="0" />
      <mem type="loa" free="418816" total="418816" percent="100" />
    </mem>
  </mem-info>
</gc-start>
<allocation-stats totalBytes="6635904" >
  <allocated-bytes non-tlh="662112" tlh="5973792" />
  <largest-consumer threadName="main" threadId="00000000018EE700" bytes="6289936" />
</allocation-stats>
<gc-op id="20" type="mark" timems="1.777" contextid="17" timestamp="2019-07-02T19:47:49.971">
  <trace-info objectcount="46163" scancount="40101" scanbytes="1457748" />
  <finalization candidates="18" enqueued="0" />
  <references type="soft" candidates="66" cleared="0" enqueued="0" dynamicThreshold="27" maxThreshold="32" />
  <references type="weak" candidates="209" cleared="44" enqueued="44" />
  <references type="phantom" candidates="61" cleared="4" enqueued="4" />
  <stringconstants candidates="3815" cleared="0"  />
</gc-op>
<gc-op id="21" type="sweep" timems="0.211" contextid="17" timestamp="2019-07-02T19:47:49.971" />
<gc-end id="22" type="global" contextid="17" durationms="2.348" usertimems="4.000" systemtimems="0.000" timestamp="2019-07-02T19:47:49.971" activeThreads="4">
  <mem-info id="23" free="5300976" total="8388608" percent="63">
    <mem type="tenure" free="5300976" total="8388608" percent="63" micro-fragmented="597857">
      <mem type="soa" free="5028744" total="7969792" percent="63" />
      <mem type="loa" free="272232" total="418816" percent="65" />
    </mem>
    <pending-finalizers system="0" default="0" reference="48" classloader="0" />
  </mem-info>
</gc-end>
<cycle-end id="24" type="global" contextid="17" timestamp="2019-07-02T19:47:49.971">
  <attribute name="GC Util" value="87" />
  <attribute name="CPU Util" value="10096546630601" />
  <attribute name="Time Running"value="1461"/>
  <attribute name="Number of cores"value="4"/>
</cycle-end>
<allocation-satisfied id="25" threadId="0000000001BB0100" bytesRequested="32" />
<af-end id="26" timestamp="2019-07-02T19:47:49.972" threadId="0000000001BB0A88" success="true" />
<exclusive-end id="27" timestamp="2019-07-02T19:47:49.972" durationms="3.526" />

<concurrent-kickoff id="28" timestamp="2019-07-02T19:47:52.509">
  <kickoff reason="threshold reached" targetBytes="2489738" thresholdFreeBytes="343258" remainingFree="309328" tenureFreeBytes="309328" />
</concurrent-kickoff>
<exclusive-start id="29" timestamp="2019-07-02T19:47:52.509" intervalms="2540.331">
  <response-info timems="0.024" idlems="0.024" threads="0" lastid="0000000001BAC500" lastname="node-1" />
</exclusive-start>
<cycle-start id="30" type="global" contextid="0" timestamp="2019-07-02T19:47:52.509" intervalms="2540.069" />
  <attribute name="GC Util" value="87" />
  <attribute name="CPU Util" value="10096546630601" />
  <attribute name="Time Running"value="1461"/>
  <attribute name="Number of cores"value="4"/>
<exclusive-end id="31" timestamp="2019-07-02T19:47:52.509" durationms="0.109" />

<exclusive-start id="32" timestamp="2019-07-02T19:47:52.575" intervalms="66.141">
  <response-info timems="0.028" idlems="0.028" threads="0" lastid="0000000001BA8900" lastname="node-5" />
</exclusive-start>
<af-start id="33" threadId="0000000001BA9288" totalBytesRequested="24" timestamp="2019-07-02T19:47:52.575" intervalms="2606.364" />
<gc-start id="34" type="global" contextid="30" timestamp="2019-07-02T19:47:52.575">
  <mem-info id="35" free="418816" total="8388608" percent="4">
    <mem type="tenure" free="418816" total="8388608" percent="4">
      <mem type="soa" free="0" total="7969792" percent="0" />
      <mem type="loa" free="418816" total="418816" percent="100" />
    </mem>
  </mem-info>
</gc-start>
<allocation-stats totalBytes="5008696" >
  <allocated-bytes non-tlh="0" tlh="5008696" />
  <largest-consumer threadName="node-2" threadId="0000000001BB3D00" bytes="882080" />
</allocation-stats>
<concurrent-halted id="36" timestamp="2019-07-02T19:47:52.576">
  <halted state="Complete" status="trace only" />
  <traced bytesTarget="2489738" bytesTotal="875856" bytesByMutator="7740" bytesByHelper="868116" percent="35" />
  <cards cleaned="0" thresholdBytes="135222" />
</concurrent-halted>
<gc-op id="37" type="card-cleaning" timems="0.588" contextid="30" timestamp="2019-07-02T19:47:52.576">
  <card-cleaning cardsCleaned="72" bytesTraced="267136" workStackOverflowCount="0" />
</gc-op>
<gc-op id="38" type="mark" timems="0.737" contextid="30" timestamp="2019-07-02T19:47:52.577">
  <trace-info objectcount="9179" scancount="9269" scanbytes="337264" />
  <finalization candidates="18" enqueued="0" />
  <references type="soft" candidates="66" cleared="0" enqueued="0" dynamicThreshold="20" maxThreshold="32" />
  <references type="weak" candidates="165" cleared="0" enqueued="0" />
  <references type="phantom" candidates="57" cleared="0" enqueued="0" />
  <stringconstants candidates="3815" cleared="0"  />
</gc-op>
<gc-op id="39" type="sweep" timems="0.255" contextid="30" timestamp="2019-07-02T19:47:52.577" />
<gc-end id="40" type="global" contextid="30" durationms="2.098" usertimems="0.000" systemtimems="0.000" timestamp="2019-07-02T19:47:52.577" activeThreads="4">
  <mem-info id="41" free="5372104" total="8388608" percent="64">
    <mem type="tenure" free="5372104" total="8388608" percent="64" micro-fragmented="491494">
      <mem type="soa" free="5026576" total="7969792" percent="63" />
      <mem type="loa" free="345528" total="418816" percent="82" />
    </mem>
  </mem-info>
</gc-end>
<cycle-end id="42" type="global" contextid="30" timestamp="2019-07-02T19:47:52.578">
  <attribute name="GC Util" value="77" />
  <attribute name="CPU Util" value="22777610624179" />
  <attribute name="Time Running"value="4067"/>
  <attribute name="Number of cores"value="4"/>
</cycle-end>
<allocation-satisfied id="43" threadId="0000000001BA8900" bytesRequested="24" />
<af-end id="44" timestamp="2019-07-02T19:47:52.578" threadId="0000000001BA9288" success="true" />
<exclusive-end id="45" timestamp="2019-07-02T19:47:52.578" durationms="3.119" />

<exclusive-start id="46" timestamp="2019-07-02T19:47:55.184" intervalms="2609.504">
  <response-info timems="0.028" idlems="0.028" threads="0" lastid="0000000001BA4D00" lastname="node-0" />
</exclusive-start>
<af-start id="47" threadId="0000000001BA5688" totalBytesRequested="32" timestamp="2019-07-02T19:47:55.185" intervalms="2609.608" />
<cycle-start id="48" type="global" contextid="0" timestamp="2019-07-02T19:47:55.185" intervalms="2676.029" />
  <attribute name="GC Util" value="0" />
  <attribute name="CPU Util" value="30" />
  <attribute name="Time Running"value="6675"/>
  <attribute name="Number of cores"value="4"/>
<gc-start id="49" type="global" contextid="48" timestamp="2019-07-02T19:47:55.185">
  <mem-info id="50" free="418816" total="8388608" percent="4">
    <mem type="tenure" free="418816" total="8388608" percent="4">
      <mem type="soa" free="0" total="7969792" percent="0" />
      <mem type="loa" free="418816" total="418816" percent="100" />
    </mem>
  </mem-info>
</gc-start>
<allocation-stats totalBytes="5008376" >
  <allocated-bytes non-tlh="0" tlh="5008376" />
  <largest-consumer threadName="node-4" threadId="0000000001BBEA00" bytes="869144" />
</allocation-stats>
<gc-op id="51" type="mark" timems="1.743" contextid="48" timestamp="2019-07-02T19:47:55.187">
  <trace-info objectcount="45964" scancount="39942" scanbytes="1453732" />
  <finalization candidates="18" enqueued="0" />
  <references type="soft" candidates="66" cleared="0" enqueued="0" dynamicThreshold="20" maxThreshold="32" />
  <references type="weak" candidates="165" cleared="0" enqueued="0" />
  <references type="phantom" candidates="57" cleared="0" enqueued="0" />
  <stringconstants candidates="3815" cleared="0"  />
</gc-op>
<gc-op id="52" type="sweep" timems="0.203" contextid="48" timestamp="2019-07-02T19:47:55.187" />
<gc-end id="53" type="global" contextid="48" durationms="2.376" usertimems="0.000" systemtimems="4.000" timestamp="2019-07-02T19:47:55.187" activeThreads="4">
  <mem-info id="54" free="5435728" total="8388608" percent="64">
    <mem type="tenure" free="5435728" total="8388608" percent="64" micro-fragmented="475659">
      <mem type="soa" free="5053552" total="7969792" percent="63" />
      <mem type="loa" free="382176" total="418816" percent="91" />
    </mem>
  </mem-info>
</gc-end>
<cycle-end id="55" type="global" contextid="48" timestamp="2019-07-02T19:47:55.187">
  <attribute name="GC Util" value="85" />
  <attribute name="CPU Util" value="9637681507798" />
  <attribute name="Time Running"value="6677"/>
  <attribute name="Number of cores"value="4"/>
</cycle-end>
<allocation-satisfied id="56" threadId="0000000001BA4D00" bytesRequested="32" />
<af-end id="57" timestamp="2019-07-02T19:47:55.188" threadId="0000000001BA5688" success="true" />
<exclusive-end id="58" timestamp="2019-07-02T19:47:55.188" durationms="3.430" />

<exclusive-start id="59" timestamp="2019-07-02T19:47:57.832" intervalms="2647.280">
  <response-info timems="0.027" idlems="0.027" threads="0" lastid="0000000001BA8900" lastname="node-5" />
</exclusive-start>
<af-start id="60" threadId="0000000001BA9288" totalBytesRequested="32" timestamp="2019-07-02T19:47:57.832" intervalms="2647.506" />
<cycle-start id="61" type="global" contextid="0" timestamp="2019-07-02T19:47:57.832" intervalms="2647.432" />
  <attribute name="GC Util" value="0" />
  <attribute name="CPU Util" value="29" />
  <attribute name="Time Running"value="9323"/>
  <attribute name="Number of cores"value="4"/>
<gc-start id="62" type="global" contextid="61" timestamp="2019-07-02T19:47:57.832">
  <mem-info id="63" free="418816" total="8388608" percent="4">
    <mem type="tenure" free="418816" total="8388608" percent="4">
      <mem type="soa" free="0" total="7969792" percent="0" />
      <mem type="loa" free="418816" total="418816" percent="100" />
    </mem>
  </mem-info>
</gc-start>
<allocation-stats totalBytes="5035184" >
  <allocated-bytes non-tlh="0" tlh="5035184" />
  <largest-consumer threadName="node-4" threadId="0000000001BBEA00" bytes="886424" />
</allocation-stats>
<gc-op id="64" type="mark" timems="2.432" contextid="61" timestamp="2019-07-02T19:47:57.835">
  <trace-info objectcount="45950" scancount="39925" scanbytes="1453548" />
  <finalization candidates="18" enqueued="0" />
  <references type="soft" candidates="66" cleared="0" enqueued="0" dynamicThreshold="20" maxThreshold="32" />
  <references type="weak" candidates="165" cleared="0" enqueued="0" />
  <references type="phantom" candidates="57" cleared="0" enqueued="0" />
  <stringconstants candidates="3815" cleared="0"  />
</gc-op>
<gc-op id="65" type="sweep" timems="0.196" contextid="61" timestamp="2019-07-02T19:47:57.835" />
<gc-end id="66" type="global" contextid="61" durationms="3.136" usertimems="4.000" systemtimems="0.000" timestamp="2019-07-02T19:47:57.836" activeThreads="4">
  <mem-info id="67" free="5444344" total="8388608" percent="64">
    <mem type="tenure" free="5444344" total="8388608" percent="64" micro-fragmented="494695">
      <mem type="soa" free="5054840" total="7969792" percent="63" />
      <mem type="loa" free="389504" total="418816" percent="93" />
    </mem>
  </mem-info>
</gc-end>
<cycle-end id="68" type="global" contextid="61" timestamp="2019-07-02T19:47:57.836">
  <attribute name="GC Util" value="88" />
  <attribute name="CPU Util" value="7216798850573" />
  <attribute name="Time Running"value="9326"/>
  <attribute name="Number of cores"value="4"/>
</cycle-end>
<allocation-satisfied id="69" threadId="0000000001BA8900" bytesRequested="32" />
<af-end id="70" timestamp="2019-07-02T19:47:57.836" threadId="0000000001BA9288" success="true" />
<exclusive-end id="71" timestamp="2019-07-02T19:47:57.836" durationms="4.267" />

<exclusive-start id="72" timestamp="2019-07-02T19:48:00.442" intervalms="2609.975">
  <response-info timems="0.036" idlems="0.036" threads="0" lastid="0000000001BBEA00" lastname="node-4" />
</exclusive-start>
<af-start id="73" threadId="0000000001BBF388" totalBytesRequested="16" timestamp="2019-07-02T19:48:00.442" intervalms="2609.660" />
<cycle-start id="74" type="global" contextid="0" timestamp="2019-07-02T19:48:00.442" intervalms="2609.655" />
  <attribute name="GC Util" value="0" />
  <attribute name="CPU Util" value="27" />
  <attribute name="Time Running"value="11932"/>
  <attribute name="Number of cores"value="4"/>
<gc-start id="75" type="global" contextid="74" timestamp="2019-07-02T19:48:00.442">
  <mem-info id="76" free="418816" total="8388608" percent="4">
    <mem type="tenure" free="418816" total="8388608" percent="4">
      <mem type="soa" free="0" total="7969792" percent="0" />
      <mem type="loa" free="418816" total="418816" percent="100" />
    </mem>
  </mem-info>
</gc-start>
<allocation-stats totalBytes="5037184" >
  <allocated-bytes non-tlh="0" tlh="5037184" />
  <largest-consumer threadName="node-5" threadId="0000000001BA8900" bytes="892392" />
</allocation-stats>
<gc-op id="77" type="mark" timems="2.675" contextid="74" timestamp="2019-07-02T19:48:00.445">
  <trace-info objectcount="45967" scancount="39933" scanbytes="1453740" />
  <finalization candidates="18" enqueued="0" />
  <references type="soft" candidates="66" cleared="0" enqueued="0" dynamicThreshold="20" maxThreshold="32" />
  <references type="weak" candidates="165" cleared="0" enqueued="0" />
  <references type="phantom" candidates="57" cleared="0" enqueued="0" />
  <stringconstants candidates="3815" cleared="0"  />
</gc-op>
<gc-op id="78" type="sweep" timems="0.202" contextid="74" timestamp="2019-07-02T19:48:00.445" />
<gc-end id="79" type="global" contextid="74" durationms="3.106" usertimems="4.000" systemtimems="4.000" timestamp="2019-07-02T19:48:00.445" activeThreads="4">
  <mem-info id="80" free="5448304" total="8388608" percent="64">
    <mem type="tenure" free="5448304" total="8388608" percent="64" micro-fragmented="475401">
      <mem type="soa" free="5052936" total="7969792" percent="63" />
      <mem type="loa" free="395368" total="418816" percent="94" />
    </mem>
  </mem-info>
</gc-end>
<cycle-end id="81" type="global" contextid="74" timestamp="2019-07-02T19:48:00.445">
  <attribute name="GC Util" value="92" />
  <attribute name="CPU Util" value="6730204715211" />
  <attribute name="Time Running"value="11935"/>
  <attribute name="Number of cores"value="4"/>
</cycle-end>
<allocation-satisfied id="82" threadId="0000000001BBEA00" bytesRequested="16" />
<af-end id="83" timestamp="2019-07-02T19:48:00.445" threadId="0000000001BBF388" success="true" />
<exclusive-end id="84" timestamp="2019-07-02T19:48:00.446" durationms="3.938" />

<exclusive-start id="85" timestamp="2019-07-02T19:48:03.101" intervalms="2659.737">
  <response-info timems="0.025" idlems="0.025" threads="0" lastid="0000000001BA4D00" lastname="node-0" />
</exclusive-start>
<af-start id="86" threadId="0000000001BA5688" totalBytesRequested="32" timestamp="2019-07-02T19:48:03.102" intervalms="2659.730" />
<cycle-start id="87" type="global" contextid="0" timestamp="2019-07-02T19:48:03.102" intervalms="2659.707" />
  <attribute name="GC Util" value="0" />
  <attribute name="CPU Util" value="64" />
  <attribute name="Time Running"value="14592"/>
  <attribute name="Number of cores"value="4"/>
<gc-start id="88" type="global" contextid="87" timestamp="2019-07-02T19:48:03.102">
  <mem-info id="89" free="418816" total="8388608" percent="4">
    <mem type="tenure" free="418816" total="8388608" percent="4">
      <mem type="soa" free="0" total="7969792" percent="0" />
      <mem type="loa" free="418816" total="418816" percent="100" />
    </mem>
  </mem-info>
</gc-start>
<allocation-stats totalBytes="5034368" >
  <allocated-bytes non-tlh="0" tlh="5034368" />
  <largest-consumer threadName="node-5" threadId="0000000001BA8900" bytes="906800" />
</allocation-stats>
<gc-op id="90" type="mark" timems="1.663" contextid="87" timestamp="2019-07-02T19:48:03.104">
  <trace-info objectcount="45952" scancount="39943" scanbytes="1453596" />
  <finalization candidates="18" enqueued="0" />
  <references type="soft" candidates="66" cleared="0" enqueued="0" dynamicThreshold="20" maxThreshold="32" />
  <references type="weak" candidates="165" cleared="0" enqueued="0" />
  <references type="phantom" candidates="57" cleared="0" enqueued="0" />
  <stringconstants candidates="3815" cleared="0"  />
</gc-op>
<gc-op id="91" type="sweep" timems="0.216" contextid="87" timestamp="2019-07-02T19:48:03.104" />
<gc-end id="92" type="global" contextid="87" durationms="2.388" usertimems="0.000" systemtimems="0.000" timestamp="2019-07-02T19:48:03.104" activeThreads="4">
  <mem-info id="93" free="5453800" total="8388608" percent="65">
    <mem type="tenure" free="5453800" total="8388608" percent="65" micro-fragmented="464471">
      <mem type="soa" free="5053744" total="7969792" percent="63" />
      <mem type="loa" free="400056" total="418816" percent="95" />
    </mem>
  </mem-info>
</gc-end>
<cycle-end id="94" type="global" contextid="87" timestamp="2019-07-02T19:48:03.106">
  <attribute name="GC Util" value="87" />
  <attribute name="CPU Util" value="10423155395300" />
  <attribute name="Time Running"value="14594"/>
  <attribute name="Number of cores"value="4"/>
</cycle-end>
<allocation-satisfied id="95" threadId="0000000001BA4D00" bytesRequested="32" />
<af-end id="96" timestamp="2019-07-02T19:48:03.106" threadId="0000000001BA5688" success="true" />
<exclusive-end id="97" timestamp="2019-07-02T19:48:03.106" durationms="4.602" />

<exclusive-start id="98" timestamp="2019-07-02T19:48:05.612" intervalms="2510.778">
  <response-info timems="0.023" idlems="0.023" threads="0" lastid="0000000001BB3D00" lastname="node-2" />
</exclusive-start>
<af-start id="99" threadId="0000000001BB4688" totalBytesRequested="32" timestamp="2019-07-02T19:48:05.612" intervalms="2510.781" />
<cycle-start id="100" type="global" contextid="0" timestamp="2019-07-02T19:48:05.612" intervalms="2510.775" />
  <attribute name="GC Util" value="0" />
  <attribute name="CPU Util" value="30" />
  <attribute name="Time Running"value="17103"/>
  <attribute name="Number of cores"value="4"/>
<gc-start id="101" type="global" contextid="100" timestamp="2019-07-02T19:48:05.613">
  <mem-info id="102" free="418816" total="8388608" percent="4">
    <mem type="tenure" free="418816" total="8388608" percent="4">
      <mem type="soa" free="0" total="7969792" percent="0" />
      <mem type="loa" free="418816" total="418816" percent="100" />
    </mem>
  </mem-info>
</gc-start>
<allocation-stats totalBytes="5038824" >
  <allocated-bytes non-tlh="0" tlh="5038824" />
  <largest-consumer threadName="node-5" threadId="0000000001BA8900" bytes="890296" />
</allocation-stats>
<gc-op id="103" type="mark" timems="1.664" contextid="100" timestamp="2019-07-02T19:48:05.614">
  <trace-info objectcount="45950" scancount="39926" scanbytes="1453548" />
  <finalization candidates="18" enqueued="0" />
  <references type="soft" candidates="66" cleared="0" enqueued="0" dynamicThreshold="20" maxThreshold="32" />
  <references type="weak" candidates="165" cleared="0" enqueued="0" />
  <references type="phantom" candidates="57" cleared="0" enqueued="0" />
  <stringconstants candidates="3815" cleared="0"  />
</gc-op>
<gc-op id="104" type="sweep" timems="0.201" contextid="100" timestamp="2019-07-02T19:48:05.615" />
<gc-end id="105" type="global" contextid="100" durationms="2.262" usertimems="4.000" systemtimems="0.000" timestamp="2019-07-02T19:48:05.615" activeThreads="4">
  <mem-info id="106" free="5459760" total="8388608" percent="65">
    <mem type="tenure" free="5459760" total="8388608" percent="65" micro-fragmented="475273">
      <mem type="soa" free="5055952" total="7969792" percent="63" />
      <mem type="loa" free="403808" total="418816" percent="96" />
    </mem>
  </mem-info>
</gc-end>
<cycle-end id="107" type="global" contextid="100" timestamp="2019-07-02T19:48:05.615">
  <attribute name="GC Util" value="87" />
  <attribute name="CPU Util" value="10302186052291" />
  <attribute name="Time Running"value="17105"/>
  <attribute name="Number of cores"value="4"/>
</cycle-end>
<allocation-satisfied id="108" threadId="0000000001BB3D00" bytesRequested="32" />
<af-end id="109" timestamp="2019-07-02T19:48:05.615" threadId="0000000001BB4688" success="true" />
<exclusive-end id="110" timestamp="2019-07-02T19:48:05.615" durationms="3.205" />

<exclusive-start id="111" timestamp="2019-07-02T19:48:08.142" intervalms="2529.661">
  <response-info timems="0.021" idlems="0.021" threads="0" lastid="0000000001BB3D00" lastname="node-2" />
</exclusive-start>
<af-start id="112" threadId="0000000001BB4688" totalBytesRequested="24" timestamp="2019-07-02T19:48:08.142" intervalms="2529.701" />
<cycle-start id="113" type="global" contextid="0" timestamp="2019-07-02T19:48:08.142" intervalms="2529.777" />
  <attribute name="GC Util" value="0" />
  <attribute name="CPU Util" value="28" />
  <attribute name="Time Running"value="19632"/>
  <attribute name="Number of cores"value="4"/>
<gc-start id="114" type="global" contextid="113" timestamp="2019-07-02T19:48:08.142">
  <mem-info id="115" free="418816" total="8388608" percent="4">
    <mem type="tenure" free="418816" total="8388608" percent="4">
      <mem type="soa" free="0" total="7969792" percent="0" />
      <mem type="loa" free="418816" total="418816" percent="100" />
    </mem>
  </mem-info>
</gc-start>
<allocation-stats totalBytes="5036744" >
  <allocated-bytes non-tlh="0" tlh="5036744" />
  <largest-consumer threadName="node-4" threadId="0000000001BBEA00" bytes="914056" />
</allocation-stats>
<gc-op id="116" type="mark" timems="1.641" contextid="113" timestamp="2019-07-02T19:48:08.144">
  <trace-info objectcount="45952" scancount="39927" scanbytes="1453596" />
  <finalization candidates="18" enqueued="0" />
  <references type="soft" candidates="66" cleared="0" enqueued="0" dynamicThreshold="20" maxThreshold="32" />
  <references type="weak" candidates="165" cleared="0" enqueued="0" />
  <references type="phantom" candidates="57" cleared="0" enqueued="0" />
  <stringconstants candidates="3815" cleared="0"  />
</gc-op>
<gc-op id="117" type="sweep" timems="0.213" contextid="113" timestamp="2019-07-02T19:48:08.144" />
<gc-end id="118" type="global" contextid="113" durationms="2.236" usertimems="4.000" systemtimems="0.000" timestamp="2019-07-02T19:48:08.145" activeThreads="4">
  <mem-info id="119" free="5462440" total="8388608" percent="65">
    <mem type="tenure" free="5462440" total="8388608" percent="65" micro-fragmented="475273">
      <mem type="soa" free="5055632" total="7969792" percent="63" />
      <mem type="loa" free="406808" total="418816" percent="97" />
    </mem>
  </mem-info>
</gc-end>
<cycle-end id="120" type="global" contextid="113" timestamp="2019-07-02T19:48:08.145">
  <attribute name="GC Util" value="86" />
  <attribute name="CPU Util" value="10578529233463" />
  <attribute name="Time Running"value="19635"/>
  <attribute name="Number of cores"value="4"/>
</cycle-end>
<allocation-satisfied id="121" threadId="0000000001BB3D00" bytesRequested="24" />
<af-end id="122" timestamp="2019-07-02T19:48:08.145" threadId="0000000001BB4688" success="true" />
<exclusive-end id="123" timestamp="2019-07-02T19:48:08.145" durationms="3.264" />

<exclusive-start id="124" timestamp="2019-07-02T19:48:10.941" intervalms="2799.027">
  <response-info timems="0.022" idlems="0.022" threads="0" lastid="0000000001BB0100" lastname="node-3" />
</exclusive-start>
<af-start id="125" threadId="0000000001BB0A88" totalBytesRequested="24" timestamp="2019-07-02T19:48:10.941" intervalms="2798.982" />
<cycle-start id="126" type="global" contextid="0" timestamp="2019-07-02T19:48:10.941" intervalms="2799.071" />
  <attribute name="GC Util" value="0" />
  <attribute name="CPU Util" value="22" />
  <attribute name="Time Running"value="22432"/>
  <attribute name="Number of cores"value="4"/>
<gc-start id="127" type="global" contextid="126" timestamp="2019-07-02T19:48:10.941">
  <mem-info id="128" free="418816" total="8388608" percent="4">
    <mem type="tenure" free="418816" total="8388608" percent="4">
      <mem type="soa" free="0" total="7969792" percent="0" />
      <mem type="loa" free="418816" total="418816" percent="100" />
    </mem>
  </mem-info>
</gc-start>
<allocation-stats totalBytes="5036384" >
  <allocated-bytes non-tlh="0" tlh="5036384" />
  <largest-consumer threadName="node-5" threadId="0000000001BA8900" bytes="902088" />
</allocation-stats>
<gc-op id="129" type="mark" timems="1.665" contextid="126" timestamp="2019-07-02T19:48:10.943">
  <trace-info objectcount="45950" scancount="39990" scanbytes="1453548" />
  <finalization candidates="18" enqueued="0" />
  <references type="soft" candidates="66" cleared="0" enqueued="0" dynamicThreshold="20" maxThreshold="32" />
  <references type="weak" candidates="165" cleared="0" enqueued="0" />
  <references type="phantom" candidates="57" cleared="0" enqueued="0" />
  <stringconstants candidates="3815" cleared="0"  />
</gc-op>
<gc-op id="130" type="sweep" timems="0.204" contextid="126" timestamp="2019-07-02T19:48:10.944" />
<gc-end id="131" type="global" contextid="126" durationms="2.383" usertimems="0.000" systemtimems="4.000" timestamp="2019-07-02T19:48:10.944" activeThreads="4">
  <mem-info id="132" free="5465264" total="8388608" percent="65">
    <mem type="tenure" free="5465264" total="8388608" percent="65" micro-fragmented="475144">
      <mem type="soa" free="5056048" total="7969792" percent="63" />
      <mem type="loa" free="409216" total="418816" percent="97" />
    </mem>
  </mem-info>
</gc-end>
<cycle-end id="133" type="global" contextid="126" timestamp="2019-07-02T19:48:10.944">
  <attribute name="GC Util" value="83" />
  <attribute name="CPU Util" value="10191954211645" />
  <attribute name="Time Running"value="22434"/>
  <attribute name="Number of cores"value="4"/>
</cycle-end>
<allocation-satisfied id="134" threadId="0000000001BB0100" bytesRequested="24" />
<af-end id="135" timestamp="2019-07-02T19:48:10.944" threadId="0000000001BB0A88" success="true" />
<exclusive-end id="136" timestamp="2019-07-02T19:48:10.944" durationms="3.309" />

<exclusive-start id="137" timestamp="2019-07-02T19:48:13.370" intervalms="2428.751">
  <response-info timems="0.022" idlems="0.022" threads="0" lastid="0000000001BA8900" lastname="node-5" />
</exclusive-start>
<af-start id="138" threadId="0000000001BA9288" totalBytesRequested="32" timestamp="2019-07-02T19:48:13.370" intervalms="2428.776" />
<cycle-start id="139" type="global" contextid="0" timestamp="2019-07-02T19:48:13.370" intervalms="2428.648" />
  <attribute name="GC Util" value="0" />
  <attribute name="CPU Util" value="28" />
  <attribute name="Time Running"value="24860"/>
  <attribute name="Number of cores"value="4"/>
<gc-start id="140" type="global" contextid="139" timestamp="2019-07-02T19:48:13.370">
  <mem-info id="141" free="418816" total="8388608" percent="4">
    <mem type="tenure" free="418816" total="8388608" percent="4">
      <mem type="soa" free="0" total="7969792" percent="0" />
      <mem type="loa" free="418816" total="418816" percent="100" />
    </mem>
  </mem-info>
</gc-start>
<allocation-stats totalBytes="5038480" >
  <allocated-bytes non-tlh="0" tlh="5038480" />
  <largest-consumer threadName="node-4" threadId="0000000001BBEA00" bytes="913704" />
</allocation-stats>
<gc-op id="142" type="mark" timems="1.708" contextid="139" timestamp="2019-07-02T19:48:13.372">
  <trace-info objectcount="45952" scancount="39938" scanbytes="1453596" />
  <finalization candidates="18" enqueued="0" />
  <references type="soft" candidates="66" cleared="0" enqueued="0" dynamicThreshold="20" maxThreshold="32" />
  <references type="weak" candidates="165" cleared="0" enqueued="0" />
  <references type="phantom" candidates="57" cleared="0" enqueued="0" />
  <stringconstants candidates="3815" cleared="0"  />
</gc-op>
<gc-op id="143" type="sweep" timems="0.236" contextid="139" timestamp="2019-07-02T19:48:13.372" />
<gc-end id="144" type="global" contextid="139" durationms="2.356" usertimems="0.000" systemtimems="4.000" timestamp="2019-07-02T19:48:13.372" activeThreads="4">
  <mem-info id="145" free="5467168" total="8388608" percent="65">
    <mem type="tenure" free="5467168" total="8388608" percent="65" micro-fragmented="475144">
      <mem type="soa" free="5056032" total="7969792" percent="63" />
      <mem type="loa" free="411136" total="418816" percent="98" />
    </mem>
  </mem-info>
</gc-end>
<cycle-end id="146" type="global" contextid="139" timestamp="2019-07-02T19:48:13.373">
  <attribute name="GC Util" value="85" />
  <attribute name="CPU Util" value="10215444973522" />
  <attribute name="Time Running"value="24862"/>
  <attribute name="Number of cores"value="4"/>
</cycle-end>
<allocation-satisfied id="147" threadId="0000000001BA8900" bytesRequested="32" />
<af-end id="148" timestamp="2019-07-02T19:48:13.373" threadId="0000000001BA9288" success="true" />
<exclusive-end id="149" timestamp="2019-07-02T19:48:13.373" durationms="3.156" />

<exclusive-start id="150" timestamp="2019-07-02T19:48:15.714" intervalms="2343.943">
  <response-info timems="0.024" idlems="0.024" threads="1" lastid="0000000001BB3D00" lastname="node-2" />
</exclusive-start>
<af-start id="151" threadId="0000000001BA9288" totalBytesRequested="32" timestamp="2019-07-02T19:48:15.714" intervalms="2343.926" />
<cycle-start id="152" type="global" contextid="0" timestamp="2019-07-02T19:48:15.714" intervalms="2343.888" />
  <attribute name="GC Util" value="0" />
  <attribute name="CPU Util" value="22" />
  <attribute name="Time Running"value="27204"/>
  <attribute name="Number of cores"value="4"/>
<gc-start id="153" type="global" contextid="152" timestamp="2019-07-02T19:48:15.714">
  <mem-info id="154" free="418816" total="8388608" percent="4">
    <mem type="tenure" free="418816" total="8388608" percent="4">
      <mem type="soa" free="0" total="7969792" percent="0" />
      <mem type="loa" free="418816" total="418816" percent="100" />
    </mem>
  </mem-info>
</gc-start>
<allocation-stats totalBytes="5038488" >
  <allocated-bytes non-tlh="0" tlh="5038488" />
  <largest-consumer threadName="node-4" threadId="0000000001BBEA00" bytes="883768" />
</allocation-stats>
<gc-op id="155" type="mark" timems="1.942" contextid="152" timestamp="2019-07-02T19:48:15.716">
  <trace-info objectcount="45960" scancount="39930" scanbytes="1453700" />
  <finalization candidates="18" enqueued="0" />
  <references type="soft" candidates="66" cleared="0" enqueued="0" dynamicThreshold="20" maxThreshold="32" />
  <references type="weak" candidates="165" cleared="0" enqueued="0" />
  <references type="phantom" candidates="57" cleared="0" enqueued="0" />
  <stringconstants candidates="3815" cleared="0"  />
</gc-op>
<gc-op id="156" type="sweep" timems="0.510" contextid="152" timestamp="2019-07-02T19:48:15.717" />
<gc-end id="157" type="global" contextid="152" durationms="2.706" usertimems="4.000" systemtimems="4.000" timestamp="2019-07-02T19:48:15.717" activeThreads="4">
  <mem-info id="158" free="5467632" total="8388608" percent="65">
    <mem type="tenure" free="5467632" total="8388608" percent="65" micro-fragmented="475530">
      <mem type="soa" free="5054960" total="7969792" percent="63" />
      <mem type="loa" free="412672" total="418816" percent="98" />
    </mem>
  </mem-info>
</gc-end>
<cycle-end id="159" type="global" contextid="152" timestamp="2019-07-02T19:48:15.717">
  <attribute name="GC Util" value="108" />
  <attribute name="CPU Util" value="9089080864925" />
  <attribute name="Time Running"value="27206"/>
  <attribute name="Number of cores"value="4"/>
</cycle-end>
<allocation-satisfied id="160" threadId="0000000001BA8900" bytesRequested="32" />
<af-end id="161" timestamp="2019-07-02T19:48:15.717" threadId="0000000001BA9288" success="true" />
<exclusive-end id="162" timestamp="2019-07-02T19:48:15.717" durationms="3.433" />

</verbosegc>

