<?xml version="1.0" ?>

<verbosegc xmlns="http://www.ibm.com/j9/verbosegc" version="10b4217_CMPRSS">

<initialized id="1" timestamp="2019-06-15T23:42:35.240">
  <attribute name="gcPolicy" value="-Xgcpolicy:balanced" />
  <attribute name="elasticGC enabled" value="1" />
  <attribute name= "numThreadsSpecified" value="0" />
  <attribute name="heapSize specified" value="0" />
  <attribute name="Current GC Util" value="0" />
  <attribute name= "Current Time Running" value="0" />
  <attribute name ="GC Interval" value="0" />
  <attribute name="ProportionalT" value="0.000000" />
  <attribute name="ProportionalI" value="0.000000" />
  <attribute name="ProportionalH" value="0.000000" />
  <attribute name="IntegralT" value="0.000000" />
  <attribute name="IntegralI" value="0.000000" />
  <attribute name="IntegralH" value="0.000000" />
  <attribute name="DerivativeT" value="0.000000" />
  <attribute name="DerivativeI" value="0.000000" />
  <attribute name="DerivativeH" value="0.000000" />
  <attribute name="Target GC Util Change" value ="0.000000" />
  <attribute name="Current GC Util Change" value="0.000000"/>
  <attribute name="Current Error" value="0.000000" />
  <attribute name="Loop Time for DT" value="0.000000" />
  <attribute name="Output H" value="0"/>
  <attribute name="Output I" value="0"/>
  <attribute name="Output T" value="0"/>
  <attribute name="GC Util currently" value="0" />
  <attribute name="CPU Util currently" value="0" />
  <attribute name="maxHeapSize" value="0x7cb00000" />
  <attribute name="initialHeapSize" value="0x800000" />
  <attribute name="compressedRefs" value="true" />
  <attribute name="compressedRefsDisplacement" value="0x0" />
  <attribute name="compressedRefsShift" value="0x0" />
  <attribute name="pageSize" value="0x1000" />
  <attribute name="pageType" value="not used" />
  <attribute name="requestedPageSize" value="0x1000" />
  <attribute name="requestedPageType" value="not used" />
  <attribute name="gcthreads" value="4" />
  <attribute name="packetListSplit" value="4" />
  <attribute name="cacheListSplit" value="4" />
  <attribute name="splitFreeListSplitAmount" value="1" />
  <attribute name="numaNodes" value="0" />
  <region>
    <attribute name="regionSize" value="1048576" />
    <attribute name="regionCount" value="1995" />
    <attribute name="arrayletLeafSize" value="1048576" />
  </region>
  <system>
    <attribute name="physicalMemory" value="8370958336" />
    <attribute name="numCPUs" value="4" />
    <attribute name="architecture" value="amd64" />
    <attribute name="os" value="Linux" />
    <attribute name="osVersion" value="4.4.0-150-generic" />
  </system>
  <vmargs>
    <vmarg name="-Xoptionsfile=/vagrant/jdk/lib/options.default" />
    <vmarg name="-Xlockword:mode=default,noLockword=java/lang/String,noLockword=java/util/MapEntry,noLockword=java/util/HashMap$Entry,noLockword..." />
    <vmarg name="-Xjcl:jclse29" />
    <vmarg name="-Dcom.ibm.oti.vm.bootstrap.library.path=/vagrant/jdk/lib/compressedrefs:/vagrant/jdk/lib" />
    <vmarg name="-Dsun.boot.library.path=/vagrant/jdk/lib/compressedrefs:/vagrant/jdk/lib" />
    <vmarg name="-Djava.library.path=/vagrant/jdk/lib/compressedrefs:/vagrant/jdk/lib:/usr/lib64:/usr/lib" />
    <vmarg name="-Djava.home=/vagrant/jdk" />
    <vmarg name="-Duser.dir=/vagrant" />
    <vmarg name="-Xgcpolicy:balanced" />
    <vmarg name="-Xgcelastic" />
    <vmarg name="-Xcheck:gc:::elasticGC" />
    <vmarg name="-verbose:gc" />
    <vmarg name="-Xloggc:jdk1.5-1-1-small-BAL-4CORE-elasticverbose1xalan.txt" />
    <vmarg name="-Djava.class.path=dacapo-9.12-MR1-bach.jar" />
    <vmarg name="-Dsun.java.command=dacapo-9.12-MR1-bach.jar xalan --size=small" />
    <vmarg name="-Dsun.java.launcher=SUN_STANDARD" />
    <vmarg name="-Dsun.java.launcher.pid=13152" />
  </vmargs>
</initialized>

<exclusive-start id="2" timestamp="2019-06-15T23:42:36.452" intervalms="1212.007">
  <response-info timems="0.026" idlems="0.026" threads="0" lastid="0000000000F31700" lastname="main" />
</exclusive-start>
<allocation-taxation id="3" taxation-threshold="8388608" timestamp="2019-06-15T23:42:36.453" intervalms="1212.213" />
<cycle-start id="4" type="partial gc" contextid="0" timestamp="2019-06-15T23:42:36.453" intervalms="1212.490" />
<gc-start id="5" type="partial gc" contextid="4" timestamp="2019-06-15T23:42:36.453">
  <mem-info id="6" free="0" total="8388608" percent="0">
    <mem type="eden" free="80" total="8388608" percent="0" />
    <remembered-set count="0" freebytes="334848" totalbytes="334848" percent="100" regionsoverflowed="0" regionsstable="0" regionsrebuilding="0"/>
  </mem-info>
</gc-start>
<allocation-stats totalBytes="8376192" >
  <allocated-bytes non-tlh="706664" tlh="7669528" arrayletleaf="0"/>
  <largest-consumer threadName="main" threadId="0000000000F31700" bytes="8302544" />
</allocation-stats>
<gc-op id="7" type="mark" timems="2.784" contextid="4" timestamp="2019-06-15T23:42:36.457">
  <trace-info objectcount="21834" scancount="17124" scanbytes="570176" />
  <remembered-set-cleared processed="0" cleared="0" durationms="0.086" />
  <finalization candidates="15" enqueued="1" />
  <references type="soft" candidates="74" cleared="0" enqueued="0" dynamicThreshold="32" maxThreshold="32" />
  <references type="weak" candidates="580" cleared="437" enqueued="398" />
  <references type="phantom" candidates="127" cleared="44" enqueued="44" />
  <stringconstants candidates="2981" cleared="0"  />
  <warning details="Mark for calibration purposes" />
</gc-op>
<gc-op id="8" type="classunload" timems="0.045" contextid="4" timestamp="2019-06-15T23:42:36.457">
  <classunload-info classloadercandidates="6" classloadersunloaded="0" classesunloaded="0" anonymousclassesunloaded="0" quiescems="0.000" setupms="0.045" scanms="0.000" postms="0.000" />
</gc-op>
<gc-op id="9" type="sweep" timems="1.683" contextid="4" timestamp="2019-06-15T23:42:36.459" />
<gc-op id="10" type="compact" timems="5.383" contextid="4" timestamp="2019-06-15T23:42:36.465">
  <compact-info movecount="21834" movebytes="1519056" />
  <remembered-set-cleared processed="0" cleared="0" durationms="0.086" />
</gc-op>
<gc-end id="11" type="partial gc" contextid="4" durationms="12.170" usertimems="12.000" systemtimems="0.000" timestamp="2019-06-15T23:42:36.465" activeThreads="4">
  <mem-info id="12" free="6291456" total="8388608" percent="75">
    <mem type="eden" free="577792" total="2097152" percent="27" />
    <pending-finalizers system="1" default="0" reference="442" classloader="0" />
    <remembered-set count="2048" freebytes="326656" totalbytes="334848" percent="97" regionsoverflowed="0" regionsstable="0" regionsrebuilding="0"/>
  </mem-info>
</gc-end>
<cycle-end id="13" type="partial gc" contextid="4" timestamp="2019-06-15T23:42:36.465" />
  <attribute name="elasticGC enabled" value="1" />
  <attribute name= "numThreadsSpecified" value="4" />
  <attribute name="heapSize specified" value="0" />
  <attribute name="Current GC Util" value="62" />
  <attribute name= "Current Time Running" value="1103" />
  <attribute name ="GC Interval" value="0" />
  <attribute name="ProportionalT" value="63.000000" />
  <attribute name="ProportionalI" value="63.000000" />
  <attribute name="ProportionalH" value="63.000000" />
  <attribute name="Current Error" value="42.000000" />
  <attribute name="IntegralT" value="-21874.000000" />
  <attribute name="IntegralI" value="-21874.000000" />
  <attribute name="IntegralH" value="-21874.000000" />
  <attribute name="DerivativeT" value="14.000000" />
  <attribute name="DerivativeI" value="14.000000" />
  <attribute name="DerivativeH" value="14.000000" />
  <attribute name="Loop Time for DT" value="3.000000" />
  <attribute name="Output H" value="2091843584"/>
  <attribute name="Output I" value="200"/>
  <attribute name="Output T" value="4"/>
  <attribute name="Target GC Util Change" value ="20.000000" />
  <attribute name="Current GC Util Change" value="62.000000"/>
  <attribute name="GC Util currently" value="62" />
  <attribute name="CPU Util currently" value="2186446625109" />
<exclusive-end id="14" timestamp="2019-06-15T23:42:36.466" durationms="13.270" />

<exclusive-start id="15" timestamp="2019-06-15T23:42:36.671" intervalms="218.863">
  <response-info timems="0.340" idlems="0.340" threads="0" lastid="0000000000F31700" lastname="main" />
</exclusive-start>
<sys-start reason="explicit" id="16" timestamp="2019-06-15T23:42:36.671" intervalms="1431.022" />
<cycle-start id="17" type="global garbage collect" contextid="0" timestamp="2019-06-15T23:42:36.672" intervalms="1431.319" />
<gc-start id="18" type="global garbage collect" contextid="17" timestamp="2019-06-15T23:42:36.672">
  <mem-info id="19" free="647608" total="8388608" percent="7">
    <mem type="eden" free="647608" total="7340032" percent="8" />
    <remembered-set count="1824" freebytes="327552" totalbytes="334848" percent="97" regionsoverflowed="0" regionsstable="0" regionsrebuilding="0"/>
  </mem-info>
</gc-start>
<allocation-stats totalBytes="5608072" >
  <allocated-bytes non-tlh="192896" tlh="5415176" arrayletleaf="0"/>
  <largest-consumer threadName="main" threadId="0000000000F31700" bytes="5587856" />
</allocation-stats>
<gc-op id="20" type="global mark" timems="2.835" contextid="17" timestamp="2019-06-15T23:42:36.675">
  <trace-info objectcount="29680" scancount="23252" scanbytes="871464" />
  <finalization candidates="15" enqueued="0" />
  <references type="soft" candidates="133" cleared="0" enqueued="0" dynamicThreshold="24" maxThreshold="32" />
  <references type="weak" candidates="173" cleared="28" enqueued="28" />
  <references type="phantom" candidates="85" cleared="2" enqueued="2" />
  <stringconstants candidates="3535" cleared="22"  />
</gc-op>
<gc-op id="21" type="classunload" timems="0.002" contextid="17" timestamp="2019-06-15T23:42:36.675">
  <classunload-info classloadercandidates="19" classloadersunloaded="0" classesunloaded="0" anonymousclassesunloaded="0" quiescems="0.000" setupms="0.001" scanms="0.000" postms="0.000" />
</gc-op>
<gc-op id="22" type="sweep" timems="0.392" contextid="17" timestamp="2019-06-15T23:42:36.676" />
<gc-op id="23" type="compact" timems="3.244" contextid="17" timestamp="2019-06-15T23:42:36.679">
  <compact-info movecount="22334" movebytes="1683504" />
  <remembered-set-cleared processed="8336" cleared="8336" durationms="0.070" />
</gc-op>
<gc-end id="24" type="global garbage collect" contextid="17" durationms="7.320" usertimems="8.000" systemtimems="4.000" timestamp="2019-06-15T23:42:36.679" activeThreads="4">
  <mem-info id="25" free="5242880" total="8388608" percent="62">
    <pending-finalizers system="0" default="0" reference="30" classloader="0" />
    <remembered-set count="3584" freebytes="320512" totalbytes="334848" percent="95" regionsoverflowed="0" regionsstable="0" regionsrebuilding="0"/>
  </mem-info>
</gc-end>
<cycle-end id="26" type="global garbage collect" contextid="17" timestamp="2019-06-15T23:42:36.679" />
  <attribute name="elasticGC enabled" value="1" />
  <attribute name= "numThreadsSpecified" value="4" />
  <attribute name="heapSize specified" value="0" />
  <attribute name="Current GC Util" value="23" />
  <attribute name= "Current Time Running" value="1319" />
  <attribute name ="GC Interval" value="0" />
  <attribute name="ProportionalT" value="4.500000" />
  <attribute name="ProportionalI" value="4.500000" />
  <attribute name="ProportionalH" value="4.500000" />
  <attribute name="Current Error" value="3.000000" />
  <attribute name="IntegralT" value="3.000000" />
  <attribute name="IntegralI" value="3.000000" />
  <attribute name="IntegralH" value="3.000000" />
  <attribute name="DerivativeT" value="-60.000000" />
  <attribute name="DerivativeI" value="-60.000000" />
  <attribute name="DerivativeH" value="-60.000000" />
  <attribute name="Loop Time for DT" value="1.000000" />
  <attribute name="Output H" value="2091843584"/>
  <attribute name="Output I" value="200"/>
  <attribute name="Output T" value="4"/>
  <attribute name="Target GC Util Change" value ="20.000000" />
  <attribute name="Current GC Util Change" value="23.000000"/>
  <attribute name="GC Util currently" value="23" />
  <attribute name="CPU Util currently" value="7679500595394" />
<sys-end id="27" timestamp="2019-06-15T23:42:36.679" />
<exclusive-end id="28" timestamp="2019-06-15T23:42:36.679" durationms="8.205" />

<exclusive-start id="29" timestamp="2019-06-15T23:42:36.868" intervalms="196.307">
  <response-info timems="0.040" idlems="0.040" threads="0" lastid="0000000001266500" lastname="Thread-4" />
</exclusive-start>
<allocation-taxation id="30" taxation-threshold="5242880" timestamp="2019-06-15T23:42:36.868" intervalms="415.043" />
<cycle-start id="31" type="partial gc" contextid="0" timestamp="2019-06-15T23:42:36.868" intervalms="414.881" />
<gc-start id="32" type="partial gc" contextid="31" timestamp="2019-06-15T23:42:36.868">
  <mem-info id="33" free="0" total="8388608" percent="0">
    <mem type="eden" free="16" total="5242880" percent="0" />
    <remembered-set count="3200" freebytes="322048" totalbytes="334848" percent="96" regionsoverflowed="0" regionsstable="0" regionsrebuilding="0"/>
  </mem-info>
</gc-start>
<allocation-stats totalBytes="5233576" >
  <allocated-bytes non-tlh="328184" tlh="4905392" arrayletleaf="0"/>
  <largest-consumer threadName="Thread-5" threadId="000000000126A100" bytes="1842648" />
</allocation-stats>
<gc-op id="34" type="mark" timems="2.037" contextid="31" timestamp="2019-06-15T23:42:36.870">
  <trace-info objectcount="11113" scancount="8554" scanbytes="753620" />
  <cardclean-info objects="1385" bytes="62504" />
  <remembered-set-cleared processed="2450" cleared="229" durationms="0.076" />
  <finalization candidates="12" enqueued="2" />
  <references type="soft" candidates="31" cleared="0" enqueued="0" dynamicThreshold="20" maxThreshold="32" />
  <references type="weak" candidates="149" cleared="27" enqueued="26" />
  <references type="phantom" candidates="14" cleared="0" enqueued="0" />
  <stringconstants candidates="3942" cleared="0"  />
  <warning details="Mark invoked due to insufficient free space for Copy-Forward" />
</gc-op>
<gc-op id="35" type="classunload" timems="0.199" contextid="31" timestamp="2019-06-15T23:42:36.871">
  <classunload-info classloadercandidates="19" classloadersunloaded="0" classesunloaded="1" anonymousclassesunloaded="1" quiescems="0.000" setupms="0.194" scanms="0.002" postms="0.002" />
</gc-op>
<gc-op id="36" type="sweep" timems="1.349" contextid="31" timestamp="2019-06-15T23:42:36.872" />
<gc-op id="37" type="compact" timems="4.367" contextid="31" timestamp="2019-06-15T23:42:36.877">
  <compact-info movecount="11113" movebytes="1311648" />
  <remembered-set-cleared processed="6334" cleared="1852" durationms="0.076" />
</gc-op>
<heap-resize id="38" type="expand" space="default" amount="3145728" count="1" timems="0.068" reason="insufficient free space following gc" timestamp="2019-06-15T23:42:36.877" />
<gc-end id="39" type="partial gc" contextid="31" durationms="9.001" usertimems="12.000" systemtimems="0.000" timestamp="2019-06-15T23:42:36.877" activeThreads="4">
  <mem-info id="40" free="6291456" total="11534336" percent="54">
    <mem type="eden" free="785264" total="2097152" percent="37" />
    <pending-finalizers system="2" default="0" reference="26" classloader="0" />
    <remembered-set count="4928" freebytes="440704" totalbytes="460416" percent="95" regionsoverflowed="0" regionsstable="0" regionsrebuilding="0"/>
  </mem-info>
</gc-end>
<cycle-end id="41" type="partial gc" contextid="31" timestamp="2019-06-15T23:42:36.877" />
  <attribute name="elasticGC enabled" value="1" />
  <attribute name= "numThreadsSpecified" value="4" />
  <attribute name="heapSize specified" value="0" />
  <attribute name="Current GC Util" value="142" />
  <attribute name= "Current Time Running" value="1515" />
  <attribute name ="GC Interval" value="0" />
  <attribute name="ProportionalT" value="183.000000" />
  <attribute name="ProportionalI" value="183.000000" />
  <attribute name="ProportionalH" value="183.000000" />
  <attribute name="Current Error" value="122.000000" />
  <attribute name="IntegralT" value="122.000000" />
  <attribute name="IntegralI" value="122.000000" />
  <attribute name="IntegralH" value="122.000000" />
  <attribute name="DerivativeT" value="122.000000" />
  <attribute name="DerivativeI" value="122.000000" />
  <attribute name="DerivativeH" value="122.000000" />
  <attribute name="Loop Time for DT" value="1.000000" />
  <attribute name="Output H" value="8388608"/>
  <attribute name="Output I" value="432"/>
  <attribute name="Output T" value="4"/>
  <attribute name="Target GC Util Change" value ="20.000000" />
  <attribute name="Current GC Util Change" value="142.000000"/>
  <attribute name="GC Util currently" value="142" />
  <attribute name="CPU Util currently" value="3030152475884" />
<exclusive-end id="42" timestamp="2019-06-15T23:42:36.877" durationms="9.589" />

<exclusive-start id="43" timestamp="2019-06-15T23:42:36.972" intervalms="104.100">
  <response-info timems="0.027" idlems="0.027" threads="0" lastid="000000000126A100" lastname="Thread-5" />
</exclusive-start>
<allocation-taxation id="44" taxation-threshold="3145728" timestamp="2019-06-15T23:42:36.972" intervalms="104.096" />
<cycle-start id="45" type="global mark phase" contextid="0" timestamp="2019-06-15T23:42:36.972" intervalms="1731.412" />
<gc-start id="46" type="global mark phase" contextid="45" timestamp="2019-06-15T23:42:36.972">
  <mem-info id="47" free="3145728" total="11534336" percent="27">
    <remembered-set count="4576" freebytes="442112" totalbytes="460416" percent="96" regionsoverflowed="0" regionsstable="0" regionsrebuilding="0"/>
  </mem-info>
</gc-start>
<gc-op id="48" type="mark increment" timems="0.602" contextid="45" timestamp="2019-06-15T23:42:36.972">
  <trace-info objectcount="270" scancount="0" scanbytes="0" />
</gc-op>
<gc-end id="49" type="global mark phase" contextid="45" durationms="0.700" usertimems="0.000" systemtimems="0.000" timestamp="2019-06-15T23:42:36.972" activeThreads="1">
  <mem-info id="50" free="3145728" total="11534336" percent="27">
    <remembered-set count="4576" freebytes="442112" totalbytes="460416" percent="96" regionsoverflowed="0" regionsstable="0" regionsrebuilding="0"/>
  </mem-info>
</gc-end>
<concurrent-start id="51" type="GMP work packet processing" contextid="45" timestamp="2019-06-15T23:42:36.973">
  <concurrent-mark-start scanTarget="18446744073709551615" />
</concurrent-start>
<concurrent-end id="52" type="GMP work packet processing" contextid="45" timestamp="2019-06-15T23:42:36.974">
  <concurrent-mark-end bytesScanned="1626380" reasonForTermination="Completed all work in GC phase" />
</concurrent-end>

<exclusive-end id="53" timestamp="2019-06-15T23:42:36.974" durationms="2.617" />

<exclusive-start id="54" timestamp="2019-06-15T23:42:37.027" intervalms="55.169">
  <response-info timems="0.043" idlems="0.043" threads="0" lastid="0000000001266500" lastname="Thread-4" />
</exclusive-start>
<allocation-taxation id="55" taxation-threshold="3145728" timestamp="2019-06-15T23:42:37.027" intervalms="55.177" />
<cycle-start id="56" type="partial gc" contextid="0" timestamp="2019-06-15T23:42:37.027" intervalms="159.238" />
<gc-start id="57" type="partial gc" contextid="56" timestamp="2019-06-15T23:42:37.027">
  <mem-info id="58" free="0" total="11534336" percent="0">
    <mem type="eden" free="785264" total="7340032" percent="10" />
    <remembered-set count="4576" freebytes="442112" totalbytes="460416" percent="96" regionsoverflowed="0" regionsstable="0" regionsrebuilding="0"/>
  </mem-info>
</gc-start>
<allocation-stats totalBytes="6226456" >
  <allocated-bytes non-tlh="33936" tlh="6192520" arrayletleaf="0"/>
  <largest-consumer threadName="Thread-3" threadId="0000000001262900" bytes="1614352" />
</allocation-stats>
<gc-op id="59" type="mark" timems="1.563" contextid="56" timestamp="2019-06-15T23:42:37.029">
  <trace-info objectcount="9438" scancount="7227" scanbytes="657428" />
  <cardclean-info objects="1016" bytes="56420" />
  <remembered-set-cleared processed="3189" cleared="1015" durationms="0.064" />
  <finalization candidates="10" enqueued="0" />
  <references type="soft" candidates="31" cleared="0" enqueued="0" dynamicThreshold="8" maxThreshold="32" />
  <references type="weak" candidates="123" cleared="1" enqueued="1" />
  <references type="phantom" candidates="14" cleared="0" enqueued="0" />
  <stringconstants candidates="3962" cleared="0"  />
  <warning details="Mark invoked due to insufficient free space for Copy-Forward" />
</gc-op>
<gc-op id="60" type="classunload" timems="0.002" contextid="56" timestamp="2019-06-15T23:42:37.029">
  <classunload-info classloadercandidates="20" classloadersunloaded="0" classesunloaded="0" anonymousclassesunloaded="0" quiescems="0.000" setupms="0.002" scanms="0.000" postms="0.000" />
</gc-op>
<gc-op id="61" type="sweep" timems="0.298" contextid="56" timestamp="2019-06-15T23:42:37.030" />
<gc-op id="62" type="compact" timems="1.749" contextid="56" timestamp="2019-06-15T23:42:37.032">
  <compact-info movecount="9384" movebytes="1111000" />
  <remembered-set-cleared processed="6995" cleared="2642" durationms="0.064" />
</gc-op>
<gc-end id="63" type="partial gc" contextid="56" durationms="4.698" usertimems="8.000" systemtimems="0.000" timestamp="2019-06-15T23:42:37.032" activeThreads="4">
  <mem-info id="64" free="6291456" total="11534336" percent="54">
    <mem type="eden" free="984064" total="2097152" percent="46" />
    <pending-finalizers system="0" default="0" reference="1" classloader="0" />
    <remembered-set count="4416" freebytes="442752" totalbytes="460416" percent="96" regionsoverflowed="0" regionsstable="0" regionsrebuilding="0"/>
  </mem-info>
</gc-end>
<cycle-end id="65" type="partial gc" contextid="56" timestamp="2019-06-15T23:42:37.032" />
  <attribute name="elasticGC enabled" value="1" />
  <attribute name= "numThreadsSpecified" value="4" />
  <attribute name="heapSize specified" value="0" />
  <attribute name="Current GC Util" value="24" />
  <attribute name= "Current Time Running" value="1673" />
  <attribute name ="GC Interval" value="0" />
  <attribute name="ProportionalT" value="6.000000" />
  <attribute name="ProportionalI" value="6.000000" />
  <attribute name="ProportionalH" value="6.000000" />
  <attribute name="Current Error" value="4.000000" />
  <attribute name="IntegralT" value="4.000000" />
  <attribute name="IntegralI" value="4.000000" />
  <attribute name="IntegralH" value="4.000000" />
  <attribute name="DerivativeT" value="-86.000000" />
  <attribute name="DerivativeI" value="-86.000000" />
  <attribute name="DerivativeH" value="-86.000000" />
  <attribute name="Loop Time for DT" value="1.000000" />
  <attribute name="Output H" value="2091843584"/>
  <attribute name="Output I" value="200"/>
  <attribute name="Output T" value="4"/>
  <attribute name="Target GC Util Change" value ="20.000000" />
  <attribute name="Current GC Util Change" value="24.000000"/>
  <attribute name="GC Util currently" value="24" />
  <attribute name="CPU Util currently" value="9257365079729" />
<exclusive-end id="66" timestamp="2019-06-15T23:42:37.032" durationms="5.275" />

<exclusive-start id="67" timestamp="2019-06-15T23:42:37.081" intervalms="54.481">
  <response-info timems="0.037" idlems="0.037" threads="0" lastid="0000000001266500" lastname="Thread-4" />
</exclusive-start>
<allocation-taxation id="68" taxation-threshold="3145728" timestamp="2019-06-15T23:42:37.081" intervalms="54.478" />
<gc-start id="69" type="global mark phase" contextid="45" timestamp="2019-06-15T23:42:37.081">
  <mem-info id="70" free="3145728" total="11534336" percent="27">
    <remembered-set count="4032" freebytes="444288" totalbytes="460416" percent="96" regionsoverflowed="0" regionsstable="0" regionsrebuilding="0"/>
  </mem-info>
</gc-start>
<gc-op id="71" type="mark increment" timems="1.783" contextid="45" timestamp="2019-06-15T23:42:37.083">
  <trace-info objectcount="10061" scancount="7708" scanbytes="710244" />
  <cardclean-info objects="1653" bytes="80176" />
  <finalization candidates="25" enqueued="0" />
  <references type="soft" candidates="164" cleared="0" enqueued="0" dynamicThreshold="17" maxThreshold="32" />
  <references type="weak" candidates="267" cleared="0" enqueued="0" />
  <references type="phantom" candidates="97" cleared="2" enqueued="2" />
  <stringconstants candidates="3963" cleared="0"  />
</gc-op>
<gc-op id="72" type="classunload" timems="0.003" contextid="45" timestamp="2019-06-15T23:42:37.083">
  <classunload-info classloadercandidates="20" classloadersunloaded="0" classesunloaded="0" anonymousclassesunloaded="0" quiescems="0.000" setupms="0.003" scanms="0.000" postms="0.000" />
</gc-op>
<gc-end id="73" type="global mark phase" contextid="45" durationms="1.977" usertimems="0.000" systemtimems="0.000" timestamp="2019-06-15T23:42:37.083" activeThreads="4">
  <mem-info id="74" free="3145728" total="11534336" percent="27">
    <pending-finalizers system="0" default="0" reference="2" classloader="0" />
    <remembered-set count="4032" freebytes="444288" totalbytes="460416" percent="96" regionsoverflowed="0" regionsstable="0" regionsrebuilding="0"/>
  </mem-info>
</gc-end>
<cycle-end id="75" type="global mark phase" contextid="45" timestamp="2019-06-15T23:42:37.083" />
  <attribute name="elasticGC enabled" value="1" />
  <attribute name= "numThreadsSpecified" value="4" />
  <attribute name="heapSize specified" value="0" />
  <attribute name="Current GC Util" value="0" />
  <attribute name= "Current Time Running" value="1726" />
  <attribute name ="GC Interval" value="0" />
  <attribute name="ProportionalT" value="-30.000000" />
  <attribute name="ProportionalI" value="-30.000000" />
  <attribute name="ProportionalH" value="-30.000000" />
  <attribute name="Current Error" value="-20.000000" />
  <attribute name="IntegralT" value="-20.000000" />
  <attribute name="IntegralI" value="-20.000000" />
  <attribute name="IntegralH" value="-20.000000" />
  <attribute name="DerivativeT" value="-79.000000" />
  <attribute name="DerivativeI" value="-79.000000" />
  <attribute name="DerivativeH" value="-79.000000" />
  <attribute name="Loop Time for DT" value="1.000000" />
  <attribute name="Output H" value="2091843584"/>
  <attribute name="Output I" value="200"/>
  <attribute name="Output T" value="4"/>
  <attribute name="Target GC Util Change" value ="20.000000" />
  <attribute name="Current GC Util Change" value="0.000000"/>
  <attribute name="GC Util currently" value="0" />
  <attribute name="CPU Util currently" value="6816202763995" />
<exclusive-end id="76" timestamp="2019-06-15T23:42:37.084" durationms="2.279" />

<exclusive-start id="77" timestamp="2019-06-15T23:42:37.119" intervalms="37.298">
  <response-info timems="0.045" idlems="0.045" threads="0" lastid="000000000126A100" lastname="Thread-5" />
</exclusive-start>
<allocation-taxation id="78" taxation-threshold="3145728" timestamp="2019-06-15T23:42:37.119" intervalms="37.286" />
<cycle-start id="79" type="partial gc" contextid="0" timestamp="2019-06-15T23:42:37.119" intervalms="91.741" />
<gc-start id="80" type="partial gc" contextid="79" timestamp="2019-06-15T23:42:37.119">
  <mem-info id="81" free="0" total="11534336" percent="0">
    <mem type="eden" free="0" total="6291456" percent="0" />
    <remembered-set count="4032" freebytes="444288" totalbytes="460416" percent="96" regionsoverflowed="0" regionsstable="0" regionsrebuilding="0"/>
  </mem-info>
</gc-start>
<allocation-stats totalBytes="6188304" >
  <allocated-bytes non-tlh="32" tlh="6188272" arrayletleaf="0"/>
  <largest-consumer threadName="Thread-5" threadId="000000000126A100" bytes="923496" />
</allocation-stats>
<gc-op id="82" type="sweep" timems="0.343" contextid="79" timestamp="2019-06-15T23:42:37.119" />
<gc-op id="83" type="mark" timems="0.981" contextid="79" timestamp="2019-06-15T23:42:37.121">
  <trace-info objectcount="3070" scancount="2405" scanbytes="437768" />
  <cardclean-info objects="1249" bytes="59256" />
  <remembered-set-cleared processed="3368" cleared="603" durationms="0.077" />
  <references type="phantom" candidates="1" cleared="0" enqueued="0" />
  <stringconstants candidates="3963" cleared="0"  />
  <warning details="Mark invoked due to insufficient free space for Copy-Forward" />
</gc-op>
<gc-op id="84" type="classunload" timems="0.002" contextid="79" timestamp="2019-06-15T23:42:37.121">
  <classunload-info classloadercandidates="20" classloadersunloaded="0" classesunloaded="0" anonymousclassesunloaded="0" quiescems="0.000" setupms="0.002" scanms="0.000" postms="0.000" />
</gc-op>
<gc-op id="85" type="sweep" timems="0.294" contextid="79" timestamp="2019-06-15T23:42:37.121" />
<gc-op id="86" type="compact" timems="1.301" contextid="79" timestamp="2019-06-15T23:42:37.123">
  <compact-info movecount="2996" movebytes="989720" />
  <remembered-set-cleared processed="7192" cleared="1562" durationms="0.077" />
</gc-op>
<heap-resize id="87" type="expand" space="default" amount="1048576" count="1" timems="0.056" reason="insufficient free space following gc" timestamp="2019-06-15T23:42:37.123" />
<gc-end id="88" type="partial gc" contextid="79" durationms="4.322" usertimems="4.000" systemtimems="0.000" timestamp="2019-06-15T23:42:37.123" activeThreads="4">
  <mem-info id="89" free="6291456" total="12582912" percent="50">
    <mem type="eden" free="80312" total="1048576" percent="7" />
    <remembered-set count="5216" freebytes="481408" totalbytes="502272" percent="95" regionsoverflowed="0" regionsstable="0" regionsrebuilding="0"/>
  </mem-info>
</gc-end>
<cycle-end id="90" type="partial gc" contextid="79" timestamp="2019-06-15T23:42:37.123" />
  <attribute name="elasticGC enabled" value="1" />
  <attribute name= "numThreadsSpecified" value="4" />
  <attribute name="heapSize specified" value="0" />
  <attribute name="Current GC Util" value="24" />
  <attribute name= "Current Time Running" value="1765" />
  <attribute name ="GC Interval" value="0" />
  <attribute name="ProportionalT" value="6.000000" />
  <attribute name="ProportionalI" value="6.000000" />
  <attribute name="ProportionalH" value="6.000000" />
  <attribute name="Current Error" value="4.000000" />
  <attribute name="IntegralT" value="4.000000" />
  <attribute name="IntegralI" value="4.000000" />
  <attribute name="IntegralH" value="4.000000" />
  <attribute name="DerivativeT" value="4.000000" />
  <attribute name="DerivativeI" value="4.000000" />
  <attribute name="DerivativeH" value="4.000000" />
  <attribute name="Loop Time for DT" value="1.000000" />
  <attribute name="Output H" value="8388608"/>
  <attribute name="Output I" value="200"/>
  <attribute name="Output T" value="4"/>
  <attribute name="Target GC Util Change" value ="20.000000" />
  <attribute name="Current GC Util Change" value="24.000000"/>
  <attribute name="GC Util currently" value="24" />
  <attribute name="CPU Util currently" value="9112905395582" />
<exclusive-end id="91" timestamp="2019-06-15T23:42:37.123" durationms="4.877" />

<exclusive-start id="92" timestamp="2019-06-15T23:42:37.203" intervalms="84.636">
  <response-info timems="0.033" idlems="0.033" threads="0" lastid="000000000126DD00" lastname="Thread-6" />
</exclusive-start>
<allocation-taxation id="93" taxation-threshold="6291456" timestamp="2019-06-15T23:42:37.203" intervalms="84.650" />
<cycle-start id="94" type="partial gc" contextid="0" timestamp="2019-06-15T23:42:37.203" intervalms="84.665" />
<gc-start id="95" type="partial gc" contextid="94" timestamp="2019-06-15T23:42:37.204">
  <mem-info id="96" free="0" total="12582912" percent="0">
    <mem type="eden" free="0" total="6291456" percent="0" />
    <remembered-set count="5216" freebytes="481408" totalbytes="502272" percent="95" regionsoverflowed="0" regionsstable="0" regionsrebuilding="0"/>
  </mem-info>
</gc-start>
<allocation-stats totalBytes="6279344" >
  <allocated-bytes non-tlh="0" tlh="6279344" arrayletleaf="0"/>
  <largest-consumer threadName="Thread-5" threadId="000000000126A100" bytes="2354400" />
</allocation-stats>
<gc-op id="97" type="mark" timems="0.922" contextid="94" timestamp="2019-06-15T23:42:37.205">
  <trace-info objectcount="2665" scancount="2133" scanbytes="424840" />
  <cardclean-info objects="1189" bytes="57700" />
  <remembered-set-cleared processed="3732" cleared="746" durationms="0.083" />
  <stringconstants candidates="3963" cleared="0"  />
  <warning details="Mark invoked due to insufficient free space for Copy-Forward" />
</gc-op>
<gc-op id="98" type="classunload" timems="0.001" contextid="94" timestamp="2019-06-15T23:42:37.205">
  <classunload-info classloadercandidates="20" classloadersunloaded="0" classesunloaded="0" anonymousclassesunloaded="0" quiescems="0.000" setupms="0.001" scanms="0.000" postms="0.000" />
</gc-op>
<gc-op id="99" type="sweep" timems="0.403" contextid="94" timestamp="2019-06-15T23:42:37.205" />
<gc-op id="100" type="compact" timems="2.406" contextid="94" timestamp="2019-06-15T23:42:37.208">
  <compact-info movecount="8573" movebytes="1312512" />
  <remembered-set-cleared processed="5960" cleared="2631" durationms="0.083" />
</gc-op>
<heap-resize id="101" type="expand" space="default" amount="1048576" count="1" timems="0.060" reason="insufficient free space following gc" timestamp="2019-06-15T23:42:37.208" />
<gc-end id="102" type="partial gc" contextid="94" durationms="4.915" usertimems="0.000" systemtimems="4.000" timestamp="2019-06-15T23:42:37.208" activeThreads="4">
  <mem-info id="103" free="6291456" total="13631488" percent="46">
    <mem type="eden" free="27512" total="1048576" percent="2" />
    <remembered-set count="5120" freebytes="523648" totalbytes="544128" percent="96" regionsoverflowed="0" regionsstable="0" regionsrebuilding="0"/>
  </mem-info>
</gc-end>
<cycle-end id="104" type="partial gc" contextid="94" timestamp="2019-06-15T23:42:37.209" />
  <attribute name="elasticGC enabled" value="1" />
  <attribute name= "numThreadsSpecified" value="4" />
  <attribute name="heapSize specified" value="0" />
  <attribute name="Current GC Util" value="28" />
  <attribute name= "Current Time Running" value="1849" />
  <attribute name ="GC Interval" value="0" />
  <attribute name="ProportionalT" value="12.000000" />
  <attribute name="ProportionalI" value="12.000000" />
  <attribute name="ProportionalH" value="12.000000" />
  <attribute name="Current Error" value="8.000000" />
  <attribute name="IntegralT" value="8.000000" />
  <attribute name="IntegralI" value="8.000000" />
  <attribute name="IntegralH" value="8.000000" />
  <attribute name="DerivativeT" value="8.000000" />
  <attribute name="DerivativeI" value="8.000000" />
  <attribute name="DerivativeH" value="8.000000" />
  <attribute name="Loop Time for DT" value="1.000000" />
  <attribute name="Output H" value="8388608"/>
  <attribute name="Output I" value="200"/>
  <attribute name="Output T" value="4"/>
  <attribute name="Target GC Util Change" value ="20.000000" />
  <attribute name="Current GC Util Change" value="28.000000"/>
  <attribute name="GC Util currently" value="28" />
  <attribute name="CPU Util currently" value="7618201699954" />
<exclusive-end id="105" timestamp="2019-06-15T23:42:37.209" durationms="5.578" />

<exclusive-start id="106" timestamp="2019-06-15T23:42:37.276" intervalms="72.988">
  <response-info timems="0.031" idlems="0.016" threads="1" lastid="000000000126A100" lastname="Thread-5" />
</exclusive-start>
<allocation-taxation id="107" taxation-threshold="6291456" timestamp="2019-06-15T23:42:37.276" intervalms="72.991" />
<cycle-start id="108" type="partial gc" contextid="0" timestamp="2019-06-15T23:42:37.276" intervalms="72.994" />
<gc-start id="109" type="partial gc" contextid="108" timestamp="2019-06-15T23:42:37.277">
  <mem-info id="110" free="0" total="13631488" percent="0">
    <mem type="eden" free="0" total="6291456" percent="0" />
    <remembered-set count="4672" freebytes="525440" totalbytes="544128" percent="96" regionsoverflowed="0" regionsstable="0" regionsrebuilding="0"/>
  </mem-info>
</gc-start>
<allocation-stats totalBytes="6262200" >
  <allocated-bytes non-tlh="0" tlh="6262200" arrayletleaf="0"/>
  <largest-consumer threadName="Thread-6" threadId="000000000126DD00" bytes="2762368" />
</allocation-stats>
<gc-op id="111" type="mark" timems="0.912" contextid="108" timestamp="2019-06-15T23:42:37.278">
  <trace-info objectcount="2215" scancount="1721" scanbytes="319988" />
  <cardclean-info objects="1198" bytes="59092" />
  <remembered-set-cleared processed="3613" cleared="700" durationms="0.141" />
  <stringconstants candidates="3963" cleared="0"  />
  <warning details="Mark invoked due to insufficient free space for Copy-Forward" />
</gc-op>
<gc-op id="112" type="classunload" timems="0.002" contextid="108" timestamp="2019-06-15T23:42:37.278">
  <classunload-info classloadercandidates="20" classloadersunloaded="0" classesunloaded="0" anonymousclassesunloaded="0" quiescems="0.000" setupms="0.001" scanms="0.000" postms="0.000" />
</gc-op>
<gc-op id="113" type="sweep" timems="0.433" contextid="108" timestamp="2019-06-15T23:42:37.279" />
<gc-op id="114" type="compact" timems="1.288" contextid="108" timestamp="2019-06-15T23:42:37.280">
  <compact-info movecount="2215" movebytes="827592" />
  <remembered-set-cleared processed="7370" cleared="1365" durationms="0.141" />
</gc-op>
<heap-resize id="115" type="expand" space="default" amount="2097152" count="1" timems="0.080" reason="insufficient free space following gc" timestamp="2019-06-15T23:42:37.280" />
<gc-end id="116" type="partial gc" contextid="108" durationms="3.852" usertimems="4.000" systemtimems="0.000" timestamp="2019-06-15T23:42:37.280" activeThreads="4">
  <mem-info id="117" free="7340032" total="15728640" percent="46">
    <mem type="eden" free="221784" total="1048576" percent="21" />
    <remembered-set count="4960" freebytes="608000" totalbytes="627840" percent="96" regionsoverflowed="0" regionsstable="0" regionsrebuilding="0"/>
  </mem-info>
</gc-end>
<cycle-end id="118" type="partial gc" contextid="108" timestamp="2019-06-15T23:42:37.281" />
  <attribute name="elasticGC enabled" value="1" />
  <attribute name= "numThreadsSpecified" value="4" />
  <attribute name="heapSize specified" value="0" />
  <attribute name="Current GC Util" value="22" />
  <attribute name= "Current Time Running" value="1922" />
  <attribute name ="GC Interval" value="0" />
  <attribute name="ProportionalT" value="3.000000" />
  <attribute name="ProportionalI" value="3.000000" />
  <attribute name="ProportionalH" value="3.000000" />
  <attribute name="Current Error" value="2.000000" />
  <attribute name="IntegralT" value="2.000000" />
  <attribute name="IntegralI" value="2.000000" />
  <attribute name="IntegralH" value="2.000000" />
  <attribute name="DerivativeT" value="2.000000" />
  <attribute name="DerivativeI" value="2.000000" />
  <attribute name="DerivativeH" value="2.000000" />
  <attribute name="Loop Time for DT" value="1.000000" />
  <attribute name="Output H" value="8388608"/>
  <attribute name="Output I" value="200"/>
  <attribute name="Output T" value="4"/>
  <attribute name="Target GC Util Change" value ="20.000000" />
  <attribute name="Current GC Util Change" value="22.000000"/>
  <attribute name="GC Util currently" value="22" />
  <attribute name="CPU Util currently" value="7409437903347" />
<exclusive-end id="119" timestamp="2019-06-15T23:42:37.281" durationms="4.612" />

<exclusive-start id="120" timestamp="2019-06-15T23:42:37.353" intervalms="77.284">
  <response-info timems="0.065" idlems="0.032" threads="2" lastid="000000000126DD00" lastname="Thread-6" />
</exclusive-start>
<allocation-taxation id="121" taxation-threshold="7340032" timestamp="2019-06-15T23:42:37.354" intervalms="77.266" />
<cycle-start id="122" type="partial gc" contextid="0" timestamp="2019-06-15T23:42:37.354" intervalms="77.246" />
<gc-start id="123" type="partial gc" contextid="122" timestamp="2019-06-15T23:42:37.354">
  <mem-info id="124" free="0" total="15728640" percent="0">
    <mem type="eden" free="0" total="7340032" percent="0" />
    <remembered-set count="4768" freebytes="608768" totalbytes="627840" percent="96" regionsoverflowed="0" regionsstable="0" regionsrebuilding="0"/>
  </mem-info>
</gc-start>
<allocation-stats totalBytes="7292808" >
  <allocated-bytes non-tlh="49176" tlh="7243632" arrayletleaf="0"/>
  <largest-consumer threadName="Thread-5" threadId="000000000126A100" bytes="2231536" />
</allocation-stats>
<gc-op id="125" type="mark" timems="0.928" contextid="122" timestamp="2019-06-15T23:42:37.355">
  <trace-info objectcount="2686" scancount="2128" scanbytes="419512" />
  <cardclean-info objects="1189" bytes="58332" />
  <remembered-set-cleared processed="3625" cleared="666" durationms="0.085" />
  <references type="phantom" candidates="1" cleared="0" enqueued="0" />
  <stringconstants candidates="3963" cleared="0"  />
  <warning details="Mark invoked due to insufficient free space for Copy-Forward" />
</gc-op>
<gc-op id="126" type="classunload" timems="0.002" contextid="122" timestamp="2019-06-15T23:42:37.355">
  <classunload-info classloadercandidates="20" classloadersunloaded="0" classesunloaded="0" anonymousclassesunloaded="0" quiescems="0.000" setupms="0.002" scanms="0.000" postms="0.000" />
</gc-op>
<gc-op id="127" type="sweep" timems="0.472" contextid="122" timestamp="2019-06-15T23:42:37.356" />
<gc-op id="128" type="compact" timems="1.526" contextid="122" timestamp="2019-06-15T23:42:37.357">
  <compact-info movecount="2686" movebytes="980360" />
  <remembered-set-cleared processed="7481" cleared="1375" durationms="0.085" />
</gc-op>
<gc-end id="129" type="partial gc" contextid="122" durationms="3.956" usertimems="8.000" systemtimems="0.000" timestamp="2019-06-15T23:42:37.358" activeThreads="4">
  <mem-info id="130" free="6291456" total="15728640" percent="40">
    <mem type="eden" free="72120" total="1048576" percent="6" />
    <remembered-set count="5056" freebytes="607616" totalbytes="627840" percent="96" regionsoverflowed="0" regionsstable="0" regionsrebuilding="0"/>
  </mem-info>
</gc-end>
<cycle-end id="131" type="partial gc" contextid="122" timestamp="2019-06-15T23:42:37.358" />
  <attribute name="elasticGC enabled" value="1" />
  <attribute name= "numThreadsSpecified" value="4" />
  <attribute name="heapSize specified" value="0" />
  <attribute name="Current GC Util" value="22" />
  <attribute name= "Current Time Running" value="1999" />
  <attribute name ="GC Interval" value="0" />
  <attribute name="ProportionalT" value="3.000000" />
  <attribute name="ProportionalI" value="3.000000" />
  <attribute name="ProportionalH" value="3.000000" />
  <attribute name="Current Error" value="2.000000" />
  <attribute name="IntegralT" value="2.000000" />
  <attribute name="IntegralI" value="2.000000" />
  <attribute name="IntegralH" value="2.000000" />
  <attribute name="DerivativeT" value="2.000000" />
  <attribute name="DerivativeI" value="2.000000" />
  <attribute name="DerivativeH" value="2.000000" />
  <attribute name="Loop Time for DT" value="1.000000" />
  <attribute name="Output H" value="8388608"/>
  <attribute name="Output I" value="200"/>
  <attribute name="Output T" value="4"/>
  <attribute name="Target GC Util Change" value ="20.000000" />
  <attribute name="Current GC Util Change" value="22.000000"/>
  <attribute name="GC Util currently" value="22" />
  <attribute name="CPU Util currently" value="7223570016375" />
<exclusive-end id="132" timestamp="2019-06-15T23:42:37.358" durationms="4.613" />

<exclusive-start id="133" timestamp="2019-06-15T23:42:37.417" intervalms="63.668">
  <response-info timems="0.051" idlems="0.051" threads="0" lastid="000000000126DD00" lastname="Thread-6" />
</exclusive-start>
<allocation-taxation id="134" taxation-threshold="6291456" timestamp="2019-06-15T23:42:37.417" intervalms="63.691" />
<cycle-start id="135" type="partial gc" contextid="0" timestamp="2019-06-15T23:42:37.417" intervalms="63.710" />
<gc-start id="136" type="partial gc" contextid="135" timestamp="2019-06-15T23:42:37.418">
  <mem-info id="137" free="0" total="15728640" percent="0">
    <mem type="eden" free="0" total="6291456" percent="0" />
    <remembered-set count="4864" freebytes="608384" totalbytes="627840" percent="96" regionsoverflowed="0" regionsstable="0" regionsrebuilding="0"/>
  </mem-info>
</gc-start>
<allocation-stats totalBytes="6213968" >
  <allocated-bytes non-tlh="0" tlh="6213968" arrayletleaf="0"/>
  <largest-consumer threadName="Thread-3" threadId="0000000001262900" bytes="1941224" />
</allocation-stats>
<gc-op id="138" type="mark" timems="0.826" contextid="135" timestamp="2019-06-15T23:42:37.419">
  <trace-info objectcount="1940" scancount="1561" scanbytes="314196" />
  <cardclean-info objects="1208" bytes="59576" />
  <remembered-set-cleared processed="3727" cleared="718" durationms="0.088" />
  <references type="phantom" candidates="1" cleared="0" enqueued="0" />
  <stringconstants candidates="3963" cleared="0"  />
  <warning details="Mark invoked due to insufficient free space for Copy-Forward" />
</gc-op>
<gc-op id="139" type="classunload" timems="0.001" contextid="135" timestamp="2019-06-15T23:42:37.419">
  <classunload-info classloadercandidates="20" classloadersunloaded="0" classesunloaded="0" anonymousclassesunloaded="0" quiescems="0.000" setupms="0.001" scanms="0.000" postms="0.000" />
</gc-op>
<gc-op id="140" type="sweep" timems="0.478" contextid="135" timestamp="2019-06-15T23:42:37.419" />
<gc-op id="141" type="compact" timems="1.453" contextid="135" timestamp="2019-06-15T23:42:37.421">
  <compact-info movecount="1939" movebytes="758560" />
  <remembered-set-cleared processed="7517" cleared="1275" durationms="0.088" />
</gc-op>
<heap-resize id="142" type="expand" space="default" amount="3145728" count="1" timems="0.077" reason="insufficient free space following gc" timestamp="2019-06-15T23:42:37.421" />
<gc-end id="143" type="partial gc" contextid="135" durationms="4.126" usertimems="0.000" systemtimems="4.000" timestamp="2019-06-15T23:42:37.422" activeThreads="4">
  <mem-info id="144" free="8388608" total="18874368" percent="44">
    <mem type="eden" free="288280" total="1048576" percent="27" />
    <remembered-set count="5216" freebytes="732544" totalbytes="753408" percent="97" regionsoverflowed="0" regionsstable="0" regionsrebuilding="0"/>
  </mem-info>
</gc-end>
<cycle-end id="145" type="partial gc" contextid="135" timestamp="2019-06-15T23:42:37.422" />
  <attribute name="elasticGC enabled" value="1" />
  <attribute name= "numThreadsSpecified" value="4" />
  <attribute name="heapSize specified" value="0" />
  <attribute name="Current GC Util" value="22" />
  <attribute name= "Current Time Running" value="2063" />
  <attribute name ="GC Interval" value="0" />
  <attribute name="ProportionalT" value="3.000000" />
  <attribute name="ProportionalI" value="3.000000" />
  <attribute name="ProportionalH" value="3.000000" />
  <attribute name="Current Error" value="2.000000" />
  <attribute name="IntegralT" value="2.000000" />
  <attribute name="IntegralI" value="2.000000" />
  <attribute name="IntegralH" value="2.000000" />
  <attribute name="DerivativeT" value="2.000000" />
  <attribute name="DerivativeI" value="2.000000" />
  <attribute name="DerivativeH" value="2.000000" />
  <attribute name="Loop Time for DT" value="1.000000" />
  <attribute name="Output H" value="8388608"/>
  <attribute name="Output I" value="200"/>
  <attribute name="Output T" value="4"/>
  <attribute name="Target GC Util Change" value ="20.000000" />
  <attribute name="Current GC Util Change" value="22.000000"/>
  <attribute name="GC Util currently" value="22" />
  <attribute name="CPU Util currently" value="7046239152796" />
<exclusive-end id="146" timestamp="2019-06-15T23:42:37.422" durationms="4.935" />

<exclusive-start id="147" timestamp="2019-06-15T23:42:37.499" intervalms="81.713">
  <response-info timems="0.076" idlems="0.076" threads="0" lastid="0000000001262900" lastname="Thread-3" />
</exclusive-start>
<allocation-taxation id="148" taxation-threshold="8388608" timestamp="2019-06-15T23:42:37.499" intervalms="81.703" />
<cycle-start id="149" type="partial gc" contextid="0" timestamp="2019-06-15T23:42:37.499" intervalms="81.702" />
<gc-start id="150" type="partial gc" contextid="149" timestamp="2019-06-15T23:42:37.499">
  <mem-info id="151" free="0" total="18874368" percent="0">
    <mem type="eden" free="0" total="8388608" percent="0" />
    <remembered-set count="4960" freebytes="733568" totalbytes="753408" percent="97" regionsoverflowed="0" regionsstable="0" regionsrebuilding="0"/>
  </mem-info>
</gc-start>
<allocation-stats totalBytes="8346488" >
  <allocated-bytes non-tlh="32776" tlh="8313712" arrayletleaf="0"/>
  <largest-consumer threadName="Thread-4" threadId="0000000001266500" bytes="2488176" />
</allocation-stats>
<gc-op id="152" type="mark" timems="0.860" contextid="149" timestamp="2019-06-15T23:42:37.501">
  <trace-info objectcount="1485" scancount="1204" scanbytes="351428" />
  <cardclean-info objects="1199" bytes="59216" />
  <remembered-set-cleared processed="3700" cleared="646" durationms="0.094" />
  <references type="phantom" candidates="1" cleared="0" enqueued="0" />
  <stringconstants candidates="3963" cleared="0"  />
  <warning details="Mark invoked due to insufficient free space for Copy-Forward" />
</gc-op>
<gc-op id="153" type="classunload" timems="0.002" contextid="149" timestamp="2019-06-15T23:42:37.501">
  <classunload-info classloadercandidates="20" classloadersunloaded="0" classesunloaded="0" anonymousclassesunloaded="0" quiescems="0.000" setupms="0.001" scanms="0.000" postms="0.000" />
</gc-op>
<gc-op id="154" type="sweep" timems="0.484" contextid="149" timestamp="2019-06-15T23:42:37.501" />
<gc-op id="155" type="compact" timems="1.413" contextid="149" timestamp="2019-06-15T23:42:37.503">
  <compact-info movecount="1485" movebytes="750920" />
  <remembered-set-cleared processed="7414" cleared="1081" durationms="0.094" />
</gc-op>
<heap-resize id="156" type="expand" space="default" amount="1048576" count="1" timems="0.066" reason="insufficient free space following gc" timestamp="2019-06-15T23:42:37.503" />
<gc-end id="157" type="partial gc" contextid="149" durationms="4.113" usertimems="4.000" systemtimems="0.000" timestamp="2019-06-15T23:42:37.503" activeThreads="4">
  <mem-info id="158" free="8388608" total="19922944" percent="42">
    <mem type="eden" free="298288" total="1048576" percent="28" />
    <remembered-set count="5312" freebytes="774016" totalbytes="795264" percent="97" regionsoverflowed="0" regionsstable="0" regionsrebuilding="0"/>
  </mem-info>
</gc-end>
<cycle-end id="159" type="partial gc" contextid="149" timestamp="2019-06-15T23:42:37.503" />
  <attribute name="elasticGC enabled" value="1" />
  <attribute name= "numThreadsSpecified" value="4" />
  <attribute name="heapSize specified" value="0" />
  <attribute name="Current GC Util" value="23" />
  <attribute name= "Current Time Running" value="2145" />
  <attribute name ="GC Interval" value="0" />
  <attribute name="ProportionalT" value="4.500000" />
  <attribute name="ProportionalI" value="4.500000" />
  <attribute name="ProportionalH" value="4.500000" />
  <attribute name="Current Error" value="3.000000" />
  <attribute name="IntegralT" value="3.000000" />
  <attribute name="IntegralI" value="3.000000" />
  <attribute name="IntegralH" value="3.000000" />
  <attribute name="DerivativeT" value="3.000000" />
  <attribute name="DerivativeI" value="3.000000" />
  <attribute name="DerivativeH" value="3.000000" />
  <attribute name="Loop Time for DT" value="1.000000" />
  <attribute name="Output H" value="8388608"/>
  <attribute name="Output I" value="200"/>
  <attribute name="Output T" value="4"/>
  <attribute name="Target GC Util Change" value ="20.000000" />
  <attribute name="Current GC Util Change" value="23.000000"/>
  <attribute name="GC Util currently" value="23" />
  <attribute name="CPU Util currently" value="6739560812535" />
<exclusive-end id="160" timestamp="2019-06-15T23:42:37.504" durationms="4.771" />

<exclusive-start id="161" timestamp="2019-06-15T23:42:37.591" intervalms="92.606">
  <response-info timems="0.047" idlems="0.047" threads="0" lastid="000000000126DD00" lastname="Thread-6" />
</exclusive-start>
<allocation-taxation id="162" taxation-threshold="8388608" timestamp="2019-06-15T23:42:37.592" intervalms="92.608" />
<cycle-start id="163" type="partial gc" contextid="0" timestamp="2019-06-15T23:42:37.592" intervalms="92.612" />
<gc-start id="164" type="partial gc" contextid="163" timestamp="2019-06-15T23:42:37.592">
  <mem-info id="165" free="0" total="19922944" percent="0">
    <mem type="eden" free="0" total="8388608" percent="0" />
    <remembered-set count="5024" freebytes="775168" totalbytes="795264" percent="97" regionsoverflowed="0" regionsstable="0" regionsrebuilding="0"/>
  </mem-info>
</gc-start>
<allocation-stats totalBytes="8311200" >
  <allocated-bytes non-tlh="0" tlh="8311200" arrayletleaf="0"/>
  <largest-consumer threadName="Thread-4" threadId="0000000001266500" bytes="3197128" />
</allocation-stats>
<gc-op id="166" type="mark" timems="0.892" contextid="163" timestamp="2019-06-15T23:42:37.593">
  <trace-info objectcount="1999" scancount="1600" scanbytes="333320" />
  <cardclean-info objects="1205" bytes="59220" />
  <remembered-set-cleared processed="3641" cleared="538" durationms="0.093" />
  <stringconstants candidates="3963" cleared="0"  />
  <warning details="Mark invoked due to insufficient free space for Copy-Forward" />
</gc-op>
<gc-op id="167" type="classunload" timems="0.016" contextid="163" timestamp="2019-06-15T23:42:37.593">
  <classunload-info classloadercandidates="20" classloadersunloaded="0" classesunloaded="0" anonymousclassesunloaded="0" quiescems="0.000" setupms="0.016" scanms="0.000" postms="0.000" />
</gc-op>
<gc-op id="168" type="sweep" timems="0.442" contextid="163" timestamp="2019-06-15T23:42:37.594" />
<gc-op id="169" type="compact" timems="1.479" contextid="163" timestamp="2019-06-15T23:42:37.596">
  <compact-info movecount="1999" movebytes="825912" />
  <remembered-set-cleared processed="7525" cleared="1095" durationms="0.093" />
</gc-op>
<gc-end id="170" type="partial gc" contextid="163" durationms="4.011" usertimems="4.000" systemtimems="0.000" timestamp="2019-06-15T23:42:37.596" activeThreads="4">
  <mem-info id="171" free="7340032" total="19922944" percent="36">
    <mem type="eden" free="222880" total="1048576" percent="21" />
    <remembered-set count="4992" freebytes="775296" totalbytes="795264" percent="97" regionsoverflowed="0" regionsstable="0" regionsrebuilding="0"/>
  </mem-info>
</gc-end>
<cycle-end id="172" type="partial gc" contextid="163" timestamp="2019-06-15T23:42:37.596" />
  <attribute name="elasticGC enabled" value="1" />
  <attribute name= "numThreadsSpecified" value="4" />
  <attribute name="heapSize specified" value="0" />
  <attribute name="Current GC Util" value="21" />
  <attribute name= "Current Time Running" value="2237" />
  <attribute name ="GC Interval" value="0" />
  <attribute name="ProportionalT" value="1.500000" />
  <attribute name="ProportionalI" value="1.500000" />
  <attribute name="ProportionalH" value="1.500000" />
  <attribute name="Current Error" value="1.000000" />
  <attribute name="IntegralT" value="1.000000" />
  <attribute name="IntegralI" value="1.000000" />
  <attribute name="IntegralH" value="1.000000" />
  <attribute name="DerivativeT" value="1.000000" />
  <attribute name="DerivativeI" value="1.000000" />
  <attribute name="DerivativeH" value="1.000000" />
  <attribute name="Loop Time for DT" value="1.000000" />
  <attribute name="Output H" value="8388608"/>
  <attribute name="Output I" value="200"/>
  <attribute name="Output T" value="4"/>
  <attribute name="Target GC Util Change" value ="20.000000" />
  <attribute name="Current GC Util Change" value="21.000000"/>
  <attribute name="GC Util currently" value="21" />
  <attribute name="CPU Util currently" value="7137109330629" />
<exclusive-end id="173" timestamp="2019-06-15T23:42:37.596" durationms="4.766" />

<exclusive-start id="174" timestamp="2019-06-15T23:42:37.664" intervalms="72.398">
  <response-info timems="0.101" idlems="0.044" threads="2" lastid="0000000001262900" lastname="Thread-3" />
</exclusive-start>
<allocation-taxation id="175" taxation-threshold="7340032" timestamp="2019-06-15T23:42:37.664" intervalms="72.382" />
<cycle-start id="176" type="partial gc" contextid="0" timestamp="2019-06-15T23:42:37.664" intervalms="72.371" />
<gc-start id="177" type="partial gc" contextid="176" timestamp="2019-06-15T23:42:37.664">
  <mem-info id="178" free="0" total="19922944" percent="0">
    <mem type="eden" free="0" total="7340032" percent="0" />
    <remembered-set count="4704" freebytes="776448" totalbytes="795264" percent="97" regionsoverflowed="0" regionsstable="0" regionsrebuilding="0"/>
  </mem-info>
</gc-start>
<allocation-stats totalBytes="7273448" >
  <allocated-bytes non-tlh="65552" tlh="7207896" arrayletleaf="0"/>
  <largest-consumer threadName="Thread-4" threadId="0000000001266500" bytes="2372144" />
</allocation-stats>
<gc-op id="179" type="mark" timems="1.178" contextid="176" timestamp="2019-06-15T23:42:37.666">
  <trace-info objectcount="2194" scancount="1728" scanbytes="371204" />
  <cardclean-info objects="1214" bytes="59664" />
  <remembered-set-cleared processed="3773" cleared="637" durationms="0.075" />
  <stringconstants candidates="3963" cleared="0"  />
  <warning details="Mark invoked due to insufficient free space for Copy-Forward" />
</gc-op>
<gc-op id="180" type="classunload" timems="0.002" contextid="176" timestamp="2019-06-15T23:42:37.666">
  <classunload-info classloadercandidates="20" classloadersunloaded="0" classesunloaded="0" anonymousclassesunloaded="0" quiescems="0.000" setupms="0.002" scanms="0.000" postms="0.000" />
</gc-op>
<gc-op id="181" type="sweep" timems="0.338" contextid="176" timestamp="2019-06-15T23:42:37.666" />
<gc-op id="182" type="compact" timems="1.264" contextid="176" timestamp="2019-06-15T23:42:37.668">
  <compact-info movecount="2194" movebytes="927480" />
  <remembered-set-cleared processed="7730" cleared="1245" durationms="0.075" />
</gc-op>
<heap-resize id="183" type="expand" space="default" amount="3145728" count="1" timems="0.069" reason="insufficient free space following gc" timestamp="2019-06-15T23:42:37.668" />
<gc-end id="184" type="partial gc" contextid="176" durationms="3.897" usertimems="8.000" systemtimems="0.000" timestamp="2019-06-15T23:42:37.668" activeThreads="4">
  <mem-info id="185" free="9437184" total="23068672" percent="40">
    <mem type="eden" free="121616" total="1048576" percent="11" />
    <remembered-set count="4992" freebytes="900864" totalbytes="920832" percent="97" regionsoverflowed="0" regionsstable="0" regionsrebuilding="0"/>
  </mem-info>
</gc-end>
<cycle-end id="186" type="partial gc" contextid="176" timestamp="2019-06-15T23:42:37.668" />
  <attribute name="elasticGC enabled" value="1" />
  <attribute name= "numThreadsSpecified" value="4" />
  <attribute name="heapSize specified" value="0" />
  <attribute name="Current GC Util" value="21" />
  <attribute name= "Current Time Running" value="2310" />
  <attribute name ="GC Interval" value="0" />
  <attribute name="ProportionalT" value="1.500000" />
  <attribute name="ProportionalI" value="1.500000" />
  <attribute name="ProportionalH" value="1.500000" />
  <attribute name="Current Error" value="1.000000" />
  <attribute name="IntegralT" value="1.000000" />
  <attribute name="IntegralI" value="1.000000" />
  <attribute name="IntegralH" value="1.000000" />
  <attribute name="DerivativeT" value="-52.000000" />
  <attribute name="DerivativeI" value="-52.000000" />
  <attribute name="DerivativeH" value="-52.000000" />
  <attribute name="Loop Time for DT" value="1.000000" />
  <attribute name="Output H" value="2091843584"/>
  <attribute name="Output I" value="200"/>
  <attribute name="Output T" value="4"/>
  <attribute name="Target GC Util Change" value ="20.000000" />
  <attribute name="Current GC Util Change" value="21.000000"/>
  <attribute name="GC Util currently" value="21" />
  <attribute name="CPU Util currently" value="8547884044285" />
<exclusive-end id="187" timestamp="2019-06-15T23:42:37.668" durationms="4.399" />

<exclusive-start id="188" timestamp="2019-06-15T23:42:37.758" intervalms="94.550">
  <response-info timems="0.045" idlems="0.045" threads="0" lastid="000000000126A100" lastname="Thread-5" />
</exclusive-start>
<allocation-taxation id="189" taxation-threshold="9437184" timestamp="2019-06-15T23:42:37.758" intervalms="94.564" />
<cycle-start id="190" type="partial gc" contextid="0" timestamp="2019-06-15T23:42:37.759" intervalms="94.560" />
<gc-start id="191" type="partial gc" contextid="190" timestamp="2019-06-15T23:42:37.759">
  <mem-info id="192" free="0" total="23068672" percent="0">
    <mem type="eden" free="0" total="9437184" percent="0" />
    <remembered-set count="4768" freebytes="901760" totalbytes="920832" percent="97" regionsoverflowed="0" regionsstable="0" regionsrebuilding="0"/>
  </mem-info>
</gc-start>
<allocation-stats totalBytes="9374120" >
  <allocated-bytes non-tlh="0" tlh="9374120" arrayletleaf="0"/>
  <largest-consumer threadName="Thread-4" threadId="0000000001266500" bytes="2897000" />
</allocation-stats>
<gc-op id="193" type="mark" timems="0.913" contextid="190" timestamp="2019-06-15T23:42:37.760">
  <trace-info objectcount="1926" scancount="1536" scanbytes="394432" />
  <cardclean-info objects="1193" bytes="58932" />
  <remembered-set-cleared processed="3854" cleared="662" durationms="0.126" />
  <references type="phantom" candidates="2" cleared="0" enqueued="0" />
  <stringconstants candidates="3963" cleared="0"  />
  <warning details="Mark invoked due to insufficient free space for Copy-Forward" />
</gc-op>
<gc-op id="194" type="classunload" timems="0.001" contextid="190" timestamp="2019-06-15T23:42:37.760">
  <classunload-info classloadercandidates="20" classloadersunloaded="0" classesunloaded="0" anonymousclassesunloaded="0" quiescems="0.000" setupms="0.001" scanms="0.000" postms="0.000" />
</gc-op>
<gc-op id="195" type="sweep" timems="0.338" contextid="190" timestamp="2019-06-15T23:42:37.761" />
<gc-op id="196" type="compact" timems="1.236" contextid="190" timestamp="2019-06-15T23:42:37.762">
  <compact-info movecount="1926" movebytes="898504" />
  <remembered-set-cleared processed="7770" cleared="1163" durationms="0.231" />
</gc-op>
<heap-resize id="197" type="expand" space="default" amount="1048576" count="1" timems="0.069" reason="insufficient free space following gc" timestamp="2019-06-15T23:42:37.762" />
<gc-end id="198" type="partial gc" contextid="190" durationms="3.800" usertimems="4.000" systemtimems="0.000" timestamp="2019-06-15T23:42:37.763" activeThreads="4">
  <mem-info id="199" free="9437184" total="24117248" percent="39">
    <mem type="eden" free="151552" total="1048576" percent="14" />
    <remembered-set count="5632" freebytes="940160" totalbytes="962688" percent="97" regionsoverflowed="0" regionsstable="0" regionsrebuilding="0"/>
  </mem-info>
</gc-end>
<cycle-end id="200" type="partial gc" contextid="190" timestamp="2019-06-15T23:42:37.763" />
  <attribute name="elasticGC enabled" value="1" />
  <attribute name= "numThreadsSpecified" value="4" />
  <attribute name="heapSize specified" value="0" />
  <attribute name="Current GC Util" value="25" />
  <attribute name= "Current Time Running" value="2404" />
  <attribute name ="GC Interval" value="0" />
  <attribute name="ProportionalT" value="7.500000" />
  <attribute name="ProportionalI" value="7.500000" />
  <attribute name="ProportionalH" value="7.500000" />
  <attribute name="Current Error" value="5.000000" />
  <attribute name="IntegralT" value="5.000000" />
  <attribute name="IntegralI" value="5.000000" />
  <attribute name="IntegralH" value="5.000000" />
  <attribute name="DerivativeT" value="5.000000" />
  <attribute name="DerivativeI" value="5.000000" />
  <attribute name="DerivativeH" value="5.000000" />
  <attribute name="Loop Time for DT" value="1.000000" />
  <attribute name="Output H" value="8388608"/>
  <attribute name="Output I" value="200"/>
  <attribute name="Output T" value="4"/>
  <attribute name="Target GC Util Change" value ="20.000000" />
  <attribute name="Current GC Util Change" value="25.000000"/>
  <attribute name="GC Util currently" value="25" />
  <attribute name="CPU Util currently" value="8907288010455" />
<exclusive-end id="201" timestamp="2019-06-15T23:42:37.763" durationms="4.404" />

<exclusive-start id="202" timestamp="2019-06-15T23:42:37.873" intervalms="115.035">
  <response-info timems="0.058" idlems="0.058" threads="0" lastid="000000000126A100" lastname="Thread-5" />
</exclusive-start>
<allocation-taxation id="203" taxation-threshold="9437184" timestamp="2019-06-15T23:42:37.874" intervalms="115.036" />
<cycle-start id="204" type="partial gc" contextid="0" timestamp="2019-06-15T23:42:37.874" intervalms="115.039" />
<gc-start id="205" type="partial gc" contextid="204" timestamp="2019-06-15T23:42:37.874">
  <mem-info id="206" free="0" total="24117248" percent="0">
    <mem type="eden" free="0" total="9437184" percent="0" />
    <remembered-set count="5344" freebytes="941312" totalbytes="962688" percent="97" regionsoverflowed="0" regionsstable="0" regionsrebuilding="0"/>
  </mem-info>
</gc-start>
<allocation-stats totalBytes="9431776" >
  <allocated-bytes non-tlh="16392" tlh="9415384" arrayletleaf="0"/>
  <largest-consumer threadName="Thread-5" threadId="000000000126A100" bytes="3347440" />
</allocation-stats>
<gc-op id="207" type="mark" timems="0.970" contextid="204" timestamp="2019-06-15T23:42:37.875">
  <trace-info objectcount="2714" scancount="2143" scanbytes="420888" />
  <cardclean-info objects="1217" bytes="59784" />
  <remembered-set-cleared processed="3834" cleared="610" durationms="0.101" />
  <stringconstants candidates="3963" cleared="0"  />
  <warning details="Mark invoked due to insufficient free space for Copy-Forward" />
</gc-op>
<gc-op id="208" type="classunload" timems="0.002" contextid="204" timestamp="2019-06-15T23:42:37.875">
  <classunload-info classloadercandidates="20" classloadersunloaded="0" classesunloaded="0" anonymousclassesunloaded="0" quiescems="0.000" setupms="0.001" scanms="0.000" postms="0.000" />
</gc-op>
<gc-op id="209" type="sweep" timems="0.483" contextid="204" timestamp="2019-06-15T23:42:37.876" />
<gc-op id="210" type="compact" timems="1.499" contextid="204" timestamp="2019-06-15T23:42:37.878">
  <compact-info movecount="2708" movebytes="1063816" />
  <remembered-set-cleared processed="8030" cleared="1363" durationms="0.101" />
</gc-op>
<heap-resize id="211" type="expand" space="default" amount="2097152" count="1" timems="0.061" reason="insufficient free space following gc" timestamp="2019-06-15T23:42:37.878" />
<gc-end id="212" type="partial gc" contextid="204" durationms="4.065" usertimems="4.000" systemtimems="0.000" timestamp="2019-06-15T23:42:37.878" activeThreads="4">
  <mem-info id="213" free="9437184" total="26214400" percent="36">
    <mem type="eden" free="1033112" total="2097152" percent="49" />
    <remembered-set count="5152" freebytes="1025792" totalbytes="1046400" percent="98" regionsoverflowed="0" regionsstable="0" regionsrebuilding="0"/>
  </mem-info>
</gc-end>
<cycle-end id="214" type="partial gc" contextid="204" timestamp="2019-06-15T23:42:37.878" />
  <attribute name="elasticGC enabled" value="1" />
  <attribute name= "numThreadsSpecified" value="4" />
  <attribute name="heapSize specified" value="0" />
  <attribute name="Current GC Util" value="22" />
  <attribute name= "Current Time Running" value="2519" />
  <attribute name ="GC Interval" value="0" />
  <attribute name="ProportionalT" value="3.000000" />
  <attribute name="ProportionalI" value="3.000000" />
  <attribute name="ProportionalH" value="3.000000" />
  <attribute name="Current Error" value="2.000000" />
  <attribute name="IntegralT" value="2.000000" />
  <attribute name="IntegralI" value="2.000000" />
  <attribute name="IntegralH" value="2.000000" />
  <attribute name="DerivativeT" value="2.000000" />
  <attribute name="DerivativeI" value="2.000000" />
  <attribute name="DerivativeH" value="2.000000" />
  <attribute name="Loop Time for DT" value="1.000000" />
  <attribute name="Output H" value="8388608"/>
  <attribute name="Output I" value="200"/>
  <attribute name="Output T" value="4"/>
  <attribute name="Target GC Util Change" value ="20.000000" />
  <attribute name="Current GC Util Change" value="22.000000"/>
  <attribute name="GC Util currently" value="22" />
  <attribute name="CPU Util currently" value="6997485795871" />
<exclusive-end id="215" timestamp="2019-06-15T23:42:37.878" durationms="4.590" />

<exclusive-start id="216" timestamp="2019-06-15T23:42:37.975" intervalms="101.871">
  <response-info timems="0.033" idlems="0.033" threads="0" lastid="0000000001266500" lastname="Thread-4" />
</exclusive-start>
<allocation-taxation id="217" taxation-threshold="9437184" timestamp="2019-06-15T23:42:37.975" intervalms="101.873" />
<cycle-start id="218" type="partial gc" contextid="0" timestamp="2019-06-15T23:42:37.975" intervalms="101.883" />
<gc-start id="219" type="partial gc" contextid="218" timestamp="2019-06-15T23:42:37.976">
  <mem-info id="220" free="0" total="26214400" percent="0">
    <mem type="eden" free="0" total="9437184" percent="0" />
    <remembered-set count="5088" freebytes="1026048" totalbytes="1046400" percent="98" regionsoverflowed="0" regionsstable="0" regionsrebuilding="0"/>
  </mem-info>
</gc-start>
<allocation-stats totalBytes="9373496" >
  <allocated-bytes non-tlh="16392" tlh="9357104" arrayletleaf="0"/>
  <largest-consumer threadName="Thread-5" threadId="000000000126A100" bytes="3071272" />
</allocation-stats>
<gc-op id="221" type="mark" timems="0.964" contextid="218" timestamp="2019-06-15T23:42:37.977">
  <trace-info objectcount="2424" scancount="1952" scanbytes="412228" />
  <cardclean-info objects="1217" bytes="59976" />
  <remembered-set-cleared processed="4056" cleared="795" durationms="0.113" />
  <references type="phantom" candidates="1" cleared="0" enqueued="0" />
  <stringconstants candidates="3963" cleared="0"  />
  <warning details="Mark invoked due to insufficient free space for Copy-Forward" />
</gc-op>
<gc-op id="222" type="classunload" timems="0.002" contextid="218" timestamp="2019-06-15T23:42:37.977">
  <classunload-info classloadercandidates="20" classloadersunloaded="0" classesunloaded="0" anonymousclassesunloaded="0" quiescems="0.000" setupms="0.002" scanms="0.000" postms="0.000" />
</gc-op>
<gc-op id="223" type="sweep" timems="0.474" contextid="218" timestamp="2019-06-15T23:42:37.978" />
<gc-op id="224" type="compact" timems="1.417" contextid="218" timestamp="2019-06-15T23:42:37.979">
  <compact-info movecount="2424" movebytes="987560" />
  <remembered-set-cleared processed="8197" cleared="1444" durationms="0.113" />
</gc-op>
<heap-resize id="225" type="expand" space="default" amount="1048576" count="1" timems="0.054" reason="insufficient free space following gc" timestamp="2019-06-15T23:42:37.980" />
<gc-end id="226" type="partial gc" contextid="218" durationms="4.070" usertimems="4.000" systemtimems="4.000" timestamp="2019-06-15T23:42:37.980" activeThreads="4">
  <mem-info id="227" free="10485760" total="27262976" percent="38">
    <mem type="eden" free="62016" total="1048576" percent="5" />
    <remembered-set count="6272" freebytes="1063168" totalbytes="1088256" percent="97" regionsoverflowed="0" regionsstable="0" regionsrebuilding="0"/>
  </mem-info>
</gc-end>
<cycle-end id="228" type="partial gc" contextid="218" timestamp="2019-06-15T23:42:37.980" />
  <attribute name="elasticGC enabled" value="1" />
  <attribute name= "numThreadsSpecified" value="4" />
  <attribute name="heapSize specified" value="0" />
  <attribute name="Current GC Util" value="21" />
  <attribute name= "Current Time Running" value="2621" />
  <attribute name ="GC Interval" value="0" />
  <attribute name="ProportionalT" value="1.500000" />
  <attribute name="ProportionalI" value="1.500000" />
  <attribute name="ProportionalH" value="1.500000" />
  <attribute name="Current Error" value="1.000000" />
  <attribute name="IntegralT" value="1.000000" />
  <attribute name="IntegralI" value="1.000000" />
  <attribute name="IntegralH" value="1.000000" />
  <attribute name="DerivativeT" value="1.000000" />
  <attribute name="DerivativeI" value="1.000000" />
  <attribute name="DerivativeH" value="1.000000" />
  <attribute name="Loop Time for DT" value="1.000000" />
  <attribute name="Output H" value="8388608"/>
  <attribute name="Output I" value="200"/>
  <attribute name="Output T" value="4"/>
  <attribute name="Target GC Util Change" value ="20.000000" />
  <attribute name="Current GC Util Change" value="21.000000"/>
  <attribute name="GC Util currently" value="21" />
  <attribute name="CPU Util currently" value="6780455339108" />
<exclusive-end id="229" timestamp="2019-06-15T23:42:37.980" durationms="4.685" />

</verbosegc>

