<?xml version="1.0" ?>

<verbosegc xmlns="http://www.ibm.com/j9/verbosegc" version="25b0271_CMPRSS">

<initialized id="1" timestamp="2019-07-02T19:21:07.236">
  <attribute name="gcPolicy" value="-Xgcpolicy:balanced" />
  <attribute name="GC Util" value="0" />
  <attribute name="CPU Util" value="0" />
  <attribute name="Time Running"value="0"/>
  <attribute name="Number of cores"value="0"/>
  <attribute name="maxHeapSize" value="0x7cb00000" />
  <attribute name="initialHeapSize" value="0x800000" />
  <attribute name="compressedRefs" value="true" />
  <attribute name="compressedRefsDisplacement" value="0x0" />
  <attribute name="compressedRefsShift" value="0x0" />
  <attribute name="pageSize" value="0x1000" />
  <attribute name="pageType" value="not used" />
  <attribute name="requestedPageSize" value="0x1000" />
  <attribute name="requestedPageType" value="not used" />
  <attribute name="gcthreads" value="4" />
  <attribute name="packetListSplit" value="4" />
  <attribute name="cacheListSplit" value="4" />
  <attribute name="splitFreeListSplitAmount" value="1" />
  <attribute name="numaNodes" value="0" />
  <region>
    <attribute name="regionSize" value="1048576" />
    <attribute name="regionCount" value="1995" />
    <attribute name="arrayletLeafSize" value="1048576" />
  </region>
  <system>
    <attribute name="physicalMemory" value="8370962432" />
    <attribute name="numCPUs" value="4" />
    <attribute name="architecture" value="amd64" />
    <attribute name="os" value="Linux" />
    <attribute name="osVersion" value="4.4.0-148-generic" />
  </system>
  <vmargs>
    <vmarg name="-Xoptionsfile=/vagrant/jdk/lib/options.default" />
    <vmarg name="-Xlockword:mode=default,noLockword=java/lang/String,noLockword=java/util/MapEntry,noLockword=java/util/HashMap$Entry,noLockword..." />
    <vmarg name="-Xjcl:jclse11_29" />
    <vmarg name="-Dcom.ibm.oti.vm.bootstrap.library.path=/vagrant/jdk/lib/compressedrefs:/vagrant/jdk/lib" />
    <vmarg name="-Dsun.boot.library.path=/vagrant/jdk/lib/compressedrefs:/vagrant/jdk/lib" />
    <vmarg name="-Djava.library.path=/vagrant/jdk/lib/compressedrefs:/vagrant/jdk/lib:/usr/lib64:/usr/lib" />
    <vmarg name="-Djava.home=/vagrant/jdk" />
    <vmarg name="-Duser.dir=/vagrant" />
    <vmarg name="-Xgcpolicy:balanced" />
    <vmarg name="-verbose:gc" />
    <vmarg name="-Xloggc:small-Balanced-jdkF-verbose13jython.txt" />
    <vmarg name="-Djava.class.path=dacapo-9.12-MR1-bach.jar" />
    <vmarg name="-Dsun.java.command=dacapo-9.12-MR1-bach.jar jython --size=small" />
    <vmarg name="-Dsun.java.launcher=SUN_STANDARD" />
    <vmarg name="-Dsun.java.launcher.pid=11909" />
  </vmargs>
</initialized>

<exclusive-start id="2" timestamp="2019-07-02T19:21:08.919" intervalms="1682.823">
  <response-info timems="0.022" idlems="0.022" threads="0" lastid="000000000224E700" lastname="main" />
</exclusive-start>
<allocation-taxation id="3" taxation-threshold="8388608" timestamp="2019-07-02T19:21:08.919" intervalms="1683.188" />
<cycle-start id="4" type="partial gc" contextid="0" timestamp="2019-07-02T19:21:08.920" intervalms="1683.538" />
  <attribute name="GC Util" value="0" />
  <attribute name="CPU Util" value="89" />
  <attribute name="Time Running"value="0"/>
  <attribute name="Number of cores"value="4"/>
<gc-start id="5" type="partial gc" contextid="4" timestamp="2019-07-02T19:21:08.920">
  <mem-info id="6" free="0" total="8388608" percent="0">
    <mem type="eden" free="0" total="8388608" percent="0" />
    <remembered-set count="0" freebytes="334848" totalbytes="334848" percent="100" regionsoverflowed="0" regionsstable="0" regionsrebuilding="0"/>
  </mem-info>
</gc-start>
<allocation-stats totalBytes="8316376" >
  <allocated-bytes non-tlh="314512" tlh="8001864" arrayletleaf="0"/>
  <largest-consumer threadName="main" threadId="000000000224E700" bytes="8240688" />
</allocation-stats>
<gc-op id="7" type="mark" timems="2.672" contextid="4" timestamp="2019-07-02T19:21:08.924">
  <trace-info objectcount="17648" scancount="13961" scanbytes="458964" />
  <remembered-set-cleared processed="0" cleared="0" durationms="0.042" />
  <finalization candidates="19" enqueued="1" />
  <references type="soft" candidates="63" cleared="0" enqueued="0" dynamicThreshold="32" maxThreshold="32" />
  <references type="weak" candidates="567" cleared="402" enqueued="362" />
  <references type="phantom" candidates="105" cleared="44" enqueued="44" />
  <stringconstants candidates="2393" cleared="0"  />
  <warning details="Mark for calibration purposes" />
</gc-op>
<gc-op id="8" type="classunload" timems="0.089" contextid="4" timestamp="2019-07-02T19:21:08.924">
  <classunload-info classloadercandidates="5" classloadersunloaded="0" classesunloaded="0" anonymousclassesunloaded="0" quiescems="0.000" setupms="0.087" scanms="0.000" postms="0.000" />
</gc-op>
<gc-op id="9" type="sweep" timems="0.677" contextid="4" timestamp="2019-07-02T19:21:08.925" />
<gc-op id="10" type="compact" timems="3.671" contextid="4" timestamp="2019-07-02T19:21:08.929">
  <compact-info movecount="17648" movebytes="960632" />
  <remembered-set-cleared processed="0" cleared="0" durationms="0.042" />
</gc-op>
<gc-end id="11" type="partial gc" contextid="4" durationms="9.541" usertimems="4.000" systemtimems="8.000" timestamp="2019-07-02T19:21:08.930" activeThreads="4">
  <mem-info id="12" free="7340032" total="8388608" percent="87">
    <mem type="eden" free="87944" total="1048576" percent="8" />
    <pending-finalizers system="1" default="0" reference="406" classloader="0" />
    <remembered-set count="0" freebytes="334848" totalbytes="334848" percent="100" regionsoverflowed="0" regionsstable="0" regionsrebuilding="0"/>
  </mem-info>
</gc-end>
<cycle-end id="13" type="partial gc" contextid="4" timestamp="2019-07-02T19:21:08.930">
  <attribute name="GC Util" value="39" />
  <attribute name="CPU Util" value="15999743328666" />
  <attribute name="Time Running"value="1589"/>
  <attribute name="Number of cores"value="4"/>
</cycle-end>
<exclusive-end id="14" timestamp="2019-07-02T19:21:08.930" durationms="11.003" />

<exclusive-start id="15" timestamp="2019-07-02T19:21:09.459" intervalms="540.078">
  <response-info timems="0.019" idlems="0.019" threads="0" lastid="000000000224E700" lastname="main" />
</exclusive-start>
<allocation-taxation id="16" taxation-threshold="7340032" timestamp="2019-07-02T19:21:09.459" intervalms="539.801" />
<cycle-start id="17" type="partial gc" contextid="0" timestamp="2019-07-02T19:21:09.459" intervalms="539.531" />
  <attribute name="GC Util" value="39" />
  <attribute name="CPU Util" value="15999743328666" />
  <attribute name="Time Running"value="1589"/>
  <attribute name="Number of cores"value="4"/>
<gc-start id="18" type="partial gc" contextid="17" timestamp="2019-07-02T19:21:09.459">
  <mem-info id="19" free="0" total="8388608" percent="0">
    <mem type="eden" free="87944" total="8388608" percent="1" />
    <remembered-set count="0" freebytes="334848" totalbytes="334848" percent="100" regionsoverflowed="0" regionsstable="0" regionsrebuilding="0"/>
  </mem-info>
</gc-start>
<allocation-stats totalBytes="7333440" >
  <allocated-bytes non-tlh="426104" tlh="6907336" arrayletleaf="0"/>
  <largest-consumer threadName="main" threadId="000000000224E700" bytes="7325160" />
</allocation-stats>
<gc-op id="20" type="mark" timems="1.786" contextid="17" timestamp="2019-07-02T19:21:09.462">
  <trace-info objectcount="20336" scancount="16182" scanbytes="551648" />
  <remembered-set-cleared processed="0" cleared="0" durationms="0.046" />
  <finalization candidates="56" enqueued="1" />
  <ownableSynchronizers candidates="17" cleared="0" />
  <references type="soft" candidates="68" cleared="0" enqueued="0" dynamicThreshold="28" maxThreshold="32" />
  <references type="weak" candidates="835" cleared="378" enqueued="268" />
  <references type="phantom" candidates="91" cleared="3" enqueued="3" />
  <stringconstants candidates="2640" cleared="0"  />
  <warning details="Mark invoked due to insufficient free space for Copy-Forward" />
</gc-op>
<gc-op id="21" type="classunload" timems="0.001" contextid="17" timestamp="2019-07-02T19:21:09.462">
  <classunload-info classloadercandidates="6" classloadersunloaded="0" classesunloaded="0" anonymousclassesunloaded="0" quiescems="0.000" setupms="0.001" scanms="0.000" postms="0.000" />
</gc-op>
<gc-op id="22" type="sweep" timems="0.337" contextid="17" timestamp="2019-07-02T19:21:09.462" />
<gc-op id="23" type="compact" timems="3.436" contextid="17" timestamp="2019-07-02T19:21:09.466">
  <compact-info movecount="20336" movebytes="1544768" />
  <remembered-set-cleared processed="0" cleared="0" durationms="0.046" />
</gc-op>
<gc-end id="24" type="partial gc" contextid="17" durationms="6.664" usertimems="8.000" systemtimems="0.000" timestamp="2019-07-02T19:21:09.466" activeThreads="4">
  <mem-info id="25" free="6291456" total="8388608" percent="75">
    <mem type="eden" free="552384" total="2097152" percent="26" />
    <pending-finalizers system="1" default="0" reference="271" classloader="0" />
    <remembered-set count="2048" freebytes="326656" totalbytes="334848" percent="97" regionsoverflowed="0" regionsstable="0" regionsrebuilding="0"/>
  </mem-info>
</gc-end>
<cycle-end id="26" type="partial gc" contextid="17" timestamp="2019-07-02T19:21:09.466">
  <attribute name="GC Util" value="25" />
  <attribute name="CPU Util" value="32810018821877" />
  <attribute name="Time Running"value="2127"/>
  <attribute name="Number of cores"value="4"/>
</cycle-end>
<exclusive-end id="27" timestamp="2019-07-02T19:21:09.467" durationms="7.414" />

<exclusive-start id="28" timestamp="2019-07-02T19:21:09.552" intervalms="92.488">
  <response-info timems="0.030" idlems="0.030" threads="0" lastid="000000000224E700" lastname="main" />
</exclusive-start>
<allocation-taxation id="29" taxation-threshold="3145728" timestamp="2019-07-02T19:21:09.552" intervalms="92.489" />
<cycle-start id="30" type="global mark phase" contextid="0" timestamp="2019-07-02T19:21:09.552" intervalms="2315.609" />
  <attribute name="GC Util" value="25" />
  <attribute name="CPU Util" value="32810018821877" />
  <attribute name="Time Running"value="2127"/>
  <attribute name="Number of cores"value="4"/>
<gc-start id="31" type="global mark phase" contextid="30" timestamp="2019-07-02T19:21:09.552">
  <mem-info id="32" free="3145728" total="8388608" percent="37">
    <remembered-set count="1568" freebytes="328576" totalbytes="334848" percent="98" regionsoverflowed="0" regionsstable="0" regionsrebuilding="0"/>
  </mem-info>
</gc-start>
<gc-op id="33" type="mark increment" timems="0.751" contextid="30" timestamp="2019-07-02T19:21:09.553">
  <trace-info objectcount="121" scancount="0" scanbytes="0" />
</gc-op>
<gc-end id="34" type="global mark phase" contextid="30" durationms="0.866" usertimems="0.000" systemtimems="0.000" timestamp="2019-07-02T19:21:09.553" activeThreads="4">
  <mem-info id="35" free="3145728" total="8388608" percent="37">
    <remembered-set count="1568" freebytes="328576" totalbytes="334848" percent="98" regionsoverflowed="0" regionsstable="0" regionsrebuilding="0"/>
  </mem-info>
</gc-end>
<concurrent-start id="36" type="GMP work packet processing" contextid="30" timestamp="2019-07-02T19:21:09.553">
  <concurrent-mark-start scanTarget="18446744073709551615" />
</concurrent-start>
<exclusive-end id="37" timestamp="2019-07-02T19:21:09.553" durationms="1.366" />

<concurrent-end id="38" type="GMP work packet processing" contextid="30" timestamp="2019-07-02T19:21:09.555">
  <concurrent-mark-end bytesScanned="795696" reasonForTermination="Completed all work in GC phase" />
</concurrent-end>

<exclusive-start id="39" timestamp="2019-07-02T19:21:12.675" intervalms="3123.463">
  <response-info timems="0.019" idlems="0.019" threads="0" lastid="000000000224E700" lastname="main" />
</exclusive-start>
<allocation-taxation id="40" taxation-threshold="3145728" timestamp="2019-07-02T19:21:12.675" intervalms="3123.470" />
<cycle-start id="41" type="partial gc" contextid="0" timestamp="2019-07-02T19:21:12.675" intervalms="3216.001" />
  <attribute name="GC Util" value="179" />
  <attribute name="CPU Util" value="38987177551682" />
  <attribute name="Time Running"value="2217"/>
  <attribute name="Number of cores"value="4"/>
<gc-start id="42" type="partial gc" contextid="41" timestamp="2019-07-02T19:21:12.676">
  <mem-info id="43" free="0" total="8388608" percent="0">
    <mem type="eden" free="0" total="6291456" percent="0" />
    <remembered-set count="1568" freebytes="328576" totalbytes="334848" percent="98" regionsoverflowed="0" regionsstable="0" regionsrebuilding="0"/>
  </mem-info>
</gc-start>
<allocation-stats totalBytes="6282160" >
  <allocated-bytes non-tlh="316560" tlh="5965600" arrayletleaf="0"/>
  <largest-consumer threadName="main" threadId="000000000224E700" bytes="3142560" />
</allocation-stats>
<gc-op id="44" type="mark" timems="1.869" contextid="41" timestamp="2019-07-02T19:21:12.678">
  <trace-info objectcount="21699" scancount="17490" scanbytes="585736" />
  <cardclean-info objects="718" bytes="31668" />
  <remembered-set-cleared processed="290" cleared="290" durationms="0.046" />
  <finalization candidates="45" enqueued="0" />
  <ownableSynchronizers candidates="17" cleared="0" />
  <references type="soft" candidates="493" cleared="0" enqueued="0" dynamicThreshold="12" maxThreshold="32" />
  <references type="weak" candidates="1239" cleared="149" enqueued="137" />
  <references type="phantom" candidates="42" cleared="5" enqueued="5" />
  <stringconstants candidates="4698" cleared="0"  />
  <warning details="Mark invoked due to insufficient free space for Copy-Forward" />
</gc-op>
<gc-op id="45" type="classunload" timems="0.002" contextid="41" timestamp="2019-07-02T19:21:12.678">
  <classunload-info classloadercandidates="10" classloadersunloaded="0" classesunloaded="0" anonymousclassesunloaded="0" quiescems="0.000" setupms="0.002" scanms="0.000" postms="0.000" />
</gc-op>
<gc-op id="46" type="sweep" timems="0.429" contextid="41" timestamp="2019-07-02T19:21:12.679" />
<gc-op id="47" type="compact" timems="2.463" contextid="41" timestamp="2019-07-02T19:21:12.681">
  <compact-info movecount="21698" movebytes="1436504" />
  <remembered-set-cleared processed="3639" cleared="3639" durationms="0.055" />
</gc-op>
<gc-end id="48" type="partial gc" contextid="41" durationms="6.037" usertimems="8.000" systemtimems="0.000" timestamp="2019-07-02T19:21:12.682" activeThreads="4">
  <mem-info id="49" free="5242880" total="8388608" percent="62">
    <mem type="eden" free="370216" total="1048576" percent="35" />
    <pending-finalizers system="0" default="0" reference="142" classloader="0" />
    <remembered-set count="3072" freebytes="322560" totalbytes="334848" percent="96" regionsoverflowed="0" regionsstable="0" regionsrebuilding="0"/>
  </mem-info>
</gc-end>
<cycle-end id="50" type="partial gc" contextid="41" timestamp="2019-07-02T19:21:12.682">
  <attribute name="GC Util" value="24" />
  <attribute name="CPU Util" value="26744877083798" />
  <attribute name="Time Running"value="5343"/>
  <attribute name="Number of cores"value="4"/>
</cycle-end>
<exclusive-end id="51" timestamp="2019-07-02T19:21:12.682" durationms="7.238" />

<exclusive-start id="52" timestamp="2019-07-02T19:21:12.727" intervalms="52.395">
  <response-info timems="0.028" idlems="0.028" threads="0" lastid="000000000224E700" lastname="main" />
</exclusive-start>
<allocation-taxation id="53" taxation-threshold="2097152" timestamp="2019-07-02T19:21:12.728" intervalms="52.388" />
<gc-start id="54" type="global mark phase" contextid="30" timestamp="2019-07-02T19:21:12.728">
  <mem-info id="55" free="3145728" total="8388608" percent="37">
    <remembered-set count="3072" freebytes="322560" totalbytes="334848" percent="96" regionsoverflowed="0" regionsstable="0" regionsrebuilding="0"/>
  </mem-info>
</gc-start>
<gc-op id="56" type="mark increment" timems="2.233" contextid="30" timestamp="2019-07-02T19:21:12.730">
  <trace-info objectcount="22867" scancount="18481" scanbytes="630644" />
  <cardclean-info objects="886" bytes="39500" />
  <finalization candidates="66" enqueued="0" />
  <ownableSynchronizers candidates="17" cleared="0" />
  <references type="soft" candidates="586" cleared="0" enqueued="0" dynamicThreshold="20" maxThreshold="32" />
  <references type="weak" candidates="1439" cleared="13" enqueued="13" />
  <references type="phantom" candidates="95" cleared="0" enqueued="0" />
  <stringconstants candidates="4934" cleared="0"  />
</gc-op>
<gc-op id="57" type="classunload" timems="0.003" contextid="30" timestamp="2019-07-02T19:21:12.730">
  <classunload-info classloadercandidates="10" classloadersunloaded="0" classesunloaded="0" anonymousclassesunloaded="0" quiescems="0.000" setupms="0.003" scanms="0.000" postms="0.000" />
</gc-op>
<gc-end id="58" type="global mark phase" contextid="30" durationms="2.466" usertimems="4.000" systemtimems="0.000" timestamp="2019-07-02T19:21:12.730" activeThreads="4">
  <mem-info id="59" free="3145728" total="8388608" percent="37">
    <pending-finalizers system="0" default="0" reference="13" classloader="0" />
    <remembered-set count="3072" freebytes="322560" totalbytes="334848" percent="96" regionsoverflowed="0" regionsstable="0" regionsrebuilding="0"/>
  </mem-info>
</gc-end>
<cycle-end id="60" type="global mark phase" contextid="30" timestamp="2019-07-02T19:21:12.730">
  <attribute name="GC Util" value="86" />
  <attribute name="CPU Util" value="19776813914183" />
  <attribute name="Time Running"value="5393"/>
  <attribute name="Number of cores"value="4"/>
</cycle-end>
<exclusive-end id="61" timestamp="2019-07-02T19:21:12.730" durationms="2.797" />

<exclusive-start id="62" timestamp="2019-07-02T19:21:12.781" intervalms="53.873">
  <response-info timems="0.012" idlems="0.012" threads="0" lastid="000000000224E700" lastname="main" />
</exclusive-start>
<allocation-taxation id="63" taxation-threshold="2097152" timestamp="2019-07-02T19:21:12.781" intervalms="53.867" />
<cycle-start id="64" type="partial gc" contextid="0" timestamp="2019-07-02T19:21:12.781" intervalms="106.208" />
  <attribute name="GC Util" value="86" />
  <attribute name="CPU Util" value="19776813914183" />
  <attribute name="Time Running"value="5393"/>
  <attribute name="Number of cores"value="4"/>
<gc-start id="65" type="partial gc" contextid="64" timestamp="2019-07-02T19:21:12.782">
  <mem-info id="66" free="1048576" total="8388608" percent="12">
    <mem type="eden" free="0" total="4194304" percent="0" />
    <remembered-set count="3072" freebytes="322560" totalbytes="334848" percent="96" regionsoverflowed="0" regionsstable="0" regionsrebuilding="0"/>
  </mem-info>
</gc-start>
<allocation-stats totalBytes="4134552" >
  <allocated-bytes non-tlh="92704" tlh="4041848" arrayletleaf="0"/>
  <largest-consumer threadName="main" threadId="000000000224E700" bytes="2094424" />
</allocation-stats>
<gc-op id="67" type="sweep" timems="0.408" contextid="64" timestamp="2019-07-02T19:21:12.782" />
<gc-op id="68" type="copy forward" timems="3.776" contextid="64" timestamp="2019-07-02T19:21:12.787">
  <memory-copied type="eden" objects="2682" bytes="121656" bytesdiscarded="6938" />
  <memory-copied type="other" objects="19349" bytes="749824" bytesdiscarded="80462" />
  <memory-cardclean objects="641" bytes="34672" />
  <remembered-set-cleared processed="1724" cleared="1515" durationms="0.063" />
  <finalization candidates="11" enqueued="0" />
  <references type="soft" candidates="561" cleared="0" enqueued="0" dynamicThreshold="12" maxThreshold="32" />
  <references type="weak" candidates="1300" cleared="14" enqueued="14" />
  <references type="phantom" candidates="8" cleared="1" enqueued="1" />
  <stringconstants candidates="5186" cleared="0"  />
  <heap-resize type="expand" space="default" amount="1048576" count="1" timems="0.201" reason="continue current collection" />
</gc-op>
<gc-op id="69" type="classunload" timems="0.002" contextid="64" timestamp="2019-07-02T19:21:12.787">
  <classunload-info classloadercandidates="10" classloadersunloaded="0" classesunloaded="0" anonymousclassesunloaded="0" quiescems="0.000" setupms="0.002" scanms="0.000" postms="0.000" />
</gc-op>
<gc-end id="70" type="partial gc" contextid="64" durationms="5.214" usertimems="8.000" systemtimems="0.000" timestamp="2019-07-02T19:21:12.787" activeThreads="4">
  <mem-info id="71" free="5242880" total="9437184" percent="55">
    <mem type="eden" free="811032" total="1048576" percent="77" />
    <pending-finalizers system="0" default="0" reference="15" classloader="0" />
    <remembered-set count="3296" freebytes="363520" totalbytes="376704" percent="96" regionsoverflowed="0" regionsstable="0" regionsrebuilding="0"/>
  </mem-info>
</gc-end>
<cycle-end id="72" type="partial gc" contextid="64" timestamp="2019-07-02T19:21:12.787">
  <attribute name="GC Util" value="39" />
  <attribute name="CPU Util" value="82645591994505" />
  <attribute name="Time Running"value="5447"/>
  <attribute name="Number of cores"value="4"/>
</cycle-end>
<exclusive-end id="73" timestamp="2019-07-02T19:21:12.787" durationms="5.818" />

<exclusive-start id="74" timestamp="2019-07-02T19:21:12.832" intervalms="50.439">
  <response-info timems="0.028" idlems="0.028" threads="0" lastid="000000000224E700" lastname="main" />
</exclusive-start>
<allocation-taxation id="75" taxation-threshold="2097152" timestamp="2019-07-02T19:21:12.832" intervalms="50.448" />
<cycle-start id="76" type="global mark phase" contextid="0" timestamp="2019-07-02T19:21:12.832" intervalms="3280.128" />
  <attribute name="GC Util" value="39" />
  <attribute name="CPU Util" value="82645591994505" />
  <attribute name="Time Running"value="5447"/>
  <attribute name="Number of cores"value="4"/>
<gc-start id="77" type="global mark phase" contextid="76" timestamp="2019-07-02T19:21:12.832">
  <mem-info id="78" free="3145728" total="9437184" percent="33">
    <remembered-set count="3168" freebytes="364032" totalbytes="376704" percent="96" regionsoverflowed="0" regionsstable="0" regionsrebuilding="0"/>
  </mem-info>
</gc-start>
<gc-op id="79" type="mark increment" timems="0.425" contextid="76" timestamp="2019-07-02T19:21:12.833">
  <trace-info objectcount="133" scancount="0" scanbytes="0" />
</gc-op>
<gc-end id="80" type="global mark phase" contextid="76" durationms="0.575" usertimems="0.000" systemtimems="0.000" timestamp="2019-07-02T19:21:12.833" activeThreads="4">
  <mem-info id="81" free="3145728" total="9437184" percent="33">
    <remembered-set count="3168" freebytes="364032" totalbytes="376704" percent="96" regionsoverflowed="0" regionsstable="0" regionsrebuilding="0"/>
  </mem-info>
</gc-end>
<concurrent-start id="82" type="GMP work packet processing" contextid="76" timestamp="2019-07-02T19:21:12.833">
  <concurrent-mark-start scanTarget="18446744073709551615" />
</concurrent-start>
<exclusive-end id="83" timestamp="2019-07-02T19:21:12.833" durationms="1.153" />

<concurrent-end id="84" type="GMP work packet processing" contextid="76" timestamp="2019-07-02T19:21:12.835">
  <concurrent-mark-end bytesScanned="1277420" reasonForTermination="Completed all work in GC phase" />
</concurrent-end>

<exclusive-start id="85" timestamp="2019-07-02T19:21:12.885" intervalms="53.574">
  <response-info timems="0.066" idlems="0.066" threads="0" lastid="000000000224E700" lastname="main" />
</exclusive-start>
<allocation-taxation id="86" taxation-threshold="2097152" timestamp="2019-07-02T19:21:12.885" intervalms="53.656" />
<cycle-start id="87" type="partial gc" contextid="0" timestamp="2019-07-02T19:21:12.886" intervalms="104.185" />
  <attribute name="GC Util" value="108" />
  <attribute name="CPU Util" value="34836530366301" />
  <attribute name="Time Running"value="5497"/>
  <attribute name="Number of cores"value="4"/>
<gc-start id="88" type="partial gc" contextid="87" timestamp="2019-07-02T19:21:12.886">
  <mem-info id="89" free="1048576" total="9437184" percent="11">
    <mem type="eden" free="0" total="4194304" percent="0" />
    <remembered-set count="3168" freebytes="364032" totalbytes="376704" percent="96" regionsoverflowed="0" regionsstable="0" regionsrebuilding="0"/>
  </mem-info>
</gc-start>
<allocation-stats totalBytes="4174160" >
  <allocated-bytes non-tlh="374304" tlh="3799856" arrayletleaf="0"/>
  <largest-consumer threadName="main" threadId="000000000224E700" bytes="2018408" />
</allocation-stats>
<gc-op id="90" type="copy forward" timems="2.909" contextid="87" timestamp="2019-07-02T19:21:12.890">
  <memory-copied type="eden" objects="11313" bytes="802616" bytesdiscarded="7752" />
  <memory-copied type="other" objects="4101" bytes="214872" bytesdiscarded="9400" />
  <memory-cardclean objects="1659" bytes="82352" />
  <remembered-set-cleared processed="2192" cleared="849" durationms="0.064" />
  <finalization candidates="17" enqueued="0" />
  <ownableSynchronizers candidates="4" cleared="0" />
  <references type="soft" candidates="400" cleared="0" enqueued="0" dynamicThreshold="10" maxThreshold="32" />
  <references type="weak" candidates="2204" cleared="449" enqueued="301" />
  <references type="phantom" candidates="7" cleared="2" enqueued="2" />
  <stringconstants candidates="6145" cleared="0"  />
  <heap-resize type="expand" space="default" amount="1048576" count="1" timems="0.054" reason="continue current collection" />
</gc-op>
<gc-op id="91" type="classunload" timems="0.002" contextid="87" timestamp="2019-07-02T19:21:12.890">
  <classunload-info classloadercandidates="11" classloadersunloaded="0" classesunloaded="0" anonymousclassesunloaded="0" quiescems="0.000" setupms="0.002" scanms="0.000" postms="0.000" />
</gc-op>
<gc-end id="92" type="partial gc" contextid="87" durationms="4.013" usertimems="4.000" systemtimems="0.000" timestamp="2019-07-02T19:21:12.890" activeThreads="4">
  <mem-info id="93" free="5242880" total="10485760" percent="50">
    <mem type="eden" free="236744" total="1048576" percent="22" />
    <pending-finalizers system="0" default="0" reference="303" classloader="0" />
    <remembered-set count="5600" freebytes="396160" totalbytes="418560" percent="94" regionsoverflowed="0" regionsstable="0" regionsrebuilding="0"/>
  </mem-info>
</gc-end>
<cycle-end id="94" type="partial gc" contextid="87" timestamp="2019-07-02T19:21:12.890">
  <attribute name="GC Util" value="43" />
  <attribute name="CPU Util" value="84430640545662" />
  <attribute name="Time Running"value="5551"/>
  <attribute name="Number of cores"value="4"/>
</cycle-end>
<exclusive-end id="95" timestamp="2019-07-02T19:21:12.890" durationms="5.137" />

<exclusive-start id="96" timestamp="2019-07-02T19:21:12.930" intervalms="44.949">
  <response-info timems="0.012" idlems="0.012" threads="0" lastid="000000000224E700" lastname="main" />
</exclusive-start>
<allocation-taxation id="97" taxation-threshold="2097152" timestamp="2019-07-02T19:21:12.930" intervalms="44.910" />
<gc-start id="98" type="global mark phase" contextid="76" timestamp="2019-07-02T19:21:12.931">
  <mem-info id="99" free="3145728" total="10485760" percent="30">
    <remembered-set count="5152" freebytes="397952" totalbytes="418560" percent="95" regionsoverflowed="0" regionsstable="0" regionsrebuilding="0"/>
  </mem-info>
</gc-start>
<gc-op id="100" type="mark increment" timems="1.605" contextid="76" timestamp="2019-07-02T19:21:12.932">
  <trace-info objectcount="8206" scancount="6795" scanbytes="254264" />
  <cardclean-info objects="3637" bytes="159752" />
  <finalization candidates="80" enqueued="0" />
  <ownableSynchronizers candidates="21" cleared="0" />
  <references type="soft" candidates="968" cleared="0" enqueued="0" dynamicThreshold="16" maxThreshold="32" />
  <references type="weak" candidates="2980" cleared="8" enqueued="8" />
  <references type="phantom" candidates="104" cleared="2" enqueued="2" />
  <stringconstants candidates="6400" cleared="0"  />
</gc-op>
<gc-op id="101" type="classunload" timems="0.004" contextid="76" timestamp="2019-07-02T19:21:12.932">
  <classunload-info classloadercandidates="11" classloadersunloaded="0" classesunloaded="0" anonymousclassesunloaded="0" quiescems="0.000" setupms="0.004" scanms="0.000" postms="0.000" />
</gc-op>
<gc-end id="102" type="global mark phase" contextid="76" durationms="1.994" usertimems="4.000" systemtimems="0.000" timestamp="2019-07-02T19:21:12.933" activeThreads="4">
  <mem-info id="103" free="3145728" total="10485760" percent="30">
    <pending-finalizers system="0" default="0" reference="10" classloader="0" />
    <remembered-set count="5152" freebytes="397952" totalbytes="418560" percent="95" regionsoverflowed="0" regionsstable="0" regionsrebuilding="0"/>
  </mem-info>
</gc-end>
<cycle-end id="104" type="global mark phase" contextid="76" timestamp="2019-07-02T19:21:12.933">
  <attribute name="GC Util" value="72" />
  <attribute name="CPU Util" value="48543169121539" />
  <attribute name="Time Running"value="5596"/>
  <attribute name="Number of cores"value="4"/>
</cycle-end>
<exclusive-end id="105" timestamp="2019-07-02T19:21:12.933" durationms="2.482" />

<exclusive-start id="106" timestamp="2019-07-02T19:21:12.973" intervalms="43.037">
  <response-info timems="0.010" idlems="0.010" threads="0" lastid="000000000224E700" lastname="main" />
</exclusive-start>
<allocation-taxation id="107" taxation-threshold="2097152" timestamp="2019-07-02T19:21:12.973" intervalms="43.029" />
<cycle-start id="108" type="partial gc" contextid="0" timestamp="2019-07-02T19:21:12.974" intervalms="87.965" />
  <attribute name="GC Util" value="72" />
  <attribute name="CPU Util" value="48543169121539" />
  <attribute name="Time Running"value="5596"/>
  <attribute name="Number of cores"value="4"/>
<gc-start id="109" type="partial gc" contextid="108" timestamp="2019-07-02T19:21:12.974">
  <mem-info id="110" free="1048576" total="10485760" percent="10">
    <mem type="eden" free="0" total="4194304" percent="0" />
    <remembered-set count="5152" freebytes="397952" totalbytes="418560" percent="95" regionsoverflowed="0" regionsstable="0" regionsrebuilding="0"/>
  </mem-info>
</gc-start>
<allocation-stats totalBytes="4059760" >
  <allocated-bytes non-tlh="1220944" tlh="2838816" arrayletleaf="0"/>
  <largest-consumer threadName="main" threadId="000000000224E700" bytes="2077216" />
</allocation-stats>
<gc-op id="111" type="sweep" timems="0.668" contextid="108" timestamp="2019-07-02T19:21:12.975" />
<gc-op id="112" type="copy forward" timems="3.112" contextid="108" timestamp="2019-07-02T19:21:12.979">
  <memory-copied type="eden" objects="2074" bytes="71256" bytesdiscarded="2890" />
  <memory-copied type="other" objects="12419" bytes="1334904" bytesdiscarded="114894" />
  <memory-cardclean objects="956" bytes="63440" />
  <remembered-set-cleared processed="3665" cleared="1677" durationms="0.076" />
  <finalization candidates="14" enqueued="0" />
  <ownableSynchronizers candidates="4" cleared="0" />
  <references type="soft" candidates="339" cleared="0" enqueued="0" dynamicThreshold="9" maxThreshold="32" />
  <references type="weak" candidates="1281" cleared="2" enqueued="2" />
  <references type="phantom" candidates="6" cleared="0" enqueued="0" />
  <stringconstants candidates="6637" cleared="0"  />
  <heap-resize type="expand" space="default" amount="1048576" count="1" timems="0.070" reason="continue current collection" />
</gc-op>
<gc-op id="113" type="classunload" timems="0.004" contextid="108" timestamp="2019-07-02T19:21:12.979">
  <classunload-info classloadercandidates="11" classloadersunloaded="0" classesunloaded="0" anonymousclassesunloaded="0" quiescems="0.000" setupms="0.004" scanms="0.000" postms="0.000" />
</gc-op>
<gc-op id="114" type="compact" timems="1.064" contextid="108" timestamp="2019-07-02T19:21:12.980">
  <compact-info movecount="0" movebytes="0" />
  <remembered-set-cleared processed="7606" cleared="1677" durationms="0.076" />
</gc-op>
<gc-end id="115" type="partial gc" contextid="108" durationms="6.430" usertimems="8.000" systemtimems="0.000" timestamp="2019-07-02T19:21:12.980" activeThreads="4">
  <mem-info id="116" free="5242880" total="11534336" percent="45">
    <mem type="eden" free="334192" total="1048576" percent="31" />
    <pending-finalizers system="0" default="0" reference="2" classloader="0" />
    <remembered-set count="5344" freebytes="439040" totalbytes="460416" percent="95" regionsoverflowed="0" regionsstable="0" regionsrebuilding="0"/>
  </mem-info>
</gc-end>
<cycle-end id="117" type="partial gc" contextid="108" timestamp="2019-07-02T19:21:12.980">
  <attribute name="GC Util" value="107" />
  <attribute name="CPU Util" value="5329568193446" />
  <attribute name="Time Running"value="5643"/>
  <attribute name="Number of cores"value="4"/>
</cycle-end>
<exclusive-end id="118" timestamp="2019-07-02T19:21:12.981" durationms="7.305" />

<exclusive-start id="119" timestamp="2019-07-02T19:21:13.042" intervalms="68.293">
  <response-info timems="0.017" idlems="0.017" threads="0" lastid="000000000224E700" lastname="main" />
</exclusive-start>
<allocation-taxation id="120" taxation-threshold="2097152" timestamp="2019-07-02T19:21:13.042" intervalms="68.247" />
<cycle-start id="121" type="global mark phase" contextid="0" timestamp="2019-07-02T19:21:13.042" intervalms="209.845" />
  <attribute name="GC Util" value="107" />
  <attribute name="CPU Util" value="5329568193446" />
  <attribute name="Time Running"value="5643"/>
  <attribute name="Number of cores"value="4"/>
<gc-start id="122" type="global mark phase" contextid="121" timestamp="2019-07-02T19:21:13.042">
  <mem-info id="123" free="3145728" total="11534336" percent="27">
    <remembered-set count="5344" freebytes="439040" totalbytes="460416" percent="95" regionsoverflowed="0" regionsstable="0" regionsrebuilding="0"/>
  </mem-info>
</gc-start>
<gc-op id="124" type="mark increment" timems="0.531" contextid="121" timestamp="2019-07-02T19:21:13.042">
  <trace-info objectcount="218" scancount="0" scanbytes="0" />
</gc-op>
<gc-end id="125" type="global mark phase" contextid="121" durationms="0.697" usertimems="4.000" systemtimems="0.000" timestamp="2019-07-02T19:21:13.043" activeThreads="4">
  <mem-info id="126" free="3145728" total="11534336" percent="27">
    <remembered-set count="5344" freebytes="439040" totalbytes="460416" percent="95" regionsoverflowed="0" regionsstable="0" regionsrebuilding="0"/>
  </mem-info>
</gc-end>
<concurrent-start id="127" type="GMP work packet processing" contextid="121" timestamp="2019-07-02T19:21:13.043">
  <concurrent-mark-start scanTarget="18446744073709551615" />
</concurrent-start>
<exclusive-end id="128" timestamp="2019-07-02T19:21:13.043" durationms="1.081" />

<concurrent-end id="129" type="GMP work packet processing" contextid="121" timestamp="2019-07-02T19:21:13.045">
  <concurrent-mark-end bytesScanned="1743652" reasonForTermination="Completed all work in GC phase" />
</concurrent-end>

<exclusive-start id="130" timestamp="2019-07-02T19:21:13.087" intervalms="44.978">
  <response-info timems="0.011" idlems="0.011" threads="0" lastid="000000000224E700" lastname="main" />
</exclusive-start>
<allocation-taxation id="131" taxation-threshold="2097152" timestamp="2019-07-02T19:21:13.087" intervalms="44.974" />
<cycle-start id="132" type="partial gc" contextid="0" timestamp="2019-07-02T19:21:13.087" intervalms="113.112" />
  <attribute name="GC Util" value="175" />
  <attribute name="CPU Util" value="45731118186139" />
  <attribute name="Time Running"value="5707"/>
  <attribute name="Number of cores"value="4"/>
<gc-start id="133" type="partial gc" contextid="132" timestamp="2019-07-02T19:21:13.087">
  <mem-info id="134" free="1048576" total="11534336" percent="9">
    <mem type="eden" free="0" total="4194304" percent="0" />
    <remembered-set count="5344" freebytes="439040" totalbytes="460416" percent="95" regionsoverflowed="0" regionsstable="0" regionsrebuilding="0"/>
  </mem-info>
</gc-start>
<allocation-stats totalBytes="4091576" >
  <allocated-bytes non-tlh="71016" tlh="4020560" arrayletleaf="0"/>
  <largest-consumer threadName="main" threadId="000000000224E700" bytes="2085808" />
</allocation-stats>
<gc-op id="135" type="copy forward" timems="2.743" contextid="132" timestamp="2019-07-02T19:21:13.090">
  <memory-copied type="eden" objects="7262" bytes="396520" bytesdiscarded="40136" />
  <memory-copied type="other" objects="3317" bytes="648152" bytesdiscarded="17968" />
  <memory-cardclean objects="528" bytes="38448" />
  <remembered-set-cleared processed="3919" cleared="337" durationms="0.073" />
  <references type="soft" candidates="66" cleared="0" enqueued="0" dynamicThreshold="8" maxThreshold="32" />
  <references type="weak" candidates="419" cleared="0" enqueued="0" />
  <references type="phantom" candidates="3" cleared="0" enqueued="0" />
  <stringconstants candidates="7150" cleared="0"  />
  <heap-resize type="expand" space="default" amount="1048576" count="1" timems="0.055" reason="continue current collection" />
</gc-op>
<gc-op id="136" type="classunload" timems="0.003" contextid="132" timestamp="2019-07-02T19:21:13.090">
  <classunload-info classloadercandidates="11" classloadersunloaded="0" classesunloaded="0" anonymousclassesunloaded="0" quiescems="0.000" setupms="0.003" scanms="0.000" postms="0.000" />
</gc-op>
<gc-op id="137" type="compact" timems="1.010" contextid="132" timestamp="2019-07-02T19:21:13.091">
  <compact-info movecount="0" movebytes="0" />
  <remembered-set-cleared processed="9074" cleared="337" durationms="0.073" />
</gc-op>
<gc-end id="138" type="partial gc" contextid="132" durationms="4.700" usertimems="8.000" systemtimems="0.000" timestamp="2019-07-02T19:21:13.092" activeThreads="4">
  <mem-info id="139" free="5242880" total="12582912" percent="41">
    <mem type="eden" free="611544" total="1048576" percent="58" />
    <remembered-set count="5600" freebytes="479872" totalbytes="502272" percent="95" regionsoverflowed="0" regionsstable="0" regionsrebuilding="0"/>
  </mem-info>
</gc-end>
<cycle-end id="140" type="partial gc" contextid="132" timestamp="2019-07-02T19:21:13.092">
  <attribute name="GC Util" value="105" />
  <attribute name="CPU Util" value="6147732275375" />
  <attribute name="Time Running"value="5754"/>
  <attribute name="Number of cores"value="4"/>
</cycle-end>
<exclusive-end id="141" timestamp="2019-07-02T19:21:13.092" durationms="5.437" />

<exclusive-start id="142" timestamp="2019-07-02T19:21:13.136" intervalms="49.535">
  <response-info timems="0.011" idlems="0.011" threads="0" lastid="000000000224E700" lastname="main" />
</exclusive-start>
<allocation-taxation id="143" taxation-threshold="2097152" timestamp="2019-07-02T19:21:13.136" intervalms="49.541" />
<gc-start id="144" type="global mark phase" contextid="121" timestamp="2019-07-02T19:21:13.136">
  <mem-info id="145" free="3145728" total="12582912" percent="25">
    <remembered-set count="5600" freebytes="479872" totalbytes="502272" percent="95" regionsoverflowed="0" regionsstable="0" regionsrebuilding="0"/>
  </mem-info>
</gc-start>
<gc-op id="146" type="mark increment" timems="1.582" contextid="121" timestamp="2019-07-02T19:21:13.138">
  <trace-info objectcount="4032" scancount="3489" scanbytes="130720" />
  <cardclean-info objects="2133" bytes="109888" />
  <finalization candidates="80" enqueued="0" />
  <ownableSynchronizers candidates="21" cleared="0" />
  <references type="soft" candidates="1022" cleared="0" enqueued="0" dynamicThreshold="13" maxThreshold="32" />
  <references type="weak" candidates="3541" cleared="0" enqueued="0" />
  <references type="phantom" candidates="101" cleared="0" enqueued="0" />
  <stringconstants candidates="7303" cleared="0"  />
</gc-op>
<gc-op id="147" type="classunload" timems="0.004" contextid="121" timestamp="2019-07-02T19:21:13.138">
  <classunload-info classloadercandidates="11" classloadersunloaded="0" classesunloaded="0" anonymousclassesunloaded="0" quiescems="0.000" setupms="0.004" scanms="0.000" postms="0.000" />
</gc-op>
<gc-end id="148" type="global mark phase" contextid="121" durationms="1.956" usertimems="0.000" systemtimems="0.000" timestamp="2019-07-02T19:21:13.138" activeThreads="4">
  <mem-info id="149" free="3145728" total="12582912" percent="25">
    <remembered-set count="5600" freebytes="479872" totalbytes="502272" percent="95" regionsoverflowed="0" regionsstable="0" regionsrebuilding="0"/>
  </mem-info>
</gc-end>
<cycle-end id="150" type="global mark phase" contextid="121" timestamp="2019-07-02T19:21:13.138">
  <attribute name="GC Util" value="72" />
  <attribute name="CPU Util" value="59403872934295" />
  <attribute name="Time Running"value="5801"/>
  <attribute name="Number of cores"value="4"/>
</cycle-end>
<exclusive-end id="151" timestamp="2019-07-02T19:21:13.139" durationms="2.450" />

<exclusive-start id="152" timestamp="2019-07-02T19:21:13.171" intervalms="34.445">
  <response-info timems="0.069" idlems="0.069" threads="0" lastid="000000000224E700" lastname="main" />
</exclusive-start>
<allocation-taxation id="153" taxation-threshold="2097152" timestamp="2019-07-02T19:21:13.171" intervalms="34.539" />
<cycle-start id="154" type="partial gc" contextid="0" timestamp="2019-07-02T19:21:13.171" intervalms="84.178" />
  <attribute name="GC Util" value="72" />
  <attribute name="CPU Util" value="59403872934295" />
  <attribute name="Time Running"value="5801"/>
  <attribute name="Number of cores"value="4"/>
<gc-start id="155" type="partial gc" contextid="154" timestamp="2019-07-02T19:21:13.171">
  <mem-info id="156" free="1048576" total="12582912" percent="8">
    <mem type="eden" free="0" total="4194304" percent="0" />
    <remembered-set count="5600" freebytes="479872" totalbytes="502272" percent="95" regionsoverflowed="0" regionsstable="0" regionsrebuilding="0"/>
  </mem-info>
</gc-start>
<allocation-stats totalBytes="4191872" >
  <allocated-bytes non-tlh="61280" tlh="4130592" arrayletleaf="0"/>
  <largest-consumer threadName="main" threadId="000000000224E700" bytes="2096528" />
</allocation-stats>
<gc-op id="157" type="sweep" timems="0.540" contextid="154" timestamp="2019-07-02T19:21:13.172" />
<gc-op id="158" type="copy forward" timems="2.366" contextid="154" timestamp="2019-07-02T19:21:13.175">
  <memory-copied type="eden" objects="3061" bytes="113600" bytesdiscarded="5302" />
  <memory-copied type="other" objects="9308" bytes="431144" bytesdiscarded="27066" />
  <memory-cardclean objects="442" bytes="24616" />
  <remembered-set-cleared processed="5132" cleared="1330" durationms="0.095" />
  <references type="soft" candidates="54" cleared="0" enqueued="0" dynamicThreshold="8" maxThreshold="32" />
  <references type="weak" candidates="710" cleared="0" enqueued="0" />
  <stringconstants candidates="7371" cleared="0"  />
  <heap-resize type="expand" space="default" amount="1048576" count="1" timems="0.063" reason="continue current collection" />
</gc-op>
<gc-op id="159" type="classunload" timems="0.003" contextid="154" timestamp="2019-07-02T19:21:13.175">
  <classunload-info classloadercandidates="11" classloadersunloaded="0" classesunloaded="0" anonymousclassesunloaded="0" quiescems="0.000" setupms="0.003" scanms="0.000" postms="0.000" />
</gc-op>
<gc-op id="160" type="compact" timems="1.104" contextid="154" timestamp="2019-07-02T19:21:13.177">
  <compact-info movecount="0" movebytes="0" />
  <remembered-set-cleared processed="11263" cleared="1330" durationms="0.095" />
</gc-op>
<gc-end id="161" type="partial gc" contextid="154" durationms="5.701" usertimems="4.000" systemtimems="0.000" timestamp="2019-07-02T19:21:13.177" activeThreads="4">
  <mem-info id="162" free="5242880" total="13631488" percent="38">
    <mem type="eden" free="834112" total="1048576" percent="79" />
    <remembered-set count="7200" freebytes="515328" totalbytes="544128" percent="94" regionsoverflowed="0" regionsstable="0" regionsrebuilding="0"/>
  </mem-info>
</gc-end>
<cycle-end id="163" type="partial gc" contextid="154" timestamp="2019-07-02T19:21:13.177">
  <attribute name="GC Util" value="98" />
  <attribute name="CPU Util" value="6591183072735" />
  <attribute name="Time Running"value="5840"/>
  <attribute name="Number of cores"value="4"/>
</cycle-end>
<exclusive-end id="164" timestamp="2019-07-02T19:21:13.177" durationms="6.815" />

<exclusive-start id="165" timestamp="2019-07-02T19:21:13.206" intervalms="35.520">
  <response-info timems="0.010" idlems="0.010" threads="0" lastid="000000000224E700" lastname="main" />
</exclusive-start>
<allocation-taxation id="166" taxation-threshold="2097152" timestamp="2019-07-02T19:21:13.206" intervalms="35.511" />
<cycle-start id="167" type="global mark phase" contextid="0" timestamp="2019-07-02T19:21:13.206" intervalms="164.633" />
  <attribute name="GC Util" value="98" />
  <attribute name="CPU Util" value="6591183072735" />
  <attribute name="Time Running"value="5840"/>
  <attribute name="Number of cores"value="4"/>
<gc-start id="168" type="global mark phase" contextid="167" timestamp="2019-07-02T19:21:13.207">
  <mem-info id="169" free="3145728" total="13631488" percent="23">
    <remembered-set count="7200" freebytes="515328" totalbytes="544128" percent="94" regionsoverflowed="0" regionsstable="0" regionsrebuilding="0"/>
  </mem-info>
</gc-start>
<gc-op id="170" type="mark increment" timems="0.420" contextid="167" timestamp="2019-07-02T19:21:13.207">
  <trace-info objectcount="179" scancount="0" scanbytes="0" />
</gc-op>
<gc-end id="171" type="global mark phase" contextid="167" durationms="0.664" usertimems="0.000" systemtimems="0.000" timestamp="2019-07-02T19:21:13.207" activeThreads="4">
  <mem-info id="172" free="3145728" total="13631488" percent="23">
    <remembered-set count="7200" freebytes="515328" totalbytes="544128" percent="94" regionsoverflowed="0" regionsstable="0" regionsrebuilding="0"/>
  </mem-info>
</gc-end>
<concurrent-start id="173" type="GMP work packet processing" contextid="167" timestamp="2019-07-02T19:21:13.207">
  <concurrent-mark-start scanTarget="18446744073709551615" />
</concurrent-start>
<exclusive-end id="174" timestamp="2019-07-02T19:21:13.207" durationms="1.397" />

<concurrent-end id="175" type="GMP work packet processing" contextid="167" timestamp="2019-07-02T19:21:13.210">
  <concurrent-mark-end bytesScanned="2049544" reasonForTermination="Completed all work in GC phase" />
</concurrent-end>

<exclusive-start id="176" timestamp="2019-07-02T19:21:13.230" intervalms="24.107">
  <response-info timems="0.011" idlems="0.011" threads="0" lastid="000000000224E700" lastname="main" />
</exclusive-start>
<allocation-taxation id="177" taxation-threshold="2097152" timestamp="2019-07-02T19:21:13.230" intervalms="24.096" />
<cycle-start id="178" type="partial gc" contextid="0" timestamp="2019-07-02T19:21:13.231" intervalms="59.631" />
  <attribute name="GC Util" value="103" />
  <attribute name="CPU Util" value="33326126269960" />
  <attribute name="Time Running"value="5872"/>
  <attribute name="Number of cores"value="4"/>
<gc-start id="179" type="partial gc" contextid="178" timestamp="2019-07-02T19:21:13.231">
  <mem-info id="180" free="1048576" total="13631488" percent="7">
    <mem type="eden" free="0" total="4194304" percent="0" />
    <remembered-set count="7200" freebytes="515328" totalbytes="544128" percent="94" regionsoverflowed="0" regionsstable="0" regionsrebuilding="0"/>
  </mem-info>
</gc-start>
<allocation-stats totalBytes="4187360" >
  <allocated-bytes non-tlh="19560" tlh="4167800" arrayletleaf="0"/>
  <largest-consumer threadName="main" threadId="000000000224E700" bytes="2090760" />
</allocation-stats>
<gc-op id="181" type="copy forward" timems="3.555" contextid="178" timestamp="2019-07-02T19:21:13.235">
  <memory-copied type="eden" objects="5728" bytes="232360" bytesdiscarded="520" />
  <memory-copied type="other" objects="4893" bytes="189088" bytesdiscarded="3904" />
  <memory-cardclean objects="2960" bytes="148216" />
  <remembered-set-cleared processed="5998" cleared="1433" durationms="0.099" />
  <references type="weak" candidates="462" cleared="0" enqueued="0" />
  <stringconstants candidates="7483" cleared="0"  />
  <heap-resize type="expand" space="default" amount="1048576" count="1" timems="0.066" reason="continue current collection" />
</gc-op>
<gc-op id="182" type="classunload" timems="0.003" contextid="178" timestamp="2019-07-02T19:21:13.236">
  <classunload-info classloadercandidates="11" classloadersunloaded="0" classesunloaded="0" anonymousclassesunloaded="0" quiescems="0.000" setupms="0.003" scanms="0.000" postms="0.000" />
</gc-op>
<gc-op id="183" type="compact" timems="1.347" contextid="178" timestamp="2019-07-02T19:21:13.237">
  <compact-info movecount="0" movebytes="0" />
  <remembered-set-cleared processed="12958" cleared="1433" durationms="0.099" />
</gc-op>
<heap-resize id="184" type="expand" space="default" amount="1048576" count="1" timems="0.054" reason="insufficient free space following gc" timestamp="2019-07-02T19:21:13.237" />
<gc-end id="185" type="partial gc" contextid="178" durationms="6.642" usertimems="8.000" systemtimems="4.000" timestamp="2019-07-02T19:21:13.238" activeThreads="4">
  <mem-info id="186" free="6291456" total="15728640" percent="40">
    <mem type="eden" free="815576" total="1048576" percent="77" />
    <remembered-set count="8000" freebytes="595840" totalbytes="627840" percent="94" regionsoverflowed="0" regionsstable="0" regionsrebuilding="0"/>
  </mem-info>
</gc-end>
<cycle-end id="187" type="partial gc" contextid="178" timestamp="2019-07-02T19:21:13.238">
  <attribute name="GC Util" value="117" />
  <attribute name="CPU Util" value="4688302251494" />
  <attribute name="Time Running"value="5900"/>
  <attribute name="Number of cores"value="4"/>
</cycle-end>
<exclusive-end id="188" timestamp="2019-07-02T19:21:13.238" durationms="7.828" />

<exclusive-start id="189" timestamp="2019-07-02T19:21:13.285" intervalms="54.718">
  <response-info timems="0.029" idlems="0.029" threads="0" lastid="000000000224E700" lastname="main" />
</exclusive-start>
<allocation-taxation id="190" taxation-threshold="3145728" timestamp="2019-07-02T19:21:13.285" intervalms="54.723" />
<gc-start id="191" type="global mark phase" contextid="167" timestamp="2019-07-02T19:21:13.285">
  <mem-info id="192" free="3145728" total="15728640" percent="20">
    <remembered-set count="8000" freebytes="595840" totalbytes="627840" percent="94" regionsoverflowed="0" regionsstable="0" regionsrebuilding="0"/>
  </mem-info>
</gc-start>
<gc-op id="193" type="mark increment" timems="1.635" contextid="167" timestamp="2019-07-02T19:21:13.287">
  <trace-info objectcount="8214" scancount="6762" scanbytes="276300" />
  <cardclean-info objects="3331" bytes="158284" />
  <finalization candidates="80" enqueued="0" />
  <ownableSynchronizers candidates="21" cleared="0" />
  <references type="soft" candidates="1024" cleared="0" enqueued="0" dynamicThreshold="12" maxThreshold="32" />
  <references type="weak" candidates="3784" cleared="5" enqueued="5" />
  <references type="phantom" candidates="101" cleared="0" enqueued="0" />
  <stringconstants candidates="7619" cleared="0"  />
</gc-op>
<gc-op id="194" type="classunload" timems="0.005" contextid="167" timestamp="2019-07-02T19:21:13.287">
  <classunload-info classloadercandidates="11" classloadersunloaded="0" classesunloaded="0" anonymousclassesunloaded="0" quiescems="0.000" setupms="0.005" scanms="0.000" postms="0.000" />
</gc-op>
<gc-end id="195" type="global mark phase" contextid="167" durationms="2.108" usertimems="4.000" systemtimems="0.000" timestamp="2019-07-02T19:21:13.287" activeThreads="4">
  <mem-info id="196" free="3145728" total="15728640" percent="20">
    <pending-finalizers system="0" default="0" reference="5" classloader="0" />
    <remembered-set count="8000" freebytes="595840" totalbytes="627840" percent="94" regionsoverflowed="0" regionsstable="0" regionsrebuilding="0"/>
  </mem-info>
</gc-end>
<cycle-end id="197" type="global mark phase" contextid="167" timestamp="2019-07-02T19:21:13.287">
  <attribute name="GC Util" value="80" />
  <attribute name="CPU Util" value="54222117898414" />
  <attribute name="Time Running"value="5950"/>
  <attribute name="Number of cores"value="4"/>
</cycle-end>
<exclusive-end id="198" timestamp="2019-07-02T19:21:13.288" durationms="2.748" />

<exclusive-start id="199" timestamp="2019-07-02T19:21:13.339" intervalms="53.970">
  <response-info timems="0.011" idlems="0.011" threads="0" lastid="000000000224E700" lastname="main" />
</exclusive-start>
<allocation-taxation id="200" taxation-threshold="3145728" timestamp="2019-07-02T19:21:13.339" intervalms="53.951" />
<cycle-start id="201" type="partial gc" contextid="0" timestamp="2019-07-02T19:21:13.339" intervalms="108.623" />
  <attribute name="GC Util" value="80" />
  <attribute name="CPU Util" value="54222117898414" />
  <attribute name="Time Running"value="5950"/>
  <attribute name="Number of cores"value="4"/>
<gc-start id="202" type="partial gc" contextid="201" timestamp="2019-07-02T19:21:13.339">
  <mem-info id="203" free="0" total="15728640" percent="0">
    <mem type="eden" free="0" total="6291456" percent="0" />
    <remembered-set count="8000" freebytes="595840" totalbytes="627840" percent="94" regionsoverflowed="0" regionsstable="0" regionsrebuilding="0"/>
  </mem-info>
</gc-start>
<allocation-stats totalBytes="6286760" >
  <allocated-bytes non-tlh="261448" tlh="6025312" arrayletleaf="0"/>
  <largest-consumer threadName="main" threadId="000000000224E700" bytes="3143240" />
</allocation-stats>
<gc-op id="204" type="sweep" timems="0.545" contextid="201" timestamp="2019-07-02T19:21:13.340" />
<gc-op id="205" type="mark" timems="1.785" contextid="201" timestamp="2019-07-02T19:21:13.343">
  <trace-info objectcount="13380" scancount="11938" scanbytes="525540" />
  <cardclean-info objects="2170" bytes="120220" />
  <remembered-set-cleared processed="6798" cleared="1242" durationms="0.107" />
  <references type="soft" candidates="73" cleared="0" enqueued="0" dynamicThreshold="6" maxThreshold="32" />
  <references type="weak" candidates="218" cleared="0" enqueued="0" />
  <references type="phantom" candidates="1" cleared="0" enqueued="0" />
  <stringconstants candidates="7788" cleared="0"  />
  <warning details="Mark invoked due to insufficient free space for Copy-Forward" />
</gc-op>
<gc-op id="206" type="classunload" timems="0.003" contextid="201" timestamp="2019-07-02T19:21:13.343">
  <classunload-info classloadercandidates="12" classloadersunloaded="0" classesunloaded="0" anonymousclassesunloaded="0" quiescems="0.000" setupms="0.002" scanms="0.000" postms="0.000" />
</gc-op>
<gc-op id="207" type="sweep" timems="0.413" contextid="201" timestamp="2019-07-02T19:21:13.343" />
<gc-op id="208" type="compact" timems="2.280" contextid="201" timestamp="2019-07-02T19:21:13.346">
  <compact-info movecount="13380" movebytes="991496" />
  <remembered-set-cleared processed="15629" cleared="4482" durationms="0.107" />
</gc-op>
<heap-resize id="209" type="expand" space="default" amount="1048576" count="1" timems="0.054" reason="insufficient free space following gc" timestamp="2019-07-02T19:21:13.346" />
<gc-end id="210" type="partial gc" contextid="201" durationms="6.821" usertimems="8.000" systemtimems="0.000" timestamp="2019-07-02T19:21:13.346" activeThreads="4">
  <mem-info id="211" free="6291456" total="16777216" percent="37">
    <mem type="eden" free="269344" total="1048576" percent="25" />
    <remembered-set count="9184" freebytes="632960" totalbytes="669696" percent="94" regionsoverflowed="0" regionsstable="0" regionsrebuilding="0"/>
  </mem-info>
</gc-end>
<cycle-end id="212" type="partial gc" contextid="201" timestamp="2019-07-02T19:21:13.346">
  <attribute name="GC Util" value="43" />
  <attribute name="CPU Util" value="28611091994093" />
  <attribute name="Time Running"value="6008"/>
  <attribute name="Number of cores"value="4"/>
</cycle-end>
<exclusive-end id="213" timestamp="2019-07-02T19:21:13.347" durationms="7.779" />

<exclusive-start id="214" timestamp="2019-07-02T19:21:13.377" intervalms="38.542">
  <response-info timems="0.019" idlems="0.019" threads="0" lastid="000000000224E700" lastname="main" />
</exclusive-start>
<allocation-taxation id="215" taxation-threshold="3145728" timestamp="2019-07-02T19:21:13.378" intervalms="38.535" />
<cycle-start id="216" type="global mark phase" contextid="0" timestamp="2019-07-02T19:21:13.378" intervalms="171.277" />
  <attribute name="GC Util" value="43" />
  <attribute name="CPU Util" value="28611091994093" />
  <attribute name="Time Running"value="6008"/>
  <attribute name="Number of cores"value="4"/>
<gc-start id="217" type="global mark phase" contextid="216" timestamp="2019-07-02T19:21:13.378">
  <mem-info id="218" free="3145728" total="16777216" percent="18">
    <remembered-set count="9088" freebytes="633344" totalbytes="669696" percent="94" regionsoverflowed="0" regionsstable="0" regionsrebuilding="0"/>
  </mem-info>
</gc-start>
<gc-op id="219" type="mark increment" timems="0.507" contextid="216" timestamp="2019-07-02T19:21:13.378">
  <trace-info objectcount="240" scancount="0" scanbytes="0" />
</gc-op>
<gc-end id="220" type="global mark phase" contextid="216" durationms="0.667" usertimems="0.000" systemtimems="0.000" timestamp="2019-07-02T19:21:13.378" activeThreads="4">
  <mem-info id="221" free="3145728" total="16777216" percent="18">
    <remembered-set count="9088" freebytes="633344" totalbytes="669696" percent="94" regionsoverflowed="0" regionsstable="0" regionsrebuilding="0"/>
  </mem-info>
</gc-end>
<concurrent-start id="222" type="GMP work packet processing" contextid="216" timestamp="2019-07-02T19:21:13.379">
  <concurrent-mark-start scanTarget="18446744073709551615" />
</concurrent-start>
<exclusive-end id="223" timestamp="2019-07-02T19:21:13.379" durationms="1.269" />

<concurrent-end id="224" type="GMP work packet processing" contextid="216" timestamp="2019-07-02T19:21:13.381">
  <concurrent-mark-end bytesScanned="2134904" reasonForTermination="Completed all work in GC phase" />
</concurrent-end>

<exclusive-start id="225" timestamp="2019-07-02T19:21:13.402" intervalms="24.156">
  <response-info timems="0.029" idlems="0.029" threads="0" lastid="000000000224E700" lastname="main" />
</exclusive-start>
<allocation-taxation id="226" taxation-threshold="3145728" timestamp="2019-07-02T19:21:13.402" intervalms="24.221" />
<cycle-start id="227" type="partial gc" contextid="0" timestamp="2019-07-02T19:21:13.402" intervalms="62.827" />
  <attribute name="GC Util" value="119" />
  <attribute name="CPU Util" value="34227825106102" />
  <attribute name="Time Running"value="6043"/>
  <attribute name="Number of cores"value="4"/>
<gc-start id="228" type="partial gc" contextid="227" timestamp="2019-07-02T19:21:13.402">
  <mem-info id="229" free="0" total="16777216" percent="0">
    <mem type="eden" free="0" total="6291456" percent="0" />
    <remembered-set count="9088" freebytes="633344" totalbytes="669696" percent="94" regionsoverflowed="0" regionsstable="0" regionsrebuilding="0"/>
  </mem-info>
</gc-start>
<allocation-stats totalBytes="6290424" >
  <allocated-bytes non-tlh="7328" tlh="6283096" arrayletleaf="0"/>
  <largest-consumer threadName="main" threadId="000000000224E700" bytes="3145464" />
</allocation-stats>
<gc-op id="230" type="mark" timems="2.002" contextid="227" timestamp="2019-07-02T19:21:13.405">
  <trace-info objectcount="16887" scancount="15115" scanbytes="645632" />
  <cardclean-info objects="700" bytes="52120" />
  <remembered-set-cleared processed="7526" cleared="912" durationms="0.116" />
  <references type="soft" candidates="73" cleared="0" enqueued="0" dynamicThreshold="6" maxThreshold="32" />
  <references type="weak" candidates="136" cleared="0" enqueued="0" />
  <references type="phantom" candidates="1" cleared="0" enqueued="0" />
  <stringconstants candidates="7828" cleared="0"  />
  <warning details="Mark invoked due to insufficient free space for Copy-Forward" />
</gc-op>
<gc-op id="231" type="classunload" timems="0.002" contextid="227" timestamp="2019-07-02T19:21:13.405">
  <classunload-info classloadercandidates="12" classloadersunloaded="0" classesunloaded="0" anonymousclassesunloaded="0" quiescems="0.000" setupms="0.002" scanms="0.000" postms="0.000" />
</gc-op>
<gc-op id="232" type="sweep" timems="0.392" contextid="227" timestamp="2019-07-02T19:21:13.406" />
<gc-op id="233" type="compact" timems="2.457" contextid="227" timestamp="2019-07-02T19:21:13.408">
  <compact-info movecount="15941" movebytes="1012832" />
  <remembered-set-cleared processed="18117" cleared="4870" durationms="0.116" />
</gc-op>
<heap-resize id="234" type="expand" space="default" amount="2097152" count="1" timems="0.064" reason="insufficient free space following gc" timestamp="2019-07-02T19:21:13.409" />
<gc-end id="235" type="partial gc" contextid="227" durationms="6.582" usertimems="8.000" systemtimems="0.000" timestamp="2019-07-02T19:21:13.409" activeThreads="4">
  <mem-info id="236" free="7340032" total="18874368" percent="38">
    <mem type="eden" free="687280" total="1048576" percent="65" />
    <remembered-set count="11776" freebytes="706304" totalbytes="753408" percent="93" regionsoverflowed="0" regionsstable="0" regionsrebuilding="0"/>
  </mem-info>
</gc-end>
<cycle-end id="237" type="partial gc" contextid="227" timestamp="2019-07-02T19:21:13.409">
  <attribute name="GC Util" value="25" />
  <attribute name="CPU Util" value="28211854224046" />
  <attribute name="Time Running"value="6070"/>
  <attribute name="Number of cores"value="4"/>
</cycle-end>
<exclusive-end id="238" timestamp="2019-07-02T19:21:13.409" durationms="7.835" />

<exclusive-start id="239" timestamp="2019-07-02T19:21:13.436" intervalms="34.022">
  <response-info timems="0.034" idlems="0.034" threads="0" lastid="000000000224E700" lastname="main" />
</exclusive-start>
<allocation-taxation id="240" taxation-threshold="3145728" timestamp="2019-07-02T19:21:13.436" intervalms="33.993" />
<gc-start id="241" type="global mark phase" contextid="216" timestamp="2019-07-02T19:21:13.436">
  <mem-info id="242" free="4194304" total="18874368" percent="22">
    <remembered-set count="11488" freebytes="707456" totalbytes="753408" percent="93" regionsoverflowed="0" regionsstable="0" regionsrebuilding="0"/>
  </mem-info>
</gc-start>
<gc-op id="243" type="mark increment" timems="2.081" contextid="216" timestamp="2019-07-02T19:21:13.438">
  <trace-info objectcount="21163" scancount="18281" scanbytes="706500" />
  <cardclean-info objects="569" bytes="41472" />
  <finalization candidates="80" enqueued="0" />
  <ownableSynchronizers candidates="21" cleared="0" />
  <references type="soft" candidates="1095" cleared="56" enqueued="56" dynamicThreshold="12" maxThreshold="32" />
  <references type="weak" candidates="3879" cleared="0" enqueued="0" />
  <references type="phantom" candidates="100" cleared="0" enqueued="0" />
  <stringconstants candidates="7844" cleared="0"  />
</gc-op>
<gc-op id="244" type="classunload" timems="0.005" contextid="216" timestamp="2019-07-02T19:21:13.438">
  <classunload-info classloadercandidates="12" classloadersunloaded="0" classesunloaded="0" anonymousclassesunloaded="0" quiescems="0.000" setupms="0.005" scanms="0.000" postms="0.000" />
</gc-op>
<gc-end id="245" type="global mark phase" contextid="216" durationms="2.532" usertimems="0.000" systemtimems="0.000" timestamp="2019-07-02T19:21:13.438" activeThreads="4">
  <mem-info id="246" free="4194304" total="18874368" percent="22">
    <pending-finalizers system="0" default="0" reference="56" classloader="0" />
    <remembered-set count="11488" freebytes="707456" totalbytes="753408" percent="93" regionsoverflowed="0" regionsstable="0" regionsrebuilding="0"/>
  </mem-info>
</gc-end>
<cycle-end id="247" type="global mark phase" contextid="216" timestamp="2019-07-02T19:21:13.439">
  <attribute name="GC Util" value="86" />
  <attribute name="CPU Util" value="22377700430932" />
  <attribute name="Time Running"value="6101"/>
  <attribute name="Number of cores"value="4"/>
</cycle-end>
<exclusive-end id="248" timestamp="2019-07-02T19:21:13.439" durationms="3.256" />

<exclusive-start id="249" timestamp="2019-07-02T19:21:13.494" intervalms="58.037">
  <response-info timems="0.063" idlems="0.063" threads="0" lastid="000000000224E700" lastname="main" />
</exclusive-start>
<allocation-taxation id="250" taxation-threshold="3145728" timestamp="2019-07-02T19:21:13.494" intervalms="58.024" />
<cycle-start id="251" type="partial gc" contextid="0" timestamp="2019-07-02T19:21:13.494" intervalms="91.984" />
  <attribute name="GC Util" value="86" />
  <attribute name="CPU Util" value="22377700430932" />
  <attribute name="Time Running"value="6101"/>
  <attribute name="Number of cores"value="4"/>
<gc-start id="252" type="partial gc" contextid="251" timestamp="2019-07-02T19:21:13.494">
  <mem-info id="253" free="1048576" total="18874368" percent="5">
    <mem type="eden" free="0" total="6291456" percent="0" />
    <remembered-set count="11488" freebytes="707456" totalbytes="753408" percent="93" regionsoverflowed="0" regionsstable="0" regionsrebuilding="0"/>
  </mem-info>
</gc-start>
<allocation-stats totalBytes="6289920" >
  <allocated-bytes non-tlh="258880" tlh="6031040" arrayletleaf="0"/>
  <largest-consumer threadName="main" threadId="000000000224E700" bytes="3141008" />
</allocation-stats>
<gc-op id="254" type="sweep" timems="0.501" contextid="251" timestamp="2019-07-02T19:21:13.495" />
<gc-op id="255" type="copy forward" timems="3.203" contextid="251" timestamp="2019-07-02T19:21:13.499">
  <memory-copied type="eden" objects="8963" bytes="729416" bytesdiscarded="32256" />
  <memory-copied type="other" objects="12709" bytes="492960" bytesdiscarded="20848" />
  <memory-cardclean objects="1559" bytes="94488" />
  <remembered-set-cleared processed="9167" cleared="1981" durationms="0.112" />
  <references type="soft" candidates="224" cleared="0" enqueued="0" dynamicThreshold="7" maxThreshold="32" />
  <references type="weak" candidates="468" cleared="8" enqueued="7" />
  <references type="phantom" candidates="1" cleared="0" enqueued="0" />
  <stringconstants candidates="8277" cleared="0"  />
  <heap-resize type="expand" space="default" amount="1048576" count="1" timems="0.069" reason="continue current collection" />
</gc-op>
<gc-op id="256" type="classunload" timems="0.003" contextid="251" timestamp="2019-07-02T19:21:13.499">
  <classunload-info classloadercandidates="14" classloadersunloaded="0" classesunloaded="0" anonymousclassesunloaded="0" quiescems="0.000" setupms="0.003" scanms="0.000" postms="0.000" />
</gc-op>
<gc-op id="257" type="compact" timems="1.077" contextid="251" timestamp="2019-07-02T19:21:13.500">
  <compact-info movecount="0" movebytes="0" />
  <remembered-set-cleared processed="19729" cleared="1981" durationms="0.112" />
</gc-op>
<gc-end id="258" type="partial gc" contextid="251" durationms="6.401" usertimems="8.000" systemtimems="0.000" timestamp="2019-07-02T19:21:13.501" activeThreads="4">
  <mem-info id="259" free="7340032" total="19922944" percent="36">
    <mem type="eden" free="144592" total="1048576" percent="13" />
    <pending-finalizers system="0" default="0" reference="7" classloader="0" />
    <remembered-set count="11776" freebytes="748160" totalbytes="795264" percent="94" regionsoverflowed="0" regionsstable="0" regionsrebuilding="0"/>
  </mem-info>
</gc-end>
<cycle-end id="260" type="partial gc" contextid="251" timestamp="2019-07-02T19:21:13.501">
  <attribute name="GC Util" value="78" />
  <attribute name="CPU Util" value="5136869254015" />
  <attribute name="Time Running"value="6164"/>
  <attribute name="Number of cores"value="4"/>
</cycle-end>
<exclusive-end id="261" timestamp="2019-07-02T19:21:13.501" durationms="7.574" />

<exclusive-start id="262" timestamp="2019-07-02T19:21:13.513" intervalms="19.541">
  <response-info timems="0.074" idlems="0.074" threads="0" lastid="000000000224E700" lastname="main" />
</exclusive-start>
<allocation-taxation id="263" taxation-threshold="3145728" timestamp="2019-07-02T19:21:13.513" intervalms="19.590" />
<cycle-start id="264" type="global mark phase" contextid="0" timestamp="2019-07-02T19:21:13.514" intervalms="135.875" />
  <attribute name="GC Util" value="78" />
  <attribute name="CPU Util" value="5136869254015" />
  <attribute name="Time Running"value="6164"/>
  <attribute name="Number of cores"value="4"/>
<gc-start id="265" type="global mark phase" contextid="264" timestamp="2019-07-02T19:21:13.514">
  <mem-info id="266" free="4194304" total="19922944" percent="21">
    <remembered-set count="11776" freebytes="748160" totalbytes="795264" percent="94" regionsoverflowed="0" regionsstable="0" regionsrebuilding="0"/>
  </mem-info>
</gc-start>
<gc-op id="267" type="mark increment" timems="0.523" contextid="264" timestamp="2019-07-02T19:21:13.514">
  <trace-info objectcount="183" scancount="0" scanbytes="0" />
</gc-op>
<gc-end id="268" type="global mark phase" contextid="264" durationms="0.788" usertimems="0.000" systemtimems="0.000" timestamp="2019-07-02T19:21:13.514" activeThreads="4">
  <mem-info id="269" free="4194304" total="19922944" percent="21">
    <remembered-set count="11776" freebytes="748160" totalbytes="795264" percent="94" regionsoverflowed="0" regionsstable="0" regionsrebuilding="0"/>
  </mem-info>
</gc-end>
<concurrent-start id="270" type="GMP work packet processing" contextid="264" timestamp="2019-07-02T19:21:13.515">
  <concurrent-mark-start scanTarget="18446744073709551615" />
</concurrent-start>
<exclusive-end id="271" timestamp="2019-07-02T19:21:13.515" durationms="1.630" />

<concurrent-end id="272" type="GMP work packet processing" contextid="264" timestamp="2019-07-02T19:21:13.517">
  <concurrent-mark-end bytesScanned="2225548" reasonForTermination="Completed all work in GC phase" />
</concurrent-end>

<exclusive-start id="273" timestamp="2019-07-02T19:21:13.532" intervalms="19.140">
  <response-info timems="0.055" idlems="0.055" threads="0" lastid="000000000224E700" lastname="main" />
</exclusive-start>
<allocation-taxation id="274" taxation-threshold="3145728" timestamp="2019-07-02T19:21:13.532" intervalms="19.099" />
<cycle-start id="275" type="partial gc" contextid="0" timestamp="2019-07-02T19:21:13.533" intervalms="38.583" />
  <attribute name="GC Util" value="86" />
  <attribute name="CPU Util" value="26396460476006" />
  <attribute name="Time Running"value="6179"/>
  <attribute name="Number of cores"value="4"/>
<gc-start id="276" type="partial gc" contextid="275" timestamp="2019-07-02T19:21:13.533">
  <mem-info id="277" free="1048576" total="19922944" percent="5">
    <mem type="eden" free="0" total="6291456" percent="0" />
    <remembered-set count="11776" freebytes="748160" totalbytes="795264" percent="94" regionsoverflowed="0" regionsstable="0" regionsrebuilding="0"/>
  </mem-info>
</gc-start>
<allocation-stats totalBytes="6290680" >
  <allocated-bytes non-tlh="2584" tlh="6288096" arrayletleaf="0"/>
  <largest-consumer threadName="main" threadId="000000000224E700" bytes="3145400" />
</allocation-stats>
<gc-op id="278" type="copy forward" timems="2.958" contextid="275" timestamp="2019-07-02T19:21:13.536">
  <memory-copied type="eden" objects="11868" bytes="455152" bytesdiscarded="55680" />
  <memory-copied type="other" objects="9786" bytes="497504" bytesdiscarded="55424" />
  <memory-cardclean objects="760" bytes="62008" />
  <remembered-set-cleared processed="10420" cleared="1788" durationms="0.108" />
  <references type="soft" candidates="224" cleared="0" enqueued="0" dynamicThreshold="6" maxThreshold="32" />
  <references type="weak" candidates="416" cleared="0" enqueued="0" />
  <stringconstants candidates="8292" cleared="0"  />
  <heap-resize type="expand" space="default" amount="1048576" count="1" timems="0.058" reason="continue current collection" />
</gc-op>
<gc-op id="279" type="classunload" timems="0.002" contextid="275" timestamp="2019-07-02T19:21:13.537">
  <classunload-info classloadercandidates="14" classloadersunloaded="0" classesunloaded="0" anonymousclassesunloaded="0" quiescems="0.000" setupms="0.002" scanms="0.000" postms="0.000" />
</gc-op>
<gc-op id="280" type="compact" timems="1.054" contextid="275" timestamp="2019-07-02T19:21:13.538">
  <compact-info movecount="0" movebytes="0" />
  <remembered-set-cleared processed="22463" cleared="1788" durationms="0.108" />
</gc-op>
<heap-resize id="281" type="expand" space="default" amount="2097152" count="1" timems="0.058" reason="insufficient free space following gc" timestamp="2019-07-02T19:21:13.538" />
<gc-end id="282" type="partial gc" contextid="275" durationms="5.518" usertimems="8.000" systemtimems="0.000" timestamp="2019-07-02T19:21:13.538" activeThreads="4">
  <mem-info id="283" free="9437184" total="23068672" percent="40">
    <mem type="eden" free="537728" total="1048576" percent="51" />
    <remembered-set count="13344" freebytes="867456" totalbytes="920832" percent="94" regionsoverflowed="0" regionsstable="0" regionsrebuilding="0"/>
  </mem-info>
</gc-end>
<cycle-end id="284" type="partial gc" contextid="275" timestamp="2019-07-02T19:21:13.539">
  <attribute name="GC Util" value="98" />
  <attribute name="CPU Util" value="5466229940899" />
  <attribute name="Time Running"value="6201"/>
  <attribute name="Number of cores"value="4"/>
</cycle-end>
<exclusive-end id="285" timestamp="2019-07-02T19:21:13.539" durationms="6.461" />

<exclusive-start id="286" timestamp="2019-07-02T19:21:13.581" intervalms="48.202">
  <response-info timems="0.012" idlems="0.012" threads="0" lastid="000000000224E700" lastname="main" />
</exclusive-start>
<allocation-taxation id="287" taxation-threshold="4194304" timestamp="2019-07-02T19:21:13.581" intervalms="48.126" />
<gc-start id="288" type="global mark phase" contextid="264" timestamp="2019-07-02T19:21:13.581">
  <mem-info id="289" free="5242880" total="23068672" percent="22">
    <remembered-set count="12896" freebytes="869248" totalbytes="920832" percent="94" regionsoverflowed="0" regionsstable="0" regionsrebuilding="0"/>
  </mem-info>
</gc-start>
<gc-op id="290" type="mark increment" timems="1.881" contextid="264" timestamp="2019-07-02T19:21:13.583">
  <trace-info objectcount="9140" scancount="8304" scanbytes="302676" />
  <cardclean-info objects="2928" bytes="145972" />
  <finalization candidates="80" enqueued="0" />
  <ownableSynchronizers candidates="21" cleared="0" />
  <references type="soft" candidates="1578" cleared="161" enqueued="156" dynamicThreshold="13" maxThreshold="32" />
  <references type="weak" candidates="4327" cleared="6" enqueued="6" />
  <references type="phantom" candidates="100" cleared="0" enqueued="0" />
  <stringconstants candidates="8603" cleared="1"  />
</gc-op>
<gc-op id="291" type="classunload" timems="0.006" contextid="264" timestamp="2019-07-02T19:21:13.583">
  <classunload-info classloadercandidates="16" classloadersunloaded="0" classesunloaded="0" anonymousclassesunloaded="0" quiescems="0.000" setupms="0.006" scanms="0.000" postms="0.000" />
</gc-op>
<gc-end id="292" type="global mark phase" contextid="264" durationms="2.301" usertimems="4.000" systemtimems="0.000" timestamp="2019-07-02T19:21:13.583" activeThreads="4">
  <mem-info id="293" free="5242880" total="23068672" percent="22">
    <pending-finalizers system="0" default="0" reference="162" classloader="0" />
    <remembered-set count="12896" freebytes="869248" totalbytes="920832" percent="94" regionsoverflowed="0" regionsstable="0" regionsrebuilding="0"/>
  </mem-info>
</gc-end>
<cycle-end id="294" type="global mark phase" contextid="264" timestamp="2019-07-02T19:21:13.583">
  <attribute name="GC Util" value="41" />
  <attribute name="CPU Util" value="36123480017973" />
  <attribute name="Time Running"value="6246"/>
  <attribute name="Number of cores"value="4"/>
</cycle-end>
<exclusive-end id="295" timestamp="2019-07-02T19:21:13.583" durationms="2.908" />

<exclusive-start id="296" timestamp="2019-07-02T19:21:13.616" intervalms="35.102">
  <response-info timems="0.019" idlems="0.019" threads="0" lastid="000000000224E700" lastname="main" />
</exclusive-start>
<sys-start reason="explicit" id="297" timestamp="2019-07-02T19:21:13.616" intervalms="6379.544" />
<cycle-start id="298" type="global garbage collect" contextid="0" timestamp="2019-07-02T19:21:13.616" intervalms="6379.679" />
  <attribute name="GC Util" value="41" />
  <attribute name="CPU Util" value="36123480017973" />
  <attribute name="Time Running"value="6246"/>
  <attribute name="Number of cores"value="4"/>
<gc-start id="299" type="global garbage collect" contextid="298" timestamp="2019-07-02T19:21:13.616">
  <mem-info id="300" free="3985616" total="23068672" percent="17">
    <mem type="eden" free="839888" total="6291456" percent="13" />
    <remembered-set count="12896" freebytes="869248" totalbytes="920832" percent="94" regionsoverflowed="0" regionsstable="0" regionsrebuilding="0"/>
  </mem-info>
</gc-start>
<allocation-stats totalBytes="5447352" >
  <allocated-bytes non-tlh="432240" tlh="5015112" arrayletleaf="0"/>
  <largest-consumer threadName="main" threadId="000000000224E700" bytes="1254120" />
</allocation-stats>
<gc-op id="301" type="global mark" timems="3.282" contextid="298" timestamp="2019-07-02T19:21:13.620">
  <trace-info objectcount="72305" scancount="58915" scanbytes="2032032" />
  <finalization candidates="80" enqueued="0" />
  <ownableSynchronizers candidates="21" cleared="0" />
  <references type="soft" candidates="1436" cleared="2" enqueued="2" dynamicThreshold="7" maxThreshold="32" />
  <references type="weak" candidates="4525" cleared="26" enqueued="24" />
  <references type="phantom" candidates="102" cleared="2" enqueued="2" />
  <stringconstants candidates="8661" cleared="36"  />
</gc-op>
<gc-op id="302" type="classunload" timems="0.590" contextid="298" timestamp="2019-07-02T19:21:13.621">
  <classunload-info classloadercandidates="17" classloadersunloaded="1" classesunloaded="1" anonymousclassesunloaded="0" quiescems="0.000" setupms="0.579" scanms="0.007" postms="0.004" />
</gc-op>
<gc-op id="303" type="sweep" timems="0.509" contextid="298" timestamp="2019-07-02T19:21:13.621" />
<gc-op id="304" type="compact" timems="5.459" contextid="298" timestamp="2019-07-02T19:21:13.627">
  <compact-info movecount="71524" movebytes="4128384" />
  <remembered-set-cleared processed="21474" cleared="21474" durationms="0.096" />
</gc-op>
<gc-end id="305" type="global garbage collect" contextid="298" durationms="11.169" usertimems="24.000" systemtimems="0.000" timestamp="2019-07-02T19:21:13.627" activeThreads="4">
  <mem-info id="306" free="8388608" total="23068672" percent="36">
    <pending-finalizers system="0" default="0" reference="28" classloader="0" />
    <remembered-set count="9728" freebytes="881920" totalbytes="920832" percent="95" regionsoverflowed="0" regionsstable="0" regionsrebuilding="0"/>
  </mem-info>
</gc-end>
<cycle-end id="307" type="global garbage collect" contextid="298" timestamp="2019-07-02T19:21:13.628">
  <attribute name="GC Util" value="34" />
  <attribute name="CPU Util" value="23023951705141" />
  <attribute name="Time Running"value="6286"/>
  <attribute name="Number of cores"value="4"/>
</cycle-end>
<sys-end id="308" timestamp="2019-07-02T19:21:13.628" />
<exclusive-end id="309" timestamp="2019-07-02T19:21:13.628" durationms="12.264" />

<exclusive-start id="310" timestamp="2019-07-02T19:21:13.810" intervalms="194.625">
  <response-info timems="0.089" idlems="0.089" threads="0" lastid="000000000224E700" lastname="main" />
</exclusive-start>
<allocation-taxation id="311" taxation-threshold="8388608" timestamp="2019-07-02T19:21:13.810" intervalms="229.866" />
<cycle-start id="312" type="partial gc" contextid="0" timestamp="2019-07-02T19:21:13.811" intervalms="278.135" />
  <attribute name="GC Util" value="34" />
  <attribute name="CPU Util" value="23023951705141" />
  <attribute name="Time Running"value="6286"/>
  <attribute name="Number of cores"value="4"/>
<gc-start id="313" type="partial gc" contextid="312" timestamp="2019-07-02T19:21:13.811">
  <mem-info id="314" free="0" total="23068672" percent="0">
    <mem type="eden" free="0" total="8388608" percent="0" />
    <remembered-set count="9248" freebytes="883840" totalbytes="920832" percent="95" regionsoverflowed="0" regionsstable="0" regionsrebuilding="0"/>
  </mem-info>
</gc-start>
<allocation-stats totalBytes="8387376" >
  <allocated-bytes non-tlh="463952" tlh="7923424" arrayletleaf="0"/>
  <largest-consumer threadName="main" threadId="000000000224E700" bytes="8379128" />
</allocation-stats>
<gc-op id="315" type="mark" timems="1.341" contextid="312" timestamp="2019-07-02T19:21:13.813">
  <trace-info objectcount="606" scancount="559" scanbytes="53076" />
  <cardclean-info objects="648" bytes="37716" />
  <remembered-set-cleared processed="7687" cleared="152" durationms="0.090" />
  <references type="soft" candidates="35" cleared="0" enqueued="0" dynamicThreshold="11" maxThreshold="32" />
  <references type="weak" candidates="22" cleared="11" enqueued="11" />
  <references type="phantom" candidates="5" cleared="2" enqueued="2" />
  <stringconstants candidates="8658" cleared="12"  />
  <warning details="Mark invoked due to insufficient free space for Copy-Forward" />
</gc-op>
<gc-op id="316" type="classunload" timems="0.004" contextid="312" timestamp="2019-07-02T19:21:13.813">
  <classunload-info classloadercandidates="17" classloadersunloaded="0" classesunloaded="0" anonymousclassesunloaded="0" quiescems="0.000" setupms="0.003" scanms="0.000" postms="0.000" />
</gc-op>
<gc-op id="317" type="sweep" timems="0.499" contextid="312" timestamp="2019-07-02T19:21:13.814" />
<gc-op id="318" type="compact" timems="1.380" contextid="312" timestamp="2019-07-02T19:21:13.816">
  <compact-info movecount="606" movebytes="333888" />
  <remembered-set-cleared processed="15681" cleared="573" durationms="0.090" />
</gc-op>
<heap-resize id="319" type="expand" space="default" amount="1048576" count="1" timems="0.055" reason="insufficient free space following gc" timestamp="2019-07-02T19:21:13.816" />
<gc-end id="320" type="partial gc" contextid="312" durationms="5.204" usertimems="4.000" systemtimems="0.000" timestamp="2019-07-02T19:21:13.816" activeThreads="4">
  <mem-info id="321" free="8388608" total="24117248" percent="34">
    <mem type="eden" free="714688" total="1048576" percent="68" />
    <pending-finalizers system="0" default="0" reference="13" classloader="0" />
    <remembered-set count="10016" freebytes="922624" totalbytes="962688" percent="95" regionsoverflowed="0" regionsstable="0" regionsrebuilding="0"/>
  </mem-info>
</gc-end>
<cycle-end id="322" type="partial gc" contextid="312" timestamp="2019-07-02T19:21:13.817">
  <attribute name="GC Util" value="23" />
  <attribute name="CPU Util" value="23516951839989" />
  <attribute name="Time Running"value="6479"/>
  <attribute name="Number of cores"value="4"/>
</cycle-end>
<exclusive-end id="323" timestamp="2019-07-02T19:21:13.817" durationms="6.584" />

<exclusive-start id="324" timestamp="2019-07-02T19:21:13.995" intervalms="185.164">
  <response-info timems="0.064" idlems="0.064" threads="0" lastid="000000000224E700" lastname="main" />
</exclusive-start>
<allocation-taxation id="325" taxation-threshold="8388608" timestamp="2019-07-02T19:21:13.996" intervalms="185.160" />
<cycle-start id="326" type="partial gc" contextid="0" timestamp="2019-07-02T19:21:13.996" intervalms="185.231" />
  <attribute name="GC Util" value="23" />
  <attribute name="CPU Util" value="23516951839989" />
  <attribute name="Time Running"value="6479"/>
  <attribute name="Number of cores"value="4"/>
<gc-start id="327" type="partial gc" contextid="326" timestamp="2019-07-02T19:21:13.996">
  <mem-info id="328" free="0" total="24117248" percent="0">
    <mem type="eden" free="714688" total="9437184" percent="7" />
    <remembered-set count="9600" freebytes="924288" totalbytes="962688" percent="96" regionsoverflowed="0" regionsstable="0" regionsrebuilding="0"/>
  </mem-info>
</gc-start>
<allocation-stats totalBytes="8388112" >
  <allocated-bytes non-tlh="0" tlh="8388112" arrayletleaf="0"/>
  <largest-consumer threadName="main" threadId="000000000224E700" bytes="8384016" />
</allocation-stats>
<gc-op id="329" type="mark" timems="1.478" contextid="326" timestamp="2019-07-02T19:21:13.998">
  <trace-info objectcount="575" scancount="532" scanbytes="52332" />
  <cardclean-info objects="202" bytes="22720" />
  <remembered-set-cleared processed="7851" cleared="226" durationms="0.157" />
  <references type="soft" candidates="35" cleared="0" enqueued="0" dynamicThreshold="11" maxThreshold="32" />
  <references type="weak" candidates="10" cleared="0" enqueued="0" />
  <references type="phantom" candidates="3" cleared="0" enqueued="0" />
  <stringconstants candidates="8646" cleared="0"  />
  <warning details="Mark invoked due to insufficient free space for Copy-Forward" />
</gc-op>
<gc-op id="330" type="classunload" timems="0.003" contextid="326" timestamp="2019-07-02T19:21:13.999">
  <classunload-info classloadercandidates="17" classloadersunloaded="0" classesunloaded="0" anonymousclassesunloaded="0" quiescems="0.000" setupms="0.003" scanms="0.000" postms="0.000" />
</gc-op>
<gc-op id="331" type="sweep" timems="0.410" contextid="326" timestamp="2019-07-02T19:21:13.999" />
<gc-op id="332" type="compact" timems="1.039" contextid="326" timestamp="2019-07-02T19:21:14.001">
  <compact-info movecount="575" movebytes="332920" />
  <remembered-set-cleared processed="15824" cleared="718" durationms="0.157" />
</gc-op>
<heap-resize id="333" type="expand" space="default" amount="2097152" count="1" timems="0.063" reason="insufficient free space following gc" timestamp="2019-07-02T19:21:14.001" />
<gc-end id="334" type="partial gc" contextid="326" durationms="4.920" usertimems="8.000" systemtimems="0.000" timestamp="2019-07-02T19:21:14.001" activeThreads="4">
  <mem-info id="335" free="9437184" total="26214400" percent="36">
    <mem type="eden" free="1764232" total="2097152" percent="84" />
    <remembered-set count="10464" freebytes="1004544" totalbytes="1046400" percent="96" regionsoverflowed="0" regionsstable="0" regionsrebuilding="0"/>
  </mem-info>
</gc-end>
<cycle-end id="336" type="partial gc" contextid="326" timestamp="2019-07-02T19:21:14.001">
  <attribute name="GC Util" value="22" />
  <attribute name="CPU Util" value="25713367396034" />
  <attribute name="Time Running"value="6664"/>
  <attribute name="Number of cores"value="4"/>
</cycle-end>
<exclusive-end id="337" timestamp="2019-07-02T19:21:14.002" durationms="6.258" />

<exclusive-start id="338" timestamp="2019-07-02T19:21:14.073" intervalms="77.213">
  <response-info timems="0.069" idlems="0.069" threads="0" lastid="000000000224E700" lastname="main" />
</exclusive-start>
<allocation-taxation id="339" taxation-threshold="9437184" timestamp="2019-07-02T19:21:14.073" intervalms="77.191" />
<cycle-start id="340" type="partial gc" contextid="0" timestamp="2019-07-02T19:21:14.073" intervalms="77.143" />
  <attribute name="GC Util" value="22" />
  <attribute name="CPU Util" value="25713367396034" />
  <attribute name="Time Running"value="6664"/>
  <attribute name="Number of cores"value="4"/>
<gc-start id="341" type="partial gc" contextid="340" timestamp="2019-07-02T19:21:14.073">
  <mem-info id="342" free="0" total="26214400" percent="0">
    <mem type="eden" free="1015616" total="10485760" percent="9" />
    <remembered-set count="10048" freebytes="1006208" totalbytes="1046400" percent="96" regionsoverflowed="0" regionsstable="0" regionsrebuilding="0"/>
  </mem-info>
</gc-start>
<allocation-stats totalBytes="9436544" >
  <allocated-bytes non-tlh="0" tlh="9436544" arrayletleaf="0"/>
  <largest-consumer threadName="main" threadId="000000000224E700" bytes="9436544" />
</allocation-stats>
<gc-op id="343" type="mark" timems="1.280" contextid="340" timestamp="2019-07-02T19:21:14.075">
  <trace-info objectcount="8" scancount="8" scanbytes="32956" />
  <cardclean-info objects="13" bytes="456" />
  <remembered-set-cleared processed="7917" cleared="9" durationms="0.127" />
  <stringconstants candidates="8646" cleared="0"  />
  <warning details="Mark invoked due to insufficient free space for Copy-Forward" />
</gc-op>
<gc-op id="344" type="classunload" timems="0.003" contextid="340" timestamp="2019-07-02T19:21:14.075">
  <classunload-info classloadercandidates="17" classloadersunloaded="0" classesunloaded="0" anonymousclassesunloaded="0" quiescems="0.000" setupms="0.003" scanms="0.000" postms="0.000" />
</gc-op>
<gc-op id="345" type="sweep" timems="0.365" contextid="340" timestamp="2019-07-02T19:21:14.076" />
<gc-op id="346" type="compact" timems="1.133" contextid="340" timestamp="2019-07-02T19:21:14.077">
  <compact-info movecount="8" movebytes="32960" />
  <remembered-set-cleared processed="15807" cleared="363" durationms="0.127" />
</gc-op>
<gc-end id="347" type="partial gc" contextid="340" durationms="4.359" usertimems="8.000" systemtimems="0.000" timestamp="2019-07-02T19:21:14.078" activeThreads="4">
  <mem-info id="348" free="9437184" total="26214400" percent="36">
    <mem type="eden" free="1015616" total="1048576" percent="96" />
    <remembered-set count="9504" freebytes="1008384" totalbytes="1046400" percent="96" regionsoverflowed="0" regionsstable="0" regionsrebuilding="0"/>
  </mem-info>
</gc-end>
<cycle-end id="349" type="partial gc" contextid="340" timestamp="2019-07-02T19:21:14.078">
  <attribute name="GC Util" value="26" />
  <attribute name="CPU Util" value="29049212943836" />
  <attribute name="Time Running"value="6740"/>
  <attribute name="Number of cores"value="4"/>
</cycle-end>
<exclusive-end id="350" timestamp="2019-07-02T19:21:14.078" durationms="5.591" />

<exclusive-start id="351" timestamp="2019-07-02T19:21:14.129" intervalms="56.552">
  <response-info timems="0.028" idlems="0.028" threads="0" lastid="000000000224E700" lastname="main" />
</exclusive-start>
<allocation-taxation id="352" taxation-threshold="9437184" timestamp="2019-07-02T19:21:14.129" intervalms="56.424" />
<cycle-start id="353" type="partial gc" contextid="0" timestamp="2019-07-02T19:21:14.129" intervalms="56.323" />
  <attribute name="GC Util" value="26" />
  <attribute name="CPU Util" value="29049212943836" />
  <attribute name="Time Running"value="6740"/>
  <attribute name="Number of cores"value="4"/>
<gc-start id="354" type="partial gc" contextid="353" timestamp="2019-07-02T19:21:14.130">
  <mem-info id="355" free="0" total="26214400" percent="0">
    <mem type="eden" free="1015616" total="10485760" percent="9" />
    <remembered-set count="9216" freebytes="1009536" totalbytes="1046400" percent="96" regionsoverflowed="0" regionsstable="0" regionsrebuilding="0"/>
  </mem-info>
</gc-start>
<allocation-stats totalBytes="9436280" >
  <allocated-bytes non-tlh="34856" tlh="9401424" arrayletleaf="0"/>
  <largest-consumer threadName="main" threadId="000000000224E700" bytes="9436280" />
</allocation-stats>
<gc-op id="356" type="mark" timems="1.736" contextid="353" timestamp="2019-07-02T19:21:14.132">
  <trace-info objectcount="2115" scancount="1548" scanbytes="76732" />
  <cardclean-info objects="288" bytes="13152" />
  <remembered-set-cleared processed="7975" cleared="102" durationms="0.131" />
  <references type="soft" candidates="1" cleared="0" enqueued="0" dynamicThreshold="11" maxThreshold="32" />
  <references type="weak" candidates="20" cleared="17" enqueued="17" />
  <references type="phantom" candidates="4" cleared="2" enqueued="2" />
  <stringconstants candidates="9042" cleared="0"  />
  <warning details="Mark invoked due to insufficient free space for Copy-Forward" />
</gc-op>
<gc-op id="357" type="classunload" timems="0.003" contextid="353" timestamp="2019-07-02T19:21:14.132">
  <classunload-info classloadercandidates="17" classloadersunloaded="0" classesunloaded="0" anonymousclassesunloaded="0" quiescems="0.000" setupms="0.003" scanms="0.000" postms="0.000" />
</gc-op>
<gc-op id="358" type="sweep" timems="0.389" contextid="353" timestamp="2019-07-02T19:21:14.133" />
<gc-op id="359" type="compact" timems="1.403" contextid="353" timestamp="2019-07-02T19:21:14.134">
  <compact-info movecount="2115" movebytes="110648" />
  <remembered-set-cleared processed="16081" cleared="786" durationms="0.131" />
</gc-op>
<gc-end id="360" type="partial gc" contextid="353" durationms="5.027" usertimems="8.000" systemtimems="0.000" timestamp="2019-07-02T19:21:14.135" activeThreads="4">
  <mem-info id="361" free="9437184" total="26214400" percent="36">
    <mem type="eden" free="937928" total="1048576" percent="89" />
    <pending-finalizers system="0" default="0" reference="19" classloader="0" />
    <remembered-set count="10368" freebytes="1004928" totalbytes="1046400" percent="96" regionsoverflowed="0" regionsstable="0" regionsrebuilding="0"/>
  </mem-info>
</gc-end>
<cycle-end id="362" type="partial gc" contextid="353" timestamp="2019-07-02T19:21:14.135">
  <attribute name="GC Util" value="27" />
  <attribute name="CPU Util" value="28261559877382" />
  <attribute name="Time Running"value="6797"/>
  <attribute name="Number of cores"value="4"/>
</cycle-end>
<exclusive-end id="363" timestamp="2019-07-02T19:21:14.135" durationms="6.076" />

</verbosegc>

