
<?xml version="1.0" ?>

<verbosegc xmlns="http://www.ibm.com/j9/verbosegc" version="10b4217_CMPRSS">

<gc check installed>
<initialized id="1" timestamp="2019-08-10T03:36:39.796">
  <attribute name="gcPolicy" value="-Xgcpolicy:gencon" />
  <attribute name="elasticGC enabled" value="1" />
  <attribute name= "numThreadsSpecified" value="0" />
  <attribute name="heapSize specified" value="0" />
  <attribute name="Current GC Util" value="0" />
  <attribute name= "Current Time Running" value="0" />
  <attribute name ="GC Interval" value="0" />
  <attribute name="ProportionalT" value="0.000000" />
  <attribute name="ProportionalI" value="0.000000" />
  <attribute name="ProportionalH" value="0.000000" />
  <attribute name="IntegralT" value="0.000000" />
  <attribute name="IntegralI" value="0.000000" />
  <attribute name="IntegralH" value="0.000000" />
  <attribute name="DerivativeT" value="0.000000" />
  <attribute name="DerivativeI" value="0.000000" />
  <attribute name="DerivativeH" value="0.000000" />
  <attribute name="Target GC Util Change" value ="0.000000" />
  <attribute name="Current GC Util Change" value="0.000000"/>
  <attribute name="Current Error" value="0.000000" />
  <attribute name="Loop Time for DT" value="0.000000" />
  <attribute name="Output H" value="0"/>
  <attribute name="Output I" value="0"/>
  <attribute name="Output T" value="0"/>
  <attribute name="GC Util currently" value="0" />
  <attribute name="CPU Util currently" value="0" />
  <attribute name="maxHeapSize" value="0xfa900000" />
  <attribute name="initialHeapSize" value="0x800000" />
  <attribute name="compressedRefs" value="true" />
  <attribute name="compressedRefsDisplacement" value="0x0" />
  <attribute name="compressedRefsShift" value="0x3" />
  <attribute name="pageSize" value="0x1000" />
  <attribute name="pageType" value="not used" />
  <attribute name="requestedPageSize" value="0x1000" />
  <attribute name="requestedPageType" value="not used" />
  <attribute name="gcthreads" value="16" />
  <attribute name="gcthreads Concurrent Mark" value="1" />
  <attribute name="packetListSplit" value="16" />
  <attribute name="cacheListSplit" value="16" />
  <attribute name="splitFreeListSplitAmount" value="2" />
  <attribute name="numaNodes" value="0" />
  <system>
    <attribute name="physicalMemory" value="16815001600" />
    <attribute name="numCPUs" value="16" />
    <attribute name="architecture" value="amd64" />
    <attribute name="os" value="Linux" />
    <attribute name="osVersion" value="4.15.0" />
  </system>
  <vmargs>
    <vmarg name="-Xoptionsfile=/jdk/lib/options.default" />
    <vmarg name="-Xlockword:mode=default,noLockword=java/lang/String,noLockword=java/util/MapEntry,noLockword=java/util/HashMap$Entry,noLockword..." />
    <vmarg name="-Xjcl:jclse29" />
    <vmarg name="-Dcom.ibm.oti.vm.bootstrap.library.path=/jdk/lib/compressedrefs:/jdk/lib" />
    <vmarg name="-Dsun.boot.library.path=/jdk/lib/compressedrefs:/jdk/lib" />
    <vmarg name="-Djava.library.path=/jdk/lib/compressedrefs:/jdk/lib:/usr/lib64:/usr/lib" />
    <vmarg name="-Djava.home=/jdk" />
    <vmarg name="-Duser.dir=/" />
    <vmarg name="-Xgcelastic" />
    <vmarg name="-Xcheck:gc:::elasticGC" />
    <vmarg name="-verbose:gc" />
    <vmarg name="-Djava.class.path=dacapo-9.12-MR1-bach.jar" />
    <vmarg name="-Dsun.java.command=dacapo-9.12-MR1-bach.jar avrora jython pmd sunflow xalan --size=large" />
    <vmarg name="-Dsun.java.launcher=SUN_STANDARD" />
    <vmarg name="-Dsun.java.launcher.pid=1" />
  </vmargs>
</initialized>

<exclusive-start id="2" timestamp="2019-08-10T03:36:39.895" intervalms="99.084">
  <response-info timems="0.014" idlems="0.014" threads="0" lastid="0000000001842F00" lastname="main" />
</exclusive-start>
<af-start id="3" threadId="0000000001843888" totalBytesRequested="72" timestamp="2019-08-10T03:36:39.895" intervalms="99.132" type="nursery" />
<cycle-start id="4" type="scavenge" contextid="0" timestamp="2019-08-10T03:36:39.895" intervalms="99.149" />
<gc check: start verifying slots before local gc (1)>
<gc check: finished verifying slots before local gc (1)>
<gc-start id="5" type="scavenge" contextid="4" timestamp="2019-08-10T03:36:39.900">
  <mem-info id="6" free="6064048" total="8388608" percent="72">
    <mem type="nursery" free="0" total="2097152" percent="0">
      <mem type="allocate" free="0" total="1048576" percent="0" />
      <mem type="survivor" free="0" total="1048576" percent="0" />
    </mem>
    <mem type="tenure" free="6064048" total="6291456" percent="96">
      <mem type="soa" free="5749680" total="5977088" percent="96" />
      <mem type="loa" free="314368" total="314368" percent="100" />
    </mem>
    <remembered-set count="3133" />
  </mem-info>
</gc-start>
<allocation-stats totalBytes="1275112" >
  <allocated-bytes non-tlh="268992" tlh="1006120" />
  <largest-consumer threadName="main" threadId="0000000001842F00" bytes="1190592" />
</allocation-stats>
<gc-op id="7" type="scavenge" timems="2.584" contextid="4" timestamp="2019-08-10T03:36:39.902">
  <scavenger-info tenureage="2" tenuremask="fffc" tiltratio="50" />
  <memory-copied type="nursery" objects="10639" bytes="474032" bytesdiscarded="100184" />
  <finalization candidates="11" enqueued="0" />
  <references type="soft" candidates="62" cleared="0" enqueued="0" dynamicThreshold="32" maxThreshold="32" />
  <references type="weak" candidates="302" cleared="171" enqueued="135" />
  <references type="phantom" candidates="20" cleared="4" enqueued="4" />
</gc-op>
<gc check: start verifying slots after local gc (1)>
<gc check: finished verifying slots after local gc (1)>
<gc-end id="8" type="scavenge" contextid="4" durationms="6.089" usertimems="6.901" systemtimems="2.398" timestamp="2019-08-10T03:36:39.906" activeThreads="16">
  <mem-info id="9" free="6536216" total="8388608" percent="77">
    <mem type="nursery" free="472168" total="2097152" percent="22">
      <mem type="allocate" free="472168" total="1048576" percent="45" />
      <mem type="survivor" free="0" total="1048576" percent="0" />
    </mem>
    <mem type="tenure" free="6064048" total="6291456" percent="96">
      <mem type="soa" free="5749680" total="5977088" percent="96" />
      <mem type="loa" free="314368" total="314368" percent="100" />
    </mem>
    <pending-finalizers system="0" default="0" reference="139" classloader="0" />
    <remembered-set count="3133" />
  </mem-info>
</gc-end>
<cycle-end id="10" type="scavenge" contextid="4" timestamp="2019-08-10T03:36:39.906" />
  <attribute name="elasticGC enabled" value="1" />
  <attribute name= "numThreadsSpecified" value="0" />
  <attribute name="heapSize specified" value="0" />
  <attribute name="Current GC Util" value="0" />
  <attribute name= "Current Time Running" value="46" />
  <attribute name ="GC Interval" value="1" />
  <attribute name="ProportionalT" value="0.000000" />
  <attribute name="ProportionalI" value="0.000000" />
  <attribute name="ProportionalH" value="0.000000" />
  <attribute name="Current Error" value="0.000000" />
  <attribute name="IntegralT" value="0.000000" />
  <attribute name="IntegralI" value="0.000000" />
  <attribute name="IntegralH" value="0.000000" />
  <attribute name="DerivativeT" value="0.000000" />
  <attribute name="DerivativeI" value="0.000000" />
  <attribute name="DerivativeH" value="0.000000" />
  <attribute name="Loop Time for DT" value="0.000000" />
  <attribute name="Output H" value="0"/>
  <attribute name="Output I" value="0"/>
  <attribute name="Output T" value="0"/>
  <attribute name="Target GC Util Change" value ="80.000000" />
  <attribute name="Current GC Util Change" value="0.000000"/>
  <attribute name="GC Util currently" value="0" />
  <attribute name="CPU Util currently" value="14" />
<allocation-satisfied id="11" threadId="0000000001842F00" bytesRequested="72" />
<af-end id="12" timestamp="2019-08-10T03:36:39.906" threadId="0000000001843888" success="true" from="nursery"/>
<exclusive-end id="13" timestamp="2019-08-10T03:36:39.906" durationms="10.799" />

<exclusive-start id="14" timestamp="2019-08-10T03:36:39.922" intervalms="26.825">
  <response-info timems="0.013" idlems="0.013" threads="0" lastid="0000000001842F00" lastname="main" />
</exclusive-start>
<af-start id="15" threadId="0000000001843888" totalBytesRequested="7176" timestamp="2019-08-10T03:36:39.922" intervalms="26.852" type="nursery" />
<cycle-start id="16" type="scavenge" contextid="0" timestamp="2019-08-10T03:36:39.922" intervalms="26.856" />
<gc check: start verifying slots before local gc (2)>
<gc check: finished verifying slots before local gc (2)>
<gc-start id="17" type="scavenge" contextid="16" timestamp="2019-08-10T03:36:39.926">
  <mem-info id="18" free="6054792" total="8388608" percent="72">
    <mem type="nursery" free="0" total="2097152" percent="0">
      <mem type="allocate" free="0" total="1048576" percent="0" />
      <mem type="survivor" free="0" total="1048576" percent="0" />
    </mem>
    <mem type="tenure" free="6054792" total="6291456" percent="96">
      <mem type="soa" free="5740424" total="5977088" percent="96" />
      <mem type="loa" free="314368" total="314368" percent="100" />
    </mem>
    <remembered-set count="3263" />
  </mem-info>
</gc-start>
<allocation-stats totalBytes="473904" >
  <allocated-bytes non-tlh="9328" tlh="464576" />
  <largest-consumer threadName="main" threadId="0000000001842F00" bytes="461928" />
</allocation-stats>
<gc-op id="19" type="scavenge" timems="2.597" contextid="16" timestamp="2019-08-10T03:36:39.929">
  <scavenger-info tenureage="5" tenuremask="7fe0" tiltratio="50" />
  <memory-copied type="nursery" objects="11032" bytes="511976" bytesdiscarded="49216" />
  <finalization candidates="11" enqueued="0" />
  <references type="soft" candidates="62" cleared="0" enqueued="0" dynamicThreshold="32" maxThreshold="32" />
  <references type="weak" candidates="249" cleared="103" enqueued="100" />
  <references type="phantom" candidates="42" cleared="14" enqueued="14" />
</gc-op>
<gc check: start verifying slots after local gc (2)>
<gc check: finished verifying slots after local gc (2)>
<gc-end id="20" type="scavenge" contextid="16" durationms="6.279" usertimems="9.817" systemtimems="0.000" timestamp="2019-08-10T03:36:39.932" activeThreads="16">
  <mem-info id="21" free="6540600" total="8388608" percent="77">
    <mem type="nursery" free="485808" total="2097152" percent="23">
      <mem type="allocate" free="485808" total="1048576" percent="46" />
      <mem type="survivor" free="0" total="1048576" percent="0" />
    </mem>
    <mem type="tenure" free="6054792" total="6291456" percent="96">
      <mem type="soa" free="5740424" total="5977088" percent="96" />
      <mem type="loa" free="314368" total="314368" percent="100" />
    </mem>
    <pending-finalizers system="0" default="0" reference="114" classloader="0" />
    <remembered-set count="3263" />
  </mem-info>
</gc-end>
<cycle-end id="22" type="scavenge" contextid="16" timestamp="2019-08-10T03:36:39.932" />
  <attribute name="elasticGC enabled" value="1" />
  <attribute name= "numThreadsSpecified" value="0" />
  <attribute name="heapSize specified" value="0" />
  <attribute name="Current GC Util" value="57" />
  <attribute name= "Current Time Running" value="72" />
  <attribute name ="GC Interval" value="1" />
  <attribute name="ProportionalT" value="0.000000" />
  <attribute name="ProportionalI" value="0.000000" />
  <attribute name="ProportionalH" value="0.000000" />
  <attribute name="Current Error" value="0.000000" />
  <attribute name="IntegralT" value="0.000000" />
  <attribute name="IntegralI" value="0.000000" />
  <attribute name="IntegralH" value="0.000000" />
  <attribute name="DerivativeT" value="0.000000" />
  <attribute name="DerivativeI" value="0.000000" />
  <attribute name="DerivativeH" value="0.000000" />
  <attribute name="Loop Time for DT" value="46.000000" />
  <attribute name="Output H" value="0"/>
  <attribute name="Output I" value="0"/>
  <attribute name="Output T" value="0"/>
  <attribute name="Target GC Util Change" value ="80.000000" />
  <attribute name="Current GC Util Change" value="57.000000"/>
  <attribute name="GC Util currently" value="57" />
  <attribute name="CPU Util currently" value="17" />
<allocation-satisfied id="23" threadId="0000000001842F00" bytesRequested="7176" />
<af-end id="24" timestamp="2019-08-10T03:36:39.932" threadId="0000000001843888" success="true" from="nursery"/>
<exclusive-end id="25" timestamp="2019-08-10T03:36:39.932" durationms="10.627" />

<exclusive-start id="26" timestamp="2019-08-10T03:36:39.942" intervalms="20.287">
  <response-info timems="0.018" idlems="0.018" threads="0" lastid="0000000001842F00" lastname="main" />
</exclusive-start>
<af-start id="27" threadId="0000000001843888" totalBytesRequested="2864" timestamp="2019-08-10T03:36:39.942" intervalms="20.250" type="nursery" />
<cycle-start id="28" type="scavenge" contextid="0" timestamp="2019-08-10T03:36:39.942" intervalms="20.246" />
<gc check: start verifying slots before local gc (3)>
<gc check: finished verifying slots before local gc (3)>
<gc-start id="29" type="scavenge" contextid="28" timestamp="2019-08-10T03:36:39.947">
  <mem-info id="30" free="6051912" total="8388608" percent="72">
    <mem type="nursery" free="0" total="2097152" percent="0">
      <mem type="allocate" free="0" total="1048576" percent="0" />
      <mem type="survivor" free="0" total="1048576" percent="0" />
    </mem>
    <mem type="tenure" free="6051912" total="6291456" percent="96">
      <mem type="soa" free="5737544" total="5977088" percent="95" />
      <mem type="loa" free="314368" total="314368" percent="100" />
    </mem>
    <remembered-set count="3298" />
  </mem-info>
</gc-start>
<allocation-stats totalBytes="468776" >
  <allocated-bytes non-tlh="10056" tlh="458720" />
  <largest-consumer threadName="main" threadId="0000000001842F00" bytes="460584" />
</allocation-stats>
<gc-op id="31" type="scavenge" timems="1.470" contextid="28" timestamp="2019-08-10T03:36:39.949">
  <scavenger-info tenureage="4" tenuremask="7ff0" tiltratio="50" />
  <memory-copied type="nursery" objects="11053" bytes="547432" bytesdiscarded="96664" />
  <finalization candidates="11" enqueued="0" />
  <references type="soft" candidates="62" cleared="0" enqueued="0" dynamicThreshold="32" maxThreshold="32" />
  <references type="weak" candidates="226" cleared="79" enqueued="79" />
  <references type="phantom" candidates="39" cleared="10" enqueued="10" />
</gc-op>
<gc check: start verifying slots after local gc (3)>
<gc check: finished verifying slots after local gc (3)>
<gc-end id="32" type="scavenge" contextid="28" durationms="5.434" usertimems="6.208" systemtimems="0.902" timestamp="2019-08-10T03:36:39.952" activeThreads="16">
  <mem-info id="33" free="6454832" total="8388608" percent="76">
    <mem type="nursery" free="402920" total="2097152" percent="19">
      <mem type="allocate" free="402920" total="1048576" percent="38" />
      <mem type="survivor" free="0" total="1048576" percent="0" />
    </mem>
    <mem type="tenure" free="6051912" total="6291456" percent="96">
      <mem type="soa" free="5737544" total="5977088" percent="95" />
      <mem type="loa" free="314368" total="314368" percent="100" />
    </mem>
    <pending-finalizers system="0" default="0" reference="89" classloader="0" />
    <remembered-set count="1056" />
  </mem-info>
</gc-end>
<cycle-end id="34" type="scavenge" contextid="28" timestamp="2019-08-10T03:36:39.953" />
  <attribute name="elasticGC enabled" value="1" />
  <attribute name= "numThreadsSpecified" value="0" />
  <attribute name="heapSize specified" value="0" />
  <attribute name="Current GC Util" value="65" />
  <attribute name= "Current Time Running" value="93" />
  <attribute name ="GC Interval" value="1" />
  <attribute name="ProportionalT" value="0.000000" />
  <attribute name="ProportionalI" value="0.000000" />
  <attribute name="ProportionalH" value="0.000000" />
  <attribute name="Current Error" value="0.000000" />
  <attribute name="IntegralT" value="0.000000" />
  <attribute name="IntegralI" value="0.000000" />
  <attribute name="IntegralH" value="0.000000" />
  <attribute name="DerivativeT" value="0.000000" />
  <attribute name="DerivativeI" value="0.000000" />
  <attribute name="DerivativeH" value="0.000000" />
  <attribute name="Loop Time for DT" value="72.000000" />
  <attribute name="Output H" value="0"/>
  <attribute name="Output I" value="0"/>
  <attribute name="Output T" value="0"/>
  <attribute name="Target GC Util Change" value ="80.000000" />
  <attribute name="Current GC Util Change" value="65.000000"/>
  <attribute name="GC Util currently" value="65" />
  <attribute name="CPU Util currently" value="12" />
<allocation-satisfied id="35" threadId="0000000001842F00" bytesRequested="2864" />
<af-end id="36" timestamp="2019-08-10T03:36:39.953" threadId="0000000001843888" success="true" from="nursery"/>
<exclusive-end id="37" timestamp="2019-08-10T03:36:39.953" durationms="10.471" />

<exclusive-start id="38" timestamp="2019-08-10T03:36:39.980" intervalms="38.370">
  <response-info timems="0.017" idlems="0.017" threads="0" lastid="0000000001842F00" lastname="main" />
</exclusive-start>
<af-start id="39" threadId="0000000001843888" totalBytesRequested="2056" timestamp="2019-08-10T03:36:39.980" intervalms="38.377" type="nursery" />
<cycle-start id="40" type="scavenge" contextid="0" timestamp="2019-08-10T03:36:39.980" intervalms="38.379" />
<gc check: start verifying slots before local gc (4)>
<gc check: finished verifying slots before local gc (4)>
<gc-start id="41" type="scavenge" contextid="40" timestamp="2019-08-10T03:36:39.985">
  <mem-info id="42" free="6047520" total="8388608" percent="72">
    <mem type="nursery" free="0" total="2097152" percent="0">
      <mem type="allocate" free="0" total="1048576" percent="0" />
      <mem type="survivor" free="0" total="1048576" percent="0" />
    </mem>
    <mem type="tenure" free="6047520" total="6291456" percent="96">
      <mem type="soa" free="5733152" total="5977088" percent="95" />
      <mem type="loa" free="314368" total="314368" percent="100" />
    </mem>
    <remembered-set count="1132" />
  </mem-info>
</gc-start>
<allocation-stats totalBytes="404496" >
  <allocated-bytes non-tlh="7256" tlh="397240" />
  <largest-consumer threadName="main" threadId="0000000001842F00" bytes="404496" />
</allocation-stats>
<gc-op id="43" type="scavenge" timems="2.999" contextid="40" timestamp="2019-08-10T03:36:39.988">
  <scavenger-info tenureage="3" tenuremask="fff8" tiltratio="50" />
  <memory-copied type="nursery" objects="754" bytes="111304" bytesdiscarded="107896" />
  <memory-copied type="tenure" objects="10386" bytes="466320" bytesdiscarded="1456" />
  <finalization candidates="14" enqueued="1" />
  <references type="soft" candidates="1" cleared="0" enqueued="0" dynamicThreshold="32" maxThreshold="32" />
  <references type="weak" candidates="60" cleared="44" enqueued="44" />
  <references type="phantom" candidates="25" cleared="9" enqueued="9" />
</gc-op>
<heap-resize id="44" type="expand" space="nursery" amount="131072" count="1" timems="0.017" reason="excessive time being spent scavenging" timestamp="2019-08-10T03:36:39.988" />
<gc-end id="45" type="scavenge" contextid="40" durationms="3.100" usertimems="4.070" systemtimems="1.588" timestamp="2019-08-10T03:36:39.988" activeThreads="16">
  <mem-info id="46" free="6381040" total="8519680" percent="74">
    <mem type="nursery" free="894824" total="2228224" percent="40">
      <mem type="allocate" free="894824" total="1114112" percent="80" />
      <mem type="survivor" free="0" total="1114112" percent="0" />
    </mem>
    <mem type="tenure" free="5486216" total="6291456" percent="87">
      <mem type="soa" free="5171848" total="5977088" percent="86" />
      <mem type="loa" free="314368" total="314368" percent="100" />
    </mem>
    <pending-finalizers system="1" default="0" reference="53" classloader="0" />
    <remembered-set count="242" />
  </mem-info>
</gc-end>
<cycle-end id="47" type="scavenge" contextid="40" timestamp="2019-08-10T03:36:39.988" />
  <attribute name="elasticGC enabled" value="1" />
  <attribute name= "numThreadsSpecified" value="16" />
  <attribute name="heapSize specified" value="0" />
  <attribute name="Current GC Util" value="31" />
  <attribute name= "Current Time Running" value="131" />
  <attribute name ="GC Interval" value="200" />
  <attribute name="ProportionalT" value="-24.500000" />
  <attribute name="ProportionalI" value="-24.500000" />
  <attribute name="ProportionalH" value="-24.500000" />
  <attribute name="Current Error" value="-49.000000" />
  <attribute name="IntegralT" value="-931.000000" />
  <attribute name="IntegralI" value="-931.000000" />
  <attribute name="IntegralH" value="-931.000000" />
  <attribute name="DerivativeT" value="-1.289474" />
  <attribute name="DerivativeI" value="-1.289474" />
  <attribute name="DerivativeH" value="-1.289474" />
  <attribute name="Loop Time for DT" value="38.000000" />
  <attribute name="Output H" value="4203675648"/>
  <attribute name="Output I" value="200"/>
  <attribute name="Output T" value="16"/>
  <attribute name="Target GC Util Change" value ="80.000000" />
  <attribute name="Current GC Util Change" value="31.000000"/>
  <attribute name="GC Util currently" value="31" />
  <attribute name="CPU Util currently" value="16" />
<allocation-satisfied id="48" threadId="0000000001842F00" bytesRequested="2056" />
<af-end id="49" timestamp="2019-08-10T03:36:39.988" threadId="0000000001843888" success="true" from="nursery"/>
<exclusive-end id="50" timestamp="2019-08-10T03:36:39.988" durationms="7.650" />

<exclusive-start id="51" timestamp="2019-08-10T03:36:40.005" intervalms="24.588">
  <response-info timems="0.013" idlems="0.013" threads="0" lastid="0000000001842F00" lastname="main" />
</exclusive-start>
<af-start id="52" threadId="0000000001843888" totalBytesRequested="2056" timestamp="2019-08-10T03:36:40.005" intervalms="24.589" type="nursery" />
<cycle-start id="53" type="scavenge" contextid="0" timestamp="2019-08-10T03:36:40.005" intervalms="24.589" />
<gc-start id="54" type="scavenge" contextid="53" timestamp="2019-08-10T03:36:40.005">
  <mem-info id="55" free="5486216" total="8519680" percent="64">
    <mem type="nursery" free="0" total="2228224" percent="0">
      <mem type="allocate" free="0" total="1114112" percent="0" />
      <mem type="survivor" free="0" total="1114112" percent="0" />
    </mem>
    <mem type="tenure" free="5486216" total="6291456" percent="87">
      <mem type="soa" free="5171848" total="5977088" percent="86" />
      <mem type="loa" free="314368" total="314368" percent="100" />
    </mem>
    <remembered-set count="242" />
  </mem-info>
</gc-start>
<allocation-stats totalBytes="883984" >
  <allocated-bytes non-tlh="2056" tlh="881928" />
  <largest-consumer threadName="main" threadId="0000000001842F00" bytes="883984" />
</allocation-stats>
<gc-op id="56" type="scavenge" timems="1.125" contextid="53" timestamp="2019-08-10T03:36:40.006">
  <scavenger-info tenureage="3" tenuremask="fff8" tiltratio="50" />
  <memory-copied type="nursery" objects="303" bytes="80592" bytesdiscarded="24576" />
  <memory-copied type="tenure" objects="321" bytes="16184" bytesdiscarded="0" />
  <finalization candidates="2" enqueued="0" />
  <references type="soft" candidates="1" cleared="0" enqueued="0" dynamicThreshold="32" maxThreshold="32" />
  <references type="weak" candidates="2" cleared="0" enqueued="0" />
  <references type="phantom" candidates="5" cleared="0" enqueued="0" />
</gc-op>
<gc-end id="57" type="scavenge" contextid="53" durationms="1.192" usertimems="0.538" systemtimems="1.310" timestamp="2019-08-10T03:36:40.006" activeThreads="16">
  <mem-info id="58" free="6478952" total="8519680" percent="76">
    <mem type="nursery" free="1008864" total="2228224" percent="45">
      <mem type="allocate" free="1008864" total="1114112" percent="90" />
      <mem type="survivor" free="0" total="1114112" percent="0" />
    </mem>
    <mem type="tenure" free="5470088" total="6291456" percent="86">
      <mem type="soa" free="5155720" total="5977088" percent="86" />
      <mem type="loa" free="314368" total="314368" percent="100" />
    </mem>
    <remembered-set count="185" />
  </mem-info>
</gc-end>
<cycle-end id="59" type="scavenge" contextid="53" timestamp="2019-08-10T03:36:40.006" />
  <attribute name="elasticGC enabled" value="1" />
  <attribute name= "numThreadsSpecified" value="16" />
  <attribute name="heapSize specified" value="0" />
  <attribute name="Current GC Util" value="50" />
  <attribute name= "Current Time Running" value="151" />
  <attribute name ="GC Interval" value="200" />
  <attribute name="ProportionalT" value="-15.000000" />
  <attribute name="ProportionalI" value="-15.000000" />
  <attribute name="ProportionalH" value="-15.000000" />
  <attribute name="Current Error" value="-30.000000" />
  <attribute name="IntegralT" value="-1231.000000" />
  <attribute name="IntegralI" value="-1231.000000" />
  <attribute name="IntegralH" value="-1231.000000" />
  <attribute name="DerivativeT" value="-1.500000" />
  <attribute name="DerivativeI" value="-1.500000" />
  <attribute name="DerivativeH" value="-1.500000" />
  <attribute name="Loop Time for DT" value="20.000000" />
  <attribute name="Output H" value="4203675648"/>
  <attribute name="Output I" value="200"/>
  <attribute name="Output T" value="16"/>
  <attribute name="Target GC Util Change" value ="80.000000" />
  <attribute name="Current GC Util Change" value="50.000000"/>
  <attribute name="GC Util currently" value="50" />
  <attribute name="CPU Util currently" value="2" />
<allocation-satisfied id="60" threadId="0000000001842F00" bytesRequested="2056" />
<af-end id="61" timestamp="2019-08-10T03:36:40.006" threadId="0000000001843888" success="true" from="nursery"/>
<exclusive-end id="62" timestamp="2019-08-10T03:36:40.006" durationms="1.327" />

<exclusive-start id="63" timestamp="2019-08-10T03:36:40.025" intervalms="19.935">
  <response-info timems="0.044" idlems="0.044" threads="0" lastid="0000000001842F00" lastname="main" />
</exclusive-start>
<af-start id="64" threadId="0000000001843888" totalBytesRequested="2056" timestamp="2019-08-10T03:36:40.025" intervalms="19.952" type="nursery" />
<cycle-start id="65" type="scavenge" contextid="0" timestamp="2019-08-10T03:36:40.025" intervalms="19.951" />
<gc-start id="66" type="scavenge" contextid="65" timestamp="2019-08-10T03:36:40.025">
  <mem-info id="67" free="5470088" total="8519680" percent="64">
    <mem type="nursery" free="0" total="2228224" percent="0">
      <mem type="allocate" free="0" total="1114112" percent="0" />
      <mem type="survivor" free="0" total="1114112" percent="0" />
    </mem>
    <mem type="tenure" free="5470088" total="6291456" percent="86">
      <mem type="soa" free="5155720" total="5977088" percent="86" />
      <mem type="loa" free="314368" total="314368" percent="100" />
    </mem>
    <remembered-set count="185" />
  </mem-info>
</gc-start>
<allocation-stats totalBytes="995448" >
  <allocated-bytes non-tlh="2056" tlh="993392" />
  <largest-consumer threadName="main" threadId="0000000001842F00" bytes="995448" />
</allocation-stats>
<gc-op id="68" type="scavenge" timems="1.226" contextid="65" timestamp="2019-08-10T03:36:40.026">
  <scavenger-info tenureage="5" tenuremask="ffe0" tiltratio="50" />
  <memory-copied type="nursery" objects="304" bytes="82648" bytesdiscarded="22520" />
  <finalization candidates="2" enqueued="0" />
  <references type="soft" candidates="1" cleared="0" enqueued="0" dynamicThreshold="32" maxThreshold="32" />
  <references type="weak" candidates="2" cleared="0" enqueued="0" />
  <references type="phantom" candidates="5" cleared="0" enqueued="0" />
</gc-op>
<gc-end id="69" type="scavenge" contextid="65" durationms="1.300" usertimems="0.764" systemtimems="1.998" timestamp="2019-08-10T03:36:40.026" activeThreads="16">
  <mem-info id="70" free="6544488" total="8519680" percent="76">
    <mem type="nursery" free="1074400" total="2228224" percent="48">
      <mem type="allocate" free="1074400" total="1179648" percent="91" />
      <mem type="survivor" free="0" total="1048576" percent="0" />
    </mem>
    <mem type="tenure" free="5470088" total="6291456" percent="86">
      <mem type="soa" free="5155720" total="5977088" percent="86" />
      <mem type="loa" free="314368" total="314368" percent="100" />
    </mem>
    <remembered-set count="115" />
  </mem-info>
</gc-end>
<cycle-end id="71" type="scavenge" contextid="65" timestamp="2019-08-10T03:36:40.026" />
  <attribute name="elasticGC enabled" value="1" />
  <attribute name= "numThreadsSpecified" value="16" />
  <attribute name="heapSize specified" value="0" />
  <attribute name="Current GC Util" value="9" />
  <attribute name= "Current Time Running" value="171" />
  <attribute name ="GC Interval" value="200" />
  <attribute name="ProportionalT" value="-35.500000" />
  <attribute name="ProportionalI" value="-35.500000" />
  <attribute name="ProportionalH" value="-35.500000" />
  <attribute name="Current Error" value="-71.000000" />
  <attribute name="IntegralT" value="-1941.000000" />
  <attribute name="IntegralI" value="-1941.000000" />
  <attribute name="IntegralH" value="-1941.000000" />
  <attribute name="DerivativeT" value="-3.550000" />
  <attribute name="DerivativeI" value="-3.550000" />
  <attribute name="DerivativeH" value="-3.550000" />
  <attribute name="Loop Time for DT" value="20.000000" />
  <attribute name="Output H" value="4203675648"/>
  <attribute name="Output I" value="200"/>
  <attribute name="Output T" value="16"/>
  <attribute name="Target GC Util Change" value ="80.000000" />
  <attribute name="Current GC Util Change" value="9.000000"/>
  <attribute name="GC Util currently" value="9" />
  <attribute name="CPU Util currently" value="57782624237" />
<allocation-satisfied id="72" threadId="0000000001842F00" bytesRequested="2056" />
<af-end id="73" timestamp="2019-08-10T03:36:40.026" threadId="0000000001843888" success="true" from="nursery"/>
<exclusive-end id="74" timestamp="2019-08-10T03:36:40.026" durationms="1.449" />

<exclusive-start id="75" timestamp="2019-08-10T03:36:40.061" intervalms="35.906">
  <response-info timems="0.103" idlems="0.103" threads="0" lastid="0000000001842F00" lastname="main" />
</exclusive-start>
<af-start id="76" threadId="0000000001843888" totalBytesRequested="165184" timestamp="2019-08-10T03:36:40.061" intervalms="35.887" type="nursery" />
<cycle-start id="77" type="scavenge" contextid="0" timestamp="2019-08-10T03:36:40.061" intervalms="35.888" />
<gc-start id="78" type="scavenge" contextid="77" timestamp="2019-08-10T03:36:40.061">
  <mem-info id="79" free="5470040" total="8519680" percent="64">
    <mem type="nursery" free="0" total="2228224" percent="0">
      <mem type="allocate" free="0" total="1179648" percent="0" />
      <mem type="survivor" free="0" total="1048576" percent="0" />
    </mem>
    <mem type="tenure" free="5470040" total="6291456" percent="86">
      <mem type="soa" free="5155672" total="5977088" percent="86" />
      <mem type="loa" free="314368" total="314368" percent="100" />
    </mem>
    <remembered-set count="116" />
  </mem-info>
</gc-start>
<allocation-stats totalBytes="1066424" >
  <allocated-bytes non-tlh="2104" tlh="1064320" />
  <largest-consumer threadName="main" threadId="0000000001842F00" bytes="1066424" />
</allocation-stats>
<gc-op id="80" type="scavenge" timems="2.106" contextid="77" timestamp="2019-08-10T03:36:40.063">
  <scavenger-info tenureage="3" tenuremask="fff8" tiltratio="52" />
  <memory-copied type="nursery" objects="35" bytes="1480" bytesdiscarded="30776" />
  <memory-copied type="tenure" objects="242" bytes="59048" bytesdiscarded="680" />
  <finalization candidates="2" enqueued="0" />
  <references type="phantom" candidates="2" cleared="0" enqueued="0" />
</gc-op>
<gc-end id="81" type="scavenge" contextid="77" durationms="2.187" usertimems="1.922" systemtimems="2.510" timestamp="2019-08-10T03:36:40.063" activeThreads="16">
  <mem-info id="82" free="6716992" total="8519680" percent="78">
    <mem type="nursery" free="1344000" total="2228224" percent="60">
      <mem type="allocate" free="1344000" total="1376256" percent="97" />
      <mem type="survivor" free="0" total="851968" percent="0" />
    </mem>
    <mem type="tenure" free="5372992" total="6291456" percent="85">
      <mem type="soa" free="5058624" total="5977088" percent="84" />
      <mem type="loa" free="314368" total="314368" percent="100" />
    </mem>
    <remembered-set count="93" />
  </mem-info>
</gc-end>
<cycle-end id="83" type="scavenge" contextid="77" timestamp="2019-08-10T03:36:40.063" />
  <attribute name="elasticGC enabled" value="1" />
  <attribute name= "numThreadsSpecified" value="16" />
  <attribute name="heapSize specified" value="0" />
  <attribute name="Current GC Util" value="5" />
  <attribute name= "Current Time Running" value="207" />
  <attribute name ="GC Interval" value="200" />
  <attribute name="ProportionalT" value="-37.500000" />
  <attribute name="ProportionalI" value="-37.500000" />
  <attribute name="ProportionalH" value="-37.500000" />
  <attribute name="Current Error" value="-75.000000" />
  <attribute name="IntegralT" value="-3291.000000" />
  <attribute name="IntegralI" value="-3291.000000" />
  <attribute name="IntegralH" value="-3291.000000" />
  <attribute name="DerivativeT" value="-2.083333" />
  <attribute name="DerivativeI" value="-2.083333" />
  <attribute name="DerivativeH" value="-2.083333" />
  <attribute name="Loop Time for DT" value="36.000000" />
  <attribute name="Output H" value="4203675648"/>
  <attribute name="Output I" value="200"/>
  <attribute name="Output T" value="16"/>
  <attribute name="Target GC Util Change" value ="80.000000" />
  <attribute name="Current GC Util Change" value="5.000000"/>
  <attribute name="GC Util currently" value="5" />
  <attribute name="CPU Util currently" value="20" />
<allocation-satisfied id="84" threadId="0000000001842F00" bytesRequested="165184" />
<af-end id="85" timestamp="2019-08-10T03:36:40.063" threadId="0000000001843888" success="true" from="nursery"/>
<exclusive-end id="86" timestamp="2019-08-10T03:36:40.063" durationms="2.353" />

<exclusive-start id="87" timestamp="2019-08-10T03:36:40.083" intervalms="22.203">
  <response-info timems="0.018" idlems="0.018" threads="0" lastid="0000000001842F00" lastname="main" />
</exclusive-start>
<sys-start reason="explicit" id="88" timestamp="2019-08-10T03:36:40.083" intervalms="287.244" />
<cycle-start id="89" type="global" contextid="0" timestamp="2019-08-10T03:36:40.083" intervalms="287.303" />
<gc-start id="90" type="global" contextid="89" timestamp="2019-08-10T03:36:40.083">
  <mem-info id="91" free="6274520" total="8519680" percent="73">
    <mem type="nursery" free="908480" total="2228224" percent="40">
      <mem type="allocate" free="908480" total="1376256" percent="66" />
      <mem type="survivor" free="0" total="851968" percent="0" />
    </mem>
    <mem type="tenure" free="5366040" total="6291456" percent="85">
      <mem type="soa" free="5051672" total="5977088" percent="84" />
      <mem type="loa" free="314368" total="314368" percent="100" />
    </mem>
    <remembered-set count="177" />
  </mem-info>
</gc-start>
<allocation-stats totalBytes="441880" >
  <allocated-bytes non-tlh="172136" tlh="269744" />
  <largest-consumer threadName="main" threadId="0000000001842F00" bytes="441880" />
</allocation-stats>
<gc-op id="92" type="mark" timems="4.477" contextid="89" timestamp="2019-08-10T03:36:40.088">
  <trace-info objectcount="17068" scancount="14060" scanbytes="450380" />
  <finalization candidates="13" enqueued="0" />
  <references type="soft" candidates="66" cleared="0" enqueued="0" dynamicThreshold="32" maxThreshold="32" />
  <references type="weak" candidates="172" cleared="43" enqueued="35" />
  <references type="phantom" candidates="37" cleared="4" enqueued="4" />
  <stringconstants candidates="2455" cleared="0"  />
</gc-op>
<gc-op id="93" type="classunload" timems="0.002" contextid="89" timestamp="2019-08-10T03:36:40.088">
  <classunload-info classloadercandidates="6" classloadersunloaded="0" classesunloaded="0" anonymousclassesunloaded="0" quiescems="0.000" setupms="0.001" scanms="0.000" postms="0.001" />
</gc-op>
<gc-op id="94" type="sweep" timems="0.968" contextid="89" timestamp="2019-08-10T03:36:40.089" />
<mem-info id="95" free="6653984" total="8519680" percent="78">
  <mem type="nursery" free="1158768" total="2228224" percent="52">
    <mem type="allocate" free="1158768" total="1376256" percent="84" />
    <mem type="survivor" free="0" total="851968" percent="0" />
  </mem>
  <mem type="tenure" free="5495216" total="6291456" percent="87" micro-fragmented="772" macro-fragmented="0">
    <mem type="soa" free="5180848" total="5977088" percent="86" />
    <mem type="loa" free="314368" total="314368" percent="100" />
  </mem>
  <pending-finalizers system="0" default="0" reference="39" classloader="0" />
  <remembered-set count="174" />
</mem-info>
<gc-op id="96" type="compact" timems="5.086" contextid="89" timestamp="2019-08-10T03:36:40.094">
  <compact-info movecount="12647" movebytes="809408" reason="compact to aid heap contraction" />
</gc-op>
<heap-resize id="97" type="expand" space="tenure" amount="4195155968" count="1" timems="0.023" reason="satisfy allocation request" timestamp="2019-08-10T03:36:40.094" />
<gc-end id="98" type="global" contextid="89" durationms="11.009" usertimems="10.861" systemtimems="6.494" timestamp="2019-08-10T03:36:40.094" activeThreads="16">
  <mem-info id="99" free="4201830424" total="4203675648" percent="99">
    <mem type="nursery" free="1175024" total="2228224" percent="52">
      <mem type="allocate" free="1175024" total="1376256" percent="85" />
      <mem type="survivor" free="0" total="851968" percent="0" />
    </mem>
    <mem type="tenure" free="4200655400" total="4201447424" percent="99">
      <mem type="soa" free="3990583848" total="3991375872" percent="99" />
      <mem type="loa" free="210071552" total="210071552" percent="100" />
    </mem>
    <pending-finalizers system="0" default="0" reference="39" classloader="0" />
    <remembered-set count="174" />
  </mem-info>
</gc-end>
<cycle-end id="100" type="global" contextid="89" timestamp="2019-08-10T03:36:40.094" />
  <attribute name="elasticGC enabled" value="1" />
  <attribute name= "numThreadsSpecified" value="16" />
  <attribute name="heapSize specified" value="8519680" />
  <attribute name="Current GC Util" value="65" />
  <attribute name= "Current Time Running" value="240" />
  <attribute name ="GC Interval" value="200" />
  <attribute name="ProportionalT" value="-7.500000" />
  <attribute name="ProportionalI" value="-7.500000" />
  <attribute name="ProportionalH" value="-7.500000" />
  <attribute name="Current Error" value="-15.000000" />
  <attribute name="IntegralT" value="-37.500000" />
  <attribute name="IntegralI" value="-37.500000" />
  <attribute name="IntegralH" value="-37.500000" />
  <attribute name="DerivativeT" value="-6.200000" />
  <attribute name="DerivativeI" value="-6.200000" />
  <attribute name="DerivativeH" value="-6.200000" />
  <attribute name="Loop Time for DT" value="5.000000" />
  <attribute name="Output H" value="4203675648"/>
  <attribute name="Output I" value="200"/>
  <attribute name="Output T" value="16"/>
  <attribute name="Target GC Util Change" value ="80.000000" />
  <attribute name="Current GC Util Change" value="65.000000"/>
  <attribute name="GC Util currently" value="65" />
  <attribute name="CPU Util currently" value="225401640941" />
<sys-end id="101" timestamp="2019-08-10T03:36:40.094" />
<exclusive-end id="102" timestamp="2019-08-10T03:36:40.094" durationms="11.183" />

===== DaCapo 9.12-MR1 avrora starting =====
<exclusive-start id="103" timestamp="2019-08-10T03:36:40.142" intervalms="58.777">
  <response-info timems="0.015" idlems="0.015" threads="0" lastid="0000000001842F00" lastname="main" />
</exclusive-start>
<af-start id="104" threadId="0000000001843888" totalBytesRequested="2064" timestamp="2019-08-10T03:36:40.142" intervalms="80.976" type="nursery" />
<cycle-start id="105" type="scavenge" contextid="0" timestamp="2019-08-10T03:36:40.142" intervalms="80.974" />
<gc-start id="106" type="scavenge" contextid="105" timestamp="2019-08-10T03:36:40.142">
  <mem-info id="107" free="4200575936" total="4203675648" percent="99">
    <mem type="nursery" free="0" total="2228224" percent="0">
      <mem type="allocate" free="0" total="1376256" percent="0" />
      <mem type="survivor" free="0" total="851968" percent="0" />
    </mem>
    <mem type="tenure" free="4200575936" total="4201447424" percent="99">
      <mem type="soa" free="3990504384" total="3991375872" percent="99" />
      <mem type="loa" free="210071552" total="210071552" percent="100" />
    </mem>
    <remembered-set count="813" />
  </mem-info>
</gc-start>
<allocation-stats totalBytes="1251064" >
  <allocated-bytes non-tlh="79464" tlh="1171600" />
  <largest-consumer threadName="main" threadId="0000000001842F00" bytes="1246968" />
</allocation-stats>
<gc-op id="108" type="scavenge" timems="2.662" contextid="105" timestamp="2019-08-10T03:36:40.145">
  <scavenger-info tenureage="3" tenuremask="ffc8" tiltratio="61" />
  <memory-copied type="nursery" objects="2432" bytes="299448" bytesdiscarded="55144" />
  <references type="soft" candidates="3" cleared="0" enqueued="0" dynamicThreshold="31" maxThreshold="32" />
  <references type="weak" candidates="34" cleared="32" enqueued="32" />
  <references type="phantom" candidates="8" cleared="0" enqueued="0" />
</gc-op>
<gc-end id="109" type="scavenge" contextid="105" durationms="2.746" usertimems="5.043" systemtimems="0.262" timestamp="2019-08-10T03:36:40.145" activeThreads="16">
  <mem-info id="110" free="4201597512" total="4203675648" percent="99">
    <mem type="nursery" free="1021576" total="2228224" percent="45">
      <mem type="allocate" free="1021576" total="1376256" percent="74" />
      <mem type="survivor" free="0" total="851968" percent="0" />
    </mem>
    <mem type="tenure" free="4200575936" total="4201447424" percent="99">
      <mem type="soa" free="3990504384" total="3991375872" percent="99" />
      <mem type="loa" free="210071552" total="210071552" percent="100" />
    </mem>
    <pending-finalizers system="0" default="0" reference="32" classloader="0" />
    <remembered-set count="808" />
  </mem-info>
</gc-end>
<cycle-end id="111" type="scavenge" contextid="105" timestamp="2019-08-10T03:36:40.145" />
  <attribute name="elasticGC enabled" value="1" />
  <attribute name= "numThreadsSpecified" value="16" />
  <attribute name="heapSize specified" value="8519680" />
  <attribute name="Current GC Util" value="12" />
  <attribute name= "Current Time Running" value="288" />
  <attribute name ="GC Interval" value="200" />
  <attribute name="ProportionalT" value="-34.000000" />
  <attribute name="ProportionalI" value="-34.000000" />
  <attribute name="ProportionalH" value="-34.000000" />
  <attribute name="Current Error" value="-68.000000" />
  <attribute name="IntegralT" value="-1632.000000" />
  <attribute name="IntegralI" value="-1632.000000" />
  <attribute name="IntegralH" value="-1632.000000" />
  <attribute name="DerivativeT" value="-1.416667" />
  <attribute name="DerivativeI" value="-1.416667" />
  <attribute name="DerivativeH" value="-1.416667" />
  <attribute name="Loop Time for DT" value="48.000000" />
  <attribute name="Output H" value="4203675648"/>
  <attribute name="Output I" value="200"/>
  <attribute name="Output T" value="16"/>
  <attribute name="Target GC Util Change" value ="80.000000" />
  <attribute name="Current GC Util Change" value="12.000000"/>
  <attribute name="GC Util currently" value="12" />
  <attribute name="CPU Util currently" value="13" />
<allocation-satisfied id="112" threadId="0000000001842F00" bytesRequested="2064" />
<af-end id="113" timestamp="2019-08-10T03:36:40.145" threadId="0000000001843888" success="true" from="nursery"/>
<exclusive-end id="114" timestamp="2019-08-10T03:36:40.145" durationms="2.924" />

<exclusive-start id="115" timestamp="2019-08-10T03:36:40.169" intervalms="27.383">
  <response-info timems="0.054" idlems="0.054" threads="0" lastid="0000000001842F00" lastname="main" />
</exclusive-start>
<af-start id="116" threadId="0000000001843888" totalBytesRequested="1368" timestamp="2019-08-10T03:36:40.169" intervalms="27.386" type="nursery" />
<cycle-start id="117" type="scavenge" contextid="0" timestamp="2019-08-10T03:36:40.169" intervalms="27.389" />
<gc-start id="118" type="scavenge" contextid="117" timestamp="2019-08-10T03:36:40.169">
  <mem-info id="119" free="4200556248" total="4203675648" percent="99">
    <mem type="nursery" free="0" total="2228224" percent="0">
      <mem type="allocate" free="0" total="1376256" percent="0" />
      <mem type="survivor" free="0" total="851968" percent="0" />
    </mem>
    <mem type="tenure" free="4200556248" total="4201447424" percent="99">
      <mem type="soa" free="3990484696" total="3991375872" percent="99" />
      <mem type="loa" free="210071552" total="210071552" percent="100" />
    </mem>
    <remembered-set count="1019" />
  </mem-info>
</gc-start>
<allocation-stats totalBytes="1002112" >
  <allocated-bytes non-tlh="21752" tlh="980360" />
  <largest-consumer threadName="main" threadId="0000000001842F00" bytes="1002112" />
</allocation-stats>
<gc-op id="120" type="scavenge" timems="0.932" contextid="117" timestamp="2019-08-10T03:36:40.170">
  <scavenger-info tenureage="3" tenuremask="fff8" tiltratio="61" />
  <memory-copied type="nursery" objects="2490" bytes="354672" bytesdiscarded="60648" />
  <references type="soft" candidates="3" cleared="0" enqueued="0" dynamicThreshold="31" maxThreshold="32" />
  <references type="weak" candidates="3" cleared="1" enqueued="1" />
  <references type="phantom" candidates="8" cleared="0" enqueued="0" />
</gc-op>
<gc-end id="121" type="scavenge" contextid="117" durationms="1.009" usertimems="0.462" systemtimems="1.255" timestamp="2019-08-10T03:36:40.170" activeThreads="16">
  <mem-info id="122" free="4201713704" total="4203675648" percent="99">
    <mem type="nursery" free="1157456" total="2228224" percent="51">
      <mem type="allocate" free="1157456" total="1572864" percent="73" />
      <mem type="survivor" free="0" total="655360" percent="0" />
    </mem>
    <mem type="tenure" free="4200556248" total="4201447424" percent="99">
      <mem type="soa" free="3990484696" total="3991375872" percent="99" />
      <mem type="loa" free="210071552" total="210071552" percent="100" />
    </mem>
    <pending-finalizers system="0" default="0" reference="1" classloader="0" />
    <remembered-set count="1014" />
  </mem-info>
</gc-end>
<cycle-end id="123" type="scavenge" contextid="117" timestamp="2019-08-10T03:36:40.170" />
  <attribute name="elasticGC enabled" value="1" />
  <attribute name= "numThreadsSpecified" value="16" />
  <attribute name="heapSize specified" value="8519680" />
  <attribute name="Current GC Util" value="19" />
  <attribute name= "Current Time Running" value="316" />
  <attribute name ="GC Interval" value="200" />
  <attribute name="ProportionalT" value="-30.500000" />
  <attribute name="ProportionalI" value="-30.500000" />
  <attribute name="ProportionalH" value="-30.500000" />
  <attribute name="Current Error" value="-61.000000" />
  <attribute name="IntegralT" value="-854.000000" />
  <attribute name="IntegralI" value="-854.000000" />
  <attribute name="IntegralH" value="-854.000000" />
  <attribute name="DerivativeT" value="-2.178571" />
  <attribute name="DerivativeI" value="-2.178571" />
  <attribute name="DerivativeH" value="-2.178571" />
  <attribute name="Loop Time for DT" value="28.000000" />
  <attribute name="Output H" value="4203675648"/>
  <attribute name="Output I" value="200"/>
  <attribute name="Output T" value="16"/>
  <attribute name="Target GC Util Change" value ="80.000000" />
  <attribute name="Current GC Util Change" value="19.000000"/>
  <attribute name="GC Util currently" value="19" />
  <attribute name="CPU Util currently" value="4" />
<allocation-satisfied id="124" threadId="0000000001842F00" bytesRequested="1368" />
<af-end id="125" timestamp="2019-08-10T03:36:40.170" threadId="0000000001843888" success="true" from="nursery"/>
<exclusive-end id="126" timestamp="2019-08-10T03:36:40.170" durationms="1.185" />

<exclusive-start id="127" timestamp="2019-08-10T03:36:40.230" intervalms="61.209">
  <response-info timems="0.015" idlems="0.015" threads="0" lastid="0000000001842F00" lastname="main" />
</exclusive-start>
<af-start id="128" threadId="0000000001843888" totalBytesRequested="40" timestamp="2019-08-10T03:36:40.230" intervalms="61.208" type="nursery" />
<cycle-start id="129" type="scavenge" contextid="0" timestamp="2019-08-10T03:36:40.230" intervalms="61.207" />
<gc-start id="130" type="scavenge" contextid="129" timestamp="2019-08-10T03:36:40.231">
  <mem-info id="131" free="4200542560" total="4203675648" percent="99">
    <mem type="nursery" free="0" total="2228224" percent="0">
      <mem type="allocate" free="0" total="1572864" percent="0" />
      <mem type="survivor" free="0" total="655360" percent="0" />
    </mem>
    <mem type="tenure" free="4200542560" total="4201447424" percent="99">
      <mem type="soa" free="3990471008" total="3991375872" percent="99" />
      <mem type="loa" free="210071552" total="210071552" percent="100" />
    </mem>
    <remembered-set count="1216" />
  </mem-info>
</gc-start>
<allocation-stats totalBytes="1169480" >
  <allocated-bytes non-tlh="76088" tlh="1093392" />
  <largest-consumer threadName="main" threadId="0000000001842F00" bytes="1169480" />
</allocation-stats>
<gc-op id="132" type="scavenge" timems="1.912" contextid="129" timestamp="2019-08-10T03:36:40.232">
  <scavenger-info tenureage="3" tenuremask="fff8" tiltratio="70" />
  <memory-copied type="nursery" objects="16553" bytes="639408" bytesdiscarded="15896" />
  <memory-copied type="tenure" objects="4749" bytes="270616" bytesdiscarded="16" />
  <copy-failed type="nursery" objects="4722" bytes="269384" />
  <references type="soft" candidates="3" cleared="0" enqueued="0" dynamicThreshold="31" maxThreshold="32" />
  <references type="weak" candidates="3" cleared="2" enqueued="2" />
  <references type="phantom" candidates="7" cleared="2" enqueued="2" />
</gc-op>
<gc-end id="133" type="scavenge" contextid="129" durationms="2.000" usertimems="1.146" systemtimems="4.004" timestamp="2019-08-10T03:36:40.233" activeThreads="16">
  <mem-info id="134" free="4200537376" total="4203675648" percent="99">
    <mem type="nursery" free="458752" total="2228224" percent="20">
      <mem type="allocate" free="458752" total="1114112" percent="41" />
      <mem type="survivor" free="0" total="1114112" percent="0" />
    </mem>
    <mem type="tenure" free="4200078624" total="4201447424" percent="99">
      <mem type="soa" free="3990007072" total="3991375872" percent="99" />
      <mem type="loa" free="210071552" total="210071552" percent="100" />
    </mem>
    <pending-finalizers system="0" default="0" reference="4" classloader="0" />
    <remembered-set count="5371" />
  </mem-info>
</gc-end>
<cycle-end id="135" type="scavenge" contextid="129" timestamp="2019-08-10T03:36:40.233" />
  <attribute name="elasticGC enabled" value="1" />
  <attribute name= "numThreadsSpecified" value="16" />
  <attribute name="heapSize specified" value="8519680" />
  <attribute name="Current GC Util" value="3" />
  <attribute name= "Current Time Running" value="377" />
  <attribute name ="GC Interval" value="200" />
  <attribute name="ProportionalT" value="-38.500000" />
  <attribute name="ProportionalI" value="-38.500000" />
  <attribute name="ProportionalH" value="-38.500000" />
  <attribute name="Current Error" value="-77.000000" />
  <attribute name="IntegralT" value="-2348.500000" />
  <attribute name="IntegralI" value="-2348.500000" />
  <attribute name="IntegralH" value="-2348.500000" />
  <attribute name="DerivativeT" value="-1.262295" />
  <attribute name="DerivativeI" value="-1.262295" />
  <attribute name="DerivativeH" value="-1.262295" />
  <attribute name="Loop Time for DT" value="61.000000" />
  <attribute name="Output H" value="4203675648"/>
  <attribute name="Output I" value="200"/>
  <attribute name="Output T" value="16"/>
  <attribute name="Target GC Util Change" value ="80.000000" />
  <attribute name="Current GC Util Change" value="3.000000"/>
  <attribute name="GC Util currently" value="3" />
  <attribute name="CPU Util currently" value="10" />
<allocation-satisfied id="136" threadId="0000000001842F00" bytesRequested="40" />
<af-end id="137" timestamp="2019-08-10T03:36:40.233" threadId="0000000001843888" success="true" from="nursery"/>
<exclusive-end id="138" timestamp="2019-08-10T03:36:40.233" durationms="2.167" />

<exclusive-start id="139" timestamp="2019-08-10T03:36:40.247" intervalms="16.878">
  <response-info timems="0.015" idlems="0.015" threads="0" lastid="0000000001842F00" lastname="main" />
</exclusive-start>
<af-start id="140" threadId="0000000001843888" totalBytesRequested="16" timestamp="2019-08-10T03:36:40.247" intervalms="16.874" type="nursery" />
<cycle-start id="141" type="scavenge" contextid="0" timestamp="2019-08-10T03:36:40.247" intervalms="16.872" />
<gc-start id="142" type="scavenge" contextid="141" timestamp="2019-08-10T03:36:40.247">
  <mem-info id="143" free="4200078592" total="4203675648" percent="99">
    <mem type="nursery" free="0" total="2228224" percent="0">
      <mem type="allocate" free="0" total="1114112" percent="0" />
      <mem type="survivor" free="0" total="1114112" percent="0" />
    </mem>
    <mem type="tenure" free="4200078592" total="4201447424" percent="99">
      <mem type="soa" free="3990007040" total="3991375872" percent="99" />
      <mem type="loa" free="210071552" total="210071552" percent="100" />
    </mem>
    <remembered-set count="5373" />
  </mem-info>
</gc-start>
<allocation-stats totalBytes="458664" >
  <allocated-bytes non-tlh="67352" tlh="391312" />
  <largest-consumer threadName="main" threadId="0000000001842F00" bytes="458664" />
</allocation-stats>
<gc-op id="144" type="scavenge" timems="1.951" contextid="141" timestamp="2019-08-10T03:36:40.249">
  <scavenger-info tenureage="3" tenuremask="ffe8" tiltratio="50" />
  <memory-copied type="nursery" objects="23835" bytes="833032" bytesdiscarded="170528" />
  <memory-copied type="tenure" objects="2198" bytes="122848" bytesdiscarded="8" />
  <references type="phantom" candidates="3" cleared="2" enqueued="2" />
</gc-op>
<gc-end id="145" type="scavenge" contextid="141" durationms="2.060" usertimems="4.943" systemtimems="1.278" timestamp="2019-08-10T03:36:40.249" activeThreads="16">
  <mem-info id="146" free="4200031344" total="4203675648" percent="99">
    <mem type="nursery" free="110544" total="2228224" percent="4">
      <mem type="allocate" free="110544" total="1114112" percent="9" />
      <mem type="survivor" free="0" total="1114112" percent="0" />
    </mem>
    <mem type="tenure" free="4199920800" total="4201447424" percent="99">
      <mem type="soa" free="3989849248" total="3991375872" percent="99" />
      <mem type="loa" free="210071552" total="210071552" percent="100" />
    </mem>
    <pending-finalizers system="0" default="0" reference="2" classloader="0" />
    <remembered-set count="5113" />
  </mem-info>
</gc-end>
<cycle-end id="147" type="scavenge" contextid="141" timestamp="2019-08-10T03:36:40.249" />
  <attribute name="elasticGC enabled" value="1" />
  <attribute name= "numThreadsSpecified" value="16" />
  <attribute name="heapSize specified" value="8519680" />
  <attribute name="Current GC Util" value="31" />
  <attribute name= "Current Time Running" value="394" />
  <attribute name ="GC Interval" value="200" />
  <attribute name="ProportionalT" value="-24.500000" />
  <attribute name="ProportionalI" value="-24.500000" />
  <attribute name="ProportionalH" value="-24.500000" />
  <attribute name="Current Error" value="-49.000000" />
  <attribute name="IntegralT" value="-416.500000" />
  <attribute name="IntegralI" value="-416.500000" />
  <attribute name="IntegralH" value="-416.500000" />
  <attribute name="DerivativeT" value="-2.882353" />
  <attribute name="DerivativeI" value="-2.882353" />
  <attribute name="DerivativeH" value="-2.882353" />
  <attribute name="Loop Time for DT" value="17.000000" />
  <attribute name="Output H" value="4203675648"/>
  <attribute name="Output I" value="200"/>
  <attribute name="Output T" value="16"/>
  <attribute name="Target GC Util Change" value ="80.000000" />
  <attribute name="Current GC Util Change" value="31.000000"/>
  <attribute name="GC Util currently" value="31" />
  <attribute name="CPU Util currently" value="68348585415" />
<allocation-satisfied id="148" threadId="0000000001842F00" bytesRequested="16" />
<af-end id="149" timestamp="2019-08-10T03:36:40.250" threadId="0000000001843888" success="true" from="nursery"/>
<exclusive-end id="150" timestamp="2019-08-10T03:36:40.250" durationms="2.198" />

<exclusive-start id="151" timestamp="2019-08-10T03:36:40.254" intervalms="6.622">
  <response-info timems="0.032" idlems="0.032" threads="0" lastid="0000000001842F00" lastname="main" />
</exclusive-start>
<af-start id="152" threadId="0000000001843888" totalBytesRequested="24" timestamp="2019-08-10T03:36:40.254" intervalms="6.617" type="nursery" />
<cycle-start id="153" type="scavenge" contextid="0" timestamp="2019-08-10T03:36:40.254" intervalms="6.617" />
<gc-start id="154" type="scavenge" contextid="153" timestamp="2019-08-10T03:36:40.254">
  <mem-info id="155" free="4199920800" total="4203675648" percent="99">
    <mem type="nursery" free="0" total="2228224" percent="0">
      <mem type="allocate" free="0" total="1114112" percent="0" />
      <mem type="survivor" free="0" total="1114112" percent="0" />
    </mem>
    <mem type="tenure" free="4199920800" total="4201447424" percent="99">
      <mem type="soa" free="3989849248" total="3991375872" percent="99" />
      <mem type="loa" free="210071552" total="210071552" percent="100" />
    </mem>
    <remembered-set count="5114" />
  </mem-info>
</gc-start>
<allocation-stats totalBytes="110544" >
  <allocated-bytes non-tlh="16" tlh="110528" />
  <largest-consumer threadName="main" threadId="0000000001842F00" bytes="110544" />
</allocation-stats>
<gc-op id="156" type="scavenge" timems="2.384" contextid="153" timestamp="2019-08-10T03:36:40.256">
  <scavenger-info tenureage="3" tenuremask="ffe8" tiltratio="50" />
  <memory-copied type="nursery" objects="26609" bytes="867984" bytesdiscarded="203312" />
  <memory-copied type="tenure" objects="100" bytes="48568" bytesdiscarded="0" />
  <references type="phantom" candidates="1" cleared="1" enqueued="1" />
</gc-op>
<gc-end id="157" type="scavenge" contextid="153" durationms="2.454" usertimems="6.915" systemtimems="0.871" timestamp="2019-08-10T03:36:40.256" activeThreads="16">
  <mem-info id="158" free="4199926704" total="4203675648" percent="99">
    <mem type="nursery" free="42808" total="2228224" percent="1">
      <mem type="allocate" free="42808" total="1114112" percent="3" />
      <mem type="survivor" free="0" total="1114112" percent="0" />
    </mem>
    <mem type="tenure" free="4199883896" total="4201447424" percent="99">
      <mem type="soa" free="3989812344" total="3991375872" percent="99" />
      <mem type="loa" free="210071552" total="210071552" percent="100" />
    </mem>
    <pending-finalizers system="0" default="0" reference="1" classloader="0" />
    <remembered-set count="4915" />
  </mem-info>
</gc-end>
<cycle-end id="159" type="scavenge" contextid="153" timestamp="2019-08-10T03:36:40.256" />
  <attribute name="elasticGC enabled" value="1" />
  <attribute name= "numThreadsSpecified" value="16" />
  <attribute name="heapSize specified" value="8519680" />
  <attribute name="Current GC Util" value="92" />
  <attribute name= "Current Time Running" value="400" />
  <attribute name ="GC Interval" value="200" />
  <attribute name="ProportionalT" value="6.000000" />
  <attribute name="ProportionalI" value="6.000000" />
  <attribute name="ProportionalH" value="6.000000" />
  <attribute name="Current Error" value="12.000000" />
  <attribute name="IntegralT" value="36.000000" />
  <attribute name="IntegralI" value="36.000000" />
  <attribute name="IntegralH" value="36.000000" />
  <attribute name="DerivativeT" value="2.000000" />
  <attribute name="DerivativeI" value="2.000000" />
  <attribute name="DerivativeH" value="2.000000" />
  <attribute name="Loop Time for DT" value="6.000000" />
  <attribute name="Output H" value="8388608"/>
  <attribute name="Output I" value="200"/>
  <attribute name="Output T" value="16"/>
  <attribute name="Target GC Util Change" value ="80.000000" />
  <attribute name="Current GC Util Change" value="92.000000"/>
  <attribute name="GC Util currently" value="92" />
  <attribute name="CPU Util currently" value="174543167510" />
<allocation-satisfied id="160" threadId="0000000001842F00" bytesRequested="24" />
<af-end id="161" timestamp="2019-08-10T03:36:40.257" threadId="0000000001843888" success="true" from="nursery"/>
<exclusive-end id="162" timestamp="2019-08-10T03:36:40.257" durationms="2.605" />

<exclusive-start id="163" timestamp="2019-08-10T03:36:40.258" intervalms="3.908">
  <response-info timems="0.066" idlems="0.066" threads="0" lastid="0000000001842F00" lastname="main" />
</exclusive-start>
<af-start id="164" threadId="0000000001843888" totalBytesRequested="9896" timestamp="2019-08-10T03:36:40.258" intervalms="3.899" type="nursery" />
<cycle-start id="165" type="scavenge" contextid="0" timestamp="2019-08-10T03:36:40.258" intervalms="3.895" />
<gc-start id="166" type="scavenge" contextid="165" timestamp="2019-08-10T03:36:40.258">
  <mem-info id="167" free="4199883896" total="4203675648" percent="99">
    <mem type="nursery" free="0" total="2228224" percent="0">
      <mem type="allocate" free="0" total="1114112" percent="0" />
      <mem type="survivor" free="0" total="1114112" percent="0" />
    </mem>
    <mem type="tenure" free="4199883896" total="4201447424" percent="99">
      <mem type="soa" free="3989812344" total="3991375872" percent="99" />
      <mem type="loa" free="210071552" total="210071552" percent="100" />
    </mem>
    <remembered-set count="4917" />
  </mem-info>
</gc-start>
<allocation-stats totalBytes="41880" >
  <allocated-bytes non-tlh="24" tlh="41856" />
  <largest-consumer threadName="main" threadId="0000000001842F00" bytes="41880" />
</allocation-stats>
<gc-op id="168" type="scavenge" timems="2.355" contextid="165" timestamp="2019-08-10T03:36:40.260">
  <scavenger-info tenureage="2" tenuremask="fffc" tiltratio="50" />
  <memory-copied type="nursery" objects="2871" bytes="75656" bytesdiscarded="91000" />
  <memory-copied type="tenure" objects="23654" bytes="781624" bytesdiscarded="400" />
  <references type="phantom" candidates="1" cleared="0" enqueued="0" />
</gc-op>
<gc-end id="169" type="scavenge" contextid="165" durationms="2.426" usertimems="3.052" systemtimems="2.447" timestamp="2019-08-10T03:36:40.260" activeThreads="16">
  <mem-info id="170" free="4200073280" total="4203675648" percent="99">
    <mem type="nursery" free="947456" total="2228224" percent="42">
      <mem type="allocate" free="947456" total="1114112" percent="85" />
      <mem type="survivor" free="0" total="1114112" percent="0" />
    </mem>
    <mem type="tenure" free="4199125824" total="4201447424" percent="99">
      <mem type="soa" free="3989054272" total="3991375872" percent="99" />
      <mem type="loa" free="210071552" total="210071552" percent="100" />
    </mem>
    <remembered-set count="95" />
  </mem-info>
</gc-end>
<cycle-end id="171" type="scavenge" contextid="165" timestamp="2019-08-10T03:36:40.260" />
  <attribute name="elasticGC enabled" value="1" />
  <attribute name= "numThreadsSpecified" value="16" />
  <attribute name="heapSize specified" value="8519680" />
  <attribute name="Current GC Util" value="202" />
  <attribute name= "Current Time Running" value="404" />
  <attribute name ="GC Interval" value="336" />
  <attribute name="ProportionalT" value="61.000000" />
  <attribute name="ProportionalI" value="61.000000" />
  <attribute name="ProportionalH" value="61.000000" />
  <attribute name="Current Error" value="122.000000" />
  <attribute name="IntegralT" value="244.000000" />
  <attribute name="IntegralI" value="244.000000" />
  <attribute name="IntegralH" value="244.000000" />
  <attribute name="DerivativeT" value="27.500000" />
  <attribute name="DerivativeI" value="27.500000" />
  <attribute name="DerivativeH" value="27.500000" />
  <attribute name="Loop Time for DT" value="4.000000" />
  <attribute name="Output H" value="8388608"/>
  <attribute name="Output I" value="336"/>
  <attribute name="Output T" value="16"/>
  <attribute name="Target GC Util Change" value ="80.000000" />
  <attribute name="Current GC Util Change" value="202.000000"/>
  <attribute name="GC Util currently" value="202" />
  <attribute name="CPU Util currently" value="296426646901" />
<allocation-satisfied id="172" threadId="0000000001842F00" bytesRequested="9896" />
<af-end id="173" timestamp="2019-08-10T03:36:40.260" threadId="0000000001843888" success="true" from="nursery"/>
<exclusive-end id="174" timestamp="2019-08-10T03:36:40.260" durationms="2.549" />

<exclusive-start id="175" timestamp="2019-08-10T03:36:40.306" intervalms="47.740">
  <response-info timems="0.036" idlems="0.036" threads="0" lastid="0000000001842F00" lastname="main" />
</exclusive-start>
<af-start id="176" threadId="0000000001843888" totalBytesRequested="24" timestamp="2019-08-10T03:36:40.306" intervalms="47.767" type="nursery" />
<cycle-start id="177" type="scavenge" contextid="0" timestamp="2019-08-10T03:36:40.306" intervalms="47.779" />
<gc-start id="178" type="scavenge" contextid="177" timestamp="2019-08-10T03:36:40.306">
  <mem-info id="179" free="4199125784" total="4203675648" percent="99">
    <mem type="nursery" free="0" total="2228224" percent="0">
      <mem type="allocate" free="0" total="1114112" percent="0" />
      <mem type="survivor" free="0" total="1114112" percent="0" />
    </mem>
    <mem type="tenure" free="4199125784" total="4201447424" percent="99">
      <mem type="soa" free="3989054232" total="3991375872" percent="99" />
      <mem type="loa" free="210071552" total="210071552" percent="100" />
    </mem>
    <remembered-set count="100" />
  </mem-info>
</gc-start>
<allocation-stats totalBytes="947232" >
  <allocated-bytes non-tlh="181256" tlh="765976" />
  <largest-consumer threadName="main" threadId="0000000001842F00" bytes="947232" />
</allocation-stats>
<gc-op id="180" type="scavenge" timems="1.990" contextid="177" timestamp="2019-08-10T03:36:40.308">
  <scavenger-info tenureage="5" tenuremask="ffe0" tiltratio="50" />
  <memory-copied type="nursery" objects="22996" bytes="783808" bytesdiscarded="106240" />
  <references type="phantom" candidates="4" cleared="3" enqueued="3" />
</gc-op>
<gc-end id="181" type="scavenge" contextid="177" durationms="2.189" usertimems="1.683" systemtimems="4.554" timestamp="2019-08-10T03:36:40.308" activeThreads="16">
  <mem-info id="182" free="4199349848" total="4203675648" percent="99">
    <mem type="nursery" free="224064" total="2228224" percent="10">
      <mem type="allocate" free="224064" total="1114112" percent="20" />
      <mem type="survivor" free="0" total="1114112" percent="0" />
    </mem>
    <mem type="tenure" free="4199125784" total="4201447424" percent="99">
      <mem type="soa" free="3989054232" total="3991375872" percent="99" />
      <mem type="loa" free="210071552" total="210071552" percent="100" />
    </mem>
    <pending-finalizers system="0" default="0" reference="3" classloader="0" />
    <remembered-set count="100" />
  </mem-info>
</gc-end>
<cycle-end id="183" type="scavenge" contextid="177" timestamp="2019-08-10T03:36:40.308" />
  <attribute name="elasticGC enabled" value="1" />
  <attribute name= "numThreadsSpecified" value="16" />
  <attribute name="heapSize specified" value="8519680" />
  <attribute name="Current GC Util" value="11" />
  <attribute name= "Current Time Running" value="452" />
  <attribute name ="GC Interval" value="200" />
  <attribute name="ProportionalT" value="-34.500000" />
  <attribute name="ProportionalI" value="-34.500000" />
  <attribute name="ProportionalH" value="-34.500000" />
  <attribute name="Current Error" value="-69.000000" />
  <attribute name="IntegralT" value="-1656.000000" />
  <attribute name="IntegralI" value="-1656.000000" />
  <attribute name="IntegralH" value="-1656.000000" />
  <attribute name="DerivativeT" value="-3.979167" />
  <attribute name="DerivativeI" value="-3.979167" />
  <attribute name="DerivativeH" value="-3.979167" />
  <attribute name="Loop Time for DT" value="48.000000" />
  <attribute name="Output H" value="4203675648"/>
  <attribute name="Output I" value="200"/>
  <attribute name="Output T" value="16"/>
  <attribute name="Target GC Util Change" value ="80.000000" />
  <attribute name="Current GC Util Change" value="11.000000"/>
  <attribute name="GC Util currently" value="11" />
  <attribute name="CPU Util currently" value="5" />
<allocation-satisfied id="184" threadId="0000000001842F00" bytesRequested="24" />
<af-end id="185" timestamp="2019-08-10T03:36:40.308" threadId="0000000001843888" success="true" from="nursery"/>
<exclusive-end id="186" timestamp="2019-08-10T03:36:40.308" durationms="2.392" />

<exclusive-start id="187" timestamp="2019-08-10T03:36:40.318" intervalms="12.425">
  <response-info timems="0.034" idlems="0.034" threads="0" lastid="0000000001842F00" lastname="main" />
</exclusive-start>
<af-start id="188" threadId="0000000001843888" totalBytesRequested="136" timestamp="2019-08-10T03:36:40.318" intervalms="12.409" type="nursery" />
<cycle-start id="189" type="scavenge" contextid="0" timestamp="2019-08-10T03:36:40.318" intervalms="12.401" />
<gc-start id="190" type="scavenge" contextid="189" timestamp="2019-08-10T03:36:40.318">
  <mem-info id="191" free="4199125784" total="4203675648" percent="99">
    <mem type="nursery" free="0" total="2228224" percent="0">
      <mem type="allocate" free="0" total="1114112" percent="0" />
      <mem type="survivor" free="0" total="1114112" percent="0" />
    </mem>
    <mem type="tenure" free="4199125784" total="4201447424" percent="99">
      <mem type="soa" free="3989054232" total="3991375872" percent="99" />
      <mem type="loa" free="210071552" total="210071552" percent="100" />
    </mem>
    <remembered-set count="101" />
  </mem-info>
</gc-start>
<allocation-stats totalBytes="224040" >
  <allocated-bytes non-tlh="24" tlh="224016" />
  <largest-consumer threadName="main" threadId="0000000001842F00" bytes="224040" />
</allocation-stats>
<gc-op id="192" type="scavenge" timems="1.504" contextid="189" timestamp="2019-08-10T03:36:40.320">
  <scavenger-info tenureage="3" tenuremask="fff8" tiltratio="50" />
  <memory-copied type="nursery" objects="26940" bytes="877080" bytesdiscarded="88720" />
  <memory-copied type="tenure" objects="2250" bytes="54600" bytesdiscarded="8" />
  <references type="phantom" candidates="1" cleared="1" enqueued="1" />
</gc-op>
<gc-end id="193" type="scavenge" contextid="189" durationms="1.584" usertimems="5.794" systemtimems="0.000" timestamp="2019-08-10T03:36:40.320" activeThreads="16">
  <mem-info id="194" free="4199211120" total="4203675648" percent="99">
    <mem type="nursery" free="148312" total="2228224" percent="6">
      <mem type="allocate" free="148312" total="1114112" percent="13" />
      <mem type="survivor" free="0" total="1114112" percent="0" />
    </mem>
    <mem type="tenure" free="4199062808" total="4201447424" percent="99">
      <mem type="soa" free="3988991256" total="3991375872" percent="99" />
      <mem type="loa" free="210071552" total="210071552" percent="100" />
    </mem>
    <pending-finalizers system="0" default="0" reference="1" classloader="0" />
    <remembered-set count="131" />
  </mem-info>
</gc-end>
<cycle-end id="195" type="scavenge" contextid="189" timestamp="2019-08-10T03:36:40.320" />
  <attribute name="elasticGC enabled" value="1" />
  <attribute name= "numThreadsSpecified" value="16" />
  <attribute name="heapSize specified" value="8519680" />
  <attribute name="Current GC Util" value="51" />
  <attribute name= "Current Time Running" value="464" />
  <attribute name ="GC Interval" value="200" />
  <attribute name="ProportionalT" value="-14.500000" />
  <attribute name="ProportionalI" value="-14.500000" />
  <attribute name="ProportionalH" value="-14.500000" />
  <attribute name="Current Error" value="-29.000000" />
  <attribute name="IntegralT" value="-174.000000" />
  <attribute name="IntegralI" value="-174.000000" />
  <attribute name="IntegralH" value="-174.000000" />
  <attribute name="DerivativeT" value="-2.416667" />
  <attribute name="DerivativeI" value="-2.416667" />
  <attribute name="DerivativeH" value="-2.416667" />
  <attribute name="Loop Time for DT" value="12.000000" />
  <attribute name="Output H" value="4203675648"/>
  <attribute name="Output I" value="200"/>
  <attribute name="Output T" value="16"/>
  <attribute name="Target GC Util Change" value ="80.000000" />
  <attribute name="Current GC Util Change" value="51.000000"/>
  <attribute name="GC Util currently" value="51" />
  <attribute name="CPU Util currently" value="93244777175" />
<allocation-satisfied id="196" threadId="0000000001842F00" bytesRequested="136" />
<af-end id="197" timestamp="2019-08-10T03:36:40.320" threadId="0000000001843888" success="true" from="nursery"/>
<exclusive-end id="198" timestamp="2019-08-10T03:36:40.320" durationms="1.733" />

<exclusive-start id="199" timestamp="2019-08-10T03:36:40.323" intervalms="5.065">
  <response-info timems="0.044" idlems="0.044" threads="0" lastid="0000000001842F00" lastname="main" />
</exclusive-start>
<af-start id="200" threadId="0000000001843888" totalBytesRequested="24" timestamp="2019-08-10T03:36:40.323" intervalms="5.062" type="nursery" />
<cycle-start id="201" type="scavenge" contextid="0" timestamp="2019-08-10T03:36:40.323" intervalms="5.064" />
<gc-start id="202" type="scavenge" contextid="201" timestamp="2019-08-10T03:36:40.323">
  <mem-info id="203" free="4199062808" total="4203675648" percent="99">
    <mem type="nursery" free="0" total="2228224" percent="0">
      <mem type="allocate" free="0" total="1114112" percent="0" />
      <mem type="survivor" free="0" total="1114112" percent="0" />
    </mem>
    <mem type="tenure" free="4199062808" total="4201447424" percent="99">
      <mem type="soa" free="3988991256" total="3991375872" percent="99" />
      <mem type="loa" free="210071552" total="210071552" percent="100" />
    </mem>
    <remembered-set count="133" />
  </mem-info>
</gc-start>
<allocation-stats totalBytes="148304" >
  <allocated-bytes non-tlh="40520" tlh="107784" />
  <largest-consumer threadName="main" threadId="0000000001842F00" bytes="148304" />
</allocation-stats>
<gc-op id="204" type="scavenge" timems="1.694" contextid="201" timestamp="2019-08-10T03:36:40.325">
  <scavenger-info tenureage="2" tenuremask="fffc" tiltratio="50" />
  <memory-copied type="nursery" objects="9852" bytes="291408" bytesdiscarded="176104" />
  <memory-copied type="tenure" objects="20658" bytes="709640" bytesdiscarded="528" />
  <references type="phantom" candidates="1" cleared="0" enqueued="0" />
</gc-op>
<gc-end id="205" type="scavenge" contextid="201" durationms="1.779" usertimems="4.683" systemtimems="2.686" timestamp="2019-08-10T03:36:40.325" activeThreads="16">
  <mem-info id="206" free="4198986544" total="4203675648" percent="99">
    <mem type="nursery" free="646600" total="2228224" percent="29">
      <mem type="allocate" free="646600" total="1114112" percent="58" />
      <mem type="survivor" free="0" total="1114112" percent="0" />
    </mem>
    <mem type="tenure" free="4198339944" total="4201447424" percent="99">
      <mem type="soa" free="3988268392" total="3991375872" percent="99" />
      <mem type="loa" free="210071552" total="210071552" percent="100" />
    </mem>
    <remembered-set count="94" />
  </mem-info>
</gc-end>
<cycle-end id="207" type="scavenge" contextid="201" timestamp="2019-08-10T03:36:40.325" />
  <attribute name="elasticGC enabled" value="1" />
  <attribute name= "numThreadsSpecified" value="16" />
  <attribute name="heapSize specified" value="8519680" />
  <attribute name="Current GC Util" value="116" />
  <attribute name= "Current Time Running" value="469" />
  <attribute name ="GC Interval" value="200" />
  <attribute name="ProportionalT" value="18.000000" />
  <attribute name="ProportionalI" value="18.000000" />
  <attribute name="ProportionalH" value="18.000000" />
  <attribute name="Current Error" value="36.000000" />
  <attribute name="IntegralT" value="90.000000" />
  <attribute name="IntegralI" value="90.000000" />
  <attribute name="IntegralH" value="90.000000" />
  <attribute name="DerivativeT" value="7.200000" />
  <attribute name="DerivativeI" value="7.200000" />
  <attribute name="DerivativeH" value="7.200000" />
  <attribute name="Loop Time for DT" value="5.000000" />
  <attribute name="Output H" value="8388608"/>
  <attribute name="Output I" value="200"/>
  <attribute name="Output T" value="16"/>
  <attribute name="Target GC Util Change" value ="80.000000" />
  <attribute name="Current GC Util Change" value="116.000000"/>
  <attribute name="GC Util currently" value="116" />
  <attribute name="CPU Util currently" value="227710323264" />
<allocation-satisfied id="208" threadId="0000000001842F00" bytesRequested="24" />
<af-end id="209" timestamp="2019-08-10T03:36:40.325" threadId="0000000001843888" success="true" from="nursery"/>
<exclusive-end id="210" timestamp="2019-08-10T03:36:40.325" durationms="1.945" />

<exclusive-start id="211" timestamp="2019-08-10T03:36:40.344" intervalms="20.975">
  <response-info timems="0.051" idlems="0.051" threads="0" lastid="0000000001842F00" lastname="main" />
</exclusive-start>
<af-start id="212" threadId="0000000001843888" totalBytesRequested="1032" timestamp="2019-08-10T03:36:40.344" intervalms="20.995" type="nursery" />
<cycle-start id="213" type="scavenge" contextid="0" timestamp="2019-08-10T03:36:40.344" intervalms="21.001" />
<gc-start id="214" type="scavenge" contextid="213" timestamp="2019-08-10T03:36:40.344">
  <mem-info id="215" free="4198337504" total="4203675648" percent="99">
    <mem type="nursery" free="0" total="2228224" percent="0">
      <mem type="allocate" free="0" total="1114112" percent="0" />
      <mem type="survivor" free="0" total="1114112" percent="0" />
    </mem>
    <mem type="tenure" free="4198337504" total="4201447424" percent="99">
      <mem type="soa" free="3988265952" total="3991375872" percent="99" />
      <mem type="loa" free="210071552" total="210071552" percent="100" />
    </mem>
    <remembered-set count="133" />
  </mem-info>
</gc-start>
<allocation-stats totalBytes="644432" >
  <allocated-bytes non-tlh="68176" tlh="576256" />
  <largest-consumer threadName="main" threadId="0000000001842F00" bytes="644432" />
</allocation-stats>
<gc-op id="216" type="scavenge" timems="3.415" contextid="213" timestamp="2019-08-10T03:36:40.348">
  <scavenger-info tenureage="2" tenuremask="fffc" tiltratio="50" />
  <memory-copied type="nursery" objects="14865" bytes="498944" bytesdiscarded="79752" />
  <memory-copied type="tenure" objects="6234" bytes="149568" bytesdiscarded="24" />
  <references type="weak" candidates="6" cleared="5" enqueued="5" />
  <references type="phantom" candidates="3" cleared="2" enqueued="2" />
</gc-op>
<gc-end id="217" type="scavenge" contextid="213" durationms="3.518" usertimems="6.571" systemtimems="3.940" timestamp="2019-08-10T03:36:40.348" activeThreads="16">
  <mem-info id="218" free="4198753848" total="4203675648" percent="99">
    <mem type="nursery" free="535384" total="2228224" percent="24">
      <mem type="allocate" free="535384" total="1114112" percent="48" />
      <mem type="survivor" free="0" total="1114112" percent="0" />
    </mem>
    <mem type="tenure" free="4198218464" total="4201447424" percent="99">
      <mem type="soa" free="3988146912" total="3991375872" percent="99" />
      <mem type="loa" free="210071552" total="210071552" percent="100" />
    </mem>
    <pending-finalizers system="0" default="0" reference="7" classloader="0" />
    <remembered-set count="129" />
  </mem-info>
</gc-end>
<cycle-end id="219" type="scavenge" contextid="213" timestamp="2019-08-10T03:36:40.348" />
  <attribute name="elasticGC enabled" value="1" />
  <attribute name= "numThreadsSpecified" value="16" />
  <attribute name="heapSize specified" value="8519680" />
  <attribute name="Current GC Util" value="29" />
  <attribute name= "Current Time Running" value="490" />
  <attribute name ="GC Interval" value="200" />
  <attribute name="ProportionalT" value="-25.500000" />
  <attribute name="ProportionalI" value="-25.500000" />
  <attribute name="ProportionalH" value="-25.500000" />
  <attribute name="Current Error" value="-51.000000" />
  <attribute name="IntegralT" value="-535.500000" />
  <attribute name="IntegralI" value="-535.500000" />
  <attribute name="IntegralH" value="-535.500000" />
  <attribute name="DerivativeT" value="-4.142857" />
  <attribute name="DerivativeI" value="-4.142857" />
  <attribute name="DerivativeH" value="-4.142857" />
  <attribute name="Loop Time for DT" value="21.000000" />
  <attribute name="Output H" value="4203675648"/>
  <attribute name="Output I" value="200"/>
  <attribute name="Output T" value="16"/>
  <attribute name="Target GC Util Change" value ="80.000000" />
  <attribute name="Current GC Util Change" value="29.000000"/>
  <attribute name="GC Util currently" value="29" />
  <attribute name="CPU Util currently" value="54877162905" />
<allocation-satisfied id="220" threadId="0000000001842F00" bytesRequested="1032" />
<af-end id="221" timestamp="2019-08-10T03:36:40.348" threadId="0000000001843888" success="true" from="nursery"/>
<exclusive-end id="222" timestamp="2019-08-10T03:36:40.348" durationms="3.703" />

<exclusive-start id="223" timestamp="2019-08-10T03:36:40.363" intervalms="18.637">
  <response-info timems="0.019" idlems="0.019" threads="0" lastid="0000000001842F00" lastname="main" />
</exclusive-start>
<af-start id="224" threadId="0000000001843888" totalBytesRequested="31752" timestamp="2019-08-10T03:36:40.363" intervalms="18.637" type="nursery" />
<cycle-start id="225" type="scavenge" contextid="0" timestamp="2019-08-10T03:36:40.363" intervalms="18.636" />
<gc-start id="226" type="scavenge" contextid="225" timestamp="2019-08-10T03:36:40.363">
  <mem-info id="227" free="4198199568" total="4203675648" percent="99">
    <mem type="nursery" free="0" total="2228224" percent="0">
      <mem type="allocate" free="0" total="1114112" percent="0" />
      <mem type="survivor" free="0" total="1114112" percent="0" />
    </mem>
    <mem type="tenure" free="4198199568" total="4201447424" percent="99">
      <mem type="soa" free="3988128016" total="3991375872" percent="99" />
      <mem type="loa" free="210071552" total="210071552" percent="100" />
    </mem>
    <remembered-set count="509" />
  </mem-info>
</gc-start>
<allocation-stats totalBytes="534336" >
  <allocated-bytes non-tlh="67256" tlh="467080" />
  <largest-consumer threadName="main" threadId="0000000001842F00" bytes="534336" />
</allocation-stats>
<gc-op id="228" type="scavenge" timems="1.533" contextid="225" timestamp="2019-08-10T03:36:40.364">
  <scavenger-info tenureage="2" tenuremask="fffc" tiltratio="50" />
  <memory-copied type="nursery" objects="12315" bytes="456368" bytesdiscarded="83992" />
  <memory-copied type="tenure" objects="3533" bytes="128608" bytesdiscarded="24" />
  <references type="weak" candidates="1" cleared="0" enqueued="0" />
  <references type="phantom" candidates="1" cleared="0" enqueued="0" />
</gc-op>
<gc-end id="229" type="scavenge" contextid="225" durationms="1.661" usertimems="3.107" systemtimems="0.607" timestamp="2019-08-10T03:36:40.364" activeThreads="16">
  <mem-info id="230" free="4198647024" total="4203675648" percent="99">
    <mem type="nursery" free="639256" total="2228224" percent="28">
      <mem type="allocate" free="639256" total="1179648" percent="54" />
      <mem type="survivor" free="0" total="1048576" percent="0" />
    </mem>
    <mem type="tenure" free="4198007768" total="4201447424" percent="99">
      <mem type="soa" free="3987936216" total="3991375872" percent="99" />
      <mem type="loa" free="210071552" total="210071552" percent="100" />
    </mem>
    <remembered-set count="503" />
  </mem-info>
</gc-end>
<cycle-end id="231" type="scavenge" contextid="225" timestamp="2019-08-10T03:36:40.364" />
  <attribute name="elasticGC enabled" value="1" />
  <attribute name= "numThreadsSpecified" value="16" />
  <attribute name="heapSize specified" value="8519680" />
  <attribute name="Current GC Util" value="55" />
  <attribute name= "Current Time Running" value="509" />
  <attribute name ="GC Interval" value="200" />
  <attribute name="ProportionalT" value="-12.500000" />
  <attribute name="ProportionalI" value="-12.500000" />
  <attribute name="ProportionalH" value="-12.500000" />
  <attribute name="Current Error" value="-25.000000" />
  <attribute name="IntegralT" value="-237.500000" />
  <attribute name="IntegralI" value="-237.500000" />
  <attribute name="IntegralH" value="-237.500000" />
  <attribute name="DerivativeT" value="-1.315789" />
  <attribute name="DerivativeI" value="-1.315789" />
  <attribute name="DerivativeH" value="-1.315789" />
  <attribute name="Loop Time for DT" value="19.000000" />
  <attribute name="Output H" value="4203675648"/>
  <attribute name="Output I" value="200"/>
  <attribute name="Output T" value="16"/>
  <attribute name="Target GC Util Change" value ="80.000000" />
  <attribute name="Current GC Util Change" value="55.000000"/>
  <attribute name="GC Util currently" value="55" />
  <attribute name="CPU Util currently" value="61766992946" />
<allocation-satisfied id="232" threadId="0000000001842F00" bytesRequested="31752" />
<af-end id="233" timestamp="2019-08-10T03:36:40.365" threadId="0000000001843888" success="true" from="nursery"/>
<exclusive-end id="234" timestamp="2019-08-10T03:36:40.365" durationms="1.852" />

<exclusive-start id="235" timestamp="2019-08-10T03:36:40.478" intervalms="115.468">
  <response-info timems="0.047" idlems="0.047" threads="0" lastid="0000000001842F00" lastname="main" />
</exclusive-start>
<af-start id="236" threadId="0000000001843888" totalBytesRequested="1032" timestamp="2019-08-10T03:36:40.478" intervalms="115.466" type="nursery" />
<cycle-start id="237" type="scavenge" contextid="0" timestamp="2019-08-10T03:36:40.478" intervalms="115.465" />
<gc-start id="238" type="scavenge" contextid="237" timestamp="2019-08-10T03:36:40.478">
  <mem-info id="239" free="4197996040" total="4203675648" percent="99">
    <mem type="nursery" free="0" total="2228224" percent="0">
      <mem type="allocate" free="0" total="1179648" percent="0" />
      <mem type="survivor" free="0" total="1048576" percent="0" />
    </mem>
    <mem type="tenure" free="4197996040" total="4201447424" percent="99">
      <mem type="soa" free="3987924488" total="3991375872" percent="99" />
      <mem type="loa" free="210071552" total="210071552" percent="100" />
    </mem>
    <remembered-set count="642" />
  </mem-info>
</gc-start>
<allocation-stats totalBytes="648752" >
  <allocated-bytes non-tlh="90808" tlh="557944" />
  <largest-consumer threadName="main" threadId="0000000001842F00" bytes="648752" />
</allocation-stats>
<gc-op id="240" type="scavenge" timems="25.922" contextid="237" timestamp="2019-08-10T03:36:40.504">
  <scavenger-info tenureage="1" tenuremask="fffe" tiltratio="52" />
  <memory-copied type="nursery" objects="460" bytes="64920" bytesdiscarded="97920" />
  <memory-copied type="tenure" objects="12260" bytes="391736" bytesdiscarded="56" />
  <references type="weak" candidates="3" cleared="2" enqueued="2" />
  <references type="phantom" candidates="1" cleared="0" enqueued="0" />
</gc-op>
<gc-end id="241" type="scavenge" contextid="237" durationms="26.055" usertimems="13.091" systemtimems="10.878" timestamp="2019-08-10T03:36:40.504" activeThreads="16">
  <mem-info id="242" free="4198706680" total="4203675648" percent="99">
    <mem type="nursery" free="1082328" total="2228224" percent="48">
      <mem type="allocate" free="1082328" total="1245184" percent="86" />
      <mem type="survivor" free="0" total="983040" percent="0" />
    </mem>
    <mem type="tenure" free="4197624352" total="4201447424" percent="99">
      <mem type="soa" free="3987552800" total="3991375872" percent="99" />
      <mem type="loa" free="210071552" total="210071552" percent="100" />
    </mem>
    <pending-finalizers system="0" default="0" reference="2" classloader="0" />
    <remembered-set count="615" />
  </mem-info>
</gc-end>
<cycle-end id="243" type="scavenge" contextid="237" timestamp="2019-08-10T03:36:40.504" />
  <attribute name="elasticGC enabled" value="1" />
  <attribute name= "numThreadsSpecified" value="16" />
  <attribute name="heapSize specified" value="8519680" />
  <attribute name="Current GC Util" value="3" />
  <attribute name= "Current Time Running" value="624" />
  <attribute name ="GC Interval" value="200" />
  <attribute name="ProportionalT" value="-38.500000" />
  <attribute name="ProportionalI" value="-38.500000" />
  <attribute name="ProportionalH" value="-38.500000" />
  <attribute name="Current Error" value="-77.000000" />
  <attribute name="IntegralT" value="-4427.500000" />
  <attribute name="IntegralI" value="-4427.500000" />
  <attribute name="IntegralH" value="-4427.500000" />
  <attribute name="DerivativeT" value="-0.669565" />
  <attribute name="DerivativeI" value="-0.669565" />
  <attribute name="DerivativeH" value="-0.669565" />
  <attribute name="Loop Time for DT" value="115.000000" />
  <attribute name="Output H" value="4203675648"/>
  <attribute name="Output I" value="200"/>
  <attribute name="Output T" value="16"/>
  <attribute name="Target GC Util Change" value ="80.000000" />
  <attribute name="Current GC Util Change" value="3.000000"/>
  <attribute name="GC Util currently" value="3" />
  <attribute name="CPU Util currently" value="15" />
<allocation-satisfied id="244" threadId="0000000001842F00" bytesRequested="1032" />
<af-end id="245" timestamp="2019-08-10T03:36:40.504" threadId="0000000001843888" success="true" from="nursery"/>
<exclusive-end id="246" timestamp="2019-08-10T03:36:40.504" durationms="26.264" />

<exclusive-start id="247" timestamp="2019-08-10T03:36:40.540" intervalms="61.433">
  <response-info timems="0.053" idlems="0.053" threads="0" lastid="0000000001842F00" lastname="main" />
</exclusive-start>
<af-start id="248" threadId="0000000001843888" totalBytesRequested="15368" timestamp="2019-08-10T03:36:40.540" intervalms="61.438" type="nursery" />
<cycle-start id="249" type="scavenge" contextid="0" timestamp="2019-08-10T03:36:40.540" intervalms="61.442" />
<gc-start id="250" type="scavenge" contextid="249" timestamp="2019-08-10T03:36:40.540">
  <mem-info id="251" free="4197600104" total="4203675648" percent="99">
    <mem type="nursery" free="0" total="2228224" percent="0">
      <mem type="allocate" free="0" total="1245184" percent="0" />
      <mem type="survivor" free="0" total="983040" percent="0" />
    </mem>
    <mem type="tenure" free="4197600104" total="4201447424" percent="99">
      <mem type="soa" free="3987528552" total="3991375872" percent="99" />
      <mem type="loa" free="210071552" total="210071552" percent="100" />
    </mem>
    <remembered-set count="920" />
  </mem-info>
</gc-start>
<allocation-stats totalBytes="1099720" >
  <allocated-bytes non-tlh="25280" tlh="1074440" />
  <largest-consumer threadName="main" threadId="0000000001842F00" bytes="1099720" />
</allocation-stats>
<gc-op id="252" type="scavenge" timems="4.187" contextid="249" timestamp="2019-08-10T03:36:40.544">
  <scavenger-info tenureage="2" tenuremask="fffc" tiltratio="55" />
  <memory-copied type="nursery" objects="2394" bytes="169440" bytesdiscarded="41528" />
  <references type="weak" candidates="1" cleared="0" enqueued="0" />
  <references type="phantom" candidates="1" cleared="0" enqueued="0" />
</gc-op>
<gc-end id="253" type="scavenge" contextid="249" durationms="4.296" usertimems="1.789" systemtimems="1.587" timestamp="2019-08-10T03:36:40.544" activeThreads="16">
  <mem-info id="254" free="4198765352" total="4203675648" percent="99">
    <mem type="nursery" free="1165248" total="2228224" percent="52">
      <mem type="allocate" free="1165248" total="1376256" percent="84" />
      <mem type="survivor" free="0" total="851968" percent="0" />
    </mem>
    <mem type="tenure" free="4197600104" total="4201447424" percent="99">
      <mem type="soa" free="3987528552" total="3991375872" percent="99" />
      <mem type="loa" free="210071552" total="210071552" percent="100" />
    </mem>
    <remembered-set count="547" />
  </mem-info>
</gc-end>
<cycle-end id="255" type="scavenge" contextid="249" timestamp="2019-08-10T03:36:40.544" />
  <attribute name="elasticGC enabled" value="1" />
  <attribute name= "numThreadsSpecified" value="16" />
  <attribute name="heapSize specified" value="8519680" />
  <attribute name="Current GC Util" value="37" />
  <attribute name= "Current Time Running" value="686" />
  <attribute name ="GC Interval" value="200" />
  <attribute name="ProportionalT" value="-21.500000" />
  <attribute name="ProportionalI" value="-21.500000" />
  <attribute name="ProportionalH" value="-21.500000" />
  <attribute name="Current Error" value="-43.000000" />
  <attribute name="IntegralT" value="-1333.000000" />
  <attribute name="IntegralI" value="-1333.000000" />
  <attribute name="IntegralH" value="-1333.000000" />
  <attribute name="DerivativeT" value="-0.693548" />
  <attribute name="DerivativeI" value="-0.693548" />
  <attribute name="DerivativeH" value="-0.693548" />
  <attribute name="Loop Time for DT" value="62.000000" />
  <attribute name="Output H" value="4203675648"/>
  <attribute name="Output I" value="200"/>
  <attribute name="Output T" value="16"/>
  <attribute name="Target GC Util Change" value ="80.000000" />
  <attribute name="Current GC Util Change" value="37.000000"/>
  <attribute name="GC Util currently" value="37" />
  <attribute name="CPU Util currently" value="31" />
<allocation-satisfied id="256" threadId="0000000001842F00" bytesRequested="15368" />
<af-end id="257" timestamp="2019-08-10T03:36:40.544" threadId="0000000001843888" success="true" from="nursery"/>
<exclusive-end id="258" timestamp="2019-08-10T03:36:40.544" durationms="4.529" />

<exclusive-start id="259" timestamp="2019-08-10T03:36:40.573" intervalms="33.572">
  <response-info timems="0.022" idlems="0.022" threads="0" lastid="0000000001842F00" lastname="main" />
</exclusive-start>
<af-start id="260" threadId="0000000001843888" totalBytesRequested="1056" timestamp="2019-08-10T03:36:40.573" intervalms="33.572" type="nursery" />
<cycle-start id="261" type="scavenge" contextid="0" timestamp="2019-08-10T03:36:40.573" intervalms="33.571" />
<gc-start id="262" type="scavenge" contextid="261" timestamp="2019-08-10T03:36:40.573">
  <mem-info id="263" free="4197598608" total="4203675648" percent="99">
    <mem type="nursery" free="0" total="2228224" percent="0">
      <mem type="allocate" free="0" total="1376256" percent="0" />
      <mem type="survivor" free="0" total="851968" percent="0" />
    </mem>
    <mem type="tenure" free="4197598608" total="4201447424" percent="99">
      <mem type="soa" free="3987527056" total="3991375872" percent="99" />
      <mem type="loa" free="210071552" total="210071552" percent="100" />
    </mem>
    <remembered-set count="583" />
  </mem-info>
</gc-start>
<allocation-stats totalBytes="1165912" >
  <allocated-bytes non-tlh="53768" tlh="1112144" />
  <largest-consumer threadName="main" threadId="0000000001842F00" bytes="1165912" />
</allocation-stats>
<gc-op id="264" type="scavenge" timems="3.540" contextid="261" timestamp="2019-08-10T03:36:40.577">
  <scavenger-info tenureage="2" tenuremask="fffc" tiltratio="61" />
  <memory-copied type="nursery" objects="10189" bytes="731872" bytesdiscarded="119968" />
  <memory-copied type="tenure" objects="6031" bytes="279144" bytesdiscarded="344" />
  <copy-failed type="nursery" objects="5652" bytes="218176" />
</gc-op>
<gc-end id="265" type="scavenge" contextid="261" durationms="3.695" usertimems="3.123" systemtimems="5.437" timestamp="2019-08-10T03:36:40.577" activeThreads="16">
  <mem-info id="266" free="4197581392" total="4203675648" percent="99">
    <mem type="nursery" free="262144" total="2228224" percent="11">
      <mem type="allocate" free="262144" total="1114112" percent="23" />
      <mem type="survivor" free="0" total="1114112" percent="0" />
    </mem>
    <mem type="tenure" free="4197319248" total="4201447424" percent="99">
      <mem type="soa" free="3987247696" total="3991375872" percent="99" />
      <mem type="loa" free="210071552" total="210071552" percent="100" />
    </mem>
    <remembered-set count="1690" />
  </mem-info>
</gc-end>
<cycle-end id="267" type="scavenge" contextid="261" timestamp="2019-08-10T03:36:40.577" />
  <attribute name="elasticGC enabled" value="1" />
  <attribute name= "numThreadsSpecified" value="16" />
  <attribute name="heapSize specified" value="8519680" />
  <attribute name="Current GC Util" value="10" />
  <attribute name= "Current Time Running" value="720" />
  <attribute name ="GC Interval" value="200" />
  <attribute name="ProportionalT" value="-35.000000" />
  <attribute name="ProportionalI" value="-35.000000" />
  <attribute name="ProportionalH" value="-35.000000" />
  <attribute name="Current Error" value="-70.000000" />
  <attribute name="IntegralT" value="-1190.000000" />
  <attribute name="IntegralI" value="-1190.000000" />
  <attribute name="IntegralH" value="-1190.000000" />
  <attribute name="DerivativeT" value="-2.058824" />
  <attribute name="DerivativeI" value="-2.058824" />
  <attribute name="DerivativeH" value="-2.058824" />
  <attribute name="Loop Time for DT" value="34.000000" />
  <attribute name="Output H" value="4203675648"/>
  <attribute name="Output I" value="200"/>
  <attribute name="Output T" value="16"/>
  <attribute name="Target GC Util Change" value ="80.000000" />
  <attribute name="Current GC Util Change" value="10.000000"/>
  <attribute name="GC Util currently" value="10" />
  <attribute name="CPU Util currently" value="11" />
<allocation-satisfied id="268" threadId="0000000001842F00" bytesRequested="1056" />
<af-end id="269" timestamp="2019-08-10T03:36:40.577" threadId="0000000001843888" success="true" from="nursery"/>
<exclusive-end id="270" timestamp="2019-08-10T03:36:40.577" durationms="3.940" />

<exclusive-start id="271" timestamp="2019-08-10T03:36:40.583" intervalms="9.946">
  <response-info timems="0.193" idlems="0.120" threads="1" lastid="0000000001846B00" lastname="JIT Compilation Thread-0" />
</exclusive-start>
<af-start id="272" threadId="0000000001843888" totalBytesRequested="61032" timestamp="2019-08-10T03:36:40.583" intervalms="9.969" type="nursery" />
<cycle-start id="273" type="scavenge" contextid="0" timestamp="2019-08-10T03:36:40.583" intervalms="9.965" />
<gc-start id="274" type="scavenge" contextid="273" timestamp="2019-08-10T03:36:40.583">
  <mem-info id="275" free="4197328064" total="4203675648" percent="99">
    <mem type="nursery" free="8816" total="2228224" percent="0">
      <mem type="allocate" free="8816" total="1114112" percent="0" />
      <mem type="survivor" free="0" total="1114112" percent="0" />
    </mem>
    <mem type="tenure" free="4197319248" total="4201447424" percent="99">
      <mem type="soa" free="3987247696" total="3991375872" percent="99" />
      <mem type="loa" free="210071552" total="210071552" percent="100" />
    </mem>
    <remembered-set count="1694" />
  </mem-info>
</gc-start>
<allocation-stats totalBytes="250592" >
  <allocated-bytes non-tlh="36240" tlh="214352" />
  <largest-consumer threadName="main" threadId="0000000001842F00" bytes="250592" />
</allocation-stats>
<gc-op id="276" type="scavenge" timems="2.716" contextid="273" timestamp="2019-08-10T03:36:40.586">
  <scavenger-info tenureage="1" tenuremask="fffe" tiltratio="50" />
  <memory-copied type="nursery" objects="3043" bytes="171904" bytesdiscarded="173824" />
  <memory-copied type="tenure" objects="10189" bytes="731872" bytesdiscarded="1456" />
</gc-op>
<gc-end id="277" type="scavenge" contextid="273" durationms="2.829" usertimems="4.776" systemtimems="1.310" timestamp="2019-08-10T03:36:40.586" activeThreads="16">
  <mem-info id="278" free="4197363624" total="4203675648" percent="99">
    <mem type="nursery" free="768352" total="2228224" percent="34">
      <mem type="allocate" free="768352" total="1114112" percent="68" />
      <mem type="survivor" free="0" total="1114112" percent="0" />
    </mem>
    <mem type="tenure" free="4196595272" total="4201447424" percent="99">
      <mem type="soa" free="3986523720" total="3991375872" percent="99" />
      <mem type="loa" free="210071552" total="210071552" percent="100" />
    </mem>
    <remembered-set count="133" />
  </mem-info>
</gc-end>
<cycle-end id="279" type="scavenge" contextid="273" timestamp="2019-08-10T03:36:40.586" />
  <attribute name="elasticGC enabled" value="1" />
  <attribute name= "numThreadsSpecified" value="16" />
  <attribute name="heapSize specified" value="8519680" />
  <attribute name="Current GC Util" value="87" />
  <attribute name= "Current Time Running" value="729" />
  <attribute name ="GC Interval" value="200" />
  <attribute name="ProportionalT" value="3.500000" />
  <attribute name="ProportionalI" value="3.500000" />
  <attribute name="ProportionalH" value="3.500000" />
  <attribute name="Current Error" value="7.000000" />
  <attribute name="IntegralT" value="31.500000" />
  <attribute name="IntegralI" value="31.500000" />
  <attribute name="IntegralH" value="31.500000" />
  <attribute name="DerivativeT" value="0.777778" />
  <attribute name="DerivativeI" value="0.777778" />
  <attribute name="DerivativeH" value="0.777778" />
  <attribute name="Loop Time for DT" value="9.000000" />
  <attribute name="Output H" value="8388608"/>
  <attribute name="Output I" value="200"/>
  <attribute name="Output T" value="16"/>
  <attribute name="Target GC Util Change" value ="80.000000" />
  <attribute name="Current GC Util Change" value="87.000000"/>
  <attribute name="GC Util currently" value="87" />
  <attribute name="CPU Util currently" value="116283396580" />
<allocation-satisfied id="280" threadId="0000000001842F00" bytesRequested="61032" />
<af-end id="281" timestamp="2019-08-10T03:36:40.587" threadId="0000000001843888" success="true" from="nursery"/>
<exclusive-end id="282" timestamp="2019-08-10T03:36:40.587" durationms="3.710" />

<exclusive-start id="283" timestamp="2019-08-10T03:36:40.618" intervalms="34.640">
  <response-info timems="0.014" idlems="0.014" threads="0" lastid="0000000001842F00" lastname="main" />
</exclusive-start>
<af-start id="284" threadId="0000000001843888" totalBytesRequested="40" timestamp="2019-08-10T03:36:40.618" intervalms="34.667" type="nursery" />
<cycle-start id="285" type="scavenge" contextid="0" timestamp="2019-08-10T03:36:40.618" intervalms="34.671" />
<gc-start id="286" type="scavenge" contextid="285" timestamp="2019-08-10T03:36:40.618">
  <mem-info id="287" free="4196595272" total="4203675648" percent="99">
    <mem type="nursery" free="0" total="2228224" percent="0">
      <mem type="allocate" free="0" total="1114112" percent="0" />
      <mem type="survivor" free="0" total="1114112" percent="0" />
    </mem>
    <mem type="tenure" free="4196595272" total="4201447424" percent="99">
      <mem type="soa" free="3986523720" total="3991375872" percent="99" />
      <mem type="loa" free="210071552" total="210071552" percent="100" />
    </mem>
    <remembered-set count="143" />
  </mem-info>
</gc-start>
<allocation-stats totalBytes="767648" >
  <allocated-bytes non-tlh="305160" tlh="462488" />
  <largest-consumer threadName="main" threadId="0000000001842F00" bytes="767648" />
</allocation-stats>
<gc-op id="288" type="scavenge" timems="8.856" contextid="285" timestamp="2019-08-10T03:36:40.627">
  <scavenger-info tenureage="1" tenuremask="7ffe" tiltratio="50" />
  <memory-copied type="nursery" objects="7819" bytes="653248" bytesdiscarded="148688" />
  <memory-copied type="tenure" objects="2883" bytes="169344" bytesdiscarded="248" />
</gc-op>
<gc-end id="289" type="scavenge" contextid="285" durationms="8.945" usertimems="9.104" systemtimems="3.465" timestamp="2019-08-10T03:36:40.627" activeThreads="16">
  <mem-info id="290" free="4196689304" total="4203675648" percent="99">
    <mem type="nursery" free="312112" total="2228224" percent="14">
      <mem type="allocate" free="312112" total="1114112" percent="28" />
      <mem type="survivor" free="0" total="1114112" percent="0" />
    </mem>
    <mem type="tenure" free="4196377192" total="4201447424" percent="99">
      <mem type="soa" free="3986305640" total="3991375872" percent="99" />
      <mem type="loa" free="210071552" total="210071552" percent="100" />
    </mem>
    <remembered-set count="122" />
  </mem-info>
</gc-end>
<cycle-end id="291" type="scavenge" contextid="285" timestamp="2019-08-10T03:36:40.627" />
  <attribute name="elasticGC enabled" value="1" />
  <attribute name= "numThreadsSpecified" value="16" />
  <attribute name="heapSize specified" value="8519680" />
  <attribute name="Current GC Util" value="19" />
  <attribute name= "Current Time Running" value="764" />
  <attribute name ="GC Interval" value="200" />
  <attribute name="ProportionalT" value="-30.500000" />
  <attribute name="ProportionalI" value="-30.500000" />
  <attribute name="ProportionalH" value="-30.500000" />
  <attribute name="Current Error" value="-61.000000" />
  <attribute name="IntegralT" value="-1067.500000" />
  <attribute name="IntegralI" value="-1067.500000" />
  <attribute name="IntegralH" value="-1067.500000" />
  <attribute name="DerivativeT" value="-1.942857" />
  <attribute name="DerivativeI" value="-1.942857" />
  <attribute name="DerivativeH" value="-1.942857" />
  <attribute name="Loop Time for DT" value="35.000000" />
  <attribute name="Output H" value="4203675648"/>
  <attribute name="Output I" value="200"/>
  <attribute name="Output T" value="16"/>
  <attribute name="Target GC Util Change" value ="80.000000" />
  <attribute name="Current GC Util Change" value="19.000000"/>
  <attribute name="GC Util currently" value="19" />
  <attribute name="CPU Util currently" value="4" />
<allocation-satisfied id="292" threadId="0000000001842F00" bytesRequested="40" />
<af-end id="293" timestamp="2019-08-10T03:36:40.627" threadId="0000000001843888" success="true" from="nursery"/>
<exclusive-end id="294" timestamp="2019-08-10T03:36:40.627" durationms="9.203" />

<exclusive-start id="295" timestamp="2019-08-10T03:36:40.629" intervalms="11.526">
  <response-info timems="0.013" idlems="0.013" threads="0" lastid="0000000001842F00" lastname="main" />
</exclusive-start>
<af-start id="296" threadId="0000000001843888" totalBytesRequested="61032" timestamp="2019-08-10T03:36:40.629" intervalms="11.578" type="nursery" />
<cycle-start id="297" type="scavenge" contextid="0" timestamp="2019-08-10T03:36:40.629" intervalms="11.573" />
<gc-start id="298" type="scavenge" contextid="297" timestamp="2019-08-10T03:36:40.629">
  <mem-info id="299" free="4196382472" total="4203675648" percent="99">
    <mem type="nursery" free="5280" total="2228224" percent="0">
      <mem type="allocate" free="5280" total="1114112" percent="0" />
      <mem type="survivor" free="0" total="1114112" percent="0" />
    </mem>
    <mem type="tenure" free="4196377192" total="4201447424" percent="99">
      <mem type="soa" free="3986305640" total="3991375872" percent="99" />
      <mem type="loa" free="210071552" total="210071552" percent="100" />
    </mem>
    <remembered-set count="127" />
  </mem-info>
</gc-start>
<allocation-stats totalBytes="291672" >
  <allocated-bytes non-tlh="61072" tlh="230600" />
  <largest-consumer threadName="main" threadId="0000000001842F00" bytes="291672" />
</allocation-stats>
<gc-op id="300" type="scavenge" timems="2.621" contextid="297" timestamp="2019-08-10T03:36:40.632">
  <scavenger-info tenureage="1" tenuremask="7ffe" tiltratio="50" />
  <memory-copied type="nursery" objects="3200" bytes="207968" bytesdiscarded="134040" />
  <memory-copied type="tenure" objects="7815" bytes="653160" bytesdiscarded="760" />
</gc-op>
<gc-end id="301" type="scavenge" contextid="297" durationms="2.779" usertimems="6.061" systemtimems="0.772" timestamp="2019-08-10T03:36:40.632" activeThreads="16">
  <mem-info id="302" free="4196480592" total="4203675648" percent="99">
    <mem type="nursery" free="772072" total="2228224" percent="34">
      <mem type="allocate" free="772072" total="1114112" percent="69" />
      <mem type="survivor" free="0" total="1114112" percent="0" />
    </mem>
    <mem type="tenure" free="4195708520" total="4201447424" percent="99">
      <mem type="soa" free="3985636968" total="3991375872" percent="99" />
      <mem type="loa" free="210071552" total="210071552" percent="100" />
    </mem>
    <remembered-set count="116" />
  </mem-info>
</gc-end>
<cycle-end id="303" type="scavenge" contextid="297" timestamp="2019-08-10T03:36:40.632" />
  <attribute name="elasticGC enabled" value="1" />
  <attribute name= "numThreadsSpecified" value="16" />
  <attribute name="heapSize specified" value="8519680" />
  <attribute name="Current GC Util" value="107" />
  <attribute name= "Current Time Running" value="776" />
  <attribute name ="GC Interval" value="200" />
  <attribute name="ProportionalT" value="13.500000" />
  <attribute name="ProportionalI" value="13.500000" />
  <attribute name="ProportionalH" value="13.500000" />
  <attribute name="Current Error" value="27.000000" />
  <attribute name="IntegralT" value="162.000000" />
  <attribute name="IntegralI" value="162.000000" />
  <attribute name="IntegralH" value="162.000000" />
  <attribute name="DerivativeT" value="2.250000" />
  <attribute name="DerivativeI" value="2.250000" />
  <attribute name="DerivativeH" value="2.250000" />
  <attribute name="Loop Time for DT" value="12.000000" />
  <attribute name="Output H" value="8388608"/>
  <attribute name="Output I" value="200"/>
  <attribute name="Output T" value="16"/>
  <attribute name="Target GC Util Change" value ="80.000000" />
  <attribute name="Current GC Util Change" value="107.000000"/>
  <attribute name="GC Util currently" value="107" />
  <attribute name="CPU Util currently" value="98995101578" />
<allocation-satisfied id="304" threadId="0000000001842F00" bytesRequested="61032" />
<af-end id="305" timestamp="2019-08-10T03:36:40.632" threadId="0000000001843888" success="true" from="nursery"/>
<exclusive-end id="306" timestamp="2019-08-10T03:36:40.632" durationms="3.036" />

<exclusive-start id="307" timestamp="2019-08-10T03:36:40.641" intervalms="11.268">
  <response-info timems="0.016" idlems="0.016" threads="0" lastid="0000000001842F00" lastname="main" />
</exclusive-start>
<af-start id="308" threadId="0000000001843888" totalBytesRequested="40" timestamp="2019-08-10T03:36:40.641" intervalms="11.139" type="nursery" />
<cycle-start id="309" type="scavenge" contextid="0" timestamp="2019-08-10T03:36:40.641" intervalms="11.138" />
<gc-start id="310" type="scavenge" contextid="309" timestamp="2019-08-10T03:36:40.641">
  <mem-info id="311" free="4195708520" total="4203675648" percent="99">
    <mem type="nursery" free="0" total="2228224" percent="0">
      <mem type="allocate" free="0" total="1114112" percent="0" />
      <mem type="survivor" free="0" total="1114112" percent="0" />
    </mem>
    <mem type="tenure" free="4195708520" total="4201447424" percent="99">
      <mem type="soa" free="3985636968" total="3991375872" percent="99" />
      <mem type="loa" free="210071552" total="210071552" percent="100" />
    </mem>
    <remembered-set count="127" />
  </mem-info>
</gc-start>
<allocation-stats totalBytes="771936" >
  <allocated-bytes non-tlh="128312" tlh="643624" />
  <largest-consumer threadName="main" threadId="0000000001842F00" bytes="771936" />
</allocation-stats>
<gc-op id="312" type="scavenge" timems="6.103" contextid="309" timestamp="2019-08-10T03:36:40.647">
  <scavenger-info tenureage="1" tenuremask="7ffe" tiltratio="50" />
  <memory-copied type="nursery" objects="9414" bytes="645024" bytesdiscarded="157376" />
  <memory-copied type="tenure" objects="3040" bytes="205408" bytesdiscarded="40" />
</gc-op>
<gc-end id="313" type="scavenge" contextid="309" durationms="6.198" usertimems="3.347" systemtimems="1.707" timestamp="2019-08-10T03:36:40.647" activeThreads="16">
  <mem-info id="314" free="4195779504" total="4203675648" percent="99">
    <mem type="nursery" free="311632" total="2228224" percent="13">
      <mem type="allocate" free="311632" total="1114112" percent="27" />
      <mem type="survivor" free="0" total="1114112" percent="0" />
    </mem>
    <mem type="tenure" free="4195467872" total="4201447424" percent="99">
      <mem type="soa" free="3985396320" total="3991375872" percent="99" />
      <mem type="loa" free="210071552" total="210071552" percent="100" />
    </mem>
    <remembered-set count="122" />
  </mem-info>
</gc-end>
<cycle-end id="315" type="scavenge" contextid="309" timestamp="2019-08-10T03:36:40.647" />
  <attribute name="elasticGC enabled" value="1" />
  <attribute name= "numThreadsSpecified" value="16" />
  <attribute name="heapSize specified" value="8519680" />
  <attribute name="Current GC Util" value="62" />
  <attribute name= "Current Time Running" value="787" />
  <attribute name ="GC Interval" value="200" />
  <attribute name="ProportionalT" value="-9.000000" />
  <attribute name="ProportionalI" value="-9.000000" />
  <attribute name="ProportionalH" value="-9.000000" />
  <attribute name="Current Error" value="-18.000000" />
  <attribute name="IntegralT" value="-99.000000" />
  <attribute name="IntegralI" value="-99.000000" />
  <attribute name="IntegralH" value="-99.000000" />
  <attribute name="DerivativeT" value="-4.090909" />
  <attribute name="DerivativeI" value="-4.090909" />
  <attribute name="DerivativeH" value="-4.090909" />
  <attribute name="Loop Time for DT" value="11.000000" />
  <attribute name="Output H" value="4203675648"/>
  <attribute name="Output I" value="200"/>
  <attribute name="Output T" value="16"/>
  <attribute name="Target GC Util Change" value ="80.000000" />
  <attribute name="Current GC Util Change" value="62.000000"/>
  <attribute name="GC Util currently" value="62" />
  <attribute name="CPU Util currently" value="104394001259" />
<allocation-satisfied id="316" threadId="0000000001842F00" bytesRequested="40" />
<af-end id="317" timestamp="2019-08-10T03:36:40.647" threadId="0000000001843888" success="true" from="nursery"/>
<exclusive-end id="318" timestamp="2019-08-10T03:36:40.647" durationms="6.371" />

<exclusive-start id="319" timestamp="2019-08-10T03:36:40.650" intervalms="9.172">
  <response-info timems="0.012" idlems="0.012" threads="0" lastid="0000000001842F00" lastname="main" />
</exclusive-start>
<af-start id="320" threadId="0000000001843888" totalBytesRequested="32" timestamp="2019-08-10T03:36:40.650" intervalms="9.165" type="nursery" />
<cycle-start id="321" type="scavenge" contextid="0" timestamp="2019-08-10T03:36:40.650" intervalms="9.162" />
<gc-start id="322" type="scavenge" contextid="321" timestamp="2019-08-10T03:36:40.650">
  <mem-info id="323" free="4195467872" total="4203675648" percent="99">
    <mem type="nursery" free="0" total="2228224" percent="0">
      <mem type="allocate" free="0" total="1114112" percent="0" />
      <mem type="survivor" free="0" total="1114112" percent="0" />
    </mem>
    <mem type="tenure" free="4195467872" total="4201447424" percent="99">
      <mem type="soa" free="3985396320" total="3991375872" percent="99" />
      <mem type="loa" free="210071552" total="210071552" percent="100" />
    </mem>
    <remembered-set count="128" />
  </mem-info>
</gc-start>
<allocation-stats totalBytes="311552" >
  <allocated-bytes non-tlh="65288" tlh="246264" />
  <largest-consumer threadName="main" threadId="0000000001842F00" bytes="311552" />
</allocation-stats>
<gc-op id="324" type="scavenge" timems="4.451" contextid="321" timestamp="2019-08-10T03:36:40.655">
  <scavenger-info tenureage="1" tenuremask="7ffe" tiltratio="50" />
  <memory-copied type="nursery" objects="4248" bytes="247984" bytesdiscarded="59088" />
  <memory-copied type="tenure" objects="9332" bytes="643712" bytesdiscarded="448" />
</gc-op>
<gc-end id="325" type="scavenge" contextid="321" durationms="4.828" usertimems="4.812" systemtimems="7.510" timestamp="2019-08-10T03:36:40.655" activeThreads="16">
  <mem-info id="326" free="4195609368" total="4203675648" percent="99">
    <mem type="nursery" free="807008" total="2228224" percent="36">
      <mem type="allocate" free="807008" total="1114112" percent="72" />
      <mem type="survivor" free="0" total="1114112" percent="0" />
    </mem>
    <mem type="tenure" free="4194802360" total="4201447424" percent="99">
      <mem type="soa" free="3984730808" total="3991375872" percent="99" />
      <mem type="loa" free="210071552" total="210071552" percent="100" />
    </mem>
    <remembered-set count="118" />
  </mem-info>
</gc-end>
<cycle-end id="327" type="scavenge" contextid="321" timestamp="2019-08-10T03:36:40.655" />
  <attribute name="elasticGC enabled" value="1" />
  <attribute name= "numThreadsSpecified" value="16" />
  <attribute name="heapSize specified" value="8519680" />
  <attribute name="Current GC Util" value="54" />
  <attribute name= "Current Time Running" value="796" />
  <attribute name ="GC Interval" value="200" />
  <attribute name="ProportionalT" value="-13.000000" />
  <attribute name="ProportionalI" value="-13.000000" />
  <attribute name="ProportionalH" value="-13.000000" />
  <attribute name="Current Error" value="-26.000000" />
  <attribute name="IntegralT" value="-117.000000" />
  <attribute name="IntegralI" value="-117.000000" />
  <attribute name="IntegralH" value="-117.000000" />
  <attribute name="DerivativeT" value="-2.888889" />
  <attribute name="DerivativeI" value="-2.888889" />
  <attribute name="DerivativeH" value="-2.888889" />
  <attribute name="Loop Time for DT" value="9.000000" />
  <attribute name="Output H" value="4203675648"/>
  <attribute name="Output I" value="200"/>
  <attribute name="Output T" value="16"/>
  <attribute name="Target GC Util Change" value ="80.000000" />
  <attribute name="Current GC Util Change" value="54.000000"/>
  <attribute name="GC Util currently" value="54" />
  <attribute name="CPU Util currently" value="121825235731" />
<allocation-satisfied id="328" threadId="0000000001842F00" bytesRequested="32" />
<af-end id="329" timestamp="2019-08-10T03:36:40.655" threadId="0000000001843888" success="true" from="nursery"/>
<exclusive-end id="330" timestamp="2019-08-10T03:36:40.655" durationms="4.993" />

<exclusive-start id="331" timestamp="2019-08-10T03:36:41.060" intervalms="410.230">
  <response-info timems="0.461" idlems="0.404" threads="1" lastid="0000000001B3C300" lastname="node-18" />
</exclusive-start>
<af-start id="332" threadId="0000000001B5E788" totalBytesRequested="32" timestamp="2019-08-10T03:36:41.060" intervalms="410.274" type="nursery" />
<cycle-start id="333" type="scavenge" contextid="0" timestamp="2019-08-10T03:36:41.060" intervalms="410.292" />
<gc-start id="334" type="scavenge" contextid="333" timestamp="2019-08-10T03:36:41.060">
  <mem-info id="335" free="4194801072" total="4203675648" percent="99">
    <mem type="nursery" free="0" total="2228224" percent="0">
      <mem type="allocate" free="0" total="1114112" percent="0" />
      <mem type="survivor" free="0" total="1114112" percent="0" />
    </mem>
    <mem type="tenure" free="4194801072" total="4201447424" percent="99">
      <mem type="soa" free="3984729520" total="3991375872" percent="99" />
      <mem type="loa" free="210071552" total="210071552" percent="100" />
    </mem>
    <remembered-set count="269" />
  </mem-info>
</gc-start>
<allocation-stats totalBytes="805920" >
  <allocated-bytes non-tlh="107416" tlh="698504" />
  <largest-consumer threadName="main" threadId="0000000001842F00" bytes="367840" />
</allocation-stats>
<gc-op id="336" type="scavenge" timems="6.117" contextid="333" timestamp="2019-08-10T03:36:41.066">
  <scavenger-info tenureage="1" tenuremask="7ffe" tiltratio="50" />
  <memory-copied type="nursery" objects="8041" bytes="396240" bytesdiscarded="72632" />
  <memory-copied type="tenure" objects="4245" bytes="247912" bytesdiscarded="608" />
  <references type="weak" candidates="2" cleared="2" enqueued="2" />
</gc-op>
<gc-end id="337" type="scavenge" contextid="333" durationms="6.297" usertimems="5.228" systemtimems="1.042" timestamp="2019-08-10T03:36:41.066" activeThreads="16">
  <mem-info id="338" free="4195202296" total="4203675648" percent="99">
    <mem type="nursery" free="645208" total="2228224" percent="28">
      <mem type="allocate" free="645208" total="1114112" percent="57" />
      <mem type="survivor" free="0" total="1114112" percent="0" />
    </mem>
    <mem type="tenure" free="4194557088" total="4201447424" percent="99">
      <mem type="soa" free="3984485536" total="3991375872" percent="99" />
      <mem type="loa" free="210071552" total="210071552" percent="100" />
    </mem>
    <pending-finalizers system="0" default="0" reference="2" classloader="0" />
    <remembered-set count="212" />
  </mem-info>
</gc-end>
<cycle-end id="339" type="scavenge" contextid="333" timestamp="2019-08-10T03:36:41.066" />
  <attribute name="elasticGC enabled" value="1" />
  <attribute name= "numThreadsSpecified" value="16" />
  <attribute name="heapSize specified" value="8519680" />
  <attribute name="Current GC Util" value="3" />
  <attribute name= "Current Time Running" value="1206" />
  <attribute name ="GC Interval" value="200" />
  <attribute name="ProportionalT" value="-38.500000" />
  <attribute name="ProportionalI" value="-38.500000" />
  <attribute name="ProportionalH" value="-38.500000" />
  <attribute name="Current Error" value="-77.000000" />
  <attribute name="IntegralT" value="-15785.000000" />
  <attribute name="IntegralI" value="-15785.000000" />
  <attribute name="IntegralH" value="-15785.000000" />
  <attribute name="DerivativeT" value="-0.187805" />
  <attribute name="DerivativeI" value="-0.187805" />
  <attribute name="DerivativeH" value="-0.187805" />
  <attribute name="Loop Time for DT" value="410.000000" />
  <attribute name="Output H" value="4203675648"/>
  <attribute name="Output I" value="200"/>
  <attribute name="Output T" value="16"/>
  <attribute name="Target GC Util Change" value ="80.000000" />
  <attribute name="Current GC Util Change" value="3.000000"/>
  <attribute name="GC Util currently" value="3" />
  <attribute name="CPU Util currently" value="44" />
<allocation-satisfied id="340" threadId="0000000001B5DE00" bytesRequested="32" />
<af-end id="341" timestamp="2019-08-10T03:36:41.066" threadId="0000000001B5E788" success="true" from="nursery"/>
<exclusive-end id="342" timestamp="2019-08-10T03:36:41.066" durationms="6.507" />

<exclusive-start id="343" timestamp="2019-08-10T03:36:42.437" intervalms="1376.608">
  <response-info timems="0.097" idlems="0.097" threads="0" lastid="0000000001B65600" lastname="node-4" />
</exclusive-start>
<af-start id="344" threadId="0000000001B65F88" totalBytesRequested="24" timestamp="2019-08-10T03:36:42.437" intervalms="1376.608" type="nursery" />
<cycle-start id="345" type="scavenge" contextid="0" timestamp="2019-08-10T03:36:42.437" intervalms="1376.603" />
<gc-start id="346" type="scavenge" contextid="345" timestamp="2019-08-10T03:36:42.437">
  <mem-info id="347" free="4194557088" total="4203675648" percent="99">
    <mem type="nursery" free="0" total="2228224" percent="0">
      <mem type="allocate" free="0" total="1114112" percent="0" />
      <mem type="survivor" free="0" total="1114112" percent="0" />
    </mem>
    <mem type="tenure" free="4194557088" total="4201447424" percent="99">
      <mem type="soa" free="3984485536" total="3991375872" percent="99" />
      <mem type="loa" free="210071552" total="210071552" percent="100" />
    </mem>
    <remembered-set count="226" />
  </mem-info>
</gc-start>
<allocation-stats totalBytes="644752" >
  <allocated-bytes non-tlh="32" tlh="644720" />
  <largest-consumer threadName="node-1" threadId="0000000001B5DE00" bytes="143280" />
</allocation-stats>
<gc-op id="348" type="scavenge" timems="1.701" contextid="345" timestamp="2019-08-10T03:36:42.439">
  <scavenger-info tenureage="1" tenuremask="7ffe" tiltratio="50" />
  <memory-copied type="nursery" objects="3871" bytes="93416" bytesdiscarded="83992" />
  <memory-copied type="tenure" objects="7989" bytes="394736" bytesdiscarded="792" />
</gc-op>
<gc-end id="349" type="scavenge" contextid="345" durationms="1.832" usertimems="2.549" systemtimems="2.379" timestamp="2019-08-10T03:36:42.439" activeThreads="16">
  <mem-info id="350" free="4195119776" total="4203675648" percent="99">
    <mem type="nursery" free="936704" total="2228224" percent="42">
      <mem type="allocate" free="936704" total="1114112" percent="84" />
      <mem type="survivor" free="0" total="1114112" percent="0" />
    </mem>
    <mem type="tenure" free="4194183072" total="4201447424" percent="99">
      <mem type="soa" free="3984111520" total="3991375872" percent="99" />
      <mem type="loa" free="210071552" total="210071552" percent="100" />
    </mem>
    <remembered-set count="292" />
  </mem-info>
</gc-end>
<cycle-end id="351" type="scavenge" contextid="345" timestamp="2019-08-10T03:36:42.439" />
  <attribute name="elasticGC enabled" value="1" />
  <attribute name= "numThreadsSpecified" value="16" />
  <attribute name="heapSize specified" value="8519680" />
  <attribute name="Current GC Util" value="0" />
  <attribute name= "Current Time Running" value="2583" />
  <attribute name ="GC Interval" value="200" />
  <attribute name="ProportionalT" value="-40.000000" />
  <attribute name="ProportionalI" value="-40.000000" />
  <attribute name="ProportionalH" value="-40.000000" />
  <attribute name="Current Error" value="-80.000000" />
  <attribute name="IntegralT" value="-55080.000000" />
  <attribute name="IntegralI" value="-55080.000000" />
  <attribute name="IntegralH" value="-55080.000000" />
  <attribute name="DerivativeT" value="-0.058097" />
  <attribute name="DerivativeI" value="-0.058097" />
  <attribute name="DerivativeH" value="-0.058097" />
  <attribute name="Loop Time for DT" value="1377.000000" />
  <attribute name="Output H" value="4203675648"/>
  <attribute name="Output I" value="200"/>
  <attribute name="Output T" value="16"/>
  <attribute name="Target GC Util Change" value ="80.000000" />
  <attribute name="Current GC Util Change" value="0.000000"/>
  <attribute name="GC Util currently" value="0" />
  <attribute name="CPU Util currently" value="38" />
<allocation-satisfied id="352" threadId="0000000001B65600" bytesRequested="24" />
<af-end id="353" timestamp="2019-08-10T03:36:42.439" threadId="0000000001B65F88" success="true" from="nursery"/>
<exclusive-end id="354" timestamp="2019-08-10T03:36:42.439" durationms="2.526" />

<exclusive-start id="355" timestamp="2019-08-10T03:36:44.227" intervalms="1790.230">
  <response-info timems="1.113" idlems="1.113" threads="0" lastid="0000000001B52A00" lastname="node-6" />
</exclusive-start>
<af-start id="356" threadId="0000000001B53388" totalBytesRequested="32" timestamp="2019-08-10T03:36:44.227" intervalms="1790.241" type="nursery" />
<cycle-start id="357" type="scavenge" contextid="0" timestamp="2019-08-10T03:36:44.227" intervalms="1790.300" />
<gc-start id="358" type="scavenge" contextid="357" timestamp="2019-08-10T03:36:44.227">
  <mem-info id="359" free="4194183072" total="4203675648" percent="99">
    <mem type="nursery" free="0" total="2228224" percent="0">
      <mem type="allocate" free="0" total="1114112" percent="0" />
      <mem type="survivor" free="0" total="1114112" percent="0" />
    </mem>
    <mem type="tenure" free="4194183072" total="4201447424" percent="99">
      <mem type="soa" free="3984111520" total="3991375872" percent="99" />
      <mem type="loa" free="210071552" total="210071552" percent="100" />
    </mem>
    <remembered-set count="384" />
  </mem-info>
</gc-start>
<allocation-stats totalBytes="935384" >
  <allocated-bytes non-tlh="24" tlh="935360" />
  <largest-consumer threadName="node-4" threadId="0000000001B65600" bytes="135112" />
</allocation-stats>
<gc-op id="360" type="scavenge" timems="2.888" contextid="357" timestamp="2019-08-10T03:36:44.230">
  <scavenger-info tenureage="2" tenuremask="7ffc" tiltratio="50" />
  <memory-copied type="nursery" objects="6864" bytes="165448" bytesdiscarded="44216" />
</gc-op>
<gc-end id="361" type="scavenge" contextid="357" durationms="2.983" usertimems="1.926" systemtimems="3.323" timestamp="2019-08-10T03:36:44.230" activeThreads="16">
  <mem-info id="362" free="4195218592" total="4203675648" percent="99">
    <mem type="nursery" free="1035520" total="2228224" percent="46">
      <mem type="allocate" free="1035520" total="1245184" percent="83" />
      <mem type="survivor" free="0" total="983040" percent="0" />
    </mem>
    <mem type="tenure" free="4194183072" total="4201447424" percent="99">
      <mem type="soa" free="3984111520" total="3991375872" percent="99" />
      <mem type="loa" free="210071552" total="210071552" percent="100" />
    </mem>
    <remembered-set count="327" />
  </mem-info>
</gc-end>
<cycle-end id="363" type="scavenge" contextid="357" timestamp="2019-08-10T03:36:44.230" />
  <attribute name="elasticGC enabled" value="1" />
  <attribute name= "numThreadsSpecified" value="16" />
  <attribute name="heapSize specified" value="8519680" />
  <attribute name="Current GC Util" value="0" />
  <attribute name= "Current Time Running" value="4373" />
  <attribute name ="GC Interval" value="200" />
  <attribute name="ProportionalT" value="-40.000000" />
  <attribute name="ProportionalI" value="-40.000000" />
  <attribute name="ProportionalH" value="-40.000000" />
  <attribute name="Current Error" value="-80.000000" />
  <attribute name="IntegralT" value="-71600.000000" />
  <attribute name="IntegralI" value="-71600.000000" />
  <attribute name="IntegralH" value="-71600.000000" />
  <attribute name="DerivativeT" value="-0.044693" />
  <attribute name="DerivativeI" value="-0.044693" />
  <attribute name="DerivativeH" value="-0.044693" />
  <attribute name="Loop Time for DT" value="1790.000000" />
  <attribute name="Output H" value="4203675648"/>
  <attribute name="Output I" value="200"/>
  <attribute name="Output T" value="16"/>
  <attribute name="Target GC Util Change" value ="80.000000" />
  <attribute name="Current GC Util Change" value="0.000000"/>
  <attribute name="GC Util currently" value="0" />
  <attribute name="CPU Util currently" value="24" />
<allocation-satisfied id="364" threadId="0000000001B52A00" bytesRequested="32" />
<af-end id="365" timestamp="2019-08-10T03:36:44.230" threadId="0000000001B53388" success="true" from="nursery"/>
<exclusive-end id="366" timestamp="2019-08-10T03:36:44.230" durationms="3.345" />

<exclusive-start id="367" timestamp="2019-08-10T03:36:45.458" intervalms="1230.807">
  <response-info timems="0.395" idlems="0.395" threads="0" lastid="0000000001B7BD00" lastname="node-7" />
</exclusive-start>
<af-start id="368" threadId="0000000001B7C688" totalBytesRequested="32" timestamp="2019-08-10T03:36:45.458" intervalms="1230.828" type="nursery" />
<cycle-start id="369" type="scavenge" contextid="0" timestamp="2019-08-10T03:36:45.458" intervalms="1230.773" />
<gc-start id="370" type="scavenge" contextid="369" timestamp="2019-08-10T03:36:45.458">
  <mem-info id="371" free="4194183072" total="4203675648" percent="99">
    <mem type="nursery" free="0" total="2228224" percent="0">
      <mem type="allocate" free="0" total="1245184" percent="0" />
      <mem type="survivor" free="0" total="983040" percent="0" />
    </mem>
    <mem type="tenure" free="4194183072" total="4201447424" percent="99">
      <mem type="soa" free="3984111520" total="3991375872" percent="99" />
      <mem type="loa" free="210071552" total="210071552" percent="100" />
    </mem>
    <remembered-set count="412" />
  </mem-info>
</gc-start>
<allocation-stats totalBytes="1034304" >
  <allocated-bytes non-tlh="32" tlh="1034272" />
  <largest-consumer threadName="node-8" threadId="0000000001B74500" bytes="114640" />
</allocation-stats>
<gc-op id="372" type="scavenge" timems="3.484" contextid="369" timestamp="2019-08-10T03:36:45.461">
  <scavenger-info tenureage="2" tenuremask="7ffc" tiltratio="55" />
  <memory-copied type="nursery" objects="5202" bytes="125696" bytesdiscarded="35584" />
  <memory-copied type="tenure" objects="3840" bytes="92248" bytesdiscarded="8" />
</gc-op>
<gc-end id="373" type="scavenge" contextid="369" durationms="3.828" usertimems="1.050" systemtimems="3.491" timestamp="2019-08-10T03:36:45.462" activeThreads="16">
  <mem-info id="374" free="4195366816" total="4203675648" percent="99">
    <mem type="nursery" free="1280512" total="2228224" percent="57">
      <mem type="allocate" free="1280512" total="1441792" percent="88" />
      <mem type="survivor" free="0" total="786432" percent="0" />
    </mem>
    <mem type="tenure" free="4194086304" total="4201447424" percent="99" macro-fragmented="207920">
      <mem type="soa" free="3984014752" total="3991375872" percent="99" />
      <mem type="loa" free="210071552" total="210071552" percent="100" />
    </mem>
    <remembered-set count="322" />
  </mem-info>
</gc-end>
<cycle-end id="375" type="scavenge" contextid="369" timestamp="2019-08-10T03:36:45.462" />
  <attribute name="elasticGC enabled" value="1" />
  <attribute name= "numThreadsSpecified" value="16" />
  <attribute name="heapSize specified" value="8519680" />
  <attribute name="Current GC Util" value="0" />
  <attribute name= "Current Time Running" value="5604" />
  <attribute name ="GC Interval" value="200" />
  <attribute name="ProportionalT" value="-40.000000" />
  <attribute name="ProportionalI" value="-40.000000" />
  <attribute name="ProportionalH" value="-40.000000" />
  <attribute name="Current Error" value="-80.000000" />
  <attribute name="IntegralT" value="-49240.000000" />
  <attribute name="IntegralI" value="-49240.000000" />
  <attribute name="IntegralH" value="-49240.000000" />
  <attribute name="DerivativeT" value="-0.064988" />
  <attribute name="DerivativeI" value="-0.064988" />
  <attribute name="DerivativeH" value="-0.064988" />
  <attribute name="Loop Time for DT" value="1231.000000" />
  <attribute name="Output H" value="4203675648"/>
  <attribute name="Output I" value="200"/>
  <attribute name="Output T" value="16"/>
  <attribute name="Target GC Util Change" value ="80.000000" />
  <attribute name="Current GC Util Change" value="0.000000"/>
  <attribute name="GC Util currently" value="0" />
  <attribute name="CPU Util currently" value="24" />
<allocation-satisfied id="376" threadId="0000000001B7BD00" bytesRequested="32" />
<af-end id="377" timestamp="2019-08-10T03:36:45.462" threadId="0000000001B7C688" success="true" from="nursery"/>
<exclusive-end id="378" timestamp="2019-08-10T03:36:45.462" durationms="4.324" />

<exclusive-start id="379" timestamp="2019-08-10T03:36:46.450" intervalms="992.355">
  <response-info timems="0.228" idlems="0.228" threads="0" lastid="0000000001B47600" lastname="node-12" />
</exclusive-start>
<af-start id="380" threadId="0000000001B47F88" totalBytesRequested="32" timestamp="2019-08-10T03:36:46.450" intervalms="992.328" type="nursery" />
<cycle-start id="381" type="scavenge" contextid="0" timestamp="2019-08-10T03:36:46.450" intervalms="992.324" />
<gc-start id="382" type="scavenge" contextid="381" timestamp="2019-08-10T03:36:46.450">
  <mem-info id="383" free="4194086304" total="4203675648" percent="99">
    <mem type="nursery" free="0" total="2228224" percent="0">
      <mem type="allocate" free="0" total="1441792" percent="0" />
      <mem type="survivor" free="0" total="786432" percent="0" />
    </mem>
    <mem type="tenure" free="4194086304" total="4201447424" percent="99">
      <mem type="soa" free="3984014752" total="3991375872" percent="99" />
      <mem type="loa" free="210071552" total="210071552" percent="100" />
    </mem>
    <remembered-set count="405" />
  </mem-info>
</gc-start>
<allocation-stats totalBytes="1276872" >
  <allocated-bytes non-tlh="32" tlh="1276840" />
  <largest-consumer threadName="node-7" threadId="0000000001B7BD00" bytes="122408" />
</allocation-stats>
<gc-op id="384" type="scavenge" timems="2.421" contextid="381" timestamp="2019-08-10T03:36:46.453">
  <scavenger-info tenureage="3" tenuremask="7ff8" tiltratio="64" />
  <memory-copied type="nursery" objects="6575" bytes="158784" bytesdiscarded="34752" />
</gc-op>
<gc-end id="385" type="scavenge" contextid="381" durationms="3.076" usertimems="3.299" systemtimems="0.590" timestamp="2019-08-10T03:36:46.453" activeThreads="16">
  <mem-info id="386" free="4195400096" total="4203675648" percent="99">
    <mem type="nursery" free="1313792" total="2228224" percent="58">
      <mem type="allocate" free="1313792" total="1507328" percent="87" />
      <mem type="survivor" free="0" total="720896" percent="0" />
    </mem>
    <mem type="tenure" free="4194086304" total="4201447424" percent="99" macro-fragmented="502401">
      <mem type="soa" free="3984014752" total="3991375872" percent="99" />
      <mem type="loa" free="210071552" total="210071552" percent="100" />
    </mem>
    <remembered-set count="354" />
  </mem-info>
</gc-end>
<cycle-end id="387" type="scavenge" contextid="381" timestamp="2019-08-10T03:36:46.453" />
  <attribute name="elasticGC enabled" value="1" />
  <attribute name= "numThreadsSpecified" value="16" />
  <attribute name="heapSize specified" value="8519680" />
  <attribute name="Current GC Util" value="0" />
  <attribute name= "Current Time Running" value="6596" />
  <attribute name ="GC Interval" value="200" />
  <attribute name="ProportionalT" value="-40.000000" />
  <attribute name="ProportionalI" value="-40.000000" />
  <attribute name="ProportionalH" value="-40.000000" />
  <attribute name="Current Error" value="-80.000000" />
  <attribute name="IntegralT" value="-39680.000000" />
  <attribute name="IntegralI" value="-39680.000000" />
  <attribute name="IntegralH" value="-39680.000000" />
  <attribute name="DerivativeT" value="-0.080645" />
  <attribute name="DerivativeI" value="-0.080645" />
  <attribute name="DerivativeH" value="-0.080645" />
  <attribute name="Loop Time for DT" value="992.000000" />
  <attribute name="Output H" value="4203675648"/>
  <attribute name="Output I" value="200"/>
  <attribute name="Output T" value="16"/>
  <attribute name="Target GC Util Change" value ="80.000000" />
  <attribute name="Current GC Util Change" value="0.000000"/>
  <attribute name="GC Util currently" value="0" />
  <attribute name="CPU Util currently" value="23" />
<allocation-satisfied id="388" threadId="0000000001B47600" bytesRequested="32" />
<af-end id="389" timestamp="2019-08-10T03:36:46.453" threadId="0000000001B47F88" success="true" from="nursery"/>
<exclusive-end id="390" timestamp="2019-08-10T03:36:46.453" durationms="3.460" />

<exclusive-start id="391" timestamp="2019-08-10T03:36:47.060" intervalms="610.332">
  <response-info timems="0.498" idlems="0.498" threads="0" lastid="0000000001B5A200" lastname="node-2" />
</exclusive-start>
<af-start id="392" threadId="0000000001B5AB88" totalBytesRequested="24" timestamp="2019-08-10T03:36:47.060" intervalms="610.332" type="nursery" />
<cycle-start id="393" type="scavenge" contextid="0" timestamp="2019-08-10T03:36:47.060" intervalms="610.328" />
<gc-start id="394" type="scavenge" contextid="393" timestamp="2019-08-10T03:36:47.060">
  <mem-info id="395" free="4194086304" total="4203675648" percent="99">
    <mem type="nursery" free="0" total="2228224" percent="0">
      <mem type="allocate" free="0" total="1507328" percent="0" />
      <mem type="survivor" free="0" total="720896" percent="0" />
    </mem>
    <mem type="tenure" free="4194086304" total="4201447424" percent="99">
      <mem type="soa" free="3984014752" total="3991375872" percent="99" />
      <mem type="loa" free="210071552" total="210071552" percent="100" />
    </mem>
    <remembered-set count="422" />
  </mem-info>
</gc-start>
<allocation-stats totalBytes="1311520" >
  <allocated-bytes non-tlh="32" tlh="1311488" />
  <largest-consumer threadName="node-1" threadId="0000000001B5DE00" bytes="106496" />
</allocation-stats>
<gc-op id="396" type="scavenge" timems="1.994" contextid="393" timestamp="2019-08-10T03:36:47.062">
  <scavenger-info tenureage="3" tenuremask="7ff8" tiltratio="67" />
  <memory-copied type="nursery" objects="4691" bytes="113648" bytesdiscarded="63760" />
  <memory-copied type="tenure" objects="2972" bytes="71320" bytesdiscarded="8" />
</gc-op>
<gc-end id="397" type="scavenge" contextid="393" durationms="2.283" usertimems="1.913" systemtimems="3.270" timestamp="2019-08-10T03:36:47.063" activeThreads="16">
  <mem-info id="398" free="4195466656" total="4203675648" percent="99">
    <mem type="nursery" free="1460992" total="2228224" percent="65">
      <mem type="allocate" free="1460992" total="1638400" percent="89" />
      <mem type="survivor" free="0" total="589824" percent="0" />
    </mem>
    <mem type="tenure" free="4194005664" total="4201447424" percent="99" macro-fragmented="0">
      <mem type="soa" free="3983934112" total="3991375872" percent="99" />
      <mem type="loa" free="210071552" total="210071552" percent="100" />
    </mem>
    <remembered-set count="341" />
  </mem-info>
</gc-end>
<cycle-end id="399" type="scavenge" contextid="393" timestamp="2019-08-10T03:36:47.063" />
  <attribute name="elasticGC enabled" value="1" />
  <attribute name= "numThreadsSpecified" value="16" />
  <attribute name="heapSize specified" value="8519680" />
  <attribute name="Current GC Util" value="0" />
  <attribute name= "Current Time Running" value="7207" />
  <attribute name ="GC Interval" value="200" />
  <attribute name="ProportionalT" value="-40.000000" />
  <attribute name="ProportionalI" value="-40.000000" />
  <attribute name="ProportionalH" value="-40.000000" />
  <attribute name="Current Error" value="-80.000000" />
  <attribute name="IntegralT" value="-24440.000000" />
  <attribute name="IntegralI" value="-24440.000000" />
  <attribute name="IntegralH" value="-24440.000000" />
  <attribute name="DerivativeT" value="-0.130933" />
  <attribute name="DerivativeI" value="-0.130933" />
  <attribute name="DerivativeH" value="-0.130933" />
  <attribute name="Loop Time for DT" value="611.000000" />
  <attribute name="Output H" value="4203675648"/>
  <attribute name="Output I" value="200"/>
  <attribute name="Output T" value="16"/>
  <attribute name="Target GC Util Change" value ="80.000000" />
  <attribute name="Current GC Util Change" value="0.000000"/>
  <attribute name="GC Util currently" value="0" />
  <attribute name="CPU Util currently" value="18" />
<allocation-satisfied id="400" threadId="0000000001B5A200" bytesRequested="24" />
<af-end id="401" timestamp="2019-08-10T03:36:47.063" threadId="0000000001B5AB88" success="true" from="nursery"/>
<exclusive-end id="402" timestamp="2019-08-10T03:36:47.063" durationms="2.505" />

<exclusive-start id="403" timestamp="2019-08-10T03:36:47.749" intervalms="689.159">
  <response-info timems="0.070" idlems="0.070" threads="0" lastid="0000000001B2D300" lastname="node-15" />
</exclusive-start>
<af-start id="404" threadId="0000000001B2DC88" totalBytesRequested="32" timestamp="2019-08-10T03:36:47.750" intervalms="689.220" type="nursery" />
<cycle-start id="405" type="scavenge" contextid="0" timestamp="2019-08-10T03:36:47.750" intervalms="689.314" />
<gc-start id="406" type="scavenge" contextid="405" timestamp="2019-08-10T03:36:47.750">
  <mem-info id="407" free="4194005664" total="4203675648" percent="99">
    <mem type="nursery" free="0" total="2228224" percent="0">
      <mem type="allocate" free="0" total="1638400" percent="0" />
      <mem type="survivor" free="0" total="589824" percent="0" />
    </mem>
    <mem type="tenure" free="4194005664" total="4201447424" percent="99">
      <mem type="soa" free="3983934112" total="3991375872" percent="99" />
      <mem type="loa" free="210071552" total="210071552" percent="100" />
    </mem>
    <remembered-set count="420" />
  </mem-info>
</gc-start>
<allocation-stats totalBytes="1457624" >
  <allocated-bytes non-tlh="24" tlh="1457600" />
  <largest-consumer threadName="node-7" threadId="0000000001B7BD00" bytes="106488" />
</allocation-stats>
<gc-op id="408" type="scavenge" timems="6.382" contextid="405" timestamp="2019-08-10T03:36:47.756">
  <scavenger-info tenureage="3" tenuremask="fff8" tiltratio="73" />
  <memory-copied type="nursery" objects="3720" bytes="90464" bytesdiscarded="22432" />
  <memory-copied type="tenure" objects="2163" bytes="51896" bytesdiscarded="16" />
</gc-op>
<gc-end id="409" type="scavenge" contextid="405" durationms="6.725" usertimems="11.557" systemtimems="13.261" timestamp="2019-08-10T03:36:47.756" activeThreads="16">
  <mem-info id="410" free="4195532192" total="4203675648" percent="99">
    <mem type="nursery" free="1591040" total="2228224" percent="71">
      <mem type="allocate" free="1591040" total="1703936" percent="93" />
      <mem type="survivor" free="0" total="524288" percent="0" />
    </mem>
    <mem type="tenure" free="4193941152" total="4201447424" percent="99" macro-fragmented="3732887">
      <mem type="soa" free="3983869600" total="3991375872" percent="99" />
      <mem type="loa" free="210071552" total="210071552" percent="100" />
    </mem>
    <remembered-set count="340" />
  </mem-info>
</gc-end>
<cycle-end id="411" type="scavenge" contextid="405" timestamp="2019-08-10T03:36:47.756" />
  <attribute name="elasticGC enabled" value="1" />
  <attribute name= "numThreadsSpecified" value="16" />
  <attribute name="heapSize specified" value="8519680" />
  <attribute name="Current GC Util" value="0" />
  <attribute name= "Current Time Running" value="7896" />
  <attribute name ="GC Interval" value="200" />
  <attribute name="ProportionalT" value="-40.000000" />
  <attribute name="ProportionalI" value="-40.000000" />
  <attribute name="ProportionalH" value="-40.000000" />
  <attribute name="Current Error" value="-80.000000" />
  <attribute name="IntegralT" value="-27560.000000" />
  <attribute name="IntegralI" value="-27560.000000" />
  <attribute name="IntegralH" value="-27560.000000" />
  <attribute name="DerivativeT" value="-0.116110" />
  <attribute name="DerivativeI" value="-0.116110" />
  <attribute name="DerivativeH" value="-0.116110" />
  <attribute name="Loop Time for DT" value="689.000000" />
  <attribute name="Output H" value="4203675648"/>
  <attribute name="Output I" value="200"/>
  <attribute name="Output T" value="16"/>
  <attribute name="Target GC Util Change" value ="80.000000" />
  <attribute name="Current GC Util Change" value="0.000000"/>
  <attribute name="GC Util currently" value="0" />
  <attribute name="CPU Util currently" value="17" />
<allocation-satisfied id="412" threadId="0000000001B2D300" bytesRequested="32" />
<af-end id="413" timestamp="2019-08-10T03:36:47.757" threadId="0000000001B2DC88" success="true" from="nursery"/>
<exclusive-end id="414" timestamp="2019-08-10T03:36:47.757" durationms="7.100" />

<exclusive-start id="415" timestamp="2019-08-10T03:36:49.040" intervalms="1290.128">
  <response-info timems="0.106" idlems="0.106" threads="0" lastid="0000000001B5DE00" lastname="node-1" />
</exclusive-start>
<af-start id="416" threadId="0000000001B5E788" totalBytesRequested="24" timestamp="2019-08-10T03:36:49.040" intervalms="1290.065" type="nursery" />
<cycle-start id="417" type="scavenge" contextid="0" timestamp="2019-08-10T03:36:49.040" intervalms="1290.162" />
<gc-start id="418" type="scavenge" contextid="417" timestamp="2019-08-10T03:36:49.040">
  <mem-info id="419" free="4193941152" total="4203675648" percent="99">
    <mem type="nursery" free="0" total="2228224" percent="0">
      <mem type="allocate" free="0" total="1703936" percent="0" />
      <mem type="survivor" free="0" total="524288" percent="0" />
    </mem>
    <mem type="tenure" free="4193941152" total="4201447424" percent="99">
      <mem type="soa" free="3983869600" total="3991375872" percent="99" />
      <mem type="loa" free="210071552" total="210071552" percent="100" />
    </mem>
    <remembered-set count="416" />
  </mem-info>
</gc-start>
<allocation-stats totalBytes="1585776" >
  <allocated-bytes non-tlh="32" tlh="1585744" />
  <largest-consumer threadName="node-8" threadId="0000000001B74500" bytes="106472" />
</allocation-stats>
<gc-op id="420" type="scavenge" timems="2.608" contextid="417" timestamp="2019-08-10T03:36:49.043">
  <scavenger-info tenureage="3" tenuremask="ffe8" tiltratio="76" />
  <memory-copied type="nursery" objects="4344" bytes="103560" bytesdiscarded="73848" />
  <memory-copied type="tenure" objects="1360" bytes="32640" bytesdiscarded="0" />
</gc-op>
<gc-end id="421" type="scavenge" contextid="417" durationms="3.135" usertimems="1.112" systemtimems="2.356" timestamp="2019-08-10T03:36:49.043" activeThreads="16">
  <mem-info id="422" free="4195500960" total="4203675648" percent="99">
    <mem type="nursery" free="1592064" total="2228224" percent="71">
      <mem type="allocate" free="1592064" total="1769472" percent="89" />
      <mem type="survivor" free="0" total="458752" percent="0" />
    </mem>
    <mem type="tenure" free="4193908896" total="4201447424" percent="99" macro-fragmented="3110739">
      <mem type="soa" free="3983837344" total="3991375872" percent="99" />
      <mem type="loa" free="210071552" total="210071552" percent="100" />
    </mem>
    <remembered-set count="325" />
  </mem-info>
</gc-end>
<cycle-end id="423" type="scavenge" contextid="417" timestamp="2019-08-10T03:36:49.043" />
  <attribute name="elasticGC enabled" value="1" />
  <attribute name= "numThreadsSpecified" value="16" />
  <attribute name="heapSize specified" value="8519680" />
  <attribute name="Current GC Util" value="0" />
  <attribute name= "Current Time Running" value="9186" />
  <attribute name ="GC Interval" value="200" />
  <attribute name="ProportionalT" value="-40.000000" />
  <attribute name="ProportionalI" value="-40.000000" />
  <attribute name="ProportionalH" value="-40.000000" />
  <attribute name="Current Error" value="-80.000000" />
  <attribute name="IntegralT" value="-51600.000000" />
  <attribute name="IntegralI" value="-51600.000000" />
  <attribute name="IntegralH" value="-51600.000000" />
  <attribute name="DerivativeT" value="-0.062016" />
  <attribute name="DerivativeI" value="-0.062016" />
  <attribute name="DerivativeH" value="-0.062016" />
  <attribute name="Loop Time for DT" value="1290.000000" />
  <attribute name="Output H" value="4203675648"/>
  <attribute name="Output I" value="200"/>
  <attribute name="Output T" value="16"/>
  <attribute name="Target GC Util Change" value ="80.000000" />
  <attribute name="Current GC Util Change" value="0.000000"/>
  <attribute name="GC Util currently" value="0" />
  <attribute name="CPU Util currently" value="20" />
<allocation-satisfied id="424" threadId="0000000001B5DE00" bytesRequested="24" />
<af-end id="425" timestamp="2019-08-10T03:36:49.043" threadId="0000000001B5E788" success="true" from="nursery"/>
<exclusive-end id="426" timestamp="2019-08-10T03:36:49.043" durationms="3.802" />

<exclusive-start id="427" timestamp="2019-08-10T03:36:50.118" intervalms="1078.542">
  <response-info timems="0.582" idlems="0.553" threads="1" lastid="0000000001B70900" lastname="node-16" />
</exclusive-start>
<af-start id="428" threadId="0000000001B78A88" totalBytesRequested="48" timestamp="2019-08-10T03:36:50.118" intervalms="1078.557" type="nursery" />
<cycle-start id="429" type="scavenge" contextid="0" timestamp="2019-08-10T03:36:50.118" intervalms="1078.364" />
<gc-start id="430" type="scavenge" contextid="429" timestamp="2019-08-10T03:36:50.118">
  <mem-info id="431" free="4193908896" total="4203675648" percent="99">
    <mem type="nursery" free="0" total="2228224" percent="0">
      <mem type="allocate" free="0" total="1769472" percent="0" />
      <mem type="survivor" free="0" total="458752" percent="0" />
    </mem>
    <mem type="tenure" free="4193908896" total="4201447424" percent="99">
      <mem type="soa" free="3983837344" total="3991375872" percent="99" />
      <mem type="loa" free="210071552" total="210071552" percent="100" />
    </mem>
    <remembered-set count="419" />
  </mem-info>
</gc-start>
<allocation-stats totalBytes="1590448" >
  <allocated-bytes non-tlh="24" tlh="1590424" />
  <largest-consumer threadName="node-8" threadId="0000000001B74500" bytes="106480" />
</allocation-stats>
<gc-op id="432" type="scavenge" timems="3.357" contextid="429" timestamp="2019-08-10T03:36:50.122">
  <scavenger-info tenureage="3" tenuremask="ffe8" tiltratio="79" />
  <memory-copied type="nursery" objects="4843" bytes="120016" bytesdiscarded="57392" />
  <memory-copied type="tenure" objects="1069" bytes="25656" bytesdiscarded="0" />
</gc-op>
<gc-end id="433" type="scavenge" contextid="429" durationms="3.769" usertimems="1.817" systemtimems="2.992" timestamp="2019-08-10T03:36:50.122" activeThreads="16">
  <mem-info id="434" free="4195534240" total="4203675648" percent="99">
    <mem type="nursery" free="1657600" total="2228224" percent="74">
      <mem type="allocate" free="1657600" total="1835008" percent="90" />
      <mem type="survivor" free="0" total="393216" percent="0" />
    </mem>
    <mem type="tenure" free="4193876640" total="4201447424" percent="99" macro-fragmented="868149">
      <mem type="soa" free="3983805088" total="3991375872" percent="99" />
      <mem type="loa" free="210071552" total="210071552" percent="100" />
    </mem>
    <remembered-set count="346" />
  </mem-info>
</gc-end>
<cycle-end id="435" type="scavenge" contextid="429" timestamp="2019-08-10T03:36:50.122" />
  <attribute name="elasticGC enabled" value="1" />
  <attribute name= "numThreadsSpecified" value="16" />
  <attribute name="heapSize specified" value="8519680" />
  <attribute name="Current GC Util" value="0" />
  <attribute name= "Current Time Running" value="10265" />
  <attribute name ="GC Interval" value="200" />
  <attribute name="ProportionalT" value="-40.000000" />
  <attribute name="ProportionalI" value="-40.000000" />
  <attribute name="ProportionalH" value="-40.000000" />
  <attribute name="Current Error" value="-80.000000" />
  <attribute name="IntegralT" value="-43160.000000" />
  <attribute name="IntegralI" value="-43160.000000" />
  <attribute name="IntegralH" value="-43160.000000" />
  <attribute name="DerivativeT" value="-0.074143" />
  <attribute name="DerivativeI" value="-0.074143" />
  <attribute name="DerivativeH" value="-0.074143" />
  <attribute name="Loop Time for DT" value="1079.000000" />
  <attribute name="Output H" value="4203675648"/>
  <attribute name="Output I" value="200"/>
  <attribute name="Output T" value="16"/>
  <attribute name="Target GC Util Change" value ="80.000000" />
  <attribute name="Current GC Util Change" value="0.000000"/>
  <attribute name="GC Util currently" value="0" />
  <attribute name="CPU Util currently" value="19" />
<allocation-satisfied id="436" threadId="0000000001B78100" bytesRequested="48" />
<af-end id="437" timestamp="2019-08-10T03:36:50.122" threadId="0000000001B78A88" success="true" from="nursery"/>
<exclusive-end id="438" timestamp="2019-08-10T03:36:50.122" durationms="4.157" />

<exclusive-start id="439" timestamp="2019-08-10T03:36:51.320" intervalms="1201.999">
  <response-info timems="0.677" idlems="0.677" threads="0" lastid="0000000001B74500" lastname="node-8" />
</exclusive-start>
<af-start id="440" threadId="0000000001B74E88" totalBytesRequested="24" timestamp="2019-08-10T03:36:51.320" intervalms="1201.994" type="nursery" />
<cycle-start id="441" type="scavenge" contextid="0" timestamp="2019-08-10T03:36:51.320" intervalms="1202.020" />
<gc-start id="442" type="scavenge" contextid="441" timestamp="2019-08-10T03:36:51.320">
  <mem-info id="443" free="4193876640" total="4203675648" percent="99">
    <mem type="nursery" free="0" total="2228224" percent="0">
      <mem type="allocate" free="0" total="1835008" percent="0" />
      <mem type="survivor" free="0" total="393216" percent="0" />
    </mem>
    <mem type="tenure" free="4193876640" total="4201447424" percent="99">
      <mem type="soa" free="3983805088" total="3991375872" percent="99" />
      <mem type="loa" free="210071552" total="210071552" percent="100" />
    </mem>
    <remembered-set count="441" />
  </mem-info>
</gc-start>
<allocation-stats totalBytes="1654672" >
  <allocated-bytes non-tlh="48" tlh="1654624" />
  <largest-consumer threadName="node-13" threadId="0000000001B78100" bytes="90136" />
</allocation-stats>
<gc-op id="444" type="scavenge" timems="2.805" contextid="441" timestamp="2019-08-10T03:36:51.323">
  <scavenger-info tenureage="3" tenuremask="ffe8" tiltratio="82" />
  <memory-copied type="nursery" objects="5420" bytes="131568" bytesdiscarded="78096" />
  <memory-copied type="tenure" objects="1190" bytes="28544" bytesdiscarded="16" />
</gc-op>
<gc-end id="445" type="scavenge" contextid="441" durationms="3.343" usertimems="0.715" systemtimems="4.397" timestamp="2019-08-10T03:36:51.324" activeThreads="16">
  <mem-info id="446" free="4195535264" total="4203675648" percent="99">
    <mem type="nursery" free="1690880" total="2228224" percent="75">
      <mem type="allocate" free="1690880" total="1900544" percent="88" />
      <mem type="survivor" free="0" total="327680" percent="0" />
    </mem>
    <mem type="tenure" free="4193844384" total="4201447424" percent="99" macro-fragmented="124752">
      <mem type="soa" free="3983772832" total="3991375872" percent="99" />
      <mem type="loa" free="210071552" total="210071552" percent="100" />
    </mem>
    <remembered-set count="360" />
  </mem-info>
</gc-end>
<cycle-end id="447" type="scavenge" contextid="441" timestamp="2019-08-10T03:36:51.324" />
  <attribute name="elasticGC enabled" value="1" />
  <attribute name= "numThreadsSpecified" value="16" />
  <attribute name="heapSize specified" value="8519680" />
  <attribute name="Current GC Util" value="0" />
  <attribute name= "Current Time Running" value="11467" />
  <attribute name ="GC Interval" value="200" />
  <attribute name="ProportionalT" value="-40.000000" />
  <attribute name="ProportionalI" value="-40.000000" />
  <attribute name="ProportionalH" value="-40.000000" />
  <attribute name="Current Error" value="-80.000000" />
  <attribute name="IntegralT" value="-48080.000000" />
  <attribute name="IntegralI" value="-48080.000000" />
  <attribute name="IntegralH" value="-48080.000000" />
  <attribute name="DerivativeT" value="-0.066556" />
  <attribute name="DerivativeI" value="-0.066556" />
  <attribute name="DerivativeH" value="-0.066556" />
  <attribute name="Loop Time for DT" value="1202.000000" />
  <attribute name="Output H" value="4203675648"/>
  <attribute name="Output I" value="200"/>
  <attribute name="Output T" value="16"/>
  <attribute name="Target GC Util Change" value ="80.000000" />
  <attribute name="Current GC Util Change" value="0.000000"/>
  <attribute name="GC Util currently" value="0" />
  <attribute name="CPU Util currently" value="18" />
<allocation-satisfied id="448" threadId="0000000001B74500" bytesRequested="24" />
<af-end id="449" timestamp="2019-08-10T03:36:51.324" threadId="0000000001B74E88" success="true" from="nursery"/>
<exclusive-end id="450" timestamp="2019-08-10T03:36:51.324" durationms="3.821" />

<exclusive-start id="451" timestamp="2019-08-10T03:36:52.222" intervalms="901.613">
  <response-info timems="0.394" idlems="0.211" threads="1" lastid="0000000001B29700" lastname="node-10" />
</exclusive-start>
<af-start id="452" threadId="0000000001B80288" totalBytesRequested="24" timestamp="2019-08-10T03:36:52.222" intervalms="901.634" type="nursery" />
<cycle-start id="453" type="scavenge" contextid="0" timestamp="2019-08-10T03:36:52.222" intervalms="901.614" />
<gc-start id="454" type="scavenge" contextid="453" timestamp="2019-08-10T03:36:52.222">
  <mem-info id="455" free="4193844384" total="4203675648" percent="99">
    <mem type="nursery" free="0" total="2228224" percent="0">
      <mem type="allocate" free="0" total="1900544" percent="0" />
      <mem type="survivor" free="0" total="327680" percent="0" />
    </mem>
    <mem type="tenure" free="4193844384" total="4201447424" percent="99">
      <mem type="soa" free="3983772832" total="3991375872" percent="99" />
      <mem type="loa" free="210071552" total="210071552" percent="100" />
    </mem>
    <remembered-set count="437" />
  </mem-info>
</gc-start>
<allocation-stats totalBytes="1687344" >
  <allocated-bytes non-tlh="24" tlh="1687320" />
  <largest-consumer threadName="node-8" threadId="0000000001B74500" bytes="90120" />
</allocation-stats>
<gc-op id="456" type="scavenge" timems="2.018" contextid="453" timestamp="2019-08-10T03:36:52.224">
  <scavenger-info tenureage="3" tenuremask="ffe8" tiltratio="85" />
  <memory-copied type="nursery" objects="4649" bytes="113144" bytesdiscarded="32008" />
  <memory-copied type="tenure" objects="2000" bytes="48000" bytesdiscarded="384" />
</gc-op>
<gc-end id="457" type="scavenge" contextid="453" durationms="2.569" usertimems="2.803" systemtimems="1.564" timestamp="2019-08-10T03:36:52.224" activeThreads="16">
  <mem-info id="458" free="4195551392" total="4203675648" percent="99">
    <mem type="nursery" free="1755392" total="2228224" percent="78">
      <mem type="allocate" free="1755392" total="1900544" percent="92" />
      <mem type="survivor" free="0" total="327680" percent="0" />
    </mem>
    <mem type="tenure" free="4193796000" total="4201447424" percent="99" macro-fragmented="3732887">
      <mem type="soa" free="3983724448" total="3991375872" percent="99" />
      <mem type="loa" free="210071552" total="210071552" percent="100" />
    </mem>
    <remembered-set count="355" />
  </mem-info>
</gc-end>
<cycle-end id="459" type="scavenge" contextid="453" timestamp="2019-08-10T03:36:52.225" />
  <attribute name="elasticGC enabled" value="1" />
  <attribute name= "numThreadsSpecified" value="16" />
  <attribute name="heapSize specified" value="8519680" />
  <attribute name="Current GC Util" value="0" />
  <attribute name= "Current Time Running" value="12368" />
  <attribute name ="GC Interval" value="200" />
  <attribute name="ProportionalT" value="-40.000000" />
  <attribute name="ProportionalI" value="-40.000000" />
  <attribute name="ProportionalH" value="-40.000000" />
  <attribute name="Current Error" value="-80.000000" />
  <attribute name="IntegralT" value="-36040.000000" />
  <attribute name="IntegralI" value="-36040.000000" />
  <attribute name="IntegralH" value="-36040.000000" />
  <attribute name="DerivativeT" value="-0.088790" />
  <attribute name="DerivativeI" value="-0.088790" />
  <attribute name="DerivativeH" value="-0.088790" />
  <attribute name="Loop Time for DT" value="901.000000" />
  <attribute name="Output H" value="4203675648"/>
  <attribute name="Output I" value="200"/>
  <attribute name="Output T" value="16"/>
  <attribute name="Target GC Util Change" value ="80.000000" />
  <attribute name="Current GC Util Change" value="0.000000"/>
  <attribute name="GC Util currently" value="0" />
  <attribute name="CPU Util currently" value="18" />
<allocation-satisfied id="460" threadId="0000000001B7F900" bytesRequested="24" />
<af-end id="461" timestamp="2019-08-10T03:36:52.225" threadId="0000000001B80288" success="true" from="nursery"/>
<exclusive-end id="462" timestamp="2019-08-10T03:36:52.225" durationms="2.923" />

<exclusive-start id="463" timestamp="2019-08-10T03:36:53.380" intervalms="1158.382">
  <response-info timems="1.809" idlems="1.257" threads="1" lastid="0000000001B78100" lastname="node-13" />
</exclusive-start>
<af-start id="464" threadId="0000000001B80288" totalBytesRequested="16" timestamp="2019-08-10T03:36:53.380" intervalms="1158.354" type="nursery" />
<cycle-start id="465" type="scavenge" contextid="0" timestamp="2019-08-10T03:36:53.380" intervalms="1158.469" />
<gc-start id="466" type="scavenge" contextid="465" timestamp="2019-08-10T03:36:53.380">
  <mem-info id="467" free="4193796000" total="4203675648" percent="99">
    <mem type="nursery" free="0" total="2228224" percent="0">
      <mem type="allocate" free="0" total="1900544" percent="0" />
      <mem type="survivor" free="0" total="327680" percent="0" />
    </mem>
    <mem type="tenure" free="4193796000" total="4201447424" percent="99">
      <mem type="soa" free="3983724448" total="3991375872" percent="99" />
      <mem type="loa" free="210071552" total="210071552" percent="100" />
    </mem>
    <remembered-set count="436" />
  </mem-info>
</gc-start>
<allocation-stats totalBytes="1753728" >
  <allocated-bytes non-tlh="24" tlh="1753704" />
  <largest-consumer threadName="node-10" threadId="0000000001B29700" bytes="90104" />
</allocation-stats>
<gc-op id="468" type="scavenge" timems="2.842" contextid="465" timestamp="2019-08-10T03:36:53.383">
  <scavenger-info tenureage="3" tenuremask="ffe8" tiltratio="85" />
  <memory-copied type="nursery" objects="4950" bytes="130752" bytesdiscarded="78912" />
  <memory-copied type="tenure" objects="1516" bytes="36384" bytesdiscarded="0" />
</gc-op>
<gc-end id="469" type="scavenge" contextid="465" durationms="3.556" usertimems="0.541" systemtimems="4.255" timestamp="2019-08-10T03:36:53.384" activeThreads="16">
  <mem-info id="470" free="4195438496" total="4203675648" percent="99">
    <mem type="nursery" free="1690880" total="2228224" percent="75">
      <mem type="allocate" free="1690880" total="1900544" percent="88" />
      <mem type="survivor" free="0" total="327680" percent="0" />
    </mem>
    <mem type="tenure" free="4193747616" total="4201447424" percent="99" macro-fragmented="5375357">
      <mem type="soa" free="3983676064" total="3991375872" percent="99" />
      <mem type="loa" free="210071552" total="210071552" percent="100" />
    </mem>
    <remembered-set count="338" />
  </mem-info>
</gc-end>
<cycle-end id="471" type="scavenge" contextid="465" timestamp="2019-08-10T03:36:53.385" />
  <attribute name="elasticGC enabled" value="1" />
  <attribute name= "numThreadsSpecified" value="16" />
  <attribute name="heapSize specified" value="8519680" />
  <attribute name="Current GC Util" value="0" />
  <attribute name= "Current Time Running" value="13527" />
  <attribute name ="GC Interval" value="200" />
  <attribute name="ProportionalT" value="-40.000000" />
  <attribute name="ProportionalI" value="-40.000000" />
  <attribute name="ProportionalH" value="-40.000000" />
  <attribute name="Current Error" value="-80.000000" />
  <attribute name="IntegralT" value="-46360.000000" />
  <attribute name="IntegralI" value="-46360.000000" />
  <attribute name="IntegralH" value="-46360.000000" />
  <attribute name="DerivativeT" value="-0.069025" />
  <attribute name="DerivativeI" value="-0.069025" />
  <attribute name="DerivativeH" value="-0.069025" />
  <attribute name="Loop Time for DT" value="1159.000000" />
  <attribute name="Output H" value="4203675648"/>
  <attribute name="Output I" value="200"/>
  <attribute name="Output T" value="16"/>
  <attribute name="Target GC Util Change" value ="80.000000" />
  <attribute name="Current GC Util Change" value="0.000000"/>
  <attribute name="GC Util currently" value="0" />
  <attribute name="CPU Util currently" value="19" />
<allocation-satisfied id="472" threadId="0000000001B7F900" bytesRequested="16" />
<af-end id="473" timestamp="2019-08-10T03:36:53.385" threadId="0000000001B80288" success="true" from="nursery"/>
<exclusive-end id="474" timestamp="2019-08-10T03:36:53.385" durationms="5.156" />

<exclusive-start id="475" timestamp="2019-08-10T03:36:54.131" intervalms="750.570">
  <response-info timems="0.153" idlems="0.153" threads="0" lastid="0000000001B34B00" lastname="node-23" />
</exclusive-start>
<af-start id="476" threadId="0000000001B35488" totalBytesRequested="32" timestamp="2019-08-10T03:36:54.131" intervalms="750.558" type="nursery" />
<cycle-start id="477" type="scavenge" contextid="0" timestamp="2019-08-10T03:36:54.131" intervalms="750.440" />
<gc-start id="478" type="scavenge" contextid="477" timestamp="2019-08-10T03:36:54.131">
  <mem-info id="479" free="4193747616" total="4203675648" percent="99">
    <mem type="nursery" free="0" total="2228224" percent="0">
      <mem type="allocate" free="0" total="1900544" percent="0" />
      <mem type="survivor" free="0" total="327680" percent="0" />
    </mem>
    <mem type="tenure" free="4193747616" total="4201447424" percent="99">
      <mem type="soa" free="3983676064" total="3991375872" percent="99" />
      <mem type="loa" free="210071552" total="210071552" percent="100" />
    </mem>
    <remembered-set count="425" />
  </mem-info>
</gc-start>
<allocation-stats totalBytes="1688248" >
  <allocated-bytes non-tlh="16" tlh="1688232" />
  <largest-consumer threadName="node-1" threadId="0000000001B5DE00" bytes="90096" />
</allocation-stats>
<gc-op id="480" type="scavenge" timems="2.319" contextid="477" timestamp="2019-08-10T03:36:54.133">
  <scavenger-info tenureage="3" tenuremask="ffe8" tiltratio="85" />
  <memory-copied type="nursery" objects="4098" bytes="99992" bytesdiscarded="45160" />
  <memory-copied type="tenure" objects="1781" bytes="42736" bytesdiscarded="0" />
</gc-op>
<gc-end id="481" type="scavenge" contextid="477" durationms="2.840" usertimems="4.011" systemtimems="2.682" timestamp="2019-08-10T03:36:54.134" activeThreads="16">
  <mem-info id="482" free="4195520160" total="4203675648" percent="99">
    <mem type="nursery" free="1820928" total="2228224" percent="81">
      <mem type="allocate" free="1820928" total="1966080" percent="92" />
      <mem type="survivor" free="0" total="262144" percent="0" />
    </mem>
    <mem type="tenure" free="4193699232" total="4201447424" percent="99" macro-fragmented="0">
      <mem type="soa" free="3983627680" total="3991375872" percent="99" />
      <mem type="loa" free="210071552" total="210071552" percent="100" />
    </mem>
    <remembered-set count="348" />
  </mem-info>
</gc-end>
<cycle-end id="483" type="scavenge" contextid="477" timestamp="2019-08-10T03:36:54.134" />
  <attribute name="elasticGC enabled" value="1" />
  <attribute name= "numThreadsSpecified" value="16" />
  <attribute name="heapSize specified" value="8519680" />
  <attribute name="Current GC Util" value="0" />
  <attribute name= "Current Time Running" value="14277" />
  <attribute name ="GC Interval" value="200" />
  <attribute name="ProportionalT" value="-40.000000" />
  <attribute name="ProportionalI" value="-40.000000" />
  <attribute name="ProportionalH" value="-40.000000" />
  <attribute name="Current Error" value="-80.000000" />
  <attribute name="IntegralT" value="-30000.000000" />
  <attribute name="IntegralI" value="-30000.000000" />
  <attribute name="IntegralH" value="-30000.000000" />
  <attribute name="DerivativeT" value="-0.106667" />
  <attribute name="DerivativeI" value="-0.106667" />
  <attribute name="DerivativeH" value="-0.106667" />
  <attribute name="Loop Time for DT" value="750.000000" />
  <attribute name="Output H" value="4203675648"/>
  <attribute name="Output I" value="200"/>
  <attribute name="Output T" value="16"/>
  <attribute name="Target GC Util Change" value ="80.000000" />
  <attribute name="Current GC Util Change" value="0.000000"/>
  <attribute name="GC Util currently" value="0" />
  <attribute name="CPU Util currently" value="18" />
<allocation-satisfied id="484" threadId="0000000001B34B00" bytesRequested="32" />
<af-end id="485" timestamp="2019-08-10T03:36:54.134" threadId="0000000001B35488" success="true" from="nursery"/>
<exclusive-end id="486" timestamp="2019-08-10T03:36:54.134" durationms="3.382" />

<exclusive-start id="487" timestamp="2019-08-10T03:36:54.893" intervalms="762.552">
  <response-info timems="0.051" idlems="0.051" threads="0" lastid="0000000001B65600" lastname="node-4" />
</exclusive-start>
<af-start id="488" threadId="0000000001B65F88" totalBytesRequested="24" timestamp="2019-08-10T03:36:54.893" intervalms="762.551" type="nursery" />
<cycle-start id="489" type="scavenge" contextid="0" timestamp="2019-08-10T03:36:54.893" intervalms="762.556" />
<gc-start id="490" type="scavenge" contextid="489" timestamp="2019-08-10T03:36:54.893">
  <mem-info id="491" free="4193699232" total="4203675648" percent="99">
    <mem type="nursery" free="0" total="2228224" percent="0">
      <mem type="allocate" free="0" total="1966080" percent="0" />
      <mem type="survivor" free="0" total="262144" percent="0" />
    </mem>
    <mem type="tenure" free="4193699232" total="4201447424" percent="99">
      <mem type="soa" free="3983627680" total="3991375872" percent="99" />
      <mem type="loa" free="210071552" total="210071552" percent="100" />
    </mem>
    <remembered-set count="411" />
  </mem-info>
</gc-start>
<allocation-stats totalBytes="1819080" >
  <allocated-bytes non-tlh="32" tlh="1819048" />
  <largest-consumer threadName="node-23" threadId="0000000001B34B00" bytes="90128" />
</allocation-stats>
<gc-op id="492" type="scavenge" timems="1.583" contextid="489" timestamp="2019-08-10T03:36:54.895">
  <scavenger-info tenureage="3" tenuremask="ffe8" tiltratio="88" />
  <memory-copied type="nursery" objects="4004" bytes="97736" bytesdiscarded="15160" />
  <memory-copied type="tenure" objects="1224" bytes="29376" bytesdiscarded="8" />
</gc-op>
<gc-end id="493" type="scavenge" contextid="489" durationms="2.175" usertimems="2.086" systemtimems="0.779" timestamp="2019-08-10T03:36:54.896" activeThreads="16">
  <mem-info id="494" free="4195520160" total="4203675648" percent="99">
    <mem type="nursery" free="1853184" total="2228224" percent="83">
      <mem type="allocate" free="1853184" total="1966080" percent="94" />
      <mem type="survivor" free="0" total="262144" percent="0" />
    </mem>
    <mem type="tenure" free="4193666976" total="4201447424" percent="99" macro-fragmented="3110739">
      <mem type="soa" free="3983595424" total="3991375872" percent="99" />
      <mem type="loa" free="210071552" total="210071552" percent="100" />
    </mem>
    <remembered-set count="345" />
  </mem-info>
</gc-end>
<cycle-end id="495" type="scavenge" contextid="489" timestamp="2019-08-10T03:36:54.896" />
  <attribute name="elasticGC enabled" value="1" />
  <attribute name= "numThreadsSpecified" value="16" />
  <attribute name="heapSize specified" value="8519680" />
  <attribute name="Current GC Util" value="0" />
  <attribute name= "Current Time Running" value="15040" />
  <attribute name ="GC Interval" value="200" />
  <attribute name="ProportionalT" value="-40.000000" />
  <attribute name="ProportionalI" value="-40.000000" />
  <attribute name="ProportionalH" value="-40.000000" />
  <attribute name="Current Error" value="-80.000000" />
  <attribute name="IntegralT" value="-30520.000000" />
  <attribute name="IntegralI" value="-30520.000000" />
  <attribute name="IntegralH" value="-30520.000000" />
  <attribute name="DerivativeT" value="-0.104849" />
  <attribute name="DerivativeI" value="-0.104849" />
  <attribute name="DerivativeH" value="-0.104849" />
  <attribute name="Loop Time for DT" value="763.000000" />
  <attribute name="Output H" value="4203675648"/>
  <attribute name="Output I" value="200"/>
  <attribute name="Output T" value="16"/>
  <attribute name="Target GC Util Change" value ="80.000000" />
  <attribute name="Current GC Util Change" value="0.000000"/>
  <attribute name="GC Util currently" value="0" />
  <attribute name="CPU Util currently" value="17" />
<allocation-satisfied id="496" threadId="0000000001B65600" bytesRequested="24" />
<af-end id="497" timestamp="2019-08-10T03:36:54.896" threadId="0000000001B65F88" success="true" from="nursery"/>
<exclusive-end id="498" timestamp="2019-08-10T03:36:54.896" durationms="2.558" />

<exclusive-start id="499" timestamp="2019-08-10T03:36:55.550" intervalms="656.408">
  <response-info timems="0.211" idlems="0.211" threads="0" lastid="0000000001B3FF00" lastname="node-14" />
</exclusive-start>
<af-start id="500" threadId="0000000001B40888" totalBytesRequested="24" timestamp="2019-08-10T03:36:55.550" intervalms="656.446" type="nursery" />
<cycle-start id="501" type="scavenge" contextid="0" timestamp="2019-08-10T03:36:55.550" intervalms="656.443" />
<gc-start id="502" type="scavenge" contextid="501" timestamp="2019-08-10T03:36:55.550">
  <mem-info id="503" free="4193666976" total="4203675648" percent="99">
    <mem type="nursery" free="0" total="2228224" percent="0">
      <mem type="allocate" free="0" total="1966080" percent="0" />
      <mem type="survivor" free="0" total="262144" percent="0" />
    </mem>
    <mem type="tenure" free="4193666976" total="4201447424" percent="99">
      <mem type="soa" free="3983595424" total="3991375872" percent="99" />
      <mem type="loa" free="210071552" total="210071552" percent="100" />
    </mem>
    <remembered-set count="409" />
  </mem-info>
</gc-start>
<allocation-stats totalBytes="1846960" >
  <allocated-bytes non-tlh="24" tlh="1846936" />
  <largest-consumer threadName="node-7" threadId="0000000001B7BD00" bytes="90096" />
</allocation-stats>
<gc-op id="504" type="scavenge" timems="1.723" contextid="501" timestamp="2019-08-10T03:36:55.552">
  <scavenger-info tenureage="3" tenuremask="ffe8" tiltratio="88" />
  <memory-copied type="nursery" objects="3068" bytes="75272" bytesdiscarded="69880" />
  <memory-copied type="tenure" objects="1780" bytes="42720" bytesdiscarded="0" />
</gc-op>
<gc-end id="505" type="scavenge" contextid="501" durationms="2.296" usertimems="1.449" systemtimems="2.735" timestamp="2019-08-10T03:36:55.552" activeThreads="16">
  <mem-info id="506" free="4195439520" total="4203675648" percent="99">
    <mem type="nursery" free="1820928" total="2228224" percent="81">
      <mem type="allocate" free="1820928" total="1966080" percent="92" />
      <mem type="survivor" free="0" total="262144" percent="0" />
    </mem>
    <mem type="tenure" free="4193618592" total="4201447424" percent="99" macro-fragmented="348889">
      <mem type="soa" free="3983547040" total="3991375872" percent="99" />
      <mem type="loa" free="210071552" total="210071552" percent="100" />
    </mem>
    <remembered-set count="337" />
  </mem-info>
</gc-end>
<cycle-end id="507" type="scavenge" contextid="501" timestamp="2019-08-10T03:36:55.553" />
  <attribute name="elasticGC enabled" value="1" />
  <attribute name= "numThreadsSpecified" value="16" />
  <attribute name="heapSize specified" value="8519680" />
  <attribute name="Current GC Util" value="0" />
  <attribute name= "Current Time Running" value="15696" />
  <attribute name ="GC Interval" value="200" />
  <attribute name="ProportionalT" value="-40.000000" />
  <attribute name="ProportionalI" value="-40.000000" />
  <attribute name="ProportionalH" value="-40.000000" />
  <attribute name="Current Error" value="-80.000000" />
  <attribute name="IntegralT" value="-26240.000000" />
  <attribute name="IntegralI" value="-26240.000000" />
  <attribute name="IntegralH" value="-26240.000000" />
  <attribute name="DerivativeT" value="-0.121951" />
  <attribute name="DerivativeI" value="-0.121951" />
  <attribute name="DerivativeH" value="-0.121951" />
  <attribute name="Loop Time for DT" value="656.000000" />
  <attribute name="Output H" value="4203675648"/>
  <attribute name="Output I" value="200"/>
  <attribute name="Output T" value="16"/>
  <attribute name="Target GC Util Change" value ="80.000000" />
  <attribute name="Current GC Util Change" value="0.000000"/>
  <attribute name="GC Util currently" value="0" />
  <attribute name="CPU Util currently" value="16" />
<allocation-satisfied id="508" threadId="0000000001B3FF00" bytesRequested="24" />
<af-end id="509" timestamp="2019-08-10T03:36:55.553" threadId="0000000001B40888" success="true" from="nursery"/>
<exclusive-end id="510" timestamp="2019-08-10T03:36:55.553" durationms="3.106" />

<exclusive-start id="511" timestamp="2019-08-10T03:36:56.016" intervalms="466.496">
  <response-info timems="0.555" idlems="0.555" threads="0" lastid="0000000001B5A200" lastname="node-2" />
</exclusive-start>
<af-start id="512" threadId="0000000001B5AB88" totalBytesRequested="32" timestamp="2019-08-10T03:36:56.016" intervalms="466.493" type="nursery" />
<cycle-start id="513" type="scavenge" contextid="0" timestamp="2019-08-10T03:36:56.016" intervalms="466.494" />
<gc-start id="514" type="scavenge" contextid="513" timestamp="2019-08-10T03:36:56.016">
  <mem-info id="515" free="4193618592" total="4203675648" percent="99">
    <mem type="nursery" free="0" total="2228224" percent="0">
      <mem type="allocate" free="0" total="1966080" percent="0" />
      <mem type="survivor" free="0" total="262144" percent="0" />
    </mem>
    <mem type="tenure" free="4193618592" total="4201447424" percent="99">
      <mem type="soa" free="3983547040" total="3991375872" percent="99" />
      <mem type="loa" free="210071552" total="210071552" percent="100" />
    </mem>
    <remembered-set count="396" />
  </mem-info>
</gc-start>
<allocation-stats totalBytes="1816992" >
  <allocated-bytes non-tlh="24" tlh="1816968" />
  <largest-consumer threadName="node-14" threadId="0000000001B3FF00" bytes="90120" />
</allocation-stats>
<gc-op id="516" type="scavenge" timems="2.790" contextid="513" timestamp="2019-08-10T03:36:56.019">
  <scavenger-info tenureage="3" tenuremask="ffe8" tiltratio="88" />
  <memory-copied type="nursery" objects="2727" bytes="67088" bytesdiscarded="45808" />
  <memory-copied type="tenure" objects="958" bytes="22992" bytesdiscarded="0" />
</gc-op>
<gc-end id="517" type="scavenge" contextid="513" durationms="3.147" usertimems="2.942" systemtimems="1.748" timestamp="2019-08-10T03:36:56.019" activeThreads="16">
  <mem-info id="518" free="4195455648" total="4203675648" percent="99">
    <mem type="nursery" free="1853184" total="2228224" percent="83">
      <mem type="allocate" free="1853184" total="1966080" percent="94" />
      <mem type="survivor" free="0" total="262144" percent="0" />
    </mem>
    <mem type="tenure" free="4193602464" total="4201447424" percent="99" macro-fragmented="124752">
      <mem type="soa" free="3983530912" total="3991375872" percent="99" />
      <mem type="loa" free="210071552" total="210071552" percent="100" />
    </mem>
    <remembered-set count="335" />
  </mem-info>
</gc-end>
<cycle-end id="519" type="scavenge" contextid="513" timestamp="2019-08-10T03:36:56.020" />
  <attribute name="elasticGC enabled" value="1" />
  <attribute name= "numThreadsSpecified" value="16" />
  <attribute name="heapSize specified" value="8519680" />
  <attribute name="Current GC Util" value="0" />
  <attribute name= "Current Time Running" value="16162" />
  <attribute name ="GC Interval" value="200" />
  <attribute name="ProportionalT" value="-40.000000" />
  <attribute name="ProportionalI" value="-40.000000" />
  <attribute name="ProportionalH" value="-40.000000" />
  <attribute name="Current Error" value="-80.000000" />
  <attribute name="IntegralT" value="-18640.000000" />
  <attribute name="IntegralI" value="-18640.000000" />
  <attribute name="IntegralH" value="-18640.000000" />
  <attribute name="DerivativeT" value="-0.171674" />
  <attribute name="DerivativeI" value="-0.171674" />
  <attribute name="DerivativeH" value="-0.171674" />
  <attribute name="Loop Time for DT" value="466.000000" />
  <attribute name="Output H" value="4203675648"/>
  <attribute name="Output I" value="200"/>
  <attribute name="Output T" value="16"/>
  <attribute name="Target GC Util Change" value ="80.000000" />
  <attribute name="Current GC Util Change" value="0.000000"/>
  <attribute name="GC Util currently" value="0" />
  <attribute name="CPU Util currently" value="15" />
<allocation-satisfied id="520" threadId="0000000001B5A200" bytesRequested="32" />
<af-end id="521" timestamp="2019-08-10T03:36:56.020" threadId="0000000001B5AB88" success="true" from="nursery"/>
<exclusive-end id="522" timestamp="2019-08-10T03:36:56.020" durationms="3.531" />

<exclusive-start id="523" timestamp="2019-08-10T03:36:56.895" intervalms="878.463">
  <response-info timems="0.441" idlems="0.234" threads="1" lastid="0000000001B7F900" lastname="node-0" />
</exclusive-start>
<af-start id="524" threadId="0000000001B56F88" totalBytesRequested="24" timestamp="2019-08-10T03:36:56.895" intervalms="878.446" type="nursery" />
<cycle-start id="525" type="scavenge" contextid="0" timestamp="2019-08-10T03:36:56.895" intervalms="878.440" />
<gc-start id="526" type="scavenge" contextid="525" timestamp="2019-08-10T03:36:56.895">
  <mem-info id="527" free="4193602464" total="4203675648" percent="99">
    <mem type="nursery" free="0" total="2228224" percent="0">
      <mem type="allocate" free="0" total="1966080" percent="0" />
      <mem type="survivor" free="0" total="262144" percent="0" />
    </mem>
    <mem type="tenure" free="4193602464" total="4201447424" percent="99">
      <mem type="soa" free="3983530912" total="3991375872" percent="99" />
      <mem type="loa" free="210071552" total="210071552" percent="100" />
    </mem>
    <remembered-set count="409" />
  </mem-info>
</gc-start>
<allocation-stats totalBytes="1850600" >
  <allocated-bytes non-tlh="32" tlh="1850568" />
  <largest-consumer threadName="node-7" threadId="0000000001B7BD00" bytes="90104" />
</allocation-stats>
<gc-op id="528" type="scavenge" timems="2.836" contextid="525" timestamp="2019-08-10T03:36:56.898">
  <scavenger-info tenureage="3" tenuremask="4008" tiltratio="88" />
  <memory-copied type="nursery" objects="2566" bytes="60688" bytesdiscarded="19952" />
  <memory-copied type="tenure" objects="1132" bytes="27168" bytesdiscarded="0" />
</gc-op>
<gc-end id="529" type="scavenge" contextid="525" durationms="3.200" usertimems="3.764" systemtimems="3.520" timestamp="2019-08-10T03:36:56.898" activeThreads="16">
  <mem-info id="530" free="4195455648" total="4203675648" percent="99">
    <mem type="nursery" free="1885440" total="2228224" percent="84">
      <mem type="allocate" free="1885440" total="1966080" percent="95" />
      <mem type="survivor" free="0" total="262144" percent="0" />
    </mem>
    <mem type="tenure" free="4193570208" total="4201447424" percent="99" macro-fragmented="0">
      <mem type="soa" free="3983498656" total="3991375872" percent="99" />
      <mem type="loa" free="210071552" total="210071552" percent="100" />
    </mem>
    <remembered-set count="314" />
  </mem-info>
</gc-end>
<cycle-end id="531" type="scavenge" contextid="525" timestamp="2019-08-10T03:36:56.898" />
  <attribute name="elasticGC enabled" value="1" />
  <attribute name= "numThreadsSpecified" value="16" />
  <attribute name="heapSize specified" value="8519680" />
  <attribute name="Current GC Util" value="0" />
  <attribute name= "Current Time Running" value="17041" />
  <attribute name ="GC Interval" value="200" />
  <attribute name="ProportionalT" value="-40.000000" />
  <attribute name="ProportionalI" value="-40.000000" />
  <attribute name="ProportionalH" value="-40.000000" />
  <attribute name="Current Error" value="-80.000000" />
  <attribute name="IntegralT" value="-35160.000000" />
  <attribute name="IntegralI" value="-35160.000000" />
  <attribute name="IntegralH" value="-35160.000000" />
  <attribute name="DerivativeT" value="-0.091013" />
  <attribute name="DerivativeI" value="-0.091013" />
  <attribute name="DerivativeH" value="-0.091013" />
  <attribute name="Loop Time for DT" value="879.000000" />
  <attribute name="Output H" value="4203675648"/>
  <attribute name="Output I" value="200"/>
  <attribute name="Output T" value="16"/>
  <attribute name="Target GC Util Change" value ="80.000000" />
  <attribute name="Current GC Util Change" value="0.000000"/>
  <attribute name="GC Util currently" value="0" />
  <attribute name="CPU Util currently" value="17" />
<allocation-satisfied id="532" threadId="0000000001B56600" bytesRequested="24" />
<af-end id="533" timestamp="2019-08-10T03:36:56.898" threadId="0000000001B56F88" success="true" from="nursery"/>
<exclusive-end id="534" timestamp="2019-08-10T03:36:56.898" durationms="3.648" />

<exclusive-start id="535" timestamp="2019-08-10T03:36:57.688" intervalms="793.819">
  <response-info timems="1.098" idlems="0.484" threads="2" lastid="0000000001B83500" lastname="node-20" />
</exclusive-start>
<af-start id="536" threadId="0000000001B80288" totalBytesRequested="16" timestamp="2019-08-10T03:36:57.689" intervalms="794.038" type="nursery" />
<cycle-start id="537" type="scavenge" contextid="0" timestamp="2019-08-10T03:36:57.689" intervalms="794.243" />
<gc-start id="538" type="scavenge" contextid="537" timestamp="2019-08-10T03:36:57.689">
  <mem-info id="539" free="4193570208" total="4203675648" percent="99">
    <mem type="nursery" free="0" total="2228224" percent="0">
      <mem type="allocate" free="0" total="1966080" percent="0" />
      <mem type="survivor" free="0" total="262144" percent="0" />
    </mem>
    <mem type="tenure" free="4193570208" total="4201447424" percent="99">
      <mem type="soa" free="3983498656" total="3991375872" percent="99" />
      <mem type="loa" free="210071552" total="210071552" percent="100" />
    </mem>
    <remembered-set count="410" />
  </mem-info>
</gc-start>
<allocation-stats totalBytes="1883904" >
  <allocated-bytes non-tlh="24" tlh="1883880" />
  <largest-consumer threadName="node-16" threadId="0000000001B70900" bytes="90112" />
</allocation-stats>
<gc-op id="540" type="scavenge" timems="3.424" contextid="537" timestamp="2019-08-10T03:36:57.693">
  <scavenger-info tenureage="2" tenuremask="4004" tiltratio="88" />
  <memory-copied type="nursery" objects="3087" bytes="88560" bytesdiscarded="56592" />
  <memory-copied type="tenure" objects="616" bytes="14784" bytesdiscarded="0" />
</gc-op>
<gc-end id="541" type="scavenge" contextid="537" durationms="4.405" usertimems="0.000" systemtimems="6.229" timestamp="2019-08-10T03:36:57.693" activeThreads="16">
  <mem-info id="542" free="4195375008" total="4203675648" percent="99">
    <mem type="nursery" free="1820928" total="2228224" percent="81">
      <mem type="allocate" free="1820928" total="1966080" percent="92" />
      <mem type="survivor" free="0" total="262144" percent="0" />
    </mem>
    <mem type="tenure" free="4193554080" total="4201447424" percent="99" macro-fragmented="0">
      <mem type="soa" free="3983482528" total="3991375872" percent="99" />
      <mem type="loa" free="210071552" total="210071552" percent="100" />
    </mem>
    <remembered-set count="330" />
  </mem-info>
</gc-end>
<cycle-end id="543" type="scavenge" contextid="537" timestamp="2019-08-10T03:36:57.694" />
  <attribute name="elasticGC enabled" value="1" />
  <attribute name= "numThreadsSpecified" value="16" />
  <attribute name="heapSize specified" value="8519680" />
  <attribute name="Current GC Util" value="0" />
  <attribute name= "Current Time Running" value="17836" />
  <attribute name ="GC Interval" value="200" />
  <attribute name="ProportionalT" value="-40.000000" />
  <attribute name="ProportionalI" value="-40.000000" />
  <attribute name="ProportionalH" value="-40.000000" />
  <attribute name="Current Error" value="-80.000000" />
  <attribute name="IntegralT" value="-31800.000000" />
  <attribute name="IntegralI" value="-31800.000000" />
  <attribute name="IntegralH" value="-31800.000000" />
  <attribute name="DerivativeT" value="-0.100629" />
  <attribute name="DerivativeI" value="-0.100629" />
  <attribute name="DerivativeH" value="-0.100629" />
  <attribute name="Loop Time for DT" value="795.000000" />
  <attribute name="Output H" value="4203675648"/>
  <attribute name="Output I" value="200"/>
  <attribute name="Output T" value="16"/>
  <attribute name="Target GC Util Change" value ="80.000000" />
  <attribute name="Current GC Util Change" value="0.000000"/>
  <attribute name="GC Util currently" value="0" />
  <attribute name="CPU Util currently" value="17" />
<allocation-satisfied id="544" threadId="0000000001B7F900" bytesRequested="16" />
<af-end id="545" timestamp="2019-08-10T03:36:57.694" threadId="0000000001B80288" success="true" from="nursery"/>
<exclusive-end id="546" timestamp="2019-08-10T03:36:57.694" durationms="5.753" />

<exclusive-start id="547" timestamp="2019-08-10T03:36:58.480" intervalms="791.099">
  <response-info timems="0.063" idlems="0.063" threads="0" lastid="0000000001B4EE00" lastname="node-21" />
</exclusive-start>
<af-start id="548" threadId="0000000001B4F788" totalBytesRequested="32" timestamp="2019-08-10T03:36:58.480" intervalms="790.861" type="nursery" />
<cycle-start id="549" type="scavenge" contextid="0" timestamp="2019-08-10T03:36:58.480" intervalms="790.654" />
<gc-start id="550" type="scavenge" contextid="549" timestamp="2019-08-10T03:36:58.480">
  <mem-info id="551" free="4193554080" total="4203675648" percent="99">
    <mem type="nursery" free="0" total="2228224" percent="0">
      <mem type="allocate" free="0" total="1966080" percent="0" />
      <mem type="survivor" free="0" total="262144" percent="0" />
    </mem>
    <mem type="tenure" free="4193554080" total="4201447424" percent="99">
      <mem type="soa" free="3983482528" total="3991375872" percent="99" />
      <mem type="loa" free="210071552" total="210071552" percent="100" />
    </mem>
    <remembered-set count="420" />
  </mem-info>
</gc-start>
<allocation-stats totalBytes="1818744" >
  <allocated-bytes non-tlh="16" tlh="1818728" />
  <largest-consumer threadName="node-25" threadId="0000000001B69200" bytes="90088" />
</allocation-stats>
<gc-op id="552" type="scavenge" timems="1.370" contextid="549" timestamp="2019-08-10T03:36:58.481">
  <scavenger-info tenureage="2" tenuremask="4014" tiltratio="88" />
  <memory-copied type="nursery" objects="2327" bytes="57560" bytesdiscarded="39208" />
  <memory-copied type="tenure" objects="1838" bytes="44112" bytesdiscarded="0" />
</gc-op>
<gc-end id="553" type="scavenge" contextid="549" durationms="1.979" usertimems="1.609" systemtimems="1.694" timestamp="2019-08-10T03:36:58.482" activeThreads="16">
  <mem-info id="554" free="4195375008" total="4203675648" percent="99">
    <mem type="nursery" free="1869312" total="2228224" percent="83">
      <mem type="allocate" free="1869312" total="1966080" percent="95" />
      <mem type="survivor" free="0" total="262144" percent="0" />
    </mem>
    <mem type="tenure" free="4193505696" total="4201447424" percent="99" macro-fragmented="168253">
      <mem type="soa" free="3983434144" total="3991375872" percent="99" />
      <mem type="loa" free="210071552" total="210071552" percent="100" />
    </mem>
    <remembered-set count="327" />
  </mem-info>
</gc-end>
<cycle-end id="555" type="scavenge" contextid="549" timestamp="2019-08-10T03:36:58.482" />
  <attribute name="elasticGC enabled" value="1" />
  <attribute name= "numThreadsSpecified" value="16" />
  <attribute name="heapSize specified" value="8519680" />
  <attribute name="Current GC Util" value="0" />
  <attribute name= "Current Time Running" value="18626" />
  <attribute name ="GC Interval" value="200" />
  <attribute name="ProportionalT" value="-40.000000" />
  <attribute name="ProportionalI" value="-40.000000" />
  <attribute name="ProportionalH" value="-40.000000" />
  <attribute name="Current Error" value="-80.000000" />
  <attribute name="IntegralT" value="-31600.000000" />
  <attribute name="IntegralI" value="-31600.000000" />
  <attribute name="IntegralH" value="-31600.000000" />
  <attribute name="DerivativeT" value="-0.101266" />
  <attribute name="DerivativeI" value="-0.101266" />
  <attribute name="DerivativeH" value="-0.101266" />
  <attribute name="Loop Time for DT" value="790.000000" />
  <attribute name="Output H" value="4203675648"/>
  <attribute name="Output I" value="200"/>
  <attribute name="Output T" value="16"/>
  <attribute name="Target GC Util Change" value ="80.000000" />
  <attribute name="Current GC Util Change" value="0.000000"/>
  <attribute name="GC Util currently" value="0" />
  <attribute name="CPU Util currently" value="16" />
<allocation-satisfied id="556" threadId="0000000001B4EE00" bytesRequested="32" />
<af-end id="557" timestamp="2019-08-10T03:36:58.482" threadId="0000000001B4F788" success="true" from="nursery"/>
<exclusive-end id="558" timestamp="2019-08-10T03:36:58.482" durationms="2.196" />

<exclusive-start id="559" timestamp="2019-08-10T03:36:59.258" intervalms="778.382">
  <response-info timems="0.335" idlems="0.335" threads="0" lastid="0000000001B6CD00" lastname="node-24" />
</exclusive-start>
<af-start id="560" threadId="0000000001B6D688" totalBytesRequested="32" timestamp="2019-08-10T03:36:59.258" intervalms="778.406" type="nursery" />
<cycle-start id="561" type="scavenge" contextid="0" timestamp="2019-08-10T03:36:59.258" intervalms="778.437" />
<gc-start id="562" type="scavenge" contextid="561" timestamp="2019-08-10T03:36:59.258">
  <mem-info id="563" free="4193505696" total="4203675648" percent="99">
    <mem type="nursery" free="0" total="2228224" percent="0">
      <mem type="allocate" free="0" total="1966080" percent="0" />
      <mem type="survivor" free="0" total="262144" percent="0" />
    </mem>
    <mem type="tenure" free="4193505696" total="4201447424" percent="99">
      <mem type="soa" free="3983434144" total="3991375872" percent="99" />
      <mem type="loa" free="210071552" total="210071552" percent="100" />
    </mem>
    <remembered-set count="393" />
  </mem-info>
</gc-start>
<allocation-stats totalBytes="1864608" >
  <allocated-bytes non-tlh="32" tlh="1864576" />
  <largest-consumer threadName="node-21" threadId="0000000001B4EE00" bytes="90112" />
</allocation-stats>
<gc-op id="564" type="scavenge" timems="2.234" contextid="561" timestamp="2019-08-10T03:36:59.260">
  <scavenger-info tenureage="2" tenuremask="4004" tiltratio="88" />
  <memory-copied type="nursery" objects="2270" bytes="56192" bytesdiscarded="32128" />
  <memory-copied type="tenure" objects="1072" bytes="25728" bytesdiscarded="0" />
</gc-op>
<gc-end id="565" type="scavenge" contextid="561" durationms="2.867" usertimems="3.914" systemtimems="2.328" timestamp="2019-08-10T03:36:59.261" activeThreads="16">
  <mem-info id="566" free="4195351200" total="4203675648" percent="99">
    <mem type="nursery" free="1877760" total="2228224" percent="84">
      <mem type="allocate" free="1877760" total="1966080" percent="95" />
      <mem type="survivor" free="0" total="262144" percent="0" />
    </mem>
    <mem type="tenure" free="4193473440" total="4201447424" percent="99" macro-fragmented="56347">
      <mem type="soa" free="3983401888" total="3991375872" percent="99" />
      <mem type="loa" free="210071552" total="210071552" percent="100" />
    </mem>
    <remembered-set count="326" />
  </mem-info>
</gc-end>
<cycle-end id="567" type="scavenge" contextid="561" timestamp="2019-08-10T03:36:59.261" />
  <attribute name="elasticGC enabled" value="1" />
  <attribute name= "numThreadsSpecified" value="16" />
  <attribute name="heapSize specified" value="8519680" />
  <attribute name="Current GC Util" value="0" />
  <attribute name= "Current Time Running" value="19404" />
  <attribute name ="GC Interval" value="200" />
  <attribute name="ProportionalT" value="-40.000000" />
  <attribute name="ProportionalI" value="-40.000000" />
  <attribute name="ProportionalH" value="-40.000000" />
  <attribute name="Current Error" value="-80.000000" />
  <attribute name="IntegralT" value="-31120.000000" />
  <attribute name="IntegralI" value="-31120.000000" />
  <attribute name="IntegralH" value="-31120.000000" />
  <attribute name="DerivativeT" value="-0.102828" />
  <attribute name="DerivativeI" value="-0.102828" />
  <attribute name="DerivativeH" value="-0.102828" />
  <attribute name="Loop Time for DT" value="778.000000" />
  <attribute name="Output H" value="4203675648"/>
  <attribute name="Output I" value="200"/>
  <attribute name="Output T" value="16"/>
  <attribute name="Target GC Util Change" value ="80.000000" />
  <attribute name="Current GC Util Change" value="0.000000"/>
  <attribute name="GC Util currently" value="0" />
  <attribute name="CPU Util currently" value="18" />
<allocation-satisfied id="568" threadId="0000000001B6CD00" bytesRequested="32" />
<af-end id="569" timestamp="2019-08-10T03:36:59.261" threadId="0000000001B6D688" success="true" from="nursery"/>
<exclusive-end id="570" timestamp="2019-08-10T03:36:59.261" durationms="3.269" />

<exclusive-start id="571" timestamp="2019-08-10T03:37:00.347" intervalms="1088.761">
  <response-info timems="0.332" idlems="0.332" threads="0" lastid="0000000001B78100" lastname="node-13" />
</exclusive-start>
<af-start id="572" threadId="0000000001B78A88" totalBytesRequested="16" timestamp="2019-08-10T03:37:00.347" intervalms="1088.748" type="nursery" />
<cycle-start id="573" type="scavenge" contextid="0" timestamp="2019-08-10T03:37:00.347" intervalms="1088.724" />
<gc-start id="574" type="scavenge" contextid="573" timestamp="2019-08-10T03:37:00.348">
  <mem-info id="575" free="4193473440" total="4203675648" percent="99">
    <mem type="nursery" free="0" total="2228224" percent="0">
      <mem type="allocate" free="0" total="1966080" percent="0" />
      <mem type="survivor" free="0" total="262144" percent="0" />
    </mem>
    <mem type="tenure" free="4193473440" total="4201447424" percent="99">
      <mem type="soa" free="3983401888" total="3991375872" percent="99" />
      <mem type="loa" free="210071552" total="210071552" percent="100" />
    </mem>
    <remembered-set count="396" />
  </mem-info>
</gc-start>
<allocation-stats totalBytes="1876328" >
  <allocated-bytes non-tlh="32" tlh="1876296" />
  <largest-consumer threadName="node-21" threadId="0000000001B4EE00" bytes="90112" />
</allocation-stats>
<gc-op id="576" type="scavenge" timems="2.793" contextid="573" timestamp="2019-08-10T03:37:00.350">
  <scavenger-info tenureage="2" tenuremask="4004" tiltratio="88" />
  <memory-copied type="nursery" objects="2604" bytes="67456" bytesdiscarded="45440" />
  <memory-copied type="tenure" objects="1113" bytes="26712" bytesdiscarded="0" />
</gc-op>
<gc-end id="577" type="scavenge" contextid="573" durationms="3.787" usertimems="2.355" systemtimems="3.569" timestamp="2019-08-10T03:37:00.351" activeThreads="16">
  <mem-info id="578" free="4195294368" total="4203675648" percent="99">
    <mem type="nursery" free="1853184" total="2228224" percent="83">
      <mem type="allocate" free="1853184" total="1966080" percent="94" />
      <mem type="survivor" free="0" total="262144" percent="0" />
    </mem>
    <mem type="tenure" free="4193441184" total="4201447424" percent="99" macro-fragmented="168253">
      <mem type="soa" free="3983369632" total="3991375872" percent="99" />
      <mem type="loa" free="210071552" total="210071552" percent="100" />
    </mem>
    <remembered-set count="308" />
  </mem-info>
</gc-end>
<cycle-end id="579" type="scavenge" contextid="573" timestamp="2019-08-10T03:37:00.351" />
  <attribute name="elasticGC enabled" value="1" />
  <attribute name= "numThreadsSpecified" value="16" />
  <attribute name="heapSize specified" value="8519680" />
  <attribute name="Current GC Util" value="0" />
  <attribute name= "Current Time Running" value="20494" />
  <attribute name ="GC Interval" value="200" />
  <attribute name="ProportionalT" value="-40.000000" />
  <attribute name="ProportionalI" value="-40.000000" />
  <attribute name="ProportionalH" value="-40.000000" />
  <attribute name="Current Error" value="-80.000000" />
  <attribute name="IntegralT" value="-43600.000000" />
  <attribute name="IntegralI" value="-43600.000000" />
  <attribute name="IntegralH" value="-43600.000000" />
  <attribute name="DerivativeT" value="-0.073394" />
  <attribute name="DerivativeI" value="-0.073394" />
  <attribute name="DerivativeH" value="-0.073394" />
  <attribute name="Loop Time for DT" value="1090.000000" />
  <attribute name="Output H" value="4203675648"/>
  <attribute name="Output I" value="200"/>
  <attribute name="Output T" value="16"/>
  <attribute name="Target GC Util Change" value ="80.000000" />
  <attribute name="Current GC Util Change" value="0.000000"/>
  <attribute name="GC Util currently" value="0" />
  <attribute name="CPU Util currently" value="17" />
<allocation-satisfied id="580" threadId="0000000001B78100" bytesRequested="16" />
<af-end id="581" timestamp="2019-08-10T03:37:00.351" threadId="0000000001B78A88" success="true" from="nursery"/>
<exclusive-end id="582" timestamp="2019-08-10T03:37:00.351" durationms="4.779" />

<exclusive-start id="583" timestamp="2019-08-10T03:37:01.056" intervalms="709.709">
  <response-info timems="0.397" idlems="0.397" threads="0" lastid="0000000001B65600" lastname="node-4" />
</exclusive-start>
<af-start id="584" threadId="0000000001B65F88" totalBytesRequested="24" timestamp="2019-08-10T03:37:01.056" intervalms="709.757" type="nursery" />
<cycle-start id="585" type="scavenge" contextid="0" timestamp="2019-08-10T03:37:01.057" intervalms="709.762" />
<gc-start id="586" type="scavenge" contextid="585" timestamp="2019-08-10T03:37:01.057">
  <mem-info id="587" free="4193441184" total="4203675648" percent="99">
    <mem type="nursery" free="0" total="2228224" percent="0">
      <mem type="allocate" free="0" total="1966080" percent="0" />
      <mem type="survivor" free="0" total="262144" percent="0" />
    </mem>
    <mem type="tenure" free="4193441184" total="4201447424" percent="99">
      <mem type="soa" free="3983369632" total="3991375872" percent="99" />
      <mem type="loa" free="210071552" total="210071552" percent="100" />
    </mem>
    <remembered-set count="395" />
  </mem-info>
</gc-start>
<allocation-stats totalBytes="1842520" >
  <allocated-bytes non-tlh="16" tlh="1842504" />
  <largest-consumer threadName="node-0" threadId="0000000001B7F900" bytes="90072" />
</allocation-stats>
<gc-op id="588" type="scavenge" timems="2.590" contextid="585" timestamp="2019-08-10T03:37:01.059">
  <scavenger-info tenureage="2" tenuremask="4004" tiltratio="88" />
  <memory-copied type="nursery" objects="2527" bytes="62416" bytesdiscarded="34352" />
  <memory-copied type="tenure" objects="1015" bytes="24360" bytesdiscarded="0" />
</gc-op>
<gc-end id="589" type="scavenge" contextid="585" durationms="3.094" usertimems="0.133" systemtimems="4.007" timestamp="2019-08-10T03:37:01.060" activeThreads="16">
  <mem-info id="590" free="4195294368" total="4203675648" percent="99">
    <mem type="nursery" free="1869312" total="2228224" percent="83">
      <mem type="allocate" free="1869312" total="1966080" percent="95" />
      <mem type="survivor" free="0" total="262144" percent="0" />
    </mem>
    <mem type="tenure" free="4193425056" total="4201447424" percent="99" macro-fragmented="2160235">
      <mem type="soa" free="3983353504" total="3991375872" percent="99" />
      <mem type="loa" free="210071552" total="210071552" percent="100" />
    </mem>
    <remembered-set count="326" />
  </mem-info>
</gc-end>
<cycle-end id="591" type="scavenge" contextid="585" timestamp="2019-08-10T03:37:01.060" />
  <attribute name="elasticGC enabled" value="1" />
  <attribute name= "numThreadsSpecified" value="16" />
  <attribute name="heapSize specified" value="8519680" />
  <attribute name="Current GC Util" value="0" />
  <attribute name= "Current Time Running" value="21203" />
  <attribute name ="GC Interval" value="200" />
  <attribute name="ProportionalT" value="-40.000000" />
  <attribute name="ProportionalI" value="-40.000000" />
  <attribute name="ProportionalH" value="-40.000000" />
  <attribute name="Current Error" value="-80.000000" />
  <attribute name="IntegralT" value="-28360.000000" />
  <attribute name="IntegralI" value="-28360.000000" />
  <attribute name="IntegralH" value="-28360.000000" />
  <attribute name="DerivativeT" value="-0.112835" />
  <attribute name="DerivativeI" value="-0.112835" />
  <attribute name="DerivativeH" value="-0.112835" />
  <attribute name="Loop Time for DT" value="709.000000" />
  <attribute name="Output H" value="4203675648"/>
  <attribute name="Output I" value="200"/>
  <attribute name="Output T" value="16"/>
  <attribute name="Target GC Util Change" value ="80.000000" />
  <attribute name="Current GC Util Change" value="0.000000"/>
  <attribute name="GC Util currently" value="0" />
  <attribute name="CPU Util currently" value="16" />
<allocation-satisfied id="592" threadId="0000000001B65600" bytesRequested="24" />
<af-end id="593" timestamp="2019-08-10T03:37:01.060" threadId="0000000001B65F88" success="true" from="nursery"/>
<exclusive-end id="594" timestamp="2019-08-10T03:37:01.060" durationms="3.570" />

<exclusive-start id="595" timestamp="2019-08-10T03:37:01.818" intervalms="761.465">
  <response-info timems="0.128" idlems="0.128" threads="0" lastid="0000000001B5A200" lastname="node-2" />
</exclusive-start>
<af-start id="596" threadId="0000000001B5AB88" totalBytesRequested="24" timestamp="2019-08-10T03:37:01.819" intervalms="762.080" type="nursery" />
<cycle-start id="597" type="scavenge" contextid="0" timestamp="2019-08-10T03:37:01.819" intervalms="762.102" />
<gc-start id="598" type="scavenge" contextid="597" timestamp="2019-08-10T03:37:01.819">
  <mem-info id="599" free="4193425056" total="4203675648" percent="99">
    <mem type="nursery" free="0" total="2228224" percent="0">
      <mem type="allocate" free="0" total="1966080" percent="0" />
      <mem type="survivor" free="0" total="262144" percent="0" />
    </mem>
    <mem type="tenure" free="4193425056" total="4201447424" percent="99">
      <mem type="soa" free="3983353504" total="3991375872" percent="99" />
      <mem type="loa" free="210071552" total="210071552" percent="100" />
    </mem>
    <remembered-set count="387" />
  </mem-info>
</gc-start>
<allocation-stats totalBytes="1868448" >
  <allocated-bytes non-tlh="24" tlh="1868424" />
  <largest-consumer threadName="node-13" threadId="0000000001B78100" bytes="90104" />
</allocation-stats>
<gc-op id="600" type="scavenge" timems="3.939" contextid="597" timestamp="2019-08-10T03:37:01.823">
  <scavenger-info tenureage="2" tenuremask="4004" tiltratio="88" />
  <memory-copied type="nursery" objects="2155" bytes="53488" bytesdiscarded="59408" />
  <memory-copied type="tenure" objects="1439" bytes="34536" bytesdiscarded="168" />
</gc-op>
<gc-end id="601" type="scavenge" contextid="597" durationms="4.589" usertimems="1.207" systemtimems="2.458" timestamp="2019-08-10T03:37:01.823" activeThreads="16">
  <mem-info id="602" free="4195245984" total="4203675648" percent="99">
    <mem type="nursery" free="1853184" total="2228224" percent="83">
      <mem type="allocate" free="1853184" total="1966080" percent="94" />
      <mem type="survivor" free="0" total="262144" percent="0" />
    </mem>
    <mem type="tenure" free="4193392800" total="4201447424" percent="99" macro-fragmented="67617">
      <mem type="soa" free="3983321248" total="3991375872" percent="99" />
      <mem type="loa" free="210071552" total="210071552" percent="100" />
    </mem>
    <remembered-set count="309" />
  </mem-info>
</gc-end>
<cycle-end id="603" type="scavenge" contextid="597" timestamp="2019-08-10T03:37:01.823" />
  <attribute name="elasticGC enabled" value="1" />
  <attribute name= "numThreadsSpecified" value="16" />
  <attribute name="heapSize specified" value="8519680" />
  <attribute name="Current GC Util" value="0" />
  <attribute name= "Current Time Running" value="21965" />
  <attribute name ="GC Interval" value="200" />
  <attribute name="ProportionalT" value="-40.000000" />
  <attribute name="ProportionalI" value="-40.000000" />
  <attribute name="ProportionalH" value="-40.000000" />
  <attribute name="Current Error" value="-80.000000" />
  <attribute name="IntegralT" value="-30480.000000" />
  <attribute name="IntegralI" value="-30480.000000" />
  <attribute name="IntegralH" value="-30480.000000" />
  <attribute name="DerivativeT" value="-0.104987" />
  <attribute name="DerivativeI" value="-0.104987" />
  <attribute name="DerivativeH" value="-0.104987" />
  <attribute name="Loop Time for DT" value="762.000000" />
  <attribute name="Output H" value="4203675648"/>
  <attribute name="Output I" value="200"/>
  <attribute name="Output T" value="16"/>
  <attribute name="Target GC Util Change" value ="80.000000" />
  <attribute name="Current GC Util Change" value="0.000000"/>
  <attribute name="GC Util currently" value="0" />
  <attribute name="CPU Util currently" value="17" />
<allocation-satisfied id="604" threadId="0000000001B5A200" bytesRequested="24" />
<af-end id="605" timestamp="2019-08-10T03:37:01.823" threadId="0000000001B5AB88" success="true" from="nursery"/>
<exclusive-end id="606" timestamp="2019-08-10T03:37:01.823" durationms="5.570" />

<exclusive-start id="607" timestamp="2019-08-10T03:37:02.688" intervalms="870.618">
  <response-info timems="0.031" idlems="0.031" threads="0" lastid="0000000001B47600" lastname="node-12" />
</exclusive-start>
<af-start id="608" threadId="0000000001B47F88" totalBytesRequested="32" timestamp="2019-08-10T03:37:02.689" intervalms="870.023" type="nursery" />
<cycle-start id="609" type="scavenge" contextid="0" timestamp="2019-08-10T03:37:02.689" intervalms="870.107" />
<gc-start id="610" type="scavenge" contextid="609" timestamp="2019-08-10T03:37:02.689">
  <mem-info id="611" free="4193392800" total="4203675648" percent="99">
    <mem type="nursery" free="0" total="2228224" percent="0">
      <mem type="allocate" free="0" total="1966080" percent="0" />
      <mem type="survivor" free="0" total="262144" percent="0" />
    </mem>
    <mem type="tenure" free="4193392800" total="4201447424" percent="99">
      <mem type="soa" free="3983321248" total="3991375872" percent="99" />
      <mem type="loa" free="210071552" total="210071552" percent="100" />
    </mem>
    <remembered-set count="389" />
  </mem-info>
</gc-start>
<allocation-stats totalBytes="1844424" >
  <allocated-bytes non-tlh="24" tlh="1844400" />
  <largest-consumer threadName="node-9" threadId="0000000001B4B200" bytes="90112" />
</allocation-stats>
<gc-op id="612" type="scavenge" timems="2.176" contextid="609" timestamp="2019-08-10T03:37:02.691">
  <scavenger-info tenureage="2" tenuremask="4004" tiltratio="88" />
  <memory-copied type="nursery" objects="2385" bytes="58952" bytesdiscarded="70072" />
  <memory-copied type="tenure" objects="946" bytes="22704" bytesdiscarded="0" />
</gc-op>
<gc-end id="613" type="scavenge" contextid="609" durationms="2.690" usertimems="4.274" systemtimems="0.092" timestamp="2019-08-10T03:37:02.691" activeThreads="16">
  <mem-info id="614" free="4195197600" total="4203675648" percent="99">
    <mem type="nursery" free="1837056" total="2228224" percent="82">
      <mem type="allocate" free="1837056" total="1966080" percent="93" />
      <mem type="survivor" free="0" total="262144" percent="0" />
    </mem>
    <mem type="tenure" free="4193360544" total="4201447424" percent="99" macro-fragmented="0">
      <mem type="soa" free="3983288992" total="3991375872" percent="99" />
      <mem type="loa" free="210071552" total="210071552" percent="100" />
    </mem>
    <remembered-set count="327" />
  </mem-info>
</gc-end>
<cycle-end id="615" type="scavenge" contextid="609" timestamp="2019-08-10T03:37:02.692" />
  <attribute name="elasticGC enabled" value="1" />
  <attribute name= "numThreadsSpecified" value="16" />
  <attribute name="heapSize specified" value="8519680" />
  <attribute name="Current GC Util" value="0" />
  <attribute name= "Current Time Running" value="22835" />
  <attribute name ="GC Interval" value="200" />
  <attribute name="ProportionalT" value="-40.000000" />
  <attribute name="ProportionalI" value="-40.000000" />
  <attribute name="ProportionalH" value="-40.000000" />
  <attribute name="Current Error" value="-80.000000" />
  <attribute name="IntegralT" value="-34800.000000" />
  <attribute name="IntegralI" value="-34800.000000" />
  <attribute name="IntegralH" value="-34800.000000" />
  <attribute name="DerivativeT" value="-0.091954" />
  <attribute name="DerivativeI" value="-0.091954" />
  <attribute name="DerivativeH" value="-0.091954" />
  <attribute name="Loop Time for DT" value="870.000000" />
  <attribute name="Output H" value="4203675648"/>
  <attribute name="Output I" value="200"/>
  <attribute name="Output T" value="16"/>
  <attribute name="Target GC Util Change" value ="80.000000" />
  <attribute name="Current GC Util Change" value="0.000000"/>
  <attribute name="GC Util currently" value="0" />
  <attribute name="CPU Util currently" value="17" />
<allocation-satisfied id="616" threadId="0000000001B47600" bytesRequested="32" />
<af-end id="617" timestamp="2019-08-10T03:37:02.692" threadId="0000000001B47F88" success="true" from="nursery"/>
<exclusive-end id="618" timestamp="2019-08-10T03:37:02.692" durationms="3.246" />

<exclusive-start id="619" timestamp="2019-08-10T03:37:03.230" intervalms="541.558">
  <response-info timems="1.246" idlems="1.246" threads="0" lastid="0000000001B5DE00" lastname="node-1" />
</exclusive-start>
<af-start id="620" threadId="0000000001B5E788" totalBytesRequested="720" timestamp="2019-08-10T03:37:03.230" intervalms="541.481" type="nursery" />
<cycle-start id="621" type="scavenge" contextid="0" timestamp="2019-08-10T03:37:03.230" intervalms="541.370" />
<gc-start id="622" type="scavenge" contextid="621" timestamp="2019-08-10T03:37:03.230">
  <mem-info id="623" free="4193360544" total="4203675648" percent="99">
    <mem type="nursery" free="0" total="2228224" percent="0">
      <mem type="allocate" free="0" total="1966080" percent="0" />
      <mem type="survivor" free="0" total="262144" percent="0" />
    </mem>
    <mem type="tenure" free="4193360544" total="4201447424" percent="99">
      <mem type="soa" free="3983288992" total="3991375872" percent="99" />
      <mem type="loa" free="210071552" total="210071552" percent="100" />
    </mem>
    <remembered-set count="389" />
  </mem-info>
</gc-start>
<allocation-stats totalBytes="1832616" >
  <allocated-bytes non-tlh="32" tlh="1832584" />
  <largest-consumer threadName="node-23" threadId="0000000001B34B00" bytes="90088" />
</allocation-stats>
<gc-op id="624" type="scavenge" timems="2.980" contextid="621" timestamp="2019-08-10T03:37:03.233">
  <scavenger-info tenureage="2" tenuremask="4004" tiltratio="88" />
  <memory-copied type="nursery" objects="2014" bytes="52816" bytesdiscarded="76208" />
  <memory-copied type="tenure" objects="1067" bytes="25608" bytesdiscarded="0" />
</gc-op>
<gc-end id="625" type="scavenge" contextid="621" durationms="3.494" usertimems="3.909" systemtimems="2.132" timestamp="2019-08-10T03:37:03.234" activeThreads="16">
  <mem-info id="626" free="4195165344" total="4203675648" percent="99">
    <mem type="nursery" free="1837056" total="2228224" percent="82">
      <mem type="allocate" free="1837056" total="1966080" percent="93" />
      <mem type="survivor" free="0" total="262144" percent="0" />
    </mem>
    <mem type="tenure" free="4193328288" total="4201447424" percent="99" macro-fragmented="0">
      <mem type="soa" free="3983256736" total="3991375872" percent="99" />
      <mem type="loa" free="210071552" total="210071552" percent="100" />
    </mem>
    <remembered-set count="308" />
  </mem-info>
</gc-end>
<cycle-end id="627" type="scavenge" contextid="621" timestamp="2019-08-10T03:37:03.234" />
  <attribute name="elasticGC enabled" value="1" />
  <attribute name= "numThreadsSpecified" value="16" />
  <attribute name="heapSize specified" value="8519680" />
  <attribute name="Current GC Util" value="0" />
  <attribute name= "Current Time Running" value="23376" />
  <attribute name ="GC Interval" value="200" />
  <attribute name="ProportionalT" value="-40.000000" />
  <attribute name="ProportionalI" value="-40.000000" />
  <attribute name="ProportionalH" value="-40.000000" />
  <attribute name="Current Error" value="-80.000000" />
  <attribute name="IntegralT" value="-21640.000000" />
  <attribute name="IntegralI" value="-21640.000000" />
  <attribute name="IntegralH" value="-21640.000000" />
  <attribute name="DerivativeT" value="-0.147874" />
  <attribute name="DerivativeI" value="-0.147874" />
  <attribute name="DerivativeH" value="-0.147874" />
  <attribute name="Loop Time for DT" value="541.000000" />
  <attribute name="Output H" value="4203675648"/>
  <attribute name="Output I" value="200"/>
  <attribute name="Output T" value="16"/>
  <attribute name="Target GC Util Change" value ="80.000000" />
  <attribute name="Current GC Util Change" value="0.000000"/>
  <attribute name="GC Util currently" value="0" />
  <attribute name="CPU Util currently" value="16" />
<allocation-satisfied id="628" threadId="0000000001B5DE00" bytesRequested="720" />
<af-end id="629" timestamp="2019-08-10T03:37:03.234" threadId="0000000001B5E788" success="true" from="nursery"/>
<exclusive-end id="630" timestamp="2019-08-10T03:37:03.234" durationms="3.704" />

<exclusive-start id="631" timestamp="2019-08-10T03:37:04.157" intervalms="926.582">
  <response-info timems="0.461" idlems="0.266" threads="1" lastid="0000000001B78100" lastname="node-13" />
</exclusive-start>
<af-start id="632" threadId="0000000001B40888" totalBytesRequested="720" timestamp="2019-08-10T03:37:04.157" intervalms="926.579" type="nursery" />
<cycle-start id="633" type="scavenge" contextid="0" timestamp="2019-08-10T03:37:04.157" intervalms="926.575" />
<gc-start id="634" type="scavenge" contextid="633" timestamp="2019-08-10T03:37:04.157">
  <mem-info id="635" free="4193328288" total="4203675648" percent="99">
    <mem type="nursery" free="0" total="2228224" percent="0">
      <mem type="allocate" free="0" total="1966080" percent="0" />
      <mem type="survivor" free="0" total="262144" percent="0" />
    </mem>
    <mem type="tenure" free="4193328288" total="4201447424" percent="99">
      <mem type="soa" free="3983256736" total="3991375872" percent="99" />
      <mem type="loa" free="210071552" total="210071552" percent="100" />
    </mem>
    <remembered-set count="395" />
  </mem-info>
</gc-start>
<allocation-stats totalBytes="1835560" >
  <allocated-bytes non-tlh="720" tlh="1834840" />
  <largest-consumer threadName="node-20" threadId="0000000001B83500" bytes="90112" />
</allocation-stats>
<gc-op id="636" type="scavenge" timems="1.338" contextid="633" timestamp="2019-08-10T03:37:04.158">
  <scavenger-info tenureage="2" tenuremask="4004" tiltratio="88" />
  <memory-copied type="nursery" objects="2135" bytes="60936" bytesdiscarded="68088" />
  <memory-copied type="tenure" objects="1176" bytes="28224" bytesdiscarded="0" />
</gc-op>
<gc-end id="637" type="scavenge" contextid="633" durationms="1.625" usertimems="1.674" systemtimems="1.288" timestamp="2019-08-10T03:37:04.158" activeThreads="16">
  <mem-info id="638" free="4195133088" total="4203675648" percent="99">
    <mem type="nursery" free="1837056" total="2228224" percent="82">
      <mem type="allocate" free="1837056" total="1966080" percent="93" />
      <mem type="survivor" free="0" total="262144" percent="0" />
    </mem>
    <mem type="tenure" free="4193296032" total="4201447424" percent="99" macro-fragmented="0">
      <mem type="soa" free="3983224480" total="3991375872" percent="99" />
      <mem type="loa" free="210071552" total="210071552" percent="100" />
    </mem>
    <remembered-set count="306" />
  </mem-info>
</gc-end>
<cycle-end id="639" type="scavenge" contextid="633" timestamp="2019-08-10T03:37:04.158" />
  <attribute name="elasticGC enabled" value="1" />
  <attribute name= "numThreadsSpecified" value="16" />
  <attribute name="heapSize specified" value="8519680" />
  <attribute name="Current GC Util" value="0" />
  <attribute name= "Current Time Running" value="24303" />
  <attribute name ="GC Interval" value="200" />
  <attribute name="ProportionalT" value="-40.000000" />
  <attribute name="ProportionalI" value="-40.000000" />
  <attribute name="ProportionalH" value="-40.000000" />
  <attribute name="Current Error" value="-80.000000" />
  <attribute name="IntegralT" value="-37080.000000" />
  <attribute name="IntegralI" value="-37080.000000" />
  <attribute name="IntegralH" value="-37080.000000" />
  <attribute name="DerivativeT" value="-0.086300" />
  <attribute name="DerivativeI" value="-0.086300" />
  <attribute name="DerivativeH" value="-0.086300" />
  <attribute name="Loop Time for DT" value="927.000000" />
  <attribute name="Output H" value="4203675648"/>
  <attribute name="Output I" value="200"/>
  <attribute name="Output T" value="16"/>
  <attribute name="Target GC Util Change" value ="80.000000" />
  <attribute name="Current GC Util Change" value="0.000000"/>
  <attribute name="GC Util currently" value="0" />
  <attribute name="CPU Util currently" value="16" />
<allocation-satisfied id="640" threadId="0000000001B3FF00" bytesRequested="720" />
<af-end id="641" timestamp="2019-08-10T03:37:04.158" threadId="0000000001B40888" success="true" from="nursery"/>
<exclusive-end id="642" timestamp="2019-08-10T03:37:04.158" durationms="1.842" />

<exclusive-start id="643" timestamp="2019-08-10T03:37:04.805" intervalms="648.681">
  <response-info timems="0.285" idlems="0.285" threads="0" lastid="0000000001B29700" lastname="node-10" />
</exclusive-start>
<af-start id="644" threadId="0000000001B2A088" totalBytesRequested="32" timestamp="2019-08-10T03:37:04.805" intervalms="648.706" type="nursery" />
<cycle-start id="645" type="scavenge" contextid="0" timestamp="2019-08-10T03:37:04.805" intervalms="648.711" />
<gc-start id="646" type="scavenge" contextid="645" timestamp="2019-08-10T03:37:04.805">
  <mem-info id="647" free="4193296032" total="4203675648" percent="99">
    <mem type="nursery" free="0" total="2228224" percent="0">
      <mem type="allocate" free="0" total="1966080" percent="0" />
      <mem type="survivor" free="0" total="262144" percent="0" />
    </mem>
    <mem type="tenure" free="4193296032" total="4201447424" percent="99">
      <mem type="soa" free="3983224480" total="3991375872" percent="99" />
      <mem type="loa" free="210071552" total="210071552" percent="100" />
    </mem>
    <remembered-set count="388" />
  </mem-info>
</gc-start>
<allocation-stats totalBytes="1835032" >
  <allocated-bytes non-tlh="720" tlh="1834312" />
  <largest-consumer threadName="node-21" threadId="0000000001B4EE00" bytes="90104" />
</allocation-stats>
<gc-op id="648" type="scavenge" timems="2.169" contextid="645" timestamp="2019-08-10T03:37:04.808">
  <scavenger-info tenureage="2" tenuremask="4004" tiltratio="88" />
  <memory-copied type="nursery" objects="2296" bytes="56816" bytesdiscarded="23824" />
  <memory-copied type="tenure" objects="686" bytes="16464" bytesdiscarded="0" />
</gc-op>
<gc-end id="649" type="scavenge" contextid="645" durationms="2.752" usertimems="6.076" systemtimems="2.053" timestamp="2019-08-10T03:37:04.808" activeThreads="16">
  <mem-info id="650" free="4195149216" total="4203675648" percent="99">
    <mem type="nursery" free="1885440" total="2228224" percent="84">
      <mem type="allocate" free="1885440" total="1966080" percent="95" />
      <mem type="survivor" free="0" total="262144" percent="0" />
    </mem>
    <mem type="tenure" free="4193263776" total="4201447424" percent="99" macro-fragmented="0">
      <mem type="soa" free="3983192224" total="3991375872" percent="99" />
      <mem type="loa" free="210071552" total="210071552" percent="100" />
    </mem>
    <remembered-set count="325" />
  </mem-info>
</gc-end>
<cycle-end id="651" type="scavenge" contextid="645" timestamp="2019-08-10T03:37:04.808" />
  <attribute name="elasticGC enabled" value="1" />
  <attribute name= "numThreadsSpecified" value="16" />
  <attribute name="heapSize specified" value="8519680" />
  <attribute name="Current GC Util" value="0" />
  <attribute name= "Current Time Running" value="24952" />
  <attribute name ="GC Interval" value="200" />
  <attribute name="ProportionalT" value="-40.000000" />
  <attribute name="ProportionalI" value="-40.000000" />
  <attribute name="ProportionalH" value="-40.000000" />
  <attribute name="Current Error" value="-80.000000" />
  <attribute name="IntegralT" value="-25960.000000" />
  <attribute name="IntegralI" value="-25960.000000" />
  <attribute name="IntegralH" value="-25960.000000" />
  <attribute name="DerivativeT" value="-0.123267" />
  <attribute name="DerivativeI" value="-0.123267" />
  <attribute name="DerivativeH" value="-0.123267" />
  <attribute name="Loop Time for DT" value="649.000000" />
  <attribute name="Output H" value="4203675648"/>
  <attribute name="Output I" value="200"/>
  <attribute name="Output T" value="16"/>
  <attribute name="Target GC Util Change" value ="80.000000" />
  <attribute name="Current GC Util Change" value="0.000000"/>
  <attribute name="GC Util currently" value="0" />
  <attribute name="CPU Util currently" value="16" />
<allocation-satisfied id="652" threadId="0000000001B29700" bytesRequested="32" />
<af-end id="653" timestamp="2019-08-10T03:37:04.808" threadId="0000000001B2A088" success="true" from="nursery"/>
<exclusive-end id="654" timestamp="2019-08-10T03:37:04.808" durationms="2.982" />

<exclusive-start id="655" timestamp="2019-08-10T03:37:05.953" intervalms="1147.993">
  <response-info timems="0.029" idlems="0.029" threads="0" lastid="0000000001B65600" lastname="node-4" />
</exclusive-start>
<af-start id="656" threadId="0000000001B65F88" totalBytesRequested="32" timestamp="2019-08-10T03:37:05.953" intervalms="1148.003" type="nursery" />
<cycle-start id="657" type="scavenge" contextid="0" timestamp="2019-08-10T03:37:05.953" intervalms="1148.007" />
<gc-start id="658" type="scavenge" contextid="657" timestamp="2019-08-10T03:37:05.953">
  <mem-info id="659" free="4193263776" total="4203675648" percent="99">
    <mem type="nursery" free="0" total="2228224" percent="0">
      <mem type="allocate" free="0" total="1966080" percent="0" />
      <mem type="survivor" free="0" total="262144" percent="0" />
    </mem>
    <mem type="tenure" free="4193263776" total="4201447424" percent="99">
      <mem type="soa" free="3983192224" total="3991375872" percent="99" />
      <mem type="loa" free="210071552" total="210071552" percent="100" />
    </mem>
    <remembered-set count="392" />
  </mem-info>
</gc-start>
<allocation-stats totalBytes="1882112" >
  <allocated-bytes non-tlh="32" tlh="1882080" />
  <largest-consumer threadName="node-10" threadId="0000000001B29700" bytes="90120" />
</allocation-stats>
<gc-op id="660" type="scavenge" timems="2.718" contextid="657" timestamp="2019-08-10T03:37:05.956">
  <scavenger-info tenureage="2" tenuremask="4004" tiltratio="88" />
  <memory-copied type="nursery" objects="2329" bytes="57608" bytesdiscarded="39160" />
  <memory-copied type="tenure" objects="1281" bytes="30744" bytesdiscarded="0" />
</gc-op>
<gc-end id="661" type="scavenge" contextid="657" durationms="3.614" usertimems="1.051" systemtimems="3.515" timestamp="2019-08-10T03:37:05.957" activeThreads="16">
  <mem-info id="662" free="4195100832" total="4203675648" percent="99">
    <mem type="nursery" free="1869312" total="2228224" percent="83">
      <mem type="allocate" free="1869312" total="1966080" percent="95" />
      <mem type="survivor" free="0" total="262144" percent="0" />
    </mem>
    <mem type="tenure" free="4193231520" total="4201447424" percent="99" macro-fragmented="0">
      <mem type="soa" free="3983159968" total="3991375872" percent="99" />
      <mem type="loa" free="210071552" total="210071552" percent="100" />
    </mem>
    <remembered-set count="324" />
  </mem-info>
</gc-end>
<cycle-end id="663" type="scavenge" contextid="657" timestamp="2019-08-10T03:37:05.957" />
  <attribute name="elasticGC enabled" value="1" />
  <attribute name= "numThreadsSpecified" value="16" />
  <attribute name="heapSize specified" value="8519680" />
  <attribute name="Current GC Util" value="0" />
  <attribute name= "Current Time Running" value="26100" />
  <attribute name ="GC Interval" value="200" />
  <attribute name="ProportionalT" value="-40.000000" />
  <attribute name="ProportionalI" value="-40.000000" />
  <attribute name="ProportionalH" value="-40.000000" />
  <attribute name="Current Error" value="-80.000000" />
  <attribute name="IntegralT" value="-45920.000000" />
  <attribute name="IntegralI" value="-45920.000000" />
  <attribute name="IntegralH" value="-45920.000000" />
  <attribute name="DerivativeT" value="-0.069686" />
  <attribute name="DerivativeI" value="-0.069686" />
  <attribute name="DerivativeH" value="-0.069686" />
  <attribute name="Loop Time for DT" value="1148.000000" />
  <attribute name="Output H" value="4203675648"/>
  <attribute name="Output I" value="200"/>
  <attribute name="Output T" value="16"/>
  <attribute name="Target GC Util Change" value ="80.000000" />
  <attribute name="Current GC Util Change" value="0.000000"/>
  <attribute name="GC Util currently" value="0" />
  <attribute name="CPU Util currently" value="18" />
<allocation-satisfied id="664" threadId="0000000001B65600" bytesRequested="32" />
<af-end id="665" timestamp="2019-08-10T03:37:05.957" threadId="0000000001B65F88" success="true" from="nursery"/>
<exclusive-end id="666" timestamp="2019-08-10T03:37:05.957" durationms="3.926" />

<exclusive-start id="667" timestamp="2019-08-10T03:37:06.989" intervalms="1035.312">
  <response-info timems="0.026" idlems="0.026" threads="0" lastid="0000000001B87100" lastname="node-19" />
</exclusive-start>
<af-start id="668" threadId="0000000001B87A88" totalBytesRequested="368" timestamp="2019-08-10T03:37:06.989" intervalms="1035.270" type="nursery" />
<cycle-start id="669" type="scavenge" contextid="0" timestamp="2019-08-10T03:37:06.989" intervalms="1035.269" />
<gc-start id="670" type="scavenge" contextid="669" timestamp="2019-08-10T03:37:06.989">
  <mem-info id="671" free="4193231520" total="4203675648" percent="99">
    <mem type="nursery" free="0" total="2228224" percent="0">
      <mem type="allocate" free="0" total="1966080" percent="0" />
      <mem type="survivor" free="0" total="262144" percent="0" />
    </mem>
    <mem type="tenure" free="4193231520" total="4201447424" percent="99">
      <mem type="soa" free="3983159968" total="3991375872" percent="99" />
      <mem type="loa" free="210071552" total="210071552" percent="100" />
    </mem>
    <remembered-set count="393" />
  </mem-info>
</gc-start>
<allocation-stats totalBytes="1867016" >
  <allocated-bytes non-tlh="32" tlh="1866984" />
  <largest-consumer threadName="node-8" threadId="0000000001B74500" bytes="90104" />
</allocation-stats>
<gc-op id="672" type="scavenge" timems="2.180" contextid="669" timestamp="2019-08-10T03:37:06.991">
  <scavenger-info tenureage="2" tenuremask="4004" tiltratio="88" />
  <memory-copied type="nursery" objects="2683" bytes="72752" bytesdiscarded="72400" />
  <memory-copied type="tenure" objects="873" bytes="20952" bytesdiscarded="0" />
</gc-op>
<gc-end id="673" type="scavenge" contextid="669" durationms="2.522" usertimems="0.463" systemtimems="3.282" timestamp="2019-08-10T03:37:06.991" activeThreads="16">
  <mem-info id="674" free="4195020192" total="4203675648" percent="99">
    <mem type="nursery" free="1820928" total="2228224" percent="81">
      <mem type="allocate" free="1820928" total="1966080" percent="92" />
      <mem type="survivor" free="0" total="262144" percent="0" />
    </mem>
    <mem type="tenure" free="4193199264" total="4201447424" percent="99" macro-fragmented="5375357">
      <mem type="soa" free="3983127712" total="3991375872" percent="99" />
      <mem type="loa" free="210071552" total="210071552" percent="100" />
    </mem>
    <remembered-set count="310" />
  </mem-info>
</gc-end>
<cycle-end id="675" type="scavenge" contextid="669" timestamp="2019-08-10T03:37:06.991" />
  <attribute name="elasticGC enabled" value="1" />
  <attribute name= "numThreadsSpecified" value="16" />
  <attribute name="heapSize specified" value="8519680" />
  <attribute name="Current GC Util" value="0" />
  <attribute name= "Current Time Running" value="27135" />
  <attribute name ="GC Interval" value="200" />
  <attribute name="ProportionalT" value="-40.000000" />
  <attribute name="ProportionalI" value="-40.000000" />
  <attribute name="ProportionalH" value="-40.000000" />
  <attribute name="Current Error" value="-80.000000" />
  <attribute name="IntegralT" value="-41400.000000" />
  <attribute name="IntegralI" value="-41400.000000" />
  <attribute name="IntegralH" value="-41400.000000" />
  <attribute name="DerivativeT" value="-0.077295" />
  <attribute name="DerivativeI" value="-0.077295" />
  <attribute name="DerivativeH" value="-0.077295" />
  <attribute name="Loop Time for DT" value="1035.000000" />
  <attribute name="Output H" value="4203675648"/>
  <attribute name="Output I" value="200"/>
  <attribute name="Output T" value="16"/>
  <attribute name="Target GC Util Change" value ="80.000000" />
  <attribute name="Current GC Util Change" value="0.000000"/>
  <attribute name="GC Util currently" value="0" />
  <attribute name="CPU Util currently" value="18" />
<allocation-satisfied id="676" threadId="0000000001B87100" bytesRequested="368" />
<af-end id="677" timestamp="2019-08-10T03:37:06.991" threadId="0000000001B87A88" success="true" from="nursery"/>
<exclusive-end id="678" timestamp="2019-08-10T03:37:06.991" durationms="2.741" />

<exclusive-start id="679" timestamp="2019-08-10T03:37:08.000" intervalms="1011.022">
  <response-info timems="0.045" idlems="0.031" threads="2" lastid="0000000001B5DE00" lastname="node-1" />
</exclusive-start>
<af-start id="680" threadId="0000000001B53388" totalBytesRequested="16" timestamp="2019-08-10T03:37:08.000" intervalms="1011.073" type="nursery" />
<cycle-start id="681" type="scavenge" contextid="0" timestamp="2019-08-10T03:37:08.000" intervalms="1011.094" />
<gc-start id="682" type="scavenge" contextid="681" timestamp="2019-08-10T03:37:08.000">
  <mem-info id="683" free="4193199264" total="4203675648" percent="99">
    <mem type="nursery" free="0" total="2228224" percent="0">
      <mem type="allocate" free="0" total="1966080" percent="0" />
      <mem type="survivor" free="0" total="262144" percent="0" />
    </mem>
    <mem type="tenure" free="4193199264" total="4201447424" percent="99">
      <mem type="soa" free="3983127712" total="3991375872" percent="99" />
      <mem type="loa" free="210071552" total="210071552" percent="100" />
    </mem>
    <remembered-set count="401" />
  </mem-info>
</gc-start>
<allocation-stats totalBytes="1815944" >
  <allocated-bytes non-tlh="368" tlh="1815576" />
  <largest-consumer threadName="node-19" threadId="0000000001B87100" bytes="90464" />
</allocation-stats>
<gc-op id="684" type="scavenge" timems="1.934" contextid="681" timestamp="2019-08-10T03:37:08.002">
  <scavenger-info tenureage="2" tenuremask="4004" tiltratio="88" />
  <memory-copied type="nursery" objects="2912" bytes="83280" bytesdiscarded="61872" />
  <memory-copied type="tenure" objects="1314" bytes="31536" bytesdiscarded="720" />
</gc-op>
<gc-end id="685" type="scavenge" contextid="681" durationms="2.571" usertimems="4.164" systemtimems="0.428" timestamp="2019-08-10T03:37:08.002" activeThreads="16">
  <mem-info id="686" free="4194987936" total="4203675648" percent="99">
    <mem type="nursery" free="1820928" total="2228224" percent="81">
      <mem type="allocate" free="1820928" total="1966080" percent="92" />
      <mem type="survivor" free="0" total="262144" percent="0" />
    </mem>
    <mem type="tenure" free="4193167008" total="4201447424" percent="99" macro-fragmented="290741">
      <mem type="soa" free="3983095456" total="3991375872" percent="99" />
      <mem type="loa" free="210071552" total="210071552" percent="100" />
    </mem>
    <remembered-set count="313" />
  </mem-info>
</gc-end>
<cycle-end id="687" type="scavenge" contextid="681" timestamp="2019-08-10T03:37:08.003" />
  <attribute name="elasticGC enabled" value="1" />
  <attribute name= "numThreadsSpecified" value="16" />
  <attribute name="heapSize specified" value="8519680" />
  <attribute name="Current GC Util" value="0" />
  <attribute name= "Current Time Running" value="28146" />
  <attribute name ="GC Interval" value="200" />
  <attribute name="ProportionalT" value="-40.000000" />
  <attribute name="ProportionalI" value="-40.000000" />
  <attribute name="ProportionalH" value="-40.000000" />
  <attribute name="Current Error" value="-80.000000" />
  <attribute name="IntegralT" value="-40440.000000" />
  <attribute name="IntegralI" value="-40440.000000" />
  <attribute name="IntegralH" value="-40440.000000" />
  <attribute name="DerivativeT" value="-0.079130" />
  <attribute name="DerivativeI" value="-0.079130" />
  <attribute name="DerivativeH" value="-0.079130" />
  <attribute name="Loop Time for DT" value="1011.000000" />
  <attribute name="Output H" value="4203675648"/>
  <attribute name="Output I" value="200"/>
  <attribute name="Output T" value="16"/>
  <attribute name="Target GC Util Change" value ="80.000000" />
  <attribute name="Current GC Util Change" value="0.000000"/>
  <attribute name="GC Util currently" value="0" />
  <attribute name="CPU Util currently" value="16" />
<allocation-satisfied id="688" threadId="0000000001B52A00" bytesRequested="16" />
<af-end id="689" timestamp="2019-08-10T03:37:08.003" threadId="0000000001B53388" success="true" from="nursery"/>
<exclusive-end id="690" timestamp="2019-08-10T03:37:08.003" durationms="3.063" />

<exclusive-start id="691" timestamp="2019-08-10T03:37:08.802" intervalms="802.900">
  <response-info timems="0.443" idlems="0.237" threads="1" lastid="0000000001B6CD00" lastname="node-24" />
</exclusive-start>
<af-start id="692" threadId="0000000001B5E788" totalBytesRequested="24" timestamp="2019-08-10T03:37:08.803" intervalms="802.866" type="nursery" />
<cycle-start id="693" type="scavenge" contextid="0" timestamp="2019-08-10T03:37:08.803" intervalms="802.841" />
<gc-start id="694" type="scavenge" contextid="693" timestamp="2019-08-10T03:37:08.803">
  <mem-info id="695" free="4193167008" total="4203675648" percent="99">
    <mem type="nursery" free="0" total="2228224" percent="0">
      <mem type="allocate" free="0" total="1966080" percent="0" />
      <mem type="survivor" free="0" total="262144" percent="0" />
    </mem>
    <mem type="tenure" free="4193167008" total="4201447424" percent="99">
      <mem type="soa" free="3983095456" total="3991375872" percent="99" />
      <mem type="loa" free="210071552" total="210071552" percent="100" />
    </mem>
    <remembered-set count="398" />
  </mem-info>
</gc-start>
<allocation-stats totalBytes="1820248" >
  <allocated-bytes non-tlh="16" tlh="1820232" />
  <largest-consumer threadName="node-15" threadId="0000000001B2D300" bytes="90112" />
</allocation-stats>
<gc-op id="696" type="scavenge" timems="1.377" contextid="693" timestamp="2019-08-10T03:37:08.804">
  <scavenger-info tenureage="2" tenuremask="4004" tiltratio="88" />
  <memory-copied type="nursery" objects="2804" bytes="69000" bytesdiscarded="76152" />
  <memory-copied type="tenure" objects="1215" bytes="29160" bytesdiscarded="0" />
</gc-op>
<gc-end id="697" type="scavenge" contextid="693" durationms="2.384" usertimems="2.008" systemtimems="1.688" timestamp="2019-08-10T03:37:08.805" activeThreads="16">
  <mem-info id="698" free="4194955680" total="4203675648" percent="99">
    <mem type="nursery" free="1820928" total="2228224" percent="81">
      <mem type="allocate" free="1820928" total="1966080" percent="92" />
      <mem type="survivor" free="0" total="262144" percent="0" />
    </mem>
    <mem type="tenure" free="4193134752" total="4201447424" percent="99" macro-fragmented="2592282">
      <mem type="soa" free="3983063200" total="3991375872" percent="99" />
      <mem type="loa" free="210071552" total="210071552" percent="100" />
    </mem>
    <remembered-set count="330" />
  </mem-info>
</gc-end>
<cycle-end id="699" type="scavenge" contextid="693" timestamp="2019-08-10T03:37:08.805" />
  <attribute name="elasticGC enabled" value="1" />
  <attribute name= "numThreadsSpecified" value="16" />
  <attribute name="heapSize specified" value="8519680" />
  <attribute name="Current GC Util" value="0" />
  <attribute name= "Current Time Running" value="28949" />
  <attribute name ="GC Interval" value="200" />
  <attribute name="ProportionalT" value="-40.000000" />
  <attribute name="ProportionalI" value="-40.000000" />
  <attribute name="ProportionalH" value="-40.000000" />
  <attribute name="Current Error" value="-80.000000" />
  <attribute name="IntegralT" value="-32120.000000" />
  <attribute name="IntegralI" value="-32120.000000" />
  <attribute name="IntegralH" value="-32120.000000" />
  <attribute name="DerivativeT" value="-0.099626" />
  <attribute name="DerivativeI" value="-0.099626" />
  <attribute name="DerivativeH" value="-0.099626" />
  <attribute name="Loop Time for DT" value="803.000000" />
  <attribute name="Output H" value="4203675648"/>
  <attribute name="Output I" value="200"/>
  <attribute name="Output T" value="16"/>
  <attribute name="Target GC Util Change" value ="80.000000" />
  <attribute name="Current GC Util Change" value="0.000000"/>
  <attribute name="GC Util currently" value="0" />
  <attribute name="CPU Util currently" value="16" />
<allocation-satisfied id="700" threadId="0000000001B5DE00" bytesRequested="24" />
<af-end id="701" timestamp="2019-08-10T03:37:08.805" threadId="0000000001B5E788" success="true" from="nursery"/>
<exclusive-end id="702" timestamp="2019-08-10T03:37:08.805" durationms="2.655" />

<exclusive-start id="703" timestamp="2019-08-10T03:37:09.682" intervalms="879.863">
  <response-info timems="0.030" idlems="0.030" threads="0" lastid="0000000001B78100" lastname="node-13" />
</exclusive-start>
<af-start id="704" threadId="0000000001B78A88" totalBytesRequested="24" timestamp="2019-08-10T03:37:09.682" intervalms="879.900" type="nursery" />
<cycle-start id="705" type="scavenge" contextid="0" timestamp="2019-08-10T03:37:09.682" intervalms="879.908" />
<gc-start id="706" type="scavenge" contextid="705" timestamp="2019-08-10T03:37:09.683">
  <mem-info id="707" free="4193134752" total="4203675648" percent="99">
    <mem type="nursery" free="0" total="2228224" percent="0">
      <mem type="allocate" free="0" total="1966080" percent="0" />
      <mem type="survivor" free="0" total="262144" percent="0" />
    </mem>
    <mem type="tenure" free="4193134752" total="4201447424" percent="99">
      <mem type="soa" free="3983063200" total="3991375872" percent="99" />
      <mem type="loa" free="210071552" total="210071552" percent="100" />
    </mem>
    <remembered-set count="397" />
  </mem-info>
</gc-start>
<allocation-stats totalBytes="1817792" >
  <allocated-bytes non-tlh="24" tlh="1817768" />
  <largest-consumer threadName="node-20" threadId="0000000001B83500" bytes="90096" />
</allocation-stats>
<gc-op id="708" type="scavenge" timems="2.491" contextid="705" timestamp="2019-08-10T03:37:09.685">
  <scavenger-info tenureage="2" tenuremask="4004" tiltratio="88" />
  <memory-copied type="nursery" objects="2425" bytes="59912" bytesdiscarded="85240" />
  <memory-copied type="tenure" objects="1517" bytes="36408" bytesdiscarded="0" />
</gc-op>
<gc-end id="709" type="scavenge" contextid="705" durationms="2.836" usertimems="4.946" systemtimems="2.206" timestamp="2019-08-10T03:37:09.685" activeThreads="16">
  <mem-info id="710" free="4194923424" total="4203675648" percent="99">
    <mem type="nursery" free="1820928" total="2228224" percent="81">
      <mem type="allocate" free="1820928" total="1966080" percent="92" />
      <mem type="survivor" free="0" total="262144" percent="0" />
    </mem>
    <mem type="tenure" free="4193102496" total="4201447424" percent="99" macro-fragmented="1041779">
      <mem type="soa" free="3983030944" total="3991375872" percent="99" />
      <mem type="loa" free="210071552" total="210071552" percent="100" />
    </mem>
    <remembered-set count="326" />
  </mem-info>
</gc-end>
<cycle-end id="711" type="scavenge" contextid="705" timestamp="2019-08-10T03:37:09.685" />
  <attribute name="elasticGC enabled" value="1" />
  <attribute name= "numThreadsSpecified" value="16" />
  <attribute name="heapSize specified" value="8519680" />
  <attribute name="Current GC Util" value="0" />
  <attribute name= "Current Time Running" value="29829" />
  <attribute name ="GC Interval" value="200" />
  <attribute name="ProportionalT" value="-40.000000" />
  <attribute name="ProportionalI" value="-40.000000" />
  <attribute name="ProportionalH" value="-40.000000" />
  <attribute name="Current Error" value="-80.000000" />
  <attribute name="IntegralT" value="-35200.000000" />
  <attribute name="IntegralI" value="-35200.000000" />
  <attribute name="IntegralH" value="-35200.000000" />
  <attribute name="DerivativeT" value="-0.090909" />
  <attribute name="DerivativeI" value="-0.090909" />
  <attribute name="DerivativeH" value="-0.090909" />
  <attribute name="Loop Time for DT" value="880.000000" />
  <attribute name="Output H" value="4203675648"/>
  <attribute name="Output I" value="200"/>
  <attribute name="Output T" value="16"/>
  <attribute name="Target GC Util Change" value ="80.000000" />
  <attribute name="Current GC Util Change" value="0.000000"/>
  <attribute name="GC Util currently" value="0" />
  <attribute name="CPU Util currently" value="16" />
<allocation-satisfied id="712" threadId="0000000001B78100" bytesRequested="24" />
<af-end id="713" timestamp="2019-08-10T03:37:09.685" threadId="0000000001B78A88" success="true" from="nursery"/>
<exclusive-end id="714" timestamp="2019-08-10T03:37:09.686" durationms="3.155" />

<exclusive-start id="715" timestamp="2019-08-10T03:37:10.443" intervalms="760.886">
  <response-info timems="0.021" idlems="0.021" threads="0" lastid="0000000001B6CD00" lastname="node-24" />
</exclusive-start>
<af-start id="716" threadId="0000000001B6D688" totalBytesRequested="24" timestamp="2019-08-10T03:37:10.443" intervalms="760.948" type="nursery" />
<cycle-start id="717" type="scavenge" contextid="0" timestamp="2019-08-10T03:37:10.443" intervalms="760.945" />
<gc-start id="718" type="scavenge" contextid="717" timestamp="2019-08-10T03:37:10.443">
  <mem-info id="719" free="4193102496" total="4203675648" percent="99">
    <mem type="nursery" free="0" total="2228224" percent="0">
      <mem type="allocate" free="0" total="1966080" percent="0" />
      <mem type="survivor" free="0" total="262144" percent="0" />
    </mem>
    <mem type="tenure" free="4193102496" total="4201447424" percent="99">
      <mem type="soa" free="3983030944" total="3991375872" percent="99" />
      <mem type="loa" free="210071552" total="210071552" percent="100" />
    </mem>
    <remembered-set count="396" />
  </mem-info>
</gc-start>
<allocation-stats totalBytes="1819136" >
  <allocated-bytes non-tlh="24" tlh="1819112" />
  <largest-consumer threadName="node-13" threadId="0000000001B78100" bytes="90104" />
</allocation-stats>
<gc-op id="720" type="scavenge" timems="3.426" contextid="717" timestamp="2019-08-10T03:37:10.447">
  <scavenger-info tenureage="2" tenuremask="4004" tiltratio="88" />
  <memory-copied type="nursery" objects="2229" bytes="55272" bytesdiscarded="25368" />
  <memory-copied type="tenure" objects="1145" bytes="27480" bytesdiscarded="0" />
</gc-op>
<gc-end id="721" type="scavenge" contextid="717" durationms="3.789" usertimems="2.756" systemtimems="5.987" timestamp="2019-08-10T03:37:10.447" activeThreads="16">
  <mem-info id="722" free="4194971808" total="4203675648" percent="99">
    <mem type="nursery" free="1885440" total="2228224" percent="84">
      <mem type="allocate" free="1885440" total="1966080" percent="95" />
      <mem type="survivor" free="0" total="262144" percent="0" />
    </mem>
    <mem type="tenure" free="4193086368" total="4201447424" percent="99" macro-fragmented="0">
      <mem type="soa" free="3983014816" total="3991375872" percent="99" />
      <mem type="loa" free="210071552" total="210071552" percent="100" />
    </mem>
    <remembered-set count="326" />
  </mem-info>
</gc-end>
<cycle-end id="723" type="scavenge" contextid="717" timestamp="2019-08-10T03:37:10.447" />
  <attribute name="elasticGC enabled" value="1" />
  <attribute name= "numThreadsSpecified" value="16" />
  <attribute name="heapSize specified" value="8519680" />
  <attribute name="Current GC Util" value="0" />
  <attribute name= "Current Time Running" value="30590" />
  <attribute name ="GC Interval" value="200" />
  <attribute name="ProportionalT" value="-40.000000" />
  <attribute name="ProportionalI" value="-40.000000" />
  <attribute name="ProportionalH" value="-40.000000" />
  <attribute name="Current Error" value="-80.000000" />
  <attribute name="IntegralT" value="-30440.000000" />
  <attribute name="IntegralI" value="-30440.000000" />
  <attribute name="IntegralH" value="-30440.000000" />
  <attribute name="DerivativeT" value="-0.105125" />
  <attribute name="DerivativeI" value="-0.105125" />
  <attribute name="DerivativeH" value="-0.105125" />
  <attribute name="Loop Time for DT" value="761.000000" />
  <attribute name="Output H" value="4203675648"/>
  <attribute name="Output I" value="200"/>
  <attribute name="Output T" value="16"/>
  <attribute name="Target GC Util Change" value ="80.000000" />
  <attribute name="Current GC Util Change" value="0.000000"/>
  <attribute name="GC Util currently" value="0" />
  <attribute name="CPU Util currently" value="16" />
<allocation-satisfied id="724" threadId="0000000001B6CD00" bytesRequested="24" />
<af-end id="725" timestamp="2019-08-10T03:37:10.447" threadId="0000000001B6D688" success="true" from="nursery"/>
<exclusive-end id="726" timestamp="2019-08-10T03:37:10.447" durationms="4.162" />

<exclusive-start id="727" timestamp="2019-08-10T03:37:11.160" intervalms="716.520">
  <response-info timems="0.511" idlems="0.511" threads="0" lastid="0000000001B5DE00" lastname="node-1" />
</exclusive-start>
<af-start id="728" threadId="0000000001B5E788" totalBytesRequested="16" timestamp="2019-08-10T03:37:11.160" intervalms="716.585" type="nursery" />
<cycle-start id="729" type="scavenge" contextid="0" timestamp="2019-08-10T03:37:11.160" intervalms="716.586" />
<gc-start id="730" type="scavenge" contextid="729" timestamp="2019-08-10T03:37:11.160">
  <mem-info id="731" free="4193086368" total="4203675648" percent="99">
    <mem type="nursery" free="0" total="2228224" percent="0">
      <mem type="allocate" free="0" total="1966080" percent="0" />
      <mem type="survivor" free="0" total="262144" percent="0" />
    </mem>
    <mem type="tenure" free="4193086368" total="4201447424" percent="99">
      <mem type="soa" free="3983014816" total="3991375872" percent="99" />
      <mem type="loa" free="210071552" total="210071552" percent="100" />
    </mem>
    <remembered-set count="386" />
  </mem-info>
</gc-start>
<allocation-stats totalBytes="1884720" >
  <allocated-bytes non-tlh="24" tlh="1884696" />
  <largest-consumer threadName="node-23" threadId="0000000001B34B00" bytes="90112" />
</allocation-stats>
<gc-op id="732" type="scavenge" timems="2.443" contextid="729" timestamp="2019-08-10T03:37:11.163">
  <scavenger-info tenureage="2" tenuremask="4004" tiltratio="88" />
  <memory-copied type="nursery" objects="2275" bytes="65576" bytesdiscarded="79576" />
  <memory-copied type="tenure" objects="1139" bytes="27336" bytesdiscarded="0" />
</gc-op>
<gc-end id="733" type="scavenge" contextid="729" durationms="3.108" usertimems="4.367" systemtimems="1.246" timestamp="2019-08-10T03:37:11.163" activeThreads="16">
  <mem-info id="734" free="4194875040" total="4203675648" percent="99">
    <mem type="nursery" free="1820928" total="2228224" percent="81">
      <mem type="allocate" free="1820928" total="1966080" percent="92" />
      <mem type="survivor" free="0" total="262144" percent="0" />
    </mem>
    <mem type="tenure" free="4193054112" total="4201447424" percent="99" macro-fragmented="0">
      <mem type="soa" free="3982982560" total="3991375872" percent="99" />
      <mem type="loa" free="210071552" total="210071552" percent="100" />
    </mem>
    <remembered-set count="301" />
  </mem-info>
</gc-end>
<cycle-end id="735" type="scavenge" contextid="729" timestamp="2019-08-10T03:37:11.163" />
  <attribute name="elasticGC enabled" value="1" />
  <attribute name= "numThreadsSpecified" value="16" />
  <attribute name="heapSize specified" value="8519680" />
  <attribute name="Current GC Util" value="0" />
  <attribute name= "Current Time Running" value="31306" />
  <attribute name ="GC Interval" value="200" />
  <attribute name="ProportionalT" value="-40.000000" />
  <attribute name="ProportionalI" value="-40.000000" />
  <attribute name="ProportionalH" value="-40.000000" />
  <attribute name="Current Error" value="-80.000000" />
  <attribute name="IntegralT" value="-28640.000000" />
  <attribute name="IntegralI" value="-28640.000000" />
  <attribute name="IntegralH" value="-28640.000000" />
  <attribute name="DerivativeT" value="-0.111732" />
  <attribute name="DerivativeI" value="-0.111732" />
  <attribute name="DerivativeH" value="-0.111732" />
  <attribute name="Loop Time for DT" value="716.000000" />
  <attribute name="Output H" value="4203675648"/>
  <attribute name="Output I" value="200"/>
  <attribute name="Output T" value="16"/>
  <attribute name="Target GC Util Change" value ="80.000000" />
  <attribute name="Current GC Util Change" value="0.000000"/>
  <attribute name="GC Util currently" value="0" />
  <attribute name="CPU Util currently" value="15" />
<allocation-satisfied id="736" threadId="0000000001B5DE00" bytesRequested="16" />
<af-end id="737" timestamp="2019-08-10T03:37:11.163" threadId="0000000001B5E788" success="true" from="nursery"/>
<exclusive-end id="738" timestamp="2019-08-10T03:37:11.163" durationms="3.503" />

<exclusive-start id="739" timestamp="2019-08-10T03:37:11.880" intervalms="719.770">
  <response-info timems="0.083" idlems="0.056" threads="1" lastid="0000000001B69200" lastname="node-25" />
</exclusive-start>
<af-start id="740" threadId="0000000001B44488" totalBytesRequested="16" timestamp="2019-08-10T03:37:11.880" intervalms="719.643" type="nursery" />
<cycle-start id="741" type="scavenge" contextid="0" timestamp="2019-08-10T03:37:11.880" intervalms="719.641" />
<gc-start id="742" type="scavenge" contextid="741" timestamp="2019-08-10T03:37:11.880">
  <mem-info id="743" free="4193054112" total="4203675648" percent="99">
    <mem type="nursery" free="0" total="2228224" percent="0">
      <mem type="allocate" free="0" total="1966080" percent="0" />
      <mem type="survivor" free="0" total="262144" percent="0" />
    </mem>
    <mem type="tenure" free="4193054112" total="4201447424" percent="99">
      <mem type="soa" free="3982982560" total="3991375872" percent="99" />
      <mem type="loa" free="210071552" total="210071552" percent="100" />
    </mem>
    <remembered-set count="389" />
  </mem-info>
</gc-start>
<allocation-stats totalBytes="1818360" >
  <allocated-bytes non-tlh="16" tlh="1818344" />
  <largest-consumer threadName="node-8" threadId="0000000001B74500" bytes="90104" />
</allocation-stats>
<gc-op id="744" type="scavenge" timems="2.049" contextid="741" timestamp="2019-08-10T03:37:11.882">
  <scavenger-info tenureage="2" tenuremask="4004" tiltratio="88" />
  <memory-copied type="nursery" objects="2259" bytes="63464" bytesdiscarded="81688" />
  <memory-copied type="tenure" objects="943" bytes="22632" bytesdiscarded="0" />
</gc-op>
<gc-end id="745" type="scavenge" contextid="741" durationms="2.721" usertimems="1.508" systemtimems="2.449" timestamp="2019-08-10T03:37:11.882" activeThreads="16">
  <mem-info id="746" free="4194842784" total="4203675648" percent="99">
    <mem type="nursery" free="1820928" total="2228224" percent="81">
      <mem type="allocate" free="1820928" total="1966080" percent="92" />
      <mem type="survivor" free="0" total="262144" percent="0" />
    </mem>
    <mem type="tenure" free="4193021856" total="4201447424" percent="99" macro-fragmented="0">
      <mem type="soa" free="3982950304" total="3991375872" percent="99" />
      <mem type="loa" free="210071552" total="210071552" percent="100" />
    </mem>
    <remembered-set count="305" />
  </mem-info>
</gc-end>
<cycle-end id="747" type="scavenge" contextid="741" timestamp="2019-08-10T03:37:11.882" />
  <attribute name="elasticGC enabled" value="1" />
  <attribute name= "numThreadsSpecified" value="16" />
  <attribute name="heapSize specified" value="8519680" />
  <attribute name="Current GC Util" value="0" />
  <attribute name= "Current Time Running" value="32026" />
  <attribute name ="GC Interval" value="200" />
  <attribute name="ProportionalT" value="-40.000000" />
  <attribute name="ProportionalI" value="-40.000000" />
  <attribute name="ProportionalH" value="-40.000000" />
  <attribute name="Current Error" value="-80.000000" />
  <attribute name="IntegralT" value="-28800.000000" />
  <attribute name="IntegralI" value="-28800.000000" />
  <attribute name="IntegralH" value="-28800.000000" />
  <attribute name="DerivativeT" value="-0.111111" />
  <attribute name="DerivativeI" value="-0.111111" />
  <attribute name="DerivativeH" value="-0.111111" />
  <attribute name="Loop Time for DT" value="720.000000" />
  <attribute name="Output H" value="4203675648"/>
  <attribute name="Output I" value="200"/>
  <attribute name="Output T" value="16"/>
  <attribute name="Target GC Util Change" value ="80.000000" />
  <attribute name="Current GC Util Change" value="0.000000"/>
  <attribute name="GC Util currently" value="0" />
  <attribute name="CPU Util currently" value="16" />
<allocation-satisfied id="748" threadId="0000000001B43B00" bytesRequested="16" />
<af-end id="749" timestamp="2019-08-10T03:37:11.883" threadId="0000000001B44488" success="true" from="nursery"/>
<exclusive-end id="750" timestamp="2019-08-10T03:37:11.883" durationms="3.006" />

<exclusive-start id="751" timestamp="2019-08-10T03:37:12.595" intervalms="715.471">
  <response-info timems="0.034" idlems="0.034" threads="0" lastid="0000000001B87100" lastname="node-19" />
</exclusive-start>
<af-start id="752" threadId="0000000001B87A88" totalBytesRequested="24" timestamp="2019-08-10T03:37:12.595" intervalms="715.461" type="nursery" />
<cycle-start id="753" type="scavenge" contextid="0" timestamp="2019-08-10T03:37:12.595" intervalms="715.458" />
<gc-start id="754" type="scavenge" contextid="753" timestamp="2019-08-10T03:37:12.595">
  <mem-info id="755" free="4193021856" total="4203675648" percent="99">
    <mem type="nursery" free="0" total="2228224" percent="0">
      <mem type="allocate" free="0" total="1966080" percent="0" />
      <mem type="survivor" free="0" total="262144" percent="0" />
    </mem>
    <mem type="tenure" free="4193021856" total="4201447424" percent="99">
      <mem type="soa" free="3982950304" total="3991375872" percent="99" />
      <mem type="loa" free="210071552" total="210071552" percent="100" />
    </mem>
    <remembered-set count="390" />
  </mem-info>
</gc-start>
<allocation-stats totalBytes="1820232" >
  <allocated-bytes non-tlh="16" tlh="1820216" />
  <largest-consumer threadName="node-23" threadId="0000000001B34B00" bytes="90104" />
</allocation-stats>
<gc-op id="756" type="scavenge" timems="2.282" contextid="753" timestamp="2019-08-10T03:37:12.597">
  <scavenger-info tenureage="2" tenuremask="4004" tiltratio="88" />
  <memory-copied type="nursery" objects="1963" bytes="48824" bytesdiscarded="31816" />
  <memory-copied type="tenure" objects="1163" bytes="27912" bytesdiscarded="0" />
</gc-op>
<gc-end id="757" type="scavenge" contextid="753" durationms="2.860" usertimems="2.450" systemtimems="2.349" timestamp="2019-08-10T03:37:12.598" activeThreads="16">
  <mem-info id="758" free="4194875040" total="4203675648" percent="99">
    <mem type="nursery" free="1885440" total="2228224" percent="84">
      <mem type="allocate" free="1885440" total="1966080" percent="95" />
      <mem type="survivor" free="0" total="262144" percent="0" />
    </mem>
    <mem type="tenure" free="4192989600" total="4201447424" percent="99" macro-fragmented="0">
      <mem type="soa" free="3982918048" total="3991375872" percent="99" />
      <mem type="loa" free="210071552" total="210071552" percent="100" />
    </mem>
    <remembered-set count="322" />
  </mem-info>
</gc-end>
<cycle-end id="759" type="scavenge" contextid="753" timestamp="2019-08-10T03:37:12.598" />
  <attribute name="elasticGC enabled" value="1" />
  <attribute name= "numThreadsSpecified" value="16" />
  <attribute name="heapSize specified" value="8519680" />
  <attribute name="Current GC Util" value="0" />
  <attribute name= "Current Time Running" value="32741" />
  <attribute name ="GC Interval" value="200" />
  <attribute name="ProportionalT" value="-40.000000" />
  <attribute name="ProportionalI" value="-40.000000" />
  <attribute name="ProportionalH" value="-40.000000" />
  <attribute name="Current Error" value="-80.000000" />
  <attribute name="IntegralT" value="-28600.000000" />
  <attribute name="IntegralI" value="-28600.000000" />
  <attribute name="IntegralH" value="-28600.000000" />
  <attribute name="DerivativeT" value="-0.111888" />
  <attribute name="DerivativeI" value="-0.111888" />
  <attribute name="DerivativeH" value="-0.111888" />
  <attribute name="Loop Time for DT" value="715.000000" />
  <attribute name="Output H" value="4203675648"/>
  <attribute name="Output I" value="200"/>
  <attribute name="Output T" value="16"/>
  <attribute name="Target GC Util Change" value ="80.000000" />
  <attribute name="Current GC Util Change" value="0.000000"/>
  <attribute name="GC Util currently" value="0" />
  <attribute name="CPU Util currently" value="16" />
<allocation-satisfied id="760" threadId="0000000001B87100" bytesRequested="24" />
<af-end id="761" timestamp="2019-08-10T03:37:12.598" threadId="0000000001B87A88" success="true" from="nursery"/>
<exclusive-end id="762" timestamp="2019-08-10T03:37:12.598" durationms="3.177" />

<exclusive-start id="763" timestamp="2019-08-10T03:37:13.145" intervalms="549.888">
  <response-info timems="1.489" idlems="0.769" threads="1" lastid="0000000001B61A00" lastname="node-3" />
</exclusive-start>
<af-start id="764" threadId="0000000001B6D688" totalBytesRequested="16" timestamp="2019-08-10T03:37:13.145" intervalms="549.890" type="nursery" />
<cycle-start id="765" type="scavenge" contextid="0" timestamp="2019-08-10T03:37:13.145" intervalms="549.891" />
<gc-start id="766" type="scavenge" contextid="765" timestamp="2019-08-10T03:37:13.145">
  <mem-info id="767" free="4192989600" total="4203675648" percent="99">
    <mem type="nursery" free="0" total="2228224" percent="0">
      <mem type="allocate" free="0" total="1966080" percent="0" />
      <mem type="survivor" free="0" total="262144" percent="0" />
    </mem>
    <mem type="tenure" free="4192989600" total="4201447424" percent="99">
      <mem type="soa" free="3982918048" total="3991375872" percent="99" />
      <mem type="loa" free="210071552" total="210071552" percent="100" />
    </mem>
    <remembered-set count="387" />
  </mem-info>
</gc-start>
<allocation-stats totalBytes="1884312" >
  <allocated-bytes non-tlh="24" tlh="1884288" />
  <largest-consumer threadName="node-19" threadId="0000000001B87100" bytes="90112" />
</allocation-stats>
<gc-op id="768" type="scavenge" timems="2.836" contextid="765" timestamp="2019-08-10T03:37:13.148">
  <scavenger-info tenureage="2" tenuremask="4004" tiltratio="88" />
  <memory-copied type="nursery" objects="1783" bytes="57944" bytesdiscarded="54952" />
  <memory-copied type="tenure" objects="922" bytes="22128" bytesdiscarded="0" />
</gc-op>
<gc-end id="769" type="scavenge" contextid="765" durationms="3.456" usertimems="2.805" systemtimems="2.101" timestamp="2019-08-10T03:37:13.148" activeThreads="16">
  <mem-info id="770" free="4194826656" total="4203675648" percent="99">
    <mem type="nursery" free="1853184" total="2228224" percent="83">
      <mem type="allocate" free="1853184" total="1966080" percent="94" />
      <mem type="survivor" free="0" total="262144" percent="0" />
    </mem>
    <mem type="tenure" free="4192973472" total="4201447424" percent="99" macro-fragmented="0">
      <mem type="soa" free="3982901920" total="3991375872" percent="99" />
      <mem type="loa" free="210071552" total="210071552" percent="100" />
    </mem>
    <remembered-set count="300" />
  </mem-info>
</gc-end>
<cycle-end id="771" type="scavenge" contextid="765" timestamp="2019-08-10T03:37:13.149" />
  <attribute name="elasticGC enabled" value="1" />
  <attribute name= "numThreadsSpecified" value="16" />
  <attribute name="heapSize specified" value="8519680" />
  <attribute name="Current GC Util" value="0" />
  <attribute name= "Current Time Running" value="33291" />
  <attribute name ="GC Interval" value="200" />
  <attribute name="ProportionalT" value="-40.000000" />
  <attribute name="ProportionalI" value="-40.000000" />
  <attribute name="ProportionalH" value="-40.000000" />
  <attribute name="Current Error" value="-80.000000" />
  <attribute name="IntegralT" value="-22000.000000" />
  <attribute name="IntegralI" value="-22000.000000" />
  <attribute name="IntegralH" value="-22000.000000" />
  <attribute name="DerivativeT" value="-0.145455" />
  <attribute name="DerivativeI" value="-0.145455" />
  <attribute name="DerivativeH" value="-0.145455" />
  <attribute name="Loop Time for DT" value="550.000000" />
  <attribute name="Output H" value="4203675648"/>
  <attribute name="Output I" value="200"/>
  <attribute name="Output T" value="16"/>
  <attribute name="Target GC Util Change" value ="80.000000" />
  <attribute name="Current GC Util Change" value="0.000000"/>
  <attribute name="GC Util currently" value="0" />
  <attribute name="CPU Util currently" value="16" />
<allocation-satisfied id="772" threadId="0000000001B6CD00" bytesRequested="16" />
<af-end id="773" timestamp="2019-08-10T03:37:13.149" threadId="0000000001B6D688" success="true" from="nursery"/>
<exclusive-end id="774" timestamp="2019-08-10T03:37:13.149" durationms="3.721" />

<exclusive-start id="775" timestamp="2019-08-10T03:37:14.269" intervalms="1124.030">
  <response-info timems="0.133" idlems="0.133" threads="0" lastid="0000000001B87100" lastname="node-19" />
</exclusive-start>
<af-start id="776" threadId="0000000001B87A88" totalBytesRequested="24" timestamp="2019-08-10T03:37:14.269" intervalms="1124.059" type="nursery" />
<cycle-start id="777" type="scavenge" contextid="0" timestamp="2019-08-10T03:37:14.269" intervalms="1124.075" />
<gc-start id="778" type="scavenge" contextid="777" timestamp="2019-08-10T03:37:14.269">
  <mem-info id="779" free="4192973472" total="4203675648" percent="99">
    <mem type="nursery" free="0" total="2228224" percent="0">
      <mem type="allocate" free="0" total="1966080" percent="0" />
      <mem type="survivor" free="0" total="262144" percent="0" />
    </mem>
    <mem type="tenure" free="4192973472" total="4201447424" percent="99">
      <mem type="soa" free="3982901920" total="3991375872" percent="99" />
      <mem type="loa" free="210071552" total="210071552" percent="100" />
    </mem>
    <remembered-set count="391" />
  </mem-info>
</gc-start>
<allocation-stats totalBytes="1851408" >
  <allocated-bytes non-tlh="16" tlh="1851392" />
  <largest-consumer threadName="node-12" threadId="0000000001B47600" bytes="90112" />
</allocation-stats>
<gc-op id="780" type="scavenge" timems="1.607" contextid="777" timestamp="2019-08-10T03:37:14.271">
  <scavenger-info tenureage="2" tenuremask="4004" tiltratio="88" />
  <memory-copied type="nursery" objects="2413" bytes="59624" bytesdiscarded="53272" />
  <memory-copied type="tenure" objects="900" bytes="21600" bytesdiscarded="0" />
</gc-op>
<gc-end id="781" type="scavenge" contextid="777" durationms="2.350" usertimems="1.304" systemtimems="3.457" timestamp="2019-08-10T03:37:14.271" activeThreads="16">
  <mem-info id="782" free="4194802848" total="4203675648" percent="99">
    <mem type="nursery" free="1853184" total="2228224" percent="83">
      <mem type="allocate" free="1853184" total="1966080" percent="94" />
      <mem type="survivor" free="0" total="262144" percent="0" />
    </mem>
    <mem type="tenure" free="4192949664" total="4201447424" percent="99" macro-fragmented="602881">
      <mem type="soa" free="3982878112" total="3991375872" percent="99" />
      <mem type="loa" free="210071552" total="210071552" percent="100" />
    </mem>
    <remembered-set count="326" />
  </mem-info>
</gc-end>
<cycle-end id="783" type="scavenge" contextid="777" timestamp="2019-08-10T03:37:14.272" />
  <attribute name="elasticGC enabled" value="1" />
  <attribute name= "numThreadsSpecified" value="16" />
  <attribute name="heapSize specified" value="8519680" />
  <attribute name="Current GC Util" value="0" />
  <attribute name= "Current Time Running" value="34415" />
  <attribute name ="GC Interval" value="200" />
  <attribute name="ProportionalT" value="-40.000000" />
  <attribute name="ProportionalI" value="-40.000000" />
  <attribute name="ProportionalH" value="-40.000000" />
  <attribute name="Current Error" value="-80.000000" />
  <attribute name="IntegralT" value="-44960.000000" />
  <attribute name="IntegralI" value="-44960.000000" />
  <attribute name="IntegralH" value="-44960.000000" />
  <attribute name="DerivativeT" value="-0.071174" />
  <attribute name="DerivativeI" value="-0.071174" />
  <attribute name="DerivativeH" value="-0.071174" />
  <attribute name="Loop Time for DT" value="1124.000000" />
  <attribute name="Output H" value="4203675648"/>
  <attribute name="Output I" value="200"/>
  <attribute name="Output T" value="16"/>
  <attribute name="Target GC Util Change" value ="80.000000" />
  <attribute name="Current GC Util Change" value="0.000000"/>
  <attribute name="GC Util currently" value="0" />
  <attribute name="CPU Util currently" value="17" />
<allocation-satisfied id="784" threadId="0000000001B87100" bytesRequested="24" />
<af-end id="785" timestamp="2019-08-10T03:37:14.272" threadId="0000000001B87A88" success="true" from="nursery"/>
<exclusive-end id="786" timestamp="2019-08-10T03:37:14.272" durationms="2.835" />

<exclusive-start id="787" timestamp="2019-08-10T03:37:14.926" intervalms="657.154">
  <response-info timems="0.024" idlems="0.024" threads="0" lastid="0000000001B7F900" lastname="node-0" />
</exclusive-start>
<af-start id="788" threadId="0000000001B80288" totalBytesRequested="376" timestamp="2019-08-10T03:37:14.926" intervalms="657.089" type="nursery" />
<cycle-start id="789" type="scavenge" contextid="0" timestamp="2019-08-10T03:37:14.926" intervalms="657.066" />
<gc-start id="790" type="scavenge" contextid="789" timestamp="2019-08-10T03:37:14.926">
  <mem-info id="791" free="4192949664" total="4203675648" percent="99">
    <mem type="nursery" free="0" total="2228224" percent="0">
      <mem type="allocate" free="0" total="1966080" percent="0" />
      <mem type="survivor" free="0" total="262144" percent="0" />
    </mem>
    <mem type="tenure" free="4192949664" total="4201447424" percent="99">
      <mem type="soa" free="3982878112" total="3991375872" percent="99" />
      <mem type="loa" free="210071552" total="210071552" percent="100" />
    </mem>
    <remembered-set count="391" />
  </mem-info>
</gc-start>
<allocation-stats totalBytes="1851760" >
  <allocated-bytes non-tlh="24" tlh="1851736" />
  <largest-consumer threadName="node-9" threadId="0000000001B4B200" bytes="90104" />
</allocation-stats>
<gc-op id="792" type="scavenge" timems="1.963" contextid="789" timestamp="2019-08-10T03:37:14.928">
  <scavenger-info tenureage="2" tenuremask="4004" tiltratio="88" />
  <memory-copied type="nursery" objects="2561" bytes="69592" bytesdiscarded="75560" />
  <memory-copied type="tenure" objects="702" bytes="16848" bytesdiscarded="0" />
</gc-op>
<gc-end id="793" type="scavenge" contextid="789" durationms="2.925" usertimems="2.604" systemtimems="1.297" timestamp="2019-08-10T03:37:14.929" activeThreads="16">
  <mem-info id="794" free="4194754464" total="4203675648" percent="99">
    <mem type="nursery" free="1820928" total="2228224" percent="81">
      <mem type="allocate" free="1820928" total="1966080" percent="92" />
      <mem type="survivor" free="0" total="262144" percent="0" />
    </mem>
    <mem type="tenure" free="4192933536" total="4201447424" percent="99" macro-fragmented="0">
      <mem type="soa" free="3982861984" total="3991375872" percent="99" />
      <mem type="loa" free="210071552" total="210071552" percent="100" />
    </mem>
    <remembered-set count="300" />
  </mem-info>
</gc-end>
<cycle-end id="795" type="scavenge" contextid="789" timestamp="2019-08-10T03:37:14.929" />
  <attribute name="elasticGC enabled" value="1" />
  <attribute name= "numThreadsSpecified" value="16" />
  <attribute name="heapSize specified" value="8519680" />
  <attribute name="Current GC Util" value="0" />
  <attribute name= "Current Time Running" value="35072" />
  <attribute name ="GC Interval" value="200" />
  <attribute name="ProportionalT" value="-40.000000" />
  <attribute name="ProportionalI" value="-40.000000" />
  <attribute name="ProportionalH" value="-40.000000" />
  <attribute name="Current Error" value="-80.000000" />
  <attribute name="IntegralT" value="-26280.000000" />
  <attribute name="IntegralI" value="-26280.000000" />
  <attribute name="IntegralH" value="-26280.000000" />
  <attribute name="DerivativeT" value="-0.121766" />
  <attribute name="DerivativeI" value="-0.121766" />
  <attribute name="DerivativeH" value="-0.121766" />
  <attribute name="Loop Time for DT" value="657.000000" />
  <attribute name="Output H" value="4203675648"/>
  <attribute name="Output I" value="200"/>
  <attribute name="Output T" value="16"/>
  <attribute name="Target GC Util Change" value ="80.000000" />
  <attribute name="Current GC Util Change" value="0.000000"/>
  <attribute name="GC Util currently" value="0" />
  <attribute name="CPU Util currently" value="15" />
<allocation-satisfied id="796" threadId="0000000001B7F900" bytesRequested="376" />
<af-end id="797" timestamp="2019-08-10T03:37:14.929" threadId="0000000001B80288" success="true" from="nursery"/>
<exclusive-end id="798" timestamp="2019-08-10T03:37:14.929" durationms="3.180" />

<exclusive-start id="799" timestamp="2019-08-10T03:37:15.590" intervalms="664.138">
  <response-info timems="0.022" idlems="0.022" threads="0" lastid="0000000001B69200" lastname="node-25" />
</exclusive-start>
<af-start id="800" threadId="0000000001B69B88" totalBytesRequested="368" timestamp="2019-08-10T03:37:15.590" intervalms="664.184" type="nursery" />
<cycle-start id="801" type="scavenge" contextid="0" timestamp="2019-08-10T03:37:15.590" intervalms="664.202" />
<gc-start id="802" type="scavenge" contextid="801" timestamp="2019-08-10T03:37:15.590">
  <mem-info id="803" free="4192933536" total="4203675648" percent="99">
    <mem type="nursery" free="0" total="2228224" percent="0">
      <mem type="allocate" free="0" total="1966080" percent="0" />
      <mem type="survivor" free="0" total="262144" percent="0" />
    </mem>
    <mem type="tenure" free="4192933536" total="4201447424" percent="99">
      <mem type="soa" free="3982861984" total="3991375872" percent="99" />
      <mem type="loa" free="210071552" total="210071552" percent="100" />
    </mem>
    <remembered-set count="393" />
  </mem-info>
</gc-start>
<allocation-stats totalBytes="1818840" >
  <allocated-bytes non-tlh="376" tlh="1818464" />
  <largest-consumer threadName="node-8" threadId="0000000001B74500" bytes="90112" />
</allocation-stats>
<gc-op id="804" type="scavenge" timems="2.662" contextid="801" timestamp="2019-08-10T03:37:15.593">
  <scavenger-info tenureage="2" tenuremask="4004" tiltratio="88" />
  <memory-copied type="nursery" objects="1890" bytes="60288" bytesdiscarded="36480" />
  <memory-copied type="tenure" objects="1571" bytes="37704" bytesdiscarded="0" />
</gc-op>
<gc-end id="805" type="scavenge" contextid="801" durationms="3.049" usertimems="2.723" systemtimems="2.802" timestamp="2019-08-10T03:37:15.593" activeThreads="16">
  <mem-info id="806" free="4194754464" total="4203675648" percent="99">
    <mem type="nursery" free="1869312" total="2228224" percent="83">
      <mem type="allocate" free="1869312" total="1966080" percent="95" />
      <mem type="survivor" free="0" total="262144" percent="0" />
    </mem>
    <mem type="tenure" free="4192885152" total="4201447424" percent="99" macro-fragmented="502401">
      <mem type="soa" free="3982813600" total="3991375872" percent="99" />
      <mem type="loa" free="210071552" total="210071552" percent="100" />
    </mem>
    <remembered-set count="304" />
  </mem-info>
</gc-end>
<cycle-end id="807" type="scavenge" contextid="801" timestamp="2019-08-10T03:37:15.594" />
  <attribute name="elasticGC enabled" value="1" />
  <attribute name= "numThreadsSpecified" value="16" />
  <attribute name="heapSize specified" value="8519680" />
  <attribute name="Current GC Util" value="0" />
  <attribute name= "Current Time Running" value="35737" />
  <attribute name ="GC Interval" value="200" />
  <attribute name="ProportionalT" value="-40.000000" />
  <attribute name="ProportionalI" value="-40.000000" />
  <attribute name="ProportionalH" value="-40.000000" />
  <attribute name="Current Error" value="-80.000000" />
  <attribute name="IntegralT" value="-26600.000000" />
  <attribute name="IntegralI" value="-26600.000000" />
  <attribute name="IntegralH" value="-26600.000000" />
  <attribute name="DerivativeT" value="-0.120301" />
  <attribute name="DerivativeI" value="-0.120301" />
  <attribute name="DerivativeH" value="-0.120301" />
  <attribute name="Loop Time for DT" value="665.000000" />
  <attribute name="Output H" value="4203675648"/>
  <attribute name="Output I" value="200"/>
  <attribute name="Output T" value="16"/>
  <attribute name="Target GC Util Change" value ="80.000000" />
  <attribute name="Current GC Util Change" value="0.000000"/>
  <attribute name="GC Util currently" value="0" />
  <attribute name="CPU Util currently" value="16" />
<allocation-satisfied id="808" threadId="0000000001B69200" bytesRequested="368" />
<af-end id="809" timestamp="2019-08-10T03:37:15.594" threadId="0000000001B69B88" success="true" from="nursery"/>
<exclusive-end id="810" timestamp="2019-08-10T03:37:15.594" durationms="3.436" />

<exclusive-start id="811" timestamp="2019-08-10T03:37:16.394" intervalms="803.963">
  <response-info timems="0.373" idlems="0.373" threads="0" lastid="0000000001B5A200" lastname="node-2" />
</exclusive-start>
<af-start id="812" threadId="0000000001B5AB88" totalBytesRequested="24" timestamp="2019-08-10T03:37:16.394" intervalms="803.944" type="nursery" />
<cycle-start id="813" type="scavenge" contextid="0" timestamp="2019-08-10T03:37:16.394" intervalms="803.930" />
<gc-start id="814" type="scavenge" contextid="813" timestamp="2019-08-10T03:37:16.394">
  <mem-info id="815" free="4192885152" total="4203675648" percent="99">
    <mem type="nursery" free="0" total="2228224" percent="0">
      <mem type="allocate" free="0" total="1966080" percent="0" />
      <mem type="survivor" free="0" total="262144" percent="0" />
    </mem>
    <mem type="tenure" free="4192885152" total="4201447424" percent="99">
      <mem type="soa" free="3982813600" total="3991375872" percent="99" />
      <mem type="loa" free="210071552" total="210071552" percent="100" />
    </mem>
    <remembered-set count="390" />
  </mem-info>
</gc-start>
<allocation-stats totalBytes="1867768" >
  <allocated-bytes non-tlh="368" tlh="1867400" />
  <largest-consumer threadName="node-25" threadId="0000000001B69200" bytes="90472" />
</allocation-stats>
<gc-op id="816" type="scavenge" timems="3.826" contextid="813" timestamp="2019-08-10T03:37:16.398">
  <scavenger-info tenureage="2" tenuremask="4004" tiltratio="88" />
  <memory-copied type="nursery" objects="2132" bytes="52944" bytesdiscarded="27696" />
  <memory-copied type="tenure" objects="838" bytes="20112" bytesdiscarded="0" />
</gc-op>
<gc-end id="817" type="scavenge" contextid="813" durationms="4.387" usertimems="0.176" systemtimems="5.515" timestamp="2019-08-10T03:37:16.399" activeThreads="16">
  <mem-info id="818" free="4194738336" total="4203675648" percent="99">
    <mem type="nursery" free="1885440" total="2228224" percent="84">
      <mem type="allocate" free="1885440" total="1966080" percent="95" />
      <mem type="survivor" free="0" total="262144" percent="0" />
    </mem>
    <mem type="tenure" free="4192852896" total="4201447424" percent="99" macro-fragmented="0">
      <mem type="soa" free="3982781344" total="3991375872" percent="99" />
      <mem type="loa" free="210071552" total="210071552" percent="100" />
    </mem>
    <remembered-set count="323" />
  </mem-info>
</gc-end>
<cycle-end id="819" type="scavenge" contextid="813" timestamp="2019-08-10T03:37:16.399" />
  <attribute name="elasticGC enabled" value="1" />
  <attribute name= "numThreadsSpecified" value="16" />
  <attribute name="heapSize specified" value="8519680" />
  <attribute name="Current GC Util" value="0" />
  <attribute name= "Current Time Running" value="36541" />
  <attribute name ="GC Interval" value="200" />
  <attribute name="ProportionalT" value="-40.000000" />
  <attribute name="ProportionalI" value="-40.000000" />
  <attribute name="ProportionalH" value="-40.000000" />
  <attribute name="Current Error" value="-80.000000" />
  <attribute name="IntegralT" value="-32160.000000" />
  <attribute name="IntegralI" value="-32160.000000" />
  <attribute name="IntegralH" value="-32160.000000" />
  <attribute name="DerivativeT" value="-0.099502" />
  <attribute name="DerivativeI" value="-0.099502" />
  <attribute name="DerivativeH" value="-0.099502" />
  <attribute name="Loop Time for DT" value="804.000000" />
  <attribute name="Output H" value="4203675648"/>
  <attribute name="Output I" value="200"/>
  <attribute name="Output T" value="16"/>
  <attribute name="Target GC Util Change" value ="80.000000" />
  <attribute name="Current GC Util Change" value="0.000000"/>
  <attribute name="GC Util currently" value="0" />
  <attribute name="CPU Util currently" value="17" />
<allocation-satisfied id="820" threadId="0000000001B5A200" bytesRequested="24" />
<af-end id="821" timestamp="2019-08-10T03:37:16.399" threadId="0000000001B5AB88" success="true" from="nursery"/>
<exclusive-end id="822" timestamp="2019-08-10T03:37:16.399" durationms="4.634" />

<exclusive-start id="823" timestamp="2019-08-10T03:37:17.290" intervalms="895.568">
  <response-info timems="0.105" idlems="0.105" threads="0" lastid="0000000001B83500" lastname="node-20" />
</exclusive-start>
<af-start id="824" threadId="0000000001B83E88" totalBytesRequested="16" timestamp="2019-08-10T03:37:17.290" intervalms="895.673" type="nursery" />
<cycle-start id="825" type="scavenge" contextid="0" timestamp="2019-08-10T03:37:17.290" intervalms="895.677" />
<gc-start id="826" type="scavenge" contextid="825" timestamp="2019-08-10T03:37:17.290">
  <mem-info id="827" free="4192852896" total="4203675648" percent="99">
    <mem type="nursery" free="0" total="2228224" percent="0">
      <mem type="allocate" free="0" total="1966080" percent="0" />
      <mem type="survivor" free="0" total="262144" percent="0" />
    </mem>
    <mem type="tenure" free="4192852896" total="4201447424" percent="99">
      <mem type="soa" free="3982781344" total="3991375872" percent="99" />
      <mem type="loa" free="210071552" total="210071552" percent="100" />
    </mem>
    <remembered-set count="391" />
  </mem-info>
</gc-start>
<allocation-stats totalBytes="1881816" >
  <allocated-bytes non-tlh="24" tlh="1881792" />
  <largest-consumer threadName="node-8" threadId="0000000001B74500" bytes="90096" />
</allocation-stats>
<gc-op id="828" type="scavenge" timems="2.389" contextid="825" timestamp="2019-08-10T03:37:17.292">
  <scavenger-info tenureage="2" tenuremask="4004" tiltratio="88" />
  <memory-copied type="nursery" objects="2699" bytes="79096" bytesdiscarded="82184" />
  <memory-copied type="tenure" objects="871" bytes="20904" bytesdiscarded="0" />
</gc-op>
<gc-end id="829" type="scavenge" contextid="825" durationms="2.705" usertimems="0.680" systemtimems="3.771" timestamp="2019-08-10T03:37:17.293" activeThreads="16">
  <mem-info id="830" free="4194625440" total="4203675648" percent="99">
    <mem type="nursery" free="1804800" total="2228224" percent="80">
      <mem type="allocate" free="1804800" total="1966080" percent="91" />
      <mem type="survivor" free="0" total="262144" percent="0" />
    </mem>
    <mem type="tenure" free="4192820640" total="4201447424" percent="99" macro-fragmented="0">
      <mem type="soa" free="3982749088" total="3991375872" percent="99" />
      <mem type="loa" free="210071552" total="210071552" percent="100" />
    </mem>
    <remembered-set count="304" />
  </mem-info>
</gc-end>
<cycle-end id="831" type="scavenge" contextid="825" timestamp="2019-08-10T03:37:17.293" />
  <attribute name="elasticGC enabled" value="1" />
  <attribute name= "numThreadsSpecified" value="16" />
  <attribute name="heapSize specified" value="8519680" />
  <attribute name="Current GC Util" value="0" />
  <attribute name= "Current Time Running" value="37436" />
  <attribute name ="GC Interval" value="200" />
  <attribute name="ProportionalT" value="-40.000000" />
  <attribute name="ProportionalI" value="-40.000000" />
  <attribute name="ProportionalH" value="-40.000000" />
  <attribute name="Current Error" value="-80.000000" />
  <attribute name="IntegralT" value="-35800.000000" />
  <attribute name="IntegralI" value="-35800.000000" />
  <attribute name="IntegralH" value="-35800.000000" />
  <attribute name="DerivativeT" value="-0.089385" />
  <attribute name="DerivativeI" value="-0.089385" />
  <attribute name="DerivativeH" value="-0.089385" />
  <attribute name="Loop Time for DT" value="895.000000" />
  <attribute name="Output H" value="4203675648"/>
  <attribute name="Output I" value="200"/>
  <attribute name="Output T" value="16"/>
  <attribute name="Target GC Util Change" value ="80.000000" />
  <attribute name="Current GC Util Change" value="0.000000"/>
  <attribute name="GC Util currently" value="0" />
  <attribute name="CPU Util currently" value="18" />
<allocation-satisfied id="832" threadId="0000000001B83500" bytesRequested="16" />
<af-end id="833" timestamp="2019-08-10T03:37:17.293" threadId="0000000001B83E88" success="true" from="nursery"/>
<exclusive-end id="834" timestamp="2019-08-10T03:37:17.293" durationms="3.323" />

<exclusive-start id="835" timestamp="2019-08-10T03:37:18.170" intervalms="880.101">
  <response-info timems="0.074" idlems="0.074" threads="0" lastid="0000000001B87100" lastname="node-19" />
</exclusive-start>
<af-start id="836" threadId="0000000001B87A88" totalBytesRequested="720" timestamp="2019-08-10T03:37:18.170" intervalms="879.978" type="nursery" />
<cycle-start id="837" type="scavenge" contextid="0" timestamp="2019-08-10T03:37:18.170" intervalms="879.970" />
<gc-start id="838" type="scavenge" contextid="837" timestamp="2019-08-10T03:37:18.170">
  <mem-info id="839" free="4192820640" total="4203675648" percent="99">
    <mem type="nursery" free="0" total="2228224" percent="0">
      <mem type="allocate" free="0" total="1966080" percent="0" />
      <mem type="survivor" free="0" total="262144" percent="0" />
    </mem>
    <mem type="tenure" free="4192820640" total="4201447424" percent="99">
      <mem type="soa" free="3982749088" total="3991375872" percent="99" />
      <mem type="loa" free="210071552" total="210071552" percent="100" />
    </mem>
    <remembered-set count="393" />
  </mem-info>
</gc-start>
<allocation-stats totalBytes="1802768" >
  <allocated-bytes non-tlh="16" tlh="1802752" />
  <largest-consumer threadName="node-2" threadId="0000000001B5A200" bytes="90104" />
</allocation-stats>
<gc-op id="840" type="scavenge" timems="4.199" contextid="837" timestamp="2019-08-10T03:37:18.174">
  <scavenger-info tenureage="2" tenuremask="4004" tiltratio="88" />
  <memory-copied type="nursery" objects="2940" bytes="80408" bytesdiscarded="32488" />
  <memory-copied type="tenure" objects="1115" bytes="26760" bytesdiscarded="0" />
</gc-op>
<gc-end id="841" type="scavenge" contextid="837" durationms="4.860" usertimems="2.821" systemtimems="4.280" timestamp="2019-08-10T03:37:18.175" activeThreads="16">
  <mem-info id="842" free="4194657696" total="4203675648" percent="99">
    <mem type="nursery" free="1853184" total="2228224" percent="83">
      <mem type="allocate" free="1853184" total="1966080" percent="94" />
      <mem type="survivor" free="0" total="262144" percent="0" />
    </mem>
    <mem type="tenure" free="4192804512" total="4201447424" percent="99" macro-fragmented="868149">
      <mem type="soa" free="3982732960" total="3991375872" percent="99" />
      <mem type="loa" free="210071552" total="210071552" percent="100" />
    </mem>
    <remembered-set count="308" />
  </mem-info>
</gc-end>
<cycle-end id="843" type="scavenge" contextid="837" timestamp="2019-08-10T03:37:18.175" />
  <attribute name="elasticGC enabled" value="1" />
  <attribute name= "numThreadsSpecified" value="16" />
  <attribute name="heapSize specified" value="8519680" />
  <attribute name="Current GC Util" value="0" />
  <attribute name= "Current Time Running" value="38316" />
  <attribute name ="GC Interval" value="200" />
  <attribute name="ProportionalT" value="-40.000000" />
  <attribute name="ProportionalI" value="-40.000000" />
  <attribute name="ProportionalH" value="-40.000000" />
  <attribute name="Current Error" value="-80.000000" />
  <attribute name="IntegralT" value="-35200.000000" />
  <attribute name="IntegralI" value="-35200.000000" />
  <attribute name="IntegralH" value="-35200.000000" />
  <attribute name="DerivativeT" value="-0.090909" />
  <attribute name="DerivativeI" value="-0.090909" />
  <attribute name="DerivativeH" value="-0.090909" />
  <attribute name="Loop Time for DT" value="880.000000" />
  <attribute name="Output H" value="4203675648"/>
  <attribute name="Output I" value="200"/>
  <attribute name="Output T" value="16"/>
  <attribute name="Target GC Util Change" value ="80.000000" />
  <attribute name="Current GC Util Change" value="0.000000"/>
  <attribute name="GC Util currently" value="0" />
  <attribute name="CPU Util currently" value="16" />
<allocation-satisfied id="844" threadId="0000000001B87100" bytesRequested="720" />
<af-end id="845" timestamp="2019-08-10T03:37:18.175" threadId="0000000001B87A88" success="true" from="nursery"/>
<exclusive-end id="846" timestamp="2019-08-10T03:37:18.175" durationms="5.094" />

<exclusive-start id="847" timestamp="2019-08-10T03:37:18.925" intervalms="754.918">
  <response-info timems="0.020" idlems="0.020" threads="0" lastid="0000000001B56600" lastname="node-5" />
</exclusive-start>
<af-start id="848" threadId="0000000001B56F88" totalBytesRequested="16" timestamp="2019-08-10T03:37:18.925" intervalms="754.937" type="nursery" />
<cycle-start id="849" type="scavenge" contextid="0" timestamp="2019-08-10T03:37:18.925" intervalms="754.973" />
<gc-start id="850" type="scavenge" contextid="849" timestamp="2019-08-10T03:37:18.925">
  <mem-info id="851" free="4192804512" total="4203675648" percent="99">
    <mem type="nursery" free="0" total="2228224" percent="0">
      <mem type="allocate" free="0" total="1966080" percent="0" />
      <mem type="survivor" free="0" total="262144" percent="0" />
    </mem>
    <mem type="tenure" free="4192804512" total="4201447424" percent="99">
      <mem type="soa" free="3982732960" total="3991375872" percent="99" />
      <mem type="loa" free="210071552" total="210071552" percent="100" />
    </mem>
    <remembered-set count="398" />
  </mem-info>
</gc-start>
<allocation-stats totalBytes="1850640" >
  <allocated-bytes non-tlh="720" tlh="1849920" />
  <largest-consumer threadName="node-19" threadId="0000000001B87100" bytes="90808" />
</allocation-stats>
<gc-op id="852" type="scavenge" timems="2.264" contextid="849" timestamp="2019-08-10T03:37:18.927">
  <scavenger-info tenureage="2" tenuremask="4004" tiltratio="88" />
  <memory-copied type="nursery" objects="2635" bytes="81792" bytesdiscarded="79488" />
  <memory-copied type="tenure" objects="1409" bytes="33816" bytesdiscarded="0" />
</gc-op>
<gc-end id="853" type="scavenge" contextid="849" durationms="2.822" usertimems="1.594" systemtimems="1.810" timestamp="2019-08-10T03:37:18.928" activeThreads="16">
  <mem-info id="854" free="4194577056" total="4203675648" percent="99">
    <mem type="nursery" free="1804800" total="2228224" percent="80">
      <mem type="allocate" free="1804800" total="1966080" percent="91" />
      <mem type="survivor" free="0" total="262144" percent="0" />
    </mem>
    <mem type="tenure" free="4192772256" total="4201447424" percent="99" macro-fragmented="0">
      <mem type="soa" free="3982700704" total="3991375872" percent="99" />
      <mem type="loa" free="210071552" total="210071552" percent="100" />
    </mem>
    <remembered-set count="307" />
  </mem-info>
</gc-end>
<cycle-end id="855" type="scavenge" contextid="849" timestamp="2019-08-10T03:37:18.928" />
  <attribute name="elasticGC enabled" value="1" />
  <attribute name= "numThreadsSpecified" value="16" />
  <attribute name="heapSize specified" value="8519680" />
  <attribute name="Current GC Util" value="0" />
  <attribute name= "Current Time Running" value="39071" />
  <attribute name ="GC Interval" value="200" />
  <attribute name="ProportionalT" value="-40.000000" />
  <attribute name="ProportionalI" value="-40.000000" />
  <attribute name="ProportionalH" value="-40.000000" />
  <attribute name="Current Error" value="-80.000000" />
  <attribute name="IntegralT" value="-30200.000000" />
  <attribute name="IntegralI" value="-30200.000000" />
  <attribute name="IntegralH" value="-30200.000000" />
  <attribute name="DerivativeT" value="-0.105960" />
  <attribute name="DerivativeI" value="-0.105960" />
  <attribute name="DerivativeH" value="-0.105960" />
  <attribute name="Loop Time for DT" value="755.000000" />
  <attribute name="Output H" value="4203675648"/>
  <attribute name="Output I" value="200"/>
  <attribute name="Output T" value="16"/>
  <attribute name="Target GC Util Change" value ="80.000000" />
  <attribute name="Current GC Util Change" value="0.000000"/>
  <attribute name="GC Util currently" value="0" />
  <attribute name="CPU Util currently" value="16" />
<allocation-satisfied id="856" threadId="0000000001B56600" bytesRequested="16" />
<af-end id="857" timestamp="2019-08-10T03:37:18.928" threadId="0000000001B56F88" success="true" from="nursery"/>
<exclusive-end id="858" timestamp="2019-08-10T03:37:18.928" durationms="3.109" />

<exclusive-start id="859" timestamp="2019-08-10T03:37:19.346" intervalms="421.282">
  <response-info timems="0.028" idlems="0.028" threads="0" lastid="0000000001B83500" lastname="node-20" />
</exclusive-start>
<af-start id="860" threadId="0000000001B83E88" totalBytesRequested="24" timestamp="2019-08-10T03:37:19.346" intervalms="421.264" type="nursery" />
<cycle-start id="861" type="scavenge" contextid="0" timestamp="2019-08-10T03:37:19.346" intervalms="421.232" />
<gc-start id="862" type="scavenge" contextid="861" timestamp="2019-08-10T03:37:19.346">
  <mem-info id="863" free="4192772256" total="4203675648" percent="99">
    <mem type="nursery" free="0" total="2228224" percent="0">
      <mem type="allocate" free="0" total="1966080" percent="0" />
      <mem type="survivor" free="0" total="262144" percent="0" />
    </mem>
    <mem type="tenure" free="4192772256" total="4201447424" percent="99">
      <mem type="soa" free="3982700704" total="3991375872" percent="99" />
      <mem type="loa" free="210071552" total="210071552" percent="100" />
    </mem>
    <remembered-set count="390" />
  </mem-info>
</gc-start>
<allocation-stats totalBytes="1803456" >
  <allocated-bytes non-tlh="16" tlh="1803440" />
  <largest-consumer threadName="node-3" threadId="0000000001B61A00" bytes="90112" />
</allocation-stats>
<gc-op id="864" type="scavenge" timems="2.924" contextid="861" timestamp="2019-08-10T03:37:19.349">
  <scavenger-info tenureage="2" tenuremask="4004" tiltratio="88" />
  <memory-copied type="nursery" objects="1830" bytes="45632" bytesdiscarded="35008" />
  <memory-copied type="tenure" objects="1369" bytes="32856" bytesdiscarded="0" />
</gc-op>
<gc-end id="865" type="scavenge" contextid="861" durationms="3.639" usertimems="1.252" systemtimems="5.128" timestamp="2019-08-10T03:37:19.350" activeThreads="16">
  <mem-info id="866" free="4194625440" total="4203675648" percent="99">
    <mem type="nursery" free="1885440" total="2228224" percent="84">
      <mem type="allocate" free="1885440" total="1966080" percent="95" />
      <mem type="survivor" free="0" total="262144" percent="0" />
    </mem>
    <mem type="tenure" free="4192740000" total="4201447424" percent="99" macro-fragmented="0">
      <mem type="soa" free="3982668448" total="3991375872" percent="99" />
      <mem type="loa" free="210071552" total="210071552" percent="100" />
    </mem>
    <remembered-set count="321" />
  </mem-info>
</gc-end>
<cycle-end id="867" type="scavenge" contextid="861" timestamp="2019-08-10T03:37:19.350" />
  <attribute name="elasticGC enabled" value="1" />
  <attribute name= "numThreadsSpecified" value="16" />
  <attribute name="heapSize specified" value="8519680" />
  <attribute name="Current GC Util" value="0" />
  <attribute name= "Current Time Running" value="39492" />
  <attribute name ="GC Interval" value="200" />
  <attribute name="ProportionalT" value="-40.000000" />
  <attribute name="ProportionalI" value="-40.000000" />
  <attribute name="ProportionalH" value="-40.000000" />
  <attribute name="Current Error" value="-80.000000" />
  <attribute name="IntegralT" value="-16840.000000" />
  <attribute name="IntegralI" value="-16840.000000" />
  <attribute name="IntegralH" value="-16840.000000" />
  <attribute name="DerivativeT" value="-0.190024" />
  <attribute name="DerivativeI" value="-0.190024" />
  <attribute name="DerivativeH" value="-0.190024" />
  <attribute name="Loop Time for DT" value="421.000000" />
  <attribute name="Output H" value="4203675648"/>
  <attribute name="Output I" value="200"/>
  <attribute name="Output T" value="16"/>
  <attribute name="Target GC Util Change" value ="80.000000" />
  <attribute name="Current GC Util Change" value="0.000000"/>
  <attribute name="GC Util currently" value="0" />
  <attribute name="CPU Util currently" value="12" />
<allocation-satisfied id="868" threadId="0000000001B83500" bytesRequested="24" />
<af-end id="869" timestamp="2019-08-10T03:37:19.350" threadId="0000000001B83E88" success="true" from="nursery"/>
<exclusive-end id="870" timestamp="2019-08-10T03:37:19.350" durationms="4.232" />

<exclusive-start id="871" timestamp="2019-08-10T03:37:20.066" intervalms="719.853">
  <response-info timems="1.309" idlems="1.309" threads="0" lastid="0000000001B6CD00" lastname="node-24" />
</exclusive-start>
<af-start id="872" threadId="0000000001B6D688" totalBytesRequested="24" timestamp="2019-08-10T03:37:20.066" intervalms="719.851" type="nursery" />
<cycle-start id="873" type="scavenge" contextid="0" timestamp="2019-08-10T03:37:20.066" intervalms="719.847" />
<gc-start id="874" type="scavenge" contextid="873" timestamp="2019-08-10T03:37:20.066">
  <mem-info id="875" free="4192740000" total="4203675648" percent="99">
    <mem type="nursery" free="0" total="2228224" percent="0">
      <mem type="allocate" free="0" total="1966080" percent="0" />
      <mem type="survivor" free="0" total="262144" percent="0" />
    </mem>
    <mem type="tenure" free="4192740000" total="4201447424" percent="99">
      <mem type="soa" free="3982668448" total="3991375872" percent="99" />
      <mem type="loa" free="210071552" total="210071552" percent="100" />
    </mem>
    <remembered-set count="385" />
  </mem-info>
</gc-start>
<allocation-stats totalBytes="1884392" >
  <allocated-bytes non-tlh="24" tlh="1884368" />
  <largest-consumer threadName="node-16" threadId="0000000001B70900" bytes="90104" />
</allocation-stats>
<gc-op id="876" type="scavenge" timems="1.724" contextid="873" timestamp="2019-08-10T03:37:20.068">
  <scavenger-info tenureage="2" tenuremask="4004" tiltratio="88" />
  <memory-copied type="nursery" objects="1687" bytes="39568" bytesdiscarded="57200" />
  <memory-copied type="tenure" objects="1083" bytes="25992" bytesdiscarded="168" />
</gc-op>
<gc-end id="877" type="scavenge" contextid="873" durationms="2.182" usertimems="4.023" systemtimems="1.495" timestamp="2019-08-10T03:37:20.068" activeThreads="16">
  <mem-info id="878" free="4194593184" total="4203675648" percent="99">
    <mem type="nursery" free="1869312" total="2228224" percent="83">
      <mem type="allocate" free="1869312" total="1966080" percent="95" />
      <mem type="survivor" free="0" total="262144" percent="0" />
    </mem>
    <mem type="tenure" free="4192723872" total="4201447424" percent="99" macro-fragmented="2592282">
      <mem type="soa" free="3982652320" total="3991375872" percent="99" />
      <mem type="loa" free="210071552" total="210071552" percent="100" />
    </mem>
    <remembered-set count="295" />
  </mem-info>
</gc-end>
<cycle-end id="879" type="scavenge" contextid="873" timestamp="2019-08-10T03:37:20.068" />
  <attribute name="elasticGC enabled" value="1" />
  <attribute name= "numThreadsSpecified" value="16" />
  <attribute name="heapSize specified" value="8519680" />
  <attribute name="Current GC Util" value="0" />
  <attribute name= "Current Time Running" value="40212" />
  <attribute name ="GC Interval" value="200" />
  <attribute name="ProportionalT" value="-40.000000" />
  <attribute name="ProportionalI" value="-40.000000" />
  <attribute name="ProportionalH" value="-40.000000" />
  <attribute name="Current Error" value="-80.000000" />
  <attribute name="IntegralT" value="-28800.000000" />
  <attribute name="IntegralI" value="-28800.000000" />
  <attribute name="IntegralH" value="-28800.000000" />
  <attribute name="DerivativeT" value="-0.111111" />
  <attribute name="DerivativeI" value="-0.111111" />
  <attribute name="DerivativeH" value="-0.111111" />
  <attribute name="Loop Time for DT" value="720.000000" />
  <attribute name="Output H" value="4203675648"/>
  <attribute name="Output I" value="200"/>
  <attribute name="Output T" value="16"/>
  <attribute name="Target GC Util Change" value ="80.000000" />
  <attribute name="Current GC Util Change" value="0.000000"/>
  <attribute name="GC Util currently" value="0" />
  <attribute name="CPU Util currently" value="16" />
<allocation-satisfied id="880" threadId="0000000001B6CD00" bytesRequested="24" />
<af-end id="881" timestamp="2019-08-10T03:37:20.068" threadId="0000000001B6D688" success="true" from="nursery"/>
<exclusive-end id="882" timestamp="2019-08-10T03:37:20.068" durationms="2.420" />

<exclusive-start id="883" timestamp="2019-08-10T03:37:21.007" intervalms="940.933">
  <response-info timems="0.248" idlems="0.248" threads="0" lastid="0000000001B83500" lastname="node-20" />
</exclusive-start>
<af-start id="884" threadId="0000000001B83E88" totalBytesRequested="24" timestamp="2019-08-10T03:37:21.007" intervalms="940.943" type="nursery" />
<cycle-start id="885" type="scavenge" contextid="0" timestamp="2019-08-10T03:37:21.007" intervalms="940.945" />
<gc-start id="886" type="scavenge" contextid="885" timestamp="2019-08-10T03:37:21.007">
  <mem-info id="887" free="4192723872" total="4203675648" percent="99">
    <mem type="nursery" free="0" total="2228224" percent="0">
      <mem type="allocate" free="0" total="1966080" percent="0" />
      <mem type="survivor" free="0" total="262144" percent="0" />
    </mem>
    <mem type="tenure" free="4192723872" total="4201447424" percent="99">
      <mem type="soa" free="3982652320" total="3991375872" percent="99" />
      <mem type="loa" free="210071552" total="210071552" percent="100" />
    </mem>
    <remembered-set count="386" />
  </mem-info>
</gc-start>
<allocation-stats totalBytes="1868224" >
  <allocated-bytes non-tlh="24" tlh="1868200" />
  <largest-consumer threadName="node-12" threadId="0000000001B47600" bytes="90112" />
</allocation-stats>
<gc-op id="888" type="scavenge" timems="3.465" contextid="885" timestamp="2019-08-10T03:37:21.010">
  <scavenger-info tenureage="2" tenuremask="4004" tiltratio="88" />
  <memory-copied type="nursery" objects="2417" bytes="59720" bytesdiscarded="69304" />
  <memory-copied type="tenure" objects="607" bytes="14568" bytesdiscarded="0" />
</gc-op>
<gc-end id="889" type="scavenge" contextid="885" durationms="4.236" usertimems="1.400" systemtimems="4.086" timestamp="2019-08-10T03:37:21.011" activeThreads="16">
  <mem-info id="890" free="4194544800" total="4203675648" percent="99">
    <mem type="nursery" free="1837056" total="2228224" percent="82">
      <mem type="allocate" free="1837056" total="1966080" percent="93" />
      <mem type="survivor" free="0" total="262144" percent="0" />
    </mem>
    <mem type="tenure" free="4192707744" total="4201447424" percent="99" macro-fragmented="0">
      <mem type="soa" free="3982636192" total="3991375872" percent="99" />
      <mem type="loa" free="210071552" total="210071552" percent="100" />
    </mem>
    <remembered-set count="324" />
  </mem-info>
</gc-end>
<cycle-end id="891" type="scavenge" contextid="885" timestamp="2019-08-10T03:37:21.011" />
  <attribute name="elasticGC enabled" value="1" />
  <attribute name= "numThreadsSpecified" value="16" />
  <attribute name="heapSize specified" value="8519680" />
  <attribute name="Current GC Util" value="0" />
  <attribute name= "Current Time Running" value="41153" />
  <attribute name ="GC Interval" value="200" />
  <attribute name="ProportionalT" value="-40.000000" />
  <attribute name="ProportionalI" value="-40.000000" />
  <attribute name="ProportionalH" value="-40.000000" />
  <attribute name="Current Error" value="-80.000000" />
  <attribute name="IntegralT" value="-37640.000000" />
  <attribute name="IntegralI" value="-37640.000000" />
  <attribute name="IntegralH" value="-37640.000000" />
  <attribute name="DerivativeT" value="-0.085016" />
  <attribute name="DerivativeI" value="-0.085016" />
  <attribute name="DerivativeH" value="-0.085016" />
  <attribute name="Loop Time for DT" value="941.000000" />
  <attribute name="Output H" value="4203675648"/>
  <attribute name="Output I" value="200"/>
  <attribute name="Output T" value="16"/>
  <attribute name="Target GC Util Change" value ="80.000000" />
  <attribute name="Current GC Util Change" value="0.000000"/>
  <attribute name="GC Util currently" value="0" />
  <attribute name="CPU Util currently" value="17" />
<allocation-satisfied id="892" threadId="0000000001B83500" bytesRequested="24" />
<af-end id="893" timestamp="2019-08-10T03:37:21.011" threadId="0000000001B83E88" success="true" from="nursery"/>
<exclusive-end id="894" timestamp="2019-08-10T03:37:21.011" durationms="4.463" />

<exclusive-start id="895" timestamp="2019-08-10T03:37:21.782" intervalms="775.146">
  <response-info timems="0.623" idlems="0.623" threads="0" lastid="0000000001B5DE00" lastname="node-1" />
</exclusive-start>
<af-start id="896" threadId="0000000001B5E788" totalBytesRequested="720" timestamp="2019-08-10T03:37:21.782" intervalms="775.215" type="nursery" />
<cycle-start id="897" type="scavenge" contextid="0" timestamp="2019-08-10T03:37:21.782" intervalms="775.224" />
<gc-start id="898" type="scavenge" contextid="897" timestamp="2019-08-10T03:37:21.782">
  <mem-info id="899" free="4192707744" total="4203675648" percent="99">
    <mem type="nursery" free="0" total="2228224" percent="0">
      <mem type="allocate" free="0" total="1966080" percent="0" />
      <mem type="survivor" free="0" total="262144" percent="0" />
    </mem>
    <mem type="tenure" free="4192707744" total="4201447424" percent="99">
      <mem type="soa" free="3982636192" total="3991375872" percent="99" />
      <mem type="loa" free="210071552" total="210071552" percent="100" />
    </mem>
    <remembered-set count="392" />
  </mem-info>
</gc-start>
<allocation-stats totalBytes="1831472" >
  <allocated-bytes non-tlh="24" tlh="1831448" />
  <largest-consumer threadName="node-21" threadId="0000000001B4EE00" bytes="90088" />
</allocation-stats>
<gc-op id="900" type="scavenge" timems="2.836" contextid="897" timestamp="2019-08-10T03:37:21.785">
  <scavenger-info tenureage="2" tenuremask="4004" tiltratio="88" />
  <memory-copied type="nursery" objects="2519" bytes="66656" bytesdiscarded="30112" />
  <memory-copied type="tenure" objects="965" bytes="23160" bytesdiscarded="0" />
</gc-op>
<gc-end id="901" type="scavenge" contextid="897" durationms="3.525" usertimems="1.280" systemtimems="3.607" timestamp="2019-08-10T03:37:21.786" activeThreads="16">
  <mem-info id="902" free="4194560928" total="4203675648" percent="99">
    <mem type="nursery" free="1869312" total="2228224" percent="83">
      <mem type="allocate" free="1869312" total="1966080" percent="95" />
      <mem type="survivor" free="0" total="262144" percent="0" />
    </mem>
    <mem type="tenure" free="4192691616" total="4201447424" percent="99" macro-fragmented="0">
      <mem type="soa" free="3982620064" total="3991375872" percent="99" />
      <mem type="loa" free="210071552" total="210071552" percent="100" />
    </mem>
    <remembered-set count="305" />
  </mem-info>
</gc-end>
<cycle-end id="903" type="scavenge" contextid="897" timestamp="2019-08-10T03:37:21.786" />
  <attribute name="elasticGC enabled" value="1" />
  <attribute name= "numThreadsSpecified" value="16" />
  <attribute name="heapSize specified" value="8519680" />
  <attribute name="Current GC Util" value="0" />
  <attribute name= "Current Time Running" value="41928" />
  <attribute name ="GC Interval" value="200" />
  <attribute name="ProportionalT" value="-40.000000" />
  <attribute name="ProportionalI" value="-40.000000" />
  <attribute name="ProportionalH" value="-40.000000" />
  <attribute name="Current Error" value="-80.000000" />
  <attribute name="IntegralT" value="-31000.000000" />
  <attribute name="IntegralI" value="-31000.000000" />
  <attribute name="IntegralH" value="-31000.000000" />
  <attribute name="DerivativeT" value="-0.103226" />
  <attribute name="DerivativeI" value="-0.103226" />
  <attribute name="DerivativeH" value="-0.103226" />
  <attribute name="Loop Time for DT" value="775.000000" />
  <attribute name="Output H" value="4203675648"/>
  <attribute name="Output I" value="200"/>
  <attribute name="Output T" value="16"/>
  <attribute name="Target GC Util Change" value ="80.000000" />
  <attribute name="Current GC Util Change" value="0.000000"/>
  <attribute name="GC Util currently" value="0" />
  <attribute name="CPU Util currently" value="16" />
<allocation-satisfied id="904" threadId="0000000001B5DE00" bytesRequested="720" />
<af-end id="905" timestamp="2019-08-10T03:37:21.786" threadId="0000000001B5E788" success="true" from="nursery"/>
<exclusive-end id="906" timestamp="2019-08-10T03:37:21.786" durationms="3.940" />

<exclusive-start id="907" timestamp="2019-08-10T03:37:22.729" intervalms="946.708">
  <response-info timems="0.041" idlems="0.041" threads="0" lastid="0000000001B34B00" lastname="node-23" />
</exclusive-start>
<af-start id="908" threadId="0000000001B35488" totalBytesRequested="32" timestamp="2019-08-10T03:37:22.729" intervalms="946.641" type="nursery" />
<cycle-start id="909" type="scavenge" contextid="0" timestamp="2019-08-10T03:37:22.729" intervalms="946.630" />
<gc-start id="910" type="scavenge" contextid="909" timestamp="2019-08-10T03:37:22.729">
  <mem-info id="911" free="4192691616" total="4203675648" percent="99">
    <mem type="nursery" free="0" total="2228224" percent="0">
      <mem type="allocate" free="0" total="1966080" percent="0" />
      <mem type="survivor" free="0" total="262144" percent="0" />
    </mem>
    <mem type="tenure" free="4192691616" total="4201447424" percent="99">
      <mem type="soa" free="3982620064" total="3991375872" percent="99" />
      <mem type="loa" free="210071552" total="210071552" percent="100" />
    </mem>
    <remembered-set count="395" />
  </mem-info>
</gc-start>
<allocation-stats totalBytes="1867224" >
  <allocated-bytes non-tlh="720" tlh="1866504" />
  <largest-consumer threadName="node-19" threadId="0000000001B87100" bytes="90104" />
</allocation-stats>
<gc-op id="912" type="scavenge" timems="1.610" contextid="909" timestamp="2019-08-10T03:37:22.730">
  <scavenger-info tenureage="2" tenuremask="4004" tiltratio="88" />
  <memory-copied type="nursery" objects="2619" bytes="64568" bytesdiscarded="48328" />
  <memory-copied type="tenure" objects="1311" bytes="31464" bytesdiscarded="0" />
</gc-op>
<gc-end id="913" type="scavenge" contextid="909" durationms="2.264" usertimems="1.489" systemtimems="1.635" timestamp="2019-08-10T03:37:22.731" activeThreads="16">
  <mem-info id="914" free="4194512544" total="4203675648" percent="99">
    <mem type="nursery" free="1853184" total="2228224" percent="83">
      <mem type="allocate" free="1853184" total="1966080" percent="94" />
      <mem type="survivor" free="0" total="262144" percent="0" />
    </mem>
    <mem type="tenure" free="4192659360" total="4201447424" percent="99" macro-fragmented="0">
      <mem type="soa" free="3982587808" total="3991375872" percent="99" />
      <mem type="loa" free="210071552" total="210071552" percent="100" />
    </mem>
    <remembered-set count="329" />
  </mem-info>
</gc-end>
<cycle-end id="915" type="scavenge" contextid="909" timestamp="2019-08-10T03:37:22.731" />
  <attribute name="elasticGC enabled" value="1" />
  <attribute name= "numThreadsSpecified" value="16" />
  <attribute name="heapSize specified" value="8519680" />
  <attribute name="Current GC Util" value="0" />
  <attribute name= "Current Time Running" value="42875" />
  <attribute name ="GC Interval" value="200" />
  <attribute name="ProportionalT" value="-40.000000" />
  <attribute name="ProportionalI" value="-40.000000" />
  <attribute name="ProportionalH" value="-40.000000" />
  <attribute name="Current Error" value="-80.000000" />
  <attribute name="IntegralT" value="-37880.000000" />
  <attribute name="IntegralI" value="-37880.000000" />
  <attribute name="IntegralH" value="-37880.000000" />
  <attribute name="DerivativeT" value="-0.084477" />
  <attribute name="DerivativeI" value="-0.084477" />
  <attribute name="DerivativeH" value="-0.084477" />
  <attribute name="Loop Time for DT" value="947.000000" />
  <attribute name="Output H" value="4203675648"/>
  <attribute name="Output I" value="200"/>
  <attribute name="Output T" value="16"/>
  <attribute name="Target GC Util Change" value ="80.000000" />
  <attribute name="Current GC Util Change" value="0.000000"/>
  <attribute name="GC Util currently" value="0" />
  <attribute name="CPU Util currently" value="18" />
<allocation-satisfied id="916" threadId="0000000001B34B00" bytesRequested="32" />
<af-end id="917" timestamp="2019-08-10T03:37:22.731" threadId="0000000001B35488" success="true" from="nursery"/>
<exclusive-end id="918" timestamp="2019-08-10T03:37:22.731" durationms="2.722" />

<exclusive-start id="919" timestamp="2019-08-10T03:37:23.473" intervalms="743.920">
  <response-info timems="0.142" idlems="0.142" threads="0" lastid="0000000001B56600" lastname="node-5" />
</exclusive-start>
<af-start id="920" threadId="0000000001B56F88" totalBytesRequested="32" timestamp="2019-08-10T03:37:23.473" intervalms="743.899" type="nursery" />
<cycle-start id="921" type="scavenge" contextid="0" timestamp="2019-08-10T03:37:23.473" intervalms="743.902" />
<gc-start id="922" type="scavenge" contextid="921" timestamp="2019-08-10T03:37:23.473">
  <mem-info id="923" free="4192659360" total="4203675648" percent="99">
    <mem type="nursery" free="0" total="2228224" percent="0">
      <mem type="allocate" free="0" total="1966080" percent="0" />
      <mem type="survivor" free="0" total="262144" percent="0" />
    </mem>
    <mem type="tenure" free="4192659360" total="4201447424" percent="99">
      <mem type="soa" free="3982587808" total="3991375872" percent="99" />
      <mem type="loa" free="210071552" total="210071552" percent="100" />
    </mem>
    <remembered-set count="397" />
  </mem-info>
</gc-start>
<allocation-stats totalBytes="1850800" >
  <allocated-bytes non-tlh="32" tlh="1850768" />
  <largest-consumer threadName="node-9" threadId="0000000001B4B200" bytes="90112" />
</allocation-stats>
<gc-op id="924" type="scavenge" timems="1.566" contextid="921" timestamp="2019-08-10T03:37:23.474">
  <scavenger-info tenureage="2" tenuremask="4004" tiltratio="88" />
  <memory-copied type="nursery" objects="2614" bytes="64448" bytesdiscarded="80704" />
  <memory-copied type="tenure" objects="1048" bytes="25152" bytesdiscarded="0" />
</gc-op>
<gc-end id="925" type="scavenge" contextid="921" durationms="2.105" usertimems="3.282" systemtimems="1.714" timestamp="2019-08-10T03:37:23.475" activeThreads="16">
  <mem-info id="926" free="4194448032" total="4203675648" percent="99">
    <mem type="nursery" free="1820928" total="2228224" percent="81">
      <mem type="allocate" free="1820928" total="1966080" percent="92" />
      <mem type="survivor" free="0" total="262144" percent="0" />
    </mem>
    <mem type="tenure" free="4192627104" total="4201447424" percent="99" macro-fragmented="0">
      <mem type="soa" free="3982555552" total="3991375872" percent="99" />
      <mem type="loa" free="210071552" total="210071552" percent="100" />
    </mem>
    <remembered-set count="327" />
  </mem-info>
</gc-end>
<cycle-end id="927" type="scavenge" contextid="921" timestamp="2019-08-10T03:37:23.475" />
  <attribute name="elasticGC enabled" value="1" />
  <attribute name= "numThreadsSpecified" value="16" />
  <attribute name="heapSize specified" value="8519680" />
  <attribute name="Current GC Util" value="0" />
  <attribute name= "Current Time Running" value="43619" />
  <attribute name ="GC Interval" value="200" />
  <attribute name="ProportionalT" value="-40.000000" />
  <attribute name="ProportionalI" value="-40.000000" />
  <attribute name="ProportionalH" value="-40.000000" />
  <attribute name="Current Error" value="-80.000000" />
  <attribute name="IntegralT" value="-29760.000000" />
  <attribute name="IntegralI" value="-29760.000000" />
  <attribute name="IntegralH" value="-29760.000000" />
  <attribute name="DerivativeT" value="-0.107527" />
  <attribute name="DerivativeI" value="-0.107527" />
  <attribute name="DerivativeH" value="-0.107527" />
  <attribute name="Loop Time for DT" value="744.000000" />
  <attribute name="Output H" value="4203675648"/>
  <attribute name="Output I" value="200"/>
  <attribute name="Output T" value="16"/>
  <attribute name="Target GC Util Change" value ="80.000000" />
  <attribute name="Current GC Util Change" value="0.000000"/>
  <attribute name="GC Util currently" value="0" />
  <attribute name="CPU Util currently" value="14" />
<allocation-satisfied id="928" threadId="0000000001B56600" bytesRequested="32" />
<af-end id="929" timestamp="2019-08-10T03:37:23.475" threadId="0000000001B56F88" success="true" from="nursery"/>
<exclusive-end id="930" timestamp="2019-08-10T03:37:23.475" durationms="2.338" />

<exclusive-start id="931" timestamp="2019-08-10T03:37:24.275" intervalms="802.627">
  <response-info timems="0.606" idlems="0.606" threads="0" lastid="0000000001B65600" lastname="node-4" />
</exclusive-start>
<af-start id="932" threadId="0000000001B65F88" totalBytesRequested="32" timestamp="2019-08-10T03:37:24.275" intervalms="802.653" type="nursery" />
<cycle-start id="933" type="scavenge" contextid="0" timestamp="2019-08-10T03:37:24.275" intervalms="802.655" />
<gc-start id="934" type="scavenge" contextid="933" timestamp="2019-08-10T03:37:24.275">
  <mem-info id="935" free="4192627104" total="4203675648" percent="99">
    <mem type="nursery" free="0" total="2228224" percent="0">
      <mem type="allocate" free="0" total="1966080" percent="0" />
      <mem type="survivor" free="0" total="262144" percent="0" />
    </mem>
    <mem type="tenure" free="4192627104" total="4201447424" percent="99">
      <mem type="soa" free="3982555552" total="3991375872" percent="99" />
      <mem type="loa" free="210071552" total="210071552" percent="100" />
    </mem>
    <remembered-set count="396" />
  </mem-info>
</gc-start>
<allocation-stats totalBytes="1819264" >
  <allocated-bytes non-tlh="32" tlh="1819232" />
  <largest-consumer threadName="node-20" threadId="0000000001B83500" bytes="90096" />
</allocation-stats>
<gc-op id="936" type="scavenge" timems="2.166" contextid="933" timestamp="2019-08-10T03:37:24.278">
  <scavenger-info tenureage="2" tenuremask="4004" tiltratio="88" />
  <memory-copied type="nursery" objects="2239" bytes="55504" bytesdiscarded="57392" />
  <memory-copied type="tenure" objects="1429" bytes="34296" bytesdiscarded="0" />
</gc-op>
<gc-end id="937" type="scavenge" contextid="933" durationms="2.866" usertimems="3.292" systemtimems="2.776" timestamp="2019-08-10T03:37:24.278" activeThreads="16">
  <mem-info id="938" free="4194448032" total="4203675648" percent="99">
    <mem type="nursery" free="1853184" total="2228224" percent="83">
      <mem type="allocate" free="1853184" total="1966080" percent="94" />
      <mem type="survivor" free="0" total="262144" percent="0" />
    </mem>
    <mem type="tenure" free="4192594848" total="4201447424" percent="99" macro-fragmented="0">
      <mem type="soa" free="3982523296" total="3991375872" percent="99" />
      <mem type="loa" free="210071552" total="210071552" percent="100" />
    </mem>
    <remembered-set count="325" />
  </mem-info>
</gc-end>
<cycle-end id="939" type="scavenge" contextid="933" timestamp="2019-08-10T03:37:24.278" />
  <attribute name="elasticGC enabled" value="1" />
  <attribute name= "numThreadsSpecified" value="16" />
  <attribute name="heapSize specified" value="8519680" />
  <attribute name="Current GC Util" value="0" />
  <attribute name= "Current Time Running" value="44422" />
  <attribute name ="GC Interval" value="200" />
  <attribute name="ProportionalT" value="-40.000000" />
  <attribute name="ProportionalI" value="-40.000000" />
  <attribute name="ProportionalH" value="-40.000000" />
  <attribute name="Current Error" value="-80.000000" />
  <attribute name="IntegralT" value="-32120.000000" />
  <attribute name="IntegralI" value="-32120.000000" />
  <attribute name="IntegralH" value="-32120.000000" />
  <attribute name="DerivativeT" value="-0.099626" />
  <attribute name="DerivativeI" value="-0.099626" />
  <attribute name="DerivativeH" value="-0.099626" />
  <attribute name="Loop Time for DT" value="803.000000" />
  <attribute name="Output H" value="4203675648"/>
  <attribute name="Output I" value="200"/>
  <attribute name="Output T" value="16"/>
  <attribute name="Target GC Util Change" value ="80.000000" />
  <attribute name="Current GC Util Change" value="0.000000"/>
  <attribute name="GC Util currently" value="0" />
  <attribute name="CPU Util currently" value="15" />
<allocation-satisfied id="940" threadId="0000000001B65600" bytesRequested="32" />
<af-end id="941" timestamp="2019-08-10T03:37:24.278" threadId="0000000001B65F88" success="true" from="nursery"/>
<exclusive-end id="942" timestamp="2019-08-10T03:37:24.278" durationms="3.138" />

<exclusive-start id="943" timestamp="2019-08-10T03:37:25.121" intervalms="846.044">
  <response-info timems="0.183" idlems="0.183" threads="0" lastid="0000000001B5A200" lastname="node-2" />
</exclusive-start>
<af-start id="944" threadId="0000000001B5AB88" totalBytesRequested="32" timestamp="2019-08-10T03:37:25.121" intervalms="846.025" type="nursery" />
<cycle-start id="945" type="scavenge" contextid="0" timestamp="2019-08-10T03:37:25.121" intervalms="846.025" />
<gc-start id="946" type="scavenge" contextid="945" timestamp="2019-08-10T03:37:25.121">
  <mem-info id="947" free="4192594848" total="4203675648" percent="99">
    <mem type="nursery" free="0" total="2228224" percent="0">
      <mem type="allocate" free="0" total="1966080" percent="0" />
      <mem type="survivor" free="0" total="262144" percent="0" />
    </mem>
    <mem type="tenure" free="4192594848" total="4201447424" percent="99">
      <mem type="soa" free="3982523296" total="3991375872" percent="99" />
      <mem type="loa" free="210071552" total="210071552" percent="100" />
    </mem>
    <remembered-set count="392" />
  </mem-info>
</gc-start>
<allocation-stats totalBytes="1849408" >
  <allocated-bytes non-tlh="32" tlh="1849376" />
  <largest-consumer threadName="node-21" threadId="0000000001B4EE00" bytes="90096" />
</allocation-stats>
<gc-op id="948" type="scavenge" timems="4.116" contextid="945" timestamp="2019-08-10T03:37:25.126">
  <scavenger-info tenureage="2" tenuremask="4004" tiltratio="88" />
  <memory-copied type="nursery" objects="2494" bytes="61568" bytesdiscarded="67456" />
  <memory-copied type="tenure" objects="1043" bytes="25032" bytesdiscarded="0" />
</gc-op>
<gc-end id="949" type="scavenge" contextid="945" durationms="4.794" usertimems="4.651" systemtimems="4.163" timestamp="2019-08-10T03:37:25.126" activeThreads="16">
  <mem-info id="950" free="4194415776" total="4203675648" percent="99">
    <mem type="nursery" free="1837056" total="2228224" percent="82">
      <mem type="allocate" free="1837056" total="1966080" percent="93" />
      <mem type="survivor" free="0" total="262144" percent="0" />
    </mem>
    <mem type="tenure" free="4192578720" total="4201447424" percent="99" macro-fragmented="0">
      <mem type="soa" free="3982507168" total="3991375872" percent="99" />
      <mem type="loa" free="210071552" total="210071552" percent="100" />
    </mem>
    <remembered-set count="326" />
  </mem-info>
</gc-end>
<cycle-end id="951" type="scavenge" contextid="945" timestamp="2019-08-10T03:37:25.126" />
  <attribute name="elasticGC enabled" value="1" />
  <attribute name= "numThreadsSpecified" value="16" />
  <attribute name="heapSize specified" value="8519680" />
  <attribute name="Current GC Util" value="0" />
  <attribute name= "Current Time Running" value="45268" />
  <attribute name ="GC Interval" value="200" />
  <attribute name="ProportionalT" value="-40.000000" />
  <attribute name="ProportionalI" value="-40.000000" />
  <attribute name="ProportionalH" value="-40.000000" />
  <attribute name="Current Error" value="-80.000000" />
  <attribute name="IntegralT" value="-33840.000000" />
  <attribute name="IntegralI" value="-33840.000000" />
  <attribute name="IntegralH" value="-33840.000000" />
  <attribute name="DerivativeT" value="-0.094563" />
  <attribute name="DerivativeI" value="-0.094563" />
  <attribute name="DerivativeH" value="-0.094563" />
  <attribute name="Loop Time for DT" value="846.000000" />
  <attribute name="Output H" value="4203675648"/>
  <attribute name="Output I" value="200"/>
  <attribute name="Output T" value="16"/>
  <attribute name="Target GC Util Change" value ="80.000000" />
  <attribute name="Current GC Util Change" value="0.000000"/>
  <attribute name="GC Util currently" value="0" />
  <attribute name="CPU Util currently" value="16" />
<allocation-satisfied id="952" threadId="0000000001B5A200" bytesRequested="32" />
<af-end id="953" timestamp="2019-08-10T03:37:25.126" threadId="0000000001B5AB88" success="true" from="nursery"/>
<exclusive-end id="954" timestamp="2019-08-10T03:37:25.126" durationms="5.040" />

<exclusive-start id="955" timestamp="2019-08-10T03:37:25.730" intervalms="609.127">
  <response-info timems="0.624" idlems="0.624" threads="0" lastid="0000000001B47600" lastname="node-12" />
</exclusive-start>
<af-start id="956" threadId="0000000001B47F88" totalBytesRequested="24" timestamp="2019-08-10T03:37:25.730" intervalms="609.132" type="nursery" />
<cycle-start id="957" type="scavenge" contextid="0" timestamp="2019-08-10T03:37:25.730" intervalms="609.131" />
<gc-start id="958" type="scavenge" contextid="957" timestamp="2019-08-10T03:37:25.731">
  <mem-info id="959" free="4192578720" total="4203675648" percent="99">
    <mem type="nursery" free="0" total="2228224" percent="0">
      <mem type="allocate" free="0" total="1966080" percent="0" />
      <mem type="survivor" free="0" total="262144" percent="0" />
    </mem>
    <mem type="tenure" free="4192578720" total="4201447424" percent="99">
      <mem type="soa" free="3982507168" total="3991375872" percent="99" />
      <mem type="loa" free="210071552" total="210071552" percent="100" />
    </mem>
    <remembered-set count="391" />
  </mem-info>
</gc-start>
<allocation-stats totalBytes="1826736" >
  <allocated-bytes non-tlh="32" tlh="1826704" />
  <largest-consumer threadName="node-15" threadId="0000000001B2D300" bytes="89752" />
</allocation-stats>
<gc-op id="960" type="scavenge" timems="2.228" contextid="957" timestamp="2019-08-10T03:37:25.733">
  <scavenger-info tenureage="2" tenuremask="4004" tiltratio="88" />
  <memory-copied type="nursery" objects="2262" bytes="56000" bytesdiscarded="40768" />
  <memory-copied type="tenure" objects="1051" bytes="25224" bytesdiscarded="456" />
</gc-op>
<gc-end id="961" type="scavenge" contextid="957" durationms="2.992" usertimems="2.236" systemtimems="3.221" timestamp="2019-08-10T03:37:25.734" activeThreads="16">
  <mem-info id="962" free="4194431904" total="4203675648" percent="99">
    <mem type="nursery" free="1869312" total="2228224" percent="83">
      <mem type="allocate" free="1869312" total="1966080" percent="95" />
      <mem type="survivor" free="0" total="262144" percent="0" />
    </mem>
    <mem type="tenure" free="4192562592" total="4201447424" percent="99" macro-fragmented="1041779">
      <mem type="soa" free="3982491040" total="3991375872" percent="99" />
      <mem type="loa" free="210071552" total="210071552" percent="100" />
    </mem>
    <remembered-set count="325" />
  </mem-info>
</gc-end>
<cycle-end id="963" type="scavenge" contextid="957" timestamp="2019-08-10T03:37:25.734" />
  <attribute name="elasticGC enabled" value="1" />
  <attribute name= "numThreadsSpecified" value="16" />
  <attribute name="heapSize specified" value="8519680" />
  <attribute name="Current GC Util" value="1" />
  <attribute name= "Current Time Running" value="45877" />
  <attribute name ="GC Interval" value="200" />
  <attribute name="ProportionalT" value="-39.500000" />
  <attribute name="ProportionalI" value="-39.500000" />
  <attribute name="ProportionalH" value="-39.500000" />
  <attribute name="Current Error" value="-79.000000" />
  <attribute name="IntegralT" value="-24055.500000" />
  <attribute name="IntegralI" value="-24055.500000" />
  <attribute name="IntegralH" value="-24055.500000" />
  <attribute name="DerivativeT" value="-0.129721" />
  <attribute name="DerivativeI" value="-0.129721" />
  <attribute name="DerivativeH" value="-0.129721" />
  <attribute name="Loop Time for DT" value="609.000000" />
  <attribute name="Output H" value="4203675648"/>
  <attribute name="Output I" value="200"/>
  <attribute name="Output T" value="16"/>
  <attribute name="Target GC Util Change" value ="80.000000" />
  <attribute name="Current GC Util Change" value="1.000000"/>
  <attribute name="GC Util currently" value="1" />
  <attribute name="CPU Util currently" value="14" />
<allocation-satisfied id="964" threadId="0000000001B47600" bytesRequested="24" />
<af-end id="965" timestamp="2019-08-10T03:37:25.734" threadId="0000000001B47F88" success="true" from="nursery"/>
<exclusive-end id="966" timestamp="2019-08-10T03:37:25.734" durationms="3.275" />

<exclusive-start id="967" timestamp="2019-08-10T03:37:26.349" intervalms="618.514">
  <response-info timems="0.036" idlems="0.036" threads="0" lastid="0000000001B56600" lastname="node-5" />
</exclusive-start>
<af-start id="968" threadId="0000000001B56F88" totalBytesRequested="24" timestamp="2019-08-10T03:37:26.349" intervalms="618.778" type="nursery" />
<cycle-start id="969" type="scavenge" contextid="0" timestamp="2019-08-10T03:37:26.349" intervalms="618.967" />
<gc-start id="970" type="scavenge" contextid="969" timestamp="2019-08-10T03:37:26.350">
  <mem-info id="971" free="4192562592" total="4203675648" percent="99">
    <mem type="nursery" free="0" total="2228224" percent="0">
      <mem type="allocate" free="0" total="1966080" percent="0" />
      <mem type="survivor" free="0" total="262144" percent="0" />
    </mem>
    <mem type="tenure" free="4192562592" total="4201447424" percent="99">
      <mem type="soa" free="3982491040" total="3991375872" percent="99" />
      <mem type="loa" free="210071552" total="210071552" percent="100" />
    </mem>
    <remembered-set count="389" />
  </mem-info>
</gc-start>
<allocation-stats totalBytes="1860408" >
  <allocated-bytes non-tlh="24" tlh="1860384" />
  <largest-consumer threadName="node-9" threadId="0000000001B4B200" bytes="90104" />
</allocation-stats>
<gc-op id="972" type="scavenge" timems="5.423" contextid="969" timestamp="2019-08-10T03:37:26.355">
  <scavenger-info tenureage="2" tenuremask="4004" tiltratio="88" />
  <memory-copied type="nursery" objects="1788" bytes="44624" bytesdiscarded="36016" />
  <memory-copied type="tenure" objects="1301" bytes="31224" bytesdiscarded="0" />
</gc-op>
<gc-end id="973" type="scavenge" contextid="969" durationms="6.454" usertimems="0.651" systemtimems="6.633" timestamp="2019-08-10T03:37:26.356" activeThreads="16">
  <mem-info id="974" free="4194415776" total="4203675648" percent="99">
    <mem type="nursery" free="1885440" total="2228224" percent="84">
      <mem type="allocate" free="1885440" total="1966080" percent="95" />
      <mem type="survivor" free="0" total="262144" percent="0" />
    </mem>
    <mem type="tenure" free="4192530336" total="4201447424" percent="99" macro-fragmented="2592282">
      <mem type="soa" free="3982458784" total="3991375872" percent="99" />
      <mem type="loa" free="210071552" total="210071552" percent="100" />
    </mem>
    <remembered-set count="320" />
  </mem-info>
</gc-end>
<cycle-end id="975" type="scavenge" contextid="969" timestamp="2019-08-10T03:37:26.356" />
  <attribute name="elasticGC enabled" value="1" />
  <attribute name= "numThreadsSpecified" value="16" />
  <attribute name="heapSize specified" value="8519680" />
  <attribute name="Current GC Util" value="0" />
  <attribute name= "Current Time Running" value="46496" />
  <attribute name ="GC Interval" value="200" />
  <attribute name="ProportionalT" value="-40.000000" />
  <attribute name="ProportionalI" value="-40.000000" />
  <attribute name="ProportionalH" value="-40.000000" />
  <attribute name="Current Error" value="-80.000000" />
  <attribute name="IntegralT" value="-24760.000000" />
  <attribute name="IntegralI" value="-24760.000000" />
  <attribute name="IntegralH" value="-24760.000000" />
  <attribute name="DerivativeT" value="-0.129241" />
  <attribute name="DerivativeI" value="-0.129241" />
  <attribute name="DerivativeH" value="-0.129241" />
  <attribute name="Loop Time for DT" value="619.000000" />
  <attribute name="Output H" value="4203675648"/>
  <attribute name="Output I" value="200"/>
  <attribute name="Output T" value="16"/>
  <attribute name="Target GC Util Change" value ="80.000000" />
  <attribute name="Current GC Util Change" value="0.000000"/>
  <attribute name="GC Util currently" value="0" />
  <attribute name="CPU Util currently" value="14" />
<allocation-satisfied id="976" threadId="0000000001B56600" bytesRequested="24" />
<af-end id="977" timestamp="2019-08-10T03:37:26.356" threadId="0000000001B56F88" success="true" from="nursery"/>
<exclusive-end id="978" timestamp="2019-08-10T03:37:26.356" durationms="7.309" />

<exclusive-start id="979" timestamp="2019-08-10T03:37:27.055" intervalms="706.346">
  <response-info timems="0.363" idlems="0.363" threads="0" lastid="0000000001B52A00" lastname="node-6" />
</exclusive-start>
<af-start id="980" threadId="0000000001B53388" totalBytesRequested="368" timestamp="2019-08-10T03:37:27.055" intervalms="706.177" type="nursery" />
<cycle-start id="981" type="scavenge" contextid="0" timestamp="2019-08-10T03:37:27.055" intervalms="706.000" />
<gc-start id="982" type="scavenge" contextid="981" timestamp="2019-08-10T03:37:27.056">
  <mem-info id="983" free="4192530336" total="4203675648" percent="99">
    <mem type="nursery" free="0" total="2228224" percent="0">
      <mem type="allocate" free="0" total="1966080" percent="0" />
      <mem type="survivor" free="0" total="262144" percent="0" />
    </mem>
    <mem type="tenure" free="4192530336" total="4201447424" percent="99">
      <mem type="soa" free="3982458784" total="3991375872" percent="99" />
      <mem type="loa" free="210071552" total="210071552" percent="100" />
    </mem>
    <remembered-set count="388" />
  </mem-info>
</gc-start>
<allocation-stats totalBytes="1877888" >
  <allocated-bytes non-tlh="24" tlh="1877864" />
  <largest-consumer threadName="node-11" threadId="0000000001B43B00" bytes="90096" />
</allocation-stats>
<gc-op id="984" type="scavenge" timems="2.515" contextid="981" timestamp="2019-08-10T03:37:27.058">
  <scavenger-info tenureage="2" tenuremask="4004" tiltratio="88" />
  <memory-copied type="nursery" objects="1858" bytes="50824" bytesdiscarded="45944" />
  <memory-copied type="tenure" objects="820" bytes="19680" bytesdiscarded="0" />
</gc-op>
<gc-end id="985" type="scavenge" contextid="981" durationms="3.394" usertimems="7.282" systemtimems="0.000" timestamp="2019-08-10T03:37:27.059" activeThreads="16">
  <mem-info id="986" free="4194367392" total="4203675648" percent="99">
    <mem type="nursery" free="1869312" total="2228224" percent="83">
      <mem type="allocate" free="1869312" total="1966080" percent="95" />
      <mem type="survivor" free="0" total="262144" percent="0" />
    </mem>
    <mem type="tenure" free="4192498080" total="4201447424" percent="99" macro-fragmented="3732887">
      <mem type="soa" free="3982426528" total="3991375872" percent="99" />
      <mem type="loa" free="210071552" total="210071552" percent="100" />
    </mem>
    <remembered-set count="302" />
  </mem-info>
</gc-end>
<cycle-end id="987" type="scavenge" contextid="981" timestamp="2019-08-10T03:37:27.059" />
  <attribute name="elasticGC enabled" value="1" />
  <attribute name= "numThreadsSpecified" value="16" />
  <attribute name="heapSize specified" value="8519680" />
  <attribute name="Current GC Util" value="1" />
  <attribute name= "Current Time Running" value="47202" />
  <attribute name ="GC Interval" value="200" />
  <attribute name="ProportionalT" value="-39.500000" />
  <attribute name="ProportionalI" value="-39.500000" />
  <attribute name="ProportionalH" value="-39.500000" />
  <attribute name="Current Error" value="-79.000000" />
  <attribute name="IntegralT" value="-27887.000000" />
  <attribute name="IntegralI" value="-27887.000000" />
  <attribute name="IntegralH" value="-27887.000000" />
  <attribute name="DerivativeT" value="-0.111898" />
  <attribute name="DerivativeI" value="-0.111898" />
  <attribute name="DerivativeH" value="-0.111898" />
  <attribute name="Loop Time for DT" value="706.000000" />
  <attribute name="Output H" value="4203675648"/>
  <attribute name="Output I" value="200"/>
  <attribute name="Output T" value="16"/>
  <attribute name="Target GC Util Change" value ="80.000000" />
  <attribute name="Current GC Util Change" value="1.000000"/>
  <attribute name="GC Util currently" value="1" />
  <attribute name="CPU Util currently" value="16" />
<allocation-satisfied id="988" threadId="0000000001B52A00" bytesRequested="368" />
<af-end id="989" timestamp="2019-08-10T03:37:27.059" threadId="0000000001B53388" success="true" from="nursery"/>
<exclusive-end id="990" timestamp="2019-08-10T03:37:27.059" durationms="3.801" />

<exclusive-start id="991" timestamp="2019-08-10T03:37:28.036" intervalms="980.434">
  <response-info timems="0.509" idlems="0.509" threads="0" lastid="0000000001B52A00" lastname="node-6" />
</exclusive-start>
<af-start id="992" threadId="0000000001B53388" totalBytesRequested="16" timestamp="2019-08-10T03:37:28.036" intervalms="980.325" type="nursery" />
<cycle-start id="993" type="scavenge" contextid="0" timestamp="2019-08-10T03:37:28.036" intervalms="980.308" />
<gc-start id="994" type="scavenge" contextid="993" timestamp="2019-08-10T03:37:28.036">
  <mem-info id="995" free="4192498080" total="4203675648" percent="99">
    <mem type="nursery" free="0" total="2228224" percent="0">
      <mem type="allocate" free="0" total="1966080" percent="0" />
      <mem type="survivor" free="0" total="262144" percent="0" />
    </mem>
    <mem type="tenure" free="4192498080" total="4201447424" percent="99">
      <mem type="soa" free="3982426528" total="3991375872" percent="99" />
      <mem type="loa" free="210071552" total="210071552" percent="100" />
    </mem>
    <remembered-set count="391" />
  </mem-info>
</gc-start>
<allocation-stats totalBytes="1868072" >
  <allocated-bytes non-tlh="368" tlh="1867704" />
  <largest-consumer threadName="node-1" threadId="0000000001B5DE00" bytes="90104" />
</allocation-stats>
<gc-op id="996" type="scavenge" timems="1.325" contextid="993" timestamp="2019-08-10T03:37:28.037">
  <scavenger-info tenureage="2" tenuremask="4004" tiltratio="88" />
  <memory-copied type="nursery" objects="2321" bytes="59384" bytesdiscarded="85768" />
  <memory-copied type="tenure" objects="827" bytes="19848" bytesdiscarded="0" />
</gc-op>
<gc-end id="997" type="scavenge" contextid="993" durationms="1.615" usertimems="1.226" systemtimems="2.301" timestamp="2019-08-10T03:37:28.037" activeThreads="16">
  <mem-info id="998" free="4194319008" total="4203675648" percent="99">
    <mem type="nursery" free="1820928" total="2228224" percent="81">
      <mem type="allocate" free="1820928" total="1966080" percent="92" />
      <mem type="survivor" free="0" total="262144" percent="0" />
    </mem>
    <mem type="tenure" free="4192498080" total="4201447424" percent="99" macro-fragmented="418667">
      <mem type="soa" free="3982426528" total="3991375872" percent="99" />
      <mem type="loa" free="210071552" total="210071552" percent="100" />
    </mem>
    <remembered-set count="306" />
  </mem-info>
</gc-end>
<cycle-end id="999" type="scavenge" contextid="993" timestamp="2019-08-10T03:37:28.038" />
  <attribute name="elasticGC enabled" value="1" />
  <attribute name= "numThreadsSpecified" value="16" />
  <attribute name="heapSize specified" value="8519680" />
  <attribute name="Current GC Util" value="0" />
  <attribute name= "Current Time Running" value="48182" />
  <attribute name ="GC Interval" value="200" />
  <attribute name="ProportionalT" value="-40.000000" />
  <attribute name="ProportionalI" value="-40.000000" />
  <attribute name="ProportionalH" value="-40.000000" />
  <attribute name="Current Error" value="-80.000000" />
  <attribute name="IntegralT" value="-39200.000000" />
  <attribute name="IntegralI" value="-39200.000000" />
  <attribute name="IntegralH" value="-39200.000000" />
  <attribute name="DerivativeT" value="-0.081633" />
  <attribute name="DerivativeI" value="-0.081633" />
  <attribute name="DerivativeH" value="-0.081633" />
  <attribute name="Loop Time for DT" value="980.000000" />
  <attribute name="Output H" value="4203675648"/>
  <attribute name="Output I" value="200"/>
  <attribute name="Output T" value="16"/>
  <attribute name="Target GC Util Change" value ="80.000000" />
  <attribute name="Current GC Util Change" value="0.000000"/>
  <attribute name="GC Util currently" value="0" />
  <attribute name="CPU Util currently" value="15" />
<allocation-satisfied id="1000" threadId="0000000001B52A00" bytesRequested="16" />
<af-end id="1001" timestamp="2019-08-10T03:37:28.038" threadId="0000000001B53388" success="true" from="nursery"/>
<exclusive-end id="1002" timestamp="2019-08-10T03:37:28.038" durationms="1.963" />

<exclusive-start id="1003" timestamp="2019-08-10T03:37:29.105" intervalms="1069.412">
  <response-info timems="0.216" idlems="0.216" threads="0" lastid="0000000001B74500" lastname="node-8" />
</exclusive-start>
<af-start id="1004" threadId="0000000001B74E88" totalBytesRequested="32" timestamp="2019-08-10T03:37:29.105" intervalms="1069.417" type="nursery" />
<cycle-start id="1005" type="scavenge" contextid="0" timestamp="2019-08-10T03:37:29.105" intervalms="1069.433" />
<gc-start id="1006" type="scavenge" contextid="1005" timestamp="2019-08-10T03:37:29.105">
  <mem-info id="1007" free="4192498080" total="4203675648" percent="99">
    <mem type="nursery" free="0" total="2228224" percent="0">
      <mem type="allocate" free="0" total="1966080" percent="0" />
      <mem type="survivor" free="0" total="262144" percent="0" />
    </mem>
    <mem type="tenure" free="4192498080" total="4201447424" percent="99">
      <mem type="soa" free="3982426528" total="3991375872" percent="99" />
      <mem type="loa" free="210071552" total="210071552" percent="100" />
    </mem>
    <remembered-set count="396" />
  </mem-info>
</gc-start>
<allocation-stats totalBytes="1819072" >
  <allocated-bytes non-tlh="16" tlh="1819056" />
  <largest-consumer threadName="node-3" threadId="0000000001B61A00" bytes="90112" />
</allocation-stats>
<gc-op id="1008" type="scavenge" timems="1.088" contextid="1005" timestamp="2019-08-10T03:37:29.106">
  <scavenger-info tenureage="2" tenuremask="4004" tiltratio="88" />
  <memory-copied type="nursery" objects="2791" bytes="68696" bytesdiscarded="28072" />
  <memory-copied type="tenure" objects="876" bytes="21024" bytesdiscarded="0" />
</gc-op>
<gc-end id="1009" type="scavenge" contextid="1005" durationms="1.424" usertimems="2.026" systemtimems="1.354" timestamp="2019-08-10T03:37:29.107" activeThreads="16">
  <mem-info id="1010" free="4194335136" total="4203675648" percent="99">
    <mem type="nursery" free="1869312" total="2228224" percent="83">
      <mem type="allocate" free="1869312" total="1966080" percent="95" />
      <mem type="survivor" free="0" total="262144" percent="0" />
    </mem>
    <mem type="tenure" free="4192465824" total="4201447424" percent="99" macro-fragmented="3732887">
      <mem type="soa" free="3982394272" total="3991375872" percent="99" />
      <mem type="loa" free="210071552" total="210071552" percent="100" />
    </mem>
    <remembered-set count="329" />
  </mem-info>
</gc-end>
<cycle-end id="1011" type="scavenge" contextid="1005" timestamp="2019-08-10T03:37:29.107" />
  <attribute name="elasticGC enabled" value="1" />
  <attribute name= "numThreadsSpecified" value="16" />
  <attribute name="heapSize specified" value="8519680" />
  <attribute name="Current GC Util" value="0" />
  <attribute name= "Current Time Running" value="49251" />
  <attribute name ="GC Interval" value="200" />
  <attribute name="ProportionalT" value="-40.000000" />
  <attribute name="ProportionalI" value="-40.000000" />
  <attribute name="ProportionalH" value="-40.000000" />
  <attribute name="Current Error" value="-80.000000" />
  <attribute name="IntegralT" value="-42760.000000" />
  <attribute name="IntegralI" value="-42760.000000" />
  <attribute name="IntegralH" value="-42760.000000" />
  <attribute name="DerivativeT" value="-0.074836" />
  <attribute name="DerivativeI" value="-0.074836" />
  <attribute name="DerivativeH" value="-0.074836" />
  <attribute name="Loop Time for DT" value="1069.000000" />
  <attribute name="Output H" value="4203675648"/>
  <attribute name="Output I" value="200"/>
  <attribute name="Output T" value="16"/>
  <attribute name="Target GC Util Change" value ="80.000000" />
  <attribute name="Current GC Util Change" value="0.000000"/>
  <attribute name="GC Util currently" value="0" />
  <attribute name="CPU Util currently" value="17" />
<allocation-satisfied id="1012" threadId="0000000001B74500" bytesRequested="32" />
<af-end id="1013" timestamp="2019-08-10T03:37:29.107" threadId="0000000001B74E88" success="true" from="nursery"/>
<exclusive-end id="1014" timestamp="2019-08-10T03:37:29.107" durationms="1.730" />

<exclusive-start id="1015" timestamp="2019-08-10T03:37:29.661" intervalms="556.183">
  <response-info timems="0.619" idlems="0.619" threads="0" lastid="0000000001B6CD00" lastname="node-24" />
</exclusive-start>
<af-start id="1016" threadId="0000000001B6D688" totalBytesRequested="24" timestamp="2019-08-10T03:37:29.661" intervalms="556.185" type="nursery" />
<cycle-start id="1017" type="scavenge" contextid="0" timestamp="2019-08-10T03:37:29.661" intervalms="556.173" />
<gc-start id="1018" type="scavenge" contextid="1017" timestamp="2019-08-10T03:37:29.661">
  <mem-info id="1019" free="4192465824" total="4203675648" percent="99">
    <mem type="nursery" free="0" total="2228224" percent="0">
      <mem type="allocate" free="0" total="1966080" percent="0" />
      <mem type="survivor" free="0" total="262144" percent="0" />
    </mem>
    <mem type="tenure" free="4192465824" total="4201447424" percent="99">
      <mem type="soa" free="3982394272" total="3991375872" percent="99" />
      <mem type="loa" free="210071552" total="210071552" percent="100" />
    </mem>
    <remembered-set count="392" />
  </mem-info>
</gc-start>
<allocation-stats totalBytes="1858112" >
  <allocated-bytes non-tlh="32" tlh="1858080" />
  <largest-consumer threadName="node-15" threadId="0000000001B2D300" bytes="90072" />
</allocation-stats>
<gc-op id="1020" type="scavenge" timems="2.681" contextid="1017" timestamp="2019-08-10T03:37:29.664">
  <scavenger-info tenureage="2" tenuremask="4004" tiltratio="88" />
  <memory-copied type="nursery" objects="2156" bytes="50824" bytesdiscarded="29816" />
  <memory-copied type="tenure" objects="1298" bytes="31152" bytesdiscarded="0" />
</gc-op>
<gc-end id="1021" type="scavenge" contextid="1017" durationms="3.041" usertimems="7.937" systemtimems="1.586" timestamp="2019-08-10T03:37:29.664" activeThreads="16">
  <mem-info id="1022" free="4194319008" total="4203675648" percent="99">
    <mem type="nursery" free="1885440" total="2228224" percent="84">
      <mem type="allocate" free="1885440" total="1966080" percent="95" />
      <mem type="survivor" free="0" total="262144" percent="0" />
    </mem>
    <mem type="tenure" free="4192433568" total="4201447424" percent="99" macro-fragmented="242284">
      <mem type="soa" free="3982362016" total="3991375872" percent="99" />
      <mem type="loa" free="210071552" total="210071552" percent="100" />
    </mem>
    <remembered-set count="300" />
  </mem-info>
</gc-end>
<cycle-end id="1023" type="scavenge" contextid="1017" timestamp="2019-08-10T03:37:29.665" />
  <attribute name="elasticGC enabled" value="1" />
  <attribute name= "numThreadsSpecified" value="16" />
  <attribute name="heapSize specified" value="8519680" />
  <attribute name="Current GC Util" value="0" />
  <attribute name= "Current Time Running" value="49808" />
  <attribute name ="GC Interval" value="200" />
  <attribute name="ProportionalT" value="-40.000000" />
  <attribute name="ProportionalI" value="-40.000000" />
  <attribute name="ProportionalH" value="-40.000000" />
  <attribute name="Current Error" value="-80.000000" />
  <attribute name="IntegralT" value="-22280.000000" />
  <attribute name="IntegralI" value="-22280.000000" />
  <attribute name="IntegralH" value="-22280.000000" />
  <attribute name="DerivativeT" value="-0.143627" />
  <attribute name="DerivativeI" value="-0.143627" />
  <attribute name="DerivativeH" value="-0.143627" />
  <attribute name="Loop Time for DT" value="557.000000" />
  <attribute name="Output H" value="4203675648"/>
  <attribute name="Output I" value="200"/>
  <attribute name="Output T" value="16"/>
  <attribute name="Target GC Util Change" value ="80.000000" />
  <attribute name="Current GC Util Change" value="0.000000"/>
  <attribute name="GC Util currently" value="0" />
  <attribute name="CPU Util currently" value="13" />
<allocation-satisfied id="1024" threadId="0000000001B6CD00" bytesRequested="24" />
<af-end id="1025" timestamp="2019-08-10T03:37:29.665" threadId="0000000001B6D688" success="true" from="nursery"/>
<exclusive-end id="1026" timestamp="2019-08-10T03:37:29.665" durationms="3.289" />

<exclusive-start id="1027" timestamp="2019-08-10T03:37:30.790" intervalms="1128.975">
  <response-info timems="0.145" idlems="0.095" threads="1" lastid="0000000001B47600" lastname="node-12" />
</exclusive-start>
<af-start id="1028" threadId="0000000001B5E788" totalBytesRequested="720" timestamp="2019-08-10T03:37:30.790" intervalms="1129.109" type="nursery" />
<cycle-start id="1029" type="scavenge" contextid="0" timestamp="2019-08-10T03:37:30.790" intervalms="1129.117" />
<gc-start id="1030" type="scavenge" contextid="1029" timestamp="2019-08-10T03:37:30.791">
  <mem-info id="1031" free="4192433568" total="4203675648" percent="99">
    <mem type="nursery" free="0" total="2228224" percent="0">
      <mem type="allocate" free="0" total="1966080" percent="0" />
      <mem type="survivor" free="0" total="262144" percent="0" />
    </mem>
    <mem type="tenure" free="4192433568" total="4201447424" percent="99">
      <mem type="soa" free="3982362016" total="3991375872" percent="99" />
      <mem type="loa" free="210071552" total="210071552" percent="100" />
    </mem>
    <remembered-set count="394" />
  </mem-info>
</gc-start>
<allocation-stats totalBytes="1883408" >
  <allocated-bytes non-tlh="24" tlh="1883384" />
  <largest-consumer threadName="node-9" threadId="0000000001B4B200" bytes="90112" />
</allocation-stats>
<gc-op id="1032" type="scavenge" timems="1.810" contextid="1029" timestamp="2019-08-10T03:37:30.792">
  <scavenger-info tenureage="2" tenuremask="4004" tiltratio="88" />
  <memory-copied type="nursery" objects="2341" bytes="69960" bytesdiscarded="59064" />
  <memory-copied type="tenure" objects="1351" bytes="32424" bytesdiscarded="0" />
</gc-op>
<gc-end id="1033" type="scavenge" contextid="1029" durationms="2.446" usertimems="1.049" systemtimems="2.121" timestamp="2019-08-10T03:37:30.793" activeThreads="16">
  <mem-info id="1034" free="4194238368" total="4203675648" percent="99">
    <mem type="nursery" free="1837056" total="2228224" percent="82">
      <mem type="allocate" free="1837056" total="1966080" percent="93" />
      <mem type="survivor" free="0" total="262144" percent="0" />
    </mem>
    <mem type="tenure" free="4192401312" total="4201447424" percent="99" macro-fragmented="3110739">
      <mem type="soa" free="3982329760" total="3991375872" percent="99" />
      <mem type="loa" free="210071552" total="210071552" percent="100" />
    </mem>
    <remembered-set count="303" />
  </mem-info>
</gc-end>
<cycle-end id="1035" type="scavenge" contextid="1029" timestamp="2019-08-10T03:37:30.793" />
  <attribute name="elasticGC enabled" value="1" />
  <attribute name= "numThreadsSpecified" value="16" />
  <attribute name="heapSize specified" value="8519680" />
  <attribute name="Current GC Util" value="0" />
  <attribute name= "Current Time Running" value="50937" />
  <attribute name ="GC Interval" value="200" />
  <attribute name="ProportionalT" value="-40.000000" />
  <attribute name="ProportionalI" value="-40.000000" />
  <attribute name="ProportionalH" value="-40.000000" />
  <attribute name="Current Error" value="-80.000000" />
  <attribute name="IntegralT" value="-45160.000000" />
  <attribute name="IntegralI" value="-45160.000000" />
  <attribute name="IntegralH" value="-45160.000000" />
  <attribute name="DerivativeT" value="-0.070859" />
  <attribute name="DerivativeI" value="-0.070859" />
  <attribute name="DerivativeH" value="-0.070859" />
  <attribute name="Loop Time for DT" value="1129.000000" />
  <attribute name="Output H" value="4203675648"/>
  <attribute name="Output I" value="200"/>
  <attribute name="Output T" value="16"/>
  <attribute name="Target GC Util Change" value ="80.000000" />
  <attribute name="Current GC Util Change" value="0.000000"/>
  <attribute name="GC Util currently" value="0" />
  <attribute name="CPU Util currently" value="17" />
<allocation-satisfied id="1036" threadId="0000000001B5DE00" bytesRequested="720" />
<af-end id="1037" timestamp="2019-08-10T03:37:30.793" threadId="0000000001B5E788" success="true" from="nursery"/>
<exclusive-end id="1038" timestamp="2019-08-10T03:37:30.793" durationms="2.797" />

<exclusive-start id="1039" timestamp="2019-08-10T03:37:31.731" intervalms="940.390">
  <response-info timems="0.059" idlems="0.059" threads="0" lastid="0000000001B70900" lastname="node-16" />
</exclusive-start>
<af-start id="1040" threadId="0000000001B71288" totalBytesRequested="24" timestamp="2019-08-10T03:37:31.731" intervalms="940.265" type="nursery" />
<cycle-start id="1041" type="scavenge" contextid="0" timestamp="2019-08-10T03:37:31.731" intervalms="940.253" />
<gc-start id="1042" type="scavenge" contextid="1041" timestamp="2019-08-10T03:37:31.731">
  <mem-info id="1043" free="4192401312" total="4203675648" percent="99">
    <mem type="nursery" free="0" total="2228224" percent="0">
      <mem type="allocate" free="0" total="1966080" percent="0" />
      <mem type="survivor" free="0" total="262144" percent="0" />
    </mem>
    <mem type="tenure" free="4192401312" total="4201447424" percent="99">
      <mem type="soa" free="3982329760" total="3991375872" percent="99" />
      <mem type="loa" free="210071552" total="210071552" percent="100" />
    </mem>
    <remembered-set count="396" />
  </mem-info>
</gc-start>
<allocation-stats totalBytes="1835928" >
  <allocated-bytes non-tlh="720" tlh="1835208" />
  <largest-consumer threadName="node-11" threadId="0000000001B43B00" bytes="90112" />
</allocation-stats>
<gc-op id="1044" type="scavenge" timems="2.843" contextid="1041" timestamp="2019-08-10T03:37:31.734">
  <scavenger-info tenureage="2" tenuremask="4004" tiltratio="88" />
  <memory-copied type="nursery" objects="2923" bytes="71928" bytesdiscarded="73224" />
  <memory-copied type="tenure" objects="690" bytes="16560" bytesdiscarded="0" />
</gc-op>
<gc-end id="1045" type="scavenge" contextid="1041" durationms="3.218" usertimems="3.153" systemtimems="2.432" timestamp="2019-08-10T03:37:31.734" activeThreads="16">
  <mem-info id="1046" free="4194222240" total="4203675648" percent="99">
    <mem type="nursery" free="1820928" total="2228224" percent="81">
      <mem type="allocate" free="1820928" total="1966080" percent="92" />
      <mem type="survivor" free="0" total="262144" percent="0" />
    </mem>
    <mem type="tenure" free="4192401312" total="4201447424" percent="99" macro-fragmented="4479464">
      <mem type="soa" free="3982329760" total="3991375872" percent="99" />
      <mem type="loa" free="210071552" total="210071552" percent="100" />
    </mem>
    <remembered-set count="329" />
  </mem-info>
</gc-end>
<cycle-end id="1047" type="scavenge" contextid="1041" timestamp="2019-08-10T03:37:31.734" />
  <attribute name="elasticGC enabled" value="1" />
  <attribute name= "numThreadsSpecified" value="16" />
  <attribute name="heapSize specified" value="8519680" />
  <attribute name="Current GC Util" value="0" />
  <attribute name= "Current Time Running" value="51877" />
  <attribute name ="GC Interval" value="200" />
  <attribute name="ProportionalT" value="-40.000000" />
  <attribute name="ProportionalI" value="-40.000000" />
  <attribute name="ProportionalH" value="-40.000000" />
  <attribute name="Current Error" value="-80.000000" />
  <attribute name="IntegralT" value="-37600.000000" />
  <attribute name="IntegralI" value="-37600.000000" />
  <attribute name="IntegralH" value="-37600.000000" />
  <attribute name="DerivativeT" value="-0.085106" />
  <attribute name="DerivativeI" value="-0.085106" />
  <attribute name="DerivativeH" value="-0.085106" />
  <attribute name="Loop Time for DT" value="940.000000" />
  <attribute name="Output H" value="4203675648"/>
  <attribute name="Output I" value="200"/>
  <attribute name="Output T" value="16"/>
  <attribute name="Target GC Util Change" value ="80.000000" />
  <attribute name="Current GC Util Change" value="0.000000"/>
  <attribute name="GC Util currently" value="0" />
  <attribute name="CPU Util currently" value="16" />
<allocation-satisfied id="1048" threadId="0000000001B70900" bytesRequested="24" />
<af-end id="1049" timestamp="2019-08-10T03:37:31.734" threadId="0000000001B71288" success="true" from="nursery"/>
<exclusive-end id="1050" timestamp="2019-08-10T03:37:31.734" durationms="3.522" />

<exclusive-start id="1051" timestamp="2019-08-10T03:37:32.955" intervalms="1224.621">
  <response-info timems="0.027" idlems="0.027" threads="0" lastid="0000000001B6CD00" lastname="node-24" />
</exclusive-start>
<af-start id="1052" threadId="0000000001B6D688" totalBytesRequested="24" timestamp="2019-08-10T03:37:32.955" intervalms="1224.644" type="nursery" />
<cycle-start id="1053" type="scavenge" contextid="0" timestamp="2019-08-10T03:37:32.955" intervalms="1224.726" />
<gc-start id="1054" type="scavenge" contextid="1053" timestamp="2019-08-10T03:37:32.956">
  <mem-info id="1055" free="4192401312" total="4203675648" percent="99">
    <mem type="nursery" free="0" total="2228224" percent="0">
      <mem type="allocate" free="0" total="1966080" percent="0" />
      <mem type="survivor" free="0" total="262144" percent="0" />
    </mem>
    <mem type="tenure" free="4192401312" total="4201447424" percent="99">
      <mem type="soa" free="3982329760" total="3991375872" percent="99" />
      <mem type="loa" free="210071552" total="210071552" percent="100" />
    </mem>
    <remembered-set count="401" />
  </mem-info>
</gc-start>
<allocation-stats totalBytes="1818688" >
  <allocated-bytes non-tlh="24" tlh="1818664" />
  <largest-consumer threadName="node-16" threadId="0000000001B70900" bytes="90120" />
</allocation-stats>
<gc-op id="1056" type="scavenge" timems="3.054" contextid="1053" timestamp="2019-08-10T03:37:32.959">
  <scavenger-info tenureage="2" tenuremask="4004" tiltratio="88" />
  <memory-copied type="nursery" objects="3112" bytes="76400" bytesdiscarded="52624" />
  <memory-copied type="tenure" objects="1475" bytes="35400" bytesdiscarded="0" />
</gc-op>
<gc-end id="1057" type="scavenge" contextid="1053" durationms="3.870" usertimems="0.059" systemtimems="5.360" timestamp="2019-08-10T03:37:32.959" activeThreads="16">
  <mem-info id="1058" free="4194189984" total="4203675648" percent="99">
    <mem type="nursery" free="1837056" total="2228224" percent="82">
      <mem type="allocate" free="1837056" total="1966080" percent="93" />
      <mem type="survivor" free="0" total="262144" percent="0" />
    </mem>
    <mem type="tenure" free="4192352928" total="4201447424" percent="99" macro-fragmented="348889">
      <mem type="soa" free="3982281376" total="3991375872" percent="99" />
      <mem type="loa" free="210071552" total="210071552" percent="100" />
    </mem>
    <remembered-set count="330" />
  </mem-info>
</gc-end>
<cycle-end id="1059" type="scavenge" contextid="1053" timestamp="2019-08-10T03:37:32.959" />
  <attribute name="elasticGC enabled" value="1" />
  <attribute name= "numThreadsSpecified" value="16" />
  <attribute name="heapSize specified" value="8519680" />
  <attribute name="Current GC Util" value="0" />
  <attribute name= "Current Time Running" value="53102" />
  <attribute name ="GC Interval" value="200" />
  <attribute name="ProportionalT" value="-40.000000" />
  <attribute name="ProportionalI" value="-40.000000" />
  <attribute name="ProportionalH" value="-40.000000" />
  <attribute name="Current Error" value="-80.000000" />
  <attribute name="IntegralT" value="-49000.000000" />
  <attribute name="IntegralI" value="-49000.000000" />
  <attribute name="IntegralH" value="-49000.000000" />
  <attribute name="DerivativeT" value="-0.065306" />
  <attribute name="DerivativeI" value="-0.065306" />
  <attribute name="DerivativeH" value="-0.065306" />
  <attribute name="Loop Time for DT" value="1225.000000" />
  <attribute name="Output H" value="4203675648"/>
  <attribute name="Output I" value="200"/>
  <attribute name="Output T" value="16"/>
  <attribute name="Target GC Util Change" value ="80.000000" />
  <attribute name="Current GC Util Change" value="0.000000"/>
  <attribute name="GC Util currently" value="0" />
  <attribute name="CPU Util currently" value="16" />
<allocation-satisfied id="1060" threadId="0000000001B6CD00" bytesRequested="24" />
<af-end id="1061" timestamp="2019-08-10T03:37:32.960" threadId="0000000001B6D688" success="true" from="nursery"/>
<exclusive-end id="1062" timestamp="2019-08-10T03:37:32.960" durationms="4.324" />

<exclusive-start id="1063" timestamp="2019-08-10T03:37:33.780" intervalms="824.970">
  <response-info timems="0.183" idlems="0.183" threads="0" lastid="0000000001B69200" lastname="node-25" />
</exclusive-start>
<af-start id="1064" threadId="0000000001B69B88" totalBytesRequested="32" timestamp="2019-08-10T03:37:33.780" intervalms="824.968" type="nursery" />
<cycle-start id="1065" type="scavenge" contextid="0" timestamp="2019-08-10T03:37:33.780" intervalms="824.896" />
<gc-start id="1066" type="scavenge" contextid="1065" timestamp="2019-08-10T03:37:33.780">
  <mem-info id="1067" free="4192352928" total="4203675648" percent="99">
    <mem type="nursery" free="0" total="2228224" percent="0">
      <mem type="allocate" free="0" total="1966080" percent="0" />
      <mem type="survivor" free="0" total="262144" percent="0" />
    </mem>
    <mem type="tenure" free="4192352928" total="4201447424" percent="99">
      <mem type="soa" free="3982281376" total="3991375872" percent="99" />
      <mem type="loa" free="210071552" total="210071552" percent="100" />
    </mem>
    <remembered-set count="399" />
  </mem-info>
</gc-start>
<allocation-stats totalBytes="1835504" >
  <allocated-bytes non-tlh="24" tlh="1835480" />
  <largest-consumer threadName="node-7" threadId="0000000001B7BD00" bytes="90104" />
</allocation-stats>
<gc-op id="1068" type="scavenge" timems="5.377" contextid="1065" timestamp="2019-08-10T03:37:33.786">
  <scavenger-info tenureage="2" tenuremask="4004" tiltratio="88" />
  <memory-copied type="nursery" objects="2931" bytes="72056" bytesdiscarded="40840" />
  <memory-copied type="tenure" objects="1300" bytes="31200" bytesdiscarded="0" />
</gc-op>
<gc-end id="1069" type="scavenge" contextid="1065" durationms="5.978" usertimems="3.168" systemtimems="2.433" timestamp="2019-08-10T03:37:33.786" activeThreads="16">
  <mem-info id="1070" free="4194206112" total="4203675648" percent="99">
    <mem type="nursery" free="1853184" total="2228224" percent="83">
      <mem type="allocate" free="1853184" total="1966080" percent="94" />
      <mem type="survivor" free="0" total="262144" percent="0" />
    </mem>
    <mem type="tenure" free="4192352928" total="4201447424" percent="99" macro-fragmented="5375357">
      <mem type="soa" free="3982281376" total="3991375872" percent="99" />
      <mem type="loa" free="210071552" total="210071552" percent="100" />
    </mem>
    <remembered-set count="332" />
  </mem-info>
</gc-end>
<cycle-end id="1071" type="scavenge" contextid="1065" timestamp="2019-08-10T03:37:33.787" />
  <attribute name="elasticGC enabled" value="1" />
  <attribute name= "numThreadsSpecified" value="16" />
  <attribute name="heapSize specified" value="8519680" />
  <attribute name="Current GC Util" value="0" />
  <attribute name= "Current Time Running" value="53927" />
  <attribute name ="GC Interval" value="200" />
  <attribute name="ProportionalT" value="-40.000000" />
  <attribute name="ProportionalI" value="-40.000000" />
  <attribute name="ProportionalH" value="-40.000000" />
  <attribute name="Current Error" value="-80.000000" />
  <attribute name="IntegralT" value="-33000.000000" />
  <attribute name="IntegralI" value="-33000.000000" />
  <attribute name="IntegralH" value="-33000.000000" />
  <attribute name="DerivativeT" value="-0.096970" />
  <attribute name="DerivativeI" value="-0.096970" />
  <attribute name="DerivativeH" value="-0.096970" />
  <attribute name="Loop Time for DT" value="825.000000" />
  <attribute name="Output H" value="4203675648"/>
  <attribute name="Output I" value="200"/>
  <attribute name="Output T" value="16"/>
  <attribute name="Target GC Util Change" value ="80.000000" />
  <attribute name="Current GC Util Change" value="0.000000"/>
  <attribute name="GC Util currently" value="0" />
  <attribute name="CPU Util currently" value="15" />
<allocation-satisfied id="1072" threadId="0000000001B69200" bytesRequested="32" />
<af-end id="1073" timestamp="2019-08-10T03:37:33.787" threadId="0000000001B69B88" success="true" from="nursery"/>
<exclusive-end id="1074" timestamp="2019-08-10T03:37:33.787" durationms="6.447" />

<exclusive-start id="1075" timestamp="2019-08-10T03:37:34.399" intervalms="618.809">
  <response-info timems="0.023" idlems="0.023" threads="0" lastid="0000000001B6CD00" lastname="node-24" />
</exclusive-start>
<af-start id="1076" threadId="0000000001B6D688" totalBytesRequested="48" timestamp="2019-08-10T03:37:34.399" intervalms="618.773" type="nursery" />
<cycle-start id="1077" type="scavenge" contextid="0" timestamp="2019-08-10T03:37:34.399" intervalms="618.764" />
<gc-start id="1078" type="scavenge" contextid="1077" timestamp="2019-08-10T03:37:34.399">
  <mem-info id="1079" free="4192352928" total="4203675648" percent="99">
    <mem type="nursery" free="0" total="2228224" percent="0">
      <mem type="allocate" free="0" total="1966080" percent="0" />
      <mem type="survivor" free="0" total="262144" percent="0" />
    </mem>
    <mem type="tenure" free="4192352928" total="4201447424" percent="99">
      <mem type="soa" free="3982281376" total="3991375872" percent="99" />
      <mem type="loa" free="210071552" total="210071552" percent="100" />
    </mem>
    <remembered-set count="393" />
  </mem-info>
</gc-start>
<allocation-stats totalBytes="1852640" >
  <allocated-bytes non-tlh="32" tlh="1852608" />
  <largest-consumer threadName="node-25" threadId="0000000001B69200" bytes="90128" />
</allocation-stats>
<gc-op id="1080" type="scavenge" timems="0.982" contextid="1077" timestamp="2019-08-10T03:37:34.400">
  <scavenger-info tenureage="2" tenuremask="4004" tiltratio="88" />
  <memory-copied type="nursery" objects="2104" bytes="61184" bytesdiscarded="83968" />
  <memory-copied type="tenure" objects="1672" bytes="40128" bytesdiscarded="0" />
</gc-op>
<gc-end id="1081" type="scavenge" contextid="1077" durationms="1.322" usertimems="1.504" systemtimems="0.377" timestamp="2019-08-10T03:37:34.400" activeThreads="16">
  <mem-info id="1082" free="4194141600" total="4203675648" percent="99">
    <mem type="nursery" free="1820928" total="2228224" percent="81">
      <mem type="allocate" free="1820928" total="1966080" percent="92" />
      <mem type="survivor" free="0" total="262144" percent="0" />
    </mem>
    <mem type="tenure" free="4192320672" total="4201447424" percent="99" macro-fragmented="3732887">
      <mem type="soa" free="3982249120" total="3991375872" percent="99" />
      <mem type="loa" free="210071552" total="210071552" percent="100" />
    </mem>
    <remembered-set count="299" />
  </mem-info>
</gc-end>
<cycle-end id="1083" type="scavenge" contextid="1077" timestamp="2019-08-10T03:37:34.401" />
  <attribute name="elasticGC enabled" value="1" />
  <attribute name= "numThreadsSpecified" value="16" />
  <attribute name="heapSize specified" value="8519680" />
  <attribute name="Current GC Util" value="0" />
  <attribute name= "Current Time Running" value="54545" />
  <attribute name ="GC Interval" value="200" />
  <attribute name="ProportionalT" value="-40.000000" />
  <attribute name="ProportionalI" value="-40.000000" />
  <attribute name="ProportionalH" value="-40.000000" />
  <attribute name="Current Error" value="-80.000000" />
  <attribute name="IntegralT" value="-24720.000000" />
  <attribute name="IntegralI" value="-24720.000000" />
  <attribute name="IntegralH" value="-24720.000000" />
  <attribute name="DerivativeT" value="-0.129450" />
  <attribute name="DerivativeI" value="-0.129450" />
  <attribute name="DerivativeH" value="-0.129450" />
  <attribute name="Loop Time for DT" value="618.000000" />
  <attribute name="Output H" value="4203675648"/>
  <attribute name="Output I" value="200"/>
  <attribute name="Output T" value="16"/>
  <attribute name="Target GC Util Change" value ="80.000000" />
  <attribute name="Current GC Util Change" value="0.000000"/>
  <attribute name="GC Util currently" value="0" />
  <attribute name="CPU Util currently" value="13" />
<allocation-satisfied id="1084" threadId="0000000001B6CD00" bytesRequested="48" />
<af-end id="1085" timestamp="2019-08-10T03:37:34.401" threadId="0000000001B6D688" success="true" from="nursery"/>
<exclusive-end id="1086" timestamp="2019-08-10T03:37:34.401" durationms="1.536" />

<exclusive-start id="1087" timestamp="2019-08-10T03:37:35.402" intervalms="1002.551">
  <response-info timems="0.519" idlems="0.519" threads="0" lastid="0000000001B69200" lastname="node-25" />
</exclusive-start>
<af-start id="1088" threadId="0000000001B69B88" totalBytesRequested="32" timestamp="2019-08-10T03:37:35.402" intervalms="1002.564" type="nursery" />
<cycle-start id="1089" type="scavenge" contextid="0" timestamp="2019-08-10T03:37:35.402" intervalms="1002.563" />
<gc-start id="1090" type="scavenge" contextid="1089" timestamp="2019-08-10T03:37:35.402">
  <mem-info id="1091" free="4192320672" total="4203675648" percent="99">
    <mem type="nursery" free="0" total="2228224" percent="0">
      <mem type="allocate" free="0" total="1966080" percent="0" />
      <mem type="survivor" free="0" total="262144" percent="0" />
    </mem>
    <mem type="tenure" free="4192320672" total="4201447424" percent="99">
      <mem type="soa" free="3982249120" total="3991375872" percent="99" />
      <mem type="loa" free="210071552" total="210071552" percent="100" />
    </mem>
    <remembered-set count="394" />
  </mem-info>
</gc-start>
<allocation-stats totalBytes="1816584" >
  <allocated-bytes non-tlh="48" tlh="1816536" />
  <largest-consumer threadName="node-0" threadId="0000000001B7F900" bytes="90104" />
</allocation-stats>
<gc-op id="1092" type="scavenge" timems="2.298" contextid="1089" timestamp="2019-08-10T03:37:35.404">
  <scavenger-info tenureage="2" tenuremask="4004" tiltratio="88" />
  <memory-copied type="nursery" objects="2314" bytes="57248" bytesdiscarded="39520" />
  <memory-copied type="tenure" objects="1117" bytes="26808" bytesdiscarded="0" />
</gc-op>
<gc-end id="1093" type="scavenge" contextid="1089" durationms="2.633" usertimems="2.178" systemtimems="3.053" timestamp="2019-08-10T03:37:35.404" activeThreads="16">
  <mem-info id="1094" free="4194173856" total="4203675648" percent="99">
    <mem type="nursery" free="1869312" total="2228224" percent="83">
      <mem type="allocate" free="1869312" total="1966080" percent="95" />
      <mem type="survivor" free="0" total="262144" percent="0" />
    </mem>
    <mem type="tenure" free="4192304544" total="4201447424" percent="99" macro-fragmented="0">
      <mem type="soa" free="3982232992" total="3991375872" percent="99" />
      <mem type="loa" free="210071552" total="210071552" percent="100" />
    </mem>
    <remembered-set count="325" />
  </mem-info>
</gc-end>
<cycle-end id="1095" type="scavenge" contextid="1089" timestamp="2019-08-10T03:37:35.404" />
  <attribute name="elasticGC enabled" value="1" />
  <attribute name= "numThreadsSpecified" value="16" />
  <attribute name="heapSize specified" value="8519680" />
  <attribute name="Current GC Util" value="0" />
  <attribute name= "Current Time Running" value="55548" />
  <attribute name ="GC Interval" value="200" />
  <attribute name="ProportionalT" value="-40.000000" />
  <attribute name="ProportionalI" value="-40.000000" />
  <attribute name="ProportionalH" value="-40.000000" />
  <attribute name="Current Error" value="-80.000000" />
  <attribute name="IntegralT" value="-40120.000000" />
  <attribute name="IntegralI" value="-40120.000000" />
  <attribute name="IntegralH" value="-40120.000000" />
  <attribute name="DerivativeT" value="-0.079761" />
  <attribute name="DerivativeI" value="-0.079761" />
  <attribute name="DerivativeH" value="-0.079761" />
  <attribute name="Loop Time for DT" value="1003.000000" />
  <attribute name="Output H" value="4203675648"/>
  <attribute name="Output I" value="200"/>
  <attribute name="Output T" value="16"/>
  <attribute name="Target GC Util Change" value ="80.000000" />
  <attribute name="Current GC Util Change" value="0.000000"/>
  <attribute name="GC Util currently" value="0" />
  <attribute name="CPU Util currently" value="16" />
<allocation-satisfied id="1096" threadId="0000000001B69200" bytesRequested="32" />
<af-end id="1097" timestamp="2019-08-10T03:37:35.404" threadId="0000000001B69B88" success="true" from="nursery"/>
<exclusive-end id="1098" timestamp="2019-08-10T03:37:35.404" durationms="2.865" />

<exclusive-start id="1099" timestamp="2019-08-10T03:37:36.064" intervalms="662.693">
  <response-info timems="0.219" idlems="0.219" threads="0" lastid="0000000001B56600" lastname="node-5" />
</exclusive-start>
<af-start id="1100" threadId="0000000001B56F88" totalBytesRequested="32" timestamp="2019-08-10T03:37:36.064" intervalms="662.715" type="nursery" />
<cycle-start id="1101" type="scavenge" contextid="0" timestamp="2019-08-10T03:37:36.064" intervalms="662.720" />
<gc-start id="1102" type="scavenge" contextid="1101" timestamp="2019-08-10T03:37:36.064">
  <mem-info id="1103" free="4192304544" total="4203675648" percent="99">
    <mem type="nursery" free="0" total="2228224" percent="0">
      <mem type="allocate" free="0" total="1966080" percent="0" />
      <mem type="survivor" free="0" total="262144" percent="0" />
    </mem>
    <mem type="tenure" free="4192304544" total="4201447424" percent="99">
      <mem type="soa" free="3982232992" total="3991375872" percent="99" />
      <mem type="loa" free="210071552" total="210071552" percent="100" />
    </mem>
    <remembered-set count="392" />
  </mem-info>
</gc-start>
<allocation-stats totalBytes="1867408" >
  <allocated-bytes non-tlh="32" tlh="1867376" />
  <largest-consumer threadName="node-2" threadId="0000000001B5A200" bytes="90104" />
</allocation-stats>
<gc-op id="1104" type="scavenge" timems="6.052" contextid="1101" timestamp="2019-08-10T03:37:36.071">
  <scavenger-info tenureage="2" tenuremask="4004" tiltratio="88" />
  <memory-copied type="nursery" objects="2307" bytes="57080" bytesdiscarded="23560" />
  <memory-copied type="tenure" objects="831" bytes="19944" bytesdiscarded="0" />
</gc-op>
<gc-end id="1105" type="scavenge" contextid="1101" durationms="6.648" usertimems="7.764" systemtimems="12.888" timestamp="2019-08-10T03:37:36.071" activeThreads="16">
  <mem-info id="1106" free="4194173856" total="4203675648" percent="99">
    <mem type="nursery" free="1885440" total="2228224" percent="84">
      <mem type="allocate" free="1885440" total="1966080" percent="95" />
      <mem type="survivor" free="0" total="262144" percent="0" />
    </mem>
    <mem type="tenure" free="4192288416" total="4201447424" percent="99" macro-fragmented="0">
      <mem type="soa" free="3982216864" total="3991375872" percent="99" />
      <mem type="loa" free="210071552" total="210071552" percent="100" />
    </mem>
    <remembered-set count="326" />
  </mem-info>
</gc-end>
<cycle-end id="1107" type="scavenge" contextid="1101" timestamp="2019-08-10T03:37:36.071" />
  <attribute name="elasticGC enabled" value="1" />
  <attribute name= "numThreadsSpecified" value="16" />
  <attribute name="heapSize specified" value="8519680" />
  <attribute name="Current GC Util" value="0" />
  <attribute name= "Current Time Running" value="56211" />
  <attribute name ="GC Interval" value="200" />
  <attribute name="ProportionalT" value="-40.000000" />
  <attribute name="ProportionalI" value="-40.000000" />
  <attribute name="ProportionalH" value="-40.000000" />
  <attribute name="Current Error" value="-80.000000" />
  <attribute name="IntegralT" value="-26520.000000" />
  <attribute name="IntegralI" value="-26520.000000" />
  <attribute name="IntegralH" value="-26520.000000" />
  <attribute name="DerivativeT" value="-0.120664" />
  <attribute name="DerivativeI" value="-0.120664" />
  <attribute name="DerivativeH" value="-0.120664" />
  <attribute name="Loop Time for DT" value="663.000000" />
  <attribute name="Output H" value="4203675648"/>
  <attribute name="Output I" value="200"/>
  <attribute name="Output T" value="16"/>
  <attribute name="Target GC Util Change" value ="80.000000" />
  <attribute name="Current GC Util Change" value="0.000000"/>
  <attribute name="GC Util currently" value="0" />
  <attribute name="CPU Util currently" value="14" />
<allocation-satisfied id="1108" threadId="0000000001B56600" bytesRequested="32" />
<af-end id="1109" timestamp="2019-08-10T03:37:36.071" threadId="0000000001B56F88" success="true" from="nursery"/>
<exclusive-end id="1110" timestamp="2019-08-10T03:37:36.071" durationms="6.876" />

<exclusive-start id="1111" timestamp="2019-08-10T03:37:36.984" intervalms="919.351">
  <response-info timems="0.344" idlems="0.344" threads="0" lastid="0000000001B61A00" lastname="node-3" />
</exclusive-start>
<af-start id="1112" threadId="0000000001B62388" totalBytesRequested="24" timestamp="2019-08-10T03:37:36.984" intervalms="919.328" type="nursery" />
<cycle-start id="1113" type="scavenge" contextid="0" timestamp="2019-08-10T03:37:36.984" intervalms="919.332" />
<gc-start id="1114" type="scavenge" contextid="1113" timestamp="2019-08-10T03:37:36.984">
  <mem-info id="1115" free="4192288416" total="4203675648" percent="99">
    <mem type="nursery" free="0" total="2228224" percent="0">
      <mem type="allocate" free="0" total="1966080" percent="0" />
      <mem type="survivor" free="0" total="262144" percent="0" />
    </mem>
    <mem type="tenure" free="4192288416" total="4201447424" percent="99">
      <mem type="soa" free="3982216864" total="3991375872" percent="99" />
      <mem type="loa" free="210071552" total="210071552" percent="100" />
    </mem>
    <remembered-set count="394" />
  </mem-info>
</gc-start>
<allocation-stats totalBytes="1883904" >
  <allocated-bytes non-tlh="32" tlh="1883872" />
  <largest-consumer threadName="node-9" threadId="0000000001B4B200" bytes="90112" />
</allocation-stats>
<gc-op id="1116" type="scavenge" timems="3.585" contextid="1113" timestamp="2019-08-10T03:37:36.988">
  <scavenger-info tenureage="2" tenuremask="4004" tiltratio="88" />
  <memory-copied type="nursery" objects="1926" bytes="48000" bytesdiscarded="16512" />
  <memory-copied type="tenure" objects="1341" bytes="32184" bytesdiscarded="72" />
</gc-op>
<gc-end id="1117" type="scavenge" contextid="1113" durationms="4.383" usertimems="6.046" systemtimems="1.575" timestamp="2019-08-10T03:37:36.988" activeThreads="16">
  <mem-info id="1118" free="4194157728" total="4203675648" percent="99">
    <mem type="nursery" free="1901568" total="2228224" percent="85">
      <mem type="allocate" free="1901568" total="1966080" percent="96" />
      <mem type="survivor" free="0" total="262144" percent="0" />
    </mem>
    <mem type="tenure" free="4192256160" total="4201447424" percent="99" macro-fragmented="0">
      <mem type="soa" free="3982184608" total="3991375872" percent="99" />
      <mem type="loa" free="210071552" total="210071552" percent="100" />
    </mem>
    <remembered-set count="323" />
  </mem-info>
</gc-end>
<cycle-end id="1119" type="scavenge" contextid="1113" timestamp="2019-08-10T03:37:36.988" />
  <attribute name="elasticGC enabled" value="1" />
  <attribute name= "numThreadsSpecified" value="16" />
  <attribute name="heapSize specified" value="8519680" />
  <attribute name="Current GC Util" value="1" />
  <attribute name= "Current Time Running" value="57130" />
  <attribute name ="GC Interval" value="200" />
  <attribute name="ProportionalT" value="-39.500000" />
  <attribute name="ProportionalI" value="-39.500000" />
  <attribute name="ProportionalH" value="-39.500000" />
  <attribute name="Current Error" value="-79.000000" />
  <attribute name="IntegralT" value="-36300.500000" />
  <attribute name="IntegralI" value="-36300.500000" />
  <attribute name="IntegralH" value="-36300.500000" />
  <attribute name="DerivativeT" value="-0.085963" />
  <attribute name="DerivativeI" value="-0.085963" />
  <attribute name="DerivativeH" value="-0.085963" />
  <attribute name="Loop Time for DT" value="919.000000" />
  <attribute name="Output H" value="4203675648"/>
  <attribute name="Output I" value="200"/>
  <attribute name="Output T" value="16"/>
  <attribute name="Target GC Util Change" value ="80.000000" />
  <attribute name="Current GC Util Change" value="1.000000"/>
  <attribute name="GC Util currently" value="1" />
  <attribute name="CPU Util currently" value="15" />
<allocation-satisfied id="1120" threadId="0000000001B61A00" bytesRequested="24" />
<af-end id="1121" timestamp="2019-08-10T03:37:36.988" threadId="0000000001B62388" success="true" from="nursery"/>
<exclusive-end id="1122" timestamp="2019-08-10T03:37:36.988" durationms="4.767" />

<exclusive-start id="1123" timestamp="2019-08-10T03:37:37.801" intervalms="817.569">
  <response-info timems="0.843" idlems="0.690" threads="1" lastid="0000000001B61A00" lastname="node-3" />
</exclusive-start>
<af-start id="1124" threadId="0000000001B78A88" totalBytesRequested="16" timestamp="2019-08-10T03:37:37.801" intervalms="817.583" type="nursery" />
<cycle-start id="1125" type="scavenge" contextid="0" timestamp="2019-08-10T03:37:37.801" intervalms="817.583" />
<gc-start id="1126" type="scavenge" contextid="1125" timestamp="2019-08-10T03:37:37.801">
  <mem-info id="1127" free="4192256160" total="4203675648" percent="99">
    <mem type="nursery" free="0" total="2228224" percent="0">
      <mem type="allocate" free="0" total="1966080" percent="0" />
      <mem type="survivor" free="0" total="262144" percent="0" />
    </mem>
    <mem type="tenure" free="4192256160" total="4201447424" percent="99">
      <mem type="soa" free="3982184608" total="3991375872" percent="99" />
      <mem type="loa" free="210071552" total="210071552" percent="100" />
    </mem>
    <remembered-set count="386" />
  </mem-info>
</gc-start>
<allocation-stats totalBytes="1899920" >
  <allocated-bytes non-tlh="24" tlh="1899896" />
  <largest-consumer threadName="node-3" threadId="0000000001B61A00" bytes="90120" />
</allocation-stats>
<gc-op id="1128" type="scavenge" timems="1.453" contextid="1125" timestamp="2019-08-10T03:37:37.803">
  <scavenger-info tenureage="2" tenuremask="4004" tiltratio="88" />
  <memory-copied type="nursery" objects="2322" bytes="69608" bytesdiscarded="43288" />
  <memory-copied type="tenure" objects="824" bytes="19776" bytesdiscarded="0" />
</gc-op>
<gc-end id="1129" type="scavenge" contextid="1125" durationms="1.995" usertimems="4.403" systemtimems="0.903" timestamp="2019-08-10T03:37:37.803" activeThreads="16">
  <mem-info id="1130" free="4194093216" total="4203675648" percent="99">
    <mem type="nursery" free="1853184" total="2228224" percent="83">
      <mem type="allocate" free="1853184" total="1966080" percent="94" />
      <mem type="survivor" free="0" total="262144" percent="0" />
    </mem>
    <mem type="tenure" free="4192240032" total="4201447424" percent="99" macro-fragmented="0">
      <mem type="soa" free="3982168480" total="3991375872" percent="99" />
      <mem type="loa" free="210071552" total="210071552" percent="100" />
    </mem>
    <remembered-set count="301" />
  </mem-info>
</gc-end>
<cycle-end id="1131" type="scavenge" contextid="1125" timestamp="2019-08-10T03:37:37.803" />
  <attribute name="elasticGC enabled" value="1" />
  <attribute name= "numThreadsSpecified" value="16" />
  <attribute name="heapSize specified" value="8519680" />
  <attribute name="Current GC Util" value="0" />
  <attribute name= "Current Time Running" value="57948" />
  <attribute name ="GC Interval" value="200" />
  <attribute name="ProportionalT" value="-40.000000" />
  <attribute name="ProportionalI" value="-40.000000" />
  <attribute name="ProportionalH" value="-40.000000" />
  <attribute name="Current Error" value="-80.000000" />
  <attribute name="IntegralT" value="-32720.000000" />
  <attribute name="IntegralI" value="-32720.000000" />
  <attribute name="IntegralH" value="-32720.000000" />
  <attribute name="DerivativeT" value="-0.097800" />
  <attribute name="DerivativeI" value="-0.097800" />
  <attribute name="DerivativeH" value="-0.097800" />
  <attribute name="Loop Time for DT" value="818.000000" />
  <attribute name="Output H" value="4203675648"/>
  <attribute name="Output I" value="200"/>
  <attribute name="Output T" value="16"/>
  <attribute name="Target GC Util Change" value ="80.000000" />
  <attribute name="Current GC Util Change" value="0.000000"/>
  <attribute name="GC Util currently" value="0" />
  <attribute name="CPU Util currently" value="15" />
<allocation-satisfied id="1132" threadId="0000000001B78100" bytesRequested="16" />
<af-end id="1133" timestamp="2019-08-10T03:37:37.803" threadId="0000000001B78A88" success="true" from="nursery"/>
<exclusive-end id="1134" timestamp="2019-08-10T03:37:37.803" durationms="2.263" />

<exclusive-start id="1135" timestamp="2019-08-10T03:37:39.215" intervalms="1414.045">
  <response-info timems="0.027" idlems="0.027" threads="0" lastid="0000000001B34B00" lastname="node-23" />
</exclusive-start>
<af-start id="1136" threadId="0000000001B35488" totalBytesRequested="32" timestamp="2019-08-10T03:37:39.215" intervalms="1414.018" type="nursery" />
<cycle-start id="1137" type="scavenge" contextid="0" timestamp="2019-08-10T03:37:39.215" intervalms="1414.012" />
<gc-start id="1138" type="scavenge" contextid="1137" timestamp="2019-08-10T03:37:39.215">
  <mem-info id="1139" free="4192240032" total="4203675648" percent="99">
    <mem type="nursery" free="0" total="2228224" percent="0">
      <mem type="allocate" free="0" total="1966080" percent="0" />
      <mem type="survivor" free="0" total="262144" percent="0" />
    </mem>
    <mem type="tenure" free="4192240032" total="4201447424" percent="99">
      <mem type="soa" free="3982168480" total="3991375872" percent="99" />
      <mem type="loa" free="210071552" total="210071552" percent="100" />
    </mem>
    <remembered-set count="396" />
  </mem-info>
</gc-start>
<allocation-stats totalBytes="1852248" >
  <allocated-bytes non-tlh="16" tlh="1852232" />
  <largest-consumer threadName="node-10" threadId="0000000001B29700" bytes="90112" />
</allocation-stats>
<gc-op id="1140" type="scavenge" timems="7.238" contextid="1137" timestamp="2019-08-10T03:37:39.223">
  <scavenger-info tenureage="2" tenuremask="4004" tiltratio="88" />
  <memory-copied type="nursery" objects="3092" bytes="75920" bytesdiscarded="20848" />
  <memory-copied type="tenure" objects="955" bytes="22920" bytesdiscarded="16" />
</gc-op>
<gc-end id="1141" type="scavenge" contextid="1137" durationms="8.120" usertimems="6.764" systemtimems="12.215" timestamp="2019-08-10T03:37:39.223" activeThreads="16">
  <mem-info id="1142" free="4194077088" total="4203675648" percent="99">
    <mem type="nursery" free="1869312" total="2228224" percent="83">
      <mem type="allocate" free="1869312" total="1966080" percent="95" />
      <mem type="survivor" free="0" total="262144" percent="0" />
    </mem>
    <mem type="tenure" free="4192207776" total="4201447424" percent="99" macro-fragmented="0">
      <mem type="soa" free="3982136224" total="3991375872" percent="99" />
      <mem type="loa" free="210071552" total="210071552" percent="100" />
    </mem>
    <remembered-set count="330" />
  </mem-info>
</gc-end>
<cycle-end id="1143" type="scavenge" contextid="1137" timestamp="2019-08-10T03:37:39.224" />
  <attribute name="elasticGC enabled" value="1" />
  <attribute name= "numThreadsSpecified" value="16" />
  <attribute name="heapSize specified" value="8519680" />
  <attribute name="Current GC Util" value="0" />
  <attribute name= "Current Time Running" value="59362" />
  <attribute name ="GC Interval" value="200" />
  <attribute name="ProportionalT" value="-40.000000" />
  <attribute name="ProportionalI" value="-40.000000" />
  <attribute name="ProportionalH" value="-40.000000" />
  <attribute name="Current Error" value="-80.000000" />
  <attribute name="IntegralT" value="-56560.000000" />
  <attribute name="IntegralI" value="-56560.000000" />
  <attribute name="IntegralH" value="-56560.000000" />
  <attribute name="DerivativeT" value="-0.056577" />
  <attribute name="DerivativeI" value="-0.056577" />
  <attribute name="DerivativeH" value="-0.056577" />
  <attribute name="Loop Time for DT" value="1414.000000" />
  <attribute name="Output H" value="4203675648"/>
  <attribute name="Output I" value="200"/>
  <attribute name="Output T" value="16"/>
  <attribute name="Target GC Util Change" value ="80.000000" />
  <attribute name="Current GC Util Change" value="0.000000"/>
  <attribute name="GC Util currently" value="0" />
  <attribute name="CPU Util currently" value="17" />
<allocation-satisfied id="1144" threadId="0000000001B34B00" bytesRequested="32" />
<af-end id="1145" timestamp="2019-08-10T03:37:39.224" threadId="0000000001B35488" success="true" from="nursery"/>
<exclusive-end id="1146" timestamp="2019-08-10T03:37:39.224" durationms="8.766" />

<exclusive-start id="1147" timestamp="2019-08-10T03:37:39.957" intervalms="741.482">
  <response-info timems="0.248" idlems="0.248" threads="0" lastid="0000000001B56600" lastname="node-5" />
</exclusive-start>
<af-start id="1148" threadId="0000000001B56F88" totalBytesRequested="32" timestamp="2019-08-10T03:37:39.957" intervalms="741.498" type="nursery" />
<cycle-start id="1149" type="scavenge" contextid="0" timestamp="2019-08-10T03:37:39.957" intervalms="741.659" />
<gc-start id="1150" type="scavenge" contextid="1149" timestamp="2019-08-10T03:37:39.957">
  <mem-info id="1151" free="4192207776" total="4203675648" percent="99">
    <mem type="nursery" free="0" total="2228224" percent="0">
      <mem type="allocate" free="0" total="1966080" percent="0" />
      <mem type="survivor" free="0" total="262144" percent="0" />
    </mem>
    <mem type="tenure" free="4192207776" total="4201447424" percent="99">
      <mem type="soa" free="3982136224" total="3991375872" percent="99" />
      <mem type="loa" free="210071552" total="210071552" percent="100" />
    </mem>
    <remembered-set count="395" />
  </mem-info>
</gc-start>
<allocation-stats totalBytes="1866800" >
  <allocated-bytes non-tlh="32" tlh="1866768" />
  <largest-consumer threadName="node-10" threadId="0000000001B29700" bytes="90104" />
</allocation-stats>
<gc-op id="1152" type="scavenge" timems="2.657" contextid="1149" timestamp="2019-08-10T03:37:39.960">
  <scavenger-info tenureage="2" tenuremask="4004" tiltratio="88" />
  <memory-copied type="nursery" objects="2814" bytes="69248" bytesdiscarded="59776" />
  <memory-copied type="tenure" objects="1192" bytes="28608" bytesdiscarded="0" />
</gc-op>
<gc-end id="1153" type="scavenge" contextid="1149" durationms="3.484" usertimems="3.849" systemtimems="5.060" timestamp="2019-08-10T03:37:39.961" activeThreads="16">
  <mem-info id="1154" free="4194012576" total="4203675648" percent="99">
    <mem type="nursery" free="1837056" total="2228224" percent="82">
      <mem type="allocate" free="1837056" total="1966080" percent="93" />
      <mem type="survivor" free="0" total="262144" percent="0" />
    </mem>
    <mem type="tenure" free="4192175520" total="4201447424" percent="99" macro-fragmented="0">
      <mem type="soa" free="3982103968" total="3991375872" percent="99" />
      <mem type="loa" free="210071552" total="210071552" percent="100" />
    </mem>
    <remembered-set count="329" />
  </mem-info>
</gc-end>
<cycle-end id="1155" type="scavenge" contextid="1149" timestamp="2019-08-10T03:37:39.961" />
  <attribute name="elasticGC enabled" value="1" />
  <attribute name= "numThreadsSpecified" value="16" />
  <attribute name="heapSize specified" value="8519680" />
  <attribute name="Current GC Util" value="1" />
  <attribute name= "Current Time Running" value="60103" />
  <attribute name ="GC Interval" value="200" />
  <attribute name="ProportionalT" value="-39.500000" />
  <attribute name="ProportionalI" value="-39.500000" />
  <attribute name="ProportionalH" value="-39.500000" />
  <attribute name="Current Error" value="-79.000000" />
  <attribute name="IntegralT" value="-29269.500000" />
  <attribute name="IntegralI" value="-29269.500000" />
  <attribute name="IntegralH" value="-29269.500000" />
  <attribute name="DerivativeT" value="-0.106613" />
  <attribute name="DerivativeI" value="-0.106613" />
  <attribute name="DerivativeH" value="-0.106613" />
  <attribute name="Loop Time for DT" value="741.000000" />
  <attribute name="Output H" value="4203675648"/>
  <attribute name="Output I" value="200"/>
  <attribute name="Output T" value="16"/>
  <attribute name="Target GC Util Change" value ="80.000000" />
  <attribute name="Current GC Util Change" value="1.000000"/>
  <attribute name="GC Util currently" value="1" />
  <attribute name="CPU Util currently" value="14" />
<allocation-satisfied id="1156" threadId="0000000001B56600" bytesRequested="32" />
<af-end id="1157" timestamp="2019-08-10T03:37:39.961" threadId="0000000001B56F88" success="true" from="nursery"/>
<exclusive-end id="1158" timestamp="2019-08-10T03:37:39.961" durationms="3.953" />

<exclusive-start id="1159" timestamp="2019-08-10T03:37:40.930" intervalms="972.952">
  <response-info timems="0.025" idlems="0.025" threads="0" lastid="0000000001B87100" lastname="node-19" />
</exclusive-start>
<af-start id="1160" threadId="0000000001B87A88" totalBytesRequested="32" timestamp="2019-08-10T03:37:40.930" intervalms="973.043" type="nursery" />
<cycle-start id="1161" type="scavenge" contextid="0" timestamp="2019-08-10T03:37:40.930" intervalms="972.884" />
<gc-start id="1162" type="scavenge" contextid="1161" timestamp="2019-08-10T03:37:40.930">
  <mem-info id="1163" free="4192175520" total="4203675648" percent="99">
    <mem type="nursery" free="0" total="2228224" percent="0">
      <mem type="allocate" free="0" total="1966080" percent="0" />
      <mem type="survivor" free="0" total="262144" percent="0" />
    </mem>
    <mem type="tenure" free="4192175520" total="4201447424" percent="99">
      <mem type="soa" free="3982103968" total="3991375872" percent="99" />
      <mem type="loa" free="210071552" total="210071552" percent="100" />
    </mem>
    <remembered-set count="398" />
  </mem-info>
</gc-start>
<allocation-stats totalBytes="1834728" >
  <allocated-bytes non-tlh="32" tlh="1834696" />
  <largest-consumer threadName="node-20" threadId="0000000001B83500" bytes="90112" />
</allocation-stats>
<gc-op id="1164" type="scavenge" timems="3.072" contextid="1161" timestamp="2019-08-10T03:37:40.933">
  <scavenger-info tenureage="2" tenuremask="4004" tiltratio="88" />
  <memory-copied type="nursery" objects="2335" bytes="57752" bytesdiscarded="39016" />
  <memory-copied type="tenure" objects="1758" bytes="42192" bytesdiscarded="0" />
</gc-op>
<gc-end id="1165" type="scavenge" contextid="1161" durationms="3.355" usertimems="2.107" systemtimems="1.559" timestamp="2019-08-10T03:37:40.933" activeThreads="16">
  <mem-info id="1166" free="4193996448" total="4203675648" percent="99">
    <mem type="nursery" free="1869312" total="2228224" percent="83">
      <mem type="allocate" free="1869312" total="1966080" percent="95" />
      <mem type="survivor" free="0" total="262144" percent="0" />
    </mem>
    <mem type="tenure" free="4192127136" total="4201447424" percent="99" macro-fragmented="0">
      <mem type="soa" free="3982055584" total="3991375872" percent="99" />
      <mem type="loa" free="210071552" total="210071552" percent="100" />
    </mem>
    <remembered-set count="327" />
  </mem-info>
</gc-end>
<cycle-end id="1167" type="scavenge" contextid="1161" timestamp="2019-08-10T03:37:40.933" />
  <attribute name="elasticGC enabled" value="1" />
  <attribute name= "numThreadsSpecified" value="16" />
  <attribute name="heapSize specified" value="8519680" />
  <attribute name="Current GC Util" value="0" />
  <attribute name= "Current Time Running" value="61076" />
  <attribute name ="GC Interval" value="200" />
  <attribute name="ProportionalT" value="-40.000000" />
  <attribute name="ProportionalI" value="-40.000000" />
  <attribute name="ProportionalH" value="-40.000000" />
  <attribute name="Current Error" value="-80.000000" />
  <attribute name="IntegralT" value="-38920.000000" />
  <attribute name="IntegralI" value="-38920.000000" />
  <attribute name="IntegralH" value="-38920.000000" />
  <attribute name="DerivativeT" value="-0.082220" />
  <attribute name="DerivativeI" value="-0.082220" />
  <attribute name="DerivativeH" value="-0.082220" />
  <attribute name="Loop Time for DT" value="973.000000" />
  <attribute name="Output H" value="4203675648"/>
  <attribute name="Output I" value="200"/>
  <attribute name="Output T" value="16"/>
  <attribute name="Target GC Util Change" value ="80.000000" />
  <attribute name="Current GC Util Change" value="0.000000"/>
  <attribute name="GC Util currently" value="0" />
  <attribute name="CPU Util currently" value="15" />
<allocation-satisfied id="1168" threadId="0000000001B87100" bytesRequested="32" />
<af-end id="1169" timestamp="2019-08-10T03:37:40.933" threadId="0000000001B87A88" success="true" from="nursery"/>
<exclusive-end id="1170" timestamp="2019-08-10T03:37:40.933" durationms="3.701" />

<exclusive-start id="1171" timestamp="2019-08-10T03:37:41.631" intervalms="701.569">
  <response-info timems="0.130" idlems="0.130" threads="0" lastid="0000000001B52A00" lastname="node-6" />
</exclusive-start>
<af-start id="1172" threadId="0000000001B53388" totalBytesRequested="16" timestamp="2019-08-10T03:37:41.631" intervalms="701.480" type="nursery" />
<cycle-start id="1173" type="scavenge" contextid="0" timestamp="2019-08-10T03:37:41.631" intervalms="701.478" />
<gc-start id="1174" type="scavenge" contextid="1173" timestamp="2019-08-10T03:37:41.631">
  <mem-info id="1175" free="4192127136" total="4203675648" percent="99">
    <mem type="nursery" free="0" total="2228224" percent="0">
      <mem type="allocate" free="0" total="1966080" percent="0" />
      <mem type="survivor" free="0" total="262144" percent="0" />
    </mem>
    <mem type="tenure" free="4192127136" total="4201447424" percent="99">
      <mem type="soa" free="3982055584" total="3991375872" percent="99" />
      <mem type="loa" free="210071552" total="210071552" percent="100" />
    </mem>
    <remembered-set count="394" />
  </mem-info>
</gc-start>
<allocation-stats totalBytes="1865856" >
  <allocated-bytes non-tlh="32" tlh="1865824" />
  <largest-consumer threadName="node-13" threadId="0000000001B78100" bytes="90112" />
</allocation-stats>
<gc-op id="1176" type="scavenge" timems="2.447" contextid="1173" timestamp="2019-08-10T03:37:41.634">
  <scavenger-info tenureage="2" tenuremask="4004" tiltratio="88" />
  <memory-copied type="nursery" objects="2385" bytes="63800" bytesdiscarded="16840" />
  <memory-copied type="tenure" objects="914" bytes="21936" bytesdiscarded="0" />
</gc-op>
<gc-end id="1177" type="scavenge" contextid="1173" durationms="2.936" usertimems="7.333" systemtimems="0.000" timestamp="2019-08-10T03:37:41.634" activeThreads="16">
  <mem-info id="1178" free="4193988768" total="4203675648" percent="99">
    <mem type="nursery" free="1885440" total="2228224" percent="84">
      <mem type="allocate" free="1885440" total="1966080" percent="95" />
      <mem type="survivor" free="0" total="262144" percent="0" />
    </mem>
    <mem type="tenure" free="4192103328" total="4201447424" percent="99" macro-fragmented="0">
      <mem type="soa" free="3982031776" total="3991375872" percent="99" />
      <mem type="loa" free="210071552" total="210071552" percent="100" />
    </mem>
    <remembered-set count="307" />
  </mem-info>
</gc-end>
<cycle-end id="1179" type="scavenge" contextid="1173" timestamp="2019-08-10T03:37:41.635" />
  <attribute name="elasticGC enabled" value="1" />
  <attribute name= "numThreadsSpecified" value="16" />
  <attribute name="heapSize specified" value="8519680" />
  <attribute name="Current GC Util" value="0" />
  <attribute name= "Current Time Running" value="61778" />
  <attribute name ="GC Interval" value="200" />
  <attribute name="ProportionalT" value="-40.000000" />
  <attribute name="ProportionalI" value="-40.000000" />
  <attribute name="ProportionalH" value="-40.000000" />
  <attribute name="Current Error" value="-80.000000" />
  <attribute name="IntegralT" value="-28080.000000" />
  <attribute name="IntegralI" value="-28080.000000" />
  <attribute name="IntegralH" value="-28080.000000" />
  <attribute name="DerivativeT" value="-0.113960" />
  <attribute name="DerivativeI" value="-0.113960" />
  <attribute name="DerivativeH" value="-0.113960" />
  <attribute name="Loop Time for DT" value="702.000000" />
  <attribute name="Output H" value="4203675648"/>
  <attribute name="Output I" value="200"/>
  <attribute name="Output T" value="16"/>
  <attribute name="Target GC Util Change" value ="80.000000" />
  <attribute name="Current GC Util Change" value="0.000000"/>
  <attribute name="GC Util currently" value="0" />
  <attribute name="CPU Util currently" value="13" />
<allocation-satisfied id="1180" threadId="0000000001B52A00" bytesRequested="16" />
<af-end id="1181" timestamp="2019-08-10T03:37:41.635" threadId="0000000001B53388" success="true" from="nursery"/>
<exclusive-end id="1182" timestamp="2019-08-10T03:37:41.635" durationms="3.331" />

<exclusive-start id="1183" timestamp="2019-08-10T03:37:42.444" intervalms="812.907">
  <response-info timems="0.093" idlems="0.093" threads="0" lastid="0000000001B5A200" lastname="node-2" />
</exclusive-start>
<af-start id="1184" threadId="0000000001B5AB88" totalBytesRequested="32" timestamp="2019-08-10T03:37:42.444" intervalms="812.997" type="nursery" />
<cycle-start id="1185" type="scavenge" contextid="0" timestamp="2019-08-10T03:37:42.444" intervalms="813.001" />
<gc-start id="1186" type="scavenge" contextid="1185" timestamp="2019-08-10T03:37:42.444">
  <mem-info id="1187" free="4192103328" total="4203675648" percent="99">
    <mem type="nursery" free="0" total="2228224" percent="0">
      <mem type="allocate" free="0" total="1966080" percent="0" />
      <mem type="survivor" free="0" total="262144" percent="0" />
    </mem>
    <mem type="tenure" free="4192103328" total="4201447424" percent="99">
      <mem type="soa" free="3982031776" total="3991375872" percent="99" />
      <mem type="loa" free="210071552" total="210071552" percent="100" />
    </mem>
    <remembered-set count="395" />
  </mem-info>
</gc-start>
<allocation-stats totalBytes="1881112" >
  <allocated-bytes non-tlh="16" tlh="1881096" />
  <largest-consumer threadName="node-7" threadId="0000000001B7BD00" bytes="90096" />
</allocation-stats>
<gc-op id="1188" type="scavenge" timems="2.175" contextid="1185" timestamp="2019-08-10T03:37:42.447">
  <scavenger-info tenureage="2" tenuremask="4004" tiltratio="88" />
  <memory-copied type="nursery" objects="2147" bytes="53240" bytesdiscarded="59656" />
  <memory-copied type="tenure" objects="1279" bytes="30696" bytesdiscarded="0" />
</gc-op>
<gc-end id="1189" type="scavenge" contextid="1185" durationms="3.277" usertimems="5.222" systemtimems="0.000" timestamp="2019-08-10T03:37:42.448" activeThreads="16">
  <mem-info id="1190" free="4193924256" total="4203675648" percent="99">
    <mem type="nursery" free="1853184" total="2228224" percent="83">
      <mem type="allocate" free="1853184" total="1966080" percent="94" />
      <mem type="survivor" free="0" total="262144" percent="0" />
    </mem>
    <mem type="tenure" free="4192071072" total="4201447424" percent="99" macro-fragmented="0">
      <mem type="soa" free="3981999520" total="3991375872" percent="99" />
      <mem type="loa" free="210071552" total="210071552" percent="100" />
    </mem>
    <remembered-set count="324" />
  </mem-info>
</gc-end>
<cycle-end id="1191" type="scavenge" contextid="1185" timestamp="2019-08-10T03:37:42.448" />
  <attribute name="elasticGC enabled" value="1" />
  <attribute name= "numThreadsSpecified" value="16" />
  <attribute name="heapSize specified" value="8519680" />
  <attribute name="Current GC Util" value="0" />
  <attribute name= "Current Time Running" value="62591" />
  <attribute name ="GC Interval" value="200" />
  <attribute name="ProportionalT" value="-40.000000" />
  <attribute name="ProportionalI" value="-40.000000" />
  <attribute name="ProportionalH" value="-40.000000" />
  <attribute name="Current Error" value="-80.000000" />
  <attribute name="IntegralT" value="-32520.000000" />
  <attribute name="IntegralI" value="-32520.000000" />
  <attribute name="IntegralH" value="-32520.000000" />
  <attribute name="DerivativeT" value="-0.098401" />
  <attribute name="DerivativeI" value="-0.098401" />
  <attribute name="DerivativeH" value="-0.098401" />
  <attribute name="Loop Time for DT" value="813.000000" />
  <attribute name="Output H" value="4203675648"/>
  <attribute name="Output I" value="200"/>
  <attribute name="Output T" value="16"/>
  <attribute name="Target GC Util Change" value ="80.000000" />
  <attribute name="Current GC Util Change" value="0.000000"/>
  <attribute name="GC Util currently" value="0" />
  <attribute name="CPU Util currently" value="15" />
<allocation-satisfied id="1192" threadId="0000000001B5A200" bytesRequested="32" />
<af-end id="1193" timestamp="2019-08-10T03:37:42.448" threadId="0000000001B5AB88" success="true" from="nursery"/>
<exclusive-end id="1194" timestamp="2019-08-10T03:37:42.448" durationms="4.105" />

<exclusive-start id="1195" timestamp="2019-08-10T03:37:43.229" intervalms="784.906">
  <response-info timems="0.213" idlems="0.213" threads="0" lastid="0000000001B4EE00" lastname="node-21" />
</exclusive-start>
<af-start id="1196" threadId="0000000001B4F788" totalBytesRequested="136" timestamp="2019-08-10T03:37:43.229" intervalms="784.833" type="nursery" />
<cycle-start id="1197" type="scavenge" contextid="0" timestamp="2019-08-10T03:37:43.229" intervalms="784.830" />
<gc-start id="1198" type="scavenge" contextid="1197" timestamp="2019-08-10T03:37:43.229">
  <mem-info id="1199" free="4192071072" total="4203675648" percent="99">
    <mem type="nursery" free="0" total="2228224" percent="0">
      <mem type="allocate" free="0" total="1966080" percent="0" />
      <mem type="survivor" free="0" total="262144" percent="0" />
    </mem>
    <mem type="tenure" free="4192071072" total="4201447424" percent="99">
      <mem type="soa" free="3981999520" total="3991375872" percent="99" />
      <mem type="loa" free="210071552" total="210071552" percent="100" />
    </mem>
    <remembered-set count="392" />
  </mem-info>
</gc-start>
<allocation-stats totalBytes="1849096" >
  <allocated-bytes non-tlh="32" tlh="1849064" />
  <largest-consumer threadName="node-7" threadId="0000000001B7BD00" bytes="90104" />
</allocation-stats>
<gc-op id="1200" type="scavenge" timems="4.330" contextid="1197" timestamp="2019-08-10T03:37:43.234">
  <scavenger-info tenureage="2" tenuremask="4004" tiltratio="88" />
  <memory-copied type="nursery" objects="2203" bytes="53688" bytesdiscarded="58440" />
  <memory-copied type="tenure" objects="948" bytes="22752" bytesdiscarded="8" />
</gc-op>
<gc-end id="1201" type="scavenge" contextid="1197" durationms="4.885" usertimems="4.273" systemtimems="4.521" timestamp="2019-08-10T03:37:43.234" activeThreads="16">
  <mem-info id="1202" free="4193885088" total="4203675648" percent="99">
    <mem type="nursery" free="1853952" total="2228224" percent="83">
      <mem type="allocate" free="1853952" total="1966080" percent="94" />
      <mem type="survivor" free="0" total="262144" percent="0" />
    </mem>
    <mem type="tenure" free="4192031136" total="4201447424" percent="99" macro-fragmented="97368">
      <mem type="soa" free="3981959584" total="3991375872" percent="99" />
      <mem type="loa" free="210071552" total="210071552" percent="100" />
    </mem>
    <remembered-set count="316" />
  </mem-info>
</gc-end>
<cycle-end id="1203" type="scavenge" contextid="1197" timestamp="2019-08-10T03:37:43.234" />
  <attribute name="elasticGC enabled" value="1" />
  <attribute name= "numThreadsSpecified" value="16" />
  <attribute name="heapSize specified" value="8519680" />
  <attribute name="Current GC Util" value="0" />
  <attribute name= "Current Time Running" value="63376" />
  <attribute name ="GC Interval" value="200" />
  <attribute name="ProportionalT" value="-40.000000" />
  <attribute name="ProportionalI" value="-40.000000" />
  <attribute name="ProportionalH" value="-40.000000" />
  <attribute name="Current Error" value="-80.000000" />
  <attribute name="IntegralT" value="-31400.000000" />
  <attribute name="IntegralI" value="-31400.000000" />
  <attribute name="IntegralH" value="-31400.000000" />
  <attribute name="DerivativeT" value="-0.101911" />
  <attribute name="DerivativeI" value="-0.101911" />
  <attribute name="DerivativeH" value="-0.101911" />
  <attribute name="Loop Time for DT" value="785.000000" />
  <attribute name="Output H" value="4203675648"/>
  <attribute name="Output I" value="200"/>
  <attribute name="Output T" value="16"/>
  <attribute name="Target GC Util Change" value ="80.000000" />
  <attribute name="Current GC Util Change" value="0.000000"/>
  <attribute name="GC Util currently" value="0" />
  <attribute name="CPU Util currently" value="14" />
<allocation-satisfied id="1204" threadId="0000000001B4EE00" bytesRequested="136" />
<af-end id="1205" timestamp="2019-08-10T03:37:43.234" threadId="0000000001B4F788" success="true" from="nursery"/>
<exclusive-end id="1206" timestamp="2019-08-10T03:37:43.234" durationms="5.328" />

<exclusive-start id="1207" timestamp="2019-08-10T03:37:44.009" intervalms="780.059">
  <response-info timems="0.113" idlems="0.113" threads="0" lastid="0000000001B7F900" lastname="node-0" />
</exclusive-start>
<af-start id="1208" threadId="0000000001B80288" totalBytesRequested="32" timestamp="2019-08-10T03:37:44.009" intervalms="780.028" type="nursery" />
<cycle-start id="1209" type="scavenge" contextid="0" timestamp="2019-08-10T03:37:44.009" intervalms="780.029" />
<gc-start id="1210" type="scavenge" contextid="1209" timestamp="2019-08-10T03:37:44.009">
  <mem-info id="1211" free="4192031136" total="4203675648" percent="99">
    <mem type="nursery" free="0" total="2228224" percent="0">
      <mem type="allocate" free="0" total="1966080" percent="0" />
      <mem type="survivor" free="0" total="262144" percent="0" />
    </mem>
    <mem type="tenure" free="4192031136" total="4201447424" percent="99">
      <mem type="soa" free="3981959584" total="3991375872" percent="99" />
      <mem type="loa" free="210071552" total="210071552" percent="100" />
    </mem>
    <remembered-set count="392" />
  </mem-info>
</gc-start>
<allocation-stats totalBytes="1852880" >
  <allocated-bytes non-tlh="136" tlh="1852744" />
  <largest-consumer threadName="node-21" threadId="0000000001B4EE00" bytes="90208" />
</allocation-stats>
<gc-op id="1212" type="scavenge" timems="3.088" contextid="1209" timestamp="2019-08-10T03:37:44.012">
  <scavenger-info tenureage="2" tenuremask="4004" tiltratio="88" />
  <memory-copied type="nursery" objects="2124" bytes="52688" bytesdiscarded="60208" />
  <memory-copied type="tenure" objects="1057" bytes="25368" bytesdiscarded="0" />
</gc-op>
<gc-end id="1213" type="scavenge" contextid="1209" durationms="3.719" usertimems="3.973" systemtimems="3.984" timestamp="2019-08-10T03:37:44.013" activeThreads="16">
  <mem-info id="1214" free="4193868192" total="4203675648" percent="99">
    <mem type="nursery" free="1853184" total="2228224" percent="83">
      <mem type="allocate" free="1853184" total="1966080" percent="94" />
      <mem type="survivor" free="0" total="262144" percent="0" />
    </mem>
    <mem type="tenure" free="4192015008" total="4201447424" percent="99" macro-fragmented="0">
      <mem type="soa" free="3981943456" total="3991375872" percent="99" />
      <mem type="loa" free="210071552" total="210071552" percent="100" />
    </mem>
    <remembered-set count="326" />
  </mem-info>
</gc-end>
<cycle-end id="1215" type="scavenge" contextid="1209" timestamp="2019-08-10T03:37:44.013" />
  <attribute name="elasticGC enabled" value="1" />
  <attribute name= "numThreadsSpecified" value="16" />
  <attribute name="heapSize specified" value="8519680" />
  <attribute name="Current GC Util" value="0" />
  <attribute name= "Current Time Running" value="64155" />
  <attribute name ="GC Interval" value="200" />
  <attribute name="ProportionalT" value="-40.000000" />
  <attribute name="ProportionalI" value="-40.000000" />
  <attribute name="ProportionalH" value="-40.000000" />
  <attribute name="Current Error" value="-80.000000" />
  <attribute name="IntegralT" value="-31160.000000" />
  <attribute name="IntegralI" value="-31160.000000" />
  <attribute name="IntegralH" value="-31160.000000" />
  <attribute name="DerivativeT" value="-0.102696" />
  <attribute name="DerivativeI" value="-0.102696" />
  <attribute name="DerivativeH" value="-0.102696" />
  <attribute name="Loop Time for DT" value="779.000000" />
  <attribute name="Output H" value="4203675648"/>
  <attribute name="Output I" value="200"/>
  <attribute name="Output T" value="16"/>
  <attribute name="Target GC Util Change" value ="80.000000" />
  <attribute name="Current GC Util Change" value="0.000000"/>
  <attribute name="GC Util currently" value="0" />
  <attribute name="CPU Util currently" value="14" />
<allocation-satisfied id="1216" threadId="0000000001B7F900" bytesRequested="32" />
<af-end id="1217" timestamp="2019-08-10T03:37:44.013" threadId="0000000001B80288" success="true" from="nursery"/>
<exclusive-end id="1218" timestamp="2019-08-10T03:37:44.013" durationms="3.945" />

<exclusive-start id="1219" timestamp="2019-08-10T03:37:44.576" intervalms="567.220">
  <response-info timems="0.034" idlems="0.034" threads="0" lastid="0000000001B52A00" lastname="node-6" />
</exclusive-start>
<af-start id="1220" threadId="0000000001B53388" totalBytesRequested="24" timestamp="2019-08-10T03:37:44.577" intervalms="567.330" type="nursery" />
<cycle-start id="1221" type="scavenge" contextid="0" timestamp="2019-08-10T03:37:44.577" intervalms="567.334" />
<gc-start id="1222" type="scavenge" contextid="1221" timestamp="2019-08-10T03:37:44.577">
  <mem-info id="1223" free="4192015008" total="4203675648" percent="99">
    <mem type="nursery" free="0" total="2228224" percent="0">
      <mem type="allocate" free="0" total="1966080" percent="0" />
      <mem type="survivor" free="0" total="262144" percent="0" />
    </mem>
    <mem type="tenure" free="4192015008" total="4201447424" percent="99">
      <mem type="soa" free="3981943456" total="3991375872" percent="99" />
      <mem type="loa" free="210071552" total="210071552" percent="100" />
    </mem>
    <remembered-set count="389" />
  </mem-info>
</gc-start>
<allocation-stats totalBytes="1851864" >
  <allocated-bytes non-tlh="32" tlh="1851832" />
  <largest-consumer threadName="node-7" threadId="0000000001B7BD00" bytes="90104" />
</allocation-stats>
<gc-op id="1224" type="scavenge" timems="4.036" contextid="1221" timestamp="2019-08-10T03:37:44.581">
  <scavenger-info tenureage="2" tenuremask="4004" tiltratio="88" />
  <memory-copied type="nursery" objects="1890" bytes="47128" bytesdiscarded="81896" />
  <memory-copied type="tenure" objects="1014" bytes="24336" bytesdiscarded="0" />
</gc-op>
<gc-end id="1225" type="scavenge" contextid="1221" durationms="4.826" usertimems="1.581" systemtimems="7.143" timestamp="2019-08-10T03:37:44.581" activeThreads="16">
  <mem-info id="1226" free="4193835936" total="4203675648" percent="99">
    <mem type="nursery" free="1837056" total="2228224" percent="82">
      <mem type="allocate" free="1837056" total="1966080" percent="93" />
      <mem type="survivor" free="0" total="262144" percent="0" />
    </mem>
    <mem type="tenure" free="4191998880" total="4201447424" percent="99" macro-fragmented="140211">
      <mem type="soa" free="3981927328" total="3991375872" percent="99" />
      <mem type="loa" free="210071552" total="210071552" percent="100" />
    </mem>
    <remembered-set count="321" />
  </mem-info>
</gc-end>
<cycle-end id="1227" type="scavenge" contextid="1221" timestamp="2019-08-10T03:37:44.581" />
  <attribute name="elasticGC enabled" value="1" />
  <attribute name= "numThreadsSpecified" value="16" />
  <attribute name="heapSize specified" value="8519680" />
  <attribute name="Current GC Util" value="0" />
  <attribute name= "Current Time Running" value="64723" />
  <attribute name ="GC Interval" value="200" />
  <attribute name="ProportionalT" value="-40.000000" />
  <attribute name="ProportionalI" value="-40.000000" />
  <attribute name="ProportionalH" value="-40.000000" />
  <attribute name="Current Error" value="-80.000000" />
  <attribute name="IntegralT" value="-22720.000000" />
  <attribute name="IntegralI" value="-22720.000000" />
  <attribute name="IntegralH" value="-22720.000000" />
  <attribute name="DerivativeT" value="-0.140845" />
  <attribute name="DerivativeI" value="-0.140845" />
  <attribute name="DerivativeH" value="-0.140845" />
  <attribute name="Loop Time for DT" value="568.000000" />
  <attribute name="Output H" value="4203675648"/>
  <attribute name="Output I" value="200"/>
  <attribute name="Output T" value="16"/>
  <attribute name="Target GC Util Change" value ="80.000000" />
  <attribute name="Current GC Util Change" value="0.000000"/>
  <attribute name="GC Util currently" value="0" />
  <attribute name="CPU Util currently" value="12" />
<allocation-satisfied id="1228" threadId="0000000001B52A00" bytesRequested="24" />
<af-end id="1229" timestamp="2019-08-10T03:37:44.582" threadId="0000000001B53388" success="true" from="nursery"/>
<exclusive-end id="1230" timestamp="2019-08-10T03:37:44.582" durationms="5.187" />

<exclusive-start id="1231" timestamp="2019-08-10T03:37:45.282" intervalms="705.245">
  <response-info timems="0.033" idlems="0.018" threads="1" lastid="0000000001B78100" lastname="node-13" />
</exclusive-start>
<af-start id="1232" threadId="0000000001B65F88" totalBytesRequested="16" timestamp="2019-08-10T03:37:45.282" intervalms="705.143" type="nursery" />
<cycle-start id="1233" type="scavenge" contextid="0" timestamp="2019-08-10T03:37:45.282" intervalms="705.143" />
<gc-start id="1234" type="scavenge" contextid="1233" timestamp="2019-08-10T03:37:45.282">
  <mem-info id="1235" free="4191998880" total="4203675648" percent="99">
    <mem type="nursery" free="0" total="2228224" percent="0">
      <mem type="allocate" free="0" total="1966080" percent="0" />
      <mem type="survivor" free="0" total="262144" percent="0" />
    </mem>
    <mem type="tenure" free="4191998880" total="4201447424" percent="99">
      <mem type="soa" free="3981927328" total="3991375872" percent="99" />
      <mem type="loa" free="210071552" total="210071552" percent="100" />
    </mem>
    <remembered-set count="385" />
  </mem-info>
</gc-start>
<allocation-stats totalBytes="1836120" >
  <allocated-bytes non-tlh="24" tlh="1836096" />
  <largest-consumer threadName="node-2" threadId="0000000001B5A200" bytes="90112" />
</allocation-stats>
<gc-op id="1236" type="scavenge" timems="3.373" contextid="1233" timestamp="2019-08-10T03:37:45.285">
  <scavenger-info tenureage="2" tenuremask="4004" tiltratio="88" />
  <memory-copied type="nursery" objects="1948" bytes="54880" bytesdiscarded="41888" />
  <memory-copied type="tenure" objects="968" bytes="23232" bytesdiscarded="0" />
</gc-op>
<gc-end id="1237" type="scavenge" contextid="1233" durationms="3.741" usertimems="2.470" systemtimems="3.498" timestamp="2019-08-10T03:37:45.285" activeThreads="16">
  <mem-info id="1238" free="4193835936" total="4203675648" percent="99">
    <mem type="nursery" free="1869312" total="2228224" percent="83">
      <mem type="allocate" free="1869312" total="1966080" percent="95" />
      <mem type="survivor" free="0" total="262144" percent="0" />
    </mem>
    <mem type="tenure" free="4191966624" total="4201447424" percent="99" macro-fragmented="0">
      <mem type="soa" free="3981895072" total="3991375872" percent="99" />
      <mem type="loa" free="210071552" total="210071552" percent="100" />
    </mem>
    <remembered-set count="291" />
  </mem-info>
</gc-end>
<cycle-end id="1239" type="scavenge" contextid="1233" timestamp="2019-08-10T03:37:45.286" />
  <attribute name="elasticGC enabled" value="1" />
  <attribute name= "numThreadsSpecified" value="16" />
  <attribute name="heapSize specified" value="8519680" />
  <attribute name="Current GC Util" value="0" />
  <attribute name= "Current Time Running" value="65428" />
  <attribute name ="GC Interval" value="200" />
  <attribute name="ProportionalT" value="-40.000000" />
  <attribute name="ProportionalI" value="-40.000000" />
  <attribute name="ProportionalH" value="-40.000000" />
  <attribute name="Current Error" value="-80.000000" />
  <attribute name="IntegralT" value="-28200.000000" />
  <attribute name="IntegralI" value="-28200.000000" />
  <attribute name="IntegralH" value="-28200.000000" />
  <attribute name="DerivativeT" value="-0.113475" />
  <attribute name="DerivativeI" value="-0.113475" />
  <attribute name="DerivativeH" value="-0.113475" />
  <attribute name="Loop Time for DT" value="705.000000" />
  <attribute name="Output H" value="4203675648"/>
  <attribute name="Output I" value="200"/>
  <attribute name="Output T" value="16"/>
  <attribute name="Target GC Util Change" value ="80.000000" />
  <attribute name="Current GC Util Change" value="0.000000"/>
  <attribute name="GC Util currently" value="0" />
  <attribute name="CPU Util currently" value="14" />
<allocation-satisfied id="1240" threadId="0000000001B65600" bytesRequested="16" />
<af-end id="1241" timestamp="2019-08-10T03:37:45.286" threadId="0000000001B65F88" success="true" from="nursery"/>
<exclusive-end id="1242" timestamp="2019-08-10T03:37:45.286" durationms="3.996" />

<exclusive-start id="1243" timestamp="2019-08-10T03:37:46.030" intervalms="748.127">
  <response-info timems="0.710" idlems="0.710" threads="0" lastid="0000000001B61A00" lastname="node-3" />
</exclusive-start>
<af-start id="1244" threadId="0000000001B62388" totalBytesRequested="16" timestamp="2019-08-10T03:37:46.030" intervalms="748.783" type="nursery" />
<cycle-start id="1245" type="scavenge" contextid="0" timestamp="2019-08-10T03:37:46.031" intervalms="748.811" />
<gc-start id="1246" type="scavenge" contextid="1245" timestamp="2019-08-10T03:37:46.031">
  <mem-info id="1247" free="4191966624" total="4203675648" percent="99">
    <mem type="nursery" free="0" total="2228224" percent="0">
      <mem type="allocate" free="0" total="1966080" percent="0" />
      <mem type="survivor" free="0" total="262144" percent="0" />
    </mem>
    <mem type="tenure" free="4191966624" total="4201447424" percent="99">
      <mem type="soa" free="3981895072" total="3991375872" percent="99" />
      <mem type="loa" free="210071552" total="210071552" percent="100" />
    </mem>
    <remembered-set count="389" />
  </mem-info>
</gc-start>
<allocation-stats totalBytes="1868432" >
  <allocated-bytes non-tlh="16" tlh="1868416" />
  <largest-consumer threadName="node-5" threadId="0000000001B56600" bytes="90112" />
</allocation-stats>
<gc-op id="1248" type="scavenge" timems="2.363" contextid="1245" timestamp="2019-08-10T03:37:46.033">
  <scavenger-info tenureage="2" tenuremask="4004" tiltratio="88" />
  <memory-copied type="nursery" objects="2179" bytes="52000" bytesdiscarded="77024" />
  <memory-copied type="tenure" objects="780" bytes="18720" bytesdiscarded="0" />
</gc-op>
<gc-end id="1249" type="scavenge" contextid="1245" durationms="2.982" usertimems="2.829" systemtimems="1.716" timestamp="2019-08-10T03:37:46.034" activeThreads="16">
  <mem-info id="1250" free="4193771424" total="4203675648" percent="99">
    <mem type="nursery" free="1837056" total="2228224" percent="82">
      <mem type="allocate" free="1837056" total="1966080" percent="93" />
      <mem type="survivor" free="0" total="262144" percent="0" />
    </mem>
    <mem type="tenure" free="4191934368" total="4201447424" percent="99" macro-fragmented="0">
      <mem type="soa" free="3981862816" total="3991375872" percent="99" />
      <mem type="loa" free="210071552" total="210071552" percent="100" />
    </mem>
    <remembered-set count="305" />
  </mem-info>
</gc-end>
<cycle-end id="1251" type="scavenge" contextid="1245" timestamp="2019-08-10T03:37:46.034" />
  <attribute name="elasticGC enabled" value="1" />
  <attribute name= "numThreadsSpecified" value="16" />
  <attribute name="heapSize specified" value="8519680" />
  <attribute name="Current GC Util" value="0" />
  <attribute name= "Current Time Running" value="66177" />
  <attribute name ="GC Interval" value="200" />
  <attribute name="ProportionalT" value="-40.000000" />
  <attribute name="ProportionalI" value="-40.000000" />
  <attribute name="ProportionalH" value="-40.000000" />
  <attribute name="Current Error" value="-80.000000" />
  <attribute name="IntegralT" value="-29960.000000" />
  <attribute name="IntegralI" value="-29960.000000" />
  <attribute name="IntegralH" value="-29960.000000" />
  <attribute name="DerivativeT" value="-0.106809" />
  <attribute name="DerivativeI" value="-0.106809" />
  <attribute name="DerivativeH" value="-0.106809" />
  <attribute name="Loop Time for DT" value="749.000000" />
  <attribute name="Output H" value="4203675648"/>
  <attribute name="Output I" value="200"/>
  <attribute name="Output T" value="16"/>
  <attribute name="Target GC Util Change" value ="80.000000" />
  <attribute name="Current GC Util Change" value="0.000000"/>
  <attribute name="GC Util currently" value="0" />
  <attribute name="CPU Util currently" value="16" />
<allocation-satisfied id="1252" threadId="0000000001B61A00" bytesRequested="16" />
<af-end id="1253" timestamp="2019-08-10T03:37:46.034" threadId="0000000001B62388" success="true" from="nursery"/>
<exclusive-end id="1254" timestamp="2019-08-10T03:37:46.034" durationms="4.308" />

<exclusive-start id="1255" timestamp="2019-08-10T03:37:46.812" intervalms="782.491">
  <response-info timems="0.080" idlems="0.080" threads="0" lastid="0000000001B5DE00" lastname="node-1" />
</exclusive-start>
<af-start id="1256" threadId="0000000001B5E788" totalBytesRequested="32" timestamp="2019-08-10T03:37:46.812" intervalms="781.825" type="nursery" />
<cycle-start id="1257" type="scavenge" contextid="0" timestamp="2019-08-10T03:37:46.812" intervalms="781.795" />
<gc-start id="1258" type="scavenge" contextid="1257" timestamp="2019-08-10T03:37:46.812">
  <mem-info id="1259" free="4191934368" total="4203675648" percent="99">
    <mem type="nursery" free="0" total="2228224" percent="0">
      <mem type="allocate" free="0" total="1966080" percent="0" />
      <mem type="survivor" free="0" total="262144" percent="0" />
    </mem>
    <mem type="tenure" free="4191934368" total="4201447424" percent="99">
      <mem type="soa" free="3981862816" total="3991375872" percent="99" />
      <mem type="loa" free="210071552" total="210071552" percent="100" />
    </mem>
    <remembered-set count="391" />
  </mem-info>
</gc-start>
<allocation-stats totalBytes="1835856" >
  <allocated-bytes non-tlh="16" tlh="1835840" />
  <largest-consumer threadName="node-9" threadId="0000000001B4B200" bytes="90104" />
</allocation-stats>
<gc-op id="1260" type="scavenge" timems="8.177" contextid="1257" timestamp="2019-08-10T03:37:46.821">
  <scavenger-info tenureage="2" tenuremask="4004" tiltratio="88" />
  <memory-copied type="nursery" objects="2133" bytes="52904" bytesdiscarded="108376" />
  <memory-copied type="tenure" objects="1015" bytes="24360" bytesdiscarded="120" />
</gc-op>
<gc-end id="1261" type="scavenge" contextid="1257" durationms="8.633" usertimems="4.208" systemtimems="3.042" timestamp="2019-08-10T03:37:46.821" activeThreads="16">
  <mem-info id="1262" free="4193723040" total="4203675648" percent="99">
    <mem type="nursery" free="1804800" total="2228224" percent="80">
      <mem type="allocate" free="1804800" total="1966080" percent="91" />
      <mem type="survivor" free="0" total="262144" percent="0" />
    </mem>
    <mem type="tenure" free="4191918240" total="4201447424" percent="99" macro-fragmented="124752">
      <mem type="soa" free="3981846688" total="3991375872" percent="99" />
      <mem type="loa" free="210071552" total="210071552" percent="100" />
    </mem>
    <remembered-set count="324" />
  </mem-info>
</gc-end>
<cycle-end id="1263" type="scavenge" contextid="1257" timestamp="2019-08-10T03:37:46.821" />
  <attribute name="elasticGC enabled" value="1" />
  <attribute name= "numThreadsSpecified" value="16" />
  <attribute name="heapSize specified" value="8519680" />
  <attribute name="Current GC Util" value="0" />
  <attribute name= "Current Time Running" value="66959" />
  <attribute name ="GC Interval" value="200" />
  <attribute name="ProportionalT" value="-40.000000" />
  <attribute name="ProportionalI" value="-40.000000" />
  <attribute name="ProportionalH" value="-40.000000" />
  <attribute name="Current Error" value="-80.000000" />
  <attribute name="IntegralT" value="-31280.000000" />
  <attribute name="IntegralI" value="-31280.000000" />
  <attribute name="IntegralH" value="-31280.000000" />
  <attribute name="DerivativeT" value="-0.102302" />
  <attribute name="DerivativeI" value="-0.102302" />
  <attribute name="DerivativeH" value="-0.102302" />
  <attribute name="Loop Time for DT" value="782.000000" />
  <attribute name="Output H" value="4203675648"/>
  <attribute name="Output I" value="200"/>
  <attribute name="Output T" value="16"/>
  <attribute name="Target GC Util Change" value ="80.000000" />
  <attribute name="Current GC Util Change" value="0.000000"/>
  <attribute name="GC Util currently" value="0" />
  <attribute name="CPU Util currently" value="15" />
<allocation-satisfied id="1264" threadId="0000000001B5DE00" bytesRequested="32" />
<af-end id="1265" timestamp="2019-08-10T03:37:46.821" threadId="0000000001B5E788" success="true" from="nursery"/>
<exclusive-end id="1266" timestamp="2019-08-10T03:37:46.821" durationms="8.948" />

<exclusive-start id="1267" timestamp="2019-08-10T03:37:47.704" intervalms="892.150">
  <response-info timems="0.100" idlems="0.100" threads="0" lastid="0000000001B34B00" lastname="node-23" />
</exclusive-start>
<af-start id="1268" threadId="0000000001B35488" totalBytesRequested="24" timestamp="2019-08-10T03:37:47.704" intervalms="892.159" type="nursery" />
<cycle-start id="1269" type="scavenge" contextid="0" timestamp="2019-08-10T03:37:47.704" intervalms="892.154" />
<gc-start id="1270" type="scavenge" contextid="1269" timestamp="2019-08-10T03:37:47.705">
  <mem-info id="1271" free="4191918240" total="4203675648" percent="99">
    <mem type="nursery" free="0" total="2228224" percent="0">
      <mem type="allocate" free="0" total="1966080" percent="0" />
      <mem type="survivor" free="0" total="262144" percent="0" />
    </mem>
    <mem type="tenure" free="4191918240" total="4201447424" percent="99">
      <mem type="soa" free="3981846688" total="3991375872" percent="99" />
      <mem type="loa" free="210071552" total="210071552" percent="100" />
    </mem>
    <remembered-set count="393" />
  </mem-info>
</gc-start>
<allocation-stats totalBytes="1804176" >
  <allocated-bytes non-tlh="32" tlh="1804144" />
  <largest-consumer threadName="node-1" threadId="0000000001B5DE00" bytes="90112" />
</allocation-stats>
<gc-op id="1272" type="scavenge" timems="2.491" contextid="1269" timestamp="2019-08-10T03:37:47.707">
  <scavenger-info tenureage="2" tenuremask="4004" tiltratio="88" />
  <memory-copied type="nursery" objects="2369" bytes="58568" bytesdiscarded="22072" />
  <memory-copied type="tenure" objects="1043" bytes="25032" bytesdiscarded="0" />
</gc-op>
<gc-end id="1273" type="scavenge" contextid="1269" durationms="2.968" usertimems="0.087" systemtimems="4.138" timestamp="2019-08-10T03:37:47.707" activeThreads="16">
  <mem-info id="1274" free="4193787552" total="4203675648" percent="99">
    <mem type="nursery" free="1885440" total="2228224" percent="84">
      <mem type="allocate" free="1885440" total="1966080" percent="95" />
      <mem type="survivor" free="0" total="262144" percent="0" />
    </mem>
    <mem type="tenure" free="4191902112" total="4201447424" percent="99" macro-fragmented="0">
      <mem type="soa" free="3981830560" total="3991375872" percent="99" />
      <mem type="loa" free="210071552" total="210071552" percent="100" />
    </mem>
    <remembered-set count="323" />
  </mem-info>
</gc-end>
<cycle-end id="1275" type="scavenge" contextid="1269" timestamp="2019-08-10T03:37:47.708" />
  <attribute name="elasticGC enabled" value="1" />
  <attribute name= "numThreadsSpecified" value="16" />
  <attribute name="heapSize specified" value="8519680" />
  <attribute name="Current GC Util" value="0" />
  <attribute name= "Current Time Running" value="67851" />
  <attribute name ="GC Interval" value="200" />
  <attribute name="ProportionalT" value="-40.000000" />
  <attribute name="ProportionalI" value="-40.000000" />
  <attribute name="ProportionalH" value="-40.000000" />
  <attribute name="Current Error" value="-80.000000" />
  <attribute name="IntegralT" value="-35680.000000" />
  <attribute name="IntegralI" value="-35680.000000" />
  <attribute name="IntegralH" value="-35680.000000" />
  <attribute name="DerivativeT" value="-0.089686" />
  <attribute name="DerivativeI" value="-0.089686" />
  <attribute name="DerivativeH" value="-0.089686" />
  <attribute name="Loop Time for DT" value="892.000000" />
  <attribute name="Output H" value="4203675648"/>
  <attribute name="Output I" value="200"/>
  <attribute name="Output T" value="16"/>
  <attribute name="Target GC Util Change" value ="80.000000" />
  <attribute name="Current GC Util Change" value="0.000000"/>
  <attribute name="GC Util currently" value="0" />
  <attribute name="CPU Util currently" value="16" />
<allocation-satisfied id="1276" threadId="0000000001B34B00" bytesRequested="24" />
<af-end id="1277" timestamp="2019-08-10T03:37:47.708" threadId="0000000001B35488" success="true" from="nursery"/>
<exclusive-end id="1278" timestamp="2019-08-10T03:37:47.708" durationms="3.182" />

<exclusive-start id="1279" timestamp="2019-08-10T03:37:48.534" intervalms="829.588">
  <response-info timems="0.273" idlems="0.273" threads="0" lastid="0000000001B6CD00" lastname="node-24" />
</exclusive-start>
<af-start id="1280" threadId="0000000001B6D688" totalBytesRequested="24" timestamp="2019-08-10T03:37:48.534" intervalms="829.588" type="nursery" />
<cycle-start id="1281" type="scavenge" contextid="0" timestamp="2019-08-10T03:37:48.534" intervalms="829.622" />
<gc-start id="1282" type="scavenge" contextid="1281" timestamp="2019-08-10T03:37:48.534">
  <mem-info id="1283" free="4191902112" total="4203675648" percent="99">
    <mem type="nursery" free="0" total="2228224" percent="0">
      <mem type="allocate" free="0" total="1966080" percent="0" />
      <mem type="survivor" free="0" total="262144" percent="0" />
    </mem>
    <mem type="tenure" free="4191902112" total="4201447424" percent="99">
      <mem type="soa" free="3981830560" total="3991375872" percent="99" />
      <mem type="loa" free="210071552" total="210071552" percent="100" />
    </mem>
    <remembered-set count="391" />
  </mem-info>
</gc-start>
<allocation-stats totalBytes="1883416" >
  <allocated-bytes non-tlh="24" tlh="1883392" />
  <largest-consumer threadName="node-16" threadId="0000000001B70900" bytes="90112" />
</allocation-stats>
<gc-op id="1284" type="scavenge" timems="2.178" contextid="1281" timestamp="2019-08-10T03:37:48.536">
  <scavenger-info tenureage="2" tenuremask="4004" tiltratio="88" />
  <memory-copied type="nursery" objects="2517" bytes="62120" bytesdiscarded="34648" />
  <memory-copied type="tenure" objects="948" bytes="22752" bytesdiscarded="0" />
</gc-op>
<gc-end id="1285" type="scavenge" contextid="1281" durationms="3.355" usertimems="3.198" systemtimems="2.499" timestamp="2019-08-10T03:37:48.538" activeThreads="16">
  <mem-info id="1286" free="4193739168" total="4203675648" percent="99">
    <mem type="nursery" free="1869312" total="2228224" percent="83">
      <mem type="allocate" free="1869312" total="1966080" percent="95" />
      <mem type="survivor" free="0" total="262144" percent="0" />
    </mem>
    <mem type="tenure" free="4191869856" total="4201447424" percent="99" macro-fragmented="18870">
      <mem type="soa" free="3981798304" total="3991375872" percent="99" />
      <mem type="loa" free="210071552" total="210071552" percent="100" />
    </mem>
    <remembered-set count="326" />
  </mem-info>
</gc-end>
<cycle-end id="1287" type="scavenge" contextid="1281" timestamp="2019-08-10T03:37:48.538" />
  <attribute name="elasticGC enabled" value="1" />
  <attribute name= "numThreadsSpecified" value="16" />
  <attribute name="heapSize specified" value="8519680" />
  <attribute name="Current GC Util" value="0" />
  <attribute name= "Current Time Running" value="68680" />
  <attribute name ="GC Interval" value="200" />
  <attribute name="ProportionalT" value="-40.000000" />
  <attribute name="ProportionalI" value="-40.000000" />
  <attribute name="ProportionalH" value="-40.000000" />
  <attribute name="Current Error" value="-80.000000" />
  <attribute name="IntegralT" value="-33160.000000" />
  <attribute name="IntegralI" value="-33160.000000" />
  <attribute name="IntegralH" value="-33160.000000" />
  <attribute name="DerivativeT" value="-0.096502" />
  <attribute name="DerivativeI" value="-0.096502" />
  <attribute name="DerivativeH" value="-0.096502" />
  <attribute name="Loop Time for DT" value="829.000000" />
  <attribute name="Output H" value="4203675648"/>
  <attribute name="Output I" value="200"/>
  <attribute name="Output T" value="16"/>
  <attribute name="Target GC Util Change" value ="80.000000" />
  <attribute name="Current GC Util Change" value="0.000000"/>
  <attribute name="GC Util currently" value="0" />
  <attribute name="CPU Util currently" value="14" />
<allocation-satisfied id="1288" threadId="0000000001B6CD00" bytesRequested="24" />
<af-end id="1289" timestamp="2019-08-10T03:37:48.538" threadId="0000000001B6D688" success="true" from="nursery"/>
<exclusive-end id="1290" timestamp="2019-08-10T03:37:48.538" durationms="4.075" />

<exclusive-start id="1291" timestamp="2019-08-10T03:37:49.485" intervalms="951.412">
  <response-info timems="1.326" idlems="0.971" threads="1" lastid="0000000001B65600" lastname="node-4" />
</exclusive-start>
<af-start id="1292" threadId="0000000001B53388" totalBytesRequested="32" timestamp="2019-08-10T03:37:49.486" intervalms="951.834" type="nursery" />
<cycle-start id="1293" type="scavenge" contextid="0" timestamp="2019-08-10T03:37:49.486" intervalms="951.909" />
<gc-start id="1294" type="scavenge" contextid="1293" timestamp="2019-08-10T03:37:49.486">
  <mem-info id="1295" free="4191869856" total="4203675648" percent="99">
    <mem type="nursery" free="0" total="2228224" percent="0">
      <mem type="allocate" free="0" total="1966080" percent="0" />
      <mem type="survivor" free="0" total="262144" percent="0" />
    </mem>
    <mem type="tenure" free="4191869856" total="4201447424" percent="99">
      <mem type="soa" free="3981798304" total="3991375872" percent="99" />
      <mem type="loa" free="210071552" total="210071552" percent="100" />
    </mem>
    <remembered-set count="394" />
  </mem-info>
</gc-start>
<allocation-stats totalBytes="1868536" >
  <allocated-bytes non-tlh="24" tlh="1868512" />
  <largest-consumer threadName="node-24" threadId="0000000001B6CD00" bytes="90128" />
</allocation-stats>
<gc-op id="1296" type="scavenge" timems="2.208" contextid="1293" timestamp="2019-08-10T03:37:49.488">
  <scavenger-info tenureage="2" tenuremask="4004" tiltratio="88" />
  <memory-copied type="nursery" objects="2521" bytes="62216" bytesdiscarded="50680" />
  <memory-copied type="tenure" objects="1280" bytes="30720" bytesdiscarded="0" />
</gc-op>
<gc-end id="1297" type="scavenge" contextid="1293" durationms="2.833" usertimems="2.207" systemtimems="1.727" timestamp="2019-08-10T03:37:49.489" activeThreads="16">
  <mem-info id="1298" free="4193690784" total="4203675648" percent="99">
    <mem type="nursery" free="1853184" total="2228224" percent="83">
      <mem type="allocate" free="1853184" total="1966080" percent="94" />
      <mem type="survivor" free="0" total="262144" percent="0" />
    </mem>
    <mem type="tenure" free="4191837600" total="4201447424" percent="99" macro-fragmented="0">
      <mem type="soa" free="3981766048" total="3991375872" percent="99" />
      <mem type="loa" free="210071552" total="210071552" percent="100" />
    </mem>
    <remembered-set count="327" />
  </mem-info>
</gc-end>
<cycle-end id="1299" type="scavenge" contextid="1293" timestamp="2019-08-10T03:37:49.489" />
  <attribute name="elasticGC enabled" value="1" />
  <attribute name= "numThreadsSpecified" value="16" />
  <attribute name="heapSize specified" value="8519680" />
  <attribute name="Current GC Util" value="0" />
  <attribute name= "Current Time Running" value="69632" />
  <attribute name ="GC Interval" value="200" />
  <attribute name="ProportionalT" value="-40.000000" />
  <attribute name="ProportionalI" value="-40.000000" />
  <attribute name="ProportionalH" value="-40.000000" />
  <attribute name="Current Error" value="-80.000000" />
  <attribute name="IntegralT" value="-38080.000000" />
  <attribute name="IntegralI" value="-38080.000000" />
  <attribute name="IntegralH" value="-38080.000000" />
  <attribute name="DerivativeT" value="-0.084034" />
  <attribute name="DerivativeI" value="-0.084034" />
  <attribute name="DerivativeH" value="-0.084034" />
  <attribute name="Loop Time for DT" value="952.000000" />
  <attribute name="Output H" value="4203675648"/>
  <attribute name="Output I" value="200"/>
  <attribute name="Output T" value="16"/>
  <attribute name="Target GC Util Change" value ="80.000000" />
  <attribute name="Current GC Util Change" value="0.000000"/>
  <attribute name="GC Util currently" value="0" />
  <attribute name="CPU Util currently" value="16" />
<allocation-satisfied id="1300" threadId="0000000001B52A00" bytesRequested="32" />
<af-end id="1301" timestamp="2019-08-10T03:37:49.489" threadId="0000000001B53388" success="true" from="nursery"/>
<exclusive-end id="1302" timestamp="2019-08-10T03:37:49.489" durationms="3.749" />

<exclusive-start id="1303" timestamp="2019-08-10T03:37:50.107" intervalms="621.296">
  <response-info timems="0.155" idlems="0.155" threads="0" lastid="0000000001B7F900" lastname="node-0" />
</exclusive-start>
<af-start id="1304" threadId="0000000001B80288" totalBytesRequested="32" timestamp="2019-08-10T03:37:50.107" intervalms="620.945" type="nursery" />
<cycle-start id="1305" type="scavenge" contextid="0" timestamp="2019-08-10T03:37:50.107" intervalms="620.957" />
<gc-start id="1306" type="scavenge" contextid="1305" timestamp="2019-08-10T03:37:50.107">
  <mem-info id="1307" free="4191837600" total="4203675648" percent="99">
    <mem type="nursery" free="0" total="2228224" percent="0">
      <mem type="allocate" free="0" total="1966080" percent="0" />
      <mem type="survivor" free="0" total="262144" percent="0" />
    </mem>
    <mem type="tenure" free="4191837600" total="4201447424" percent="99">
      <mem type="soa" free="3981766048" total="3991375872" percent="99" />
      <mem type="loa" free="210071552" total="210071552" percent="100" />
    </mem>
    <remembered-set count="392" />
  </mem-info>
</gc-start>
<allocation-stats totalBytes="1851104" >
  <allocated-bytes non-tlh="32" tlh="1851072" />
  <largest-consumer threadName="node-19" threadId="0000000001B87100" bytes="90096" />
</allocation-stats>
<gc-op id="1308" type="scavenge" timems="1.533" contextid="1305" timestamp="2019-08-10T03:37:50.109">
  <scavenger-info tenureage="2" tenuremask="4004" tiltratio="88" />
  <memory-copied type="nursery" objects="2334" bytes="66568" bytesdiscarded="78584" />
  <memory-copied type="tenure" objects="1096" bytes="26304" bytesdiscarded="0" />
</gc-op>
<gc-end id="1309" type="scavenge" contextid="1305" durationms="2.164" usertimems="0.579" systemtimems="2.542" timestamp="2019-08-10T03:37:50.109" activeThreads="16">
  <mem-info id="1310" free="4193626272" total="4203675648" percent="99">
    <mem type="nursery" free="1820928" total="2228224" percent="81">
      <mem type="allocate" free="1820928" total="1966080" percent="92" />
      <mem type="survivor" free="0" total="262144" percent="0" />
    </mem>
    <mem type="tenure" free="4191805344" total="4201447424" percent="99" macro-fragmented="0">
      <mem type="soa" free="3981733792" total="3991375872" percent="99" />
      <mem type="loa" free="210071552" total="210071552" percent="100" />
    </mem>
    <remembered-set count="299" />
  </mem-info>
</gc-end>
<cycle-end id="1311" type="scavenge" contextid="1305" timestamp="2019-08-10T03:37:50.110" />
  <attribute name="elasticGC enabled" value="1" />
  <attribute name= "numThreadsSpecified" value="16" />
  <attribute name="heapSize specified" value="8519680" />
  <attribute name="Current GC Util" value="0" />
  <attribute name= "Current Time Running" value="70253" />
  <attribute name ="GC Interval" value="200" />
  <attribute name="ProportionalT" value="-40.000000" />
  <attribute name="ProportionalI" value="-40.000000" />
  <attribute name="ProportionalH" value="-40.000000" />
  <attribute name="Current Error" value="-80.000000" />
  <attribute name="IntegralT" value="-24840.000000" />
  <attribute name="IntegralI" value="-24840.000000" />
  <attribute name="IntegralH" value="-24840.000000" />
  <attribute name="DerivativeT" value="-0.128824" />
  <attribute name="DerivativeI" value="-0.128824" />
  <attribute name="DerivativeH" value="-0.128824" />
  <attribute name="Loop Time for DT" value="621.000000" />
  <attribute name="Output H" value="4203675648"/>
  <attribute name="Output I" value="200"/>
  <attribute name="Output T" value="16"/>
  <attribute name="Target GC Util Change" value ="80.000000" />
  <attribute name="Current GC Util Change" value="0.000000"/>
  <attribute name="GC Util currently" value="0" />
  <attribute name="CPU Util currently" value="13" />
<allocation-satisfied id="1312" threadId="0000000001B7F900" bytesRequested="32" />
<af-end id="1313" timestamp="2019-08-10T03:37:50.110" threadId="0000000001B80288" success="true" from="nursery"/>
<exclusive-end id="1314" timestamp="2019-08-10T03:37:50.110" durationms="3.347" />

<exclusive-start id="1315" timestamp="2019-08-10T03:37:50.799" intervalms="691.979">
  <response-info timems="0.186" idlems="0.186" threads="0" lastid="0000000001B7F900" lastname="node-0" />
</exclusive-start>
<af-start id="1316" threadId="0000000001B80288" totalBytesRequested="24" timestamp="2019-08-10T03:37:50.799" intervalms="691.905" type="nursery" />
<cycle-start id="1317" type="scavenge" contextid="0" timestamp="2019-08-10T03:37:50.799" intervalms="691.784" />
<gc-start id="1318" type="scavenge" contextid="1317" timestamp="2019-08-10T03:37:50.800">
  <mem-info id="1319" free="4191805344" total="4203675648" percent="99">
    <mem type="nursery" free="0" total="2228224" percent="0">
      <mem type="allocate" free="0" total="1966080" percent="0" />
      <mem type="survivor" free="0" total="262144" percent="0" />
    </mem>
    <mem type="tenure" free="4191805344" total="4201447424" percent="99">
      <mem type="soa" free="3981733792" total="3991375872" percent="99" />
      <mem type="loa" free="210071552" total="210071552" percent="100" />
    </mem>
    <remembered-set count="390" />
  </mem-info>
</gc-start>
<allocation-stats totalBytes="1818168" >
  <allocated-bytes non-tlh="32" tlh="1818136" />
  <largest-consumer threadName="node-20" threadId="0000000001B83500" bytes="90104" />
</allocation-stats>
<gc-op id="1320" type="scavenge" timems="3.674" contextid="1317" timestamp="2019-08-10T03:37:50.803">
  <scavenger-info tenureage="2" tenuremask="4004" tiltratio="88" />
  <memory-copied type="nursery" objects="1902" bytes="47416" bytesdiscarded="49352" />
  <memory-copied type="tenure" objects="1283" bytes="30792" bytesdiscarded="0" />
</gc-op>
<gc-end id="1321" type="scavenge" contextid="1317" durationms="4.028" usertimems="2.747" systemtimems="2.865" timestamp="2019-08-10T03:37:50.804" activeThreads="16">
  <mem-info id="1322" free="4193658528" total="4203675648" percent="99">
    <mem type="nursery" free="1869312" total="2228224" percent="83">
      <mem type="allocate" free="1869312" total="1966080" percent="95" />
      <mem type="survivor" free="0" total="262144" percent="0" />
    </mem>
    <mem type="tenure" free="4191789216" total="4201447424" percent="99" macro-fragmented="0">
      <mem type="soa" free="3981717664" total="3991375872" percent="99" />
      <mem type="loa" free="210071552" total="210071552" percent="100" />
    </mem>
    <remembered-set count="311" />
  </mem-info>
</gc-end>
<cycle-end id="1323" type="scavenge" contextid="1317" timestamp="2019-08-10T03:37:50.804" />
  <attribute name="elasticGC enabled" value="1" />
  <attribute name= "numThreadsSpecified" value="16" />
  <attribute name="heapSize specified" value="8519680" />
  <attribute name="Current GC Util" value="0" />
  <attribute name= "Current Time Running" value="70946" />
  <attribute name ="GC Interval" value="200" />
  <attribute name="ProportionalT" value="-40.000000" />
  <attribute name="ProportionalI" value="-40.000000" />
  <attribute name="ProportionalH" value="-40.000000" />
  <attribute name="Current Error" value="-80.000000" />
  <attribute name="IntegralT" value="-27720.000000" />
  <attribute name="IntegralI" value="-27720.000000" />
  <attribute name="IntegralH" value="-27720.000000" />
  <attribute name="DerivativeT" value="-0.115440" />
  <attribute name="DerivativeI" value="-0.115440" />
  <attribute name="DerivativeH" value="-0.115440" />
  <attribute name="Loop Time for DT" value="693.000000" />
  <attribute name="Output H" value="4203675648"/>
  <attribute name="Output I" value="200"/>
  <attribute name="Output T" value="16"/>
  <attribute name="Target GC Util Change" value ="80.000000" />
  <attribute name="Current GC Util Change" value="0.000000"/>
  <attribute name="GC Util currently" value="0" />
  <attribute name="CPU Util currently" value="13" />
<allocation-satisfied id="1324" threadId="0000000001B7F900" bytesRequested="24" />
<af-end id="1325" timestamp="2019-08-10T03:37:50.804" threadId="0000000001B80288" success="true" from="nursery"/>
<exclusive-end id="1326" timestamp="2019-08-10T03:37:50.804" durationms="5.181" />

<exclusive-start id="1327" timestamp="2019-08-10T03:37:51.660" intervalms="861.038">
  <response-info timems="0.247" idlems="0.247" threads="0" lastid="0000000001B6CD00" lastname="node-24" />
</exclusive-start>
<af-start id="1328" threadId="0000000001B6D688" totalBytesRequested="32" timestamp="2019-08-10T03:37:51.660" intervalms="861.023" type="nursery" />
<cycle-start id="1329" type="scavenge" contextid="0" timestamp="2019-08-10T03:37:51.660" intervalms="861.091" />
<gc-start id="1330" type="scavenge" contextid="1329" timestamp="2019-08-10T03:37:51.660">
  <mem-info id="1331" free="4191789216" total="4203675648" percent="99">
    <mem type="nursery" free="0" total="2228224" percent="0">
      <mem type="allocate" free="0" total="1966080" percent="0" />
      <mem type="survivor" free="0" total="262144" percent="0" />
    </mem>
    <mem type="tenure" free="4191789216" total="4201447424" percent="99">
      <mem type="soa" free="3981717664" total="3991375872" percent="99" />
      <mem type="loa" free="210071552" total="210071552" percent="100" />
    </mem>
    <remembered-set count="388" />
  </mem-info>
</gc-start>
<allocation-stats totalBytes="1866720" >
  <allocated-bytes non-tlh="24" tlh="1866696" />
  <largest-consumer threadName="node-25" threadId="0000000001B69200" bytes="90096" />
</allocation-stats>
<gc-op id="1332" type="scavenge" timems="3.206" contextid="1329" timestamp="2019-08-10T03:37:51.663">
  <scavenger-info tenureage="2" tenuremask="4004" tiltratio="88" />
  <memory-copied type="nursery" objects="2311" bytes="57176" bytesdiscarded="23464" />
  <memory-copied type="tenure" objects="889" bytes="21336" bytesdiscarded="0" />
</gc-op>
<gc-end id="1333" type="scavenge" contextid="1329" durationms="3.583" usertimems="1.271" systemtimems="5.180" timestamp="2019-08-10T03:37:51.663" activeThreads="16">
  <mem-info id="1334" free="4193658528" total="4203675648" percent="99">
    <mem type="nursery" free="1885440" total="2228224" percent="84">
      <mem type="allocate" free="1885440" total="1966080" percent="95" />
      <mem type="survivor" free="0" total="262144" percent="0" />
    </mem>
    <mem type="tenure" free="4191773088" total="4201447424" percent="99" macro-fragmented="0">
      <mem type="soa" free="3981701536" total="3991375872" percent="99" />
      <mem type="loa" free="210071552" total="210071552" percent="100" />
    </mem>
    <remembered-set count="322" />
  </mem-info>
</gc-end>
<cycle-end id="1335" type="scavenge" contextid="1329" timestamp="2019-08-10T03:37:51.664" />
  <attribute name="elasticGC enabled" value="1" />
  <attribute name= "numThreadsSpecified" value="16" />
  <attribute name="heapSize specified" value="8519680" />
  <attribute name="Current GC Util" value="0" />
  <attribute name= "Current Time Running" value="71806" />
  <attribute name ="GC Interval" value="200" />
  <attribute name="ProportionalT" value="-40.000000" />
  <attribute name="ProportionalI" value="-40.000000" />
  <attribute name="ProportionalH" value="-40.000000" />
  <attribute name="Current Error" value="-80.000000" />
  <attribute name="IntegralT" value="-34400.000000" />
  <attribute name="IntegralI" value="-34400.000000" />
  <attribute name="IntegralH" value="-34400.000000" />
  <attribute name="DerivativeT" value="-0.093023" />
  <attribute name="DerivativeI" value="-0.093023" />
  <attribute name="DerivativeH" value="-0.093023" />
  <attribute name="Loop Time for DT" value="860.000000" />
  <attribute name="Output H" value="4203675648"/>
  <attribute name="Output I" value="200"/>
  <attribute name="Output T" value="16"/>
  <attribute name="Target GC Util Change" value ="80.000000" />
  <attribute name="Current GC Util Change" value="0.000000"/>
  <attribute name="GC Util currently" value="0" />
  <attribute name="CPU Util currently" value="15" />
<allocation-satisfied id="1336" threadId="0000000001B6CD00" bytesRequested="32" />
<af-end id="1337" timestamp="2019-08-10T03:37:51.664" threadId="0000000001B6D688" success="true" from="nursery"/>
<exclusive-end id="1338" timestamp="2019-08-10T03:37:51.664" durationms="3.883" />

<exclusive-start id="1339" timestamp="2019-08-10T03:37:52.273" intervalms="613.481">
  <response-info timems="2.429" idlems="2.429" threads="0" lastid="0000000001B7F900" lastname="node-0" />
</exclusive-start>
<af-start id="1340" threadId="0000000001B80288" totalBytesRequested="16" timestamp="2019-08-10T03:37:52.273" intervalms="613.495" type="nursery" />
<cycle-start id="1341" type="scavenge" contextid="0" timestamp="2019-08-10T03:37:52.273" intervalms="613.439" />
<gc-start id="1342" type="scavenge" contextid="1341" timestamp="2019-08-10T03:37:52.273">
  <mem-info id="1343" free="4191773088" total="4203675648" percent="99">
    <mem type="nursery" free="0" total="2228224" percent="0">
      <mem type="allocate" free="0" total="1966080" percent="0" />
      <mem type="survivor" free="0" total="262144" percent="0" />
    </mem>
    <mem type="tenure" free="4191773088" total="4201447424" percent="99">
      <mem type="soa" free="3981701536" total="3991375872" percent="99" />
      <mem type="loa" free="210071552" total="210071552" percent="100" />
    </mem>
    <remembered-set count="390" />
  </mem-info>
</gc-start>
<allocation-stats totalBytes="1880656" >
  <allocated-bytes non-tlh="32" tlh="1880624" />
  <largest-consumer threadName="node-8" threadId="0000000001B74500" bytes="90112" />
</allocation-stats>
<gc-op id="1344" type="scavenge" timems="3.347" contextid="1341" timestamp="2019-08-10T03:37:52.277">
  <scavenger-info tenureage="2" tenuremask="4004" tiltratio="88" />
  <memory-copied type="nursery" objects="2341" bytes="58232" bytesdiscarded="86920" />
  <memory-copied type="tenure" objects="870" bytes="20880" bytesdiscarded="0" />
</gc-op>
<gc-end id="1345" type="scavenge" contextid="1341" durationms="3.500" usertimems="2.636" systemtimems="2.629" timestamp="2019-08-10T03:37:52.277" activeThreads="16">
  <mem-info id="1346" free="4193577888" total="4203675648" percent="99">
    <mem type="nursery" free="1820928" total="2228224" percent="81">
      <mem type="allocate" free="1820928" total="1966080" percent="92" />
      <mem type="survivor" free="0" total="262144" percent="0" />
    </mem>
    <mem type="tenure" free="4191756960" total="4201447424" percent="99" macro-fragmented="0">
      <mem type="soa" free="3981685408" total="3991375872" percent="99" />
      <mem type="loa" free="210071552" total="210071552" percent="100" />
    </mem>
    <remembered-set count="306" />
  </mem-info>
</gc-end>
<cycle-end id="1347" type="scavenge" contextid="1341" timestamp="2019-08-10T03:37:52.277" />
  <attribute name="elasticGC enabled" value="1" />
  <attribute name= "numThreadsSpecified" value="16" />
  <attribute name="heapSize specified" value="8519680" />
  <attribute name="Current GC Util" value="0" />
  <attribute name= "Current Time Running" value="72419" />
  <attribute name ="GC Interval" value="200" />
  <attribute name="ProportionalT" value="-40.000000" />
  <attribute name="ProportionalI" value="-40.000000" />
  <attribute name="ProportionalH" value="-40.000000" />
  <attribute name="Current Error" value="-80.000000" />
  <attribute name="IntegralT" value="-24520.000000" />
  <attribute name="IntegralI" value="-24520.000000" />
  <attribute name="IntegralH" value="-24520.000000" />
  <attribute name="DerivativeT" value="-0.130506" />
  <attribute name="DerivativeI" value="-0.130506" />
  <attribute name="DerivativeH" value="-0.130506" />
  <attribute name="Loop Time for DT" value="613.000000" />
  <attribute name="Output H" value="4203675648"/>
  <attribute name="Output I" value="200"/>
  <attribute name="Output T" value="16"/>
  <attribute name="Target GC Util Change" value ="80.000000" />
  <attribute name="Current GC Util Change" value="0.000000"/>
  <attribute name="GC Util currently" value="0" />
  <attribute name="CPU Util currently" value="12" />
<allocation-satisfied id="1348" threadId="0000000001B7F900" bytesRequested="16" />
<af-end id="1349" timestamp="2019-08-10T03:37:52.277" threadId="0000000001B80288" success="true" from="nursery"/>
<exclusive-end id="1350" timestamp="2019-08-10T03:37:52.277" durationms="3.762" />

<exclusive-start id="1351" timestamp="2019-08-10T03:37:53.097" intervalms="823.925">
  <response-info timems="0.021" idlems="0.021" threads="0" lastid="0000000001B29700" lastname="node-10" />
</exclusive-start>
<af-start id="1352" threadId="0000000001B2A088" totalBytesRequested="24" timestamp="2019-08-10T03:37:53.097" intervalms="823.992" type="nursery" />
<cycle-start id="1353" type="scavenge" contextid="0" timestamp="2019-08-10T03:37:53.097" intervalms="823.986" />
<gc-start id="1354" type="scavenge" contextid="1353" timestamp="2019-08-10T03:37:53.097">
  <mem-info id="1355" free="4191756960" total="4203675648" percent="99">
    <mem type="nursery" free="0" total="2228224" percent="0">
      <mem type="allocate" free="0" total="1966080" percent="0" />
      <mem type="survivor" free="0" total="262144" percent="0" />
    </mem>
    <mem type="tenure" free="4191756960" total="4201447424" percent="99">
      <mem type="soa" free="3981685408" total="3991375872" percent="99" />
      <mem type="loa" free="210071552" total="210071552" percent="100" />
    </mem>
    <remembered-set count="394" />
  </mem-info>
</gc-start>
<allocation-stats totalBytes="1819992" >
  <allocated-bytes non-tlh="16" tlh="1819976" />
  <largest-consumer threadName="node-7" threadId="0000000001B7BD00" bytes="90104" />
</allocation-stats>
<gc-op id="1356" type="scavenge" timems="3.100" contextid="1353" timestamp="2019-08-10T03:37:53.100">
  <scavenger-info tenureage="2" tenuremask="4004" tiltratio="88" />
  <memory-copied type="nursery" objects="2156" bytes="53456" bytesdiscarded="43312" />
  <memory-copied type="tenure" objects="1299" bytes="31176" bytesdiscarded="744" />
</gc-op>
<gc-end id="1357" type="scavenge" contextid="1353" durationms="3.484" usertimems="0.102" systemtimems="4.179" timestamp="2019-08-10T03:37:53.101" activeThreads="16">
  <mem-info id="1358" free="4193610144" total="4203675648" percent="99">
    <mem type="nursery" free="1869312" total="2228224" percent="83">
      <mem type="allocate" free="1869312" total="1966080" percent="95" />
      <mem type="survivor" free="0" total="262144" percent="0" />
    </mem>
    <mem type="tenure" free="4191740832" total="4201447424" percent="99" macro-fragmented="0">
      <mem type="soa" free="3981669280" total="3991375872" percent="99" />
      <mem type="loa" free="210071552" total="210071552" percent="100" />
    </mem>
    <remembered-set count="323" />
  </mem-info>
</gc-end>
<cycle-end id="1359" type="scavenge" contextid="1353" timestamp="2019-08-10T03:37:53.101" />
  <attribute name="elasticGC enabled" value="1" />
  <attribute name= "numThreadsSpecified" value="16" />
  <attribute name="heapSize specified" value="8519680" />
  <attribute name="Current GC Util" value="0" />
  <attribute name= "Current Time Running" value="73243" />
  <attribute name ="GC Interval" value="200" />
  <attribute name="ProportionalT" value="-40.000000" />
  <attribute name="ProportionalI" value="-40.000000" />
  <attribute name="ProportionalH" value="-40.000000" />
  <attribute name="Current Error" value="-80.000000" />
  <attribute name="IntegralT" value="-32960.000000" />
  <attribute name="IntegralI" value="-32960.000000" />
  <attribute name="IntegralH" value="-32960.000000" />
  <attribute name="DerivativeT" value="-0.097087" />
  <attribute name="DerivativeI" value="-0.097087" />
  <attribute name="DerivativeH" value="-0.097087" />
  <attribute name="Loop Time for DT" value="824.000000" />
  <attribute name="Output H" value="4203675648"/>
  <attribute name="Output I" value="200"/>
  <attribute name="Output T" value="16"/>
  <attribute name="Target GC Util Change" value ="80.000000" />
  <attribute name="Current GC Util Change" value="0.000000"/>
  <attribute name="GC Util currently" value="0" />
  <attribute name="CPU Util currently" value="13" />
<allocation-satisfied id="1360" threadId="0000000001B29700" bytesRequested="24" />
<af-end id="1361" timestamp="2019-08-10T03:37:53.101" threadId="0000000001B2A088" success="true" from="nursery"/>
<exclusive-end id="1362" timestamp="2019-08-10T03:37:53.101" durationms="3.838" />

<exclusive-start id="1363" timestamp="2019-08-10T03:37:53.888" intervalms="790.761">
  <response-info timems="0.031" idlems="0.031" threads="0" lastid="0000000001B6CD00" lastname="node-24" />
</exclusive-start>
<af-start id="1364" threadId="0000000001B6D688" totalBytesRequested="24" timestamp="2019-08-10T03:37:53.888" intervalms="790.729" type="nursery" />
<cycle-start id="1365" type="scavenge" contextid="0" timestamp="2019-08-10T03:37:53.888" intervalms="790.780" />
<gc-start id="1366" type="scavenge" contextid="1365" timestamp="2019-08-10T03:37:53.888">
  <mem-info id="1367" free="4191740832" total="4203675648" percent="99">
    <mem type="nursery" free="0" total="2228224" percent="0">
      <mem type="allocate" free="0" total="1966080" percent="0" />
      <mem type="survivor" free="0" total="262144" percent="0" />
    </mem>
    <mem type="tenure" free="4191740832" total="4201447424" percent="99">
      <mem type="soa" free="3981669280" total="3991375872" percent="99" />
      <mem type="loa" free="210071552" total="210071552" percent="100" />
    </mem>
    <remembered-set count="391" />
  </mem-info>
</gc-start>
<allocation-stats totalBytes="1865408" >
  <allocated-bytes non-tlh="24" tlh="1865384" />
  <largest-consumer threadName="node-9" threadId="0000000001B4B200" bytes="90104" />
</allocation-stats>
<gc-op id="1368" type="scavenge" timems="7.487" contextid="1365" timestamp="2019-08-10T03:37:53.896">
  <scavenger-info tenureage="2" tenuremask="4004" tiltratio="88" />
  <memory-copied type="nursery" objects="2286" bytes="56576" bytesdiscarded="24064" />
  <memory-copied type="tenure" objects="899" bytes="21576" bytesdiscarded="0" />
</gc-op>
<gc-end id="1369" type="scavenge" contextid="1365" durationms="8.064" usertimems="6.403" systemtimems="8.994" timestamp="2019-08-10T03:37:53.896" activeThreads="16">
  <mem-info id="1370" free="4193610144" total="4203675648" percent="99">
    <mem type="nursery" free="1885440" total="2228224" percent="84">
      <mem type="allocate" free="1885440" total="1966080" percent="95" />
      <mem type="survivor" free="0" total="262144" percent="0" />
    </mem>
    <mem type="tenure" free="4191724704" total="4201447424" percent="99" macro-fragmented="0">
      <mem type="soa" free="3981653152" total="3991375872" percent="99" />
      <mem type="loa" free="210071552" total="210071552" percent="100" />
    </mem>
    <remembered-set count="323" />
  </mem-info>
</gc-end>
<cycle-end id="1371" type="scavenge" contextid="1365" timestamp="2019-08-10T03:37:53.896" />
  <attribute name="elasticGC enabled" value="1" />
  <attribute name= "numThreadsSpecified" value="16" />
  <attribute name="heapSize specified" value="8519680" />
  <attribute name="Current GC Util" value="0" />
  <attribute name= "Current Time Running" value="74034" />
  <attribute name ="GC Interval" value="200" />
  <attribute name="ProportionalT" value="-40.000000" />
  <attribute name="ProportionalI" value="-40.000000" />
  <attribute name="ProportionalH" value="-40.000000" />
  <attribute name="Current Error" value="-80.000000" />
  <attribute name="IntegralT" value="-31640.000000" />
  <attribute name="IntegralI" value="-31640.000000" />
  <attribute name="IntegralH" value="-31640.000000" />
  <attribute name="DerivativeT" value="-0.101138" />
  <attribute name="DerivativeI" value="-0.101138" />
  <attribute name="DerivativeH" value="-0.101138" />
  <attribute name="Loop Time for DT" value="791.000000" />
  <attribute name="Output H" value="4203675648"/>
  <attribute name="Output I" value="200"/>
  <attribute name="Output T" value="16"/>
  <attribute name="Target GC Util Change" value ="80.000000" />
  <attribute name="Current GC Util Change" value="0.000000"/>
  <attribute name="GC Util currently" value="0" />
  <attribute name="CPU Util currently" value="14" />
<allocation-satisfied id="1372" threadId="0000000001B6CD00" bytesRequested="24" />
<af-end id="1373" timestamp="2019-08-10T03:37:53.896" threadId="0000000001B6D688" success="true" from="nursery"/>
<exclusive-end id="1374" timestamp="2019-08-10T03:37:53.896" durationms="8.626" />

<exclusive-start id="1375" timestamp="2019-08-10T03:37:54.820" intervalms="932.116">
  <response-info timems="0.022" idlems="0.022" threads="0" lastid="0000000001B6CD00" lastname="node-24" />
</exclusive-start>
<af-start id="1376" threadId="0000000001B6D688" totalBytesRequested="32" timestamp="2019-08-10T03:37:54.820" intervalms="932.093" type="nursery" />
<cycle-start id="1377" type="scavenge" contextid="0" timestamp="2019-08-10T03:37:54.820" intervalms="932.050" />
<gc-start id="1378" type="scavenge" contextid="1377" timestamp="2019-08-10T03:37:54.820">
  <mem-info id="1379" free="4191724704" total="4203675648" percent="99">
    <mem type="nursery" free="0" total="2228224" percent="0">
      <mem type="allocate" free="0" total="1966080" percent="0" />
      <mem type="survivor" free="0" total="262144" percent="0" />
    </mem>
    <mem type="tenure" free="4191724704" total="4201447424" percent="99">
      <mem type="soa" free="3981653152" total="3991375872" percent="99" />
      <mem type="loa" free="210071552" total="210071552" percent="100" />
    </mem>
    <remembered-set count="391" />
  </mem-info>
</gc-start>
<allocation-stats totalBytes="1876616" >
  <allocated-bytes non-tlh="24" tlh="1876592" />
  <largest-consumer threadName="node-7" threadId="0000000001B7BD00" bytes="90072" />
</allocation-stats>
<gc-op id="1380" type="scavenge" timems="1.207" contextid="1377" timestamp="2019-08-10T03:37:54.821">
  <scavenger-info tenureage="2" tenuremask="4004" tiltratio="88" />
  <memory-copied type="nursery" objects="2391" bytes="59096" bytesdiscarded="86056" />
  <memory-copied type="tenure" objects="1117" bytes="26808" bytesdiscarded="0" />
</gc-op>
<gc-end id="1381" type="scavenge" contextid="1377" durationms="1.549" usertimems="1.345" systemtimems="1.373" timestamp="2019-08-10T03:37:54.822" activeThreads="16">
  <mem-info id="1382" free="4193513376" total="4203675648" percent="99">
    <mem type="nursery" free="1820928" total="2228224" percent="81">
      <mem type="allocate" free="1820928" total="1966080" percent="92" />
      <mem type="survivor" free="0" total="262144" percent="0" />
    </mem>
    <mem type="tenure" free="4191692448" total="4201447424" percent="99" macro-fragmented="0">
      <mem type="soa" free="3981620896" total="3991375872" percent="99" />
      <mem type="loa" free="210071552" total="210071552" percent="100" />
    </mem>
    <remembered-set count="326" />
  </mem-info>
</gc-end>
<cycle-end id="1383" type="scavenge" contextid="1377" timestamp="2019-08-10T03:37:54.822" />
  <attribute name="elasticGC enabled" value="1" />
  <attribute name= "numThreadsSpecified" value="16" />
  <attribute name="heapSize specified" value="8519680" />
  <attribute name="Current GC Util" value="1" />
  <attribute name= "Current Time Running" value="74966" />
  <attribute name ="GC Interval" value="200" />
  <attribute name="ProportionalT" value="-39.500000" />
  <attribute name="ProportionalI" value="-39.500000" />
  <attribute name="ProportionalH" value="-39.500000" />
  <attribute name="Current Error" value="-79.000000" />
  <attribute name="IntegralT" value="-36814.000000" />
  <attribute name="IntegralI" value="-36814.000000" />
  <attribute name="IntegralH" value="-36814.000000" />
  <attribute name="DerivativeT" value="-0.084764" />
  <attribute name="DerivativeI" value="-0.084764" />
  <attribute name="DerivativeH" value="-0.084764" />
  <attribute name="Loop Time for DT" value="932.000000" />
  <attribute name="Output H" value="4203675648"/>
  <attribute name="Output I" value="200"/>
  <attribute name="Output T" value="16"/>
  <attribute name="Target GC Util Change" value ="80.000000" />
  <attribute name="Current GC Util Change" value="1.000000"/>
  <attribute name="GC Util currently" value="1" />
  <attribute name="CPU Util currently" value="15" />
<allocation-satisfied id="1384" threadId="0000000001B6CD00" bytesRequested="32" />
<af-end id="1385" timestamp="2019-08-10T03:37:54.822" threadId="0000000001B6D688" success="true" from="nursery"/>
<exclusive-end id="1386" timestamp="2019-08-10T03:37:54.822" durationms="1.779" />

<exclusive-start id="1387" timestamp="2019-08-10T03:37:55.823" intervalms="1003.254">
  <response-info timems="0.051" idlems="0.051" threads="0" lastid="0000000001B5A200" lastname="node-2" />
</exclusive-start>
<af-start id="1388" threadId="0000000001B5AB88" totalBytesRequested="32" timestamp="2019-08-10T03:37:55.823" intervalms="1003.236" type="nursery" />
<cycle-start id="1389" type="scavenge" contextid="0" timestamp="2019-08-10T03:37:55.823" intervalms="1003.228" />
<gc-start id="1390" type="scavenge" contextid="1389" timestamp="2019-08-10T03:37:55.823">
  <mem-info id="1391" free="4191692448" total="4203675648" percent="99">
    <mem type="nursery" free="0" total="2228224" percent="0">
      <mem type="allocate" free="0" total="1966080" percent="0" />
      <mem type="survivor" free="0" total="262144" percent="0" />
    </mem>
    <mem type="tenure" free="4191692448" total="4201447424" percent="99">
      <mem type="soa" free="3981620896" total="3991375872" percent="99" />
      <mem type="loa" free="210071552" total="210071552" percent="100" />
    </mem>
    <remembered-set count="397" />
  </mem-info>
</gc-start>
<allocation-stats totalBytes="1814752" >
  <allocated-bytes non-tlh="32" tlh="1814720" />
  <largest-consumer threadName="node-9" threadId="0000000001B4B200" bytes="90088" />
</allocation-stats>
<gc-op id="1392" type="scavenge" timems="4.157" contextid="1389" timestamp="2019-08-10T03:37:55.828">
  <scavenger-info tenureage="2" tenuremask="4004" tiltratio="88" />
  <memory-copied type="nursery" objects="2852" bytes="70160" bytesdiscarded="65776" />
  <memory-copied type="tenure" objects="1029" bytes="24696" bytesdiscarded="0" />
</gc-op>
<gc-end id="1393" type="scavenge" contextid="1389" durationms="5.309" usertimems="4.925" systemtimems="5.607" timestamp="2019-08-10T03:37:55.829" activeThreads="16">
  <mem-info id="1394" free="4193490336" total="4203675648" percent="99">
    <mem type="nursery" free="1830144" total="2228224" percent="82">
      <mem type="allocate" free="1830144" total="1966080" percent="93" />
      <mem type="survivor" free="0" total="262144" percent="0" />
    </mem>
    <mem type="tenure" free="4191660192" total="4201447424" percent="99" macro-fragmented="0">
      <mem type="soa" free="3981588640" total="3991375872" percent="99" />
      <mem type="loa" free="210071552" total="210071552" percent="100" />
    </mem>
    <remembered-set count="329" />
  </mem-info>
</gc-end>
<cycle-end id="1395" type="scavenge" contextid="1389" timestamp="2019-08-10T03:37:55.829" />
  <attribute name="elasticGC enabled" value="1" />
  <attribute name= "numThreadsSpecified" value="16" />
  <attribute name="heapSize specified" value="8519680" />
  <attribute name="Current GC Util" value="0" />
  <attribute name= "Current Time Running" value="75970" />
  <attribute name ="GC Interval" value="200" />
  <attribute name="ProportionalT" value="-40.000000" />
  <attribute name="ProportionalI" value="-40.000000" />
  <attribute name="ProportionalH" value="-40.000000" />
  <attribute name="Current Error" value="-80.000000" />
  <attribute name="IntegralT" value="-40160.000000" />
  <attribute name="IntegralI" value="-40160.000000" />
  <attribute name="IntegralH" value="-40160.000000" />
  <attribute name="DerivativeT" value="-0.079681" />
  <attribute name="DerivativeI" value="-0.079681" />
  <attribute name="DerivativeH" value="-0.079681" />
  <attribute name="Loop Time for DT" value="1004.000000" />
  <attribute name="Output H" value="4203675648"/>
  <attribute name="Output I" value="200"/>
  <attribute name="Output T" value="16"/>
  <attribute name="Target GC Util Change" value ="80.000000" />
  <attribute name="Current GC Util Change" value="0.000000"/>
  <attribute name="GC Util currently" value="0" />
  <attribute name="CPU Util currently" value="15" />
<allocation-satisfied id="1396" threadId="0000000001B5A200" bytesRequested="32" />
<af-end id="1397" timestamp="2019-08-10T03:37:55.829" threadId="0000000001B5AB88" success="true" from="nursery"/>
<exclusive-end id="1398" timestamp="2019-08-10T03:37:55.829" durationms="5.544" />

<exclusive-start id="1399" timestamp="2019-08-10T03:37:56.655" intervalms="831.422">
  <response-info timems="0.469" idlems="0.469" threads="0" lastid="0000000001B7F900" lastname="node-0" />
</exclusive-start>
<af-start id="1400" threadId="0000000001B80288" totalBytesRequested="24" timestamp="2019-08-10T03:37:56.655" intervalms="831.474" type="nursery" />
<cycle-start id="1401" type="scavenge" contextid="0" timestamp="2019-08-10T03:37:56.655" intervalms="831.466" />
<gc-start id="1402" type="scavenge" contextid="1401" timestamp="2019-08-10T03:37:56.655">
  <mem-info id="1403" free="4191660192" total="4203675648" percent="99">
    <mem type="nursery" free="0" total="2228224" percent="0">
      <mem type="allocate" free="0" total="1966080" percent="0" />
      <mem type="survivor" free="0" total="262144" percent="0" />
    </mem>
    <mem type="tenure" free="4191660192" total="4201447424" percent="99">
      <mem type="soa" free="3981588640" total="3991375872" percent="99" />
      <mem type="loa" free="210071552" total="210071552" percent="100" />
    </mem>
    <remembered-set count="396" />
  </mem-info>
</gc-start>
<allocation-stats totalBytes="1828384" >
  <allocated-bytes non-tlh="32" tlh="1828352" />
  <largest-consumer threadName="node-13" threadId="0000000001B78100" bytes="90104" />
</allocation-stats>
<gc-op id="1404" type="scavenge" timems="1.263" contextid="1401" timestamp="2019-08-10T03:37:56.656">
  <scavenger-info tenureage="2" tenuremask="4004" tiltratio="88" />
  <memory-copied type="nursery" objects="2660" bytes="65608" bytesdiscarded="111800" />
  <memory-copied type="tenure" objects="1220" bytes="29280" bytesdiscarded="0" />
</gc-op>
<gc-end id="1405" type="scavenge" contextid="1401" durationms="1.679" usertimems="3.562" systemtimems="0.000" timestamp="2019-08-10T03:37:56.656" activeThreads="16">
  <mem-info id="1406" free="4193416608" total="4203675648" percent="99">
    <mem type="nursery" free="1788672" total="2228224" percent="80">
      <mem type="allocate" free="1788672" total="1966080" percent="90" />
      <mem type="survivor" free="0" total="262144" percent="0" />
    </mem>
    <mem type="tenure" free="4191627936" total="4201447424" percent="99" macro-fragmented="0">
      <mem type="soa" free="3981556384" total="3991375872" percent="99" />
      <mem type="loa" free="210071552" total="210071552" percent="100" />
    </mem>
    <remembered-set count="326" />
  </mem-info>
</gc-end>
<cycle-end id="1407" type="scavenge" contextid="1401" timestamp="2019-08-10T03:37:56.657" />
  <attribute name="elasticGC enabled" value="1" />
  <attribute name= "numThreadsSpecified" value="16" />
  <attribute name="heapSize specified" value="8519680" />
  <attribute name="Current GC Util" value="1" />
  <attribute name= "Current Time Running" value="76801" />
  <attribute name ="GC Interval" value="200" />
  <attribute name="ProportionalT" value="-39.500000" />
  <attribute name="ProportionalI" value="-39.500000" />
  <attribute name="ProportionalH" value="-39.500000" />
  <attribute name="Current Error" value="-79.000000" />
  <attribute name="IntegralT" value="-32824.500000" />
  <attribute name="IntegralI" value="-32824.500000" />
  <attribute name="IntegralH" value="-32824.500000" />
  <attribute name="DerivativeT" value="-0.095066" />
  <attribute name="DerivativeI" value="-0.095066" />
  <attribute name="DerivativeH" value="-0.095066" />
  <attribute name="Loop Time for DT" value="831.000000" />
  <attribute name="Output H" value="4203675648"/>
  <attribute name="Output I" value="200"/>
  <attribute name="Output T" value="16"/>
  <attribute name="Target GC Util Change" value ="80.000000" />
  <attribute name="Current GC Util Change" value="1.000000"/>
  <attribute name="GC Util currently" value="1" />
  <attribute name="CPU Util currently" value="14" />
<allocation-satisfied id="1408" threadId="0000000001B7F900" bytesRequested="24" />
<af-end id="1409" timestamp="2019-08-10T03:37:56.657" threadId="0000000001B80288" success="true" from="nursery"/>
<exclusive-end id="1410" timestamp="2019-08-10T03:37:56.657" durationms="2.016" />

<exclusive-start id="1411" timestamp="2019-08-10T03:37:57.498" intervalms="843.074">
  <response-info timems="0.140" idlems="0.140" threads="0" lastid="0000000001B70900" lastname="node-16" />
</exclusive-start>
<af-start id="1412" threadId="0000000001B71288" totalBytesRequested="24" timestamp="2019-08-10T03:37:57.498" intervalms="843.452" type="nursery" />
<cycle-start id="1413" type="scavenge" contextid="0" timestamp="2019-08-10T03:37:57.498" intervalms="843.491" />
<gc-start id="1414" type="scavenge" contextid="1413" timestamp="2019-08-10T03:37:57.498">
  <mem-info id="1415" free="4191627936" total="4203675648" percent="99">
    <mem type="nursery" free="0" total="2228224" percent="0">
      <mem type="allocate" free="0" total="1966080" percent="0" />
      <mem type="survivor" free="0" total="262144" percent="0" />
    </mem>
    <mem type="tenure" free="4191627936" total="4201447424" percent="99">
      <mem type="soa" free="3981556384" total="3991375872" percent="99" />
      <mem type="loa" free="210071552" total="210071552" percent="100" />
    </mem>
    <remembered-set count="397" />
  </mem-info>
</gc-start>
<allocation-stats totalBytes="1786632" >
  <allocated-bytes non-tlh="24" tlh="1786608" />
  <largest-consumer threadName="node-8" threadId="0000000001B74500" bytes="90096" />
</allocation-stats>
<gc-op id="1416" type="scavenge" timems="4.497" contextid="1413" timestamp="2019-08-10T03:37:57.503">
  <scavenger-info tenureage="2" tenuremask="4004" tiltratio="88" />
  <memory-copied type="nursery" objects="2351" bytes="58200" bytesdiscarded="22440" />
  <memory-copied type="tenure" objects="1490" bytes="35760" bytesdiscarded="0" />
</gc-op>
<gc-end id="1417" type="scavenge" contextid="1413" durationms="5.194" usertimems="8.269" systemtimems="7.089" timestamp="2019-08-10T03:37:57.503" activeThreads="16">
  <mem-info id="1418" free="4193473440" total="4203675648" percent="99">
    <mem type="nursery" free="1885440" total="2228224" percent="84">
      <mem type="allocate" free="1885440" total="1966080" percent="95" />
      <mem type="survivor" free="0" total="262144" percent="0" />
    </mem>
    <mem type="tenure" free="4191588000" total="4201447424" percent="99" macro-fragmented="0">
      <mem type="soa" free="3981516448" total="3991375872" percent="99" />
      <mem type="loa" free="210071552" total="210071552" percent="100" />
    </mem>
    <remembered-set count="323" />
  </mem-info>
</gc-end>
<cycle-end id="1419" type="scavenge" contextid="1413" timestamp="2019-08-10T03:37:57.504" />
  <attribute name="elasticGC enabled" value="1" />
  <attribute name= "numThreadsSpecified" value="16" />
  <attribute name="heapSize specified" value="8519680" />
  <attribute name="Current GC Util" value="0" />
  <attribute name= "Current Time Running" value="77645" />
  <attribute name ="GC Interval" value="200" />
  <attribute name="ProportionalT" value="-40.000000" />
  <attribute name="ProportionalI" value="-40.000000" />
  <attribute name="ProportionalH" value="-40.000000" />
  <attribute name="Current Error" value="-80.000000" />
  <attribute name="IntegralT" value="-33760.000000" />
  <attribute name="IntegralI" value="-33760.000000" />
  <attribute name="IntegralH" value="-33760.000000" />
  <attribute name="DerivativeT" value="-0.094787" />
  <attribute name="DerivativeI" value="-0.094787" />
  <attribute name="DerivativeH" value="-0.094787" />
  <attribute name="Loop Time for DT" value="844.000000" />
  <attribute name="Output H" value="4203675648"/>
  <attribute name="Output I" value="200"/>
  <attribute name="Output T" value="16"/>
  <attribute name="Target GC Util Change" value ="80.000000" />
  <attribute name="Current GC Util Change" value="0.000000"/>
  <attribute name="GC Util currently" value="0" />
  <attribute name="CPU Util currently" value="14" />
<allocation-satisfied id="1420" threadId="0000000001B70900" bytesRequested="24" />
<af-end id="1421" timestamp="2019-08-10T03:37:57.504" threadId="0000000001B71288" success="true" from="nursery"/>
<exclusive-end id="1422" timestamp="2019-08-10T03:37:57.504" durationms="6.305" />

<exclusive-start id="1423" timestamp="2019-08-10T03:37:58.387" intervalms="889.173">
  <response-info timems="0.714" idlems="0.714" threads="0" lastid="0000000001B43B00" lastname="node-11" />
</exclusive-start>
<af-start id="1424" threadId="0000000001B44488" totalBytesRequested="24" timestamp="2019-08-10T03:37:58.387" intervalms="889.172" type="nursery" />
<cycle-start id="1425" type="scavenge" contextid="0" timestamp="2019-08-10T03:37:58.387" intervalms="889.187" />
<gc-start id="1426" type="scavenge" contextid="1425" timestamp="2019-08-10T03:37:58.388">
  <mem-info id="1427" free="4191588000" total="4203675648" percent="99">
    <mem type="nursery" free="0" total="2228224" percent="0">
      <mem type="allocate" free="0" total="1966080" percent="0" />
      <mem type="survivor" free="0" total="262144" percent="0" />
    </mem>
    <mem type="tenure" free="4191588000" total="4201447424" percent="99">
      <mem type="soa" free="3981516448" total="3991375872" percent="99" />
      <mem type="loa" free="210071552" total="210071552" percent="100" />
    </mem>
    <remembered-set count="388" />
  </mem-info>
</gc-start>
<allocation-stats totalBytes="1884632" >
  <allocated-bytes non-tlh="24" tlh="1884608" />
  <largest-consumer threadName="node-16" threadId="0000000001B70900" bytes="90112" />
</allocation-stats>
<gc-op id="1428" type="scavenge" timems="2.212" contextid="1425" timestamp="2019-08-10T03:37:58.390">
  <scavenger-info tenureage="2" tenuremask="4004" tiltratio="88" />
  <memory-copied type="nursery" objects="2532" bytes="62552" bytesdiscarded="82600" />
  <memory-copied type="tenure" objects="1027" bytes="24648" bytesdiscarded="0" />
</gc-op>
<gc-end id="1429" type="scavenge" contextid="1425" durationms="2.524" usertimems="2.305" systemtimems="1.897" timestamp="2019-08-10T03:37:58.390" activeThreads="16">
  <mem-info id="1430" free="4193392800" total="4203675648" percent="99">
    <mem type="nursery" free="1820928" total="2228224" percent="81">
      <mem type="allocate" free="1820928" total="1966080" percent="92" />
      <mem type="survivor" free="0" total="262144" percent="0" />
    </mem>
    <mem type="tenure" free="4191571872" total="4201447424" percent="99" macro-fragmented="0">
      <mem type="soa" free="3981500320" total="3991375872" percent="99" />
      <mem type="loa" free="210071552" total="210071552" percent="100" />
    </mem>
    <remembered-set count="324" />
  </mem-info>
</gc-end>
<cycle-end id="1431" type="scavenge" contextid="1425" timestamp="2019-08-10T03:37:58.390" />
  <attribute name="elasticGC enabled" value="1" />
  <attribute name= "numThreadsSpecified" value="16" />
  <attribute name="heapSize specified" value="8519680" />
  <attribute name="Current GC Util" value="0" />
  <attribute name= "Current Time Running" value="78534" />
  <attribute name ="GC Interval" value="200" />
  <attribute name="ProportionalT" value="-40.000000" />
  <attribute name="ProportionalI" value="-40.000000" />
  <attribute name="ProportionalH" value="-40.000000" />
  <attribute name="Current Error" value="-80.000000" />
  <attribute name="IntegralT" value="-35560.000000" />
  <attribute name="IntegralI" value="-35560.000000" />
  <attribute name="IntegralH" value="-35560.000000" />
  <attribute name="DerivativeT" value="-0.089989" />
  <attribute name="DerivativeI" value="-0.089989" />
  <attribute name="DerivativeH" value="-0.089989" />
  <attribute name="Loop Time for DT" value="889.000000" />
  <attribute name="Output H" value="4203675648"/>
  <attribute name="Output I" value="200"/>
  <attribute name="Output T" value="16"/>
  <attribute name="Target GC Util Change" value ="80.000000" />
  <attribute name="Current GC Util Change" value="0.000000"/>
  <attribute name="GC Util currently" value="0" />
  <attribute name="CPU Util currently" value="14" />
<allocation-satisfied id="1432" threadId="0000000001B43B00" bytesRequested="24" />
<af-end id="1433" timestamp="2019-08-10T03:37:58.390" threadId="0000000001B44488" success="true" from="nursery"/>
<exclusive-end id="1434" timestamp="2019-08-10T03:37:58.390" durationms="3.231" />

<exclusive-start id="1435" timestamp="2019-08-10T03:37:59.028" intervalms="641.454">
  <response-info timems="0.711" idlems="0.711" threads="0" lastid="0000000001B34B00" lastname="node-23" />
</exclusive-start>
<af-start id="1436" threadId="0000000001B35488" totalBytesRequested="24" timestamp="2019-08-10T03:37:59.029" intervalms="641.133" type="nursery" />
<cycle-start id="1437" type="scavenge" contextid="0" timestamp="2019-08-10T03:37:59.029" intervalms="641.121" />
<gc-start id="1438" type="scavenge" contextid="1437" timestamp="2019-08-10T03:37:59.029">
  <mem-info id="1439" free="4191571872" total="4203675648" percent="99">
    <mem type="nursery" free="0" total="2228224" percent="0">
      <mem type="allocate" free="0" total="1966080" percent="0" />
      <mem type="survivor" free="0" total="262144" percent="0" />
    </mem>
    <mem type="tenure" free="4191571872" total="4201447424" percent="99">
      <mem type="soa" free="3981500320" total="3991375872" percent="99" />
      <mem type="loa" free="210071552" total="210071552" percent="100" />
    </mem>
    <remembered-set count="382" />
  </mem-info>
</gc-start>
<allocation-stats totalBytes="1819752" >
  <allocated-bytes non-tlh="24" tlh="1819728" />
  <largest-consumer threadName="node-21" threadId="0000000001B4EE00" bytes="90112" />
</allocation-stats>
<gc-op id="1440" type="scavenge" timems="2.855" contextid="1437" timestamp="2019-08-10T03:37:59.032">
  <scavenger-info tenureage="2" tenuremask="4004" tiltratio="88" />
  <memory-copied type="nursery" objects="2250" bytes="55832" bytesdiscarded="73192" />
  <memory-copied type="tenure" objects="1177" bytes="28248" bytesdiscarded="0" />
</gc-op>
<gc-end id="1441" type="scavenge" contextid="1437" durationms="3.520" usertimems="6.909" systemtimems="0.377" timestamp="2019-08-10T03:37:59.032" activeThreads="16">
  <mem-info id="1442" free="4193376672" total="4203675648" percent="99">
    <mem type="nursery" free="1837056" total="2228224" percent="82">
      <mem type="allocate" free="1837056" total="1966080" percent="93" />
      <mem type="survivor" free="0" total="262144" percent="0" />
    </mem>
    <mem type="tenure" free="4191539616" total="4201447424" percent="99" macro-fragmented="0">
      <mem type="soa" free="3981468064" total="3991375872" percent="99" />
      <mem type="loa" free="210071552" total="210071552" percent="100" />
    </mem>
    <remembered-set count="313" />
  </mem-info>
</gc-end>
<cycle-end id="1443" type="scavenge" contextid="1437" timestamp="2019-08-10T03:37:59.032" />
  <attribute name="elasticGC enabled" value="1" />
  <attribute name= "numThreadsSpecified" value="16" />
  <attribute name="heapSize specified" value="8519680" />
  <attribute name="Current GC Util" value="0" />
  <attribute name= "Current Time Running" value="79175" />
  <attribute name ="GC Interval" value="200" />
  <attribute name="ProportionalT" value="-40.000000" />
  <attribute name="ProportionalI" value="-40.000000" />
  <attribute name="ProportionalH" value="-40.000000" />
  <attribute name="Current Error" value="-80.000000" />
  <attribute name="IntegralT" value="-25640.000000" />
  <attribute name="IntegralI" value="-25640.000000" />
  <attribute name="IntegralH" value="-25640.000000" />
  <attribute name="DerivativeT" value="-0.124805" />
  <attribute name="DerivativeI" value="-0.124805" />
  <attribute name="DerivativeH" value="-0.124805" />
  <attribute name="Loop Time for DT" value="641.000000" />
  <attribute name="Output H" value="4203675648"/>
  <attribute name="Output I" value="200"/>
  <attribute name="Output T" value="16"/>
  <attribute name="Target GC Util Change" value ="80.000000" />
  <attribute name="Current GC Util Change" value="0.000000"/>
  <attribute name="GC Util currently" value="0" />
  <attribute name="CPU Util currently" value="14" />
<allocation-satisfied id="1444" threadId="0000000001B34B00" bytesRequested="24" />
<af-end id="1445" timestamp="2019-08-10T03:37:59.032" threadId="0000000001B35488" success="true" from="nursery"/>
<exclusive-end id="1446" timestamp="2019-08-10T03:37:59.032" durationms="3.998" />

<exclusive-start id="1447" timestamp="2019-08-10T03:37:59.883" intervalms="854.318">
  <response-info timems="0.054" idlems="0.054" threads="0" lastid="0000000001B6CD00" lastname="node-24" />
</exclusive-start>
<af-start id="1448" threadId="0000000001B6D688" totalBytesRequested="376" timestamp="2019-08-10T03:37:59.883" intervalms="854.224" type="nursery" />
<cycle-start id="1449" type="scavenge" contextid="0" timestamp="2019-08-10T03:37:59.883" intervalms="854.190" />
<gc-start id="1450" type="scavenge" contextid="1449" timestamp="2019-08-10T03:37:59.883">
  <mem-info id="1451" free="4191539616" total="4203675648" percent="99">
    <mem type="nursery" free="0" total="2228224" percent="0">
      <mem type="allocate" free="0" total="1966080" percent="0" />
      <mem type="survivor" free="0" total="262144" percent="0" />
    </mem>
    <mem type="tenure" free="4191539616" total="4201447424" percent="99">
      <mem type="soa" free="3981468064" total="3991375872" percent="99" />
      <mem type="loa" free="210071552" total="210071552" percent="100" />
    </mem>
    <remembered-set count="386" />
  </mem-info>
</gc-start>
<allocation-stats totalBytes="1834120" >
  <allocated-bytes non-tlh="24" tlh="1834096" />
  <largest-consumer threadName="node-19" threadId="0000000001B87100" bytes="90112" />
</allocation-stats>
<gc-op id="1452" type="scavenge" timems="1.215" contextid="1449" timestamp="2019-08-10T03:37:59.884">
  <scavenger-info tenureage="2" tenuremask="4004" tiltratio="88" />
  <memory-copied type="nursery" objects="2323" bytes="67112" bytesdiscarded="61912" />
  <memory-copied type="tenure" objects="1204" bytes="28896" bytesdiscarded="0" />
</gc-op>
<gc-end id="1453" type="scavenge" contextid="1449" durationms="1.484" usertimems="0.751" systemtimems="1.643" timestamp="2019-08-10T03:37:59.884" activeThreads="16">
  <mem-info id="1454" free="4193344416" total="4203675648" percent="99">
    <mem type="nursery" free="1837056" total="2228224" percent="82">
      <mem type="allocate" free="1837056" total="1966080" percent="93" />
      <mem type="survivor" free="0" total="262144" percent="0" />
    </mem>
    <mem type="tenure" free="4191507360" total="4201447424" percent="99" macro-fragmented="0">
      <mem type="soa" free="3981435808" total="3991375872" percent="99" />
      <mem type="loa" free="210071552" total="210071552" percent="100" />
    </mem>
    <remembered-set count="299" />
  </mem-info>
</gc-end>
<cycle-end id="1455" type="scavenge" contextid="1449" timestamp="2019-08-10T03:37:59.884" />
  <attribute name="elasticGC enabled" value="1" />
  <attribute name= "numThreadsSpecified" value="16" />
  <attribute name="heapSize specified" value="8519680" />
  <attribute name="Current GC Util" value="0" />
  <attribute name= "Current Time Running" value="80029" />
  <attribute name ="GC Interval" value="200" />
  <attribute name="ProportionalT" value="-40.000000" />
  <attribute name="ProportionalI" value="-40.000000" />
  <attribute name="ProportionalH" value="-40.000000" />
  <attribute name="Current Error" value="-80.000000" />
  <attribute name="IntegralT" value="-34160.000000" />
  <attribute name="IntegralI" value="-34160.000000" />
  <attribute name="IntegralH" value="-34160.000000" />
  <attribute name="DerivativeT" value="-0.093677" />
  <attribute name="DerivativeI" value="-0.093677" />
  <attribute name="DerivativeH" value="-0.093677" />
  <attribute name="Loop Time for DT" value="854.000000" />
  <attribute name="Output H" value="4203675648"/>
  <attribute name="Output I" value="200"/>
  <attribute name="Output T" value="16"/>
  <attribute name="Target GC Util Change" value ="80.000000" />
  <attribute name="Current GC Util Change" value="0.000000"/>
  <attribute name="GC Util currently" value="0" />
  <attribute name="CPU Util currently" value="15" />
<allocation-satisfied id="1456" threadId="0000000001B6CD00" bytesRequested="376" />
<af-end id="1457" timestamp="2019-08-10T03:37:59.884" threadId="0000000001B6D688" success="true" from="nursery"/>
<exclusive-end id="1458" timestamp="2019-08-10T03:37:59.884" durationms="1.761" />

<exclusive-start id="1459" timestamp="2019-08-10T03:38:00.666" intervalms="783.429">
  <response-info timems="0.032" idlems="0.032" threads="0" lastid="0000000001B78100" lastname="node-13" />
</exclusive-start>
<af-start id="1460" threadId="0000000001B78A88" totalBytesRequested="24" timestamp="2019-08-10T03:38:00.666" intervalms="783.438" type="nursery" />
<cycle-start id="1461" type="scavenge" contextid="0" timestamp="2019-08-10T03:38:00.666" intervalms="783.442" />
<gc-start id="1462" type="scavenge" contextid="1461" timestamp="2019-08-10T03:38:00.666">
  <mem-info id="1463" free="4191507360" total="4203675648" percent="99">
    <mem type="nursery" free="0" total="2228224" percent="0">
      <mem type="allocate" free="0" total="1966080" percent="0" />
      <mem type="survivor" free="0" total="262144" percent="0" />
    </mem>
    <mem type="tenure" free="4191507360" total="4201447424" percent="99">
      <mem type="soa" free="3981435808" total="3991375872" percent="99" />
      <mem type="loa" free="210071552" total="210071552" percent="100" />
    </mem>
    <remembered-set count="390" />
  </mem-info>
</gc-start>
<allocation-stats totalBytes="1830992" >
  <allocated-bytes non-tlh="376" tlh="1830616" />
  <largest-consumer threadName="node-24" threadId="0000000001B6CD00" bytes="90472" />
</allocation-stats>
<gc-op id="1464" type="scavenge" timems="2.351" contextid="1461" timestamp="2019-08-10T03:38:00.669">
  <scavenger-info tenureage="2" tenuremask="4004" tiltratio="88" />
  <memory-copied type="nursery" objects="2740" bytes="67472" bytesdiscarded="77680" />
  <memory-copied type="tenure" objects="896" bytes="21504" bytesdiscarded="0" />
</gc-op>
<gc-end id="1465" type="scavenge" contextid="1461" durationms="2.670" usertimems="1.829" systemtimems="2.430" timestamp="2019-08-10T03:38:00.669" activeThreads="16">
  <mem-info id="1466" free="4193296032" total="4203675648" percent="99">
    <mem type="nursery" free="1820928" total="2228224" percent="81">
      <mem type="allocate" free="1820928" total="1966080" percent="92" />
      <mem type="survivor" free="0" total="262144" percent="0" />
    </mem>
    <mem type="tenure" free="4191475104" total="4201447424" percent="99" macro-fragmented="0">
      <mem type="soa" free="3981403552" total="3991375872" percent="99" />
      <mem type="loa" free="210071552" total="210071552" percent="100" />
    </mem>
    <remembered-set count="326" />
  </mem-info>
</gc-end>
<cycle-end id="1467" type="scavenge" contextid="1461" timestamp="2019-08-10T03:38:00.669" />
  <attribute name="elasticGC enabled" value="1" />
  <attribute name= "numThreadsSpecified" value="16" />
  <attribute name="heapSize specified" value="8519680" />
  <attribute name="Current GC Util" value="0" />
  <attribute name= "Current Time Running" value="80813" />
  <attribute name ="GC Interval" value="200" />
  <attribute name="ProportionalT" value="-40.000000" />
  <attribute name="ProportionalI" value="-40.000000" />
  <attribute name="ProportionalH" value="-40.000000" />
  <attribute name="Current Error" value="-80.000000" />
  <attribute name="IntegralT" value="-31360.000000" />
  <attribute name="IntegralI" value="-31360.000000" />
  <attribute name="IntegralH" value="-31360.000000" />
  <attribute name="DerivativeT" value="-0.102041" />
  <attribute name="DerivativeI" value="-0.102041" />
  <attribute name="DerivativeH" value="-0.102041" />
  <attribute name="Loop Time for DT" value="784.000000" />
  <attribute name="Output H" value="4203675648"/>
  <attribute name="Output I" value="200"/>
  <attribute name="Output T" value="16"/>
  <attribute name="Target GC Util Change" value ="80.000000" />
  <attribute name="Current GC Util Change" value="0.000000"/>
  <attribute name="GC Util currently" value="0" />
  <attribute name="CPU Util currently" value="15" />
<allocation-satisfied id="1468" threadId="0000000001B78100" bytesRequested="24" />
<af-end id="1469" timestamp="2019-08-10T03:38:00.669" threadId="0000000001B78A88" success="true" from="nursery"/>
<exclusive-end id="1470" timestamp="2019-08-10T03:38:00.669" durationms="3.098" />

<exclusive-start id="1471" timestamp="2019-08-10T03:38:01.397" intervalms="730.576">
  <response-info timems="0.023" idlems="0.023" threads="0" lastid="0000000001B29700" lastname="node-10" />
</exclusive-start>
<af-start id="1472" threadId="0000000001B2A088" totalBytesRequested="48" timestamp="2019-08-10T03:38:01.397" intervalms="730.561" type="nursery" />
<cycle-start id="1473" type="scavenge" contextid="0" timestamp="2019-08-10T03:38:01.397" intervalms="731.061" />
<gc-start id="1474" type="scavenge" contextid="1473" timestamp="2019-08-10T03:38:01.397">
  <mem-info id="1475" free="4191475104" total="4203675648" percent="99">
    <mem type="nursery" free="0" total="2228224" percent="0">
      <mem type="allocate" free="0" total="1966080" percent="0" />
      <mem type="survivor" free="0" total="262144" percent="0" />
    </mem>
    <mem type="tenure" free="4191475104" total="4201447424" percent="99">
      <mem type="soa" free="3981403552" total="3991375872" percent="99" />
      <mem type="loa" free="210071552" total="210071552" percent="100" />
    </mem>
    <remembered-set count="388" />
  </mem-info>
</gc-start>
<allocation-stats totalBytes="1817528" >
  <allocated-bytes non-tlh="24" tlh="1817504" />
  <largest-consumer threadName="node-7" threadId="0000000001B7BD00" bytes="90096" />
</allocation-stats>
<gc-op id="1476" type="scavenge" timems="3.188" contextid="1473" timestamp="2019-08-10T03:38:01.401">
  <scavenger-info tenureage="2" tenuremask="4004" tiltratio="88" />
  <memory-copied type="nursery" objects="2575" bytes="62200" bytesdiscarded="66824" />
  <memory-copied type="tenure" objects="1263" bytes="30312" bytesdiscarded="0" />
</gc-op>
<gc-end id="1477" type="scavenge" contextid="1473" durationms="3.858" usertimems="0.000" systemtimems="5.009" timestamp="2019-08-10T03:38:01.401" activeThreads="16">
  <mem-info id="1478" free="4193279904" total="4203675648" percent="99">
    <mem type="nursery" free="1837056" total="2228224" percent="82">
      <mem type="allocate" free="1837056" total="1966080" percent="93" />
      <mem type="survivor" free="0" total="262144" percent="0" />
    </mem>
    <mem type="tenure" free="4191442848" total="4201447424" percent="99" macro-fragmented="0">
      <mem type="soa" free="3981371296" total="3991375872" percent="99" />
      <mem type="loa" free="210071552" total="210071552" percent="100" />
    </mem>
    <remembered-set count="290" />
  </mem-info>
</gc-end>
<cycle-end id="1479" type="scavenge" contextid="1473" timestamp="2019-08-10T03:38:01.401" />
  <attribute name="elasticGC enabled" value="1" />
  <attribute name= "numThreadsSpecified" value="16" />
  <attribute name="heapSize specified" value="8519680" />
  <attribute name="Current GC Util" value="0" />
  <attribute name= "Current Time Running" value="81544" />
  <attribute name ="GC Interval" value="200" />
  <attribute name="ProportionalT" value="-40.000000" />
  <attribute name="ProportionalI" value="-40.000000" />
  <attribute name="ProportionalH" value="-40.000000" />
  <attribute name="Current Error" value="-80.000000" />
  <attribute name="IntegralT" value="-29240.000000" />
  <attribute name="IntegralI" value="-29240.000000" />
  <attribute name="IntegralH" value="-29240.000000" />
  <attribute name="DerivativeT" value="-0.109439" />
  <attribute name="DerivativeI" value="-0.109439" />
  <attribute name="DerivativeH" value="-0.109439" />
  <attribute name="Loop Time for DT" value="731.000000" />
  <attribute name="Output H" value="4203675648"/>
  <attribute name="Output I" value="200"/>
  <attribute name="Output T" value="16"/>
  <attribute name="Target GC Util Change" value ="80.000000" />
  <attribute name="Current GC Util Change" value="0.000000"/>
  <attribute name="GC Util currently" value="0" />
  <attribute name="CPU Util currently" value="13" />
<allocation-satisfied id="1480" threadId="0000000001B29700" bytesRequested="48" />
<af-end id="1481" timestamp="2019-08-10T03:38:01.401" threadId="0000000001B2A088" success="true" from="nursery"/>
<exclusive-end id="1482" timestamp="2019-08-10T03:38:01.401" durationms="4.785" />

<exclusive-start id="1483" timestamp="2019-08-10T03:38:02.431" intervalms="1033.884">
  <response-info timems="0.358" idlems="0.358" threads="0" lastid="0000000001B69200" lastname="node-25" />
</exclusive-start>
<af-start id="1484" threadId="0000000001B69B88" totalBytesRequested="24" timestamp="2019-08-10T03:38:02.431" intervalms="1033.906" type="nursery" />
<cycle-start id="1485" type="scavenge" contextid="0" timestamp="2019-08-10T03:38:02.431" intervalms="1033.420" />
<gc-start id="1486" type="scavenge" contextid="1485" timestamp="2019-08-10T03:38:02.431">
  <mem-info id="1487" free="4191442848" total="4203675648" percent="99">
    <mem type="nursery" free="0" total="2228224" percent="0">
      <mem type="allocate" free="0" total="1966080" percent="0" />
      <mem type="survivor" free="0" total="262144" percent="0" />
    </mem>
    <mem type="tenure" free="4191442848" total="4201447424" percent="99">
      <mem type="soa" free="3981371296" total="3991375872" percent="99" />
      <mem type="loa" free="210071552" total="210071552" percent="100" />
    </mem>
    <remembered-set count="393" />
  </mem-info>
</gc-start>
<allocation-stats totalBytes="1835744" >
  <allocated-bytes non-tlh="48" tlh="1835696" />
  <largest-consumer threadName="node-10" threadId="0000000001B29700" bytes="90120" />
</allocation-stats>
<gc-op id="1488" type="scavenge" timems="3.598" contextid="1485" timestamp="2019-08-10T03:38:02.434">
  <scavenger-info tenureage="2" tenuremask="4004" tiltratio="88" />
  <memory-copied type="nursery" objects="2775" bytes="68312" bytesdiscarded="76840" />
  <memory-copied type="tenure" objects="1336" bytes="32064" bytesdiscarded="192" />
</gc-op>
<gc-end id="1489" type="scavenge" contextid="1485" durationms="3.701" usertimems="2.163" systemtimems="4.229" timestamp="2019-08-10T03:38:02.434" activeThreads="16">
  <mem-info id="1490" free="4193231520" total="4203675648" percent="99">
    <mem type="nursery" free="1820928" total="2228224" percent="81">
      <mem type="allocate" free="1820928" total="1966080" percent="92" />
      <mem type="survivor" free="0" total="262144" percent="0" />
    </mem>
    <mem type="tenure" free="4191410592" total="4201447424" percent="99" macro-fragmented="0">
      <mem type="soa" free="3981339040" total="3991375872" percent="99" />
      <mem type="loa" free="210071552" total="210071552" percent="100" />
    </mem>
    <remembered-set count="326" />
  </mem-info>
</gc-end>
<cycle-end id="1491" type="scavenge" contextid="1485" timestamp="2019-08-10T03:38:02.434" />
  <attribute name="elasticGC enabled" value="1" />
  <attribute name= "numThreadsSpecified" value="16" />
  <attribute name="heapSize specified" value="8519680" />
  <attribute name="Current GC Util" value="0" />
  <attribute name= "Current Time Running" value="82577" />
  <attribute name ="GC Interval" value="200" />
  <attribute name="ProportionalT" value="-40.000000" />
  <attribute name="ProportionalI" value="-40.000000" />
  <attribute name="ProportionalH" value="-40.000000" />
  <attribute name="Current Error" value="-80.000000" />
  <attribute name="IntegralT" value="-41320.000000" />
  <attribute name="IntegralI" value="-41320.000000" />
  <attribute name="IntegralH" value="-41320.000000" />
  <attribute name="DerivativeT" value="-0.077444" />
  <attribute name="DerivativeI" value="-0.077444" />
  <attribute name="DerivativeH" value="-0.077444" />
  <attribute name="Loop Time for DT" value="1033.000000" />
  <attribute name="Output H" value="4203675648"/>
  <attribute name="Output I" value="200"/>
  <attribute name="Output T" value="16"/>
  <attribute name="Target GC Util Change" value ="80.000000" />
  <attribute name="Current GC Util Change" value="0.000000"/>
  <attribute name="GC Util currently" value="0" />
  <attribute name="CPU Util currently" value="15" />
<allocation-satisfied id="1492" threadId="0000000001B69200" bytesRequested="24" />
<af-end id="1493" timestamp="2019-08-10T03:38:02.434" threadId="0000000001B69B88" success="true" from="nursery"/>
<exclusive-end id="1494" timestamp="2019-08-10T03:38:02.435" durationms="3.959" />

<exclusive-start id="1495" timestamp="2019-08-10T03:38:03.192" intervalms="761.493">
  <response-info timems="0.115" idlems="0.115" threads="0" lastid="0000000001B29700" lastname="node-10" />
</exclusive-start>
<af-start id="1496" threadId="0000000001B2A088" totalBytesRequested="32" timestamp="2019-08-10T03:38:03.192" intervalms="761.460" type="nursery" />
<cycle-start id="1497" type="scavenge" contextid="0" timestamp="2019-08-10T03:38:03.192" intervalms="761.440" />
<gc-start id="1498" type="scavenge" contextid="1497" timestamp="2019-08-10T03:38:03.192">
  <mem-info id="1499" free="4191410592" total="4203675648" percent="99">
    <mem type="nursery" free="0" total="2228224" percent="0">
      <mem type="allocate" free="0" total="1966080" percent="0" />
      <mem type="survivor" free="0" total="262144" percent="0" />
    </mem>
    <mem type="tenure" free="4191410592" total="4201447424" percent="99">
      <mem type="soa" free="3981339040" total="3991375872" percent="99" />
      <mem type="loa" free="210071552" total="210071552" percent="100" />
    </mem>
    <remembered-set count="394" />
  </mem-info>
</gc-start>
<allocation-stats totalBytes="1815048" >
  <allocated-bytes non-tlh="24" tlh="1815024" />
  <largest-consumer threadName="node-9" threadId="0000000001B4B200" bytes="90104" />
</allocation-stats>
<gc-op id="1500" type="scavenge" timems="2.247" contextid="1497" timestamp="2019-08-10T03:38:03.194">
  <scavenger-info tenureage="2" tenuremask="4004" tiltratio="88" />
  <memory-copied type="nursery" objects="2688" bytes="66224" bytesdiscarded="46672" />
  <memory-copied type="tenure" objects="1116" bytes="26784" bytesdiscarded="0" />
</gc-op>
<gc-end id="1501" type="scavenge" contextid="1497" durationms="2.529" usertimems="3.198" systemtimems="2.258" timestamp="2019-08-10T03:38:03.195" activeThreads="16">
  <mem-info id="1502" free="4193231520" total="4203675648" percent="99">
    <mem type="nursery" free="1853184" total="2228224" percent="83">
      <mem type="allocate" free="1853184" total="1966080" percent="94" />
      <mem type="survivor" free="0" total="262144" percent="0" />
    </mem>
    <mem type="tenure" free="4191378336" total="4201447424" percent="99" macro-fragmented="0">
      <mem type="soa" free="3981306784" total="3991375872" percent="99" />
      <mem type="loa" free="210071552" total="210071552" percent="100" />
    </mem>
    <remembered-set count="328" />
  </mem-info>
</gc-end>
<cycle-end id="1503" type="scavenge" contextid="1497" timestamp="2019-08-10T03:38:03.195" />
  <attribute name="elasticGC enabled" value="1" />
  <attribute name= "numThreadsSpecified" value="16" />
  <attribute name="heapSize specified" value="8519680" />
  <attribute name="Current GC Util" value="0" />
  <attribute name= "Current Time Running" value="83338" />
  <attribute name ="GC Interval" value="200" />
  <attribute name="ProportionalT" value="-40.000000" />
  <attribute name="ProportionalI" value="-40.000000" />
  <attribute name="ProportionalH" value="-40.000000" />
  <attribute name="Current Error" value="-80.000000" />
  <attribute name="IntegralT" value="-30440.000000" />
  <attribute name="IntegralI" value="-30440.000000" />
  <attribute name="IntegralH" value="-30440.000000" />
  <attribute name="DerivativeT" value="-0.105125" />
  <attribute name="DerivativeI" value="-0.105125" />
  <attribute name="DerivativeH" value="-0.105125" />
  <attribute name="Loop Time for DT" value="761.000000" />
  <attribute name="Output H" value="4203675648"/>
  <attribute name="Output I" value="200"/>
  <attribute name="Output T" value="16"/>
  <attribute name="Target GC Util Change" value ="80.000000" />
  <attribute name="Current GC Util Change" value="0.000000"/>
  <attribute name="GC Util currently" value="0" />
  <attribute name="CPU Util currently" value="14" />
<allocation-satisfied id="1504" threadId="0000000001B29700" bytesRequested="32" />
<af-end id="1505" timestamp="2019-08-10T03:38:03.195" threadId="0000000001B2A088" success="true" from="nursery"/>
<exclusive-end id="1506" timestamp="2019-08-10T03:38:03.195" durationms="2.890" />

<exclusive-start id="1507" timestamp="2019-08-10T03:38:03.743" intervalms="550.829">
  <response-info timems="0.024" idlems="0.024" threads="0" lastid="0000000001B52A00" lastname="node-6" />
</exclusive-start>
<af-start id="1508" threadId="0000000001B53388" totalBytesRequested="24" timestamp="2019-08-10T03:38:03.743" intervalms="550.837" type="nursery" />
<cycle-start id="1509" type="scavenge" contextid="0" timestamp="2019-08-10T03:38:03.743" intervalms="550.840" />
<gc-start id="1510" type="scavenge" contextid="1509" timestamp="2019-08-10T03:38:03.743">
  <mem-info id="1511" free="4191378336" total="4203675648" percent="99">
    <mem type="nursery" free="0" total="2228224" percent="0">
      <mem type="allocate" free="0" total="1966080" percent="0" />
      <mem type="survivor" free="0" total="262144" percent="0" />
    </mem>
    <mem type="tenure" free="4191378336" total="4201447424" percent="99">
      <mem type="soa" free="3981306784" total="3991375872" percent="99" />
      <mem type="loa" free="210071552" total="210071552" percent="100" />
    </mem>
    <remembered-set count="392" />
  </mem-info>
</gc-start>
<allocation-stats totalBytes="1850784" >
  <allocated-bytes non-tlh="32" tlh="1850752" />
  <largest-consumer threadName="node-14" threadId="0000000001B3FF00" bytes="90104" />
</allocation-stats>
<gc-op id="1512" type="scavenge" timems="3.294" contextid="1509" timestamp="2019-08-10T03:38:03.746">
  <scavenger-info tenureage="2" tenuremask="4004" tiltratio="88" />
  <memory-copied type="nursery" objects="1874" bytes="46688" bytesdiscarded="82336" />
  <memory-copied type="tenure" objects="1519" bytes="36456" bytesdiscarded="0" />
</gc-op>
<gc-end id="1513" type="scavenge" contextid="1509" durationms="3.460" usertimems="0.000" systemtimems="5.800" timestamp="2019-08-10T03:38:03.746" activeThreads="16">
  <mem-info id="1514" free="4193183136" total="4203675648" percent="99">
    <mem type="nursery" free="1837056" total="2228224" percent="82">
      <mem type="allocate" free="1837056" total="1966080" percent="93" />
      <mem type="survivor" free="0" total="262144" percent="0" />
    </mem>
    <mem type="tenure" free="4191346080" total="4201447424" percent="99" macro-fragmented="0">
      <mem type="soa" free="3981274528" total="3991375872" percent="99" />
      <mem type="loa" free="210071552" total="210071552" percent="100" />
    </mem>
    <remembered-set count="321" />
  </mem-info>
</gc-end>
<cycle-end id="1515" type="scavenge" contextid="1509" timestamp="2019-08-10T03:38:03.747" />
  <attribute name="elasticGC enabled" value="1" />
  <attribute name= "numThreadsSpecified" value="16" />
  <attribute name="heapSize specified" value="8519680" />
  <attribute name="Current GC Util" value="0" />
  <attribute name= "Current Time Running" value="83889" />
  <attribute name ="GC Interval" value="200" />
  <attribute name="ProportionalT" value="-40.000000" />
  <attribute name="ProportionalI" value="-40.000000" />
  <attribute name="ProportionalH" value="-40.000000" />
  <attribute name="Current Error" value="-80.000000" />
  <attribute name="IntegralT" value="-22040.000000" />
  <attribute name="IntegralI" value="-22040.000000" />
  <attribute name="IntegralH" value="-22040.000000" />
  <attribute name="DerivativeT" value="-0.145191" />
  <attribute name="DerivativeI" value="-0.145191" />
  <attribute name="DerivativeH" value="-0.145191" />
  <attribute name="Loop Time for DT" value="551.000000" />
  <attribute name="Output H" value="4203675648"/>
  <attribute name="Output I" value="200"/>
  <attribute name="Output T" value="16"/>
  <attribute name="Target GC Util Change" value ="80.000000" />
  <attribute name="Current GC Util Change" value="0.000000"/>
  <attribute name="GC Util currently" value="0" />
  <attribute name="CPU Util currently" value="12" />
<allocation-satisfied id="1516" threadId="0000000001B52A00" bytesRequested="24" />
<af-end id="1517" timestamp="2019-08-10T03:38:03.747" threadId="0000000001B53388" success="true" from="nursery"/>
<exclusive-end id="1518" timestamp="2019-08-10T03:38:03.747" durationms="3.681" />

<exclusive-start id="1519" timestamp="2019-08-10T03:38:04.256" intervalms="512.705">
  <response-info timems="0.560" idlems="0.289" threads="1" lastid="0000000001B34B00" lastname="node-23" />
</exclusive-start>
<af-start id="1520" threadId="0000000001B78A88" totalBytesRequested="16" timestamp="2019-08-10T03:38:04.256" intervalms="512.977" type="nursery" />
<cycle-start id="1521" type="scavenge" contextid="0" timestamp="2019-08-10T03:38:04.256" intervalms="513.337" />
<gc-start id="1522" type="scavenge" contextid="1521" timestamp="2019-08-10T03:38:04.257">
  <mem-info id="1523" free="4191346080" total="4203675648" percent="99">
    <mem type="nursery" free="0" total="2228224" percent="0">
      <mem type="allocate" free="0" total="1966080" percent="0" />
      <mem type="survivor" free="0" total="262144" percent="0" />
    </mem>
    <mem type="tenure" free="4191346080" total="4201447424" percent="99">
      <mem type="soa" free="3981274528" total="3991375872" percent="99" />
      <mem type="loa" free="210071552" total="210071552" percent="100" />
    </mem>
    <remembered-set count="382" />
  </mem-info>
</gc-start>
<allocation-stats totalBytes="1835216" >
  <allocated-bytes non-tlh="24" tlh="1835192" />
  <largest-consumer threadName="node-25" threadId="0000000001B69200" bytes="90104" />
</allocation-stats>
<gc-op id="1524" type="scavenge" timems="3.549" contextid="1521" timestamp="2019-08-10T03:38:04.261">
  <scavenger-info tenureage="2" tenuremask="4004" tiltratio="88" />
  <memory-copied type="nursery" objects="1567" bytes="48728" bytesdiscarded="48040" />
  <memory-copied type="tenure" objects="1027" bytes="24648" bytesdiscarded="0" />
</gc-op>
<gc-end id="1525" type="scavenge" contextid="1521" durationms="4.365" usertimems="0.908" systemtimems="3.342" timestamp="2019-08-10T03:38:04.261" activeThreads="16">
  <mem-info id="1526" free="4193199264" total="4203675648" percent="99">
    <mem type="nursery" free="1869312" total="2228224" percent="83">
      <mem type="allocate" free="1869312" total="1966080" percent="95" />
      <mem type="survivor" free="0" total="262144" percent="0" />
    </mem>
    <mem type="tenure" free="4191329952" total="4201447424" percent="99" macro-fragmented="0">
      <mem type="soa" free="3981258400" total="3991375872" percent="99" />
      <mem type="loa" free="210071552" total="210071552" percent="100" />
    </mem>
    <remembered-set count="295" />
  </mem-info>
</gc-end>
<cycle-end id="1527" type="scavenge" contextid="1521" timestamp="2019-08-10T03:38:04.261" />
  <attribute name="elasticGC enabled" value="1" />
  <attribute name= "numThreadsSpecified" value="16" />
  <attribute name="heapSize specified" value="8519680" />
  <attribute name="Current GC Util" value="1" />
  <attribute name= "Current Time Running" value="84403" />
  <attribute name ="GC Interval" value="200" />
  <attribute name="ProportionalT" value="-39.500000" />
  <attribute name="ProportionalI" value="-39.500000" />
  <attribute name="ProportionalH" value="-39.500000" />
  <attribute name="Current Error" value="-79.000000" />
  <attribute name="IntegralT" value="-20303.000000" />
  <attribute name="IntegralI" value="-20303.000000" />
  <attribute name="IntegralH" value="-20303.000000" />
  <attribute name="DerivativeT" value="-0.153696" />
  <attribute name="DerivativeI" value="-0.153696" />
  <attribute name="DerivativeH" value="-0.153696" />
  <attribute name="Loop Time for DT" value="514.000000" />
  <attribute name="Output H" value="4203675648"/>
  <attribute name="Output I" value="200"/>
  <attribute name="Output T" value="16"/>
  <attribute name="Target GC Util Change" value ="80.000000" />
  <attribute name="Current GC Util Change" value="1.000000"/>
  <attribute name="GC Util currently" value="1" />
  <attribute name="CPU Util currently" value="10" />
<allocation-satisfied id="1528" threadId="0000000001B78100" bytesRequested="16" />
<af-end id="1529" timestamp="2019-08-10T03:38:04.261" threadId="0000000001B78A88" success="true" from="nursery"/>
<exclusive-end id="1530" timestamp="2019-08-10T03:38:04.261" durationms="5.539" />

<exclusive-start id="1531" timestamp="2019-08-10T03:38:05.075" intervalms="819.183">
  <response-info timems="0.188" idlems="0.188" threads="0" lastid="0000000001B5A200" lastname="node-2" />
</exclusive-start>
<af-start id="1532" threadId="0000000001B5AB88" totalBytesRequested="32" timestamp="2019-08-10T03:38:05.075" intervalms="819.188" type="nursery" />
<cycle-start id="1533" type="scavenge" contextid="0" timestamp="2019-08-10T03:38:05.075" intervalms="818.827" />
<gc-start id="1534" type="scavenge" contextid="1533" timestamp="2019-08-10T03:38:05.075">
  <mem-info id="1535" free="4191329952" total="4203675648" percent="99">
    <mem type="nursery" free="0" total="2228224" percent="0">
      <mem type="allocate" free="0" total="1966080" percent="0" />
      <mem type="survivor" free="0" total="262144" percent="0" />
    </mem>
    <mem type="tenure" free="4191329952" total="4201447424" percent="99">
      <mem type="soa" free="3981258400" total="3991375872" percent="99" />
      <mem type="loa" free="210071552" total="210071552" percent="100" />
    </mem>
    <remembered-set count="384" />
  </mem-info>
</gc-start>
<allocation-stats totalBytes="1867352" >
  <allocated-bytes non-tlh="16" tlh="1867336" />
  <largest-consumer threadName="node-8" threadId="0000000001B74500" bytes="90104" />
</allocation-stats>
<gc-op id="1536" type="scavenge" timems="1.242" contextid="1533" timestamp="2019-08-10T03:38:05.077">
  <scavenger-info tenureage="2" tenuremask="4004" tiltratio="88" />
  <memory-copied type="nursery" objects="2032" bytes="50536" bytesdiscarded="78488" />
  <memory-copied type="tenure" objects="706" bytes="16944" bytesdiscarded="0" />
</gc-op>
<gc-end id="1537" type="scavenge" contextid="1533" durationms="1.671" usertimems="5.484" systemtimems="0.135" timestamp="2019-08-10T03:38:05.077" activeThreads="16">
  <mem-info id="1538" free="4193150880" total="4203675648" percent="99">
    <mem type="nursery" free="1837056" total="2228224" percent="82">
      <mem type="allocate" free="1837056" total="1966080" percent="93" />
      <mem type="survivor" free="0" total="262144" percent="0" />
    </mem>
    <mem type="tenure" free="4191313824" total="4201447424" percent="99" macro-fragmented="0">
      <mem type="soa" free="3981242272" total="3991375872" percent="99" />
      <mem type="loa" free="210071552" total="210071552" percent="100" />
    </mem>
    <remembered-set count="320" />
  </mem-info>
</gc-end>
<cycle-end id="1539" type="scavenge" contextid="1533" timestamp="2019-08-10T03:38:05.077" />
  <attribute name="elasticGC enabled" value="1" />
  <attribute name= "numThreadsSpecified" value="16" />
  <attribute name="heapSize specified" value="8519680" />
  <attribute name="Current GC Util" value="0" />
  <attribute name= "Current Time Running" value="85221" />
  <attribute name ="GC Interval" value="200" />
  <attribute name="ProportionalT" value="-40.000000" />
  <attribute name="ProportionalI" value="-40.000000" />
  <attribute name="ProportionalH" value="-40.000000" />
  <attribute name="Current Error" value="-80.000000" />
  <attribute name="IntegralT" value="-32720.000000" />
  <attribute name="IntegralI" value="-32720.000000" />
  <attribute name="IntegralH" value="-32720.000000" />
  <attribute name="DerivativeT" value="-0.097800" />
  <attribute name="DerivativeI" value="-0.097800" />
  <attribute name="DerivativeH" value="-0.097800" />
  <attribute name="Loop Time for DT" value="818.000000" />
  <attribute name="Output H" value="4203675648"/>
  <attribute name="Output I" value="200"/>
  <attribute name="Output T" value="16"/>
  <attribute name="Target GC Util Change" value ="80.000000" />
  <attribute name="Current GC Util Change" value="0.000000"/>
  <attribute name="GC Util currently" value="0" />
  <attribute name="CPU Util currently" value="13" />
<allocation-satisfied id="1540" threadId="0000000001B5A200" bytesRequested="32" />
<af-end id="1541" timestamp="2019-08-10T03:38:05.077" threadId="0000000001B5AB88" success="true" from="nursery"/>
<exclusive-end id="1542" timestamp="2019-08-10T03:38:05.077" durationms="2.264" />

<exclusive-start id="1543" timestamp="2019-08-10T03:38:05.880" intervalms="805.683">
  <response-info timems="0.291" idlems="0.291" threads="0" lastid="0000000001B70900" lastname="node-16" />
</exclusive-start>
<af-start id="1544" threadId="0000000001B71288" totalBytesRequested="24" timestamp="2019-08-10T03:38:05.881" intervalms="805.414" type="nursery" />
<cycle-start id="1545" type="scavenge" contextid="0" timestamp="2019-08-10T03:38:05.881" intervalms="805.417" />
<gc-start id="1546" type="scavenge" contextid="1545" timestamp="2019-08-10T03:38:05.881">
  <mem-info id="1547" free="4191313824" total="4203675648" percent="99">
    <mem type="nursery" free="0" total="2228224" percent="0">
      <mem type="allocate" free="0" total="1966080" percent="0" />
      <mem type="survivor" free="0" total="262144" percent="0" />
    </mem>
    <mem type="tenure" free="4191313824" total="4201447424" percent="99">
      <mem type="soa" free="3981242272" total="3991375872" percent="99" />
      <mem type="loa" free="210071552" total="210071552" percent="100" />
    </mem>
    <remembered-set count="387" />
  </mem-info>
</gc-start>
<allocation-stats totalBytes="1834976" >
  <allocated-bytes non-tlh="32" tlh="1834944" />
  <largest-consumer threadName="node-2" threadId="0000000001B5A200" bytes="90112" />
</allocation-stats>
<gc-op id="1548" type="scavenge" timems="2.325" contextid="1545" timestamp="2019-08-10T03:38:05.883">
  <scavenger-info tenureage="2" tenuremask="4004" tiltratio="88" />
  <memory-copied type="nursery" objects="2321" bytes="57416" bytesdiscarded="39352" />
  <memory-copied type="tenure" objects="696" bytes="16704" bytesdiscarded="0" />
</gc-op>
<gc-end id="1549" type="scavenge" contextid="1545" durationms="2.971" usertimems="4.317" systemtimems="0.000" timestamp="2019-08-10T03:38:05.884" activeThreads="16">
  <mem-info id="1550" free="4193167008" total="4203675648" percent="99">
    <mem type="nursery" free="1869312" total="2228224" percent="83">
      <mem type="allocate" free="1869312" total="1966080" percent="95" />
      <mem type="survivor" free="0" total="262144" percent="0" />
    </mem>
    <mem type="tenure" free="4191297696" total="4201447424" percent="99" macro-fragmented="0">
      <mem type="soa" free="3981226144" total="3991375872" percent="99" />
      <mem type="loa" free="210071552" total="210071552" percent="100" />
    </mem>
    <remembered-set count="323" />
  </mem-info>
</gc-end>
<cycle-end id="1551" type="scavenge" contextid="1545" timestamp="2019-08-10T03:38:05.884" />
  <attribute name="elasticGC enabled" value="1" />
  <attribute name= "numThreadsSpecified" value="16" />
  <attribute name="heapSize specified" value="8519680" />
  <attribute name="Current GC Util" value="0" />
  <attribute name= "Current Time Running" value="86027" />
  <attribute name ="GC Interval" value="200" />
  <attribute name="ProportionalT" value="-40.000000" />
  <attribute name="ProportionalI" value="-40.000000" />
  <attribute name="ProportionalH" value="-40.000000" />
  <attribute name="Current Error" value="-80.000000" />
  <attribute name="IntegralT" value="-32240.000000" />
  <attribute name="IntegralI" value="-32240.000000" />
  <attribute name="IntegralH" value="-32240.000000" />
  <attribute name="DerivativeT" value="-0.099256" />
  <attribute name="DerivativeI" value="-0.099256" />
  <attribute name="DerivativeH" value="-0.099256" />
  <attribute name="Loop Time for DT" value="806.000000" />
  <attribute name="Output H" value="4203675648"/>
  <attribute name="Output I" value="200"/>
  <attribute name="Output T" value="16"/>
  <attribute name="Target GC Util Change" value ="80.000000" />
  <attribute name="Current GC Util Change" value="0.000000"/>
  <attribute name="GC Util currently" value="0" />
  <attribute name="CPU Util currently" value="15" />
<allocation-satisfied id="1552" threadId="0000000001B70900" bytesRequested="24" />
<af-end id="1553" timestamp="2019-08-10T03:38:05.884" threadId="0000000001B71288" success="true" from="nursery"/>
<exclusive-end id="1554" timestamp="2019-08-10T03:38:05.884" durationms="3.272" />

<exclusive-start id="1555" timestamp="2019-08-10T03:38:06.636" intervalms="755.844">
  <response-info timems="0.289" idlems="0.289" threads="0" lastid="0000000001B6CD00" lastname="node-24" />
</exclusive-start>
<af-start id="1556" threadId="0000000001B6D688" totalBytesRequested="24" timestamp="2019-08-10T03:38:06.636" intervalms="755.857" type="nursery" />
<cycle-start id="1557" type="scavenge" contextid="0" timestamp="2019-08-10T03:38:06.636" intervalms="755.852" />
<gc-start id="1558" type="scavenge" contextid="1557" timestamp="2019-08-10T03:38:06.636">
  <mem-info id="1559" free="4191297696" total="4203675648" percent="99">
    <mem type="nursery" free="0" total="2228224" percent="0">
      <mem type="allocate" free="0" total="1966080" percent="0" />
      <mem type="survivor" free="0" total="262144" percent="0" />
    </mem>
    <mem type="tenure" free="4191297696" total="4201447424" percent="99">
      <mem type="soa" free="3981226144" total="3991375872" percent="99" />
      <mem type="loa" free="210071552" total="210071552" percent="100" />
    </mem>
    <remembered-set count="388" />
  </mem-info>
</gc-start>
<allocation-stats totalBytes="1867280" >
  <allocated-bytes non-tlh="24" tlh="1867256" />
  <largest-consumer threadName="node-21" threadId="0000000001B4EE00" bytes="90104" />
</allocation-stats>
<gc-op id="1560" type="scavenge" timems="8.721" contextid="1557" timestamp="2019-08-10T03:38:06.645">
  <scavenger-info tenureage="2" tenuremask="4004" tiltratio="88" />
  <memory-copied type="nursery" objects="2037" bytes="50600" bytesdiscarded="46168" />
  <memory-copied type="tenure" objects="1191" bytes="28584" bytesdiscarded="0" />
</gc-op>
<gc-end id="1561" type="scavenge" contextid="1557" durationms="9.130" usertimems="6.476" systemtimems="10.270" timestamp="2019-08-10T03:38:06.646" activeThreads="16">
  <mem-info id="1562" free="4193150880" total="4203675648" percent="99">
    <mem type="nursery" free="1869312" total="2228224" percent="83">
      <mem type="allocate" free="1869312" total="1966080" percent="95" />
      <mem type="survivor" free="0" total="262144" percent="0" />
    </mem>
    <mem type="tenure" free="4191281568" total="4201447424" percent="99" macro-fragmented="0">
      <mem type="soa" free="3981210016" total="3991375872" percent="99" />
      <mem type="loa" free="210071552" total="210071552" percent="100" />
    </mem>
    <remembered-set count="323" />
  </mem-info>
</gc-end>
<cycle-end id="1563" type="scavenge" contextid="1557" timestamp="2019-08-10T03:38:06.646" />
  <attribute name="elasticGC enabled" value="1" />
  <attribute name= "numThreadsSpecified" value="16" />
  <attribute name="heapSize specified" value="8519680" />
  <attribute name="Current GC Util" value="0" />
  <attribute name= "Current Time Running" value="86783" />
  <attribute name ="GC Interval" value="200" />
  <attribute name="ProportionalT" value="-40.000000" />
  <attribute name="ProportionalI" value="-40.000000" />
  <attribute name="ProportionalH" value="-40.000000" />
  <attribute name="Current Error" value="-80.000000" />
  <attribute name="IntegralT" value="-30240.000000" />
  <attribute name="IntegralI" value="-30240.000000" />
  <attribute name="IntegralH" value="-30240.000000" />
  <attribute name="DerivativeT" value="-0.105820" />
  <attribute name="DerivativeI" value="-0.105820" />
  <attribute name="DerivativeH" value="-0.105820" />
  <attribute name="Loop Time for DT" value="756.000000" />
  <attribute name="Output H" value="4203675648"/>
  <attribute name="Output I" value="200"/>
  <attribute name="Output T" value="16"/>
  <attribute name="Target GC Util Change" value ="80.000000" />
  <attribute name="Current GC Util Change" value="0.000000"/>
  <attribute name="GC Util currently" value="0" />
  <attribute name="CPU Util currently" value="14" />
<allocation-satisfied id="1564" threadId="0000000001B6CD00" bytesRequested="24" />
<af-end id="1565" timestamp="2019-08-10T03:38:06.646" threadId="0000000001B6D688" success="true" from="nursery"/>
<exclusive-end id="1566" timestamp="2019-08-10T03:38:06.646" durationms="9.551" />

<exclusive-start id="1567" timestamp="2019-08-10T03:38:07.146" intervalms="509.815">
  <response-info timems="0.461" idlems="0.461" threads="0" lastid="0000000001B3FF00" lastname="node-14" />
</exclusive-start>
<af-start id="1568" threadId="0000000001B40888" totalBytesRequested="32" timestamp="2019-08-10T03:38:07.146" intervalms="509.799" type="nursery" />
<cycle-start id="1569" type="scavenge" contextid="0" timestamp="2019-08-10T03:38:07.146" intervalms="509.798" />
<gc-start id="1570" type="scavenge" contextid="1569" timestamp="2019-08-10T03:38:07.146">
  <mem-info id="1571" free="4191281568" total="4203675648" percent="99">
    <mem type="nursery" free="0" total="2228224" percent="0">
      <mem type="allocate" free="0" total="1966080" percent="0" />
      <mem type="survivor" free="0" total="262144" percent="0" />
    </mem>
    <mem type="tenure" free="4191281568" total="4201447424" percent="99">
      <mem type="soa" free="3981210016" total="3991375872" percent="99" />
      <mem type="loa" free="210071552" total="210071552" percent="100" />
    </mem>
    <remembered-set count="386" />
  </mem-info>
</gc-start>
<allocation-stats totalBytes="1867760" >
  <allocated-bytes non-tlh="24" tlh="1867736" />
  <largest-consumer threadName="node-24" threadId="0000000001B6CD00" bytes="90104" />
</allocation-stats>
<gc-op id="1572" type="scavenge" timems="2.427" contextid="1569" timestamp="2019-08-10T03:38:07.149">
  <scavenger-info tenureage="2" tenuremask="4004" tiltratio="88" />
  <memory-copied type="nursery" objects="1689" bytes="42248" bytesdiscarded="6136" />
  <memory-copied type="tenure" objects="989" bytes="23736" bytesdiscarded="0" />
</gc-op>
<gc-end id="1573" type="scavenge" contextid="1569" durationms="3.571" usertimems="1.972" systemtimems="3.781" timestamp="2019-08-10T03:38:07.150" activeThreads="16">
  <mem-info id="1574" free="4193183136" total="4203675648" percent="99">
    <mem type="nursery" free="1917696" total="2228224" percent="86">
      <mem type="allocate" free="1917696" total="1966080" percent="97" />
      <mem type="survivor" free="0" total="262144" percent="0" />
    </mem>
    <mem type="tenure" free="4191265440" total="4201447424" percent="99" macro-fragmented="0">
      <mem type="soa" free="3981193888" total="3991375872" percent="99" />
      <mem type="loa" free="210071552" total="210071552" percent="100" />
    </mem>
    <remembered-set count="320" />
  </mem-info>
</gc-end>
<cycle-end id="1575" type="scavenge" contextid="1569" timestamp="2019-08-10T03:38:07.150" />
  <attribute name="elasticGC enabled" value="1" />
  <attribute name= "numThreadsSpecified" value="16" />
  <attribute name="heapSize specified" value="8519680" />
  <attribute name="Current GC Util" value="2" />
  <attribute name= "Current Time Running" value="87293" />
  <attribute name ="GC Interval" value="200" />
  <attribute name="ProportionalT" value="-39.000000" />
  <attribute name="ProportionalI" value="-39.000000" />
  <attribute name="ProportionalH" value="-39.000000" />
  <attribute name="Current Error" value="-78.000000" />
  <attribute name="IntegralT" value="-19890.000000" />
  <attribute name="IntegralI" value="-19890.000000" />
  <attribute name="IntegralH" value="-19890.000000" />
  <attribute name="DerivativeT" value="-0.152941" />
  <attribute name="DerivativeI" value="-0.152941" />
  <attribute name="DerivativeH" value="-0.152941" />
  <attribute name="Loop Time for DT" value="510.000000" />
  <attribute name="Output H" value="4203675648"/>
  <attribute name="Output I" value="200"/>
  <attribute name="Output T" value="16"/>
  <attribute name="Target GC Util Change" value ="80.000000" />
  <attribute name="Current GC Util Change" value="2.000000"/>
  <attribute name="GC Util currently" value="2" />
  <attribute name="CPU Util currently" value="9" />
<allocation-satisfied id="1576" threadId="0000000001B3FF00" bytesRequested="32" />
<af-end id="1577" timestamp="2019-08-10T03:38:07.150" threadId="0000000001B40888" success="true" from="nursery"/>
<exclusive-end id="1578" timestamp="2019-08-10T03:38:07.150" durationms="3.854" />

<exclusive-start id="1579" timestamp="2019-08-10T03:38:07.674" intervalms="528.399">
  <response-info timems="0.486" idlems="0.486" threads="0" lastid="0000000001B56600" lastname="node-5" />
</exclusive-start>
<af-start id="1580" threadId="0000000001B56F88" totalBytesRequested="32" timestamp="2019-08-10T03:38:07.675" intervalms="528.402" type="nursery" />
<cycle-start id="1581" type="scavenge" contextid="0" timestamp="2019-08-10T03:38:07.675" intervalms="528.406" />
<gc-start id="1582" type="scavenge" contextid="1581" timestamp="2019-08-10T03:38:07.675">
  <mem-info id="1583" free="4191265440" total="4203675648" percent="99">
    <mem type="nursery" free="0" total="2228224" percent="0">
      <mem type="allocate" free="0" total="1966080" percent="0" />
      <mem type="survivor" free="0" total="262144" percent="0" />
    </mem>
    <mem type="tenure" free="4191265440" total="4201447424" percent="99">
      <mem type="soa" free="3981193888" total="3991375872" percent="99" />
      <mem type="loa" free="210071552" total="210071552" percent="100" />
    </mem>
    <remembered-set count="384" />
  </mem-info>
</gc-start>
<allocation-stats totalBytes="1916008" >
  <allocated-bytes non-tlh="32" tlh="1915976" />
  <largest-consumer threadName="node-4" threadId="0000000001B65600" bytes="98152" />
</allocation-stats>
<gc-op id="1584" type="scavenge" timems="1.745" contextid="1581" timestamp="2019-08-10T03:38:07.676">
  <scavenger-info tenureage="2" tenuremask="4004" tiltratio="88" />
  <memory-copied type="nursery" objects="1533" bytes="38504" bytesdiscarded="58264" />
  <memory-copied type="tenure" objects="907" bytes="21768" bytesdiscarded="0" />
</gc-op>
<gc-end id="1585" type="scavenge" contextid="1581" durationms="2.050" usertimems="0.000" systemtimems="3.106" timestamp="2019-08-10T03:38:07.677" activeThreads="16">
  <mem-info id="1586" free="4193118624" total="4203675648" percent="99">
    <mem type="nursery" free="1869312" total="2228224" percent="83">
      <mem type="allocate" free="1869312" total="1966080" percent="95" />
      <mem type="survivor" free="0" total="262144" percent="0" />
    </mem>
    <mem type="tenure" free="4191249312" total="4201447424" percent="99" macro-fragmented="0">
      <mem type="soa" free="3981177760" total="3991375872" percent="99" />
      <mem type="loa" free="210071552" total="210071552" percent="100" />
    </mem>
    <remembered-set count="318" />
  </mem-info>
</gc-end>
<cycle-end id="1587" type="scavenge" contextid="1581" timestamp="2019-08-10T03:38:07.677" />
  <attribute name="elasticGC enabled" value="1" />
  <attribute name= "numThreadsSpecified" value="16" />
  <attribute name="heapSize specified" value="8519680" />
  <attribute name="Current GC Util" value="0" />
  <attribute name= "Current Time Running" value="87821" />
  <attribute name ="GC Interval" value="200" />
  <attribute name="ProportionalT" value="-40.000000" />
  <attribute name="ProportionalI" value="-40.000000" />
  <attribute name="ProportionalH" value="-40.000000" />
  <attribute name="Current Error" value="-80.000000" />
  <attribute name="IntegralT" value="-21120.000000" />
  <attribute name="IntegralI" value="-21120.000000" />
  <attribute name="IntegralH" value="-21120.000000" />
  <attribute name="DerivativeT" value="-0.151515" />
  <attribute name="DerivativeI" value="-0.151515" />
  <attribute name="DerivativeH" value="-0.151515" />
  <attribute name="Loop Time for DT" value="528.000000" />
  <attribute name="Output H" value="4203675648"/>
  <attribute name="Output I" value="200"/>
  <attribute name="Output T" value="16"/>
  <attribute name="Target GC Util Change" value ="80.000000" />
  <attribute name="Current GC Util Change" value="0.000000"/>
  <attribute name="GC Util currently" value="0" />
  <attribute name="CPU Util currently" value="11" />
<allocation-satisfied id="1588" threadId="0000000001B56600" bytesRequested="32" />
<af-end id="1589" timestamp="2019-08-10T03:38:07.677" threadId="0000000001B56F88" success="true" from="nursery"/>
<exclusive-end id="1590" timestamp="2019-08-10T03:38:07.677" durationms="2.427" />

<exclusive-start id="1591" timestamp="2019-08-10T03:38:08.324" intervalms="649.031">
  <response-info timems="0.308" idlems="0.308" threads="0" lastid="0000000001B6CD00" lastname="node-24" />
</exclusive-start>
<af-start id="1592" threadId="0000000001B6D688" totalBytesRequested="16" timestamp="2019-08-10T03:38:08.324" intervalms="649.032" type="nursery" />
<cycle-start id="1593" type="scavenge" contextid="0" timestamp="2019-08-10T03:38:08.324" intervalms="649.037" />
<gc-start id="1594" type="scavenge" contextid="1593" timestamp="2019-08-10T03:38:08.324">
  <mem-info id="1595" free="4191249312" total="4203675648" percent="99">
    <mem type="nursery" free="0" total="2228224" percent="0">
      <mem type="allocate" free="0" total="1966080" percent="0" />
      <mem type="survivor" free="0" total="262144" percent="0" />
    </mem>
    <mem type="tenure" free="4191249312" total="4201447424" percent="99">
      <mem type="soa" free="3981177760" total="3991375872" percent="99" />
      <mem type="loa" free="210071552" total="210071552" percent="100" />
    </mem>
    <remembered-set count="384" />
  </mem-info>
</gc-start>
<allocation-stats totalBytes="1866608" >
  <allocated-bytes non-tlh="32" tlh="1866576" />
  <largest-consumer threadName="node-19" threadId="0000000001B87100" bytes="90096" />
</allocation-stats>
<gc-op id="1596" type="scavenge" timems="2.030" contextid="1593" timestamp="2019-08-10T03:38:08.326">
  <scavenger-info tenureage="2" tenuremask="4004" tiltratio="88" />
  <memory-copied type="nursery" objects="1728" bytes="46976" bytesdiscarded="49792" />
  <memory-copied type="tenure" objects="640" bytes="15360" bytesdiscarded="0" />
</gc-op>
<gc-end id="1597" type="scavenge" contextid="1593" durationms="2.387" usertimems="0.303" systemtimems="4.332" timestamp="2019-08-10T03:38:08.326" activeThreads="16">
  <mem-info id="1598" free="4193102496" total="4203675648" percent="99">
    <mem type="nursery" free="1869312" total="2228224" percent="83">
      <mem type="allocate" free="1869312" total="1966080" percent="95" />
      <mem type="survivor" free="0" total="262144" percent="0" />
    </mem>
    <mem type="tenure" free="4191233184" total="4201447424" percent="99" macro-fragmented="0">
      <mem type="soa" free="3981161632" total="3991375872" percent="99" />
      <mem type="loa" free="210071552" total="210071552" percent="100" />
    </mem>
    <remembered-set count="300" />
  </mem-info>
</gc-end>
<cycle-end id="1599" type="scavenge" contextid="1593" timestamp="2019-08-10T03:38:08.326" />
  <attribute name="elasticGC enabled" value="1" />
  <attribute name= "numThreadsSpecified" value="16" />
  <attribute name="heapSize specified" value="8519680" />
  <attribute name="Current GC Util" value="0" />
  <attribute name= "Current Time Running" value="88470" />
  <attribute name ="GC Interval" value="200" />
  <attribute name="ProportionalT" value="-40.000000" />
  <attribute name="ProportionalI" value="-40.000000" />
  <attribute name="ProportionalH" value="-40.000000" />
  <attribute name="Current Error" value="-80.000000" />
  <attribute name="IntegralT" value="-25960.000000" />
  <attribute name="IntegralI" value="-25960.000000" />
  <attribute name="IntegralH" value="-25960.000000" />
  <attribute name="DerivativeT" value="-0.123267" />
  <attribute name="DerivativeI" value="-0.123267" />
  <attribute name="DerivativeH" value="-0.123267" />
  <attribute name="Loop Time for DT" value="649.000000" />
  <attribute name="Output H" value="4203675648"/>
  <attribute name="Output I" value="200"/>
  <attribute name="Output T" value="16"/>
  <attribute name="Target GC Util Change" value ="80.000000" />
  <attribute name="Current GC Util Change" value="0.000000"/>
  <attribute name="GC Util currently" value="0" />
  <attribute name="CPU Util currently" value="13" />
<allocation-satisfied id="1600" threadId="0000000001B6CD00" bytesRequested="16" />
<af-end id="1601" timestamp="2019-08-10T03:38:08.326" threadId="0000000001B6D688" success="true" from="nursery"/>
<exclusive-end id="1602" timestamp="2019-08-10T03:38:08.326" durationms="2.715" />

<exclusive-start id="1603" timestamp="2019-08-10T03:38:09.171" intervalms="847.828">
  <response-info timems="0.076" idlems="0.076" threads="0" lastid="0000000001B4EE00" lastname="node-21" />
</exclusive-start>
<af-start id="1604" threadId="0000000001B4F788" totalBytesRequested="24" timestamp="2019-08-10T03:38:09.172" intervalms="847.965" type="nursery" />
<cycle-start id="1605" type="scavenge" contextid="0" timestamp="2019-08-10T03:38:09.172" intervalms="848.049" />
<gc-start id="1606" type="scavenge" contextid="1605" timestamp="2019-08-10T03:38:09.172">
  <mem-info id="1607" free="4191233184" total="4203675648" percent="99">
    <mem type="nursery" free="0" total="2228224" percent="0">
      <mem type="allocate" free="0" total="1966080" percent="0" />
      <mem type="survivor" free="0" total="262144" percent="0" />
    </mem>
    <mem type="tenure" free="4191233184" total="4201447424" percent="99">
      <mem type="soa" free="3981161632" total="3991375872" percent="99" />
      <mem type="loa" free="210071552" total="210071552" percent="100" />
    </mem>
    <remembered-set count="387" />
  </mem-info>
</gc-start>
<allocation-stats totalBytes="1867608" >
  <allocated-bytes non-tlh="16" tlh="1867592" />
  <largest-consumer threadName="node-1" threadId="0000000001B5DE00" bytes="90112" />
</allocation-stats>
<gc-op id="1608" type="scavenge" timems="16.648" contextid="1605" timestamp="2019-08-10T03:38:09.188">
  <scavenger-info tenureage="2" tenuremask="4004" tiltratio="88" />
  <memory-copied type="nursery" objects="2394" bytes="57488" bytesdiscarded="46960" />
  <memory-copied type="tenure" objects="751" bytes="18024" bytesdiscarded="8" />
</gc-op>
<gc-end id="1609" type="scavenge" contextid="1605" durationms="17.224" usertimems="16.320" systemtimems="37.047" timestamp="2019-08-10T03:38:09.189" activeThreads="16">
  <mem-info id="1610" free="4193078688" total="4203675648" percent="99">
    <mem type="nursery" free="1861632" total="2228224" percent="83">
      <mem type="allocate" free="1861632" total="1966080" percent="94" />
      <mem type="survivor" free="0" total="262144" percent="0" />
    </mem>
    <mem type="tenure" free="4191217056" total="4201447424" percent="99" macro-fragmented="0">
      <mem type="soa" free="3981145504" total="3991375872" percent="99" />
      <mem type="loa" free="210071552" total="210071552" percent="100" />
    </mem>
    <remembered-set count="308" />
  </mem-info>
</gc-end>
<cycle-end id="1611" type="scavenge" contextid="1605" timestamp="2019-08-10T03:38:09.189" />
  <attribute name="elasticGC enabled" value="1" />
  <attribute name= "numThreadsSpecified" value="16" />
  <attribute name="heapSize specified" value="8519680" />
  <attribute name="Current GC Util" value="0" />
  <attribute name= "Current Time Running" value="89318" />
  <attribute name ="GC Interval" value="200" />
  <attribute name="ProportionalT" value="-40.000000" />
  <attribute name="ProportionalI" value="-40.000000" />
  <attribute name="ProportionalH" value="-40.000000" />
  <attribute name="Current Error" value="-80.000000" />
  <attribute name="IntegralT" value="-33920.000000" />
  <attribute name="IntegralI" value="-33920.000000" />
  <attribute name="IntegralH" value="-33920.000000" />
  <attribute name="DerivativeT" value="-0.094340" />
  <attribute name="DerivativeI" value="-0.094340" />
  <attribute name="DerivativeH" value="-0.094340" />
  <attribute name="Loop Time for DT" value="848.000000" />
  <attribute name="Output H" value="4203675648"/>
  <attribute name="Output I" value="200"/>
  <attribute name="Output T" value="16"/>
  <attribute name="Target GC Util Change" value ="80.000000" />
  <attribute name="Current GC Util Change" value="0.000000"/>
  <attribute name="GC Util currently" value="0" />
  <attribute name="CPU Util currently" value="13" />
<allocation-satisfied id="1612" threadId="0000000001B4EE00" bytesRequested="24" />
<af-end id="1613" timestamp="2019-08-10T03:38:09.189" threadId="0000000001B4F788" success="true" from="nursery"/>
<exclusive-end id="1614" timestamp="2019-08-10T03:38:09.189" durationms="17.904" />

<exclusive-start id="1615" timestamp="2019-08-10T03:38:09.771" intervalms="599.660">
  <response-info timems="0.985" idlems="0.985" threads="0" lastid="0000000001B4EE00" lastname="node-21" />
</exclusive-start>
<af-start id="1616" threadId="0000000001B4F788" totalBytesRequested="24" timestamp="2019-08-10T03:38:09.771" intervalms="599.506" type="nursery" />
<cycle-start id="1617" type="scavenge" contextid="0" timestamp="2019-08-10T03:38:09.771" intervalms="599.413" />
<gc-start id="1618" type="scavenge" contextid="1617" timestamp="2019-08-10T03:38:09.771">
  <mem-info id="1619" free="4191217056" total="4203675648" percent="99">
    <mem type="nursery" free="0" total="2228224" percent="0">
      <mem type="allocate" free="0" total="1966080" percent="0" />
      <mem type="survivor" free="0" total="262144" percent="0" />
    </mem>
    <mem type="tenure" free="4191217056" total="4201447424" percent="99">
      <mem type="soa" free="3981145504" total="3991375872" percent="99" />
      <mem type="loa" free="210071552" total="210071552" percent="100" />
    </mem>
    <remembered-set count="387" />
  </mem-info>
</gc-start>
<allocation-stats totalBytes="1859424" >
  <allocated-bytes non-tlh="24" tlh="1859400" />
  <largest-consumer threadName="node-19" threadId="0000000001B87100" bytes="90104" />
</allocation-stats>
<gc-op id="1620" type="scavenge" timems="2.156" contextid="1617" timestamp="2019-08-10T03:38:09.773">
  <scavenger-info tenureage="2" tenuremask="4004" tiltratio="88" />
  <memory-copied type="nursery" objects="2348" bytes="58064" bytesdiscarded="38704" />
  <memory-copied type="tenure" objects="820" bytes="19680" bytesdiscarded="0" />
</gc-op>
<gc-end id="1621" type="scavenge" contextid="1617" durationms="2.231" usertimems="0.380" systemtimems="3.507" timestamp="2019-08-10T03:38:09.773" activeThreads="16">
  <mem-info id="1622" free="4193070240" total="4203675648" percent="99">
    <mem type="nursery" free="1869312" total="2228224" percent="83">
      <mem type="allocate" free="1869312" total="1966080" percent="95" />
      <mem type="survivor" free="0" total="262144" percent="0" />
    </mem>
    <mem type="tenure" free="4191200928" total="4201447424" percent="99" macro-fragmented="0">
      <mem type="soa" free="3981129376" total="3991375872" percent="99" />
      <mem type="loa" free="210071552" total="210071552" percent="100" />
    </mem>
    <remembered-set count="320" />
  </mem-info>
</gc-end>
<cycle-end id="1623" type="scavenge" contextid="1617" timestamp="2019-08-10T03:38:09.773" />
  <attribute name="elasticGC enabled" value="1" />
  <attribute name= "numThreadsSpecified" value="16" />
  <attribute name="heapSize specified" value="8519680" />
  <attribute name="Current GC Util" value="1" />
  <attribute name= "Current Time Running" value="89917" />
  <attribute name ="GC Interval" value="200" />
  <attribute name="ProportionalT" value="-39.500000" />
  <attribute name="ProportionalI" value="-39.500000" />
  <attribute name="ProportionalH" value="-39.500000" />
  <attribute name="Current Error" value="-79.000000" />
  <attribute name="IntegralT" value="-23660.500000" />
  <attribute name="IntegralI" value="-23660.500000" />
  <attribute name="IntegralH" value="-23660.500000" />
  <attribute name="DerivativeT" value="-0.131886" />
  <attribute name="DerivativeI" value="-0.131886" />
  <attribute name="DerivativeH" value="-0.131886" />
  <attribute name="Loop Time for DT" value="599.000000" />
  <attribute name="Output H" value="4203675648"/>
  <attribute name="Output I" value="200"/>
  <attribute name="Output T" value="16"/>
  <attribute name="Target GC Util Change" value ="80.000000" />
  <attribute name="Current GC Util Change" value="1.000000"/>
  <attribute name="GC Util currently" value="1" />
  <attribute name="CPU Util currently" value="11" />
<allocation-satisfied id="1624" threadId="0000000001B4EE00" bytesRequested="24" />
<af-end id="1625" timestamp="2019-08-10T03:38:09.774" threadId="0000000001B4F788" success="true" from="nursery"/>
<exclusive-end id="1626" timestamp="2019-08-10T03:38:09.774" durationms="2.492" />

<exclusive-start id="1627" timestamp="2019-08-10T03:38:10.596" intervalms="825.316">
  <response-info timems="0.031" idlems="0.031" threads="0" lastid="0000000001B6CD00" lastname="node-24" />
</exclusive-start>
<af-start id="1628" threadId="0000000001B6D688" totalBytesRequested="32" timestamp="2019-08-10T03:38:10.596" intervalms="825.347" type="nursery" />
<cycle-start id="1629" type="scavenge" contextid="0" timestamp="2019-08-10T03:38:10.596" intervalms="825.352" />
<gc-start id="1630" type="scavenge" contextid="1629" timestamp="2019-08-10T03:38:10.596">
  <mem-info id="1631" free="4191200928" total="4203675648" percent="99">
    <mem type="nursery" free="0" total="2228224" percent="0">
      <mem type="allocate" free="0" total="1966080" percent="0" />
      <mem type="survivor" free="0" total="262144" percent="0" />
    </mem>
    <mem type="tenure" free="4191200928" total="4201447424" percent="99">
      <mem type="soa" free="3981129376" total="3991375872" percent="99" />
      <mem type="loa" free="210071552" total="210071552" percent="100" />
    </mem>
    <remembered-set count="387" />
  </mem-info>
</gc-start>
<allocation-stats totalBytes="1868344" >
  <allocated-bytes non-tlh="24" tlh="1868320" />
  <largest-consumer threadName="node-7" threadId="0000000001B7BD00" bytes="90112" />
</allocation-stats>
<gc-op id="1632" type="scavenge" timems="2.436" contextid="1629" timestamp="2019-08-10T03:38:10.599">
  <scavenger-info tenureage="2" tenuremask="4004" tiltratio="88" />
  <memory-copied type="nursery" objects="1998" bytes="49664" bytesdiscarded="79360" />
  <memory-copied type="tenure" objects="1449" bytes="34776" bytesdiscarded="0" />
</gc-op>
<gc-end id="1633" type="scavenge" contextid="1629" durationms="2.616" usertimems="3.370" systemtimems="1.285" timestamp="2019-08-10T03:38:10.599" activeThreads="16">
  <mem-info id="1634" free="4192989600" total="4203675648" percent="99">
    <mem type="nursery" free="1837056" total="2228224" percent="82">
      <mem type="allocate" free="1837056" total="1966080" percent="93" />
      <mem type="survivor" free="0" total="262144" percent="0" />
    </mem>
    <mem type="tenure" free="4191152544" total="4201447424" percent="99" macro-fragmented="0">
      <mem type="soa" free="3981080992" total="3991375872" percent="99" />
      <mem type="loa" free="210071552" total="210071552" percent="100" />
    </mem>
    <remembered-set count="307" />
  </mem-info>
</gc-end>
<cycle-end id="1635" type="scavenge" contextid="1629" timestamp="2019-08-10T03:38:10.599" />
  <attribute name="elasticGC enabled" value="1" />
  <attribute name= "numThreadsSpecified" value="16" />
  <attribute name="heapSize specified" value="8519680" />
  <attribute name="Current GC Util" value="0" />
  <attribute name= "Current Time Running" value="90743" />
  <attribute name ="GC Interval" value="200" />
  <attribute name="ProportionalT" value="-40.000000" />
  <attribute name="ProportionalI" value="-40.000000" />
  <attribute name="ProportionalH" value="-40.000000" />
  <attribute name="Current Error" value="-80.000000" />
  <attribute name="IntegralT" value="-33040.000000" />
  <attribute name="IntegralI" value="-33040.000000" />
  <attribute name="IntegralH" value="-33040.000000" />
  <attribute name="DerivativeT" value="-0.096852" />
  <attribute name="DerivativeI" value="-0.096852" />
  <attribute name="DerivativeH" value="-0.096852" />
  <attribute name="Loop Time for DT" value="826.000000" />
  <attribute name="Output H" value="4203675648"/>
  <attribute name="Output I" value="200"/>
  <attribute name="Output T" value="16"/>
  <attribute name="Target GC Util Change" value ="80.000000" />
  <attribute name="Current GC Util Change" value="0.000000"/>
  <attribute name="GC Util currently" value="0" />
  <attribute name="CPU Util currently" value="13" />
<allocation-satisfied id="1636" threadId="0000000001B6CD00" bytesRequested="32" />
<af-end id="1637" timestamp="2019-08-10T03:38:10.599" threadId="0000000001B6D688" success="true" from="nursery"/>
<exclusive-end id="1638" timestamp="2019-08-10T03:38:10.599" durationms="2.849" />

<exclusive-start id="1639" timestamp="2019-08-10T03:38:11.780" intervalms="1184.139">
  <response-info timems="0.657" idlems="0.531" threads="1" lastid="0000000001B43B00" lastname="node-11" />
</exclusive-start>
<af-start id="1640" threadId="0000000001B2A088" totalBytesRequested="368" timestamp="2019-08-10T03:38:11.781" intervalms="1184.134" type="nursery" />
<cycle-start id="1641" type="scavenge" contextid="0" timestamp="2019-08-10T03:38:11.781" intervalms="1184.150" />
<gc-start id="1642" type="scavenge" contextid="1641" timestamp="2019-08-10T03:38:11.781">
  <mem-info id="1643" free="4191152544" total="4203675648" percent="99">
    <mem type="nursery" free="0" total="2228224" percent="0">
      <mem type="allocate" free="0" total="1966080" percent="0" />
      <mem type="survivor" free="0" total="262144" percent="0" />
    </mem>
    <mem type="tenure" free="4191152544" total="4201447424" percent="99">
      <mem type="soa" free="3981080992" total="3991375872" percent="99" />
      <mem type="loa" free="210071552" total="210071552" percent="100" />
    </mem>
    <remembered-set count="393" />
  </mem-info>
</gc-start>
<allocation-stats totalBytes="1831184" >
  <allocated-bytes non-tlh="32" tlh="1831152" />
  <largest-consumer threadName="node-5" threadId="0000000001B56600" bytes="90104" />
</allocation-stats>
<gc-op id="1644" type="scavenge" timems="2.533" contextid="1641" timestamp="2019-08-10T03:38:11.783">
  <scavenger-info tenureage="2" tenuremask="4004" tiltratio="88" />
  <memory-copied type="nursery" objects="2971" bytes="81600" bytesdiscarded="63552" />
  <memory-copied type="tenure" objects="758" bytes="18192" bytesdiscarded="0" />
</gc-op>
<gc-end id="1645" type="scavenge" contextid="1641" durationms="2.721" usertimems="2.778" systemtimems="1.613" timestamp="2019-08-10T03:38:11.783" activeThreads="16">
  <mem-info id="1646" free="4192949664" total="4203675648" percent="99">
    <mem type="nursery" free="1820928" total="2228224" percent="81">
      <mem type="allocate" free="1820928" total="1966080" percent="92" />
      <mem type="survivor" free="0" total="262144" percent="0" />
    </mem>
    <mem type="tenure" free="4191128736" total="4201447424" percent="99" macro-fragmented="0">
      <mem type="soa" free="3981057184" total="3991375872" percent="99" />
      <mem type="loa" free="210071552" total="210071552" percent="100" />
    </mem>
    <remembered-set count="309" />
  </mem-info>
</gc-end>
<cycle-end id="1647" type="scavenge" contextid="1641" timestamp="2019-08-10T03:38:11.784" />
  <attribute name="elasticGC enabled" value="1" />
  <attribute name= "numThreadsSpecified" value="16" />
  <attribute name="heapSize specified" value="8519680" />
  <attribute name="Current GC Util" value="0" />
  <attribute name= "Current Time Running" value="91927" />
  <attribute name ="GC Interval" value="200" />
  <attribute name="ProportionalT" value="-40.000000" />
  <attribute name="ProportionalI" value="-40.000000" />
  <attribute name="ProportionalH" value="-40.000000" />
  <attribute name="Current Error" value="-80.000000" />
  <attribute name="IntegralT" value="-47360.000000" />
  <attribute name="IntegralI" value="-47360.000000" />
  <attribute name="IntegralH" value="-47360.000000" />
  <attribute name="DerivativeT" value="-0.067568" />
  <attribute name="DerivativeI" value="-0.067568" />
  <attribute name="DerivativeH" value="-0.067568" />
  <attribute name="Loop Time for DT" value="1184.000000" />
  <attribute name="Output H" value="4203675648"/>
  <attribute name="Output I" value="200"/>
  <attribute name="Output T" value="16"/>
  <attribute name="Target GC Util Change" value ="80.000000" />
  <attribute name="Current GC Util Change" value="0.000000"/>
  <attribute name="GC Util currently" value="0" />
  <attribute name="CPU Util currently" value="14" />
<allocation-satisfied id="1648" threadId="0000000001B29700" bytesRequested="368" />
<af-end id="1649" timestamp="2019-08-10T03:38:11.784" threadId="0000000001B2A088" success="true" from="nursery"/>
<exclusive-end id="1650" timestamp="2019-08-10T03:38:11.784" durationms="3.282" />

<exclusive-start id="1651" timestamp="2019-08-10T03:38:12.773" intervalms="992.583">
  <response-info timems="0.307" idlems="0.307" threads="0" lastid="0000000001B43B00" lastname="node-11" />
</exclusive-start>
<af-start id="1652" threadId="0000000001B44488" totalBytesRequested="32" timestamp="2019-08-10T03:38:12.773" intervalms="992.671" type="nursery" />
<cycle-start id="1653" type="scavenge" contextid="0" timestamp="2019-08-10T03:38:12.773" intervalms="992.752" />
<gc-start id="1654" type="scavenge" contextid="1653" timestamp="2019-08-10T03:38:12.773">
  <mem-info id="1655" free="4191128736" total="4203675648" percent="99">
    <mem type="nursery" free="0" total="2228224" percent="0">
      <mem type="allocate" free="0" total="1966080" percent="0" />
      <mem type="survivor" free="0" total="262144" percent="0" />
    </mem>
    <mem type="tenure" free="4191128736" total="4201447424" percent="99">
      <mem type="soa" free="3981057184" total="3991375872" percent="99" />
      <mem type="loa" free="210071552" total="210071552" percent="100" />
    </mem>
    <remembered-set count="401" />
  </mem-info>
</gc-start>
<allocation-stats totalBytes="1818336" >
  <allocated-bytes non-tlh="368" tlh="1817968" />
  <largest-consumer threadName="node-10" threadId="0000000001B29700" bytes="90448" />
</allocation-stats>
<gc-op id="1656" type="scavenge" timems="3.078" contextid="1653" timestamp="2019-08-10T03:38:12.776">
  <scavenger-info tenureage="2" tenuremask="4004" tiltratio="88" />
  <memory-copied type="nursery" objects="3224" bytes="79088" bytesdiscarded="33808" />
  <memory-copied type="tenure" objects="1098" bytes="26352" bytesdiscarded="0" />
</gc-op>
<gc-end id="1657" type="scavenge" contextid="1653" durationms="3.476" usertimems="10.235" systemtimems="1.443" timestamp="2019-08-10T03:38:12.777" activeThreads="16">
  <mem-info id="1658" free="4192949664" total="4203675648" percent="99">
    <mem type="nursery" free="1853184" total="2228224" percent="83">
      <mem type="allocate" free="1853184" total="1966080" percent="94" />
      <mem type="survivor" free="0" total="262144" percent="0" />
    </mem>
    <mem type="tenure" free="4191096480" total="4201447424" percent="99" macro-fragmented="0">
      <mem type="soa" free="3981024928" total="3991375872" percent="99" />
      <mem type="loa" free="210071552" total="210071552" percent="100" />
    </mem>
    <remembered-set count="330" />
  </mem-info>
</gc-end>
<cycle-end id="1659" type="scavenge" contextid="1653" timestamp="2019-08-10T03:38:12.777" />
  <attribute name="elasticGC enabled" value="1" />
  <attribute name= "numThreadsSpecified" value="16" />
  <attribute name="heapSize specified" value="8519680" />
  <attribute name="Current GC Util" value="0" />
  <attribute name= "Current Time Running" value="92920" />
  <attribute name ="GC Interval" value="200" />
  <attribute name="ProportionalT" value="-40.000000" />
  <attribute name="ProportionalI" value="-40.000000" />
  <attribute name="ProportionalH" value="-40.000000" />
  <attribute name="Current Error" value="-80.000000" />
  <attribute name="IntegralT" value="-39720.000000" />
  <attribute name="IntegralI" value="-39720.000000" />
  <attribute name="IntegralH" value="-39720.000000" />
  <attribute name="DerivativeT" value="-0.080564" />
  <attribute name="DerivativeI" value="-0.080564" />
  <attribute name="DerivativeH" value="-0.080564" />
  <attribute name="Loop Time for DT" value="993.000000" />
  <attribute name="Output H" value="4203675648"/>
  <attribute name="Output I" value="200"/>
  <attribute name="Output T" value="16"/>
  <attribute name="Target GC Util Change" value ="80.000000" />
  <attribute name="Current GC Util Change" value="0.000000"/>
  <attribute name="GC Util currently" value="0" />
  <attribute name="CPU Util currently" value="14" />
<allocation-satisfied id="1660" threadId="0000000001B43B00" bytesRequested="32" />
<af-end id="1661" timestamp="2019-08-10T03:38:12.777" threadId="0000000001B44488" success="true" from="nursery"/>
<exclusive-end id="1662" timestamp="2019-08-10T03:38:12.777" durationms="3.891" />

<exclusive-start id="1663" timestamp="2019-08-10T03:38:13.280" intervalms="507.354">
  <response-info timems="0.338" idlems="0.338" threads="0" lastid="0000000001B6CD00" lastname="node-24" />
</exclusive-start>
<af-start id="1664" threadId="0000000001B6D688" totalBytesRequested="16" timestamp="2019-08-10T03:38:13.281" intervalms="507.283" type="nursery" />
<cycle-start id="1665" type="scavenge" contextid="0" timestamp="2019-08-10T03:38:13.281" intervalms="507.195" />
<gc-start id="1666" type="scavenge" contextid="1665" timestamp="2019-08-10T03:38:13.281">
  <mem-info id="1667" free="4191096480" total="4203675648" percent="99">
    <mem type="nursery" free="0" total="2228224" percent="0">
      <mem type="allocate" free="0" total="1966080" percent="0" />
      <mem type="survivor" free="0" total="262144" percent="0" />
    </mem>
    <mem type="tenure" free="4191096480" total="4201447424" percent="99">
      <mem type="soa" free="3981024928" total="3991375872" percent="99" />
      <mem type="loa" free="210071552" total="210071552" percent="100" />
    </mem>
    <remembered-set count="389" />
  </mem-info>
</gc-start>
<allocation-stats totalBytes="1852344" >
  <allocated-bytes non-tlh="32" tlh="1852312" />
  <largest-consumer threadName="node-2" threadId="0000000001B5A200" bytes="90104" />
</allocation-stats>
<gc-op id="1668" type="scavenge" timems="2.705" contextid="1665" timestamp="2019-08-10T03:38:13.283">
  <scavenger-info tenureage="2" tenuremask="4004" tiltratio="88" />
  <memory-copied type="nursery" objects="2181" bytes="60304" bytesdiscarded="36464" />
  <memory-copied type="tenure" objects="1706" bytes="40944" bytesdiscarded="0" />
</gc-op>
<gc-end id="1669" type="scavenge" contextid="1665" durationms="3.112" usertimems="4.818" systemtimems="2.872" timestamp="2019-08-10T03:38:13.284" activeThreads="16">
  <mem-info id="1670" free="4192933536" total="4203675648" percent="99">
    <mem type="nursery" free="1869312" total="2228224" percent="83">
      <mem type="allocate" free="1869312" total="1966080" percent="95" />
      <mem type="survivor" free="0" total="262144" percent="0" />
    </mem>
    <mem type="tenure" free="4191064224" total="4201447424" percent="99" macro-fragmented="0">
      <mem type="soa" free="3980992672" total="3991375872" percent="99" />
      <mem type="loa" free="210071552" total="210071552" percent="100" />
    </mem>
    <remembered-set count="302" />
  </mem-info>
</gc-end>
<cycle-end id="1671" type="scavenge" contextid="1665" timestamp="2019-08-10T03:38:13.284" />
  <attribute name="elasticGC enabled" value="1" />
  <attribute name= "numThreadsSpecified" value="16" />
  <attribute name="heapSize specified" value="8519680" />
  <attribute name="Current GC Util" value="1" />
  <attribute name= "Current Time Running" value="93427" />
  <attribute name ="GC Interval" value="200" />
  <attribute name="ProportionalT" value="-39.500000" />
  <attribute name="ProportionalI" value="-39.500000" />
  <attribute name="ProportionalH" value="-39.500000" />
  <attribute name="Current Error" value="-79.000000" />
  <attribute name="IntegralT" value="-20026.500000" />
  <attribute name="IntegralI" value="-20026.500000" />
  <attribute name="IntegralH" value="-20026.500000" />
  <attribute name="DerivativeT" value="-0.155819" />
  <attribute name="DerivativeI" value="-0.155819" />
  <attribute name="DerivativeH" value="-0.155819" />
  <attribute name="Loop Time for DT" value="507.000000" />
  <attribute name="Output H" value="4203675648"/>
  <attribute name="Output I" value="200"/>
  <attribute name="Output T" value="16"/>
  <attribute name="Target GC Util Change" value ="80.000000" />
  <attribute name="Current GC Util Change" value="1.000000"/>
  <attribute name="GC Util currently" value="1" />
  <attribute name="CPU Util currently" value="10" />
<allocation-satisfied id="1672" threadId="0000000001B6CD00" bytesRequested="16" />
<af-end id="1673" timestamp="2019-08-10T03:38:13.284" threadId="0000000001B6D688" success="true" from="nursery"/>
<exclusive-end id="1674" timestamp="2019-08-10T03:38:13.284" durationms="3.562" />

<exclusive-start id="1675" timestamp="2019-08-10T03:38:13.968" intervalms="687.349">
  <response-info timems="0.493" idlems="0.493" threads="0" lastid="0000000001B5DE00" lastname="node-1" />
</exclusive-start>
<af-start id="1676" threadId="0000000001B5E788" totalBytesRequested="32" timestamp="2019-08-10T03:38:13.968" intervalms="687.442" type="nursery" />
<cycle-start id="1677" type="scavenge" contextid="0" timestamp="2019-08-10T03:38:13.968" intervalms="687.444" />
<gc-start id="1678" type="scavenge" contextid="1677" timestamp="2019-08-10T03:38:13.968">
  <mem-info id="1679" free="4191064224" total="4203675648" percent="99">
    <mem type="nursery" free="0" total="2228224" percent="0">
      <mem type="allocate" free="0" total="1966080" percent="0" />
      <mem type="survivor" free="0" total="262144" percent="0" />
    </mem>
    <mem type="tenure" free="4191064224" total="4201447424" percent="99">
      <mem type="soa" free="3980992672" total="3991375872" percent="99" />
      <mem type="loa" free="210071552" total="210071552" percent="100" />
    </mem>
    <remembered-set count="387" />
  </mem-info>
</gc-start>
<allocation-stats totalBytes="1866680" >
  <allocated-bytes non-tlh="16" tlh="1866664" />
  <largest-consumer threadName="node-13" threadId="0000000001B78100" bytes="90104" />
</allocation-stats>
<gc-op id="1680" type="scavenge" timems="2.298" contextid="1677" timestamp="2019-08-10T03:38:13.971">
  <scavenger-info tenureage="2" tenuremask="4004" tiltratio="88" />
  <memory-copied type="nursery" objects="1691" bytes="42296" bytesdiscarded="38344" />
  <memory-copied type="tenure" objects="1376" bytes="33024" bytesdiscarded="0" />
</gc-op>
<gc-end id="1681" type="scavenge" contextid="1677" durationms="3.939" usertimems="4.578" systemtimems="3.282" timestamp="2019-08-10T03:38:13.972" activeThreads="16">
  <mem-info id="1682" free="4192901280" total="4203675648" percent="99">
    <mem type="nursery" free="1885440" total="2228224" percent="84">
      <mem type="allocate" free="1885440" total="1966080" percent="95" />
      <mem type="survivor" free="0" total="262144" percent="0" />
    </mem>
    <mem type="tenure" free="4191015840" total="4201447424" percent="99" macro-fragmented="0">
      <mem type="soa" free="3980944288" total="3991375872" percent="99" />
      <mem type="loa" free="210071552" total="210071552" percent="100" />
    </mem>
    <remembered-set count="318" />
  </mem-info>
</gc-end>
<cycle-end id="1683" type="scavenge" contextid="1677" timestamp="2019-08-10T03:38:13.972" />
  <attribute name="elasticGC enabled" value="1" />
  <attribute name= "numThreadsSpecified" value="16" />
  <attribute name="heapSize specified" value="8519680" />
  <attribute name="Current GC Util" value="0" />
  <attribute name= "Current Time Running" value="94115" />
  <attribute name ="GC Interval" value="200" />
  <attribute name="ProportionalT" value="-40.000000" />
  <attribute name="ProportionalI" value="-40.000000" />
  <attribute name="ProportionalH" value="-40.000000" />
  <attribute name="Current Error" value="-80.000000" />
  <attribute name="IntegralT" value="-27520.000000" />
  <attribute name="IntegralI" value="-27520.000000" />
  <attribute name="IntegralH" value="-27520.000000" />
  <attribute name="DerivativeT" value="-0.116279" />
  <attribute name="DerivativeI" value="-0.116279" />
  <attribute name="DerivativeH" value="-0.116279" />
  <attribute name="Loop Time for DT" value="688.000000" />
  <attribute name="Output H" value="4203675648"/>
  <attribute name="Output I" value="200"/>
  <attribute name="Output T" value="16"/>
  <attribute name="Target GC Util Change" value ="80.000000" />
  <attribute name="Current GC Util Change" value="0.000000"/>
  <attribute name="GC Util currently" value="0" />
  <attribute name="CPU Util currently" value="11" />
<allocation-satisfied id="1684" threadId="0000000001B5DE00" bytesRequested="32" />
<af-end id="1685" timestamp="2019-08-10T03:38:13.972" threadId="0000000001B5E788" success="true" from="nursery"/>
<exclusive-end id="1686" timestamp="2019-08-10T03:38:13.972" durationms="4.576" />

<exclusive-start id="1687" timestamp="2019-08-10T03:38:14.885" intervalms="917.118">
  <response-info timems="0.375" idlems="0.375" threads="0" lastid="0000000001B56600" lastname="node-5" />
</exclusive-start>
<af-start id="1688" threadId="0000000001B56F88" totalBytesRequested="24" timestamp="2019-08-10T03:38:14.885" intervalms="917.012" type="nursery" />
<cycle-start id="1689" type="scavenge" contextid="0" timestamp="2019-08-10T03:38:14.885" intervalms="917.002" />
<gc-start id="1690" type="scavenge" contextid="1689" timestamp="2019-08-10T03:38:14.885">
  <mem-info id="1691" free="4191015840" total="4203675648" percent="99">
    <mem type="nursery" free="0" total="2228224" percent="0">
      <mem type="allocate" free="0" total="1966080" percent="0" />
      <mem type="survivor" free="0" total="262144" percent="0" />
    </mem>
    <mem type="tenure" free="4191015840" total="4201447424" percent="99">
      <mem type="soa" free="3980944288" total="3991375872" percent="99" />
      <mem type="loa" free="210071552" total="210071552" percent="100" />
    </mem>
    <remembered-set count="387" />
  </mem-info>
</gc-start>
<allocation-stats totalBytes="1882736" >
  <allocated-bytes non-tlh="32" tlh="1882704" />
  <largest-consumer threadName="node-15" threadId="0000000001B2D300" bytes="90112" />
</allocation-stats>
<gc-op id="1692" type="scavenge" timems="2.147" contextid="1689" timestamp="2019-08-10T03:38:14.887">
  <scavenger-info tenureage="2" tenuremask="4004" tiltratio="88" />
  <memory-copied type="nursery" objects="2259" bytes="55928" bytesdiscarded="24712" />
  <memory-copied type="tenure" objects="644" bytes="15456" bytesdiscarded="0" />
</gc-op>
<gc-end id="1693" type="scavenge" contextid="1689" durationms="2.553" usertimems="2.194" systemtimems="3.306" timestamp="2019-08-10T03:38:14.888" activeThreads="16">
  <mem-info id="1694" free="4192885152" total="4203675648" percent="99">
    <mem type="nursery" free="1885440" total="2228224" percent="84">
      <mem type="allocate" free="1885440" total="1966080" percent="95" />
      <mem type="survivor" free="0" total="262144" percent="0" />
    </mem>
    <mem type="tenure" free="4190999712" total="4201447424" percent="99" macro-fragmented="0">
      <mem type="soa" free="3980928160" total="3991375872" percent="99" />
      <mem type="loa" free="210071552" total="210071552" percent="100" />
    </mem>
    <remembered-set count="308" />
  </mem-info>
</gc-end>
<cycle-end id="1695" type="scavenge" contextid="1689" timestamp="2019-08-10T03:38:14.888" />
  <attribute name="elasticGC enabled" value="1" />
  <attribute name= "numThreadsSpecified" value="16" />
  <attribute name="heapSize specified" value="8519680" />
  <attribute name="Current GC Util" value="0" />
  <attribute name= "Current Time Running" value="95031" />
  <attribute name ="GC Interval" value="200" />
  <attribute name="ProportionalT" value="-40.000000" />
  <attribute name="ProportionalI" value="-40.000000" />
  <attribute name="ProportionalH" value="-40.000000" />
  <attribute name="Current Error" value="-80.000000" />
  <attribute name="IntegralT" value="-36640.000000" />
  <attribute name="IntegralI" value="-36640.000000" />
  <attribute name="IntegralH" value="-36640.000000" />
  <attribute name="DerivativeT" value="-0.087336" />
  <attribute name="DerivativeI" value="-0.087336" />
  <attribute name="DerivativeH" value="-0.087336" />
  <attribute name="Loop Time for DT" value="916.000000" />
  <attribute name="Output H" value="4203675648"/>
  <attribute name="Output I" value="200"/>
  <attribute name="Output T" value="16"/>
  <attribute name="Target GC Util Change" value ="80.000000" />
  <attribute name="Current GC Util Change" value="0.000000"/>
  <attribute name="GC Util currently" value="0" />
  <attribute name="CPU Util currently" value="13" />
<allocation-satisfied id="1696" threadId="0000000001B56600" bytesRequested="24" />
<af-end id="1697" timestamp="2019-08-10T03:38:14.888" threadId="0000000001B56F88" success="true" from="nursery"/>
<exclusive-end id="1698" timestamp="2019-08-10T03:38:14.888" durationms="3.077" />

<exclusive-start id="1699" timestamp="2019-08-10T03:38:15.554" intervalms="668.856">
  <response-info timems="0.379" idlems="0.379" threads="0" lastid="0000000001B56600" lastname="node-5" />
</exclusive-start>
<af-start id="1700" threadId="0000000001B56F88" totalBytesRequested="24" timestamp="2019-08-10T03:38:15.554" intervalms="668.969" type="nursery" />
<cycle-start id="1701" type="scavenge" contextid="0" timestamp="2019-08-10T03:38:15.554" intervalms="668.965" />
<gc-start id="1702" type="scavenge" contextid="1701" timestamp="2019-08-10T03:38:15.554">
  <mem-info id="1703" free="4190999712" total="4203675648" percent="99">
    <mem type="nursery" free="0" total="2228224" percent="0">
      <mem type="allocate" free="0" total="1966080" percent="0" />
      <mem type="survivor" free="0" total="262144" percent="0" />
    </mem>
    <mem type="tenure" free="4190999712" total="4201447424" percent="99">
      <mem type="soa" free="3980928160" total="3991375872" percent="99" />
      <mem type="loa" free="210071552" total="210071552" percent="100" />
    </mem>
    <remembered-set count="389" />
  </mem-info>
</gc-start>
<allocation-stats totalBytes="1878056" >
  <allocated-bytes non-tlh="24" tlh="1878032" />
  <largest-consumer threadName="node-16" threadId="0000000001B70900" bytes="90088" />
</allocation-stats>
<gc-op id="1704" type="scavenge" timems="2.201" contextid="1701" timestamp="2019-08-10T03:38:15.556">
  <scavenger-info tenureage="2" tenuremask="4004" tiltratio="88" />
  <memory-copied type="nursery" objects="2189" bytes="54248" bytesdiscarded="65560" />
  <memory-copied type="tenure" objects="905" bytes="21720" bytesdiscarded="0" />
</gc-op>
<gc-end id="1705" type="scavenge" contextid="1701" durationms="2.559" usertimems="2.173" systemtimems="4.970" timestamp="2019-08-10T03:38:15.557" activeThreads="16">
  <mem-info id="1706" free="4192813728" total="4203675648" percent="99">
    <mem type="nursery" free="1846272" total="2228224" percent="82">
      <mem type="allocate" free="1846272" total="1966080" percent="93" />
      <mem type="survivor" free="0" total="262144" percent="0" />
    </mem>
    <mem type="tenure" free="4190967456" total="4201447424" percent="99" macro-fragmented="0">
      <mem type="soa" free="3980895904" total="3991375872" percent="99" />
      <mem type="loa" free="210071552" total="210071552" percent="100" />
    </mem>
    <remembered-set count="325" />
  </mem-info>
</gc-end>
<cycle-end id="1707" type="scavenge" contextid="1701" timestamp="2019-08-10T03:38:15.557" />
  <attribute name="elasticGC enabled" value="1" />
  <attribute name= "numThreadsSpecified" value="16" />
  <attribute name="heapSize specified" value="8519680" />
  <attribute name="Current GC Util" value="0" />
  <attribute name= "Current Time Running" value="95700" />
  <attribute name ="GC Interval" value="200" />
  <attribute name="ProportionalT" value="-40.000000" />
  <attribute name="ProportionalI" value="-40.000000" />
  <attribute name="ProportionalH" value="-40.000000" />
  <attribute name="Current Error" value="-80.000000" />
  <attribute name="IntegralT" value="-26760.000000" />
  <attribute name="IntegralI" value="-26760.000000" />
  <attribute name="IntegralH" value="-26760.000000" />
  <attribute name="DerivativeT" value="-0.119581" />
  <attribute name="DerivativeI" value="-0.119581" />
  <attribute name="DerivativeH" value="-0.119581" />
  <attribute name="Loop Time for DT" value="669.000000" />
  <attribute name="Output H" value="4203675648"/>
  <attribute name="Output I" value="200"/>
  <attribute name="Output T" value="16"/>
  <attribute name="Target GC Util Change" value ="80.000000" />
  <attribute name="Current GC Util Change" value="0.000000"/>
  <attribute name="GC Util currently" value="0" />
  <attribute name="CPU Util currently" value="12" />
<allocation-satisfied id="1708" threadId="0000000001B56600" bytesRequested="24" />
<af-end id="1709" timestamp="2019-08-10T03:38:15.557" threadId="0000000001B56F88" success="true" from="nursery"/>
<exclusive-end id="1710" timestamp="2019-08-10T03:38:15.557" durationms="2.916" />

<exclusive-start id="1711" timestamp="2019-08-10T03:38:16.190" intervalms="635.973">
  <response-info timems="0.438" idlems="0.438" threads="0" lastid="0000000001B34B00" lastname="node-23" />
</exclusive-start>
<af-start id="1712" threadId="0000000001B35488" totalBytesRequested="24" timestamp="2019-08-10T03:38:16.190" intervalms="635.977" type="nursery" />
<cycle-start id="1713" type="scavenge" contextid="0" timestamp="2019-08-10T03:38:16.190" intervalms="635.982" />
<gc-start id="1714" type="scavenge" contextid="1713" timestamp="2019-08-10T03:38:16.190">
  <mem-info id="1715" free="4190967456" total="4203675648" percent="99">
    <mem type="nursery" free="0" total="2228224" percent="0">
      <mem type="allocate" free="0" total="1966080" percent="0" />
      <mem type="survivor" free="0" total="262144" percent="0" />
    </mem>
    <mem type="tenure" free="4190967456" total="4201447424" percent="99">
      <mem type="soa" free="3980895904" total="3991375872" percent="99" />
      <mem type="loa" free="210071552" total="210071552" percent="100" />
    </mem>
    <remembered-set count="391" />
  </mem-info>
</gc-start>
<allocation-stats totalBytes="1837568" >
  <allocated-bytes non-tlh="24" tlh="1837544" />
  <largest-consumer threadName="node-7" threadId="0000000001B7BD00" bytes="90104" />
</allocation-stats>
<gc-op id="1716" type="scavenge" timems="1.683" contextid="1713" timestamp="2019-08-10T03:38:16.192">
  <scavenger-info tenureage="2" tenuremask="4004" tiltratio="88" />
  <memory-copied type="nursery" objects="1778" bytes="44384" bytesdiscarded="20128" />
  <memory-copied type="tenure" objects="1214" bytes="29136" bytesdiscarded="0" />
</gc-op>
<gc-end id="1717" type="scavenge" contextid="1713" durationms="1.979" usertimems="1.367" systemtimems="3.133" timestamp="2019-08-10T03:38:16.192" activeThreads="16">
  <mem-info id="1718" free="4192836768" total="4203675648" percent="99">
    <mem type="nursery" free="1901568" total="2228224" percent="85">
      <mem type="allocate" free="1901568" total="1966080" percent="96" />
      <mem type="survivor" free="0" total="262144" percent="0" />
    </mem>
    <mem type="tenure" free="4190935200" total="4201447424" percent="99" macro-fragmented="0">
      <mem type="soa" free="3980863648" total="3991375872" percent="99" />
      <mem type="loa" free="210071552" total="210071552" percent="100" />
    </mem>
    <remembered-set count="321" />
  </mem-info>
</gc-end>
<cycle-end id="1719" type="scavenge" contextid="1713" timestamp="2019-08-10T03:38:16.192" />
  <attribute name="elasticGC enabled" value="1" />
  <attribute name= "numThreadsSpecified" value="16" />
  <attribute name="heapSize specified" value="8519680" />
  <attribute name="Current GC Util" value="0" />
  <attribute name= "Current Time Running" value="96336" />
  <attribute name ="GC Interval" value="200" />
  <attribute name="ProportionalT" value="-40.000000" />
  <attribute name="ProportionalI" value="-40.000000" />
  <attribute name="ProportionalH" value="-40.000000" />
  <attribute name="Current Error" value="-80.000000" />
  <attribute name="IntegralT" value="-25440.000000" />
  <attribute name="IntegralI" value="-25440.000000" />
  <attribute name="IntegralH" value="-25440.000000" />
  <attribute name="DerivativeT" value="-0.125786" />
  <attribute name="DerivativeI" value="-0.125786" />
  <attribute name="DerivativeH" value="-0.125786" />
  <attribute name="Loop Time for DT" value="636.000000" />
  <attribute name="Output H" value="4203675648"/>
  <attribute name="Output I" value="200"/>
  <attribute name="Output T" value="16"/>
  <attribute name="Target GC Util Change" value ="80.000000" />
  <attribute name="Current GC Util Change" value="0.000000"/>
  <attribute name="GC Util currently" value="0" />
  <attribute name="CPU Util currently" value="11" />
<allocation-satisfied id="1720" threadId="0000000001B34B00" bytesRequested="24" />
<af-end id="1721" timestamp="2019-08-10T03:38:16.192" threadId="0000000001B35488" success="true" from="nursery"/>
<exclusive-end id="1722" timestamp="2019-08-10T03:38:16.192" durationms="2.386" />

<exclusive-start id="1723" timestamp="2019-08-10T03:38:16.847" intervalms="656.946">
  <response-info timems="0.023" idlems="0.023" threads="0" lastid="0000000001B65600" lastname="node-4" />
</exclusive-start>
<af-start id="1724" threadId="0000000001B65F88" totalBytesRequested="32" timestamp="2019-08-10T03:38:16.847" intervalms="656.859" type="nursery" />
<cycle-start id="1725" type="scavenge" contextid="0" timestamp="2019-08-10T03:38:16.847" intervalms="657.417" />
<gc-start id="1726" type="scavenge" contextid="1725" timestamp="2019-08-10T03:38:16.847">
  <mem-info id="1727" free="4190935200" total="4203675648" percent="99">
    <mem type="nursery" free="0" total="2228224" percent="0">
      <mem type="allocate" free="0" total="1966080" percent="0" />
      <mem type="survivor" free="0" total="262144" percent="0" />
    </mem>
    <mem type="tenure" free="4190935200" total="4201447424" percent="99">
      <mem type="soa" free="3980863648" total="3991375872" percent="99" />
      <mem type="loa" free="210071552" total="210071552" percent="100" />
    </mem>
    <remembered-set count="386" />
  </mem-info>
</gc-start>
<allocation-stats totalBytes="1890864" >
  <allocated-bytes non-tlh="24" tlh="1890840" />
  <largest-consumer threadName="node-20" threadId="0000000001B83500" bytes="90504" />
</allocation-stats>
<gc-op id="1728" type="scavenge" timems="3.053" contextid="1725" timestamp="2019-08-10T03:38:16.850">
  <scavenger-info tenureage="2" tenuremask="4004" tiltratio="88" />
  <memory-copied type="nursery" objects="1661" bytes="41576" bytesdiscarded="55192" />
  <memory-copied type="tenure" objects="835" bytes="20040" bytesdiscarded="0" />
</gc-op>
<gc-end id="1729" type="scavenge" contextid="1725" durationms="3.474" usertimems="4.277" systemtimems="1.615" timestamp="2019-08-10T03:38:16.851" activeThreads="16">
  <mem-info id="1730" free="4192788384" total="4203675648" percent="99">
    <mem type="nursery" free="1869312" total="2228224" percent="83">
      <mem type="allocate" free="1869312" total="1966080" percent="95" />
      <mem type="survivor" free="0" total="262144" percent="0" />
    </mem>
    <mem type="tenure" free="4190919072" total="4201447424" percent="99" macro-fragmented="0">
      <mem type="soa" free="3980847520" total="3991375872" percent="99" />
      <mem type="loa" free="210071552" total="210071552" percent="100" />
    </mem>
    <remembered-set count="320" />
  </mem-info>
</gc-end>
<cycle-end id="1731" type="scavenge" contextid="1725" timestamp="2019-08-10T03:38:16.851" />
  <attribute name="elasticGC enabled" value="1" />
  <attribute name= "numThreadsSpecified" value="16" />
  <attribute name="heapSize specified" value="8519680" />
  <attribute name="Current GC Util" value="0" />
  <attribute name= "Current Time Running" value="96994" />
  <attribute name ="GC Interval" value="200" />
  <attribute name="ProportionalT" value="-40.000000" />
  <attribute name="ProportionalI" value="-40.000000" />
  <attribute name="ProportionalH" value="-40.000000" />
  <attribute name="Current Error" value="-80.000000" />
  <attribute name="IntegralT" value="-26320.000000" />
  <attribute name="IntegralI" value="-26320.000000" />
  <attribute name="IntegralH" value="-26320.000000" />
  <attribute name="DerivativeT" value="-0.121581" />
  <attribute name="DerivativeI" value="-0.121581" />
  <attribute name="DerivativeH" value="-0.121581" />
  <attribute name="Loop Time for DT" value="658.000000" />
  <attribute name="Output H" value="4203675648"/>
  <attribute name="Output I" value="200"/>
  <attribute name="Output T" value="16"/>
  <attribute name="Target GC Util Change" value ="80.000000" />
  <attribute name="Current GC Util Change" value="0.000000"/>
  <attribute name="GC Util currently" value="0" />
  <attribute name="CPU Util currently" value="12" />
<allocation-satisfied id="1732" threadId="0000000001B65600" bytesRequested="32" />
<af-end id="1733" timestamp="2019-08-10T03:38:16.851" threadId="0000000001B65F88" success="true" from="nursery"/>
<exclusive-end id="1734" timestamp="2019-08-10T03:38:16.851" durationms="4.319" />

<exclusive-start id="1735" timestamp="2019-08-10T03:38:17.761" intervalms="914.502">
  <response-info timems="1.429" idlems="1.429" threads="0" lastid="0000000001B56600" lastname="node-5" />
</exclusive-start>
<af-start id="1736" threadId="0000000001B56F88" totalBytesRequested="24" timestamp="2019-08-10T03:38:17.761" intervalms="914.451" type="nursery" />
<cycle-start id="1737" type="scavenge" contextid="0" timestamp="2019-08-10T03:38:17.761" intervalms="913.893" />
<gc-start id="1738" type="scavenge" contextid="1737" timestamp="2019-08-10T03:38:17.761">
  <mem-info id="1739" free="4190919072" total="4203675648" percent="99">
    <mem type="nursery" free="0" total="2228224" percent="0">
      <mem type="allocate" free="0" total="1966080" percent="0" />
      <mem type="survivor" free="0" total="262144" percent="0" />
    </mem>
    <mem type="tenure" free="4190919072" total="4201447424" percent="99">
      <mem type="soa" free="3980847520" total="3991375872" percent="99" />
      <mem type="loa" free="210071552" total="210071552" percent="100" />
    </mem>
    <remembered-set count="389" />
  </mem-info>
</gc-start>
<allocation-stats totalBytes="1867944" >
  <allocated-bytes non-tlh="32" tlh="1867912" />
  <largest-consumer threadName="node-16" threadId="0000000001B70900" bytes="90104" />
</allocation-stats>
<gc-op id="1740" type="scavenge" timems="3.644" contextid="1737" timestamp="2019-08-10T03:38:17.765">
  <scavenger-info tenureage="2" tenuremask="4004" tiltratio="88" />
  <memory-copied type="nursery" objects="2079" bytes="51672" bytesdiscarded="61224" />
  <memory-copied type="tenure" objects="803" bytes="19272" bytesdiscarded="0" />
</gc-op>
<gc-end id="1741" type="scavenge" contextid="1737" durationms="4.739" usertimems="4.762" systemtimems="5.374" timestamp="2019-08-10T03:38:17.766" activeThreads="16">
  <mem-info id="1742" free="4192756128" total="4203675648" percent="99">
    <mem type="nursery" free="1853184" total="2228224" percent="83">
      <mem type="allocate" free="1853184" total="1966080" percent="94" />
      <mem type="survivor" free="0" total="262144" percent="0" />
    </mem>
    <mem type="tenure" free="4190902944" total="4201447424" percent="99" macro-fragmented="0">
      <mem type="soa" free="3980831392" total="3991375872" percent="99" />
      <mem type="loa" free="210071552" total="210071552" percent="100" />
    </mem>
    <remembered-set count="320" />
  </mem-info>
</gc-end>
<cycle-end id="1743" type="scavenge" contextid="1737" timestamp="2019-08-10T03:38:17.766" />
  <attribute name="elasticGC enabled" value="1" />
  <attribute name= "numThreadsSpecified" value="16" />
  <attribute name="heapSize specified" value="8519680" />
  <attribute name="Current GC Util" value="0" />
  <attribute name= "Current Time Running" value="97908" />
  <attribute name ="GC Interval" value="200" />
  <attribute name="ProportionalT" value="-40.000000" />
  <attribute name="ProportionalI" value="-40.000000" />
  <attribute name="ProportionalH" value="-40.000000" />
  <attribute name="Current Error" value="-80.000000" />
  <attribute name="IntegralT" value="-36560.000000" />
  <attribute name="IntegralI" value="-36560.000000" />
  <attribute name="IntegralH" value="-36560.000000" />
  <attribute name="DerivativeT" value="-0.087527" />
  <attribute name="DerivativeI" value="-0.087527" />
  <attribute name="DerivativeH" value="-0.087527" />
  <attribute name="Loop Time for DT" value="914.000000" />
  <attribute name="Output H" value="4203675648"/>
  <attribute name="Output I" value="200"/>
  <attribute name="Output T" value="16"/>
  <attribute name="Target GC Util Change" value ="80.000000" />
  <attribute name="Current GC Util Change" value="0.000000"/>
  <attribute name="GC Util currently" value="0" />
  <attribute name="CPU Util currently" value="13" />
<allocation-satisfied id="1744" threadId="0000000001B56600" bytesRequested="24" />
<af-end id="1745" timestamp="2019-08-10T03:38:17.766" threadId="0000000001B56F88" success="true" from="nursery"/>
<exclusive-end id="1746" timestamp="2019-08-10T03:38:17.766" durationms="5.054" />

<exclusive-start id="1747" timestamp="2019-08-10T03:38:18.652" intervalms="890.386">
  <response-info timems="0.901" idlems="0.497" threads="1" lastid="0000000001B87100" lastname="node-19" />
</exclusive-start>
<af-start id="1748" threadId="0000000001B6D688" totalBytesRequested="24" timestamp="2019-08-10T03:38:18.652" intervalms="890.415" type="nursery" />
<cycle-start id="1749" type="scavenge" contextid="0" timestamp="2019-08-10T03:38:18.652" intervalms="890.416" />
<gc-start id="1750" type="scavenge" contextid="1749" timestamp="2019-08-10T03:38:18.652">
  <mem-info id="1751" free="4190902944" total="4203675648" percent="99">
    <mem type="nursery" free="0" total="2228224" percent="0">
      <mem type="allocate" free="0" total="1966080" percent="0" />
      <mem type="survivor" free="0" total="262144" percent="0" />
    </mem>
    <mem type="tenure" free="4190902944" total="4201447424" percent="99">
      <mem type="soa" free="3980831392" total="3991375872" percent="99" />
      <mem type="loa" free="210071552" total="210071552" percent="100" />
    </mem>
    <remembered-set count="390" />
  </mem-info>
</gc-start>
<allocation-stats totalBytes="1847176" >
  <allocated-bytes non-tlh="24" tlh="1847152" />
  <largest-consumer threadName="node-10" threadId="0000000001B29700" bytes="90104" />
</allocation-stats>
<gc-op id="1752" type="scavenge" timems="1.455" contextid="1749" timestamp="2019-08-10T03:38:18.653">
  <scavenger-info tenureage="2" tenuremask="4004" tiltratio="88" />
  <memory-copied type="nursery" objects="2634" bytes="64984" bytesdiscarded="31784" />
  <memory-copied type="tenure" objects="716" bytes="17184" bytesdiscarded="0" />
</gc-op>
<gc-end id="1753" type="scavenge" contextid="1749" durationms="1.709" usertimems="0.744" systemtimems="1.716" timestamp="2019-08-10T03:38:18.654" activeThreads="16">
  <mem-info id="1754" free="4192756128" total="4203675648" percent="99">
    <mem type="nursery" free="1869312" total="2228224" percent="83">
      <mem type="allocate" free="1869312" total="1966080" percent="95" />
      <mem type="survivor" free="0" total="262144" percent="0" />
    </mem>
    <mem type="tenure" free="4190886816" total="4201447424" percent="99" macro-fragmented="0">
      <mem type="soa" free="3980815264" total="3991375872" percent="99" />
      <mem type="loa" free="210071552" total="210071552" percent="100" />
    </mem>
    <remembered-set count="326" />
  </mem-info>
</gc-end>
<cycle-end id="1755" type="scavenge" contextid="1749" timestamp="2019-08-10T03:38:18.654" />
  <attribute name="elasticGC enabled" value="1" />
  <attribute name= "numThreadsSpecified" value="16" />
  <attribute name="heapSize specified" value="8519680" />
  <attribute name="Current GC Util" value="0" />
  <attribute name= "Current Time Running" value="98798" />
  <attribute name ="GC Interval" value="200" />
  <attribute name="ProportionalT" value="-40.000000" />
  <attribute name="ProportionalI" value="-40.000000" />
  <attribute name="ProportionalH" value="-40.000000" />
  <attribute name="Current Error" value="-80.000000" />
  <attribute name="IntegralT" value="-35600.000000" />
  <attribute name="IntegralI" value="-35600.000000" />
  <attribute name="IntegralH" value="-35600.000000" />
  <attribute name="DerivativeT" value="-0.089888" />
  <attribute name="DerivativeI" value="-0.089888" />
  <attribute name="DerivativeH" value="-0.089888" />
  <attribute name="Loop Time for DT" value="890.000000" />
  <attribute name="Output H" value="4203675648"/>
  <attribute name="Output I" value="200"/>
  <attribute name="Output T" value="16"/>
  <attribute name="Target GC Util Change" value ="80.000000" />
  <attribute name="Current GC Util Change" value="0.000000"/>
  <attribute name="GC Util currently" value="0" />
  <attribute name="CPU Util currently" value="13" />
<allocation-satisfied id="1756" threadId="0000000001B6CD00" bytesRequested="24" />
<af-end id="1757" timestamp="2019-08-10T03:38:18.654" threadId="0000000001B6D688" success="true" from="nursery"/>
<exclusive-end id="1758" timestamp="2019-08-10T03:38:18.654" durationms="2.141" />

<exclusive-start id="1759" timestamp="2019-08-10T03:38:19.648" intervalms="996.835">
  <response-info timems="0.085" idlems="0.085" threads="0" lastid="0000000001B2D300" lastname="node-15" />
</exclusive-start>
<af-start id="1760" threadId="0000000001B2DC88" totalBytesRequested="32" timestamp="2019-08-10T03:38:19.650" intervalms="998.454" type="nursery" />
<cycle-start id="1761" type="scavenge" contextid="0" timestamp="2019-08-10T03:38:19.650" intervalms="998.446" />
<gc-start id="1762" type="scavenge" contextid="1761" timestamp="2019-08-10T03:38:19.650">
  <mem-info id="1763" free="4190886816" total="4203675648" percent="99">
    <mem type="nursery" free="0" total="2228224" percent="0">
      <mem type="allocate" free="0" total="1966080" percent="0" />
      <mem type="survivor" free="0" total="262144" percent="0" />
    </mem>
    <mem type="tenure" free="4190886816" total="4201447424" percent="99">
      <mem type="soa" free="3980815264" total="3991375872" percent="99" />
      <mem type="loa" free="210071552" total="210071552" percent="100" />
    </mem>
    <remembered-set count="393" />
  </mem-info>
</gc-start>
<allocation-stats totalBytes="1868296" >
  <allocated-bytes non-tlh="24" tlh="1868272" />
  <largest-consumer threadName="node-2" threadId="0000000001B5A200" bytes="90112" />
</allocation-stats>
<gc-op id="1764" type="scavenge" timems="2.268" contextid="1761" timestamp="2019-08-10T03:38:19.652">
  <scavenger-info tenureage="2" tenuremask="4004" tiltratio="88" />
  <memory-copied type="nursery" objects="2818" bytes="69344" bytesdiscarded="43552" />
  <memory-copied type="tenure" objects="1216" bytes="29184" bytesdiscarded="0" />
</gc-op>
<gc-end id="1765" type="scavenge" contextid="1761" durationms="2.479" usertimems="1.072" systemtimems="2.063" timestamp="2019-08-10T03:38:19.653" activeThreads="16">
  <mem-info id="1766" free="4192707744" total="4203675648" percent="99">
    <mem type="nursery" free="1853184" total="2228224" percent="83">
      <mem type="allocate" free="1853184" total="1966080" percent="94" />
      <mem type="survivor" free="0" total="262144" percent="0" />
    </mem>
    <mem type="tenure" free="4190854560" total="4201447424" percent="99" macro-fragmented="0">
      <mem type="soa" free="3980783008" total="3991375872" percent="99" />
      <mem type="loa" free="210071552" total="210071552" percent="100" />
    </mem>
    <remembered-set count="328" />
  </mem-info>
</gc-end>
<cycle-end id="1767" type="scavenge" contextid="1761" timestamp="2019-08-10T03:38:19.653" />
  <attribute name="elasticGC enabled" value="1" />
  <attribute name= "numThreadsSpecified" value="16" />
  <attribute name="heapSize specified" value="8519680" />
  <attribute name="Current GC Util" value="0" />
  <attribute name= "Current Time Running" value="99796" />
  <attribute name ="GC Interval" value="200" />
  <attribute name="ProportionalT" value="-40.000000" />
  <attribute name="ProportionalI" value="-40.000000" />
  <attribute name="ProportionalH" value="-40.000000" />
  <attribute name="Current Error" value="-80.000000" />
  <attribute name="IntegralT" value="-39920.000000" />
  <attribute name="IntegralI" value="-39920.000000" />
  <attribute name="IntegralH" value="-39920.000000" />
  <attribute name="DerivativeT" value="-0.080160" />
  <attribute name="DerivativeI" value="-0.080160" />
  <attribute name="DerivativeH" value="-0.080160" />
  <attribute name="Loop Time for DT" value="998.000000" />
  <attribute name="Output H" value="4203675648"/>
  <attribute name="Output I" value="200"/>
  <attribute name="Output T" value="16"/>
  <attribute name="Target GC Util Change" value ="80.000000" />
  <attribute name="Current GC Util Change" value="0.000000"/>
  <attribute name="GC Util currently" value="0" />
  <attribute name="CPU Util currently" value="14" />
<allocation-satisfied id="1768" threadId="0000000001B2D300" bytesRequested="32" />
<af-end id="1769" timestamp="2019-08-10T03:38:19.653" threadId="0000000001B2DC88" success="true" from="nursery"/>
<exclusive-end id="1770" timestamp="2019-08-10T03:38:19.653" durationms="4.346" />

<exclusive-start id="1771" timestamp="2019-08-10T03:38:20.466" intervalms="817.966">
  <response-info timems="1.607" idlems="0.914" threads="1" lastid="0000000001B7BD00" lastname="node-7" />
</exclusive-start>
<af-start id="1772" threadId="0000000001B4F788" totalBytesRequested="368" timestamp="2019-08-10T03:38:20.466" intervalms="816.370" type="nursery" />
<cycle-start id="1773" type="scavenge" contextid="0" timestamp="2019-08-10T03:38:20.466" intervalms="816.373" />
<gc-start id="1774" type="scavenge" contextid="1773" timestamp="2019-08-10T03:38:20.467">
  <mem-info id="1775" free="4190854560" total="4203675648" percent="99">
    <mem type="nursery" free="0" total="2228224" percent="0">
      <mem type="allocate" free="0" total="1966080" percent="0" />
      <mem type="survivor" free="0" total="262144" percent="0" />
    </mem>
    <mem type="tenure" free="4190854560" total="4201447424" percent="99">
      <mem type="soa" free="3980783008" total="3991375872" percent="99" />
      <mem type="loa" free="210071552" total="210071552" percent="100" />
    </mem>
    <remembered-set count="397" />
  </mem-info>
</gc-start>
<allocation-stats totalBytes="1847480" >
  <allocated-bytes non-tlh="32" tlh="1847448" />
  <largest-consumer threadName="node-24" threadId="0000000001B6CD00" bytes="90112" />
</allocation-stats>
<gc-op id="1776" type="scavenge" timems="2.494" contextid="1773" timestamp="2019-08-10T03:38:20.469">
  <scavenger-info tenureage="2" tenuremask="4004" tiltratio="88" />
  <memory-copied type="nursery" objects="2850" bytes="83456" bytesdiscarded="29440" />
  <memory-copied type="tenure" objects="1274" bytes="30576" bytesdiscarded="0" />
</gc-op>
<gc-end id="1777" type="scavenge" contextid="1773" durationms="2.669" usertimems="1.586" systemtimems="4.582" timestamp="2019-08-10T03:38:20.469" activeThreads="16">
  <mem-info id="1778" free="4192675488" total="4203675648" percent="99">
    <mem type="nursery" free="1853184" total="2228224" percent="83">
      <mem type="allocate" free="1853184" total="1966080" percent="94" />
      <mem type="survivor" free="0" total="262144" percent="0" />
    </mem>
    <mem type="tenure" free="4190822304" total="4201447424" percent="99" macro-fragmented="0">
      <mem type="soa" free="3980750752" total="3991375872" percent="99" />
      <mem type="loa" free="210071552" total="210071552" percent="100" />
    </mem>
    <remembered-set count="309" />
  </mem-info>
</gc-end>
<cycle-end id="1779" type="scavenge" contextid="1773" timestamp="2019-08-10T03:38:20.469" />
  <attribute name="elasticGC enabled" value="1" />
  <attribute name= "numThreadsSpecified" value="16" />
  <attribute name="heapSize specified" value="8519680" />
  <attribute name="Current GC Util" value="0" />
  <attribute name= "Current Time Running" value="100613" />
  <attribute name ="GC Interval" value="200" />
  <attribute name="ProportionalT" value="-40.000000" />
  <attribute name="ProportionalI" value="-40.000000" />
  <attribute name="ProportionalH" value="-40.000000" />
  <attribute name="Current Error" value="-80.000000" />
  <attribute name="IntegralT" value="-32680.000000" />
  <attribute name="IntegralI" value="-32680.000000" />
  <attribute name="IntegralH" value="-32680.000000" />
  <attribute name="DerivativeT" value="-0.097919" />
  <attribute name="DerivativeI" value="-0.097919" />
  <attribute name="DerivativeH" value="-0.097919" />
  <attribute name="Loop Time for DT" value="817.000000" />
  <attribute name="Output H" value="4203675648"/>
  <attribute name="Output I" value="200"/>
  <attribute name="Output T" value="16"/>
  <attribute name="Target GC Util Change" value ="80.000000" />
  <attribute name="Current GC Util Change" value="0.000000"/>
  <attribute name="GC Util currently" value="0" />
  <attribute name="CPU Util currently" value="12" />
<allocation-satisfied id="1780" threadId="0000000001B4EE00" bytesRequested="368" />
<af-end id="1781" timestamp="2019-08-10T03:38:20.469" threadId="0000000001B4F788" success="true" from="nursery"/>
<exclusive-end id="1782" timestamp="2019-08-10T03:38:20.469" durationms="2.952" />

<exclusive-start id="1783" timestamp="2019-08-10T03:38:21.167" intervalms="700.810">
  <response-info timems="0.030" idlems="0.030" threads="0" lastid="0000000001B6CD00" lastname="node-24" />
</exclusive-start>
<af-start id="1784" threadId="0000000001B6D688" totalBytesRequested="24" timestamp="2019-08-10T03:38:21.167" intervalms="700.799" type="nursery" />
<cycle-start id="1785" type="scavenge" contextid="0" timestamp="2019-08-10T03:38:21.167" intervalms="700.829" />
<gc-start id="1786" type="scavenge" contextid="1785" timestamp="2019-08-10T03:38:21.167">
  <mem-info id="1787" free="4190822304" total="4203675648" percent="99">
    <mem type="nursery" free="0" total="2228224" percent="0">
      <mem type="allocate" free="0" total="1966080" percent="0" />
      <mem type="survivor" free="0" total="262144" percent="0" />
    </mem>
    <mem type="tenure" free="4190822304" total="4201447424" percent="99">
      <mem type="soa" free="3980750752" total="3991375872" percent="99" />
      <mem type="loa" free="210071552" total="210071552" percent="100" />
    </mem>
    <remembered-set count="396" />
  </mem-info>
</gc-start>
<allocation-stats totalBytes="1851672" >
  <allocated-bytes non-tlh="368" tlh="1851304" />
  <largest-consumer threadName="node-21" threadId="0000000001B4EE00" bytes="90432" />
</allocation-stats>
<gc-op id="1788" type="scavenge" timems="2.548" contextid="1785" timestamp="2019-08-10T03:38:21.170">
  <scavenger-info tenureage="2" tenuremask="4004" tiltratio="88" />
  <memory-copied type="nursery" objects="2400" bytes="59376" bytesdiscarded="101904" />
  <memory-copied type="tenure" objects="1402" bytes="33648" bytesdiscarded="0" />
</gc-op>
<gc-end id="1789" type="scavenge" contextid="1785" durationms="2.712" usertimems="0.000" systemtimems="8.843" timestamp="2019-08-10T03:38:21.170" activeThreads="16">
  <mem-info id="1790" free="4192594848" total="4203675648" percent="99">
    <mem type="nursery" free="1804800" total="2228224" percent="80">
      <mem type="allocate" free="1804800" total="1966080" percent="91" />
      <mem type="survivor" free="0" total="262144" percent="0" />
    </mem>
    <mem type="tenure" free="4190790048" total="4201447424" percent="99" macro-fragmented="0">
      <mem type="soa" free="3980718496" total="3991375872" percent="99" />
      <mem type="loa" free="210071552" total="210071552" percent="100" />
    </mem>
    <remembered-set count="323" />
  </mem-info>
</gc-end>
<cycle-end id="1791" type="scavenge" contextid="1785" timestamp="2019-08-10T03:38:21.170" />
  <attribute name="elasticGC enabled" value="1" />
  <attribute name= "numThreadsSpecified" value="16" />
  <attribute name="heapSize specified" value="8519680" />
  <attribute name="Current GC Util" value="0" />
  <attribute name= "Current Time Running" value="101314" />
  <attribute name ="GC Interval" value="200" />
  <attribute name="ProportionalT" value="-40.000000" />
  <attribute name="ProportionalI" value="-40.000000" />
  <attribute name="ProportionalH" value="-40.000000" />
  <attribute name="Current Error" value="-80.000000" />
  <attribute name="IntegralT" value="-28040.000000" />
  <attribute name="IntegralI" value="-28040.000000" />
  <attribute name="IntegralH" value="-28040.000000" />
  <attribute name="DerivativeT" value="-0.114123" />
  <attribute name="DerivativeI" value="-0.114123" />
  <attribute name="DerivativeH" value="-0.114123" />
  <attribute name="Loop Time for DT" value="701.000000" />
  <attribute name="Output H" value="4203675648"/>
  <attribute name="Output I" value="200"/>
  <attribute name="Output T" value="16"/>
  <attribute name="Target GC Util Change" value ="80.000000" />
  <attribute name="Current GC Util Change" value="0.000000"/>
  <attribute name="GC Util currently" value="0" />
  <attribute name="CPU Util currently" value="12" />
<allocation-satisfied id="1792" threadId="0000000001B6CD00" bytesRequested="24" />
<af-end id="1793" timestamp="2019-08-10T03:38:21.170" threadId="0000000001B6D688" success="true" from="nursery"/>
<exclusive-end id="1794" timestamp="2019-08-10T03:38:21.170" durationms="3.067" />

<exclusive-start id="1795" timestamp="2019-08-10T03:38:21.917" intervalms="749.432">
  <response-info timems="0.346" idlems="0.346" threads="0" lastid="0000000001B6CD00" lastname="node-24" />
</exclusive-start>
<af-start id="1796" threadId="0000000001B6D688" totalBytesRequested="32" timestamp="2019-08-10T03:38:21.917" intervalms="749.569" type="nursery" />
<cycle-start id="1797" type="scavenge" contextid="0" timestamp="2019-08-10T03:38:21.917" intervalms="749.615" />
<gc-start id="1798" type="scavenge" contextid="1797" timestamp="2019-08-10T03:38:21.917">
  <mem-info id="1799" free="4190790048" total="4203675648" percent="99">
    <mem type="nursery" free="0" total="2228224" percent="0">
      <mem type="allocate" free="0" total="1966080" percent="0" />
      <mem type="survivor" free="0" total="262144" percent="0" />
    </mem>
    <mem type="tenure" free="4190790048" total="4201447424" percent="99">
      <mem type="soa" free="3980718496" total="3991375872" percent="99" />
      <mem type="loa" free="210071552" total="210071552" percent="100" />
    </mem>
    <remembered-set count="392" />
  </mem-info>
</gc-start>
<allocation-stats totalBytes="1801656" >
  <allocated-bytes non-tlh="24" tlh="1801632" />
  <largest-consumer threadName="node-5" threadId="0000000001B56600" bytes="90104" />
</allocation-stats>
<gc-op id="1800" type="scavenge" timems="2.401" contextid="1797" timestamp="2019-08-10T03:38:21.920">
  <scavenger-info tenureage="2" tenuremask="4004" tiltratio="88" />
  <memory-copied type="nursery" objects="2113" bytes="51696" bytesdiscarded="109584" />
  <memory-copied type="tenure" objects="1269" bytes="30456" bytesdiscarded="0" />
</gc-op>
<gc-end id="1801" type="scavenge" contextid="1797" durationms="2.692" usertimems="0.056" systemtimems="5.446" timestamp="2019-08-10T03:38:21.920" activeThreads="16">
  <mem-info id="1802" free="4192562592" total="4203675648" percent="99">
    <mem type="nursery" free="1804800" total="2228224" percent="80">
      <mem type="allocate" free="1804800" total="1966080" percent="91" />
      <mem type="survivor" free="0" total="262144" percent="0" />
    </mem>
    <mem type="tenure" free="4190757792" total="4201447424" percent="99" macro-fragmented="0">
      <mem type="soa" free="3980686240" total="3991375872" percent="99" />
      <mem type="loa" free="210071552" total="210071552" percent="100" />
    </mem>
    <remembered-set count="313" />
  </mem-info>
</gc-end>
<cycle-end id="1803" type="scavenge" contextid="1797" timestamp="2019-08-10T03:38:21.920" />
  <attribute name="elasticGC enabled" value="1" />
  <attribute name= "numThreadsSpecified" value="16" />
  <attribute name="heapSize specified" value="8519680" />
  <attribute name="Current GC Util" value="0" />
  <attribute name= "Current Time Running" value="102063" />
  <attribute name ="GC Interval" value="200" />
  <attribute name="ProportionalT" value="-40.000000" />
  <attribute name="ProportionalI" value="-40.000000" />
  <attribute name="ProportionalH" value="-40.000000" />
  <attribute name="Current Error" value="-80.000000" />
  <attribute name="IntegralT" value="-29960.000000" />
  <attribute name="IntegralI" value="-29960.000000" />
  <attribute name="IntegralH" value="-29960.000000" />
  <attribute name="DerivativeT" value="-0.106809" />
  <attribute name="DerivativeI" value="-0.106809" />
  <attribute name="DerivativeH" value="-0.106809" />
  <attribute name="Loop Time for DT" value="749.000000" />
  <attribute name="Output H" value="4203675648"/>
  <attribute name="Output I" value="200"/>
  <attribute name="Output T" value="16"/>
  <attribute name="Target GC Util Change" value ="80.000000" />
  <attribute name="Current GC Util Change" value="0.000000"/>
  <attribute name="GC Util currently" value="0" />
  <attribute name="CPU Util currently" value="13" />
<allocation-satisfied id="1804" threadId="0000000001B6CD00" bytesRequested="32" />
<af-end id="1805" timestamp="2019-08-10T03:38:21.920" threadId="0000000001B6D688" success="true" from="nursery"/>
<exclusive-end id="1806" timestamp="2019-08-10T03:38:21.920" durationms="3.359" />

<exclusive-start id="1807" timestamp="2019-08-10T03:38:22.600" intervalms="683.025">
  <response-info timems="1.580" idlems="0.793" threads="1" lastid="0000000001B6CD00" lastname="node-24" />
</exclusive-start>
<af-start id="1808" threadId="0000000001B2A088" totalBytesRequested="24" timestamp="2019-08-10T03:38:22.600" intervalms="682.874" type="nursery" />
<cycle-start id="1809" type="scavenge" contextid="0" timestamp="2019-08-10T03:38:22.600" intervalms="683.027" />
<gc-start id="1810" type="scavenge" contextid="1809" timestamp="2019-08-10T03:38:22.600">
  <mem-info id="1811" free="4190757792" total="4203675648" percent="99">
    <mem type="nursery" free="0" total="2228224" percent="0">
      <mem type="allocate" free="0" total="1966080" percent="0" />
      <mem type="survivor" free="0" total="262144" percent="0" />
    </mem>
    <mem type="tenure" free="4190757792" total="4201447424" percent="99">
      <mem type="soa" free="3980686240" total="3991375872" percent="99" />
      <mem type="loa" free="210071552" total="210071552" percent="100" />
    </mem>
    <remembered-set count="384" />
  </mem-info>
</gc-start>
<allocation-stats totalBytes="1803432" >
  <allocated-bytes non-tlh="32" tlh="1803400" />
  <largest-consumer threadName="node-4" threadId="0000000001B65600" bytes="90104" />
</allocation-stats>
<gc-op id="1812" type="scavenge" timems="4.458" contextid="1809" timestamp="2019-08-10T03:38:22.604">
  <scavenger-info tenureage="2" tenuremask="4004" tiltratio="88" />
  <memory-copied type="nursery" objects="2221" bytes="55016" bytesdiscarded="25624" />
  <memory-copied type="tenure" objects="985" bytes="23640" bytesdiscarded="0" />
</gc-op>
<gc-end id="1813" type="scavenge" contextid="1809" durationms="5.058" usertimems="4.698" systemtimems="1.218" timestamp="2019-08-10T03:38:22.605" activeThreads="16">
  <mem-info id="1814" free="4192627104" total="4203675648" percent="99">
    <mem type="nursery" free="1885440" total="2228224" percent="84">
      <mem type="allocate" free="1885440" total="1966080" percent="95" />
      <mem type="survivor" free="0" total="262144" percent="0" />
    </mem>
    <mem type="tenure" free="4190741664" total="4201447424" percent="99" macro-fragmented="0">
      <mem type="soa" free="3980670112" total="3991375872" percent="99" />
      <mem type="loa" free="210071552" total="210071552" percent="100" />
    </mem>
    <remembered-set count="321" />
  </mem-info>
</gc-end>
<cycle-end id="1815" type="scavenge" contextid="1809" timestamp="2019-08-10T03:38:22.605" />
  <attribute name="elasticGC enabled" value="1" />
  <attribute name= "numThreadsSpecified" value="16" />
  <attribute name="heapSize specified" value="8519680" />
  <attribute name="Current GC Util" value="0" />
  <attribute name= "Current Time Running" value="102746" />
  <attribute name ="GC Interval" value="200" />
  <attribute name="ProportionalT" value="-40.000000" />
  <attribute name="ProportionalI" value="-40.000000" />
  <attribute name="ProportionalH" value="-40.000000" />
  <attribute name="Current Error" value="-80.000000" />
  <attribute name="IntegralT" value="-27320.000000" />
  <attribute name="IntegralI" value="-27320.000000" />
  <attribute name="IntegralH" value="-27320.000000" />
  <attribute name="DerivativeT" value="-0.117130" />
  <attribute name="DerivativeI" value="-0.117130" />
  <attribute name="DerivativeH" value="-0.117130" />
  <attribute name="Loop Time for DT" value="683.000000" />
  <attribute name="Output H" value="4203675648"/>
  <attribute name="Output I" value="200"/>
  <attribute name="Output T" value="16"/>
  <attribute name="Target GC Util Change" value ="80.000000" />
  <attribute name="Current GC Util Change" value="0.000000"/>
  <attribute name="GC Util currently" value="0" />
  <attribute name="CPU Util currently" value="11" />
<allocation-satisfied id="1816" threadId="0000000001B29700" bytesRequested="24" />
<af-end id="1817" timestamp="2019-08-10T03:38:22.605" threadId="0000000001B2A088" success="true" from="nursery"/>
<exclusive-end id="1818" timestamp="2019-08-10T03:38:22.605" durationms="5.609" />

<exclusive-start id="1819" timestamp="2019-08-10T03:38:23.332" intervalms="732.538">
  <response-info timems="0.495" idlems="0.495" threads="0" lastid="0000000001B47600" lastname="node-12" />
</exclusive-start>
<af-start id="1820" threadId="0000000001B47F88" totalBytesRequested="16" timestamp="2019-08-10T03:38:23.332" intervalms="732.506" type="nursery" />
<cycle-start id="1821" type="scavenge" contextid="0" timestamp="2019-08-10T03:38:23.332" intervalms="732.271" />
<gc-start id="1822" type="scavenge" contextid="1821" timestamp="2019-08-10T03:38:23.332">
  <mem-info id="1823" free="4190741664" total="4203675648" percent="99">
    <mem type="nursery" free="0" total="2228224" percent="0">
      <mem type="allocate" free="0" total="1966080" percent="0" />
      <mem type="survivor" free="0" total="262144" percent="0" />
    </mem>
    <mem type="tenure" free="4190741664" total="4201447424" percent="99">
      <mem type="soa" free="3980670112" total="3991375872" percent="99" />
      <mem type="loa" free="210071552" total="210071552" percent="100" />
    </mem>
    <remembered-set count="387" />
  </mem-info>
</gc-start>
<allocation-stats totalBytes="1879080" >
  <allocated-bytes non-tlh="24" tlh="1879056" />
  <largest-consumer threadName="node-20" threadId="0000000001B83500" bytes="89896" />
</allocation-stats>
<gc-op id="1824" type="scavenge" timems="3.107" contextid="1821" timestamp="2019-08-10T03:38:23.335">
  <scavenger-info tenureage="2" tenuremask="4004" tiltratio="88" />
  <memory-copied type="nursery" objects="2308" bytes="60904" bytesdiscarded="68120" />
  <memory-copied type="tenure" objects="991" bytes="23784" bytesdiscarded="0" />
</gc-op>
<gc-end id="1825" type="scavenge" contextid="1821" durationms="3.386" usertimems="3.797" systemtimems="4.875" timestamp="2019-08-10T03:38:23.336" activeThreads="16">
  <mem-info id="1826" free="4192546464" total="4203675648" percent="99">
    <mem type="nursery" free="1837056" total="2228224" percent="82">
      <mem type="allocate" free="1837056" total="1966080" percent="93" />
      <mem type="survivor" free="0" total="262144" percent="0" />
    </mem>
    <mem type="tenure" free="4190709408" total="4201447424" percent="99" macro-fragmented="0">
      <mem type="soa" free="3980637856" total="3991375872" percent="99" />
      <mem type="loa" free="210071552" total="210071552" percent="100" />
    </mem>
    <remembered-set count="301" />
  </mem-info>
</gc-end>
<cycle-end id="1827" type="scavenge" contextid="1821" timestamp="2019-08-10T03:38:23.336" />
  <attribute name="elasticGC enabled" value="1" />
  <attribute name= "numThreadsSpecified" value="16" />
  <attribute name="heapSize specified" value="8519680" />
  <attribute name="Current GC Util" value="0" />
  <attribute name= "Current Time Running" value="103478" />
  <attribute name ="GC Interval" value="200" />
  <attribute name="ProportionalT" value="-40.000000" />
  <attribute name="ProportionalI" value="-40.000000" />
  <attribute name="ProportionalH" value="-40.000000" />
  <attribute name="Current Error" value="-80.000000" />
  <attribute name="IntegralT" value="-29280.000000" />
  <attribute name="IntegralI" value="-29280.000000" />
  <attribute name="IntegralH" value="-29280.000000" />
  <attribute name="DerivativeT" value="-0.109290" />
  <attribute name="DerivativeI" value="-0.109290" />
  <attribute name="DerivativeH" value="-0.109290" />
  <attribute name="Loop Time for DT" value="732.000000" />
  <attribute name="Output H" value="4203675648"/>
  <attribute name="Output I" value="200"/>
  <attribute name="Output T" value="16"/>
  <attribute name="Target GC Util Change" value ="80.000000" />
  <attribute name="Current GC Util Change" value="0.000000"/>
  <attribute name="GC Util currently" value="0" />
  <attribute name="CPU Util currently" value="13" />
<allocation-satisfied id="1828" threadId="0000000001B47600" bytesRequested="16" />
<af-end id="1829" timestamp="2019-08-10T03:38:23.336" threadId="0000000001B47F88" success="true" from="nursery"/>
<exclusive-end id="1830" timestamp="2019-08-10T03:38:23.336" durationms="3.590" />

<exclusive-start id="1831" timestamp="2019-08-10T03:38:23.817" intervalms="484.603">
  <response-info timems="0.588" idlems="0.588" threads="0" lastid="0000000001B52A00" lastname="node-6" />
</exclusive-start>
<af-start id="1832" threadId="0000000001B53388" totalBytesRequested="32" timestamp="2019-08-10T03:38:23.817" intervalms="484.662" type="nursery" />
<cycle-start id="1833" type="scavenge" contextid="0" timestamp="2019-08-10T03:38:23.817" intervalms="484.669" />
<gc-start id="1834" type="scavenge" contextid="1833" timestamp="2019-08-10T03:38:23.817">
  <mem-info id="1835" free="4190709408" total="4203675648" percent="99">
    <mem type="nursery" free="0" total="2228224" percent="0">
      <mem type="allocate" free="0" total="1966080" percent="0" />
      <mem type="survivor" free="0" total="262144" percent="0" />
    </mem>
    <mem type="tenure" free="4190709408" total="4201447424" percent="99">
      <mem type="soa" free="3980637856" total="3991375872" percent="99" />
      <mem type="loa" free="210071552" total="210071552" percent="100" />
    </mem>
    <remembered-set count="385" />
  </mem-info>
</gc-start>
<allocation-stats totalBytes="1820800" >
  <allocated-bytes non-tlh="16" tlh="1820784" />
  <largest-consumer threadName="node-9" threadId="0000000001B4B200" bytes="90096" />
</allocation-stats>
<gc-op id="1836" type="scavenge" timems="2.707" contextid="1833" timestamp="2019-08-10T03:38:23.820">
  <scavenger-info tenureage="2" tenuremask="4004" tiltratio="88" />
  <memory-copied type="nursery" objects="1800" bytes="44912" bytesdiscarded="51856" />
  <memory-copied type="tenure" objects="1090" bytes="26160" bytesdiscarded="0" />
</gc-op>
<gc-end id="1837" type="scavenge" contextid="1833" durationms="3.082" usertimems="4.142" systemtimems="1.696" timestamp="2019-08-10T03:38:23.820" activeThreads="16">
  <mem-info id="1838" free="4192546464" total="4203675648" percent="99">
    <mem type="nursery" free="1869312" total="2228224" percent="83">
      <mem type="allocate" free="1869312" total="1966080" percent="95" />
      <mem type="survivor" free="0" total="262144" percent="0" />
    </mem>
    <mem type="tenure" free="4190677152" total="4201447424" percent="99" macro-fragmented="0">
      <mem type="soa" free="3980605600" total="3991375872" percent="99" />
      <mem type="loa" free="210071552" total="210071552" percent="100" />
    </mem>
    <remembered-set count="320" />
  </mem-info>
</gc-end>
<cycle-end id="1839" type="scavenge" contextid="1833" timestamp="2019-08-10T03:38:23.820" />
  <attribute name="elasticGC enabled" value="1" />
  <attribute name= "numThreadsSpecified" value="16" />
  <attribute name="heapSize specified" value="8519680" />
  <attribute name="Current GC Util" value="1" />
  <attribute name= "Current Time Running" value="103963" />
  <attribute name ="GC Interval" value="200" />
  <attribute name="ProportionalT" value="-39.500000" />
  <attribute name="ProportionalI" value="-39.500000" />
  <attribute name="ProportionalH" value="-39.500000" />
  <attribute name="Current Error" value="-79.000000" />
  <attribute name="IntegralT" value="-19157.500000" />
  <attribute name="IntegralI" value="-19157.500000" />
  <attribute name="IntegralH" value="-19157.500000" />
  <attribute name="DerivativeT" value="-0.162887" />
  <attribute name="DerivativeI" value="-0.162887" />
  <attribute name="DerivativeH" value="-0.162887" />
  <attribute name="Loop Time for DT" value="485.000000" />
  <attribute name="Output H" value="4203675648"/>
  <attribute name="Output I" value="200"/>
  <attribute name="Output T" value="16"/>
  <attribute name="Target GC Util Change" value ="80.000000" />
  <attribute name="Current GC Util Change" value="1.000000"/>
  <attribute name="GC Util currently" value="1" />
  <attribute name="CPU Util currently" value="8" />
<allocation-satisfied id="1840" threadId="0000000001B52A00" bytesRequested="32" />
<af-end id="1841" timestamp="2019-08-10T03:38:23.820" threadId="0000000001B53388" success="true" from="nursery"/>
<exclusive-end id="1842" timestamp="2019-08-10T03:38:23.820" durationms="3.520" />

<exclusive-start id="1843" timestamp="2019-08-10T03:38:24.595" intervalms="778.272">
  <response-info timems="1.235" idlems="1.235" threads="0" lastid="0000000001B7F900" lastname="node-0" />
</exclusive-start>
<af-start id="1844" threadId="0000000001B80288" totalBytesRequested="32" timestamp="2019-08-10T03:38:24.595" intervalms="778.257" type="nursery" />
<cycle-start id="1845" type="scavenge" contextid="0" timestamp="2019-08-10T03:38:24.595" intervalms="778.257" />
<gc-start id="1846" type="scavenge" contextid="1845" timestamp="2019-08-10T03:38:24.595">
  <mem-info id="1847" free="4190677152" total="4203675648" percent="99">
    <mem type="nursery" free="0" total="2228224" percent="0">
      <mem type="allocate" free="0" total="1966080" percent="0" />
      <mem type="survivor" free="0" total="262144" percent="0" />
    </mem>
    <mem type="tenure" free="4190677152" total="4201447424" percent="99">
      <mem type="soa" free="3980605600" total="3991375872" percent="99" />
      <mem type="loa" free="210071552" total="210071552" percent="100" />
    </mem>
    <remembered-set count="389" />
  </mem-info>
</gc-start>
<allocation-stats totalBytes="1868128" >
  <allocated-bytes non-tlh="32" tlh="1868096" />
  <largest-consumer threadName="node-3" threadId="0000000001B61A00" bytes="90112" />
</allocation-stats>
<gc-op id="1848" type="scavenge" timems="5.511" contextid="1845" timestamp="2019-08-10T03:38:24.601">
  <scavenger-info tenureage="2" tenuremask="4004" tiltratio="88" />
  <memory-copied type="nursery" objects="1900" bytes="47312" bytesdiscarded="33328" />
  <memory-copied type="tenure" objects="1062" bytes="25488" bytesdiscarded="0" />
</gc-op>
<gc-end id="1849" type="scavenge" contextid="1845" durationms="5.913" usertimems="1.681" systemtimems="4.809" timestamp="2019-08-10T03:38:24.601" activeThreads="16">
  <mem-info id="1850" free="4192530336" total="4203675648" percent="99">
    <mem type="nursery" free="1885440" total="2228224" percent="84">
      <mem type="allocate" free="1885440" total="1966080" percent="95" />
      <mem type="survivor" free="0" total="262144" percent="0" />
    </mem>
    <mem type="tenure" free="4190644896" total="4201447424" percent="99" macro-fragmented="0">
      <mem type="soa" free="3980573344" total="3991375872" percent="99" />
      <mem type="loa" free="210071552" total="210071552" percent="100" />
    </mem>
    <remembered-set count="320" />
  </mem-info>
</gc-end>
<cycle-end id="1851" type="scavenge" contextid="1845" timestamp="2019-08-10T03:38:24.601" />
  <attribute name="elasticGC enabled" value="1" />
  <attribute name= "numThreadsSpecified" value="16" />
  <attribute name="heapSize specified" value="8519680" />
  <attribute name="Current GC Util" value="0" />
  <attribute name= "Current Time Running" value="104742" />
  <attribute name ="GC Interval" value="200" />
  <attribute name="ProportionalT" value="-40.000000" />
  <attribute name="ProportionalI" value="-40.000000" />
  <attribute name="ProportionalH" value="-40.000000" />
  <attribute name="Current Error" value="-80.000000" />
  <attribute name="IntegralT" value="-31160.000000" />
  <attribute name="IntegralI" value="-31160.000000" />
  <attribute name="IntegralH" value="-31160.000000" />
  <attribute name="DerivativeT" value="-0.102696" />
  <attribute name="DerivativeI" value="-0.102696" />
  <attribute name="DerivativeH" value="-0.102696" />
  <attribute name="Loop Time for DT" value="779.000000" />
  <attribute name="Output H" value="4203675648"/>
  <attribute name="Output I" value="200"/>
  <attribute name="Output T" value="16"/>
  <attribute name="Target GC Util Change" value ="80.000000" />
  <attribute name="Current GC Util Change" value="0.000000"/>
  <attribute name="GC Util currently" value="0" />
  <attribute name="CPU Util currently" value="13" />
<allocation-satisfied id="1852" threadId="0000000001B7F900" bytesRequested="32" />
<af-end id="1853" timestamp="2019-08-10T03:38:24.601" threadId="0000000001B80288" success="true" from="nursery"/>
<exclusive-end id="1854" timestamp="2019-08-10T03:38:24.601" durationms="6.235" />

<exclusive-start id="1855" timestamp="2019-08-10T03:38:25.501" intervalms="905.710">
  <response-info timems="1.077" idlems="1.077" threads="0" lastid="0000000001B61A00" lastname="node-3" />
</exclusive-start>
<af-start id="1856" threadId="0000000001B62388" totalBytesRequested="24" timestamp="2019-08-10T03:38:25.501" intervalms="905.749" type="nursery" />
<cycle-start id="1857" type="scavenge" contextid="0" timestamp="2019-08-10T03:38:25.501" intervalms="905.747" />
<gc-start id="1858" type="scavenge" contextid="1857" timestamp="2019-08-10T03:38:25.501">
  <mem-info id="1859" free="4190644896" total="4203675648" percent="99">
    <mem type="nursery" free="0" total="2228224" percent="0">
      <mem type="allocate" free="0" total="1966080" percent="0" />
      <mem type="survivor" free="0" total="262144" percent="0" />
    </mem>
    <mem type="tenure" free="4190644896" total="4201447424" percent="99">
      <mem type="soa" free="3980573344" total="3991375872" percent="99" />
      <mem type="loa" free="210071552" total="210071552" percent="100" />
    </mem>
    <remembered-set count="388" />
  </mem-info>
</gc-start>
<allocation-stats totalBytes="1882504" >
  <allocated-bytes non-tlh="32" tlh="1882472" />
  <largest-consumer threadName="node-10" threadId="0000000001B29700" bytes="90104" />
</allocation-stats>
<gc-op id="1860" type="scavenge" timems="2.922" contextid="1857" timestamp="2019-08-10T03:38:25.504">
  <scavenger-info tenureage="2" tenuremask="4004" tiltratio="88" />
  <memory-copied type="nursery" objects="2512" bytes="61888" bytesdiscarded="18752" />
  <memory-copied type="tenure" objects="596" bytes="14304" bytesdiscarded="0" />
</gc-op>
<gc-end id="1861" type="scavenge" contextid="1857" durationms="3.230" usertimems="2.117" systemtimems="4.050" timestamp="2019-08-10T03:38:25.504" activeThreads="16">
  <mem-info id="1862" free="4192514208" total="4203675648" percent="99">
    <mem type="nursery" free="1885440" total="2228224" percent="84">
      <mem type="allocate" free="1885440" total="1966080" percent="95" />
      <mem type="survivor" free="0" total="262144" percent="0" />
    </mem>
    <mem type="tenure" free="4190628768" total="4201447424" percent="99" macro-fragmented="0">
      <mem type="soa" free="3980557216" total="3991375872" percent="99" />
      <mem type="loa" free="210071552" total="210071552" percent="100" />
    </mem>
    <remembered-set count="326" />
  </mem-info>
</gc-end>
<cycle-end id="1863" type="scavenge" contextid="1857" timestamp="2019-08-10T03:38:25.504" />
  <attribute name="elasticGC enabled" value="1" />
  <attribute name= "numThreadsSpecified" value="16" />
  <attribute name="heapSize specified" value="8519680" />
  <attribute name="Current GC Util" value="0" />
  <attribute name= "Current Time Running" value="105647" />
  <attribute name ="GC Interval" value="200" />
  <attribute name="ProportionalT" value="-40.000000" />
  <attribute name="ProportionalI" value="-40.000000" />
  <attribute name="ProportionalH" value="-40.000000" />
  <attribute name="Current Error" value="-80.000000" />
  <attribute name="IntegralT" value="-36200.000000" />
  <attribute name="IntegralI" value="-36200.000000" />
  <attribute name="IntegralH" value="-36200.000000" />
  <attribute name="DerivativeT" value="-0.088398" />
  <attribute name="DerivativeI" value="-0.088398" />
  <attribute name="DerivativeH" value="-0.088398" />
  <attribute name="Loop Time for DT" value="905.000000" />
  <attribute name="Output H" value="4203675648"/>
  <attribute name="Output I" value="200"/>
  <attribute name="Output T" value="16"/>
  <attribute name="Target GC Util Change" value ="80.000000" />
  <attribute name="Current GC Util Change" value="0.000000"/>
  <attribute name="GC Util currently" value="0" />
  <attribute name="CPU Util currently" value="13" />
<allocation-satisfied id="1864" threadId="0000000001B61A00" bytesRequested="24" />
<af-end id="1865" timestamp="2019-08-10T03:38:25.504" threadId="0000000001B62388" success="true" from="nursery"/>
<exclusive-end id="1866" timestamp="2019-08-10T03:38:25.504" durationms="3.508" />

<exclusive-start id="1867" timestamp="2019-08-10T03:38:26.585" intervalms="1083.787">
  <response-info timems="0.147" idlems="0.147" threads="0" lastid="0000000001B6CD00" lastname="node-24" />
</exclusive-start>
<af-start id="1868" threadId="0000000001B6D688" totalBytesRequested="24" timestamp="2019-08-10T03:38:26.585" intervalms="1083.987" type="nursery" />
<cycle-start id="1869" type="scavenge" contextid="0" timestamp="2019-08-10T03:38:26.585" intervalms="1084.118" />
<gc-start id="1870" type="scavenge" contextid="1869" timestamp="2019-08-10T03:38:26.585">
  <mem-info id="1871" free="4190628768" total="4203675648" percent="99">
    <mem type="nursery" free="0" total="2228224" percent="0">
      <mem type="allocate" free="0" total="1966080" percent="0" />
      <mem type="survivor" free="0" total="262144" percent="0" />
    </mem>
    <mem type="tenure" free="4190628768" total="4201447424" percent="99">
      <mem type="soa" free="3980557216" total="3991375872" percent="99" />
      <mem type="loa" free="210071552" total="210071552" percent="100" />
    </mem>
    <remembered-set count="393" />
  </mem-info>
</gc-start>
<allocation-stats totalBytes="1882736" >
  <allocated-bytes non-tlh="24" tlh="1882712" />
  <largest-consumer threadName="node-3" threadId="0000000001B61A00" bytes="90112" />
</allocation-stats>
<gc-op id="1872" type="scavenge" timems="1.973" contextid="1869" timestamp="2019-08-10T03:38:26.587">
  <scavenger-info tenureage="2" tenuremask="4004" tiltratio="88" />
  <memory-copied type="nursery" objects="2774" bytes="65656" bytesdiscarded="47240" />
  <memory-copied type="tenure" objects="1162" bytes="27888" bytesdiscarded="8" />
</gc-op>
<gc-end id="1873" type="scavenge" contextid="1869" durationms="2.462" usertimems="1.748" systemtimems="4.097" timestamp="2019-08-10T03:38:26.588" activeThreads="16">
  <mem-info id="1874" free="4192449696" total="4203675648" percent="99">
    <mem type="nursery" free="1853184" total="2228224" percent="83">
      <mem type="allocate" free="1853184" total="1966080" percent="94" />
      <mem type="survivor" free="0" total="262144" percent="0" />
    </mem>
    <mem type="tenure" free="4190596512" total="4201447424" percent="99" macro-fragmented="0">
      <mem type="soa" free="3980524960" total="3991375872" percent="99" />
      <mem type="loa" free="210071552" total="210071552" percent="100" />
    </mem>
    <remembered-set count="304" />
  </mem-info>
</gc-end>
<cycle-end id="1875" type="scavenge" contextid="1869" timestamp="2019-08-10T03:38:26.588" />
  <attribute name="elasticGC enabled" value="1" />
  <attribute name= "numThreadsSpecified" value="16" />
  <attribute name="heapSize specified" value="8519680" />
  <attribute name="Current GC Util" value="0" />
  <attribute name= "Current Time Running" value="106731" />
  <attribute name ="GC Interval" value="200" />
  <attribute name="ProportionalT" value="-40.000000" />
  <attribute name="ProportionalI" value="-40.000000" />
  <attribute name="ProportionalH" value="-40.000000" />
  <attribute name="Current Error" value="-80.000000" />
  <attribute name="IntegralT" value="-43360.000000" />
  <attribute name="IntegralI" value="-43360.000000" />
  <attribute name="IntegralH" value="-43360.000000" />
  <attribute name="DerivativeT" value="-0.073801" />
  <attribute name="DerivativeI" value="-0.073801" />
  <attribute name="DerivativeH" value="-0.073801" />
  <attribute name="Loop Time for DT" value="1084.000000" />
  <attribute name="Output H" value="4203675648"/>
  <attribute name="Output I" value="200"/>
  <attribute name="Output T" value="16"/>
  <attribute name="Target GC Util Change" value ="80.000000" />
  <attribute name="Current GC Util Change" value="0.000000"/>
  <attribute name="GC Util currently" value="0" />
  <attribute name="CPU Util currently" value="15" />
<allocation-satisfied id="1876" threadId="0000000001B6CD00" bytesRequested="24" />
<af-end id="1877" timestamp="2019-08-10T03:38:26.588" threadId="0000000001B6D688" success="true" from="nursery"/>
<exclusive-end id="1878" timestamp="2019-08-10T03:38:26.588" durationms="3.722" />

<exclusive-start id="1879" timestamp="2019-08-10T03:38:27.717" intervalms="1132.431">
  <response-info timems="0.027" idlems="0.027" threads="0" lastid="0000000001B4EE00" lastname="node-21" />
</exclusive-start>
<af-start id="1880" threadId="0000000001B4F788" totalBytesRequested="16" timestamp="2019-08-10T03:38:27.717" intervalms="1132.170" type="nursery" />
<cycle-start id="1881" type="scavenge" contextid="0" timestamp="2019-08-10T03:38:27.717" intervalms="1132.234" />
<gc-start id="1882" type="scavenge" contextid="1881" timestamp="2019-08-10T03:38:27.717">
  <mem-info id="1883" free="4190596512" total="4203675648" percent="99">
    <mem type="nursery" free="0" total="2228224" percent="0">
      <mem type="allocate" free="0" total="1966080" percent="0" />
      <mem type="survivor" free="0" total="262144" percent="0" />
    </mem>
    <mem type="tenure" free="4190596512" total="4201447424" percent="99">
      <mem type="soa" free="3980524960" total="3991375872" percent="99" />
      <mem type="loa" free="210071552" total="210071552" percent="100" />
    </mem>
    <remembered-set count="400" />
  </mem-info>
</gc-start>
<allocation-stats totalBytes="1851184" >
  <allocated-bytes non-tlh="24" tlh="1851160" />
  <largest-consumer threadName="node-24" threadId="0000000001B6CD00" bytes="90128" />
</allocation-stats>
<gc-op id="1884" type="scavenge" timems="5.304" contextid="1881" timestamp="2019-08-10T03:38:27.723">
  <scavenger-info tenureage="2" tenuremask="4004" tiltratio="88" />
  <memory-copied type="nursery" objects="3329" bytes="101960" bytesdiscarded="43192" />
  <memory-copied type="tenure" objects="1211" bytes="29064" bytesdiscarded="0" />
</gc-op>
<gc-end id="1885" type="scavenge" contextid="1881" durationms="5.976" usertimems="2.749" systemtimems="4.206" timestamp="2019-08-10T03:38:27.723" activeThreads="16">
  <mem-info id="1886" free="4192385184" total="4203675648" percent="99">
    <mem type="nursery" free="1820928" total="2228224" percent="81">
      <mem type="allocate" free="1820928" total="1966080" percent="92" />
      <mem type="survivor" free="0" total="262144" percent="0" />
    </mem>
    <mem type="tenure" free="4190564256" total="4201447424" percent="99" macro-fragmented="0">
      <mem type="soa" free="3980492704" total="3991375872" percent="99" />
      <mem type="loa" free="210071552" total="210071552" percent="100" />
    </mem>
    <remembered-set count="312" />
  </mem-info>
</gc-end>
<cycle-end id="1887" type="scavenge" contextid="1881" timestamp="2019-08-10T03:38:27.723" />
  <attribute name="elasticGC enabled" value="1" />
  <attribute name= "numThreadsSpecified" value="16" />
  <attribute name="heapSize specified" value="8519680" />
  <attribute name="Current GC Util" value="0" />
  <attribute name= "Current Time Running" value="107864" />
  <attribute name ="GC Interval" value="200" />
  <attribute name="ProportionalT" value="-40.000000" />
  <attribute name="ProportionalI" value="-40.000000" />
  <attribute name="ProportionalH" value="-40.000000" />
  <attribute name="Current Error" value="-80.000000" />
  <attribute name="IntegralT" value="-45320.000000" />
  <attribute name="IntegralI" value="-45320.000000" />
  <attribute name="IntegralH" value="-45320.000000" />
  <attribute name="DerivativeT" value="-0.070609" />
  <attribute name="DerivativeI" value="-0.070609" />
  <attribute name="DerivativeH" value="-0.070609" />
  <attribute name="Loop Time for DT" value="1133.000000" />
  <attribute name="Output H" value="4203675648"/>
  <attribute name="Output I" value="200"/>
  <attribute name="Output T" value="16"/>
  <attribute name="Target GC Util Change" value ="80.000000" />
  <attribute name="Current GC Util Change" value="0.000000"/>
  <attribute name="GC Util currently" value="0" />
  <attribute name="CPU Util currently" value="14" />
<allocation-satisfied id="1888" threadId="0000000001B4EE00" bytesRequested="16" />
<af-end id="1889" timestamp="2019-08-10T03:38:27.724" threadId="0000000001B4F788" success="true" from="nursery"/>
<exclusive-end id="1890" timestamp="2019-08-10T03:38:27.724" durationms="6.594" />

<exclusive-start id="1891" timestamp="2019-08-10T03:38:28.302" intervalms="585.482">
  <response-info timems="0.056" idlems="0.056" threads="0" lastid="0000000001B70900" lastname="node-16" />
</exclusive-start>
<af-start id="1892" threadId="0000000001B71288" totalBytesRequested="24" timestamp="2019-08-10T03:38:28.303" intervalms="585.559" type="nursery" />
<cycle-start id="1893" type="scavenge" contextid="0" timestamp="2019-08-10T03:38:28.303" intervalms="585.405" />
<gc-start id="1894" type="scavenge" contextid="1893" timestamp="2019-08-10T03:38:28.303">
  <mem-info id="1895" free="4190564256" total="4203675648" percent="99">
    <mem type="nursery" free="0" total="2228224" percent="0">
      <mem type="allocate" free="0" total="1966080" percent="0" />
      <mem type="survivor" free="0" total="262144" percent="0" />
    </mem>
    <mem type="tenure" free="4190564256" total="4201447424" percent="99">
      <mem type="soa" free="3980492704" total="3991375872" percent="99" />
      <mem type="loa" free="210071552" total="210071552" percent="100" />
    </mem>
    <remembered-set count="398" />
  </mem-info>
</gc-start>
<allocation-stats totalBytes="1818448" >
  <allocated-bytes non-tlh="16" tlh="1818432" />
  <largest-consumer threadName="node-23" threadId="0000000001B34B00" bytes="90112" />
</allocation-stats>
<gc-op id="1896" type="scavenge" timems="1.131" contextid="1893" timestamp="2019-08-10T03:38:28.304">
  <scavenger-info tenureage="2" tenuremask="4004" tiltratio="88" />
  <memory-copied type="nursery" objects="2551" bytes="62936" bytesdiscarded="82216" />
  <memory-copied type="tenure" objects="1448" bytes="34752" bytesdiscarded="0" />
</gc-op>
<gc-end id="1897" type="scavenge" contextid="1893" durationms="1.638" usertimems="0.000" systemtimems="2.128" timestamp="2019-08-10T03:38:28.304" activeThreads="16">
  <mem-info id="1898" free="4192352928" total="4203675648" percent="99">
    <mem type="nursery" free="1820928" total="2228224" percent="81">
      <mem type="allocate" free="1820928" total="1966080" percent="92" />
      <mem type="survivor" free="0" total="262144" percent="0" />
    </mem>
    <mem type="tenure" free="4190532000" total="4201447424" percent="99" macro-fragmented="0">
      <mem type="soa" free="3980460448" total="3991375872" percent="99" />
      <mem type="loa" free="210071552" total="210071552" percent="100" />
    </mem>
    <remembered-set count="327" />
  </mem-info>
</gc-end>
<cycle-end id="1899" type="scavenge" contextid="1893" timestamp="2019-08-10T03:38:28.304" />
  <attribute name="elasticGC enabled" value="1" />
  <attribute name= "numThreadsSpecified" value="16" />
  <attribute name="heapSize specified" value="8519680" />
  <attribute name="Current GC Util" value="0" />
  <attribute name= "Current Time Running" value="108449" />
  <attribute name ="GC Interval" value="200" />
  <attribute name="ProportionalT" value="-40.000000" />
  <attribute name="ProportionalI" value="-40.000000" />
  <attribute name="ProportionalH" value="-40.000000" />
  <attribute name="Current Error" value="-80.000000" />
  <attribute name="IntegralT" value="-23400.000000" />
  <attribute name="IntegralI" value="-23400.000000" />
  <attribute name="IntegralH" value="-23400.000000" />
  <attribute name="DerivativeT" value="-0.136752" />
  <attribute name="DerivativeI" value="-0.136752" />
  <attribute name="DerivativeH" value="-0.136752" />
  <attribute name="Loop Time for DT" value="585.000000" />
  <attribute name="Output H" value="4203675648"/>
  <attribute name="Output I" value="200"/>
  <attribute name="Output T" value="16"/>
  <attribute name="Target GC Util Change" value ="80.000000" />
  <attribute name="Current GC Util Change" value="0.000000"/>
  <attribute name="GC Util currently" value="0" />
  <attribute name="CPU Util currently" value="10" />
<allocation-satisfied id="1900" threadId="0000000001B70900" bytesRequested="24" />
<af-end id="1901" timestamp="2019-08-10T03:38:28.305" threadId="0000000001B71288" success="true" from="nursery"/>
<exclusive-end id="1902" timestamp="2019-08-10T03:38:28.305" durationms="2.245" />

<exclusive-start id="1903" timestamp="2019-08-10T03:38:28.989" intervalms="686.612">
  <response-info timems="0.028" idlems="0.028" threads="0" lastid="0000000001B34B00" lastname="node-23" />
</exclusive-start>
<af-start id="1904" threadId="0000000001B35488" totalBytesRequested="24" timestamp="2019-08-10T03:38:28.989" intervalms="686.532" type="nursery" />
<cycle-start id="1905" type="scavenge" contextid="0" timestamp="2019-08-10T03:38:28.989" intervalms="686.515" />
<gc-start id="1906" type="scavenge" contextid="1905" timestamp="2019-08-10T03:38:28.989">
  <mem-info id="1907" free="4190532000" total="4203675648" percent="99">
    <mem type="nursery" free="0" total="2228224" percent="0">
      <mem type="allocate" free="0" total="1966080" percent="0" />
      <mem type="survivor" free="0" total="262144" percent="0" />
    </mem>
    <mem type="tenure" free="4190532000" total="4201447424" percent="99">
      <mem type="soa" free="3980460448" total="3991375872" percent="99" />
      <mem type="loa" free="210071552" total="210071552" percent="100" />
    </mem>
    <remembered-set count="394" />
  </mem-info>
</gc-start>
<allocation-stats totalBytes="1819872" >
  <allocated-bytes non-tlh="24" tlh="1819848" />
  <largest-consumer threadName="node-7" threadId="0000000001B7BD00" bytes="90104" />
</allocation-stats>
<gc-op id="1908" type="scavenge" timems="2.025" contextid="1905" timestamp="2019-08-10T03:38:28.991">
  <scavenger-info tenureage="2" tenuremask="4004" tiltratio="88" />
  <memory-copied type="nursery" objects="1745" bytes="43592" bytesdiscarded="44728" />
  <memory-copied type="tenure" objects="1701" bytes="40824" bytesdiscarded="16" />
</gc-op>
<gc-end id="1909" type="scavenge" contextid="1905" durationms="4.194" usertimems="4.842" systemtimems="5.533" timestamp="2019-08-10T03:38:28.993" activeThreads="16">
  <mem-info id="1910" free="4192369824" total="4203675648" percent="99">
    <mem type="nursery" free="1877760" total="2228224" percent="84">
      <mem type="allocate" free="1877760" total="1966080" percent="95" />
      <mem type="survivor" free="0" total="262144" percent="0" />
    </mem>
    <mem type="tenure" free="4190492064" total="4201447424" percent="99" macro-fragmented="0">
      <mem type="soa" free="3980420512" total="3991375872" percent="99" />
      <mem type="loa" free="210071552" total="210071552" percent="100" />
    </mem>
    <remembered-set count="320" />
  </mem-info>
</gc-end>
<cycle-end id="1911" type="scavenge" contextid="1905" timestamp="2019-08-10T03:38:28.994" />
  <attribute name="elasticGC enabled" value="1" />
  <attribute name= "numThreadsSpecified" value="16" />
  <attribute name="heapSize specified" value="8519680" />
  <attribute name="Current GC Util" value="0" />
  <attribute name= "Current Time Running" value="109135" />
  <attribute name ="GC Interval" value="200" />
  <attribute name="ProportionalT" value="-40.000000" />
  <attribute name="ProportionalI" value="-40.000000" />
  <attribute name="ProportionalH" value="-40.000000" />
  <attribute name="Current Error" value="-80.000000" />
  <attribute name="IntegralT" value="-27440.000000" />
  <attribute name="IntegralI" value="-27440.000000" />
  <attribute name="IntegralH" value="-27440.000000" />
  <attribute name="DerivativeT" value="-0.116618" />
  <attribute name="DerivativeI" value="-0.116618" />
  <attribute name="DerivativeH" value="-0.116618" />
  <attribute name="Loop Time for DT" value="686.000000" />
  <attribute name="Output H" value="4203675648"/>
  <attribute name="Output I" value="200"/>
  <attribute name="Output T" value="16"/>
  <attribute name="Target GC Util Change" value ="80.000000" />
  <attribute name="Current GC Util Change" value="0.000000"/>
  <attribute name="GC Util currently" value="0" />
  <attribute name="CPU Util currently" value="11" />
<allocation-satisfied id="1912" threadId="0000000001B34B00" bytesRequested="24" />
<af-end id="1913" timestamp="2019-08-10T03:38:28.994" threadId="0000000001B35488" success="true" from="nursery"/>
<exclusive-end id="1914" timestamp="2019-08-10T03:38:28.994" durationms="4.539" />

<exclusive-start id="1915" timestamp="2019-08-10T03:38:29.777" intervalms="787.513">
  <response-info timems="0.118" idlems="0.118" threads="0" lastid="0000000001B61A00" lastname="node-3" />
</exclusive-start>
<af-start id="1916" threadId="0000000001B62388" totalBytesRequested="32" timestamp="2019-08-10T03:38:29.777" intervalms="787.536" type="nursery" />
<cycle-start id="1917" type="scavenge" contextid="0" timestamp="2019-08-10T03:38:29.777" intervalms="787.514" />
<gc-start id="1918" type="scavenge" contextid="1917" timestamp="2019-08-10T03:38:29.777">
  <mem-info id="1919" free="4190492064" total="4203675648" percent="99">
    <mem type="nursery" free="0" total="2228224" percent="0">
      <mem type="allocate" free="0" total="1966080" percent="0" />
      <mem type="survivor" free="0" total="262144" percent="0" />
    </mem>
    <mem type="tenure" free="4190492064" total="4201447424" percent="99">
      <mem type="soa" free="3980420512" total="3991375872" percent="99" />
      <mem type="loa" free="210071552" total="210071552" percent="100" />
    </mem>
    <remembered-set count="387" />
  </mem-info>
</gc-start>
<allocation-stats totalBytes="1872688" >
  <allocated-bytes non-tlh="24" tlh="1872664" />
  <largest-consumer threadName="node-7" threadId="0000000001B7BD00" bytes="90104" />
</allocation-stats>
<gc-op id="1920" type="scavenge" timems="1.641" contextid="1917" timestamp="2019-08-10T03:38:29.778">
  <scavenger-info tenureage="2" tenuremask="4004" tiltratio="88" />
  <memory-copied type="nursery" objects="2035" bytes="50552" bytesdiscarded="78472" />
  <memory-copied type="tenure" objects="709" bytes="17016" bytesdiscarded="0" />
</gc-op>
<gc-end id="1921" type="scavenge" contextid="1917" durationms="1.968" usertimems="5.775" systemtimems="0.608" timestamp="2019-08-10T03:38:29.779" activeThreads="16">
  <mem-info id="1922" free="4192312992" total="4203675648" percent="99">
    <mem type="nursery" free="1837056" total="2228224" percent="82">
      <mem type="allocate" free="1837056" total="1966080" percent="93" />
      <mem type="survivor" free="0" total="262144" percent="0" />
    </mem>
    <mem type="tenure" free="4190475936" total="4201447424" percent="99" macro-fragmented="0">
      <mem type="soa" free="3980404384" total="3991375872" percent="99" />
      <mem type="loa" free="210071552" total="210071552" percent="100" />
    </mem>
    <remembered-set count="323" />
  </mem-info>
</gc-end>
<cycle-end id="1923" type="scavenge" contextid="1917" timestamp="2019-08-10T03:38:29.779" />
  <attribute name="elasticGC enabled" value="1" />
  <attribute name= "numThreadsSpecified" value="16" />
  <attribute name="heapSize specified" value="8519680" />
  <attribute name="Current GC Util" value="0" />
  <attribute name= "Current Time Running" value="109923" />
  <attribute name ="GC Interval" value="200" />
  <attribute name="ProportionalT" value="-40.000000" />
  <attribute name="ProportionalI" value="-40.000000" />
  <attribute name="ProportionalH" value="-40.000000" />
  <attribute name="Current Error" value="-80.000000" />
  <attribute name="IntegralT" value="-31520.000000" />
  <attribute name="IntegralI" value="-31520.000000" />
  <attribute name="IntegralH" value="-31520.000000" />
  <attribute name="DerivativeT" value="-0.101523" />
  <attribute name="DerivativeI" value="-0.101523" />
  <attribute name="DerivativeH" value="-0.101523" />
  <attribute name="Loop Time for DT" value="788.000000" />
  <attribute name="Output H" value="4203675648"/>
  <attribute name="Output I" value="200"/>
  <attribute name="Output T" value="16"/>
  <attribute name="Target GC Util Change" value ="80.000000" />
  <attribute name="Current GC Util Change" value="0.000000"/>
  <attribute name="GC Util currently" value="0" />
  <attribute name="CPU Util currently" value="13" />
<allocation-satisfied id="1924" threadId="0000000001B61A00" bytesRequested="32" />
<af-end id="1925" timestamp="2019-08-10T03:38:29.779" threadId="0000000001B62388" success="true" from="nursery"/>
<exclusive-end id="1926" timestamp="2019-08-10T03:38:29.779" durationms="2.308" />

<exclusive-start id="1927" timestamp="2019-08-10T03:38:30.314" intervalms="537.135">
  <response-info timems="0.049" idlems="0.049" threads="0" lastid="0000000001B4EE00" lastname="node-21" />
</exclusive-start>
<af-start id="1928" threadId="0000000001B4F788" totalBytesRequested="32" timestamp="2019-08-10T03:38:30.314" intervalms="537.421" type="nursery" />
<cycle-start id="1929" type="scavenge" contextid="0" timestamp="2019-08-10T03:38:30.314" intervalms="537.422" />
<gc-start id="1930" type="scavenge" contextid="1929" timestamp="2019-08-10T03:38:30.314">
  <mem-info id="1931" free="4190475936" total="4203675648" percent="99">
    <mem type="nursery" free="0" total="2228224" percent="0">
      <mem type="allocate" free="0" total="1966080" percent="0" />
      <mem type="survivor" free="0" total="262144" percent="0" />
    </mem>
    <mem type="tenure" free="4190475936" total="4201447424" percent="99">
      <mem type="soa" free="3980404384" total="3991375872" percent="99" />
      <mem type="loa" free="210071552" total="210071552" percent="100" />
    </mem>
    <remembered-set count="387" />
  </mem-info>
</gc-start>
<allocation-stats totalBytes="1834760" >
  <allocated-bytes non-tlh="32" tlh="1834728" />
  <largest-consumer threadName="node-3" threadId="0000000001B61A00" bytes="90128" />
</allocation-stats>
<gc-op id="1932" type="scavenge" timems="14.188" contextid="1929" timestamp="2019-08-10T03:38:30.328">
  <scavenger-info tenureage="2" tenuremask="4004" tiltratio="88" />
  <memory-copied type="nursery" objects="1862" bytes="46400" bytesdiscarded="18112" />
  <memory-copied type="tenure" objects="895" bytes="21480" bytesdiscarded="0" />
</gc-op>
<gc-end id="1933" type="scavenge" contextid="1929" durationms="14.870" usertimems="1.819" systemtimems="2.448" timestamp="2019-08-10T03:38:30.329" activeThreads="16">
  <mem-info id="1934" free="4192361376" total="4203675648" percent="99">
    <mem type="nursery" free="1901568" total="2228224" percent="85">
      <mem type="allocate" free="1901568" total="1966080" percent="96" />
      <mem type="survivor" free="0" total="262144" percent="0" />
    </mem>
    <mem type="tenure" free="4190459808" total="4201447424" percent="99" macro-fragmented="0">
      <mem type="soa" free="3980388256" total="3991375872" percent="99" />
      <mem type="loa" free="210071552" total="210071552" percent="100" />
    </mem>
    <remembered-set count="320" />
  </mem-info>
</gc-end>
<cycle-end id="1935" type="scavenge" contextid="1929" timestamp="2019-08-10T03:38:30.329" />
  <attribute name="elasticGC enabled" value="1" />
  <attribute name= "numThreadsSpecified" value="16" />
  <attribute name="heapSize specified" value="8519680" />
  <attribute name="Current GC Util" value="0" />
  <attribute name= "Current Time Running" value="110460" />
  <attribute name ="GC Interval" value="200" />
  <attribute name="ProportionalT" value="-40.000000" />
  <attribute name="ProportionalI" value="-40.000000" />
  <attribute name="ProportionalH" value="-40.000000" />
  <attribute name="Current Error" value="-80.000000" />
  <attribute name="IntegralT" value="-21480.000000" />
  <attribute name="IntegralI" value="-21480.000000" />
  <attribute name="IntegralH" value="-21480.000000" />
  <attribute name="DerivativeT" value="-0.148976" />
  <attribute name="DerivativeI" value="-0.148976" />
  <attribute name="DerivativeH" value="-0.148976" />
  <attribute name="Loop Time for DT" value="537.000000" />
  <attribute name="Output H" value="4203675648"/>
  <attribute name="Output I" value="200"/>
  <attribute name="Output T" value="16"/>
  <attribute name="Target GC Util Change" value ="80.000000" />
  <attribute name="Current GC Util Change" value="0.000000"/>
  <attribute name="GC Util currently" value="0" />
  <attribute name="CPU Util currently" value="9" />
<allocation-satisfied id="1936" threadId="0000000001B4EE00" bytesRequested="32" />
<af-end id="1937" timestamp="2019-08-10T03:38:30.330" threadId="0000000001B4F788" success="true" from="nursery"/>
<exclusive-end id="1938" timestamp="2019-08-10T03:38:30.330" durationms="16.275" />

<exclusive-start id="1939" timestamp="2019-08-10T03:38:31.190" intervalms="876.506">
  <response-info timems="0.030" idlems="0.030" threads="0" lastid="0000000001B7F900" lastname="node-0" />
</exclusive-start>
<af-start id="1940" threadId="0000000001B80288" totalBytesRequested="24" timestamp="2019-08-10T03:38:31.190" intervalms="876.193" type="nursery" />
<cycle-start id="1941" type="scavenge" contextid="0" timestamp="2019-08-10T03:38:31.190" intervalms="876.190" />
<gc-start id="1942" type="scavenge" contextid="1941" timestamp="2019-08-10T03:38:31.190">
  <mem-info id="1943" free="4190459808" total="4203675648" percent="99">
    <mem type="nursery" free="0" total="2228224" percent="0">
      <mem type="allocate" free="0" total="1966080" percent="0" />
      <mem type="survivor" free="0" total="262144" percent="0" />
    </mem>
    <mem type="tenure" free="4190459808" total="4201447424" percent="99">
      <mem type="soa" free="3980388256" total="3991375872" percent="99" />
      <mem type="loa" free="210071552" total="210071552" percent="100" />
    </mem>
    <remembered-set count="389" />
  </mem-info>
</gc-start>
<allocation-stats totalBytes="1895648" >
  <allocated-bytes non-tlh="32" tlh="1895616" />
  <largest-consumer threadName="node-3" threadId="0000000001B61A00" bytes="90112" />
</allocation-stats>
<gc-op id="1944" type="scavenge" timems="3.693" contextid="1941" timestamp="2019-08-10T03:38:31.194">
  <scavenger-info tenureage="2" tenuremask="4004" tiltratio="88" />
  <memory-copied type="nursery" objects="1921" bytes="47816" bytesdiscarded="32824" />
  <memory-copied type="tenure" objects="998" bytes="23952" bytesdiscarded="0" />
</gc-op>
<gc-end id="1945" type="scavenge" contextid="1941" durationms="3.863" usertimems="2.429" systemtimems="5.261" timestamp="2019-08-10T03:38:31.194" activeThreads="16">
  <mem-info id="1946" free="4192329120" total="4203675648" percent="99">
    <mem type="nursery" free="1885440" total="2228224" percent="84">
      <mem type="allocate" free="1885440" total="1966080" percent="95" />
      <mem type="survivor" free="0" total="262144" percent="0" />
    </mem>
    <mem type="tenure" free="4190443680" total="4201447424" percent="99" macro-fragmented="0">
      <mem type="soa" free="3980372128" total="3991375872" percent="99" />
      <mem type="loa" free="210071552" total="210071552" percent="100" />
    </mem>
    <remembered-set count="321" />
  </mem-info>
</gc-end>
<cycle-end id="1947" type="scavenge" contextid="1941" timestamp="2019-08-10T03:38:31.194" />
  <attribute name="elasticGC enabled" value="1" />
  <attribute name= "numThreadsSpecified" value="16" />
  <attribute name="heapSize specified" value="8519680" />
  <attribute name="Current GC Util" value="0" />
  <attribute name= "Current Time Running" value="111337" />
  <attribute name ="GC Interval" value="200" />
  <attribute name="ProportionalT" value="-40.000000" />
  <attribute name="ProportionalI" value="-40.000000" />
  <attribute name="ProportionalH" value="-40.000000" />
  <attribute name="Current Error" value="-80.000000" />
  <attribute name="IntegralT" value="-35080.000000" />
  <attribute name="IntegralI" value="-35080.000000" />
  <attribute name="IntegralH" value="-35080.000000" />
  <attribute name="DerivativeT" value="-0.091220" />
  <attribute name="DerivativeI" value="-0.091220" />
  <attribute name="DerivativeH" value="-0.091220" />
  <attribute name="Loop Time for DT" value="877.000000" />
  <attribute name="Output H" value="4203675648"/>
  <attribute name="Output I" value="200"/>
  <attribute name="Output T" value="16"/>
  <attribute name="Target GC Util Change" value ="80.000000" />
  <attribute name="Current GC Util Change" value="0.000000"/>
  <attribute name="GC Util currently" value="0" />
  <attribute name="CPU Util currently" value="13" />
<allocation-satisfied id="1948" threadId="0000000001B7F900" bytesRequested="24" />
<af-end id="1949" timestamp="2019-08-10T03:38:31.194" threadId="0000000001B80288" success="true" from="nursery"/>
<exclusive-end id="1950" timestamp="2019-08-10T03:38:31.194" durationms="4.142" />

<exclusive-start id="1951" timestamp="2019-08-10T03:38:32.260" intervalms="1069.502">
  <response-info timems="0.228" idlems="0.228" threads="0" lastid="0000000001B65600" lastname="node-4" />
</exclusive-start>
<af-start id="1952" threadId="0000000001B65F88" totalBytesRequested="24" timestamp="2019-08-10T03:38:32.260" intervalms="1069.494" type="nursery" />
<cycle-start id="1953" type="scavenge" contextid="0" timestamp="2019-08-10T03:38:32.260" intervalms="1069.488" />
<gc-start id="1954" type="scavenge" contextid="1953" timestamp="2019-08-10T03:38:32.260">
  <mem-info id="1955" free="4190443680" total="4203675648" percent="99">
    <mem type="nursery" free="0" total="2228224" percent="0">
      <mem type="allocate" free="0" total="1966080" percent="0" />
      <mem type="survivor" free="0" total="262144" percent="0" />
    </mem>
    <mem type="tenure" free="4190443680" total="4201447424" percent="99">
      <mem type="soa" free="3980372128" total="3991375872" percent="99" />
      <mem type="loa" free="210071552" total="210071552" percent="100" />
    </mem>
    <remembered-set count="393" />
  </mem-info>
</gc-start>
<allocation-stats totalBytes="1882248" >
  <allocated-bytes non-tlh="24" tlh="1882224" />
  <largest-consumer threadName="node-8" threadId="0000000001B74500" bytes="90096" />
</allocation-stats>
<gc-op id="1956" type="scavenge" timems="2.772" contextid="1953" timestamp="2019-08-10T03:38:32.263">
  <scavenger-info tenureage="2" tenuremask="4004" tiltratio="88" />
  <memory-copied type="nursery" objects="2584" bytes="65544" bytesdiscarded="22776" />
  <memory-copied type="tenure" objects="722" bytes="17328" bytesdiscarded="0" />
</gc-op>
<gc-end id="1957" type="scavenge" contextid="1953" durationms="3.143" usertimems="1.626" systemtimems="3.862" timestamp="2019-08-10T03:38:32.263" activeThreads="16">
  <mem-info id="1958" free="4192305312" total="4203675648" percent="99">
    <mem type="nursery" free="1877760" total="2228224" percent="84">
      <mem type="allocate" free="1877760" total="1966080" percent="95" />
      <mem type="survivor" free="0" total="262144" percent="0" />
    </mem>
    <mem type="tenure" free="4190427552" total="4201447424" percent="99" macro-fragmented="0">
      <mem type="soa" free="3980356000" total="3991375872" percent="99" />
      <mem type="loa" free="210071552" total="210071552" percent="100" />
    </mem>
    <remembered-set count="329" />
  </mem-info>
</gc-end>
<cycle-end id="1959" type="scavenge" contextid="1953" timestamp="2019-08-10T03:38:32.263" />
  <attribute name="elasticGC enabled" value="1" />
  <attribute name= "numThreadsSpecified" value="16" />
  <attribute name="heapSize specified" value="8519680" />
  <attribute name="Current GC Util" value="0" />
  <attribute name= "Current Time Running" value="112406" />
  <attribute name ="GC Interval" value="200" />
  <attribute name="ProportionalT" value="-40.000000" />
  <attribute name="ProportionalI" value="-40.000000" />
  <attribute name="ProportionalH" value="-40.000000" />
  <attribute name="Current Error" value="-80.000000" />
  <attribute name="IntegralT" value="-42760.000000" />
  <attribute name="IntegralI" value="-42760.000000" />
  <attribute name="IntegralH" value="-42760.000000" />
  <attribute name="DerivativeT" value="-0.074836" />
  <attribute name="DerivativeI" value="-0.074836" />
  <attribute name="DerivativeH" value="-0.074836" />
  <attribute name="Loop Time for DT" value="1069.000000" />
  <attribute name="Output H" value="4203675648"/>
  <attribute name="Output I" value="200"/>
  <attribute name="Output T" value="16"/>
  <attribute name="Target GC Util Change" value ="80.000000" />
  <attribute name="Current GC Util Change" value="0.000000"/>
  <attribute name="GC Util currently" value="0" />
  <attribute name="CPU Util currently" value="14" />
<allocation-satisfied id="1960" threadId="0000000001B65600" bytesRequested="24" />
<af-end id="1961" timestamp="2019-08-10T03:38:32.263" threadId="0000000001B65F88" success="true" from="nursery"/>
<exclusive-end id="1962" timestamp="2019-08-10T03:38:32.263" durationms="3.390" />

<exclusive-start id="1963" timestamp="2019-08-10T03:38:33.195" intervalms="934.908">
  <response-info timems="0.026" idlems="0.026" threads="0" lastid="0000000001B87100" lastname="node-19" />
</exclusive-start>
<af-start id="1964" threadId="0000000001B87A88" totalBytesRequested="32" timestamp="2019-08-10T03:38:33.195" intervalms="934.915" type="nursery" />
<cycle-start id="1965" type="scavenge" contextid="0" timestamp="2019-08-10T03:38:33.195" intervalms="934.919" />
<gc-start id="1966" type="scavenge" contextid="1965" timestamp="2019-08-10T03:38:33.195">
  <mem-info id="1967" free="4190427552" total="4203675648" percent="99">
    <mem type="nursery" free="0" total="2228224" percent="0">
      <mem type="allocate" free="0" total="1966080" percent="0" />
      <mem type="survivor" free="0" total="262144" percent="0" />
    </mem>
    <mem type="tenure" free="4190427552" total="4201447424" percent="99">
      <mem type="soa" free="3980356000" total="3991375872" percent="99" />
      <mem type="loa" free="210071552" total="210071552" percent="100" />
    </mem>
    <remembered-set count="390" />
  </mem-info>
</gc-start>
<allocation-stats totalBytes="1874224" >
  <allocated-bytes non-tlh="24" tlh="1874200" />
  <largest-consumer threadName="node-1" threadId="0000000001B5DE00" bytes="90104" />
</allocation-stats>
<gc-op id="1968" type="scavenge" timems="3.752" contextid="1965" timestamp="2019-08-10T03:38:33.199">
  <scavenger-info tenureage="2" tenuremask="4004" tiltratio="88" />
  <memory-copied type="nursery" objects="3058" bytes="75104" bytesdiscarded="21664" />
  <memory-copied type="tenure" objects="1058" bytes="25392" bytesdiscarded="0" />
</gc-op>
<gc-end id="1969" type="scavenge" contextid="1965" durationms="4.373" usertimems="2.679" systemtimems="4.034" timestamp="2019-08-10T03:38:33.199" activeThreads="16">
  <mem-info id="1970" free="4192280736" total="4203675648" percent="99">
    <mem type="nursery" free="1869312" total="2228224" percent="83">
      <mem type="allocate" free="1869312" total="1966080" percent="95" />
      <mem type="survivor" free="0" total="262144" percent="0" />
    </mem>
    <mem type="tenure" free="4190411424" total="4201447424" percent="99" macro-fragmented="0">
      <mem type="soa" free="3980339872" total="3991375872" percent="99" />
      <mem type="loa" free="210071552" total="210071552" percent="100" />
    </mem>
    <remembered-set count="325" />
  </mem-info>
</gc-end>
<cycle-end id="1971" type="scavenge" contextid="1965" timestamp="2019-08-10T03:38:33.199" />
  <attribute name="elasticGC enabled" value="1" />
  <attribute name= "numThreadsSpecified" value="16" />
  <attribute name="heapSize specified" value="8519680" />
  <attribute name="Current GC Util" value="0" />
  <attribute name= "Current Time Running" value="113341" />
  <attribute name ="GC Interval" value="200" />
  <attribute name="ProportionalT" value="-40.000000" />
  <attribute name="ProportionalI" value="-40.000000" />
  <attribute name="ProportionalH" value="-40.000000" />
  <attribute name="Current Error" value="-80.000000" />
  <attribute name="IntegralT" value="-37400.000000" />
  <attribute name="IntegralI" value="-37400.000000" />
  <attribute name="IntegralH" value="-37400.000000" />
  <attribute name="DerivativeT" value="-0.085561" />
  <attribute name="DerivativeI" value="-0.085561" />
  <attribute name="DerivativeH" value="-0.085561" />
  <attribute name="Loop Time for DT" value="935.000000" />
  <attribute name="Output H" value="4203675648"/>
  <attribute name="Output I" value="200"/>
  <attribute name="Output T" value="16"/>
  <attribute name="Target GC Util Change" value ="80.000000" />
  <attribute name="Current GC Util Change" value="0.000000"/>
  <attribute name="GC Util currently" value="0" />
  <attribute name="CPU Util currently" value="13" />
<allocation-satisfied id="1972" threadId="0000000001B87100" bytesRequested="32" />
<af-end id="1973" timestamp="2019-08-10T03:38:33.199" threadId="0000000001B87A88" success="true" from="nursery"/>
<exclusive-end id="1974" timestamp="2019-08-10T03:38:33.199" durationms="4.725" />

<exclusive-start id="1975" timestamp="2019-08-10T03:38:34.064" intervalms="869.637">
  <response-info timems="0.163" idlems="0.121" threads="1" lastid="0000000001B52A00" lastname="node-6" />
</exclusive-start>
<af-start id="1976" threadId="0000000001B71288" totalBytesRequested="32" timestamp="2019-08-10T03:38:34.064" intervalms="869.655" type="nursery" />
<cycle-start id="1977" type="scavenge" contextid="0" timestamp="2019-08-10T03:38:34.064" intervalms="869.656" />
<gc-start id="1978" type="scavenge" contextid="1977" timestamp="2019-08-10T03:38:34.064">
  <mem-info id="1979" free="4190411424" total="4203675648" percent="99">
    <mem type="nursery" free="0" total="2228224" percent="0">
      <mem type="allocate" free="0" total="1966080" percent="0" />
      <mem type="survivor" free="0" total="262144" percent="0" />
    </mem>
    <mem type="tenure" free="4190411424" total="4201447424" percent="99">
      <mem type="soa" free="3980339872" total="3991375872" percent="99" />
      <mem type="loa" free="210071552" total="210071552" percent="100" />
    </mem>
    <remembered-set count="393" />
  </mem-info>
</gc-start>
<allocation-stats totalBytes="1861232" >
  <allocated-bytes non-tlh="32" tlh="1861200" />
  <largest-consumer threadName="node-15" threadId="0000000001B2D300" bytes="90000" />
</allocation-stats>
<gc-op id="1980" type="scavenge" timems="2.587" contextid="1977" timestamp="2019-08-10T03:38:34.067">
  <scavenger-info tenureage="2" tenuremask="4004" tiltratio="88" />
  <memory-copied type="nursery" objects="2842" bytes="69920" bytesdiscarded="26848" />
  <memory-copied type="tenure" objects="1366" bytes="32784" bytesdiscarded="0" />
</gc-op>
<gc-end id="1981" type="scavenge" contextid="1977" durationms="2.962" usertimems="0.000" systemtimems="3.923" timestamp="2019-08-10T03:38:34.067" activeThreads="16">
  <mem-info id="1982" free="4192232352" total="4203675648" percent="99">
    <mem type="nursery" free="1869312" total="2228224" percent="83">
      <mem type="allocate" free="1869312" total="1966080" percent="95" />
      <mem type="survivor" free="0" total="262144" percent="0" />
    </mem>
    <mem type="tenure" free="4190363040" total="4201447424" percent="99" macro-fragmented="0">
      <mem type="soa" free="3980291488" total="3991375872" percent="99" />
      <mem type="loa" free="210071552" total="210071552" percent="100" />
    </mem>
    <remembered-set count="327" />
  </mem-info>
</gc-end>
<cycle-end id="1983" type="scavenge" contextid="1977" timestamp="2019-08-10T03:38:34.067" />
  <attribute name="elasticGC enabled" value="1" />
  <attribute name= "numThreadsSpecified" value="16" />
  <attribute name="heapSize specified" value="8519680" />
  <attribute name="Current GC Util" value="0" />
  <attribute name= "Current Time Running" value="114211" />
  <attribute name ="GC Interval" value="200" />
  <attribute name="ProportionalT" value="-40.000000" />
  <attribute name="ProportionalI" value="-40.000000" />
  <attribute name="ProportionalH" value="-40.000000" />
  <attribute name="Current Error" value="-80.000000" />
  <attribute name="IntegralT" value="-34800.000000" />
  <attribute name="IntegralI" value="-34800.000000" />
  <attribute name="IntegralH" value="-34800.000000" />
  <attribute name="DerivativeT" value="-0.091954" />
  <attribute name="DerivativeI" value="-0.091954" />
  <attribute name="DerivativeH" value="-0.091954" />
  <attribute name="Loop Time for DT" value="870.000000" />
  <attribute name="Output H" value="4203675648"/>
  <attribute name="Output I" value="200"/>
  <attribute name="Output T" value="16"/>
  <attribute name="Target GC Util Change" value ="80.000000" />
  <attribute name="Current GC Util Change" value="0.000000"/>
  <attribute name="GC Util currently" value="0" />
  <attribute name="CPU Util currently" value="13" />
<allocation-satisfied id="1984" threadId="0000000001B70900" bytesRequested="32" />
<af-end id="1985" timestamp="2019-08-10T03:38:34.067" threadId="0000000001B71288" success="true" from="nursery"/>
<exclusive-end id="1986" timestamp="2019-08-10T03:38:34.067" durationms="3.207" />

<exclusive-start id="1987" timestamp="2019-08-10T03:38:34.958" intervalms="893.284">
  <response-info timems="0.028" idlems="0.028" threads="0" lastid="0000000001B6CD00" lastname="node-24" />
</exclusive-start>
<af-start id="1988" threadId="0000000001B6D688" totalBytesRequested="24" timestamp="2019-08-10T03:38:34.958" intervalms="893.276" type="nursery" />
<cycle-start id="1989" type="scavenge" contextid="0" timestamp="2019-08-10T03:38:34.958" intervalms="893.285" />
<gc-start id="1990" type="scavenge" contextid="1989" timestamp="2019-08-10T03:38:34.958">
  <mem-info id="1991" free="4190363040" total="4203675648" percent="99">
    <mem type="nursery" free="0" total="2228224" percent="0">
      <mem type="allocate" free="0" total="1966080" percent="0" />
      <mem type="survivor" free="0" total="262144" percent="0" />
    </mem>
    <mem type="tenure" free="4190363040" total="4201447424" percent="99">
      <mem type="soa" free="3980291488" total="3991375872" percent="99" />
      <mem type="loa" free="210071552" total="210071552" percent="100" />
    </mem>
    <remembered-set count="396" />
  </mem-info>
</gc-start>
<allocation-stats totalBytes="1867400" >
  <allocated-bytes non-tlh="32" tlh="1867368" />
  <largest-consumer threadName="node-10" threadId="0000000001B29700" bytes="90112" />
</allocation-stats>
<gc-op id="1992" type="scavenge" timems="3.376" contextid="1989" timestamp="2019-08-10T03:38:34.961">
  <scavenger-info tenureage="2" tenuremask="4004" tiltratio="88" />
  <memory-copied type="nursery" objects="2548" bytes="62864" bytesdiscarded="33904" />
  <memory-copied type="tenure" objects="1550" bytes="37200" bytesdiscarded="0" />
</gc-op>
<gc-end id="1993" type="scavenge" contextid="1989" durationms="3.923" usertimems="2.874" systemtimems="3.983" timestamp="2019-08-10T03:38:34.962" activeThreads="16">
  <mem-info id="1994" free="4192200096" total="4203675648" percent="99">
    <mem type="nursery" free="1869312" total="2228224" percent="83">
      <mem type="allocate" free="1869312" total="1966080" percent="95" />
      <mem type="survivor" free="0" total="262144" percent="0" />
    </mem>
    <mem type="tenure" free="4190330784" total="4201447424" percent="99" macro-fragmented="0">
      <mem type="soa" free="3980259232" total="3991375872" percent="99" />
      <mem type="loa" free="210071552" total="210071552" percent="100" />
    </mem>
    <remembered-set count="311" />
  </mem-info>
</gc-end>
<cycle-end id="1995" type="scavenge" contextid="1989" timestamp="2019-08-10T03:38:34.962" />
  <attribute name="elasticGC enabled" value="1" />
  <attribute name= "numThreadsSpecified" value="16" />
  <attribute name="heapSize specified" value="8519680" />
  <attribute name="Current GC Util" value="0" />
  <attribute name= "Current Time Running" value="115104" />
  <attribute name ="GC Interval" value="200" />
  <attribute name="ProportionalT" value="-40.000000" />
  <attribute name="ProportionalI" value="-40.000000" />
  <attribute name="ProportionalH" value="-40.000000" />
  <attribute name="Current Error" value="-80.000000" />
  <attribute name="IntegralT" value="-35720.000000" />
  <attribute name="IntegralI" value="-35720.000000" />
  <attribute name="IntegralH" value="-35720.000000" />
  <attribute name="DerivativeT" value="-0.089586" />
  <attribute name="DerivativeI" value="-0.089586" />
  <attribute name="DerivativeH" value="-0.089586" />
  <attribute name="Loop Time for DT" value="893.000000" />
  <attribute name="Output H" value="4203675648"/>
  <attribute name="Output I" value="200"/>
  <attribute name="Output T" value="16"/>
  <attribute name="Target GC Util Change" value ="80.000000" />
  <attribute name="Current GC Util Change" value="0.000000"/>
  <attribute name="GC Util currently" value="0" />
  <attribute name="CPU Util currently" value="13" />
<allocation-satisfied id="1996" threadId="0000000001B6CD00" bytesRequested="24" />
<af-end id="1997" timestamp="2019-08-10T03:38:34.962" threadId="0000000001B6D688" success="true" from="nursery"/>
<exclusive-end id="1998" timestamp="2019-08-10T03:38:34.962" durationms="4.231" />

<exclusive-start id="1999" timestamp="2019-08-10T03:38:35.822" intervalms="864.923">
  <response-info timems="0.052" idlems="0.031" threads="1" lastid="0000000001B74500" lastname="node-8" />
</exclusive-start>
<af-start id="2000" threadId="0000000001B47F88" totalBytesRequested="16" timestamp="2019-08-10T03:38:35.823" intervalms="864.916" type="nursery" />
<cycle-start id="2001" type="scavenge" contextid="0" timestamp="2019-08-10T03:38:35.823" intervalms="864.914" />
<gc-start id="2002" type="scavenge" contextid="2001" timestamp="2019-08-10T03:38:35.823">
  <mem-info id="2003" free="4190330784" total="4203675648" percent="99">
    <mem type="nursery" free="0" total="2228224" percent="0">
      <mem type="allocate" free="0" total="1966080" percent="0" />
      <mem type="survivor" free="0" total="262144" percent="0" />
    </mem>
    <mem type="tenure" free="4190330784" total="4201447424" percent="99">
      <mem type="soa" free="3980259232" total="3991375872" percent="99" />
      <mem type="loa" free="210071552" total="210071552" percent="100" />
    </mem>
    <remembered-set count="395" />
  </mem-info>
</gc-start>
<allocation-stats totalBytes="1866112" >
  <allocated-bytes non-tlh="24" tlh="1866088" />
  <largest-consumer threadName="node-13" threadId="0000000001B78100" bytes="90112" />
</allocation-stats>
<gc-op id="2004" type="scavenge" timems="2.677" contextid="2001" timestamp="2019-08-10T03:38:35.825">
  <scavenger-info tenureage="2" tenuremask="4004" tiltratio="88" />
  <memory-copied type="nursery" objects="2586" bytes="71904" bytesdiscarded="57120" />
  <memory-copied type="tenure" objects="1150" bytes="27600" bytesdiscarded="0" />
</gc-op>
<gc-end id="2005" type="scavenge" contextid="2001" durationms="2.967" usertimems="0.789" systemtimems="3.221" timestamp="2019-08-10T03:38:35.826" activeThreads="16">
  <mem-info id="2006" free="4192135584" total="4203675648" percent="99">
    <mem type="nursery" free="1837056" total="2228224" percent="82">
      <mem type="allocate" free="1837056" total="1966080" percent="93" />
      <mem type="survivor" free="0" total="262144" percent="0" />
    </mem>
    <mem type="tenure" free="4190298528" total="4201447424" percent="99" macro-fragmented="0">
      <mem type="soa" free="3980226976" total="3991375872" percent="99" />
      <mem type="loa" free="210071552" total="210071552" percent="100" />
    </mem>
    <remembered-set count="302" />
  </mem-info>
</gc-end>
<cycle-end id="2007" type="scavenge" contextid="2001" timestamp="2019-08-10T03:38:35.826" />
  <attribute name="elasticGC enabled" value="1" />
  <attribute name= "numThreadsSpecified" value="16" />
  <attribute name="heapSize specified" value="8519680" />
  <attribute name="Current GC Util" value="0" />
  <attribute name= "Current Time Running" value="115969" />
  <attribute name ="GC Interval" value="200" />
  <attribute name="ProportionalT" value="-40.000000" />
  <attribute name="ProportionalI" value="-40.000000" />
  <attribute name="ProportionalH" value="-40.000000" />
  <attribute name="Current Error" value="-80.000000" />
  <attribute name="IntegralT" value="-34600.000000" />
  <attribute name="IntegralI" value="-34600.000000" />
  <attribute name="IntegralH" value="-34600.000000" />
  <attribute name="DerivativeT" value="-0.092486" />
  <attribute name="DerivativeI" value="-0.092486" />
  <attribute name="DerivativeH" value="-0.092486" />
  <attribute name="Loop Time for DT" value="865.000000" />
  <attribute name="Output H" value="4203675648"/>
  <attribute name="Output I" value="200"/>
  <attribute name="Output T" value="16"/>
  <attribute name="Target GC Util Change" value ="80.000000" />
  <attribute name="Current GC Util Change" value="0.000000"/>
  <attribute name="GC Util currently" value="0" />
  <attribute name="CPU Util currently" value="13" />
<allocation-satisfied id="2008" threadId="0000000001B47600" bytesRequested="16" />
<af-end id="2009" timestamp="2019-08-10T03:38:35.826" threadId="0000000001B47F88" success="true" from="nursery"/>
<exclusive-end id="2010" timestamp="2019-08-10T03:38:35.826" durationms="3.255" />

<exclusive-start id="2011" timestamp="2019-08-10T03:38:36.898" intervalms="1075.267">
  <response-info timems="0.023" idlems="0.023" threads="0" lastid="0000000001B29700" lastname="node-10" />
</exclusive-start>
<af-start id="2012" threadId="0000000001B2A088" totalBytesRequested="16" timestamp="2019-08-10T03:38:36.898" intervalms="1075.252" type="nursery" />
<cycle-start id="2013" type="scavenge" contextid="0" timestamp="2019-08-10T03:38:36.898" intervalms="1075.348" />
<gc-start id="2014" type="scavenge" contextid="2013" timestamp="2019-08-10T03:38:36.898">
  <mem-info id="2015" free="4190298528" total="4203675648" percent="99">
    <mem type="nursery" free="0" total="2228224" percent="0">
      <mem type="allocate" free="0" total="1966080" percent="0" />
      <mem type="survivor" free="0" total="262144" percent="0" />
    </mem>
    <mem type="tenure" free="4190298528" total="4201447424" percent="99">
      <mem type="soa" free="3980226976" total="3991375872" percent="99" />
      <mem type="loa" free="210071552" total="210071552" percent="100" />
    </mem>
    <remembered-set count="394" />
  </mem-info>
</gc-start>
<allocation-stats totalBytes="1831808" >
  <allocated-bytes non-tlh="16" tlh="1831792" />
  <largest-consumer threadName="node-12" threadId="0000000001B47600" bytes="90112" />
</allocation-stats>
<gc-op id="2016" type="scavenge" timems="1.347" contextid="2013" timestamp="2019-08-10T03:38:36.899">
  <scavenger-info tenureage="2" tenuremask="4004" tiltratio="88" />
  <memory-copied type="nursery" objects="2540" bytes="64248" bytesdiscarded="80904" />
  <memory-copied type="tenure" objects="1258" bytes="30192" bytesdiscarded="8" />
</gc-op>
<gc-end id="2017" type="scavenge" contextid="2013" durationms="1.429" usertimems="0.197" systemtimems="1.796" timestamp="2019-08-10T03:38:36.899" activeThreads="16">
  <mem-info id="2018" free="4192103328" total="4203675648" percent="99">
    <mem type="nursery" free="1820928" total="2228224" percent="81">
      <mem type="allocate" free="1820928" total="1966080" percent="92" />
      <mem type="survivor" free="0" total="262144" percent="0" />
    </mem>
    <mem type="tenure" free="4190282400" total="4201447424" percent="99" macro-fragmented="0">
      <mem type="soa" free="3980210848" total="3991375872" percent="99" />
      <mem type="loa" free="210071552" total="210071552" percent="100" />
    </mem>
    <remembered-set count="286" />
  </mem-info>
</gc-end>
<cycle-end id="2019" type="scavenge" contextid="2013" timestamp="2019-08-10T03:38:36.899" />
  <attribute name="elasticGC enabled" value="1" />
  <attribute name= "numThreadsSpecified" value="16" />
  <attribute name="heapSize specified" value="8519680" />
  <attribute name="Current GC Util" value="0" />
  <attribute name= "Current Time Running" value="117044" />
  <attribute name ="GC Interval" value="200" />
  <attribute name="ProportionalT" value="-40.000000" />
  <attribute name="ProportionalI" value="-40.000000" />
  <attribute name="ProportionalH" value="-40.000000" />
  <attribute name="Current Error" value="-80.000000" />
  <attribute name="IntegralT" value="-43000.000000" />
  <attribute name="IntegralI" value="-43000.000000" />
  <attribute name="IntegralH" value="-43000.000000" />
  <attribute name="DerivativeT" value="-0.074419" />
  <attribute name="DerivativeI" value="-0.074419" />
  <attribute name="DerivativeH" value="-0.074419" />
  <attribute name="Loop Time for DT" value="1075.000000" />
  <attribute name="Output H" value="4203675648"/>
  <attribute name="Output I" value="200"/>
  <attribute name="Output T" value="16"/>
  <attribute name="Target GC Util Change" value ="80.000000" />
  <attribute name="Current GC Util Change" value="0.000000"/>
  <attribute name="GC Util currently" value="0" />
  <attribute name="CPU Util currently" value="14" />
<allocation-satisfied id="2020" threadId="0000000001B29700" bytesRequested="16" />
<af-end id="2021" timestamp="2019-08-10T03:38:36.899" threadId="0000000001B2A088" success="true" from="nursery"/>
<exclusive-end id="2022" timestamp="2019-08-10T03:38:36.899" durationms="1.739" />

<exclusive-start id="2023" timestamp="2019-08-10T03:38:37.721" intervalms="822.942">
  <response-info timems="0.728" idlems="0.376" threads="1" lastid="0000000001B61A00" lastname="node-3" />
</exclusive-start>
<af-start id="2024" threadId="0000000001B47F88" totalBytesRequested="720" timestamp="2019-08-10T03:38:37.721" intervalms="823.701" type="nursery" />
<cycle-start id="2025" type="scavenge" contextid="0" timestamp="2019-08-10T03:38:37.722" intervalms="823.614" />
<gc-start id="2026" type="scavenge" contextid="2025" timestamp="2019-08-10T03:38:37.722">
  <mem-info id="2027" free="4190282400" total="4203675648" percent="99">
    <mem type="nursery" free="0" total="2228224" percent="0">
      <mem type="allocate" free="0" total="1966080" percent="0" />
      <mem type="survivor" free="0" total="262144" percent="0" />
    </mem>
    <mem type="tenure" free="4190282400" total="4201447424" percent="99">
      <mem type="soa" free="3980210848" total="3991375872" percent="99" />
      <mem type="loa" free="210071552" total="210071552" percent="100" />
    </mem>
    <remembered-set count="389" />
  </mem-info>
</gc-start>
<allocation-stats totalBytes="1813320" >
  <allocated-bytes non-tlh="16" tlh="1813304" />
  <largest-consumer threadName="node-9" threadId="0000000001B4B200" bytes="89912" />
</allocation-stats>
<gc-op id="2028" type="scavenge" timems="7.101" contextid="2025" timestamp="2019-08-10T03:38:37.729">
  <scavenger-info tenureage="2" tenuremask="4004" tiltratio="88" />
  <memory-copied type="nursery" objects="2473" bytes="76248" bytesdiscarded="36648" />
  <memory-copied type="tenure" objects="1166" bytes="27984" bytesdiscarded="0" />
</gc-op>
<gc-end id="2029" type="scavenge" contextid="2025" durationms="7.494" usertimems="11.834" systemtimems="9.526" timestamp="2019-08-10T03:38:37.729" activeThreads="16">
  <mem-info id="2030" free="4192119456" total="4203675648" percent="99">
    <mem type="nursery" free="1853184" total="2228224" percent="83">
      <mem type="allocate" free="1853184" total="1966080" percent="94" />
      <mem type="survivor" free="0" total="262144" percent="0" />
    </mem>
    <mem type="tenure" free="4190266272" total="4201447424" percent="99" macro-fragmented="0">
      <mem type="soa" free="3980194720" total="3991375872" percent="99" />
      <mem type="loa" free="210071552" total="210071552" percent="100" />
    </mem>
    <remembered-set count="303" />
  </mem-info>
</gc-end>
<cycle-end id="2031" type="scavenge" contextid="2025" timestamp="2019-08-10T03:38:37.729" />
  <attribute name="elasticGC enabled" value="1" />
  <attribute name= "numThreadsSpecified" value="16" />
  <attribute name="heapSize specified" value="8519680" />
  <attribute name="Current GC Util" value="0" />
  <attribute name= "Current Time Running" value="117868" />
  <attribute name ="GC Interval" value="200" />
  <attribute name="ProportionalT" value="-40.000000" />
  <attribute name="ProportionalI" value="-40.000000" />
  <attribute name="ProportionalH" value="-40.000000" />
  <attribute name="Current Error" value="-80.000000" />
  <attribute name="IntegralT" value="-32960.000000" />
  <attribute name="IntegralI" value="-32960.000000" />
  <attribute name="IntegralH" value="-32960.000000" />
  <attribute name="DerivativeT" value="-0.097087" />
  <attribute name="DerivativeI" value="-0.097087" />
  <attribute name="DerivativeH" value="-0.097087" />
  <attribute name="Loop Time for DT" value="824.000000" />
  <attribute name="Output H" value="4203675648"/>
  <attribute name="Output I" value="200"/>
  <attribute name="Output T" value="16"/>
  <attribute name="Target GC Util Change" value ="80.000000" />
  <attribute name="Current GC Util Change" value="0.000000"/>
  <attribute name="GC Util currently" value="0" />
  <attribute name="CPU Util currently" value="12" />
<allocation-satisfied id="2032" threadId="0000000001B47600" bytesRequested="720" />
<af-end id="2033" timestamp="2019-08-10T03:38:37.729" threadId="0000000001B47F88" success="true" from="nursery"/>
<exclusive-end id="2034" timestamp="2019-08-10T03:38:37.729" durationms="8.550" />

<exclusive-start id="2035" timestamp="2019-08-10T03:38:38.651" intervalms="930.647">
  <response-info timems="0.044" idlems="0.044" threads="0" lastid="0000000001B5A200" lastname="node-2" />
</exclusive-start>
<af-start id="2036" threadId="0000000001B5AB88" totalBytesRequested="32" timestamp="2019-08-10T03:38:38.651" intervalms="929.909" type="nursery" />
<cycle-start id="2037" type="scavenge" contextid="0" timestamp="2019-08-10T03:38:38.651" intervalms="929.893" />
<gc-start id="2038" type="scavenge" contextid="2037" timestamp="2019-08-10T03:38:38.651">
  <mem-info id="2039" free="4190266272" total="4203675648" percent="99">
    <mem type="nursery" free="0" total="2228224" percent="0">
      <mem type="allocate" free="0" total="1966080" percent="0" />
      <mem type="survivor" free="0" total="262144" percent="0" />
    </mem>
    <mem type="tenure" free="4190266272" total="4201447424" percent="99">
      <mem type="soa" free="3980194720" total="3991375872" percent="99" />
      <mem type="loa" free="210071552" total="210071552" percent="100" />
    </mem>
    <remembered-set count="392" />
  </mem-info>
</gc-start>
<allocation-stats totalBytes="1850928" >
  <allocated-bytes non-tlh="720" tlh="1850208" />
  <largest-consumer threadName="node-12" threadId="0000000001B47600" bytes="90776" />
</allocation-stats>
<gc-op id="2040" type="scavenge" timems="1.515" contextid="2037" timestamp="2019-08-10T03:38:38.653">
  <scavenger-info tenureage="2" tenuremask="4004" tiltratio="88" />
  <memory-copied type="nursery" objects="2621" bytes="64280" bytesdiscarded="48616" />
  <memory-copied type="tenure" objects="1241" bytes="29784" bytesdiscarded="0" />
</gc-op>
<gc-end id="2041" type="scavenge" contextid="2037" durationms="1.890" usertimems="4.510" systemtimems="0.000" timestamp="2019-08-10T03:38:38.653" activeThreads="16">
  <mem-info id="2042" free="4192087200" total="4203675648" percent="99">
    <mem type="nursery" free="1853184" total="2228224" percent="83">
      <mem type="allocate" free="1853184" total="1966080" percent="94" />
      <mem type="survivor" free="0" total="262144" percent="0" />
    </mem>
    <mem type="tenure" free="4190234016" total="4201447424" percent="99" macro-fragmented="0">
      <mem type="soa" free="3980162464" total="3991375872" percent="99" />
      <mem type="loa" free="210071552" total="210071552" percent="100" />
    </mem>
    <remembered-set count="322" />
  </mem-info>
</gc-end>
<cycle-end id="2043" type="scavenge" contextid="2037" timestamp="2019-08-10T03:38:38.653" />
  <attribute name="elasticGC enabled" value="1" />
  <attribute name= "numThreadsSpecified" value="16" />
  <attribute name="heapSize specified" value="8519680" />
  <attribute name="Current GC Util" value="0" />
  <attribute name= "Current Time Running" value="118798" />
  <attribute name ="GC Interval" value="200" />
  <attribute name="ProportionalT" value="-40.000000" />
  <attribute name="ProportionalI" value="-40.000000" />
  <attribute name="ProportionalH" value="-40.000000" />
  <attribute name="Current Error" value="-80.000000" />
  <attribute name="IntegralT" value="-37200.000000" />
  <attribute name="IntegralI" value="-37200.000000" />
  <attribute name="IntegralH" value="-37200.000000" />
  <attribute name="DerivativeT" value="-0.086022" />
  <attribute name="DerivativeI" value="-0.086022" />
  <attribute name="DerivativeH" value="-0.086022" />
  <attribute name="Loop Time for DT" value="930.000000" />
  <attribute name="Output H" value="4203675648"/>
  <attribute name="Output I" value="200"/>
  <attribute name="Output T" value="16"/>
  <attribute name="Target GC Util Change" value ="80.000000" />
  <attribute name="Current GC Util Change" value="0.000000"/>
  <attribute name="GC Util currently" value="0" />
  <attribute name="CPU Util currently" value="13" />
<allocation-satisfied id="2044" threadId="0000000001B5A200" bytesRequested="32" />
<af-end id="2045" timestamp="2019-08-10T03:38:38.654" threadId="0000000001B5AB88" success="true" from="nursery"/>
<exclusive-end id="2046" timestamp="2019-08-10T03:38:38.654" durationms="2.250" />

<exclusive-start id="2047" timestamp="2019-08-10T03:38:39.086" intervalms="435.176">
  <response-info timems="0.049" idlems="0.049" threads="0" lastid="0000000001B5DE00" lastname="node-1" />
</exclusive-start>
<af-start id="2048" threadId="0000000001B5E788" totalBytesRequested="24" timestamp="2019-08-10T03:38:39.087" intervalms="435.168" type="nursery" />
<cycle-start id="2049" type="scavenge" contextid="0" timestamp="2019-08-10T03:38:39.087" intervalms="435.173" />
<gc-start id="2050" type="scavenge" contextid="2049" timestamp="2019-08-10T03:38:39.087">
  <mem-info id="2051" free="4190234016" total="4203675648" percent="99">
    <mem type="nursery" free="0" total="2228224" percent="0">
      <mem type="allocate" free="0" total="1966080" percent="0" />
      <mem type="survivor" free="0" total="262144" percent="0" />
    </mem>
    <mem type="tenure" free="4190234016" total="4201447424" percent="99">
      <mem type="soa" free="3980162464" total="3991375872" percent="99" />
      <mem type="loa" free="210071552" total="210071552" percent="100" />
    </mem>
    <remembered-set count="393" />
  </mem-info>
</gc-start>
<allocation-stats totalBytes="1849640" >
  <allocated-bytes non-tlh="32" tlh="1849608" />
  <largest-consumer threadName="node-2" threadId="0000000001B5A200" bytes="90112" />
</allocation-stats>
<gc-op id="2052" type="scavenge" timems="1.024" contextid="2049" timestamp="2019-08-10T03:38:39.088">
  <scavenger-info tenureage="2" tenuremask="4004" tiltratio="88" />
  <memory-copied type="nursery" objects="2594" bytes="63968" bytesdiscarded="65056" />
  <memory-copied type="tenure" objects="1045" bytes="25080" bytesdiscarded="0" />
</gc-op>
<gc-end id="2053" type="scavenge" contextid="2049" durationms="1.165" usertimems="1.906" systemtimems="0.000" timestamp="2019-08-10T03:38:39.088" activeThreads="16">
  <mem-info id="2054" free="4192054944" total="4203675648" percent="99">
    <mem type="nursery" free="1837056" total="2228224" percent="82">
      <mem type="allocate" free="1837056" total="1966080" percent="93" />
      <mem type="survivor" free="0" total="262144" percent="0" />
    </mem>
    <mem type="tenure" free="4190217888" total="4201447424" percent="99" macro-fragmented="0">
      <mem type="soa" free="3980146336" total="3991375872" percent="99" />
      <mem type="loa" free="210071552" total="210071552" percent="100" />
    </mem>
    <remembered-set count="325" />
  </mem-info>
</gc-end>
<cycle-end id="2055" type="scavenge" contextid="2049" timestamp="2019-08-10T03:38:39.088" />
  <attribute name="elasticGC enabled" value="1" />
  <attribute name= "numThreadsSpecified" value="16" />
  <attribute name="heapSize specified" value="8519680" />
  <attribute name="Current GC Util" value="0" />
  <attribute name= "Current Time Running" value="119233" />
  <attribute name ="GC Interval" value="200" />
  <attribute name="ProportionalT" value="-40.000000" />
  <attribute name="ProportionalI" value="-40.000000" />
  <attribute name="ProportionalH" value="-40.000000" />
  <attribute name="Current Error" value="-80.000000" />
  <attribute name="IntegralT" value="-17400.000000" />
  <attribute name="IntegralI" value="-17400.000000" />
  <attribute name="IntegralH" value="-17400.000000" />
  <attribute name="DerivativeT" value="-0.183908" />
  <attribute name="DerivativeI" value="-0.183908" />
  <attribute name="DerivativeH" value="-0.183908" />
  <attribute name="Loop Time for DT" value="435.000000" />
  <attribute name="Output H" value="4203675648"/>
  <attribute name="Output I" value="200"/>
  <attribute name="Output T" value="16"/>
  <attribute name="Target GC Util Change" value ="80.000000" />
  <attribute name="Current GC Util Change" value="0.000000"/>
  <attribute name="GC Util currently" value="0" />
  <attribute name="CPU Util currently" value="7" />
<allocation-satisfied id="2056" threadId="0000000001B5DE00" bytesRequested="24" />
<af-end id="2057" timestamp="2019-08-10T03:38:39.088" threadId="0000000001B5E788" success="true" from="nursery"/>
<exclusive-end id="2058" timestamp="2019-08-10T03:38:39.088" durationms="1.454" />

===== DaCapo 9.12-MR1 avrora PASSED in 119104 msec =====
<exclusive-start id="2059" timestamp="2019-08-10T03:38:39.320" intervalms="233.546">
  <response-info timems="0.051" idlems="0.051" threads="0" lastid="0000000001842F00" lastname="main" />
</exclusive-start>
<af-start id="2060" threadId="0000000001843888" totalBytesRequested="2056" timestamp="2019-08-10T03:38:39.320" intervalms="233.525" type="nursery" />
<cycle-start id="2061" type="scavenge" contextid="0" timestamp="2019-08-10T03:38:39.320" intervalms="233.516" />
<gc-start id="2062" type="scavenge" contextid="2061" timestamp="2019-08-10T03:38:39.320">
  <mem-info id="2063" free="4190216752" total="4203675648" percent="99">
    <mem type="nursery" free="0" total="2228224" percent="0">
      <mem type="allocate" free="0" total="1966080" percent="0" />
      <mem type="survivor" free="0" total="262144" percent="0" />
    </mem>
    <mem type="tenure" free="4190216752" total="4201447424" percent="99">
      <mem type="soa" free="3980145200" total="3991375872" percent="99" />
      <mem type="loa" free="210071552" total="210071552" percent="100" />
    </mem>
    <remembered-set count="442" />
  </mem-info>
</gc-start>
<allocation-stats totalBytes="1831008" >
  <allocated-bytes non-tlh="60600" tlh="1770408" />
  <largest-consumer threadName="main" threadId="0000000001842F00" bytes="1024264" />
</allocation-stats>
<gc-op id="2064" type="scavenge" timems="1.813" contextid="2061" timestamp="2019-08-10T03:38:39.322">
  <scavenger-info tenureage="2" tenuremask="4004" tiltratio="88" />
  <memory-copied type="nursery" objects="1768" bytes="198584" bytesdiscarded="38984" />
  <memory-copied type="tenure" objects="1437" bytes="34488" bytesdiscarded="0" />
  <finalization candidates="1" enqueued="1" />
  <references type="soft" candidates="1" cleared="0" enqueued="0" dynamicThreshold="31" maxThreshold="32" />
  <references type="weak" candidates="16" cleared="15" enqueued="15" />
  <references type="phantom" candidates="15" cleared="11" enqueued="11" />
</gc-op>
<gc-end id="2065" type="scavenge" contextid="2061" durationms="1.924" usertimems="2.792" systemtimems="1.648" timestamp="2019-08-10T03:38:39.322" activeThreads="16">
  <mem-info id="2066" free="4191781904" total="4203675648" percent="99">
    <mem type="nursery" free="1597408" total="2228224" percent="71">
      <mem type="allocate" free="1597408" total="1835008" percent="87" />
      <mem type="survivor" free="0" total="393216" percent="0" />
    </mem>
    <mem type="tenure" free="4190184496" total="4201447424" percent="99" macro-fragmented="0">
      <mem type="soa" free="3980112944" total="3991375872" percent="99" />
      <mem type="loa" free="210071552" total="210071552" percent="100" />
    </mem>
    <pending-finalizers system="1" default="0" reference="26" classloader="0" />
    <remembered-set count="338" />
  </mem-info>
</gc-end>
<cycle-end id="2067" type="scavenge" contextid="2061" timestamp="2019-08-10T03:38:39.322" />
  <attribute name="elasticGC enabled" value="1" />
  <attribute name= "numThreadsSpecified" value="16" />
  <attribute name="heapSize specified" value="8519680" />
  <attribute name="Current GC Util" value="0" />
  <attribute name= "Current Time Running" value="119466" />
  <attribute name ="GC Interval" value="200" />
  <attribute name="ProportionalT" value="-40.000000" />
  <attribute name="ProportionalI" value="-40.000000" />
  <attribute name="ProportionalH" value="-40.000000" />
  <attribute name="Current Error" value="-80.000000" />
  <attribute name="IntegralT" value="-9320.000000" />
  <attribute name="IntegralI" value="-9320.000000" />
  <attribute name="IntegralH" value="-9320.000000" />
  <attribute name="DerivativeT" value="-0.343348" />
  <attribute name="DerivativeI" value="-0.343348" />
  <attribute name="DerivativeH" value="-0.343348" />
  <attribute name="Loop Time for DT" value="233.000000" />
  <attribute name="Output H" value="4203675648"/>
  <attribute name="Output I" value="200"/>
  <attribute name="Output T" value="16"/>
  <attribute name="Target GC Util Change" value ="80.000000" />
  <attribute name="Current GC Util Change" value="0.000000"/>
  <attribute name="GC Util currently" value="0" />
  <attribute name="CPU Util currently" value="4937571968" />
<allocation-satisfied id="2068" threadId="0000000001842F00" bytesRequested="2056" />
<af-end id="2069" timestamp="2019-08-10T03:38:39.322" threadId="0000000001843888" success="true" from="nursery"/>
<exclusive-end id="2070" timestamp="2019-08-10T03:38:39.322" durationms="2.242" />

<exclusive-start id="2071" timestamp="2019-08-10T03:38:39.403" intervalms="82.851">
  <response-info timems="0.066" idlems="0.066" threads="0" lastid="0000000001842F00" lastname="main" />
</exclusive-start>
<af-start id="2072" threadId="0000000001843888" totalBytesRequested="2056" timestamp="2019-08-10T03:38:39.403" intervalms="82.844" type="nursery" />
<cycle-start id="2073" type="scavenge" contextid="0" timestamp="2019-08-10T03:38:39.403" intervalms="82.841" />
<gc-start id="2074" type="scavenge" contextid="2073" timestamp="2019-08-10T03:38:39.403">
  <mem-info id="2075" free="4190184496" total="4203675648" percent="99">
    <mem type="nursery" free="0" total="2228224" percent="0">
      <mem type="allocate" free="0" total="1835008" percent="0" />
      <mem type="survivor" free="0" total="393216" percent="0" />
    </mem>
    <mem type="tenure" free="4190184496" total="4201447424" percent="99">
      <mem type="soa" free="3980112944" total="3991375872" percent="99" />
      <mem type="loa" free="210071552" total="210071552" percent="100" />
    </mem>
    <remembered-set count="340" />
  </mem-info>
</gc-start>
<allocation-stats totalBytes="1582688" >
  <allocated-bytes non-tlh="2056" tlh="1580632" />
  <largest-consumer threadName="main" threadId="0000000001842F00" bytes="1582688" />
</allocation-stats>
<gc-op id="2076" type="scavenge" timems="1.466" contextid="2073" timestamp="2019-08-10T03:38:39.404">
  <scavenger-info tenureage="2" tenuremask="4004" tiltratio="82" />
  <memory-copied type="nursery" objects="651" bytes="38616" bytesdiscarded="9736" />
  <memory-copied type="tenure" objects="1053" bytes="24976" bytesdiscarded="8" />
  <references type="soft" candidates="1" cleared="0" enqueued="0" dynamicThreshold="31" maxThreshold="32" />
  <references type="weak" candidates="1" cleared="0" enqueued="0" />
  <references type="phantom" candidates="3" cleared="0" enqueued="0" />
</gc-op>
<gc-end id="2077" type="scavenge" contextid="2073" durationms="1.573" usertimems="0.000" systemtimems="2.516" timestamp="2019-08-10T03:38:39.405" activeThreads="16">
  <mem-info id="2078" free="4192020528" total="4203675648" percent="99">
    <mem type="nursery" free="1852160" total="2228224" percent="83">
      <mem type="allocate" free="1852160" total="1900544" percent="97" />
      <mem type="survivor" free="0" total="327680" percent="0" />
    </mem>
    <mem type="tenure" free="4190168368" total="4201447424" percent="99" macro-fragmented="0">
      <mem type="soa" free="3980096816" total="3991375872" percent="99" />
      <mem type="loa" free="210071552" total="210071552" percent="100" />
    </mem>
    <remembered-set count="227" />
  </mem-info>
</gc-end>
<cycle-end id="2079" type="scavenge" contextid="2073" timestamp="2019-08-10T03:38:39.405" />
  <attribute name="elasticGC enabled" value="1" />
  <attribute name= "numThreadsSpecified" value="16" />
  <attribute name="heapSize specified" value="8519680" />
  <attribute name="Current GC Util" value="4" />
  <attribute name= "Current Time Running" value="119549" />
  <attribute name ="GC Interval" value="200" />
  <attribute name="ProportionalT" value="-38.000000" />
  <attribute name="ProportionalI" value="-38.000000" />
  <attribute name="ProportionalH" value="-38.000000" />
  <attribute name="Current Error" value="-76.000000" />
  <attribute name="IntegralT" value="-3154.000000" />
  <attribute name="IntegralI" value="-3154.000000" />
  <attribute name="IntegralH" value="-3154.000000" />
  <attribute name="DerivativeT" value="-0.915663" />
  <attribute name="DerivativeI" value="-0.915663" />
  <attribute name="DerivativeH" value="-0.915663" />
  <attribute name="Loop Time for DT" value="83.000000" />
  <attribute name="Output H" value="4203675648"/>
  <attribute name="Output I" value="200"/>
  <attribute name="Output T" value="16"/>
  <attribute name="Target GC Util Change" value ="80.000000" />
  <attribute name="Current GC Util Change" value="4.000000"/>
  <attribute name="GC Util currently" value="4" />
  <attribute name="CPU Util currently" value="13920725821" />
<allocation-satisfied id="2080" threadId="0000000001842F00" bytesRequested="2056" />
<af-end id="2081" timestamp="2019-08-10T03:38:39.405" threadId="0000000001843888" success="true" from="nursery"/>
<exclusive-end id="2082" timestamp="2019-08-10T03:38:39.405" durationms="1.847" />

<exclusive-start id="2083" timestamp="2019-08-10T03:38:39.485" intervalms="82.533">
  <response-info timems="0.017" idlems="0.017" threads="0" lastid="0000000001842F00" lastname="main" />
</exclusive-start>
<af-start id="2084" threadId="0000000001843888" totalBytesRequested="2056" timestamp="2019-08-10T03:38:39.485" intervalms="82.561" type="nursery" />
<cycle-start id="2085" type="scavenge" contextid="0" timestamp="2019-08-10T03:38:39.486" intervalms="82.559" />
<gc-start id="2086" type="scavenge" contextid="2085" timestamp="2019-08-10T03:38:39.486">
  <mem-info id="2087" free="4190168368" total="4203675648" percent="99">
    <mem type="nursery" free="0" total="2228224" percent="0">
      <mem type="allocate" free="0" total="1900544" percent="0" />
      <mem type="survivor" free="0" total="327680" percent="0" />
    </mem>
    <mem type="tenure" free="4190168368" total="4201447424" percent="99">
      <mem type="soa" free="3980096816" total="3991375872" percent="99" />
      <mem type="loa" free="210071552" total="210071552" percent="100" />
    </mem>
    <remembered-set count="227" />
  </mem-info>
</gc-start>
<allocation-stats totalBytes="1837792" >
  <allocated-bytes non-tlh="2056" tlh="1835736" />
  <largest-consumer threadName="main" threadId="0000000001842F00" bytes="1837792" />
</allocation-stats>
<gc-op id="2088" type="scavenge" timems="1.332" contextid="2085" timestamp="2019-08-10T03:38:39.487">
  <scavenger-info tenureage="2" tenuremask="4004" tiltratio="85" />
  <memory-copied type="nursery" objects="13" bytes="496" bytesdiscarded="47104" />
  <memory-copied type="tenure" objects="638" bytes="38096" bytesdiscarded="544" />
  <references type="phantom" candidates="1" cleared="0" enqueued="0" />
</gc-op>
<gc-end id="2089" type="scavenge" contextid="2085" durationms="1.698" usertimems="0.556" systemtimems="2.139" timestamp="2019-08-10T03:38:39.487" activeThreads="16">
  <mem-info id="2090" free="4191989288" total="4203675648" percent="99">
    <mem type="nursery" free="1852928" total="2228224" percent="83">
      <mem type="allocate" free="1852928" total="1900544" percent="97" />
      <mem type="survivor" free="0" total="327680" percent="0" />
    </mem>
    <mem type="tenure" free="4190136360" total="4201447424" percent="99" macro-fragmented="868149">
      <mem type="soa" free="3980064808" total="3991375872" percent="99" />
      <mem type="loa" free="210071552" total="210071552" percent="100" />
    </mem>
    <remembered-set count="88" />
  </mem-info>
</gc-end>
<cycle-end id="2091" type="scavenge" contextid="2085" timestamp="2019-08-10T03:38:39.487" />
  <attribute name="elasticGC enabled" value="1" />
  <attribute name= "numThreadsSpecified" value="16" />
  <attribute name="heapSize specified" value="8519680" />
  <attribute name="Current GC Util" value="3" />
  <attribute name= "Current Time Running" value="119632" />
  <attribute name ="GC Interval" value="200" />
  <attribute name="ProportionalT" value="-38.500000" />
  <attribute name="ProportionalI" value="-38.500000" />
  <attribute name="ProportionalH" value="-38.500000" />
  <attribute name="Current Error" value="-77.000000" />
  <attribute name="IntegralT" value="-3195.500000" />
  <attribute name="IntegralI" value="-3195.500000" />
  <attribute name="IntegralH" value="-3195.500000" />
  <attribute name="DerivativeT" value="-0.927711" />
  <attribute name="DerivativeI" value="-0.927711" />
  <attribute name="DerivativeH" value="-0.927711" />
  <attribute name="Loop Time for DT" value="83.000000" />
  <attribute name="Output H" value="4203675648"/>
  <attribute name="Output I" value="200"/>
  <attribute name="Output T" value="16"/>
  <attribute name="Target GC Util Change" value ="80.000000" />
  <attribute name="Current GC Util Change" value="3.000000"/>
  <attribute name="GC Util currently" value="3" />
  <attribute name="CPU Util currently" value="13950289409" />
<allocation-satisfied id="2092" threadId="0000000001842F00" bytesRequested="2056" />
<af-end id="2093" timestamp="2019-08-10T03:38:39.487" threadId="0000000001843888" success="true" from="nursery"/>
<exclusive-end id="2094" timestamp="2019-08-10T03:38:39.487" durationms="1.975" />

<exclusive-start id="2095" timestamp="2019-08-10T03:38:39.560" intervalms="74.240">
  <response-info timems="0.017" idlems="0.017" threads="0" lastid="0000000001842F00" lastname="main" />
</exclusive-start>
<af-start id="2096" threadId="0000000001843888" totalBytesRequested="2056" timestamp="2019-08-10T03:38:39.560" intervalms="74.216" type="nursery" />
<cycle-start id="2097" type="scavenge" contextid="0" timestamp="2019-08-10T03:38:39.560" intervalms="74.216" />
<gc-start id="2098" type="scavenge" contextid="2097" timestamp="2019-08-10T03:38:39.560">
  <mem-info id="2099" free="4190136360" total="4203675648" percent="99">
    <mem type="nursery" free="0" total="2228224" percent="0">
      <mem type="allocate" free="0" total="1900544" percent="0" />
      <mem type="survivor" free="0" total="327680" percent="0" />
    </mem>
    <mem type="tenure" free="4190136360" total="4201447424" percent="99">
      <mem type="soa" free="3980064808" total="3991375872" percent="99" />
      <mem type="loa" free="210071552" total="210071552" percent="100" />
    </mem>
    <remembered-set count="88" />
  </mem-info>
</gc-start>
<allocation-stats totalBytes="1839032" >
  <allocated-bytes non-tlh="2056" tlh="1836976" />
  <largest-consumer threadName="main" threadId="0000000001842F00" bytes="1839032" />
</allocation-stats>
<gc-op id="2100" type="scavenge" timems="1.132" contextid="2097" timestamp="2019-08-10T03:38:39.561">
  <scavenger-info tenureage="2" tenuremask="c004" tiltratio="85" />
  <memory-copied type="nursery" objects="13" bytes="504" bytesdiscarded="31736" />
  <references type="phantom" candidates="1" cleared="0" enqueued="0" />
</gc-op>
<gc-end id="2101" type="scavenge" contextid="2097" durationms="1.527" usertimems="0.000" systemtimems="2.259" timestamp="2019-08-10T03:38:39.561" activeThreads="16">
  <mem-info id="2102" free="4192070184" total="4203675648" percent="99">
    <mem type="nursery" free="1933824" total="2228224" percent="86">
      <mem type="allocate" free="1933824" total="1966080" percent="98" />
      <mem type="survivor" free="0" total="262144" percent="0" />
    </mem>
    <mem type="tenure" free="4190136360" total="4201447424" percent="99" macro-fragmented="1800196">
      <mem type="soa" free="3980064808" total="3991375872" percent="99" />
      <mem type="loa" free="210071552" total="210071552" percent="100" />
    </mem>
    <remembered-set count="88" />
  </mem-info>
</gc-end>
<cycle-end id="2103" type="scavenge" contextid="2097" timestamp="2019-08-10T03:38:39.561" />
  <attribute name="elasticGC enabled" value="1" />
  <attribute name= "numThreadsSpecified" value="16" />
  <attribute name="heapSize specified" value="8519680" />
  <attribute name="Current GC Util" value="3" />
  <attribute name= "Current Time Running" value="119706" />
  <attribute name ="GC Interval" value="200" />
  <attribute name="ProportionalT" value="-38.500000" />
  <attribute name="ProportionalI" value="-38.500000" />
  <attribute name="ProportionalH" value="-38.500000" />
  <attribute name="Current Error" value="-77.000000" />
  <attribute name="IntegralT" value="-2849.000000" />
  <attribute name="IntegralI" value="-2849.000000" />
  <attribute name="IntegralH" value="-2849.000000" />
  <attribute name="DerivativeT" value="-1.040541" />
  <attribute name="DerivativeI" value="-1.040541" />
  <attribute name="DerivativeH" value="-1.040541" />
  <attribute name="Loop Time for DT" value="74.000000" />
  <attribute name="Output H" value="4203675648"/>
  <attribute name="Output I" value="200"/>
  <attribute name="Output T" value="16"/>
  <attribute name="Target GC Util Change" value ="80.000000" />
  <attribute name="Current GC Util Change" value="3.000000"/>
  <attribute name="GC Util currently" value="3" />
  <attribute name="CPU Util currently" value="15536232243" />
<allocation-satisfied id="2104" threadId="0000000001842F00" bytesRequested="2056" />
<af-end id="2105" timestamp="2019-08-10T03:38:39.561" threadId="0000000001843888" success="true" from="nursery"/>
<exclusive-end id="2106" timestamp="2019-08-10T03:38:39.561" durationms="1.723" />

<exclusive-start id="2107" timestamp="2019-08-10T03:38:39.614" intervalms="54.258">
  <response-info timems="0.016" idlems="0.016" threads="0" lastid="0000000001842F00" lastname="main" />
</exclusive-start>
<af-start id="2108" threadId="0000000001843888" totalBytesRequested="2056" timestamp="2019-08-10T03:38:39.614" intervalms="54.252" type="nursery" />
<cycle-start id="2109" type="scavenge" contextid="0" timestamp="2019-08-10T03:38:39.614" intervalms="54.251" />
<gc-start id="2110" type="scavenge" contextid="2109" timestamp="2019-08-10T03:38:39.614">
  <mem-info id="2111" free="4190136360" total="4203675648" percent="99">
    <mem type="nursery" free="0" total="2228224" percent="0">
      <mem type="allocate" free="0" total="1966080" percent="0" />
      <mem type="survivor" free="0" total="262144" percent="0" />
    </mem>
    <mem type="tenure" free="4190136360" total="4201447424" percent="99">
      <mem type="soa" free="3980064808" total="3991375872" percent="99" />
      <mem type="loa" free="210071552" total="210071552" percent="100" />
    </mem>
    <remembered-set count="88" />
  </mem-info>
</gc-start>
<allocation-stats totalBytes="1915912" >
  <allocated-bytes non-tlh="2056" tlh="1913856" />
  <largest-consumer threadName="main" threadId="0000000001842F00" bytes="1915912" />
</allocation-stats>
<gc-op id="2112" type="scavenge" timems="1.117" contextid="2109" timestamp="2019-08-10T03:38:39.615">
  <scavenger-info tenureage="3" tenuremask="fff8" tiltratio="88" />
  <memory-copied type="nursery" objects="14" bytes="2560" bytesdiscarded="29680" />
  <references type="phantom" candidates="1" cleared="0" enqueued="0" />
</gc-op>
<gc-end id="2113" type="scavenge" contextid="2109" durationms="1.371" usertimems="1.178" systemtimems="0.966" timestamp="2019-08-10T03:38:39.615" activeThreads="16">
  <mem-info id="2114" free="4192070184" total="4203675648" percent="99">
    <mem type="nursery" free="1933824" total="2228224" percent="86">
      <mem type="allocate" free="1933824" total="1966080" percent="98" />
      <mem type="survivor" free="0" total="262144" percent="0" />
    </mem>
    <mem type="tenure" free="4190136360" total="4201447424" percent="99" macro-fragmented="1500163">
      <mem type="soa" free="3980064808" total="3991375872" percent="99" />
      <mem type="loa" free="210071552" total="210071552" percent="100" />
    </mem>
    <remembered-set count="88" />
  </mem-info>
</gc-end>
<cycle-end id="2115" type="scavenge" contextid="2109" timestamp="2019-08-10T03:38:39.615" />
  <attribute name="elasticGC enabled" value="1" />
  <attribute name= "numThreadsSpecified" value="16" />
  <attribute name="heapSize specified" value="8519680" />
  <attribute name="Current GC Util" value="4" />
  <attribute name= "Current Time Running" value="119760" />
  <attribute name ="GC Interval" value="200" />
  <attribute name="ProportionalT" value="-38.000000" />
  <attribute name="ProportionalI" value="-38.000000" />
  <attribute name="ProportionalH" value="-38.000000" />
  <attribute name="Current Error" value="-76.000000" />
  <attribute name="IntegralT" value="-2052.000000" />
  <attribute name="IntegralI" value="-2052.000000" />
  <attribute name="IntegralH" value="-2052.000000" />
  <attribute name="DerivativeT" value="-1.407407" />
  <attribute name="DerivativeI" value="-1.407407" />
  <attribute name="DerivativeH" value="-1.407407" />
  <attribute name="Loop Time for DT" value="54.000000" />
  <attribute name="Output H" value="4203675648"/>
  <attribute name="Output I" value="200"/>
  <attribute name="Output T" value="16"/>
  <attribute name="Target GC Util Change" value ="80.000000" />
  <attribute name="Current GC Util Change" value="4.000000"/>
  <attribute name="GC Util currently" value="4" />
  <attribute name="CPU Util currently" value="21285954523" />
<allocation-satisfied id="2116" threadId="0000000001842F00" bytesRequested="2056" />
<af-end id="2117" timestamp="2019-08-10T03:38:39.615" threadId="0000000001843888" success="true" from="nursery"/>
<exclusive-end id="2118" timestamp="2019-08-10T03:38:39.615" durationms="1.580" />

<exclusive-start id="2119" timestamp="2019-08-10T03:38:39.667" intervalms="53.192">
  <response-info timems="0.037" idlems="0.037" threads="0" lastid="0000000001842F00" lastname="main" />
</exclusive-start>
<af-start id="2120" threadId="0000000001843888" totalBytesRequested="64064" timestamp="2019-08-10T03:38:39.667" intervalms="53.190" type="nursery" />
<cycle-start id="2121" type="scavenge" contextid="0" timestamp="2019-08-10T03:38:39.667" intervalms="53.190" />
<gc-start id="2122" type="scavenge" contextid="2121" timestamp="2019-08-10T03:38:39.667">
  <mem-info id="2123" free="4190135600" total="4203675648" percent="99">
    <mem type="nursery" free="0" total="2228224" percent="0">
      <mem type="allocate" free="0" total="1966080" percent="0" />
      <mem type="survivor" free="0" total="262144" percent="0" />
    </mem>
    <mem type="tenure" free="4190135600" total="4201447424" percent="99">
      <mem type="soa" free="3980064048" total="3991375872" percent="99" />
      <mem type="loa" free="210071552" total="210071552" percent="100" />
    </mem>
    <remembered-set count="120" />
  </mem-info>
</gc-start>
<allocation-stats totalBytes="1882208" >
  <allocated-bytes non-tlh="385976" tlh="1496232" />
  <largest-consumer threadName="main" threadId="0000000001842F00" bytes="1882208" />
</allocation-stats>
<gc-op id="2124" type="scavenge" timems="1.882" contextid="2121" timestamp="2019-08-10T03:38:39.669">
  <scavenger-info tenureage="3" tenuremask="fff8" tiltratio="88" />
  <memory-copied type="nursery" objects="460" bytes="224480" bytesdiscarded="37664" />
  <memory-copied type="tenure" objects="2" bytes="400816" bytesdiscarded="0" />
  <copy-failed type="nursery" objects="2" bytes="400816" />
  <references type="soft" candidates="1" cleared="0" enqueued="0" dynamicThreshold="31" maxThreshold="32" />
  <references type="weak" candidates="4" cleared="4" enqueued="4" />
  <references type="phantom" candidates="29" cleared="1" enqueued="1" />
</gc-op>
<gc-end id="2125" type="scavenge" contextid="2121" durationms="2.233" usertimems="2.537" systemtimems="2.367" timestamp="2019-08-10T03:38:39.669" activeThreads="16">
  <mem-info id="2126" free="4190586752" total="4203675648" percent="99">
    <mem type="nursery" free="851968" total="2228224" percent="38">
      <mem type="allocate" free="851968" total="1114112" percent="76" />
      <mem type="survivor" free="0" total="1114112" percent="0" />
    </mem>
    <mem type="tenure" free="4189734784" total="4201447424" percent="99" macro-fragmented="290741">
      <mem type="soa" free="3979663232" total="3991375872" percent="99" />
      <mem type="loa" free="210071552" total="210071552" percent="100" />
    </mem>
    <pending-finalizers system="0" default="0" reference="5" classloader="0" />
    <remembered-set count="119" />
  </mem-info>
</gc-end>
<cycle-end id="2127" type="scavenge" contextid="2121" timestamp="2019-08-10T03:38:39.669" />
  <attribute name="elasticGC enabled" value="1" />
  <attribute name= "numThreadsSpecified" value="16" />
  <attribute name="heapSize specified" value="8519680" />
  <attribute name="Current GC Util" value="4" />
  <attribute name= "Current Time Running" value="119813" />
  <attribute name ="GC Interval" value="200" />
  <attribute name="ProportionalT" value="-38.000000" />
  <attribute name="ProportionalI" value="-38.000000" />
  <attribute name="ProportionalH" value="-38.000000" />
  <attribute name="Current Error" value="-76.000000" />
  <attribute name="IntegralT" value="-2014.000000" />
  <attribute name="IntegralI" value="-2014.000000" />
  <attribute name="IntegralH" value="-2014.000000" />
  <attribute name="DerivativeT" value="-1.433962" />
  <attribute name="DerivativeI" value="-1.433962" />
  <attribute name="DerivativeH" value="-1.433962" />
  <attribute name="Loop Time for DT" value="53.000000" />
  <attribute name="Output H" value="4203675648"/>
  <attribute name="Output I" value="200"/>
  <attribute name="Output T" value="16"/>
  <attribute name="Target GC Util Change" value ="80.000000" />
  <attribute name="Current GC Util Change" value="4.000000"/>
  <attribute name="GC Util currently" value="4" />
  <attribute name="CPU Util currently" value="21676557273" />
<allocation-satisfied id="2128" threadId="0000000001842F00" bytesRequested="64064" />
<af-end id="2129" timestamp="2019-08-10T03:38:39.670" threadId="0000000001843888" success="true" from="nursery"/>
<exclusive-end id="2130" timestamp="2019-08-10T03:38:39.670" durationms="2.437" />

<exclusive-start id="2131" timestamp="2019-08-10T03:38:39.680" intervalms="12.614">
  <response-info timems="0.034" idlems="0.034" threads="0" lastid="0000000001842F00" lastname="main" />
</exclusive-start>
<af-start id="2132" threadId="0000000001843888" totalBytesRequested="33672" timestamp="2019-08-10T03:38:39.680" intervalms="12.624" type="nursery" />
<cycle-start id="2133" type="scavenge" contextid="0" timestamp="2019-08-10T03:38:39.680" intervalms="12.666" />
<gc-start id="2134" type="scavenge" contextid="2133" timestamp="2019-08-10T03:38:39.680">
  <mem-info id="2135" free="4189729480" total="4203675648" percent="99">
    <mem type="nursery" free="0" total="2228224" percent="0">
      <mem type="allocate" free="0" total="1114112" percent="0" />
      <mem type="survivor" free="0" total="1114112" percent="0" />
    </mem>
    <mem type="tenure" free="4189729480" total="4201447424" percent="99">
      <mem type="soa" free="3979657928" total="3991375872" percent="99" />
      <mem type="loa" free="210071552" total="210071552" percent="100" />
    </mem>
    <remembered-set count="153" />
  </mem-info>
</gc-start>
<allocation-stats totalBytes="827456" >
  <allocated-bytes non-tlh="265520" tlh="561936" />
  <largest-consumer threadName="main" threadId="0000000001842F00" bytes="823360" />
</allocation-stats>
<gc-op id="2136" type="scavenge" timems="1.468" contextid="2133" timestamp="2019-08-10T03:38:39.681">
  <scavenger-info tenureage="3" tenuremask="fff8" tiltratio="50" />
  <memory-copied type="nursery" objects="514" bytes="228736" bytesdiscarded="49048" />
  <references type="soft" candidates="3" cleared="0" enqueued="0" dynamicThreshold="31" maxThreshold="32" />
  <references type="weak" candidates="9" cleared="9" enqueued="9" />
  <references type="phantom" candidates="28" cleared="0" enqueued="0" />
</gc-op>
<gc-end id="2137" type="scavenge" contextid="2133" durationms="1.805" usertimems="1.338" systemtimems="1.345" timestamp="2019-08-10T03:38:39.682" activeThreads="16">
  <mem-info id="2138" free="4190565808" total="4203675648" percent="99">
    <mem type="nursery" free="836328" total="2228224" percent="37">
      <mem type="allocate" free="836328" total="1114112" percent="75" />
      <mem type="survivor" free="0" total="1114112" percent="0" />
    </mem>
    <mem type="tenure" free="4189729480" total="4201447424" percent="99" macro-fragmented="124752">
      <mem type="soa" free="3979657928" total="3991375872" percent="99" />
      <mem type="loa" free="210071552" total="210071552" percent="100" />
    </mem>
    <pending-finalizers system="0" default="0" reference="9" classloader="0" />
    <remembered-set count="150" />
  </mem-info>
</gc-end>
<cycle-end id="2139" type="scavenge" contextid="2133" timestamp="2019-08-10T03:38:39.682" />
  <attribute name="elasticGC enabled" value="1" />
  <attribute name= "numThreadsSpecified" value="16" />
  <attribute name="heapSize specified" value="8519680" />
  <attribute name="Current GC Util" value="22" />
  <attribute name= "Current Time Running" value="119826" />
  <attribute name ="GC Interval" value="200" />
  <attribute name="ProportionalT" value="-29.000000" />
  <attribute name="ProportionalI" value="-29.000000" />
  <attribute name="ProportionalH" value="-29.000000" />
  <attribute name="Current Error" value="-58.000000" />
  <attribute name="IntegralT" value="-377.000000" />
  <attribute name="IntegralI" value="-377.000000" />
  <attribute name="IntegralH" value="-377.000000" />
  <attribute name="DerivativeT" value="-4.461538" />
  <attribute name="DerivativeI" value="-4.461538" />
  <attribute name="DerivativeH" value="-4.461538" />
  <attribute name="Loop Time for DT" value="13.000000" />
  <attribute name="Output H" value="4203675648"/>
  <attribute name="Output I" value="200"/>
  <attribute name="Output T" value="16"/>
  <attribute name="Target GC Util Change" value ="80.000000" />
  <attribute name="Current GC Util Change" value="22.000000"/>
  <attribute name="GC Util currently" value="22" />
  <attribute name="CPU Util currently" value="90834719912" />
<allocation-satisfied id="2140" threadId="0000000001842F00" bytesRequested="33672" />
<af-end id="2141" timestamp="2019-08-10T03:38:39.682" threadId="0000000001843888" success="true" from="nursery"/>
<exclusive-end id="2142" timestamp="2019-08-10T03:38:39.682" durationms="2.046" />

<exclusive-start id="2143" timestamp="2019-08-10T03:38:39.697" intervalms="17.434">
  <response-info timems="0.021" idlems="0.021" threads="0" lastid="0000000001842F00" lastname="main" />
</exclusive-start>
<af-start id="2144" threadId="0000000001843888" totalBytesRequested="6184" timestamp="2019-08-10T03:38:39.697" intervalms="17.434" type="nursery" />
<cycle-start id="2145" type="scavenge" contextid="0" timestamp="2019-08-10T03:38:39.697" intervalms="17.396" />
<gc-start id="2146" type="scavenge" contextid="2145" timestamp="2019-08-10T03:38:39.697">
  <mem-info id="2147" free="4189723024" total="4203675648" percent="99">
    <mem type="nursery" free="0" total="2228224" percent="0">
      <mem type="allocate" free="0" total="1114112" percent="0" />
      <mem type="survivor" free="0" total="1114112" percent="0" />
    </mem>
    <mem type="tenure" free="4189723024" total="4201447424" percent="99">
      <mem type="soa" free="3979651472" total="3991375872" percent="99" />
      <mem type="loa" free="210071552" total="210071552" percent="100" />
    </mem>
    <remembered-set count="223" />
  </mem-info>
</gc-start>
<allocation-stats totalBytes="838296" >
  <allocated-bytes non-tlh="199920" tlh="638376" />
  <largest-consumer threadName="main" threadId="0000000001842F00" bytes="838296" />
</allocation-stats>
<gc-op id="2148" type="scavenge" timems="0.811" contextid="2145" timestamp="2019-08-10T03:38:39.698">
  <scavenger-info tenureage="2" tenuremask="fffc" tiltratio="50" />
  <memory-copied type="nursery" objects="187" bytes="20576" bytesdiscarded="11672" />
  <memory-copied type="tenure" objects="426" bytes="222328" bytesdiscarded="776" />
  <references type="soft" candidates="2" cleared="0" enqueued="0" dynamicThreshold="31" maxThreshold="32" />
  <references type="weak" candidates="15" cleared="15" enqueued="15" />
</gc-op>
<gc-end id="2149" type="scavenge" contextid="2145" durationms="1.185" usertimems="0.123" systemtimems="1.624" timestamp="2019-08-10T03:38:39.698" activeThreads="16">
  <mem-info id="2150" free="4190564104" total="4203675648" percent="99">
    <mem type="nursery" free="1081856" total="2228224" percent="48">
      <mem type="allocate" free="1081856" total="1114112" percent="97" />
      <mem type="survivor" free="0" total="1114112" percent="0" />
    </mem>
    <mem type="tenure" free="4189482248" total="4201447424" percent="99" macro-fragmented="83168">
      <mem type="soa" free="3979410696" total="3991375872" percent="99" />
      <mem type="loa" free="210071552" total="210071552" percent="100" />
    </mem>
    <pending-finalizers system="0" default="0" reference="15" classloader="0" />
    <remembered-set count="203" />
  </mem-info>
</gc-end>
<cycle-end id="2151" type="scavenge" contextid="2145" timestamp="2019-08-10T03:38:39.699" />
  <attribute name="elasticGC enabled" value="1" />
  <attribute name= "numThreadsSpecified" value="16" />
  <attribute name="heapSize specified" value="8519680" />
  <attribute name="Current GC Util" value="17" />
  <attribute name= "Current Time Running" value="119843" />
  <attribute name ="GC Interval" value="200" />
  <attribute name="ProportionalT" value="-31.500000" />
  <attribute name="ProportionalI" value="-31.500000" />
  <attribute name="ProportionalH" value="-31.500000" />
  <attribute name="Current Error" value="-63.000000" />
  <attribute name="IntegralT" value="-535.500000" />
  <attribute name="IntegralI" value="-535.500000" />
  <attribute name="IntegralH" value="-535.500000" />
  <attribute name="DerivativeT" value="-3.705882" />
  <attribute name="DerivativeI" value="-3.705882" />
  <attribute name="DerivativeH" value="-3.705882" />
  <attribute name="Loop Time for DT" value="17.000000" />
  <attribute name="Output H" value="4203675648"/>
  <attribute name="Output I" value="200"/>
  <attribute name="Output T" value="16"/>
  <attribute name="Target GC Util Change" value ="80.000000" />
  <attribute name="Current GC Util Change" value="17.000000"/>
  <attribute name="GC Util currently" value="17" />
  <attribute name="CPU Util currently" value="66256254073" />
<allocation-satisfied id="2152" threadId="0000000001842F00" bytesRequested="6184" />
<af-end id="2153" timestamp="2019-08-10T03:38:39.699" threadId="0000000001843888" success="true" from="nursery"/>
<exclusive-end id="2154" timestamp="2019-08-10T03:38:39.699" durationms="1.442" />

<exclusive-start id="2155" timestamp="2019-08-10T03:38:39.726" intervalms="29.040">
  <response-info timems="0.052" idlems="0.052" threads="0" lastid="0000000001842F00" lastname="main" />
</exclusive-start>
<af-start id="2156" threadId="0000000001843888" totalBytesRequested="15368" timestamp="2019-08-10T03:38:39.726" intervalms="29.040" type="nursery" />
<cycle-start id="2157" type="scavenge" contextid="0" timestamp="2019-08-10T03:38:39.726" intervalms="29.039" />
<gc-start id="2158" type="scavenge" contextid="2157" timestamp="2019-08-10T03:38:39.726">
  <mem-info id="2159" free="4189464664" total="4203675648" percent="99">
    <mem type="nursery" free="0" total="2228224" percent="0">
      <mem type="allocate" free="0" total="1114112" percent="0" />
      <mem type="survivor" free="0" total="1114112" percent="0" />
    </mem>
    <mem type="tenure" free="4189464664" total="4201447424" percent="99">
      <mem type="soa" free="3979393112" total="3991375872" percent="99" />
      <mem type="loa" free="210071552" total="210071552" percent="100" />
    </mem>
    <remembered-set count="402" />
  </mem-info>
</gc-start>
<allocation-stats totalBytes="1087800" >
  <allocated-bytes non-tlh="23768" tlh="1064032" />
  <largest-consumer threadName="main" threadId="0000000001842F00" bytes="1087800" />
</allocation-stats>
<gc-op id="2160" type="scavenge" timems="9.603" contextid="2157" timestamp="2019-08-10T03:38:39.736">
  <scavenger-info tenureage="4" tenuremask="fff0" tiltratio="50" />
  <memory-copied type="nursery" objects="322" bytes="38528" bytesdiscarded="12080" />
  <references type="soft" candidates="3" cleared="0" enqueued="0" dynamicThreshold="31" maxThreshold="32" />
  <references type="weak" candidates="20" cleared="19" enqueued="19" />
  <references type="phantom" candidates="3" cleared="1" enqueued="1" />
</gc-op>
<gc-end id="2161" type="scavenge" contextid="2157" durationms="9.946" usertimems="2.595" systemtimems="0.707" timestamp="2019-08-10T03:38:39.736" activeThreads="16">
  <mem-info id="2162" free="4190659216" total="4203675648" percent="99">
    <mem type="nursery" free="1194552" total="2228224" percent="53">
      <mem type="allocate" free="1194552" total="1245184" percent="95" />
      <mem type="survivor" free="0" total="983040" percent="0" />
    </mem>
    <mem type="tenure" free="4189464664" total="4201447424" percent="99" macro-fragmented="207920">
      <mem type="soa" free="3979393112" total="3991375872" percent="99" />
      <mem type="loa" free="210071552" total="210071552" percent="100" />
    </mem>
    <pending-finalizers system="0" default="0" reference="20" classloader="0" />
    <remembered-set count="380" />
  </mem-info>
</gc-end>
<cycle-end id="2163" type="scavenge" contextid="2157" timestamp="2019-08-10T03:38:39.736" />
  <attribute name="elasticGC enabled" value="1" />
  <attribute name= "numThreadsSpecified" value="16" />
  <attribute name="heapSize specified" value="8519680" />
  <attribute name="Current GC Util" value="6" />
  <attribute name= "Current Time Running" value="119872" />
  <attribute name ="GC Interval" value="200" />
  <attribute name="ProportionalT" value="-37.000000" />
  <attribute name="ProportionalI" value="-37.000000" />
  <attribute name="ProportionalH" value="-37.000000" />
  <attribute name="Current Error" value="-74.000000" />
  <attribute name="IntegralT" value="-1073.000000" />
  <attribute name="IntegralI" value="-1073.000000" />
  <attribute name="IntegralH" value="-1073.000000" />
  <attribute name="DerivativeT" value="-2.551724" />
  <attribute name="DerivativeI" value="-2.551724" />
  <attribute name="DerivativeH" value="-2.551724" />
  <attribute name="Loop Time for DT" value="29.000000" />
  <attribute name="Output H" value="4203675648"/>
  <attribute name="Output I" value="200"/>
  <attribute name="Output T" value="16"/>
  <attribute name="Target GC Util Change" value ="80.000000" />
  <attribute name="Current GC Util Change" value="6.000000"/>
  <attribute name="GC Util currently" value="6" />
  <attribute name="CPU Util currently" value="39715062038" />
<allocation-satisfied id="2164" threadId="0000000001842F00" bytesRequested="15368" />
<af-end id="2165" timestamp="2019-08-10T03:38:39.736" threadId="0000000001843888" success="true" from="nursery"/>
<exclusive-end id="2166" timestamp="2019-08-10T03:38:39.736" durationms="10.207" />

WARNING: An illegal reflective access operation has occurred
WARNING: Illegal reflective access by com.google.common.base.internal.Finalizer (file:/./scratch/jar/guava-r07.jar) to field java.lang.Thread.inheritableThreadLocals
WARNING: Please consider reporting this to the maintainers of com.google.common.base.internal.Finalizer
WARNING: Use --illegal-access=warn to enable warnings of further illegal reflective access operations
WARNING: All illegal access operations will be denied in a future release
<exclusive-start id="2167" timestamp="2019-08-10T03:38:39.775" intervalms="49.217">
  <response-info timems="0.052" idlems="0.052" threads="0" lastid="0000000001842F00" lastname="main" />
</exclusive-start>
<af-start id="2168" threadId="0000000001843888" totalBytesRequested="31752" timestamp="2019-08-10T03:38:39.775" intervalms="49.219" type="nursery" />
<cycle-start id="2169" type="scavenge" contextid="0" timestamp="2019-08-10T03:38:39.775" intervalms="49.221" />
<gc-start id="2170" type="scavenge" contextid="2169" timestamp="2019-08-10T03:38:39.776">
  <mem-info id="2171" free="4189441112" total="4203675648" percent="99">
    <mem type="nursery" free="0" total="2228224" percent="0">
      <mem type="allocate" free="0" total="1245184" percent="0" />
      <mem type="survivor" free="0" total="983040" percent="0" />
    </mem>
    <mem type="tenure" free="4189441112" total="4201447424" percent="99">
      <mem type="soa" free="3979369560" total="3991375872" percent="99" />
      <mem type="loa" free="210071552" total="210071552" percent="100" />
    </mem>
    <remembered-set count="758" />
  </mem-info>
</gc-start>
<allocation-stats totalBytes="1122536" >
  <allocated-bytes non-tlh="38920" tlh="1083616" />
  <largest-consumer threadName="main" threadId="0000000001842F00" bytes="1118440" />
</allocation-stats>
<gc-op id="2172" type="scavenge" timems="10.641" contextid="2169" timestamp="2019-08-10T03:38:39.786">
  <scavenger-info tenureage="3" tenuremask="fff8" tiltratio="55" />
  <memory-copied type="nursery" objects="2908" bytes="163712" bytesdiscarded="90760" />
  <memory-copied type="tenure" objects="38" bytes="4120" bytesdiscarded="0" />
  <finalization candidates="39" enqueued="1" />
  <ownableSynchronizers candidates="17" cleared="0" />
  <references type="soft" candidates="6" cleared="0" enqueued="0" dynamicThreshold="31" maxThreshold="32" />
  <references type="weak" candidates="752" cleared="361" enqueued="257" />
  <references type="phantom" candidates="7" cleared="1" enqueued="1" />
</gc-op>
<gc-end id="2173" type="scavenge" contextid="2169" durationms="11.045" usertimems="3.636" systemtimems="0.000" timestamp="2019-08-10T03:38:39.787" activeThreads="16">
  <mem-info id="2174" free="4190562704" total="4203675648" percent="99">
    <mem type="nursery" free="1121592" total="2228224" percent="50">
      <mem type="allocate" free="1121592" total="1376256" percent="81" />
      <mem type="survivor" free="0" total="851968" percent="0" />
    </mem>
    <mem type="tenure" free="4189441112" total="4201447424" percent="99" macro-fragmented="2160235">
      <mem type="soa" free="3979369560" total="3991375872" percent="99" />
      <mem type="loa" free="210071552" total="210071552" percent="100" />
    </mem>
    <pending-finalizers system="1" default="0" reference="258" classloader="0" />
    <remembered-set count="694" />
  </mem-info>
</gc-end>
<cycle-end id="2175" type="scavenge" contextid="2169" timestamp="2019-08-10T03:38:39.787" />
  <attribute name="elasticGC enabled" value="1" />
  <attribute name= "numThreadsSpecified" value="16" />
  <attribute name="heapSize specified" value="8519680" />
  <attribute name="Current GC Util" value="5" />
  <attribute name= "Current Time Running" value="119922" />
  <attribute name ="GC Interval" value="200" />
  <attribute name="ProportionalT" value="-37.500000" />
  <attribute name="ProportionalI" value="-37.500000" />
  <attribute name="ProportionalH" value="-37.500000" />
  <attribute name="Current Error" value="-75.000000" />
  <attribute name="IntegralT" value="-1875.000000" />
  <attribute name="IntegralI" value="-1875.000000" />
  <attribute name="IntegralH" value="-1875.000000" />
  <attribute name="DerivativeT" value="-1.500000" />
  <attribute name="DerivativeI" value="-1.500000" />
  <attribute name="DerivativeH" value="-1.500000" />
  <attribute name="Loop Time for DT" value="50.000000" />
  <attribute name="Output H" value="4203675648"/>
  <attribute name="Output I" value="200"/>
  <attribute name="Output T" value="16"/>
  <attribute name="Target GC Util Change" value ="80.000000" />
  <attribute name="Current GC Util Change" value="5.000000"/>
  <attribute name="GC Util currently" value="5" />
  <attribute name="CPU Util currently" value="23418228599" />
<allocation-satisfied id="2176" threadId="0000000001842F00" bytesRequested="31752" />
<af-end id="2177" timestamp="2019-08-10T03:38:39.787" threadId="0000000001843888" success="true" from="nursery"/>
<exclusive-end id="2178" timestamp="2019-08-10T03:38:39.787" durationms="11.293" />

<exclusive-start id="2179" timestamp="2019-08-10T03:38:39.823" intervalms="47.329">
  <response-info timems="0.018" idlems="0.018" threads="0" lastid="0000000001842F00" lastname="main" />
</exclusive-start>
<af-start id="2180" threadId="0000000001843888" totalBytesRequested="1584" timestamp="2019-08-10T03:38:39.823" intervalms="47.320" type="nursery" />
<cycle-start id="2181" type="scavenge" contextid="0" timestamp="2019-08-10T03:38:39.823" intervalms="47.365" />
<gc-start id="2182" type="scavenge" contextid="2181" timestamp="2019-08-10T03:38:39.823">
  <mem-info id="2183" free="4189401704" total="4203675648" percent="99">
    <mem type="nursery" free="0" total="2228224" percent="0">
      <mem type="allocate" free="0" total="1376256" percent="0" />
      <mem type="survivor" free="0" total="851968" percent="0" />
    </mem>
    <mem type="tenure" free="4189401704" total="4201447424" percent="99">
      <mem type="soa" free="3979330152" total="3991375872" percent="99" />
      <mem type="loa" free="210071552" total="210071552" percent="100" />
    </mem>
    <remembered-set count="1113" />
  </mem-info>
</gc-start>
<allocation-stats totalBytes="1155576" >
  <allocated-bytes non-tlh="108480" tlh="1047096" />
  <largest-consumer threadName="main" threadId="0000000001842F00" bytes="1143744" />
</allocation-stats>
<gc-op id="2184" type="scavenge" timems="1.374" contextid="2181" timestamp="2019-08-10T03:38:39.824">
  <scavenger-info tenureage="3" tenuremask="ffe8" tiltratio="61" />
  <memory-copied type="nursery" objects="3235" bytes="135048" bytesdiscarded="49824" />
  <memory-copied type="tenure" objects="55" bytes="1072" bytesdiscarded="0" />
  <finalization candidates="38" enqueued="0" />
  <ownableSynchronizers candidates="17" cleared="0" />
  <references type="soft" candidates="6" cleared="0" enqueued="0" dynamicThreshold="31" maxThreshold="32" />
  <references type="weak" candidates="614" cleared="4" enqueued="4" />
  <references type="phantom" candidates="5" cleared="0" enqueued="0" />
</gc-op>
<gc-end id="2185" type="scavenge" contextid="2181" durationms="1.658" usertimems="2.718" systemtimems="0.000" timestamp="2019-08-10T03:38:39.825" activeThreads="16">
  <mem-info id="2186" free="4190723944" total="4203675648" percent="99">
    <mem type="nursery" free="1322240" total="2228224" percent="59">
      <mem type="allocate" free="1322240" total="1507328" percent="87" />
      <mem type="survivor" free="0" total="720896" percent="0" />
    </mem>
    <mem type="tenure" free="4189401704" total="4201447424" percent="99" macro-fragmented="5375357">
      <mem type="soa" free="3979330152" total="3991375872" percent="99" />
      <mem type="loa" free="210071552" total="210071552" percent="100" />
    </mem>
    <pending-finalizers system="0" default="0" reference="4" classloader="0" />
    <remembered-set count="963" />
  </mem-info>
</gc-end>
<cycle-end id="2187" type="scavenge" contextid="2181" timestamp="2019-08-10T03:38:39.825" />
  <attribute name="elasticGC enabled" value="1" />
  <attribute name= "numThreadsSpecified" value="16" />
  <attribute name="heapSize specified" value="8519680" />
  <attribute name="Current GC Util" value="7" />
  <attribute name= "Current Time Running" value="119969" />
  <attribute name ="GC Interval" value="200" />
  <attribute name="ProportionalT" value="-36.500000" />
  <attribute name="ProportionalI" value="-36.500000" />
  <attribute name="ProportionalH" value="-36.500000" />
  <attribute name="Current Error" value="-73.000000" />
  <attribute name="IntegralT" value="-1715.500000" />
  <attribute name="IntegralI" value="-1715.500000" />
  <attribute name="IntegralH" value="-1715.500000" />
  <attribute name="DerivativeT" value="-1.553191" />
  <attribute name="DerivativeI" value="-1.553191" />
  <attribute name="DerivativeH" value="-1.553191" />
  <attribute name="Loop Time for DT" value="47.000000" />
  <attribute name="Output H" value="4203675648"/>
  <attribute name="Output I" value="200"/>
  <attribute name="Output T" value="16"/>
  <attribute name="Target GC Util Change" value ="80.000000" />
  <attribute name="Current GC Util Change" value="7.000000"/>
  <attribute name="GC Util currently" value="7" />
  <attribute name="CPU Util currently" value="24350610222" />
<allocation-satisfied id="2188" threadId="0000000001842F00" bytesRequested="1584" />
<af-end id="2189" timestamp="2019-08-10T03:38:39.825" threadId="0000000001843888" success="true" from="nursery"/>
<exclusive-end id="2190" timestamp="2019-08-10T03:38:39.825" durationms="1.913" />

<exclusive-start id="2191" timestamp="2019-08-10T03:38:39.892" intervalms="69.196">
  <response-info timems="0.013" idlems="0.013" threads="0" lastid="0000000001842F00" lastname="main" />
</exclusive-start>
<af-start id="2192" threadId="0000000001843888" totalBytesRequested="15368" timestamp="2019-08-10T03:38:39.892" intervalms="69.196" type="nursery" />
<cycle-start id="2193" type="scavenge" contextid="0" timestamp="2019-08-10T03:38:39.892" intervalms="69.147" />
<gc-start id="2194" type="scavenge" contextid="2193" timestamp="2019-08-10T03:38:39.892">
  <mem-info id="2195" free="4189296176" total="4203675648" percent="99">
    <mem type="nursery" free="0" total="2228224" percent="0">
      <mem type="allocate" free="0" total="1507328" percent="0" />
      <mem type="survivor" free="0" total="720896" percent="0" />
    </mem>
    <mem type="tenure" free="4189296176" total="4201447424" percent="99">
      <mem type="soa" free="3979224624" total="3991375872" percent="99" />
      <mem type="loa" free="210071552" total="210071552" percent="100" />
    </mem>
    <remembered-set count="2355" />
  </mem-info>
</gc-start>
<allocation-stats totalBytes="1414800" >
  <allocated-bytes non-tlh="107112" tlh="1307688" />
  <largest-consumer threadName="main" threadId="0000000001842F00" bytes="1414800" />
</allocation-stats>
<gc-op id="2196" type="scavenge" timems="1.989" contextid="2193" timestamp="2019-08-10T03:38:39.894">
  <scavenger-info tenureage="3" tenuremask="ffe8" tiltratio="67" />
  <memory-copied type="nursery" objects="9925" bytes="357184" bytesdiscarded="34416" />
  <memory-copied type="tenure" objects="121" bytes="3360" bytesdiscarded="0" />
  <finalization candidates="49" enqueued="0" />
  <ownableSynchronizers candidates="17" cleared="0" />
  <references type="soft" candidates="38" cleared="0" enqueued="0" dynamicThreshold="31" maxThreshold="32" />
  <references type="weak" candidates="1006" cleared="67" enqueued="51" />
  <references type="phantom" candidates="6" cleared="0" enqueued="0" />
</gc-op>
<gc-end id="2197" type="scavenge" contextid="2193" durationms="2.278" usertimems="3.698" systemtimems="0.000" timestamp="2019-08-10T03:38:39.894" activeThreads="16">
  <mem-info id="2198" free="4190411600" total="4203675648" percent="99">
    <mem type="nursery" free="1115424" total="2228224" percent="50">
      <mem type="allocate" free="1115424" total="1507328" percent="74" />
      <mem type="survivor" free="0" total="720896" percent="0" />
    </mem>
    <mem type="tenure" free="4189296176" total="4201447424" percent="99" macro-fragmented="723458">
      <mem type="soa" free="3979224624" total="3991375872" percent="99" />
      <mem type="loa" free="210071552" total="210071552" percent="100" />
    </mem>
    <pending-finalizers system="0" default="0" reference="51" classloader="0" />
    <remembered-set count="2138" />
  </mem-info>
</gc-end>
<cycle-end id="2199" type="scavenge" contextid="2193" timestamp="2019-08-10T03:38:39.894" />
  <attribute name="elasticGC enabled" value="1" />
  <attribute name= "numThreadsSpecified" value="16" />
  <attribute name="heapSize specified" value="8519680" />
  <attribute name="Current GC Util" value="4" />
  <attribute name= "Current Time Running" value="120038" />
  <attribute name ="GC Interval" value="200" />
  <attribute name="ProportionalT" value="-38.000000" />
  <attribute name="ProportionalI" value="-38.000000" />
  <attribute name="ProportionalH" value="-38.000000" />
  <attribute name="Current Error" value="-76.000000" />
  <attribute name="IntegralT" value="-2622.000000" />
  <attribute name="IntegralI" value="-2622.000000" />
  <attribute name="IntegralH" value="-2622.000000" />
  <attribute name="DerivativeT" value="-1.101449" />
  <attribute name="DerivativeI" value="-1.101449" />
  <attribute name="DerivativeH" value="-1.101449" />
  <attribute name="Loop Time for DT" value="69.000000" />
  <attribute name="Output H" value="4203675648"/>
  <attribute name="Output I" value="200"/>
  <attribute name="Output T" value="16"/>
  <attribute name="Target GC Util Change" value ="80.000000" />
  <attribute name="Current GC Util Change" value="4.000000"/>
  <attribute name="GC Util currently" value="4" />
  <attribute name="CPU Util currently" value="16675741561" />
<allocation-satisfied id="2200" threadId="0000000001842F00" bytesRequested="15368" />
<af-end id="2201" timestamp="2019-08-10T03:38:39.894" threadId="0000000001843888" success="true" from="nursery"/>
<exclusive-end id="2202" timestamp="2019-08-10T03:38:39.894" durationms="2.504" />

<exclusive-start id="2203" timestamp="2019-08-10T03:38:39.919" intervalms="27.513">
  <response-info timems="0.041" idlems="0.041" threads="0" lastid="0000000001842F00" lastname="main" />
</exclusive-start>
<af-start id="2204" threadId="0000000001843888" totalBytesRequested="1032" timestamp="2019-08-10T03:38:39.919" intervalms="27.514" type="nursery" />
<cycle-start id="2205" type="scavenge" contextid="0" timestamp="2019-08-10T03:38:39.920" intervalms="27.514" />
<gc-start id="2206" type="scavenge" contextid="2205" timestamp="2019-08-10T03:38:39.920">
  <mem-info id="2207" free="4189263456" total="4203675648" percent="99">
    <mem type="nursery" free="0" total="2228224" percent="0">
      <mem type="allocate" free="0" total="1507328" percent="0" />
      <mem type="survivor" free="0" total="720896" percent="0" />
    </mem>
    <mem type="tenure" free="4189263456" total="4201447424" percent="99">
      <mem type="soa" free="3979191904" total="3991375872" percent="99" />
      <mem type="loa" free="210071552" total="210071552" percent="100" />
    </mem>
    <remembered-set count="2495" />
  </mem-info>
</gc-start>
<allocation-stats totalBytes="1146328" >
  <allocated-bytes non-tlh="131384" tlh="1014944" />
  <largest-consumer threadName="main" threadId="0000000001842F00" bytes="1134496" />
</allocation-stats>
<gc-op id="2208" type="scavenge" timems="1.563" contextid="2205" timestamp="2019-08-10T03:38:39.921">
  <scavenger-info tenureage="3" tenuremask="ffe8" tiltratio="67" />
  <memory-copied type="nursery" objects="8421" bytes="265880" bytesdiscarded="73384" />
  <memory-copied type="tenure" objects="2454" bytes="97784" bytesdiscarded="88" />
  <finalization candidates="49" enqueued="0" />
  <ownableSynchronizers candidates="17" cleared="0" />
  <references type="soft" candidates="40" cleared="0" enqueued="0" dynamicThreshold="31" maxThreshold="32" />
  <references type="weak" candidates="606" cleared="11" enqueued="11" />
  <references type="phantom" candidates="8" cleared="3" enqueued="3" />
</gc-op>
<gc-end id="2209" type="scavenge" contextid="2205" durationms="1.854" usertimems="5.526" systemtimems="0.000" timestamp="2019-08-10T03:38:39.921" activeThreads="16">
  <mem-info id="2210" free="4190409296" total="4203675648" percent="99">
    <mem type="nursery" free="1233392" total="2228224" percent="55">
      <mem type="allocate" free="1233392" total="1572864" percent="78" />
      <mem type="survivor" free="0" total="655360" percent="0" />
    </mem>
    <mem type="tenure" free="4189175904" total="4201447424" percent="99" macro-fragmented="56347">
      <mem type="soa" free="3979104352" total="3991375872" percent="99" />
      <mem type="loa" free="210071552" total="210071552" percent="100" />
    </mem>
    <pending-finalizers system="0" default="0" reference="14" classloader="0" />
    <remembered-set count="1921" />
  </mem-info>
</gc-end>
<cycle-end id="2211" type="scavenge" contextid="2205" timestamp="2019-08-10T03:38:39.921" />
  <attribute name="elasticGC enabled" value="1" />
  <attribute name= "numThreadsSpecified" value="16" />
  <attribute name="heapSize specified" value="8519680" />
  <attribute name="Current GC Util" value="13" />
  <attribute name= "Current Time Running" value="120066" />
  <attribute name ="GC Interval" value="200" />
  <attribute name="ProportionalT" value="-33.500000" />
  <attribute name="ProportionalI" value="-33.500000" />
  <attribute name="ProportionalH" value="-33.500000" />
  <attribute name="Current Error" value="-67.000000" />
  <attribute name="IntegralT" value="-938.000000" />
  <attribute name="IntegralI" value="-938.000000" />
  <attribute name="IntegralH" value="-938.000000" />
  <attribute name="DerivativeT" value="-2.392857" />
  <attribute name="DerivativeI" value="-2.392857" />
  <attribute name="DerivativeH" value="-2.392857" />
  <attribute name="Loop Time for DT" value="28.000000" />
  <attribute name="Output H" value="4203675648"/>
  <attribute name="Output I" value="200"/>
  <attribute name="Output T" value="16"/>
  <attribute name="Target GC Util Change" value ="80.000000" />
  <attribute name="Current GC Util Change" value="13.000000"/>
  <attribute name="GC Util currently" value="13" />
  <attribute name="CPU Util currently" value="41877077261" />
<allocation-satisfied id="2212" threadId="0000000001842F00" bytesRequested="1032" />
<af-end id="2213" timestamp="2019-08-10T03:38:39.921" threadId="0000000001843888" success="true" from="nursery"/>
<exclusive-end id="2214" timestamp="2019-08-10T03:38:39.921" durationms="2.019" />

<exclusive-start id="2215" timestamp="2019-08-10T03:38:39.962" intervalms="42.252">
  <response-info timems="0.049" idlems="0.049" threads="0" lastid="0000000001842F00" lastname="main" />
</exclusive-start>
<af-start id="2216" threadId="0000000001843888" totalBytesRequested="1080" timestamp="2019-08-10T03:38:39.962" intervalms="42.261" type="nursery" />
<cycle-start id="2217" type="scavenge" contextid="0" timestamp="2019-08-10T03:38:39.962" intervalms="42.266" />
<gc-start id="2218" type="scavenge" contextid="2217" timestamp="2019-08-10T03:38:39.962">
  <mem-info id="2219" free="4189160136" total="4203675648" percent="99">
    <mem type="nursery" free="0" total="2228224" percent="0">
      <mem type="allocate" free="0" total="1572864" percent="0" />
      <mem type="survivor" free="0" total="655360" percent="0" />
    </mem>
    <mem type="tenure" free="4189160136" total="4201447424" percent="99">
      <mem type="soa" free="3979088584" total="3991375872" percent="99" />
      <mem type="loa" free="210071552" total="210071552" percent="100" />
    </mem>
    <remembered-set count="2176" />
  </mem-info>
</gc-start>
<allocation-stats totalBytes="1236184" >
  <allocated-bytes non-tlh="16800" tlh="1219384" />
  <largest-consumer threadName="main" threadId="0000000001842F00" bytes="1227992" />
</allocation-stats>
<gc-op id="2220" type="scavenge" timems="1.888" contextid="2217" timestamp="2019-08-10T03:38:39.964">
  <scavenger-info tenureage="3" tenuremask="ffe8" tiltratio="70" />
  <memory-copied type="nursery" objects="10301" bytes="329464" bytesdiscarded="62080" />
  <memory-copied type="tenure" objects="468" bytes="27648" bytesdiscarded="0" />
  <finalization candidates="11" enqueued="0" />
  <references type="soft" candidates="349" cleared="0" enqueued="0" dynamicThreshold="31" maxThreshold="32" />
  <references type="weak" candidates="460" cleared="15" enqueued="15" />
  <references type="phantom" candidates="5" cleared="0" enqueued="0" />
</gc-op>
<gc-end id="2221" type="scavenge" contextid="2217" durationms="2.286" usertimems="4.693" systemtimems="0.000" timestamp="2019-08-10T03:38:39.964" activeThreads="16">
  <mem-info id="2222" free="4190424640" total="4203675648" percent="99">
    <mem type="nursery" free="1312120" total="2228224" percent="58">
      <mem type="allocate" free="1312120" total="1703936" percent="77" />
      <mem type="survivor" free="0" total="524288" percent="0" />
    </mem>
    <mem type="tenure" free="4189112520" total="4201447424" percent="99" macro-fragmented="0">
      <mem type="soa" free="3979040968" total="3991375872" percent="99" />
      <mem type="loa" free="210071552" total="210071552" percent="100" />
    </mem>
    <pending-finalizers system="0" default="0" reference="15" classloader="0" />
    <remembered-set count="996" />
  </mem-info>
</gc-end>
<cycle-end id="2223" type="scavenge" contextid="2217" timestamp="2019-08-10T03:38:39.964" />
  <attribute name="elasticGC enabled" value="1" />
  <attribute name= "numThreadsSpecified" value="16" />
  <attribute name="heapSize specified" value="8519680" />
  <attribute name="Current GC Util" value="9" />
  <attribute name= "Current Time Running" value="120108" />
  <attribute name ="GC Interval" value="200" />
  <attribute name="ProportionalT" value="-35.500000" />
  <attribute name="ProportionalI" value="-35.500000" />
  <attribute name="ProportionalH" value="-35.500000" />
  <attribute name="Current Error" value="-71.000000" />
  <attribute name="IntegralT" value="-1491.000000" />
  <attribute name="IntegralI" value="-1491.000000" />
  <attribute name="IntegralH" value="-1491.000000" />
  <attribute name="DerivativeT" value="-1.690476" />
  <attribute name="DerivativeI" value="-1.690476" />
  <attribute name="DerivativeH" value="-1.690476" />
  <attribute name="Loop Time for DT" value="42.000000" />
  <attribute name="Output H" value="4203675648"/>
  <attribute name="Output I" value="200"/>
  <attribute name="Output T" value="16"/>
  <attribute name="Target GC Util Change" value ="80.000000" />
  <attribute name="Current GC Util Change" value="9.000000"/>
  <attribute name="GC Util currently" value="9" />
  <attribute name="CPU Util currently" value="27251568309" />
<allocation-satisfied id="2224" threadId="0000000001842F00" bytesRequested="1080" />
<af-end id="2225" timestamp="2019-08-10T03:38:39.964" threadId="0000000001843888" success="true" from="nursery"/>
<exclusive-end id="2226" timestamp="2019-08-10T03:38:39.964" durationms="2.515" />

<exclusive-start id="2227" timestamp="2019-08-10T03:38:40.740" intervalms="778.756">
  <response-info timems="0.035" idlems="0.035" threads="0" lastid="0000000001842F00" lastname="main" />
</exclusive-start>
<af-start id="2228" threadId="0000000001843888" totalBytesRequested="15368" timestamp="2019-08-10T03:38:40.740" intervalms="778.747" type="nursery" />
<cycle-start id="2229" type="scavenge" contextid="0" timestamp="2019-08-10T03:38:40.741" intervalms="778.742" />
<gc-start id="2230" type="scavenge" contextid="2229" timestamp="2019-08-10T03:38:40.741">
  <mem-info id="2231" free="4189083944" total="4203675648" percent="99">
    <mem type="nursery" free="0" total="2228224" percent="0">
      <mem type="allocate" free="0" total="1703936" percent="0" />
      <mem type="survivor" free="0" total="524288" percent="0" />
    </mem>
    <mem type="tenure" free="4189083944" total="4201447424" percent="99">
      <mem type="soa" free="3979012392" total="3991375872" percent="99" />
      <mem type="loa" free="210071552" total="210071552" percent="100" />
    </mem>
    <remembered-set count="1364" />
  </mem-info>
</gc-start>
<allocation-stats totalBytes="1324584" >
  <allocated-bytes non-tlh="29656" tlh="1294928" />
  <largest-consumer threadName="main" threadId="0000000001842F00" bytes="1324584" />
</allocation-stats>
<gc-op id="2232" type="scavenge" timems="2.449" contextid="2229" timestamp="2019-08-10T03:38:40.743">
  <scavenger-info tenureage="3" tenuremask="ffe8" tiltratio="76" />
  <memory-copied type="nursery" objects="5880" bytes="249536" bytesdiscarded="24840" />
  <memory-copied type="tenure" objects="6797" bytes="193696" bytesdiscarded="80" />
  <finalization candidates="11" enqueued="0" />
  <references type="soft" candidates="467" cleared="0" enqueued="0" dynamicThreshold="31" maxThreshold="32" />
  <references type="weak" candidates="251" cleared="12" enqueued="12" />
  <references type="phantom" candidates="6" cleared="2" enqueued="2" />
</gc-op>
<gc-end id="2233" type="scavenge" contextid="2229" durationms="2.803" usertimems="4.594" systemtimems="0.000" timestamp="2019-08-10T03:38:40.743" activeThreads="16">
  <mem-info id="2234" free="4190325056" total="4203675648" percent="99">
    <mem type="nursery" free="1429272" total="2228224" percent="64">
      <mem type="allocate" free="1429272" total="1703936" percent="83" />
      <mem type="survivor" free="0" total="524288" percent="0" />
    </mem>
    <mem type="tenure" free="4188895784" total="4201447424" percent="99" macro-fragmented="7740515">
      <mem type="soa" free="3978824232" total="3991375872" percent="99" />
      <mem type="loa" free="210071552" total="210071552" percent="100" />
    </mem>
    <pending-finalizers system="0" default="0" reference="14" classloader="0" />
    <remembered-set count="863" />
  </mem-info>
</gc-end>
<cycle-end id="2235" type="scavenge" contextid="2229" timestamp="2019-08-10T03:38:40.743" />
  <attribute name="elasticGC enabled" value="1" />
  <attribute name= "numThreadsSpecified" value="16" />
  <attribute name="heapSize specified" value="8519680" />
  <attribute name="Current GC Util" value="0" />
  <attribute name= "Current Time Running" value="120887" />
  <attribute name ="GC Interval" value="200" />
  <attribute name="ProportionalT" value="-40.000000" />
  <attribute name="ProportionalI" value="-40.000000" />
  <attribute name="ProportionalH" value="-40.000000" />
  <attribute name="Current Error" value="-80.000000" />
  <attribute name="IntegralT" value="-31160.000000" />
  <attribute name="IntegralI" value="-31160.000000" />
  <attribute name="IntegralH" value="-31160.000000" />
  <attribute name="DerivativeT" value="-0.102696" />
  <attribute name="DerivativeI" value="-0.102696" />
  <attribute name="DerivativeH" value="-0.102696" />
  <attribute name="Loop Time for DT" value="779.000000" />
  <attribute name="Output H" value="4203675648"/>
  <attribute name="Output I" value="200"/>
  <attribute name="Output T" value="16"/>
  <attribute name="Target GC Util Change" value ="80.000000" />
  <attribute name="Current GC Util Change" value="0.000000"/>
  <attribute name="GC Util currently" value="0" />
  <attribute name="CPU Util currently" value="10" />
<allocation-satisfied id="2236" threadId="0000000001842F00" bytesRequested="15368" />
<af-end id="2237" timestamp="2019-08-10T03:38:40.743" threadId="0000000001843888" success="true" from="nursery"/>
<exclusive-end id="2238" timestamp="2019-08-10T03:38:40.743" durationms="3.011" />

<exclusive-start id="2239" timestamp="2019-08-10T03:38:40.785" intervalms="44.598">
  <response-info timems="0.048" idlems="0.048" threads="0" lastid="0000000001842F00" lastname="main" />
</exclusive-start>
<af-start id="2240" threadId="0000000001843888" totalBytesRequested="40" timestamp="2019-08-10T03:38:40.785" intervalms="44.597" type="nursery" />
<cycle-start id="2241" type="scavenge" contextid="0" timestamp="2019-08-10T03:38:40.785" intervalms="44.598" />
<gc-start id="2242" type="scavenge" contextid="2241" timestamp="2019-08-10T03:38:40.785">
  <mem-info id="2243" free="4188860808" total="4203675648" percent="99">
    <mem type="nursery" free="0" total="2228224" percent="0">
      <mem type="allocate" free="0" total="1703936" percent="0" />
      <mem type="survivor" free="0" total="524288" percent="0" />
    </mem>
    <mem type="tenure" free="4188860808" total="4201447424" percent="99">
      <mem type="soa" free="3978789256" total="3991375872" percent="99" />
      <mem type="loa" free="210071552" total="210071552" percent="100" />
    </mem>
    <remembered-set count="1190" />
  </mem-info>
</gc-start>
<allocation-stats totalBytes="1462216" >
  <allocated-bytes non-tlh="50344" tlh="1411872" />
  <largest-consumer threadName="main" threadId="0000000001842F00" bytes="1462216" />
</allocation-stats>
<gc-op id="2244" type="scavenge" timems="1.336" contextid="2241" timestamp="2019-08-10T03:38:40.787">
  <scavenger-info tenureage="3" tenuremask="ffe8" tiltratio="76" />
  <memory-copied type="nursery" objects="5549" bytes="245088" bytesdiscarded="42424" />
  <memory-copied type="tenure" objects="1032" bytes="37408" bytesdiscarded="16" />
  <finalization candidates="3" enqueued="0" />
  <references type="soft" candidates="474" cleared="0" enqueued="0" dynamicThreshold="31" maxThreshold="32" />
  <references type="weak" candidates="384" cleared="10" enqueued="10" />
</gc-op>
<gc-end id="2245" type="scavenge" contextid="2241" durationms="1.753" usertimems="3.382" systemtimems="0.000" timestamp="2019-08-10T03:38:40.787" activeThreads="16">
  <mem-info id="2246" free="4190326288" total="4203675648" percent="99">
    <mem type="nursery" free="1481608" total="2228224" percent="66">
      <mem type="allocate" free="1481608" total="1769472" percent="83" />
      <mem type="survivor" free="0" total="458752" percent="0" />
    </mem>
    <mem type="tenure" free="4188844680" total="4201447424" percent="99" macro-fragmented="0">
      <mem type="soa" free="3978773128" total="3991375872" percent="99" />
      <mem type="loa" free="210071552" total="210071552" percent="100" />
    </mem>
    <pending-finalizers system="0" default="0" reference="10" classloader="0" />
    <remembered-set count="856" />
  </mem-info>
</gc-end>
<cycle-end id="2247" type="scavenge" contextid="2241" timestamp="2019-08-10T03:38:40.787" />
  <attribute name="elasticGC enabled" value="1" />
  <attribute name= "numThreadsSpecified" value="16" />
  <attribute name="heapSize specified" value="8519680" />
  <attribute name="Current GC Util" value="10" />
  <attribute name= "Current Time Running" value="120931" />
  <attribute name ="GC Interval" value="200" />
  <attribute name="ProportionalT" value="-35.000000" />
  <attribute name="ProportionalI" value="-35.000000" />
  <attribute name="ProportionalH" value="-35.000000" />
  <attribute name="Current Error" value="-70.000000" />
  <attribute name="IntegralT" value="-1540.000000" />
  <attribute name="IntegralI" value="-1540.000000" />
  <attribute name="IntegralH" value="-1540.000000" />
  <attribute name="DerivativeT" value="-1.590909" />
  <attribute name="DerivativeI" value="-1.590909" />
  <attribute name="DerivativeH" value="-1.590909" />
  <attribute name="Loop Time for DT" value="44.000000" />
  <attribute name="Output H" value="4203675648"/>
  <attribute name="Output I" value="200"/>
  <attribute name="Output T" value="16"/>
  <attribute name="Target GC Util Change" value ="80.000000" />
  <attribute name="Current GC Util Change" value="10.000000"/>
  <attribute name="GC Util currently" value="10" />
  <attribute name="CPU Util currently" value="25851142352" />
<allocation-satisfied id="2248" threadId="0000000001842F00" bytesRequested="40" />
<af-end id="2249" timestamp="2019-08-10T03:38:40.787" threadId="0000000001843888" success="true" from="nursery"/>
<exclusive-end id="2250" timestamp="2019-08-10T03:38:40.787" durationms="1.924" />

<exclusive-start id="2251" timestamp="2019-08-10T03:38:40.815" intervalms="29.875">
  <response-info timems="0.050" idlems="0.050" threads="0" lastid="0000000001842F00" lastname="main" />
</exclusive-start>
<af-start id="2252" threadId="0000000001843888" totalBytesRequested="1080" timestamp="2019-08-10T03:38:40.815" intervalms="29.891" type="nursery" />
<cycle-start id="2253" type="scavenge" contextid="0" timestamp="2019-08-10T03:38:40.815" intervalms="29.895" />
<gc-start id="2254" type="scavenge" contextid="2253" timestamp="2019-08-10T03:38:40.815">
  <mem-info id="2255" free="4188817440" total="4203675648" percent="99">
    <mem type="nursery" free="0" total="2228224" percent="0">
      <mem type="allocate" free="0" total="1769472" percent="0" />
      <mem type="survivor" free="0" total="458752" percent="0" />
    </mem>
    <mem type="tenure" free="4188817440" total="4201447424" percent="99">
      <mem type="soa" free="3978745888" total="3991375872" percent="99" />
      <mem type="loa" free="210071552" total="210071552" percent="100" />
    </mem>
    <remembered-set count="1143" />
  </mem-info>
</gc-start>
<allocation-stats totalBytes="1498040" >
  <allocated-bytes non-tlh="27280" tlh="1470760" />
  <largest-consumer threadName="main" threadId="0000000001842F00" bytes="1498040" />
</allocation-stats>
<gc-op id="2256" type="scavenge" timems="5.564" contextid="2253" timestamp="2019-08-10T03:38:40.821">
  <scavenger-info tenureage="3" tenuremask="ffe8" tiltratio="79" />
  <memory-copied type="nursery" objects="4475" bytes="182608" bytesdiscarded="43232" />
  <memory-copied type="tenure" objects="2342" bytes="90544" bytesdiscarded="592" />
  <finalization candidates="3" enqueued="0" />
  <references type="soft" candidates="208" cleared="0" enqueued="0" dynamicThreshold="31" maxThreshold="32" />
  <references type="weak" candidates="463" cleared="14" enqueued="14" />
  <references type="phantom" candidates="2" cleared="1" enqueued="1" />
</gc-op>
<gc-end id="2257" type="scavenge" contextid="2253" durationms="6.571" usertimems="6.442" systemtimems="0.000" timestamp="2019-08-10T03:38:40.822" activeThreads="16">
  <mem-info id="2258" free="4190272528" total="4203675648" percent="99">
    <mem type="nursery" free="1543408" total="2228224" percent="69">
      <mem type="allocate" free="1543408" total="1769472" percent="87" />
      <mem type="survivor" free="0" total="458752" percent="0" />
    </mem>
    <mem type="tenure" free="4188729120" total="4201447424" percent="99" macro-fragmented="0">
      <mem type="soa" free="3978657568" total="3991375872" percent="99" />
      <mem type="loa" free="210071552" total="210071552" percent="100" />
    </mem>
    <pending-finalizers system="0" default="0" reference="15" classloader="0" />
    <remembered-set count="756" />
  </mem-info>
</gc-end>
<cycle-end id="2259" type="scavenge" contextid="2253" timestamp="2019-08-10T03:38:40.822" />
  <attribute name="elasticGC enabled" value="1" />
  <attribute name= "numThreadsSpecified" value="16" />
  <attribute name="heapSize specified" value="8519680" />
  <attribute name="Current GC Util" value="10" />
  <attribute name= "Current Time Running" value="120961" />
  <attribute name ="GC Interval" value="200" />
  <attribute name="ProportionalT" value="-35.000000" />
  <attribute name="ProportionalI" value="-35.000000" />
  <attribute name="ProportionalH" value="-35.000000" />
  <attribute name="Current Error" value="-70.000000" />
  <attribute name="IntegralT" value="-1050.000000" />
  <attribute name="IntegralI" value="-1050.000000" />
  <attribute name="IntegralH" value="-1050.000000" />
  <attribute name="DerivativeT" value="-2.333333" />
  <attribute name="DerivativeI" value="-2.333333" />
  <attribute name="DerivativeH" value="-2.333333" />
  <attribute name="Loop Time for DT" value="30.000000" />
  <attribute name="Output H" value="4203675648"/>
  <attribute name="Output I" value="200"/>
  <attribute name="Output T" value="16"/>
  <attribute name="Target GC Util Change" value ="80.000000" />
  <attribute name="Current GC Util Change" value="10.000000"/>
  <attribute name="GC Util currently" value="10" />
  <attribute name="CPU Util currently" value="38537118925" />
<allocation-satisfied id="2260" threadId="0000000001842F00" bytesRequested="1080" />
<af-end id="2261" timestamp="2019-08-10T03:38:40.822" threadId="0000000001843888" success="true" from="nursery"/>
<exclusive-end id="2262" timestamp="2019-08-10T03:38:40.822" durationms="6.785" />

<exclusive-start id="2263" timestamp="2019-08-10T03:38:40.861" intervalms="45.623">
  <response-info timems="0.042" idlems="0.042" threads="0" lastid="0000000001842F00" lastname="main" />
</exclusive-start>
<af-start id="2264" threadId="0000000001843888" totalBytesRequested="520" timestamp="2019-08-10T03:38:40.861" intervalms="45.607" type="nursery" />
<cycle-start id="2265" type="scavenge" contextid="0" timestamp="2019-08-10T03:38:40.861" intervalms="45.602" />
<gc-start id="2266" type="scavenge" contextid="2265" timestamp="2019-08-10T03:38:40.861">
  <mem-info id="2267" free="4188682848" total="4203675648" percent="99">
    <mem type="nursery" free="0" total="2228224" percent="0">
      <mem type="allocate" free="0" total="1769472" percent="0" />
      <mem type="survivor" free="0" total="458752" percent="0" />
    </mem>
    <mem type="tenure" free="4188682848" total="4201447424" percent="99">
      <mem type="soa" free="3978611296" total="3991375872" percent="99" />
      <mem type="loa" free="210071552" total="210071552" percent="100" />
    </mem>
    <remembered-set count="1179" />
  </mem-info>
</gc-start>
<allocation-stats totalBytes="1586072" >
  <allocated-bytes non-tlh="47352" tlh="1538720" />
  <largest-consumer threadName="main" threadId="0000000001842F00" bytes="1581976" />
</allocation-stats>
<gc-op id="2268" type="scavenge" timems="2.264" contextid="2265" timestamp="2019-08-10T03:38:40.863">
  <scavenger-info tenureage="3" tenuremask="ffe8" tiltratio="79" />
  <memory-copied type="nursery" objects="3004" bytes="128096" bytesdiscarded="16552" />
  <memory-copied type="tenure" objects="2406" bytes="87152" bytesdiscarded="1272" />
  <finalization candidates="3" enqueued="0" />
  <references type="soft" candidates="57" cleared="0" enqueued="0" dynamicThreshold="31" maxThreshold="32" />
  <references type="weak" candidates="674" cleared="1" enqueued="1" />
  <references type="phantom" candidates="1" cleared="0" enqueued="0" />
</gc-op>
<gc-end id="2269" type="scavenge" contextid="2265" durationms="2.608" usertimems="4.791" systemtimems="0.000" timestamp="2019-08-10T03:38:40.863" activeThreads="16">
  <mem-info id="2270" free="4190283736" total="4203675648" percent="99">
    <mem type="nursery" free="1690104" total="2228224" percent="75">
      <mem type="allocate" free="1690104" total="1835008" percent="92" />
      <mem type="survivor" free="0" total="393216" percent="0" />
    </mem>
    <mem type="tenure" free="4188593632" total="4201447424" percent="99" macro-fragmented="124752">
      <mem type="soa" free="3978522080" total="3991375872" percent="99" />
      <mem type="loa" free="210071552" total="210071552" percent="100" />
    </mem>
    <pending-finalizers system="0" default="0" reference="1" classloader="0" />
    <remembered-set count="873" />
  </mem-info>
</gc-end>
<cycle-end id="2271" type="scavenge" contextid="2265" timestamp="2019-08-10T03:38:40.863" />
  <attribute name="elasticGC enabled" value="1" />
  <attribute name= "numThreadsSpecified" value="16" />
  <attribute name="heapSize specified" value="8519680" />
  <attribute name="Current GC Util" value="13" />
  <attribute name= "Current Time Running" value="121007" />
  <attribute name ="GC Interval" value="200" />
  <attribute name="ProportionalT" value="-33.500000" />
  <attribute name="ProportionalI" value="-33.500000" />
  <attribute name="ProportionalH" value="-33.500000" />
  <attribute name="Current Error" value="-67.000000" />
  <attribute name="IntegralT" value="-1541.000000" />
  <attribute name="IntegralI" value="-1541.000000" />
  <attribute name="IntegralH" value="-1541.000000" />
  <attribute name="DerivativeT" value="-1.456522" />
  <attribute name="DerivativeI" value="-1.456522" />
  <attribute name="DerivativeH" value="-1.456522" />
  <attribute name="Loop Time for DT" value="46.000000" />
  <attribute name="Output H" value="4203675648"/>
  <attribute name="Output I" value="200"/>
  <attribute name="Output T" value="16"/>
  <attribute name="Target GC Util Change" value ="80.000000" />
  <attribute name="Current GC Util Change" value="13.000000"/>
  <attribute name="GC Util currently" value="13" />
  <attribute name="CPU Util currently" value="25291353524" />
<allocation-satisfied id="2272" threadId="0000000001842F00" bytesRequested="520" />
<af-end id="2273" timestamp="2019-08-10T03:38:40.863" threadId="0000000001843888" success="true" from="nursery"/>
<exclusive-end id="2274" timestamp="2019-08-10T03:38:40.863" durationms="2.794" />

<exclusive-start id="2275" timestamp="2019-08-10T03:38:40.917" intervalms="56.418">
  <response-info timems="0.040" idlems="0.040" threads="0" lastid="0000000001842F00" lastname="main" />
</exclusive-start>
<af-start id="2276" threadId="0000000001843888" totalBytesRequested="128" timestamp="2019-08-10T03:38:40.917" intervalms="56.432" type="nursery" />
<cycle-start id="2277" type="scavenge" contextid="0" timestamp="2019-08-10T03:38:40.917" intervalms="56.439" />
<gc-start id="2278" type="scavenge" contextid="2277" timestamp="2019-08-10T03:38:40.917">
  <mem-info id="2279" free="4188536224" total="4203675648" percent="99">
    <mem type="nursery" free="0" total="2228224" percent="0">
      <mem type="allocate" free="0" total="1835008" percent="0" />
      <mem type="survivor" free="0" total="393216" percent="0" />
    </mem>
    <mem type="tenure" free="4188536224" total="4201447424" percent="99">
      <mem type="soa" free="3978464672" total="3991375872" percent="99" />
      <mem type="loa" free="210071552" total="210071552" percent="100" />
    </mem>
    <remembered-set count="1590" />
  </mem-info>
</gc-start>
<allocation-stats totalBytes="1744488" >
  <allocated-bytes non-tlh="57928" tlh="1686560" />
  <largest-consumer threadName="main" threadId="0000000001842F00" bytes="1744488" />
</allocation-stats>
<gc-op id="2280" type="scavenge" timems="3.621" contextid="2277" timestamp="2019-08-10T03:38:40.921">
  <scavenger-info tenureage="5" tenuremask="ffe0" tiltratio="82" />
  <memory-copied type="nursery" objects="7700" bytes="299376" bytesdiscarded="92480" />
  <finalization candidates="3" enqueued="0" />
  <ownableSynchronizers candidates="1" cleared="0" />
  <references type="soft" candidates="277" cleared="0" enqueued="0" dynamicThreshold="31" maxThreshold="32" />
  <references type="weak" candidates="1187" cleared="7" enqueued="7" />
  <references type="phantom" candidates="1" cleared="0" enqueued="0" />
</gc-op>
<gc-end id="2281" type="scavenge" contextid="2277" durationms="3.981" usertimems="7.095" systemtimems="0.000" timestamp="2019-08-10T03:38:40.921" activeThreads="16">
  <mem-info id="2282" free="4189781408" total="4203675648" percent="99">
    <mem type="nursery" free="1245184" total="2228224" percent="55">
      <mem type="allocate" free="1245184" total="1638400" percent="76" />
      <mem type="survivor" free="0" total="589824" percent="0" />
    </mem>
    <mem type="tenure" free="4188536224" total="4201447424" percent="99" macro-fragmented="0">
      <mem type="soa" free="3978464672" total="3991375872" percent="99" />
      <mem type="loa" free="210071552" total="210071552" percent="100" />
    </mem>
    <pending-finalizers system="0" default="0" reference="7" classloader="0" />
    <remembered-set count="1360" />
  </mem-info>
</gc-end>
<cycle-end id="2283" type="scavenge" contextid="2277" timestamp="2019-08-10T03:38:40.921" />
  <attribute name="elasticGC enabled" value="1" />
  <attribute name= "numThreadsSpecified" value="16" />
  <attribute name="heapSize specified" value="8519680" />
  <attribute name="Current GC Util" value="7" />
  <attribute name= "Current Time Running" value="121063" />
  <attribute name ="GC Interval" value="200" />
  <attribute name="ProportionalT" value="-36.500000" />
  <attribute name="ProportionalI" value="-36.500000" />
  <attribute name="ProportionalH" value="-36.500000" />
  <attribute name="Current Error" value="-73.000000" />
  <attribute name="IntegralT" value="-2044.000000" />
  <attribute name="IntegralI" value="-2044.000000" />
  <attribute name="IntegralH" value="-2044.000000" />
  <attribute name="DerivativeT" value="-1.303571" />
  <attribute name="DerivativeI" value="-1.303571" />
  <attribute name="DerivativeH" value="-1.303571" />
  <attribute name="Loop Time for DT" value="56.000000" />
  <attribute name="Output H" value="4203675648"/>
  <attribute name="Output I" value="200"/>
  <attribute name="Output T" value="16"/>
  <attribute name="Target GC Util Change" value ="80.000000" />
  <attribute name="Current GC Util Change" value="7.000000"/>
  <attribute name="GC Util currently" value="7" />
  <attribute name="CPU Util currently" value="20417431918" />
<allocation-satisfied id="2284" threadId="0000000001842F00" bytesRequested="128" />
<af-end id="2285" timestamp="2019-08-10T03:38:40.921" threadId="0000000001843888" success="true" from="nursery"/>
<exclusive-end id="2286" timestamp="2019-08-10T03:38:40.921" durationms="4.198" />

<exclusive-start id="2287" timestamp="2019-08-10T03:38:40.970" intervalms="53.081">
  <response-info timems="0.025" idlems="0.025" threads="0" lastid="0000000001842F00" lastname="main" />
</exclusive-start>
<af-start id="2288" threadId="0000000001843888" totalBytesRequested="262152" timestamp="2019-08-10T03:38:40.971" intervalms="54.369" type="nursery" />
<cycle-start id="2289" type="scavenge" contextid="0" timestamp="2019-08-10T03:38:40.971" intervalms="54.365" />
<gc-start id="2290" type="scavenge" contextid="2289" timestamp="2019-08-10T03:38:40.971">
  <mem-info id="2291" free="4188538600" total="4203675648" percent="99">
    <mem type="nursery" free="36736" total="2228224" percent="1">
      <mem type="allocate" free="36736" total="1638400" percent="2" />
      <mem type="survivor" free="0" total="589824" percent="0" />
    </mem>
    <mem type="tenure" free="4188501864" total="4201447424" percent="99">
      <mem type="soa" free="3978430312" total="3991375872" percent="99" />
      <mem type="loa" free="210071552" total="210071552" percent="100" />
    </mem>
    <remembered-set count="1950" />
  </mem-info>
</gc-start>
<allocation-stats totalBytes="1232184" >
  <allocated-bytes non-tlh="34488" tlh="1197696" />
  <largest-consumer threadName="main" threadId="0000000001842F00" bytes="1166184" />
</allocation-stats>
<gc-op id="2292" type="scavenge" timems="2.773" contextid="2289" timestamp="2019-08-10T03:38:40.974">
  <scavenger-info tenureage="5" tenuremask="ffe0" tiltratio="73" />
  <memory-copied type="nursery" objects="10595" bytes="442448" bytesdiscarded="53032" />
  <finalization candidates="18" enqueued="0" />
  <ownableSynchronizers candidates="4" cleared="0" />
  <references type="soft" candidates="307" cleared="0" enqueued="0" dynamicThreshold="31" maxThreshold="32" />
  <references type="weak" candidates="2165" cleared="425" enqueued="283" />
  <references type="phantom" candidates="5" cleared="1" enqueued="1" />
</gc-op>
<gc-end id="2293" type="scavenge" contextid="2289" durationms="3.121" usertimems="5.364" systemtimems="0.000" timestamp="2019-08-10T03:38:40.975" activeThreads="16">
  <mem-info id="2294" free="4189512792" total="4203675648" percent="99">
    <mem type="nursery" free="1010928" total="2228224" percent="45">
      <mem type="allocate" free="1010928" total="1507328" percent="67" />
      <mem type="survivor" free="0" total="720896" percent="0" />
    </mem>
    <mem type="tenure" free="4188501864" total="4201447424" percent="99" macro-fragmented="0">
      <mem type="soa" free="3978430312" total="3991375872" percent="99" />
      <mem type="loa" free="210071552" total="210071552" percent="100" />
    </mem>
    <pending-finalizers system="0" default="0" reference="284" classloader="0" />
    <remembered-set count="1541" />
  </mem-info>
</gc-end>
<cycle-end id="2295" type="scavenge" contextid="2289" timestamp="2019-08-10T03:38:40.975" />
  <attribute name="elasticGC enabled" value="1" />
  <attribute name= "numThreadsSpecified" value="16" />
  <attribute name="heapSize specified" value="8519680" />
  <attribute name="Current GC Util" value="13" />
  <attribute name= "Current Time Running" value="121118" />
  <attribute name ="GC Interval" value="200" />
  <attribute name="ProportionalT" value="-33.500000" />
  <attribute name="ProportionalI" value="-33.500000" />
  <attribute name="ProportionalH" value="-33.500000" />
  <attribute name="Current Error" value="-67.000000" />
  <attribute name="IntegralT" value="-1842.500000" />
  <attribute name="IntegralI" value="-1842.500000" />
  <attribute name="IntegralH" value="-1842.500000" />
  <attribute name="DerivativeT" value="-1.218182" />
  <attribute name="DerivativeI" value="-1.218182" />
  <attribute name="DerivativeH" value="-1.218182" />
  <attribute name="Loop Time for DT" value="55.000000" />
  <attribute name="Output H" value="4203675648"/>
  <attribute name="Output I" value="200"/>
  <attribute name="Output T" value="16"/>
  <attribute name="Target GC Util Change" value ="80.000000" />
  <attribute name="Current GC Util Change" value="13.000000"/>
  <attribute name="GC Util currently" value="13" />
  <attribute name="CPU Util currently" value="21212495712" />
<allocation-satisfied id="2296" threadId="0000000001842F00" bytesRequested="262152" />
<af-end id="2297" timestamp="2019-08-10T03:38:40.975" threadId="0000000001843888" success="true" from="nursery"/>
<exclusive-end id="2298" timestamp="2019-08-10T03:38:40.975" durationms="4.721" />

<exclusive-start id="2299" timestamp="2019-08-10T03:38:40.991" intervalms="21.369">
  <response-info timems="0.038" idlems="0.038" threads="0" lastid="0000000001842F00" lastname="main" />
</exclusive-start>
<af-start id="2300" threadId="0000000001843888" totalBytesRequested="200008" timestamp="2019-08-10T03:38:40.991" intervalms="20.069" type="nursery" />
<cycle-start id="2301" type="scavenge" contextid="0" timestamp="2019-08-10T03:38:40.991" intervalms="20.066" />
<gc-start id="2302" type="scavenge" contextid="2301" timestamp="2019-08-10T03:38:40.992">
  <mem-info id="2303" free="4188587712" total="4203675648" percent="99">
    <mem type="nursery" free="93424" total="2228224" percent="4">
      <mem type="allocate" free="93424" total="1507328" percent="6" />
      <mem type="survivor" free="0" total="720896" percent="0" />
    </mem>
    <mem type="tenure" free="4188494288" total="4201447424" percent="99">
      <mem type="soa" free="3978422736" total="3991375872" percent="99" />
      <mem type="loa" free="210071552" total="210071552" percent="100" />
    </mem>
    <remembered-set count="1679" />
  </mem-info>
</gc-start>
<allocation-stats totalBytes="922240" >
  <allocated-bytes non-tlh="319384" tlh="602856" />
  <largest-consumer threadName="main" threadId="0000000001842F00" bytes="910408" />
</allocation-stats>
<gc-op id="2304" type="scavenge" timems="2.205" contextid="2301" timestamp="2019-08-10T03:38:40.994">
  <scavenger-info tenureage="2" tenuremask="fffc" tiltratio="67" />
  <memory-copied type="nursery" objects="3968" bytes="493592" bytesdiscarded="65816" />
  <memory-copied type="tenure" objects="7645" bytes="298136" bytesdiscarded="328" />
  <finalization candidates="18" enqueued="0" />
  <ownableSynchronizers candidates="4" cleared="0" />
  <references type="soft" candidates="118" cleared="0" enqueued="0" dynamicThreshold="31" maxThreshold="32" />
  <references type="weak" candidates="602" cleared="12" enqueued="9" />
  <references type="phantom" candidates="6" cleared="1" enqueued="1" />
</gc-op>
<gc-end id="2305" type="scavenge" contextid="2301" durationms="2.578" usertimems="5.259" systemtimems="0.000" timestamp="2019-08-10T03:38:40.994" activeThreads="16">
  <mem-info id="2306" free="4189137312" total="4203675648" percent="99">
    <mem type="nursery" free="947672" total="2228224" percent="42">
      <mem type="allocate" free="947672" total="1507328" percent="62" />
      <mem type="survivor" free="0" total="720896" percent="0" />
    </mem>
    <mem type="tenure" free="4188189640" total="4201447424" percent="99" macro-fragmented="0">
      <mem type="soa" free="3978118088" total="3991375872" percent="99" />
      <mem type="loa" free="210071552" total="210071552" percent="100" />
    </mem>
    <pending-finalizers system="0" default="0" reference="10" classloader="0" />
    <remembered-set count="826" />
  </mem-info>
</gc-end>
<cycle-end id="2307" type="scavenge" contextid="2301" timestamp="2019-08-10T03:38:40.994" />
  <attribute name="elasticGC enabled" value="1" />
  <attribute name= "numThreadsSpecified" value="16" />
  <attribute name="heapSize specified" value="8519680" />
  <attribute name="Current GC Util" value="28" />
  <attribute name= "Current Time Running" value="121138" />
  <attribute name ="GC Interval" value="200" />
  <attribute name="ProportionalT" value="-26.000000" />
  <attribute name="ProportionalI" value="-26.000000" />
  <attribute name="ProportionalH" value="-26.000000" />
  <attribute name="Current Error" value="-52.000000" />
  <attribute name="IntegralT" value="-520.000000" />
  <attribute name="IntegralI" value="-520.000000" />
  <attribute name="IntegralH" value="-520.000000" />
  <attribute name="DerivativeT" value="-2.600000" />
  <attribute name="DerivativeI" value="-2.600000" />
  <attribute name="DerivativeH" value="-2.600000" />
  <attribute name="Loop Time for DT" value="20.000000" />
  <attribute name="Output H" value="4203675648"/>
  <attribute name="Output I" value="200"/>
  <attribute name="Output T" value="16"/>
  <attribute name="Target GC Util Change" value ="80.000000" />
  <attribute name="Current GC Util Change" value="28.000000"/>
  <attribute name="GC Util currently" value="28" />
  <attribute name="CPU Util currently" value="57512949732" />
<allocation-satisfied id="2308" threadId="0000000001842F00" bytesRequested="200008" />
<af-end id="2309" timestamp="2019-08-10T03:38:40.994" threadId="0000000001843888" success="true" from="nursery"/>
<exclusive-end id="2310" timestamp="2019-08-10T03:38:40.994" durationms="2.794" />

<exclusive-start id="2311" timestamp="2019-08-10T03:38:41.005" intervalms="13.232">
  <response-info timems="0.015" idlems="0.015" threads="0" lastid="0000000001842F00" lastname="main" />
</exclusive-start>
<af-start id="2312" threadId="0000000001843888" totalBytesRequested="131080" timestamp="2019-08-10T03:38:41.005" intervalms="13.232" type="nursery" />
<cycle-start id="2313" type="scavenge" contextid="0" timestamp="2019-08-10T03:38:41.005" intervalms="13.233" />
<gc-start id="2314" type="scavenge" contextid="2313" timestamp="2019-08-10T03:38:41.005">
  <mem-info id="2315" free="4188295832" total="4203675648" percent="99">
    <mem type="nursery" free="114016" total="2228224" percent="5">
      <mem type="allocate" free="114016" total="1507328" percent="7" />
      <mem type="survivor" free="0" total="720896" percent="0" />
    </mem>
    <mem type="tenure" free="4188181816" total="4201447424" percent="99">
      <mem type="soa" free="3978110264" total="3991375872" percent="99" />
      <mem type="loa" free="210071552" total="210071552" percent="100" />
    </mem>
    <remembered-set count="913" />
  </mem-info>
</gc-start>
<allocation-stats totalBytes="814832" >
  <allocated-bytes non-tlh="255752" tlh="559080" />
  <largest-consumer threadName="main" threadId="0000000001842F00" bytes="806640" />
</allocation-stats>
<gc-op id="2316" type="scavenge" timems="2.147" contextid="2313" timestamp="2019-08-10T03:38:41.007">
  <scavenger-info tenureage="13" tenuremask="6000" tiltratio="67" />
  <memory-copied type="nursery" objects="3192" bytes="699152" bytesdiscarded="21552" />
  <memory-copied type="tenure" objects="832" bytes="28328" bytesdiscarded="0" />
  <copy-failed type="nursery" objects="832" bytes="28360" />
  <finalization candidates="15" enqueued="0" />
  <ownableSynchronizers candidates="3" cleared="0" />
  <references type="soft" candidates="118" cleared="0" enqueued="0" dynamicThreshold="31" maxThreshold="32" />
  <references type="weak" candidates="455" cleared="0" enqueued="0" />
  <references type="phantom" candidates="5" cleared="0" enqueued="0" />
</gc-op>
<gc-end id="2317" type="scavenge" contextid="2313" durationms="2.561" usertimems="4.620" systemtimems="0.000" timestamp="2019-08-10T03:38:41.007" activeThreads="16">
  <mem-info id="2318" free="4188558904" total="4203675648" percent="99">
    <mem type="nursery" free="393216" total="2228224" percent="17">
      <mem type="allocate" free="393216" total="1114112" percent="35" />
      <mem type="survivor" free="0" total="1114112" percent="0" />
    </mem>
    <mem type="tenure" free="4188165688" total="4201447424" percent="99" macro-fragmented="290741">
      <mem type="soa" free="3978094136" total="3991375872" percent="99" />
      <mem type="loa" free="210071552" total="210071552" percent="100" />
    </mem>
    <remembered-set count="908" />
  </mem-info>
</gc-end>
<cycle-end id="2319" type="scavenge" contextid="2313" timestamp="2019-08-10T03:38:41.007" />
  <attribute name="elasticGC enabled" value="1" />
  <attribute name= "numThreadsSpecified" value="16" />
  <attribute name="heapSize specified" value="8519680" />
  <attribute name="Current GC Util" value="40" />
  <attribute name= "Current Time Running" value="121151" />
  <attribute name ="GC Interval" value="200" />
  <attribute name="ProportionalT" value="-20.000000" />
  <attribute name="ProportionalI" value="-20.000000" />
  <attribute name="ProportionalH" value="-20.000000" />
  <attribute name="Current Error" value="-40.000000" />
  <attribute name="IntegralT" value="-260.000000" />
  <attribute name="IntegralI" value="-260.000000" />
  <attribute name="IntegralH" value="-260.000000" />
  <attribute name="DerivativeT" value="-3.076923" />
  <attribute name="DerivativeI" value="-3.076923" />
  <attribute name="DerivativeH" value="-3.076923" />
  <attribute name="Loop Time for DT" value="13.000000" />
  <attribute name="Output H" value="4203675648"/>
  <attribute name="Output I" value="200"/>
  <attribute name="Output T" value="16"/>
  <attribute name="Target GC Util Change" value ="80.000000" />
  <attribute name="Current GC Util Change" value="40.000000"/>
  <attribute name="GC Util currently" value="40" />
  <attribute name="CPU Util currently" value="86385426532" />
<allocation-satisfied id="2320" threadId="0000000001842F00" bytesRequested="131080" />
<af-end id="2321" timestamp="2019-08-10T03:38:41.007" threadId="0000000001843888" success="true" from="nursery"/>
<exclusive-end id="2322" timestamp="2019-08-10T03:38:41.007" durationms="2.745" />

<exclusive-start id="2323" timestamp="2019-08-10T03:38:41.015" intervalms="10.791">
  <response-info timems="0.047" idlems="0.047" threads="0" lastid="0000000001842F00" lastname="main" />
</exclusive-start>
<af-start id="2324" threadId="0000000001843888" totalBytesRequested="6896" timestamp="2019-08-10T03:38:41.015" intervalms="10.793" type="nursery" />
<cycle-start id="2325" type="scavenge" contextid="0" timestamp="2019-08-10T03:38:41.016" intervalms="10.792" />
<gc-start id="2326" type="scavenge" contextid="2325" timestamp="2019-08-10T03:38:41.016">
  <mem-info id="2327" free="4188158952" total="4203675648" percent="99">
    <mem type="nursery" free="0" total="2228224" percent="0">
      <mem type="allocate" free="0" total="1114112" percent="0" />
      <mem type="survivor" free="0" total="1114112" percent="0" />
    </mem>
    <mem type="tenure" free="4188158952" total="4201447424" percent="99">
      <mem type="soa" free="3978087400" total="3991375872" percent="99" />
      <mem type="loa" free="210071552" total="210071552" percent="100" />
    </mem>
    <remembered-set count="1059" />
  </mem-info>
</gc-start>
<allocation-stats totalBytes="394544" >
  <allocated-bytes non-tlh="268896" tlh="125648" />
  <largest-consumer threadName="main" threadId="0000000001842F00" bytes="394544" />
</allocation-stats>
<gc-op id="2328" type="scavenge" timems="3.194" contextid="2325" timestamp="2019-08-10T03:38:41.019">
  <scavenger-info tenureage="3" tenuremask="7008" tiltratio="50" />
  <memory-copied type="nursery" objects="1112" bytes="867784" bytesdiscarded="104816" />
  <memory-copied type="tenure" objects="2373" bytes="124384" bytesdiscarded="720" />
  <finalization candidates="15" enqueued="0" />
  <ownableSynchronizers candidates="3" cleared="0" />
  <references type="soft" candidates="88" cleared="0" enqueued="0" dynamicThreshold="31" maxThreshold="32" />
  <references type="weak" candidates="32" cleared="0" enqueued="0" />
  <references type="phantom" candidates="4" cleared="0" enqueued="0" />
</gc-op>
<gc-end id="2329" type="scavenge" contextid="2325" durationms="3.644" usertimems="9.176" systemtimems="0.000" timestamp="2019-08-10T03:38:41.019" activeThreads="16">
  <mem-info id="2330" free="4188133464" total="4203675648" percent="99">
    <mem type="nursery" free="141440" total="2228224" percent="6">
      <mem type="allocate" free="141440" total="1114112" percent="12" />
      <mem type="survivor" free="0" total="1114112" percent="0" />
    </mem>
    <mem type="tenure" free="4187992024" total="4201447424" percent="99" macro-fragmented="3110739">
      <mem type="soa" free="3977920472" total="3991375872" percent="99" />
      <mem type="loa" free="210071552" total="210071552" percent="100" />
    </mem>
    <remembered-set count="469" />
  </mem-info>
</gc-end>
<cycle-end id="2331" type="scavenge" contextid="2325" timestamp="2019-08-10T03:38:41.019" />
  <attribute name="elasticGC enabled" value="1" />
  <attribute name= "numThreadsSpecified" value="16" />
  <attribute name="heapSize specified" value="8519680" />
  <attribute name="Current GC Util" value="44" />
  <attribute name= "Current Time Running" value="121162" />
  <attribute name ="GC Interval" value="200" />
  <attribute name="ProportionalT" value="-18.000000" />
  <attribute name="ProportionalI" value="-18.000000" />
  <attribute name="ProportionalH" value="-18.000000" />
  <attribute name="Current Error" value="-36.000000" />
  <attribute name="IntegralT" value="-198.000000" />
  <attribute name="IntegralI" value="-198.000000" />
  <attribute name="IntegralH" value="-198.000000" />
  <attribute name="DerivativeT" value="-3.272727" />
  <attribute name="DerivativeI" value="-3.272727" />
  <attribute name="DerivativeH" value="-3.272727" />
  <attribute name="Loop Time for DT" value="11.000000" />
  <attribute name="Output H" value="4203675648"/>
  <attribute name="Output I" value="200"/>
  <attribute name="Output T" value="16"/>
  <attribute name="Target GC Util Change" value ="80.000000" />
  <attribute name="Current GC Util Change" value="44.000000"/>
  <attribute name="GC Util currently" value="44" />
  <attribute name="CPU Util currently" value="107872142955" />
<allocation-satisfied id="2332" threadId="0000000001842F00" bytesRequested="6896" />
<af-end id="2333" timestamp="2019-08-10T03:38:41.019" threadId="0000000001843888" success="true" from="nursery"/>
<exclusive-end id="2334" timestamp="2019-08-10T03:38:41.019" durationms="3.863" />

<exclusive-start id="2335" timestamp="2019-08-10T03:38:41.020" intervalms="4.850">
  <response-info timems="0.018" idlems="0.018" threads="0" lastid="0000000001842F00" lastname="main" />
</exclusive-start>
<af-start id="2336" threadId="0000000001843888" totalBytesRequested="64520" timestamp="2019-08-10T03:38:41.020" intervalms="4.842" type="nursery" />
<cycle-start id="2337" type="scavenge" contextid="0" timestamp="2019-08-10T03:38:41.020" intervalms="4.843" />
<gc-start id="2338" type="scavenge" contextid="2337" timestamp="2019-08-10T03:38:41.020">
  <mem-info id="2339" free="4188025000" total="4203675648" percent="99">
    <mem type="nursery" free="33160" total="2228224" percent="1">
      <mem type="allocate" free="33160" total="1114112" percent="2" />
      <mem type="survivor" free="0" total="1114112" percent="0" />
    </mem>
    <mem type="tenure" free="4187991840" total="4201447424" percent="99">
      <mem type="soa" free="3977920288" total="3991375872" percent="99" />
      <mem type="loa" free="210071552" total="210071552" percent="100" />
    </mem>
    <remembered-set count="473" />
  </mem-info>
</gc-start>
<allocation-stats totalBytes="103072" >
  <allocated-bytes non-tlh="38832" tlh="64240" />
  <largest-consumer threadName="main" threadId="0000000001842F00" bytes="103072" />
</allocation-stats>
<gc-op id="2340" type="scavenge" timems="1.918" contextid="2337" timestamp="2019-08-10T03:38:41.022">
  <scavenger-info tenureage="2" tenuremask="780c" tiltratio="50" />
  <memory-copied type="nursery" objects="312" bytes="326040" bytesdiscarded="47744" />
  <memory-copied type="tenure" objects="811" bytes="574400" bytesdiscarded="648" />
  <references type="weak" candidates="2" cleared="1" enqueued="1" />
  <references type="phantom" candidates="1" cleared="0" enqueued="0" />
</gc-op>
<gc-end id="2341" type="scavenge" contextid="2337" durationms="2.378" usertimems="4.306" systemtimems="0.000" timestamp="2019-08-10T03:38:41.023" activeThreads="16">
  <mem-info id="2342" free="4188140176" total="4203675648" percent="99">
    <mem type="nursery" free="740328" total="2228224" percent="33">
      <mem type="allocate" free="740328" total="1114112" percent="66" />
      <mem type="survivor" free="0" total="1114112" percent="0" />
    </mem>
    <mem type="tenure" free="4187399848" total="4201447424" percent="99" macro-fragmented="0">
      <mem type="soa" free="3977328296" total="3991375872" percent="99" />
      <mem type="loa" free="210071552" total="210071552" percent="100" />
    </mem>
    <pending-finalizers system="0" default="0" reference="1" classloader="0" />
    <remembered-set count="265" />
  </mem-info>
</gc-end>
<cycle-end id="2343" type="scavenge" contextid="2337" timestamp="2019-08-10T03:38:41.023" />
  <attribute name="elasticGC enabled" value="1" />
  <attribute name= "numThreadsSpecified" value="16" />
  <attribute name="heapSize specified" value="8519680" />
  <attribute name="Current GC Util" value="164" />
  <attribute name= "Current Time Running" value="121167" />
  <attribute name ="GC Interval" value="272" />
  <attribute name="ProportionalT" value="42.000000" />
  <attribute name="ProportionalI" value="42.000000" />
  <attribute name="ProportionalH" value="42.000000" />
  <attribute name="Current Error" value="84.000000" />
  <attribute name="IntegralT" value="210.000000" />
  <attribute name="IntegralI" value="210.000000" />
  <attribute name="IntegralH" value="210.000000" />
  <attribute name="DerivativeT" value="16.800000" />
  <attribute name="DerivativeI" value="16.800000" />
  <attribute name="DerivativeH" value="16.800000" />
  <attribute name="Loop Time for DT" value="5.000000" />
  <attribute name="Output H" value="8388608"/>
  <attribute name="Output I" value="272"/>
  <attribute name="Output T" value="16"/>
  <attribute name="Target GC Util Change" value ="80.000000" />
  <attribute name="Current GC Util Change" value="164.000000"/>
  <attribute name="GC Util currently" value="164" />
  <attribute name="CPU Util currently" value="238188712581" />
<allocation-satisfied id="2344" threadId="0000000001842F00" bytesRequested="64520" />
<af-end id="2345" timestamp="2019-08-10T03:38:41.023" threadId="0000000001843888" success="true" from="nursery"/>
<exclusive-end id="2346" timestamp="2019-08-10T03:38:41.023" durationms="2.625" />

<exclusive-start id="2347" timestamp="2019-08-10T03:38:41.029" intervalms="8.311">
  <response-info timems="0.031" idlems="0.031" threads="0" lastid="0000000001842F00" lastname="main" />
</exclusive-start>
<af-start id="2348" threadId="0000000001843888" totalBytesRequested="10816" timestamp="2019-08-10T03:38:41.029" intervalms="8.319" type="nursery" />
<cycle-start id="2349" type="scavenge" contextid="0" timestamp="2019-08-10T03:38:41.029" intervalms="8.318" />
<gc-start id="2350" type="scavenge" contextid="2349" timestamp="2019-08-10T03:38:41.029">
  <mem-info id="2351" free="4187399512" total="4203675648" percent="99">
    <mem type="nursery" free="0" total="2228224" percent="0">
      <mem type="allocate" free="0" total="1114112" percent="0" />
      <mem type="survivor" free="0" total="1114112" percent="0" />
    </mem>
    <mem type="tenure" free="4187399512" total="4201447424" percent="99">
      <mem type="soa" free="3977327960" total="3991375872" percent="99" />
      <mem type="loa" free="210071552" total="210071552" percent="100" />
    </mem>
    <remembered-set count="271" />
  </mem-info>
</gc-start>
<allocation-stats totalBytes="731488" >
  <allocated-bytes non-tlh="718208" tlh="13280" />
  <largest-consumer threadName="main" threadId="0000000001842F00" bytes="731488" />
</allocation-stats>
<gc-op id="2352" type="scavenge" timems="1.736" contextid="2349" timestamp="2019-08-10T03:38:41.030">
  <scavenger-info tenureage="11" tenuremask="7800" tiltratio="50" />
  <memory-copied type="nursery" objects="305" bytes="285880" bytesdiscarded="24664" />
</gc-op>
<gc-end id="2353" type="scavenge" contextid="2349" durationms="2.106" usertimems="3.143" systemtimems="0.000" timestamp="2019-08-10T03:38:41.031" activeThreads="16">
  <mem-info id="2354" free="4188268616" total="4203675648" percent="99">
    <mem type="nursery" free="869104" total="2228224" percent="39">
      <mem type="allocate" free="869104" total="1179648" percent="73" />
      <mem type="survivor" free="0" total="1048576" percent="0" />
    </mem>
    <mem type="tenure" free="4187399512" total="4201447424" percent="99" macro-fragmented="2592282">
      <mem type="soa" free="3977327960" total="3991375872" percent="99" />
      <mem type="loa" free="210071552" total="210071552" percent="100" />
    </mem>
    <remembered-set count="119" />
  </mem-info>
</gc-end>
<cycle-end id="2355" type="scavenge" contextid="2349" timestamp="2019-08-10T03:38:41.031" />
  <attribute name="elasticGC enabled" value="1" />
  <attribute name= "numThreadsSpecified" value="16" />
  <attribute name="heapSize specified" value="8519680" />
  <attribute name="Current GC Util" value="53" />
  <attribute name= "Current Time Running" value="121175" />
  <attribute name ="GC Interval" value="200" />
  <attribute name="ProportionalT" value="-13.500000" />
  <attribute name="ProportionalI" value="-13.500000" />
  <attribute name="ProportionalH" value="-13.500000" />
  <attribute name="Current Error" value="-27.000000" />
  <attribute name="IntegralT" value="-108.000000" />
  <attribute name="IntegralI" value="-108.000000" />
  <attribute name="IntegralH" value="-108.000000" />
  <attribute name="DerivativeT" value="-13.875000" />
  <attribute name="DerivativeI" value="-13.875000" />
  <attribute name="DerivativeH" value="-13.875000" />
  <attribute name="Loop Time for DT" value="8.000000" />
  <attribute name="Output H" value="4203675648"/>
  <attribute name="Output I" value="200"/>
  <attribute name="Output T" value="16"/>
  <attribute name="Target GC Util Change" value ="80.000000" />
  <attribute name="Current GC Util Change" value="53.000000"/>
  <attribute name="GC Util currently" value="53" />
  <attribute name="CPU Util currently" value="138183488361" />
<allocation-satisfied id="2356" threadId="0000000001842F00" bytesRequested="10816" />
<af-end id="2357" timestamp="2019-08-10T03:38:41.031" threadId="0000000001843888" success="true" from="nursery"/>
<exclusive-end id="2358" timestamp="2019-08-10T03:38:41.031" durationms="2.340" />

<exclusive-start id="2359" timestamp="2019-08-10T03:38:41.059" intervalms="30.748">
  <response-info timems="0.026" idlems="0.026" threads="0" lastid="0000000001842F00" lastname="main" />
</exclusive-start>
<af-start id="2360" threadId="0000000001843888" totalBytesRequested="5568" timestamp="2019-08-10T03:38:41.059" intervalms="30.752" type="nursery" />
<cycle-start id="2361" type="scavenge" contextid="0" timestamp="2019-08-10T03:38:41.059" intervalms="30.754" />
<gc-start id="2362" type="scavenge" contextid="2361" timestamp="2019-08-10T03:38:41.059">
  <mem-info id="2363" free="4187385344" total="4203675648" percent="99">
    <mem type="nursery" free="0" total="2228224" percent="0">
      <mem type="allocate" free="0" total="1179648" percent="0" />
      <mem type="survivor" free="0" total="1048576" percent="0" />
    </mem>
    <mem type="tenure" free="4187385344" total="4201447424" percent="99">
      <mem type="soa" free="3977313792" total="3991375872" percent="99" />
      <mem type="loa" free="210071552" total="210071552" percent="100" />
    </mem>
    <remembered-set count="383" />
  </mem-info>
</gc-start>
<allocation-stats totalBytes="852920" >
  <allocated-bytes non-tlh="24984" tlh="827936" />
  <largest-consumer threadName="main" threadId="0000000001842F00" bytes="852920" />
</allocation-stats>
<gc-op id="2364" type="scavenge" timems="2.219" contextid="2361" timestamp="2019-08-10T03:38:41.062">
  <scavenger-info tenureage="3" tenuremask="7808" tiltratio="52" />
  <memory-copied type="nursery" objects="1546" bytes="54608" bytesdiscarded="17576" />
  <memory-copied type="tenure" objects="279" bytes="281960" bytesdiscarded="16" />
  <references type="weak" candidates="1" cleared="1" enqueued="1" />
</gc-op>
<gc-end id="2365" type="scavenge" contextid="2361" durationms="2.645" usertimems="3.036" systemtimems="0.000" timestamp="2019-08-10T03:38:41.062" activeThreads="16">
  <mem-info id="2366" free="4188345584" total="4203675648" percent="99">
    <mem type="nursery" free="1238528" total="2228224" percent="55">
      <mem type="allocate" free="1238528" total="1310720" percent="94" />
      <mem type="survivor" free="0" total="917504" percent="0" />
    </mem>
    <mem type="tenure" free="4187107056" total="4201447424" percent="99" macro-fragmented="2592282">
      <mem type="soa" free="3977035504" total="3991375872" percent="99" />
      <mem type="loa" free="210071552" total="210071552" percent="100" />
    </mem>
    <pending-finalizers system="0" default="0" reference="1" classloader="0" />
    <remembered-set count="366" />
  </mem-info>
</gc-end>
<cycle-end id="2367" type="scavenge" contextid="2361" timestamp="2019-08-10T03:38:41.062" />
  <attribute name="elasticGC enabled" value="1" />
  <attribute name= "numThreadsSpecified" value="16" />
  <attribute name="heapSize specified" value="8519680" />
  <attribute name="Current GC Util" value="9" />
  <attribute name= "Current Time Running" value="121206" />
  <attribute name ="GC Interval" value="200" />
  <attribute name="ProportionalT" value="-35.500000" />
  <attribute name="ProportionalI" value="-35.500000" />
  <attribute name="ProportionalH" value="-35.500000" />
  <attribute name="Current Error" value="-71.000000" />
  <attribute name="IntegralT" value="-1100.500000" />
  <attribute name="IntegralI" value="-1100.500000" />
  <attribute name="IntegralH" value="-1100.500000" />
  <attribute name="DerivativeT" value="-2.290323" />
  <attribute name="DerivativeI" value="-2.290323" />
  <attribute name="DerivativeH" value="-2.290323" />
  <attribute name="Loop Time for DT" value="31.000000" />
  <attribute name="Output H" value="4203675648"/>
  <attribute name="Output I" value="200"/>
  <attribute name="Output T" value="16"/>
  <attribute name="Target GC Util Change" value ="80.000000" />
  <attribute name="Current GC Util Change" value="9.000000"/>
  <attribute name="GC Util currently" value="9" />
  <attribute name="CPU Util currently" value="37486445572" />
<allocation-satisfied id="2368" threadId="0000000001842F00" bytesRequested="5568" />
<af-end id="2369" timestamp="2019-08-10T03:38:41.062" threadId="0000000001843888" success="true" from="nursery"/>
<exclusive-end id="2370" timestamp="2019-08-10T03:38:41.062" durationms="2.892" />

<exclusive-start id="2371" timestamp="2019-08-10T03:38:41.119" intervalms="60.149">
  <response-info timems="0.020" idlems="0.020" threads="0" lastid="0000000001842F00" lastname="main" />
</exclusive-start>
<af-start id="2372" threadId="0000000001843888" totalBytesRequested="32" timestamp="2019-08-10T03:38:41.120" intervalms="60.150" type="nursery" />
<cycle-start id="2373" type="scavenge" contextid="0" timestamp="2019-08-10T03:38:41.120" intervalms="60.150" />
<gc-start id="2374" type="scavenge" contextid="2373" timestamp="2019-08-10T03:38:41.120">
  <mem-info id="2375" free="4187088504" total="4203675648" percent="99">
    <mem type="nursery" free="0" total="2228224" percent="0">
      <mem type="allocate" free="0" total="1310720" percent="0" />
      <mem type="survivor" free="0" total="917504" percent="0" />
    </mem>
    <mem type="tenure" free="4187088504" total="4201447424" percent="99">
      <mem type="soa" free="3977016952" total="3991375872" percent="99" />
      <mem type="loa" free="210071552" total="210071552" percent="100" />
    </mem>
    <remembered-set count="641" />
  </mem-info>
</gc-start>
<allocation-stats totalBytes="1256664" >
  <allocated-bytes non-tlh="24120" tlh="1232544" />
  <largest-consumer threadName="main" threadId="0000000001842F00" bytes="1256664" />
</allocation-stats>
<gc-op id="2376" type="scavenge" timems="1.341" contextid="2373" timestamp="2019-08-10T03:38:41.121">
  <scavenger-info tenureage="12" tenuremask="7000" tiltratio="58" />
  <memory-copied type="nursery" objects="5599" bytes="248376" bytesdiscarded="106848" />
  <references type="soft" candidates="54" cleared="0" enqueued="0" dynamicThreshold="31" maxThreshold="32" />
  <references type="weak" candidates="5" cleared="1" enqueued="1" />
</gc-op>
<gc-end id="2377" type="scavenge" contextid="2373" durationms="1.656" usertimems="3.663" systemtimems="0.000" timestamp="2019-08-10T03:38:41.121" activeThreads="16">
  <mem-info id="2378" free="4188109512" total="4203675648" percent="99">
    <mem type="nursery" free="1021008" total="2228224" percent="45">
      <mem type="allocate" free="1021008" total="1376256" percent="74" />
      <mem type="survivor" free="0" total="851968" percent="0" />
    </mem>
    <mem type="tenure" free="4187088504" total="4201447424" percent="99" macro-fragmented="0">
      <mem type="soa" free="3977016952" total="3991375872" percent="99" />
      <mem type="loa" free="210071552" total="210071552" percent="100" />
    </mem>
    <pending-finalizers system="0" default="0" reference="1" classloader="0" />
    <remembered-set count="629" />
  </mem-info>
</gc-end>
<cycle-end id="2379" type="scavenge" contextid="2373" timestamp="2019-08-10T03:38:41.121" />
  <attribute name="elasticGC enabled" value="1" />
  <attribute name= "numThreadsSpecified" value="16" />
  <attribute name="heapSize specified" value="8519680" />
  <attribute name="Current GC Util" value="4" />
  <attribute name= "Current Time Running" value="121266" />
  <attribute name ="GC Interval" value="200" />
  <attribute name="ProportionalT" value="-38.000000" />
  <attribute name="ProportionalI" value="-38.000000" />
  <attribute name="ProportionalH" value="-38.000000" />
  <attribute name="Current Error" value="-76.000000" />
  <attribute name="IntegralT" value="-2280.000000" />
  <attribute name="IntegralI" value="-2280.000000" />
  <attribute name="IntegralH" value="-2280.000000" />
  <attribute name="DerivativeT" value="-1.266667" />
  <attribute name="DerivativeI" value="-1.266667" />
  <attribute name="DerivativeH" value="-1.266667" />
  <attribute name="Loop Time for DT" value="60.000000" />
  <attribute name="Output H" value="4203675648"/>
  <attribute name="Output I" value="200"/>
  <attribute name="Output T" value="16"/>
  <attribute name="Target GC Util Change" value ="80.000000" />
  <attribute name="Current GC Util Change" value="4.000000"/>
  <attribute name="GC Util currently" value="4" />
  <attribute name="CPU Util currently" value="19173599521" />
<allocation-satisfied id="2380" threadId="0000000001842F00" bytesRequested="32" />
<af-end id="2381" timestamp="2019-08-10T03:38:41.121" threadId="0000000001843888" success="true" from="nursery"/>
<exclusive-end id="2382" timestamp="2019-08-10T03:38:41.121" durationms="1.850" />

<exclusive-start id="2383" timestamp="2019-08-10T03:38:41.150" intervalms="30.140">
  <response-info timems="0.052" idlems="0.052" threads="0" lastid="0000000001842F00" lastname="main" />
</exclusive-start>
<af-start id="2384" threadId="0000000001843888" totalBytesRequested="23272" timestamp="2019-08-10T03:38:41.150" intervalms="30.139" type="nursery" />
<cycle-start id="2385" type="scavenge" contextid="0" timestamp="2019-08-10T03:38:41.150" intervalms="30.139" />
<gc-start id="2386" type="scavenge" contextid="2385" timestamp="2019-08-10T03:38:41.150">
  <mem-info id="2387" free="4187070696" total="4203675648" percent="99">
    <mem type="nursery" free="0" total="2228224" percent="0">
      <mem type="allocate" free="0" total="1376256" percent="0" />
      <mem type="survivor" free="0" total="851968" percent="0" />
    </mem>
    <mem type="tenure" free="4187070696" total="4201447424" percent="99">
      <mem type="soa" free="3976999144" total="3991375872" percent="99" />
      <mem type="loa" free="210071552" total="210071552" percent="100" />
    </mem>
    <remembered-set count="856" />
  </mem-info>
</gc-start>
<allocation-stats totalBytes="1027648" >
  <allocated-bytes non-tlh="17840" tlh="1009808" />
  <largest-consumer threadName="main" threadId="0000000001842F00" bytes="1027648" />
</allocation-stats>
<gc-op id="2388" type="scavenge" timems="2.199" contextid="2385" timestamp="2019-08-10T03:38:41.152">
  <scavenger-info tenureage="12" tenuremask="7000" tiltratio="61" />
  <memory-copied type="nursery" objects="6312" bytes="285056" bytesdiscarded="63320" />
  <references type="soft" candidates="54" cleared="0" enqueued="0" dynamicThreshold="31" maxThreshold="32" />
  <references type="weak" candidates="270" cleared="0" enqueued="0" />
</gc-op>
<gc-end id="2389" type="scavenge" contextid="2385" durationms="2.584" usertimems="5.206" systemtimems="0.000" timestamp="2019-08-10T03:38:41.152" activeThreads="16">
  <mem-info id="2390" free="4188163984" total="4203675648" percent="99">
    <mem type="nursery" free="1093288" total="2228224" percent="49">
      <mem type="allocate" free="1093288" total="1441792" percent="75" />
      <mem type="survivor" free="0" total="786432" percent="0" />
    </mem>
    <mem type="tenure" free="4187070696" total="4201447424" percent="99" macro-fragmented="348889">
      <mem type="soa" free="3976999144" total="3991375872" percent="99" />
      <mem type="loa" free="210071552" total="210071552" percent="100" />
    </mem>
    <remembered-set count="628" />
  </mem-info>
</gc-end>
<cycle-end id="2391" type="scavenge" contextid="2385" timestamp="2019-08-10T03:38:41.152" />
  <attribute name="elasticGC enabled" value="1" />
  <attribute name= "numThreadsSpecified" value="16" />
  <attribute name="heapSize specified" value="8519680" />
  <attribute name="Current GC Util" value="12" />
  <attribute name= "Current Time Running" value="121296" />
  <attribute name ="GC Interval" value="200" />
  <attribute name="ProportionalT" value="-34.000000" />
  <attribute name="ProportionalI" value="-34.000000" />
  <attribute name="ProportionalH" value="-34.000000" />
  <attribute name="Current Error" value="-68.000000" />
  <attribute name="IntegralT" value="-1020.000000" />
  <attribute name="IntegralI" value="-1020.000000" />
  <attribute name="IntegralH" value="-1020.000000" />
  <attribute name="DerivativeT" value="-2.266667" />
  <attribute name="DerivativeI" value="-2.266667" />
  <attribute name="DerivativeH" value="-2.266667" />
  <attribute name="Loop Time for DT" value="30.000000" />
  <attribute name="Output H" value="4203675648"/>
  <attribute name="Output I" value="200"/>
  <attribute name="Output T" value="16"/>
  <attribute name="Target GC Util Change" value ="80.000000" />
  <attribute name="Current GC Util Change" value="12.000000"/>
  <attribute name="GC Util currently" value="12" />
  <attribute name="CPU Util currently" value="38184238652" />
<allocation-satisfied id="2392" threadId="0000000001842F00" bytesRequested="23272" />
<af-end id="2393" timestamp="2019-08-10T03:38:41.152" threadId="0000000001843888" success="true" from="nursery"/>
<exclusive-end id="2394" timestamp="2019-08-10T03:38:41.152" durationms="2.792" />

<exclusive-start id="2395" timestamp="2019-08-10T03:38:41.174" intervalms="24.424">
  <response-info timems="0.097" idlems="0.073" threads="1" lastid="0000000001868600" lastname="IProfiler" />
</exclusive-start>
<af-start id="2396" threadId="0000000001843888" totalBytesRequested="23288" timestamp="2019-08-10T03:38:41.174" intervalms="24.412" type="nursery" />
<cycle-start id="2397" type="scavenge" contextid="0" timestamp="2019-08-10T03:38:41.174" intervalms="24.413" />
<gc check: start verifying slots before local gc (199)>
<gc check: finished verifying slots before local gc (199)>
<gc-start id="2398" type="scavenge" contextid="2397" timestamp="2019-08-10T03:38:41.233">
  <mem-info id="2399" free="4187053448" total="4203675648" percent="99">
    <mem type="nursery" free="0" total="2228224" percent="0">
      <mem type="allocate" free="0" total="1441792" percent="0" />
      <mem type="survivor" free="0" total="786432" percent="0" />
    </mem>
    <mem type="tenure" free="4187053448" total="4201447424" percent="99">
      <mem type="soa" free="3976981896" total="3991375872" percent="99" />
      <mem type="loa" free="210071552" total="210071552" percent="100" />
    </mem>
    <remembered-set count="830" />
  </mem-info>
</gc-start>
<allocation-stats totalBytes="1083320" >
  <allocated-bytes non-tlh="63800" tlh="1019520" />
  <largest-consumer threadName="main" threadId="0000000001842F00" bytes="1083320" />
</allocation-stats>
<gc-op id="2400" type="scavenge" timems="2.074" contextid="2397" timestamp="2019-08-10T03:38:41.235">
  <scavenger-info tenureage="2" tenuremask="700c" tiltratio="64" />
  <memory-copied type="nursery" objects="1165" bytes="90872" bytesdiscarded="43600" />
  <memory-copied type="tenure" objects="5543" bytes="246336" bytesdiscarded="552" />
  <references type="weak" candidates="373" cleared="0" enqueued="0" />
  <references type="phantom" candidates="1" cleared="0" enqueued="0" />
</gc-op>
<gc check: start verifying slots after local gc (199)>
<gc check: finished verifying slots after local gc (199)>
<gc-end id="2401" type="scavenge" contextid="2397" durationms="80.062" usertimems="81.763" systemtimems="0.000" timestamp="2019-08-10T03:38:41.313" activeThreads="16">
  <mem-info id="2402" free="4188253912" total="4203675648" percent="99">
    <mem type="nursery" free="1438208" total="2228224" percent="64">
      <mem type="allocate" free="1438208" total="1572864" percent="91" />
      <mem type="survivor" free="0" total="655360" percent="0" />
    </mem>
    <mem type="tenure" free="4186815704" total="4201447424" percent="99" macro-fragmented="1500163">
      <mem type="soa" free="3976744152" total="3991375872" percent="99" />
      <mem type="loa" free="210071552" total="210071552" percent="100" />
    </mem>
    <remembered-set count="565" />
  </mem-info>
</gc-end>
<cycle-end id="2403" type="scavenge" contextid="2397" timestamp="2019-08-10T03:38:41.313" />
  <attribute name="elasticGC enabled" value="1" />
  <attribute name= "numThreadsSpecified" value="16" />
  <attribute name="heapSize specified" value="8519680" />
  <attribute name="Current GC Util" value="6" />
  <attribute name= "Current Time Running" value="121379" />
  <attribute name ="GC Interval" value="200" />
  <attribute name="ProportionalT" value="-37.000000" />
  <attribute name="ProportionalI" value="-37.000000" />
  <attribute name="ProportionalH" value="-37.000000" />
  <attribute name="Current Error" value="-74.000000" />
  <attribute name="IntegralT" value="-3071.000000" />
  <attribute name="IntegralI" value="-3071.000000" />
  <attribute name="IntegralH" value="-3071.000000" />
  <attribute name="DerivativeT" value="-0.891566" />
  <attribute name="DerivativeI" value="-0.891566" />
  <attribute name="DerivativeH" value="-0.891566" />
  <attribute name="Loop Time for DT" value="83.000000" />
  <attribute name="Output H" value="4203675648"/>
  <attribute name="Output I" value="200"/>
  <attribute name="Output T" value="16"/>
  <attribute name="Target GC Util Change" value ="80.000000" />
  <attribute name="Current GC Util Change" value="6.000000"/>
  <attribute name="GC Util currently" value="6" />
  <attribute name="CPU Util currently" value="13827473244" />
<allocation-satisfied id="2404" threadId="0000000001842F00" bytesRequested="23288" />
<af-end id="2405" timestamp="2019-08-10T03:38:41.313" threadId="0000000001843888" success="true" from="nursery"/>
<exclusive-end id="2406" timestamp="2019-08-10T03:38:41.313" durationms="139.298" />

<exclusive-start id="2407" timestamp="2019-08-10T03:38:41.345" intervalms="170.969">
  <response-info timems="0.019" idlems="0.019" threads="0" lastid="0000000001842F00" lastname="main" />
</exclusive-start>
<af-start id="2408" threadId="0000000001843888" totalBytesRequested="32" timestamp="2019-08-10T03:38:41.345" intervalms="170.984" type="nursery" />
<cycle-start id="2409" type="scavenge" contextid="0" timestamp="2019-08-10T03:38:41.345" intervalms="170.985" />
<gc-start id="2410" type="scavenge" contextid="2409" timestamp="2019-08-10T03:38:41.345">
  <mem-info id="2411" free="4186793016" total="4203675648" percent="99">
    <mem type="nursery" free="0" total="2228224" percent="0">
      <mem type="allocate" free="0" total="1572864" percent="0" />
      <mem type="survivor" free="0" total="655360" percent="0" />
    </mem>
    <mem type="tenure" free="4186793016" total="4201447424" percent="99">
      <mem type="soa" free="3976721464" total="3991375872" percent="99" />
      <mem type="loa" free="210071552" total="210071552" percent="100" />
    </mem>
    <remembered-set count="869" />
  </mem-info>
</gc-start>
<allocation-stats totalBytes="1458376" >
  <allocated-bytes non-tlh="45976" tlh="1412400" />
  <largest-consumer threadName="main" threadId="0000000001842F00" bytes="1458376" />
</allocation-stats>
<gc-op id="2412" type="scavenge" timems="1.232" contextid="2409" timestamp="2019-08-10T03:38:41.346">
  <scavenger-info tenureage="13" tenuremask="6000" tiltratio="70" />
  <memory-copied type="nursery" objects="2250" bytes="88032" bytesdiscarded="24568" />
  <references type="weak" candidates="538" cleared="0" enqueued="0" />
</gc-op>
<gc-end id="2413" type="scavenge" contextid="2409" durationms="1.669" usertimems="2.628" systemtimems="0.000" timestamp="2019-08-10T03:38:41.347" activeThreads="16">
  <mem-info id="2414" free="4188318520" total="4203675648" percent="99">
    <mem type="nursery" free="1525504" total="2228224" percent="68">
      <mem type="allocate" free="1525504" total="1638400" percent="93" />
      <mem type="survivor" free="0" total="589824" percent="0" />
    </mem>
    <mem type="tenure" free="4186793016" total="4201447424" percent="99" macro-fragmented="418667">
      <mem type="soa" free="3976721464" total="3991375872" percent="99" />
      <mem type="loa" free="210071552" total="210071552" percent="100" />
    </mem>
    <remembered-set count="671" />
  </mem-info>
</gc-end>
<cycle-end id="2415" type="scavenge" contextid="2409" timestamp="2019-08-10T03:38:41.347" />
  <attribute name="elasticGC enabled" value="1" />
  <attribute name= "numThreadsSpecified" value="16" />
  <attribute name="heapSize specified" value="8519680" />
  <attribute name="Current GC Util" value="125" />
  <attribute name= "Current Time Running" value="121491" />
  <attribute name ="GC Interval" value="2544" />
  <attribute name="ProportionalT" value="22.500000" />
  <attribute name="ProportionalI" value="22.500000" />
  <attribute name="ProportionalH" value="22.500000" />
  <attribute name="Current Error" value="45.000000" />
  <attribute name="IntegralT" value="2520.000000" />
  <attribute name="IntegralI" value="2520.000000" />
  <attribute name="IntegralH" value="2520.000000" />
  <attribute name="DerivativeT" value="0.401786" />
  <attribute name="DerivativeI" value="0.401786" />
  <attribute name="DerivativeH" value="0.401786" />
  <attribute name="Loop Time for DT" value="112.000000" />
  <attribute name="Output H" value="8388608"/>
  <attribute name="Output I" value="2544"/>
  <attribute name="Output T" value="16"/>
  <attribute name="Target GC Util Change" value ="80.000000" />
  <attribute name="Current GC Util Change" value="125.000000"/>
  <attribute name="GC Util currently" value="125" />
  <attribute name="CPU Util currently" value="10295848716" />
<allocation-satisfied id="2416" threadId="0000000001842F00" bytesRequested="32" />
<af-end id="2417" timestamp="2019-08-10T03:38:41.347" threadId="0000000001843888" success="true" from="nursery"/>
<exclusive-end id="2418" timestamp="2019-08-10T03:38:41.347" durationms="1.891" />

<exclusive-start id="2419" timestamp="2019-08-10T03:38:41.386" intervalms="40.509">
  <response-info timems="0.068" idlems="0.068" threads="0" lastid="0000000001842F00" lastname="main" />
</exclusive-start>
<af-start id="2420" threadId="0000000001843888" totalBytesRequested="40" timestamp="2019-08-10T03:38:41.386" intervalms="40.486" type="nursery" />
<cycle-start id="2421" type="scavenge" contextid="0" timestamp="2019-08-10T03:38:41.386" intervalms="40.481" />
<gc-start id="2422" type="scavenge" contextid="2421" timestamp="2019-08-10T03:38:41.386">
  <mem-info id="2423" free="4186772512" total="4203675648" percent="99">
    <mem type="nursery" free="0" total="2228224" percent="0">
      <mem type="allocate" free="0" total="1638400" percent="0" />
      <mem type="survivor" free="0" total="589824" percent="0" />
    </mem>
    <mem type="tenure" free="4186772512" total="4201447424" percent="99">
      <mem type="soa" free="3976700960" total="3991375872" percent="99" />
      <mem type="loa" free="210071552" total="210071552" percent="100" />
    </mem>
    <remembered-set count="971" />
  </mem-info>
</gc-start>
<allocation-stats totalBytes="1544024" >
  <allocated-bytes non-tlh="20536" tlh="1523488" />
  <largest-consumer threadName="main" threadId="0000000001842F00" bytes="1544024" />
</allocation-stats>
<gc-op id="2424" type="scavenge" timems="4.994" contextid="2421" timestamp="2019-08-10T03:38:41.391">
  <scavenger-info tenureage="3" tenuremask="4008" tiltratio="73" />
  <memory-copied type="nursery" objects="2876" bytes="100448" bytesdiscarded="44400" />
  <memory-copied type="tenure" objects="665" bytes="34408" bytesdiscarded="32" />
  <references type="weak" candidates="432" cleared="0" enqueued="0" />
</gc-op>
<gc-end id="2425" type="scavenge" contextid="2421" durationms="5.497" usertimems="9.712" systemtimems="0.000" timestamp="2019-08-10T03:38:41.391" activeThreads="16">
  <mem-info id="2426" free="4188307488" total="4203675648" percent="99">
    <mem type="nursery" free="1558784" total="2228224" percent="69">
      <mem type="allocate" free="1558784" total="1703936" percent="91" />
      <mem type="survivor" free="0" total="524288" percent="0" />
    </mem>
    <mem type="tenure" free="4186748704" total="4201447424" percent="99" macro-fragmented="290741">
      <mem type="soa" free="3976677152" total="3991375872" percent="99" />
      <mem type="loa" free="210071552" total="210071552" percent="100" />
    </mem>
    <remembered-set count="797" />
  </mem-info>
</gc-end>
<cycle-end id="2427" type="scavenge" contextid="2421" timestamp="2019-08-10T03:38:41.391" />
  <attribute name="elasticGC enabled" value="1" />
  <attribute name= "numThreadsSpecified" value="16" />
  <attribute name="heapSize specified" value="8519680" />
  <attribute name="Current GC Util" value="6" />
  <attribute name= "Current Time Running" value="121532" />
  <attribute name ="GC Interval" value="200" />
  <attribute name="ProportionalT" value="-37.000000" />
  <attribute name="ProportionalI" value="-37.000000" />
  <attribute name="ProportionalH" value="-37.000000" />
  <attribute name="Current Error" value="-74.000000" />
  <attribute name="IntegralT" value="-1517.000000" />
  <attribute name="IntegralI" value="-1517.000000" />
  <attribute name="IntegralH" value="-1517.000000" />
  <attribute name="DerivativeT" value="-2.902439" />
  <attribute name="DerivativeI" value="-2.902439" />
  <attribute name="DerivativeH" value="-2.902439" />
  <attribute name="Loop Time for DT" value="41.000000" />
  <attribute name="Output H" value="4203675648"/>
  <attribute name="Output I" value="200"/>
  <attribute name="Output T" value="16"/>
  <attribute name="Target GC Util Change" value ="80.000000" />
  <attribute name="Current GC Util Change" value="6.000000"/>
  <attribute name="GC Util currently" value="6" />
  <attribute name="CPU Util currently" value="28507889160" />
<allocation-satisfied id="2428" threadId="0000000001842F00" bytesRequested="40" />
<af-end id="2429" timestamp="2019-08-10T03:38:41.391" threadId="0000000001843888" success="true" from="nursery"/>
<exclusive-end id="2430" timestamp="2019-08-10T03:38:41.391" durationms="5.749" />

<exclusive-start id="2431" timestamp="2019-08-10T03:38:41.427" intervalms="41.104">
  <response-info timems="0.043" idlems="0.043" threads="0" lastid="0000000001842F00" lastname="main" />
</exclusive-start>
<af-start id="2432" threadId="0000000001843888" totalBytesRequested="32" timestamp="2019-08-10T03:38:41.427" intervalms="41.137" type="nursery" />
<cycle-start id="2433" type="scavenge" contextid="0" timestamp="2019-08-10T03:38:41.427" intervalms="41.139" />
<gc-start id="2434" type="scavenge" contextid="2433" timestamp="2019-08-10T03:38:41.427">
  <mem-info id="2435" free="4186734584" total="4203675648" percent="99">
    <mem type="nursery" free="0" total="2228224" percent="0">
      <mem type="allocate" free="0" total="1703936" percent="0" />
      <mem type="survivor" free="0" total="524288" percent="0" />
    </mem>
    <mem type="tenure" free="4186734584" total="4201447424" percent="99">
      <mem type="soa" free="3976663032" total="3991375872" percent="99" />
      <mem type="loa" free="210071552" total="210071552" percent="100" />
    </mem>
    <remembered-set count="1060" />
  </mem-info>
</gc-start>
<allocation-stats totalBytes="1570960" >
  <allocated-bytes non-tlh="14160" tlh="1556800" />
  <largest-consumer threadName="main" threadId="0000000001842F00" bytes="1570960" />
</allocation-stats>
<gc-op id="2436" type="scavenge" timems="1.442" contextid="2433" timestamp="2019-08-10T03:38:41.428">
  <scavenger-info tenureage="14" tenuremask="4000" tiltratio="76" />
  <memory-copied type="nursery" objects="4250" bytes="147728" bytesdiscarded="29352" />
  <references type="weak" candidates="538" cleared="0" enqueued="0" />
</gc-op>
<gc-end id="2437" type="scavenge" contextid="2433" durationms="1.759" usertimems="2.720" systemtimems="0.000" timestamp="2019-08-10T03:38:41.429" activeThreads="16">
  <mem-info id="2438" free="4188326648" total="4203675648" percent="99">
    <mem type="nursery" free="1592064" total="2228224" percent="71">
      <mem type="allocate" free="1592064" total="1769472" percent="89" />
      <mem type="survivor" free="0" total="458752" percent="0" />
    </mem>
    <mem type="tenure" free="4186734584" total="4201447424" percent="99" macro-fragmented="502401">
      <mem type="soa" free="3976663032" total="3991375872" percent="99" />
      <mem type="loa" free="210071552" total="210071552" percent="100" />
    </mem>
    <remembered-set count="824" />
  </mem-info>
</gc-end>
<cycle-end id="2439" type="scavenge" contextid="2433" timestamp="2019-08-10T03:38:41.429" />
  <attribute name="elasticGC enabled" value="1" />
  <attribute name= "numThreadsSpecified" value="16" />
  <attribute name="heapSize specified" value="8519680" />
  <attribute name="Current GC Util" value="23" />
  <attribute name= "Current Time Running" value="121573" />
  <attribute name ="GC Interval" value="200" />
  <attribute name="ProportionalT" value="-28.500000" />
  <attribute name="ProportionalI" value="-28.500000" />
  <attribute name="ProportionalH" value="-28.500000" />
  <attribute name="Current Error" value="-57.000000" />
  <attribute name="IntegralT" value="-1168.500000" />
  <attribute name="IntegralI" value="-1168.500000" />
  <attribute name="IntegralH" value="-1168.500000" />
  <attribute name="DerivativeT" value="-1.390244" />
  <attribute name="DerivativeI" value="-1.390244" />
  <attribute name="DerivativeH" value="-1.390244" />
  <attribute name="Loop Time for DT" value="41.000000" />
  <attribute name="Output H" value="4203675648"/>
  <attribute name="Output I" value="200"/>
  <attribute name="Output T" value="16"/>
  <attribute name="Target GC Util Change" value ="80.000000" />
  <attribute name="Current GC Util Change" value="23.000000"/>
  <attribute name="GC Util currently" value="23" />
  <attribute name="CPU Util currently" value="27955808449" />
<allocation-satisfied id="2440" threadId="0000000001842F00" bytesRequested="32" />
<af-end id="2441" timestamp="2019-08-10T03:38:41.429" threadId="0000000001843888" success="true" from="nursery"/>
<exclusive-end id="2442" timestamp="2019-08-10T03:38:41.429" durationms="2.094" />

<exclusive-start id="2443" timestamp="2019-08-10T03:38:41.458" intervalms="31.394">
  <response-info timems="0.053" idlems="0.053" threads="0" lastid="0000000001842F00" lastname="main" />
</exclusive-start>
<af-start id="2444" threadId="0000000001843888" totalBytesRequested="40" timestamp="2019-08-10T03:38:41.458" intervalms="31.380" type="nursery" />
<cycle-start id="2445" type="scavenge" contextid="0" timestamp="2019-08-10T03:38:41.458" intervalms="31.382" />
<gc-start id="2446" type="scavenge" contextid="2445" timestamp="2019-08-10T03:38:41.458">
  <mem-info id="2447" free="4186733960" total="4203675648" percent="99">
    <mem type="nursery" free="0" total="2228224" percent="0">
      <mem type="allocate" free="0" total="1769472" percent="0" />
      <mem type="survivor" free="0" total="458752" percent="0" />
    </mem>
    <mem type="tenure" free="4186733960" total="4201447424" percent="99">
      <mem type="soa" free="3976662408" total="3991375872" percent="99" />
      <mem type="loa" free="210071552" total="210071552" percent="100" />
    </mem>
    <remembered-set count="1042" />
  </mem-info>
</gc-start>
<allocation-stats totalBytes="1592520" >
  <allocated-bytes non-tlh="656" tlh="1591864" />
  <largest-consumer threadName="main" threadId="0000000001842F00" bytes="1592520" />
</allocation-stats>
<gc-op id="2448" type="scavenge" timems="2.954" contextid="2445" timestamp="2019-08-10T03:38:41.461">
  <scavenger-info tenureage="3" tenuremask="4018" tiltratio="79" />
  <memory-copied type="nursery" objects="5233" bytes="186552" bytesdiscarded="6872" />
  <memory-copied type="tenure" objects="1392" bytes="47208" bytesdiscarded="128" />
  <references type="weak" candidates="266" cleared="0" enqueued="0" />
</gc-op>
<gc-end id="2449" type="scavenge" contextid="2445" durationms="3.378" usertimems="5.585" systemtimems="0.000" timestamp="2019-08-10T03:38:41.462" activeThreads="16">
  <mem-info id="2450" free="4188327048" total="4203675648" percent="99">
    <mem type="nursery" free="1641472" total="2228224" percent="73">
      <mem type="allocate" free="1641472" total="1835008" percent="89" />
      <mem type="survivor" free="0" total="393216" percent="0" />
    </mem>
    <mem type="tenure" free="4186685576" total="4201447424" percent="99" macro-fragmented="602881">
      <mem type="soa" free="3976614024" total="3991375872" percent="99" />
      <mem type="loa" free="210071552" total="210071552" percent="100" />
    </mem>
    <remembered-set count="694" />
  </mem-info>
</gc-end>
<cycle-end id="2451" type="scavenge" contextid="2445" timestamp="2019-08-10T03:38:41.462" />
  <attribute name="elasticGC enabled" value="1" />
  <attribute name= "numThreadsSpecified" value="16" />
  <attribute name="heapSize specified" value="8519680" />
  <attribute name="Current GC Util" value="9" />
  <attribute name= "Current Time Running" value="121604" />
  <attribute name ="GC Interval" value="200" />
  <attribute name="ProportionalT" value="-35.500000" />
  <attribute name="ProportionalI" value="-35.500000" />
  <attribute name="ProportionalH" value="-35.500000" />
  <attribute name="Current Error" value="-71.000000" />
  <attribute name="IntegralT" value="-1100.500000" />
  <attribute name="IntegralI" value="-1100.500000" />
  <attribute name="IntegralH" value="-1100.500000" />
  <attribute name="DerivativeT" value="-2.290323" />
  <attribute name="DerivativeI" value="-2.290323" />
  <attribute name="DerivativeH" value="-2.290323" />
  <attribute name="Loop Time for DT" value="31.000000" />
  <attribute name="Output H" value="4203675648"/>
  <attribute name="Output I" value="200"/>
  <attribute name="Output T" value="16"/>
  <attribute name="Target GC Util Change" value ="80.000000" />
  <attribute name="Current GC Util Change" value="9.000000"/>
  <attribute name="GC Util currently" value="9" />
  <attribute name="CPU Util currently" value="36819508422" />
<allocation-satisfied id="2452" threadId="0000000001842F00" bytesRequested="40" />
<af-end id="2453" timestamp="2019-08-10T03:38:41.462" threadId="0000000001843888" success="true" from="nursery"/>
<exclusive-end id="2454" timestamp="2019-08-10T03:38:41.462" durationms="3.642" />

<exclusive-start id="2455" timestamp="2019-08-10T03:38:41.495" intervalms="37.404">
  <response-info timems="0.114" idlems="0.114" threads="0" lastid="0000000001842F00" lastname="main" />
</exclusive-start>
<af-start id="2456" threadId="0000000001843888" totalBytesRequested="23280" timestamp="2019-08-10T03:38:41.495" intervalms="37.405" type="nursery" />
<cycle-start id="2457" type="scavenge" contextid="0" timestamp="2019-08-10T03:38:41.496" intervalms="37.407" />
<gc-start id="2458" type="scavenge" contextid="2457" timestamp="2019-08-10T03:38:41.496">
  <mem-info id="2459" free="4186671960" total="4203675648" percent="99">
    <mem type="nursery" free="0" total="2228224" percent="0">
      <mem type="allocate" free="0" total="1835008" percent="0" />
      <mem type="survivor" free="0" total="393216" percent="0" />
    </mem>
    <mem type="tenure" free="4186671960" total="4201447424" percent="99">
      <mem type="soa" free="3976600408" total="3991375872" percent="99" />
      <mem type="loa" free="210071552" total="210071552" percent="100" />
    </mem>
    <remembered-set count="985" />
  </mem-info>
</gc-start>
<allocation-stats totalBytes="1640320" >
  <allocated-bytes non-tlh="13656" tlh="1626664" />
  <largest-consumer threadName="main" threadId="0000000001842F00" bytes="1640320" />
</allocation-stats>
<gc-op id="2460" type="scavenge" timems="3.256" contextid="2457" timestamp="2019-08-10T03:38:41.499">
  <scavenger-info tenureage="3" tenuremask="4008" tiltratio="82" />
  <memory-copied type="nursery" objects="5888" bytes="211616" bytesdiscarded="30192" />
  <memory-copied type="tenure" objects="1210" bytes="41720" bytesdiscarded="8" />
  <references type="weak" candidates="202" cleared="0" enqueued="0" />
</gc-op>
<gc-end id="2461" type="scavenge" contextid="2457" durationms="3.641" usertimems="9.814" systemtimems="0.000" timestamp="2019-08-10T03:38:41.499" activeThreads="16">
  <mem-info id="2462" free="4188232792" total="4203675648" percent="99">
    <mem type="nursery" free="1593088" total="2228224" percent="71">
      <mem type="allocate" free="1593088" total="1835008" percent="86" />
      <mem type="survivor" free="0" total="393216" percent="0" />
    </mem>
    <mem type="tenure" free="4186639704" total="4201447424" percent="99" macro-fragmented="602881">
      <mem type="soa" free="3976568152" total="3991375872" percent="99" />
      <mem type="loa" free="210071552" total="210071552" percent="100" />
    </mem>
    <remembered-set count="765" />
  </mem-info>
</gc-end>
<cycle-end id="2463" type="scavenge" contextid="2457" timestamp="2019-08-10T03:38:41.499" />
  <attribute name="elasticGC enabled" value="1" />
  <attribute name= "numThreadsSpecified" value="16" />
  <attribute name="heapSize specified" value="8519680" />
  <attribute name="Current GC Util" value="14" />
  <attribute name= "Current Time Running" value="121642" />
  <attribute name ="GC Interval" value="200" />
  <attribute name="ProportionalT" value="-33.000000" />
  <attribute name="ProportionalI" value="-33.000000" />
  <attribute name="ProportionalH" value="-33.000000" />
  <attribute name="Current Error" value="-66.000000" />
  <attribute name="IntegralT" value="-1254.000000" />
  <attribute name="IntegralI" value="-1254.000000" />
  <attribute name="IntegralH" value="-1254.000000" />
  <attribute name="DerivativeT" value="-1.736842" />
  <attribute name="DerivativeI" value="-1.736842" />
  <attribute name="DerivativeH" value="-1.736842" />
  <attribute name="Loop Time for DT" value="38.000000" />
  <attribute name="Output H" value="4203675648"/>
  <attribute name="Output I" value="200"/>
  <attribute name="Output T" value="16"/>
  <attribute name="Target GC Util Change" value ="80.000000" />
  <attribute name="Current GC Util Change" value="14.000000"/>
  <attribute name="GC Util currently" value="14" />
  <attribute name="CPU Util currently" value="30767001200" />
<allocation-satisfied id="2464" threadId="0000000001842F00" bytesRequested="23280" />
<af-end id="2465" timestamp="2019-08-10T03:38:41.499" threadId="0000000001843888" success="true" from="nursery"/>
<exclusive-end id="2466" timestamp="2019-08-10T03:38:41.499" durationms="3.895" />

<exclusive-start id="2467" timestamp="2019-08-10T03:38:41.520" intervalms="24.197">
  <response-info timems="0.105" idlems="0.105" threads="0" lastid="0000000001842F00" lastname="main" />
</exclusive-start>
<af-start id="2468" threadId="0000000001843888" totalBytesRequested="24" timestamp="2019-08-10T03:38:41.520" intervalms="24.195" type="nursery" />
<cycle-start id="2469" type="scavenge" contextid="0" timestamp="2019-08-10T03:38:41.520" intervalms="24.191" />
<gc-start id="2470" type="scavenge" contextid="2469" timestamp="2019-08-10T03:38:41.520">
  <mem-info id="2471" free="4186634488" total="4203675648" percent="99">
    <mem type="nursery" free="0" total="2228224" percent="0">
      <mem type="allocate" free="0" total="1835008" percent="0" />
      <mem type="survivor" free="0" total="393216" percent="0" />
    </mem>
    <mem type="tenure" free="4186634488" total="4201447424" percent="99">
      <mem type="soa" free="3976562936" total="3991375872" percent="99" />
      <mem type="loa" free="210071552" total="210071552" percent="100" />
    </mem>
    <remembered-set count="1011" />
  </mem-info>
</gc-start>
<allocation-stats totalBytes="1598064" >
  <allocated-bytes non-tlh="28496" tlh="1569568" />
  <largest-consumer threadName="main" threadId="0000000001842F00" bytes="1598064" />
</allocation-stats>
<gc-op id="2472" type="scavenge" timems="1.868" contextid="2469" timestamp="2019-08-10T03:38:41.522">
  <scavenger-info tenureage="3" tenuremask="4808" tiltratio="82" />
  <memory-copied type="nursery" objects="6480" bytes="234536" bytesdiscarded="39560" />
  <memory-copied type="tenure" objects="1585" bytes="56680" bytesdiscarded="56" />
  <references type="weak" candidates="164" cleared="0" enqueued="0" />
</gc-op>
<gc-end id="2473" type="scavenge" contextid="2469" durationms="2.260" usertimems="4.080" systemtimems="0.000" timestamp="2019-08-10T03:38:41.522" activeThreads="16">
  <mem-info id="2474" free="4188196344" total="4203675648" percent="99">
    <mem type="nursery" free="1626368" total="2228224" percent="72">
      <mem type="allocate" free="1626368" total="1900544" percent="85" />
      <mem type="survivor" free="0" total="327680" percent="0" />
    </mem>
    <mem type="tenure" free="4186569976" total="4201447424" percent="99" macro-fragmented="502401">
      <mem type="soa" free="3976498424" total="3991375872" percent="99" />
      <mem type="loa" free="210071552" total="210071552" percent="100" />
    </mem>
    <remembered-set count="864" />
  </mem-info>
</gc-end>
<cycle-end id="2475" type="scavenge" contextid="2469" timestamp="2019-08-10T03:38:41.522" />
  <attribute name="elasticGC enabled" value="1" />
  <attribute name= "numThreadsSpecified" value="16" />
  <attribute name="heapSize specified" value="8519680" />
  <attribute name="Current GC Util" value="31" />
  <attribute name= "Current Time Running" value="121666" />
  <attribute name ="GC Interval" value="200" />
  <attribute name="ProportionalT" value="-24.500000" />
  <attribute name="ProportionalI" value="-24.500000" />
  <attribute name="ProportionalH" value="-24.500000" />
  <attribute name="Current Error" value="-49.000000" />
  <attribute name="IntegralT" value="-588.000000" />
  <attribute name="IntegralI" value="-588.000000" />
  <attribute name="IntegralH" value="-588.000000" />
  <attribute name="DerivativeT" value="-2.041667" />
  <attribute name="DerivativeI" value="-2.041667" />
  <attribute name="DerivativeH" value="-2.041667" />
  <attribute name="Loop Time for DT" value="24.000000" />
  <attribute name="Output H" value="4203675648"/>
  <attribute name="Output I" value="200"/>
  <attribute name="Output T" value="16"/>
  <attribute name="Target GC Util Change" value ="80.000000" />
  <attribute name="Current GC Util Change" value="31.000000"/>
  <attribute name="GC Util currently" value="31" />
  <attribute name="CPU Util currently" value="47777275032" />
<allocation-satisfied id="2476" threadId="0000000001842F00" bytesRequested="24" />
<af-end id="2477" timestamp="2019-08-10T03:38:41.522" threadId="0000000001843888" success="true" from="nursery"/>
<exclusive-end id="2478" timestamp="2019-08-10T03:38:41.522" durationms="2.468" />

<exclusive-start id="2479" timestamp="2019-08-10T03:38:41.558" intervalms="38.817">
  <response-info timems="0.057" idlems="0.057" threads="0" lastid="0000000001842F00" lastname="main" />
</exclusive-start>
<af-start id="2480" threadId="0000000001843888" totalBytesRequested="1032" timestamp="2019-08-10T03:38:41.559" intervalms="38.825" type="nursery" />
<cycle-start id="2481" type="scavenge" contextid="0" timestamp="2019-08-10T03:38:41.559" intervalms="38.834" />
<gc-start id="2482" type="scavenge" contextid="2481" timestamp="2019-08-10T03:38:41.559">
  <mem-info id="2483" free="4186554056" total="4203675648" percent="99">
    <mem type="nursery" free="0" total="2228224" percent="0">
      <mem type="allocate" free="0" total="1900544" percent="0" />
      <mem type="survivor" free="0" total="327680" percent="0" />
    </mem>
    <mem type="tenure" free="4186554056" total="4201447424" percent="99">
      <mem type="soa" free="3976482504" total="3991375872" percent="99" />
      <mem type="loa" free="210071552" total="210071552" percent="100" />
    </mem>
    <remembered-set count="1116" />
  </mem-info>
</gc-start>
<allocation-stats totalBytes="1582912" >
  <allocated-bytes non-tlh="15944" tlh="1566968" />
  <largest-consumer threadName="main" threadId="0000000001842F00" bytes="1582912" />
</allocation-stats>
<gc-op id="2484" type="scavenge" timems="2.150" contextid="2481" timestamp="2019-08-10T03:38:41.561">
  <scavenger-info tenureage="3" tenuremask="4008" tiltratio="85" />
  <memory-copied type="nursery" objects="5805" bytes="217248" bytesdiscarded="16112" />
  <memory-copied type="tenure" objects="2266" bytes="82736" bytesdiscarded="312" />
  <references type="soft" candidates="2" cleared="0" enqueued="0" dynamicThreshold="31" maxThreshold="32" />
  <references type="weak" candidates="206" cleared="3" enqueued="3" />
  <references type="phantom" candidates="1" cleared="0" enqueued="0" />
</gc-op>
<gc-end id="2485" type="scavenge" contextid="2481" durationms="2.612" usertimems="7.056" systemtimems="0.000" timestamp="2019-08-10T03:38:41.561" activeThreads="16">
  <mem-info id="2486" free="4188140488" total="4203675648" percent="99">
    <mem type="nursery" free="1667072" total="2228224" percent="74">
      <mem type="allocate" free="1667072" total="1900544" percent="87" />
      <mem type="survivor" free="0" total="327680" percent="0" />
    </mem>
    <mem type="tenure" free="4186473416" total="4201447424" percent="99" macro-fragmented="723458">
      <mem type="soa" free="3976401864" total="3991375872" percent="99" />
      <mem type="loa" free="210071552" total="210071552" percent="100" />
    </mem>
    <pending-finalizers system="0" default="0" reference="3" classloader="0" />
    <remembered-set count="771" />
  </mem-info>
</gc-end>
<cycle-end id="2487" type="scavenge" contextid="2481" timestamp="2019-08-10T03:38:41.561" />
  <attribute name="elasticGC enabled" value="1" />
  <attribute name= "numThreadsSpecified" value="16" />
  <attribute name="heapSize specified" value="8519680" />
  <attribute name="Current GC Util" value="9" />
  <attribute name= "Current Time Running" value="121705" />
  <attribute name ="GC Interval" value="200" />
  <attribute name="ProportionalT" value="-35.500000" />
  <attribute name="ProportionalI" value="-35.500000" />
  <attribute name="ProportionalH" value="-35.500000" />
  <attribute name="Current Error" value="-71.000000" />
  <attribute name="IntegralT" value="-1384.500000" />
  <attribute name="IntegralI" value="-1384.500000" />
  <attribute name="IntegralH" value="-1384.500000" />
  <attribute name="DerivativeT" value="-1.820513" />
  <attribute name="DerivativeI" value="-1.820513" />
  <attribute name="DerivativeH" value="-1.820513" />
  <attribute name="Loop Time for DT" value="39.000000" />
  <attribute name="Output H" value="4203675648"/>
  <attribute name="Output I" value="200"/>
  <attribute name="Output T" value="16"/>
  <attribute name="Target GC Util Change" value ="80.000000" />
  <attribute name="Current GC Util Change" value="9.000000"/>
  <attribute name="GC Util currently" value="9" />
  <attribute name="CPU Util currently" value="29626437563" />
<allocation-satisfied id="2488" threadId="0000000001842F00" bytesRequested="1032" />
<af-end id="2489" timestamp="2019-08-10T03:38:41.561" threadId="0000000001843888" success="true" from="nursery"/>
<exclusive-end id="2490" timestamp="2019-08-10T03:38:41.561" durationms="2.883" />

<exclusive-start id="2491" timestamp="2019-08-10T03:38:41.595" intervalms="36.874">
  <response-info timems="0.046" idlems="0.046" threads="0" lastid="0000000001842F00" lastname="main" />
</exclusive-start>
<af-start id="2492" threadId="0000000001843888" totalBytesRequested="56" timestamp="2019-08-10T03:38:41.595" intervalms="36.872" type="nursery" />
<cycle-start id="2493" type="scavenge" contextid="0" timestamp="2019-08-10T03:38:41.595" intervalms="36.863" />
<gc-start id="2494" type="scavenge" contextid="2493" timestamp="2019-08-10T03:38:41.595">
  <mem-info id="2495" free="4186470088" total="4203675648" percent="99">
    <mem type="nursery" free="0" total="2228224" percent="0">
      <mem type="allocate" free="0" total="1900544" percent="0" />
      <mem type="survivor" free="0" total="327680" percent="0" />
    </mem>
    <mem type="tenure" free="4186470088" total="4201447424" percent="99">
      <mem type="soa" free="3976398536" total="3991375872" percent="99" />
      <mem type="loa" free="210071552" total="210071552" percent="100" />
    </mem>
    <remembered-set count="871" />
  </mem-info>
</gc-start>
<allocation-stats totalBytes="1669576" >
  <allocated-bytes non-tlh="4360" tlh="1665216" />
  <largest-consumer threadName="main" threadId="0000000001842F00" bytes="1669576" />
</allocation-stats>
<gc-op id="2496" type="scavenge" timems="2.541" contextid="2493" timestamp="2019-08-10T03:38:41.598">
  <scavenger-info tenureage="3" tenuremask="4008" tiltratio="85" />
  <memory-copied type="nursery" objects="6328" bytes="280312" bytesdiscarded="47296" />
  <memory-copied type="tenure" objects="2316" bytes="85960" bytesdiscarded="48" />
  <copy-failed type="nursery" objects="552" bytes="22320" />
  <references type="soft" candidates="2" cleared="0" enqueued="0" dynamicThreshold="31" maxThreshold="32" />
  <references type="weak" candidates="122" cleared="2" enqueued="2" />
</gc-op>
<gc-end id="2497" type="scavenge" contextid="2493" durationms="2.982" usertimems="4.830" systemtimems="0.000" timestamp="2019-08-10T03:38:41.598" activeThreads="16">
  <mem-info id="2498" free="4187750344" total="4203675648" percent="99">
    <mem type="nursery" free="1376256" total="2228224" percent="61">
      <mem type="allocate" free="1376256" total="1703936" percent="80" />
      <mem type="survivor" free="0" total="524288" percent="0" />
    </mem>
    <mem type="tenure" free="4186374088" total="4201447424" percent="99" macro-fragmented="242284">
      <mem type="soa" free="3976302536" total="3991375872" percent="99" />
      <mem type="loa" free="210071552" total="210071552" percent="100" />
    </mem>
    <pending-finalizers system="0" default="0" reference="2" classloader="0" />
    <remembered-set count="906" />
  </mem-info>
</gc-end>
<cycle-end id="2499" type="scavenge" contextid="2493" timestamp="2019-08-10T03:38:41.599" />
  <attribute name="elasticGC enabled" value="1" />
  <attribute name= "numThreadsSpecified" value="16" />
  <attribute name="heapSize specified" value="8519680" />
  <attribute name="Current GC Util" value="12" />
  <attribute name= "Current Time Running" value="121742" />
  <attribute name ="GC Interval" value="200" />
  <attribute name="ProportionalT" value="-34.000000" />
  <attribute name="ProportionalI" value="-34.000000" />
  <attribute name="ProportionalH" value="-34.000000" />
  <attribute name="Current Error" value="-68.000000" />
  <attribute name="IntegralT" value="-1258.000000" />
  <attribute name="IntegralI" value="-1258.000000" />
  <attribute name="IntegralH" value="-1258.000000" />
  <attribute name="DerivativeT" value="-1.837838" />
  <attribute name="DerivativeI" value="-1.837838" />
  <attribute name="DerivativeH" value="-1.837838" />
  <attribute name="Loop Time for DT" value="37.000000" />
  <attribute name="Output H" value="4203675648"/>
  <attribute name="Output I" value="200"/>
  <attribute name="Output T" value="16"/>
  <attribute name="Target GC Util Change" value ="80.000000" />
  <attribute name="Current GC Util Change" value="12.000000"/>
  <attribute name="GC Util currently" value="12" />
  <attribute name="CPU Util currently" value="31344369963" />
<allocation-satisfied id="2500" threadId="0000000001842F00" bytesRequested="56" />
<af-end id="2501" timestamp="2019-08-10T03:38:41.599" threadId="0000000001843888" success="true" from="nursery"/>
<exclusive-end id="2502" timestamp="2019-08-10T03:38:41.599" durationms="3.260" />

<exclusive-start id="2503" timestamp="2019-08-10T03:38:41.629" intervalms="33.986">
  <response-info timems="0.055" idlems="0.055" threads="0" lastid="0000000001842F00" lastname="main" />
</exclusive-start>
<af-start id="2504" threadId="0000000001843888" totalBytesRequested="64" timestamp="2019-08-10T03:38:41.629" intervalms="33.988" type="nursery" />
<cycle-start id="2505" type="scavenge" contextid="0" timestamp="2019-08-10T03:38:41.629" intervalms="33.996" />
<gc-start id="2506" type="scavenge" contextid="2505" timestamp="2019-08-10T03:38:41.629">
  <mem-info id="2507" free="4186359552" total="4203675648" percent="99">
    <mem type="nursery" free="0" total="2228224" percent="0">
      <mem type="allocate" free="0" total="1703936" percent="0" />
      <mem type="survivor" free="0" total="524288" percent="0" />
    </mem>
    <mem type="tenure" free="4186359552" total="4201447424" percent="99">
      <mem type="soa" free="3976288000" total="3991375872" percent="99" />
      <mem type="loa" free="210071552" total="210071552" percent="100" />
    </mem>
    <remembered-set count="1054" />
  </mem-info>
</gc-start>
<allocation-stats totalBytes="1390376" >
  <allocated-bytes non-tlh="14592" tlh="1375784" />
  <largest-consumer threadName="main" threadId="0000000001842F00" bytes="1390376" />
</allocation-stats>
<gc-op id="2508" type="scavenge" timems="2.156" contextid="2505" timestamp="2019-08-10T03:38:41.632">
  <scavenger-info tenureage="3" tenuremask="4008" tiltratio="76" />
  <memory-copied type="nursery" objects="1674" bytes="94136" bytesdiscarded="19072" />
  <memory-copied type="tenure" objects="1725" bytes="63584" bytesdiscarded="80" />
  <references type="soft" candidates="36" cleared="0" enqueued="0" dynamicThreshold="31" maxThreshold="32" />
  <references type="weak" candidates="58" cleared="0" enqueued="0" />
</gc-op>
<gc-end id="2509" type="scavenge" contextid="2505" durationms="2.564" usertimems="4.762" systemtimems="0.000" timestamp="2019-08-10T03:38:41.632" activeThreads="16">
  <mem-info id="2510" free="4187967344" total="4203675648" percent="99">
    <mem type="nursery" free="1656176" total="2228224" percent="74">
      <mem type="allocate" free="1656176" total="1769472" percent="93" />
      <mem type="survivor" free="0" total="458752" percent="0" />
    </mem>
    <mem type="tenure" free="4186311168" total="4201447424" percent="99" macro-fragmented="502401">
      <mem type="soa" free="3976239616" total="3991375872" percent="99" />
      <mem type="loa" free="210071552" total="210071552" percent="100" />
    </mem>
    <remembered-set count="518" />
  </mem-info>
</gc-end>
<cycle-end id="2511" type="scavenge" contextid="2505" timestamp="2019-08-10T03:38:41.632" />
  <attribute name="elasticGC enabled" value="1" />
  <attribute name= "numThreadsSpecified" value="16" />
  <attribute name="heapSize specified" value="8519680" />
  <attribute name="Current GC Util" value="14" />
  <attribute name= "Current Time Running" value="121776" />
  <attribute name ="GC Interval" value="200" />
  <attribute name="ProportionalT" value="-33.000000" />
  <attribute name="ProportionalI" value="-33.000000" />
  <attribute name="ProportionalH" value="-33.000000" />
  <attribute name="Current Error" value="-66.000000" />
  <attribute name="IntegralT" value="-1122.000000" />
  <attribute name="IntegralI" value="-1122.000000" />
  <attribute name="IntegralH" value="-1122.000000" />
  <attribute name="DerivativeT" value="-1.941176" />
  <attribute name="DerivativeI" value="-1.941176" />
  <attribute name="DerivativeH" value="-1.941176" />
  <attribute name="Loop Time for DT" value="34.000000" />
  <attribute name="Output H" value="4203675648"/>
  <attribute name="Output I" value="200"/>
  <attribute name="Output T" value="16"/>
  <attribute name="Target GC Util Change" value ="80.000000" />
  <attribute name="Current GC Util Change" value="14.000000"/>
  <attribute name="GC Util currently" value="14" />
  <attribute name="CPU Util currently" value="33899092679" />
<allocation-satisfied id="2512" threadId="0000000001842F00" bytesRequested="64" />
<af-end id="2513" timestamp="2019-08-10T03:38:41.632" threadId="0000000001843888" success="true" from="nursery"/>
<exclusive-end id="2514" timestamp="2019-08-10T03:38:41.632" durationms="2.802" />

<exclusive-start id="2515" timestamp="2019-08-10T03:38:41.681" intervalms="51.786">
  <response-info timems="0.042" idlems="0.042" threads="0" lastid="0000000001842F00" lastname="main" />
</exclusive-start>
<af-start id="2516" threadId="0000000001843888" totalBytesRequested="22776" timestamp="2019-08-10T03:38:41.681" intervalms="51.777" type="nursery" />
<cycle-start id="2517" type="scavenge" contextid="0" timestamp="2019-08-10T03:38:41.681" intervalms="51.771" />
<gc-start id="2518" type="scavenge" contextid="2517" timestamp="2019-08-10T03:38:41.681">
  <mem-info id="2519" free="4186306992" total="4203675648" percent="99">
    <mem type="nursery" free="0" total="2228224" percent="0">
      <mem type="allocate" free="0" total="1769472" percent="0" />
      <mem type="survivor" free="0" total="458752" percent="0" />
    </mem>
    <mem type="tenure" free="4186306992" total="4201447424" percent="99">
      <mem type="soa" free="3976235440" total="3991375872" percent="99" />
      <mem type="loa" free="210071552" total="210071552" percent="100" />
    </mem>
    <remembered-set count="618" />
  </mem-info>
</gc-start>
<allocation-stats totalBytes="1622464" >
  <allocated-bytes non-tlh="335336" tlh="1287128" />
  <largest-consumer threadName="main" threadId="0000000001842F00" bytes="1622464" />
</allocation-stats>
<gc-op id="2520" type="scavenge" timems="2.185" contextid="2517" timestamp="2019-08-10T03:38:41.683">
  <scavenger-info tenureage="14" tenuremask="4000" tiltratio="79" />
  <memory-copied type="nursery" objects="5365" bytes="418088" bytesdiscarded="40568" />
  <memory-copied type="tenure" objects="1727" bytes="267296" bytesdiscarded="40" />
  <copy-failed type="nursery" objects="1732" bytes="267568" />
  <references type="soft" candidates="72" cleared="0" enqueued="0" dynamicThreshold="31" maxThreshold="32" />
  <references type="weak" candidates="46" cleared="1" enqueued="1" />
  <references type="phantom" candidates="2" cleared="1" enqueued="1" />
</gc-op>
<gc-end id="2521" type="scavenge" contextid="2517" durationms="2.510" usertimems="5.727" systemtimems="0.000" timestamp="2019-08-10T03:38:41.684" activeThreads="16">
  <mem-info id="2522" free="4186659432" total="4203675648" percent="99">
    <mem type="nursery" free="655360" total="2228224" percent="29">
      <mem type="allocate" free="655360" total="1114112" percent="58" />
      <mem type="survivor" free="0" total="1114112" percent="0" />
    </mem>
    <mem type="tenure" free="4186004072" total="4201447424" percent="99" macro-fragmented="7740515">
      <mem type="soa" free="3975932520" total="3991375872" percent="99" />
      <mem type="loa" free="210071552" total="210071552" percent="100" />
    </mem>
    <pending-finalizers system="0" default="0" reference="2" classloader="0" />
    <remembered-set count="1226" />
  </mem-info>
</gc-end>
<cycle-end id="2523" type="scavenge" contextid="2517" timestamp="2019-08-10T03:38:41.684" />
  <attribute name="elasticGC enabled" value="1" />
  <attribute name= "numThreadsSpecified" value="16" />
  <attribute name="heapSize specified" value="8519680" />
  <attribute name="Current GC Util" value="8" />
  <attribute name= "Current Time Running" value="121827" />
  <attribute name ="GC Interval" value="200" />
  <attribute name="ProportionalT" value="-36.000000" />
  <attribute name="ProportionalI" value="-36.000000" />
  <attribute name="ProportionalH" value="-36.000000" />
  <attribute name="Current Error" value="-72.000000" />
  <attribute name="IntegralT" value="-1836.000000" />
  <attribute name="IntegralI" value="-1836.000000" />
  <attribute name="IntegralH" value="-1836.000000" />
  <attribute name="DerivativeT" value="-1.411765" />
  <attribute name="DerivativeI" value="-1.411765" />
  <attribute name="DerivativeH" value="-1.411765" />
  <attribute name="Loop Time for DT" value="51.000000" />
  <attribute name="Output H" value="4203675648"/>
  <attribute name="Output I" value="200"/>
  <attribute name="Output T" value="16"/>
  <attribute name="Target GC Util Change" value ="80.000000" />
  <attribute name="Current GC Util Change" value="8.000000"/>
  <attribute name="GC Util currently" value="8" />
  <attribute name="CPU Util currently" value="22275654994" />
<allocation-satisfied id="2524" threadId="0000000001842F00" bytesRequested="22776" />
<af-end id="2525" timestamp="2019-08-10T03:38:41.684" threadId="0000000001843888" success="true" from="nursery"/>
<exclusive-end id="2526" timestamp="2019-08-10T03:38:41.684" durationms="2.821" />

<exclusive-start id="2527" timestamp="2019-08-10T03:38:41.697" intervalms="16.041">
  <response-info timems="0.027" idlems="0.027" threads="0" lastid="0000000001842F00" lastname="main" />
</exclusive-start>
<af-start id="2528" threadId="0000000001843888" totalBytesRequested="32" timestamp="2019-08-10T03:38:41.697" intervalms="16.054" type="nursery" />
<cycle-start id="2529" type="scavenge" contextid="0" timestamp="2019-08-10T03:38:41.697" intervalms="16.059" />
<gc-start id="2530" type="scavenge" contextid="2529" timestamp="2019-08-10T03:38:41.697">
  <mem-info id="2531" free="4185998808" total="4203675648" percent="99">
    <mem type="nursery" free="0" total="2228224" percent="0">
      <mem type="allocate" free="0" total="1114112" percent="0" />
      <mem type="survivor" free="0" total="1114112" percent="0" />
    </mem>
    <mem type="tenure" free="4185998808" total="4201447424" percent="99">
      <mem type="soa" free="3975927256" total="3991375872" percent="99" />
      <mem type="loa" free="210071552" total="210071552" percent="100" />
    </mem>
    <remembered-set count="1286" />
  </mem-info>
</gc-start>
<allocation-stats totalBytes="659944" >
  <allocated-bytes non-tlh="28040" tlh="631904" />
  <largest-consumer threadName="main" threadId="0000000001842F00" bytes="655848" />
</allocation-stats>
<gc-op id="2532" type="scavenge" timems="2.262" contextid="2529" timestamp="2019-08-10T03:38:41.700">
  <scavenger-info tenureage="3" tenuremask="fff8" tiltratio="50" />
  <memory-copied type="nursery" objects="5607" bytes="437376" bytesdiscarded="163760" />
  <memory-copied type="tenure" objects="376" bytes="13728" bytesdiscarded="0" />
  <references type="soft" candidates="72" cleared="0" enqueued="0" dynamicThreshold="31" maxThreshold="32" />
  <references type="weak" candidates="45" cleared="0" enqueued="0" />
  <references type="phantom" candidates="1" cleared="0" enqueued="0" />
</gc-op>
<gc-end id="2533" type="scavenge" contextid="2529" durationms="2.685" usertimems="5.316" systemtimems="0.000" timestamp="2019-08-10T03:38:41.700" activeThreads="16">
  <mem-info id="2534" free="4186495544" total="4203675648" percent="99">
    <mem type="nursery" free="512864" total="2228224" percent="23">
      <mem type="allocate" free="512864" total="1114112" percent="46" />
      <mem type="survivor" free="0" total="1114112" percent="0" />
    </mem>
    <mem type="tenure" free="4185982680" total="4201447424" percent="99" macro-fragmented="67617">
      <mem type="soa" free="3975911128" total="3991375872" percent="99" />
      <mem type="loa" free="210071552" total="210071552" percent="100" />
    </mem>
    <remembered-set count="878" />
  </mem-info>
</gc-end>
<cycle-end id="2535" type="scavenge" contextid="2529" timestamp="2019-08-10T03:38:41.700" />
  <attribute name="elasticGC enabled" value="1" />
  <attribute name= "numThreadsSpecified" value="16" />
  <attribute name="heapSize specified" value="8519680" />
  <attribute name="Current GC Util" value="37" />
  <attribute name= "Current Time Running" value="121843" />
  <attribute name ="GC Interval" value="200" />
  <attribute name="ProportionalT" value="-21.500000" />
  <attribute name="ProportionalI" value="-21.500000" />
  <attribute name="ProportionalH" value="-21.500000" />
  <attribute name="Current Error" value="-43.000000" />
  <attribute name="IntegralT" value="-344.000000" />
  <attribute name="IntegralI" value="-344.000000" />
  <attribute name="IntegralH" value="-344.000000" />
  <attribute name="DerivativeT" value="-2.687500" />
  <attribute name="DerivativeI" value="-2.687500" />
  <attribute name="DerivativeH" value="-2.687500" />
  <attribute name="Loop Time for DT" value="16.000000" />
  <attribute name="Output H" value="4203675648"/>
  <attribute name="Output I" value="200"/>
  <attribute name="Output T" value="16"/>
  <attribute name="Target GC Util Change" value ="80.000000" />
  <attribute name="Current GC Util Change" value="37.000000"/>
  <attribute name="GC Util currently" value="37" />
  <attribute name="CPU Util currently" value="71779260547" />
<allocation-satisfied id="2536" threadId="0000000001842F00" bytesRequested="32" />
<af-end id="2537" timestamp="2019-08-10T03:38:41.700" threadId="0000000001843888" success="true" from="nursery"/>
<exclusive-end id="2538" timestamp="2019-08-10T03:38:41.700" durationms="2.937" />

<exclusive-start id="2539" timestamp="2019-08-10T03:38:41.706" intervalms="9.032">
  <response-info timems="0.021" idlems="0.021" threads="0" lastid="0000000001842F00" lastname="main" />
</exclusive-start>
<af-start id="2540" threadId="0000000001843888" totalBytesRequested="40" timestamp="2019-08-10T03:38:41.706" intervalms="9.018" type="nursery" />
<cycle-start id="2541" type="scavenge" contextid="0" timestamp="2019-08-10T03:38:41.706" intervalms="9.011" />
<gc-start id="2542" type="scavenge" contextid="2541" timestamp="2019-08-10T03:38:41.706">
  <mem-info id="2543" free="4185982680" total="4203675648" percent="99">
    <mem type="nursery" free="0" total="2228224" percent="0">
      <mem type="allocate" free="0" total="1114112" percent="0" />
      <mem type="survivor" free="0" total="1114112" percent="0" />
    </mem>
    <mem type="tenure" free="4185982680" total="4201447424" percent="99">
      <mem type="soa" free="3975911128" total="3991375872" percent="99" />
      <mem type="loa" free="210071552" total="210071552" percent="100" />
    </mem>
    <remembered-set count="878" />
  </mem-info>
</gc-start>
<allocation-stats totalBytes="512792" >
  <allocated-bytes non-tlh="32" tlh="512760" />
  <largest-consumer threadName="main" threadId="0000000001842F00" bytes="512792" />
</allocation-stats>
<gc-op id="2544" type="scavenge" timems="2.657" contextid="2541" timestamp="2019-08-10T03:38:41.709">
  <scavenger-info tenureage="3" tenuremask="ffc8" tiltratio="50" />
  <memory-copied type="nursery" objects="6070" bytes="419960" bytesdiscarded="148552" />
  <memory-copied type="tenure" objects="557" bytes="52592" bytesdiscarded="80" />
  <references type="soft" candidates="38" cleared="0" enqueued="0" dynamicThreshold="31" maxThreshold="32" />
  <references type="weak" candidates="40" cleared="0" enqueued="0" />
  <references type="phantom" candidates="1" cleared="0" enqueued="0" />
</gc-op>
<gc-end id="2545" type="scavenge" contextid="2541" durationms="2.981" usertimems="5.746" systemtimems="0.000" timestamp="2019-08-10T03:38:41.709" activeThreads="16">
  <mem-info id="2546" free="4186447792" total="4203675648" percent="99">
    <mem type="nursery" free="545536" total="2228224" percent="24">
      <mem type="allocate" free="545536" total="1114112" percent="48" />
      <mem type="survivor" free="0" total="1114112" percent="0" />
    </mem>
    <mem type="tenure" free="4185902256" total="4201447424" percent="99" macro-fragmented="11146343">
      <mem type="soa" free="3975830704" total="3991375872" percent="99" />
      <mem type="loa" free="210071552" total="210071552" percent="100" />
    </mem>
    <remembered-set count="738" />
  </mem-info>
</gc-end>
<cycle-end id="2547" type="scavenge" contextid="2541" timestamp="2019-08-10T03:38:41.709" />
  <attribute name="elasticGC enabled" value="1" />
  <attribute name= "numThreadsSpecified" value="16" />
  <attribute name="heapSize specified" value="8519680" />
  <attribute name="Current GC Util" value="60" />
  <attribute name= "Current Time Running" value="121852" />
  <attribute name ="GC Interval" value="200" />
  <attribute name="ProportionalT" value="-10.000000" />
  <attribute name="ProportionalI" value="-10.000000" />
  <attribute name="ProportionalH" value="-10.000000" />
  <attribute name="Current Error" value="-20.000000" />
  <attribute name="IntegralT" value="-90.000000" />
  <attribute name="IntegralI" value="-90.000000" />
  <attribute name="IntegralH" value="-90.000000" />
  <attribute name="DerivativeT" value="-2.222222" />
  <attribute name="DerivativeI" value="-2.222222" />
  <attribute name="DerivativeH" value="-2.222222" />
  <attribute name="Loop Time for DT" value="9.000000" />
  <attribute name="Output H" value="4203675648"/>
  <attribute name="Output I" value="200"/>
  <attribute name="Output T" value="16"/>
  <attribute name="Target GC Util Change" value ="80.000000" />
  <attribute name="Current GC Util Change" value="60.000000"/>
  <attribute name="GC Util currently" value="60" />
  <attribute name="CPU Util currently" value="128200547488" />
<allocation-satisfied id="2548" threadId="0000000001842F00" bytesRequested="40" />
<af-end id="2549" timestamp="2019-08-10T03:38:41.709" threadId="0000000001843888" success="true" from="nursery"/>
<exclusive-end id="2550" timestamp="2019-08-10T03:38:41.709" durationms="3.188" />

<exclusive-start id="2551" timestamp="2019-08-10T03:38:41.715" intervalms="9.013">
  <response-info timems="0.147" idlems="0.090" threads="1" lastid="0000000001868600" lastname="IProfiler" />
</exclusive-start>
<af-start id="2552" threadId="0000000001843888" totalBytesRequested="32" timestamp="2019-08-10T03:38:41.715" intervalms="9.018" type="nursery" />
<cycle-start id="2553" type="scavenge" contextid="0" timestamp="2019-08-10T03:38:41.715" intervalms="9.018" />
<gc-start id="2554" type="scavenge" contextid="2553" timestamp="2019-08-10T03:38:41.715">
  <mem-info id="2555" free="4185902256" total="4203675648" percent="99">
    <mem type="nursery" free="0" total="2228224" percent="0">
      <mem type="allocate" free="0" total="1114112" percent="0" />
      <mem type="survivor" free="0" total="1114112" percent="0" />
    </mem>
    <mem type="tenure" free="4185902256" total="4201447424" percent="99">
      <mem type="soa" free="3975830704" total="3991375872" percent="99" />
      <mem type="loa" free="210071552" total="210071552" percent="100" />
    </mem>
    <remembered-set count="738" />
  </mem-info>
</gc-start>
<allocation-stats totalBytes="545416" >
  <allocated-bytes non-tlh="40" tlh="545376" />
  <largest-consumer threadName="main" threadId="0000000001842F00" bytes="545416" />
</allocation-stats>
<gc-op id="2556" type="scavenge" timems="5.308" contextid="2553" timestamp="2019-08-10T03:38:41.721">
  <scavenger-info tenureage="3" tenuremask="ffe8" tiltratio="50" />
  <memory-copied type="nursery" objects="2606" bytes="118048" bytesdiscarded="56776" />
  <memory-copied type="tenure" objects="4426" bytes="336184" bytesdiscarded="128" />
  <references type="weak" candidates="38" cleared="0" enqueued="0" />
</gc-op>
<gc-end id="2557" type="scavenge" contextid="2553" durationms="5.793" usertimems="10.535" systemtimems="0.000" timestamp="2019-08-10T03:38:41.721" activeThreads="16">
  <mem-info id="2558" free="4186451112" total="4203675648" percent="99">
    <mem type="nursery" free="939272" total="2228224" percent="42">
      <mem type="allocate" free="939272" total="1114112" percent="84" />
      <mem type="survivor" free="0" total="1114112" percent="0" />
    </mem>
    <mem type="tenure" free="4185511840" total="4201447424" percent="99" macro-fragmented="3110739">
      <mem type="soa" free="3975440288" total="3991375872" percent="99" />
      <mem type="loa" free="210071552" total="210071552" percent="100" />
    </mem>
    <remembered-set count="370" />
  </mem-info>
</gc-end>
<cycle-end id="2559" type="scavenge" contextid="2553" timestamp="2019-08-10T03:38:41.721" />
  <attribute name="elasticGC enabled" value="1" />
  <attribute name= "numThreadsSpecified" value="16" />
  <attribute name="heapSize specified" value="8519680" />
  <attribute name="Current GC Util" value="64" />
  <attribute name= "Current Time Running" value="121862" />
  <attribute name ="GC Interval" value="200" />
  <attribute name="ProportionalT" value="-8.000000" />
  <attribute name="ProportionalI" value="-8.000000" />
  <attribute name="ProportionalH" value="-8.000000" />
  <attribute name="Current Error" value="-16.000000" />
  <attribute name="IntegralT" value="-80.000000" />
  <attribute name="IntegralI" value="-80.000000" />
  <attribute name="IntegralH" value="-80.000000" />
  <attribute name="DerivativeT" value="-1.600000" />
  <attribute name="DerivativeI" value="-1.600000" />
  <attribute name="DerivativeH" value="-1.600000" />
  <attribute name="Loop Time for DT" value="10.000000" />
  <attribute name="Output H" value="4203675648"/>
  <attribute name="Output I" value="200"/>
  <attribute name="Output T" value="16"/>
  <attribute name="Target GC Util Change" value ="80.000000" />
  <attribute name="Current GC Util Change" value="64.000000"/>
  <attribute name="GC Util currently" value="64" />
  <attribute name="CPU Util currently" value="127764069349" />
<allocation-satisfied id="2560" threadId="0000000001842F00" bytesRequested="32" />
<af-end id="2561" timestamp="2019-08-10T03:38:41.721" threadId="0000000001843888" success="true" from="nursery"/>
<exclusive-end id="2562" timestamp="2019-08-10T03:38:41.721" durationms="6.016" />

<exclusive-start id="2563" timestamp="2019-08-10T03:38:41.729" intervalms="13.527">
  <response-info timems="0.048" idlems="0.048" threads="0" lastid="0000000001842F00" lastname="main" />
</exclusive-start>
<af-start id="2564" threadId="0000000001843888" totalBytesRequested="32" timestamp="2019-08-10T03:38:41.729" intervalms="13.526" type="nursery" />
<cycle-start id="2565" type="scavenge" contextid="0" timestamp="2019-08-10T03:38:41.729" intervalms="13.590" />
<gc-start id="2566" type="scavenge" contextid="2565" timestamp="2019-08-10T03:38:41.729">
  <mem-info id="2567" free="4185511840" total="4203675648" percent="99">
    <mem type="nursery" free="0" total="2228224" percent="0">
      <mem type="allocate" free="0" total="1114112" percent="0" />
      <mem type="survivor" free="0" total="1114112" percent="0" />
    </mem>
    <mem type="tenure" free="4185511840" total="4201447424" percent="99">
      <mem type="soa" free="3975440288" total="3991375872" percent="99" />
      <mem type="loa" free="210071552" total="210071552" percent="100" />
    </mem>
    <remembered-set count="484" />
  </mem-info>
</gc-start>
<allocation-stats totalBytes="939088" >
  <allocated-bytes non-tlh="32" tlh="939056" />
  <largest-consumer threadName="main" threadId="0000000001842F00" bytes="939088" />
</allocation-stats>
<gc-op id="2568" type="scavenge" timems="1.452" contextid="2565" timestamp="2019-08-10T03:38:41.730">
  <scavenger-info tenureage="3" tenuremask="ffe8" tiltratio="50" />
  <memory-copied type="nursery" objects="3175" bytes="126880" bytesdiscarded="14320" />
  <memory-copied type="tenure" objects="572" bytes="47040" bytesdiscarded="16" />
</gc-op>
<gc-end id="2569" type="scavenge" contextid="2565" durationms="1.774" usertimems="3.890" systemtimems="0.000" timestamp="2019-08-10T03:38:41.731" activeThreads="16">
  <mem-info id="2570" free="4186657552" total="4203675648" percent="99">
    <mem type="nursery" free="1169520" total="2228224" percent="52">
      <mem type="allocate" free="1169520" total="1310720" percent="89" />
      <mem type="survivor" free="0" total="917504" percent="0" />
    </mem>
    <mem type="tenure" free="4185488032" total="4201447424" percent="99" macro-fragmented="1250136">
      <mem type="soa" free="3975416480" total="3991375872" percent="99" />
      <mem type="loa" free="210071552" total="210071552" percent="100" />
    </mem>
    <remembered-set count="424" />
  </mem-info>
</gc-end>
<cycle-end id="2571" type="scavenge" contextid="2565" timestamp="2019-08-10T03:38:41.731" />
  <attribute name="elasticGC enabled" value="1" />
  <attribute name= "numThreadsSpecified" value="16" />
  <attribute name="heapSize specified" value="8519680" />
  <attribute name="Current GC Util" value="78" />
  <attribute name= "Current Time Running" value="121875" />
  <attribute name ="GC Interval" value="200" />
  <attribute name="ProportionalT" value="-1.000000" />
  <attribute name="ProportionalI" value="-1.000000" />
  <attribute name="ProportionalH" value="-1.000000" />
  <attribute name="Current Error" value="-2.000000" />
  <attribute name="IntegralT" value="-13.000000" />
  <attribute name="IntegralI" value="-13.000000" />
  <attribute name="IntegralH" value="-13.000000" />
  <attribute name="DerivativeT" value="-0.153846" />
  <attribute name="DerivativeI" value="-0.153846" />
  <attribute name="DerivativeH" value="-0.153846" />
  <attribute name="Loop Time for DT" value="13.000000" />
  <attribute name="Output H" value="4203675648"/>
  <attribute name="Output I" value="200"/>
  <attribute name="Output T" value="16"/>
  <attribute name="Target GC Util Change" value ="80.000000" />
  <attribute name="Current GC Util Change" value="78.000000"/>
  <attribute name="GC Util currently" value="78" />
  <attribute name="CPU Util currently" value="84912583981" />
<allocation-satisfied id="2572" threadId="0000000001842F00" bytesRequested="32" />
<af-end id="2573" timestamp="2019-08-10T03:38:41.731" threadId="0000000001843888" success="true" from="nursery"/>
<exclusive-end id="2574" timestamp="2019-08-10T03:38:41.731" durationms="2.041" />

<exclusive-start id="2575" timestamp="2019-08-10T03:38:41.744" intervalms="15.773">
  <response-info timems="0.055" idlems="0.055" threads="0" lastid="0000000001842F00" lastname="main" />
</exclusive-start>
<af-start id="2576" threadId="0000000001843888" totalBytesRequested="32" timestamp="2019-08-10T03:38:41.745" intervalms="15.779" type="nursery" />
<cycle-start id="2577" type="scavenge" contextid="0" timestamp="2019-08-10T03:38:41.745" intervalms="15.722" />
<gc-start id="2578" type="scavenge" contextid="2577" timestamp="2019-08-10T03:38:41.745">
  <mem-info id="2579" free="4185483272" total="4203675648" percent="99">
    <mem type="nursery" free="0" total="2228224" percent="0">
      <mem type="allocate" free="0" total="1310720" percent="0" />
      <mem type="survivor" free="0" total="917504" percent="0" />
    </mem>
    <mem type="tenure" free="4185483272" total="4201447424" percent="99">
      <mem type="soa" free="3975411720" total="3991375872" percent="99" />
      <mem type="loa" free="210071552" total="210071552" percent="100" />
    </mem>
    <remembered-set count="598" />
  </mem-info>
</gc-start>
<allocation-stats totalBytes="1173872" >
  <allocated-bytes non-tlh="4792" tlh="1169080" />
  <largest-consumer threadName="main" threadId="0000000001842F00" bytes="1173872" />
</allocation-stats>
<gc-op id="2580" type="scavenge" timems="1.714" contextid="2577" timestamp="2019-08-10T03:38:41.746">
  <scavenger-info tenureage="3" tenuremask="ffe8" tiltratio="58" />
  <memory-copied type="nursery" objects="3629" bytes="146064" bytesdiscarded="20432" />
  <memory-copied type="tenure" objects="898" bytes="30896" bytesdiscarded="24" />
  <references type="weak" candidates="38" cleared="0" enqueued="0" />
</gc-op>
<gc-end id="2581" type="scavenge" contextid="2577" durationms="2.080" usertimems="6.021" systemtimems="0.000" timestamp="2019-08-10T03:38:41.747" activeThreads="16">
  <mem-info id="2582" free="4186742408" total="4203675648" percent="99">
    <mem type="nursery" free="1275264" total="2228224" percent="57">
      <mem type="allocate" free="1275264" total="1441792" percent="88" />
      <mem type="survivor" free="0" total="786432" percent="0" />
    </mem>
    <mem type="tenure" free="4185467144" total="4201447424" percent="99" macro-fragmented="348889">
      <mem type="soa" free="3975395592" total="3991375872" percent="99" />
      <mem type="loa" free="210071552" total="210071552" percent="100" />
    </mem>
    <remembered-set count="525" />
  </mem-info>
</gc-end>
<cycle-end id="2583" type="scavenge" contextid="2577" timestamp="2019-08-10T03:38:41.747" />
  <attribute name="elasticGC enabled" value="1" />
  <attribute name= "numThreadsSpecified" value="16" />
  <attribute name="heapSize specified" value="8519680" />
  <attribute name="Current GC Util" value="21" />
  <attribute name= "Current Time Running" value="121891" />
  <attribute name ="GC Interval" value="200" />
  <attribute name="ProportionalT" value="-29.500000" />
  <attribute name="ProportionalI" value="-29.500000" />
  <attribute name="ProportionalH" value="-29.500000" />
  <attribute name="Current Error" value="-59.000000" />
  <attribute name="IntegralT" value="-472.000000" />
  <attribute name="IntegralI" value="-472.000000" />
  <attribute name="IntegralH" value="-472.000000" />
  <attribute name="DerivativeT" value="-3.687500" />
  <attribute name="DerivativeI" value="-3.687500" />
  <attribute name="DerivativeH" value="-3.687500" />
  <attribute name="Loop Time for DT" value="16.000000" />
  <attribute name="Output H" value="4203675648"/>
  <attribute name="Output I" value="200"/>
  <attribute name="Output T" value="16"/>
  <attribute name="Target GC Util Change" value ="80.000000" />
  <attribute name="Current GC Util Change" value="21.000000"/>
  <attribute name="GC Util currently" value="21" />
  <attribute name="CPU Util currently" value="72843663212" />
<allocation-satisfied id="2584" threadId="0000000001842F00" bytesRequested="32" />
<af-end id="2585" timestamp="2019-08-10T03:38:41.747" threadId="0000000001843888" success="true" from="nursery"/>
<exclusive-end id="2586" timestamp="2019-08-10T03:38:41.747" durationms="2.352" />

<exclusive-start id="2587" timestamp="2019-08-10T03:38:41.757" intervalms="12.190">
  <response-info timems="0.067" idlems="0.067" threads="0" lastid="0000000001842F00" lastname="main" />
</exclusive-start>
<af-start id="2588" threadId="0000000001843888" totalBytesRequested="32" timestamp="2019-08-10T03:38:41.757" intervalms="12.183" type="nursery" />
<cycle-start id="2589" type="scavenge" contextid="0" timestamp="2019-08-10T03:38:41.757" intervalms="12.176" />
<gc-start id="2590" type="scavenge" contextid="2589" timestamp="2019-08-10T03:38:41.757">
  <mem-info id="2591" free="4185467144" total="4203675648" percent="99">
    <mem type="nursery" free="0" total="2228224" percent="0">
      <mem type="allocate" free="0" total="1441792" percent="0" />
      <mem type="survivor" free="0" total="786432" percent="0" />
    </mem>
    <mem type="tenure" free="4185467144" total="4201447424" percent="99">
      <mem type="soa" free="3975395592" total="3991375872" percent="99" />
      <mem type="loa" free="210071552" total="210071552" percent="100" />
    </mem>
    <remembered-set count="678" />
  </mem-info>
</gc-start>
<allocation-stats totalBytes="1275064" >
  <allocated-bytes non-tlh="32" tlh="1275032" />
  <largest-consumer threadName="main" threadId="0000000001842F00" bytes="1275064" />
</allocation-stats>
<gc-op id="2592" type="scavenge" timems="2.185" contextid="2589" timestamp="2019-08-10T03:38:41.759">
  <scavenger-info tenureage="3" tenuremask="ffe8" tiltratio="64" />
  <memory-copied type="nursery" objects="4425" bytes="175728" bytesdiscarded="29952" />
  <memory-copied type="tenure" objects="980" bytes="35136" bytesdiscarded="40" />
  <references type="weak" candidates="38" cleared="0" enqueued="0" />
</gc-op>
<gc-end id="2593" type="scavenge" contextid="2589" durationms="2.881" usertimems="7.861" systemtimems="0.000" timestamp="2019-08-10T03:38:41.760" activeThreads="16">
  <mem-info id="2594" free="4186802056" total="4203675648" percent="99">
    <mem type="nursery" free="1367168" total="2228224" percent="61">
      <mem type="allocate" free="1367168" total="1572864" percent="86" />
      <mem type="survivor" free="0" total="655360" percent="0" />
    </mem>
    <mem type="tenure" free="4185434888" total="4201447424" percent="99" macro-fragmented="207920">
      <mem type="soa" free="3975363336" total="3991375872" percent="99" />
      <mem type="loa" free="210071552" total="210071552" percent="100" />
    </mem>
    <remembered-set count="555" />
  </mem-info>
</gc-end>
<cycle-end id="2595" type="scavenge" contextid="2589" timestamp="2019-08-10T03:38:41.760" />
  <attribute name="elasticGC enabled" value="1" />
  <attribute name= "numThreadsSpecified" value="16" />
  <attribute name="heapSize specified" value="8519680" />
  <attribute name="Current GC Util" value="28" />
  <attribute name= "Current Time Running" value="121903" />
  <attribute name ="GC Interval" value="200" />
  <attribute name="ProportionalT" value="-26.000000" />
  <attribute name="ProportionalI" value="-26.000000" />
  <attribute name="ProportionalH" value="-26.000000" />
  <attribute name="Current Error" value="-52.000000" />
  <attribute name="IntegralT" value="-312.000000" />
  <attribute name="IntegralI" value="-312.000000" />
  <attribute name="IntegralH" value="-312.000000" />
  <attribute name="DerivativeT" value="-4.333333" />
  <attribute name="DerivativeI" value="-4.333333" />
  <attribute name="DerivativeH" value="-4.333333" />
  <attribute name="Loop Time for DT" value="12.000000" />
  <attribute name="Output H" value="4203675648"/>
  <attribute name="Output I" value="200"/>
  <attribute name="Output T" value="16"/>
  <attribute name="Target GC Util Change" value ="80.000000" />
  <attribute name="Current GC Util Change" value="28.000000"/>
  <attribute name="GC Util currently" value="28" />
  <attribute name="CPU Util currently" value="94618398652" />
<allocation-satisfied id="2596" threadId="0000000001842F00" bytesRequested="32" />
<af-end id="2597" timestamp="2019-08-10T03:38:41.760" threadId="0000000001843888" success="true" from="nursery"/>
<exclusive-end id="2598" timestamp="2019-08-10T03:38:41.760" durationms="3.298" />

<exclusive-start id="2599" timestamp="2019-08-10T03:38:41.773" intervalms="15.931">
  <response-info timems="0.056" idlems="0.056" threads="0" lastid="0000000001842F00" lastname="main" />
</exclusive-start>
<af-start id="2600" threadId="0000000001843888" totalBytesRequested="24" timestamp="2019-08-10T03:38:41.773" intervalms="15.931" type="nursery" />
<cycle-start id="2601" type="scavenge" contextid="0" timestamp="2019-08-10T03:38:41.773" intervalms="15.930" />
<gc-start id="2602" type="scavenge" contextid="2601" timestamp="2019-08-10T03:38:41.773">
  <mem-info id="2603" free="4185434888" total="4203675648" percent="99">
    <mem type="nursery" free="0" total="2228224" percent="0">
      <mem type="allocate" free="0" total="1572864" percent="0" />
      <mem type="survivor" free="0" total="655360" percent="0" />
    </mem>
    <mem type="tenure" free="4185434888" total="4201447424" percent="99">
      <mem type="soa" free="3975363336" total="3991375872" percent="99" />
      <mem type="loa" free="210071552" total="210071552" percent="100" />
    </mem>
    <remembered-set count="767" />
  </mem-info>
</gc-start>
<allocation-stats totalBytes="1366944" >
  <allocated-bytes non-tlh="32" tlh="1366912" />
  <largest-consumer threadName="main" threadId="0000000001842F00" bytes="1366944" />
</allocation-stats>
<gc-op id="2604" type="scavenge" timems="2.733" contextid="2601" timestamp="2019-08-10T03:38:41.775">
  <scavenger-info tenureage="3" tenuremask="ffe8" tiltratio="70" />
  <memory-copied type="nursery" objects="5371" bytes="201376" bytesdiscarded="24400" />
  <memory-copied type="tenure" objects="1236" bytes="58760" bytesdiscarded="48" />
  <references type="weak" candidates="38" cleared="0" enqueued="0" />
</gc-op>
<gc-end id="2605" type="scavenge" contextid="2601" durationms="3.619" usertimems="5.879" systemtimems="0.000" timestamp="2019-08-10T03:38:41.776" activeThreads="16">
  <mem-info id="2606" free="4186786168" total="4203675648" percent="99">
    <mem type="nursery" free="1412608" total="2228224" percent="63">
      <mem type="allocate" free="1412608" total="1638400" percent="86" />
      <mem type="survivor" free="0" total="589824" percent="0" />
    </mem>
    <mem type="tenure" free="4185373560" total="4201447424" percent="99" macro-fragmented="2592282">
      <mem type="soa" free="3975302008" total="3991375872" percent="99" />
      <mem type="loa" free="210071552" total="210071552" percent="100" />
    </mem>
    <remembered-set count="601" />
  </mem-info>
</gc-end>
<cycle-end id="2607" type="scavenge" contextid="2601" timestamp="2019-08-10T03:38:41.776" />
  <attribute name="elasticGC enabled" value="1" />
  <attribute name= "numThreadsSpecified" value="16" />
  <attribute name="heapSize specified" value="8519680" />
  <attribute name="Current GC Util" value="34" />
  <attribute name= "Current Time Running" value="121919" />
  <attribute name ="GC Interval" value="200" />
  <attribute name="ProportionalT" value="-23.000000" />
  <attribute name="ProportionalI" value="-23.000000" />
  <attribute name="ProportionalH" value="-23.000000" />
  <attribute name="Current Error" value="-46.000000" />
  <attribute name="IntegralT" value="-368.000000" />
  <attribute name="IntegralI" value="-368.000000" />
  <attribute name="IntegralH" value="-368.000000" />
  <attribute name="DerivativeT" value="-2.875000" />
  <attribute name="DerivativeI" value="-2.875000" />
  <attribute name="DerivativeH" value="-2.875000" />
  <attribute name="Loop Time for DT" value="16.000000" />
  <attribute name="Output H" value="4203675648"/>
  <attribute name="Output I" value="200"/>
  <attribute name="Output T" value="16"/>
  <attribute name="Target GC Util Change" value ="80.000000" />
  <attribute name="Current GC Util Change" value="34.000000"/>
  <attribute name="GC Util currently" value="34" />
  <attribute name="CPU Util currently" value="72824996088" />
<allocation-satisfied id="2608" threadId="0000000001842F00" bytesRequested="24" />
<af-end id="2609" timestamp="2019-08-10T03:38:41.776" threadId="0000000001843888" success="true" from="nursery"/>
<exclusive-end id="2610" timestamp="2019-08-10T03:38:41.776" durationms="3.847" />

<exclusive-start id="2611" timestamp="2019-08-10T03:38:41.791" intervalms="18.593">
  <response-info timems="0.019" idlems="0.019" threads="0" lastid="0000000001842F00" lastname="main" />
</exclusive-start>
<af-start id="2612" threadId="0000000001843888" totalBytesRequested="32" timestamp="2019-08-10T03:38:41.791" intervalms="18.590" type="nursery" />
<cycle-start id="2613" type="scavenge" contextid="0" timestamp="2019-08-10T03:38:41.791" intervalms="18.588" />
<gc-start id="2614" type="scavenge" contextid="2613" timestamp="2019-08-10T03:38:41.791">
  <mem-info id="2615" free="4185371680" total="4203675648" percent="99">
    <mem type="nursery" free="0" total="2228224" percent="0">
      <mem type="allocate" free="0" total="1638400" percent="0" />
      <mem type="survivor" free="0" total="589824" percent="0" />
    </mem>
    <mem type="tenure" free="4185371680" total="4201447424" percent="99">
      <mem type="soa" free="3975300128" total="3991375872" percent="99" />
      <mem type="loa" free="210071552" total="210071552" percent="100" />
    </mem>
    <remembered-set count="818" />
  </mem-info>
</gc-start>
<allocation-stats totalBytes="1414304" >
  <allocated-bytes non-tlh="1904" tlh="1412400" />
  <largest-consumer threadName="main" threadId="0000000001842F00" bytes="1414304" />
</allocation-stats>
<gc-op id="2616" type="scavenge" timems="1.929" contextid="2613" timestamp="2019-08-10T03:38:41.793">
  <scavenger-info tenureage="3" tenuremask="ffe8" tiltratio="73" />
  <memory-copied type="nursery" objects="6203" bytes="239048" bytesdiscarded="18984" />
  <memory-copied type="tenure" objects="1253" bytes="47144" bytesdiscarded="24" />
  <references type="weak" candidates="16" cleared="0" enqueued="0" />
</gc-op>
<gc-end id="2617" type="scavenge" contextid="2613" durationms="2.414" usertimems="4.228" systemtimems="0.000" timestamp="2019-08-10T03:38:41.794" activeThreads="16">
  <mem-info id="2618" free="4186703648" total="4203675648" percent="99">
    <mem type="nursery" free="1380352" total="2228224" percent="61">
      <mem type="allocate" free="1380352" total="1638400" percent="84" />
      <mem type="survivor" free="0" total="589824" percent="0" />
    </mem>
    <mem type="tenure" free="4185323296" total="4201447424" percent="99" macro-fragmented="242284">
      <mem type="soa" free="3975251744" total="3991375872" percent="99" />
      <mem type="loa" free="210071552" total="210071552" percent="100" />
    </mem>
    <remembered-set count="704" />
  </mem-info>
</gc-end>
<cycle-end id="2619" type="scavenge" contextid="2613" timestamp="2019-08-10T03:38:41.794" />
  <attribute name="elasticGC enabled" value="1" />
  <attribute name= "numThreadsSpecified" value="16" />
  <attribute name="heapSize specified" value="8519680" />
  <attribute name="Current GC Util" value="31" />
  <attribute name= "Current Time Running" value="121937" />
  <attribute name ="GC Interval" value="200" />
  <attribute name="ProportionalT" value="-24.500000" />
  <attribute name="ProportionalI" value="-24.500000" />
  <attribute name="ProportionalH" value="-24.500000" />
  <attribute name="Current Error" value="-49.000000" />
  <attribute name="IntegralT" value="-441.000000" />
  <attribute name="IntegralI" value="-441.000000" />
  <attribute name="IntegralH" value="-441.000000" />
  <attribute name="DerivativeT" value="-2.722222" />
  <attribute name="DerivativeI" value="-2.722222" />
  <attribute name="DerivativeH" value="-2.722222" />
  <attribute name="Loop Time for DT" value="18.000000" />
  <attribute name="Output H" value="4203675648"/>
  <attribute name="Output I" value="200"/>
  <attribute name="Output T" value="16"/>
  <attribute name="Target GC Util Change" value ="80.000000" />
  <attribute name="Current GC Util Change" value="31.000000"/>
  <attribute name="GC Util currently" value="31" />
  <attribute name="CPU Util currently" value="62121982329" />
<allocation-satisfied id="2620" threadId="0000000001842F00" bytesRequested="32" />
<af-end id="2621" timestamp="2019-08-10T03:38:41.794" threadId="0000000001843888" success="true" from="nursery"/>
<exclusive-end id="2622" timestamp="2019-08-10T03:38:41.794" durationms="2.628" />

<exclusive-start id="2623" timestamp="2019-08-10T03:38:41.809" intervalms="17.497">
  <response-info timems="0.054" idlems="0.054" threads="0" lastid="0000000001842F00" lastname="main" />
</exclusive-start>
<af-start id="2624" threadId="0000000001843888" totalBytesRequested="72" timestamp="2019-08-10T03:38:41.809" intervalms="17.507" type="nursery" />
<cycle-start id="2625" type="scavenge" contextid="0" timestamp="2019-08-10T03:38:41.809" intervalms="17.571" />
<gc-start id="2626" type="scavenge" contextid="2625" timestamp="2019-08-10T03:38:41.809">
  <mem-info id="2627" free="4185323128" total="4203675648" percent="99">
    <mem type="nursery" free="0" total="2228224" percent="0">
      <mem type="allocate" free="0" total="1638400" percent="0" />
      <mem type="survivor" free="0" total="589824" percent="0" />
    </mem>
    <mem type="tenure" free="4185323128" total="4201447424" percent="99">
      <mem type="soa" free="3975251576" total="3991375872" percent="99" />
      <mem type="loa" free="210071552" total="210071552" percent="100" />
    </mem>
    <remembered-set count="917" />
  </mem-info>
</gc-start>
<allocation-stats totalBytes="1380392" >
  <allocated-bytes non-tlh="200" tlh="1380192" />
  <largest-consumer threadName="main" threadId="0000000001842F00" bytes="1380392" />
</allocation-stats>
<gc-op id="2628" type="scavenge" timems="1.877" contextid="2625" timestamp="2019-08-10T03:38:41.811">
  <scavenger-info tenureage="3" tenuremask="ffe8" tiltratio="73" />
  <memory-copied type="nursery" objects="8754" bytes="346520" bytesdiscarded="52720" />
  <memory-copied type="tenure" objects="1602" bytes="59576" bytesdiscarded="56" />
  <references type="weak" candidates="16" cleared="0" enqueued="0" />
</gc-op>
<gc-end id="2629" type="scavenge" contextid="2625" durationms="2.421" usertimems="5.722" systemtimems="0.000" timestamp="2019-08-10T03:38:41.811" activeThreads="16">
  <mem-info id="2630" free="4186506216" total="4203675648" percent="99">
    <mem type="nursery" free="1239152" total="2228224" percent="55">
      <mem type="allocate" free="1239152" total="1638400" percent="75" />
      <mem type="survivor" free="0" total="589824" percent="0" />
    </mem>
    <mem type="tenure" free="4185267064" total="4201447424" percent="99" macro-fragmented="723458">
      <mem type="soa" free="3975195512" total="3991375872" percent="99" />
      <mem type="loa" free="210071552" total="210071552" percent="100" />
    </mem>
    <remembered-set count="767" />
  </mem-info>
</gc-end>
<cycle-end id="2631" type="scavenge" contextid="2625" timestamp="2019-08-10T03:38:41.811" />
  <attribute name="elasticGC enabled" value="1" />
  <attribute name= "numThreadsSpecified" value="16" />
  <attribute name="heapSize specified" value="8519680" />
  <attribute name="Current GC Util" value="23" />
  <attribute name= "Current Time Running" value="121955" />
  <attribute name ="GC Interval" value="200" />
  <attribute name="ProportionalT" value="-28.500000" />
  <attribute name="ProportionalI" value="-28.500000" />
  <attribute name="ProportionalH" value="-28.500000" />
  <attribute name="Current Error" value="-57.000000" />
  <attribute name="IntegralT" value="-513.000000" />
  <attribute name="IntegralI" value="-513.000000" />
  <attribute name="IntegralH" value="-513.000000" />
  <attribute name="DerivativeT" value="-3.166667" />
  <attribute name="DerivativeI" value="-3.166667" />
  <attribute name="DerivativeH" value="-3.166667" />
  <attribute name="Loop Time for DT" value="18.000000" />
  <attribute name="Output H" value="4203675648"/>
  <attribute name="Output I" value="200"/>
  <attribute name="Output T" value="16"/>
  <attribute name="Target GC Util Change" value ="80.000000" />
  <attribute name="Current GC Util Change" value="23.000000"/>
  <attribute name="GC Util currently" value="23" />
  <attribute name="CPU Util currently" value="65462065471" />
<allocation-satisfied id="2632" threadId="0000000001842F00" bytesRequested="72" />
<af-end id="2633" timestamp="2019-08-10T03:38:41.811" threadId="0000000001843888" success="true" from="nursery"/>
<exclusive-end id="2634" timestamp="2019-08-10T03:38:41.811" durationms="2.723" />

<exclusive-start id="2635" timestamp="2019-08-10T03:38:41.840" intervalms="30.907">
  <response-info timems="0.048" idlems="0.048" threads="0" lastid="0000000001842F00" lastname="main" />
</exclusive-start>
<af-start id="2636" threadId="0000000001843888" totalBytesRequested="48" timestamp="2019-08-10T03:38:41.840" intervalms="30.913" type="nursery" />
<cycle-start id="2637" type="scavenge" contextid="0" timestamp="2019-08-10T03:38:41.840" intervalms="30.862" />
<gc-start id="2638" type="scavenge" contextid="2637" timestamp="2019-08-10T03:38:41.840">
  <mem-info id="2639" free="4185266944" total="4203675648" percent="99">
    <mem type="nursery" free="0" total="2228224" percent="0">
      <mem type="allocate" free="0" total="1638400" percent="0" />
      <mem type="survivor" free="0" total="589824" percent="0" />
    </mem>
    <mem type="tenure" free="4185266944" total="4201447424" percent="99">
      <mem type="soa" free="3975195392" total="3991375872" percent="99" />
      <mem type="loa" free="210071552" total="210071552" percent="100" />
    </mem>
    <remembered-set count="819" />
  </mem-info>
</gc-start>
<allocation-stats totalBytes="1238792" >
  <allocated-bytes non-tlh="192" tlh="1238600" />
  <largest-consumer threadName="main" threadId="0000000001842F00" bytes="1238792" />
</allocation-stats>
<gc-op id="2640" type="scavenge" timems="1.881" contextid="2637" timestamp="2019-08-10T03:38:41.842">
  <scavenger-info tenureage="3" tenuremask="ffe8" tiltratio="73" />
  <memory-copied type="nursery" objects="9880" bytes="434080" bytesdiscarded="50016" />
  <memory-copied type="tenure" objects="2346" bytes="90880" bytesdiscarded="40" />
  <references type="weak" candidates="16" cleared="0" enqueued="0" />
</gc-op>
<gc-end id="2641" type="scavenge" contextid="2637" durationms="2.669" usertimems="4.880" systemtimems="0.000" timestamp="2019-08-10T03:38:41.842" activeThreads="16">
  <mem-info id="2642" free="4186323448" total="4203675648" percent="99">
    <mem type="nursery" free="1088760" total="2228224" percent="48">
      <mem type="allocate" free="1088760" total="1572864" percent="69" />
      <mem type="survivor" free="0" total="655360" percent="0" />
    </mem>
    <mem type="tenure" free="4185234688" total="4201447424" percent="99" macro-fragmented="1500163">
      <mem type="soa" free="3975163136" total="3991375872" percent="99" />
      <mem type="loa" free="210071552" total="210071552" percent="100" />
    </mem>
    <remembered-set count="609" />
  </mem-info>
</gc-end>
<cycle-end id="2643" type="scavenge" contextid="2637" timestamp="2019-08-10T03:38:41.842" />
  <attribute name="elasticGC enabled" value="1" />
  <attribute name= "numThreadsSpecified" value="16" />
  <attribute name="heapSize specified" value="8519680" />
  <attribute name="Current GC Util" value="14" />
  <attribute name= "Current Time Running" value="121986" />
  <attribute name ="GC Interval" value="200" />
  <attribute name="ProportionalT" value="-33.000000" />
  <attribute name="ProportionalI" value="-33.000000" />
  <attribute name="ProportionalH" value="-33.000000" />
  <attribute name="Current Error" value="-66.000000" />
  <attribute name="IntegralT" value="-1023.000000" />
  <attribute name="IntegralI" value="-1023.000000" />
  <attribute name="IntegralH" value="-1023.000000" />
  <attribute name="DerivativeT" value="-2.129032" />
  <attribute name="DerivativeI" value="-2.129032" />
  <attribute name="DerivativeH" value="-2.129032" />
  <attribute name="Loop Time for DT" value="31.000000" />
  <attribute name="Output H" value="4203675648"/>
  <attribute name="Output I" value="200"/>
  <attribute name="Output T" value="16"/>
  <attribute name="Target GC Util Change" value ="80.000000" />
  <attribute name="Current GC Util Change" value="14.000000"/>
  <attribute name="GC Util currently" value="14" />
  <attribute name="CPU Util currently" value="37347402885" />
<allocation-satisfied id="2644" threadId="0000000001842F00" bytesRequested="48" />
<af-end id="2645" timestamp="2019-08-10T03:38:41.843" threadId="0000000001843888" success="true" from="nursery"/>
<exclusive-end id="2646" timestamp="2019-08-10T03:38:41.843" durationms="2.959" />

<exclusive-start id="2647" timestamp="2019-08-10T03:38:41.868" intervalms="28.199">
  <response-info timems="0.044" idlems="0.044" threads="0" lastid="0000000001842F00" lastname="main" />
</exclusive-start>
<af-start id="2648" threadId="0000000001843888" totalBytesRequested="48" timestamp="2019-08-10T03:38:41.868" intervalms="28.192" type="nursery" />
<cycle-start id="2649" type="scavenge" contextid="0" timestamp="2019-08-10T03:38:41.868" intervalms="28.187" />
<gc-start id="2650" type="scavenge" contextid="2649" timestamp="2019-08-10T03:38:41.868">
  <mem-info id="2651" free="4185234688" total="4203675648" percent="99">
    <mem type="nursery" free="0" total="2228224" percent="0">
      <mem type="allocate" free="0" total="1572864" percent="0" />
      <mem type="survivor" free="0" total="655360" percent="0" />
    </mem>
    <mem type="tenure" free="4185234688" total="4201447424" percent="99">
      <mem type="soa" free="3975163136" total="3991375872" percent="99" />
      <mem type="loa" free="210071552" total="210071552" percent="100" />
    </mem>
    <remembered-set count="613" />
  </mem-info>
</gc-start>
<allocation-stats totalBytes="1088216" >
  <allocated-bytes non-tlh="48" tlh="1088168" />
  <largest-consumer threadName="main" threadId="0000000001842F00" bytes="1088216" />
</allocation-stats>
<gc-op id="2652" type="scavenge" timems="1.824" contextid="2649" timestamp="2019-08-10T03:38:41.870">
  <scavenger-info tenureage="3" tenuremask="ffe8" tiltratio="70" />
  <memory-copied type="nursery" objects="10052" bytes="496856" bytesdiscarded="71784" />
  <memory-copied type="tenure" objects="1882" bytes="79576" bytesdiscarded="56" />
</gc-op>
<gc-end id="2653" type="scavenge" contextid="2649" durationms="2.502" usertimems="5.068" systemtimems="0.000" timestamp="2019-08-10T03:38:41.870" activeThreads="16">
  <mem-info id="2654" free="4186069512" total="4203675648" percent="99">
    <mem type="nursery" free="938688" total="2228224" percent="42">
      <mem type="allocate" free="938688" total="1507328" percent="62" />
      <mem type="survivor" free="0" total="720896" percent="0" />
    </mem>
    <mem type="tenure" free="4185130824" total="4201447424" percent="99" macro-fragmented="201903">
      <mem type="soa" free="3975059272" total="3991375872" percent="99" />
      <mem type="loa" free="210071552" total="210071552" percent="100" />
    </mem>
    <remembered-set count="445" />
  </mem-info>
</gc-end>
<cycle-end id="2655" type="scavenge" contextid="2649" timestamp="2019-08-10T03:38:41.870" />
  <attribute name="elasticGC enabled" value="1" />
  <attribute name= "numThreadsSpecified" value="16" />
  <attribute name="heapSize specified" value="8519680" />
  <attribute name="Current GC Util" value="16" />
  <attribute name= "Current Time Running" value="122014" />
  <attribute name ="GC Interval" value="200" />
  <attribute name="ProportionalT" value="-32.000000" />
  <attribute name="ProportionalI" value="-32.000000" />
  <attribute name="ProportionalH" value="-32.000000" />
  <attribute name="Current Error" value="-64.000000" />
  <attribute name="IntegralT" value="-896.000000" />
  <attribute name="IntegralI" value="-896.000000" />
  <attribute name="IntegralH" value="-896.000000" />
  <attribute name="DerivativeT" value="-2.285714" />
  <attribute name="DerivativeI" value="-2.285714" />
  <attribute name="DerivativeH" value="-2.285714" />
  <attribute name="Loop Time for DT" value="28.000000" />
  <attribute name="Output H" value="4203675648"/>
  <attribute name="Output I" value="200"/>
  <attribute name="Output T" value="16"/>
  <attribute name="Target GC Util Change" value ="80.000000" />
  <attribute name="Current GC Util Change" value="16.000000"/>
  <attribute name="GC Util currently" value="16" />
  <attribute name="CPU Util currently" value="40910334216" />
<allocation-satisfied id="2656" threadId="0000000001842F00" bytesRequested="48" />
<af-end id="2657" timestamp="2019-08-10T03:38:41.871" threadId="0000000001843888" success="true" from="nursery"/>
<exclusive-end id="2658" timestamp="2019-08-10T03:38:41.871" durationms="2.754" />

<exclusive-start id="2659" timestamp="2019-08-10T03:38:41.898" intervalms="30.416">
  <response-info timems="0.017" idlems="0.017" threads="0" lastid="0000000001842F00" lastname="main" />
</exclusive-start>
<af-start id="2660" threadId="0000000001843888" totalBytesRequested="88" timestamp="2019-08-10T03:38:41.898" intervalms="30.406" type="nursery" />
<cycle-start id="2661" type="scavenge" contextid="0" timestamp="2019-08-10T03:38:41.898" intervalms="30.402" />
<gc-start id="2662" type="scavenge" contextid="2661" timestamp="2019-08-10T03:38:41.898">
  <mem-info id="2663" free="4185086112" total="4203675648" percent="99">
    <mem type="nursery" free="0" total="2228224" percent="0">
      <mem type="allocate" free="0" total="1507328" percent="0" />
      <mem type="survivor" free="0" total="720896" percent="0" />
    </mem>
    <mem type="tenure" free="4185086112" total="4201447424" percent="99">
      <mem type="soa" free="3975014560" total="3991375872" percent="99" />
      <mem type="loa" free="210071552" total="210071552" percent="100" />
    </mem>
    <remembered-set count="875" />
  </mem-info>
</gc-start>
<allocation-stats totalBytes="983040" >
  <allocated-bytes non-tlh="235032" tlh="748008" />
  <largest-consumer threadName="main" threadId="0000000001842F00" bytes="983040" />
</allocation-stats>
<gc-op id="2664" type="scavenge" timems="1.863" contextid="2661" timestamp="2019-08-10T03:38:41.900">
  <scavenger-info tenureage="5" tenuremask="ffe0" tiltratio="67" />
  <memory-copied type="nursery" objects="5468" bytes="246688" bytesdiscarded="57264" />
  <references type="soft" candidates="190" cleared="0" enqueued="0" dynamicThreshold="31" maxThreshold="32" />
  <references type="weak" candidates="84" cleared="0" enqueued="0" />
</gc-op>
<gc-end id="2665" type="scavenge" contextid="2661" durationms="2.325" usertimems="4.766" systemtimems="0.000" timestamp="2019-08-10T03:38:41.901" activeThreads="16">
  <mem-info id="2666" free="4186354896" total="4203675648" percent="99">
    <mem type="nursery" free="1268784" total="2228224" percent="56">
      <mem type="allocate" free="1268784" total="1572864" percent="80" />
      <mem type="survivor" free="0" total="655360" percent="0" />
    </mem>
    <mem type="tenure" free="4185086112" total="4201447424" percent="99" macro-fragmented="1800196">
      <mem type="soa" free="3975014560" total="3991375872" percent="99" />
      <mem type="loa" free="210071552" total="210071552" percent="100" />
    </mem>
    <remembered-set count="865" />
  </mem-info>
</gc-end>
<cycle-end id="2667" type="scavenge" contextid="2661" timestamp="2019-08-10T03:38:41.901" />
  <attribute name="elasticGC enabled" value="1" />
  <attribute name= "numThreadsSpecified" value="16" />
  <attribute name="heapSize specified" value="8519680" />
  <attribute name="Current GC Util" value="16" />
  <attribute name= "Current Time Running" value="122045" />
  <attribute name ="GC Interval" value="200" />
  <attribute name="ProportionalT" value="-32.000000" />
  <attribute name="ProportionalI" value="-32.000000" />
  <attribute name="ProportionalH" value="-32.000000" />
  <attribute name="Current Error" value="-64.000000" />
  <attribute name="IntegralT" value="-992.000000" />
  <attribute name="IntegralI" value="-992.000000" />
  <attribute name="IntegralH" value="-992.000000" />
  <attribute name="DerivativeT" value="-2.064516" />
  <attribute name="DerivativeI" value="-2.064516" />
  <attribute name="DerivativeH" value="-2.064516" />
  <attribute name="Loop Time for DT" value="31.000000" />
  <attribute name="Output H" value="4203675648"/>
  <attribute name="Output I" value="200"/>
  <attribute name="Output T" value="16"/>
  <attribute name="Target GC Util Change" value ="80.000000" />
  <attribute name="Current GC Util Change" value="16.000000"/>
  <attribute name="GC Util currently" value="16" />
  <attribute name="CPU Util currently" value="37963951075" />
<allocation-satisfied id="2668" threadId="0000000001842F00" bytesRequested="88" />
<af-end id="2669" timestamp="2019-08-10T03:38:41.901" threadId="0000000001843888" success="true" from="nursery"/>
<exclusive-end id="2670" timestamp="2019-08-10T03:38:41.901" durationms="2.532" />

<exclusive-start id="2671" timestamp="2019-08-10T03:38:41.934" intervalms="35.927">
  <response-info timems="0.048" idlems="0.048" threads="0" lastid="0000000001842F00" lastname="main" />
</exclusive-start>
<af-start id="2672" threadId="0000000001843888" totalBytesRequested="10128" timestamp="2019-08-10T03:38:41.934" intervalms="35.926" type="nursery" />
<cycle-start id="2673" type="scavenge" contextid="0" timestamp="2019-08-10T03:38:41.934" intervalms="35.927" />
<gc-start id="2674" type="scavenge" contextid="2673" timestamp="2019-08-10T03:38:41.934">
  <mem-info id="2675" free="4185073456" total="4203675648" percent="99">
    <mem type="nursery" free="0" total="2228224" percent="0">
      <mem type="allocate" free="0" total="1572864" percent="0" />
      <mem type="survivor" free="0" total="655360" percent="0" />
    </mem>
    <mem type="tenure" free="4185073456" total="4201447424" percent="99">
      <mem type="soa" free="3975001904" total="3991375872" percent="99" />
      <mem type="loa" free="210071552" total="210071552" percent="100" />
    </mem>
    <remembered-set count="1056" />
  </mem-info>
</gc-start>
<allocation-stats totalBytes="1279696" >
  <allocated-bytes non-tlh="278296" tlh="1001400" />
  <largest-consumer threadName="main" threadId="0000000001842F00" bytes="1279696" />
</allocation-stats>
<gc-op id="2676" type="scavenge" timems="5.035" contextid="2673" timestamp="2019-08-10T03:38:41.939">
  <scavenger-info tenureage="5" tenuremask="ffe0" tiltratio="70" />
  <memory-copied type="nursery" objects="7951" bytes="631536" bytesdiscarded="23672" />
  <memory-copied type="tenure" objects="2123" bytes="125344" bytesdiscarded="56" />
  <copy-failed type="nursery" objects="2123" bytes="125360" />
  <references type="soft" candidates="224" cleared="0" enqueued="0" dynamicThreshold="31" maxThreshold="32" />
  <references type="weak" candidates="402" cleared="18" enqueued="12" />
  <references type="phantom" candidates="1" cleared="0" enqueued="0" />
</gc-op>
<gc-end id="2677" type="scavenge" contextid="2673" durationms="5.636" usertimems="12.716" systemtimems="0.000" timestamp="2019-08-10T03:38:41.940" activeThreads="16">
  <mem-info id="2678" free="4185460520" total="4203675648" percent="99">
    <mem type="nursery" free="458752" total="2228224" percent="20">
      <mem type="allocate" free="458752" total="1114112" percent="41" />
      <mem type="survivor" free="0" total="1114112" percent="0" />
    </mem>
    <mem type="tenure" free="4185001768" total="4201447424" percent="99" macro-fragmented="140211">
      <mem type="soa" free="3974930216" total="3991375872" percent="99" />
      <mem type="loa" free="210071552" total="210071552" percent="100" />
    </mem>
    <pending-finalizers system="0" default="0" reference="12" classloader="0" />
    <remembered-set count="2155" />
  </mem-info>
</gc-end>
<cycle-end id="2679" type="scavenge" contextid="2673" timestamp="2019-08-10T03:38:41.940" />
  <attribute name="elasticGC enabled" value="1" />
  <attribute name= "numThreadsSpecified" value="16" />
  <attribute name="heapSize specified" value="8519680" />
  <attribute name="Current GC Util" value="13" />
  <attribute name= "Current Time Running" value="122080" />
  <attribute name ="GC Interval" value="200" />
  <attribute name="ProportionalT" value="-33.500000" />
  <attribute name="ProportionalI" value="-33.500000" />
  <attribute name="ProportionalH" value="-33.500000" />
  <attribute name="Current Error" value="-67.000000" />
  <attribute name="IntegralT" value="-1172.500000" />
  <attribute name="IntegralI" value="-1172.500000" />
  <attribute name="IntegralH" value="-1172.500000" />
  <attribute name="DerivativeT" value="-1.914286" />
  <attribute name="DerivativeI" value="-1.914286" />
  <attribute name="DerivativeH" value="-1.914286" />
  <attribute name="Loop Time for DT" value="35.000000" />
  <attribute name="Output H" value="4203675648"/>
  <attribute name="Output I" value="200"/>
  <attribute name="Output T" value="16"/>
  <attribute name="Target GC Util Change" value ="80.000000" />
  <attribute name="Current GC Util Change" value="13.000000"/>
  <attribute name="GC Util currently" value="13" />
  <attribute name="CPU Util currently" value="32082794542" />
<allocation-satisfied id="2680" threadId="0000000001842F00" bytesRequested="10128" />
<af-end id="2681" timestamp="2019-08-10T03:38:41.940" threadId="0000000001843888" success="true" from="nursery"/>
<exclusive-end id="2682" timestamp="2019-08-10T03:38:41.940" durationms="5.890" />

<exclusive-start id="2683" timestamp="2019-08-10T03:38:41.942" intervalms="8.256">
  <response-info timems="0.017" idlems="0.017" threads="0" lastid="0000000001842F00" lastname="main" />
</exclusive-start>
<af-start id="2684" threadId="0000000001843888" totalBytesRequested="32" timestamp="2019-08-10T03:38:41.942" intervalms="8.264" type="nursery" />
<cycle-start id="2685" type="scavenge" contextid="0" timestamp="2019-08-10T03:38:41.942" intervalms="8.272" />
<gc-start id="2686" type="scavenge" contextid="2685" timestamp="2019-08-10T03:38:41.943">
  <mem-info id="2687" free="4185001768" total="4203675648" percent="99">
    <mem type="nursery" free="0" total="2228224" percent="0">
      <mem type="allocate" free="0" total="1114112" percent="0" />
      <mem type="survivor" free="0" total="1114112" percent="0" />
    </mem>
    <mem type="tenure" free="4185001768" total="4201447424" percent="99">
      <mem type="soa" free="3974930216" total="3991375872" percent="99" />
      <mem type="loa" free="210071552" total="210071552" percent="100" />
    </mem>
    <remembered-set count="2157" />
  </mem-info>
</gc-start>
<allocation-stats totalBytes="458696" >
  <allocated-bytes non-tlh="10128" tlh="448568" />
  <largest-consumer threadName="main" threadId="0000000001842F00" bytes="454600" />
</allocation-stats>
<gc-op id="2688" type="scavenge" timems="3.498" contextid="2685" timestamp="2019-08-10T03:38:41.946">
  <scavenger-info tenureage="3" tenuremask="fff8" tiltratio="50" />
  <memory-copied type="nursery" objects="7223" bytes="616704" bytesdiscarded="123656" />
  <memory-copied type="tenure" objects="1295" bytes="46472" bytesdiscarded="88" />
  <references type="soft" candidates="224" cleared="0" enqueued="0" dynamicThreshold="31" maxThreshold="32" />
  <references type="weak" candidates="384" cleared="0" enqueued="0" />
  <references type="phantom" candidates="1" cleared="0" enqueued="0" />
</gc-op>
<gc-end id="2689" type="scavenge" contextid="2685" durationms="3.988" usertimems="7.823" systemtimems="0.000" timestamp="2019-08-10T03:38:41.947" activeThreads="16">
  <mem-info id="2690" free="4185343144" total="4203675648" percent="99">
    <mem type="nursery" free="373632" total="2228224" percent="16">
      <mem type="allocate" free="373632" total="1114112" percent="33" />
      <mem type="survivor" free="0" total="1114112" percent="0" />
    </mem>
    <mem type="tenure" free="4184969512" total="4201447424" percent="99" macro-fragmented="2592282">
      <mem type="soa" free="3974897960" total="3991375872" percent="99" />
      <mem type="loa" free="210071552" total="210071552" percent="100" />
    </mem>
    <remembered-set count="1148" />
  </mem-info>
</gc-end>
<cycle-end id="2691" type="scavenge" contextid="2685" timestamp="2019-08-10T03:38:41.947" />
  <attribute name="elasticGC enabled" value="1" />
  <attribute name= "numThreadsSpecified" value="16" />
  <attribute name="heapSize specified" value="8519680" />
  <attribute name="Current GC Util" value="130" />
  <attribute name= "Current Time Running" value="122089" />
  <attribute name ="GC Interval" value="256" />
  <attribute name="ProportionalT" value="25.000000" />
  <attribute name="ProportionalI" value="25.000000" />
  <attribute name="ProportionalH" value="25.000000" />
  <attribute name="Current Error" value="50.000000" />
  <attribute name="IntegralT" value="225.000000" />
  <attribute name="IntegralI" value="225.000000" />
  <attribute name="IntegralH" value="225.000000" />
  <attribute name="DerivativeT" value="5.555556" />
  <attribute name="DerivativeI" value="5.555556" />
  <attribute name="DerivativeH" value="5.555556" />
  <attribute name="Loop Time for DT" value="9.000000" />
  <attribute name="Output H" value="8388608"/>
  <attribute name="Output I" value="256"/>
  <attribute name="Output T" value="16"/>
  <attribute name="Target GC Util Change" value ="80.000000" />
  <attribute name="Current GC Util Change" value="130.000000"/>
  <attribute name="GC Util currently" value="130" />
  <attribute name="CPU Util currently" value="138609379984" />
<allocation-satisfied id="2692" threadId="0000000001842F00" bytesRequested="32" />
<af-end id="2693" timestamp="2019-08-10T03:38:41.947" threadId="0000000001843888" success="true" from="nursery"/>
<exclusive-end id="2694" timestamp="2019-08-10T03:38:41.947" durationms="4.261" />

<exclusive-start id="2695" timestamp="2019-08-10T03:38:41.948" intervalms="5.783">
  <response-info timems="0.015" idlems="0.015" threads="0" lastid="0000000001842F00" lastname="main" />
</exclusive-start>
<af-start id="2696" threadId="0000000001843888" totalBytesRequested="24" timestamp="2019-08-10T03:38:41.948" intervalms="5.765" type="nursery" />
<cycle-start id="2697" type="scavenge" contextid="0" timestamp="2019-08-10T03:38:41.948" intervalms="5.751" />
<gc-start id="2698" type="scavenge" contextid="2697" timestamp="2019-08-10T03:38:41.948">
  <mem-info id="2699" free="4184969512" total="4203675648" percent="99">
    <mem type="nursery" free="0" total="2228224" percent="0">
      <mem type="allocate" free="0" total="1114112" percent="0" />
      <mem type="survivor" free="0" total="1114112" percent="0" />
    </mem>
    <mem type="tenure" free="4184969512" total="4201447424" percent="99">
      <mem type="soa" free="3974897960" total="3991375872" percent="99" />
      <mem type="loa" free="210071552" total="210071552" percent="100" />
    </mem>
    <remembered-set count="1148" />
  </mem-info>
</gc-start>
<allocation-stats totalBytes="373568" >
  <allocated-bytes non-tlh="32" tlh="373536" />
  <largest-consumer threadName="main" threadId="0000000001842F00" bytes="373568" />
</allocation-stats>
<gc-op id="2700" type="scavenge" timems="2.750" contextid="2697" timestamp="2019-08-10T03:38:41.951">
  <scavenger-info tenureage="3" tenuremask="ff88" tiltratio="50" />
  <memory-copied type="nursery" objects="4637" bytes="477936" bytesdiscarded="55176" />
  <memory-copied type="tenure" objects="3222" bytes="161744" bytesdiscarded="600" />
  <references type="soft" candidates="34" cleared="0" enqueued="0" dynamicThreshold="31" maxThreshold="32" />
  <references type="weak" candidates="300" cleared="0" enqueued="0" />
  <references type="phantom" candidates="1" cleared="0" enqueued="0" />
</gc-op>
<gc-end id="2701" type="scavenge" contextid="2697" durationms="3.213" usertimems="6.600" systemtimems="0.000" timestamp="2019-08-10T03:38:41.951" activeThreads="16">
  <mem-info id="2702" free="4185397408" total="4203675648" percent="99">
    <mem type="nursery" free="580944" total="2228224" percent="26">
      <mem type="allocate" free="580944" total="1114112" percent="52" />
      <mem type="survivor" free="0" total="1114112" percent="0" />
    </mem>
    <mem type="tenure" free="4184816464" total="4201447424" percent="99" macro-fragmented="3732887">
      <mem type="soa" free="3974744912" total="3991375872" percent="99" />
      <mem type="loa" free="210071552" total="210071552" percent="100" />
    </mem>
    <remembered-set count="1015" />
  </mem-info>
</gc-end>
<cycle-end id="2703" type="scavenge" contextid="2697" timestamp="2019-08-10T03:38:41.952" />
  <attribute name="elasticGC enabled" value="1" />
  <attribute name= "numThreadsSpecified" value="16" />
  <attribute name="heapSize specified" value="8519680" />
  <attribute name="Current GC Util" value="138" />
  <attribute name= "Current Time Running" value="122094" />
  <attribute name ="GC Interval" value="200" />
  <attribute name="ProportionalT" value="29.000000" />
  <attribute name="ProportionalI" value="29.000000" />
  <attribute name="ProportionalH" value="29.000000" />
  <attribute name="Current Error" value="58.000000" />
  <attribute name="IntegralT" value="145.000000" />
  <attribute name="IntegralI" value="145.000000" />
  <attribute name="IntegralH" value="145.000000" />
  <attribute name="DerivativeT" value="1.600000" />
  <attribute name="DerivativeI" value="1.600000" />
  <attribute name="DerivativeH" value="1.600000" />
  <attribute name="Loop Time for DT" value="5.000000" />
  <attribute name="Output H" value="8388608"/>
  <attribute name="Output I" value="200"/>
  <attribute name="Output T" value="16"/>
  <attribute name="Target GC Util Change" value ="80.000000" />
  <attribute name="Current GC Util Change" value="138.000000"/>
  <attribute name="GC Util currently" value="138" />
  <attribute name="CPU Util currently" value="202678687019" />
<allocation-satisfied id="2704" threadId="0000000001842F00" bytesRequested="24" />
<af-end id="2705" timestamp="2019-08-10T03:38:41.952" threadId="0000000001843888" success="true" from="nursery"/>
<exclusive-end id="2706" timestamp="2019-08-10T03:38:41.952" durationms="3.388" />

<exclusive-start id="2707" timestamp="2019-08-10T03:38:41.954" intervalms="5.786">
  <response-info timems="0.013" idlems="0.013" threads="0" lastid="0000000001842F00" lastname="main" />
</exclusive-start>
<af-start id="2708" threadId="0000000001843888" totalBytesRequested="32" timestamp="2019-08-10T03:38:41.954" intervalms="5.782" type="nursery" />
<cycle-start id="2709" type="scavenge" contextid="0" timestamp="2019-08-10T03:38:41.954" intervalms="5.781" />
<gc-start id="2710" type="scavenge" contextid="2709" timestamp="2019-08-10T03:38:41.954">
  <mem-info id="2711" free="4184816464" total="4203675648" percent="99">
    <mem type="nursery" free="0" total="2228224" percent="0">
      <mem type="allocate" free="0" total="1114112" percent="0" />
      <mem type="survivor" free="0" total="1114112" percent="0" />
    </mem>
    <mem type="tenure" free="4184816464" total="4201447424" percent="99">
      <mem type="soa" free="3974744912" total="3991375872" percent="99" />
      <mem type="loa" free="210071552" total="210071552" percent="100" />
    </mem>
    <remembered-set count="1015" />
  </mem-info>
</gc-start>
<allocation-stats totalBytes="580816" >
  <allocated-bytes non-tlh="24" tlh="580792" />
  <largest-consumer threadName="main" threadId="0000000001842F00" bytes="580816" />
</allocation-stats>
<gc-op id="2712" type="scavenge" timems="1.568" contextid="2709" timestamp="2019-08-10T03:38:41.956">
  <scavenger-info tenureage="3" tenuremask="ffe8" tiltratio="50" />
  <memory-copied type="nursery" objects="2396" bytes="104984" bytesdiscarded="70720" />
  <memory-copied type="tenure" objects="3409" bytes="415720" bytesdiscarded="88" />
</gc-op>
<gc-end id="2713" type="scavenge" contextid="2709" durationms="2.264" usertimems="4.015" systemtimems="0.000" timestamp="2019-08-10T03:38:41.956" activeThreads="16">
  <mem-info id="2714" free="4185275816" total="4203675648" percent="99">
    <mem type="nursery" free="938408" total="2228224" percent="42">
      <mem type="allocate" free="938408" total="1114112" percent="84" />
      <mem type="survivor" free="0" total="1114112" percent="0" />
    </mem>
    <mem type="tenure" free="4184337408" total="4201447424" percent="99" macro-fragmented="0">
      <mem type="soa" free="3974265856" total="3991375872" percent="99" />
      <mem type="loa" free="210071552" total="210071552" percent="100" />
    </mem>
    <remembered-set count="300" />
  </mem-info>
</gc-end>
<cycle-end id="2715" type="scavenge" contextid="2709" timestamp="2019-08-10T03:38:41.956" />
  <attribute name="elasticGC enabled" value="1" />
  <attribute name= "numThreadsSpecified" value="16" />
  <attribute name="heapSize specified" value="8519680" />
  <attribute name="Current GC Util" value="106" />
  <attribute name= "Current Time Running" value="122100" />
  <attribute name ="GC Interval" value="200" />
  <attribute name="ProportionalT" value="13.000000" />
  <attribute name="ProportionalI" value="13.000000" />
  <attribute name="ProportionalH" value="13.000000" />
  <attribute name="Current Error" value="26.000000" />
  <attribute name="IntegralT" value="78.000000" />
  <attribute name="IntegralI" value="78.000000" />
  <attribute name="IntegralH" value="78.000000" />
  <attribute name="DerivativeT" value="-5.333333" />
  <attribute name="DerivativeI" value="-5.333333" />
  <attribute name="DerivativeH" value="-5.333333" />
  <attribute name="Loop Time for DT" value="6.000000" />
  <attribute name="Output H" value="8388608"/>
  <attribute name="Output I" value="200"/>
  <attribute name="Output T" value="16"/>
  <attribute name="Target GC Util Change" value ="80.000000" />
  <attribute name="Current GC Util Change" value="106.000000"/>
  <attribute name="GC Util currently" value="106" />
  <attribute name="CPU Util currently" value="199775206707" />
<allocation-satisfied id="2716" threadId="0000000001842F00" bytesRequested="32" />
<af-end id="2717" timestamp="2019-08-10T03:38:41.956" threadId="0000000001843888" success="true" from="nursery"/>
<exclusive-end id="2718" timestamp="2019-08-10T03:38:41.956" durationms="2.427" />

<exclusive-start id="2719" timestamp="2019-08-10T03:38:41.961" intervalms="6.575">
  <response-info timems="0.015" idlems="0.015" threads="0" lastid="0000000001842F00" lastname="main" />
</exclusive-start>
<af-start id="2720" threadId="0000000001843888" totalBytesRequested="24" timestamp="2019-08-10T03:38:41.961" intervalms="6.591" type="nursery" />
<cycle-start id="2721" type="scavenge" contextid="0" timestamp="2019-08-10T03:38:41.961" intervalms="6.594" />
<gc-start id="2722" type="scavenge" contextid="2721" timestamp="2019-08-10T03:38:41.961">
  <mem-info id="2723" free="4184337408" total="4203675648" percent="99">
    <mem type="nursery" free="0" total="2228224" percent="0">
      <mem type="allocate" free="0" total="1114112" percent="0" />
      <mem type="survivor" free="0" total="1114112" percent="0" />
    </mem>
    <mem type="tenure" free="4184337408" total="4201447424" percent="99">
      <mem type="soa" free="3974265856" total="3991375872" percent="99" />
      <mem type="loa" free="210071552" total="210071552" percent="100" />
    </mem>
    <remembered-set count="473" />
  </mem-info>
</gc-start>
<allocation-stats totalBytes="938296" >
  <allocated-bytes non-tlh="32" tlh="938264" />
  <largest-consumer threadName="main" threadId="0000000001842F00" bytes="938296" />
</allocation-stats>
<gc-op id="2724" type="scavenge" timems="2.478" contextid="2721" timestamp="2019-08-10T03:38:41.963">
  <scavenger-info tenureage="3" tenuremask="ffe8" tiltratio="50" />
  <memory-copied type="nursery" objects="3783" bytes="139816" bytesdiscarded="13016" />
  <memory-copied type="tenure" objects="536" bytes="37520" bytesdiscarded="96" />
</gc-op>
<gc-end id="2725" type="scavenge" contextid="2721" durationms="3.077" usertimems="3.971" systemtimems="0.000" timestamp="2019-08-10T03:38:41.964" activeThreads="16">
  <mem-info id="2726" free="4185373696" total="4203675648" percent="99">
    <mem type="nursery" free="1092352" total="2228224" percent="49">
      <mem type="allocate" free="1092352" total="1245184" percent="87" />
      <mem type="survivor" free="0" total="983040" percent="0" />
    </mem>
    <mem type="tenure" free="4184281344" total="4201447424" percent="99" macro-fragmented="22644">
      <mem type="soa" free="3974209792" total="3991375872" percent="99" />
      <mem type="loa" free="210071552" total="210071552" percent="100" />
    </mem>
    <remembered-set count="424" />
  </mem-info>
</gc-end>
<cycle-end id="2727" type="scavenge" contextid="2721" timestamp="2019-08-10T03:38:41.964" />
  <attribute name="elasticGC enabled" value="1" />
  <attribute name= "numThreadsSpecified" value="16" />
  <attribute name="heapSize specified" value="8519680" />
  <attribute name="Current GC Util" value="56" />
  <attribute name= "Current Time Running" value="122107" />
  <attribute name ="GC Interval" value="200" />
  <attribute name="ProportionalT" value="-12.000000" />
  <attribute name="ProportionalI" value="-12.000000" />
  <attribute name="ProportionalH" value="-12.000000" />
  <attribute name="Current Error" value="-24.000000" />
  <attribute name="IntegralT" value="-84.000000" />
  <attribute name="IntegralI" value="-84.000000" />
  <attribute name="IntegralH" value="-84.000000" />
  <attribute name="DerivativeT" value="-7.142857" />
  <attribute name="DerivativeI" value="-7.142857" />
  <attribute name="DerivativeH" value="-7.142857" />
  <attribute name="Loop Time for DT" value="7.000000" />
  <attribute name="Output H" value="4203675648"/>
  <attribute name="Output I" value="200"/>
  <attribute name="Output T" value="16"/>
  <attribute name="Target GC Util Change" value ="80.000000" />
  <attribute name="Current GC Util Change" value="56.000000"/>
  <attribute name="GC Util currently" value="56" />
  <attribute name="CPU Util currently" value="171677391433" />
<allocation-satisfied id="2728" threadId="0000000001842F00" bytesRequested="24" />
<af-end id="2729" timestamp="2019-08-10T03:38:41.964" threadId="0000000001843888" success="true" from="nursery"/>
<exclusive-end id="2730" timestamp="2019-08-10T03:38:41.964" durationms="3.295" />

<exclusive-start id="2731" timestamp="2019-08-10T03:38:41.970" intervalms="9.655">
  <response-info timems="0.022" idlems="0.022" threads="0" lastid="0000000001842F00" lastname="main" />
</exclusive-start>
<af-start id="2732" threadId="0000000001843888" totalBytesRequested="32" timestamp="2019-08-10T03:38:41.970" intervalms="9.667" type="nursery" />
<cycle-start id="2733" type="scavenge" contextid="0" timestamp="2019-08-10T03:38:41.970" intervalms="9.669" />
<gc-start id="2734" type="scavenge" contextid="2733" timestamp="2019-08-10T03:38:41.970">
  <mem-info id="2735" free="4184281344" total="4203675648" percent="99">
    <mem type="nursery" free="0" total="2228224" percent="0">
      <mem type="allocate" free="0" total="1245184" percent="0" />
      <mem type="survivor" free="0" total="983040" percent="0" />
    </mem>
    <mem type="tenure" free="4184281344" total="4201447424" percent="99">
      <mem type="soa" free="3974209792" total="3991375872" percent="99" />
      <mem type="loa" free="210071552" total="210071552" percent="100" />
    </mem>
    <remembered-set count="579" />
  </mem-info>
</gc-start>
<allocation-stats totalBytes="1092168" >
  <allocated-bytes non-tlh="24" tlh="1092144" />
  <largest-consumer threadName="main" threadId="0000000001842F00" bytes="1092168" />
</allocation-stats>
<gc-op id="2736" type="scavenge" timems="1.983" contextid="2733" timestamp="2019-08-10T03:38:41.972">
  <scavenger-info tenureage="3" tenuremask="7e08" tiltratio="55" />
  <memory-copied type="nursery" objects="4819" bytes="180744" bytesdiscarded="28920" />
  <memory-copied type="tenure" objects="614" bytes="22176" bytesdiscarded="8" />
</gc-op>
<gc-end id="2737" type="scavenge" contextid="2733" durationms="2.645" usertimems="4.365" systemtimems="0.000" timestamp="2019-08-10T03:38:41.973" activeThreads="16">
  <mem-info id="2738" free="4185431808" total="4203675648" percent="99">
    <mem type="nursery" free="1166592" total="2228224" percent="52">
      <mem type="allocate" free="1166592" total="1376256" percent="84" />
      <mem type="survivor" free="0" total="851968" percent="0" />
    </mem>
    <mem type="tenure" free="4184265216" total="4201447424" percent="99" macro-fragmented="168253">
      <mem type="soa" free="3974193664" total="3991375872" percent="99" />
      <mem type="loa" free="210071552" total="210071552" percent="100" />
    </mem>
    <remembered-set count="528" />
  </mem-info>
</gc-end>
<cycle-end id="2739" type="scavenge" contextid="2733" timestamp="2019-08-10T03:38:41.973" />
  <attribute name="elasticGC enabled" value="1" />
  <attribute name= "numThreadsSpecified" value="16" />
  <attribute name="heapSize specified" value="8519680" />
  <attribute name="Current GC Util" value="38" />
  <attribute name= "Current Time Running" value="122117" />
  <attribute name ="GC Interval" value="200" />
  <attribute name="ProportionalT" value="-21.000000" />
  <attribute name="ProportionalI" value="-21.000000" />
  <attribute name="ProportionalH" value="-21.000000" />
  <attribute name="Current Error" value="-42.000000" />
  <attribute name="IntegralT" value="-210.000000" />
  <attribute name="IntegralI" value="-210.000000" />
  <attribute name="IntegralH" value="-210.000000" />
  <attribute name="DerivativeT" value="-4.200000" />
  <attribute name="DerivativeI" value="-4.200000" />
  <attribute name="DerivativeH" value="-4.200000" />
  <attribute name="Loop Time for DT" value="10.000000" />
  <attribute name="Output H" value="4203675648"/>
  <attribute name="Output I" value="200"/>
  <attribute name="Output T" value="16"/>
  <attribute name="Target GC Util Change" value ="80.000000" />
  <attribute name="Current GC Util Change" value="38.000000"/>
  <attribute name="GC Util currently" value="38" />
  <attribute name="CPU Util currently" value="120584532451" />
<allocation-satisfied id="2740" threadId="0000000001842F00" bytesRequested="32" />
<af-end id="2741" timestamp="2019-08-10T03:38:41.973" threadId="0000000001843888" success="true" from="nursery"/>
<exclusive-end id="2742" timestamp="2019-08-10T03:38:41.973" durationms="2.853" />

<exclusive-start id="2743" timestamp="2019-08-10T03:38:41.980" intervalms="9.936">
  <response-info timems="0.070" idlems="0.070" threads="0" lastid="0000000001842F00" lastname="main" />
</exclusive-start>
<af-start id="2744" threadId="0000000001843888" totalBytesRequested="32" timestamp="2019-08-10T03:38:41.980" intervalms="9.927" type="nursery" />
<cycle-start id="2745" type="scavenge" contextid="0" timestamp="2019-08-10T03:38:41.980" intervalms="9.931" />
<gc-start id="2746" type="scavenge" contextid="2745" timestamp="2019-08-10T03:38:41.980">
  <mem-info id="2747" free="4184262872" total="4203675648" percent="99">
    <mem type="nursery" free="0" total="2228224" percent="0">
      <mem type="allocate" free="0" total="1376256" percent="0" />
      <mem type="survivor" free="0" total="851968" percent="0" />
    </mem>
    <mem type="tenure" free="4184262872" total="4201447424" percent="99">
      <mem type="soa" free="3974191320" total="3991375872" percent="99" />
      <mem type="loa" free="210071552" total="210071552" percent="100" />
    </mem>
    <remembered-set count="722" />
  </mem-info>
</gc-start>
<allocation-stats totalBytes="1168616" >
  <allocated-bytes non-tlh="2376" tlh="1166240" />
  <largest-consumer threadName="main" threadId="0000000001842F00" bytes="1168616" />
</allocation-stats>
<gc-op id="2748" type="scavenge" timems="2.832" contextid="2745" timestamp="2019-08-10T03:38:41.983">
  <scavenger-info tenureage="3" tenuremask="7e08" tiltratio="61" />
  <memory-copied type="nursery" objects="5611" bytes="206568" bytesdiscarded="58376" />
  <memory-copied type="tenure" objects="1007" bytes="37912" bytesdiscarded="48" />
  <references type="weak" candidates="18" cleared="0" enqueued="0" />
</gc-op>
<gc-end id="2749" type="scavenge" contextid="2745" durationms="3.508" usertimems="5.696" systemtimems="0.000" timestamp="2019-08-10T03:38:41.984" activeThreads="16">
  <mem-info id="2750" free="4185472984" total="4203675648" percent="99">
    <mem type="nursery" free="1242368" total="2228224" percent="55">
      <mem type="allocate" free="1242368" total="1507328" percent="82" />
      <mem type="survivor" free="0" total="720896" percent="0" />
    </mem>
    <mem type="tenure" free="4184230616" total="4201447424" percent="99" macro-fragmented="0">
      <mem type="soa" free="3974159064" total="3991375872" percent="99" />
      <mem type="loa" free="210071552" total="210071552" percent="100" />
    </mem>
    <remembered-set count="641" />
  </mem-info>
</gc-end>
<cycle-end id="2751" type="scavenge" contextid="2745" timestamp="2019-08-10T03:38:41.984" />
  <attribute name="elasticGC enabled" value="1" />
  <attribute name= "numThreadsSpecified" value="16" />
  <attribute name="heapSize specified" value="8519680" />
  <attribute name="Current GC Util" value="42" />
  <attribute name= "Current Time Running" value="122126" />
  <attribute name ="GC Interval" value="200" />
  <attribute name="ProportionalT" value="-19.000000" />
  <attribute name="ProportionalI" value="-19.000000" />
  <attribute name="ProportionalH" value="-19.000000" />
  <attribute name="Current Error" value="-38.000000" />
  <attribute name="IntegralT" value="-171.000000" />
  <attribute name="IntegralI" value="-171.000000" />
  <attribute name="IntegralH" value="-171.000000" />
  <attribute name="DerivativeT" value="-4.222222" />
  <attribute name="DerivativeI" value="-4.222222" />
  <attribute name="DerivativeH" value="-4.222222" />
  <attribute name="Loop Time for DT" value="9.000000" />
  <attribute name="Output H" value="4203675648"/>
  <attribute name="Output I" value="200"/>
  <attribute name="Output T" value="16"/>
  <attribute name="Target GC Util Change" value ="80.000000" />
  <attribute name="Current GC Util Change" value="42.000000"/>
  <attribute name="GC Util currently" value="42" />
  <attribute name="CPU Util currently" value="115924669456" />
<allocation-satisfied id="2752" threadId="0000000001842F00" bytesRequested="32" />
<af-end id="2753" timestamp="2019-08-10T03:38:41.984" threadId="0000000001843888" success="true" from="nursery"/>
<exclusive-end id="2754" timestamp="2019-08-10T03:38:41.984" durationms="3.791" />

<exclusive-start id="2755" timestamp="2019-08-10T03:38:41.990" intervalms="10.160">
  <response-info timems="0.200" idlems="0.200" threads="0" lastid="0000000001842F00" lastname="main" />
</exclusive-start>
<af-start id="2756" threadId="0000000001843888" totalBytesRequested="32" timestamp="2019-08-10T03:38:41.990" intervalms="10.143" type="nursery" />
<cycle-start id="2757" type="scavenge" contextid="0" timestamp="2019-08-10T03:38:41.990" intervalms="10.136" />
<gc-start id="2758" type="scavenge" contextid="2757" timestamp="2019-08-10T03:38:41.990">
  <mem-info id="2759" free="4184230408" total="4203675648" percent="99">
    <mem type="nursery" free="0" total="2228224" percent="0">
      <mem type="allocate" free="0" total="1507328" percent="0" />
      <mem type="survivor" free="0" total="720896" percent="0" />
    </mem>
    <mem type="tenure" free="4184230408" total="4201447424" percent="99">
      <mem type="soa" free="3974158856" total="3991375872" percent="99" />
      <mem type="loa" free="210071552" total="210071552" percent="100" />
    </mem>
    <remembered-set count="816" />
  </mem-info>
</gc-start>
<allocation-stats totalBytes="1242376" >
  <allocated-bytes non-tlh="240" tlh="1242136" />
  <largest-consumer threadName="main" threadId="0000000001842F00" bytes="1242376" />
</allocation-stats>
<gc-op id="2760" type="scavenge" timems="7.388" contextid="2757" timestamp="2019-08-10T03:38:41.998">
  <scavenger-info tenureage="3" tenuremask="7e08" tiltratio="67" />
  <memory-copied type="nursery" objects="5343" bytes="198904" bytesdiscarded="35496" />
  <memory-copied type="tenure" objects="2051" bytes="75864" bytesdiscarded="64" />
  <references type="weak" candidates="18" cleared="0" enqueued="0" />
</gc-op>
<gc-end id="2761" type="scavenge" contextid="2757" durationms="7.965" usertimems="8.587" systemtimems="0.000" timestamp="2019-08-10T03:38:41.998" activeThreads="16">
  <mem-info id="2762" free="4185488992" total="4203675648" percent="99">
    <mem type="nursery" free="1338456" total="2228224" percent="60">
      <mem type="allocate" free="1338456" total="1572864" percent="85" />
      <mem type="survivor" free="0" total="655360" percent="0" />
    </mem>
    <mem type="tenure" free="4184150536" total="4201447424" percent="99" macro-fragmented="0">
      <mem type="soa" free="3974078984" total="3991375872" percent="99" />
      <mem type="loa" free="210071552" total="210071552" percent="100" />
    </mem>
    <remembered-set count="637" />
  </mem-info>
</gc-end>
<cycle-end id="2763" type="scavenge" contextid="2757" timestamp="2019-08-10T03:38:41.998" />
  <attribute name="elasticGC enabled" value="1" />
  <attribute name= "numThreadsSpecified" value="16" />
  <attribute name="heapSize specified" value="8519680" />
  <attribute name="Current GC Util" value="52" />
  <attribute name= "Current Time Running" value="122137" />
  <attribute name ="GC Interval" value="200" />
  <attribute name="ProportionalT" value="-14.000000" />
  <attribute name="ProportionalI" value="-14.000000" />
  <attribute name="ProportionalH" value="-14.000000" />
  <attribute name="Current Error" value="-28.000000" />
  <attribute name="IntegralT" value="-154.000000" />
  <attribute name="IntegralI" value="-154.000000" />
  <attribute name="IntegralH" value="-154.000000" />
  <attribute name="DerivativeT" value="-2.545455" />
  <attribute name="DerivativeI" value="-2.545455" />
  <attribute name="DerivativeH" value="-2.545455" />
  <attribute name="Loop Time for DT" value="11.000000" />
  <attribute name="Output H" value="4203675648"/>
  <attribute name="Output I" value="200"/>
  <attribute name="Output T" value="16"/>
  <attribute name="Target GC Util Change" value ="80.000000" />
  <attribute name="Current GC Util Change" value="52.000000"/>
  <attribute name="GC Util currently" value="52" />
  <attribute name="CPU Util currently" value="113699851479" />
<allocation-satisfied id="2764" threadId="0000000001842F00" bytesRequested="32" />
<af-end id="2765" timestamp="2019-08-10T03:38:41.998" threadId="0000000001843888" success="true" from="nursery"/>
<exclusive-end id="2766" timestamp="2019-08-10T03:38:41.998" durationms="8.179" />

<exclusive-start id="2767" timestamp="2019-08-10T03:38:42.011" intervalms="20.967">
  <response-info timems="0.049" idlems="0.049" threads="0" lastid="0000000001842F00" lastname="main" />
</exclusive-start>
<af-start id="2768" threadId="0000000001843888" totalBytesRequested="48" timestamp="2019-08-10T03:38:42.011" intervalms="20.984" type="nursery" />
<cycle-start id="2769" type="scavenge" contextid="0" timestamp="2019-08-10T03:38:42.011" intervalms="20.987" />
<gc-start id="2770" type="scavenge" contextid="2769" timestamp="2019-08-10T03:38:42.011">
  <mem-info id="2771" free="4184150536" total="4203675648" percent="99">
    <mem type="nursery" free="0" total="2228224" percent="0">
      <mem type="allocate" free="0" total="1572864" percent="0" />
      <mem type="survivor" free="0" total="655360" percent="0" />
    </mem>
    <mem type="tenure" free="4184150536" total="4201447424" percent="99">
      <mem type="soa" free="3974078984" total="3991375872" percent="99" />
      <mem type="loa" free="210071552" total="210071552" percent="100" />
    </mem>
    <remembered-set count="750" />
  </mem-info>
</gc-start>
<allocation-stats totalBytes="1337872" >
  <allocated-bytes non-tlh="32" tlh="1337840" />
  <largest-consumer threadName="main" threadId="0000000001842F00" bytes="1337872" />
</allocation-stats>
<gc-op id="2772" type="scavenge" timems="1.765" contextid="2769" timestamp="2019-08-10T03:38:42.013">
  <scavenger-info tenureage="3" tenuremask="7e08" tiltratio="70" />
  <memory-copied type="nursery" objects="8162" bytes="356880" bytesdiscarded="92144" />
  <memory-copied type="tenure" objects="1588" bytes="62568" bytesdiscarded="32" />
  <references type="weak" candidates="18" cleared="0" enqueued="0" />
</gc-op>
<gc-end id="2773" type="scavenge" contextid="2769" durationms="2.310" usertimems="4.591" systemtimems="0.000" timestamp="2019-08-10T03:38:42.014" activeThreads="16">
  <mem-info id="2774" free="4185234432" total="4203675648" percent="99">
    <mem type="nursery" free="1123832" total="2228224" percent="50">
      <mem type="allocate" free="1123832" total="1572864" percent="71" />
      <mem type="survivor" free="0" total="655360" percent="0" />
    </mem>
    <mem type="tenure" free="4184110600" total="4201447424" percent="99" macro-fragmented="168253">
      <mem type="soa" free="3974039048" total="3991375872" percent="99" />
      <mem type="loa" free="210071552" total="210071552" percent="100" />
    </mem>
    <remembered-set count="597" />
  </mem-info>
</gc-end>
<cycle-end id="2775" type="scavenge" contextid="2769" timestamp="2019-08-10T03:38:42.014" />
  <attribute name="elasticGC enabled" value="1" />
  <attribute name= "numThreadsSpecified" value="16" />
  <attribute name="heapSize specified" value="8519680" />
  <attribute name="Current GC Util" value="39" />
  <attribute name= "Current Time Running" value="122158" />
  <attribute name ="GC Interval" value="200" />
  <attribute name="ProportionalT" value="-20.500000" />
  <attribute name="ProportionalI" value="-20.500000" />
  <attribute name="ProportionalH" value="-20.500000" />
  <attribute name="Current Error" value="-41.000000" />
  <attribute name="IntegralT" value="-430.500000" />
  <attribute name="IntegralI" value="-430.500000" />
  <attribute name="IntegralH" value="-430.500000" />
  <attribute name="DerivativeT" value="-1.952381" />
  <attribute name="DerivativeI" value="-1.952381" />
  <attribute name="DerivativeH" value="-1.952381" />
  <attribute name="Loop Time for DT" value="21.000000" />
  <attribute name="Output H" value="4203675648"/>
  <attribute name="Output I" value="200"/>
  <attribute name="Output T" value="16"/>
  <attribute name="Target GC Util Change" value ="80.000000" />
  <attribute name="Current GC Util Change" value="39.000000"/>
  <attribute name="GC Util currently" value="39" />
  <attribute name="CPU Util currently" value="54930725494" />
<allocation-satisfied id="2776" threadId="0000000001842F00" bytesRequested="48" />
<af-end id="2777" timestamp="2019-08-10T03:38:42.014" threadId="0000000001843888" success="true" from="nursery"/>
<exclusive-end id="2778" timestamp="2019-08-10T03:38:42.014" durationms="2.558" />

<exclusive-start id="2779" timestamp="2019-08-10T03:38:42.032" intervalms="20.394">
  <response-info timems="0.166" idlems="0.166" threads="0" lastid="0000000001842F00" lastname="main" />
</exclusive-start>
<af-start id="2780" threadId="0000000001843888" totalBytesRequested="32" timestamp="2019-08-10T03:38:42.032" intervalms="20.408" type="nursery" />
<cycle-start id="2781" type="scavenge" contextid="0" timestamp="2019-08-10T03:38:42.032" intervalms="20.412" />
<gc-start id="2782" type="scavenge" contextid="2781" timestamp="2019-08-10T03:38:42.032">
  <mem-info id="2783" free="4184100184" total="4203675648" percent="99">
    <mem type="nursery" free="0" total="2228224" percent="0">
      <mem type="allocate" free="0" total="1572864" percent="0" />
      <mem type="survivor" free="0" total="655360" percent="0" />
    </mem>
    <mem type="tenure" free="4184100184" total="4201447424" percent="99">
      <mem type="soa" free="3974028632" total="3991375872" percent="99" />
      <mem type="loa" free="210071552" total="210071552" percent="100" />
    </mem>
    <remembered-set count="699" />
  </mem-info>
</gc-start>
<allocation-stats totalBytes="1134032" >
  <allocated-bytes non-tlh="210472" tlh="923560" />
  <largest-consumer threadName="main" threadId="0000000001842F00" bytes="1134032" />
</allocation-stats>
<gc-op id="2784" type="scavenge" timems="4.327" contextid="2781" timestamp="2019-08-10T03:38:42.036">
  <scavenger-info tenureage="9" tenuremask="7e00" tiltratio="70" />
  <memory-copied type="nursery" objects="4794" bytes="452424" bytesdiscarded="57880" />
  <references type="soft" candidates="1" cleared="0" enqueued="0" dynamicThreshold="31" maxThreshold="32" />
  <references type="weak" candidates="18" cleared="0" enqueued="0" />
  <references type="phantom" candidates="1" cleared="0" enqueued="0" />
</gc-op>
<gc-end id="2785" type="scavenge" contextid="2781" durationms="5.060" usertimems="8.735" systemtimems="0.000" timestamp="2019-08-10T03:38:42.037" activeThreads="16">
  <mem-info id="2786" free="4185162680" total="4203675648" percent="99">
    <mem type="nursery" free="1062496" total="2228224" percent="47">
      <mem type="allocate" free="1062496" total="1572864" percent="67" />
      <mem type="survivor" free="0" total="655360" percent="0" />
    </mem>
    <mem type="tenure" free="4184100184" total="4201447424" percent="99" macro-fragmented="3732887">
      <mem type="soa" free="3974028632" total="3991375872" percent="99" />
      <mem type="loa" free="210071552" total="210071552" percent="100" />
    </mem>
    <remembered-set count="692" />
  </mem-info>
</gc-end>
<cycle-end id="2787" type="scavenge" contextid="2781" timestamp="2019-08-10T03:38:42.037" />
  <attribute name="elasticGC enabled" value="1" />
  <attribute name= "numThreadsSpecified" value="16" />
  <attribute name="heapSize specified" value="8519680" />
  <attribute name="Current GC Util" value="22" />
  <attribute name= "Current Time Running" value="122178" />
  <attribute name ="GC Interval" value="200" />
  <attribute name="ProportionalT" value="-29.000000" />
  <attribute name="ProportionalI" value="-29.000000" />
  <attribute name="ProportionalH" value="-29.000000" />
  <attribute name="Current Error" value="-58.000000" />
  <attribute name="IntegralT" value="-580.000000" />
  <attribute name="IntegralI" value="-580.000000" />
  <attribute name="IntegralH" value="-580.000000" />
  <attribute name="DerivativeT" value="-2.900000" />
  <attribute name="DerivativeI" value="-2.900000" />
  <attribute name="DerivativeH" value="-2.900000" />
  <attribute name="Loop Time for DT" value="20.000000" />
  <attribute name="Output H" value="4203675648"/>
  <attribute name="Output I" value="200"/>
  <attribute name="Output T" value="16"/>
  <attribute name="Target GC Util Change" value ="80.000000" />
  <attribute name="Current GC Util Change" value="22.000000"/>
  <attribute name="GC Util currently" value="22" />
  <attribute name="CPU Util currently" value="56215242338" />
<allocation-satisfied id="2788" threadId="0000000001842F00" bytesRequested="32" />
<af-end id="2789" timestamp="2019-08-10T03:38:42.037" threadId="0000000001843888" success="true" from="nursery"/>
<exclusive-end id="2790" timestamp="2019-08-10T03:38:42.037" durationms="5.412" />

<exclusive-start id="2791" timestamp="2019-08-10T03:38:42.042" intervalms="10.470">
  <response-info timems="0.021" idlems="0.021" threads="0" lastid="0000000001842F00" lastname="main" />
</exclusive-start>
<af-start id="2792" threadId="0000000001843888" totalBytesRequested="32" timestamp="2019-08-10T03:38:42.042" intervalms="10.476" type="nursery" />
<cycle-start id="2793" type="scavenge" contextid="0" timestamp="2019-08-10T03:38:42.042" intervalms="10.478" />
<gc-start id="2794" type="scavenge" contextid="2793" timestamp="2019-08-10T03:38:42.042">
  <mem-info id="2795" free="4184100184" total="4203675648" percent="99">
    <mem type="nursery" free="0" total="2228224" percent="0">
      <mem type="allocate" free="0" total="1572864" percent="0" />
      <mem type="survivor" free="0" total="655360" percent="0" />
    </mem>
    <mem type="tenure" free="4184100184" total="4201447424" percent="99">
      <mem type="soa" free="3974028632" total="3991375872" percent="99" />
      <mem type="loa" free="210071552" total="210071552" percent="100" />
    </mem>
    <remembered-set count="692" />
  </mem-info>
</gc-start>
<allocation-stats totalBytes="1062264" >
  <allocated-bytes non-tlh="32" tlh="1062232" />
  <largest-consumer threadName="main" threadId="0000000001842F00" bytes="1062264" />
</allocation-stats>
<gc-op id="2796" type="scavenge" timems="3.618" contextid="2793" timestamp="2019-08-10T03:38:42.046">
  <scavenger-info tenureage="3" tenuremask="7e18" tiltratio="70" />
  <memory-copied type="nursery" objects="2742" bytes="374688" bytesdiscarded="49112" />
  <memory-copied type="tenure" objects="3396" bytes="127824" bytesdiscarded="344" />
  <references type="soft" candidates="1" cleared="0" enqueued="0" dynamicThreshold="31" maxThreshold="32" />
  <references type="phantom" candidates="1" cleared="0" enqueued="0" />
</gc-op>
<gc-end id="2797" type="scavenge" contextid="2793" durationms="4.150" usertimems="8.495" systemtimems="0.000" timestamp="2019-08-10T03:38:42.046" activeThreads="16">
  <mem-info id="2798" free="4185112488" total="4203675648" percent="99">
    <mem type="nursery" free="1149008" total="2228224" percent="51">
      <mem type="allocate" free="1149008" total="1572864" percent="73" />
      <mem type="survivor" free="0" total="655360" percent="0" />
    </mem>
    <mem type="tenure" free="4183963480" total="4201447424" percent="99" macro-fragmented="0">
      <mem type="soa" free="3973891928" total="3991375872" percent="99" />
      <mem type="loa" free="210071552" total="210071552" percent="100" />
    </mem>
    <remembered-set count="405" />
  </mem-info>
</gc-end>
<cycle-end id="2799" type="scavenge" contextid="2793" timestamp="2019-08-10T03:38:42.046" />
  <attribute name="elasticGC enabled" value="1" />
  <attribute name= "numThreadsSpecified" value="16" />
  <attribute name="heapSize specified" value="8519680" />
  <attribute name="Current GC Util" value="73" />
  <attribute name= "Current Time Running" value="122188" />
  <attribute name ="GC Interval" value="200" />
  <attribute name="ProportionalT" value="-3.500000" />
  <attribute name="ProportionalI" value="-3.500000" />
  <attribute name="ProportionalH" value="-3.500000" />
  <attribute name="Current Error" value="-7.000000" />
  <attribute name="IntegralT" value="-35.000000" />
  <attribute name="IntegralI" value="-35.000000" />
  <attribute name="IntegralH" value="-35.000000" />
  <attribute name="DerivativeT" value="-0.700000" />
  <attribute name="DerivativeI" value="-0.700000" />
  <attribute name="DerivativeH" value="-0.700000" />
  <attribute name="Loop Time for DT" value="10.000000" />
  <attribute name="Output H" value="4203675648"/>
  <attribute name="Output I" value="200"/>
  <attribute name="Output T" value="16"/>
  <attribute name="Target GC Util Change" value ="80.000000" />
  <attribute name="Current GC Util Change" value="73.000000"/>
  <attribute name="GC Util currently" value="73" />
  <attribute name="CPU Util currently" value="110957847641" />
<allocation-satisfied id="2800" threadId="0000000001842F00" bytesRequested="32" />
<af-end id="2801" timestamp="2019-08-10T03:38:42.047" threadId="0000000001843888" success="true" from="nursery"/>
<exclusive-end id="2802" timestamp="2019-08-10T03:38:42.047" durationms="4.413" />

<exclusive-start id="2803" timestamp="2019-08-10T03:38:42.072" intervalms="29.413">
  <response-info timems="0.018" idlems="0.018" threads="0" lastid="0000000001842F00" lastname="main" />
</exclusive-start>
<af-start id="2804" threadId="0000000001843888" totalBytesRequested="16" timestamp="2019-08-10T03:38:42.072" intervalms="29.390" type="nursery" />
<cycle-start id="2805" type="scavenge" contextid="0" timestamp="2019-08-10T03:38:42.072" intervalms="29.382" />
<gc-start id="2806" type="scavenge" contextid="2805" timestamp="2019-08-10T03:38:42.072">
  <mem-info id="2807" free="4183949664" total="4203675648" percent="99">
    <mem type="nursery" free="0" total="2228224" percent="0">
      <mem type="allocate" free="0" total="1572864" percent="0" />
      <mem type="survivor" free="0" total="655360" percent="0" />
    </mem>
    <mem type="tenure" free="4183949664" total="4201447424" percent="99">
      <mem type="soa" free="3973878112" total="3991375872" percent="99" />
      <mem type="loa" free="210071552" total="210071552" percent="100" />
    </mem>
    <remembered-set count="726" />
  </mem-info>
</gc-start>
<allocation-stats totalBytes="1162016" >
  <allocated-bytes non-tlh="13848" tlh="1148168" />
  <largest-consumer threadName="main" threadId="0000000001842F00" bytes="1162016" />
</allocation-stats>
<gc-op id="2808" type="scavenge" timems="2.002" contextid="2805" timestamp="2019-08-10T03:38:42.074">
  <scavenger-info tenureage="2" tenuremask="7e04" tiltratio="70" />
  <memory-copied type="nursery" objects="4397" bytes="165688" bytesdiscarded="99064" />
  <memory-copied type="tenure" objects="373" bytes="42728" bytesdiscarded="32" />
  <references type="soft" candidates="314" cleared="0" enqueued="0" dynamicThreshold="31" maxThreshold="32" />
  <references type="weak" candidates="172" cleared="15" enqueued="15" />
</gc-op>
<gc-end id="2809" type="scavenge" contextid="2805" durationms="2.510" usertimems="4.130" systemtimems="0.000" timestamp="2019-08-10T03:38:42.074" activeThreads="16">
  <mem-info id="2810" free="4185194256" total="4203675648" percent="99">
    <mem type="nursery" free="1307904" total="2228224" percent="58">
      <mem type="allocate" free="1307904" total="1572864" percent="83" />
      <mem type="survivor" free="0" total="655360" percent="0" />
    </mem>
    <mem type="tenure" free="4183886352" total="4201447424" percent="99" macro-fragmented="83168">
      <mem type="soa" free="3973814800" total="3991375872" percent="99" />
      <mem type="loa" free="210071552" total="210071552" percent="100" />
    </mem>
    <pending-finalizers system="0" default="0" reference="15" classloader="0" />
    <remembered-set count="622" />
  </mem-info>
</gc-end>
<cycle-end id="2811" type="scavenge" contextid="2805" timestamp="2019-08-10T03:38:42.074" />
  <attribute name="elasticGC enabled" value="1" />
  <attribute name= "numThreadsSpecified" value="16" />
  <attribute name="heapSize specified" value="8519680" />
  <attribute name="Current GC Util" value="27" />
  <attribute name= "Current Time Running" value="122218" />
  <attribute name ="GC Interval" value="200" />
  <attribute name="ProportionalT" value="-26.500000" />
  <attribute name="ProportionalI" value="-26.500000" />
  <attribute name="ProportionalH" value="-26.500000" />
  <attribute name="Current Error" value="-53.000000" />
  <attribute name="IntegralT" value="-795.000000" />
  <attribute name="IntegralI" value="-795.000000" />
  <attribute name="IntegralH" value="-795.000000" />
  <attribute name="DerivativeT" value="-1.766667" />
  <attribute name="DerivativeI" value="-1.766667" />
  <attribute name="DerivativeH" value="-1.766667" />
  <attribute name="Loop Time for DT" value="30.000000" />
  <attribute name="Output H" value="4203675648"/>
  <attribute name="Output I" value="200"/>
  <attribute name="Output T" value="16"/>
  <attribute name="Target GC Util Change" value ="80.000000" />
  <attribute name="Current GC Util Change" value="27.000000"/>
  <attribute name="GC Util currently" value="27" />
  <attribute name="CPU Util currently" value="39264657318" />
<allocation-satisfied id="2812" threadId="0000000001842F00" bytesRequested="16" />
<af-end id="2813" timestamp="2019-08-10T03:38:42.074" threadId="0000000001843888" success="true" from="nursery"/>
<exclusive-end id="2814" timestamp="2019-08-10T03:38:42.074" durationms="2.705" />

<exclusive-start id="2815" timestamp="2019-08-10T03:38:42.107" intervalms="35.887">
  <response-info timems="0.013" idlems="0.013" threads="0" lastid="0000000001842F00" lastname="main" />
</exclusive-start>
<sys-start reason="explicit" id="2816" timestamp="2019-08-10T03:38:42.107" intervalms="122024.374" />
<cycle-start id="2817" type="global" contextid="0" timestamp="2019-08-10T03:38:42.108" intervalms="122024.338" />
<gc-start id="2818" type="global" contextid="2817" timestamp="2019-08-10T03:38:42.108">
  <mem-info id="2819" free="4184187344" total="4203675648" percent="99">
    <mem type="nursery" free="309160" total="2228224" percent="13">
      <mem type="allocate" free="309160" total="1572864" percent="19" />
      <mem type="survivor" free="0" total="655360" percent="0" />
    </mem>
    <mem type="tenure" free="4183878184" total="4201447424" percent="99">
      <mem type="soa" free="3973806632" total="3991375872" percent="99" />
      <mem type="loa" free="210071552" total="210071552" percent="100" />
    </mem>
    <remembered-set count="795" />
  </mem-info>
</gc-start>
<allocation-stats totalBytes="1003008" >
  <allocated-bytes non-tlh="208192" tlh="794816" />
  <largest-consumer threadName="main" threadId="0000000001842F00" bytes="1003008" />
</allocation-stats>
<gc-op id="2820" type="mark" timems="17.999" contextid="2817" timestamp="2019-08-10T03:38:42.126">
  <trace-info objectcount="75641" scancount="63046" scanbytes="2139088" />
  <finalization candidates="80" enqueued="0" />
  <ownableSynchronizers candidates="21" cleared="0" />
  <references type="soft" candidates="1641" cleared="0" enqueued="0" dynamicThreshold="31" maxThreshold="32" />
  <references type="weak" candidates="4476" cleared="98" enqueued="51" />
  <references type="phantom" candidates="76" cleared="3" enqueued="3" />
  <stringconstants candidates="10077" cleared="1394"  />
</gc-op>
<gc-op id="2821" type="classunload" timems="4.869" contextid="2817" timestamp="2019-08-10T03:38:42.131">
  <classunload-info classloadercandidates="18" classloadersunloaded="2" classesunloaded="509" anonymousclassesunloaded="0" quiescems="0.000" setupms="1.606" scanms="3.259" postms="0.004" />
</gc-op>
<gc-op id="2822" type="sweep" timems="4.882" contextid="2817" timestamp="2019-08-10T03:38:42.136" />
<mem-info id="2823" free="4198308568" total="4203675648" percent="99">
  <mem type="nursery" free="1351344" total="2228224" percent="60">
    <mem type="allocate" free="1351344" total="1572864" percent="85" />
    <mem type="survivor" free="0" total="655360" percent="0" />
  </mem>
  <mem type="tenure" free="4196957224" total="4201447424" percent="99" micro-fragmented="77611" macro-fragmented="7740515">
    <mem type="soa" free="3986885672" total="3991375872" percent="99" />
    <mem type="loa" free="210071552" total="210071552" percent="100" />
  </mem>
  <pending-finalizers system="0" default="0" reference="54" classloader="0" />
  <remembered-set count="572" />
</mem-info>
<gc-op id="2824" type="compact" timems="33.440" contextid="2817" timestamp="2019-08-10T03:38:42.169">
  <compact-info movecount="69241" movebytes="4284848" reason="compact to aid heap contraction" />
</gc-op>
<heap-resize id="2825" type="contract" space="tenure" amount="210042880" count="1" timems="0.121" reason="heap reconfiguration" timestamp="2019-08-10T03:38:42.170" />
<gc-end id="2826" type="global" contextid="2817" durationms="62.774" usertimems="167.943" systemtimems="0.000" timestamp="2019-08-10T03:38:42.170" activeThreads="16">
  <mem-info id="2827" free="3988399464" total="3993632768" percent="99">
    <mem type="nursery" free="1402128" total="2228224" percent="62">
      <mem type="allocate" free="1402128" total="1572864" percent="89" />
      <mem type="survivor" free="0" total="655360" percent="0" />
    </mem>
    <mem type="tenure" free="3986997336" total="3991404544" percent="99">
      <mem type="soa" free="3787456600" total="3791835136" percent="99" />
      <mem type="loa" free="199540736" total="199569408" percent="99" />
    </mem>
    <pending-finalizers system="0" default="0" reference="54" classloader="0" />
    <remembered-set count="572" />
  </mem-info>
</gc-end>
<cycle-end id="2828" type="global" contextid="2817" timestamp="2019-08-10T03:38:42.171" />
  <attribute name="elasticGC enabled" value="1" />
  <attribute name= "numThreadsSpecified" value="16" />
  <attribute name="heapSize specified" value="-91291648" />
  <attribute name="Current GC Util" value="189" />
  <attribute name= "Current Time Running" value="122316" />
  <attribute name ="GC Interval" value="200" />
  <attribute name="ProportionalT" value="54.500000" />
  <attribute name="ProportionalI" value="54.500000" />
  <attribute name="ProportionalH" value="54.500000" />
  <attribute name="Current Error" value="109.000000" />
  <attribute name="IntegralT" value="1853.000000" />
  <attribute name="IntegralI" value="1853.000000" />
  <attribute name="IntegralH" value="1853.000000" />
  <attribute name="DerivativeT" value="-6.411765" />
  <attribute name="DerivativeI" value="-6.411765" />
  <attribute name="DerivativeH" value="-6.411765" />
  <attribute name="Loop Time for DT" value="34.000000" />
  <attribute name="Output H" value="8388608"/>
  <attribute name="Output I" value="1904"/>
  <attribute name="Output T" value="16"/>
  <attribute name="Target GC Util Change" value ="80.000000" />
  <attribute name="Current GC Util Change" value="189.000000"/>
  <attribute name="GC Util currently" value="189" />
  <attribute name="CPU Util currently" value="34424468089" />
<sys-end id="2829" timestamp="2019-08-10T03:38:42.171" />
<exclusive-end id="2830" timestamp="2019-08-10T03:38:42.171" durationms="63.620" />

===== DaCapo 9.12-MR1 jython starting =====
<exclusive-start id="2831" timestamp="2019-08-10T03:38:42.207" intervalms="99.421">
  <response-info timems="0.022" idlems="0.022" threads="0" lastid="0000000001842F00" lastname="main" />
</exclusive-start>
<af-start id="2832" threadId="0000000001843888" totalBytesRequested="48" timestamp="2019-08-10T03:38:42.207" intervalms="135.337" type="nursery" />
<cycle-start id="2833" type="scavenge" contextid="0" timestamp="2019-08-10T03:38:42.207" intervalms="135.347" />
<gc-start id="2834" type="scavenge" contextid="2833" timestamp="2019-08-10T03:38:42.207">
  <mem-info id="2835" free="3986997280" total="3993632768" percent="99">
    <mem type="nursery" free="0" total="2228224" percent="0">
      <mem type="allocate" free="0" total="1572864" percent="0" />
      <mem type="survivor" free="0" total="655360" percent="0" />
    </mem>
    <mem type="tenure" free="3986997280" total="3991404544" percent="99">
      <mem type="soa" free="3787456544" total="3791835136" percent="99" />
      <mem type="loa" free="199540736" total="199569408" percent="99" />
    </mem>
    <remembered-set count="639" />
  </mem-info>
</gc-start>
<allocation-stats totalBytes="1401960" >
  <allocated-bytes non-tlh="527760" tlh="874200" />
  <largest-consumer threadName="main" threadId="0000000001842F00" bytes="1389616" />
</allocation-stats>
<gc-op id="2836" type="scavenge" timems="4.523" contextid="2833" timestamp="2019-08-10T03:38:42.212">
  <scavenger-info tenureage="4" tenuremask="7e10" tiltratio="70" />
  <memory-copied type="nursery" objects="6148" bytes="621320" bytesdiscarded="33824" />
  <memory-copied type="tenure" objects="5164" bytes="470584" bytesdiscarded="280" />
  <copy-failed type="nursery" objects="5164" bytes="470600" />
  <ownableSynchronizers candidates="42" cleared="42" />
  <references type="soft" candidates="198" cleared="0" enqueued="0" dynamicThreshold="31" maxThreshold="32" />
  <references type="weak" candidates="260" cleared="4" enqueued="4" />
  <references type="phantom" candidates="5" cleared="1" enqueued="1" />
</gc-op>
<gc-end id="2837" type="scavenge" contextid="2833" durationms="5.191" usertimems="9.731" systemtimems="0.000" timestamp="2019-08-10T03:38:42.212" activeThreads="16">
  <mem-info id="2838" free="3986915864" total="3993632768" percent="99">
    <mem type="nursery" free="458752" total="2228224" percent="20">
      <mem type="allocate" free="458752" total="1114112" percent="41" />
      <mem type="survivor" free="0" total="1114112" percent="0" />
    </mem>
    <mem type="tenure" free="3986457112" total="3991404544" percent="99" macro-fragmented="1048608">
      <mem type="soa" free="3786916376" total="3791835136" percent="99" />
      <mem type="loa" free="199540736" total="199569408" percent="99" />
    </mem>
    <pending-finalizers system="0" default="0" reference="5" classloader="0" />
    <remembered-set count="2516" />
  </mem-info>
</gc-end>
<cycle-end id="2839" type="scavenge" contextid="2833" timestamp="2019-08-10T03:38:42.212" />
  <attribute name="elasticGC enabled" value="1" />
  <attribute name= "numThreadsSpecified" value="16" />
  <attribute name="heapSize specified" value="-91291648" />
  <attribute name="Current GC Util" value="88" />
  <attribute name= "Current Time Running" value="122353" />
  <attribute name ="GC Interval" value="200" />
  <attribute name="ProportionalT" value="4.000000" />
  <attribute name="ProportionalI" value="4.000000" />
  <attribute name="ProportionalH" value="4.000000" />
  <attribute name="Current Error" value="8.000000" />
  <attribute name="IntegralT" value="148.000000" />
  <attribute name="IntegralI" value="148.000000" />
  <attribute name="IntegralH" value="148.000000" />
  <attribute name="DerivativeT" value="-2.729730" />
  <attribute name="DerivativeI" value="-2.729730" />
  <attribute name="DerivativeH" value="-2.729730" />
  <attribute name="Loop Time for DT" value="37.000000" />
  <attribute name="Output H" value="8388608"/>
  <attribute name="Output I" value="200"/>
  <attribute name="Output T" value="16"/>
  <attribute name="Target GC Util Change" value ="80.000000" />
  <attribute name="Current GC Util Change" value="88.000000"/>
  <attribute name="GC Util currently" value="88" />
  <attribute name="CPU Util currently" value="30704160824" />
<allocation-satisfied id="2840" threadId="0000000001842F00" bytesRequested="48" />
<af-end id="2841" timestamp="2019-08-10T03:38:42.212" threadId="0000000001843888" success="true" from="nursery"/>
<exclusive-end id="2842" timestamp="2019-08-10T03:38:42.212" durationms="5.477" />

<exclusive-start id="2843" timestamp="2019-08-10T03:38:42.217" intervalms="10.303">
  <response-info timems="0.047" idlems="0.047" threads="0" lastid="0000000001842F00" lastname="main" />
</exclusive-start>
<af-start id="2844" threadId="0000000001843888" totalBytesRequested="32" timestamp="2019-08-10T03:38:42.217" intervalms="10.285" type="nursery" />
<cycle-start id="2845" type="scavenge" contextid="0" timestamp="2019-08-10T03:38:42.217" intervalms="10.285" />
<gc-start id="2846" type="scavenge" contextid="2845" timestamp="2019-08-10T03:38:42.217">
  <mem-info id="2847" free="3986456536" total="3993632768" percent="99">
    <mem type="nursery" free="0" total="2228224" percent="0">
      <mem type="allocate" free="0" total="1114112" percent="0" />
      <mem type="survivor" free="0" total="1114112" percent="0" />
    </mem>
    <mem type="tenure" free="3986456536" total="3991404544" percent="99">
      <mem type="soa" free="3786915800" total="3791835136" percent="99" />
      <mem type="loa" free="199540736" total="199569408" percent="99" />
    </mem>
    <remembered-set count="2529" />
  </mem-info>
</gc-start>
<allocation-stats totalBytes="458928" >
  <allocated-bytes non-tlh="624" tlh="458304" />
  <largest-consumer threadName="main" threadId="0000000001842F00" bytes="458928" />
</allocation-stats>
<gc-op id="2848" type="scavenge" timems="3.814" contextid="2845" timestamp="2019-08-10T03:38:42.221">
  <scavenger-info tenureage="3" tenuremask="ffd8" tiltratio="50" />
  <memory-copied type="nursery" objects="6968" bytes="673376" bytesdiscarded="178464" />
  <references type="soft" candidates="198" cleared="0" enqueued="0" dynamicThreshold="31" maxThreshold="32" />
  <references type="weak" candidates="258" cleared="0" enqueued="0" />
  <references type="phantom" candidates="4" cleared="0" enqueued="0" />
</gc-op>
<heap-resize id="2849" type="expand" space="nursery" amount="393216" count="1" timems="0.020" reason="excessive time being spent scavenging" timestamp="2019-08-10T03:38:42.221" />
<gc-end id="2850" type="scavenge" contextid="2845" durationms="4.414" usertimems="9.731" systemtimems="0.434" timestamp="2019-08-10T03:38:42.222" activeThreads="16">
  <mem-info id="2851" free="3986915192" total="3994025984" percent="99">
    <mem type="nursery" free="458656" total="2621440" percent="17">
      <mem type="allocate" free="458656" total="1310720" percent="34" />
      <mem type="survivor" free="0" total="1310720" percent="0" />
    </mem>
    <mem type="tenure" free="3986456536" total="3991404544" percent="99" macro-fragmented="290741">
      <mem type="soa" free="3786915800" total="3791835136" percent="99" />
      <mem type="loa" free="199540736" total="199569408" percent="99" />
    </mem>
    <remembered-set count="2285" />
  </mem-info>
</gc-end>
<cycle-end id="2852" type="scavenge" contextid="2845" timestamp="2019-08-10T03:38:42.222" />
  <attribute name="elasticGC enabled" value="1" />
  <attribute name= "numThreadsSpecified" value="16" />
  <attribute name="heapSize specified" value="-91291648" />
  <attribute name="Current GC Util" value="93" />
  <attribute name= "Current Time Running" value="122364" />
  <attribute name ="GC Interval" value="200" />
  <attribute name="ProportionalT" value="6.500000" />
  <attribute name="ProportionalI" value="6.500000" />
  <attribute name="ProportionalH" value="6.500000" />
  <attribute name="Current Error" value="13.000000" />
  <attribute name="IntegralT" value="71.500000" />
  <attribute name="IntegralI" value="71.500000" />
  <attribute name="IntegralH" value="71.500000" />
  <attribute name="DerivativeT" value="0.454545" />
  <attribute name="DerivativeI" value="0.454545" />
  <attribute name="DerivativeH" value="0.454545" />
  <attribute name="Loop Time for DT" value="11.000000" />
  <attribute name="Output H" value="8388608"/>
  <attribute name="Output I" value="200"/>
  <attribute name="Output T" value="16"/>
  <attribute name="Target GC Util Change" value ="80.000000" />
  <attribute name="Current GC Util Change" value="93.000000"/>
  <attribute name="GC Util currently" value="93" />
  <attribute name="CPU Util currently" value="112023233175" />
<allocation-satisfied id="2853" threadId="0000000001842F00" bytesRequested="32" />
<af-end id="2854" timestamp="2019-08-10T03:38:42.222" threadId="0000000001843888" success="true" from="nursery"/>
<exclusive-end id="2855" timestamp="2019-08-10T03:38:42.222" durationms="4.669" />

<exclusive-start id="2856" timestamp="2019-08-10T03:38:42.225" intervalms="7.407">
  <response-info timems="0.050" idlems="0.050" threads="0" lastid="0000000001842F00" lastname="main" />
</exclusive-start>
<af-start id="2857" threadId="0000000001843888" totalBytesRequested="32" timestamp="2019-08-10T03:38:42.225" intervalms="7.393" type="nursery" />
<cycle-start id="2858" type="scavenge" contextid="0" timestamp="2019-08-10T03:38:42.225" intervalms="7.383" />
<gc-start id="2859" type="scavenge" contextid="2858" timestamp="2019-08-10T03:38:42.225">
  <mem-info id="2860" free="3986456536" total="3994025984" percent="99">
    <mem type="nursery" free="0" total="2621440" percent="0">
      <mem type="allocate" free="0" total="1310720" percent="0" />
      <mem type="survivor" free="0" total="1310720" percent="0" />
    </mem>
    <mem type="tenure" free="3986456536" total="3991404544" percent="99">
      <mem type="soa" free="3786915800" total="3791835136" percent="99" />
      <mem type="loa" free="199540736" total="199569408" percent="99" />
    </mem>
    <remembered-set count="2285" />
  </mem-info>
</gc-start>
<allocation-stats totalBytes="458600" >
  <allocated-bytes non-tlh="32" tlh="458568" />
  <largest-consumer threadName="main" threadId="0000000001842F00" bytes="458600" />
</allocation-stats>
<gc-op id="2861" type="scavenge" timems="3.873" contextid="2858" timestamp="2019-08-10T03:38:42.229">
  <scavenger-info tenureage="3" tenuremask="fff8" tiltratio="50" />
  <memory-copied type="nursery" objects="6409" bytes="655496" bytesdiscarded="123952" />
  <memory-copied type="tenure" objects="1255" bytes="43880" bytesdiscarded="40" />
  <references type="soft" candidates="6" cleared="0" enqueued="0" dynamicThreshold="31" maxThreshold="32" />
  <references type="weak" candidates="127" cleared="0" enqueued="0" />
  <references type="phantom" candidates="4" cleared="0" enqueued="0" />
</gc-op>
<heap-resize id="2862" type="expand" space="nursery" amount="786432" count="1" timems="0.019" reason="excessive time being spent scavenging" timestamp="2019-08-10T03:38:42.229" />
<gc-end id="2863" type="scavenge" contextid="2858" durationms="4.645" usertimems="12.169" systemtimems="1.472" timestamp="2019-08-10T03:38:42.229" activeThreads="16">
  <mem-info id="2864" free="3987332480" total="3994812416" percent="99">
    <mem type="nursery" free="924328" total="3407872" percent="27">
      <mem type="allocate" free="924328" total="1703936" percent="54" />
      <mem type="survivor" free="0" total="1703936" percent="0" />
    </mem>
    <mem type="tenure" free="3986408152" total="3991404544" percent="99" macro-fragmented="5375357">
      <mem type="soa" free="3786867416" total="3791835136" percent="99" />
      <mem type="loa" free="199540736" total="199569408" percent="99" />
    </mem>
    <remembered-set count="1914" />
  </mem-info>
</gc-end>
<cycle-end id="2865" type="scavenge" contextid="2858" timestamp="2019-08-10T03:38:42.229" />
  <attribute name="elasticGC enabled" value="1" />
  <attribute name= "numThreadsSpecified" value="16" />
  <attribute name="heapSize specified" value="-91291648" />
  <attribute name="Current GC Util" value="136" />
  <attribute name= "Current Time Running" value="122371" />
  <attribute name ="GC Interval" value="232" />
  <attribute name="ProportionalT" value="28.000000" />
  <attribute name="ProportionalI" value="28.000000" />
  <attribute name="ProportionalH" value="28.000000" />
  <attribute name="Current Error" value="56.000000" />
  <attribute name="IntegralT" value="196.000000" />
  <attribute name="IntegralI" value="196.000000" />
  <attribute name="IntegralH" value="196.000000" />
  <attribute name="DerivativeT" value="6.142857" />
  <attribute name="DerivativeI" value="6.142857" />
  <attribute name="DerivativeH" value="6.142857" />
  <attribute name="Loop Time for DT" value="7.000000" />
  <attribute name="Output H" value="8388608"/>
  <attribute name="Output I" value="232"/>
  <attribute name="Output T" value="16"/>
  <attribute name="Target GC Util Change" value ="80.000000" />
  <attribute name="Current GC Util Change" value="136.000000"/>
  <attribute name="GC Util currently" value="136" />
  <attribute name="CPU Util currently" value="155530314952" />
<allocation-satisfied id="2866" threadId="0000000001842F00" bytesRequested="32" />
<af-end id="2867" timestamp="2019-08-10T03:38:42.229" threadId="0000000001843888" success="true" from="nursery"/>
<exclusive-end id="2868" timestamp="2019-08-10T03:38:42.229" durationms="4.882" />

<exclusive-start id="2869" timestamp="2019-08-10T03:38:42.234" intervalms="9.916">
  <response-info timems="0.020" idlems="0.020" threads="0" lastid="0000000001842F00" lastname="main" />
</exclusive-start>
<af-start id="2870" threadId="0000000001843888" totalBytesRequested="32" timestamp="2019-08-10T03:38:42.235" intervalms="9.933" type="nursery" />
<cycle-start id="2871" type="scavenge" contextid="0" timestamp="2019-08-10T03:38:42.235" intervalms="9.935" />
<gc-start id="2872" type="scavenge" contextid="2871" timestamp="2019-08-10T03:38:42.235">
  <mem-info id="2873" free="3986407944" total="3994812416" percent="99">
    <mem type="nursery" free="0" total="3407872" percent="0">
      <mem type="allocate" free="0" total="1703936" percent="0" />
      <mem type="survivor" free="0" total="1703936" percent="0" />
    </mem>
    <mem type="tenure" free="3986407944" total="3991404544" percent="99">
      <mem type="soa" free="3786867208" total="3791835136" percent="99" />
      <mem type="loa" free="199540736" total="199569408" percent="99" />
    </mem>
    <remembered-set count="1919" />
  </mem-info>
</gc-start>
<allocation-stats totalBytes="924296" >
  <allocated-bytes non-tlh="240" tlh="924056" />
  <largest-consumer threadName="main" threadId="0000000001842F00" bytes="924296" />
</allocation-stats>
<gc-op id="2874" type="scavenge" timems="8.669" contextid="2871" timestamp="2019-08-10T03:38:42.244">
  <scavenger-info tenureage="3" tenuremask="ffe8" tiltratio="50" />
  <memory-copied type="nursery" objects="2854" bytes="134560" bytesdiscarded="95568" />
  <memory-copied type="tenure" objects="4877" bytes="570224" bytesdiscarded="744" />
  <references type="weak" candidates="2" cleared="0" enqueued="0" />
</gc-op>
<heap-resize id="2875" type="expand" space="nursery" amount="1048576" count="1" timems="0.019" reason="excessive time being spent scavenging" timestamp="2019-08-10T03:38:42.244" />
<gc-end id="2876" type="scavenge" contextid="2871" durationms="9.441" usertimems="6.218" systemtimems="7.038" timestamp="2019-08-10T03:38:42.244" activeThreads="16">
  <mem-info id="2877" free="3987799976" total="3995860992" percent="99">
    <mem type="nursery" free="1998088" total="4456448" percent="44">
      <mem type="allocate" free="1998088" total="2228224" percent="89" />
      <mem type="survivor" free="0" total="2228224" percent="0" />
    </mem>
    <mem type="tenure" free="3985801888" total="3991404544" percent="99" macro-fragmented="13375613">
      <mem type="soa" free="3786261152" total="3791835136" percent="99" />
      <mem type="loa" free="199540736" total="199569408" percent="99" />
    </mem>
    <remembered-set count="323" />
  </mem-info>
</gc-end>
<cycle-end id="2878" type="scavenge" contextid="2871" timestamp="2019-08-10T03:38:42.244" />
  <attribute name="elasticGC enabled" value="1" />
  <attribute name= "numThreadsSpecified" value="16" />
  <attribute name="heapSize specified" value="-91291648" />
  <attribute name="Current GC Util" value="97" />
  <attribute name= "Current Time Running" value="122381" />
  <attribute name ="GC Interval" value="200" />
  <attribute name="ProportionalT" value="8.500000" />
  <attribute name="ProportionalI" value="8.500000" />
  <attribute name="ProportionalH" value="8.500000" />
  <attribute name="Current Error" value="17.000000" />
  <attribute name="IntegralT" value="85.000000" />
  <attribute name="IntegralI" value="85.000000" />
  <attribute name="IntegralH" value="85.000000" />
  <attribute name="DerivativeT" value="-3.900000" />
  <attribute name="DerivativeI" value="-3.900000" />
  <attribute name="DerivativeH" value="-3.900000" />
  <attribute name="Loop Time for DT" value="10.000000" />
  <attribute name="Output H" value="8388608"/>
  <attribute name="Output I" value="200"/>
  <attribute name="Output T" value="16"/>
  <attribute name="Target GC Util Change" value ="80.000000" />
  <attribute name="Current GC Util Change" value="97.000000"/>
  <attribute name="GC Util currently" value="97" />
  <attribute name="CPU Util currently" value="114106073950" />
<allocation-satisfied id="2879" threadId="0000000001842F00" bytesRequested="32" />
<af-end id="2880" timestamp="2019-08-10T03:38:42.244" threadId="0000000001843888" success="true" from="nursery"/>
<exclusive-end id="2881" timestamp="2019-08-10T03:38:42.244" durationms="9.926" />

<exclusive-start id="2882" timestamp="2019-08-10T03:38:42.254" intervalms="19.380">
  <response-info timems="0.086" idlems="0.086" threads="0" lastid="0000000001842F00" lastname="main" />
</exclusive-start>
<af-start id="2883" threadId="0000000001843888" totalBytesRequested="24" timestamp="2019-08-10T03:38:42.254" intervalms="19.377" type="nursery" />
<cycle-start id="2884" type="scavenge" contextid="0" timestamp="2019-08-10T03:38:42.254" intervalms="19.379" />
<gc-start id="2885" type="scavenge" contextid="2884" timestamp="2019-08-10T03:38:42.254">
  <mem-info id="2886" free="3985801888" total="3995860992" percent="99">
    <mem type="nursery" free="0" total="4456448" percent="0">
      <mem type="allocate" free="0" total="2228224" percent="0" />
      <mem type="survivor" free="0" total="2228224" percent="0" />
    </mem>
    <mem type="tenure" free="3985801888" total="3991404544" percent="99">
      <mem type="soa" free="3786261152" total="3791835136" percent="99" />
      <mem type="loa" free="199540736" total="199569408" percent="99" />
    </mem>
    <remembered-set count="617" />
  </mem-info>
</gc-start>
<allocation-stats totalBytes="1997768" >
  <allocated-bytes non-tlh="32" tlh="1997736" />
  <largest-consumer threadName="main" threadId="0000000001842F00" bytes="1997768" />
</allocation-stats>
<gc-op id="2887" type="scavenge" timems="2.234" contextid="2884" timestamp="2019-08-10T03:38:42.256">
  <scavenger-info tenureage="3" tenuremask="ffe8" tiltratio="50" />
  <memory-copied type="nursery" objects="5154" bytes="193968" bytesdiscarded="40224" />
  <memory-copied type="tenure" objects="763" bytes="57032" bytesdiscarded="552" />
</gc-op>
<heap-resize id="2888" type="expand" space="nursery" amount="393216" count="1" timems="0.014" reason="excessive time being spent scavenging" timestamp="2019-08-10T03:38:42.257" />
<gc-end id="2889" type="scavenge" contextid="2884" durationms="2.834" usertimems="4.179" systemtimems="2.196" timestamp="2019-08-10T03:38:42.257" activeThreads="16">
  <mem-info id="2890" free="3988302856" total="3996254208" percent="99">
    <mem type="nursery" free="2583856" total="4849664" percent="53">
      <mem type="allocate" free="2583856" total="2818048" percent="91" />
      <mem type="survivor" free="0" total="2031616" percent="0" />
    </mem>
    <mem type="tenure" free="3985719000" total="3991404544" percent="99" macro-fragmented="800032">
      <mem type="soa" free="3786178264" total="3791835136" percent="99" />
      <mem type="loa" free="199540736" total="199569408" percent="99" />
    </mem>
    <remembered-set count="590" />
  </mem-info>
</gc-end>
<cycle-end id="2891" type="scavenge" contextid="2884" timestamp="2019-08-10T03:38:42.257" />
  <attribute name="elasticGC enabled" value="1" />
  <attribute name= "numThreadsSpecified" value="16" />
  <attribute name="heapSize specified" value="-91291648" />
  <attribute name="Current GC Util" value="67" />
  <attribute name= "Current Time Running" value="122400" />
  <attribute name ="GC Interval" value="200" />
  <attribute name="ProportionalT" value="-6.500000" />
  <attribute name="ProportionalI" value="-6.500000" />
  <attribute name="ProportionalH" value="-6.500000" />
  <attribute name="Current Error" value="-13.000000" />
  <attribute name="IntegralT" value="-123.500000" />
  <attribute name="IntegralI" value="-123.500000" />
  <attribute name="IntegralH" value="-123.500000" />
  <attribute name="DerivativeT" value="-1.578947" />
  <attribute name="DerivativeI" value="-1.578947" />
  <attribute name="DerivativeH" value="-1.578947" />
  <attribute name="Loop Time for DT" value="19.000000" />
  <attribute name="Output H" value="4203675648"/>
  <attribute name="Output I" value="200"/>
  <attribute name="Output T" value="16"/>
  <attribute name="Target GC Util Change" value ="80.000000" />
  <attribute name="Current GC Util Change" value="67.000000"/>
  <attribute name="GC Util currently" value="67" />
  <attribute name="CPU Util currently" value="60209497123" />
<allocation-satisfied id="2892" threadId="0000000001842F00" bytesRequested="24" />
<af-end id="2893" timestamp="2019-08-10T03:38:42.257" threadId="0000000001843888" success="true" from="nursery"/>
<exclusive-end id="2894" timestamp="2019-08-10T03:38:42.257" durationms="3.081" />

<exclusive-start id="2895" timestamp="2019-08-10T03:38:42.270" intervalms="16.316">
  <response-info timems="0.067" idlems="0.067" threads="0" lastid="0000000001842F00" lastname="main" />
</exclusive-start>
<af-start id="2896" threadId="0000000001843888" totalBytesRequested="32" timestamp="2019-08-10T03:38:42.270" intervalms="16.314" type="nursery" />
<cycle-start id="2897" type="scavenge" contextid="0" timestamp="2019-08-10T03:38:42.270" intervalms="16.318" />
<gc-start id="2898" type="scavenge" contextid="2897" timestamp="2019-08-10T03:38:42.270">
  <mem-info id="2899" free="3985719000" total="3996254208" percent="99">
    <mem type="nursery" free="0" total="4849664" percent="0">
      <mem type="allocate" free="0" total="2818048" percent="0" />
      <mem type="survivor" free="0" total="2031616" percent="0" />
    </mem>
    <mem type="tenure" free="3985719000" total="3991404544" percent="99">
      <mem type="soa" free="3786178264" total="3791835136" percent="99" />
      <mem type="loa" free="199540736" total="199569408" percent="99" />
    </mem>
    <remembered-set count="1016" />
  </mem-info>
</gc-start>
<allocation-stats totalBytes="2583448" >
  <allocated-bytes non-tlh="24" tlh="2583424" />
  <largest-consumer threadName="main" threadId="0000000001842F00" bytes="2583448" />
</allocation-stats>
<gc-op id="2900" type="scavenge" timems="2.232" contextid="2897" timestamp="2019-08-10T03:38:42.273">
  <scavenger-info tenureage="3" tenuremask="ffe8" tiltratio="58" />
  <memory-copied type="nursery" objects="8887" bytes="330800" bytesdiscarded="63184" />
  <memory-copied type="tenure" objects="697" bytes="25824" bytesdiscarded="88" />
</gc-op>
<heap-resize id="2901" type="expand" space="nursery" amount="393216" count="1" timems="0.011" reason="excessive time being spent scavenging" timestamp="2019-08-10T03:38:42.273" />
<gc-end id="2902" type="scavenge" contextid="2897" durationms="2.847" usertimems="4.860" systemtimems="0.596" timestamp="2019-08-10T03:38:42.273" activeThreads="16">
  <mem-info id="2903" free="3988815576" total="3996647424" percent="99">
    <mem type="nursery" free="3144960" total="5242880" percent="59">
      <mem type="allocate" free="3144960" total="3538944" percent="88" />
      <mem type="survivor" free="0" total="1703936" percent="0" />
    </mem>
    <mem type="tenure" free="3985670616" total="3991404544" percent="99" macro-fragmented="393240">
      <mem type="soa" free="3786129880" total="3791835136" percent="99" />
      <mem type="loa" free="199540736" total="199569408" percent="99" />
    </mem>
    <remembered-set count="949" />
  </mem-info>
</gc-end>
<cycle-end id="2904" type="scavenge" contextid="2897" timestamp="2019-08-10T03:38:42.273" />
  <attribute name="elasticGC enabled" value="1" />
  <attribute name= "numThreadsSpecified" value="16" />
  <attribute name="heapSize specified" value="-91291648" />
  <attribute name="Current GC Util" value="31" />
  <attribute name= "Current Time Running" value="122417" />
  <attribute name ="GC Interval" value="200" />
  <attribute name="ProportionalT" value="-24.500000" />
  <attribute name="ProportionalI" value="-24.500000" />
  <attribute name="ProportionalH" value="-24.500000" />
  <attribute name="Current Error" value="-49.000000" />
  <attribute name="IntegralT" value="-416.500000" />
  <attribute name="IntegralI" value="-416.500000" />
  <attribute name="IntegralH" value="-416.500000" />
  <attribute name="DerivativeT" value="-2.882353" />
  <attribute name="DerivativeI" value="-2.882353" />
  <attribute name="DerivativeH" value="-2.882353" />
  <attribute name="Loop Time for DT" value="17.000000" />
  <attribute name="Output H" value="4203675648"/>
  <attribute name="Output I" value="200"/>
  <attribute name="Output T" value="16"/>
  <attribute name="Target GC Util Change" value ="80.000000" />
  <attribute name="Current GC Util Change" value="31.000000"/>
  <attribute name="GC Util currently" value="31" />
  <attribute name="CPU Util currently" value="70591072748" />
<allocation-satisfied id="2905" threadId="0000000001842F00" bytesRequested="32" />
<af-end id="2906" timestamp="2019-08-10T03:38:42.273" threadId="0000000001843888" success="true" from="nursery"/>
<exclusive-end id="2907" timestamp="2019-08-10T03:38:42.273" durationms="3.104" />

<exclusive-start id="2908" timestamp="2019-08-10T03:38:42.287" intervalms="16.343">
  <response-info timems="0.024" idlems="0.024" threads="0" lastid="0000000001842F00" lastname="main" />
</exclusive-start>
<af-start id="2909" threadId="0000000001843888" totalBytesRequested="32" timestamp="2019-08-10T03:38:42.287" intervalms="16.345" type="nursery" />
<cycle-start id="2910" type="scavenge" contextid="0" timestamp="2019-08-10T03:38:42.287" intervalms="16.358" />
<gc-start id="2911" type="scavenge" contextid="2910" timestamp="2019-08-10T03:38:42.287">
  <mem-info id="2912" free="3985670616" total="3996647424" percent="99">
    <mem type="nursery" free="0" total="5242880" percent="0">
      <mem type="allocate" free="0" total="3538944" percent="0" />
      <mem type="survivor" free="0" total="1703936" percent="0" />
    </mem>
    <mem type="tenure" free="3985670616" total="3991404544" percent="99">
      <mem type="soa" free="3786129880" total="3791835136" percent="99" />
      <mem type="loa" free="199540736" total="199569408" percent="99" />
    </mem>
    <remembered-set count="1365" />
  </mem-info>
</gc-start>
<allocation-stats totalBytes="3144720" >
  <allocated-bytes non-tlh="32" tlh="3144688" />
  <largest-consumer threadName="main" threadId="0000000001842F00" bytes="3144720" />
</allocation-stats>
<gc-op id="2913" type="scavenge" timems="2.367" contextid="2910" timestamp="2019-08-10T03:38:42.289">
  <scavenger-info tenureage="2" tenuremask="ffec" tiltratio="67" />
  <memory-copied type="nursery" objects="8626" bytes="318136" bytesdiscarded="28232" />
  <memory-copied type="tenure" objects="4397" bytes="166240" bytesdiscarded="160" />
</gc-op>
<heap-resize id="2914" type="expand" space="nursery" amount="393216" count="1" timems="0.012" reason="excessive time being spent scavenging" timestamp="2019-08-10T03:38:42.289" />
<gc-end id="2915" type="scavenge" contextid="2910" durationms="3.103" usertimems="4.878" systemtimems="0.135" timestamp="2019-08-10T03:38:42.290" activeThreads="16">
  <mem-info id="2916" free="3989502984" total="3997040640" percent="99">
    <mem type="nursery" free="3979008" total="5636096" percent="70">
      <mem type="allocate" free="3979008" total="4325376" percent="91" />
      <mem type="survivor" free="0" total="1310720" percent="0" />
    </mem>
    <mem type="tenure" free="3985523976" total="3991404544" percent="99" macro-fragmented="9288619">
      <mem type="soa" free="3785983240" total="3791835136" percent="99" />
      <mem type="loa" free="199540736" total="199569408" percent="99" />
    </mem>
    <remembered-set count="946" />
  </mem-info>
</gc-end>
<cycle-end id="2917" type="scavenge" contextid="2910" timestamp="2019-08-10T03:38:42.290" />
  <attribute name="elasticGC enabled" value="1" />
  <attribute name= "numThreadsSpecified" value="16" />
  <attribute name="heapSize specified" value="-91291648" />
  <attribute name="Current GC Util" value="32" />
  <attribute name= "Current Time Running" value="122433" />
  <attribute name ="GC Interval" value="200" />
  <attribute name="ProportionalT" value="-24.000000" />
  <attribute name="ProportionalI" value="-24.000000" />
  <attribute name="ProportionalH" value="-24.000000" />
  <attribute name="Current Error" value="-48.000000" />
  <attribute name="IntegralT" value="-384.000000" />
  <attribute name="IntegralI" value="-384.000000" />
  <attribute name="IntegralH" value="-384.000000" />
  <attribute name="DerivativeT" value="-3.000000" />
  <attribute name="DerivativeI" value="-3.000000" />
  <attribute name="DerivativeH" value="-3.000000" />
  <attribute name="Loop Time for DT" value="16.000000" />
  <attribute name="Output H" value="4203675648"/>
  <attribute name="Output I" value="200"/>
  <attribute name="Output T" value="16"/>
  <attribute name="Target GC Util Change" value ="80.000000" />
  <attribute name="Current GC Util Change" value="32.000000"/>
  <attribute name="GC Util currently" value="32" />
  <attribute name="CPU Util currently" value="70296884963" />
<allocation-satisfied id="2918" threadId="0000000001842F00" bytesRequested="32" />
<af-end id="2919" timestamp="2019-08-10T03:38:42.290" threadId="0000000001843888" success="true" from="nursery"/>
<exclusive-end id="2920" timestamp="2019-08-10T03:38:42.290" durationms="3.412" />

<exclusive-start id="2921" timestamp="2019-08-10T03:38:42.324" intervalms="37.002">
  <response-info timems="0.052" idlems="0.052" threads="0" lastid="0000000001842F00" lastname="main" />
</exclusive-start>
<af-start id="2922" threadId="0000000001843888" totalBytesRequested="56" timestamp="2019-08-10T03:38:42.324" intervalms="36.999" type="nursery" />
<cycle-start id="2923" type="scavenge" contextid="0" timestamp="2019-08-10T03:38:42.324" intervalms="36.983" />
<gc-start id="2924" type="scavenge" contextid="2923" timestamp="2019-08-10T03:38:42.324">
  <mem-info id="2925" free="3985523976" total="3997040640" percent="99">
    <mem type="nursery" free="0" total="5636096" percent="0">
      <mem type="allocate" free="0" total="4325376" percent="0" />
      <mem type="survivor" free="0" total="1310720" percent="0" />
    </mem>
    <mem type="tenure" free="3985523976" total="3991404544" percent="99">
      <mem type="soa" free="3785983240" total="3791835136" percent="99" />
      <mem type="loa" free="199540736" total="199569408" percent="99" />
    </mem>
    <remembered-set count="1279" />
  </mem-info>
</gc-start>
<allocation-stats totalBytes="3978288" >
  <allocated-bytes non-tlh="32" tlh="3978256" />
  <largest-consumer threadName="main" threadId="0000000001842F00" bytes="3978288" />
</allocation-stats>
<gc-op id="2926" type="scavenge" timems="2.755" contextid="2923" timestamp="2019-08-10T03:38:42.326">
  <scavenger-info tenureage="5" tenuremask="ffe0" tiltratio="76" />
  <memory-copied type="nursery" objects="16873" bytes="716960" bytesdiscarded="86896" />
</gc-op>
<gc-end id="2927" type="scavenge" contextid="2923" durationms="3.537" usertimems="9.843" systemtimems="0.000" timestamp="2019-08-10T03:38:42.327" activeThreads="16">
  <mem-info id="2928" free="3989045496" total="3997040640" percent="99">
    <mem type="nursery" free="3521520" total="5636096" percent="62">
      <mem type="allocate" free="3521520" total="4325376" percent="81" />
      <mem type="survivor" free="0" total="1310720" percent="0" />
    </mem>
    <mem type="tenure" free="3985523976" total="3991404544" percent="99" macro-fragmented="3732887">
      <mem type="soa" free="3785983240" total="3791835136" percent="99" />
      <mem type="loa" free="199540736" total="199569408" percent="99" />
    </mem>
    <remembered-set count="1275" />
  </mem-info>
</gc-end>
<cycle-end id="2929" type="scavenge" contextid="2923" timestamp="2019-08-10T03:38:42.327" />
  <attribute name="elasticGC enabled" value="1" />
  <attribute name= "numThreadsSpecified" value="16" />
  <attribute name="heapSize specified" value="-91291648" />
  <attribute name="Current GC Util" value="12" />
  <attribute name= "Current Time Running" value="122470" />
  <attribute name ="GC Interval" value="200" />
  <attribute name="ProportionalT" value="-34.000000" />
  <attribute name="ProportionalI" value="-34.000000" />
  <attribute name="ProportionalH" value="-34.000000" />
  <attribute name="Current Error" value="-68.000000" />
  <attribute name="IntegralT" value="-1258.000000" />
  <attribute name="IntegralI" value="-1258.000000" />
  <attribute name="IntegralH" value="-1258.000000" />
  <attribute name="DerivativeT" value="-1.837838" />
  <attribute name="DerivativeI" value="-1.837838" />
  <attribute name="DerivativeH" value="-1.837838" />
  <attribute name="Loop Time for DT" value="37.000000" />
  <attribute name="Output H" value="4203675648"/>
  <attribute name="Output I" value="200"/>
  <attribute name="Output T" value="16"/>
  <attribute name="Target GC Util Change" value ="80.000000" />
  <attribute name="Current GC Util Change" value="12.000000"/>
  <attribute name="GC Util currently" value="12" />
  <attribute name="CPU Util currently" value="31207562797" />
<allocation-satisfied id="2930" threadId="0000000001842F00" bytesRequested="56" />
<af-end id="2931" timestamp="2019-08-10T03:38:42.327" threadId="0000000001843888" success="true" from="nursery"/>
<exclusive-end id="2932" timestamp="2019-08-10T03:38:42.327" durationms="3.783" />

<exclusive-start id="2933" timestamp="2019-08-10T03:38:42.398" intervalms="74.197">
  <response-info timems="0.026" idlems="0.026" threads="0" lastid="0000000001842F00" lastname="main" />
</exclusive-start>
<af-start id="2934" threadId="0000000001843888" totalBytesRequested="32" timestamp="2019-08-10T03:38:42.398" intervalms="74.195" type="nursery" />
<cycle-start id="2935" type="scavenge" contextid="0" timestamp="2019-08-10T03:38:42.398" intervalms="74.216" />
<gc-start id="2936" type="scavenge" contextid="2935" timestamp="2019-08-10T03:38:42.398">
  <mem-info id="2937" free="3985382320" total="3997040640" percent="99">
    <mem type="nursery" free="0" total="5636096" percent="0">
      <mem type="allocate" free="0" total="4325376" percent="0" />
      <mem type="survivor" free="0" total="1310720" percent="0" />
    </mem>
    <mem type="tenure" free="3985382320" total="3991404544" percent="99">
      <mem type="soa" free="3785841584" total="3791835136" percent="99" />
      <mem type="loa" free="199540736" total="199569408" percent="99" />
    </mem>
    <remembered-set count="3656" />
  </mem-info>
</gc-start>
<allocation-stats totalBytes="3661808" >
  <allocated-bytes non-tlh="432248" tlh="3229560" />
  <largest-consumer threadName="main" threadId="0000000001842F00" bytes="3661808" />
</allocation-stats>
<gc-op id="2938" type="scavenge" timems="3.756" contextid="2935" timestamp="2019-08-10T03:38:42.402">
  <scavenger-info tenureage="4" tenuremask="fff0" tiltratio="76" />
  <memory-copied type="nursery" objects="21192" bytes="1188104" bytesdiscarded="122472" />
  <memory-copied type="tenure" objects="1047" bytes="36944" bytesdiscarded="24" />
  <copy-failed type="nursery" objects="1047" bytes="36944" />
  <references type="soft" candidates="57" cleared="0" enqueued="0" dynamicThreshold="31" maxThreshold="32" />
  <references type="weak" candidates="123" cleared="29" enqueued="20" />
  <references type="phantom" candidates="1" cleared="0" enqueued="0" />
</gc-op>
<heap-resize id="2939" type="expand" space="nursery" amount="262144" count="1" timems="0.019" reason="excessive time being spent scavenging" timestamp="2019-08-10T03:38:42.402" />
<gc-end id="2940" type="scavenge" contextid="2935" durationms="4.570" usertimems="11.061" systemtimems="0.000" timestamp="2019-08-10T03:38:42.402" activeThreads="16">
  <mem-info id="2941" free="3987709360" total="3997302784" percent="99">
    <mem type="nursery" free="2359296" total="5898240" percent="40">
      <mem type="allocate" free="2359296" total="3670016" percent="64" />
      <mem type="survivor" free="0" total="2228224" percent="0" />
    </mem>
    <mem type="tenure" free="3985350064" total="3991404544" percent="99" macro-fragmented="868149">
      <mem type="soa" free="3785809328" total="3791835136" percent="99" />
      <mem type="loa" free="199540736" total="199569408" percent="99" />
    </mem>
    <pending-finalizers system="0" default="0" reference="20" classloader="0" />
    <remembered-set count="3894" />
  </mem-info>
</gc-end>
<cycle-end id="2942" type="scavenge" contextid="2935" timestamp="2019-08-10T03:38:42.402" />
  <attribute name="elasticGC enabled" value="1" />
  <attribute name= "numThreadsSpecified" value="16" />
  <attribute name="heapSize specified" value="-91291648" />
  <attribute name="Current GC Util" value="8" />
  <attribute name= "Current Time Running" value="122544" />
  <attribute name ="GC Interval" value="200" />
  <attribute name="ProportionalT" value="-36.000000" />
  <attribute name="ProportionalI" value="-36.000000" />
  <attribute name="ProportionalH" value="-36.000000" />
  <attribute name="Current Error" value="-72.000000" />
  <attribute name="IntegralT" value="-2664.000000" />
  <attribute name="IntegralI" value="-2664.000000" />
  <attribute name="IntegralH" value="-2664.000000" />
  <attribute name="DerivativeT" value="-0.972973" />
  <attribute name="DerivativeI" value="-0.972973" />
  <attribute name="DerivativeH" value="-0.972973" />
  <attribute name="Loop Time for DT" value="74.000000" />
  <attribute name="Output H" value="4203675648"/>
  <attribute name="Output I" value="200"/>
  <attribute name="Output T" value="16"/>
  <attribute name="Target GC Util Change" value ="80.000000" />
  <attribute name="Current GC Util Change" value="8.000000"/>
  <attribute name="GC Util currently" value="8" />
  <attribute name="CPU Util currently" value="15532304567" />
<allocation-satisfied id="2943" threadId="0000000001842F00" bytesRequested="32" />
<af-end id="2944" timestamp="2019-08-10T03:38:42.403" threadId="0000000001843888" success="true" from="nursery"/>
<exclusive-end id="2945" timestamp="2019-08-10T03:38:42.403" durationms="4.828" />

<exclusive-start id="2946" timestamp="2019-08-10T03:38:42.410" intervalms="12.156">
  <response-info timems="0.019" idlems="0.019" threads="0" lastid="0000000001842F00" lastname="main" />
</exclusive-start>
<af-start id="2947" threadId="0000000001843888" totalBytesRequested="32" timestamp="2019-08-10T03:38:42.410" intervalms="12.150" type="nursery" />
<cycle-start id="2948" type="scavenge" contextid="0" timestamp="2019-08-10T03:38:42.410" intervalms="12.126" />
<gc-start id="2949" type="scavenge" contextid="2948" timestamp="2019-08-10T03:38:42.410">
  <mem-info id="2950" free="3985350064" total="3997302784" percent="99">
    <mem type="nursery" free="0" total="5898240" percent="0">
      <mem type="allocate" free="0" total="3670016" percent="0" />
      <mem type="survivor" free="0" total="2228224" percent="0" />
    </mem>
    <mem type="tenure" free="3985350064" total="3991404544" percent="99">
      <mem type="soa" free="3785809328" total="3791835136" percent="99" />
      <mem type="loa" free="199540736" total="199569408" percent="99" />
    </mem>
    <remembered-set count="3896" />
  </mem-info>
</gc-start>
<allocation-stats totalBytes="2359000" >
  <allocated-bytes non-tlh="32" tlh="2358968" />
  <largest-consumer threadName="main" threadId="0000000001842F00" bytes="2354904" />
</allocation-stats>
<gc-op id="2951" type="scavenge" timems="3.721" contextid="2948" timestamp="2019-08-10T03:38:42.414">
  <scavenger-info tenureage="3" tenuremask="fff8" tiltratio="62" />
  <memory-copied type="nursery" objects="17942" bytes="1074952" bytesdiscarded="186592" />
  <memory-copied type="tenure" objects="7437" bytes="278768" bytesdiscarded="560" />
  <references type="soft" candidates="57" cleared="0" enqueued="0" dynamicThreshold="31" maxThreshold="32" />
  <references type="weak" candidates="94" cleared="0" enqueued="0" />
  <references type="phantom" candidates="1" cleared="0" enqueued="0" />
</gc-op>
<heap-resize id="2952" type="expand" space="nursery" amount="1048576" count="1" timems="0.012" reason="excessive time being spent scavenging" timestamp="2019-08-10T03:38:42.414" />
<gc-end id="2953" type="scavenge" contextid="2948" durationms="4.388" usertimems="10.058" systemtimems="0.000" timestamp="2019-08-10T03:38:42.414" activeThreads="16">
  <mem-info id="2954" free="3988214368" total="3998351360" percent="99">
    <mem type="nursery" free="3325872" total="6946816" percent="47">
      <mem type="allocate" free="3325872" total="4587520" percent="72" />
      <mem type="survivor" free="0" total="2359296" percent="0" />
    </mem>
    <mem type="tenure" free="3984888496" total="3991404544" percent="99" macro-fragmented="0">
      <mem type="soa" free="3785347760" total="3791835136" percent="99" />
      <mem type="loa" free="199540736" total="199569408" percent="99" />
    </mem>
    <remembered-set count="2997" />
  </mem-info>
</gc-end>
<cycle-end id="2955" type="scavenge" contextid="2948" timestamp="2019-08-10T03:38:42.414" />
  <attribute name="elasticGC enabled" value="1" />
  <attribute name= "numThreadsSpecified" value="16" />
  <attribute name="heapSize specified" value="-91291648" />
  <attribute name="Current GC Util" value="88" />
  <attribute name= "Current Time Running" value="122556" />
  <attribute name ="GC Interval" value="200" />
  <attribute name="ProportionalT" value="4.000000" />
  <attribute name="ProportionalI" value="4.000000" />
  <attribute name="ProportionalH" value="4.000000" />
  <attribute name="Current Error" value="8.000000" />
  <attribute name="IntegralT" value="48.000000" />
  <attribute name="IntegralI" value="48.000000" />
  <attribute name="IntegralH" value="48.000000" />
  <attribute name="DerivativeT" value="0.666667" />
  <attribute name="DerivativeI" value="0.666667" />
  <attribute name="DerivativeH" value="0.666667" />
  <attribute name="Loop Time for DT" value="12.000000" />
  <attribute name="Output H" value="8388608"/>
  <attribute name="Output I" value="200"/>
  <attribute name="Output T" value="16"/>
  <attribute name="Target GC Util Change" value ="80.000000" />
  <attribute name="Current GC Util Change" value="88.000000"/>
  <attribute name="GC Util currently" value="88" />
  <attribute name="CPU Util currently" value="95253932235" />
<allocation-satisfied id="2956" threadId="0000000001842F00" bytesRequested="32" />
<af-end id="2957" timestamp="2019-08-10T03:38:42.414" threadId="0000000001843888" success="true" from="nursery"/>
<exclusive-end id="2958" timestamp="2019-08-10T03:38:42.414" durationms="4.624" />

<exclusive-start id="2959" timestamp="2019-08-10T03:38:42.463" intervalms="53.376">
  <response-info timems="0.052" idlems="0.052" threads="0" lastid="0000000001842F00" lastname="main" />
</exclusive-start>
<af-start id="2960" threadId="0000000001843888" totalBytesRequested="48" timestamp="2019-08-10T03:38:42.463" intervalms="53.373" type="nursery" />
<cycle-start id="2961" type="scavenge" contextid="0" timestamp="2019-08-10T03:38:42.463" intervalms="53.380" />
<gc-start id="2962" type="scavenge" contextid="2961" timestamp="2019-08-10T03:38:42.463">
  <mem-info id="2963" free="3984868864" total="3998351360" percent="99">
    <mem type="nursery" free="0" total="6946816" percent="0">
      <mem type="allocate" free="0" total="4587520" percent="0" />
      <mem type="survivor" free="0" total="2359296" percent="0" />
    </mem>
    <mem type="tenure" free="3984868864" total="3991404544" percent="99">
      <mem type="soa" free="3785328128" total="3791835136" percent="99" />
      <mem type="loa" free="199540736" total="199569408" percent="99" />
    </mem>
    <remembered-set count="3113" />
  </mem-info>
</gc-start>
<allocation-stats totalBytes="3344392" >
  <allocated-bytes non-tlh="219672" tlh="3124720" />
  <largest-consumer threadName="main" threadId="0000000001842F00" bytes="3344392" />
</allocation-stats>
<gc-op id="2964" type="scavenge" timems="3.981" contextid="2961" timestamp="2019-08-10T03:38:42.467">
  <scavenger-info tenureage="2" tenuremask="ffcc" tiltratio="66" />
  <memory-copied type="nursery" objects="2521" bytes="388264" bytesdiscarded="116728" />
  <memory-copied type="tenure" objects="9305" bytes="382000" bytesdiscarded="568" />
  <references type="soft" candidates="32" cleared="0" enqueued="0" dynamicThreshold="31" maxThreshold="32" />
  <references type="weak" candidates="8" cleared="2" enqueued="2" />
  <references type="phantom" candidates="1" cleared="0" enqueued="0" />
</gc-op>
<gc-end id="2965" type="scavenge" contextid="2961" durationms="4.548" usertimems="6.554" systemtimems="2.753" timestamp="2019-08-10T03:38:42.468" activeThreads="16">
  <mem-info id="2966" free="3989140008" total="3998351360" percent="99">
    <mem type="nursery" free="4606760" total="6946816" percent="66">
      <mem type="allocate" free="4606760" total="5111808" percent="90" />
      <mem type="survivor" free="0" total="1835008" percent="0" />
    </mem>
    <mem type="tenure" free="3984533248" total="3991404544" percent="99" macro-fragmented="800032">
      <mem type="soa" free="3784992512" total="3791835136" percent="99" />
      <mem type="loa" free="199540736" total="199569408" percent="99" />
    </mem>
    <pending-finalizers system="0" default="0" reference="2" classloader="0" />
    <remembered-set count="223" />
  </mem-info>
</gc-end>
<cycle-end id="2967" type="scavenge" contextid="2961" timestamp="2019-08-10T03:38:42.468" />
  <attribute name="elasticGC enabled" value="1" />
  <attribute name= "numThreadsSpecified" value="16" />
  <attribute name="heapSize specified" value="-91291648" />
  <attribute name="Current GC Util" value="18" />
  <attribute name= "Current Time Running" value="122610" />
  <attribute name ="GC Interval" value="200" />
  <attribute name="ProportionalT" value="-31.000000" />
  <attribute name="ProportionalI" value="-31.000000" />
  <attribute name="ProportionalH" value="-31.000000" />
  <attribute name="Current Error" value="-62.000000" />
  <attribute name="IntegralT" value="-1674.000000" />
  <attribute name="IntegralI" value="-1674.000000" />
  <attribute name="IntegralH" value="-1674.000000" />
  <attribute name="DerivativeT" value="-1.296296" />
  <attribute name="DerivativeI" value="-1.296296" />
  <attribute name="DerivativeH" value="-1.296296" />
  <attribute name="Loop Time for DT" value="54.000000" />
  <attribute name="Output H" value="4203675648"/>
  <attribute name="Output I" value="200"/>
  <attribute name="Output T" value="16"/>
  <attribute name="Target GC Util Change" value ="80.000000" />
  <attribute name="Current GC Util Change" value="18.000000"/>
  <attribute name="GC Util currently" value="18" />
  <attribute name="CPU Util currently" value="21597351793" />
<allocation-satisfied id="2968" threadId="0000000001842F00" bytesRequested="48" />
<af-end id="2969" timestamp="2019-08-10T03:38:42.468" threadId="0000000001843888" success="true" from="nursery"/>
<exclusive-end id="2970" timestamp="2019-08-10T03:38:42.468" durationms="4.788" />

<exclusive-start id="2971" timestamp="2019-08-10T03:38:42.485" intervalms="21.909">
  <response-info timems="0.403" idlems="0.403" threads="0" lastid="0000000001842F00" lastname="main" />
</exclusive-start>
<af-start id="2972" threadId="0000000001843888" totalBytesRequested="48" timestamp="2019-08-10T03:38:42.485" intervalms="21.930" type="nursery" />
<cycle-start id="2973" type="scavenge" contextid="0" timestamp="2019-08-10T03:38:42.485" intervalms="21.930" />
<gc-start id="2974" type="scavenge" contextid="2973" timestamp="2019-08-10T03:38:42.485">
  <mem-info id="2975" free="3984533248" total="3998351360" percent="99">
    <mem type="nursery" free="0" total="6946816" percent="0">
      <mem type="allocate" free="0" total="5111808" percent="0" />
      <mem type="survivor" free="0" total="1835008" percent="0" />
    </mem>
    <mem type="tenure" free="3984533248" total="3991404544" percent="99">
      <mem type="soa" free="3784992512" total="3791835136" percent="99" />
      <mem type="loa" free="199540736" total="199569408" percent="99" />
    </mem>
    <remembered-set count="224" />
  </mem-info>
</gc-start>
<allocation-stats totalBytes="4606272" >
  <allocated-bytes non-tlh="48" tlh="4606224" />
  <largest-consumer threadName="main" threadId="0000000001842F00" bytes="4602176" />
</allocation-stats>
<gc-op id="2976" type="scavenge" timems="2.760" contextid="2973" timestamp="2019-08-10T03:38:42.488">
  <scavenger-info tenureage="10" tenuremask="7c00" tiltratio="73" />
  <memory-copied type="nursery" objects="8823" bytes="429768" bytesdiscarded="73696" />
  <references type="soft" candidates="32" cleared="0" enqueued="0" dynamicThreshold="31" maxThreshold="32" />
  <references type="weak" candidates="4" cleared="0" enqueued="0" />
</gc-op>
<heap-resize id="2977" type="expand" space="nursery" amount="655360" count="1" timems="0.014" reason="excessive time being spent scavenging" timestamp="2019-08-10T03:38:42.488" />
<gc-end id="2978" type="scavenge" contextid="2973" durationms="3.284" usertimems="3.107" systemtimems="2.345" timestamp="2019-08-10T03:38:42.489" activeThreads="16">
  <mem-info id="2979" free="3989862464" total="3999006720" percent="99">
    <mem type="nursery" free="5329216" total="7602176" percent="70">
      <mem type="allocate" free="5329216" total="5832704" percent="91" />
      <mem type="survivor" free="0" total="1769472" percent="0" />
    </mem>
    <mem type="tenure" free="3984533248" total="3991404544" percent="99" macro-fragmented="22644">
      <mem type="soa" free="3784992512" total="3791835136" percent="99" />
      <mem type="loa" free="199540736" total="199569408" percent="99" />
    </mem>
    <remembered-set count="219" />
  </mem-info>
</gc-end>
<cycle-end id="2980" type="scavenge" contextid="2973" timestamp="2019-08-10T03:38:42.489" />
  <attribute name="elasticGC enabled" value="1" />
  <attribute name= "numThreadsSpecified" value="16" />
  <attribute name="heapSize specified" value="-91291648" />
  <attribute name="Current GC Util" value="38" />
  <attribute name= "Current Time Running" value="122632" />
  <attribute name ="GC Interval" value="200" />
  <attribute name="ProportionalT" value="-21.000000" />
  <attribute name="ProportionalI" value="-21.000000" />
  <attribute name="ProportionalH" value="-21.000000" />
  <attribute name="Current Error" value="-42.000000" />
  <attribute name="IntegralT" value="-462.000000" />
  <attribute name="IntegralI" value="-462.000000" />
  <attribute name="IntegralH" value="-462.000000" />
  <attribute name="DerivativeT" value="-1.909091" />
  <attribute name="DerivativeI" value="-1.909091" />
  <attribute name="DerivativeH" value="-1.909091" />
  <attribute name="Loop Time for DT" value="22.000000" />
  <attribute name="Output H" value="4203675648"/>
  <attribute name="Output I" value="200"/>
  <attribute name="Output T" value="16"/>
  <attribute name="Target GC Util Change" value ="80.000000" />
  <attribute name="Current GC Util Change" value="38.000000"/>
  <attribute name="GC Util currently" value="38" />
  <attribute name="CPU Util currently" value="52555654907" />
<allocation-satisfied id="2981" threadId="0000000001842F00" bytesRequested="48" />
<af-end id="2982" timestamp="2019-08-10T03:38:42.489" threadId="0000000001843888" success="true" from="nursery"/>
<exclusive-end id="2983" timestamp="2019-08-10T03:38:42.489" durationms="3.531" />

<exclusive-start id="2984" timestamp="2019-08-10T03:38:42.527" intervalms="41.727">
  <response-info timems="0.022" idlems="0.022" threads="0" lastid="0000000001842F00" lastname="main" />
</exclusive-start>
<af-start id="2985" threadId="0000000001843888" totalBytesRequested="32" timestamp="2019-08-10T03:38:42.527" intervalms="41.716" type="nursery" />
<cycle-start id="2986" type="scavenge" contextid="0" timestamp="2019-08-10T03:38:42.527" intervalms="41.710" />
<gc-start id="2987" type="scavenge" contextid="2986" timestamp="2019-08-10T03:38:42.527">
  <mem-info id="2988" free="3984515528" total="3999006720" percent="99">
    <mem type="nursery" free="0" total="7602176" percent="0">
      <mem type="allocate" free="0" total="5832704" percent="0" />
      <mem type="survivor" free="0" total="1769472" percent="0" />
    </mem>
    <mem type="tenure" free="3984515528" total="3991404544" percent="99">
      <mem type="soa" free="3784974792" total="3791835136" percent="99" />
      <mem type="loa" free="199540736" total="199569408" percent="99" />
    </mem>
    <remembered-set count="315" />
  </mem-info>
</gc-start>
<allocation-stats totalBytes="5345600" >
  <allocated-bytes non-tlh="299712" tlh="5045888" />
  <largest-consumer threadName="main" threadId="0000000001842F00" bytes="5345600" />
</allocation-stats>
<gc-op id="2989" type="scavenge" timems="2.654" contextid="2986" timestamp="2019-08-10T03:38:42.530">
  <scavenger-info tenureage="11" tenuremask="7800" tiltratio="76" />
  <memory-copied type="nursery" objects="9481" bytes="757080" bytesdiscarded="87440" />
  <references type="soft" candidates="33" cleared="0" enqueued="0" dynamicThreshold="31" maxThreshold="32" />
  <references type="weak" candidates="24" cleared="0" enqueued="0" />
  <references type="phantom" candidates="1" cleared="0" enqueued="0" />
</gc-op>
<gc-end id="2990" type="scavenge" contextid="2986" durationms="3.202" usertimems="6.860" systemtimems="0.000" timestamp="2019-08-10T03:38:42.530" activeThreads="16">
  <mem-info id="2991" free="3989700224" total="3999006720" percent="99">
    <mem type="nursery" free="5184696" total="7602176" percent="68">
      <mem type="allocate" free="5184696" total="6029312" percent="85" />
      <mem type="survivor" free="0" total="1572864" percent="0" />
    </mem>
    <mem type="tenure" free="3984515528" total="3991404544" percent="99" macro-fragmented="0">
      <mem type="soa" free="3784974792" total="3791835136" percent="99" />
      <mem type="loa" free="199540736" total="199569408" percent="99" />
    </mem>
    <remembered-set count="201" />
  </mem-info>
</gc-end>
<cycle-end id="2992" type="scavenge" contextid="2986" timestamp="2019-08-10T03:38:42.530" />
  <attribute name="elasticGC enabled" value="1" />
  <attribute name= "numThreadsSpecified" value="16" />
  <attribute name="heapSize specified" value="-91291648" />
  <attribute name="Current GC Util" value="13" />
  <attribute name= "Current Time Running" value="122673" />
  <attribute name ="GC Interval" value="200" />
  <attribute name="ProportionalT" value="-33.500000" />
  <attribute name="ProportionalI" value="-33.500000" />
  <attribute name="ProportionalH" value="-33.500000" />
  <attribute name="Current Error" value="-67.000000" />
  <attribute name="IntegralT" value="-1373.500000" />
  <attribute name="IntegralI" value="-1373.500000" />
  <attribute name="IntegralH" value="-1373.500000" />
  <attribute name="DerivativeT" value="-1.634146" />
  <attribute name="DerivativeI" value="-1.634146" />
  <attribute name="DerivativeH" value="-1.634146" />
  <attribute name="Loop Time for DT" value="41.000000" />
  <attribute name="Output H" value="4203675648"/>
  <attribute name="Output I" value="200"/>
  <attribute name="Output T" value="16"/>
  <attribute name="Target GC Util Change" value ="80.000000" />
  <attribute name="Current GC Util Change" value="13.000000"/>
  <attribute name="GC Util currently" value="13" />
  <attribute name="CPU Util currently" value="27651256636" />
<allocation-satisfied id="2993" threadId="0000000001842F00" bytesRequested="32" />
<af-end id="2994" timestamp="2019-08-10T03:38:42.530" threadId="0000000001843888" success="true" from="nursery"/>
<exclusive-end id="2995" timestamp="2019-08-10T03:38:42.530" durationms="3.412" />

<exclusive-start id="2996" timestamp="2019-08-10T03:38:42.543" intervalms="16.211">
  <response-info timems="0.019" idlems="0.019" threads="0" lastid="0000000001842F00" lastname="main" />
</exclusive-start>
<af-start id="2997" threadId="0000000001843888" totalBytesRequested="24" timestamp="2019-08-10T03:38:42.543" intervalms="16.210" type="nursery" />
<cycle-start id="2998" type="scavenge" contextid="0" timestamp="2019-08-10T03:38:42.543" intervalms="16.209" />
<gc-start id="2999" type="scavenge" contextid="2998" timestamp="2019-08-10T03:38:42.543">
  <mem-info id="3000" free="3984515528" total="3999006720" percent="99">
    <mem type="nursery" free="0" total="7602176" percent="0">
      <mem type="allocate" free="0" total="6029312" percent="0" />
      <mem type="survivor" free="0" total="1572864" percent="0" />
    </mem>
    <mem type="tenure" free="3984515528" total="3991404544" percent="99">
      <mem type="soa" free="3784974792" total="3791835136" percent="99" />
      <mem type="loa" free="199540736" total="199569408" percent="99" />
    </mem>
    <remembered-set count="201" />
  </mem-info>
</gc-start>
<allocation-stats totalBytes="5184160" >
  <allocated-bytes non-tlh="32" tlh="5184128" />
  <largest-consumer threadName="main" threadId="0000000001842F00" bytes="5184160" />
</allocation-stats>
<gc-op id="3001" type="scavenge" timems="5.059" contextid="2998" timestamp="2019-08-10T03:38:42.548">
  <scavenger-info tenureage="11" tenuremask="7800" tiltratio="79" />
  <memory-copied type="nursery" objects="13758" bytes="917392" bytesdiscarded="87664" />
  <references type="soft" candidates="33" cleared="0" enqueued="0" dynamicThreshold="31" maxThreshold="32" />
  <references type="weak" candidates="24" cleared="0" enqueued="0" />
  <references type="phantom" candidates="1" cleared="0" enqueued="0" />
</gc-op>
<heap-resize id="3002" type="expand" space="nursery" amount="1048576" count="1" timems="0.019" reason="excessive time being spent scavenging" timestamp="2019-08-10T03:38:42.549" />
<gc-end id="3003" type="scavenge" contextid="2998" durationms="5.694" usertimems="10.713" systemtimems="0.000" timestamp="2019-08-10T03:38:42.549" activeThreads="16">
  <mem-info id="3004" free="3990588272" total="4000055296" percent="99">
    <mem type="nursery" free="6072744" total="8650752" percent="70">
      <mem type="allocate" free="6072744" total="7077888" percent="85" />
      <mem type="survivor" free="0" total="1572864" percent="0" />
    </mem>
    <mem type="tenure" free="3984515528" total="3991404544" percent="99" macro-fragmented="0">
      <mem type="soa" free="3784974792" total="3791835136" percent="99" />
      <mem type="loa" free="199540736" total="199569408" percent="99" />
    </mem>
    <remembered-set count="201" />
  </mem-info>
</gc-end>
<cycle-end id="3005" type="scavenge" contextid="2998" timestamp="2019-08-10T03:38:42.549" />
  <attribute name="elasticGC enabled" value="1" />
  <attribute name= "numThreadsSpecified" value="16" />
  <attribute name="heapSize specified" value="-91291648" />
  <attribute name="Current GC Util" value="40" />
  <attribute name= "Current Time Running" value="122689" />
  <attribute name ="GC Interval" value="200" />
  <attribute name="ProportionalT" value="-20.000000" />
  <attribute name="ProportionalI" value="-20.000000" />
  <attribute name="ProportionalH" value="-20.000000" />
  <attribute name="Current Error" value="-40.000000" />
  <attribute name="IntegralT" value="-320.000000" />
  <attribute name="IntegralI" value="-320.000000" />
  <attribute name="IntegralH" value="-320.000000" />
  <attribute name="DerivativeT" value="-2.500000" />
  <attribute name="DerivativeI" value="-2.500000" />
  <attribute name="DerivativeH" value="-2.500000" />
  <attribute name="Loop Time for DT" value="16.000000" />
  <attribute name="Output H" value="4203675648"/>
  <attribute name="Output I" value="200"/>
  <attribute name="Output T" value="16"/>
  <attribute name="Target GC Util Change" value ="80.000000" />
  <attribute name="Current GC Util Change" value="40.000000"/>
  <attribute name="GC Util currently" value="40" />
  <attribute name="CPU Util currently" value="71110525687" />
<allocation-satisfied id="3006" threadId="0000000001842F00" bytesRequested="24" />
<af-end id="3007" timestamp="2019-08-10T03:38:42.549" threadId="0000000001843888" success="true" from="nursery"/>
<exclusive-end id="3008" timestamp="2019-08-10T03:38:42.549" durationms="5.947" />

<exclusive-start id="3009" timestamp="2019-08-10T03:38:42.569" intervalms="25.523">
  <response-info timems="0.050" idlems="0.050" threads="0" lastid="0000000001842F00" lastname="main" />
</exclusive-start>
<af-start id="3010" threadId="0000000001843888" totalBytesRequested="56" timestamp="2019-08-10T03:38:42.569" intervalms="25.520" type="nursery" />
<cycle-start id="3011" type="scavenge" contextid="0" timestamp="2019-08-10T03:38:42.569" intervalms="25.526" />
<gc-start id="3012" type="scavenge" contextid="3011" timestamp="2019-08-10T03:38:42.569">
  <mem-info id="3013" free="3984515360" total="4000055296" percent="99">
    <mem type="nursery" free="0" total="8650752" percent="0">
      <mem type="allocate" free="0" total="7077888" percent="0" />
      <mem type="survivor" free="0" total="1572864" percent="0" />
    </mem>
    <mem type="tenure" free="3984515360" total="3991404544" percent="99">
      <mem type="soa" free="3784974624" total="3791835136" percent="99" />
      <mem type="loa" free="199540736" total="199569408" percent="99" />
    </mem>
    <remembered-set count="203" />
  </mem-info>
</gc-start>
<allocation-stats totalBytes="6072280" >
  <allocated-bytes non-tlh="192" tlh="6072088" />
  <largest-consumer threadName="main" threadId="0000000001842F00" bytes="6072280" />
</allocation-stats>
<gc-op id="3014" type="scavenge" timems="2.822" contextid="3011" timestamp="2019-08-10T03:38:42.572">
  <scavenger-info tenureage="11" tenuremask="7800" tiltratio="81" />
  <memory-copied type="nursery" objects="16156" bytes="700088" bytesdiscarded="79640" />
  <references type="soft" candidates="33" cleared="0" enqueued="0" dynamicThreshold="31" maxThreshold="32" />
  <references type="weak" candidates="24" cleared="0" enqueued="0" />
</gc-op>
<heap-resize id="3015" type="expand" space="nursery" amount="524288" count="1" timems="0.015" reason="excessive time being spent scavenging" timestamp="2019-08-10T03:38:42.572" />
<gc-end id="3016" type="scavenge" contextid="3011" durationms="3.512" usertimems="9.337" systemtimems="0.000" timestamp="2019-08-10T03:38:42.572" activeThreads="16">
  <mem-info id="3017" free="3991468824" total="4000579584" percent="99">
    <mem type="nursery" free="6953464" total="9175040" percent="75">
      <mem type="allocate" free="6953464" total="7733248" percent="89" />
      <mem type="survivor" free="0" total="1441792" percent="0" />
    </mem>
    <mem type="tenure" free="3984515360" total="3991404544" percent="99" macro-fragmented="22644">
      <mem type="soa" free="3784974624" total="3791835136" percent="99" />
      <mem type="loa" free="199540736" total="199569408" percent="99" />
    </mem>
    <remembered-set count="128" />
  </mem-info>
</gc-end>
<cycle-end id="3018" type="scavenge" contextid="3011" timestamp="2019-08-10T03:38:42.572" />
  <attribute name="elasticGC enabled" value="1" />
  <attribute name= "numThreadsSpecified" value="16" />
  <attribute name="heapSize specified" value="-91291648" />
  <attribute name="Current GC Util" value="41" />
  <attribute name= "Current Time Running" value="122715" />
  <attribute name ="GC Interval" value="200" />
  <attribute name="ProportionalT" value="-19.500000" />
  <attribute name="ProportionalI" value="-19.500000" />
  <attribute name="ProportionalH" value="-19.500000" />
  <attribute name="Current Error" value="-39.000000" />
  <attribute name="IntegralT" value="-507.000000" />
  <attribute name="IntegralI" value="-507.000000" />
  <attribute name="IntegralH" value="-507.000000" />
  <attribute name="DerivativeT" value="-1.500000" />
  <attribute name="DerivativeI" value="-1.500000" />
  <attribute name="DerivativeH" value="-1.500000" />
  <attribute name="Loop Time for DT" value="26.000000" />
  <attribute name="Output H" value="4203675648"/>
  <attribute name="Output I" value="200"/>
  <attribute name="Output T" value="16"/>
  <attribute name="Target GC Util Change" value ="80.000000" />
  <attribute name="Current GC Util Change" value="41.000000"/>
  <attribute name="GC Util currently" value="41" />
  <attribute name="CPU Util currently" value="45077414307" />
<allocation-satisfied id="3019" threadId="0000000001842F00" bytesRequested="56" />
<af-end id="3020" timestamp="2019-08-10T03:38:42.572" threadId="0000000001843888" success="true" from="nursery"/>
<exclusive-end id="3021" timestamp="2019-08-10T03:38:42.572" durationms="3.754" />

<exclusive-start id="3022" timestamp="2019-08-10T03:38:42.604" intervalms="35.330">
  <response-info timems="0.045" idlems="0.045" threads="0" lastid="0000000001842F00" lastname="main" />
</exclusive-start>
<af-start id="3023" threadId="0000000001843888" totalBytesRequested="48" timestamp="2019-08-10T03:38:42.604" intervalms="35.324" type="nursery" />
<cycle-start id="3024" type="scavenge" contextid="0" timestamp="2019-08-10T03:38:42.604" intervalms="35.318" />
<gc-start id="3025" type="scavenge" contextid="3024" timestamp="2019-08-10T03:38:42.604">
  <mem-info id="3026" free="3984509240" total="4000579584" percent="99">
    <mem type="nursery" free="0" total="9175040" percent="0">
      <mem type="allocate" free="0" total="7733248" percent="0" />
      <mem type="survivor" free="0" total="1441792" percent="0" />
    </mem>
    <mem type="tenure" free="3984509240" total="3991404544" percent="99">
      <mem type="soa" free="3784968504" total="3791835136" percent="99" />
      <mem type="loa" free="199540736" total="199569408" percent="99" />
    </mem>
    <remembered-set count="237" />
  </mem-info>
</gc-start>
<allocation-stats totalBytes="6958416" >
  <allocated-bytes non-tlh="206184" tlh="6752232" />
  <largest-consumer threadName="main" threadId="0000000001842F00" bytes="6958416" />
</allocation-stats>
<gc-op id="3027" type="scavenge" timems="1.959" contextid="3024" timestamp="2019-08-10T03:38:42.606">
  <scavenger-info tenureage="12" tenuremask="7000" tiltratio="84" />
  <memory-copied type="nursery" objects="5969" bytes="250432" bytesdiscarded="78416" />
  <references type="soft" candidates="43" cleared="0" enqueued="0" dynamicThreshold="31" maxThreshold="32" />
  <references type="weak" candidates="46" cleared="0" enqueued="0" />
</gc-op>
<gc-end id="3028" type="scavenge" contextid="3024" durationms="2.434" usertimems="5.871" systemtimems="0.000" timestamp="2019-08-10T03:38:42.606" activeThreads="16">
  <mem-info id="3029" free="3992110128" total="4000579584" percent="99">
    <mem type="nursery" free="7600888" total="9175040" percent="82">
      <mem type="allocate" free="7600888" total="7929856" percent="95" />
      <mem type="survivor" free="0" total="1245184" percent="0" />
    </mem>
    <mem type="tenure" free="3984509240" total="3991404544" percent="99" macro-fragmented="0">
      <mem type="soa" free="3784968504" total="3791835136" percent="99" />
      <mem type="loa" free="199540736" total="199569408" percent="99" />
    </mem>
    <remembered-set count="231" />
  </mem-info>
</gc-end>
<cycle-end id="3030" type="scavenge" contextid="3024" timestamp="2019-08-10T03:38:42.607" />
  <attribute name="elasticGC enabled" value="1" />
  <attribute name= "numThreadsSpecified" value="16" />
  <attribute name="heapSize specified" value="-91291648" />
  <attribute name="Current GC Util" value="16" />
  <attribute name= "Current Time Running" value="122750" />
  <attribute name ="GC Interval" value="200" />
  <attribute name="ProportionalT" value="-32.000000" />
  <attribute name="ProportionalI" value="-32.000000" />
  <attribute name="ProportionalH" value="-32.000000" />
  <attribute name="Current Error" value="-64.000000" />
  <attribute name="IntegralT" value="-1120.000000" />
  <attribute name="IntegralI" value="-1120.000000" />
  <attribute name="IntegralH" value="-1120.000000" />
  <attribute name="DerivativeT" value="-1.828571" />
  <attribute name="DerivativeI" value="-1.828571" />
  <attribute name="DerivativeH" value="-1.828571" />
  <attribute name="Loop Time for DT" value="35.000000" />
  <attribute name="Output H" value="4203675648"/>
  <attribute name="Output I" value="200"/>
  <attribute name="Output T" value="16"/>
  <attribute name="Target GC Util Change" value ="80.000000" />
  <attribute name="Current GC Util Change" value="16.000000"/>
  <attribute name="GC Util currently" value="16" />
  <attribute name="CPU Util currently" value="32683796094" />
<allocation-satisfied id="3031" threadId="0000000001842F00" bytesRequested="48" />
<af-end id="3032" timestamp="2019-08-10T03:38:42.607" threadId="0000000001843888" success="true" from="nursery"/>
<exclusive-end id="3033" timestamp="2019-08-10T03:38:42.607" durationms="2.670" />

<exclusive-start id="3034" timestamp="2019-08-10T03:38:42.641" intervalms="37.164">
  <response-info timems="0.041" idlems="0.041" threads="0" lastid="0000000001842F00" lastname="main" />
</exclusive-start>
<af-start id="3035" threadId="0000000001843888" totalBytesRequested="40" timestamp="2019-08-10T03:38:42.641" intervalms="37.177" type="nursery" />
<cycle-start id="3036" type="scavenge" contextid="0" timestamp="2019-08-10T03:38:42.641" intervalms="37.176" />
<gc-start id="3037" type="scavenge" contextid="3036" timestamp="2019-08-10T03:38:42.641">
  <mem-info id="3038" free="3984498472" total="4000579584" percent="99">
    <mem type="nursery" free="0" total="9175040" percent="0">
      <mem type="allocate" free="0" total="7929856" percent="0" />
      <mem type="survivor" free="0" total="1245184" percent="0" />
    </mem>
    <mem type="tenure" free="3984498472" total="3991404544" percent="99">
      <mem type="soa" free="3784957736" total="3791835136" percent="99" />
      <mem type="loa" free="199540736" total="199569408" percent="99" />
    </mem>
    <remembered-set count="416" />
  </mem-info>
</gc-start>
<allocation-stats totalBytes="7609400" >
  <allocated-bytes non-tlh="276368" tlh="7333032" />
  <largest-consumer threadName="main" threadId="0000000001842F00" bytes="7609400" />
</allocation-stats>
<gc-op id="3039" type="scavenge" timems="4.261" contextid="3036" timestamp="2019-08-10T03:38:42.646">
  <scavenger-info tenureage="6" tenuremask="6040" tiltratio="86" />
  <memory-copied type="nursery" objects="18179" bytes="1116888" bytesdiscarded="128144" />
  <memory-copied type="tenure" objects="540" bytes="20112" bytesdiscarded="0" />
  <references type="soft" candidates="12" cleared="0" enqueued="0" dynamicThreshold="31" maxThreshold="32" />
  <references type="weak" candidates="227" cleared="0" enqueued="0" />
  <references type="phantom" candidates="1" cleared="0" enqueued="0" />
</gc-op>
<heap-resize id="3040" type="expand" space="nursery" amount="524288" count="1" timems="0.017" reason="excessive time being spent scavenging" timestamp="2019-08-10T03:38:42.646" />
<gc-end id="3041" type="scavenge" contextid="3036" durationms="4.908" usertimems="11.378" systemtimems="0.000" timestamp="2019-08-10T03:38:42.646" activeThreads="16">
  <mem-info id="3042" free="3990635048" total="4001103872" percent="99">
    <mem type="nursery" free="6160384" total="9699328" percent="63">
      <mem type="allocate" free="6160384" total="7405568" percent="83" />
      <mem type="survivor" free="0" total="2293760" percent="0" />
    </mem>
    <mem type="tenure" free="3984474664" total="3991404544" percent="99" macro-fragmented="32784">
      <mem type="soa" free="3784933928" total="3791835136" percent="99" />
      <mem type="loa" free="199540736" total="199569408" percent="99" />
    </mem>
    <remembered-set count="408" />
  </mem-info>
</gc-end>
<cycle-end id="3043" type="scavenge" contextid="3036" timestamp="2019-08-10T03:38:42.646" />
  <attribute name="elasticGC enabled" value="1" />
  <attribute name= "numThreadsSpecified" value="16" />
  <attribute name="heapSize specified" value="-91291648" />
  <attribute name="Current GC Util" value="10" />
  <attribute name= "Current Time Running" value="122787" />
  <attribute name ="GC Interval" value="200" />
  <attribute name="ProportionalT" value="-35.000000" />
  <attribute name="ProportionalI" value="-35.000000" />
  <attribute name="ProportionalH" value="-35.000000" />
  <attribute name="Current Error" value="-70.000000" />
  <attribute name="IntegralT" value="-1295.000000" />
  <attribute name="IntegralI" value="-1295.000000" />
  <attribute name="IntegralH" value="-1295.000000" />
  <attribute name="DerivativeT" value="-1.891892" />
  <attribute name="DerivativeI" value="-1.891892" />
  <attribute name="DerivativeH" value="-1.891892" />
  <attribute name="Loop Time for DT" value="37.000000" />
  <attribute name="Output H" value="4203675648"/>
  <attribute name="Output I" value="200"/>
  <attribute name="Output T" value="16"/>
  <attribute name="Target GC Util Change" value ="80.000000" />
  <attribute name="Current GC Util Change" value="10.000000"/>
  <attribute name="GC Util currently" value="10" />
  <attribute name="CPU Util currently" value="31014333404" />
<allocation-satisfied id="3044" threadId="0000000001842F00" bytesRequested="40" />
<af-end id="3045" timestamp="2019-08-10T03:38:42.646" threadId="0000000001843888" success="true" from="nursery"/>
<exclusive-end id="3046" timestamp="2019-08-10T03:38:42.646" durationms="5.154" />

<exclusive-start id="3047" timestamp="2019-08-10T03:38:42.664" intervalms="22.603">
  <response-info timems="0.087" idlems="0.087" threads="0" lastid="0000000001842F00" lastname="main" />
</exclusive-start>
<af-start id="3048" threadId="0000000001843888" totalBytesRequested="32" timestamp="2019-08-10T03:38:42.664" intervalms="22.601" type="nursery" />
<cycle-start id="3049" type="scavenge" contextid="0" timestamp="2019-08-10T03:38:42.664" intervalms="22.600" />
<gc-start id="3050" type="scavenge" contextid="3049" timestamp="2019-08-10T03:38:42.664">
  <mem-info id="3051" free="3984474664" total="4001103872" percent="99">
    <mem type="nursery" free="0" total="9699328" percent="0">
      <mem type="allocate" free="0" total="7405568" percent="0" />
      <mem type="survivor" free="0" total="2293760" percent="0" />
    </mem>
    <mem type="tenure" free="3984474664" total="3991404544" percent="99">
      <mem type="soa" free="3784933928" total="3791835136" percent="99" />
      <mem type="loa" free="199540736" total="199569408" percent="99" />
    </mem>
    <remembered-set count="408" />
  </mem-info>
</gc-start>
<allocation-stats totalBytes="6159776" >
  <allocated-bytes non-tlh="40" tlh="6159736" />
  <largest-consumer threadName="main" threadId="0000000001842F00" bytes="6159776" />
</allocation-stats>
<gc-op id="3052" type="scavenge" timems="4.295" contextid="3049" timestamp="2019-08-10T03:38:42.668">
  <scavenger-info tenureage="8" tenuremask="6100" tiltratio="76" />
  <memory-copied type="nursery" objects="26611" bytes="1422064" bytesdiscarded="85696" />
  <memory-copied type="tenure" objects="5" bytes="2600" bytesdiscarded="0" />
  <references type="soft" candidates="12" cleared="0" enqueued="0" dynamicThreshold="31" maxThreshold="32" />
  <references type="weak" candidates="227" cleared="0" enqueued="0" />
  <references type="phantom" candidates="1" cleared="0" enqueued="0" />
</gc-op>
<heap-resize id="3053" type="expand" space="nursery" amount="917504" count="1" timems="0.018" reason="excessive time being spent scavenging" timestamp="2019-08-10T03:38:42.668" />
<gc-end id="3054" type="scavenge" contextid="3049" durationms="5.004" usertimems="10.205" systemtimems="0.000" timestamp="2019-08-10T03:38:42.669" activeThreads="16">
  <mem-info id="3055" free="3991289840" total="4002021376" percent="99">
    <mem type="nursery" free="6815176" total="10616832" percent="64">
      <mem type="allocate" free="6815176" total="8323072" percent="81" />
      <mem type="survivor" free="0" total="2293760" percent="0" />
    </mem>
    <mem type="tenure" free="3984474664" total="3991404544" percent="99" macro-fragmented="1310760">
      <mem type="soa" free="3784933928" total="3791835136" percent="99" />
      <mem type="loa" free="199540736" total="199569408" percent="99" />
    </mem>
    <remembered-set count="315" />
  </mem-info>
</gc-end>
<cycle-end id="3056" type="scavenge" contextid="3049" timestamp="2019-08-10T03:38:42.669" />
  <attribute name="elasticGC enabled" value="1" />
  <attribute name= "numThreadsSpecified" value="16" />
  <attribute name="heapSize specified" value="-91291648" />
  <attribute name="Current GC Util" value="48" />
  <attribute name= "Current Time Running" value="122810" />
  <attribute name ="GC Interval" value="200" />
  <attribute name="ProportionalT" value="-16.000000" />
  <attribute name="ProportionalI" value="-16.000000" />
  <attribute name="ProportionalH" value="-16.000000" />
  <attribute name="Current Error" value="-32.000000" />
  <attribute name="IntegralT" value="-368.000000" />
  <attribute name="IntegralI" value="-368.000000" />
  <attribute name="IntegralH" value="-368.000000" />
  <attribute name="DerivativeT" value="-1.391304" />
  <attribute name="DerivativeI" value="-1.391304" />
  <attribute name="DerivativeH" value="-1.391304" />
  <attribute name="Loop Time for DT" value="23.000000" />
  <attribute name="Output H" value="4203675648"/>
  <attribute name="Output I" value="200"/>
  <attribute name="Output T" value="16"/>
  <attribute name="Target GC Util Change" value ="80.000000" />
  <attribute name="Current GC Util Change" value="48.000000"/>
  <attribute name="GC Util currently" value="48" />
  <attribute name="CPU Util currently" value="50965796665" />
<allocation-satisfied id="3057" threadId="0000000001842F00" bytesRequested="32" />
<af-end id="3058" timestamp="2019-08-10T03:38:42.669" threadId="0000000001843888" success="true" from="nursery"/>
<exclusive-end id="3059" timestamp="2019-08-10T03:38:42.669" durationms="5.247" />

<exclusive-start id="3060" timestamp="2019-08-10T03:38:42.699" intervalms="35.486">
  <response-info timems="0.066" idlems="0.066" threads="0" lastid="0000000001842F00" lastname="main" />
</exclusive-start>
<af-start id="3061" threadId="0000000001843888" totalBytesRequested="16" timestamp="2019-08-10T03:38:42.699" intervalms="35.470" type="nursery" />
<cycle-start id="3062" type="scavenge" contextid="0" timestamp="2019-08-10T03:38:42.699" intervalms="35.474" />
<gc-start id="3063" type="scavenge" contextid="3062" timestamp="2019-08-10T03:38:42.699">
  <mem-info id="3064" free="3984474664" total="4002021376" percent="99">
    <mem type="nursery" free="0" total="10616832" percent="0">
      <mem type="allocate" free="0" total="8323072" percent="0" />
      <mem type="survivor" free="0" total="2293760" percent="0" />
    </mem>
    <mem type="tenure" free="3984474664" total="3991404544" percent="99">
      <mem type="soa" free="3784933928" total="3791835136" percent="99" />
      <mem type="loa" free="199540736" total="199569408" percent="99" />
    </mem>
    <remembered-set count="315" />
  </mem-info>
</gc-start>
<allocation-stats totalBytes="6814040" >
  <allocated-bytes non-tlh="32" tlh="6814008" />
  <largest-consumer threadName="main" threadId="0000000001842F00" bytes="6814040" />
</allocation-stats>
<gc-op id="3065" type="scavenge" timems="4.598" contextid="3062" timestamp="2019-08-10T03:38:42.704">
  <scavenger-info tenureage="2" tenuremask="6004" tiltratio="78" />
  <memory-copied type="nursery" objects="21169" bytes="875064" bytesdiscarded="73872" />
  <memory-copied type="tenure" objects="8965" bytes="402808" bytesdiscarded="88" />
  <references type="soft" candidates="11" cleared="0" enqueued="0" dynamicThreshold="31" maxThreshold="32" />
  <references type="weak" candidates="42" cleared="0" enqueued="0" />
</gc-op>
<heap-resize id="3066" type="expand" space="nursery" amount="655360" count="1" timems="0.014" reason="excessive time being spent scavenging" timestamp="2019-08-10T03:38:42.704" />
<gc-end id="3067" type="scavenge" contextid="3062" durationms="5.229" usertimems="11.016" systemtimems="0.000" timestamp="2019-08-10T03:38:42.705" activeThreads="16">
  <mem-info id="3068" free="3992209432" total="4002676736" percent="99">
    <mem type="nursery" free="8160504" total="11272192" percent="72">
      <mem type="allocate" free="8160504" total="9109504" percent="89" />
      <mem type="survivor" free="0" total="2162688" percent="0" />
    </mem>
    <mem type="tenure" free="3984048928" total="3991404544" percent="99" macro-fragmented="0">
      <mem type="soa" free="3784508192" total="3791835136" percent="99" />
      <mem type="loa" free="199540736" total="199569408" percent="99" />
    </mem>
    <remembered-set count="583" />
  </mem-info>
</gc-end>
<cycle-end id="3069" type="scavenge" contextid="3062" timestamp="2019-08-10T03:38:42.705" />
  <attribute name="elasticGC enabled" value="1" />
  <attribute name= "numThreadsSpecified" value="16" />
  <attribute name="heapSize specified" value="-91291648" />
  <attribute name="Current GC Util" value="27" />
  <attribute name= "Current Time Running" value="122846" />
  <attribute name ="GC Interval" value="200" />
  <attribute name="ProportionalT" value="-26.500000" />
  <attribute name="ProportionalI" value="-26.500000" />
  <attribute name="ProportionalH" value="-26.500000" />
  <attribute name="Current Error" value="-53.000000" />
  <attribute name="IntegralT" value="-954.000000" />
  <attribute name="IntegralI" value="-954.000000" />
  <attribute name="IntegralH" value="-954.000000" />
  <attribute name="DerivativeT" value="-1.472222" />
  <attribute name="DerivativeI" value="-1.472222" />
  <attribute name="DerivativeH" value="-1.472222" />
  <attribute name="Loop Time for DT" value="36.000000" />
  <attribute name="Output H" value="4203675648"/>
  <attribute name="Output I" value="200"/>
  <attribute name="Output T" value="16"/>
  <attribute name="Target GC Util Change" value ="80.000000" />
  <attribute name="Current GC Util Change" value="27.000000"/>
  <attribute name="GC Util currently" value="27" />
  <attribute name="CPU Util currently" value="32519929832" />
<allocation-satisfied id="3070" threadId="0000000001842F00" bytesRequested="16" />
<af-end id="3071" timestamp="2019-08-10T03:38:42.705" threadId="0000000001843888" success="true" from="nursery"/>
<exclusive-end id="3072" timestamp="2019-08-10T03:38:42.705" durationms="5.622" />

<exclusive-start id="3073" timestamp="2019-08-10T03:38:42.837" intervalms="137.733">
  <response-info timems="0.054" idlems="0.054" threads="0" lastid="0000000001842F00" lastname="main" />
</exclusive-start>
<af-start id="3074" threadId="0000000001843888" totalBytesRequested="40" timestamp="2019-08-10T03:38:42.837" intervalms="137.754" type="nursery" />
<cycle-start id="3075" type="scavenge" contextid="0" timestamp="2019-08-10T03:38:42.837" intervalms="137.762" />
<gc-start id="3076" type="scavenge" contextid="3075" timestamp="2019-08-10T03:38:42.837">
  <mem-info id="3077" free="3984010528" total="4002676736" percent="99">
    <mem type="nursery" free="0" total="11272192" percent="0">
      <mem type="allocate" free="0" total="9109504" percent="0" />
      <mem type="survivor" free="0" total="2162688" percent="0" />
    </mem>
    <mem type="tenure" free="3984010528" total="3991404544" percent="99">
      <mem type="soa" free="3784469792" total="3791835136" percent="99" />
      <mem type="loa" free="199540736" total="199569408" percent="99" />
    </mem>
    <remembered-set count="1113" />
  </mem-info>
</gc-start>
<allocation-stats totalBytes="8196824" >
  <allocated-bytes non-tlh="489936" tlh="7706888" />
  <largest-consumer threadName="main" threadId="0000000001842F00" bytes="8196824" />
</allocation-stats>
<gc-op id="3078" type="scavenge" timems="2.775" contextid="3075" timestamp="2019-08-10T03:38:42.840">
  <scavenger-info tenureage="14" tenuremask="4000" tiltratio="80" />
  <memory-copied type="nursery" objects="16199" bytes="649616" bytesdiscarded="69752" />
  <finalization candidates="1" enqueued="1" />
  <references type="soft" candidates="37" cleared="0" enqueued="0" dynamicThreshold="31" maxThreshold="32" />
  <references type="weak" candidates="403" cleared="13" enqueued="13" />
</gc-op>
<gc-end id="3079" type="scavenge" contextid="3075" durationms="3.484" usertimems="6.177" systemtimems="0.000" timestamp="2019-08-10T03:38:42.841" activeThreads="16">
  <mem-info id="3080" free="3992728048" total="4002676736" percent="99">
    <mem type="nursery" free="8717520" total="11272192" percent="77">
      <mem type="allocate" free="8717520" total="9437184" percent="92" />
      <mem type="survivor" free="0" total="1835008" percent="0" />
    </mem>
    <mem type="tenure" free="3984010528" total="3991404544" percent="99" macro-fragmented="0">
      <mem type="soa" free="3784469792" total="3791835136" percent="99" />
      <mem type="loa" free="199540736" total="199569408" percent="99" />
    </mem>
    <pending-finalizers system="0" default="1" reference="13" classloader="0" />
    <remembered-set count="1101" />
  </mem-info>
</gc-end>
<cycle-end id="3081" type="scavenge" contextid="3075" timestamp="2019-08-10T03:38:42.841" />
  <attribute name="elasticGC enabled" value="1" />
  <attribute name= "numThreadsSpecified" value="16" />
  <attribute name="heapSize specified" value="-91291648" />
  <attribute name="Current GC Util" value="7" />
  <attribute name= "Current Time Running" value="122983" />
  <attribute name ="GC Interval" value="200" />
  <attribute name="ProportionalT" value="-36.500000" />
  <attribute name="ProportionalI" value="-36.500000" />
  <attribute name="ProportionalH" value="-36.500000" />
  <attribute name="Current Error" value="-73.000000" />
  <attribute name="IntegralT" value="-5000.500000" />
  <attribute name="IntegralI" value="-5000.500000" />
  <attribute name="IntegralH" value="-5000.500000" />
  <attribute name="DerivativeT" value="-0.532847" />
  <attribute name="DerivativeI" value="-0.532847" />
  <attribute name="DerivativeH" value="-0.532847" />
  <attribute name="Loop Time for DT" value="137.000000" />
  <attribute name="Output H" value="4203675648"/>
  <attribute name="Output I" value="200"/>
  <attribute name="Output T" value="16"/>
  <attribute name="Target GC Util Change" value ="80.000000" />
  <attribute name="Current GC Util Change" value="7.000000"/>
  <attribute name="GC Util currently" value="7" />
  <attribute name="CPU Util currently" value="8366340888" />
<allocation-satisfied id="3082" threadId="0000000001842F00" bytesRequested="40" />
<af-end id="3083" timestamp="2019-08-10T03:38:42.841" threadId="0000000001843888" success="true" from="nursery"/>
<exclusive-end id="3084" timestamp="2019-08-10T03:38:42.841" durationms="3.763" />

<exclusive-start id="3085" timestamp="2019-08-10T03:38:42.897" intervalms="60.301">
  <response-info timems="0.049" idlems="0.049" threads="0" lastid="0000000001842F00" lastname="main" />
</exclusive-start>
<af-start id="3086" threadId="0000000001843888" totalBytesRequested="48" timestamp="2019-08-10T03:38:42.897" intervalms="60.294" type="nursery" />
<cycle-start id="3087" type="scavenge" contextid="0" timestamp="2019-08-10T03:38:42.897" intervalms="60.289" />
<gc-start id="3088" type="scavenge" contextid="3087" timestamp="2019-08-10T03:38:42.897">
  <mem-info id="3089" free="3984010408" total="4002676736" percent="99">
    <mem type="nursery" free="0" total="11272192" percent="0">
      <mem type="allocate" free="0" total="9437184" percent="0" />
      <mem type="survivor" free="0" total="1835008" percent="0" />
    </mem>
    <mem type="tenure" free="3984010408" total="3991404544" percent="99">
      <mem type="soa" free="3784469672" total="3791835136" percent="99" />
      <mem type="loa" free="199540736" total="199569408" percent="99" />
    </mem>
    <remembered-set count="1108" />
  </mem-info>
</gc-start>
<allocation-stats totalBytes="8715816" >
  <allocated-bytes non-tlh="200168" tlh="8515648" />
  <largest-consumer threadName="main" threadId="0000000001842F00" bytes="8707504" />
</allocation-stats>
<gc-op id="3090" type="scavenge" timems="5.556" contextid="3087" timestamp="2019-08-10T03:38:42.903">
  <scavenger-info tenureage="3" tenuremask="4008" tiltratio="83" />
  <memory-copied type="nursery" objects="21949" bytes="967944" bytesdiscarded="88128" />
  <memory-copied type="tenure" objects="7851" bytes="292944" bytesdiscarded="432" />
  <references type="soft" candidates="37" cleared="0" enqueued="0" dynamicThreshold="31" maxThreshold="32" />
  <references type="weak" candidates="401" cleared="8" enqueued="8" />
</gc-op>
<gc-end id="3091" type="scavenge" contextid="3087" durationms="6.122" usertimems="16.093" systemtimems="0.000" timestamp="2019-08-10T03:38:42.903" activeThreads="16">
  <mem-info id="3092" free="3992257136" total="4002676736" percent="99">
    <mem type="nursery" free="8446408" total="11272192" percent="74">
      <mem type="allocate" free="8446408" total="9502720" percent="88" />
      <mem type="survivor" free="0" total="1769472" percent="0" />
    </mem>
    <mem type="tenure" free="3983810728" total="3991404544" percent="99" macro-fragmented="1310760">
      <mem type="soa" free="3784269992" total="3791835136" percent="99" />
      <mem type="loa" free="199540736" total="199569408" percent="99" />
    </mem>
    <pending-finalizers system="0" default="0" reference="8" classloader="0" />
    <remembered-set count="1091" />
  </mem-info>
</gc-end>
<cycle-end id="3093" type="scavenge" contextid="3087" timestamp="2019-08-10T03:38:42.904" />
  <attribute name="elasticGC enabled" value="1" />
  <attribute name= "numThreadsSpecified" value="16" />
  <attribute name="heapSize specified" value="-91291648" />
  <attribute name="Current GC Util" value="8" />
  <attribute name= "Current Time Running" value="123044" />
  <attribute name ="GC Interval" value="200" />
  <attribute name="ProportionalT" value="-36.000000" />
  <attribute name="ProportionalI" value="-36.000000" />
  <attribute name="ProportionalH" value="-36.000000" />
  <attribute name="Current Error" value="-72.000000" />
  <attribute name="IntegralT" value="-2196.000000" />
  <attribute name="IntegralI" value="-2196.000000" />
  <attribute name="IntegralH" value="-2196.000000" />
  <attribute name="DerivativeT" value="-1.180328" />
  <attribute name="DerivativeI" value="-1.180328" />
  <attribute name="DerivativeH" value="-1.180328" />
  <attribute name="Loop Time for DT" value="61.000000" />
  <attribute name="Output H" value="4203675648"/>
  <attribute name="Output I" value="200"/>
  <attribute name="Output T" value="16"/>
  <attribute name="Target GC Util Change" value ="80.000000" />
  <attribute name="Current GC Util Change" value="8.000000"/>
  <attribute name="GC Util currently" value="8" />
  <attribute name="CPU Util currently" value="19120533805" />
<allocation-satisfied id="3094" threadId="0000000001842F00" bytesRequested="48" />
<af-end id="3095" timestamp="2019-08-10T03:38:42.904" threadId="0000000001843888" success="true" from="nursery"/>
<exclusive-end id="3096" timestamp="2019-08-10T03:38:42.904" durationms="6.377" />

<exclusive-start id="3097" timestamp="2019-08-10T03:38:42.963" intervalms="66.203">
  <response-info timems="0.066" idlems="0.066" threads="0" lastid="0000000001842F00" lastname="main" />
</exclusive-start>
<af-start id="3098" threadId="0000000001843888" totalBytesRequested="32" timestamp="2019-08-10T03:38:42.963" intervalms="66.200" type="nursery" />
<cycle-start id="3099" type="scavenge" contextid="0" timestamp="2019-08-10T03:38:42.964" intervalms="66.202" />
<gc-start id="3100" type="scavenge" contextid="3099" timestamp="2019-08-10T03:38:42.964">
  <mem-info id="3101" free="3983794232" total="4002676736" percent="99">
    <mem type="nursery" free="0" total="11272192" percent="0">
      <mem type="allocate" free="0" total="9502720" percent="0" />
      <mem type="survivor" free="0" total="1769472" percent="0" />
    </mem>
    <mem type="tenure" free="3983794232" total="3991404544" percent="99">
      <mem type="soa" free="3784253496" total="3791835136" percent="99" />
      <mem type="loa" free="199540736" total="199569408" percent="99" />
    </mem>
    <remembered-set count="1231" />
  </mem-info>
</gc-start>
<allocation-stats totalBytes="8461240" >
  <allocated-bytes non-tlh="878736" tlh="7582504" />
  <largest-consumer threadName="main" threadId="0000000001842F00" bytes="8461240" />
</allocation-stats>
<gc-op id="3102" type="scavenge" timems="3.679" contextid="3099" timestamp="2019-08-10T03:38:42.967">
  <scavenger-info tenureage="3" tenuremask="4008" tiltratio="84" />
  <memory-copied type="nursery" objects="13780" bytes="1352432" bytesdiscarded="122520" />
  <memory-copied type="tenure" objects="5215" bytes="195224" bytesdiscarded="96" />
  <references type="soft" candidates="62" cleared="0" enqueued="0" dynamicThreshold="31" maxThreshold="32" />
  <references type="weak" candidates="399" cleared="2" enqueued="2" />
  <references type="phantom" candidates="2" cleared="0" enqueued="0" />
</gc-op>
<heap-resize id="3103" type="expand" space="nursery" amount="524288" count="1" timems="0.018" reason="excessive time being spent scavenging" timestamp="2019-08-10T03:38:42.968" />
<gc-end id="3104" type="scavenge" contextid="3099" durationms="4.473" usertimems="10.200" systemtimems="0.000" timestamp="2019-08-10T03:38:42.968" activeThreads="16">
  <mem-info id="3105" free="3991754584" total="4003201024" percent="99">
    <mem type="nursery" free="8158496" total="11796480" percent="69">
      <mem type="allocate" free="8158496" total="9633792" percent="84" />
      <mem type="survivor" free="0" total="2162688" percent="0" />
    </mem>
    <mem type="tenure" free="3983596088" total="3991404544" percent="99" macro-fragmented="2160235">
      <mem type="soa" free="3784055352" total="3791835136" percent="99" />
      <mem type="loa" free="199540736" total="199569408" percent="99" />
    </mem>
    <pending-finalizers system="0" default="0" reference="2" classloader="0" />
    <remembered-set count="364" />
  </mem-info>
</gc-end>
<cycle-end id="3106" type="scavenge" contextid="3099" timestamp="2019-08-10T03:38:42.968" />
  <attribute name="elasticGC enabled" value="1" />
  <attribute name= "numThreadsSpecified" value="16" />
  <attribute name="heapSize specified" value="-91291648" />
  <attribute name="Current GC Util" value="20" />
  <attribute name= "Current Time Running" value="123110" />
  <attribute name ="GC Interval" value="200" />
  <attribute name="ProportionalT" value="-30.000000" />
  <attribute name="ProportionalI" value="-30.000000" />
  <attribute name="ProportionalH" value="-30.000000" />
  <attribute name="Current Error" value="-60.000000" />
  <attribute name="IntegralT" value="-1980.000000" />
  <attribute name="IntegralI" value="-1980.000000" />
  <attribute name="IntegralH" value="-1980.000000" />
  <attribute name="DerivativeT" value="-0.909091" />
  <attribute name="DerivativeI" value="-0.909091" />
  <attribute name="DerivativeH" value="-0.909091" />
  <attribute name="Loop Time for DT" value="66.000000" />
  <attribute name="Output H" value="4203675648"/>
  <attribute name="Output I" value="200"/>
  <attribute name="Output T" value="16"/>
  <attribute name="Target GC Util Change" value ="80.000000" />
  <attribute name="Current GC Util Change" value="20.000000"/>
  <attribute name="GC Util currently" value="20" />
  <attribute name="CPU Util currently" value="17428653471" />
<allocation-satisfied id="3107" threadId="0000000001842F00" bytesRequested="32" />
<af-end id="3108" timestamp="2019-08-10T03:38:42.968" threadId="0000000001843888" success="true" from="nursery"/>
<exclusive-end id="3109" timestamp="2019-08-10T03:38:42.968" durationms="4.736" />

<exclusive-start id="3110" timestamp="2019-08-10T03:38:42.998" intervalms="34.196">
  <response-info timems="0.053" idlems="0.053" threads="0" lastid="0000000001842F00" lastname="main" />
</exclusive-start>
<af-start id="3111" threadId="0000000001843888" totalBytesRequested="48" timestamp="2019-08-10T03:38:42.998" intervalms="34.193" type="nursery" />
<cycle-start id="3112" type="scavenge" contextid="0" timestamp="2019-08-10T03:38:42.998" intervalms="34.187" />
<gc-start id="3113" type="scavenge" contextid="3112" timestamp="2019-08-10T03:38:42.998">
  <mem-info id="3114" free="3983596088" total="4003201024" percent="99">
    <mem type="nursery" free="0" total="11796480" percent="0">
      <mem type="allocate" free="0" total="9633792" percent="0" />
      <mem type="survivor" free="0" total="2162688" percent="0" />
    </mem>
    <mem type="tenure" free="3983596088" total="3991404544" percent="99">
      <mem type="soa" free="3784055352" total="3791835136" percent="99" />
      <mem type="loa" free="199540736" total="199569408" percent="99" />
    </mem>
    <remembered-set count="364" />
  </mem-info>
</gc-start>
<allocation-stats totalBytes="8157632" >
  <allocated-bytes non-tlh="32" tlh="8157600" />
  <largest-consumer threadName="main" threadId="0000000001842F00" bytes="8157632" />
</allocation-stats>
<gc-op id="3115" type="scavenge" timems="2.608" contextid="3112" timestamp="2019-08-10T03:38:43.000">
  <scavenger-info tenureage="14" tenuremask="4000" tiltratio="81" />
  <memory-copied type="nursery" objects="26666" bytes="1570824" bytesdiscarded="114504" />
  <references type="soft" candidates="62" cleared="0" enqueued="0" dynamicThreshold="31" maxThreshold="32" />
  <references type="weak" candidates="397" cleared="0" enqueued="0" />
  <references type="phantom" candidates="1" cleared="0" enqueued="0" />
</gc-op>
<gc-end id="3116" type="scavenge" contextid="3112" durationms="3.169" usertimems="7.993" systemtimems="0.000" timestamp="2019-08-10T03:38:43.001" activeThreads="16">
  <mem-info id="3117" free="3991544248" total="4003201024" percent="99">
    <mem type="nursery" free="7948160" total="11796480" percent="67">
      <mem type="allocate" free="7948160" total="9633792" percent="82" />
      <mem type="survivor" free="0" total="2162688" percent="0" />
    </mem>
    <mem type="tenure" free="3983596088" total="3991404544" percent="99" macro-fragmented="0">
      <mem type="soa" free="3784055352" total="3791835136" percent="99" />
      <mem type="loa" free="199540736" total="199569408" percent="99" />
    </mem>
    <remembered-set count="360" />
  </mem-info>
</gc-end>
<cycle-end id="3118" type="scavenge" contextid="3112" timestamp="2019-08-10T03:38:43.001" />
  <attribute name="elasticGC enabled" value="1" />
  <attribute name= "numThreadsSpecified" value="16" />
  <attribute name="heapSize specified" value="-91291648" />
  <attribute name="Current GC Util" value="26" />
  <attribute name= "Current Time Running" value="123144" />
  <attribute name ="GC Interval" value="200" />
  <attribute name="ProportionalT" value="-27.000000" />
  <attribute name="ProportionalI" value="-27.000000" />
  <attribute name="ProportionalH" value="-27.000000" />
  <attribute name="Current Error" value="-54.000000" />
  <attribute name="IntegralT" value="-918.000000" />
  <attribute name="IntegralI" value="-918.000000" />
  <attribute name="IntegralH" value="-918.000000" />
  <attribute name="DerivativeT" value="-1.588235" />
  <attribute name="DerivativeI" value="-1.588235" />
  <attribute name="DerivativeH" value="-1.588235" />
  <attribute name="Loop Time for DT" value="34.000000" />
  <attribute name="Output H" value="4203675648"/>
  <attribute name="Output I" value="200"/>
  <attribute name="Output T" value="16"/>
  <attribute name="Target GC Util Change" value ="80.000000" />
  <attribute name="Current GC Util Change" value="26.000000"/>
  <attribute name="GC Util currently" value="26" />
  <attribute name="CPU Util currently" value="33690258004" />
<allocation-satisfied id="3119" threadId="0000000001842F00" bytesRequested="48" />
<af-end id="3120" timestamp="2019-08-10T03:38:43.001" threadId="0000000001843888" success="true" from="nursery"/>
<exclusive-end id="3121" timestamp="2019-08-10T03:38:43.001" durationms="3.390" />

<exclusive-start id="3122" timestamp="2019-08-10T03:38:43.044" intervalms="46.651">
  <response-info timems="0.020" idlems="0.020" threads="0" lastid="0000000001842F00" lastname="main" />
</exclusive-start>
<af-start id="3123" threadId="0000000001843888" totalBytesRequested="24" timestamp="2019-08-10T03:38:43.044" intervalms="46.655" type="nursery" />
<cycle-start id="3124" type="scavenge" contextid="0" timestamp="2019-08-10T03:38:43.044" intervalms="46.656" />
<gc-start id="3125" type="scavenge" contextid="3124" timestamp="2019-08-10T03:38:43.044">
  <mem-info id="3126" free="3983557480" total="4003201024" percent="99">
    <mem type="nursery" free="0" total="11796480" percent="0">
      <mem type="allocate" free="0" total="9633792" percent="0" />
      <mem type="survivor" free="0" total="2162688" percent="0" />
    </mem>
    <mem type="tenure" free="3983557480" total="3991404544" percent="99">
      <mem type="soa" free="3784016744" total="3791835136" percent="99" />
      <mem type="loa" free="199540736" total="199569408" percent="99" />
    </mem>
    <remembered-set count="572" />
  </mem-info>
</gc-start>
<allocation-stats totalBytes="7984792" >
  <allocated-bytes non-tlh="238664" tlh="7746128" />
  <largest-consumer threadName="main" threadId="0000000001842F00" bytes="7984792" />
</allocation-stats>
<gc-op id="3127" type="scavenge" timems="4.248" contextid="3124" timestamp="2019-08-10T03:38:43.049">
  <scavenger-info tenureage="4" tenuremask="4110" tiltratio="81" />
  <memory-copied type="nursery" objects="13880" bytes="1086096" bytesdiscarded="209272" />
  <memory-copied type="tenure" objects="2765" bytes="148816" bytesdiscarded="504" />
  <references type="soft" candidates="116" cleared="0" enqueued="0" dynamicThreshold="31" maxThreshold="32" />
  <references type="weak" candidates="229" cleared="9" enqueued="9" />
  <references type="phantom" candidates="2" cleared="0" enqueued="0" />
</gc-op>
<heap-resize id="3128" type="expand" space="nursery" amount="655360" count="1" timems="0.015" reason="excessive time being spent scavenging" timestamp="2019-08-10T03:38:43.049" />
<gc-end id="3129" type="scavenge" contextid="3124" durationms="4.815" usertimems="9.831" systemtimems="0.000" timestamp="2019-08-10T03:38:43.049" activeThreads="16">
  <mem-info id="3130" free="3992290072" total="4003856384" percent="99">
    <mem type="nursery" free="8927976" total="12451840" percent="71">
      <mem type="allocate" free="8927976" total="10223616" percent="87" />
      <mem type="survivor" free="0" total="2228224" percent="0" />
    </mem>
    <mem type="tenure" free="3983362096" total="3991404544" percent="99" macro-fragmented="6450429">
      <mem type="soa" free="3783821360" total="3791835136" percent="99" />
      <mem type="loa" free="199540736" total="199569408" percent="99" />
    </mem>
    <pending-finalizers system="0" default="0" reference="9" classloader="0" />
    <remembered-set count="381" />
  </mem-info>
</gc-end>
<cycle-end id="3131" type="scavenge" contextid="3124" timestamp="2019-08-10T03:38:43.049" />
  <attribute name="elasticGC enabled" value="1" />
  <attribute name= "numThreadsSpecified" value="16" />
  <attribute name="heapSize specified" value="-91291648" />
  <attribute name="Current GC Util" value="17" />
  <attribute name= "Current Time Running" value="123191" />
  <attribute name ="GC Interval" value="200" />
  <attribute name="ProportionalT" value="-31.500000" />
  <attribute name="ProportionalI" value="-31.500000" />
  <attribute name="ProportionalH" value="-31.500000" />
  <attribute name="Current Error" value="-63.000000" />
  <attribute name="IntegralT" value="-1480.500000" />
  <attribute name="IntegralI" value="-1480.500000" />
  <attribute name="IntegralH" value="-1480.500000" />
  <attribute name="DerivativeT" value="-1.340426" />
  <attribute name="DerivativeI" value="-1.340426" />
  <attribute name="DerivativeH" value="-1.340426" />
  <attribute name="Loop Time for DT" value="47.000000" />
  <attribute name="Output H" value="4203675648"/>
  <attribute name="Output I" value="200"/>
  <attribute name="Output T" value="16"/>
  <attribute name="Target GC Util Change" value ="80.000000" />
  <attribute name="Current GC Util Change" value="17.000000"/>
  <attribute name="GC Util currently" value="17" />
  <attribute name="CPU Util currently" value="24735854271" />
<allocation-satisfied id="3132" threadId="0000000001842F00" bytesRequested="24" />
<af-end id="3133" timestamp="2019-08-10T03:38:43.049" threadId="0000000001843888" success="true" from="nursery"/>
<exclusive-end id="3134" timestamp="2019-08-10T03:38:43.049" durationms="5.044" />

<exclusive-start id="3135" timestamp="2019-08-10T03:38:43.103" intervalms="58.883">
  <response-info timems="0.058" idlems="0.058" threads="0" lastid="0000000001842F00" lastname="main" />
</exclusive-start>
<af-start id="3136" threadId="0000000001843888" totalBytesRequested="24" timestamp="2019-08-10T03:38:43.103" intervalms="58.880" type="nursery" />
<cycle-start id="3137" type="scavenge" contextid="0" timestamp="2019-08-10T03:38:43.103" intervalms="58.887" />
<gc-start id="3138" type="scavenge" contextid="3137" timestamp="2019-08-10T03:38:43.103">
  <mem-info id="3139" free="3983339776" total="4003856384" percent="99">
    <mem type="nursery" free="0" total="12451840" percent="0">
      <mem type="allocate" free="0" total="10223616" percent="0" />
      <mem type="survivor" free="0" total="2228224" percent="0" />
    </mem>
    <mem type="tenure" free="3983339776" total="3991404544" percent="99">
      <mem type="soa" free="3783799040" total="3791835136" percent="99" />
      <mem type="loa" free="199540736" total="199569408" percent="99" />
    </mem>
    <remembered-set count="718" />
  </mem-info>
</gc-start>
<allocation-stats totalBytes="8948152" >
  <allocated-bytes non-tlh="638760" tlh="8309392" />
  <largest-consumer threadName="main" threadId="0000000001842F00" bytes="8948152" />
</allocation-stats>
<gc-op id="3140" type="scavenge" timems="2.867" contextid="3137" timestamp="2019-08-10T03:38:43.106">
  <scavenger-info tenureage="14" tenuremask="4000" tiltratio="82" />
  <memory-copied type="nursery" objects="6655" bytes="477432" bytesdiscarded="113384" />
  <references type="soft" candidates="120" cleared="0" enqueued="0" dynamicThreshold="31" maxThreshold="32" />
  <references type="weak" candidates="272" cleared="1" enqueued="1" />
  <references type="phantom" candidates="1" cleared="0" enqueued="0" />
</gc-op>
<gc-end id="3141" type="scavenge" contextid="3137" durationms="3.511" usertimems="8.482" systemtimems="0.000" timestamp="2019-08-10T03:38:43.107" activeThreads="16">
  <mem-info id="3142" free="3993234344" total="4003856384" percent="99">
    <mem type="nursery" free="9894568" total="12451840" percent="79">
      <mem type="allocate" free="9894568" total="10485760" percent="94" />
      <mem type="survivor" free="0" total="1966080" percent="0" />
    </mem>
    <mem type="tenure" free="3983339776" total="3991404544" percent="99" macro-fragmented="3110739">
      <mem type="soa" free="3783799040" total="3791835136" percent="99" />
      <mem type="loa" free="199540736" total="199569408" percent="99" />
    </mem>
    <pending-finalizers system="0" default="0" reference="1" classloader="0" />
    <remembered-set count="717" />
  </mem-info>
</gc-end>
<cycle-end id="3143" type="scavenge" contextid="3137" timestamp="2019-08-10T03:38:43.107" />
  <attribute name="elasticGC enabled" value="1" />
  <attribute name= "numThreadsSpecified" value="16" />
  <attribute name="heapSize specified" value="-91291648" />
  <attribute name="Current GC Util" value="16" />
  <attribute name= "Current Time Running" value="123250" />
  <attribute name ="GC Interval" value="200" />
  <attribute name="ProportionalT" value="-32.000000" />
  <attribute name="ProportionalI" value="-32.000000" />
  <attribute name="ProportionalH" value="-32.000000" />
  <attribute name="Current Error" value="-64.000000" />
  <attribute name="IntegralT" value="-1888.000000" />
  <attribute name="IntegralI" value="-1888.000000" />
  <attribute name="IntegralH" value="-1888.000000" />
  <attribute name="DerivativeT" value="-1.084746" />
  <attribute name="DerivativeI" value="-1.084746" />
  <attribute name="DerivativeH" value="-1.084746" />
  <attribute name="Loop Time for DT" value="59.000000" />
  <attribute name="Output H" value="4203675648"/>
  <attribute name="Output I" value="200"/>
  <attribute name="Output T" value="16"/>
  <attribute name="Target GC Util Change" value ="80.000000" />
  <attribute name="Current GC Util Change" value="16.000000"/>
  <attribute name="GC Util currently" value="16" />
  <attribute name="CPU Util currently" value="19570161374" />
<allocation-satisfied id="3144" threadId="0000000001842F00" bytesRequested="24" />
<af-end id="3145" timestamp="2019-08-10T03:38:43.107" threadId="0000000001843888" success="true" from="nursery"/>
<exclusive-end id="3146" timestamp="2019-08-10T03:38:43.107" durationms="3.793" />

<exclusive-start id="3147" timestamp="2019-08-10T03:38:43.161" intervalms="57.466">
  <response-info timems="0.018" idlems="0.018" threads="0" lastid="0000000001842F00" lastname="main" />
</exclusive-start>
<af-start id="3148" threadId="0000000001843888" totalBytesRequested="48" timestamp="2019-08-10T03:38:43.161" intervalms="57.469" type="nursery" />
<cycle-start id="3149" type="scavenge" contextid="0" timestamp="2019-08-10T03:38:43.161" intervalms="57.469" />
<gc-start id="3150" type="scavenge" contextid="3149" timestamp="2019-08-10T03:38:43.161">
  <mem-info id="3151" free="3983323184" total="4003856384" percent="99">
    <mem type="nursery" free="0" total="12451840" percent="0">
      <mem type="allocate" free="0" total="10485760" percent="0" />
      <mem type="survivor" free="0" total="1966080" percent="0" />
    </mem>
    <mem type="tenure" free="3983323184" total="3991404544" percent="99">
      <mem type="soa" free="3783782448" total="3791835136" percent="99" />
      <mem type="loa" free="199540736" total="199569408" percent="99" />
    </mem>
    <remembered-set count="832" />
  </mem-info>
</gc-start>
<allocation-stats totalBytes="9909168" >
  <allocated-bytes non-tlh="416632" tlh="9492536" />
  <largest-consumer threadName="main" threadId="0000000001842F00" bytes="9909168" />
</allocation-stats>
<gc-op id="3152" type="scavenge" timems="3.212" contextid="3149" timestamp="2019-08-10T03:38:43.164">
  <scavenger-info tenureage="14" tenuremask="4000" tiltratio="84" />
  <memory-copied type="nursery" objects="6927" bytes="495512" bytesdiscarded="50240" />
  <references type="soft" candidates="122" cleared="0" enqueued="0" dynamicThreshold="31" maxThreshold="32" />
  <references type="weak" candidates="291" cleared="0" enqueued="0" />
  <references type="phantom" candidates="1" cleared="0" enqueued="0" />
</gc-op>
<gc-end id="3153" type="scavenge" contextid="3149" durationms="4.215" usertimems="9.265" systemtimems="0.000" timestamp="2019-08-10T03:38:43.165" activeThreads="16">
  <mem-info id="3154" free="3993524944" total="4003856384" percent="99">
    <mem type="nursery" free="10201760" total="12451840" percent="81">
      <mem type="allocate" free="10201760" total="10747904" percent="94" />
      <mem type="survivor" free="0" total="1703936" percent="0" />
    </mem>
    <mem type="tenure" free="3983323184" total="3991404544" percent="99" macro-fragmented="49176">
      <mem type="soa" free="3783782448" total="3791835136" percent="99" />
      <mem type="loa" free="199540736" total="199569408" percent="99" />
    </mem>
    <remembered-set count="644" />
  </mem-info>
</gc-end>
<cycle-end id="3155" type="scavenge" contextid="3149" timestamp="2019-08-10T03:38:43.165" />
  <attribute name="elasticGC enabled" value="1" />
  <attribute name= "numThreadsSpecified" value="16" />
  <attribute name="heapSize specified" value="-91291648" />
  <attribute name="Current GC Util" value="11" />
  <attribute name= "Current Time Running" value="123307" />
  <attribute name ="GC Interval" value="200" />
  <attribute name="ProportionalT" value="-34.500000" />
  <attribute name="ProportionalI" value="-34.500000" />
  <attribute name="ProportionalH" value="-34.500000" />
  <attribute name="Current Error" value="-69.000000" />
  <attribute name="IntegralT" value="-1966.500000" />
  <attribute name="IntegralI" value="-1966.500000" />
  <attribute name="IntegralH" value="-1966.500000" />
  <attribute name="DerivativeT" value="-1.210526" />
  <attribute name="DerivativeI" value="-1.210526" />
  <attribute name="DerivativeH" value="-1.210526" />
  <attribute name="Loop Time for DT" value="57.000000" />
  <attribute name="Output H" value="4203675648"/>
  <attribute name="Output I" value="200"/>
  <attribute name="Output T" value="16"/>
  <attribute name="Target GC Util Change" value ="80.000000" />
  <attribute name="Current GC Util Change" value="11.000000"/>
  <attribute name="GC Util currently" value="11" />
  <attribute name="CPU Util currently" value="19963709210" />
<allocation-satisfied id="3156" threadId="0000000001842F00" bytesRequested="48" />
<af-end id="3157" timestamp="2019-08-10T03:38:43.165" threadId="0000000001843888" success="true" from="nursery"/>
<exclusive-end id="3158" timestamp="2019-08-10T03:38:43.165" durationms="4.475" />

<exclusive-start id="3159" timestamp="2019-08-10T03:38:43.210" intervalms="49.503">
  <response-info timems="0.047" idlems="0.047" threads="0" lastid="0000000001842F00" lastname="main" />
</exclusive-start>
<af-start id="3160" threadId="0000000001843888" totalBytesRequested="24" timestamp="2019-08-10T03:38:43.210" intervalms="49.501" type="nursery" />
<cycle-start id="3161" type="scavenge" contextid="0" timestamp="2019-08-10T03:38:43.210" intervalms="49.493" />
<gc-start id="3162" type="scavenge" contextid="3161" timestamp="2019-08-10T03:38:43.210">
  <mem-info id="3163" free="3983316944" total="4003856384" percent="99">
    <mem type="nursery" free="0" total="12451840" percent="0">
      <mem type="allocate" free="0" total="10747904" percent="0" />
      <mem type="survivor" free="0" total="1703936" percent="0" />
    </mem>
    <mem type="tenure" free="3983316944" total="3991404544" percent="99">
      <mem type="soa" free="3783776208" total="3791835136" percent="99" />
      <mem type="loa" free="199540736" total="199569408" percent="99" />
    </mem>
    <remembered-set count="745" />
  </mem-info>
</gc-start>
<allocation-stats totalBytes="10206424" >
  <allocated-bytes non-tlh="406304" tlh="9800120" />
  <largest-consumer threadName="main" threadId="0000000001842F00" bytes="10206424" />
</allocation-stats>
<gc-op id="3164" type="scavenge" timems="3.928" contextid="3161" timestamp="2019-08-10T03:38:43.214">
  <scavenger-info tenureage="14" tenuremask="4000" tiltratio="86" />
  <memory-copied type="nursery" objects="19781" bytes="1100368" bytesdiscarded="111872" />
  <memory-copied type="tenure" objects="292" bytes="10424" bytesdiscarded="0" />
  <references type="soft" candidates="156" cleared="0" enqueued="0" dynamicThreshold="31" maxThreshold="32" />
  <references type="weak" candidates="368" cleared="2" enqueued="2" />
  <references type="phantom" candidates="1" cleared="0" enqueued="0" />
</gc-op>
<heap-resize id="3165" type="expand" space="nursery" amount="655360" count="1" timems="0.017" reason="excessive time being spent scavenging" timestamp="2019-08-10T03:38:43.215" />
<gc-end id="3166" type="scavenge" contextid="3161" durationms="4.810" usertimems="13.585" systemtimems="0.000" timestamp="2019-08-10T03:38:43.215" activeThreads="16">
  <mem-info id="3167" free="3993048720" total="4004511744" percent="99">
    <mem type="nursery" free="9731776" total="13107200" percent="74">
      <mem type="allocate" free="9731776" total="10944512" percent="88" />
      <mem type="survivor" free="0" total="2162688" percent="0" />
    </mem>
    <mem type="tenure" free="3983316944" total="3991404544" percent="99" macro-fragmented="4479464">
      <mem type="soa" free="3783776208" total="3791835136" percent="99" />
      <mem type="loa" free="199540736" total="199569408" percent="99" />
    </mem>
    <pending-finalizers system="0" default="0" reference="2" classloader="0" />
    <remembered-set count="361" />
  </mem-info>
</gc-end>
<cycle-end id="3168" type="scavenge" contextid="3161" timestamp="2019-08-10T03:38:43.215" />
  <attribute name="elasticGC enabled" value="1" />
  <attribute name= "numThreadsSpecified" value="16" />
  <attribute name="heapSize specified" value="-91291648" />
  <attribute name="Current GC Util" value="18" />
  <attribute name= "Current Time Running" value="123357" />
  <attribute name ="GC Interval" value="200" />
  <attribute name="ProportionalT" value="-31.000000" />
  <attribute name="ProportionalI" value="-31.000000" />
  <attribute name="ProportionalH" value="-31.000000" />
  <attribute name="Current Error" value="-62.000000" />
  <attribute name="IntegralT" value="-1550.000000" />
  <attribute name="IntegralI" value="-1550.000000" />
  <attribute name="IntegralH" value="-1550.000000" />
  <attribute name="DerivativeT" value="-1.240000" />
  <attribute name="DerivativeI" value="-1.240000" />
  <attribute name="DerivativeH" value="-1.240000" />
  <attribute name="Loop Time for DT" value="50.000000" />
  <attribute name="Output H" value="4203675648"/>
  <attribute name="Output I" value="200"/>
  <attribute name="Output T" value="16"/>
  <attribute name="Target GC Util Change" value ="80.000000" />
  <attribute name="Current GC Util Change" value="18.000000"/>
  <attribute name="GC Util currently" value="18" />
  <attribute name="CPU Util currently" value="23406059509" />
<allocation-satisfied id="3169" threadId="0000000001842F00" bytesRequested="24" />
<af-end id="3170" timestamp="2019-08-10T03:38:43.215" threadId="0000000001843888" success="true" from="nursery"/>
<exclusive-end id="3171" timestamp="2019-08-10T03:38:43.215" durationms="5.044" />

<exclusive-start id="3172" timestamp="2019-08-10T03:38:43.246" intervalms="36.007">
  <response-info timems="0.057" idlems="0.057" threads="0" lastid="0000000001842F00" lastname="main" />
</exclusive-start>
<af-start id="3173" threadId="0000000001843888" totalBytesRequested="32" timestamp="2019-08-10T03:38:43.246" intervalms="36.016" type="nursery" />
<cycle-start id="3174" type="scavenge" contextid="0" timestamp="2019-08-10T03:38:43.246" intervalms="36.020" />
<gc-start id="3175" type="scavenge" contextid="3174" timestamp="2019-08-10T03:38:43.246">
  <mem-info id="3176" free="3983316944" total="4004511744" percent="99">
    <mem type="nursery" free="0" total="13107200" percent="0">
      <mem type="allocate" free="0" total="10944512" percent="0" />
      <mem type="survivor" free="0" total="2162688" percent="0" />
    </mem>
    <mem type="tenure" free="3983316944" total="3991404544" percent="99">
      <mem type="soa" free="3783776208" total="3791835136" percent="99" />
      <mem type="loa" free="199540736" total="199569408" percent="99" />
    </mem>
    <remembered-set count="362" />
  </mem-info>
</gc-start>
<allocation-stats totalBytes="9730872" >
  <allocated-bytes non-tlh="24" tlh="9730848" />
  <largest-consumer threadName="main" threadId="0000000001842F00" bytes="9726776" />
</allocation-stats>
<gc-op id="3177" type="scavenge" timems="2.801" contextid="3174" timestamp="2019-08-10T03:38:43.249">
  <scavenger-info tenureage="14" tenuremask="4000" tiltratio="83" />
  <memory-copied type="nursery" objects="29340" bytes="1452808" bytesdiscarded="118120" />
  <references type="soft" candidates="156" cleared="0" enqueued="0" dynamicThreshold="31" maxThreshold="32" />
  <references type="weak" candidates="364" cleared="0" enqueued="0" />
  <references type="phantom" candidates="1" cleared="0" enqueued="0" />
</gc-op>
<heap-resize id="3178" type="expand" space="nursery" amount="524288" count="1" timems="0.016" reason="excessive time being spent scavenging" timestamp="2019-08-10T03:38:43.249" />
<gc-end id="3179" type="scavenge" contextid="3174" durationms="3.564" usertimems="12.136" systemtimems="0.000" timestamp="2019-08-10T03:38:43.250" activeThreads="16">
  <mem-info id="3180" free="3993083296" total="4005036032" percent="99">
    <mem type="nursery" free="9766352" total="13631488" percent="71">
      <mem type="allocate" free="9766352" total="11337728" percent="86" />
      <mem type="survivor" free="0" total="2293760" percent="0" />
    </mem>
    <mem type="tenure" free="3983316944" total="3991404544" percent="99" macro-fragmented="0">
      <mem type="soa" free="3783776208" total="3791835136" percent="99" />
      <mem type="loa" free="199540736" total="199569408" percent="99" />
    </mem>
    <remembered-set count="259" />
  </mem-info>
</gc-end>
<cycle-end id="3181" type="scavenge" contextid="3174" timestamp="2019-08-10T03:38:43.250" />
  <attribute name="elasticGC enabled" value="1" />
  <attribute name= "numThreadsSpecified" value="16" />
  <attribute name="heapSize specified" value="-91291648" />
  <attribute name="Current GC Util" value="27" />
  <attribute name= "Current Time Running" value="123393" />
  <attribute name ="GC Interval" value="200" />
  <attribute name="ProportionalT" value="-26.500000" />
  <attribute name="ProportionalI" value="-26.500000" />
  <attribute name="ProportionalH" value="-26.500000" />
  <attribute name="Current Error" value="-53.000000" />
  <attribute name="IntegralT" value="-954.000000" />
  <attribute name="IntegralI" value="-954.000000" />
  <attribute name="IntegralH" value="-954.000000" />
  <attribute name="DerivativeT" value="-1.472222" />
  <attribute name="DerivativeI" value="-1.472222" />
  <attribute name="DerivativeH" value="-1.472222" />
  <attribute name="Loop Time for DT" value="36.000000" />
  <attribute name="Output H" value="4203675648"/>
  <attribute name="Output I" value="200"/>
  <attribute name="Output T" value="16"/>
  <attribute name="Target GC Util Change" value ="80.000000" />
  <attribute name="Current GC Util Change" value="27.000000"/>
  <attribute name="GC Util currently" value="27" />
  <attribute name="CPU Util currently" value="32031619919" />
<allocation-satisfied id="3182" threadId="0000000001842F00" bytesRequested="32" />
<af-end id="3183" timestamp="2019-08-10T03:38:43.250" threadId="0000000001843888" success="true" from="nursery"/>
<exclusive-end id="3184" timestamp="2019-08-10T03:38:43.250" durationms="3.872" />

<exclusive-start id="3185" timestamp="2019-08-10T03:38:43.288" intervalms="42.100">
  <response-info timems="0.029" idlems="0.029" threads="0" lastid="0000000001842F00" lastname="main" />
</exclusive-start>
<af-start id="3186" threadId="0000000001843888" totalBytesRequested="32" timestamp="2019-08-10T03:38:43.288" intervalms="42.107" type="nursery" />
<cycle-start id="3187" type="scavenge" contextid="0" timestamp="2019-08-10T03:38:43.288" intervalms="42.109" />
<gc-start id="3188" type="scavenge" contextid="3187" timestamp="2019-08-10T03:38:43.288">
  <mem-info id="3189" free="3983316184" total="4005036032" percent="99">
    <mem type="nursery" free="0" total="13631488" percent="0">
      <mem type="allocate" free="0" total="11337728" percent="0" />
      <mem type="survivor" free="0" total="2293760" percent="0" />
    </mem>
    <mem type="tenure" free="3983316184" total="3991404544" percent="99">
      <mem type="soa" free="3783775448" total="3791835136" percent="99" />
      <mem type="loa" free="199540736" total="199569408" percent="99" />
    </mem>
    <remembered-set count="271" />
  </mem-info>
</gc-start>
<allocation-stats totalBytes="9765168" >
  <allocated-bytes non-tlh="266344" tlh="9498824" />
  <largest-consumer threadName="main" threadId="0000000001842F00" bytes="9765168" />
</allocation-stats>
<gc-op id="3190" type="scavenge" timems="3.690" contextid="3187" timestamp="2019-08-10T03:38:43.292">
  <scavenger-info tenureage="5" tenuremask="4020" tiltratio="83" />
  <memory-copied type="nursery" objects="20664" bytes="1165016" bytesdiscarded="139696" />
  <memory-copied type="tenure" objects="2195" bytes="77264" bytesdiscarded="112" />
  <references type="soft" candidates="67" cleared="0" enqueued="0" dynamicThreshold="31" maxThreshold="32" />
  <references type="weak" candidates="187" cleared="0" enqueued="0" />
  <references type="phantom" candidates="1" cleared="0" enqueued="0" />
</gc-op>
<heap-resize id="3191" type="expand" space="nursery" amount="655360" count="1" timems="0.013" reason="excessive time being spent scavenging" timestamp="2019-08-10T03:38:43.292" />
<gc-end id="3192" type="scavenge" contextid="3187" durationms="4.248" usertimems="9.158" systemtimems="0.000" timestamp="2019-08-10T03:38:43.293" activeThreads="16">
  <mem-info id="3193" free="3993956584" total="4005691392" percent="99">
    <mem type="nursery" free="10753504" total="14286848" percent="75">
      <mem type="allocate" free="10753504" total="12058624" percent="89" />
      <mem type="survivor" free="0" total="2228224" percent="0" />
    </mem>
    <mem type="tenure" free="3983203080" total="3991404544" percent="99" macro-fragmented="0">
      <mem type="soa" free="3783662344" total="3791835136" percent="99" />
      <mem type="loa" free="199540736" total="199569408" percent="99" />
    </mem>
    <remembered-set count="255" />
  </mem-info>
</gc-end>
<cycle-end id="3194" type="scavenge" contextid="3187" timestamp="2019-08-10T03:38:43.293" />
  <attribute name="elasticGC enabled" value="1" />
  <attribute name= "numThreadsSpecified" value="16" />
  <attribute name="heapSize specified" value="-91291648" />
  <attribute name="Current GC Util" value="22" />
  <attribute name= "Current Time Running" value="123435" />
  <attribute name ="GC Interval" value="200" />
  <attribute name="ProportionalT" value="-29.000000" />
  <attribute name="ProportionalI" value="-29.000000" />
  <attribute name="ProportionalH" value="-29.000000" />
  <attribute name="Current Error" value="-58.000000" />
  <attribute name="IntegralT" value="-1218.000000" />
  <attribute name="IntegralI" value="-1218.000000" />
  <attribute name="IntegralH" value="-1218.000000" />
  <attribute name="DerivativeT" value="-1.380952" />
  <attribute name="DerivativeI" value="-1.380952" />
  <attribute name="DerivativeH" value="-1.380952" />
  <attribute name="Loop Time for DT" value="42.000000" />
  <attribute name="Output H" value="4203675648"/>
  <attribute name="Output I" value="200"/>
  <attribute name="Output T" value="16"/>
  <attribute name="Target GC Util Change" value ="80.000000" />
  <attribute name="Current GC Util Change" value="22.000000"/>
  <attribute name="GC Util currently" value="22" />
  <attribute name="CPU Util currently" value="27388422241" />
<allocation-satisfied id="3195" threadId="0000000001842F00" bytesRequested="32" />
<af-end id="3196" timestamp="2019-08-10T03:38:43.293" threadId="0000000001843888" success="true" from="nursery"/>
<exclusive-end id="3197" timestamp="2019-08-10T03:38:43.293" durationms="4.509" />

<exclusive-start id="3198" timestamp="2019-08-10T03:38:43.340" intervalms="51.389">
  <response-info timems="2.872" idlems="2.872" threads="0" lastid="0000000001842F00" lastname="main" />
</exclusive-start>
<af-start id="3199" threadId="0000000001843888" totalBytesRequested="48" timestamp="2019-08-10T03:38:43.341" intervalms="52.389" type="nursery" />
<cycle-start id="3200" type="scavenge" contextid="0" timestamp="2019-08-10T03:38:43.341" intervalms="52.383" />
<gc-start id="3201" type="scavenge" contextid="3200" timestamp="2019-08-10T03:38:43.341">
  <mem-info id="3202" free="3983202704" total="4005691392" percent="99">
    <mem type="nursery" free="0" total="14286848" percent="0">
      <mem type="allocate" free="0" total="12058624" percent="0" />
      <mem type="survivor" free="0" total="2228224" percent="0" />
    </mem>
    <mem type="tenure" free="3983202704" total="3991404544" percent="99">
      <mem type="soa" free="3783661968" total="3791835136" percent="99" />
      <mem type="loa" free="199540736" total="199569408" percent="99" />
    </mem>
    <remembered-set count="261" />
  </mem-info>
</gc-start>
<allocation-stats totalBytes="10752600" >
  <allocated-bytes non-tlh="200416" tlh="10552184" />
  <largest-consumer threadName="main" threadId="0000000001842F00" bytes="10752600" />
</allocation-stats>
<gc-op id="3203" type="scavenge" timems="7.168" contextid="3200" timestamp="2019-08-10T03:38:43.348">
  <scavenger-info tenureage="14" tenuremask="4000" tiltratio="84" />
  <memory-copied type="nursery" objects="10468" bytes="676568" bytesdiscarded="89480" />
  <references type="soft" candidates="68" cleared="0" enqueued="0" dynamicThreshold="31" maxThreshold="32" />
  <references type="weak" candidates="203" cleared="0" enqueued="0" />
  <references type="phantom" candidates="1" cleared="0" enqueued="0" />
</gc-op>
<heap-resize id="3204" type="expand" space="nursery" amount="917504" count="1" timems="0.020" reason="excessive time being spent scavenging" timestamp="2019-08-10T03:38:43.348" />
<gc-end id="3205" type="scavenge" contextid="3200" durationms="7.700" usertimems="17.546" systemtimems="0.000" timestamp="2019-08-10T03:38:43.348" activeThreads="16">
  <mem-info id="3206" free="3995543424" total="4006608896" percent="99">
    <mem type="nursery" free="12340720" total="15204352" percent="81">
      <mem type="allocate" free="12340720" total="13107200" percent="94" />
      <mem type="survivor" free="0" total="2097152" percent="0" />
    </mem>
    <mem type="tenure" free="3983202704" total="3991404544" percent="99" macro-fragmented="9288619">
      <mem type="soa" free="3783661968" total="3791835136" percent="99" />
      <mem type="loa" free="199540736" total="199569408" percent="99" />
    </mem>
    <remembered-set count="261" />
  </mem-info>
</gc-end>
<cycle-end id="3207" type="scavenge" contextid="3200" timestamp="2019-08-10T03:38:43.349" />
  <attribute name="elasticGC enabled" value="1" />
  <attribute name= "numThreadsSpecified" value="16" />
  <attribute name="heapSize specified" value="-91291648" />
  <attribute name="Current GC Util" value="16" />
  <attribute name= "Current Time Running" value="123487" />
  <attribute name ="GC Interval" value="200" />
  <attribute name="ProportionalT" value="-32.000000" />
  <attribute name="ProportionalI" value="-32.000000" />
  <attribute name="ProportionalH" value="-32.000000" />
  <attribute name="Current Error" value="-64.000000" />
  <attribute name="IntegralT" value="-1664.000000" />
  <attribute name="IntegralI" value="-1664.000000" />
  <attribute name="IntegralH" value="-1664.000000" />
  <attribute name="DerivativeT" value="-1.230769" />
  <attribute name="DerivativeI" value="-1.230769" />
  <attribute name="DerivativeH" value="-1.230769" />
  <attribute name="Loop Time for DT" value="52.000000" />
  <attribute name="Output H" value="4203675648"/>
  <attribute name="Output I" value="200"/>
  <attribute name="Output T" value="16"/>
  <attribute name="Target GC Util Change" value ="80.000000" />
  <attribute name="Current GC Util Change" value="16.000000"/>
  <attribute name="GC Util currently" value="16" />
  <attribute name="CPU Util currently" value="22025107454" />
<allocation-satisfied id="3208" threadId="0000000001842F00" bytesRequested="48" />
<af-end id="3209" timestamp="2019-08-10T03:38:43.349" threadId="0000000001843888" success="true" from="nursery"/>
<exclusive-end id="3210" timestamp="2019-08-10T03:38:43.349" durationms="8.919" />

<exclusive-start id="3211" timestamp="2019-08-10T03:38:43.381" intervalms="41.799">
  <response-info timems="0.033" idlems="0.033" threads="0" lastid="0000000001842F00" lastname="main" />
</exclusive-start>
<af-start id="3212" threadId="0000000001843888" totalBytesRequested="200008" timestamp="2019-08-10T03:38:43.381" intervalms="40.782" type="nursery" />
<cycle-start id="3213" type="scavenge" contextid="0" timestamp="2019-08-10T03:38:43.382" intervalms="40.783" />
<gc-start id="3214" type="scavenge" contextid="3213" timestamp="2019-08-10T03:38:43.382">
  <mem-info id="3215" free="3983200688" total="4006608896" percent="99">
    <mem type="nursery" free="0" total="15204352" percent="0">
      <mem type="allocate" free="0" total="13107200" percent="0" />
      <mem type="survivor" free="0" total="2097152" percent="0" />
    </mem>
    <mem type="tenure" free="3983200688" total="3991404544" percent="99">
      <mem type="soa" free="3783659952" total="3791835136" percent="99" />
      <mem type="loa" free="199540736" total="199569408" percent="99" />
    </mem>
    <remembered-set count="276" />
  </mem-info>
</gc-start>
<allocation-stats totalBytes="12328464" >
  <allocated-bytes non-tlh="2064" tlh="12326400" />
  <largest-consumer threadName="main" threadId="0000000001842F00" bytes="12328464" />
</allocation-stats>
<gc-op id="3216" type="scavenge" timems="6.347" contextid="3213" timestamp="2019-08-10T03:38:43.388">
  <scavenger-info tenureage="6" tenuremask="4240" tiltratio="86" />
  <memory-copied type="nursery" objects="2883" bytes="133872" bytesdiscarded="97832" />
  <memory-copied type="tenure" objects="2422" bytes="75416" bytesdiscarded="16" />
  <references type="soft" candidates="40" cleared="0" enqueued="0" dynamicThreshold="31" maxThreshold="32" />
  <references type="weak" candidates="150" cleared="0" enqueued="0" />
  <references type="phantom" candidates="1" cleared="0" enqueued="0" />
</gc-op>
<heap-resize id="3217" type="expand" space="nursery" amount="1048576" count="1" timems="0.017" reason="excessive time being spent scavenging" timestamp="2019-08-10T03:38:43.388" />
<gc-end id="3218" type="scavenge" contextid="3213" durationms="7.001" usertimems="14.547" systemtimems="0.000" timestamp="2019-08-10T03:38:43.389" activeThreads="16">
  <mem-info id="3219" free="3997354400" total="4007657472" percent="99">
    <mem type="nursery" free="14185968" total="16252928" percent="87">
      <mem type="allocate" free="14185968" total="14417920" percent="98" />
      <mem type="survivor" free="0" total="1835008" percent="0" />
    </mem>
    <mem type="tenure" free="3983168432" total="3991404544" percent="99" macro-fragmented="0">
      <mem type="soa" free="3783627696" total="3791835136" percent="99" />
      <mem type="loa" free="199540736" total="199569408" percent="99" />
    </mem>
    <remembered-set count="196" />
  </mem-info>
</gc-end>
<cycle-end id="3220" type="scavenge" contextid="3213" timestamp="2019-08-10T03:38:43.389" />
  <attribute name="elasticGC enabled" value="1" />
  <attribute name= "numThreadsSpecified" value="16" />
  <attribute name="heapSize specified" value="-91291648" />
  <attribute name="Current GC Util" value="38" />
  <attribute name= "Current Time Running" value="123528" />
  <attribute name ="GC Interval" value="200" />
  <attribute name="ProportionalT" value="-21.000000" />
  <attribute name="ProportionalI" value="-21.000000" />
  <attribute name="ProportionalH" value="-21.000000" />
  <attribute name="Current Error" value="-42.000000" />
  <attribute name="IntegralT" value="-861.000000" />
  <attribute name="IntegralI" value="-861.000000" />
  <attribute name="IntegralH" value="-861.000000" />
  <attribute name="DerivativeT" value="-1.024390" />
  <attribute name="DerivativeI" value="-1.024390" />
  <attribute name="DerivativeH" value="-1.024390" />
  <attribute name="Loop Time for DT" value="41.000000" />
  <attribute name="Output H" value="4203675648"/>
  <attribute name="Output I" value="200"/>
  <attribute name="Output T" value="16"/>
  <attribute name="Target GC Util Change" value ="80.000000" />
  <attribute name="Current GC Util Change" value="38.000000"/>
  <attribute name="GC Util currently" value="38" />
  <attribute name="CPU Util currently" value="28251619415" />
<allocation-satisfied id="3221" threadId="0000000001842F00" bytesRequested="200008" />
<af-end id="3222" timestamp="2019-08-10T03:38:43.389" threadId="0000000001843888" success="true" from="nursery"/>
<exclusive-end id="3223" timestamp="2019-08-10T03:38:43.389" durationms="7.263" />

<exclusive-start id="3224" timestamp="2019-08-10T03:38:43.429" intervalms="47.270">
  <response-info timems="0.074" idlems="0.074" threads="0" lastid="0000000001842F00" lastname="main" />
</exclusive-start>
<af-start id="3225" threadId="0000000001843888" totalBytesRequested="24" timestamp="2019-08-10T03:38:43.429" intervalms="47.488" type="nursery" />
<cycle-start id="3226" type="scavenge" contextid="0" timestamp="2019-08-10T03:38:43.429" intervalms="47.492" />
<gc-start id="3227" type="scavenge" contextid="3226" timestamp="2019-08-10T03:38:43.429">
  <mem-info id="3228" free="3983168000" total="4007657472" percent="99">
    <mem type="nursery" free="0" total="16252928" percent="0">
      <mem type="allocate" free="0" total="14417920" percent="0" />
      <mem type="survivor" free="0" total="1835008" percent="0" />
    </mem>
    <mem type="tenure" free="3983168000" total="3991404544" percent="99">
      <mem type="soa" free="3783627264" total="3791835136" percent="99" />
      <mem type="loa" free="199540736" total="199569408" percent="99" />
    </mem>
    <remembered-set count="203" />
  </mem-info>
</gc-start>
<allocation-stats totalBytes="14184728" >
  <allocated-bytes non-tlh="400448" tlh="13784280" />
  <largest-consumer threadName="main" threadId="0000000001842F00" bytes="14184728" />
</allocation-stats>
<gc-op id="3229" type="scavenge" timems="3.402" contextid="3226" timestamp="2019-08-10T03:38:43.433">
  <scavenger-info tenureage="14" tenuremask="4000" tiltratio="88" />
  <memory-copied type="nursery" objects="13518" bytes="843792" bytesdiscarded="127016" />
  <references type="soft" candidates="41" cleared="0" enqueued="0" dynamicThreshold="31" maxThreshold="32" />
  <references type="weak" candidates="156" cleared="0" enqueued="0" />
  <references type="phantom" candidates="1" cleared="0" enqueued="0" />
</gc-op>
<gc-end id="3230" type="scavenge" contextid="3226" durationms="4.075" usertimems="8.708" systemtimems="0.000" timestamp="2019-08-10T03:38:43.433" activeThreads="16">
  <mem-info id="3231" free="3996680368" total="4007657472" percent="99">
    <mem type="nursery" free="13512368" total="16252928" percent="83">
      <mem type="allocate" free="13512368" total="14483456" percent="93" />
      <mem type="survivor" free="0" total="1769472" percent="0" />
    </mem>
    <mem type="tenure" free="3983168000" total="3991404544" percent="99" macro-fragmented="3732887">
      <mem type="soa" free="3783627264" total="3791835136" percent="99" />
      <mem type="loa" free="199540736" total="199569408" percent="99" />
    </mem>
    <remembered-set count="198" />
  </mem-info>
</gc-end>
<cycle-end id="3232" type="scavenge" contextid="3226" timestamp="2019-08-10T03:38:43.433" />
  <attribute name="elasticGC enabled" value="1" />
  <attribute name= "numThreadsSpecified" value="16" />
  <attribute name="heapSize specified" value="-91291648" />
  <attribute name="Current GC Util" value="30" />
  <attribute name= "Current Time Running" value="123575" />
  <attribute name ="GC Interval" value="200" />
  <attribute name="ProportionalT" value="-25.000000" />
  <attribute name="ProportionalI" value="-25.000000" />
  <attribute name="ProportionalH" value="-25.000000" />
  <attribute name="Current Error" value="-50.000000" />
  <attribute name="IntegralT" value="-1175.000000" />
  <attribute name="IntegralI" value="-1175.000000" />
  <attribute name="IntegralH" value="-1175.000000" />
  <attribute name="DerivativeT" value="-1.063830" />
  <attribute name="DerivativeI" value="-1.063830" />
  <attribute name="DerivativeH" value="-1.063830" />
  <attribute name="Loop Time for DT" value="47.000000" />
  <attribute name="Output H" value="4203675648"/>
  <attribute name="Output I" value="200"/>
  <attribute name="Output T" value="16"/>
  <attribute name="Target GC Util Change" value ="80.000000" />
  <attribute name="Current GC Util Change" value="30.000000"/>
  <attribute name="GC Util currently" value="30" />
  <attribute name="CPU Util currently" value="24249249434" />
<allocation-satisfied id="3233" threadId="0000000001842F00" bytesRequested="24" />
<af-end id="3234" timestamp="2019-08-10T03:38:43.433" threadId="0000000001843888" success="true" from="nursery"/>
<exclusive-end id="3235" timestamp="2019-08-10T03:38:43.433" durationms="4.538" />

<exclusive-start id="3236" timestamp="2019-08-10T03:38:43.463" intervalms="34.762">
  <response-info timems="0.088" idlems="0.088" threads="0" lastid="0000000001842F00" lastname="main" />
</exclusive-start>
<af-start id="3237" threadId="0000000001843888" totalBytesRequested="32" timestamp="2019-08-10T03:38:43.464" intervalms="34.556" type="nursery" />
<cycle-start id="3238" type="scavenge" contextid="0" timestamp="2019-08-10T03:38:43.464" intervalms="34.560" />
<gc-start id="3239" type="scavenge" contextid="3238" timestamp="2019-08-10T03:38:43.464">
  <mem-info id="3240" free="3983168000" total="4007657472" percent="99">
    <mem type="nursery" free="0" total="16252928" percent="0">
      <mem type="allocate" free="0" total="14483456" percent="0" />
      <mem type="survivor" free="0" total="1769472" percent="0" />
    </mem>
    <mem type="tenure" free="3983168000" total="3991404544" percent="99">
      <mem type="soa" free="3783627264" total="3791835136" percent="99" />
      <mem type="loa" free="199540736" total="199569408" percent="99" />
    </mem>
    <remembered-set count="198" />
  </mem-info>
</gc-start>
<allocation-stats totalBytes="13510944" >
  <allocated-bytes non-tlh="24" tlh="13510920" />
  <largest-consumer threadName="main" threadId="0000000001842F00" bytes="13510944" />
</allocation-stats>
<gc-op id="3241" type="scavenge" timems="6.731" contextid="3238" timestamp="2019-08-10T03:38:43.470">
  <scavenger-info tenureage="14" tenuremask="4000" tiltratio="89" />
  <memory-copied type="nursery" objects="27896" bytes="1358176" bytesdiscarded="71896" />
  <references type="soft" candidates="41" cleared="0" enqueued="0" dynamicThreshold="31" maxThreshold="32" />
  <references type="weak" candidates="156" cleared="0" enqueued="0" />
  <references type="phantom" candidates="1" cleared="0" enqueued="0" />
</gc-op>
<heap-resize id="3242" type="expand" space="nursery" amount="1835008" count="1" timems="0.299" reason="excessive time being spent scavenging" timestamp="2019-08-10T03:38:43.472" />
<gc-end id="3243" type="scavenge" contextid="3238" durationms="8.649" usertimems="10.185" systemtimems="3.443" timestamp="2019-08-10T03:38:43.472" activeThreads="16">
  <mem-info id="3244" free="3997400752" total="4009492480" percent="99">
    <mem type="nursery" free="14232752" total="18087936" percent="78">
      <mem type="allocate" free="14232752" total="15663104" percent="90" />
      <mem type="survivor" free="0" total="2424832" percent="0" />
    </mem>
    <mem type="tenure" free="3983168000" total="3991404544" percent="99" macro-fragmented="3047">
      <mem type="soa" free="3783627264" total="3791835136" percent="99" />
      <mem type="loa" free="199540736" total="199569408" percent="99" />
    </mem>
    <remembered-set count="185" />
  </mem-info>
</gc-end>
<cycle-end id="3245" type="scavenge" contextid="3238" timestamp="2019-08-10T03:38:43.472" />
  <attribute name="elasticGC enabled" value="1" />
  <attribute name= "numThreadsSpecified" value="16" />
  <attribute name="heapSize specified" value="-91291648" />
  <attribute name="Current GC Util" value="24" />
  <attribute name= "Current Time Running" value="123610" />
  <attribute name ="GC Interval" value="200" />
  <attribute name="ProportionalT" value="-28.000000" />
  <attribute name="ProportionalI" value="-28.000000" />
  <attribute name="ProportionalH" value="-28.000000" />
  <attribute name="Current Error" value="-56.000000" />
  <attribute name="IntegralT" value="-980.000000" />
  <attribute name="IntegralI" value="-980.000000" />
  <attribute name="IntegralH" value="-980.000000" />
  <attribute name="DerivativeT" value="-1.600000" />
  <attribute name="DerivativeI" value="-1.600000" />
  <attribute name="DerivativeH" value="-1.600000" />
  <attribute name="Loop Time for DT" value="35.000000" />
  <attribute name="Output H" value="4203675648"/>
  <attribute name="Output I" value="200"/>
  <attribute name="Output T" value="16"/>
  <attribute name="Target GC Util Change" value ="80.000000" />
  <attribute name="Current GC Util Change" value="24.000000"/>
  <attribute name="GC Util currently" value="24" />
  <attribute name="CPU Util currently" value="33380225991" />
<allocation-satisfied id="3246" threadId="0000000001842F00" bytesRequested="32" />
<af-end id="3247" timestamp="2019-08-10T03:38:43.472" threadId="0000000001843888" success="true" from="nursery"/>
<exclusive-end id="3248" timestamp="2019-08-10T03:38:43.472" durationms="8.905" />

<exclusive-start id="3249" timestamp="2019-08-10T03:38:43.541" intervalms="77.704">
  <response-info timems="0.093" idlems="0.093" threads="0" lastid="0000000001842F00" lastname="main" />
</exclusive-start>
<af-start id="3250" threadId="0000000001843888" totalBytesRequested="24" timestamp="2019-08-10T03:38:43.541" intervalms="77.700" type="nursery" />
<cycle-start id="3251" type="scavenge" contextid="0" timestamp="2019-08-10T03:38:43.541" intervalms="77.700" />
<gc-start id="3252" type="scavenge" contextid="3251" timestamp="2019-08-10T03:38:43.541">
  <mem-info id="3253" free="3983166336" total="4009492480" percent="99">
    <mem type="nursery" free="0" total="18087936" percent="0">
      <mem type="allocate" free="0" total="15663104" percent="0" />
      <mem type="survivor" free="0" total="2424832" percent="0" />
    </mem>
    <mem type="tenure" free="3983166336" total="3991404544" percent="99">
      <mem type="soa" free="3783625600" total="3791835136" percent="99" />
      <mem type="loa" free="199540736" total="199569408" percent="99" />
    </mem>
    <remembered-set count="217" />
  </mem-info>
</gc-start>
<allocation-stats totalBytes="14232696" >
  <allocated-bytes non-tlh="601720" tlh="13630976" />
  <largest-consumer threadName="main" threadId="0000000001842F00" bytes="14232696" />
</allocation-stats>
<gc-op id="3254" type="scavenge" timems="7.014" contextid="3251" timestamp="2019-08-10T03:38:43.548">
  <scavenger-info tenureage="7" tenuremask="4180" tiltratio="86" />
  <memory-copied type="nursery" objects="9706" bytes="634832" bytesdiscarded="152264" />
  <memory-copied type="tenure" objects="1563" bytes="54544" bytesdiscarded="16" />
  <references type="soft" candidates="7" cleared="0" enqueued="0" dynamicThreshold="31" maxThreshold="32" />
  <references type="weak" candidates="54" cleared="0" enqueued="0" />
  <references type="phantom" candidates="1" cleared="0" enqueued="0" />
</gc-op>
<heap-resize id="3255" type="expand" space="nursery" amount="786432" count="1" timems="0.022" reason="excessive time being spent scavenging" timestamp="2019-08-10T03:38:43.548" />
<gc-end id="3256" type="scavenge" contextid="3251" durationms="7.437" usertimems="16.379" systemtimems="0.000" timestamp="2019-08-10T03:38:43.549" activeThreads="16">
  <mem-info id="3257" free="3998992912" total="4010278912" percent="99">
    <mem type="nursery" free="15858832" total="18874368" percent="84">
      <mem type="allocate" free="15858832" total="16646144" percent="95" />
      <mem type="survivor" free="0" total="2228224" percent="0" />
    </mem>
    <mem type="tenure" free="3983134080" total="3991404544" percent="99" macro-fragmented="1800196">
      <mem type="soa" free="3783593344" total="3791835136" percent="99" />
      <mem type="loa" free="199540736" total="199569408" percent="99" />
    </mem>
    <remembered-set count="185" />
  </mem-info>
</gc-end>
<cycle-end id="3258" type="scavenge" contextid="3251" timestamp="2019-08-10T03:38:43.549" />
  <attribute name="elasticGC enabled" value="1" />
  <attribute name= "numThreadsSpecified" value="16" />
  <attribute name="heapSize specified" value="-91291648" />
  <attribute name="Current GC Util" value="15" />
  <attribute name= "Current Time Running" value="123687" />
  <attribute name ="GC Interval" value="200" />
  <attribute name="ProportionalT" value="-32.500000" />
  <attribute name="ProportionalI" value="-32.500000" />
  <attribute name="ProportionalH" value="-32.500000" />
  <attribute name="Current Error" value="-65.000000" />
  <attribute name="IntegralT" value="-2502.500000" />
  <attribute name="IntegralI" value="-2502.500000" />
  <attribute name="IntegralH" value="-2502.500000" />
  <attribute name="DerivativeT" value="-0.844156" />
  <attribute name="DerivativeI" value="-0.844156" />
  <attribute name="DerivativeH" value="-0.844156" />
  <attribute name="Loop Time for DT" value="77.000000" />
  <attribute name="Output H" value="4203675648"/>
  <attribute name="Output I" value="200"/>
  <attribute name="Output T" value="16"/>
  <attribute name="Target GC Util Change" value ="80.000000" />
  <attribute name="Current GC Util Change" value="15.000000"/>
  <attribute name="GC Util currently" value="15" />
  <attribute name="CPU Util currently" value="14846330230" />
<allocation-satisfied id="3259" threadId="0000000001842F00" bytesRequested="24" />
<af-end id="3260" timestamp="2019-08-10T03:38:43.549" threadId="0000000001843888" success="true" from="nursery"/>
<exclusive-end id="3261" timestamp="2019-08-10T03:38:43.549" durationms="7.793" />

<exclusive-start id="3262" timestamp="2019-08-10T03:38:43.601" intervalms="59.883">
  <response-info timems="0.068" idlems="0.068" threads="0" lastid="0000000001842F00" lastname="main" />
</exclusive-start>
<af-start id="3263" threadId="0000000001843888" totalBytesRequested="24" timestamp="2019-08-10T03:38:43.601" intervalms="59.885" type="nursery" />
<cycle-start id="3264" type="scavenge" contextid="0" timestamp="2019-08-10T03:38:43.601" intervalms="59.882" />
<gc-start id="3265" type="scavenge" contextid="3264" timestamp="2019-08-10T03:38:43.601">
  <mem-info id="3266" free="3983133656" total="4010278912" percent="99">
    <mem type="nursery" free="0" total="18874368" percent="0">
      <mem type="allocate" free="0" total="16646144" percent="0" />
      <mem type="survivor" free="0" total="2228224" percent="0" />
    </mem>
    <mem type="tenure" free="3983133656" total="3991404544" percent="99">
      <mem type="soa" free="3783592920" total="3791835136" percent="99" />
      <mem type="loa" free="199540736" total="199569408" percent="99" />
    </mem>
    <remembered-set count="194" />
  </mem-info>
</gc-start>
<allocation-stats totalBytes="15857232" >
  <allocated-bytes non-tlh="200456" tlh="15656776" />
  <largest-consumer threadName="main" threadId="0000000001842F00" bytes="15857232" />
</allocation-stats>
<gc-op id="3267" type="scavenge" timems="3.459" contextid="3264" timestamp="2019-08-10T03:38:43.605">
  <scavenger-info tenureage="14" tenuremask="4000" tiltratio="88" />
  <memory-copied type="nursery" objects="16424" bytes="925960" bytesdiscarded="92352" />
  <memory-copied type="tenure" objects="13" bytes="504" bytesdiscarded="0" />
  <references type="soft" candidates="8" cleared="0" enqueued="0" dynamicThreshold="31" maxThreshold="32" />
  <references type="weak" candidates="51" cleared="0" enqueued="0" />
  <references type="phantom" candidates="1" cleared="0" enqueued="0" />
</gc-op>
<gc-end id="3268" type="scavenge" contextid="3264" durationms="3.969" usertimems="10.750" systemtimems="0.000" timestamp="2019-08-10T03:38:43.605" activeThreads="16">
  <mem-info id="3269" free="3999023400" total="4010278912" percent="99">
    <mem type="nursery" free="15889744" total="18874368" percent="84">
      <mem type="allocate" free="15889744" total="16908288" percent="93" />
      <mem type="survivor" free="0" total="1966080" percent="0" />
    </mem>
    <mem type="tenure" free="3983133656" total="3991404544" percent="99" macro-fragmented="0">
      <mem type="soa" free="3783592920" total="3791835136" percent="99" />
      <mem type="loa" free="199540736" total="199569408" percent="99" />
    </mem>
    <remembered-set count="152" />
  </mem-info>
</gc-end>
<cycle-end id="3270" type="scavenge" contextid="3264" timestamp="2019-08-10T03:38:43.605" />
  <attribute name="elasticGC enabled" value="1" />
  <attribute name= "numThreadsSpecified" value="16" />
  <attribute name="heapSize specified" value="-91291648" />
  <attribute name="Current GC Util" value="18" />
  <attribute name= "Current Time Running" value="123747" />
  <attribute name ="GC Interval" value="200" />
  <attribute name="ProportionalT" value="-31.000000" />
  <attribute name="ProportionalI" value="-31.000000" />
  <attribute name="ProportionalH" value="-31.000000" />
  <attribute name="Current Error" value="-62.000000" />
  <attribute name="IntegralT" value="-1860.000000" />
  <attribute name="IntegralI" value="-1860.000000" />
  <attribute name="IntegralH" value="-1860.000000" />
  <attribute name="DerivativeT" value="-1.033333" />
  <attribute name="DerivativeI" value="-1.033333" />
  <attribute name="DerivativeH" value="-1.033333" />
  <attribute name="Loop Time for DT" value="60.000000" />
  <attribute name="Output H" value="4203675648"/>
  <attribute name="Output I" value="200"/>
  <attribute name="Output T" value="16"/>
  <attribute name="Target GC Util Change" value ="80.000000" />
  <attribute name="Current GC Util Change" value="18.000000"/>
  <attribute name="GC Util currently" value="18" />
  <attribute name="CPU Util currently" value="19233116837" />
<allocation-satisfied id="3271" threadId="0000000001842F00" bytesRequested="24" />
<af-end id="3272" timestamp="2019-08-10T03:38:43.605" threadId="0000000001843888" success="true" from="nursery"/>
<exclusive-end id="3273" timestamp="2019-08-10T03:38:43.605" durationms="4.265" />

<exclusive-start id="3274" timestamp="2019-08-10T03:38:43.665" intervalms="63.477">
  <response-info timems="0.091" idlems="0.091" threads="0" lastid="0000000001842F00" lastname="main" />
</exclusive-start>
<af-start id="3275" threadId="0000000001843888" totalBytesRequested="32" timestamp="2019-08-10T03:38:43.665" intervalms="63.483" type="nursery" />
<cycle-start id="3276" type="scavenge" contextid="0" timestamp="2019-08-10T03:38:43.665" intervalms="63.485" />
<gc-start id="3277" type="scavenge" contextid="3276" timestamp="2019-08-10T03:38:43.665">
  <mem-info id="3278" free="3983133296" total="4010278912" percent="99">
    <mem type="nursery" free="0" total="18874368" percent="0">
      <mem type="allocate" free="0" total="16908288" percent="0" />
      <mem type="survivor" free="0" total="1966080" percent="0" />
    </mem>
    <mem type="tenure" free="3983133296" total="3991404544" percent="99">
      <mem type="soa" free="3783592560" total="3791835136" percent="99" />
      <mem type="loa" free="199540736" total="199569408" percent="99" />
    </mem>
    <remembered-set count="159" />
  </mem-info>
</gc-start>
<allocation-stats totalBytes="15888272" >
  <allocated-bytes non-tlh="200392" tlh="15687880" />
  <largest-consumer threadName="main" threadId="0000000001842F00" bytes="15888272" />
</allocation-stats>
<gc-op id="3279" type="scavenge" timems="10.382" contextid="3276" timestamp="2019-08-10T03:38:43.675">
  <scavenger-info tenureage="14" tenuremask="4000" tiltratio="89" />
  <memory-copied type="nursery" objects="15829" bytes="902456" bytesdiscarded="82640" />
  <references type="soft" candidates="9" cleared="0" enqueued="0" dynamicThreshold="31" maxThreshold="32" />
  <references type="weak" candidates="55" cleared="0" enqueued="0" />
  <references type="phantom" candidates="1" cleared="0" enqueued="0" />
</gc-op>
<heap-resize id="3280" type="expand" space="nursery" amount="1441792" count="1" timems="0.021" reason="excessive time being spent scavenging" timestamp="2019-08-10T03:38:43.675" />
<gc-end id="3281" type="scavenge" contextid="3276" durationms="11.171" usertimems="17.977" systemtimems="0.000" timestamp="2019-08-10T03:38:43.676" activeThreads="16">
  <mem-info id="3282" free="4000366952" total="4011720704" percent="99">
    <mem type="nursery" free="17233656" total="20316160" percent="84">
      <mem type="allocate" free="17233656" total="18219008" percent="94" />
      <mem type="survivor" free="0" total="2097152" percent="0" />
    </mem>
    <mem type="tenure" free="3983133296" total="3991404544" percent="99" macro-fragmented="1500163">
      <mem type="soa" free="3783592560" total="3791835136" percent="99" />
      <mem type="loa" free="199540736" total="199569408" percent="99" />
    </mem>
    <remembered-set count="131" />
  </mem-info>
</gc-end>
<cycle-end id="3283" type="scavenge" contextid="3276" timestamp="2019-08-10T03:38:43.676" />
  <attribute name="elasticGC enabled" value="1" />
  <attribute name= "numThreadsSpecified" value="16" />
  <attribute name="heapSize specified" value="-91291648" />
  <attribute name="Current GC Util" value="13" />
  <attribute name= "Current Time Running" value="123811" />
  <attribute name ="GC Interval" value="200" />
  <attribute name="ProportionalT" value="-33.500000" />
  <attribute name="ProportionalI" value="-33.500000" />
  <attribute name="ProportionalH" value="-33.500000" />
  <attribute name="Current Error" value="-67.000000" />
  <attribute name="IntegralT" value="-2144.000000" />
  <attribute name="IntegralI" value="-2144.000000" />
  <attribute name="IntegralH" value="-2144.000000" />
  <attribute name="DerivativeT" value="-1.046875" />
  <attribute name="DerivativeI" value="-1.046875" />
  <attribute name="DerivativeH" value="-1.046875" />
  <attribute name="Loop Time for DT" value="64.000000" />
  <attribute name="Output H" value="4203675648"/>
  <attribute name="Output I" value="200"/>
  <attribute name="Output T" value="16"/>
  <attribute name="Target GC Util Change" value ="80.000000" />
  <attribute name="Current GC Util Change" value="13.000000"/>
  <attribute name="GC Util currently" value="13" />
  <attribute name="CPU Util currently" value="18157545080" />
<allocation-satisfied id="3284" threadId="0000000001842F00" bytesRequested="32" />
<af-end id="3285" timestamp="2019-08-10T03:38:43.676" threadId="0000000001843888" success="true" from="nursery"/>
<exclusive-end id="3286" timestamp="2019-08-10T03:38:43.676" durationms="11.625" />

<exclusive-start id="3287" timestamp="2019-08-10T03:38:43.765" intervalms="100.590">
  <response-info timems="0.100" idlems="0.100" threads="0" lastid="0000000001842F00" lastname="main" />
</exclusive-start>
<af-start id="3288" threadId="0000000001843888" totalBytesRequested="32" timestamp="2019-08-10T03:38:43.766" intervalms="100.964" type="nursery" />
<cycle-start id="3289" type="scavenge" contextid="0" timestamp="2019-08-10T03:38:43.766" intervalms="100.987" />
<gc-start id="3290" type="scavenge" contextid="3289" timestamp="2019-08-10T03:38:43.766">
  <mem-info id="3291" free="3983130928" total="4011720704" percent="99">
    <mem type="nursery" free="0" total="20316160" percent="0">
      <mem type="allocate" free="0" total="18219008" percent="0" />
      <mem type="survivor" free="0" total="2097152" percent="0" />
    </mem>
    <mem type="tenure" free="3983130928" total="3991404544" percent="99">
      <mem type="soa" free="3783590192" total="3791835136" percent="99" />
      <mem type="loa" free="199540736" total="199569408" percent="99" />
    </mem>
    <remembered-set count="175" />
  </mem-info>
</gc-start>
<allocation-stats totalBytes="17232776" >
  <allocated-bytes non-tlh="1002440" tlh="16230336" />
  <largest-consumer threadName="main" threadId="0000000001842F00" bytes="17232776" />
</allocation-stats>
<gc-op id="3292" type="scavenge" timems="4.699" contextid="3289" timestamp="2019-08-10T03:38:43.770">
  <scavenger-info tenureage="7" tenuremask="4080" tiltratio="89" />
  <memory-copied type="nursery" objects="11667" bytes="757280" bytesdiscarded="63352" />
  <memory-copied type="tenure" objects="827" bytes="25352" bytesdiscarded="40" />
  <references type="soft" candidates="13" cleared="0" enqueued="0" dynamicThreshold="31" maxThreshold="32" />
  <references type="weak" candidates="63" cleared="0" enqueued="0" />
  <references type="phantom" candidates="1" cleared="0" enqueued="0" />
</gc-op>
<gc-end id="3293" type="scavenge" contextid="3289" durationms="5.202" usertimems="7.408" systemtimems="0.000" timestamp="2019-08-10T03:38:43.771" activeThreads="16">
  <mem-info id="3294" free="4000562232" total="4011720704" percent="99">
    <mem type="nursery" free="17463560" total="20316160" percent="85">
      <mem type="allocate" free="17463560" total="18284544" percent="95" />
      <mem type="survivor" free="0" total="2031616" percent="0" />
    </mem>
    <mem type="tenure" free="3983098672" total="3991404544" percent="99" macro-fragmented="0">
      <mem type="soa" free="3783557936" total="3791835136" percent="99" />
      <mem type="loa" free="199540736" total="199569408" percent="99" />
    </mem>
    <remembered-set count="221" />
  </mem-info>
</gc-end>
<cycle-end id="3295" type="scavenge" contextid="3289" timestamp="2019-08-10T03:38:43.771" />
  <attribute name="elasticGC enabled" value="1" />
  <attribute name= "numThreadsSpecified" value="16" />
  <attribute name="heapSize specified" value="-91291648" />
  <attribute name="Current GC Util" value="15" />
  <attribute name= "Current Time Running" value="123912" />
  <attribute name ="GC Interval" value="200" />
  <attribute name="ProportionalT" value="-32.500000" />
  <attribute name="ProportionalI" value="-32.500000" />
  <attribute name="ProportionalH" value="-32.500000" />
  <attribute name="Current Error" value="-65.000000" />
  <attribute name="IntegralT" value="-3282.500000" />
  <attribute name="IntegralI" value="-3282.500000" />
  <attribute name="IntegralH" value="-3282.500000" />
  <attribute name="DerivativeT" value="-0.643564" />
  <attribute name="DerivativeI" value="-0.643564" />
  <attribute name="DerivativeH" value="-0.643564" />
  <attribute name="Loop Time for DT" value="101.000000" />
  <attribute name="Output H" value="4203675648"/>
  <attribute name="Output I" value="200"/>
  <attribute name="Output T" value="16"/>
  <attribute name="Target GC Util Change" value ="80.000000" />
  <attribute name="Current GC Util Change" value="15.000000"/>
  <attribute name="GC Util currently" value="15" />
  <attribute name="CPU Util currently" value="11406562375" />
<allocation-satisfied id="3296" threadId="0000000001842F00" bytesRequested="32" />
<af-end id="3297" timestamp="2019-08-10T03:38:43.771" threadId="0000000001843888" success="true" from="nursery"/>
<exclusive-end id="3298" timestamp="2019-08-10T03:38:43.771" durationms="5.941" />

<exclusive-start id="3299" timestamp="2019-08-10T03:38:43.834" intervalms="68.589">
  <response-info timems="0.188" idlems="0.188" threads="0" lastid="0000000001842F00" lastname="main" />
</exclusive-start>
<af-start id="3300" threadId="0000000001843888" totalBytesRequested="24" timestamp="2019-08-10T03:38:43.834" intervalms="68.200" type="nursery" />
<cycle-start id="3301" type="scavenge" contextid="0" timestamp="2019-08-10T03:38:43.834" intervalms="68.294" />
<gc-start id="3302" type="scavenge" contextid="3301" timestamp="2019-08-10T03:38:43.834">
  <mem-info id="3303" free="3983097512" total="4011720704" percent="99">
    <mem type="nursery" free="0" total="20316160" percent="0">
      <mem type="allocate" free="0" total="18284544" percent="0" />
      <mem type="survivor" free="0" total="2031616" percent="0" />
    </mem>
    <mem type="tenure" free="3983097512" total="3991404544" percent="99">
      <mem type="soa" free="3783556776" total="3791835136" percent="99" />
      <mem type="loa" free="199540736" total="199569408" percent="99" />
    </mem>
    <remembered-set count="246" />
  </mem-info>
</gc-start>
<allocation-stats totalBytes="17462112" >
  <allocated-bytes non-tlh="266744" tlh="17195368" />
  <largest-consumer threadName="main" threadId="0000000001842F00" bytes="17462112" />
</allocation-stats>
<gc-op id="3304" type="scavenge" timems="4.352" contextid="3301" timestamp="2019-08-10T03:38:43.838">
  <scavenger-info tenureage="14" tenuremask="4000" tiltratio="90" />
  <memory-copied type="nursery" objects="14619" bytes="930280" bytesdiscarded="172024" />
  <references type="soft" candidates="14" cleared="0" enqueued="0" dynamicThreshold="31" maxThreshold="32" />
  <references type="weak" candidates="79" cleared="0" enqueued="0" />
  <references type="phantom" candidates="1" cleared="0" enqueued="0" />
</gc-op>
<gc-end id="3305" type="scavenge" contextid="3301" durationms="4.769" usertimems="15.767" systemtimems="0.000" timestamp="2019-08-10T03:38:43.839" activeThreads="16">
  <mem-info id="3306" free="4000279376" total="4011720704" percent="99">
    <mem type="nursery" free="17181864" total="20316160" percent="84">
      <mem type="allocate" free="17181864" total="18284544" percent="93" />
      <mem type="survivor" free="0" total="2031616" percent="0" />
    </mem>
    <mem type="tenure" free="3983097512" total="3991404544" percent="99" macro-fragmented="0">
      <mem type="soa" free="3783556776" total="3791835136" percent="99" />
      <mem type="loa" free="199540736" total="199569408" percent="99" />
    </mem>
    <remembered-set count="240" />
  </mem-info>
</gc-end>
<cycle-end id="3307" type="scavenge" contextid="3301" timestamp="2019-08-10T03:38:43.839" />
  <attribute name="elasticGC enabled" value="1" />
  <attribute name= "numThreadsSpecified" value="16" />
  <attribute name="heapSize specified" value="-91291648" />
  <attribute name="Current GC Util" value="11" />
  <attribute name= "Current Time Running" value="123980" />
  <attribute name ="GC Interval" value="200" />
  <attribute name="ProportionalT" value="-34.500000" />
  <attribute name="ProportionalI" value="-34.500000" />
  <attribute name="ProportionalH" value="-34.500000" />
  <attribute name="Current Error" value="-69.000000" />
  <attribute name="IntegralT" value="-2346.000000" />
  <attribute name="IntegralI" value="-2346.000000" />
  <attribute name="IntegralH" value="-2346.000000" />
  <attribute name="DerivativeT" value="-1.014706" />
  <attribute name="DerivativeI" value="-1.014706" />
  <attribute name="DerivativeH" value="-1.014706" />
  <attribute name="Loop Time for DT" value="68.000000" />
  <attribute name="Output H" value="4203675648"/>
  <attribute name="Output I" value="200"/>
  <attribute name="Output T" value="16"/>
  <attribute name="Target GC Util Change" value ="80.000000" />
  <attribute name="Current GC Util Change" value="11.000000"/>
  <attribute name="GC Util currently" value="11" />
  <attribute name="CPU Util currently" value="16911645220" />
<allocation-satisfied id="3308" threadId="0000000001842F00" bytesRequested="24" />
<af-end id="3309" timestamp="2019-08-10T03:38:43.839" threadId="0000000001843888" success="true" from="nursery"/>
<exclusive-end id="3310" timestamp="2019-08-10T03:38:43.839" durationms="5.223" />

<exclusive-start id="3311" timestamp="2019-08-10T03:38:43.920" intervalms="86.760">
  <response-info timems="0.070" idlems="0.070" threads="0" lastid="0000000001842F00" lastname="main" />
</exclusive-start>
<af-start id="3312" threadId="0000000001843888" totalBytesRequested="24" timestamp="2019-08-10T03:38:43.921" intervalms="86.870" type="nursery" />
<cycle-start id="3313" type="scavenge" contextid="0" timestamp="2019-08-10T03:38:43.921" intervalms="86.746" />
<gc-start id="3314" type="scavenge" contextid="3313" timestamp="2019-08-10T03:38:43.921">
  <mem-info id="3315" free="3983096904" total="4011720704" percent="99">
    <mem type="nursery" free="0" total="20316160" percent="0">
      <mem type="allocate" free="0" total="18284544" percent="0" />
      <mem type="survivor" free="0" total="2031616" percent="0" />
    </mem>
    <mem type="tenure" free="3983096904" total="3991404544" percent="99">
      <mem type="soa" free="3783556168" total="3791835136" percent="99" />
      <mem type="loa" free="199540736" total="199569408" percent="99" />
    </mem>
    <remembered-set count="251" />
  </mem-info>
</gc-start>
<allocation-stats totalBytes="17180360" >
  <allocated-bytes non-tlh="200640" tlh="16979720" />
  <largest-consumer threadName="main" threadId="0000000001842F00" bytes="17180360" />
</allocation-stats>
<gc-op id="3316" type="scavenge" timems="6.168" contextid="3313" timestamp="2019-08-10T03:38:43.927">
  <scavenger-info tenureage="10" tenuremask="4400" tiltratio="90" />
  <memory-copied type="nursery" objects="10793" bytes="722904" bytesdiscarded="98992" />
  <memory-copied type="tenure" objects="139" bytes="4904" bytesdiscarded="0" />
  <references type="soft" candidates="14" cleared="0" enqueued="0" dynamicThreshold="31" maxThreshold="32" />
  <references type="weak" candidates="87" cleared="0" enqueued="0" />
  <references type="phantom" candidates="1" cleared="0" enqueued="0" />
</gc-op>
<heap-resize id="3317" type="expand" space="nursery" amount="917504" count="1" timems="0.036" reason="excessive time being spent scavenging" timestamp="2019-08-10T03:38:43.927" />
<gc-end id="3318" type="scavenge" contextid="3313" durationms="6.657" usertimems="19.204" systemtimems="0.000" timestamp="2019-08-10T03:38:43.927" activeThreads="16">
  <mem-info id="3319" free="4001345608" total="4012638208" percent="99">
    <mem type="nursery" free="18248704" total="21233664" percent="85">
      <mem type="allocate" free="18248704" total="19070976" percent="95" />
      <mem type="survivor" free="0" total="2162688" percent="0" />
    </mem>
    <mem type="tenure" free="3983096904" total="3991404544" percent="99" macro-fragmented="0">
      <mem type="soa" free="3783556168" total="3791835136" percent="99" />
      <mem type="loa" free="199540736" total="199569408" percent="99" />
    </mem>
    <remembered-set count="159" />
  </mem-info>
</gc-end>
<cycle-end id="3320" type="scavenge" contextid="3313" timestamp="2019-08-10T03:38:43.927" />
  <attribute name="elasticGC enabled" value="1" />
  <attribute name= "numThreadsSpecified" value="16" />
  <attribute name="heapSize specified" value="-91291648" />
  <attribute name="Current GC Util" value="9" />
  <attribute name= "Current Time Running" value="124067" />
  <attribute name ="GC Interval" value="200" />
  <attribute name="ProportionalT" value="-35.500000" />
  <attribute name="ProportionalI" value="-35.500000" />
  <attribute name="ProportionalH" value="-35.500000" />
  <attribute name="Current Error" value="-71.000000" />
  <attribute name="IntegralT" value="-3088.500000" />
  <attribute name="IntegralI" value="-3088.500000" />
  <attribute name="IntegralH" value="-3088.500000" />
  <attribute name="DerivativeT" value="-0.816092" />
  <attribute name="DerivativeI" value="-0.816092" />
  <attribute name="DerivativeH" value="-0.816092" />
  <attribute name="Loop Time for DT" value="87.000000" />
  <attribute name="Output H" value="4203675648"/>
  <attribute name="Output I" value="200"/>
  <attribute name="Output T" value="16"/>
  <attribute name="Target GC Util Change" value ="80.000000" />
  <attribute name="Current GC Util Change" value="9.000000"/>
  <attribute name="GC Util currently" value="9" />
  <attribute name="CPU Util currently" value="13294397937" />
<allocation-satisfied id="3321" threadId="0000000001842F00" bytesRequested="24" />
<af-end id="3322" timestamp="2019-08-10T03:38:43.928" threadId="0000000001843888" success="true" from="nursery"/>
<exclusive-end id="3323" timestamp="2019-08-10T03:38:43.928" durationms="7.114" />

<exclusive-start id="3324" timestamp="2019-08-10T03:38:44.005" intervalms="84.815">
  <response-info timems="0.071" idlems="0.071" threads="0" lastid="0000000001842F00" lastname="main" />
</exclusive-start>
<af-start id="3325" threadId="0000000001843888" totalBytesRequested="32" timestamp="2019-08-10T03:38:44.005" intervalms="84.719" type="nursery" />
<cycle-start id="3326" type="scavenge" contextid="0" timestamp="2019-08-10T03:38:44.005" intervalms="84.725" />
<gc-start id="3327" type="scavenge" contextid="3326" timestamp="2019-08-10T03:38:44.005">
  <mem-info id="3328" free="3983093040" total="4012638208" percent="99">
    <mem type="nursery" free="0" total="21233664" percent="0">
      <mem type="allocate" free="0" total="19070976" percent="0" />
      <mem type="survivor" free="0" total="2162688" percent="0" />
    </mem>
    <mem type="tenure" free="3983093040" total="3991404544" percent="99">
      <mem type="soa" free="3783552304" total="3791835136" percent="99" />
      <mem type="loa" free="199540736" total="199569408" percent="99" />
    </mem>
    <remembered-set count="231" />
  </mem-info>
</gc-start>
<allocation-stats totalBytes="18250440" >
  <allocated-bytes non-tlh="403904" tlh="17846536" />
  <largest-consumer threadName="main" threadId="0000000001842F00" bytes="18250440" />
</allocation-stats>
<gc-op id="3329" type="scavenge" timems="4.353" contextid="3326" timestamp="2019-08-10T03:38:44.010">
  <scavenger-info tenureage="14" tenuremask="4000" tiltratio="89" />
  <memory-copied type="nursery" objects="5117" bytes="430448" bytesdiscarded="58176" />
  <references type="soft" candidates="16" cleared="0" enqueued="0" dynamicThreshold="31" maxThreshold="32" />
  <references type="weak" candidates="87" cleared="0" enqueued="0" />
  <references type="phantom" candidates="1" cleared="0" enqueued="0" />
</gc-op>
<gc-end id="3330" type="scavenge" contextid="3326" durationms="4.693" usertimems="6.720" systemtimems="0.000" timestamp="2019-08-10T03:38:44.010" activeThreads="16">
  <mem-info id="3331" free="4001674968" total="4012638208" percent="99">
    <mem type="nursery" free="18581928" total="21233664" percent="87">
      <mem type="allocate" free="18581928" total="19070976" percent="97" />
      <mem type="survivor" free="0" total="2162688" percent="0" />
    </mem>
    <mem type="tenure" free="3983093040" total="3991404544" percent="99" macro-fragmented="0">
      <mem type="soa" free="3783552304" total="3791835136" percent="99" />
      <mem type="loa" free="199540736" total="199569408" percent="99" />
    </mem>
    <remembered-set count="208" />
  </mem-info>
</gc-end>
<cycle-end id="3332" type="scavenge" contextid="3326" timestamp="2019-08-10T03:38:44.010" />
  <attribute name="elasticGC enabled" value="1" />
  <attribute name= "numThreadsSpecified" value="16" />
  <attribute name="heapSize specified" value="-91291648" />
  <attribute name="Current GC Util" value="8" />
  <attribute name= "Current Time Running" value="124152" />
  <attribute name ="GC Interval" value="200" />
  <attribute name="ProportionalT" value="-36.000000" />
  <attribute name="ProportionalI" value="-36.000000" />
  <attribute name="ProportionalH" value="-36.000000" />
  <attribute name="Current Error" value="-72.000000" />
  <attribute name="IntegralT" value="-3060.000000" />
  <attribute name="IntegralI" value="-3060.000000" />
  <attribute name="IntegralH" value="-3060.000000" />
  <attribute name="DerivativeT" value="-0.847059" />
  <attribute name="DerivativeI" value="-0.847059" />
  <attribute name="DerivativeH" value="-0.847059" />
  <attribute name="Loop Time for DT" value="85.000000" />
  <attribute name="Output H" value="4203675648"/>
  <attribute name="Output I" value="200"/>
  <attribute name="Output T" value="16"/>
  <attribute name="Target GC Util Change" value ="80.000000" />
  <attribute name="Current GC Util Change" value="8.000000"/>
  <attribute name="GC Util currently" value="8" />
  <attribute name="CPU Util currently" value="13601564580" />
<allocation-satisfied id="3333" threadId="0000000001842F00" bytesRequested="32" />
<af-end id="3334" timestamp="2019-08-10T03:38:44.010" threadId="0000000001843888" success="true" from="nursery"/>
<exclusive-end id="3335" timestamp="2019-08-10T03:38:44.010" durationms="4.972" />

<exclusive-start id="3336" timestamp="2019-08-10T03:38:44.132" intervalms="126.836">
  <response-info timems="0.192" idlems="0.192" threads="0" lastid="0000000001842F00" lastname="main" />
</exclusive-start>
<af-start id="3337" threadId="0000000001843888" totalBytesRequested="48" timestamp="2019-08-10T03:38:44.132" intervalms="126.822" type="nursery" />
<cycle-start id="3338" type="scavenge" contextid="0" timestamp="2019-08-10T03:38:44.132" intervalms="126.817" />
<gc-start id="3339" type="scavenge" contextid="3338" timestamp="2019-08-10T03:38:44.132">
  <mem-info id="3340" free="3983044480" total="4012638208" percent="99">
    <mem type="nursery" free="0" total="21233664" percent="0">
      <mem type="allocate" free="0" total="19070976" percent="0" />
      <mem type="survivor" free="0" total="2162688" percent="0" />
    </mem>
    <mem type="tenure" free="3983044480" total="3991404544" percent="99">
      <mem type="soa" free="3783503744" total="3791835136" percent="99" />
      <mem type="loa" free="199540736" total="199569408" percent="99" />
    </mem>
    <remembered-set count="846" />
  </mem-info>
</gc-start>
<allocation-stats totalBytes="18624888" >
  <allocated-bytes non-tlh="448608" tlh="18176280" />
  <largest-consumer threadName="main" threadId="0000000001842F00" bytes="18624888" />
</allocation-stats>
<gc-op id="3341" type="scavenge" timems="5.096" contextid="3338" timestamp="2019-08-10T03:38:44.137">
  <scavenger-info tenureage="14" tenuremask="4000" tiltratio="89" />
  <memory-copied type="nursery" objects="19653" bytes="835248" bytesdiscarded="35464" />
  <references type="soft" candidates="792" cleared="0" enqueued="0" dynamicThreshold="31" maxThreshold="32" />
  <references type="weak" candidates="187" cleared="20" enqueued="20" />
</gc-op>
<gc-end id="3342" type="scavenge" contextid="3338" durationms="5.416" usertimems="12.877" systemtimems="0.000" timestamp="2019-08-10T03:38:44.138" activeThreads="16">
  <mem-info id="3343" free="4001244024" total="4012638208" percent="99">
    <mem type="nursery" free="18199544" total="21233664" percent="85">
      <mem type="allocate" free="18199544" total="19070976" percent="95" />
      <mem type="survivor" free="0" total="2162688" percent="0" />
    </mem>
    <mem type="tenure" free="3983044480" total="3991404544" percent="99" macro-fragmented="4479464">
      <mem type="soa" free="3783503744" total="3791835136" percent="99" />
      <mem type="loa" free="199540736" total="199569408" percent="99" />
    </mem>
    <pending-finalizers system="0" default="0" reference="20" classloader="0" />
    <remembered-set count="832" />
  </mem-info>
</gc-end>
<cycle-end id="3344" type="scavenge" contextid="3338" timestamp="2019-08-10T03:38:44.138" />
  <attribute name="elasticGC enabled" value="1" />
  <attribute name= "numThreadsSpecified" value="16" />
  <attribute name="heapSize specified" value="-91291648" />
  <attribute name="Current GC Util" value="5" />
  <attribute name= "Current Time Running" value="124278" />
  <attribute name ="GC Interval" value="200" />
  <attribute name="ProportionalT" value="-37.500000" />
  <attribute name="ProportionalI" value="-37.500000" />
  <attribute name="ProportionalH" value="-37.500000" />
  <attribute name="Current Error" value="-75.000000" />
  <attribute name="IntegralT" value="-4725.000000" />
  <attribute name="IntegralI" value="-4725.000000" />
  <attribute name="IntegralH" value="-4725.000000" />
  <attribute name="DerivativeT" value="-0.595238" />
  <attribute name="DerivativeI" value="-0.595238" />
  <attribute name="DerivativeH" value="-0.595238" />
  <attribute name="Loop Time for DT" value="126.000000" />
  <attribute name="Output H" value="4203675648"/>
  <attribute name="Output I" value="200"/>
  <attribute name="Output T" value="16"/>
  <attribute name="Target GC Util Change" value ="80.000000" />
  <attribute name="Current GC Util Change" value="5.000000"/>
  <attribute name="GC Util currently" value="5" />
  <attribute name="CPU Util currently" value="9092968687" />
<allocation-satisfied id="3345" threadId="0000000001842F00" bytesRequested="48" />
<af-end id="3346" timestamp="2019-08-10T03:38:44.138" threadId="0000000001843888" success="true" from="nursery"/>
<exclusive-end id="3347" timestamp="2019-08-10T03:38:44.138" durationms="5.648" />

<exclusive-start id="3348" timestamp="2019-08-10T03:38:44.494" intervalms="362.244">
  <response-info timems="0.071" idlems="0.071" threads="0" lastid="0000000001842F00" lastname="main" />
</exclusive-start>
<af-start id="3349" threadId="0000000001843888" totalBytesRequested="16" timestamp="2019-08-10T03:38:44.495" intervalms="363.320" type="nursery" />
<cycle-start id="3350" type="scavenge" contextid="0" timestamp="2019-08-10T03:38:44.496" intervalms="363.333" />
<gc-start id="3351" type="scavenge" contextid="3350" timestamp="2019-08-10T03:38:44.496">
  <mem-info id="3352" free="3983029480" total="4012638208" percent="99">
    <mem type="nursery" free="0" total="21233664" percent="0">
      <mem type="allocate" free="0" total="19070976" percent="0" />
      <mem type="survivor" free="0" total="2162688" percent="0" />
    </mem>
    <mem type="tenure" free="3983029480" total="3991404544" percent="99">
      <mem type="soa" free="3783488744" total="3791835136" percent="99" />
      <mem type="loa" free="199540736" total="199569408" percent="99" />
    </mem>
    <remembered-set count="934" />
  </mem-info>
</gc-start>
<allocation-stats totalBytes="18194088" >
  <allocated-bytes non-tlh="2914184" tlh="15279904" />
  <largest-consumer threadName="main" threadId="0000000001842F00" bytes="18194088" />
</allocation-stats>
<gc-op id="3353" type="scavenge" timems="4.459" contextid="3350" timestamp="2019-08-10T03:38:44.500">
  <scavenger-info tenureage="11" tenuremask="4800" tiltratio="89" />
  <memory-copied type="nursery" objects="5864" bytes="2143120" bytesdiscarded="19112" />
  <memory-copied type="tenure" objects="32200" bytes="905680" bytesdiscarded="2152" />
  <copy-failed type="nursery" objects="31909" bytes="895160" />
  <finalization candidates="3" enqueued="2" />
  <references type="soft" candidates="168" cleared="0" enqueued="0" dynamicThreshold="31" maxThreshold="32" />
  <references type="weak" candidates="207" cleared="3" enqueued="3" />
  <references type="phantom" candidates="2" cleared="0" enqueued="0" />
</gc-op>
<gc-end id="3354" type="scavenge" contextid="3350" durationms="4.873" usertimems="11.056" systemtimems="0.000" timestamp="2019-08-10T03:38:44.500" activeThreads="16">
  <mem-info id="3355" free="3994962392" total="4012638208" percent="99">
    <mem type="nursery" free="12779520" total="21233664" percent="60">
      <mem type="allocate" free="12779520" total="14942208" percent="85" />
      <mem type="survivor" free="0" total="6291456" percent="0" />
    </mem>
    <mem type="tenure" free="3982182872" total="3991404544" percent="99" macro-fragmented="2160235">
      <mem type="soa" free="3782642136" total="3791835136" percent="99" />
      <mem type="loa" free="199540736" total="199569408" percent="99" />
    </mem>
    <pending-finalizers system="0" default="2" reference="3" classloader="0" />
    <remembered-set count="1719" />
  </mem-info>
</gc-end>
<cycle-end id="3356" type="scavenge" contextid="3350" timestamp="2019-08-10T03:38:44.501" />
  <attribute name="elasticGC enabled" value="1" />
  <attribute name= "numThreadsSpecified" value="16" />
  <attribute name="heapSize specified" value="-91291648" />
  <attribute name="Current GC Util" value="1" />
  <attribute name= "Current Time Running" value="124642" />
  <attribute name ="GC Interval" value="200" />
  <attribute name="ProportionalT" value="-39.500000" />
  <attribute name="ProportionalI" value="-39.500000" />
  <attribute name="ProportionalH" value="-39.500000" />
  <attribute name="Current Error" value="-79.000000" />
  <attribute name="IntegralT" value="-14378.000000" />
  <attribute name="IntegralI" value="-14378.000000" />
  <attribute name="IntegralH" value="-14378.000000" />
  <attribute name="DerivativeT" value="-0.217033" />
  <attribute name="DerivativeI" value="-0.217033" />
  <attribute name="DerivativeH" value="-0.217033" />
  <attribute name="Loop Time for DT" value="364.000000" />
  <attribute name="Output H" value="4203675648"/>
  <attribute name="Output I" value="200"/>
  <attribute name="Output T" value="16"/>
  <attribute name="Target GC Util Change" value ="80.000000" />
  <attribute name="Current GC Util Change" value="1.000000"/>
  <attribute name="GC Util currently" value="1" />
  <attribute name="CPU Util currently" value="0" />
<allocation-satisfied id="3357" threadId="0000000001842F00" bytesRequested="16" />
<af-end id="3358" timestamp="2019-08-10T03:38:44.501" threadId="0000000001843888" success="true" from="nursery"/>
<exclusive-end id="3359" timestamp="2019-08-10T03:38:44.501" durationms="6.524" />

<exclusive-start id="3360" timestamp="2019-08-10T03:38:44.674" intervalms="179.618">
  <response-info timems="0.326" idlems="0.326" threads="0" lastid="0000000001842F00" lastname="main" />
</exclusive-start>
<af-start id="3361" threadId="0000000001843888" totalBytesRequested="80" timestamp="2019-08-10T03:38:44.674" intervalms="178.555" type="nursery" />
<cycle-start id="3362" type="scavenge" contextid="0" timestamp="2019-08-10T03:38:44.674" intervalms="178.547" />
<gc-start id="3363" type="scavenge" contextid="3362" timestamp="2019-08-10T03:38:44.674">
  <mem-info id="3364" free="3982182872" total="4012638208" percent="99">
    <mem type="nursery" free="0" total="21233664" percent="0">
      <mem type="allocate" free="0" total="14942208" percent="0" />
      <mem type="survivor" free="0" total="6291456" percent="0" />
    </mem>
    <mem type="tenure" free="3982182872" total="3991404544" percent="99">
      <mem type="soa" free="3782642136" total="3791835136" percent="99" />
      <mem type="loa" free="199540736" total="199569408" percent="99" />
    </mem>
    <remembered-set count="1915" />
  </mem-info>
</gc-start>
<allocation-stats totalBytes="12761968" >
  <allocated-bytes non-tlh="16" tlh="12761952" />
  <largest-consumer threadName="main" threadId="0000000001842F00" bytes="12757872" />
</allocation-stats>
<gc-op id="3365" type="scavenge" timems="5.621" contextid="3362" timestamp="2019-08-10T03:38:44.680">
  <scavenger-info tenureage="11" tenuremask="4800" tiltratio="70" />
  <memory-copied type="nursery" objects="32278" bytes="2799760" bytesdiscarded="59040" />
  <memory-copied type="tenure" objects="162" bytes="5672" bytesdiscarded="0" />
  <references type="soft" candidates="167" cleared="0" enqueued="0" dynamicThreshold="31" maxThreshold="32" />
  <references type="weak" candidates="198" cleared="0" enqueued="0" />
  <references type="phantom" candidates="2" cleared="0" enqueued="0" />
</gc-op>
<gc-end id="3366" type="scavenge" contextid="3362" durationms="6.116" usertimems="17.858" systemtimems="0.000" timestamp="2019-08-10T03:38:44.680" activeThreads="16">
  <mem-info id="3367" free="3994774016" total="4012638208" percent="99">
    <mem type="nursery" free="12607272" total="21233664" percent="59">
      <mem type="allocate" free="12607272" total="15466496" percent="81" />
      <mem type="survivor" free="0" total="5767168" percent="0" />
    </mem>
    <mem type="tenure" free="3982166744" total="3991404544" percent="99" macro-fragmented="4479464">
      <mem type="soa" free="3782626008" total="3791835136" percent="99" />
      <mem type="loa" free="199540736" total="199569408" percent="99" />
    </mem>
    <remembered-set count="1327" />
  </mem-info>
</gc-end>
<cycle-end id="3368" type="scavenge" contextid="3362" timestamp="2019-08-10T03:38:44.680" />
  <attribute name="elasticGC enabled" value="1" />
  <attribute name= "numThreadsSpecified" value="16" />
  <attribute name="heapSize specified" value="-91291648" />
  <attribute name="Current GC Util" value="6" />
  <attribute name= "Current Time Running" value="124820" />
  <attribute name ="GC Interval" value="200" />
  <attribute name="ProportionalT" value="-37.000000" />
  <attribute name="ProportionalI" value="-37.000000" />
  <attribute name="ProportionalH" value="-37.000000" />
  <attribute name="Current Error" value="-74.000000" />
  <attribute name="IntegralT" value="-6586.000000" />
  <attribute name="IntegralI" value="-6586.000000" />
  <attribute name="IntegralH" value="-6586.000000" />
  <attribute name="DerivativeT" value="-0.415730" />
  <attribute name="DerivativeI" value="-0.415730" />
  <attribute name="DerivativeH" value="-0.415730" />
  <attribute name="Loop Time for DT" value="178.000000" />
  <attribute name="Output H" value="4203675648"/>
  <attribute name="Output I" value="200"/>
  <attribute name="Output T" value="16"/>
  <attribute name="Target GC Util Change" value ="80.000000" />
  <attribute name="Current GC Util Change" value="6.000000"/>
  <attribute name="GC Util currently" value="6" />
  <attribute name="CPU Util currently" value="6455865197" />
<allocation-satisfied id="3369" threadId="0000000001842F00" bytesRequested="80" />
<af-end id="3370" timestamp="2019-08-10T03:38:44.680" threadId="0000000001843888" success="true" from="nursery"/>
<exclusive-end id="3371" timestamp="2019-08-10T03:38:44.680" durationms="6.454" />

<exclusive-start id="3372" timestamp="2019-08-10T03:38:44.784" intervalms="110.299">
  <response-info timems="0.076" idlems="0.076" threads="0" lastid="0000000001842F00" lastname="main" />
</exclusive-start>
<af-start id="3373" threadId="0000000001843888" totalBytesRequested="56" timestamp="2019-08-10T03:38:44.784" intervalms="110.290" type="nursery" />
<cycle-start id="3374" type="scavenge" contextid="0" timestamp="2019-08-10T03:38:44.784" intervalms="110.283" />
<gc-start id="3375" type="scavenge" contextid="3374" timestamp="2019-08-10T03:38:44.784">
  <mem-info id="3376" free="3982166744" total="4012638208" percent="99">
    <mem type="nursery" free="0" total="21233664" percent="0">
      <mem type="allocate" free="0" total="15466496" percent="0" />
      <mem type="survivor" free="0" total="5767168" percent="0" />
    </mem>
    <mem type="tenure" free="3982166744" total="3991404544" percent="99">
      <mem type="soa" free="3782626008" total="3791835136" percent="99" />
      <mem type="loa" free="199540736" total="199569408" percent="99" />
    </mem>
    <remembered-set count="1414" />
  </mem-info>
</gc-start>
<allocation-stats totalBytes="12596264" >
  <allocated-bytes non-tlh="80" tlh="12596184" />
  <largest-consumer threadName="main" threadId="0000000001842F00" bytes="12596264" />
</allocation-stats>
<gc-op id="3377" type="scavenge" timems="4.308" contextid="3374" timestamp="2019-08-10T03:38:44.789">
  <scavenger-info tenureage="2" tenuremask="4484" tiltratio="72" />
  <memory-copied type="nursery" objects="56350" bytes="1463304" bytesdiscarded="92736" />
  <memory-copied type="tenure" objects="2512" bytes="2014784" bytesdiscarded="312" />
  <references type="soft" candidates="159" cleared="0" enqueued="0" dynamicThreshold="31" maxThreshold="32" />
  <references type="weak" candidates="114" cleared="0" enqueued="0" />
</gc-op>
<gc-end id="3378" type="scavenge" contextid="3374" durationms="4.721" usertimems="12.679" systemtimems="0.000" timestamp="2019-08-10T03:38:44.789" activeThreads="16">
  <mem-info id="3379" free="3994470136" total="4012638208" percent="99">
    <mem type="nursery" free="14369008" total="21233664" percent="67">
      <mem type="allocate" free="14369008" total="15925248" percent="90" />
      <mem type="survivor" free="0" total="5308416" percent="0" />
    </mem>
    <mem type="tenure" free="3980101128" total="3991404544" percent="99" macro-fragmented="9100">
      <mem type="soa" free="3780560392" total="3791835136" percent="99" />
      <mem type="loa" free="199540736" total="199569408" percent="99" />
    </mem>
    <remembered-set count="1274" />
  </mem-info>
</gc-end>
<cycle-end id="3380" type="scavenge" contextid="3374" timestamp="2019-08-10T03:38:44.789" />
  <attribute name="elasticGC enabled" value="1" />
  <attribute name= "numThreadsSpecified" value="16" />
  <attribute name="heapSize specified" value="-91291648" />
  <attribute name="Current GC Util" value="11" />
  <attribute name= "Current Time Running" value="124931" />
  <attribute name ="GC Interval" value="200" />
  <attribute name="ProportionalT" value="-34.500000" />
  <attribute name="ProportionalI" value="-34.500000" />
  <attribute name="ProportionalH" value="-34.500000" />
  <attribute name="Current Error" value="-69.000000" />
  <attribute name="IntegralT" value="-3829.500000" />
  <attribute name="IntegralI" value="-3829.500000" />
  <attribute name="IntegralH" value="-3829.500000" />
  <attribute name="DerivativeT" value="-0.621622" />
  <attribute name="DerivativeI" value="-0.621622" />
  <attribute name="DerivativeH" value="-0.621622" />
  <attribute name="Loop Time for DT" value="111.000000" />
  <attribute name="Output H" value="4203675648"/>
  <attribute name="Output I" value="200"/>
  <attribute name="Output T" value="16"/>
  <attribute name="Target GC Util Change" value ="80.000000" />
  <attribute name="Current GC Util Change" value="11.000000"/>
  <attribute name="GC Util currently" value="11" />
  <attribute name="CPU Util currently" value="10464360491" />
<allocation-satisfied id="3381" threadId="0000000001842F00" bytesRequested="56" />
<af-end id="3382" timestamp="2019-08-10T03:38:44.789" threadId="0000000001843888" success="true" from="nursery"/>
<exclusive-end id="3383" timestamp="2019-08-10T03:38:44.789" durationms="4.980" />

<exclusive-start id="3384" timestamp="2019-08-10T03:38:44.855" intervalms="70.492">
  <response-info timems="0.062" idlems="0.062" threads="0" lastid="0000000001842F00" lastname="main" />
</exclusive-start>
<af-start id="3385" threadId="0000000001843888" totalBytesRequested="680" timestamp="2019-08-10T03:38:44.855" intervalms="70.489" type="nursery" />
<cycle-start id="3386" type="scavenge" contextid="0" timestamp="2019-08-10T03:38:44.855" intervalms="70.558" />
<gc-start id="3387" type="scavenge" contextid="3386" timestamp="2019-08-10T03:38:44.855">
  <mem-info id="3388" free="3980101128" total="4012638208" percent="99">
    <mem type="nursery" free="0" total="21233664" percent="0">
      <mem type="allocate" free="0" total="15925248" percent="0" />
      <mem type="survivor" free="0" total="5308416" percent="0" />
    </mem>
    <mem type="tenure" free="3980101128" total="3991404544" percent="99">
      <mem type="soa" free="3780560392" total="3791835136" percent="99" />
      <mem type="loa" free="199540736" total="199569408" percent="99" />
    </mem>
    <remembered-set count="1337" />
  </mem-info>
</gc-start>
<allocation-stats totalBytes="14351032" >
  <allocated-bytes non-tlh="56" tlh="14350976" />
  <largest-consumer threadName="main" threadId="0000000001842F00" bytes="14351032" />
</allocation-stats>
<gc-op id="3389" type="scavenge" timems="9.147" contextid="3386" timestamp="2019-08-10T03:38:44.864">
  <scavenger-info tenureage="9" tenuremask="4200" tiltratio="75" />
  <memory-copied type="nursery" objects="84782" bytes="2159128" bytesdiscarded="129608" />
  <memory-copied type="tenure" objects="124" bytes="4384" bytesdiscarded="0" />
  <references type="soft" candidates="158" cleared="0" enqueued="0" dynamicThreshold="31" maxThreshold="32" />
  <references type="weak" candidates="110" cleared="0" enqueued="0" />
</gc-op>
<heap-resize id="3390" type="expand" space="nursery" amount="1310720" count="1" timems="0.018" reason="excessive time being spent scavenging" timestamp="2019-08-10T03:38:44.864" />
<gc-end id="3391" type="scavenge" contextid="3386" durationms="9.579" usertimems="15.606" systemtimems="0.000" timestamp="2019-08-10T03:38:44.865" activeThreads="16">
  <mem-info id="3392" free="3995097592" total="4013948928" percent="99">
    <mem type="nursery" free="15012592" total="22544384" percent="66">
      <mem type="allocate" free="15012592" total="17301504" percent="86" />
      <mem type="survivor" free="0" total="5242880" percent="0" />
    </mem>
    <mem type="tenure" free="3980085000" total="3991404544" percent="99" macro-fragmented="0">
      <mem type="soa" free="3780544264" total="3791835136" percent="99" />
      <mem type="loa" free="199540736" total="199569408" percent="99" />
    </mem>
    <remembered-set count="1323" />
  </mem-info>
</gc-end>
<cycle-end id="3393" type="scavenge" contextid="3386" timestamp="2019-08-10T03:38:44.865" />
  <attribute name="elasticGC enabled" value="1" />
  <attribute name= "numThreadsSpecified" value="16" />
  <attribute name="heapSize specified" value="-91291648" />
  <attribute name="Current GC Util" value="17" />
  <attribute name= "Current Time Running" value="125001" />
  <attribute name ="GC Interval" value="200" />
  <attribute name="ProportionalT" value="-31.500000" />
  <attribute name="ProportionalI" value="-31.500000" />
  <attribute name="ProportionalH" value="-31.500000" />
  <attribute name="Current Error" value="-63.000000" />
  <attribute name="IntegralT" value="-2205.000000" />
  <attribute name="IntegralI" value="-2205.000000" />
  <attribute name="IntegralH" value="-2205.000000" />
  <attribute name="DerivativeT" value="-0.900000" />
  <attribute name="DerivativeI" value="-0.900000" />
  <attribute name="DerivativeH" value="-0.900000" />
  <attribute name="Loop Time for DT" value="70.000000" />
  <attribute name="Output H" value="4203675648"/>
  <attribute name="Output I" value="200"/>
  <attribute name="Output T" value="16"/>
  <attribute name="Target GC Util Change" value ="80.000000" />
  <attribute name="Current GC Util Change" value="17.000000"/>
  <attribute name="GC Util currently" value="17" />
  <attribute name="CPU Util currently" value="16326369147" />
<allocation-satisfied id="3394" threadId="0000000001842F00" bytesRequested="680" />
<af-end id="3395" timestamp="2019-08-10T03:38:44.865" threadId="0000000001843888" success="true" from="nursery"/>
<exclusive-end id="3396" timestamp="2019-08-10T03:38:44.865" durationms="9.930" />

<exclusive-start id="3397" timestamp="2019-08-10T03:38:44.968" intervalms="112.894">
  <response-info timems="0.090" idlems="0.090" threads="0" lastid="0000000001842F00" lastname="main" />
</exclusive-start>
<af-start id="3398" threadId="0000000001843888" totalBytesRequested="40" timestamp="2019-08-10T03:38:44.968" intervalms="112.900" type="nursery" />
<cycle-start id="3399" type="scavenge" contextid="0" timestamp="2019-08-10T03:38:44.968" intervalms="112.834" />
<gc-start id="3400" type="scavenge" contextid="3399" timestamp="2019-08-10T03:38:44.968">
  <mem-info id="3401" free="3980085000" total="4013948928" percent="99">
    <mem type="nursery" free="0" total="22544384" percent="0">
      <mem type="allocate" free="0" total="17301504" percent="0" />
      <mem type="survivor" free="0" total="5242880" percent="0" />
    </mem>
    <mem type="tenure" free="3980085000" total="3991404544" percent="99">
      <mem type="soa" free="3780544264" total="3791835136" percent="99" />
      <mem type="loa" free="199540736" total="199569408" percent="99" />
    </mem>
    <remembered-set count="1387" />
  </mem-info>
</gc-start>
<allocation-stats totalBytes="14994680" >
  <allocated-bytes non-tlh="680" tlh="14994000" />
  <largest-consumer threadName="main" threadId="0000000001842F00" bytes="14994680" />
</allocation-stats>
<gc-op id="3402" type="scavenge" timems="3.674" contextid="3399" timestamp="2019-08-10T03:38:44.972">
  <scavenger-info tenureage="2" tenuremask="410c" tiltratio="76" />
  <memory-copied type="nursery" objects="62030" bytes="1558840" bytesdiscarded="114480" />
  <memory-copied type="tenure" objects="53671" bytes="1372536" bytesdiscarded="264" />
  <references type="soft" candidates="157" cleared="0" enqueued="0" dynamicThreshold="31" maxThreshold="32" />
  <references type="weak" candidates="94" cleared="0" enqueued="0" />
</gc-op>
<gc-end id="3403" type="scavenge" contextid="3399" durationms="4.227" usertimems="18.223" systemtimems="0.000" timestamp="2019-08-10T03:38:44.972" activeThreads="16">
  <mem-info id="3404" free="3995179264" total="4013948928" percent="99">
    <mem type="nursery" free="16414464" total="22544384" percent="72">
      <mem type="allocate" free="16414464" total="18087936" percent="90" />
      <mem type="survivor" free="0" total="4456448" percent="0" />
    </mem>
    <mem type="tenure" free="3978764800" total="3991404544" percent="99" macro-fragmented="3110739">
      <mem type="soa" free="3779224064" total="3791835136" percent="99" />
      <mem type="loa" free="199540736" total="199569408" percent="99" />
    </mem>
    <remembered-set count="1643" />
  </mem-info>
</gc-end>
<cycle-end id="3405" type="scavenge" contextid="3399" timestamp="2019-08-10T03:38:44.972" />
  <attribute name="elasticGC enabled" value="1" />
  <attribute name= "numThreadsSpecified" value="16" />
  <attribute name="heapSize specified" value="-91291648" />
  <attribute name="Current GC Util" value="12" />
  <attribute name= "Current Time Running" value="125114" />
  <attribute name ="GC Interval" value="200" />
  <attribute name="ProportionalT" value="-34.000000" />
  <attribute name="ProportionalI" value="-34.000000" />
  <attribute name="ProportionalH" value="-34.000000" />
  <attribute name="Current Error" value="-68.000000" />
  <attribute name="IntegralT" value="-3842.000000" />
  <attribute name="IntegralI" value="-3842.000000" />
  <attribute name="IntegralH" value="-3842.000000" />
  <attribute name="DerivativeT" value="-0.601770" />
  <attribute name="DerivativeI" value="-0.601770" />
  <attribute name="DerivativeH" value="-0.601770" />
  <attribute name="Loop Time for DT" value="113.000000" />
  <attribute name="Output H" value="4203675648"/>
  <attribute name="Output I" value="200"/>
  <attribute name="Output T" value="16"/>
  <attribute name="Target GC Util Change" value ="80.000000" />
  <attribute name="Current GC Util Change" value="12.000000"/>
  <attribute name="GC Util currently" value="12" />
  <attribute name="CPU Util currently" value="10214025567" />
<allocation-satisfied id="3406" threadId="0000000001842F00" bytesRequested="40" />
<af-end id="3407" timestamp="2019-08-10T03:38:44.972" threadId="0000000001843888" success="true" from="nursery"/>
<exclusive-end id="3408" timestamp="2019-08-10T03:38:44.972" durationms="4.641" />

<exclusive-start id="3409" timestamp="2019-08-10T03:38:45.014" intervalms="46.360">
  <response-info timems="0.016" idlems="0.016" threads="0" lastid="0000000001842F00" lastname="main" />
</exclusive-start>
<af-start id="3410" threadId="0000000001843888" totalBytesRequested="656" timestamp="2019-08-10T03:38:45.014" intervalms="46.353" type="nursery" />
<cycle-start id="3411" type="scavenge" contextid="0" timestamp="2019-08-10T03:38:45.014" intervalms="46.350" />
<gc-start id="3412" type="scavenge" contextid="3411" timestamp="2019-08-10T03:38:45.014">
  <mem-info id="3413" free="3978764800" total="4013948928" percent="99">
    <mem type="nursery" free="0" total="22544384" percent="0">
      <mem type="allocate" free="0" total="18087936" percent="0" />
      <mem type="survivor" free="0" total="4456448" percent="0" />
    </mem>
    <mem type="tenure" free="3978764800" total="3991404544" percent="99">
      <mem type="soa" free="3779224064" total="3791835136" percent="99" />
      <mem type="loa" free="199540736" total="199569408" percent="99" />
    </mem>
    <remembered-set count="2123" />
  </mem-info>
</gc-start>
<allocation-stats totalBytes="16396936" >
  <allocated-bytes non-tlh="65584" tlh="16331352" />
  <largest-consumer threadName="main" threadId="0000000001842F00" bytes="16396936" />
</allocation-stats>
<gc-op id="3414" type="scavenge" timems="4.201" contextid="3411" timestamp="2019-08-10T03:38:45.018">
  <scavenger-info tenureage="2" tenuremask="4044" tiltratio="80" />
  <memory-copied type="nursery" objects="67825" bytes="1816904" bytesdiscarded="134248" />
  <memory-copied type="tenure" objects="30164" bytes="754760" bytesdiscarded="336" />
  <references type="soft" candidates="4" cleared="0" enqueued="0" dynamicThreshold="31" maxThreshold="32" />
  <references type="weak" candidates="12" cleared="0" enqueued="0" />
</gc-op>
<heap-resize id="3415" type="expand" space="nursery" amount="1179648" count="1" timems="0.043" reason="excessive time being spent scavenging" timestamp="2019-08-10T03:38:45.019" />
<gc-end id="3416" type="scavenge" contextid="3411" durationms="5.447" usertimems="14.537" systemtimems="0.000" timestamp="2019-08-10T03:38:45.020" activeThreads="16">
  <mem-info id="3417" free="3995436528" total="4015128576" percent="99">
    <mem type="nursery" free="17447408" total="23724032" percent="73">
      <mem type="allocate" free="17447408" total="19398656" percent="89" />
      <mem type="survivor" free="0" total="4325376" percent="0" />
    </mem>
    <mem type="tenure" free="3977989120" total="3991404544" percent="99" macro-fragmented="2160235">
      <mem type="soa" free="3778448384" total="3791835136" percent="99" />
      <mem type="loa" free="199540736" total="199569408" percent="99" />
    </mem>
    <remembered-set count="1207" />
  </mem-info>
</gc-end>
<cycle-end id="3418" type="scavenge" contextid="3411" timestamp="2019-08-10T03:38:45.020" />
  <attribute name="elasticGC enabled" value="1" />
  <attribute name= "numThreadsSpecified" value="16" />
  <attribute name="heapSize specified" value="-91291648" />
  <attribute name="Current GC Util" value="30" />
  <attribute name= "Current Time Running" value="125160" />
  <attribute name ="GC Interval" value="200" />
  <attribute name="ProportionalT" value="-25.000000" />
  <attribute name="ProportionalI" value="-25.000000" />
  <attribute name="ProportionalH" value="-25.000000" />
  <attribute name="Current Error" value="-50.000000" />
  <attribute name="IntegralT" value="-1150.000000" />
  <attribute name="IntegralI" value="-1150.000000" />
  <attribute name="IntegralH" value="-1150.000000" />
  <attribute name="DerivativeT" value="-1.086957" />
  <attribute name="DerivativeI" value="-1.086957" />
  <attribute name="DerivativeH" value="-1.086957" />
  <attribute name="Loop Time for DT" value="46.000000" />
  <attribute name="Output H" value="4203675648"/>
  <attribute name="Output I" value="200"/>
  <attribute name="Output T" value="16"/>
  <attribute name="Target GC Util Change" value ="80.000000" />
  <attribute name="Current GC Util Change" value="30.000000"/>
  <attribute name="GC Util currently" value="30" />
  <attribute name="CPU Util currently" value="24930686002" />
<allocation-satisfied id="3419" threadId="0000000001842F00" bytesRequested="656" />
<af-end id="3420" timestamp="2019-08-10T03:38:45.020" threadId="0000000001843888" success="true" from="nursery"/>
<exclusive-end id="3421" timestamp="2019-08-10T03:38:45.020" durationms="5.704" />

<exclusive-start id="3422" timestamp="2019-08-10T03:38:45.059" intervalms="45.335">
  <response-info timems="0.054" idlems="0.054" threads="0" lastid="0000000001842F00" lastname="main" />
</exclusive-start>
<af-start id="3423" threadId="0000000001843888" totalBytesRequested="664" timestamp="2019-08-10T03:38:45.059" intervalms="45.342" type="nursery" />
<cycle-start id="3424" type="scavenge" contextid="0" timestamp="2019-08-10T03:38:45.059" intervalms="45.349" />
<gc-start id="3425" type="scavenge" contextid="3424" timestamp="2019-08-10T03:38:45.060">
  <mem-info id="3426" free="3977989120" total="4015128576" percent="99">
    <mem type="nursery" free="0" total="23724032" percent="0">
      <mem type="allocate" free="0" total="19398656" percent="0" />
      <mem type="survivor" free="0" total="4325376" percent="0" />
    </mem>
    <mem type="tenure" free="3977989120" total="3991404544" percent="99">
      <mem type="soa" free="3778448384" total="3791835136" percent="99" />
      <mem type="loa" free="199540736" total="199569408" percent="99" />
    </mem>
    <remembered-set count="1415" />
  </mem-info>
</gc-start>
<allocation-stats totalBytes="17428560" >
  <allocated-bytes non-tlh="656" tlh="17427904" />
  <largest-consumer threadName="main" threadId="0000000001842F00" bytes="17428560" />
</allocation-stats>
<gc-op id="3427" type="scavenge" timems="5.277" contextid="3424" timestamp="2019-08-10T03:38:45.065">
  <scavenger-info tenureage="2" tenuremask="4304" tiltratio="81" />
  <memory-copied type="nursery" objects="72076" bytes="1901488" bytesdiscarded="130376" />
  <memory-copied type="tenure" objects="31485" bytes="792272" bytesdiscarded="280" />
  <references type="soft" candidates="1" cleared="0" enqueued="0" dynamicThreshold="31" maxThreshold="32" />
  <references type="weak" candidates="4" cleared="0" enqueued="0" />
</gc-op>
<heap-resize id="3428" type="expand" space="nursery" amount="1179648" count="1" timems="0.019" reason="excessive time being spent scavenging" timestamp="2019-08-10T03:38:45.065" />
<gc-end id="3429" type="scavenge" contextid="3424" durationms="6.028" usertimems="24.106" systemtimems="0.000" timestamp="2019-08-10T03:38:45.066" activeThreads="16">
  <mem-info id="3430" free="3996099312" total="4016308224" percent="99">
    <mem type="nursery" free="18939632" total="24903680" percent="76">
      <mem type="allocate" free="18939632" total="20971520" percent="90" />
      <mem type="survivor" free="0" total="3932160" percent="0" />
    </mem>
    <mem type="tenure" free="3977159680" total="3991404544" percent="99" macro-fragmented="348889">
      <mem type="soa" free="3777618944" total="3791835136" percent="99" />
      <mem type="loa" free="199540736" total="199569408" percent="99" />
    </mem>
    <remembered-set count="1114" />
  </mem-info>
</gc-end>
<cycle-end id="3431" type="scavenge" contextid="3424" timestamp="2019-08-10T03:38:45.066" />
  <attribute name="elasticGC enabled" value="1" />
  <attribute name= "numThreadsSpecified" value="16" />
  <attribute name="heapSize specified" value="-91291648" />
  <attribute name="Current GC Util" value="31" />
  <attribute name= "Current Time Running" value="125206" />
  <attribute name ="GC Interval" value="200" />
  <attribute name="ProportionalT" value="-24.500000" />
  <attribute name="ProportionalI" value="-24.500000" />
  <attribute name="ProportionalH" value="-24.500000" />
  <attribute name="Current Error" value="-49.000000" />
  <attribute name="IntegralT" value="-1127.000000" />
  <attribute name="IntegralI" value="-1127.000000" />
  <attribute name="IntegralH" value="-1127.000000" />
  <attribute name="DerivativeT" value="-1.065217" />
  <attribute name="DerivativeI" value="-1.065217" />
  <attribute name="DerivativeH" value="-1.065217" />
  <attribute name="Loop Time for DT" value="46.000000" />
  <attribute name="Output H" value="4203675648"/>
  <attribute name="Output I" value="200"/>
  <attribute name="Output T" value="16"/>
  <attribute name="Target GC Util Change" value ="80.000000" />
  <attribute name="Current GC Util Change" value="31.000000"/>
  <attribute name="GC Util currently" value="31" />
  <attribute name="CPU Util currently" value="25397110611" />
<allocation-satisfied id="3432" threadId="0000000001842F00" bytesRequested="664" />
<af-end id="3433" timestamp="2019-08-10T03:38:45.066" threadId="0000000001843888" success="true" from="nursery"/>
<exclusive-end id="3434" timestamp="2019-08-10T03:38:45.066" durationms="6.343" />

<exclusive-start id="3435" timestamp="2019-08-10T03:38:45.121" intervalms="62.130">
  <response-info timems="0.016" idlems="0.016" threads="0" lastid="0000000001842F00" lastname="main" />
</exclusive-start>
<af-start id="3436" threadId="0000000001843888" totalBytesRequested="32" timestamp="2019-08-10T03:38:45.122" intervalms="62.125" type="nursery" />
<cycle-start id="3437" type="scavenge" contextid="0" timestamp="2019-08-10T03:38:45.122" intervalms="62.117" />
<gc-start id="3438" type="scavenge" contextid="3437" timestamp="2019-08-10T03:38:45.122">
  <mem-info id="3439" free="3977159680" total="4016308224" percent="99">
    <mem type="nursery" free="0" total="24903680" percent="0">
      <mem type="allocate" free="0" total="20971520" percent="0" />
      <mem type="survivor" free="0" total="3932160" percent="0" />
    </mem>
    <mem type="tenure" free="3977159680" total="3991404544" percent="99">
      <mem type="soa" free="3777618944" total="3791835136" percent="99" />
      <mem type="loa" free="199540736" total="199569408" percent="99" />
    </mem>
    <remembered-set count="1478" />
  </mem-info>
</gc-start>
<allocation-stats totalBytes="18922704" >
  <allocated-bytes non-tlh="664" tlh="18922040" />
  <largest-consumer threadName="main" threadId="0000000001842F00" bytes="18922704" />
</allocation-stats>
<gc-op id="3440" type="scavenge" timems="2.724" contextid="3437" timestamp="2019-08-10T03:38:45.124">
  <scavenger-info tenureage="2" tenuremask="4004" tiltratio="84" />
  <memory-copied type="nursery" objects="75003" bytes="1845080" bytesdiscarded="122536" />
  <memory-copied type="tenure" objects="36291" bytes="1023360" bytesdiscarded="296" />
</gc-op>
<gc-end id="3441" type="scavenge" contextid="3437" durationms="3.286" usertimems="14.704" systemtimems="0.000" timestamp="2019-08-10T03:38:45.125" activeThreads="16">
  <mem-info id="3442" free="3995608040" total="4016308224" percent="99">
    <mem type="nursery" free="19462656" total="24903680" percent="78">
      <mem type="allocate" free="19462656" total="21430272" percent="90" />
      <mem type="survivor" free="0" total="3473408" percent="0" />
    </mem>
    <mem type="tenure" free="3976145384" total="3991404544" percent="99" macro-fragmented="1310760">
      <mem type="soa" free="3776604648" total="3791835136" percent="99" />
      <mem type="loa" free="199540736" total="199569408" percent="99" />
    </mem>
    <remembered-set count="1110" />
  </mem-info>
</gc-end>
<cycle-end id="3443" type="scavenge" contextid="3437" timestamp="2019-08-10T03:38:45.125" />
  <attribute name="elasticGC enabled" value="1" />
  <attribute name= "numThreadsSpecified" value="16" />
  <attribute name="heapSize specified" value="-91291648" />
  <attribute name="Current GC Util" value="28" />
  <attribute name= "Current Time Running" value="125268" />
  <attribute name ="GC Interval" value="200" />
  <attribute name="ProportionalT" value="-26.000000" />
  <attribute name="ProportionalI" value="-26.000000" />
  <attribute name="ProportionalH" value="-26.000000" />
  <attribute name="Current Error" value="-52.000000" />
  <attribute name="IntegralT" value="-1612.000000" />
  <attribute name="IntegralI" value="-1612.000000" />
  <attribute name="IntegralH" value="-1612.000000" />
  <attribute name="DerivativeT" value="-0.838710" />
  <attribute name="DerivativeI" value="-0.838710" />
  <attribute name="DerivativeH" value="-0.838710" />
  <attribute name="Loop Time for DT" value="62.000000" />
  <attribute name="Output H" value="4203675648"/>
  <attribute name="Output I" value="200"/>
  <attribute name="Output T" value="16"/>
  <attribute name="Target GC Util Change" value ="80.000000" />
  <attribute name="Current GC Util Change" value="28.000000"/>
  <attribute name="GC Util currently" value="28" />
  <attribute name="CPU Util currently" value="18575430918" />
<allocation-satisfied id="3444" threadId="0000000001842F00" bytesRequested="32" />
<af-end id="3445" timestamp="2019-08-10T03:38:45.125" threadId="0000000001843888" success="true" from="nursery"/>
<exclusive-end id="3446" timestamp="2019-08-10T03:38:45.125" durationms="3.522" />

<exclusive-start id="3447" timestamp="2019-08-10T03:38:45.167" intervalms="45.143">
  <response-info timems="0.019" idlems="0.019" threads="0" lastid="0000000001842F00" lastname="main" />
</exclusive-start>
<af-start id="3448" threadId="0000000001843888" totalBytesRequested="664" timestamp="2019-08-10T03:38:45.167" intervalms="45.143" type="nursery" />
<cycle-start id="3449" type="scavenge" contextid="0" timestamp="2019-08-10T03:38:45.167" intervalms="45.142" />
<gc-start id="3450" type="scavenge" contextid="3449" timestamp="2019-08-10T03:38:45.167">
  <mem-info id="3451" free="3976145384" total="4016308224" percent="99">
    <mem type="nursery" free="0" total="24903680" percent="0">
      <mem type="allocate" free="0" total="21430272" percent="0" />
      <mem type="survivor" free="0" total="3473408" percent="0" />
    </mem>
    <mem type="tenure" free="3976145384" total="3991404544" percent="99">
      <mem type="soa" free="3776604648" total="3791835136" percent="99" />
      <mem type="loa" free="199540736" total="199569408" percent="99" />
    </mem>
    <remembered-set count="2629" />
  </mem-info>
</gc-start>
<allocation-stats totalBytes="19440408" >
  <allocated-bytes non-tlh="32" tlh="19440376" />
  <largest-consumer threadName="main" threadId="0000000001842F00" bytes="19440408" />
</allocation-stats>
<gc-op id="3452" type="scavenge" timems="3.247" contextid="3449" timestamp="2019-08-10T03:38:45.170">
  <scavenger-info tenureage="2" tenuremask="4004" tiltratio="86" />
  <memory-copied type="nursery" objects="77988" bytes="1895696" bytesdiscarded="63472" />
  <memory-copied type="tenure" objects="35730" bytes="875968" bytesdiscarded="960" />
</gc-op>
<gc-end id="3453" type="scavenge" contextid="3449" durationms="3.911" usertimems="17.774" systemtimems="0.000" timestamp="2019-08-10T03:38:45.171" activeThreads="16">
  <mem-info id="3454" free="3994853096" total="4016308224" percent="99">
    <mem type="nursery" free="19667712" total="24903680" percent="78">
      <mem type="allocate" free="19667712" total="21626880" percent="90" />
      <mem type="survivor" free="0" total="3276800" percent="0" />
    </mem>
    <mem type="tenure" free="3975185384" total="3991404544" percent="99" macro-fragmented="1310760">
      <mem type="soa" free="3775644648" total="3791835136" percent="99" />
      <mem type="loa" free="199540736" total="199569408" percent="99" />
    </mem>
    <remembered-set count="2479" />
  </mem-info>
</gc-end>
<cycle-end id="3455" type="scavenge" contextid="3449" timestamp="2019-08-10T03:38:45.171" />
  <attribute name="elasticGC enabled" value="1" />
  <attribute name= "numThreadsSpecified" value="16" />
  <attribute name="heapSize specified" value="-91291648" />
  <attribute name="Current GC Util" value="32" />
  <attribute name= "Current Time Running" value="125313" />
  <attribute name ="GC Interval" value="200" />
  <attribute name="ProportionalT" value="-24.000000" />
  <attribute name="ProportionalI" value="-24.000000" />
  <attribute name="ProportionalH" value="-24.000000" />
  <attribute name="Current Error" value="-48.000000" />
  <attribute name="IntegralT" value="-1080.000000" />
  <attribute name="IntegralI" value="-1080.000000" />
  <attribute name="IntegralH" value="-1080.000000" />
  <attribute name="DerivativeT" value="-1.066667" />
  <attribute name="DerivativeI" value="-1.066667" />
  <attribute name="DerivativeH" value="-1.066667" />
  <attribute name="Loop Time for DT" value="45.000000" />
  <attribute name="Output H" value="4203675648"/>
  <attribute name="Output I" value="200"/>
  <attribute name="Output T" value="16"/>
  <attribute name="Target GC Util Change" value ="80.000000" />
  <attribute name="Current GC Util Change" value="32.000000"/>
  <attribute name="GC Util currently" value="32" />
  <attribute name="CPU Util currently" value="25520092922" />
<allocation-satisfied id="3456" threadId="0000000001842F00" bytesRequested="664" />
<af-end id="3457" timestamp="2019-08-10T03:38:45.171" threadId="0000000001843888" success="true" from="nursery"/>
<exclusive-end id="3458" timestamp="2019-08-10T03:38:45.171" durationms="4.196" />

<exclusive-start id="3459" timestamp="2019-08-10T03:38:45.222" intervalms="55.439">
  <response-info timems="0.029" idlems="0.029" threads="0" lastid="0000000001842F00" lastname="main" />
</exclusive-start>
<af-start id="3460" threadId="0000000001843888" totalBytesRequested="152" timestamp="2019-08-10T03:38:45.222" intervalms="55.451" type="nursery" />
<cycle-start id="3461" type="scavenge" contextid="0" timestamp="2019-08-10T03:38:45.222" intervalms="55.462" />
<gc-start id="3462" type="scavenge" contextid="3461" timestamp="2019-08-10T03:38:45.222">
  <mem-info id="3463" free="3975185384" total="4016308224" percent="98">
    <mem type="nursery" free="0" total="24903680" percent="0">
      <mem type="allocate" free="0" total="21626880" percent="0" />
      <mem type="survivor" free="0" total="3276800" percent="0" />
    </mem>
    <mem type="tenure" free="3975185384" total="3991404544" percent="99">
      <mem type="soa" free="3775644648" total="3791835136" percent="99" />
      <mem type="loa" free="199540736" total="199569408" percent="99" />
    </mem>
    <remembered-set count="3121" />
  </mem-info>
</gc-start>
<allocation-stats totalBytes="19643960" >
  <allocated-bytes non-tlh="262824" tlh="19381136" />
  <largest-consumer threadName="main" threadId="0000000001842F00" bytes="19643960" />
</allocation-stats>
<gc-op id="3464" type="scavenge" timems="3.998" contextid="3461" timestamp="2019-08-10T03:38:45.226">
  <scavenger-info tenureage="2" tenuremask="4004" tiltratio="86" />
  <memory-copied type="nursery" objects="81725" bytes="2283584" bytesdiscarded="66000" />
  <memory-copied type="tenure" objects="39153" bytes="966208" bytesdiscarded="152" />
</gc-op>
<heap-resize id="3465" type="expand" space="nursery" amount="1179648" count="1" timems="0.017" reason="excessive time being spent scavenging" timestamp="2019-08-10T03:38:45.227" />
<gc-end id="3466" type="scavenge" contextid="3461" durationms="4.778" usertimems="14.949" systemtimems="0.000" timestamp="2019-08-10T03:38:45.227" activeThreads="16">
  <mem-info id="3467" free="3994469080" total="4017487872" percent="99">
    <mem type="nursery" free="20325872" total="26083328" percent="77">
      <mem type="allocate" free="20325872" total="22675456" percent="89" />
      <mem type="survivor" free="0" total="3407872" percent="0" />
    </mem>
    <mem type="tenure" free="3974143208" total="3991404544" percent="99" macro-fragmented="4479464">
      <mem type="soa" free="3774602472" total="3791835136" percent="99" />
      <mem type="loa" free="199540736" total="199569408" percent="99" />
    </mem>
    <remembered-set count="2629" />
  </mem-info>
</gc-end>
<cycle-end id="3468" type="scavenge" contextid="3461" timestamp="2019-08-10T03:38:45.227" />
  <attribute name="elasticGC enabled" value="1" />
  <attribute name= "numThreadsSpecified" value="16" />
  <attribute name="heapSize specified" value="-91291648" />
  <attribute name="Current GC Util" value="31" />
  <attribute name= "Current Time Running" value="125368" />
  <attribute name ="GC Interval" value="200" />
  <attribute name="ProportionalT" value="-24.500000" />
  <attribute name="ProportionalI" value="-24.500000" />
  <attribute name="ProportionalH" value="-24.500000" />
  <attribute name="Current Error" value="-49.000000" />
  <attribute name="IntegralT" value="-1347.500000" />
  <attribute name="IntegralI" value="-1347.500000" />
  <attribute name="IntegralH" value="-1347.500000" />
  <attribute name="DerivativeT" value="-0.890909" />
  <attribute name="DerivativeI" value="-0.890909" />
  <attribute name="DerivativeH" value="-0.890909" />
  <attribute name="Loop Time for DT" value="55.000000" />
  <attribute name="Output H" value="4203675648"/>
  <attribute name="Output I" value="200"/>
  <attribute name="Output T" value="16"/>
  <attribute name="Target GC Util Change" value ="80.000000" />
  <attribute name="Current GC Util Change" value="31.000000"/>
  <attribute name="GC Util currently" value="31" />
  <attribute name="CPU Util currently" value="20792506956" />
<allocation-satisfied id="3469" threadId="0000000001842F00" bytesRequested="152" />
<af-end id="3470" timestamp="2019-08-10T03:38:45.227" threadId="0000000001843888" success="true" from="nursery"/>
<exclusive-end id="3471" timestamp="2019-08-10T03:38:45.227" durationms="5.054" />

<exclusive-start id="3472" timestamp="2019-08-10T03:38:45.273" intervalms="50.613">
  <response-info timems="0.019" idlems="0.019" threads="0" lastid="0000000001842F00" lastname="main" />
</exclusive-start>
<af-start id="3473" threadId="0000000001843888" totalBytesRequested="128" timestamp="2019-08-10T03:38:45.273" intervalms="50.615" type="nursery" />
<cycle-start id="3474" type="scavenge" contextid="0" timestamp="2019-08-10T03:38:45.273" intervalms="50.652" />
<gc-start id="3475" type="scavenge" contextid="3474" timestamp="2019-08-10T03:38:45.273">
  <mem-info id="3476" free="3974143208" total="4017487872" percent="98">
    <mem type="nursery" free="0" total="26083328" percent="0">
      <mem type="allocate" free="0" total="22675456" percent="0" />
      <mem type="survivor" free="0" total="3407872" percent="0" />
    </mem>
    <mem type="tenure" free="3974143208" total="3991404544" percent="99">
      <mem type="soa" free="3774602472" total="3791835136" percent="99" />
      <mem type="loa" free="199540736" total="199569408" percent="99" />
    </mem>
    <remembered-set count="3329" />
  </mem-info>
</gc-start>
<allocation-stats totalBytes="20304776" >
  <allocated-bytes non-tlh="152" tlh="20304624" />
  <largest-consumer threadName="main" threadId="0000000001842F00" bytes="20304776" />
</allocation-stats>
<gc-op id="3477" type="scavenge" timems="5.801" contextid="3474" timestamp="2019-08-10T03:38:45.279">
  <scavenger-info tenureage="2" tenuremask="4004" tiltratio="86" />
  <memory-copied type="nursery" objects="84282" bytes="2390992" bytesdiscarded="43840" />
  <memory-copied type="tenure" objects="38686" bytes="925072" bytesdiscarded="104" />
</gc-op>
<heap-resize id="3478" type="expand" space="nursery" amount="1310720" count="1" timems="0.019" reason="excessive time being spent scavenging" timestamp="2019-08-10T03:38:45.279" />
<gc-end id="3479" type="scavenge" contextid="3474" durationms="6.382" usertimems="15.923" systemtimems="0.000" timestamp="2019-08-10T03:38:45.279" activeThreads="16">
  <mem-info id="3480" free="3994913240" total="4018798592" percent="99">
    <mem type="nursery" free="21682416" total="27394048" percent="79">
      <mem type="allocate" free="21682416" total="24117248" percent="89" />
      <mem type="survivor" free="0" total="3276800" percent="0" />
    </mem>
    <mem type="tenure" free="3973230824" total="3991404544" percent="99" macro-fragmented="0">
      <mem type="soa" free="3773690088" total="3791835136" percent="99" />
      <mem type="loa" free="199540736" total="199569408" percent="99" />
    </mem>
    <remembered-set count="1694" />
  </mem-info>
</gc-end>
<cycle-end id="3481" type="scavenge" contextid="3474" timestamp="2019-08-10T03:38:45.279" />
  <attribute name="elasticGC enabled" value="1" />
  <attribute name= "numThreadsSpecified" value="16" />
  <attribute name="heapSize specified" value="-91291648" />
  <attribute name="Current GC Util" value="28" />
  <attribute name= "Current Time Running" value="125419" />
  <attribute name ="GC Interval" value="200" />
  <attribute name="ProportionalT" value="-26.000000" />
  <attribute name="ProportionalI" value="-26.000000" />
  <attribute name="ProportionalH" value="-26.000000" />
  <attribute name="Current Error" value="-52.000000" />
  <attribute name="IntegralT" value="-1326.000000" />
  <attribute name="IntegralI" value="-1326.000000" />
  <attribute name="IntegralH" value="-1326.000000" />
  <attribute name="DerivativeT" value="-1.019608" />
  <attribute name="DerivativeI" value="-1.019608" />
  <attribute name="DerivativeH" value="-1.019608" />
  <attribute name="Loop Time for DT" value="51.000000" />
  <attribute name="Output H" value="4203675648"/>
  <attribute name="Output I" value="200"/>
  <attribute name="Output T" value="16"/>
  <attribute name="Target GC Util Change" value ="80.000000" />
  <attribute name="Current GC Util Change" value="28.000000"/>
  <attribute name="GC Util currently" value="28" />
  <attribute name="CPU Util currently" value="22766108475" />
<allocation-satisfied id="3482" threadId="0000000001842F00" bytesRequested="128" />
<af-end id="3483" timestamp="2019-08-10T03:38:45.279" threadId="0000000001843888" success="true" from="nursery"/>
<exclusive-end id="3484" timestamp="2019-08-10T03:38:45.279" durationms="6.723" />

<exclusive-start id="3485" timestamp="2019-08-10T03:38:45.336" intervalms="62.864">
  <response-info timems="0.020" idlems="0.020" threads="0" lastid="0000000001842F00" lastname="main" />
</exclusive-start>
<af-start id="3486" threadId="0000000001843888" totalBytesRequested="48" timestamp="2019-08-10T03:38:45.336" intervalms="62.849" type="nursery" />
<cycle-start id="3487" type="scavenge" contextid="0" timestamp="2019-08-10T03:38:45.336" intervalms="62.803" />
<gc-start id="3488" type="scavenge" contextid="3487" timestamp="2019-08-10T03:38:45.336">
  <mem-info id="3489" free="3973230824" total="4018798592" percent="98">
    <mem type="nursery" free="0" total="27394048" percent="0">
      <mem type="allocate" free="0" total="24117248" percent="0" />
      <mem type="survivor" free="0" total="3276800" percent="0" />
    </mem>
    <mem type="tenure" free="3973230824" total="3991404544" percent="99">
      <mem type="soa" free="3773690088" total="3791835136" percent="99" />
      <mem type="loa" free="199540736" total="199569408" percent="99" />
    </mem>
    <remembered-set count="2431" />
  </mem-info>
</gc-start>
<allocation-stats totalBytes="21665824" >
  <allocated-bytes non-tlh="1809640" tlh="19856184" />
  <largest-consumer threadName="main" threadId="0000000001842F00" bytes="21665824" />
</allocation-stats>
<gc-op id="3490" type="scavenge" timems="4.807" contextid="3487" timestamp="2019-08-10T03:38:45.341">
  <scavenger-info tenureage="2" tenuremask="4004" tiltratio="88" />
  <memory-copied type="nursery" objects="78785" bytes="3185096" bytesdiscarded="91680" />
  <memory-copied type="tenure" objects="48058" bytes="1470712" bytesdiscarded="616" />
  <copy-failed type="nursery" objects="5074" bytes="113704" />
  <finalization candidates="1" enqueued="1" />
  <references type="weak" candidates="6" cleared="0" enqueued="0" />
</gc-op>
<gc-end id="3491" type="scavenge" contextid="3487" durationms="5.338" usertimems="19.284" systemtimems="0.000" timestamp="2019-08-10T03:38:45.341" activeThreads="16">
  <mem-info id="3492" free="3990819800" total="4018798592" percent="99">
    <mem type="nursery" free="19005440" total="27394048" percent="69">
      <mem type="allocate" free="19005440" total="22282240" percent="85" />
      <mem type="survivor" free="0" total="5111808" percent="0" />
    </mem>
    <mem type="tenure" free="3971814360" total="3991404544" percent="99" macro-fragmented="1800196">
      <mem type="soa" free="3772273624" total="3791835136" percent="99" />
      <mem type="loa" free="199540736" total="199569408" percent="99" />
    </mem>
    <pending-finalizers system="0" default="1" reference="0" classloader="0" />
    <remembered-set count="3074" />
  </mem-info>
</gc-end>
<cycle-end id="3493" type="scavenge" contextid="3487" timestamp="2019-08-10T03:38:45.341" />
  <attribute name="elasticGC enabled" value="1" />
  <attribute name= "numThreadsSpecified" value="16" />
  <attribute name="heapSize specified" value="-91291648" />
  <attribute name="Current GC Util" value="24" />
  <attribute name= "Current Time Running" value="125482" />
  <attribute name ="GC Interval" value="200" />
  <attribute name="ProportionalT" value="-28.000000" />
  <attribute name="ProportionalI" value="-28.000000" />
  <attribute name="ProportionalH" value="-28.000000" />
  <attribute name="Current Error" value="-56.000000" />
  <attribute name="IntegralT" value="-1764.000000" />
  <attribute name="IntegralI" value="-1764.000000" />
  <attribute name="IntegralH" value="-1764.000000" />
  <attribute name="DerivativeT" value="-0.888889" />
  <attribute name="DerivativeI" value="-0.888889" />
  <attribute name="DerivativeH" value="-0.888889" />
  <attribute name="Loop Time for DT" value="63.000000" />
  <attribute name="Output H" value="4203675648"/>
  <attribute name="Output I" value="200"/>
  <attribute name="Output T" value="16"/>
  <attribute name="Target GC Util Change" value ="80.000000" />
  <attribute name="Current GC Util Change" value="24.000000"/>
  <attribute name="GC Util currently" value="24" />
  <attribute name="CPU Util currently" value="18363408394" />
<allocation-satisfied id="3494" threadId="0000000001842F00" bytesRequested="48" />
<af-end id="3495" timestamp="2019-08-10T03:38:45.341" threadId="0000000001843888" success="true" from="nursery"/>
<exclusive-end id="3496" timestamp="2019-08-10T03:38:45.341" durationms="5.577" />

<exclusive-start id="3497" timestamp="2019-08-10T03:38:45.431" intervalms="95.006">
  <response-info timems="0.049" idlems="0.049" threads="0" lastid="0000000001842F00" lastname="main" />
</exclusive-start>
<af-start id="3498" threadId="0000000001843888" totalBytesRequested="16" timestamp="2019-08-10T03:38:45.431" intervalms="95.011" type="nursery" />
<cycle-start id="3499" type="scavenge" contextid="0" timestamp="2019-08-10T03:38:45.431" intervalms="95.015" />
<gc-start id="3500" type="scavenge" contextid="3499" timestamp="2019-08-10T03:38:45.431">
  <mem-info id="3501" free="3971814360" total="4018798592" percent="98">
    <mem type="nursery" free="0" total="27394048" percent="0">
      <mem type="allocate" free="0" total="22282240" percent="0" />
      <mem type="survivor" free="0" total="5111808" percent="0" />
    </mem>
    <mem type="tenure" free="3971814360" total="3991404544" percent="99">
      <mem type="soa" free="3772273624" total="3791835136" percent="99" />
      <mem type="loa" free="199540736" total="199569408" percent="99" />
    </mem>
    <remembered-set count="3075" />
  </mem-info>
</gc-start>
<allocation-stats totalBytes="19003216" >
  <allocated-bytes non-tlh="48" tlh="19003168" />
  <largest-consumer threadName="main" threadId="0000000001842F00" bytes="19003216" />
</allocation-stats>
<gc-op id="3502" type="scavenge" timems="6.485" contextid="3499" timestamp="2019-08-10T03:38:45.437">
  <scavenger-info tenureage="2" tenuremask="4004" tiltratio="81" />
  <memory-copied type="nursery" objects="85353" bytes="3262536" bytesdiscarded="83712" />
  <memory-copied type="tenure" objects="40663" bytes="1020000" bytesdiscarded="296" />
  <references type="weak" candidates="6" cleared="0" enqueued="0" />
</gc-op>
<heap-resize id="3503" type="expand" space="nursery" amount="1179648" count="1" timems="0.012" reason="excessive time being spent scavenging" timestamp="2019-08-10T03:38:45.437" />
<gc-end id="3504" type="scavenge" contextid="3499" durationms="7.036" usertimems="25.606" systemtimems="0.000" timestamp="2019-08-10T03:38:45.438" activeThreads="16">
  <mem-info id="3505" free="3990878608" total="4019978240" percent="99">
    <mem type="nursery" free="20115640" total="28573696" percent="70">
      <mem type="allocate" free="20115640" total="23461888" percent="85" />
      <mem type="survivor" free="0" total="5111808" percent="0" />
    </mem>
    <mem type="tenure" free="3970762968" total="3991404544" percent="99" macro-fragmented="31056">
      <mem type="soa" free="3771222232" total="3791835136" percent="99" />
      <mem type="loa" free="199540736" total="199569408" percent="99" />
    </mem>
    <remembered-set count="2103" />
  </mem-info>
</gc-end>
<cycle-end id="3506" type="scavenge" contextid="3499" timestamp="2019-08-10T03:38:45.438" />
  <attribute name="elasticGC enabled" value="1" />
  <attribute name= "numThreadsSpecified" value="16" />
  <attribute name="heapSize specified" value="-91291648" />
  <attribute name="Current GC Util" value="20" />
  <attribute name= "Current Time Running" value="125577" />
  <attribute name ="GC Interval" value="200" />
  <attribute name="ProportionalT" value="-30.000000" />
  <attribute name="ProportionalI" value="-30.000000" />
  <attribute name="ProportionalH" value="-30.000000" />
  <attribute name="Current Error" value="-60.000000" />
  <attribute name="IntegralT" value="-2850.000000" />
  <attribute name="IntegralI" value="-2850.000000" />
  <attribute name="IntegralH" value="-2850.000000" />
  <attribute name="DerivativeT" value="-0.631579" />
  <attribute name="DerivativeI" value="-0.631579" />
  <attribute name="DerivativeH" value="-0.631579" />
  <attribute name="Loop Time for DT" value="95.000000" />
  <attribute name="Output H" value="4203675648"/>
  <attribute name="Output I" value="200"/>
  <attribute name="Output T" value="16"/>
  <attribute name="Target GC Util Change" value ="80.000000" />
  <attribute name="Current GC Util Change" value="20.000000"/>
  <attribute name="GC Util currently" value="20" />
  <attribute name="CPU Util currently" value="12127177193" />
<allocation-satisfied id="3507" threadId="0000000001842F00" bytesRequested="16" />
<af-end id="3508" timestamp="2019-08-10T03:38:45.438" threadId="0000000001843888" success="true" from="nursery"/>
<exclusive-end id="3509" timestamp="2019-08-10T03:38:45.438" durationms="7.321" />

-------------------------------------------------------------------------------
PYBENCH 2.0
-------------------------------------------------------------------------------
* using Python 2.5.2
* system check interval set to maximum: 2147483647
* using timer: time.time

Calibrating tests. Please wait...

Running 4 round(s) of the suite at warp factor 10:

<exclusive-start id="3510" timestamp="2019-08-10T03:38:45.605" intervalms="173.976">
  <response-info timems="0.042" idlems="0.042" threads="0" lastid="0000000001842F00" lastname="main" />
</exclusive-start>
<af-start id="3511" threadId="0000000001843888" totalBytesRequested="24" timestamp="2019-08-10T03:38:45.605" intervalms="173.968" type="nursery" />
<cycle-start id="3512" type="scavenge" contextid="0" timestamp="2019-08-10T03:38:45.605" intervalms="173.965" />
<gc-start id="3513" type="scavenge" contextid="3512" timestamp="2019-08-10T03:38:45.605">
  <mem-info id="3514" free="3970744432" total="4019978240" percent="98">
    <mem type="nursery" free="0" total="28573696" percent="0">
      <mem type="allocate" free="0" total="23461888" percent="0" />
      <mem type="survivor" free="0" total="5111808" percent="0" />
    </mem>
    <mem type="tenure" free="3970744432" total="3991404544" percent="99">
      <mem type="soa" free="3771203696" total="3791835136" percent="99" />
      <mem type="loa" free="199540736" total="199569408" percent="99" />
    </mem>
    <remembered-set count="2663" />
  </mem-info>
</gc-start>
<allocation-stats totalBytes="20132464" >
  <allocated-bytes non-tlh="149632" tlh="19982832" />
  <largest-consumer threadName="main" threadId="0000000001842F00" bytes="20132464" />
</allocation-stats>
<gc-op id="3515" type="scavenge" timems="4.743" contextid="3512" timestamp="2019-08-10T03:38:45.610">
  <scavenger-info tenureage="2" tenuremask="4004" tiltratio="82" />
  <memory-copied type="nursery" objects="80904" bytes="2005696" bytesdiscarded="166704" />
  <memory-copied type="tenure" objects="37771" bytes="923992" bytesdiscarded="216" />
  <references type="soft" candidates="2139" cleared="0" enqueued="0" dynamicThreshold="31" maxThreshold="32" />
  <references type="weak" candidates="78" cleared="6" enqueued="4" />
</gc-op>
<gc-end id="3516" type="scavenge" contextid="3512" durationms="5.724" usertimems="23.159" systemtimems="0.000" timestamp="2019-08-10T03:38:45.610" activeThreads="16">
  <mem-info id="3517" free="3991562600" total="4019978240" percent="99">
    <mem type="nursery" free="21748216" total="28573696" percent="76">
      <mem type="allocate" free="21748216" total="23920640" percent="90" />
      <mem type="survivor" free="0" total="4653056" percent="0" />
    </mem>
    <mem type="tenure" free="3969814384" total="3991404544" percent="99" macro-fragmented="655400">
      <mem type="soa" free="3770273648" total="3791835136" percent="99" />
      <mem type="loa" free="199540736" total="199569408" percent="99" />
    </mem>
    <pending-finalizers system="0" default="0" reference="4" classloader="0" />
    <remembered-set count="1234" />
  </mem-info>
</gc-end>
<cycle-end id="3518" type="scavenge" contextid="3512" timestamp="2019-08-10T03:38:45.610" />
  <attribute name="elasticGC enabled" value="1" />
  <attribute name= "numThreadsSpecified" value="16" />
  <attribute name="heapSize specified" value="-91291648" />
  <attribute name="Current GC Util" value="13" />
  <attribute name= "Current Time Running" value="125751" />
  <attribute name ="GC Interval" value="200" />
  <attribute name="ProportionalT" value="-33.500000" />
  <attribute name="ProportionalI" value="-33.500000" />
  <attribute name="ProportionalH" value="-33.500000" />
  <attribute name="Current Error" value="-67.000000" />
  <attribute name="IntegralT" value="-5829.000000" />
  <attribute name="IntegralI" value="-5829.000000" />
  <attribute name="IntegralH" value="-5829.000000" />
  <attribute name="DerivativeT" value="-0.385057" />
  <attribute name="DerivativeI" value="-0.385057" />
  <attribute name="DerivativeH" value="-0.385057" />
  <attribute name="Loop Time for DT" value="174.000000" />
  <attribute name="Output H" value="4203675648"/>
  <attribute name="Output I" value="200"/>
  <attribute name="Output T" value="16"/>
  <attribute name="Target GC Util Change" value ="80.000000" />
  <attribute name="Current GC Util Change" value="13.000000"/>
  <attribute name="GC Util currently" value="13" />
  <attribute name="CPU Util currently" value="6611860399" />
<allocation-satisfied id="3519" threadId="0000000001842F00" bytesRequested="24" />
<af-end id="3520" timestamp="2019-08-10T03:38:45.610" threadId="0000000001843888" success="true" from="nursery"/>
<exclusive-end id="3521" timestamp="2019-08-10T03:38:45.610" durationms="5.971" />

<exclusive-start id="3522" timestamp="2019-08-10T03:38:45.796" intervalms="191.555">
  <response-info timems="0.027" idlems="0.027" threads="0" lastid="0000000001842F00" lastname="main" />
</exclusive-start>
<af-start id="3523" threadId="0000000001843888" totalBytesRequested="32" timestamp="2019-08-10T03:38:45.796" intervalms="191.580" type="nursery" />
<cycle-start id="3524" type="scavenge" contextid="0" timestamp="2019-08-10T03:38:45.796" intervalms="191.579" />
<gc-start id="3525" type="scavenge" contextid="3524" timestamp="2019-08-10T03:38:45.796">
  <mem-info id="3526" free="3969814384" total="4019978240" percent="98">
    <mem type="nursery" free="0" total="28573696" percent="0">
      <mem type="allocate" free="0" total="23920640" percent="0" />
      <mem type="survivor" free="0" total="4653056" percent="0" />
    </mem>
    <mem type="tenure" free="3969814384" total="3991404544" percent="99">
      <mem type="soa" free="3770273648" total="3791835136" percent="99" />
      <mem type="loa" free="199540736" total="199569408" percent="99" />
    </mem>
    <remembered-set count="1235" />
  </mem-info>
</gc-start>
<allocation-stats totalBytes="21746696" >
  <allocated-bytes non-tlh="24" tlh="21746672" />
  <largest-consumer threadName="main" threadId="0000000001842F00" bytes="21742600" />
</allocation-stats>
<gc-op id="3527" type="scavenge" timems="4.287" contextid="3524" timestamp="2019-08-10T03:38:45.801">
  <scavenger-info tenureage="14" tenuremask="4000" tiltratio="83" />
  <memory-copied type="nursery" objects="80911" bytes="2006400" bytesdiscarded="161656" />
  <references type="soft" candidates="2139" cleared="0" enqueued="0" dynamicThreshold="31" maxThreshold="32" />
  <references type="weak" candidates="74" cleared="0" enqueued="0" />
</gc-op>
<gc-end id="3528" type="scavenge" contextid="3524" durationms="4.793" usertimems="15.197" systemtimems="0.000" timestamp="2019-08-10T03:38:45.801" activeThreads="16">
  <mem-info id="3529" free="3991960160" total="4019978240" percent="99">
    <mem type="nursery" free="22145776" total="28573696" percent="77">
      <mem type="allocate" free="22145776" total="24313856" percent="91" />
      <mem type="survivor" free="0" total="4259840" percent="0" />
    </mem>
    <mem type="tenure" free="3969814384" total="3991404544" percent="99" macro-fragmented="1500163">
      <mem type="soa" free="3770273648" total="3791835136" percent="99" />
      <mem type="loa" free="199540736" total="199569408" percent="99" />
    </mem>
    <remembered-set count="1220" />
  </mem-info>
</gc-end>
<cycle-end id="3530" type="scavenge" contextid="3524" timestamp="2019-08-10T03:38:45.801" />
  <attribute name="elasticGC enabled" value="1" />
  <attribute name= "numThreadsSpecified" value="16" />
  <attribute name="heapSize specified" value="-91291648" />
  <attribute name="Current GC Util" value="11" />
  <attribute name= "Current Time Running" value="125942" />
  <attribute name ="GC Interval" value="200" />
  <attribute name="ProportionalT" value="-34.500000" />
  <attribute name="ProportionalI" value="-34.500000" />
  <attribute name="ProportionalH" value="-34.500000" />
  <attribute name="Current Error" value="-69.000000" />
  <attribute name="IntegralT" value="-6589.500000" />
  <attribute name="IntegralI" value="-6589.500000" />
  <attribute name="IntegralH" value="-6589.500000" />
  <attribute name="DerivativeT" value="-0.361257" />
  <attribute name="DerivativeI" value="-0.361257" />
  <attribute name="DerivativeH" value="-0.361257" />
  <attribute name="Loop Time for DT" value="191.000000" />
  <attribute name="Output H" value="4203675648"/>
  <attribute name="Output I" value="200"/>
  <attribute name="Output T" value="16"/>
  <attribute name="Target GC Util Change" value ="80.000000" />
  <attribute name="Current GC Util Change" value="11.000000"/>
  <attribute name="GC Util currently" value="11" />
  <attribute name="CPU Util currently" value="6031444594" />
<allocation-satisfied id="3531" threadId="0000000001842F00" bytesRequested="32" />
<af-end id="3532" timestamp="2019-08-10T03:38:45.801" threadId="0000000001843888" success="true" from="nursery"/>
<exclusive-end id="3533" timestamp="2019-08-10T03:38:45.801" durationms="5.031" />

<exclusive-start id="3534" timestamp="2019-08-10T03:38:45.925" intervalms="129.051">
  <response-info timems="0.061" idlems="0.061" threads="0" lastid="0000000001842F00" lastname="main" />
</exclusive-start>
<af-start id="3535" threadId="0000000001843888" totalBytesRequested="32" timestamp="2019-08-10T03:38:45.925" intervalms="129.030" type="nursery" />
<cycle-start id="3536" type="scavenge" contextid="0" timestamp="2019-08-10T03:38:45.925" intervalms="129.030" />
<gc-start id="3537" type="scavenge" contextid="3536" timestamp="2019-08-10T03:38:45.925">
  <mem-info id="3538" free="3969814384" total="4019978240" percent="98">
    <mem type="nursery" free="0" total="28573696" percent="0">
      <mem type="allocate" free="0" total="24313856" percent="0" />
      <mem type="survivor" free="0" total="4259840" percent="0" />
    </mem>
    <mem type="tenure" free="3969814384" total="3991404544" percent="99">
      <mem type="soa" free="3770273648" total="3791835136" percent="99" />
      <mem type="loa" free="199540736" total="199569408" percent="99" />
    </mem>
    <remembered-set count="1220" />
  </mem-info>
</gc-start>
<allocation-stats totalBytes="22142448" >
  <allocated-bytes non-tlh="32" tlh="22142416" />
  <largest-consumer threadName="main" threadId="0000000001842F00" bytes="22142448" />
</allocation-stats>
<gc-op id="3539" type="scavenge" timems="3.632" contextid="3536" timestamp="2019-08-10T03:38:45.929">
  <scavenger-info tenureage="2" tenuremask="400c" tiltratio="85" />
  <memory-copied type="nursery" objects="27" bytes="1336" bytesdiscarded="70088" />
  <memory-copied type="tenure" objects="80884" bytes="2005064" bytesdiscarded="480" />
  <references type="weak" candidates="2" cleared="0" enqueued="0" />
</gc-op>
<gc-end id="3540" type="scavenge" contextid="3536" durationms="4.166" usertimems="19.784" systemtimems="0.000" timestamp="2019-08-10T03:38:45.929" activeThreads="16">
  <mem-info id="3541" free="3992496992" total="4019978240" percent="99">
    <mem type="nursery" free="24635648" total="28573696" percent="86">
      <mem type="allocate" free="24635648" total="24707072" percent="99" />
      <mem type="survivor" free="0" total="3866624" percent="0" />
    </mem>
    <mem type="tenure" free="3967861344" total="3991404544" percent="99" macro-fragmented="2592282">
      <mem type="soa" free="3768320608" total="3791835136" percent="99" />
      <mem type="loa" free="199540736" total="199569408" percent="99" />
    </mem>
    <remembered-set count="115" />
  </mem-info>
</gc-end>
<cycle-end id="3542" type="scavenge" contextid="3536" timestamp="2019-08-10T03:38:45.930" />
  <attribute name="elasticGC enabled" value="1" />
  <attribute name= "numThreadsSpecified" value="16" />
  <attribute name="heapSize specified" value="-91291648" />
  <attribute name="Current GC Util" value="11" />
  <attribute name= "Current Time Running" value="126071" />
  <attribute name ="GC Interval" value="200" />
  <attribute name="ProportionalT" value="-34.500000" />
  <attribute name="ProportionalI" value="-34.500000" />
  <attribute name="ProportionalH" value="-34.500000" />
  <attribute name="Current Error" value="-69.000000" />
  <attribute name="IntegralT" value="-4450.500000" />
  <attribute name="IntegralI" value="-4450.500000" />
  <attribute name="IntegralH" value="-4450.500000" />
  <attribute name="DerivativeT" value="-0.534884" />
  <attribute name="DerivativeI" value="-0.534884" />
  <attribute name="DerivativeH" value="-0.534884" />
  <attribute name="Loop Time for DT" value="129.000000" />
  <attribute name="Output H" value="4203675648"/>
  <attribute name="Output I" value="200"/>
  <attribute name="Output T" value="16"/>
  <attribute name="Target GC Util Change" value ="80.000000" />
  <attribute name="Current GC Util Change" value="11.000000"/>
  <attribute name="GC Util currently" value="11" />
  <attribute name="CPU Util currently" value="8934797032" />
<allocation-satisfied id="3543" threadId="0000000001842F00" bytesRequested="32" />
<af-end id="3544" timestamp="2019-08-10T03:38:45.930" threadId="0000000001843888" success="true" from="nursery"/>
<exclusive-end id="3545" timestamp="2019-08-10T03:38:45.930" durationms="4.434" />

<exclusive-start id="3546" timestamp="2019-08-10T03:38:48.125" intervalms="2199.989">
  <response-info timems="0.048" idlems="0.048" threads="0" lastid="0000000001842F00" lastname="main" />
</exclusive-start>
<af-start id="3547" threadId="0000000001843888" totalBytesRequested="1168" timestamp="2019-08-10T03:38:48.125" intervalms="2199.987" type="nursery" />
<cycle-start id="3548" type="scavenge" contextid="0" timestamp="2019-08-10T03:38:48.125" intervalms="2199.986" />
<gc-start id="3549" type="scavenge" contextid="3548" timestamp="2019-08-10T03:38:48.125">
  <mem-info id="3550" free="3967861280" total="4019978240" percent="98">
    <mem type="nursery" free="0" total="28573696" percent="0">
      <mem type="allocate" free="0" total="24707072" percent="0" />
      <mem type="survivor" free="0" total="3866624" percent="0" />
    </mem>
    <mem type="tenure" free="3967861280" total="3991404544" percent="99">
      <mem type="soa" free="3768320544" total="3791835136" percent="99" />
      <mem type="loa" free="199540736" total="199569408" percent="99" />
    </mem>
    <remembered-set count="133" />
  </mem-info>
</gc-start>
<allocation-stats totalBytes="24558616" >
  <allocated-bytes non-tlh="96" tlh="24558520" />
  <largest-consumer threadName="main" threadId="0000000001842F00" bytes="24558616" />
</allocation-stats>
<gc-op id="3551" type="scavenge" timems="1.862" contextid="3548" timestamp="2019-08-10T03:38:48.127">
  <scavenger-info tenureage="14" tenuremask="4000" tiltratio="86" />
  <memory-copied type="nursery" objects="90" bytes="3888" bytesdiscarded="28368" />
  <references type="weak" candidates="2" cleared="0" enqueued="0" />
</gc-op>
<gc-end id="3552" type="scavenge" contextid="3548" durationms="2.349" usertimems="5.681" systemtimems="0.000" timestamp="2019-08-10T03:38:48.128" activeThreads="16">
  <mem-info id="3553" free="3993322528" total="4019978240" percent="99">
    <mem type="nursery" free="25461248" total="28573696" percent="89">
      <mem type="allocate" free="25461248" total="25493504" percent="99" />
      <mem type="survivor" free="0" total="3080192" percent="0" />
    </mem>
    <mem type="tenure" free="3967861280" total="3991404544" percent="99" macro-fragmented="290741">
      <mem type="soa" free="3768320544" total="3791835136" percent="99" />
      <mem type="loa" free="199540736" total="199569408" percent="99" />
    </mem>
    <remembered-set count="133" />
  </mem-info>
</gc-end>
<cycle-end id="3554" type="scavenge" contextid="3548" timestamp="2019-08-10T03:38:48.128" />
  <attribute name="elasticGC enabled" value="1" />
  <attribute name= "numThreadsSpecified" value="16" />
  <attribute name="heapSize specified" value="-91291648" />
  <attribute name="Current GC Util" value="0" />
  <attribute name= "Current Time Running" value="128271" />
  <attribute name ="GC Interval" value="200" />
  <attribute name="ProportionalT" value="-40.000000" />
  <attribute name="ProportionalI" value="-40.000000" />
  <attribute name="ProportionalH" value="-40.000000" />
  <attribute name="Current Error" value="-80.000000" />
  <attribute name="IntegralT" value="-88000.000000" />
  <attribute name="IntegralI" value="-88000.000000" />
  <attribute name="IntegralH" value="-88000.000000" />
  <attribute name="DerivativeT" value="-0.036364" />
  <attribute name="DerivativeI" value="-0.036364" />
  <attribute name="DerivativeH" value="-0.036364" />
  <attribute name="Loop Time for DT" value="2200.000000" />
  <attribute name="Output H" value="4203675648"/>
  <attribute name="Output I" value="200"/>
  <attribute name="Output T" value="16"/>
  <attribute name="Target GC Util Change" value ="80.000000" />
  <attribute name="Current GC Util Change" value="0.000000"/>
  <attribute name="GC Util currently" value="0" />
  <attribute name="CPU Util currently" value="20" />
<allocation-satisfied id="3555" threadId="0000000001842F00" bytesRequested="1168" />
<af-end id="3556" timestamp="2019-08-10T03:38:48.128" threadId="0000000001843888" success="true" from="nursery"/>
<exclusive-end id="3557" timestamp="2019-08-10T03:38:48.128" durationms="2.592" />

<exclusive-start id="3558" timestamp="2019-08-10T03:38:48.141" intervalms="16.089">
  <response-info timems="0.053" idlems="0.053" threads="0" lastid="0000000001842F00" lastname="main" />
</exclusive-start>
<af-start id="3559" threadId="0000000001843888" totalBytesRequested="1168" timestamp="2019-08-10T03:38:48.141" intervalms="16.096" type="nursery" />
<cycle-start id="3560" type="scavenge" contextid="0" timestamp="2019-08-10T03:38:48.141" intervalms="16.103" />
<gc-start id="3561" type="scavenge" contextid="3560" timestamp="2019-08-10T03:38:48.141">
  <mem-info id="3562" free="3967861280" total="4019978240" percent="98">
    <mem type="nursery" free="0" total="28573696" percent="0">
      <mem type="allocate" free="0" total="25493504" percent="0" />
      <mem type="survivor" free="0" total="3080192" percent="0" />
    </mem>
    <mem type="tenure" free="3967861280" total="3991404544" percent="99">
      <mem type="soa" free="3768320544" total="3791835136" percent="99" />
      <mem type="loa" free="199540736" total="199569408" percent="99" />
    </mem>
    <remembered-set count="133" />
  </mem-info>
</gc-start>
<allocation-stats totalBytes="25364416" >
  <allocated-bytes non-tlh="1168" tlh="25363248" />
  <largest-consumer threadName="main" threadId="0000000001842F00" bytes="25364416" />
</allocation-stats>
<gc-op id="3563" type="scavenge" timems="1.735" contextid="3560" timestamp="2019-08-10T03:38:48.143">
  <scavenger-info tenureage="14" tenuremask="4000" tiltratio="89" />
  <memory-copied type="nursery" objects="90" bytes="3888" bytesdiscarded="52176" />
  <references type="weak" candidates="2" cleared="0" enqueued="0" />
</gc-op>
<heap-resize id="3564" type="expand" space="nursery" amount="1703936" count="1" timems="0.021" reason="excessive time being spent scavenging" timestamp="2019-08-10T03:38:48.143" />
<gc-end id="3565" type="scavenge" contextid="3560" durationms="2.458" usertimems="6.872" systemtimems="0.000" timestamp="2019-08-10T03:38:48.144" activeThreads="16">
  <mem-info id="3566" free="3995002656" total="4021682176" percent="99">
    <mem type="nursery" free="27141376" total="30277632" percent="89">
      <mem type="allocate" free="27141376" total="27197440" percent="99" />
      <mem type="survivor" free="0" total="3080192" percent="0" />
    </mem>
    <mem type="tenure" free="3967861280" total="3991404544" percent="99" macro-fragmented="3110739">
      <mem type="soa" free="3768320544" total="3791835136" percent="99" />
      <mem type="loa" free="199540736" total="199569408" percent="99" />
    </mem>
    <remembered-set count="132" />
  </mem-info>
</gc-end>
<cycle-end id="3567" type="scavenge" contextid="3560" timestamp="2019-08-10T03:38:48.144" />
  <attribute name="elasticGC enabled" value="1" />
  <attribute name= "numThreadsSpecified" value="16" />
  <attribute name="heapSize specified" value="-91291648" />
  <attribute name="Current GC Util" value="20" />
  <attribute name= "Current Time Running" value="128288" />
  <attribute name ="GC Interval" value="200" />
  <attribute name="ProportionalT" value="-30.000000" />
  <attribute name="ProportionalI" value="-30.000000" />
  <attribute name="ProportionalH" value="-30.000000" />
  <attribute name="Current Error" value="-60.000000" />
  <attribute name="IntegralT" value="-510.000000" />
  <attribute name="IntegralI" value="-510.000000" />
  <attribute name="IntegralH" value="-510.000000" />
  <attribute name="DerivativeT" value="-3.529412" />
  <attribute name="DerivativeI" value="-3.529412" />
  <attribute name="DerivativeH" value="-3.529412" />
  <attribute name="Loop Time for DT" value="17.000000" />
  <attribute name="Output H" value="4203675648"/>
  <attribute name="Output I" value="200"/>
  <attribute name="Output T" value="16"/>
  <attribute name="Target GC Util Change" value ="80.000000" />
  <attribute name="Current GC Util Change" value="20.000000"/>
  <attribute name="GC Util currently" value="20" />
  <attribute name="CPU Util currently" value="71376938297" />
<allocation-satisfied id="3568" threadId="0000000001842F00" bytesRequested="1168" />
<af-end id="3569" timestamp="2019-08-10T03:38:48.144" threadId="0000000001843888" success="true" from="nursery"/>
<exclusive-end id="3570" timestamp="2019-08-10T03:38:48.144" durationms="2.864" />

<exclusive-start id="3571" timestamp="2019-08-10T03:38:48.160" intervalms="18.959">
  <response-info timems="0.088" idlems="0.088" threads="0" lastid="0000000001842F00" lastname="main" />
</exclusive-start>
<af-start id="3572" threadId="0000000001843888" totalBytesRequested="1168" timestamp="2019-08-10T03:38:48.160" intervalms="18.964" type="nursery" />
<cycle-start id="3573" type="scavenge" contextid="0" timestamp="2019-08-10T03:38:48.160" intervalms="18.958" />
<gc-start id="3574" type="scavenge" contextid="3573" timestamp="2019-08-10T03:38:48.160">
  <mem-info id="3575" free="3967861280" total="4021682176" percent="98">
    <mem type="nursery" free="0" total="30277632" percent="0">
      <mem type="allocate" free="0" total="27197440" percent="0" />
      <mem type="survivor" free="0" total="3080192" percent="0" />
    </mem>
    <mem type="tenure" free="3967861280" total="3991404544" percent="99">
      <mem type="soa" free="3768320544" total="3791835136" percent="99" />
      <mem type="loa" free="199540736" total="199569408" percent="99" />
    </mem>
    <remembered-set count="132" />
  </mem-info>
</gc-start>
<allocation-stats totalBytes="27044264" >
  <allocated-bytes non-tlh="1168" tlh="27043096" />
  <largest-consumer threadName="main" threadId="0000000001842F00" bytes="27044264" />
</allocation-stats>
<gc-op id="3576" type="scavenge" timems="2.994" contextid="3573" timestamp="2019-08-10T03:38:48.163">
  <scavenger-info tenureage="14" tenuremask="4000" tiltratio="89" />
  <memory-copied type="nursery" objects="91" bytes="3912" bytesdiscarded="44472" />
  <references type="weak" candidates="2" cleared="0" enqueued="0" />
</gc-op>
<heap-resize id="3577" type="expand" space="nursery" amount="2097152" count="1" timems="0.017" reason="excessive time being spent scavenging" timestamp="2019-08-10T03:38:48.164" />
<gc-end id="3578" type="scavenge" contextid="3573" durationms="3.677" usertimems="9.203" systemtimems="0.000" timestamp="2019-08-10T03:38:48.164" activeThreads="16">
  <mem-info id="3579" free="3996845344" total="4023779328" percent="99">
    <mem type="nursery" free="28984064" total="32374784" percent="89">
      <mem type="allocate" free="28984064" total="29032448" percent="99" />
      <mem type="survivor" free="0" total="3342336" percent="0" />
    </mem>
    <mem type="tenure" free="3967861280" total="3991404544" percent="99" macro-fragmented="1800196">
      <mem type="soa" free="3768320544" total="3791835136" percent="99" />
      <mem type="loa" free="199540736" total="199569408" percent="99" />
    </mem>
    <remembered-set count="131" />
  </mem-info>
</gc-end>
<cycle-end id="3580" type="scavenge" contextid="3573" timestamp="2019-08-10T03:38:48.164" />
  <attribute name="elasticGC enabled" value="1" />
  <attribute name= "numThreadsSpecified" value="16" />
  <attribute name="heapSize specified" value="-91291648" />
  <attribute name="Current GC Util" value="24" />
  <attribute name= "Current Time Running" value="128307" />
  <attribute name ="GC Interval" value="200" />
  <attribute name="ProportionalT" value="-28.000000" />
  <attribute name="ProportionalI" value="-28.000000" />
  <attribute name="ProportionalH" value="-28.000000" />
  <attribute name="Current Error" value="-56.000000" />
  <attribute name="IntegralT" value="-532.000000" />
  <attribute name="IntegralI" value="-532.000000" />
  <attribute name="IntegralH" value="-532.000000" />
  <attribute name="DerivativeT" value="-2.947368" />
  <attribute name="DerivativeI" value="-2.947368" />
  <attribute name="DerivativeH" value="-2.947368" />
  <attribute name="Loop Time for DT" value="19.000000" />
  <attribute name="Output H" value="4203675648"/>
  <attribute name="Output I" value="200"/>
  <attribute name="Output T" value="16"/>
  <attribute name="Target GC Util Change" value ="80.000000" />
  <attribute name="Current GC Util Change" value="24.000000"/>
  <attribute name="GC Util currently" value="24" />
  <attribute name="CPU Util currently" value="60896749158" />
<allocation-satisfied id="3581" threadId="0000000001842F00" bytesRequested="1168" />
<af-end id="3582" timestamp="2019-08-10T03:38:48.164" threadId="0000000001843888" success="true" from="nursery"/>
<exclusive-end id="3583" timestamp="2019-08-10T03:38:48.164" durationms="3.963" />

<exclusive-start id="3584" timestamp="2019-08-10T03:38:48.179" intervalms="18.488">
  <response-info timems="0.025" idlems="0.025" threads="0" lastid="0000000001842F00" lastname="main" />
</exclusive-start>
<af-start id="3585" threadId="0000000001843888" totalBytesRequested="1168" timestamp="2019-08-10T03:38:48.179" intervalms="18.483" type="nursery" />
<cycle-start id="3586" type="scavenge" contextid="0" timestamp="2019-08-10T03:38:48.179" intervalms="18.490" />
<gc-start id="3587" type="scavenge" contextid="3586" timestamp="2019-08-10T03:38:48.179">
  <mem-info id="3588" free="3967861280" total="4023779328" percent="98">
    <mem type="nursery" free="0" total="32374784" percent="0">
      <mem type="allocate" free="0" total="29032448" percent="0" />
      <mem type="survivor" free="0" total="3342336" percent="0" />
    </mem>
    <mem type="tenure" free="3967861280" total="3991404544" percent="99">
      <mem type="soa" free="3768320544" total="3791835136" percent="99" />
      <mem type="loa" free="199540736" total="199569408" percent="99" />
    </mem>
    <remembered-set count="131" />
  </mem-info>
</gc-start>
<allocation-stats totalBytes="28884408" >
  <allocated-bytes non-tlh="1168" tlh="28883240" />
  <largest-consumer threadName="main" threadId="0000000001842F00" bytes="28884408" />
</allocation-stats>
<gc-op id="3589" type="scavenge" timems="1.776" contextid="3586" timestamp="2019-08-10T03:38:48.181">
  <scavenger-info tenureage="14" tenuremask="4000" tiltratio="89" />
  <memory-copied type="nursery" objects="91" bytes="3912" bytesdiscarded="59832" />
  <references type="weak" candidates="2" cleared="0" enqueued="0" />
</gc-op>
<heap-resize id="3590" type="expand" space="nursery" amount="1703936" count="1" timems="0.014" reason="excessive time being spent scavenging" timestamp="2019-08-10T03:38:48.181" />
<gc-end id="3591" type="scavenge" contextid="3586" durationms="2.508" usertimems="4.322" systemtimems="0.000" timestamp="2019-08-10T03:38:48.181" activeThreads="16">
  <mem-info id="3592" free="3998402848" total="4025483264" percent="99">
    <mem type="nursery" free="30541568" total="34078720" percent="89">
      <mem type="allocate" free="30541568" total="30605312" percent="99" />
      <mem type="survivor" free="0" total="3473408" percent="0" />
    </mem>
    <mem type="tenure" free="3967861280" total="3991404544" percent="99" macro-fragmented="2592282">
      <mem type="soa" free="3768320544" total="3791835136" percent="99" />
      <mem type="loa" free="199540736" total="199569408" percent="99" />
    </mem>
    <remembered-set count="131" />
  </mem-info>
</gc-end>
<cycle-end id="3593" type="scavenge" contextid="3586" timestamp="2019-08-10T03:38:48.181" />
  <attribute name="elasticGC enabled" value="1" />
  <attribute name= "numThreadsSpecified" value="16" />
  <attribute name="heapSize specified" value="-91291648" />
  <attribute name="Current GC Util" value="29" />
  <attribute name= "Current Time Running" value="128325" />
  <attribute name ="GC Interval" value="200" />
  <attribute name="ProportionalT" value="-25.500000" />
  <attribute name="ProportionalI" value="-25.500000" />
  <attribute name="ProportionalH" value="-25.500000" />
  <attribute name="Current Error" value="-51.000000" />
  <attribute name="IntegralT" value="-459.000000" />
  <attribute name="IntegralI" value="-459.000000" />
  <attribute name="IntegralH" value="-459.000000" />
  <attribute name="DerivativeT" value="-2.833333" />
  <attribute name="DerivativeI" value="-2.833333" />
  <attribute name="DerivativeH" value="-2.833333" />
  <attribute name="Loop Time for DT" value="18.000000" />
  <attribute name="Output H" value="4203675648"/>
  <attribute name="Output I" value="200"/>
  <attribute name="Output T" value="16"/>
  <attribute name="Target GC Util Change" value ="80.000000" />
  <attribute name="Current GC Util Change" value="29.000000"/>
  <attribute name="GC Util currently" value="29" />
  <attribute name="CPU Util currently" value="62157134872" />
<allocation-satisfied id="3594" threadId="0000000001842F00" bytesRequested="1168" />
<af-end id="3595" timestamp="2019-08-10T03:38:48.181" threadId="0000000001843888" success="true" from="nursery"/>
<exclusive-end id="3596" timestamp="2019-08-10T03:38:48.181" durationms="2.816" />

<exclusive-start id="3597" timestamp="2019-08-10T03:38:48.195" intervalms="15.890">
  <response-info timems="0.035" idlems="0.035" threads="0" lastid="0000000001842F00" lastname="main" />
</exclusive-start>
<af-start id="3598" threadId="0000000001843888" totalBytesRequested="1168" timestamp="2019-08-10T03:38:48.195" intervalms="15.891" type="nursery" />
<cycle-start id="3599" type="scavenge" contextid="0" timestamp="2019-08-10T03:38:48.195" intervalms="15.886" />
<gc-start id="3600" type="scavenge" contextid="3599" timestamp="2019-08-10T03:38:48.195">
  <mem-info id="3601" free="3967861280" total="4025483264" percent="98">
    <mem type="nursery" free="0" total="34078720" percent="0">
      <mem type="allocate" free="0" total="30605312" percent="0" />
      <mem type="survivor" free="0" total="3473408" percent="0" />
    </mem>
    <mem type="tenure" free="3967861280" total="3991404544" percent="99">
      <mem type="soa" free="3768320544" total="3791835136" percent="99" />
      <mem type="loa" free="199540736" total="199569408" percent="99" />
    </mem>
    <remembered-set count="131" />
  </mem-info>
</gc-start>
<allocation-stats totalBytes="30437328" >
  <allocated-bytes non-tlh="1168" tlh="30436160" />
  <largest-consumer threadName="main" threadId="0000000001842F00" bytes="30437328" />
</allocation-stats>
<gc-op id="3602" type="scavenge" timems="1.843" contextid="3599" timestamp="2019-08-10T03:38:48.197">
  <scavenger-info tenureage="14" tenuremask="4000" tiltratio="89" />
  <memory-copied type="nursery" objects="91" bytes="3912" bytesdiscarded="44472" />
  <references type="weak" candidates="2" cleared="0" enqueued="0" />
</gc-op>
<heap-resize id="3603" type="expand" space="nursery" amount="2097152" count="1" timems="0.018" reason="excessive time being spent scavenging" timestamp="2019-08-10T03:38:48.197" />
<gc-end id="3604" type="scavenge" contextid="3599" durationms="2.521" usertimems="3.761" systemtimems="0.000" timestamp="2019-08-10T03:38:48.197" activeThreads="16">
  <mem-info id="3605" free="4000318752" total="4027580416" percent="99">
    <mem type="nursery" free="32457472" total="36175872" percent="89">
      <mem type="allocate" free="32457472" total="32505856" percent="99" />
      <mem type="survivor" free="0" total="3670016" percent="0" />
    </mem>
    <mem type="tenure" free="3967861280" total="3991404544" percent="99" macro-fragmented="1310760">
      <mem type="soa" free="3768320544" total="3791835136" percent="99" />
      <mem type="loa" free="199540736" total="199569408" percent="99" />
    </mem>
    <remembered-set count="131" />
  </mem-info>
</gc-end>
<cycle-end id="3606" type="scavenge" contextid="3599" timestamp="2019-08-10T03:38:48.197" />
  <attribute name="elasticGC enabled" value="1" />
  <attribute name= "numThreadsSpecified" value="16" />
  <attribute name="heapSize specified" value="-91291648" />
  <attribute name="Current GC Util" value="26" />
  <attribute name= "Current Time Running" value="128341" />
  <attribute name ="GC Interval" value="200" />
  <attribute name="ProportionalT" value="-27.000000" />
  <attribute name="ProportionalI" value="-27.000000" />
  <attribute name="ProportionalH" value="-27.000000" />
  <attribute name="Current Error" value="-54.000000" />
  <attribute name="IntegralT" value="-432.000000" />
  <attribute name="IntegralI" value="-432.000000" />
  <attribute name="IntegralH" value="-432.000000" />
  <attribute name="DerivativeT" value="-3.375000" />
  <attribute name="DerivativeI" value="-3.375000" />
  <attribute name="DerivativeH" value="-3.375000" />
  <attribute name="Loop Time for DT" value="16.000000" />
  <attribute name="Output H" value="4203675648"/>
  <attribute name="Output I" value="200"/>
  <attribute name="Output T" value="16"/>
  <attribute name="Target GC Util Change" value ="80.000000" />
  <attribute name="Current GC Util Change" value="26.000000"/>
  <attribute name="GC Util currently" value="26" />
  <attribute name="CPU Util currently" value="72464709030" />
<allocation-satisfied id="3607" threadId="0000000001842F00" bytesRequested="1168" />
<af-end id="3608" timestamp="2019-08-10T03:38:48.197" threadId="0000000001843888" success="true" from="nursery"/>
<exclusive-end id="3609" timestamp="2019-08-10T03:38:48.197" durationms="2.815" />

<exclusive-start id="3610" timestamp="2019-08-10T03:38:48.212" intervalms="17.099">
  <response-info timems="0.040" idlems="0.040" threads="0" lastid="0000000001842F00" lastname="main" />
</exclusive-start>
<af-start id="3611" threadId="0000000001843888" totalBytesRequested="1168" timestamp="2019-08-10T03:38:48.212" intervalms="17.094" type="nursery" />
<cycle-start id="3612" type="scavenge" contextid="0" timestamp="2019-08-10T03:38:48.212" intervalms="17.092" />
<gc-start id="3613" type="scavenge" contextid="3612" timestamp="2019-08-10T03:38:48.212">
  <mem-info id="3614" free="3967861280" total="4027580416" percent="98">
    <mem type="nursery" free="0" total="36175872" percent="0">
      <mem type="allocate" free="0" total="32505856" percent="0" />
      <mem type="survivor" free="0" total="3670016" percent="0" />
    </mem>
    <mem type="tenure" free="3967861280" total="3991404544" percent="99">
      <mem type="soa" free="3768320544" total="3791835136" percent="99" />
      <mem type="loa" free="199540736" total="199569408" percent="99" />
    </mem>
    <remembered-set count="131" />
  </mem-info>
</gc-start>
<allocation-stats totalBytes="32347672" >
  <allocated-bytes non-tlh="1168" tlh="32346504" />
  <largest-consumer threadName="main" threadId="0000000001842F00" bytes="32347672" />
</allocation-stats>
<gc-op id="3615" type="scavenge" timems="1.054" contextid="3612" timestamp="2019-08-10T03:38:48.213">
  <scavenger-info tenureage="3" tenuremask="fff8" tiltratio="89" />
  <memory-copied type="nursery" objects="2" bytes="56" bytesdiscarded="23752" />
  <memory-copied type="tenure" objects="89" bytes="3856" bytesdiscarded="0" />
</gc-op>
<gc-end id="3616" type="scavenge" contextid="3612" durationms="1.554" usertimems="3.024" systemtimems="0.000" timestamp="2019-08-10T03:38:48.213" activeThreads="16">
  <mem-info id="3617" free="4000343328" total="4027580416" percent="99">
    <mem type="nursery" free="32482048" total="36175872" percent="89">
      <mem type="allocate" free="32482048" total="32505856" percent="99" />
      <mem type="survivor" free="0" total="3670016" percent="0" />
    </mem>
    <mem type="tenure" free="3967861280" total="3991404544" percent="99" macro-fragmented="3732887">
      <mem type="soa" free="3768320544" total="3791835136" percent="99" />
      <mem type="loa" free="199540736" total="199569408" percent="99" />
    </mem>
    <remembered-set count="119" />
  </mem-info>
</gc-end>
<cycle-end id="3618" type="scavenge" contextid="3612" timestamp="2019-08-10T03:38:48.213" />
  <attribute name="elasticGC enabled" value="1" />
  <attribute name= "numThreadsSpecified" value="16" />
  <attribute name="heapSize specified" value="-91291648" />
  <attribute name="Current GC Util" value="20" />
  <attribute name= "Current Time Running" value="128358" />
  <attribute name ="GC Interval" value="200" />
  <attribute name="ProportionalT" value="-30.000000" />
  <attribute name="ProportionalI" value="-30.000000" />
  <attribute name="ProportionalH" value="-30.000000" />
  <attribute name="Current Error" value="-60.000000" />
  <attribute name="IntegralT" value="-510.000000" />
  <attribute name="IntegralI" value="-510.000000" />
  <attribute name="IntegralH" value="-510.000000" />
  <attribute name="DerivativeT" value="-3.529412" />
  <attribute name="DerivativeI" value="-3.529412" />
  <attribute name="DerivativeH" value="-3.529412" />
  <attribute name="Loop Time for DT" value="17.000000" />
  <attribute name="Output H" value="4203675648"/>
  <attribute name="Output I" value="200"/>
  <attribute name="Output T" value="16"/>
  <attribute name="Target GC Util Change" value ="80.000000" />
  <attribute name="Current GC Util Change" value="20.000000"/>
  <attribute name="GC Util currently" value="20" />
  <attribute name="CPU Util currently" value="67551498742" />
<allocation-satisfied id="3619" threadId="0000000001842F00" bytesRequested="1168" />
<af-end id="3620" timestamp="2019-08-10T03:38:48.214" threadId="0000000001843888" success="true" from="nursery"/>
<exclusive-end id="3621" timestamp="2019-08-10T03:38:48.214" durationms="1.871" />

<exclusive-start id="3622" timestamp="2019-08-10T03:38:48.229" intervalms="17.782">
  <response-info timems="0.091" idlems="0.091" threads="0" lastid="0000000001842F00" lastname="main" />
</exclusive-start>
<af-start id="3623" threadId="0000000001843888" totalBytesRequested="1168" timestamp="2019-08-10T03:38:48.229" intervalms="17.788" type="nursery" />
<cycle-start id="3624" type="scavenge" contextid="0" timestamp="2019-08-10T03:38:48.230" intervalms="17.791" />
<gc-start id="3625" type="scavenge" contextid="3624" timestamp="2019-08-10T03:38:48.230">
  <mem-info id="3626" free="3967861280" total="4027580416" percent="98">
    <mem type="nursery" free="0" total="36175872" percent="0">
      <mem type="allocate" free="0" total="32505856" percent="0" />
      <mem type="survivor" free="0" total="3670016" percent="0" />
    </mem>
    <mem type="tenure" free="3967861280" total="3991404544" percent="99">
      <mem type="soa" free="3768320544" total="3791835136" percent="99" />
      <mem type="loa" free="199540736" total="199569408" percent="99" />
    </mem>
    <remembered-set count="119" />
  </mem-info>
</gc-start>
<allocation-stats totalBytes="32372312" >
  <allocated-bytes non-tlh="1168" tlh="32371144" />
  <largest-consumer threadName="main" threadId="0000000001842F00" bytes="32372312" />
</allocation-stats>
<gc-op id="3627" type="scavenge" timems="1.720" contextid="3624" timestamp="2019-08-10T03:38:48.231">
  <scavenger-info tenureage="3" tenuremask="feb8" tiltratio="89" />
  <memory-copied type="nursery" objects="2" bytes="56" bytesdiscarded="32200" />
</gc-op>
<heap-resize id="3628" type="expand" space="nursery" amount="2228224" count="1" timems="0.015" reason="excessive time being spent scavenging" timestamp="2019-08-10T03:38:48.232" />
<gc-end id="3629" type="scavenge" contextid="3624" durationms="2.387" usertimems="5.553" systemtimems="0.000" timestamp="2019-08-10T03:38:48.232" activeThreads="16">
  <mem-info id="3630" free="4002300960" total="4029808640" percent="99">
    <mem type="nursery" free="34439680" total="38404096" percent="89">
      <mem type="allocate" free="34439680" total="34471936" percent="99" />
      <mem type="survivor" free="0" total="3932160" percent="0" />
    </mem>
    <mem type="tenure" free="3967861280" total="3991404544" percent="99" macro-fragmented="1500163">
      <mem type="soa" free="3768320544" total="3791835136" percent="99" />
      <mem type="loa" free="199540736" total="199569408" percent="99" />
    </mem>
    <remembered-set count="119" />
  </mem-info>
</gc-end>
<cycle-end id="3631" type="scavenge" contextid="3624" timestamp="2019-08-10T03:38:48.232" />
  <attribute name="elasticGC enabled" value="1" />
  <attribute name= "numThreadsSpecified" value="16" />
  <attribute name="heapSize specified" value="-91291648" />
  <attribute name="Current GC Util" value="17" />
  <attribute name= "Current Time Running" value="128376" />
  <attribute name ="GC Interval" value="200" />
  <attribute name="ProportionalT" value="-31.500000" />
  <attribute name="ProportionalI" value="-31.500000" />
  <attribute name="ProportionalH" value="-31.500000" />
  <attribute name="Current Error" value="-63.000000" />
  <attribute name="IntegralT" value="-567.000000" />
  <attribute name="IntegralI" value="-567.000000" />
  <attribute name="IntegralH" value="-567.000000" />
  <attribute name="DerivativeT" value="-3.500000" />
  <attribute name="DerivativeI" value="-3.500000" />
  <attribute name="DerivativeH" value="-3.500000" />
  <attribute name="Loop Time for DT" value="18.000000" />
  <attribute name="Output H" value="4203675648"/>
  <attribute name="Output I" value="200"/>
  <attribute name="Output T" value="16"/>
  <attribute name="Target GC Util Change" value ="80.000000" />
  <attribute name="Current GC Util Change" value="17.000000"/>
  <attribute name="GC Util currently" value="17" />
  <attribute name="CPU Util currently" value="64942804580" />
<allocation-satisfied id="3632" threadId="0000000001842F00" bytesRequested="1168" />
<af-end id="3633" timestamp="2019-08-10T03:38:48.232" threadId="0000000001843888" success="true" from="nursery"/>
<exclusive-end id="3634" timestamp="2019-08-10T03:38:48.232" durationms="2.710" />

<exclusive-start id="3635" timestamp="2019-08-10T03:38:48.255" intervalms="25.380">
  <response-info timems="0.025" idlems="0.025" threads="0" lastid="0000000001842F00" lastname="main" />
</exclusive-start>
<af-start id="3636" threadId="0000000001843888" totalBytesRequested="1168" timestamp="2019-08-10T03:38:48.255" intervalms="25.409" type="nursery" />
<cycle-start id="3637" type="scavenge" contextid="0" timestamp="2019-08-10T03:38:48.255" intervalms="25.410" />
<gc-start id="3638" type="scavenge" contextid="3637" timestamp="2019-08-10T03:38:48.255">
  <mem-info id="3639" free="3967861280" total="4029808640" percent="98">
    <mem type="nursery" free="0" total="38404096" percent="0">
      <mem type="allocate" free="0" total="34471936" percent="0" />
      <mem type="survivor" free="0" total="3932160" percent="0" />
    </mem>
    <mem type="tenure" free="3967861280" total="3991404544" percent="99">
      <mem type="soa" free="3768320544" total="3791835136" percent="99" />
      <mem type="loa" free="199540736" total="199569408" percent="99" />
    </mem>
    <remembered-set count="119" />
  </mem-info>
</gc-start>
<allocation-stats totalBytes="34323336" >
  <allocated-bytes non-tlh="1168" tlh="34322168" />
  <largest-consumer threadName="main" threadId="0000000001842F00" bytes="34323336" />
</allocation-stats>
<gc-op id="3640" type="scavenge" timems="1.110" contextid="3637" timestamp="2019-08-10T03:38:48.256">
  <scavenger-info tenureage="3" tenuremask="fff8" tiltratio="89" />
  <memory-copied type="nursery" objects="2" bytes="56" bytesdiscarded="32200" />
</gc-op>
<gc-end id="3641" type="scavenge" contextid="3637" durationms="1.765" usertimems="2.720" systemtimems="0.000" timestamp="2019-08-10T03:38:48.257" activeThreads="16">
  <mem-info id="3642" free="4002366496" total="4029808640" percent="99">
    <mem type="nursery" free="34505216" total="38404096" percent="89">
      <mem type="allocate" free="34505216" total="34537472" percent="99" />
      <mem type="survivor" free="0" total="3866624" percent="0" />
    </mem>
    <mem type="tenure" free="3967861280" total="3991404544" percent="99" macro-fragmented="868149">
      <mem type="soa" free="3768320544" total="3791835136" percent="99" />
      <mem type="loa" free="199540736" total="199569408" percent="99" />
    </mem>
    <remembered-set count="119" />
  </mem-info>
</gc-end>
<cycle-end id="3643" type="scavenge" contextid="3637" timestamp="2019-08-10T03:38:48.257" />
  <attribute name="elasticGC enabled" value="1" />
  <attribute name= "numThreadsSpecified" value="16" />
  <attribute name="heapSize specified" value="-91291648" />
  <attribute name="Current GC Util" value="13" />
  <attribute name= "Current Time Running" value="128401" />
  <attribute name ="GC Interval" value="200" />
  <attribute name="ProportionalT" value="-33.500000" />
  <attribute name="ProportionalI" value="-33.500000" />
  <attribute name="ProportionalH" value="-33.500000" />
  <attribute name="Current Error" value="-67.000000" />
  <attribute name="IntegralT" value="-837.500000" />
  <attribute name="IntegralI" value="-837.500000" />
  <attribute name="IntegralH" value="-837.500000" />
  <attribute name="DerivativeT" value="-2.680000" />
  <attribute name="DerivativeI" value="-2.680000" />
  <attribute name="DerivativeH" value="-2.680000" />
  <attribute name="Loop Time for DT" value="25.000000" />
  <attribute name="Output H" value="4203675648"/>
  <attribute name="Output I" value="200"/>
  <attribute name="Output T" value="16"/>
  <attribute name="Target GC Util Change" value ="80.000000" />
  <attribute name="Current GC Util Change" value="13.000000"/>
  <attribute name="GC Util currently" value="13" />
  <attribute name="CPU Util currently" value="45405193215" />
<allocation-satisfied id="3644" threadId="0000000001842F00" bytesRequested="1168" />
<af-end id="3645" timestamp="2019-08-10T03:38:48.257" threadId="0000000001843888" success="true" from="nursery"/>
<exclusive-end id="3646" timestamp="2019-08-10T03:38:48.257" durationms="2.089" />

<exclusive-start id="3647" timestamp="2019-08-10T03:38:48.278" intervalms="23.359">
  <response-info timems="0.160" idlems="0.160" threads="0" lastid="0000000001842F00" lastname="main" />
</exclusive-start>
<af-start id="3648" threadId="0000000001843888" totalBytesRequested="1168" timestamp="2019-08-10T03:38:48.278" intervalms="23.323" type="nursery" />
<cycle-start id="3649" type="scavenge" contextid="0" timestamp="2019-08-10T03:38:48.278" intervalms="23.327" />
<gc-start id="3650" type="scavenge" contextid="3649" timestamp="2019-08-10T03:38:48.278">
  <mem-info id="3651" free="3967861280" total="4029808640" percent="98">
    <mem type="nursery" free="0" total="38404096" percent="0">
      <mem type="allocate" free="0" total="34537472" percent="0" />
      <mem type="survivor" free="0" total="3866624" percent="0" />
    </mem>
    <mem type="tenure" free="3967861280" total="3991404544" percent="99">
      <mem type="soa" free="3768320544" total="3791835136" percent="99" />
      <mem type="loa" free="199540736" total="199569408" percent="99" />
    </mem>
    <remembered-set count="119" />
  </mem-info>
</gc-start>
<allocation-stats totalBytes="34388656" >
  <allocated-bytes non-tlh="1168" tlh="34387488" />
  <largest-consumer threadName="main" threadId="0000000001842F00" bytes="34388656" />
</allocation-stats>
<gc-op id="3652" type="scavenge" timems="1.113" contextid="3649" timestamp="2019-08-10T03:38:48.280">
  <scavenger-info tenureage="3" tenuremask="fff8" tiltratio="89" />
  <memory-copied type="nursery" objects="2" bytes="56" bytesdiscarded="32200" />
</gc-op>
<gc-end id="3653" type="scavenge" contextid="3649" durationms="1.763" usertimems="2.858" systemtimems="0.000" timestamp="2019-08-10T03:38:48.280" activeThreads="16">
  <mem-info id="3654" free="4002366496" total="4029808640" percent="99">
    <mem type="nursery" free="34505216" total="38404096" percent="89">
      <mem type="allocate" free="34505216" total="34537472" percent="99" />
      <mem type="survivor" free="0" total="3866624" percent="0" />
    </mem>
    <mem type="tenure" free="3967861280" total="3991404544" percent="99" macro-fragmented="32784">
      <mem type="soa" free="3768320544" total="3791835136" percent="99" />
      <mem type="loa" free="199540736" total="199569408" percent="99" />
    </mem>
    <remembered-set count="119" />
  </mem-info>
</gc-end>
<cycle-end id="3655" type="scavenge" contextid="3649" timestamp="2019-08-10T03:38:48.280" />
  <attribute name="elasticGC enabled" value="1" />
  <attribute name= "numThreadsSpecified" value="16" />
  <attribute name="heapSize specified" value="-91291648" />
  <attribute name="Current GC Util" value="11" />
  <attribute name= "Current Time Running" value="128425" />
  <attribute name ="GC Interval" value="200" />
  <attribute name="ProportionalT" value="-34.500000" />
  <attribute name="ProportionalI" value="-34.500000" />
  <attribute name="ProportionalH" value="-34.500000" />
  <attribute name="Current Error" value="-69.000000" />
  <attribute name="IntegralT" value="-828.000000" />
  <attribute name="IntegralI" value="-828.000000" />
  <attribute name="IntegralH" value="-828.000000" />
  <attribute name="DerivativeT" value="-2.875000" />
  <attribute name="DerivativeI" value="-2.875000" />
  <attribute name="DerivativeH" value="-2.875000" />
  <attribute name="Loop Time for DT" value="24.000000" />
  <attribute name="Output H" value="4203675648"/>
  <attribute name="Output I" value="200"/>
  <attribute name="Output T" value="16"/>
  <attribute name="Target GC Util Change" value ="80.000000" />
  <attribute name="Current GC Util Change" value="11.000000"/>
  <attribute name="GC Util currently" value="11" />
  <attribute name="CPU Util currently" value="49172287964" />
<allocation-satisfied id="3656" threadId="0000000001842F00" bytesRequested="1168" />
<af-end id="3657" timestamp="2019-08-10T03:38:48.280" threadId="0000000001843888" success="true" from="nursery"/>
<exclusive-end id="3658" timestamp="2019-08-10T03:38:48.280" durationms="2.157" />

<exclusive-start id="3659" timestamp="2019-08-10T03:38:48.301" intervalms="22.356">
  <response-info timems="0.056" idlems="0.056" threads="0" lastid="0000000001842F00" lastname="main" />
</exclusive-start>
<af-start id="3660" threadId="0000000001843888" totalBytesRequested="1168" timestamp="2019-08-10T03:38:48.301" intervalms="22.367" type="nursery" />
<cycle-start id="3661" type="scavenge" contextid="0" timestamp="2019-08-10T03:38:48.301" intervalms="22.367" />
<gc-start id="3662" type="scavenge" contextid="3661" timestamp="2019-08-10T03:38:48.301">
  <mem-info id="3663" free="3967861280" total="4029808640" percent="98">
    <mem type="nursery" free="0" total="38404096" percent="0">
      <mem type="allocate" free="0" total="34537472" percent="0" />
      <mem type="survivor" free="0" total="3866624" percent="0" />
    </mem>
    <mem type="tenure" free="3967861280" total="3991404544" percent="99">
      <mem type="soa" free="3768320544" total="3791835136" percent="99" />
      <mem type="loa" free="199540736" total="199569408" percent="99" />
    </mem>
    <remembered-set count="119" />
  </mem-info>
</gc-start>
<allocation-stats totalBytes="34388656" >
  <allocated-bytes non-tlh="1168" tlh="34387488" />
  <largest-consumer threadName="main" threadId="0000000001842F00" bytes="34388656" />
</allocation-stats>
<gc-op id="3664" type="scavenge" timems="4.522" contextid="3661" timestamp="2019-08-10T03:38:48.305">
  <scavenger-info tenureage="3" tenuremask="fff8" tiltratio="89" />
  <memory-copied type="nursery" objects="2" bytes="56" bytesdiscarded="32200" />
</gc-op>
<heap-resize id="3665" type="expand" space="nursery" amount="3145728" count="1" timems="0.017" reason="excessive time being spent scavenging" timestamp="2019-08-10T03:38:48.306" />
<gc-end id="3666" type="scavenge" contextid="3661" durationms="5.285" usertimems="10.926" systemtimems="0.000" timestamp="2019-08-10T03:38:48.306" activeThreads="16">
  <mem-info id="3667" free="4005184544" total="4032954368" percent="99">
    <mem type="nursery" free="37323264" total="41549824" percent="89">
      <mem type="allocate" free="37323264" total="37355520" percent="99" />
      <mem type="survivor" free="0" total="4194304" percent="0" />
    </mem>
    <mem type="tenure" free="3967861280" total="3991404544" percent="99" macro-fragmented="868149">
      <mem type="soa" free="3768320544" total="3791835136" percent="99" />
      <mem type="loa" free="199540736" total="199569408" percent="99" />
    </mem>
    <remembered-set count="119" />
  </mem-info>
</gc-end>
<cycle-end id="3668" type="scavenge" contextid="3661" timestamp="2019-08-10T03:38:48.306" />
  <attribute name="elasticGC enabled" value="1" />
  <attribute name= "numThreadsSpecified" value="16" />
  <attribute name="heapSize specified" value="-91291648" />
  <attribute name="Current GC Util" value="12" />
  <attribute name= "Current Time Running" value="128447" />
  <attribute name ="GC Interval" value="200" />
  <attribute name="ProportionalT" value="-34.000000" />
  <attribute name="ProportionalI" value="-34.000000" />
  <attribute name="ProportionalH" value="-34.000000" />
  <attribute name="Current Error" value="-68.000000" />
  <attribute name="IntegralT" value="-748.000000" />
  <attribute name="IntegralI" value="-748.000000" />
  <attribute name="IntegralH" value="-748.000000" />
  <attribute name="DerivativeT" value="-3.090909" />
  <attribute name="DerivativeI" value="-3.090909" />
  <attribute name="DerivativeH" value="-3.090909" />
  <attribute name="Loop Time for DT" value="22.000000" />
  <attribute name="Output H" value="4203675648"/>
  <attribute name="Output I" value="200"/>
  <attribute name="Output T" value="16"/>
  <attribute name="Target GC Util Change" value ="80.000000" />
  <attribute name="Current GC Util Change" value="12.000000"/>
  <attribute name="GC Util currently" value="12" />
  <attribute name="CPU Util currently" value="51621922684" />
<allocation-satisfied id="3669" threadId="0000000001842F00" bytesRequested="1168" />
<af-end id="3670" timestamp="2019-08-10T03:38:48.306" threadId="0000000001843888" success="true" from="nursery"/>
<exclusive-end id="3671" timestamp="2019-08-10T03:38:48.306" durationms="5.620" />

<exclusive-start id="3672" timestamp="2019-08-10T03:38:48.325" intervalms="24.045">
  <response-info timems="0.059" idlems="0.059" threads="0" lastid="0000000001842F00" lastname="main" />
</exclusive-start>
<af-start id="3673" threadId="0000000001843888" totalBytesRequested="1168" timestamp="2019-08-10T03:38:48.325" intervalms="24.044" type="nursery" />
<cycle-start id="3674" type="scavenge" contextid="0" timestamp="2019-08-10T03:38:48.325" intervalms="24.043" />
<gc-start id="3675" type="scavenge" contextid="3674" timestamp="2019-08-10T03:38:48.325">
  <mem-info id="3676" free="3967861280" total="4032954368" percent="98">
    <mem type="nursery" free="0" total="41549824" percent="0">
      <mem type="allocate" free="0" total="37355520" percent="0" />
      <mem type="survivor" free="0" total="4194304" percent="0" />
    </mem>
    <mem type="tenure" free="3967861280" total="3991404544" percent="99">
      <mem type="soa" free="3768320544" total="3791835136" percent="99" />
      <mem type="loa" free="199540736" total="199569408" percent="99" />
    </mem>
    <remembered-set count="119" />
  </mem-info>
</gc-start>
<allocation-stats totalBytes="37197488" >
  <allocated-bytes non-tlh="1168" tlh="37196320" />
  <largest-consumer threadName="main" threadId="0000000001842F00" bytes="37197488" />
</allocation-stats>
<gc-op id="3677" type="scavenge" timems="1.523" contextid="3674" timestamp="2019-08-10T03:38:48.326">
  <scavenger-info tenureage="3" tenuremask="fff8" tiltratio="89" />
  <memory-copied type="nursery" objects="2" bytes="56" bytesdiscarded="32200" />
</gc-op>
<heap-resize id="3678" type="expand" space="nursery" amount="1703936" count="1" timems="0.019" reason="excessive time being spent scavenging" timestamp="2019-08-10T03:38:48.327" />
<gc-end id="3679" type="scavenge" contextid="3674" durationms="2.595" usertimems="5.393" systemtimems="0.000" timestamp="2019-08-10T03:38:48.327" activeThreads="16">
  <mem-info id="3680" free="4006691872" total="4034658304" percent="99">
    <mem type="nursery" free="38830592" total="43253760" percent="89">
      <mem type="allocate" free="38830592" total="38862848" percent="99" />
      <mem type="survivor" free="0" total="4390912" percent="0" />
    </mem>
    <mem type="tenure" free="3967861280" total="3991404544" percent="99" macro-fragmented="2592282">
      <mem type="soa" free="3768320544" total="3791835136" percent="99" />
      <mem type="loa" free="199540736" total="199569408" percent="99" />
    </mem>
    <remembered-set count="119" />
  </mem-info>
</gc-end>
<cycle-end id="3681" type="scavenge" contextid="3674" timestamp="2019-08-10T03:38:48.327" />
  <attribute name="elasticGC enabled" value="1" />
  <attribute name= "numThreadsSpecified" value="16" />
  <attribute name="heapSize specified" value="-91291648" />
  <attribute name="Current GC Util" value="25" />
  <attribute name= "Current Time Running" value="128471" />
  <attribute name ="GC Interval" value="200" />
  <attribute name="ProportionalT" value="-27.500000" />
  <attribute name="ProportionalI" value="-27.500000" />
  <attribute name="ProportionalH" value="-27.500000" />
  <attribute name="Current Error" value="-55.000000" />
  <attribute name="IntegralT" value="-660.000000" />
  <attribute name="IntegralI" value="-660.000000" />
  <attribute name="IntegralH" value="-660.000000" />
  <attribute name="DerivativeT" value="-2.291667" />
  <attribute name="DerivativeI" value="-2.291667" />
  <attribute name="DerivativeH" value="-2.291667" />
  <attribute name="Loop Time for DT" value="24.000000" />
  <attribute name="Output H" value="4203675648"/>
  <attribute name="Output I" value="200"/>
  <attribute name="Output T" value="16"/>
  <attribute name="Target GC Util Change" value ="80.000000" />
  <attribute name="Current GC Util Change" value="25.000000"/>
  <attribute name="GC Util currently" value="25" />
  <attribute name="CPU Util currently" value="47890346483" />
<allocation-satisfied id="3682" threadId="0000000001842F00" bytesRequested="1168" />
<af-end id="3683" timestamp="2019-08-10T03:38:48.327" threadId="0000000001843888" success="true" from="nursery"/>
<exclusive-end id="3684" timestamp="2019-08-10T03:38:48.327" durationms="2.922" />

<exclusive-start id="3685" timestamp="2019-08-10T03:38:48.347" intervalms="21.976">
  <response-info timems="0.090" idlems="0.090" threads="0" lastid="0000000001842F00" lastname="main" />
</exclusive-start>
<af-start id="3686" threadId="0000000001843888" totalBytesRequested="1168" timestamp="2019-08-10T03:38:48.347" intervalms="21.988" type="nursery" />
<cycle-start id="3687" type="scavenge" contextid="0" timestamp="2019-08-10T03:38:48.347" intervalms="21.987" />
<gc-start id="3688" type="scavenge" contextid="3687" timestamp="2019-08-10T03:38:48.347">
  <mem-info id="3689" free="3967861280" total="4034658304" percent="98">
    <mem type="nursery" free="0" total="43253760" percent="0">
      <mem type="allocate" free="0" total="38862848" percent="0" />
      <mem type="survivor" free="0" total="4390912" percent="0" />
    </mem>
    <mem type="tenure" free="3967861280" total="3991404544" percent="99">
      <mem type="soa" free="3768320544" total="3791835136" percent="99" />
      <mem type="loa" free="199540736" total="199569408" percent="99" />
    </mem>
    <remembered-set count="119" />
  </mem-info>
</gc-start>
<allocation-stats totalBytes="38699872" >
  <allocated-bytes non-tlh="1168" tlh="38698704" />
  <largest-consumer threadName="main" threadId="0000000001842F00" bytes="38699872" />
</allocation-stats>
<gc-op id="3690" type="scavenge" timems="2.414" contextid="3687" timestamp="2019-08-10T03:38:48.349">
  <scavenger-info tenureage="3" tenuremask="fff8" tiltratio="89" />
  <memory-copied type="nursery" objects="2" bytes="56" bytesdiscarded="32200" />
</gc-op>
<heap-resize id="3691" type="expand" space="nursery" amount="1703936" count="1" timems="0.018" reason="excessive time being spent scavenging" timestamp="2019-08-10T03:38:48.350" />
<gc-end id="3692" type="scavenge" contextid="3687" durationms="3.305" usertimems="6.961" systemtimems="0.000" timestamp="2019-08-10T03:38:48.350" activeThreads="16">
  <mem-info id="3693" free="4008264736" total="4036362240" percent="99">
    <mem type="nursery" free="40403456" total="44957696" percent="89">
      <mem type="allocate" free="40403456" total="40435712" percent="99" />
      <mem type="survivor" free="0" total="4521984" percent="0" />
    </mem>
    <mem type="tenure" free="3967861280" total="3991404544" percent="99" macro-fragmented="1800196">
      <mem type="soa" free="3768320544" total="3791835136" percent="99" />
      <mem type="loa" free="199540736" total="199569408" percent="99" />
    </mem>
    <remembered-set count="119" />
  </mem-info>
</gc-end>
<cycle-end id="3694" type="scavenge" contextid="3687" timestamp="2019-08-10T03:38:48.350" />
  <attribute name="elasticGC enabled" value="1" />
  <attribute name= "numThreadsSpecified" value="16" />
  <attribute name="heapSize specified" value="-91291648" />
  <attribute name="Current GC Util" value="11" />
  <attribute name= "Current Time Running" value="128493" />
  <attribute name ="GC Interval" value="200" />
  <attribute name="ProportionalT" value="-34.500000" />
  <attribute name="ProportionalI" value="-34.500000" />
  <attribute name="ProportionalH" value="-34.500000" />
  <attribute name="Current Error" value="-69.000000" />
  <attribute name="IntegralT" value="-759.000000" />
  <attribute name="IntegralI" value="-759.000000" />
  <attribute name="IntegralH" value="-759.000000" />
  <attribute name="DerivativeT" value="-3.136364" />
  <attribute name="DerivativeI" value="-3.136364" />
  <attribute name="DerivativeH" value="-3.136364" />
  <attribute name="Loop Time for DT" value="22.000000" />
  <attribute name="Output H" value="4203675648"/>
  <attribute name="Output I" value="200"/>
  <attribute name="Output T" value="16"/>
  <attribute name="Target GC Util Change" value ="80.000000" />
  <attribute name="Current GC Util Change" value="11.000000"/>
  <attribute name="GC Util currently" value="11" />
  <attribute name="CPU Util currently" value="51440599588" />
<allocation-satisfied id="3695" threadId="0000000001842F00" bytesRequested="1168" />
<af-end id="3696" timestamp="2019-08-10T03:38:48.350" threadId="0000000001843888" success="true" from="nursery"/>
<exclusive-end id="3697" timestamp="2019-08-10T03:38:48.350" durationms="3.633" />

<exclusive-start id="3698" timestamp="2019-08-10T03:38:48.367" intervalms="20.003">
  <response-info timems="0.071" idlems="0.071" threads="0" lastid="0000000001842F00" lastname="main" />
</exclusive-start>
<af-start id="3699" threadId="0000000001843888" totalBytesRequested="1168" timestamp="2019-08-10T03:38:48.367" intervalms="20.009" type="nursery" />
<cycle-start id="3700" type="scavenge" contextid="0" timestamp="2019-08-10T03:38:48.367" intervalms="20.004" />
<gc-start id="3701" type="scavenge" contextid="3700" timestamp="2019-08-10T03:38:48.367">
  <mem-info id="3702" free="3967861280" total="4036362240" percent="98">
    <mem type="nursery" free="0" total="44957696" percent="0">
      <mem type="allocate" free="0" total="40435712" percent="0" />
      <mem type="survivor" free="0" total="4521984" percent="0" />
    </mem>
    <mem type="tenure" free="3967861280" total="3991404544" percent="99">
      <mem type="soa" free="3768320544" total="3791835136" percent="99" />
      <mem type="loa" free="199540736" total="199569408" percent="99" />
    </mem>
    <remembered-set count="119" />
  </mem-info>
</gc-start>
<allocation-stats totalBytes="40267576" >
  <allocated-bytes non-tlh="1168" tlh="40266408" />
  <largest-consumer threadName="main" threadId="0000000001842F00" bytes="40267576" />
</allocation-stats>
<gc-op id="3703" type="scavenge" timems="1.247" contextid="3700" timestamp="2019-08-10T03:38:48.368">
  <scavenger-info tenureage="3" tenuremask="fff8" tiltratio="89" />
  <memory-copied type="nursery" objects="2" bytes="56" bytesdiscarded="32200" />
</gc-op>
<gc-end id="3704" type="scavenge" contextid="3700" durationms="1.874" usertimems="3.787" systemtimems="0.000" timestamp="2019-08-10T03:38:48.369" activeThreads="16">
  <mem-info id="3705" free="4008264736" total="4036362240" percent="99">
    <mem type="nursery" free="40403456" total="44957696" percent="89">
      <mem type="allocate" free="40403456" total="40435712" percent="99" />
      <mem type="survivor" free="0" total="4521984" percent="0" />
    </mem>
    <mem type="tenure" free="3967861280" total="3991404544" percent="99" macro-fragmented="4479464">
      <mem type="soa" free="3768320544" total="3791835136" percent="99" />
      <mem type="loa" free="199540736" total="199569408" percent="99" />
    </mem>
    <remembered-set count="119" />
  </mem-info>
</gc-end>
<cycle-end id="3706" type="scavenge" contextid="3700" timestamp="2019-08-10T03:38:48.369" />
  <attribute name="elasticGC enabled" value="1" />
  <attribute name= "numThreadsSpecified" value="16" />
  <attribute name="heapSize specified" value="-91291648" />
  <attribute name="Current GC Util" value="19" />
  <attribute name= "Current Time Running" value="128513" />
  <attribute name ="GC Interval" value="200" />
  <attribute name="ProportionalT" value="-30.500000" />
  <attribute name="ProportionalI" value="-30.500000" />
  <attribute name="ProportionalH" value="-30.500000" />
  <attribute name="Current Error" value="-61.000000" />
  <attribute name="IntegralT" value="-610.000000" />
  <attribute name="IntegralI" value="-610.000000" />
  <attribute name="IntegralH" value="-610.000000" />
  <attribute name="DerivativeT" value="-3.050000" />
  <attribute name="DerivativeI" value="-3.050000" />
  <attribute name="DerivativeH" value="-3.050000" />
  <attribute name="Loop Time for DT" value="20.000000" />
  <attribute name="Output H" value="4203675648"/>
  <attribute name="Output I" value="200"/>
  <attribute name="Output T" value="16"/>
  <attribute name="Target GC Util Change" value ="80.000000" />
  <attribute name="Current GC Util Change" value="19.000000"/>
  <attribute name="GC Util currently" value="19" />
  <attribute name="CPU Util currently" value="59079118362" />
<allocation-satisfied id="3707" threadId="0000000001842F00" bytesRequested="1168" />
<af-end id="3708" timestamp="2019-08-10T03:38:48.369" threadId="0000000001843888" success="true" from="nursery"/>
<exclusive-end id="3709" timestamp="2019-08-10T03:38:48.369" durationms="2.176" />

<exclusive-start id="3710" timestamp="2019-08-10T03:38:48.386" intervalms="19.711">
  <response-info timems="0.024" idlems="0.024" threads="0" lastid="0000000001842F00" lastname="main" />
</exclusive-start>
<af-start id="3711" threadId="0000000001843888" totalBytesRequested="1168" timestamp="2019-08-10T03:38:48.386" intervalms="19.693" type="nursery" />
<cycle-start id="3712" type="scavenge" contextid="0" timestamp="2019-08-10T03:38:48.386" intervalms="19.699" />
<gc-start id="3713" type="scavenge" contextid="3712" timestamp="2019-08-10T03:38:48.386">
  <mem-info id="3714" free="3967861280" total="4036362240" percent="98">
    <mem type="nursery" free="0" total="44957696" percent="0">
      <mem type="allocate" free="0" total="40435712" percent="0" />
      <mem type="survivor" free="0" total="4521984" percent="0" />
    </mem>
    <mem type="tenure" free="3967861280" total="3991404544" percent="99">
      <mem type="soa" free="3768320544" total="3791835136" percent="99" />
      <mem type="loa" free="199540736" total="199569408" percent="99" />
    </mem>
    <remembered-set count="119" />
  </mem-info>
</gc-start>
<allocation-stats totalBytes="40267600" >
  <allocated-bytes non-tlh="1168" tlh="40266432" />
  <largest-consumer threadName="main" threadId="0000000001842F00" bytes="40267600" />
</allocation-stats>
<gc-op id="3715" type="scavenge" timems="4.862" contextid="3712" timestamp="2019-08-10T03:38:48.391">
  <scavenger-info tenureage="3" tenuremask="fff8" tiltratio="89" />
  <memory-copied type="nursery" objects="2" bytes="56" bytesdiscarded="32200" />
</gc-op>
<heap-resize id="3716" type="expand" space="nursery" amount="5111808" count="1" timems="0.020" reason="excessive time being spent scavenging" timestamp="2019-08-10T03:38:48.392" />
<gc-end id="3717" type="scavenge" contextid="3712" durationms="5.725" usertimems="10.618" systemtimems="0.000" timestamp="2019-08-10T03:38:48.392" activeThreads="16">
  <mem-info id="3718" free="4012852256" total="4041474048" percent="99">
    <mem type="nursery" free="44990976" total="50069504" percent="89">
      <mem type="allocate" free="44990976" total="45023232" percent="99" />
      <mem type="survivor" free="0" total="5046272" percent="0" />
    </mem>
    <mem type="tenure" free="3967861280" total="3991404544" percent="99" macro-fragmented="2592282">
      <mem type="soa" free="3768320544" total="3791835136" percent="99" />
      <mem type="loa" free="199540736" total="199569408" percent="99" />
    </mem>
    <remembered-set count="119" />
  </mem-info>
</gc-end>
<cycle-end id="3719" type="scavenge" contextid="3712" timestamp="2019-08-10T03:38:48.392" />
  <attribute name="elasticGC enabled" value="1" />
  <attribute name= "numThreadsSpecified" value="16" />
  <attribute name="heapSize specified" value="-91291648" />
  <attribute name="Current GC Util" value="12" />
  <attribute name= "Current Time Running" value="128533" />
  <attribute name ="GC Interval" value="200" />
  <attribute name="ProportionalT" value="-34.000000" />
  <attribute name="ProportionalI" value="-34.000000" />
  <attribute name="ProportionalH" value="-34.000000" />
  <attribute name="Current Error" value="-68.000000" />
  <attribute name="IntegralT" value="-680.000000" />
  <attribute name="IntegralI" value="-680.000000" />
  <attribute name="IntegralH" value="-680.000000" />
  <attribute name="DerivativeT" value="-3.400000" />
  <attribute name="DerivativeI" value="-3.400000" />
  <attribute name="DerivativeH" value="-3.400000" />
  <attribute name="Loop Time for DT" value="20.000000" />
  <attribute name="Output H" value="4203675648"/>
  <attribute name="Output I" value="200"/>
  <attribute name="Output T" value="16"/>
  <attribute name="Target GC Util Change" value ="80.000000" />
  <attribute name="Current GC Util Change" value="12.000000"/>
  <attribute name="GC Util currently" value="12" />
  <attribute name="CPU Util currently" value="58636068370" />
<allocation-satisfied id="3720" threadId="0000000001842F00" bytesRequested="1168" />
<af-end id="3721" timestamp="2019-08-10T03:38:48.392" threadId="0000000001843888" success="true" from="nursery"/>
<exclusive-end id="3722" timestamp="2019-08-10T03:38:48.392" durationms="6.026" />

<exclusive-start id="3723" timestamp="2019-08-10T03:38:48.408" intervalms="21.909">
  <response-info timems="0.055" idlems="0.055" threads="0" lastid="0000000001842F00" lastname="main" />
</exclusive-start>
<af-start id="3724" threadId="0000000001843888" totalBytesRequested="1168" timestamp="2019-08-10T03:38:48.408" intervalms="21.902" type="nursery" />
<cycle-start id="3725" type="scavenge" contextid="0" timestamp="2019-08-10T03:38:48.408" intervalms="21.897" />
<gc-start id="3726" type="scavenge" contextid="3725" timestamp="2019-08-10T03:38:48.408">
  <mem-info id="3727" free="3967861280" total="4041474048" percent="98">
    <mem type="nursery" free="0" total="50069504" percent="0">
      <mem type="allocate" free="0" total="45023232" percent="0" />
      <mem type="survivor" free="0" total="5046272" percent="0" />
    </mem>
    <mem type="tenure" free="3967861280" total="3991404544" percent="99">
      <mem type="soa" free="3768320544" total="3791835136" percent="99" />
      <mem type="loa" free="199540736" total="199569408" percent="99" />
    </mem>
    <remembered-set count="119" />
  </mem-info>
</gc-start>
<allocation-stats totalBytes="44840072" >
  <allocated-bytes non-tlh="1168" tlh="44838904" />
  <largest-consumer threadName="main" threadId="0000000001842F00" bytes="44840072" />
</allocation-stats>
<gc-op id="3728" type="scavenge" timems="1.348" contextid="3725" timestamp="2019-08-10T03:38:48.410">
  <scavenger-info tenureage="3" tenuremask="fff8" tiltratio="89" />
  <memory-copied type="nursery" objects="2" bytes="56" bytesdiscarded="16072" />
</gc-op>
<gc-end id="3729" type="scavenge" contextid="3725" durationms="1.979" usertimems="4.367" systemtimems="0.000" timestamp="2019-08-10T03:38:48.410" activeThreads="16">
  <mem-info id="3730" free="4012868384" total="4041474048" percent="99">
    <mem type="nursery" free="45007104" total="50069504" percent="89">
      <mem type="allocate" free="45007104" total="45023232" percent="99" />
      <mem type="survivor" free="0" total="5046272" percent="0" />
    </mem>
    <mem type="tenure" free="3967861280" total="3991404544" percent="99" macro-fragmented="2160235">
      <mem type="soa" free="3768320544" total="3791835136" percent="99" />
      <mem type="loa" free="199540736" total="199569408" percent="99" />
    </mem>
    <remembered-set count="119" />
  </mem-info>
</gc-end>
<cycle-end id="3731" type="scavenge" contextid="3725" timestamp="2019-08-10T03:38:48.410" />
  <attribute name="elasticGC enabled" value="1" />
  <attribute name= "numThreadsSpecified" value="16" />
  <attribute name="heapSize specified" value="-91291648" />
  <attribute name="Current GC Util" value="47" />
  <attribute name= "Current Time Running" value="128555" />
  <attribute name ="GC Interval" value="200" />
  <attribute name="ProportionalT" value="-16.500000" />
  <attribute name="ProportionalI" value="-16.500000" />
  <attribute name="ProportionalH" value="-16.500000" />
  <attribute name="Current Error" value="-33.000000" />
  <attribute name="IntegralT" value="-363.000000" />
  <attribute name="IntegralI" value="-363.000000" />
  <attribute name="IntegralH" value="-363.000000" />
  <attribute name="DerivativeT" value="-1.500000" />
  <attribute name="DerivativeI" value="-1.500000" />
  <attribute name="DerivativeH" value="-1.500000" />
  <attribute name="Loop Time for DT" value="22.000000" />
  <attribute name="Output H" value="4203675648"/>
  <attribute name="Output I" value="200"/>
  <attribute name="Output T" value="16"/>
  <attribute name="Target GC Util Change" value ="80.000000" />
  <attribute name="Current GC Util Change" value="47.000000"/>
  <attribute name="GC Util currently" value="47" />
  <attribute name="CPU Util currently" value="52691919697" />
<allocation-satisfied id="3732" threadId="0000000001842F00" bytesRequested="1168" />
<af-end id="3733" timestamp="2019-08-10T03:38:48.410" threadId="0000000001843888" success="true" from="nursery"/>
<exclusive-end id="3734" timestamp="2019-08-10T03:38:48.410" durationms="2.259" />

<exclusive-start id="3735" timestamp="2019-08-10T03:38:48.422" intervalms="13.559">
  <response-info timems="0.030" idlems="0.030" threads="0" lastid="0000000001842F00" lastname="main" />
</exclusive-start>
<af-start id="3736" threadId="0000000001843888" totalBytesRequested="1168" timestamp="2019-08-10T03:38:48.422" intervalms="13.662" type="nursery" />
<cycle-start id="3737" type="scavenge" contextid="0" timestamp="2019-08-10T03:38:48.422" intervalms="13.675" />
<gc-start id="3738" type="scavenge" contextid="3737" timestamp="2019-08-10T03:38:48.422">
  <mem-info id="3739" free="3967861280" total="4041474048" percent="98">
    <mem type="nursery" free="0" total="50069504" percent="0">
      <mem type="allocate" free="0" total="45023232" percent="0" />
      <mem type="survivor" free="0" total="5046272" percent="0" />
    </mem>
    <mem type="tenure" free="3967861280" total="3991404544" percent="99">
      <mem type="soa" free="3768320544" total="3791835136" percent="99" />
      <mem type="loa" free="199540736" total="199569408" percent="99" />
    </mem>
    <remembered-set count="119" />
  </mem-info>
</gc-start>
<allocation-stats totalBytes="44856112" >
  <allocated-bytes non-tlh="1168" tlh="44854944" />
  <largest-consumer threadName="main" threadId="0000000001842F00" bytes="44856112" />
</allocation-stats>
<gc-op id="3740" type="scavenge" timems="2.803" contextid="3737" timestamp="2019-08-10T03:38:48.425">
  <scavenger-info tenureage="3" tenuremask="fff8" tiltratio="89" />
  <memory-copied type="nursery" objects="2" bytes="56" bytesdiscarded="32200" />
</gc-op>
<heap-resize id="3741" type="expand" space="nursery" amount="5242880" count="1" timems="0.017" reason="excessive time being spent scavenging" timestamp="2019-08-10T03:38:48.425" />
<gc-end id="3742" type="scavenge" contextid="3737" durationms="3.494" usertimems="6.439" systemtimems="0.000" timestamp="2019-08-10T03:38:48.425" activeThreads="16">
  <mem-info id="3743" free="4017570848" total="4046716928" percent="99">
    <mem type="nursery" free="49709568" total="55312384" percent="89">
      <mem type="allocate" free="49709568" total="49741824" percent="99" />
      <mem type="survivor" free="0" total="5570560" percent="0" />
    </mem>
    <mem type="tenure" free="3967861280" total="3991404544" percent="99" macro-fragmented="348889">
      <mem type="soa" free="3768320544" total="3791835136" percent="99" />
      <mem type="loa" free="199540736" total="199569408" percent="99" />
    </mem>
    <remembered-set count="119" />
  </mem-info>
</gc-end>
<cycle-end id="3744" type="scavenge" contextid="3737" timestamp="2019-08-10T03:38:48.426" />
  <attribute name="elasticGC enabled" value="1" />
  <attribute name= "numThreadsSpecified" value="16" />
  <attribute name="heapSize specified" value="-91291648" />
  <attribute name="Current GC Util" value="21" />
  <attribute name= "Current Time Running" value="128568" />
  <attribute name ="GC Interval" value="200" />
  <attribute name="ProportionalT" value="-29.500000" />
  <attribute name="ProportionalI" value="-29.500000" />
  <attribute name="ProportionalH" value="-29.500000" />
  <attribute name="Current Error" value="-59.000000" />
  <attribute name="IntegralT" value="-383.500000" />
  <attribute name="IntegralI" value="-383.500000" />
  <attribute name="IntegralH" value="-383.500000" />
  <attribute name="DerivativeT" value="-4.538462" />
  <attribute name="DerivativeI" value="-4.538462" />
  <attribute name="DerivativeH" value="-4.538462" />
  <attribute name="Loop Time for DT" value="13.000000" />
  <attribute name="Output H" value="4203675648"/>
  <attribute name="Output I" value="200"/>
  <attribute name="Output T" value="16"/>
  <attribute name="Target GC Util Change" value ="80.000000" />
  <attribute name="Current GC Util Change" value="21.000000"/>
  <attribute name="GC Util currently" value="21" />
  <attribute name="CPU Util currently" value="84057267198" />
<allocation-satisfied id="3745" threadId="0000000001842F00" bytesRequested="1168" />
<af-end id="3746" timestamp="2019-08-10T03:38:48.426" threadId="0000000001843888" success="true" from="nursery"/>
<exclusive-end id="3747" timestamp="2019-08-10T03:38:48.426" durationms="3.933" />

<exclusive-start id="3748" timestamp="2019-08-10T03:38:48.441" intervalms="18.949">
  <response-info timems="0.064" idlems="0.064" threads="0" lastid="0000000001842F00" lastname="main" />
</exclusive-start>
<af-start id="3749" threadId="0000000001843888" totalBytesRequested="1168" timestamp="2019-08-10T03:38:48.441" intervalms="18.858" type="nursery" />
<cycle-start id="3750" type="scavenge" contextid="0" timestamp="2019-08-10T03:38:48.441" intervalms="18.851" />
<gc-start id="3751" type="scavenge" contextid="3750" timestamp="2019-08-10T03:38:48.441">
  <mem-info id="3752" free="3967861280" total="4046716928" percent="98">
    <mem type="nursery" free="0" total="55312384" percent="0">
      <mem type="allocate" free="0" total="49741824" percent="0" />
      <mem type="survivor" free="0" total="5570560" percent="0" />
    </mem>
    <mem type="tenure" free="3967861280" total="3991404544" percent="99">
      <mem type="soa" free="3768320544" total="3791835136" percent="99" />
      <mem type="loa" free="199540736" total="199569408" percent="99" />
    </mem>
    <remembered-set count="119" />
  </mem-info>
</gc-start>
<allocation-stats totalBytes="49543232" >
  <allocated-bytes non-tlh="1168" tlh="49542064" />
  <largest-consumer threadName="main" threadId="0000000001842F00" bytes="49543232" />
</allocation-stats>
<gc-op id="3753" type="scavenge" timems="1.537" contextid="3750" timestamp="2019-08-10T03:38:48.442">
  <scavenger-info tenureage="9" tenuremask="fe00" tiltratio="89" />
  <memory-copied type="nursery" objects="2" bytes="56" bytesdiscarded="32200" />
</gc-op>
<heap-resize id="3754" type="expand" space="nursery" amount="2883584" count="1" timems="0.018" reason="excessive time being spent scavenging" timestamp="2019-08-10T03:38:48.443" />
<gc-end id="3755" type="scavenge" contextid="3750" durationms="2.337" usertimems="3.434" systemtimems="0.000" timestamp="2019-08-10T03:38:48.443" activeThreads="16">
  <mem-info id="3756" free="4020126752" total="4049600512" percent="99">
    <mem type="nursery" free="52265472" total="58195968" percent="89">
      <mem type="allocate" free="52265472" total="52297728" percent="99" />
      <mem type="survivor" free="0" total="5898240" percent="0" />
    </mem>
    <mem type="tenure" free="3967861280" total="3991404544" percent="99" macro-fragmented="0">
      <mem type="soa" free="3768320544" total="3791835136" percent="99" />
      <mem type="loa" free="199540736" total="199569408" percent="99" />
    </mem>
    <remembered-set count="119" />
  </mem-info>
</gc-end>
<cycle-end id="3757" type="scavenge" contextid="3750" timestamp="2019-08-10T03:38:48.443" />
  <attribute name="elasticGC enabled" value="1" />
  <attribute name= "numThreadsSpecified" value="16" />
  <attribute name="heapSize specified" value="-91291648" />
  <attribute name="Current GC Util" value="32" />
  <attribute name= "Current Time Running" value="128587" />
  <attribute name ="GC Interval" value="200" />
  <attribute name="ProportionalT" value="-24.000000" />
  <attribute name="ProportionalI" value="-24.000000" />
  <attribute name="ProportionalH" value="-24.000000" />
  <attribute name="Current Error" value="-48.000000" />
  <attribute name="IntegralT" value="-456.000000" />
  <attribute name="IntegralI" value="-456.000000" />
  <attribute name="IntegralH" value="-456.000000" />
  <attribute name="DerivativeT" value="-2.526316" />
  <attribute name="DerivativeI" value="-2.526316" />
  <attribute name="DerivativeH" value="-2.526316" />
  <attribute name="Loop Time for DT" value="19.000000" />
  <attribute name="Output H" value="4203675648"/>
  <attribute name="Output I" value="200"/>
  <attribute name="Output T" value="16"/>
  <attribute name="Target GC Util Change" value ="80.000000" />
  <attribute name="Current GC Util Change" value="32.000000"/>
  <attribute name="GC Util currently" value="32" />
  <attribute name="CPU Util currently" value="61109294102" />
<allocation-satisfied id="3758" threadId="0000000001842F00" bytesRequested="1168" />
<af-end id="3759" timestamp="2019-08-10T03:38:48.443" threadId="0000000001843888" success="true" from="nursery"/>
<exclusive-end id="3760" timestamp="2019-08-10T03:38:48.443" durationms="2.663" />

<exclusive-start id="3761" timestamp="2019-08-10T03:38:48.487" intervalms="45.913">
  <response-info timems="0.137" idlems="0.137" threads="0" lastid="0000000001842F00" lastname="main" />
</exclusive-start>
<af-start id="3762" threadId="0000000001843888" totalBytesRequested="1168" timestamp="2019-08-10T03:38:48.487" intervalms="45.911" type="nursery" />
<cycle-start id="3763" type="scavenge" contextid="0" timestamp="2019-08-10T03:38:48.487" intervalms="45.913" />
<gc-start id="3764" type="scavenge" contextid="3763" timestamp="2019-08-10T03:38:48.487">
  <mem-info id="3765" free="3967861280" total="4049600512" percent="97">
    <mem type="nursery" free="0" total="58195968" percent="0">
      <mem type="allocate" free="0" total="52297728" percent="0" />
      <mem type="survivor" free="0" total="5898240" percent="0" />
    </mem>
    <mem type="tenure" free="3967861280" total="3991404544" percent="99">
      <mem type="soa" free="3768320544" total="3791835136" percent="99" />
      <mem type="loa" free="199540736" total="199569408" percent="99" />
    </mem>
    <remembered-set count="124" />
  </mem-info>
</gc-start>
<allocation-stats totalBytes="51983448" >
  <allocated-bytes non-tlh="1168" tlh="51982280" />
  <largest-consumer threadName="main" threadId="0000000001842F00" bytes="51983448" />
</allocation-stats>
<gc-op id="3766" type="scavenge" timems="2.915" contextid="3763" timestamp="2019-08-10T03:38:48.490">
  <scavenger-info tenureage="9" tenuremask="fe00" tiltratio="89" />
  <memory-copied type="nursery" objects="28" bytes="1960" bytesdiscarded="30296" />
</gc-op>
<gc-end id="3767" type="scavenge" contextid="3763" durationms="3.664" usertimems="10.292" systemtimems="0.000" timestamp="2019-08-10T03:38:48.490" activeThreads="16">
  <mem-info id="3768" free="4020192288" total="4049600512" percent="99">
    <mem type="nursery" free="52331008" total="58195968" percent="89">
      <mem type="allocate" free="52331008" total="52363264" percent="99" />
      <mem type="survivor" free="0" total="5832704" percent="0" />
    </mem>
    <mem type="tenure" free="3967861280" total="3991404544" percent="99" macro-fragmented="1500163">
      <mem type="soa" free="3768320544" total="3791835136" percent="99" />
      <mem type="loa" free="199540736" total="199569408" percent="99" />
    </mem>
    <remembered-set count="124" />
  </mem-info>
</gc-end>
<cycle-end id="3769" type="scavenge" contextid="3763" timestamp="2019-08-10T03:38:48.490" />
  <attribute name="elasticGC enabled" value="1" />
  <attribute name= "numThreadsSpecified" value="16" />
  <attribute name="heapSize specified" value="-91291648" />
  <attribute name="Current GC Util" value="7" />
  <attribute name= "Current Time Running" value="128633" />
  <attribute name ="GC Interval" value="200" />
  <attribute name="ProportionalT" value="-36.500000" />
  <attribute name="ProportionalI" value="-36.500000" />
  <attribute name="ProportionalH" value="-36.500000" />
  <attribute name="Current Error" value="-73.000000" />
  <attribute name="IntegralT" value="-1679.000000" />
  <attribute name="IntegralI" value="-1679.000000" />
  <attribute name="IntegralH" value="-1679.000000" />
  <attribute name="DerivativeT" value="-1.586957" />
  <attribute name="DerivativeI" value="-1.586957" />
  <attribute name="DerivativeH" value="-1.586957" />
  <attribute name="Loop Time for DT" value="46.000000" />
  <attribute name="Output H" value="4203675648"/>
  <attribute name="Output I" value="200"/>
  <attribute name="Output T" value="16"/>
  <attribute name="Target GC Util Change" value ="80.000000" />
  <attribute name="Current GC Util Change" value="7.000000"/>
  <attribute name="GC Util currently" value="7" />
  <attribute name="CPU Util currently" value="25038092143" />
<allocation-satisfied id="3770" threadId="0000000001842F00" bytesRequested="1168" />
<af-end id="3771" timestamp="2019-08-10T03:38:48.491" threadId="0000000001843888" success="true" from="nursery"/>
<exclusive-end id="3772" timestamp="2019-08-10T03:38:48.491" durationms="3.932" />

<exclusive-start id="3773" timestamp="2019-08-10T03:38:48.526" intervalms="39.433">
  <response-info timems="0.281" idlems="0.281" threads="0" lastid="0000000001842F00" lastname="main" />
</exclusive-start>
<af-start id="3774" threadId="0000000001843888" totalBytesRequested="1168" timestamp="2019-08-10T03:38:48.526" intervalms="39.412" type="nursery" />
<cycle-start id="3775" type="scavenge" contextid="0" timestamp="2019-08-10T03:38:48.526" intervalms="39.407" />
<gc-start id="3776" type="scavenge" contextid="3775" timestamp="2019-08-10T03:38:48.526">
  <mem-info id="3777" free="3967861280" total="4049600512" percent="97">
    <mem type="nursery" free="0" total="58195968" percent="0">
      <mem type="allocate" free="0" total="52363264" percent="0" />
      <mem type="survivor" free="0" total="5832704" percent="0" />
    </mem>
    <mem type="tenure" free="3967861280" total="3991404544" percent="99">
      <mem type="soa" free="3768320544" total="3791835136" percent="99" />
      <mem type="loa" free="199540736" total="199569408" percent="99" />
    </mem>
    <remembered-set count="124" />
  </mem-info>
</gc-start>
<allocation-stats totalBytes="51993960" >
  <allocated-bytes non-tlh="1168" tlh="51992792" />
  <largest-consumer threadName="main" threadId="0000000001842F00" bytes="51993960" />
</allocation-stats>
<gc-op id="3778" type="scavenge" timems="1.219" contextid="3775" timestamp="2019-08-10T03:38:48.527">
  <scavenger-info tenureage="3" tenuremask="fff8" tiltratio="89" />
  <memory-copied type="nursery" objects="29" bytes="1984" bytesdiscarded="30272" />
</gc-op>
<gc-end id="3779" type="scavenge" contextid="3775" durationms="1.899" usertimems="3.881" systemtimems="0.000" timestamp="2019-08-10T03:38:48.528" activeThreads="16">
  <mem-info id="3780" free="4020192288" total="4049600512" percent="99">
    <mem type="nursery" free="52331008" total="58195968" percent="89">
      <mem type="allocate" free="52331008" total="52363264" percent="99" />
      <mem type="survivor" free="0" total="5832704" percent="0" />
    </mem>
    <mem type="tenure" free="3967861280" total="3991404544" percent="99" macro-fragmented="1310760">
      <mem type="soa" free="3768320544" total="3791835136" percent="99" />
      <mem type="loa" free="199540736" total="199569408" percent="99" />
    </mem>
    <remembered-set count="114" />
  </mem-info>
</gc-end>
<cycle-end id="3781" type="scavenge" contextid="3775" timestamp="2019-08-10T03:38:48.528" />
  <attribute name="elasticGC enabled" value="1" />
  <attribute name= "numThreadsSpecified" value="16" />
  <attribute name="heapSize specified" value="-91291648" />
  <attribute name="Current GC Util" value="24" />
  <attribute name= "Current Time Running" value="128672" />
  <attribute name ="GC Interval" value="200" />
  <attribute name="ProportionalT" value="-28.000000" />
  <attribute name="ProportionalI" value="-28.000000" />
  <attribute name="ProportionalH" value="-28.000000" />
  <attribute name="Current Error" value="-56.000000" />
  <attribute name="IntegralT" value="-1092.000000" />
  <attribute name="IntegralI" value="-1092.000000" />
  <attribute name="IntegralH" value="-1092.000000" />
  <attribute name="DerivativeT" value="-1.435897" />
  <attribute name="DerivativeI" value="-1.435897" />
  <attribute name="DerivativeH" value="-1.435897" />
  <attribute name="Loop Time for DT" value="39.000000" />
  <attribute name="Output H" value="4203675648"/>
  <attribute name="Output I" value="200"/>
  <attribute name="Output T" value="16"/>
  <attribute name="Target GC Util Change" value ="80.000000" />
  <attribute name="Current GC Util Change" value="24.000000"/>
  <attribute name="GC Util currently" value="24" />
  <attribute name="CPU Util currently" value="29375319751" />
<allocation-satisfied id="3782" threadId="0000000001842F00" bytesRequested="1168" />
<af-end id="3783" timestamp="2019-08-10T03:38:48.528" threadId="0000000001843888" success="true" from="nursery"/>
<exclusive-end id="3784" timestamp="2019-08-10T03:38:48.528" durationms="2.250" />

<exclusive-start id="3785" timestamp="2019-08-10T03:38:48.566" intervalms="39.991">
  <response-info timems="0.067" idlems="0.067" threads="0" lastid="0000000001842F00" lastname="main" />
</exclusive-start>
<af-start id="3786" threadId="0000000001843888" totalBytesRequested="1168" timestamp="2019-08-10T03:38:48.566" intervalms="40.015" type="nursery" />
<cycle-start id="3787" type="scavenge" contextid="0" timestamp="2019-08-10T03:38:48.566" intervalms="40.343" />
<gc-start id="3788" type="scavenge" contextid="3787" timestamp="2019-08-10T03:38:48.567">
  <mem-info id="3789" free="3967861280" total="4049600512" percent="97">
    <mem type="nursery" free="0" total="58195968" percent="0">
      <mem type="allocate" free="0" total="52363264" percent="0" />
      <mem type="survivor" free="0" total="5832704" percent="0" />
    </mem>
    <mem type="tenure" free="3967861280" total="3991404544" percent="99">
      <mem type="soa" free="3768320544" total="3791835136" percent="99" />
      <mem type="loa" free="199540736" total="199569408" percent="99" />
    </mem>
    <remembered-set count="114" />
  </mem-info>
</gc-start>
<allocation-stats totalBytes="52003392" >
  <allocated-bytes non-tlh="1168" tlh="52002224" />
  <largest-consumer threadName="main" threadId="0000000001842F00" bytes="52003392" />
</allocation-stats>
<gc-op id="3790" type="scavenge" timems="1.876" contextid="3787" timestamp="2019-08-10T03:38:48.568">
  <scavenger-info tenureage="3" tenuremask="fff8" tiltratio="89" />
  <memory-copied type="nursery" objects="29" bytes="1984" bytesdiscarded="30272" />
</gc-op>
<gc-end id="3791" type="scavenge" contextid="3787" durationms="2.515" usertimems="6.907" systemtimems="0.000" timestamp="2019-08-10T03:38:48.569" activeThreads="16">
  <mem-info id="3792" free="4020192288" total="4049600512" percent="99">
    <mem type="nursery" free="52331008" total="58195968" percent="89">
      <mem type="allocate" free="52331008" total="52363264" percent="99" />
      <mem type="survivor" free="0" total="5832704" percent="0" />
    </mem>
    <mem type="tenure" free="3967861280" total="3991404544" percent="99" macro-fragmented="5375357">
      <mem type="soa" free="3768320544" total="3791835136" percent="99" />
      <mem type="loa" free="199540736" total="199569408" percent="99" />
    </mem>
    <remembered-set count="114" />
  </mem-info>
</gc-end>
<cycle-end id="3793" type="scavenge" contextid="3787" timestamp="2019-08-10T03:38:48.569" />
  <attribute name="elasticGC enabled" value="1" />
  <attribute name= "numThreadsSpecified" value="16" />
  <attribute name="heapSize specified" value="-91291648" />
  <attribute name="Current GC Util" value="6" />
  <attribute name= "Current Time Running" value="128713" />
  <attribute name ="GC Interval" value="200" />
  <attribute name="ProportionalT" value="-37.000000" />
  <attribute name="ProportionalI" value="-37.000000" />
  <attribute name="ProportionalH" value="-37.000000" />
  <attribute name="Current Error" value="-74.000000" />
  <attribute name="IntegralT" value="-1517.000000" />
  <attribute name="IntegralI" value="-1517.000000" />
  <attribute name="IntegralH" value="-1517.000000" />
  <attribute name="DerivativeT" value="-1.804878" />
  <attribute name="DerivativeI" value="-1.804878" />
  <attribute name="DerivativeH" value="-1.804878" />
  <attribute name="Loop Time for DT" value="41.000000" />
  <attribute name="Output H" value="4203675648"/>
  <attribute name="Output I" value="200"/>
  <attribute name="Output T" value="16"/>
  <attribute name="Target GC Util Change" value ="80.000000" />
  <attribute name="Current GC Util Change" value="6.000000"/>
  <attribute name="GC Util currently" value="6" />
  <attribute name="CPU Util currently" value="28585004958" />
<allocation-satisfied id="3794" threadId="0000000001842F00" bytesRequested="1168" />
<af-end id="3795" timestamp="2019-08-10T03:38:48.569" threadId="0000000001843888" success="true" from="nursery"/>
<exclusive-end id="3796" timestamp="2019-08-10T03:38:48.569" durationms="3.121" />

<exclusive-start id="3797" timestamp="2019-08-10T03:38:48.594" intervalms="28.439">
  <response-info timems="0.094" idlems="0.094" threads="0" lastid="0000000001842F00" lastname="main" />
</exclusive-start>
<af-start id="3798" threadId="0000000001843888" totalBytesRequested="1168" timestamp="2019-08-10T03:38:48.595" intervalms="28.430" type="nursery" />
<cycle-start id="3799" type="scavenge" contextid="0" timestamp="2019-08-10T03:38:48.595" intervalms="28.099" />
<gc-start id="3800" type="scavenge" contextid="3799" timestamp="2019-08-10T03:38:48.595">
  <mem-info id="3801" free="3967861280" total="4049600512" percent="97">
    <mem type="nursery" free="0" total="58195968" percent="0">
      <mem type="allocate" free="0" total="52363264" percent="0" />
      <mem type="survivor" free="0" total="5832704" percent="0" />
    </mem>
    <mem type="tenure" free="3967861280" total="3991404544" percent="99">
      <mem type="soa" free="3768320544" total="3791835136" percent="99" />
      <mem type="loa" free="199540736" total="199569408" percent="99" />
    </mem>
    <remembered-set count="114" />
  </mem-info>
</gc-start>
<allocation-stats totalBytes="52002176" >
  <allocated-bytes non-tlh="1168" tlh="52001008" />
  <largest-consumer threadName="main" threadId="0000000001842F00" bytes="52002176" />
</allocation-stats>
<gc-op id="3802" type="scavenge" timems="1.759" contextid="3799" timestamp="2019-08-10T03:38:48.596">
  <scavenger-info tenureage="3" tenuremask="fff8" tiltratio="89" />
  <memory-copied type="nursery" objects="2" bytes="64" bytesdiscarded="32192" />
  <memory-copied type="tenure" objects="27" bytes="1920" bytesdiscarded="0" />
</gc-op>
<heap-resize id="3803" type="expand" space="nursery" amount="2490368" count="1" timems="0.019" reason="excessive time being spent scavenging" timestamp="2019-08-10T03:38:48.597" />
<gc-end id="3804" type="scavenge" contextid="3799" durationms="2.633" usertimems="6.468" systemtimems="0.000" timestamp="2019-08-10T03:38:48.597" activeThreads="16">
  <mem-info id="3805" free="4022420512" total="4052090880" percent="99">
    <mem type="nursery" free="54559232" total="60686336" percent="89">
      <mem type="allocate" free="54559232" total="54591488" percent="99" />
      <mem type="survivor" free="0" total="6094848" percent="0" />
    </mem>
    <mem type="tenure" free="3967861280" total="3991404544" percent="99" macro-fragmented="0">
      <mem type="soa" free="3768320544" total="3791835136" percent="99" />
      <mem type="loa" free="199540736" total="199569408" percent="99" />
    </mem>
    <remembered-set count="119" />
  </mem-info>
</gc-end>
<cycle-end id="3806" type="scavenge" contextid="3799" timestamp="2019-08-10T03:38:48.597" />
  <attribute name="elasticGC enabled" value="1" />
  <attribute name= "numThreadsSpecified" value="16" />
  <attribute name="heapSize specified" value="-91291648" />
  <attribute name="Current GC Util" value="18" />
  <attribute name= "Current Time Running" value="128741" />
  <attribute name ="GC Interval" value="200" />
  <attribute name="ProportionalT" value="-31.000000" />
  <attribute name="ProportionalI" value="-31.000000" />
  <attribute name="ProportionalH" value="-31.000000" />
  <attribute name="Current Error" value="-62.000000" />
  <attribute name="IntegralT" value="-868.000000" />
  <attribute name="IntegralI" value="-868.000000" />
  <attribute name="IntegralH" value="-868.000000" />
  <attribute name="DerivativeT" value="-2.214286" />
  <attribute name="DerivativeI" value="-2.214286" />
  <attribute name="DerivativeH" value="-2.214286" />
  <attribute name="Loop Time for DT" value="28.000000" />
  <attribute name="Output H" value="4203675648"/>
  <attribute name="Output I" value="200"/>
  <attribute name="Output T" value="16"/>
  <attribute name="Target GC Util Change" value ="80.000000" />
  <attribute name="Current GC Util Change" value="18.000000"/>
  <attribute name="GC Util currently" value="18" />
  <attribute name="CPU Util currently" value="40854971407" />
<allocation-satisfied id="3807" threadId="0000000001842F00" bytesRequested="1168" />
<af-end id="3808" timestamp="2019-08-10T03:38:48.597" threadId="0000000001843888" success="true" from="nursery"/>
<exclusive-end id="3809" timestamp="2019-08-10T03:38:48.597" durationms="2.924" />

<exclusive-start id="3810" timestamp="2019-08-10T03:38:48.631" intervalms="36.628">
  <response-info timems="0.042" idlems="0.042" threads="0" lastid="0000000001842F00" lastname="main" />
</exclusive-start>
<af-start id="3811" threadId="0000000001843888" totalBytesRequested="1168" timestamp="2019-08-10T03:38:48.631" intervalms="36.624" type="nursery" />
<cycle-start id="3812" type="scavenge" contextid="0" timestamp="2019-08-10T03:38:48.631" intervalms="36.660" />
<gc-start id="3813" type="scavenge" contextid="3812" timestamp="2019-08-10T03:38:48.631">
  <mem-info id="3814" free="3967861280" total="4052090880" percent="97">
    <mem type="nursery" free="0" total="60686336" percent="0">
      <mem type="allocate" free="0" total="54591488" percent="0" />
      <mem type="survivor" free="0" total="6094848" percent="0" />
    </mem>
    <mem type="tenure" free="3967861280" total="3991404544" percent="99">
      <mem type="soa" free="3768320544" total="3791835136" percent="99" />
      <mem type="loa" free="199540736" total="199569408" percent="99" />
    </mem>
    <remembered-set count="119" />
  </mem-info>
</gc-start>
<allocation-stats totalBytes="54217656" >
  <allocated-bytes non-tlh="1168" tlh="54216488" />
  <largest-consumer threadName="main" threadId="0000000001842F00" bytes="54217656" />
</allocation-stats>
<gc-op id="3815" type="scavenge" timems="1.760" contextid="3812" timestamp="2019-08-10T03:38:48.633">
  <scavenger-info tenureage="3" tenuremask="ffe8" tiltratio="89" />
  <memory-copied type="nursery" objects="2" bytes="64" bytesdiscarded="32192" />
</gc-op>
<gc-end id="3816" type="scavenge" contextid="3812" durationms="2.260" usertimems="1.702" systemtimems="0.000" timestamp="2019-08-10T03:38:48.634" activeThreads="16">
  <mem-info id="3817" free="4022420512" total="4052090880" percent="99">
    <mem type="nursery" free="54559232" total="60686336" percent="89">
      <mem type="allocate" free="54559232" total="54591488" percent="99" />
      <mem type="survivor" free="0" total="6094848" percent="0" />
    </mem>
    <mem type="tenure" free="3967861280" total="3991404544" percent="99" macro-fragmented="0">
      <mem type="soa" free="3768320544" total="3791835136" percent="99" />
      <mem type="loa" free="199540736" total="199569408" percent="99" />
    </mem>
    <remembered-set count="119" />
  </mem-info>
</gc-end>
<cycle-end id="3818" type="scavenge" contextid="3812" timestamp="2019-08-10T03:38:48.634" />
  <attribute name="elasticGC enabled" value="1" />
  <attribute name= "numThreadsSpecified" value="16" />
  <attribute name="heapSize specified" value="-91291648" />
  <attribute name="Current GC Util" value="12" />
  <attribute name= "Current Time Running" value="128777" />
  <attribute name ="GC Interval" value="200" />
  <attribute name="ProportionalT" value="-34.000000" />
  <attribute name="ProportionalI" value="-34.000000" />
  <attribute name="ProportionalH" value="-34.000000" />
  <attribute name="Current Error" value="-68.000000" />
  <attribute name="IntegralT" value="-1224.000000" />
  <attribute name="IntegralI" value="-1224.000000" />
  <attribute name="IntegralH" value="-1224.000000" />
  <attribute name="DerivativeT" value="-1.888889" />
  <attribute name="DerivativeI" value="-1.888889" />
  <attribute name="DerivativeH" value="-1.888889" />
  <attribute name="Loop Time for DT" value="36.000000" />
  <attribute name="Output H" value="4203675648"/>
  <attribute name="Output I" value="200"/>
  <attribute name="Output T" value="16"/>
  <attribute name="Target GC Util Change" value ="80.000000" />
  <attribute name="Current GC Util Change" value="12.000000"/>
  <attribute name="GC Util currently" value="12" />
  <attribute name="CPU Util currently" value="31567433402" />
<allocation-satisfied id="3819" threadId="0000000001842F00" bytesRequested="1168" />
<af-end id="3820" timestamp="2019-08-10T03:38:48.634" threadId="0000000001843888" success="true" from="nursery"/>
<exclusive-end id="3821" timestamp="2019-08-10T03:38:48.634" durationms="2.529" />

<exclusive-start id="3822" timestamp="2019-08-10T03:38:48.661" intervalms="29.702">
  <response-info timems="0.058" idlems="0.058" threads="0" lastid="0000000001842F00" lastname="main" />
</exclusive-start>
<af-start id="3823" threadId="0000000001843888" totalBytesRequested="1168" timestamp="2019-08-10T03:38:48.661" intervalms="29.717" type="nursery" />
<cycle-start id="3824" type="scavenge" contextid="0" timestamp="2019-08-10T03:38:48.661" intervalms="29.688" />
<gc-start id="3825" type="scavenge" contextid="3824" timestamp="2019-08-10T03:38:48.661">
  <mem-info id="3826" free="3967861280" total="4052090880" percent="97">
    <mem type="nursery" free="0" total="60686336" percent="0">
      <mem type="allocate" free="0" total="54591488" percent="0" />
      <mem type="survivor" free="0" total="6094848" percent="0" />
    </mem>
    <mem type="tenure" free="3967861280" total="3991404544" percent="99">
      <mem type="soa" free="3768320544" total="3791835136" percent="99" />
      <mem type="loa" free="199540736" total="199569408" percent="99" />
    </mem>
    <remembered-set count="119" />
  </mem-info>
</gc-start>
<allocation-stats totalBytes="54217656" >
  <allocated-bytes non-tlh="1168" tlh="54216488" />
  <largest-consumer threadName="main" threadId="0000000001842F00" bytes="54217656" />
</allocation-stats>
<gc-op id="3827" type="scavenge" timems="1.893" contextid="3824" timestamp="2019-08-10T03:38:48.663">
  <scavenger-info tenureage="3" tenuremask="fff8" tiltratio="89" />
  <memory-copied type="nursery" objects="2" bytes="64" bytesdiscarded="32192" />
</gc-op>
<heap-resize id="3828" type="expand" space="nursery" amount="2228224" count="1" timems="0.018" reason="excessive time being spent scavenging" timestamp="2019-08-10T03:38:48.663" />
<gc-end id="3829" type="scavenge" contextid="3824" durationms="2.627" usertimems="5.138" systemtimems="0.000" timestamp="2019-08-10T03:38:48.664" activeThreads="16">
  <mem-info id="3830" free="4024386592" total="4054319104" percent="99">
    <mem type="nursery" free="56525312" total="62914560" percent="89">
      <mem type="allocate" free="56525312" total="56557568" percent="99" />
      <mem type="survivor" free="0" total="6356992" percent="0" />
    </mem>
    <mem type="tenure" free="3967861280" total="3991404544" percent="99" macro-fragmented="0">
      <mem type="soa" free="3768320544" total="3791835136" percent="99" />
      <mem type="loa" free="199540736" total="199569408" percent="99" />
    </mem>
    <remembered-set count="119" />
  </mem-info>
</gc-end>
<cycle-end id="3831" type="scavenge" contextid="3824" timestamp="2019-08-10T03:38:48.664" />
  <attribute name="elasticGC enabled" value="1" />
  <attribute name= "numThreadsSpecified" value="16" />
  <attribute name="heapSize specified" value="-91291648" />
  <attribute name="Current GC Util" value="5" />
  <attribute name= "Current Time Running" value="128807" />
  <attribute name ="GC Interval" value="200" />
  <attribute name="ProportionalT" value="-37.500000" />
  <attribute name="ProportionalI" value="-37.500000" />
  <attribute name="ProportionalH" value="-37.500000" />
  <attribute name="Current Error" value="-75.000000" />
  <attribute name="IntegralT" value="-1125.000000" />
  <attribute name="IntegralI" value="-1125.000000" />
  <attribute name="IntegralH" value="-1125.000000" />
  <attribute name="DerivativeT" value="-2.500000" />
  <attribute name="DerivativeI" value="-2.500000" />
  <attribute name="DerivativeH" value="-2.500000" />
  <attribute name="Loop Time for DT" value="30.000000" />
  <attribute name="Output H" value="4203675648"/>
  <attribute name="Output I" value="200"/>
  <attribute name="Output T" value="16"/>
  <attribute name="Target GC Util Change" value ="80.000000" />
  <attribute name="Current GC Util Change" value="5.000000"/>
  <attribute name="GC Util currently" value="5" />
  <attribute name="CPU Util currently" value="38712269430" />
<allocation-satisfied id="3832" threadId="0000000001842F00" bytesRequested="1168" />
<af-end id="3833" timestamp="2019-08-10T03:38:48.664" threadId="0000000001843888" success="true" from="nursery"/>
<exclusive-end id="3834" timestamp="2019-08-10T03:38:48.664" durationms="3.091" />

<exclusive-start id="3835" timestamp="2019-08-10T03:38:48.706" intervalms="45.393">
  <response-info timems="0.056" idlems="0.056" threads="0" lastid="0000000001842F00" lastname="main" />
</exclusive-start>
<af-start id="3836" threadId="0000000001843888" totalBytesRequested="1168" timestamp="2019-08-10T03:38:48.706" intervalms="45.380" type="nursery" />
<cycle-start id="3837" type="scavenge" contextid="0" timestamp="2019-08-10T03:38:48.706" intervalms="45.375" />
<gc-start id="3838" type="scavenge" contextid="3837" timestamp="2019-08-10T03:38:48.706">
  <mem-info id="3839" free="3967861280" total="4054319104" percent="97">
    <mem type="nursery" free="0" total="62914560" percent="0">
      <mem type="allocate" free="0" total="56557568" percent="0" />
      <mem type="survivor" free="0" total="6356992" percent="0" />
    </mem>
    <mem type="tenure" free="3967861280" total="3991404544" percent="99">
      <mem type="soa" free="3768320544" total="3791835136" percent="99" />
      <mem type="loa" free="199540736" total="199569408" percent="99" />
    </mem>
    <remembered-set count="119" />
  </mem-info>
</gc-start>
<allocation-stats totalBytes="56171424" >
  <allocated-bytes non-tlh="1168" tlh="56170256" />
  <largest-consumer threadName="main" threadId="0000000001842F00" bytes="56171424" />
</allocation-stats>
<gc-op id="3840" type="scavenge" timems="2.229" contextid="3837" timestamp="2019-08-10T03:38:48.709">
  <scavenger-info tenureage="3" tenuremask="fff8" tiltratio="89" />
  <memory-copied type="nursery" objects="2" bytes="64" bytesdiscarded="32192" />
</gc-op>
<gc-end id="3841" type="scavenge" contextid="3837" durationms="3.020" usertimems="6.927" systemtimems="0.000" timestamp="2019-08-10T03:38:48.709" activeThreads="16">
  <mem-info id="3842" free="4024452128" total="4054319104" percent="99">
    <mem type="nursery" free="56590848" total="62914560" percent="89">
      <mem type="allocate" free="56590848" total="56623104" percent="99" />
      <mem type="survivor" free="0" total="6291456" percent="0" />
    </mem>
    <mem type="tenure" free="3967861280" total="3991404544" percent="99" macro-fragmented="0">
      <mem type="soa" free="3768320544" total="3791835136" percent="99" />
      <mem type="loa" free="199540736" total="199569408" percent="99" />
    </mem>
    <remembered-set count="119" />
  </mem-info>
</gc-end>
<cycle-end id="3843" type="scavenge" contextid="3837" timestamp="2019-08-10T03:38:48.709" />
  <attribute name="elasticGC enabled" value="1" />
  <attribute name= "numThreadsSpecified" value="16" />
  <attribute name="heapSize specified" value="-91291648" />
  <attribute name="Current GC Util" value="6" />
  <attribute name= "Current Time Running" value="128853" />
  <attribute name ="GC Interval" value="200" />
  <attribute name="ProportionalT" value="-37.000000" />
  <attribute name="ProportionalI" value="-37.000000" />
  <attribute name="ProportionalH" value="-37.000000" />
  <attribute name="Current Error" value="-74.000000" />
  <attribute name="IntegralT" value="-1702.000000" />
  <attribute name="IntegralI" value="-1702.000000" />
  <attribute name="IntegralH" value="-1702.000000" />
  <attribute name="DerivativeT" value="-1.608696" />
  <attribute name="DerivativeI" value="-1.608696" />
  <attribute name="DerivativeH" value="-1.608696" />
  <attribute name="Loop Time for DT" value="46.000000" />
  <attribute name="Output H" value="4203675648"/>
  <attribute name="Output I" value="200"/>
  <attribute name="Output T" value="16"/>
  <attribute name="Target GC Util Change" value ="80.000000" />
  <attribute name="Current GC Util Change" value="6.000000"/>
  <attribute name="GC Util currently" value="6" />
  <attribute name="CPU Util currently" value="25399330144" />
<allocation-satisfied id="3844" threadId="0000000001842F00" bytesRequested="1168" />
<af-end id="3845" timestamp="2019-08-10T03:38:48.710" threadId="0000000001843888" success="true" from="nursery"/>
<exclusive-end id="3846" timestamp="2019-08-10T03:38:48.710" durationms="3.335" />

<exclusive-start id="3847" timestamp="2019-08-10T03:38:49.002" intervalms="295.862">
  <response-info timems="0.061" idlems="0.061" threads="0" lastid="0000000001842F00" lastname="main" />
</exclusive-start>
<af-start id="3848" threadId="0000000001843888" totalBytesRequested="24" timestamp="2019-08-10T03:38:49.002" intervalms="295.872" type="nursery" />
<cycle-start id="3849" type="scavenge" contextid="0" timestamp="2019-08-10T03:38:49.002" intervalms="295.871" />
<gc-start id="3850" type="scavenge" contextid="3849" timestamp="2019-08-10T03:38:49.002">
  <mem-info id="3851" free="3967861280" total="4054319104" percent="97">
    <mem type="nursery" free="0" total="62914560" percent="0">
      <mem type="allocate" free="0" total="56623104" percent="0" />
      <mem type="survivor" free="0" total="6291456" percent="0" />
    </mem>
    <mem type="tenure" free="3967861280" total="3991404544" percent="99">
      <mem type="soa" free="3768320544" total="3791835136" percent="99" />
      <mem type="loa" free="199540736" total="199569408" percent="99" />
    </mem>
    <remembered-set count="124" />
  </mem-info>
</gc-start>
<allocation-stats totalBytes="56577664" >
  <allocated-bytes non-tlh="1168" tlh="56576496" />
  <largest-consumer threadName="main" threadId="0000000001842F00" bytes="56577664" />
</allocation-stats>
<gc-op id="3852" type="scavenge" timems="0.719" contextid="3849" timestamp="2019-08-10T03:38:49.003">
  <scavenger-info tenureage="3" tenuremask="fff8" tiltratio="90" />
  <memory-copied type="nursery" objects="161" bytes="5320" bytesdiscarded="26936" />
</gc-op>
<gc-end id="3853" type="scavenge" contextid="3849" durationms="1.238" usertimems="3.301" systemtimems="0.000" timestamp="2019-08-10T03:38:49.003" activeThreads="16">
  <mem-info id="3854" free="4024452128" total="4054319104" percent="99">
    <mem type="nursery" free="56590848" total="62914560" percent="89">
      <mem type="allocate" free="56590848" total="56623104" percent="99" />
      <mem type="survivor" free="0" total="6291456" percent="0" />
    </mem>
    <mem type="tenure" free="3967861280" total="3991404544" percent="99" macro-fragmented="0">
      <mem type="soa" free="3768320544" total="3791835136" percent="99" />
      <mem type="loa" free="199540736" total="199569408" percent="99" />
    </mem>
    <remembered-set count="124" />
  </mem-info>
</gc-end>
<cycle-end id="3855" type="scavenge" contextid="3849" timestamp="2019-08-10T03:38:49.003" />
  <attribute name="elasticGC enabled" value="1" />
  <attribute name= "numThreadsSpecified" value="16" />
  <attribute name="heapSize specified" value="-91291648" />
  <attribute name="Current GC Util" value="1" />
  <attribute name= "Current Time Running" value="129148" />
  <attribute name ="GC Interval" value="200" />
  <attribute name="ProportionalT" value="-39.500000" />
  <attribute name="ProportionalI" value="-39.500000" />
  <attribute name="ProportionalH" value="-39.500000" />
  <attribute name="Current Error" value="-79.000000" />
  <attribute name="IntegralT" value="-11652.500000" />
  <attribute name="IntegralI" value="-11652.500000" />
  <attribute name="IntegralH" value="-11652.500000" />
  <attribute name="DerivativeT" value="-0.267797" />
  <attribute name="DerivativeI" value="-0.267797" />
  <attribute name="DerivativeH" value="-0.267797" />
  <attribute name="Loop Time for DT" value="295.000000" />
  <attribute name="Output H" value="4203675648"/>
  <attribute name="Output I" value="200"/>
  <attribute name="Output T" value="16"/>
  <attribute name="Target GC Util Change" value ="80.000000" />
  <attribute name="Current GC Util Change" value="1.000000"/>
  <attribute name="GC Util currently" value="1" />
  <attribute name="CPU Util currently" value="3897909930" />
<allocation-satisfied id="3856" threadId="0000000001842F00" bytesRequested="24" />
<af-end id="3857" timestamp="2019-08-10T03:38:49.004" threadId="0000000001843888" success="true" from="nursery"/>
<exclusive-end id="3858" timestamp="2019-08-10T03:38:49.004" durationms="1.507" />

<exclusive-start id="3859" timestamp="2019-08-10T03:38:49.259" intervalms="256.649">
  <response-info timems="0.055" idlems="0.055" threads="0" lastid="0000000001842F00" lastname="main" />
</exclusive-start>
<af-start id="3860" threadId="0000000001843888" totalBytesRequested="24" timestamp="2019-08-10T03:38:49.259" intervalms="256.648" type="nursery" />
<cycle-start id="3861" type="scavenge" contextid="0" timestamp="2019-08-10T03:38:49.259" intervalms="256.718" />
<gc-start id="3862" type="scavenge" contextid="3861" timestamp="2019-08-10T03:38:49.259">
  <mem-info id="3863" free="3967861280" total="4054319104" percent="97">
    <mem type="nursery" free="0" total="62914560" percent="0">
      <mem type="allocate" free="0" total="56623104" percent="0" />
      <mem type="survivor" free="0" total="6291456" percent="0" />
    </mem>
    <mem type="tenure" free="3967861280" total="3991404544" percent="99">
      <mem type="soa" free="3768320544" total="3791835136" percent="99" />
      <mem type="loa" free="199540736" total="199569408" percent="99" />
    </mem>
    <remembered-set count="130" />
  </mem-info>
</gc-start>
<allocation-stats totalBytes="56583768" >
  <allocated-bytes non-tlh="24" tlh="56583744" />
  <largest-consumer threadName="main" threadId="0000000001842F00" bytes="56583768" />
</allocation-stats>
<gc-op id="3864" type="scavenge" timems="2.625" contextid="3861" timestamp="2019-08-10T03:38:49.262">
  <scavenger-info tenureage="3" tenuremask="fff8" tiltratio="90" />
  <memory-copied type="nursery" objects="237" bytes="7640" bytesdiscarded="72184" />
  <references type="weak" candidates="37" cleared="0" enqueued="0" />
</gc-op>
<gc-end id="3865" type="scavenge" contextid="3861" durationms="3.775" usertimems="6.598" systemtimems="0.000" timestamp="2019-08-10T03:38:49.263" activeThreads="16">
  <mem-info id="3866" free="4024404512" total="4054319104" percent="99">
    <mem type="nursery" free="56543232" total="62914560" percent="89">
      <mem type="allocate" free="56543232" total="56623104" percent="99" />
      <mem type="survivor" free="0" total="6291456" percent="0" />
    </mem>
    <mem type="tenure" free="3967861280" total="3991404544" percent="99" macro-fragmented="0">
      <mem type="soa" free="3768320544" total="3791835136" percent="99" />
      <mem type="loa" free="199540736" total="199569408" percent="99" />
    </mem>
    <remembered-set count="120" />
  </mem-info>
</gc-end>
<cycle-end id="3867" type="scavenge" contextid="3861" timestamp="2019-08-10T03:38:49.263" />
  <attribute name="elasticGC enabled" value="1" />
  <attribute name= "numThreadsSpecified" value="16" />
  <attribute name="heapSize specified" value="-91291648" />
  <attribute name="Current GC Util" value="0" />
  <attribute name= "Current Time Running" value="129405" />
  <attribute name ="GC Interval" value="200" />
  <attribute name="ProportionalT" value="-40.000000" />
  <attribute name="ProportionalI" value="-40.000000" />
  <attribute name="ProportionalH" value="-40.000000" />
  <attribute name="Current Error" value="-80.000000" />
  <attribute name="IntegralT" value="-10280.000000" />
  <attribute name="IntegralI" value="-10280.000000" />
  <attribute name="IntegralH" value="-10280.000000" />
  <attribute name="DerivativeT" value="-0.311284" />
  <attribute name="DerivativeI" value="-0.311284" />
  <attribute name="DerivativeH" value="-0.311284" />
  <attribute name="Loop Time for DT" value="257.000000" />
  <attribute name="Output H" value="4203675648"/>
  <attribute name="Output I" value="200"/>
  <attribute name="Output T" value="16"/>
  <attribute name="Target GC Util Change" value ="80.000000" />
  <attribute name="Current GC Util Change" value="0.000000"/>
  <attribute name="GC Util currently" value="0" />
  <attribute name="CPU Util currently" value="4491322098" />
<allocation-satisfied id="3868" threadId="0000000001842F00" bytesRequested="24" />
<af-end id="3869" timestamp="2019-08-10T03:38:49.263" threadId="0000000001843888" success="true" from="nursery"/>
<exclusive-end id="3870" timestamp="2019-08-10T03:38:49.263" durationms="4.416" />

<exclusive-start id="3871" timestamp="2019-08-10T03:38:49.338" intervalms="79.650">
  <response-info timems="0.065" idlems="0.065" threads="0" lastid="0000000001842F00" lastname="main" />
</exclusive-start>
<af-start id="3872" threadId="0000000001843888" totalBytesRequested="16" timestamp="2019-08-10T03:38:49.338" intervalms="79.635" type="nursery" />
<cycle-start id="3873" type="scavenge" contextid="0" timestamp="2019-08-10T03:38:49.338" intervalms="79.560" />
<gc-start id="3874" type="scavenge" contextid="3873" timestamp="2019-08-10T03:38:49.338">
  <mem-info id="3875" free="3967861280" total="4054319104" percent="97">
    <mem type="nursery" free="0" total="62914560" percent="0">
      <mem type="allocate" free="0" total="56623104" percent="0" />
      <mem type="survivor" free="0" total="6291456" percent="0" />
    </mem>
    <mem type="tenure" free="3967861280" total="3991404544" percent="99">
      <mem type="soa" free="3768320544" total="3791835136" percent="99" />
      <mem type="loa" free="199540736" total="199569408" percent="99" />
    </mem>
    <remembered-set count="122" />
  </mem-info>
</gc-start>
<allocation-stats totalBytes="56511984" >
  <allocated-bytes non-tlh="24" tlh="56511960" />
  <largest-consumer threadName="main" threadId="0000000001842F00" bytes="56511984" />
</allocation-stats>
<gc-op id="3876" type="scavenge" timems="0.888" contextid="3873" timestamp="2019-08-10T03:38:49.339">
  <scavenger-info tenureage="3" tenuremask="fff8" tiltratio="90" />
  <memory-copied type="nursery" objects="84" bytes="2840" bytesdiscarded="77032" />
  <references type="weak" candidates="37" cleared="7" enqueued="3" />
</gc-op>
<gc-end id="3877" type="scavenge" contextid="3873" durationms="1.393" usertimems="3.571" systemtimems="0.000" timestamp="2019-08-10T03:38:49.340" activeThreads="16">
  <mem-info id="3878" free="4024404512" total="4054319104" percent="99">
    <mem type="nursery" free="56543232" total="62914560" percent="89">
      <mem type="allocate" free="56543232" total="56623104" percent="99" />
      <mem type="survivor" free="0" total="6291456" percent="0" />
    </mem>
    <mem type="tenure" free="3967861280" total="3991404544" percent="99" macro-fragmented="47568">
      <mem type="soa" free="3768320544" total="3791835136" percent="99" />
      <mem type="loa" free="199540736" total="199569408" percent="99" />
    </mem>
    <pending-finalizers system="0" default="0" reference="3" classloader="0" />
    <remembered-set count="122" />
  </mem-info>
</gc-end>
<cycle-end id="3879" type="scavenge" contextid="3873" timestamp="2019-08-10T03:38:49.340" />
  <attribute name="elasticGC enabled" value="1" />
  <attribute name= "numThreadsSpecified" value="16" />
  <attribute name="heapSize specified" value="-91291648" />
  <attribute name="Current GC Util" value="7" />
  <attribute name= "Current Time Running" value="129485" />
  <attribute name ="GC Interval" value="200" />
  <attribute name="ProportionalT" value="-36.500000" />
  <attribute name="ProportionalI" value="-36.500000" />
  <attribute name="ProportionalH" value="-36.500000" />
  <attribute name="Current Error" value="-73.000000" />
  <attribute name="IntegralT" value="-2920.000000" />
  <attribute name="IntegralI" value="-2920.000000" />
  <attribute name="IntegralH" value="-2920.000000" />
  <attribute name="DerivativeT" value="-0.912500" />
  <attribute name="DerivativeI" value="-0.912500" />
  <attribute name="DerivativeH" value="-0.912500" />
  <attribute name="Loop Time for DT" value="80.000000" />
  <attribute name="Output H" value="4203675648"/>
  <attribute name="Output I" value="200"/>
  <attribute name="Output T" value="16"/>
  <attribute name="Target GC Util Change" value ="80.000000" />
  <attribute name="Current GC Util Change" value="7.000000"/>
  <attribute name="GC Util currently" value="7" />
  <attribute name="CPU Util currently" value="14494920262" />
<allocation-satisfied id="3880" threadId="0000000001842F00" bytesRequested="16" />
<af-end id="3881" timestamp="2019-08-10T03:38:49.340" threadId="0000000001843888" success="true" from="nursery"/>
<exclusive-end id="3882" timestamp="2019-08-10T03:38:49.340" durationms="1.686" />

<exclusive-start id="3883" timestamp="2019-08-10T03:38:49.388" intervalms="49.705">
  <response-info timems="0.104" idlems="0.104" threads="0" lastid="0000000001842F00" lastname="main" />
</exclusive-start>
<af-start id="3884" threadId="0000000001843888" totalBytesRequested="264" timestamp="2019-08-10T03:38:49.388" intervalms="49.704" type="nursery" />
<cycle-start id="3885" type="scavenge" contextid="0" timestamp="2019-08-10T03:38:49.388" intervalms="49.712" />
<gc-start id="3886" type="scavenge" contextid="3885" timestamp="2019-08-10T03:38:49.388">
  <mem-info id="3887" free="3967861280" total="4054319104" percent="97">
    <mem type="nursery" free="0" total="62914560" percent="0">
      <mem type="allocate" free="0" total="56623104" percent="0" />
      <mem type="survivor" free="0" total="6291456" percent="0" />
    </mem>
    <mem type="tenure" free="3967861280" total="3991404544" percent="99">
      <mem type="soa" free="3768320544" total="3791835136" percent="99" />
      <mem type="loa" free="199540736" total="199569408" percent="99" />
    </mem>
    <remembered-set count="123" />
  </mem-info>
</gc-start>
<allocation-stats totalBytes="56514744" >
  <allocated-bytes non-tlh="16" tlh="56514728" />
  <largest-consumer threadName="main" threadId="0000000001842F00" bytes="56510648" />
</allocation-stats>
<gc-op id="3888" type="scavenge" timems="1.167" contextid="3885" timestamp="2019-08-10T03:38:49.389">
  <scavenger-info tenureage="3" tenuremask="fff8" tiltratio="90" />
  <memory-copied type="nursery" objects="75" bytes="2936" bytesdiscarded="84616" />
  <memory-copied type="tenure" objects="8" bytes="184" bytesdiscarded="0" />
  <references type="weak" candidates="30" cleared="0" enqueued="0" />
</gc-op>
<gc-end id="3889" type="scavenge" contextid="3885" durationms="1.710" usertimems="3.855" systemtimems="0.000" timestamp="2019-08-10T03:38:49.390" activeThreads="16">
  <mem-info id="3890" free="4024396832" total="4054319104" percent="99">
    <mem type="nursery" free="56535552" total="62914560" percent="89">
      <mem type="allocate" free="56535552" total="56623104" percent="99" />
      <mem type="survivor" free="0" total="6291456" percent="0" />
    </mem>
    <mem type="tenure" free="3967861280" total="3991404544" percent="99" macro-fragmented="0">
      <mem type="soa" free="3768320544" total="3791835136" percent="99" />
      <mem type="loa" free="199540736" total="199569408" percent="99" />
    </mem>
    <remembered-set count="119" />
  </mem-info>
</gc-end>
<cycle-end id="3891" type="scavenge" contextid="3885" timestamp="2019-08-10T03:38:49.390" />
  <attribute name="elasticGC enabled" value="1" />
  <attribute name= "numThreadsSpecified" value="16" />
  <attribute name="heapSize specified" value="-91291648" />
  <attribute name="Current GC Util" value="4" />
  <attribute name= "Current Time Running" value="129534" />
  <attribute name ="GC Interval" value="200" />
  <attribute name="ProportionalT" value="-38.000000" />
  <attribute name="ProportionalI" value="-38.000000" />
  <attribute name="ProportionalH" value="-38.000000" />
  <attribute name="Current Error" value="-76.000000" />
  <attribute name="IntegralT" value="-1862.000000" />
  <attribute name="IntegralI" value="-1862.000000" />
  <attribute name="IntegralH" value="-1862.000000" />
  <attribute name="DerivativeT" value="-1.551020" />
  <attribute name="DerivativeI" value="-1.551020" />
  <attribute name="DerivativeH" value="-1.551020" />
  <attribute name="Loop Time for DT" value="49.000000" />
  <attribute name="Output H" value="4203675648"/>
  <attribute name="Output I" value="200"/>
  <attribute name="Output T" value="16"/>
  <attribute name="Target GC Util Change" value ="80.000000" />
  <attribute name="Current GC Util Change" value="4.000000"/>
  <attribute name="GC Util currently" value="4" />
  <attribute name="CPU Util currently" value="23175462219" />
<allocation-satisfied id="3892" threadId="0000000001842F00" bytesRequested="264" />
<af-end id="3893" timestamp="2019-08-10T03:38:49.390" threadId="0000000001843888" success="true" from="nursery"/>
<exclusive-end id="3894" timestamp="2019-08-10T03:38:49.390" durationms="1.967" />

<exclusive-start id="3895" timestamp="2019-08-10T03:38:49.439" intervalms="50.852">
  <response-info timems="0.179" idlems="0.179" threads="0" lastid="0000000001842F00" lastname="main" />
</exclusive-start>
<af-start id="3896" threadId="0000000001843888" totalBytesRequested="192" timestamp="2019-08-10T03:38:49.439" intervalms="51.046" type="nursery" />
<cycle-start id="3897" type="scavenge" contextid="0" timestamp="2019-08-10T03:38:49.439" intervalms="51.040" />
<gc-start id="3898" type="scavenge" contextid="3897" timestamp="2019-08-10T03:38:49.439">
  <mem-info id="3899" free="3967861280" total="4054319104" percent="97">
    <mem type="nursery" free="0" total="62914560" percent="0">
      <mem type="allocate" free="0" total="56623104" percent="0" />
      <mem type="survivor" free="0" total="6291456" percent="0" />
    </mem>
    <mem type="tenure" free="3967861280" total="3991404544" percent="99">
      <mem type="soa" free="3768320544" total="3791835136" percent="99" />
      <mem type="loa" free="199540736" total="199569408" percent="99" />
    </mem>
    <remembered-set count="119" />
  </mem-info>
</gc-start>
<allocation-stats totalBytes="56506192" >
  <allocated-bytes non-tlh="264" tlh="56505928" />
  <largest-consumer threadName="main" threadId="0000000001842F00" bytes="56506192" />
</allocation-stats>
<gc-op id="3900" type="scavenge" timems="1.174" contextid="3897" timestamp="2019-08-10T03:38:49.440">
  <scavenger-info tenureage="3" tenuremask="ffe8" tiltratio="90" />
  <memory-copied type="nursery" objects="25" bytes="1392" bytesdiscarded="46224" />
  <memory-copied type="tenure" objects="50" bytes="1464" bytesdiscarded="0" />
</gc-op>
<gc-end id="3901" type="scavenge" contextid="3897" durationms="1.906" usertimems="5.817" systemtimems="0.000" timestamp="2019-08-10T03:38:49.441" activeThreads="16">
  <mem-info id="3902" free="4024436768" total="4054319104" percent="99">
    <mem type="nursery" free="56575488" total="62914560" percent="89">
      <mem type="allocate" free="56575488" total="56623104" percent="99" />
      <mem type="survivor" free="0" total="6291456" percent="0" />
    </mem>
    <mem type="tenure" free="3967861280" total="3991404544" percent="99" macro-fragmented="32608">
      <mem type="soa" free="3768320544" total="3791835136" percent="99" />
      <mem type="loa" free="199540736" total="199569408" percent="99" />
    </mem>
    <remembered-set count="113" />
  </mem-info>
</gc-end>
<cycle-end id="3903" type="scavenge" contextid="3897" timestamp="2019-08-10T03:38:49.441" />
  <attribute name="elasticGC enabled" value="1" />
  <attribute name= "numThreadsSpecified" value="16" />
  <attribute name="heapSize specified" value="-91291648" />
  <attribute name="Current GC Util" value="4" />
  <attribute name= "Current Time Running" value="129585" />
  <attribute name ="GC Interval" value="200" />
  <attribute name="ProportionalT" value="-38.000000" />
  <attribute name="ProportionalI" value="-38.000000" />
  <attribute name="ProportionalH" value="-38.000000" />
  <attribute name="Current Error" value="-76.000000" />
  <attribute name="IntegralT" value="-1938.000000" />
  <attribute name="IntegralI" value="-1938.000000" />
  <attribute name="IntegralH" value="-1938.000000" />
  <attribute name="DerivativeT" value="-1.490196" />
  <attribute name="DerivativeI" value="-1.490196" />
  <attribute name="DerivativeH" value="-1.490196" />
  <attribute name="Loop Time for DT" value="51.000000" />
  <attribute name="Output H" value="4203675648"/>
  <attribute name="Output I" value="200"/>
  <attribute name="Output T" value="16"/>
  <attribute name="Target GC Util Change" value ="80.000000" />
  <attribute name="Current GC Util Change" value="4.000000"/>
  <attribute name="GC Util currently" value="4" />
  <attribute name="CPU Util currently" value="22599355574" />
<allocation-satisfied id="3904" threadId="0000000001842F00" bytesRequested="192" />
<af-end id="3905" timestamp="2019-08-10T03:38:49.441" threadId="0000000001843888" success="true" from="nursery"/>
<exclusive-end id="3906" timestamp="2019-08-10T03:38:49.441" durationms="2.384" />

<exclusive-start id="3907" timestamp="2019-08-10T03:38:49.490" intervalms="51.098">
  <response-info timems="0.188" idlems="0.188" threads="0" lastid="0000000001842F00" lastname="main" />
</exclusive-start>
<af-start id="3908" threadId="0000000001843888" totalBytesRequested="240" timestamp="2019-08-10T03:38:49.490" intervalms="50.943" type="nursery" />
<cycle-start id="3909" type="scavenge" contextid="0" timestamp="2019-08-10T03:38:49.490" intervalms="50.946" />
<gc-start id="3910" type="scavenge" contextid="3909" timestamp="2019-08-10T03:38:49.490">
  <mem-info id="3911" free="3967861280" total="4054319104" percent="97">
    <mem type="nursery" free="0" total="62914560" percent="0">
      <mem type="allocate" free="0" total="56623104" percent="0" />
      <mem type="survivor" free="0" total="6291456" percent="0" />
    </mem>
    <mem type="tenure" free="3967861280" total="3991404544" percent="99">
      <mem type="soa" free="3768320544" total="3791835136" percent="99" />
      <mem type="loa" free="199540736" total="199569408" percent="99" />
    </mem>
    <remembered-set count="113" />
  </mem-info>
</gc-start>
<allocation-stats totalBytes="56545888" >
  <allocated-bytes non-tlh="192" tlh="56545696" />
  <largest-consumer threadName="main" threadId="0000000001842F00" bytes="56545888" />
</allocation-stats>
<gc-op id="3912" type="scavenge" timems="1.514" contextid="3909" timestamp="2019-08-10T03:38:49.492">
  <scavenger-info tenureage="3" tenuremask="ffe8" tiltratio="90" />
  <memory-copied type="nursery" objects="7" bytes="872" bytesdiscarded="31384" />
  <memory-copied type="tenure" objects="18" bytes="568" bytesdiscarded="0" />
</gc-op>
<gc-end id="3913" type="scavenge" contextid="3909" durationms="2.198" usertimems="4.743" systemtimems="0.000" timestamp="2019-08-10T03:38:49.492" activeThreads="16">
  <mem-info id="3914" free="4024452128" total="4054319104" percent="99">
    <mem type="nursery" free="56590848" total="62914560" percent="89">
      <mem type="allocate" free="56590848" total="56623104" percent="99" />
      <mem type="survivor" free="0" total="6291456" percent="0" />
    </mem>
    <mem type="tenure" free="3967861280" total="3991404544" percent="99" macro-fragmented="868149">
      <mem type="soa" free="3768320544" total="3791835136" percent="99" />
      <mem type="loa" free="199540736" total="199569408" percent="99" />
    </mem>
    <remembered-set count="115" />
  </mem-info>
</gc-end>
<cycle-end id="3915" type="scavenge" contextid="3909" timestamp="2019-08-10T03:38:49.492" />
  <attribute name="elasticGC enabled" value="1" />
  <attribute name= "numThreadsSpecified" value="16" />
  <attribute name="heapSize specified" value="-91291648" />
  <attribute name="Current GC Util" value="4" />
  <attribute name= "Current Time Running" value="129636" />
  <attribute name ="GC Interval" value="200" />
  <attribute name="ProportionalT" value="-38.000000" />
  <attribute name="ProportionalI" value="-38.000000" />
  <attribute name="ProportionalH" value="-38.000000" />
  <attribute name="Current Error" value="-76.000000" />
  <attribute name="IntegralT" value="-1938.000000" />
  <attribute name="IntegralI" value="-1938.000000" />
  <attribute name="IntegralH" value="-1938.000000" />
  <attribute name="DerivativeT" value="-1.490196" />
  <attribute name="DerivativeI" value="-1.490196" />
  <attribute name="DerivativeH" value="-1.490196" />
  <attribute name="Loop Time for DT" value="51.000000" />
  <attribute name="Output H" value="4203675648"/>
  <attribute name="Output I" value="200"/>
  <attribute name="Output T" value="16"/>
  <attribute name="Target GC Util Change" value ="80.000000" />
  <attribute name="Current GC Util Change" value="4.000000"/>
  <attribute name="GC Util currently" value="4" />
  <attribute name="CPU Util currently" value="22632222547" />
<allocation-satisfied id="3916" threadId="0000000001842F00" bytesRequested="240" />
<af-end id="3917" timestamp="2019-08-10T03:38:49.492" threadId="0000000001843888" success="true" from="nursery"/>
<exclusive-end id="3918" timestamp="2019-08-10T03:38:49.493" durationms="2.510" />

<exclusive-start id="3919" timestamp="2019-08-10T03:38:49.551" intervalms="61.384">
  <response-info timems="0.055" idlems="0.055" threads="0" lastid="0000000001842F00" lastname="main" />
</exclusive-start>
<af-start id="3920" threadId="0000000001843888" totalBytesRequested="192" timestamp="2019-08-10T03:38:49.551" intervalms="61.348" type="nursery" />
<cycle-start id="3921" type="scavenge" contextid="0" timestamp="2019-08-10T03:38:49.551" intervalms="61.345" />
<gc-start id="3922" type="scavenge" contextid="3921" timestamp="2019-08-10T03:38:49.552">
  <mem-info id="3923" free="3967861280" total="4054319104" percent="97">
    <mem type="nursery" free="0" total="62914560" percent="0">
      <mem type="allocate" free="0" total="56623104" percent="0" />
      <mem type="survivor" free="0" total="6291456" percent="0" />
    </mem>
    <mem type="tenure" free="3967861280" total="3991404544" percent="99">
      <mem type="soa" free="3768320544" total="3791835136" percent="99" />
      <mem type="loa" free="199540736" total="199569408" percent="99" />
    </mem>
    <remembered-set count="120" />
  </mem-info>
</gc-start>
<allocation-stats totalBytes="56543344" >
  <allocated-bytes non-tlh="240" tlh="56543104" />
  <largest-consumer threadName="main" threadId="0000000001842F00" bytes="56543344" />
</allocation-stats>
<gc-op id="3924" type="scavenge" timems="0.936" contextid="3921" timestamp="2019-08-10T03:38:49.552">
  <scavenger-info tenureage="3" tenuremask="ffe8" tiltratio="90" />
  <memory-copied type="nursery" objects="29" bytes="1288" bytesdiscarded="30968" />
  <memory-copied type="tenure" objects="1" bytes="520" bytesdiscarded="0" />
</gc-op>
<gc-end id="3925" type="scavenge" contextid="3921" durationms="1.593" usertimems="4.272" systemtimems="0.000" timestamp="2019-08-10T03:38:49.553" activeThreads="16">
  <mem-info id="3926" free="4024452128" total="4054319104" percent="99">
    <mem type="nursery" free="56590848" total="62914560" percent="89">
      <mem type="allocate" free="56590848" total="56623104" percent="99" />
      <mem type="survivor" free="0" total="6291456" percent="0" />
    </mem>
    <mem type="tenure" free="3967861280" total="3991404544" percent="99" macro-fragmented="6450429">
      <mem type="soa" free="3768320544" total="3791835136" percent="99" />
      <mem type="loa" free="199540736" total="199569408" percent="99" />
    </mem>
    <remembered-set count="119" />
  </mem-info>
</gc-end>
<cycle-end id="3927" type="scavenge" contextid="3921" timestamp="2019-08-10T03:38:49.553" />
  <attribute name="elasticGC enabled" value="1" />
  <attribute name= "numThreadsSpecified" value="16" />
  <attribute name="heapSize specified" value="-91291648" />
  <attribute name="Current GC Util" value="4" />
  <attribute name= "Current Time Running" value="129698" />
  <attribute name ="GC Interval" value="200" />
  <attribute name="ProportionalT" value="-38.000000" />
  <attribute name="ProportionalI" value="-38.000000" />
  <attribute name="ProportionalH" value="-38.000000" />
  <attribute name="Current Error" value="-76.000000" />
  <attribute name="IntegralT" value="-2356.000000" />
  <attribute name="IntegralI" value="-2356.000000" />
  <attribute name="IntegralH" value="-2356.000000" />
  <attribute name="DerivativeT" value="-1.225806" />
  <attribute name="DerivativeI" value="-1.225806" />
  <attribute name="DerivativeH" value="-1.225806" />
  <attribute name="Loop Time for DT" value="62.000000" />
  <attribute name="Output H" value="4203675648"/>
  <attribute name="Output I" value="200"/>
  <attribute name="Output T" value="16"/>
  <attribute name="Target GC Util Change" value ="80.000000" />
  <attribute name="Current GC Util Change" value="4.000000"/>
  <attribute name="GC Util currently" value="4" />
  <attribute name="CPU Util currently" value="18796287770" />
<allocation-satisfied id="3928" threadId="0000000001842F00" bytesRequested="192" />
<af-end id="3929" timestamp="2019-08-10T03:38:49.553" threadId="0000000001843888" success="true" from="nursery"/>
<exclusive-end id="3930" timestamp="2019-08-10T03:38:49.553" durationms="1.843" />

<exclusive-start id="3931" timestamp="2019-08-10T03:38:49.666" intervalms="114.688">
  <response-info timems="0.341" idlems="0.341" threads="0" lastid="0000000001842F00" lastname="main" />
</exclusive-start>
<af-start id="3932" threadId="0000000001843888" totalBytesRequested="64" timestamp="2019-08-10T03:38:49.666" intervalms="114.697" type="nursery" />
<cycle-start id="3933" type="scavenge" contextid="0" timestamp="2019-08-10T03:38:49.666" intervalms="114.706" />
<gc-start id="3934" type="scavenge" contextid="3933" timestamp="2019-08-10T03:38:49.666">
  <mem-info id="3935" free="3967861280" total="4054319104" percent="97">
    <mem type="nursery" free="0" total="62914560" percent="0">
      <mem type="allocate" free="0" total="56623104" percent="0" />
      <mem type="survivor" free="0" total="6291456" percent="0" />
    </mem>
    <mem type="tenure" free="3967861280" total="3991404544" percent="99">
      <mem type="soa" free="3768320544" total="3791835136" percent="99" />
      <mem type="loa" free="199540736" total="199569408" percent="99" />
    </mem>
    <remembered-set count="121" />
  </mem-info>
</gc-start>
<allocation-stats totalBytes="56550040" >
  <allocated-bytes non-tlh="192" tlh="56549848" />
  <largest-consumer threadName="main" threadId="0000000001842F00" bytes="56550040" />
</allocation-stats>
<gc-op id="3936" type="scavenge" timems="0.958" contextid="3933" timestamp="2019-08-10T03:38:49.667">
  <scavenger-info tenureage="3" tenuremask="ffe8" tiltratio="90" />
  <memory-copied type="nursery" objects="62" bytes="2672" bytesdiscarded="29584" />
</gc-op>
<gc-end id="3937" type="scavenge" contextid="3933" durationms="1.808" usertimems="5.598" systemtimems="0.000" timestamp="2019-08-10T03:38:49.668" activeThreads="16">
  <mem-info id="3938" free="4024452128" total="4054319104" percent="99">
    <mem type="nursery" free="56590848" total="62914560" percent="89">
      <mem type="allocate" free="56590848" total="56623104" percent="99" />
      <mem type="survivor" free="0" total="6291456" percent="0" />
    </mem>
    <mem type="tenure" free="3967861280" total="3991404544" percent="99" macro-fragmented="1310760">
      <mem type="soa" free="3768320544" total="3791835136" percent="99" />
      <mem type="loa" free="199540736" total="199569408" percent="99" />
    </mem>
    <remembered-set count="116" />
  </mem-info>
</gc-end>
<cycle-end id="3939" type="scavenge" contextid="3933" timestamp="2019-08-10T03:38:49.668" />
  <attribute name="elasticGC enabled" value="1" />
  <attribute name= "numThreadsSpecified" value="16" />
  <attribute name="heapSize specified" value="-91291648" />
  <attribute name="Current GC Util" value="1" />
  <attribute name= "Current Time Running" value="129812" />
  <attribute name ="GC Interval" value="200" />
  <attribute name="ProportionalT" value="-39.500000" />
  <attribute name="ProportionalI" value="-39.500000" />
  <attribute name="ProportionalH" value="-39.500000" />
  <attribute name="Current Error" value="-79.000000" />
  <attribute name="IntegralT" value="-4503.000000" />
  <attribute name="IntegralI" value="-4503.000000" />
  <attribute name="IntegralH" value="-4503.000000" />
  <attribute name="DerivativeT" value="-0.692982" />
  <attribute name="DerivativeI" value="-0.692982" />
  <attribute name="DerivativeH" value="-0.692982" />
  <attribute name="Loop Time for DT" value="114.000000" />
  <attribute name="Output H" value="4203675648"/>
  <attribute name="Output I" value="200"/>
  <attribute name="Output T" value="16"/>
  <attribute name="Target GC Util Change" value ="80.000000" />
  <attribute name="Current GC Util Change" value="1.000000"/>
  <attribute name="GC Util currently" value="1" />
  <attribute name="CPU Util currently" value="10047249730" />
<allocation-satisfied id="3940" threadId="0000000001842F00" bytesRequested="64" />
<af-end id="3941" timestamp="2019-08-10T03:38:49.668" threadId="0000000001843888" success="true" from="nursery"/>
<exclusive-end id="3942" timestamp="2019-08-10T03:38:49.668" durationms="2.127" />

<exclusive-start id="3943" timestamp="2019-08-10T03:38:49.872" intervalms="206.358">
  <response-info timems="0.138" idlems="0.138" threads="0" lastid="0000000001842F00" lastname="main" />
</exclusive-start>
<af-start id="3944" threadId="0000000001843888" totalBytesRequested="24" timestamp="2019-08-10T03:38:49.872" intervalms="206.364" type="nursery" />
<cycle-start id="3945" type="scavenge" contextid="0" timestamp="2019-08-10T03:38:49.873" intervalms="206.370" />
<gc-start id="3946" type="scavenge" contextid="3945" timestamp="2019-08-10T03:38:49.873">
  <mem-info id="3947" free="3967861280" total="4054319104" percent="97">
    <mem type="nursery" free="0" total="62914560" percent="0">
      <mem type="allocate" free="0" total="56623104" percent="0" />
      <mem type="survivor" free="0" total="6291456" percent="0" />
    </mem>
    <mem type="tenure" free="3967861280" total="3991404544" percent="99">
      <mem type="soa" free="3768320544" total="3791835136" percent="99" />
      <mem type="loa" free="199540736" total="199569408" percent="99" />
    </mem>
    <remembered-set count="116" />
  </mem-info>
</gc-start>
<allocation-stats totalBytes="56578992" >
  <allocated-bytes non-tlh="64" tlh="56578928" />
  <largest-consumer threadName="main" threadId="0000000001842F00" bytes="56578992" />
</allocation-stats>
<gc-op id="3948" type="scavenge" timems="1.958" contextid="3945" timestamp="2019-08-10T03:38:49.875">
  <scavenger-info tenureage="3" tenuremask="fff8" tiltratio="90" />
  <memory-copied type="nursery" objects="58" bytes="2512" bytesdiscarded="29744" />
</gc-op>
<gc-end id="3949" type="scavenge" contextid="3945" durationms="2.589" usertimems="5.456" systemtimems="0.000" timestamp="2019-08-10T03:38:49.875" activeThreads="16">
  <mem-info id="3950" free="4024452128" total="4054319104" percent="99">
    <mem type="nursery" free="56590848" total="62914560" percent="89">
      <mem type="allocate" free="56590848" total="56623104" percent="99" />
      <mem type="survivor" free="0" total="6291456" percent="0" />
    </mem>
    <mem type="tenure" free="3967861280" total="3991404544" percent="99" macro-fragmented="3110739">
      <mem type="soa" free="3768320544" total="3791835136" percent="99" />
      <mem type="loa" free="199540736" total="199569408" percent="99" />
    </mem>
    <remembered-set count="116" />
  </mem-info>
</gc-end>
<cycle-end id="3951" type="scavenge" contextid="3945" timestamp="2019-08-10T03:38:49.875" />
  <attribute name="elasticGC enabled" value="1" />
  <attribute name= "numThreadsSpecified" value="16" />
  <attribute name="heapSize specified" value="-91291648" />
  <attribute name="Current GC Util" value="1" />
  <attribute name= "Current Time Running" value="130019" />
  <attribute name ="GC Interval" value="200" />
  <attribute name="ProportionalT" value="-39.500000" />
  <attribute name="ProportionalI" value="-39.500000" />
  <attribute name="ProportionalH" value="-39.500000" />
  <attribute name="Current Error" value="-79.000000" />
  <attribute name="IntegralT" value="-8176.500000" />
  <attribute name="IntegralI" value="-8176.500000" />
  <attribute name="IntegralH" value="-8176.500000" />
  <attribute name="DerivativeT" value="-0.381643" />
  <attribute name="DerivativeI" value="-0.381643" />
  <attribute name="DerivativeH" value="-0.381643" />
  <attribute name="Loop Time for DT" value="207.000000" />
  <attribute name="Output H" value="4203675648"/>
  <attribute name="Output I" value="200"/>
  <attribute name="Output T" value="16"/>
  <attribute name="Target GC Util Change" value ="80.000000" />
  <attribute name="Current GC Util Change" value="1.000000"/>
  <attribute name="GC Util currently" value="1" />
  <attribute name="CPU Util currently" value="5584007673" />
<allocation-satisfied id="3952" threadId="0000000001842F00" bytesRequested="24" />
<af-end id="3953" timestamp="2019-08-10T03:38:49.875" threadId="0000000001843888" success="true" from="nursery"/>
<exclusive-end id="3954" timestamp="2019-08-10T03:38:49.875" durationms="2.930" />

<exclusive-start id="3955" timestamp="2019-08-10T03:38:51.116" intervalms="1243.580">
  <response-info timems="0.054" idlems="0.054" threads="0" lastid="0000000001842F00" lastname="main" />
</exclusive-start>
<af-start id="3956" threadId="0000000001843888" totalBytesRequested="13488" timestamp="2019-08-10T03:38:51.116" intervalms="1243.560" type="nursery" />
<cycle-start id="3957" type="scavenge" contextid="0" timestamp="2019-08-10T03:38:51.116" intervalms="1243.544" />
<gc-start id="3958" type="scavenge" contextid="3957" timestamp="2019-08-10T03:38:51.116">
  <mem-info id="3959" free="3967861280" total="4054319104" percent="97">
    <mem type="nursery" free="0" total="62914560" percent="0">
      <mem type="allocate" free="0" total="56623104" percent="0" />
      <mem type="survivor" free="0" total="6291456" percent="0" />
    </mem>
    <mem type="tenure" free="3967861280" total="3991404544" percent="99">
      <mem type="soa" free="3768320544" total="3791835136" percent="99" />
      <mem type="loa" free="199540736" total="199569408" percent="99" />
    </mem>
    <remembered-set count="128" />
  </mem-info>
</gc-start>
<allocation-stats totalBytes="53886288" >
  <allocated-bytes non-tlh="24" tlh="53886264" />
  <largest-consumer threadName="main" threadId="0000000001842F00" bytes="53886288" />
</allocation-stats>
<gc-op id="3960" type="scavenge" timems="0.956" contextid="3957" timestamp="2019-08-10T03:38:51.117">
  <scavenger-info tenureage="3" tenuremask="fff8" tiltratio="90" />
  <memory-copied type="nursery" objects="78" bytes="20424" bytesdiscarded="20832" />
  <memory-copied type="tenure" objects="12" bytes="560" bytesdiscarded="0" />
</gc-op>
<gc-end id="3961" type="scavenge" contextid="3957" durationms="1.429" usertimems="1.968" systemtimems="0.000" timestamp="2019-08-10T03:38:51.118" activeThreads="16">
  <mem-info id="3962" free="4024443128" total="4054319104" percent="99">
    <mem type="nursery" free="56581848" total="62914560" percent="89">
      <mem type="allocate" free="56581848" total="56623104" percent="99" />
      <mem type="survivor" free="0" total="6291456" percent="0" />
    </mem>
    <mem type="tenure" free="3967861280" total="3991404544" percent="99" macro-fragmented="0">
      <mem type="soa" free="3768320544" total="3791835136" percent="99" />
      <mem type="loa" free="199540736" total="199569408" percent="99" />
    </mem>
    <remembered-set count="124" />
  </mem-info>
</gc-end>
<cycle-end id="3963" type="scavenge" contextid="3957" timestamp="2019-08-10T03:38:51.118" />
  <attribute name="elasticGC enabled" value="1" />
  <attribute name= "numThreadsSpecified" value="16" />
  <attribute name="heapSize specified" value="-91291648" />
  <attribute name="Current GC Util" value="0" />
  <attribute name= "Current Time Running" value="131262" />
  <attribute name ="GC Interval" value="200" />
  <attribute name="ProportionalT" value="-40.000000" />
  <attribute name="ProportionalI" value="-40.000000" />
  <attribute name="ProportionalH" value="-40.000000" />
  <attribute name="Current Error" value="-80.000000" />
  <attribute name="IntegralT" value="-49720.000000" />
  <attribute name="IntegralI" value="-49720.000000" />
  <attribute name="IntegralH" value="-49720.000000" />
  <attribute name="DerivativeT" value="-0.064360" />
  <attribute name="DerivativeI" value="-0.064360" />
  <attribute name="DerivativeH" value="-0.064360" />
  <attribute name="Loop Time for DT" value="1243.000000" />
  <attribute name="Output H" value="4203675648"/>
  <attribute name="Output I" value="200"/>
  <attribute name="Output T" value="16"/>
  <attribute name="Target GC Util Change" value ="80.000000" />
  <attribute name="Current GC Util Change" value="0.000000"/>
  <attribute name="GC Util currently" value="0" />
  <attribute name="CPU Util currently" value="21" />
<allocation-satisfied id="3964" threadId="0000000001842F00" bytesRequested="13488" />
<af-end id="3965" timestamp="2019-08-10T03:38:51.118" threadId="0000000001843888" success="true" from="nursery"/>
<exclusive-end id="3966" timestamp="2019-08-10T03:38:51.118" durationms="1.630" />

<exclusive-start id="3967" timestamp="2019-08-10T03:38:52.157" intervalms="1040.546">
  <response-info timems="0.054" idlems="0.054" threads="0" lastid="0000000001842F00" lastname="main" />
</exclusive-start>
<af-start id="3968" threadId="0000000001843888" totalBytesRequested="32" timestamp="2019-08-10T03:38:52.157" intervalms="1040.550" type="nursery" />
<cycle-start id="3969" type="scavenge" contextid="0" timestamp="2019-08-10T03:38:52.157" intervalms="1040.552" />
<gc-start id="3970" type="scavenge" contextid="3969" timestamp="2019-08-10T03:38:52.157">
  <mem-info id="3971" free="3967861280" total="4054319104" percent="97">
    <mem type="nursery" free="0" total="62914560" percent="0">
      <mem type="allocate" free="0" total="56623104" percent="0" />
      <mem type="survivor" free="0" total="6291456" percent="0" />
    </mem>
    <mem type="tenure" free="3967861280" total="3991404544" percent="99">
      <mem type="soa" free="3768320544" total="3791835136" percent="99" />
      <mem type="loa" free="199540736" total="199569408" percent="99" />
    </mem>
    <remembered-set count="134" />
  </mem-info>
</gc-start>
<allocation-stats totalBytes="56577352" >
  <allocated-bytes non-tlh="13488" tlh="56563864" />
  <largest-consumer threadName="main" threadId="0000000001842F00" bytes="56577352" />
</allocation-stats>
<gc-op id="3972" type="scavenge" timems="2.344" contextid="3969" timestamp="2019-08-10T03:38:52.159">
  <scavenger-info tenureage="5" tenuremask="ffe0" tiltratio="90" />
  <memory-copied type="nursery" objects="102" bytes="2776" bytesdiscarded="13352" />
</gc-op>
<gc-end id="3973" type="scavenge" contextid="3969" durationms="2.841" usertimems="1.584" systemtimems="0.000" timestamp="2019-08-10T03:38:52.160" activeThreads="16">
  <mem-info id="3974" free="4024468256" total="4054319104" percent="99">
    <mem type="nursery" free="56606976" total="62914560" percent="89">
      <mem type="allocate" free="56606976" total="56623104" percent="99" />
      <mem type="survivor" free="0" total="6291456" percent="0" />
    </mem>
    <mem type="tenure" free="3967861280" total="3991404544" percent="99" macro-fragmented="1800196">
      <mem type="soa" free="3768320544" total="3791835136" percent="99" />
      <mem type="loa" free="199540736" total="199569408" percent="99" />
    </mem>
    <remembered-set count="134" />
  </mem-info>
</gc-end>
<cycle-end id="3975" type="scavenge" contextid="3969" timestamp="2019-08-10T03:38:52.160" />
  <attribute name="elasticGC enabled" value="1" />
  <attribute name= "numThreadsSpecified" value="16" />
  <attribute name="heapSize specified" value="-91291648" />
  <attribute name="Current GC Util" value="0" />
  <attribute name= "Current Time Running" value="132303" />
  <attribute name ="GC Interval" value="200" />
  <attribute name="ProportionalT" value="-40.000000" />
  <attribute name="ProportionalI" value="-40.000000" />
  <attribute name="ProportionalH" value="-40.000000" />
  <attribute name="Current Error" value="-80.000000" />
  <attribute name="IntegralT" value="-41640.000000" />
  <attribute name="IntegralI" value="-41640.000000" />
  <attribute name="IntegralH" value="-41640.000000" />
  <attribute name="DerivativeT" value="-0.076849" />
  <attribute name="DerivativeI" value="-0.076849" />
  <attribute name="DerivativeH" value="-0.076849" />
  <attribute name="Loop Time for DT" value="1041.000000" />
  <attribute name="Output H" value="4203675648"/>
  <attribute name="Output I" value="200"/>
  <attribute name="Output T" value="16"/>
  <attribute name="Target GC Util Change" value ="80.000000" />
  <attribute name="Current GC Util Change" value="0.000000"/>
  <attribute name="GC Util currently" value="0" />
  <attribute name="CPU Util currently" value="14" />
<allocation-satisfied id="3976" threadId="0000000001842F00" bytesRequested="32" />
<af-end id="3977" timestamp="2019-08-10T03:38:52.160" threadId="0000000001843888" success="true" from="nursery"/>
<exclusive-end id="3978" timestamp="2019-08-10T03:38:52.160" durationms="3.088" />

<exclusive-start id="3979" timestamp="2019-08-10T03:38:52.532" intervalms="375.894">
  <response-info timems="0.120" idlems="0.120" threads="0" lastid="0000000001842F00" lastname="main" />
</exclusive-start>
<af-start id="3980" threadId="0000000001843888" totalBytesRequested="80" timestamp="2019-08-10T03:38:52.533" intervalms="375.901" type="nursery" />
<cycle-start id="3981" type="scavenge" contextid="0" timestamp="2019-08-10T03:38:52.533" intervalms="375.908" />
<gc-start id="3982" type="scavenge" contextid="3981" timestamp="2019-08-10T03:38:52.533">
  <mem-info id="3983" free="3967861248" total="4054319104" percent="97">
    <mem type="nursery" free="0" total="62914560" percent="0">
      <mem type="allocate" free="0" total="56623104" percent="0" />
      <mem type="survivor" free="0" total="6291456" percent="0" />
    </mem>
    <mem type="tenure" free="3967861248" total="3991404544" percent="99">
      <mem type="soa" free="3768320512" total="3791835136" percent="99" />
      <mem type="loa" free="199540736" total="199569408" percent="99" />
    </mem>
    <remembered-set count="137" />
  </mem-info>
</gc-start>
<allocation-stats totalBytes="56598992" >
  <allocated-bytes non-tlh="64" tlh="56598928" />
  <largest-consumer threadName="main" threadId="0000000001842F00" bytes="56598992" />
</allocation-stats>
<gc-op id="3984" type="scavenge" timems="1.470" contextid="3981" timestamp="2019-08-10T03:38:52.534">
  <scavenger-info tenureage="3" tenuremask="fff8" tiltratio="90" />
  <memory-copied type="nursery" objects="125" bytes="3504" bytesdiscarded="28752" />
  <memory-copied type="tenure" objects="7" bytes="160" bytesdiscarded="0" />
</gc-op>
<gc-end id="3985" type="scavenge" contextid="3981" durationms="2.296" usertimems="6.524" systemtimems="0.000" timestamp="2019-08-10T03:38:52.535" activeThreads="16">
  <mem-info id="3986" free="4024452096" total="4054319104" percent="99">
    <mem type="nursery" free="56590848" total="62914560" percent="89">
      <mem type="allocate" free="56590848" total="56623104" percent="99" />
      <mem type="survivor" free="0" total="6291456" percent="0" />
    </mem>
    <mem type="tenure" free="3967861248" total="3991404544" percent="99" macro-fragmented="1048608">
      <mem type="soa" free="3768320512" total="3791835136" percent="99" />
      <mem type="loa" free="199540736" total="199569408" percent="99" />
    </mem>
    <remembered-set count="135" />
  </mem-info>
</gc-end>
<cycle-end id="3987" type="scavenge" contextid="3981" timestamp="2019-08-10T03:38:52.535" />
  <attribute name="elasticGC enabled" value="1" />
  <attribute name= "numThreadsSpecified" value="16" />
  <attribute name="heapSize specified" value="-91291648" />
  <attribute name="Current GC Util" value="0" />
  <attribute name= "Current Time Running" value="132679" />
  <attribute name ="GC Interval" value="200" />
  <attribute name="ProportionalT" value="-40.000000" />
  <attribute name="ProportionalI" value="-40.000000" />
  <attribute name="ProportionalH" value="-40.000000" />
  <attribute name="Current Error" value="-80.000000" />
  <attribute name="IntegralT" value="-15040.000000" />
  <attribute name="IntegralI" value="-15040.000000" />
  <attribute name="IntegralH" value="-15040.000000" />
  <attribute name="DerivativeT" value="-0.212766" />
  <attribute name="DerivativeI" value="-0.212766" />
  <attribute name="DerivativeH" value="-0.212766" />
  <attribute name="Loop Time for DT" value="376.000000" />
  <attribute name="Output H" value="4203675648"/>
  <attribute name="Output I" value="200"/>
  <attribute name="Output T" value="16"/>
  <attribute name="Target GC Util Change" value ="80.000000" />
  <attribute name="Current GC Util Change" value="0.000000"/>
  <attribute name="GC Util currently" value="0" />
  <attribute name="CPU Util currently" value="3065460452" />
<allocation-satisfied id="3988" threadId="0000000001842F00" bytesRequested="80" />
<af-end id="3989" timestamp="2019-08-10T03:38:52.535" threadId="0000000001843888" success="true" from="nursery"/>
<exclusive-end id="3990" timestamp="2019-08-10T03:38:52.535" durationms="2.745" />

<exclusive-start id="3991" timestamp="2019-08-10T03:38:53.119" intervalms="586.924">
  <response-info timems="0.091" idlems="0.091" threads="0" lastid="0000000001842F00" lastname="main" />
</exclusive-start>
<af-start id="3992" threadId="0000000001843888" totalBytesRequested="80" timestamp="2019-08-10T03:38:53.119" intervalms="586.916" type="nursery" />
<cycle-start id="3993" type="scavenge" contextid="0" timestamp="2019-08-10T03:38:53.119" intervalms="586.908" />
<gc-start id="3994" type="scavenge" contextid="3993" timestamp="2019-08-10T03:38:53.120">
  <mem-info id="3995" free="3967861248" total="4054319104" percent="97">
    <mem type="nursery" free="0" total="62914560" percent="0">
      <mem type="allocate" free="0" total="56623104" percent="0" />
      <mem type="survivor" free="0" total="6291456" percent="0" />
    </mem>
    <mem type="tenure" free="3967861248" total="3991404544" percent="99">
      <mem type="soa" free="3768320512" total="3791835136" percent="99" />
      <mem type="loa" free="199540736" total="199569408" percent="99" />
    </mem>
    <remembered-set count="137" />
  </mem-info>
</gc-start>
<allocation-stats totalBytes="56571136" >
  <allocated-bytes non-tlh="80" tlh="56571056" />
  <largest-consumer threadName="main" threadId="0000000001842F00" bytes="56571136" />
</allocation-stats>
<gc-op id="3996" type="scavenge" timems="0.791" contextid="3993" timestamp="2019-08-10T03:38:53.120">
  <scavenger-info tenureage="3" tenuremask="ffd8" tiltratio="90" />
  <memory-copied type="nursery" objects="65" bytes="1864" bytesdiscarded="30392" />
  <memory-copied type="tenure" objects="42" bytes="960" bytesdiscarded="0" />
</gc-op>
<gc-end id="3997" type="scavenge" contextid="3993" durationms="1.485" usertimems="4.363" systemtimems="0.000" timestamp="2019-08-10T03:38:53.121" activeThreads="16">
  <mem-info id="3998" free="4024452096" total="4054319104" percent="99">
    <mem type="nursery" free="56590848" total="62914560" percent="89">
      <mem type="allocate" free="56590848" total="56623104" percent="99" />
      <mem type="survivor" free="0" total="6291456" percent="0" />
    </mem>
    <mem type="tenure" free="3967861248" total="3991404544" percent="99" macro-fragmented="0">
      <mem type="soa" free="3768320512" total="3791835136" percent="99" />
      <mem type="loa" free="199540736" total="199569408" percent="99" />
    </mem>
    <remembered-set count="125" />
  </mem-info>
</gc-end>
<cycle-end id="3999" type="scavenge" contextid="3993" timestamp="2019-08-10T03:38:53.121" />
  <attribute name="elasticGC enabled" value="1" />
  <attribute name= "numThreadsSpecified" value="16" />
  <attribute name="heapSize specified" value="-91291648" />
  <attribute name="Current GC Util" value="0" />
  <attribute name= "Current Time Running" value="133266" />
  <attribute name ="GC Interval" value="200" />
  <attribute name="ProportionalT" value="-40.000000" />
  <attribute name="ProportionalI" value="-40.000000" />
  <attribute name="ProportionalH" value="-40.000000" />
  <attribute name="Current Error" value="-80.000000" />
  <attribute name="IntegralT" value="-23480.000000" />
  <attribute name="IntegralI" value="-23480.000000" />
  <attribute name="IntegralH" value="-23480.000000" />
  <attribute name="DerivativeT" value="-0.136286" />
  <attribute name="DerivativeI" value="-0.136286" />
  <attribute name="DerivativeH" value="-0.136286" />
  <attribute name="Loop Time for DT" value="587.000000" />
  <attribute name="Output H" value="4203675648"/>
  <attribute name="Output I" value="200"/>
  <attribute name="Output T" value="16"/>
  <attribute name="Target GC Util Change" value ="80.000000" />
  <attribute name="Current GC Util Change" value="0.000000"/>
  <attribute name="GC Util currently" value="0" />
  <attribute name="CPU Util currently" value="14" />
<allocation-satisfied id="4000" threadId="0000000001842F00" bytesRequested="80" />
<af-end id="4001" timestamp="2019-08-10T03:38:53.121" threadId="0000000001843888" success="true" from="nursery"/>
<exclusive-end id="4002" timestamp="2019-08-10T03:38:53.121" durationms="1.730" />

<exclusive-start id="4003" timestamp="2019-08-10T03:38:53.581" intervalms="461.677">
  <response-info timems="0.235" idlems="0.235" threads="0" lastid="0000000001842F00" lastname="main" />
</exclusive-start>
<af-start id="4004" threadId="0000000001843888" totalBytesRequested="24" timestamp="2019-08-10T03:38:53.581" intervalms="461.677" type="nursery" />
<cycle-start id="4005" type="scavenge" contextid="0" timestamp="2019-08-10T03:38:53.581" intervalms="461.677" />
<gc-start id="4006" type="scavenge" contextid="4005" timestamp="2019-08-10T03:38:53.581">
  <mem-info id="4007" free="3967861248" total="4054319104" percent="97">
    <mem type="nursery" free="0" total="62914560" percent="0">
      <mem type="allocate" free="0" total="56623104" percent="0" />
      <mem type="survivor" free="0" total="6291456" percent="0" />
    </mem>
    <mem type="tenure" free="3967861248" total="3991404544" percent="99">
      <mem type="soa" free="3768320512" total="3791835136" percent="99" />
      <mem type="loa" free="199540736" total="199569408" percent="99" />
    </mem>
    <remembered-set count="130" />
  </mem-info>
</gc-start>
<allocation-stats totalBytes="56585384" >
  <allocated-bytes non-tlh="80" tlh="56585304" />
  <largest-consumer threadName="main" threadId="0000000001842F00" bytes="56585384" />
</allocation-stats>
<gc-op id="4008" type="scavenge" timems="2.137" contextid="4005" timestamp="2019-08-10T03:38:53.583">
  <scavenger-info tenureage="5" tenuremask="ffe0" tiltratio="90" />
  <memory-copied type="nursery" objects="91" bytes="2544" bytesdiscarded="29712" />
</gc-op>
<gc-end id="4009" type="scavenge" contextid="4005" durationms="2.784" usertimems="6.136" systemtimems="0.000" timestamp="2019-08-10T03:38:53.584" activeThreads="16">
  <mem-info id="4010" free="4024452096" total="4054319104" percent="99">
    <mem type="nursery" free="56590848" total="62914560" percent="89">
      <mem type="allocate" free="56590848" total="56623104" percent="99" />
      <mem type="survivor" free="0" total="6291456" percent="0" />
    </mem>
    <mem type="tenure" free="3967861248" total="3991404544" percent="99" macro-fragmented="0">
      <mem type="soa" free="3768320512" total="3791835136" percent="99" />
      <mem type="loa" free="199540736" total="199569408" percent="99" />
    </mem>
    <remembered-set count="128" />
  </mem-info>
</gc-end>
<cycle-end id="4011" type="scavenge" contextid="4005" timestamp="2019-08-10T03:38:53.584" />
  <attribute name="elasticGC enabled" value="1" />
  <attribute name= "numThreadsSpecified" value="16" />
  <attribute name="heapSize specified" value="-91291648" />
  <attribute name="Current GC Util" value="0" />
  <attribute name= "Current Time Running" value="133727" />
  <attribute name ="GC Interval" value="200" />
  <attribute name="ProportionalT" value="-40.000000" />
  <attribute name="ProportionalI" value="-40.000000" />
  <attribute name="ProportionalH" value="-40.000000" />
  <attribute name="Current Error" value="-80.000000" />
  <attribute name="IntegralT" value="-18440.000000" />
  <attribute name="IntegralI" value="-18440.000000" />
  <attribute name="IntegralH" value="-18440.000000" />
  <attribute name="DerivativeT" value="-0.173536" />
  <attribute name="DerivativeI" value="-0.173536" />
  <attribute name="DerivativeH" value="-0.173536" />
  <attribute name="Loop Time for DT" value="461.000000" />
  <attribute name="Output H" value="4203675648"/>
  <attribute name="Output I" value="200"/>
  <attribute name="Output T" value="16"/>
  <attribute name="Target GC Util Change" value ="80.000000" />
  <attribute name="Current GC Util Change" value="0.000000"/>
  <attribute name="GC Util currently" value="0" />
  <attribute name="CPU Util currently" value="11" />
<allocation-satisfied id="4012" threadId="0000000001842F00" bytesRequested="24" />
<af-end id="4013" timestamp="2019-08-10T03:38:53.584" threadId="0000000001843888" success="true" from="nursery"/>
<exclusive-end id="4014" timestamp="2019-08-10T03:38:53.584" durationms="3.052" />

<exclusive-start id="4015" timestamp="2019-08-10T03:38:53.832" intervalms="250.601">
  <response-info timems="0.068" idlems="0.068" threads="0" lastid="0000000001842F00" lastname="main" />
</exclusive-start>
<af-start id="4016" threadId="0000000001843888" totalBytesRequested="32" timestamp="2019-08-10T03:38:53.832" intervalms="250.608" type="nursery" />
<cycle-start id="4017" type="scavenge" contextid="0" timestamp="2019-08-10T03:38:53.832" intervalms="250.613" />
<gc-start id="4018" type="scavenge" contextid="4017" timestamp="2019-08-10T03:38:53.833">
  <mem-info id="4019" free="3967861248" total="4054319104" percent="97">
    <mem type="nursery" free="0" total="62914560" percent="0">
      <mem type="allocate" free="0" total="56623104" percent="0" />
      <mem type="survivor" free="0" total="6291456" percent="0" />
    </mem>
    <mem type="tenure" free="3967861248" total="3991404544" percent="99">
      <mem type="soa" free="3768320512" total="3791835136" percent="99" />
      <mem type="loa" free="199540736" total="199569408" percent="99" />
    </mem>
    <remembered-set count="132" />
  </mem-info>
</gc-start>
<allocation-stats totalBytes="56582496" >
  <allocated-bytes non-tlh="24" tlh="56582472" />
  <largest-consumer threadName="main" threadId="0000000001842F00" bytes="56582496" />
</allocation-stats>
<gc-op id="4020" type="scavenge" timems="1.214" contextid="4017" timestamp="2019-08-10T03:38:53.840">
  <scavenger-info tenureage="3" tenuremask="fff8" tiltratio="90" />
  <memory-copied type="nursery" objects="50" bytes="1360" bytesdiscarded="14768" />
  <memory-copied type="tenure" objects="45" bytes="1232" bytesdiscarded="0" />
</gc-op>
<gc-end id="4021" type="scavenge" contextid="4017" durationms="7.948" usertimems="9.526" systemtimems="0.000" timestamp="2019-08-10T03:38:53.841" activeThreads="16">
  <mem-info id="4022" free="4024468224" total="4054319104" percent="99">
    <mem type="nursery" free="56606976" total="62914560" percent="89">
      <mem type="allocate" free="56606976" total="56623104" percent="99" />
      <mem type="survivor" free="0" total="6291456" percent="0" />
    </mem>
    <mem type="tenure" free="3967861248" total="3991404544" percent="99" macro-fragmented="0">
      <mem type="soa" free="3768320512" total="3791835136" percent="99" />
      <mem type="loa" free="199540736" total="199569408" percent="99" />
    </mem>
    <remembered-set count="121" />
  </mem-info>
</gc-end>
<cycle-end id="4023" type="scavenge" contextid="4017" timestamp="2019-08-10T03:38:53.841" />
  <attribute name="elasticGC enabled" value="1" />
  <attribute name= "numThreadsSpecified" value="16" />
  <attribute name="heapSize specified" value="-91291648" />
  <attribute name="Current GC Util" value="1" />
  <attribute name= "Current Time Running" value="133985" />
  <attribute name ="GC Interval" value="200" />
  <attribute name="ProportionalT" value="-39.500000" />
  <attribute name="ProportionalI" value="-39.500000" />
  <attribute name="ProportionalH" value="-39.500000" />
  <attribute name="Current Error" value="-79.000000" />
  <attribute name="IntegralT" value="-10191.000000" />
  <attribute name="IntegralI" value="-10191.000000" />
  <attribute name="IntegralH" value="-10191.000000" />
  <attribute name="DerivativeT" value="-0.306202" />
  <attribute name="DerivativeI" value="-0.306202" />
  <attribute name="DerivativeH" value="-0.306202" />
  <attribute name="Loop Time for DT" value="258.000000" />
  <attribute name="Output H" value="4203675648"/>
  <attribute name="Output I" value="200"/>
  <attribute name="Output T" value="16"/>
  <attribute name="Target GC Util Change" value ="80.000000" />
  <attribute name="Current GC Util Change" value="1.000000"/>
  <attribute name="GC Util currently" value="1" />
  <attribute name="CPU Util currently" value="4472946769" />
<allocation-satisfied id="4024" threadId="0000000001842F00" bytesRequested="32" />
<af-end id="4025" timestamp="2019-08-10T03:38:53.841" threadId="0000000001843888" success="true" from="nursery"/>
<exclusive-end id="4026" timestamp="2019-08-10T03:38:53.841" durationms="9.221" />

<exclusive-start id="4027" timestamp="2019-08-10T03:38:55.114" intervalms="1282.526">
  <response-info timems="0.061" idlems="0.061" threads="0" lastid="0000000001842F00" lastname="main" />
</exclusive-start>
<af-start id="4028" threadId="0000000001843888" totalBytesRequested="24" timestamp="2019-08-10T03:38:55.114" intervalms="1282.561" type="nursery" />
<cycle-start id="4029" type="scavenge" contextid="0" timestamp="2019-08-10T03:38:55.114" intervalms="1282.565" />
<gc-start id="4030" type="scavenge" contextid="4029" timestamp="2019-08-10T03:38:55.114">
  <mem-info id="4031" free="3967861248" total="4054319104" percent="97">
    <mem type="nursery" free="0" total="62914560" percent="0">
      <mem type="allocate" free="0" total="56623104" percent="0" />
      <mem type="survivor" free="0" total="6291456" percent="0" />
    </mem>
    <mem type="tenure" free="3967861248" total="3991404544" percent="99">
      <mem type="soa" free="3768320512" total="3791835136" percent="99" />
      <mem type="loa" free="199540736" total="199569408" percent="99" />
    </mem>
    <remembered-set count="125" />
  </mem-info>
</gc-start>
<allocation-stats totalBytes="56604288" >
  <allocated-bytes non-tlh="32" tlh="56604256" />
  <largest-consumer threadName="main" threadId="0000000001842F00" bytes="56604288" />
</allocation-stats>
<gc-op id="4032" type="scavenge" timems="0.785" contextid="4029" timestamp="2019-08-10T03:38:55.115">
  <scavenger-info tenureage="3" tenuremask="ffc8" tiltratio="90" />
  <memory-copied type="nursery" objects="55" bytes="1424" bytesdiscarded="30832" />
  <memory-copied type="tenure" objects="8" bytes="208" bytesdiscarded="0" />
</gc-op>
<gc-end id="4033" type="scavenge" contextid="4029" durationms="1.324" usertimems="3.291" systemtimems="0.000" timestamp="2019-08-10T03:38:55.116" activeThreads="16">
  <mem-info id="4034" free="4024452096" total="4054319104" percent="99">
    <mem type="nursery" free="56590848" total="62914560" percent="89">
      <mem type="allocate" free="56590848" total="56623104" percent="99" />
      <mem type="survivor" free="0" total="6291456" percent="0" />
    </mem>
    <mem type="tenure" free="3967861248" total="3991404544" percent="99" macro-fragmented="0">
      <mem type="soa" free="3768320512" total="3791835136" percent="99" />
      <mem type="loa" free="199540736" total="199569408" percent="99" />
    </mem>
    <remembered-set count="122" />
  </mem-info>
</gc-end>
<cycle-end id="4035" type="scavenge" contextid="4029" timestamp="2019-08-10T03:38:55.116" />
  <attribute name="elasticGC enabled" value="1" />
  <attribute name= "numThreadsSpecified" value="16" />
  <attribute name="heapSize specified" value="-91291648" />
  <attribute name="Current GC Util" value="0" />
  <attribute name= "Current Time Running" value="135261" />
  <attribute name ="GC Interval" value="200" />
  <attribute name="ProportionalT" value="-40.000000" />
  <attribute name="ProportionalI" value="-40.000000" />
  <attribute name="ProportionalH" value="-40.000000" />
  <attribute name="Current Error" value="-80.000000" />
  <attribute name="IntegralT" value="-51040.000000" />
  <attribute name="IntegralI" value="-51040.000000" />
  <attribute name="IntegralH" value="-51040.000000" />
  <attribute name="DerivativeT" value="-0.062696" />
  <attribute name="DerivativeI" value="-0.062696" />
  <attribute name="DerivativeH" value="-0.062696" />
  <attribute name="Loop Time for DT" value="1276.000000" />
  <attribute name="Output H" value="4203675648"/>
  <attribute name="Output I" value="200"/>
  <attribute name="Output T" value="16"/>
  <attribute name="Target GC Util Change" value ="80.000000" />
  <attribute name="Current GC Util Change" value="0.000000"/>
  <attribute name="GC Util currently" value="0" />
  <attribute name="CPU Util currently" value="21" />
<allocation-satisfied id="4036" threadId="0000000001842F00" bytesRequested="24" />
<af-end id="4037" timestamp="2019-08-10T03:38:55.116" threadId="0000000001843888" success="true" from="nursery"/>
<exclusive-end id="4038" timestamp="2019-08-10T03:38:55.116" durationms="1.829" />

<exclusive-start id="4039" timestamp="2019-08-10T03:38:56.950" intervalms="1835.812">
  <response-info timems="0.120" idlems="0.120" threads="0" lastid="0000000001842F00" lastname="main" />
</exclusive-start>
<af-start id="4040" threadId="0000000001843888" totalBytesRequested="16" timestamp="2019-08-10T03:38:56.950" intervalms="1835.771" type="nursery" />
<cycle-start id="4041" type="scavenge" contextid="0" timestamp="2019-08-10T03:38:56.950" intervalms="1835.761" />
<gc-start id="4042" type="scavenge" contextid="4041" timestamp="2019-08-10T03:38:56.950">
  <mem-info id="4043" free="3967861248" total="4054319104" percent="97">
    <mem type="nursery" free="0" total="62914560" percent="0">
      <mem type="allocate" free="0" total="56623104" percent="0" />
      <mem type="survivor" free="0" total="6291456" percent="0" />
    </mem>
    <mem type="tenure" free="3967861248" total="3991404544" percent="99">
      <mem type="soa" free="3768320512" total="3791835136" percent="99" />
      <mem type="loa" free="199540736" total="199569408" percent="99" />
    </mem>
    <remembered-set count="131" />
  </mem-info>
</gc-start>
<allocation-stats totalBytes="56586744" >
  <allocated-bytes non-tlh="24" tlh="56586720" />
  <largest-consumer threadName="main" threadId="0000000001842F00" bytes="56586744" />
</allocation-stats>
<gc-op id="4044" type="scavenge" timems="1.405" contextid="4041" timestamp="2019-08-10T03:38:56.952">
  <scavenger-info tenureage="3" tenuremask="ffe8" tiltratio="90" />
  <memory-copied type="nursery" objects="74" bytes="1888" bytesdiscarded="38048" />
  <memory-copied type="tenure" objects="14" bytes="320" bytesdiscarded="0" />
  <references type="weak" candidates="2" cleared="0" enqueued="0" />
</gc-op>
<gc-end id="4045" type="scavenge" contextid="4041" durationms="2.379" usertimems="4.933" systemtimems="0.000" timestamp="2019-08-10T03:38:56.952" activeThreads="16">
  <mem-info id="4046" free="4024444416" total="4054319104" percent="99">
    <mem type="nursery" free="56583168" total="62914560" percent="89">
      <mem type="allocate" free="56583168" total="56623104" percent="99" />
      <mem type="survivor" free="0" total="6291456" percent="0" />
    </mem>
    <mem type="tenure" free="3967861248" total="3991404544" percent="99" macro-fragmented="723458">
      <mem type="soa" free="3768320512" total="3791835136" percent="99" />
      <mem type="loa" free="199540736" total="199569408" percent="99" />
    </mem>
    <remembered-set count="127" />
  </mem-info>
</gc-end>
<cycle-end id="4047" type="scavenge" contextid="4041" timestamp="2019-08-10T03:38:56.953" />
  <attribute name="elasticGC enabled" value="1" />
  <attribute name= "numThreadsSpecified" value="16" />
  <attribute name="heapSize specified" value="-91291648" />
  <attribute name="Current GC Util" value="0" />
  <attribute name= "Current Time Running" value="137096" />
  <attribute name ="GC Interval" value="200" />
  <attribute name="ProportionalT" value="-40.000000" />
  <attribute name="ProportionalI" value="-40.000000" />
  <attribute name="ProportionalH" value="-40.000000" />
  <attribute name="Current Error" value="-80.000000" />
  <attribute name="IntegralT" value="-73400.000000" />
  <attribute name="IntegralI" value="-73400.000000" />
  <attribute name="IntegralH" value="-73400.000000" />
  <attribute name="DerivativeT" value="-0.043597" />
  <attribute name="DerivativeI" value="-0.043597" />
  <attribute name="DerivativeH" value="-0.043597" />
  <attribute name="Loop Time for DT" value="1835.000000" />
  <attribute name="Output H" value="4203675648"/>
  <attribute name="Output I" value="200"/>
  <attribute name="Output T" value="16"/>
  <attribute name="Target GC Util Change" value ="80.000000" />
  <attribute name="Current GC Util Change" value="0.000000"/>
  <attribute name="GC Util currently" value="0" />
  <attribute name="CPU Util currently" value="31" />
<allocation-satisfied id="4048" threadId="0000000001842F00" bytesRequested="16" />
<af-end id="4049" timestamp="2019-08-10T03:38:56.953" threadId="0000000001843888" success="true" from="nursery"/>
<exclusive-end id="4050" timestamp="2019-08-10T03:38:56.953" durationms="2.636" />

<exclusive-start id="4051" timestamp="2019-08-10T03:38:57.236" intervalms="285.711">
  <response-info timems="0.084" idlems="0.084" threads="0" lastid="0000000001842F00" lastname="main" />
</exclusive-start>
<af-start id="4052" threadId="0000000001843888" totalBytesRequested="32" timestamp="2019-08-10T03:38:57.236" intervalms="285.732" type="nursery" />
<cycle-start id="4053" type="scavenge" contextid="0" timestamp="2019-08-10T03:38:57.236" intervalms="285.740" />
<gc-start id="4054" type="scavenge" contextid="4053" timestamp="2019-08-10T03:38:57.236">
  <mem-info id="4055" free="3967861248" total="4054319104" percent="97">
    <mem type="nursery" free="0" total="62914560" percent="0">
      <mem type="allocate" free="0" total="56623104" percent="0" />
      <mem type="survivor" free="0" total="6291456" percent="0" />
    </mem>
    <mem type="tenure" free="3967861248" total="3991404544" percent="99">
      <mem type="soa" free="3768320512" total="3791835136" percent="99" />
      <mem type="loa" free="199540736" total="199569408" percent="99" />
    </mem>
    <remembered-set count="131" />
  </mem-info>
</gc-start>
<allocation-stats totalBytes="56579400" >
  <allocated-bytes non-tlh="16" tlh="56579384" />
  <largest-consumer threadName="main" threadId="0000000001842F00" bytes="56579400" />
</allocation-stats>
<gc-op id="4056" type="scavenge" timems="4.325" contextid="4053" timestamp="2019-08-10T03:38:57.240">
  <scavenger-info tenureage="3" tenuremask="ffe8" tiltratio="90" />
  <memory-copied type="nursery" objects="76" bytes="1976" bytesdiscarded="54088" />
  <memory-copied type="tenure" objects="14" bytes="320" bytesdiscarded="0" />
  <references type="weak" candidates="2" cleared="0" enqueued="0" />
</gc-op>
<gc-end id="4057" type="scavenge" contextid="4053" durationms="4.914" usertimems="11.365" systemtimems="0.000" timestamp="2019-08-10T03:38:57.241" activeThreads="16">
  <mem-info id="4058" free="4024428288" total="4054319104" percent="99">
    <mem type="nursery" free="56567040" total="62914560" percent="89">
      <mem type="allocate" free="56567040" total="56623104" percent="99" />
      <mem type="survivor" free="0" total="6291456" percent="0" />
    </mem>
    <mem type="tenure" free="3967861248" total="3991404544" percent="99" macro-fragmented="1310760">
      <mem type="soa" free="3768320512" total="3791835136" percent="99" />
      <mem type="loa" free="199540736" total="199569408" percent="99" />
    </mem>
    <remembered-set count="127" />
  </mem-info>
</gc-end>
<cycle-end id="4059" type="scavenge" contextid="4053" timestamp="2019-08-10T03:38:57.241" />
  <attribute name="elasticGC enabled" value="1" />
  <attribute name= "numThreadsSpecified" value="16" />
  <attribute name="heapSize specified" value="-91291648" />
  <attribute name="Current GC Util" value="0" />
  <attribute name= "Current Time Running" value="137382" />
  <attribute name ="GC Interval" value="200" />
  <attribute name="ProportionalT" value="-40.000000" />
  <attribute name="ProportionalI" value="-40.000000" />
  <attribute name="ProportionalH" value="-40.000000" />
  <attribute name="Current Error" value="-80.000000" />
  <attribute name="IntegralT" value="-11440.000000" />
  <attribute name="IntegralI" value="-11440.000000" />
  <attribute name="IntegralH" value="-11440.000000" />
  <attribute name="DerivativeT" value="-0.279720" />
  <attribute name="DerivativeI" value="-0.279720" />
  <attribute name="DerivativeH" value="-0.279720" />
  <attribute name="Loop Time for DT" value="286.000000" />
  <attribute name="Output H" value="4203675648"/>
  <attribute name="Output I" value="200"/>
  <attribute name="Output T" value="16"/>
  <attribute name="Target GC Util Change" value ="80.000000" />
  <attribute name="Current GC Util Change" value="0.000000"/>
  <attribute name="GC Util currently" value="0" />
  <attribute name="CPU Util currently" value="4034396232" />
<allocation-satisfied id="4060" threadId="0000000001842F00" bytesRequested="32" />
<af-end id="4061" timestamp="2019-08-10T03:38:57.241" threadId="0000000001843888" success="true" from="nursery"/>
<exclusive-end id="4062" timestamp="2019-08-10T03:38:57.241" durationms="5.444" />

<exclusive-start id="4063" timestamp="2019-08-10T03:38:58.267" intervalms="1030.984">
  <response-info timems="0.027" idlems="0.027" threads="0" lastid="0000000001842F00" lastname="main" />
</exclusive-start>
<af-start id="4064" threadId="0000000001843888" totalBytesRequested="16" timestamp="2019-08-10T03:38:58.267" intervalms="1030.976" type="nursery" />
<cycle-start id="4065" type="scavenge" contextid="0" timestamp="2019-08-10T03:38:58.267" intervalms="1030.974" />
<gc-start id="4066" type="scavenge" contextid="4065" timestamp="2019-08-10T03:38:58.267">
  <mem-info id="4067" free="3967860888" total="4054319104" percent="97">
    <mem type="nursery" free="0" total="62914560" percent="0">
      <mem type="allocate" free="0" total="56623104" percent="0" />
      <mem type="survivor" free="0" total="6291456" percent="0" />
    </mem>
    <mem type="tenure" free="3967860888" total="3991404544" percent="99">
      <mem type="soa" free="3768320152" total="3791835136" percent="99" />
      <mem type="loa" free="199540736" total="199569408" percent="99" />
    </mem>
    <remembered-set count="139" />
  </mem-info>
</gc-start>
<allocation-stats totalBytes="56562544" >
  <allocated-bytes non-tlh="392" tlh="56562152" />
  <largest-consumer threadName="main" threadId="0000000001842F00" bytes="56562544" />
</allocation-stats>
<gc-op id="4068" type="scavenge" timems="0.835" contextid="4065" timestamp="2019-08-10T03:38:58.268">
  <scavenger-info tenureage="3" tenuremask="ffe8" tiltratio="90" />
  <memory-copied type="nursery" objects="100" bytes="3384" bytesdiscarded="68808" />
  <memory-copied type="tenure" objects="14" bytes="320" bytesdiscarded="0" />
  <references type="weak" candidates="6" cleared="0" enqueued="0" />
</gc-op>
<gc-end id="4069" type="scavenge" contextid="4065" durationms="1.725" usertimems="2.381" systemtimems="0.000" timestamp="2019-08-10T03:38:58.269" activeThreads="16">
  <mem-info id="4070" free="4024411800" total="4054319104" percent="99">
    <mem type="nursery" free="56550912" total="62914560" percent="89">
      <mem type="allocate" free="56550912" total="56623104" percent="99" />
      <mem type="survivor" free="0" total="6291456" percent="0" />
    </mem>
    <mem type="tenure" free="3967860888" total="3991404544" percent="99" macro-fragmented="0">
      <mem type="soa" free="3768320152" total="3791835136" percent="99" />
      <mem type="loa" free="199540736" total="199569408" percent="99" />
    </mem>
    <remembered-set count="135" />
  </mem-info>
</gc-end>
<cycle-end id="4071" type="scavenge" contextid="4065" timestamp="2019-08-10T03:38:58.269" />
  <attribute name="elasticGC enabled" value="1" />
  <attribute name= "numThreadsSpecified" value="16" />
  <attribute name="heapSize specified" value="-91291648" />
  <attribute name="Current GC Util" value="0" />
  <attribute name= "Current Time Running" value="138413" />
  <attribute name ="GC Interval" value="200" />
  <attribute name="ProportionalT" value="-40.000000" />
  <attribute name="ProportionalI" value="-40.000000" />
  <attribute name="ProportionalH" value="-40.000000" />
  <attribute name="Current Error" value="-80.000000" />
  <attribute name="IntegralT" value="-41240.000000" />
  <attribute name="IntegralI" value="-41240.000000" />
  <attribute name="IntegralH" value="-41240.000000" />
  <attribute name="DerivativeT" value="-0.077595" />
  <attribute name="DerivativeI" value="-0.077595" />
  <attribute name="DerivativeH" value="-0.077595" />
  <attribute name="Loop Time for DT" value="1031.000000" />
  <attribute name="Output H" value="4203675648"/>
  <attribute name="Output I" value="200"/>
  <attribute name="Output T" value="16"/>
  <attribute name="Target GC Util Change" value ="80.000000" />
  <attribute name="Current GC Util Change" value="0.000000"/>
  <attribute name="GC Util currently" value="0" />
  <attribute name="CPU Util currently" value="22" />
<allocation-satisfied id="4072" threadId="0000000001842F00" bytesRequested="16" />
<af-end id="4073" timestamp="2019-08-10T03:38:58.270" threadId="0000000001843888" success="true" from="nursery"/>
<exclusive-end id="4074" timestamp="2019-08-10T03:38:58.270" durationms="3.762" />

<exclusive-start id="4075" timestamp="2019-08-10T03:38:58.887" intervalms="619.871">
  <response-info timems="0.187" idlems="0.187" threads="0" lastid="0000000001842F00" lastname="main" />
</exclusive-start>
<af-start id="4076" threadId="0000000001843888" totalBytesRequested="208" timestamp="2019-08-10T03:38:58.887" intervalms="619.865" type="nursery" />
<cycle-start id="4077" type="scavenge" contextid="0" timestamp="2019-08-10T03:38:58.887" intervalms="619.868" />
<gc-start id="4078" type="scavenge" contextid="4077" timestamp="2019-08-10T03:38:58.887">
  <mem-info id="4079" free="3967860888" total="4054319104" percent="97">
    <mem type="nursery" free="0" total="62914560" percent="0">
      <mem type="allocate" free="0" total="56623104" percent="0" />
      <mem type="survivor" free="0" total="6291456" percent="0" />
    </mem>
    <mem type="tenure" free="3967860888" total="3991404544" percent="99">
      <mem type="soa" free="3768320152" total="3791835136" percent="99" />
      <mem type="loa" free="199540736" total="199569408" percent="99" />
    </mem>
    <remembered-set count="135" />
  </mem-info>
</gc-start>
<allocation-stats totalBytes="56522032" >
  <allocated-bytes non-tlh="16" tlh="56522016" />
  <largest-consumer threadName="main" threadId="0000000001842F00" bytes="56522032" />
</allocation-stats>
<gc-op id="4080" type="scavenge" timems="1.289" contextid="4077" timestamp="2019-08-10T03:38:58.888">
  <scavenger-info tenureage="3" tenuremask="ffe8" tiltratio="90" />
  <memory-copied type="nursery" objects="68" bytes="2544" bytesdiscarded="45840" />
  <memory-copied type="tenure" objects="30" bytes="704" bytesdiscarded="0" />
  <references type="weak" candidates="4" cleared="0" enqueued="0" />
</gc-op>
<gc-end id="4081" type="scavenge" contextid="4077" durationms="1.969" usertimems="7.077" systemtimems="0.000" timestamp="2019-08-10T03:38:58.889" activeThreads="16">
  <mem-info id="4082" free="4024435608" total="4054319104" percent="99">
    <mem type="nursery" free="56574720" total="62914560" percent="89">
      <mem type="allocate" free="56574720" total="56623104" percent="99" />
      <mem type="survivor" free="0" total="6291456" percent="0" />
    </mem>
    <mem type="tenure" free="3967860888" total="3991404544" percent="99" macro-fragmented="0">
      <mem type="soa" free="3768320152" total="3791835136" percent="99" />
      <mem type="loa" free="199540736" total="199569408" percent="99" />
    </mem>
    <remembered-set count="127" />
  </mem-info>
</gc-end>
<cycle-end id="4083" type="scavenge" contextid="4077" timestamp="2019-08-10T03:38:58.889" />
  <attribute name="elasticGC enabled" value="1" />
  <attribute name= "numThreadsSpecified" value="16" />
  <attribute name="heapSize specified" value="-91291648" />
  <attribute name="Current GC Util" value="0" />
  <attribute name= "Current Time Running" value="139033" />
  <attribute name ="GC Interval" value="200" />
  <attribute name="ProportionalT" value="-40.000000" />
  <attribute name="ProportionalI" value="-40.000000" />
  <attribute name="ProportionalH" value="-40.000000" />
  <attribute name="Current Error" value="-80.000000" />
  <attribute name="IntegralT" value="-24800.000000" />
  <attribute name="IntegralI" value="-24800.000000" />
  <attribute name="IntegralH" value="-24800.000000" />
  <attribute name="DerivativeT" value="-0.129032" />
  <attribute name="DerivativeI" value="-0.129032" />
  <attribute name="DerivativeH" value="-0.129032" />
  <attribute name="Loop Time for DT" value="620.000000" />
  <attribute name="Output H" value="4203675648"/>
  <attribute name="Output I" value="200"/>
  <attribute name="Output T" value="16"/>
  <attribute name="Target GC Util Change" value ="80.000000" />
  <attribute name="Current GC Util Change" value="0.000000"/>
  <attribute name="GC Util currently" value="0" />
  <attribute name="CPU Util currently" value="23" />
<allocation-satisfied id="4084" threadId="0000000001842F00" bytesRequested="208" />
<af-end id="4085" timestamp="2019-08-10T03:38:58.889" threadId="0000000001843888" success="true" from="nursery"/>
<exclusive-end id="4086" timestamp="2019-08-10T03:38:58.889" durationms="2.413" />

<exclusive-start id="4087" timestamp="2019-08-10T03:38:59.667" intervalms="780.873">
  <response-info timems="0.141" idlems="0.141" threads="0" lastid="0000000001842F00" lastname="main" />
</exclusive-start>
<af-start id="4088" threadId="0000000001843888" totalBytesRequested="16" timestamp="2019-08-10T03:38:59.668" intervalms="780.989" type="nursery" />
<cycle-start id="4089" type="scavenge" contextid="0" timestamp="2019-08-10T03:38:59.668" intervalms="781.323" />
<gc-start id="4090" type="scavenge" contextid="4089" timestamp="2019-08-10T03:38:59.668">
  <mem-info id="4091" free="3967860888" total="4054319104" percent="97">
    <mem type="nursery" free="0" total="62914560" percent="0">
      <mem type="allocate" free="0" total="56623104" percent="0" />
      <mem type="survivor" free="0" total="6291456" percent="0" />
    </mem>
    <mem type="tenure" free="3967860888" total="3991404544" percent="99">
      <mem type="soa" free="3768320152" total="3791835136" percent="99" />
      <mem type="loa" free="199540736" total="199569408" percent="99" />
    </mem>
    <remembered-set count="131" />
  </mem-info>
</gc-start>
<allocation-stats totalBytes="56555072" >
  <allocated-bytes non-tlh="208" tlh="56554864" />
  <largest-consumer threadName="main" threadId="0000000001842F00" bytes="56555072" />
</allocation-stats>
<gc-op id="4092" type="scavenge" timems="2.800" contextid="4089" timestamp="2019-08-10T03:38:59.671">
  <scavenger-info tenureage="3" tenuremask="ffe8" tiltratio="90" />
  <memory-copied type="nursery" objects="72" bytes="3064" bytesdiscarded="53000" />
  <memory-copied type="tenure" objects="14" bytes="320" bytesdiscarded="0" />
  <references type="weak" candidates="18" cleared="0" enqueued="0" />
</gc-op>
<gc-end id="4093" type="scavenge" contextid="4089" durationms="3.469" usertimems="12.368" systemtimems="0.000" timestamp="2019-08-10T03:38:59.672" activeThreads="16">
  <mem-info id="4094" free="4024427928" total="4054319104" percent="99">
    <mem type="nursery" free="56567040" total="62914560" percent="89">
      <mem type="allocate" free="56567040" total="56623104" percent="99" />
      <mem type="survivor" free="0" total="6291456" percent="0" />
    </mem>
    <mem type="tenure" free="3967860888" total="3991404544" percent="99" macro-fragmented="800032">
      <mem type="soa" free="3768320152" total="3791835136" percent="99" />
      <mem type="loa" free="199540736" total="199569408" percent="99" />
    </mem>
    <remembered-set count="127" />
  </mem-info>
</gc-end>
<cycle-end id="4095" type="scavenge" contextid="4089" timestamp="2019-08-10T03:38:59.672" />
  <attribute name="elasticGC enabled" value="1" />
  <attribute name= "numThreadsSpecified" value="16" />
  <attribute name="heapSize specified" value="-91291648" />
  <attribute name="Current GC Util" value="0" />
  <attribute name= "Current Time Running" value="139814" />
  <attribute name ="GC Interval" value="200" />
  <attribute name="ProportionalT" value="-40.000000" />
  <attribute name="ProportionalI" value="-40.000000" />
  <attribute name="ProportionalH" value="-40.000000" />
  <attribute name="Current Error" value="-80.000000" />
  <attribute name="IntegralT" value="-31240.000000" />
  <attribute name="IntegralI" value="-31240.000000" />
  <attribute name="IntegralH" value="-31240.000000" />
  <attribute name="DerivativeT" value="-0.102433" />
  <attribute name="DerivativeI" value="-0.102433" />
  <attribute name="DerivativeH" value="-0.102433" />
  <attribute name="Loop Time for DT" value="781.000000" />
  <attribute name="Output H" value="4203675648"/>
  <attribute name="Output I" value="200"/>
  <attribute name="Output T" value="16"/>
  <attribute name="Target GC Util Change" value ="80.000000" />
  <attribute name="Current GC Util Change" value="0.000000"/>
  <attribute name="GC Util currently" value="0" />
  <attribute name="CPU Util currently" value="29" />
<allocation-satisfied id="4096" threadId="0000000001842F00" bytesRequested="16" />
<af-end id="4097" timestamp="2019-08-10T03:38:59.672" threadId="0000000001843888" success="true" from="nursery"/>
<exclusive-end id="4098" timestamp="2019-08-10T03:38:59.672" durationms="4.254" />

<exclusive-start id="4099" timestamp="2019-08-10T03:38:59.712" intervalms="44.121">
  <response-info timems="0.265" idlems="0.265" threads="0" lastid="0000000001842F00" lastname="main" />
</exclusive-start>
<af-start id="4100" threadId="0000000001843888" totalBytesRequested="32" timestamp="2019-08-10T03:38:59.712" intervalms="44.010" type="nursery" />
<cycle-start id="4101" type="scavenge" contextid="0" timestamp="2019-08-10T03:38:59.712" intervalms="43.775" />
<gc-start id="4102" type="scavenge" contextid="4101" timestamp="2019-08-10T03:38:59.712">
  <mem-info id="4103" free="3967860888" total="4054319104" percent="97">
    <mem type="nursery" free="0" total="62914560" percent="0">
      <mem type="allocate" free="0" total="56623104" percent="0" />
      <mem type="survivor" free="0" total="6291456" percent="0" />
    </mem>
    <mem type="tenure" free="3967860888" total="3991404544" percent="99">
      <mem type="soa" free="3768320152" total="3791835136" percent="99" />
      <mem type="loa" free="199540736" total="199569408" percent="99" />
    </mem>
    <remembered-set count="127" />
  </mem-info>
</gc-start>
<allocation-stats totalBytes="56475192" >
  <allocated-bytes non-tlh="16" tlh="56475176" />
  <largest-consumer threadName="main" threadId="0000000001842F00" bytes="56475192" />
</allocation-stats>
<gc-op id="4104" type="scavenge" timems="1.220" contextid="4101" timestamp="2019-08-10T03:38:59.713">
  <scavenger-info tenureage="5" tenuremask="ffe0" tiltratio="90" />
  <memory-copied type="nursery" objects="72" bytes="3096" bytesdiscarded="45288" />
  <references type="weak" candidates="18" cleared="0" enqueued="0" />
</gc-op>
<gc-end id="4105" type="scavenge" contextid="4101" durationms="1.923" usertimems="6.577" systemtimems="0.000" timestamp="2019-08-10T03:38:59.714" activeThreads="16">
  <mem-info id="4106" free="4024435608" total="4054319104" percent="99">
    <mem type="nursery" free="56574720" total="62914560" percent="89">
      <mem type="allocate" free="56574720" total="56623104" percent="99" />
      <mem type="survivor" free="0" total="6291456" percent="0" />
    </mem>
    <mem type="tenure" free="3967860888" total="3991404544" percent="99" macro-fragmented="1500163">
      <mem type="soa" free="3768320152" total="3791835136" percent="99" />
      <mem type="loa" free="199540736" total="199569408" percent="99" />
    </mem>
    <remembered-set count="124" />
  </mem-info>
</gc-end>
<cycle-end id="4107" type="scavenge" contextid="4101" timestamp="2019-08-10T03:38:59.714" />
  <attribute name="elasticGC enabled" value="1" />
  <attribute name= "numThreadsSpecified" value="16" />
  <attribute name="heapSize specified" value="-91291648" />
  <attribute name="Current GC Util" value="13" />
  <attribute name= "Current Time Running" value="139858" />
  <attribute name ="GC Interval" value="200" />
  <attribute name="ProportionalT" value="-33.500000" />
  <attribute name="ProportionalI" value="-33.500000" />
  <attribute name="ProportionalH" value="-33.500000" />
  <attribute name="Current Error" value="-67.000000" />
  <attribute name="IntegralT" value="-1474.000000" />
  <attribute name="IntegralI" value="-1474.000000" />
  <attribute name="IntegralH" value="-1474.000000" />
  <attribute name="DerivativeT" value="-1.522727" />
  <attribute name="DerivativeI" value="-1.522727" />
  <attribute name="DerivativeH" value="-1.522727" />
  <attribute name="Loop Time for DT" value="44.000000" />
  <attribute name="Output H" value="4203675648"/>
  <attribute name="Output I" value="200"/>
  <attribute name="Output T" value="16"/>
  <attribute name="Target GC Util Change" value ="80.000000" />
  <attribute name="Current GC Util Change" value="13.000000"/>
  <attribute name="GC Util currently" value="13" />
  <attribute name="CPU Util currently" value="26433607690" />
<allocation-satisfied id="4108" threadId="0000000001842F00" bytesRequested="32" />
<af-end id="4109" timestamp="2019-08-10T03:38:59.714" threadId="0000000001843888" success="true" from="nursery"/>
<exclusive-end id="4110" timestamp="2019-08-10T03:38:59.714" durationms="2.404" />

<exclusive-start id="4111" timestamp="2019-08-10T03:38:59.748" intervalms="36.320">
  <response-info timems="0.238" idlems="0.238" threads="0" lastid="0000000001842F00" lastname="main" />
</exclusive-start>
<af-start id="4112" threadId="0000000001843888" totalBytesRequested="544" timestamp="2019-08-10T03:38:59.748" intervalms="36.319" type="nursery" />
<cycle-start id="4113" type="scavenge" contextid="0" timestamp="2019-08-10T03:38:59.748" intervalms="36.219" />
<gc-start id="4114" type="scavenge" contextid="4113" timestamp="2019-08-10T03:38:59.748">
  <mem-info id="4115" free="3967860888" total="4054319104" percent="97">
    <mem type="nursery" free="0" total="62914560" percent="0">
      <mem type="allocate" free="0" total="56623104" percent="0" />
      <mem type="survivor" free="0" total="6291456" percent="0" />
    </mem>
    <mem type="tenure" free="3967860888" total="3991404544" percent="99">
      <mem type="soa" free="3768320152" total="3791835136" percent="99" />
      <mem type="loa" free="199540736" total="199569408" percent="99" />
    </mem>
    <remembered-set count="124" />
  </mem-info>
</gc-start>
<allocation-stats totalBytes="56473872" >
  <allocated-bytes non-tlh="32" tlh="56473840" />
  <largest-consumer threadName="main" threadId="0000000001842F00" bytes="56473872" />
</allocation-stats>
<gc-op id="4116" type="scavenge" timems="3.356" contextid="4113" timestamp="2019-08-10T03:38:59.751">
  <scavenger-info tenureage="3" tenuremask="fff8" tiltratio="90" />
  <memory-copied type="nursery" objects="46" bytes="1904" bytesdiscarded="30352" />
  <memory-copied type="tenure" objects="25" bytes="608" bytesdiscarded="0" />
  <references type="weak" candidates="14" cleared="0" enqueued="0" />
</gc-op>
<gc-end id="4117" type="scavenge" contextid="4113" durationms="3.980" usertimems="9.504" systemtimems="0.000" timestamp="2019-08-10T03:38:59.752" activeThreads="16">
  <mem-info id="4118" free="4024451736" total="4054319104" percent="99">
    <mem type="nursery" free="56590848" total="62914560" percent="89">
      <mem type="allocate" free="56590848" total="56623104" percent="99" />
      <mem type="survivor" free="0" total="6291456" percent="0" />
    </mem>
    <mem type="tenure" free="3967860888" total="3991404544" percent="99" macro-fragmented="0">
      <mem type="soa" free="3768320152" total="3791835136" percent="99" />
      <mem type="loa" free="199540736" total="199569408" percent="99" />
    </mem>
    <remembered-set count="118" />
  </mem-info>
</gc-end>
<cycle-end id="4119" type="scavenge" contextid="4113" timestamp="2019-08-10T03:38:59.752" />
  <attribute name="elasticGC enabled" value="1" />
  <attribute name= "numThreadsSpecified" value="16" />
  <attribute name="heapSize specified" value="-91291648" />
  <attribute name="Current GC Util" value="8" />
  <attribute name= "Current Time Running" value="139894" />
  <attribute name ="GC Interval" value="200" />
  <attribute name="ProportionalT" value="-36.000000" />
  <attribute name="ProportionalI" value="-36.000000" />
  <attribute name="ProportionalH" value="-36.000000" />
  <attribute name="Current Error" value="-72.000000" />
  <attribute name="IntegralT" value="-1296.000000" />
  <attribute name="IntegralI" value="-1296.000000" />
  <attribute name="IntegralH" value="-1296.000000" />
  <attribute name="DerivativeT" value="-2.000000" />
  <attribute name="DerivativeI" value="-2.000000" />
  <attribute name="DerivativeH" value="-2.000000" />
  <attribute name="Loop Time for DT" value="36.000000" />
  <attribute name="Output H" value="4203675648"/>
  <attribute name="Output I" value="200"/>
  <attribute name="Output T" value="16"/>
  <attribute name="Target GC Util Change" value ="80.000000" />
  <attribute name="Current GC Util Change" value="8.000000"/>
  <attribute name="GC Util currently" value="8" />
  <attribute name="CPU Util currently" value="31821089925" />
<allocation-satisfied id="4120" threadId="0000000001842F00" bytesRequested="544" />
<af-end id="4121" timestamp="2019-08-10T03:38:59.752" threadId="0000000001843888" success="true" from="nursery"/>
<exclusive-end id="4122" timestamp="2019-08-10T03:38:59.752" durationms="4.288" />

<exclusive-start id="4123" timestamp="2019-08-10T03:38:59.797" intervalms="49.140">
  <response-info timems="0.156" idlems="0.156" threads="0" lastid="0000000001842F00" lastname="main" />
</exclusive-start>
<af-start id="4124" threadId="0000000001843888" totalBytesRequested="488" timestamp="2019-08-10T03:38:59.797" intervalms="49.142" type="nursery" />
<cycle-start id="4125" type="scavenge" contextid="0" timestamp="2019-08-10T03:38:59.797" intervalms="49.143" />
<gc-start id="4126" type="scavenge" contextid="4125" timestamp="2019-08-10T03:38:59.797">
  <mem-info id="4127" free="3967860888" total="4054319104" percent="97">
    <mem type="nursery" free="0" total="62914560" percent="0">
      <mem type="allocate" free="0" total="56623104" percent="0" />
      <mem type="survivor" free="0" total="6291456" percent="0" />
    </mem>
    <mem type="tenure" free="3967860888" total="3991404544" percent="99">
      <mem type="soa" free="3768320152" total="3791835136" percent="99" />
      <mem type="loa" free="199540736" total="199569408" percent="99" />
    </mem>
    <remembered-set count="118" />
  </mem-info>
</gc-start>
<allocation-stats totalBytes="56489728" >
  <allocated-bytes non-tlh="544" tlh="56489184" />
  <largest-consumer threadName="main" threadId="0000000001842F00" bytes="56489728" />
</allocation-stats>
<gc-op id="4128" type="scavenge" timems="1.469" contextid="4125" timestamp="2019-08-10T03:38:59.799">
  <scavenger-info tenureage="3" tenuremask="ffd8" tiltratio="90" />
  <memory-copied type="nursery" objects="3" bytes="72" bytesdiscarded="47544" />
  <memory-copied type="tenure" objects="43" bytes="1832" bytesdiscarded="0" />
</gc-op>
<gc-end id="4129" type="scavenge" contextid="4125" durationms="2.354" usertimems="6.742" systemtimems="0.000" timestamp="2019-08-10T03:38:59.800" activeThreads="16">
  <mem-info id="4130" free="4024436376" total="4054319104" percent="99">
    <mem type="nursery" free="56575488" total="62914560" percent="89">
      <mem type="allocate" free="56575488" total="56623104" percent="99" />
      <mem type="survivor" free="0" total="6291456" percent="0" />
    </mem>
    <mem type="tenure" free="3967860888" total="3991404544" percent="99" macro-fragmented="2160235">
      <mem type="soa" free="3768320152" total="3791835136" percent="99" />
      <mem type="loa" free="199540736" total="199569408" percent="99" />
    </mem>
    <remembered-set count="121" />
  </mem-info>
</gc-end>
<cycle-end id="4131" type="scavenge" contextid="4125" timestamp="2019-08-10T03:38:59.800" />
  <attribute name="elasticGC enabled" value="1" />
  <attribute name= "numThreadsSpecified" value="16" />
  <attribute name="heapSize specified" value="-91291648" />
  <attribute name="Current GC Util" value="11" />
  <attribute name= "Current Time Running" value="139943" />
  <attribute name ="GC Interval" value="200" />
  <attribute name="ProportionalT" value="-34.500000" />
  <attribute name="ProportionalI" value="-34.500000" />
  <attribute name="ProportionalH" value="-34.500000" />
  <attribute name="Current Error" value="-69.000000" />
  <attribute name="IntegralT" value="-1690.500000" />
  <attribute name="IntegralI" value="-1690.500000" />
  <attribute name="IntegralH" value="-1690.500000" />
  <attribute name="DerivativeT" value="-1.408163" />
  <attribute name="DerivativeI" value="-1.408163" />
  <attribute name="DerivativeH" value="-1.408163" />
  <attribute name="Loop Time for DT" value="49.000000" />
  <attribute name="Output H" value="4203675648"/>
  <attribute name="Output I" value="200"/>
  <attribute name="Output T" value="16"/>
  <attribute name="Target GC Util Change" value ="80.000000" />
  <attribute name="Current GC Util Change" value="11.000000"/>
  <attribute name="GC Util currently" value="11" />
  <attribute name="CPU Util currently" value="23447140293" />
<allocation-satisfied id="4132" threadId="0000000001842F00" bytesRequested="488" />
<af-end id="4133" timestamp="2019-08-10T03:38:59.800" threadId="0000000001843888" success="true" from="nursery"/>
<exclusive-end id="4134" timestamp="2019-08-10T03:38:59.800" durationms="2.662" />

<exclusive-start id="4135" timestamp="2019-08-10T03:39:00.086" intervalms="288.571">
  <response-info timems="0.158" idlems="0.158" threads="0" lastid="0000000001842F00" lastname="main" />
</exclusive-start>
<af-start id="4136" threadId="0000000001843888" totalBytesRequested="32" timestamp="2019-08-10T03:39:00.086" intervalms="288.587" type="nursery" />
<cycle-start id="4137" type="scavenge" contextid="0" timestamp="2019-08-10T03:39:00.086" intervalms="288.595" />
<gc-start id="4138" type="scavenge" contextid="4137" timestamp="2019-08-10T03:39:00.086">
  <mem-info id="4139" free="3967860888" total="4054319104" percent="97">
    <mem type="nursery" free="0" total="62914560" percent="0">
      <mem type="allocate" free="0" total="56623104" percent="0" />
      <mem type="survivor" free="0" total="6291456" percent="0" />
    </mem>
    <mem type="tenure" free="3967860888" total="3991404544" percent="99">
      <mem type="soa" free="3768320152" total="3791835136" percent="99" />
      <mem type="loa" free="199540736" total="199569408" percent="99" />
    </mem>
    <remembered-set count="128" />
  </mem-info>
</gc-start>
<allocation-stats totalBytes="56494936" >
  <allocated-bytes non-tlh="488" tlh="56494448" />
  <largest-consumer threadName="main" threadId="0000000001842F00" bytes="56494936" />
</allocation-stats>
<gc-op id="4140" type="scavenge" timems="1.140" contextid="4137" timestamp="2019-08-10T03:39:00.087">
  <scavenger-info tenureage="3" tenuremask="ffe8" tiltratio="90" />
  <memory-copied type="nursery" objects="42" bytes="2080" bytesdiscarded="30176" />
</gc-op>
<gc-end id="4141" type="scavenge" contextid="4137" durationms="1.837" usertimems="4.478" systemtimems="0.000" timestamp="2019-08-10T03:39:00.088" activeThreads="16">
  <mem-info id="4142" free="4024451736" total="4054319104" percent="99">
    <mem type="nursery" free="56590848" total="62914560" percent="89">
      <mem type="allocate" free="56590848" total="56623104" percent="99" />
      <mem type="survivor" free="0" total="6291456" percent="0" />
    </mem>
    <mem type="tenure" free="3967860888" total="3991404544" percent="99" macro-fragmented="2592282">
      <mem type="soa" free="3768320152" total="3791835136" percent="99" />
      <mem type="loa" free="199540736" total="199569408" percent="99" />
    </mem>
    <remembered-set count="128" />
  </mem-info>
</gc-end>
<cycle-end id="4143" type="scavenge" contextid="4137" timestamp="2019-08-10T03:39:00.088" />
  <attribute name="elasticGC enabled" value="1" />
  <attribute name= "numThreadsSpecified" value="16" />
  <attribute name="heapSize specified" value="-91291648" />
  <attribute name="Current GC Util" value="0" />
  <attribute name= "Current Time Running" value="140232" />
  <attribute name ="GC Interval" value="200" />
  <attribute name="ProportionalT" value="-40.000000" />
  <attribute name="ProportionalI" value="-40.000000" />
  <attribute name="ProportionalH" value="-40.000000" />
  <attribute name="Current Error" value="-80.000000" />
  <attribute name="IntegralT" value="-11560.000000" />
  <attribute name="IntegralI" value="-11560.000000" />
  <attribute name="IntegralH" value="-11560.000000" />
  <attribute name="DerivativeT" value="-0.276817" />
  <attribute name="DerivativeI" value="-0.276817" />
  <attribute name="DerivativeH" value="-0.276817" />
  <attribute name="Loop Time for DT" value="289.000000" />
  <attribute name="Output H" value="4203675648"/>
  <attribute name="Output I" value="200"/>
  <attribute name="Output T" value="16"/>
  <attribute name="Target GC Util Change" value ="80.000000" />
  <attribute name="Current GC Util Change" value="0.000000"/>
  <attribute name="GC Util currently" value="0" />
  <attribute name="CPU Util currently" value="3993494208" />
<allocation-satisfied id="4144" threadId="0000000001842F00" bytesRequested="32" />
<af-end id="4145" timestamp="2019-08-10T03:39:00.088" threadId="0000000001843888" success="true" from="nursery"/>
<exclusive-end id="4146" timestamp="2019-08-10T03:39:00.088" durationms="2.372" />

<exclusive-start id="4147" timestamp="2019-08-10T03:39:00.236" intervalms="149.934">
  <response-info timems="0.171" idlems="0.171" threads="0" lastid="0000000001842F00" lastname="main" />
</exclusive-start>
<af-start id="4148" threadId="0000000001843888" totalBytesRequested="24" timestamp="2019-08-10T03:39:00.236" intervalms="149.922" type="nursery" />
<cycle-start id="4149" type="scavenge" contextid="0" timestamp="2019-08-10T03:39:00.236" intervalms="149.920" />
<gc-start id="4150" type="scavenge" contextid="4149" timestamp="2019-08-10T03:39:00.236">
  <mem-info id="4151" free="3967860888" total="4054319104" percent="97">
    <mem type="nursery" free="0" total="62914560" percent="0">
      <mem type="allocate" free="0" total="56623104" percent="0" />
      <mem type="survivor" free="0" total="6291456" percent="0" />
    </mem>
    <mem type="tenure" free="3967860888" total="3991404544" percent="99">
      <mem type="soa" free="3768320152" total="3791835136" percent="99" />
      <mem type="loa" free="199540736" total="199569408" percent="99" />
    </mem>
    <remembered-set count="130" />
  </mem-info>
</gc-start>
<allocation-stats totalBytes="56539288" >
  <allocated-bytes non-tlh="32" tlh="56539256" />
  <largest-consumer threadName="main" threadId="0000000001842F00" bytes="56539288" />
</allocation-stats>
<gc-op id="4152" type="scavenge" timems="1.159" contextid="4149" timestamp="2019-08-10T03:39:00.237">
  <scavenger-info tenureage="14" tenuremask="c000" tiltratio="90" />
  <memory-copied type="nursery" objects="45" bytes="1880" bytesdiscarded="30376" />
</gc-op>
<gc-end id="4153" type="scavenge" contextid="4149" durationms="2.025" usertimems="6.074" systemtimems="0.000" timestamp="2019-08-10T03:39:00.238" activeThreads="16">
  <mem-info id="4154" free="4024451736" total="4054319104" percent="99">
    <mem type="nursery" free="56590848" total="62914560" percent="89">
      <mem type="allocate" free="56590848" total="56623104" percent="99" />
      <mem type="survivor" free="0" total="6291456" percent="0" />
    </mem>
    <mem type="tenure" free="3967860888" total="3991404544" percent="99" macro-fragmented="1800196">
      <mem type="soa" free="3768320152" total="3791835136" percent="99" />
      <mem type="loa" free="199540736" total="199569408" percent="99" />
    </mem>
    <remembered-set count="121" />
  </mem-info>
</gc-end>
<cycle-end id="4155" type="scavenge" contextid="4149" timestamp="2019-08-10T03:39:00.238" />
  <attribute name="elasticGC enabled" value="1" />
  <attribute name= "numThreadsSpecified" value="16" />
  <attribute name="heapSize specified" value="-91291648" />
  <attribute name="Current GC Util" value="1" />
  <attribute name= "Current Time Running" value="140382" />
  <attribute name ="GC Interval" value="200" />
  <attribute name="ProportionalT" value="-39.500000" />
  <attribute name="ProportionalI" value="-39.500000" />
  <attribute name="ProportionalH" value="-39.500000" />
  <attribute name="Current Error" value="-79.000000" />
  <attribute name="IntegralT" value="-5925.000000" />
  <attribute name="IntegralI" value="-5925.000000" />
  <attribute name="IntegralH" value="-5925.000000" />
  <attribute name="DerivativeT" value="-0.526667" />
  <attribute name="DerivativeI" value="-0.526667" />
  <attribute name="DerivativeH" value="-0.526667" />
  <attribute name="Loop Time for DT" value="150.000000" />
  <attribute name="Output H" value="4203675648"/>
  <attribute name="Output I" value="200"/>
  <attribute name="Output T" value="16"/>
  <attribute name="Target GC Util Change" value ="80.000000" />
  <attribute name="Current GC Util Change" value="1.000000"/>
  <attribute name="GC Util currently" value="1" />
  <attribute name="CPU Util currently" value="7681299278" />
<allocation-satisfied id="4156" threadId="0000000001842F00" bytesRequested="24" />
<af-end id="4157" timestamp="2019-08-10T03:39:00.238" threadId="0000000001843888" success="true" from="nursery"/>
<exclusive-end id="4158" timestamp="2019-08-10T03:39:00.238" durationms="2.498" />

<exclusive-start id="4159" timestamp="2019-08-10T03:39:00.561" intervalms="325.875">
  <response-info timems="0.077" idlems="0.077" threads="0" lastid="0000000001842F00" lastname="main" />
</exclusive-start>
<af-start id="4160" threadId="0000000001843888" totalBytesRequested="2008" timestamp="2019-08-10T03:39:00.561" intervalms="325.854" type="nursery" />
<cycle-start id="4161" type="scavenge" contextid="0" timestamp="2019-08-10T03:39:00.561" intervalms="325.840" />
<gc-start id="4162" type="scavenge" contextid="4161" timestamp="2019-08-10T03:39:00.562">
  <mem-info id="4163" free="3967856032" total="4054319104" percent="97">
    <mem type="nursery" free="0" total="62914560" percent="0">
      <mem type="allocate" free="0" total="56623104" percent="0" />
      <mem type="survivor" free="0" total="6291456" percent="0" />
    </mem>
    <mem type="tenure" free="3967856032" total="3991404544" percent="99">
      <mem type="soa" free="3768315296" total="3791835136" percent="99" />
      <mem type="loa" free="199540736" total="199569408" percent="99" />
    </mem>
    <remembered-set count="219" />
  </mem-info>
</gc-start>
<allocation-stats totalBytes="56539328" >
  <allocated-bytes non-tlh="4880" tlh="56534448" />
  <largest-consumer threadName="main" threadId="0000000001842F00" bytes="56539328" />
</allocation-stats>
<gc-op id="4164" type="scavenge" timems="1.169" contextid="4161" timestamp="2019-08-10T03:39:00.563">
  <scavenger-info tenureage="14" tenuremask="c000" tiltratio="90" />
  <memory-copied type="nursery" objects="917" bytes="49864" bytesdiscarded="75072" />
  <references type="soft" candidates="9" cleared="0" enqueued="0" dynamicThreshold="31" maxThreshold="32" />
  <references type="weak" candidates="62" cleared="18" enqueued="11" />
</gc-op>
<gc-end id="4165" type="scavenge" contextid="4161" durationms="1.758" usertimems="3.624" systemtimems="0.000" timestamp="2019-08-10T03:39:00.563" activeThreads="16">
  <mem-info id="4166" free="4024354200" total="4054319104" percent="99">
    <mem type="nursery" free="56498168" total="62914560" percent="89">
      <mem type="allocate" free="56498168" total="56623104" percent="99" />
      <mem type="survivor" free="0" total="6291456" percent="0" />
    </mem>
    <mem type="tenure" free="3967856032" total="3991404544" percent="99" macro-fragmented="2592282">
      <mem type="soa" free="3768315296" total="3791835136" percent="99" />
      <mem type="loa" free="199540736" total="199569408" percent="99" />
    </mem>
    <pending-finalizers system="0" default="0" reference="11" classloader="0" />
    <remembered-set count="216" />
  </mem-info>
</gc-end>
<cycle-end id="4167" type="scavenge" contextid="4161" timestamp="2019-08-10T03:39:00.563" />
  <attribute name="elasticGC enabled" value="1" />
  <attribute name= "numThreadsSpecified" value="16" />
  <attribute name="heapSize specified" value="-91291648" />
  <attribute name="Current GC Util" value="0" />
  <attribute name= "Current Time Running" value="140708" />
  <attribute name ="GC Interval" value="200" />
  <attribute name="ProportionalT" value="-40.000000" />
  <attribute name="ProportionalI" value="-40.000000" />
  <attribute name="ProportionalH" value="-40.000000" />
  <attribute name="Current Error" value="-80.000000" />
  <attribute name="IntegralT" value="-13040.000000" />
  <attribute name="IntegralI" value="-13040.000000" />
  <attribute name="IntegralH" value="-13040.000000" />
  <attribute name="DerivativeT" value="-0.245399" />
  <attribute name="DerivativeI" value="-0.245399" />
  <attribute name="DerivativeH" value="-0.245399" />
  <attribute name="Loop Time for DT" value="326.000000" />
  <attribute name="Output H" value="4203675648"/>
  <attribute name="Output I" value="200"/>
  <attribute name="Output T" value="16"/>
  <attribute name="Target GC Util Change" value ="80.000000" />
  <attribute name="Current GC Util Change" value="0.000000"/>
  <attribute name="GC Util currently" value="0" />
  <attribute name="CPU Util currently" value="3541831100" />
<allocation-satisfied id="4168" threadId="0000000001842F00" bytesRequested="2008" />
<af-end id="4169" timestamp="2019-08-10T03:39:00.563" threadId="0000000001843888" success="true" from="nursery"/>
<exclusive-end id="4170" timestamp="2019-08-10T03:39:00.563" durationms="1.982" />

<exclusive-start id="4171" timestamp="2019-08-10T03:39:00.694" intervalms="132.569">
  <response-info timems="0.074" idlems="0.074" threads="0" lastid="0000000001842F00" lastname="main" />
</exclusive-start>
<af-start id="4172" threadId="0000000001843888" totalBytesRequested="1016" timestamp="2019-08-10T03:39:00.694" intervalms="132.583" type="nursery" />
<cycle-start id="4173" type="scavenge" contextid="0" timestamp="2019-08-10T03:39:00.694" intervalms="132.589" />
<gc-start id="4174" type="scavenge" contextid="4173" timestamp="2019-08-10T03:39:00.694">
  <mem-info id="4175" free="3967856032" total="4054319104" percent="97">
    <mem type="nursery" free="0" total="62914560" percent="0">
      <mem type="allocate" free="0" total="56623104" percent="0" />
      <mem type="survivor" free="0" total="6291456" percent="0" />
    </mem>
    <mem type="tenure" free="3967856032" total="3991404544" percent="99">
      <mem type="soa" free="3768315296" total="3791835136" percent="99" />
      <mem type="loa" free="199540736" total="199569408" percent="99" />
    </mem>
    <remembered-set count="218" />
  </mem-info>
</gc-start>
<allocation-stats totalBytes="56418904" >
  <allocated-bytes non-tlh="2008" tlh="56416896" />
  <largest-consumer threadName="main" threadId="0000000001842F00" bytes="56414808" />
</allocation-stats>
<gc-op id="4176" type="scavenge" timems="1.188" contextid="4173" timestamp="2019-08-10T03:39:00.695">
  <scavenger-info tenureage="3" tenuremask="fff8" tiltratio="90" />
  <memory-copied type="nursery" objects="896" bytes="50752" bytesdiscarded="85888" />
  <memory-copied type="tenure" objects="15" bytes="344" bytesdiscarded="0" />
  <references type="soft" candidates="9" cleared="0" enqueued="0" dynamicThreshold="31" maxThreshold="32" />
  <references type="weak" candidates="44" cleared="0" enqueued="0" />
</gc-op>
<gc-end id="4177" type="scavenge" contextid="4173" durationms="1.924" usertimems="3.022" systemtimems="0.000" timestamp="2019-08-10T03:39:00.696" activeThreads="16">
  <mem-info id="4178" free="4024342496" total="4054319104" percent="99">
    <mem type="nursery" free="56486464" total="62914560" percent="89">
      <mem type="allocate" free="56486464" total="56623104" percent="99" />
      <mem type="survivor" free="0" total="6291456" percent="0" />
    </mem>
    <mem type="tenure" free="3967856032" total="3991404544" percent="99" macro-fragmented="1500163">
      <mem type="soa" free="3768315296" total="3791835136" percent="99" />
      <mem type="loa" free="199540736" total="199569408" percent="99" />
    </mem>
    <remembered-set count="211" />
  </mem-info>
</gc-end>
<cycle-end id="4179" type="scavenge" contextid="4173" timestamp="2019-08-10T03:39:00.696" />
  <attribute name="elasticGC enabled" value="1" />
  <attribute name= "numThreadsSpecified" value="16" />
  <attribute name="heapSize specified" value="-91291648" />
  <attribute name="Current GC Util" value="1" />
  <attribute name= "Current Time Running" value="140840" />
  <attribute name ="GC Interval" value="200" />
  <attribute name="ProportionalT" value="-39.500000" />
  <attribute name="ProportionalI" value="-39.500000" />
  <attribute name="ProportionalH" value="-39.500000" />
  <attribute name="Current Error" value="-79.000000" />
  <attribute name="IntegralT" value="-5214.000000" />
  <attribute name="IntegralI" value="-5214.000000" />
  <attribute name="IntegralH" value="-5214.000000" />
  <attribute name="DerivativeT" value="-0.598485" />
  <attribute name="DerivativeI" value="-0.598485" />
  <attribute name="DerivativeH" value="-0.598485" />
  <attribute name="Loop Time for DT" value="132.000000" />
  <attribute name="Output H" value="4203675648"/>
  <attribute name="Output I" value="200"/>
  <attribute name="Output T" value="16"/>
  <attribute name="Target GC Util Change" value ="80.000000" />
  <attribute name="Current GC Util Change" value="1.000000"/>
  <attribute name="GC Util currently" value="1" />
  <attribute name="CPU Util currently" value="8694427540" />
<allocation-satisfied id="4180" threadId="0000000001842F00" bytesRequested="1016" />
<af-end id="4181" timestamp="2019-08-10T03:39:00.696" threadId="0000000001843888" success="true" from="nursery"/>
<exclusive-end id="4182" timestamp="2019-08-10T03:39:00.696" durationms="2.221" />

<exclusive-start id="4183" timestamp="2019-08-10T03:39:01.547" intervalms="853.046">
  <response-info timems="0.440" idlems="0.258" threads="1" lastid="0000000001851F00" lastname="JIT Compilation Thread-3" />
</exclusive-start>
<af-start id="4184" threadId="0000000001843888" totalBytesRequested="40" timestamp="2019-08-10T03:39:01.547" intervalms="853.052" type="nursery" />
<cycle-start id="4185" type="scavenge" contextid="0" timestamp="2019-08-10T03:39:01.547" intervalms="853.083" />
<gc-start id="4186" type="scavenge" contextid="4185" timestamp="2019-08-10T03:39:01.547">
  <mem-info id="4187" free="3967856032" total="4054319104" percent="97">
    <mem type="nursery" free="0" total="62914560" percent="0">
      <mem type="allocate" free="0" total="56623104" percent="0" />
      <mem type="survivor" free="0" total="6291456" percent="0" />
    </mem>
    <mem type="tenure" free="3967856032" total="3991404544" percent="99">
      <mem type="soa" free="3768315296" total="3791835136" percent="99" />
      <mem type="loa" free="199540736" total="199569408" percent="99" />
    </mem>
    <remembered-set count="215" />
  </mem-info>
</gc-start>
<allocation-stats totalBytes="56464744" >
  <allocated-bytes non-tlh="1016" tlh="56463728" />
  <largest-consumer threadName="main" threadId="0000000001842F00" bytes="56464744" />
</allocation-stats>
<gc-op id="4188" type="scavenge" timems="7.656" contextid="4185" timestamp="2019-08-10T03:39:01.555">
  <scavenger-info tenureage="3" tenuremask="ffe8" tiltratio="90" />
  <memory-copied type="nursery" objects="925" bytes="47672" bytesdiscarded="40840" />
  <memory-copied type="tenure" objects="7" bytes="160" bytesdiscarded="0" />
  <references type="soft" candidates="9" cleared="0" enqueued="0" dynamicThreshold="31" maxThreshold="32" />
  <references type="weak" candidates="78" cleared="0" enqueued="0" />
</gc-op>
<gc-end id="4189" type="scavenge" contextid="4185" durationms="8.153" usertimems="12.122" systemtimems="0.000" timestamp="2019-08-10T03:39:01.555" activeThreads="16">
  <mem-info id="4190" free="4024390624" total="4054319104" percent="99">
    <mem type="nursery" free="56534592" total="62914560" percent="89">
      <mem type="allocate" free="56534592" total="56623104" percent="99" />
      <mem type="survivor" free="0" total="6291456" percent="0" />
    </mem>
    <mem type="tenure" free="3967856032" total="3991404544" percent="99" macro-fragmented="0">
      <mem type="soa" free="3768315296" total="3791835136" percent="99" />
      <mem type="loa" free="199540736" total="199569408" percent="99" />
    </mem>
    <remembered-set count="170" />
  </mem-info>
</gc-end>
<cycle-end id="4191" type="scavenge" contextid="4185" timestamp="2019-08-10T03:39:01.555" />
  <attribute name="elasticGC enabled" value="1" />
  <attribute name= "numThreadsSpecified" value="16" />
  <attribute name="heapSize specified" value="-91291648" />
  <attribute name="Current GC Util" value="0" />
  <attribute name= "Current Time Running" value="141694" />
  <attribute name ="GC Interval" value="200" />
  <attribute name="ProportionalT" value="-40.000000" />
  <attribute name="ProportionalI" value="-40.000000" />
  <attribute name="ProportionalH" value="-40.000000" />
  <attribute name="Current Error" value="-80.000000" />
  <attribute name="IntegralT" value="-34160.000000" />
  <attribute name="IntegralI" value="-34160.000000" />
  <attribute name="IntegralH" value="-34160.000000" />
  <attribute name="DerivativeT" value="-0.093677" />
  <attribute name="DerivativeI" value="-0.093677" />
  <attribute name="DerivativeH" value="-0.093677" />
  <attribute name="Loop Time for DT" value="854.000000" />
  <attribute name="Output H" value="4203675648"/>
  <attribute name="Output I" value="200"/>
  <attribute name="Output T" value="16"/>
  <attribute name="Target GC Util Change" value ="80.000000" />
  <attribute name="Current GC Util Change" value="0.000000"/>
  <attribute name="GC Util currently" value="0" />
  <attribute name="CPU Util currently" value="25" />
<allocation-satisfied id="4192" threadId="0000000001842F00" bytesRequested="40" />
<af-end id="4193" timestamp="2019-08-10T03:39:01.556" threadId="0000000001843888" success="true" from="nursery"/>
<exclusive-end id="4194" timestamp="2019-08-10T03:39:01.556" durationms="8.608" />

<exclusive-start id="4195" timestamp="2019-08-10T03:39:01.893" intervalms="345.887">
  <response-info timems="0.059" idlems="0.059" threads="0" lastid="0000000001842F00" lastname="main" />
</exclusive-start>
<af-start id="4196" threadId="0000000001843888" totalBytesRequested="80" timestamp="2019-08-10T03:39:01.893" intervalms="345.868" type="nursery" />
<cycle-start id="4197" type="scavenge" contextid="0" timestamp="2019-08-10T03:39:01.893" intervalms="345.854" />
<gc-start id="4198" type="scavenge" contextid="4197" timestamp="2019-08-10T03:39:01.893">
  <mem-info id="4199" free="3967856032" total="4054319104" percent="97">
    <mem type="nursery" free="0" total="62914560" percent="0">
      <mem type="allocate" free="0" total="56623104" percent="0" />
      <mem type="survivor" free="0" total="6291456" percent="0" />
    </mem>
    <mem type="tenure" free="3967856032" total="3991404544" percent="99">
      <mem type="soa" free="3768315296" total="3791835136" percent="99" />
      <mem type="loa" free="199540736" total="199569408" percent="99" />
    </mem>
    <remembered-set count="170" />
  </mem-info>
</gc-start>
<allocation-stats totalBytes="56524416" >
  <allocated-bytes non-tlh="40" tlh="56524376" />
  <largest-consumer threadName="main" threadId="0000000001842F00" bytes="56524416" />
</allocation-stats>
<gc-op id="4200" type="scavenge" timems="2.556" contextid="4197" timestamp="2019-08-10T03:39:01.896">
  <scavenger-info tenureage="5" tenuremask="ffe0" tiltratio="90" />
  <memory-copied type="nursery" objects="922" bytes="47496" bytesdiscarded="46072" />
  <references type="soft" candidates="9" cleared="0" enqueued="0" dynamicThreshold="31" maxThreshold="32" />
  <references type="weak" candidates="78" cleared="0" enqueued="0" />
</gc-op>
<gc-end id="4201" type="scavenge" contextid="4197" durationms="3.288" usertimems="10.047" systemtimems="0.000" timestamp="2019-08-10T03:39:01.896" activeThreads="16">
  <mem-info id="4202" free="4024385568" total="4054319104" percent="99">
    <mem type="nursery" free="56529536" total="62914560" percent="89">
      <mem type="allocate" free="56529536" total="56623104" percent="99" />
      <mem type="survivor" free="0" total="6291456" percent="0" />
    </mem>
    <mem type="tenure" free="3967856032" total="3991404544" percent="99" macro-fragmented="0">
      <mem type="soa" free="3768315296" total="3791835136" percent="99" />
      <mem type="loa" free="199540736" total="199569408" percent="99" />
    </mem>
    <remembered-set count="170" />
  </mem-info>
</gc-end>
<cycle-end id="4203" type="scavenge" contextid="4197" timestamp="2019-08-10T03:39:01.896" />
  <attribute name="elasticGC enabled" value="1" />
  <attribute name= "numThreadsSpecified" value="16" />
  <attribute name="heapSize specified" value="-91291648" />
  <attribute name="Current GC Util" value="1" />
  <attribute name= "Current Time Running" value="142039" />
  <attribute name ="GC Interval" value="200" />
  <attribute name="ProportionalT" value="-39.500000" />
  <attribute name="ProportionalI" value="-39.500000" />
  <attribute name="ProportionalH" value="-39.500000" />
  <attribute name="Current Error" value="-79.000000" />
  <attribute name="IntegralT" value="-13627.500000" />
  <attribute name="IntegralI" value="-13627.500000" />
  <attribute name="IntegralH" value="-13627.500000" />
  <attribute name="DerivativeT" value="-0.228986" />
  <attribute name="DerivativeI" value="-0.228986" />
  <attribute name="DerivativeH" value="-0.228986" />
  <attribute name="Loop Time for DT" value="345.000000" />
  <attribute name="Output H" value="4203675648"/>
  <attribute name="Output I" value="200"/>
  <attribute name="Output T" value="16"/>
  <attribute name="Target GC Util Change" value ="80.000000" />
  <attribute name="Current GC Util Change" value="1.000000"/>
  <attribute name="GC Util currently" value="1" />
  <attribute name="CPU Util currently" value="3339555213" />
<allocation-satisfied id="4204" threadId="0000000001842F00" bytesRequested="80" />
<af-end id="4205" timestamp="2019-08-10T03:39:01.897" threadId="0000000001843888" success="true" from="nursery"/>
<exclusive-end id="4206" timestamp="2019-08-10T03:39:01.897" durationms="3.628" />

<exclusive-start id="4207" timestamp="2019-08-10T03:39:02.054" intervalms="160.741">
  <response-info timems="0.022" idlems="0.022" threads="0" lastid="0000000001842F00" lastname="main" />
</exclusive-start>
<af-start id="4208" threadId="0000000001843888" totalBytesRequested="80" timestamp="2019-08-10T03:39:02.054" intervalms="160.747" type="nursery" />
<cycle-start id="4209" type="scavenge" contextid="0" timestamp="2019-08-10T03:39:02.054" intervalms="160.743" />
<gc-start id="4210" type="scavenge" contextid="4209" timestamp="2019-08-10T03:39:02.054">
  <mem-info id="4211" free="3967856032" total="4054319104" percent="97">
    <mem type="nursery" free="0" total="62914560" percent="0">
      <mem type="allocate" free="0" total="56623104" percent="0" />
      <mem type="survivor" free="0" total="6291456" percent="0" />
    </mem>
    <mem type="tenure" free="3967856032" total="3991404544" percent="99">
      <mem type="soa" free="3768315296" total="3791835136" percent="99" />
      <mem type="loa" free="199540736" total="199569408" percent="99" />
    </mem>
    <remembered-set count="170" />
  </mem-info>
</gc-start>
<allocation-stats totalBytes="56519224" >
  <allocated-bytes non-tlh="80" tlh="56519144" />
  <largest-consumer threadName="main" threadId="0000000001842F00" bytes="56519224" />
</allocation-stats>
<gc-op id="4212" type="scavenge" timems="1.101" contextid="4209" timestamp="2019-08-10T03:39:02.055">
  <scavenger-info tenureage="3" tenuremask="fff8" tiltratio="90" />
  <memory-copied type="nursery" objects="75" bytes="2400" bytesdiscarded="69792" />
  <memory-copied type="tenure" objects="859" bytes="45536" bytesdiscarded="8" />
  <references type="weak" candidates="34" cleared="0" enqueued="0" />
</gc-op>
<gc-end id="4213" type="scavenge" contextid="4209" durationms="1.526" usertimems="2.341" systemtimems="0.000" timestamp="2019-08-10T03:39:02.055" activeThreads="16">
  <mem-info id="4214" free="4024343200" total="4054319104" percent="99">
    <mem type="nursery" free="56550912" total="62914560" percent="89">
      <mem type="allocate" free="56550912" total="56623104" percent="99" />
      <mem type="survivor" free="0" total="6291456" percent="0" />
    </mem>
    <mem type="tenure" free="3967792288" total="3991404544" percent="99" macro-fragmented="242284">
      <mem type="soa" free="3768251552" total="3791835136" percent="99" />
      <mem type="loa" free="199540736" total="199569408" percent="99" />
    </mem>
    <remembered-set count="115" />
  </mem-info>
</gc-end>
<cycle-end id="4215" type="scavenge" contextid="4209" timestamp="2019-08-10T03:39:02.055" />
  <attribute name="elasticGC enabled" value="1" />
  <attribute name= "numThreadsSpecified" value="16" />
  <attribute name="heapSize specified" value="-91291648" />
  <attribute name="Current GC Util" value="3" />
  <attribute name= "Current Time Running" value="142200" />
  <attribute name ="GC Interval" value="200" />
  <attribute name="ProportionalT" value="-38.500000" />
  <attribute name="ProportionalI" value="-38.500000" />
  <attribute name="ProportionalH" value="-38.500000" />
  <attribute name="Current Error" value="-77.000000" />
  <attribute name="IntegralT" value="-6198.500000" />
  <attribute name="IntegralI" value="-6198.500000" />
  <attribute name="IntegralH" value="-6198.500000" />
  <attribute name="DerivativeT" value="-0.478261" />
  <attribute name="DerivativeI" value="-0.478261" />
  <attribute name="DerivativeH" value="-0.478261" />
  <attribute name="Loop Time for DT" value="161.000000" />
  <attribute name="Output H" value="4203675648"/>
  <attribute name="Output I" value="200"/>
  <attribute name="Output T" value="16"/>
  <attribute name="Target GC Util Change" value ="80.000000" />
  <attribute name="Current GC Util Change" value="3.000000"/>
  <attribute name="GC Util currently" value="3" />
  <attribute name="CPU Util currently" value="7173039119" />
<allocation-satisfied id="4216" threadId="0000000001842F00" bytesRequested="80" />
<af-end id="4217" timestamp="2019-08-10T03:39:02.055" threadId="0000000001843888" success="true" from="nursery"/>
<exclusive-end id="4218" timestamp="2019-08-10T03:39:02.055" durationms="1.853" />

<exclusive-start id="4219" timestamp="2019-08-10T03:39:02.196" intervalms="141.891">
  <response-info timems="0.022" idlems="0.022" threads="0" lastid="0000000001842F00" lastname="main" />
</exclusive-start>
<af-start id="4220" threadId="0000000001843888" totalBytesRequested="80" timestamp="2019-08-10T03:39:02.196" intervalms="141.888" type="nursery" />
<cycle-start id="4221" type="scavenge" contextid="0" timestamp="2019-08-10T03:39:02.196" intervalms="141.868" />
<gc-start id="4222" type="scavenge" contextid="4221" timestamp="2019-08-10T03:39:02.196">
  <mem-info id="4223" free="3967792288" total="4054319104" percent="97">
    <mem type="nursery" free="0" total="62914560" percent="0">
      <mem type="allocate" free="0" total="56623104" percent="0" />
      <mem type="survivor" free="0" total="6291456" percent="0" />
    </mem>
    <mem type="tenure" free="3967792288" total="3991404544" percent="99">
      <mem type="soa" free="3768251552" total="3791835136" percent="99" />
      <mem type="loa" free="199540736" total="199569408" percent="99" />
    </mem>
    <remembered-set count="115" />
  </mem-info>
</gc-start>
<allocation-stats totalBytes="56540448" >
  <allocated-bytes non-tlh="80" tlh="56540368" />
  <largest-consumer threadName="main" threadId="0000000001842F00" bytes="56540448" />
</allocation-stats>
<gc-op id="4224" type="scavenge" timems="1.061" contextid="4221" timestamp="2019-08-10T03:39:02.197">
  <scavenger-info tenureage="3" tenuremask="ffc8" tiltratio="90" />
  <memory-copied type="nursery" objects="5" bytes="240" bytesdiscarded="23568" />
  <memory-copied type="tenure" objects="62" bytes="1936" bytesdiscarded="0" />
</gc-op>
<gc-end id="4225" type="scavenge" contextid="4221" durationms="1.410" usertimems="1.977" systemtimems="0.000" timestamp="2019-08-10T03:39:02.197" activeThreads="16">
  <mem-info id="4226" free="4024391584" total="4054319104" percent="99">
    <mem type="nursery" free="56599296" total="62914560" percent="89">
      <mem type="allocate" free="56599296" total="56623104" percent="99" />
      <mem type="survivor" free="0" total="6291456" percent="0" />
    </mem>
    <mem type="tenure" free="3967792288" total="3991404544" percent="99" macro-fragmented="0">
      <mem type="soa" free="3768251552" total="3791835136" percent="99" />
      <mem type="loa" free="199540736" total="199569408" percent="99" />
    </mem>
    <remembered-set count="115" />
  </mem-info>
</gc-end>
<cycle-end id="4227" type="scavenge" contextid="4221" timestamp="2019-08-10T03:39:02.197" />
  <attribute name="elasticGC enabled" value="1" />
  <attribute name= "numThreadsSpecified" value="16" />
  <attribute name="heapSize specified" value="-91291648" />
  <attribute name="Current GC Util" value="1" />
  <attribute name= "Current Time Running" value="142342" />
  <attribute name ="GC Interval" value="200" />
  <attribute name="ProportionalT" value="-39.500000" />
  <attribute name="ProportionalI" value="-39.500000" />
  <attribute name="ProportionalH" value="-39.500000" />
  <attribute name="Current Error" value="-79.000000" />
  <attribute name="IntegralT" value="-5609.000000" />
  <attribute name="IntegralI" value="-5609.000000" />
  <attribute name="IntegralH" value="-5609.000000" />
  <attribute name="DerivativeT" value="-0.556338" />
  <attribute name="DerivativeI" value="-0.556338" />
  <attribute name="DerivativeH" value="-0.556338" />
  <attribute name="Loop Time for DT" value="142.000000" />
  <attribute name="Output H" value="4203675648"/>
  <attribute name="Output I" value="200"/>
  <attribute name="Output T" value="16"/>
  <attribute name="Target GC Util Change" value ="80.000000" />
  <attribute name="Current GC Util Change" value="1.000000"/>
  <attribute name="GC Util currently" value="1" />
  <attribute name="CPU Util currently" value="8110215076" />
<allocation-satisfied id="4228" threadId="0000000001842F00" bytesRequested="80" />
<af-end id="4229" timestamp="2019-08-10T03:39:02.197" threadId="0000000001843888" success="true" from="nursery"/>
<exclusive-end id="4230" timestamp="2019-08-10T03:39:02.197" durationms="1.976" />

<exclusive-start id="4231" timestamp="2019-08-10T03:39:02.255" intervalms="59.800">
  <response-info timems="0.025" idlems="0.025" threads="0" lastid="0000000001842F00" lastname="main" />
</exclusive-start>
<af-start id="4232" threadId="0000000001843888" totalBytesRequested="544" timestamp="2019-08-10T03:39:02.255" intervalms="59.812" type="nursery" />
<cycle-start id="4233" type="scavenge" contextid="0" timestamp="2019-08-10T03:39:02.255" intervalms="59.819" />
<gc-start id="4234" type="scavenge" contextid="4233" timestamp="2019-08-10T03:39:02.255">
  <mem-info id="4235" free="3967792288" total="4054319104" percent="97">
    <mem type="nursery" free="0" total="62914560" percent="0">
      <mem type="allocate" free="0" total="56623104" percent="0" />
      <mem type="survivor" free="0" total="6291456" percent="0" />
    </mem>
    <mem type="tenure" free="3967792288" total="3991404544" percent="99">
      <mem type="soa" free="3768251552" total="3791835136" percent="99" />
      <mem type="loa" free="199540736" total="199569408" percent="99" />
    </mem>
    <remembered-set count="119" />
  </mem-info>
</gc-start>
<allocation-stats totalBytes="56528776" >
  <allocated-bytes non-tlh="80" tlh="56528696" />
  <largest-consumer threadName="main" threadId="0000000001842F00" bytes="56528776" />
</allocation-stats>
<gc-op id="4236" type="scavenge" timems="0.926" contextid="4233" timestamp="2019-08-10T03:39:02.256">
  <scavenger-info tenureage="3" tenuremask="ffe8" tiltratio="90" />
  <memory-copied type="nursery" objects="27" bytes="1368" bytesdiscarded="30888" />
</gc-op>
<gc-end id="4237" type="scavenge" contextid="4233" durationms="1.366" usertimems="1.879" systemtimems="0.000" timestamp="2019-08-10T03:39:02.257" activeThreads="16">
  <mem-info id="4238" free="4024383136" total="4054319104" percent="99">
    <mem type="nursery" free="56590848" total="62914560" percent="89">
      <mem type="allocate" free="56590848" total="56623104" percent="99" />
      <mem type="survivor" free="0" total="6291456" percent="0" />
    </mem>
    <mem type="tenure" free="3967792288" total="3991404544" percent="99" macro-fragmented="0">
      <mem type="soa" free="3768251552" total="3791835136" percent="99" />
      <mem type="loa" free="199540736" total="199569408" percent="99" />
    </mem>
    <remembered-set count="119" />
  </mem-info>
</gc-end>
<cycle-end id="4239" type="scavenge" contextid="4233" timestamp="2019-08-10T03:39:02.257" />
  <attribute name="elasticGC enabled" value="1" />
  <attribute name= "numThreadsSpecified" value="16" />
  <attribute name="heapSize specified" value="-91291648" />
  <attribute name="Current GC Util" value="3" />
  <attribute name= "Current Time Running" value="142402" />
  <attribute name ="GC Interval" value="200" />
  <attribute name="ProportionalT" value="-38.500000" />
  <attribute name="ProportionalI" value="-38.500000" />
  <attribute name="ProportionalH" value="-38.500000" />
  <attribute name="Current Error" value="-77.000000" />
  <attribute name="IntegralT" value="-2310.000000" />
  <attribute name="IntegralI" value="-2310.000000" />
  <attribute name="IntegralH" value="-2310.000000" />
  <attribute name="DerivativeT" value="-1.283333" />
  <attribute name="DerivativeI" value="-1.283333" />
  <attribute name="DerivativeH" value="-1.283333" />
  <attribute name="Loop Time for DT" value="60.000000" />
  <attribute name="Output H" value="4203675648"/>
  <attribute name="Output I" value="200"/>
  <attribute name="Output T" value="16"/>
  <attribute name="Target GC Util Change" value ="80.000000" />
  <attribute name="Current GC Util Change" value="3.000000"/>
  <attribute name="GC Util currently" value="3" />
  <attribute name="CPU Util currently" value="19360953524" />
<allocation-satisfied id="4240" threadId="0000000001842F00" bytesRequested="544" />
<af-end id="4241" timestamp="2019-08-10T03:39:02.257" threadId="0000000001843888" success="true" from="nursery"/>
<exclusive-end id="4242" timestamp="2019-08-10T03:39:02.257" durationms="1.706" />

<exclusive-start id="4243" timestamp="2019-08-10T03:39:02.285" intervalms="29.936">
  <response-info timems="0.019" idlems="0.019" threads="0" lastid="0000000001842F00" lastname="main" />
</exclusive-start>
<af-start id="4244" threadId="0000000001843888" totalBytesRequested="16" timestamp="2019-08-10T03:39:02.285" intervalms="29.924" type="nursery" />
<cycle-start id="4245" type="scavenge" contextid="0" timestamp="2019-08-10T03:39:02.285" intervalms="29.935" />
<gc-start id="4246" type="scavenge" contextid="4245" timestamp="2019-08-10T03:39:02.285">
  <mem-info id="4247" free="3967792288" total="4054319104" percent="97">
    <mem type="nursery" free="0" total="62914560" percent="0">
      <mem type="allocate" free="0" total="56623104" percent="0" />
      <mem type="survivor" free="0" total="6291456" percent="0" />
    </mem>
    <mem type="tenure" free="3967792288" total="3991404544" percent="99">
      <mem type="soa" free="3768251552" total="3791835136" percent="99" />
      <mem type="loa" free="199540736" total="199569408" percent="99" />
    </mem>
    <remembered-set count="119" />
  </mem-info>
</gc-start>
<allocation-stats totalBytes="56512600" >
  <allocated-bytes non-tlh="544" tlh="56512056" />
  <largest-consumer threadName="main" threadId="0000000001842F00" bytes="56512600" />
</allocation-stats>
<gc-op id="4248" type="scavenge" timems="0.806" contextid="4245" timestamp="2019-08-10T03:39:02.286">
  <scavenger-info tenureage="3" tenuremask="fff8" tiltratio="90" />
  <memory-copied type="nursery" objects="26" bytes="1352" bytesdiscarded="30904" />
</gc-op>
<gc-end id="4249" type="scavenge" contextid="4245" durationms="1.115" usertimems="2.246" systemtimems="0.000" timestamp="2019-08-10T03:39:02.287" activeThreads="16">
  <mem-info id="4250" free="4024383136" total="4054319104" percent="99">
    <mem type="nursery" free="56590848" total="62914560" percent="89">
      <mem type="allocate" free="56590848" total="56623104" percent="99" />
      <mem type="survivor" free="0" total="6291456" percent="0" />
    </mem>
    <mem type="tenure" free="3967792288" total="3991404544" percent="99" macro-fragmented="0">
      <mem type="soa" free="3768251552" total="3791835136" percent="99" />
      <mem type="loa" free="199540736" total="199569408" percent="99" />
    </mem>
    <remembered-set count="114" />
  </mem-info>
</gc-end>
<cycle-end id="4251" type="scavenge" contextid="4245" timestamp="2019-08-10T03:39:02.287" />
  <attribute name="elasticGC enabled" value="1" />
  <attribute name= "numThreadsSpecified" value="16" />
  <attribute name="heapSize specified" value="-91291648" />
  <attribute name="Current GC Util" value="7" />
  <attribute name= "Current Time Running" value="142432" />
  <attribute name ="GC Interval" value="200" />
  <attribute name="ProportionalT" value="-36.500000" />
  <attribute name="ProportionalI" value="-36.500000" />
  <attribute name="ProportionalH" value="-36.500000" />
  <attribute name="Current Error" value="-73.000000" />
  <attribute name="IntegralT" value="-1095.000000" />
  <attribute name="IntegralI" value="-1095.000000" />
  <attribute name="IntegralH" value="-1095.000000" />
  <attribute name="DerivativeT" value="-2.433333" />
  <attribute name="DerivativeI" value="-2.433333" />
  <attribute name="DerivativeH" value="-2.433333" />
  <attribute name="Loop Time for DT" value="30.000000" />
  <attribute name="Output H" value="4203675648"/>
  <attribute name="Output I" value="200"/>
  <attribute name="Output T" value="16"/>
  <attribute name="Target GC Util Change" value ="80.000000" />
  <attribute name="Current GC Util Change" value="7.000000"/>
  <attribute name="GC Util currently" value="7" />
  <attribute name="CPU Util currently" value="38578431889" />
<allocation-satisfied id="4252" threadId="0000000001842F00" bytesRequested="16" />
<af-end id="4253" timestamp="2019-08-10T03:39:02.287" threadId="0000000001843888" success="true" from="nursery"/>
<exclusive-end id="4254" timestamp="2019-08-10T03:39:02.287" durationms="1.373" />

<exclusive-start id="4255" timestamp="2019-08-10T03:39:02.322" intervalms="36.558">
  <response-info timems="0.113" idlems="0.113" threads="0" lastid="0000000001842F00" lastname="main" />
</exclusive-start>
<af-start id="4256" threadId="0000000001843888" totalBytesRequested="40" timestamp="2019-08-10T03:39:02.322" intervalms="36.559" type="nursery" />
<cycle-start id="4257" type="scavenge" contextid="0" timestamp="2019-08-10T03:39:02.322" intervalms="36.558" />
<gc-start id="4258" type="scavenge" contextid="4257" timestamp="2019-08-10T03:39:02.322">
  <mem-info id="4259" free="3967792288" total="4054319104" percent="97">
    <mem type="nursery" free="0" total="62914560" percent="0">
      <mem type="allocate" free="0" total="56623104" percent="0" />
      <mem type="survivor" free="0" total="6291456" percent="0" />
    </mem>
    <mem type="tenure" free="3967792288" total="3991404544" percent="99">
      <mem type="soa" free="3768251552" total="3791835136" percent="99" />
      <mem type="loa" free="199540736" total="199569408" percent="99" />
    </mem>
    <remembered-set count="114" />
  </mem-info>
</gc-start>
<allocation-stats totalBytes="56513976" >
  <allocated-bytes non-tlh="16" tlh="56513960" />
  <largest-consumer threadName="main" threadId="0000000001842F00" bytes="56513976" />
</allocation-stats>
<gc-op id="4260" type="scavenge" timems="1.501" contextid="4257" timestamp="2019-08-10T03:39:02.324">
  <scavenger-info tenureage="3" tenuremask="fff8" tiltratio="90" />
  <memory-copied type="nursery" objects="25" bytes="1312" bytesdiscarded="30944" />
</gc-op>
<gc-end id="4261" type="scavenge" contextid="4257" durationms="1.852" usertimems="4.671" systemtimems="0.000" timestamp="2019-08-10T03:39:02.324" activeThreads="16">
  <mem-info id="4262" free="4024383136" total="4054319104" percent="99">
    <mem type="nursery" free="56590848" total="62914560" percent="89">
      <mem type="allocate" free="56590848" total="56623104" percent="99" />
      <mem type="survivor" free="0" total="6291456" percent="0" />
    </mem>
    <mem type="tenure" free="3967792288" total="3991404544" percent="99" macro-fragmented="0">
      <mem type="soa" free="3768251552" total="3791835136" percent="99" />
      <mem type="loa" free="199540736" total="199569408" percent="99" />
    </mem>
    <remembered-set count="114" />
  </mem-info>
</gc-end>
<cycle-end id="4263" type="scavenge" contextid="4257" timestamp="2019-08-10T03:39:02.324" />
  <attribute name="elasticGC enabled" value="1" />
  <attribute name= "numThreadsSpecified" value="16" />
  <attribute name="heapSize specified" value="-91291648" />
  <attribute name="Current GC Util" value="6" />
  <attribute name= "Current Time Running" value="142468" />
  <attribute name ="GC Interval" value="200" />
  <attribute name="ProportionalT" value="-37.000000" />
  <attribute name="ProportionalI" value="-37.000000" />
  <attribute name="ProportionalH" value="-37.000000" />
  <attribute name="Current Error" value="-74.000000" />
  <attribute name="IntegralT" value="-1332.000000" />
  <attribute name="IntegralI" value="-1332.000000" />
  <attribute name="IntegralH" value="-1332.000000" />
  <attribute name="DerivativeT" value="-2.055556" />
  <attribute name="DerivativeI" value="-2.055556" />
  <attribute name="DerivativeH" value="-2.055556" />
  <attribute name="Loop Time for DT" value="36.000000" />
  <attribute name="Output H" value="4203675648"/>
  <attribute name="Output I" value="200"/>
  <attribute name="Output T" value="16"/>
  <attribute name="Target GC Util Change" value ="80.000000" />
  <attribute name="Current GC Util Change" value="6.000000"/>
  <attribute name="GC Util currently" value="6" />
  <attribute name="CPU Util currently" value="31516722717" />
<allocation-satisfied id="4264" threadId="0000000001842F00" bytesRequested="40" />
<af-end id="4265" timestamp="2019-08-10T03:39:02.324" threadId="0000000001843888" success="true" from="nursery"/>
<exclusive-end id="4266" timestamp="2019-08-10T03:39:02.324" durationms="2.175" />

* Round 1 done in 16.826 seconds.
<exclusive-start id="4267" timestamp="2019-08-10T03:39:02.377" intervalms="55.638">
  <response-info timems="0.040" idlems="0.040" threads="0" lastid="0000000001842F00" lastname="main" />
</exclusive-start>
<af-start id="4268" threadId="0000000001843888" totalBytesRequested="32" timestamp="2019-08-10T03:39:02.377" intervalms="55.635" type="nursery" />
<cycle-start id="4269" type="scavenge" contextid="0" timestamp="2019-08-10T03:39:02.378" intervalms="55.617" />
<gc-start id="4270" type="scavenge" contextid="4269" timestamp="2019-08-10T03:39:02.378">
  <mem-info id="4271" free="3967789248" total="4054319104" percent="97">
    <mem type="nursery" free="0" total="62914560" percent="0">
      <mem type="allocate" free="0" total="56623104" percent="0" />
      <mem type="survivor" free="0" total="6291456" percent="0" />
    </mem>
    <mem type="tenure" free="3967789248" total="3991404544" percent="99">
      <mem type="soa" free="3768248512" total="3791835136" percent="99" />
      <mem type="loa" free="199540736" total="199569408" percent="99" />
    </mem>
    <remembered-set count="181" />
  </mem-info>
</gc-start>
<allocation-stats totalBytes="56563464" >
  <allocated-bytes non-tlh="3080" tlh="56560384" />
  <largest-consumer threadName="main" threadId="0000000001842F00" bytes="56563464" />
</allocation-stats>
<gc-op id="4272" type="scavenge" timems="1.526" contextid="4269" timestamp="2019-08-10T03:39:02.379">
  <scavenger-info tenureage="3" tenuremask="fff8" tiltratio="90" />
  <memory-copied type="nursery" objects="164" bytes="5608" bytesdiscarded="26648" />
  <memory-copied type="tenure" objects="8" bytes="184" bytesdiscarded="0" />
  <references type="soft" candidates="4" cleared="0" enqueued="0" dynamicThreshold="31" maxThreshold="32" />
  <references type="weak" candidates="14" cleared="6" enqueued="4" />
</gc-op>
<gc-end id="4273" type="scavenge" contextid="4269" durationms="1.892" usertimems="5.087" systemtimems="0.000" timestamp="2019-08-10T03:39:02.380" activeThreads="16">
  <mem-info id="4274" free="4024380096" total="4054319104" percent="99">
    <mem type="nursery" free="56590848" total="62914560" percent="89">
      <mem type="allocate" free="56590848" total="56623104" percent="99" />
      <mem type="survivor" free="0" total="6291456" percent="0" />
    </mem>
    <mem type="tenure" free="3967789248" total="3991404544" percent="99" macro-fragmented="0">
      <mem type="soa" free="3768248512" total="3791835136" percent="99" />
      <mem type="loa" free="199540736" total="199569408" percent="99" />
    </mem>
    <pending-finalizers system="0" default="0" reference="4" classloader="0" />
    <remembered-set count="177" />
  </mem-info>
</gc-end>
<cycle-end id="4275" type="scavenge" contextid="4269" timestamp="2019-08-10T03:39:02.380" />
  <attribute name="elasticGC enabled" value="1" />
  <attribute name= "numThreadsSpecified" value="16" />
  <attribute name="heapSize specified" value="-91291648" />
  <attribute name="Current GC Util" value="6" />
  <attribute name= "Current Time Running" value="142524" />
  <attribute name ="GC Interval" value="200" />
  <attribute name="ProportionalT" value="-37.000000" />
  <attribute name="ProportionalI" value="-37.000000" />
  <attribute name="ProportionalH" value="-37.000000" />
  <attribute name="Current Error" value="-74.000000" />
  <attribute name="IntegralT" value="-2072.000000" />
  <attribute name="IntegralI" value="-2072.000000" />
  <attribute name="IntegralH" value="-2072.000000" />
  <attribute name="DerivativeT" value="-1.321429" />
  <attribute name="DerivativeI" value="-1.321429" />
  <attribute name="DerivativeH" value="-1.321429" />
  <attribute name="Loop Time for DT" value="56.000000" />
  <attribute name="Output H" value="4203675648"/>
  <attribute name="Output I" value="200"/>
  <attribute name="Output T" value="16"/>
  <attribute name="Target GC Util Change" value ="80.000000" />
  <attribute name="Current GC Util Change" value="6.000000"/>
  <attribute name="GC Util currently" value="6" />
  <attribute name="CPU Util currently" value="20696912522" />
<allocation-satisfied id="4276" threadId="0000000001842F00" bytesRequested="32" />
<af-end id="4277" timestamp="2019-08-10T03:39:02.380" threadId="0000000001843888" success="true" from="nursery"/>
<exclusive-end id="4278" timestamp="2019-08-10T03:39:02.380" durationms="2.251" />

<exclusive-start id="4279" timestamp="2019-08-10T03:39:02.573" intervalms="195.523">
  <response-info timems="0.026" idlems="0.026" threads="0" lastid="0000000001842F00" lastname="main" />
</exclusive-start>
<af-start id="4280" threadId="0000000001843888" totalBytesRequested="1168" timestamp="2019-08-10T03:39:02.573" intervalms="195.575" type="nursery" />
<cycle-start id="4281" type="scavenge" contextid="0" timestamp="2019-08-10T03:39:02.573" intervalms="195.609" />
<gc-start id="4282" type="scavenge" contextid="4281" timestamp="2019-08-10T03:39:02.573">
  <mem-info id="4283" free="3967789248" total="4054319104" percent="97">
    <mem type="nursery" free="0" total="62914560" percent="0">
      <mem type="allocate" free="0" total="56623104" percent="0" />
      <mem type="survivor" free="0" total="6291456" percent="0" />
    </mem>
    <mem type="tenure" free="3967789248" total="3991404544" percent="99">
      <mem type="soa" free="3768248512" total="3791835136" percent="99" />
      <mem type="loa" free="199540736" total="199569408" percent="99" />
    </mem>
    <remembered-set count="194" />
  </mem-info>
</gc-start>
<allocation-stats totalBytes="56461768" >
  <allocated-bytes non-tlh="32" tlh="56461736" />
  <largest-consumer threadName="main" threadId="0000000001842F00" bytes="56457672" />
</allocation-stats>
<gc-op id="4284" type="scavenge" timems="0.915" contextid="4281" timestamp="2019-08-10T03:39:02.574">
  <scavenger-info tenureage="3" tenuremask="ffe8" tiltratio="90" />
  <memory-copied type="nursery" objects="210" bytes="8208" bytesdiscarded="24048" />
  <references type="soft" candidates="4" cleared="0" enqueued="0" dynamicThreshold="31" maxThreshold="32" />
  <references type="weak" candidates="8" cleared="0" enqueued="0" />
</gc-op>
<gc-end id="4285" type="scavenge" contextid="4281" durationms="1.220" usertimems="1.953" systemtimems="0.000" timestamp="2019-08-10T03:39:02.574" activeThreads="16">
  <mem-info id="4286" free="4024380096" total="4054319104" percent="99">
    <mem type="nursery" free="56590848" total="62914560" percent="89">
      <mem type="allocate" free="56590848" total="56623104" percent="99" />
      <mem type="survivor" free="0" total="6291456" percent="0" />
    </mem>
    <mem type="tenure" free="3967789248" total="3991404544" percent="99" macro-fragmented="0">
      <mem type="soa" free="3768248512" total="3791835136" percent="99" />
      <mem type="loa" free="199540736" total="199569408" percent="99" />
    </mem>
    <remembered-set count="192" />
  </mem-info>
</gc-end>
<cycle-end id="4287" type="scavenge" contextid="4281" timestamp="2019-08-10T03:39:02.574" />
  <attribute name="elasticGC enabled" value="1" />
  <attribute name= "numThreadsSpecified" value="16" />
  <attribute name="heapSize specified" value="-91291648" />
  <attribute name="Current GC Util" value="1" />
  <attribute name= "Current Time Running" value="142719" />
  <attribute name ="GC Interval" value="200" />
  <attribute name="ProportionalT" value="-39.500000" />
  <attribute name="ProportionalI" value="-39.500000" />
  <attribute name="ProportionalH" value="-39.500000" />
  <attribute name="Current Error" value="-79.000000" />
  <attribute name="IntegralT" value="-7702.500000" />
  <attribute name="IntegralI" value="-7702.500000" />
  <attribute name="IntegralH" value="-7702.500000" />
  <attribute name="DerivativeT" value="-0.405128" />
  <attribute name="DerivativeI" value="-0.405128" />
  <attribute name="DerivativeH" value="-0.405128" />
  <attribute name="Loop Time for DT" value="195.000000" />
  <attribute name="Output H" value="4203675648"/>
  <attribute name="Output I" value="200"/>
  <attribute name="Output T" value="16"/>
  <attribute name="Target GC Util Change" value ="80.000000" />
  <attribute name="Current GC Util Change" value="1.000000"/>
  <attribute name="GC Util currently" value="1" />
  <attribute name="CPU Util currently" value="5896689181" />
<allocation-satisfied id="4288" threadId="0000000001842F00" bytesRequested="1168" />
<af-end id="4289" timestamp="2019-08-10T03:39:02.575" threadId="0000000001843888" success="true" from="nursery"/>
<exclusive-end id="4290" timestamp="2019-08-10T03:39:02.575" durationms="1.589" />

<exclusive-start id="4291" timestamp="2019-08-10T03:39:02.581" intervalms="7.566">
  <response-info timems="0.023" idlems="0.023" threads="0" lastid="0000000001842F00" lastname="main" />
</exclusive-start>
<af-start id="4292" threadId="0000000001843888" totalBytesRequested="1168" timestamp="2019-08-10T03:39:02.581" intervalms="7.546" type="nursery" />
<cycle-start id="4293" type="scavenge" contextid="0" timestamp="2019-08-10T03:39:02.581" intervalms="7.574" />
<gc-start id="4294" type="scavenge" contextid="4293" timestamp="2019-08-10T03:39:02.581">
  <mem-info id="4295" free="3967789248" total="4054319104" percent="97">
    <mem type="nursery" free="0" total="62914560" percent="0">
      <mem type="allocate" free="0" total="56623104" percent="0" />
      <mem type="survivor" free="0" total="6291456" percent="0" />
    </mem>
    <mem type="tenure" free="3967789248" total="3991404544" percent="99">
      <mem type="soa" free="3768248512" total="3791835136" percent="99" />
      <mem type="loa" free="199540736" total="199569408" percent="99" />
    </mem>
    <remembered-set count="192" />
  </mem-info>
</gc-start>
<allocation-stats totalBytes="56393696" >
  <allocated-bytes non-tlh="1168" tlh="56392528" />
  <largest-consumer threadName="main" threadId="0000000001842F00" bytes="56393696" />
</allocation-stats>
<gc-op id="4296" type="scavenge" timems="1.719" contextid="4293" timestamp="2019-08-10T03:39:02.583">
  <scavenger-info tenureage="3" tenuremask="fff8" tiltratio="90" />
  <memory-copied type="nursery" objects="211" bytes="8232" bytesdiscarded="24024" />
  <references type="soft" candidates="4" cleared="0" enqueued="0" dynamicThreshold="31" maxThreshold="32" />
  <references type="weak" candidates="8" cleared="0" enqueued="0" />
</gc-op>
<heap-resize id="4297" type="expand" space="nursery" amount="4063232" count="1" timems="0.016" reason="excessive time being spent scavenging" timestamp="2019-08-10T03:39:02.583" />
<gc-end id="4298" type="scavenge" contextid="4293" durationms="2.200" usertimems="3.374" systemtimems="0.000" timestamp="2019-08-10T03:39:02.583" activeThreads="16">
  <mem-info id="4299" free="4027984576" total="4058382336" percent="99">
    <mem type="nursery" free="60195328" total="66977792" percent="89">
      <mem type="allocate" free="60195328" total="60227584" percent="99" />
      <mem type="survivor" free="0" total="6750208" percent="0" />
    </mem>
    <mem type="tenure" free="3967789248" total="3991404544" percent="99" macro-fragmented="32784">
      <mem type="soa" free="3768248512" total="3791835136" percent="99" />
      <mem type="loa" free="199540736" total="199569408" percent="99" />
    </mem>
    <remembered-set count="160" />
  </mem-info>
</gc-end>
<cycle-end id="4300" type="scavenge" contextid="4293" timestamp="2019-08-10T03:39:02.583" />
  <attribute name="elasticGC enabled" value="1" />
  <attribute name= "numThreadsSpecified" value="16" />
  <attribute name="heapSize specified" value="-91291648" />
  <attribute name="Current GC Util" value="27" />
  <attribute name= "Current Time Running" value="142727" />
  <attribute name ="GC Interval" value="200" />
  <attribute name="ProportionalT" value="-26.500000" />
  <attribute name="ProportionalI" value="-26.500000" />
  <attribute name="ProportionalH" value="-26.500000" />
  <attribute name="Current Error" value="-53.000000" />
  <attribute name="IntegralT" value="-212.000000" />
  <attribute name="IntegralI" value="-212.000000" />
  <attribute name="IntegralH" value="-212.000000" />
  <attribute name="DerivativeT" value="-6.625000" />
  <attribute name="DerivativeI" value="-6.625000" />
  <attribute name="DerivativeH" value="-6.625000" />
  <attribute name="Loop Time for DT" value="8.000000" />
  <attribute name="Output H" value="4203675648"/>
  <attribute name="Output I" value="200"/>
  <attribute name="Output T" value="16"/>
  <attribute name="Target GC Util Change" value ="80.000000" />
  <attribute name="Current GC Util Change" value="27.000000"/>
  <attribute name="GC Util currently" value="27" />
  <attribute name="CPU Util currently" value="150650833727" />
<allocation-satisfied id="4301" threadId="0000000001842F00" bytesRequested="1168" />
<af-end id="4302" timestamp="2019-08-10T03:39:02.583" threadId="0000000001843888" success="true" from="nursery"/>
<exclusive-end id="4303" timestamp="2019-08-10T03:39:02.583" durationms="2.622" />

<exclusive-start id="4304" timestamp="2019-08-10T03:39:02.590" intervalms="9.054">
  <response-info timems="0.022" idlems="0.022" threads="0" lastid="0000000001842F00" lastname="main" />
</exclusive-start>
<af-start id="4305" threadId="0000000001843888" totalBytesRequested="1168" timestamp="2019-08-10T03:39:02.590" intervalms="9.026" type="nursery" />
<cycle-start id="4306" type="scavenge" contextid="0" timestamp="2019-08-10T03:39:02.590" intervalms="8.966" />
<gc-start id="4307" type="scavenge" contextid="4306" timestamp="2019-08-10T03:39:02.590">
  <mem-info id="4308" free="3967789248" total="4058382336" percent="97">
    <mem type="nursery" free="0" total="66977792" percent="0">
      <mem type="allocate" free="0" total="60227584" percent="0" />
      <mem type="survivor" free="0" total="6750208" percent="0" />
    </mem>
    <mem type="tenure" free="3967789248" total="3991404544" percent="99">
      <mem type="soa" free="3768248512" total="3791835136" percent="99" />
      <mem type="loa" free="199540736" total="199569408" percent="99" />
    </mem>
    <remembered-set count="160" />
  </mem-info>
</gc-start>
<allocation-stats totalBytes="59994648" >
  <allocated-bytes non-tlh="1168" tlh="59993480" />
  <largest-consumer threadName="main" threadId="0000000001842F00" bytes="59994648" />
</allocation-stats>
<gc-op id="4309" type="scavenge" timems="1.887" contextid="4306" timestamp="2019-08-10T03:39:02.592">
  <scavenger-info tenureage="2" tenuremask="fffc" tiltratio="89" />
  <memory-copied type="nursery" objects="2" bytes="56" bytesdiscarded="16072" />
  <memory-copied type="tenure" objects="209" bytes="8176" bytesdiscarded="0" />
</gc-op>
<heap-resize id="4310" type="expand" space="nursery" amount="6946816" count="1" timems="0.015" reason="excessive time being spent scavenging" timestamp="2019-08-10T03:39:02.592" />
<gc-end id="4311" type="scavenge" contextid="4306" durationms="2.394" usertimems="3.763" systemtimems="0.000" timestamp="2019-08-10T03:39:02.592" activeThreads="16">
  <mem-info id="4312" free="4034226624" total="4065329152" percent="99">
    <mem type="nursery" free="66437376" total="73924608" percent="89">
      <mem type="allocate" free="66437376" total="66453504" percent="99" />
      <mem type="survivor" free="0" total="7471104" percent="0" />
    </mem>
    <mem type="tenure" free="3967789248" total="3991404544" percent="99" macro-fragmented="0">
      <mem type="soa" free="3768248512" total="3791835136" percent="99" />
      <mem type="loa" free="199540736" total="199569408" percent="99" />
    </mem>
    <remembered-set count="120" />
  </mem-info>
</gc-end>
<cycle-end id="4313" type="scavenge" contextid="4306" timestamp="2019-08-10T03:39:02.592" />
  <attribute name="elasticGC enabled" value="1" />
  <attribute name= "numThreadsSpecified" value="16" />
  <attribute name="heapSize specified" value="-91291648" />
  <attribute name="Current GC Util" value="39" />
  <attribute name= "Current Time Running" value="142736" />
  <attribute name ="GC Interval" value="200" />
  <attribute name="ProportionalT" value="-20.500000" />
  <attribute name="ProportionalI" value="-20.500000" />
  <attribute name="ProportionalH" value="-20.500000" />
  <attribute name="Current Error" value="-41.000000" />
  <attribute name="IntegralT" value="-184.500000" />
  <attribute name="IntegralI" value="-184.500000" />
  <attribute name="IntegralH" value="-184.500000" />
  <attribute name="DerivativeT" value="-4.555556" />
  <attribute name="DerivativeI" value="-4.555556" />
  <attribute name="DerivativeH" value="-4.555556" />
  <attribute name="Loop Time for DT" value="9.000000" />
  <attribute name="Output H" value="4203675648"/>
  <attribute name="Output I" value="200"/>
  <attribute name="Output T" value="16"/>
  <attribute name="Target GC Util Change" value ="80.000000" />
  <attribute name="Current GC Util Change" value="39.000000"/>
  <attribute name="GC Util currently" value="39" />
  <attribute name="CPU Util currently" value="128670051467" />
<allocation-satisfied id="4314" threadId="0000000001842F00" bytesRequested="1168" />
<af-end id="4315" timestamp="2019-08-10T03:39:02.592" threadId="0000000001843888" success="true" from="nursery"/>
<exclusive-end id="4316" timestamp="2019-08-10T03:39:02.592" durationms="2.658" />

<exclusive-start id="4317" timestamp="2019-08-10T03:39:02.603" intervalms="13.135">
  <response-info timems="0.027" idlems="0.027" threads="0" lastid="0000000001842F00" lastname="main" />
</exclusive-start>
<af-start id="4318" threadId="0000000001843888" totalBytesRequested="1168" timestamp="2019-08-10T03:39:02.603" intervalms="13.255" type="nursery" />
<cycle-start id="4319" type="scavenge" contextid="0" timestamp="2019-08-10T03:39:02.603" intervalms="13.258" />
<gc-start id="4320" type="scavenge" contextid="4319" timestamp="2019-08-10T03:39:02.603">
  <mem-info id="4321" free="3967789248" total="4065329152" percent="97">
    <mem type="nursery" free="0" total="73924608" percent="0">
      <mem type="allocate" free="0" total="66453504" percent="0" />
      <mem type="survivor" free="0" total="7471104" percent="0" />
    </mem>
    <mem type="tenure" free="3967789248" total="3991404544" percent="99">
      <mem type="soa" free="3768248512" total="3791835136" percent="99" />
      <mem type="loa" free="199540736" total="199569408" percent="99" />
    </mem>
    <remembered-set count="120" />
  </mem-info>
</gc-start>
<allocation-stats totalBytes="66216232" >
  <allocated-bytes non-tlh="1168" tlh="66215064" />
  <largest-consumer threadName="main" threadId="0000000001842F00" bytes="66216232" />
</allocation-stats>
<gc-op id="4322" type="scavenge" timems="0.960" contextid="4319" timestamp="2019-08-10T03:39:02.604">
  <scavenger-info tenureage="5" tenuremask="ffe0" tiltratio="89" />
  <memory-copied type="nursery" objects="2" bytes="56" bytesdiscarded="32200" />
</gc-op>
<gc-end id="4323" type="scavenge" contextid="4319" durationms="1.236" usertimems="2.224" systemtimems="0.000" timestamp="2019-08-10T03:39:02.604" activeThreads="16">
  <mem-info id="4324" free="4034276032" total="4065329152" percent="99">
    <mem type="nursery" free="66486784" total="73924608" percent="89">
      <mem type="allocate" free="66486784" total="66519040" percent="99" />
      <mem type="survivor" free="0" total="7405568" percent="0" />
    </mem>
    <mem type="tenure" free="3967789248" total="3991404544" percent="99" macro-fragmented="0">
      <mem type="soa" free="3768248512" total="3791835136" percent="99" />
      <mem type="loa" free="199540736" total="199569408" percent="99" />
    </mem>
    <remembered-set count="120" />
  </mem-info>
</gc-end>
<cycle-end id="4325" type="scavenge" contextid="4319" timestamp="2019-08-10T03:39:02.604" />
  <attribute name="elasticGC enabled" value="1" />
  <attribute name= "numThreadsSpecified" value="16" />
  <attribute name="heapSize specified" value="-91291648" />
  <attribute name="Current GC Util" value="29" />
  <attribute name= "Current Time Running" value="142749" />
  <attribute name ="GC Interval" value="200" />
  <attribute name="ProportionalT" value="-25.500000" />
  <attribute name="ProportionalI" value="-25.500000" />
  <attribute name="ProportionalH" value="-25.500000" />
  <attribute name="Current Error" value="-51.000000" />
  <attribute name="IntegralT" value="-331.500000" />
  <attribute name="IntegralI" value="-331.500000" />
  <attribute name="IntegralH" value="-331.500000" />
  <attribute name="DerivativeT" value="-3.923077" />
  <attribute name="DerivativeI" value="-3.923077" />
  <attribute name="DerivativeH" value="-3.923077" />
  <attribute name="Loop Time for DT" value="13.000000" />
  <attribute name="Output H" value="4203675648"/>
  <attribute name="Output I" value="200"/>
  <attribute name="Output T" value="16"/>
  <attribute name="Target GC Util Change" value ="80.000000" />
  <attribute name="Current GC Util Change" value="29.000000"/>
  <attribute name="GC Util currently" value="29" />
  <attribute name="CPU Util currently" value="87697052469" />
<allocation-satisfied id="4326" threadId="0000000001842F00" bytesRequested="1168" />
<af-end id="4327" timestamp="2019-08-10T03:39:02.604" threadId="0000000001843888" success="true" from="nursery"/>
<exclusive-end id="4328" timestamp="2019-08-10T03:39:02.604" durationms="1.582" />

<exclusive-start id="4329" timestamp="2019-08-10T03:39:02.611" intervalms="8.315">
  <response-info timems="0.018" idlems="0.018" threads="0" lastid="0000000001842F00" lastname="main" />
</exclusive-start>
<af-start id="4330" threadId="0000000001843888" totalBytesRequested="1168" timestamp="2019-08-10T03:39:02.611" intervalms="8.228" type="nursery" />
<cycle-start id="4331" type="scavenge" contextid="0" timestamp="2019-08-10T03:39:02.611" intervalms="8.225" />
<gc-start id="4332" type="scavenge" contextid="4331" timestamp="2019-08-10T03:39:02.611">
  <mem-info id="4333" free="3967789248" total="4065329152" percent="97">
    <mem type="nursery" free="0" total="73924608" percent="0">
      <mem type="allocate" free="0" total="66519040" percent="0" />
      <mem type="survivor" free="0" total="7405568" percent="0" />
    </mem>
    <mem type="tenure" free="3967789248" total="3991404544" percent="99">
      <mem type="soa" free="3768248512" total="3791835136" percent="99" />
      <mem type="loa" free="199540736" total="199569408" percent="99" />
    </mem>
    <remembered-set count="120" />
  </mem-info>
</gc-start>
<allocation-stats totalBytes="66265512" >
  <allocated-bytes non-tlh="1168" tlh="66264344" />
  <largest-consumer threadName="main" threadId="0000000001842F00" bytes="66265512" />
</allocation-stats>
<gc-op id="4334" type="scavenge" timems="0.757" contextid="4331" timestamp="2019-08-10T03:39:02.612">
  <scavenger-info tenureage="3" tenuremask="fff8" tiltratio="89" />
  <memory-copied type="nursery" objects="2" bytes="56" bytesdiscarded="32200" />
</gc-op>
<gc-end id="4335" type="scavenge" contextid="4331" durationms="1.034" usertimems="1.633" systemtimems="0.000" timestamp="2019-08-10T03:39:02.612" activeThreads="16">
  <mem-info id="4336" free="4034276032" total="4065329152" percent="99">
    <mem type="nursery" free="66486784" total="73924608" percent="89">
      <mem type="allocate" free="66486784" total="66519040" percent="99" />
      <mem type="survivor" free="0" total="7405568" percent="0" />
    </mem>
    <mem type="tenure" free="3967789248" total="3991404544" percent="99" macro-fragmented="3732887">
      <mem type="soa" free="3768248512" total="3791835136" percent="99" />
      <mem type="loa" free="199540736" total="199569408" percent="99" />
    </mem>
    <remembered-set count="120" />
  </mem-info>
</gc-end>
<cycle-end id="4337" type="scavenge" contextid="4331" timestamp="2019-08-10T03:39:02.612" />
  <attribute name="elasticGC enabled" value="1" />
  <attribute name= "numThreadsSpecified" value="16" />
  <attribute name="heapSize specified" value="-91291648" />
  <attribute name="Current GC Util" value="28" />
  <attribute name= "Current Time Running" value="142757" />
  <attribute name ="GC Interval" value="200" />
  <attribute name="ProportionalT" value="-26.000000" />
  <attribute name="ProportionalI" value="-26.000000" />
  <attribute name="ProportionalH" value="-26.000000" />
  <attribute name="Current Error" value="-52.000000" />
  <attribute name="IntegralT" value="-208.000000" />
  <attribute name="IntegralI" value="-208.000000" />
  <attribute name="IntegralH" value="-208.000000" />
  <attribute name="DerivativeT" value="-6.500000" />
  <attribute name="DerivativeI" value="-6.500000" />
  <attribute name="DerivativeH" value="-6.500000" />
  <attribute name="Loop Time for DT" value="8.000000" />
  <attribute name="Output H" value="4203675648"/>
  <attribute name="Output I" value="200"/>
  <attribute name="Output T" value="16"/>
  <attribute name="Target GC Util Change" value ="80.000000" />
  <attribute name="Current GC Util Change" value="28.000000"/>
  <attribute name="GC Util currently" value="28" />
  <attribute name="CPU Util currently" value="140090406390" />
<allocation-satisfied id="4338" threadId="0000000001842F00" bytesRequested="1168" />
<af-end id="4339" timestamp="2019-08-10T03:39:02.612" threadId="0000000001843888" success="true" from="nursery"/>
<exclusive-end id="4340" timestamp="2019-08-10T03:39:02.612" durationms="1.283" />

<exclusive-start id="4341" timestamp="2019-08-10T03:39:02.619" intervalms="8.143">
  <response-info timems="0.027" idlems="0.027" threads="0" lastid="0000000001842F00" lastname="main" />
</exclusive-start>
<af-start id="4342" threadId="0000000001843888" totalBytesRequested="1168" timestamp="2019-08-10T03:39:02.619" intervalms="8.127" type="nursery" />
<cycle-start id="4343" type="scavenge" contextid="0" timestamp="2019-08-10T03:39:02.619" intervalms="8.128" />
<gc-start id="4344" type="scavenge" contextid="4343" timestamp="2019-08-10T03:39:02.619">
  <mem-info id="4345" free="3967789248" total="4065329152" percent="97">
    <mem type="nursery" free="0" total="73924608" percent="0">
      <mem type="allocate" free="0" total="66519040" percent="0" />
      <mem type="survivor" free="0" total="7405568" percent="0" />
    </mem>
    <mem type="tenure" free="3967789248" total="3991404544" percent="99">
      <mem type="soa" free="3768248512" total="3791835136" percent="99" />
      <mem type="loa" free="199540736" total="199569408" percent="99" />
    </mem>
    <remembered-set count="120" />
  </mem-info>
</gc-start>
<allocation-stats totalBytes="66265512" >
  <allocated-bytes non-tlh="1168" tlh="66264344" />
  <largest-consumer threadName="main" threadId="0000000001842F00" bytes="66265512" />
</allocation-stats>
<gc-op id="4346" type="scavenge" timems="1.350" contextid="4343" timestamp="2019-08-10T03:39:02.621">
  <scavenger-info tenureage="3" tenuremask="fff8" tiltratio="89" />
  <memory-copied type="nursery" objects="2" bytes="56" bytesdiscarded="32200" />
</gc-op>
<heap-resize id="4347" type="expand" space="nursery" amount="5373952" count="1" timems="0.014" reason="excessive time being spent scavenging" timestamp="2019-08-10T03:39:02.621" />
<gc-end id="4348" type="scavenge" contextid="4343" durationms="1.709" usertimems="2.268" systemtimems="0.000" timestamp="2019-08-10T03:39:02.621" activeThreads="16">
  <mem-info id="4349" free="4039060160" total="4070703104" percent="99">
    <mem type="nursery" free="71270912" total="79298560" percent="89">
      <mem type="allocate" free="71270912" total="71303168" percent="99" />
      <mem type="survivor" free="0" total="7995392" percent="0" />
    </mem>
    <mem type="tenure" free="3967789248" total="3991404544" percent="99" macro-fragmented="1041779">
      <mem type="soa" free="3768248512" total="3791835136" percent="99" />
      <mem type="loa" free="199540736" total="199569408" percent="99" />
    </mem>
    <remembered-set count="120" />
  </mem-info>
</gc-end>
<cycle-end id="4350" type="scavenge" contextid="4343" timestamp="2019-08-10T03:39:02.621" />
  <attribute name="elasticGC enabled" value="1" />
  <attribute name= "numThreadsSpecified" value="16" />
  <attribute name="heapSize specified" value="-91291648" />
  <attribute name="Current GC Util" value="21" />
  <attribute name= "Current Time Running" value="142766" />
  <attribute name ="GC Interval" value="200" />
  <attribute name="ProportionalT" value="-29.500000" />
  <attribute name="ProportionalI" value="-29.500000" />
  <attribute name="ProportionalH" value="-29.500000" />
  <attribute name="Current Error" value="-59.000000" />
  <attribute name="IntegralT" value="-265.500000" />
  <attribute name="IntegralI" value="-265.500000" />
  <attribute name="IntegralH" value="-265.500000" />
  <attribute name="DerivativeT" value="-6.555556" />
  <attribute name="DerivativeI" value="-6.555556" />
  <attribute name="DerivativeH" value="-6.555556" />
  <attribute name="Loop Time for DT" value="9.000000" />
  <attribute name="Output H" value="4203675648"/>
  <attribute name="Output I" value="200"/>
  <attribute name="Output T" value="16"/>
  <attribute name="Target GC Util Change" value ="80.000000" />
  <attribute name="Current GC Util Change" value="21.000000"/>
  <attribute name="GC Util currently" value="21" />
  <attribute name="CPU Util currently" value="141735117018" />
<allocation-satisfied id="4351" threadId="0000000001842F00" bytesRequested="1168" />
<af-end id="4352" timestamp="2019-08-10T03:39:02.621" threadId="0000000001843888" success="true" from="nursery"/>
<exclusive-end id="4353" timestamp="2019-08-10T03:39:02.621" durationms="2.026" />

<exclusive-start id="4354" timestamp="2019-08-10T03:39:02.629" intervalms="9.723">
  <response-info timems="0.026" idlems="0.026" threads="0" lastid="0000000001842F00" lastname="main" />
</exclusive-start>
<af-start id="4355" threadId="0000000001843888" totalBytesRequested="1168" timestamp="2019-08-10T03:39:02.629" intervalms="9.726" type="nursery" />
<cycle-start id="4356" type="scavenge" contextid="0" timestamp="2019-08-10T03:39:02.629" intervalms="9.728" />
<gc-start id="4357" type="scavenge" contextid="4356" timestamp="2019-08-10T03:39:02.629">
  <mem-info id="4358" free="3967789248" total="4070703104" percent="97">
    <mem type="nursery" free="0" total="79298560" percent="0">
      <mem type="allocate" free="0" total="71303168" percent="0" />
      <mem type="survivor" free="0" total="7995392" percent="0" />
    </mem>
    <mem type="tenure" free="3967789248" total="3991404544" percent="99">
      <mem type="soa" free="3768248512" total="3791835136" percent="99" />
      <mem type="loa" free="199540736" total="199569408" percent="99" />
    </mem>
    <remembered-set count="120" />
  </mem-info>
</gc-start>
<allocation-stats totalBytes="71033992" >
  <allocated-bytes non-tlh="1168" tlh="71032824" />
  <largest-consumer threadName="main" threadId="0000000001842F00" bytes="71033992" />
</allocation-stats>
<gc-op id="4359" type="scavenge" timems="1.305" contextid="4356" timestamp="2019-08-10T03:39:02.630">
  <scavenger-info tenureage="3" tenuremask="fff8" tiltratio="89" />
  <memory-copied type="nursery" objects="2" bytes="56" bytesdiscarded="32200" />
</gc-op>
<heap-resize id="4360" type="expand" space="nursery" amount="3932160" count="1" timems="0.016" reason="excessive time being spent scavenging" timestamp="2019-08-10T03:39:02.631" />
<gc-end id="4361" type="scavenge" contextid="4356" durationms="1.785" usertimems="3.093" systemtimems="0.000" timestamp="2019-08-10T03:39:02.631" activeThreads="16">
  <mem-info id="4362" free="4042664640" total="4074635264" percent="99">
    <mem type="nursery" free="74875392" total="83230720" percent="89">
      <mem type="allocate" free="74875392" total="74907648" percent="99" />
      <mem type="survivor" free="0" total="8323072" percent="0" />
    </mem>
    <mem type="tenure" free="3967789248" total="3991404544" percent="99" macro-fragmented="0">
      <mem type="soa" free="3768248512" total="3791835136" percent="99" />
      <mem type="loa" free="199540736" total="199569408" percent="99" />
    </mem>
    <remembered-set count="120" />
  </mem-info>
</gc-end>
<cycle-end id="4363" type="scavenge" contextid="4356" timestamp="2019-08-10T03:39:02.631" />
  <attribute name="elasticGC enabled" value="1" />
  <attribute name= "numThreadsSpecified" value="16" />
  <attribute name="heapSize specified" value="-91291648" />
  <attribute name="Current GC Util" value="24" />
  <attribute name= "Current Time Running" value="142775" />
  <attribute name ="GC Interval" value="200" />
  <attribute name="ProportionalT" value="-28.000000" />
  <attribute name="ProportionalI" value="-28.000000" />
  <attribute name="ProportionalH" value="-28.000000" />
  <attribute name="Current Error" value="-56.000000" />
  <attribute name="IntegralT" value="-252.000000" />
  <attribute name="IntegralI" value="-252.000000" />
  <attribute name="IntegralH" value="-252.000000" />
  <attribute name="DerivativeT" value="-6.222222" />
  <attribute name="DerivativeI" value="-6.222222" />
  <attribute name="DerivativeH" value="-6.222222" />
  <attribute name="Loop Time for DT" value="9.000000" />
  <attribute name="Output H" value="4203675648"/>
  <attribute name="Output I" value="200"/>
  <attribute name="Output T" value="16"/>
  <attribute name="Target GC Util Change" value ="80.000000" />
  <attribute name="Current GC Util Change" value="24.000000"/>
  <attribute name="GC Util currently" value="24" />
  <attribute name="CPU Util currently" value="117576759506" />
<allocation-satisfied id="4364" threadId="0000000001842F00" bytesRequested="1168" />
<af-end id="4365" timestamp="2019-08-10T03:39:02.631" threadId="0000000001843888" success="true" from="nursery"/>
<exclusive-end id="4366" timestamp="2019-08-10T03:39:02.631" durationms="2.148" />

<exclusive-start id="4367" timestamp="2019-08-10T03:39:02.645" intervalms="16.021">
  <response-info timems="0.036" idlems="0.036" threads="0" lastid="0000000001842F00" lastname="main" />
</exclusive-start>
<af-start id="4368" threadId="0000000001843888" totalBytesRequested="1168" timestamp="2019-08-10T03:39:02.645" intervalms="16.021" type="nursery" />
<cycle-start id="4369" type="scavenge" contextid="0" timestamp="2019-08-10T03:39:02.645" intervalms="16.054" />
<gc-start id="4370" type="scavenge" contextid="4369" timestamp="2019-08-10T03:39:02.645">
  <mem-info id="4371" free="3967789248" total="4074635264" percent="97">
    <mem type="nursery" free="0" total="83230720" percent="0">
      <mem type="allocate" free="0" total="74907648" percent="0" />
      <mem type="survivor" free="0" total="8323072" percent="0" />
    </mem>
    <mem type="tenure" free="3967789248" total="3991404544" percent="99">
      <mem type="soa" free="3768248512" total="3791835136" percent="99" />
      <mem type="loa" free="199540736" total="199569408" percent="99" />
    </mem>
    <remembered-set count="120" />
  </mem-info>
</gc-start>
<allocation-stats totalBytes="74626664" >
  <allocated-bytes non-tlh="1168" tlh="74625496" />
  <largest-consumer threadName="main" threadId="0000000001842F00" bytes="74626664" />
</allocation-stats>
<gc-op id="4372" type="scavenge" timems="1.010" contextid="4369" timestamp="2019-08-10T03:39:02.646">
  <scavenger-info tenureage="3" tenuremask="fff8" tiltratio="90" />
  <memory-copied type="nursery" objects="2" bytes="56" bytesdiscarded="32200" />
</gc-op>
<gc-end id="4373" type="scavenge" contextid="4369" durationms="1.328" usertimems="1.970" systemtimems="0.000" timestamp="2019-08-10T03:39:02.646" activeThreads="16">
  <mem-info id="4374" free="4042664640" total="4074635264" percent="99">
    <mem type="nursery" free="74875392" total="83230720" percent="89">
      <mem type="allocate" free="74875392" total="74907648" percent="99" />
      <mem type="survivor" free="0" total="8323072" percent="0" />
    </mem>
    <mem type="tenure" free="3967789248" total="3991404544" percent="99" macro-fragmented="5375357">
      <mem type="soa" free="3768248512" total="3791835136" percent="99" />
      <mem type="loa" free="199540736" total="199569408" percent="99" />
    </mem>
    <remembered-set count="120" />
  </mem-info>
</gc-end>
<cycle-end id="4375" type="scavenge" contextid="4369" timestamp="2019-08-10T03:39:02.647" />
  <attribute name="elasticGC enabled" value="1" />
  <attribute name= "numThreadsSpecified" value="16" />
  <attribute name="heapSize specified" value="-91291648" />
  <attribute name="Current GC Util" value="20" />
  <attribute name= "Current Time Running" value="142791" />
  <attribute name ="GC Interval" value="200" />
  <attribute name="ProportionalT" value="-30.000000" />
  <attribute name="ProportionalI" value="-30.000000" />
  <attribute name="ProportionalH" value="-30.000000" />
  <attribute name="Current Error" value="-60.000000" />
  <attribute name="IntegralT" value="-480.000000" />
  <attribute name="IntegralI" value="-480.000000" />
  <attribute name="IntegralH" value="-480.000000" />
  <attribute name="DerivativeT" value="-3.750000" />
  <attribute name="DerivativeI" value="-3.750000" />
  <attribute name="DerivativeH" value="-3.750000" />
  <attribute name="Loop Time for DT" value="16.000000" />
  <attribute name="Output H" value="4203675648"/>
  <attribute name="Output I" value="200"/>
  <attribute name="Output T" value="16"/>
  <attribute name="Target GC Util Change" value ="80.000000" />
  <attribute name="Current GC Util Change" value="20.000000"/>
  <attribute name="GC Util currently" value="20" />
  <attribute name="CPU Util currently" value="72063912240" />
<allocation-satisfied id="4376" threadId="0000000001842F00" bytesRequested="1168" />
<af-end id="4377" timestamp="2019-08-10T03:39:02.647" threadId="0000000001843888" success="true" from="nursery"/>
<exclusive-end id="4378" timestamp="2019-08-10T03:39:02.647" durationms="1.654" />

<exclusive-start id="4379" timestamp="2019-08-10T03:39:02.658" intervalms="12.742">
  <response-info timems="0.032" idlems="0.032" threads="0" lastid="0000000001842F00" lastname="main" />
</exclusive-start>
<af-start id="4380" threadId="0000000001843888" totalBytesRequested="1168" timestamp="2019-08-10T03:39:02.658" intervalms="12.781" type="nursery" />
<cycle-start id="4381" type="scavenge" contextid="0" timestamp="2019-08-10T03:39:02.658" intervalms="12.751" />
<gc-start id="4382" type="scavenge" contextid="4381" timestamp="2019-08-10T03:39:02.658">
  <mem-info id="4383" free="3967789248" total="4074635264" percent="97">
    <mem type="nursery" free="0" total="83230720" percent="0">
      <mem type="allocate" free="0" total="74907648" percent="0" />
      <mem type="survivor" free="0" total="8323072" percent="0" />
    </mem>
    <mem type="tenure" free="3967789248" total="3991404544" percent="99">
      <mem type="soa" free="3768248512" total="3791835136" percent="99" />
      <mem type="loa" free="199540736" total="199569408" percent="99" />
    </mem>
    <remembered-set count="120" />
  </mem-info>
</gc-start>
<allocation-stats totalBytes="74626664" >
  <allocated-bytes non-tlh="1168" tlh="74625496" />
  <largest-consumer threadName="main" threadId="0000000001842F00" bytes="74626664" />
</allocation-stats>
<gc-op id="4384" type="scavenge" timems="0.847" contextid="4381" timestamp="2019-08-10T03:39:02.659">
  <scavenger-info tenureage="3" tenuremask="fff8" tiltratio="90" />
  <memory-copied type="nursery" objects="2" bytes="56" bytesdiscarded="32200" />
</gc-op>
<heap-resize id="4385" type="expand" space="nursery" amount="3932160" count="1" timems="0.020" reason="excessive time being spent scavenging" timestamp="2019-08-10T03:39:02.659" />
<gc-end id="4386" type="scavenge" contextid="4381" durationms="1.236" usertimems="2.071" systemtimems="0.000" timestamp="2019-08-10T03:39:02.659" activeThreads="16">
  <mem-info id="4387" free="4046203584" total="4078567424" percent="99">
    <mem type="nursery" free="78414336" total="87162880" percent="89">
      <mem type="allocate" free="78414336" total="78446592" percent="99" />
      <mem type="survivor" free="0" total="8716288" percent="0" />
    </mem>
    <mem type="tenure" free="3967789248" total="3991404544" percent="99" macro-fragmented="4479464">
      <mem type="soa" free="3768248512" total="3791835136" percent="99" />
      <mem type="loa" free="199540736" total="199569408" percent="99" />
    </mem>
    <remembered-set count="120" />
  </mem-info>
</gc-end>
<cycle-end id="4388" type="scavenge" contextid="4381" timestamp="2019-08-10T03:39:02.659" />
  <attribute name="elasticGC enabled" value="1" />
  <attribute name= "numThreadsSpecified" value="16" />
  <attribute name="heapSize specified" value="-91291648" />
  <attribute name="Current GC Util" value="17" />
  <attribute name= "Current Time Running" value="142804" />
  <attribute name ="GC Interval" value="200" />
  <attribute name="ProportionalT" value="-31.500000" />
  <attribute name="ProportionalI" value="-31.500000" />
  <attribute name="ProportionalH" value="-31.500000" />
  <attribute name="Current Error" value="-63.000000" />
  <attribute name="IntegralT" value="-409.500000" />
  <attribute name="IntegralI" value="-409.500000" />
  <attribute name="IntegralH" value="-409.500000" />
  <attribute name="DerivativeT" value="-4.846154" />
  <attribute name="DerivativeI" value="-4.846154" />
  <attribute name="DerivativeH" value="-4.846154" />
  <attribute name="Loop Time for DT" value="13.000000" />
  <attribute name="Output H" value="4203675648"/>
  <attribute name="Output I" value="200"/>
  <attribute name="Output T" value="16"/>
  <attribute name="Target GC Util Change" value ="80.000000" />
  <attribute name="Current GC Util Change" value="17.000000"/>
  <attribute name="GC Util currently" value="17" />
  <attribute name="CPU Util currently" value="90481682571" />
<allocation-satisfied id="4389" threadId="0000000001842F00" bytesRequested="1168" />
<af-end id="4390" timestamp="2019-08-10T03:39:02.659" threadId="0000000001843888" success="true" from="nursery"/>
<exclusive-end id="4391" timestamp="2019-08-10T03:39:02.659" durationms="1.595" />

<exclusive-start id="4392" timestamp="2019-08-10T03:39:02.673" intervalms="15.251">
  <response-info timems="0.038" idlems="0.038" threads="0" lastid="0000000001842F00" lastname="main" />
</exclusive-start>
<af-start id="4393" threadId="0000000001843888" totalBytesRequested="1168" timestamp="2019-08-10T03:39:02.673" intervalms="15.199" type="nursery" />
<cycle-start id="4394" type="scavenge" contextid="0" timestamp="2019-08-10T03:39:02.673" intervalms="15.230" />
<gc-start id="4395" type="scavenge" contextid="4394" timestamp="2019-08-10T03:39:02.673">
  <mem-info id="4396" free="3967789248" total="4078567424" percent="97">
    <mem type="nursery" free="0" total="87162880" percent="0">
      <mem type="allocate" free="0" total="78446592" percent="0" />
      <mem type="survivor" free="0" total="8716288" percent="0" />
    </mem>
    <mem type="tenure" free="3967789248" total="3991404544" percent="99">
      <mem type="soa" free="3768248512" total="3791835136" percent="99" />
      <mem type="loa" free="199540736" total="199569408" percent="99" />
    </mem>
    <remembered-set count="125" />
  </mem-info>
</gc-start>
<allocation-stats totalBytes="78046344" >
  <allocated-bytes non-tlh="1168" tlh="78045176" />
  <largest-consumer threadName="main" threadId="0000000001842F00" bytes="78046344" />
</allocation-stats>
<gc-op id="4397" type="scavenge" timems="1.881" contextid="4394" timestamp="2019-08-10T03:39:02.675">
  <scavenger-info tenureage="3" tenuremask="fff8" tiltratio="90" />
  <memory-copied type="nursery" objects="27" bytes="1936" bytesdiscarded="30320" />
</gc-op>
<gc-end id="4398" type="scavenge" contextid="4394" durationms="2.180" usertimems="3.469" systemtimems="0.000" timestamp="2019-08-10T03:39:02.675" activeThreads="16">
  <mem-info id="4399" free="4046203584" total="4078567424" percent="99">
    <mem type="nursery" free="78414336" total="87162880" percent="89">
      <mem type="allocate" free="78414336" total="78446592" percent="99" />
      <mem type="survivor" free="0" total="8716288" percent="0" />
    </mem>
    <mem type="tenure" free="3967789248" total="3991404544" percent="99" macro-fragmented="5375357">
      <mem type="soa" free="3768248512" total="3791835136" percent="99" />
      <mem type="loa" free="199540736" total="199569408" percent="99" />
    </mem>
    <remembered-set count="125" />
  </mem-info>
</gc-end>
<cycle-end id="4400" type="scavenge" contextid="4394" timestamp="2019-08-10T03:39:02.675" />
  <attribute name="elasticGC enabled" value="1" />
  <attribute name= "numThreadsSpecified" value="16" />
  <attribute name="heapSize specified" value="-91291648" />
  <attribute name="Current GC Util" value="14" />
  <attribute name= "Current Time Running" value="142819" />
  <attribute name ="GC Interval" value="200" />
  <attribute name="ProportionalT" value="-33.000000" />
  <attribute name="ProportionalI" value="-33.000000" />
  <attribute name="ProportionalH" value="-33.000000" />
  <attribute name="Current Error" value="-66.000000" />
  <attribute name="IntegralT" value="-495.000000" />
  <attribute name="IntegralI" value="-495.000000" />
  <attribute name="IntegralH" value="-495.000000" />
  <attribute name="DerivativeT" value="-4.400000" />
  <attribute name="DerivativeI" value="-4.400000" />
  <attribute name="DerivativeH" value="-4.400000" />
  <attribute name="Loop Time for DT" value="15.000000" />
  <attribute name="Output H" value="4203675648"/>
  <attribute name="Output I" value="200"/>
  <attribute name="Output T" value="16"/>
  <attribute name="Target GC Util Change" value ="80.000000" />
  <attribute name="Current GC Util Change" value="14.000000"/>
  <attribute name="GC Util currently" value="14" />
  <attribute name="CPU Util currently" value="75813916838" />
<allocation-satisfied id="4401" threadId="0000000001842F00" bytesRequested="1168" />
<af-end id="4402" timestamp="2019-08-10T03:39:02.675" threadId="0000000001843888" success="true" from="nursery"/>
<exclusive-end id="4403" timestamp="2019-08-10T03:39:02.675" durationms="2.474" />

<exclusive-start id="4404" timestamp="2019-08-10T03:39:02.687" intervalms="13.804">
  <response-info timems="0.016" idlems="0.016" threads="0" lastid="0000000001842F00" lastname="main" />
</exclusive-start>
<af-start id="4405" threadId="0000000001843888" totalBytesRequested="1168" timestamp="2019-08-10T03:39:02.687" intervalms="13.789" type="nursery" />
<cycle-start id="4406" type="scavenge" contextid="0" timestamp="2019-08-10T03:39:02.687" intervalms="13.854" />
<gc-start id="4407" type="scavenge" contextid="4406" timestamp="2019-08-10T03:39:02.687">
  <mem-info id="4408" free="3967789248" total="4078567424" percent="97">
    <mem type="nursery" free="0" total="87162880" percent="0">
      <mem type="allocate" free="0" total="78446592" percent="0" />
      <mem type="survivor" free="0" total="8716288" percent="0" />
    </mem>
    <mem type="tenure" free="3967789248" total="3991404544" percent="99">
      <mem type="soa" free="3768248512" total="3791835136" percent="99" />
      <mem type="loa" free="199540736" total="199569408" percent="99" />
    </mem>
    <remembered-set count="125" />
  </mem-info>
</gc-start>
<allocation-stats totalBytes="77913768" >
  <allocated-bytes non-tlh="1168" tlh="77912600" />
  <largest-consumer threadName="main" threadId="0000000001842F00" bytes="77913768" />
</allocation-stats>
<gc-op id="4409" type="scavenge" timems="2.507" contextid="4406" timestamp="2019-08-10T03:39:02.689">
  <scavenger-info tenureage="3" tenuremask="fff8" tiltratio="90" />
  <memory-copied type="nursery" objects="28" bytes="1960" bytesdiscarded="14168" />
</gc-op>
<heap-resize id="4410" type="expand" space="nursery" amount="6684672" count="1" timems="0.013" reason="excessive time being spent scavenging" timestamp="2019-08-10T03:39:02.690" />
<gc-end id="4411" type="scavenge" contextid="4406" durationms="2.878" usertimems="3.052" systemtimems="0.000" timestamp="2019-08-10T03:39:02.690" activeThreads="16">
  <mem-info id="4412" free="4052183488" total="4085252096" percent="99">
    <mem type="nursery" free="84394240" total="93847552" percent="89">
      <mem type="allocate" free="84394240" total="84410368" percent="99" />
      <mem type="survivor" free="0" total="9437184" percent="0" />
    </mem>
    <mem type="tenure" free="3967789248" total="3991404544" percent="99" macro-fragmented="1041779">
      <mem type="soa" free="3768248512" total="3791835136" percent="99" />
      <mem type="loa" free="199540736" total="199569408" percent="99" />
    </mem>
    <remembered-set count="115" />
  </mem-info>
</gc-end>
<cycle-end id="4413" type="scavenge" contextid="4406" timestamp="2019-08-10T03:39:02.690" />
  <attribute name="elasticGC enabled" value="1" />
  <attribute name= "numThreadsSpecified" value="16" />
  <attribute name="heapSize specified" value="-91291648" />
  <attribute name="Current GC Util" value="24" />
  <attribute name= "Current Time Running" value="142833" />
  <attribute name ="GC Interval" value="200" />
  <attribute name="ProportionalT" value="-28.000000" />
  <attribute name="ProportionalI" value="-28.000000" />
  <attribute name="ProportionalH" value="-28.000000" />
  <attribute name="Current Error" value="-56.000000" />
  <attribute name="IntegralT" value="-392.000000" />
  <attribute name="IntegralI" value="-392.000000" />
  <attribute name="IntegralH" value="-392.000000" />
  <attribute name="DerivativeT" value="-4.000000" />
  <attribute name="DerivativeI" value="-4.000000" />
  <attribute name="DerivativeH" value="-4.000000" />
  <attribute name="Loop Time for DT" value="14.000000" />
  <attribute name="Output H" value="4203675648"/>
  <attribute name="Output I" value="200"/>
  <attribute name="Output T" value="16"/>
  <attribute name="Target GC Util Change" value ="80.000000" />
  <attribute name="Current GC Util Change" value="24.000000"/>
  <attribute name="GC Util currently" value="24" />
  <attribute name="CPU Util currently" value="83392330860" />
<allocation-satisfied id="4414" threadId="0000000001842F00" bytesRequested="1168" />
<af-end id="4415" timestamp="2019-08-10T03:39:02.690" threadId="0000000001843888" success="true" from="nursery"/>
<exclusive-end id="4416" timestamp="2019-08-10T03:39:02.690" durationms="3.261" />

<exclusive-start id="4417" timestamp="2019-08-10T03:39:02.704" intervalms="16.822">
  <response-info timems="0.027" idlems="0.027" threads="0" lastid="0000000001842F00" lastname="main" />
</exclusive-start>
<af-start id="4418" threadId="0000000001843888" totalBytesRequested="1168" timestamp="2019-08-10T03:39:02.704" intervalms="16.858" type="nursery" />
<cycle-start id="4419" type="scavenge" contextid="0" timestamp="2019-08-10T03:39:02.704" intervalms="16.760" />
<gc-start id="4420" type="scavenge" contextid="4419" timestamp="2019-08-10T03:39:02.704">
  <mem-info id="4421" free="3967789248" total="4085252096" percent="97">
    <mem type="nursery" free="0" total="93847552" percent="0">
      <mem type="allocate" free="0" total="84410368" percent="0" />
      <mem type="survivor" free="0" total="9437184" percent="0" />
    </mem>
    <mem type="tenure" free="3967789248" total="3991404544" percent="99">
      <mem type="soa" free="3768248512" total="3791835136" percent="99" />
      <mem type="loa" free="199540736" total="199569408" percent="99" />
    </mem>
    <remembered-set count="115" />
  </mem-info>
</gc-start>
<allocation-stats totalBytes="83866368" >
  <allocated-bytes non-tlh="1168" tlh="83865200" />
  <largest-consumer threadName="main" threadId="0000000001842F00" bytes="83866368" />
</allocation-stats>
<gc-op id="4422" type="scavenge" timems="1.203" contextid="4419" timestamp="2019-08-10T03:39:02.705">
  <scavenger-info tenureage="3" tenuremask="fff8" tiltratio="89" />
  <memory-copied type="nursery" objects="28" bytes="1960" bytesdiscarded="14168" />
</gc-op>
<gc-end id="4423" type="scavenge" contextid="4419" durationms="1.711" usertimems="2.480" systemtimems="0.000" timestamp="2019-08-10T03:39:02.705" activeThreads="16">
  <mem-info id="4424" free="4052183488" total="4085252096" percent="99">
    <mem type="nursery" free="84394240" total="93847552" percent="89">
      <mem type="allocate" free="84394240" total="84410368" percent="99" />
      <mem type="survivor" free="0" total="9437184" percent="0" />
    </mem>
    <mem type="tenure" free="3967789248" total="3991404544" percent="99" macro-fragmented="5375357">
      <mem type="soa" free="3768248512" total="3791835136" percent="99" />
      <mem type="loa" free="199540736" total="199569408" percent="99" />
    </mem>
    <remembered-set count="115" />
  </mem-info>
</gc-end>
<cycle-end id="4425" type="scavenge" contextid="4419" timestamp="2019-08-10T03:39:02.706" />
  <attribute name="elasticGC enabled" value="1" />
  <attribute name= "numThreadsSpecified" value="16" />
  <attribute name="heapSize specified" value="-91291648" />
  <attribute name="Current GC Util" value="19" />
  <attribute name= "Current Time Running" value="142850" />
  <attribute name ="GC Interval" value="200" />
  <attribute name="ProportionalT" value="-30.500000" />
  <attribute name="ProportionalI" value="-30.500000" />
  <attribute name="ProportionalH" value="-30.500000" />
  <attribute name="Current Error" value="-61.000000" />
  <attribute name="IntegralT" value="-518.500000" />
  <attribute name="IntegralI" value="-518.500000" />
  <attribute name="IntegralH" value="-518.500000" />
  <attribute name="DerivativeT" value="-3.588235" />
  <attribute name="DerivativeI" value="-3.588235" />
  <attribute name="DerivativeH" value="-3.588235" />
  <attribute name="Loop Time for DT" value="17.000000" />
  <attribute name="Output H" value="4203675648"/>
  <attribute name="Output I" value="200"/>
  <attribute name="Output T" value="16"/>
  <attribute name="Target GC Util Change" value ="80.000000" />
  <attribute name="Current GC Util Change" value="19.000000"/>
  <attribute name="GC Util currently" value="19" />
  <attribute name="CPU Util currently" value="68452353149" />
<allocation-satisfied id="4426" threadId="0000000001842F00" bytesRequested="1168" />
<af-end id="4427" timestamp="2019-08-10T03:39:02.706" threadId="0000000001843888" success="true" from="nursery"/>
<exclusive-end id="4428" timestamp="2019-08-10T03:39:02.706" durationms="2.039" />

<exclusive-start id="4429" timestamp="2019-08-10T03:39:02.719" intervalms="15.184">
  <response-info timems="0.026" idlems="0.026" threads="0" lastid="0000000001842F00" lastname="main" />
</exclusive-start>
<af-start id="4430" threadId="0000000001843888" totalBytesRequested="1168" timestamp="2019-08-10T03:39:02.719" intervalms="15.193" type="nursery" />
<cycle-start id="4431" type="scavenge" contextid="0" timestamp="2019-08-10T03:39:02.719" intervalms="15.192" />
<gc-start id="4432" type="scavenge" contextid="4431" timestamp="2019-08-10T03:39:02.719">
  <mem-info id="4433" free="3967789248" total="4085252096" percent="97">
    <mem type="nursery" free="0" total="93847552" percent="0">
      <mem type="allocate" free="0" total="84410368" percent="0" />
      <mem type="survivor" free="0" total="9437184" percent="0" />
    </mem>
    <mem type="tenure" free="3967789248" total="3991404544" percent="99">
      <mem type="soa" free="3768248512" total="3791835136" percent="99" />
      <mem type="loa" free="199540736" total="199569408" percent="99" />
    </mem>
    <remembered-set count="115" />
  </mem-info>
</gc-start>
<allocation-stats totalBytes="83866368" >
  <allocated-bytes non-tlh="1168" tlh="83865200" />
  <largest-consumer threadName="main" threadId="0000000001842F00" bytes="83866368" />
</allocation-stats>
<gc-op id="4434" type="scavenge" timems="1.071" contextid="4431" timestamp="2019-08-10T03:39:02.720">
  <scavenger-info tenureage="3" tenuremask="fff8" tiltratio="89" />
  <memory-copied type="nursery" objects="2" bytes="64" bytesdiscarded="16064" />
  <memory-copied type="tenure" objects="26" bytes="1896" bytesdiscarded="0" />
</gc-op>
<heap-resize id="4435" type="expand" space="nursery" amount="3932160" count="1" timems="0.020" reason="excessive time being spent scavenging" timestamp="2019-08-10T03:39:02.720" />
<gc-end id="4436" type="scavenge" contextid="4431" durationms="1.404" usertimems="2.564" systemtimems="0.000" timestamp="2019-08-10T03:39:02.720" activeThreads="16">
  <mem-info id="4437" free="4055722432" total="4089184256" percent="99">
    <mem type="nursery" free="87933184" total="97779712" percent="89">
      <mem type="allocate" free="87933184" total="87949312" percent="99" />
      <mem type="survivor" free="0" total="9830400" percent="0" />
    </mem>
    <mem type="tenure" free="3967789248" total="3991404544" percent="99" macro-fragmented="0">
      <mem type="soa" free="3768248512" total="3791835136" percent="99" />
      <mem type="loa" free="199540736" total="199569408" percent="99" />
    </mem>
    <remembered-set count="120" />
  </mem-info>
</gc-end>
<cycle-end id="4438" type="scavenge" contextid="4431" timestamp="2019-08-10T03:39:02.720" />
  <attribute name="elasticGC enabled" value="1" />
  <attribute name= "numThreadsSpecified" value="16" />
  <attribute name="heapSize specified" value="-91291648" />
  <attribute name="Current GC Util" value="16" />
  <attribute name= "Current Time Running" value="142865" />
  <attribute name ="GC Interval" value="200" />
  <attribute name="ProportionalT" value="-32.000000" />
  <attribute name="ProportionalI" value="-32.000000" />
  <attribute name="ProportionalH" value="-32.000000" />
  <attribute name="Current Error" value="-64.000000" />
  <attribute name="IntegralT" value="-480.000000" />
  <attribute name="IntegralI" value="-480.000000" />
  <attribute name="IntegralH" value="-480.000000" />
  <attribute name="DerivativeT" value="-4.266667" />
  <attribute name="DerivativeI" value="-4.266667" />
  <attribute name="DerivativeH" value="-4.266667" />
  <attribute name="Loop Time for DT" value="15.000000" />
  <attribute name="Output H" value="4203675648"/>
  <attribute name="Output I" value="200"/>
  <attribute name="Output T" value="16"/>
  <attribute name="Target GC Util Change" value ="80.000000" />
  <attribute name="Current GC Util Change" value="16.000000"/>
  <attribute name="GC Util currently" value="16" />
  <attribute name="CPU Util currently" value="76057509864" />
<allocation-satisfied id="4439" threadId="0000000001842F00" bytesRequested="1168" />
<af-end id="4440" timestamp="2019-08-10T03:39:02.720" threadId="0000000001843888" success="true" from="nursery"/>
<exclusive-end id="4441" timestamp="2019-08-10T03:39:02.720" durationms="1.698" />

<exclusive-start id="4442" timestamp="2019-08-10T03:39:02.733" intervalms="14.360">
  <response-info timems="0.092" idlems="0.092" threads="0" lastid="0000000001842F00" lastname="main" />
</exclusive-start>
<af-start id="4443" threadId="0000000001843888" totalBytesRequested="1168" timestamp="2019-08-10T03:39:02.733" intervalms="14.360" type="nursery" />
<cycle-start id="4444" type="scavenge" contextid="0" timestamp="2019-08-10T03:39:02.733" intervalms="14.371" />
<gc-start id="4445" type="scavenge" contextid="4444" timestamp="2019-08-10T03:39:02.733">
  <mem-info id="4446" free="3967789248" total="4089184256" percent="97">
    <mem type="nursery" free="0" total="97779712" percent="0">
      <mem type="allocate" free="0" total="87949312" percent="0" />
      <mem type="survivor" free="0" total="9830400" percent="0" />
    </mem>
    <mem type="tenure" free="3967789248" total="3991404544" percent="99">
      <mem type="soa" free="3768248512" total="3791835136" percent="99" />
      <mem type="loa" free="199540736" total="199569408" percent="99" />
    </mem>
    <remembered-set count="120" />
  </mem-info>
</gc-start>
<allocation-stats totalBytes="87381896" >
  <allocated-bytes non-tlh="1168" tlh="87380728" />
  <largest-consumer threadName="main" threadId="0000000001842F00" bytes="87381896" />
</allocation-stats>
<gc-op id="4447" type="scavenge" timems="0.919" contextid="4444" timestamp="2019-08-10T03:39:02.734">
  <scavenger-info tenureage="3" tenuremask="ffe8" tiltratio="89" />
  <memory-copied type="nursery" objects="2" bytes="64" bytesdiscarded="32192" />
</gc-op>
<gc-end id="4448" type="scavenge" contextid="4444" durationms="1.294" usertimems="2.609" systemtimems="0.000" timestamp="2019-08-10T03:39:02.735" activeThreads="16">
  <mem-info id="4449" free="4055706304" total="4089184256" percent="99">
    <mem type="nursery" free="87917056" total="97779712" percent="89">
      <mem type="allocate" free="87917056" total="87949312" percent="99" />
      <mem type="survivor" free="0" total="9830400" percent="0" />
    </mem>
    <mem type="tenure" free="3967789248" total="3991404544" percent="99" macro-fragmented="0">
      <mem type="soa" free="3768248512" total="3791835136" percent="99" />
      <mem type="loa" free="199540736" total="199569408" percent="99" />
    </mem>
    <remembered-set count="120" />
  </mem-info>
</gc-end>
<cycle-end id="4450" type="scavenge" contextid="4444" timestamp="2019-08-10T03:39:02.735" />
  <attribute name="elasticGC enabled" value="1" />
  <attribute name= "numThreadsSpecified" value="16" />
  <attribute name="heapSize specified" value="-91291648" />
  <attribute name="Current GC Util" value="19" />
  <attribute name= "Current Time Running" value="142880" />
  <attribute name ="GC Interval" value="200" />
  <attribute name="ProportionalT" value="-30.500000" />
  <attribute name="ProportionalI" value="-30.500000" />
  <attribute name="ProportionalH" value="-30.500000" />
  <attribute name="Current Error" value="-61.000000" />
  <attribute name="IntegralT" value="-457.500000" />
  <attribute name="IntegralI" value="-457.500000" />
  <attribute name="IntegralH" value="-457.500000" />
  <attribute name="DerivativeT" value="-4.066667" />
  <attribute name="DerivativeI" value="-4.066667" />
  <attribute name="DerivativeH" value="-4.066667" />
  <attribute name="Loop Time for DT" value="15.000000" />
  <attribute name="Output H" value="4203675648"/>
  <attribute name="Output I" value="200"/>
  <attribute name="Output T" value="16"/>
  <attribute name="Target GC Util Change" value ="80.000000" />
  <attribute name="Current GC Util Change" value="19.000000"/>
  <attribute name="GC Util currently" value="19" />
  <attribute name="CPU Util currently" value="80013472740" />
<allocation-satisfied id="4451" threadId="0000000001842F00" bytesRequested="1168" />
<af-end id="4452" timestamp="2019-08-10T03:39:02.735" threadId="0000000001843888" success="true" from="nursery"/>
<exclusive-end id="4453" timestamp="2019-08-10T03:39:02.735" durationms="1.653" />

<exclusive-start id="4454" timestamp="2019-08-10T03:39:02.814" intervalms="80.618">
  <response-info timems="0.017" idlems="0.017" threads="0" lastid="0000000001842F00" lastname="main" />
</exclusive-start>
<af-start id="4455" threadId="0000000001843888" totalBytesRequested="32" timestamp="2019-08-10T03:39:02.814" intervalms="80.580" type="nursery" />
<cycle-start id="4456" type="scavenge" contextid="0" timestamp="2019-08-10T03:39:02.814" intervalms="80.567" />
<gc-start id="4457" type="scavenge" contextid="4456" timestamp="2019-08-10T03:39:02.814">
  <mem-info id="4458" free="3967789248" total="4089184256" percent="97">
    <mem type="nursery" free="0" total="97779712" percent="0">
      <mem type="allocate" free="0" total="87949312" percent="0" />
      <mem type="survivor" free="0" total="9830400" percent="0" />
    </mem>
    <mem type="tenure" free="3967789248" total="3991404544" percent="99">
      <mem type="soa" free="3768248512" total="3791835136" percent="99" />
      <mem type="loa" free="199540736" total="199569408" percent="99" />
    </mem>
    <remembered-set count="130" />
  </mem-info>
</gc-start>
<allocation-stats totalBytes="87900920" >
  <allocated-bytes non-tlh="1168" tlh="87899752" />
  <largest-consumer threadName="main" threadId="0000000001842F00" bytes="87900920" />
</allocation-stats>
<gc-op id="4459" type="scavenge" timems="1.306" contextid="4456" timestamp="2019-08-10T03:39:02.815">
  <scavenger-info tenureage="3" tenuremask="fff8" tiltratio="89" />
  <memory-copied type="nursery" objects="248" bytes="8008" bytesdiscarded="80264" />
  <references type="weak" candidates="37" cleared="0" enqueued="0" />
</gc-op>
<gc-end id="4460" type="scavenge" contextid="4456" durationms="1.636" usertimems="3.015" systemtimems="0.000" timestamp="2019-08-10T03:39:02.815" activeThreads="16">
  <mem-info id="4461" free="4055650240" total="4089184256" percent="99">
    <mem type="nursery" free="87860992" total="97779712" percent="89">
      <mem type="allocate" free="87860992" total="87949312" percent="99" />
      <mem type="survivor" free="0" total="9830400" percent="0" />
    </mem>
    <mem type="tenure" free="3967789248" total="3991404544" percent="99" macro-fragmented="4479464">
      <mem type="soa" free="3768248512" total="3791835136" percent="99" />
      <mem type="loa" free="199540736" total="199569408" percent="99" />
    </mem>
    <remembered-set count="130" />
  </mem-info>
</gc-end>
<cycle-end id="4462" type="scavenge" contextid="4456" timestamp="2019-08-10T03:39:02.816" />
  <attribute name="elasticGC enabled" value="1" />
  <attribute name= "numThreadsSpecified" value="16" />
  <attribute name="heapSize specified" value="-91291648" />
  <attribute name="Current GC Util" value="3" />
  <attribute name= "Current Time Running" value="142960" />
  <attribute name ="GC Interval" value="200" />
  <attribute name="ProportionalT" value="-38.500000" />
  <attribute name="ProportionalI" value="-38.500000" />
  <attribute name="ProportionalH" value="-38.500000" />
  <attribute name="Current Error" value="-77.000000" />
  <attribute name="IntegralT" value="-3080.000000" />
  <attribute name="IntegralI" value="-3080.000000" />
  <attribute name="IntegralH" value="-3080.000000" />
  <attribute name="DerivativeT" value="-0.962500" />
  <attribute name="DerivativeI" value="-0.962500" />
  <attribute name="DerivativeH" value="-0.962500" />
  <attribute name="Loop Time for DT" value="80.000000" />
  <attribute name="Output H" value="4203675648"/>
  <attribute name="Output I" value="200"/>
  <attribute name="Output T" value="16"/>
  <attribute name="Target GC Util Change" value ="80.000000" />
  <attribute name="Current GC Util Change" value="3.000000"/>
  <attribute name="GC Util currently" value="3" />
  <attribute name="CPU Util currently" value="14315885480" />
<allocation-satisfied id="4463" threadId="0000000001842F00" bytesRequested="32" />
<af-end id="4464" timestamp="2019-08-10T03:39:02.816" threadId="0000000001843888" success="true" from="nursery"/>
<exclusive-end id="4465" timestamp="2019-08-10T03:39:02.816" durationms="1.945" />

<exclusive-start id="4466" timestamp="2019-08-10T03:39:02.853" intervalms="39.746">
  <response-info timems="0.021" idlems="0.021" threads="0" lastid="0000000001842F00" lastname="main" />
</exclusive-start>
<af-start id="4467" threadId="0000000001843888" totalBytesRequested="248" timestamp="2019-08-10T03:39:02.854" intervalms="39.775" type="nursery" />
<cycle-start id="4468" type="scavenge" contextid="0" timestamp="2019-08-10T03:39:02.854" intervalms="39.780" />
<gc-start id="4469" type="scavenge" contextid="4468" timestamp="2019-08-10T03:39:02.854">
  <mem-info id="4470" free="3967789248" total="4089184256" percent="97">
    <mem type="nursery" free="0" total="97779712" percent="0">
      <mem type="allocate" free="0" total="87949312" percent="0" />
      <mem type="survivor" free="0" total="9830400" percent="0" />
    </mem>
    <mem type="tenure" free="3967789248" total="3991404544" percent="99">
      <mem type="soa" free="3768248512" total="3791835136" percent="99" />
      <mem type="loa" free="199540736" total="199569408" percent="99" />
    </mem>
    <remembered-set count="132" />
  </mem-info>
</gc-start>
<allocation-stats totalBytes="87818800" >
  <allocated-bytes non-tlh="32" tlh="87818768" />
  <largest-consumer threadName="main" threadId="0000000001842F00" bytes="87818800" />
</allocation-stats>
<gc-op id="4471" type="scavenge" timems="1.326" contextid="4468" timestamp="2019-08-10T03:39:02.855">
  <scavenger-info tenureage="3" tenuremask="fff8" tiltratio="89" />
  <memory-copied type="nursery" objects="79" bytes="2504" bytesdiscarded="78136" />
  <references type="weak" candidates="37" cleared="7" enqueued="3" />
</gc-op>
<gc-end id="4472" type="scavenge" contextid="4468" durationms="1.612" usertimems="2.728" systemtimems="0.000" timestamp="2019-08-10T03:39:02.855" activeThreads="16">
  <mem-info id="4473" free="4055657920" total="4089184256" percent="99">
    <mem type="nursery" free="87868672" total="97779712" percent="89">
      <mem type="allocate" free="87868672" total="87949312" percent="99" />
      <mem type="survivor" free="0" total="9830400" percent="0" />
    </mem>
    <mem type="tenure" free="3967789248" total="3991404544" percent="99" macro-fragmented="0">
      <mem type="soa" free="3768248512" total="3791835136" percent="99" />
      <mem type="loa" free="199540736" total="199569408" percent="99" />
    </mem>
    <pending-finalizers system="0" default="0" reference="3" classloader="0" />
    <remembered-set count="122" />
  </mem-info>
</gc-end>
<cycle-end id="4474" type="scavenge" contextid="4468" timestamp="2019-08-10T03:39:02.855" />
  <attribute name="elasticGC enabled" value="1" />
  <attribute name= "numThreadsSpecified" value="16" />
  <attribute name="heapSize specified" value="-91291648" />
  <attribute name="Current GC Util" value="8" />
  <attribute name= "Current Time Running" value="143000" />
  <attribute name ="GC Interval" value="200" />
  <attribute name="ProportionalT" value="-36.000000" />
  <attribute name="ProportionalI" value="-36.000000" />
  <attribute name="ProportionalH" value="-36.000000" />
  <attribute name="Current Error" value="-72.000000" />
  <attribute name="IntegralT" value="-1440.000000" />
  <attribute name="IntegralI" value="-1440.000000" />
  <attribute name="IntegralH" value="-1440.000000" />
  <attribute name="DerivativeT" value="-1.800000" />
  <attribute name="DerivativeI" value="-1.800000" />
  <attribute name="DerivativeH" value="-1.800000" />
  <attribute name="Loop Time for DT" value="40.000000" />
  <attribute name="Output H" value="4203675648"/>
  <attribute name="Output I" value="200"/>
  <attribute name="Output T" value="16"/>
  <attribute name="Target GC Util Change" value ="80.000000" />
  <attribute name="Current GC Util Change" value="8.000000"/>
  <attribute name="GC Util currently" value="8" />
  <attribute name="CPU Util currently" value="28963182859" />
<allocation-satisfied id="4475" threadId="0000000001842F00" bytesRequested="248" />
<af-end id="4476" timestamp="2019-08-10T03:39:02.855" threadId="0000000001843888" success="true" from="nursery"/>
<exclusive-end id="4477" timestamp="2019-08-10T03:39:02.855" durationms="1.863" />

<exclusive-start id="4478" timestamp="2019-08-10T03:39:02.872" intervalms="18.908">
  <response-info timems="0.020" idlems="0.020" threads="0" lastid="0000000001842F00" lastname="main" />
</exclusive-start>
<af-start id="4479" threadId="0000000001843888" totalBytesRequested="240" timestamp="2019-08-10T03:39:02.872" intervalms="18.888" type="nursery" />
<cycle-start id="4480" type="scavenge" contextid="0" timestamp="2019-08-10T03:39:02.872" intervalms="18.880" />
<gc-start id="4481" type="scavenge" contextid="4480" timestamp="2019-08-10T03:39:02.872">
  <mem-info id="4482" free="3967789248" total="4089184256" percent="97">
    <mem type="nursery" free="0" total="97779712" percent="0">
      <mem type="allocate" free="0" total="87949312" percent="0" />
      <mem type="survivor" free="0" total="9830400" percent="0" />
    </mem>
    <mem type="tenure" free="3967789248" total="3991404544" percent="99">
      <mem type="soa" free="3768248512" total="3791835136" percent="99" />
      <mem type="loa" free="199540736" total="199569408" percent="99" />
    </mem>
    <remembered-set count="123" />
  </mem-info>
</gc-start>
<allocation-stats totalBytes="87823776" >
  <allocated-bytes non-tlh="248" tlh="87823528" />
  <largest-consumer threadName="main" threadId="0000000001842F00" bytes="87823776" />
</allocation-stats>
<gc-op id="4483" type="scavenge" timems="6.820" contextid="4480" timestamp="2019-08-10T03:39:02.879">
  <scavenger-info tenureage="3" tenuremask="fff8" tiltratio="89" />
  <memory-copied type="nursery" objects="79" bytes="2496" bytesdiscarded="53568" />
  <references type="weak" candidates="30" cleared="0" enqueued="0" />
</gc-op>
<heap-resize id="4484" type="expand" space="nursery" amount="12845056" count="1" timems="0.016" reason="excessive time being spent scavenging" timestamp="2019-08-10T03:39:02.879" />
<gc-end id="4485" type="scavenge" contextid="4480" durationms="7.151" usertimems="2.834" systemtimems="0.000" timestamp="2019-08-10T03:39:02.880" activeThreads="16">
  <mem-info id="4486" free="4067216832" total="4102029312" percent="99">
    <mem type="nursery" free="99427584" total="110624768" percent="89">
      <mem type="allocate" free="99427584" total="99483648" percent="99" />
      <mem type="survivor" free="0" total="11141120" percent="0" />
    </mem>
    <mem type="tenure" free="3967789248" total="3991404544" percent="99" macro-fragmented="0">
      <mem type="soa" free="3768248512" total="3791835136" percent="99" />
      <mem type="loa" free="199540736" total="199569408" percent="99" />
    </mem>
    <remembered-set count="123" />
  </mem-info>
</gc-end>
<cycle-end id="4487" type="scavenge" contextid="4480" timestamp="2019-08-10T03:39:02.880" />
  <attribute name="elasticGC enabled" value="1" />
  <attribute name= "numThreadsSpecified" value="16" />
  <attribute name="heapSize specified" value="-91291648" />
  <attribute name="Current GC Util" value="14" />
  <attribute name= "Current Time Running" value="143019" />
  <attribute name ="GC Interval" value="200" />
  <attribute name="ProportionalT" value="-33.000000" />
  <attribute name="ProportionalI" value="-33.000000" />
  <attribute name="ProportionalH" value="-33.000000" />
  <attribute name="Current Error" value="-66.000000" />
  <attribute name="IntegralT" value="-627.000000" />
  <attribute name="IntegralI" value="-627.000000" />
  <attribute name="IntegralH" value="-627.000000" />
  <attribute name="DerivativeT" value="-3.473684" />
  <attribute name="DerivativeI" value="-3.473684" />
  <attribute name="DerivativeH" value="-3.473684" />
  <attribute name="Loop Time for DT" value="19.000000" />
  <attribute name="Output H" value="4203675648"/>
  <attribute name="Output I" value="200"/>
  <attribute name="Output T" value="16"/>
  <attribute name="Target GC Util Change" value ="80.000000" />
  <attribute name="Current GC Util Change" value="14.000000"/>
  <attribute name="GC Util currently" value="14" />
  <attribute name="CPU Util currently" value="61302824784" />
<allocation-satisfied id="4488" threadId="0000000001842F00" bytesRequested="240" />
<af-end id="4489" timestamp="2019-08-10T03:39:02.880" threadId="0000000001843888" success="true" from="nursery"/>
<exclusive-end id="4490" timestamp="2019-08-10T03:39:02.880" durationms="7.392" />

<exclusive-start id="4491" timestamp="2019-08-10T03:39:02.901" intervalms="28.975">
  <response-info timems="0.015" idlems="0.015" threads="0" lastid="0000000001842F00" lastname="main" />
</exclusive-start>
<af-start id="4492" threadId="0000000001843888" totalBytesRequested="288" timestamp="2019-08-10T03:39:02.901" intervalms="29.069" type="nursery" />
<cycle-start id="4493" type="scavenge" contextid="0" timestamp="2019-08-10T03:39:02.902" intervalms="29.081" />
<gc-start id="4494" type="scavenge" contextid="4493" timestamp="2019-08-10T03:39:02.902">
  <mem-info id="4495" free="3967789248" total="4102029312" percent="96">
    <mem type="nursery" free="0" total="110624768" percent="0">
      <mem type="allocate" free="0" total="99483648" percent="0" />
      <mem type="survivor" free="0" total="11141120" percent="0" />
    </mem>
    <mem type="tenure" free="3967789248" total="3991404544" percent="99">
      <mem type="soa" free="3768248512" total="3791835136" percent="99" />
      <mem type="loa" free="199540736" total="199569408" percent="99" />
    </mem>
    <remembered-set count="125" />
  </mem-info>
</gc-start>
<allocation-stats totalBytes="99365136" >
  <allocated-bytes non-tlh="240" tlh="99364896" />
  <largest-consumer threadName="main" threadId="0000000001842F00" bytes="99365136" />
</allocation-stats>
<gc-op id="4496" type="scavenge" timems="0.960" contextid="4493" timestamp="2019-08-10T03:39:02.903">
  <scavenger-info tenureage="3" tenuremask="fff8" tiltratio="89" />
  <memory-copied type="nursery" objects="29" bytes="1104" bytesdiscarded="31152" />
  <memory-copied type="tenure" objects="56" bytes="1600" bytesdiscarded="0" />
</gc-op>
<gc-end id="4497" type="scavenge" contextid="4493" durationms="1.301" usertimems="2.227" systemtimems="0.000" timestamp="2019-08-10T03:39:02.903" activeThreads="16">
  <mem-info id="4498" free="4067306176" total="4102029312" percent="99">
    <mem type="nursery" free="99516928" total="110624768" percent="89">
      <mem type="allocate" free="99516928" total="99549184" percent="99" />
      <mem type="survivor" free="0" total="11075584" percent="0" />
    </mem>
    <mem type="tenure" free="3967789248" total="3991404544" percent="99" macro-fragmented="290741">
      <mem type="soa" free="3768248512" total="3791835136" percent="99" />
      <mem type="loa" free="199540736" total="199569408" percent="99" />
    </mem>
    <remembered-set count="115" />
  </mem-info>
</gc-end>
<cycle-end id="4499" type="scavenge" contextid="4493" timestamp="2019-08-10T03:39:02.903" />
  <attribute name="elasticGC enabled" value="1" />
  <attribute name= "numThreadsSpecified" value="16" />
  <attribute name="heapSize specified" value="-91291648" />
  <attribute name="Current GC Util" value="9" />
  <attribute name= "Current Time Running" value="143048" />
  <attribute name ="GC Interval" value="200" />
  <attribute name="ProportionalT" value="-35.500000" />
  <attribute name="ProportionalI" value="-35.500000" />
  <attribute name="ProportionalH" value="-35.500000" />
  <attribute name="Current Error" value="-71.000000" />
  <attribute name="IntegralT" value="-1029.500000" />
  <attribute name="IntegralI" value="-1029.500000" />
  <attribute name="IntegralH" value="-1029.500000" />
  <attribute name="DerivativeT" value="-2.448276" />
  <attribute name="DerivativeI" value="-2.448276" />
  <attribute name="DerivativeH" value="-2.448276" />
  <attribute name="Loop Time for DT" value="29.000000" />
  <attribute name="Output H" value="4203675648"/>
  <attribute name="Output I" value="200"/>
  <attribute name="Output T" value="16"/>
  <attribute name="Target GC Util Change" value ="80.000000" />
  <attribute name="Current GC Util Change" value="9.000000"/>
  <attribute name="GC Util currently" value="9" />
  <attribute name="CPU Util currently" value="39568557694" />
<allocation-satisfied id="4500" threadId="0000000001842F00" bytesRequested="288" />
<af-end id="4501" timestamp="2019-08-10T03:39:02.903" threadId="0000000001843888" success="true" from="nursery"/>
<exclusive-end id="4502" timestamp="2019-08-10T03:39:02.903" durationms="1.691" />

<exclusive-start id="4503" timestamp="2019-08-10T03:39:02.930" intervalms="28.196">
  <response-info timems="0.026" idlems="0.026" threads="0" lastid="0000000001842F00" lastname="main" />
</exclusive-start>
<af-start id="4504" threadId="0000000001843888" totalBytesRequested="24" timestamp="2019-08-10T03:39:02.930" intervalms="28.118" type="nursery" />
<cycle-start id="4505" type="scavenge" contextid="0" timestamp="2019-08-10T03:39:02.930" intervalms="28.150" />
<gc-start id="4506" type="scavenge" contextid="4505" timestamp="2019-08-10T03:39:02.930">
  <mem-info id="4507" free="3967789248" total="4102029312" percent="96">
    <mem type="nursery" free="0" total="110624768" percent="0">
      <mem type="allocate" free="0" total="99549184" percent="0" />
      <mem type="survivor" free="0" total="11075584" percent="0" />
    </mem>
    <mem type="tenure" free="3967789248" total="3991404544" percent="99">
      <mem type="soa" free="3768248512" total="3791835136" percent="99" />
      <mem type="loa" free="199540736" total="199569408" percent="99" />
    </mem>
    <remembered-set count="117" />
  </mem-info>
</gc-start>
<allocation-stats totalBytes="99452808" >
  <allocated-bytes non-tlh="288" tlh="99452520" />
  <largest-consumer threadName="main" threadId="0000000001842F00" bytes="99452808" />
</allocation-stats>
<gc-op id="4508" type="scavenge" timems="1.054" contextid="4505" timestamp="2019-08-10T03:39:02.931">
  <scavenger-info tenureage="5" tenuremask="ffe0" tiltratio="89" />
  <memory-copied type="nursery" objects="53" bytes="1992" bytesdiscarded="30264" />
</gc-op>
<gc-end id="4509" type="scavenge" contextid="4505" durationms="1.419" usertimems="2.568" systemtimems="0.000" timestamp="2019-08-10T03:39:02.931" activeThreads="16">
  <mem-info id="4510" free="4067306176" total="4102029312" percent="99">
    <mem type="nursery" free="99516928" total="110624768" percent="89">
      <mem type="allocate" free="99516928" total="99549184" percent="99" />
      <mem type="survivor" free="0" total="11075584" percent="0" />
    </mem>
    <mem type="tenure" free="3967789248" total="3991404544" percent="99" macro-fragmented="0">
      <mem type="soa" free="3768248512" total="3791835136" percent="99" />
      <mem type="loa" free="199540736" total="199569408" percent="99" />
    </mem>
    <remembered-set count="117" />
  </mem-info>
</gc-end>
<cycle-end id="4511" type="scavenge" contextid="4505" timestamp="2019-08-10T03:39:02.931" />
  <attribute name="elasticGC enabled" value="1" />
  <attribute name= "numThreadsSpecified" value="16" />
  <attribute name="heapSize specified" value="-91291648" />
  <attribute name="Current GC Util" value="8" />
  <attribute name= "Current Time Running" value="143076" />
  <attribute name ="GC Interval" value="200" />
  <attribute name="ProportionalT" value="-36.000000" />
  <attribute name="ProportionalI" value="-36.000000" />
  <attribute name="ProportionalH" value="-36.000000" />
  <attribute name="Current Error" value="-72.000000" />
  <attribute name="IntegralT" value="-1008.000000" />
  <attribute name="IntegralI" value="-1008.000000" />
  <attribute name="IntegralH" value="-1008.000000" />
  <attribute name="DerivativeT" value="-2.571429" />
  <attribute name="DerivativeI" value="-2.571429" />
  <attribute name="DerivativeH" value="-2.571429" />
  <attribute name="Loop Time for DT" value="28.000000" />
  <attribute name="Output H" value="4203675648"/>
  <attribute name="Output I" value="200"/>
  <attribute name="Output T" value="16"/>
  <attribute name="Target GC Util Change" value ="80.000000" />
  <attribute name="Current GC Util Change" value="8.000000"/>
  <attribute name="GC Util currently" value="8" />
  <attribute name="CPU Util currently" value="40649336818" />
<allocation-satisfied id="4512" threadId="0000000001842F00" bytesRequested="24" />
<af-end id="4513" timestamp="2019-08-10T03:39:02.932" threadId="0000000001843888" success="true" from="nursery"/>
<exclusive-end id="4514" timestamp="2019-08-10T03:39:02.932" durationms="1.972" />

<exclusive-start id="4515" timestamp="2019-08-10T03:39:03.136" intervalms="206.227">
  <response-info timems="0.022" idlems="0.022" threads="0" lastid="0000000001842F00" lastname="main" />
</exclusive-start>
<af-start id="4516" threadId="0000000001843888" totalBytesRequested="16472" timestamp="2019-08-10T03:39:03.136" intervalms="206.210" type="nursery" />
<cycle-start id="4517" type="scavenge" contextid="0" timestamp="2019-08-10T03:39:03.136" intervalms="206.168" />
<gc-start id="4518" type="scavenge" contextid="4517" timestamp="2019-08-10T03:39:03.136">
  <mem-info id="4519" free="3967789248" total="4102029312" percent="96">
    <mem type="nursery" free="0" total="110624768" percent="0">
      <mem type="allocate" free="0" total="99549184" percent="0" />
      <mem type="survivor" free="0" total="11075584" percent="0" />
    </mem>
    <mem type="tenure" free="3967789248" total="3991404544" percent="99">
      <mem type="soa" free="3768248512" total="3791835136" percent="99" />
      <mem type="loa" free="199540736" total="199569408" percent="99" />
    </mem>
    <remembered-set count="129" />
  </mem-info>
</gc-start>
<allocation-stats totalBytes="96212496" >
  <allocated-bytes non-tlh="24" tlh="96212472" />
  <largest-consumer threadName="main" threadId="0000000001842F00" bytes="96212496" />
</allocation-stats>
<gc-op id="4520" type="scavenge" timems="1.189" contextid="4517" timestamp="2019-08-10T03:39:03.137">
  <scavenger-info tenureage="3" tenuremask="fff8" tiltratio="89" />
  <memory-copied type="nursery" objects="79" bytes="39144" bytesdiscarded="29816" />
  <memory-copied type="tenure" objects="6" bytes="136" bytesdiscarded="0" />
</gc-op>
<gc-end id="4521" type="scavenge" contextid="4517" durationms="1.474" usertimems="2.301" systemtimems="0.000" timestamp="2019-08-10T03:39:03.137" activeThreads="16">
  <mem-info id="4522" free="4067269472" total="4102029312" percent="99">
    <mem type="nursery" free="99480224" total="110624768" percent="89">
      <mem type="allocate" free="99480224" total="99549184" percent="99" />
      <mem type="survivor" free="0" total="11075584" percent="0" />
    </mem>
    <mem type="tenure" free="3967789248" total="3991404544" percent="99" macro-fragmented="2592282">
      <mem type="soa" free="3768248512" total="3791835136" percent="99" />
      <mem type="loa" free="199540736" total="199569408" percent="99" />
    </mem>
    <remembered-set count="127" />
  </mem-info>
</gc-end>
<cycle-end id="4523" type="scavenge" contextid="4517" timestamp="2019-08-10T03:39:03.137" />
  <attribute name="elasticGC enabled" value="1" />
  <attribute name= "numThreadsSpecified" value="16" />
  <attribute name="heapSize specified" value="-91291648" />
  <attribute name="Current GC Util" value="1" />
  <attribute name= "Current Time Running" value="143282" />
  <attribute name ="GC Interval" value="200" />
  <attribute name="ProportionalT" value="-39.500000" />
  <attribute name="ProportionalI" value="-39.500000" />
  <attribute name="ProportionalH" value="-39.500000" />
  <attribute name="Current Error" value="-79.000000" />
  <attribute name="IntegralT" value="-8137.000000" />
  <attribute name="IntegralI" value="-8137.000000" />
  <attribute name="IntegralH" value="-8137.000000" />
  <attribute name="DerivativeT" value="-0.383495" />
  <attribute name="DerivativeI" value="-0.383495" />
  <attribute name="DerivativeH" value="-0.383495" />
  <attribute name="Loop Time for DT" value="206.000000" />
  <attribute name="Output H" value="4203675648"/>
  <attribute name="Output I" value="200"/>
  <attribute name="Output T" value="16"/>
  <attribute name="Target GC Util Change" value ="80.000000" />
  <attribute name="Current GC Util Change" value="1.000000"/>
  <attribute name="GC Util currently" value="1" />
  <attribute name="CPU Util currently" value="5598788099" />
<allocation-satisfied id="4524" threadId="0000000001842F00" bytesRequested="16472" />
<af-end id="4525" timestamp="2019-08-10T03:39:03.137" threadId="0000000001843888" success="true" from="nursery"/>
<exclusive-end id="4526" timestamp="2019-08-10T03:39:03.137" durationms="1.713" />

<exclusive-start id="4527" timestamp="2019-08-10T03:39:03.331" intervalms="194.897">
  <response-info timems="0.017" idlems="0.017" threads="0" lastid="0000000001842F00" lastname="main" />
</exclusive-start>
<af-start id="4528" threadId="0000000001843888" totalBytesRequested="32" timestamp="2019-08-10T03:39:03.331" intervalms="194.889" type="nursery" />
<cycle-start id="4529" type="scavenge" contextid="0" timestamp="2019-08-10T03:39:03.331" intervalms="194.888" />
<gc-start id="4530" type="scavenge" contextid="4529" timestamp="2019-08-10T03:39:03.331">
  <mem-info id="4531" free="3967789248" total="4102029312" percent="96">
    <mem type="nursery" free="0" total="110624768" percent="0">
      <mem type="allocate" free="0" total="99549184" percent="0" />
      <mem type="survivor" free="0" total="11075584" percent="0" />
    </mem>
    <mem type="tenure" free="3967789248" total="3991404544" percent="99">
      <mem type="soa" free="3768248512" total="3791835136" percent="99" />
      <mem type="loa" free="199540736" total="199569408" percent="99" />
    </mem>
    <remembered-set count="141" />
  </mem-info>
</gc-start>
<allocation-stats totalBytes="99467896" >
  <allocated-bytes non-tlh="16472" tlh="99451424" />
  <largest-consumer threadName="main" threadId="0000000001842F00" bytes="99467896" />
</allocation-stats>
<gc-op id="4532" type="scavenge" timems="1.033" contextid="4529" timestamp="2019-08-10T03:39:03.332">
  <scavenger-info tenureage="3" tenuremask="ffd8" tiltratio="89" />
  <memory-copied type="nursery" objects="114" bytes="3112" bytesdiscarded="29144" />
  <memory-copied type="tenure" objects="6" bytes="136" bytesdiscarded="0" />
</gc-op>
<gc-end id="4533" type="scavenge" contextid="4529" durationms="1.347" usertimems="2.200" systemtimems="0.000" timestamp="2019-08-10T03:39:03.332" activeThreads="16">
  <mem-info id="4534" free="4067306176" total="4102029312" percent="99">
    <mem type="nursery" free="99516928" total="110624768" percent="89">
      <mem type="allocate" free="99516928" total="99549184" percent="99" />
      <mem type="survivor" free="0" total="11075584" percent="0" />
    </mem>
    <mem type="tenure" free="3967789248" total="3991404544" percent="99" macro-fragmented="10920">
      <mem type="soa" free="3768248512" total="3791835136" percent="99" />
      <mem type="loa" free="199540736" total="199569408" percent="99" />
    </mem>
    <remembered-set count="139" />
  </mem-info>
</gc-end>
<cycle-end id="4535" type="scavenge" contextid="4529" timestamp="2019-08-10T03:39:03.332" />
  <attribute name="elasticGC enabled" value="1" />
  <attribute name= "numThreadsSpecified" value="16" />
  <attribute name="heapSize specified" value="-91291648" />
  <attribute name="Current GC Util" value="1" />
  <attribute name= "Current Time Running" value="143477" />
  <attribute name ="GC Interval" value="200" />
  <attribute name="ProportionalT" value="-39.500000" />
  <attribute name="ProportionalI" value="-39.500000" />
  <attribute name="ProportionalH" value="-39.500000" />
  <attribute name="Current Error" value="-79.000000" />
  <attribute name="IntegralT" value="-7702.500000" />
  <attribute name="IntegralI" value="-7702.500000" />
  <attribute name="IntegralH" value="-7702.500000" />
  <attribute name="DerivativeT" value="-0.405128" />
  <attribute name="DerivativeI" value="-0.405128" />
  <attribute name="DerivativeH" value="-0.405128" />
  <attribute name="Loop Time for DT" value="195.000000" />
  <attribute name="Output H" value="4203675648"/>
  <attribute name="Output I" value="200"/>
  <attribute name="Output T" value="16"/>
  <attribute name="Target GC Util Change" value ="80.000000" />
  <attribute name="Current GC Util Change" value="1.000000"/>
  <attribute name="GC Util currently" value="1" />
  <attribute name="CPU Util currently" value="5914921376" />
<allocation-satisfied id="4536" threadId="0000000001842F00" bytesRequested="32" />
<af-end id="4537" timestamp="2019-08-10T03:39:03.332" threadId="0000000001843888" success="true" from="nursery"/>
<exclusive-end id="4538" timestamp="2019-08-10T03:39:03.332" durationms="1.606" />

<exclusive-start id="4539" timestamp="2019-08-10T03:39:03.435" intervalms="104.024">
  <response-info timems="0.020" idlems="0.020" threads="0" lastid="0000000001842F00" lastname="main" />
</exclusive-start>
<af-start id="4540" threadId="0000000001843888" totalBytesRequested="24" timestamp="2019-08-10T03:39:03.435" intervalms="104.022" type="nursery" />
<cycle-start id="4541" type="scavenge" contextid="0" timestamp="2019-08-10T03:39:03.435" intervalms="104.021" />
<gc-start id="4542" type="scavenge" contextid="4541" timestamp="2019-08-10T03:39:03.435">
  <mem-info id="4543" free="3967789248" total="4102029312" percent="96">
    <mem type="nursery" free="0" total="110624768" percent="0">
      <mem type="allocate" free="0" total="99549184" percent="0" />
      <mem type="survivor" free="0" total="11075584" percent="0" />
    </mem>
    <mem type="tenure" free="3967789248" total="3991404544" percent="99">
      <mem type="soa" free="3768248512" total="3791835136" percent="99" />
      <mem type="loa" free="199540736" total="199569408" percent="99" />
    </mem>
    <remembered-set count="145" />
  </mem-info>
</gc-start>
<allocation-stats totalBytes="99491496" >
  <allocated-bytes non-tlh="32" tlh="99491464" />
  <largest-consumer threadName="main" threadId="0000000001842F00" bytes="99491496" />
</allocation-stats>
<gc-op id="4544" type="scavenge" timems="1.039" contextid="4541" timestamp="2019-08-10T03:39:03.436">
  <scavenger-info tenureage="3" tenuremask="ffe8" tiltratio="89" />
  <memory-copied type="nursery" objects="111" bytes="2856" bytesdiscarded="29400" />
  <memory-copied type="tenure" objects="6" bytes="136" bytesdiscarded="0" />
</gc-op>
<gc-end id="4545" type="scavenge" contextid="4541" durationms="1.338" usertimems="2.411" systemtimems="0.000" timestamp="2019-08-10T03:39:03.436" activeThreads="16">
  <mem-info id="4546" free="4067306176" total="4102029312" percent="99">
    <mem type="nursery" free="99516928" total="110624768" percent="89">
      <mem type="allocate" free="99516928" total="99549184" percent="99" />
      <mem type="survivor" free="0" total="11075584" percent="0" />
    </mem>
    <mem type="tenure" free="3967789248" total="3991404544" percent="99" macro-fragmented="0">
      <mem type="soa" free="3768248512" total="3791835136" percent="99" />
      <mem type="loa" free="199540736" total="199569408" percent="99" />
    </mem>
    <remembered-set count="143" />
  </mem-info>
</gc-end>
<cycle-end id="4547" type="scavenge" contextid="4541" timestamp="2019-08-10T03:39:03.436" />
  <attribute name="elasticGC enabled" value="1" />
  <attribute name= "numThreadsSpecified" value="16" />
  <attribute name="heapSize specified" value="-91291648" />
  <attribute name="Current GC Util" value="2" />
  <attribute name= "Current Time Running" value="143581" />
  <attribute name ="GC Interval" value="200" />
  <attribute name="ProportionalT" value="-39.000000" />
  <attribute name="ProportionalI" value="-39.000000" />
  <attribute name="ProportionalH" value="-39.000000" />
  <attribute name="Current Error" value="-78.000000" />
  <attribute name="IntegralT" value="-4056.000000" />
  <attribute name="IntegralI" value="-4056.000000" />
  <attribute name="IntegralH" value="-4056.000000" />
  <attribute name="DerivativeT" value="-0.750000" />
  <attribute name="DerivativeI" value="-0.750000" />
  <attribute name="DerivativeH" value="-0.750000" />
  <attribute name="Loop Time for DT" value="104.000000" />
  <attribute name="Output H" value="4203675648"/>
  <attribute name="Output I" value="200"/>
  <attribute name="Output T" value="16"/>
  <attribute name="Target GC Util Change" value ="80.000000" />
  <attribute name="Current GC Util Change" value="2.000000"/>
  <attribute name="GC Util currently" value="2" />
  <attribute name="CPU Util currently" value="11088416533" />
<allocation-satisfied id="4548" threadId="0000000001842F00" bytesRequested="24" />
<af-end id="4549" timestamp="2019-08-10T03:39:03.436" threadId="0000000001843888" success="true" from="nursery"/>
<exclusive-end id="4550" timestamp="2019-08-10T03:39:03.436" durationms="1.572" />

<exclusive-start id="4551" timestamp="2019-08-10T03:39:03.536" intervalms="101.157">
  <response-info timems="0.020" idlems="0.020" threads="0" lastid="0000000001842F00" lastname="main" />
</exclusive-start>
<af-start id="4552" threadId="0000000001843888" totalBytesRequested="24" timestamp="2019-08-10T03:39:03.536" intervalms="101.184" type="nursery" />
<cycle-start id="4553" type="scavenge" contextid="0" timestamp="2019-08-10T03:39:03.536" intervalms="101.181" />
<gc-start id="4554" type="scavenge" contextid="4553" timestamp="2019-08-10T03:39:03.536">
  <mem-info id="4555" free="3967789248" total="4102029312" percent="96">
    <mem type="nursery" free="0" total="110624768" percent="0">
      <mem type="allocate" free="0" total="99549184" percent="0" />
      <mem type="survivor" free="0" total="11075584" percent="0" />
    </mem>
    <mem type="tenure" free="3967789248" total="3991404544" percent="99">
      <mem type="soa" free="3768248512" total="3791835136" percent="99" />
      <mem type="loa" free="199540736" total="199569408" percent="99" />
    </mem>
    <remembered-set count="147" />
  </mem-info>
</gc-start>
<allocation-stats totalBytes="99507224" >
  <allocated-bytes non-tlh="24" tlh="99507200" />
  <largest-consumer threadName="main" threadId="0000000001842F00" bytes="99507224" />
</allocation-stats>
<gc-op id="4556" type="scavenge" timems="1.026" contextid="4553" timestamp="2019-08-10T03:39:03.537">
  <scavenger-info tenureage="3" tenuremask="ffe8" tiltratio="89" />
  <memory-copied type="nursery" objects="80" bytes="2112" bytesdiscarded="14016" />
  <memory-copied type="tenure" objects="36" bytes="816" bytesdiscarded="0" />
</gc-op>
<gc-end id="4557" type="scavenge" contextid="4553" durationms="1.328" usertimems="2.283" systemtimems="0.000" timestamp="2019-08-10T03:39:03.537" activeThreads="16">
  <mem-info id="4558" free="4067322304" total="4102029312" percent="99">
    <mem type="nursery" free="99533056" total="110624768" percent="89">
      <mem type="allocate" free="99533056" total="99549184" percent="99" />
      <mem type="survivor" free="0" total="11075584" percent="0" />
    </mem>
    <mem type="tenure" free="3967789248" total="3991404544" percent="99" macro-fragmented="4479464">
      <mem type="soa" free="3768248512" total="3791835136" percent="99" />
      <mem type="loa" free="199540736" total="199569408" percent="99" />
    </mem>
    <remembered-set count="135" />
  </mem-info>
</gc-end>
<cycle-end id="4559" type="scavenge" contextid="4553" timestamp="2019-08-10T03:39:03.537" />
  <attribute name="elasticGC enabled" value="1" />
  <attribute name= "numThreadsSpecified" value="16" />
  <attribute name="heapSize specified" value="-91291648" />
  <attribute name="Current GC Util" value="2" />
  <attribute name= "Current Time Running" value="143682" />
  <attribute name ="GC Interval" value="200" />
  <attribute name="ProportionalT" value="-39.000000" />
  <attribute name="ProportionalI" value="-39.000000" />
  <attribute name="ProportionalH" value="-39.000000" />
  <attribute name="Current Error" value="-78.000000" />
  <attribute name="IntegralT" value="-3939.000000" />
  <attribute name="IntegralI" value="-3939.000000" />
  <attribute name="IntegralH" value="-3939.000000" />
  <attribute name="DerivativeT" value="-0.772277" />
  <attribute name="DerivativeI" value="-0.772277" />
  <attribute name="DerivativeH" value="-0.772277" />
  <attribute name="Loop Time for DT" value="101.000000" />
  <attribute name="Output H" value="4203675648"/>
  <attribute name="Output I" value="200"/>
  <attribute name="Output T" value="16"/>
  <attribute name="Target GC Util Change" value ="80.000000" />
  <attribute name="Current GC Util Change" value="2.000000"/>
  <attribute name="GC Util currently" value="2" />
  <attribute name="CPU Util currently" value="11395872491" />
<allocation-satisfied id="4560" threadId="0000000001842F00" bytesRequested="24" />
<af-end id="4561" timestamp="2019-08-10T03:39:03.537" threadId="0000000001843888" success="true" from="nursery"/>
<exclusive-end id="4562" timestamp="2019-08-10T03:39:03.537" durationms="1.588" />

<exclusive-start id="4563" timestamp="2019-08-10T03:39:03.696" intervalms="159.800">
  <response-info timems="0.021" idlems="0.021" threads="0" lastid="0000000001842F00" lastname="main" />
</exclusive-start>
<af-start id="4564" threadId="0000000001843888" totalBytesRequested="24" timestamp="2019-08-10T03:39:03.696" intervalms="159.771" type="nursery" />
<cycle-start id="4565" type="scavenge" contextid="0" timestamp="2019-08-10T03:39:03.696" intervalms="159.774" />
<gc-start id="4566" type="scavenge" contextid="4565" timestamp="2019-08-10T03:39:03.696">
  <mem-info id="4567" free="3967789248" total="4102029312" percent="96">
    <mem type="nursery" free="0" total="110624768" percent="0">
      <mem type="allocate" free="0" total="99549184" percent="0" />
      <mem type="survivor" free="0" total="11075584" percent="0" />
    </mem>
    <mem type="tenure" free="3967789248" total="3991404544" percent="99">
      <mem type="soa" free="3768248512" total="3791835136" percent="99" />
      <mem type="loa" free="199540736" total="199569408" percent="99" />
    </mem>
    <remembered-set count="149" />
  </mem-info>
</gc-start>
<allocation-stats totalBytes="99526016" >
  <allocated-bytes non-tlh="24" tlh="99525992" />
  <largest-consumer threadName="main" threadId="0000000001842F00" bytes="99526016" />
</allocation-stats>
<gc-op id="4568" type="scavenge" timems="1.268" contextid="4565" timestamp="2019-08-10T03:39:03.697">
  <scavenger-info tenureage="3" tenuremask="ffe8" tiltratio="89" />
  <memory-copied type="nursery" objects="95" bytes="2392" bytesdiscarded="13736" />
  <memory-copied type="tenure" objects="34" bytes="848" bytesdiscarded="0" />
</gc-op>
<gc-end id="4569" type="scavenge" contextid="4565" durationms="1.565" usertimems="2.704" systemtimems="0.000" timestamp="2019-08-10T03:39:03.697" activeThreads="16">
  <mem-info id="4570" free="4067322304" total="4102029312" percent="99">
    <mem type="nursery" free="99533056" total="110624768" percent="89">
      <mem type="allocate" free="99533056" total="99549184" percent="99" />
      <mem type="survivor" free="0" total="11075584" percent="0" />
    </mem>
    <mem type="tenure" free="3967789248" total="3991404544" percent="99" macro-fragmented="0">
      <mem type="soa" free="3768248512" total="3791835136" percent="99" />
      <mem type="loa" free="199540736" total="199569408" percent="99" />
    </mem>
    <remembered-set count="136" />
  </mem-info>
</gc-end>
<cycle-end id="4571" type="scavenge" contextid="4565" timestamp="2019-08-10T03:39:03.697" />
  <attribute name="elasticGC enabled" value="1" />
  <attribute name= "numThreadsSpecified" value="16" />
  <attribute name="heapSize specified" value="-91291648" />
  <attribute name="Current GC Util" value="1" />
  <attribute name= "Current Time Running" value="143842" />
  <attribute name ="GC Interval" value="200" />
  <attribute name="ProportionalT" value="-39.500000" />
  <attribute name="ProportionalI" value="-39.500000" />
  <attribute name="ProportionalH" value="-39.500000" />
  <attribute name="Current Error" value="-79.000000" />
  <attribute name="IntegralT" value="-6320.000000" />
  <attribute name="IntegralI" value="-6320.000000" />
  <attribute name="IntegralH" value="-6320.000000" />
  <attribute name="DerivativeT" value="-0.493750" />
  <attribute name="DerivativeI" value="-0.493750" />
  <attribute name="DerivativeH" value="-0.493750" />
  <attribute name="Loop Time for DT" value="160.000000" />
  <attribute name="Output H" value="4203675648"/>
  <attribute name="Output I" value="200"/>
  <attribute name="Output T" value="16"/>
  <attribute name="Target GC Util Change" value ="80.000000" />
  <attribute name="Current GC Util Change" value="1.000000"/>
  <attribute name="GC Util currently" value="1" />
  <attribute name="CPU Util currently" value="7215692536" />
<allocation-satisfied id="4572" threadId="0000000001842F00" bytesRequested="24" />
<af-end id="4573" timestamp="2019-08-10T03:39:03.697" threadId="0000000001843888" success="true" from="nursery"/>
<exclusive-end id="4574" timestamp="2019-08-10T03:39:03.697" durationms="1.779" />

<exclusive-start id="4575" timestamp="2019-08-10T03:39:03.778" intervalms="82.521">
  <response-info timems="0.020" idlems="0.020" threads="0" lastid="0000000001842F00" lastname="main" />
</exclusive-start>
<af-start id="4576" threadId="0000000001843888" totalBytesRequested="32" timestamp="2019-08-10T03:39:03.778" intervalms="82.558" type="nursery" />
<cycle-start id="4577" type="scavenge" contextid="0" timestamp="2019-08-10T03:39:03.778" intervalms="82.561" />
<gc-start id="4578" type="scavenge" contextid="4577" timestamp="2019-08-10T03:39:03.778">
  <mem-info id="4579" free="3967789248" total="4102029312" percent="96">
    <mem type="nursery" free="0" total="110624768" percent="0">
      <mem type="allocate" free="0" total="99549184" percent="0" />
      <mem type="survivor" free="0" total="11075584" percent="0" />
    </mem>
    <mem type="tenure" free="3967789248" total="3991404544" percent="99">
      <mem type="soa" free="3768248512" total="3791835136" percent="99" />
      <mem type="loa" free="199540736" total="199569408" percent="99" />
    </mem>
    <remembered-set count="138" />
  </mem-info>
</gc-start>
<allocation-stats totalBytes="99526064" >
  <allocated-bytes non-tlh="24" tlh="99526040" />
  <largest-consumer threadName="main" threadId="0000000001842F00" bytes="99526064" />
</allocation-stats>
<gc-op id="4580" type="scavenge" timems="1.673" contextid="4577" timestamp="2019-08-10T03:39:03.780">
  <scavenger-info tenureage="3" tenuremask="ffe8" tiltratio="89" />
  <memory-copied type="nursery" objects="84" bytes="2152" bytesdiscarded="30104" />
  <memory-copied type="tenure" objects="19" bytes="456" bytesdiscarded="0" />
</gc-op>
<gc-end id="4581" type="scavenge" contextid="4577" durationms="1.975" usertimems="3.468" systemtimems="0.000" timestamp="2019-08-10T03:39:03.780" activeThreads="16">
  <mem-info id="4582" free="4067306176" total="4102029312" percent="99">
    <mem type="nursery" free="99516928" total="110624768" percent="89">
      <mem type="allocate" free="99516928" total="99549184" percent="99" />
      <mem type="survivor" free="0" total="11075584" percent="0" />
    </mem>
    <mem type="tenure" free="3967789248" total="3991404544" percent="99" macro-fragmented="0">
      <mem type="soa" free="3768248512" total="3791835136" percent="99" />
      <mem type="loa" free="199540736" total="199569408" percent="99" />
    </mem>
    <remembered-set count="131" />
  </mem-info>
</gc-end>
<cycle-end id="4583" type="scavenge" contextid="4577" timestamp="2019-08-10T03:39:03.780" />
  <attribute name="elasticGC enabled" value="1" />
  <attribute name= "numThreadsSpecified" value="16" />
  <attribute name="heapSize specified" value="-91291648" />
  <attribute name="Current GC Util" value="3" />
  <attribute name= "Current Time Running" value="143925" />
  <attribute name ="GC Interval" value="200" />
  <attribute name="ProportionalT" value="-38.500000" />
  <attribute name="ProportionalI" value="-38.500000" />
  <attribute name="ProportionalH" value="-38.500000" />
  <attribute name="Current Error" value="-77.000000" />
  <attribute name="IntegralT" value="-3195.500000" />
  <attribute name="IntegralI" value="-3195.500000" />
  <attribute name="IntegralH" value="-3195.500000" />
  <attribute name="DerivativeT" value="-0.927711" />
  <attribute name="DerivativeI" value="-0.927711" />
  <attribute name="DerivativeH" value="-0.927711" />
  <attribute name="Loop Time for DT" value="83.000000" />
  <attribute name="Output H" value="4203675648"/>
  <attribute name="Output I" value="200"/>
  <attribute name="Output T" value="16"/>
  <attribute name="Target GC Util Change" value ="80.000000" />
  <attribute name="Current GC Util Change" value="3.000000"/>
  <attribute name="GC Util currently" value="3" />
  <attribute name="CPU Util currently" value="13963927456" />
<allocation-satisfied id="4584" threadId="0000000001842F00" bytesRequested="32" />
<af-end id="4585" timestamp="2019-08-10T03:39:03.780" threadId="0000000001843888" success="true" from="nursery"/>
<exclusive-end id="4586" timestamp="2019-08-10T03:39:03.780" durationms="2.237" />

<exclusive-start id="4587" timestamp="2019-08-10T03:39:03.908" intervalms="130.011">
  <response-info timems="0.021" idlems="0.021" threads="0" lastid="0000000001842F00" lastname="main" />
</exclusive-start>
<af-start id="4588" threadId="0000000001843888" totalBytesRequested="32" timestamp="2019-08-10T03:39:03.908" intervalms="129.977" type="nursery" />
<cycle-start id="4589" type="scavenge" contextid="0" timestamp="2019-08-10T03:39:03.908" intervalms="129.975" />
<gc-start id="4590" type="scavenge" contextid="4589" timestamp="2019-08-10T03:39:03.908">
  <mem-info id="4591" free="3967789248" total="4102029312" percent="96">
    <mem type="nursery" free="0" total="110624768" percent="0">
      <mem type="allocate" free="0" total="99549184" percent="0" />
      <mem type="survivor" free="0" total="11075584" percent="0" />
    </mem>
    <mem type="tenure" free="3967789248" total="3991404544" percent="99">
      <mem type="soa" free="3768248512" total="3791835136" percent="99" />
      <mem type="loa" free="199540736" total="199569408" percent="99" />
    </mem>
    <remembered-set count="140" />
  </mem-info>
</gc-start>
<allocation-stats totalBytes="99474200" >
  <allocated-bytes non-tlh="32" tlh="99474168" />
  <largest-consumer threadName="main" threadId="0000000001842F00" bytes="99474200" />
</allocation-stats>
<gc-op id="4592" type="scavenge" timems="1.635" contextid="4589" timestamp="2019-08-10T03:39:03.910">
  <scavenger-info tenureage="3" tenuremask="ffe8" tiltratio="89" />
  <memory-copied type="nursery" objects="93" bytes="2312" bytesdiscarded="29944" />
  <memory-copied type="tenure" objects="12" bytes="272" bytesdiscarded="0" />
  <references type="weak" candidates="2" cleared="0" enqueued="0" />
</gc-op>
<gc-end id="4593" type="scavenge" contextid="4589" durationms="1.924" usertimems="3.797" systemtimems="0.000" timestamp="2019-08-10T03:39:03.910" activeThreads="16">
  <mem-info id="4594" free="4067306176" total="4102029312" percent="99">
    <mem type="nursery" free="99516928" total="110624768" percent="89">
      <mem type="allocate" free="99516928" total="99549184" percent="99" />
      <mem type="survivor" free="0" total="11075584" percent="0" />
    </mem>
    <mem type="tenure" free="3967789248" total="3991404544" percent="99" macro-fragmented="3732887">
      <mem type="soa" free="3768248512" total="3791835136" percent="99" />
      <mem type="loa" free="199540736" total="199569408" percent="99" />
    </mem>
    <remembered-set count="136" />
  </mem-info>
</gc-end>
<cycle-end id="4595" type="scavenge" contextid="4589" timestamp="2019-08-10T03:39:03.910" />
  <attribute name="elasticGC enabled" value="1" />
  <attribute name= "numThreadsSpecified" value="16" />
  <attribute name="heapSize specified" value="-91291648" />
  <attribute name="Current GC Util" value="2" />
  <attribute name= "Current Time Running" value="144054" />
  <attribute name ="GC Interval" value="200" />
  <attribute name="ProportionalT" value="-39.000000" />
  <attribute name="ProportionalI" value="-39.000000" />
  <attribute name="ProportionalH" value="-39.000000" />
  <attribute name="Current Error" value="-78.000000" />
  <attribute name="IntegralT" value="-5031.000000" />
  <attribute name="IntegralI" value="-5031.000000" />
  <attribute name="IntegralH" value="-5031.000000" />
  <attribute name="DerivativeT" value="-0.604651" />
  <attribute name="DerivativeI" value="-0.604651" />
  <attribute name="DerivativeH" value="-0.604651" />
  <attribute name="Loop Time for DT" value="129.000000" />
  <attribute name="Output H" value="4203675648"/>
  <attribute name="Output I" value="200"/>
  <attribute name="Output T" value="16"/>
  <attribute name="Target GC Util Change" value ="80.000000" />
  <attribute name="Current GC Util Change" value="2.000000"/>
  <attribute name="GC Util currently" value="2" />
  <attribute name="CPU Util currently" value="8869700635" />
<allocation-satisfied id="4596" threadId="0000000001842F00" bytesRequested="32" />
<af-end id="4597" timestamp="2019-08-10T03:39:03.910" threadId="0000000001843888" success="true" from="nursery"/>
<exclusive-end id="4598" timestamp="2019-08-10T03:39:03.910" durationms="2.136" />

<exclusive-start id="4599" timestamp="2019-08-10T03:39:03.947" intervalms="38.948">
  <response-info timems="0.021" idlems="0.021" threads="0" lastid="0000000001842F00" lastname="main" />
</exclusive-start>
<af-start id="4600" threadId="0000000001843888" totalBytesRequested="584" timestamp="2019-08-10T03:39:03.947" intervalms="38.948" type="nursery" />
<cycle-start id="4601" type="scavenge" contextid="0" timestamp="2019-08-10T03:39:03.947" intervalms="38.949" />
<gc-start id="4602" type="scavenge" contextid="4601" timestamp="2019-08-10T03:39:03.947">
  <mem-info id="4603" free="3967789248" total="4102029312" percent="96">
    <mem type="nursery" free="0" total="110624768" percent="0">
      <mem type="allocate" free="0" total="99549184" percent="0" />
      <mem type="survivor" free="0" total="11075584" percent="0" />
    </mem>
    <mem type="tenure" free="3967789248" total="3991404544" percent="99">
      <mem type="soa" free="3768248512" total="3791835136" percent="99" />
      <mem type="loa" free="199540736" total="199569408" percent="99" />
    </mem>
    <remembered-set count="138" />
  </mem-info>
</gc-start>
<allocation-stats totalBytes="99379488" >
  <allocated-bytes non-tlh="32" tlh="99379456" />
  <largest-consumer threadName="main" threadId="0000000001842F00" bytes="99379488" />
</allocation-stats>
<gc-op id="4604" type="scavenge" timems="1.337" contextid="4601" timestamp="2019-08-10T03:39:03.949">
  <scavenger-info tenureage="3" tenuremask="ffe8" tiltratio="89" />
  <memory-copied type="nursery" objects="56" bytes="2016" bytesdiscarded="30240" />
  <memory-copied type="tenure" objects="42" bytes="952" bytesdiscarded="0" />
  <references type="weak" candidates="2" cleared="0" enqueued="0" />
</gc-op>
<gc-end id="4605" type="scavenge" contextid="4601" durationms="1.632" usertimems="3.109" systemtimems="0.000" timestamp="2019-08-10T03:39:03.949" activeThreads="16">
  <mem-info id="4606" free="4067306176" total="4102029312" percent="99">
    <mem type="nursery" free="99516928" total="110624768" percent="89">
      <mem type="allocate" free="99516928" total="99549184" percent="99" />
      <mem type="survivor" free="0" total="11075584" percent="0" />
    </mem>
    <mem type="tenure" free="3967789248" total="3991404544" percent="99" macro-fragmented="3110739">
      <mem type="soa" free="3768248512" total="3791835136" percent="99" />
      <mem type="loa" free="199540736" total="199569408" percent="99" />
    </mem>
    <remembered-set count="124" />
  </mem-info>
</gc-end>
<cycle-end id="4607" type="scavenge" contextid="4601" timestamp="2019-08-10T03:39:03.949" />
  <attribute name="elasticGC enabled" value="1" />
  <attribute name= "numThreadsSpecified" value="16" />
  <attribute name="heapSize specified" value="-91291648" />
  <attribute name="Current GC Util" value="9" />
  <attribute name= "Current Time Running" value="144093" />
  <attribute name ="GC Interval" value="200" />
  <attribute name="ProportionalT" value="-35.500000" />
  <attribute name="ProportionalI" value="-35.500000" />
  <attribute name="ProportionalH" value="-35.500000" />
  <attribute name="Current Error" value="-71.000000" />
  <attribute name="IntegralT" value="-1384.500000" />
  <attribute name="IntegralI" value="-1384.500000" />
  <attribute name="IntegralH" value="-1384.500000" />
  <attribute name="DerivativeT" value="-1.820513" />
  <attribute name="DerivativeI" value="-1.820513" />
  <attribute name="DerivativeH" value="-1.820513" />
  <attribute name="Loop Time for DT" value="39.000000" />
  <attribute name="Output H" value="4203675648"/>
  <attribute name="Output I" value="200"/>
  <attribute name="Output T" value="16"/>
  <attribute name="Target GC Util Change" value ="80.000000" />
  <attribute name="Current GC Util Change" value="9.000000"/>
  <attribute name="GC Util currently" value="9" />
  <attribute name="CPU Util currently" value="29594459756" />
<allocation-satisfied id="4608" threadId="0000000001842F00" bytesRequested="584" />
<af-end id="4609" timestamp="2019-08-10T03:39:03.949" threadId="0000000001843888" success="true" from="nursery"/>
<exclusive-end id="4610" timestamp="2019-08-10T03:39:03.949" durationms="1.890" />

<exclusive-start id="4611" timestamp="2019-08-10T03:39:03.962" intervalms="14.417">
  <response-info timems="0.024" idlems="0.024" threads="0" lastid="0000000001842F00" lastname="main" />
</exclusive-start>
<af-start id="4612" threadId="0000000001843888" totalBytesRequested="584" timestamp="2019-08-10T03:39:03.962" intervalms="14.421" type="nursery" />
<cycle-start id="4613" type="scavenge" contextid="0" timestamp="2019-08-10T03:39:03.962" intervalms="14.419" />
<gc-start id="4614" type="scavenge" contextid="4613" timestamp="2019-08-10T03:39:03.962">
  <mem-info id="4615" free="3967789248" total="4102029312" percent="96">
    <mem type="nursery" free="0" total="110624768" percent="0">
      <mem type="allocate" free="0" total="99549184" percent="0" />
      <mem type="survivor" free="0" total="11075584" percent="0" />
    </mem>
    <mem type="tenure" free="3967789248" total="3991404544" percent="99">
      <mem type="soa" free="3768248512" total="3791835136" percent="99" />
      <mem type="loa" free="199540736" total="199569408" percent="99" />
    </mem>
    <remembered-set count="124" />
  </mem-info>
</gc-start>
<allocation-stats totalBytes="99339480" >
  <allocated-bytes non-tlh="584" tlh="99338896" />
  <largest-consumer threadName="main" threadId="0000000001842F00" bytes="99339480" />
</allocation-stats>
<gc-op id="4616" type="scavenge" timems="1.396" contextid="4613" timestamp="2019-08-10T03:39:03.963">
  <scavenger-info tenureage="3" tenuremask="ffe8" tiltratio="89" />
  <memory-copied type="nursery" objects="50" bytes="1880" bytesdiscarded="30376" />
  <memory-copied type="tenure" objects="6" bytes="136" bytesdiscarded="0" />
  <references type="weak" candidates="2" cleared="0" enqueued="0" />
</gc-op>
<gc-end id="4617" type="scavenge" contextid="4613" durationms="1.686" usertimems="3.323" systemtimems="0.000" timestamp="2019-08-10T03:39:03.963" activeThreads="16">
  <mem-info id="4618" free="4067306176" total="4102029312" percent="99">
    <mem type="nursery" free="99516928" total="110624768" percent="89">
      <mem type="allocate" free="99516928" total="99549184" percent="99" />
      <mem type="survivor" free="0" total="11075584" percent="0" />
    </mem>
    <mem type="tenure" free="3967789248" total="3991404544" percent="99" macro-fragmented="3110739">
      <mem type="soa" free="3768248512" total="3791835136" percent="99" />
      <mem type="loa" free="199540736" total="199569408" percent="99" />
    </mem>
    <remembered-set count="122" />
  </mem-info>
</gc-end>
<cycle-end id="4619" type="scavenge" contextid="4613" timestamp="2019-08-10T03:39:03.963" />
  <attribute name="elasticGC enabled" value="1" />
  <attribute name= "numThreadsSpecified" value="16" />
  <attribute name="heapSize specified" value="-91291648" />
  <attribute name="Current GC Util" value="22" />
  <attribute name= "Current Time Running" value="144108" />
  <attribute name ="GC Interval" value="200" />
  <attribute name="ProportionalT" value="-29.000000" />
  <attribute name="ProportionalI" value="-29.000000" />
  <attribute name="ProportionalH" value="-29.000000" />
  <attribute name="Current Error" value="-58.000000" />
  <attribute name="IntegralT" value="-435.000000" />
  <attribute name="IntegralI" value="-435.000000" />
  <attribute name="IntegralH" value="-435.000000" />
  <attribute name="DerivativeT" value="-3.866667" />
  <attribute name="DerivativeI" value="-3.866667" />
  <attribute name="DerivativeH" value="-3.866667" />
  <attribute name="Loop Time for DT" value="15.000000" />
  <attribute name="Output H" value="4203675648"/>
  <attribute name="Output I" value="200"/>
  <attribute name="Output T" value="16"/>
  <attribute name="Target GC Util Change" value ="80.000000" />
  <attribute name="Current GC Util Change" value="22.000000"/>
  <attribute name="GC Util currently" value="22" />
  <attribute name="CPU Util currently" value="79840776385" />
<allocation-satisfied id="4620" threadId="0000000001842F00" bytesRequested="584" />
<af-end id="4621" timestamp="2019-08-10T03:39:03.963" threadId="0000000001843888" success="true" from="nursery"/>
<exclusive-end id="4622" timestamp="2019-08-10T03:39:03.963" durationms="1.904" />

<exclusive-start id="4623" timestamp="2019-08-10T03:39:04.065" intervalms="103.179">
  <response-info timems="0.021" idlems="0.021" threads="0" lastid="0000000001842F00" lastname="main" />
</exclusive-start>
<af-start id="4624" threadId="0000000001843888" totalBytesRequested="208" timestamp="2019-08-10T03:39:04.065" intervalms="103.188" type="nursery" />
<cycle-start id="4625" type="scavenge" contextid="0" timestamp="2019-08-10T03:39:04.065" intervalms="103.215" />
<gc-start id="4626" type="scavenge" contextid="4625" timestamp="2019-08-10T03:39:04.065">
  <mem-info id="4627" free="3967789248" total="4102029312" percent="96">
    <mem type="nursery" free="0" total="110624768" percent="0">
      <mem type="allocate" free="0" total="99549184" percent="0" />
      <mem type="survivor" free="0" total="11075584" percent="0" />
    </mem>
    <mem type="tenure" free="3967789248" total="3991404544" percent="99">
      <mem type="soa" free="3768248512" total="3791835136" percent="99" />
      <mem type="loa" free="199540736" total="199569408" percent="99" />
    </mem>
    <remembered-set count="128" />
  </mem-info>
</gc-start>
<allocation-stats totalBytes="99416696" >
  <allocated-bytes non-tlh="584" tlh="99416112" />
  <largest-consumer threadName="main" threadId="0000000001842F00" bytes="99416696" />
</allocation-stats>
<gc-op id="4628" type="scavenge" timems="1.032" contextid="4625" timestamp="2019-08-10T03:39:04.066">
  <scavenger-info tenureage="3" tenuremask="ffe8" tiltratio="89" />
  <memory-copied type="nursery" objects="47" bytes="1760" bytesdiscarded="30496" />
  <memory-copied type="tenure" objects="26" bytes="608" bytesdiscarded="0" />
</gc-op>
<gc-end id="4629" type="scavenge" contextid="4625" durationms="1.321" usertimems="2.133" systemtimems="0.000" timestamp="2019-08-10T03:39:04.066" activeThreads="16">
  <mem-info id="4630" free="4067306176" total="4102029312" percent="99">
    <mem type="nursery" free="99516928" total="110624768" percent="89">
      <mem type="allocate" free="99516928" total="99549184" percent="99" />
      <mem type="survivor" free="0" total="11075584" percent="0" />
    </mem>
    <mem type="tenure" free="3967789248" total="3991404544" percent="99" macro-fragmented="0">
      <mem type="soa" free="3768248512" total="3791835136" percent="99" />
      <mem type="loa" free="199540736" total="199569408" percent="99" />
    </mem>
    <remembered-set count="119" />
  </mem-info>
</gc-end>
<cycle-end id="4631" type="scavenge" contextid="4625" timestamp="2019-08-10T03:39:04.066" />
  <attribute name="elasticGC enabled" value="1" />
  <attribute name= "numThreadsSpecified" value="16" />
  <attribute name="heapSize specified" value="-91291648" />
  <attribute name="Current GC Util" value="3" />
  <attribute name= "Current Time Running" value="144211" />
  <attribute name ="GC Interval" value="200" />
  <attribute name="ProportionalT" value="-38.500000" />
  <attribute name="ProportionalI" value="-38.500000" />
  <attribute name="ProportionalH" value="-38.500000" />
  <attribute name="Current Error" value="-77.000000" />
  <attribute name="IntegralT" value="-3965.500000" />
  <attribute name="IntegralI" value="-3965.500000" />
  <attribute name="IntegralH" value="-3965.500000" />
  <attribute name="DerivativeT" value="-0.747573" />
  <attribute name="DerivativeI" value="-0.747573" />
  <attribute name="DerivativeH" value="-0.747573" />
  <attribute name="Loop Time for DT" value="103.000000" />
  <attribute name="Output H" value="4203675648"/>
  <attribute name="Output I" value="200"/>
  <attribute name="Output T" value="16"/>
  <attribute name="Target GC Util Change" value ="80.000000" />
  <attribute name="Current GC Util Change" value="3.000000"/>
  <attribute name="GC Util currently" value="3" />
  <attribute name="CPU Util currently" value="11167614369" />
<allocation-satisfied id="4632" threadId="0000000001842F00" bytesRequested="208" />
<af-end id="4633" timestamp="2019-08-10T03:39:04.066" threadId="0000000001843888" success="true" from="nursery"/>
<exclusive-end id="4634" timestamp="2019-08-10T03:39:04.066" durationms="1.588" />

<exclusive-start id="4635" timestamp="2019-08-10T03:39:04.152" intervalms="87.271">
  <response-info timems="0.080" idlems="0.080" threads="0" lastid="0000000001842F00" lastname="main" />
</exclusive-start>
<af-start id="4636" threadId="0000000001843888" totalBytesRequested="16" timestamp="2019-08-10T03:39:04.152" intervalms="87.254" type="nursery" />
<cycle-start id="4637" type="scavenge" contextid="0" timestamp="2019-08-10T03:39:04.152" intervalms="87.227" />
<gc-start id="4638" type="scavenge" contextid="4637" timestamp="2019-08-10T03:39:04.152">
  <mem-info id="4639" free="3967789248" total="4102029312" percent="96">
    <mem type="nursery" free="0" total="110624768" percent="0">
      <mem type="allocate" free="0" total="99549184" percent="0" />
      <mem type="survivor" free="0" total="11075584" percent="0" />
    </mem>
    <mem type="tenure" free="3967789248" total="3991404544" percent="99">
      <mem type="soa" free="3768248512" total="3791835136" percent="99" />
      <mem type="loa" free="199540736" total="199569408" percent="99" />
    </mem>
    <remembered-set count="121" />
  </mem-info>
</gc-start>
<allocation-stats totalBytes="99411824" >
  <allocated-bytes non-tlh="208" tlh="99411616" />
  <largest-consumer threadName="main" threadId="0000000001842F00" bytes="99411824" />
</allocation-stats>
<gc-op id="4640" type="scavenge" timems="2.838" contextid="4637" timestamp="2019-08-10T03:39:04.155">
  <scavenger-info tenureage="5" tenuremask="ffe0" tiltratio="89" />
  <memory-copied type="nursery" objects="60" bytes="6744" bytesdiscarded="25512" />
</gc-op>
<gc-end id="4641" type="scavenge" contextid="4637" durationms="3.294" usertimems="5.087" systemtimems="0.000" timestamp="2019-08-10T03:39:04.155" activeThreads="16">
  <mem-info id="4642" free="4067306176" total="4102029312" percent="99">
    <mem type="nursery" free="99516928" total="110624768" percent="89">
      <mem type="allocate" free="99516928" total="99549184" percent="99" />
      <mem type="survivor" free="0" total="11075584" percent="0" />
    </mem>
    <mem type="tenure" free="3967789248" total="3991404544" percent="99" macro-fragmented="2160235">
      <mem type="soa" free="3768248512" total="3791835136" percent="99" />
      <mem type="loa" free="199540736" total="199569408" percent="99" />
    </mem>
    <remembered-set count="120" />
  </mem-info>
</gc-end>
<cycle-end id="4643" type="scavenge" contextid="4637" timestamp="2019-08-10T03:39:04.155" />
  <attribute name="elasticGC enabled" value="1" />
  <attribute name= "numThreadsSpecified" value="16" />
  <attribute name="heapSize specified" value="-91291648" />
  <attribute name="Current GC Util" value="2" />
  <attribute name= "Current Time Running" value="144298" />
  <attribute name ="GC Interval" value="200" />
  <attribute name="ProportionalT" value="-39.000000" />
  <attribute name="ProportionalI" value="-39.000000" />
  <attribute name="ProportionalH" value="-39.000000" />
  <attribute name="Current Error" value="-78.000000" />
  <attribute name="IntegralT" value="-3393.000000" />
  <attribute name="IntegralI" value="-3393.000000" />
  <attribute name="IntegralH" value="-3393.000000" />
  <attribute name="DerivativeT" value="-0.896552" />
  <attribute name="DerivativeI" value="-0.896552" />
  <attribute name="DerivativeH" value="-0.896552" />
  <attribute name="Loop Time for DT" value="87.000000" />
  <attribute name="Output H" value="4203675648"/>
  <attribute name="Output I" value="200"/>
  <attribute name="Output T" value="16"/>
  <attribute name="Target GC Util Change" value ="80.000000" />
  <attribute name="Current GC Util Change" value="2.000000"/>
  <attribute name="GC Util currently" value="2" />
  <attribute name="CPU Util currently" value="13225945843" />
<allocation-satisfied id="4644" threadId="0000000001842F00" bytesRequested="16" />
<af-end id="4645" timestamp="2019-08-10T03:39:04.155" threadId="0000000001843888" success="true" from="nursery"/>
<exclusive-end id="4646" timestamp="2019-08-10T03:39:04.155" durationms="3.498" />

<exclusive-start id="4647" timestamp="2019-08-10T03:39:04.367" intervalms="215.420">
  <response-info timems="0.041" idlems="0.041" threads="0" lastid="0000000001842F00" lastname="main" />
</exclusive-start>
<af-start id="4648" threadId="0000000001843888" totalBytesRequested="80" timestamp="2019-08-10T03:39:04.367" intervalms="215.420" type="nursery" />
<cycle-start id="4649" type="scavenge" contextid="0" timestamp="2019-08-10T03:39:04.367" intervalms="215.421" />
<gc-start id="4650" type="scavenge" contextid="4649" timestamp="2019-08-10T03:39:04.368">
  <mem-info id="4651" free="3967789248" total="4102029312" percent="96">
    <mem type="nursery" free="0" total="110624768" percent="0">
      <mem type="allocate" free="0" total="99549184" percent="0" />
      <mem type="survivor" free="0" total="11075584" percent="0" />
    </mem>
    <mem type="tenure" free="3967789248" total="3991404544" percent="99">
      <mem type="soa" free="3768248512" total="3791835136" percent="99" />
      <mem type="loa" free="199540736" total="199569408" percent="99" />
    </mem>
    <remembered-set count="125" />
  </mem-info>
</gc-start>
<allocation-stats totalBytes="99462864" >
  <allocated-bytes non-tlh="16" tlh="99462848" />
  <largest-consumer threadName="main" threadId="0000000001842F00" bytes="99462864" />
</allocation-stats>
<gc-op id="4652" type="scavenge" timems="1.258" contextid="4649" timestamp="2019-08-10T03:39:04.369">
  <scavenger-info tenureage="3" tenuremask="fff8" tiltratio="89" />
  <memory-copied type="nursery" objects="58" bytes="1672" bytesdiscarded="38264" />
  <memory-copied type="tenure" objects="6" bytes="136" bytesdiscarded="0" />
  <references type="weak" candidates="2" cleared="0" enqueued="0" />
</gc-op>
<gc-end id="4653" type="scavenge" contextid="4649" durationms="1.747" usertimems="4.351" systemtimems="0.000" timestamp="2019-08-10T03:39:04.369" activeThreads="16">
  <mem-info id="4654" free="4067298496" total="4102029312" percent="99">
    <mem type="nursery" free="99509248" total="110624768" percent="89">
      <mem type="allocate" free="99509248" total="99549184" percent="99" />
      <mem type="survivor" free="0" total="11075584" percent="0" />
    </mem>
    <mem type="tenure" free="3967789248" total="3991404544" percent="99" macro-fragmented="4479464">
      <mem type="soa" free="3768248512" total="3791835136" percent="99" />
      <mem type="loa" free="199540736" total="199569408" percent="99" />
    </mem>
    <remembered-set count="123" />
  </mem-info>
</gc-end>
<cycle-end id="4655" type="scavenge" contextid="4649" timestamp="2019-08-10T03:39:04.369" />
  <attribute name="elasticGC enabled" value="1" />
  <attribute name= "numThreadsSpecified" value="16" />
  <attribute name="heapSize specified" value="-91291648" />
  <attribute name="Current GC Util" value="0" />
  <attribute name= "Current Time Running" value="144514" />
  <attribute name ="GC Interval" value="200" />
  <attribute name="ProportionalT" value="-40.000000" />
  <attribute name="ProportionalI" value="-40.000000" />
  <attribute name="ProportionalH" value="-40.000000" />
  <attribute name="Current Error" value="-80.000000" />
  <attribute name="IntegralT" value="-8640.000000" />
  <attribute name="IntegralI" value="-8640.000000" />
  <attribute name="IntegralH" value="-8640.000000" />
  <attribute name="DerivativeT" value="-0.370370" />
  <attribute name="DerivativeI" value="-0.370370" />
  <attribute name="DerivativeH" value="-0.370370" />
  <attribute name="Loop Time for DT" value="216.000000" />
  <attribute name="Output H" value="4203675648"/>
  <attribute name="Output I" value="200"/>
  <attribute name="Output T" value="16"/>
  <attribute name="Target GC Util Change" value ="80.000000" />
  <attribute name="Current GC Util Change" value="0.000000"/>
  <attribute name="GC Util currently" value="0" />
  <attribute name="CPU Util currently" value="5351678484" />
<allocation-satisfied id="4656" threadId="0000000001842F00" bytesRequested="80" />
<af-end id="4657" timestamp="2019-08-10T03:39:04.369" threadId="0000000001843888" success="true" from="nursery"/>
<exclusive-end id="4658" timestamp="2019-08-10T03:39:04.369" durationms="2.002" />

<exclusive-start id="4659" timestamp="2019-08-10T03:39:04.549" intervalms="182.068">
  <response-info timems="0.018" idlems="0.018" threads="0" lastid="0000000001842F00" lastname="main" />
</exclusive-start>
<af-start id="4660" threadId="0000000001843888" totalBytesRequested="80" timestamp="2019-08-10T03:39:04.550" intervalms="182.071" type="nursery" />
<cycle-start id="4661" type="scavenge" contextid="0" timestamp="2019-08-10T03:39:04.550" intervalms="182.070" />
<gc-start id="4662" type="scavenge" contextid="4661" timestamp="2019-08-10T03:39:04.550">
  <mem-info id="4663" free="3967789248" total="4102029312" percent="96">
    <mem type="nursery" free="0" total="110624768" percent="0">
      <mem type="allocate" free="0" total="99549184" percent="0" />
      <mem type="survivor" free="0" total="11075584" percent="0" />
    </mem>
    <mem type="tenure" free="3967789248" total="3991404544" percent="99">
      <mem type="soa" free="3768248512" total="3791835136" percent="99" />
      <mem type="loa" free="199540736" total="199569408" percent="99" />
    </mem>
    <remembered-set count="123" />
  </mem-info>
</gc-start>
<allocation-stats totalBytes="99491232" >
  <allocated-bytes non-tlh="80" tlh="99491152" />
  <largest-consumer threadName="main" threadId="0000000001842F00" bytes="99491232" />
</allocation-stats>
<gc-op id="4664" type="scavenge" timems="1.264" contextid="4661" timestamp="2019-08-10T03:39:04.551">
  <scavenger-info tenureage="3" tenuremask="ffd8" tiltratio="89" />
  <memory-copied type="nursery" objects="40" bytes="1264" bytesdiscarded="38672" />
  <memory-copied type="tenure" objects="18" bytes="408" bytesdiscarded="0" />
  <references type="weak" candidates="2" cleared="0" enqueued="0" />
</gc-op>
<gc-end id="4665" type="scavenge" contextid="4661" durationms="1.824" usertimems="2.719" systemtimems="0.000" timestamp="2019-08-10T03:39:04.551" activeThreads="16">
  <mem-info id="4666" free="4067298496" total="4102029312" percent="99">
    <mem type="nursery" free="99509248" total="110624768" percent="89">
      <mem type="allocate" free="99509248" total="99549184" percent="99" />
      <mem type="survivor" free="0" total="11075584" percent="0" />
    </mem>
    <mem type="tenure" free="3967789248" total="3991404544" percent="99" macro-fragmented="7740515">
      <mem type="soa" free="3768248512" total="3791835136" percent="99" />
      <mem type="loa" free="199540736" total="199569408" percent="99" />
    </mem>
    <remembered-set count="117" />
  </mem-info>
</gc-end>
<cycle-end id="4667" type="scavenge" contextid="4661" timestamp="2019-08-10T03:39:04.551" />
  <attribute name="elasticGC enabled" value="1" />
  <attribute name= "numThreadsSpecified" value="16" />
  <attribute name="heapSize specified" value="-91291648" />
  <attribute name="Current GC Util" value="1" />
  <attribute name= "Current Time Running" value="144696" />
  <attribute name ="GC Interval" value="200" />
  <attribute name="ProportionalT" value="-39.500000" />
  <attribute name="ProportionalI" value="-39.500000" />
  <attribute name="ProportionalH" value="-39.500000" />
  <attribute name="Current Error" value="-79.000000" />
  <attribute name="IntegralT" value="-7189.000000" />
  <attribute name="IntegralI" value="-7189.000000" />
  <attribute name="IntegralH" value="-7189.000000" />
  <attribute name="DerivativeT" value="-0.434066" />
  <attribute name="DerivativeI" value="-0.434066" />
  <attribute name="DerivativeH" value="-0.434066" />
  <attribute name="Loop Time for DT" value="182.000000" />
  <attribute name="Output H" value="4203675648"/>
  <attribute name="Output I" value="200"/>
  <attribute name="Output T" value="16"/>
  <attribute name="Target GC Util Change" value ="80.000000" />
  <attribute name="Current GC Util Change" value="1.000000"/>
  <attribute name="GC Util currently" value="1" />
  <attribute name="CPU Util currently" value="6328513934" />
<allocation-satisfied id="4668" threadId="0000000001842F00" bytesRequested="80" />
<af-end id="4669" timestamp="2019-08-10T03:39:04.552" threadId="0000000001843888" success="true" from="nursery"/>
<exclusive-end id="4670" timestamp="2019-08-10T03:39:04.552" durationms="2.049" />

<exclusive-start id="4671" timestamp="2019-08-10T03:39:04.658" intervalms="108.238">
  <response-info timems="0.022" idlems="0.022" threads="0" lastid="0000000001842F00" lastname="main" />
</exclusive-start>
<af-start id="4672" threadId="0000000001843888" totalBytesRequested="584" timestamp="2019-08-10T03:39:04.658" intervalms="108.241" type="nursery" />
<cycle-start id="4673" type="scavenge" contextid="0" timestamp="2019-08-10T03:39:04.658" intervalms="108.242" />
<gc-start id="4674" type="scavenge" contextid="4673" timestamp="2019-08-10T03:39:04.658">
  <mem-info id="4675" free="3967789248" total="4102029312" percent="96">
    <mem type="nursery" free="0" total="110624768" percent="0">
      <mem type="allocate" free="0" total="99549184" percent="0" />
      <mem type="survivor" free="0" total="11075584" percent="0" />
    </mem>
    <mem type="tenure" free="3967789248" total="3991404544" percent="99">
      <mem type="soa" free="3768248512" total="3791835136" percent="99" />
      <mem type="loa" free="199540736" total="199569408" percent="99" />
    </mem>
    <remembered-set count="119" />
  </mem-info>
</gc-start>
<allocation-stats totalBytes="99427960" >
  <allocated-bytes non-tlh="80" tlh="99427880" />
  <largest-consumer threadName="main" threadId="0000000001842F00" bytes="99427960" />
</allocation-stats>
<gc-op id="4676" type="scavenge" timems="0.776" contextid="4673" timestamp="2019-08-10T03:39:04.659">
  <scavenger-info tenureage="3" tenuremask="ffe8" tiltratio="89" />
  <memory-copied type="nursery" objects="39" bytes="1656" bytesdiscarded="30600" />
  <memory-copied type="tenure" objects="6" bytes="136" bytesdiscarded="0" />
  <references type="weak" candidates="2" cleared="0" enqueued="0" />
</gc-op>
<gc-end id="4677" type="scavenge" contextid="4673" durationms="1.266" usertimems="2.083" systemtimems="0.000" timestamp="2019-08-10T03:39:04.659" activeThreads="16">
  <mem-info id="4678" free="4067306176" total="4102029312" percent="99">
    <mem type="nursery" free="99516928" total="110624768" percent="89">
      <mem type="allocate" free="99516928" total="99549184" percent="99" />
      <mem type="survivor" free="0" total="11075584" percent="0" />
    </mem>
    <mem type="tenure" free="3967789248" total="3991404544" percent="99" macro-fragmented="6450429">
      <mem type="soa" free="3768248512" total="3791835136" percent="99" />
      <mem type="loa" free="199540736" total="199569408" percent="99" />
    </mem>
    <remembered-set count="117" />
  </mem-info>
</gc-end>
<cycle-end id="4679" type="scavenge" contextid="4673" timestamp="2019-08-10T03:39:04.659" />
  <attribute name="elasticGC enabled" value="1" />
  <attribute name= "numThreadsSpecified" value="16" />
  <attribute name="heapSize specified" value="-91291648" />
  <attribute name="Current GC Util" value="2" />
  <attribute name= "Current Time Running" value="144804" />
  <attribute name ="GC Interval" value="200" />
  <attribute name="ProportionalT" value="-39.000000" />
  <attribute name="ProportionalI" value="-39.000000" />
  <attribute name="ProportionalH" value="-39.000000" />
  <attribute name="Current Error" value="-78.000000" />
  <attribute name="IntegralT" value="-4212.000000" />
  <attribute name="IntegralI" value="-4212.000000" />
  <attribute name="IntegralH" value="-4212.000000" />
  <attribute name="DerivativeT" value="-0.722222" />
  <attribute name="DerivativeI" value="-0.722222" />
  <attribute name="DerivativeH" value="-0.722222" />
  <attribute name="Loop Time for DT" value="108.000000" />
  <attribute name="Output H" value="4203675648"/>
  <attribute name="Output I" value="200"/>
  <attribute name="Output T" value="16"/>
  <attribute name="Target GC Util Change" value ="80.000000" />
  <attribute name="Current GC Util Change" value="2.000000"/>
  <attribute name="GC Util currently" value="2" />
  <attribute name="CPU Util currently" value="10659927361" />
<allocation-satisfied id="4680" threadId="0000000001842F00" bytesRequested="584" />
<af-end id="4681" timestamp="2019-08-10T03:39:04.659" threadId="0000000001843888" success="true" from="nursery"/>
<exclusive-end id="4682" timestamp="2019-08-10T03:39:04.659" durationms="1.510" />

<exclusive-start id="4683" timestamp="2019-08-10T03:39:04.675" intervalms="17.534">
  <response-info timems="0.033" idlems="0.033" threads="0" lastid="0000000001842F00" lastname="main" />
</exclusive-start>
<af-start id="4684" threadId="0000000001843888" totalBytesRequested="488" timestamp="2019-08-10T03:39:04.675" intervalms="17.532" type="nursery" />
<cycle-start id="4685" type="scavenge" contextid="0" timestamp="2019-08-10T03:39:04.675" intervalms="17.532" />
<gc-start id="4686" type="scavenge" contextid="4685" timestamp="2019-08-10T03:39:04.675">
  <mem-info id="4687" free="3967789248" total="4102029312" percent="96">
    <mem type="nursery" free="0" total="110624768" percent="0">
      <mem type="allocate" free="0" total="99549184" percent="0" />
      <mem type="survivor" free="0" total="11075584" percent="0" />
    </mem>
    <mem type="tenure" free="3967789248" total="3991404544" percent="99">
      <mem type="soa" free="3768248512" total="3791835136" percent="99" />
      <mem type="loa" free="199540736" total="199569408" percent="99" />
    </mem>
    <remembered-set count="117" />
  </mem-info>
</gc-start>
<allocation-stats totalBytes="99379728" >
  <allocated-bytes non-tlh="584" tlh="99379144" />
  <largest-consumer threadName="main" threadId="0000000001842F00" bytes="99379728" />
</allocation-stats>
<gc-op id="4688" type="scavenge" timems="1.137" contextid="4685" timestamp="2019-08-10T03:39:04.677">
  <scavenger-info tenureage="5" tenuremask="ffe0" tiltratio="89" />
  <memory-copied type="nursery" objects="39" bytes="1656" bytesdiscarded="30600" />
  <references type="weak" candidates="2" cleared="0" enqueued="0" />
</gc-op>
<gc-end id="4689" type="scavenge" contextid="4685" durationms="1.721" usertimems="2.549" systemtimems="0.000" timestamp="2019-08-10T03:39:04.677" activeThreads="16">
  <mem-info id="4690" free="4067306176" total="4102029312" percent="99">
    <mem type="nursery" free="99516928" total="110624768" percent="89">
      <mem type="allocate" free="99516928" total="99549184" percent="99" />
      <mem type="survivor" free="0" total="11075584" percent="0" />
    </mem>
    <mem type="tenure" free="3967789248" total="3991404544" percent="99" macro-fragmented="2160235">
      <mem type="soa" free="3768248512" total="3791835136" percent="99" />
      <mem type="loa" free="199540736" total="199569408" percent="99" />
    </mem>
    <remembered-set count="117" />
  </mem-info>
</gc-end>
<cycle-end id="4691" type="scavenge" contextid="4685" timestamp="2019-08-10T03:39:04.677" />
  <attribute name="elasticGC enabled" value="1" />
  <attribute name= "numThreadsSpecified" value="16" />
  <attribute name="heapSize specified" value="-91291648" />
  <attribute name="Current GC Util" value="11" />
  <attribute name= "Current Time Running" value="144822" />
  <attribute name ="GC Interval" value="200" />
  <attribute name="ProportionalT" value="-34.500000" />
  <attribute name="ProportionalI" value="-34.500000" />
  <attribute name="ProportionalH" value="-34.500000" />
  <attribute name="Current Error" value="-69.000000" />
  <attribute name="IntegralT" value="-621.000000" />
  <attribute name="IntegralI" value="-621.000000" />
  <attribute name="IntegralH" value="-621.000000" />
  <attribute name="DerivativeT" value="-3.833333" />
  <attribute name="DerivativeI" value="-3.833333" />
  <attribute name="DerivativeH" value="-3.833333" />
  <attribute name="Loop Time for DT" value="18.000000" />
  <attribute name="Output H" value="4203675648"/>
  <attribute name="Output I" value="200"/>
  <attribute name="Output T" value="16"/>
  <attribute name="Target GC Util Change" value ="80.000000" />
  <attribute name="Current GC Util Change" value="11.000000"/>
  <attribute name="GC Util currently" value="11" />
  <attribute name="CPU Util currently" value="65592967504" />
<allocation-satisfied id="4692" threadId="0000000001842F00" bytesRequested="488" />
<af-end id="4693" timestamp="2019-08-10T03:39:04.677" threadId="0000000001843888" success="true" from="nursery"/>
<exclusive-end id="4694" timestamp="2019-08-10T03:39:04.677" durationms="2.005" />

* Round 2 done in 2.342 seconds.
<exclusive-start id="4695" timestamp="2019-08-10T03:39:04.907" intervalms="231.879">
  <response-info timems="0.021" idlems="0.021" threads="0" lastid="0000000001842F00" lastname="main" />
</exclusive-start>
<af-start id="4696" threadId="0000000001843888" totalBytesRequested="1168" timestamp="2019-08-10T03:39:04.907" intervalms="231.881" type="nursery" />
<cycle-start id="4697" type="scavenge" contextid="0" timestamp="2019-08-10T03:39:04.907" intervalms="231.881" />
<gc-start id="4698" type="scavenge" contextid="4697" timestamp="2019-08-10T03:39:04.907">
  <mem-info id="4699" free="3967789248" total="4102029312" percent="96">
    <mem type="nursery" free="0" total="110624768" percent="0">
      <mem type="allocate" free="0" total="99549184" percent="0" />
      <mem type="survivor" free="0" total="11075584" percent="0" />
    </mem>
    <mem type="tenure" free="3967789248" total="3991404544" percent="99">
      <mem type="soa" free="3768248512" total="3791835136" percent="99" />
      <mem type="loa" free="199540736" total="199569408" percent="99" />
    </mem>
    <remembered-set count="138" />
  </mem-info>
</gc-start>
<allocation-stats totalBytes="99432240" >
  <allocated-bytes non-tlh="488" tlh="99431752" />
  <largest-consumer threadName="main" threadId="0000000001842F00" bytes="99432240" />
</allocation-stats>
<gc-op id="4700" type="scavenge" timems="0.923" contextid="4697" timestamp="2019-08-10T03:39:04.908">
  <scavenger-info tenureage="3" tenuremask="fff8" tiltratio="89" />
  <memory-copied type="nursery" objects="93" bytes="3680" bytesdiscarded="20128" />
  <memory-copied type="tenure" objects="14" bytes="336" bytesdiscarded="0" />
</gc-op>
<gc-end id="4701" type="scavenge" contextid="4697" durationms="1.374" usertimems="2.143" systemtimems="0.000" timestamp="2019-08-10T03:39:04.909" activeThreads="16">
  <mem-info id="4702" free="4067314624" total="4102029312" percent="99">
    <mem type="nursery" free="99525376" total="110624768" percent="89">
      <mem type="allocate" free="99525376" total="99549184" percent="99" />
      <mem type="survivor" free="0" total="11075584" percent="0" />
    </mem>
    <mem type="tenure" free="3967789248" total="3991404544" percent="99" macro-fragmented="3110739">
      <mem type="soa" free="3768248512" total="3791835136" percent="99" />
      <mem type="loa" free="199540736" total="199569408" percent="99" />
    </mem>
    <remembered-set count="133" />
  </mem-info>
</gc-end>
<cycle-end id="4703" type="scavenge" contextid="4697" timestamp="2019-08-10T03:39:04.909" />
  <attribute name="elasticGC enabled" value="1" />
  <attribute name= "numThreadsSpecified" value="16" />
  <attribute name="heapSize specified" value="-91291648" />
  <attribute name="Current GC Util" value="1" />
  <attribute name= "Current Time Running" value="145053" />
  <attribute name ="GC Interval" value="200" />
  <attribute name="ProportionalT" value="-39.500000" />
  <attribute name="ProportionalI" value="-39.500000" />
  <attribute name="ProportionalH" value="-39.500000" />
  <attribute name="Current Error" value="-79.000000" />
  <attribute name="IntegralT" value="-9124.500000" />
  <attribute name="IntegralI" value="-9124.500000" />
  <attribute name="IntegralH" value="-9124.500000" />
  <attribute name="DerivativeT" value="-0.341991" />
  <attribute name="DerivativeI" value="-0.341991" />
  <attribute name="DerivativeH" value="-0.341991" />
  <attribute name="Loop Time for DT" value="231.000000" />
  <attribute name="Output H" value="4203675648"/>
  <attribute name="Output I" value="200"/>
  <attribute name="Output T" value="16"/>
  <attribute name="Target GC Util Change" value ="80.000000" />
  <attribute name="Current GC Util Change" value="1.000000"/>
  <attribute name="GC Util currently" value="1" />
  <attribute name="CPU Util currently" value="4973502529" />
<allocation-satisfied id="4704" threadId="0000000001842F00" bytesRequested="1168" />
<af-end id="4705" timestamp="2019-08-10T03:39:04.909" threadId="0000000001843888" success="true" from="nursery"/>
<exclusive-end id="4706" timestamp="2019-08-10T03:39:04.909" durationms="1.609" />

<exclusive-start id="4707" timestamp="2019-08-10T03:39:04.919" intervalms="12.117">
  <response-info timems="0.021" idlems="0.021" threads="0" lastid="0000000001842F00" lastname="main" />
</exclusive-start>
<af-start id="4708" threadId="0000000001843888" totalBytesRequested="1168" timestamp="2019-08-10T03:39:04.919" intervalms="12.116" type="nursery" />
<cycle-start id="4709" type="scavenge" contextid="0" timestamp="2019-08-10T03:39:04.919" intervalms="12.115" />
<gc-start id="4710" type="scavenge" contextid="4709" timestamp="2019-08-10T03:39:04.919">
  <mem-info id="4711" free="3967789248" total="4102029312" percent="96">
    <mem type="nursery" free="0" total="110624768" percent="0">
      <mem type="allocate" free="0" total="99549184" percent="0" />
      <mem type="survivor" free="0" total="11075584" percent="0" />
    </mem>
    <mem type="tenure" free="3967789248" total="3991404544" percent="99">
      <mem type="soa" free="3768248512" total="3791835136" percent="99" />
      <mem type="loa" free="199540736" total="199569408" percent="99" />
    </mem>
    <remembered-set count="133" />
  </mem-info>
</gc-start>
<allocation-stats totalBytes="99178040" >
  <allocated-bytes non-tlh="1168" tlh="99176872" />
  <largest-consumer threadName="main" threadId="0000000001842F00" bytes="99178040" />
</allocation-stats>
<gc-op id="4712" type="scavenge" timems="0.972" contextid="4709" timestamp="2019-08-10T03:39:04.920">
  <scavenger-info tenureage="12" tenuremask="f000" tiltratio="89" />
  <memory-copied type="nursery" objects="94" bytes="3704" bytesdiscarded="12424" />
</gc-op>
<heap-resize id="4713" type="expand" space="nursery" amount="5636096" count="1" timems="0.015" reason="excessive time being spent scavenging" timestamp="2019-08-10T03:39:04.921" />
<gc-end id="4714" type="scavenge" contextid="4709" durationms="1.521" usertimems="2.222" systemtimems="0.000" timestamp="2019-08-10T03:39:04.921" activeThreads="16">
  <mem-info id="4715" free="4072368576" total="4107665408" percent="99">
    <mem type="nursery" free="104579328" total="116260864" percent="89">
      <mem type="allocate" free="104579328" total="104595456" percent="99" />
      <mem type="survivor" free="0" total="11665408" percent="0" />
    </mem>
    <mem type="tenure" free="3967789248" total="3991404544" percent="99" macro-fragmented="2592282">
      <mem type="soa" free="3768248512" total="3791835136" percent="99" />
      <mem type="loa" free="199540736" total="199569408" percent="99" />
    </mem>
    <remembered-set count="132" />
  </mem-info>
</gc-end>
<cycle-end id="4716" type="scavenge" contextid="4709" timestamp="2019-08-10T03:39:04.921" />
  <attribute name="elasticGC enabled" value="1" />
  <attribute name= "numThreadsSpecified" value="16" />
  <attribute name="heapSize specified" value="-91291648" />
  <attribute name="Current GC Util" value="17" />
  <attribute name= "Current Time Running" value="145066" />
  <attribute name ="GC Interval" value="200" />
  <attribute name="ProportionalT" value="-31.500000" />
  <attribute name="ProportionalI" value="-31.500000" />
  <attribute name="ProportionalH" value="-31.500000" />
  <attribute name="Current Error" value="-63.000000" />
  <attribute name="IntegralT" value="-409.500000" />
  <attribute name="IntegralI" value="-409.500000" />
  <attribute name="IntegralH" value="-409.500000" />
  <attribute name="DerivativeT" value="-4.846154" />
  <attribute name="DerivativeI" value="-4.846154" />
  <attribute name="DerivativeH" value="-4.846154" />
  <attribute name="Loop Time for DT" value="13.000000" />
  <attribute name="Output H" value="4203675648"/>
  <attribute name="Output I" value="200"/>
  <attribute name="Output T" value="16"/>
  <attribute name="Target GC Util Change" value ="80.000000" />
  <attribute name="Current GC Util Change" value="17.000000"/>
  <attribute name="GC Util currently" value="17" />
  <attribute name="CPU Util currently" value="95132811691" />
<allocation-satisfied id="4717" threadId="0000000001842F00" bytesRequested="1168" />
<af-end id="4718" timestamp="2019-08-10T03:39:04.921" threadId="0000000001843888" success="true" from="nursery"/>
<exclusive-end id="4719" timestamp="2019-08-10T03:39:04.921" durationms="1.754" />

<exclusive-start id="4720" timestamp="2019-08-10T03:39:04.932" intervalms="13.049">
  <response-info timems="0.025" idlems="0.025" threads="0" lastid="0000000001842F00" lastname="main" />
</exclusive-start>
<af-start id="4721" threadId="0000000001843888" totalBytesRequested="1168" timestamp="2019-08-10T03:39:04.932" intervalms="13.050" type="nursery" />
<cycle-start id="4722" type="scavenge" contextid="0" timestamp="2019-08-10T03:39:04.932" intervalms="13.051" />
<gc-start id="4723" type="scavenge" contextid="4722" timestamp="2019-08-10T03:39:04.932">
  <mem-info id="4724" free="3967789248" total="4107665408" percent="96">
    <mem type="nursery" free="0" total="116260864" percent="0">
      <mem type="allocate" free="0" total="104595456" percent="0" />
      <mem type="survivor" free="0" total="11665408" percent="0" />
    </mem>
    <mem type="tenure" free="3967789248" total="3991404544" percent="99">
      <mem type="soa" free="3768248512" total="3791835136" percent="99" />
      <mem type="loa" free="199540736" total="199569408" percent="99" />
    </mem>
    <remembered-set count="132" />
  </mem-info>
</gc-start>
<allocation-stats totalBytes="104233312" >
  <allocated-bytes non-tlh="1168" tlh="104232144" />
  <largest-consumer threadName="main" threadId="0000000001842F00" bytes="104233312" />
</allocation-stats>
<gc-op id="4725" type="scavenge" timems="0.866" contextid="4722" timestamp="2019-08-10T03:39:04.933">
  <scavenger-info tenureage="2" tenuremask="fffc" tiltratio="89" />
  <memory-copied type="nursery" objects="2" bytes="56" bytesdiscarded="32200" />
  <memory-copied type="tenure" objects="92" bytes="3648" bytesdiscarded="0" />
</gc-op>
<gc-end id="4726" type="scavenge" contextid="4722" durationms="1.347" usertimems="2.116" systemtimems="0.000" timestamp="2019-08-10T03:39:04.934" activeThreads="16">
  <mem-info id="4727" free="4072352448" total="4107665408" percent="99">
    <mem type="nursery" free="104563200" total="116260864" percent="89">
      <mem type="allocate" free="104563200" total="104595456" percent="99" />
      <mem type="survivor" free="0" total="11665408" percent="0" />
    </mem>
    <mem type="tenure" free="3967789248" total="3991404544" percent="99" macro-fragmented="0">
      <mem type="soa" free="3768248512" total="3791835136" percent="99" />
      <mem type="loa" free="199540736" total="199569408" percent="99" />
    </mem>
    <remembered-set count="119" />
  </mem-info>
</gc-end>
<cycle-end id="4728" type="scavenge" contextid="4722" timestamp="2019-08-10T03:39:04.934" />
  <attribute name="elasticGC enabled" value="1" />
  <attribute name= "numThreadsSpecified" value="16" />
  <attribute name="heapSize specified" value="-91291648" />
  <attribute name="Current GC Util" value="16" />
  <attribute name= "Current Time Running" value="145079" />
  <attribute name ="GC Interval" value="200" />
  <attribute name="ProportionalT" value="-32.000000" />
  <attribute name="ProportionalI" value="-32.000000" />
  <attribute name="ProportionalH" value="-32.000000" />
  <attribute name="Current Error" value="-64.000000" />
  <attribute name="IntegralT" value="-416.000000" />
  <attribute name="IntegralI" value="-416.000000" />
  <attribute name="IntegralH" value="-416.000000" />
  <attribute name="DerivativeT" value="-4.923077" />
  <attribute name="DerivativeI" value="-4.923077" />
  <attribute name="DerivativeH" value="-4.923077" />
  <attribute name="Loop Time for DT" value="13.000000" />
  <attribute name="Output H" value="4203675648"/>
  <attribute name="Output I" value="200"/>
  <attribute name="Output T" value="16"/>
  <attribute name="Target GC Util Change" value ="80.000000" />
  <attribute name="Current GC Util Change" value="16.000000"/>
  <attribute name="GC Util currently" value="16" />
  <attribute name="CPU Util currently" value="88074745152" />
<allocation-satisfied id="4729" threadId="0000000001842F00" bytesRequested="1168" />
<af-end id="4730" timestamp="2019-08-10T03:39:04.934" threadId="0000000001843888" success="true" from="nursery"/>
<exclusive-end id="4731" timestamp="2019-08-10T03:39:04.934" durationms="1.577" />

<exclusive-start id="4732" timestamp="2019-08-10T03:39:04.946" intervalms="13.299">
  <response-info timems="0.024" idlems="0.024" threads="0" lastid="0000000001842F00" lastname="main" />
</exclusive-start>
<af-start id="4733" threadId="0000000001843888" totalBytesRequested="1168" timestamp="2019-08-10T03:39:04.946" intervalms="13.319" type="nursery" />
<cycle-start id="4734" type="scavenge" contextid="0" timestamp="2019-08-10T03:39:04.946" intervalms="13.331" />
<gc-start id="4735" type="scavenge" contextid="4734" timestamp="2019-08-10T03:39:04.946">
  <mem-info id="4736" free="3967789248" total="4107665408" percent="96">
    <mem type="nursery" free="0" total="116260864" percent="0">
      <mem type="allocate" free="0" total="104595456" percent="0" />
      <mem type="survivor" free="0" total="11665408" percent="0" />
    </mem>
    <mem type="tenure" free="3967789248" total="3991404544" percent="99">
      <mem type="soa" free="3768248512" total="3791835136" percent="99" />
      <mem type="loa" free="199540736" total="199569408" percent="99" />
    </mem>
    <remembered-set count="119" />
  </mem-info>
</gc-start>
<allocation-stats totalBytes="104217272" >
  <allocated-bytes non-tlh="1168" tlh="104216104" />
  <largest-consumer threadName="main" threadId="0000000001842F00" bytes="104217272" />
</allocation-stats>
<gc-op id="4737" type="scavenge" timems="1.108" contextid="4734" timestamp="2019-08-10T03:39:04.948">
  <scavenger-info tenureage="4" tenuremask="ffd0" tiltratio="89" />
  <memory-copied type="nursery" objects="2" bytes="56" bytesdiscarded="32200" />
</gc-op>
<heap-resize id="4738" type="expand" space="nursery" amount="9437184" count="1" timems="0.014" reason="excessive time being spent scavenging" timestamp="2019-08-10T03:39:04.948" />
<gc-end id="4739" type="scavenge" contextid="4734" durationms="2.652" usertimems="3.691" systemtimems="0.000" timestamp="2019-08-10T03:39:04.948" activeThreads="16">
  <mem-info id="4740" free="4080806592" total="4117102592" percent="99">
    <mem type="nursery" free="113017344" total="125698048" percent="89">
      <mem type="allocate" free="113017344" total="113049600" percent="99" />
      <mem type="survivor" free="0" total="12648448" percent="0" />
    </mem>
    <mem type="tenure" free="3967789248" total="3991404544" percent="99" macro-fragmented="0">
      <mem type="soa" free="3768248512" total="3791835136" percent="99" />
      <mem type="loa" free="199540736" total="199569408" percent="99" />
    </mem>
    <remembered-set count="119" />
  </mem-info>
</gc-end>
<cycle-end id="4741" type="scavenge" contextid="4734" timestamp="2019-08-10T03:39:04.948" />
  <attribute name="elasticGC enabled" value="1" />
  <attribute name= "numThreadsSpecified" value="16" />
  <attribute name="heapSize specified" value="-91291648" />
  <attribute name="Current GC Util" value="14" />
  <attribute name= "Current Time Running" value="145093" />
  <attribute name ="GC Interval" value="200" />
  <attribute name="ProportionalT" value="-33.000000" />
  <attribute name="ProportionalI" value="-33.000000" />
  <attribute name="ProportionalH" value="-33.000000" />
  <attribute name="Current Error" value="-66.000000" />
  <attribute name="IntegralT" value="-462.000000" />
  <attribute name="IntegralI" value="-462.000000" />
  <attribute name="IntegralH" value="-462.000000" />
  <attribute name="DerivativeT" value="-4.714286" />
  <attribute name="DerivativeI" value="-4.714286" />
  <attribute name="DerivativeH" value="-4.714286" />
  <attribute name="Loop Time for DT" value="14.000000" />
  <attribute name="Output H" value="4203675648"/>
  <attribute name="Output I" value="200"/>
  <attribute name="Output T" value="16"/>
  <attribute name="Target GC Util Change" value ="80.000000" />
  <attribute name="Current GC Util Change" value="14.000000"/>
  <attribute name="GC Util currently" value="14" />
  <attribute name="CPU Util currently" value="81811549527" />
<allocation-satisfied id="4742" threadId="0000000001842F00" bytesRequested="1168" />
<af-end id="4743" timestamp="2019-08-10T03:39:04.949" threadId="0000000001843888" success="true" from="nursery"/>
<exclusive-end id="4744" timestamp="2019-08-10T03:39:04.949" durationms="2.939" />

<exclusive-start id="4745" timestamp="2019-08-10T03:39:04.961" intervalms="14.915">
  <response-info timems="0.028" idlems="0.028" threads="0" lastid="0000000001842F00" lastname="main" />
</exclusive-start>
<af-start id="4746" threadId="0000000001843888" totalBytesRequested="1168" timestamp="2019-08-10T03:39:04.961" intervalms="14.901" type="nursery" />
<cycle-start id="4747" type="scavenge" contextid="0" timestamp="2019-08-10T03:39:04.961" intervalms="14.889" />
<gc-start id="4748" type="scavenge" contextid="4747" timestamp="2019-08-10T03:39:04.961">
  <mem-info id="4749" free="3967789248" total="4117102592" percent="96">
    <mem type="nursery" free="0" total="125698048" percent="0">
      <mem type="allocate" free="0" total="113049600" percent="0" />
      <mem type="survivor" free="0" total="12648448" percent="0" />
    </mem>
    <mem type="tenure" free="3967789248" total="3991404544" percent="99">
      <mem type="soa" free="3768248512" total="3791835136" percent="99" />
      <mem type="loa" free="199540736" total="199569408" percent="99" />
    </mem>
    <remembered-set count="119" />
  </mem-info>
</gc-start>
<allocation-stats totalBytes="112643744" >
  <allocated-bytes non-tlh="1168" tlh="112642576" />
  <largest-consumer threadName="main" threadId="0000000001842F00" bytes="112643744" />
</allocation-stats>
<gc-op id="4750" type="scavenge" timems="0.946" contextid="4747" timestamp="2019-08-10T03:39:04.962">
  <scavenger-info tenureage="3" tenuremask="fff8" tiltratio="89" />
  <memory-copied type="nursery" objects="2" bytes="56" bytesdiscarded="32200" />
</gc-op>
<gc-end id="4751" type="scavenge" contextid="4747" durationms="1.441" usertimems="2.072" systemtimems="0.000" timestamp="2019-08-10T03:39:04.962" activeThreads="16">
  <mem-info id="4752" free="4080872128" total="4117102592" percent="99">
    <mem type="nursery" free="113082880" total="125698048" percent="89">
      <mem type="allocate" free="113082880" total="113115136" percent="99" />
      <mem type="survivor" free="0" total="12582912" percent="0" />
    </mem>
    <mem type="tenure" free="3967789248" total="3991404544" percent="99" macro-fragmented="0">
      <mem type="soa" free="3768248512" total="3791835136" percent="99" />
      <mem type="loa" free="199540736" total="199569408" percent="99" />
    </mem>
    <remembered-set count="119" />
  </mem-info>
</gc-end>
<cycle-end id="4753" type="scavenge" contextid="4747" timestamp="2019-08-10T03:39:04.962" />
  <attribute name="elasticGC enabled" value="1" />
  <attribute name= "numThreadsSpecified" value="16" />
  <attribute name="heapSize specified" value="-91291648" />
  <attribute name="Current GC Util" value="24" />
  <attribute name= "Current Time Running" value="145107" />
  <attribute name ="GC Interval" value="200" />
  <attribute name="ProportionalT" value="-28.000000" />
  <attribute name="ProportionalI" value="-28.000000" />
  <attribute name="ProportionalH" value="-28.000000" />
  <attribute name="Current Error" value="-56.000000" />
  <attribute name="IntegralT" value="-392.000000" />
  <attribute name="IntegralI" value="-392.000000" />
  <attribute name="IntegralH" value="-392.000000" />
  <attribute name="DerivativeT" value="-4.000000" />
  <attribute name="DerivativeI" value="-4.000000" />
  <attribute name="DerivativeH" value="-4.000000" />
  <attribute name="Loop Time for DT" value="14.000000" />
  <attribute name="Output H" value="4203675648"/>
  <attribute name="Output I" value="200"/>
  <attribute name="Output T" value="16"/>
  <attribute name="Target GC Util Change" value ="80.000000" />
  <attribute name="Current GC Util Change" value="24.000000"/>
  <attribute name="GC Util currently" value="24" />
  <attribute name="CPU Util currently" value="81484867738" />
<allocation-satisfied id="4754" threadId="0000000001842F00" bytesRequested="1168" />
<af-end id="4755" timestamp="2019-08-10T03:39:04.962" threadId="0000000001843888" success="true" from="nursery"/>
<exclusive-end id="4756" timestamp="2019-08-10T03:39:04.962" durationms="1.732" />

<exclusive-start id="4757" timestamp="2019-08-10T03:39:04.982" intervalms="21.523">
  <response-info timems="0.031" idlems="0.031" threads="0" lastid="0000000001842F00" lastname="main" />
</exclusive-start>
<af-start id="4758" threadId="0000000001843888" totalBytesRequested="1168" timestamp="2019-08-10T03:39:04.982" intervalms="21.534" type="nursery" />
<cycle-start id="4759" type="scavenge" contextid="0" timestamp="2019-08-10T03:39:04.982" intervalms="21.539" />
<gc-start id="4760" type="scavenge" contextid="4759" timestamp="2019-08-10T03:39:04.982">
  <mem-info id="4761" free="3967789248" total="4117102592" percent="96">
    <mem type="nursery" free="0" total="125698048" percent="0">
      <mem type="allocate" free="0" total="113115136" percent="0" />
      <mem type="survivor" free="0" total="12582912" percent="0" />
    </mem>
    <mem type="tenure" free="3967789248" total="3991404544" percent="99">
      <mem type="soa" free="3768248512" total="3791835136" percent="99" />
      <mem type="loa" free="199540736" total="199569408" percent="99" />
    </mem>
    <remembered-set count="119" />
  </mem-info>
</gc-start>
<allocation-stats totalBytes="112709064" >
  <allocated-bytes non-tlh="1168" tlh="112707896" />
  <largest-consumer threadName="main" threadId="0000000001842F00" bytes="112709064" />
</allocation-stats>
<gc-op id="4762" type="scavenge" timems="1.198" contextid="4759" timestamp="2019-08-10T03:39:04.983">
  <scavenger-info tenureage="3" tenuremask="fff8" tiltratio="89" />
  <memory-copied type="nursery" objects="2" bytes="56" bytesdiscarded="32200" />
</gc-op>
<gc-end id="4763" type="scavenge" contextid="4759" durationms="1.724" usertimems="2.869" systemtimems="0.000" timestamp="2019-08-10T03:39:04.984" activeThreads="16">
  <mem-info id="4764" free="4080872128" total="4117102592" percent="99">
    <mem type="nursery" free="113082880" total="125698048" percent="89">
      <mem type="allocate" free="113082880" total="113115136" percent="99" />
      <mem type="survivor" free="0" total="12582912" percent="0" />
    </mem>
    <mem type="tenure" free="3967789248" total="3991404544" percent="99" macro-fragmented="0">
      <mem type="soa" free="3768248512" total="3791835136" percent="99" />
      <mem type="loa" free="199540736" total="199569408" percent="99" />
    </mem>
    <remembered-set count="119" />
  </mem-info>
</gc-end>
<cycle-end id="4765" type="scavenge" contextid="4759" timestamp="2019-08-10T03:39:04.984" />
  <attribute name="elasticGC enabled" value="1" />
  <attribute name= "numThreadsSpecified" value="16" />
  <attribute name="heapSize specified" value="-91291648" />
  <attribute name="Current GC Util" value="9" />
  <attribute name= "Current Time Running" value="145128" />
  <attribute name ="GC Interval" value="200" />
  <attribute name="ProportionalT" value="-35.500000" />
  <attribute name="ProportionalI" value="-35.500000" />
  <attribute name="ProportionalH" value="-35.500000" />
  <attribute name="Current Error" value="-71.000000" />
  <attribute name="IntegralT" value="-745.500000" />
  <attribute name="IntegralI" value="-745.500000" />
  <attribute name="IntegralH" value="-745.500000" />
  <attribute name="DerivativeT" value="-3.380952" />
  <attribute name="DerivativeI" value="-3.380952" />
  <attribute name="DerivativeH" value="-3.380952" />
  <attribute name="Loop Time for DT" value="21.000000" />
  <attribute name="Output H" value="4203675648"/>
  <attribute name="Output I" value="200"/>
  <attribute name="Output T" value="16"/>
  <attribute name="Target GC Util Change" value ="80.000000" />
  <attribute name="Current GC Util Change" value="9.000000"/>
  <attribute name="GC Util currently" value="9" />
  <attribute name="CPU Util currently" value="53434099526" />
<allocation-satisfied id="4766" threadId="0000000001842F00" bytesRequested="1168" />
<af-end id="4767" timestamp="2019-08-10T03:39:04.984" threadId="0000000001843888" success="true" from="nursery"/>
<exclusive-end id="4768" timestamp="2019-08-10T03:39:04.984" durationms="2.045" />

<exclusive-start id="4769" timestamp="2019-08-10T03:39:05.002" intervalms="19.770">
  <response-info timems="0.028" idlems="0.028" threads="0" lastid="0000000001842F00" lastname="main" />
</exclusive-start>
<af-start id="4770" threadId="0000000001843888" totalBytesRequested="1168" timestamp="2019-08-10T03:39:05.002" intervalms="19.808" type="nursery" />
<cycle-start id="4771" type="scavenge" contextid="0" timestamp="2019-08-10T03:39:05.002" intervalms="19.813" />
<gc-start id="4772" type="scavenge" contextid="4771" timestamp="2019-08-10T03:39:05.002">
  <mem-info id="4773" free="3967789248" total="4117102592" percent="96">
    <mem type="nursery" free="0" total="125698048" percent="0">
      <mem type="allocate" free="0" total="113115136" percent="0" />
      <mem type="survivor" free="0" total="12582912" percent="0" />
    </mem>
    <mem type="tenure" free="3967789248" total="3991404544" percent="99">
      <mem type="soa" free="3768248512" total="3791835136" percent="99" />
      <mem type="loa" free="199540736" total="199569408" percent="99" />
    </mem>
    <remembered-set count="124" />
  </mem-info>
</gc-start>
<allocation-stats totalBytes="112579072" >
  <allocated-bytes non-tlh="1168" tlh="112577904" />
  <largest-consumer threadName="main" threadId="0000000001842F00" bytes="112579072" />
</allocation-stats>
<gc-op id="4774" type="scavenge" timems="0.935" contextid="4771" timestamp="2019-08-10T03:39:05.003">
  <scavenger-info tenureage="3" tenuremask="fff8" tiltratio="89" />
  <memory-copied type="nursery" objects="27" bytes="1944" bytesdiscarded="30312" />
</gc-op>
<gc-end id="4775" type="scavenge" contextid="4771" durationms="1.380" usertimems="2.303" systemtimems="0.000" timestamp="2019-08-10T03:39:05.003" activeThreads="16">
  <mem-info id="4776" free="4080872128" total="4117102592" percent="99">
    <mem type="nursery" free="113082880" total="125698048" percent="89">
      <mem type="allocate" free="113082880" total="113115136" percent="99" />
      <mem type="survivor" free="0" total="12582912" percent="0" />
    </mem>
    <mem type="tenure" free="3967789248" total="3991404544" percent="99" macro-fragmented="0">
      <mem type="soa" free="3768248512" total="3791835136" percent="99" />
      <mem type="loa" free="199540736" total="199569408" percent="99" />
    </mem>
    <remembered-set count="124" />
  </mem-info>
</gc-end>
<cycle-end id="4777" type="scavenge" contextid="4771" timestamp="2019-08-10T03:39:05.003" />
  <attribute name="elasticGC enabled" value="1" />
  <attribute name= "numThreadsSpecified" value="16" />
  <attribute name="heapSize specified" value="-91291648" />
  <attribute name="Current GC Util" value="14" />
  <attribute name= "Current Time Running" value="145148" />
  <attribute name ="GC Interval" value="200" />
  <attribute name="ProportionalT" value="-33.000000" />
  <attribute name="ProportionalI" value="-33.000000" />
  <attribute name="ProportionalH" value="-33.000000" />
  <attribute name="Current Error" value="-66.000000" />
  <attribute name="IntegralT" value="-660.000000" />
  <attribute name="IntegralI" value="-660.000000" />
  <attribute name="IntegralH" value="-660.000000" />
  <attribute name="DerivativeT" value="-3.300000" />
  <attribute name="DerivativeI" value="-3.300000" />
  <attribute name="DerivativeH" value="-3.300000" />
  <attribute name="Loop Time for DT" value="20.000000" />
  <attribute name="Output H" value="4203675648"/>
  <attribute name="Output I" value="200"/>
  <attribute name="Output T" value="16"/>
  <attribute name="Target GC Util Change" value ="80.000000" />
  <attribute name="Current GC Util Change" value="14.000000"/>
  <attribute name="GC Util currently" value="14" />
  <attribute name="CPU Util currently" value="58393594245" />
<allocation-satisfied id="4778" threadId="0000000001842F00" bytesRequested="1168" />
<af-end id="4779" timestamp="2019-08-10T03:39:05.004" threadId="0000000001843888" success="true" from="nursery"/>
<exclusive-end id="4780" timestamp="2019-08-10T03:39:05.004" durationms="1.718" />

<exclusive-start id="4781" timestamp="2019-08-10T03:39:05.021" intervalms="18.780">
  <response-info timems="0.019" idlems="0.019" threads="0" lastid="0000000001842F00" lastname="main" />
</exclusive-start>
<af-start id="4782" threadId="0000000001843888" totalBytesRequested="1168" timestamp="2019-08-10T03:39:05.021" intervalms="18.742" type="nursery" />
<cycle-start id="4783" type="scavenge" contextid="0" timestamp="2019-08-10T03:39:05.021" intervalms="18.824" />
<gc-start id="4784" type="scavenge" contextid="4783" timestamp="2019-08-10T03:39:05.021">
  <mem-info id="4785" free="3967789248" total="4117102592" percent="96">
    <mem type="nursery" free="0" total="125698048" percent="0">
      <mem type="allocate" free="0" total="113115136" percent="0" />
      <mem type="survivor" free="0" total="12582912" percent="0" />
    </mem>
    <mem type="tenure" free="3967789248" total="3991404544" percent="99">
      <mem type="soa" free="3768248512" total="3791835136" percent="99" />
      <mem type="loa" free="199540736" total="199569408" percent="99" />
    </mem>
    <remembered-set count="124" />
  </mem-info>
</gc-start>
<allocation-stats totalBytes="112368296" >
  <allocated-bytes non-tlh="1168" tlh="112367128" />
  <largest-consumer threadName="main" threadId="0000000001842F00" bytes="112368296" />
</allocation-stats>
<gc-op id="4786" type="scavenge" timems="1.733" contextid="4783" timestamp="2019-08-10T03:39:05.023">
  <scavenger-info tenureage="3" tenuremask="fff8" tiltratio="89" />
  <memory-copied type="nursery" objects="28" bytes="1968" bytesdiscarded="30288" />
</gc-op>
<heap-resize id="4787" type="expand" space="nursery" amount="7864320" count="1" timems="0.015" reason="excessive time being spent scavenging" timestamp="2019-08-10T03:39:05.023" />
<gc-end id="4788" type="scavenge" contextid="4783" durationms="2.411" usertimems="2.880" systemtimems="0.000" timestamp="2019-08-10T03:39:05.023" activeThreads="16">
  <mem-info id="4789" free="4087950016" total="4124966912" percent="99">
    <mem type="nursery" free="120160768" total="133562368" percent="89">
      <mem type="allocate" free="120160768" total="120193024" percent="99" />
      <mem type="survivor" free="0" total="13369344" percent="0" />
    </mem>
    <mem type="tenure" free="3967789248" total="3991404544" percent="99" macro-fragmented="0">
      <mem type="soa" free="3768248512" total="3791835136" percent="99" />
      <mem type="loa" free="199540736" total="199569408" percent="99" />
    </mem>
    <remembered-set count="114" />
  </mem-info>
</gc-end>
<cycle-end id="4790" type="scavenge" contextid="4783" timestamp="2019-08-10T03:39:05.023" />
  <attribute name="elasticGC enabled" value="1" />
  <attribute name= "numThreadsSpecified" value="16" />
  <attribute name="heapSize specified" value="-91291648" />
  <attribute name="Current GC Util" value="12" />
  <attribute name= "Current Time Running" value="145167" />
  <attribute name ="GC Interval" value="200" />
  <attribute name="ProportionalT" value="-34.000000" />
  <attribute name="ProportionalI" value="-34.000000" />
  <attribute name="ProportionalH" value="-34.000000" />
  <attribute name="Current Error" value="-68.000000" />
  <attribute name="IntegralT" value="-646.000000" />
  <attribute name="IntegralI" value="-646.000000" />
  <attribute name="IntegralH" value="-646.000000" />
  <attribute name="DerivativeT" value="-3.578947" />
  <attribute name="DerivativeI" value="-3.578947" />
  <attribute name="DerivativeH" value="-3.578947" />
  <attribute name="Loop Time for DT" value="19.000000" />
  <attribute name="Output H" value="4203675648"/>
  <attribute name="Output I" value="200"/>
  <attribute name="Output T" value="16"/>
  <attribute name="Target GC Util Change" value ="80.000000" />
  <attribute name="Current GC Util Change" value="12.000000"/>
  <attribute name="GC Util currently" value="12" />
  <attribute name="CPU Util currently" value="61106388729" />
<allocation-satisfied id="4791" threadId="0000000001842F00" bytesRequested="1168" />
<af-end id="4792" timestamp="2019-08-10T03:39:05.023" threadId="0000000001843888" success="true" from="nursery"/>
<exclusive-end id="4793" timestamp="2019-08-10T03:39:05.023" durationms="2.872" />

<exclusive-start id="4794" timestamp="2019-08-10T03:39:05.043" intervalms="22.074">
  <response-info timems="0.028" idlems="0.028" threads="0" lastid="0000000001842F00" lastname="main" />
</exclusive-start>
<af-start id="4795" threadId="0000000001843888" totalBytesRequested="1168" timestamp="2019-08-10T03:39:05.043" intervalms="22.123" type="nursery" />
<cycle-start id="4796" type="scavenge" contextid="0" timestamp="2019-08-10T03:39:05.043" intervalms="22.103" />
<gc-start id="4797" type="scavenge" contextid="4796" timestamp="2019-08-10T03:39:05.043">
  <mem-info id="4798" free="3967789248" total="4124966912" percent="96">
    <mem type="nursery" free="0" total="133562368" percent="0">
      <mem type="allocate" free="0" total="120193024" percent="0" />
      <mem type="survivor" free="0" total="13369344" percent="0" />
    </mem>
    <mem type="tenure" free="3967789248" total="3991404544" percent="99">
      <mem type="soa" free="3768248512" total="3791835136" percent="99" />
      <mem type="loa" free="199540736" total="199569408" percent="99" />
    </mem>
    <remembered-set count="114" />
  </mem-info>
</gc-start>
<allocation-stats totalBytes="119407360" >
  <allocated-bytes non-tlh="1168" tlh="119406192" />
  <largest-consumer threadName="main" threadId="0000000001842F00" bytes="119407360" />
</allocation-stats>
<gc-op id="4799" type="scavenge" timems="0.991" contextid="4796" timestamp="2019-08-10T03:39:05.044">
  <scavenger-info tenureage="3" tenuremask="fff8" tiltratio="89" />
  <memory-copied type="nursery" objects="28" bytes="1968" bytesdiscarded="30288" />
</gc-op>
<gc-end id="4800" type="scavenge" contextid="4796" durationms="1.453" usertimems="2.323" systemtimems="0.000" timestamp="2019-08-10T03:39:05.044" activeThreads="16">
  <mem-info id="4801" free="4087950016" total="4124966912" percent="99">
    <mem type="nursery" free="120160768" total="133562368" percent="89">
      <mem type="allocate" free="120160768" total="120193024" percent="99" />
      <mem type="survivor" free="0" total="13369344" percent="0" />
    </mem>
    <mem type="tenure" free="3967789248" total="3991404544" percent="99" macro-fragmented="0">
      <mem type="soa" free="3768248512" total="3791835136" percent="99" />
      <mem type="loa" free="199540736" total="199569408" percent="99" />
    </mem>
    <remembered-set count="114" />
  </mem-info>
</gc-end>
<cycle-end id="4802" type="scavenge" contextid="4796" timestamp="2019-08-10T03:39:05.044" />
  <attribute name="elasticGC enabled" value="1" />
  <attribute name= "numThreadsSpecified" value="16" />
  <attribute name="heapSize specified" value="-91291648" />
  <attribute name="Current GC Util" value="13" />
  <attribute name= "Current Time Running" value="145189" />
  <attribute name ="GC Interval" value="200" />
  <attribute name="ProportionalT" value="-33.500000" />
  <attribute name="ProportionalI" value="-33.500000" />
  <attribute name="ProportionalH" value="-33.500000" />
  <attribute name="Current Error" value="-67.000000" />
  <attribute name="IntegralT" value="-737.000000" />
  <attribute name="IntegralI" value="-737.000000" />
  <attribute name="IntegralH" value="-737.000000" />
  <attribute name="DerivativeT" value="-3.045455" />
  <attribute name="DerivativeI" value="-3.045455" />
  <attribute name="DerivativeH" value="-3.045455" />
  <attribute name="Loop Time for DT" value="22.000000" />
  <attribute name="Output H" value="4203675648"/>
  <attribute name="Output I" value="200"/>
  <attribute name="Output T" value="16"/>
  <attribute name="Target GC Util Change" value ="80.000000" />
  <attribute name="Current GC Util Change" value="13.000000"/>
  <attribute name="GC Util currently" value="13" />
  <attribute name="CPU Util currently" value="52278160773" />
<allocation-satisfied id="4803" threadId="0000000001842F00" bytesRequested="1168" />
<af-end id="4804" timestamp="2019-08-10T03:39:05.045" threadId="0000000001843888" success="true" from="nursery"/>
<exclusive-end id="4805" timestamp="2019-08-10T03:39:05.045" durationms="1.867" />

<exclusive-start id="4806" timestamp="2019-08-10T03:39:05.083" intervalms="40.179">
  <response-info timems="0.025" idlems="0.025" threads="0" lastid="0000000001842F00" lastname="main" />
</exclusive-start>
<af-start id="4807" threadId="0000000001843888" totalBytesRequested="80" timestamp="2019-08-10T03:39:05.083" intervalms="40.121" type="nursery" />
<cycle-start id="4808" type="scavenge" contextid="0" timestamp="2019-08-10T03:39:05.083" intervalms="40.073" />
<gc-start id="4809" type="scavenge" contextid="4808" timestamp="2019-08-10T03:39:05.083">
  <mem-info id="4810" free="3967789248" total="4124966912" percent="96">
    <mem type="nursery" free="0" total="133562368" percent="0">
      <mem type="allocate" free="0" total="120193024" percent="0" />
      <mem type="survivor" free="0" total="13369344" percent="0" />
    </mem>
    <mem type="tenure" free="3967789248" total="3991404544" percent="99">
      <mem type="soa" free="3768248512" total="3791835136" percent="99" />
      <mem type="loa" free="199540736" total="199569408" percent="99" />
    </mem>
    <remembered-set count="116" />
  </mem-info>
</gc-start>
<allocation-stats totalBytes="120134320" >
  <allocated-bytes non-tlh="1168" tlh="120133152" />
  <largest-consumer threadName="main" threadId="0000000001842F00" bytes="120134320" />
</allocation-stats>
<gc-op id="4811" type="scavenge" timems="1.233" contextid="4808" timestamp="2019-08-10T03:39:05.084">
  <scavenger-info tenureage="3" tenuremask="fff8" tiltratio="89" />
  <memory-copied type="nursery" objects="154" bytes="5088" bytesdiscarded="27168" />
  <memory-copied type="tenure" objects="7" bytes="168" bytesdiscarded="0" />
</gc-op>
<gc-end id="4812" type="scavenge" contextid="4808" durationms="1.683" usertimems="2.741" systemtimems="0.000" timestamp="2019-08-10T03:39:05.085" activeThreads="16">
  <mem-info id="4813" free="4087950016" total="4124966912" percent="99">
    <mem type="nursery" free="120160768" total="133562368" percent="89">
      <mem type="allocate" free="120160768" total="120193024" percent="99" />
      <mem type="survivor" free="0" total="13369344" percent="0" />
    </mem>
    <mem type="tenure" free="3967789248" total="3991404544" percent="99" macro-fragmented="0">
      <mem type="soa" free="3768248512" total="3791835136" percent="99" />
      <mem type="loa" free="199540736" total="199569408" percent="99" />
    </mem>
    <remembered-set count="112" />
  </mem-info>
</gc-end>
<cycle-end id="4814" type="scavenge" contextid="4808" timestamp="2019-08-10T03:39:05.085" />
  <attribute name="elasticGC enabled" value="1" />
  <attribute name= "numThreadsSpecified" value="16" />
  <attribute name="heapSize specified" value="-91291648" />
  <attribute name="Current GC Util" value="5" />
  <attribute name= "Current Time Running" value="145229" />
  <attribute name ="GC Interval" value="200" />
  <attribute name="ProportionalT" value="-37.500000" />
  <attribute name="ProportionalI" value="-37.500000" />
  <attribute name="ProportionalH" value="-37.500000" />
  <attribute name="Current Error" value="-75.000000" />
  <attribute name="IntegralT" value="-1500.000000" />
  <attribute name="IntegralI" value="-1500.000000" />
  <attribute name="IntegralH" value="-1500.000000" />
  <attribute name="DerivativeT" value="-1.875000" />
  <attribute name="DerivativeI" value="-1.875000" />
  <attribute name="DerivativeH" value="-1.875000" />
  <attribute name="Loop Time for DT" value="40.000000" />
  <attribute name="Output H" value="4203675648"/>
  <attribute name="Output I" value="200"/>
  <attribute name="Output T" value="16"/>
  <attribute name="Target GC Util Change" value ="80.000000" />
  <attribute name="Current GC Util Change" value="5.000000"/>
  <attribute name="GC Util currently" value="5" />
  <attribute name="CPU Util currently" value="28783128721" />
<allocation-satisfied id="4815" threadId="0000000001842F00" bytesRequested="80" />
<af-end id="4816" timestamp="2019-08-10T03:39:05.085" threadId="0000000001843888" success="true" from="nursery"/>
<exclusive-end id="4817" timestamp="2019-08-10T03:39:05.085" durationms="1.965" />

<exclusive-start id="4818" timestamp="2019-08-10T03:39:05.166" intervalms="83.584">
  <response-info timems="0.022" idlems="0.022" threads="0" lastid="0000000001842F00" lastname="main" />
</exclusive-start>
<af-start id="4819" threadId="0000000001843888" totalBytesRequested="168" timestamp="2019-08-10T03:39:05.166" intervalms="83.579" type="nursery" />
<cycle-start id="4820" type="scavenge" contextid="0" timestamp="2019-08-10T03:39:05.166" intervalms="83.560" />
<gc-start id="4821" type="scavenge" contextid="4820" timestamp="2019-08-10T03:39:05.167">
  <mem-info id="4822" free="3967789248" total="4124966912" percent="96">
    <mem type="nursery" free="0" total="133562368" percent="0">
      <mem type="allocate" free="0" total="120193024" percent="0" />
      <mem type="survivor" free="0" total="13369344" percent="0" />
    </mem>
    <mem type="tenure" free="3967789248" total="3991404544" percent="99">
      <mem type="soa" free="3768248512" total="3791835136" percent="99" />
      <mem type="loa" free="199540736" total="199569408" percent="99" />
    </mem>
    <remembered-set count="120" />
  </mem-info>
</gc-start>
<allocation-stats totalBytes="120126608" >
  <allocated-bytes non-tlh="80" tlh="120126528" />
  <largest-consumer threadName="main" threadId="0000000001842F00" bytes="120126608" />
</allocation-stats>
<gc-op id="4823" type="scavenge" timems="1.527" contextid="4820" timestamp="2019-08-10T03:39:05.168">
  <scavenger-info tenureage="3" tenuremask="ffe8" tiltratio="89" />
  <memory-copied type="nursery" objects="80" bytes="2440" bytesdiscarded="53576" />
  <references type="weak" candidates="39" cleared="7" enqueued="3" />
</gc-op>
<gc-end id="4824" type="scavenge" contextid="4820" durationms="2.049" usertimems="3.232" systemtimems="0.000" timestamp="2019-08-10T03:39:05.169" activeThreads="16">
  <mem-info id="4825" free="4087926208" total="4124966912" percent="99">
    <mem type="nursery" free="120136960" total="133562368" percent="89">
      <mem type="allocate" free="120136960" total="120193024" percent="99" />
      <mem type="survivor" free="0" total="13369344" percent="0" />
    </mem>
    <mem type="tenure" free="3967789248" total="3991404544" percent="99" macro-fragmented="0">
      <mem type="soa" free="3768248512" total="3791835136" percent="99" />
      <mem type="loa" free="199540736" total="199569408" percent="99" />
    </mem>
    <pending-finalizers system="0" default="0" reference="3" classloader="0" />
    <remembered-set count="120" />
  </mem-info>
</gc-end>
<cycle-end id="4826" type="scavenge" contextid="4820" timestamp="2019-08-10T03:39:05.169" />
  <attribute name="elasticGC enabled" value="1" />
  <attribute name= "numThreadsSpecified" value="16" />
  <attribute name="heapSize specified" value="-91291648" />
  <attribute name="Current GC Util" value="3" />
  <attribute name= "Current Time Running" value="145313" />
  <attribute name ="GC Interval" value="200" />
  <attribute name="ProportionalT" value="-38.500000" />
  <attribute name="ProportionalI" value="-38.500000" />
  <attribute name="ProportionalH" value="-38.500000" />
  <attribute name="Current Error" value="-77.000000" />
  <attribute name="IntegralT" value="-3234.000000" />
  <attribute name="IntegralI" value="-3234.000000" />
  <attribute name="IntegralH" value="-3234.000000" />
  <attribute name="DerivativeT" value="-0.916667" />
  <attribute name="DerivativeI" value="-0.916667" />
  <attribute name="DerivativeH" value="-0.916667" />
  <attribute name="Loop Time for DT" value="84.000000" />
  <attribute name="Output H" value="4203675648"/>
  <attribute name="Output I" value="200"/>
  <attribute name="Output T" value="16"/>
  <attribute name="Target GC Util Change" value ="80.000000" />
  <attribute name="Current GC Util Change" value="3.000000"/>
  <attribute name="GC Util currently" value="3" />
  <attribute name="CPU Util currently" value="13795830709" />
<allocation-satisfied id="4827" threadId="0000000001842F00" bytesRequested="168" />
<af-end id="4828" timestamp="2019-08-10T03:39:05.169" threadId="0000000001843888" success="true" from="nursery"/>
<exclusive-end id="4829" timestamp="2019-08-10T03:39:05.169" durationms="2.651" />

<exclusive-start id="4830" timestamp="2019-08-10T03:39:05.191" intervalms="24.260">
  <response-info timems="0.021" idlems="0.021" threads="0" lastid="0000000001842F00" lastname="main" />
</exclusive-start>
<af-start id="4831" threadId="0000000001843888" totalBytesRequested="16" timestamp="2019-08-10T03:39:05.191" intervalms="24.265" type="nursery" />
<cycle-start id="4832" type="scavenge" contextid="0" timestamp="2019-08-10T03:39:05.191" intervalms="24.268" />
<gc-start id="4833" type="scavenge" contextid="4832" timestamp="2019-08-10T03:39:05.191">
  <mem-info id="4834" free="3967789248" total="4124966912" percent="96">
    <mem type="nursery" free="0" total="133562368" percent="0">
      <mem type="allocate" free="0" total="120193024" percent="0" />
      <mem type="survivor" free="0" total="13369344" percent="0" />
    </mem>
    <mem type="tenure" free="3967789248" total="3991404544" percent="99">
      <mem type="soa" free="3768248512" total="3791835136" percent="99" />
      <mem type="loa" free="199540736" total="199569408" percent="99" />
    </mem>
    <remembered-set count="121" />
  </mem-info>
</gc-start>
<allocation-stats totalBytes="120075800" >
  <allocated-bytes non-tlh="168" tlh="120075632" />
  <largest-consumer threadName="main" threadId="0000000001842F00" bytes="120075800" />
</allocation-stats>
<gc-op id="4835" type="scavenge" timems="0.772" contextid="4832" timestamp="2019-08-10T03:39:05.192">
  <scavenger-info tenureage="3" tenuremask="fff8" tiltratio="89" />
  <memory-copied type="nursery" objects="82" bytes="2816" bytesdiscarded="85504" />
  <references type="weak" candidates="32" cleared="0" enqueued="0" />
</gc-op>
<gc-end id="4836" type="scavenge" contextid="4832" durationms="1.292" usertimems="2.278" systemtimems="0.000" timestamp="2019-08-10T03:39:05.192" activeThreads="16">
  <mem-info id="4837" free="4087893952" total="4124966912" percent="99">
    <mem type="nursery" free="120104704" total="133562368" percent="89">
      <mem type="allocate" free="120104704" total="120193024" percent="99" />
      <mem type="survivor" free="0" total="13369344" percent="0" />
    </mem>
    <mem type="tenure" free="3967789248" total="3991404544" percent="99" macro-fragmented="0">
      <mem type="soa" free="3768248512" total="3791835136" percent="99" />
      <mem type="loa" free="199540736" total="199569408" percent="99" />
    </mem>
    <remembered-set count="121" />
  </mem-info>
</gc-end>
<cycle-end id="4838" type="scavenge" contextid="4832" timestamp="2019-08-10T03:39:05.192" />
  <attribute name="elasticGC enabled" value="1" />
  <attribute name= "numThreadsSpecified" value="16" />
  <attribute name="heapSize specified" value="-91291648" />
  <attribute name="Current GC Util" value="13" />
  <attribute name= "Current Time Running" value="145337" />
  <attribute name ="GC Interval" value="200" />
  <attribute name="ProportionalT" value="-33.500000" />
  <attribute name="ProportionalI" value="-33.500000" />
  <attribute name="ProportionalH" value="-33.500000" />
  <attribute name="Current Error" value="-67.000000" />
  <attribute name="IntegralT" value="-804.000000" />
  <attribute name="IntegralI" value="-804.000000" />
  <attribute name="IntegralH" value="-804.000000" />
  <attribute name="DerivativeT" value="-2.791667" />
  <attribute name="DerivativeI" value="-2.791667" />
  <attribute name="DerivativeH" value="-2.791667" />
  <attribute name="Loop Time for DT" value="24.000000" />
  <attribute name="Output H" value="4203675648"/>
  <attribute name="Output I" value="200"/>
  <attribute name="Output T" value="16"/>
  <attribute name="Target GC Util Change" value ="80.000000" />
  <attribute name="Current GC Util Change" value="13.000000"/>
  <attribute name="GC Util currently" value="13" />
  <attribute name="CPU Util currently" value="47491943210" />
<allocation-satisfied id="4839" threadId="0000000001842F00" bytesRequested="16" />
<af-end id="4840" timestamp="2019-08-10T03:39:05.192" threadId="0000000001843888" success="true" from="nursery"/>
<exclusive-end id="4841" timestamp="2019-08-10T03:39:05.192" durationms="1.581" />

<exclusive-start id="4842" timestamp="2019-08-10T03:39:05.217" intervalms="26.114">
  <response-info timems="0.025" idlems="0.025" threads="0" lastid="0000000001842F00" lastname="main" />
</exclusive-start>
<af-start id="4843" threadId="0000000001843888" totalBytesRequested="16" timestamp="2019-08-10T03:39:05.217" intervalms="26.188" type="nursery" />
<cycle-start id="4844" type="scavenge" contextid="0" timestamp="2019-08-10T03:39:05.217" intervalms="26.197" />
<gc-start id="4845" type="scavenge" contextid="4844" timestamp="2019-08-10T03:39:05.217">
  <mem-info id="4846" free="3967789248" total="4124966912" percent="96">
    <mem type="nursery" free="0" total="133562368" percent="0">
      <mem type="allocate" free="0" total="120193024" percent="0" />
      <mem type="survivor" free="0" total="13369344" percent="0" />
    </mem>
    <mem type="tenure" free="3967789248" total="3991404544" percent="99">
      <mem type="soa" free="3768248512" total="3791835136" percent="99" />
      <mem type="loa" free="199540736" total="199569408" percent="99" />
    </mem>
    <remembered-set count="123" />
  </mem-info>
</gc-start>
<allocation-stats totalBytes="120024552" >
  <allocated-bytes non-tlh="16" tlh="120024536" />
  <largest-consumer threadName="main" threadId="0000000001842F00" bytes="120024552" />
</allocation-stats>
<gc-op id="4847" type="scavenge" timems="1.603" contextid="4844" timestamp="2019-08-10T03:39:05.219">
  <scavenger-info tenureage="3" tenuremask="fff8" tiltratio="89" />
  <memory-copied type="nursery" objects="81" bytes="2736" bytesdiscarded="69456" />
  <memory-copied type="tenure" objects="6" bytes="144" bytesdiscarded="0" />
  <references type="weak" candidates="32" cleared="0" enqueued="0" />
</gc-op>
<heap-resize id="4848" type="expand" space="nursery" amount="5111808" count="1" timems="0.015" reason="excessive time being spent scavenging" timestamp="2019-08-10T03:39:05.219" />
<gc-end id="4849" type="scavenge" contextid="4844" durationms="2.453" usertimems="3.434" systemtimems="0.000" timestamp="2019-08-10T03:39:05.220" activeThreads="16">
  <mem-info id="4850" free="4092497600" total="4130078720" percent="99">
    <mem type="nursery" free="124708352" total="138674176" percent="89">
      <mem type="allocate" free="124708352" total="124780544" percent="99" />
      <mem type="survivor" free="0" total="13893632" percent="0" />
    </mem>
    <mem type="tenure" free="3967789248" total="3991404544" percent="99" macro-fragmented="0">
      <mem type="soa" free="3768248512" total="3791835136" percent="99" />
      <mem type="loa" free="199540736" total="199569408" percent="99" />
    </mem>
    <remembered-set count="121" />
  </mem-info>
</gc-end>
<cycle-end id="4851" type="scavenge" contextid="4844" timestamp="2019-08-10T03:39:05.220" />
  <attribute name="elasticGC enabled" value="1" />
  <attribute name= "numThreadsSpecified" value="16" />
  <attribute name="heapSize specified" value="-91291648" />
  <attribute name="Current GC Util" value="8" />
  <attribute name= "Current Time Running" value="145363" />
  <attribute name ="GC Interval" value="200" />
  <attribute name="ProportionalT" value="-36.000000" />
  <attribute name="ProportionalI" value="-36.000000" />
  <attribute name="ProportionalH" value="-36.000000" />
  <attribute name="Current Error" value="-72.000000" />
  <attribute name="IntegralT" value="-936.000000" />
  <attribute name="IntegralI" value="-936.000000" />
  <attribute name="IntegralH" value="-936.000000" />
  <attribute name="DerivativeT" value="-2.769231" />
  <attribute name="DerivativeI" value="-2.769231" />
  <attribute name="DerivativeH" value="-2.769231" />
  <attribute name="Loop Time for DT" value="26.000000" />
  <attribute name="Output H" value="4203675648"/>
  <attribute name="Output I" value="200"/>
  <attribute name="Output T" value="16"/>
  <attribute name="Target GC Util Change" value ="80.000000" />
  <attribute name="Current GC Util Change" value="8.000000"/>
  <attribute name="GC Util currently" value="8" />
  <attribute name="CPU Util currently" value="43931551340" />
<allocation-satisfied id="4852" threadId="0000000001842F00" bytesRequested="16" />
<af-end id="4853" timestamp="2019-08-10T03:39:05.220" threadId="0000000001843888" success="true" from="nursery"/>
<exclusive-end id="4854" timestamp="2019-08-10T03:39:05.220" durationms="2.904" />

<exclusive-start id="4855" timestamp="2019-08-10T03:39:05.470" intervalms="253.097">
  <response-info timems="0.029" idlems="0.029" threads="0" lastid="0000000001842F00" lastname="main" />
</exclusive-start>
<af-start id="4856" threadId="0000000001843888" totalBytesRequested="18240" timestamp="2019-08-10T03:39:05.470" intervalms="253.008" type="nursery" />
<cycle-start id="4857" type="scavenge" contextid="0" timestamp="2019-08-10T03:39:05.470" intervalms="252.996" />
<gc check: start verifying slots before local gc (398)>
<gc check: finished verifying slots before local gc (398)>
<gc-start id="4858" type="scavenge" contextid="4857" timestamp="2019-08-10T03:39:05.880">
  <mem-info id="4859" free="3967789248" total="4130078720" percent="96">
    <mem type="nursery" free="0" total="138674176" percent="0">
      <mem type="allocate" free="0" total="124780544" percent="0" />
      <mem type="survivor" free="0" total="13893632" percent="0" />
    </mem>
    <mem type="tenure" free="3967789248" total="3991404544" percent="99">
      <mem type="soa" free="3768248512" total="3791835136" percent="99" />
      <mem type="loa" free="199540736" total="199569408" percent="99" />
    </mem>
    <remembered-set count="135" />
  </mem-info>
</gc-start>
<allocation-stats totalBytes="124621592" >
  <allocated-bytes non-tlh="16" tlh="124621576" />
  <largest-consumer threadName="main" threadId="0000000001842F00" bytes="124621592" />
</allocation-stats>
<gc-op id="4860" type="scavenge" timems="1.603" contextid="4857" timestamp="2019-08-10T03:39:05.881">
  <scavenger-info tenureage="5" tenuremask="ffe0" tiltratio="89" />
  <memory-copied type="nursery" objects="136" bytes="42432" bytesdiscarded="59584" />
  <references type="weak" candidates="32" cleared="0" enqueued="0" />
</gc-op>
<gc check: start verifying slots after local gc (398)>
<gc check: finished verifying slots after local gc (398)>
<gc-end id="4861" type="scavenge" contextid="4857" durationms="88.878" usertimems="90.183" systemtimems="0.000" timestamp="2019-08-10T03:39:05.969" activeThreads="16">
  <mem-info id="4862" free="4092467776" total="4130078720" percent="99">
    <mem type="nursery" free="124678528" total="138674176" percent="89">
      <mem type="allocate" free="124678528" total="124780544" percent="99" />
      <mem type="survivor" free="0" total="13893632" percent="0" />
    </mem>
    <mem type="tenure" free="3967789248" total="3991404544" percent="99" macro-fragmented="0">
      <mem type="soa" free="3768248512" total="3791835136" percent="99" />
      <mem type="loa" free="199540736" total="199569408" percent="99" />
    </mem>
    <remembered-set count="135" />
  </mem-info>
</gc-end>
<cycle-end id="4863" type="scavenge" contextid="4857" timestamp="2019-08-10T03:39:05.969" />
  <attribute name="elasticGC enabled" value="1" />
  <attribute name= "numThreadsSpecified" value="16" />
  <attribute name="heapSize specified" value="-91291648" />
  <attribute name="Current GC Util" value="0" />
  <attribute name= "Current Time Running" value="146026" />
  <attribute name ="GC Interval" value="200" />
  <attribute name="ProportionalT" value="-40.000000" />
  <attribute name="ProportionalI" value="-40.000000" />
  <attribute name="ProportionalH" value="-40.000000" />
  <attribute name="Current Error" value="-80.000000" />
  <attribute name="IntegralT" value="-26520.000000" />
  <attribute name="IntegralI" value="-26520.000000" />
  <attribute name="IntegralH" value="-26520.000000" />
  <attribute name="DerivativeT" value="-0.120664" />
  <attribute name="DerivativeI" value="-0.120664" />
  <attribute name="DerivativeH" value="-0.120664" />
  <attribute name="Loop Time for DT" value="663.000000" />
  <attribute name="Output H" value="4203675648"/>
  <attribute name="Output I" value="200"/>
  <attribute name="Output T" value="16"/>
  <attribute name="Target GC Util Change" value ="80.000000" />
  <attribute name="Current GC Util Change" value="0.000000"/>
  <attribute name="GC Util currently" value="0" />
  <attribute name="CPU Util currently" value="1739951400" />
<allocation-satisfied id="4864" threadId="0000000001842F00" bytesRequested="18240" />
<af-end id="4865" timestamp="2019-08-10T03:39:05.969" threadId="0000000001843888" success="true" from="nursery"/>
<exclusive-end id="4866" timestamp="2019-08-10T03:39:05.969" durationms="498.780" />

<exclusive-start id="4867" timestamp="2019-08-10T03:39:06.139" intervalms="668.982">
  <response-info timems="0.020" idlems="0.020" threads="0" lastid="0000000001842F00" lastname="main" />
</exclusive-start>
<af-start id="4868" threadId="0000000001843888" totalBytesRequested="24" timestamp="2019-08-10T03:39:06.139" intervalms="668.999" type="nursery" />
<cycle-start id="4869" type="scavenge" contextid="0" timestamp="2019-08-10T03:39:06.139" intervalms="668.991" />
<gc-start id="4870" type="scavenge" contextid="4869" timestamp="2019-08-10T03:39:06.139">
  <mem-info id="4871" free="3967789248" total="4130078720" percent="96">
    <mem type="nursery" free="0" total="138674176" percent="0">
      <mem type="allocate" free="0" total="124780544" percent="0" />
      <mem type="survivor" free="0" total="13893632" percent="0" />
    </mem>
    <mem type="tenure" free="3967789248" total="3991404544" percent="99">
      <mem type="soa" free="3768248512" total="3791835136" percent="99" />
      <mem type="loa" free="199540736" total="199569408" percent="99" />
    </mem>
    <remembered-set count="147" />
  </mem-info>
</gc-start>
<allocation-stats totalBytes="124665536" >
  <allocated-bytes non-tlh="18240" tlh="124647296" />
  <largest-consumer threadName="main" threadId="0000000001842F00" bytes="124665536" />
</allocation-stats>
<gc-op id="4872" type="scavenge" timems="0.728" contextid="4869" timestamp="2019-08-10T03:39:06.140">
  <scavenger-info tenureage="3" tenuremask="fff8" tiltratio="89" />
  <memory-copied type="nursery" objects="94" bytes="2544" bytesdiscarded="37392" />
  <memory-copied type="tenure" objects="57" bytes="1656" bytesdiscarded="672" />
</gc-op>
<gc-end id="4873" type="scavenge" contextid="4869" durationms="1.017" usertimems="1.600" systemtimems="0.000" timestamp="2019-08-10T03:39:06.140" activeThreads="16">
  <mem-info id="4874" free="4092529856" total="4130078720" percent="99">
    <mem type="nursery" free="124740608" total="138674176" percent="89">
      <mem type="allocate" free="124740608" total="124780544" percent="99" />
      <mem type="survivor" free="0" total="13893632" percent="0" />
    </mem>
    <mem type="tenure" free="3967789248" total="3991404544" percent="99" macro-fragmented="0">
      <mem type="soa" free="3768248512" total="3791835136" percent="99" />
      <mem type="loa" free="199540736" total="199569408" percent="99" />
    </mem>
    <remembered-set count="138" />
  </mem-info>
</gc-end>
<cycle-end id="4875" type="scavenge" contextid="4869" timestamp="2019-08-10T03:39:06.140" />
  <attribute name="elasticGC enabled" value="1" />
  <attribute name= "numThreadsSpecified" value="16" />
  <attribute name="heapSize specified" value="-91291648" />
  <attribute name="Current GC Util" value="192" />
  <attribute name= "Current Time Running" value="146285" />
  <attribute name ="GC Interval" value="4000" />
  <attribute name="ProportionalT" value="56.000000" />
  <attribute name="ProportionalI" value="56.000000" />
  <attribute name="ProportionalH" value="56.000000" />
  <attribute name="Current Error" value="112.000000" />
  <attribute name="IntegralT" value="14504.000000" />
  <attribute name="IntegralI" value="14504.000000" />
  <attribute name="IntegralH" value="14504.000000" />
  <attribute name="DerivativeT" value="0.432432" />
  <attribute name="DerivativeI" value="0.432432" />
  <attribute name="DerivativeH" value="0.432432" />
  <attribute name="Loop Time for DT" value="259.000000" />
  <attribute name="Output H" value="8388608"/>
  <attribute name="Output I" value="4000"/>
  <attribute name="Output T" value="16"/>
  <attribute name="Target GC Util Change" value ="80.000000" />
  <attribute name="Current GC Util Change" value="192.000000"/>
  <attribute name="GC Util currently" value="192" />
  <attribute name="CPU Util currently" value="4446272132" />
<allocation-satisfied id="4876" threadId="0000000001842F00" bytesRequested="24" />
<af-end id="4877" timestamp="2019-08-10T03:39:06.140" threadId="0000000001843888" success="true" from="nursery"/>
<exclusive-end id="4878" timestamp="2019-08-10T03:39:06.140" durationms="1.260" />

<exclusive-start id="4879" timestamp="2019-08-10T03:39:06.259" intervalms="120.201">
  <response-info timems="0.021" idlems="0.021" threads="0" lastid="0000000001842F00" lastname="main" />
</exclusive-start>
<af-start id="4880" threadId="0000000001843888" totalBytesRequested="24" timestamp="2019-08-10T03:39:06.259" intervalms="120.187" type="nursery" />
<cycle-start id="4881" type="scavenge" contextid="0" timestamp="2019-08-10T03:39:06.259" intervalms="120.190" />
<gc-start id="4882" type="scavenge" contextid="4881" timestamp="2019-08-10T03:39:06.259">
  <mem-info id="4883" free="3967789248" total="4130078720" percent="96">
    <mem type="nursery" free="0" total="138674176" percent="0">
      <mem type="allocate" free="0" total="124780544" percent="0" />
      <mem type="survivor" free="0" total="13893632" percent="0" />
    </mem>
    <mem type="tenure" free="3967789248" total="3991404544" percent="99">
      <mem type="soa" free="3768248512" total="3791835136" percent="99" />
      <mem type="loa" free="199540736" total="199569408" percent="99" />
    </mem>
    <remembered-set count="146" />
  </mem-info>
</gc-start>
<allocation-stats totalBytes="124711056" >
  <allocated-bytes non-tlh="24" tlh="124711032" />
  <largest-consumer threadName="main" threadId="0000000001842F00" bytes="124711056" />
</allocation-stats>
<gc-op id="4884" type="scavenge" timems="1.216" contextid="4881" timestamp="2019-08-10T03:39:06.260">
  <scavenger-info tenureage="3" tenuremask="ffd8" tiltratio="89" />
  <memory-copied type="nursery" objects="116" bytes="3080" bytesdiscarded="29176" />
  <memory-copied type="tenure" objects="6" bytes="144" bytesdiscarded="0" />
</gc-op>
<gc-end id="4885" type="scavenge" contextid="4881" durationms="1.484" usertimems="2.748" systemtimems="0.000" timestamp="2019-08-10T03:39:06.261" activeThreads="16">
  <mem-info id="4886" free="4092537536" total="4130078720" percent="99">
    <mem type="nursery" free="124748288" total="138674176" percent="89">
      <mem type="allocate" free="124748288" total="124780544" percent="99" />
      <mem type="survivor" free="0" total="13893632" percent="0" />
    </mem>
    <mem type="tenure" free="3967789248" total="3991404544" percent="99" macro-fragmented="0">
      <mem type="soa" free="3768248512" total="3791835136" percent="99" />
      <mem type="loa" free="199540736" total="199569408" percent="99" />
    </mem>
    <remembered-set count="144" />
  </mem-info>
</gc-end>
<cycle-end id="4887" type="scavenge" contextid="4881" timestamp="2019-08-10T03:39:06.261" />
  <attribute name="elasticGC enabled" value="1" />
  <attribute name= "numThreadsSpecified" value="16" />
  <attribute name="heapSize specified" value="-91291648" />
  <attribute name="Current GC Util" value="1" />
  <attribute name= "Current Time Running" value="146405" />
  <attribute name ="GC Interval" value="200" />
  <attribute name="ProportionalT" value="-39.500000" />
  <attribute name="ProportionalI" value="-39.500000" />
  <attribute name="ProportionalH" value="-39.500000" />
  <attribute name="Current Error" value="-79.000000" />
  <attribute name="IntegralT" value="-4740.000000" />
  <attribute name="IntegralI" value="-4740.000000" />
  <attribute name="IntegralH" value="-4740.000000" />
  <attribute name="DerivativeT" value="-1.591667" />
  <attribute name="DerivativeI" value="-1.591667" />
  <attribute name="DerivativeH" value="-1.591667" />
  <attribute name="Loop Time for DT" value="120.000000" />
  <attribute name="Output H" value="4203675648"/>
  <attribute name="Output I" value="200"/>
  <attribute name="Output T" value="16"/>
  <attribute name="Target GC Util Change" value ="80.000000" />
  <attribute name="Current GC Util Change" value="1.000000"/>
  <attribute name="GC Util currently" value="1" />
  <attribute name="CPU Util currently" value="9593329521" />
<allocation-satisfied id="4888" threadId="0000000001842F00" bytesRequested="24" />
<af-end id="4889" timestamp="2019-08-10T03:39:06.261" threadId="0000000001843888" success="true" from="nursery"/>
<exclusive-end id="4890" timestamp="2019-08-10T03:39:06.261" durationms="1.817" />

<exclusive-start id="4891" timestamp="2019-08-10T03:39:06.427" intervalms="167.858">
  <response-info timems="0.021" idlems="0.021" threads="0" lastid="0000000001842F00" lastname="main" />
</exclusive-start>
<af-start id="4892" threadId="0000000001843888" totalBytesRequested="24" timestamp="2019-08-10T03:39:06.427" intervalms="168.020" type="nursery" />
<cycle-start id="4893" type="scavenge" contextid="0" timestamp="2019-08-10T03:39:06.427" intervalms="168.030" />
<gc-start id="4894" type="scavenge" contextid="4893" timestamp="2019-08-10T03:39:06.427">
  <mem-info id="4895" free="3967789248" total="4130078720" percent="96">
    <mem type="nursery" free="0" total="138674176" percent="0">
      <mem type="allocate" free="0" total="124780544" percent="0" />
      <mem type="survivor" free="0" total="13893632" percent="0" />
    </mem>
    <mem type="tenure" free="3967789248" total="3991404544" percent="99">
      <mem type="soa" free="3768248512" total="3791835136" percent="99" />
      <mem type="loa" free="199540736" total="199569408" percent="99" />
    </mem>
    <remembered-set count="152" />
  </mem-info>
</gc-start>
<allocation-stats totalBytes="124737112" >
  <allocated-bytes non-tlh="24" tlh="124737088" />
  <largest-consumer threadName="main" threadId="0000000001842F00" bytes="124737112" />
</allocation-stats>
<gc-op id="4896" type="scavenge" timems="0.878" contextid="4893" timestamp="2019-08-10T03:39:06.428">
  <scavenger-info tenureage="3" tenuremask="ffe8" tiltratio="89" />
  <memory-copied type="nursery" objects="90" bytes="2408" bytesdiscarded="13720" />
  <memory-copied type="tenure" objects="42" bytes="1008" bytesdiscarded="0" />
</gc-op>
<gc-end id="4897" type="scavenge" contextid="4893" durationms="1.180" usertimems="1.866" systemtimems="0.000" timestamp="2019-08-10T03:39:06.428" activeThreads="16">
  <mem-info id="4898" free="4092553664" total="4130078720" percent="99">
    <mem type="nursery" free="124764416" total="138674176" percent="89">
      <mem type="allocate" free="124764416" total="124780544" percent="99" />
      <mem type="survivor" free="0" total="13893632" percent="0" />
    </mem>
    <mem type="tenure" free="3967789248" total="3991404544" percent="99" macro-fragmented="0">
      <mem type="soa" free="3768248512" total="3791835136" percent="99" />
      <mem type="loa" free="199540736" total="199569408" percent="99" />
    </mem>
    <remembered-set count="138" />
  </mem-info>
</gc-end>
<cycle-end id="4899" type="scavenge" contextid="4893" timestamp="2019-08-10T03:39:06.428" />
  <attribute name="elasticGC enabled" value="1" />
  <attribute name= "numThreadsSpecified" value="16" />
  <attribute name="heapSize specified" value="-91291648" />
  <attribute name="Current GC Util" value="1" />
  <attribute name= "Current Time Running" value="146573" />
  <attribute name ="GC Interval" value="200" />
  <attribute name="ProportionalT" value="-39.500000" />
  <attribute name="ProportionalI" value="-39.500000" />
  <attribute name="ProportionalH" value="-39.500000" />
  <attribute name="Current Error" value="-79.000000" />
  <attribute name="IntegralT" value="-6636.000000" />
  <attribute name="IntegralI" value="-6636.000000" />
  <attribute name="IntegralH" value="-6636.000000" />
  <attribute name="DerivativeT" value="-0.470238" />
  <attribute name="DerivativeI" value="-0.470238" />
  <attribute name="DerivativeH" value="-0.470238" />
  <attribute name="Loop Time for DT" value="168.000000" />
  <attribute name="Output H" value="4203675648"/>
  <attribute name="Output I" value="200"/>
  <attribute name="Output T" value="16"/>
  <attribute name="Target GC Util Change" value ="80.000000" />
  <attribute name="Current GC Util Change" value="1.000000"/>
  <attribute name="GC Util currently" value="1" />
  <attribute name="CPU Util currently" value="6860041186" />
<allocation-satisfied id="4900" threadId="0000000001842F00" bytesRequested="24" />
<af-end id="4901" timestamp="2019-08-10T03:39:06.428" threadId="0000000001843888" success="true" from="nursery"/>
<exclusive-end id="4902" timestamp="2019-08-10T03:39:06.428" durationms="1.574" />

<exclusive-start id="4903" timestamp="2019-08-10T03:39:06.590" intervalms="163.421">
  <response-info timems="0.018" idlems="0.018" threads="0" lastid="0000000001842F00" lastname="main" />
</exclusive-start>
<af-start id="4904" threadId="0000000001843888" totalBytesRequested="40" timestamp="2019-08-10T03:39:06.590" intervalms="163.264" type="nursery" />
<cycle-start id="4905" type="scavenge" contextid="0" timestamp="2019-08-10T03:39:06.590" intervalms="163.260" />
<gc-start id="4906" type="scavenge" contextid="4905" timestamp="2019-08-10T03:39:06.590">
  <mem-info id="4907" free="3967789248" total="4130078720" percent="96">
    <mem type="nursery" free="0" total="138674176" percent="0">
      <mem type="allocate" free="0" total="124780544" percent="0" />
      <mem type="survivor" free="0" total="13893632" percent="0" />
    </mem>
    <mem type="tenure" free="3967789248" total="3991404544" percent="99">
      <mem type="soa" free="3768248512" total="3791835136" percent="99" />
      <mem type="loa" free="199540736" total="199569408" percent="99" />
    </mem>
    <remembered-set count="150" />
  </mem-info>
</gc-start>
<allocation-stats totalBytes="124755800" >
  <allocated-bytes non-tlh="24" tlh="124755776" />
  <largest-consumer threadName="main" threadId="0000000001842F00" bytes="124755800" />
</allocation-stats>
<gc-op id="4908" type="scavenge" timems="1.041" contextid="4905" timestamp="2019-08-10T03:39:06.592">
  <scavenger-info tenureage="3" tenuremask="ffe8" tiltratio="89" />
  <memory-copied type="nursery" objects="111" bytes="2864" bytesdiscarded="29392" />
  <memory-copied type="tenure" objects="28" bytes="744" bytesdiscarded="0" />
</gc-op>
<gc-end id="4909" type="scavenge" contextid="4905" durationms="1.361" usertimems="2.312" systemtimems="0.000" timestamp="2019-08-10T03:39:06.592" activeThreads="16">
  <mem-info id="4910" free="4092537536" total="4130078720" percent="99">
    <mem type="nursery" free="124748288" total="138674176" percent="89">
      <mem type="allocate" free="124748288" total="124780544" percent="99" />
      <mem type="survivor" free="0" total="13893632" percent="0" />
    </mem>
    <mem type="tenure" free="3967789248" total="3991404544" percent="99" macro-fragmented="0">
      <mem type="soa" free="3768248512" total="3791835136" percent="99" />
      <mem type="loa" free="199540736" total="199569408" percent="99" />
    </mem>
    <remembered-set count="139" />
  </mem-info>
</gc-end>
<cycle-end id="4911" type="scavenge" contextid="4905" timestamp="2019-08-10T03:39:06.592" />
  <attribute name="elasticGC enabled" value="1" />
  <attribute name= "numThreadsSpecified" value="16" />
  <attribute name="heapSize specified" value="-91291648" />
  <attribute name="Current GC Util" value="1" />
  <attribute name= "Current Time Running" value="146737" />
  <attribute name ="GC Interval" value="200" />
  <attribute name="ProportionalT" value="-39.500000" />
  <attribute name="ProportionalI" value="-39.500000" />
  <attribute name="ProportionalH" value="-39.500000" />
  <attribute name="Current Error" value="-79.000000" />
  <attribute name="IntegralT" value="-6478.000000" />
  <attribute name="IntegralI" value="-6478.000000" />
  <attribute name="IntegralH" value="-6478.000000" />
  <attribute name="DerivativeT" value="-0.481707" />
  <attribute name="DerivativeI" value="-0.481707" />
  <attribute name="DerivativeH" value="-0.481707" />
  <attribute name="Loop Time for DT" value="164.000000" />
  <attribute name="Output H" value="4203675648"/>
  <attribute name="Output I" value="200"/>
  <attribute name="Output T" value="16"/>
  <attribute name="Target GC Util Change" value ="80.000000" />
  <attribute name="Current GC Util Change" value="1.000000"/>
  <attribute name="GC Util currently" value="1" />
  <attribute name="CPU Util currently" value="7062959417" />
<allocation-satisfied id="4912" threadId="0000000001842F00" bytesRequested="40" />
<af-end id="4913" timestamp="2019-08-10T03:39:06.592" threadId="0000000001843888" success="true" from="nursery"/>
<exclusive-end id="4914" timestamp="2019-08-10T03:39:06.592" durationms="1.621" />

<exclusive-start id="4915" timestamp="2019-08-10T03:39:06.733" intervalms="142.681">
  <response-info timems="0.018" idlems="0.018" threads="0" lastid="0000000001842F00" lastname="main" />
</exclusive-start>
<af-start id="4916" threadId="0000000001843888" totalBytesRequested="520" timestamp="2019-08-10T03:39:06.733" intervalms="142.678" type="nursery" />
<cycle-start id="4917" type="scavenge" contextid="0" timestamp="2019-08-10T03:39:06.733" intervalms="142.693" />
<gc-start id="4918" type="scavenge" contextid="4917" timestamp="2019-08-10T03:39:06.733">
  <mem-info id="4919" free="3967789248" total="4130078720" percent="96">
    <mem type="nursery" free="0" total="138674176" percent="0">
      <mem type="allocate" free="0" total="124780544" percent="0" />
      <mem type="survivor" free="0" total="13893632" percent="0" />
    </mem>
    <mem type="tenure" free="3967789248" total="3991404544" percent="99">
      <mem type="soa" free="3768248512" total="3791835136" percent="99" />
      <mem type="loa" free="199540736" total="199569408" percent="99" />
    </mem>
    <remembered-set count="146" />
  </mem-info>
</gc-start>
<allocation-stats totalBytes="124708240" >
  <allocated-bytes non-tlh="40" tlh="124708200" />
  <largest-consumer threadName="main" threadId="0000000001842F00" bytes="124708240" />
</allocation-stats>
<gc-op id="4920" type="scavenge" timems="1.184" contextid="4917" timestamp="2019-08-10T03:39:06.734">
  <scavenger-info tenureage="3" tenuremask="ffe8" tiltratio="89" />
  <memory-copied type="nursery" objects="109" bytes="3552" bytesdiscarded="28704" />
  <memory-copied type="tenure" objects="25" bytes="624" bytesdiscarded="0" />
  <references type="weak" candidates="2" cleared="0" enqueued="0" />
</gc-op>
<gc-end id="4921" type="scavenge" contextid="4917" durationms="1.484" usertimems="2.561" systemtimems="0.000" timestamp="2019-08-10T03:39:06.735" activeThreads="16">
  <mem-info id="4922" free="4092537536" total="4130078720" percent="99">
    <mem type="nursery" free="124748288" total="138674176" percent="89">
      <mem type="allocate" free="124748288" total="124780544" percent="99" />
      <mem type="survivor" free="0" total="13893632" percent="0" />
    </mem>
    <mem type="tenure" free="3967789248" total="3991404544" percent="99" macro-fragmented="0">
      <mem type="soa" free="3768248512" total="3791835136" percent="99" />
      <mem type="loa" free="199540736" total="199569408" percent="99" />
    </mem>
    <remembered-set count="137" />
  </mem-info>
</gc-end>
<cycle-end id="4923" type="scavenge" contextid="4917" timestamp="2019-08-10T03:39:06.735" />
  <attribute name="elasticGC enabled" value="1" />
  <attribute name= "numThreadsSpecified" value="16" />
  <attribute name="heapSize specified" value="-91291648" />
  <attribute name="Current GC Util" value="1" />
  <attribute name= "Current Time Running" value="146879" />
  <attribute name ="GC Interval" value="200" />
  <attribute name="ProportionalT" value="-39.500000" />
  <attribute name="ProportionalI" value="-39.500000" />
  <attribute name="ProportionalH" value="-39.500000" />
  <attribute name="Current Error" value="-79.000000" />
  <attribute name="IntegralT" value="-5609.000000" />
  <attribute name="IntegralI" value="-5609.000000" />
  <attribute name="IntegralH" value="-5609.000000" />
  <attribute name="DerivativeT" value="-0.556338" />
  <attribute name="DerivativeI" value="-0.556338" />
  <attribute name="DerivativeH" value="-0.556338" />
  <attribute name="Loop Time for DT" value="142.000000" />
  <attribute name="Output H" value="4203675648"/>
  <attribute name="Output I" value="200"/>
  <attribute name="Output T" value="16"/>
  <attribute name="Target GC Util Change" value ="80.000000" />
  <attribute name="Current GC Util Change" value="1.000000"/>
  <attribute name="GC Util currently" value="1" />
  <attribute name="CPU Util currently" value="8079824120" />
<allocation-satisfied id="4924" threadId="0000000001842F00" bytesRequested="520" />
<af-end id="4925" timestamp="2019-08-10T03:39:06.735" threadId="0000000001843888" success="true" from="nursery"/>
<exclusive-end id="4926" timestamp="2019-08-10T03:39:06.735" durationms="1.869" />

<exclusive-start id="4927" timestamp="2019-08-10T03:39:06.796" intervalms="62.886">
  <response-info timems="0.023" idlems="0.023" threads="0" lastid="0000000001842F00" lastname="main" />
</exclusive-start>
<af-start id="4928" threadId="0000000001843888" totalBytesRequested="32" timestamp="2019-08-10T03:39:06.796" intervalms="62.889" type="nursery" />
<cycle-start id="4929" type="scavenge" contextid="0" timestamp="2019-08-10T03:39:06.796" intervalms="62.890" />
<gc-start id="4930" type="scavenge" contextid="4929" timestamp="2019-08-10T03:39:06.796">
  <mem-info id="4931" free="3967789248" total="4130078720" percent="96">
    <mem type="nursery" free="0" total="138674176" percent="0">
      <mem type="allocate" free="0" total="124780544" percent="0" />
      <mem type="survivor" free="0" total="13893632" percent="0" />
    </mem>
    <mem type="tenure" free="3967789248" total="3991404544" percent="99">
      <mem type="soa" free="3768248512" total="3791835136" percent="99" />
      <mem type="loa" free="199540736" total="199569408" percent="99" />
    </mem>
    <remembered-set count="141" />
  </mem-info>
</gc-start>
<allocation-stats totalBytes="124595384" >
  <allocated-bytes non-tlh="520" tlh="124594864" />
  <largest-consumer threadName="main" threadId="0000000001842F00" bytes="124595384" />
</allocation-stats>
<gc-op id="4932" type="scavenge" timems="1.042" contextid="4929" timestamp="2019-08-10T03:39:06.797">
  <scavenger-info tenureage="3" tenuremask="ffe8" tiltratio="89" />
  <memory-copied type="nursery" objects="86" bytes="2784" bytesdiscarded="37152" />
  <memory-copied type="tenure" objects="24" bytes="576" bytesdiscarded="0" />
  <references type="weak" candidates="2" cleared="0" enqueued="0" />
</gc-op>
<gc-end id="4933" type="scavenge" contextid="4929" durationms="1.327" usertimems="2.501" systemtimems="0.000" timestamp="2019-08-10T03:39:06.797" activeThreads="16">
  <mem-info id="4934" free="4092529856" total="4130078720" percent="99">
    <mem type="nursery" free="124740608" total="138674176" percent="89">
      <mem type="allocate" free="124740608" total="124780544" percent="99" />
      <mem type="survivor" free="0" total="13893632" percent="0" />
    </mem>
    <mem type="tenure" free="3967789248" total="3991404544" percent="99" macro-fragmented="0">
      <mem type="soa" free="3768248512" total="3791835136" percent="99" />
      <mem type="loa" free="199540736" total="199569408" percent="99" />
    </mem>
    <remembered-set count="133" />
  </mem-info>
</gc-end>
<cycle-end id="4935" type="scavenge" contextid="4929" timestamp="2019-08-10T03:39:06.797" />
  <attribute name="elasticGC enabled" value="1" />
  <attribute name= "numThreadsSpecified" value="16" />
  <attribute name="heapSize specified" value="-91291648" />
  <attribute name="Current GC Util" value="4" />
  <attribute name= "Current Time Running" value="146942" />
  <attribute name ="GC Interval" value="200" />
  <attribute name="ProportionalT" value="-38.000000" />
  <attribute name="ProportionalI" value="-38.000000" />
  <attribute name="ProportionalH" value="-38.000000" />
  <attribute name="Current Error" value="-76.000000" />
  <attribute name="IntegralT" value="-2394.000000" />
  <attribute name="IntegralI" value="-2394.000000" />
  <attribute name="IntegralH" value="-2394.000000" />
  <attribute name="DerivativeT" value="-1.206349" />
  <attribute name="DerivativeI" value="-1.206349" />
  <attribute name="DerivativeH" value="-1.206349" />
  <attribute name="Loop Time for DT" value="63.000000" />
  <attribute name="Output H" value="4203675648"/>
  <attribute name="Output I" value="200"/>
  <attribute name="Output T" value="16"/>
  <attribute name="Target GC Util Change" value ="80.000000" />
  <attribute name="Current GC Util Change" value="4.000000"/>
  <attribute name="GC Util currently" value="4" />
  <attribute name="CPU Util currently" value="18326551522" />
<allocation-satisfied id="4936" threadId="0000000001842F00" bytesRequested="32" />
<af-end id="4937" timestamp="2019-08-10T03:39:06.797" threadId="0000000001843888" success="true" from="nursery"/>
<exclusive-end id="4938" timestamp="2019-08-10T03:39:06.797" durationms="1.569" />

<exclusive-start id="4939" timestamp="2019-08-10T03:39:06.828" intervalms="32.125">
  <response-info timems="0.020" idlems="0.020" threads="0" lastid="0000000001842F00" lastname="main" />
</exclusive-start>
<af-start id="4940" threadId="0000000001843888" totalBytesRequested="440" timestamp="2019-08-10T03:39:06.828" intervalms="32.120" type="nursery" />
<cycle-start id="4941" type="scavenge" contextid="0" timestamp="2019-08-10T03:39:06.828" intervalms="32.099" />
<gc-start id="4942" type="scavenge" contextid="4941" timestamp="2019-08-10T03:39:06.828">
  <mem-info id="4943" free="3967789248" total="4130078720" percent="96">
    <mem type="nursery" free="0" total="138674176" percent="0">
      <mem type="allocate" free="0" total="124780544" percent="0" />
      <mem type="survivor" free="0" total="13893632" percent="0" />
    </mem>
    <mem type="tenure" free="3967789248" total="3991404544" percent="99">
      <mem type="soa" free="3768248512" total="3791835136" percent="99" />
      <mem type="loa" free="199540736" total="199569408" percent="99" />
    </mem>
    <remembered-set count="137" />
  </mem-info>
</gc-start>
<allocation-stats totalBytes="124527592" >
  <allocated-bytes non-tlh="32" tlh="124527560" />
  <largest-consumer threadName="main" threadId="0000000001842F00" bytes="124527592" />
</allocation-stats>
<gc-op id="4944" type="scavenge" timems="1.154" contextid="4941" timestamp="2019-08-10T03:39:06.829">
  <scavenger-info tenureage="3" tenuremask="ffe8" tiltratio="89" />
  <memory-copied type="nursery" objects="70" bytes="2312" bytesdiscarded="29944" />
  <memory-copied type="tenure" objects="36" bytes="864" bytesdiscarded="0" />
  <references type="weak" candidates="2" cleared="0" enqueued="0" />
</gc-op>
<gc-end id="4945" type="scavenge" contextid="4941" durationms="1.432" usertimems="2.611" systemtimems="0.000" timestamp="2019-08-10T03:39:06.830" activeThreads="16">
  <mem-info id="4946" free="4092537536" total="4130078720" percent="99">
    <mem type="nursery" free="124748288" total="138674176" percent="89">
      <mem type="allocate" free="124748288" total="124780544" percent="99" />
      <mem type="survivor" free="0" total="13893632" percent="0" />
    </mem>
    <mem type="tenure" free="3967789248" total="3991404544" percent="99" macro-fragmented="0">
      <mem type="soa" free="3768248512" total="3791835136" percent="99" />
      <mem type="loa" free="199540736" total="199569408" percent="99" />
    </mem>
    <remembered-set count="125" />
  </mem-info>
</gc-end>
<cycle-end id="4947" type="scavenge" contextid="4941" timestamp="2019-08-10T03:39:06.830" />
  <attribute name="elasticGC enabled" value="1" />
  <attribute name= "numThreadsSpecified" value="16" />
  <attribute name="heapSize specified" value="-91291648" />
  <attribute name="Current GC Util" value="7" />
  <attribute name= "Current Time Running" value="146974" />
  <attribute name ="GC Interval" value="200" />
  <attribute name="ProportionalT" value="-36.500000" />
  <attribute name="ProportionalI" value="-36.500000" />
  <attribute name="ProportionalH" value="-36.500000" />
  <attribute name="Current Error" value="-73.000000" />
  <attribute name="IntegralT" value="-1168.000000" />
  <attribute name="IntegralI" value="-1168.000000" />
  <attribute name="IntegralH" value="-1168.000000" />
  <attribute name="DerivativeT" value="-2.281250" />
  <attribute name="DerivativeI" value="-2.281250" />
  <attribute name="DerivativeH" value="-2.281250" />
  <attribute name="Loop Time for DT" value="32.000000" />
  <attribute name="Output H" value="4203675648"/>
  <attribute name="Output I" value="200"/>
  <attribute name="Output T" value="16"/>
  <attribute name="Target GC Util Change" value ="80.000000" />
  <attribute name="Current GC Util Change" value="7.000000"/>
  <attribute name="GC Util currently" value="7" />
  <attribute name="CPU Util currently" value="35939396082" />
<allocation-satisfied id="4948" threadId="0000000001842F00" bytesRequested="440" />
<af-end id="4949" timestamp="2019-08-10T03:39:06.830" threadId="0000000001843888" success="true" from="nursery"/>
<exclusive-end id="4950" timestamp="2019-08-10T03:39:06.830" durationms="1.641" />

<exclusive-start id="4951" timestamp="2019-08-10T03:39:06.929" intervalms="101.091">
  <response-info timems="0.020" idlems="0.020" threads="0" lastid="0000000001842F00" lastname="main" />
</exclusive-start>
<af-start id="4952" threadId="0000000001843888" totalBytesRequested="2008" timestamp="2019-08-10T03:39:06.929" intervalms="101.091" type="nursery" />
<cycle-start id="4953" type="scavenge" contextid="0" timestamp="2019-08-10T03:39:06.929" intervalms="101.090" />
<gc-start id="4954" type="scavenge" contextid="4953" timestamp="2019-08-10T03:39:06.929">
  <mem-info id="4955" free="3967789248" total="4130078720" percent="96">
    <mem type="nursery" free="0" total="138674176" percent="0">
      <mem type="allocate" free="0" total="124780544" percent="0" />
      <mem type="survivor" free="0" total="13893632" percent="0" />
    </mem>
    <mem type="tenure" free="3967789248" total="3991404544" percent="99">
      <mem type="soa" free="3768248512" total="3791835136" percent="99" />
      <mem type="loa" free="199540736" total="199569408" percent="99" />
    </mem>
    <remembered-set count="129" />
  </mem-info>
</gc-start>
<allocation-stats totalBytes="124648912" >
  <allocated-bytes non-tlh="440" tlh="124648472" />
  <largest-consumer threadName="main" threadId="0000000001842F00" bytes="124648912" />
</allocation-stats>
<gc-op id="4956" type="scavenge" timems="0.985" contextid="4953" timestamp="2019-08-10T03:39:06.930">
  <scavenger-info tenureage="3" tenuremask="ffe8" tiltratio="89" />
  <memory-copied type="nursery" objects="65" bytes="4912" bytesdiscarded="27344" />
  <memory-copied type="tenure" objects="20" bytes="496" bytesdiscarded="0" />
</gc-op>
<gc-end id="4957" type="scavenge" contextid="4953" durationms="1.247" usertimems="2.084" systemtimems="0.000" timestamp="2019-08-10T03:39:06.930" activeThreads="16">
  <mem-info id="4958" free="4092537536" total="4130078720" percent="99">
    <mem type="nursery" free="124748288" total="138674176" percent="89">
      <mem type="allocate" free="124748288" total="124780544" percent="99" />
      <mem type="survivor" free="0" total="13893632" percent="0" />
    </mem>
    <mem type="tenure" free="3967789248" total="3991404544" percent="99" macro-fragmented="1800196">
      <mem type="soa" free="3768248512" total="3791835136" percent="99" />
      <mem type="loa" free="199540736" total="199569408" percent="99" />
    </mem>
    <remembered-set count="122" />
  </mem-info>
</gc-end>
<cycle-end id="4959" type="scavenge" contextid="4953" timestamp="2019-08-10T03:39:06.931" />
  <attribute name="elasticGC enabled" value="1" />
  <attribute name= "numThreadsSpecified" value="16" />
  <attribute name="heapSize specified" value="-91291648" />
  <attribute name="Current GC Util" value="2" />
  <attribute name= "Current Time Running" value="147075" />
  <attribute name ="GC Interval" value="200" />
  <attribute name="ProportionalT" value="-39.000000" />
  <attribute name="ProportionalI" value="-39.000000" />
  <attribute name="ProportionalH" value="-39.000000" />
  <attribute name="Current Error" value="-78.000000" />
  <attribute name="IntegralT" value="-3939.000000" />
  <attribute name="IntegralI" value="-3939.000000" />
  <attribute name="IntegralH" value="-3939.000000" />
  <attribute name="DerivativeT" value="-0.772277" />
  <attribute name="DerivativeI" value="-0.772277" />
  <attribute name="DerivativeH" value="-0.772277" />
  <attribute name="Loop Time for DT" value="101.000000" />
  <attribute name="Output H" value="4203675648"/>
  <attribute name="Output I" value="200"/>
  <attribute name="Output T" value="16"/>
  <attribute name="Target GC Util Change" value ="80.000000" />
  <attribute name="Current GC Util Change" value="2.000000"/>
  <attribute name="GC Util currently" value="2" />
  <attribute name="CPU Util currently" value="11406664409" />
<allocation-satisfied id="4960" threadId="0000000001842F00" bytesRequested="2008" />
<af-end id="4961" timestamp="2019-08-10T03:39:06.931" threadId="0000000001843888" success="true" from="nursery"/>
<exclusive-end id="4962" timestamp="2019-08-10T03:39:06.931" durationms="1.462" />

<exclusive-start id="4963" timestamp="2019-08-10T03:39:07.147" intervalms="217.469">
  <response-info timems="0.020" idlems="0.020" threads="0" lastid="0000000001842F00" lastname="main" />
</exclusive-start>
<af-start id="4964" threadId="0000000001843888" totalBytesRequested="16" timestamp="2019-08-10T03:39:07.147" intervalms="217.481" type="nursery" />
<cycle-start id="4965" type="scavenge" contextid="0" timestamp="2019-08-10T03:39:07.147" intervalms="217.575" />
<gc-start id="4966" type="scavenge" contextid="4965" timestamp="2019-08-10T03:39:07.147">
  <mem-info id="4967" free="3967789248" total="4130078720" percent="96">
    <mem type="nursery" free="0" total="138674176" percent="0">
      <mem type="allocate" free="0" total="124780544" percent="0" />
      <mem type="survivor" free="0" total="13893632" percent="0" />
    </mem>
    <mem type="tenure" free="3967789248" total="3991404544" percent="99">
      <mem type="soa" free="3768248512" total="3791835136" percent="99" />
      <mem type="loa" free="199540736" total="199569408" percent="99" />
    </mem>
    <remembered-set count="127" />
  </mem-info>
</gc-start>
<allocation-stats totalBytes="124644160" >
  <allocated-bytes non-tlh="2008" tlh="124642152" />
  <largest-consumer threadName="main" threadId="0000000001842F00" bytes="124644160" />
</allocation-stats>
<gc-op id="4968" type="scavenge" timems="0.817" contextid="4965" timestamp="2019-08-10T03:39:07.148">
  <scavenger-info tenureage="3" tenuremask="ffe8" tiltratio="89" />
  <memory-copied type="nursery" objects="59" bytes="1736" bytesdiscarded="38200" />
  <memory-copied type="tenure" objects="12" bytes="288" bytesdiscarded="0" />
  <references type="weak" candidates="2" cleared="0" enqueued="0" />
</gc-op>
<gc-end id="4969" type="scavenge" contextid="4965" durationms="1.168" usertimems="1.834" systemtimems="0.000" timestamp="2019-08-10T03:39:07.148" activeThreads="16">
  <mem-info id="4970" free="4092529856" total="4130078720" percent="99">
    <mem type="nursery" free="124740608" total="138674176" percent="89">
      <mem type="allocate" free="124740608" total="124780544" percent="99" />
      <mem type="survivor" free="0" total="13893632" percent="0" />
    </mem>
    <mem type="tenure" free="3967789248" total="3991404544" percent="99" macro-fragmented="1500163">
      <mem type="soa" free="3768248512" total="3791835136" percent="99" />
      <mem type="loa" free="199540736" total="199569408" percent="99" />
    </mem>
    <remembered-set count="123" />
  </mem-info>
</gc-end>
<cycle-end id="4971" type="scavenge" contextid="4965" timestamp="2019-08-10T03:39:07.148" />
  <attribute name="elasticGC enabled" value="1" />
  <attribute name= "numThreadsSpecified" value="16" />
  <attribute name="heapSize specified" value="-91291648" />
  <attribute name="Current GC Util" value="1" />
  <attribute name= "Current Time Running" value="147293" />
  <attribute name ="GC Interval" value="200" />
  <attribute name="ProportionalT" value="-39.500000" />
  <attribute name="ProportionalI" value="-39.500000" />
  <attribute name="ProportionalH" value="-39.500000" />
  <attribute name="Current Error" value="-79.000000" />
  <attribute name="IntegralT" value="-8611.000000" />
  <attribute name="IntegralI" value="-8611.000000" />
  <attribute name="IntegralH" value="-8611.000000" />
  <attribute name="DerivativeT" value="-0.362385" />
  <attribute name="DerivativeI" value="-0.362385" />
  <attribute name="DerivativeH" value="-0.362385" />
  <attribute name="Loop Time for DT" value="218.000000" />
  <attribute name="Output H" value="4203675648"/>
  <attribute name="Output I" value="200"/>
  <attribute name="Output T" value="16"/>
  <attribute name="Target GC Util Change" value ="80.000000" />
  <attribute name="Current GC Util Change" value="1.000000"/>
  <attribute name="GC Util currently" value="1" />
  <attribute name="CPU Util currently" value="5298184988" />
<allocation-satisfied id="4972" threadId="0000000001842F00" bytesRequested="16" />
<af-end id="4973" timestamp="2019-08-10T03:39:07.148" threadId="0000000001843888" success="true" from="nursery"/>
<exclusive-end id="4974" timestamp="2019-08-10T03:39:07.148" durationms="1.506" />

<exclusive-start id="4975" timestamp="2019-08-10T03:39:07.361" intervalms="214.385">
  <response-info timems="0.028" idlems="0.028" threads="0" lastid="0000000001842F00" lastname="main" />
</exclusive-start>
<af-start id="4976" threadId="0000000001843888" totalBytesRequested="32" timestamp="2019-08-10T03:39:07.361" intervalms="214.386" type="nursery" />
<cycle-start id="4977" type="scavenge" contextid="0" timestamp="2019-08-10T03:39:07.361" intervalms="214.297" />
<gc-start id="4978" type="scavenge" contextid="4977" timestamp="2019-08-10T03:39:07.361">
  <mem-info id="4979" free="3967789248" total="4130078720" percent="96">
    <mem type="nursery" free="0" total="138674176" percent="0">
      <mem type="allocate" free="0" total="124780544" percent="0" />
      <mem type="survivor" free="0" total="13893632" percent="0" />
    </mem>
    <mem type="tenure" free="3967789248" total="3991404544" percent="99">
      <mem type="soa" free="3768248512" total="3791835136" percent="99" />
      <mem type="loa" free="199540736" total="199569408" percent="99" />
    </mem>
    <remembered-set count="123" />
  </mem-info>
</gc-start>
<allocation-stats totalBytes="124718152" >
  <allocated-bytes non-tlh="16" tlh="124718136" />
  <largest-consumer threadName="main" threadId="0000000001842F00" bytes="124718152" />
</allocation-stats>
<gc-op id="4980" type="scavenge" timems="1.285" contextid="4977" timestamp="2019-08-10T03:39:07.363">
  <scavenger-info tenureage="3" tenuremask="ffe8" tiltratio="89" />
  <memory-copied type="nursery" objects="45" bytes="1408" bytesdiscarded="14720" />
  <memory-copied type="tenure" objects="12" bytes="288" bytesdiscarded="0" />
  <references type="weak" candidates="2" cleared="0" enqueued="0" />
</gc-op>
<gc-end id="4981" type="scavenge" contextid="4977" durationms="1.697" usertimems="2.797" systemtimems="0.000" timestamp="2019-08-10T03:39:07.363" activeThreads="16">
  <mem-info id="4982" free="4092553664" total="4130078720" percent="99">
    <mem type="nursery" free="124764416" total="138674176" percent="89">
      <mem type="allocate" free="124764416" total="124780544" percent="99" />
      <mem type="survivor" free="0" total="13893632" percent="0" />
    </mem>
    <mem type="tenure" free="3967789248" total="3991404544" percent="99" macro-fragmented="1048608">
      <mem type="soa" free="3768248512" total="3791835136" percent="99" />
      <mem type="loa" free="199540736" total="199569408" percent="99" />
    </mem>
    <remembered-set count="119" />
  </mem-info>
</gc-end>
<cycle-end id="4983" type="scavenge" contextid="4977" timestamp="2019-08-10T03:39:07.363" />
  <attribute name="elasticGC enabled" value="1" />
  <attribute name= "numThreadsSpecified" value="16" />
  <attribute name="heapSize specified" value="-91291648" />
  <attribute name="Current GC Util" value="0" />
  <attribute name= "Current Time Running" value="147507" />
  <attribute name ="GC Interval" value="200" />
  <attribute name="ProportionalT" value="-40.000000" />
  <attribute name="ProportionalI" value="-40.000000" />
  <attribute name="ProportionalH" value="-40.000000" />
  <attribute name="Current Error" value="-80.000000" />
  <attribute name="IntegralT" value="-8560.000000" />
  <attribute name="IntegralI" value="-8560.000000" />
  <attribute name="IntegralH" value="-8560.000000" />
  <attribute name="DerivativeT" value="-0.373832" />
  <attribute name="DerivativeI" value="-0.373832" />
  <attribute name="DerivativeH" value="-0.373832" />
  <attribute name="Loop Time for DT" value="214.000000" />
  <attribute name="Output H" value="4203675648"/>
  <attribute name="Output I" value="200"/>
  <attribute name="Output T" value="16"/>
  <attribute name="Target GC Util Change" value ="80.000000" />
  <attribute name="Current GC Util Change" value="0.000000"/>
  <attribute name="GC Util currently" value="0" />
  <attribute name="CPU Util currently" value="5377002809" />
<allocation-satisfied id="4984" threadId="0000000001842F00" bytesRequested="32" />
<af-end id="4985" timestamp="2019-08-10T03:39:07.363" threadId="0000000001843888" success="true" from="nursery"/>
<exclusive-end id="4986" timestamp="2019-08-10T03:39:07.363" durationms="2.093" />

<exclusive-start id="4987" timestamp="2019-08-10T03:39:07.459" intervalms="98.441">
  <response-info timems="0.021" idlems="0.021" threads="0" lastid="0000000001842F00" lastname="main" />
</exclusive-start>
<af-start id="4988" threadId="0000000001843888" totalBytesRequested="544" timestamp="2019-08-10T03:39:07.459" intervalms="98.436" type="nursery" />
<cycle-start id="4989" type="scavenge" contextid="0" timestamp="2019-08-10T03:39:07.460" intervalms="98.507" />
<gc-start id="4990" type="scavenge" contextid="4989" timestamp="2019-08-10T03:39:07.460">
  <mem-info id="4991" free="3967789248" total="4130078720" percent="96">
    <mem type="nursery" free="0" total="138674176" percent="0">
      <mem type="allocate" free="0" total="124780544" percent="0" />
      <mem type="survivor" free="0" total="13893632" percent="0" />
    </mem>
    <mem type="tenure" free="3967789248" total="3991404544" percent="99">
      <mem type="soa" free="3768248512" total="3791835136" percent="99" />
      <mem type="loa" free="199540736" total="199569408" percent="99" />
    </mem>
    <remembered-set count="121" />
  </mem-info>
</gc-start>
<allocation-stats totalBytes="124642144" >
  <allocated-bytes non-tlh="32" tlh="124642112" />
  <largest-consumer threadName="main" threadId="0000000001842F00" bytes="124642144" />
</allocation-stats>
<gc-op id="4992" type="scavenge" timems="6.665" contextid="4989" timestamp="2019-08-10T03:39:07.466">
  <scavenger-info tenureage="3" tenuremask="ffe8" tiltratio="89" />
  <memory-copied type="nursery" objects="39" bytes="1680" bytesdiscarded="30576" />
  <memory-copied type="tenure" objects="12" bytes="288" bytesdiscarded="0" />
  <references type="weak" candidates="2" cleared="0" enqueued="0" />
</gc-op>
<gc-end id="4993" type="scavenge" contextid="4989" durationms="7.051" usertimems="4.130" systemtimems="0.000" timestamp="2019-08-10T03:39:07.467" activeThreads="16">
  <mem-info id="4994" free="4092537536" total="4130078720" percent="99">
    <mem type="nursery" free="124748288" total="138674176" percent="89">
      <mem type="allocate" free="124748288" total="124780544" percent="99" />
      <mem type="survivor" free="0" total="13893632" percent="0" />
    </mem>
    <mem type="tenure" free="3967789248" total="3991404544" percent="99" macro-fragmented="1250136">
      <mem type="soa" free="3768248512" total="3791835136" percent="99" />
      <mem type="loa" free="199540736" total="199569408" percent="99" />
    </mem>
    <remembered-set count="117" />
  </mem-info>
</gc-end>
<cycle-end id="4995" type="scavenge" contextid="4989" timestamp="2019-08-10T03:39:07.467" />
  <attribute name="elasticGC enabled" value="1" />
  <attribute name= "numThreadsSpecified" value="16" />
  <attribute name="heapSize specified" value="-91291648" />
  <attribute name="Current GC Util" value="3" />
  <attribute name= "Current Time Running" value="147606" />
  <attribute name ="GC Interval" value="200" />
  <attribute name="ProportionalT" value="-38.500000" />
  <attribute name="ProportionalI" value="-38.500000" />
  <attribute name="ProportionalH" value="-38.500000" />
  <attribute name="Current Error" value="-77.000000" />
  <attribute name="IntegralT" value="-3811.500000" />
  <attribute name="IntegralI" value="-3811.500000" />
  <attribute name="IntegralH" value="-3811.500000" />
  <attribute name="DerivativeT" value="-0.777778" />
  <attribute name="DerivativeI" value="-0.777778" />
  <attribute name="DerivativeH" value="-0.777778" />
  <attribute name="Loop Time for DT" value="99.000000" />
  <attribute name="Output H" value="4203675648"/>
  <attribute name="Output I" value="200"/>
  <attribute name="Output T" value="16"/>
  <attribute name="Target GC Util Change" value ="80.000000" />
  <attribute name="Current GC Util Change" value="3.000000"/>
  <attribute name="GC Util currently" value="3" />
  <attribute name="CPU Util currently" value="11700234630" />
<allocation-satisfied id="4996" threadId="0000000001842F00" bytesRequested="544" />
<af-end id="4997" timestamp="2019-08-10T03:39:07.467" threadId="0000000001843888" success="true" from="nursery"/>
<exclusive-end id="4998" timestamp="2019-08-10T03:39:07.467" durationms="7.628" />

* Round 3 done in 2.798 seconds.
<exclusive-start id="4999" timestamp="2019-08-10T03:39:07.504" intervalms="44.499">
  <response-info timems="0.018" idlems="0.018" threads="0" lastid="0000000001842F00" lastname="main" />
</exclusive-start>
<af-start id="5000" threadId="0000000001843888" totalBytesRequested="32" timestamp="2019-08-10T03:39:07.504" intervalms="44.496" type="nursery" />
<cycle-start id="5001" type="scavenge" contextid="0" timestamp="2019-08-10T03:39:07.504" intervalms="44.420" />
<gc-start id="5002" type="scavenge" contextid="5001" timestamp="2019-08-10T03:39:07.504">
  <mem-info id="5003" free="3967789248" total="4130078720" percent="96">
    <mem type="nursery" free="0" total="138674176" percent="0">
      <mem type="allocate" free="0" total="124780544" percent="0" />
      <mem type="survivor" free="0" total="13893632" percent="0" />
    </mem>
    <mem type="tenure" free="3967789248" total="3991404544" percent="99">
      <mem type="soa" free="3768248512" total="3791835136" percent="99" />
      <mem type="loa" free="199540736" total="199569408" percent="99" />
    </mem>
    <remembered-set count="122" />
  </mem-info>
</gc-start>
<allocation-stats totalBytes="124607008" >
  <allocated-bytes non-tlh="544" tlh="124606464" />
  <largest-consumer threadName="main" threadId="0000000001842F00" bytes="124607008" />
</allocation-stats>
<gc-op id="5004" type="scavenge" timems="4.969" contextid="5001" timestamp="2019-08-10T03:39:07.509">
  <scavenger-info tenureage="5" tenuremask="ffe0" tiltratio="89" />
  <memory-copied type="nursery" objects="55" bytes="1720" bytesdiscarded="14408" />
  <references type="weak" candidates="2" cleared="0" enqueued="0" />
</gc-op>
<heap-resize id="5005" type="expand" space="nursery" amount="8912896" count="1" timems="0.015" reason="excessive time being spent scavenging" timestamp="2019-08-10T03:39:07.509" />
<gc-end id="5006" type="scavenge" contextid="5001" durationms="5.261" usertimems="6.982" systemtimems="0.000" timestamp="2019-08-10T03:39:07.509" activeThreads="16">
  <mem-info id="5007" free="4100549056" total="4138991616" percent="99">
    <mem type="nursery" free="132759808" total="147587072" percent="89">
      <mem type="allocate" free="132759808" total="132775936" percent="99" />
      <mem type="survivor" free="0" total="14811136" percent="0" />
    </mem>
    <mem type="tenure" free="3967789248" total="3991404544" percent="99" macro-fragmented="1250136">
      <mem type="soa" free="3768248512" total="3791835136" percent="99" />
      <mem type="loa" free="199540736" total="199569408" percent="99" />
    </mem>
    <remembered-set count="122" />
  </mem-info>
</gc-end>
<cycle-end id="5008" type="scavenge" contextid="5001" timestamp="2019-08-10T03:39:07.509" />
  <attribute name="elasticGC enabled" value="1" />
  <attribute name= "numThreadsSpecified" value="16" />
  <attribute name="heapSize specified" value="-91291648" />
  <attribute name="Current GC Util" value="10" />
  <attribute name= "Current Time Running" value="147650" />
  <attribute name ="GC Interval" value="200" />
  <attribute name="ProportionalT" value="-35.000000" />
  <attribute name="ProportionalI" value="-35.000000" />
  <attribute name="ProportionalH" value="-35.000000" />
  <attribute name="Current Error" value="-70.000000" />
  <attribute name="IntegralT" value="-1540.000000" />
  <attribute name="IntegralI" value="-1540.000000" />
  <attribute name="IntegralH" value="-1540.000000" />
  <attribute name="DerivativeT" value="-1.590909" />
  <attribute name="DerivativeI" value="-1.590909" />
  <attribute name="DerivativeH" value="-1.590909" />
  <attribute name="Loop Time for DT" value="44.000000" />
  <attribute name="Output H" value="4203675648"/>
  <attribute name="Output I" value="200"/>
  <attribute name="Output T" value="16"/>
  <attribute name="Target GC Util Change" value ="80.000000" />
  <attribute name="Current GC Util Change" value="10.000000"/>
  <attribute name="GC Util currently" value="10" />
  <attribute name="CPU Util currently" value="26062041435" />
<allocation-satisfied id="5009" threadId="0000000001842F00" bytesRequested="32" />
<af-end id="5010" timestamp="2019-08-10T03:39:07.509" threadId="0000000001843888" success="true" from="nursery"/>
<exclusive-end id="5011" timestamp="2019-08-10T03:39:07.509" durationms="5.522" />

<exclusive-start id="5012" timestamp="2019-08-10T03:39:07.763" intervalms="258.990">
  <response-info timems="0.023" idlems="0.023" threads="0" lastid="0000000001842F00" lastname="main" />
</exclusive-start>
<af-start id="5013" threadId="0000000001843888" totalBytesRequested="1168" timestamp="2019-08-10T03:39:07.763" intervalms="258.994" type="nursery" />
<cycle-start id="5014" type="scavenge" contextid="0" timestamp="2019-08-10T03:39:07.763" intervalms="258.996" />
<gc-start id="5015" type="scavenge" contextid="5014" timestamp="2019-08-10T03:39:07.763">
  <mem-info id="5016" free="3967789248" total="4138991616" percent="95">
    <mem type="nursery" free="0" total="147587072" percent="0">
      <mem type="allocate" free="0" total="132775936" percent="0" />
      <mem type="survivor" free="0" total="14811136" percent="0" />
    </mem>
    <mem type="tenure" free="3967789248" total="3991404544" percent="99">
      <mem type="soa" free="3768248512" total="3791835136" percent="99" />
      <mem type="loa" free="199540736" total="199569408" percent="99" />
    </mem>
    <remembered-set count="138" />
  </mem-info>
</gc-start>
<allocation-stats totalBytes="132411584" >
  <allocated-bytes non-tlh="32" tlh="132411552" />
  <largest-consumer threadName="main" threadId="0000000001842F00" bytes="132411584" />
</allocation-stats>
<gc-op id="5017" type="scavenge" timems="0.532" contextid="5014" timestamp="2019-08-10T03:39:07.764">
  <scavenger-info tenureage="3" tenuremask="fff8" tiltratio="89" />
  <memory-copied type="nursery" objects="94" bytes="3728" bytesdiscarded="12400" />
  <memory-copied type="tenure" objects="14" bytes="352" bytesdiscarded="0" />
</gc-op>
<gc-end id="5018" type="scavenge" contextid="5014" durationms="0.859" usertimems="1.410" systemtimems="0.000" timestamp="2019-08-10T03:39:07.764" activeThreads="16">
  <mem-info id="5019" free="4100549056" total="4138991616" percent="99">
    <mem type="nursery" free="132759808" total="147587072" percent="89">
      <mem type="allocate" free="132759808" total="132775936" percent="99" />
      <mem type="survivor" free="0" total="14811136" percent="0" />
    </mem>
    <mem type="tenure" free="3967789248" total="3991404544" percent="99" macro-fragmented="1250136">
      <mem type="soa" free="3768248512" total="3791835136" percent="99" />
      <mem type="loa" free="199540736" total="199569408" percent="99" />
    </mem>
    <remembered-set count="132" />
  </mem-info>
</gc-end>
<cycle-end id="5020" type="scavenge" contextid="5014" timestamp="2019-08-10T03:39:07.764" />
  <attribute name="elasticGC enabled" value="1" />
  <attribute name= "numThreadsSpecified" value="16" />
  <attribute name="heapSize specified" value="-91291648" />
  <attribute name="Current GC Util" value="2" />
  <attribute name= "Current Time Running" value="147909" />
  <attribute name ="GC Interval" value="200" />
  <attribute name="ProportionalT" value="-39.000000" />
  <attribute name="ProportionalI" value="-39.000000" />
  <attribute name="ProportionalH" value="-39.000000" />
  <attribute name="Current Error" value="-78.000000" />
  <attribute name="IntegralT" value="-10101.000000" />
  <attribute name="IntegralI" value="-10101.000000" />
  <attribute name="IntegralH" value="-10101.000000" />
  <attribute name="DerivativeT" value="-0.301158" />
  <attribute name="DerivativeI" value="-0.301158" />
  <attribute name="DerivativeH" value="-0.301158" />
  <attribute name="Loop Time for DT" value="259.000000" />
  <attribute name="Output H" value="4203675648"/>
  <attribute name="Output I" value="200"/>
  <attribute name="Output T" value="16"/>
  <attribute name="Target GC Util Change" value ="80.000000" />
  <attribute name="Current GC Util Change" value="2.000000"/>
  <attribute name="GC Util currently" value="2" />
  <attribute name="CPU Util currently" value="4451284405" />
<allocation-satisfied id="5021" threadId="0000000001842F00" bytesRequested="1168" />
<af-end id="5022" timestamp="2019-08-10T03:39:07.764" threadId="0000000001843888" success="true" from="nursery"/>
<exclusive-end id="5023" timestamp="2019-08-10T03:39:07.764" durationms="1.101" />

<exclusive-start id="5024" timestamp="2019-08-10T03:39:07.779" intervalms="16.567">
  <response-info timems="0.025" idlems="0.025" threads="0" lastid="0000000001842F00" lastname="main" />
</exclusive-start>
<af-start id="5025" threadId="0000000001843888" totalBytesRequested="1168" timestamp="2019-08-10T03:39:07.780" intervalms="16.567" type="nursery" />
<cycle-start id="5026" type="scavenge" contextid="0" timestamp="2019-08-10T03:39:07.780" intervalms="16.566" />
<gc-start id="5027" type="scavenge" contextid="5026" timestamp="2019-08-10T03:39:07.780">
  <mem-info id="5028" free="3967789248" total="4138991616" percent="95">
    <mem type="nursery" free="0" total="147587072" percent="0">
      <mem type="allocate" free="0" total="132775936" percent="0" />
      <mem type="survivor" free="0" total="14811136" percent="0" />
    </mem>
    <mem type="tenure" free="3967789248" total="3991404544" percent="99">
      <mem type="soa" free="3768248512" total="3791835136" percent="99" />
      <mem type="loa" free="199540736" total="199569408" percent="99" />
    </mem>
    <remembered-set count="132" />
  </mem-info>
</gc-start>
<allocation-stats totalBytes="132321512" >
  <allocated-bytes non-tlh="1168" tlh="132320344" />
  <largest-consumer threadName="main" threadId="0000000001842F00" bytes="132321512" />
</allocation-stats>
<gc-op id="5029" type="scavenge" timems="1.025" contextid="5026" timestamp="2019-08-10T03:39:07.781">
  <scavenger-info tenureage="3" tenuremask="ffd8" tiltratio="89" />
  <memory-copied type="nursery" objects="88" bytes="3584" bytesdiscarded="28672" />
  <memory-copied type="tenure" objects="6" bytes="144" bytesdiscarded="0" />
</gc-op>
<gc-end id="5030" type="scavenge" contextid="5026" durationms="1.380" usertimems="1.993" systemtimems="0.000" timestamp="2019-08-10T03:39:07.781" activeThreads="16">
  <mem-info id="5031" free="4100532928" total="4138991616" percent="99">
    <mem type="nursery" free="132743680" total="147587072" percent="89">
      <mem type="allocate" free="132743680" total="132775936" percent="99" />
      <mem type="survivor" free="0" total="14811136" percent="0" />
    </mem>
    <mem type="tenure" free="3967789248" total="3991404544" percent="99" macro-fragmented="800032">
      <mem type="soa" free="3768248512" total="3791835136" percent="99" />
      <mem type="loa" free="199540736" total="199569408" percent="99" />
    </mem>
    <remembered-set count="130" />
  </mem-info>
</gc-end>
<cycle-end id="5032" type="scavenge" contextid="5026" timestamp="2019-08-10T03:39:07.781" />
  <attribute name="elasticGC enabled" value="1" />
  <attribute name= "numThreadsSpecified" value="16" />
  <attribute name="heapSize specified" value="-91291648" />
  <attribute name="Current GC Util" value="9" />
  <attribute name= "Current Time Running" value="147926" />
  <attribute name ="GC Interval" value="200" />
  <attribute name="ProportionalT" value="-35.500000" />
  <attribute name="ProportionalI" value="-35.500000" />
  <attribute name="ProportionalH" value="-35.500000" />
  <attribute name="Current Error" value="-71.000000" />
  <attribute name="IntegralT" value="-603.500000" />
  <attribute name="IntegralI" value="-603.500000" />
  <attribute name="IntegralH" value="-603.500000" />
  <attribute name="DerivativeT" value="-4.176471" />
  <attribute name="DerivativeI" value="-4.176471" />
  <attribute name="DerivativeH" value="-4.176471" />
  <attribute name="Loop Time for DT" value="17.000000" />
  <attribute name="Output H" value="4203675648"/>
  <attribute name="Output I" value="200"/>
  <attribute name="Output T" value="16"/>
  <attribute name="Target GC Util Change" value ="80.000000" />
  <attribute name="Current GC Util Change" value="9.000000"/>
  <attribute name="GC Util currently" value="9" />
  <attribute name="CPU Util currently" value="69512241414" />
<allocation-satisfied id="5033" threadId="0000000001842F00" bytesRequested="1168" />
<af-end id="5034" timestamp="2019-08-10T03:39:07.781" threadId="0000000001843888" success="true" from="nursery"/>
<exclusive-end id="5035" timestamp="2019-08-10T03:39:07.781" durationms="1.644" />

<exclusive-start id="5036" timestamp="2019-08-10T03:39:07.795" intervalms="15.579">
  <response-info timems="0.023" idlems="0.023" threads="0" lastid="0000000001842F00" lastname="main" />
</exclusive-start>
<af-start id="5037" threadId="0000000001843888" totalBytesRequested="1168" timestamp="2019-08-10T03:39:07.795" intervalms="15.574" type="nursery" />
<cycle-start id="5038" type="scavenge" contextid="0" timestamp="2019-08-10T03:39:07.795" intervalms="15.573" />
<gc-start id="5039" type="scavenge" contextid="5038" timestamp="2019-08-10T03:39:07.795">
  <mem-info id="5040" free="3967789248" total="4138991616" percent="95">
    <mem type="nursery" free="0" total="147587072" percent="0">
      <mem type="allocate" free="0" total="132775936" percent="0" />
      <mem type="survivor" free="0" total="14811136" percent="0" />
    </mem>
    <mem type="tenure" free="3967789248" total="3991404544" percent="99">
      <mem type="soa" free="3768248512" total="3791835136" percent="99" />
      <mem type="loa" free="199540736" total="199569408" percent="99" />
    </mem>
    <remembered-set count="130" />
  </mem-info>
</gc-start>
<allocation-stats totalBytes="132305496" >
  <allocated-bytes non-tlh="1168" tlh="132304328" />
  <largest-consumer threadName="main" threadId="0000000001842F00" bytes="132305496" />
</allocation-stats>
<gc-op id="5041" type="scavenge" timems="0.942" contextid="5038" timestamp="2019-08-10T03:39:07.796">
  <scavenger-info tenureage="3" tenuremask="ffe8" tiltratio="89" />
  <memory-copied type="nursery" objects="69" bytes="2928" bytesdiscarded="29328" />
  <memory-copied type="tenure" objects="19" bytes="656" bytesdiscarded="568" />
</gc-op>
<heap-resize id="5042" type="expand" space="nursery" amount="5505024" count="1" timems="0.017" reason="excessive time being spent scavenging" timestamp="2019-08-10T03:39:07.796" />
<gc-end id="5043" type="scavenge" contextid="5038" durationms="1.076" usertimems="2.598" systemtimems="0.000" timestamp="2019-08-10T03:39:07.796" activeThreads="16">
  <mem-info id="5044" free="4105448128" total="4144496640" percent="99">
    <mem type="nursery" free="137658880" total="153092096" percent="89">
      <mem type="allocate" free="137658880" total="137691136" percent="99" />
      <mem type="survivor" free="0" total="15400960" percent="0" />
    </mem>
    <mem type="tenure" free="3967789248" total="3991404544" percent="99" macro-fragmented="0">
      <mem type="soa" free="3768248512" total="3791835136" percent="99" />
      <mem type="loa" free="199540736" total="199569408" percent="99" />
    </mem>
    <remembered-set count="126" />
  </mem-info>
</gc-end>
<cycle-end id="5045" type="scavenge" contextid="5038" timestamp="2019-08-10T03:39:07.796" />
  <attribute name="elasticGC enabled" value="1" />
  <attribute name= "numThreadsSpecified" value="16" />
  <attribute name="heapSize specified" value="-91291648" />
  <attribute name="Current GC Util" value="13" />
  <attribute name= "Current Time Running" value="147941" />
  <attribute name ="GC Interval" value="200" />
  <attribute name="ProportionalT" value="-33.500000" />
  <attribute name="ProportionalI" value="-33.500000" />
  <attribute name="ProportionalH" value="-33.500000" />
  <attribute name="Current Error" value="-67.000000" />
  <attribute name="IntegralT" value="-502.500000" />
  <attribute name="IntegralI" value="-502.500000" />
  <attribute name="IntegralH" value="-502.500000" />
  <attribute name="DerivativeT" value="-4.466667" />
  <attribute name="DerivativeI" value="-4.466667" />
  <attribute name="DerivativeH" value="-4.466667" />
  <attribute name="Loop Time for DT" value="15.000000" />
  <attribute name="Output H" value="4203675648"/>
  <attribute name="Output I" value="200"/>
  <attribute name="Output T" value="16"/>
  <attribute name="Target GC Util Change" value ="80.000000" />
  <attribute name="Current GC Util Change" value="13.000000"/>
  <attribute name="GC Util currently" value="13" />
  <attribute name="CPU Util currently" value="74028680527" />
<allocation-satisfied id="5046" threadId="0000000001842F00" bytesRequested="1168" />
<af-end id="5047" timestamp="2019-08-10T03:39:07.796" threadId="0000000001843888" success="true" from="nursery"/>
<exclusive-end id="5048" timestamp="2019-08-10T03:39:07.796" durationms="1.322" />

<exclusive-start id="5049" timestamp="2019-08-10T03:39:07.811" intervalms="15.761">
  <response-info timems="0.021" idlems="0.021" threads="0" lastid="0000000001842F00" lastname="main" />
</exclusive-start>
<af-start id="5050" threadId="0000000001843888" totalBytesRequested="1168" timestamp="2019-08-10T03:39:07.811" intervalms="15.761" type="nursery" />
<cycle-start id="5051" type="scavenge" contextid="0" timestamp="2019-08-10T03:39:07.811" intervalms="15.762" />
<gc-start id="5052" type="scavenge" contextid="5051" timestamp="2019-08-10T03:39:07.811">
  <mem-info id="5053" free="3967789248" total="4144496640" percent="95">
    <mem type="nursery" free="0" total="153092096" percent="0">
      <mem type="allocate" free="0" total="137691136" percent="0" />
      <mem type="survivor" free="0" total="15400960" percent="0" />
    </mem>
    <mem type="tenure" free="3967789248" total="3991404544" percent="99">
      <mem type="soa" free="3768248512" total="3791835136" percent="99" />
      <mem type="loa" free="199540736" total="199569408" percent="99" />
    </mem>
    <remembered-set count="126" />
  </mem-info>
</gc-start>
<allocation-stats totalBytes="137204592" >
  <allocated-bytes non-tlh="1168" tlh="137203424" />
  <largest-consumer threadName="main" threadId="0000000001842F00" bytes="137204592" />
</allocation-stats>
<gc-op id="5054" type="scavenge" timems="1.427" contextid="5051" timestamp="2019-08-10T03:39:07.812">
  <scavenger-info tenureage="3" tenuremask="c008" tiltratio="89" />
  <memory-copied type="nursery" objects="2" bytes="56" bytesdiscarded="16072" />
  <memory-copied type="tenure" objects="67" bytes="2872" bytesdiscarded="0" />
</gc-op>
<gc-end id="5055" type="scavenge" contextid="5051" durationms="1.531" usertimems="2.225" systemtimems="0.000" timestamp="2019-08-10T03:39:07.812" activeThreads="16">
  <mem-info id="5056" free="4105529792" total="4144496640" percent="99">
    <mem type="nursery" free="137740544" total="153092096" percent="89">
      <mem type="allocate" free="137740544" total="137756672" percent="99" />
      <mem type="survivor" free="0" total="15335424" percent="0" />
    </mem>
    <mem type="tenure" free="3967789248" total="3991404544" percent="99" macro-fragmented="0">
      <mem type="soa" free="3768248512" total="3791835136" percent="99" />
      <mem type="loa" free="199540736" total="199569408" percent="99" />
    </mem>
    <remembered-set count="119" />
  </mem-info>
</gc-end>
<cycle-end id="5057" type="scavenge" contextid="5051" timestamp="2019-08-10T03:39:07.813" />
  <attribute name="elasticGC enabled" value="1" />
  <attribute name= "numThreadsSpecified" value="16" />
  <attribute name="heapSize specified" value="-91291648" />
  <attribute name="Current GC Util" value="17" />
  <attribute name= "Current Time Running" value="147957" />
  <attribute name ="GC Interval" value="200" />
  <attribute name="ProportionalT" value="-31.500000" />
  <attribute name="ProportionalI" value="-31.500000" />
  <attribute name="ProportionalH" value="-31.500000" />
  <attribute name="Current Error" value="-63.000000" />
  <attribute name="IntegralT" value="-504.000000" />
  <attribute name="IntegralI" value="-504.000000" />
  <attribute name="IntegralH" value="-504.000000" />
  <attribute name="DerivativeT" value="-3.937500" />
  <attribute name="DerivativeI" value="-3.937500" />
  <attribute name="DerivativeH" value="-3.937500" />
  <attribute name="Loop Time for DT" value="16.000000" />
  <attribute name="Output H" value="4203675648"/>
  <attribute name="Output I" value="200"/>
  <attribute name="Output T" value="16"/>
  <attribute name="Target GC Util Change" value ="80.000000" />
  <attribute name="Current GC Util Change" value="17.000000"/>
  <attribute name="GC Util currently" value="17" />
  <attribute name="CPU Util currently" value="73178899442" />
<allocation-satisfied id="5058" threadId="0000000001842F00" bytesRequested="1168" />
<af-end id="5059" timestamp="2019-08-10T03:39:07.813" threadId="0000000001843888" success="true" from="nursery"/>
<exclusive-end id="5060" timestamp="2019-08-10T03:39:07.813" durationms="1.761" />

<exclusive-start id="5061" timestamp="2019-08-10T03:39:07.827" intervalms="16.289">
  <response-info timems="0.022" idlems="0.022" threads="0" lastid="0000000001842F00" lastname="main" />
</exclusive-start>
<af-start id="5062" threadId="0000000001843888" totalBytesRequested="1168" timestamp="2019-08-10T03:39:07.827" intervalms="16.304" type="nursery" />
<cycle-start id="5063" type="scavenge" contextid="0" timestamp="2019-08-10T03:39:07.827" intervalms="16.305" />
<gc-start id="5064" type="scavenge" contextid="5063" timestamp="2019-08-10T03:39:07.827">
  <mem-info id="5065" free="3967789248" total="4144496640" percent="95">
    <mem type="nursery" free="0" total="153092096" percent="0">
      <mem type="allocate" free="0" total="137756672" percent="0" />
      <mem type="survivor" free="0" total="15335424" percent="0" />
    </mem>
    <mem type="tenure" free="3967789248" total="3991404544" percent="99">
      <mem type="soa" free="3768248512" total="3791835136" percent="99" />
      <mem type="loa" free="199540736" total="199569408" percent="99" />
    </mem>
    <remembered-set count="124" />
  </mem-info>
</gc-start>
<allocation-stats totalBytes="137216704" >
  <allocated-bytes non-tlh="1168" tlh="137215536" />
  <largest-consumer threadName="main" threadId="0000000001842F00" bytes="137216704" />
</allocation-stats>
<gc-op id="5066" type="scavenge" timems="0.647" contextid="5063" timestamp="2019-08-10T03:39:07.828">
  <scavenger-info tenureage="13" tenuremask="e000" tiltratio="89" />
  <memory-copied type="nursery" objects="27" bytes="1944" bytesdiscarded="30312" />
</gc-op>
<gc-end id="5067" type="scavenge" contextid="5063" durationms="0.750" usertimems="1.246" systemtimems="0.000" timestamp="2019-08-10T03:39:07.828" activeThreads="16">
  <mem-info id="5068" free="4105513664" total="4144496640" percent="99">
    <mem type="nursery" free="137724416" total="153092096" percent="89">
      <mem type="allocate" free="137724416" total="137756672" percent="99" />
      <mem type="survivor" free="0" total="15335424" percent="0" />
    </mem>
    <mem type="tenure" free="3967789248" total="3991404544" percent="99" macro-fragmented="0">
      <mem type="soa" free="3768248512" total="3791835136" percent="99" />
      <mem type="loa" free="199540736" total="199569408" percent="99" />
    </mem>
    <remembered-set count="124" />
  </mem-info>
</gc-end>
<cycle-end id="5069" type="scavenge" contextid="5063" timestamp="2019-08-10T03:39:07.828" />
  <attribute name="elasticGC enabled" value="1" />
  <attribute name= "numThreadsSpecified" value="16" />
  <attribute name="heapSize specified" value="-91291648" />
  <attribute name="Current GC Util" value="14" />
  <attribute name= "Current Time Running" value="147973" />
  <attribute name ="GC Interval" value="200" />
  <attribute name="ProportionalT" value="-33.000000" />
  <attribute name="ProportionalI" value="-33.000000" />
  <attribute name="ProportionalH" value="-33.000000" />
  <attribute name="Current Error" value="-66.000000" />
  <attribute name="IntegralT" value="-528.000000" />
  <attribute name="IntegralI" value="-528.000000" />
  <attribute name="IntegralH" value="-528.000000" />
  <attribute name="DerivativeT" value="-4.125000" />
  <attribute name="DerivativeI" value="-4.125000" />
  <attribute name="DerivativeH" value="-4.125000" />
  <attribute name="Loop Time for DT" value="16.000000" />
  <attribute name="Output H" value="4203675648"/>
  <attribute name="Output I" value="200"/>
  <attribute name="Output T" value="16"/>
  <attribute name="Target GC Util Change" value ="80.000000" />
  <attribute name="Current GC Util Change" value="14.000000"/>
  <attribute name="GC Util currently" value="14" />
  <attribute name="CPU Util currently" value="70748754191" />
<allocation-satisfied id="5070" threadId="0000000001842F00" bytesRequested="1168" />
<af-end id="5071" timestamp="2019-08-10T03:39:07.828" threadId="0000000001843888" success="true" from="nursery"/>
<exclusive-end id="5072" timestamp="2019-08-10T03:39:07.828" durationms="1.001" />

<exclusive-start id="5073" timestamp="2019-08-10T03:39:07.843" intervalms="15.781">
  <response-info timems="0.024" idlems="0.024" threads="0" lastid="0000000001842F00" lastname="main" />
</exclusive-start>
<af-start id="5074" threadId="0000000001843888" totalBytesRequested="1168" timestamp="2019-08-10T03:39:07.843" intervalms="15.768" type="nursery" />
<cycle-start id="5075" type="scavenge" contextid="0" timestamp="2019-08-10T03:39:07.843" intervalms="15.768" />
<gc-start id="5076" type="scavenge" contextid="5075" timestamp="2019-08-10T03:39:07.843">
  <mem-info id="5077" free="3967789248" total="4144496640" percent="95">
    <mem type="nursery" free="0" total="153092096" percent="0">
      <mem type="allocate" free="0" total="137756672" percent="0" />
      <mem type="survivor" free="0" total="15335424" percent="0" />
    </mem>
    <mem type="tenure" free="3967789248" total="3991404544" percent="99">
      <mem type="soa" free="3768248512" total="3791835136" percent="99" />
      <mem type="loa" free="199540736" total="199569408" percent="99" />
    </mem>
    <remembered-set count="124" />
  </mem-info>
</gc-start>
<allocation-stats totalBytes="136848464" >
  <allocated-bytes non-tlh="1168" tlh="136847296" />
  <largest-consumer threadName="main" threadId="0000000001842F00" bytes="136848464" />
</allocation-stats>
<gc-op id="5078" type="scavenge" timems="1.001" contextid="5075" timestamp="2019-08-10T03:39:07.844">
  <scavenger-info tenureage="14" tenuremask="c000" tiltratio="89" />
  <memory-copied type="nursery" objects="28" bytes="1968" bytesdiscarded="30288" />
</gc-op>
<heap-resize id="5079" type="expand" space="nursery" amount="5505024" count="1" timems="0.012" reason="excessive time being spent scavenging" timestamp="2019-08-10T03:39:07.844" />
<gc-end id="5080" type="scavenge" contextid="5075" durationms="1.109" usertimems="1.841" systemtimems="0.000" timestamp="2019-08-10T03:39:07.844" activeThreads="16">
  <mem-info id="5081" free="4110428864" total="4150001664" percent="99">
    <mem type="nursery" free="142639616" total="158597120" percent="89">
      <mem type="allocate" free="142639616" total="142671872" percent="99" />
      <mem type="survivor" free="0" total="15925248" percent="0" />
    </mem>
    <mem type="tenure" free="3967789248" total="3991404544" percent="99" macro-fragmented="0">
      <mem type="soa" free="3768248512" total="3791835136" percent="99" />
      <mem type="loa" free="199540736" total="199569408" percent="99" />
    </mem>
    <remembered-set count="114" />
  </mem-info>
</gc-end>
<cycle-end id="5082" type="scavenge" contextid="5075" timestamp="2019-08-10T03:39:07.844" />
  <attribute name="elasticGC enabled" value="1" />
  <attribute name= "numThreadsSpecified" value="16" />
  <attribute name="heapSize specified" value="-91291648" />
  <attribute name="Current GC Util" value="9" />
  <attribute name= "Current Time Running" value="147989" />
  <attribute name ="GC Interval" value="200" />
  <attribute name="ProportionalT" value="-35.500000" />
  <attribute name="ProportionalI" value="-35.500000" />
  <attribute name="ProportionalH" value="-35.500000" />
  <attribute name="Current Error" value="-71.000000" />
  <attribute name="IntegralT" value="-568.000000" />
  <attribute name="IntegralI" value="-568.000000" />
  <attribute name="IntegralH" value="-568.000000" />
  <attribute name="DerivativeT" value="-4.437500" />
  <attribute name="DerivativeI" value="-4.437500" />
  <attribute name="DerivativeH" value="-4.437500" />
  <attribute name="Loop Time for DT" value="16.000000" />
  <attribute name="Output H" value="4203675648"/>
  <attribute name="Output I" value="200"/>
  <attribute name="Output T" value="16"/>
  <attribute name="Target GC Util Change" value ="80.000000" />
  <attribute name="Current GC Util Change" value="9.000000"/>
  <attribute name="GC Util currently" value="9" />
  <attribute name="CPU Util currently" value="73160946834" />
<allocation-satisfied id="5083" threadId="0000000001842F00" bytesRequested="1168" />
<af-end id="5084" timestamp="2019-08-10T03:39:07.844" threadId="0000000001843888" success="true" from="nursery"/>
<exclusive-end id="5085" timestamp="2019-08-10T03:39:07.844" durationms="1.355" />

<exclusive-start id="5086" timestamp="2019-08-10T03:39:07.859" intervalms="16.447">
  <response-info timems="0.019" idlems="0.019" threads="0" lastid="0000000001842F00" lastname="main" />
</exclusive-start>
<af-start id="5087" threadId="0000000001843888" totalBytesRequested="1168" timestamp="2019-08-10T03:39:07.859" intervalms="16.446" type="nursery" />
<cycle-start id="5088" type="scavenge" contextid="0" timestamp="2019-08-10T03:39:07.859" intervalms="16.444" />
<gc-start id="5089" type="scavenge" contextid="5088" timestamp="2019-08-10T03:39:07.859">
  <mem-info id="5090" free="3967789248" total="4150001664" percent="95">
    <mem type="nursery" free="0" total="158597120" percent="0">
      <mem type="allocate" free="0" total="142671872" percent="0" />
      <mem type="survivor" free="0" total="15925248" percent="0" />
    </mem>
    <mem type="tenure" free="3967789248" total="3991404544" percent="99">
      <mem type="soa" free="3768248512" total="3791835136" percent="99" />
      <mem type="loa" free="199540736" total="199569408" percent="99" />
    </mem>
    <remembered-set count="114" />
  </mem-info>
</gc-start>
<allocation-stats totalBytes="141745920" >
  <allocated-bytes non-tlh="1168" tlh="141744752" />
  <largest-consumer threadName="main" threadId="0000000001842F00" bytes="141745920" />
</allocation-stats>
<gc-op id="5091" type="scavenge" timems="0.832" contextid="5088" timestamp="2019-08-10T03:39:07.860">
  <scavenger-info tenureage="13" tenuremask="e000" tiltratio="89" />
  <memory-copied type="nursery" objects="28" bytes="1968" bytesdiscarded="30288" />
</gc-op>
<gc-end id="5092" type="scavenge" contextid="5088" durationms="0.926" usertimems="1.426" systemtimems="0.000" timestamp="2019-08-10T03:39:07.860" activeThreads="16">
  <mem-info id="5093" free="4110494400" total="4150001664" percent="99">
    <mem type="nursery" free="142705152" total="158597120" percent="89">
      <mem type="allocate" free="142705152" total="142737408" percent="99" />
      <mem type="survivor" free="0" total="15859712" percent="0" />
    </mem>
    <mem type="tenure" free="3967789248" total="3991404544" percent="99" macro-fragmented="0">
      <mem type="soa" free="3768248512" total="3791835136" percent="99" />
      <mem type="loa" free="199540736" total="199569408" percent="99" />
    </mem>
    <remembered-set count="114" />
  </mem-info>
</gc-end>
<cycle-end id="5094" type="scavenge" contextid="5088" timestamp="2019-08-10T03:39:07.860" />
  <attribute name="elasticGC enabled" value="1" />
  <attribute name= "numThreadsSpecified" value="16" />
  <attribute name="heapSize specified" value="-91291648" />
  <attribute name="Current GC Util" value="12" />
  <attribute name= "Current Time Running" value="148006" />
  <attribute name ="GC Interval" value="200" />
  <attribute name="ProportionalT" value="-34.000000" />
  <attribute name="ProportionalI" value="-34.000000" />
  <attribute name="ProportionalH" value="-34.000000" />
  <attribute name="Current Error" value="-68.000000" />
  <attribute name="IntegralT" value="-578.000000" />
  <attribute name="IntegralI" value="-578.000000" />
  <attribute name="IntegralH" value="-578.000000" />
  <attribute name="DerivativeT" value="-4.000000" />
  <attribute name="DerivativeI" value="-4.000000" />
  <attribute name="DerivativeH" value="-4.000000" />
  <attribute name="Loop Time for DT" value="17.000000" />
  <attribute name="Output H" value="4203675648"/>
  <attribute name="Output I" value="200"/>
  <attribute name="Output T" value="16"/>
  <attribute name="Target GC Util Change" value ="80.000000" />
  <attribute name="Current GC Util Change" value="12.000000"/>
  <attribute name="GC Util currently" value="12" />
  <attribute name="CPU Util currently" value="70086685202" />
<allocation-satisfied id="5095" threadId="0000000001842F00" bytesRequested="1168" />
<af-end id="5096" timestamp="2019-08-10T03:39:07.861" threadId="0000000001843888" success="true" from="nursery"/>
<exclusive-end id="5097" timestamp="2019-08-10T03:39:07.861" durationms="1.177" />

<exclusive-start id="5098" timestamp="2019-08-10T03:39:07.933" intervalms="73.347">
  <response-info timems="0.022" idlems="0.022" threads="0" lastid="0000000001842F00" lastname="main" />
</exclusive-start>
<af-start id="5099" threadId="0000000001843888" totalBytesRequested="24" timestamp="2019-08-10T03:39:07.933" intervalms="73.344" type="nursery" />
<cycle-start id="5100" type="scavenge" contextid="0" timestamp="2019-08-10T03:39:07.933" intervalms="73.343" />
<gc-start id="5101" type="scavenge" contextid="5100" timestamp="2019-08-10T03:39:07.933">
  <mem-info id="5102" free="3967789248" total="4150001664" percent="95">
    <mem type="nursery" free="0" total="158597120" percent="0">
      <mem type="allocate" free="0" total="142737408" percent="0" />
      <mem type="survivor" free="0" total="15859712" percent="0" />
    </mem>
    <mem type="tenure" free="3967789248" total="3991404544" percent="99">
      <mem type="soa" free="3768248512" total="3791835136" percent="99" />
      <mem type="loa" free="199540736" total="199569408" percent="99" />
    </mem>
    <remembered-set count="121" />
  </mem-info>
</gc-start>
<allocation-stats totalBytes="142677128" >
  <allocated-bytes non-tlh="1168" tlh="142675960" />
  <largest-consumer threadName="main" threadId="0000000001842F00" bytes="142677128" />
</allocation-stats>
<gc-op id="5103" type="scavenge" timems="1.112" contextid="5100" timestamp="2019-08-10T03:39:07.934">
  <scavenger-info tenureage="3" tenuremask="fc08" tiltratio="90" />
  <memory-copied type="nursery" objects="243" bytes="7912" bytesdiscarded="80360" />
  <memory-copied type="tenure" objects="7" bytes="168" bytesdiscarded="0" />
  <references type="weak" candidates="37" cleared="0" enqueued="0" />
</gc-op>
<gc-end id="5104" type="scavenge" contextid="5100" durationms="1.200" usertimems="2.253" systemtimems="0.000" timestamp="2019-08-10T03:39:07.934" activeThreads="16">
  <mem-info id="5105" free="4110438336" total="4150001664" percent="99">
    <mem type="nursery" free="142649088" total="158597120" percent="89">
      <mem type="allocate" free="142649088" total="142737408" percent="99" />
      <mem type="survivor" free="0" total="15859712" percent="0" />
    </mem>
    <mem type="tenure" free="3967789248" total="3991404544" percent="99" macro-fragmented="0">
      <mem type="soa" free="3768248512" total="3791835136" percent="99" />
      <mem type="loa" free="199540736" total="199569408" percent="99" />
    </mem>
    <remembered-set count="117" />
  </mem-info>
</gc-end>
<cycle-end id="5106" type="scavenge" contextid="5100" timestamp="2019-08-10T03:39:07.934" />
  <attribute name="elasticGC enabled" value="1" />
  <attribute name= "numThreadsSpecified" value="16" />
  <attribute name="heapSize specified" value="-91291648" />
  <attribute name="Current GC Util" value="2" />
  <attribute name= "Current Time Running" value="148079" />
  <attribute name ="GC Interval" value="200" />
  <attribute name="ProportionalT" value="-39.000000" />
  <attribute name="ProportionalI" value="-39.000000" />
  <attribute name="ProportionalH" value="-39.000000" />
  <attribute name="Current Error" value="-78.000000" />
  <attribute name="IntegralT" value="-2847.000000" />
  <attribute name="IntegralI" value="-2847.000000" />
  <attribute name="IntegralH" value="-2847.000000" />
  <attribute name="DerivativeT" value="-1.068493" />
  <attribute name="DerivativeI" value="-1.068493" />
  <attribute name="DerivativeH" value="-1.068493" />
  <attribute name="Loop Time for DT" value="73.000000" />
  <attribute name="Output H" value="4203675648"/>
  <attribute name="Output I" value="200"/>
  <attribute name="Output T" value="16"/>
  <attribute name="Target GC Util Change" value ="80.000000" />
  <attribute name="Current GC Util Change" value="2.000000"/>
  <attribute name="GC Util currently" value="2" />
  <attribute name="CPU Util currently" value="15716714520" />
<allocation-satisfied id="5107" threadId="0000000001842F00" bytesRequested="24" />
<af-end id="5108" timestamp="2019-08-10T03:39:07.934" threadId="0000000001843888" success="true" from="nursery"/>
<exclusive-end id="5109" timestamp="2019-08-10T03:39:07.934" durationms="1.421" />

<exclusive-start id="5110" timestamp="2019-08-10T03:39:07.985" intervalms="52.242">
  <response-info timems="0.019" idlems="0.019" threads="0" lastid="0000000001842F00" lastname="main" />
</exclusive-start>
<af-start id="5111" threadId="0000000001843888" totalBytesRequested="168" timestamp="2019-08-10T03:39:07.985" intervalms="52.242" type="nursery" />
<cycle-start id="5112" type="scavenge" contextid="0" timestamp="2019-08-10T03:39:07.985" intervalms="52.242" />
<gc-start id="5113" type="scavenge" contextid="5112" timestamp="2019-08-10T03:39:07.985">
  <mem-info id="5114" free="3967789248" total="4150001664" percent="95">
    <mem type="nursery" free="0" total="158597120" percent="0">
      <mem type="allocate" free="0" total="142737408" percent="0" />
      <mem type="survivor" free="0" total="15859712" percent="0" />
    </mem>
    <mem type="tenure" free="3967789248" total="3991404544" percent="99">
      <mem type="soa" free="3768248512" total="3791835136" percent="99" />
      <mem type="loa" free="199540736" total="199569408" percent="99" />
    </mem>
    <remembered-set count="119" />
  </mem-info>
</gc-start>
<allocation-stats totalBytes="142583288" >
  <allocated-bytes non-tlh="24" tlh="142583264" />
  <largest-consumer threadName="main" threadId="0000000001842F00" bytes="142583288" />
</allocation-stats>
<gc-op id="5115" type="scavenge" timems="1.003" contextid="5112" timestamp="2019-08-10T03:39:07.986">
  <scavenger-info tenureage="3" tenuremask="ffe8" tiltratio="90" />
  <memory-copied type="nursery" objects="78" bytes="2432" bytesdiscarded="78208" />
  <references type="weak" candidates="37" cleared="7" enqueued="3" />
</gc-op>
<gc-end id="5116" type="scavenge" contextid="5112" durationms="1.097" usertimems="2.323" systemtimems="0.000" timestamp="2019-08-10T03:39:07.986" activeThreads="16">
  <mem-info id="5117" free="4110446016" total="4150001664" percent="99">
    <mem type="nursery" free="142656768" total="158597120" percent="89">
      <mem type="allocate" free="142656768" total="142737408" percent="99" />
      <mem type="survivor" free="0" total="15859712" percent="0" />
    </mem>
    <mem type="tenure" free="3967789248" total="3991404544" percent="99" macro-fragmented="0">
      <mem type="soa" free="3768248512" total="3791835136" percent="99" />
      <mem type="loa" free="199540736" total="199569408" percent="99" />
    </mem>
    <pending-finalizers system="0" default="0" reference="3" classloader="0" />
    <remembered-set count="119" />
  </mem-info>
</gc-end>
<cycle-end id="5118" type="scavenge" contextid="5112" timestamp="2019-08-10T03:39:07.986" />
  <attribute name="elasticGC enabled" value="1" />
  <attribute name= "numThreadsSpecified" value="16" />
  <attribute name="heapSize specified" value="-91291648" />
  <attribute name="Current GC Util" value="4" />
  <attribute name= "Current Time Running" value="148131" />
  <attribute name ="GC Interval" value="200" />
  <attribute name="ProportionalT" value="-38.000000" />
  <attribute name="ProportionalI" value="-38.000000" />
  <attribute name="ProportionalH" value="-38.000000" />
  <attribute name="Current Error" value="-76.000000" />
  <attribute name="IntegralT" value="-1976.000000" />
  <attribute name="IntegralI" value="-1976.000000" />
  <attribute name="IntegralH" value="-1976.000000" />
  <attribute name="DerivativeT" value="-1.461538" />
  <attribute name="DerivativeI" value="-1.461538" />
  <attribute name="DerivativeH" value="-1.461538" />
  <attribute name="Loop Time for DT" value="52.000000" />
  <attribute name="Output H" value="4203675648"/>
  <attribute name="Output I" value="200"/>
  <attribute name="Output T" value="16"/>
  <attribute name="Target GC Util Change" value ="80.000000" />
  <attribute name="Current GC Util Change" value="4.000000"/>
  <attribute name="GC Util currently" value="4" />
  <attribute name="CPU Util currently" value="22076355126" />
<allocation-satisfied id="5119" threadId="0000000001842F00" bytesRequested="168" />
<af-end id="5120" timestamp="2019-08-10T03:39:07.986" threadId="0000000001843888" success="true" from="nursery"/>
<exclusive-end id="5121" timestamp="2019-08-10T03:39:07.986" durationms="1.299" />

<exclusive-start id="5122" timestamp="2019-08-10T03:39:08.012" intervalms="27.452">
  <response-info timems="0.021" idlems="0.021" threads="0" lastid="0000000001842F00" lastname="main" />
</exclusive-start>
<af-start id="5123" threadId="0000000001843888" totalBytesRequested="168" timestamp="2019-08-10T03:39:08.012" intervalms="27.452" type="nursery" />
<cycle-start id="5124" type="scavenge" contextid="0" timestamp="2019-08-10T03:39:08.012" intervalms="27.452" />
<gc-start id="5125" type="scavenge" contextid="5124" timestamp="2019-08-10T03:39:08.013">
  <mem-info id="5126" free="3967789248" total="4150001664" percent="95">
    <mem type="nursery" free="0" total="158597120" percent="0">
      <mem type="allocate" free="0" total="142737408" percent="0" />
      <mem type="survivor" free="0" total="15859712" percent="0" />
    </mem>
    <mem type="tenure" free="3967789248" total="3991404544" percent="99">
      <mem type="soa" free="3768248512" total="3791835136" percent="99" />
      <mem type="loa" free="199540736" total="199569408" percent="99" />
    </mem>
    <remembered-set count="122" />
  </mem-info>
</gc-start>
<allocation-stats totalBytes="142573224" >
  <allocated-bytes non-tlh="168" tlh="142573056" />
  <largest-consumer threadName="main" threadId="0000000001842F00" bytes="142573224" />
</allocation-stats>
<gc-op id="5127" type="scavenge" timems="1.105" contextid="5124" timestamp="2019-08-10T03:39:08.014">
  <scavenger-info tenureage="3" tenuremask="fff8" tiltratio="90" />
  <memory-copied type="nursery" objects="84" bytes="2592" bytesdiscarded="93408" />
  <references type="weak" candidates="30" cleared="0" enqueued="0" />
</gc-op>
<gc-end id="5128" type="scavenge" contextid="5124" durationms="1.219" usertimems="1.925" systemtimems="0.000" timestamp="2019-08-10T03:39:08.014" activeThreads="16">
  <mem-info id="5129" free="4110430656" total="4150001664" percent="99">
    <mem type="nursery" free="142641408" total="158597120" percent="89">
      <mem type="allocate" free="142641408" total="142737408" percent="99" />
      <mem type="survivor" free="0" total="15859712" percent="0" />
    </mem>
    <mem type="tenure" free="3967789248" total="3991404544" percent="99" macro-fragmented="0">
      <mem type="soa" free="3768248512" total="3791835136" percent="99" />
      <mem type="loa" free="199540736" total="199569408" percent="99" />
    </mem>
    <remembered-set count="122" />
  </mem-info>
</gc-end>
<cycle-end id="5130" type="scavenge" contextid="5124" timestamp="2019-08-10T03:39:08.014" />
  <attribute name="elasticGC enabled" value="1" />
  <attribute name= "numThreadsSpecified" value="16" />
  <attribute name="heapSize specified" value="-91291648" />
  <attribute name="Current GC Util" value="7" />
  <attribute name= "Current Time Running" value="148159" />
  <attribute name ="GC Interval" value="200" />
  <attribute name="ProportionalT" value="-36.500000" />
  <attribute name="ProportionalI" value="-36.500000" />
  <attribute name="ProportionalH" value="-36.500000" />
  <attribute name="Current Error" value="-73.000000" />
  <attribute name="IntegralT" value="-1022.000000" />
  <attribute name="IntegralI" value="-1022.000000" />
  <attribute name="IntegralH" value="-1022.000000" />
  <attribute name="DerivativeT" value="-2.607143" />
  <attribute name="DerivativeI" value="-2.607143" />
  <attribute name="DerivativeH" value="-2.607143" />
  <attribute name="Loop Time for DT" value="28.000000" />
  <attribute name="Output H" value="4203675648"/>
  <attribute name="Output I" value="200"/>
  <attribute name="Output T" value="16"/>
  <attribute name="Target GC Util Change" value ="80.000000" />
  <attribute name="Current GC Util Change" value="7.000000"/>
  <attribute name="GC Util currently" value="7" />
  <attribute name="CPU Util currently" value="41942863390" />
<allocation-satisfied id="5131" threadId="0000000001842F00" bytesRequested="168" />
<af-end id="5132" timestamp="2019-08-10T03:39:08.014" threadId="0000000001843888" success="true" from="nursery"/>
<exclusive-end id="5133" timestamp="2019-08-10T03:39:08.014" durationms="1.479" />

<exclusive-start id="5134" timestamp="2019-08-10T03:39:08.054" intervalms="41.138">
  <response-info timems="0.021" idlems="0.021" threads="0" lastid="0000000001842F00" lastname="main" />
</exclusive-start>
<af-start id="5135" threadId="0000000001843888" totalBytesRequested="32" timestamp="2019-08-10T03:39:08.054" intervalms="41.135" type="nursery" />
<cycle-start id="5136" type="scavenge" contextid="0" timestamp="2019-08-10T03:39:08.054" intervalms="41.136" />
<gc-start id="5137" type="scavenge" contextid="5136" timestamp="2019-08-10T03:39:08.054">
  <mem-info id="5138" free="3967789248" total="4150001664" percent="95">
    <mem type="nursery" free="0" total="158597120" percent="0">
      <mem type="allocate" free="0" total="142737408" percent="0" />
      <mem type="survivor" free="0" total="15859712" percent="0" />
    </mem>
    <mem type="tenure" free="3967789248" total="3991404544" percent="99">
      <mem type="soa" free="3768248512" total="3791835136" percent="99" />
      <mem type="loa" free="199540736" total="199569408" percent="99" />
    </mem>
    <remembered-set count="124" />
  </mem-info>
</gc-start>
<allocation-stats totalBytes="142568040" >
  <allocated-bytes non-tlh="168" tlh="142567872" />
  <largest-consumer threadName="main" threadId="0000000001842F00" bytes="142568040" />
</allocation-stats>
<gc-op id="5139" type="scavenge" timems="0.728" contextid="5136" timestamp="2019-08-10T03:39:08.054">
  <scavenger-info tenureage="3" tenuremask="fff8" tiltratio="90" />
  <memory-copied type="nursery" objects="44" bytes="1528" bytesdiscarded="30728" />
  <memory-copied type="tenure" objects="55" bytes="1592" bytesdiscarded="96" />
</gc-op>
<gc-end id="5140" type="scavenge" contextid="5136" durationms="0.819" usertimems="1.420" systemtimems="0.000" timestamp="2019-08-10T03:39:08.054" activeThreads="16">
  <mem-info id="5141" free="4110494400" total="4150001664" percent="99">
    <mem type="nursery" free="142705152" total="158597120" percent="89">
      <mem type="allocate" free="142705152" total="142737408" percent="99" />
      <mem type="survivor" free="0" total="15859712" percent="0" />
    </mem>
    <mem type="tenure" free="3967789248" total="3991404544" percent="99" macro-fragmented="0">
      <mem type="soa" free="3768248512" total="3791835136" percent="99" />
      <mem type="loa" free="199540736" total="199569408" percent="99" />
    </mem>
    <remembered-set count="116" />
  </mem-info>
</gc-end>
<cycle-end id="5142" type="scavenge" contextid="5136" timestamp="2019-08-10T03:39:08.055" />
  <attribute name="elasticGC enabled" value="1" />
  <attribute name= "numThreadsSpecified" value="16" />
  <attribute name="heapSize specified" value="-91291648" />
  <attribute name="Current GC Util" value="5" />
  <attribute name= "Current Time Running" value="148200" />
  <attribute name ="GC Interval" value="200" />
  <attribute name="ProportionalT" value="-37.500000" />
  <attribute name="ProportionalI" value="-37.500000" />
  <attribute name="ProportionalH" value="-37.500000" />
  <attribute name="Current Error" value="-75.000000" />
  <attribute name="IntegralT" value="-1537.500000" />
  <attribute name="IntegralI" value="-1537.500000" />
  <attribute name="IntegralH" value="-1537.500000" />
  <attribute name="DerivativeT" value="-1.829268" />
  <attribute name="DerivativeI" value="-1.829268" />
  <attribute name="DerivativeH" value="-1.829268" />
  <attribute name="Loop Time for DT" value="41.000000" />
  <attribute name="Output H" value="4203675648"/>
  <attribute name="Output I" value="200"/>
  <attribute name="Output T" value="16"/>
  <attribute name="Target GC Util Change" value ="80.000000" />
  <attribute name="Current GC Util Change" value="5.000000"/>
  <attribute name="GC Util currently" value="5" />
  <attribute name="CPU Util currently" value="28054459977" />
<allocation-satisfied id="5143" threadId="0000000001842F00" bytesRequested="32" />
<af-end id="5144" timestamp="2019-08-10T03:39:08.055" threadId="0000000001843888" success="true" from="nursery"/>
<exclusive-end id="5145" timestamp="2019-08-10T03:39:08.055" durationms="1.045" />

<exclusive-start id="5146" timestamp="2019-08-10T03:39:08.403" intervalms="349.253">
  <response-info timems="0.020" idlems="0.020" threads="0" lastid="0000000001842F00" lastname="main" />
</exclusive-start>
<af-start id="5147" threadId="0000000001843888" totalBytesRequested="80" timestamp="2019-08-10T03:39:08.403" intervalms="349.276" type="nursery" />
<cycle-start id="5148" type="scavenge" contextid="0" timestamp="2019-08-10T03:39:08.403" intervalms="349.281" />
<gc-start id="5149" type="scavenge" contextid="5148" timestamp="2019-08-10T03:39:08.403">
  <mem-info id="5150" free="3967789248" total="4150001664" percent="95">
    <mem type="nursery" free="0" total="158597120" percent="0">
      <mem type="allocate" free="0" total="142737408" percent="0" />
      <mem type="survivor" free="0" total="15859712" percent="0" />
    </mem>
    <mem type="tenure" free="3967789248" total="3991404544" percent="99">
      <mem type="soa" free="3768248512" total="3791835136" percent="99" />
      <mem type="loa" free="199540736" total="199569408" percent="99" />
    </mem>
    <remembered-set count="142" />
  </mem-info>
</gc-start>
<allocation-stats totalBytes="142690184" >
  <allocated-bytes non-tlh="32" tlh="142690152" />
  <largest-consumer threadName="main" threadId="0000000001842F00" bytes="142690184" />
</allocation-stats>
<gc-op id="5151" type="scavenge" timems="1.026" contextid="5148" timestamp="2019-08-10T03:39:08.404">
  <scavenger-info tenureage="3" tenuremask="ffe8" tiltratio="90" />
  <memory-copied type="nursery" objects="120" bytes="3360" bytesdiscarded="12768" />
  <memory-copied type="tenure" objects="6" bytes="144" bytesdiscarded="0" />
</gc-op>
<gc-end id="5152" type="scavenge" contextid="5148" durationms="1.127" usertimems="1.658" systemtimems="0.000" timestamp="2019-08-10T03:39:08.404" activeThreads="16">
  <mem-info id="5153" free="4110494400" total="4150001664" percent="99">
    <mem type="nursery" free="142721280" total="158597120" percent="89">
      <mem type="allocate" free="142721280" total="142737408" percent="99" />
      <mem type="survivor" free="0" total="15859712" percent="0" />
    </mem>
    <mem type="tenure" free="3967773120" total="3991404544" percent="99" macro-fragmented="0">
      <mem type="soa" free="3768232384" total="3791835136" percent="99" />
      <mem type="loa" free="199540736" total="199569408" percent="99" />
    </mem>
    <remembered-set count="140" />
  </mem-info>
</gc-end>
<cycle-end id="5154" type="scavenge" contextid="5148" timestamp="2019-08-10T03:39:08.404" />
  <attribute name="elasticGC enabled" value="1" />
  <attribute name= "numThreadsSpecified" value="16" />
  <attribute name="heapSize specified" value="-91291648" />
  <attribute name="Current GC Util" value="0" />
  <attribute name= "Current Time Running" value="148549" />
  <attribute name ="GC Interval" value="200" />
  <attribute name="ProportionalT" value="-40.000000" />
  <attribute name="ProportionalI" value="-40.000000" />
  <attribute name="ProportionalH" value="-40.000000" />
  <attribute name="Current Error" value="-80.000000" />
  <attribute name="IntegralT" value="-13960.000000" />
  <attribute name="IntegralI" value="-13960.000000" />
  <attribute name="IntegralH" value="-13960.000000" />
  <attribute name="DerivativeT" value="-0.229226" />
  <attribute name="DerivativeI" value="-0.229226" />
  <attribute name="DerivativeH" value="-0.229226" />
  <attribute name="Loop Time for DT" value="349.000000" />
  <attribute name="Output H" value="4203675648"/>
  <attribute name="Output I" value="200"/>
  <attribute name="Output T" value="16"/>
  <attribute name="Target GC Util Change" value ="80.000000" />
  <attribute name="Current GC Util Change" value="0.000000"/>
  <attribute name="GC Util currently" value="0" />
  <attribute name="CPU Util currently" value="3300297662" />
<allocation-satisfied id="5155" threadId="0000000001842F00" bytesRequested="80" />
<af-end id="5156" timestamp="2019-08-10T03:39:08.404" threadId="0000000001843888" success="true" from="nursery"/>
<exclusive-end id="5157" timestamp="2019-08-10T03:39:08.404" durationms="1.440" />

<exclusive-start id="5158" timestamp="2019-08-10T03:39:08.548" intervalms="145.647">
  <response-info timems="0.021" idlems="0.021" threads="0" lastid="0000000001842F00" lastname="main" />
</exclusive-start>
<af-start id="5159" threadId="0000000001843888" totalBytesRequested="48" timestamp="2019-08-10T03:39:08.548" intervalms="145.627" type="nursery" />
<cycle-start id="5160" type="scavenge" contextid="0" timestamp="2019-08-10T03:39:08.548" intervalms="145.621" />
<gc-start id="5161" type="scavenge" contextid="5160" timestamp="2019-08-10T03:39:08.549">
  <mem-info id="5162" free="3967773120" total="4150001664" percent="95">
    <mem type="nursery" free="0" total="158597120" percent="0">
      <mem type="allocate" free="0" total="142737408" percent="0" />
      <mem type="survivor" free="0" total="15859712" percent="0" />
    </mem>
    <mem type="tenure" free="3967773120" total="3991404544" percent="99">
      <mem type="soa" free="3768232384" total="3791835136" percent="99" />
      <mem type="loa" free="199540736" total="199569408" percent="99" />
    </mem>
    <remembered-set count="148" />
  </mem-info>
</gc-start>
<allocation-stats totalBytes="142689808" >
  <allocated-bytes non-tlh="80" tlh="142689728" />
  <largest-consumer threadName="main" threadId="0000000001842F00" bytes="142689808" />
</allocation-stats>
<gc-op id="5163" type="scavenge" timems="0.827" contextid="5160" timestamp="2019-08-10T03:39:08.549">
  <scavenger-info tenureage="3" tenuremask="ffe8" tiltratio="90" />
  <memory-copied type="nursery" objects="126" bytes="3368" bytesdiscarded="28888" />
  <memory-copied type="tenure" objects="6" bytes="144" bytesdiscarded="0" />
</gc-op>
<gc-end id="5164" type="scavenge" contextid="5160" durationms="0.947" usertimems="1.577" systemtimems="0.000" timestamp="2019-08-10T03:39:08.549" activeThreads="16">
  <mem-info id="5165" free="4110478272" total="4150001664" percent="99">
    <mem type="nursery" free="142705152" total="158597120" percent="89">
      <mem type="allocate" free="142705152" total="142737408" percent="99" />
      <mem type="survivor" free="0" total="15859712" percent="0" />
    </mem>
    <mem type="tenure" free="3967773120" total="3991404544" percent="99" macro-fragmented="0">
      <mem type="soa" free="3768232384" total="3791835136" percent="99" />
      <mem type="loa" free="199540736" total="199569408" percent="99" />
    </mem>
    <remembered-set count="146" />
  </mem-info>
</gc-end>
<cycle-end id="5166" type="scavenge" contextid="5160" timestamp="2019-08-10T03:39:08.550" />
  <attribute name="elasticGC enabled" value="1" />
  <attribute name= "numThreadsSpecified" value="16" />
  <attribute name="heapSize specified" value="-91291648" />
  <attribute name="Current GC Util" value="1" />
  <attribute name= "Current Time Running" value="148695" />
  <attribute name ="GC Interval" value="200" />
  <attribute name="ProportionalT" value="-39.500000" />
  <attribute name="ProportionalI" value="-39.500000" />
  <attribute name="ProportionalH" value="-39.500000" />
  <attribute name="Current Error" value="-79.000000" />
  <attribute name="IntegralT" value="-5767.000000" />
  <attribute name="IntegralI" value="-5767.000000" />
  <attribute name="IntegralH" value="-5767.000000" />
  <attribute name="DerivativeT" value="-0.541096" />
  <attribute name="DerivativeI" value="-0.541096" />
  <attribute name="DerivativeH" value="-0.541096" />
  <attribute name="Loop Time for DT" value="146.000000" />
  <attribute name="Output H" value="4203675648"/>
  <attribute name="Output I" value="200"/>
  <attribute name="Output T" value="16"/>
  <attribute name="Target GC Util Change" value ="80.000000" />
  <attribute name="Current GC Util Change" value="1.000000"/>
  <attribute name="GC Util currently" value="1" />
  <attribute name="CPU Util currently" value="7918645070" />
<allocation-satisfied id="5167" threadId="0000000001842F00" bytesRequested="48" />
<af-end id="5168" timestamp="2019-08-10T03:39:08.550" threadId="0000000001843888" success="true" from="nursery"/>
<exclusive-end id="5169" timestamp="2019-08-10T03:39:08.550" durationms="1.148" />

<exclusive-start id="5170" timestamp="2019-08-10T03:39:08.748" intervalms="199.129">
  <response-info timems="0.018" idlems="0.018" threads="0" lastid="0000000001842F00" lastname="main" />
</exclusive-start>
<af-start id="5171" threadId="0000000001843888" totalBytesRequested="24" timestamp="2019-08-10T03:39:08.748" intervalms="199.142" type="nursery" />
<cycle-start id="5172" type="scavenge" contextid="0" timestamp="2019-08-10T03:39:08.748" intervalms="199.149" />
<gc-start id="5173" type="scavenge" contextid="5172" timestamp="2019-08-10T03:39:08.748">
  <mem-info id="5174" free="3967773120" total="4150001664" percent="95">
    <mem type="nursery" free="0" total="158597120" percent="0">
      <mem type="allocate" free="0" total="142737408" percent="0" />
      <mem type="survivor" free="0" total="15859712" percent="0" />
    </mem>
    <mem type="tenure" free="3967773120" total="3991404544" percent="99">
      <mem type="soa" free="3768232384" total="3791835136" percent="99" />
      <mem type="loa" free="199540736" total="199569408" percent="99" />
    </mem>
    <remembered-set count="160" />
  </mem-info>
</gc-start>
<allocation-stats totalBytes="142694272" >
  <allocated-bytes non-tlh="48" tlh="142694224" />
  <largest-consumer threadName="main" threadId="0000000001842F00" bytes="142694272" />
</allocation-stats>
<gc-op id="5175" type="scavenge" timems="0.889" contextid="5172" timestamp="2019-08-10T03:39:08.749">
  <scavenger-info tenureage="3" tenuremask="ffe8" tiltratio="90" />
  <memory-copied type="nursery" objects="154" bytes="3944" bytesdiscarded="28312" />
  <memory-copied type="tenure" objects="6" bytes="144" bytesdiscarded="0" />
</gc-op>
<gc-end id="5176" type="scavenge" contextid="5172" durationms="1.041" usertimems="1.440" systemtimems="0.000" timestamp="2019-08-10T03:39:08.749" activeThreads="16">
  <mem-info id="5177" free="4110478272" total="4150001664" percent="99">
    <mem type="nursery" free="142705152" total="158597120" percent="89">
      <mem type="allocate" free="142705152" total="142737408" percent="99" />
      <mem type="survivor" free="0" total="15859712" percent="0" />
    </mem>
    <mem type="tenure" free="3967773120" total="3991404544" percent="99" macro-fragmented="0">
      <mem type="soa" free="3768232384" total="3791835136" percent="99" />
      <mem type="loa" free="199540736" total="199569408" percent="99" />
    </mem>
    <remembered-set count="158" />
  </mem-info>
</gc-end>
<cycle-end id="5178" type="scavenge" contextid="5172" timestamp="2019-08-10T03:39:08.749" />
  <attribute name="elasticGC enabled" value="1" />
  <attribute name= "numThreadsSpecified" value="16" />
  <attribute name="heapSize specified" value="-91291648" />
  <attribute name="Current GC Util" value="0" />
  <attribute name= "Current Time Running" value="148894" />
  <attribute name ="GC Interval" value="200" />
  <attribute name="ProportionalT" value="-40.000000" />
  <attribute name="ProportionalI" value="-40.000000" />
  <attribute name="ProportionalH" value="-40.000000" />
  <attribute name="Current Error" value="-80.000000" />
  <attribute name="IntegralT" value="-7960.000000" />
  <attribute name="IntegralI" value="-7960.000000" />
  <attribute name="IntegralH" value="-7960.000000" />
  <attribute name="DerivativeT" value="-0.402010" />
  <attribute name="DerivativeI" value="-0.402010" />
  <attribute name="DerivativeH" value="-0.402010" />
  <attribute name="Loop Time for DT" value="199.000000" />
  <attribute name="Output H" value="4203675648"/>
  <attribute name="Output I" value="200"/>
  <attribute name="Output T" value="16"/>
  <attribute name="Target GC Util Change" value ="80.000000" />
  <attribute name="Current GC Util Change" value="0.000000"/>
  <attribute name="GC Util currently" value="0" />
  <attribute name="CPU Util currently" value="5788133804" />
<allocation-satisfied id="5179" threadId="0000000001842F00" bytesRequested="24" />
<af-end id="5180" timestamp="2019-08-10T03:39:08.749" threadId="0000000001843888" success="true" from="nursery"/>
<exclusive-end id="5181" timestamp="2019-08-10T03:39:08.749" durationms="1.334" />

<exclusive-start id="5182" timestamp="2019-08-10T03:39:08.908" intervalms="160.679">
  <response-info timems="0.021" idlems="0.021" threads="0" lastid="0000000001842F00" lastname="main" />
</exclusive-start>
<af-start id="5183" threadId="0000000001843888" totalBytesRequested="520" timestamp="2019-08-10T03:39:08.908" intervalms="160.666" type="nursery" />
<cycle-start id="5184" type="scavenge" contextid="0" timestamp="2019-08-10T03:39:08.908" intervalms="160.661" />
<gc-start id="5185" type="scavenge" contextid="5184" timestamp="2019-08-10T03:39:08.908">
  <mem-info id="5186" free="3967773120" total="4150001664" percent="95">
    <mem type="nursery" free="0" total="158597120" percent="0">
      <mem type="allocate" free="0" total="142737408" percent="0" />
      <mem type="survivor" free="0" total="15859712" percent="0" />
    </mem>
    <mem type="tenure" free="3967773120" total="3991404544" percent="99">
      <mem type="soa" free="3768232384" total="3791835136" percent="99" />
      <mem type="loa" free="199540736" total="199569408" percent="99" />
    </mem>
    <remembered-set count="169" />
  </mem-info>
</gc-start>
<allocation-stats totalBytes="142686120" >
  <allocated-bytes non-tlh="24" tlh="142686096" />
  <largest-consumer threadName="main" threadId="0000000001842F00" bytes="142686120" />
</allocation-stats>
<gc-op id="5187" type="scavenge" timems="0.921" contextid="5184" timestamp="2019-08-10T03:39:08.909">
  <scavenger-info tenureage="3" tenuremask="ffe8" tiltratio="90" />
  <memory-copied type="nursery" objects="130" bytes="4568" bytesdiscarded="27688" />
  <memory-copied type="tenure" objects="70" bytes="1752" bytesdiscarded="0" />
  <references type="weak" candidates="2" cleared="0" enqueued="0" />
</gc-op>
<gc-end id="5188" type="scavenge" contextid="5184" durationms="1.013" usertimems="2.048" systemtimems="0.000" timestamp="2019-08-10T03:39:08.909" activeThreads="16">
  <mem-info id="5189" free="4110478272" total="4150001664" percent="99">
    <mem type="nursery" free="142705152" total="158597120" percent="89">
      <mem type="allocate" free="142705152" total="142737408" percent="99" />
      <mem type="survivor" free="0" total="15859712" percent="0" />
    </mem>
    <mem type="tenure" free="3967773120" total="3991404544" percent="99" macro-fragmented="0">
      <mem type="soa" free="3768232384" total="3791835136" percent="99" />
      <mem type="loa" free="199540736" total="199569408" percent="99" />
    </mem>
    <remembered-set count="144" />
  </mem-info>
</gc-end>
<cycle-end id="5190" type="scavenge" contextid="5184" timestamp="2019-08-10T03:39:08.909" />
  <attribute name="elasticGC enabled" value="1" />
  <attribute name= "numThreadsSpecified" value="16" />
  <attribute name="heapSize specified" value="-91291648" />
  <attribute name="Current GC Util" value="1" />
  <attribute name= "Current Time Running" value="149055" />
  <attribute name ="GC Interval" value="200" />
  <attribute name="ProportionalT" value="-39.500000" />
  <attribute name="ProportionalI" value="-39.500000" />
  <attribute name="ProportionalH" value="-39.500000" />
  <attribute name="Current Error" value="-79.000000" />
  <attribute name="IntegralT" value="-6359.500000" />
  <attribute name="IntegralI" value="-6359.500000" />
  <attribute name="IntegralH" value="-6359.500000" />
  <attribute name="DerivativeT" value="-0.490683" />
  <attribute name="DerivativeI" value="-0.490683" />
  <attribute name="DerivativeH" value="-0.490683" />
  <attribute name="Loop Time for DT" value="161.000000" />
  <attribute name="Output H" value="4203675648"/>
  <attribute name="Output I" value="200"/>
  <attribute name="Output T" value="16"/>
  <attribute name="Target GC Util Change" value ="80.000000" />
  <attribute name="Current GC Util Change" value="1.000000"/>
  <attribute name="GC Util currently" value="1" />
  <attribute name="CPU Util currently" value="7178717296" />
<allocation-satisfied id="5191" threadId="0000000001842F00" bytesRequested="520" />
<af-end id="5192" timestamp="2019-08-10T03:39:08.909" threadId="0000000001843888" success="true" from="nursery"/>
<exclusive-end id="5193" timestamp="2019-08-10T03:39:08.909" durationms="1.240" />

<exclusive-start id="5194" timestamp="2019-08-10T03:39:09.006" intervalms="98.134">
  <response-info timems="0.024" idlems="0.024" threads="0" lastid="0000000001842F00" lastname="main" />
</exclusive-start>
<af-start id="5195" threadId="0000000001843888" totalBytesRequested="32" timestamp="2019-08-10T03:39:09.006" intervalms="98.145" type="nursery" />
<cycle-start id="5196" type="scavenge" contextid="0" timestamp="2019-08-10T03:39:09.006" intervalms="98.152" />
<gc-start id="5197" type="scavenge" contextid="5196" timestamp="2019-08-10T03:39:09.007">
  <mem-info id="5198" free="3967773120" total="4150001664" percent="95">
    <mem type="nursery" free="0" total="158597120" percent="0">
      <mem type="allocate" free="0" total="142737408" percent="0" />
      <mem type="survivor" free="0" total="15859712" percent="0" />
    </mem>
    <mem type="tenure" free="3967773120" total="3991404544" percent="99">
      <mem type="soa" free="3768232384" total="3791835136" percent="99" />
      <mem type="loa" free="199540736" total="199569408" percent="99" />
    </mem>
    <remembered-set count="148" />
  </mem-info>
</gc-start>
<allocation-stats totalBytes="142597712" >
  <allocated-bytes non-tlh="520" tlh="142597192" />
  <largest-consumer threadName="main" threadId="0000000001842F00" bytes="142597712" />
</allocation-stats>
<gc-op id="5199" type="scavenge" timems="0.924" contextid="5196" timestamp="2019-08-10T03:39:09.007">
  <scavenger-info tenureage="3" tenuremask="ffe8" tiltratio="90" />
  <memory-copied type="nursery" objects="104" bytes="3216" bytesdiscarded="29040" />
  <memory-copied type="tenure" objects="25" bytes="624" bytesdiscarded="0" />
  <references type="weak" candidates="2" cleared="0" enqueued="0" />
</gc-op>
<gc-end id="5200" type="scavenge" contextid="5196" durationms="1.025" usertimems="1.547" systemtimems="0.000" timestamp="2019-08-10T03:39:09.008" activeThreads="16">
  <mem-info id="5201" free="4110478272" total="4150001664" percent="99">
    <mem type="nursery" free="142705152" total="158597120" percent="89">
      <mem type="allocate" free="142705152" total="142737408" percent="99" />
      <mem type="survivor" free="0" total="15859712" percent="0" />
    </mem>
    <mem type="tenure" free="3967773120" total="3991404544" percent="99" macro-fragmented="0">
      <mem type="soa" free="3768232384" total="3791835136" percent="99" />
      <mem type="loa" free="199540736" total="199569408" percent="99" />
    </mem>
    <remembered-set count="139" />
  </mem-info>
</gc-end>
<cycle-end id="5202" type="scavenge" contextid="5196" timestamp="2019-08-10T03:39:09.008" />
  <attribute name="elasticGC enabled" value="1" />
  <attribute name= "numThreadsSpecified" value="16" />
  <attribute name="heapSize specified" value="-91291648" />
  <attribute name="Current GC Util" value="2" />
  <attribute name= "Current Time Running" value="149153" />
  <attribute name ="GC Interval" value="200" />
  <attribute name="ProportionalT" value="-39.000000" />
  <attribute name="ProportionalI" value="-39.000000" />
  <attribute name="ProportionalH" value="-39.000000" />
  <attribute name="Current Error" value="-78.000000" />
  <attribute name="IntegralT" value="-3822.000000" />
  <attribute name="IntegralI" value="-3822.000000" />
  <attribute name="IntegralH" value="-3822.000000" />
  <attribute name="DerivativeT" value="-0.795918" />
  <attribute name="DerivativeI" value="-0.795918" />
  <attribute name="DerivativeH" value="-0.795918" />
  <attribute name="Loop Time for DT" value="98.000000" />
  <attribute name="Output H" value="4203675648"/>
  <attribute name="Output I" value="200"/>
  <attribute name="Output T" value="16"/>
  <attribute name="Target GC Util Change" value ="80.000000" />
  <attribute name="Current GC Util Change" value="2.000000"/>
  <attribute name="GC Util currently" value="2" />
  <attribute name="CPU Util currently" value="11744761187" />
<allocation-satisfied id="5203" threadId="0000000001842F00" bytesRequested="32" />
<af-end id="5204" timestamp="2019-08-10T03:39:09.008" threadId="0000000001843888" success="true" from="nursery"/>
<exclusive-end id="5205" timestamp="2019-08-10T03:39:09.008" durationms="1.336" />

<exclusive-start id="5206" timestamp="2019-08-10T03:39:09.028" intervalms="21.690">
  <response-info timems="0.024" idlems="0.024" threads="0" lastid="0000000001842F00" lastname="main" />
</exclusive-start>
<af-start id="5207" threadId="0000000001843888" totalBytesRequested="32" timestamp="2019-08-10T03:39:09.028" intervalms="21.684" type="nursery" />
<cycle-start id="5208" type="scavenge" contextid="0" timestamp="2019-08-10T03:39:09.028" intervalms="21.682" />
<gc-start id="5209" type="scavenge" contextid="5208" timestamp="2019-08-10T03:39:09.028">
  <mem-info id="5210" free="3967773120" total="4150001664" percent="95">
    <mem type="nursery" free="0" total="158597120" percent="0">
      <mem type="allocate" free="0" total="142737408" percent="0" />
      <mem type="survivor" free="0" total="15859712" percent="0" />
    </mem>
    <mem type="tenure" free="3967773120" total="3991404544" percent="99">
      <mem type="soa" free="3768232384" total="3791835136" percent="99" />
      <mem type="loa" free="199540736" total="199569408" percent="99" />
    </mem>
    <remembered-set count="139" />
  </mem-info>
</gc-start>
<allocation-stats totalBytes="142451864" >
  <allocated-bytes non-tlh="32" tlh="142451832" />
  <largest-consumer threadName="main" threadId="0000000001842F00" bytes="142451864" />
</allocation-stats>
<gc-op id="5211" type="scavenge" timems="1.029" contextid="5208" timestamp="2019-08-10T03:39:09.029">
  <scavenger-info tenureage="3" tenuremask="ffe8" tiltratio="90" />
  <memory-copied type="nursery" objects="63" bytes="2696" bytesdiscarded="29560" />
  <memory-copied type="tenure" objects="42" bytes="1008" bytesdiscarded="0" />
  <references type="weak" candidates="2" cleared="0" enqueued="0" />
</gc-op>
<gc-end id="5212" type="scavenge" contextid="5208" durationms="1.129" usertimems="2.364" systemtimems="0.000" timestamp="2019-08-10T03:39:09.029" activeThreads="16">
  <mem-info id="5213" free="4110478272" total="4150001664" percent="99">
    <mem type="nursery" free="142705152" total="158597120" percent="89">
      <mem type="allocate" free="142705152" total="142737408" percent="99" />
      <mem type="survivor" free="0" total="15859712" percent="0" />
    </mem>
    <mem type="tenure" free="3967773120" total="3991404544" percent="99" macro-fragmented="0">
      <mem type="soa" free="3768232384" total="3791835136" percent="99" />
      <mem type="loa" free="199540736" total="199569408" percent="99" />
    </mem>
    <remembered-set count="125" />
  </mem-info>
</gc-end>
<cycle-end id="5214" type="scavenge" contextid="5208" timestamp="2019-08-10T03:39:09.029" />
  <attribute name="elasticGC enabled" value="1" />
  <attribute name= "numThreadsSpecified" value="16" />
  <attribute name="heapSize specified" value="-91291648" />
  <attribute name="Current GC Util" value="8" />
  <attribute name= "Current Time Running" value="149174" />
  <attribute name ="GC Interval" value="200" />
  <attribute name="ProportionalT" value="-36.000000" />
  <attribute name="ProportionalI" value="-36.000000" />
  <attribute name="ProportionalH" value="-36.000000" />
  <attribute name="Current Error" value="-72.000000" />
  <attribute name="IntegralT" value="-756.000000" />
  <attribute name="IntegralI" value="-756.000000" />
  <attribute name="IntegralH" value="-756.000000" />
  <attribute name="DerivativeT" value="-3.428571" />
  <attribute name="DerivativeI" value="-3.428571" />
  <attribute name="DerivativeH" value="-3.428571" />
  <attribute name="Loop Time for DT" value="21.000000" />
  <attribute name="Output H" value="4203675648"/>
  <attribute name="Output I" value="200"/>
  <attribute name="Output T" value="16"/>
  <attribute name="Target GC Util Change" value ="80.000000" />
  <attribute name="Current GC Util Change" value="8.000000"/>
  <attribute name="GC Util currently" value="8" />
  <attribute name="CPU Util currently" value="53188846323" />
<allocation-satisfied id="5215" threadId="0000000001842F00" bytesRequested="32" />
<af-end id="5216" timestamp="2019-08-10T03:39:09.029" threadId="0000000001843888" success="true" from="nursery"/>
<exclusive-end id="5217" timestamp="2019-08-10T03:39:09.029" durationms="1.396" />

<exclusive-start id="5218" timestamp="2019-08-10T03:39:09.142" intervalms="114.407">
  <response-info timems="0.081" idlems="0.081" threads="0" lastid="0000000001842F00" lastname="main" />
</exclusive-start>
<af-start id="5219" threadId="0000000001843888" totalBytesRequested="2008" timestamp="2019-08-10T03:39:09.143" intervalms="114.395" type="nursery" />
<cycle-start id="5220" type="scavenge" contextid="0" timestamp="2019-08-10T03:39:09.143" intervalms="114.389" />
<gc-start id="5221" type="scavenge" contextid="5220" timestamp="2019-08-10T03:39:09.143">
  <mem-info id="5222" free="3967773120" total="4150001664" percent="95">
    <mem type="nursery" free="0" total="158597120" percent="0">
      <mem type="allocate" free="0" total="142737408" percent="0" />
      <mem type="survivor" free="0" total="15859712" percent="0" />
    </mem>
    <mem type="tenure" free="3967773120" total="3991404544" percent="99">
      <mem type="soa" free="3768232384" total="3791835136" percent="99" />
      <mem type="loa" free="199540736" total="199569408" percent="99" />
    </mem>
    <remembered-set count="133" />
  </mem-info>
</gc-start>
<allocation-stats totalBytes="142577696" >
  <allocated-bytes non-tlh="32" tlh="142577664" />
  <largest-consumer threadName="main" threadId="0000000001842F00" bytes="142577696" />
</allocation-stats>
<gc-op id="5223" type="scavenge" timems="1.283" contextid="5220" timestamp="2019-08-10T03:39:09.144">
  <scavenger-info tenureage="3" tenuremask="ffe8" tiltratio="90" />
  <memory-copied type="nursery" objects="65" bytes="4912" bytesdiscarded="11216" />
  <memory-copied type="tenure" objects="32" bytes="784" bytesdiscarded="0" />
</gc-op>
<gc-end id="5224" type="scavenge" contextid="5220" durationms="1.384" usertimems="3.013" systemtimems="0.000" timestamp="2019-08-10T03:39:09.144" activeThreads="16">
  <mem-info id="5225" free="4110494400" total="4150001664" percent="99">
    <mem type="nursery" free="142721280" total="158597120" percent="89">
      <mem type="allocate" free="142721280" total="142737408" percent="99" />
      <mem type="survivor" free="0" total="15859712" percent="0" />
    </mem>
    <mem type="tenure" free="3967773120" total="3991404544" percent="99" macro-fragmented="0">
      <mem type="soa" free="3768232384" total="3791835136" percent="99" />
      <mem type="loa" free="199540736" total="199569408" percent="99" />
    </mem>
    <remembered-set count="122" />
  </mem-info>
</gc-end>
<cycle-end id="5226" type="scavenge" contextid="5220" timestamp="2019-08-10T03:39:09.144" />
  <attribute name="elasticGC enabled" value="1" />
  <attribute name= "numThreadsSpecified" value="16" />
  <attribute name="heapSize specified" value="-91291648" />
  <attribute name="Current GC Util" value="2" />
  <attribute name= "Current Time Running" value="149289" />
  <attribute name ="GC Interval" value="200" />
  <attribute name="ProportionalT" value="-39.000000" />
  <attribute name="ProportionalI" value="-39.000000" />
  <attribute name="ProportionalH" value="-39.000000" />
  <attribute name="Current Error" value="-78.000000" />
  <attribute name="IntegralT" value="-4485.000000" />
  <attribute name="IntegralI" value="-4485.000000" />
  <attribute name="IntegralH" value="-4485.000000" />
  <attribute name="DerivativeT" value="-0.678261" />
  <attribute name="DerivativeI" value="-0.678261" />
  <attribute name="DerivativeH" value="-0.678261" />
  <attribute name="Loop Time for DT" value="115.000000" />
  <attribute name="Output H" value="4203675648"/>
  <attribute name="Output I" value="200"/>
  <attribute name="Output T" value="16"/>
  <attribute name="Target GC Util Change" value ="80.000000" />
  <attribute name="Current GC Util Change" value="2.000000"/>
  <attribute name="GC Util currently" value="2" />
  <attribute name="CPU Util currently" value="10080092949" />
<allocation-satisfied id="5227" threadId="0000000001842F00" bytesRequested="2008" />
<af-end id="5228" timestamp="2019-08-10T03:39:09.144" threadId="0000000001843888" success="true" from="nursery"/>
<exclusive-end id="5229" timestamp="2019-08-10T03:39:09.144" durationms="1.606" />

<exclusive-start id="5230" timestamp="2019-08-10T03:39:09.380" intervalms="237.067">
  <response-info timems="0.016" idlems="0.016" threads="0" lastid="0000000001842F00" lastname="main" />
</exclusive-start>
<af-start id="5231" threadId="0000000001843888" totalBytesRequested="16" timestamp="2019-08-10T03:39:09.380" intervalms="237.077" type="nursery" />
<cycle-start id="5232" type="scavenge" contextid="0" timestamp="2019-08-10T03:39:09.380" intervalms="237.076" />
<gc-start id="5233" type="scavenge" contextid="5232" timestamp="2019-08-10T03:39:09.380">
  <mem-info id="5234" free="3967773120" total="4150001664" percent="95">
    <mem type="nursery" free="0" total="158597120" percent="0">
      <mem type="allocate" free="0" total="142737408" percent="0" />
      <mem type="survivor" free="0" total="15859712" percent="0" />
    </mem>
    <mem type="tenure" free="3967773120" total="3991404544" percent="99">
      <mem type="soa" free="3768232384" total="3791835136" percent="99" />
      <mem type="loa" free="199540736" total="199569408" percent="99" />
    </mem>
    <remembered-set count="127" />
  </mem-info>
</gc-start>
<allocation-stats totalBytes="142608128" >
  <allocated-bytes non-tlh="2008" tlh="142606120" />
  <largest-consumer threadName="main" threadId="0000000001842F00" bytes="142608128" />
</allocation-stats>
<gc-op id="5235" type="scavenge" timems="2.058" contextid="5232" timestamp="2019-08-10T03:39:09.382">
  <scavenger-info tenureage="5" tenuremask="ffe0" tiltratio="90" />
  <memory-copied type="nursery" objects="70" bytes="2064" bytesdiscarded="37872" />
  <references type="weak" candidates="2" cleared="0" enqueued="0" />
</gc-op>
<gc-end id="5236" type="scavenge" contextid="5232" durationms="2.253" usertimems="4.835" systemtimems="0.000" timestamp="2019-08-10T03:39:09.382" activeThreads="16">
  <mem-info id="5237" free="4110470592" total="4150001664" percent="99">
    <mem type="nursery" free="142697472" total="158597120" percent="89">
      <mem type="allocate" free="142697472" total="142737408" percent="99" />
      <mem type="survivor" free="0" total="15859712" percent="0" />
    </mem>
    <mem type="tenure" free="3967773120" total="3991404544" percent="99" macro-fragmented="0">
      <mem type="soa" free="3768232384" total="3791835136" percent="99" />
      <mem type="loa" free="199540736" total="199569408" percent="99" />
    </mem>
    <remembered-set count="127" />
  </mem-info>
</gc-end>
<cycle-end id="5238" type="scavenge" contextid="5232" timestamp="2019-08-10T03:39:09.382" />
  <attribute name="elasticGC enabled" value="1" />
  <attribute name= "numThreadsSpecified" value="16" />
  <attribute name="heapSize specified" value="-91291648" />
  <attribute name="Current GC Util" value="1" />
  <attribute name= "Current Time Running" value="149526" />
  <attribute name ="GC Interval" value="200" />
  <attribute name="ProportionalT" value="-39.500000" />
  <attribute name="ProportionalI" value="-39.500000" />
  <attribute name="ProportionalH" value="-39.500000" />
  <attribute name="Current Error" value="-79.000000" />
  <attribute name="IntegralT" value="-9361.500000" />
  <attribute name="IntegralI" value="-9361.500000" />
  <attribute name="IntegralH" value="-9361.500000" />
  <attribute name="DerivativeT" value="-0.333333" />
  <attribute name="DerivativeI" value="-0.333333" />
  <attribute name="DerivativeH" value="-0.333333" />
  <attribute name="Loop Time for DT" value="237.000000" />
  <attribute name="Output H" value="4203675648"/>
  <attribute name="Output I" value="200"/>
  <attribute name="Output T" value="16"/>
  <attribute name="Target GC Util Change" value ="80.000000" />
  <attribute name="Current GC Util Change" value="1.000000"/>
  <attribute name="GC Util currently" value="1" />
  <attribute name="CPU Util currently" value="4863053544" />
<allocation-satisfied id="5239" threadId="0000000001842F00" bytesRequested="16" />
<af-end id="5240" timestamp="2019-08-10T03:39:09.382" threadId="0000000001843888" success="true" from="nursery"/>
<exclusive-end id="5241" timestamp="2019-08-10T03:39:09.382" durationms="2.475" />

<exclusive-start id="5242" timestamp="2019-08-10T03:39:09.633" intervalms="253.124">
  <response-info timems="0.053" idlems="0.053" threads="0" lastid="0000000001842F00" lastname="main" />
</exclusive-start>
<af-start id="5243" threadId="0000000001843888" totalBytesRequested="40" timestamp="2019-08-10T03:39:09.633" intervalms="253.156" type="nursery" />
<cycle-start id="5244" type="scavenge" contextid="0" timestamp="2019-08-10T03:39:09.633" intervalms="253.161" />
<gc-start id="5245" type="scavenge" contextid="5244" timestamp="2019-08-10T03:39:09.633">
  <mem-info id="5246" free="3967773120" total="4150001664" percent="95">
    <mem type="nursery" free="0" total="158597120" percent="0">
      <mem type="allocate" free="0" total="142737408" percent="0" />
      <mem type="survivor" free="0" total="15859712" percent="0" />
    </mem>
    <mem type="tenure" free="3967773120" total="3991404544" percent="99">
      <mem type="soa" free="3768232384" total="3791835136" percent="99" />
      <mem type="loa" free="199540736" total="199569408" percent="99" />
    </mem>
    <remembered-set count="127" />
  </mem-info>
</gc-start>
<allocation-stats totalBytes="142671712" >
  <allocated-bytes non-tlh="16" tlh="142671696" />
  <largest-consumer threadName="main" threadId="0000000001842F00" bytes="142671712" />
</allocation-stats>
<gc-op id="5247" type="scavenge" timems="1.301" contextid="5244" timestamp="2019-08-10T03:39:09.634">
  <scavenger-info tenureage="4" tenuremask="fe10" tiltratio="90" />
  <memory-copied type="nursery" objects="56" bytes="1656" bytesdiscarded="30600" />
  <memory-copied type="tenure" objects="12" bytes="288" bytesdiscarded="0" />
  <references type="weak" candidates="2" cleared="0" enqueued="0" />
</gc-op>
<gc-end id="5248" type="scavenge" contextid="5244" durationms="1.604" usertimems="3.633" systemtimems="0.000" timestamp="2019-08-10T03:39:09.634" activeThreads="16">
  <mem-info id="5249" free="4110478272" total="4150001664" percent="99">
    <mem type="nursery" free="142705152" total="158597120" percent="89">
      <mem type="allocate" free="142705152" total="142737408" percent="99" />
      <mem type="survivor" free="0" total="15859712" percent="0" />
    </mem>
    <mem type="tenure" free="3967773120" total="3991404544" percent="99" macro-fragmented="0">
      <mem type="soa" free="3768232384" total="3791835136" percent="99" />
      <mem type="loa" free="199540736" total="199569408" percent="99" />
    </mem>
    <remembered-set count="123" />
  </mem-info>
</gc-end>
<cycle-end id="5250" type="scavenge" contextid="5244" timestamp="2019-08-10T03:39:09.635" />
  <attribute name="elasticGC enabled" value="1" />
  <attribute name= "numThreadsSpecified" value="16" />
  <attribute name="heapSize specified" value="-91291648" />
  <attribute name="Current GC Util" value="1" />
  <attribute name= "Current Time Running" value="149779" />
  <attribute name ="GC Interval" value="200" />
  <attribute name="ProportionalT" value="-39.500000" />
  <attribute name="ProportionalI" value="-39.500000" />
  <attribute name="ProportionalH" value="-39.500000" />
  <attribute name="Current Error" value="-79.000000" />
  <attribute name="IntegralT" value="-9993.500000" />
  <attribute name="IntegralI" value="-9993.500000" />
  <attribute name="IntegralH" value="-9993.500000" />
  <attribute name="DerivativeT" value="-0.312253" />
  <attribute name="DerivativeI" value="-0.312253" />
  <attribute name="DerivativeH" value="-0.312253" />
  <attribute name="Loop Time for DT" value="253.000000" />
  <attribute name="Output H" value="4203675648"/>
  <attribute name="Output I" value="200"/>
  <attribute name="Output T" value="16"/>
  <attribute name="Target GC Util Change" value ="80.000000" />
  <attribute name="Current GC Util Change" value="1.000000"/>
  <attribute name="GC Util currently" value="1" />
  <attribute name="CPU Util currently" value="4552359250" />
<allocation-satisfied id="5251" threadId="0000000001842F00" bytesRequested="40" />
<af-end id="5252" timestamp="2019-08-10T03:39:09.635" threadId="0000000001843888" success="true" from="nursery"/>
<exclusive-end id="5253" timestamp="2019-08-10T03:39:09.635" durationms="1.936" />

<exclusive-start id="5254" timestamp="2019-08-10T03:39:09.683" intervalms="49.914">
  <response-info timems="0.050" idlems="0.050" threads="0" lastid="0000000001842F00" lastname="main" />
</exclusive-start>
<af-start id="5255" threadId="0000000001843888" totalBytesRequested="584" timestamp="2019-08-10T03:39:09.683" intervalms="49.879" type="nursery" />
<cycle-start id="5256" type="scavenge" contextid="0" timestamp="2019-08-10T03:39:09.683" intervalms="49.876" />
<gc-start id="5257" type="scavenge" contextid="5256" timestamp="2019-08-10T03:39:09.683">
  <mem-info id="5258" free="3967773120" total="4150001664" percent="95">
    <mem type="nursery" free="0" total="158597120" percent="0">
      <mem type="allocate" free="0" total="142737408" percent="0" />
      <mem type="survivor" free="0" total="15859712" percent="0" />
    </mem>
    <mem type="tenure" free="3967773120" total="3991404544" percent="99">
      <mem type="soa" free="3768232384" total="3791835136" percent="99" />
      <mem type="loa" free="199540736" total="199569408" percent="99" />
    </mem>
    <remembered-set count="125" />
  </mem-info>
</gc-start>
<allocation-stats totalBytes="142520728" >
  <allocated-bytes non-tlh="40" tlh="142520688" />
  <largest-consumer threadName="main" threadId="0000000001842F00" bytes="142520728" />
</allocation-stats>
<gc-op id="5259" type="scavenge" timems="2.475" contextid="5256" timestamp="2019-08-10T03:39:09.685">
  <scavenger-info tenureage="3" tenuremask="ffd8" tiltratio="90" />
  <memory-copied type="nursery" objects="39" bytes="1680" bytesdiscarded="30576" />
  <memory-copied type="tenure" objects="24" bytes="576" bytesdiscarded="0" />
  <references type="weak" candidates="2" cleared="0" enqueued="0" />
</gc-op>
<gc-end id="5260" type="scavenge" contextid="5256" durationms="2.773" usertimems="3.822" systemtimems="0.000" timestamp="2019-08-10T03:39:09.685" activeThreads="16">
  <mem-info id="5261" free="4110478272" total="4150001664" percent="99">
    <mem type="nursery" free="142705152" total="158597120" percent="89">
      <mem type="allocate" free="142705152" total="142737408" percent="99" />
      <mem type="survivor" free="0" total="15859712" percent="0" />
    </mem>
    <mem type="tenure" free="3967773120" total="3991404544" percent="99" macro-fragmented="0">
      <mem type="soa" free="3768232384" total="3791835136" percent="99" />
      <mem type="loa" free="199540736" total="199569408" percent="99" />
    </mem>
    <remembered-set count="117" />
  </mem-info>
</gc-end>
<cycle-end id="5262" type="scavenge" contextid="5256" timestamp="2019-08-10T03:39:09.686" />
  <attribute name="elasticGC enabled" value="1" />
  <attribute name= "numThreadsSpecified" value="16" />
  <attribute name="heapSize specified" value="-91291648" />
  <attribute name="Current GC Util" value="5" />
  <attribute name= "Current Time Running" value="149830" />
  <attribute name ="GC Interval" value="200" />
  <attribute name="ProportionalT" value="-37.500000" />
  <attribute name="ProportionalI" value="-37.500000" />
  <attribute name="ProportionalH" value="-37.500000" />
  <attribute name="Current Error" value="-75.000000" />
  <attribute name="IntegralT" value="-1912.500000" />
  <attribute name="IntegralI" value="-1912.500000" />
  <attribute name="IntegralH" value="-1912.500000" />
  <attribute name="DerivativeT" value="-1.470588" />
  <attribute name="DerivativeI" value="-1.470588" />
  <attribute name="DerivativeH" value="-1.470588" />
  <attribute name="Loop Time for DT" value="51.000000" />
  <attribute name="Output H" value="4203675648"/>
  <attribute name="Output I" value="200"/>
  <attribute name="Output T" value="16"/>
  <attribute name="Target GC Util Change" value ="80.000000" />
  <attribute name="Current GC Util Change" value="5.000000"/>
  <attribute name="GC Util currently" value="5" />
  <attribute name="CPU Util currently" value="22858646079" />
<allocation-satisfied id="5263" threadId="0000000001842F00" bytesRequested="584" />
<af-end id="5264" timestamp="2019-08-10T03:39:09.686" threadId="0000000001843888" success="true" from="nursery"/>
<exclusive-end id="5265" timestamp="2019-08-10T03:39:09.686" durationms="3.007" />

* Round 4 done in 2.202 seconds.

-------------------------------------------------------------------------------
Benchmark: 2019-08-10 03:38:45
-------------------------------------------------------------------------------

    Rounds: 4
    Warp:   10
    Timer:  time.time

Test                             minimum  average  operation  overhead
-------------------------------------------------------------------------------
          BuiltinFunctionCalls:     14ms     58ms    0.11us    0.000ms
           BuiltinMethodLookup:     46ms    100ms    0.09us    0.000ms
                 CompareFloats:     15ms    132ms    0.11us    0.000ms
         CompareFloatsIntegers:     19ms     95ms    0.11us    0.000ms
               CompareIntegers:     22ms     71ms    0.04us    0.000ms
        CompareInternedStrings:     35ms    152ms    0.10us    0.000ms
                  CompareLongs:     17ms     75ms    0.07us    0.000ms
                CompareStrings:     25ms     65ms    0.06us    0.000ms
                CompareUnicode:     21ms     82ms    0.11us    0.000ms
                 ConcatStrings:     71ms    150ms    0.30us    0.000ms
                 ConcatUnicode:     46ms    113ms    0.38us    0.000ms
               CreateInstances:     35ms    106ms    0.95us    0.000ms
            CreateNewInstances:     53ms    105ms    1.25us    0.000ms
       CreateStringsWithConcat:     41ms     92ms    0.09us    0.000ms
       CreateUnicodeWithConcat:     20ms     39ms    0.10us    0.000ms
                  DictCreation:     29ms    105ms    0.26us    0.000ms
             DictWithFloatKeys:     16ms    109ms    0.12us    0.000ms
           DictWithIntegerKeys:     18ms     57ms    0.05us    0.000ms
            DictWithStringKeys:     18ms     72ms    0.06us    0.000ms
                      ForLoops:    101ms    139ms    5.56us    0.000ms
                    IfThenElse:     20ms     58ms    0.04us    0.000ms
                   ListSlicing:      8ms    145ms   10.34us    0.000ms
                NestedForLoops:     85ms    185ms    0.12us    0.000ms
          NormalClassAttribute:     24ms     80ms    0.07us    0.000ms
       NormalInstanceAttribute:     23ms     69ms    0.06us    0.000ms
           PythonFunctionCalls:     24ms     86ms    0.26us    0.000ms
             PythonMethodCalls:     31ms     87ms    0.39us    0.000ms
                     Recursion:     38ms    166ms    3.33us    0.000ms
                  SecondImport:     34ms    121ms    1.21us    0.000ms
           SecondPackageImport:     35ms     47ms    0.47us    0.000ms
         SecondSubmoduleImport:     56ms     91ms    0.91us    0.000ms
       SimpleComplexArithmetic:     15ms    106ms    0.12us    0.000ms
        SimpleDictManipulation:     26ms    156ms    0.13us    0.000ms
         SimpleFloatArithmetic:     20ms    148ms    0.11us    0.000ms
      SimpleIntFloatArithmetic:     20ms    155ms    0.12us    0.000ms
       SimpleIntegerArithmetic:     19ms    100ms    0.08us    0.000ms
        SimpleListManipulation:     39ms    169ms    0.14us    0.000ms
          SimpleLongArithmetic:     20ms     94ms    0.14us    0.000ms
                    SmallLists:     42ms     83ms    0.12us    0.000ms
                   SmallTuples:     46ms    166ms    0.31us    0.000ms
         SpecialClassAttribute:     25ms     79ms    0.07us    0.000ms
      SpecialInstanceAttribute:     23ms     86ms    0.07us    0.000ms
                StringMappings:     63ms    235ms    0.93us    0.000ms
              StringPredicates:     39ms    210ms    0.30us    0.000ms
                 StringSlicing:     28ms     63ms    0.11us    0.000ms
                     TryExcept:      2ms     36ms    0.02us    0.000ms
                TryRaiseExcept:     88ms    123ms    1.93us    0.000ms
                  TupleSlicing:     18ms     40ms    0.15us    0.000ms
               UnicodeMappings:    101ms    188ms    5.23us    0.000ms
             UnicodePredicates:     52ms    113ms    0.21us    0.000ms
             UnicodeProperties:    364ms    581ms    1.45us    0.000ms
                UnicodeSlicing:     34ms     59ms    0.12us    0.000ms
-------------------------------------------------------------------------------
Totals:                           2124ms   6042ms

===== DaCapo 9.12-MR1 jython PASSED in 27543 msec =====
<exclusive-start id="5266" timestamp="2019-08-10T03:39:11.101" intervalms="1418.635">
  <response-info timems="0.073" idlems="0.073" threads="0" lastid="0000000001842F00" lastname="main" />
</exclusive-start>
<af-start id="5267" threadId="0000000001843888" totalBytesRequested="96632" timestamp="2019-08-10T03:39:11.101" intervalms="1418.650" type="nursery" />
<cycle-start id="5268" type="scavenge" contextid="0" timestamp="2019-08-10T03:39:11.101" intervalms="1418.658" />
<gc-start id="5269" type="scavenge" contextid="5268" timestamp="2019-08-10T03:39:11.101">
  <mem-info id="5270" free="3967821192" total="4150001664" percent="95">
    <mem type="nursery" free="85168" total="158597120" percent="0">
      <mem type="allocate" free="85168" total="142737408" percent="0" />
      <mem type="survivor" free="0" total="15859712" percent="0" />
    </mem>
    <mem type="tenure" free="3967736024" total="3991404544" percent="99">
      <mem type="soa" free="3768195288" total="3791835136" percent="99" />
      <mem type="loa" free="199540736" total="199569408" percent="99" />
    </mem>
    <remembered-set count="661" />
  </mem-info>
</gc-start>
<allocation-stats totalBytes="131897984" >
  <allocated-bytes non-tlh="12666424" tlh="119231560" />
  <largest-consumer threadName="main" threadId="0000000001842F00" bytes="131897984" />
</allocation-stats>
<gc-op id="5271" type="scavenge" timems="5.016" contextid="5268" timestamp="2019-08-10T03:39:11.106">
  <scavenger-info tenureage="5" tenuremask="ffe0" tiltratio="90" />
  <memory-copied type="nursery" objects="3994" bytes="620912" bytesdiscarded="106008" />
  <finalization candidates="1" enqueued="1" />
  <ownableSynchronizers candidates="3" cleared="3" />
  <references type="soft" candidates="7" cleared="0" enqueued="0" dynamicThreshold="31" maxThreshold="32" />
  <references type="weak" candidates="79" cleared="62" enqueued="60" />
  <references type="phantom" candidates="38" cleared="11" enqueued="11" />
</gc-op>
<gc-end id="5272" type="scavenge" contextid="5268" durationms="5.316" usertimems="5.165" systemtimems="0.000" timestamp="2019-08-10T03:39:11.107" activeThreads="16">
  <mem-info id="5273" free="4109746384" total="4150001664" percent="99">
    <mem type="nursery" free="142010360" total="158597120" percent="89">
      <mem type="allocate" free="142010360" total="142737408" percent="99" />
      <mem type="survivor" free="0" total="15859712" percent="0" />
    </mem>
    <mem type="tenure" free="3967736024" total="3991404544" percent="99" macro-fragmented="0">
      <mem type="soa" free="3768195288" total="3791835136" percent="99" />
      <mem type="loa" free="199540736" total="199569408" percent="99" />
    </mem>
    <pending-finalizers system="1" default="0" reference="71" classloader="0" />
    <remembered-set count="650" />
  </mem-info>
</gc-end>
<cycle-end id="5274" type="scavenge" contextid="5268" timestamp="2019-08-10T03:39:11.107" />
  <attribute name="elasticGC enabled" value="1" />
  <attribute name= "numThreadsSpecified" value="16" />
  <attribute name="heapSize specified" value="-91291648" />
  <attribute name="Current GC Util" value="0" />
  <attribute name= "Current Time Running" value="151248" />
  <attribute name ="GC Interval" value="200" />
  <attribute name="ProportionalT" value="-40.000000" />
  <attribute name="ProportionalI" value="-40.000000" />
  <attribute name="ProportionalH" value="-40.000000" />
  <attribute name="Current Error" value="-80.000000" />
  <attribute name="IntegralT" value="-56720.000000" />
  <attribute name="IntegralI" value="-56720.000000" />
  <attribute name="IntegralH" value="-56720.000000" />
  <attribute name="DerivativeT" value="-0.056417" />
  <attribute name="DerivativeI" value="-0.056417" />
  <attribute name="DerivativeH" value="-0.056417" />
  <attribute name="Loop Time for DT" value="1418.000000" />
  <attribute name="Output H" value="4203675648"/>
  <attribute name="Output I" value="200"/>
  <attribute name="Output T" value="16"/>
  <attribute name="Target GC Util Change" value ="80.000000" />
  <attribute name="Current GC Util Change" value="0.000000"/>
  <attribute name="GC Util currently" value="0" />
  <attribute name="CPU Util currently" value="2" />
<allocation-satisfied id="5275" threadId="0000000001842F00" bytesRequested="96632" />
<af-end id="5276" timestamp="2019-08-10T03:39:11.107" threadId="0000000001843888" success="true" from="nursery"/>
<exclusive-end id="5277" timestamp="2019-08-10T03:39:11.107" durationms="5.812" />

<exclusive-start id="5278" timestamp="2019-08-10T03:39:11.117" intervalms="15.309">
  <response-info timems="0.025" idlems="0.025" threads="0" lastid="0000000001842F00" lastname="main" />
</exclusive-start>
<sys-start reason="explicit" id="5279" timestamp="2019-08-10T03:39:11.117" intervalms="29009.082" />
<cycle-start id="5280" type="global" contextid="0" timestamp="2019-08-10T03:39:11.117" intervalms="29009.078" />
<gc-start id="5281" type="global" contextid="5280" timestamp="2019-08-10T03:39:11.117">
  <mem-info id="5282" free="4016584048" total="4150001664" percent="96">
    <mem type="nursery" free="48848024" total="158597120" percent="30">
      <mem type="allocate" free="48848024" total="142737408" percent="34" />
      <mem type="survivor" free="0" total="15859712" percent="0" />
    </mem>
    <mem type="tenure" free="3967736024" total="3991404544" percent="99">
      <mem type="soa" free="3768195288" total="3791835136" percent="99" />
      <mem type="loa" free="199540736" total="199569408" percent="99" />
    </mem>
    <remembered-set count="653" />
  </mem-info>
</gc-start>
<allocation-stats totalBytes="89249992" >
  <allocated-bytes non-tlh="61307744" tlh="27942248" />
  <largest-consumer threadName="main" threadId="0000000001842F00" bytes="89245896" />
</allocation-stats>
<gc-op id="5283" type="mark" timems="57.882" contextid="5280" timestamp="2019-08-10T03:39:11.175">
  <trace-info objectcount="610940" scancount="530266" scanbytes="13717620" />
  <finalization candidates="81" enqueued="1" />
  <ownableSynchronizers candidates="21" cleared="0" />
  <references type="soft" candidates="4875" cleared="0" enqueued="0" dynamicThreshold="31" maxThreshold="32" />
  <references type="weak" candidates="5635" cleared="13" enqueued="8" />
  <references type="phantom" candidates="99" cleared="1" enqueued="1" />
  <stringconstants candidates="14288" cleared="32"  />
</gc-op>
<gc-op id="5284" type="classunload" timems="0.780" contextid="5280" timestamp="2019-08-10T03:39:11.175">
  <classunload-info classloadercandidates="60" classloadersunloaded="5" classesunloaded="5" anonymousclassesunloaded="0" quiescems="0.000" setupms="0.742" scanms="0.030" postms="0.008" />
</gc-op>
<gc-op id="5285" type="sweep" timems="15.293" contextid="5280" timestamp="2019-08-10T03:39:11.191" />
<mem-info id="5286" free="4115183944" total="4150001664" percent="99">
  <mem type="nursery" free="142280904" total="158597120" percent="89">
    <mem type="allocate" free="142280904" total="142737408" percent="99" />
    <mem type="survivor" free="0" total="15859712" percent="0" />
  </mem>
  <mem type="tenure" free="3972903040" total="3991404544" percent="99" micro-fragmented="138589" macro-fragmented="0">
    <mem type="soa" free="3773333632" total="3791835136" percent="99" />
    <mem type="loa" free="199569408" total="199569408" percent="100" />
  </mem>
  <pending-finalizers system="0" default="1" reference="9" classloader="0" />
  <remembered-set count="617" />
</mem-info>
<gc-op id="5287" type="compact" timems="197.938" contextid="5280" timestamp="2019-08-10T03:39:11.389">
  <compact-info movecount="599415" movebytes="18323024" reason="compact to aid heap contraction" />
</gc-op>
<heap-resize id="5288" type="contract" space="tenure" amount="199557120" count="1" timems="3.038" reason="heap reconfiguration" timestamp="2019-08-10T03:39:11.396" />
<gc-end id="5289" type="global" contextid="5280" durationms="286.330" usertimems="525.397" systemtimems="0.000" timestamp="2019-08-10T03:39:11.403" activeThreads="16">
  <mem-info id="5290" free="3915779808" total="3950444544" percent="99">
    <mem type="nursery" free="142285824" total="158597120" percent="89">
      <mem type="allocate" free="142285824" total="142737408" percent="99" />
      <mem type="survivor" free="0" total="15859712" percent="0" />
    </mem>
    <mem type="tenure" free="3773493984" total="3791847424" percent="99">
      <mem type="soa" free="3583914720" total="3602255872" percent="99" />
      <mem type="loa" free="189579264" total="189591552" percent="99" />
    </mem>
    <pending-finalizers system="0" default="1" reference="9" classloader="0" />
    <remembered-set count="617" />
  </mem-info>
</gc-end>
<cycle-end id="5291" type="global" contextid="5280" timestamp="2019-08-10T03:39:11.403" />
  <attribute name="elasticGC enabled" value="1" />
  <attribute name= "numThreadsSpecified" value="16" />
  <attribute name="heapSize specified" value="-144965632" />
  <attribute name="Current GC Util" value="210" />
  <attribute name= "Current Time Running" value="151535" />
  <attribute name ="GC Interval" value="200" />
  <attribute name="ProportionalT" value="65.000000" />
  <attribute name="ProportionalI" value="65.000000" />
  <attribute name="ProportionalH" value="65.000000" />
  <attribute name="Current Error" value="130.000000" />
  <attribute name="IntegralT" value="12870.000000" />
  <attribute name="IntegralI" value="12870.000000" />
  <attribute name="IntegralH" value="12870.000000" />
  <attribute name="DerivativeT" value="0.454545" />
  <attribute name="DerivativeI" value="0.454545" />
  <attribute name="DerivativeH" value="0.454545" />
  <attribute name="Loop Time for DT" value="198.000000" />
  <attribute name="Output H" value="8388608"/>
  <attribute name="Output I" value="4000"/>
  <attribute name="Output T" value="16"/>
  <attribute name="Target GC Util Change" value ="80.000000" />
  <attribute name="Current GC Util Change" value="210.000000"/>
  <attribute name="GC Util currently" value="210" />
  <attribute name="CPU Util currently" value="5823559350" />
<sys-end id="5292" timestamp="2019-08-10T03:39:11.403" />
<exclusive-end id="5293" timestamp="2019-08-10T03:39:11.403" durationms="286.574" />

===== DaCapo 9.12-MR1 pmd starting =====
<exclusive-start id="5294" timestamp="2019-08-10T03:39:15.564" intervalms="4447.822">
  <response-info timems="2.128" idlems="2.128" threads="0" lastid="0000000001B2D300" lastname="PmdThread 2" />
</exclusive-start>
<af-start id="5295" threadId="0000000001B2DC88" totalBytesRequested="16392" timestamp="2019-08-10T03:39:15.564" intervalms="4463.149" type="nursery" />
<cycle-start id="5296" type="scavenge" contextid="0" timestamp="2019-08-10T03:39:15.564" intervalms="4463.156" />
<gc-start id="5297" type="scavenge" contextid="5296" timestamp="2019-08-10T03:39:15.565">
  <mem-info id="5298" free="3773295480" total="3950444544" percent="95">
    <mem type="nursery" free="0" total="158597120" percent="0">
      <mem type="allocate" free="0" total="142737408" percent="0" />
      <mem type="survivor" free="0" total="15859712" percent="0" />
    </mem>
    <mem type="tenure" free="3773295480" total="3791847424" percent="99">
      <mem type="soa" free="3583716216" total="3602255872" percent="99" />
      <mem type="loa" free="189579264" total="189591552" percent="99" />
    </mem>
    <remembered-set count="3083" />
  </mem-info>
</gc-start>
<allocation-stats totalBytes="142351696" >
  <allocated-bytes non-tlh="606024" tlh="141745672" />
  <largest-consumer threadName="PmdThread 15" threadId="0000000001B83500" bytes="12531360" />
</allocation-stats>
<gc-op id="5299" type="scavenge" timems="96.934" contextid="5296" timestamp="2019-08-10T03:39:15.662">
  <scavenger-info tenureage="3" tenuremask="fff8" tiltratio="90" />
  <memory-copied type="nursery" objects="297061" bytes="14054192" bytesdiscarded="270224" />
  <memory-copied type="tenure" objects="2" bytes="64" bytesdiscarded="0" />
  <finalization candidates="4" enqueued="0" />
  <ownableSynchronizers candidates="61" cleared="42" />
  <references type="soft" candidates="160" cleared="0" enqueued="0" dynamicThreshold="31" maxThreshold="32" />
  <references type="weak" candidates="1922" cleared="1510" enqueued="1442" />
  <references type="phantom" candidates="463" cleared="214" enqueued="214" />
</gc-op>
<gc-end id="5300" type="scavenge" contextid="5296" durationms="99.067" usertimems="108.586" systemtimems="48.705" timestamp="2019-08-10T03:39:15.664" activeThreads="16">
  <mem-info id="5301" free="3890839872" total="3950444544" percent="98">
    <mem type="nursery" free="117568200" total="158597120" percent="74">
      <mem type="allocate" free="117568200" total="131923968" percent="89" />
      <mem type="survivor" free="0" total="26673152" percent="0" />
    </mem>
    <mem type="tenure" free="3773271672" total="3791847424" percent="99" macro-fragmented="0">
      <mem type="soa" free="3583692408" total="3602255872" percent="99" />
      <mem type="loa" free="189579264" total="189591552" percent="99" />
    </mem>
    <pending-finalizers system="0" default="0" reference="1656" classloader="0" />
    <remembered-set count="3063" />
  </mem-info>
</gc-end>
<cycle-end id="5302" type="scavenge" contextid="5296" timestamp="2019-08-10T03:39:15.665" />
  <attribute name="elasticGC enabled" value="1" />
  <attribute name= "numThreadsSpecified" value="16" />
  <attribute name="heapSize specified" value="-144965632" />
  <attribute name="Current GC Util" value="0" />
  <attribute name= "Current Time Running" value="155711" />
  <attribute name ="GC Interval" value="200" />
  <attribute name="ProportionalT" value="-40.000000" />
  <attribute name="ProportionalI" value="-40.000000" />
  <attribute name="ProportionalH" value="-40.000000" />
  <attribute name="Current Error" value="-80.000000" />
  <attribute name="IntegralT" value="-167040.000000" />
  <attribute name="IntegralI" value="-167040.000000" />
  <attribute name="IntegralH" value="-167040.000000" />
  <attribute name="DerivativeT" value="-0.050287" />
  <attribute name="DerivativeI" value="-0.050287" />
  <attribute name="DerivativeH" value="-0.050287" />
  <attribute name="Loop Time for DT" value="4176.000000" />
  <attribute name="Output H" value="4203675648"/>
  <attribute name="Output I" value="200"/>
  <attribute name="Output T" value="16"/>
  <attribute name="Target GC Util Change" value ="80.000000" />
  <attribute name="Current GC Util Change" value="0.000000"/>
  <attribute name="GC Util currently" value="0" />
  <attribute name="CPU Util currently" value="33" />
<allocation-satisfied id="5303" threadId="0000000001B2D300" bytesRequested="16392" />
<af-end id="5304" timestamp="2019-08-10T03:39:15.668" threadId="0000000001B2DC88" success="true" from="nursery"/>
<exclusive-end id="5305" timestamp="2019-08-10T03:39:15.668" durationms="103.713" />

<exclusive-start id="5306" timestamp="2019-08-10T03:39:17.115" intervalms="1551.020">
  <response-info timems="5.074" idlems="2.559" threads="1" lastid="0000000001B3C300" lastname="PmdThread 11" />
</exclusive-start>
<af-start id="5307" threadId="0000000001B83E88" totalBytesRequested="72" timestamp="2019-08-10T03:39:17.115" intervalms="1551.024" type="nursery" />
<cycle-start id="5308" type="scavenge" contextid="0" timestamp="2019-08-10T03:39:17.115" intervalms="1551.030" />
<gc-start id="5309" type="scavenge" contextid="5308" timestamp="2019-08-10T03:39:17.116">
  <mem-info id="5310" free="3773246120" total="3950444544" percent="95">
    <mem type="nursery" free="0" total="158597120" percent="0">
      <mem type="allocate" free="0" total="131923968" percent="0" />
      <mem type="survivor" free="0" total="26673152" percent="0" />
    </mem>
    <mem type="tenure" free="3773246120" total="3791847424" percent="99">
      <mem type="soa" free="3583666856" total="3602255872" percent="99" />
      <mem type="loa" free="189579264" total="189591552" percent="99" />
    </mem>
    <remembered-set count="3362" />
  </mem-info>
</gc-start>
<allocation-stats totalBytes="117543968" >
  <allocated-bytes non-tlh="41944" tlh="117502024" />
  <largest-consumer threadName="PmdThread 14" threadId="0000000001B3FF00" bytes="19404984" />
</allocation-stats>
<gc-op id="5311" type="scavenge" timems="32.604" contextid="5308" timestamp="2019-08-10T03:39:17.148">
  <scavenger-info tenureage="4" tenuremask="ffd0" tiltratio="83" />
  <memory-copied type="nursery" objects="505195" bytes="21459976" bytesdiscarded="270720" />
  <finalization candidates="4" enqueued="0" />
  <ownableSynchronizers candidates="19" cleared="0" />
  <references type="soft" candidates="160" cleared="0" enqueued="0" dynamicThreshold="31" maxThreshold="32" />
  <references type="weak" candidates="1519" cleared="1107" enqueued="1107" />
  <references type="phantom" candidates="382" cleared="127" enqueued="127" />
</gc-op>
<gc-end id="5312" type="scavenge" contextid="5308" durationms="33.028" usertimems="110.169" systemtimems="0.000" timestamp="2019-08-10T03:39:17.149" activeThreads="16">
  <mem-info id="5313" free="3876957920" total="3950444544" percent="98">
    <mem type="nursery" free="103711800" total="158597120" percent="65">
      <mem type="allocate" free="103711800" total="125501440" percent="82" />
      <mem type="survivor" free="0" total="33095680" percent="0" />
    </mem>
    <mem type="tenure" free="3773246120" total="3791847424" percent="99" macro-fragmented="0">
      <mem type="soa" free="3583666856" total="3602255872" percent="99" />
      <mem type="loa" free="189579264" total="189591552" percent="99" />
    </mem>
    <pending-finalizers system="0" default="0" reference="1234" classloader="0" />
    <remembered-set count="2914" />
  </mem-info>
</gc-end>
<cycle-end id="5314" type="scavenge" contextid="5308" timestamp="2019-08-10T03:39:17.150" />
  <attribute name="elasticGC enabled" value="1" />
  <attribute name= "numThreadsSpecified" value="16" />
  <attribute name="heapSize specified" value="-144965632" />
  <attribute name="Current GC Util" value="6" />
  <attribute name= "Current Time Running" value="157262" />
  <attribute name ="GC Interval" value="200" />
  <attribute name="ProportionalT" value="-37.000000" />
  <attribute name="ProportionalI" value="-37.000000" />
  <attribute name="ProportionalH" value="-37.000000" />
  <attribute name="Current Error" value="-74.000000" />
  <attribute name="IntegralT" value="-57387.000000" />
  <attribute name="IntegralI" value="-57387.000000" />
  <attribute name="IntegralH" value="-57387.000000" />
  <attribute name="DerivativeT" value="-0.047711" />
  <attribute name="DerivativeI" value="-0.047711" />
  <attribute name="DerivativeH" value="-0.047711" />
  <attribute name="Loop Time for DT" value="1551.000000" />
  <attribute name="Output H" value="4203675648"/>
  <attribute name="Output I" value="200"/>
  <attribute name="Output T" value="16"/>
  <attribute name="Target GC Util Change" value ="80.000000" />
  <attribute name="Current GC Util Change" value="6.000000"/>
  <attribute name="GC Util currently" value="6" />
  <attribute name="CPU Util currently" value="22" />
<allocation-satisfied id="5315" threadId="0000000001B83500" bytesRequested="72" />
<af-end id="5316" timestamp="2019-08-10T03:39:17.150" threadId="0000000001B83E88" success="true" from="nursery"/>
<exclusive-end id="5317" timestamp="2019-08-10T03:39:17.150" durationms="34.260" />

<exclusive-start id="5318" timestamp="2019-08-10T03:39:18.083" intervalms="967.907">
  <response-info timems="6.332" idlems="3.095" threads="3" lastid="000000000185D200" lastname="JIT Compilation Thread-6" />
</exclusive-start>
<af-start id="5319" threadId="0000000001B2A088" totalBytesRequested="56" timestamp="2019-08-10T03:39:18.083" intervalms="967.902" type="nursery" />
<cycle-start id="5320" type="scavenge" contextid="0" timestamp="2019-08-10T03:39:18.084" intervalms="968.043" />
<gc-start id="5321" type="scavenge" contextid="5320" timestamp="2019-08-10T03:39:18.084">
  <mem-info id="5322" free="3773230072" total="3950444544" percent="95">
    <mem type="nursery" free="0" total="158597120" percent="0">
      <mem type="allocate" free="0" total="125501440" percent="0" />
      <mem type="survivor" free="0" total="33095680" percent="0" />
    </mem>
    <mem type="tenure" free="3773230072" total="3791847424" percent="99">
      <mem type="soa" free="3583650808" total="3602255872" percent="99" />
      <mem type="loa" free="189579264" total="189591552" percent="99" />
    </mem>
    <remembered-set count="3083" />
  </mem-info>
</gc-start>
<allocation-stats totalBytes="103698784" >
  <allocated-bytes non-tlh="459320" tlh="103239464" />
  <largest-consumer threadName="PmdThread 3" threadId="0000000001B74500" bytes="16439216" />
</allocation-stats>
<gc-op id="5323" type="scavenge" timems="33.011" contextid="5320" timestamp="2019-08-10T03:39:18.117">
  <scavenger-info tenureage="3" tenuremask="fff8" tiltratio="79" />
  <memory-copied type="nursery" objects="490777" bytes="20423040" bytesdiscarded="260176" />
  <memory-copied type="tenure" objects="1970" bytes="372640" bytesdiscarded="0" />
  <finalization candidates="4" enqueued="0" />
  <ownableSynchronizers candidates="19" cleared="0" />
  <references type="soft" candidates="153" cleared="0" enqueued="0" dynamicThreshold="31" maxThreshold="32" />
  <references type="weak" candidates="1198" cleared="797" enqueued="793" />
  <references type="phantom" candidates="355" cleared="125" enqueued="125" />
</gc-op>
<gc-end id="5324" type="scavenge" contextid="5320" durationms="33.901" usertimems="106.121" systemtimems="2.136" timestamp="2019-08-10T03:39:18.118" activeThreads="16">
  <mem-info id="5325" free="3883056984" total="3950444544" percent="98">
    <mem type="nursery" free="110629400" total="158597120" percent="69">
      <mem type="allocate" free="110629400" total="131334144" percent="84" />
      <mem type="survivor" free="0" total="27262976" percent="0" />
    </mem>
    <mem type="tenure" free="3772427584" total="3791847424" percent="99" macro-fragmented="3865504">
      <mem type="soa" free="3582848320" total="3602255872" percent="99" />
      <mem type="loa" free="189579264" total="189591552" percent="99" />
    </mem>
    <pending-finalizers system="0" default="0" reference="918" classloader="0" />
    <remembered-set count="1349" />
  </mem-info>
</gc-end>
<cycle-end id="5326" type="scavenge" contextid="5320" timestamp="2019-08-10T03:39:18.118" />
  <attribute name="elasticGC enabled" value="1" />
  <attribute name= "numThreadsSpecified" value="16" />
  <attribute name="heapSize specified" value="-144965632" />
  <attribute name="Current GC Util" value="10" />
  <attribute name= "Current Time Running" value="158230" />
  <attribute name ="GC Interval" value="200" />
  <attribute name="ProportionalT" value="-35.000000" />
  <attribute name="ProportionalI" value="-35.000000" />
  <attribute name="ProportionalH" value="-35.000000" />
  <attribute name="Current Error" value="-70.000000" />
  <attribute name="IntegralT" value="-33880.000000" />
  <attribute name="IntegralI" value="-33880.000000" />
  <attribute name="IntegralH" value="-33880.000000" />
  <attribute name="DerivativeT" value="-0.072314" />
  <attribute name="DerivativeI" value="-0.072314" />
  <attribute name="DerivativeH" value="-0.072314" />
  <attribute name="Loop Time for DT" value="968.000000" />
  <attribute name="Output H" value="4203675648"/>
  <attribute name="Output I" value="200"/>
  <attribute name="Output T" value="16"/>
  <attribute name="Target GC Util Change" value ="80.000000" />
  <attribute name="Current GC Util Change" value="10.000000"/>
  <attribute name="GC Util currently" value="10" />
  <attribute name="CPU Util currently" value="12" />
<allocation-satisfied id="5327" threadId="0000000001B29700" bytesRequested="56" />
<af-end id="5328" timestamp="2019-08-10T03:39:18.118" threadId="0000000001B2A088" success="true" from="nursery"/>
<exclusive-end id="5329" timestamp="2019-08-10T03:39:18.118" durationms="35.005" />

<exclusive-start id="5330" timestamp="2019-08-10T03:39:18.740" intervalms="656.767">
  <response-info timems="0.915" idlems="0.619" threads="3" lastid="0000000001B34B00" lastname="PmdThread 16" />
</exclusive-start>
<af-start id="5331" threadId="0000000001B4F788" totalBytesRequested="72" timestamp="2019-08-10T03:39:18.740" intervalms="656.750" type="nursery" />
<cycle-start id="5332" type="scavenge" contextid="0" timestamp="2019-08-10T03:39:18.740" intervalms="656.595" />
<gc-start id="5333" type="scavenge" contextid="5332" timestamp="2019-08-10T03:39:18.740">
  <mem-info id="5334" free="3772404832" total="3950444544" percent="95">
    <mem type="nursery" free="0" total="158597120" percent="0">
      <mem type="allocate" free="0" total="131334144" percent="0" />
      <mem type="survivor" free="0" total="27262976" percent="0" />
    </mem>
    <mem type="tenure" free="3772404832" total="3791847424" percent="99">
      <mem type="soa" free="3582825568" total="3602255872" percent="99" />
      <mem type="loa" free="189579264" total="189591552" percent="99" />
    </mem>
    <remembered-set count="1588" />
  </mem-info>
</gc-start>
<allocation-stats totalBytes="110605808" >
  <allocated-bytes non-tlh="22808" tlh="110583000" />
  <largest-consumer threadName="PmdThread 3" threadId="0000000001B74500" bytes="11676296" />
</allocation-stats>
<gc-op id="5335" type="scavenge" timems="17.185" contextid="5332" timestamp="2019-08-10T03:39:18.757">
  <scavenger-info tenureage="5" tenuremask="ffe0" tiltratio="82" />
  <memory-copied type="nursery" objects="429541" bytes="18297832" bytesdiscarded="370544" />
  <finalization candidates="4" enqueued="0" />
  <ownableSynchronizers candidates="19" cleared="0" />
  <references type="soft" candidates="153" cleared="0" enqueued="0" dynamicThreshold="31" maxThreshold="32" />
  <references type="weak" candidates="1919" cleared="1514" enqueued="1503" />
  <references type="phantom" candidates="397" cleared="169" enqueued="169" />
</gc-op>
<gc-end id="5336" type="scavenge" contextid="5332" durationms="17.716" usertimems="94.748" systemtimems="0.000" timestamp="2019-08-10T03:39:18.758" activeThreads="16">
  <mem-info id="5337" free="3885639176" total="3950444544" percent="98">
    <mem type="nursery" free="113234344" total="158597120" percent="71">
      <mem type="allocate" free="113234344" total="131923968" percent="85" />
      <mem type="survivor" free="0" total="26673152" percent="0" />
    </mem>
    <mem type="tenure" free="3772404832" total="3791847424" percent="99" macro-fragmented="5375357">
      <mem type="soa" free="3582825568" total="3602255872" percent="99" />
      <mem type="loa" free="189579264" total="189591552" percent="99" />
    </mem>
    <pending-finalizers system="0" default="0" reference="1672" classloader="0" />
    <remembered-set count="1467" />
  </mem-info>
</gc-end>
<cycle-end id="5338" type="scavenge" contextid="5332" timestamp="2019-08-10T03:39:18.758" />
  <attribute name="elasticGC enabled" value="1" />
  <attribute name= "numThreadsSpecified" value="16" />
  <attribute name="heapSize specified" value="-144965632" />
  <attribute name="Current GC Util" value="16" />
  <attribute name= "Current Time Running" value="158886" />
  <attribute name ="GC Interval" value="200" />
  <attribute name="ProportionalT" value="-32.000000" />
  <attribute name="ProportionalI" value="-32.000000" />
  <attribute name="ProportionalH" value="-32.000000" />
  <attribute name="Current Error" value="-64.000000" />
  <attribute name="IntegralT" value="-20992.000000" />
  <attribute name="IntegralI" value="-20992.000000" />
  <attribute name="IntegralH" value="-20992.000000" />
  <attribute name="DerivativeT" value="-0.097561" />
  <attribute name="DerivativeI" value="-0.097561" />
  <attribute name="DerivativeH" value="-0.097561" />
  <attribute name="Loop Time for DT" value="656.000000" />
  <attribute name="Output H" value="4203675648"/>
  <attribute name="Output I" value="200"/>
  <attribute name="Output T" value="16"/>
  <attribute name="Target GC Util Change" value ="80.000000" />
  <attribute name="Current GC Util Change" value="16.000000"/>
  <attribute name="GC Util currently" value="16" />
  <attribute name="CPU Util currently" value="5" />
<allocation-satisfied id="5339" threadId="0000000001B4EE00" bytesRequested="72" />
<af-end id="5340" timestamp="2019-08-10T03:39:18.758" threadId="0000000001B4F788" success="true" from="nursery"/>
<exclusive-end id="5341" timestamp="2019-08-10T03:39:18.758" durationms="18.174" />

<exclusive-start id="5342" timestamp="2019-08-10T03:39:19.317" intervalms="577.122">
  <response-info timems="0.043" idlems="0.043" threads="0" lastid="0000000001B3FF00" lastname="PmdThread 14" />
</exclusive-start>
<af-start id="5343" threadId="0000000001B40888" totalBytesRequested="24" timestamp="2019-08-10T03:39:19.317" intervalms="577.101" type="nursery" />
<cycle-start id="5344" type="scavenge" contextid="0" timestamp="2019-08-10T03:39:19.317" intervalms="577.093" />
<gc-start id="5345" type="scavenge" contextid="5344" timestamp="2019-08-10T03:39:19.317">
  <mem-info id="5346" free="3772386384" total="3950444544" percent="95">
    <mem type="nursery" free="0" total="158597120" percent="0">
      <mem type="allocate" free="0" total="131923968" percent="0" />
      <mem type="survivor" free="0" total="26673152" percent="0" />
    </mem>
    <mem type="tenure" free="3772386384" total="3791847424" percent="99">
      <mem type="soa" free="3582807120" total="3602255872" percent="99" />
      <mem type="loa" free="189579264" total="189591552" percent="99" />
    </mem>
    <remembered-set count="1692" />
  </mem-info>
</gc-start>
<allocation-stats totalBytes="113163512" >
  <allocated-bytes non-tlh="18520" tlh="113144992" />
  <largest-consumer threadName="PmdThread 14" threadId="0000000001B3FF00" bytes="49939120" />
</allocation-stats>
<gc-op id="5347" type="scavenge" timems="14.036" contextid="5344" timestamp="2019-08-10T03:39:19.331">
  <scavenger-info tenureage="5" tenuremask="ffe0" tiltratio="83" />
  <memory-copied type="nursery" objects="378388" bytes="15356312" bytesdiscarded="195520" />
  <finalization candidates="4" enqueued="0" />
  <ownableSynchronizers candidates="19" cleared="15" />
  <references type="soft" candidates="140" cleared="0" enqueued="0" dynamicThreshold="31" maxThreshold="32" />
  <references type="weak" candidates="2750" cleared="2419" enqueued="2419" />
  <references type="phantom" candidates="324" cleared="97" enqueued="97" />
</gc-op>
<gc-end id="5348" type="scavenge" contextid="5344" durationms="14.756" usertimems="70.442" systemtimems="0.000" timestamp="2019-08-10T03:39:19.332" activeThreads="16">
  <mem-info id="5349" free="3889616784" total="3950444544" percent="98">
    <mem type="nursery" free="117230400" total="158597120" percent="73">
      <mem type="allocate" free="117230400" total="132841472" percent="88" />
      <mem type="survivor" free="0" total="25755648" percent="0" />
    </mem>
    <mem type="tenure" free="3772386384" total="3791847424" percent="99" macro-fragmented="0">
      <mem type="soa" free="3582807120" total="3602255872" percent="99" />
      <mem type="loa" free="189579264" total="189591552" percent="99" />
    </mem>
    <pending-finalizers system="0" default="0" reference="2516" classloader="0" />
    <remembered-set count="1606" />
  </mem-info>
</gc-end>
<cycle-end id="5350" type="scavenge" contextid="5344" timestamp="2019-08-10T03:39:19.333" />
  <attribute name="elasticGC enabled" value="1" />
  <attribute name= "numThreadsSpecified" value="16" />
  <attribute name="heapSize specified" value="-144965632" />
  <attribute name="Current GC Util" value="15" />
  <attribute name= "Current Time Running" value="159463" />
  <attribute name ="GC Interval" value="200" />
  <attribute name="ProportionalT" value="-32.500000" />
  <attribute name="ProportionalI" value="-32.500000" />
  <attribute name="ProportionalH" value="-32.500000" />
  <attribute name="Current Error" value="-65.000000" />
  <attribute name="IntegralT" value="-18752.500000" />
  <attribute name="IntegralI" value="-18752.500000" />
  <attribute name="IntegralH" value="-18752.500000" />
  <attribute name="DerivativeT" value="-0.112652" />
  <attribute name="DerivativeI" value="-0.112652" />
  <attribute name="DerivativeH" value="-0.112652" />
  <attribute name="Loop Time for DT" value="577.000000" />
  <attribute name="Output H" value="4203675648"/>
  <attribute name="Output I" value="200"/>
  <attribute name="Output T" value="16"/>
  <attribute name="Target GC Util Change" value ="80.000000" />
  <attribute name="Current GC Util Change" value="15.000000"/>
  <attribute name="GC Util currently" value="15" />
  <attribute name="CPU Util currently" value="1997813835" />
<allocation-satisfied id="5351" threadId="0000000001B3FF00" bytesRequested="24" />
<af-end id="5352" timestamp="2019-08-10T03:39:19.333" threadId="0000000001B40888" success="true" from="nursery"/>
<exclusive-end id="5353" timestamp="2019-08-10T03:39:19.333" durationms="15.758" />

===== DaCapo 9.12-MR1 pmd PASSED in 8094 msec =====
Using scaled threading model. 16 processors detected, 16 threads used to drive the workload, in a possible range of [1,512]
<exclusive-start id="5354" timestamp="2019-08-10T03:39:19.687" intervalms="370.292">
  <response-info timems="0.020" idlems="0.020" threads="0" lastid="0000000001842F00" lastname="main" />
</exclusive-start>
<sys-start reason="explicit" id="5355" timestamp="2019-08-10T03:39:19.687" intervalms="8570.921" />
<cycle-start id="5356" type="global" contextid="0" timestamp="2019-08-10T03:39:19.688" intervalms="8570.919" />
<gc-start id="5357" type="global" contextid="5356" timestamp="2019-08-10T03:39:19.688">
  <mem-info id="5358" free="3854723784" total="3950444544" percent="97">
    <mem type="nursery" free="82373392" total="158597120" percent="51">
      <mem type="allocate" free="82373392" total="132841472" percent="62" />
      <mem type="survivor" free="0" total="25755648" percent="0" />
    </mem>
    <mem type="tenure" free="3772350392" total="3791847424" percent="99">
      <mem type="soa" free="3582771128" total="3602255872" percent="99" />
      <mem type="loa" free="189579264" total="189591552" percent="99" />
    </mem>
    <remembered-set count="2255" />
  </mem-info>
</gc-start>
<allocation-stats totalBytes="34885656" >
  <allocated-bytes non-tlh="2919624" tlh="31966032" />
  <largest-consumer threadName="main" threadId="0000000001842F00" bytes="9754864" />
</allocation-stats>
<gc-op id="5359" type="mark" timems="19.495" contextid="5356" timestamp="2019-08-10T03:39:19.707">
  <trace-info objectcount="619438" scancount="537480" scanbytes="13998756" />
  <finalization candidates="152" enqueued="1" />
  <ownableSynchronizers candidates="27" cleared="4" />
  <references type="soft" candidates="4909" cleared="0" enqueued="0" dynamicThreshold="31" maxThreshold="32" />
  <references type="weak" candidates="6158" cleared="76" enqueued="51" />
  <references type="phantom" candidates="338" cleared="15" enqueued="15" />
  <stringconstants candidates="16391" cleared="1771"  />
</gc-op>
<gc-op id="5360" type="classunload" timems="17.334" contextid="5356" timestamp="2019-08-10T03:39:19.724">
  <classunload-info classloadercandidates="59" classloadersunloaded="4" classesunloaded="1006" anonymousclassesunloaded="0" quiescems="0.000" setupms="9.145" scanms="8.179" postms="0.010" />
</gc-op>
<gc-op id="5361" type="sweep" timems="4.020" contextid="5356" timestamp="2019-08-10T03:39:19.729" />
<mem-info id="5362" free="3903230824" total="3950444544" percent="98">
  <mem type="nursery" free="130148472" total="158597120" percent="82">
    <mem type="allocate" free="130148472" total="132841472" percent="97" />
    <mem type="survivor" free="0" total="25755648" percent="0" />
  </mem>
  <mem type="tenure" free="3773082352" total="3791847424" percent="99" micro-fragmented="44427" macro-fragmented="116842">
    <mem type="soa" free="3583490800" total="3602255872" percent="99" />
    <mem type="loa" free="189591552" total="189591552" percent="100" />
  </mem>
  <pending-finalizers system="1" default="0" reference="66" classloader="0" />
  <remembered-set count="1009" />
</mem-info>
<gc-op id="5363" type="compact" timems="121.957" contextid="5356" timestamp="2019-08-10T03:39:19.851">
  <compact-info movecount="395391" movebytes="15268024" reason="compact to aid heap contraction" />
</gc-op>
<heap-resize id="5364" type="contract" space="tenure" amount="189530112" count="1" timems="0.185" reason="heap reconfiguration" timestamp="2019-08-10T03:39:19.856" />
<gc-end id="5365" type="global" contextid="5356" durationms="168.392" usertimems="335.243" systemtimems="12.004" timestamp="2019-08-10T03:39:19.856" activeThreads="16">
  <mem-info id="5366" free="3713799272" total="3760914432" percent="98">
    <mem type="nursery" free="130281704" total="158597120" percent="82">
      <mem type="allocate" free="130281704" total="132841472" percent="98" />
      <mem type="survivor" free="0" total="25755648" percent="0" />
    </mem>
    <mem type="tenure" free="3583517568" total="3602317312" percent="99">
      <mem type="soa" free="3403463552" total="3422201856" percent="99" />
      <mem type="loa" free="180054016" total="180115456" percent="99" />
    </mem>
    <pending-finalizers system="1" default="0" reference="66" classloader="0" />
    <remembered-set count="1009" />
  </mem-info>
</gc-end>
<cycle-end id="5367" type="global" contextid="5356" timestamp="2019-08-10T03:39:19.860" />
  <attribute name="elasticGC enabled" value="1" />
  <attribute name= "numThreadsSpecified" value="16" />
  <attribute name="heapSize specified" value="-344522752" />
  <attribute name="Current GC Util" value="179" />
  <attribute name= "Current Time Running" value="159998" />
  <attribute name ="GC Interval" value="200" />
  <attribute name="ProportionalT" value="49.500000" />
  <attribute name="ProportionalI" value="49.500000" />
  <attribute name="ProportionalH" value="49.500000" />
  <attribute name="Current Error" value="99.000000" />
  <attribute name="IntegralT" value="6088.500000" />
  <attribute name="IntegralI" value="6088.500000" />
  <attribute name="IntegralH" value="6088.500000" />
  <attribute name="DerivativeT" value="-0.422764" />
  <attribute name="DerivativeI" value="-0.422764" />
  <attribute name="DerivativeH" value="-0.422764" />
  <attribute name="Loop Time for DT" value="123.000000" />
  <attribute name="Output H" value="8388608"/>
  <attribute name="Output I" value="4000"/>
  <attribute name="Output T" value="16"/>
  <attribute name="Target GC Util Change" value ="80.000000" />
  <attribute name="Current GC Util Change" value="179.000000"/>
  <attribute name="GC Util currently" value="179" />
  <attribute name="CPU Util currently" value="9363557730" />
<sys-end id="5368" timestamp="2019-08-10T03:39:19.860" />
<exclusive-end id="5369" timestamp="2019-08-10T03:39:19.860" durationms="172.686" />

===== DaCapo 9.12-MR1 sunflow starting =====
<exclusive-start id="5370" timestamp="2019-08-10T03:39:21.696" intervalms="2008.948">
  <response-info timems="0.583" idlems="0.583" threads="0" lastid="0000000001B69200" lastname="Thread-29" />
</exclusive-start>
<af-start id="5371" threadId="0000000001B69B88" totalBytesRequested="40" timestamp="2019-08-10T03:39:21.697" intervalms="2379.371" type="nursery" />
<cycle-start id="5372" type="scavenge" contextid="0" timestamp="2019-08-10T03:39:21.697" intervalms="2379.439" />
<gc-start id="5373" type="scavenge" contextid="5372" timestamp="2019-08-10T03:39:21.697">
  <mem-info id="5374" free="3583455400" total="3760914432" percent="95">
    <mem type="nursery" free="0" total="158597120" percent="0">
      <mem type="allocate" free="0" total="132841472" percent="0" />
      <mem type="survivor" free="0" total="25755648" percent="0" />
    </mem>
    <mem type="tenure" free="3583455400" total="3602317312" percent="99">
      <mem type="soa" free="3403401384" total="3422201856" percent="99" />
      <mem type="loa" free="180054016" total="180115456" percent="99" />
    </mem>
    <remembered-set count="1861" />
  </mem-info>
</gc-start>
<allocation-stats totalBytes="130279392" >
  <allocated-bytes non-tlh="3191384" tlh="127088008" />
  <largest-consumer threadName="Thread-33" threadId="0000000001B47600" bytes="11253376" />
</allocation-stats>
<gc-op id="5375" type="scavenge" timems="218.645" contextid="5372" timestamp="2019-08-10T03:39:21.916">
  <scavenger-info tenureage="4" tenuremask="ffd0" tiltratio="83" />
  <memory-copied type="nursery" objects="136719" bytes="9400288" bytesdiscarded="378416" />
  <memory-copied type="tenure" objects="653" bytes="28832" bytesdiscarded="48" />
  <finalization candidates="71" enqueued="0" />
  <ownableSynchronizers candidates="46" cleared="44" />
  <references type="soft" candidates="52" cleared="0" enqueued="0" dynamicThreshold="31" maxThreshold="32" />
  <references type="weak" candidates="507" cleared="29" enqueued="27" />
  <references type="phantom" candidates="220" cleared="0" enqueued="0" />
</gc-op>
<heap-resize id="5376" type="expand" space="nursery" amount="6946816" count="1" timems="0.023" reason="excessive time being spent scavenging" timestamp="2019-08-10T03:39:21.919" />
<gc-end id="5377" type="scavenge" contextid="5372" durationms="224.704" usertimems="92.907" systemtimems="89.134" timestamp="2019-08-10T03:39:21.922" activeThreads="16">
  <mem-info id="5378" free="3713710256" total="3767861248" percent="98">
    <mem type="nursery" free="130402312" total="165543936" percent="78">
      <mem type="allocate" free="130402312" total="140181504" percent="93" />
      <mem type="survivor" free="0" total="25362432" percent="0" />
    </mem>
    <mem type="tenure" free="3583307944" total="3602317312" percent="99" macro-fragmented="8440">
      <mem type="soa" free="3403253928" total="3422201856" percent="99" />
      <mem type="loa" free="180054016" total="180115456" percent="99" />
    </mem>
    <pending-finalizers system="0" default="0" reference="27" classloader="0" />
    <remembered-set count="1814" />
  </mem-info>
</gc-end>
<cycle-end id="5379" type="scavenge" contextid="5372" timestamp="2019-08-10T03:39:21.923" />
  <attribute name="elasticGC enabled" value="1" />
  <attribute name= "numThreadsSpecified" value="16" />
  <attribute name="heapSize specified" value="-344522752" />
  <attribute name="Current GC Util" value="1" />
  <attribute name= "Current Time Running" value="161843" />
  <attribute name ="GC Interval" value="200" />
  <attribute name="ProportionalT" value="-39.500000" />
  <attribute name="ProportionalI" value="-39.500000" />
  <attribute name="ProportionalH" value="-39.500000" />
  <attribute name="Current Error" value="-79.000000" />
  <attribute name="IntegralT" value="-72877.500000" />
  <attribute name="IntegralI" value="-72877.500000" />
  <attribute name="IntegralH" value="-72877.500000" />
  <attribute name="DerivativeT" value="-0.096477" />
  <attribute name="DerivativeI" value="-0.096477" />
  <attribute name="DerivativeH" value="-0.096477" />
  <attribute name="Loop Time for DT" value="1845.000000" />
  <attribute name="Output H" value="4203675648"/>
  <attribute name="Output I" value="200"/>
  <attribute name="Output T" value="16"/>
  <attribute name="Target GC Util Change" value ="80.000000" />
  <attribute name="Current GC Util Change" value="1.000000"/>
  <attribute name="GC Util currently" value="1" />
  <attribute name="CPU Util currently" value="24" />
<allocation-satisfied id="5380" threadId="0000000001B69200" bytesRequested="40" />
<af-end id="5381" timestamp="2019-08-10T03:39:21.988" threadId="0000000001B69B88" success="true" from="nursery"/>
<exclusive-end id="5382" timestamp="2019-08-10T03:39:21.990" durationms="293.643" />

<exclusive-start id="5383" timestamp="2019-08-10T03:39:22.202" intervalms="505.228">
  <response-info timems="21.725" idlems="21.725" threads="0" lastid="0000000001B61A00" lastname="Thread-30" />
</exclusive-start>
<af-start id="5384" threadId="0000000001B62388" totalBytesRequested="40" timestamp="2019-08-10T03:39:22.202" intervalms="505.138" type="nursery" />
<cycle-start id="5385" type="scavenge" contextid="0" timestamp="2019-08-10T03:39:22.202" intervalms="505.083" />
<gc-start id="5386" type="scavenge" contextid="5385" timestamp="2019-08-10T03:39:22.202">
  <mem-info id="5387" free="3583307776" total="3767861248" percent="95">
    <mem type="nursery" free="0" total="165543936" percent="0">
      <mem type="allocate" free="0" total="140181504" percent="0" />
      <mem type="survivor" free="0" total="25362432" percent="0" />
    </mem>
    <mem type="tenure" free="3583307776" total="3602317312" percent="99">
      <mem type="soa" free="3403253760" total="3422201856" percent="99" />
      <mem type="loa" free="180054016" total="180115456" percent="99" />
    </mem>
    <remembered-set count="1817" />
  </mem-info>
</gc-start>
<allocation-stats totalBytes="130387344" >
  <allocated-bytes non-tlh="208" tlh="130387136" />
  <largest-consumer threadName="Thread-30" threadId="0000000001B61A00" bytes="15694088" />
</allocation-stats>
<gc-op id="5388" type="scavenge" timems="57.625" contextid="5385" timestamp="2019-08-10T03:39:22.260">
  <scavenger-info tenureage="7" tenuremask="ff80" tiltratio="84" />
  <memory-copied type="nursery" objects="128701" bytes="9227800" bytesdiscarded="231232" />
  <finalization candidates="71" enqueued="0" />
  <ownableSynchronizers candidates="2" cleared="0" />
  <references type="soft" candidates="52" cleared="0" enqueued="0" dynamicThreshold="31" maxThreshold="32" />
  <references type="weak" candidates="478" cleared="0" enqueued="0" />
  <references type="phantom" candidates="220" cleared="0" enqueued="0" />
</gc-op>
<heap-resize id="5389" type="expand" space="nursery" amount="13238272" count="1" timems="0.019" reason="excessive time being spent scavenging" timestamp="2019-08-10T03:39:22.263" />
<gc-end id="5390" type="scavenge" contextid="5385" durationms="61.084" usertimems="59.620" systemtimems="23.737" timestamp="2019-08-10T03:39:22.263" activeThreads="16">
  <mem-info id="5391" free="3729168584" total="3781099520" percent="98">
    <mem type="nursery" free="145860808" total="178782208" percent="81">
      <mem type="allocate" free="145860808" total="155320320" percent="93" />
      <mem type="survivor" free="0" total="23461888" percent="0" />
    </mem>
    <mem type="tenure" free="3583307776" total="3602317312" percent="99" macro-fragmented="97368">
      <mem type="soa" free="3403253760" total="3422201856" percent="99" />
      <mem type="loa" free="180054016" total="180115456" percent="99" />
    </mem>
    <remembered-set count="1756" />
  </mem-info>
</gc-end>
<cycle-end id="5392" type="scavenge" contextid="5385" timestamp="2019-08-10T03:39:22.263" />
  <attribute name="elasticGC enabled" value="1" />
  <attribute name= "numThreadsSpecified" value="16" />
  <attribute name="heapSize specified" value="-344522752" />
  <attribute name="Current GC Util" value="37" />
  <attribute name= "Current Time Running" value="162348" />
  <attribute name ="GC Interval" value="200" />
  <attribute name="ProportionalT" value="-21.500000" />
  <attribute name="ProportionalI" value="-21.500000" />
  <attribute name="ProportionalH" value="-21.500000" />
  <attribute name="Current Error" value="-43.000000" />
  <attribute name="IntegralT" value="-10857.500000" />
  <attribute name="IntegralI" value="-10857.500000" />
  <attribute name="IntegralH" value="-10857.500000" />
  <attribute name="DerivativeT" value="-0.085149" />
  <attribute name="DerivativeI" value="-0.085149" />
  <attribute name="DerivativeH" value="-0.085149" />
  <attribute name="Loop Time for DT" value="505.000000" />
  <attribute name="Output H" value="4203675648"/>
  <attribute name="Output I" value="200"/>
  <attribute name="Output T" value="16"/>
  <attribute name="Target GC Util Change" value ="80.000000" />
  <attribute name="Current GC Util Change" value="37.000000"/>
  <attribute name="GC Util currently" value="37" />
  <attribute name="CPU Util currently" value="2282865701" />
<allocation-satisfied id="5393" threadId="0000000001B61A00" bytesRequested="40" />
<af-end id="5394" timestamp="2019-08-10T03:39:22.263" threadId="0000000001B62388" success="true" from="nursery"/>
<exclusive-end id="5395" timestamp="2019-08-10T03:39:22.263" durationms="61.562" />

<exclusive-start id="5396" timestamp="2019-08-10T03:39:22.645" intervalms="443.482">
  <response-info timems="13.812" idlems="13.812" threads="0" lastid="0000000001B3FF00" lastname="Thread-27" />
</exclusive-start>
<af-start id="5397" threadId="0000000001B40888" totalBytesRequested="24" timestamp="2019-08-10T03:39:22.645" intervalms="443.472" type="nursery" />
<cycle-start id="5398" type="scavenge" contextid="0" timestamp="2019-08-10T03:39:22.645" intervalms="443.478" />
<gc-start id="5399" type="scavenge" contextid="5398" timestamp="2019-08-10T03:39:22.645">
  <mem-info id="5400" free="3583307776" total="3781099520" percent="94">
    <mem type="nursery" free="0" total="178782208" percent="0">
      <mem type="allocate" free="0" total="155320320" percent="0" />
      <mem type="survivor" free="0" total="23461888" percent="0" />
    </mem>
    <mem type="tenure" free="3583307776" total="3602317312" percent="99">
      <mem type="soa" free="3403253760" total="3422201856" percent="99" />
      <mem type="loa" free="180054016" total="180115456" percent="99" />
    </mem>
    <remembered-set count="1756" />
  </mem-info>
</gc-start>
<allocation-stats totalBytes="145843520" >
  <allocated-bytes non-tlh="40" tlh="145843480" />
  <largest-consumer threadName="Thread-30" threadId="0000000001B61A00" bytes="22246736" />
</allocation-stats>
<gc-op id="5401" type="scavenge" timems="86.293" contextid="5398" timestamp="2019-08-10T03:39:22.732">
  <scavenger-info tenureage="3" tenuremask="fff8" tiltratio="86" />
  <memory-copied type="nursery" objects="124090" bytes="8872912" bytesdiscarded="206960" />
  <memory-copied type="tenure" objects="4634" bytes="222384" bytesdiscarded="24" />
  <finalization candidates="71" enqueued="0" />
  <ownableSynchronizers candidates="2" cleared="0" />
  <references type="soft" candidates="48" cleared="0" enqueued="0" dynamicThreshold="31" maxThreshold="32" />
  <references type="weak" candidates="177" cleared="0" enqueued="0" />
  <references type="phantom" candidates="10" cleared="0" enqueued="0" />
</gc-op>
<heap-resize id="5402" type="expand" space="nursery" amount="15073280" count="1" timems="0.022" reason="excessive time being spent scavenging" timestamp="2019-08-10T03:39:22.732" />
<gc-end id="5403" type="scavenge" contextid="5398" durationms="87.205" usertimems="29.782" systemtimems="36.784" timestamp="2019-08-10T03:39:22.732" activeThreads="16">
  <mem-info id="5404" free="3746615544" total="3796172800" percent="98">
    <mem type="nursery" free="163672568" total="193855488" percent="84">
      <mem type="allocate" free="163672568" total="172752896" percent="94" />
      <mem type="survivor" free="0" total="21102592" percent="0" />
    </mem>
    <mem type="tenure" free="3582942976" total="3602317312" percent="99" macro-fragmented="0">
      <mem type="soa" free="3402888960" total="3422201856" percent="99" />
      <mem type="loa" free="180054016" total="180115456" percent="99" />
    </mem>
    <remembered-set count="539" />
  </mem-info>
</gc-end>
<cycle-end id="5405" type="scavenge" contextid="5398" timestamp="2019-08-10T03:39:22.733" />
  <attribute name="elasticGC enabled" value="1" />
  <attribute name= "numThreadsSpecified" value="16" />
  <attribute name="heapSize specified" value="-344522752" />
  <attribute name="Current GC Util" value="10" />
  <attribute name= "Current Time Running" value="162792" />
  <attribute name ="GC Interval" value="200" />
  <attribute name="ProportionalT" value="-35.000000" />
  <attribute name="ProportionalI" value="-35.000000" />
  <attribute name="ProportionalH" value="-35.000000" />
  <attribute name="Current Error" value="-70.000000" />
  <attribute name="IntegralT" value="-15540.000000" />
  <attribute name="IntegralI" value="-15540.000000" />
  <attribute name="IntegralH" value="-15540.000000" />
  <attribute name="DerivativeT" value="-0.157658" />
  <attribute name="DerivativeI" value="-0.157658" />
  <attribute name="DerivativeH" value="-0.157658" />
  <attribute name="Loop Time for DT" value="444.000000" />
  <attribute name="Output H" value="4203675648"/>
  <attribute name="Output I" value="200"/>
  <attribute name="Output T" value="16"/>
  <attribute name="Target GC Util Change" value ="80.000000" />
  <attribute name="Current GC Util Change" value="10.000000"/>
  <attribute name="GC Util currently" value="10" />
  <attribute name="CPU Util currently" value="2600435826" />
<allocation-satisfied id="5406" threadId="0000000001B3FF00" bytesRequested="24" />
<af-end id="5407" timestamp="2019-08-10T03:39:22.733" threadId="0000000001B40888" success="true" from="nursery"/>
<exclusive-end id="5408" timestamp="2019-08-10T03:39:22.733" durationms="87.563" />

<exclusive-start id="5409" timestamp="2019-08-10T03:39:23.059" intervalms="413.788">
  <response-info timems="7.193" idlems="3.755" threads="1" lastid="0000000001B47600" lastname="Thread-33" />
</exclusive-start>
<af-start id="5410" threadId="0000000001B65F88" totalBytesRequested="40" timestamp="2019-08-10T03:39:23.059" intervalms="413.778" type="nursery" />
<cycle-start id="5411" type="scavenge" contextid="0" timestamp="2019-08-10T03:39:23.059" intervalms="413.788" />
<gc-start id="5412" type="scavenge" contextid="5411" timestamp="2019-08-10T03:39:23.059">
  <mem-info id="5413" free="3582942976" total="3796172800" percent="94">
    <mem type="nursery" free="0" total="193855488" percent="0">
      <mem type="allocate" free="0" total="172752896" percent="0" />
      <mem type="survivor" free="0" total="21102592" percent="0" />
    </mem>
    <mem type="tenure" free="3582942976" total="3602317312" percent="99">
      <mem type="soa" free="3402888960" total="3422201856" percent="99" />
      <mem type="loa" free="180054016" total="180115456" percent="99" />
    </mem>
    <remembered-set count="539" />
  </mem-info>
</gc-start>
<allocation-stats totalBytes="163653080" >
  <allocated-bytes non-tlh="24" tlh="163653056" />
  <largest-consumer threadName="Thread-30" threadId="0000000001B61A00" bytes="18053080" />
</allocation-stats>
<gc-op id="5414" type="scavenge" timems="26.567" contextid="5411" timestamp="2019-08-10T03:39:23.086">
  <scavenger-info tenureage="7" tenuremask="fe80" tiltratio="89" />
  <memory-copied type="nursery" objects="131870" bytes="9193696" bytesdiscarded="210304" />
  <finalization candidates="67" enqueued="0" />
  <ownableSynchronizers candidates="2" cleared="0" />
  <references type="soft" candidates="48" cleared="0" enqueued="0" dynamicThreshold="31" maxThreshold="32" />
  <references type="weak" candidates="177" cleared="0" enqueued="0" />
  <references type="phantom" candidates="10" cleared="0" enqueued="0" />
</gc-op>
<heap-resize id="5415" type="expand" space="nursery" amount="8257536" count="1" timems="0.026" reason="excessive time being spent scavenging" timestamp="2019-08-10T03:39:23.096" />
<gc-end id="5416" type="scavenge" contextid="5411" durationms="40.035" usertimems="35.920" systemtimems="11.039" timestamp="2019-08-10T03:39:23.099" activeThreads="16">
  <mem-info id="5417" free="3755400920" total="3804430336" percent="98">
    <mem type="nursery" free="172457944" total="202113024" percent="85">
      <mem type="allocate" free="172457944" total="181862400" percent="94" />
      <mem type="survivor" free="0" total="20250624" percent="0" />
    </mem>
    <mem type="tenure" free="3582942976" total="3602317312" percent="99" macro-fragmented="2592282">
      <mem type="soa" free="3402888960" total="3422201856" percent="99" />
      <mem type="loa" free="180054016" total="180115456" percent="99" />
    </mem>
    <remembered-set count="538" />
  </mem-info>
</gc-end>
<cycle-end id="5418" type="scavenge" contextid="5411" timestamp="2019-08-10T03:39:23.100" />
  <attribute name="elasticGC enabled" value="1" />
  <attribute name= "numThreadsSpecified" value="16" />
  <attribute name="heapSize specified" value="-344522752" />
  <attribute name="Current GC Util" value="16" />
  <attribute name= "Current Time Running" value="163205" />
  <attribute name ="GC Interval" value="200" />
  <attribute name="ProportionalT" value="-32.000000" />
  <attribute name="ProportionalI" value="-32.000000" />
  <attribute name="ProportionalH" value="-32.000000" />
  <attribute name="Current Error" value="-64.000000" />
  <attribute name="IntegralT" value="-13216.000000" />
  <attribute name="IntegralI" value="-13216.000000" />
  <attribute name="IntegralH" value="-13216.000000" />
  <attribute name="DerivativeT" value="-0.154964" />
  <attribute name="DerivativeI" value="-0.154964" />
  <attribute name="DerivativeH" value="-0.154964" />
  <attribute name="Loop Time for DT" value="413.000000" />
  <attribute name="Output H" value="4203675648"/>
  <attribute name="Output I" value="200"/>
  <attribute name="Output T" value="16"/>
  <attribute name="Target GC Util Change" value ="80.000000" />
  <attribute name="Current GC Util Change" value="16.000000"/>
  <attribute name="GC Util currently" value="16" />
  <attribute name="CPU Util currently" value="2786207757" />
<allocation-satisfied id="5419" threadId="0000000001B65600" bytesRequested="40" />
<af-end id="5420" timestamp="2019-08-10T03:39:23.100" threadId="0000000001B65F88" success="true" from="nursery"/>
<exclusive-end id="5421" timestamp="2019-08-10T03:39:23.100" durationms="41.307" />

<exclusive-start id="5422" timestamp="2019-08-10T03:39:23.716" intervalms="656.843">
  <response-info timems="39.999" idlems="24.357" threads="9" lastid="0000000001B5DE00" lastname="Thread-34" />
</exclusive-start>
<af-start id="5423" threadId="0000000001B44488" totalBytesRequested="40" timestamp="2019-08-10T03:39:23.718" intervalms="659.540" type="nursery" />
<cycle-start id="5424" type="scavenge" contextid="0" timestamp="2019-08-10T03:39:23.719" intervalms="659.539" />
<gc-start id="5425" type="scavenge" contextid="5424" timestamp="2019-08-10T03:39:23.719">
  <mem-info id="5426" free="3582942976" total="3804430336" percent="94">
    <mem type="nursery" free="0" total="202113024" percent="0">
      <mem type="allocate" free="0" total="181862400" percent="0" />
      <mem type="survivor" free="0" total="20250624" percent="0" />
    </mem>
    <mem type="tenure" free="3582942976" total="3602317312" percent="99">
      <mem type="soa" free="3402888960" total="3422201856" percent="99" />
      <mem type="loa" free="180054016" total="180115456" percent="99" />
    </mem>
    <remembered-set count="538" />
  </mem-info>
</gc-start>
<allocation-stats totalBytes="172437024" >
  <allocated-bytes non-tlh="40" tlh="172436984" />
  <largest-consumer threadName="Thread-30" threadId="0000000001B61A00" bytes="27095760" />
</allocation-stats>
<gc-op id="5427" type="scavenge" timems="240.021" contextid="5424" timestamp="2019-08-10T03:39:23.959">
  <scavenger-info tenureage="5" tenuremask="ffe0" tiltratio="89" />
  <memory-copied type="nursery" objects="122873" bytes="8978024" bytesdiscarded="400000" />
  <finalization candidates="67" enqueued="0" />
  <ownableSynchronizers candidates="2" cleared="0" />
  <references type="soft" candidates="48" cleared="0" enqueued="0" dynamicThreshold="31" maxThreshold="32" />
  <references type="weak" candidates="177" cleared="0" enqueued="0" />
  <references type="phantom" candidates="10" cleared="0" enqueued="0" />
</gc-op>
<heap-resize id="5428" type="expand" space="nursery" amount="26607616" count="1" timems="0.019" reason="excessive time being spent scavenging" timestamp="2019-08-10T03:39:23.959" />
<gc-end id="5429" type="scavenge" contextid="5424" durationms="240.751" usertimems="108.197" systemtimems="118.874" timestamp="2019-08-10T03:39:23.959" activeThreads="16">
  <mem-info id="5430" free="3779347536" total="3831037952" percent="98">
    <mem type="nursery" free="196404560" total="228720640" percent="85">
      <mem type="allocate" free="196404560" total="205783040" percent="95" />
      <mem type="survivor" free="0" total="22937600" percent="0" />
    </mem>
    <mem type="tenure" free="3582942976" total="3602317312" percent="99" macro-fragmented="2592282">
      <mem type="soa" free="3402888960" total="3422201856" percent="99" />
      <mem type="loa" free="180054016" total="180115456" percent="99" />
    </mem>
    <remembered-set count="538" />
  </mem-info>
</gc-end>
<cycle-end id="5431" type="scavenge" contextid="5424" timestamp="2019-08-10T03:39:23.959" />
  <attribute name="elasticGC enabled" value="1" />
  <attribute name= "numThreadsSpecified" value="16" />
  <attribute name="heapSize specified" value="-344522752" />
  <attribute name="Current GC Util" value="6" />
  <attribute name= "Current Time Running" value="163865" />
  <attribute name ="GC Interval" value="200" />
  <attribute name="ProportionalT" value="-37.000000" />
  <attribute name="ProportionalI" value="-37.000000" />
  <attribute name="ProportionalH" value="-37.000000" />
  <attribute name="Current Error" value="-74.000000" />
  <attribute name="IntegralT" value="-24420.000000" />
  <attribute name="IntegralI" value="-24420.000000" />
  <attribute name="IntegralH" value="-24420.000000" />
  <attribute name="DerivativeT" value="-0.112121" />
  <attribute name="DerivativeI" value="-0.112121" />
  <attribute name="DerivativeH" value="-0.112121" />
  <attribute name="Loop Time for DT" value="660.000000" />
  <attribute name="Output H" value="4203675648"/>
  <attribute name="Output I" value="200"/>
  <attribute name="Output T" value="16"/>
  <attribute name="Target GC Util Change" value ="80.000000" />
  <attribute name="Current GC Util Change" value="6.000000"/>
  <attribute name="GC Util currently" value="6" />
  <attribute name="CPU Util currently" value="1748187068" />
<allocation-satisfied id="5432" threadId="0000000001B43B00" bytesRequested="40" />
<af-end id="5433" timestamp="2019-08-10T03:39:23.960" threadId="0000000001B44488" success="true" from="nursery"/>
<exclusive-end id="5434" timestamp="2019-08-10T03:39:23.960" durationms="243.808" />

<exclusive-start id="5435" timestamp="2019-08-10T03:39:24.360" intervalms="644.728">
  <response-info timems="4.824" idlems="4.824" threads="0" lastid="0000000001B5A200" lastname="Thread-26" />
</exclusive-start>
<af-start id="5436" threadId="0000000001B5AB88" totalBytesRequested="24" timestamp="2019-08-10T03:39:24.361" intervalms="642.013" type="nursery" />
<cycle-start id="5437" type="scavenge" contextid="0" timestamp="2019-08-10T03:39:24.361" intervalms="641.998" />
<gc-start id="5438" type="scavenge" contextid="5437" timestamp="2019-08-10T03:39:24.361">
  <mem-info id="5439" free="3582942976" total="3831037952" percent="93">
    <mem type="nursery" free="0" total="228720640" percent="0">
      <mem type="allocate" free="0" total="205783040" percent="0" />
      <mem type="survivor" free="0" total="22937600" percent="0" />
    </mem>
    <mem type="tenure" free="3582942976" total="3602317312" percent="99">
      <mem type="soa" free="3402888960" total="3422201856" percent="99" />
      <mem type="loa" free="180054016" total="180115456" percent="99" />
    </mem>
    <remembered-set count="538" />
  </mem-info>
</gc-start>
<allocation-stats totalBytes="196381936" >
  <allocated-bytes non-tlh="40" tlh="196381896" />
  <largest-consumer threadName="Thread-34" threadId="0000000001B5DE00" bytes="31420656" />
</allocation-stats>
<gc-op id="5440" type="scavenge" timems="10.275" contextid="5437" timestamp="2019-08-10T03:39:24.371">
  <scavenger-info tenureage="5" tenuremask="ffe0" tiltratio="89" />
  <memory-copied type="nursery" objects="116697" bytes="4888800" bytesdiscarded="1039512" />
  <memory-copied type="tenure" objects="22509" bytes="4482072" bytesdiscarded="856" />
  <finalization candidates="67" enqueued="0" />
  <ownableSynchronizers candidates="2" cleared="0" />
</gc-op>
<gc-end id="5441" type="scavenge" contextid="5437" durationms="11.534" usertimems="31.202" systemtimems="13.722" timestamp="2019-08-10T03:39:24.372" activeThreads="16">
  <mem-info id="5442" free="3777937536" total="3831037952" percent="98">
    <mem type="nursery" free="199920264" total="228720640" percent="87">
      <mem type="allocate" free="199920264" total="205848576" percent="97" />
      <mem type="survivor" free="0" total="22872064" percent="0" />
    </mem>
    <mem type="tenure" free="3578017272" total="3602317312" percent="99" macro-fragmented="9663760">
      <mem type="soa" free="3397963256" total="3422201856" percent="99" />
      <mem type="loa" free="180054016" total="180115456" percent="99" />
    </mem>
    <remembered-set count="3878" />
  </mem-info>
</gc-end>
<cycle-end id="5443" type="scavenge" contextid="5437" timestamp="2019-08-10T03:39:24.372" />
  <attribute name="elasticGC enabled" value="1" />
  <attribute name= "numThreadsSpecified" value="16" />
  <attribute name="heapSize specified" value="-344522752" />
  <attribute name="Current GC Util" value="32" />
  <attribute name= "Current Time Running" value="164507" />
  <attribute name ="GC Interval" value="200" />
  <attribute name="ProportionalT" value="-24.000000" />
  <attribute name="ProportionalI" value="-24.000000" />
  <attribute name="ProportionalH" value="-24.000000" />
  <attribute name="Current Error" value="-48.000000" />
  <attribute name="IntegralT" value="-15408.000000" />
  <attribute name="IntegralI" value="-15408.000000" />
  <attribute name="IntegralH" value="-15408.000000" />
  <attribute name="DerivativeT" value="-0.074766" />
  <attribute name="DerivativeI" value="-0.074766" />
  <attribute name="DerivativeH" value="-0.074766" />
  <attribute name="Loop Time for DT" value="642.000000" />
  <attribute name="Output H" value="4203675648"/>
  <attribute name="Output I" value="200"/>
  <attribute name="Output T" value="16"/>
  <attribute name="Target GC Util Change" value ="80.000000" />
  <attribute name="Current GC Util Change" value="32.000000"/>
  <attribute name="GC Util currently" value="32" />
  <attribute name="CPU Util currently" value="1795525122" />
<allocation-satisfied id="5444" threadId="0000000001B5A200" bytesRequested="24" />
<af-end id="5445" timestamp="2019-08-10T03:39:24.372" threadId="0000000001B5AB88" success="true" from="nursery"/>
<exclusive-end id="5446" timestamp="2019-08-10T03:39:24.373" durationms="12.558" />

<exclusive-start id="5447" timestamp="2019-08-10T03:39:24.781" intervalms="420.351">
  <response-info timems="10.988" idlems="7.500" threads="1" lastid="0000000001B34B00" lastname="Thread-25" />
</exclusive-start>
<af-start id="5448" threadId="0000000001B40888" totalBytesRequested="136" timestamp="2019-08-10T03:39:24.784" intervalms="423.000" type="nursery" />
<cycle-start id="5449" type="scavenge" contextid="0" timestamp="2019-08-10T03:39:24.784" intervalms="423.006" />
<gc-start id="5450" type="scavenge" contextid="5449" timestamp="2019-08-10T03:39:24.784">
  <mem-info id="5451" free="3578017272" total="3831037952" percent="93">
    <mem type="nursery" free="0" total="228720640" percent="0">
      <mem type="allocate" free="0" total="205848576" percent="0" />
      <mem type="survivor" free="0" total="22872064" percent="0" />
    </mem>
    <mem type="tenure" free="3578017272" total="3602317312" percent="99">
      <mem type="soa" free="3397963256" total="3422201856" percent="99" />
      <mem type="loa" free="180054016" total="180115456" percent="99" />
    </mem>
    <remembered-set count="4189" />
  </mem-info>
</gc-start>
<allocation-stats totalBytes="199900592" >
  <allocated-bytes non-tlh="24" tlh="199900568" />
  <largest-consumer threadName="Thread-27" threadId="0000000001B3FF00" bytes="26178624" />
</allocation-stats>
<gc-op id="5452" type="scavenge" timems="44.443" contextid="5449" timestamp="2019-08-10T03:39:24.828">
  <scavenger-info tenureage="7" tenuremask="ff80" tiltratio="90" />
  <memory-copied type="nursery" objects="123933" bytes="5199504" bytesdiscarded="213288" />
</gc-op>
<heap-resize id="5453" type="expand" space="nursery" amount="9568256" count="1" timems="0.022" reason="excessive time being spent scavenging" timestamp="2019-08-10T03:39:24.828" />
<gc-end id="5454" type="scavenge" contextid="5449" durationms="45.297" usertimems="36.825" systemtimems="34.405" timestamp="2019-08-10T03:39:24.829" activeThreads="16">
  <mem-info id="5455" free="3787038272" total="3840606208" percent="98">
    <mem type="nursery" free="209021000" total="238288896" percent="87">
      <mem type="allocate" free="209021000" total="214433792" percent="97" />
      <mem type="survivor" free="0" total="23855104" percent="0" />
    </mem>
    <mem type="tenure" free="3578017272" total="3602317312" percent="99" macro-fragmented="868149">
      <mem type="soa" free="3397963256" total="3422201856" percent="99" />
      <mem type="loa" free="180054016" total="180115456" percent="99" />
    </mem>
    <remembered-set count="4189" />
  </mem-info>
</gc-end>
<cycle-end id="5456" type="scavenge" contextid="5449" timestamp="2019-08-10T03:39:24.829" />
  <attribute name="elasticGC enabled" value="1" />
  <attribute name= "numThreadsSpecified" value="16" />
  <attribute name="heapSize specified" value="-344522752" />
  <attribute name="Current GC Util" value="8" />
  <attribute name= "Current Time Running" value="164930" />
  <attribute name ="GC Interval" value="200" />
  <attribute name="ProportionalT" value="-36.000000" />
  <attribute name="ProportionalI" value="-36.000000" />
  <attribute name="ProportionalH" value="-36.000000" />
  <attribute name="Current Error" value="-72.000000" />
  <attribute name="IntegralT" value="-15228.000000" />
  <attribute name="IntegralI" value="-15228.000000" />
  <attribute name="IntegralH" value="-15228.000000" />
  <attribute name="DerivativeT" value="-0.170213" />
  <attribute name="DerivativeI" value="-0.170213" />
  <attribute name="DerivativeH" value="-0.170213" />
  <attribute name="Loop Time for DT" value="423.000000" />
  <attribute name="Output H" value="4203675648"/>
  <attribute name="Output I" value="200"/>
  <attribute name="Output T" value="16"/>
  <attribute name="Target GC Util Change" value ="80.000000" />
  <attribute name="Current GC Util Change" value="8.000000"/>
  <attribute name="GC Util currently" value="8" />
  <attribute name="CPU Util currently" value="2726204217" />
<allocation-satisfied id="5457" threadId="0000000001B3FF00" bytesRequested="136" />
<af-end id="5458" timestamp="2019-08-10T03:39:24.829" threadId="0000000001B40888" success="true" from="nursery"/>
<exclusive-end id="5459" timestamp="2019-08-10T03:39:24.829" durationms="48.397" />

<exclusive-start id="5460" timestamp="2019-08-10T03:39:25.086" intervalms="305.126">
  <response-info timems="11.465" idlems="11.465" threads="0" lastid="0000000001B61A00" lastname="Thread-30" />
</exclusive-start>
<af-start id="5461" threadId="0000000001B62388" totalBytesRequested="40" timestamp="2019-08-10T03:39:25.086" intervalms="302.493" type="nursery" />
<cycle-start id="5462" type="scavenge" contextid="0" timestamp="2019-08-10T03:39:25.086" intervalms="302.479" />
<gc-start id="5463" type="scavenge" contextid="5462" timestamp="2019-08-10T03:39:25.086">
  <mem-info id="5464" free="3578017272" total="3840606208" percent="93">
    <mem type="nursery" free="0" total="238288896" percent="0">
      <mem type="allocate" free="0" total="214433792" percent="0" />
      <mem type="survivor" free="0" total="23855104" percent="0" />
    </mem>
    <mem type="tenure" free="3578017272" total="3602317312" percent="99">
      <mem type="soa" free="3397963256" total="3422201856" percent="99" />
      <mem type="loa" free="180054016" total="180115456" percent="99" />
    </mem>
    <remembered-set count="4189" />
  </mem-info>
</gc-start>
<allocation-stats totalBytes="208984856" >
  <allocated-bytes non-tlh="136" tlh="208984720" />
  <largest-consumer threadName="Thread-31" threadId="0000000001B38700" bytes="23818312" />
</allocation-stats>
<gc-op id="5465" type="scavenge" timems="4.627" contextid="5462" timestamp="2019-08-10T03:39:25.091">
  <scavenger-info tenureage="14" tenuremask="4000" tiltratio="89" />
  <memory-copied type="nursery" objects="106285" bytes="4776392" bytesdiscarded="144400" />
</gc-op>
<gc-end id="5466" type="scavenge" contextid="5462" durationms="5.347" usertimems="20.730" systemtimems="0.843" timestamp="2019-08-10T03:39:25.091" activeThreads="16">
  <mem-info id="5467" free="3787530272" total="3840606208" percent="98">
    <mem type="nursery" free="209513000" total="238288896" percent="87">
      <mem type="allocate" free="209513000" total="214433792" percent="97" />
      <mem type="survivor" free="0" total="23855104" percent="0" />
    </mem>
    <mem type="tenure" free="3578017272" total="3602317312" percent="99" macro-fragmented="357632">
      <mem type="soa" free="3397963256" total="3422201856" percent="99" />
      <mem type="loa" free="180054016" total="180115456" percent="99" />
    </mem>
    <remembered-set count="4162" />
  </mem-info>
</gc-end>
<cycle-end id="5468" type="scavenge" contextid="5462" timestamp="2019-08-10T03:39:25.092" />
  <attribute name="elasticGC enabled" value="1" />
  <attribute name= "numThreadsSpecified" value="16" />
  <attribute name="heapSize specified" value="-344522752" />
  <attribute name="Current GC Util" value="23" />
  <attribute name= "Current Time Running" value="165232" />
  <attribute name ="GC Interval" value="200" />
  <attribute name="ProportionalT" value="-28.500000" />
  <attribute name="ProportionalI" value="-28.500000" />
  <attribute name="ProportionalH" value="-28.500000" />
  <attribute name="Current Error" value="-57.000000" />
  <attribute name="IntegralT" value="-8607.000000" />
  <attribute name="IntegralI" value="-8607.000000" />
  <attribute name="IntegralH" value="-8607.000000" />
  <attribute name="DerivativeT" value="-0.188742" />
  <attribute name="DerivativeI" value="-0.188742" />
  <attribute name="DerivativeH" value="-0.188742" />
  <attribute name="Loop Time for DT" value="302.000000" />
  <attribute name="Output H" value="4203675648"/>
  <attribute name="Output I" value="200"/>
  <attribute name="Output T" value="16"/>
  <attribute name="Target GC Util Change" value ="80.000000" />
  <attribute name="Current GC Util Change" value="23.000000"/>
  <attribute name="GC Util currently" value="23" />
  <attribute name="CPU Util currently" value="3811526721" />
<allocation-satisfied id="5469" threadId="0000000001B61A00" bytesRequested="40" />
<af-end id="5470" timestamp="2019-08-10T03:39:25.092" threadId="0000000001B62388" success="true" from="nursery"/>
<exclusive-end id="5471" timestamp="2019-08-10T03:39:25.092" durationms="5.670" />

<exclusive-start id="5472" timestamp="2019-08-10T03:39:25.317" intervalms="231.078">
  <response-info timems="8.512" idlems="8.512" threads="0" lastid="0000000001B3FF00" lastname="Thread-27" />
</exclusive-start>
<af-start id="5473" threadId="0000000001B40888" totalBytesRequested="40" timestamp="2019-08-10T03:39:25.317" intervalms="231.070" type="nursery" />
<cycle-start id="5474" type="scavenge" contextid="0" timestamp="2019-08-10T03:39:25.317" intervalms="231.074" />
<gc-start id="5475" type="scavenge" contextid="5474" timestamp="2019-08-10T03:39:25.317">
  <mem-info id="5476" free="3578017272" total="3840606208" percent="93">
    <mem type="nursery" free="0" total="238288896" percent="0">
      <mem type="allocate" free="0" total="214433792" percent="0" />
      <mem type="survivor" free="0" total="23855104" percent="0" />
    </mem>
    <mem type="tenure" free="3578017272" total="3602317312" percent="99">
      <mem type="soa" free="3397963256" total="3422201856" percent="99" />
      <mem type="loa" free="180054016" total="180115456" percent="99" />
    </mem>
    <remembered-set count="4162" />
  </mem-info>
</gc-start>
<allocation-stats totalBytes="209487584" >
  <allocated-bytes non-tlh="40" tlh="209487544" />
  <largest-consumer threadName="Thread-32" threadId="0000000001B2D300" bytes="23164472" />
</allocation-stats>
<gc-op id="5477" type="scavenge" timems="7.082" contextid="5474" timestamp="2019-08-10T03:39:25.324">
  <scavenger-info tenureage="14" tenuremask="4000" tiltratio="89" />
  <memory-copied type="nursery" objects="119825" bytes="5101384" bytesdiscarded="380696" />
</gc-op>
<gc-end id="5478" type="scavenge" contextid="5474" durationms="7.883" usertimems="26.827" systemtimems="0.000" timestamp="2019-08-10T03:39:25.325" activeThreads="16">
  <mem-info id="5479" free="3786968984" total="3840606208" percent="98">
    <mem type="nursery" free="208951712" total="238288896" percent="87">
      <mem type="allocate" free="208951712" total="214433792" percent="97" />
      <mem type="survivor" free="0" total="23855104" percent="0" />
    </mem>
    <mem type="tenure" free="3578017272" total="3602317312" percent="99" macro-fragmented="5798256">
      <mem type="soa" free="3397963256" total="3422201856" percent="99" />
      <mem type="loa" free="180054016" total="180115456" percent="99" />
    </mem>
    <remembered-set count="4156" />
  </mem-info>
</gc-end>
<cycle-end id="5480" type="scavenge" contextid="5474" timestamp="2019-08-10T03:39:25.325" />
  <attribute name="elasticGC enabled" value="1" />
  <attribute name= "numThreadsSpecified" value="16" />
  <attribute name="heapSize specified" value="-344522752" />
  <attribute name="Current GC Util" value="9" />
  <attribute name= "Current Time Running" value="165463" />
  <attribute name ="GC Interval" value="200" />
  <attribute name="ProportionalT" value="-35.500000" />
  <attribute name="ProportionalI" value="-35.500000" />
  <attribute name="ProportionalH" value="-35.500000" />
  <attribute name="Current Error" value="-71.000000" />
  <attribute name="IntegralT" value="-8200.500000" />
  <attribute name="IntegralI" value="-8200.500000" />
  <attribute name="IntegralH" value="-8200.500000" />
  <attribute name="DerivativeT" value="-0.307359" />
  <attribute name="DerivativeI" value="-0.307359" />
  <attribute name="DerivativeH" value="-0.307359" />
  <attribute name="Loop Time for DT" value="231.000000" />
  <attribute name="Output H" value="4203675648"/>
  <attribute name="Output I" value="200"/>
  <attribute name="Output T" value="16"/>
  <attribute name="Target GC Util Change" value ="80.000000" />
  <attribute name="Current GC Util Change" value="9.000000"/>
  <attribute name="GC Util currently" value="9" />
  <attribute name="CPU Util currently" value="4989608124" />
<allocation-satisfied id="5481" threadId="0000000001B3FF00" bytesRequested="40" />
<af-end id="5482" timestamp="2019-08-10T03:39:25.326" threadId="0000000001B40888" success="true" from="nursery"/>
<exclusive-end id="5483" timestamp="2019-08-10T03:39:25.326" durationms="8.957" />

<exclusive-start id="5484" timestamp="2019-08-10T03:39:25.567" intervalms="249.789">
  <response-info timems="14.993" idlems="14.993" threads="0" lastid="0000000001B5DE00" lastname="Thread-34" />
</exclusive-start>
<af-start id="5485" threadId="0000000001B5E788" totalBytesRequested="40" timestamp="2019-08-10T03:39:25.567" intervalms="249.798" type="nursery" />
<cycle-start id="5486" type="scavenge" contextid="0" timestamp="2019-08-10T03:39:25.567" intervalms="249.803" />
<gc-start id="5487" type="scavenge" contextid="5486" timestamp="2019-08-10T03:39:25.567">
  <mem-info id="5488" free="3578017272" total="3840606208" percent="93">
    <mem type="nursery" free="0" total="238288896" percent="0">
      <mem type="allocate" free="0" total="214433792" percent="0" />
      <mem type="survivor" free="0" total="23855104" percent="0" />
    </mem>
    <mem type="tenure" free="3578017272" total="3602317312" percent="99">
      <mem type="soa" free="3397963256" total="3422201856" percent="99" />
      <mem type="loa" free="180054016" total="180115456" percent="99" />
    </mem>
    <remembered-set count="4156" />
  </mem-info>
</gc-start>
<allocation-stats totalBytes="208945064" >
  <allocated-bytes non-tlh="40" tlh="208945024" />
  <largest-consumer threadName="Thread-32" threadId="0000000001B2D300" bytes="20634776" />
</allocation-stats>
<gc-op id="5489" type="scavenge" timems="52.115" contextid="5486" timestamp="2019-08-10T03:39:25.619">
  <scavenger-info tenureage="14" tenuremask="4000" tiltratio="89" />
  <memory-copied type="nursery" objects="120789" bytes="5125168" bytesdiscarded="586040" />
</gc-op>
<heap-resize id="5490" type="expand" space="nursery" amount="24510464" count="1" timems="0.025" reason="excessive time being spent scavenging" timestamp="2019-08-10T03:39:25.633" />
<gc-end id="5491" type="scavenge" contextid="5486" durationms="74.996" usertimems="39.999" systemtimems="24.019" timestamp="2019-08-10T03:39:25.642" activeThreads="16">
  <mem-info id="5492" free="3808759952" total="3865116672" percent="98">
    <mem type="nursery" free="230742680" total="262799360" percent="87">
      <mem type="allocate" free="230742680" total="236453888" percent="97" />
      <mem type="survivor" free="0" total="26345472" percent="0" />
    </mem>
    <mem type="tenure" free="3578017272" total="3602317312" percent="99" macro-fragmented="116842">
      <mem type="soa" free="3397963256" total="3422201856" percent="99" />
      <mem type="loa" free="180054016" total="180115456" percent="99" />
    </mem>
    <remembered-set count="4154" />
  </mem-info>
</gc-end>
<cycle-end id="5493" type="scavenge" contextid="5486" timestamp="2019-08-10T03:39:25.642" />
  <attribute name="elasticGC enabled" value="1" />
  <attribute name= "numThreadsSpecified" value="16" />
  <attribute name="heapSize specified" value="-344522752" />
  <attribute name="Current GC Util" value="9" />
  <attribute name= "Current Time Running" value="165713" />
  <attribute name ="GC Interval" value="200" />
  <attribute name="ProportionalT" value="-35.500000" />
  <attribute name="ProportionalI" value="-35.500000" />
  <attribute name="ProportionalH" value="-35.500000" />
  <attribute name="Current Error" value="-71.000000" />
  <attribute name="IntegralT" value="-8875.000000" />
  <attribute name="IntegralI" value="-8875.000000" />
  <attribute name="IntegralH" value="-8875.000000" />
  <attribute name="DerivativeT" value="-0.284000" />
  <attribute name="DerivativeI" value="-0.284000" />
  <attribute name="DerivativeH" value="-0.284000" />
  <attribute name="Loop Time for DT" value="250.000000" />
  <attribute name="Output H" value="4203675648"/>
  <attribute name="Output I" value="200"/>
  <attribute name="Output T" value="16"/>
  <attribute name="Target GC Util Change" value ="80.000000" />
  <attribute name="Current GC Util Change" value="9.000000"/>
  <attribute name="GC Util currently" value="9" />
  <attribute name="CPU Util currently" value="4615179009" />
<allocation-satisfied id="5494" threadId="0000000001B5DE00" bytesRequested="40" />
<af-end id="5495" timestamp="2019-08-10T03:39:25.643" threadId="0000000001B5E788" success="true" from="nursery"/>
<exclusive-end id="5496" timestamp="2019-08-10T03:39:25.643" durationms="76.176" />

<exclusive-start id="5497" timestamp="2019-08-10T03:39:25.963" intervalms="396.642">
  <response-info timems="14.431" idlems="14.431" threads="0" lastid="0000000001B69200" lastname="Thread-29" />
</exclusive-start>
<af-start id="5498" threadId="0000000001B69B88" totalBytesRequested="40" timestamp="2019-08-10T03:39:25.963" intervalms="396.637" type="nursery" />
<cycle-start id="5499" type="scavenge" contextid="0" timestamp="2019-08-10T03:39:25.964" intervalms="396.628" />
<gc-start id="5500" type="scavenge" contextid="5499" timestamp="2019-08-10T03:39:25.964">
  <mem-info id="5501" free="3578017272" total="3865116672" percent="92">
    <mem type="nursery" free="0" total="262799360" percent="0">
      <mem type="allocate" free="0" total="236453888" percent="0" />
      <mem type="survivor" free="0" total="26345472" percent="0" />
    </mem>
    <mem type="tenure" free="3578017272" total="3602317312" percent="99">
      <mem type="soa" free="3397963256" total="3422201856" percent="99" />
      <mem type="loa" free="180054016" total="180115456" percent="99" />
    </mem>
    <remembered-set count="4154" />
  </mem-info>
</gc-start>
<allocation-stats totalBytes="230737568" >
  <allocated-bytes non-tlh="40" tlh="230737528" />
  <largest-consumer threadName="Thread-23" threadId="0000000001B3C300" bytes="28915640" />
</allocation-stats>
<gc-op id="5502" type="scavenge" timems="12.278" contextid="5499" timestamp="2019-08-10T03:39:25.976">
  <scavenger-info tenureage="14" tenuremask="4000" tiltratio="89" />
  <memory-copied type="nursery" objects="123616" bytes="5192096" bytesdiscarded="243832" />
</gc-op>
<gc-end id="5503" type="scavenge" contextid="5499" durationms="12.996" usertimems="25.957" systemtimems="3.311" timestamp="2019-08-10T03:39:25.977" activeThreads="16">
  <mem-info id="5504" free="3809100768" total="3865116672" percent="98">
    <mem type="nursery" free="231083496" total="262799360" percent="87">
      <mem type="allocate" free="231083496" total="236519424" percent="97" />
      <mem type="survivor" free="0" total="26279936" percent="0" />
    </mem>
    <mem type="tenure" free="3578017272" total="3602317312" percent="99" macro-fragmented="868149">
      <mem type="soa" free="3397963256" total="3422201856" percent="99" />
      <mem type="loa" free="180054016" total="180115456" percent="99" />
    </mem>
    <remembered-set count="4152" />
  </mem-info>
</gc-end>
<cycle-end id="5505" type="scavenge" contextid="5499" timestamp="2019-08-10T03:39:25.978" />
  <attribute name="elasticGC enabled" value="1" />
  <attribute name= "numThreadsSpecified" value="16" />
  <attribute name="heapSize specified" value="-344522752" />
  <attribute name="Current GC Util" value="15" />
  <attribute name= "Current Time Running" value="166110" />
  <attribute name ="GC Interval" value="200" />
  <attribute name="ProportionalT" value="-32.500000" />
  <attribute name="ProportionalI" value="-32.500000" />
  <attribute name="ProportionalH" value="-32.500000" />
  <attribute name="Current Error" value="-65.000000" />
  <attribute name="IntegralT" value="-12902.500000" />
  <attribute name="IntegralI" value="-12902.500000" />
  <attribute name="IntegralH" value="-12902.500000" />
  <attribute name="DerivativeT" value="-0.163728" />
  <attribute name="DerivativeI" value="-0.163728" />
  <attribute name="DerivativeH" value="-0.163728" />
  <attribute name="Loop Time for DT" value="397.000000" />
  <attribute name="Output H" value="4203675648"/>
  <attribute name="Output I" value="200"/>
  <attribute name="Output T" value="16"/>
  <attribute name="Target GC Util Change" value ="80.000000" />
  <attribute name="Current GC Util Change" value="15.000000"/>
  <attribute name="GC Util currently" value="15" />
  <attribute name="CPU Util currently" value="2906764827" />
<allocation-satisfied id="5506" threadId="0000000001B69200" bytesRequested="40" />
<af-end id="5507" timestamp="2019-08-10T03:39:25.978" threadId="0000000001B69B88" success="true" from="nursery"/>
<exclusive-end id="5508" timestamp="2019-08-10T03:39:25.978" durationms="14.685" />

<exclusive-start id="5509" timestamp="2019-08-10T03:39:27.054" intervalms="1090.314">
  <response-info timems="29.558" idlems="18.447" threads="2" lastid="0000000001B47600" lastname="Thread-33" />
</exclusive-start>
<af-start id="5510" threadId="0000000001B35488" totalBytesRequested="40" timestamp="2019-08-10T03:39:27.075" intervalms="1111.326" type="nursery" />
<cycle-start id="5511" type="scavenge" contextid="0" timestamp="2019-08-10T03:39:27.075" intervalms="1111.356" />
<gc-start id="5512" type="scavenge" contextid="5511" timestamp="2019-08-10T03:39:27.075">
  <mem-info id="5513" free="3578017272" total="3865116672" percent="92">
    <mem type="nursery" free="0" total="262799360" percent="0">
      <mem type="allocate" free="0" total="236519424" percent="0" />
      <mem type="survivor" free="0" total="26279936" percent="0" />
    </mem>
    <mem type="tenure" free="3578017272" total="3602317312" percent="99">
      <mem type="soa" free="3397963256" total="3422201856" percent="99" />
      <mem type="loa" free="180054016" total="180115456" percent="99" />
    </mem>
    <remembered-set count="4152" />
  </mem-info>
</gc-start>
<allocation-stats totalBytes="231078480" >
  <allocated-bytes non-tlh="40" tlh="231078440" />
  <largest-consumer threadName="Thread-33" threadId="0000000001B47600" bytes="21986864" />
</allocation-stats>
<gc-op id="5514" type="scavenge" timems="249.957" contextid="5511" timestamp="2019-08-10T03:39:27.325">
  <scavenger-info tenureage="5" tenuremask="41a0" tiltratio="90" />
  <memory-copied type="nursery" objects="106321" bytes="4364840" bytesdiscarded="144616" />
  <memory-copied type="tenure" objects="17505" bytes="832248" bytesdiscarded="64" />
</gc-op>
<heap-resize id="5515" type="expand" space="nursery" amount="23461888" count="1" timems="0.022" reason="excessive time being spent scavenging" timestamp="2019-08-10T03:39:27.326" />
<gc-end id="5516" type="scavenge" contextid="5511" durationms="252.486" usertimems="100.937" systemtimems="105.483" timestamp="2019-08-10T03:39:27.327" activeThreads="16">
  <mem-info id="5517" free="3830372608" total="3888578560" percent="98">
    <mem type="nursery" free="253112560" total="286261248" percent="88">
      <mem type="allocate" free="253112560" total="257622016" percent="98" />
      <mem type="survivor" free="0" total="28639232" percent="0" />
    </mem>
    <mem type="tenure" free="3577260048" total="3602317312" percent="99" macro-fragmented="50280">
      <mem type="soa" free="3397206032" total="3422201856" percent="99" />
      <mem type="loa" free="180054016" total="180115456" percent="99" />
    </mem>
    <remembered-set count="13013" />
  </mem-info>
</gc-end>
<cycle-end id="5518" type="scavenge" contextid="5511" timestamp="2019-08-10T03:39:27.328" />
  <attribute name="elasticGC enabled" value="1" />
  <attribute name= "numThreadsSpecified" value="16" />
  <attribute name="heapSize specified" value="-344522752" />
  <attribute name="Current GC Util" value="1" />
  <attribute name= "Current Time Running" value="167221" />
  <attribute name ="GC Interval" value="200" />
  <attribute name="ProportionalT" value="-39.500000" />
  <attribute name="ProportionalI" value="-39.500000" />
  <attribute name="ProportionalH" value="-39.500000" />
  <attribute name="Current Error" value="-79.000000" />
  <attribute name="IntegralT" value="-43884.500000" />
  <attribute name="IntegralI" value="-43884.500000" />
  <attribute name="IntegralH" value="-43884.500000" />
  <attribute name="DerivativeT" value="-0.071107" />
  <attribute name="DerivativeI" value="-0.071107" />
  <attribute name="DerivativeH" value="-0.071107" />
  <attribute name="Loop Time for DT" value="1111.000000" />
  <attribute name="Output H" value="4203675648"/>
  <attribute name="Output I" value="200"/>
  <attribute name="Output T" value="16"/>
  <attribute name="Target GC Util Change" value ="80.000000" />
  <attribute name="Current GC Util Change" value="1.000000"/>
  <attribute name="GC Util currently" value="1" />
  <attribute name="CPU Util currently" value="8" />
<allocation-satisfied id="5519" threadId="0000000001B34B00" bytesRequested="40" />
<af-end id="5520" timestamp="2019-08-10T03:39:27.328" threadId="0000000001B35488" success="true" from="nursery"/>
<exclusive-end id="5521" timestamp="2019-08-10T03:39:27.328" durationms="274.070" />

<exclusive-start id="5522" timestamp="2019-08-10T03:39:28.103" intervalms="1048.762">
  <response-info timems="71.179" idlems="71.179" threads="0" lastid="0000000001B69200" lastname="Thread-29" />
</exclusive-start>
<af-start id="5523" threadId="0000000001B69B88" totalBytesRequested="40" timestamp="2019-08-10T03:39:28.107" intervalms="1031.734" type="nursery" />
<cycle-start id="5524" type="scavenge" contextid="0" timestamp="2019-08-10T03:39:28.107" intervalms="1031.719" />
<gc-start id="5525" type="scavenge" contextid="5524" timestamp="2019-08-10T03:39:28.107">
  <mem-info id="5526" free="3577260048" total="3888578560" percent="91">
    <mem type="nursery" free="0" total="286261248" percent="0">
      <mem type="allocate" free="0" total="257622016" percent="0" />
      <mem type="survivor" free="0" total="28639232" percent="0" />
    </mem>
    <mem type="tenure" free="3577260048" total="3602317312" percent="99">
      <mem type="soa" free="3397206032" total="3422201856" percent="99" />
      <mem type="loa" free="180054016" total="180115456" percent="99" />
    </mem>
    <remembered-set count="14869" />
  </mem-info>
</gc-start>
<allocation-stats totalBytes="253105568" >
  <allocated-bytes non-tlh="40" tlh="253105528" />
  <largest-consumer threadName="Thread-30" threadId="0000000001B61A00" bytes="47069832" />
</allocation-stats>
<gc-op id="5527" type="scavenge" timems="32.190" contextid="5524" timestamp="2019-08-10T03:39:28.171">
  <scavenger-info tenureage="11" tenuremask="4800" tiltratio="89" />
  <memory-copied type="nursery" objects="105028" bytes="4312432" bytesdiscarded="571352" />
  <memory-copied type="tenure" objects="473" bytes="33256" bytesdiscarded="0" />
</gc-op>
<gc-end id="5528" type="scavenge" contextid="5524" durationms="65.580" usertimems="62.734" systemtimems="34.988" timestamp="2019-08-10T03:39:28.172" activeThreads="16">
  <mem-info id="5529" free="3829998280" total="3888578560" percent="98">
    <mem type="nursery" free="252738232" total="286261248" percent="88">
      <mem type="allocate" free="252738232" total="257622016" percent="98" />
      <mem type="survivor" free="0" total="28639232" percent="0" />
    </mem>
    <mem type="tenure" free="3577260048" total="3602317312" percent="99" macro-fragmented="1500163">
      <mem type="soa" free="3397206032" total="3422201856" percent="99" />
      <mem type="loa" free="180054016" total="180115456" percent="99" />
    </mem>
    <remembered-set count="14425" />
  </mem-info>
</gc-end>
<cycle-end id="5530" type="scavenge" contextid="5524" timestamp="2019-08-10T03:39:28.172" />
  <attribute name="elasticGC enabled" value="1" />
  <attribute name= "numThreadsSpecified" value="16" />
  <attribute name="heapSize specified" value="-344522752" />
  <attribute name="Current GC Util" value="11" />
  <attribute name= "Current Time Running" value="168285" />
  <attribute name ="GC Interval" value="200" />
  <attribute name="ProportionalT" value="-34.500000" />
  <attribute name="ProportionalI" value="-34.500000" />
  <attribute name="ProportionalH" value="-34.500000" />
  <attribute name="Current Error" value="-69.000000" />
  <attribute name="IntegralT" value="-36708.000000" />
  <attribute name="IntegralI" value="-36708.000000" />
  <attribute name="IntegralH" value="-36708.000000" />
  <attribute name="DerivativeT" value="-0.064850" />
  <attribute name="DerivativeI" value="-0.064850" />
  <attribute name="DerivativeH" value="-0.064850" />
  <attribute name="Loop Time for DT" value="1064.000000" />
  <attribute name="Output H" value="4203675648"/>
  <attribute name="Output I" value="200"/>
  <attribute name="Output T" value="16"/>
  <attribute name="Target GC Util Change" value ="80.000000" />
  <attribute name="Current GC Util Change" value="11.000000"/>
  <attribute name="GC Util currently" value="11" />
  <attribute name="CPU Util currently" value="6" />
<allocation-satisfied id="5531" threadId="0000000001B69200" bytesRequested="40" />
<af-end id="5532" timestamp="2019-08-10T03:39:28.172" threadId="0000000001B69B88" success="true" from="nursery"/>
<exclusive-end id="5533" timestamp="2019-08-10T03:39:28.172" durationms="69.960" />

<exclusive-start id="5534" timestamp="2019-08-10T03:39:28.725" intervalms="622.236">
  <response-info timems="22.718" idlems="20.294" threads="4" lastid="0000000001B7F900" lastname="Thread-24" />
</exclusive-start>
<af-start id="5535" threadId="0000000001B40888" totalBytesRequested="24" timestamp="2019-08-10T03:39:28.725" intervalms="618.433" type="nursery" />
<cycle-start id="5536" type="scavenge" contextid="0" timestamp="2019-08-10T03:39:28.725" intervalms="618.445" />
<gc-start id="5537" type="scavenge" contextid="5536" timestamp="2019-08-10T03:39:28.725">
  <mem-info id="5538" free="3577260048" total="3888578560" percent="91">
    <mem type="nursery" free="0" total="286261248" percent="0">
      <mem type="allocate" free="0" total="257622016" percent="0" />
      <mem type="survivor" free="0" total="28639232" percent="0" />
    </mem>
    <mem type="tenure" free="3577260048" total="3602317312" percent="99">
      <mem type="soa" free="3397206032" total="3422201856" percent="99" />
      <mem type="loa" free="180054016" total="180115456" percent="99" />
    </mem>
    <remembered-set count="15691" />
  </mem-info>
</gc-start>
<allocation-stats totalBytes="252728088" >
  <allocated-bytes non-tlh="40" tlh="252728048" />
  <largest-consumer threadName="Thread-30" threadId="0000000001B61A00" bytes="36010488" />
</allocation-stats>
<gc-op id="5539" type="scavenge" timems="160.715" contextid="5536" timestamp="2019-08-10T03:39:28.886">
  <scavenger-info tenureage="11" tenuremask="4800" tiltratio="89" />
  <memory-copied type="nursery" objects="122169" bytes="4998872" bytesdiscarded="228016" />
  <memory-copied type="tenure" objects="539" bytes="12936" bytesdiscarded="704" />
</gc-op>
<heap-resize id="5540" type="expand" space="nursery" amount="34865152" count="1" timems="0.023" reason="excessive time being spent scavenging" timestamp="2019-08-10T03:39:28.888" />
<gc-end id="5541" type="scavenge" contextid="5536" durationms="163.659" usertimems="43.073" systemtimems="39.567" timestamp="2019-08-10T03:39:28.889" activeThreads="16">
  <mem-info id="5542" free="3860849288" total="3923443712" percent="98">
    <mem type="nursery" free="283721336" total="321126400" percent="88">
      <mem type="allocate" free="283721336" total="288948224" percent="98" />
      <mem type="survivor" free="0" total="32178176" percent="0" />
    </mem>
    <mem type="tenure" free="3577127952" total="3602317312" percent="99" macro-fragmented="1500163">
      <mem type="soa" free="3397073936" total="3422201856" percent="99" />
      <mem type="loa" free="180054016" total="180115456" percent="99" />
    </mem>
    <remembered-set count="15150" />
  </mem-info>
</gc-end>
<cycle-end id="5543" type="scavenge" contextid="5536" timestamp="2019-08-10T03:39:28.889" />
  <attribute name="elasticGC enabled" value="1" />
  <attribute name= "numThreadsSpecified" value="16" />
  <attribute name="heapSize specified" value="-344522752" />
  <attribute name="Current GC Util" value="15" />
  <attribute name= "Current Time Running" value="168871" />
  <attribute name ="GC Interval" value="200" />
  <attribute name="ProportionalT" value="-32.500000" />
  <attribute name="ProportionalI" value="-32.500000" />
  <attribute name="ProportionalH" value="-32.500000" />
  <attribute name="Current Error" value="-65.000000" />
  <attribute name="IntegralT" value="-19045.000000" />
  <attribute name="IntegralI" value="-19045.000000" />
  <attribute name="IntegralH" value="-19045.000000" />
  <attribute name="DerivativeT" value="-0.110922" />
  <attribute name="DerivativeI" value="-0.110922" />
  <attribute name="DerivativeH" value="-0.110922" />
  <attribute name="Loop Time for DT" value="586.000000" />
  <attribute name="Output H" value="4203675648"/>
  <attribute name="Output I" value="200"/>
  <attribute name="Output T" value="16"/>
  <attribute name="Target GC Util Change" value ="80.000000" />
  <attribute name="Current GC Util Change" value="15.000000"/>
  <attribute name="GC Util currently" value="15" />
  <attribute name="CPU Util currently" value="1967053484" />
<allocation-satisfied id="5544" threadId="0000000001B3FF00" bytesRequested="24" />
<af-end id="5545" timestamp="2019-08-10T03:39:28.889" threadId="0000000001B40888" success="true" from="nursery"/>
<exclusive-end id="5546" timestamp="2019-08-10T03:39:28.892" durationms="167.630" />

<exclusive-start id="5547" timestamp="2019-08-10T03:39:29.619" intervalms="894.232">
  <response-info timems="73.159" idlems="72.837" threads="1" lastid="0000000001B7BD00" lastname="Thread-36" />
</exclusive-start>
<af-start id="5548" threadId="0000000001B62388" totalBytesRequested="24" timestamp="2019-08-10T03:39:29.622" intervalms="896.595" type="nursery" />
<cycle-start id="5549" type="scavenge" contextid="0" timestamp="2019-08-10T03:39:29.622" intervalms="896.583" />
<gc-start id="5550" type="scavenge" contextid="5549" timestamp="2019-08-10T03:39:29.622">
  <mem-info id="5551" free="3577127952" total="3923443712" percent="91">
    <mem type="nursery" free="0" total="321126400" percent="0">
      <mem type="allocate" free="0" total="288948224" percent="0" />
      <mem type="survivor" free="0" total="32178176" percent="0" />
    </mem>
    <mem type="tenure" free="3577127952" total="3602317312" percent="99">
      <mem type="soa" free="3397073936" total="3422201856" percent="99" />
      <mem type="loa" free="180054016" total="180115456" percent="99" />
    </mem>
    <remembered-set count="15263" />
  </mem-info>
</gc-start>
<allocation-stats totalBytes="283668072" >
  <allocated-bytes non-tlh="24" tlh="283668048" />
  <largest-consumer threadName="Thread-29" threadId="0000000001B69200" bytes="43999024" />
</allocation-stats>
<gc-op id="5552" type="scavenge" timems="40.593" contextid="5549" timestamp="2019-08-10T03:39:29.662">
  <scavenger-info tenureage="14" tenuremask="4000" tiltratio="89" />
  <memory-copied type="nursery" objects="129279" bytes="5305456" bytesdiscarded="418376" />
</gc-op>
<gc-end id="5553" type="scavenge" contextid="5549" durationms="40.981" usertimems="50.008" systemtimems="32.067" timestamp="2019-08-10T03:39:29.663" activeThreads="16">
  <mem-info id="5554" free="3860417880" total="3923443712" percent="98">
    <mem type="nursery" free="283289928" total="321126400" percent="88">
      <mem type="allocate" free="283289928" total="289013760" percent="98" />
      <mem type="survivor" free="0" total="32112640" percent="0" />
    </mem>
    <mem type="tenure" free="3577127952" total="3602317312" percent="99" macro-fragmented="9288619">
      <mem type="soa" free="3397073936" total="3422201856" percent="99" />
      <mem type="loa" free="180054016" total="180115456" percent="99" />
    </mem>
    <remembered-set count="15261" />
  </mem-info>
</gc-end>
<cycle-end id="5555" type="scavenge" contextid="5549" timestamp="2019-08-10T03:39:29.663" />
  <attribute name="elasticGC enabled" value="1" />
  <attribute name= "numThreadsSpecified" value="16" />
  <attribute name="heapSize specified" value="-344522752" />
  <attribute name="Current GC Util" value="8" />
  <attribute name= "Current Time Running" value="169768" />
  <attribute name ="GC Interval" value="200" />
  <attribute name="ProportionalT" value="-36.000000" />
  <attribute name="ProportionalI" value="-36.000000" />
  <attribute name="ProportionalH" value="-36.000000" />
  <attribute name="Current Error" value="-72.000000" />
  <attribute name="IntegralT" value="-32292.000000" />
  <attribute name="IntegralI" value="-32292.000000" />
  <attribute name="IntegralH" value="-32292.000000" />
  <attribute name="DerivativeT" value="-0.080268" />
  <attribute name="DerivativeI" value="-0.080268" />
  <attribute name="DerivativeH" value="-0.080268" />
  <attribute name="Loop Time for DT" value="897.000000" />
  <attribute name="Output H" value="4203675648"/>
  <attribute name="Output I" value="200"/>
  <attribute name="Output T" value="16"/>
  <attribute name="Target GC Util Change" value ="80.000000" />
  <attribute name="Current GC Util Change" value="8.000000"/>
  <attribute name="GC Util currently" value="8" />
  <attribute name="CPU Util currently" value="1285920168" />
<allocation-satisfied id="5556" threadId="0000000001B61A00" bytesRequested="24" />
<af-end id="5557" timestamp="2019-08-10T03:39:29.663" threadId="0000000001B62388" success="true" from="nursery"/>
<exclusive-end id="5558" timestamp="2019-08-10T03:39:29.663" durationms="44.358" />

<exclusive-start id="5559" timestamp="2019-08-10T03:39:30.100" intervalms="481.397">
  <response-info timems="4.352" idlems="2.325" threads="2" lastid="0000000001B47600" lastname="Thread-33" />
</exclusive-start>
<af-start id="5560" threadId="0000000001B65F88" totalBytesRequested="24" timestamp="2019-08-10T03:39:30.100" intervalms="478.867" type="nursery" />
<cycle-start id="5561" type="scavenge" contextid="0" timestamp="2019-08-10T03:39:30.100" intervalms="478.858" />
<gc-start id="5562" type="scavenge" contextid="5561" timestamp="2019-08-10T03:39:30.101">
  <mem-info id="5563" free="3577127952" total="3923443712" percent="91">
    <mem type="nursery" free="0" total="321126400" percent="0">
      <mem type="allocate" free="0" total="289013760" percent="0" />
      <mem type="survivor" free="0" total="32112640" percent="0" />
    </mem>
    <mem type="tenure" free="3577127952" total="3602317312" percent="99">
      <mem type="soa" free="3397073936" total="3422201856" percent="99" />
      <mem type="loa" free="180054016" total="180115456" percent="99" />
    </mem>
    <remembered-set count="15261" />
  </mem-info>
</gc-start>
<allocation-stats totalBytes="283268656" >
  <allocated-bytes non-tlh="24" tlh="283268632" />
  <largest-consumer threadName="Thread-31" threadId="0000000001B38700" bytes="38106056" />
</allocation-stats>
<gc-op id="5564" type="scavenge" timems="22.490" contextid="5561" timestamp="2019-08-10T03:39:30.123">
  <scavenger-info tenureage="8" tenuremask="4100" tiltratio="90" />
  <memory-copied type="nursery" objects="119485" bytes="4796760" bytesdiscarded="333984" />
  <memory-copied type="tenure" objects="11887" bytes="560040" bytesdiscarded="24" />
</gc-op>
<gc-end id="5565" type="scavenge" contextid="5561" durationms="23.479" usertimems="49.847" systemtimems="13.957" timestamp="2019-08-10T03:39:30.124" activeThreads="16">
  <mem-info id="5566" free="3860421144" total="3923443712" percent="98">
    <mem type="nursery" free="283883016" total="321126400" percent="88">
      <mem type="allocate" free="283883016" total="289013760" percent="98" />
      <mem type="survivor" free="0" total="32112640" percent="0" />
    </mem>
    <mem type="tenure" free="3576538128" total="3602317312" percent="99" macro-fragmented="9663760">
      <mem type="soa" free="3396484112" total="3422201856" percent="99" />
      <mem type="loa" free="180054016" total="180115456" percent="99" />
    </mem>
    <remembered-set count="19835" />
  </mem-info>
</gc-end>
<cycle-end id="5567" type="scavenge" contextid="5561" timestamp="2019-08-10T03:39:30.124" />
  <attribute name="elasticGC enabled" value="1" />
  <attribute name= "numThreadsSpecified" value="16" />
  <attribute name="heapSize specified" value="-344522752" />
  <attribute name="Current GC Util" value="17" />
  <attribute name= "Current Time Running" value="170247" />
  <attribute name ="GC Interval" value="200" />
  <attribute name="ProportionalT" value="-31.500000" />
  <attribute name="ProportionalI" value="-31.500000" />
  <attribute name="ProportionalH" value="-31.500000" />
  <attribute name="Current Error" value="-63.000000" />
  <attribute name="IntegralT" value="-15088.500000" />
  <attribute name="IntegralI" value="-15088.500000" />
  <attribute name="IntegralH" value="-15088.500000" />
  <attribute name="DerivativeT" value="-0.131524" />
  <attribute name="DerivativeI" value="-0.131524" />
  <attribute name="DerivativeH" value="-0.131524" />
  <attribute name="Loop Time for DT" value="479.000000" />
  <attribute name="Output H" value="4203675648"/>
  <attribute name="Output I" value="200"/>
  <attribute name="Output T" value="16"/>
  <attribute name="Target GC Util Change" value ="80.000000" />
  <attribute name="Current GC Util Change" value="17.000000"/>
  <attribute name="GC Util currently" value="17" />
  <attribute name="CPU Util currently" value="2407633978" />
<allocation-satisfied id="5568" threadId="0000000001B65600" bytesRequested="24" />
<af-end id="5569" timestamp="2019-08-10T03:39:30.124" threadId="0000000001B65F88" success="true" from="nursery"/>
<exclusive-end id="5570" timestamp="2019-08-10T03:39:30.124" durationms="23.815" />

<exclusive-start id="5571" timestamp="2019-08-10T03:39:30.548" intervalms="447.778">
  <response-info timems="1.148" idlems="0.569" threads="5" lastid="0000000001B38700" lastname="Thread-31" />
</exclusive-start>
<af-start id="5572" threadId="0000000001B7C688" totalBytesRequested="40" timestamp="2019-08-10T03:39:30.548" intervalms="447.781" type="nursery" />
<cycle-start id="5573" type="scavenge" contextid="0" timestamp="2019-08-10T03:39:30.548" intervalms="447.789" />
<gc-start id="5574" type="scavenge" contextid="5573" timestamp="2019-08-10T03:39:30.548">
  <mem-info id="5575" free="3576538128" total="3923443712" percent="91">
    <mem type="nursery" free="0" total="321126400" percent="0">
      <mem type="allocate" free="0" total="289013760" percent="0" />
      <mem type="survivor" free="0" total="32112640" percent="0" />
    </mem>
    <mem type="tenure" free="3576538128" total="3602317312" percent="99">
      <mem type="soa" free="3396484112" total="3422201856" percent="99" />
      <mem type="loa" free="180054016" total="180115456" percent="99" />
    </mem>
    <remembered-set count="20429" />
  </mem-info>
</gc-start>
<allocation-stats totalBytes="283876176" >
  <allocated-bytes non-tlh="24" tlh="283876152" />
  <largest-consumer threadName="Thread-30" threadId="0000000001B61A00" bytes="37453056" />
</allocation-stats>
<gc-op id="5576" type="scavenge" timems="4.824" contextid="5573" timestamp="2019-08-10T03:39:30.553">
  <scavenger-info tenureage="14" tenuremask="4000" tiltratio="90" />
  <memory-copied type="nursery" objects="134028" bytes="5283336" bytesdiscarded="385728" />
</gc-op>
<gc-end id="5577" type="scavenge" contextid="5573" durationms="5.641" usertimems="25.953" systemtimems="0.000" timestamp="2019-08-10T03:39:30.554" activeThreads="16">
  <mem-info id="5578" free="3859882824" total="3923443712" percent="98">
    <mem type="nursery" free="283344696" total="321126400" percent="88">
      <mem type="allocate" free="283344696" total="289013760" percent="98" />
      <mem type="survivor" free="0" total="32112640" percent="0" />
    </mem>
    <mem type="tenure" free="3576538128" total="3602317312" percent="99" macro-fragmented="0">
      <mem type="soa" free="3396484112" total="3422201856" percent="99" />
      <mem type="loa" free="180054016" total="180115456" percent="99" />
    </mem>
    <remembered-set count="20429" />
  </mem-info>
</gc-end>
<cycle-end id="5579" type="scavenge" contextid="5573" timestamp="2019-08-10T03:39:30.554" />
  <attribute name="elasticGC enabled" value="1" />
  <attribute name= "numThreadsSpecified" value="16" />
  <attribute name="heapSize specified" value="-344522752" />
  <attribute name="Current GC Util" value="14" />
  <attribute name= "Current Time Running" value="170695" />
  <attribute name ="GC Interval" value="200" />
  <attribute name="ProportionalT" value="-33.000000" />
  <attribute name="ProportionalI" value="-33.000000" />
  <attribute name="ProportionalH" value="-33.000000" />
  <attribute name="Current Error" value="-66.000000" />
  <attribute name="IntegralT" value="-14784.000000" />
  <attribute name="IntegralI" value="-14784.000000" />
  <attribute name="IntegralH" value="-14784.000000" />
  <attribute name="DerivativeT" value="-0.147321" />
  <attribute name="DerivativeI" value="-0.147321" />
  <attribute name="DerivativeH" value="-0.147321" />
  <attribute name="Loop Time for DT" value="448.000000" />
  <attribute name="Output H" value="4203675648"/>
  <attribute name="Output I" value="200"/>
  <attribute name="Output T" value="16"/>
  <attribute name="Target GC Util Change" value ="80.000000" />
  <attribute name="Current GC Util Change" value="14.000000"/>
  <attribute name="GC Util currently" value="14" />
  <attribute name="CPU Util currently" value="2574414164" />
<allocation-satisfied id="5580" threadId="0000000001B7BD00" bytesRequested="40" />
<af-end id="5581" timestamp="2019-08-10T03:39:30.554" threadId="0000000001B7C688" success="true" from="nursery"/>
<exclusive-end id="5582" timestamp="2019-08-10T03:39:30.554" durationms="6.041" />

<exclusive-start id="5583" timestamp="2019-08-10T03:39:31.043" intervalms="494.872">
  <response-info timems="1.340" idlems="0.701" threads="1" lastid="0000000001B5A200" lastname="Thread-26" />
</exclusive-start>
<af-start id="5584" threadId="0000000001B80288" totalBytesRequested="40" timestamp="2019-08-10T03:39:31.043" intervalms="494.880" type="nursery" />
<cycle-start id="5585" type="scavenge" contextid="0" timestamp="2019-08-10T03:39:31.043" intervalms="494.866" />
<gc-start id="5586" type="scavenge" contextid="5585" timestamp="2019-08-10T03:39:31.043">
  <mem-info id="5587" free="3576538128" total="3923443712" percent="91">
    <mem type="nursery" free="0" total="321126400" percent="0">
      <mem type="allocate" free="0" total="289013760" percent="0" />
      <mem type="survivor" free="0" total="32112640" percent="0" />
    </mem>
    <mem type="tenure" free="3576538128" total="3602317312" percent="99">
      <mem type="soa" free="3396484112" total="3422201856" percent="99" />
      <mem type="loa" free="180054016" total="180115456" percent="99" />
    </mem>
    <remembered-set count="20672" />
  </mem-info>
</gc-start>
<allocation-stats totalBytes="283335064" >
  <allocated-bytes non-tlh="40" tlh="283335024" />
  <largest-consumer threadName="Thread-21" threadId="0000000001B29700" bytes="33782856" />
</allocation-stats>
<gc-op id="5588" type="scavenge" timems="5.360" contextid="5585" timestamp="2019-08-10T03:39:31.049">
  <scavenger-info tenureage="14" tenuremask="4000" tiltratio="90" />
  <memory-copied type="nursery" objects="134999" bytes="5305880" bytesdiscarded="47488" />
</gc-op>
<gc-end id="5589" type="scavenge" contextid="5585" durationms="11.216" usertimems="14.614" systemtimems="12.325" timestamp="2019-08-10T03:39:31.054" activeThreads="16">
  <mem-info id="5590" free="3860198520" total="3923443712" percent="98">
    <mem type="nursery" free="283660392" total="321126400" percent="88">
      <mem type="allocate" free="283660392" total="289013760" percent="98" />
      <mem type="survivor" free="0" total="32112640" percent="0" />
    </mem>
    <mem type="tenure" free="3576538128" total="3602317312" percent="99" macro-fragmented="5798256">
      <mem type="soa" free="3396484112" total="3422201856" percent="99" />
      <mem type="loa" free="180054016" total="180115456" percent="99" />
    </mem>
    <remembered-set count="20671" />
  </mem-info>
</gc-end>
<cycle-end id="5591" type="scavenge" contextid="5585" timestamp="2019-08-10T03:39:31.055" />
  <attribute name="elasticGC enabled" value="1" />
  <attribute name= "numThreadsSpecified" value="16" />
  <attribute name="heapSize specified" value="-344522752" />
  <attribute name="Current GC Util" value="4" />
  <attribute name= "Current Time Running" value="171189" />
  <attribute name ="GC Interval" value="200" />
  <attribute name="ProportionalT" value="-38.000000" />
  <attribute name="ProportionalI" value="-38.000000" />
  <attribute name="ProportionalH" value="-38.000000" />
  <attribute name="Current Error" value="-76.000000" />
  <attribute name="IntegralT" value="-18772.000000" />
  <attribute name="IntegralI" value="-18772.000000" />
  <attribute name="IntegralH" value="-18772.000000" />
  <attribute name="DerivativeT" value="-0.153846" />
  <attribute name="DerivativeI" value="-0.153846" />
  <attribute name="DerivativeH" value="-0.153846" />
  <attribute name="Loop Time for DT" value="494.000000" />
  <attribute name="Output H" value="4203675648"/>
  <attribute name="Output I" value="200"/>
  <attribute name="Output T" value="16"/>
  <attribute name="Target GC Util Change" value ="80.000000" />
  <attribute name="Current GC Util Change" value="4.000000"/>
  <attribute name="GC Util currently" value="4" />
  <attribute name="CPU Util currently" value="2329793592" />
<allocation-satisfied id="5592" threadId="0000000001B7F900" bytesRequested="40" />
<af-end id="5593" timestamp="2019-08-10T03:39:31.055" threadId="0000000001B80288" success="true" from="nursery"/>
<exclusive-end id="5594" timestamp="2019-08-10T03:39:31.057" durationms="14.366" />

<exclusive-start id="5595" timestamp="2019-08-10T03:39:31.463" intervalms="419.891">
  <response-info timems="16.669" idlems="16.662" threads="1" lastid="0000000001B7F900" lastname="Thread-24" />
</exclusive-start>
<af-start id="5596" threadId="0000000001B5E788" totalBytesRequested="40" timestamp="2019-08-10T03:39:31.463" intervalms="419.885" type="nursery" />
<cycle-start id="5597" type="scavenge" contextid="0" timestamp="2019-08-10T03:39:31.463" intervalms="419.898" />
<gc-start id="5598" type="scavenge" contextid="5597" timestamp="2019-08-10T03:39:31.463">
  <mem-info id="5599" free="3576538128" total="3923443712" percent="91">
    <mem type="nursery" free="0" total="321126400" percent="0">
      <mem type="allocate" free="0" total="289013760" percent="0" />
      <mem type="survivor" free="0" total="32112640" percent="0" />
    </mem>
    <mem type="tenure" free="3576538128" total="3602317312" percent="99">
      <mem type="soa" free="3396484112" total="3422201856" percent="99" />
      <mem type="loa" free="180054016" total="180115456" percent="99" />
    </mem>
    <remembered-set count="20906" />
  </mem-info>
</gc-start>
<allocation-stats totalBytes="283612832" >
  <allocated-bytes non-tlh="40" tlh="283612792" />
  <largest-consumer threadName="Thread-26" threadId="0000000001B5A200" bytes="42951408" />
</allocation-stats>
<gc-op id="5600" type="scavenge" timems="61.770" contextid="5597" timestamp="2019-08-10T03:39:31.525">
  <scavenger-info tenureage="6" tenuremask="6040" tiltratio="90" />
  <memory-copied type="nursery" objects="118879" bytes="4644304" bytesdiscarded="694400" />
  <memory-copied type="tenure" objects="14695" bytes="627432" bytesdiscarded="792" />
</gc-op>
<heap-resize id="5601" type="expand" space="nursery" amount="22544384" count="1" timems="0.015" reason="excessive time being spent scavenging" timestamp="2019-08-10T03:39:31.527" />
<gc-end id="5602" type="scavenge" contextid="5597" durationms="63.798" usertimems="55.828" systemtimems="30.110" timestamp="2019-08-10T03:39:31.527" activeThreads="16">
  <mem-info id="5603" free="3879786312" total="3945988096" percent="98">
    <mem type="nursery" free="303925680" total="343670784" percent="88">
      <mem type="allocate" free="303925680" total="309264384" percent="98" />
      <mem type="survivor" free="0" total="34406400" percent="0" />
    </mem>
    <mem type="tenure" free="3575860632" total="3602317312" percent="99" macro-fragmented="524320">
      <mem type="soa" free="3395806616" total="3422201856" percent="99" />
      <mem type="loa" free="180054016" total="180115456" percent="99" />
    </mem>
    <remembered-set count="23294" />
  </mem-info>
</gc-end>
<cycle-end id="5604" type="scavenge" contextid="5597" timestamp="2019-08-10T03:39:31.527" />
  <attribute name="elasticGC enabled" value="1" />
  <attribute name= "numThreadsSpecified" value="16" />
  <attribute name="heapSize specified" value="-344522752" />
  <attribute name="Current GC Util" value="4" />
  <attribute name= "Current Time Running" value="171609" />
  <attribute name ="GC Interval" value="200" />
  <attribute name="ProportionalT" value="-38.000000" />
  <attribute name="ProportionalI" value="-38.000000" />
  <attribute name="ProportionalH" value="-38.000000" />
  <attribute name="Current Error" value="-76.000000" />
  <attribute name="IntegralT" value="-15960.000000" />
  <attribute name="IntegralI" value="-15960.000000" />
  <attribute name="IntegralH" value="-15960.000000" />
  <attribute name="DerivativeT" value="-0.180952" />
  <attribute name="DerivativeI" value="-0.180952" />
  <attribute name="DerivativeH" value="-0.180952" />
  <attribute name="Loop Time for DT" value="420.000000" />
  <attribute name="Output H" value="4203675648"/>
  <attribute name="Output I" value="200"/>
  <attribute name="Output T" value="16"/>
  <attribute name="Target GC Util Change" value ="80.000000" />
  <attribute name="Current GC Util Change" value="4.000000"/>
  <attribute name="GC Util currently" value="4" />
  <attribute name="CPU Util currently" value="2746002843" />
<allocation-satisfied id="5605" threadId="0000000001B5DE00" bytesRequested="40" />
<af-end id="5606" timestamp="2019-08-10T03:39:31.527" threadId="0000000001B5E788" success="true" from="nursery"/>
<exclusive-end id="5607" timestamp="2019-08-10T03:39:31.527" durationms="64.314" />

<exclusive-start id="5608" timestamp="2019-08-10T03:39:31.956" intervalms="492.710">
  <response-info timems="29.343" idlems="26.378" threads="3" lastid="0000000001B3FF00" lastname="Thread-27" />
</exclusive-start>
<af-start id="5609" threadId="0000000001B2DC88" totalBytesRequested="40" timestamp="2019-08-10T03:39:31.957" intervalms="493.611" type="nursery" />
<cycle-start id="5610" type="scavenge" contextid="0" timestamp="2019-08-10T03:39:31.957" intervalms="493.610" />
<gc-start id="5611" type="scavenge" contextid="5610" timestamp="2019-08-10T03:39:31.957">
  <mem-info id="5612" free="3575860632" total="3945988096" percent="90">
    <mem type="nursery" free="0" total="343670784" percent="0">
      <mem type="allocate" free="0" total="309264384" percent="0" />
      <mem type="survivor" free="0" total="34406400" percent="0" />
    </mem>
    <mem type="tenure" free="3575860632" total="3602317312" percent="99">
      <mem type="soa" free="3395806616" total="3422201856" percent="99" />
      <mem type="loa" free="180054016" total="180115456" percent="99" />
    </mem>
    <remembered-set count="24190" />
  </mem-info>
</gc-start>
<allocation-stats totalBytes="303921704" >
  <allocated-bytes non-tlh="40" tlh="303921664" />
  <largest-consumer threadName="Thread-23" threadId="0000000001B3C300" bytes="32865760" />
</allocation-stats>
<gc-op id="5613" type="scavenge" timems="62.319" contextid="5610" timestamp="2019-08-10T03:39:32.019">
  <scavenger-info tenureage="14" tenuremask="4000" tiltratio="89" />
  <memory-copied type="nursery" objects="129730" bytes="5041992" bytesdiscarded="510336" />
</gc-op>
<heap-resize id="5614" type="expand" space="nursery" amount="20316160" count="1" timems="0.025" reason="excessive time being spent scavenging" timestamp="2019-08-10T03:39:32.024" />
<gc-end id="5615" type="scavenge" contextid="5610" durationms="67.344" usertimems="73.487" systemtimems="49.883" timestamp="2019-08-10T03:39:32.024" activeThreads="16">
  <mem-info id="5616" free="3897857232" total="3966304256" percent="98">
    <mem type="nursery" free="321996600" total="363986944" percent="88">
      <mem type="allocate" free="321996600" total="327548928" percent="98" />
      <mem type="survivor" free="0" total="36438016" percent="0" />
    </mem>
    <mem type="tenure" free="3575860632" total="3602317312" percent="99" macro-fragmented="178816">
      <mem type="soa" free="3395806616" total="3422201856" percent="99" />
      <mem type="loa" free="180054016" total="180115456" percent="99" />
    </mem>
    <remembered-set count="24190" />
  </mem-info>
</gc-end>
<cycle-end id="5617" type="scavenge" contextid="5610" timestamp="2019-08-10T03:39:32.024" />
  <attribute name="elasticGC enabled" value="1" />
  <attribute name= "numThreadsSpecified" value="16" />
  <attribute name="heapSize specified" value="-344522752" />
  <attribute name="Current GC Util" value="17" />
  <attribute name= "Current Time Running" value="172103" />
  <attribute name ="GC Interval" value="200" />
  <attribute name="ProportionalT" value="-31.500000" />
  <attribute name="ProportionalI" value="-31.500000" />
  <attribute name="ProportionalH" value="-31.500000" />
  <attribute name="Current Error" value="-63.000000" />
  <attribute name="IntegralT" value="-15561.000000" />
  <attribute name="IntegralI" value="-15561.000000" />
  <attribute name="IntegralH" value="-15561.000000" />
  <attribute name="DerivativeT" value="-0.127530" />
  <attribute name="DerivativeI" value="-0.127530" />
  <attribute name="DerivativeH" value="-0.127530" />
  <attribute name="Loop Time for DT" value="494.000000" />
  <attribute name="Output H" value="4203675648"/>
  <attribute name="Output I" value="200"/>
  <attribute name="Output T" value="16"/>
  <attribute name="Target GC Util Change" value ="80.000000" />
  <attribute name="Current GC Util Change" value="17.000000"/>
  <attribute name="GC Util currently" value="17" />
  <attribute name="CPU Util currently" value="2335745241" />
<allocation-satisfied id="5618" threadId="0000000001B2D300" bytesRequested="40" />
<af-end id="5619" timestamp="2019-08-10T03:39:32.024" threadId="0000000001B2DC88" success="true" from="nursery"/>
<exclusive-end id="5620" timestamp="2019-08-10T03:39:32.024" durationms="68.730" />

<exclusive-start id="5621" timestamp="2019-08-10T03:39:32.545" intervalms="589.350">
  <response-info timems="11.195" idlems="11.195" threads="0" lastid="0000000001B5A200" lastname="Thread-26" />
</exclusive-start>
<af-start id="5622" threadId="0000000001B5AB88" totalBytesRequested="24" timestamp="2019-08-10T03:39:32.545" intervalms="588.454" type="nursery" />
<cycle-start id="5623" type="scavenge" contextid="0" timestamp="2019-08-10T03:39:32.545" intervalms="588.473" />
<gc-start id="5624" type="scavenge" contextid="5623" timestamp="2019-08-10T03:39:32.545">
  <mem-info id="5625" free="3575860632" total="3966304256" percent="90">
    <mem type="nursery" free="0" total="363986944" percent="0">
      <mem type="allocate" free="0" total="327548928" percent="0" />
      <mem type="survivor" free="0" total="36438016" percent="0" />
    </mem>
    <mem type="tenure" free="3575860632" total="3602317312" percent="99">
      <mem type="soa" free="3395806616" total="3422201856" percent="99" />
      <mem type="loa" free="180054016" total="180115456" percent="99" />
    </mem>
    <remembered-set count="24860" />
  </mem-info>
</gc-start>
<allocation-stats totalBytes="321929760" >
  <allocated-bytes non-tlh="40" tlh="321929720" />
  <largest-consumer threadName="Thread-23" threadId="0000000001B3C300" bytes="45570504" />
</allocation-stats>
<gc-op id="5626" type="scavenge" timems="184.908" contextid="5623" timestamp="2019-08-10T03:39:32.730">
  <scavenger-info tenureage="10" tenuremask="5400" tiltratio="89" />
  <memory-copied type="nursery" objects="128698" bytes="5018280" bytesdiscarded="689952" />
  <memory-copied type="tenure" objects="5940" bytes="142560" bytesdiscarded="264" />
</gc-op>
<heap-resize id="5627" type="expand" space="nursery" amount="45088768" count="1" timems="0.023" reason="excessive time being spent scavenging" timestamp="2019-08-10T03:39:32.730" />
<gc-end id="5628" type="scavenge" contextid="5623" durationms="185.444" usertimems="72.104" systemtimems="67.057" timestamp="2019-08-10T03:39:32.731" activeThreads="16">
  <mem-info id="5629" free="3938135248" total="4011393024" percent="98">
    <mem type="nursery" free="362407480" total="409075712" percent="88">
      <mem type="allocate" free="362407480" total="368115712" percent="98" />
      <mem type="survivor" free="0" total="40960000" percent="0" />
    </mem>
    <mem type="tenure" free="3575727768" total="3602317312" percent="99" macro-fragmented="6450429">
      <mem type="soa" free="3395673752" total="3422201856" percent="99" />
      <mem type="loa" free="180054016" total="180115456" percent="99" />
    </mem>
    <remembered-set count="18919" />
  </mem-info>
</gc-end>
<cycle-end id="5630" type="scavenge" contextid="5623" timestamp="2019-08-10T03:39:32.731" />
  <attribute name="elasticGC enabled" value="1" />
  <attribute name= "numThreadsSpecified" value="16" />
  <attribute name="heapSize specified" value="-344522752" />
  <attribute name="Current GC Util" value="20" />
  <attribute name= "Current Time Running" value="172691" />
  <attribute name ="GC Interval" value="200" />
  <attribute name="ProportionalT" value="-30.000000" />
  <attribute name="ProportionalI" value="-30.000000" />
  <attribute name="ProportionalH" value="-30.000000" />
  <attribute name="Current Error" value="-60.000000" />
  <attribute name="IntegralT" value="-17640.000000" />
  <attribute name="IntegralI" value="-17640.000000" />
  <attribute name="IntegralH" value="-17640.000000" />
  <attribute name="DerivativeT" value="-0.102041" />
  <attribute name="DerivativeI" value="-0.102041" />
  <attribute name="DerivativeH" value="-0.102041" />
  <attribute name="Loop Time for DT" value="588.000000" />
  <attribute name="Output H" value="4203675648"/>
  <attribute name="Output I" value="200"/>
  <attribute name="Output T" value="16"/>
  <attribute name="Target GC Util Change" value ="80.000000" />
  <attribute name="Current GC Util Change" value="20.000000"/>
  <attribute name="GC Util currently" value="20" />
  <attribute name="CPU Util currently" value="1959013492" />
<allocation-satisfied id="5631" threadId="0000000001B5A200" bytesRequested="24" />
<af-end id="5632" timestamp="2019-08-10T03:39:32.731" threadId="0000000001B5AB88" success="true" from="nursery"/>
<exclusive-end id="5633" timestamp="2019-08-10T03:39:32.731" durationms="185.878" />

<exclusive-start id="5634" timestamp="2019-08-10T03:39:33.303" intervalms="758.197">
  <response-info timems="6.537" idlems="6.537" threads="0" lastid="0000000001B29700" lastname="Thread-21" />
</exclusive-start>
<af-start id="5635" threadId="0000000001B2A088" totalBytesRequested="40" timestamp="2019-08-10T03:39:33.303" intervalms="758.195" type="nursery" />
<cycle-start id="5636" type="scavenge" contextid="0" timestamp="2019-08-10T03:39:33.303" intervalms="758.171" />
<gc-start id="5637" type="scavenge" contextid="5636" timestamp="2019-08-10T03:39:33.303">
  <mem-info id="5638" free="3575727768" total="4011393024" percent="89">
    <mem type="nursery" free="0" total="409075712" percent="0">
      <mem type="allocate" free="0" total="368115712" percent="0" />
      <mem type="survivor" free="0" total="40960000" percent="0" />
    </mem>
    <mem type="tenure" free="3575727768" total="3602317312" percent="99">
      <mem type="soa" free="3395673752" total="3422201856" percent="99" />
      <mem type="loa" free="180054016" total="180115456" percent="99" />
    </mem>
    <remembered-set count="19582" />
  </mem-info>
</gc-start>
<allocation-stats totalBytes="362378200" >
  <allocated-bytes non-tlh="24" tlh="362378176" />
  <largest-consumer threadName="Thread-35" threadId="0000000001B65600" bytes="47804248" />
</allocation-stats>
<gc-op id="5639" type="scavenge" timems="23.254" contextid="5636" timestamp="2019-08-10T03:39:33.327">
  <scavenger-info tenureage="12" tenuremask="5000" tiltratio="89" />
  <memory-copied type="nursery" objects="116990" bytes="4737680" bytesdiscarded="498856" />
  <memory-copied type="tenure" objects="2656" bytes="63744" bytesdiscarded="0" />
</gc-op>
<gc-end id="5640" type="scavenge" contextid="5636" durationms="27.341" usertimems="27.984" systemtimems="4.598" timestamp="2019-08-10T03:39:33.331" activeThreads="16">
  <mem-info id="5641" free="3938312032" total="4011393024" percent="98">
    <mem type="nursery" free="362879176" total="409075712" percent="88">
      <mem type="allocate" free="362879176" total="368115712" percent="98" />
      <mem type="survivor" free="0" total="40960000" percent="0" />
    </mem>
    <mem type="tenure" free="3575432856" total="3602317312" percent="99" macro-fragmented="0">
      <mem type="soa" free="3395378840" total="3422201856" percent="99" />
      <mem type="loa" free="180054016" total="180115456" percent="99" />
    </mem>
    <remembered-set count="16926" />
  </mem-info>
</gc-end>
<cycle-end id="5642" type="scavenge" contextid="5636" timestamp="2019-08-10T03:39:33.331" />
  <attribute name="elasticGC enabled" value="1" />
  <attribute name= "numThreadsSpecified" value="16" />
  <attribute name="heapSize specified" value="-344522752" />
  <attribute name="Current GC Util" value="16" />
  <attribute name= "Current Time Running" value="173450" />
  <attribute name ="GC Interval" value="200" />
  <attribute name="ProportionalT" value="-32.000000" />
  <attribute name="ProportionalI" value="-32.000000" />
  <attribute name="ProportionalH" value="-32.000000" />
  <attribute name="Current Error" value="-64.000000" />
  <attribute name="IntegralT" value="-24288.000000" />
  <attribute name="IntegralI" value="-24288.000000" />
  <attribute name="IntegralH" value="-24288.000000" />
  <attribute name="DerivativeT" value="-0.084321" />
  <attribute name="DerivativeI" value="-0.084321" />
  <attribute name="DerivativeH" value="-0.084321" />
  <attribute name="Loop Time for DT" value="759.000000" />
  <attribute name="Output H" value="4203675648"/>
  <attribute name="Output I" value="200"/>
  <attribute name="Output T" value="16"/>
  <attribute name="Target GC Util Change" value ="80.000000" />
  <attribute name="Current GC Util Change" value="16.000000"/>
  <attribute name="GC Util currently" value="16" />
  <attribute name="CPU Util currently" value="1520647581" />
<allocation-satisfied id="5643" threadId="0000000001B29700" bytesRequested="40" />
<af-end id="5644" timestamp="2019-08-10T03:39:33.334" threadId="0000000001B2A088" success="true" from="nursery"/>
<exclusive-end id="5645" timestamp="2019-08-10T03:39:33.334" durationms="30.499" />

<exclusive-start id="5646" timestamp="2019-08-10T03:39:33.967" intervalms="663.726">
  <response-info timems="4.209" idlems="4.209" threads="0" lastid="0000000001B65600" lastname="Thread-35" />
</exclusive-start>
<af-start id="5647" threadId="0000000001B65F88" totalBytesRequested="40" timestamp="2019-08-10T03:39:33.967" intervalms="663.698" type="nursery" />
<cycle-start id="5648" type="scavenge" contextid="0" timestamp="2019-08-10T03:39:33.967" intervalms="663.700" />
<gc-start id="5649" type="scavenge" contextid="5648" timestamp="2019-08-10T03:39:33.967">
  <mem-info id="5650" free="3575432856" total="4011393024" percent="89">
    <mem type="nursery" free="0" total="409075712" percent="0">
      <mem type="allocate" free="0" total="368115712" percent="0" />
      <mem type="survivor" free="0" total="40960000" percent="0" />
    </mem>
    <mem type="tenure" free="3575432856" total="3602317312" percent="99">
      <mem type="soa" free="3395378840" total="3422201856" percent="99" />
      <mem type="loa" free="180054016" total="180115456" percent="99" />
    </mem>
    <remembered-set count="17610" />
  </mem-info>
</gc-start>
<allocation-stats totalBytes="362832672" >
  <allocated-bytes non-tlh="40" tlh="362832632" />
  <largest-consumer threadName="Thread-24" threadId="0000000001B7F900" bytes="58811048" />
</allocation-stats>
<gc-op id="5651" type="scavenge" timems="8.807" contextid="5648" timestamp="2019-08-10T03:39:33.976">
  <scavenger-info tenureage="14" tenuremask="4000" tiltratio="89" />
  <memory-copied type="nursery" objects="135537" bytes="5320584" bytesdiscarded="277296" />
</gc-op>
<gc-end id="5652" type="scavenge" contextid="5648" durationms="12.227" usertimems="21.968" systemtimems="5.735" timestamp="2019-08-10T03:39:33.979" activeThreads="16">
  <mem-info id="5653" free="3937950688" total="4011393024" percent="98">
    <mem type="nursery" free="362517832" total="409075712" percent="88">
      <mem type="allocate" free="362517832" total="368115712" percent="98" />
      <mem type="survivor" free="0" total="40960000" percent="0" />
    </mem>
    <mem type="tenure" free="3575432856" total="3602317312" percent="99" macro-fragmented="168253">
      <mem type="soa" free="3395378840" total="3422201856" percent="99" />
      <mem type="loa" free="180054016" total="180115456" percent="99" />
    </mem>
    <remembered-set count="17610" />
  </mem-info>
</gc-end>
<cycle-end id="5654" type="scavenge" contextid="5648" timestamp="2019-08-10T03:39:33.982" />
  <attribute name="elasticGC enabled" value="1" />
  <attribute name= "numThreadsSpecified" value="16" />
  <attribute name="heapSize specified" value="-344522752" />
  <attribute name="Current GC Util" value="5" />
  <attribute name= "Current Time Running" value="174113" />
  <attribute name ="GC Interval" value="200" />
  <attribute name="ProportionalT" value="-37.500000" />
  <attribute name="ProportionalI" value="-37.500000" />
  <attribute name="ProportionalH" value="-37.500000" />
  <attribute name="Current Error" value="-75.000000" />
  <attribute name="IntegralT" value="-24862.500000" />
  <attribute name="IntegralI" value="-24862.500000" />
  <attribute name="IntegralH" value="-24862.500000" />
  <attribute name="DerivativeT" value="-0.113122" />
  <attribute name="DerivativeI" value="-0.113122" />
  <attribute name="DerivativeH" value="-0.113122" />
  <attribute name="Loop Time for DT" value="663.000000" />
  <attribute name="Output H" value="4203675648"/>
  <attribute name="Output I" value="200"/>
  <attribute name="Output T" value="16"/>
  <attribute name="Target GC Util Change" value ="80.000000" />
  <attribute name="Current GC Util Change" value="5.000000"/>
  <attribute name="GC Util currently" value="5" />
  <attribute name="CPU Util currently" value="1737149075" />
<allocation-satisfied id="5655" threadId="0000000001B65600" bytesRequested="40" />
<af-end id="5656" timestamp="2019-08-10T03:39:33.982" threadId="0000000001B65F88" success="true" from="nursery"/>
<exclusive-end id="5657" timestamp="2019-08-10T03:39:33.982" durationms="15.029" />

<exclusive-start id="5658" timestamp="2019-08-10T03:39:34.403" intervalms="436.457">
  <response-info timems="12.898" idlems="12.898" threads="0" lastid="0000000001B7BD00" lastname="Thread-36" />
</exclusive-start>
<af-start id="5659" threadId="0000000001B7C688" totalBytesRequested="40" timestamp="2019-08-10T03:39:34.403" intervalms="436.475" type="nursery" />
<cycle-start id="5660" type="scavenge" contextid="0" timestamp="2019-08-10T03:39:34.403" intervalms="436.472" />
<gc-start id="5661" type="scavenge" contextid="5660" timestamp="2019-08-10T03:39:34.404">
  <mem-info id="5662" free="3575432856" total="4011393024" percent="89">
    <mem type="nursery" free="0" total="409075712" percent="0">
      <mem type="allocate" free="0" total="368115712" percent="0" />
      <mem type="survivor" free="0" total="40960000" percent="0" />
    </mem>
    <mem type="tenure" free="3575432856" total="3602317312" percent="99">
      <mem type="soa" free="3395378840" total="3422201856" percent="99" />
      <mem type="loa" free="180054016" total="180115456" percent="99" />
    </mem>
    <remembered-set count="18183" />
  </mem-info>
</gc-start>
<allocation-stats totalBytes="362507312" >
  <allocated-bytes non-tlh="40" tlh="362507272" />
  <largest-consumer threadName="Thread-35" threadId="0000000001B65600" bytes="55802248" />
</allocation-stats>
<gc-op id="5663" type="scavenge" timems="47.479" contextid="5660" timestamp="2019-08-10T03:39:34.451">
  <scavenger-info tenureage="9" tenuremask="4200" tiltratio="89" />
  <memory-copied type="nursery" objects="126089" bytes="5093840" bytesdiscarded="287848" />
  <memory-copied type="tenure" objects="7668" bytes="321408" bytesdiscarded="552" />
</gc-op>
<heap-resize id="5664" type="expand" space="nursery" amount="19267584" count="1" timems="0.022" reason="excessive time being spent scavenging" timestamp="2019-08-10T03:39:34.451" />
<gc-end id="5665" type="scavenge" contextid="5660" durationms="48.315" usertimems="54.336" systemtimems="35.120" timestamp="2019-08-10T03:39:34.452" activeThreads="16">
  <mem-info id="5666" free="3955197280" total="4030660608" percent="98">
    <mem type="nursery" free="380035528" total="428343296" percent="88">
      <mem type="allocate" free="380035528" total="385417216" percent="98" />
      <mem type="survivor" free="0" total="42926080" percent="0" />
    </mem>
    <mem type="tenure" free="3575161752" total="3602317312" percent="99" macro-fragmented="3865504">
      <mem type="soa" free="3395107736" total="3422201856" percent="99" />
      <mem type="loa" free="180054016" total="180115456" percent="99" />
    </mem>
    <remembered-set count="20540" />
  </mem-info>
</gc-end>
<cycle-end id="5667" type="scavenge" contextid="5660" timestamp="2019-08-10T03:39:34.452" />
  <attribute name="elasticGC enabled" value="1" />
  <attribute name= "numThreadsSpecified" value="16" />
  <attribute name="heapSize specified" value="-344522752" />
  <attribute name="Current GC Util" value="6" />
  <attribute name= "Current Time Running" value="174550" />
  <attribute name ="GC Interval" value="200" />
  <attribute name="ProportionalT" value="-37.000000" />
  <attribute name="ProportionalI" value="-37.000000" />
  <attribute name="ProportionalH" value="-37.000000" />
  <attribute name="Current Error" value="-74.000000" />
  <attribute name="IntegralT" value="-16169.000000" />
  <attribute name="IntegralI" value="-16169.000000" />
  <attribute name="IntegralH" value="-16169.000000" />
  <attribute name="DerivativeT" value="-0.169336" />
  <attribute name="DerivativeI" value="-0.169336" />
  <attribute name="DerivativeH" value="-0.169336" />
  <attribute name="Loop Time for DT" value="437.000000" />
  <attribute name="Output H" value="4203675648"/>
  <attribute name="Output I" value="200"/>
  <attribute name="Output T" value="16"/>
  <attribute name="Target GC Util Change" value ="80.000000" />
  <attribute name="Current GC Util Change" value="6.000000"/>
  <attribute name="GC Util currently" value="6" />
  <attribute name="CPU Util currently" value="2641451287" />
<allocation-satisfied id="5668" threadId="0000000001B7BD00" bytesRequested="40" />
<af-end id="5669" timestamp="2019-08-10T03:39:34.452" threadId="0000000001B7C688" success="true" from="nursery"/>
<exclusive-end id="5670" timestamp="2019-08-10T03:39:34.452" durationms="48.646" />

<exclusive-start id="5671" timestamp="2019-08-10T03:39:35.006" intervalms="602.176">
  <response-info timems="21.382" idlems="21.382" threads="0" lastid="0000000001B69200" lastname="Thread-29" />
</exclusive-start>
<af-start id="5672" threadId="0000000001B69B88" totalBytesRequested="40" timestamp="2019-08-10T03:39:35.007" intervalms="603.581" type="nursery" />
<cycle-start id="5673" type="scavenge" contextid="0" timestamp="2019-08-10T03:39:35.007" intervalms="603.588" />
<gc-start id="5674" type="scavenge" contextid="5673" timestamp="2019-08-10T03:39:35.007">
  <mem-info id="5675" free="3575161752" total="4030660608" percent="88">
    <mem type="nursery" free="0" total="428343296" percent="0">
      <mem type="allocate" free="0" total="385417216" percent="0" />
      <mem type="survivor" free="0" total="42926080" percent="0" />
    </mem>
    <mem type="tenure" free="3575161752" total="3602317312" percent="99">
      <mem type="soa" free="3395107736" total="3422201856" percent="99" />
      <mem type="loa" free="180054016" total="180115456" percent="99" />
    </mem>
    <remembered-set count="20906" />
  </mem-info>
</gc-start>
<allocation-stats totalBytes="379991216" >
  <allocated-bytes non-tlh="40" tlh="379991176" />
  <largest-consumer threadName="Thread-24" threadId="0000000001B7F900" bytes="43760544" />
</allocation-stats>
<gc-op id="5676" type="scavenge" timems="46.970" contextid="5673" timestamp="2019-08-10T03:39:35.054">
  <scavenger-info tenureage="14" tenuremask="4000" tiltratio="89" />
  <memory-copied type="nursery" objects="131407" bytes="5221136" bytesdiscarded="298768" />
</gc-op>
<gc-end id="5677" type="scavenge" contextid="5673" durationms="47.897" usertimems="30.496" systemtimems="17.296" timestamp="2019-08-10T03:39:35.055" activeThreads="16">
  <mem-info id="5678" free="3955124600" total="4030660608" percent="98">
    <mem type="nursery" free="379962848" total="428343296" percent="88">
      <mem type="allocate" free="379962848" total="385482752" percent="98" />
      <mem type="survivor" free="0" total="42860544" percent="0" />
    </mem>
    <mem type="tenure" free="3575161752" total="3602317312" percent="99" macro-fragmented="723458">
      <mem type="soa" free="3395107736" total="3422201856" percent="99" />
      <mem type="loa" free="180054016" total="180115456" percent="99" />
    </mem>
    <remembered-set count="20905" />
  </mem-info>
</gc-end>
<cycle-end id="5679" type="scavenge" contextid="5673" timestamp="2019-08-10T03:39:35.055" />
  <attribute name="elasticGC enabled" value="1" />
  <attribute name= "numThreadsSpecified" value="16" />
  <attribute name="heapSize specified" value="-344522752" />
  <attribute name="Current GC Util" value="14" />
  <attribute name= "Current Time Running" value="175158" />
  <attribute name ="GC Interval" value="200" />
  <attribute name="ProportionalT" value="-33.000000" />
  <attribute name="ProportionalI" value="-33.000000" />
  <attribute name="ProportionalH" value="-33.000000" />
  <attribute name="Current Error" value="-66.000000" />
  <attribute name="IntegralT" value="-20064.000000" />
  <attribute name="IntegralI" value="-20064.000000" />
  <attribute name="IntegralH" value="-20064.000000" />
  <attribute name="DerivativeT" value="-0.108553" />
  <attribute name="DerivativeI" value="-0.108553" />
  <attribute name="DerivativeH" value="-0.108553" />
  <attribute name="Loop Time for DT" value="608.000000" />
  <attribute name="Output H" value="4203675648"/>
  <attribute name="Output I" value="200"/>
  <attribute name="Output T" value="16"/>
  <attribute name="Target GC Util Change" value ="80.000000" />
  <attribute name="Current GC Util Change" value="14.000000"/>
  <attribute name="GC Util currently" value="14" />
  <attribute name="CPU Util currently" value="1895840640" />
<allocation-satisfied id="5680" threadId="0000000001B69200" bytesRequested="40" />
<af-end id="5681" timestamp="2019-08-10T03:39:35.055" threadId="0000000001B69B88" success="true" from="nursery"/>
<exclusive-end id="5682" timestamp="2019-08-10T03:39:35.055" durationms="49.624" />

<exclusive-start id="5683" timestamp="2019-08-10T03:39:35.329" intervalms="323.430">
  <response-info timems="3.045" idlems="3.045" threads="0" lastid="0000000001B43B00" lastname="Thread-28" />
</exclusive-start>
<af-start id="5684" threadId="0000000001B44488" totalBytesRequested="40" timestamp="2019-08-10T03:39:35.329" intervalms="322.020" type="nursery" />
<cycle-start id="5685" type="scavenge" contextid="0" timestamp="2019-08-10T03:39:35.329" intervalms="322.006" />
<gc-start id="5686" type="scavenge" contextid="5685" timestamp="2019-08-10T03:39:35.329">
  <mem-info id="5687" free="3575161752" total="4030660608" percent="88">
    <mem type="nursery" free="0" total="428343296" percent="0">
      <mem type="allocate" free="0" total="385482752" percent="0" />
      <mem type="survivor" free="0" total="42860544" percent="0" />
    </mem>
    <mem type="tenure" free="3575161752" total="3602317312" percent="99">
      <mem type="soa" free="3395107736" total="3422201856" percent="99" />
      <mem type="loa" free="180054016" total="180115456" percent="99" />
    </mem>
    <remembered-set count="21060" />
  </mem-info>
</gc-start>
<allocation-stats totalBytes="379952880" >
  <allocated-bytes non-tlh="40" tlh="379952840" />
  <largest-consumer threadName="Thread-21" threadId="0000000001B29700" bytes="38894616" />
</allocation-stats>
<gc-op id="5688" type="scavenge" timems="6.900" contextid="5685" timestamp="2019-08-10T03:39:35.336">
  <scavenger-info tenureage="12" tenuremask="5000" tiltratio="89" />
  <memory-copied type="nursery" objects="134322" bytes="5428616" bytesdiscarded="430960" />
  <memory-copied type="tenure" objects="8399" bytes="201576" bytesdiscarded="0" />
</gc-op>
<gc-end id="5689" type="scavenge" contextid="5685" durationms="7.404" usertimems="21.600" systemtimems="12.819" timestamp="2019-08-10T03:39:35.337" activeThreads="16">
  <mem-info id="5690" free="3954599072" total="4030660608" percent="98">
    <mem type="nursery" free="379623176" total="428343296" percent="88">
      <mem type="allocate" free="379623176" total="385482752" percent="98" />
      <mem type="survivor" free="0" total="42860544" percent="0" />
    </mem>
    <mem type="tenure" free="3574975896" total="3602317312" percent="99" macro-fragmented="6450429">
      <mem type="soa" free="3394921880" total="3422201856" percent="99" />
      <mem type="loa" free="180054016" total="180115456" percent="99" />
    </mem>
    <remembered-set count="14706" />
  </mem-info>
</gc-end>
<cycle-end id="5691" type="scavenge" contextid="5685" timestamp="2019-08-10T03:39:35.337" />
  <attribute name="elasticGC enabled" value="1" />
  <attribute name= "numThreadsSpecified" value="16" />
  <attribute name="heapSize specified" value="-344522752" />
  <attribute name="Current GC Util" value="14" />
  <attribute name= "Current Time Running" value="175475" />
  <attribute name ="GC Interval" value="200" />
  <attribute name="ProportionalT" value="-33.000000" />
  <attribute name="ProportionalI" value="-33.000000" />
  <attribute name="ProportionalH" value="-33.000000" />
  <attribute name="Current Error" value="-66.000000" />
  <attribute name="IntegralT" value="-10461.000000" />
  <attribute name="IntegralI" value="-10461.000000" />
  <attribute name="IntegralH" value="-10461.000000" />
  <attribute name="DerivativeT" value="-0.208202" />
  <attribute name="DerivativeI" value="-0.208202" />
  <attribute name="DerivativeH" value="-0.208202" />
  <attribute name="Loop Time for DT" value="317.000000" />
  <attribute name="Output H" value="4203675648"/>
  <attribute name="Output I" value="200"/>
  <attribute name="Output T" value="16"/>
  <attribute name="Target GC Util Change" value ="80.000000" />
  <attribute name="Current GC Util Change" value="14.000000"/>
  <attribute name="GC Util currently" value="14" />
  <attribute name="CPU Util currently" value="3632195359" />
<allocation-satisfied id="5692" threadId="0000000001B43B00" bytesRequested="40" />
<af-end id="5693" timestamp="2019-08-10T03:39:35.337" threadId="0000000001B44488" success="true" from="nursery"/>
<exclusive-end id="5694" timestamp="2019-08-10T03:39:35.337" durationms="7.656" />

<exclusive-start id="5695" timestamp="2019-08-10T03:39:35.629" intervalms="300.019">
  <response-info timems="10.336" idlems="7.753" threads="3" lastid="0000000001B5A200" lastname="Thread-26" />
</exclusive-start>
<af-start id="5696" threadId="0000000001B7C688" totalBytesRequested="24" timestamp="2019-08-10T03:39:35.629" intervalms="300.012" type="nursery" />
<cycle-start id="5697" type="scavenge" contextid="0" timestamp="2019-08-10T03:39:35.629" intervalms="300.012" />
<gc-start id="5698" type="scavenge" contextid="5697" timestamp="2019-08-10T03:39:35.629">
  <mem-info id="5699" free="3574975896" total="4030660608" percent="88">
    <mem type="nursery" free="0" total="428343296" percent="0">
      <mem type="allocate" free="0" total="385482752" percent="0" />
      <mem type="survivor" free="0" total="42860544" percent="0" />
    </mem>
    <mem type="tenure" free="3574975896" total="3602317312" percent="99">
      <mem type="soa" free="3394921880" total="3422201856" percent="99" />
      <mem type="loa" free="180054016" total="180115456" percent="99" />
    </mem>
    <remembered-set count="14706" />
  </mem-info>
</gc-start>
<allocation-stats totalBytes="379575256" >
  <allocated-bytes non-tlh="40" tlh="379575216" />
  <largest-consumer threadName="Thread-29" threadId="0000000001B69200" bytes="35614368" />
</allocation-stats>
<gc-op id="5700" type="scavenge" timems="3.840" contextid="5697" timestamp="2019-08-10T03:39:35.633">
  <scavenger-info tenureage="11" tenuremask="4800" tiltratio="89" />
  <memory-copied type="nursery" objects="124306" bytes="5187256" bytesdiscarded="264920" />
  <memory-copied type="tenure" objects="2865" bytes="68760" bytesdiscarded="0" />
</gc-op>
<gc-end id="5701" type="scavenge" contextid="5697" durationms="4.535" usertimems="20.957" systemtimems="0.000" timestamp="2019-08-10T03:39:35.634" activeThreads="16">
  <mem-info id="5702" free="3954859016" total="4030660608" percent="98">
    <mem type="nursery" free="380030576" total="428343296" percent="88">
      <mem type="allocate" free="380030576" total="385482752" percent="98" />
      <mem type="survivor" free="0" total="42860544" percent="0" />
    </mem>
    <mem type="tenure" free="3574828440" total="3602317312" percent="99" macro-fragmented="0">
      <mem type="soa" free="3394774424" total="3422201856" percent="99" />
      <mem type="loa" free="180054016" total="180115456" percent="99" />
    </mem>
    <remembered-set count="11840" />
  </mem-info>
</gc-end>
<cycle-end id="5703" type="scavenge" contextid="5697" timestamp="2019-08-10T03:39:35.634" />
  <attribute name="elasticGC enabled" value="1" />
  <attribute name= "numThreadsSpecified" value="16" />
  <attribute name="heapSize specified" value="-344522752" />
  <attribute name="Current GC Util" value="11" />
  <attribute name= "Current Time Running" value="175775" />
  <attribute name ="GC Interval" value="200" />
  <attribute name="ProportionalT" value="-34.500000" />
  <attribute name="ProportionalI" value="-34.500000" />
  <attribute name="ProportionalH" value="-34.500000" />
  <attribute name="Current Error" value="-69.000000" />
  <attribute name="IntegralT" value="-10350.000000" />
  <attribute name="IntegralI" value="-10350.000000" />
  <attribute name="IntegralH" value="-10350.000000" />
  <attribute name="DerivativeT" value="-0.230000" />
  <attribute name="DerivativeI" value="-0.230000" />
  <attribute name="DerivativeH" value="-0.230000" />
  <attribute name="Loop Time for DT" value="300.000000" />
  <attribute name="Output H" value="4203675648"/>
  <attribute name="Output I" value="200"/>
  <attribute name="Output T" value="16"/>
  <attribute name="Target GC Util Change" value ="80.000000" />
  <attribute name="Current GC Util Change" value="11.000000"/>
  <attribute name="GC Util currently" value="11" />
  <attribute name="CPU Util currently" value="3842975797" />
<allocation-satisfied id="5704" threadId="0000000001B7BD00" bytesRequested="24" />
<af-end id="5705" timestamp="2019-08-10T03:39:35.634" threadId="0000000001B7C688" success="true" from="nursery"/>
<exclusive-end id="5706" timestamp="2019-08-10T03:39:35.634" durationms="4.884" />

<exclusive-start id="5707" timestamp="2019-08-10T03:39:35.959" intervalms="330.261">
  <response-info timems="3.646" idlems="3.186" threads="2" lastid="0000000001B65600" lastname="Thread-35" />
</exclusive-start>
<af-start id="5708" threadId="0000000001B62388" totalBytesRequested="40" timestamp="2019-08-10T03:39:35.959" intervalms="330.268" type="nursery" />
<cycle-start id="5709" type="scavenge" contextid="0" timestamp="2019-08-10T03:39:35.960" intervalms="330.468" />
<gc-start id="5710" type="scavenge" contextid="5709" timestamp="2019-08-10T03:39:35.960">
  <mem-info id="5711" free="3574828440" total="4030660608" percent="88">
    <mem type="nursery" free="0" total="428343296" percent="0">
      <mem type="allocate" free="0" total="385482752" percent="0" />
      <mem type="survivor" free="0" total="42860544" percent="0" />
    </mem>
    <mem type="tenure" free="3574828440" total="3602317312" percent="99">
      <mem type="soa" free="3394774424" total="3422201856" percent="99" />
      <mem type="loa" free="180054016" total="180115456" percent="99" />
    </mem>
    <remembered-set count="11840" />
  </mem-info>
</gc-start>
<allocation-stats totalBytes="380006720" >
  <allocated-bytes non-tlh="24" tlh="380006696" />
  <largest-consumer threadName="Thread-30" threadId="0000000001B61A00" bytes="33965704" />
</allocation-stats>
<gc-op id="5712" type="scavenge" timems="4.242" contextid="5709" timestamp="2019-08-10T03:39:35.964">
  <scavenger-info tenureage="11" tenuremask="4800" tiltratio="89" />
  <memory-copied type="nursery" objects="132468" bytes="5381888" bytesdiscarded="347416" />
  <memory-copied type="tenure" objects="2680" bytes="64320" bytesdiscarded="0" />
</gc-op>
<gc-end id="5713" type="scavenge" contextid="5709" durationms="5.117" usertimems="23.478" systemtimems="0.000" timestamp="2019-08-10T03:39:35.965" activeThreads="16">
  <mem-info id="5714" free="3954442112" total="4030660608" percent="98">
    <mem type="nursery" free="379753448" total="428343296" percent="88">
      <mem type="allocate" free="379753448" total="385482752" percent="98" />
      <mem type="survivor" free="0" total="42860544" percent="0" />
    </mem>
    <mem type="tenure" free="3574688664" total="3602317312" percent="99" macro-fragmented="0">
      <mem type="soa" free="3394634648" total="3422201856" percent="99" />
      <mem type="loa" free="180054016" total="180115456" percent="99" />
    </mem>
    <remembered-set count="10183" />
  </mem-info>
</gc-end>
<cycle-end id="5715" type="scavenge" contextid="5709" timestamp="2019-08-10T03:39:35.965" />
  <attribute name="elasticGC enabled" value="1" />
  <attribute name= "numThreadsSpecified" value="16" />
  <attribute name="heapSize specified" value="-344522752" />
  <attribute name="Current GC Util" value="6" />
  <attribute name= "Current Time Running" value="176106" />
  <attribute name ="GC Interval" value="200" />
  <attribute name="ProportionalT" value="-37.000000" />
  <attribute name="ProportionalI" value="-37.000000" />
  <attribute name="ProportionalH" value="-37.000000" />
  <attribute name="Current Error" value="-74.000000" />
  <attribute name="IntegralT" value="-12247.000000" />
  <attribute name="IntegralI" value="-12247.000000" />
  <attribute name="IntegralH" value="-12247.000000" />
  <attribute name="DerivativeT" value="-0.223565" />
  <attribute name="DerivativeI" value="-0.223565" />
  <attribute name="DerivativeH" value="-0.223565" />
  <attribute name="Loop Time for DT" value="331.000000" />
  <attribute name="Output H" value="4203675648"/>
  <attribute name="Output I" value="200"/>
  <attribute name="Output T" value="16"/>
  <attribute name="Target GC Util Change" value ="80.000000" />
  <attribute name="Current GC Util Change" value="6.000000"/>
  <attribute name="GC Util currently" value="6" />
  <attribute name="CPU Util currently" value="3484515599" />
<allocation-satisfied id="5716" threadId="0000000001B61A00" bytesRequested="40" />
<af-end id="5717" timestamp="2019-08-10T03:39:35.965" threadId="0000000001B62388" success="true" from="nursery"/>
<exclusive-end id="5718" timestamp="2019-08-10T03:39:35.965" durationms="5.784" />

<exclusive-start id="5719" timestamp="2019-08-10T03:39:36.461" intervalms="501.295">
  <response-info timems="0.030" idlems="0.030" threads="0" lastid="0000000001B4EE00" lastname="Thread-22" />
</exclusive-start>
<af-start id="5720" threadId="0000000001B4F788" totalBytesRequested="24" timestamp="2019-08-10T03:39:36.461" intervalms="501.284" type="nursery" />
<cycle-start id="5721" type="scavenge" contextid="0" timestamp="2019-08-10T03:39:36.461" intervalms="501.083" />
<gc-start id="5722" type="scavenge" contextid="5721" timestamp="2019-08-10T03:39:36.461">
  <mem-info id="5723" free="3574688664" total="4030660608" percent="88">
    <mem type="nursery" free="0" total="428343296" percent="0">
      <mem type="allocate" free="0" total="385482752" percent="0" />
      <mem type="survivor" free="0" total="42860544" percent="0" />
    </mem>
    <mem type="tenure" free="3574688664" total="3602317312" percent="99">
      <mem type="soa" free="3394634648" total="3422201856" percent="99" />
      <mem type="loa" free="180054016" total="180115456" percent="99" />
    </mem>
    <remembered-set count="10184" />
  </mem-info>
</gc-start>
<allocation-stats totalBytes="379689064" >
  <allocated-bytes non-tlh="40" tlh="379689024" />
  <largest-consumer threadName="Thread-24" threadId="0000000001B7F900" bytes="30277320" />
</allocation-stats>
<gc-op id="5724" type="scavenge" timems="7.547" contextid="5721" timestamp="2019-08-10T03:39:36.468">
  <scavenger-info tenureage="14" tenuremask="4000" tiltratio="89" />
  <memory-copied type="nursery" objects="43736" bytes="1604904" bytesdiscarded="68280" />
</gc-op>
<gc-end id="5725" type="scavenge" contextid="5721" durationms="8.086" usertimems="6.992" systemtimems="3.094" timestamp="2019-08-10T03:39:36.469" activeThreads="16">
  <mem-info id="5726" free="3958498232" total="4030660608" percent="98">
    <mem type="nursery" free="383809568" total="428343296" percent="89">
      <mem type="allocate" free="383809568" total="385482752" percent="99" />
      <mem type="survivor" free="0" total="42860544" percent="0" />
    </mem>
    <mem type="tenure" free="3574688664" total="3602317312" percent="99" macro-fragmented="868149">
      <mem type="soa" free="3394634648" total="3422201856" percent="99" />
      <mem type="loa" free="180054016" total="180115456" percent="99" />
    </mem>
    <remembered-set count="10183" />
  </mem-info>
</gc-end>
<cycle-end id="5727" type="scavenge" contextid="5721" timestamp="2019-08-10T03:39:36.469" />
  <attribute name="elasticGC enabled" value="1" />
  <attribute name= "numThreadsSpecified" value="16" />
  <attribute name="heapSize specified" value="-344522752" />
  <attribute name="Current GC Util" value="4" />
  <attribute name= "Current Time Running" value="176607" />
  <attribute name ="GC Interval" value="200" />
  <attribute name="ProportionalT" value="-38.000000" />
  <attribute name="ProportionalI" value="-38.000000" />
  <attribute name="ProportionalH" value="-38.000000" />
  <attribute name="Current Error" value="-76.000000" />
  <attribute name="IntegralT" value="-19038.000000" />
  <attribute name="IntegralI" value="-19038.000000" />
  <attribute name="IntegralH" value="-19038.000000" />
  <attribute name="DerivativeT" value="-0.151697" />
  <attribute name="DerivativeI" value="-0.151697" />
  <attribute name="DerivativeH" value="-0.151697" />
  <attribute name="Loop Time for DT" value="501.000000" />
  <attribute name="Output H" value="4203675648"/>
  <attribute name="Output I" value="200"/>
  <attribute name="Output T" value="16"/>
  <attribute name="Target GC Util Change" value ="80.000000" />
  <attribute name="Current GC Util Change" value="4.000000"/>
  <attribute name="GC Util currently" value="4" />
  <attribute name="CPU Util currently" value="2302233777" />
<allocation-satisfied id="5728" threadId="0000000001B4EE00" bytesRequested="24" />
<af-end id="5729" timestamp="2019-08-10T03:39:36.469" threadId="0000000001B4F788" success="true" from="nursery"/>
<exclusive-end id="5730" timestamp="2019-08-10T03:39:36.469" durationms="8.459" />

===== DaCapo 9.12-MR1 sunflow PASSED in 16778 msec =====
Using scaled threading model. 16 processors detected, 16 threads used to drive the workload, in a possible range of [1,1000]
<exclusive-start id="5731" timestamp="2019-08-10T03:39:37.257" intervalms="796.663">
  <response-info timems="0.057" idlems="0.057" threads="0" lastid="0000000001842F00" lastname="main" />
</exclusive-start>
<sys-start reason="explicit" id="5732" timestamp="2019-08-10T03:39:37.257" intervalms="17569.775" />
<cycle-start id="5733" type="global" contextid="0" timestamp="2019-08-10T03:39:37.257" intervalms="17569.779" />
<gc-start id="5734" type="global" contextid="5733" timestamp="2019-08-10T03:39:37.257">
  <mem-info id="5735" free="3842661536" total="4030660608" percent="95">
    <mem type="nursery" free="268107136" total="428343296" percent="62">
      <mem type="allocate" free="268107136" total="385482752" percent="69" />
      <mem type="survivor" free="0" total="42860544" percent="0" />
    </mem>
    <mem type="tenure" free="3574554400" total="3602317312" percent="99">
      <mem type="soa" free="3394500384" total="3422201856" percent="99" />
      <mem type="loa" free="180054016" total="180115456" percent="99" />
    </mem>
    <remembered-set count="11738" />
  </mem-info>
</gc-start>
<allocation-stats totalBytes="115748624" >
