<?xml version="1.0" ?>

<verbosegc xmlns="http://www.ibm.com/j9/verbosegc" version="10b4217_CMPRSS">

<initialized id="1" timestamp="2019-06-16T17:32:46.147">
  <attribute name="gcPolicy" value="-Xgcpolicy:gencon" />
  <attribute name="elasticGC enabled" value="1" />
  <attribute name= "numThreadsSpecified" value="0" />
  <attribute name="heapSize specified" value="0" />
  <attribute name="Current GC Util" value="0" />
  <attribute name= "Current Time Running" value="0" />
  <attribute name ="GC Interval" value="0" />
  <attribute name="ProportionalT" value="0.000000" />
  <attribute name="ProportionalI" value="0.000000" />
  <attribute name="ProportionalH" value="0.000000" />
  <attribute name="IntegralT" value="0.000000" />
  <attribute name="IntegralI" value="0.000000" />
  <attribute name="IntegralH" value="0.000000" />
  <attribute name="DerivativeT" value="0.000000" />
  <attribute name="DerivativeI" value="0.000000" />
  <attribute name="DerivativeH" value="0.000000" />
  <attribute name="Target GC Util Change" value ="0.000000" />
  <attribute name="Current GC Util Change" value="0.000000"/>
  <attribute name="Current Error" value="0.000000" />
  <attribute name="Loop Time for DT" value="0.000000" />
  <attribute name="Output H" value="0"/>
  <attribute name="Output I" value="0"/>
  <attribute name="Output T" value="0"/>
  <attribute name="GC Util currently" value="0" />
  <attribute name="CPU Util currently" value="0" />
  <attribute name="maxHeapSize" value="0x7cbc0000" />
  <attribute name="initialHeapSize" value="0x800000" />
  <attribute name="compressedRefs" value="true" />
  <attribute name="compressedRefsDisplacement" value="0x0" />
  <attribute name="compressedRefsShift" value="0x0" />
  <attribute name="pageSize" value="0x1000" />
  <attribute name="pageType" value="not used" />
  <attribute name="requestedPageSize" value="0x1000" />
  <attribute name="requestedPageType" value="not used" />
  <attribute name="gcthreads" value="4" />
  <attribute name="gcthreads Concurrent Mark" value="1" />
  <attribute name="packetListSplit" value="4" />
  <attribute name="cacheListSplit" value="4" />
  <attribute name="splitFreeListSplitAmount" value="1" />
  <attribute name="numaNodes" value="0" />
  <system>
    <attribute name="physicalMemory" value="8370962432" />
    <attribute name="numCPUs" value="4" />
    <attribute name="architecture" value="amd64" />
    <attribute name="os" value="Linux" />
    <attribute name="osVersion" value="4.4.0-148-generic" />
  </system>
  <vmargs>
    <vmarg name="-Xoptionsfile=/vagrant/jdk/lib/options.default" />
    <vmarg name="-Xlockword:mode=default,noLockword=java/lang/String,noLockword=java/util/MapEntry,noLockword=java/util/HashMap$Entry,noLockword..." />
    <vmarg name="-Xjcl:jclse29" />
    <vmarg name="-Dcom.ibm.oti.vm.bootstrap.library.path=/vagrant/jdk/lib/compressedrefs:/vagrant/jdk/lib" />
    <vmarg name="-Dsun.boot.library.path=/vagrant/jdk/lib/compressedrefs:/vagrant/jdk/lib" />
    <vmarg name="-Djava.library.path=/vagrant/jdk/lib/compressedrefs:/vagrant/jdk/lib:/usr/lib64:/usr/lib" />
    <vmarg name="-Djava.home=/vagrant/jdk" />
    <vmarg name="-Duser.dir=/vagrant" />
    <vmarg name="-verbose:gc" />
    <vmarg name="-Xgcelastic" />
    <vmarg name="-Xcheck:gc:::elasticGC" />
    <vmarg name="-Xloggc:small-jdk-1-1-0.5-verbose3xalan.txt" />
    <vmarg name="-Djava.class.path=dacapo-9.12-MR1-bach.jar" />
    <vmarg name="-Dsun.java.command=dacapo-9.12-MR1-bach.jar xalan --size=small" />
    <vmarg name="-Dsun.java.launcher=SUN_STANDARD" />
    <vmarg name="-Dsun.java.launcher.pid=8788" />
  </vmargs>
</initialized>

<exclusive-start id="2" timestamp="2019-06-16T17:32:46.340" intervalms="192.396">
  <response-info timems="0.019" idlems="0.019" threads="0" lastid="00000000017D9700" lastname="main" />
</exclusive-start>
<af-start id="3" threadId="00000000017DA088" totalBytesRequested="7176" timestamp="2019-06-16T17:32:46.340" intervalms="192.782" type="nursery" />
<cycle-start id="4" type="scavenge" contextid="0" timestamp="2019-06-16T17:32:46.341" intervalms="193.288" />
<gc-start id="5" type="scavenge" contextid="4" timestamp="2019-06-16T17:32:46.346">
  <mem-info id="6" free="6062624" total="8388608" percent="72">
    <mem type="nursery" free="0" total="2097152" percent="0">
      <mem type="allocate" free="0" total="1048576" percent="0" />
      <mem type="survivor" free="0" total="1048576" percent="0" />
    </mem>
    <mem type="tenure" free="6062624" total="6291456" percent="96">
      <mem type="soa" free="5748256" total="5977088" percent="96" />
      <mem type="loa" free="314368" total="314368" percent="100" />
    </mem>
    <remembered-set count="3161" />
  </mem-info>
</gc-start>
<allocation-stats totalBytes="1276008" >
  <allocated-bytes non-tlh="344784" tlh="931224" />
  <largest-consumer threadName="main" threadId="00000000017D9700" bytes="1199792" />
</allocation-stats>
<gc-op id="7" type="scavenge" timems="1.930" contextid="4" timestamp="2019-06-16T17:32:46.348">
  <scavenger-info tenureage="2" tenuremask="fffc" tiltratio="50" />
  <memory-copied type="nursery" objects="10578" bytes="479584" bytesdiscarded="125904" />
  <finalization candidates="11" enqueued="0" />
  <references type="soft" candidates="62" cleared="0" enqueued="0" dynamicThreshold="32" maxThreshold="32" />
  <references type="weak" candidates="309" cleared="177" enqueued="141" />
  <references type="phantom" candidates="25" cleared="6" enqueued="6" />
</gc-op>
<gc-end id="8" type="scavenge" contextid="4" durationms="5.575" usertimems="8.000" systemtimems="0.000" timestamp="2019-06-16T17:32:46.352" activeThreads="4">
  <mem-info id="9" free="6503616" total="8388608" percent="77">
    <mem type="nursery" free="440992" total="2097152" percent="21">
      <mem type="allocate" free="440992" total="1048576" percent="42" />
      <mem type="survivor" free="0" total="1048576" percent="0" />
    </mem>
    <mem type="tenure" free="6062624" total="6291456" percent="96">
      <mem type="soa" free="5748256" total="5977088" percent="96" />
      <mem type="loa" free="314368" total="314368" percent="100" />
    </mem>
    <pending-finalizers system="0" default="0" reference="147" classloader="0" />
    <remembered-set count="3161" />
  </mem-info>
</gc-end>
<cycle-end id="10" type="scavenge" contextid="4" timestamp="2019-06-16T17:32:46.352" />
  <attribute name="elasticGC enabled" value="1" />
  <attribute name= "numThreadsSpecified" value="0" />
  <attribute name="heapSize specified" value="0" />
  <attribute name="Current GC Util" value="0" />
  <attribute name= "Current Time Running" value="84" />
  <attribute name ="GC Interval" value="1" />
  <attribute name="ProportionalT" value="0.000000" />
  <attribute name="ProportionalI" value="0.000000" />
  <attribute name="ProportionalH" value="0.000000" />
  <attribute name="Current Error" value="0.000000" />
  <attribute name="IntegralT" value="0.000000" />
  <attribute name="IntegralI" value="0.000000" />
  <attribute name="IntegralH" value="0.000000" />
  <attribute name="DerivativeT" value="0.000000" />
  <attribute name="DerivativeI" value="0.000000" />
  <attribute name="DerivativeH" value="0.000000" />
  <attribute name="Loop Time for DT" value="0.000000" />
  <attribute name="Output H" value="0"/>
  <attribute name="Output I" value="0"/>
  <attribute name="Output T" value="0"/>
  <attribute name="Target GC Util Change" value ="20.000000" />
  <attribute name="Current GC Util Change" value="0.000000"/>
  <attribute name="GC Util currently" value="0" />
  <attribute name="CPU Util currently" value="23" />
<allocation-satisfied id="11" threadId="00000000017D9700" bytesRequested="7176" />
<af-end id="12" timestamp="2019-06-16T17:32:46.352" threadId="00000000017DA088" success="true" from="nursery"/>
<exclusive-end id="13" timestamp="2019-06-16T17:32:46.352" durationms="12.713" />

<exclusive-start id="14" timestamp="2019-06-16T17:32:46.376" intervalms="35.913">
  <response-info timems="0.030" idlems="0.030" threads="0" lastid="00000000017D9700" lastname="main" />
</exclusive-start>
<af-start id="15" threadId="00000000017DA088" totalBytesRequested="15200" timestamp="2019-06-16T17:32:46.376" intervalms="35.614" type="nursery" />
<cycle-start id="16" type="scavenge" contextid="0" timestamp="2019-06-16T17:32:46.376" intervalms="35.185" />
<gc-start id="17" type="scavenge" contextid="16" timestamp="2019-06-16T17:32:46.380">
  <mem-info id="18" free="6054888" total="8388608" percent="72">
    <mem type="nursery" free="0" total="2097152" percent="0">
      <mem type="allocate" free="0" total="1048576" percent="0" />
      <mem type="survivor" free="0" total="1048576" percent="0" />
    </mem>
    <mem type="tenure" free="6054888" total="6291456" percent="96">
      <mem type="soa" free="5740520" total="5977088" percent="96" />
      <mem type="loa" free="314368" total="314368" percent="100" />
    </mem>
    <remembered-set count="3262" />
  </mem-info>
</gc-start>
<allocation-stats totalBytes="443624" >
  <allocated-bytes non-tlh="14912" tlh="428712" />
  <largest-consumer threadName="main" threadId="00000000017D9700" bytes="431648" />
</allocation-stats>
<gc-op id="19" type="scavenge" timems="0.827" contextid="16" timestamp="2019-06-16T17:32:46.381">
  <scavenger-info tenureage="5" tenuremask="7fe0" tiltratio="50" />
  <memory-copied type="nursery" objects="10890" bytes="485648" bytesdiscarded="105040" />
  <finalization candidates="11" enqueued="0" />
  <references type="soft" candidates="62" cleared="0" enqueued="0" dynamicThreshold="32" maxThreshold="32" />
  <references type="weak" candidates="241" cleared="96" enqueued="93" />
  <references type="phantom" candidates="37" cleared="12" enqueued="12" />
</gc-op>
<gc-end id="20" type="scavenge" contextid="16" durationms="1.120" usertimems="0.000" systemtimems="4.000" timestamp="2019-06-16T17:32:46.381" activeThreads="4">
  <mem-info id="21" free="6511312" total="8388608" percent="77">
    <mem type="nursery" free="456424" total="2097152" percent="21">
      <mem type="allocate" free="456424" total="1048576" percent="43" />
      <mem type="survivor" free="0" total="1048576" percent="0" />
    </mem>
    <mem type="tenure" free="6054888" total="6291456" percent="96">
      <mem type="soa" free="5740520" total="5977088" percent="96" />
      <mem type="loa" free="314368" total="314368" percent="100" />
    </mem>
    <pending-finalizers system="0" default="0" reference="105" classloader="0" />
    <remembered-set count="3262" />
  </mem-info>
</gc-end>
<cycle-end id="22" type="scavenge" contextid="16" timestamp="2019-06-16T17:32:46.381" />
  <attribute name="elasticGC enabled" value="1" />
  <attribute name= "numThreadsSpecified" value="4" />
  <attribute name="heapSize specified" value="0" />
  <attribute name="Current GC Util" value="34" />
  <attribute name= "Current Time Running" value="118" />
  <attribute name ="GC Interval" value="496" />
  <attribute name="ProportionalT" value="14.000000" />
  <attribute name="ProportionalI" value="14.000000" />
  <attribute name="ProportionalH" value="14.000000" />
  <attribute name="Current Error" value="14.000000" />
  <attribute name="IntegralT" value="476.000000" />
  <attribute name="IntegralI" value="476.000000" />
  <attribute name="IntegralH" value="476.000000" />
  <attribute name="DerivativeT" value="0.205882" />
  <attribute name="DerivativeI" value="0.205882" />
  <attribute name="DerivativeH" value="0.205882" />
  <attribute name="Loop Time for DT" value="34.000000" />
  <attribute name="Output H" value="8388608"/>
  <attribute name="Output I" value="496"/>
  <attribute name="Output T" value="4"/>
  <attribute name="Target GC Util Change" value ="20.000000" />
  <attribute name="Current GC Util Change" value="34.000000"/>
  <attribute name="GC Util currently" value="34" />
  <attribute name="CPU Util currently" value="6" />
<allocation-satisfied id="23" threadId="00000000017D9700" bytesRequested="15200" />
<af-end id="24" timestamp="2019-06-16T17:32:46.381" threadId="00000000017DA088" success="true" from="nursery"/>
<exclusive-end id="25" timestamp="2019-06-16T17:32:46.381" durationms="5.526" />

<exclusive-start id="26" timestamp="2019-06-16T17:32:46.391" intervalms="15.128">
  <response-info timems="0.073" idlems="0.073" threads="0" lastid="00000000017D9700" lastname="main" />
</exclusive-start>
<af-start id="27" threadId="00000000017DA088" totalBytesRequested="20232" timestamp="2019-06-16T17:32:46.391" intervalms="15.151" type="nursery" />
<cycle-start id="28" type="scavenge" contextid="0" timestamp="2019-06-16T17:32:46.391" intervalms="15.168" />
<gc-start id="29" type="scavenge" contextid="28" timestamp="2019-06-16T17:32:46.391">
  <mem-info id="30" free="6052200" total="8388608" percent="72">
    <mem type="nursery" free="0" total="2097152" percent="0">
      <mem type="allocate" free="0" total="1048576" percent="0" />
      <mem type="survivor" free="0" total="1048576" percent="0" />
    </mem>
    <mem type="tenure" free="6052200" total="6291456" percent="96">
      <mem type="soa" free="5737832" total="5977088" percent="95" />
      <mem type="loa" free="314368" total="314368" percent="100" />
    </mem>
    <remembered-set count="3295" />
  </mem-info>
</gc-start>
<allocation-stats totalBytes="419504" >
  <allocated-bytes non-tlh="17888" tlh="401616" />
  <largest-consumer threadName="main" threadId="00000000017D9700" bytes="411312" />
</allocation-stats>
<gc-op id="31" type="scavenge" timems="0.752" contextid="28" timestamp="2019-06-16T17:32:46.392">
  <scavenger-info tenureage="4" tenuremask="7ff0" tiltratio="50" />
  <memory-copied type="nursery" objects="10928" bytes="539040" bytesdiscarded="217800" />
  <finalization candidates="11" enqueued="0" />
  <references type="soft" candidates="62" cleared="0" enqueued="0" dynamicThreshold="32" maxThreshold="32" />
  <references type="weak" candidates="223" cleared="76" enqueued="76" />
  <references type="phantom" candidates="37" cleared="10" enqueued="10" />
</gc-op>
<heap-resize id="32" type="expand" space="nursery" amount="131072" count="1" timems="0.156" reason="excessive time being spent scavenging" timestamp="2019-06-16T17:32:46.392" />
<gc-end id="33" type="scavenge" contextid="28" durationms="1.309" usertimems="4.000" systemtimems="0.000" timestamp="2019-06-16T17:32:46.392" activeThreads="4">
  <mem-info id="34" free="6408016" total="8519680" percent="75">
    <mem type="nursery" free="355816" total="2228224" percent="15">
      <mem type="allocate" free="355816" total="1114112" percent="31" />
      <mem type="survivor" free="0" total="1114112" percent="0" />
    </mem>
    <mem type="tenure" free="6052200" total="6291456" percent="96">
      <mem type="soa" free="5737832" total="5977088" percent="95" />
      <mem type="loa" free="314368" total="314368" percent="100" />
    </mem>
    <pending-finalizers system="0" default="0" reference="86" classloader="0" />
    <remembered-set count="1025" />
  </mem-info>
</gc-end>
<cycle-end id="35" type="scavenge" contextid="28" timestamp="2019-06-16T17:32:46.392" />
  <attribute name="elasticGC enabled" value="1" />
  <attribute name= "numThreadsSpecified" value="4" />
  <attribute name="heapSize specified" value="0" />
  <attribute name="Current GC Util" value="50" />
  <attribute name= "Current Time Running" value="129" />
  <attribute name ="GC Interval" value="840" />
  <attribute name="ProportionalT" value="30.000000" />
  <attribute name="ProportionalI" value="30.000000" />
  <attribute name="ProportionalH" value="30.000000" />
  <attribute name="Current Error" value="30.000000" />
  <attribute name="IntegralT" value="806.000000" />
  <attribute name="IntegralI" value="806.000000" />
  <attribute name="IntegralH" value="806.000000" />
  <attribute name="DerivativeT" value="0.727273" />
  <attribute name="DerivativeI" value="0.727273" />
  <attribute name="DerivativeH" value="0.727273" />
  <attribute name="Loop Time for DT" value="11.000000" />
  <attribute name="Output H" value="8388608"/>
  <attribute name="Output I" value="840"/>
  <attribute name="Output T" value="4"/>
  <attribute name="Target GC Util Change" value ="20.000000" />
  <attribute name="Current GC Util Change" value="50.000000"/>
  <attribute name="GC Util currently" value="50" />
  <attribute name="CPU Util currently" value="6" />
<allocation-satisfied id="36" threadId="00000000017D9700" bytesRequested="20232" />
<af-end id="37" timestamp="2019-06-16T17:32:46.392" threadId="00000000017DA088" success="true" from="nursery"/>
<exclusive-end id="38" timestamp="2019-06-16T17:32:46.392" durationms="1.851" />

<exclusive-start id="39" timestamp="2019-06-16T17:32:46.517" intervalms="126.757">
  <response-info timems="0.029" idlems="0.029" threads="0" lastid="00000000017D9700" lastname="main" />
</exclusive-start>
<af-start id="40" threadId="00000000017DA088" totalBytesRequested="8200" timestamp="2019-06-16T17:32:46.517" intervalms="126.736" type="nursery" />
<cycle-start id="41" type="scavenge" contextid="0" timestamp="2019-06-16T17:32:46.518" intervalms="126.708" />
<gc-start id="42" type="scavenge" contextid="41" timestamp="2019-06-16T17:32:46.518">
  <mem-info id="43" free="6047800" total="8519680" percent="70">
    <mem type="nursery" free="0" total="2228224" percent="0">
      <mem type="allocate" free="0" total="1114112" percent="0" />
      <mem type="survivor" free="0" total="1114112" percent="0" />
    </mem>
    <mem type="tenure" free="6047800" total="6291456" percent="96">
      <mem type="soa" free="5733432" total="5977088" percent="95" />
      <mem type="loa" free="314368" total="314368" percent="100" />
    </mem>
    <remembered-set count="1099" />
  </mem-info>
</gc-start>
<allocation-stats totalBytes="353768" >
  <allocated-bytes non-tlh="24632" tlh="329136" />
  <largest-consumer threadName="main" threadId="00000000017D9700" bytes="353768" />
</allocation-stats>
<gc-op id="44" type="scavenge" timems="0.935" contextid="41" timestamp="2019-06-16T17:32:46.519">
  <scavenger-info tenureage="3" tenuremask="fff8" tiltratio="50" />
  <memory-copied type="nursery" objects="709" bytes="101928" bytesdiscarded="54688" />
  <memory-copied type="tenure" objects="10288" bytes="459816" bytesdiscarded="648" />
  <finalization candidates="13" enqueued="0" />
  <references type="soft" candidates="1" cleared="0" enqueued="0" dynamicThreshold="32" maxThreshold="32" />
  <references type="weak" candidates="69" cleared="53" enqueued="53" />
  <references type="phantom" candidates="20" cleared="10" enqueued="10" />
</gc-op>
<gc-end id="45" type="scavenge" contextid="41" durationms="1.129" usertimems="0.000" systemtimems="0.000" timestamp="2019-06-16T17:32:46.519" activeThreads="4">
  <mem-info id="46" free="6387608" total="8519680" percent="74">
    <mem type="nursery" free="957440" total="2228224" percent="42">
      <mem type="allocate" free="957440" total="1114112" percent="85" />
      <mem type="survivor" free="0" total="1114112" percent="0" />
    </mem>
    <mem type="tenure" free="5430168" total="6291456" percent="86">
      <mem type="soa" free="5115800" total="5977088" percent="85" />
      <mem type="loa" free="314368" total="314368" percent="100" />
    </mem>
    <pending-finalizers system="0" default="0" reference="63" classloader="0" />
    <remembered-set count="214" />
  </mem-info>
</gc-end>
<cycle-end id="47" type="scavenge" contextid="41" timestamp="2019-06-16T17:32:46.519" />
  <attribute name="elasticGC enabled" value="1" />
  <attribute name= "numThreadsSpecified" value="4" />
  <attribute name="heapSize specified" value="0" />
  <attribute name="Current GC Util" value="1" />
  <attribute name= "Current Time Running" value="255" />
  <attribute name ="GC Interval" value="200" />
  <attribute name="ProportionalT" value="-19.000000" />
  <attribute name="ProportionalI" value="-19.000000" />
  <attribute name="ProportionalH" value="-19.000000" />
  <attribute name="Current Error" value="-19.000000" />
  <attribute name="IntegralT" value="-1588.000000" />
  <attribute name="IntegralI" value="-1588.000000" />
  <attribute name="IntegralH" value="-1588.000000" />
  <attribute name="DerivativeT" value="-0.194444" />
  <attribute name="DerivativeI" value="-0.194444" />
  <attribute name="DerivativeH" value="-0.194444" />
  <attribute name="Loop Time for DT" value="126.000000" />
  <attribute name="Output H" value="2092630016"/>
  <attribute name="Output I" value="200"/>
  <attribute name="Output T" value="4"/>
  <attribute name="Target GC Util Change" value ="20.000000" />
  <attribute name="Current GC Util Change" value="1.000000"/>
  <attribute name="GC Util currently" value="1" />
  <attribute name="CPU Util currently" value="2" />
<allocation-satisfied id="48" threadId="00000000017D9700" bytesRequested="8200" />
<af-end id="49" timestamp="2019-06-16T17:32:46.519" threadId="00000000017DA088" success="true" from="nursery"/>
<exclusive-end id="50" timestamp="2019-06-16T17:32:46.519" durationms="1.605" />

<exclusive-start id="51" timestamp="2019-06-16T17:32:46.631" intervalms="113.937">
  <response-info timems="0.046" idlems="0.046" threads="0" lastid="00000000017D9700" lastname="main" />
</exclusive-start>
<af-start id="52" threadId="00000000017DA088" totalBytesRequested="40" timestamp="2019-06-16T17:32:46.631" intervalms="113.964" type="nursery" />
<cycle-start id="53" type="scavenge" contextid="0" timestamp="2019-06-16T17:32:46.632" intervalms="113.993" />
<gc-start id="54" type="scavenge" contextid="53" timestamp="2019-06-16T17:32:46.632">
  <mem-info id="55" free="5427256" total="8519680" percent="63">
    <mem type="nursery" free="0" total="2228224" percent="0">
      <mem type="allocate" free="0" total="1114112" percent="0" />
      <mem type="survivor" free="0" total="1114112" percent="0" />
    </mem>
    <mem type="tenure" free="5427256" total="6291456" percent="86">
      <mem type="soa" free="5112888" total="5977088" percent="85" />
      <mem type="loa" free="314368" total="314368" percent="100" />
    </mem>
    <remembered-set count="262" />
  </mem-info>
</gc-start>
<allocation-stats totalBytes="959520" >
  <allocated-bytes non-tlh="337368" tlh="622152" />
  <largest-consumer threadName="main" threadId="00000000017D9700" bytes="959520" />
</allocation-stats>
<gc-op id="56" type="scavenge" timems="0.498" contextid="53" timestamp="2019-06-16T17:32:46.632">
  <scavenger-info tenureage="4" tenuremask="fff0" tiltratio="50" />
  <memory-copied type="nursery" objects="1832" bytes="623160" bytesdiscarded="183632" />
  <finalization candidates="3" enqueued="1" />
  <references type="soft" candidates="11" cleared="0" enqueued="0" dynamicThreshold="32" maxThreshold="32" />
  <references type="weak" candidates="33" cleared="18" enqueued="18" />
  <references type="phantom" candidates="40" cleared="5" enqueued="5" />
</gc-op>
<gc-end id="57" type="scavenge" contextid="53" durationms="0.760" usertimems="0.000" systemtimems="0.000" timestamp="2019-06-16T17:32:46.632" activeThreads="4">
  <mem-info id="58" free="5734480" total="8519680" percent="67">
    <mem type="nursery" free="307224" total="2228224" percent="13">
      <mem type="allocate" free="307224" total="1114112" percent="27" />
      <mem type="survivor" free="0" total="1114112" percent="0" />
    </mem>
    <mem type="tenure" free="5427256" total="6291456" percent="86">
      <mem type="soa" free="5112888" total="5977088" percent="85" />
      <mem type="loa" free="314368" total="314368" percent="100" />
    </mem>
    <pending-finalizers system="1" default="0" reference="23" classloader="0" />
    <remembered-set count="237" />
  </mem-info>
</gc-end>
<cycle-end id="59" type="scavenge" contextid="53" timestamp="2019-06-16T17:32:46.632" />
  <attribute name="elasticGC enabled" value="1" />
  <attribute name= "numThreadsSpecified" value="4" />
  <attribute name="heapSize specified" value="0" />
  <attribute name="Current GC Util" value="1" />
  <attribute name= "Current Time Running" value="370" />
  <attribute name ="GC Interval" value="200" />
  <attribute name="ProportionalT" value="-19.000000" />
  <attribute name="ProportionalI" value="-19.000000" />
  <attribute name="ProportionalH" value="-19.000000" />
  <attribute name="Current Error" value="-19.000000" />
  <attribute name="IntegralT" value="-3773.000000" />
  <attribute name="IntegralI" value="-3773.000000" />
  <attribute name="IntegralH" value="-3773.000000" />
  <attribute name="DerivativeT" value="-0.082609" />
  <attribute name="DerivativeI" value="-0.082609" />
  <attribute name="DerivativeH" value="-0.082609" />
  <attribute name="Loop Time for DT" value="115.000000" />
  <attribute name="Output H" value="2092630016"/>
  <attribute name="Output I" value="200"/>
  <attribute name="Output T" value="4"/>
  <attribute name="Target GC Util Change" value ="20.000000" />
  <attribute name="Current GC Util Change" value="1.000000"/>
  <attribute name="GC Util currently" value="1" />
  <attribute name="CPU Util currently" value="6" />
<allocation-satisfied id="60" threadId="00000000017D9700" bytesRequested="40" />
<af-end id="61" timestamp="2019-06-16T17:32:46.633" threadId="00000000017DA088" success="true" from="nursery"/>
<exclusive-end id="62" timestamp="2019-06-16T17:32:46.633" durationms="1.316" />

<exclusive-start id="63" timestamp="2019-06-16T17:32:46.644" intervalms="13.142">
  <response-info timems="0.063" idlems="0.063" threads="0" lastid="00000000017D9700" lastname="main" />
</exclusive-start>
<af-start id="64" threadId="00000000017DA088" totalBytesRequested="216" timestamp="2019-06-16T17:32:46.645" intervalms="13.126" type="nursery" />
<cycle-start id="65" type="scavenge" contextid="0" timestamp="2019-06-16T17:32:46.645" intervalms="13.122" />
<gc-start id="66" type="scavenge" contextid="65" timestamp="2019-06-16T17:32:46.645">
  <mem-info id="67" free="5421752" total="8519680" percent="63">
    <mem type="nursery" free="0" total="2228224" percent="0">
      <mem type="allocate" free="0" total="1114112" percent="0" />
      <mem type="survivor" free="0" total="1114112" percent="0" />
    </mem>
    <mem type="tenure" free="5421752" total="6291456" percent="86">
      <mem type="soa" free="5107384" total="5977088" percent="85" />
      <mem type="loa" free="314368" total="314368" percent="100" />
    </mem>
    <remembered-set count="296" />
  </mem-info>
</gc-start>
<allocation-stats totalBytes="311792" >
  <allocated-bytes non-tlh="5544" tlh="306248" />
  <largest-consumer threadName="main" threadId="00000000017D9700" bytes="307696" />
</allocation-stats>
<gc-op id="68" type="scavenge" timems="0.389" contextid="65" timestamp="2019-06-16T17:32:46.645">
  <scavenger-info tenureage="3" tenuremask="7ff8" tiltratio="50" />
  <memory-copied type="nursery" objects="1600" bytes="583352" bytesdiscarded="159968" />
  <memory-copied type="tenure" objects="330" bytes="16864" bytesdiscarded="0" />
  <finalization candidates="2" enqueued="0" />
  <references type="soft" candidates="11" cleared="0" enqueued="0" dynamicThreshold="32" maxThreshold="32" />
  <references type="weak" candidates="24" cleared="24" enqueued="24" />
  <references type="phantom" candidates="28" cleared="0" enqueued="0" />
</gc-op>
<gc-end id="69" type="scavenge" contextid="65" durationms="0.640" usertimems="0.000" systemtimems="0.000" timestamp="2019-06-16T17:32:46.645" activeThreads="4">
  <mem-info id="70" free="5792448" total="8519680" percent="67">
    <mem type="nursery" free="370696" total="2228224" percent="16">
      <mem type="allocate" free="370696" total="1114112" percent="33" />
      <mem type="survivor" free="0" total="1114112" percent="0" />
    </mem>
    <mem type="tenure" free="5421752" total="6291456" percent="86">
      <mem type="soa" free="5107384" total="5977088" percent="85" />
      <mem type="loa" free="314368" total="314368" percent="100" />
    </mem>
    <pending-finalizers system="0" default="0" reference="24" classloader="0" />
    <remembered-set count="191" />
  </mem-info>
</gc-end>
<cycle-end id="71" type="scavenge" contextid="65" timestamp="2019-06-16T17:32:46.645" />
  <attribute name="elasticGC enabled" value="1" />
  <attribute name= "numThreadsSpecified" value="4" />
  <attribute name="heapSize specified" value="0" />
  <attribute name="Current GC Util" value="7" />
  <attribute name= "Current Time Running" value="383" />
  <attribute name ="GC Interval" value="200" />
  <attribute name="ProportionalT" value="-13.000000" />
  <attribute name="ProportionalI" value="-13.000000" />
  <attribute name="ProportionalH" value="-13.000000" />
  <attribute name="Current Error" value="-13.000000" />
  <attribute name="IntegralT" value="-3942.000000" />
  <attribute name="IntegralI" value="-3942.000000" />
  <attribute name="IntegralH" value="-3942.000000" />
  <attribute name="DerivativeT" value="-0.500000" />
  <attribute name="DerivativeI" value="-0.500000" />
  <attribute name="DerivativeH" value="-0.500000" />
  <attribute name="Loop Time for DT" value="13.000000" />
  <attribute name="Output H" value="2092630016"/>
  <attribute name="Output I" value="200"/>
  <attribute name="Output T" value="4"/>
  <attribute name="Target GC Util Change" value ="20.000000" />
  <attribute name="Current GC Util Change" value="7.000000"/>
  <attribute name="GC Util currently" value="7" />
  <attribute name="CPU Util currently" value="352153364975" />
<allocation-satisfied id="72" threadId="00000000017D9700" bytesRequested="216" />
<af-end id="73" timestamp="2019-06-16T17:32:46.646" threadId="00000000017DA088" success="true" from="nursery"/>
<exclusive-end id="74" timestamp="2019-06-16T17:32:46.646" durationms="1.173" />

<exclusive-start id="75" timestamp="2019-06-16T17:32:46.657" intervalms="12.098">
  <response-info timems="0.022" idlems="0.022" threads="0" lastid="00000000017D9700" lastname="main" />
</exclusive-start>
<af-start id="76" threadId="00000000017DA088" totalBytesRequested="1032" timestamp="2019-06-16T17:32:46.657" intervalms="12.067" type="nursery" />
<cycle-start id="77" type="scavenge" contextid="0" timestamp="2019-06-16T17:32:46.657" intervalms="12.038" />
<gc-start id="78" type="scavenge" contextid="77" timestamp="2019-06-16T17:32:46.657">
  <mem-info id="79" free="5415712" total="8519680" percent="63">
    <mem type="nursery" free="0" total="2228224" percent="0">
      <mem type="allocate" free="0" total="1114112" percent="0" />
      <mem type="survivor" free="0" total="1114112" percent="0" />
    </mem>
    <mem type="tenure" free="5415712" total="6291456" percent="86">
      <mem type="soa" free="5101344" total="5977088" percent="85" />
      <mem type="loa" free="314368" total="314368" percent="100" />
    </mem>
    <remembered-set count="259" />
  </mem-info>
</gc-start>
<allocation-stats totalBytes="376200" >
  <allocated-bytes non-tlh="6256" tlh="369944" />
  <largest-consumer threadName="main" threadId="00000000017D9700" bytes="376200" />
</allocation-stats>
<gc-op id="80" type="scavenge" timems="0.539" contextid="77" timestamp="2019-06-16T17:32:46.657">
  <scavenger-info tenureage="2" tenuremask="fffc" tiltratio="50" />
  <memory-copied type="nursery" objects="241" bytes="26368" bytesdiscarded="51944" />
  <memory-copied type="tenure" objects="1416" bytes="575280" bytesdiscarded="352" />
  <finalization candidates="2" enqueued="0" />
  <references type="weak" candidates="8" cleared="7" enqueued="7" />
  <references type="phantom" candidates="1" cleared="0" enqueued="0" />
</gc-op>
<gc-end id="81" type="scavenge" contextid="77" durationms="0.733" usertimems="0.000" systemtimems="0.000" timestamp="2019-06-16T17:32:46.658" activeThreads="4">
  <mem-info id="82" free="5894008" total="8519680" percent="69">
    <mem type="nursery" free="1035776" total="2228224" percent="46">
      <mem type="allocate" free="1035776" total="1114112" percent="92" />
      <mem type="survivor" free="0" total="1114112" percent="0" />
    </mem>
    <mem type="tenure" free="4858232" total="6291456" percent="77">
      <mem type="soa" free="4543864" total="5977088" percent="76" />
      <mem type="loa" free="314368" total="314368" percent="100" />
    </mem>
    <pending-finalizers system="0" default="0" reference="7" classloader="0" />
    <remembered-set count="205" />
  </mem-info>
</gc-end>
<cycle-end id="83" type="scavenge" contextid="77" timestamp="2019-06-16T17:32:46.658" />
  <attribute name="elasticGC enabled" value="1" />
  <attribute name= "numThreadsSpecified" value="4" />
  <attribute name="heapSize specified" value="0" />
  <attribute name="Current GC Util" value="7" />
  <attribute name= "Current Time Running" value="395" />
  <attribute name ="GC Interval" value="200" />
  <attribute name="ProportionalT" value="-13.000000" />
  <attribute name="ProportionalI" value="-13.000000" />
  <attribute name="ProportionalH" value="-13.000000" />
  <attribute name="Current Error" value="-13.000000" />
  <attribute name="IntegralT" value="-156.000000" />
  <attribute name="IntegralI" value="-156.000000" />
  <attribute name="IntegralH" value="-156.000000" />
  <attribute name="DerivativeT" value="-0.541667" />
  <attribute name="DerivativeI" value="-0.541667" />
  <attribute name="DerivativeH" value="-0.541667" />
  <attribute name="Loop Time for DT" value="12.000000" />
  <attribute name="Output H" value="2092630016"/>
  <attribute name="Output I" value="200"/>
  <attribute name="Output T" value="4"/>
  <attribute name="Target GC Util Change" value ="20.000000" />
  <attribute name="Current GC Util Change" value="7.000000"/>
  <attribute name="GC Util currently" value="7" />
  <attribute name="CPU Util currently" value="385977453460" />
<allocation-satisfied id="84" threadId="00000000017D9700" bytesRequested="1032" />
<af-end id="85" timestamp="2019-06-16T17:32:46.658" threadId="00000000017DA088" success="true" from="nursery"/>
<exclusive-end id="86" timestamp="2019-06-16T17:32:46.658" durationms="1.178" />

<exclusive-start id="87" timestamp="2019-06-16T17:32:46.684" intervalms="27.550">
  <response-info timems="0.028" idlems="0.028" threads="0" lastid="00000000017D9700" lastname="main" />
</exclusive-start>
<af-start id="88" threadId="00000000017DA088" totalBytesRequested="21496" timestamp="2019-06-16T17:32:46.684" intervalms="27.560" type="nursery" />
<cycle-start id="89" type="scavenge" contextid="0" timestamp="2019-06-16T17:32:46.684" intervalms="27.568" />
<gc-start id="90" type="scavenge" contextid="89" timestamp="2019-06-16T17:32:46.684">
  <mem-info id="91" free="4841872" total="8519680" percent="56">
    <mem type="nursery" free="0" total="2228224" percent="0">
      <mem type="allocate" free="0" total="1114112" percent="0" />
      <mem type="survivor" free="0" total="1114112" percent="0" />
    </mem>
    <mem type="tenure" free="4841872" total="6291456" percent="76">
      <mem type="soa" free="4527504" total="5977088" percent="75" />
      <mem type="loa" free="314368" total="314368" percent="100" />
    </mem>
    <remembered-set count="392" />
  </mem-info>
</gc-start>
<allocation-stats totalBytes="1011848" >
  <allocated-bytes non-tlh="17392" tlh="994456" />
  <largest-consumer threadName="main" threadId="00000000017D9700" bytes="1011848" />
</allocation-stats>
<gc-op id="92" type="scavenge" timems="0.262" contextid="89" timestamp="2019-06-16T17:32:46.685">
  <scavenger-info tenureage="3" tenuremask="fff8" tiltratio="50" />
  <memory-copied type="nursery" objects="356" bytes="48408" bytesdiscarded="45280" />
  <references type="weak" candidates="5" cleared="4" enqueued="4" />
  <references type="phantom" candidates="1" cleared="0" enqueued="0" />
</gc-op>
<gc-end id="93" type="scavenge" contextid="89" durationms="0.457" usertimems="0.000" systemtimems="0.000" timestamp="2019-06-16T17:32:46.685" activeThreads="4">
  <mem-info id="94" free="6058888" total="8519680" percent="71">
    <mem type="nursery" free="1217016" total="2228224" percent="54">
      <mem type="allocate" free="1217016" total="1310720" percent="92" />
      <mem type="survivor" free="0" total="917504" percent="0" />
    </mem>
    <mem type="tenure" free="4841872" total="6291456" percent="76">
      <mem type="soa" free="4527504" total="5977088" percent="75" />
      <mem type="loa" free="314368" total="314368" percent="100" />
    </mem>
    <pending-finalizers system="0" default="0" reference="4" classloader="0" />
    <remembered-set count="349" />
  </mem-info>
</gc-end>
<cycle-end id="95" type="scavenge" contextid="89" timestamp="2019-06-16T17:32:46.685" />
  <attribute name="elasticGC enabled" value="1" />
  <attribute name= "numThreadsSpecified" value="4" />
  <attribute name="heapSize specified" value="0" />
  <attribute name="Current GC Util" value="3" />
  <attribute name= "Current Time Running" value="422" />
  <attribute name ="GC Interval" value="200" />
  <attribute name="ProportionalT" value="-17.000000" />
  <attribute name="ProportionalI" value="-17.000000" />
  <attribute name="ProportionalH" value="-17.000000" />
  <attribute name="Current Error" value="-17.000000" />
  <attribute name="IntegralT" value="-459.000000" />
  <attribute name="IntegralI" value="-459.000000" />
  <attribute name="IntegralH" value="-459.000000" />
  <attribute name="DerivativeT" value="-0.314815" />
  <attribute name="DerivativeI" value="-0.314815" />
  <attribute name="DerivativeH" value="-0.314815" />
  <attribute name="Loop Time for DT" value="27.000000" />
  <attribute name="Output H" value="2092630016"/>
  <attribute name="Output I" value="200"/>
  <attribute name="Output T" value="4"/>
  <attribute name="Target GC Util Change" value ="20.000000" />
  <attribute name="Current GC Util Change" value="3.000000"/>
  <attribute name="GC Util currently" value="3" />
  <attribute name="CPU Util currently" value="5" />
<allocation-satisfied id="96" threadId="00000000017D9700" bytesRequested="21496" />
<af-end id="97" timestamp="2019-06-16T17:32:46.685" threadId="00000000017DA088" success="true" from="nursery"/>
<exclusive-end id="98" timestamp="2019-06-16T17:32:46.685" durationms="0.925" />

<exclusive-start id="99" timestamp="2019-06-16T17:32:46.713" intervalms="28.897">
  <response-info timems="0.031" idlems="0.031" threads="0" lastid="00000000017D9700" lastname="main" />
</exclusive-start>
<af-start id="100" threadId="00000000017DA088" totalBytesRequested="8200" timestamp="2019-06-16T17:32:46.713" intervalms="28.908" type="nursery" />
<cycle-start id="101" type="scavenge" contextid="0" timestamp="2019-06-16T17:32:46.713" intervalms="28.904" />
<gc-start id="102" type="scavenge" contextid="101" timestamp="2019-06-16T17:32:46.713">
  <mem-info id="103" free="4823536" total="8519680" percent="56">
    <mem type="nursery" free="0" total="2228224" percent="0">
      <mem type="allocate" free="0" total="1310720" percent="0" />
      <mem type="survivor" free="0" total="917504" percent="0" />
    </mem>
    <mem type="tenure" free="4823536" total="6291456" percent="76">
      <mem type="soa" free="4509168" total="5977088" percent="75" />
      <mem type="loa" free="314368" total="314368" percent="100" />
    </mem>
    <remembered-set count="608" />
  </mem-info>
</gc-start>
<allocation-stats totalBytes="1223168" >
  <allocated-bytes non-tlh="39832" tlh="1183336" />
  <largest-consumer threadName="main" threadId="00000000017D9700" bytes="1223168" />
</allocation-stats>
<gc-op id="104" type="scavenge" timems="0.324" contextid="101" timestamp="2019-06-16T17:32:46.714">
  <scavenger-info tenureage="4" tenuremask="fff0" tiltratio="58" />
  <memory-copied type="nursery" objects="811" bytes="31776" bytesdiscarded="46544" />
  <finalization candidates="1" enqueued="0" />
  <references type="weak" candidates="11" cleared="9" enqueued="9" />
  <references type="phantom" candidates="2" cleared="0" enqueued="0" />
</gc-op>
<gc-end id="105" type="scavenge" contextid="101" durationms="0.520" usertimems="0.000" systemtimems="0.000" timestamp="2019-06-16T17:32:46.714" activeThreads="4">
  <mem-info id="106" free="6252528" total="8519680" percent="73">
    <mem type="nursery" free="1428992" total="2228224" percent="64">
      <mem type="allocate" free="1428992" total="1507328" percent="94" />
      <mem type="survivor" free="0" total="720896" percent="0" />
    </mem>
    <mem type="tenure" free="4823536" total="6291456" percent="76">
      <mem type="soa" free="4509168" total="5977088" percent="75" />
      <mem type="loa" free="314368" total="314368" percent="100" />
    </mem>
    <pending-finalizers system="0" default="0" reference="9" classloader="0" />
    <remembered-set count="559" />
  </mem-info>
</gc-end>
<cycle-end id="107" type="scavenge" contextid="101" timestamp="2019-06-16T17:32:46.714" />
  <attribute name="elasticGC enabled" value="1" />
  <attribute name= "numThreadsSpecified" value="4" />
  <attribute name="heapSize specified" value="0" />
  <attribute name="Current GC Util" value="2" />
  <attribute name= "Current Time Running" value="451" />
  <attribute name ="GC Interval" value="200" />
  <attribute name="ProportionalT" value="-18.000000" />
  <attribute name="ProportionalI" value="-18.000000" />
  <attribute name="ProportionalH" value="-18.000000" />
  <attribute name="Current Error" value="-18.000000" />
  <attribute name="IntegralT" value="-522.000000" />
  <attribute name="IntegralI" value="-522.000000" />
  <attribute name="IntegralH" value="-522.000000" />
  <attribute name="DerivativeT" value="-0.310345" />
  <attribute name="DerivativeI" value="-0.310345" />
  <attribute name="DerivativeH" value="-0.310345" />
  <attribute name="Loop Time for DT" value="29.000000" />
  <attribute name="Output H" value="2092630016"/>
  <attribute name="Output I" value="200"/>
  <attribute name="Output T" value="4"/>
  <attribute name="Target GC Util Change" value ="20.000000" />
  <attribute name="Current GC Util Change" value="2.000000"/>
  <attribute name="GC Util currently" value="2" />
  <attribute name="CPU Util currently" value="4" />
<allocation-satisfied id="108" threadId="00000000017D9700" bytesRequested="8200" />
<af-end id="109" timestamp="2019-06-16T17:32:46.714" threadId="00000000017DA088" success="true" from="nursery"/>
<exclusive-end id="110" timestamp="2019-06-16T17:32:46.714" durationms="0.999" />

<exclusive-start id="111" timestamp="2019-06-16T17:32:46.747" intervalms="33.472">
  <response-info timems="0.023" idlems="0.023" threads="0" lastid="00000000017D9700" lastname="main" />
</exclusive-start>
<af-start id="112" threadId="00000000017DA088" totalBytesRequested="22872" timestamp="2019-06-16T17:32:46.747" intervalms="33.474" type="nursery" />
<cycle-start id="113" type="scavenge" contextid="0" timestamp="2019-06-16T17:32:46.747" intervalms="33.480" />
<gc-start id="114" type="scavenge" contextid="113" timestamp="2019-06-16T17:32:46.747">
  <mem-info id="115" free="4798352" total="8519680" percent="56">
    <mem type="nursery" free="0" total="2228224" percent="0">
      <mem type="allocate" free="0" total="1507328" percent="0" />
      <mem type="survivor" free="0" total="720896" percent="0" />
    </mem>
    <mem type="tenure" free="4798352" total="6291456" percent="76">
      <mem type="soa" free="4483984" total="5977088" percent="75" />
      <mem type="loa" free="314368" total="314368" percent="100" />
    </mem>
    <remembered-set count="806" />
  </mem-info>
</gc-start>
<allocation-stats totalBytes="1437408" >
  <allocated-bytes non-tlh="74016" tlh="1363392" />
  <largest-consumer threadName="main" threadId="00000000017D9700" bytes="1437408" />
</allocation-stats>
<gc-op id="116" type="scavenge" timems="0.389" contextid="113" timestamp="2019-06-16T17:32:46.747">
  <scavenger-info tenureage="3" tenuremask="ffe8" tiltratio="67" />
  <memory-copied type="nursery" objects="1237" bytes="87696" bytesdiscarded="45144" />
  <memory-copied type="tenure" objects="80" bytes="2184" bytesdiscarded="0" />
  <finalization candidates="1" enqueued="0" />
  <references type="soft" candidates="1" cleared="0" enqueued="0" dynamicThreshold="32" maxThreshold="32" />
  <references type="weak" candidates="6" cleared="4" enqueued="4" />
  <references type="phantom" candidates="4" cleared="1" enqueued="1" />
</gc-op>
<gc-end id="117" type="scavenge" contextid="113" durationms="0.589" usertimems="0.000" systemtimems="0.000" timestamp="2019-06-16T17:32:46.747" activeThreads="4">
  <mem-info id="118" free="6238344" total="8519680" percent="73">
    <mem type="nursery" free="1439992" total="2228224" percent="64">
      <mem type="allocate" free="1439992" total="1572864" percent="91" />
      <mem type="survivor" free="0" total="655360" percent="0" />
    </mem>
    <mem type="tenure" free="4798352" total="6291456" percent="76">
      <mem type="soa" free="4483984" total="5977088" percent="75" />
      <mem type="loa" free="314368" total="314368" percent="100" />
    </mem>
    <pending-finalizers system="0" default="0" reference="5" classloader="0" />
    <remembered-set count="646" />
  </mem-info>
</gc-end>
<cycle-end id="119" type="scavenge" contextid="113" timestamp="2019-06-16T17:32:46.747" />
  <attribute name="elasticGC enabled" value="1" />
  <attribute name= "numThreadsSpecified" value="4" />
  <attribute name="heapSize specified" value="0" />
  <attribute name="Current GC Util" value="2" />
  <attribute name= "Current Time Running" value="485" />
  <attribute name ="GC Interval" value="200" />
  <attribute name="ProportionalT" value="-18.000000" />
  <attribute name="ProportionalI" value="-18.000000" />
  <attribute name="ProportionalH" value="-18.000000" />
  <attribute name="Current Error" value="-18.000000" />
  <attribute name="IntegralT" value="-612.000000" />
  <attribute name="IntegralI" value="-612.000000" />
  <attribute name="IntegralH" value="-612.000000" />
  <attribute name="DerivativeT" value="-0.264706" />
  <attribute name="DerivativeI" value="-0.264706" />
  <attribute name="DerivativeH" value="-0.264706" />
  <attribute name="Loop Time for DT" value="34.000000" />
  <attribute name="Output H" value="2092630016"/>
  <attribute name="Output I" value="200"/>
  <attribute name="Output T" value="4"/>
  <attribute name="Target GC Util Change" value ="20.000000" />
  <attribute name="Current GC Util Change" value="2.000000"/>
  <attribute name="GC Util currently" value="2" />
  <attribute name="CPU Util currently" value="18" />
<allocation-satisfied id="120" threadId="00000000017D9700" bytesRequested="22872" />
<af-end id="121" timestamp="2019-06-16T17:32:46.748" threadId="00000000017DA088" success="true" from="nursery"/>
<exclusive-end id="122" timestamp="2019-06-16T17:32:46.748" durationms="1.078" />

<exclusive-start id="123" timestamp="2019-06-16T17:32:46.792" intervalms="45.833">
  <response-info timems="0.047" idlems="0.047" threads="0" lastid="00000000017D9700" lastname="main" />
</exclusive-start>
<af-start id="124" threadId="00000000017DA088" totalBytesRequested="7176" timestamp="2019-06-16T17:32:46.792" intervalms="45.836" type="nursery" />
<cycle-start id="125" type="scavenge" contextid="0" timestamp="2019-06-16T17:32:46.792" intervalms="45.831" />
<gc-start id="126" type="scavenge" contextid="125" timestamp="2019-06-16T17:32:46.793">
  <mem-info id="127" free="4765584" total="8519680" percent="55">
    <mem type="nursery" free="0" total="2228224" percent="0">
      <mem type="allocate" free="0" total="1572864" percent="0" />
      <mem type="survivor" free="0" total="655360" percent="0" />
    </mem>
    <mem type="tenure" free="4765584" total="6291456" percent="75">
      <mem type="soa" free="4451216" total="5977088" percent="74" />
      <mem type="loa" free="314368" total="314368" percent="100" />
    </mem>
    <remembered-set count="1035" />
  </mem-info>
</gc-start>
<allocation-stats totalBytes="1432352" >
  <allocated-bytes non-tlh="121184" tlh="1311168" />
  <largest-consumer threadName="main" threadId="00000000017D9700" bytes="1428256" />
</allocation-stats>
<gc-op id="128" type="scavenge" timems="0.470" contextid="125" timestamp="2019-06-16T17:32:46.793">
  <scavenger-info tenureage="3" tenuremask="ffe8" tiltratio="70" />
  <memory-copied type="nursery" objects="1485" bytes="154048" bytesdiscarded="31960" />
  <memory-copied type="tenure" objects="205" bytes="6264" bytesdiscarded="0" />
  <finalization candidates="1" enqueued="0" />
  <references type="soft" candidates="1" cleared="0" enqueued="0" dynamicThreshold="32" maxThreshold="32" />
  <references type="weak" candidates="14" cleared="12" enqueued="12" />
  <references type="phantom" candidates="4" cleared="0" enqueued="0" />
</gc-op>
<gc-end id="129" type="scavenge" contextid="125" durationms="0.672" usertimems="0.000" systemtimems="0.000" timestamp="2019-06-16T17:32:46.793" activeThreads="4">
  <mem-info id="130" free="6217856" total="8519680" percent="72">
    <mem type="nursery" free="1452272" total="2228224" percent="65">
      <mem type="allocate" free="1452272" total="1638400" percent="88" />
      <mem type="survivor" free="0" total="589824" percent="0" />
    </mem>
    <mem type="tenure" free="4765584" total="6291456" percent="75">
      <mem type="soa" free="4451216" total="5977088" percent="74" />
      <mem type="loa" free="314368" total="314368" percent="100" />
    </mem>
    <pending-finalizers system="0" default="0" reference="12" classloader="0" />
    <remembered-set count="774" />
  </mem-info>
</gc-end>
<cycle-end id="131" type="scavenge" contextid="125" timestamp="2019-06-16T17:32:46.793" />
  <attribute name="elasticGC enabled" value="1" />
  <attribute name= "numThreadsSpecified" value="4" />
  <attribute name="heapSize specified" value="0" />
  <attribute name="Current GC Util" value="1" />
  <attribute name= "Current Time Running" value="530" />
  <attribute name ="GC Interval" value="200" />
  <attribute name="ProportionalT" value="-19.000000" />
  <attribute name="ProportionalI" value="-19.000000" />
  <attribute name="ProportionalH" value="-19.000000" />
  <attribute name="Current Error" value="-19.000000" />
  <attribute name="IntegralT" value="-855.000000" />
  <attribute name="IntegralI" value="-855.000000" />
  <attribute name="IntegralH" value="-855.000000" />
  <attribute name="DerivativeT" value="-0.211111" />
  <attribute name="DerivativeI" value="-0.211111" />
  <attribute name="DerivativeH" value="-0.211111" />
  <attribute name="Loop Time for DT" value="45.000000" />
  <attribute name="Output H" value="2092630016"/>
  <attribute name="Output I" value="200"/>
  <attribute name="Output T" value="4"/>
  <attribute name="Target GC Util Change" value ="20.000000" />
  <attribute name="Current GC Util Change" value="1.000000"/>
  <attribute name="GC Util currently" value="1" />
  <attribute name="CPU Util currently" value="7" />
<allocation-satisfied id="132" threadId="00000000017D9700" bytesRequested="7176" />
<af-end id="133" timestamp="2019-06-16T17:32:46.793" threadId="00000000017DA088" success="true" from="nursery"/>
<exclusive-end id="134" timestamp="2019-06-16T17:32:46.794" durationms="1.167" />

<exclusive-start id="135" timestamp="2019-06-16T17:32:46.831" intervalms="38.692">
  <response-info timems="0.029" idlems="0.029" threads="0" lastid="00000000017D9700" lastname="main" />
</exclusive-start>
<af-start id="136" threadId="00000000017DA088" totalBytesRequested="1896" timestamp="2019-06-16T17:32:46.831" intervalms="38.692" type="nursery" />
<cycle-start id="137" type="scavenge" contextid="0" timestamp="2019-06-16T17:32:46.831" intervalms="38.695" />
<gc-start id="138" type="scavenge" contextid="137" timestamp="2019-06-16T17:32:46.831">
  <mem-info id="139" free="4743680" total="8519680" percent="55">
    <mem type="nursery" free="0" total="2228224" percent="0">
      <mem type="allocate" free="0" total="1638400" percent="0" />
      <mem type="survivor" free="0" total="589824" percent="0" />
    </mem>
    <mem type="tenure" free="4743680" total="6291456" percent="75">
      <mem type="soa" free="4429312" total="5977088" percent="74" />
      <mem type="loa" free="314368" total="314368" percent="100" />
    </mem>
    <remembered-set count="1040" />
  </mem-info>
</gc-start>
<allocation-stats totalBytes="1467568" >
  <allocated-bytes non-tlh="94624" tlh="1372944" />
  <largest-consumer threadName="main" threadId="00000000017D9700" bytes="1467568" />
</allocation-stats>
<gc-op id="140" type="scavenge" timems="0.576" contextid="137" timestamp="2019-06-16T17:32:46.832">
  <scavenger-info tenureage="3" tenuremask="ffa8" tiltratio="73" />
  <memory-copied type="nursery" objects="1486" bytes="203264" bytesdiscarded="45200" />
  <memory-copied type="tenure" objects="441" bytes="19224" bytesdiscarded="760" />
  <finalization candidates="2" enqueued="0" />
  <references type="soft" candidates="9" cleared="0" enqueued="0" dynamicThreshold="32" maxThreshold="32" />
  <references type="weak" candidates="10" cleared="9" enqueued="9" />
  <references type="phantom" candidates="3" cleared="0" enqueued="0" />
</gc-op>
<gc-end id="141" type="scavenge" contextid="137" durationms="0.783" usertimems="0.000" systemtimems="0.000" timestamp="2019-06-16T17:32:46.832" activeThreads="4">
  <mem-info id="142" free="6199024" total="8519680" percent="72">
    <mem type="nursery" free="1455344" total="2228224" percent="65">
      <mem type="allocate" free="1455344" total="1703936" percent="85" />
      <mem type="survivor" free="0" total="524288" percent="0" />
    </mem>
    <mem type="tenure" free="4743680" total="6291456" percent="75">
      <mem type="soa" free="4429312" total="5977088" percent="74" />
      <mem type="loa" free="314368" total="314368" percent="100" />
    </mem>
    <pending-finalizers system="0" default="0" reference="9" classloader="0" />
    <remembered-set count="831" />
  </mem-info>
</gc-end>
<cycle-end id="143" type="scavenge" contextid="137" timestamp="2019-06-16T17:32:46.832" />
  <attribute name="elasticGC enabled" value="1" />
  <attribute name= "numThreadsSpecified" value="4" />
  <attribute name="heapSize specified" value="0" />
  <attribute name="Current GC Util" value="2" />
  <attribute name= "Current Time Running" value="569" />
  <attribute name ="GC Interval" value="200" />
  <attribute name="ProportionalT" value="-18.000000" />
  <attribute name="ProportionalI" value="-18.000000" />
  <attribute name="ProportionalH" value="-18.000000" />
  <attribute name="Current Error" value="-18.000000" />
  <attribute name="IntegralT" value="-702.000000" />
  <attribute name="IntegralI" value="-702.000000" />
  <attribute name="IntegralH" value="-702.000000" />
  <attribute name="DerivativeT" value="-0.230769" />
  <attribute name="DerivativeI" value="-0.230769" />
  <attribute name="DerivativeH" value="-0.230769" />
  <attribute name="Loop Time for DT" value="39.000000" />
  <attribute name="Output H" value="2092630016"/>
  <attribute name="Output I" value="200"/>
  <attribute name="Output T" value="4"/>
  <attribute name="Target GC Util Change" value ="20.000000" />
  <attribute name="Current GC Util Change" value="2.000000"/>
  <attribute name="GC Util currently" value="2" />
  <attribute name="CPU Util currently" value="8" />
<allocation-satisfied id="144" threadId="00000000017D9700" bytesRequested="1896" />
<af-end id="145" timestamp="2019-06-16T17:32:46.832" threadId="00000000017DA088" success="true" from="nursery"/>
<exclusive-end id="146" timestamp="2019-06-16T17:32:46.832" durationms="1.280" />

<exclusive-start id="147" timestamp="2019-06-16T17:32:46.892" intervalms="60.878">
  <response-info timems="0.083" idlems="0.083" threads="0" lastid="00000000017D9700" lastname="main" />
</exclusive-start>
<af-start id="148" threadId="00000000017DA088" totalBytesRequested="2008" timestamp="2019-06-16T17:32:46.892" intervalms="60.925" type="nursery" />
<cycle-start id="149" type="scavenge" contextid="0" timestamp="2019-06-16T17:32:46.892" intervalms="60.965" />
<gc-start id="150" type="scavenge" contextid="149" timestamp="2019-06-16T17:32:46.892">
  <mem-info id="151" free="4732720" total="8519680" percent="55">
    <mem type="nursery" free="0" total="2228224" percent="0">
      <mem type="allocate" free="0" total="1703936" percent="0" />
      <mem type="survivor" free="0" total="524288" percent="0" />
    </mem>
    <mem type="tenure" free="4732720" total="6291456" percent="75">
      <mem type="soa" free="4418352" total="5977088" percent="73" />
      <mem type="loa" free="314368" total="314368" percent="100" />
    </mem>
    <remembered-set count="1051" />
  </mem-info>
</gc-start>
<allocation-stats totalBytes="1464152" >
  <allocated-bytes non-tlh="12856" tlh="1451296" />
  <largest-consumer threadName="main" threadId="00000000017D9700" bytes="1464152" />
</allocation-stats>
<gc-op id="152" type="scavenge" timems="0.783" contextid="149" timestamp="2019-06-16T17:32:46.893">
  <scavenger-info tenureage="3" tenuremask="ffe8" tiltratio="76" />
  <memory-copied type="nursery" objects="4454" bytes="350152" bytesdiscarded="15680" />
  <memory-copied type="tenure" objects="511" bytes="16032" bytesdiscarded="0" />
  <finalization candidates="1" enqueued="0" />
  <references type="soft" candidates="45" cleared="0" enqueued="0" dynamicThreshold="32" maxThreshold="32" />
  <references type="weak" candidates="2" cleared="1" enqueued="1" />
  <references type="phantom" candidates="2" cleared="0" enqueued="0" />
</gc-op>
<gc-end id="153" type="scavenge" contextid="149" durationms="1.088" usertimems="0.000" systemtimems="4.000" timestamp="2019-06-16T17:32:46.893" activeThreads="4">
  <mem-info id="154" free="5965856" total="8519680" percent="70">
    <mem type="nursery" free="1272304" total="2228224" percent="57">
      <mem type="allocate" free="1272304" total="1638400" percent="77" />
      <mem type="survivor" free="0" total="589824" percent="0" />
    </mem>
    <mem type="tenure" free="4693552" total="6291456" percent="74">
      <mem type="soa" free="4379184" total="5977088" percent="73" />
      <mem type="loa" free="314368" total="314368" percent="100" />
    </mem>
    <pending-finalizers system="0" default="0" reference="1" classloader="0" />
    <remembered-set count="658" />
  </mem-info>
</gc-end>
<cycle-end id="155" type="scavenge" contextid="149" timestamp="2019-06-16T17:32:46.893" />
  <attribute name="elasticGC enabled" value="1" />
  <attribute name= "numThreadsSpecified" value="4" />
  <attribute name="heapSize specified" value="0" />
  <attribute name="Current GC Util" value="1" />
  <attribute name= "Current Time Running" value="630" />
  <attribute name ="GC Interval" value="200" />
  <attribute name="ProportionalT" value="-19.000000" />
  <attribute name="ProportionalI" value="-19.000000" />
  <attribute name="ProportionalH" value="-19.000000" />
  <attribute name="Current Error" value="-19.000000" />
  <attribute name="IntegralT" value="-1159.000000" />
  <attribute name="IntegralI" value="-1159.000000" />
  <attribute name="IntegralH" value="-1159.000000" />
  <attribute name="DerivativeT" value="-0.155738" />
  <attribute name="DerivativeI" value="-0.155738" />
  <attribute name="DerivativeH" value="-0.155738" />
  <attribute name="Loop Time for DT" value="61.000000" />
  <attribute name="Output H" value="2092630016"/>
  <attribute name="Output I" value="200"/>
  <attribute name="Output T" value="4"/>
  <attribute name="Target GC Util Change" value ="20.000000" />
  <attribute name="Current GC Util Change" value="1.000000"/>
  <attribute name="GC Util currently" value="1" />
  <attribute name="CPU Util currently" value="37" />
<allocation-satisfied id="156" threadId="00000000017D9700" bytesRequested="2008" />
<af-end id="157" timestamp="2019-06-16T17:32:46.894" threadId="00000000017DA088" success="true" from="nursery"/>
<exclusive-end id="158" timestamp="2019-06-16T17:32:46.894" durationms="1.704" />

<exclusive-start id="159" timestamp="2019-06-16T17:32:46.939" intervalms="47.327">
  <response-info timems="0.086" idlems="0.086" threads="0" lastid="00000000017D9700" lastname="main" />
</exclusive-start>
<af-start id="160" threadId="00000000017DA088" totalBytesRequested="10032" timestamp="2019-06-16T17:32:46.939" intervalms="47.361" type="nursery" />
<cycle-start id="161" type="scavenge" contextid="0" timestamp="2019-06-16T17:32:46.940" intervalms="47.387" />
<gc-start id="162" type="scavenge" contextid="161" timestamp="2019-06-16T17:32:46.940">
  <mem-info id="163" free="4690936" total="8519680" percent="55">
    <mem type="nursery" free="0" total="2228224" percent="0">
      <mem type="allocate" free="0" total="1638400" percent="0" />
      <mem type="survivor" free="0" total="589824" percent="0" />
    </mem>
    <mem type="tenure" free="4690936" total="6291456" percent="74">
      <mem type="soa" free="4376568" total="5977088" percent="73" />
      <mem type="loa" free="314368" total="314368" percent="100" />
    </mem>
    <remembered-set count="704" />
  </mem-info>
</gc-start>
<allocation-stats totalBytes="1266504" >
  <allocated-bytes non-tlh="4624" tlh="1261880" />
  <largest-consumer threadName="main" threadId="00000000017D9700" bytes="1266504" />
</allocation-stats>
<gc-op id="164" type="scavenge" timems="0.936" contextid="161" timestamp="2019-06-16T17:32:46.941">
  <scavenger-info tenureage="3" tenuremask="ffe8" tiltratio="73" />
  <memory-copied type="nursery" objects="7370" bytes="398808" bytesdiscarded="97320" />
  <memory-copied type="tenure" objects="441" bytes="101728" bytesdiscarded="0" />
  <finalization candidates="1" enqueued="0" />
  <references type="soft" candidates="56" cleared="0" enqueued="0" dynamicThreshold="32" maxThreshold="32" />
  <references type="weak" candidates="2" cleared="1" enqueued="1" />
  <references type="phantom" candidates="1" cleared="0" enqueued="0" />
</gc-op>
<gc-end id="165" type="scavenge" contextid="161" durationms="1.328" usertimems="0.000" systemtimems="0.000" timestamp="2019-06-16T17:32:46.941" activeThreads="4">
  <mem-info id="166" free="5832936" total="8519680" percent="68">
    <mem type="nursery" free="1207544" total="2228224" percent="54">
      <mem type="allocate" free="1207544" total="1703936" percent="70" />
      <mem type="survivor" free="0" total="524288" percent="0" />
    </mem>
    <mem type="tenure" free="4625392" total="6291456" percent="73">
      <mem type="soa" free="4311024" total="5977088" percent="72" />
      <mem type="loa" free="314368" total="314368" percent="100" />
    </mem>
    <pending-finalizers system="0" default="0" reference="1" classloader="0" />
    <remembered-set count="425" />
  </mem-info>
</gc-end>
<cycle-end id="167" type="scavenge" contextid="161" timestamp="2019-06-16T17:32:46.941" />
  <attribute name="elasticGC enabled" value="1" />
  <attribute name= "numThreadsSpecified" value="4" />
  <attribute name="heapSize specified" value="0" />
  <attribute name="Current GC Util" value="2" />
  <attribute name= "Current Time Running" value="678" />
  <attribute name ="GC Interval" value="200" />
  <attribute name="ProportionalT" value="-18.000000" />
  <attribute name="ProportionalI" value="-18.000000" />
  <attribute name="ProportionalH" value="-18.000000" />
  <attribute name="Current Error" value="-18.000000" />
  <attribute name="IntegralT" value="-864.000000" />
  <attribute name="IntegralI" value="-864.000000" />
  <attribute name="IntegralH" value="-864.000000" />
  <attribute name="DerivativeT" value="-0.187500" />
  <attribute name="DerivativeI" value="-0.187500" />
  <attribute name="DerivativeH" value="-0.187500" />
  <attribute name="Loop Time for DT" value="48.000000" />
  <attribute name="Output H" value="2092630016"/>
  <attribute name="Output I" value="200"/>
  <attribute name="Output T" value="4"/>
  <attribute name="Target GC Util Change" value ="20.000000" />
  <attribute name="Current GC Util Change" value="2.000000"/>
  <attribute name="GC Util currently" value="2" />
  <attribute name="CPU Util currently" value="26" />
<allocation-satisfied id="168" threadId="00000000017D9700" bytesRequested="10032" />
<af-end id="169" timestamp="2019-06-16T17:32:46.941" threadId="00000000017DA088" success="true" from="nursery"/>
<exclusive-end id="170" timestamp="2019-06-16T17:32:46.941" durationms="2.083" />

<exclusive-start id="171" timestamp="2019-06-16T17:32:46.957" intervalms="17.600">
  <response-info timems="0.085" idlems="0.085" threads="0" lastid="00000000017D9700" lastname="main" />
</exclusive-start>
<sys-start reason="explicit" id="172" timestamp="2019-06-16T17:32:46.957" intervalms="809.716" />
<cycle-start id="173" type="global" contextid="0" timestamp="2019-06-16T17:32:46.957" intervalms="810.014" />
<gc-start id="174" type="global" contextid="173" timestamp="2019-06-16T17:32:46.957">
  <mem-info id="175" free="5430336" total="8519680" percent="63">
    <mem type="nursery" free="808392" total="2228224" percent="36">
      <mem type="allocate" free="808392" total="1703936" percent="47" />
      <mem type="survivor" free="0" total="524288" percent="0" />
    </mem>
    <mem type="tenure" free="4621944" total="6291456" percent="73">
      <mem type="soa" free="4307576" total="5977088" percent="72" />
      <mem type="loa" free="314368" total="314368" percent="100" />
    </mem>
    <remembered-set count="500" />
  </mem-info>
</gc-start>
<allocation-stats totalBytes="402096" >
  <allocated-bytes non-tlh="13480" tlh="388616" />
  <largest-consumer threadName="main" threadId="00000000017D9700" bytes="397952" />
</allocation-stats>
<gc-op id="176" type="mark" timems="1.590" contextid="173" timestamp="2019-06-16T17:32:46.959">
  <trace-info objectcount="29357" scancount="23753" scanbytes="867712" />
  <finalization candidates="15" enqueued="0" />
  <references type="soft" candidates="133" cleared="0" enqueued="0" dynamicThreshold="32" maxThreshold="32" />
  <references type="weak" candidates="161" cleared="29" enqueued="21" />
  <references type="phantom" candidates="58" cleared="2" enqueued="2" />
  <stringconstants candidates="3535" cleared="22"  />
</gc-op>
<gc-op id="177" type="classunload" timems="0.049" contextid="173" timestamp="2019-06-16T17:32:46.959">
  <classunload-info classloadercandidates="19" classloadersunloaded="0" classesunloaded="0" anonymousclassesunloaded="0" quiescems="0.000" setupms="0.049" scanms="0.000" postms="0.000" />
</gc-op>
<gc-op id="178" type="sweep" timems="0.439" contextid="173" timestamp="2019-06-16T17:32:46.960" />
<mem-info id="179" free="6007368" total="8519680" percent="70">
  <mem type="nursery" free="1264264" total="2228224" percent="56">
    <mem type="allocate" free="1264264" total="1703936" percent="74" />
    <mem type="survivor" free="0" total="524288" percent="0" />
  </mem>
  <mem type="tenure" free="4743104" total="6291456" percent="75" micro-fragmented="5159" macro-fragmented="0">
    <mem type="soa" free="4428736" total="5977088" percent="74" />
    <mem type="loa" free="314368" total="314368" percent="100" />
  </mem>
  <pending-finalizers system="0" default="0" reference="23" classloader="0" />
  <remembered-set count="404" />
</mem-info>
<gc-op id="180" type="compact" timems="4.466" contextid="173" timestamp="2019-06-16T17:32:46.964">
  <compact-info movecount="25397" movebytes="1777536" reason="compact to aid heap contraction" />
</gc-op>
<heap-resize id="181" type="contract" space="tenure" amount="131072" count="1" timems="0.144" reason="heap reconfiguration" timestamp="2019-06-16T17:32:46.965" />
<gc-end id="182" type="global" contextid="173" durationms="7.720" usertimems="4.000" systemtimems="8.000" timestamp="2019-06-16T17:32:46.965" activeThreads="4">
  <mem-info id="183" free="5913392" total="8388608" percent="70">
    <mem type="nursery" free="1291096" total="2228224" percent="57">
      <mem type="allocate" free="1291096" total="1703936" percent="75" />
      <mem type="survivor" free="0" total="524288" percent="0" />
    </mem>
    <mem type="tenure" free="4622296" total="6160384" percent="75">
      <mem type="soa" free="4315096" total="5853184" percent="73" />
      <mem type="loa" free="307200" total="307200" percent="100" />
    </mem>
    <pending-finalizers system="0" default="0" reference="23" classloader="0" />
    <remembered-set count="404" />
  </mem-info>
</gc-end>
<cycle-end id="184" type="global" contextid="173" timestamp="2019-06-16T17:32:46.965" />
  <attribute name="elasticGC enabled" value="1" />
  <attribute name= "numThreadsSpecified" value="4" />
  <attribute name="heapSize specified" value="8519680" />
  <attribute name="Current GC Util" value="77" />
  <attribute name= "Current Time Running" value="702" />
  <attribute name ="GC Interval" value="200" />
  <attribute name="ProportionalT" value="57.000000" />
  <attribute name="ProportionalI" value="57.000000" />
  <attribute name="ProportionalH" value="57.000000" />
  <attribute name="Current Error" value="57.000000" />
  <attribute name="IntegralT" value="228.000000" />
  <attribute name="IntegralI" value="228.000000" />
  <attribute name="IntegralH" value="228.000000" />
  <attribute name="DerivativeT" value="6.500000" />
  <attribute name="DerivativeI" value="6.500000" />
  <attribute name="DerivativeH" value="6.500000" />
  <attribute name="Loop Time for DT" value="4.000000" />
  <attribute name="Output H" value="8388608"/>
  <attribute name="Output I" value="296"/>
  <attribute name="Output T" value="4"/>
  <attribute name="Target GC Util Change" value ="20.000000" />
  <attribute name="Current GC Util Change" value="77.000000"/>
  <attribute name="GC Util currently" value="77" />
  <attribute name="CPU Util currently" value="1004545817772" />
<sys-end id="185" timestamp="2019-06-16T17:32:46.965" />
<exclusive-end id="186" timestamp="2019-06-16T17:32:46.965" durationms="8.434" />

<exclusive-start id="187" timestamp="2019-06-16T17:32:46.986" intervalms="28.953">
  <response-info timems="0.073" idlems="0.073" threads="0" lastid="0000000001B12100" lastname="Thread-5" />
</exclusive-start>
<af-start id="188" threadId="0000000001B12A88" totalBytesRequested="16392" timestamp="2019-06-16T17:32:46.986" intervalms="46.470" type="nursery" />
<cycle-start id="189" type="scavenge" contextid="0" timestamp="2019-06-16T17:32:46.986" intervalms="46.388" />
<gc-start id="190" type="scavenge" contextid="189" timestamp="2019-06-16T17:32:46.986">
  <mem-info id="191" free="4612560" total="8388608" percent="54">
    <mem type="nursery" free="0" total="2228224" percent="0">
      <mem type="allocate" free="0" total="1703936" percent="0" />
      <mem type="survivor" free="0" total="524288" percent="0" />
    </mem>
    <mem type="tenure" free="4612560" total="6160384" percent="74">
      <mem type="soa" free="4305360" total="5853184" percent="73" />
      <mem type="loa" free="307200" total="307200" percent="100" />
    </mem>
    <remembered-set count="541" />
  </mem-info>
</gc-start>
<allocation-stats totalBytes="1264992" >
  <allocated-bytes non-tlh="222224" tlh="1042768" />
  <largest-consumer threadName="Thread-3" threadId="0000000001B0A900" bytes="1022136" />
</allocation-stats>
<gc-op id="192" type="scavenge" timems="0.958" contextid="189" timestamp="2019-06-16T17:32:46.987">
  <scavenger-info tenureage="2" tenuremask="ffec" tiltratio="76" />
  <memory-copied type="nursery" objects="4655" bytes="317984" bytesdiscarded="37880" />
  <memory-copied type="tenure" objects="3683" bytes="235824" bytesdiscarded="184" />
  <finalization candidates="2" enqueued="0" />
  <references type="soft" candidates="18" cleared="0" enqueued="0" dynamicThreshold="24" maxThreshold="32" />
  <references type="weak" candidates="17" cleared="5" enqueued="5" />
  <references type="phantom" candidates="8" cleared="0" enqueued="0" />
</gc-op>
<gc-end id="193" type="scavenge" contextid="189" durationms="1.131" usertimems="0.000" systemtimems="0.000" timestamp="2019-06-16T17:32:46.987" activeThreads="4">
  <mem-info id="194" free="5659808" total="8388608" percent="67">
    <mem type="nursery" free="1347800" total="2228224" percent="60">
      <mem type="allocate" free="1347800" total="1703936" percent="79" />
      <mem type="survivor" free="0" total="524288" percent="0" />
    </mem>
    <mem type="tenure" free="4312008" total="6160384" percent="69">
      <mem type="soa" free="4004808" total="5853184" percent="68" />
      <mem type="loa" free="307200" total="307200" percent="100" />
    </mem>
    <pending-finalizers system="0" default="0" reference="5" classloader="0" />
    <remembered-set count="921" />
  </mem-info>
</gc-end>
<cycle-end id="195" type="scavenge" contextid="189" timestamp="2019-06-16T17:32:46.987" />
  <attribute name="elasticGC enabled" value="1" />
  <attribute name= "numThreadsSpecified" value="4" />
  <attribute name="heapSize specified" value="8519680" />
  <attribute name="Current GC Util" value="27" />
  <attribute name= "Current Time Running" value="724" />
  <attribute name ="GC Interval" value="200" />
  <attribute name="ProportionalT" value="7.000000" />
  <attribute name="ProportionalI" value="7.000000" />
  <attribute name="ProportionalH" value="7.000000" />
  <attribute name="Current Error" value="7.000000" />
  <attribute name="IntegralT" value="154.000000" />
  <attribute name="IntegralI" value="154.000000" />
  <attribute name="IntegralH" value="154.000000" />
  <attribute name="DerivativeT" value="-1.136364" />
  <attribute name="DerivativeI" value="-1.136364" />
  <attribute name="DerivativeH" value="-1.136364" />
  <attribute name="Loop Time for DT" value="22.000000" />
  <attribute name="Output H" value="8388608"/>
  <attribute name="Output I" value="200"/>
  <attribute name="Output T" value="4"/>
  <attribute name="Target GC Util Change" value ="20.000000" />
  <attribute name="Current GC Util Change" value="27.000000"/>
  <attribute name="GC Util currently" value="27" />
  <attribute name="CPU Util currently" value="8" />
<allocation-satisfied id="196" threadId="0000000001B12100" bytesRequested="16392" />
<af-end id="197" timestamp="2019-06-16T17:32:46.987" threadId="0000000001B12A88" success="true" from="nursery"/>
<exclusive-end id="198" timestamp="2019-06-16T17:32:46.987" durationms="1.580" />

<exclusive-start id="199" timestamp="2019-06-16T17:32:47.034" intervalms="48.408">
  <response-info timems="0.192" idlems="0.179" threads="1" lastid="0000000001B15D00" lastname="Thread-6" />
</exclusive-start>
<af-start id="200" threadId="0000000001B0EE88" totalBytesRequested="32" timestamp="2019-06-16T17:32:47.034" intervalms="48.436" type="nursery" />
<cycle-start id="201" type="scavenge" contextid="0" timestamp="2019-06-16T17:32:47.034" intervalms="48.481" />
<gc-start id="202" type="scavenge" contextid="201" timestamp="2019-06-16T17:32:47.035">
  <mem-info id="203" free="4291496" total="8388608" percent="51">
    <mem type="nursery" free="0" total="2228224" percent="0">
      <mem type="allocate" free="0" total="1703936" percent="0" />
      <mem type="survivor" free="0" total="524288" percent="0" />
    </mem>
    <mem type="tenure" free="4291496" total="6160384" percent="69">
      <mem type="soa" free="3984296" total="5853184" percent="68" />
      <mem type="loa" free="307200" total="307200" percent="100" />
    </mem>
    <remembered-set count="1279" />
  </mem-info>
</gc-start>
<allocation-stats totalBytes="1365320" >
  <allocated-bytes non-tlh="348320" tlh="1017000" />
  <largest-consumer threadName="Thread-6" threadId="0000000001B15D00" bytes="721112" />
</allocation-stats>
<gc-op id="204" type="scavenge" timems="1.023" contextid="201" timestamp="2019-06-16T17:32:47.036">
  <scavenger-info tenureage="5" tenuremask="ffe0" tiltratio="76" />
  <memory-copied type="nursery" objects="1624" bytes="515920" bytesdiscarded="8000" />
  <memory-copied type="tenure" objects="4611" bytes="447232" bytesdiscarded="1472" />
  <copy-failed type="nursery" objects="4611" bytes="447240" />
  <finalization candidates="11" enqueued="1" />
  <references type="soft" candidates="15" cleared="0" enqueued="0" dynamicThreshold="24" maxThreshold="32" />
  <references type="weak" candidates="69" cleared="9" enqueued="8" />
  <references type="phantom" candidates="12" cleared="0" enqueued="0" />
</gc-op>
<gc-end id="205" type="scavenge" contextid="201" durationms="1.417" usertimems="0.000" systemtimems="0.000" timestamp="2019-06-16T17:32:47.036" activeThreads="4">
  <mem-info id="206" free="4455808" total="8388608" percent="53">
    <mem type="nursery" free="589824" total="2228224" percent="26">
      <mem type="allocate" free="589824" total="1114112" percent="52" />
      <mem type="survivor" free="0" total="1114112" percent="0" />
    </mem>
    <mem type="tenure" free="3865984" total="6160384" percent="62">
      <mem type="soa" free="3558784" total="5853184" percent="60" />
      <mem type="loa" free="307200" total="307200" percent="100" />
    </mem>
    <pending-finalizers system="1" default="0" reference="8" classloader="0" />
    <remembered-set count="2250" />
  </mem-info>
</gc-end>
<cycle-end id="207" type="scavenge" contextid="201" timestamp="2019-06-16T17:32:47.036" />
  <attribute name="elasticGC enabled" value="1" />
  <attribute name= "numThreadsSpecified" value="4" />
  <attribute name="heapSize specified" value="8519680" />
  <attribute name="Current GC Util" value="2" />
  <attribute name= "Current Time Running" value="772" />
  <attribute name ="GC Interval" value="200" />
  <attribute name="ProportionalT" value="-18.000000" />
  <attribute name="ProportionalI" value="-18.000000" />
  <attribute name="ProportionalH" value="-18.000000" />
  <attribute name="Current Error" value="-18.000000" />
  <attribute name="IntegralT" value="-864.000000" />
  <attribute name="IntegralI" value="-864.000000" />
  <attribute name="IntegralH" value="-864.000000" />
  <attribute name="DerivativeT" value="-0.260417" />
  <attribute name="DerivativeI" value="-0.260417" />
  <attribute name="DerivativeH" value="-0.260417" />
  <attribute name="Loop Time for DT" value="48.000000" />
  <attribute name="Output H" value="2092630016"/>
  <attribute name="Output I" value="200"/>
  <attribute name="Output T" value="4"/>
  <attribute name="Target GC Util Change" value ="20.000000" />
  <attribute name="Current GC Util Change" value="2.000000"/>
  <attribute name="GC Util currently" value="2" />
  <attribute name="CPU Util currently" value="3" />
<allocation-satisfied id="208" threadId="0000000001B0E500" bytesRequested="32" />
<af-end id="209" timestamp="2019-06-16T17:32:47.036" threadId="0000000001B0EE88" success="true" from="nursery"/>
<exclusive-end id="210" timestamp="2019-06-16T17:32:47.036" durationms="2.144" />

<exclusive-start id="211" timestamp="2019-06-16T17:32:47.044" intervalms="10.190">
  <response-info timems="0.069" idlems="0.037" threads="1" lastid="00000000017E0F00" lastname="JIT Compilation Thread-1" />
</exclusive-start>
<af-start id="212" threadId="0000000001B0B288" totalBytesRequested="8200" timestamp="2019-06-16T17:32:47.044" intervalms="10.177" type="nursery" />
<cycle-start id="213" type="scavenge" contextid="0" timestamp="2019-06-16T17:32:47.045" intervalms="10.175" />
<gc-start id="214" type="scavenge" contextid="213" timestamp="2019-06-16T17:32:47.045">
  <mem-info id="215" free="3865112" total="8388608" percent="46">
    <mem type="nursery" free="0" total="2228224" percent="0">
      <mem type="allocate" free="0" total="1114112" percent="0" />
      <mem type="survivor" free="0" total="1114112" percent="0" />
    </mem>
    <mem type="tenure" free="3865112" total="6160384" percent="62">
      <mem type="soa" free="3557912" total="5853184" percent="60" />
      <mem type="loa" free="307200" total="307200" percent="100" />
    </mem>
    <remembered-set count="2269" />
  </mem-info>
</gc-start>
<allocation-stats totalBytes="584600" >
  <allocated-bytes non-tlh="904" tlh="583696" />
  <largest-consumer threadName="Thread-4" threadId="0000000001B0E500" bytes="200816" />
</allocation-stats>
<gc-op id="216" type="scavenge" timems="2.340" contextid="213" timestamp="2019-06-16T17:32:47.047">
  <scavenger-info tenureage="2" tenuremask="fffc" tiltratio="50" />
  <memory-copied type="nursery" objects="4329" bytes="474928" bytesdiscarded="114368" />
  <memory-copied type="tenure" objects="976" bytes="136928" bytesdiscarded="880" />
  <finalization candidates="10" enqueued="0" />
  <references type="soft" candidates="6" cleared="0" enqueued="0" dynamicThreshold="24" maxThreshold="32" />
  <references type="weak" candidates="60" cleared="7" enqueued="7" />
  <references type="phantom" candidates="7" cleared="0" enqueued="0" />
</gc-op>
<heap-resize id="217" type="expand" space="nursery" amount="262144" count="1" timems="0.016" reason="excessive time being spent scavenging" timestamp="2019-06-16T17:32:47.047" />
<gc-end id="218" type="scavenge" contextid="213" durationms="2.810" usertimems="0.000" systemtimems="4.000" timestamp="2019-06-16T17:32:47.048" activeThreads="4">
  <mem-info id="219" free="4161424" total="8650752" percent="48">
    <mem type="nursery" free="655760" total="2490368" percent="26">
      <mem type="allocate" free="655760" total="1245184" percent="52" />
      <mem type="survivor" free="0" total="1245184" percent="0" />
    </mem>
    <mem type="tenure" free="3505664" total="6160384" percent="56">
      <mem type="soa" free="3198464" total="5853184" percent="54" />
      <mem type="loa" free="307200" total="307200" percent="100" />
    </mem>
    <pending-finalizers system="0" default="0" reference="7" classloader="0" />
    <remembered-set count="813" />
  </mem-info>
</gc-end>
<cycle-end id="220" type="scavenge" contextid="213" timestamp="2019-06-16T17:32:47.048" />
  <attribute name="elasticGC enabled" value="1" />
  <attribute name= "numThreadsSpecified" value="4" />
  <attribute name="heapSize specified" value="8519680" />
  <attribute name="Current GC Util" value="16" />
  <attribute name= "Current Time Running" value="783" />
  <attribute name ="GC Interval" value="200" />
  <attribute name="ProportionalT" value="-4.000000" />
  <attribute name="ProportionalI" value="-4.000000" />
  <attribute name="ProportionalH" value="-4.000000" />
  <attribute name="Current Error" value="-4.000000" />
  <attribute name="IntegralT" value="-44.000000" />
  <attribute name="IntegralI" value="-44.000000" />
  <attribute name="IntegralH" value="-44.000000" />
  <attribute name="DerivativeT" value="-0.181818" />
  <attribute name="DerivativeI" value="-0.181818" />
  <attribute name="DerivativeH" value="-0.181818" />
  <attribute name="Loop Time for DT" value="11.000000" />
  <attribute name="Output H" value="2092630016"/>
  <attribute name="Output I" value="200"/>
  <attribute name="Output T" value="4"/>
  <attribute name="Target GC Util Change" value ="20.000000" />
  <attribute name="Current GC Util Change" value="16.000000"/>
  <attribute name="GC Util currently" value="16" />
  <attribute name="CPU Util currently" value="458222688116" />
<allocation-satisfied id="221" threadId="0000000001B0A900" bytesRequested="8200" />
<af-end id="222" timestamp="2019-06-16T17:32:47.048" threadId="0000000001B0B288" success="true" from="nursery"/>
<exclusive-end id="223" timestamp="2019-06-16T17:32:47.048" durationms="3.498" />

<exclusive-start id="224" timestamp="2019-06-16T17:32:47.060" intervalms="15.133">
  <response-info timems="0.072" idlems="0.072" threads="0" lastid="0000000001B0A900" lastname="Thread-3" />
</exclusive-start>
<af-start id="225" threadId="0000000001B0B288" totalBytesRequested="48" timestamp="2019-06-16T17:32:47.060" intervalms="15.144" type="nursery" />
<cycle-start id="226" type="scavenge" contextid="0" timestamp="2019-06-16T17:32:47.060" intervalms="15.143" />
<gc-start id="227" type="scavenge" contextid="226" timestamp="2019-06-16T17:32:47.060">
  <mem-info id="228" free="3502664" total="8650752" percent="40">
    <mem type="nursery" free="0" total="2490368" percent="0">
      <mem type="allocate" free="0" total="1245184" percent="0" />
      <mem type="survivor" free="0" total="1245184" percent="0" />
    </mem>
    <mem type="tenure" free="3502664" total="6160384" percent="56">
      <mem type="soa" free="3195464" total="5853184" percent="54" />
      <mem type="loa" free="307200" total="307200" percent="100" />
    </mem>
    <remembered-set count="864" />
  </mem-info>
</gc-start>
<allocation-stats totalBytes="639608" >
  <allocated-bytes non-tlh="11200" tlh="628408" />
  <largest-consumer threadName="Thread-4" threadId="0000000001B0E500" bytes="327944" />
</allocation-stats>
<gc-op id="229" type="scavenge" timems="5.126" contextid="226" timestamp="2019-06-16T17:32:47.065">
  <scavenger-info tenureage="2" tenuremask="ffe4" tiltratio="50" />
  <memory-copied type="nursery" objects="4903" bytes="190736" bytesdiscarded="77056" />
  <memory-copied type="tenure" objects="518" bytes="347592" bytesdiscarded="200" />
  <finalization candidates="9" enqueued="0" />
  <references type="soft" candidates="5" cleared="0" enqueued="0" dynamicThreshold="24" maxThreshold="32" />
  <references type="weak" candidates="8" cleared="1" enqueued="1" />
  <references type="phantom" candidates="2" cleared="0" enqueued="0" />
</gc-op>
<heap-resize id="230" type="expand" space="nursery" amount="393216" count="1" timems="0.014" reason="excessive time being spent scavenging" timestamp="2019-06-16T17:32:47.065" />
<gc-end id="231" type="scavenge" contextid="226" durationms="5.563" usertimems="8.000" systemtimems="0.000" timestamp="2019-06-16T17:32:47.065" activeThreads="4">
  <mem-info id="232" free="4305088" total="9043968" percent="47">
    <mem type="nursery" free="1173984" total="2883584" percent="40">
      <mem type="allocate" free="1173984" total="1441792" percent="81" />
      <mem type="survivor" free="0" total="1441792" percent="0" />
    </mem>
    <mem type="tenure" free="3131104" total="6160384" percent="50">
      <mem type="soa" free="2823904" total="5853184" percent="48" />
      <mem type="loa" free="307200" total="307200" percent="100" />
    </mem>
    <pending-finalizers system="0" default="0" reference="1" classloader="0" />
    <remembered-set count="170" />
  </mem-info>
</gc-end>
<cycle-end id="233" type="scavenge" contextid="226" timestamp="2019-06-16T17:32:47.065" />
  <attribute name="elasticGC enabled" value="1" />
  <attribute name= "numThreadsSpecified" value="4" />
  <attribute name="heapSize specified" value="8519680" />
  <attribute name="Current GC Util" value="23" />
  <attribute name= "Current Time Running" value="798" />
  <attribute name ="GC Interval" value="200" />
  <attribute name="ProportionalT" value="3.000000" />
  <attribute name="ProportionalI" value="3.000000" />
  <attribute name="ProportionalH" value="3.000000" />
  <attribute name="Current Error" value="3.000000" />
  <attribute name="IntegralT" value="45.000000" />
  <attribute name="IntegralI" value="45.000000" />
  <attribute name="IntegralH" value="45.000000" />
  <attribute name="DerivativeT" value="0.100000" />
  <attribute name="DerivativeI" value="0.100000" />
  <attribute name="DerivativeH" value="0.100000" />
  <attribute name="Loop Time for DT" value="15.000000" />
  <attribute name="Output H" value="8388608"/>
  <attribute name="Output I" value="200"/>
  <attribute name="Output T" value="4"/>
  <attribute name="Target GC Util Change" value ="20.000000" />
  <attribute name="Current GC Util Change" value="23.000000"/>
  <attribute name="GC Util currently" value="23" />
  <attribute name="CPU Util currently" value="306589532162" />
<allocation-satisfied id="234" threadId="0000000001B0A900" bytesRequested="48" />
<af-end id="235" timestamp="2019-06-16T17:32:47.066" threadId="0000000001B0B288" success="true" from="nursery"/>
<exclusive-end id="236" timestamp="2019-06-16T17:32:47.066" durationms="6.185" />

<exclusive-start id="237" timestamp="2019-06-16T17:32:47.099" intervalms="39.598">
  <response-info timems="0.053" idlems="0.031" threads="1" lastid="0000000001B12100" lastname="Thread-5" />
</exclusive-start>
<af-start id="238" threadId="0000000001B0EE88" totalBytesRequested="5296" timestamp="2019-06-16T17:32:47.099" intervalms="39.572" type="nursery" />
<cycle-start id="239" type="scavenge" contextid="0" timestamp="2019-06-16T17:32:47.099" intervalms="39.544" />
<gc-start id="240" type="scavenge" contextid="239" timestamp="2019-06-16T17:32:47.099">
  <mem-info id="241" free="3114168" total="9043968" percent="34">
    <mem type="nursery" free="0" total="2883584" percent="0">
      <mem type="allocate" free="0" total="1441792" percent="0" />
      <mem type="survivor" free="0" total="1441792" percent="0" />
    </mem>
    <mem type="tenure" free="3114168" total="6160384" percent="50">
      <mem type="soa" free="2806968" total="5853184" percent="47" />
      <mem type="loa" free="307200" total="307200" percent="100" />
    </mem>
    <remembered-set count="455" />
  </mem-info>
</gc-start>
<allocation-stats totalBytes="1181064" >
  <allocated-bytes non-tlh="37560" tlh="1143504" />
  <largest-consumer threadName="Thread-3" threadId="0000000001B0A900" bytes="639584" />
</allocation-stats>
<gc-op id="242" type="scavenge" timems="0.668" contextid="239" timestamp="2019-06-16T17:32:47.100">
  <scavenger-info tenureage="4" tenuremask="fff0" tiltratio="50" />
  <memory-copied type="nursery" objects="7136" bytes="484384" bytesdiscarded="158216" />
  <references type="soft" candidates="9" cleared="0" enqueued="0" dynamicThreshold="24" maxThreshold="32" />
  <references type="weak" candidates="41" cleared="11" enqueued="8" />
  <references type="phantom" candidates="2" cleared="0" enqueued="0" />
</gc-op>
<gc-end id="243" type="scavenge" contextid="239" durationms="0.900" usertimems="0.000" systemtimems="0.000" timestamp="2019-06-16T17:32:47.100" activeThreads="4">
  <mem-info id="244" free="4044336" total="9043968" percent="44">
    <mem type="nursery" free="930168" total="2883584" percent="32">
      <mem type="allocate" free="930168" total="1572864" percent="59" />
      <mem type="survivor" free="0" total="1310720" percent="0" />
    </mem>
    <mem type="tenure" free="3114168" total="6160384" percent="50">
      <mem type="soa" free="2806968" total="5853184" percent="47" />
      <mem type="loa" free="307200" total="307200" percent="100" />
    </mem>
    <pending-finalizers system="0" default="0" reference="8" classloader="0" />
    <remembered-set count="428" />
  </mem-info>
</gc-end>
<cycle-end id="245" type="scavenge" contextid="239" timestamp="2019-06-16T17:32:47.100" />
  <attribute name="elasticGC enabled" value="1" />
  <attribute name= "numThreadsSpecified" value="4" />
  <attribute name="heapSize specified" value="8519680" />
  <attribute name="Current GC Util" value="18" />
  <attribute name= "Current Time Running" value="837" />
  <attribute name ="GC Interval" value="200" />
  <attribute name="ProportionalT" value="-2.000000" />
  <attribute name="ProportionalI" value="-2.000000" />
  <attribute name="ProportionalH" value="-2.000000" />
  <attribute name="Current Error" value="-2.000000" />
  <attribute name="IntegralT" value="-78.000000" />
  <attribute name="IntegralI" value="-78.000000" />
  <attribute name="IntegralH" value="-78.000000" />
  <attribute name="DerivativeT" value="-0.064103" />
  <attribute name="DerivativeI" value="-0.064103" />
  <attribute name="DerivativeH" value="-0.064103" />
  <attribute name="Loop Time for DT" value="39.000000" />
  <attribute name="Output H" value="2092630016"/>
  <attribute name="Output I" value="200"/>
  <attribute name="Output T" value="4"/>
  <attribute name="Target GC Util Change" value ="20.000000" />
  <attribute name="Current GC Util Change" value="18.000000"/>
  <attribute name="GC Util currently" value="18" />
  <attribute name="CPU Util currently" value="27" />
<allocation-satisfied id="246" threadId="0000000001B0E500" bytesRequested="5296" />
<af-end id="247" timestamp="2019-06-16T17:32:47.101" threadId="0000000001B0EE88" success="true" from="nursery"/>
<exclusive-end id="248" timestamp="2019-06-16T17:32:47.101" durationms="1.444" />

<exclusive-start id="249" timestamp="2019-06-16T17:32:47.132" intervalms="33.053">
  <response-info timems="0.205" idlems="0.186" threads="1" lastid="00000000017E0F00" lastname="JIT Compilation Thread-1" />
</exclusive-start>
<af-start id="250" threadId="0000000001B12A88" totalBytesRequested="48" timestamp="2019-06-16T17:32:47.132" intervalms="33.047" type="nursery" />
<cycle-start id="251" type="scavenge" contextid="0" timestamp="2019-06-16T17:32:47.132" intervalms="33.051" />
<gc-start id="252" type="scavenge" contextid="251" timestamp="2019-06-16T17:32:47.132">
  <mem-info id="253" free="3112648" total="9043968" percent="34">
    <mem type="nursery" free="0" total="2883584" percent="0">
      <mem type="allocate" free="0" total="1572864" percent="0" />
      <mem type="survivor" free="0" total="1310720" percent="0" />
    </mem>
    <mem type="tenure" free="3112648" total="6160384" percent="50">
      <mem type="soa" free="2805448" total="5853184" percent="47" />
      <mem type="loa" free="307200" total="307200" percent="100" />
    </mem>
    <remembered-set count="481" />
  </mem-info>
</gc-start>
<allocation-stats totalBytes="904552" >
  <allocated-bytes non-tlh="39592" tlh="864960" />
  <largest-consumer threadName="Thread-3" threadId="0000000001B0A900" bytes="538328" />
</allocation-stats>
<gc-op id="254" type="scavenge" timems="0.623" contextid="251" timestamp="2019-06-16T17:32:47.133">
  <scavenger-info tenureage="2" tenuremask="fffc" tiltratio="54" />
  <memory-copied type="nursery" objects="3159" bytes="642880" bytesdiscarded="183824" />
  <memory-copied type="tenure" objects="4632" bytes="164200" bytesdiscarded="0" />
  <references type="soft" candidates="4" cleared="0" enqueued="0" dynamicThreshold="24" maxThreshold="32" />
  <references type="weak" candidates="23" cleared="0" enqueued="0" />
</gc-op>
<gc-end id="255" type="scavenge" contextid="251" durationms="1.020" usertimems="0.000" systemtimems="0.000" timestamp="2019-06-16T17:32:47.133" activeThreads="4">
  <mem-info id="256" free="3753736" total="9043968" percent="41">
    <mem type="nursery" free="811584" total="2883584" percent="28">
      <mem type="allocate" free="811584" total="1638400" percent="49" />
      <mem type="survivor" free="0" total="1245184" percent="0" />
    </mem>
    <mem type="tenure" free="2942152" total="6160384" percent="47">
      <mem type="soa" free="2634952" total="5853184" percent="45" />
      <mem type="loa" free="307200" total="307200" percent="100" />
    </mem>
    <remembered-set count="423" />
  </mem-info>
</gc-end>
<cycle-end id="257" type="scavenge" contextid="251" timestamp="2019-06-16T17:32:47.134" />
  <attribute name="elasticGC enabled" value="1" />
  <attribute name= "numThreadsSpecified" value="4" />
  <attribute name="heapSize specified" value="8519680" />
  <attribute name="Current GC Util" value="4" />
  <attribute name= "Current Time Running" value="870" />
  <attribute name ="GC Interval" value="200" />
  <attribute name="ProportionalT" value="-16.000000" />
  <attribute name="ProportionalI" value="-16.000000" />
  <attribute name="ProportionalH" value="-16.000000" />
  <attribute name="Current Error" value="-16.000000" />
  <attribute name="IntegralT" value="-528.000000" />
  <attribute name="IntegralI" value="-528.000000" />
  <attribute name="IntegralH" value="-528.000000" />
  <attribute name="DerivativeT" value="-0.242424" />
  <attribute name="DerivativeI" value="-0.242424" />
  <attribute name="DerivativeH" value="-0.242424" />
  <attribute name="Loop Time for DT" value="33.000000" />
  <attribute name="Output H" value="2092630016"/>
  <attribute name="Output I" value="200"/>
  <attribute name="Output T" value="4"/>
  <attribute name="Target GC Util Change" value ="20.000000" />
  <attribute name="Current GC Util Change" value="4.000000"/>
  <attribute name="GC Util currently" value="4" />
  <attribute name="CPU Util currently" value="54" />
<allocation-satisfied id="258" threadId="0000000001B12100" bytesRequested="48" />
<af-end id="259" timestamp="2019-06-16T17:32:47.134" threadId="0000000001B12A88" success="true" from="nursery"/>
<exclusive-end id="260" timestamp="2019-06-16T17:32:47.134" durationms="1.634" />

<exclusive-start id="261" timestamp="2019-06-16T17:32:47.154" intervalms="22.323">
  <response-info timems="0.038" idlems="0.038" threads="0" lastid="0000000001B0E500" lastname="Thread-4" />
</exclusive-start>
<af-start id="262" threadId="0000000001B0EE88" totalBytesRequested="16392" timestamp="2019-06-16T17:32:47.155" intervalms="22.345" type="nursery" />
<cycle-start id="263" type="scavenge" contextid="0" timestamp="2019-06-16T17:32:47.155" intervalms="22.342" />
<gc-start id="264" type="scavenge" contextid="263" timestamp="2019-06-16T17:32:47.155">
  <mem-info id="265" free="2942152" total="9043968" percent="32">
    <mem type="nursery" free="0" total="2883584" percent="0">
      <mem type="allocate" free="0" total="1638400" percent="0" />
      <mem type="survivor" free="0" total="1245184" percent="0" />
    </mem>
    <mem type="tenure" free="2942152" total="6160384" percent="47">
      <mem type="soa" free="2634952" total="5853184" percent="45" />
      <mem type="loa" free="307200" total="307200" percent="100" />
    </mem>
    <remembered-set count="446" />
  </mem-info>
</gc-start>
<allocation-stats totalBytes="768432" >
  <allocated-bytes non-tlh="106584" tlh="661848" />
  <largest-consumer threadName="Thread-5" threadId="0000000001B12100" bytes="416368" />
</allocation-stats>
<gc-op id="266" type="scavenge" timems="0.482" contextid="263" timestamp="2019-06-16T17:32:47.155">
  <scavenger-info tenureage="3" tenuremask="fff8" tiltratio="56" />
  <memory-copied type="nursery" objects="3795" bytes="951896" bytesdiscarded="190392" />
  <references type="soft" candidates="4" cleared="0" enqueued="0" dynamicThreshold="24" maxThreshold="32" />
  <references type="weak" candidates="24" cleared="0" enqueued="0" />
  <references type="phantom" candidates="2" cleared="0" enqueued="0" />
</gc-op>
<gc-end id="267" type="scavenge" contextid="263" durationms="0.677" usertimems="0.000" systemtimems="0.000" timestamp="2019-06-16T17:32:47.155" activeThreads="4">
  <mem-info id="268" free="3307048" total="9043968" percent="36">
    <mem type="nursery" free="364896" total="2883584" percent="12">
      <mem type="allocate" free="364896" total="1507328" percent="24" />
      <mem type="survivor" free="0" total="1376256" percent="0" />
    </mem>
    <mem type="tenure" free="2942152" total="6160384" percent="47">
      <mem type="soa" free="2634952" total="5853184" percent="45" />
      <mem type="loa" free="307200" total="307200" percent="100" />
    </mem>
    <remembered-set count="279" />
  </mem-info>
</gc-end>
<cycle-end id="269" type="scavenge" contextid="263" timestamp="2019-06-16T17:32:47.156" />
  <attribute name="elasticGC enabled" value="1" />
  <attribute name= "numThreadsSpecified" value="4" />
  <attribute name="heapSize specified" value="8519680" />
  <attribute name="Current GC Util" value="7" />
  <attribute name= "Current Time Running" value="893" />
  <attribute name ="GC Interval" value="200" />
  <attribute name="ProportionalT" value="-13.000000" />
  <attribute name="ProportionalI" value="-13.000000" />
  <attribute name="ProportionalH" value="-13.000000" />
  <attribute name="Current Error" value="-13.000000" />
  <attribute name="IntegralT" value="-299.000000" />
  <attribute name="IntegralI" value="-299.000000" />
  <attribute name="IntegralH" value="-299.000000" />
  <attribute name="DerivativeT" value="-0.282609" />
  <attribute name="DerivativeI" value="-0.282609" />
  <attribute name="DerivativeH" value="-0.282609" />
  <attribute name="Loop Time for DT" value="23.000000" />
  <attribute name="Output H" value="2092630016"/>
  <attribute name="Output I" value="200"/>
  <attribute name="Output T" value="4"/>
  <attribute name="Target GC Util Change" value ="20.000000" />
  <attribute name="Current GC Util Change" value="7.000000"/>
  <attribute name="GC Util currently" value="7" />
  <attribute name="CPU Util currently" value="11" />
<allocation-satisfied id="270" threadId="0000000001B0E500" bytesRequested="16392" />
<af-end id="271" timestamp="2019-06-16T17:32:47.156" threadId="0000000001B0EE88" success="true" from="nursery"/>
<exclusive-end id="272" timestamp="2019-06-16T17:32:47.156" durationms="1.187" />

<exclusive-start id="273" timestamp="2019-06-16T17:32:47.167" intervalms="12.046">
  <response-info timems="0.036" idlems="0.036" threads="0" lastid="0000000001B15D00" lastname="Thread-6" />
</exclusive-start>
<af-start id="274" threadId="0000000001B16688" totalBytesRequested="48" timestamp="2019-06-16T17:32:47.167" intervalms="12.022" type="nursery" />
<cycle-start id="275" type="scavenge" contextid="0" timestamp="2019-06-16T17:32:47.167" intervalms="12.020" />
<gc-start id="276" type="scavenge" contextid="275" timestamp="2019-06-16T17:32:47.167">
  <mem-info id="277" free="2941984" total="9043968" percent="32">
    <mem type="nursery" free="0" total="2883584" percent="0">
      <mem type="allocate" free="0" total="1507328" percent="0" />
      <mem type="survivor" free="0" total="1376256" percent="0" />
    </mem>
    <mem type="tenure" free="2941984" total="6160384" percent="47">
      <mem type="soa" free="2634784" total="5853184" percent="45" />
      <mem type="loa" free="307200" total="307200" percent="100" />
    </mem>
    <remembered-set count="284" />
  </mem-info>
</gc-start>
<allocation-stats totalBytes="363008" >
  <allocated-bytes non-tlh="82120" tlh="280888" />
  <largest-consumer threadName="Thread-4" threadId="0000000001B0E500" bytes="276992" />
</allocation-stats>
<gc-op id="278" type="scavenge" timems="0.650" contextid="275" timestamp="2019-06-16T17:32:47.168">
  <scavenger-info tenureage="2" tenuremask="7ffc" tiltratio="52" />
  <memory-copied type="nursery" objects="1414" bytes="515440" bytesdiscarded="168120" />
  <memory-copied type="tenure" objects="3066" bytes="638008" bytesdiscarded="1232" />
</gc-op>
<gc-end id="279" type="scavenge" contextid="275" durationms="0.848" usertimems="0.000" systemtimems="0.000" timestamp="2019-06-16T17:32:47.168" activeThreads="4">
  <mem-info id="280" free="3116944" total="9043968" percent="34">
    <mem type="nursery" free="889256" total="2883584" percent="30">
      <mem type="allocate" free="889256" total="1572864" percent="56" />
      <mem type="survivor" free="0" total="1310720" percent="0" />
    </mem>
    <mem type="tenure" free="2227688" total="6160384" percent="36">
      <mem type="soa" free="1920488" total="5853184" percent="32" />
      <mem type="loa" free="307200" total="307200" percent="100" />
    </mem>
    <remembered-set count="156" />
  </mem-info>
</gc-end>
<cycle-end id="281" type="scavenge" contextid="275" timestamp="2019-06-16T17:32:47.168" />
  <attribute name="elasticGC enabled" value="1" />
  <attribute name= "numThreadsSpecified" value="4" />
  <attribute name="heapSize specified" value="8519680" />
  <attribute name="Current GC Util" value="10" />
  <attribute name= "Current Time Running" value="905" />
  <attribute name ="GC Interval" value="200" />
  <attribute name="ProportionalT" value="-10.000000" />
  <attribute name="ProportionalI" value="-10.000000" />
  <attribute name="ProportionalH" value="-10.000000" />
  <attribute name="Current Error" value="-10.000000" />
  <attribute name="IntegralT" value="-120.000000" />
  <attribute name="IntegralI" value="-120.000000" />
  <attribute name="IntegralH" value="-120.000000" />
  <attribute name="DerivativeT" value="-0.416667" />
  <attribute name="DerivativeI" value="-0.416667" />
  <attribute name="DerivativeH" value="-0.416667" />
  <attribute name="Loop Time for DT" value="12.000000" />
  <attribute name="Output H" value="2092630016"/>
  <attribute name="Output I" value="200"/>
  <attribute name="Output T" value="4"/>
  <attribute name="Target GC Util Change" value ="20.000000" />
  <attribute name="Current GC Util Change" value="10.000000"/>
  <attribute name="GC Util currently" value="10" />
  <attribute name="CPU Util currently" value="383808345224" />
<allocation-satisfied id="282" threadId="0000000001B15D00" bytesRequested="48" />
<af-end id="283" timestamp="2019-06-16T17:32:47.168" threadId="0000000001B16688" success="true" from="nursery"/>
<exclusive-end id="284" timestamp="2019-06-16T17:32:47.168" durationms="1.371" />

<exclusive-start id="285" timestamp="2019-06-16T17:32:47.196" intervalms="29.574">
  <response-info timems="0.040" idlems="0.040" threads="0" lastid="0000000001B0E500" lastname="Thread-4" />
</exclusive-start>
<af-start id="286" threadId="0000000001B0EE88" totalBytesRequested="1920" timestamp="2019-06-16T17:32:47.196" intervalms="29.576" type="nursery" />
<cycle-start id="287" type="scavenge" contextid="0" timestamp="2019-06-16T17:32:47.196" intervalms="29.581" />
<gc-start id="288" type="scavenge" contextid="287" timestamp="2019-06-16T17:32:47.196">
  <mem-info id="289" free="2227176" total="9043968" percent="24">
    <mem type="nursery" free="0" total="2883584" percent="0">
      <mem type="allocate" free="0" total="1572864" percent="0" />
      <mem type="survivor" free="0" total="1310720" percent="0" />
    </mem>
    <mem type="tenure" free="2227176" total="6160384" percent="36">
      <mem type="soa" free="1919976" total="5853184" percent="32" />
      <mem type="loa" free="307200" total="307200" percent="100" />
    </mem>
    <remembered-set count="275" />
  </mem-info>
</gc-start>
<allocation-stats totalBytes="888160" >
  <allocated-bytes non-tlh="98896" tlh="789264" />
  <largest-consumer threadName="Thread-6" threadId="0000000001B15D00" bytes="511640" />
</allocation-stats>
<gc-op id="290" type="scavenge" timems="0.646" contextid="287" timestamp="2019-06-16T17:32:47.197">
  <scavenger-info tenureage="1" tenuremask="7ffe" tiltratio="54" />
  <memory-copied type="nursery" objects="869" bytes="271824" bytesdiscarded="271360" />
  <memory-copied type="tenure" objects="1363" bytes="512704" bytesdiscarded="496" />
  <references type="weak" candidates="2" cleared="1" enqueued="1" />
  <references type="phantom" candidates="1" cleared="0" enqueued="0" />
</gc-op>
<gc-end id="291" type="scavenge" contextid="287" durationms="0.861" usertimems="0.000" systemtimems="4.000" timestamp="2019-06-16T17:32:47.197" activeThreads="4">
  <mem-info id="292" free="2920232" total="9043968" percent="32">
    <mem type="nursery" free="1160696" total="2883584" percent="40">
      <mem type="allocate" free="1160696" total="1703936" percent="68" />
      <mem type="survivor" free="0" total="1179648" percent="0" />
    </mem>
    <mem type="tenure" free="1759536" total="6160384" percent="28">
      <mem type="soa" free="1452336" total="5853184" percent="24" />
      <mem type="loa" free="307200" total="307200" percent="100" />
    </mem>
    <pending-finalizers system="0" default="0" reference="1" classloader="0" />
    <remembered-set count="210" />
  </mem-info>
</gc-end>
<cycle-end id="293" type="scavenge" contextid="287" timestamp="2019-06-16T17:32:47.197" />
  <attribute name="elasticGC enabled" value="1" />
  <attribute name= "numThreadsSpecified" value="4" />
  <attribute name="heapSize specified" value="8519680" />
  <attribute name="Current GC Util" value="5" />
  <attribute name= "Current Time Running" value="934" />
  <attribute name ="GC Interval" value="200" />
  <attribute name="ProportionalT" value="-15.000000" />
  <attribute name="ProportionalI" value="-15.000000" />
  <attribute name="ProportionalH" value="-15.000000" />
  <attribute name="Current Error" value="-15.000000" />
  <attribute name="IntegralT" value="-435.000000" />
  <attribute name="IntegralI" value="-435.000000" />
  <attribute name="IntegralH" value="-435.000000" />
  <attribute name="DerivativeT" value="-0.258621" />
  <attribute name="DerivativeI" value="-0.258621" />
  <attribute name="DerivativeH" value="-0.258621" />
  <attribute name="Loop Time for DT" value="29.000000" />
  <attribute name="Output H" value="2092630016"/>
  <attribute name="Output I" value="200"/>
  <attribute name="Output T" value="4"/>
  <attribute name="Target GC Util Change" value ="20.000000" />
  <attribute name="Current GC Util Change" value="5.000000"/>
  <attribute name="GC Util currently" value="5" />
  <attribute name="CPU Util currently" value="39" />
<allocation-satisfied id="294" threadId="0000000001B0E500" bytesRequested="1920" />
<af-end id="295" timestamp="2019-06-16T17:32:47.197" threadId="0000000001B0EE88" success="true" from="nursery"/>
<exclusive-end id="296" timestamp="2019-06-16T17:32:47.197" durationms="1.382" />

<exclusive-start id="297" timestamp="2019-06-16T17:32:47.204" intervalms="7.862">
  <response-info timems="0.028" idlems="0.028" threads="0" lastid="0000000001B12100" lastname="Thread-5" />
</exclusive-start>
<af-start id="298" threadId="0000000001B12A88" totalBytesRequested="8200" timestamp="2019-06-16T17:32:47.204" intervalms="7.853" type="nursery" />
<cycle-start id="299" type="scavenge" contextid="0" timestamp="2019-06-16T17:32:47.204" intervalms="7.841" />
<gc-start id="300" type="scavenge" contextid="299" timestamp="2019-06-16T17:32:47.204">
  <mem-info id="301" free="1759232" total="9043968" percent="19">
    <mem type="nursery" free="0" total="2883584" percent="0">
      <mem type="allocate" free="0" total="1703936" percent="0" />
      <mem type="survivor" free="0" total="1179648" percent="0" />
    </mem>
    <mem type="tenure" free="1759232" total="6160384" percent="28">
      <mem type="soa" free="1452032" total="5853184" percent="24" />
      <mem type="loa" free="307200" total="307200" percent="100" />
    </mem>
    <remembered-set count="288" />
  </mem-info>
</gc-start>
<allocation-stats totalBytes="1116960" >
  <allocated-bytes non-tlh="84168" tlh="1032792" />
  <largest-consumer threadName="Thread-5" threadId="0000000001B12100" bytes="630680" />
</allocation-stats>
<gc-op id="302" type="scavenge" timems="0.591" contextid="299" timestamp="2019-06-16T17:32:47.205">
  <scavenger-info tenureage="1" tenuremask="7ffe" tiltratio="59" />
  <memory-copied type="nursery" objects="947" bytes="410656" bytesdiscarded="11264" />
  <memory-copied type="tenure" objects="205" bytes="48928" bytesdiscarded="0" />
  <references type="phantom" candidates="2" cleared="0" enqueued="0" />
</gc-op>
<gc-end id="303" type="scavenge" contextid="299" durationms="0.946" usertimems="0.000" systemtimems="0.000" timestamp="2019-06-16T17:32:47.205" activeThreads="1">
  <mem-info id="304" free="3172272" total="9043968" percent="35">
    <mem type="nursery" free="1413040" total="2883584" percent="49">
      <mem type="allocate" free="1413040" total="1835008" percent="77" />
      <mem type="survivor" free="0" total="1048576" percent="0" />
    </mem>
    <mem type="tenure" free="1759232" total="6160384" percent="28">
      <mem type="soa" free="1452032" total="5853184" percent="24" />
      <mem type="loa" free="307200" total="307200" percent="100" />
    </mem>
    <remembered-set count="157" />
  </mem-info>
</gc-end>
<cycle-end id="305" type="scavenge" contextid="299" timestamp="2019-06-16T17:32:47.205" />
  <attribute name="elasticGC enabled" value="1" />
  <attribute name= "numThreadsSpecified" value="1" />
  <attribute name="heapSize specified" value="8519680" />
  <attribute name="Current GC Util" value="20" />
  <attribute name= "Current Time Running" value="942" />
  <attribute name ="GC Interval" value="200" />
  <attribute name="ProportionalT" value="0.000000" />
  <attribute name="ProportionalI" value="0.000000" />
  <attribute name="ProportionalH" value="0.000000" />
  <attribute name="Current Error" value="0.000000" />
  <attribute name="IntegralT" value="0.000000" />
  <attribute name="IntegralI" value="0.000000" />
  <attribute name="IntegralH" value="0.000000" />
  <attribute name="DerivativeT" value="0.000000" />
  <attribute name="DerivativeI" value="0.000000" />
  <attribute name="DerivativeH" value="0.000000" />
  <attribute name="Loop Time for DT" value="8.000000" />
  <attribute name="Output H" value="8388608"/>
  <attribute name="Output I" value="200"/>
  <attribute name="Output T" value="1"/>
  <attribute name="Target GC Util Change" value ="20.000000" />
  <attribute name="Current GC Util Change" value="20.000000"/>
  <attribute name="GC Util currently" value="20" />
  <attribute name="CPU Util currently" value="590075943231" />
<allocation-satisfied id="306" threadId="0000000001B12100" bytesRequested="8200" />
<af-end id="307" timestamp="2019-06-16T17:32:47.205" threadId="0000000001B12A88" success="true" from="nursery"/>
<exclusive-end id="308" timestamp="2019-06-16T17:32:47.205" durationms="1.371" />

<exclusive-start id="309" timestamp="2019-06-16T17:32:47.225" intervalms="21.494">
  <response-info timems="0.035" idlems="0.035" threads="0" lastid="0000000001B0E500" lastname="Thread-4" />
</exclusive-start>
<af-start id="310" threadId="0000000001B0EE88" totalBytesRequested="32776" timestamp="2019-06-16T17:32:47.226" intervalms="21.515" type="nursery" />
<cycle-start id="311" type="scavenge" contextid="0" timestamp="2019-06-16T17:32:47.226" intervalms="21.526" />
<gc-start id="312" type="scavenge" contextid="311" timestamp="2019-06-16T17:32:47.226">
  <mem-info id="313" free="1759192" total="9043968" percent="19">
    <mem type="nursery" free="0" total="2883584" percent="0">
      <mem type="allocate" free="0" total="1835008" percent="0" />
      <mem type="survivor" free="0" total="1048576" percent="0" />
    </mem>
    <mem type="tenure" free="1759192" total="6160384" percent="28">
      <mem type="soa" free="1451992" total="5853184" percent="24" />
      <mem type="loa" free="307200" total="307200" percent="100" />
    </mem>
    <remembered-set count="283" />
  </mem-info>
</gc-start>
<allocation-stats totalBytes="1337280" >
  <allocated-bytes non-tlh="41016" tlh="1296264" />
  <largest-consumer threadName="Thread-5" threadId="0000000001B12100" bytes="624344" />
</allocation-stats>
<gc-op id="314" type="scavenge" timems="0.502" contextid="311" timestamp="2019-06-16T17:32:47.226">
  <scavenger-info tenureage="1" tenuremask="7ffe" tiltratio="63" />
  <memory-copied type="nursery" objects="1241" bytes="534208" bytesdiscarded="186504" />
  <memory-copied type="tenure" objects="578" bytes="252256" bytesdiscarded="8" />
  <references type="phantom" candidates="1" cleared="0" enqueued="0" />
</gc-op>
<gc-end id="315" type="scavenge" contextid="311" durationms="0.712" usertimems="0.000" systemtimems="4.000" timestamp="2019-06-16T17:32:47.226" activeThreads="4">
  <mem-info id="316" free="2514224" total="9043968" percent="27">
    <mem type="nursery" free="1179784" total="2883584" percent="40">
      <mem type="allocate" free="1179784" total="1900544" percent="62" />
      <mem type="survivor" free="0" total="983040" percent="0" />
    </mem>
    <mem type="tenure" free="1334440" total="6160384" percent="21">
      <mem type="soa" free="1027240" total="5853184" percent="17" />
      <mem type="loa" free="307200" total="307200" percent="100" />
    </mem>
    <remembered-set count="168" />
  </mem-info>
</gc-end>
<cycle-end id="317" type="scavenge" contextid="311" timestamp="2019-06-16T17:32:47.226" />
  <attribute name="elasticGC enabled" value="1" />
  <attribute name= "numThreadsSpecified" value="4" />
  <attribute name="heapSize specified" value="8519680" />
  <attribute name="Current GC Util" value="3" />
  <attribute name= "Current Time Running" value="964" />
  <attribute name ="GC Interval" value="200" />
  <attribute name="ProportionalT" value="-17.000000" />
  <attribute name="ProportionalI" value="-17.000000" />
  <attribute name="ProportionalH" value="-17.000000" />
  <attribute name="Current Error" value="-17.000000" />
  <attribute name="IntegralT" value="-374.000000" />
  <attribute name="IntegralI" value="-374.000000" />
  <attribute name="IntegralH" value="-374.000000" />
  <attribute name="DerivativeT" value="-0.386364" />
  <attribute name="DerivativeI" value="-0.386364" />
  <attribute name="DerivativeH" value="-0.386364" />
  <attribute name="Loop Time for DT" value="22.000000" />
  <attribute name="Output H" value="2092630016"/>
  <attribute name="Output I" value="200"/>
  <attribute name="Output T" value="4"/>
  <attribute name="Target GC Util Change" value ="20.000000" />
  <attribute name="Current GC Util Change" value="3.000000"/>
  <attribute name="GC Util currently" value="3" />
  <attribute name="CPU Util currently" value="17" />
<allocation-satisfied id="318" threadId="0000000001B0E500" bytesRequested="32776" />
<af-end id="319" timestamp="2019-06-16T17:32:47.227" threadId="0000000001B0EE88" success="true" from="nursery"/>
<exclusive-end id="320" timestamp="2019-06-16T17:32:47.227" durationms="1.244" />

<exclusive-start id="321" timestamp="2019-06-16T17:32:47.258" intervalms="32.960">
  <response-info timems="0.040" idlems="0.040" threads="0" lastid="0000000001B15D00" lastname="Thread-6" />
</exclusive-start>
<af-start id="322" threadId="0000000001B16688" totalBytesRequested="16392" timestamp="2019-06-16T17:32:47.259" intervalms="32.949" type="nursery" />
<cycle-start id="323" type="scavenge" contextid="0" timestamp="2019-06-16T17:32:47.259" intervalms="32.948" />
<gc-start id="324" type="scavenge" contextid="323" timestamp="2019-06-16T17:32:47.259">
  <mem-info id="325" free="1334408" total="9043968" percent="14">
    <mem type="nursery" free="0" total="2883584" percent="0">
      <mem type="allocate" free="0" total="1900544" percent="0" />
      <mem type="survivor" free="0" total="983040" percent="0" />
    </mem>
    <mem type="tenure" free="1334408" total="6160384" percent="21">
      <mem type="soa" free="1027208" total="5853184" percent="17" />
      <mem type="loa" free="307200" total="307200" percent="100" />
    </mem>
    <remembered-set count="300" />
  </mem-info>
</gc-start>
<allocation-stats totalBytes="1166112" >
  <allocated-bytes non-tlh="65584" tlh="1100528" />
  <largest-consumer threadName="Thread-4" threadId="0000000001B0E500" bytes="458160" />
</allocation-stats>
<gc-op id="326" type="scavenge" timems="0.437" contextid="323" timestamp="2019-06-16T17:32:47.259">
  <scavenger-info tenureage="1" tenuremask="7ffe" tiltratio="65" />
  <memory-copied type="nursery" objects="966" bytes="350688" bytesdiscarded="288600" />
  <memory-copied type="tenure" objects="676" bytes="312312" bytesdiscarded="432" />
</gc-op>
<gc-end id="327" type="scavenge" contextid="323" durationms="0.650" usertimems="0.000" systemtimems="0.000" timestamp="2019-06-16T17:32:47.259" activeThreads="4">
  <mem-info id="328" free="2413016" total="9043968" percent="26">
    <mem type="nursery" free="1326760" total="2883584" percent="46">
      <mem type="allocate" free="1326760" total="1966080" percent="67" />
      <mem type="survivor" free="0" total="917504" percent="0" />
    </mem>
    <mem type="tenure" free="1086256" total="6160384" percent="17">
      <mem type="soa" free="779056" total="5853184" percent="13" />
      <mem type="loa" free="307200" total="307200" percent="100" />
    </mem>
    <remembered-set count="179" />
  </mem-info>
</gc-end>
<cycle-end id="329" type="scavenge" contextid="323" timestamp="2019-06-16T17:32:47.259" />
  <attribute name="elasticGC enabled" value="1" />
  <attribute name= "numThreadsSpecified" value="4" />
  <attribute name="heapSize specified" value="8519680" />
  <attribute name="Current GC Util" value="4" />
  <attribute name= "Current Time Running" value="996" />
  <attribute name ="GC Interval" value="200" />
  <attribute name="ProportionalT" value="-16.000000" />
  <attribute name="ProportionalI" value="-16.000000" />
  <attribute name="ProportionalH" value="-16.000000" />
  <attribute name="Current Error" value="-16.000000" />
  <attribute name="IntegralT" value="-512.000000" />
  <attribute name="IntegralI" value="-512.000000" />
  <attribute name="IntegralH" value="-512.000000" />
  <attribute name="DerivativeT" value="-0.250000" />
  <attribute name="DerivativeI" value="-0.250000" />
  <attribute name="DerivativeH" value="-0.250000" />
  <attribute name="Loop Time for DT" value="32.000000" />
  <attribute name="Output H" value="2092630016"/>
  <attribute name="Output I" value="200"/>
  <attribute name="Output T" value="4"/>
  <attribute name="Target GC Util Change" value ="20.000000" />
  <attribute name="Current GC Util Change" value="4.000000"/>
  <attribute name="GC Util currently" value="4" />
  <attribute name="CPU Util currently" value="40" />
<allocation-satisfied id="330" threadId="0000000001B15D00" bytesRequested="16392" />
<af-end id="331" timestamp="2019-06-16T17:32:47.260" threadId="0000000001B16688" success="true" from="nursery"/>
<exclusive-end id="332" timestamp="2019-06-16T17:32:47.260" durationms="1.125" />

<exclusive-start id="333" timestamp="2019-06-16T17:32:47.278" intervalms="19.956">
  <response-info timems="0.062" idlems="0.037" threads="1" lastid="00000000017DD300" lastname="JIT Compilation Thread-0" />
</exclusive-start>
<af-start id="334" threadId="0000000001B0EE88" totalBytesRequested="16392" timestamp="2019-06-16T17:32:47.278" intervalms="19.955" type="nursery" />
<cycle-start id="335" type="scavenge" contextid="0" timestamp="2019-06-16T17:32:47.279" intervalms="19.951" />
<gc-start id="336" type="scavenge" contextid="335" timestamp="2019-06-16T17:32:47.279">
  <mem-info id="337" free="1086256" total="9043968" percent="12">
    <mem type="nursery" free="0" total="2883584" percent="0">
      <mem type="allocate" free="0" total="1966080" percent="0" />
      <mem type="survivor" free="0" total="917504" percent="0" />
    </mem>
    <mem type="tenure" free="1086256" total="6160384" percent="17">
      <mem type="soa" free="779056" total="5853184" percent="13" />
      <mem type="loa" free="307200" total="307200" percent="100" />
    </mem>
    <remembered-set count="285" />
  </mem-info>
</gc-start>
<allocation-stats totalBytes="1307648" >
  <allocated-bytes non-tlh="81944" tlh="1225704" />
  <largest-consumer threadName="Thread-6" threadId="0000000001B15D00" bytes="613792" />
</allocation-stats>
<gc-op id="338" type="scavenge" timems="0.444" contextid="335" timestamp="2019-06-16T17:32:47.279">
  <scavenger-info tenureage="1" tenuremask="7ffe" tiltratio="68" />
  <memory-copied type="nursery" objects="1184" bytes="462088" bytesdiscarded="160600" />
  <memory-copied type="tenure" objects="837" bytes="308792" bytesdiscarded="592" />
  <references type="weak" candidates="1" cleared="0" enqueued="0" />
  <references type="phantom" candidates="2" cleared="0" enqueued="0" />
</gc-op>
<gc-end id="339" type="scavenge" contextid="335" durationms="0.653" usertimems="0.000" systemtimems="0.000" timestamp="2019-06-16T17:32:47.279" activeThreads="4">
  <mem-info id="340" free="2247024" total="9043968" percent="24">
    <mem type="nursery" free="1408888" total="2883584" percent="48">
      <mem type="allocate" free="1408888" total="2031616" percent="69" />
      <mem type="survivor" free="0" total="851968" percent="0" />
    </mem>
    <mem type="tenure" free="838136" total="6160384" percent="13">
      <mem type="soa" free="530936" total="5853184" percent="9" />
      <mem type="loa" free="307200" total="307200" percent="100" />
    </mem>
    <remembered-set count="142" />
  </mem-info>
</gc-end>
<cycle-end id="341" type="scavenge" contextid="335" timestamp="2019-06-16T17:32:47.279" />
  <attribute name="elasticGC enabled" value="1" />
  <attribute name= "numThreadsSpecified" value="4" />
  <attribute name="heapSize specified" value="8519680" />
  <attribute name="Current GC Util" value="6" />
  <attribute name= "Current Time Running" value="1016" />
  <attribute name ="GC Interval" value="200" />
  <attribute name="ProportionalT" value="-14.000000" />
  <attribute name="ProportionalI" value="-14.000000" />
  <attribute name="ProportionalH" value="-14.000000" />
  <attribute name="Current Error" value="-14.000000" />
  <attribute name="IntegralT" value="-280.000000" />
  <attribute name="IntegralI" value="-280.000000" />
  <attribute name="IntegralH" value="-280.000000" />
  <attribute name="DerivativeT" value="-0.350000" />
  <attribute name="DerivativeI" value="-0.350000" />
  <attribute name="DerivativeH" value="-0.350000" />
  <attribute name="Loop Time for DT" value="20.000000" />
  <attribute name="Output H" value="2092630016"/>
  <attribute name="Output I" value="200"/>
  <attribute name="Output T" value="4"/>
  <attribute name="Target GC Util Change" value ="20.000000" />
  <attribute name="Current GC Util Change" value="6.000000"/>
  <attribute name="GC Util currently" value="6" />
  <attribute name="CPU Util currently" value="231246625935" />
<allocation-satisfied id="342" threadId="0000000001B0E500" bytesRequested="16392" />
<af-end id="343" timestamp="2019-06-16T17:32:47.279" threadId="0000000001B0EE88" success="true" from="nursery"/>
<exclusive-end id="344" timestamp="2019-06-16T17:32:47.280" durationms="1.163" />

<concurrent-kickoff id="345" timestamp="2019-06-16T17:32:47.292">
  <kickoff reason="threshold reached" targetBytes="1828401" thresholdFreeBytes="252854"  remainingFree="237408" tenureFreeBytes="838104" nurseryFreeBytes="237408" />
</concurrent-kickoff>
<exclusive-start id="346" timestamp="2019-06-16T17:32:47.292" intervalms="13.945">
  <response-info timems="0.028" idlems="0.028" threads="0" lastid="0000000001B15D00" lastname="Thread-6" />
</exclusive-start>
<cycle-start id="347" type="global" contextid="0" timestamp="2019-06-16T17:32:47.292" intervalms="335.161" />
<exclusive-end id="348" timestamp="2019-06-16T17:32:47.292" durationms="0.115" />

<exclusive-start id="349" timestamp="2019-06-16T17:32:47.301" intervalms="8.878">
  <response-info timems="0.029" idlems="0.029" threads="0" lastid="0000000001B0E500" lastname="Thread-4" />
</exclusive-start>
<af-start id="350" threadId="0000000001B0EE88" totalBytesRequested="16392" timestamp="2019-06-16T17:32:47.301" intervalms="22.824" type="nursery" />
<cycle-start id="351" type="scavenge" contextid="0" timestamp="2019-06-16T17:32:47.301" intervalms="22.825" />
<gc-start id="352" type="scavenge" contextid="351" timestamp="2019-06-16T17:32:47.301">
  <mem-info id="353" free="838104" total="9043968" percent="9">
    <mem type="nursery" free="0" total="2883584" percent="0">
      <mem type="allocate" free="0" total="2031616" percent="0" />
      <mem type="survivor" free="0" total="851968" percent="0" />
    </mem>
    <mem type="tenure" free="838104" total="6160384" percent="13">
      <mem type="soa" free="530904" total="5853184" percent="9" />
      <mem type="loa" free="307200" total="307200" percent="100" />
    </mem>
    <remembered-set count="294" />
  </mem-info>
</gc-start>
<allocation-stats totalBytes="1390272" >
  <allocated-bytes non-tlh="81976" tlh="1308296" />
  <largest-consumer threadName="Thread-4" threadId="0000000001B0E500" bytes="568288" />
</allocation-stats>
<gc-op id="354" type="scavenge" timems="0.408" contextid="351" timestamp="2019-06-16T17:32:47.302">
  <scavenger-info tenureage="1" tenuremask="7ffe" tiltratio="70" />
  <memory-copied type="nursery" objects="912" bytes="400664" bytesdiscarded="271376" />
  <memory-copied type="tenure" objects="560" bytes="246752" bytesdiscarded="312" />
</gc-op>
<gc-end id="355" type="scavenge" contextid="351" durationms="0.618" usertimems="4.000" systemtimems="0.000" timestamp="2019-06-16T17:32:47.302" activeThreads="4">
  <mem-info id="356" free="2146136" total="9043968" percent="23">
    <mem type="nursery" free="1425072" total="2883584" percent="49">
      <mem type="allocate" free="1425072" total="2097152" percent="67" />
      <mem type="survivor" free="0" total="786432" percent="0" />
    </mem>
    <mem type="tenure" free="721064" total="6160384" percent="11">
      <mem type="soa" free="413864" total="5853184" percent="7" />
      <mem type="loa" free="307200" total="307200" percent="100" />
    </mem>
    <remembered-set count="166" />
  </mem-info>
</gc-end>
<cycle-end id="357" type="scavenge" contextid="351" timestamp="2019-06-16T17:32:47.302" />
  <attribute name="elasticGC enabled" value="1" />
  <attribute name= "numThreadsSpecified" value="4" />
  <attribute name="heapSize specified" value="8519680" />
  <attribute name="Current GC Util" value="5" />
  <attribute name= "Current Time Running" value="1039" />
  <attribute name ="GC Interval" value="200" />
  <attribute name="ProportionalT" value="-15.000000" />
  <attribute name="ProportionalI" value="-15.000000" />
  <attribute name="ProportionalH" value="-15.000000" />
  <attribute name="Current Error" value="-15.000000" />
  <attribute name="IntegralT" value="-345.000000" />
  <attribute name="IntegralI" value="-345.000000" />
  <attribute name="IntegralH" value="-345.000000" />
  <attribute name="DerivativeT" value="-0.326087" />
  <attribute name="DerivativeI" value="-0.326087" />
  <attribute name="DerivativeH" value="-0.326087" />
  <attribute name="Loop Time for DT" value="23.000000" />
  <attribute name="Output H" value="2092630016"/>
  <attribute name="Output I" value="200"/>
  <attribute name="Output T" value="4"/>
  <attribute name="Target GC Util Change" value ="20.000000" />
  <attribute name="Current GC Util Change" value="5.000000"/>
  <attribute name="GC Util currently" value="5" />
  <attribute name="CPU Util currently" value="22" />
<allocation-satisfied id="358" threadId="0000000001B0E500" bytesRequested="16392" />
<af-end id="359" timestamp="2019-06-16T17:32:47.302" threadId="0000000001B0EE88" success="true" from="nursery"/>
<exclusive-end id="360" timestamp="2019-06-16T17:32:47.302" durationms="1.202" />

<exclusive-start id="361" timestamp="2019-06-16T17:32:47.303" intervalms="1.301">
  <response-info timems="0.022" idlems="0.022" threads="0" lastid="0000000001B0E500" lastname="Thread-4" />
</exclusive-start>
<concurrent-collection-start id="362" timestamp="2019-06-16T17:32:47.303" intervalms="1155.359" >
  <concurrent-trace-info reason="card cleaning threshold reached" tracedByMutators="793008" tracedByHelpers="692300" cardsCleaned="84" workStackOverflowCount="0" />
</concurrent-collection-start>
<gc-start id="363" type="global" contextid="347" timestamp="2019-06-16T17:32:47.303">
  <mem-info id="364" free="2051912" total="9043968" percent="22">
    <mem type="nursery" free="1330848" total="2883584" percent="46">
      <mem type="allocate" free="1330848" total="2097152" percent="63" />
      <mem type="survivor" free="0" total="786432" percent="0" />
    </mem>
    <mem type="tenure" free="721064" total="6160384" percent="11">
      <mem type="soa" free="413864" total="5853184" percent="7" />
      <mem type="loa" free="307200" total="307200" percent="100" />
    </mem>
    <remembered-set count="166" />
  </mem-info>
</gc-start>
<allocation-stats totalBytes="94224" >
  <allocated-bytes non-tlh="49168" tlh="45056" />
  <largest-consumer threadName="Thread-4" threadId="0000000001B0E500" bytes="94224" />
</allocation-stats>
<gc-op id="365" type="rs-scan" timems="0.243" contextid="347" timestamp="2019-06-16T17:32:47.303">
  <scan objectsFound="68" bytesTraced="6212" workStackOverflowCount="0" />
</gc-op>
<gc-op id="366" type="card-cleaning" timems="0.209" contextid="347" timestamp="2019-06-16T17:32:47.303">
  <card-cleaning cardsCleaned="82" bytesTraced="219288" workStackOverflowCount="0" />
</gc-op>
<gc-op id="367" type="mark" timems="0.588" contextid="347" timestamp="2019-06-16T17:32:47.304">
  <trace-info objectcount="875" scancount="783" scanbytes="196956" />
  <finalization candidates="25" enqueued="0" />
  <references type="soft" candidates="164" cleared="0" enqueued="0" dynamicThreshold="24" maxThreshold="32" />
  <references type="weak" candidates="255" cleared="18" enqueued="8" />
  <references type="phantom" candidates="66" cleared="2" enqueued="2" />
  <stringconstants candidates="3963" cleared="0"  />
</gc-op>
<gc-op id="368" type="sweep" timems="0.199" contextid="347" timestamp="2019-06-16T17:32:47.304" />
<mem-info id="369" free="4904584" total="9043968" percent="54">
  <mem type="nursery" free="1649768" total="2883584" percent="57">
    <mem type="allocate" free="1649768" total="2097152" percent="78" />
    <mem type="survivor" free="0" total="786432" percent="0" />
  </mem>
  <mem type="tenure" free="3254816" total="6160384" percent="52" micro-fragmented="32091" macro-fragmented="0">
    <mem type="soa" free="2947616" total="5853184" percent="50" />
    <mem type="loa" free="307200" total="307200" percent="100" />
  </mem>
  <pending-finalizers system="0" default="0" reference="10" classloader="0" />
  <remembered-set count="156" />
</mem-info>
<gc-op id="370" type="compact" timems="8.027" contextid="347" timestamp="2019-06-16T17:32:47.312">
  <compact-info movecount="33201" movebytes="3025184" reason="compact to aid heap contraction" />
</gc-op>
<heap-resize id="371" type="contract" space="tenure" amount="262144" count="1" timems="0.077" reason="heap reconfiguration" timestamp="2019-06-16T17:32:47.313" />
<gc-end id="372" type="global" contextid="347" durationms="10.082" usertimems="16.000" systemtimems="0.000" timestamp="2019-06-16T17:32:47.313" activeThreads="4">
  <mem-info id="373" free="4627440" total="8781824" percent="52">
    <mem type="nursery" free="1650976" total="2883584" percent="57">
      <mem type="allocate" free="1650976" total="2097152" percent="78" />
      <mem type="survivor" free="0" total="786432" percent="0" />
    </mem>
    <mem type="tenure" free="2976464" total="5898240" percent="50">
      <mem type="soa" free="2726608" total="5603328" percent="48" />
      <mem type="loa" free="249856" total="294912" percent="84" />
    </mem>
    <pending-finalizers system="0" default="0" reference="10" classloader="0" />
    <remembered-set count="156" />
  </mem-info>
</gc-end>
<cycle-end id="374" type="global" contextid="347" timestamp="2019-06-16T17:32:47.313" />
  <attribute name="elasticGC enabled" value="1" />
  <attribute name= "numThreadsSpecified" value="4" />
  <attribute name="heapSize specified" value="9043968" />
  <attribute name="Current GC Util" value="23" />
  <attribute name= "Current Time Running" value="1050" />
  <attribute name ="GC Interval" value="200" />
  <attribute name="ProportionalT" value="3.000000" />
  <attribute name="ProportionalI" value="3.000000" />
  <attribute name="ProportionalH" value="3.000000" />
  <attribute name="Current Error" value="3.000000" />
  <attribute name="IntegralT" value="24.000000" />
  <attribute name="IntegralI" value="24.000000" />
  <attribute name="IntegralH" value="24.000000" />
  <attribute name="DerivativeT" value="0.062500" />
  <attribute name="DerivativeI" value="0.062500" />
  <attribute name="DerivativeH" value="0.062500" />
  <attribute name="Loop Time for DT" value="8.000000" />
  <attribute name="Output H" value="8388608"/>
  <attribute name="Output I" value="200"/>
  <attribute name="Output T" value="4"/>
  <attribute name="Target GC Util Change" value ="20.000000" />
  <attribute name="Current GC Util Change" value="23.000000"/>
  <attribute name="GC Util currently" value="23" />
  <attribute name="CPU Util currently" value="566915454863" />
<concurrent-collection-end id="375" timestamp="2019-06-16T17:32:47.313" />
<exclusive-end id="376" timestamp="2019-06-16T17:32:47.313" durationms="10.490" />

<exclusive-start id="377" timestamp="2019-06-16T17:32:47.343" intervalms="40.524">
  <response-info timems="0.034" idlems="0.034" threads="0" lastid="0000000001B0A900" lastname="Thread-3" />
</exclusive-start>
<af-start id="378" threadId="0000000001B0B288" totalBytesRequested="48" timestamp="2019-06-16T17:32:47.343" intervalms="41.827" type="nursery" />
<cycle-start id="379" type="scavenge" contextid="0" timestamp="2019-06-16T17:32:47.343" intervalms="41.827" />
<gc-start id="380" type="scavenge" contextid="379" timestamp="2019-06-16T17:32:47.343">
  <mem-info id="381" free="2976464" total="8781824" percent="33">
    <mem type="nursery" free="0" total="2883584" percent="0">
      <mem type="allocate" free="0" total="2097152" percent="0" />
      <mem type="survivor" free="0" total="786432" percent="0" />
    </mem>
    <mem type="tenure" free="2976464" total="5898240" percent="50">
      <mem type="soa" free="2726608" total="5603328" percent="48" />
      <mem type="loa" free="249856" total="294912" percent="84" />
    </mem>
    <remembered-set count="342" />
  </mem-info>
</gc-start>
<allocation-stats totalBytes="1648000" >
  <allocated-bytes non-tlh="81944" tlh="1566056" />
  <largest-consumer threadName="Thread-6" threadId="0000000001B15D00" bytes="666400" />
</allocation-stats>
<gc-op id="382" type="scavenge" timems="0.442" contextid="379" timestamp="2019-06-16T17:32:47.344">
  <scavenger-info tenureage="1" tenuremask="7ffe" tiltratio="72" />
  <memory-copied type="nursery" objects="1599" bytes="684152" bytesdiscarded="102232" />
  <memory-copied type="tenure" objects="672" bytes="200672" bytesdiscarded="16" />
  <copy-failed type="nursery" objects="391" bytes="51504" />
</gc-op>
<gc-end id="383" type="scavenge" contextid="379" durationms="0.829" usertimems="0.000" systemtimems="0.000" timestamp="2019-06-16T17:32:47.344" activeThreads="4">
  <mem-info id="384" free="3470856" total="8781824" percent="39">
    <mem type="nursery" free="917504" total="2883584" percent="31">
      <mem type="allocate" free="917504" total="1703936" percent="53" />
      <mem type="survivor" free="0" total="1179648" percent="0" />
    </mem>
    <mem type="tenure" free="2553352" total="5898240" percent="43">
      <mem type="soa" free="2303496" total="5603328" percent="41" />
      <mem type="loa" free="249856" total="294912" percent="84" />
    </mem>
    <remembered-set count="182" />
  </mem-info>
</gc-end>
<cycle-end id="385" type="scavenge" contextid="379" timestamp="2019-06-16T17:32:47.344" />
  <attribute name="elasticGC enabled" value="1" />
  <attribute name= "numThreadsSpecified" value="4" />
  <attribute name="heapSize specified" value="9043968" />
  <attribute name="Current GC Util" value="30" />
  <attribute name= "Current Time Running" value="1081" />
  <attribute name ="GC Interval" value="320" />
  <attribute name="ProportionalT" value="10.000000" />
  <attribute name="ProportionalI" value="10.000000" />
  <attribute name="ProportionalH" value="10.000000" />
  <attribute name="Current Error" value="10.000000" />
  <attribute name="IntegralT" value="310.000000" />
  <attribute name="IntegralI" value="310.000000" />
  <attribute name="IntegralH" value="310.000000" />
  <attribute name="DerivativeT" value="0.112903" />
  <attribute name="DerivativeI" value="0.112903" />
  <attribute name="DerivativeH" value="0.112903" />
  <attribute name="Loop Time for DT" value="31.000000" />
  <attribute name="Output H" value="8388608"/>
  <attribute name="Output I" value="320"/>
  <attribute name="Output T" value="4"/>
  <attribute name="Target GC Util Change" value ="20.000000" />
  <attribute name="Current GC Util Change" value="30.000000"/>
  <attribute name="GC Util currently" value="30" />
  <attribute name="CPU Util currently" value="14" />
<allocation-satisfied id="386" threadId="0000000001B0A900" bytesRequested="48" />
<af-end id="387" timestamp="2019-06-16T17:32:47.344" threadId="0000000001B0B288" success="true" from="nursery"/>
<exclusive-end id="388" timestamp="2019-06-16T17:32:47.344" durationms="1.311" />

<exclusive-start id="389" timestamp="2019-06-16T17:32:47.351" intervalms="8.046">
  <response-info timems="0.044" idlems="0.044" threads="0" lastid="0000000001B12100" lastname="Thread-5" />
</exclusive-start>
<af-start id="390" threadId="0000000001B12A88" totalBytesRequested="2056" timestamp="2019-06-16T17:32:47.351" intervalms="8.039" type="nursery" />
<cycle-start id="391" type="scavenge" contextid="0" timestamp="2019-06-16T17:32:47.351" intervalms="8.034" />
<gc-start id="392" type="scavenge" contextid="391" timestamp="2019-06-16T17:32:47.351">
  <mem-info id="393" free="2553352" total="8781824" percent="29">
    <mem type="nursery" free="0" total="2883584" percent="0">
      <mem type="allocate" free="0" total="1703936" percent="0" />
      <mem type="survivor" free="0" total="1179648" percent="0" />
    </mem>
    <mem type="tenure" free="2553352" total="5898240" percent="43">
      <mem type="soa" free="2303496" total="5603328" percent="41" />
      <mem type="loa" free="249856" total="294912" percent="84" />
    </mem>
    <remembered-set count="264" />
  </mem-info>
</gc-start>
<allocation-stats totalBytes="853248" >
  <allocated-bytes non-tlh="114768" tlh="738480" />
  <largest-consumer threadName="Thread-4" threadId="0000000001B0E500" bytes="401792" />
</allocation-stats>
<gc-op id="394" type="scavenge" timems="0.450" contextid="391" timestamp="2019-06-16T17:32:47.352">
  <scavenger-info tenureage="1" tenuremask="7ffe" tiltratio="59" />
  <memory-copied type="nursery" objects="975" bytes="418280" bytesdiscarded="345144" />
  <memory-copied type="tenure" objects="671" bytes="395544" bytesdiscarded="1328" />
  <references type="phantom" candidates="1" cleared="0" enqueued="0" />
</gc-op>
<gc-end id="395" type="scavenge" contextid="391" durationms="0.804" usertimems="0.000" systemtimems="0.000" timestamp="2019-06-16T17:32:47.352" activeThreads="4">
  <mem-info id="396" free="3027176" total="8781824" percent="34">
    <mem type="nursery" free="1006008" total="2883584" percent="34">
      <mem type="allocate" free="1006008" total="1769472" percent="56" />
      <mem type="survivor" free="0" total="1114112" percent="0" />
    </mem>
    <mem type="tenure" free="2021168" total="5898240" percent="34">
      <mem type="soa" free="1771312" total="5603328" percent="31" />
      <mem type="loa" free="249856" total="294912" percent="84" />
    </mem>
    <remembered-set count="141" />
  </mem-info>
</gc-end>
<cycle-end id="397" type="scavenge" contextid="391" timestamp="2019-06-16T17:32:47.352" />
  <attribute name="elasticGC enabled" value="1" />
  <attribute name= "numThreadsSpecified" value="4" />
  <attribute name="heapSize specified" value="9043968" />
  <attribute name="Current GC Util" value="16" />
  <attribute name= "Current Time Running" value="1089" />
  <attribute name ="GC Interval" value="200" />
  <attribute name="ProportionalT" value="-4.000000" />
  <attribute name="ProportionalI" value="-4.000000" />
  <attribute name="ProportionalH" value="-4.000000" />
  <attribute name="Current Error" value="-4.000000" />
  <attribute name="IntegralT" value="-32.000000" />
  <attribute name="IntegralI" value="-32.000000" />
  <attribute name="IntegralH" value="-32.000000" />
  <attribute name="DerivativeT" value="-0.875000" />
  <attribute name="DerivativeI" value="-0.875000" />
  <attribute name="DerivativeH" value="-0.875000" />
  <attribute name="Loop Time for DT" value="8.000000" />
  <attribute name="Output H" value="2092630016"/>
  <attribute name="Output I" value="200"/>
  <attribute name="Output T" value="4"/>
  <attribute name="Target GC Util Change" value ="20.000000" />
  <attribute name="Current GC Util Change" value="16.000000"/>
  <attribute name="GC Util currently" value="16" />
  <attribute name="CPU Util currently" value="576726550984" />
<allocation-satisfied id="398" threadId="0000000001B12100" bytesRequested="2056" />
<af-end id="399" timestamp="2019-06-16T17:32:47.352" threadId="0000000001B12A88" success="true" from="nursery"/>
<exclusive-end id="400" timestamp="2019-06-16T17:32:47.352" durationms="1.252" />

<exclusive-start id="401" timestamp="2019-06-16T17:32:47.368" intervalms="16.963">
  <response-info timems="0.033" idlems="0.033" threads="0" lastid="0000000001B0A900" lastname="Thread-3" />
</exclusive-start>
<af-start id="402" threadId="0000000001B0B288" totalBytesRequested="152" timestamp="2019-06-16T17:32:47.368" intervalms="16.961" type="nursery" />
<cycle-start id="403" type="scavenge" contextid="0" timestamp="2019-06-16T17:32:47.368" intervalms="16.960" />
<gc-start id="404" type="scavenge" contextid="403" timestamp="2019-06-16T17:32:47.368">
  <mem-info id="405" free="2021168" total="8781824" percent="23">
    <mem type="nursery" free="0" total="2883584" percent="0">
      <mem type="allocate" free="0" total="1769472" percent="0" />
      <mem type="survivor" free="0" total="1114112" percent="0" />
    </mem>
    <mem type="tenure" free="2021168" total="5898240" percent="34">
      <mem type="soa" free="1771312" total="5603328" percent="31" />
      <mem type="loa" free="249856" total="294912" percent="84" />
    </mem>
    <remembered-set count="301" />
  </mem-info>
</gc-start>
<allocation-stats totalBytes="1004976" >
  <allocated-bytes non-tlh="86056" tlh="918920" />
  <largest-consumer threadName="Thread-3" threadId="0000000001B0A900" bytes="507920" />
</allocation-stats>
<gc-op id="406" type="scavenge" timems="0.372" contextid="403" timestamp="2019-06-16T17:32:47.369">
  <scavenger-info tenureage="1" tenuremask="7ffe" tiltratio="61" />
  <memory-copied type="nursery" objects="1014" bytes="311848" bytesdiscarded="273128" />
  <memory-copied type="tenure" objects="938" bytes="416696" bytesdiscarded="24" />
</gc-op>
<gc-end id="407" type="scavenge" contextid="403" durationms="0.721" usertimems="0.000" systemtimems="0.000" timestamp="2019-06-16T17:32:47.369" activeThreads="4">
  <mem-info id="408" free="2951120" total="8781824" percent="33">
    <mem type="nursery" free="1315544" total="2883584" percent="45">
      <mem type="allocate" free="1315544" total="1900544" percent="69" />
      <mem type="survivor" free="0" total="983040" percent="0" />
    </mem>
    <mem type="tenure" free="1635576" total="5898240" percent="27">
      <mem type="soa" free="1385720" total="5603328" percent="24" />
      <mem type="loa" free="249856" total="294912" percent="84" />
    </mem>
    <remembered-set count="165" />
  </mem-info>
</gc-end>
<cycle-end id="409" type="scavenge" contextid="403" timestamp="2019-06-16T17:32:47.369" />
  <attribute name="elasticGC enabled" value="1" />
  <attribute name= "numThreadsSpecified" value="4" />
  <attribute name="heapSize specified" value="9043968" />
  <attribute name="Current GC Util" value="6" />
  <attribute name= "Current Time Running" value="1106" />
  <attribute name ="GC Interval" value="200" />
  <attribute name="ProportionalT" value="-14.000000" />
  <attribute name="ProportionalI" value="-14.000000" />
  <attribute name="ProportionalH" value="-14.000000" />
  <attribute name="Current Error" value="-14.000000" />
  <attribute name="IntegralT" value="-238.000000" />
  <attribute name="IntegralI" value="-238.000000" />
  <attribute name="IntegralH" value="-238.000000" />
  <attribute name="DerivativeT" value="-0.411765" />
  <attribute name="DerivativeI" value="-0.411765" />
  <attribute name="DerivativeH" value="-0.411765" />
  <attribute name="Loop Time for DT" value="17.000000" />
  <attribute name="Output H" value="2092630016"/>
  <attribute name="Output I" value="200"/>
  <attribute name="Output T" value="4"/>
  <attribute name="Target GC Util Change" value ="20.000000" />
  <attribute name="Current GC Util Change" value="6.000000"/>
  <attribute name="GC Util currently" value="6" />
  <attribute name="CPU Util currently" value="271925133259" />
<allocation-satisfied id="410" threadId="0000000001B0A900" bytesRequested="152" />
<af-end id="411" timestamp="2019-06-16T17:32:47.369" threadId="0000000001B0B288" success="true" from="nursery"/>
<exclusive-end id="412" timestamp="2019-06-16T17:32:47.369" durationms="1.155" />

<exclusive-start id="413" timestamp="2019-06-16T17:32:47.377" intervalms="8.939">
  <response-info timems="0.073" idlems="0.073" threads="0" lastid="0000000001B0E500" lastname="Thread-4" />
</exclusive-start>
<af-start id="414" threadId="0000000001B0EE88" totalBytesRequested="32776" timestamp="2019-06-16T17:32:47.377" intervalms="8.932" type="nursery" />
<cycle-start id="415" type="scavenge" contextid="0" timestamp="2019-06-16T17:32:47.377" intervalms="8.934" />
<gc-start id="416" type="scavenge" contextid="415" timestamp="2019-06-16T17:32:47.377">
  <mem-info id="417" free="1635576" total="8781824" percent="18">
    <mem type="nursery" free="0" total="2883584" percent="0">
      <mem type="allocate" free="0" total="1900544" percent="0" />
      <mem type="survivor" free="0" total="983040" percent="0" />
    </mem>
    <mem type="tenure" free="1635576" total="5898240" percent="27">
      <mem type="soa" free="1385720" total="5603328" percent="24" />
      <mem type="loa" free="249856" total="294912" percent="84" />
    </mem>
    <remembered-set count="302" />
  </mem-info>
</gc-start>
<allocation-stats totalBytes="1267736" >
  <allocated-bytes non-tlh="114872" tlh="1152864" />
  <largest-consumer threadName="Thread-4" threadId="0000000001B0E500" bytes="592048" />
</allocation-stats>
<gc-op id="418" type="scavenge" timems="0.287" contextid="415" timestamp="2019-06-16T17:32:47.378">
  <scavenger-info tenureage="1" tenuremask="7ffe" tiltratio="65" />
  <memory-copied type="nursery" objects="802" bytes="388424" bytesdiscarded="26288" />
  <memory-copied type="tenure" objects="384" bytes="94584" bytesdiscarded="584" />
</gc-op>
<gc-end id="419" type="scavenge" contextid="415" durationms="0.487" usertimems="0.000" systemtimems="4.000" timestamp="2019-06-16T17:32:47.378" activeThreads="4">
  <mem-info id="420" free="3014344" total="8781824" percent="34">
    <mem type="nursery" free="1551328" total="2883584" percent="53">
      <mem type="allocate" free="1551328" total="1966080" percent="78" />
      <mem type="survivor" free="0" total="917504" percent="0" />
    </mem>
    <mem type="tenure" free="1463016" total="5898240" percent="24">
      <mem type="soa" free="1213160" total="5603328" percent="21" />
      <mem type="loa" free="249856" total="294912" percent="84" />
    </mem>
    <remembered-set count="143" />
  </mem-info>
</gc-end>
<cycle-end id="421" type="scavenge" contextid="415" timestamp="2019-06-16T17:32:47.378" />
  <attribute name="elasticGC enabled" value="1" />
  <attribute name= "numThreadsSpecified" value="4" />
  <attribute name="heapSize specified" value="9043968" />
  <attribute name="Current GC Util" value="11" />
  <attribute name= "Current Time Running" value="1115" />
  <attribute name ="GC Interval" value="200" />
  <attribute name="ProportionalT" value="-9.000000" />
  <attribute name="ProportionalI" value="-9.000000" />
  <attribute name="ProportionalH" value="-9.000000" />
  <attribute name="Current Error" value="-9.000000" />
  <attribute name="IntegralT" value="-81.000000" />
  <attribute name="IntegralI" value="-81.000000" />
  <attribute name="IntegralH" value="-81.000000" />
  <attribute name="DerivativeT" value="-0.500000" />
  <attribute name="DerivativeI" value="-0.500000" />
  <attribute name="DerivativeH" value="-0.500000" />
  <attribute name="Loop Time for DT" value="9.000000" />
  <attribute name="Output H" value="2092630016"/>
  <attribute name="Output I" value="200"/>
  <attribute name="Output T" value="4"/>
  <attribute name="Target GC Util Change" value ="20.000000" />
  <attribute name="Current GC Util Change" value="11.000000"/>
  <attribute name="GC Util currently" value="11" />
  <attribute name="CPU Util currently" value="515729076298" />
<allocation-satisfied id="422" threadId="0000000001B0E500" bytesRequested="32776" />
<af-end id="423" timestamp="2019-06-16T17:32:47.378" threadId="0000000001B0EE88" success="true" from="nursery"/>
<exclusive-end id="424" timestamp="2019-06-16T17:32:47.378" durationms="0.947" />

<exclusive-start id="425" timestamp="2019-06-16T17:32:47.392" intervalms="14.792">
  <response-info timems="0.035" idlems="0.035" threads="0" lastid="0000000001B0A900" lastname="Thread-3" />
</exclusive-start>
<af-start id="426" threadId="0000000001B0B288" totalBytesRequested="32776" timestamp="2019-06-16T17:32:47.392" intervalms="14.796" type="nursery" />
<cycle-start id="427" type="scavenge" contextid="0" timestamp="2019-06-16T17:32:47.392" intervalms="14.793" />
<gc-start id="428" type="scavenge" contextid="427" timestamp="2019-06-16T17:32:47.392">
  <mem-info id="429" free="1463016" total="8781824" percent="16">
    <mem type="nursery" free="0" total="2883584" percent="0">
      <mem type="allocate" free="0" total="1966080" percent="0" />
      <mem type="survivor" free="0" total="917504" percent="0" />
    </mem>
    <mem type="tenure" free="1463016" total="5898240" percent="24">
      <mem type="soa" free="1213160" total="5603328" percent="21" />
      <mem type="loa" free="249856" total="294912" percent="84" />
    </mem>
    <remembered-set count="287" />
  </mem-info>
</gc-start>
<allocation-stats totalBytes="1536328" >
  <allocated-bytes non-tlh="147496" tlh="1388832" />
  <largest-consumer threadName="Thread-4" threadId="0000000001B0E500" bytes="594776" />
</allocation-stats>
<gc-op id="430" type="scavenge" timems="0.416" contextid="427" timestamp="2019-06-16T17:32:47.392">
  <scavenger-info tenureage="1" tenuremask="7ffe" tiltratio="68" />
  <memory-copied type="nursery" objects="1204" bytes="520088" bytesdiscarded="346992" />
  <memory-copied type="tenure" objects="660" bytes="280520" bytesdiscarded="8" />
  <references type="phantom" candidates="1" cleared="0" enqueued="0" />
</gc-op>
<gc-end id="431" type="scavenge" contextid="427" durationms="0.766" usertimems="0.000" systemtimems="0.000" timestamp="2019-06-16T17:32:47.393" activeThreads="4">
  <mem-info id="432" free="2452880" total="8781824" percent="27">
    <mem type="nursery" free="1164488" total="2883584" percent="40">
      <mem type="allocate" free="1164488" total="2031616" percent="57" />
      <mem type="survivor" free="0" total="851968" percent="0" />
    </mem>
    <mem type="tenure" free="1288392" total="5898240" percent="21">
      <mem type="soa" free="1038536" total="5603328" percent="18" />
      <mem type="loa" free="249856" total="294912" percent="84" />
    </mem>
    <remembered-set count="142" />
  </mem-info>
</gc-end>
<cycle-end id="433" type="scavenge" contextid="427" timestamp="2019-06-16T17:32:47.393" />
  <attribute name="elasticGC enabled" value="1" />
  <attribute name= "numThreadsSpecified" value="4" />
  <attribute name="heapSize specified" value="9043968" />
  <attribute name="Current GC Util" value="5" />
  <attribute name= "Current Time Running" value="1130" />
  <attribute name ="GC Interval" value="200" />
  <attribute name="ProportionalT" value="-15.000000" />
  <attribute name="ProportionalI" value="-15.000000" />
  <attribute name="ProportionalH" value="-15.000000" />
  <attribute name="Current Error" value="-15.000000" />
  <attribute name="IntegralT" value="-225.000000" />
  <attribute name="IntegralI" value="-225.000000" />
  <attribute name="IntegralH" value="-225.000000" />
  <attribute name="DerivativeT" value="-0.500000" />
  <attribute name="DerivativeI" value="-0.500000" />
  <attribute name="DerivativeH" value="-0.500000" />
  <attribute name="Loop Time for DT" value="15.000000" />
  <attribute name="Output H" value="2092630016"/>
  <attribute name="Output I" value="200"/>
  <attribute name="Output T" value="4"/>
  <attribute name="Target GC Util Change" value ="20.000000" />
  <attribute name="Current GC Util Change" value="5.000000"/>
  <attribute name="GC Util currently" value="5" />
  <attribute name="CPU Util currently" value="311949727049" />
<allocation-satisfied id="434" threadId="0000000001B0A900" bytesRequested="32776" />
<af-end id="435" timestamp="2019-06-16T17:32:47.393" threadId="0000000001B0B288" success="true" from="nursery"/>
<exclusive-end id="436" timestamp="2019-06-16T17:32:47.393" durationms="1.207" />

<exclusive-start id="437" timestamp="2019-06-16T17:32:47.398" intervalms="6.721">
  <response-info timems="0.021" idlems="0.021" threads="0" lastid="0000000001B0E500" lastname="Thread-4" />
</exclusive-start>
<af-start id="438" threadId="0000000001B0EE88" totalBytesRequested="16392" timestamp="2019-06-16T17:32:47.399" intervalms="6.717" type="nursery" />
<cycle-start id="439" type="scavenge" contextid="0" timestamp="2019-06-16T17:32:47.399" intervalms="6.720" />
<gc-start id="440" type="scavenge" contextid="439" timestamp="2019-06-16T17:32:47.399">
  <mem-info id="441" free="1288392" total="8781824" percent="14">
    <mem type="nursery" free="0" total="2883584" percent="0">
      <mem type="allocate" free="0" total="2031616" percent="0" />
      <mem type="survivor" free="0" total="851968" percent="0" />
    </mem>
    <mem type="tenure" free="1288392" total="5898240" percent="21">
      <mem type="soa" free="1038536" total="5603328" percent="18" />
      <mem type="loa" free="249856" total="294912" percent="84" />
    </mem>
    <remembered-set count="243" />
  </mem-info>
</gc-start>
<allocation-stats totalBytes="1152800" >
  <allocated-bytes non-tlh="98328" tlh="1054472" />
  <largest-consumer threadName="Thread-4" threadId="0000000001B0E500" bytes="610336" />
</allocation-stats>
<gc-op id="442" type="scavenge" timems="0.308" contextid="439" timestamp="2019-06-16T17:32:47.399">
  <scavenger-info tenureage="1" tenuremask="7ffe" tiltratio="70" />
  <memory-copied type="nursery" objects="689" bytes="314672" bytesdiscarded="83656" />
  <memory-copied type="tenure" objects="773" bytes="330376" bytesdiscarded="600" />
</gc-op>
<gc-end id="443" type="scavenge" contextid="439" durationms="0.498" usertimems="0.000" systemtimems="0.000" timestamp="2019-06-16T17:32:47.399" activeThreads="4">
  <mem-info id="444" free="2691744" total="8781824" percent="30">
    <mem type="nursery" free="1698792" total="2883584" percent="58">
      <mem type="allocate" free="1698792" total="2097152" percent="81" />
      <mem type="survivor" free="0" total="786432" percent="0" />
    </mem>
    <mem type="tenure" free="992952" total="5898240" percent="16">
      <mem type="soa" free="743096" total="5603328" percent="13" />
      <mem type="loa" free="249856" total="294912" percent="84" />
    </mem>
    <remembered-set count="135" />
  </mem-info>
</gc-end>
<cycle-end id="445" type="scavenge" contextid="439" timestamp="2019-06-16T17:32:47.399" />
  <attribute name="elasticGC enabled" value="1" />
  <attribute name= "numThreadsSpecified" value="4" />
  <attribute name="heapSize specified" value="9043968" />
  <attribute name="Current GC Util" value="16" />
  <attribute name= "Current Time Running" value="1137" />
  <attribute name ="GC Interval" value="200" />
  <attribute name="ProportionalT" value="-4.000000" />
  <attribute name="ProportionalI" value="-4.000000" />
  <attribute name="ProportionalH" value="-4.000000" />
  <attribute name="Current Error" value="-4.000000" />
  <attribute name="IntegralT" value="-28.000000" />
  <attribute name="IntegralI" value="-28.000000" />
  <attribute name="IntegralH" value="-28.000000" />
  <attribute name="DerivativeT" value="-0.285714" />
  <attribute name="DerivativeI" value="-0.285714" />
  <attribute name="DerivativeH" value="-0.285714" />
  <attribute name="Loop Time for DT" value="7.000000" />
  <attribute name="Output H" value="2092630016"/>
  <attribute name="Output I" value="200"/>
  <attribute name="Output T" value="4"/>
  <attribute name="Target GC Util Change" value ="20.000000" />
  <attribute name="Current GC Util Change" value="16.000000"/>
  <attribute name="GC Util currently" value="16" />
  <attribute name="CPU Util currently" value="685484795230" />
<allocation-satisfied id="446" threadId="0000000001B0E500" bytesRequested="16392" />
<af-end id="447" timestamp="2019-06-16T17:32:47.399" threadId="0000000001B0EE88" success="true" from="nursery"/>
<exclusive-end id="448" timestamp="2019-06-16T17:32:47.399" durationms="0.995" />

<exclusive-start id="449" timestamp="2019-06-16T17:32:47.414" intervalms="15.317">
  <response-info timems="0.044" idlems="0.044" threads="0" lastid="0000000001B0E500" lastname="Thread-4" />
</exclusive-start>
<af-start id="450" threadId="0000000001B0EE88" totalBytesRequested="16392" timestamp="2019-06-16T17:32:47.414" intervalms="15.321" type="nursery" />
<cycle-start id="451" type="scavenge" contextid="0" timestamp="2019-06-16T17:32:47.414" intervalms="15.323" />
<gc-start id="452" type="scavenge" contextid="451" timestamp="2019-06-16T17:32:47.414">
  <mem-info id="453" free="992952" total="8781824" percent="11">
    <mem type="nursery" free="0" total="2883584" percent="0">
      <mem type="allocate" free="0" total="2097152" percent="0" />
      <mem type="survivor" free="0" total="786432" percent="0" />
    </mem>
    <mem type="tenure" free="992952" total="5898240" percent="16">
      <mem type="soa" free="743096" total="5603328" percent="13" />
      <mem type="loa" free="249856" total="294912" percent="84" />
    </mem>
    <remembered-set count="297" />
  </mem-info>
</gc-start>
<allocation-stats totalBytes="1696064" >
  <allocated-bytes non-tlh="131112" tlh="1564952" />
  <largest-consumer threadName="Thread-4" threadId="0000000001B0E500" bytes="784696" />
</allocation-stats>
<gc-op id="454" type="scavenge" timems="0.378" contextid="451" timestamp="2019-06-16T17:32:47.415">
  <scavenger-info tenureage="1" tenuremask="7ffe" tiltratio="72" />
  <memory-copied type="nursery" objects="878" bytes="371008" bytesdiscarded="166832" />
  <memory-copied type="tenure" objects="601" bytes="258976" bytesdiscarded="872" />
  <references type="weak" candidates="1" cleared="0" enqueued="0" />
  <references type="phantom" candidates="1" cleared="0" enqueued="0" />
</gc-op>
<gc-end id="455" type="scavenge" contextid="451" durationms="0.572" usertimems="0.000" systemtimems="0.000" timestamp="2019-06-16T17:32:47.415" activeThreads="4">
  <mem-info id="456" free="2270848" total="8781824" percent="25">
    <mem type="nursery" free="1624816" total="2883584" percent="56">
      <mem type="allocate" free="1624816" total="2162688" percent="75" />
      <mem type="survivor" free="0" total="720896" percent="0" />
    </mem>
    <mem type="tenure" free="646032" total="5898240" percent="10">
      <mem type="soa" free="396176" total="5603328" percent="7" />
      <mem type="loa" free="249856" total="294912" percent="84" />
    </mem>
    <remembered-set count="159" />
  </mem-info>
</gc-end>
<cycle-end id="457" type="scavenge" contextid="451" timestamp="2019-06-16T17:32:47.415" />
  <attribute name="elasticGC enabled" value="1" />
  <attribute name= "numThreadsSpecified" value="4" />
  <attribute name="heapSize specified" value="9043968" />
  <attribute name="Current GC Util" value="5" />
  <attribute name= "Current Time Running" value="1152" />
  <attribute name ="GC Interval" value="200" />
  <attribute name="ProportionalT" value="-15.000000" />
  <attribute name="ProportionalI" value="-15.000000" />
  <attribute name="ProportionalH" value="-15.000000" />
  <attribute name="Current Error" value="-15.000000" />
  <attribute name="IntegralT" value="-225.000000" />
  <attribute name="IntegralI" value="-225.000000" />
  <attribute name="IntegralH" value="-225.000000" />
  <attribute name="DerivativeT" value="-0.500000" />
  <attribute name="DerivativeI" value="-0.500000" />
  <attribute name="DerivativeH" value="-0.500000" />
  <attribute name="Loop Time for DT" value="15.000000" />
  <attribute name="Output H" value="2092630016"/>
  <attribute name="Output I" value="200"/>
  <attribute name="Output T" value="4"/>
  <attribute name="Target GC Util Change" value ="20.000000" />
  <attribute name="Current GC Util Change" value="5.000000"/>
  <attribute name="GC Util currently" value="5" />
  <attribute name="CPU Util currently" value="300929448330" />
<allocation-satisfied id="458" threadId="0000000001B0E500" bytesRequested="16392" />
<af-end id="459" timestamp="2019-06-16T17:32:47.415" threadId="0000000001B0EE88" success="true" from="nursery"/>
<exclusive-end id="460" timestamp="2019-06-16T17:32:47.415" durationms="1.034" />

<concurrent-kickoff id="461" timestamp="2019-06-16T17:32:47.428">
  <kickoff reason="threshold reached" targetBytes="1703246" thresholdFreeBytes="234479"  remainingFree="178912" tenureFreeBytes="646032" nurseryFreeBytes="178912" />
</concurrent-kickoff>
<exclusive-start id="462" timestamp="2019-06-16T17:32:47.428" intervalms="13.964">
  <response-info timems="0.028" idlems="0.028" threads="0" lastid="0000000001B0E500" lastname="Thread-4" />
</exclusive-start>
<cycle-start id="463" type="global" contextid="0" timestamp="2019-06-16T17:32:47.428" intervalms="135.441" />
<exclusive-end id="464" timestamp="2019-06-16T17:32:47.428" durationms="0.109" />

<exclusive-start id="465" timestamp="2019-06-16T17:32:47.432" intervalms="4.354">
  <response-info timems="0.031" idlems="0.031" threads="0" lastid="0000000001B15D00" lastname="Thread-6" />
</exclusive-start>
<af-start id="466" threadId="0000000001B16688" totalBytesRequested="48" timestamp="2019-06-16T17:32:47.432" intervalms="18.318" type="nursery" />
<cycle-start id="467" type="scavenge" contextid="0" timestamp="2019-06-16T17:32:47.432" intervalms="18.314" />
<gc-start id="468" type="scavenge" contextid="467" timestamp="2019-06-16T17:32:47.432">
  <mem-info id="469" free="646032" total="8781824" percent="7">
    <mem type="nursery" free="0" total="2883584" percent="0">
      <mem type="allocate" free="0" total="2162688" percent="0" />
      <mem type="survivor" free="0" total="720896" percent="0" />
    </mem>
    <mem type="tenure" free="646032" total="5898240" percent="10">
      <mem type="soa" free="396176" total="5603328" percent="7" />
      <mem type="loa" free="249856" total="294912" percent="84" />
    </mem>
    <remembered-set count="298" />
  </mem-info>
</gc-start>
<allocation-stats totalBytes="1616472" >
  <allocated-bytes non-tlh="49168" tlh="1567304" />
  <largest-consumer threadName="Thread-4" threadId="0000000001B0E500" bytes="791520" />
</allocation-stats>
<gc-op id="470" type="scavenge" timems="0.452" contextid="467" timestamp="2019-06-16T17:32:47.433">
  <scavenger-info tenureage="1" tenuremask="7ffe" tiltratio="75" />
  <memory-copied type="nursery" objects="1282" bytes="482624" bytesdiscarded="207888" />
  <memory-copied type="tenure" objects="758" bytes="340384" bytesdiscarded="56" />
</gc-op>
<gc-end id="471" type="scavenge" contextid="467" durationms="0.803" usertimems="0.000" systemtimems="0.000" timestamp="2019-06-16T17:32:47.433" activeThreads="4">
  <mem-info id="472" free="1787400" total="8781824" percent="20">
    <mem type="nursery" free="1472136" total="2883584" percent="51">
      <mem type="allocate" free="1472136" total="2162688" percent="68" />
      <mem type="survivor" free="0" total="720896" percent="0" />
    </mem>
    <mem type="tenure" free="315264" total="5898240" percent="5">
      <mem type="soa" free="65408" total="5603328" percent="1" />
      <mem type="loa" free="249856" total="294912" percent="84" />
    </mem>
    <remembered-set count="158" />
  </mem-info>
</gc-end>
<cycle-end id="473" type="scavenge" contextid="467" timestamp="2019-06-16T17:32:47.433" />
  <attribute name="elasticGC enabled" value="1" />
  <attribute name= "numThreadsSpecified" value="4" />
  <attribute name="heapSize specified" value="9043968" />
  <attribute name="Current GC Util" value="5" />
  <attribute name= "Current Time Running" value="1170" />
  <attribute name ="GC Interval" value="200" />
  <attribute name="ProportionalT" value="-15.000000" />
  <attribute name="ProportionalI" value="-15.000000" />
  <attribute name="ProportionalH" value="-15.000000" />
  <attribute name="Current Error" value="-15.000000" />
  <attribute name="IntegralT" value="-270.000000" />
  <attribute name="IntegralI" value="-270.000000" />
  <attribute name="IntegralH" value="-270.000000" />
  <attribute name="DerivativeT" value="-0.416667" />
  <attribute name="DerivativeI" value="-0.416667" />
  <attribute name="DerivativeH" value="-0.416667" />
  <attribute name="Loop Time for DT" value="18.000000" />
  <attribute name="Output H" value="2092630016"/>
  <attribute name="Output I" value="200"/>
  <attribute name="Output T" value="4"/>
  <attribute name="Target GC Util Change" value ="20.000000" />
  <attribute name="Current GC Util Change" value="5.000000"/>
  <attribute name="GC Util currently" value="5" />
  <attribute name="CPU Util currently" value="251956278002" />
<allocation-satisfied id="474" threadId="0000000001B15D00" bytesRequested="48" />
<af-end id="475" timestamp="2019-06-16T17:32:47.434" threadId="0000000001B16688" success="true" from="nursery"/>
<exclusive-end id="476" timestamp="2019-06-16T17:32:47.434" durationms="1.992" />

<exclusive-start id="477" timestamp="2019-06-16T17:32:47.435" intervalms="2.612">
  <response-info timems="0.045" idlems="0.045" threads="0" lastid="0000000001B12100" lastname="Thread-5" />
</exclusive-start>
<concurrent-collection-start id="478" timestamp="2019-06-16T17:32:47.435" intervalms="132.258" >
  <concurrent-trace-info reason="card cleaning threshold reached" tracedByMutators="495536" tracedByHelpers="880068" cardsCleaned="84" workStackOverflowCount="0" />
</concurrent-collection-start>
<gc-start id="479" type="global" contextid="463" timestamp="2019-06-16T17:32:47.435">
  <mem-info id="480" free="1594832" total="8781824" percent="18">
    <mem type="nursery" free="1279568" total="2883584" percent="44">
      <mem type="allocate" free="1279568" total="2162688" percent="59" />
      <mem type="survivor" free="0" total="720896" percent="0" />
    </mem>
    <mem type="tenure" free="315264" total="5898240" percent="5">
      <mem type="soa" free="65408" total="5603328" percent="1" />
      <mem type="loa" free="249856" total="294912" percent="84" />
    </mem>
    <remembered-set count="161" />
  </mem-info>
</gc-start>
<allocation-stats totalBytes="192568" >
  <allocated-bytes non-tlh="32824" tlh="159744" />
  <largest-consumer threadName="Thread-5" threadId="0000000001B12100" bytes="57352" />
</allocation-stats>
<gc-op id="481" type="rs-scan" timems="1.051" contextid="463" timestamp="2019-06-16T17:32:47.436">
  <scan objectsFound="76" bytesTraced="38748" workStackOverflowCount="0" />
</gc-op>
<gc-op id="482" type="card-cleaning" timems="0.841" contextid="463" timestamp="2019-06-16T17:32:47.437">
  <card-cleaning cardsCleaned="3" bytesTraced="109844" workStackOverflowCount="0" />
</gc-op>
<gc-op id="483" type="mark" timems="3.859" contextid="463" timestamp="2019-06-16T17:32:47.441">
  <trace-info objectcount="1479" scancount="1296" scanbytes="248340" />
  <finalization candidates="25" enqueued="0" />
  <references type="soft" candidates="164" cleared="0" enqueued="0" dynamicThreshold="16" maxThreshold="32" />
  <references type="weak" candidates="235" cleared="0" enqueued="0" />
  <references type="phantom" candidates="64" cleared="0" enqueued="0" />
  <stringconstants candidates="3963" cleared="0"  />
</gc-op>
<gc-op id="484" type="classunload" timems="0.180" contextid="463" timestamp="2019-06-16T17:32:47.441">
  <classunload-info classloadercandidates="20" classloadersunloaded="0" classesunloaded="1" anonymousclassesunloaded="1" quiescems="0.000" setupms="0.177" scanms="0.002" postms="0.001" />
</gc-op>
<gc-op id="485" type="sweep" timems="1.281" contextid="463" timestamp="2019-06-16T17:32:47.443" />
<mem-info id="486" free="4601704" total="8781824" percent="52">
  <mem type="nursery" free="1681368" total="2883584" percent="58">
    <mem type="allocate" free="1681368" total="2162688" percent="77" />
    <mem type="survivor" free="0" total="720896" percent="0" />
  </mem>
  <mem type="tenure" free="2920336" total="5898240" percent="49" micro-fragmented="8223" macro-fragmented="0">
    <mem type="soa" free="2625424" total="5603328" percent="46" />
    <mem type="loa" free="294912" total="294912" percent="100" />
  </mem>
  <remembered-set count="137" />
</mem-info>
<gc-op id="487" type="compact" timems="9.942" contextid="463" timestamp="2019-06-16T17:32:47.453">
  <compact-info movecount="23998" movebytes="2712824" reason="compact to aid heap contraction" />
</gc-op>
<heap-resize id="488" type="contract" space="tenure" amount="262144" count="1" timems="0.067" reason="heap reconfiguration" timestamp="2019-06-16T17:32:47.453" />
<gc-end id="489" type="global" contextid="463" durationms="18.561" usertimems="20.000" systemtimems="4.000" timestamp="2019-06-16T17:32:47.453" activeThreads="4">
  <mem-info id="490" free="4314496" total="8519680" percent="50">
    <mem type="nursery" free="1683232" total="2883584" percent="58">
      <mem type="allocate" free="1683232" total="2162688" percent="77" />
      <mem type="survivor" free="0" total="720896" percent="0" />
    </mem>
    <mem type="tenure" free="2631264" total="5636096" percent="46">
      <mem type="soa" free="2382432" total="5354496" percent="44" />
      <mem type="loa" free="248832" total="281600" percent="88" />
    </mem>
    <remembered-set count="137" />
  </mem-info>
</gc-end>
<cycle-end id="491" type="global" contextid="463" timestamp="2019-06-16T17:32:47.454" />
  <attribute name="elasticGC enabled" value="1" />
  <attribute name= "numThreadsSpecified" value="4" />
  <attribute name="heapSize specified" value="8781824" />
  <attribute name="Current GC Util" value="60" />
  <attribute name= "Current Time Running" value="1190" />
  <attribute name ="GC Interval" value="200" />
  <attribute name="ProportionalT" value="40.000000" />
  <attribute name="ProportionalI" value="40.000000" />
  <attribute name="ProportionalH" value="40.000000" />
  <attribute name="Current Error" value="40.000000" />
  <attribute name="IntegralT" value="400.000000" />
  <attribute name="IntegralI" value="400.000000" />
  <attribute name="IntegralH" value="400.000000" />
  <attribute name="DerivativeT" value="-2.500000" />
  <attribute name="DerivativeI" value="-2.500000" />
  <attribute name="DerivativeH" value="-2.500000" />
  <attribute name="Loop Time for DT" value="10.000000" />
  <attribute name="Output H" value="8388608"/>
  <attribute name="Output I" value="440"/>
  <attribute name="Output T" value="4"/>
  <attribute name="Target GC Util Change" value ="20.000000" />
  <attribute name="Current GC Util Change" value="60.000000"/>
  <attribute name="GC Util currently" value="60" />
  <attribute name="CPU Util currently" value="458901353575" />
<concurrent-collection-end id="492" timestamp="2019-06-16T17:32:47.454" />
<exclusive-end id="493" timestamp="2019-06-16T17:32:47.454" durationms="18.874" />

<exclusive-start id="494" timestamp="2019-06-16T17:32:47.469" intervalms="34.270">
  <response-info timems="0.030" idlems="0.030" threads="0" lastid="0000000001B0A900" lastname="Thread-3" />
</exclusive-start>
<af-start id="495" threadId="0000000001B0B288" totalBytesRequested="112" timestamp="2019-06-16T17:32:47.469" intervalms="36.885" type="nursery" />
<cycle-start id="496" type="scavenge" contextid="0" timestamp="2019-06-16T17:32:47.469" intervalms="36.885" />
<gc-start id="497" type="scavenge" contextid="496" timestamp="2019-06-16T17:32:47.469">
  <mem-info id="498" free="2631264" total="8519680" percent="30">
    <mem type="nursery" free="0" total="2883584" percent="0">
      <mem type="allocate" free="0" total="2162688" percent="0" />
      <mem type="survivor" free="0" total="720896" percent="0" />
    </mem>
    <mem type="tenure" free="2631264" total="5636096" percent="46">
      <mem type="soa" free="2382432" total="5354496" percent="44" />
      <mem type="loa" free="248832" total="281600" percent="88" />
    </mem>
    <remembered-set count="277" />
  </mem-info>
</gc-start>
<allocation-stats totalBytes="1649240" >
  <allocated-bytes non-tlh="163896" tlh="1485344" />
  <largest-consumer threadName="Thread-4" threadId="0000000001B0E500" bytes="540488" />
</allocation-stats>
<gc-op id="499" type="scavenge" timems="0.337" contextid="496" timestamp="2019-06-16T17:32:47.470">
  <scavenger-info tenureage="1" tenuremask="7ffe" tiltratio="75" />
  <memory-copied type="nursery" objects="1649" bytes="640640" bytesdiscarded="80200" />
  <memory-copied type="tenure" objects="359" bytes="136888" bytesdiscarded="456" />
  <copy-failed type="nursery" objects="318" bytes="134784" />
  <references type="phantom" candidates="1" cleared="0" enqueued="0" />
</gc-op>
<gc-end id="500" type="scavenge" contextid="496" durationms="0.700" usertimems="4.000" systemtimems="0.000" timestamp="2019-06-16T17:32:47.470" activeThreads="4">
  <mem-info id="501" free="3437640" total="8519680" percent="40">
    <mem type="nursery" free="983040" total="2883584" percent="34">
      <mem type="allocate" free="983040" total="1703936" percent="57" />
      <mem type="survivor" free="0" total="1179648" percent="0" />
    </mem>
    <mem type="tenure" free="2454600" total="5636096" percent="43">
      <mem type="soa" free="2205768" total="5354496" percent="41" />
      <mem type="loa" free="248832" total="281600" percent="88" />
    </mem>
    <remembered-set count="176" />
  </mem-info>
</gc-end>
<cycle-end id="502" type="scavenge" contextid="496" timestamp="2019-06-16T17:32:47.470" />
  <attribute name="elasticGC enabled" value="1" />
  <attribute name= "numThreadsSpecified" value="4" />
  <attribute name="heapSize specified" value="8781824" />
  <attribute name="Current GC Util" value="47" />
  <attribute name= "Current Time Running" value="1207" />
  <attribute name ="GC Interval" value="488" />
  <attribute name="ProportionalT" value="27.000000" />
  <attribute name="ProportionalI" value="27.000000" />
  <attribute name="ProportionalH" value="27.000000" />
  <attribute name="Current Error" value="27.000000" />
  <attribute name="IntegralT" value="459.000000" />
  <attribute name="IntegralI" value="459.000000" />
  <attribute name="IntegralH" value="459.000000" />
  <attribute name="DerivativeT" value="-0.382353" />
  <attribute name="DerivativeI" value="-0.382353" />
  <attribute name="DerivativeH" value="-0.382353" />
  <attribute name="Loop Time for DT" value="17.000000" />
  <attribute name="Output H" value="8388608"/>
  <attribute name="Output I" value="488"/>
  <attribute name="Output T" value="4"/>
  <attribute name="Target GC Util Change" value ="20.000000" />
  <attribute name="Current GC Util Change" value="47.000000"/>
  <attribute name="GC Util currently" value="47" />
  <attribute name="CPU Util currently" value="278504645663" />
<allocation-satisfied id="503" threadId="0000000001B0A900" bytesRequested="112" />
<af-end id="504" timestamp="2019-06-16T17:32:47.470" threadId="0000000001B0B288" success="true" from="nursery"/>
<exclusive-end id="505" timestamp="2019-06-16T17:32:47.470" durationms="1.255" />

<exclusive-start id="506" timestamp="2019-06-16T17:32:47.480" intervalms="11.019">
  <response-info timems="0.036" idlems="0.036" threads="0" lastid="0000000001B0A900" lastname="Thread-3" />
</exclusive-start>
<af-start id="507" threadId="0000000001B0B288" totalBytesRequested="16392" timestamp="2019-06-16T17:32:47.480" intervalms="11.014" type="nursery" />
<cycle-start id="508" type="scavenge" contextid="0" timestamp="2019-06-16T17:32:47.480" intervalms="11.012" />
<gc-start id="509" type="scavenge" contextid="508" timestamp="2019-06-16T17:32:47.480">
  <mem-info id="510" free="2454600" total="8519680" percent="28">
    <mem type="nursery" free="0" total="2883584" percent="0">
      <mem type="allocate" free="0" total="1703936" percent="0" />
      <mem type="survivor" free="0" total="1179648" percent="0" />
    </mem>
    <mem type="tenure" free="2454600" total="5636096" percent="43">
      <mem type="soa" free="2205768" total="5354496" percent="41" />
      <mem type="loa" free="248832" total="281600" percent="88" />
    </mem>
    <remembered-set count="309" />
  </mem-info>
</gc-start>
<allocation-stats totalBytes="969160" >
  <allocated-bytes non-tlh="82056" tlh="887104" />
  <largest-consumer threadName="Thread-6" threadId="0000000001B15D00" bytes="441208" />
</allocation-stats>
<gc-op id="511" type="scavenge" timems="0.334" contextid="508" timestamp="2019-06-16T17:32:47.481">
  <scavenger-info tenureage="1" tenuremask="7ffe" tiltratio="59" />
  <memory-copied type="nursery" objects="837" bytes="317560" bytesdiscarded="246888" />
  <memory-copied type="tenure" objects="1034" bytes="424216" bytesdiscarded="432" />
</gc-op>
<gc-end id="512" type="scavenge" contextid="508" durationms="0.687" usertimems="0.000" systemtimems="0.000" timestamp="2019-06-16T17:32:47.481" activeThreads="4">
  <mem-info id="513" free="3208152" total="8519680" percent="37">
    <mem type="nursery" free="1204992" total="2883584" percent="41">
      <mem type="allocate" free="1204992" total="1769472" percent="68" />
      <mem type="survivor" free="0" total="1114112" percent="0" />
    </mem>
    <mem type="tenure" free="2003160" total="5636096" percent="35">
      <mem type="soa" free="1754328" total="5354496" percent="32" />
      <mem type="loa" free="248832" total="281600" percent="88" />
    </mem>
    <remembered-set count="139" />
  </mem-info>
</gc-end>
<cycle-end id="514" type="scavenge" contextid="508" timestamp="2019-06-16T17:32:47.481" />
  <attribute name="elasticGC enabled" value="1" />
  <attribute name= "numThreadsSpecified" value="4" />
  <attribute name="heapSize specified" value="8781824" />
  <attribute name="Current GC Util" value="8" />
  <attribute name= "Current Time Running" value="1218" />
  <attribute name ="GC Interval" value="200" />
  <attribute name="ProportionalT" value="-12.000000" />
  <attribute name="ProportionalI" value="-12.000000" />
  <attribute name="ProportionalH" value="-12.000000" />
  <attribute name="Current Error" value="-12.000000" />
  <attribute name="IntegralT" value="-132.000000" />
  <attribute name="IntegralI" value="-132.000000" />
  <attribute name="IntegralH" value="-132.000000" />
  <attribute name="DerivativeT" value="-1.772727" />
  <attribute name="DerivativeI" value="-1.772727" />
  <attribute name="DerivativeH" value="-1.772727" />
  <attribute name="Loop Time for DT" value="11.000000" />
  <attribute name="Output H" value="2092630016"/>
  <attribute name="Output I" value="200"/>
  <attribute name="Output T" value="4"/>
  <attribute name="Target GC Util Change" value ="20.000000" />
  <attribute name="Current GC Util Change" value="8.000000"/>
  <attribute name="GC Util currently" value="8" />
  <attribute name="CPU Util currently" value="418900646734" />
<allocation-satisfied id="515" threadId="0000000001B0A900" bytesRequested="16392" />
<af-end id="516" timestamp="2019-06-16T17:32:47.481" threadId="0000000001B0B288" success="true" from="nursery"/>
<exclusive-end id="517" timestamp="2019-06-16T17:32:47.481" durationms="1.112" />

<exclusive-start id="518" timestamp="2019-06-16T17:32:47.487" intervalms="7.446">
  <response-info timems="0.037" idlems="0.037" threads="0" lastid="0000000001B0E500" lastname="Thread-4" />
</exclusive-start>
<af-start id="519" threadId="0000000001B0EE88" totalBytesRequested="144" timestamp="2019-06-16T17:32:47.488" intervalms="7.443" type="nursery" />
<cycle-start id="520" type="scavenge" contextid="0" timestamp="2019-06-16T17:32:47.488" intervalms="7.449" />
<gc-start id="521" type="scavenge" contextid="520" timestamp="2019-06-16T17:32:47.488">
  <mem-info id="522" free="2003160" total="8519680" percent="23">
    <mem type="nursery" free="0" total="2883584" percent="0">
      <mem type="allocate" free="0" total="1769472" percent="0" />
      <mem type="survivor" free="0" total="1114112" percent="0" />
    </mem>
    <mem type="tenure" free="2003160" total="5636096" percent="35">
      <mem type="soa" free="1754328" total="5354496" percent="32" />
      <mem type="loa" free="248832" total="281600" percent="88" />
    </mem>
    <remembered-set count="271" />
  </mem-info>
</gc-start>
<allocation-stats totalBytes="1182504" >
  <allocated-bytes non-tlh="49168" tlh="1133336" />
  <largest-consumer threadName="Thread-6" threadId="0000000001B15D00" bytes="692856" />
</allocation-stats>
<gc-op id="523" type="scavenge" timems="0.366" contextid="520" timestamp="2019-06-16T17:32:47.488">
  <scavenger-info tenureage="1" tenuremask="7ffe" tiltratio="61" />
  <memory-copied type="nursery" objects="1032" bytes="379960" bytesdiscarded="161864" />
  <memory-copied type="tenure" objects="153" bytes="96888" bytesdiscarded="72" />
  <references type="phantom" candidates="1" cleared="0" enqueued="0" />
</gc-op>
<gc-end id="524" type="scavenge" contextid="520" durationms="0.565" usertimems="0.000" systemtimems="0.000" timestamp="2019-06-16T17:32:47.488" activeThreads="4">
  <mem-info id="525" free="2928696" total="8519680" percent="34">
    <mem type="nursery" free="1358688" total="2883584" percent="47">
      <mem type="allocate" free="1358688" total="1900544" percent="71" />
      <mem type="survivor" free="0" total="983040" percent="0" />
    </mem>
    <mem type="tenure" free="1570008" total="5636096" percent="27">
      <mem type="soa" free="1321176" total="5354496" percent="24" />
      <mem type="loa" free="248832" total="281600" percent="88" />
    </mem>
    <remembered-set count="140" />
  </mem-info>
</gc-end>
<cycle-end id="526" type="scavenge" contextid="520" timestamp="2019-06-16T17:32:47.488" />
  <attribute name="elasticGC enabled" value="1" />
  <attribute name= "numThreadsSpecified" value="4" />
  <attribute name="heapSize specified" value="8781824" />
  <attribute name="Current GC Util" value="12" />
  <attribute name= "Current Time Running" value="1226" />
  <attribute name ="GC Interval" value="200" />
  <attribute name="ProportionalT" value="-8.000000" />
  <attribute name="ProportionalI" value="-8.000000" />
  <attribute name="ProportionalH" value="-8.000000" />
  <attribute name="Current Error" value="-8.000000" />
  <attribute name="IntegralT" value="-64.000000" />
  <attribute name="IntegralI" value="-64.000000" />
  <attribute name="IntegralH" value="-64.000000" />
  <attribute name="DerivativeT" value="-0.500000" />
  <attribute name="DerivativeI" value="-0.500000" />
  <attribute name="DerivativeH" value="-0.500000" />
  <attribute name="Loop Time for DT" value="8.000000" />
  <attribute name="Output H" value="2092630016"/>
  <attribute name="Output I" value="200"/>
  <attribute name="Output T" value="4"/>
  <attribute name="Target GC Util Change" value ="20.000000" />
  <attribute name="Current GC Util Change" value="12.000000"/>
  <attribute name="GC Util currently" value="12" />
  <attribute name="CPU Util currently" value="617896505409" />
<allocation-satisfied id="527" threadId="0000000001B0E500" bytesRequested="144" />
<af-end id="528" timestamp="2019-06-16T17:32:47.488" threadId="0000000001B0EE88" success="true" from="nursery"/>
<exclusive-end id="529" timestamp="2019-06-16T17:32:47.488" durationms="1.010" />

<exclusive-start id="530" timestamp="2019-06-16T17:32:47.502" intervalms="14.624">
  <response-info timems="0.047" idlems="0.047" threads="0" lastid="0000000001B15D00" lastname="Thread-6" />
</exclusive-start>
<af-start id="531" threadId="0000000001B16688" totalBytesRequested="16" timestamp="2019-06-16T17:32:47.502" intervalms="14.626" type="nursery" />
<cycle-start id="532" type="scavenge" contextid="0" timestamp="2019-06-16T17:32:47.502" intervalms="14.621" />
<gc-start id="533" type="scavenge" contextid="532" timestamp="2019-06-16T17:32:47.502">
  <mem-info id="534" free="1570008" total="8519680" percent="18">
    <mem type="nursery" free="0" total="2883584" percent="0">
      <mem type="allocate" free="0" total="1900544" percent="0" />
      <mem type="survivor" free="0" total="983040" percent="0" />
    </mem>
    <mem type="tenure" free="1570008" total="5636096" percent="27">
      <mem type="soa" free="1321176" total="5354496" percent="24" />
      <mem type="loa" free="248832" total="281600" percent="88" />
    </mem>
    <remembered-set count="274" />
  </mem-info>
</gc-start>
<allocation-stats totalBytes="1357328" >
  <allocated-bytes non-tlh="82088" tlh="1275240" />
  <largest-consumer threadName="Thread-6" threadId="0000000001B15D00" bytes="540584" />
</allocation-stats>
<gc-op id="535" type="scavenge" timems="0.355" contextid="532" timestamp="2019-06-16T17:32:47.503">
  <scavenger-info tenureage="1" tenuremask="7ffe" tiltratio="65" />
  <memory-copied type="nursery" objects="1265" bytes="540456" bytesdiscarded="197184" />
  <memory-copied type="tenure" objects="585" bytes="191224" bytesdiscarded="16" />
</gc-op>
<gc-end id="536" type="scavenge" contextid="532" durationms="0.711" usertimems="0.000" systemtimems="0.000" timestamp="2019-06-16T17:32:47.503" activeThreads="4">
  <mem-info id="537" free="2529600" total="8519680" percent="29">
    <mem type="nursery" free="1162864" total="2883584" percent="40">
      <mem type="allocate" free="1162864" total="1900544" percent="61" />
      <mem type="survivor" free="0" total="983040" percent="0" />
    </mem>
    <mem type="tenure" free="1366736" total="5636096" percent="24">
      <mem type="soa" free="1117904" total="5354496" percent="20" />
      <mem type="loa" free="248832" total="281600" percent="88" />
    </mem>
    <remembered-set count="142" />
  </mem-info>
</gc-end>
<cycle-end id="538" type="scavenge" contextid="532" timestamp="2019-06-16T17:32:47.503" />
  <attribute name="elasticGC enabled" value="1" />
  <attribute name= "numThreadsSpecified" value="4" />
  <attribute name="heapSize specified" value="8781824" />
  <attribute name="Current GC Util" value="6" />
  <attribute name= "Current Time Running" value="1240" />
  <attribute name ="GC Interval" value="200" />
  <attribute name="ProportionalT" value="-14.000000" />
  <attribute name="ProportionalI" value="-14.000000" />
  <attribute name="ProportionalH" value="-14.000000" />
  <attribute name="Current Error" value="-14.000000" />
  <attribute name="IntegralT" value="-196.000000" />
  <attribute name="IntegralI" value="-196.000000" />
  <attribute name="IntegralH" value="-196.000000" />
  <attribute name="DerivativeT" value="-0.500000" />
  <attribute name="DerivativeI" value="-0.500000" />
  <attribute name="DerivativeH" value="-0.500000" />
  <attribute name="Loop Time for DT" value="14.000000" />
  <attribute name="Output H" value="2092630016"/>
  <attribute name="Output I" value="200"/>
  <attribute name="Output T" value="4"/>
  <attribute name="Target GC Util Change" value ="20.000000" />
  <attribute name="Current GC Util Change" value="6.000000"/>
  <attribute name="GC Util currently" value="6" />
  <attribute name="CPU Util currently" value="315683279147" />
<allocation-satisfied id="539" threadId="0000000001B15D00" bytesRequested="16" />
<af-end id="540" timestamp="2019-06-16T17:32:47.503" threadId="0000000001B16688" success="true" from="nursery"/>
<exclusive-end id="541" timestamp="2019-06-16T17:32:47.503" durationms="1.134" />

<exclusive-start id="542" timestamp="2019-06-16T17:32:47.513" intervalms="11.024">
  <response-info timems="0.040" idlems="0.021" threads="1" lastid="0000000001B0A900" lastname="Thread-3" />
</exclusive-start>
<af-start id="543" threadId="0000000001B0EE88" totalBytesRequested="48" timestamp="2019-06-16T17:32:47.513" intervalms="11.022" type="nursery" />
<cycle-start id="544" type="scavenge" contextid="0" timestamp="2019-06-16T17:32:47.513" intervalms="11.024" />
<gc-start id="545" type="scavenge" contextid="544" timestamp="2019-06-16T17:32:47.513">
  <mem-info id="546" free="1366736" total="8519680" percent="16">
    <mem type="nursery" free="0" total="2883584" percent="0">
      <mem type="allocate" free="0" total="1900544" percent="0" />
      <mem type="survivor" free="0" total="983040" percent="0" />
    </mem>
    <mem type="tenure" free="1366736" total="5636096" percent="24">
      <mem type="soa" free="1117904" total="5354496" percent="20" />
      <mem type="loa" free="248832" total="281600" percent="88" />
    </mem>
    <remembered-set count="249" />
  </mem-info>
</gc-start>
<allocation-stats totalBytes="1085336" >
  <allocated-bytes non-tlh="81960" tlh="1003376" />
  <largest-consumer threadName="Thread-3" threadId="0000000001B0A900" bytes="450984" />
</allocation-stats>
<gc-op id="547" type="scavenge" timems="0.389" contextid="544" timestamp="2019-06-16T17:32:47.514">
  <scavenger-info tenureage="1" tenuremask="7ffe" tiltratio="65" />
  <memory-copied type="nursery" objects="1096" bytes="452848" bytesdiscarded="232304" />
  <memory-copied type="tenure" objects="728" bytes="325424" bytesdiscarded="440" />
  <references type="phantom" candidates="1" cleared="0" enqueued="0" />
</gc-op>
<gc-end id="548" type="scavenge" contextid="544" durationms="0.592" usertimems="0.000" systemtimems="0.000" timestamp="2019-06-16T17:32:47.514" activeThreads="4">
  <mem-info id="549" free="2283736" total="8519680" percent="26">
    <mem type="nursery" free="1280888" total="2883584" percent="44">
      <mem type="allocate" free="1280888" total="1966080" percent="65" />
      <mem type="survivor" free="0" total="917504" percent="0" />
    </mem>
    <mem type="tenure" free="1002848" total="5636096" percent="17">
      <mem type="soa" free="754016" total="5354496" percent="14" />
      <mem type="loa" free="248832" total="281600" percent="88" />
    </mem>
    <remembered-set count="148" />
  </mem-info>
</gc-end>
<cycle-end id="550" type="scavenge" contextid="544" timestamp="2019-06-16T17:32:47.514" />
  <attribute name="elasticGC enabled" value="1" />
  <attribute name= "numThreadsSpecified" value="4" />
  <attribute name="heapSize specified" value="8781824" />
  <attribute name="Current GC Util" value="8" />
  <attribute name= "Current Time Running" value="1251" />
  <attribute name ="GC Interval" value="200" />
  <attribute name="ProportionalT" value="-12.000000" />
  <attribute name="ProportionalI" value="-12.000000" />
  <attribute name="ProportionalH" value="-12.000000" />
  <attribute name="Current Error" value="-12.000000" />
  <attribute name="IntegralT" value="-132.000000" />
  <attribute name="IntegralI" value="-132.000000" />
  <attribute name="IntegralH" value="-132.000000" />
  <attribute name="DerivativeT" value="-0.545455" />
  <attribute name="DerivativeI" value="-0.545455" />
  <attribute name="DerivativeH" value="-0.545455" />
  <attribute name="Loop Time for DT" value="11.000000" />
  <attribute name="Output H" value="2092630016"/>
  <attribute name="Output I" value="200"/>
  <attribute name="Output T" value="4"/>
  <attribute name="Target GC Util Change" value ="20.000000" />
  <attribute name="Current GC Util Change" value="8.000000"/>
  <attribute name="GC Util currently" value="8" />
  <attribute name="CPU Util currently" value="417772371230" />
<allocation-satisfied id="551" threadId="0000000001B0E500" bytesRequested="48" />
<af-end id="552" timestamp="2019-06-16T17:32:47.514" threadId="0000000001B0EE88" success="true" from="nursery"/>
<exclusive-end id="553" timestamp="2019-06-16T17:32:47.514" durationms="1.036" />

<exclusive-start id="554" timestamp="2019-06-16T17:32:47.525" intervalms="12.035">
  <response-info timems="0.048" idlems="0.048" threads="0" lastid="0000000001B12100" lastname="Thread-5" />
</exclusive-start>
<af-start id="555" threadId="0000000001B12A88" totalBytesRequested="16392" timestamp="2019-06-16T17:32:47.525" intervalms="12.019" type="nursery" />
<cycle-start id="556" type="scavenge" contextid="0" timestamp="2019-06-16T17:32:47.525" intervalms="12.004" />
<gc-start id="557" type="scavenge" contextid="556" timestamp="2019-06-16T17:32:47.525">
  <mem-info id="558" free="1002848" total="8519680" percent="11">
    <mem type="nursery" free="0" total="2883584" percent="0">
      <mem type="allocate" free="0" total="1966080" percent="0" />
      <mem type="survivor" free="0" total="917504" percent="0" />
    </mem>
    <mem type="tenure" free="1002848" total="5636096" percent="17">
      <mem type="soa" free="754016" total="5354496" percent="14" />
      <mem type="loa" free="248832" total="281600" percent="88" />
    </mem>
    <remembered-set count="276" />
  </mem-info>
</gc-start>
<allocation-stats totalBytes="1245120" >
  <allocated-bytes non-tlh="32824" tlh="1212296" />
  <largest-consumer threadName="Thread-3" threadId="0000000001B0A900" bytes="791504" />
</allocation-stats>
<gc-op id="559" type="scavenge" timems="2.966" contextid="556" timestamp="2019-06-16T17:32:47.528">
  <scavenger-info tenureage="1" tenuremask="7ffe" tiltratio="68" />
  <memory-copied type="nursery" objects="557" bytes="254808" bytesdiscarded="211144" />
  <memory-copied type="tenure" objects="661" bytes="265088" bytesdiscarded="392" />
  <references type="weak" candidates="1" cleared="0" enqueued="0" />
  <references type="phantom" candidates="2" cleared="0" enqueued="0" />
</gc-op>
<heap-resize id="560" type="expand" space="nursery" amount="393216" count="1" timems="0.013" reason="excessive time being spent scavenging" timestamp="2019-06-16T17:32:47.528" />
<gc-end id="561" type="scavenge" contextid="556" durationms="3.210" usertimems="4.000" systemtimems="0.000" timestamp="2019-06-16T17:32:47.529" activeThreads="4">
  <mem-info id="562" free="2635512" total="8912896" percent="29">
    <mem type="nursery" free="1893312" total="3276800" percent="57">
      <mem type="allocate" free="1893312" total="2359296" percent="80" />
      <mem type="survivor" free="0" total="917504" percent="0" />
    </mem>
    <mem type="tenure" free="742200" total="5636096" percent="13">
      <mem type="soa" free="493368" total="5354496" percent="9" />
      <mem type="loa" free="248832" total="281600" percent="88" />
    </mem>
    <remembered-set count="147" />
  </mem-info>
</gc-end>
<cycle-end id="563" type="scavenge" contextid="556" timestamp="2019-06-16T17:32:47.529" />
  <attribute name="elasticGC enabled" value="1" />
  <attribute name= "numThreadsSpecified" value="4" />
  <attribute name="heapSize specified" value="8781824" />
  <attribute name="Current GC Util" value="9" />
  <attribute name= "Current Time Running" value="1263" />
  <attribute name ="GC Interval" value="200" />
  <attribute name="ProportionalT" value="-11.000000" />
  <attribute name="ProportionalI" value="-11.000000" />
  <attribute name="ProportionalH" value="-11.000000" />
  <attribute name="Current Error" value="-11.000000" />
  <attribute name="IntegralT" value="-132.000000" />
  <attribute name="IntegralI" value="-132.000000" />
  <attribute name="IntegralH" value="-132.000000" />
  <attribute name="DerivativeT" value="-0.458333" />
  <attribute name="DerivativeI" value="-0.458333" />
  <attribute name="DerivativeH" value="-0.458333" />
  <attribute name="Loop Time for DT" value="12.000000" />
  <attribute name="Output H" value="2092630016"/>
  <attribute name="Output I" value="200"/>
  <attribute name="Output T" value="4"/>
  <attribute name="Target GC Util Change" value ="20.000000" />
  <attribute name="Current GC Util Change" value="9.000000"/>
  <attribute name="GC Util currently" value="9" />
  <attribute name="CPU Util currently" value="385724803100" />
<allocation-satisfied id="564" threadId="0000000001B12100" bytesRequested="16392" />
<af-end id="565" timestamp="2019-06-16T17:32:47.529" threadId="0000000001B12A88" success="true" from="nursery"/>
<exclusive-end id="566" timestamp="2019-06-16T17:32:47.529" durationms="3.649" />

<concurrent-kickoff id="567" timestamp="2019-06-16T17:32:47.537">
  <kickoff reason="threshold reached" targetBytes="1563909" thresholdFreeBytes="211130"  remainingFree="144320" tenureFreeBytes="742200" nurseryFreeBytes="144320" />
</concurrent-kickoff>
<exclusive-start id="568" timestamp="2019-06-16T17:32:47.538" intervalms="12.394">
  <response-info timems="0.051" idlems="0.051" threads="0" lastid="0000000001B12100" lastname="Thread-5" />
</exclusive-start>
<cycle-start id="569" type="global" contextid="0" timestamp="2019-06-16T17:32:47.538" intervalms="109.762" />
<exclusive-end id="570" timestamp="2019-06-16T17:32:47.538" durationms="0.076" />

<exclusive-start id="571" timestamp="2019-06-16T17:32:47.541" intervalms="3.075">
  <response-info timems="0.027" idlems="0.027" threads="0" lastid="0000000001B0E500" lastname="Thread-4" />
</exclusive-start>
<af-start id="572" threadId="0000000001B0EE88" totalBytesRequested="48" timestamp="2019-06-16T17:32:47.541" intervalms="15.483" type="nursery" />
<cycle-start id="573" type="scavenge" contextid="0" timestamp="2019-06-16T17:32:47.541" intervalms="15.509" />
<gc-start id="574" type="scavenge" contextid="573" timestamp="2019-06-16T17:32:47.541">
  <mem-info id="575" free="742200" total="8912896" percent="8">
    <mem type="nursery" free="0" total="3276800" percent="0">
      <mem type="allocate" free="0" total="2359296" percent="0" />
      <mem type="survivor" free="0" total="917504" percent="0" />
    </mem>
    <mem type="tenure" free="742200" total="5636096" percent="13">
      <mem type="soa" free="493368" total="5354496" percent="9" />
      <mem type="loa" free="248832" total="281600" percent="88" />
    </mem>
    <remembered-set count="322" />
  </mem-info>
</gc-start>
<allocation-stats totalBytes="1830720" >
  <allocated-bytes non-tlh="147504" tlh="1683216" />
  <largest-consumer threadName="Thread-5" threadId="0000000001B12100" bytes="655800" />
</allocation-stats>
<gc-op id="576" type="scavenge" timems="0.429" contextid="573" timestamp="2019-06-16T17:32:47.541">
  <scavenger-info tenureage="1" tenuremask="7ffe" tiltratio="72" />
  <memory-copied type="nursery" objects="1519" bytes="728272" bytesdiscarded="189160" />
  <memory-copied type="tenure" objects="580" bytes="262648" bytesdiscarded="8" />
  <copy-failed type="nursery" objects="119" bytes="37376" />
  <references type="phantom" candidates="1" cleared="0" enqueued="0" />
</gc-op>
<gc-end id="577" type="scavenge" contextid="573" durationms="0.625" usertimems="0.000" systemtimems="4.000" timestamp="2019-06-16T17:32:47.541" activeThreads="4">
  <mem-info id="578" free="1528376" total="8912896" percent="17">
    <mem type="nursery" free="917504" total="3276800" percent="28">
      <mem type="allocate" free="917504" total="1835008" percent="50" />
      <mem type="survivor" free="0" total="1441792" percent="0" />
    </mem>
    <mem type="tenure" free="610872" total="5636096" percent="10">
      <mem type="soa" free="362040" total="5354496" percent="6" />
      <mem type="loa" free="248832" total="281600" percent="88" />
    </mem>
    <remembered-set count="183" />
  </mem-info>
</gc-end>
<cycle-end id="579" type="scavenge" contextid="573" timestamp="2019-06-16T17:32:47.542" />
  <attribute name="elasticGC enabled" value="1" />
  <attribute name= "numThreadsSpecified" value="4" />
  <attribute name="heapSize specified" value="8781824" />
  <attribute name="Current GC Util" value="29" />
  <attribute name= "Current Time Running" value="1279" />
  <attribute name ="GC Interval" value="200" />
  <attribute name="ProportionalT" value="9.000000" />
  <attribute name="ProportionalI" value="9.000000" />
  <attribute name="ProportionalH" value="9.000000" />
  <attribute name="Current Error" value="9.000000" />
  <attribute name="IntegralT" value="144.000000" />
  <attribute name="IntegralI" value="144.000000" />
  <attribute name="IntegralH" value="144.000000" />
  <attribute name="DerivativeT" value="0.281250" />
  <attribute name="DerivativeI" value="0.281250" />
  <attribute name="DerivativeH" value="0.281250" />
  <attribute name="Loop Time for DT" value="16.000000" />
  <attribute name="Output H" value="8388608"/>
  <attribute name="Output I" value="200"/>
  <attribute name="Output T" value="4"/>
  <attribute name="Target GC Util Change" value ="20.000000" />
  <attribute name="Current GC Util Change" value="29.000000"/>
  <attribute name="GC Util currently" value="29" />
  <attribute name="CPU Util currently" value="296572249043" />
<allocation-satisfied id="580" threadId="0000000001B0E500" bytesRequested="48" />
<af-end id="581" timestamp="2019-06-16T17:32:47.542" threadId="0000000001B0EE88" success="true" from="nursery"/>
<exclusive-end id="582" timestamp="2019-06-16T17:32:47.542" durationms="1.855" />

<exclusive-start id="583" timestamp="2019-06-16T17:32:47.549" intervalms="8.690">
  <response-info timems="0.027" idlems="0.027" threads="0" lastid="0000000001B15D00" lastname="Thread-6" />
</exclusive-start>
<af-start id="584" threadId="0000000001B16688" totalBytesRequested="32776" timestamp="2019-06-16T17:32:47.549" intervalms="8.685" type="nursery" />
<cycle-start id="585" type="scavenge" contextid="0" timestamp="2019-06-16T17:32:47.549" intervalms="8.680" />
<gc-start id="586" type="scavenge" contextid="585" timestamp="2019-06-16T17:32:47.550">
  <mem-info id="587" free="610872" total="8912896" percent="6">
    <mem type="nursery" free="0" total="3276800" percent="0">
      <mem type="allocate" free="0" total="1835008" percent="0" />
      <mem type="survivor" free="0" total="1441792" percent="0" />
    </mem>
    <mem type="tenure" free="610872" total="5636096" percent="10">
      <mem type="soa" free="362040" total="5354496" percent="6" />
      <mem type="loa" free="248832" total="281600" percent="88" />
    </mem>
    <remembered-set count="238" />
  </mem-info>
</gc-start>
<allocation-stats totalBytes="888872" >
  <allocated-bytes non-tlh="48" tlh="888824" />
  <largest-consumer threadName="Thread-4" threadId="0000000001B0E500" bytes="352904" />
</allocation-stats>
<gc-op id="588" type="scavenge" timems="0.368" contextid="585" timestamp="2019-06-16T17:32:47.550">
  <scavenger-info tenureage="1" tenuremask="7ffe" tiltratio="56" />
  <memory-copied type="nursery" objects="942" bytes="375544" bytesdiscarded="106752" />
  <memory-copied type="tenure" objects="640" bytes="452736" bytesdiscarded="1136" />
  <references type="phantom" candidates="1" cleared="0" enqueued="0" />
  <heap-resize type="expand" space="tenure" amount="65536" count="1" timems="0.014" reason="continue current collection" />
</gc-op>
<gc-end id="589" type="scavenge" contextid="585" durationms="0.717" usertimems="0.000" systemtimems="0.000" timestamp="2019-06-16T17:32:47.550" activeThreads="4">
  <mem-info id="590" free="1735656" total="8978432" percent="19">
    <mem type="nursery" free="1483752" total="3276800" percent="45">
      <mem type="allocate" free="1483752" total="1966080" percent="75" />
      <mem type="survivor" free="0" total="1310720" percent="0" />
    </mem>
    <mem type="tenure" free="251904" total="5701632" percent="4">
      <mem type="soa" free="0" total="5416960" percent="0" />
      <mem type="loa" free="251904" total="284672" percent="88" />
    </mem>
    <remembered-set count="126" />
  </mem-info>
</gc-end>
<cycle-end id="591" type="scavenge" contextid="585" timestamp="2019-06-16T17:32:47.550" />
  <attribute name="elasticGC enabled" value="1" />
  <attribute name= "numThreadsSpecified" value="4" />
  <attribute name="heapSize specified" value="8781824" />
  <attribute name="Current GC Util" value="13" />
  <attribute name= "Current Time Running" value="1287" />
  <attribute name ="GC Interval" value="200" />
  <attribute name="ProportionalT" value="-7.000000" />
  <attribute name="ProportionalI" value="-7.000000" />
  <attribute name="ProportionalH" value="-7.000000" />
  <attribute name="Current Error" value="-7.000000" />
  <attribute name="IntegralT" value="-56.000000" />
  <attribute name="IntegralI" value="-56.000000" />
  <attribute name="IntegralH" value="-56.000000" />
  <attribute name="DerivativeT" value="-1.000000" />
  <attribute name="DerivativeI" value="-1.000000" />
  <attribute name="DerivativeH" value="-1.000000" />
  <attribute name="Loop Time for DT" value="8.000000" />
  <attribute name="Output H" value="2092630016"/>
  <attribute name="Output I" value="200"/>
  <attribute name="Output T" value="4"/>
  <attribute name="Target GC Util Change" value ="20.000000" />
  <attribute name="Current GC Util Change" value="13.000000"/>
  <attribute name="GC Util currently" value="13" />
  <attribute name="CPU Util currently" value="532120973693" />
<allocation-satisfied id="592" threadId="0000000001B15D00" bytesRequested="32776" />
<af-end id="593" timestamp="2019-06-16T17:32:47.551" threadId="0000000001B16688" success="true" from="nursery"/>
<exclusive-end id="594" timestamp="2019-06-16T17:32:47.551" durationms="1.233" />

<exclusive-start id="595" timestamp="2019-06-16T17:32:47.551" intervalms="1.492">
  <response-info timems="0.025" idlems="0.025" threads="0" lastid="0000000001B15D00" lastname="Thread-6" />
</exclusive-start>
<concurrent-collection-start id="596" timestamp="2019-06-16T17:32:47.551" intervalms="116.040" >
  <concurrent-trace-info reason="card cleaning threshold reached" tracedByMutators="254568" tracedByHelpers="967304" cardsCleaned="73" workStackOverflowCount="0" />
</concurrent-collection-start>
<gc-start id="597" type="global" contextid="569" timestamp="2019-06-16T17:32:47.551">
  <mem-info id="598" free="1666016" total="8978432" percent="18">
    <mem type="nursery" free="1414112" total="3276800" percent="43">
      <mem type="allocate" free="1414112" total="1966080" percent="71" />
      <mem type="survivor" free="0" total="1310720" percent="0" />
    </mem>
    <mem type="tenure" free="251904" total="5701632" percent="4">
      <mem type="soa" free="0" total="5416960" percent="0" />
      <mem type="loa" free="251904" total="284672" percent="88" />
    </mem>
    <remembered-set count="126" />
  </mem-info>
</gc-start>
<allocation-stats totalBytes="69640" >
  <allocated-bytes non-tlh="32776" tlh="36864" />
  <largest-consumer threadName="Thread-6" threadId="0000000001B15D00" bytes="69640" />
</allocation-stats>
<gc-op id="599" type="rs-scan" timems="0.168" contextid="569" timestamp="2019-06-16T17:32:47.551">
  <scan objectsFound="49" bytesTraced="4112" workStackOverflowCount="0" />
</gc-op>
<gc-op id="600" type="card-cleaning" timems="0.090" contextid="569" timestamp="2019-06-16T17:32:47.551">
  <card-cleaning cardsCleaned="38" bytesTraced="18436" workStackOverflowCount="0" />
</gc-op>
<gc-op id="601" type="mark" timems="0.885" contextid="569" timestamp="2019-06-16T17:32:47.552">
  <trace-info objectcount="1928" scancount="1720" scanbytes="398032" />
  <finalization candidates="25" enqueued="0" />
  <references type="soft" candidates="164" cleared="0" enqueued="0" dynamicThreshold="14" maxThreshold="32" />
  <references type="weak" candidates="235" cleared="0" enqueued="0" />
  <references type="phantom" candidates="65" cleared="0" enqueued="0" />
  <stringconstants candidates="3963" cleared="0"  />
</gc-op>
<gc-op id="602" type="sweep" timems="0.213" contextid="569" timestamp="2019-06-16T17:32:47.553" />
<mem-info id="603" free="4452592" total="8978432" percent="49">
  <mem type="nursery" free="1594400" total="3276800" percent="48">
    <mem type="allocate" free="1594400" total="1966080" percent="81" />
    <mem type="survivor" free="0" total="1310720" percent="0" />
  </mem>
  <mem type="tenure" free="2858192" total="5701632" percent="50" micro-fragmented="13128" macro-fragmented="0">
    <mem type="soa" free="2573520" total="5416960" percent="47" />
    <mem type="loa" free="284672" total="284672" percent="100" />
  </mem>
  <remembered-set count="121" />
</mem-info>
<gc-op id="604" type="compact" timems="5.321" contextid="569" timestamp="2019-06-16T17:32:47.558">
  <compact-info movecount="14478" movebytes="1434096" reason="compact to aid heap contraction" />
</gc-op>
<heap-resize id="605" type="expand" space="tenure" amount="2083651584" count="1" timems="0.021" reason="satisfy allocation request" timestamp="2019-06-16T17:32:47.558" />
<gc-end id="606" type="global" contextid="569" durationms="7.615" usertimems="4.000" systemtimems="4.000" timestamp="2019-06-16T17:32:47.559" activeThreads="4">
  <mem-info id="607" free="2088109744" total="2092630016" percent="99">
    <mem type="nursery" free="1594544" total="3276800" percent="48">
      <mem type="allocate" free="1594544" total="1966080" percent="81" />
      <mem type="survivor" free="0" total="1310720" percent="0" />
    </mem>
    <mem type="tenure" free="2086515200" total="2089353216" percent="99">
      <mem type="soa" free="1982047744" total="1984885760" percent="99" />
      <mem type="loa" free="104467456" total="104467456" percent="100" />
    </mem>
    <remembered-set count="121" />
  </mem-info>
</gc-end>
<cycle-end id="608" type="global" contextid="569" timestamp="2019-06-16T17:32:47.559" />
  <attribute name="elasticGC enabled" value="1" />
  <attribute name= "numThreadsSpecified" value="4" />
  <attribute name="heapSize specified" value="8978432" />
  <attribute name="Current GC Util" value="0" />
  <attribute name= "Current Time Running" value="1296" />
  <attribute name ="GC Interval" value="200" />
  <attribute name="ProportionalT" value="-20.000000" />
  <attribute name="ProportionalI" value="-20.000000" />
  <attribute name="ProportionalH" value="-20.000000" />
  <attribute name="Current Error" value="-20.000000" />
  <attribute name="IntegralT" value="-120.000000" />
  <attribute name="IntegralI" value="-120.000000" />
  <attribute name="IntegralH" value="-120.000000" />
  <attribute name="DerivativeT" value="-2.083333" />
  <attribute name="DerivativeI" value="-2.083333" />
  <attribute name="DerivativeH" value="-2.083333" />
  <attribute name="Loop Time for DT" value="6.000000" />
  <attribute name="Output H" value="2092630016"/>
  <attribute name="Output I" value="200"/>
  <attribute name="Output T" value="4"/>
  <attribute name="Target GC Util Change" value ="20.000000" />
  <attribute name="Current GC Util Change" value="0.000000"/>
  <attribute name="GC Util currently" value="0" />
  <attribute name="CPU Util currently" value="845009845123" />
<concurrent-collection-end id="609" timestamp="2019-06-16T17:32:47.559" />
<exclusive-end id="610" timestamp="2019-06-16T17:32:47.559" durationms="8.138" />

<exclusive-start id="611" timestamp="2019-06-16T17:32:47.576" intervalms="25.686">
  <response-info timems="0.028" idlems="0.028" threads="0" lastid="0000000001B0A900" lastname="Thread-3" />
</exclusive-start>
<af-start id="612" threadId="0000000001B0B288" totalBytesRequested="16392" timestamp="2019-06-16T17:32:47.577" intervalms="27.190" type="nursery" />
<cycle-start id="613" type="scavenge" contextid="0" timestamp="2019-06-16T17:32:47.577" intervalms="27.183" />
<gc-start id="614" type="scavenge" contextid="613" timestamp="2019-06-16T17:32:47.577">
  <mem-info id="615" free="2086515200" total="2092630016" percent="99">
    <mem type="nursery" free="0" total="3276800" percent="0">
      <mem type="allocate" free="0" total="1966080" percent="0" />
      <mem type="survivor" free="0" total="1310720" percent="0" />
    </mem>
    <mem type="tenure" free="2086515200" total="2089353216" percent="99">
      <mem type="soa" free="1982047744" total="1984885760" percent="99" />
      <mem type="loa" free="104467456" total="104467456" percent="100" />
    </mem>
    <remembered-set count="288" />
  </mem-info>
</gc-start>
<allocation-stats totalBytes="1558008" >
  <allocated-bytes non-tlh="65552" tlh="1492456" />
  <largest-consumer threadName="Thread-5" threadId="0000000001B12100" bytes="527448" />
</allocation-stats>
<gc-op id="616" type="scavenge" timems="0.412" contextid="613" timestamp="2019-06-16T17:32:47.577">
  <scavenger-info tenureage="1" tenuremask="7ffe" tiltratio="60" />
  <memory-copied type="nursery" objects="1695" bytes="639992" bytesdiscarded="252704" />
  <memory-copied type="tenure" objects="857" bytes="335968" bytesdiscarded="448" />
  <references type="phantom" candidates="1" cleared="0" enqueued="0" />
</gc-op>
<gc-end id="617" type="scavenge" contextid="613" durationms="0.767" usertimems="0.000" systemtimems="0.000" timestamp="2019-06-16T17:32:47.577" activeThreads="4">
  <mem-info id="618" free="2087100832" total="2092630016" percent="99">
    <mem type="nursery" free="1138872" total="3276800" percent="34">
      <mem type="allocate" free="1138872" total="2031616" percent="56" />
      <mem type="survivor" free="0" total="1245184" percent="0" />
    </mem>
    <mem type="tenure" free="2085961960" total="2089353216" percent="99">
      <mem type="soa" free="1981494504" total="1984885760" percent="99" />
      <mem type="loa" free="104467456" total="104467456" percent="100" />
    </mem>
    <remembered-set count="168" />
  </mem-info>
</gc-end>
<cycle-end id="619" type="scavenge" contextid="613" timestamp="2019-06-16T17:32:47.578" />
  <attribute name="elasticGC enabled" value="1" />
  <attribute name= "numThreadsSpecified" value="4" />
  <attribute name="heapSize specified" value="8978432" />
  <attribute name="Current GC Util" value="37" />
  <attribute name= "Current Time Running" value="1315" />
  <attribute name ="GC Interval" value="344" />
  <attribute name="ProportionalT" value="17.000000" />
  <attribute name="ProportionalI" value="17.000000" />
  <attribute name="ProportionalH" value="17.000000" />
  <attribute name="Current Error" value="17.000000" />
  <attribute name="IntegralT" value="323.000000" />
  <attribute name="IntegralI" value="323.000000" />
  <attribute name="IntegralH" value="323.000000" />
  <attribute name="DerivativeT" value="0.447368" />
  <attribute name="DerivativeI" value="0.447368" />
  <attribute name="DerivativeH" value="0.447368" />
  <attribute name="Loop Time for DT" value="19.000000" />
  <attribute name="Output H" value="8388608"/>
  <attribute name="Output I" value="344"/>
  <attribute name="Output T" value="4"/>
  <attribute name="Target GC Util Change" value ="20.000000" />
  <attribute name="Current GC Util Change" value="37.000000"/>
  <attribute name="GC Util currently" value="37" />
  <attribute name="CPU Util currently" value="246796432535" />
<allocation-satisfied id="620" threadId="0000000001B0A900" bytesRequested="16392" />
<af-end id="621" timestamp="2019-06-16T17:32:47.578" threadId="0000000001B0B288" success="true" from="nursery"/>
<exclusive-end id="622" timestamp="2019-06-16T17:32:47.578" durationms="1.235" />

<exclusive-start id="623" timestamp="2019-06-16T17:32:47.588" intervalms="11.444">
  <response-info timems="0.022" idlems="0.022" threads="0" lastid="0000000001B15D00" lastname="Thread-6" />
</exclusive-start>
<af-start id="624" threadId="0000000001B16688" totalBytesRequested="16392" timestamp="2019-06-16T17:32:47.588" intervalms="11.444" type="nursery" />
<cycle-start id="625" type="scavenge" contextid="0" timestamp="2019-06-16T17:32:47.588" intervalms="11.450" />
<gc-start id="626" type="scavenge" contextid="625" timestamp="2019-06-16T17:32:47.588">
  <mem-info id="627" free="2085961960" total="2092630016" percent="99">
    <mem type="nursery" free="0" total="3276800" percent="0">
      <mem type="allocate" free="0" total="2031616" percent="0" />
      <mem type="survivor" free="0" total="1245184" percent="0" />
    </mem>
    <mem type="tenure" free="2085961960" total="2089353216" percent="99">
      <mem type="soa" free="1981494504" total="1984885760" percent="99" />
      <mem type="loa" free="104467456" total="104467456" percent="100" />
    </mem>
    <remembered-set count="311" />
  </mem-info>
</gc-start>
<allocation-stats totalBytes="1069392" >
  <allocated-bytes non-tlh="81944" tlh="987448" />
  <largest-consumer threadName="Thread-3" threadId="0000000001B0A900" bytes="499232" />
</allocation-stats>
<gc-op id="628" type="scavenge" timems="0.365" contextid="625" timestamp="2019-06-16T17:32:47.589">
  <scavenger-info tenureage="1" tenuremask="7ffe" tiltratio="62" />
  <memory-copied type="nursery" objects="317" bytes="242216" bytesdiscarded="78032" />
  <memory-copied type="tenure" objects="1287" bytes="487352" bytesdiscarded="768" />
  <references type="phantom" candidates="1" cleared="0" enqueued="0" />
</gc-op>
<gc-end id="629" type="scavenge" contextid="625" durationms="0.716" usertimems="0.000" systemtimems="0.000" timestamp="2019-06-16T17:32:47.589" activeThreads="4">
  <mem-info id="630" free="2087297432" total="2092630016" percent="99">
    <mem type="nursery" free="1842408" total="3276800" percent="56">
      <mem type="allocate" free="1842408" total="2162688" percent="85" />
      <mem type="survivor" free="0" total="1114112" percent="0" />
    </mem>
    <mem type="tenure" free="2085455024" total="2089353216" percent="99">
      <mem type="soa" free="1980987568" total="1984885760" percent="99" />
      <mem type="loa" free="104467456" total="104467456" percent="100" />
    </mem>
    <remembered-set count="136" />
  </mem-info>
</gc-end>
<cycle-end id="631" type="scavenge" contextid="625" timestamp="2019-06-16T17:32:47.589" />
  <attribute name="elasticGC enabled" value="1" />
  <attribute name= "numThreadsSpecified" value="4" />
  <attribute name="heapSize specified" value="8978432" />
  <attribute name="Current GC Util" value="10" />
  <attribute name= "Current Time Running" value="1326" />
  <attribute name ="GC Interval" value="200" />
  <attribute name="ProportionalT" value="-10.000000" />
  <attribute name="ProportionalI" value="-10.000000" />
  <attribute name="ProportionalH" value="-10.000000" />
  <attribute name="Current Error" value="-10.000000" />
  <attribute name="IntegralT" value="-110.000000" />
  <attribute name="IntegralI" value="-110.000000" />
  <attribute name="IntegralH" value="-110.000000" />
  <attribute name="DerivativeT" value="-1.227273" />
  <attribute name="DerivativeI" value="-1.227273" />
  <attribute name="DerivativeH" value="-1.227273" />
  <attribute name="Loop Time for DT" value="11.000000" />
  <attribute name="Output H" value="2092630016"/>
  <attribute name="Output I" value="200"/>
  <attribute name="Output T" value="4"/>
  <attribute name="Target GC Util Change" value ="20.000000" />
  <attribute name="Current GC Util Change" value="10.000000"/>
  <attribute name="GC Util currently" value="10" />
  <attribute name="CPU Util currently" value="402924742223" />
<allocation-satisfied id="632" threadId="0000000001B15D00" bytesRequested="16392" />
<af-end id="633" timestamp="2019-06-16T17:32:47.589" threadId="0000000001B16688" success="true" from="nursery"/>
<exclusive-end id="634" timestamp="2019-06-16T17:32:47.589" durationms="1.150" />

<exclusive-start id="635" timestamp="2019-06-16T17:32:47.606" intervalms="17.910">
  <response-info timems="0.039" idlems="0.039" threads="0" lastid="0000000001B12100" lastname="Thread-5" />
</exclusive-start>
<af-start id="636" threadId="0000000001B12A88" totalBytesRequested="2056" timestamp="2019-06-16T17:32:47.606" intervalms="17.914" type="nursery" />
<cycle-start id="637" type="scavenge" contextid="0" timestamp="2019-06-16T17:32:47.606" intervalms="17.900" />
<gc-start id="638" type="scavenge" contextid="637" timestamp="2019-06-16T17:32:47.606">
  <mem-info id="639" free="2085455024" total="2092630016" percent="99">
    <mem type="nursery" free="0" total="3276800" percent="0">
      <mem type="allocate" free="0" total="2162688" percent="0" />
      <mem type="survivor" free="0" total="1114112" percent="0" />
    </mem>
    <mem type="tenure" free="2085455024" total="2089353216" percent="99">
      <mem type="soa" free="1980987568" total="1984885760" percent="99" />
      <mem type="loa" free="104467456" total="104467456" percent="100" />
    </mem>
    <remembered-set count="324" />
  </mem-info>
</gc-start>
<allocation-stats totalBytes="1838776" >
  <allocated-bytes non-tlh="147496" tlh="1691280" />
  <largest-consumer threadName="Thread-6" threadId="0000000001B15D00" bytes="728720" />
</allocation-stats>
<gc-op id="640" type="scavenge" timems="3.427" contextid="637" timestamp="2019-06-16T17:32:47.610">
  <scavenger-info tenureage="1" tenuremask="7ffe" tiltratio="66" />
  <memory-copied type="nursery" objects="1884" bytes="629776" bytesdiscarded="175208" />
  <memory-copied type="tenure" objects="190" bytes="184416" bytesdiscarded="0" />
  <references type="phantom" candidates="1" cleared="0" enqueued="0" />
</gc-op>
<gc-end id="641" type="scavenge" contextid="637" durationms="3.600" usertimems="4.000" systemtimems="0.000" timestamp="2019-06-16T17:32:47.610" activeThreads="4">
  <mem-info id="642" free="2086707960" total="2092630016" percent="99">
    <mem type="nursery" free="1357664" total="3276800" percent="41">
      <mem type="allocate" free="1357664" total="2162688" percent="62" />
      <mem type="survivor" free="0" total="1114112" percent="0" />
    </mem>
    <mem type="tenure" free="2085350296" total="2089353216" percent="99">
      <mem type="soa" free="1980882840" total="1984885760" percent="99" />
      <mem type="loa" free="104467456" total="104467456" percent="100" />
    </mem>
    <remembered-set count="145" />
  </mem-info>
</gc-end>
<cycle-end id="643" type="scavenge" contextid="637" timestamp="2019-06-16T17:32:47.610" />
  <attribute name="elasticGC enabled" value="1" />
  <attribute name= "numThreadsSpecified" value="4" />
  <attribute name="heapSize specified" value="8978432" />
  <attribute name="Current GC Util" value="5" />
  <attribute name= "Current Time Running" value="1344" />
  <attribute name ="GC Interval" value="200" />
  <attribute name="ProportionalT" value="-15.000000" />
  <attribute name="ProportionalI" value="-15.000000" />
  <attribute name="ProportionalH" value="-15.000000" />
  <attribute name="Current Error" value="-15.000000" />
  <attribute name="IntegralT" value="-270.000000" />
  <attribute name="IntegralI" value="-270.000000" />
  <attribute name="IntegralH" value="-270.000000" />
  <attribute name="DerivativeT" value="-0.416667" />
  <attribute name="DerivativeI" value="-0.416667" />
  <attribute name="DerivativeH" value="-0.416667" />
  <attribute name="Loop Time for DT" value="18.000000" />
  <attribute name="Output H" value="2092630016"/>
  <attribute name="Output I" value="200"/>
  <attribute name="Output T" value="4"/>
  <attribute name="Target GC Util Change" value ="20.000000" />
  <attribute name="Current GC Util Change" value="5.000000"/>
  <attribute name="GC Util currently" value="5" />
  <attribute name="CPU Util currently" value="257655493626" />
<allocation-satisfied id="644" threadId="0000000001B12100" bytesRequested="2056" />
<af-end id="645" timestamp="2019-06-16T17:32:47.610" threadId="0000000001B12A88" success="true" from="nursery"/>
<exclusive-end id="646" timestamp="2019-06-16T17:32:47.610" durationms="4.027" />

<exclusive-start id="647" timestamp="2019-06-16T17:32:47.616" intervalms="9.903">
  <response-info timems="0.029" idlems="0.029" threads="0" lastid="0000000001B15D00" lastname="Thread-6" />
</exclusive-start>
<af-start id="648" threadId="0000000001B16688" totalBytesRequested="8200" timestamp="2019-06-16T17:32:47.616" intervalms="9.891" type="nursery" />
<cycle-start id="649" type="scavenge" contextid="0" timestamp="2019-06-16T17:32:47.616" intervalms="9.897" />
<gc-start id="650" type="scavenge" contextid="649" timestamp="2019-06-16T17:32:47.616">
  <mem-info id="651" free="2085350296" total="2092630016" percent="99">
    <mem type="nursery" free="0" total="3276800" percent="0">
      <mem type="allocate" free="0" total="2162688" percent="0" />
      <mem type="survivor" free="0" total="1114112" percent="0" />
    </mem>
    <mem type="tenure" free="2085350296" total="2089353216" percent="99">
      <mem type="soa" free="1980882840" total="1984885760" percent="99" />
      <mem type="loa" free="104467456" total="104467456" percent="100" />
    </mem>
    <remembered-set count="256" />
  </mem-info>
</gc-start>
<allocation-stats totalBytes="1272480" >
  <allocated-bytes non-tlh="67608" tlh="1204872" />
  <largest-consumer threadName="Thread-6" threadId="0000000001B15D00" bytes="681496" />
</allocation-stats>
<gc-op id="652" type="scavenge" timems="0.392" contextid="649" timestamp="2019-06-16T17:32:47.616">
  <scavenger-info tenureage="1" tenuremask="7ffe" tiltratio="66" />
  <memory-copied type="nursery" objects="856" bytes="416552" bytesdiscarded="59592" />
  <memory-copied type="tenure" objects="1225" bytes="421248" bytesdiscarded="848" />
  <references type="phantom" candidates="1" cleared="0" enqueued="0" />
</gc-op>
<gc-end id="653" type="scavenge" contextid="649" durationms="0.741" usertimems="0.000" systemtimems="0.000" timestamp="2019-06-16T17:32:47.617" activeThreads="4">
  <mem-info id="654" free="2086656072" total="2092630016" percent="99">
    <mem type="nursery" free="1752032" total="3276800" percent="53">
      <mem type="allocate" free="1752032" total="2228224" percent="78" />
      <mem type="survivor" free="0" total="1048576" percent="0" />
    </mem>
    <mem type="tenure" free="2084904040" total="2089353216" percent="99">
      <mem type="soa" free="1980436584" total="1984885760" percent="99" />
      <mem type="loa" free="104467456" total="104467456" percent="100" />
    </mem>
    <remembered-set count="142" />
  </mem-info>
</gc-end>
<cycle-end id="655" type="scavenge" contextid="649" timestamp="2019-06-16T17:32:47.617" />
  <attribute name="elasticGC enabled" value="1" />
  <attribute name= "numThreadsSpecified" value="4" />
  <attribute name="heapSize specified" value="8978432" />
  <attribute name="Current GC Util" value="52" />
  <attribute name= "Current Time Running" value="1354" />
  <attribute name ="GC Interval" value="360" />
  <attribute name="ProportionalT" value="32.000000" />
  <attribute name="ProportionalI" value="32.000000" />
  <attribute name="ProportionalH" value="32.000000" />
  <attribute name="Current Error" value="32.000000" />
  <attribute name="IntegralT" value="320.000000" />
  <attribute name="IntegralI" value="320.000000" />
  <attribute name="IntegralH" value="320.000000" />
  <attribute name="DerivativeT" value="1.600000" />
  <attribute name="DerivativeI" value="1.600000" />
  <attribute name="DerivativeH" value="1.600000" />
  <attribute name="Loop Time for DT" value="10.000000" />
  <attribute name="Output H" value="8388608"/>
  <attribute name="Output I" value="360"/>
  <attribute name="Output T" value="4"/>
  <attribute name="Target GC Util Change" value ="20.000000" />
  <attribute name="Current GC Util Change" value="52.000000"/>
  <attribute name="GC Util currently" value="52" />
  <attribute name="CPU Util currently" value="466084817615" />
<allocation-satisfied id="656" threadId="0000000001B15D00" bytesRequested="8200" />
<af-end id="657" timestamp="2019-06-16T17:32:47.617" threadId="0000000001B16688" success="true" from="nursery"/>
<exclusive-end id="658" timestamp="2019-06-16T17:32:47.617" durationms="1.160" />

<exclusive-start id="659" timestamp="2019-06-16T17:32:47.628" intervalms="12.575">
  <response-info timems="0.037" idlems="0.037" threads="0" lastid="0000000001B0E500" lastname="Thread-4" />
</exclusive-start>
<af-start id="660" threadId="0000000001B0EE88" totalBytesRequested="16392" timestamp="2019-06-16T17:32:47.628" intervalms="12.577" type="nursery" />
<cycle-start id="661" type="scavenge" contextid="0" timestamp="2019-06-16T17:32:47.628" intervalms="12.581" />
<gc-start id="662" type="scavenge" contextid="661" timestamp="2019-06-16T17:32:47.629">
  <mem-info id="663" free="2084904040" total="2092630016" percent="99">
    <mem type="nursery" free="0" total="3276800" percent="0">
      <mem type="allocate" free="0" total="2228224" percent="0" />
      <mem type="survivor" free="0" total="1048576" percent="0" />
    </mem>
    <mem type="tenure" free="2084904040" total="2089353216" percent="99">
      <mem type="soa" free="1980436584" total="1984885760" percent="99" />
      <mem type="loa" free="104467456" total="104467456" percent="100" />
    </mem>
    <remembered-set count="276" />
  </mem-info>
</gc-start>
<allocation-stats totalBytes="1655432" >
  <allocated-bytes non-tlh="122920" tlh="1532512" />
  <largest-consumer threadName="Thread-3" threadId="0000000001B0A900" bytes="686360" />
</allocation-stats>
<gc-op id="664" type="scavenge" timems="0.301" contextid="661" timestamp="2019-06-16T17:32:47.629">
  <scavenger-info tenureage="1" tenuremask="7ffe" tiltratio="68" />
  <memory-copied type="nursery" objects="904" bytes="515736" bytesdiscarded="229480" />
  <memory-copied type="tenure" objects="130" bytes="50752" bytesdiscarded="0" />
</gc-op>
<gc-end id="665" type="scavenge" contextid="661" durationms="0.491" usertimems="0.000" systemtimems="0.000" timestamp="2019-06-16T17:32:47.629" activeThreads="4">
  <mem-info id="666" free="2086380584" total="2092630016" percent="99">
    <mem type="nursery" free="1548488" total="3276800" percent="47">
      <mem type="allocate" free="1548488" total="2293760" percent="67" />
      <mem type="survivor" free="0" total="983040" percent="0" />
    </mem>
    <mem type="tenure" free="2084832096" total="2089353216" percent="99">
      <mem type="soa" free="1980364640" total="1984885760" percent="99" />
      <mem type="loa" free="104467456" total="104467456" percent="100" />
    </mem>
    <remembered-set count="128" />
  </mem-info>
</gc-end>
<cycle-end id="667" type="scavenge" contextid="661" timestamp="2019-06-16T17:32:47.629" />
  <attribute name="elasticGC enabled" value="1" />
  <attribute name= "numThreadsSpecified" value="4" />
  <attribute name="heapSize specified" value="8978432" />
  <attribute name="Current GC Util" value="8" />
  <attribute name= "Current Time Running" value="1366" />
  <attribute name ="GC Interval" value="200" />
  <attribute name="ProportionalT" value="-12.000000" />
  <attribute name="ProportionalI" value="-12.000000" />
  <attribute name="ProportionalH" value="-12.000000" />
  <attribute name="Current Error" value="-12.000000" />
  <attribute name="IntegralT" value="-144.000000" />
  <attribute name="IntegralI" value="-144.000000" />
  <attribute name="IntegralH" value="-144.000000" />
  <attribute name="DerivativeT" value="-1.833333" />
  <attribute name="DerivativeI" value="-1.833333" />
  <attribute name="DerivativeH" value="-1.833333" />
  <attribute name="Loop Time for DT" value="12.000000" />
  <attribute name="Output H" value="2092630016"/>
  <attribute name="Output I" value="200"/>
  <attribute name="Output T" value="4"/>
  <attribute name="Target GC Util Change" value ="20.000000" />
  <attribute name="Current GC Util Change" value="8.000000"/>
  <attribute name="GC Util currently" value="8" />
  <attribute name="CPU Util currently" value="366094747488" />
<allocation-satisfied id="668" threadId="0000000001B0E500" bytesRequested="16392" />
<af-end id="669" timestamp="2019-06-16T17:32:47.629" threadId="0000000001B0EE88" success="true" from="nursery"/>
<exclusive-end id="670" timestamp="2019-06-16T17:32:47.629" durationms="0.934" />

<exclusive-start id="671" timestamp="2019-06-16T17:32:47.642" intervalms="13.785">
  <response-info timems="0.027" idlems="0.027" threads="0" lastid="0000000001B0E500" lastname="Thread-4" />
</exclusive-start>
<af-start id="672" threadId="0000000001B0EE88" totalBytesRequested="2008" timestamp="2019-06-16T17:32:47.642" intervalms="13.789" type="nursery" />
<cycle-start id="673" type="scavenge" contextid="0" timestamp="2019-06-16T17:32:47.642" intervalms="13.790" />
<gc-start id="674" type="scavenge" contextid="673" timestamp="2019-06-16T17:32:47.642">
  <mem-info id="675" free="2084832096" total="2092630016" percent="99">
    <mem type="nursery" free="0" total="3276800" percent="0">
      <mem type="allocate" free="0" total="2293760" percent="0" />
      <mem type="survivor" free="0" total="983040" percent="0" />
    </mem>
    <mem type="tenure" free="2084832096" total="2089353216" percent="99">
      <mem type="soa" free="1980364640" total="1984885760" percent="99" />
      <mem type="loa" free="104467456" total="104467456" percent="100" />
    </mem>
    <remembered-set count="255" />
  </mem-info>
</gc-start>
<allocation-stats totalBytes="1530584" >
  <allocated-bytes non-tlh="49168" tlh="1481416" />
  <largest-consumer threadName="Thread-4" threadId="0000000001B0E500" bytes="705504" />
</allocation-stats>
<gc-op id="676" type="scavenge" timems="0.350" contextid="673" timestamp="2019-06-16T17:32:47.643">
  <scavenger-info tenureage="1" tenuremask="7ffe" tiltratio="70" />
  <memory-copied type="nursery" objects="1195" bytes="441760" bytesdiscarded="266336" />
  <memory-copied type="tenure" objects="738" bytes="339168" bytesdiscarded="760" />
</gc-op>
<gc-end id="677" type="scavenge" contextid="673" durationms="0.539" usertimems="0.000" systemtimems="0.000" timestamp="2019-06-16T17:32:47.643" activeThreads="4">
  <mem-info id="678" free="2085855480" total="2092630016" percent="99">
    <mem type="nursery" free="1651168" total="3276800" percent="50">
      <mem type="allocate" free="1651168" total="2359296" percent="69" />
      <mem type="survivor" free="0" total="917504" percent="0" />
    </mem>
    <mem type="tenure" free="2084204312" total="2089353216" percent="99">
      <mem type="soa" free="1979736856" total="1984885760" percent="99" />
      <mem type="loa" free="104467456" total="104467456" percent="100" />
    </mem>
    <remembered-set count="127" />
  </mem-info>
</gc-end>
<cycle-end id="679" type="scavenge" contextid="673" timestamp="2019-06-16T17:32:47.643" />
  <attribute name="elasticGC enabled" value="1" />
  <attribute name= "numThreadsSpecified" value="4" />
  <attribute name="heapSize specified" value="8978432" />
  <attribute name="Current GC Util" value="6" />
  <attribute name= "Current Time Running" value="1380" />
  <attribute name ="GC Interval" value="200" />
  <attribute name="ProportionalT" value="-14.000000" />
  <attribute name="ProportionalI" value="-14.000000" />
  <attribute name="ProportionalH" value="-14.000000" />
  <attribute name="Current Error" value="-14.000000" />
  <attribute name="IntegralT" value="-196.000000" />
  <attribute name="IntegralI" value="-196.000000" />
  <attribute name="IntegralH" value="-196.000000" />
  <attribute name="DerivativeT" value="-0.500000" />
  <attribute name="DerivativeI" value="-0.500000" />
  <attribute name="DerivativeH" value="-0.500000" />
  <attribute name="Loop Time for DT" value="14.000000" />
  <attribute name="Output H" value="2092630016"/>
  <attribute name="Output I" value="200"/>
  <attribute name="Output T" value="4"/>
  <attribute name="Target GC Util Change" value ="20.000000" />
  <attribute name="Current GC Util Change" value="6.000000"/>
  <attribute name="GC Util currently" value="6" />
  <attribute name="CPU Util currently" value="334488796845" />
<allocation-satisfied id="680" threadId="0000000001B0E500" bytesRequested="2008" />
<af-end id="681" timestamp="2019-06-16T17:32:47.643" threadId="0000000001B0EE88" success="true" from="nursery"/>
<exclusive-end id="682" timestamp="2019-06-16T17:32:47.643" durationms="0.988" />

<exclusive-start id="683" timestamp="2019-06-16T17:32:47.660" intervalms="17.580">
  <response-info timems="0.052" idlems="0.052" threads="0" lastid="0000000001B12100" lastname="Thread-5" />
</exclusive-start>
<af-start id="684" threadId="0000000001B12A88" totalBytesRequested="152" timestamp="2019-06-16T17:32:47.660" intervalms="17.569" type="nursery" />
<cycle-start id="685" type="scavenge" contextid="0" timestamp="2019-06-16T17:32:47.660" intervalms="17.556" />
<gc-start id="686" type="scavenge" contextid="685" timestamp="2019-06-16T17:32:47.660">
  <mem-info id="687" free="2084204312" total="2092630016" percent="99">
    <mem type="nursery" free="0" total="3276800" percent="0">
      <mem type="allocate" free="0" total="2359296" percent="0" />
      <mem type="survivor" free="0" total="917504" percent="0" />
    </mem>
    <mem type="tenure" free="2084204312" total="2089353216" percent="99">
      <mem type="soa" free="1979736856" total="1984885760" percent="99" />
      <mem type="loa" free="104467456" total="104467456" percent="100" />
    </mem>
    <remembered-set count="273" />
  </mem-info>
</gc-start>
<allocation-stats totalBytes="1587232" >
  <allocated-bytes non-tlh="34784" tlh="1552448" />
  <largest-consumer threadName="Thread-4" threadId="0000000001B0E500" bytes="651624" />
</allocation-stats>
<gc-op id="688" type="scavenge" timems="2.934" contextid="685" timestamp="2019-06-16T17:32:47.663">
  <scavenger-info tenureage="1" tenuremask="7ffe" tiltratio="72" />
  <memory-copied type="nursery" objects="1420" bytes="522096" bytesdiscarded="216760" />
  <memory-copied type="tenure" objects="12" bytes="1048" bytesdiscarded="0" />
  <references type="weak" candidates="1" cleared="0" enqueued="0" />
  <references type="phantom" candidates="1" cleared="0" enqueued="0" />
</gc-op>
<gc-end id="689" type="scavenge" contextid="685" durationms="3.093" usertimems="4.000" systemtimems="0.000" timestamp="2019-06-16T17:32:47.663" activeThreads="4">
  <mem-info id="690" free="2085890256" total="2092630016" percent="99">
    <mem type="nursery" free="1685944" total="3276800" percent="51">
      <mem type="allocate" free="1685944" total="2424832" percent="69" />
      <mem type="survivor" free="0" total="851968" percent="0" />
    </mem>
    <mem type="tenure" free="2084204312" total="2089353216" percent="99">
      <mem type="soa" free="1979736856" total="1984885760" percent="99" />
      <mem type="loa" free="104467456" total="104467456" percent="100" />
    </mem>
    <remembered-set count="129" />
  </mem-info>
</gc-end>
<cycle-end id="691" type="scavenge" contextid="685" timestamp="2019-06-16T17:32:47.663" />
  <attribute name="elasticGC enabled" value="1" />
  <attribute name= "numThreadsSpecified" value="4" />
  <attribute name="heapSize specified" value="8978432" />
  <attribute name="Current GC Util" value="5" />
  <attribute name= "Current Time Running" value="1398" />
  <attribute name ="GC Interval" value="200" />
  <attribute name="ProportionalT" value="-15.000000" />
  <attribute name="ProportionalI" value="-15.000000" />
  <attribute name="ProportionalH" value="-15.000000" />
  <attribute name="Current Error" value="-15.000000" />
  <attribute name="IntegralT" value="-270.000000" />
  <attribute name="IntegralI" value="-270.000000" />
  <attribute name="IntegralH" value="-270.000000" />
  <attribute name="DerivativeT" value="-0.416667" />
  <attribute name="DerivativeI" value="-0.416667" />
  <attribute name="DerivativeH" value="-0.416667" />
  <attribute name="Loop Time for DT" value="18.000000" />
  <attribute name="Output H" value="2092630016"/>
  <attribute name="Output I" value="200"/>
  <attribute name="Output T" value="4"/>
  <attribute name="Target GC Util Change" value ="20.000000" />
  <attribute name="Current GC Util Change" value="5.000000"/>
  <attribute name="GC Util currently" value="5" />
  <attribute name="CPU Util currently" value="263250908617" />
<allocation-satisfied id="692" threadId="0000000001B12100" bytesRequested="152" />
<af-end id="693" timestamp="2019-06-16T17:32:47.663" threadId="0000000001B12A88" success="true" from="nursery"/>
<exclusive-end id="694" timestamp="2019-06-16T17:32:47.663" durationms="3.496" />

<exclusive-start id="695" timestamp="2019-06-16T17:32:47.677" intervalms="17.804">
  <response-info timems="0.041" idlems="0.041" threads="0" lastid="0000000001B0A900" lastname="Thread-3" />
</exclusive-start>
<af-start id="696" threadId="0000000001B0B288" totalBytesRequested="24" timestamp="2019-06-16T17:32:47.678" intervalms="17.812" type="nursery" />
<cycle-start id="697" type="scavenge" contextid="0" timestamp="2019-06-16T17:32:47.678" intervalms="17.821" />
<gc-start id="698" type="scavenge" contextid="697" timestamp="2019-06-16T17:32:47.678">
  <mem-info id="699" free="2084204312" total="2092630016" percent="99">
    <mem type="nursery" free="0" total="3276800" percent="0">
      <mem type="allocate" free="0" total="2424832" percent="0" />
      <mem type="survivor" free="0" total="851968" percent="0" />
    </mem>
    <mem type="tenure" free="2084204312" total="2089353216" percent="99">
      <mem type="soa" free="1979736856" total="1984885760" percent="99" />
      <mem type="loa" free="104467456" total="104467456" percent="100" />
    </mem>
    <remembered-set count="295" />
  </mem-info>
</gc-start>
<allocation-stats totalBytes="1680712" >
  <allocated-bytes non-tlh="114872" tlh="1565840" />
  <largest-consumer threadName="Thread-4" threadId="0000000001B0E500" bytes="558456" />
</allocation-stats>
<gc-op id="700" type="scavenge" timems="0.390" contextid="697" timestamp="2019-06-16T17:32:47.678">
  <scavenger-info tenureage="1" tenuremask="7ffe" tiltratio="74" />
  <memory-copied type="nursery" objects="1506" bytes="629688" bytesdiscarded="222216" />
  <memory-copied type="tenure" objects="1287" bytes="437600" bytesdiscarded="560" />
  <copy-failed type="nursery" objects="491" bytes="131408" />
</gc-op>
<gc-end id="701" type="scavenge" contextid="697" durationms="0.752" usertimems="0.000" systemtimems="0.000" timestamp="2019-06-16T17:32:47.678" activeThreads="4">
  <mem-info id="702" free="2085180640" total="2092630016" percent="99">
    <mem type="nursery" free="1310720" total="3276800" percent="40">
      <mem type="allocate" free="1310720" total="2162688" percent="60" />
      <mem type="survivor" free="0" total="1114112" percent="0" />
    </mem>
    <mem type="tenure" free="2083869920" total="2089353216" percent="99">
      <mem type="soa" free="1979402464" total="1984885760" percent="99" />
      <mem type="loa" free="104467456" total="104467456" percent="100" />
    </mem>
    <remembered-set count="154" />
  </mem-info>
</gc-end>
<cycle-end id="703" type="scavenge" contextid="697" timestamp="2019-06-16T17:32:47.679" />
  <attribute name="elasticGC enabled" value="1" />
  <attribute name= "numThreadsSpecified" value="4" />
  <attribute name="heapSize specified" value="8978432" />
  <attribute name="Current GC Util" value="23" />
  <attribute name= "Current Time Running" value="1416" />
  <attribute name ="GC Interval" value="200" />
  <attribute name="ProportionalT" value="3.000000" />
  <attribute name="ProportionalI" value="3.000000" />
  <attribute name="ProportionalH" value="3.000000" />
  <attribute name="Current Error" value="3.000000" />
  <attribute name="IntegralT" value="54.000000" />
  <attribute name="IntegralI" value="54.000000" />
  <attribute name="IntegralH" value="54.000000" />
  <attribute name="DerivativeT" value="0.083333" />
  <attribute name="DerivativeI" value="0.083333" />
  <attribute name="DerivativeH" value="0.083333" />
  <attribute name="Loop Time for DT" value="18.000000" />
  <attribute name="Output H" value="8388608"/>
  <attribute name="Output I" value="200"/>
  <attribute name="Output T" value="4"/>
  <attribute name="Target GC Util Change" value ="20.000000" />
  <attribute name="Current GC Util Change" value="23.000000"/>
  <attribute name="GC Util currently" value="23" />
  <attribute name="CPU Util currently" value="258270324295" />
<allocation-satisfied id="704" threadId="0000000001B0A900" bytesRequested="24" />
<af-end id="705" timestamp="2019-06-16T17:32:47.679" threadId="0000000001B0B288" success="true" from="nursery"/>
<exclusive-end id="706" timestamp="2019-06-16T17:32:47.679" durationms="1.183" />

<exclusive-start id="707" timestamp="2019-06-16T17:32:47.692" intervalms="14.187">
  <response-info timems="0.031" idlems="0.031" threads="0" lastid="0000000001B0E500" lastname="Thread-4" />
</exclusive-start>
<af-start id="708" threadId="0000000001B0EE88" totalBytesRequested="16392" timestamp="2019-06-16T17:32:47.692" intervalms="14.192" type="nursery" />
<cycle-start id="709" type="scavenge" contextid="0" timestamp="2019-06-16T17:32:47.692" intervalms="14.195" />
<gc-start id="710" type="scavenge" contextid="709" timestamp="2019-06-16T17:32:47.692">
  <mem-info id="711" free="2083869920" total="2092630016" percent="99">
    <mem type="nursery" free="0" total="3276800" percent="0">
      <mem type="allocate" free="0" total="2162688" percent="0" />
      <mem type="survivor" free="0" total="1114112" percent="0" />
    </mem>
    <mem type="tenure" free="2083869920" total="2089353216" percent="99">
      <mem type="soa" free="1979402464" total="1984885760" percent="99" />
      <mem type="loa" free="104467456" total="104467456" percent="100" />
    </mem>
    <remembered-set count="286" />
  </mem-info>
</gc-start>
<allocation-stats totalBytes="1307712" >
  <allocated-bytes non-tlh="32800" tlh="1274912" />
  <largest-consumer threadName="Thread-6" threadId="0000000001B15D00" bytes="765544" />
</allocation-stats>
<gc-op id="712" type="scavenge" timems="0.353" contextid="709" timestamp="2019-06-16T17:32:47.692">
  <scavenger-info tenureage="1" tenuremask="7ffe" tiltratio="66" />
  <memory-copied type="nursery" objects="691" bytes="233032" bytesdiscarded="140728" />
  <memory-copied type="tenure" objects="193" bytes="197264" bytesdiscarded="0" />
  <references type="weak" candidates="1" cleared="0" enqueued="0" />
  <references type="phantom" candidates="1" cleared="0" enqueued="0" />
</gc-op>
<gc-end id="713" type="scavenge" contextid="709" durationms="0.537" usertimems="0.000" systemtimems="0.000" timestamp="2019-06-16T17:32:47.692" activeThreads="4">
  <mem-info id="714" free="2085443256" total="2092630016" percent="99">
    <mem type="nursery" free="1854448" total="3276800" percent="56">
      <mem type="allocate" free="1854448" total="2228224" percent="83" />
      <mem type="survivor" free="0" total="1048576" percent="0" />
    </mem>
    <mem type="tenure" free="2083588808" total="2089353216" percent="99">
      <mem type="soa" free="1979121352" total="1984885760" percent="99" />
      <mem type="loa" free="104467456" total="104467456" percent="100" />
    </mem>
    <remembered-set count="111" />
  </mem-info>
</gc-end>
<cycle-end id="715" type="scavenge" contextid="709" timestamp="2019-06-16T17:32:47.692" />
  <attribute name="elasticGC enabled" value="1" />
  <attribute name= "numThreadsSpecified" value="4" />
  <attribute name="heapSize specified" value="8978432" />
  <attribute name="Current GC Util" value="7" />
  <attribute name= "Current Time Running" value="1430" />
  <attribute name ="GC Interval" value="200" />
  <attribute name="ProportionalT" value="-13.000000" />
  <attribute name="ProportionalI" value="-13.000000" />
  <attribute name="ProportionalH" value="-13.000000" />
  <attribute name="Current Error" value="-13.000000" />
  <attribute name="IntegralT" value="-182.000000" />
  <attribute name="IntegralI" value="-182.000000" />
  <attribute name="IntegralH" value="-182.000000" />
  <attribute name="DerivativeT" value="-0.571429" />
  <attribute name="DerivativeI" value="-0.571429" />
  <attribute name="DerivativeH" value="-0.571429" />
  <attribute name="Loop Time for DT" value="14.000000" />
  <attribute name="Output H" value="2092630016"/>
  <attribute name="Output I" value="200"/>
  <attribute name="Output T" value="4"/>
  <attribute name="Target GC Util Change" value ="20.000000" />
  <attribute name="Current GC Util Change" value="7.000000"/>
  <attribute name="GC Util currently" value="7" />
  <attribute name="CPU Util currently" value="324839160630" />
<allocation-satisfied id="716" threadId="0000000001B0E500" bytesRequested="16392" />
<af-end id="717" timestamp="2019-06-16T17:32:47.693" threadId="0000000001B0EE88" success="true" from="nursery"/>
<exclusive-end id="718" timestamp="2019-06-16T17:32:47.693" durationms="0.987" />

<exclusive-start id="719" timestamp="2019-06-16T17:32:47.703" intervalms="11.108">
  <response-info timems="0.028" idlems="0.028" threads="0" lastid="0000000001B12100" lastname="Thread-5" />
</exclusive-start>
<af-start id="720" threadId="0000000001B12A88" totalBytesRequested="8200" timestamp="2019-06-16T17:32:47.703" intervalms="11.094" type="nursery" />
<cycle-start id="721" type="scavenge" contextid="0" timestamp="2019-06-16T17:32:47.703" intervalms="11.081" />
<gc-start id="722" type="scavenge" contextid="721" timestamp="2019-06-16T17:32:47.703">
  <mem-info id="723" free="2083588808" total="2092630016" percent="99">
    <mem type="nursery" free="0" total="3276800" percent="0">
      <mem type="allocate" free="0" total="2228224" percent="0" />
      <mem type="survivor" free="0" total="1048576" percent="0" />
    </mem>
    <mem type="tenure" free="2083588808" total="2089353216" percent="99">
      <mem type="soa" free="1979121352" total="1984885760" percent="99" />
      <mem type="loa" free="104467456" total="104467456" percent="100" />
    </mem>
    <remembered-set count="256" />
  </mem-info>
</gc-start>
<allocation-stats totalBytes="1817488" >
  <allocated-bytes non-tlh="114720" tlh="1702768" />
  <largest-consumer threadName="Thread-5" threadId="0000000001B12100" bytes="738280" />
</allocation-stats>
<gc-op id="724" type="scavenge" timems="2.961" contextid="721" timestamp="2019-06-16T17:32:47.706">
  <scavenger-info tenureage="1" tenuremask="7ffe" tiltratio="68" />
  <memory-copied type="nursery" objects="1808" bytes="744360" bytesdiscarded="208112" />
  <memory-copied type="tenure" objects="27" bytes="1240" bytesdiscarded="0" />
  <references type="weak" candidates="1" cleared="0" enqueued="0" />
  <references type="phantom" candidates="1" cleared="0" enqueued="0" />
</gc-op>
<gc-end id="725" type="scavenge" contextid="721" durationms="3.120" usertimems="4.000" systemtimems="0.000" timestamp="2019-06-16T17:32:47.706" activeThreads="4">
  <mem-info id="726" free="2084602360" total="2092630016" percent="99">
    <mem type="nursery" free="1013552" total="3276800" percent="30">
      <mem type="allocate" free="1013552" total="1966080" percent="51" />
      <mem type="survivor" free="0" total="1310720" percent="0" />
    </mem>
    <mem type="tenure" free="2083588808" total="2089353216" percent="99">
      <mem type="soa" free="1979121352" total="1984885760" percent="99" />
      <mem type="loa" free="104467456" total="104467456" percent="100" />
    </mem>
    <remembered-set count="127" />
  </mem-info>
</gc-end>
<cycle-end id="727" type="scavenge" contextid="721" timestamp="2019-06-16T17:32:47.706" />
  <attribute name="elasticGC enabled" value="1" />
  <attribute name= "numThreadsSpecified" value="4" />
  <attribute name="heapSize specified" value="8978432" />
  <attribute name="Current GC Util" value="8" />
  <attribute name= "Current Time Running" value="1441" />
  <attribute name ="GC Interval" value="200" />
  <attribute name="ProportionalT" value="-12.000000" />
  <attribute name="ProportionalI" value="-12.000000" />
  <attribute name="ProportionalH" value="-12.000000" />
  <attribute name="Current Error" value="-12.000000" />
  <attribute name="IntegralT" value="-132.000000" />
  <attribute name="IntegralI" value="-132.000000" />
  <attribute name="IntegralH" value="-132.000000" />
  <attribute name="DerivativeT" value="-0.545455" />
  <attribute name="DerivativeI" value="-0.545455" />
  <attribute name="DerivativeH" value="-0.545455" />
  <attribute name="Loop Time for DT" value="11.000000" />
  <attribute name="Output H" value="2092630016"/>
  <attribute name="Output I" value="200"/>
  <attribute name="Output T" value="4"/>
  <attribute name="Target GC Util Change" value ="20.000000" />
  <attribute name="Current GC Util Change" value="8.000000"/>
  <attribute name="GC Util currently" value="8" />
  <attribute name="CPU Util currently" value="417371022052" />
<allocation-satisfied id="728" threadId="0000000001B12100" bytesRequested="8200" />
<af-end id="729" timestamp="2019-06-16T17:32:47.706" threadId="0000000001B12A88" success="true" from="nursery"/>
<exclusive-end id="730" timestamp="2019-06-16T17:32:47.706" durationms="3.479" />

<exclusive-start id="731" timestamp="2019-06-16T17:32:47.720" intervalms="17.146">
  <response-info timems="0.087" idlems="0.087" threads="0" lastid="0000000001B12100" lastname="Thread-5" />
</exclusive-start>
<af-start id="732" threadId="0000000001B12A88" totalBytesRequested="32776" timestamp="2019-06-16T17:32:47.720" intervalms="17.152" type="nursery" />
<cycle-start id="733" type="scavenge" contextid="0" timestamp="2019-06-16T17:32:47.720" intervalms="17.160" />
<gc-start id="734" type="scavenge" contextid="733" timestamp="2019-06-16T17:32:47.720">
  <mem-info id="735" free="2083588808" total="2092630016" percent="99">
    <mem type="nursery" free="0" total="3276800" percent="0">
      <mem type="allocate" free="0" total="1966080" percent="0" />
      <mem type="survivor" free="0" total="1310720" percent="0" />
    </mem>
    <mem type="tenure" free="2083588808" total="2089353216" percent="99">
      <mem type="soa" free="1979121352" total="1984885760" percent="99" />
      <mem type="loa" free="104467456" total="104467456" percent="100" />
    </mem>
    <remembered-set count="248" />
  </mem-info>
</gc-start>
<allocation-stats totalBytes="997416" >
  <allocated-bytes non-tlh="8200" tlh="989216" />
  <largest-consumer threadName="Thread-5" threadId="0000000001B12100" bytes="463320" />
</allocation-stats>
<gc-op id="736" type="scavenge" timems="3.817" contextid="733" timestamp="2019-06-16T17:32:47.724">
  <scavenger-info tenureage="1" tenuremask="7ffe" tiltratio="60" />
  <memory-copied type="nursery" objects="679" bytes="218936" bytesdiscarded="140488" />
  <memory-copied type="tenure" objects="1288" bytes="549480" bytesdiscarded="272" />
  <references type="weak" candidates="1" cleared="0" enqueued="0" />
  <references type="phantom" candidates="1" cleared="0" enqueued="0" />
</gc-op>
<gc-end id="737" type="scavenge" contextid="733" durationms="3.997" usertimems="8.000" systemtimems="0.000" timestamp="2019-06-16T17:32:47.724" activeThreads="4">
  <mem-info id="738" free="2084825184" total="2092630016" percent="99">
    <mem type="nursery" free="1672168" total="3276800" percent="51">
      <mem type="allocate" free="1672168" total="2031616" percent="82" />
      <mem type="survivor" free="0" total="1245184" percent="0" />
    </mem>
    <mem type="tenure" free="2083153016" total="2089353216" percent="99">
      <mem type="soa" free="1978685560" total="1984885760" percent="99" />
      <mem type="loa" free="104467456" total="104467456" percent="100" />
    </mem>
    <remembered-set count="150" />
  </mem-info>
</gc-end>
<cycle-end id="739" type="scavenge" contextid="733" timestamp="2019-06-16T17:32:47.724" />
  <attribute name="elasticGC enabled" value="1" />
  <attribute name= "numThreadsSpecified" value="4" />
  <attribute name="heapSize specified" value="8978432" />
  <attribute name="Current GC Util" value="25" />
  <attribute name= "Current Time Running" value="1458" />
  <attribute name ="GC Interval" value="200" />
  <attribute name="ProportionalT" value="5.000000" />
  <attribute name="ProportionalI" value="5.000000" />
  <attribute name="ProportionalH" value="5.000000" />
  <attribute name="Current Error" value="5.000000" />
  <attribute name="IntegralT" value="85.000000" />
  <attribute name="IntegralI" value="85.000000" />
  <attribute name="IntegralH" value="85.000000" />
  <attribute name="DerivativeT" value="0.147059" />
  <attribute name="DerivativeI" value="0.147059" />
  <attribute name="DerivativeH" value="0.147059" />
  <attribute name="Loop Time for DT" value="17.000000" />
  <attribute name="Output H" value="8388608"/>
  <attribute name="Output I" value="200"/>
  <attribute name="Output T" value="4"/>
  <attribute name="Target GC Util Change" value ="20.000000" />
  <attribute name="Current GC Util Change" value="25.000000"/>
  <attribute name="GC Util currently" value="25" />
  <attribute name="CPU Util currently" value="268409914279" />
<allocation-satisfied id="740" threadId="0000000001B12100" bytesRequested="32776" />
<af-end id="741" timestamp="2019-06-16T17:32:47.724" threadId="0000000001B12A88" success="true" from="nursery"/>
<exclusive-end id="742" timestamp="2019-06-16T17:32:47.724" durationms="4.424" />

<exclusive-start id="743" timestamp="2019-06-16T17:32:47.735" intervalms="14.664">
  <response-info timems="0.031" idlems="0.031" threads="0" lastid="0000000001B0E500" lastname="Thread-4" />
</exclusive-start>
<af-start id="744" threadId="0000000001B0EE88" totalBytesRequested="32776" timestamp="2019-06-16T17:32:47.735" intervalms="14.670" type="nursery" />
<cycle-start id="745" type="scavenge" contextid="0" timestamp="2019-06-16T17:32:47.735" intervalms="14.676" />
<gc-start id="746" type="scavenge" contextid="745" timestamp="2019-06-16T17:32:47.735">
  <mem-info id="747" free="2083153016" total="2092630016" percent="99">
    <mem type="nursery" free="0" total="3276800" percent="0">
      <mem type="allocate" free="0" total="2031616" percent="0" />
      <mem type="survivor" free="0" total="1245184" percent="0" />
    </mem>
    <mem type="tenure" free="2083153016" total="2089353216" percent="99">
      <mem type="soa" free="1978685560" total="1984885760" percent="99" />
      <mem type="loa" free="104467456" total="104467456" percent="100" />
    </mem>
    <remembered-set count="314" />
  </mem-info>
</gc-start>
<allocation-stats totalBytes="1661912" >
  <allocated-bytes non-tlh="213048" tlh="1448864" />
  <largest-consumer threadName="Thread-5" threadId="0000000001B12100" bytes="552472" />
</allocation-stats>
<gc-op id="748" type="scavenge" timems="0.298" contextid="745" timestamp="2019-06-16T17:32:47.735">
  <scavenger-info tenureage="1" tenuremask="7ffe" tiltratio="62" />
  <memory-copied type="nursery" objects="1422" bytes="612832" bytesdiscarded="275720" />
  <memory-copied type="tenure" objects="60" bytes="3496" bytesdiscarded="104" />
</gc-op>
<gc-end id="749" type="scavenge" contextid="745" durationms="0.485" usertimems="0.000" systemtimems="0.000" timestamp="2019-06-16T17:32:47.735" activeThreads="4">
  <mem-info id="750" free="2084230224" total="2092630016" percent="99">
    <mem type="nursery" free="1208536" total="3276800" percent="36">
      <mem type="allocate" free="1208536" total="2097152" percent="57" />
      <mem type="survivor" free="0" total="1179648" percent="0" />
    </mem>
    <mem type="tenure" free="2083021688" total="2089353216" percent="99">
      <mem type="soa" free="1978554232" total="1984885760" percent="99" />
      <mem type="loa" free="104467456" total="104467456" percent="100" />
    </mem>
    <remembered-set count="144" />
  </mem-info>
</gc-end>
<cycle-end id="751" type="scavenge" contextid="745" timestamp="2019-06-16T17:32:47.735" />
  <attribute name="elasticGC enabled" value="1" />
  <attribute name= "numThreadsSpecified" value="4" />
  <attribute name="heapSize specified" value="8978432" />
  <attribute name="Current GC Util" value="41" />
  <attribute name= "Current Time Running" value="1473" />
  <attribute name ="GC Interval" value="336" />
  <attribute name="ProportionalT" value="21.000000" />
  <attribute name="ProportionalI" value="21.000000" />
  <attribute name="ProportionalH" value="21.000000" />
  <attribute name="Current Error" value="21.000000" />
  <attribute name="IntegralT" value="315.000000" />
  <attribute name="IntegralI" value="315.000000" />
  <attribute name="IntegralH" value="315.000000" />
  <attribute name="DerivativeT" value="0.533333" />
  <attribute name="DerivativeI" value="0.533333" />
  <attribute name="DerivativeH" value="0.533333" />
  <attribute name="Loop Time for DT" value="15.000000" />
  <attribute name="Output H" value="8388608"/>
  <attribute name="Output I" value="336"/>
  <attribute name="Output T" value="4"/>
  <attribute name="Target GC Util Change" value ="20.000000" />
  <attribute name="Current GC Util Change" value="41.000000"/>
  <attribute name="GC Util currently" value="41" />
  <attribute name="CPU Util currently" value="314040907442" />
<allocation-satisfied id="752" threadId="0000000001B0E500" bytesRequested="32776" />
<af-end id="753" timestamp="2019-06-16T17:32:47.735" threadId="0000000001B0EE88" success="true" from="nursery"/>
<exclusive-end id="754" timestamp="2019-06-16T17:32:47.736" durationms="0.939" />

<exclusive-start id="755" timestamp="2019-06-16T17:32:47.746" intervalms="11.303">
  <response-info timems="0.034" idlems="0.034" threads="0" lastid="0000000001B15D00" lastname="Thread-6" />
</exclusive-start>
<af-start id="756" threadId="0000000001B16688" totalBytesRequested="16392" timestamp="2019-06-16T17:32:47.746" intervalms="11.307" type="nursery" />
<cycle-start id="757" type="scavenge" contextid="0" timestamp="2019-06-16T17:32:47.746" intervalms="11.304" />
<gc-start id="758" type="scavenge" contextid="757" timestamp="2019-06-16T17:32:47.746">
  <mem-info id="759" free="2083021688" total="2092630016" percent="99">
    <mem type="nursery" free="0" total="3276800" percent="0">
      <mem type="allocate" free="0" total="2097152" percent="0" />
      <mem type="survivor" free="0" total="1179648" percent="0" />
    </mem>
    <mem type="tenure" free="2083021688" total="2089353216" percent="99">
      <mem type="soa" free="1978554232" total="1984885760" percent="99" />
      <mem type="loa" free="104467456" total="104467456" percent="100" />
    </mem>
    <remembered-set count="263" />
  </mem-info>
</gc-start>
<allocation-stats totalBytes="1202144" >
  <allocated-bytes non-tlh="98328" tlh="1103816" />
  <largest-consumer threadName="Thread-4" threadId="0000000001B0E500" bytes="474160" />
</allocation-stats>
<gc-op id="760" type="scavenge" timems="0.382" contextid="757" timestamp="2019-06-16T17:32:47.747">
  <scavenger-info tenureage="1" tenuremask="7ffe" tiltratio="64" />
  <memory-copied type="nursery" objects="1224" bytes="495408" bytesdiscarded="233216" />
  <memory-copied type="tenure" objects="847" bytes="399384" bytesdiscarded="120" />
</gc-op>
<gc-end id="761" type="scavenge" contextid="757" durationms="0.737" usertimems="0.000" systemtimems="0.000" timestamp="2019-06-16T17:32:47.747" activeThreads="4">
  <mem-info id="762" free="2084209384" total="2092630016" percent="99">
    <mem type="nursery" free="1434024" total="3276800" percent="43">
      <mem type="allocate" free="1434024" total="2162688" percent="66" />
      <mem type="survivor" free="0" total="1114112" percent="0" />
    </mem>
    <mem type="tenure" free="2082775360" total="2089353216" percent="99">
      <mem type="soa" free="1978307904" total="1984885760" percent="99" />
      <mem type="loa" free="104467456" total="104467456" percent="100" />
    </mem>
    <remembered-set count="120" />
  </mem-info>
</gc-end>
<cycle-end id="763" type="scavenge" contextid="757" timestamp="2019-06-16T17:32:47.747" />
  <attribute name="elasticGC enabled" value="1" />
  <attribute name= "numThreadsSpecified" value="4" />
  <attribute name="heapSize specified" value="8978432" />
  <attribute name="Current GC Util" value="7" />
  <attribute name= "Current Time Running" value="1484" />
  <attribute name ="GC Interval" value="200" />
  <attribute name="ProportionalT" value="-13.000000" />
  <attribute name="ProportionalI" value="-13.000000" />
  <attribute name="ProportionalH" value="-13.000000" />
  <attribute name="Current Error" value="-13.000000" />
  <attribute name="IntegralT" value="-143.000000" />
  <attribute name="IntegralI" value="-143.000000" />
  <attribute name="IntegralH" value="-143.000000" />
  <attribute name="DerivativeT" value="-1.545455" />
  <attribute name="DerivativeI" value="-1.545455" />
  <attribute name="DerivativeH" value="-1.545455" />
  <attribute name="Loop Time for DT" value="11.000000" />
  <attribute name="Output H" value="2092630016"/>
  <attribute name="Output I" value="200"/>
  <attribute name="Output T" value="4"/>
  <attribute name="Target GC Util Change" value ="20.000000" />
  <attribute name="Current GC Util Change" value="7.000000"/>
  <attribute name="GC Util currently" value="7" />
  <attribute name="CPU Util currently" value="408109256052" />
<allocation-satisfied id="764" threadId="0000000001B15D00" bytesRequested="16392" />
<af-end id="765" timestamp="2019-06-16T17:32:47.747" threadId="0000000001B16688" success="true" from="nursery"/>
<exclusive-end id="766" timestamp="2019-06-16T17:32:47.747" durationms="1.235" />

<exclusive-start id="767" timestamp="2019-06-16T17:32:47.759" intervalms="12.926">
  <response-info timems="0.043" idlems="0.043" threads="0" lastid="0000000001B12100" lastname="Thread-5" />
</exclusive-start>
<af-start id="768" threadId="0000000001B12A88" totalBytesRequested="48" timestamp="2019-06-16T17:32:47.759" intervalms="12.925" type="nursery" />
<cycle-start id="769" type="scavenge" contextid="0" timestamp="2019-06-16T17:32:47.759" intervalms="12.929" />
<gc-start id="770" type="scavenge" contextid="769" timestamp="2019-06-16T17:32:47.759">
  <mem-info id="771" free="2082775360" total="2092630016" percent="99">
    <mem type="nursery" free="0" total="3276800" percent="0">
      <mem type="allocate" free="0" total="2162688" percent="0" />
      <mem type="survivor" free="0" total="1114112" percent="0" />
    </mem>
    <mem type="tenure" free="2082775360" total="2089353216" percent="99">
      <mem type="soa" free="1978307904" total="1984885760" percent="99" />
      <mem type="loa" free="104467456" total="104467456" percent="100" />
    </mem>
    <remembered-set count="255" />
  </mem-info>
</gc-start>
<allocation-stats totalBytes="1378736" >
  <allocated-bytes non-tlh="81944" tlh="1296792" />
  <largest-consumer threadName="Thread-4" threadId="0000000001B0E500" bytes="464216" />
</allocation-stats>
<gc-op id="772" type="scavenge" timems="0.403" contextid="769" timestamp="2019-06-16T17:32:47.760">
  <scavenger-info tenureage="1" tenuremask="7ffe" tiltratio="66" />
  <memory-copied type="nursery" objects="1970" bytes="738472" bytesdiscarded="213064" />
  <memory-copied type="tenure" objects="111" bytes="155200" bytesdiscarded="640" />
</gc-op>
<gc-end id="773" type="scavenge" contextid="769" durationms="0.587" usertimems="0.000" systemtimems="0.000" timestamp="2019-06-16T17:32:47.760" activeThreads="4">
  <mem-info id="774" free="2083821536" total="2092630016" percent="99">
    <mem type="nursery" free="1211104" total="3276800" percent="36">
      <mem type="allocate" free="1211104" total="2162688" percent="55" />
      <mem type="survivor" free="0" total="1114112" percent="0" />
    </mem>
    <mem type="tenure" free="2082610432" total="2089353216" percent="99">
      <mem type="soa" free="1978142976" total="1984885760" percent="99" />
      <mem type="loa" free="104467456" total="104467456" percent="100" />
    </mem>
    <remembered-set count="132" />
  </mem-info>
</gc-end>
<cycle-end id="775" type="scavenge" contextid="769" timestamp="2019-06-16T17:32:47.760" />
  <attribute name="elasticGC enabled" value="1" />
  <attribute name= "numThreadsSpecified" value="4" />
  <attribute name="heapSize specified" value="8978432" />
  <attribute name="Current GC Util" value="8" />
  <attribute name= "Current Time Running" value="1497" />
  <attribute name ="GC Interval" value="200" />
  <attribute name="ProportionalT" value="-12.000000" />
  <attribute name="ProportionalI" value="-12.000000" />
  <attribute name="ProportionalH" value="-12.000000" />
  <attribute name="Current Error" value="-12.000000" />
  <attribute name="IntegralT" value="-156.000000" />
  <attribute name="IntegralI" value="-156.000000" />
  <attribute name="IntegralH" value="-156.000000" />
  <attribute name="DerivativeT" value="-0.461538" />
  <attribute name="DerivativeI" value="-0.461538" />
  <attribute name="DerivativeH" value="-0.461538" />
  <attribute name="Loop Time for DT" value="13.000000" />
  <attribute name="Output H" value="2092630016"/>
  <attribute name="Output I" value="200"/>
  <attribute name="Output T" value="4"/>
  <attribute name="Target GC Util Change" value ="20.000000" />
  <attribute name="Current GC Util Change" value="8.000000"/>
  <attribute name="GC Util currently" value="8" />
  <attribute name="CPU Util currently" value="356548031796" />
<allocation-satisfied id="776" threadId="0000000001B12100" bytesRequested="48" />
<af-end id="777" timestamp="2019-06-16T17:32:47.760" threadId="0000000001B12A88" success="true" from="nursery"/>
<exclusive-end id="778" timestamp="2019-06-16T17:32:47.760" durationms="1.039" />

<exclusive-start id="779" timestamp="2019-06-16T17:32:47.776" intervalms="17.377">
  <response-info timems="0.031" idlems="0.031" threads="0" lastid="0000000001B12100" lastname="Thread-5" />
</exclusive-start>
<af-start id="780" threadId="0000000001B12A88" totalBytesRequested="2056" timestamp="2019-06-16T17:32:47.776" intervalms="17.381" type="nursery" />
<cycle-start id="781" type="scavenge" contextid="0" timestamp="2019-06-16T17:32:47.776" intervalms="17.381" />
<gc-start id="782" type="scavenge" contextid="781" timestamp="2019-06-16T17:32:47.776">
  <mem-info id="783" free="2082610432" total="2092630016" percent="99">
    <mem type="nursery" free="0" total="3276800" percent="0">
      <mem type="allocate" free="0" total="2162688" percent="0" />
      <mem type="survivor" free="0" total="1114112" percent="0" />
    </mem>
    <mem type="tenure" free="2082610432" total="2089353216" percent="99">
      <mem type="soa" free="1978142976" total="1984885760" percent="99" />
      <mem type="loa" free="104467456" total="104467456" percent="100" />
    </mem>
    <remembered-set count="224" />
  </mem-info>
</gc-start>
<allocation-stats totalBytes="1175680" >
  <allocated-bytes non-tlh="98376" tlh="1077304" />
  <largest-consumer threadName="Thread-3" threadId="0000000001B0A900" bytes="414768" />
</allocation-stats>
<gc-op id="784" type="scavenge" timems="0.455" contextid="781" timestamp="2019-06-16T17:32:47.777">
  <scavenger-info tenureage="1" tenuremask="7ffe" tiltratio="66" />
  <memory-copied type="nursery" objects="356" bytes="338312" bytesdiscarded="102840" />
  <memory-copied type="tenure" objects="1351" bytes="523296" bytesdiscarded="464" />
  <references type="phantom" candidates="2" cleared="0" enqueued="0" />
</gc-op>
<gc-end id="785" type="scavenge" contextid="781" durationms="0.644" usertimems="0.000" systemtimems="0.000" timestamp="2019-06-16T17:32:47.777" activeThreads="4">
  <mem-info id="786" free="2083941912" total="2092630016" percent="99">
    <mem type="nursery" free="1787032" total="3276800" percent="54">
      <mem type="allocate" free="1787032" total="2228224" percent="80" />
      <mem type="survivor" free="0" total="1048576" percent="0" />
    </mem>
    <mem type="tenure" free="2082154880" total="2089353216" percent="99">
      <mem type="soa" free="1977687424" total="1984885760" percent="99" />
      <mem type="loa" free="104467456" total="104467456" percent="100" />
    </mem>
    <remembered-set count="138" />
  </mem-info>
</gc-end>
<cycle-end id="787" type="scavenge" contextid="781" timestamp="2019-06-16T17:32:47.777" />
  <attribute name="elasticGC enabled" value="1" />
  <attribute name= "numThreadsSpecified" value="4" />
  <attribute name="heapSize specified" value="8978432" />
  <attribute name="Current GC Util" value="6" />
  <attribute name= "Current Time Running" value="1514" />
  <attribute name ="GC Interval" value="200" />
  <attribute name="ProportionalT" value="-14.000000" />
  <attribute name="ProportionalI" value="-14.000000" />
  <attribute name="ProportionalH" value="-14.000000" />
  <attribute name="Current Error" value="-14.000000" />
  <attribute name="IntegralT" value="-238.000000" />
  <attribute name="IntegralI" value="-238.000000" />
  <attribute name="IntegralH" value="-238.000000" />
  <attribute name="DerivativeT" value="-0.411765" />
  <attribute name="DerivativeI" value="-0.411765" />
  <attribute name="DerivativeH" value="-0.411765" />
  <attribute name="Loop Time for DT" value="17.000000" />
  <attribute name="Output H" value="2092630016"/>
  <attribute name="Output I" value="200"/>
  <attribute name="Output T" value="4"/>
  <attribute name="Target GC Util Change" value ="20.000000" />
  <attribute name="Current GC Util Change" value="6.000000"/>
  <attribute name="GC Util currently" value="6" />
  <attribute name="CPU Util currently" value="265260476581" />
<allocation-satisfied id="788" threadId="0000000001B12100" bytesRequested="2056" />
<af-end id="789" timestamp="2019-06-16T17:32:47.777" threadId="0000000001B12A88" success="true" from="nursery"/>
<exclusive-end id="790" timestamp="2019-06-16T17:32:47.777" durationms="1.108" />

<exclusive-start id="791" timestamp="2019-06-16T17:32:47.792" intervalms="16.239">
  <response-info timems="0.038" idlems="0.038" threads="0" lastid="0000000001B0E500" lastname="Thread-4" />
</exclusive-start>
<af-start id="792" threadId="0000000001B0EE88" totalBytesRequested="520" timestamp="2019-06-16T17:32:47.793" intervalms="16.239" type="nursery" />
<cycle-start id="793" type="scavenge" contextid="0" timestamp="2019-06-16T17:32:47.793" intervalms="16.240" />
<gc-start id="794" type="scavenge" contextid="793" timestamp="2019-06-16T17:32:47.793">
  <mem-info id="795" free="2082154880" total="2092630016" percent="99">
    <mem type="nursery" free="0" total="3276800" percent="0">
      <mem type="allocate" free="0" total="2228224" percent="0" />
      <mem type="survivor" free="0" total="1048576" percent="0" />
    </mem>
    <mem type="tenure" free="2082154880" total="2089353216" percent="99">
      <mem type="soa" free="1977687424" total="1984885760" percent="99" />
      <mem type="loa" free="104467456" total="104467456" percent="100" />
    </mem>
    <remembered-set count="340" />
  </mem-info>
</gc-start>
<allocation-stats totalBytes="1753536" >
  <allocated-bytes non-tlh="67608" tlh="1685928" />
  <largest-consumer threadName="Thread-4" threadId="0000000001B0E500" bytes="765056" />
</allocation-stats>
<gc-op id="796" type="scavenge" timems="0.390" contextid="793" timestamp="2019-06-16T17:32:47.793">
  <scavenger-info tenureage="1" tenuremask="7ffe" tiltratio="68" />
  <memory-copied type="nursery" objects="1928" bytes="638104" bytesdiscarded="116216" />
  <memory-copied type="tenure" objects="135" bytes="177264" bytesdiscarded="0" />
</gc-op>
<gc-end id="797" type="scavenge" contextid="793" durationms="0.576" usertimems="0.000" systemtimems="0.000" timestamp="2019-06-16T17:32:47.793" activeThreads="4">
  <mem-info id="798" free="2083579568" total="2092630016" percent="99">
    <mem type="nursery" free="1473864" total="3276800" percent="44">
      <mem type="allocate" free="1473864" total="2228224" percent="66" />
      <mem type="survivor" free="0" total="1048576" percent="0" />
    </mem>
    <mem type="tenure" free="2082105704" total="2089353216" percent="99">
      <mem type="soa" free="1977638248" total="1984885760" percent="99" />
      <mem type="loa" free="104467456" total="104467456" percent="100" />
    </mem>
    <remembered-set count="156" />
  </mem-info>
</gc-end>
<cycle-end id="799" type="scavenge" contextid="793" timestamp="2019-06-16T17:32:47.793" />
  <attribute name="elasticGC enabled" value="1" />
  <attribute name= "numThreadsSpecified" value="4" />
  <attribute name="heapSize specified" value="8978432" />
  <attribute name="Current GC Util" value="7" />
  <attribute name= "Current Time Running" value="1530" />
  <attribute name ="GC Interval" value="200" />
  <attribute name="ProportionalT" value="-13.000000" />
  <attribute name="ProportionalI" value="-13.000000" />
  <attribute name="ProportionalH" value="-13.000000" />
  <attribute name="Current Error" value="-13.000000" />
  <attribute name="IntegralT" value="-208.000000" />
  <attribute name="IntegralI" value="-208.000000" />
  <attribute name="IntegralH" value="-208.000000" />
  <attribute name="DerivativeT" value="-0.406250" />
  <attribute name="DerivativeI" value="-0.406250" />
  <attribute name="DerivativeH" value="-0.406250" />
  <attribute name="Loop Time for DT" value="16.000000" />
  <attribute name="Output H" value="2092630016"/>
  <attribute name="Output I" value="200"/>
  <attribute name="Output T" value="4"/>
  <attribute name="Target GC Util Change" value ="20.000000" />
  <attribute name="Current GC Util Change" value="7.000000"/>
  <attribute name="GC Util currently" value="7" />
  <attribute name="CPU Util currently" value="283998094387" />
<allocation-satisfied id="800" threadId="0000000001B0E500" bytesRequested="520" />
<af-end id="801" timestamp="2019-06-16T17:32:47.793" threadId="0000000001B0EE88" success="true" from="nursery"/>
<exclusive-end id="802" timestamp="2019-06-16T17:32:47.793" durationms="1.032" />

<exclusive-start id="803" timestamp="2019-06-16T17:32:47.816" intervalms="23.161">
  <response-info timems="0.082" idlems="0.082" threads="0" lastid="0000000001B0E500" lastname="Thread-4" />
</exclusive-start>
<af-start id="804" threadId="0000000001B0EE88" totalBytesRequested="32776" timestamp="2019-06-16T17:32:47.816" intervalms="23.205" type="nursery" />
<cycle-start id="805" type="scavenge" contextid="0" timestamp="2019-06-16T17:32:47.816" intervalms="23.251" />
<gc-start id="806" type="scavenge" contextid="805" timestamp="2019-06-16T17:32:47.816">
  <mem-info id="807" free="2082105704" total="2092630016" percent="99">
    <mem type="nursery" free="0" total="3276800" percent="0">
      <mem type="allocate" free="0" total="2228224" percent="0" />
      <mem type="survivor" free="0" total="1048576" percent="0" />
    </mem>
    <mem type="tenure" free="2082105704" total="2089353216" percent="99">
      <mem type="soa" free="1977638248" total="1984885760" percent="99" />
      <mem type="loa" free="104467456" total="104467456" percent="100" />
    </mem>
    <remembered-set count="259" />
  </mem-info>
</gc-start>
<allocation-stats totalBytes="1408880" >
  <allocated-bytes non-tlh="66072" tlh="1342808" />
  <largest-consumer threadName="Thread-4" threadId="0000000001B0E500" bytes="684632" />
</allocation-stats>
<gc-op id="808" type="scavenge" timems="0.438" contextid="805" timestamp="2019-06-16T17:32:47.816">
  <scavenger-info tenureage="1" tenuremask="7ffe" tiltratio="68" />
  <memory-copied type="nursery" objects="679" bytes="353912" bytesdiscarded="212888" />
  <memory-copied type="tenure" objects="971" bytes="403312" bytesdiscarded="2040" />
  <references type="phantom" candidates="1" cleared="0" enqueued="0" />
</gc-op>
<gc-end id="809" type="scavenge" contextid="805" durationms="0.633" usertimems="0.000" systemtimems="0.000" timestamp="2019-06-16T17:32:47.817" activeThreads="4">
  <mem-info id="810" free="2083325616" total="2092630016" percent="99">
    <mem type="nursery" free="1726920" total="3276800" percent="52">
      <mem type="allocate" free="1726920" total="2293760" percent="75" />
      <mem type="survivor" free="0" total="983040" percent="0" />
    </mem>
    <mem type="tenure" free="2081598696" total="2089353216" percent="99">
      <mem type="soa" free="1977131240" total="1984885760" percent="99" />
      <mem type="loa" free="104467456" total="104467456" percent="100" />
    </mem>
    <remembered-set count="140" />
  </mem-info>
</gc-end>
<cycle-end id="811" type="scavenge" contextid="805" timestamp="2019-06-16T17:32:47.817" />
  <attribute name="elasticGC enabled" value="1" />
  <attribute name= "numThreadsSpecified" value="4" />
  <attribute name="heapSize specified" value="8978432" />
  <attribute name="Current GC Util" value="4" />
  <attribute name= "Current Time Running" value="1554" />
  <attribute name ="GC Interval" value="200" />
  <attribute name="ProportionalT" value="-16.000000" />
  <attribute name="ProportionalI" value="-16.000000" />
  <attribute name="ProportionalH" value="-16.000000" />
  <attribute name="Current Error" value="-16.000000" />
  <attribute name="IntegralT" value="-384.000000" />
  <attribute name="IntegralI" value="-384.000000" />
  <attribute name="IntegralH" value="-384.000000" />
  <attribute name="DerivativeT" value="-0.333333" />
  <attribute name="DerivativeI" value="-0.333333" />
  <attribute name="DerivativeH" value="-0.333333" />
  <attribute name="Loop Time for DT" value="24.000000" />
  <attribute name="Output H" value="2092630016"/>
  <attribute name="Output I" value="200"/>
  <attribute name="Output T" value="4"/>
  <attribute name="Target GC Util Change" value ="20.000000" />
  <attribute name="Current GC Util Change" value="4.000000"/>
  <attribute name="GC Util currently" value="4" />
  <attribute name="CPU Util currently" value="198196019089" />
<allocation-satisfied id="812" threadId="0000000001B0E500" bytesRequested="32776" />
<af-end id="813" timestamp="2019-06-16T17:32:47.817" threadId="0000000001B0EE88" success="true" from="nursery"/>
<exclusive-end id="814" timestamp="2019-06-16T17:32:47.817" durationms="1.200" />

<exclusive-start id="815" timestamp="2019-06-16T17:32:47.846" intervalms="30.314">
  <response-info timems="0.060" idlems="0.060" threads="0" lastid="0000000001B0E500" lastname="Thread-4" />
</exclusive-start>
<af-start id="816" threadId="0000000001B0EE88" totalBytesRequested="8200" timestamp="2019-06-16T17:32:47.846" intervalms="30.285" type="nursery" />
<cycle-start id="817" type="scavenge" contextid="0" timestamp="2019-06-16T17:32:47.846" intervalms="30.237" />
<gc-start id="818" type="scavenge" contextid="817" timestamp="2019-06-16T17:32:47.846">
  <mem-info id="819" free="2081598696" total="2092630016" percent="99">
    <mem type="nursery" free="0" total="3276800" percent="0">
      <mem type="allocate" free="0" total="2293760" percent="0" />
      <mem type="survivor" free="0" total="983040" percent="0" />
    </mem>
    <mem type="tenure" free="2081598696" total="2089353216" percent="99">
      <mem type="soa" free="1977131240" total="1984885760" percent="99" />
      <mem type="loa" free="104467456" total="104467456" percent="100" />
    </mem>
    <remembered-set count="300" />
  </mem-info>
</gc-start>
<allocation-stats totalBytes="1686600" >
  <allocated-bytes non-tlh="65552" tlh="1621048" />
  <largest-consumer threadName="Thread-4" threadId="0000000001B0E500" bytes="658248" />
</allocation-stats>
<gc-op id="820" type="scavenge" timems="0.407" contextid="817" timestamp="2019-06-16T17:32:47.847">
  <scavenger-info tenureage="1" tenuremask="7ffe" tiltratio="70" />
  <memory-copied type="nursery" objects="949" bytes="380848" bytesdiscarded="175448" />
  <memory-copied type="tenure" objects="570" bytes="246152" bytesdiscarded="752" />
  <references type="weak" candidates="1" cleared="0" enqueued="0" />
  <references type="phantom" candidates="1" cleared="0" enqueued="0" />
</gc-op>
<gc-end id="821" type="scavenge" contextid="817" durationms="0.598" usertimems="4.000" systemtimems="0.000" timestamp="2019-06-16T17:32:47.847" activeThreads="4">
  <mem-info id="822" free="2083085488" total="2092630016" percent="99">
    <mem type="nursery" free="1868504" total="3276800" percent="57">
      <mem type="allocate" free="1868504" total="2424832" percent="77" />
      <mem type="survivor" free="0" total="851968" percent="0" />
    </mem>
    <mem type="tenure" free="2081216984" total="2089353216" percent="99">
      <mem type="soa" free="1976749528" total="1984885760" percent="99" />
      <mem type="loa" free="104467456" total="104467456" percent="100" />
    </mem>
    <remembered-set count="165" />
  </mem-info>
</gc-end>
<cycle-end id="823" type="scavenge" contextid="817" timestamp="2019-06-16T17:32:47.847" />
  <attribute name="elasticGC enabled" value="1" />
  <attribute name= "numThreadsSpecified" value="4" />
  <attribute name="heapSize specified" value="8978432" />
  <attribute name="Current GC Util" value="3" />
  <attribute name= "Current Time Running" value="1584" />
  <attribute name ="GC Interval" value="200" />
  <attribute name="ProportionalT" value="-17.000000" />
  <attribute name="ProportionalI" value="-17.000000" />
  <attribute name="ProportionalH" value="-17.000000" />
  <attribute name="Current Error" value="-17.000000" />
  <attribute name="IntegralT" value="-510.000000" />
  <attribute name="IntegralI" value="-510.000000" />
  <attribute name="IntegralH" value="-510.000000" />
  <attribute name="DerivativeT" value="-0.283333" />
  <attribute name="DerivativeI" value="-0.283333" />
  <attribute name="DerivativeH" value="-0.283333" />
  <attribute name="Loop Time for DT" value="30.000000" />
  <attribute name="Output H" value="2092630016"/>
  <attribute name="Output I" value="200"/>
  <attribute name="Output T" value="4"/>
  <attribute name="Target GC Util Change" value ="20.000000" />
  <attribute name="Current GC Util Change" value="3.000000"/>
  <attribute name="GC Util currently" value="3" />
  <attribute name="CPU Util currently" value="152614418546" />
<allocation-satisfied id="824" threadId="0000000001B0E500" bytesRequested="8200" />
<af-end id="825" timestamp="2019-06-16T17:32:47.847" threadId="0000000001B0EE88" success="true" from="nursery"/>
<exclusive-end id="826" timestamp="2019-06-16T17:32:47.847" durationms="1.079" />

<exclusive-start id="827" timestamp="2019-06-16T17:32:47.872" intervalms="25.708">
  <response-info timems="0.071" idlems="0.071" threads="0" lastid="0000000001B12100" lastname="Thread-5" />
</exclusive-start>
<af-start id="828" threadId="0000000001B12A88" totalBytesRequested="48" timestamp="2019-06-16T17:32:47.872" intervalms="25.698" type="nursery" />
<cycle-start id="829" type="scavenge" contextid="0" timestamp="2019-06-16T17:32:47.872" intervalms="25.700" />
<gc-start id="830" type="scavenge" contextid="829" timestamp="2019-06-16T17:32:47.872">
  <mem-info id="831" free="2081216984" total="2092630016" percent="99">
    <mem type="nursery" free="0" total="3276800" percent="0">
      <mem type="allocate" free="0" total="2424832" percent="0" />
      <mem type="survivor" free="0" total="851968" percent="0" />
    </mem>
    <mem type="tenure" free="2081216984" total="2089353216" percent="99">
      <mem type="soa" free="1976749528" total="1984885760" percent="99" />
      <mem type="loa" free="104467456" total="104467456" percent="100" />
    </mem>
    <remembered-set count="325" />
  </mem-info>
</gc-start>
<allocation-stats totalBytes="1845584" >
  <allocated-bytes non-tlh="188472" tlh="1657112" />
  <largest-consumer threadName="Thread-4" threadId="0000000001B0E500" bytes="698240" />
</allocation-stats>
<gc-op id="832" type="scavenge" timems="0.510" contextid="829" timestamp="2019-06-16T17:32:47.872">
  <scavenger-info tenureage="1" tenuremask="7ffe" tiltratio="74" />
  <memory-copied type="nursery" objects="1760" bytes="684632" bytesdiscarded="167272" />
  <memory-copied type="tenure" objects="853" bytes="400768" bytesdiscarded="432" />
  <copy-failed type="nursery" objects="46" bytes="43944" />
</gc-op>
<gc-end id="833" type="scavenge" contextid="829" durationms="0.710" usertimems="0.000" systemtimems="0.000" timestamp="2019-06-16T17:32:47.873" activeThreads="4">
  <mem-info id="834" free="2081959328" total="2092630016" percent="99">
    <mem type="nursery" free="1245184" total="3276800" percent="38">
      <mem type="allocate" free="1245184" total="2097152" percent="59" />
      <mem type="survivor" free="0" total="1179648" percent="0" />
    </mem>
    <mem type="tenure" free="2080714144" total="2089353216" percent="99">
      <mem type="soa" free="1976246688" total="1984885760" percent="99" />
      <mem type="loa" free="104467456" total="104467456" percent="100" />
    </mem>
    <remembered-set count="165" />
  </mem-info>
</gc-end>
<cycle-end id="835" type="scavenge" contextid="829" timestamp="2019-06-16T17:32:47.873" />
  <attribute name="elasticGC enabled" value="1" />
  <attribute name= "numThreadsSpecified" value="4" />
  <attribute name="heapSize specified" value="8978432" />
  <attribute name="Current GC Util" value="4" />
  <attribute name= "Current Time Running" value="1610" />
  <attribute name ="GC Interval" value="200" />
  <attribute name="ProportionalT" value="-16.000000" />
  <attribute name="ProportionalI" value="-16.000000" />
  <attribute name="ProportionalH" value="-16.000000" />
  <attribute name="Current Error" value="-16.000000" />
  <attribute name="IntegralT" value="-416.000000" />
  <attribute name="IntegralI" value="-416.000000" />
  <attribute name="IntegralH" value="-416.000000" />
  <attribute name="DerivativeT" value="-0.307692" />
  <attribute name="DerivativeI" value="-0.307692" />
  <attribute name="DerivativeH" value="-0.307692" />
  <attribute name="Loop Time for DT" value="26.000000" />
  <attribute name="Output H" value="2092630016"/>
  <attribute name="Output I" value="200"/>
  <attribute name="Output T" value="4"/>
  <attribute name="Target GC Util Change" value ="20.000000" />
  <attribute name="Current GC Util Change" value="4.000000"/>
  <attribute name="GC Util currently" value="4" />
  <attribute name="CPU Util currently" value="179408710665" />
<allocation-satisfied id="836" threadId="0000000001B12100" bytesRequested="48" />
<af-end id="837" timestamp="2019-06-16T17:32:47.873" threadId="0000000001B12A88" success="true" from="nursery"/>
<exclusive-end id="838" timestamp="2019-06-16T17:32:47.873" durationms="1.217" />

<exclusive-start id="839" timestamp="2019-06-16T17:32:47.891" intervalms="19.272">
  <response-info timems="0.047" idlems="0.047" threads="0" lastid="0000000001B0A900" lastname="Thread-3" />
</exclusive-start>
<af-start id="840" threadId="0000000001B0B288" totalBytesRequested="2056" timestamp="2019-06-16T17:32:47.891" intervalms="19.270" type="nursery" />
<cycle-start id="841" type="scavenge" contextid="0" timestamp="2019-06-16T17:32:47.891" intervalms="19.270" />
<gc-start id="842" type="scavenge" contextid="841" timestamp="2019-06-16T17:32:47.891">
  <mem-info id="843" free="2080714144" total="2092630016" percent="99">
    <mem type="nursery" free="0" total="3276800" percent="0">
      <mem type="allocate" free="0" total="2097152" percent="0" />
      <mem type="survivor" free="0" total="1179648" percent="0" />
    </mem>
    <mem type="tenure" free="2080714144" total="2089353216" percent="99">
      <mem type="soa" free="1976246688" total="1984885760" percent="99" />
      <mem type="loa" free="104467456" total="104467456" percent="100" />
    </mem>
    <remembered-set count="259" />
  </mem-info>
</gc-start>
<allocation-stats totalBytes="1155456" >
  <allocated-bytes non-tlh="32824" tlh="1122632" />
  <largest-consumer threadName="Thread-5" threadId="0000000001B12100" bytes="401912" />
</allocation-stats>
<gc-op id="844" type="scavenge" timems="0.437" contextid="841" timestamp="2019-06-16T17:32:47.892">
  <scavenger-info tenureage="1" tenuremask="7ffe" tiltratio="64" />
  <memory-copied type="nursery" objects="960" bytes="421560" bytesdiscarded="274008" />
  <memory-copied type="tenure" objects="900" bytes="418376" bytesdiscarded="952" />
  <references type="phantom" candidates="2" cleared="0" enqueued="0" />
</gc-op>
<gc-end id="845" type="scavenge" contextid="841" durationms="0.639" usertimems="0.000" systemtimems="0.000" timestamp="2019-06-16T17:32:47.892" activeThreads="4">
  <mem-info id="846" free="2081701168" total="2092630016" percent="99">
    <mem type="nursery" free="1467080" total="3276800" percent="44">
      <mem type="allocate" free="1467080" total="2162688" percent="67" />
      <mem type="survivor" free="0" total="1114112" percent="0" />
    </mem>
    <mem type="tenure" free="2080234088" total="2089353216" percent="99">
      <mem type="soa" free="1975766632" total="1984885760" percent="99" />
      <mem type="loa" free="104467456" total="104467456" percent="100" />
    </mem>
    <remembered-set count="131" />
  </mem-info>
</gc-end>
<cycle-end id="847" type="scavenge" contextid="841" timestamp="2019-06-16T17:32:47.892" />
  <attribute name="elasticGC enabled" value="1" />
  <attribute name= "numThreadsSpecified" value="4" />
  <attribute name="heapSize specified" value="8978432" />
  <attribute name="Current GC Util" value="7" />
  <attribute name= "Current Time Running" value="1629" />
  <attribute name ="GC Interval" value="200" />
  <attribute name="ProportionalT" value="-13.000000" />
  <attribute name="ProportionalI" value="-13.000000" />
  <attribute name="ProportionalH" value="-13.000000" />
  <attribute name="Current Error" value="-13.000000" />
  <attribute name="IntegralT" value="-247.000000" />
  <attribute name="IntegralI" value="-247.000000" />
  <attribute name="IntegralH" value="-247.000000" />
  <attribute name="DerivativeT" value="-0.342105" />
  <attribute name="DerivativeI" value="-0.342105" />
  <attribute name="DerivativeH" value="-0.342105" />
  <attribute name="Loop Time for DT" value="19.000000" />
  <attribute name="Output H" value="2092630016"/>
  <attribute name="Output I" value="200"/>
  <attribute name="Output T" value="4"/>
  <attribute name="Target GC Util Change" value ="20.000000" />
  <attribute name="Current GC Util Change" value="7.000000"/>
  <attribute name="GC Util currently" value="7" />
  <attribute name="CPU Util currently" value="239285722698" />
<allocation-satisfied id="848" threadId="0000000001B0A900" bytesRequested="2056" />
<af-end id="849" timestamp="2019-06-16T17:32:47.892" threadId="0000000001B0B288" success="true" from="nursery"/>
<exclusive-end id="850" timestamp="2019-06-16T17:32:47.892" durationms="1.102" />

<exclusive-start id="851" timestamp="2019-06-16T17:32:47.908" intervalms="17.567">
  <response-info timems="0.078" idlems="0.078" threads="0" lastid="0000000001B0E500" lastname="Thread-4" />
</exclusive-start>
<af-start id="852" threadId="0000000001B0EE88" totalBytesRequested="48" timestamp="2019-06-16T17:32:47.909" intervalms="17.553" type="nursery" />
<cycle-start id="853" type="scavenge" contextid="0" timestamp="2019-06-16T17:32:47.909" intervalms="17.546" />
<gc-start id="854" type="scavenge" contextid="853" timestamp="2019-06-16T17:32:47.909">
  <mem-info id="855" free="2080234088" total="2092630016" percent="99">
    <mem type="nursery" free="0" total="3276800" percent="0">
      <mem type="allocate" free="0" total="2162688" percent="0" />
      <mem type="survivor" free="0" total="1114112" percent="0" />
    </mem>
    <mem type="tenure" free="2080234088" total="2089353216" percent="99">
      <mem type="soa" free="1975766632" total="1984885760" percent="99" />
      <mem type="loa" free="104467456" total="104467456" percent="100" />
    </mem>
    <remembered-set count="311" />
  </mem-info>
</gc-start>
<allocation-stats totalBytes="1462408" >
  <allocated-bytes non-tlh="67608" tlh="1394800" />
  <largest-consumer threadName="Thread-4" threadId="0000000001B0E500" bytes="491416" />
</allocation-stats>
<gc-op id="856" type="scavenge" timems="0.447" contextid="853" timestamp="2019-06-16T17:32:47.909">
  <scavenger-info tenureage="1" tenuremask="7ffe" tiltratio="66" />
  <memory-copied type="nursery" objects="1868" bytes="655464" bytesdiscarded="183984" />
  <memory-copied type="tenure" objects="901" bytes="416536" bytesdiscarded="752" />
</gc-op>
<gc-end id="857" type="scavenge" contextid="853" durationms="0.638" usertimems="0.000" systemtimems="0.000" timestamp="2019-06-16T17:32:47.909" activeThreads="4">
  <mem-info id="858" free="2081263856" total="2092630016" percent="99">
    <mem type="nursery" free="1323192" total="3276800" percent="40">
      <mem type="allocate" free="1323192" total="2162688" percent="61" />
      <mem type="survivor" free="0" total="1114112" percent="0" />
    </mem>
    <mem type="tenure" free="2079940664" total="2089353216" percent="99">
      <mem type="soa" free="1975473208" total="1984885760" percent="99" />
      <mem type="loa" free="104467456" total="104467456" percent="100" />
    </mem>
    <remembered-set count="205" />
  </mem-info>
</gc-end>
<cycle-end id="859" type="scavenge" contextid="853" timestamp="2019-06-16T17:32:47.909" />
  <attribute name="elasticGC enabled" value="1" />
  <attribute name= "numThreadsSpecified" value="4" />
  <attribute name="heapSize specified" value="8978432" />
  <attribute name="Current GC Util" value="6" />
  <attribute name= "Current Time Running" value="1646" />
  <attribute name ="GC Interval" value="200" />
  <attribute name="ProportionalT" value="-14.000000" />
  <attribute name="ProportionalI" value="-14.000000" />
  <attribute name="ProportionalH" value="-14.000000" />
  <attribute name="Current Error" value="-14.000000" />
  <attribute name="IntegralT" value="-238.000000" />
  <attribute name="IntegralI" value="-238.000000" />
  <attribute name="IntegralH" value="-238.000000" />
  <attribute name="DerivativeT" value="-0.411765" />
  <attribute name="DerivativeI" value="-0.411765" />
  <attribute name="DerivativeH" value="-0.411765" />
  <attribute name="Loop Time for DT" value="17.000000" />
  <attribute name="Output H" value="2092630016"/>
  <attribute name="Output I" value="200"/>
  <attribute name="Output T" value="4"/>
  <attribute name="Target GC Util Change" value ="20.000000" />
  <attribute name="Current GC Util Change" value="6.000000"/>
  <attribute name="GC Util currently" value="6" />
  <attribute name="CPU Util currently" value="263026877531" />
<allocation-satisfied id="860" threadId="0000000001B0E500" bytesRequested="48" />
<af-end id="861" timestamp="2019-06-16T17:32:47.909" threadId="0000000001B0EE88" success="true" from="nursery"/>
<exclusive-end id="862" timestamp="2019-06-16T17:32:47.910" durationms="1.058" />

<exclusive-start id="863" timestamp="2019-06-16T17:32:47.917" intervalms="8.194">
  <response-info timems="0.030" idlems="0.030" threads="0" lastid="0000000001B12100" lastname="Thread-5" />
</exclusive-start>
<af-start id="864" threadId="0000000001B12A88" totalBytesRequested="416" timestamp="2019-06-16T17:32:47.917" intervalms="8.239" type="nursery" />
<cycle-start id="865" type="scavenge" contextid="0" timestamp="2019-06-16T17:32:47.917" intervalms="8.238" />
<gc-start id="866" type="scavenge" contextid="865" timestamp="2019-06-16T17:32:47.917">
  <mem-info id="867" free="2079940664" total="2092630016" percent="99">
    <mem type="nursery" free="0" total="3276800" percent="0">
      <mem type="allocate" free="0" total="2162688" percent="0" />
      <mem type="survivor" free="0" total="1114112" percent="0" />
    </mem>
    <mem type="tenure" free="2079940664" total="2089353216" percent="99">
      <mem type="soa" free="1975473208" total="1984885760" percent="99" />
      <mem type="loa" free="104467456" total="104467456" percent="100" />
    </mem>
    <remembered-set count="358" />
  </mem-info>
</gc-start>
<allocation-stats totalBytes="1230440" >
  <allocated-bytes non-tlh="65600" tlh="1164840" />
  <largest-consumer threadName="Thread-3" threadId="0000000001B0A900" bytes="609352" />
</allocation-stats>
<gc-op id="868" type="scavenge" timems="0.412" contextid="865" timestamp="2019-06-16T17:32:47.917">
  <scavenger-info tenureage="1" tenuremask="7ffe" tiltratio="66" />
  <memory-copied type="nursery" objects="795" bytes="421264" bytesdiscarded="130984" />
  <memory-copied type="tenure" objects="1171" bytes="434152" bytesdiscarded="768" />
</gc-op>
<gc-end id="869" type="scavenge" contextid="865" durationms="0.767" usertimems="0.000" systemtimems="0.000" timestamp="2019-06-16T17:32:47.918" activeThreads="4">
  <mem-info id="870" free="2081185424" total="2092630016" percent="99">
    <mem type="nursery" free="1675928" total="3276800" percent="51">
      <mem type="allocate" free="1675928" total="2228224" percent="75" />
      <mem type="survivor" free="0" total="1048576" percent="0" />
    </mem>
    <mem type="tenure" free="2079509496" total="2089353216" percent="99">
      <mem type="soa" free="1975042040" total="1984885760" percent="99" />
      <mem type="loa" free="104467456" total="104467456" percent="100" />
    </mem>
    <remembered-set count="151" />
  </mem-info>
</gc-end>
<cycle-end id="871" type="scavenge" contextid="865" timestamp="2019-06-16T17:32:47.918" />
  <attribute name="elasticGC enabled" value="1" />
  <attribute name= "numThreadsSpecified" value="4" />
  <attribute name="heapSize specified" value="8978432" />
  <attribute name="Current GC Util" value="15" />
  <attribute name= "Current Time Running" value="1655" />
  <attribute name ="GC Interval" value="200" />
  <attribute name="ProportionalT" value="-5.000000" />
  <attribute name="ProportionalI" value="-5.000000" />
  <attribute name="ProportionalH" value="-5.000000" />
  <attribute name="Current Error" value="-5.000000" />
  <attribute name="IntegralT" value="-45.000000" />
  <attribute name="IntegralI" value="-45.000000" />
  <attribute name="IntegralH" value="-45.000000" />
  <attribute name="DerivativeT" value="-0.277778" />
  <attribute name="DerivativeI" value="-0.277778" />
  <attribute name="DerivativeH" value="-0.277778" />
  <attribute name="Loop Time for DT" value="9.000000" />
  <attribute name="Output H" value="2092630016"/>
  <attribute name="Output I" value="200"/>
  <attribute name="Output T" value="4"/>
  <attribute name="Target GC Util Change" value ="20.000000" />
  <attribute name="Current GC Util Change" value="15.000000"/>
  <attribute name="GC Util currently" value="15" />
  <attribute name="CPU Util currently" value="560204254622" />
<allocation-satisfied id="872" threadId="0000000001B12100" bytesRequested="416" />
<af-end id="873" timestamp="2019-06-16T17:32:47.918" threadId="0000000001B12A88" success="true" from="nursery"/>
<exclusive-end id="874" timestamp="2019-06-16T17:32:47.918" durationms="1.227" />

<exclusive-start id="875" timestamp="2019-06-16T17:32:47.935" intervalms="18.521">
  <response-info timems="0.031" idlems="0.031" threads="0" lastid="0000000001B0A900" lastname="Thread-3" />
</exclusive-start>
<af-start id="876" threadId="0000000001B0B288" totalBytesRequested="16392" timestamp="2019-06-16T17:32:47.935" intervalms="18.485" type="nursery" />
<cycle-start id="877" type="scavenge" contextid="0" timestamp="2019-06-16T17:32:47.935" intervalms="18.491" />
<gc-start id="878" type="scavenge" contextid="877" timestamp="2019-06-16T17:32:47.935">
  <mem-info id="879" free="2079509496" total="2092630016" percent="99">
    <mem type="nursery" free="0" total="3276800" percent="0">
      <mem type="allocate" free="0" total="2228224" percent="0" />
      <mem type="survivor" free="0" total="1048576" percent="0" />
    </mem>
    <mem type="tenure" free="2079509496" total="2089353216" percent="99">
      <mem type="soa" free="1975042040" total="1984885760" percent="99" />
      <mem type="loa" free="104467456" total="104467456" percent="100" />
    </mem>
    <remembered-set count="294" />
  </mem-info>
</gc-start>
<allocation-stats totalBytes="1659168" >
  <allocated-bytes non-tlh="65968" tlh="1593200" />
  <largest-consumer threadName="Thread-3" threadId="0000000001B0A900" bytes="736272" />
</allocation-stats>
<gc-op id="880" type="scavenge" timems="0.416" contextid="877" timestamp="2019-06-16T17:32:47.936">
  <scavenger-info tenureage="1" tenuremask="7ffe" tiltratio="68" />
  <memory-copied type="nursery" objects="827" bytes="355888" bytesdiscarded="206552" />
  <memory-copied type="tenure" objects="672" bytes="282136" bytesdiscarded="400" />
  <references type="weak" candidates="1" cleared="0" enqueued="0" />
  <references type="phantom" candidates="1" cleared="0" enqueued="0" />
</gc-op>
<gc-end id="881" type="scavenge" contextid="877" durationms="0.607" usertimems="4.000" systemtimems="0.000" timestamp="2019-06-16T17:32:47.936" activeThreads="4">
  <mem-info id="882" free="2080955536" total="2092630016" percent="99">
    <mem type="nursery" free="1796824" total="3276800" percent="54">
      <mem type="allocate" free="1796824" total="2359296" percent="76" />
      <mem type="survivor" free="0" total="917504" percent="0" />
    </mem>
    <mem type="tenure" free="2079158712" total="2089353216" percent="99">
      <mem type="soa" free="1974691256" total="1984885760" percent="99" />
      <mem type="loa" free="104467456" total="104467456" percent="100" />
    </mem>
    <remembered-set count="146" />
  </mem-info>
</gc-end>
<cycle-end id="883" type="scavenge" contextid="877" timestamp="2019-06-16T17:32:47.936" />
  <attribute name="elasticGC enabled" value="1" />
  <attribute name= "numThreadsSpecified" value="4" />
  <attribute name="heapSize specified" value="8978432" />
  <attribute name="Current GC Util" value="6" />
  <attribute name= "Current Time Running" value="1673" />
  <attribute name ="GC Interval" value="200" />
  <attribute name="ProportionalT" value="-14.000000" />
  <attribute name="ProportionalI" value="-14.000000" />
  <attribute name="ProportionalH" value="-14.000000" />
  <attribute name="Current Error" value="-14.000000" />
  <attribute name="IntegralT" value="-252.000000" />
  <attribute name="IntegralI" value="-252.000000" />
  <attribute name="IntegralH" value="-252.000000" />
  <attribute name="DerivativeT" value="-0.388889" />
  <attribute name="DerivativeI" value="-0.388889" />
  <attribute name="DerivativeH" value="-0.388889" />
  <attribute name="Loop Time for DT" value="18.000000" />
  <attribute name="Output H" value="2092630016"/>
  <attribute name="Output I" value="200"/>
  <attribute name="Output T" value="4"/>
  <attribute name="Target GC Util Change" value ="20.000000" />
  <attribute name="Current GC Util Change" value="6.000000"/>
  <attribute name="GC Util currently" value="6" />
  <attribute name="CPU Util currently" value="249200702149" />
<allocation-satisfied id="884" threadId="0000000001B0A900" bytesRequested="16392" />
<af-end id="885" timestamp="2019-06-16T17:32:47.936" threadId="0000000001B0B288" success="true" from="nursery"/>
<exclusive-end id="886" timestamp="2019-06-16T17:32:47.936" durationms="1.058" />

<exclusive-start id="887" timestamp="2019-06-16T17:32:47.951" intervalms="15.367">
  <response-info timems="0.038" idlems="0.038" threads="0" lastid="0000000001B15D00" lastname="Thread-6" />
</exclusive-start>
<af-start id="888" threadId="0000000001B16688" totalBytesRequested="32776" timestamp="2019-06-16T17:32:47.951" intervalms="15.371" type="nursery" />
<cycle-start id="889" type="scavenge" contextid="0" timestamp="2019-06-16T17:32:47.951" intervalms="15.367" />
<gc-start id="890" type="scavenge" contextid="889" timestamp="2019-06-16T17:32:47.951">
  <mem-info id="891" free="2079158712" total="2092630016" percent="99">
    <mem type="nursery" free="0" total="3276800" percent="0">
      <mem type="allocate" free="0" total="2359296" percent="0" />
      <mem type="survivor" free="0" total="917504" percent="0" />
    </mem>
    <mem type="tenure" free="2079158712" total="2089353216" percent="99">
      <mem type="soa" free="1974691256" total="1984885760" percent="99" />
      <mem type="loa" free="104467456" total="104467456" percent="100" />
    </mem>
    <remembered-set count="292" />
  </mem-info>
</gc-start>
<allocation-stats totalBytes="1738480" >
  <allocated-bytes non-tlh="114720" tlh="1623760" />
  <largest-consumer threadName="Thread-6" threadId="0000000001B15D00" bytes="1017912" />
</allocation-stats>
<gc-op id="892" type="scavenge" timems="0.376" contextid="889" timestamp="2019-06-16T17:32:47.951">
  <scavenger-info tenureage="1" tenuremask="7ffe" tiltratio="72" />
  <memory-copied type="nursery" objects="784" bytes="355288" bytesdiscarded="221472" />
  <memory-copied type="tenure" objects="752" bytes="343808" bytesdiscarded="368" />
</gc-op>
<gc-end id="893" type="scavenge" contextid="889" durationms="0.732" usertimems="0.000" systemtimems="0.000" timestamp="2019-06-16T17:32:47.951" activeThreads="4">
  <mem-info id="894" free="2080764536" total="2092630016" percent="99">
    <mem type="nursery" free="1913568" total="3276800" percent="58">
      <mem type="allocate" free="1913568" total="2490368" percent="76" />
      <mem type="survivor" free="0" total="786432" percent="0" />
    </mem>
    <mem type="tenure" free="2078850968" total="2089353216" percent="99">
      <mem type="soa" free="1974383512" total="1984885760" percent="99" />
      <mem type="loa" free="104467456" total="104467456" percent="100" />
    </mem>
    <remembered-set count="149" />
  </mem-info>
</gc-end>
<cycle-end id="895" type="scavenge" contextid="889" timestamp="2019-06-16T17:32:47.952" />
  <attribute name="elasticGC enabled" value="1" />
  <attribute name= "numThreadsSpecified" value="4" />
  <attribute name="heapSize specified" value="8978432" />
  <attribute name="Current GC Util" value="7" />
  <attribute name= "Current Time Running" value="1689" />
  <attribute name ="GC Interval" value="200" />
  <attribute name="ProportionalT" value="-13.000000" />
  <attribute name="ProportionalI" value="-13.000000" />
  <attribute name="ProportionalH" value="-13.000000" />
  <attribute name="Current Error" value="-13.000000" />
  <attribute name="IntegralT" value="-208.000000" />
  <attribute name="IntegralI" value="-208.000000" />
  <attribute name="IntegralH" value="-208.000000" />
  <attribute name="DerivativeT" value="-0.406250" />
  <attribute name="DerivativeI" value="-0.406250" />
  <attribute name="DerivativeH" value="-0.406250" />
  <attribute name="Loop Time for DT" value="16.000000" />
  <attribute name="Output H" value="2092630016"/>
  <attribute name="Output I" value="200"/>
  <attribute name="Output T" value="4"/>
  <attribute name="Target GC Util Change" value ="20.000000" />
  <attribute name="Current GC Util Change" value="7.000000"/>
  <attribute name="GC Util currently" value="7" />
  <attribute name="CPU Util currently" value="300349027448" />
<allocation-satisfied id="896" threadId="0000000001B15D00" bytesRequested="32776" />
<af-end id="897" timestamp="2019-06-16T17:32:47.952" threadId="0000000001B16688" success="true" from="nursery"/>
<exclusive-end id="898" timestamp="2019-06-16T17:32:47.952" durationms="1.186" />

<exclusive-start id="899" timestamp="2019-06-16T17:32:47.969" intervalms="18.710">
  <response-info timems="0.031" idlems="0.031" threads="0" lastid="0000000001B0E500" lastname="Thread-4" />
</exclusive-start>
<af-start id="900" threadId="0000000001B0EE88" totalBytesRequested="48" timestamp="2019-06-16T17:32:47.969" intervalms="18.700" type="nursery" />
<cycle-start id="901" type="scavenge" contextid="0" timestamp="2019-06-16T17:32:47.969" intervalms="18.702" />
<gc-start id="902" type="scavenge" contextid="901" timestamp="2019-06-16T17:32:47.969">
  <mem-info id="903" free="2078850968" total="2092630016" percent="99">
    <mem type="nursery" free="0" total="3276800" percent="0">
      <mem type="allocate" free="0" total="2490368" percent="0" />
      <mem type="survivor" free="0" total="786432" percent="0" />
    </mem>
    <mem type="tenure" free="2078850968" total="2089353216" percent="99">
      <mem type="soa" free="1974383512" total="1984885760" percent="99" />
      <mem type="loa" free="104467456" total="104467456" percent="100" />
    </mem>
    <remembered-set count="317" />
  </mem-info>
</gc-start>
<allocation-stats totalBytes="1907440" >
  <allocated-bytes non-tlh="106528" tlh="1800912" />
  <largest-consumer threadName="Thread-5" threadId="0000000001B12100" bytes="839672" />
</allocation-stats>
<gc-op id="904" type="scavenge" timems="0.414" contextid="901" timestamp="2019-06-16T17:32:47.970">
  <scavenger-info tenureage="1" tenuremask="7ffe" tiltratio="76" />
  <memory-copied type="nursery" objects="1423" bytes="652920" bytesdiscarded="133464" />
  <memory-copied type="tenure" objects="631" bytes="275976" bytesdiscarded="16" />
  <copy-failed type="nursery" objects="432" bytes="47912" />
</gc-op>
<gc-end id="905" type="scavenge" contextid="901" durationms="0.611" usertimems="0.000" systemtimems="0.000" timestamp="2019-06-16T17:32:47.970" activeThreads="4">
  <mem-info id="906" free="2079964792" total="2092630016" percent="99">
    <mem type="nursery" free="1310720" total="3276800" percent="40">
      <mem type="allocate" free="1310720" total="2097152" percent="62" />
      <mem type="survivor" free="0" total="1179648" percent="0" />
    </mem>
    <mem type="tenure" free="2078654072" total="2089353216" percent="99">
      <mem type="soa" free="1974186616" total="1984885760" percent="99" />
      <mem type="loa" free="104467456" total="104467456" percent="100" />
    </mem>
    <remembered-set count="164" />
  </mem-info>
</gc-end>
<cycle-end id="907" type="scavenge" contextid="901" timestamp="2019-06-16T17:32:47.970" />
  <attribute name="elasticGC enabled" value="1" />
  <attribute name= "numThreadsSpecified" value="4" />
  <attribute name="heapSize specified" value="8978432" />
  <attribute name="Current GC Util" value="5" />
  <attribute name= "Current Time Running" value="1707" />
  <attribute name ="GC Interval" value="200" />
  <attribute name="ProportionalT" value="-15.000000" />
  <attribute name="ProportionalI" value="-15.000000" />
  <attribute name="ProportionalH" value="-15.000000" />
  <attribute name="Current Error" value="-15.000000" />
  <attribute name="IntegralT" value="-270.000000" />
  <attribute name="IntegralI" value="-270.000000" />
  <attribute name="IntegralH" value="-270.000000" />
  <attribute name="DerivativeT" value="-0.416667" />
  <attribute name="DerivativeI" value="-0.416667" />
  <attribute name="DerivativeH" value="-0.416667" />
  <attribute name="Loop Time for DT" value="18.000000" />
  <attribute name="Output H" value="2092630016"/>
  <attribute name="Output I" value="200"/>
  <attribute name="Output T" value="4"/>
  <attribute name="Target GC Util Change" value ="20.000000" />
  <attribute name="Current GC Util Change" value="5.000000"/>
  <attribute name="GC Util currently" value="5" />
  <attribute name="CPU Util currently" value="246567694006" />
<allocation-satisfied id="908" threadId="0000000001B0E500" bytesRequested="48" />
<af-end id="909" timestamp="2019-06-16T17:32:47.970" threadId="0000000001B0EE88" success="true" from="nursery"/>
<exclusive-end id="910" timestamp="2019-06-16T17:32:47.970" durationms="1.042" />

<exclusive-start id="911" timestamp="2019-06-16T17:32:47.979" intervalms="9.935">
  <response-info timems="0.030" idlems="0.030" threads="0" lastid="0000000001B12100" lastname="Thread-5" />
</exclusive-start>
<af-start id="912" threadId="0000000001B12A88" totalBytesRequested="16392" timestamp="2019-06-16T17:32:47.979" intervalms="9.930" type="nursery" />
<cycle-start id="913" type="scavenge" contextid="0" timestamp="2019-06-16T17:32:47.979" intervalms="9.929" />
<gc-start id="914" type="scavenge" contextid="913" timestamp="2019-06-16T17:32:47.979">
  <mem-info id="915" free="2078654072" total="2092630016" percent="99">
    <mem type="nursery" free="0" total="3276800" percent="0">
      <mem type="allocate" free="0" total="2097152" percent="0" />
      <mem type="survivor" free="0" total="1179648" percent="0" />
    </mem>
    <mem type="tenure" free="2078654072" total="2089353216" percent="99">
      <mem type="soa" free="1974186616" total="1984885760" percent="99" />
      <mem type="loa" free="104467456" total="104467456" percent="100" />
    </mem>
    <remembered-set count="280" />
  </mem-info>
</gc-start>
<allocation-stats totalBytes="1208904" >
  <allocated-bytes non-tlh="65600" tlh="1143304" />
  <largest-consumer threadName="Thread-4" threadId="0000000001B0E500" bytes="442344" />
</allocation-stats>
<gc-op id="916" type="scavenge" timems="0.449" contextid="913" timestamp="2019-06-16T17:32:47.980">
  <scavenger-info tenureage="1" tenuremask="7ffe" tiltratio="64" />
  <memory-copied type="nursery" objects="1299" bytes="582064" bytesdiscarded="316816" />
  <memory-copied type="tenure" objects="590" bytes="264888" bytesdiscarded="208" />
  <references type="phantom" candidates="2" cleared="0" enqueued="0" />
</gc-op>
<gc-end id="917" type="scavenge" contextid="913" durationms="0.837" usertimems="0.000" systemtimems="4.000" timestamp="2019-06-16T17:32:47.980" activeThreads="4">
  <mem-info id="918" free="2079751672" total="2092630016" percent="99">
    <mem type="nursery" free="1263760" total="3276800" percent="38">
      <mem type="allocate" free="1263760" total="2162688" percent="58" />
      <mem type="survivor" free="0" total="1114112" percent="0" />
    </mem>
    <mem type="tenure" free="2078487912" total="2089353216" percent="99">
      <mem type="soa" free="1974020456" total="1984885760" percent="99" />
      <mem type="loa" free="104467456" total="104467456" percent="100" />
    </mem>
    <remembered-set count="131" />
  </mem-info>
</gc-end>
<cycle-end id="919" type="scavenge" contextid="913" timestamp="2019-06-16T17:32:47.980" />
  <attribute name="elasticGC enabled" value="1" />
  <attribute name= "numThreadsSpecified" value="4" />
  <attribute name="heapSize specified" value="8978432" />
  <attribute name="Current GC Util" value="12" />
  <attribute name= "Current Time Running" value="1717" />
  <attribute name ="GC Interval" value="200" />
  <attribute name="ProportionalT" value="-8.000000" />
  <attribute name="ProportionalI" value="-8.000000" />
  <attribute name="ProportionalH" value="-8.000000" />
  <attribute name="Current Error" value="-8.000000" />
  <attribute name="IntegralT" value="-80.000000" />
  <attribute name="IntegralI" value="-80.000000" />
  <attribute name="IntegralH" value="-80.000000" />
  <attribute name="DerivativeT" value="-0.400000" />
  <attribute name="DerivativeI" value="-0.400000" />
  <attribute name="DerivativeH" value="-0.400000" />
  <attribute name="Loop Time for DT" value="10.000000" />
  <attribute name="Output H" value="2092630016"/>
  <attribute name="Output I" value="200"/>
  <attribute name="Output T" value="4"/>
  <attribute name="Target GC Util Change" value ="20.000000" />
  <attribute name="Current GC Util Change" value="12.000000"/>
  <attribute name="GC Util currently" value="12" />
  <attribute name="CPU Util currently" value="464416638539" />
<allocation-satisfied id="920" threadId="0000000001B12100" bytesRequested="16392" />
<af-end id="921" timestamp="2019-06-16T17:32:47.980" threadId="0000000001B12A88" success="true" from="nursery"/>
<exclusive-end id="922" timestamp="2019-06-16T17:32:47.980" durationms="1.277" />

<exclusive-start id="923" timestamp="2019-06-16T17:32:48.000" intervalms="21.034">
  <response-info timems="0.035" idlems="0.035" threads="0" lastid="0000000001B12100" lastname="Thread-5" />
</exclusive-start>
<af-start id="924" threadId="0000000001B12A88" totalBytesRequested="8200" timestamp="2019-06-16T17:32:48.000" intervalms="21.031" type="nursery" />
<cycle-start id="925" type="scavenge" contextid="0" timestamp="2019-06-16T17:32:48.000" intervalms="21.028" />
<gc-start id="926" type="scavenge" contextid="925" timestamp="2019-06-16T17:32:48.000">
  <mem-info id="927" free="2078487912" total="2092630016" percent="99">
    <mem type="nursery" free="0" total="3276800" percent="0">
      <mem type="allocate" free="0" total="2162688" percent="0" />
      <mem type="survivor" free="0" total="1114112" percent="0" />
    </mem>
    <mem type="tenure" free="2078487912" total="2089353216" percent="99">
      <mem type="soa" free="1974020456" total="1984885760" percent="99" />
      <mem type="loa" free="104467456" total="104467456" percent="100" />
    </mem>
    <remembered-set count="275" />
  </mem-info>
</gc-start>
<allocation-stats totalBytes="1243760" >
  <allocated-bytes non-tlh="49168" tlh="1194592" />
  <largest-consumer threadName="Thread-5" threadId="0000000001B12100" bytes="588560" />
</allocation-stats>
<gc-op id="928" type="scavenge" timems="0.417" contextid="925" timestamp="2019-06-16T17:32:48.001">
  <scavenger-info tenureage="1" tenuremask="7ffe" tiltratio="66" />
  <memory-copied type="nursery" objects="620" bytes="223072" bytesdiscarded="296344" />
  <memory-copied type="tenure" objects="1175" bytes="503488" bytesdiscarded="960" />
  <references type="phantom" candidates="1" cleared="0" enqueued="0" />
</gc-op>
<gc-end id="929" type="scavenge" contextid="925" durationms="0.767" usertimems="0.000" systemtimems="0.000" timestamp="2019-06-16T17:32:48.001" activeThreads="4">
  <mem-info id="930" free="2079637272" total="2092630016" percent="99">
    <mem type="nursery" free="1774328" total="3276800" percent="54">
      <mem type="allocate" free="1774328" total="2293760" percent="77" />
      <mem type="survivor" free="0" total="983040" percent="0" />
    </mem>
    <mem type="tenure" free="2077862944" total="2089353216" percent="99">
      <mem type="soa" free="1973395488" total="1984885760" percent="99" />
      <mem type="loa" free="104467456" total="104467456" percent="100" />
    </mem>
    <remembered-set count="176" />
  </mem-info>
</gc-end>
<cycle-end id="931" type="scavenge" contextid="925" timestamp="2019-06-16T17:32:48.001" />
  <attribute name="elasticGC enabled" value="1" />
  <attribute name= "numThreadsSpecified" value="4" />
  <attribute name="heapSize specified" value="8978432" />
  <attribute name="Current GC Util" value="5" />
  <attribute name= "Current Time Running" value="1738" />
  <attribute name ="GC Interval" value="200" />
  <attribute name="ProportionalT" value="-15.000000" />
  <attribute name="ProportionalI" value="-15.000000" />
  <attribute name="ProportionalH" value="-15.000000" />
  <attribute name="Current Error" value="-15.000000" />
  <attribute name="IntegralT" value="-315.000000" />
  <attribute name="IntegralI" value="-315.000000" />
  <attribute name="IntegralH" value="-315.000000" />
  <attribute name="DerivativeT" value="-0.357143" />
  <attribute name="DerivativeI" value="-0.357143" />
  <attribute name="DerivativeH" value="-0.357143" />
  <attribute name="Loop Time for DT" value="21.000000" />
  <attribute name="Output H" value="2092630016"/>
  <attribute name="Output I" value="200"/>
  <attribute name="Output T" value="4"/>
  <attribute name="Target GC Util Change" value ="20.000000" />
  <attribute name="Current GC Util Change" value="5.000000"/>
  <attribute name="GC Util currently" value="5" />
  <attribute name="CPU Util currently" value="219410168743" />
<allocation-satisfied id="932" threadId="0000000001B12100" bytesRequested="8200" />
<af-end id="933" timestamp="2019-06-16T17:32:48.001" threadId="0000000001B12A88" success="true" from="nursery"/>
<exclusive-end id="934" timestamp="2019-06-16T17:32:48.001" durationms="1.185" />

<exclusive-start id="935" timestamp="2019-06-16T17:32:48.016" intervalms="16.265">
  <response-info timems="0.040" idlems="0.040" threads="0" lastid="0000000001B15D00" lastname="Thread-6" />
</exclusive-start>
<af-start id="936" threadId="0000000001B16688" totalBytesRequested="32776" timestamp="2019-06-16T17:32:48.017" intervalms="16.283" type="nursery" />
<cycle-start id="937" type="scavenge" contextid="0" timestamp="2019-06-16T17:32:48.017" intervalms="16.289" />
<gc-start id="938" type="scavenge" contextid="937" timestamp="2019-06-16T17:32:48.017">
  <mem-info id="939" free="2077862944" total="2092630016" percent="99">
    <mem type="nursery" free="0" total="3276800" percent="0">
      <mem type="allocate" free="0" total="2293760" percent="0" />
      <mem type="survivor" free="0" total="983040" percent="0" />
    </mem>
    <mem type="tenure" free="2077862944" total="2089353216" percent="99">
      <mem type="soa" free="1973395488" total="1984885760" percent="99" />
      <mem type="loa" free="104467456" total="104467456" percent="100" />
    </mem>
    <remembered-set count="368" />
  </mem-info>
</gc-start>
<allocation-stats totalBytes="1683120" >
  <allocated-bytes non-tlh="90144" tlh="1592976" />
  <largest-consumer threadName="Thread-6" threadId="0000000001B15D00" bytes="812144" />
</allocation-stats>
<gc-op id="940" type="scavenge" timems="0.367" contextid="937" timestamp="2019-06-16T17:32:48.017">
  <scavenger-info tenureage="2" tenuremask="7ffc" tiltratio="70" />
  <memory-copied type="nursery" objects="2086" bytes="803864" bytesdiscarded="152584" />
</gc-op>
<gc-end id="941" type="scavenge" contextid="937" durationms="0.552" usertimems="0.000" systemtimems="0.000" timestamp="2019-06-16T17:32:48.017" activeThreads="4">
  <mem-info id="942" free="2078741432" total="2092630016" percent="99">
    <mem type="nursery" free="878488" total="3276800" percent="26">
      <mem type="allocate" free="878488" total="1835008" percent="47" />
      <mem type="survivor" free="0" total="1441792" percent="0" />
    </mem>
    <mem type="tenure" free="2077862944" total="2089353216" percent="99">
      <mem type="soa" free="1973395488" total="1984885760" percent="99" />
      <mem type="loa" free="104467456" total="104467456" percent="100" />
    </mem>
    <remembered-set count="193" />
  </mem-info>
</gc-end>
<cycle-end id="943" type="scavenge" contextid="937" timestamp="2019-06-16T17:32:48.017" />
  <attribute name="elasticGC enabled" value="1" />
  <attribute name= "numThreadsSpecified" value="4" />
  <attribute name="heapSize specified" value="8978432" />
  <attribute name="Current GC Util" value="7" />
  <attribute name= "Current Time Running" value="1755" />
  <attribute name ="GC Interval" value="200" />
  <attribute name="ProportionalT" value="-13.000000" />
  <attribute name="ProportionalI" value="-13.000000" />
  <attribute name="ProportionalH" value="-13.000000" />
  <attribute name="Current Error" value="-13.000000" />
  <attribute name="IntegralT" value="-221.000000" />
  <attribute name="IntegralI" value="-221.000000" />
  <attribute name="IntegralH" value="-221.000000" />
  <attribute name="DerivativeT" value="-0.382353" />
  <attribute name="DerivativeI" value="-0.382353" />
  <attribute name="DerivativeH" value="-0.382353" />
  <attribute name="Loop Time for DT" value="17.000000" />
  <attribute name="Output H" value="2092630016"/>
  <attribute name="Output I" value="200"/>
  <attribute name="Output T" value="4"/>
  <attribute name="Target GC Util Change" value ="20.000000" />
  <attribute name="Current GC Util Change" value="7.000000"/>
  <attribute name="GC Util currently" value="7" />
  <attribute name="CPU Util currently" value="282756978430" />
<allocation-satisfied id="944" threadId="0000000001B15D00" bytesRequested="32776" />
<af-end id="945" timestamp="2019-06-16T17:32:48.017" threadId="0000000001B16688" success="true" from="nursery"/>
<exclusive-end id="946" timestamp="2019-06-16T17:32:48.017" durationms="1.008" />

<exclusive-start id="947" timestamp="2019-06-16T17:32:48.033" intervalms="16.046">
  <response-info timems="0.071" idlems="0.071" threads="0" lastid="0000000001B15D00" lastname="Thread-6" />
</exclusive-start>
<af-start id="948" threadId="0000000001B16688" totalBytesRequested="32776" timestamp="2019-06-16T17:32:48.033" intervalms="16.057" type="nursery" />
<cycle-start id="949" type="scavenge" contextid="0" timestamp="2019-06-16T17:32:48.033" intervalms="16.065" />
<gc-start id="950" type="scavenge" contextid="949" timestamp="2019-06-16T17:32:48.033">
  <mem-info id="951" free="2077862944" total="2092630016" percent="99">
    <mem type="nursery" free="0" total="3276800" percent="0">
      <mem type="allocate" free="0" total="1835008" percent="0" />
      <mem type="survivor" free="0" total="1441792" percent="0" />
    </mem>
    <mem type="tenure" free="2077862944" total="2089353216" percent="99">
      <mem type="soa" free="1973395488" total="1984885760" percent="99" />
      <mem type="loa" free="104467456" total="104467456" percent="100" />
    </mem>
    <remembered-set count="304" />
  </mem-info>
</gc-start>
<allocation-stats totalBytes="839840" >
  <allocated-bytes non-tlh="32776" tlh="807064" />
  <largest-consumer threadName="Thread-6" threadId="0000000001B15D00" bytes="453048" />
</allocation-stats>
<gc-op id="952" type="scavenge" timems="0.509" contextid="949" timestamp="2019-06-16T17:32:48.033">
  <scavenger-info tenureage="1" tenuremask="7ffe" tiltratio="56" />
  <memory-copied type="nursery" objects="684" bytes="210800" bytesdiscarded="215008" />
  <memory-copied type="tenure" objects="1563" bytes="606568" bytesdiscarded="1048" />
</gc-op>
<gc-end id="953" type="scavenge" contextid="949" durationms="0.740" usertimems="0.000" systemtimems="0.000" timestamp="2019-06-16T17:32:48.034" activeThreads="4">
  <mem-info id="954" free="2078754888" total="2092630016" percent="99">
    <mem type="nursery" free="1540248" total="3276800" percent="47">
      <mem type="allocate" free="1540248" total="1966080" percent="78" />
      <mem type="survivor" free="0" total="1310720" percent="0" />
    </mem>
    <mem type="tenure" free="2077214640" total="2089353216" percent="99">
      <mem type="soa" free="1972747184" total="1984885760" percent="99" />
      <mem type="loa" free="104467456" total="104467456" percent="100" />
    </mem>
    <remembered-set count="144" />
  </mem-info>
</gc-end>
<cycle-end id="955" type="scavenge" contextid="949" timestamp="2019-06-16T17:32:48.034" />
  <attribute name="elasticGC enabled" value="1" />
  <attribute name= "numThreadsSpecified" value="4" />
  <attribute name="heapSize specified" value="8978432" />
  <attribute name="Current GC Util" value="6" />
  <attribute name= "Current Time Running" value="1771" />
  <attribute name ="GC Interval" value="200" />
  <attribute name="ProportionalT" value="-14.000000" />
  <attribute name="ProportionalI" value="-14.000000" />
  <attribute name="ProportionalH" value="-14.000000" />
  <attribute name="Current Error" value="-14.000000" />
  <attribute name="IntegralT" value="-224.000000" />
  <attribute name="IntegralI" value="-224.000000" />
  <attribute name="IntegralH" value="-224.000000" />
  <attribute name="DerivativeT" value="-0.437500" />
  <attribute name="DerivativeI" value="-0.437500" />
  <attribute name="DerivativeH" value="-0.437500" />
  <attribute name="Loop Time for DT" value="16.000000" />
  <attribute name="Output H" value="2092630016"/>
  <attribute name="Output I" value="200"/>
  <attribute name="Output T" value="4"/>
  <attribute name="Target GC Util Change" value ="20.000000" />
  <attribute name="Current GC Util Change" value="6.000000"/>
  <attribute name="GC Util currently" value="6" />
  <attribute name="CPU Util currently" value="286613731183" />
<allocation-satisfied id="956" threadId="0000000001B15D00" bytesRequested="32776" />
<af-end id="957" timestamp="2019-06-16T17:32:48.034" threadId="0000000001B16688" success="true" from="nursery"/>
<exclusive-end id="958" timestamp="2019-06-16T17:32:48.034" durationms="1.263" />

<exclusive-start id="959" timestamp="2019-06-16T17:32:48.045" intervalms="12.841">
  <response-info timems="0.100" idlems="0.100" threads="0" lastid="0000000001B12100" lastname="Thread-5" />
</exclusive-start>
<af-start id="960" threadId="0000000001B12A88" totalBytesRequested="32776" timestamp="2019-06-16T17:32:48.045" intervalms="12.829" type="nursery" />
<cycle-start id="961" type="scavenge" contextid="0" timestamp="2019-06-16T17:32:48.046" intervalms="12.820" />
<gc-start id="962" type="scavenge" contextid="961" timestamp="2019-06-16T17:32:48.046">
  <mem-info id="963" free="2077214640" total="2092630016" percent="99">
    <mem type="nursery" free="0" total="3276800" percent="0">
      <mem type="allocate" free="0" total="1966080" percent="0" />
      <mem type="survivor" free="0" total="1310720" percent="0" />
    </mem>
    <mem type="tenure" free="2077214640" total="2089353216" percent="99">
      <mem type="soa" free="1972747184" total="1984885760" percent="99" />
      <mem type="loa" free="104467456" total="104467456" percent="100" />
    </mem>
    <remembered-set count="272" />
  </mem-info>
</gc-start>
<allocation-stats totalBytes="1451328" >
  <allocated-bytes non-tlh="81944" tlh="1369384" />
  <largest-consumer threadName="Thread-5" threadId="0000000001B12100" bytes="658512" />
</allocation-stats>
<gc-op id="964" type="scavenge" timems="0.700" contextid="961" timestamp="2019-06-16T17:32:48.046">
  <scavenger-info tenureage="1" tenuremask="7ffe" tiltratio="60" />
  <memory-copied type="nursery" objects="914" bytes="511464" bytesdiscarded="235384" />
  <memory-copied type="tenure" objects="49" bytes="2984" bytesdiscarded="0" />
  <references type="weak" candidates="1" cleared="0" enqueued="0" />
  <references type="phantom" candidates="1" cleared="0" enqueued="0" />
</gc-op>
<gc-end id="965" type="scavenge" contextid="961" durationms="0.903" usertimems="0.000" systemtimems="0.000" timestamp="2019-06-16T17:32:48.047" activeThreads="4">
  <mem-info id="966" free="2078499360" total="2092630016" percent="99">
    <mem type="nursery" free="1284720" total="3276800" percent="39">
      <mem type="allocate" free="1284720" total="2031616" percent="63" />
      <mem type="survivor" free="0" total="1245184" percent="0" />
    </mem>
    <mem type="tenure" free="2077214640" total="2089353216" percent="99">
      <mem type="soa" free="1972747184" total="1984885760" percent="99" />
      <mem type="loa" free="104467456" total="104467456" percent="100" />
    </mem>
    <remembered-set count="150" />
  </mem-info>
</gc-end>
<cycle-end id="967" type="scavenge" contextid="961" timestamp="2019-06-16T17:32:48.047" />
  <attribute name="elasticGC enabled" value="1" />
  <attribute name= "numThreadsSpecified" value="4" />
  <attribute name="heapSize specified" value="8978432" />
  <attribute name="Current GC Util" value="10" />
  <attribute name= "Current Time Running" value="1783" />
  <attribute name ="GC Interval" value="200" />
  <attribute name="ProportionalT" value="-10.000000" />
  <attribute name="ProportionalI" value="-10.000000" />
  <attribute name="ProportionalH" value="-10.000000" />
  <attribute name="Current Error" value="-10.000000" />
  <attribute name="IntegralT" value="-120.000000" />
  <attribute name="IntegralI" value="-120.000000" />
  <attribute name="IntegralH" value="-120.000000" />
  <attribute name="DerivativeT" value="-0.416667" />
  <attribute name="DerivativeI" value="-0.416667" />
  <attribute name="DerivativeH" value="-0.416667" />
  <attribute name="Loop Time for DT" value="12.000000" />
  <attribute name="Output H" value="2092630016"/>
  <attribute name="Output I" value="200"/>
  <attribute name="Output T" value="4"/>
  <attribute name="Target GC Util Change" value ="20.000000" />
  <attribute name="Current GC Util Change" value="10.000000"/>
  <attribute name="GC Util currently" value="10" />
  <attribute name="CPU Util currently" value="360507569740" />
<allocation-satisfied id="968" threadId="0000000001B12100" bytesRequested="32776" />
<af-end id="969" timestamp="2019-06-16T17:32:48.047" threadId="0000000001B12A88" success="true" from="nursery"/>
<exclusive-end id="970" timestamp="2019-06-16T17:32:48.047" durationms="1.416" />

<exclusive-start id="971" timestamp="2019-06-16T17:32:48.054" intervalms="8.877">
  <response-info timems="0.040" idlems="0.040" threads="0" lastid="0000000001B0A900" lastname="Thread-3" />
</exclusive-start>
<af-start id="972" threadId="0000000001B0B288" totalBytesRequested="32776" timestamp="2019-06-16T17:32:48.054" intervalms="8.881" type="nursery" />
<cycle-start id="973" type="scavenge" contextid="0" timestamp="2019-06-16T17:32:48.054" intervalms="8.885" />
<gc-start id="974" type="scavenge" contextid="973" timestamp="2019-06-16T17:32:48.054">
  <mem-info id="975" free="2077214640" total="2092630016" percent="99">
    <mem type="nursery" free="0" total="3276800" percent="0">
      <mem type="allocate" free="0" total="2031616" percent="0" />
      <mem type="survivor" free="0" total="1245184" percent="0" />
    </mem>
    <mem type="tenure" free="2077214640" total="2089353216" percent="99">
      <mem type="soa" free="1972747184" total="1984885760" percent="99" />
      <mem type="loa" free="104467456" total="104467456" percent="100" />
    </mem>
    <remembered-set count="256" />
  </mem-info>
</gc-start>
<allocation-stats totalBytes="1210504" >
  <allocated-bytes non-tlh="131112" tlh="1079392" />
  <largest-consumer threadName="Thread-4" threadId="0000000001B0E500" bytes="478632" />
</allocation-stats>
<gc-op id="976" type="scavenge" timems="0.855" contextid="973" timestamp="2019-06-16T17:32:48.055">
  <scavenger-info tenureage="1" tenuremask="7ffe" tiltratio="62" />
  <memory-copied type="nursery" objects="1208" bytes="465328" bytesdiscarded="84600" />
  <memory-copied type="tenure" objects="838" bytes="466536" bytesdiscarded="40" />
</gc-op>
<gc-end id="977" type="scavenge" contextid="973" durationms="1.050" usertimems="4.000" systemtimems="0.000" timestamp="2019-06-16T17:32:48.056" activeThreads="4">
  <mem-info id="978" free="2078399752" total="2092630016" percent="99">
    <mem type="nursery" free="1612712" total="3276800" percent="49">
      <mem type="allocate" free="1612712" total="2162688" percent="74" />
      <mem type="survivor" free="0" total="1114112" percent="0" />
    </mem>
    <mem type="tenure" free="2076787040" total="2089353216" percent="99">
      <mem type="soa" free="1972319584" total="1984885760" percent="99" />
      <mem type="loa" free="104467456" total="104467456" percent="100" />
    </mem>
    <remembered-set count="138" />
  </mem-info>
</gc-end>
<cycle-end id="979" type="scavenge" contextid="973" timestamp="2019-06-16T17:32:48.056" />
  <attribute name="elasticGC enabled" value="1" />
  <attribute name= "numThreadsSpecified" value="4" />
  <attribute name="heapSize specified" value="8978432" />
  <attribute name="Current GC Util" value="16" />
  <attribute name= "Current Time Running" value="1792" />
  <attribute name ="GC Interval" value="200" />
  <attribute name="ProportionalT" value="-4.000000" />
  <attribute name="ProportionalI" value="-4.000000" />
  <attribute name="ProportionalH" value="-4.000000" />
  <attribute name="Current Error" value="-4.000000" />
  <attribute name="IntegralT" value="-36.000000" />
  <attribute name="IntegralI" value="-36.000000" />
  <attribute name="IntegralH" value="-36.000000" />
  <attribute name="DerivativeT" value="-0.222222" />
  <attribute name="DerivativeI" value="-0.222222" />
  <attribute name="DerivativeH" value="-0.222222" />
  <attribute name="Loop Time for DT" value="9.000000" />
  <attribute name="Output H" value="2092630016"/>
  <attribute name="Output I" value="200"/>
  <attribute name="Output T" value="4"/>
  <attribute name="Target GC Util Change" value ="20.000000" />
  <attribute name="Current GC Util Change" value="16.000000"/>
  <attribute name="GC Util currently" value="16" />
  <attribute name="CPU Util currently" value="518766580498" />
<allocation-satisfied id="980" threadId="0000000001B0A900" bytesRequested="32776" />
<af-end id="981" timestamp="2019-06-16T17:32:48.056" threadId="0000000001B0B288" success="true" from="nursery"/>
<exclusive-end id="982" timestamp="2019-06-16T17:32:48.056" durationms="1.514" />

<exclusive-start id="983" timestamp="2019-06-16T17:32:48.079" intervalms="24.985">
  <response-info timems="0.033" idlems="0.033" threads="0" lastid="0000000001B0E500" lastname="Thread-4" />
</exclusive-start>
<af-start id="984" threadId="0000000001B0EE88" totalBytesRequested="48" timestamp="2019-06-16T17:32:48.079" intervalms="25.006" type="nursery" />
<cycle-start id="985" type="scavenge" contextid="0" timestamp="2019-06-16T17:32:48.079" intervalms="25.001" />
<gc-start id="986" type="scavenge" contextid="985" timestamp="2019-06-16T17:32:48.079">
  <mem-info id="987" free="2076787040" total="2092630016" percent="99">
    <mem type="nursery" free="0" total="3276800" percent="0">
      <mem type="allocate" free="0" total="2162688" percent="0" />
      <mem type="survivor" free="0" total="1114112" percent="0" />
    </mem>
    <mem type="tenure" free="2076787040" total="2089353216" percent="99">
      <mem type="soa" free="1972319584" total="1984885760" percent="99" />
      <mem type="loa" free="104467456" total="104467456" percent="100" />
    </mem>
    <remembered-set count="295" />
  </mem-info>
</gc-start>
<allocation-stats totalBytes="1610216" >
  <allocated-bytes non-tlh="65552" tlh="1544664" />
  <largest-consumer threadName="Thread-4" threadId="0000000001B0E500" bytes="870256" />
</allocation-stats>
<gc-op id="988" type="scavenge" timems="0.383" contextid="985" timestamp="2019-06-16T17:32:48.080">
  <scavenger-info tenureage="1" tenuremask="7ffe" tiltratio="66" />
  <memory-copied type="nursery" objects="1268" bytes="414976" bytesdiscarded="65552" />
  <memory-copied type="tenure" objects="619" bytes="262624" bytesdiscarded="176" />
</gc-op>
<gc-end id="989" type="scavenge" contextid="985" durationms="0.585" usertimems="0.000" systemtimems="0.000" timestamp="2019-06-16T17:32:48.080" activeThreads="4">
  <mem-info id="990" free="2078317296" total="2092630016" percent="99">
    <mem type="nursery" free="1813208" total="3276800" percent="55">
      <mem type="allocate" free="1813208" total="2293760" percent="79" />
      <mem type="survivor" free="0" total="983040" percent="0" />
    </mem>
    <mem type="tenure" free="2076504088" total="2089353216" percent="99">
      <mem type="soa" free="1972036632" total="1984885760" percent="99" />
      <mem type="loa" free="104467456" total="104467456" percent="100" />
    </mem>
    <remembered-set count="147" />
  </mem-info>
</gc-end>
<cycle-end id="991" type="scavenge" contextid="985" timestamp="2019-06-16T17:32:48.080" />
  <attribute name="elasticGC enabled" value="1" />
  <attribute name= "numThreadsSpecified" value="4" />
  <attribute name="heapSize specified" value="8978432" />
  <attribute name="Current GC Util" value="7" />
  <attribute name= "Current Time Running" value="1817" />
  <attribute name ="GC Interval" value="200" />
  <attribute name="ProportionalT" value="-13.000000" />
  <attribute name="ProportionalI" value="-13.000000" />
  <attribute name="ProportionalH" value="-13.000000" />
  <attribute name="Current Error" value="-13.000000" />
  <attribute name="IntegralT" value="-325.000000" />
  <attribute name="IntegralI" value="-325.000000" />
  <attribute name="IntegralH" value="-325.000000" />
  <attribute name="DerivativeT" value="-0.260000" />
  <attribute name="DerivativeI" value="-0.260000" />
  <attribute name="DerivativeH" value="-0.260000" />
  <attribute name="Loop Time for DT" value="25.000000" />
  <attribute name="Output H" value="2092630016"/>
  <attribute name="Output I" value="200"/>
  <attribute name="Output T" value="4"/>
  <attribute name="Target GC Util Change" value ="20.000000" />
  <attribute name="Current GC Util Change" value="7.000000"/>
  <attribute name="GC Util currently" value="7" />
  <attribute name="CPU Util currently" value="184368596940" />
<allocation-satisfied id="992" threadId="0000000001B0E500" bytesRequested="48" />
<af-end id="993" timestamp="2019-06-16T17:32:48.080" threadId="0000000001B0EE88" success="true" from="nursery"/>
<exclusive-end id="994" timestamp="2019-06-16T17:32:48.080" durationms="1.056" />

<exclusive-start id="995" timestamp="2019-06-16T17:32:48.102" intervalms="22.762">
  <response-info timems="0.033" idlems="0.033" threads="0" lastid="0000000001B12100" lastname="Thread-5" />
</exclusive-start>
<af-start id="996" threadId="0000000001B12A88" totalBytesRequested="48" timestamp="2019-06-16T17:32:48.102" intervalms="22.747" type="nursery" />
<cycle-start id="997" type="scavenge" contextid="0" timestamp="2019-06-16T17:32:48.102" intervalms="22.748" />
<gc-start id="998" type="scavenge" contextid="997" timestamp="2019-06-16T17:32:48.102">
  <mem-info id="999" free="2076504088" total="2092630016" percent="99">
    <mem type="nursery" free="0" total="3276800" percent="0">
      <mem type="allocate" free="0" total="2293760" percent="0" />
      <mem type="survivor" free="0" total="983040" percent="0" />
    </mem>
    <mem type="tenure" free="2076504088" total="2089353216" percent="99">
      <mem type="soa" free="1972036632" total="1984885760" percent="99" />
      <mem type="loa" free="104467456" total="104467456" percent="100" />
    </mem>
    <remembered-set count="317" />
  </mem-info>
</gc-start>
<allocation-stats totalBytes="1786504" >
  <allocated-bytes non-tlh="114768" tlh="1671736" />
  <largest-consumer threadName="Thread-6" threadId="0000000001B15D00" bytes="629832" />
</allocation-stats>
<gc-op id="1000" type="scavenge" timems="1.035" contextid="997" timestamp="2019-06-16T17:32:48.103">
  <scavenger-info tenureage="1" tenuremask="7ffe" tiltratio="70" />
  <memory-copied type="nursery" objects="2043" bytes="822296" bytesdiscarded="125480" />
  <memory-copied type="tenure" objects="656" bytes="199752" bytesdiscarded="408" />
</gc-op>
<gc-end id="1001" type="scavenge" contextid="997" durationms="1.231" usertimems="0.000" systemtimems="0.000" timestamp="2019-06-16T17:32:48.103" activeThreads="4">
  <mem-info id="1002" free="2077358104" total="2092630016" percent="99">
    <mem type="nursery" free="1018240" total="3276800" percent="31">
      <mem type="allocate" free="1018240" total="1966080" percent="51" />
      <mem type="survivor" free="0" total="1310720" percent="0" />
    </mem>
    <mem type="tenure" free="2076339864" total="2089353216" percent="99">
      <mem type="soa" free="1971872408" total="1984885760" percent="99" />
      <mem type="loa" free="104467456" total="104467456" percent="100" />
    </mem>
    <remembered-set count="161" />
  </mem-info>
</gc-end>
<cycle-end id="1003" type="scavenge" contextid="997" timestamp="2019-06-16T17:32:48.104" />
  <attribute name="elasticGC enabled" value="1" />
  <attribute name= "numThreadsSpecified" value="4" />
  <attribute name="heapSize specified" value="8978432" />
  <attribute name="Current GC Util" value="4" />
  <attribute name= "Current Time Running" value="1840" />
  <attribute name ="GC Interval" value="200" />
  <attribute name="ProportionalT" value="-16.000000" />
  <attribute name="ProportionalI" value="-16.000000" />
  <attribute name="ProportionalH" value="-16.000000" />
  <attribute name="Current Error" value="-16.000000" />
  <attribute name="IntegralT" value="-368.000000" />
  <attribute name="IntegralI" value="-368.000000" />
  <attribute name="IntegralH" value="-368.000000" />
  <attribute name="DerivativeT" value="-0.347826" />
  <attribute name="DerivativeI" value="-0.347826" />
  <attribute name="DerivativeH" value="-0.347826" />
  <attribute name="Loop Time for DT" value="23.000000" />
  <attribute name="Output H" value="2092630016"/>
  <attribute name="Output I" value="200"/>
  <attribute name="Output T" value="4"/>
  <attribute name="Target GC Util Change" value ="20.000000" />
  <attribute name="Current GC Util Change" value="4.000000"/>
  <attribute name="GC Util currently" value="4" />
  <attribute name="CPU Util currently" value="202838293964" />
<allocation-satisfied id="1004" threadId="0000000001B12100" bytesRequested="48" />
<af-end id="1005" timestamp="2019-06-16T17:32:48.104" threadId="0000000001B12A88" success="true" from="nursery"/>
<exclusive-end id="1006" timestamp="2019-06-16T17:32:48.104" durationms="1.708" />

<exclusive-start id="1007" timestamp="2019-06-16T17:32:48.114" intervalms="12.072">
  <response-info timems="0.052" idlems="0.052" threads="0" lastid="0000000001B0E500" lastname="Thread-4" />
</exclusive-start>
<af-start id="1008" threadId="0000000001B0EE88" totalBytesRequested="8200" timestamp="2019-06-16T17:32:48.114" intervalms="12.062" type="nursery" />
<cycle-start id="1009" type="scavenge" contextid="0" timestamp="2019-06-16T17:32:48.114" intervalms="12.064" />
<gc-start id="1010" type="scavenge" contextid="1009" timestamp="2019-06-16T17:32:48.114">
  <mem-info id="1011" free="2076339864" total="2092630016" percent="99">
    <mem type="nursery" free="0" total="3276800" percent="0">
      <mem type="allocate" free="0" total="1966080" percent="0" />
      <mem type="survivor" free="0" total="1310720" percent="0" />
    </mem>
    <mem type="tenure" free="2076339864" total="2089353216" percent="99">
      <mem type="soa" free="1971872408" total="1984885760" percent="99" />
      <mem type="loa" free="104467456" total="104467456" percent="100" />
    </mem>
    <remembered-set count="242" />
  </mem-info>
</gc-start>
<allocation-stats totalBytes="951664" >
  <allocated-bytes non-tlh="32824" tlh="918840" />
  <largest-consumer threadName="Thread-4" threadId="0000000001B0E500" bytes="380864" />
</allocation-stats>
<gc-op id="1012" type="scavenge" timems="0.441" contextid="1009" timestamp="2019-06-16T17:32:48.115">
  <scavenger-info tenureage="1" tenuremask="7ffe" tiltratio="60" />
  <memory-copied type="nursery" objects="855" bytes="359760" bytesdiscarded="171960" />
  <memory-copied type="tenure" objects="855" bytes="380232" bytesdiscarded="600" />
  <references type="phantom" candidates="2" cleared="0" enqueued="0" />
</gc-op>
<gc-end id="1013" type="scavenge" contextid="1009" durationms="0.635" usertimems="0.000" systemtimems="4.000" timestamp="2019-06-16T17:32:48.115" activeThreads="4">
  <mem-info id="1014" free="2077601616" total="2092630016" percent="99">
    <mem type="nursery" free="1499864" total="3276800" percent="45">
      <mem type="allocate" free="1499864" total="2031616" percent="73" />
      <mem type="survivor" free="0" total="1245184" percent="0" />
    </mem>
    <mem type="tenure" free="2076101752" total="2089353216" percent="99">
      <mem type="soa" free="1971634296" total="1984885760" percent="99" />
      <mem type="loa" free="104467456" total="104467456" percent="100" />
    </mem>
    <remembered-set count="124" />
  </mem-info>
</gc-end>
<cycle-end id="1015" type="scavenge" contextid="1009" timestamp="2019-06-16T17:32:48.115" />
  <attribute name="elasticGC enabled" value="1" />
  <attribute name= "numThreadsSpecified" value="4" />
  <attribute name="heapSize specified" value="8978432" />
  <attribute name="Current GC Util" value="16" />
  <attribute name= "Current Time Running" value="1852" />
  <attribute name ="GC Interval" value="200" />
  <attribute name="ProportionalT" value="-4.000000" />
  <attribute name="ProportionalI" value="-4.000000" />
  <attribute name="ProportionalH" value="-4.000000" />
  <attribute name="Current Error" value="-4.000000" />
  <attribute name="IntegralT" value="-48.000000" />
  <attribute name="IntegralI" value="-48.000000" />
  <attribute name="IntegralH" value="-48.000000" />
  <attribute name="DerivativeT" value="-0.166667" />
  <attribute name="DerivativeI" value="-0.166667" />
  <attribute name="DerivativeH" value="-0.166667" />
  <attribute name="Loop Time for DT" value="12.000000" />
  <attribute name="Output H" value="2092630016"/>
  <attribute name="Output I" value="200"/>
  <attribute name="Output T" value="4"/>
  <attribute name="Target GC Util Change" value ="20.000000" />
  <attribute name="Current GC Util Change" value="16.000000"/>
  <attribute name="GC Util currently" value="16" />
  <attribute name="CPU Util currently" value="382249930602" />
<allocation-satisfied id="1016" threadId="0000000001B0E500" bytesRequested="8200" />
<af-end id="1017" timestamp="2019-06-16T17:32:48.115" threadId="0000000001B0EE88" success="true" from="nursery"/>
<exclusive-end id="1018" timestamp="2019-06-16T17:32:48.115" durationms="1.094" />

<exclusive-start id="1019" timestamp="2019-06-16T17:32:48.143" intervalms="28.561">
  <response-info timems="0.038" idlems="0.038" threads="0" lastid="0000000001B0A900" lastname="Thread-3" />
</exclusive-start>
<af-start id="1020" threadId="0000000001B0B288" totalBytesRequested="8200" timestamp="2019-06-16T17:32:48.143" intervalms="28.561" type="nursery" />
<cycle-start id="1021" type="scavenge" contextid="0" timestamp="2019-06-16T17:32:48.143" intervalms="28.560" />
<gc-start id="1022" type="scavenge" contextid="1021" timestamp="2019-06-16T17:32:48.143">
  <mem-info id="1023" free="2076101752" total="2092630016" percent="99">
    <mem type="nursery" free="0" total="3276800" percent="0">
      <mem type="allocate" free="0" total="2031616" percent="0" />
      <mem type="survivor" free="0" total="1245184" percent="0" />
    </mem>
    <mem type="tenure" free="2076101752" total="2089353216" percent="99">
      <mem type="soa" free="1971634296" total="1984885760" percent="99" />
      <mem type="loa" free="104467456" total="104467456" percent="100" />
    </mem>
    <remembered-set count="309" />
  </mem-info>
</gc-start>
<allocation-stats totalBytes="1453120" >
  <allocated-bytes non-tlh="90144" tlh="1362976" />
  <largest-consumer threadName="Thread-3" threadId="0000000001B0A900" bytes="578480" />
</allocation-stats>
<gc-op id="1024" type="scavenge" timems="1.323" contextid="1021" timestamp="2019-06-16T17:32:48.144">
  <scavenger-info tenureage="1" tenuremask="7ffe" tiltratio="62" />
  <memory-copied type="nursery" objects="281" bytes="90568" bytesdiscarded="250408" />
  <memory-copied type="tenure" objects="488" bytes="201344" bytesdiscarded="24" />
  <references type="weak" candidates="1" cleared="0" enqueued="0" />
  <references type="phantom" candidates="1" cleared="0" enqueued="0" />
</gc-op>
<gc-end id="1025" type="scavenge" contextid="1021" durationms="1.521" usertimems="4.000" systemtimems="0.000" timestamp="2019-06-16T17:32:48.144" activeThreads="4">
  <mem-info id="1026" free="2077822528" total="2092630016" percent="99">
    <mem type="nursery" free="1887232" total="3276800" percent="57">
      <mem type="allocate" free="1887232" total="2228224" percent="84" />
      <mem type="survivor" free="0" total="1048576" percent="0" />
    </mem>
    <mem type="tenure" free="2075935296" total="2089353216" percent="99">
      <mem type="soa" free="1971467840" total="1984885760" percent="99" />
      <mem type="loa" free="104467456" total="104467456" percent="100" />
    </mem>
    <remembered-set count="155" />
  </mem-info>
</gc-end>
<cycle-end id="1027" type="scavenge" contextid="1021" timestamp="2019-06-16T17:32:48.144" />
  <attribute name="elasticGC enabled" value="1" />
  <attribute name= "numThreadsSpecified" value="4" />
  <attribute name="heapSize specified" value="8978432" />
  <attribute name="Current GC Util" value="4" />
  <attribute name= "Current Time Running" value="1881" />
  <attribute name ="GC Interval" value="200" />
  <attribute name="ProportionalT" value="-16.000000" />
  <attribute name="ProportionalI" value="-16.000000" />
  <attribute name="ProportionalH" value="-16.000000" />
  <attribute name="Current Error" value="-16.000000" />
  <attribute name="IntegralT" value="-464.000000" />
  <attribute name="IntegralI" value="-464.000000" />
  <attribute name="IntegralH" value="-464.000000" />
  <attribute name="DerivativeT" value="-0.275862" />
  <attribute name="DerivativeI" value="-0.275862" />
  <attribute name="DerivativeH" value="-0.275862" />
  <attribute name="Loop Time for DT" value="29.000000" />
  <attribute name="Output H" value="2092630016"/>
  <attribute name="Output I" value="200"/>
  <attribute name="Output T" value="4"/>
  <attribute name="Target GC Util Change" value ="20.000000" />
  <attribute name="Current GC Util Change" value="4.000000"/>
  <attribute name="GC Util currently" value="4" />
  <attribute name="CPU Util currently" value="161477767002" />
<allocation-satisfied id="1028" threadId="0000000001B0A900" bytesRequested="8200" />
<af-end id="1029" timestamp="2019-06-16T17:32:48.145" threadId="0000000001B0B288" success="true" from="nursery"/>
<exclusive-end id="1030" timestamp="2019-06-16T17:32:48.145" durationms="1.979" />

<exclusive-start id="1031" timestamp="2019-06-16T17:32:48.163" intervalms="19.870">
  <response-info timems="0.052" idlems="0.052" threads="0" lastid="0000000001B12100" lastname="Thread-5" />
</exclusive-start>
<af-start id="1032" threadId="0000000001B12A88" totalBytesRequested="8200" timestamp="2019-06-16T17:32:48.163" intervalms="19.871" type="nursery" />
<cycle-start id="1033" type="scavenge" contextid="0" timestamp="2019-06-16T17:32:48.163" intervalms="19.873" />
<gc-start id="1034" type="scavenge" contextid="1033" timestamp="2019-06-16T17:32:48.163">
  <mem-info id="1035" free="2075935296" total="2092630016" percent="99">
    <mem type="nursery" free="0" total="3276800" percent="0">
      <mem type="allocate" free="0" total="2228224" percent="0" />
      <mem type="survivor" free="0" total="1048576" percent="0" />
    </mem>
    <mem type="tenure" free="2075935296" total="2089353216" percent="99">
      <mem type="soa" free="1971467840" total="1984885760" percent="99" />
      <mem type="loa" free="104467456" total="104467456" percent="100" />
    </mem>
    <remembered-set count="325" />
  </mem-info>
</gc-start>
<allocation-stats totalBytes="1843432" >
  <allocated-bytes non-tlh="90144" tlh="1753288" />
  <largest-consumer threadName="Thread-4" threadId="0000000001B0E500" bytes="724512" />
</allocation-stats>
<gc-op id="1036" type="scavenge" timems="0.749" contextid="1033" timestamp="2019-06-16T17:32:48.164">
  <scavenger-info tenureage="2" tenuremask="7ffc" tiltratio="68" />
  <memory-copied type="nursery" objects="1578" bytes="640736" bytesdiscarded="97664" />
  <references type="weak" candidates="1" cleared="0" enqueued="0" />
  <references type="phantom" candidates="1" cleared="0" enqueued="0" />
</gc-op>
<gc-end id="1037" type="scavenge" contextid="1033" durationms="0.941" usertimems="0.000" systemtimems="4.000" timestamp="2019-06-16T17:32:48.164" activeThreads="4">
  <mem-info id="1038" free="2077228456" total="2092630016" percent="99">
    <mem type="nursery" free="1293160" total="3276800" percent="39">
      <mem type="allocate" free="1293160" total="2031616" percent="63" />
      <mem type="survivor" free="0" total="1245184" percent="0" />
    </mem>
    <mem type="tenure" free="2075935296" total="2089353216" percent="99">
      <mem type="soa" free="1971467840" total="1984885760" percent="99" />
      <mem type="loa" free="104467456" total="104467456" percent="100" />
    </mem>
    <remembered-set count="160" />
  </mem-info>
</gc-end>
<cycle-end id="1039" type="scavenge" contextid="1033" timestamp="2019-06-16T17:32:48.164" />
  <attribute name="elasticGC enabled" value="1" />
  <attribute name= "numThreadsSpecified" value="4" />
  <attribute name="heapSize specified" value="8978432" />
  <attribute name="Current GC Util" value="12" />
  <attribute name= "Current Time Running" value="1901" />
  <attribute name ="GC Interval" value="200" />
  <attribute name="ProportionalT" value="-8.000000" />
  <attribute name="ProportionalI" value="-8.000000" />
  <attribute name="ProportionalH" value="-8.000000" />
  <attribute name="Current Error" value="-8.000000" />
  <attribute name="IntegralT" value="-160.000000" />
  <attribute name="IntegralI" value="-160.000000" />
  <attribute name="IntegralH" value="-160.000000" />
  <attribute name="DerivativeT" value="-0.200000" />
  <attribute name="DerivativeI" value="-0.200000" />
  <attribute name="DerivativeH" value="-0.200000" />
  <attribute name="Loop Time for DT" value="20.000000" />
  <attribute name="Output H" value="2092630016"/>
  <attribute name="Output I" value="200"/>
  <attribute name="Output T" value="4"/>
  <attribute name="Target GC Util Change" value ="20.000000" />
  <attribute name="Current GC Util Change" value="12.000000"/>
  <attribute name="GC Util currently" value="12" />
  <attribute name="CPU Util currently" value="232079577874" />
<allocation-satisfied id="1040" threadId="0000000001B12100" bytesRequested="8200" />
<af-end id="1041" timestamp="2019-06-16T17:32:48.164" threadId="0000000001B12A88" success="true" from="nursery"/>
<exclusive-end id="1042" timestamp="2019-06-16T17:32:48.164" durationms="1.401" />

<exclusive-start id="1043" timestamp="2019-06-16T17:32:48.171" intervalms="8.319">
  <response-info timems="0.047" idlems="0.027" threads="1" lastid="0000000001B15D00" lastname="Thread-6" />
</exclusive-start>
<af-start id="1044" threadId="0000000001B12A88" totalBytesRequested="32776" timestamp="2019-06-16T17:32:48.171" intervalms="8.313" type="nursery" />
<cycle-start id="1045" type="scavenge" contextid="0" timestamp="2019-06-16T17:32:48.171" intervalms="8.310" />
<gc-start id="1046" type="scavenge" contextid="1045" timestamp="2019-06-16T17:32:48.171">
  <mem-info id="1047" free="2075935296" total="2092630016" percent="99">
    <mem type="nursery" free="0" total="3276800" percent="0">
      <mem type="allocate" free="0" total="2031616" percent="0" />
      <mem type="survivor" free="0" total="1245184" percent="0" />
    </mem>
    <mem type="tenure" free="2075935296" total="2089353216" percent="99">
      <mem type="soa" free="1971467840" total="1984885760" percent="99" />
      <mem type="loa" free="104467456" total="104467456" percent="100" />
    </mem>
    <remembered-set count="262" />
  </mem-info>
</gc-start>
<allocation-stats totalBytes="1199264" >
  <allocated-bytes non-tlh="40976" tlh="1158288" />
  <largest-consumer threadName="Thread-5" threadId="0000000001B12100" bytes="702664" />
</allocation-stats>
<gc-op id="1048" type="scavenge" timems="0.951" contextid="1045" timestamp="2019-06-16T17:32:48.172">
  <scavenger-info tenureage="1" tenuremask="7ffe" tiltratio="62" />
  <memory-copied type="nursery" objects="1116" bytes="458648" bytesdiscarded="226904" />
  <memory-copied type="tenure" objects="1506" bytes="620400" bytesdiscarded="960" />
</gc-op>
<gc-end id="1049" type="scavenge" contextid="1045" durationms="1.150" usertimems="0.000" systemtimems="0.000" timestamp="2019-06-16T17:32:48.172" activeThreads="4">
  <mem-info id="1050" free="2076582552" total="2092630016" percent="99">
    <mem type="nursery" free="1411552" total="3276800" percent="43">
      <mem type="allocate" free="1411552" total="2097152" percent="67" />
      <mem type="survivor" free="0" total="1179648" percent="0" />
    </mem>
    <mem type="tenure" free="2075171000" total="2089353216" percent="99">
      <mem type="soa" free="1970703544" total="1984885760" percent="99" />
      <mem type="loa" free="104467456" total="104467456" percent="100" />
    </mem>
    <remembered-set count="147" />
  </mem-info>
</gc-end>
<cycle-end id="1051" type="scavenge" contextid="1045" timestamp="2019-06-16T17:32:48.172" />
  <attribute name="elasticGC enabled" value="1" />
  <attribute name= "numThreadsSpecified" value="4" />
  <attribute name="heapSize specified" value="8978432" />
  <attribute name="Current GC Util" value="18" />
  <attribute name= "Current Time Running" value="1909" />
  <attribute name ="GC Interval" value="200" />
  <attribute name="ProportionalT" value="-2.000000" />
  <attribute name="ProportionalI" value="-2.000000" />
  <attribute name="ProportionalH" value="-2.000000" />
  <attribute name="Current Error" value="-2.000000" />
  <attribute name="IntegralT" value="-16.000000" />
  <attribute name="IntegralI" value="-16.000000" />
  <attribute name="IntegralH" value="-16.000000" />
  <attribute name="DerivativeT" value="-0.125000" />
  <attribute name="DerivativeI" value="-0.125000" />
  <attribute name="DerivativeH" value="-0.125000" />
  <attribute name="Loop Time for DT" value="8.000000" />
  <attribute name="Output H" value="2092630016"/>
  <attribute name="Output I" value="200"/>
  <attribute name="Output T" value="4"/>
  <attribute name="Target GC Util Change" value ="20.000000" />
  <attribute name="Current GC Util Change" value="18.000000"/>
  <attribute name="GC Util currently" value="18" />
  <attribute name="CPU Util currently" value="555042494466" />
<allocation-satisfied id="1052" threadId="0000000001B12100" bytesRequested="32776" />
<af-end id="1053" timestamp="2019-06-16T17:32:48.172" threadId="0000000001B12A88" success="true" from="nursery"/>
<exclusive-end id="1054" timestamp="2019-06-16T17:32:48.172" durationms="1.601" />

<exclusive-start id="1055" timestamp="2019-06-16T17:32:48.184" intervalms="13.350">
  <response-info timems="0.051" idlems="0.027" threads="1" lastid="0000000001B15D00" lastname="Thread-6" />
</exclusive-start>
<af-start id="1056" threadId="0000000001B0B288" totalBytesRequested="16392" timestamp="2019-06-16T17:32:48.184" intervalms="13.355" type="nursery" />
<cycle-start id="1057" type="scavenge" contextid="0" timestamp="2019-06-16T17:32:48.184" intervalms="13.358" />
<gc-start id="1058" type="scavenge" contextid="1057" timestamp="2019-06-16T17:32:48.184">
  <mem-info id="1059" free="2075171000" total="2092630016" percent="99">
    <mem type="nursery" free="0" total="3276800" percent="0">
      <mem type="allocate" free="0" total="2097152" percent="0" />
      <mem type="survivor" free="0" total="1179648" percent="0" />
    </mem>
    <mem type="tenure" free="2075171000" total="2089353216" percent="99">
      <mem type="soa" free="1970703544" total="1984885760" percent="99" />
      <mem type="loa" free="104467456" total="104467456" percent="100" />
    </mem>
    <remembered-set count="265" />
  </mem-info>
</gc-start>
<allocation-stats totalBytes="1368704" >
  <allocated-bytes non-tlh="65552" tlh="1303152" />
  <largest-consumer threadName="Thread-5" threadId="0000000001B12100" bytes="872248" />
</allocation-stats>
<gc-op id="1060" type="scavenge" timems="0.377" contextid="1057" timestamp="2019-06-16T17:32:48.185">
  <scavenger-info tenureage="1" tenuremask="7ffe" tiltratio="64" />
  <memory-copied type="nursery" objects="785" bytes="395080" bytesdiscarded="193992" />
  <memory-copied type="tenure" objects="621" bytes="262752" bytesdiscarded="576" />
  <references type="phantom" candidates="1" cleared="0" enqueued="0" />
</gc-op>
<gc-end id="1061" type="scavenge" contextid="1057" durationms="0.563" usertimems="4.000" systemtimems="0.000" timestamp="2019-06-16T17:32:48.185" activeThreads="4">
  <mem-info id="1062" free="2076431696" total="2092630016" percent="99">
    <mem type="nursery" free="1639112" total="3276800" percent="50">
      <mem type="allocate" free="1639112" total="2228224" percent="73" />
      <mem type="survivor" free="0" total="1048576" percent="0" />
    </mem>
    <mem type="tenure" free="2074792584" total="2089353216" percent="99">
      <mem type="soa" free="1970325128" total="1984885760" percent="99" />
      <mem type="loa" free="104467456" total="104467456" percent="100" />
    </mem>
    <remembered-set count="152" />
  </mem-info>
</gc-end>
<cycle-end id="1063" type="scavenge" contextid="1057" timestamp="2019-06-16T17:32:48.185" />
  <attribute name="elasticGC enabled" value="1" />
  <attribute name= "numThreadsSpecified" value="4" />
  <attribute name="heapSize specified" value="8978432" />
  <attribute name="Current GC Util" value="14" />
  <attribute name= "Current Time Running" value="1922" />
  <attribute name ="GC Interval" value="200" />
  <attribute name="ProportionalT" value="-6.000000" />
  <attribute name="ProportionalI" value="-6.000000" />
  <attribute name="ProportionalH" value="-6.000000" />
  <attribute name="Current Error" value="-6.000000" />
  <attribute name="IntegralT" value="-78.000000" />
  <attribute name="IntegralI" value="-78.000000" />
  <attribute name="IntegralH" value="-78.000000" />
  <attribute name="DerivativeT" value="-0.230769" />
  <attribute name="DerivativeI" value="-0.230769" />
  <attribute name="DerivativeH" value="-0.230769" />
  <attribute name="Loop Time for DT" value="13.000000" />
  <attribute name="Output H" value="2092630016"/>
  <attribute name="Output I" value="200"/>
  <attribute name="Output T" value="4"/>
  <attribute name="Target GC Util Change" value ="20.000000" />
  <attribute name="Current GC Util Change" value="14.000000"/>
  <attribute name="GC Util currently" value="14" />
  <attribute name="CPU Util currently" value="345322553753" />
<allocation-satisfied id="1064" threadId="0000000001B0A900" bytesRequested="16392" />
<af-end id="1065" timestamp="2019-06-16T17:32:48.185" threadId="0000000001B0B288" success="true" from="nursery"/>
<exclusive-end id="1066" timestamp="2019-06-16T17:32:48.185" durationms="1.026" />

<exclusive-start id="1067" timestamp="2019-06-16T17:32:48.214" intervalms="29.615">
  <response-info timems="0.041" idlems="0.041" threads="0" lastid="0000000001B12100" lastname="Thread-5" />
</exclusive-start>
<af-start id="1068" threadId="0000000001B12A88" totalBytesRequested="48" timestamp="2019-06-16T17:32:48.214" intervalms="29.621" type="nursery" />
<cycle-start id="1069" type="scavenge" contextid="0" timestamp="2019-06-16T17:32:48.214" intervalms="29.619" />
<gc-start id="1070" type="scavenge" contextid="1069" timestamp="2019-06-16T17:32:48.214">
  <mem-info id="1071" free="2074792584" total="2092630016" percent="99">
    <mem type="nursery" free="0" total="3276800" percent="0">
      <mem type="allocate" free="0" total="2228224" percent="0" />
      <mem type="survivor" free="0" total="1048576" percent="0" />
    </mem>
    <mem type="tenure" free="2074792584" total="2089353216" percent="99">
      <mem type="soa" free="1970325128" total="1984885760" percent="99" />
      <mem type="loa" free="104467456" total="104467456" percent="100" />
    </mem>
    <remembered-set count="311" />
  </mem-info>
</gc-start>
<allocation-stats totalBytes="1621168" >
  <allocated-bytes non-tlh="98336" tlh="1522832" />
  <largest-consumer threadName="Thread-3" threadId="0000000001B0A900" bytes="666784" />
</allocation-stats>
<gc-op id="1072" type="scavenge" timems="0.479" contextid="1069" timestamp="2019-06-16T17:32:48.215">
  <scavenger-info tenureage="1" tenuremask="7ffe" tiltratio="68" />
  <memory-copied type="nursery" objects="1296" bytes="472112" bytesdiscarded="106704" />
  <memory-copied type="tenure" objects="676" bytes="336280" bytesdiscarded="456" />
</gc-op>
<gc-end id="1073" type="scavenge" contextid="1069" durationms="0.682" usertimems="0.000" systemtimems="0.000" timestamp="2019-06-16T17:32:48.215" activeThreads="4">
  <mem-info id="1074" free="2076254808" total="2092630016" percent="99">
    <mem type="nursery" free="1714904" total="3276800" percent="52">
      <mem type="allocate" free="1714904" total="2293760" percent="74" />
      <mem type="survivor" free="0" total="983040" percent="0" />
    </mem>
    <mem type="tenure" free="2074539904" total="2089353216" percent="99">
      <mem type="soa" free="1970072448" total="1984885760" percent="99" />
      <mem type="loa" free="104467456" total="104467456" percent="100" />
    </mem>
    <remembered-set count="154" />
  </mem-info>
</gc-end>
<cycle-end id="1075" type="scavenge" contextid="1069" timestamp="2019-06-16T17:32:48.215" />
  <attribute name="elasticGC enabled" value="1" />
  <attribute name= "numThreadsSpecified" value="4" />
  <attribute name="heapSize specified" value="8978432" />
  <attribute name="Current GC Util" value="3" />
  <attribute name= "Current Time Running" value="1952" />
  <attribute name ="GC Interval" value="200" />
  <attribute name="ProportionalT" value="-17.000000" />
  <attribute name="ProportionalI" value="-17.000000" />
  <attribute name="ProportionalH" value="-17.000000" />
  <attribute name="Current Error" value="-17.000000" />
  <attribute name="IntegralT" value="-510.000000" />
  <attribute name="IntegralI" value="-510.000000" />
  <attribute name="IntegralH" value="-510.000000" />
  <attribute name="DerivativeT" value="-0.283333" />
  <attribute name="DerivativeI" value="-0.283333" />
  <attribute name="DerivativeH" value="-0.283333" />
  <attribute name="Loop Time for DT" value="30.000000" />
  <attribute name="Output H" value="2092630016"/>
  <attribute name="Output I" value="200"/>
  <attribute name="Output T" value="4"/>
  <attribute name="Target GC Util Change" value ="20.000000" />
  <attribute name="Current GC Util Change" value="3.000000"/>
  <attribute name="GC Util currently" value="3" />
  <attribute name="CPU Util currently" value="155616754223" />
<allocation-satisfied id="1076" threadId="0000000001B12100" bytesRequested="48" />
<af-end id="1077" timestamp="2019-06-16T17:32:48.215" threadId="0000000001B12A88" success="true" from="nursery"/>
<exclusive-end id="1078" timestamp="2019-06-16T17:32:48.215" durationms="1.166" />

<exclusive-start id="1079" timestamp="2019-06-16T17:32:48.238" intervalms="24.150">
  <response-info timems="0.034" idlems="0.034" threads="0" lastid="0000000001B0E500" lastname="Thread-4" />
</exclusive-start>
<af-start id="1080" threadId="0000000001B0EE88" totalBytesRequested="24" timestamp="2019-06-16T17:32:48.238" intervalms="24.153" type="nursery" />
<cycle-start id="1081" type="scavenge" contextid="0" timestamp="2019-06-16T17:32:48.238" intervalms="24.160" />
<gc-start id="1082" type="scavenge" contextid="1081" timestamp="2019-06-16T17:32:48.238">
  <mem-info id="1083" free="2074539904" total="2092630016" percent="99">
    <mem type="nursery" free="0" total="3276800" percent="0">
      <mem type="allocate" free="0" total="2293760" percent="0" />
      <mem type="survivor" free="0" total="983040" percent="0" />
    </mem>
    <mem type="tenure" free="2074539904" total="2089353216" percent="99">
      <mem type="soa" free="1970072448" total="1984885760" percent="99" />
      <mem type="loa" free="104467456" total="104467456" percent="100" />
    </mem>
    <remembered-set count="290" />
  </mem-info>
</gc-start>
<allocation-stats totalBytes="1651472" >
  <allocated-bytes non-tlh="65600" tlh="1585872" />
  <largest-consumer threadName="Thread-3" threadId="0000000001B0A900" bytes="536728" />
</allocation-stats>
<gc-op id="1084" type="scavenge" timems="0.407" contextid="1081" timestamp="2019-06-16T17:32:48.239">
  <scavenger-info tenureage="1" tenuremask="7ffe" tiltratio="70" />
  <memory-copied type="nursery" objects="1983" bytes="762176" bytesdiscarded="220808" />
  <memory-copied type="tenure" objects="179" bytes="63992" bytesdiscarded="360" />
  <copy-failed type="nursery" objects="21" bytes="19472" />
</gc-op>
<gc-end id="1085" type="scavenge" contextid="1081" durationms="0.604" usertimems="4.000" systemtimems="0.000" timestamp="2019-06-16T17:32:48.239" activeThreads="4">
  <mem-info id="1086" free="2075489088" total="2092630016" percent="99">
    <mem type="nursery" free="1114112" total="3276800" percent="34">
      <mem type="allocate" free="1114112" total="2097152" percent="53" />
      <mem type="survivor" free="0" total="1179648" percent="0" />
    </mem>
    <mem type="tenure" free="2074374976" total="2089353216" percent="99">
      <mem type="soa" free="1969907520" total="1984885760" percent="99" />
      <mem type="loa" free="104467456" total="104467456" percent="100" />
    </mem>
    <remembered-set count="144" />
  </mem-info>
</gc-end>
<cycle-end id="1087" type="scavenge" contextid="1081" timestamp="2019-06-16T17:32:48.239" />
  <attribute name="elasticGC enabled" value="1" />
  <attribute name= "numThreadsSpecified" value="4" />
  <attribute name="heapSize specified" value="8978432" />
  <attribute name="Current GC Util" value="5" />
  <attribute name= "Current Time Running" value="1976" />
  <attribute name ="GC Interval" value="200" />
  <attribute name="ProportionalT" value="-15.000000" />
  <attribute name="ProportionalI" value="-15.000000" />
  <attribute name="ProportionalH" value="-15.000000" />
  <attribute name="Current Error" value="-15.000000" />
  <attribute name="IntegralT" value="-360.000000" />
  <attribute name="IntegralI" value="-360.000000" />
  <attribute name="IntegralH" value="-360.000000" />
  <attribute name="DerivativeT" value="-0.312500" />
  <attribute name="DerivativeI" value="-0.312500" />
  <attribute name="DerivativeH" value="-0.312500" />
  <attribute name="Loop Time for DT" value="24.000000" />
  <attribute name="Output H" value="2092630016"/>
  <attribute name="Output I" value="200"/>
  <attribute name="Output T" value="4"/>
  <attribute name="Target GC Util Change" value ="20.000000" />
  <attribute name="Current GC Util Change" value="5.000000"/>
  <attribute name="GC Util currently" value="5" />
  <attribute name="CPU Util currently" value="190911829821" />
<allocation-satisfied id="1088" threadId="0000000001B0E500" bytesRequested="24" />
<af-end id="1089" timestamp="2019-06-16T17:32:48.239" threadId="0000000001B0EE88" success="true" from="nursery"/>
<exclusive-end id="1090" timestamp="2019-06-16T17:32:48.239" durationms="1.082" />

<exclusive-start id="1091" timestamp="2019-06-16T17:32:48.252" intervalms="14.242">
  <response-info timems="0.032" idlems="0.032" threads="0" lastid="0000000001B15D00" lastname="Thread-6" />
</exclusive-start>
<af-start id="1092" threadId="0000000001B16688" totalBytesRequested="8200" timestamp="2019-06-16T17:32:48.252" intervalms="14.249" type="nursery" />
<cycle-start id="1093" type="scavenge" contextid="0" timestamp="2019-06-16T17:32:48.252" intervalms="14.242" />
<gc-start id="1094" type="scavenge" contextid="1093" timestamp="2019-06-16T17:32:48.252">
  <mem-info id="1095" free="2074374976" total="2092630016" percent="99">
    <mem type="nursery" free="0" total="3276800" percent="0">
      <mem type="allocate" free="0" total="2097152" percent="0" />
      <mem type="survivor" free="0" total="1179648" percent="0" />
    </mem>
    <mem type="tenure" free="2074374976" total="2089353216" percent="99">
      <mem type="soa" free="1969907520" total="1984885760" percent="99" />
      <mem type="loa" free="104467456" total="104467456" percent="100" />
    </mem>
    <remembered-set count="240" />
  </mem-info>
</gc-start>
<allocation-stats totalBytes="1019896" >
  <allocated-bytes non-tlh="65576" tlh="954320" />
  <largest-consumer threadName="Thread-5" threadId="0000000001B12100" bytes="422160" />
</allocation-stats>
<gc-op id="1096" type="scavenge" timems="0.442" contextid="1093" timestamp="2019-06-16T17:32:48.253">
  <scavenger-info tenureage="1" tenuremask="7ffe" tiltratio="64" />
  <memory-copied type="nursery" objects="961" bytes="414168" bytesdiscarded="325512" />
  <memory-copied type="tenure" objects="1377" bytes="548064" bytesdiscarded="432" />
  <references type="phantom" candidates="1" cleared="0" enqueued="0" />
</gc-op>
<gc-end id="1097" type="scavenge" contextid="1093" durationms="0.635" usertimems="0.000" systemtimems="0.000" timestamp="2019-06-16T17:32:48.253" activeThreads="4">
  <mem-info id="1098" free="2075377264" total="2092630016" percent="99">
    <mem type="nursery" free="1422968" total="3276800" percent="43">
      <mem type="allocate" free="1422968" total="2162688" percent="65" />
      <mem type="survivor" free="0" total="1114112" percent="0" />
    </mem>
    <mem type="tenure" free="2073954296" total="2089353216" percent="99">
      <mem type="soa" free="1969486840" total="1984885760" percent="99" />
      <mem type="loa" free="104467456" total="104467456" percent="100" />
    </mem>
    <remembered-set count="143" />
  </mem-info>
</gc-end>
<cycle-end id="1099" type="scavenge" contextid="1093" timestamp="2019-06-16T17:32:48.253" />
  <attribute name="elasticGC enabled" value="1" />
  <attribute name= "numThreadsSpecified" value="4" />
  <attribute name="heapSize specified" value="8978432" />
  <attribute name="Current GC Util" value="8" />
  <attribute name= "Current Time Running" value="1990" />
  <attribute name ="GC Interval" value="200" />
  <attribute name="ProportionalT" value="-12.000000" />
  <attribute name="ProportionalI" value="-12.000000" />
  <attribute name="ProportionalH" value="-12.000000" />
  <attribute name="Current Error" value="-12.000000" />
  <attribute name="IntegralT" value="-168.000000" />
  <attribute name="IntegralI" value="-168.000000" />
  <attribute name="IntegralH" value="-168.000000" />
  <attribute name="DerivativeT" value="-0.428571" />
  <attribute name="DerivativeI" value="-0.428571" />
  <attribute name="DerivativeH" value="-0.428571" />
  <attribute name="Loop Time for DT" value="14.000000" />
  <attribute name="Output H" value="2092630016"/>
  <attribute name="Output I" value="200"/>
  <attribute name="Output T" value="4"/>
  <attribute name="Target GC Util Change" value ="20.000000" />
  <attribute name="Current GC Util Change" value="8.000000"/>
  <attribute name="GC Util currently" value="8" />
  <attribute name="CPU Util currently" value="324098111359" />
<allocation-satisfied id="1100" threadId="0000000001B15D00" bytesRequested="8200" />
<af-end id="1101" timestamp="2019-06-16T17:32:48.253" threadId="0000000001B16688" success="true" from="nursery"/>
<exclusive-end id="1102" timestamp="2019-06-16T17:32:48.253" durationms="1.113" />

<exclusive-start id="1103" timestamp="2019-06-16T17:32:48.277" intervalms="24.573">
  <response-info timems="0.059" idlems="0.059" threads="0" lastid="0000000001B12100" lastname="Thread-5" />
</exclusive-start>
<af-start id="1104" threadId="0000000001B12A88" totalBytesRequested="48" timestamp="2019-06-16T17:32:48.277" intervalms="24.557" type="nursery" />
<cycle-start id="1105" type="scavenge" contextid="0" timestamp="2019-06-16T17:32:48.277" intervalms="24.555" />
<gc-start id="1106" type="scavenge" contextid="1105" timestamp="2019-06-16T17:32:48.277">
  <mem-info id="1107" free="2073954296" total="2092630016" percent="99">
    <mem type="nursery" free="0" total="3276800" percent="0">
      <mem type="allocate" free="0" total="2162688" percent="0" />
      <mem type="survivor" free="0" total="1114112" percent="0" />
    </mem>
    <mem type="tenure" free="2073954296" total="2089353216" percent="99">
      <mem type="soa" free="1969486840" total="1984885760" percent="99" />
      <mem type="loa" free="104467456" total="104467456" percent="100" />
    </mem>
    <remembered-set count="320" />
  </mem-info>
</gc-start>
<allocation-stats totalBytes="1417232" >
  <allocated-bytes non-tlh="90144" tlh="1327088" />
  <largest-consumer threadName="Thread-4" threadId="0000000001B0E500" bytes="524008" />
</allocation-stats>
<gc-op id="1108" type="scavenge" timems="0.403" contextid="1105" timestamp="2019-06-16T17:32:48.277">
  <scavenger-info tenureage="1" tenuremask="7ffe" tiltratio="66" />
  <memory-copied type="nursery" objects="1275" bytes="482104" bytesdiscarded="140008" />
  <memory-copied type="tenure" objects="604" bytes="256008" bytesdiscarded="616" />
</gc-op>
<gc-end id="1109" type="scavenge" contextid="1105" durationms="0.604" usertimems="4.000" systemtimems="0.000" timestamp="2019-06-16T17:32:48.278" activeThreads="4">
  <mem-info id="1110" free="2075262872" total="2092630016" percent="99">
    <mem type="nursery" free="1606072" total="3276800" percent="49">
      <mem type="allocate" free="1606072" total="2228224" percent="72" />
      <mem type="survivor" free="0" total="1048576" percent="0" />
    </mem>
    <mem type="tenure" free="2073656800" total="2089353216" percent="99">
      <mem type="soa" free="1969189344" total="1984885760" percent="99" />
      <mem type="loa" free="104467456" total="104467456" percent="100" />
    </mem>
    <remembered-set count="148" />
  </mem-info>
</gc-end>
<cycle-end id="1111" type="scavenge" contextid="1105" timestamp="2019-06-16T17:32:48.278" />
  <attribute name="elasticGC enabled" value="1" />
  <attribute name= "numThreadsSpecified" value="4" />
  <attribute name="heapSize specified" value="8978432" />
  <attribute name="Current GC Util" value="5" />
  <attribute name= "Current Time Running" value="2015" />
  <attribute name ="GC Interval" value="200" />
  <attribute name="ProportionalT" value="-15.000000" />
  <attribute name="ProportionalI" value="-15.000000" />
  <attribute name="ProportionalH" value="-15.000000" />
  <attribute name="Current Error" value="-15.000000" />
  <attribute name="IntegralT" value="-375.000000" />
  <attribute name="IntegralI" value="-375.000000" />
  <attribute name="IntegralH" value="-375.000000" />
  <attribute name="DerivativeT" value="-0.300000" />
  <attribute name="DerivativeI" value="-0.300000" />
  <attribute name="DerivativeH" value="-0.300000" />
  <attribute name="Loop Time for DT" value="25.000000" />
  <attribute name="Output H" value="2092630016"/>
  <attribute name="Output I" value="200"/>
  <attribute name="Output T" value="4"/>
  <attribute name="Target GC Util Change" value ="20.000000" />
  <attribute name="Current GC Util Change" value="5.000000"/>
  <attribute name="GC Util currently" value="5" />
  <attribute name="CPU Util currently" value="187720104421" />
<allocation-satisfied id="1112" threadId="0000000001B12100" bytesRequested="48" />
<af-end id="1113" timestamp="2019-06-16T17:32:48.278" threadId="0000000001B12A88" success="true" from="nursery"/>
<exclusive-end id="1114" timestamp="2019-06-16T17:32:48.278" durationms="1.057" />

<exclusive-start id="1115" timestamp="2019-06-16T17:32:48.295" intervalms="18.660">
  <response-info timems="0.039" idlems="0.039" threads="0" lastid="0000000001B0E500" lastname="Thread-4" />
</exclusive-start>
<af-start id="1116" threadId="0000000001B0EE88" totalBytesRequested="8200" timestamp="2019-06-16T17:32:48.296" intervalms="18.690" type="nursery" />
<cycle-start id="1117" type="scavenge" contextid="0" timestamp="2019-06-16T17:32:48.296" intervalms="18.678" />
<gc-start id="1118" type="scavenge" contextid="1117" timestamp="2019-06-16T17:32:48.296">
  <mem-info id="1119" free="2073656800" total="2092630016" percent="99">
    <mem type="nursery" free="0" total="3276800" percent="0">
      <mem type="allocate" free="0" total="2228224" percent="0" />
      <mem type="survivor" free="0" total="1048576" percent="0" />
    </mem>
    <mem type="tenure" free="2073656800" total="2089353216" percent="99">
      <mem type="soa" free="1969189344" total="1984885760" percent="99" />
      <mem type="loa" free="104467456" total="104467456" percent="100" />
    </mem>
    <remembered-set count="277" />
  </mem-info>
</gc-start>
<allocation-stats totalBytes="1543880" >
  <allocated-bytes non-tlh="131152" tlh="1412728" />
  <largest-consumer threadName="Thread-6" threadId="0000000001B15D00" bytes="516112" />
</allocation-stats>
<gc-op id="1120" type="scavenge" timems="0.359" contextid="1117" timestamp="2019-06-16T17:32:48.296">
  <scavenger-info tenureage="1" tenuremask="7ffe" tiltratio="68" />
  <memory-copied type="nursery" objects="1442" bytes="667456" bytesdiscarded="116568" />
  <memory-copied type="tenure" objects="81" bytes="40232" bytesdiscarded="0" />
  <references type="phantom" candidates="1" cleared="0" enqueued="0" />
</gc-op>
<gc-end id="1121" type="scavenge" contextid="1117" durationms="0.546" usertimems="0.000" systemtimems="4.000" timestamp="2019-06-16T17:32:48.296" activeThreads="4">
  <mem-info id="1122" free="2075166480" total="2092630016" percent="99">
    <mem type="nursery" free="1509680" total="3276800" percent="46">
      <mem type="allocate" free="1509680" total="2293760" percent="65" />
      <mem type="survivor" free="0" total="983040" percent="0" />
    </mem>
    <mem type="tenure" free="2073656800" total="2089353216" percent="99">
      <mem type="soa" free="1969189344" total="1984885760" percent="99" />
      <mem type="loa" free="104467456" total="104467456" percent="100" />
    </mem>
    <remembered-set count="129" />
  </mem-info>
</gc-end>
<cycle-end id="1123" type="scavenge" contextid="1117" timestamp="2019-06-16T17:32:48.296" />
  <attribute name="elasticGC enabled" value="1" />
  <attribute name= "numThreadsSpecified" value="4" />
  <attribute name="heapSize specified" value="8978432" />
  <attribute name="Current GC Util" value="6" />
  <attribute name= "Current Time Running" value="2033" />
  <attribute name ="GC Interval" value="200" />
  <attribute name="ProportionalT" value="-14.000000" />
  <attribute name="ProportionalI" value="-14.000000" />
  <attribute name="ProportionalH" value="-14.000000" />
  <attribute name="Current Error" value="-14.000000" />
  <attribute name="IntegralT" value="-252.000000" />
  <attribute name="IntegralI" value="-252.000000" />
  <attribute name="IntegralH" value="-252.000000" />
  <attribute name="DerivativeT" value="-0.388889" />
  <attribute name="DerivativeI" value="-0.388889" />
  <attribute name="DerivativeH" value="-0.388889" />
  <attribute name="Loop Time for DT" value="18.000000" />
  <attribute name="Output H" value="2092630016"/>
  <attribute name="Output I" value="200"/>
  <attribute name="Output T" value="4"/>
  <attribute name="Target GC Util Change" value ="20.000000" />
  <attribute name="Current GC Util Change" value="6.000000"/>
  <attribute name="GC Util currently" value="6" />
  <attribute name="CPU Util currently" value="247049997839" />
<allocation-satisfied id="1124" threadId="0000000001B0E500" bytesRequested="8200" />
<af-end id="1125" timestamp="2019-06-16T17:32:48.296" threadId="0000000001B0EE88" success="true" from="nursery"/>
<exclusive-end id="1126" timestamp="2019-06-16T17:32:48.296" durationms="1.021" />

<exclusive-start id="1127" timestamp="2019-06-16T17:32:48.315" intervalms="19.204">
  <response-info timems="0.046" idlems="0.025" threads="1" lastid="0000000001B0A900" lastname="Thread-3" />
</exclusive-start>
<af-start id="1128" threadId="0000000001B0EE88" totalBytesRequested="16392" timestamp="2019-06-16T17:32:48.315" intervalms="19.177" type="nursery" />
<cycle-start id="1129" type="scavenge" contextid="0" timestamp="2019-06-16T17:32:48.315" intervalms="19.194" />
<gc-start id="1130" type="scavenge" contextid="1129" timestamp="2019-06-16T17:32:48.315">
  <mem-info id="1131" free="2073656800" total="2092630016" percent="99">
    <mem type="nursery" free="0" total="3276800" percent="0">
      <mem type="allocate" free="0" total="2293760" percent="0" />
      <mem type="survivor" free="0" total="983040" percent="0" />
    </mem>
    <mem type="tenure" free="2073656800" total="2089353216" percent="99">
      <mem type="soa" free="1969189344" total="1984885760" percent="99" />
      <mem type="loa" free="104467456" total="104467456" percent="100" />
    </mem>
    <remembered-set count="254" />
  </mem-info>
</gc-start>
<allocation-stats totalBytes="1485024" >
  <allocated-bytes non-tlh="40976" tlh="1444048" />
  <largest-consumer threadName="Thread-4" threadId="0000000001B0E500" bytes="661992" />
</allocation-stats>
<gc-op id="1132" type="scavenge" timems="0.360" contextid="1129" timestamp="2019-06-16T17:32:48.315">
  <scavenger-info tenureage="1" tenuremask="7ffe" tiltratio="70" />
  <memory-copied type="nursery" objects="762" bytes="286448" bytesdiscarded="233008" />
  <memory-copied type="tenure" objects="703" bytes="323688" bytesdiscarded="488" />
</gc-op>
<gc-end id="1133" type="scavenge" contextid="1129" durationms="0.555" usertimems="0.000" systemtimems="4.000" timestamp="2019-06-16T17:32:48.315" activeThreads="4">
  <mem-info id="1134" free="2075155280" total="2092630016" percent="99">
    <mem type="nursery" free="1839808" total="3276800" percent="56">
      <mem type="allocate" free="1839808" total="2359296" percent="77" />
      <mem type="survivor" free="0" total="917504" percent="0" />
    </mem>
    <mem type="tenure" free="2073315472" total="2089353216" percent="99">
      <mem type="soa" free="1968848016" total="1984885760" percent="99" />
      <mem type="loa" free="104467456" total="104467456" percent="100" />
    </mem>
    <remembered-set count="130" />
  </mem-info>
</gc-end>
<cycle-end id="1135" type="scavenge" contextid="1129" timestamp="2019-06-16T17:32:48.315" />
  <attribute name="elasticGC enabled" value="1" />
  <attribute name= "numThreadsSpecified" value="4" />
  <attribute name="heapSize specified" value="8978432" />
  <attribute name="Current GC Util" value="5" />
  <attribute name= "Current Time Running" value="2053" />
  <attribute name ="GC Interval" value="200" />
  <attribute name="ProportionalT" value="-15.000000" />
  <attribute name="ProportionalI" value="-15.000000" />
  <attribute name="ProportionalH" value="-15.000000" />
  <attribute name="Current Error" value="-15.000000" />
  <attribute name="IntegralT" value="-300.000000" />
  <attribute name="IntegralI" value="-300.000000" />
  <attribute name="IntegralH" value="-300.000000" />
  <attribute name="DerivativeT" value="-0.375000" />
  <attribute name="DerivativeI" value="-0.375000" />
  <attribute name="DerivativeH" value="-0.375000" />
  <attribute name="Loop Time for DT" value="20.000000" />
  <attribute name="Output H" value="2092630016"/>
  <attribute name="Output I" value="200"/>
  <attribute name="Output T" value="4"/>
  <attribute name="Target GC Util Change" value ="20.000000" />
  <attribute name="Current GC Util Change" value="5.000000"/>
  <attribute name="GC Util currently" value="5" />
  <attribute name="CPU Util currently" value="240139136825" />
<allocation-satisfied id="1136" threadId="0000000001B0E500" bytesRequested="16392" />
<af-end id="1137" timestamp="2019-06-16T17:32:48.316" threadId="0000000001B0EE88" success="true" from="nursery"/>
<exclusive-end id="1138" timestamp="2019-06-16T17:32:48.316" durationms="1.124" />

<exclusive-start id="1139" timestamp="2019-06-16T17:32:48.356" intervalms="41.230">
  <response-info timems="0.222" idlems="0.195" threads="1" lastid="0000000001B0A900" lastname="Thread-3" />
</exclusive-start>
<af-start id="1140" threadId="00000000017DA088" totalBytesRequested="48" timestamp="2019-06-16T17:32:48.356" intervalms="41.245" type="nursery" />
<cycle-start id="1141" type="scavenge" contextid="0" timestamp="2019-06-16T17:32:48.356" intervalms="41.245" />
<gc-start id="1142" type="scavenge" contextid="1141" timestamp="2019-06-16T17:32:48.356">
  <mem-info id="1143" free="2073315408" total="2092630016" percent="99">
    <mem type="nursery" free="0" total="3276800" percent="0">
      <mem type="allocate" free="0" total="2359296" percent="0" />
      <mem type="survivor" free="0" total="917504" percent="0" />
    </mem>
    <mem type="tenure" free="2073315408" total="2089353216" percent="99">
      <mem type="soa" free="1968847952" total="1984885760" percent="99" />
      <mem type="loa" free="104467456" total="104467456" percent="100" />
    </mem>
    <remembered-set count="282" />
  </mem-info>
</gc-start>
<allocation-stats totalBytes="1825304" >
  <allocated-bytes non-tlh="163952" tlh="1661352" />
  <largest-consumer threadName="Thread-3" threadId="0000000001B0A900" bytes="893488" />
</allocation-stats>
<gc-op id="1144" type="scavenge" timems="0.293" contextid="1141" timestamp="2019-06-16T17:32:48.357">
  <scavenger-info tenureage="1" tenuremask="7ffe" tiltratio="72" />
  <memory-copied type="nursery" objects="100" bytes="76008" bytesdiscarded="36112" />
  <memory-copied type="tenure" objects="64" bytes="3688" bytesdiscarded="0" />
</gc-op>
<gc-end id="1145" type="scavenge" contextid="1141" durationms="0.538" usertimems="0.000" systemtimems="0.000" timestamp="2019-06-16T17:32:48.357" activeThreads="4">
  <mem-info id="1146" free="2075654464" total="2092630016" percent="99">
    <mem type="nursery" free="2378224" total="3276800" percent="72">
      <mem type="allocate" free="2378224" total="2490368" percent="95" />
      <mem type="survivor" free="0" total="786432" percent="0" />
    </mem>
    <mem type="tenure" free="2073276240" total="2089353216" percent="99">
      <mem type="soa" free="1968808784" total="1984885760" percent="99" />
      <mem type="loa" free="104467456" total="104467456" percent="100" />
    </mem>
    <remembered-set count="111" />
  </mem-info>
</gc-end>
<cycle-end id="1147" type="scavenge" contextid="1141" timestamp="2019-06-16T17:32:48.357" />
  <attribute name="elasticGC enabled" value="1" />
  <attribute name= "numThreadsSpecified" value="4" />
  <attribute name="heapSize specified" value="8978432" />
  <attribute name="Current GC Util" value="2" />
  <attribute name= "Current Time Running" value="2094" />
  <attribute name ="GC Interval" value="200" />
  <attribute name="ProportionalT" value="-18.000000" />
  <attribute name="ProportionalI" value="-18.000000" />
  <attribute name="ProportionalH" value="-18.000000" />
  <attribute name="Current Error" value="-18.000000" />
  <attribute name="IntegralT" value="-738.000000" />
  <attribute name="IntegralI" value="-738.000000" />
  <attribute name="IntegralH" value="-738.000000" />
  <attribute name="DerivativeT" value="-0.219512" />
  <attribute name="DerivativeI" value="-0.219512" />
  <attribute name="DerivativeH" value="-0.219512" />
  <attribute name="Loop Time for DT" value="41.000000" />
  <attribute name="Output H" value="2092630016"/>
  <attribute name="Output I" value="200"/>
  <attribute name="Output T" value="4"/>
  <attribute name="Target GC Util Change" value ="20.000000" />
  <attribute name="Current GC Util Change" value="2.000000"/>
  <attribute name="GC Util currently" value="2" />
  <attribute name="CPU Util currently" value="111775763161" />
<allocation-satisfied id="1148" threadId="00000000017D9700" bytesRequested="48" />
<af-end id="1149" timestamp="2019-06-16T17:32:48.357" threadId="00000000017DA088" success="true" from="nursery"/>
<exclusive-end id="1150" timestamp="2019-06-16T17:32:48.357" durationms="1.025" />

</verbosegc>

