<?xml version="1.0" ?>

<verbosegc xmlns="http://www.ibm.com/j9/verbosegc" version="6fe7bac_CMPRSS">

<initialized id="1" timestamp="2019-08-03T02:39:46.338">
  <attribute name="gcPolicy" value="-Xgcpolicy:optthruput" />
  <attribute name="elasticGC enabled" value="1" />
  <attribute name= "numThreadsSpecified" value="0" />
  <attribute name="heapSize specified" value="0" />
  <attribute name= "numCores" value="0" />
  <attribute name ="GC Interval" value="0" />
  <attribute name="GC Util Range Max" value="0" />
  <attribute name="Current GC Util" value="0" />
  <attribute name= "Current Time Running" value="0" />
  <attribute name="maxHeapSize" value="0x7cba0000" />
  <attribute name="initialHeapSize" value="0x800000" />
  <attribute name="compressedRefs" value="true" />
  <attribute name="compressedRefsDisplacement" value="0x0" />
  <attribute name="compressedRefsShift" value="0x0" />
  <attribute name="pageSize" value="0x1000" />
  <attribute name="pageType" value="not used" />
  <attribute name="requestedPageSize" value="0x1000" />
  <attribute name="requestedPageType" value="not used" />
  <attribute name="gcthreads" value="8" />
  <attribute name="packetListSplit" value="8" />
  <attribute name="cacheListSplit" value="8" />
  <attribute name="splitFreeListSplitAmount" value="1" />
  <attribute name="numaNodes" value="0" />
  <system>
    <attribute name="physicalMemory" value="8370401280" />
    <attribute name="numCPUs" value="8" />
    <attribute name="architecture" value="amd64" />
    <attribute name="os" value="Linux" />
    <attribute name="osVersion" value="4.4.0-154-generic" />
  </system>
  <vmargs>
    <vmarg name="-Xoptionsfile=/vagrant/jdk/lib/options.default" />
    <vmarg name="-Xlockword:mode=default,noLockword=java/lang/String,noLockword=java/util/MapEntry,noLockword=java/util/HashMap$Entry,noLockword..." />
    <vmarg name="-Xjcl:jclse29" />
    <vmarg name="-Dcom.ibm.oti.vm.bootstrap.library.path=/vagrant/jdk/lib/compressedrefs:/vagrant/jdk/lib" />
    <vmarg name="-Dsun.boot.library.path=/vagrant/jdk/lib/compressedrefs:/vagrant/jdk/lib" />
    <vmarg name="-Djava.library.path=/vagrant/jdk/lib/compressedrefs:/vagrant/jdk/lib:/usr/lib64:/usr/lib" />
    <vmarg name="-Djava.home=/vagrant/jdk" />
    <vmarg name="-Duser.dir=/vagrant" />
    <vmarg name="-Xgcpolicy:optthruput" />
    <vmarg name="-Xgcelastic" />
    <vmarg name="-Xcheck:gc:::elasticGC" />
    <vmarg name="-verbose:gc" />
    <vmarg name="-Xloggc:jdkR-small-OTT-8core-verbose11jython.txt" />
    <vmarg name="-Djava.class.path=dacapo-9.12-MR1-bach.jar" />
    <vmarg name="-Dsun.java.command=dacapo-9.12-MR1-bach.jar jython --size=small" />
    <vmarg name="-Dsun.java.launcher=SUN_STANDARD" />
    <vmarg name="-Dsun.java.launcher.pid=18696" />
  </vmargs>
</initialized>

<exclusive-start id="2" timestamp="2019-08-03T02:39:47.675" intervalms="1336.892">
  <response-info timems="0.022" idlems="0.022" threads="0" lastid="00000000021E1A00" lastname="main" />
</exclusive-start>
<af-start id="3" threadId="00000000021E2388" totalBytesRequested="2056" timestamp="2019-08-03T02:39:47.675" intervalms="1337.111" />
<cycle-start id="4" type="global" contextid="0" timestamp="2019-08-03T02:39:47.675" intervalms="1337.257" />
<gc-start id="5" type="global" contextid="4" timestamp="2019-08-03T02:39:47.676">
  <mem-info id="6" free="418816" total="8388608" percent="4">
    <mem type="tenure" free="418816" total="8388608" percent="4">
      <mem type="soa" free="0" total="7969792" percent="0" />
      <mem type="loa" free="418816" total="418816" percent="100" />
    </mem>
  </mem-info>
</gc-start>
<allocation-stats totalBytes="7881696" >
  <allocated-bytes non-tlh="357688" tlh="7524008" />
  <largest-consumer threadName="main" threadId="00000000021E1A00" bytes="7792840" />
</allocation-stats>
<gc-op id="7" type="mark" timems="2.614" contextid="4" timestamp="2019-08-03T02:39:47.678">
  <trace-info objectcount="17696" scancount="14636" scanbytes="461688" />
  <finalization candidates="14" enqueued="1" />
  <references type="soft" candidates="63" cleared="0" enqueued="0" dynamicThreshold="32" maxThreshold="32" />
  <references type="weak" candidates="544" cleared="401" enqueued="362" />
  <references type="phantom" candidates="105" cleared="44" enqueued="44" />
  <stringconstants candidates="2406" cleared="0"  />
</gc-op>
<gc-op id="8" type="classunload" timems="0.080" contextid="4" timestamp="2019-08-03T02:39:47.679">
  <classunload-info classloadercandidates="5" classloadersunloaded="0" classesunloaded="0" anonymousclassesunloaded="0" quiescems="0.000" setupms="0.080" scanms="0.000" postms="0.000" />
</gc-op>
<gc-op id="9" type="sweep" timems="0.423" contextid="4" timestamp="2019-08-03T02:39:47.679" />
<gc-end id="10" type="global" contextid="4" durationms="4.307" usertimems="0.000" systemtimems="4.000" timestamp="2019-08-03T02:39:47.680" activeThreads="8">
  <mem-info id="11" free="7184312" total="8388608" percent="85">
    <mem type="tenure" free="7184312" total="8388608" percent="85" micro-fragmented="210462" macro-fragmented="0">
      <mem type="soa" free="6765496" total="7969792" percent="84" />
      <mem type="loa" free="418816" total="418816" percent="100" />
    </mem>
    <pending-finalizers system="1" default="0" reference="406" classloader="0" />
  </mem-info>
</gc-end>
<cycle-end id="12" type="global" contextid="4" timestamp="2019-08-03T02:39:47.680" />
  <attribute name="elasticGC enabled" value="1" />
  <attribute name= "numThreadsSpecified" value="0" />
  <attribute name="heapSize specified" value="0" />
  <attribute name= "numCores" value="8" />
  <attribute name ="GC Interval" value="0" />
  <attribute name ="Control flow" value="1" />
  <attribute name="GC Util Range Max" value="98" />
  <attribute name="Current GC Util" value="31" />
  <attribute name= "Current Time Running" value="3" />
<allocation-satisfied id="13" threadId="00000000021E1A00" bytesRequested="2056" />
<af-end id="14" timestamp="2019-08-03T02:39:47.680" threadId="00000000021E2388" success="true" />
<exclusive-end id="15" timestamp="2019-08-03T02:39:47.680" durationms="5.102" />

<exclusive-start id="16" timestamp="2019-08-03T02:39:48.239" intervalms="563.755">
  <response-info timems="0.051" idlems="0.051" threads="0" lastid="00000000021E1A00" lastname="main" />
</exclusive-start>
<af-start id="17" threadId="00000000021E2388" totalBytesRequested="88" timestamp="2019-08-03T02:39:48.239" intervalms="563.662" />
<cycle-start id="18" type="global" contextid="0" timestamp="2019-08-03T02:39:48.239" intervalms="563.647" />
<gc-start id="19" type="global" contextid="18" timestamp="2019-08-03T02:39:48.239">
  <mem-info id="20" free="418816" total="8388608" percent="4">
    <mem type="tenure" free="418816" total="8388608" percent="4">
      <mem type="soa" free="0" total="7969792" percent="0" />
      <mem type="loa" free="418816" total="418816" percent="100" />
    </mem>
  </mem-info>
</gc-start>
<allocation-stats totalBytes="6513360" >
  <allocated-bytes non-tlh="544392" tlh="5968968" />
  <largest-consumer threadName="main" threadId="00000000021E1A00" bytes="6504552" />
</allocation-stats>
<gc-op id="21" type="mark" timems="1.177" contextid="18" timestamp="2019-08-03T02:39:48.241">
  <trace-info objectcount="17660" scancount="14532" scanbytes="467856" />
  <finalization candidates="13" enqueued="0" />
  <references type="soft" candidates="66" cleared="0" enqueued="0" dynamicThreshold="27" maxThreshold="32" />
  <references type="weak" candidates="170" cleared="28" enqueued="28" />
  <references type="phantom" candidates="86" cleared="1" enqueued="1" />
  <stringconstants candidates="2486" cleared="0"  />
</gc-op>
<gc-op id="22" type="sweep" timems="0.219" contextid="18" timestamp="2019-08-03T02:39:48.241" />
<gc-end id="23" type="global" contextid="18" durationms="2.251" usertimems="0.000" systemtimems="0.000" timestamp="2019-08-03T02:39:48.241" activeThreads="1">
  <mem-info id="24" free="6697128" total="8388608" percent="79">
    <mem type="tenure" free="6697128" total="8388608" percent="79" micro-fragmented="204853" macro-fragmented="0">
      <mem type="soa" free="6278312" total="7969792" percent="78" />
      <mem type="loa" free="418816" total="418816" percent="100" />
    </mem>
    <pending-finalizers system="0" default="0" reference="29" classloader="0" />
  </mem-info>
</gc-end>
<cycle-end id="25" type="global" contextid="18" timestamp="2019-08-03T02:39:48.242" />
  <attribute name="elasticGC enabled" value="1" />
  <attribute name= "numThreadsSpecified" value="1" />
  <attribute name="heapSize specified" value="0" />
  <attribute name= "numCores" value="8" />
  <attribute name ="GC Interval" value="0" />
  <attribute name ="Control flow" value="2" />
  <attribute name="GC Util Range Max" value="98" />
  <attribute name="Current GC Util" value="36" />
  <attribute name= "Current Time Running" value="565" />
<allocation-satisfied id="26" threadId="00000000021E1A00" bytesRequested="88" />
<af-end id="27" timestamp="2019-08-03T02:39:48.242" threadId="00000000021E2388" success="true" />
<exclusive-end id="28" timestamp="2019-08-03T02:39:48.242" durationms="2.941" />

<exclusive-start id="29" timestamp="2019-08-03T02:39:48.461" intervalms="221.743">
  <response-info timems="0.030" idlems="0.030" threads="0" lastid="00000000021E1A00" lastname="main" />
</exclusive-start>
<af-start id="30" threadId="00000000021E2388" totalBytesRequested="16" timestamp="2019-08-03T02:39:48.461" intervalms="221.716" />
<cycle-start id="31" type="global" contextid="0" timestamp="2019-08-03T02:39:48.461" intervalms="221.652" />
<gc-start id="32" type="global" contextid="31" timestamp="2019-08-03T02:39:48.461">
  <mem-info id="33" free="418816" total="8388608" percent="4">
    <mem type="tenure" free="418816" total="8388608" percent="4">
      <mem type="soa" free="0" total="7969792" percent="0" />
      <mem type="loa" free="418816" total="418816" percent="100" />
    </mem>
  </mem-info>
</gc-start>
<allocation-stats totalBytes="6219008" >
  <allocated-bytes non-tlh="1020936" tlh="5198072" />
  <largest-consumer threadName="main" threadId="00000000021E1A00" bytes="6215528" />
</allocation-stats>
<gc-op id="34" type="mark" timems="1.922" contextid="31" timestamp="2019-08-03T02:39:48.463">
  <trace-info objectcount="34565" scancount="27796" scanbytes="906844" />
  <finalization candidates="63" enqueued="1" />
  <ownableSynchronizers candidates="17" cleared="0" />
  <references type="soft" candidates="331" cleared="0" enqueued="0" dynamicThreshold="25" maxThreshold="32" />
  <references type="weak" candidates="1596" cleared="477" enqueued="355" />
  <references type="phantom" candidates="99" cleared="5" enqueued="5" />
  <stringconstants candidates="4422" cleared="0"  />
</gc-op>
<gc-op id="35" type="classunload" timems="0.002" contextid="31" timestamp="2019-08-03T02:39:48.463">
  <classunload-info classloadercandidates="8" classloadersunloaded="0" classesunloaded="0" anonymousclassesunloaded="0" quiescems="0.000" setupms="0.001" scanms="0.001" postms="0.000" />
</gc-op>
<gc-op id="36" type="sweep" timems="0.270" contextid="31" timestamp="2019-08-03T02:39:48.463" />
<gc-end id="37" type="global" contextid="31" durationms="3.113" usertimems="4.000" systemtimems="0.000" timestamp="2019-08-03T02:39:48.464" activeThreads="8">
  <mem-info id="38" free="5845408" total="8388608" percent="69">
    <mem type="tenure" free="5845408" total="8388608" percent="69" micro-fragmented="366374" macro-fragmented="0">
      <mem type="soa" free="5426592" total="7969792" percent="68" />
      <mem type="loa" free="418816" total="418816" percent="100" />
    </mem>
    <pending-finalizers system="1" default="0" reference="360" classloader="0" />
  </mem-info>
</gc-end>
<cycle-end id="39" type="global" contextid="31" timestamp="2019-08-03T02:39:48.464" />
  <attribute name="elasticGC enabled" value="1" />
  <attribute name= "numThreadsSpecified" value="1" />
  <attribute name="heapSize specified" value="0" />
  <attribute name= "numCores" value="8" />
  <attribute name ="GC Interval" value="0" />
  <attribute name ="Control flow" value="2" />
  <attribute name="GC Util Range Max" value="98" />
  <attribute name="Current GC Util" value="24" />
  <attribute name= "Current Time Running" value="787" />
<allocation-satisfied id="40" threadId="00000000021E1A00" bytesRequested="16" />
<af-end id="41" timestamp="2019-08-03T02:39:48.464" threadId="00000000021E2388" success="true" />
<exclusive-end id="42" timestamp="2019-08-03T02:39:48.464" durationms="3.548" />

<exclusive-start id="43" timestamp="2019-08-03T02:39:51.031" intervalms="2570.406">
  <response-info timems="0.022" idlems="0.022" threads="0" lastid="00000000021E1A00" lastname="main" />
</exclusive-start>
<af-start id="44" threadId="00000000021E2388" totalBytesRequested="88" timestamp="2019-08-03T02:39:51.031" intervalms="2570.416" />
<cycle-start id="45" type="global" contextid="0" timestamp="2019-08-03T02:39:51.031" intervalms="2570.428" />
<gc-start id="46" type="global" contextid="45" timestamp="2019-08-03T02:39:51.031">
  <mem-info id="47" free="418816" total="8388608" percent="4">
    <mem type="tenure" free="418816" total="8388608" percent="4">
      <mem type="soa" free="0" total="7969792" percent="0" />
      <mem type="loa" free="418816" total="418816" percent="100" />
    </mem>
  </mem-info>
</gc-start>
<allocation-stats totalBytes="5300848" >
  <allocated-bytes non-tlh="1439024" tlh="3861824" />
  <largest-consumer threadName="main" threadId="00000000021E1A00" bytes="5292280" />
</allocation-stats>
<gc-op id="48" type="mark" timems="1.696" contextid="45" timestamp="2019-08-03T02:39:51.033">
  <trace-info objectcount="40846" scancount="33134" scanbytes="1096824" />
  <finalization candidates="65" enqueued="0" />
  <ownableSynchronizers candidates="17" cleared="0" />
  <references type="soft" candidates="629" cleared="0" enqueued="0" dynamicThreshold="22" maxThreshold="32" />
  <references type="weak" candidates="1554" cleared="42" enqueued="42" />
  <references type="phantom" candidates="98" cleared="3" enqueued="3" />
  <stringconstants candidates="5081" cleared="0"  />
</gc-op>
<gc-op id="49" type="sweep" timems="0.298" contextid="45" timestamp="2019-08-03T02:39:51.033" />
<gc-end id="50" type="global" contextid="45" durationms="3.360" usertimems="4.000" systemtimems="0.000" timestamp="2019-08-03T02:39:51.035" activeThreads="1">
  <mem-info id="51" free="5373536" total="8388608" percent="64">
    <mem type="tenure" free="5373536" total="8388608" percent="64" micro-fragmented="537533" macro-fragmented="0">
      <mem type="soa" free="4954720" total="7969792" percent="62" />
      <mem type="loa" free="418816" total="418816" percent="100" />
    </mem>
    <pending-finalizers system="0" default="0" reference="45" classloader="0" />
  </mem-info>
</gc-end>
<cycle-end id="52" type="global" contextid="45" timestamp="2019-08-03T02:39:51.035" />
  <attribute name="elasticGC enabled" value="1" />
  <attribute name= "numThreadsSpecified" value="1" />
  <attribute name="heapSize specified" value="0" />
  <attribute name= "numCores" value="8" />
  <attribute name ="GC Interval" value="0" />
  <attribute name ="Control flow" value="1" />
  <attribute name="GC Util Range Max" value="98" />
  <attribute name="Current GC Util" value="22" />
  <attribute name= "Current Time Running" value="3357" />
<allocation-satisfied id="53" threadId="00000000021E1A00" bytesRequested="88" />
<af-end id="54" timestamp="2019-08-03T02:39:51.035" threadId="00000000021E2388" success="true" />
<exclusive-end id="55" timestamp="2019-08-03T02:39:51.035" durationms="3.911" />

<exclusive-start id="56" timestamp="2019-08-03T02:39:51.189" intervalms="158.387">
  <response-info timems="0.068" idlems="0.068" threads="0" lastid="00000000021E1A00" lastname="main" />
</exclusive-start>
<af-start id="57" threadId="00000000021E2388" totalBytesRequested="49656" timestamp="2019-08-03T02:39:51.190" intervalms="158.423" />
<cycle-start id="58" type="global" contextid="0" timestamp="2019-08-03T02:39:51.190" intervalms="158.516" />
<gc-start id="59" type="global" contextid="58" timestamp="2019-08-03T02:39:51.190">
  <mem-info id="60" free="156664" total="8388608" percent="1">
    <mem type="tenure" free="156664" total="8388608" percent="1">
      <mem type="soa" free="0" total="7969792" percent="0" />
      <mem type="loa" free="156664" total="418816" percent="37" />
    </mem>
  </mem-info>
</gc-start>
<allocation-stats totalBytes="5023304" >
  <allocated-bytes non-tlh="1475920" tlh="3547384" />
  <largest-consumer threadName="main" threadId="00000000021E1A00" bytes="4970512" />
</allocation-stats>
<gc-op id="61" type="mark" timems="2.594" contextid="58" timestamp="2019-08-03T02:39:51.193">
  <trace-info objectcount="52372" scancount="43246" scanbytes="1467360" />
  <finalization candidates="80" enqueued="0" />
  <ownableSynchronizers candidates="21" cleared="0" />
  <references type="soft" candidates="956" cleared="0" enqueued="0" dynamicThreshold="20" maxThreshold="32" />
  <references type="weak" candidates="3376" cleared="450" enqueued="302" />
  <references type="phantom" candidates="100" cleared="2" enqueued="2" />
  <stringconstants candidates="6163" cleared="0"  />
</gc-op>
<gc-op id="62" type="classunload" timems="0.003" contextid="58" timestamp="2019-08-03T02:39:51.193">
  <classunload-info classloadercandidates="11" classloadersunloaded="0" classesunloaded="0" anonymousclassesunloaded="0" quiescems="0.000" setupms="0.002" scanms="0.000" postms="0.001" />
</gc-op>
<gc-op id="63" type="sweep" timems="0.365" contextid="58" timestamp="2019-08-03T02:39:51.193" />
<gc-end id="64" type="global" contextid="58" durationms="4.266" usertimems="4.000" systemtimems="0.000" timestamp="2019-08-03T02:39:51.194" activeThreads="8">
  <mem-info id="65" free="4199480" total="8388608" percent="50">
    <mem type="tenure" free="4199480" total="8388608" percent="50" micro-fragmented="787741" macro-fragmented="0">
      <mem type="soa" free="4042816" total="7969792" percent="50" />
      <mem type="loa" free="156664" total="418816" percent="37" />
    </mem>
    <pending-finalizers system="0" default="0" reference="304" classloader="0" />
  </mem-info>
</gc-end>
<cycle-end id="66" type="global" contextid="58" timestamp="2019-08-03T02:39:51.194" />
  <attribute name="elasticGC enabled" value="1" />
  <attribute name= "numThreadsSpecified" value="2" />
  <attribute name="heapSize specified" value="0" />
  <attribute name= "numCores" value="8" />
  <attribute name ="GC Interval" value="0" />
  <attribute name ="Control flow" value="2" />
  <attribute name="GC Util Range Max" value="98" />
  <attribute name="Current GC Util" value="36" />
  <attribute name= "Current Time Running" value="3517" />
<allocation-satisfied id="67" threadId="00000000021E1A00" bytesRequested="49656" />
<af-end id="68" timestamp="2019-08-03T02:39:51.194" threadId="00000000021E2388" success="true" />
<exclusive-end id="69" timestamp="2019-08-03T02:39:51.194" durationms="5.080" />

<exclusive-start id="70" timestamp="2019-08-03T02:39:51.215" intervalms="26.042">
  <response-info timems="0.037" idlems="0.037" threads="0" lastid="00000000021E1A00" lastname="main" />
</exclusive-start>
<af-start id="71" threadId="00000000021E2388" totalBytesRequested="200008" timestamp="2019-08-03T02:39:51.216" intervalms="25.970" />
<cycle-start id="72" type="global" contextid="0" timestamp="2019-08-03T02:39:51.216" intervalms="25.889" />
<gc-start id="73" type="global" contextid="72" timestamp="2019-08-03T02:39:51.216">
  <mem-info id="74" free="3360032" total="8388608" percent="40">
    <mem type="tenure" free="3360032" total="8388608" percent="40">
      <mem type="soa" free="3203368" total="7969792" percent="40" />
      <mem type="loa" free="156664" total="418816" percent="37" />
    </mem>
  </mem-info>
</gc-start>
<allocation-stats totalBytes="852464" >
  <allocated-bytes non-tlh="568704" tlh="283760" />
  <largest-consumer threadName="main" threadId="00000000021E1A00" bytes="847944" />
</allocation-stats>
<heap-resize id="75" type="loa expand" space="tenure" amount="83968" count="1" timems="0.000" reason="expand on failed allocate" timestamp="2019-08-03T02:39:51.216" />
<gc-op id="76" type="mark" timems="1.542" contextid="72" timestamp="2019-08-03T02:39:51.217">
  <trace-info objectcount="52726" scancount="43547" scanbytes="1480208" />
  <finalization candidates="80" enqueued="0" />
  <ownableSynchronizers candidates="21" cleared="0" />
  <references type="soft" candidates="968" cleared="0" enqueued="0" dynamicThreshold="16" maxThreshold="32" />
  <references type="weak" candidates="2960" cleared="7" enqueued="7" />
  <references type="phantom" candidates="103" cleared="2" enqueued="2" />
  <stringconstants candidates="6222" cleared="0"  />
</gc-op>
<gc-op id="77" type="sweep" timems="0.244" contextid="72" timestamp="2019-08-03T02:39:51.218" />
<mem-info id="78" free="4095936" total="8388608" percent="48">
  <mem type="tenure" free="4095936" total="8388608" percent="48" micro-fragmented="725352" macro-fragmented="0">
    <mem type="soa" free="3939272" total="7885824" percent="49" />
    <mem type="loa" free="156664" total="502784" percent="31" />
  </mem>
  <pending-finalizers system="0" default="0" reference="9" classloader="0" />
</mem-info>
<gc-op id="79" type="compact" timems="10.756" contextid="72" timestamp="2019-08-03T02:39:51.229">
  <compact-info movecount="52725" movebytes="3173608" reason="compact to meet allocation" />
</gc-op>
<gc-end id="80" type="global" contextid="72" durationms="13.324" usertimems="20.000" systemtimems="0.000" timestamp="2019-08-03T02:39:51.229" activeThreads="8">
  <mem-info id="81" free="5014904" total="8388608" percent="59">
    <mem type="tenure" free="5014904" total="8388608" percent="59">
      <mem type="soa" free="4512120" total="7885824" percent="57" />
      <mem type="loa" free="502784" total="502784" percent="100" />
    </mem>
    <pending-finalizers system="0" default="0" reference="9" classloader="0" />
  </mem-info>
</gc-end>
<cycle-end id="82" type="global" contextid="72" timestamp="2019-08-03T02:39:51.229" />
  <attribute name="elasticGC enabled" value="1" />
  <attribute name= "numThreadsSpecified" value="1" />
  <attribute name="heapSize specified" value="0" />
  <attribute name= "numCores" value="8" />
  <attribute name ="GC Interval" value="0" />
  <attribute name ="Control flow" value="2" />
  <attribute name="GC Util Range Max" value="98" />
  <attribute name="Current GC Util" value="31" />
  <attribute name= "Current Time Running" value="3553" />
<allocation-satisfied id="83" threadId="00000000021E1A00" bytesRequested="200008" />
<af-end id="84" timestamp="2019-08-03T02:39:51.229" threadId="00000000021E2388" success="true" />
<exclusive-end id="85" timestamp="2019-08-03T02:39:51.229" durationms="13.897" />

<exclusive-start id="86" timestamp="2019-08-03T02:39:51.358" intervalms="142.726">
  <response-info timems="0.030" idlems="0.030" threads="0" lastid="00000000021E1A00" lastname="main" />
</exclusive-start>
<af-start id="87" threadId="00000000021E2388" totalBytesRequested="88" timestamp="2019-08-03T02:39:51.358" intervalms="142.743" />
<cycle-start id="88" type="global" contextid="0" timestamp="2019-08-03T02:39:51.358" intervalms="142.716" />
<gc-start id="89" type="global" contextid="88" timestamp="2019-08-03T02:39:51.358">
  <mem-info id="90" free="502784" total="8388608" percent="5">
    <mem type="tenure" free="502784" total="8388608" percent="5">
      <mem type="soa" free="0" total="7885824" percent="0" />
      <mem type="loa" free="502784" total="502784" percent="100" />
    </mem>
  </mem-info>
</gc-start>
<allocation-stats totalBytes="4708456" >
  <allocated-bytes non-tlh="1222296" tlh="3486160" />
  <largest-consumer threadName="main" threadId="00000000021E1A00" bytes="4696168" />
</allocation-stats>
<gc-op id="91" type="mark" timems="1.600" contextid="88" timestamp="2019-08-03T02:39:51.360">
  <trace-info objectcount="60502" scancount="49880" scanbytes="1732536" />
  <finalization candidates="80" enqueued="0" />
  <ownableSynchronizers candidates="21" cleared="0" />
  <references type="soft" candidates="1022" cleared="0" enqueued="0" dynamicThreshold="19" maxThreshold="32" />
  <references type="weak" candidates="3038" cleared="3" enqueued="3" />
  <references type="phantom" candidates="101" cleared="0" enqueued="0" />
  <stringconstants candidates="6901" cleared="0"  />
</gc-op>
<gc-op id="92" type="sweep" timems="0.212" contextid="88" timestamp="2019-08-03T02:39:51.360" />
<gc-end id="93" type="global" contextid="88" durationms="3.303" usertimems="8.000" systemtimems="0.000" timestamp="2019-08-03T02:39:51.362" activeThreads="1">
  <mem-info id="94" free="4275176" total="8388608" percent="50">
    <mem type="tenure" free="4275176" total="8388608" percent="50" micro-fragmented="37583" macro-fragmented="0">
      <mem type="soa" free="3772392" total="7885824" percent="47" />
      <mem type="loa" free="502784" total="502784" percent="100" />
    </mem>
    <pending-finalizers system="0" default="0" reference="3" classloader="0" />
  </mem-info>
</gc-end>
<cycle-end id="95" type="global" contextid="88" timestamp="2019-08-03T02:39:51.362" />
  <attribute name="elasticGC enabled" value="1" />
  <attribute name= "numThreadsSpecified" value="1" />
  <attribute name="heapSize specified" value="0" />
  <attribute name= "numCores" value="8" />
  <attribute name ="GC Interval" value="0" />
  <attribute name ="Control flow" value="1" />
  <attribute name="GC Util Range Max" value="98" />
  <attribute name="Current GC Util" value="40" />
  <attribute name= "Current Time Running" value="3684" />
<allocation-satisfied id="96" threadId="00000000021E1A00" bytesRequested="88" />
<af-end id="97" timestamp="2019-08-03T02:39:51.362" threadId="00000000021E2388" success="true" />
<exclusive-end id="98" timestamp="2019-08-03T02:39:51.362" durationms="3.865" />

<exclusive-start id="99" timestamp="2019-08-03T02:39:51.441" intervalms="82.900">
  <response-info timems="0.052" idlems="0.052" threads="0" lastid="00000000021E1A00" lastname="main" />
</exclusive-start>
<af-start id="100" threadId="00000000021E2388" totalBytesRequested="88" timestamp="2019-08-03T02:39:51.441" intervalms="82.926" />
<cycle-start id="101" type="global" contextid="0" timestamp="2019-08-03T02:39:51.441" intervalms="82.960" />
<gc-start id="102" type="global" contextid="101" timestamp="2019-08-03T02:39:51.441">
  <mem-info id="103" free="502784" total="8388608" percent="5">
    <mem type="tenure" free="502784" total="8388608" percent="5">
      <mem type="soa" free="0" total="7885824" percent="0" />
      <mem type="loa" free="502784" total="502784" percent="100" />
    </mem>
  </mem-info>
</gc-start>
<allocation-stats totalBytes="3745928" >
  <allocated-bytes non-tlh="717528" tlh="3028400" />
  <largest-consumer threadName="main" threadId="00000000021E1A00" bytes="3745928" />
</allocation-stats>
<gc-op id="104" type="mark" timems="2.372" contextid="101" timestamp="2019-08-03T02:39:51.444">
  <trace-info objectcount="63663" scancount="52617" scanbytes="1833124" />
  <finalization candidates="80" enqueued="0" />
  <ownableSynchronizers candidates="21" cleared="0" />
  <references type="soft" candidates="1022" cleared="0" enqueued="0" dynamicThreshold="16" maxThreshold="32" />
  <references type="weak" candidates="3371" cleared="0" enqueued="0" />
  <references type="phantom" candidates="101" cleared="0" enqueued="0" />
  <stringconstants candidates="7229" cleared="0"  />
</gc-op>
<gc-op id="105" type="sweep" timems="0.230" contextid="101" timestamp="2019-08-03T02:39:51.444" />
<gc-end id="106" type="global" contextid="101" durationms="3.564" usertimems="12.000" systemtimems="0.000" timestamp="2019-08-03T02:39:51.445" activeThreads="2">
  <mem-info id="107" free="4072776" total="8388608" percent="48">
    <mem type="tenure" free="4072776" total="8388608" percent="48" micro-fragmented="92216" macro-fragmented="0">
      <mem type="soa" free="3569992" total="7885824" percent="45" />
      <mem type="loa" free="502784" total="502784" percent="100" />
    </mem>
  </mem-info>
</gc-end>
<cycle-end id="108" type="global" contextid="101" timestamp="2019-08-03T02:39:51.445" />
  <attribute name="elasticGC enabled" value="1" />
  <attribute name= "numThreadsSpecified" value="2" />
  <attribute name="heapSize specified" value="0" />
  <attribute name= "numCores" value="8" />
  <attribute name ="GC Interval" value="0" />
  <attribute name ="Control flow" value="1" />
  <attribute name="GC Util Range Max" value="98" />
  <attribute name="Current GC Util" value="10" />
  <attribute name= "Current Time Running" value="3768" />
<allocation-satisfied id="109" threadId="00000000021E1A00" bytesRequested="88" />
<af-end id="110" timestamp="2019-08-03T02:39:51.445" threadId="00000000021E2388" success="true" />
<exclusive-end id="111" timestamp="2019-08-03T02:39:51.445" durationms="4.154" />

<exclusive-start id="112" timestamp="2019-08-03T02:39:51.502" intervalms="61.101">
  <response-info timems="0.065" idlems="0.065" threads="0" lastid="00000000021E1A00" lastname="main" />
</exclusive-start>
<af-start id="113" threadId="00000000021E2388" totalBytesRequested="32" timestamp="2019-08-03T02:39:51.502" intervalms="61.118" />
<cycle-start id="114" type="global" contextid="0" timestamp="2019-08-03T02:39:51.502" intervalms="61.128" />
<gc-start id="115" type="global" contextid="114" timestamp="2019-08-03T02:39:51.503">
  <mem-info id="116" free="502784" total="8388608" percent="5">
    <mem type="tenure" free="502784" total="8388608" percent="5">
      <mem type="soa" free="0" total="7885824" percent="0" />
      <mem type="loa" free="502784" total="502784" percent="100" />
    </mem>
  </mem-info>
</gc-start>
<allocation-stats totalBytes="3542592" >
  <allocated-bytes non-tlh="653544" tlh="2889048" />
  <largest-consumer threadName="main" threadId="00000000021E1A00" bytes="3542592" />
</allocation-stats>
<gc-op id="117" type="mark" timems="2.404" contextid="114" timestamp="2019-08-03T02:39:51.505">
  <trace-info objectcount="67801" scancount="56226" scanbytes="1967952" />
  <finalization candidates="80" enqueued="0" />
  <ownableSynchronizers candidates="21" cleared="0" />
  <references type="soft" candidates="1022" cleared="0" enqueued="0" dynamicThreshold="15" maxThreshold="32" />
  <references type="weak" candidates="3567" cleared="0" enqueued="0" />
  <references type="phantom" candidates="101" cleared="0" enqueued="0" />
  <stringconstants candidates="7389" cleared="0"  />
</gc-op>
<gc-op id="118" type="sweep" timems="0.289" contextid="114" timestamp="2019-08-03T02:39:51.505" />
<gc-end id="119" type="global" contextid="114" durationms="3.728" usertimems="4.000" systemtimems="0.000" timestamp="2019-08-03T02:39:51.506" activeThreads="8">
  <mem-info id="120" free="3771080" total="8388608" percent="44">
    <mem type="tenure" free="3771080" total="8388608" percent="44" micro-fragmented="138142" macro-fragmented="0">
      <mem type="soa" free="3268296" total="7885824" percent="41" />
      <mem type="loa" free="502784" total="502784" percent="100" />
    </mem>
  </mem-info>
</gc-end>
<cycle-end id="121" type="global" contextid="114" timestamp="2019-08-03T02:39:51.506" />
  <attribute name="elasticGC enabled" value="1" />
  <attribute name= "numThreadsSpecified" value="2" />
  <attribute name="heapSize specified" value="0" />
  <attribute name= "numCores" value="8" />
  <attribute name ="GC Interval" value="0" />
  <attribute name ="Control flow" value="2" />
  <attribute name="GC Util Range Max" value="98" />
  <attribute name="Current GC Util" value="61" />
  <attribute name= "Current Time Running" value="3829" />
<allocation-satisfied id="122" threadId="00000000021E1A00" bytesRequested="32" />
<af-end id="123" timestamp="2019-08-03T02:39:51.507" threadId="00000000021E2388" success="true" />
<exclusive-end id="124" timestamp="2019-08-03T02:39:51.507" durationms="4.438" />

<exclusive-start id="125" timestamp="2019-08-03T02:39:51.541" intervalms="38.546">
  <response-info timems="0.035" idlems="0.035" threads="0" lastid="00000000021E1A00" lastname="main" />
</exclusive-start>
<af-start id="126" threadId="00000000021E2388" totalBytesRequested="23288" timestamp="2019-08-03T02:39:51.541" intervalms="38.503" />
<cycle-start id="127" type="global" contextid="0" timestamp="2019-08-03T02:39:51.541" intervalms="38.459" />
<gc-start id="128" type="global" contextid="127" timestamp="2019-08-03T02:39:51.541">
  <mem-info id="129" free="1340752" total="8388608" percent="15">
    <mem type="tenure" free="1340752" total="8388608" percent="15">
      <mem type="soa" free="837968" total="7885824" percent="10" />
      <mem type="loa" free="502784" total="502784" percent="100" />
    </mem>
  </mem-info>
</gc-start>
<allocation-stats totalBytes="2383360" >
  <allocated-bytes non-tlh="461976" tlh="1921384" />
  <largest-consumer threadName="main" threadId="00000000021E1A00" bytes="2383360" />
</allocation-stats>
<gc-op id="130" type="mark" timems="3.780" contextid="127" timestamp="2019-08-03T02:39:51.545">
  <trace-info objectcount="70805" scancount="58893" scanbytes="2066456" />
  <finalization candidates="80" enqueued="0" />
  <ownableSynchronizers candidates="21" cleared="0" />
  <references type="soft" candidates="1022" cleared="0" enqueued="0" dynamicThreshold="14" maxThreshold="32" />
  <references type="weak" candidates="3686" cleared="0" enqueued="0" />
  <references type="phantom" candidates="102" cleared="0" enqueued="0" />
  <stringconstants candidates="7483" cleared="0"  />
</gc-op>
<gc-op id="131" type="sweep" timems="0.298" contextid="127" timestamp="2019-08-03T02:39:51.545" />
<mem-info id="132" free="3494504" total="8388608" percent="41">
  <mem type="tenure" free="3494504" total="8388608" percent="41" micro-fragmented="181791" macro-fragmented="0">
    <mem type="soa" free="2991720" total="7885824" percent="37" />
    <mem type="loa" free="502784" total="502784" percent="100" />
  </mem>
</mem-info>
<gc-op id="133" type="compact" timems="16.382" contextid="127" timestamp="2019-08-03T02:39:51.562">
  <compact-info movecount="69534" movebytes="4413024" reason="no compaction" />
</gc-op>
<gc-end id="134" type="global" contextid="127" durationms="21.240" usertimems="32.000" systemtimems="0.000" timestamp="2019-08-03T02:39:51.562" activeThreads="8">
  <mem-info id="135" free="3907624" total="8388608" percent="46">
    <mem type="tenure" free="3907624" total="8388608" percent="46">
      <mem type="soa" free="3404840" total="7885824" percent="43" />
      <mem type="loa" free="502784" total="502784" percent="100" />
    </mem>
  </mem-info>
</gc-end>
<cycle-end id="136" type="global" contextid="127" timestamp="2019-08-03T02:39:51.562" />
  <attribute name="elasticGC enabled" value="1" />
  <attribute name= "numThreadsSpecified" value="2" />
  <attribute name="heapSize specified" value="8388608" />
  <attribute name= "numCores" value="8" />
  <attribute name ="GC Interval" value="0" />
  <attribute name ="Control flow" value="2" />
  <attribute name="GC Util Range Max" value="98" />
  <attribute name="Current GC Util" value="35" />
  <attribute name= "Current Time Running" value="3886" />
<allocation-satisfied id="137" threadId="00000000021E1A00" bytesRequested="23288" />
<af-end id="138" timestamp="2019-08-03T02:39:51.562" threadId="00000000021E2388" success="true" />
<exclusive-end id="139" timestamp="2019-08-03T02:39:51.563" durationms="21.805" />

<exclusive-start id="140" timestamp="2019-08-03T02:39:51.606" intervalms="65.163">
  <response-info timems="0.075" idlems="0.075" threads="0" lastid="00000000021E1A00" lastname="main" />
</exclusive-start>
<af-start id="141" threadId="00000000021E2388" totalBytesRequested="16" timestamp="2019-08-03T02:39:51.606" intervalms="65.199" />
<cycle-start id="142" type="global" contextid="0" timestamp="2019-08-03T02:39:51.606" intervalms="65.244" />
<gc-start id="143" type="global" contextid="142" timestamp="2019-08-03T02:39:51.606">
  <mem-info id="144" free="502784" total="8388608" percent="5">
    <mem type="tenure" free="502784" total="8388608" percent="5">
      <mem type="soa" free="0" total="7885824" percent="0" />
      <mem type="loa" free="502784" total="502784" percent="100" />
    </mem>
  </mem-info>
</gc-start>
<allocation-stats totalBytes="3425904" >
  <allocated-bytes non-tlh="44480" tlh="3381424" />
  <largest-consumer threadName="main" threadId="00000000021E1A00" bytes="3425904" />
</allocation-stats>
<gc-op id="145" type="mark" timems="2.468" contextid="142" timestamp="2019-08-03T02:39:51.609">
  <trace-info objectcount="72372" scancount="60367" scanbytes="2076096" />
  <finalization candidates="80" enqueued="0" />
  <ownableSynchronizers candidates="21" cleared="0" />
  <references type="soft" candidates="1024" cleared="0" enqueued="0" dynamicThreshold="14" maxThreshold="32" />
  <references type="weak" candidates="3768" cleared="5" enqueued="5" />
  <references type="phantom" candidates="100" cleared="0" enqueued="0" />
  <stringconstants candidates="7627" cleared="0"  />
</gc-op>
<gc-op id="146" type="sweep" timems="0.181" contextid="142" timestamp="2019-08-03T02:39:51.609" />
<gc-end id="147" type="global" contextid="142" durationms="3.941" usertimems="8.000" systemtimems="0.000" timestamp="2019-08-03T02:39:51.610" activeThreads="2">
  <mem-info id="148" free="3946024" total="8388608" percent="47">
    <mem type="tenure" free="3946024" total="8388608" percent="47" micro-fragmented="114963" macro-fragmented="0">
      <mem type="soa" free="3443240" total="7885824" percent="43" />
      <mem type="loa" free="502784" total="502784" percent="100" />
    </mem>
    <pending-finalizers system="0" default="0" reference="5" classloader="0" />
  </mem-info>
</gc-end>
<cycle-end id="149" type="global" contextid="142" timestamp="2019-08-03T02:39:51.610" />
  <attribute name="elasticGC enabled" value="1" />
  <attribute name= "numThreadsSpecified" value="2" />
  <attribute name="heapSize specified" value="8388608" />
  <attribute name= "numCores" value="8" />
  <attribute name ="GC Interval" value="0" />
  <attribute name ="Control flow" value="1" />
  <attribute name="GC Util Range Max" value="98" />
  <attribute name="Current GC Util" value="0" />
  <attribute name= "Current Time Running" value="3933" />
<allocation-satisfied id="150" threadId="00000000021E1A00" bytesRequested="16" />
<af-end id="151" timestamp="2019-08-03T02:39:51.610" threadId="00000000021E2388" success="true" />
<exclusive-end id="152" timestamp="2019-08-03T02:39:51.610" durationms="4.534" />

<exclusive-start id="153" timestamp="2019-08-03T02:39:51.648" intervalms="42.336">
  <response-info timems="0.056" idlems="0.056" threads="0" lastid="00000000021E1A00" lastname="main" />
</exclusive-start>
<af-start id="154" threadId="00000000021E2388" totalBytesRequested="16392" timestamp="2019-08-03T02:39:51.648" intervalms="42.285" />
<cycle-start id="155" type="global" contextid="0" timestamp="2019-08-03T02:39:51.648" intervalms="42.237" />
<gc-start id="156" type="global" contextid="155" timestamp="2019-08-03T02:39:51.648">
  <mem-info id="157" free="596736" total="8388608" percent="7">
    <mem type="tenure" free="596736" total="8388608" percent="7">
      <mem type="soa" free="293960" total="7885824" percent="3" />
      <mem type="loa" free="302776" total="502784" percent="60" />
    </mem>
  </mem-info>
</gc-start>
<allocation-stats totalBytes="3287712" >
  <allocated-bytes non-tlh="729552" tlh="2558160" />
  <largest-consumer threadName="main" threadId="00000000021E1A00" bytes="3287712" />
</allocation-stats>
<gc-op id="158" type="mark" timems="2.315" contextid="155" timestamp="2019-08-03T02:39:51.651">
  <trace-info objectcount="62646" scancount="51413" scanbytes="1728292" />
  <finalization candidates="80" enqueued="0" />
  <ownableSynchronizers candidates="21" cleared="0" />
  <references type="soft" candidates="1095" cleared="0" enqueued="0" dynamicThreshold="15" maxThreshold="32" />
  <references type="weak" candidates="3771" cleared="1" enqueued="1" />
  <references type="phantom" candidates="101" cleared="0" enqueued="0" />
  <stringconstants candidates="7790" cleared="12"  />
</gc-op>
<gc-op id="159" type="sweep" timems="0.199" contextid="155" timestamp="2019-08-03T02:39:51.651" />
<gc-end id="160" type="global" contextid="155" durationms="3.496" usertimems="8.000" systemtimems="0.000" timestamp="2019-08-03T02:39:51.652" activeThreads="2">
  <mem-info id="161" free="4183944" total="8388608" percent="49">
    <mem type="tenure" free="4183944" total="8388608" percent="49" micro-fragmented="72857" macro-fragmented="0">
      <mem type="soa" free="3881168" total="7885824" percent="49" />
      <mem type="loa" free="302776" total="502784" percent="60" />
    </mem>
    <pending-finalizers system="0" default="0" reference="1" classloader="0" />
  </mem-info>
</gc-end>
<cycle-end id="162" type="global" contextid="155" timestamp="2019-08-03T02:39:51.652" />
  <attribute name="elasticGC enabled" value="1" />
  <attribute name= "numThreadsSpecified" value="2" />
  <attribute name="heapSize specified" value="8388608" />
  <attribute name= "numCores" value="8" />
  <attribute name ="GC Interval" value="0" />
  <attribute name ="Control flow" value="1" />
  <attribute name="GC Util Range Max" value="98" />
  <attribute name="Current GC Util" value="10" />
  <attribute name= "Current Time Running" value="3975" />
<allocation-satisfied id="163" threadId="00000000021E1A00" bytesRequested="16392" />
<af-end id="164" timestamp="2019-08-03T02:39:51.652" threadId="00000000021E2388" success="true" />
<exclusive-end id="165" timestamp="2019-08-03T02:39:51.652" durationms="4.042" />

<exclusive-start id="166" timestamp="2019-08-03T02:39:51.697" intervalms="48.618">
  <response-info timems="0.083" idlems="0.083" threads="0" lastid="00000000021E1A00" lastname="main" />
</exclusive-start>
<af-start id="167" threadId="00000000021E2388" totalBytesRequested="40" timestamp="2019-08-03T02:39:51.697" intervalms="48.638" />
<cycle-start id="168" type="global" contextid="0" timestamp="2019-08-03T02:39:51.697" intervalms="48.642" />
<gc-start id="169" type="global" contextid="168" timestamp="2019-08-03T02:39:51.697">
  <mem-info id="170" free="302776" total="8388608" percent="3">
    <mem type="tenure" free="302776" total="8388608" percent="3">
      <mem type="soa" free="0" total="7885824" percent="0" />
      <mem type="loa" free="302776" total="502784" percent="60" />
    </mem>
  </mem-info>
</gc-start>
<allocation-stats totalBytes="3890296" >
  <allocated-bytes non-tlh="322632" tlh="3567664" />
  <largest-consumer threadName="main" threadId="00000000021E1A00" bytes="3884432" />
</allocation-stats>
<gc-op id="171" type="mark" timems="2.556" contextid="168" timestamp="2019-08-03T02:39:51.700">
  <trace-info objectcount="72239" scancount="60110" scanbytes="2134740" />
  <finalization candidates="80" enqueued="0" />
  <ownableSynchronizers candidates="21" cleared="0" />
  <references type="soft" candidates="1097" cleared="0" enqueued="0" dynamicThreshold="15" maxThreshold="32" />
  <references type="weak" candidates="3831" cleared="4" enqueued="4" />
  <references type="phantom" candidates="101" cleared="0" enqueued="0" />
  <stringconstants candidates="7835" cleared="0"  />
</gc-op>
<gc-op id="172" type="sweep" timems="0.334" contextid="168" timestamp="2019-08-03T02:39:51.700" />
<gc-end id="173" type="global" contextid="168" durationms="4.094" usertimems="8.000" systemtimems="0.000" timestamp="2019-08-03T02:39:51.701" activeThreads="2">
  <mem-info id="174" free="3469664" total="8388608" percent="41">
    <mem type="tenure" free="3469664" total="8388608" percent="41" micro-fragmented="343533" macro-fragmented="0">
      <mem type="soa" free="3166888" total="7885824" percent="40" />
      <mem type="loa" free="302776" total="502784" percent="60" />
    </mem>
    <pending-finalizers system="0" default="0" reference="4" classloader="0" />
  </mem-info>
</gc-end>
<cycle-end id="175" type="global" contextid="168" timestamp="2019-08-03T02:39:51.701" />
  <attribute name="elasticGC enabled" value="1" />
  <attribute name= "numThreadsSpecified" value="2" />
  <attribute name="heapSize specified" value="8388608" />
  <attribute name= "numCores" value="8" />
  <attribute name ="GC Interval" value="0" />
  <attribute name ="Control flow" value="2" />
  <attribute name="GC Util Range Max" value="98" />
  <attribute name="Current GC Util" value="72" />
  <attribute name= "Current Time Running" value="4024" />
<allocation-satisfied id="176" threadId="00000000021E1A00" bytesRequested="40" />
<af-end id="177" timestamp="2019-08-03T02:39:51.701" threadId="00000000021E2388" success="true" />
<exclusive-end id="178" timestamp="2019-08-03T02:39:51.702" durationms="4.677" />

<exclusive-start id="179" timestamp="2019-08-03T02:39:51.724" intervalms="27.084">
  <response-info timems="0.080" idlems="0.080" threads="0" lastid="00000000021E1A00" lastname="main" />
</exclusive-start>
<af-start id="180" threadId="00000000021E2388" totalBytesRequested="32" timestamp="2019-08-03T02:39:51.724" intervalms="27.086" />
<cycle-start id="181" type="global" contextid="0" timestamp="2019-08-03T02:39:51.724" intervalms="27.082" />
<gc-start id="182" type="global" contextid="181" timestamp="2019-08-03T02:39:51.724">
  <mem-info id="183" free="302776" total="8388608" percent="3">
    <mem type="tenure" free="302776" total="8388608" percent="3">
      <mem type="soa" free="0" total="7885824" percent="0" />
      <mem type="loa" free="302776" total="502784" percent="60" />
    </mem>
  </mem-info>
</gc-start>
<allocation-stats totalBytes="3158760" >
  <allocated-bytes non-tlh="65336" tlh="3093424" />
  <largest-consumer threadName="main" threadId="00000000021E1A00" bytes="3158760" />
</allocation-stats>
<gc-op id="184" type="mark" timems="3.141" contextid="181" timestamp="2019-08-03T02:39:51.727">
  <trace-info objectcount="76796" scancount="64199" scanbytes="2289508" />
  <finalization candidates="80" enqueued="0" />
  <ownableSynchronizers candidates="21" cleared="0" />
  <references type="soft" candidates="1097" cleared="10" enqueued="10" dynamicThreshold="13" maxThreshold="32" />
  <references type="weak" candidates="3847" cleared="0" enqueued="0" />
  <references type="phantom" candidates="101" cleared="0" enqueued="0" />
  <stringconstants candidates="7847" cleared="0"  />
</gc-op>
<gc-op id="185" type="sweep" timems="0.332" contextid="181" timestamp="2019-08-03T02:39:51.728" />
<gc-end id="186" type="global" contextid="181" durationms="4.497" usertimems="12.000" systemtimems="0.000" timestamp="2019-08-03T02:39:51.729" activeThreads="8">
  <mem-info id="187" free="3110848" total="8388608" percent="37">
    <mem type="tenure" free="3110848" total="8388608" percent="37" micro-fragmented="317624" macro-fragmented="0">
      <mem type="soa" free="2808072" total="7885824" percent="35" />
      <mem type="loa" free="302776" total="502784" percent="60" />
    </mem>
    <pending-finalizers system="0" default="0" reference="10" classloader="0" />
  </mem-info>
</gc-end>
<cycle-end id="188" type="global" contextid="181" timestamp="2019-08-03T02:39:51.729" />
  <attribute name="elasticGC enabled" value="1" />
  <attribute name= "numThreadsSpecified" value="2" />
  <attribute name="heapSize specified" value="8388608" />
  <attribute name= "numCores" value="8" />
  <attribute name ="GC Interval" value="0" />
  <attribute name ="Control flow" value="3" />
  <attribute name="GC Util Range Max" value="98" />
  <attribute name="Current GC Util" value="32" />
  <attribute name= "Current Time Running" value="4052" />
<allocation-satisfied id="189" threadId="00000000021E1A00" bytesRequested="32" />
<af-end id="190" timestamp="2019-08-03T02:39:51.729" threadId="00000000021E2388" success="true" />
<exclusive-end id="191" timestamp="2019-08-03T02:39:51.729" durationms="4.947" />

<exclusive-start id="192" timestamp="2019-08-03T02:39:51.747" intervalms="23.024">
  <response-info timems="0.069" idlems="0.069" threads="0" lastid="00000000021E1A00" lastname="main" />
</exclusive-start>
<af-start id="193" threadId="00000000021E2388" totalBytesRequested="24" timestamp="2019-08-03T02:39:51.747" intervalms="23.013" />
<cycle-start id="194" type="global" contextid="0" timestamp="2019-08-03T02:39:51.747" intervalms="23.012" />
<gc-start id="195" type="global" contextid="194" timestamp="2019-08-03T02:39:51.747">
  <mem-info id="196" free="302776" total="8388608" percent="3">
    <mem type="tenure" free="302776" total="8388608" percent="3">
      <mem type="soa" free="0" total="7885824" percent="0" />
      <mem type="loa" free="302776" total="502784" percent="60" />
    </mem>
  </mem-info>
</gc-start>
<allocation-stats totalBytes="2791192" >
  <allocated-bytes non-tlh="74104" tlh="2717088" />
  <largest-consumer threadName="main" threadId="00000000021E1A00" bytes="2791192" />
</allocation-stats>
<gc-op id="197" type="mark" timems="3.244" contextid="194" timestamp="2019-08-03T02:39:51.751">
  <trace-info objectcount="76559" scancount="64408" scanbytes="2222168" />
  <finalization candidates="80" enqueued="0" />
  <ownableSynchronizers candidates="21" cleared="0" />
  <references type="soft" candidates="1087" cleared="86" enqueued="81" dynamicThreshold="11" maxThreshold="32" />
  <references type="weak" candidates="3863" cleared="0" enqueued="0" />
  <references type="phantom" candidates="100" cleared="0" enqueued="0" />
  <stringconstants candidates="7858" cleared="0"  />
</gc-op>
<gc-op id="198" type="sweep" timems="0.237" contextid="194" timestamp="2019-08-03T02:39:51.751" />
<gc-end id="199" type="global" contextid="194" durationms="4.844" usertimems="12.000" systemtimems="0.000" timestamp="2019-08-03T02:39:51.752" activeThreads="2">
  <mem-info id="200" free="3162216" total="8388608" percent="37">
    <mem type="tenure" free="3162216" total="8388608" percent="37" micro-fragmented="563508" macro-fragmented="0">
      <mem type="soa" free="2659432" total="7885824" percent="33" />
      <mem type="loa" free="502784" total="502784" percent="100" />
    </mem>
    <pending-finalizers system="0" default="0" reference="81" classloader="0" />
  </mem-info>
</gc-end>
<cycle-end id="201" type="global" contextid="194" timestamp="2019-08-03T02:39:51.752" />
  <attribute name="elasticGC enabled" value="1" />
  <attribute name= "numThreadsSpecified" value="2" />
  <attribute name="heapSize specified" value="8388608" />
  <attribute name= "numCores" value="8" />
  <attribute name ="GC Interval" value="0" />
  <attribute name ="Control flow" value="2" />
  <attribute name="GC Util Range Max" value="98" />
  <attribute name="Current GC Util" value="0" />
  <attribute name= "Current Time Running" value="4075" />
<allocation-satisfied id="202" threadId="00000000021E1A00" bytesRequested="24" />
<af-end id="203" timestamp="2019-08-03T02:39:51.752" threadId="00000000021E2388" success="true" />
<exclusive-end id="204" timestamp="2019-08-03T02:39:51.752" durationms="5.454" />

<exclusive-start id="205" timestamp="2019-08-03T02:39:51.781" intervalms="33.671">
  <response-info timems="0.073" idlems="0.073" threads="0" lastid="00000000021E1A00" lastname="main" />
</exclusive-start>
<af-start id="206" threadId="00000000021E2388" totalBytesRequested="32776" timestamp="2019-08-03T02:39:51.781" intervalms="33.684" />
<cycle-start id="207" type="global" contextid="0" timestamp="2019-08-03T02:39:51.781" intervalms="33.686" />
<gc-start id="208" type="global" contextid="207" timestamp="2019-08-03T02:39:51.781">
  <mem-info id="209" free="933552" total="8388608" percent="11">
    <mem type="tenure" free="933552" total="8388608" percent="11">
      <mem type="soa" free="430768" total="7885824" percent="5" />
      <mem type="loa" free="502784" total="502784" percent="100" />
    </mem>
  </mem-info>
</gc-start>
<allocation-stats totalBytes="2187416" >
  <allocated-bytes non-tlh="44392" tlh="2143024" />
  <largest-consumer threadName="main" threadId="00000000021E1A00" bytes="2185704" />
</allocation-stats>
<gc-op id="210" type="mark" timems="2.497" contextid="207" timestamp="2019-08-03T02:39:51.783">
  <trace-info objectcount="82251" scancount="68974" scanbytes="2440504" />
  <finalization candidates="80" enqueued="0" />
  <ownableSynchronizers candidates="21" cleared="0" />
  <references type="soft" candidates="1001" cleared="0" enqueued="0" dynamicThreshold="12" maxThreshold="32" />
  <references type="weak" candidates="3863" cleared="0" enqueued="0" />
  <references type="phantom" candidates="100" cleared="0" enqueued="0" />
  <stringconstants candidates="7863" cleared="14"  />
</gc-op>
<gc-op id="211" type="sweep" timems="0.551" contextid="207" timestamp="2019-08-03T02:39:51.784" />
<heap-resize id="212" type="loa contract" space="tenure" amount="188416" count="1" timems="0.000" reason="contract to meet minimum soa" timestamp="2019-08-03T02:39:51.785" />
<gc-end id="213" type="global" contextid="207" durationms="4.707" usertimems="12.000" systemtimems="0.000" timestamp="2019-08-03T02:39:51.786" activeThreads="2">
  <mem-info id="214" free="2405768" total="8388608" percent="28">
    <mem type="tenure" free="2405768" total="8388608" percent="28" micro-fragmented="811327" macro-fragmented="0">
      <mem type="soa" free="2091400" total="8074240" percent="25" />
      <mem type="loa" free="314368" total="314368" percent="100" />
    </mem>
  </mem-info>
</gc-end>
<cycle-end id="215" type="global" contextid="207" timestamp="2019-08-03T02:39:51.786" />
  <attribute name="elasticGC enabled" value="1" />
  <attribute name= "numThreadsSpecified" value="2" />
  <attribute name="heapSize specified" value="8388608" />
  <attribute name= "numCores" value="8" />
  <attribute name ="GC Interval" value="0" />
  <attribute name ="Control flow" value="2" />
  <attribute name="GC Util Range Max" value="98" />
  <attribute name="Current GC Util" value="79" />
  <attribute name= "Current Time Running" value="4108" />
<cycle-start id="216" type="global" contextid="0" timestamp="2019-08-03T02:39:51.786" intervalms="4.961" />
<gc-start id="217" type="global" contextid="216" timestamp="2019-08-03T02:39:51.786">
  <mem-info id="218" free="2405768" total="8388608" percent="28">
    <mem type="tenure" free="2405768" total="8388608" percent="28">
      <mem type="soa" free="2091400" total="8074240" percent="25" />
      <mem type="loa" free="314368" total="314368" percent="100" />
    </mem>
  </mem-info>
</gc-start>
<allocation-stats totalBytes="0" >
  <allocated-bytes non-tlh="0" tlh="0" />
</allocation-stats>
<heap-resize id="219" type="loa contract" space="tenure" amount="231424" count="1" timems="0.000" reason="contract on aggressive gc" timestamp="2019-08-03T02:39:51.786" />
<gc-op id="220" type="mark" timems="3.178" contextid="216" timestamp="2019-08-03T02:39:51.789">
  <trace-info objectcount="81358" scancount="68139" scanbytes="2399604" />
  <finalization candidates="80" enqueued="0" />
  <ownableSynchronizers candidates="21" cleared="0" />
  <references type="soft" candidates="1001" cleared="420" enqueued="410" dynamicThreshold="9" maxThreshold="32" />
  <references type="weak" candidates="3863" cleared="0" enqueued="0" />
  <references type="phantom" candidates="100" cleared="0" enqueued="0" />
  <stringconstants candidates="7849" cleared="5"  />
</gc-op>
<gc-op id="221" type="classunload" timems="0.002" contextid="216" timestamp="2019-08-03T02:39:51.789">
  <classunload-info classloadercandidates="12" classloadersunloaded="0" classesunloaded="0" anonymousclassesunloaded="0" quiescems="0.000" setupms="0.002" scanms="0.000" postms="0.000" />
</gc-op>
<gc-op id="222" type="sweep" timems="0.241" contextid="216" timestamp="2019-08-03T02:39:51.789" />
<mem-info id="223" free="2433616" total="8388608" percent="29">
  <mem type="tenure" free="2433616" total="8388608" percent="29" micro-fragmented="931292" macro-fragmented="0">
    <mem type="soa" free="2350672" total="8305664" percent="28" />
    <mem type="loa" free="82944" total="82944" percent="100" />
  </mem>
  <pending-finalizers system="0" default="0" reference="410" classloader="0" />
</mem-info>
<gc-op id="224" type="compact" timems="16.630" contextid="216" timestamp="2019-08-03T02:39:51.806">
  <compact-info movecount="75410" movebytes="4400480" reason="compact on aggressive collection" />
</gc-op>
<gc-end id="225" type="global" contextid="216" durationms="20.659" usertimems="24.000" systemtimems="0.000" timestamp="2019-08-03T02:39:51.806" activeThreads="2">
  <mem-info id="226" free="3668848" total="8388608" percent="43">
    <mem type="tenure" free="3668848" total="8388608" percent="43">
      <mem type="soa" free="3585904" total="8305664" percent="43" />
      <mem type="loa" free="82944" total="82944" percent="100" />
    </mem>
    <pending-finalizers system="0" default="0" reference="410" classloader="0" />
  </mem-info>
</gc-end>
<cycle-end id="227" type="global" contextid="216" timestamp="2019-08-03T02:39:51.807" />
  <attribute name="elasticGC enabled" value="1" />
  <attribute name= "numThreadsSpecified" value="2" />
  <attribute name="heapSize specified" value="8388608" />
  <attribute name= "numCores" value="8" />
  <attribute name ="GC Interval" value="0" />
  <attribute name ="Control flow" value="3" />
  <attribute name="GC Util Range Max" value="98" />
  <attribute name="Current GC Util" value="11" />
  <attribute name= "Current Time Running" value="4130" />
<allocation-satisfied id="228" threadId="00000000021E1A00" bytesRequested="32776" />
<af-end id="229" timestamp="2019-08-03T02:39:51.807" threadId="00000000021E2388" success="true" />
<exclusive-end id="230" timestamp="2019-08-03T02:39:51.807" durationms="26.200" />

<exclusive-start id="231" timestamp="2019-08-03T02:39:51.862" intervalms="81.014">
  <response-info timems="0.072" idlems="0.072" threads="0" lastid="00000000021E1A00" lastname="main" />
</exclusive-start>
<af-start id="232" threadId="00000000021E2388" totalBytesRequested="24" timestamp="2019-08-03T02:39:51.862" intervalms="81.049" />
<cycle-start id="233" type="global" contextid="0" timestamp="2019-08-03T02:39:51.862" intervalms="76.139" />
<gc-start id="234" type="global" contextid="233" timestamp="2019-08-03T02:39:51.862">
  <mem-info id="235" free="82944" total="8388608" percent="0">
    <mem type="tenure" free="82944" total="8388608" percent="0">
      <mem type="soa" free="0" total="8305664" percent="0" />
      <mem type="loa" free="82944" total="82944" percent="100" />
    </mem>
  </mem-info>
</gc-start>
<allocation-stats totalBytes="3617560" >
  <allocated-bytes non-tlh="480072" tlh="3137488" />
  <largest-consumer threadName="main" threadId="00000000021E1A00" bytes="3613464" />
</allocation-stats>
<gc-op id="236" type="mark" timems="2.818" contextid="233" timestamp="2019-08-03T02:39:51.865">
  <trace-info objectcount="71132" scancount="59255" scanbytes="2061936" />
  <finalization candidates="80" enqueued="0" />
  <ownableSynchronizers candidates="21" cleared="0" />
  <references type="soft" candidates="999" cleared="0" enqueued="0" dynamicThreshold="13" maxThreshold="32" />
  <references type="weak" candidates="4251" cleared="10" enqueued="9" />
  <references type="phantom" candidates="103" cleared="2" enqueued="2" />
  <stringconstants candidates="8283" cleared="19"  />
</gc-op>
<gc-op id="237" type="sweep" timems="0.641" contextid="233" timestamp="2019-08-03T02:39:51.866" />
<gc-end id="238" type="global" contextid="233" durationms="4.446" usertimems="12.000" systemtimems="0.000" timestamp="2019-08-03T02:39:51.866" activeThreads="8">
  <mem-info id="239" free="3605168" total="8388608" percent="42">
    <mem type="tenure" free="3605168" total="8388608" percent="42" micro-fragmented="172473" macro-fragmented="0">
      <mem type="soa" free="3522224" total="8305664" percent="42" />
      <mem type="loa" free="82944" total="82944" percent="100" />
    </mem>
    <pending-finalizers system="0" default="0" reference="11" classloader="0" />
  </mem-info>
</gc-end>
<cycle-end id="240" type="global" contextid="233" timestamp="2019-08-03T02:39:51.867" />
  <attribute name="elasticGC enabled" value="1" />
  <attribute name= "numThreadsSpecified" value="2" />
  <attribute name="heapSize specified" value="8388608" />
  <attribute name= "numCores" value="8" />
  <attribute name ="GC Interval" value="0" />
  <attribute name ="Control flow" value="2" />
  <attribute name="GC Util Range Max" value="98" />
  <attribute name="Current GC Util" value="121" />
  <attribute name= "Current Time Running" value="4189" />
<allocation-satisfied id="241" threadId="00000000021E1A00" bytesRequested="24" />
<af-end id="242" timestamp="2019-08-03T02:39:51.867" threadId="00000000021E2388" success="true" />
<exclusive-end id="243" timestamp="2019-08-03T02:39:51.867" durationms="5.141" />

<exclusive-start id="244" timestamp="2019-08-03T02:39:51.877" intervalms="15.570">
  <response-info timems="0.060" idlems="0.060" threads="0" lastid="00000000021E1A00" lastname="main" />
</exclusive-start>
<af-start id="245" threadId="00000000021E2388" totalBytesRequested="23280" timestamp="2019-08-03T02:39:51.877" intervalms="15.511" />
<cycle-start id="246" type="global" contextid="0" timestamp="2019-08-03T02:39:51.877" intervalms="15.465" />
<gc-start id="247" type="global" contextid="246" timestamp="2019-08-03T02:39:51.877">
  <mem-info id="248" free="752672" total="8388608" percent="8">
    <mem type="tenure" free="752672" total="8388608" percent="8">
      <mem type="soa" free="669728" total="8305664" percent="8" />
      <mem type="loa" free="82944" total="82944" percent="100" />
    </mem>
  </mem-info>
</gc-start>
<allocation-stats totalBytes="2834928" >
  <allocated-bytes non-tlh="3168" tlh="2831760" />
  <largest-consumer threadName="main" threadId="00000000021E1A00" bytes="2834928" />
</allocation-stats>
<gc-op id="249" type="mark" timems="2.185" contextid="246" timestamp="2019-08-03T02:39:51.880">
  <trace-info objectcount="76002" scancount="63586" scanbytes="2226292" />
  <finalization candidates="80" enqueued="0" />
  <ownableSynchronizers candidates="21" cleared="0" />
  <references type="soft" candidates="999" cleared="0" enqueued="0" dynamicThreshold="13" maxThreshold="32" />
  <references type="weak" candidates="4256" cleared="0" enqueued="0" />
  <references type="phantom" candidates="102" cleared="0" enqueued="0" />
  <stringconstants candidates="8276" cleared="0"  />
</gc-op>
<gc-op id="250" type="sweep" timems="0.713" contextid="246" timestamp="2019-08-03T02:39:51.880" />
<gc-end id="251" type="global" contextid="246" durationms="4.900" usertimems="8.000" systemtimems="0.000" timestamp="2019-08-03T02:39:51.882" activeThreads="1">
  <mem-info id="252" free="3181096" total="8388608" percent="37">
    <mem type="tenure" free="3181096" total="8388608" percent="37" micro-fragmented="292561" macro-fragmented="0">
      <mem type="soa" free="3098152" total="8305664" percent="37" />
      <mem type="loa" free="82944" total="82944" percent="100" />
    </mem>
  </mem-info>
</gc-end>
<cycle-end id="253" type="global" contextid="246" timestamp="2019-08-03T02:39:51.882" />
  <attribute name="elasticGC enabled" value="1" />
  <attribute name= "numThreadsSpecified" value="1" />
  <attribute name="heapSize specified" value="8388608" />
  <attribute name= "numCores" value="8" />
  <attribute name ="GC Interval" value="0" />
  <attribute name ="Control flow" value="2" />
  <attribute name="GC Util Range Max" value="98" />
  <attribute name="Current GC Util" value="122" />
  <attribute name= "Current Time Running" value="4204" />
<allocation-satisfied id="254" threadId="00000000021E1A00" bytesRequested="23280" />
<af-end id="255" timestamp="2019-08-03T02:39:51.883" threadId="00000000021E2388" success="true" />
<exclusive-end id="256" timestamp="2019-08-03T02:39:51.883" durationms="5.455" />

<exclusive-start id="257" timestamp="2019-08-03T02:39:51.897" intervalms="20.284">
  <response-info timems="0.076" idlems="0.076" threads="0" lastid="00000000021E1A00" lastname="main" />
</exclusive-start>
<af-start id="258" threadId="00000000021E2388" totalBytesRequested="16" timestamp="2019-08-03T02:39:51.898" intervalms="20.294" />
<cycle-start id="259" type="global" contextid="0" timestamp="2019-08-03T02:39:51.898" intervalms="20.327" />
<gc-start id="260" type="global" contextid="259" timestamp="2019-08-03T02:39:51.898">
  <mem-info id="261" free="82944" total="8388608" percent="0">
    <mem type="tenure" free="82944" total="8388608" percent="0">
      <mem type="soa" free="0" total="8305664" percent="0" />
      <mem type="loa" free="82944" total="82944" percent="100" />
    </mem>
  </mem-info>
</gc-start>
<allocation-stats totalBytes="3104592" >
  <allocated-bytes non-tlh="33928" tlh="3070664" />
  <largest-consumer threadName="main" threadId="00000000021E1A00" bytes="3104592" />
</allocation-stats>
<gc-op id="262" type="mark" timems="5.367" contextid="259" timestamp="2019-08-03T02:39:51.903">
  <trace-info objectcount="79958" scancount="67233" scanbytes="2334328" />
  <finalization candidates="80" enqueued="0" />
  <ownableSynchronizers candidates="21" cleared="0" />
  <references type="soft" candidates="999" cleared="0" enqueued="0" dynamicThreshold="12" maxThreshold="32" />
  <references type="weak" candidates="4259" cleared="0" enqueued="0" />
  <references type="phantom" candidates="100" cleared="0" enqueued="0" />
  <stringconstants candidates="8278" cleared="0"  />
</gc-op>
<gc-op id="263" type="sweep" timems="0.688" contextid="259" timestamp="2019-08-03T02:39:51.904" />
<gc-end id="264" type="global" contextid="259" durationms="8.520" usertimems="12.000" systemtimems="0.000" timestamp="2019-08-03T02:39:51.906" activeThreads="1">
  <mem-info id="265" free="2956120" total="8388608" percent="35">
    <mem type="tenure" free="2956120" total="8388608" percent="35" micro-fragmented="625115" macro-fragmented="0">
      <mem type="soa" free="2873176" total="8305664" percent="34" />
      <mem type="loa" free="82944" total="82944" percent="100" />
    </mem>
  </mem-info>
</gc-end>
<cycle-end id="266" type="global" contextid="259" timestamp="2019-08-03T02:39:51.906" />
  <attribute name="elasticGC enabled" value="1" />
  <attribute name= "numThreadsSpecified" value="1" />
  <attribute name="heapSize specified" value="8388608" />
  <attribute name= "numCores" value="8" />
  <attribute name ="GC Interval" value="0" />
  <attribute name ="Control flow" value="2" />
  <attribute name="GC Util Range Max" value="98" />
  <attribute name="Current GC Util" value="105" />
  <attribute name= "Current Time Running" value="4228" />
<allocation-satisfied id="267" threadId="00000000021E1A00" bytesRequested="16" />
<af-end id="268" timestamp="2019-08-03T02:39:51.907" threadId="00000000021E2388" success="true" />
<exclusive-end id="269" timestamp="2019-08-03T02:39:51.907" durationms="9.196" />

<exclusive-start id="270" timestamp="2019-08-03T02:39:51.918" intervalms="20.186">
  <response-info timems="0.025" idlems="0.025" threads="0" lastid="00000000021E1A00" lastname="main" />
</exclusive-start>
<af-start id="271" threadId="00000000021E2388" totalBytesRequested="200008" timestamp="2019-08-03T02:39:51.918" intervalms="20.164" />
<cycle-start id="272" type="global" contextid="0" timestamp="2019-08-03T02:39:51.918" intervalms="20.121" />
<gc-start id="273" type="global" contextid="272" timestamp="2019-08-03T02:39:51.918">
  <mem-info id="274" free="1857520" total="8388608" percent="22">
    <mem type="tenure" free="1857520" total="8388608" percent="22">
      <mem type="soa" free="1774576" total="8305664" percent="21" />
      <mem type="loa" free="82944" total="82944" percent="100" />
    </mem>
  </mem-info>
</gc-start>
<allocation-stats totalBytes="1072456" >
  <allocated-bytes non-tlh="246056" tlh="826400" />
  <largest-consumer threadName="main" threadId="00000000021E1A00" bytes="1072456" />
</allocation-stats>
<heap-resize id="275" type="loa expand" space="tenure" amount="83968" count="1" timems="0.000" reason="expand on failed allocate" timestamp="2019-08-03T02:39:51.918" />
<gc-op id="276" type="mark" timems="5.322" contextid="272" timestamp="2019-08-03T02:39:51.923">
  <trace-info objectcount="66477" scancount="54925" scanbytes="1839860" />
  <finalization candidates="80" enqueued="0" />
  <ownableSynchronizers candidates="21" cleared="0" />
  <references type="soft" candidates="1000" cleared="42" enqueued="42" dynamicThreshold="11" maxThreshold="32" />
  <references type="weak" candidates="4259" cleared="1" enqueued="1" />
  <references type="phantom" candidates="101" cleared="0" enqueued="0" />
  <stringconstants candidates="8376" cleared="12"  />
</gc-op>
<gc-op id="277" type="classunload" timems="0.003" contextid="272" timestamp="2019-08-03T02:39:51.923">
  <classunload-info classloadercandidates="15" classloadersunloaded="0" classesunloaded="0" anonymousclassesunloaded="0" quiescems="0.000" setupms="0.002" scanms="0.001" postms="0.000" />
</gc-op>
<gc-op id="278" type="sweep" timems="0.172" contextid="272" timestamp="2019-08-03T02:39:51.924" />
<mem-info id="279" free="4182608" total="8388608" percent="49">
  <mem type="tenure" free="4182608" total="8388608" percent="49" micro-fragmented="121926" macro-fragmented="0">
    <mem type="soa" free="4015696" total="8221696" percent="48" />
    <mem type="loa" free="166912" total="166912" percent="100" />
  </mem>
  <pending-finalizers system="0" default="0" reference="43" classloader="0" />
</mem-info>
<gc-op id="280" type="compact" timems="13.655" contextid="272" timestamp="2019-08-03T02:39:51.937">
  <compact-info movecount="55658" movebytes="3510752" reason="no compaction" />
</gc-op>
<gc-end id="281" type="global" contextid="272" durationms="19.819" usertimems="28.000" systemtimems="0.000" timestamp="2019-08-03T02:39:51.938" activeThreads="8">
  <mem-info id="282" free="4197952" total="8388608" percent="50">
    <mem type="tenure" free="4197952" total="8388608" percent="50">
      <mem type="soa" free="4031040" total="8221696" percent="49" />
      <mem type="loa" free="166912" total="166912" percent="100" />
    </mem>
    <pending-finalizers system="0" default="0" reference="43" classloader="0" />
  </mem-info>
</gc-end>
<cycle-end id="283" type="global" contextid="272" timestamp="2019-08-03T02:39:51.938" />
  <attribute name="elasticGC enabled" value="1" />
  <attribute name= "numThreadsSpecified" value="1" />
  <attribute name="heapSize specified" value="8388608" />
  <attribute name= "numCores" value="8" />
  <attribute name ="GC Interval" value="0" />
  <attribute name ="Control flow" value="2" />
  <attribute name="GC Util Range Max" value="98" />
  <attribute name="Current GC Util" value="34" />
  <attribute name= "Current Time Running" value="4261" />
<allocation-satisfied id="284" threadId="00000000021E1A00" bytesRequested="200008" />
<af-end id="285" timestamp="2019-08-03T02:39:51.938" threadId="00000000021E2388" success="true" />
<exclusive-end id="286" timestamp="2019-08-03T02:39:51.938" durationms="20.326" />

<exclusive-start id="287" timestamp="2019-08-03T02:39:52.001" intervalms="83.093">
  <response-info timems="0.019" idlems="0.019" threads="0" lastid="00000000021E1A00" lastname="main" />
</exclusive-start>
<sys-start reason="explicit" id="288" timestamp="2019-08-03T02:39:52.001" intervalms="5662.623" />
<cycle-start id="289" type="global" contextid="0" timestamp="2019-08-03T02:39:52.001" intervalms="83.110" />
<gc-start id="290" type="global" contextid="289" timestamp="2019-08-03T02:39:52.001">
  <mem-info id="291" free="538496" total="8388608" percent="6">
    <mem type="tenure" free="538496" total="8388608" percent="6">
      <mem type="soa" free="371584" total="8221696" percent="4" />
      <mem type="loa" free="166912" total="166912" percent="100" />
    </mem>
  </mem-info>
</gc-start>
<allocation-stats totalBytes="3857792" >
  <allocated-bytes non-tlh="422920" tlh="3434872" />
  <largest-consumer threadName="main" threadId="00000000021E1A00" bytes="3853696" />
</allocation-stats>
<gc-op id="292" type="mark" timems="2.767" contextid="289" timestamp="2019-08-03T02:39:52.004">
  <trace-info objectcount="71913" scancount="60010" scanbytes="2022896" />
  <finalization candidates="80" enqueued="0" />
  <ownableSynchronizers candidates="21" cleared="0" />
  <references type="soft" candidates="1349" cleared="1" enqueued="1" dynamicThreshold="16" maxThreshold="32" />
  <references type="weak" candidates="4536" cleared="33" enqueued="31" />
  <references type="phantom" candidates="103" cleared="3" enqueued="3" />
  <stringconstants candidates="8659" cleared="15"  />
</gc-op>
<gc-op id="293" type="classunload" timems="0.348" contextid="289" timestamp="2019-08-03T02:39:52.004">
  <classunload-info classloadercandidates="17" classloadersunloaded="1" classesunloaded="1" anonymousclassesunloaded="0" quiescems="0.000" setupms="0.340" scanms="0.006" postms="0.002" />
</gc-op>
<gc-op id="294" type="sweep" timems="0.247" contextid="289" timestamp="2019-08-03T02:39:52.005" />
<mem-info id="295" free="4104400" total="8388608" percent="48">
  <mem type="tenure" free="4104400" total="8388608" percent="48" micro-fragmented="115155" macro-fragmented="0">
    <mem type="soa" free="3937488" total="8221696" percent="47" />
    <mem type="loa" free="166912" total="166912" percent="100" />
  </mem>
  <pending-finalizers system="0" default="0" reference="35" classloader="0" />
</mem-info>
<gc-op id="296" type="compact" timems="16.631" contextid="289" timestamp="2019-08-03T02:39:52.021">
  <compact-info movecount="70138" movebytes="4042760" reason="no compaction" />
</gc-op>
<gc-end id="297" type="global" contextid="289" durationms="20.676" usertimems="28.000" systemtimems="0.000" timestamp="2019-08-03T02:39:52.022" activeThreads="8">
  <mem-info id="298" free="4232552" total="8388608" percent="50">
    <mem type="tenure" free="4232552" total="8388608" percent="50">
      <mem type="soa" free="4065640" total="8221696" percent="49" />
      <mem type="loa" free="166912" total="166912" percent="100" />
    </mem>
    <pending-finalizers system="0" default="0" reference="35" classloader="0" />
  </mem-info>
</gc-end>
<cycle-end id="299" type="global" contextid="289" timestamp="2019-08-03T02:39:52.022" />
  <attribute name="elasticGC enabled" value="1" />
  <attribute name= "numThreadsSpecified" value="1" />
  <attribute name="heapSize specified" value="8388608" />
  <attribute name= "numCores" value="8" />
  <attribute name ="GC Interval" value="0" />
  <attribute name ="Control flow" value="2" />
  <attribute name="GC Util Range Max" value="98" />
  <attribute name="Current GC Util" value="27" />
  <attribute name= "Current Time Running" value="4345" />
<sys-end id="300" timestamp="2019-08-03T02:39:52.022" />
<exclusive-end id="301" timestamp="2019-08-03T02:39:52.022" durationms="21.127" />

<exclusive-start id="302" timestamp="2019-08-03T02:39:52.134" intervalms="132.853">
  <response-info timems="0.077" idlems="0.077" threads="0" lastid="00000000021E1A00" lastname="main" />
</exclusive-start>
<af-start id="303" threadId="00000000021E2388" totalBytesRequested="24" timestamp="2019-08-03T02:39:52.134" intervalms="216.022" />
<cycle-start id="304" type="global" contextid="0" timestamp="2019-08-03T02:39:52.134" intervalms="132.959" />
<gc-start id="305" type="global" contextid="304" timestamp="2019-08-03T02:39:52.134">
  <mem-info id="306" free="166912" total="8388608" percent="1">
    <mem type="tenure" free="166912" total="8388608" percent="1">
      <mem type="soa" free="0" total="8221696" percent="0" />
      <mem type="loa" free="166912" total="166912" percent="100" />
    </mem>
  </mem-info>
</gc-start>
<allocation-stats totalBytes="4065280" >
  <allocated-bytes non-tlh="463896" tlh="3601384" />
  <largest-consumer threadName="main" threadId="00000000021E1A00" bytes="4061184" />
</allocation-stats>
<heap-resize id="307" type="loa contract" space="tenure" amount="83968" count="1" timems="0.000" reason="contract underutilized loa" timestamp="2019-08-03T02:39:52.134" />
<gc-op id="308" type="mark" timems="1.712" contextid="304" timestamp="2019-08-03T02:39:52.136">
  <trace-info objectcount="72331" scancount="60417" scanbytes="2071016" />
  <finalization candidates="80" enqueued="0" />
  <ownableSynchronizers candidates="21" cleared="0" />
  <references type="soft" candidates="1383" cleared="0" enqueued="0" dynamicThreshold="16" maxThreshold="32" />
  <references type="weak" candidates="4520" cleared="7" enqueued="7" />
  <references type="phantom" candidates="105" cleared="5" enqueued="5" />
  <stringconstants candidates="8676" cleared="12"  />
</gc-op>
<gc-op id="309" type="sweep" timems="0.135" contextid="304" timestamp="2019-08-03T02:39:52.136" />
<mem-info id="310" free="4160752" total="8388608" percent="49">
  <mem type="tenure" free="4160752" total="8388608" percent="49" micro-fragmented="3329" macro-fragmented="0">
    <mem type="soa" free="4077808" total="8305664" percent="49" />
    <mem type="loa" free="82944" total="82944" percent="100" />
  </mem>
  <pending-finalizers system="0" default="0" reference="12" classloader="0" />
</mem-info>
<gc-op id="311" type="compact" timems="14.065" contextid="304" timestamp="2019-08-03T02:39:52.150">
  <compact-info movecount="52501" movebytes="3307688" reason="no compaction" />
</gc-op>
<gc-end id="312" type="global" contextid="304" durationms="16.683" usertimems="24.000" systemtimems="0.000" timestamp="2019-08-03T02:39:52.151" activeThreads="8">
  <mem-info id="313" free="4118192" total="8388608" percent="49">
    <mem type="tenure" free="4118192" total="8388608" percent="49">
      <mem type="soa" free="4035248" total="8305664" percent="48" />
      <mem type="loa" free="82944" total="82944" percent="100" />
    </mem>
    <pending-finalizers system="0" default="0" reference="12" classloader="0" />
  </mem-info>
</gc-end>
<cycle-end id="314" type="global" contextid="304" timestamp="2019-08-03T02:39:52.151" />
  <attribute name="elasticGC enabled" value="1" />
  <attribute name= "numThreadsSpecified" value="1" />
  <attribute name="heapSize specified" value="8388608" />
  <attribute name= "numCores" value="8" />
  <attribute name ="GC Interval" value="0" />
  <attribute name ="Control flow" value="2" />
  <attribute name="GC Util Range Max" value="98" />
  <attribute name="Current GC Util" value="27" />
  <attribute name= "Current Time Running" value="4474" />
<allocation-satisfied id="315" threadId="00000000021E1A00" bytesRequested="24" />
<af-end id="316" timestamp="2019-08-03T02:39:52.151" threadId="00000000021E2388" success="true" />
<exclusive-end id="317" timestamp="2019-08-03T02:39:52.151" durationms="17.503" />

<exclusive-start id="318" timestamp="2019-08-03T02:39:52.235" intervalms="101.438">
  <response-info timems="0.091" idlems="0.091" threads="0" lastid="00000000021E1A00" lastname="main" />
</exclusive-start>
<af-start id="319" threadId="00000000021E2388" totalBytesRequested="24" timestamp="2019-08-03T02:39:52.235" intervalms="101.421" />
<cycle-start id="320" type="global" contextid="0" timestamp="2019-08-03T02:39:52.235" intervalms="101.377" />
<gc-start id="321" type="global" contextid="320" timestamp="2019-08-03T02:39:52.235">
  <mem-info id="322" free="82944" total="8388608" percent="0">
    <mem type="tenure" free="82944" total="8388608" percent="0">
      <mem type="soa" free="0" total="8305664" percent="0" />
      <mem type="loa" free="82944" total="82944" percent="100" />
    </mem>
  </mem-info>
</gc-start>
<allocation-stats totalBytes="4100464" >
  <allocated-bytes non-tlh="0" tlh="4100464" />
  <largest-consumer threadName="main" threadId="00000000021E1A00" bytes="4096368" />
</allocation-stats>
<gc-op id="323" type="mark" timems="1.855" contextid="320" timestamp="2019-08-03T02:39:52.237">
  <trace-info objectcount="72309" scancount="60392" scanbytes="2070384" />
  <finalization candidates="80" enqueued="0" />
  <ownableSynchronizers candidates="21" cleared="0" />
  <references type="soft" candidates="1383" cleared="0" enqueued="0" dynamicThreshold="15" maxThreshold="32" />
  <references type="weak" candidates="4512" cleared="0" enqueued="0" />
  <references type="phantom" candidates="100" cleared="0" enqueued="0" />
  <stringconstants candidates="8664" cleared="0"  />
</gc-op>
<gc-op id="324" type="sweep" timems="0.207" contextid="320" timestamp="2019-08-03T02:39:52.238" />
<gc-end id="325" type="global" contextid="320" durationms="2.807" usertimems="8.000" systemtimems="0.000" timestamp="2019-08-03T02:39:52.238" activeThreads="8">
  <mem-info id="326" free="4118024" total="8388608" percent="49">
    <mem type="tenure" free="4118024" total="8388608" percent="49" micro-fragmented="0" macro-fragmented="0">
      <mem type="soa" free="4035080" total="8305664" percent="48" />
      <mem type="loa" free="82944" total="82944" percent="100" />
    </mem>
  </mem-info>
</gc-end>
<cycle-end id="327" type="global" contextid="320" timestamp="2019-08-03T02:39:52.238" />
  <attribute name="elasticGC enabled" value="1" />
  <attribute name= "numThreadsSpecified" value="1" />
  <attribute name="heapSize specified" value="8388608" />
  <attribute name= "numCores" value="8" />
  <attribute name ="GC Interval" value="0" />
  <attribute name ="Control flow" value="2" />
  <attribute name="GC Util Range Max" value="98" />
  <attribute name="Current GC Util" value="43" />
  <attribute name= "Current Time Running" value="4561" />
<allocation-satisfied id="328" threadId="00000000021E1A00" bytesRequested="24" />
<af-end id="329" timestamp="2019-08-03T02:39:52.238" threadId="00000000021E2388" success="true" />
<exclusive-end id="330" timestamp="2019-08-03T02:39:52.238" durationms="3.266" />

<exclusive-start id="331" timestamp="2019-08-03T02:39:52.320" intervalms="85.224">
  <response-info timems="0.099" idlems="0.099" threads="0" lastid="00000000021E1A00" lastname="main" />
</exclusive-start>
<af-start id="332" threadId="00000000021E2388" totalBytesRequested="24" timestamp="2019-08-03T02:39:52.320" intervalms="85.217" />
<cycle-start id="333" type="global" contextid="0" timestamp="2019-08-03T02:39:52.320" intervalms="85.257" />
<gc-start id="334" type="global" contextid="333" timestamp="2019-08-03T02:39:52.321">
  <mem-info id="335" free="82944" total="8388608" percent="0">
    <mem type="tenure" free="82944" total="8388608" percent="0">
      <mem type="soa" free="0" total="8305664" percent="0" />
      <mem type="loa" free="82944" total="82944" percent="100" />
    </mem>
  </mem-info>
</gc-start>
<allocation-stats totalBytes="4100304" >
  <allocated-bytes non-tlh="0" tlh="4100304" />
  <largest-consumer threadName="main" threadId="00000000021E1A00" bytes="4100304" />
</allocation-stats>
<gc-op id="336" type="mark" timems="1.725" contextid="333" timestamp="2019-08-03T02:39:52.322">
  <trace-info objectcount="72309" scancount="60391" scanbytes="2070384" />
  <finalization candidates="80" enqueued="0" />
  <ownableSynchronizers candidates="21" cleared="0" />
  <references type="soft" candidates="1383" cleared="0" enqueued="0" dynamicThreshold="15" maxThreshold="32" />
  <references type="weak" candidates="4512" cleared="0" enqueued="0" />
  <references type="phantom" candidates="100" cleared="0" enqueued="0" />
  <stringconstants candidates="8664" cleared="0"  />
</gc-op>
<gc-op id="337" type="sweep" timems="0.122" contextid="333" timestamp="2019-08-03T02:39:52.323" />
<mem-info id="338" free="4183424" total="8388608" percent="49">
  <mem type="tenure" free="4183424" total="8388608" percent="49" micro-fragmented="0" macro-fragmented="0">
    <mem type="soa" free="4100480" total="8305664" percent="49" />
    <mem type="loa" free="82944" total="82944" percent="100" />
  </mem>
</mem-info>
<gc-op id="339" type="compact" timems="14.418" contextid="333" timestamp="2019-08-03T02:39:52.337">
  <compact-info movecount="51789" movebytes="3280296" reason="no compaction" />
</gc-op>
<gc-end id="340" type="global" contextid="333" durationms="16.935" usertimems="24.000" systemtimems="0.000" timestamp="2019-08-03T02:39:52.338" activeThreads="8">
  <mem-info id="341" free="4118936" total="8388608" percent="49">
    <mem type="tenure" free="4118936" total="8388608" percent="49">
      <mem type="soa" free="4035992" total="8305664" percent="48" />
      <mem type="loa" free="82944" total="82944" percent="100" />
    </mem>
  </mem-info>
</gc-end>
<cycle-end id="342" type="global" contextid="333" timestamp="2019-08-03T02:39:52.338" />
  <attribute name="elasticGC enabled" value="1" />
  <attribute name= "numThreadsSpecified" value="1" />
  <attribute name="heapSize specified" value="8388608" />
  <attribute name= "numCores" value="8" />
  <attribute name ="GC Interval" value="0" />
  <attribute name ="Control flow" value="3" />
  <attribute name="GC Util Range Max" value="98" />
  <attribute name="Current GC Util" value="26" />
  <attribute name= "Current Time Running" value="4661" />
<allocation-satisfied id="343" threadId="00000000021E1A00" bytesRequested="24" />
<af-end id="344" timestamp="2019-08-03T02:39:52.338" threadId="00000000021E2388" success="true" />
<exclusive-end id="345" timestamp="2019-08-03T02:39:52.338" durationms="17.496" />

<exclusive-start id="346" timestamp="2019-08-03T02:39:52.420" intervalms="99.624">
  <response-info timems="0.069" idlems="0.069" threads="0" lastid="00000000021E1A00" lastname="main" />
</exclusive-start>
<af-start id="347" threadId="00000000021E2388" totalBytesRequested="32784" timestamp="2019-08-03T02:39:52.420" intervalms="99.576" />
<cycle-start id="348" type="global" contextid="0" timestamp="2019-08-03T02:39:52.420" intervalms="99.567" />
<gc-start id="349" type="global" contextid="348" timestamp="2019-08-03T02:39:52.420">
  <mem-info id="350" free="82944" total="8388608" percent="0">
    <mem type="tenure" free="82944" total="8388608" percent="0">
      <mem type="soa" free="0" total="8305664" percent="0" />
      <mem type="loa" free="82944" total="82944" percent="100" />
    </mem>
  </mem-info>
</gc-start>
<allocation-stats totalBytes="4095448" >
  <allocated-bytes non-tlh="0" tlh="4095448" />
  <largest-consumer threadName="main" threadId="00000000021E1A00" bytes="4095448" />
</allocation-stats>
<gc-op id="351" type="mark" timems="1.564" contextid="348" timestamp="2019-08-03T02:39:52.422">
  <trace-info objectcount="72313" scancount="60390" scanbytes="2070448" />
  <finalization candidates="80" enqueued="0" />
  <ownableSynchronizers candidates="21" cleared="0" />
  <references type="soft" candidates="1383" cleared="0" enqueued="0" dynamicThreshold="15" maxThreshold="32" />
  <references type="weak" candidates="4512" cleared="0" enqueued="0" />
  <references type="phantom" candidates="100" cleared="0" enqueued="0" />
  <stringconstants candidates="8664" cleared="0"  />
</gc-op>
<gc-op id="352" type="sweep" timems="0.192" contextid="348" timestamp="2019-08-03T02:39:52.422" />
<gc-end id="353" type="global" contextid="348" durationms="3.450" usertimems="8.000" systemtimems="0.000" timestamp="2019-08-03T02:39:52.424" activeThreads="1">
  <mem-info id="354" free="4118800" total="8388608" percent="49">
    <mem type="tenure" free="4118800" total="8388608" percent="49" micro-fragmented="0" macro-fragmented="0">
      <mem type="soa" free="4035856" total="8305664" percent="48" />
      <mem type="loa" free="82944" total="82944" percent="100" />
    </mem>
  </mem-info>
</gc-end>
<cycle-end id="355" type="global" contextid="348" timestamp="2019-08-03T02:39:52.424" />
  <attribute name="elasticGC enabled" value="1" />
  <attribute name= "numThreadsSpecified" value="1" />
  <attribute name="heapSize specified" value="8388608" />
  <attribute name= "numCores" value="8" />
  <attribute name ="GC Interval" value="0" />
  <attribute name ="Control flow" value="1" />
  <attribute name="GC Util Range Max" value="98" />
  <attribute name="Current GC Util" value="47" />
  <attribute name= "Current Time Running" value="4746" />
<allocation-satisfied id="356" threadId="00000000021E1A00" bytesRequested="32784" />
<af-end id="357" timestamp="2019-08-03T02:39:52.424" threadId="00000000021E2388" success="true" />
<exclusive-end id="358" timestamp="2019-08-03T02:39:52.424" durationms="3.936" />

<exclusive-start id="359" timestamp="2019-08-03T02:39:52.505" intervalms="85.433">
  <response-info timems="0.078" idlems="0.078" threads="0" lastid="00000000021E1A00" lastname="main" />
</exclusive-start>
<af-start id="360" threadId="00000000021E2388" totalBytesRequested="32784" timestamp="2019-08-03T02:39:52.505" intervalms="85.485" />
<cycle-start id="361" type="global" contextid="0" timestamp="2019-08-03T02:39:52.507" intervalms="87.208" />
<gc-start id="362" type="global" contextid="361" timestamp="2019-08-03T02:39:52.507">
  <mem-info id="363" free="82944" total="8388608" percent="0">
    <mem type="tenure" free="82944" total="8388608" percent="0">
      <mem type="soa" free="0" total="8305664" percent="0" />
      <mem type="loa" free="82944" total="82944" percent="100" />
    </mem>
  </mem-info>
</gc-start>
<allocation-stats totalBytes="4086424" >
  <allocated-bytes non-tlh="0" tlh="4086424" />
  <largest-consumer threadName="main" threadId="00000000021E1A00" bytes="4086424" />
</allocation-stats>
<gc-op id="364" type="mark" timems="2.360" contextid="361" timestamp="2019-08-03T02:39:52.510">
  <trace-info objectcount="72316" scancount="60401" scanbytes="2103288" />
  <finalization candidates="80" enqueued="0" />
  <ownableSynchronizers candidates="21" cleared="0" />
  <references type="soft" candidates="1383" cleared="0" enqueued="0" dynamicThreshold="15" maxThreshold="32" />
  <references type="weak" candidates="4512" cleared="0" enqueued="0" />
  <references type="phantom" candidates="100" cleared="0" enqueued="0" />
  <stringconstants candidates="8664" cleared="0"  />
</gc-op>
<gc-op id="365" type="sweep" timems="0.273" contextid="361" timestamp="2019-08-03T02:39:52.510" />
<gc-end id="366" type="global" contextid="361" durationms="3.507" usertimems="4.000" systemtimems="0.000" timestamp="2019-08-03T02:39:52.511" activeThreads="8">
  <mem-info id="367" free="4085976" total="8388608" percent="48">
    <mem type="tenure" free="4085976" total="8388608" percent="48" micro-fragmented="0" macro-fragmented="0">
      <mem type="soa" free="4003032" total="8305664" percent="48" />
      <mem type="loa" free="82944" total="82944" percent="100" />
    </mem>
  </mem-info>
</gc-end>
<cycle-end id="368" type="global" contextid="361" timestamp="2019-08-03T02:39:52.511" />
  <attribute name="elasticGC enabled" value="1" />
  <attribute name= "numThreadsSpecified" value="2" />
  <attribute name="heapSize specified" value="8388608" />
  <attribute name= "numCores" value="8" />
  <attribute name ="GC Interval" value="0" />
  <attribute name ="Control flow" value="2" />
  <attribute name="GC Util Range Max" value="98" />
  <attribute name="Current GC Util" value="46" />
  <attribute name= "Current Time Running" value="4834" />
<allocation-satisfied id="369" threadId="00000000021E1A00" bytesRequested="32784" />
<af-end id="370" timestamp="2019-08-03T02:39:52.511" threadId="00000000021E2388" success="true" />
<exclusive-end id="371" timestamp="2019-08-03T02:39:52.511" durationms="5.742" />

<exclusive-start id="372" timestamp="2019-08-03T02:39:52.592" intervalms="87.073">
  <response-info timems="0.143" idlems="0.143" threads="0" lastid="00000000021E1A00" lastname="main" />
</exclusive-start>
<af-start id="373" threadId="00000000021E2388" totalBytesRequested="32784" timestamp="2019-08-03T02:39:52.593" intervalms="87.062" />
<cycle-start id="374" type="global" contextid="0" timestamp="2019-08-03T02:39:52.593" intervalms="85.348" />
<gc-start id="375" type="global" contextid="374" timestamp="2019-08-03T02:39:52.593">
  <mem-info id="376" free="82944" total="8388608" percent="0">
    <mem type="tenure" free="82944" total="8388608" percent="0">
      <mem type="soa" free="0" total="8305664" percent="0" />
      <mem type="loa" free="82944" total="82944" percent="100" />
    </mem>
  </mem-info>
</gc-start>
<allocation-stats totalBytes="4020680" >
  <allocated-bytes non-tlh="32784" tlh="3987896" />
  <largest-consumer threadName="main" threadId="00000000021E1A00" bytes="4020680" />
</allocation-stats>
<gc-op id="377" type="mark" timems="1.626" contextid="374" timestamp="2019-08-03T02:39:52.595">
  <trace-info objectcount="72313" scancount="60419" scanbytes="2070448" />
  <finalization candidates="80" enqueued="0" />
  <ownableSynchronizers candidates="21" cleared="0" />
  <references type="soft" candidates="1383" cleared="0" enqueued="0" dynamicThreshold="15" maxThreshold="32" />
  <references type="weak" candidates="4512" cleared="0" enqueued="0" />
  <references type="phantom" candidates="100" cleared="0" enqueued="0" />
  <stringconstants candidates="8664" cleared="0"  />
</gc-op>
<gc-op id="378" type="sweep" timems="0.120" contextid="374" timestamp="2019-08-03T02:39:52.595" />
<gc-end id="379" type="global" contextid="374" durationms="2.536" usertimems="4.000" systemtimems="0.000" timestamp="2019-08-03T02:39:52.595" activeThreads="8">
  <mem-info id="380" free="4118832" total="8388608" percent="49">
    <mem type="tenure" free="4118832" total="8388608" percent="49" micro-fragmented="0" macro-fragmented="0">
      <mem type="soa" free="4035888" total="8305664" percent="48" />
      <mem type="loa" free="82944" total="82944" percent="100" />
    </mem>
  </mem-info>
</gc-end>
<cycle-end id="381" type="global" contextid="374" timestamp="2019-08-03T02:39:52.595" />
  <attribute name="elasticGC enabled" value="1" />
  <attribute name= "numThreadsSpecified" value="1" />
  <attribute name="heapSize specified" value="8388608" />
  <attribute name= "numCores" value="8" />
  <attribute name ="GC Interval" value="0" />
  <attribute name ="Control flow" value="2" />
  <attribute name="GC Util Range Max" value="98" />
  <attribute name="Current GC Util" value="0" />
  <attribute name= "Current Time Running" value="4918" />
<allocation-satisfied id="382" threadId="00000000021E1A00" bytesRequested="32784" />
<af-end id="383" timestamp="2019-08-03T02:39:52.595" threadId="00000000021E2388" success="true" />
<exclusive-end id="384" timestamp="2019-08-03T02:39:52.595" durationms="3.019" />

<exclusive-start id="385" timestamp="2019-08-03T02:39:52.674" intervalms="81.121">
  <response-info timems="0.097" idlems="0.097" threads="0" lastid="00000000021E1A00" lastname="main" />
</exclusive-start>
<af-start id="386" threadId="00000000021E2388" totalBytesRequested="32784" timestamp="2019-08-03T02:39:52.674" intervalms="81.168" />
<cycle-start id="387" type="global" contextid="0" timestamp="2019-08-03T02:39:52.674" intervalms="81.214" />
<gc-start id="388" type="global" contextid="387" timestamp="2019-08-03T02:39:52.674">
  <mem-info id="389" free="82944" total="8388608" percent="0">
    <mem type="tenure" free="82944" total="8388608" percent="0">
      <mem type="soa" free="0" total="8305664" percent="0" />
      <mem type="loa" free="82944" total="82944" percent="100" />
    </mem>
  </mem-info>
</gc-start>
<allocation-stats totalBytes="4086424" >
  <allocated-bytes non-tlh="0" tlh="4086424" />
  <largest-consumer threadName="main" threadId="00000000021E1A00" bytes="4086424" />
</allocation-stats>
<gc-op id="390" type="mark" timems="1.788" contextid="387" timestamp="2019-08-03T02:39:52.676">
  <trace-info objectcount="72316" scancount="60402" scanbytes="2103288" />
  <finalization candidates="80" enqueued="0" />
  <ownableSynchronizers candidates="21" cleared="0" />
  <references type="soft" candidates="1383" cleared="0" enqueued="0" dynamicThreshold="15" maxThreshold="32" />
  <references type="weak" candidates="4512" cleared="0" enqueued="0" />
  <references type="phantom" candidates="100" cleared="0" enqueued="0" />
  <stringconstants candidates="8664" cleared="0"  />
</gc-op>
<gc-op id="391" type="sweep" timems="0.164" contextid="387" timestamp="2019-08-03T02:39:52.676" />
<mem-info id="392" free="4151512" total="8388608" percent="49">
  <mem type="tenure" free="4151512" total="8388608" percent="49" micro-fragmented="0" macro-fragmented="0">
    <mem type="soa" free="4068568" total="8305664" percent="48" />
    <mem type="loa" free="82944" total="82944" percent="100" />
  </mem>
</mem-info>
<gc-op id="393" type="compact" timems="3.606" contextid="387" timestamp="2019-08-03T02:39:52.680">
  <compact-info movecount="16" movebytes="65896" reason="no compaction" />
</gc-op>
<gc-end id="394" type="global" contextid="387" durationms="6.336" usertimems="8.000" systemtimems="0.000" timestamp="2019-08-03T02:39:52.680" activeThreads="8">
  <mem-info id="395" free="4086024" total="8388608" percent="48">
    <mem type="tenure" free="4086024" total="8388608" percent="48">
      <mem type="soa" free="4003080" total="8305664" percent="48" />
      <mem type="loa" free="82944" total="82944" percent="100" />
    </mem>
  </mem-info>
</gc-end>
<cycle-end id="396" type="global" contextid="387" timestamp="2019-08-03T02:39:52.680" />
  <attribute name="elasticGC enabled" value="1" />
  <attribute name= "numThreadsSpecified" value="1" />
  <attribute name="heapSize specified" value="8388608" />
  <attribute name= "numCores" value="8" />
  <attribute name ="GC Interval" value="0" />
  <attribute name ="Control flow" value="1" />
  <attribute name="GC Util Range Max" value="98" />
  <attribute name="Current GC Util" value="51" />
  <attribute name= "Current Time Running" value="5004" />
<allocation-satisfied id="397" threadId="00000000021E1A00" bytesRequested="32784" />
<af-end id="398" timestamp="2019-08-03T02:39:52.681" threadId="00000000021E2388" success="true" />
<exclusive-end id="399" timestamp="2019-08-03T02:39:52.681" durationms="7.171" />

<exclusive-start id="400" timestamp="2019-08-03T02:39:52.713" intervalms="39.385">
  <response-info timems="0.087" idlems="0.087" threads="0" lastid="00000000021E1A00" lastname="main" />
</exclusive-start>
<af-start id="401" threadId="00000000021E2388" totalBytesRequested="32784" timestamp="2019-08-03T02:39:52.713" intervalms="39.352" />
<cycle-start id="402" type="global" contextid="0" timestamp="2019-08-03T02:39:52.713" intervalms="39.336" />
<gc-start id="403" type="global" contextid="402" timestamp="2019-08-03T02:39:52.713">
  <mem-info id="404" free="82944" total="8388608" percent="0">
    <mem type="tenure" free="82944" total="8388608" percent="0">
      <mem type="soa" free="0" total="8305664" percent="0" />
      <mem type="loa" free="82944" total="82944" percent="100" />
    </mem>
  </mem-info>
</gc-start>
<allocation-stats totalBytes="4053552" >
  <allocated-bytes non-tlh="0" tlh="4053552" />
  <largest-consumer threadName="main" threadId="00000000021E1A00" bytes="4053552" />
</allocation-stats>
<gc-op id="405" type="mark" timems="3.894" contextid="402" timestamp="2019-08-03T02:39:52.717">
  <trace-info objectcount="72317" scancount="60400" scanbytes="2103300" />
  <finalization candidates="80" enqueued="0" />
  <ownableSynchronizers candidates="21" cleared="0" />
  <references type="soft" candidates="1383" cleared="0" enqueued="0" dynamicThreshold="15" maxThreshold="32" />
  <references type="weak" candidates="4512" cleared="0" enqueued="0" />
  <references type="phantom" candidates="100" cleared="0" enqueued="0" />
  <stringconstants candidates="8664" cleared="0"  />
</gc-op>
<gc-op id="406" type="sweep" timems="0.194" contextid="402" timestamp="2019-08-03T02:39:52.718" />
<gc-end id="407" type="global" contextid="402" durationms="4.846" usertimems="8.000" systemtimems="0.000" timestamp="2019-08-03T02:39:52.718" activeThreads="8">
  <mem-info id="408" free="4085976" total="8388608" percent="48">
    <mem type="tenure" free="4085976" total="8388608" percent="48" micro-fragmented="0" macro-fragmented="0">
      <mem type="soa" free="4003032" total="8305664" percent="48" />
      <mem type="loa" free="82944" total="82944" percent="100" />
    </mem>
  </mem-info>
</gc-end>
<cycle-end id="409" type="global" contextid="402" timestamp="2019-08-03T02:39:52.718" />
  <attribute name="elasticGC enabled" value="1" />
  <attribute name= "numThreadsSpecified" value="2" />
  <attribute name="heapSize specified" value="8388608" />
  <attribute name= "numCores" value="8" />
  <attribute name ="GC Interval" value="0" />
  <attribute name ="Control flow" value="2" />
  <attribute name="GC Util Range Max" value="98" />
  <attribute name="Current GC Util" value="14" />
  <attribute name= "Current Time Running" value="5041" />
<allocation-satisfied id="410" threadId="00000000021E1A00" bytesRequested="32784" />
<af-end id="411" timestamp="2019-08-03T02:39:52.718" threadId="00000000021E2388" success="true" />
<exclusive-end id="412" timestamp="2019-08-03T02:39:52.718" durationms="5.503" />

<exclusive-start id="413" timestamp="2019-08-03T02:39:53.235" intervalms="522.541">
  <response-info timems="0.031" idlems="0.031" threads="0" lastid="00000000021E1A00" lastname="main" />
</exclusive-start>
<af-start id="414" threadId="00000000021E2388" totalBytesRequested="56" timestamp="2019-08-03T02:39:53.236" intervalms="522.501" />
<cycle-start id="415" type="global" contextid="0" timestamp="2019-08-03T02:39:53.236" intervalms="522.427" />
<gc-start id="416" type="global" contextid="415" timestamp="2019-08-03T02:39:53.236">
  <mem-info id="417" free="82944" total="8388608" percent="0">
    <mem type="tenure" free="82944" total="8388608" percent="0">
      <mem type="soa" free="0" total="8305664" percent="0" />
      <mem type="loa" free="82944" total="82944" percent="100" />
    </mem>
  </mem-info>
</gc-start>
<allocation-stats totalBytes="4067688" >
  <allocated-bytes non-tlh="35544" tlh="4032144" />
  <largest-consumer threadName="main" threadId="00000000021E1A00" bytes="4067688" />
</allocation-stats>
<gc-op id="418" type="mark" timems="1.783" contextid="415" timestamp="2019-08-03T02:39:53.238">
  <trace-info objectcount="77057" scancount="63637" scanbytes="2116788" />
  <finalization candidates="80" enqueued="0" />
  <ownableSynchronizers candidates="21" cleared="0" />
  <references type="soft" candidates="1386" cleared="0" enqueued="0" dynamicThreshold="15" maxThreshold="32" />
  <references type="weak" candidates="4539" cleared="19" enqueued="19" />
  <references type="phantom" candidates="102" cleared="2" enqueued="2" />
  <stringconstants candidates="9070" cleared="0"  />
</gc-op>
<gc-op id="419" type="sweep" timems="0.142" contextid="415" timestamp="2019-08-03T02:39:53.238" />
<mem-info id="420" free="3837352" total="8388608" percent="45">
  <mem type="tenure" free="3837352" total="8388608" percent="45" micro-fragmented="167468" macro-fragmented="0">
    <mem type="soa" free="3754408" total="8305664" percent="45" />
    <mem type="loa" free="82944" total="82944" percent="100" />
  </mem>
  <pending-finalizers system="0" default="0" reference="21" classloader="0" />
</mem-info>
<gc-op id="421" type="compact" timems="15.164" contextid="415" timestamp="2019-08-03T02:39:53.253">
  <compact-info movecount="63111" movebytes="3765656" reason="no compaction" />
</gc-op>
<gc-end id="422" type="global" contextid="415" durationms="17.632" usertimems="24.000" systemtimems="0.000" timestamp="2019-08-03T02:39:53.253" activeThreads="1">
  <mem-info id="423" free="3957424" total="8388608" percent="47">
    <mem type="tenure" free="3957424" total="8388608" percent="47">
      <mem type="soa" free="3874480" total="8305664" percent="46" />
      <mem type="loa" free="82944" total="82944" percent="100" />
    </mem>
    <pending-finalizers system="0" default="0" reference="21" classloader="0" />
  </mem-info>
</gc-end>
<cycle-end id="424" type="global" contextid="415" timestamp="2019-08-03T02:39:53.253" />
  <attribute name="elasticGC enabled" value="1" />
  <attribute name= "numThreadsSpecified" value="1" />
  <attribute name="heapSize specified" value="8388608" />
  <attribute name= "numCores" value="8" />
  <attribute name ="GC Interval" value="0" />
  <attribute name ="Control flow" value="1" />
  <attribute name="GC Util Range Max" value="98" />
  <attribute name="Current GC Util" value="27" />
  <attribute name= "Current Time Running" value="5577" />
<allocation-satisfied id="425" threadId="00000000021E1A00" bytesRequested="56" />
<af-end id="426" timestamp="2019-08-03T02:39:53.254" threadId="00000000021E2388" success="true" />
<exclusive-end id="427" timestamp="2019-08-03T02:39:53.254" durationms="18.339" />

</verbosegc>

