<?xml version="1.0" ?>

<verbosegc xmlns="http://www.ibm.com/j9/verbosegc" version="10b4217_CMPRSS">

<initialized id="1" timestamp="2019-06-15T22:24:27.215">
  <attribute name="gcPolicy" value="-Xgcpolicy:gencon" />
  <attribute name="elasticGC enabled" value="1" />
  <attribute name= "numThreadsSpecified" value="0" />
  <attribute name="heapSize specified" value="0" />
  <attribute name="Current GC Util" value="0" />
  <attribute name= "Current Time Running" value="0" />
  <attribute name ="GC Interval" value="0" />
  <attribute name="ProportionalT" value="0.000000" />
  <attribute name="ProportionalI" value="0.000000" />
  <attribute name="ProportionalH" value="0.000000" />
  <attribute name="IntegralT" value="0.000000" />
  <attribute name="IntegralI" value="0.000000" />
  <attribute name="IntegralH" value="0.000000" />
  <attribute name="DerivativeT" value="0.000000" />
  <attribute name="DerivativeI" value="0.000000" />
  <attribute name="DerivativeH" value="0.000000" />
  <attribute name="Target GC Util Change" value ="0.000000" />
  <attribute name="Current GC Util Change" value="0.000000"/>
  <attribute name="Current Error" value="0.000000" />
  <attribute name="Loop Time for DT" value="0.000000" />
  <attribute name="Output H" value="0"/>
  <attribute name="Output I" value="0"/>
  <attribute name="Output T" value="0"/>
  <attribute name="GC Util currently" value="0" />
  <attribute name="CPU Util currently" value="0" />
  <attribute name="maxHeapSize" value="0x7cbc0000" />
  <attribute name="initialHeapSize" value="0x800000" />
  <attribute name="compressedRefs" value="true" />
  <attribute name="compressedRefsDisplacement" value="0x0" />
  <attribute name="compressedRefsShift" value="0x0" />
  <attribute name="pageSize" value="0x1000" />
  <attribute name="pageType" value="not used" />
  <attribute name="requestedPageSize" value="0x1000" />
  <attribute name="requestedPageType" value="not used" />
  <attribute name="gcthreads" value="4" />
  <attribute name="gcthreads Concurrent Mark" value="1" />
  <attribute name="packetListSplit" value="4" />
  <attribute name="cacheListSplit" value="4" />
  <attribute name="splitFreeListSplitAmount" value="1" />
  <attribute name="numaNodes" value="0" />
  <system>
    <attribute name="physicalMemory" value="8370958336" />
    <attribute name="numCPUs" value="4" />
    <attribute name="architecture" value="amd64" />
    <attribute name="os" value="Linux" />
    <attribute name="osVersion" value="4.4.0-150-generic" />
  </system>
  <vmargs>
    <vmarg name="-Xoptionsfile=/vagrant/jdk/lib/options.default" />
    <vmarg name="-Xlockword:mode=default,noLockword=java/lang/String,noLockword=java/util/MapEntry,noLockword=java/util/HashMap$Entry,noLockword..." />
    <vmarg name="-Xjcl:jclse29" />
    <vmarg name="-Dcom.ibm.oti.vm.bootstrap.library.path=/vagrant/jdk/lib/compressedrefs:/vagrant/jdk/lib" />
    <vmarg name="-Dsun.boot.library.path=/vagrant/jdk/lib/compressedrefs:/vagrant/jdk/lib" />
    <vmarg name="-Djava.library.path=/vagrant/jdk/lib/compressedrefs:/vagrant/jdk/lib:/usr/lib64:/usr/lib" />
    <vmarg name="-Djava.home=/vagrant/jdk" />
    <vmarg name="-Duser.dir=/vagrant" />
    <vmarg name="-Xgcpolicy:gencon" />
    <vmarg name="-Xgcelastic" />
    <vmarg name="-Xcheck:gc:::elasticGC" />
    <vmarg name="-verbose:gc" />
    <vmarg name="-Xloggc:jdk1.5-1-1-small-GEN-4CORE-elasticverbose11jython.txt" />
    <vmarg name="-Djava.class.path=dacapo-9.12-MR1-bach.jar" />
    <vmarg name="-Dsun.java.command=dacapo-9.12-MR1-bach.jar jython --size=small" />
    <vmarg name="-Dsun.java.launcher=SUN_STANDARD" />
    <vmarg name="-Dsun.java.launcher.pid=4948" />
  </vmargs>
</initialized>

<exclusive-start id="2" timestamp="2019-06-15T22:24:27.412" intervalms="197.051">
  <response-info timems="0.020" idlems="0.020" threads="0" lastid="0000000001849700" lastname="main" />
</exclusive-start>
<af-start id="3" threadId="000000000184A088" totalBytesRequested="1032" timestamp="2019-06-15T22:24:27.412" intervalms="197.370" type="nursery" />
<cycle-start id="4" type="scavenge" contextid="0" timestamp="2019-06-15T22:24:27.412" intervalms="197.819" />
<gc-start id="5" type="scavenge" contextid="4" timestamp="2019-06-15T22:24:27.418">
  <mem-info id="6" free="6062536" total="8388608" percent="72">
    <mem type="nursery" free="0" total="2097152" percent="0">
      <mem type="allocate" free="0" total="1048576" percent="0" />
      <mem type="survivor" free="0" total="1048576" percent="0" />
    </mem>
    <mem type="tenure" free="6062536" total="6291456" percent="96">
      <mem type="soa" free="5748168" total="5977088" percent="96" />
      <mem type="loa" free="314368" total="314368" percent="100" />
    </mem>
    <remembered-set count="3162" />
  </mem-info>
</gc-start>
<allocation-stats totalBytes="1274024" >
  <allocated-bytes non-tlh="344872" tlh="929152" />
  <largest-consumer threadName="main" threadId="0000000001849700" bytes="1195520" />
</allocation-stats>
<gc-op id="7" type="scavenge" timems="2.071" contextid="4" timestamp="2019-06-15T22:24:27.420">
  <scavenger-info tenureage="2" tenuremask="fffc" tiltratio="50" />
  <memory-copied type="nursery" objects="10597" bytes="477160" bytesdiscarded="118384" />
  <finalization candidates="11" enqueued="0" />
  <references type="soft" candidates="63" cleared="0" enqueued="0" dynamicThreshold="32" maxThreshold="32" />
  <references type="weak" candidates="313" cleared="177" enqueued="141" />
  <references type="phantom" candidates="26" cleared="6" enqueued="6" />
</gc-op>
<gc-end id="8" type="scavenge" contextid="4" durationms="5.662" usertimems="8.000" systemtimems="0.000" timestamp="2019-06-15T22:24:27.423" activeThreads="4">
  <mem-info id="9" free="6513480" total="8388608" percent="77">
    <mem type="nursery" free="450944" total="2097152" percent="21">
      <mem type="allocate" free="450944" total="1048576" percent="43" />
      <mem type="survivor" free="0" total="1048576" percent="0" />
    </mem>
    <mem type="tenure" free="6062536" total="6291456" percent="96">
      <mem type="soa" free="5748168" total="5977088" percent="96" />
      <mem type="loa" free="314368" total="314368" percent="100" />
    </mem>
    <pending-finalizers system="0" default="0" reference="147" classloader="0" />
    <remembered-set count="3162" />
  </mem-info>
</gc-end>
<cycle-end id="10" type="scavenge" contextid="4" timestamp="2019-06-15T22:24:27.423" />
  <attribute name="elasticGC enabled" value="1" />
  <attribute name= "numThreadsSpecified" value="0" />
  <attribute name="heapSize specified" value="0" />
  <attribute name="Current GC Util" value="0" />
  <attribute name= "Current Time Running" value="77" />
  <attribute name ="GC Interval" value="1" />
  <attribute name="ProportionalT" value="0.000000" />
  <attribute name="ProportionalI" value="0.000000" />
  <attribute name="ProportionalH" value="0.000000" />
  <attribute name="Current Error" value="0.000000" />
  <attribute name="IntegralT" value="0.000000" />
  <attribute name="IntegralI" value="0.000000" />
  <attribute name="IntegralH" value="0.000000" />
  <attribute name="DerivativeT" value="0.000000" />
  <attribute name="DerivativeI" value="0.000000" />
  <attribute name="DerivativeH" value="0.000000" />
  <attribute name="Loop Time for DT" value="0.000000" />
  <attribute name="Output H" value="0"/>
  <attribute name="Output I" value="0"/>
  <attribute name="Output T" value="0"/>
  <attribute name="Target GC Util Change" value ="20.000000" />
  <attribute name="Current GC Util Change" value="0.000000"/>
  <attribute name="GC Util currently" value="0" />
  <attribute name="CPU Util currently" value="22" />
<allocation-satisfied id="11" threadId="0000000001849700" bytesRequested="1032" />
<af-end id="12" timestamp="2019-06-15T22:24:27.423" threadId="000000000184A088" success="true" from="nursery"/>
<exclusive-end id="13" timestamp="2019-06-15T22:24:27.423" durationms="11.873" />

<exclusive-start id="14" timestamp="2019-06-15T22:24:27.460" intervalms="47.925">
  <response-info timems="0.065" idlems="0.065" threads="0" lastid="0000000001849700" lastname="main" />
</exclusive-start>
<af-start id="15" threadId="000000000184A088" totalBytesRequested="7176" timestamp="2019-06-15T22:24:27.460" intervalms="47.767" type="nursery" />
<cycle-start id="16" type="scavenge" contextid="0" timestamp="2019-06-15T22:24:27.460" intervalms="47.471" />
<gc-start id="17" type="scavenge" contextid="16" timestamp="2019-06-15T22:24:27.464">
  <mem-info id="18" free="6054800" total="8388608" percent="72">
    <mem type="nursery" free="0" total="2097152" percent="0">
      <mem type="allocate" free="0" total="1048576" percent="0" />
      <mem type="survivor" free="0" total="1048576" percent="0" />
    </mem>
    <mem type="tenure" free="6054800" total="6291456" percent="96">
      <mem type="soa" free="5740432" total="5977088" percent="96" />
      <mem type="loa" free="314368" total="314368" percent="100" />
    </mem>
    <remembered-set count="3263" />
  </mem-info>
</gc-start>
<allocation-stats totalBytes="455824" >
  <allocated-bytes non-tlh="8768" tlh="447056" />
  <largest-consumer threadName="main" threadId="0000000001849700" bytes="443848" />
</allocation-stats>
<gc-op id="19" type="scavenge" timems="1.169" contextid="16" timestamp="2019-06-15T22:24:27.465">
  <scavenger-info tenureage="5" tenuremask="7fe0" tiltratio="50" />
  <memory-copied type="nursery" objects="10914" bytes="504664" bytesdiscarded="114160" />
  <finalization candidates="11" enqueued="0" />
  <references type="soft" candidates="63" cleared="0" enqueued="0" dynamicThreshold="32" maxThreshold="32" />
  <references type="weak" candidates="246" cleared="96" enqueued="93" />
  <references type="phantom" candidates="39" cleared="12" enqueued="12" />
</gc-op>
<gc-end id="20" type="scavenge" contextid="16" durationms="1.456" usertimems="4.000" systemtimems="0.000" timestamp="2019-06-15T22:24:27.465" activeThreads="4">
  <mem-info id="21" free="6483080" total="8388608" percent="77">
    <mem type="nursery" free="428280" total="2097152" percent="20">
      <mem type="allocate" free="428280" total="1048576" percent="40" />
      <mem type="survivor" free="0" total="1048576" percent="0" />
    </mem>
    <mem type="tenure" free="6054800" total="6291456" percent="96">
      <mem type="soa" free="5740432" total="5977088" percent="96" />
      <mem type="loa" free="314368" total="314368" percent="100" />
    </mem>
    <pending-finalizers system="0" default="0" reference="105" classloader="0" />
    <remembered-set count="3263" />
  </mem-info>
</gc-end>
<cycle-end id="22" type="scavenge" contextid="16" timestamp="2019-06-15T22:24:27.465" />
  <attribute name="elasticGC enabled" value="1" />
  <attribute name= "numThreadsSpecified" value="4" />
  <attribute name="heapSize specified" value="0" />
  <attribute name="Current GC Util" value="24" />
  <attribute name= "Current Time Running" value="124" />
  <attribute name ="GC Interval" value="200" />
  <attribute name="ProportionalT" value="6.000000" />
  <attribute name="ProportionalI" value="6.000000" />
  <attribute name="ProportionalH" value="6.000000" />
  <attribute name="Current Error" value="4.000000" />
  <attribute name="IntegralT" value="188.000000" />
  <attribute name="IntegralI" value="188.000000" />
  <attribute name="IntegralH" value="188.000000" />
  <attribute name="DerivativeT" value="0.085106" />
  <attribute name="DerivativeI" value="0.085106" />
  <attribute name="DerivativeH" value="0.085106" />
  <attribute name="Loop Time for DT" value="47.000000" />
  <attribute name="Output H" value="8388608"/>
  <attribute name="Output I" value="200"/>
  <attribute name="Output T" value="4"/>
  <attribute name="Target GC Util Change" value ="20.000000" />
  <attribute name="Current GC Util Change" value="24.000000"/>
  <attribute name="GC Util currently" value="24" />
  <attribute name="CPU Util currently" value="9" />
<allocation-satisfied id="23" threadId="0000000001849700" bytesRequested="7176" />
<af-end id="24" timestamp="2019-06-15T22:24:27.466" threadId="000000000184A088" success="true" from="nursery"/>
<exclusive-end id="25" timestamp="2019-06-15T22:24:27.466" durationms="6.090" />

<exclusive-start id="26" timestamp="2019-06-15T22:24:27.476" intervalms="16.490">
  <response-info timems="0.056" idlems="0.056" threads="0" lastid="0000000001849700" lastname="main" />
</exclusive-start>
<af-start id="27" threadId="000000000184A088" totalBytesRequested="20232" timestamp="2019-06-15T22:24:27.476" intervalms="16.425" type="nursery" />
<cycle-start id="28" type="scavenge" contextid="0" timestamp="2019-06-15T22:24:27.476" intervalms="16.353" />
<gc-start id="29" type="scavenge" contextid="28" timestamp="2019-06-15T22:24:27.476">
  <mem-info id="30" free="6052112" total="8388608" percent="72">
    <mem type="nursery" free="0" total="2097152" percent="0">
      <mem type="allocate" free="0" total="1048576" percent="0" />
      <mem type="survivor" free="0" total="1048576" percent="0" />
    </mem>
    <mem type="tenure" free="6052112" total="6291456" percent="96">
      <mem type="soa" free="5737744" total="5977088" percent="95" />
      <mem type="loa" free="314368" total="314368" percent="100" />
    </mem>
    <remembered-set count="3296" />
  </mem-info>
</gc-start>
<allocation-stats totalBytes="413944" >
  <allocated-bytes non-tlh="9864" tlh="404080" />
  <largest-consumer threadName="main" threadId="0000000001849700" bytes="405752" />
</allocation-stats>
<gc-op id="31" type="scavenge" timems="1.192" contextid="28" timestamp="2019-06-15T22:24:27.478">
  <scavenger-info tenureage="4" tenuremask="7ff0" tiltratio="50" />
  <memory-copied type="nursery" objects="10947" bytes="539832" bytesdiscarded="211368" />
  <finalization candidates="11" enqueued="0" />
  <references type="soft" candidates="63" cleared="0" enqueued="0" dynamicThreshold="32" maxThreshold="32" />
  <references type="weak" candidates="227" cleared="76" enqueued="76" />
  <references type="phantom" candidates="38" cleared="10" enqueued="10" />
</gc-op>
<gc-end id="32" type="scavenge" contextid="28" durationms="1.425" usertimems="4.000" systemtimems="0.000" timestamp="2019-06-15T22:24:27.478" activeThreads="4">
  <mem-info id="33" free="6348032" total="8388608" percent="75">
    <mem type="nursery" free="295920" total="2097152" percent="14">
      <mem type="allocate" free="295920" total="1048576" percent="28" />
      <mem type="survivor" free="0" total="1048576" percent="0" />
    </mem>
    <mem type="tenure" free="6052112" total="6291456" percent="96">
      <mem type="soa" free="5737744" total="5977088" percent="95" />
      <mem type="loa" free="314368" total="314368" percent="100" />
    </mem>
    <pending-finalizers system="0" default="0" reference="86" classloader="0" />
    <remembered-set count="1026" />
  </mem-info>
</gc-end>
<cycle-end id="34" type="scavenge" contextid="28" timestamp="2019-06-15T22:24:27.478" />
  <attribute name="elasticGC enabled" value="1" />
  <attribute name= "numThreadsSpecified" value="4" />
  <attribute name="heapSize specified" value="0" />
  <attribute name="Current GC Util" value="50" />
  <attribute name= "Current Time Running" value="136" />
  <attribute name ="GC Interval" value="600" />
  <attribute name="ProportionalT" value="45.000000" />
  <attribute name="ProportionalI" value="45.000000" />
  <attribute name="ProportionalH" value="45.000000" />
  <attribute name="Current Error" value="30.000000" />
  <attribute name="IntegralT" value="548.000000" />
  <attribute name="IntegralI" value="548.000000" />
  <attribute name="IntegralH" value="548.000000" />
  <attribute name="DerivativeT" value="2.166667" />
  <attribute name="DerivativeI" value="2.166667" />
  <attribute name="DerivativeH" value="2.166667" />
  <attribute name="Loop Time for DT" value="12.000000" />
  <attribute name="Output H" value="8388608"/>
  <attribute name="Output I" value="600"/>
  <attribute name="Output T" value="4"/>
  <attribute name="Target GC Util Change" value ="20.000000" />
  <attribute name="Current GC Util Change" value="50.000000"/>
  <attribute name="GC Util currently" value="50" />
  <attribute name="CPU Util currently" value="4" />
<allocation-satisfied id="35" threadId="0000000001849700" bytesRequested="20232" />
<af-end id="36" timestamp="2019-06-15T22:24:27.478" threadId="000000000184A088" success="true" from="nursery"/>
<exclusive-end id="37" timestamp="2019-06-15T22:24:27.478" durationms="1.890" />

<exclusive-start id="38" timestamp="2019-06-15T22:24:27.748" intervalms="271.998">
  <response-info timems="0.138" idlems="0.138" threads="0" lastid="0000000001849700" lastname="main" />
</exclusive-start>
<af-start id="39" threadId="000000000184A088" totalBytesRequested="8200" timestamp="2019-06-15T22:24:27.749" intervalms="272.403" type="nursery" />
<cycle-start id="40" type="scavenge" contextid="0" timestamp="2019-06-15T22:24:27.749" intervalms="272.779" />
<gc-start id="41" type="scavenge" contextid="40" timestamp="2019-06-15T22:24:27.749">
  <mem-info id="42" free="6048392" total="8388608" percent="72">
    <mem type="nursery" free="0" total="2097152" percent="0">
      <mem type="allocate" free="0" total="1048576" percent="0" />
      <mem type="survivor" free="0" total="1048576" percent="0" />
    </mem>
    <mem type="tenure" free="6048392" total="6291456" percent="96">
      <mem type="soa" free="5734024" total="5977088" percent="95" />
      <mem type="loa" free="314368" total="314368" percent="100" />
    </mem>
    <remembered-set count="1092" />
  </mem-info>
</gc-start>
<allocation-stats totalBytes="297384" >
  <allocated-bytes non-tlh="23952" tlh="273432" />
  <largest-consumer threadName="main" threadId="0000000001849700" bytes="297384" />
</allocation-stats>
<gc-op id="43" type="scavenge" timems="8.047" contextid="40" timestamp="2019-06-15T22:24:27.758">
  <scavenger-info tenureage="3" tenuremask="fff8" tiltratio="50" />
  <memory-copied type="nursery" objects="706" bytes="87808" bytesdiscarded="60360" />
  <memory-copied type="tenure" objects="10309" bytes="460664" bytesdiscarded="120" />
  <finalization candidates="13" enqueued="0" />
  <references type="soft" candidates="1" cleared="0" enqueued="0" dynamicThreshold="32" maxThreshold="32" />
  <references type="weak" candidates="59" cleared="44" enqueued="44" />
  <references type="phantom" candidates="17" cleared="8" enqueued="8" />
</gc-op>
<gc-end id="44" type="scavenge" contextid="40" durationms="10.092" usertimems="16.000" systemtimems="0.000" timestamp="2019-06-15T22:24:27.759" activeThreads="4">
  <mem-info id="45" free="6321392" total="8388608" percent="75">
    <mem type="nursery" free="900352" total="2097152" percent="42">
      <mem type="allocate" free="900352" total="1048576" percent="85" />
      <mem type="survivor" free="0" total="1048576" percent="0" />
    </mem>
    <mem type="tenure" free="5421040" total="6291456" percent="86">
      <mem type="soa" free="5106672" total="5977088" percent="85" />
      <mem type="loa" free="314368" total="314368" percent="100" />
    </mem>
    <pending-finalizers system="0" default="0" reference="52" classloader="0" />
    <remembered-set count="207" />
  </mem-info>
</gc-end>
<cycle-end id="46" type="scavenge" contextid="40" timestamp="2019-06-15T22:24:27.760" />
  <attribute name="elasticGC enabled" value="1" />
  <attribute name= "numThreadsSpecified" value="4" />
  <attribute name="heapSize specified" value="0" />
  <attribute name="Current GC Util" value="0" />
  <attribute name= "Current Time Running" value="409" />
  <attribute name ="GC Interval" value="200" />
  <attribute name="ProportionalT" value="-30.000000" />
  <attribute name="ProportionalI" value="-30.000000" />
  <attribute name="ProportionalH" value="-30.000000" />
  <attribute name="Current Error" value="-20.000000" />
  <attribute name="IntegralT" value="-4912.000000" />
  <attribute name="IntegralI" value="-4912.000000" />
  <attribute name="IntegralH" value="-4912.000000" />
  <attribute name="DerivativeT" value="-0.183150" />
  <attribute name="DerivativeI" value="-0.183150" />
  <attribute name="DerivativeH" value="-0.183150" />
  <attribute name="Loop Time for DT" value="273.000000" />
  <attribute name="Output H" value="2092630016"/>
  <attribute name="Output I" value="200"/>
  <attribute name="Output T" value="4"/>
  <attribute name="Target GC Util Change" value ="20.000000" />
  <attribute name="Current GC Util Change" value="0.000000"/>
  <attribute name="GC Util currently" value="0" />
  <attribute name="CPU Util currently" value="2" />
<allocation-satisfied id="47" threadId="0000000001849700" bytesRequested="8200" />
<af-end id="48" timestamp="2019-06-15T22:24:27.761" threadId="000000000184A088" success="true" from="nursery"/>
<exclusive-end id="49" timestamp="2019-06-15T22:24:27.761" durationms="13.267" />

<exclusive-start id="50" timestamp="2019-06-15T22:24:30.594" intervalms="2845.955">
  <response-info timems="0.107" idlems="0.107" threads="0" lastid="0000000001849700" lastname="main" />
</exclusive-start>
<af-start id="51" threadId="000000000184A088" totalBytesRequested="2056" timestamp="2019-06-15T22:24:30.594" intervalms="2845.877" type="nursery" />
<cycle-start id="52" type="scavenge" contextid="0" timestamp="2019-06-15T22:24:30.595" intervalms="2845.892" />
<gc-start id="53" type="scavenge" contextid="52" timestamp="2019-06-15T22:24:30.595">
  <mem-info id="54" free="5420120" total="8388608" percent="64">
    <mem type="nursery" free="0" total="2097152" percent="0">
      <mem type="allocate" free="0" total="1048576" percent="0" />
      <mem type="survivor" free="0" total="1048576" percent="0" />
    </mem>
    <mem type="tenure" free="5420120" total="6291456" percent="86">
      <mem type="soa" free="5105752" total="5977088" percent="85" />
      <mem type="loa" free="314368" total="314368" percent="100" />
    </mem>
    <remembered-set count="233" />
  </mem-info>
</gc-start>
<allocation-stats totalBytes="894240" >
  <allocated-bytes non-tlh="84872" tlh="809368" />
  <largest-consumer threadName="main" threadId="0000000001849700" bytes="881952" />
</allocation-stats>
<gc-op id="55" type="scavenge" timems="6.367" contextid="52" timestamp="2019-06-15T22:24:30.603">
  <scavenger-info tenureage="3" tenuremask="fff8" tiltratio="50" />
  <memory-copied type="nursery" objects="460" bytes="210696" bytesdiscarded="64880" />
  <memory-copied type="tenure" objects="303" bytes="15168" bytesdiscarded="0" />
  <finalization candidates="3" enqueued="1" />
  <references type="soft" candidates="1" cleared="0" enqueued="0" dynamicThreshold="32" maxThreshold="32" />
  <references type="weak" candidates="12" cleared="10" enqueued="10" />
  <references type="phantom" candidates="13" cleared="8" enqueued="8" />
</gc-op>
<gc-end id="56" type="scavenge" contextid="52" durationms="8.604" usertimems="0.000" systemtimems="12.000" timestamp="2019-06-15T22:24:30.604" activeThreads="4">
  <mem-info id="57" free="6153872" total="8388608" percent="73">
    <mem type="nursery" free="772920" total="2097152" percent="36">
      <mem type="allocate" free="772920" total="1048576" percent="73" />
      <mem type="survivor" free="0" total="1048576" percent="0" />
    </mem>
    <mem type="tenure" free="5380952" total="6291456" percent="85">
      <mem type="soa" free="5066584" total="5977088" percent="84" />
      <mem type="loa" free="314368" total="314368" percent="100" />
    </mem>
    <pending-finalizers system="1" default="0" reference="18" classloader="0" />
    <remembered-set count="185" />
  </mem-info>
</gc-end>
<cycle-end id="58" type="scavenge" contextid="52" timestamp="2019-06-15T22:24:30.605" />
  <attribute name="elasticGC enabled" value="1" />
  <attribute name= "numThreadsSpecified" value="4" />
  <attribute name="heapSize specified" value="0" />
  <attribute name="Current GC Util" value="0" />
  <attribute name= "Current Time Running" value="3256" />
  <attribute name ="GC Interval" value="200" />
  <attribute name="ProportionalT" value="-30.000000" />
  <attribute name="ProportionalI" value="-30.000000" />
  <attribute name="ProportionalH" value="-30.000000" />
  <attribute name="Current Error" value="-20.000000" />
  <attribute name="IntegralT" value="-61852.000000" />
  <attribute name="IntegralI" value="-61852.000000" />
  <attribute name="IntegralH" value="-61852.000000" />
  <attribute name="DerivativeT" value="-0.007025" />
  <attribute name="DerivativeI" value="-0.007025" />
  <attribute name="DerivativeH" value="-0.007025" />
  <attribute name="Loop Time for DT" value="2847.000000" />
  <attribute name="Output H" value="2092630016"/>
  <attribute name="Output I" value="200"/>
  <attribute name="Output T" value="4"/>
  <attribute name="Target GC Util Change" value ="20.000000" />
  <attribute name="Current GC Util Change" value="0.000000"/>
  <attribute name="GC Util currently" value="0" />
  <attribute name="CPU Util currently" value="3" />
<allocation-satisfied id="59" threadId="0000000001849700" bytesRequested="2056" />
<af-end id="60" timestamp="2019-06-15T22:24:30.606" threadId="000000000184A088" success="true" from="nursery"/>
<exclusive-end id="61" timestamp="2019-06-15T22:24:30.606" durationms="12.257" />

<exclusive-start id="62" timestamp="2019-06-15T22:24:34.551" intervalms="3956.841">
  <response-info timems="0.187" idlems="0.187" threads="0" lastid="0000000001849700" lastname="main" />
</exclusive-start>
<af-start id="63" threadId="000000000184A088" totalBytesRequested="2056" timestamp="2019-06-15T22:24:34.551" intervalms="3956.983" type="nursery" />
<cycle-start id="64" type="scavenge" contextid="0" timestamp="2019-06-15T22:24:34.552" intervalms="3957.067" />
<gc-start id="65" type="scavenge" contextid="64" timestamp="2019-06-15T22:24:34.552">
  <mem-info id="66" free="5380952" total="8388608" percent="64">
    <mem type="nursery" free="0" total="2097152" percent="0">
      <mem type="allocate" free="0" total="1048576" percent="0" />
      <mem type="survivor" free="0" total="1048576" percent="0" />
    </mem>
    <mem type="tenure" free="5380952" total="6291456" percent="85">
      <mem type="soa" free="5066584" total="5977088" percent="84" />
      <mem type="loa" free="314368" total="314368" percent="100" />
    </mem>
    <remembered-set count="187" />
  </mem-info>
</gc-start>
<allocation-stats totalBytes="763160" >
  <allocated-bytes non-tlh="2056" tlh="761104" />
  <largest-consumer threadName="main" threadId="0000000001849700" bytes="754968" />
</allocation-stats>
<gc-op id="67" type="scavenge" timems="5.010" contextid="64" timestamp="2019-06-15T22:24:34.558">
  <scavenger-info tenureage="4" tenuremask="fff0" tiltratio="50" />
  <memory-copied type="nursery" objects="420" bytes="84656" bytesdiscarded="49160" />
  <finalization candidates="2" enqueued="0" />
  <references type="soft" candidates="1" cleared="0" enqueued="0" dynamicThreshold="32" maxThreshold="32" />
  <references type="weak" candidates="2" cleared="0" enqueued="0" />
  <references type="phantom" candidates="5" cleared="0" enqueued="0" />
</gc-op>
<gc-end id="68" type="scavenge" contextid="64" durationms="6.854" usertimems="8.000" systemtimems="0.000" timestamp="2019-06-15T22:24:34.559" activeThreads="4">
  <mem-info id="69" free="6361168" total="8388608" percent="75">
    <mem type="nursery" free="980216" total="2097152" percent="46">
      <mem type="allocate" free="980216" total="1114112" percent="87" />
      <mem type="survivor" free="0" total="983040" percent="0" />
    </mem>
    <mem type="tenure" free="5380952" total="6291456" percent="85">
      <mem type="soa" free="5066584" total="5977088" percent="84" />
      <mem type="loa" free="314368" total="314368" percent="100" />
    </mem>
    <remembered-set count="114" />
  </mem-info>
</gc-end>
<cycle-end id="70" type="scavenge" contextid="64" timestamp="2019-06-15T22:24:34.560" />
  <attribute name="elasticGC enabled" value="1" />
  <attribute name= "numThreadsSpecified" value="4" />
  <attribute name="heapSize specified" value="0" />
  <attribute name="Current GC Util" value="0" />
  <attribute name= "Current Time Running" value="7213" />
  <attribute name ="GC Interval" value="200" />
  <attribute name="ProportionalT" value="-30.000000" />
  <attribute name="ProportionalI" value="-30.000000" />
  <attribute name="ProportionalH" value="-30.000000" />
  <attribute name="Current Error" value="-20.000000" />
  <attribute name="IntegralT" value="-140992.000000" />
  <attribute name="IntegralI" value="-140992.000000" />
  <attribute name="IntegralH" value="-140992.000000" />
  <attribute name="DerivativeT" value="-0.005054" />
  <attribute name="DerivativeI" value="-0.005054" />
  <attribute name="DerivativeH" value="-0.005054" />
  <attribute name="Loop Time for DT" value="3957.000000" />
  <attribute name="Output H" value="2092630016"/>
  <attribute name="Output I" value="200"/>
  <attribute name="Output T" value="4"/>
  <attribute name="Target GC Util Change" value ="20.000000" />
  <attribute name="Current GC Util Change" value="0.000000"/>
  <attribute name="GC Util currently" value="0" />
  <attribute name="CPU Util currently" value="3" />
<allocation-satisfied id="71" threadId="0000000001849700" bytesRequested="2056" />
<af-end id="72" timestamp="2019-06-15T22:24:34.561" threadId="000000000184A088" success="true" from="nursery"/>
<exclusive-end id="73" timestamp="2019-06-15T22:24:34.561" durationms="10.447" />

<exclusive-start id="74" timestamp="2019-06-15T22:24:38.200" intervalms="3649.180">
  <response-info timems="0.188" idlems="0.188" threads="0" lastid="0000000001849700" lastname="main" />
</exclusive-start>
<af-start id="75" threadId="000000000184A088" totalBytesRequested="2056" timestamp="2019-06-15T22:24:38.200" intervalms="3649.099" type="nursery" />
<cycle-start id="76" type="scavenge" contextid="0" timestamp="2019-06-15T22:24:38.201" intervalms="3649.024" />
<gc-start id="77" type="scavenge" contextid="76" timestamp="2019-06-15T22:24:38.201">
  <mem-info id="78" free="5380952" total="8388608" percent="64">
    <mem type="nursery" free="0" total="2097152" percent="0">
      <mem type="allocate" free="0" total="1114112" percent="0" />
      <mem type="survivor" free="0" total="983040" percent="0" />
    </mem>
    <mem type="tenure" free="5380952" total="6291456" percent="85">
      <mem type="soa" free="5066584" total="5977088" percent="84" />
      <mem type="loa" free="314368" total="314368" percent="100" />
    </mem>
    <remembered-set count="114" />
  </mem-info>
</gc-start>
<allocation-stats totalBytes="971896" >
  <allocated-bytes non-tlh="2056" tlh="969840" />
  <largest-consumer threadName="main" threadId="0000000001849700" bytes="963704" />
</allocation-stats>
<gc-op id="79" type="scavenge" timems="4.502" contextid="76" timestamp="2019-06-15T22:24:38.206">
  <scavenger-info tenureage="3" tenuremask="fff8" tiltratio="53" />
  <memory-copied type="nursery" objects="172" bytes="28024" bytesdiscarded="50280" />
  <memory-copied type="tenure" objects="249" bytes="58664" bytesdiscarded="0" />
  <finalization candidates="2" enqueued="0" />
  <references type="weak" candidates="1" cleared="0" enqueued="0" />
  <references type="phantom" candidates="3" cleared="0" enqueued="0" />
</gc-op>
<gc-end id="80" type="scavenge" contextid="76" durationms="6.189" usertimems="4.000" systemtimems="4.000" timestamp="2019-06-15T22:24:38.208" activeThreads="4">
  <mem-info id="81" free="6580544" total="8388608" percent="78">
    <mem type="nursery" free="1232384" total="2097152" percent="58">
      <mem type="allocate" free="1232384" total="1310720" percent="94" />
      <mem type="survivor" free="0" total="786432" percent="0" />
    </mem>
    <mem type="tenure" free="5348160" total="6291456" percent="85">
      <mem type="soa" free="5033792" total="5977088" percent="84" />
      <mem type="loa" free="314368" total="314368" percent="100" />
    </mem>
    <remembered-set count="83" />
  </mem-info>
</gc-end>
<cycle-end id="82" type="scavenge" contextid="76" timestamp="2019-06-15T22:24:38.208" />
  <attribute name="elasticGC enabled" value="1" />
  <attribute name= "numThreadsSpecified" value="4" />
  <attribute name="heapSize specified" value="0" />
  <attribute name="Current GC Util" value="0" />
  <attribute name= "Current Time Running" value="10861" />
  <attribute name ="GC Interval" value="200" />
  <attribute name="ProportionalT" value="-30.000000" />
  <attribute name="ProportionalI" value="-30.000000" />
  <attribute name="ProportionalH" value="-30.000000" />
  <attribute name="Current Error" value="-20.000000" />
  <attribute name="IntegralT" value="-72960.000000" />
  <attribute name="IntegralI" value="-72960.000000" />
  <attribute name="IntegralH" value="-72960.000000" />
  <attribute name="DerivativeT" value="-0.005482" />
  <attribute name="DerivativeI" value="-0.005482" />
  <attribute name="DerivativeH" value="-0.005482" />
  <attribute name="Loop Time for DT" value="3648.000000" />
  <attribute name="Output H" value="2092630016"/>
  <attribute name="Output I" value="200"/>
  <attribute name="Output T" value="4"/>
  <attribute name="Target GC Util Change" value ="20.000000" />
  <attribute name="Current GC Util Change" value="0.000000"/>
  <attribute name="GC Util currently" value="0" />
  <attribute name="CPU Util currently" value="3" />
<allocation-satisfied id="83" threadId="0000000001849700" bytesRequested="2056" />
<af-end id="84" timestamp="2019-06-15T22:24:38.208" threadId="000000000184A088" success="true" from="nursery"/>
<exclusive-end id="85" timestamp="2019-06-15T22:24:38.208" durationms="8.176" />

<exclusive-start id="86" timestamp="2019-06-15T22:24:43.504" intervalms="5304.153">
  <response-info timems="0.191" idlems="0.191" threads="0" lastid="0000000001849700" lastname="main" />
</exclusive-start>
<af-start id="87" threadId="000000000184A088" totalBytesRequested="2056" timestamp="2019-06-15T22:24:43.505" intervalms="5304.296" type="nursery" />
<cycle-start id="88" type="scavenge" contextid="0" timestamp="2019-06-15T22:24:43.505" intervalms="5304.406" />
<gc-start id="89" type="scavenge" contextid="88" timestamp="2019-06-15T22:24:43.506">
  <mem-info id="90" free="5348160" total="8388608" percent="63">
    <mem type="nursery" free="0" total="2097152" percent="0">
      <mem type="allocate" free="0" total="1310720" percent="0" />
      <mem type="survivor" free="0" total="786432" percent="0" />
    </mem>
    <mem type="tenure" free="5348160" total="6291456" percent="85">
      <mem type="soa" free="5033792" total="5977088" percent="84" />
      <mem type="loa" free="314368" total="314368" percent="100" />
    </mem>
    <remembered-set count="83" />
  </mem-info>
</gc-start>
<allocation-stats totalBytes="1221808" >
  <allocated-bytes non-tlh="2056" tlh="1219752" />
  <largest-consumer threadName="main" threadId="0000000001849700" bytes="1213616" />
</allocation-stats>
<gc-op id="91" type="scavenge" timems="3.049" contextid="88" timestamp="2019-06-15T22:24:43.510">
  <scavenger-info tenureage="3" tenuremask="ffc8" tiltratio="62" />
  <memory-copied type="nursery" objects="16" bytes="2592" bytesdiscarded="75728" />
  <memory-copied type="tenure" objects="156" bytes="25400" bytesdiscarded="744" />
  <references type="phantom" candidates="1" cleared="0" enqueued="0" />
</gc-op>
<gc-end id="92" type="scavenge" contextid="88" durationms="6.788" usertimems="8.000" systemtimems="0.000" timestamp="2019-06-15T22:24:43.513" activeThreads="4">
  <mem-info id="93" free="6703416" total="8388608" percent="79">
    <mem type="nursery" free="1363456" total="2097152" percent="65">
      <mem type="allocate" free="1363456" total="1441792" percent="94" />
      <mem type="survivor" free="0" total="655360" percent="0" />
    </mem>
    <mem type="tenure" free="5339960" total="6291456" percent="84" macro-fragmented="0">
      <mem type="soa" free="5025592" total="5977088" percent="84" />
      <mem type="loa" free="314368" total="314368" percent="100" />
    </mem>
    <remembered-set count="64" />
  </mem-info>
</gc-end>
<cycle-end id="94" type="scavenge" contextid="88" timestamp="2019-06-15T22:24:43.513" />
  <attribute name="elasticGC enabled" value="1" />
  <attribute name= "numThreadsSpecified" value="4" />
  <attribute name="heapSize specified" value="0" />
  <attribute name="Current GC Util" value="0" />
  <attribute name= "Current Time Running" value="16166" />
  <attribute name ="GC Interval" value="200" />
  <attribute name="ProportionalT" value="-30.000000" />
  <attribute name="ProportionalI" value="-30.000000" />
  <attribute name="ProportionalH" value="-30.000000" />
  <attribute name="Current Error" value="-20.000000" />
  <attribute name="IntegralT" value="-106100.000000" />
  <attribute name="IntegralI" value="-106100.000000" />
  <attribute name="IntegralH" value="-106100.000000" />
  <attribute name="DerivativeT" value="-0.003770" />
  <attribute name="DerivativeI" value="-0.003770" />
  <attribute name="DerivativeH" value="-0.003770" />
  <attribute name="Loop Time for DT" value="5305.000000" />
  <attribute name="Output H" value="2092630016"/>
  <attribute name="Output I" value="200"/>
  <attribute name="Output T" value="4"/>
  <attribute name="Target GC Util Change" value ="20.000000" />
  <attribute name="Current GC Util Change" value="0.000000"/>
  <attribute name="GC Util currently" value="0" />
  <attribute name="CPU Util currently" value="1" />
<allocation-satisfied id="95" threadId="0000000001849700" bytesRequested="2056" />
<af-end id="96" timestamp="2019-06-15T22:24:43.514" threadId="000000000184A088" success="true" from="nursery"/>
<exclusive-end id="97" timestamp="2019-06-15T22:24:43.515" durationms="10.550" />

<exclusive-start id="98" timestamp="2019-06-15T22:24:50.502" intervalms="6997.685">
  <response-info timems="0.197" idlems="0.197" threads="0" lastid="0000000001849700" lastname="main" />
</exclusive-start>
<af-start id="99" threadId="000000000184A088" totalBytesRequested="2056" timestamp="2019-06-15T22:24:50.502" intervalms="6997.713" type="nursery" />
<cycle-start id="100" type="scavenge" contextid="0" timestamp="2019-06-15T22:24:50.503" intervalms="6997.741" />
<gc-start id="101" type="scavenge" contextid="100" timestamp="2019-06-15T22:24:50.504">
  <mem-info id="102" free="5339960" total="8388608" percent="63">
    <mem type="nursery" free="0" total="2097152" percent="0">
      <mem type="allocate" free="0" total="1441792" percent="0" />
      <mem type="survivor" free="0" total="655360" percent="0" />
    </mem>
    <mem type="tenure" free="5339960" total="6291456" percent="84">
      <mem type="soa" free="5025592" total="5977088" percent="84" />
      <mem type="loa" free="314368" total="314368" percent="100" />
    </mem>
    <remembered-set count="64" />
  </mem-info>
</gc-start>
<allocation-stats totalBytes="1357336" >
  <allocated-bytes non-tlh="2056" tlh="1355280" />
  <largest-consumer threadName="main" threadId="0000000001849700" bytes="1357336" />
</allocation-stats>
<gc-op id="103" type="scavenge" timems="2.906" contextid="100" timestamp="2019-06-15T22:24:50.508">
  <scavenger-info tenureage="3" tenuremask="ffe8" tiltratio="68" />
  <memory-copied type="nursery" objects="16" bytes="2672" bytesdiscarded="75648" />
  <references type="phantom" candidates="1" cleared="0" enqueued="0" />
</gc-op>
<gc-end id="104" type="scavenge" contextid="100" durationms="5.649" usertimems="8.000" systemtimems="0.000" timestamp="2019-06-15T22:24:50.509" activeThreads="4">
  <mem-info id="105" free="6834488" total="8388608" percent="81">
    <mem type="nursery" free="1494528" total="2097152" percent="71">
      <mem type="allocate" free="1494528" total="1572864" percent="95" />
      <mem type="survivor" free="0" total="524288" percent="0" />
    </mem>
    <mem type="tenure" free="5339960" total="6291456" percent="84" macro-fragmented="4479464">
      <mem type="soa" free="5025592" total="5977088" percent="84" />
      <mem type="loa" free="314368" total="314368" percent="100" />
    </mem>
    <remembered-set count="64" />
  </mem-info>
</gc-end>
<cycle-end id="106" type="scavenge" contextid="100" timestamp="2019-06-15T22:24:50.510" />
  <attribute name="elasticGC enabled" value="1" />
  <attribute name= "numThreadsSpecified" value="4" />
  <attribute name="heapSize specified" value="0" />
  <attribute name="Current GC Util" value="0" />
  <attribute name= "Current Time Running" value="23164" />
  <attribute name ="GC Interval" value="200" />
  <attribute name="ProportionalT" value="-30.000000" />
  <attribute name="ProportionalI" value="-30.000000" />
  <attribute name="ProportionalH" value="-30.000000" />
  <attribute name="Current Error" value="-20.000000" />
  <attribute name="IntegralT" value="-139960.000000" />
  <attribute name="IntegralI" value="-139960.000000" />
  <attribute name="IntegralH" value="-139960.000000" />
  <attribute name="DerivativeT" value="-0.002858" />
  <attribute name="DerivativeI" value="-0.002858" />
  <attribute name="DerivativeH" value="-0.002858" />
  <attribute name="Loop Time for DT" value="6998.000000" />
  <attribute name="Output H" value="2092630016"/>
  <attribute name="Output I" value="200"/>
  <attribute name="Output T" value="4"/>
  <attribute name="Target GC Util Change" value ="20.000000" />
  <attribute name="Current GC Util Change" value="0.000000"/>
  <attribute name="GC Util currently" value="0" />
  <attribute name="CPU Util currently" value="0" />
<allocation-satisfied id="107" threadId="0000000001849700" bytesRequested="2056" />
<af-end id="108" timestamp="2019-06-15T22:24:50.511" threadId="000000000184A088" success="true" from="nursery"/>
<exclusive-end id="109" timestamp="2019-06-15T22:24:50.511" durationms="9.409" />

<exclusive-start id="110" timestamp="2019-06-15T22:24:57.536" intervalms="7034.512">
  <response-info timems="0.185" idlems="0.185" threads="0" lastid="0000000001849700" lastname="main" />
</exclusive-start>
<af-start id="111" threadId="000000000184A088" totalBytesRequested="2056" timestamp="2019-06-15T22:24:57.537" intervalms="7034.343" type="nursery" />
<cycle-start id="112" type="scavenge" contextid="0" timestamp="2019-06-15T22:24:57.537" intervalms="7034.201" />
<gc-start id="113" type="scavenge" contextid="112" timestamp="2019-06-15T22:24:57.538">
  <mem-info id="114" free="5339960" total="8388608" percent="63">
    <mem type="nursery" free="0" total="2097152" percent="0">
      <mem type="allocate" free="0" total="1572864" percent="0" />
      <mem type="survivor" free="0" total="524288" percent="0" />
    </mem>
    <mem type="tenure" free="5339960" total="6291456" percent="84">
      <mem type="soa" free="5025592" total="5977088" percent="84" />
      <mem type="loa" free="314368" total="314368" percent="100" />
    </mem>
    <remembered-set count="64" />
  </mem-info>
</gc-start>
<allocation-stats totalBytes="1488560" >
  <allocated-bytes non-tlh="2056" tlh="1486504" />
  <largest-consumer threadName="main" threadId="0000000001849700" bytes="1488560" />
</allocation-stats>
<gc-op id="115" type="scavenge" timems="2.723" contextid="112" timestamp="2019-06-15T22:24:57.541">
  <scavenger-info tenureage="3" tenuremask="fff8" tiltratio="75" />
  <memory-copied type="nursery" objects="15" bytes="568" bytesdiscarded="77752" />
  <references type="phantom" candidates="1" cleared="0" enqueued="0" />
</gc-op>
<gc-end id="116" type="scavenge" contextid="112" durationms="5.046" usertimems="0.000" systemtimems="4.000" timestamp="2019-06-15T22:24:57.543" activeThreads="4">
  <mem-info id="117" free="6900024" total="8388608" percent="82">
    <mem type="nursery" free="1560064" total="2097152" percent="74">
      <mem type="allocate" free="1560064" total="1638400" percent="95" />
      <mem type="survivor" free="0" total="458752" percent="0" />
    </mem>
    <mem type="tenure" free="5339960" total="6291456" percent="84" macro-fragmented="3732887">
      <mem type="soa" free="5025592" total="5977088" percent="84" />
      <mem type="loa" free="314368" total="314368" percent="100" />
    </mem>
    <remembered-set count="63" />
  </mem-info>
</gc-end>
<cycle-end id="118" type="scavenge" contextid="112" timestamp="2019-06-15T22:24:57.543" />
  <attribute name="elasticGC enabled" value="1" />
  <attribute name= "numThreadsSpecified" value="4" />
  <attribute name="heapSize specified" value="0" />
  <attribute name="Current GC Util" value="0" />
  <attribute name= "Current Time Running" value="30198" />
  <attribute name ="GC Interval" value="200" />
  <attribute name="ProportionalT" value="-30.000000" />
  <attribute name="ProportionalI" value="-30.000000" />
  <attribute name="ProportionalH" value="-30.000000" />
  <attribute name="Current Error" value="-20.000000" />
  <attribute name="IntegralT" value="-140680.000000" />
  <attribute name="IntegralI" value="-140680.000000" />
  <attribute name="IntegralH" value="-140680.000000" />
  <attribute name="DerivativeT" value="-0.002843" />
  <attribute name="DerivativeI" value="-0.002843" />
  <attribute name="DerivativeH" value="-0.002843" />
  <attribute name="Loop Time for DT" value="7034.000000" />
  <attribute name="Output H" value="2092630016"/>
  <attribute name="Output I" value="200"/>
  <attribute name="Output T" value="4"/>
  <attribute name="Target GC Util Change" value ="20.000000" />
  <attribute name="Current GC Util Change" value="0.000000"/>
  <attribute name="GC Util currently" value="0" />
  <attribute name="CPU Util currently" value="0" />
<allocation-satisfied id="119" threadId="0000000001849700" bytesRequested="2056" />
<af-end id="120" timestamp="2019-06-15T22:24:57.544" threadId="000000000184A088" success="true" from="nursery"/>
<exclusive-end id="121" timestamp="2019-06-15T22:24:57.545" durationms="8.412" />

<exclusive-start id="122" timestamp="2019-06-15T22:25:05.969" intervalms="8432.988">
  <response-info timems="0.218" idlems="0.218" threads="0" lastid="0000000001849700" lastname="main" />
</exclusive-start>
<af-start id="123" threadId="000000000184A088" totalBytesRequested="2056" timestamp="2019-06-15T22:25:05.970" intervalms="8433.026" type="nursery" />
<cycle-start id="124" type="scavenge" contextid="0" timestamp="2019-06-15T22:25:05.970" intervalms="8432.980" />
<gc-start id="125" type="scavenge" contextid="124" timestamp="2019-06-15T22:25:05.971">
  <mem-info id="126" free="5339960" total="8388608" percent="63">
    <mem type="nursery" free="0" total="2097152" percent="0">
      <mem type="allocate" free="0" total="1638400" percent="0" />
      <mem type="survivor" free="0" total="458752" percent="0" />
    </mem>
    <mem type="tenure" free="5339960" total="6291456" percent="84">
      <mem type="soa" free="5025592" total="5977088" percent="84" />
      <mem type="loa" free="314368" total="314368" percent="100" />
    </mem>
    <remembered-set count="63" />
  </mem-info>
</gc-start>
<allocation-stats totalBytes="1553432" >
  <allocated-bytes non-tlh="2056" tlh="1551376" />
  <largest-consumer threadName="main" threadId="0000000001849700" bytes="1553432" />
</allocation-stats>
<gc-op id="127" type="scavenge" timems="3.497" contextid="124" timestamp="2019-06-15T22:25:05.975">
  <scavenger-info tenureage="3" tenuremask="fff8" tiltratio="78" />
  <memory-copied type="nursery" objects="13" bytes="488" bytesdiscarded="77832" />
  <memory-copied type="tenure" objects="2" bytes="72" bytesdiscarded="0" />
  <references type="phantom" candidates="1" cleared="0" enqueued="0" />
</gc-op>
<gc-end id="128" type="scavenge" contextid="124" durationms="6.270" usertimems="0.000" systemtimems="12.000" timestamp="2019-06-15T22:25:05.977" activeThreads="4">
  <mem-info id="129" free="7031096" total="8388608" percent="83">
    <mem type="nursery" free="1691136" total="2097152" percent="80">
      <mem type="allocate" free="1691136" total="1769472" percent="95" />
      <mem type="survivor" free="0" total="327680" percent="0" />
    </mem>
    <mem type="tenure" free="5339960" total="6291456" percent="84" macro-fragmented="2160235">
      <mem type="soa" free="5025592" total="5977088" percent="84" />
      <mem type="loa" free="314368" total="314368" percent="100" />
    </mem>
    <remembered-set count="62" />
  </mem-info>
</gc-end>
<cycle-end id="130" type="scavenge" contextid="124" timestamp="2019-06-15T22:25:05.977" />
  <attribute name="elasticGC enabled" value="1" />
  <attribute name= "numThreadsSpecified" value="4" />
  <attribute name="heapSize specified" value="0" />
  <attribute name="Current GC Util" value="0" />
  <attribute name= "Current Time Running" value="38631" />
  <attribute name ="GC Interval" value="200" />
  <attribute name="ProportionalT" value="-30.000000" />
  <attribute name="ProportionalI" value="-30.000000" />
  <attribute name="ProportionalH" value="-30.000000" />
  <attribute name="Current Error" value="-20.000000" />
  <attribute name="IntegralT" value="-168660.000000" />
  <attribute name="IntegralI" value="-168660.000000" />
  <attribute name="IntegralH" value="-168660.000000" />
  <attribute name="DerivativeT" value="-0.002372" />
  <attribute name="DerivativeI" value="-0.002372" />
  <attribute name="DerivativeH" value="-0.002372" />
  <attribute name="Loop Time for DT" value="8433.000000" />
  <attribute name="Output H" value="2092630016"/>
  <attribute name="Output I" value="200"/>
  <attribute name="Output T" value="4"/>
  <attribute name="Target GC Util Change" value ="20.000000" />
  <attribute name="Current GC Util Change" value="0.000000"/>
  <attribute name="GC Util currently" value="0" />
  <attribute name="CPU Util currently" value="0" />
<allocation-satisfied id="131" threadId="0000000001849700" bytesRequested="2056" />
<af-end id="132" timestamp="2019-06-15T22:25:05.978" threadId="000000000184A088" success="true" from="nursery"/>
<exclusive-end id="133" timestamp="2019-06-15T22:25:05.978" durationms="8.443" />

<exclusive-start id="134" timestamp="2019-06-15T22:25:11.461" intervalms="5491.483">
  <response-info timems="0.078" idlems="0.078" threads="0" lastid="0000000001849700" lastname="main" />
</exclusive-start>
<af-start id="135" threadId="000000000184A088" totalBytesRequested="68560" timestamp="2019-06-15T22:25:11.461" intervalms="5491.093" type="nursery" />
<cycle-start id="136" type="scavenge" contextid="0" timestamp="2019-06-15T22:25:11.461" intervalms="5490.794" />
<gc-start id="137" type="scavenge" contextid="136" timestamp="2019-06-15T22:25:11.461">
  <mem-info id="138" free="5382768" total="8388608" percent="64">
    <mem type="nursery" free="43280" total="2097152" percent="2">
      <mem type="allocate" free="43280" total="1769472" percent="2" />
      <mem type="survivor" free="0" total="327680" percent="0" />
    </mem>
    <mem type="tenure" free="5339488" total="6291456" percent="84">
      <mem type="soa" free="5025120" total="5977088" percent="84" />
      <mem type="loa" free="314368" total="314368" percent="100" />
    </mem>
    <remembered-set count="82" />
  </mem-info>
</gc-start>
<allocation-stats totalBytes="1607416" >
  <allocated-bytes non-tlh="317128" tlh="1290288" />
  <largest-consumer threadName="main" threadId="0000000001849700" bytes="1607416" />
</allocation-stats>
<gc-op id="139" type="scavenge" timems="1.393" contextid="136" timestamp="2019-06-15T22:25:11.463">
  <scavenger-info tenureage="3" tenuremask="ffe8" tiltratio="84" />
  <memory-copied type="nursery" objects="183" bytes="76496" bytesdiscarded="42056" />
  <memory-copied type="tenure" objects="1" bytes="314600" bytesdiscarded="0" />
  <copy-failed type="nursery" objects="1" bytes="314600" />
  <references type="soft" candidates="1" cleared="0" enqueued="0" dynamicThreshold="32" maxThreshold="32" />
  <references type="weak" candidates="1" cleared="1" enqueued="1" />
  <references type="phantom" candidates="7" cleared="1" enqueued="1" />
</gc-op>
<gc-end id="140" type="scavenge" contextid="136" durationms="2.241" usertimems="4.000" systemtimems="0.000" timestamp="2019-06-15T22:25:11.463" activeThreads="4">
  <mem-info id="141" free="6151512" total="8388608" percent="73">
    <mem type="nursery" free="1126624" total="2097152" percent="53">
      <mem type="allocate" free="1126624" total="1245184" percent="90" />
      <mem type="survivor" free="0" total="851968" percent="0" />
    </mem>
    <mem type="tenure" free="5024888" total="6291456" percent="79" macro-fragmented="3047">
      <mem type="soa" free="4710520" total="5977088" percent="78" />
      <mem type="loa" free="314368" total="314368" percent="100" />
    </mem>
    <pending-finalizers system="0" default="0" reference="2" classloader="0" />
    <remembered-set count="81" />
  </mem-info>
</gc-end>
<cycle-end id="142" type="scavenge" contextid="136" timestamp="2019-06-15T22:25:11.464" />
  <attribute name="elasticGC enabled" value="1" />
  <attribute name= "numThreadsSpecified" value="4" />
  <attribute name="heapSize specified" value="0" />
  <attribute name="Current GC Util" value="0" />
  <attribute name= "Current Time Running" value="44121" />
  <attribute name ="GC Interval" value="200" />
  <attribute name="ProportionalT" value="-30.000000" />
  <attribute name="ProportionalI" value="-30.000000" />
  <attribute name="ProportionalH" value="-30.000000" />
  <attribute name="Current Error" value="-20.000000" />
  <attribute name="IntegralT" value="-109800.000000" />
  <attribute name="IntegralI" value="-109800.000000" />
  <attribute name="IntegralH" value="-109800.000000" />
  <attribute name="DerivativeT" value="-0.003643" />
  <attribute name="DerivativeI" value="-0.003643" />
  <attribute name="DerivativeH" value="-0.003643" />
  <attribute name="Loop Time for DT" value="5490.000000" />
  <attribute name="Output H" value="2092630016"/>
  <attribute name="Output I" value="200"/>
  <attribute name="Output T" value="4"/>
  <attribute name="Target GC Util Change" value ="20.000000" />
  <attribute name="Current GC Util Change" value="0.000000"/>
  <attribute name="GC Util currently" value="0" />
  <attribute name="CPU Util currently" value="0" />
<allocation-satisfied id="143" threadId="0000000001849700" bytesRequested="68560" />
<af-end id="144" timestamp="2019-06-15T22:25:11.464" threadId="000000000184A088" success="true" from="nursery"/>
<exclusive-end id="145" timestamp="2019-06-15T22:25:11.464" durationms="3.399" />

<exclusive-start id="146" timestamp="2019-06-15T22:25:11.493" intervalms="31.897">
  <response-info timems="0.056" idlems="0.056" threads="0" lastid="0000000001849700" lastname="main" />
</exclusive-start>
<af-start id="147" threadId="000000000184A088" totalBytesRequested="7176" timestamp="2019-06-15T22:25:11.493" intervalms="31.914" type="nursery" />
<cycle-start id="148" type="scavenge" contextid="0" timestamp="2019-06-15T22:25:11.493" intervalms="31.918" />
<gc-start id="149" type="scavenge" contextid="148" timestamp="2019-06-15T22:25:11.493">
  <mem-info id="150" free="5022848" total="8388608" percent="59">
    <mem type="nursery" free="0" total="2097152" percent="0">
      <mem type="allocate" free="0" total="1245184" percent="0" />
      <mem type="survivor" free="0" total="851968" percent="0" />
    </mem>
    <mem type="tenure" free="5022848" total="6291456" percent="79">
      <mem type="soa" free="4708480" total="5977088" percent="78" />
      <mem type="loa" free="314368" total="314368" percent="100" />
    </mem>
    <remembered-set count="115" />
  </mem-info>
</gc-start>
<allocation-stats totalBytes="1087112" >
  <allocated-bytes non-tlh="417032" tlh="670080" />
  <largest-consumer threadName="main" threadId="0000000001849700" bytes="1083016" />
</allocation-stats>
<gc-op id="151" type="scavenge" timems="0.723" contextid="148" timestamp="2019-06-15T22:25:11.494">
  <scavenger-info tenureage="3" tenuremask="fff8" tiltratio="59" />
  <memory-copied type="nursery" objects="546" bytes="339544" bytesdiscarded="108624" />
  <references type="soft" candidates="1" cleared="0" enqueued="0" dynamicThreshold="32" maxThreshold="32" />
  <references type="weak" candidates="11" cleared="10" enqueued="10" />
  <references type="phantom" candidates="29" cleared="0" enqueued="0" />
</gc-op>
<gc-end id="152" type="scavenge" contextid="148" durationms="1.032" usertimems="4.000" systemtimems="0.000" timestamp="2019-06-15T22:25:11.494" activeThreads="4">
  <mem-info id="153" free="5885376" total="8388608" percent="70">
    <mem type="nursery" free="862528" total="2097152" percent="41">
      <mem type="allocate" free="862528" total="1310720" percent="65" />
      <mem type="survivor" free="0" total="786432" percent="0" />
    </mem>
    <mem type="tenure" free="5022848" total="6291456" percent="79" macro-fragmented="1250136">
      <mem type="soa" free="4708480" total="5977088" percent="78" />
      <mem type="loa" free="314368" total="314368" percent="100" />
    </mem>
    <pending-finalizers system="0" default="0" reference="10" classloader="0" />
    <remembered-set count="113" />
  </mem-info>
</gc-end>
<cycle-end id="154" type="scavenge" contextid="148" timestamp="2019-06-15T22:25:11.494" />
  <attribute name="elasticGC enabled" value="1" />
  <attribute name= "numThreadsSpecified" value="4" />
  <attribute name="heapSize specified" value="0" />
  <attribute name="Current GC Util" value="9" />
  <attribute name= "Current Time Running" value="44153" />
  <attribute name ="GC Interval" value="200" />
  <attribute name="ProportionalT" value="-16.500000" />
  <attribute name="ProportionalI" value="-16.500000" />
  <attribute name="ProportionalH" value="-16.500000" />
  <attribute name="Current Error" value="-11.000000" />
  <attribute name="IntegralT" value="-352.000000" />
  <attribute name="IntegralI" value="-352.000000" />
  <attribute name="IntegralH" value="-352.000000" />
  <attribute name="DerivativeT" value="-0.343750" />
  <attribute name="DerivativeI" value="-0.343750" />
  <attribute name="DerivativeH" value="-0.343750" />
  <attribute name="Loop Time for DT" value="32.000000" />
  <attribute name="Output H" value="2092630016"/>
  <attribute name="Output I" value="200"/>
  <attribute name="Output T" value="4"/>
  <attribute name="Target GC Util Change" value ="20.000000" />
  <attribute name="Current GC Util Change" value="9.000000"/>
  <attribute name="GC Util currently" value="9" />
  <attribute name="CPU Util currently" value="144862310860" />
<allocation-satisfied id="155" threadId="0000000001849700" bytesRequested="7176" />
<af-end id="156" timestamp="2019-06-15T22:25:11.494" threadId="000000000184A088" success="true" from="nursery"/>
<exclusive-end id="157" timestamp="2019-06-15T22:25:11.494" durationms="1.654" />

<exclusive-start id="158" timestamp="2019-06-15T22:25:11.515" intervalms="22.109">
  <response-info timems="0.125" idlems="0.125" threads="0" lastid="0000000001849700" lastname="main" />
</exclusive-start>
<af-start id="159" threadId="000000000184A088" totalBytesRequested="4872" timestamp="2019-06-15T22:25:11.515" intervalms="22.030" type="nursery" />
<cycle-start id="160" type="scavenge" contextid="0" timestamp="2019-06-15T22:25:11.515" intervalms="21.987" />
<gc-start id="161" type="scavenge" contextid="160" timestamp="2019-06-15T22:25:11.515">
  <mem-info id="162" free="5012680" total="8388608" percent="59">
    <mem type="nursery" free="0" total="2097152" percent="0">
      <mem type="allocate" free="0" total="1310720" percent="0" />
      <mem type="survivor" free="0" total="786432" percent="0" />
    </mem>
    <mem type="tenure" free="5012680" total="6291456" percent="79">
      <mem type="soa" free="4698312" total="5977088" percent="78" />
      <mem type="loa" free="314368" total="314368" percent="100" />
    </mem>
    <remembered-set count="200" />
  </mem-info>
</gc-start>
<allocation-stats totalBytes="870496" >
  <allocated-bytes non-tlh="98200" tlh="772296" />
  <largest-consumer threadName="main" threadId="0000000001849700" bytes="870496" />
</allocation-stats>
<gc-op id="163" type="scavenge" timems="0.941" contextid="160" timestamp="2019-06-15T22:25:11.516">
  <scavenger-info tenureage="3" tenuremask="fff8" tiltratio="62" />
  <memory-copied type="nursery" objects="606" bytes="325680" bytesdiscarded="54912" />
  <references type="soft" candidates="3" cleared="0" enqueued="0" dynamicThreshold="32" maxThreshold="32" />
  <references type="weak" candidates="18" cleared="17" enqueued="17" />
  <references type="phantom" candidates="29" cleared="0" enqueued="0" />
</gc-op>
<gc-end id="164" type="scavenge" contextid="160" durationms="1.258" usertimems="4.000" systemtimems="0.000" timestamp="2019-06-15T22:25:11.516" activeThreads="4">
  <mem-info id="165" free="6008336" total="8388608" percent="71">
    <mem type="nursery" free="995656" total="2097152" percent="47">
      <mem type="allocate" free="995656" total="1376256" percent="72" />
      <mem type="survivor" free="0" total="720896" percent="0" />
    </mem>
    <mem type="tenure" free="5012680" total="6291456" percent="79" macro-fragmented="0">
      <mem type="soa" free="4698312" total="5977088" percent="78" />
      <mem type="loa" free="314368" total="314368" percent="100" />
    </mem>
    <pending-finalizers system="0" default="0" reference="17" classloader="0" />
    <remembered-set count="189" />
  </mem-info>
</gc-end>
<cycle-end id="166" type="scavenge" contextid="160" timestamp="2019-06-15T22:25:11.516" />
  <attribute name="elasticGC enabled" value="1" />
  <attribute name= "numThreadsSpecified" value="4" />
  <attribute name="heapSize specified" value="0" />
  <attribute name="Current GC Util" value="7" />
  <attribute name= "Current Time Running" value="44175" />
  <attribute name ="GC Interval" value="200" />
  <attribute name="ProportionalT" value="-19.500000" />
  <attribute name="ProportionalI" value="-19.500000" />
  <attribute name="ProportionalH" value="-19.500000" />
  <attribute name="Current Error" value="-13.000000" />
  <attribute name="IntegralT" value="-286.000000" />
  <attribute name="IntegralI" value="-286.000000" />
  <attribute name="IntegralH" value="-286.000000" />
  <attribute name="DerivativeT" value="-0.590909" />
  <attribute name="DerivativeI" value="-0.590909" />
  <attribute name="DerivativeH" value="-0.590909" />
  <attribute name="Loop Time for DT" value="22.000000" />
  <attribute name="Output H" value="2092630016"/>
  <attribute name="Output I" value="200"/>
  <attribute name="Output T" value="4"/>
  <attribute name="Target GC Util Change" value ="20.000000" />
  <attribute name="Current GC Util Change" value="7.000000"/>
  <attribute name="GC Util currently" value="7" />
  <attribute name="CPU Util currently" value="210057215636" />
<allocation-satisfied id="167" threadId="0000000001849700" bytesRequested="4872" />
<af-end id="168" timestamp="2019-06-15T22:25:11.517" threadId="000000000184A088" success="true" from="nursery"/>
<exclusive-end id="169" timestamp="2019-06-15T22:25:11.517" durationms="1.817" />

<exclusive-start id="170" timestamp="2019-06-15T22:25:11.544" intervalms="28.727">
  <response-info timems="0.059" idlems="0.059" threads="0" lastid="0000000001849700" lastname="main" />
</exclusive-start>
<af-start id="171" threadId="000000000184A088" totalBytesRequested="2144" timestamp="2019-06-15T22:25:11.544" intervalms="28.773" type="nursery" />
<cycle-start id="172" type="scavenge" contextid="0" timestamp="2019-06-15T22:25:11.544" intervalms="28.781" />
<gc-start id="173" type="scavenge" contextid="172" timestamp="2019-06-15T22:25:11.544">
  <mem-info id="174" free="4997136" total="8388608" percent="59">
    <mem type="nursery" free="0" total="2097152" percent="0">
      <mem type="allocate" free="0" total="1376256" percent="0" />
      <mem type="survivor" free="0" total="720896" percent="0" />
    </mem>
    <mem type="tenure" free="4997136" total="6291456" percent="79">
      <mem type="soa" free="4682768" total="5977088" percent="78" />
      <mem type="loa" free="314368" total="314368" percent="100" />
    </mem>
    <remembered-set count="356" />
  </mem-info>
</gc-start>
<allocation-stats totalBytes="1009384" >
  <allocated-bytes non-tlh="20416" tlh="988968" />
  <largest-consumer threadName="main" threadId="0000000001849700" bytes="1009384" />
</allocation-stats>
<gc-op id="175" type="scavenge" timems="1.153" contextid="172" timestamp="2019-06-15T22:25:11.545">
  <scavenger-info tenureage="3" tenuremask="fff8" tiltratio="65" />
  <memory-copied type="nursery" objects="578" bytes="268960" bytesdiscarded="172096" />
  <memory-copied type="tenure" objects="152" bytes="52520" bytesdiscarded="0" />
  <references type="soft" candidates="3" cleared="0" enqueued="0" dynamicThreshold="32" maxThreshold="32" />
  <references type="weak" candidates="18" cleared="18" enqueued="18" />
  <references type="phantom" candidates="24" cleared="1" enqueued="1" />
</gc-op>
<gc-end id="176" type="scavenge" contextid="172" durationms="1.444" usertimems="4.000" systemtimems="0.000" timestamp="2019-06-15T22:25:11.545" activeThreads="4">
  <mem-info id="177" free="5951976" total="8388608" percent="70">
    <mem type="nursery" free="1000720" total="2097152" percent="47">
      <mem type="allocate" free="1000720" total="1441792" percent="69" />
      <mem type="survivor" free="0" total="655360" percent="0" />
    </mem>
    <mem type="tenure" free="4951256" total="6291456" percent="78" macro-fragmented="3732887">
      <mem type="soa" free="4636888" total="5977088" percent="77" />
      <mem type="loa" free="314368" total="314368" percent="100" />
    </mem>
    <pending-finalizers system="0" default="0" reference="19" classloader="0" />
    <remembered-set count="342" />
  </mem-info>
</gc-end>
<cycle-end id="178" type="scavenge" contextid="172" timestamp="2019-06-15T22:25:11.545" />
  <attribute name="elasticGC enabled" value="1" />
  <attribute name= "numThreadsSpecified" value="4" />
  <attribute name="heapSize specified" value="0" />
  <attribute name="Current GC Util" value="7" />
  <attribute name= "Current Time Running" value="44203" />
  <attribute name ="GC Interval" value="200" />
  <attribute name="ProportionalT" value="-19.500000" />
  <attribute name="ProportionalI" value="-19.500000" />
  <attribute name="ProportionalH" value="-19.500000" />
  <attribute name="Current Error" value="-13.000000" />
  <attribute name="IntegralT" value="-364.000000" />
  <attribute name="IntegralI" value="-364.000000" />
  <attribute name="IntegralH" value="-364.000000" />
  <attribute name="DerivativeT" value="-0.464286" />
  <attribute name="DerivativeI" value="-0.464286" />
  <attribute name="DerivativeH" value="-0.464286" />
  <attribute name="Loop Time for DT" value="28.000000" />
  <attribute name="Output H" value="2092630016"/>
  <attribute name="Output I" value="200"/>
  <attribute name="Output T" value="4"/>
  <attribute name="Target GC Util Change" value ="20.000000" />
  <attribute name="Current GC Util Change" value="7.000000"/>
  <attribute name="GC Util currently" value="7" />
  <attribute name="CPU Util currently" value="159946957846" />
<allocation-satisfied id="179" threadId="0000000001849700" bytesRequested="2144" />
<af-end id="180" timestamp="2019-06-15T22:25:11.546" threadId="000000000184A088" success="true" from="nursery"/>
<exclusive-end id="181" timestamp="2019-06-15T22:25:11.546" durationms="2.024" />

<exclusive-start id="182" timestamp="2019-06-15T22:25:11.585" intervalms="41.881">
  <response-info timems="0.059" idlems="0.059" threads="0" lastid="0000000001849700" lastname="main" />
</exclusive-start>
<af-start id="183" threadId="000000000184A088" totalBytesRequested="28760" timestamp="2019-06-15T22:25:11.586" intervalms="41.928" type="nursery" />
<cycle-start id="184" type="scavenge" contextid="0" timestamp="2019-06-15T22:25:11.586" intervalms="41.965" />
<gc-start id="185" type="scavenge" contextid="184" timestamp="2019-06-15T22:25:11.586">
  <mem-info id="186" free="4928320" total="8388608" percent="58">
    <mem type="nursery" free="0" total="2097152" percent="0">
      <mem type="allocate" free="0" total="1441792" percent="0" />
      <mem type="survivor" free="0" total="655360" percent="0" />
    </mem>
    <mem type="tenure" free="4928320" total="6291456" percent="78">
      <mem type="soa" free="4613952" total="5977088" percent="77" />
      <mem type="loa" free="314368" total="314368" percent="100" />
    </mem>
    <remembered-set count="695" />
  </mem-info>
</gc-start>
<allocation-stats totalBytes="938848" >
  <allocated-bytes non-tlh="25080" tlh="913768" />
  <largest-consumer threadName="main" threadId="0000000001849700" bytes="934752" />
</allocation-stats>
<gc-op id="187" type="scavenge" timems="1.253" contextid="184" timestamp="2019-06-15T22:25:11.587">
  <scavenger-info tenureage="3" tenuremask="ffe8" tiltratio="68" />
  <memory-copied type="nursery" objects="2742" bytes="107240" bytesdiscarded="49248" />
  <memory-copied type="tenure" objects="292" bytes="257248" bytesdiscarded="616" />
  <finalization candidates="39" enqueued="1" />
  <ownableSynchronizers candidates="17" cleared="0" />
  <references type="soft" candidates="8" cleared="0" enqueued="0" dynamicThreshold="32" maxThreshold="32" />
  <references type="weak" candidates="707" cleared="345" enqueued="243" />
  <references type="phantom" candidates="6" cleared="1" enqueued="1" />
</gc-op>
<gc-end id="188" type="scavenge" contextid="184" durationms="1.702" usertimems="0.000" systemtimems="0.000" timestamp="2019-06-15T22:25:11.588" activeThreads="4">
  <mem-info id="189" free="5902208" total="8388608" percent="70">
    <mem type="nursery" free="1350656" total="2097152" percent="64">
      <mem type="allocate" free="1350656" total="1507328" percent="89" />
      <mem type="survivor" free="0" total="589824" percent="0" />
    </mem>
    <mem type="tenure" free="4551552" total="6291456" percent="72" macro-fragmented="3110739">
      <mem type="soa" free="4237184" total="5977088" percent="70" />
      <mem type="loa" free="314368" total="314368" percent="100" />
    </mem>
    <pending-finalizers system="1" default="0" reference="244" classloader="0" />
    <remembered-set count="629" />
  </mem-info>
</gc-end>
<cycle-end id="190" type="scavenge" contextid="184" timestamp="2019-06-15T22:25:11.588" />
  <attribute name="elasticGC enabled" value="1" />
  <attribute name= "numThreadsSpecified" value="4" />
  <attribute name="heapSize specified" value="0" />
  <attribute name="Current GC Util" value="5" />
  <attribute name= "Current Time Running" value="44245" />
  <attribute name ="GC Interval" value="200" />
  <attribute name="ProportionalT" value="-22.500000" />
  <attribute name="ProportionalI" value="-22.500000" />
  <attribute name="ProportionalH" value="-22.500000" />
  <attribute name="Current Error" value="-15.000000" />
  <attribute name="IntegralT" value="-630.000000" />
  <attribute name="IntegralI" value="-630.000000" />
  <attribute name="IntegralH" value="-630.000000" />
  <attribute name="DerivativeT" value="-0.357143" />
  <attribute name="DerivativeI" value="-0.357143" />
  <attribute name="DerivativeH" value="-0.357143" />
  <attribute name="Loop Time for DT" value="42.000000" />
  <attribute name="Output H" value="2092630016"/>
  <attribute name="Output I" value="200"/>
  <attribute name="Output T" value="4"/>
  <attribute name="Target GC Util Change" value ="20.000000" />
  <attribute name="Current GC Util Change" value="5.000000"/>
  <attribute name="GC Util currently" value="5" />
  <attribute name="CPU Util currently" value="109851387000" />
<allocation-satisfied id="191" threadId="0000000001849700" bytesRequested="28760" />
<af-end id="192" timestamp="2019-06-15T22:25:11.588" threadId="000000000184A088" success="true" from="nursery"/>
<exclusive-end id="193" timestamp="2019-06-15T22:25:11.588" durationms="2.445" />

<exclusive-start id="194" timestamp="2019-06-15T22:25:11.641" intervalms="55.993">
  <response-info timems="0.030" idlems="0.030" threads="0" lastid="0000000001849700" lastname="main" />
</exclusive-start>
<af-start id="195" threadId="000000000184A088" totalBytesRequested="1008" timestamp="2019-06-15T22:25:11.642" intervalms="55.913" type="nursery" />
<cycle-start id="196" type="scavenge" contextid="0" timestamp="2019-06-15T22:25:11.642" intervalms="55.840" />
<gc-start id="197" type="scavenge" contextid="196" timestamp="2019-06-15T22:25:11.642">
  <mem-info id="198" free="4514920" total="8388608" percent="53">
    <mem type="nursery" free="0" total="2097152" percent="0">
      <mem type="allocate" free="0" total="1507328" percent="0" />
      <mem type="survivor" free="0" total="589824" percent="0" />
    </mem>
    <mem type="tenure" free="4514920" total="6291456" percent="71">
      <mem type="soa" free="4200552" total="5977088" percent="70" />
      <mem type="loa" free="314368" total="314368" percent="100" />
    </mem>
    <remembered-set count="1052" />
  </mem-info>
</gc-start>
<allocation-stats totalBytes="1384624" >
  <allocated-bytes non-tlh="65392" tlh="1319232" />
  <largest-consumer threadName="main" threadId="0000000001849700" bytes="1372792" />
</allocation-stats>
<gc-op id="199" type="scavenge" timems="1.255" contextid="196" timestamp="2019-06-15T22:25:11.643">
  <scavenger-info tenureage="3" tenuremask="ffe8" tiltratio="71" />
  <memory-copied type="nursery" objects="3208" bytes="133904" bytesdiscarded="22552" />
  <memory-copied type="tenure" objects="71" bytes="4088" bytesdiscarded="0" />
  <finalization candidates="38" enqueued="0" />
  <ownableSynchronizers candidates="17" cleared="0" />
  <references type="soft" candidates="6" cleared="0" enqueued="0" dynamicThreshold="32" maxThreshold="32" />
  <references type="weak" candidates="594" cleared="23" enqueued="20" />
  <references type="phantom" candidates="6" cleared="0" enqueued="0" />
</gc-op>
<gc-end id="200" type="scavenge" contextid="196" durationms="1.661" usertimems="4.000" systemtimems="0.000" timestamp="2019-06-15T22:25:11.643" activeThreads="4">
  <mem-info id="201" free="5931112" total="8388608" percent="70">
    <mem type="nursery" free="1416192" total="2097152" percent="67">
      <mem type="allocate" free="1416192" total="1572864" percent="90" />
      <mem type="survivor" free="0" total="524288" percent="0" />
    </mem>
    <mem type="tenure" free="4514920" total="6291456" percent="71" macro-fragmented="3110739">
      <mem type="soa" free="4200552" total="5977088" percent="70" />
      <mem type="loa" free="314368" total="314368" percent="100" />
    </mem>
    <pending-finalizers system="0" default="0" reference="20" classloader="0" />
    <remembered-set count="913" />
  </mem-info>
</gc-end>
<cycle-end id="202" type="scavenge" contextid="196" timestamp="2019-06-15T22:25:11.643" />
  <attribute name="elasticGC enabled" value="1" />
  <attribute name= "numThreadsSpecified" value="4" />
  <attribute name="heapSize specified" value="0" />
  <attribute name="Current GC Util" value="4" />
  <attribute name= "Current Time Running" value="44301" />
  <attribute name ="GC Interval" value="200" />
  <attribute name="ProportionalT" value="-24.000000" />
  <attribute name="ProportionalI" value="-24.000000" />
  <attribute name="ProportionalH" value="-24.000000" />
  <attribute name="Current Error" value="-16.000000" />
  <attribute name="IntegralT" value="-896.000000" />
  <attribute name="IntegralI" value="-896.000000" />
  <attribute name="IntegralH" value="-896.000000" />
  <attribute name="DerivativeT" value="-0.285714" />
  <attribute name="DerivativeI" value="-0.285714" />
  <attribute name="DerivativeH" value="-0.285714" />
  <attribute name="Loop Time for DT" value="56.000000" />
  <attribute name="Output H" value="2092630016"/>
  <attribute name="Output I" value="200"/>
  <attribute name="Output T" value="4"/>
  <attribute name="Target GC Util Change" value ="20.000000" />
  <attribute name="Current GC Util Change" value="4.000000"/>
  <attribute name="GC Util currently" value="4" />
  <attribute name="CPU Util currently" value="82715251223" />
<allocation-satisfied id="203" threadId="0000000001849700" bytesRequested="1008" />
<af-end id="204" timestamp="2019-06-15T22:25:11.644" threadId="000000000184A088" success="true" from="nursery"/>
<exclusive-end id="205" timestamp="2019-06-15T22:25:11.644" durationms="2.129" />

<exclusive-start id="206" timestamp="2019-06-15T22:25:11.728" intervalms="86.417">
  <response-info timems="0.053" idlems="0.053" threads="0" lastid="0000000001849700" lastname="main" />
</exclusive-start>
<af-start id="207" threadId="000000000184A088" totalBytesRequested="23264" timestamp="2019-06-15T22:25:11.728" intervalms="86.465" type="nursery" />
<cycle-start id="208" type="scavenge" contextid="0" timestamp="2019-06-15T22:25:11.728" intervalms="86.505" />
<gc-start id="209" type="scavenge" contextid="208" timestamp="2019-06-15T22:25:11.728">
  <mem-info id="210" free="4403240" total="8388608" percent="52">
    <mem type="nursery" free="0" total="2097152" percent="0">
      <mem type="allocate" free="0" total="1572864" percent="0" />
      <mem type="survivor" free="0" total="524288" percent="0" />
    </mem>
    <mem type="tenure" free="4403240" total="6291456" percent="69">
      <mem type="soa" free="4088872" total="5977088" percent="68" />
      <mem type="loa" free="314368" total="314368" percent="100" />
    </mem>
    <remembered-set count="2354" />
  </mem-info>
</gc-start>
<allocation-stats totalBytes="1506720" >
  <allocated-bytes non-tlh="112688" tlh="1394032" />
  <largest-consumer threadName="main" threadId="0000000001849700" bytes="1498528" />
</allocation-stats>
<gc-op id="211" type="scavenge" timems="1.671" contextid="208" timestamp="2019-06-15T22:25:11.730">
  <scavenger-info tenureage="5" tenuremask="ffe0" tiltratio="75" />
  <memory-copied type="nursery" objects="10020" bytes="329344" bytesdiscarded="53576" />
  <finalization candidates="49" enqueued="0" />
  <ownableSynchronizers candidates="17" cleared="0" />
  <references type="soft" candidates="39" cleared="0" enqueued="0" dynamicThreshold="32" maxThreshold="32" />
  <references type="weak" candidates="993" cleared="67" enqueued="51" />
  <references type="phantom" candidates="6" cleared="0" enqueued="0" />
</gc-op>
<gc-end id="212" type="scavenge" contextid="208" durationms="2.096" usertimems="4.000" systemtimems="0.000" timestamp="2019-06-15T22:25:11.730" activeThreads="4">
  <mem-info id="213" free="5527336" total="8388608" percent="65">
    <mem type="nursery" free="1124096" total="2097152" percent="53">
      <mem type="allocate" free="1124096" total="1507328" percent="74" />
      <mem type="survivor" free="0" total="589824" percent="0" />
    </mem>
    <mem type="tenure" free="4403240" total="6291456" percent="69" macro-fragmented="3110739">
      <mem type="soa" free="4088872" total="5977088" percent="68" />
      <mem type="loa" free="314368" total="314368" percent="100" />
    </mem>
    <pending-finalizers system="0" default="0" reference="51" classloader="0" />
    <remembered-set count="2197" />
  </mem-info>
</gc-end>
<cycle-end id="214" type="scavenge" contextid="208" timestamp="2019-06-15T22:25:11.730" />
  <attribute name="elasticGC enabled" value="1" />
  <attribute name= "numThreadsSpecified" value="4" />
  <attribute name="heapSize specified" value="0" />
  <attribute name="Current GC Util" value="2" />
  <attribute name= "Current Time Running" value="44388" />
  <attribute name ="GC Interval" value="200" />
  <attribute name="ProportionalT" value="-27.000000" />
  <attribute name="ProportionalI" value="-27.000000" />
  <attribute name="ProportionalH" value="-27.000000" />
  <attribute name="Current Error" value="-18.000000" />
  <attribute name="IntegralT" value="-1566.000000" />
  <attribute name="IntegralI" value="-1566.000000" />
  <attribute name="IntegralH" value="-1566.000000" />
  <attribute name="DerivativeT" value="-0.206897" />
  <attribute name="DerivativeI" value="-0.206897" />
  <attribute name="DerivativeH" value="-0.206897" />
  <attribute name="Loop Time for DT" value="87.000000" />
  <attribute name="Output H" value="2092630016"/>
  <attribute name="Output I" value="200"/>
  <attribute name="Output T" value="4"/>
  <attribute name="Target GC Util Change" value ="20.000000" />
  <attribute name="Current GC Util Change" value="2.000000"/>
  <attribute name="GC Util currently" value="2" />
  <attribute name="CPU Util currently" value="4" />
<allocation-satisfied id="215" threadId="0000000001849700" bytesRequested="23264" />
<af-end id="216" timestamp="2019-06-15T22:25:11.730" threadId="000000000184A088" success="true" from="nursery"/>
<exclusive-end id="217" timestamp="2019-06-15T22:25:11.731" durationms="2.693" />

<exclusive-start id="218" timestamp="2019-06-15T22:25:11.767" intervalms="38.665">
  <response-info timems="0.024" idlems="0.024" threads="0" lastid="0000000001849700" lastname="main" />
</exclusive-start>
<af-start id="219" threadId="000000000184A088" totalBytesRequested="1040" timestamp="2019-06-15T22:25:11.767" intervalms="38.611" type="nursery" />
<cycle-start id="220" type="scavenge" contextid="0" timestamp="2019-06-15T22:25:11.767" intervalms="38.572" />
<gc-start id="221" type="scavenge" contextid="220" timestamp="2019-06-15T22:25:11.767">
  <mem-info id="222" free="4371928" total="8388608" percent="52">
    <mem type="nursery" free="0" total="2097152" percent="0">
      <mem type="allocate" free="0" total="1507328" percent="0" />
      <mem type="survivor" free="0" total="589824" percent="0" />
    </mem>
    <mem type="tenure" free="4371928" total="6291456" percent="69">
      <mem type="soa" free="4057560" total="5977088" percent="67" />
      <mem type="loa" free="314368" total="314368" percent="100" />
    </mem>
    <remembered-set count="2539" />
  </mem-info>
</gc-start>
<allocation-stats totalBytes="1152448" >
  <allocated-bytes non-tlh="54576" tlh="1097872" />
  <largest-consumer threadName="main" threadId="0000000001849700" bytes="1144256" />
</allocation-stats>
<gc-op id="223" type="scavenge" timems="1.932" contextid="220" timestamp="2019-06-15T22:25:11.769">
  <scavenger-info tenureage="3" tenuremask="ffe8" tiltratio="71" />
  <memory-copied type="nursery" objects="8714" bytes="278488" bytesdiscarded="73800" />
  <memory-copied type="tenure" objects="2335" bytes="92576" bytesdiscarded="320" />
  <finalization candidates="49" enqueued="0" />
  <ownableSynchronizers candidates="17" cleared="0" />
  <references type="soft" candidates="41" cleared="0" enqueued="0" dynamicThreshold="32" maxThreshold="32" />
  <references type="weak" candidates="624" cleared="14" enqueued="14" />
  <references type="phantom" candidates="8" cleared="3" enqueued="3" />
</gc-op>
<gc-end id="224" type="scavenge" contextid="220" durationms="2.370" usertimems="4.000" systemtimems="0.000" timestamp="2019-06-15T22:25:11.769" activeThreads="4">
  <mem-info id="225" free="5513944" total="8388608" percent="65">
    <mem type="nursery" free="1220352" total="2097152" percent="58">
      <mem type="allocate" free="1220352" total="1572864" percent="77" />
      <mem type="survivor" free="0" total="524288" percent="0" />
    </mem>
    <mem type="tenure" free="4293592" total="6291456" percent="68" macro-fragmented="2592282">
      <mem type="soa" free="3979224" total="5977088" percent="66" />
      <mem type="loa" free="314368" total="314368" percent="100" />
    </mem>
    <pending-finalizers system="0" default="0" reference="17" classloader="0" />
    <remembered-set count="2034" />
  </mem-info>
</gc-end>
<cycle-end id="226" type="scavenge" contextid="220" timestamp="2019-06-15T22:25:11.769" />
  <attribute name="elasticGC enabled" value="1" />
  <attribute name= "numThreadsSpecified" value="4" />
  <attribute name="heapSize specified" value="0" />
  <attribute name="Current GC Util" value="8" />
  <attribute name= "Current Time Running" value="44426" />
  <attribute name ="GC Interval" value="200" />
  <attribute name="ProportionalT" value="-18.000000" />
  <attribute name="ProportionalI" value="-18.000000" />
  <attribute name="ProportionalH" value="-18.000000" />
  <attribute name="Current Error" value="-12.000000" />
  <attribute name="IntegralT" value="-456.000000" />
  <attribute name="IntegralI" value="-456.000000" />
  <attribute name="IntegralH" value="-456.000000" />
  <attribute name="DerivativeT" value="-0.315789" />
  <attribute name="DerivativeI" value="-0.315789" />
  <attribute name="DerivativeH" value="-0.315789" />
  <attribute name="Loop Time for DT" value="38.000000" />
  <attribute name="Output H" value="2092630016"/>
  <attribute name="Output I" value="200"/>
  <attribute name="Output T" value="4"/>
  <attribute name="Target GC Util Change" value ="20.000000" />
  <attribute name="Current GC Util Change" value="8.000000"/>
  <attribute name="GC Util currently" value="8" />
  <attribute name="CPU Util currently" value="119650047431" />
<allocation-satisfied id="227" threadId="0000000001849700" bytesRequested="1040" />
<af-end id="228" timestamp="2019-06-15T22:25:11.769" threadId="000000000184A088" success="true" from="nursery"/>
<exclusive-end id="229" timestamp="2019-06-15T22:25:11.769" durationms="2.842" />

<exclusive-start id="230" timestamp="2019-06-15T22:25:11.807" intervalms="40.913">
  <response-info timems="0.069" idlems="0.069" threads="0" lastid="0000000001849700" lastname="main" />
</exclusive-start>
<af-start id="231" threadId="000000000184A088" totalBytesRequested="15368" timestamp="2019-06-15T22:25:11.808" intervalms="40.955" type="nursery" />
<cycle-start id="232" type="scavenge" contextid="0" timestamp="2019-06-15T22:25:11.808" intervalms="40.988" />
<gc-start id="233" type="scavenge" contextid="232" timestamp="2019-06-15T22:25:11.808">
  <mem-info id="234" free="4277240" total="8388608" percent="50">
    <mem type="nursery" free="0" total="2097152" percent="0">
      <mem type="allocate" free="0" total="1572864" percent="0" />
      <mem type="survivor" free="0" total="524288" percent="0" />
    </mem>
    <mem type="tenure" free="4277240" total="6291456" percent="67">
      <mem type="soa" free="3962872" total="5977088" percent="66" />
      <mem type="loa" free="314368" total="314368" percent="100" />
    </mem>
    <remembered-set count="2298" />
  </mem-info>
</gc-start>
<allocation-stats totalBytes="1224480" >
  <allocated-bytes non-tlh="17392" tlh="1207088" />
  <largest-consumer threadName="main" threadId="0000000001849700" bytes="1216288" />
</allocation-stats>
<gc-op id="235" type="scavenge" timems="1.577" contextid="232" timestamp="2019-06-15T22:25:11.810">
  <scavenger-info tenureage="3" tenuremask="ffe8" tiltratio="75" />
  <memory-copied type="nursery" objects="10435" bytes="366936" bytesdiscarded="117512" />
  <memory-copied type="tenure" objects="628" bytes="32368" bytesdiscarded="24" />
  <finalization candidates="11" enqueued="0" />
  <references type="soft" candidates="349" cleared="0" enqueued="0" dynamicThreshold="32" maxThreshold="32" />
  <references type="weak" candidates="502" cleared="15" enqueued="15" />
  <references type="phantom" candidates="5" cleared="0" enqueued="0" />
</gc-op>
<gc-end id="236" type="scavenge" contextid="232" durationms="2.113" usertimems="4.000" systemtimems="0.000" timestamp="2019-06-15T22:25:11.810" activeThreads="4">
  <mem-info id="237" free="5326216" total="8388608" percent="63">
    <mem type="nursery" free="1088144" total="2097152" percent="51">
      <mem type="allocate" free="1088144" total="1572864" percent="69" />
      <mem type="survivor" free="0" total="524288" percent="0" />
    </mem>
    <mem type="tenure" free="4238072" total="6291456" percent="67" macro-fragmented="2160235">
      <mem type="soa" free="3923704" total="5977088" percent="65" />
      <mem type="loa" free="314368" total="314368" percent="100" />
    </mem>
    <pending-finalizers system="0" default="0" reference="15" classloader="0" />
    <remembered-set count="949" />
  </mem-info>
</gc-end>
<cycle-end id="238" type="scavenge" contextid="232" timestamp="2019-06-15T22:25:11.810" />
  <attribute name="elasticGC enabled" value="1" />
  <attribute name= "numThreadsSpecified" value="4" />
  <attribute name="heapSize specified" value="0" />
  <attribute name="Current GC Util" value="7" />
  <attribute name= "Current Time Running" value="44467" />
  <attribute name ="GC Interval" value="200" />
  <attribute name="ProportionalT" value="-19.500000" />
  <attribute name="ProportionalI" value="-19.500000" />
  <attribute name="ProportionalH" value="-19.500000" />
  <attribute name="Current Error" value="-13.000000" />
  <attribute name="IntegralT" value="-533.000000" />
  <attribute name="IntegralI" value="-533.000000" />
  <attribute name="IntegralH" value="-533.000000" />
  <attribute name="DerivativeT" value="-0.317073" />
  <attribute name="DerivativeI" value="-0.317073" />
  <attribute name="DerivativeH" value="-0.317073" />
  <attribute name="Loop Time for DT" value="41.000000" />
  <attribute name="Output H" value="2092630016"/>
  <attribute name="Output I" value="200"/>
  <attribute name="Output T" value="4"/>
  <attribute name="Target GC Util Change" value ="20.000000" />
  <attribute name="Current GC Util Change" value="7.000000"/>
  <attribute name="GC Util currently" value="7" />
  <attribute name="CPU Util currently" value="112158255315" />
<allocation-satisfied id="239" threadId="0000000001849700" bytesRequested="15368" />
<af-end id="240" timestamp="2019-06-15T22:25:11.810" threadId="000000000184A088" success="true" from="nursery"/>
<exclusive-end id="241" timestamp="2019-06-15T22:25:11.810" durationms="2.776" />

<exclusive-start id="242" timestamp="2019-06-15T22:25:14.745" intervalms="2937.540">
  <response-info timems="0.087" idlems="0.087" threads="0" lastid="0000000001849700" lastname="main" />
</exclusive-start>
<af-start id="243" threadId="000000000184A088" totalBytesRequested="40" timestamp="2019-06-15T22:25:14.745" intervalms="2937.659" type="nursery" />
<cycle-start id="244" type="scavenge" contextid="0" timestamp="2019-06-15T22:25:14.745" intervalms="2937.777" />
<gc-start id="245" type="scavenge" contextid="244" timestamp="2019-06-15T22:25:14.746">
  <mem-info id="246" free="4214752" total="8388608" percent="50">
    <mem type="nursery" free="0" total="2097152" percent="0">
      <mem type="allocate" free="0" total="1572864" percent="0" />
      <mem type="survivor" free="0" total="524288" percent="0" />
    </mem>
    <mem type="tenure" free="4214752" total="6291456" percent="66">
      <mem type="soa" free="3900384" total="5977088" percent="65" />
      <mem type="loa" free="314368" total="314368" percent="100" />
    </mem>
    <remembered-set count="1275" />
  </mem-info>
</gc-start>
<allocation-stats totalBytes="1109400" >
  <allocated-bytes non-tlh="38688" tlh="1070712" />
  <largest-consumer threadName="main" threadId="0000000001849700" bytes="1109400" />
</allocation-stats>
<gc-op id="247" type="scavenge" timems="2.208" contextid="244" timestamp="2019-06-15T22:25:14.748">
  <scavenger-info tenureage="3" tenuremask="ffa8" tiltratio="75" />
  <memory-copied type="nursery" objects="5858" bytes="222288" bytesdiscarded="43176" />
  <memory-copied type="tenure" objects="6851" bytes="196624" bytesdiscarded="16" />
  <finalization candidates="11" enqueued="0" />
  <references type="soft" candidates="467" cleared="0" enqueued="0" dynamicThreshold="32" maxThreshold="32" />
  <references type="weak" candidates="224" cleared="12" enqueued="12" />
  <references type="phantom" candidates="5" cleared="2" enqueued="2" />
</gc-op>
<gc-end id="248" type="scavenge" contextid="244" durationms="3.046" usertimems="4.000" systemtimems="0.000" timestamp="2019-06-15T22:25:14.749" activeThreads="4">
  <mem-info id="249" free="5412832" total="8388608" percent="64">
    <mem type="nursery" free="1307136" total="2097152" percent="62">
      <mem type="allocate" free="1307136" total="1572864" percent="83" />
      <mem type="survivor" free="0" total="524288" percent="0" />
    </mem>
    <mem type="tenure" free="4105696" total="6291456" percent="65" macro-fragmented="3732887">
      <mem type="soa" free="3791328" total="5977088" percent="63" />
      <mem type="loa" free="314368" total="314368" percent="100" />
    </mem>
    <pending-finalizers system="0" default="0" reference="14" classloader="0" />
    <remembered-set count="792" />
  </mem-info>
</gc-end>
<cycle-end id="250" type="scavenge" contextid="244" timestamp="2019-06-15T22:25:14.749" />
  <attribute name="elasticGC enabled" value="1" />
  <attribute name= "numThreadsSpecified" value="4" />
  <attribute name="heapSize specified" value="0" />
  <attribute name="Current GC Util" value="0" />
  <attribute name= "Current Time Running" value="47405" />
  <attribute name ="GC Interval" value="200" />
  <attribute name="ProportionalT" value="-30.000000" />
  <attribute name="ProportionalI" value="-30.000000" />
  <attribute name="ProportionalH" value="-30.000000" />
  <attribute name="Current Error" value="-20.000000" />
  <attribute name="IntegralT" value="-58760.000000" />
  <attribute name="IntegralI" value="-58760.000000" />
  <attribute name="IntegralH" value="-58760.000000" />
  <attribute name="DerivativeT" value="-0.006807" />
  <attribute name="DerivativeI" value="-0.006807" />
  <attribute name="DerivativeH" value="-0.006807" />
  <attribute name="Loop Time for DT" value="2938.000000" />
  <attribute name="Output H" value="2092630016"/>
  <attribute name="Output I" value="200"/>
  <attribute name="Output T" value="4"/>
  <attribute name="Target GC Util Change" value ="20.000000" />
  <attribute name="Current GC Util Change" value="0.000000"/>
  <attribute name="GC Util currently" value="0" />
  <attribute name="CPU Util currently" value="5" />
<allocation-satisfied id="251" threadId="0000000001849700" bytesRequested="40" />
<af-end id="252" timestamp="2019-06-15T22:25:14.749" threadId="000000000184A088" success="true" from="nursery"/>
<exclusive-end id="253" timestamp="2019-06-15T22:25:14.749" durationms="4.462" />

<exclusive-start id="254" timestamp="2019-06-15T22:25:14.798" intervalms="53.132">
  <response-info timems="0.026" idlems="0.026" threads="0" lastid="0000000001849700" lastname="main" />
</exclusive-start>
<af-start id="255" threadId="000000000184A088" totalBytesRequested="3080" timestamp="2019-06-15T22:25:14.798" intervalms="52.972" type="nursery" />
<cycle-start id="256" type="scavenge" contextid="0" timestamp="2019-06-15T22:25:14.798" intervalms="52.818" />
<gc-start id="257" type="scavenge" contextid="256" timestamp="2019-06-15T22:25:14.798">
  <mem-info id="258" free="4071064" total="8388608" percent="48">
    <mem type="nursery" free="0" total="2097152" percent="0">
      <mem type="allocate" free="0" total="1572864" percent="0" />
      <mem type="survivor" free="0" total="524288" percent="0" />
    </mem>
    <mem type="tenure" free="4071064" total="6291456" percent="64">
      <mem type="soa" free="3756696" total="5977088" percent="62" />
      <mem type="loa" free="314368" total="314368" percent="100" />
    </mem>
    <remembered-set count="1105" />
  </mem-info>
</gc-start>
<allocation-stats totalBytes="1336808" >
  <allocated-bytes non-tlh="34672" tlh="1302136" />
  <largest-consumer threadName="main" threadId="0000000001849700" bytes="1336808" />
</allocation-stats>
<gc-op id="259" type="scavenge" timems="1.321" contextid="256" timestamp="2019-06-15T22:25:14.800">
  <scavenger-info tenureage="5" tenuremask="ffe0" tiltratio="75" />
  <memory-copied type="nursery" objects="6600" bytes="289864" bytesdiscarded="102336" />
  <finalization candidates="3" enqueued="0" />
  <references type="soft" candidates="481" cleared="0" enqueued="0" dynamicThreshold="32" maxThreshold="32" />
  <references type="weak" candidates="443" cleared="8" enqueued="8" />
  <references type="phantom" candidates="4" cleared="0" enqueued="0" />
</gc-op>
<gc-end id="260" type="scavenge" contextid="256" durationms="1.549" usertimems="4.000" systemtimems="0.000" timestamp="2019-06-15T22:25:14.800" activeThreads="4">
  <mem-info id="261" free="5316888" total="8388608" percent="63">
    <mem type="nursery" free="1245824" total="2097152" percent="59">
      <mem type="allocate" free="1245824" total="1638400" percent="76" />
      <mem type="survivor" free="0" total="458752" percent="0" />
    </mem>
    <mem type="tenure" free="4071064" total="6291456" percent="64" macro-fragmented="3732887">
      <mem type="soa" free="3756696" total="5977088" percent="62" />
      <mem type="loa" free="314368" total="314368" percent="100" />
    </mem>
    <pending-finalizers system="0" default="0" reference="8" classloader="0" />
    <remembered-set count="880" />
  </mem-info>
</gc-end>
<cycle-end id="262" type="scavenge" contextid="256" timestamp="2019-06-15T22:25:14.800" />
  <attribute name="elasticGC enabled" value="1" />
  <attribute name= "numThreadsSpecified" value="4" />
  <attribute name="heapSize specified" value="0" />
  <attribute name="Current GC Util" value="8" />
  <attribute name= "Current Time Running" value="47458" />
  <attribute name ="GC Interval" value="200" />
  <attribute name="ProportionalT" value="-18.000000" />
  <attribute name="ProportionalI" value="-18.000000" />
  <attribute name="ProportionalH" value="-18.000000" />
  <attribute name="Current Error" value="-12.000000" />
  <attribute name="IntegralT" value="-636.000000" />
  <attribute name="IntegralI" value="-636.000000" />
  <attribute name="IntegralH" value="-636.000000" />
  <attribute name="DerivativeT" value="-0.226415" />
  <attribute name="DerivativeI" value="-0.226415" />
  <attribute name="DerivativeH" value="-0.226415" />
  <attribute name="Loop Time for DT" value="53.000000" />
  <attribute name="Output H" value="2092630016"/>
  <attribute name="Output I" value="200"/>
  <attribute name="Output T" value="4"/>
  <attribute name="Target GC Util Change" value ="20.000000" />
  <attribute name="Current GC Util Change" value="8.000000"/>
  <attribute name="GC Util currently" value="8" />
  <attribute name="CPU Util currently" value="87840094101" />
<allocation-satisfied id="263" threadId="0000000001849700" bytesRequested="3080" />
<af-end id="264" timestamp="2019-06-15T22:25:14.800" threadId="000000000184A088" success="true" from="nursery"/>
<exclusive-end id="265" timestamp="2019-06-15T22:25:14.800" durationms="1.997" />

<exclusive-start id="266" timestamp="2019-06-15T22:25:14.828" intervalms="29.905">
  <response-info timems="0.043" idlems="0.043" threads="0" lastid="0000000001849700" lastname="main" />
</exclusive-start>
<af-start id="267" threadId="000000000184A088" totalBytesRequested="2272" timestamp="2019-06-15T22:25:14.828" intervalms="29.906" type="nursery" />
<cycle-start id="268" type="scavenge" contextid="0" timestamp="2019-06-15T22:25:14.828" intervalms="29.906" />
<gc-start id="269" type="scavenge" contextid="268" timestamp="2019-06-15T22:25:14.828">
  <mem-info id="270" free="4054736" total="8388608" percent="48">
    <mem type="nursery" free="0" total="2097152" percent="0">
      <mem type="allocate" free="0" total="1638400" percent="0" />
      <mem type="survivor" free="0" total="458752" percent="0" />
    </mem>
    <mem type="tenure" free="4054736" total="6291456" percent="64">
      <mem type="soa" free="3740368" total="5977088" percent="62" />
      <mem type="loa" free="314368" total="314368" percent="100" />
    </mem>
    <remembered-set count="1084" />
  </mem-info>
</gc-start>
<allocation-stats totalBytes="1249632" >
  <allocated-bytes non-tlh="19408" tlh="1230224" />
  <largest-consumer threadName="main" threadId="0000000001849700" bytes="1249632" />
</allocation-stats>
<gc-op id="271" type="scavenge" timems="1.530" contextid="268" timestamp="2019-06-15T22:25:14.830">
  <scavenger-info tenureage="3" tenuremask="fff8" tiltratio="78" />
  <memory-copied type="nursery" objects="4175" bytes="176056" bytesdiscarded="19584" />
  <memory-copied type="tenure" objects="3452" bytes="133920" bytesdiscarded="344" />
  <finalization candidates="3" enqueued="0" />
  <references type="soft" candidates="208" cleared="0" enqueued="0" dynamicThreshold="32" maxThreshold="32" />
  <references type="weak" candidates="355" cleared="15" enqueued="15" />
  <references type="phantom" candidates="3" cleared="1" enqueued="1" />
</gc-op>
<gc-end id="272" type="scavenge" contextid="268" durationms="1.889" usertimems="0.000" systemtimems="0.000" timestamp="2019-06-15T22:25:14.830" activeThreads="4">
  <mem-info id="273" free="5377736" total="8388608" percent="64">
    <mem type="nursery" free="1442560" total="2097152" percent="68">
      <mem type="allocate" free="1442560" total="1638400" percent="88" />
      <mem type="survivor" free="0" total="458752" percent="0" />
    </mem>
    <mem type="tenure" free="3935176" total="6291456" percent="62" macro-fragmented="3110739">
      <mem type="soa" free="3620808" total="5977088" percent="60" />
      <mem type="loa" free="314368" total="314368" percent="100" />
    </mem>
    <pending-finalizers system="0" default="0" reference="16" classloader="0" />
    <remembered-set count="641" />
  </mem-info>
</gc-end>
<cycle-end id="274" type="scavenge" contextid="268" timestamp="2019-06-15T22:25:14.830" />
  <attribute name="elasticGC enabled" value="1" />
  <attribute name= "numThreadsSpecified" value="4" />
  <attribute name="heapSize specified" value="0" />
  <attribute name="Current GC Util" value="8" />
  <attribute name= "Current Time Running" value="47488" />
  <attribute name ="GC Interval" value="200" />
  <attribute name="ProportionalT" value="-18.000000" />
  <attribute name="ProportionalI" value="-18.000000" />
  <attribute name="ProportionalH" value="-18.000000" />
  <attribute name="Current Error" value="-12.000000" />
  <attribute name="IntegralT" value="-360.000000" />
  <attribute name="IntegralI" value="-360.000000" />
  <attribute name="IntegralH" value="-360.000000" />
  <attribute name="DerivativeT" value="-0.400000" />
  <attribute name="DerivativeI" value="-0.400000" />
  <attribute name="DerivativeH" value="-0.400000" />
  <attribute name="Loop Time for DT" value="30.000000" />
  <attribute name="Output H" value="2092630016"/>
  <attribute name="Output I" value="200"/>
  <attribute name="Output T" value="4"/>
  <attribute name="Target GC Util Change" value ="20.000000" />
  <attribute name="Current GC Util Change" value="8.000000"/>
  <attribute name="GC Util currently" value="8" />
  <attribute name="CPU Util currently" value="153789319571" />
<allocation-satisfied id="275" threadId="0000000001849700" bytesRequested="2272" />
<af-end id="276" timestamp="2019-06-15T22:25:14.830" threadId="000000000184A088" success="true" from="nursery"/>
<exclusive-end id="277" timestamp="2019-06-15T22:25:14.830" durationms="2.414" />

<exclusive-start id="278" timestamp="2019-06-15T22:25:14.881" intervalms="53.254">
  <response-info timems="0.068" idlems="0.068" threads="0" lastid="0000000001849700" lastname="main" />
</exclusive-start>
<af-start id="279" threadId="000000000184A088" totalBytesRequested="1056" timestamp="2019-06-15T22:25:14.881" intervalms="53.265" type="nursery" />
<cycle-start id="280" type="scavenge" contextid="0" timestamp="2019-06-15T22:25:14.881" intervalms="53.267" />
<gc-start id="281" type="scavenge" contextid="280" timestamp="2019-06-15T22:25:14.881">
  <mem-info id="282" free="3895528" total="8388608" percent="46">
    <mem type="nursery" free="0" total="2097152" percent="0">
      <mem type="allocate" free="0" total="1638400" percent="0" />
      <mem type="survivor" free="0" total="458752" percent="0" />
    </mem>
    <mem type="tenure" free="3895528" total="6291456" percent="61">
      <mem type="soa" free="3581160" total="5977088" percent="59" />
      <mem type="loa" free="314368" total="314368" percent="100" />
    </mem>
    <remembered-set count="1016" />
  </mem-info>
</gc-start>
<allocation-stats totalBytes="1480488" >
  <allocated-bytes non-tlh="41920" tlh="1438568" />
  <largest-consumer threadName="main" threadId="0000000001849700" bytes="1476392" />
</allocation-stats>
<gc-op id="283" type="scavenge" timems="1.337" contextid="280" timestamp="2019-06-15T22:25:14.883">
  <scavenger-info tenureage="3" tenuremask="ffc8" tiltratio="78" />
  <memory-copied type="nursery" objects="2709" bytes="120552" bytesdiscarded="4944" />
  <memory-copied type="tenure" objects="2318" bytes="84688" bytesdiscarded="16" />
  <finalization candidates="3" enqueued="0" />
  <references type="soft" candidates="57" cleared="0" enqueued="0" dynamicThreshold="32" maxThreshold="32" />
  <references type="weak" candidates="586" cleared="2" enqueued="2" />
  <references type="phantom" candidates="2" cleared="0" enqueued="0" />
</gc-op>
<gc-end id="284" type="scavenge" contextid="280" durationms="1.648" usertimems="4.000" systemtimems="0.000" timestamp="2019-06-15T22:25:14.883" activeThreads="4">
  <mem-info id="285" free="5434592" total="8388608" percent="64">
    <mem type="nursery" free="1578232" total="2097152" percent="75">
      <mem type="allocate" free="1578232" total="1703936" percent="92" />
      <mem type="survivor" free="0" total="393216" percent="0" />
    </mem>
    <mem type="tenure" free="3856360" total="6291456" percent="61" macro-fragmented="1041779">
      <mem type="soa" free="3541992" total="5977088" percent="59" />
      <mem type="loa" free="314368" total="314368" percent="100" />
    </mem>
    <pending-finalizers system="0" default="0" reference="2" classloader="0" />
    <remembered-set count="716" />
  </mem-info>
</gc-end>
<cycle-end id="286" type="scavenge" contextid="280" timestamp="2019-06-15T22:25:14.883" />
  <attribute name="elasticGC enabled" value="1" />
  <attribute name= "numThreadsSpecified" value="4" />
  <attribute name="heapSize specified" value="0" />
  <attribute name="Current GC Util" value="5" />
  <attribute name= "Current Time Running" value="47541" />
  <attribute name ="GC Interval" value="200" />
  <attribute name="ProportionalT" value="-22.500000" />
  <attribute name="ProportionalI" value="-22.500000" />
  <attribute name="ProportionalH" value="-22.500000" />
  <attribute name="Current Error" value="-15.000000" />
  <attribute name="IntegralT" value="-795.000000" />
  <attribute name="IntegralI" value="-795.000000" />
  <attribute name="IntegralH" value="-795.000000" />
  <attribute name="DerivativeT" value="-0.283019" />
  <attribute name="DerivativeI" value="-0.283019" />
  <attribute name="DerivativeH" value="-0.283019" />
  <attribute name="Loop Time for DT" value="53.000000" />
  <attribute name="Output H" value="2092630016"/>
  <attribute name="Output I" value="200"/>
  <attribute name="Output T" value="4"/>
  <attribute name="Target GC Util Change" value ="20.000000" />
  <attribute name="Current GC Util Change" value="5.000000"/>
  <attribute name="GC Util currently" value="5" />
  <attribute name="CPU Util currently" value="86702576320" />
<allocation-satisfied id="287" threadId="0000000001849700" bytesRequested="1056" />
<af-end id="288" timestamp="2019-06-15T22:25:14.883" threadId="000000000184A088" success="true" from="nursery"/>
<exclusive-end id="289" timestamp="2019-06-15T22:25:14.884" durationms="2.274" />

<exclusive-start id="290" timestamp="2019-06-15T22:25:14.933" intervalms="51.379">
  <response-info timems="0.050" idlems="0.050" threads="0" lastid="0000000001849700" lastname="main" />
</exclusive-start>
<af-start id="291" threadId="000000000184A088" totalBytesRequested="8040" timestamp="2019-06-15T22:25:14.933" intervalms="51.426" type="nursery" />
<cycle-start id="292" type="scavenge" contextid="0" timestamp="2019-06-15T22:25:14.933" intervalms="51.481" />
<gc-start id="293" type="scavenge" contextid="292" timestamp="2019-06-15T22:25:14.933">
  <mem-info id="294" free="3804760" total="8388608" percent="45">
    <mem type="nursery" free="0" total="2097152" percent="0">
      <mem type="allocate" free="0" total="1703936" percent="0" />
      <mem type="survivor" free="0" total="393216" percent="0" />
    </mem>
    <mem type="tenure" free="3804760" total="6291456" percent="60">
      <mem type="soa" free="3490392" total="5977088" percent="58" />
      <mem type="loa" free="314368" total="314368" percent="100" />
    </mem>
    <remembered-set count="1180" />
  </mem-info>
</gc-start>
<allocation-stats totalBytes="1621664" >
  <allocated-bytes non-tlh="68024" tlh="1553640" />
  <largest-consumer threadName="main" threadId="0000000001849700" bytes="1621664" />
</allocation-stats>
<gc-op id="295" type="scavenge" timems="1.395" contextid="292" timestamp="2019-06-15T22:25:14.935">
  <scavenger-info tenureage="3" tenuremask="ffe8" tiltratio="81" />
  <memory-copied type="nursery" objects="3332" bytes="119704" bytesdiscarded="36696" />
  <memory-copied type="tenure" objects="731" bytes="47664" bytesdiscarded="16" />
  <finalization candidates="3" enqueued="0" />
  <ownableSynchronizers candidates="1" cleared="0" />
  <references type="soft" candidates="79" cleared="0" enqueued="0" dynamicThreshold="32" maxThreshold="32" />
  <references type="weak" candidates="653" cleared="1" enqueued="1" />
  <references type="phantom" candidates="1" cleared="0" enqueued="0" />
</gc-op>
<gc-end id="296" type="scavenge" contextid="292" durationms="1.684" usertimems="4.000" systemtimems="0.000" timestamp="2019-06-15T22:25:14.935" activeThreads="4">
  <mem-info id="297" free="5312856" total="8388608" percent="63">
    <mem type="nursery" free="1547264" total="2097152" percent="73">
      <mem type="allocate" free="1547264" total="1703936" percent="90" />
      <mem type="survivor" free="0" total="393216" percent="0" />
    </mem>
    <mem type="tenure" free="3765592" total="6291456" percent="59" macro-fragmented="3110739">
      <mem type="soa" free="3451224" total="5977088" percent="57" />
      <mem type="loa" free="314368" total="314368" percent="100" />
    </mem>
    <pending-finalizers system="0" default="0" reference="1" classloader="0" />
    <remembered-set count="1006" />
  </mem-info>
</gc-end>
<cycle-end id="298" type="scavenge" contextid="292" timestamp="2019-06-15T22:25:14.935" />
  <attribute name="elasticGC enabled" value="1" />
  <attribute name= "numThreadsSpecified" value="4" />
  <attribute name="heapSize specified" value="0" />
  <attribute name="Current GC Util" value="5" />
  <attribute name= "Current Time Running" value="47593" />
  <attribute name ="GC Interval" value="200" />
  <attribute name="ProportionalT" value="-22.500000" />
  <attribute name="ProportionalI" value="-22.500000" />
  <attribute name="ProportionalH" value="-22.500000" />
  <attribute name="Current Error" value="-15.000000" />
  <attribute name="IntegralT" value="-780.000000" />
  <attribute name="IntegralI" value="-780.000000" />
  <attribute name="IntegralH" value="-780.000000" />
  <attribute name="DerivativeT" value="-0.288462" />
  <attribute name="DerivativeI" value="-0.288462" />
  <attribute name="DerivativeH" value="-0.288462" />
  <attribute name="Loop Time for DT" value="52.000000" />
  <attribute name="Output H" value="2092630016"/>
  <attribute name="Output I" value="200"/>
  <attribute name="Output T" value="4"/>
  <attribute name="Target GC Util Change" value ="20.000000" />
  <attribute name="Current GC Util Change" value="5.000000"/>
  <attribute name="GC Util currently" value="5" />
  <attribute name="CPU Util currently" value="89442481660" />
<allocation-satisfied id="299" threadId="0000000001849700" bytesRequested="8040" />
<af-end id="300" timestamp="2019-06-15T22:25:14.935" threadId="000000000184A088" success="true" from="nursery"/>
<exclusive-end id="301" timestamp="2019-06-15T22:25:14.935" durationms="2.412" />

<exclusive-start id="302" timestamp="2019-06-15T22:25:14.988" intervalms="55.544">
  <response-info timems="0.102" idlems="0.102" threads="0" lastid="0000000001FB0900" lastname="process reaper" />
</exclusive-start>
<af-start id="303" threadId="0000000001FB1288" totalBytesRequested="16" timestamp="2019-06-15T22:25:14.988" intervalms="55.544" type="nursery" />
<cycle-start id="304" type="scavenge" contextid="0" timestamp="2019-06-15T22:25:14.988" intervalms="55.542" />
<gc-start id="305" type="scavenge" contextid="304" timestamp="2019-06-15T22:25:14.989">
  <mem-info id="306" free="3713776" total="8388608" percent="44">
    <mem type="nursery" free="0" total="2097152" percent="0">
      <mem type="allocate" free="0" total="1703936" percent="0" />
      <mem type="survivor" free="0" total="393216" percent="0" />
    </mem>
    <mem type="tenure" free="3713776" total="6291456" percent="59">
      <mem type="soa" free="3399408" total="5977088" percent="56" />
      <mem type="loa" free="314368" total="314368" percent="100" />
    </mem>
    <remembered-set count="1821" />
  </mem-info>
</gc-start>
<allocation-stats totalBytes="1597128" >
  <allocated-bytes non-tlh="59856" tlh="1537272" />
  <largest-consumer threadName="main" threadId="0000000001849700" bytes="1593000" />
</allocation-stats>
<gc-op id="307" type="scavenge" timems="1.383" contextid="304" timestamp="2019-06-15T22:25:14.990">
  <scavenger-info tenureage="3" tenuremask="ffe8" tiltratio="81" />
  <memory-copied type="nursery" objects="8196" bytes="346064" bytesdiscarded="45872" />
  <memory-copied type="tenure" objects="1023" bytes="35944" bytesdiscarded="0" />
  <finalization candidates="9" enqueued="0" />
  <ownableSynchronizers candidates="4" cleared="0" />
  <references type="soft" candidates="233" cleared="0" enqueued="0" dynamicThreshold="32" maxThreshold="32" />
  <references type="weak" candidates="1859" cleared="405" enqueued="271" />
  <references type="phantom" candidates="2" cleared="1" enqueued="1" />
</gc-op>
<gc-end id="308" type="scavenge" contextid="304" durationms="1.961" usertimems="0.000" systemtimems="0.000" timestamp="2019-06-15T22:25:14.991" activeThreads="4">
  <mem-info id="309" free="4788720" total="8388608" percent="57">
    <mem type="nursery" free="1114112" total="2097152" percent="53">
      <mem type="allocate" free="1114112" total="1507328" percent="73" />
      <mem type="survivor" free="0" total="589824" percent="0" />
    </mem>
    <mem type="tenure" free="3674608" total="6291456" percent="58" macro-fragmented="2592282">
      <mem type="soa" free="3360240" total="5977088" percent="56" />
      <mem type="loa" free="314368" total="314368" percent="100" />
    </mem>
    <pending-finalizers system="0" default="0" reference="272" classloader="0" />
    <remembered-set count="1393" />
  </mem-info>
</gc-end>
<cycle-end id="310" type="scavenge" contextid="304" timestamp="2019-06-15T22:25:14.991" />
  <attribute name="elasticGC enabled" value="1" />
  <attribute name= "numThreadsSpecified" value="4" />
  <attribute name="heapSize specified" value="0" />
  <attribute name="Current GC Util" value="4" />
  <attribute name= "Current Time Running" value="47648" />
  <attribute name ="GC Interval" value="200" />
  <attribute name="ProportionalT" value="-24.000000" />
  <attribute name="ProportionalI" value="-24.000000" />
  <attribute name="ProportionalH" value="-24.000000" />
  <attribute name="Current Error" value="-16.000000" />
  <attribute name="IntegralT" value="-880.000000" />
  <attribute name="IntegralI" value="-880.000000" />
  <attribute name="IntegralH" value="-880.000000" />
  <attribute name="DerivativeT" value="-0.290909" />
  <attribute name="DerivativeI" value="-0.290909" />
  <attribute name="DerivativeH" value="-0.290909" />
  <attribute name="Loop Time for DT" value="55.000000" />
  <attribute name="Output H" value="2092630016"/>
  <attribute name="Output I" value="200"/>
  <attribute name="Output T" value="4"/>
  <attribute name="Target GC Util Change" value ="20.000000" />
  <attribute name="Current GC Util Change" value="4.000000"/>
  <attribute name="GC Util currently" value="4" />
  <attribute name="CPU Util currently" value="82798688858" />
<allocation-satisfied id="311" threadId="0000000001FB0900" bytesRequested="16" />
<af-end id="312" timestamp="2019-06-15T22:25:14.991" threadId="0000000001FB1288" success="true" from="nursery"/>
<exclusive-end id="313" timestamp="2019-06-15T22:25:14.991" durationms="2.921" />

<exclusive-start id="314" timestamp="2019-06-15T22:25:15.028" intervalms="40.064">
  <response-info timems="0.058" idlems="0.058" threads="0" lastid="0000000001849700" lastname="main" />
</exclusive-start>
<af-start id="315" threadId="000000000184A088" totalBytesRequested="31752" timestamp="2019-06-15T22:25:15.028" intervalms="40.080" type="nursery" />
<cycle-start id="316" type="scavenge" contextid="0" timestamp="2019-06-15T22:25:15.029" intervalms="40.094" />
<gc-start id="317" type="scavenge" contextid="316" timestamp="2019-06-15T22:25:15.029">
  <mem-info id="318" free="3659592" total="8388608" percent="43">
    <mem type="nursery" free="0" total="2097152" percent="0">
      <mem type="allocate" free="0" total="1507328" percent="0" />
      <mem type="survivor" free="0" total="589824" percent="0" />
    </mem>
    <mem type="tenure" free="3659592" total="6291456" percent="58">
      <mem type="soa" free="3345224" total="5977088" percent="55" />
      <mem type="loa" free="314368" total="314368" percent="100" />
    </mem>
    <remembered-set count="1665" />
  </mem-info>
</gc-start>
<allocation-stats totalBytes="1097664" >
  <allocated-bytes non-tlh="277184" tlh="820480" />
  <largest-consumer threadName="main" threadId="0000000001849700" bytes="1015808" />
</allocation-stats>
<gc-op id="319" type="scavenge" timems="1.681" contextid="316" timestamp="2019-06-15T22:25:15.030">
  <scavenger-info tenureage="14" tenuremask="4000" tiltratio="71" />
  <memory-copied type="nursery" objects="5270" bytes="560920" bytesdiscarded="28144" />
  <memory-copied type="tenure" objects="4587" bytes="175680" bytesdiscarded="216" />
  <copy-failed type="nursery" objects="4587" bytes="175816" />
  <finalization candidates="14" enqueued="0" />
  <ownableSynchronizers candidates="6" cleared="0" />
  <references type="soft" candidates="174" cleared="0" enqueued="0" dynamicThreshold="32" maxThreshold="32" />
  <references type="weak" candidates="1232" cleared="29" enqueued="20" />
  <references type="phantom" candidates="5" cleared="1" enqueued="1" />
</gc-op>
<gc-end id="320" type="scavenge" contextid="316" durationms="2.132" usertimems="4.000" systemtimems="0.000" timestamp="2019-06-15T22:25:15.031" activeThreads="4">
  <mem-info id="321" free="3953472" total="8388608" percent="47">
    <mem type="nursery" free="458752" total="2097152" percent="21">
      <mem type="allocate" free="458752" total="1048576" percent="43" />
      <mem type="survivor" free="0" total="1048576" percent="0" />
    </mem>
    <mem type="tenure" free="3494720" total="6291456" percent="55" macro-fragmented="2592282">
      <mem type="soa" free="3180352" total="5977088" percent="53" />
      <mem type="loa" free="314368" total="314368" percent="100" />
    </mem>
    <pending-finalizers system="0" default="0" reference="21" classloader="0" />
    <remembered-set count="2405" />
  </mem-info>
</gc-end>
<cycle-end id="322" type="scavenge" contextid="316" timestamp="2019-06-15T22:25:15.031" />
  <attribute name="elasticGC enabled" value="1" />
  <attribute name= "numThreadsSpecified" value="4" />
  <attribute name="heapSize specified" value="0" />
  <attribute name="Current GC Util" value="5" />
  <attribute name= "Current Time Running" value="47688" />
  <attribute name ="GC Interval" value="200" />
  <attribute name="ProportionalT" value="-22.500000" />
  <attribute name="ProportionalI" value="-22.500000" />
  <attribute name="ProportionalH" value="-22.500000" />
  <attribute name="Current Error" value="-15.000000" />
  <attribute name="IntegralT" value="-600.000000" />
  <attribute name="IntegralI" value="-600.000000" />
  <attribute name="IntegralH" value="-600.000000" />
  <attribute name="DerivativeT" value="-0.375000" />
  <attribute name="DerivativeI" value="-0.375000" />
  <attribute name="DerivativeH" value="-0.375000" />
  <attribute name="Loop Time for DT" value="40.000000" />
  <attribute name="Output H" value="2092630016"/>
  <attribute name="Output I" value="200"/>
  <attribute name="Output T" value="4"/>
  <attribute name="Target GC Util Change" value ="20.000000" />
  <attribute name="Current GC Util Change" value="5.000000"/>
  <attribute name="GC Util currently" value="5" />
  <attribute name="CPU Util currently" value="115362267590" />
<allocation-satisfied id="323" threadId="0000000001849700" bytesRequested="31752" />
<af-end id="324" timestamp="2019-06-15T22:25:15.031" threadId="000000000184A088" success="true" from="nursery"/>
<exclusive-end id="325" timestamp="2019-06-15T22:25:15.031" durationms="2.970" />

<exclusive-start id="326" timestamp="2019-06-15T22:25:15.045" intervalms="16.327">
  <response-info timems="0.050" idlems="0.050" threads="0" lastid="0000000001849700" lastname="main" />
</exclusive-start>
<af-start id="327" threadId="000000000184A088" totalBytesRequested="200008" timestamp="2019-06-15T22:25:15.045" intervalms="16.272" type="nursery" />
<cycle-start id="328" type="scavenge" contextid="0" timestamp="2019-06-15T22:25:15.045" intervalms="16.268" />
<gc-start id="329" type="scavenge" contextid="328" timestamp="2019-06-15T22:25:15.045">
  <mem-info id="330" free="3579728" total="8388608" percent="42">
    <mem type="nursery" free="90624" total="2097152" percent="4">
      <mem type="allocate" free="90624" total="1048576" percent="8" />
      <mem type="survivor" free="0" total="1048576" percent="0" />
    </mem>
    <mem type="tenure" free="3489104" total="6291456" percent="55">
      <mem type="soa" free="3174736" total="5977088" percent="53" />
      <mem type="loa" free="314368" total="314368" percent="100" />
    </mem>
    <remembered-set count="2497" />
  </mem-info>
</gc-start>
<allocation-stats totalBytes="372664" >
  <allocated-bytes non-tlh="87024" tlh="285640" />
  <largest-consumer threadName="main" threadId="0000000001849700" bytes="364472" />
</allocation-stats>
<gc-op id="331" type="scavenge" timems="1.220" contextid="328" timestamp="2019-06-15T22:25:15.046">
  <scavenger-info tenureage="3" tenuremask="6018" tiltratio="50" />
  <memory-copied type="nursery" objects="4521" bytes="503816" bytesdiscarded="115096" />
  <memory-copied type="tenure" objects="958" bytes="37432" bytesdiscarded="32" />
  <finalization candidates="14" enqueued="0" />
  <ownableSynchronizers candidates="6" cleared="0" />
  <references type="soft" candidates="185" cleared="0" enqueued="0" dynamicThreshold="32" maxThreshold="32" />
  <references type="weak" candidates="748" cleared="11" enqueued="8" />
  <references type="phantom" candidates="6" cleared="1" enqueued="1" />
</gc-op>
<heap-resize id="332" type="expand" space="nursery" amount="131072" count="1" timems="0.113" reason="excessive time being spent scavenging" timestamp="2019-06-15T22:25:15.047" />
<gc-end id="333" type="scavenge" contextid="328" durationms="1.927" usertimems="0.000" systemtimems="0.000" timestamp="2019-06-15T22:25:15.047" activeThreads="4">
  <mem-info id="334" free="3913784" total="8519680" percent="45">
    <mem type="nursery" free="494568" total="2228224" percent="22">
      <mem type="allocate" free="494568" total="1114112" percent="44" />
      <mem type="survivor" free="0" total="1114112" percent="0" />
    </mem>
    <mem type="tenure" free="3419216" total="6291456" percent="54" macro-fragmented="2592282">
      <mem type="soa" free="3104848" total="5977088" percent="51" />
      <mem type="loa" free="314368" total="314368" percent="100" />
    </mem>
    <pending-finalizers system="0" default="0" reference="9" classloader="0" />
    <remembered-set count="1378" />
  </mem-info>
</gc-end>
<cycle-end id="335" type="scavenge" contextid="328" timestamp="2019-06-15T22:25:15.047" />
  <attribute name="elasticGC enabled" value="1" />
  <attribute name= "numThreadsSpecified" value="4" />
  <attribute name="heapSize specified" value="0" />
  <attribute name="Current GC Util" value="17" />
  <attribute name= "Current Time Running" value="47704" />
  <attribute name ="GC Interval" value="200" />
  <attribute name="ProportionalT" value="-4.500000" />
  <attribute name="ProportionalI" value="-4.500000" />
  <attribute name="ProportionalH" value="-4.500000" />
  <attribute name="Current Error" value="-3.000000" />
  <attribute name="IntegralT" value="-48.000000" />
  <attribute name="IntegralI" value="-48.000000" />
  <attribute name="IntegralH" value="-48.000000" />
  <attribute name="DerivativeT" value="-0.187500" />
  <attribute name="DerivativeI" value="-0.187500" />
  <attribute name="DerivativeH" value="-0.187500" />
  <attribute name="Loop Time for DT" value="16.000000" />
  <attribute name="Output H" value="2092630016"/>
  <attribute name="Output I" value="200"/>
  <attribute name="Output T" value="4"/>
  <attribute name="Target GC Util Change" value ="20.000000" />
  <attribute name="Current GC Util Change" value="17.000000"/>
  <attribute name="GC Util currently" value="17" />
  <attribute name="CPU Util currently" value="283551039502" />
<allocation-satisfied id="336" threadId="0000000001849700" bytesRequested="200008" />
<af-end id="337" timestamp="2019-06-15T22:25:15.047" threadId="000000000184A088" success="true" from="nursery"/>
<exclusive-end id="338" timestamp="2019-06-15T22:25:15.047" durationms="2.520" />

<exclusive-start id="339" timestamp="2019-06-15T22:25:15.055" intervalms="10.891">
  <response-info timems="0.051" idlems="0.051" threads="0" lastid="0000000001849700" lastname="main" />
</exclusive-start>
<af-start id="340" threadId="000000000184A088" totalBytesRequested="7176" timestamp="2019-06-15T22:25:15.056" intervalms="10.906" type="nursery" />
<cycle-start id="341" type="scavenge" contextid="0" timestamp="2019-06-15T22:25:15.056" intervalms="10.862" />
<gc-start id="342" type="scavenge" contextid="341" timestamp="2019-06-15T22:25:15.056">
  <mem-info id="343" free="3417984" total="8519680" percent="40">
    <mem type="nursery" free="0" total="2228224" percent="0">
      <mem type="allocate" free="0" total="1114112" percent="0" />
      <mem type="survivor" free="0" total="1114112" percent="0" />
    </mem>
    <mem type="tenure" free="3417984" total="6291456" percent="54">
      <mem type="soa" free="3103616" total="5977088" percent="51" />
      <mem type="loa" free="314368" total="314368" percent="100" />
    </mem>
    <remembered-set count="1399" />
  </mem-info>
</gc-start>
<allocation-stats totalBytes="477832" >
  <allocated-bytes non-tlh="250408" tlh="227424" />
  <largest-consumer threadName="main" threadId="0000000001849700" bytes="469640" />
</allocation-stats>
<gc-op id="344" type="scavenge" timems="1.468" contextid="341" timestamp="2019-06-15T22:25:15.057">
  <scavenger-info tenureage="3" tenuremask="ffc8" tiltratio="50" />
  <memory-copied type="nursery" objects="1579" bytes="630584" bytesdiscarded="138096" />
  <memory-copied type="tenure" objects="2952" bytes="122104" bytesdiscarded="192" />
  <finalization candidates="14" enqueued="0" />
  <ownableSynchronizers candidates="5" cleared="0" />
  <references type="soft" candidates="95" cleared="0" enqueued="0" dynamicThreshold="32" maxThreshold="32" />
  <references type="weak" candidates="164" cleared="0" enqueued="0" />
  <references type="phantom" candidates="5" cleared="0" enqueued="0" />
</gc-op>
<heap-resize id="345" type="expand" space="nursery" amount="131072" count="1" timems="0.055" reason="excessive time being spent scavenging" timestamp="2019-06-15T22:25:15.058" />
<gc-end id="346" type="scavenge" contextid="341" durationms="2.060" usertimems="4.000" systemtimems="0.000" timestamp="2019-06-15T22:25:15.058" activeThreads="4">
  <mem-info id="347" free="3750432" total="8650752" percent="43">
    <mem type="nursery" free="410784" total="2359296" percent="17">
      <mem type="allocate" free="410784" total="1179648" percent="34" />
      <mem type="survivor" free="0" total="1179648" percent="0" />
    </mem>
    <mem type="tenure" free="3339648" total="6291456" percent="53" macro-fragmented="2592282">
      <mem type="soa" free="3025280" total="5977088" percent="50" />
      <mem type="loa" free="314368" total="314368" percent="100" />
    </mem>
    <remembered-set count="454" />
  </mem-info>
</gc-end>
<cycle-end id="348" type="scavenge" contextid="341" timestamp="2019-06-15T22:25:15.058" />
  <attribute name="elasticGC enabled" value="1" />
  <attribute name= "numThreadsSpecified" value="4" />
  <attribute name="heapSize specified" value="0" />
  <attribute name="Current GC Util" value="22" />
  <attribute name= "Current Time Running" value="47715" />
  <attribute name ="GC Interval" value="200" />
  <attribute name="ProportionalT" value="3.000000" />
  <attribute name="ProportionalI" value="3.000000" />
  <attribute name="ProportionalH" value="3.000000" />
  <attribute name="Current Error" value="2.000000" />
  <attribute name="IntegralT" value="22.000000" />
  <attribute name="IntegralI" value="22.000000" />
  <attribute name="IntegralH" value="22.000000" />
  <attribute name="DerivativeT" value="0.181818" />
  <attribute name="DerivativeI" value="0.181818" />
  <attribute name="DerivativeH" value="0.181818" />
  <attribute name="Loop Time for DT" value="11.000000" />
  <attribute name="Output H" value="8388608"/>
  <attribute name="Output I" value="200"/>
  <attribute name="Output T" value="4"/>
  <attribute name="Target GC Util Change" value ="20.000000" />
  <attribute name="Current GC Util Change" value="22.000000"/>
  <attribute name="GC Util currently" value="22" />
  <attribute name="CPU Util currently" value="426958350215" />
<allocation-satisfied id="349" threadId="0000000001849700" bytesRequested="7176" />
<af-end id="350" timestamp="2019-06-15T22:25:15.058" threadId="000000000184A088" success="true" from="nursery"/>
<exclusive-end id="351" timestamp="2019-06-15T22:25:15.058" durationms="2.810" />

<exclusive-start id="352" timestamp="2019-06-15T22:25:15.065" intervalms="9.194">
  <response-info timems="0.060" idlems="0.060" threads="0" lastid="0000000001849700" lastname="main" />
</exclusive-start>
<af-start id="353" threadId="000000000184A088" totalBytesRequested="131080" timestamp="2019-06-15T22:25:15.065" intervalms="9.200" type="nursery" />
<cycle-start id="354" type="scavenge" contextid="0" timestamp="2019-06-15T22:25:15.065" intervalms="9.226" />
<gc-start id="355" type="scavenge" contextid="354" timestamp="2019-06-15T22:25:15.065">
  <mem-info id="356" free="3419640" total="8650752" percent="39">
    <mem type="nursery" free="86584" total="2359296" percent="3">
      <mem type="allocate" free="86584" total="1179648" percent="7" />
      <mem type="survivor" free="0" total="1179648" percent="0" />
    </mem>
    <mem type="tenure" free="3333056" total="6291456" percent="52">
      <mem type="soa" free="3018688" total="5977088" percent="50" />
      <mem type="loa" free="314368" total="314368" percent="100" />
    </mem>
    <remembered-set count="524" />
  </mem-info>
</gc-start>
<allocation-stats totalBytes="330104" >
  <allocated-bytes non-tlh="141360" tlh="188744" />
  <largest-consumer threadName="main" threadId="0000000001849700" bytes="330104" />
</allocation-stats>
<gc-op id="357" type="scavenge" timems="1.223" contextid="354" timestamp="2019-06-15T22:25:15.066">
  <scavenger-info tenureage="3" tenuremask="7808" tiltratio="50" />
  <memory-copied type="nursery" objects="345" bytes="282768" bytesdiscarded="67480" />
  <memory-copied type="tenure" objects="1284" bytes="332944" bytesdiscarded="456" />
  <finalization candidates="5" enqueued="0" />
  <ownableSynchronizers candidates="2" cleared="0" />
  <references type="soft" candidates="11" cleared="0" enqueued="0" dynamicThreshold="32" maxThreshold="32" />
  <references type="weak" candidates="21" cleared="0" enqueued="0" />
  <references type="phantom" candidates="2" cleared="0" enqueued="0" />
</gc-op>
<heap-resize id="358" type="expand" space="nursery" amount="131072" count="1" timems="0.009" reason="excessive time being spent scavenging" timestamp="2019-06-15T22:25:15.067" />
<gc-end id="359" type="scavenge" contextid="354" durationms="1.851" usertimems="4.000" systemtimems="0.000" timestamp="2019-06-15T22:25:15.067" activeThreads="4">
  <mem-info id="360" free="3957080" total="8781824" percent="45">
    <mem type="nursery" free="1025952" total="2490368" percent="41">
      <mem type="allocate" free="1025952" total="1376256" percent="74" />
      <mem type="survivor" free="0" total="1114112" percent="0" />
    </mem>
    <mem type="tenure" free="2931128" total="6291456" percent="46" macro-fragmented="67617">
      <mem type="soa" free="2616760" total="5977088" percent="43" />
      <mem type="loa" free="314368" total="314368" percent="100" />
    </mem>
    <remembered-set count="218" />
  </mem-info>
</gc-end>
<cycle-end id="361" type="scavenge" contextid="354" timestamp="2019-06-15T22:25:15.067" />
  <attribute name="elasticGC enabled" value="1" />
  <attribute name= "numThreadsSpecified" value="4" />
  <attribute name="heapSize specified" value="0" />
  <attribute name="Current GC Util" value="27" />
  <attribute name= "Current Time Running" value="47725" />
  <attribute name ="GC Interval" value="200" />
  <attribute name="ProportionalT" value="10.500000" />
  <attribute name="ProportionalI" value="10.500000" />
  <attribute name="ProportionalH" value="10.500000" />
  <attribute name="Current Error" value="7.000000" />
  <attribute name="IntegralT" value="70.000000" />
  <attribute name="IntegralI" value="70.000000" />
  <attribute name="IntegralH" value="70.000000" />
  <attribute name="DerivativeT" value="0.500000" />
  <attribute name="DerivativeI" value="0.500000" />
  <attribute name="DerivativeH" value="0.500000" />
  <attribute name="Loop Time for DT" value="10.000000" />
  <attribute name="Output H" value="8388608"/>
  <attribute name="Output I" value="200"/>
  <attribute name="Output T" value="4"/>
  <attribute name="Target GC Util Change" value ="20.000000" />
  <attribute name="Current GC Util Change" value="27.000000"/>
  <attribute name="GC Util currently" value="27" />
  <attribute name="CPU Util currently" value="497766430323" />
<allocation-satisfied id="362" threadId="0000000001849700" bytesRequested="131080" />
<af-end id="363" timestamp="2019-06-15T22:25:15.067" threadId="000000000184A088" success="true" from="nursery"/>
<exclusive-end id="364" timestamp="2019-06-15T22:25:15.067" durationms="2.540" />

<exclusive-start id="365" timestamp="2019-06-15T22:25:15.078" intervalms="13.791">
  <response-info timems="0.026" idlems="0.026" threads="0" lastid="0000000001849700" lastname="main" />
</exclusive-start>
<af-start id="366" threadId="000000000184A088" totalBytesRequested="262168" timestamp="2019-06-15T22:25:15.078" intervalms="13.731" type="nursery" />
<cycle-start id="367" type="scavenge" contextid="0" timestamp="2019-06-15T22:25:15.079" intervalms="13.680" />
<gc-start id="368" type="scavenge" contextid="367" timestamp="2019-06-15T22:25:15.079">
  <mem-info id="369" free="3007024" total="8781824" percent="34">
    <mem type="nursery" free="82816" total="2490368" percent="3">
      <mem type="allocate" free="82816" total="1376256" percent="6" />
      <mem type="survivor" free="0" total="1114112" percent="0" />
    </mem>
    <mem type="tenure" free="2924208" total="6291456" percent="46">
      <mem type="soa" free="2609840" total="5977088" percent="43" />
      <mem type="loa" free="314368" total="314368" percent="100" />
    </mem>
    <remembered-set count="372" />
  </mem-info>
</gc-start>
<allocation-stats totalBytes="943112" >
  <allocated-bytes non-tlh="724784" tlh="218328" />
  <largest-consumer threadName="main" threadId="0000000001849700" bytes="943112" />
</allocation-stats>
<gc-op id="370" type="scavenge" timems="0.654" contextid="367" timestamp="2019-06-15T22:25:15.079">
  <scavenger-info tenureage="3" tenuremask="7808" tiltratio="55" />
  <memory-copied type="nursery" objects="400" bytes="817360" bytesdiscarded="140176" />
  <memory-copied type="tenure" objects="249" bytes="20472" bytesdiscarded="0" />
  <references type="weak" candidates="2" cleared="1" enqueued="1" />
  <references type="phantom" candidates="1" cleared="0" enqueued="0" />
</gc-op>
<gc-end id="371" type="scavenge" contextid="367" durationms="1.051" usertimems="4.000" systemtimems="0.000" timestamp="2019-06-15T22:25:15.080" activeThreads="4">
  <mem-info id="372" free="3211840" total="8781824" percent="36">
    <mem type="nursery" free="287632" total="2490368" percent="11">
      <mem type="allocate" free="287632" total="1245184" percent="23" />
      <mem type="survivor" free="0" total="1245184" percent="0" />
    </mem>
    <mem type="tenure" free="2924208" total="6291456" percent="46" macro-fragmented="2160235">
      <mem type="soa" free="2609840" total="5977088" percent="43" />
      <mem type="loa" free="314368" total="314368" percent="100" />
    </mem>
    <pending-finalizers system="0" default="0" reference="1" classloader="0" />
    <remembered-set count="323" />
  </mem-info>
</gc-end>
<cycle-end id="373" type="scavenge" contextid="367" timestamp="2019-06-15T22:25:15.080" />
  <attribute name="elasticGC enabled" value="1" />
  <attribute name= "numThreadsSpecified" value="4" />
  <attribute name="heapSize specified" value="0" />
  <attribute name="Current GC Util" value="19" />
  <attribute name= "Current Time Running" value="47738" />
  <attribute name ="GC Interval" value="200" />
  <attribute name="ProportionalT" value="-1.500000" />
  <attribute name="ProportionalI" value="-1.500000" />
  <attribute name="ProportionalH" value="-1.500000" />
  <attribute name="Current Error" value="-1.000000" />
  <attribute name="IntegralT" value="-13.000000" />
  <attribute name="IntegralI" value="-13.000000" />
  <attribute name="IntegralH" value="-13.000000" />
  <attribute name="DerivativeT" value="-0.615385" />
  <attribute name="DerivativeI" value="-0.615385" />
  <attribute name="DerivativeH" value="-0.615385" />
  <attribute name="Loop Time for DT" value="13.000000" />
  <attribute name="Output H" value="2092630016"/>
  <attribute name="Output I" value="200"/>
  <attribute name="Output T" value="4"/>
  <attribute name="Target GC Util Change" value ="20.000000" />
  <attribute name="Current GC Util Change" value="19.000000"/>
  <attribute name="GC Util currently" value="19" />
  <attribute name="CPU Util currently" value="340201013706" />
<allocation-satisfied id="374" threadId="0000000001849700" bytesRequested="262168" />
<af-end id="375" timestamp="2019-06-15T22:25:15.080" threadId="000000000184A088" success="true" from="nursery"/>
<exclusive-end id="376" timestamp="2019-06-15T22:25:15.080" durationms="1.455" />

<exclusive-start id="377" timestamp="2019-06-15T22:25:15.084" intervalms="5.261">
  <response-info timems="0.021" idlems="0.021" threads="0" lastid="0000000001849700" lastname="main" />
</exclusive-start>
<af-start id="378" threadId="000000000184A088" totalBytesRequested="1032" timestamp="2019-06-15T22:25:15.084" intervalms="5.304" type="nursery" />
<cycle-start id="379" type="scavenge" contextid="0" timestamp="2019-06-15T22:25:15.084" intervalms="5.378" />
<gc-start id="380" type="scavenge" contextid="379" timestamp="2019-06-15T22:25:15.084">
  <mem-info id="381" free="2923872" total="8781824" percent="33">
    <mem type="nursery" free="0" total="2490368" percent="0">
      <mem type="allocate" free="0" total="1245184" percent="0" />
      <mem type="survivor" free="0" total="1245184" percent="0" />
    </mem>
    <mem type="tenure" free="2923872" total="6291456" percent="46">
      <mem type="soa" free="2609504" total="5977088" percent="43" />
      <mem type="loa" free="314368" total="314368" percent="100" />
    </mem>
    <remembered-set count="329" />
  </mem-info>
</gc-start>
<allocation-stats totalBytes="286952" >
  <allocated-bytes non-tlh="262504" tlh="24448" />
  <largest-consumer threadName="main" threadId="0000000001849700" bytes="286952" />
</allocation-stats>
<gc-op id="382" type="scavenge" timems="0.972" contextid="379" timestamp="2019-06-15T22:25:15.085">
  <scavenger-info tenureage="3" tenuremask="ffe8" tiltratio="50" />
  <memory-copied type="nursery" objects="378" bytes="300200" bytesdiscarded="40288" />
  <memory-copied type="tenure" objects="20" bytes="258552" bytesdiscarded="0" />
  <references type="weak" candidates="1" cleared="0" enqueued="0" />
  <references type="phantom" candidates="1" cleared="0" enqueued="0" />
</gc-op>
<heap-resize id="383" type="expand" space="nursery" amount="262144" count="1" timems="0.012" reason="excessive time being spent scavenging" timestamp="2019-06-15T22:25:15.085" />
<gc-end id="384" type="scavenge" contextid="379" durationms="1.561" usertimems="0.000" systemtimems="0.000" timestamp="2019-06-15T22:25:15.086" activeThreads="4">
  <mem-info id="385" free="3726848" total="9043968" percent="41">
    <mem type="nursery" free="1035760" total="2752512" percent="37">
      <mem type="allocate" free="1035760" total="1376256" percent="75" />
      <mem type="survivor" free="0" total="1376256" percent="0" />
    </mem>
    <mem type="tenure" free="2691088" total="6291456" percent="42" macro-fragmented="1800196">
      <mem type="soa" free="2376720" total="5977088" percent="39" />
      <mem type="loa" free="314368" total="314368" percent="100" />
    </mem>
    <remembered-set count="259" />
  </mem-info>
</gc-end>
<cycle-end id="386" type="scavenge" contextid="379" timestamp="2019-06-15T22:25:15.086" />
  <attribute name="elasticGC enabled" value="1" />
  <attribute name= "numThreadsSpecified" value="4" />
  <attribute name="heapSize specified" value="0" />
  <attribute name="Current GC Util" value="25" />
  <attribute name= "Current Time Running" value="47744" />
  <attribute name ="GC Interval" value="200" />
  <attribute name="ProportionalT" value="7.500000" />
  <attribute name="ProportionalI" value="7.500000" />
  <attribute name="ProportionalH" value="7.500000" />
  <attribute name="Current Error" value="5.000000" />
  <attribute name="IntegralT" value="30.000000" />
  <attribute name="IntegralI" value="30.000000" />
  <attribute name="IntegralH" value="30.000000" />
  <attribute name="DerivativeT" value="0.833333" />
  <attribute name="DerivativeI" value="0.833333" />
  <attribute name="DerivativeH" value="0.833333" />
  <attribute name="Loop Time for DT" value="6.000000" />
  <attribute name="Output H" value="8388608"/>
  <attribute name="Output I" value="200"/>
  <attribute name="Output T" value="4"/>
  <attribute name="Target GC Util Change" value ="20.000000" />
  <attribute name="Current GC Util Change" value="25.000000"/>
  <attribute name="GC Util currently" value="25" />
  <attribute name="CPU Util currently" value="838082125080" />
<allocation-satisfied id="387" threadId="0000000001849700" bytesRequested="1032" />
<af-end id="388" timestamp="2019-06-15T22:25:15.086" threadId="000000000184A088" success="true" from="nursery"/>
<exclusive-end id="389" timestamp="2019-06-15T22:25:15.086" durationms="2.171" />

<exclusive-start id="390" timestamp="2019-06-15T22:25:15.117" intervalms="33.131">
  <response-info timems="0.070" idlems="0.070" threads="0" lastid="0000000001849700" lastname="main" />
</exclusive-start>
<af-start id="391" threadId="000000000184A088" totalBytesRequested="10184" timestamp="2019-06-15T22:25:15.117" intervalms="33.179" type="nursery" />
<cycle-start id="392" type="scavenge" contextid="0" timestamp="2019-06-15T22:25:15.117" intervalms="33.150" />
<gc-start id="393" type="scavenge" contextid="392" timestamp="2019-06-15T22:25:15.117">
  <mem-info id="394" free="2676360" total="9043968" percent="29">
    <mem type="nursery" free="0" total="2752512" percent="0">
      <mem type="allocate" free="0" total="1376256" percent="0" />
      <mem type="survivor" free="0" total="1376256" percent="0" />
    </mem>
    <mem type="tenure" free="2676360" total="6291456" percent="42">
      <mem type="soa" free="2361992" total="5977088" percent="39" />
      <mem type="loa" free="314368" total="314368" percent="100" />
    </mem>
    <remembered-set count="526" />
  </mem-info>
</gc-start>
<allocation-stats totalBytes="970792" >
  <allocated-bytes non-tlh="15760" tlh="955032" />
  <largest-consumer threadName="main" threadId="0000000001849700" bytes="970792" />
</allocation-stats>
<gc-op id="395" type="scavenge" timems="0.949" contextid="392" timestamp="2019-06-15T22:25:15.118">
  <scavenger-info tenureage="3" tenuremask="ffe8" tiltratio="50" />
  <memory-copied type="nursery" objects="1813" bytes="345568" bytesdiscarded="103976" />
  <memory-copied type="tenure" objects="67" bytes="3272" bytesdiscarded="0" />
  <references type="weak" candidates="2" cleared="1" enqueued="1" />
  <references type="phantom" candidates="1" cleared="0" enqueued="0" />
</gc-op>
<gc-end id="396" type="scavenge" contextid="392" durationms="1.385" usertimems="0.000" systemtimems="0.000" timestamp="2019-06-15T22:25:15.119" activeThreads="4">
  <mem-info id="397" free="3865208" total="9043968" percent="42">
    <mem type="nursery" free="1188848" total="2752512" percent="43">
      <mem type="allocate" free="1188848" total="1638400" percent="72" />
      <mem type="survivor" free="0" total="1114112" percent="0" />
    </mem>
    <mem type="tenure" free="2676360" total="6291456" percent="42" macro-fragmented="1800196">
      <mem type="soa" free="2361992" total="5977088" percent="39" />
      <mem type="loa" free="314368" total="314368" percent="100" />
    </mem>
    <pending-finalizers system="0" default="0" reference="1" classloader="0" />
    <remembered-set count="366" />
  </mem-info>
</gc-end>
<cycle-end id="398" type="scavenge" contextid="392" timestamp="2019-06-15T22:25:15.119" />
  <attribute name="elasticGC enabled" value="1" />
  <attribute name= "numThreadsSpecified" value="4" />
  <attribute name="heapSize specified" value="0" />
  <attribute name="Current GC Util" value="6" />
  <attribute name= "Current Time Running" value="47777" />
  <attribute name ="GC Interval" value="200" />
  <attribute name="ProportionalT" value="-21.000000" />
  <attribute name="ProportionalI" value="-21.000000" />
  <attribute name="ProportionalH" value="-21.000000" />
  <attribute name="Current Error" value="-14.000000" />
  <attribute name="IntegralT" value="-462.000000" />
  <attribute name="IntegralI" value="-462.000000" />
  <attribute name="IntegralH" value="-462.000000" />
  <attribute name="DerivativeT" value="-0.575758" />
  <attribute name="DerivativeI" value="-0.575758" />
  <attribute name="DerivativeH" value="-0.575758" />
  <attribute name="Loop Time for DT" value="33.000000" />
  <attribute name="Output H" value="2092630016"/>
  <attribute name="Output I" value="200"/>
  <attribute name="Output T" value="4"/>
  <attribute name="Target GC Util Change" value ="20.000000" />
  <attribute name="Current GC Util Change" value="6.000000"/>
  <attribute name="GC Util currently" value="6" />
  <attribute name="CPU Util currently" value="139529663322" />
<allocation-satisfied id="399" threadId="0000000001849700" bytesRequested="10184" />
<af-end id="400" timestamp="2019-06-15T22:25:15.119" threadId="000000000184A088" success="true" from="nursery"/>
<exclusive-end id="401" timestamp="2019-06-15T22:25:15.119" durationms="2.084" />

<exclusive-start id="402" timestamp="2019-06-15T22:25:15.173" intervalms="56.399">
  <response-info timems="0.064" idlems="0.064" threads="0" lastid="0000000001849700" lastname="main" />
</exclusive-start>
<af-start id="403" threadId="000000000184A088" totalBytesRequested="16" timestamp="2019-06-15T22:25:15.173" intervalms="56.345" type="nursery" />
<cycle-start id="404" type="scavenge" contextid="0" timestamp="2019-06-15T22:25:15.173" intervalms="56.338" />
<gc-start id="405" type="scavenge" contextid="404" timestamp="2019-06-15T22:25:15.174">
  <mem-info id="406" free="2656152" total="9043968" percent="29">
    <mem type="nursery" free="0" total="2752512" percent="0">
      <mem type="allocate" free="0" total="1638400" percent="0" />
      <mem type="survivor" free="0" total="1114112" percent="0" />
    </mem>
    <mem type="tenure" free="2656152" total="6291456" percent="42">
      <mem type="soa" free="2341784" total="5977088" percent="39" />
      <mem type="loa" free="314368" total="314368" percent="100" />
    </mem>
    <remembered-set count="663" />
  </mem-info>
</gc-start>
<allocation-stats totalBytes="1208096" >
  <allocated-bytes non-tlh="30392" tlh="1177704" />
  <largest-consumer threadName="main" threadId="0000000001849700" bytes="1208096" />
</allocation-stats>
<gc-op id="407" type="scavenge" timems="0.862" contextid="404" timestamp="2019-06-15T22:25:15.174">
  <scavenger-info tenureage="3" tenuremask="ffe8" tiltratio="59" />
  <memory-copied type="nursery" objects="5675" bytes="250344" bytesdiscarded="90608" />
  <memory-copied type="tenure" objects="283" bytes="280512" bytesdiscarded="112" />
  <references type="soft" candidates="54" cleared="0" enqueued="0" dynamicThreshold="32" maxThreshold="32" />
  <references type="weak" candidates="15" cleared="1" enqueued="1" />
</gc-op>
<gc-end id="408" type="scavenge" contextid="404" durationms="1.239" usertimems="4.000" systemtimems="0.000" timestamp="2019-06-15T22:25:15.175" activeThreads="4">
  <mem-info id="409" free="3721864" total="9043968" percent="41">
    <mem type="nursery" free="1428480" total="2752512" percent="51">
      <mem type="allocate" free="1428480" total="1769472" percent="80" />
      <mem type="survivor" free="0" total="983040" percent="0" />
    </mem>
    <mem type="tenure" free="2293384" total="6291456" percent="36" macro-fragmented="2042480">
      <mem type="soa" free="1979016" total="5977088" percent="33" />
      <mem type="loa" free="314368" total="314368" percent="100" />
    </mem>
    <pending-finalizers system="0" default="0" reference="1" classloader="0" />
    <remembered-set count="649" />
  </mem-info>
</gc-end>
<cycle-end id="410" type="scavenge" contextid="404" timestamp="2019-06-15T22:25:15.175" />
  <attribute name="elasticGC enabled" value="1" />
  <attribute name= "numThreadsSpecified" value="4" />
  <attribute name="heapSize specified" value="0" />
  <attribute name="Current GC Util" value="3" />
  <attribute name= "Current Time Running" value="47833" />
  <attribute name ="GC Interval" value="200" />
  <attribute name="ProportionalT" value="-25.500000" />
  <attribute name="ProportionalI" value="-25.500000" />
  <attribute name="ProportionalH" value="-25.500000" />
  <attribute name="Current Error" value="-17.000000" />
  <attribute name="IntegralT" value="-952.000000" />
  <attribute name="IntegralI" value="-952.000000" />
  <attribute name="IntegralH" value="-952.000000" />
  <attribute name="DerivativeT" value="-0.303571" />
  <attribute name="DerivativeI" value="-0.303571" />
  <attribute name="DerivativeH" value="-0.303571" />
  <attribute name="Loop Time for DT" value="56.000000" />
  <attribute name="Output H" value="2092630016"/>
  <attribute name="Output I" value="200"/>
  <attribute name="Output T" value="4"/>
  <attribute name="Target GC Util Change" value ="20.000000" />
  <attribute name="Current GC Util Change" value="3.000000"/>
  <attribute name="GC Util currently" value="3" />
  <attribute name="CPU Util currently" value="81796566757" />
<allocation-satisfied id="411" threadId="0000000001849700" bytesRequested="16" />
<af-end id="412" timestamp="2019-06-15T22:25:15.175" threadId="000000000184A088" success="true" from="nursery"/>
<exclusive-end id="413" timestamp="2019-06-15T22:25:15.175" durationms="1.903" />

<exclusive-start id="414" timestamp="2019-06-15T22:25:15.216" intervalms="42.785">
  <response-info timems="0.059" idlems="0.059" threads="0" lastid="0000000001849700" lastname="main" />
</exclusive-start>
<af-start id="415" threadId="000000000184A088" totalBytesRequested="1592" timestamp="2019-06-15T22:25:15.216" intervalms="42.812" type="nursery" />
<cycle-start id="416" type="scavenge" contextid="0" timestamp="2019-06-15T22:25:15.216" intervalms="42.821" />
<gc-start id="417" type="scavenge" contextid="416" timestamp="2019-06-15T22:25:15.216">
  <mem-info id="418" free="2270640" total="9043968" percent="25">
    <mem type="nursery" free="0" total="2752512" percent="0">
      <mem type="allocate" free="0" total="1769472" percent="0" />
      <mem type="survivor" free="0" total="983040" percent="0" />
    </mem>
    <mem type="tenure" free="2270640" total="6291456" percent="36">
      <mem type="soa" free="1956272" total="5977088" percent="32" />
      <mem type="loa" free="314368" total="314368" percent="100" />
    </mem>
    <remembered-set count="925" />
  </mem-info>
</gc-start>
<allocation-stats totalBytes="1423952" >
  <allocated-bytes non-tlh="22760" tlh="1401192" />
  <largest-consumer threadName="main" threadId="0000000001849700" bytes="1423952" />
</allocation-stats>
<gc-op id="419" type="scavenge" timems="0.878" contextid="416" timestamp="2019-06-15T22:25:15.217">
  <scavenger-info tenureage="3" tenuremask="ffe8" tiltratio="64" />
  <memory-copied type="nursery" objects="6304" bytes="281544" bytesdiscarded="28216" />
  <references type="soft" candidates="54" cleared="0" enqueued="0" dynamicThreshold="32" maxThreshold="32" />
  <references type="weak" candidates="184" cleared="0" enqueued="0" />
</gc-op>
<gc-end id="420" type="scavenge" contextid="416" durationms="1.310" usertimems="0.000" systemtimems="0.000" timestamp="2019-06-15T22:25:15.218" activeThreads="4">
  <mem-info id="421" free="3861248" total="9043968" percent="42">
    <mem type="nursery" free="1590608" total="2752512" percent="57">
      <mem type="allocate" free="1590608" total="1900544" percent="83" />
      <mem type="survivor" free="0" total="851968" percent="0" />
    </mem>
    <mem type="tenure" free="2270640" total="6291456" percent="36" macro-fragmented="1500163">
      <mem type="soa" free="1956272" total="5977088" percent="32" />
      <mem type="loa" free="314368" total="314368" percent="100" />
    </mem>
    <remembered-set count="691" />
  </mem-info>
</gc-end>
<cycle-end id="422" type="scavenge" contextid="416" timestamp="2019-06-15T22:25:15.218" />
  <attribute name="elasticGC enabled" value="1" />
  <attribute name= "numThreadsSpecified" value="4" />
  <attribute name="heapSize specified" value="0" />
  <attribute name="Current GC Util" value="4" />
  <attribute name= "Current Time Running" value="47876" />
  <attribute name ="GC Interval" value="200" />
  <attribute name="ProportionalT" value="-24.000000" />
  <attribute name="ProportionalI" value="-24.000000" />
  <attribute name="ProportionalH" value="-24.000000" />
  <attribute name="Current Error" value="-16.000000" />
  <attribute name="IntegralT" value="-688.000000" />
  <attribute name="IntegralI" value="-688.000000" />
  <attribute name="IntegralH" value="-688.000000" />
  <attribute name="DerivativeT" value="-0.372093" />
  <attribute name="DerivativeI" value="-0.372093" />
  <attribute name="DerivativeH" value="-0.372093" />
  <attribute name="Loop Time for DT" value="43.000000" />
  <attribute name="Output H" value="2092630016"/>
  <attribute name="Output I" value="200"/>
  <attribute name="Output T" value="4"/>
  <attribute name="Target GC Util Change" value ="20.000000" />
  <attribute name="Current GC Util Change" value="4.000000"/>
  <attribute name="GC Util currently" value="4" />
  <attribute name="CPU Util currently" value="107795607296" />
<allocation-satisfied id="423" threadId="0000000001849700" bytesRequested="1592" />
<af-end id="424" timestamp="2019-06-15T22:25:15.218" threadId="000000000184A088" success="true" from="nursery"/>
<exclusive-end id="425" timestamp="2019-06-15T22:25:15.218" durationms="2.002" />

<exclusive-start id="426" timestamp="2019-06-15T22:25:15.259" intervalms="43.382">
  <response-info timems="0.032" idlems="0.032" threads="0" lastid="0000000001849700" lastname="main" />
</exclusive-start>
<af-start id="427" threadId="000000000184A088" totalBytesRequested="824" timestamp="2019-06-15T22:25:15.260" intervalms="43.400" type="nursery" />
<cycle-start id="428" type="scavenge" contextid="0" timestamp="2019-06-15T22:25:15.260" intervalms="43.361" />
<gc-start id="429" type="scavenge" contextid="428" timestamp="2019-06-15T22:25:15.260">
  <mem-info id="430" free="2243848" total="9043968" percent="24">
    <mem type="nursery" free="0" total="2752512" percent="0">
      <mem type="allocate" free="0" total="1900544" percent="0" />
      <mem type="survivor" free="0" total="851968" percent="0" />
    </mem>
    <mem type="tenure" free="2243848" total="6291456" percent="35">
      <mem type="soa" free="1929480" total="5977088" percent="32" />
      <mem type="loa" free="314368" total="314368" percent="100" />
    </mem>
    <remembered-set count="995" />
  </mem-info>
</gc-start>
<allocation-stats totalBytes="1613728" >
  <allocated-bytes non-tlh="28384" tlh="1585344" />
  <largest-consumer threadName="main" threadId="0000000001849700" bytes="1613728" />
</allocation-stats>
<gc-op id="431" type="scavenge" timems="1.179" contextid="428" timestamp="2019-06-15T22:25:15.261">
  <scavenger-info tenureage="3" tenuremask="fff8" tiltratio="69" />
  <memory-copied type="nursery" objects="5772" bytes="275496" bytesdiscarded="152000" />
  <memory-copied type="tenure" objects="1485" bytes="41696" bytesdiscarded="0" />
  <references type="soft" candidates="54" cleared="0" enqueued="0" dynamicThreshold="32" maxThreshold="32" />
  <references type="weak" candidates="433" cleared="0" enqueued="0" />
  <references type="phantom" candidates="1" cleared="0" enqueued="0" />
</gc-op>
<gc-end id="432" type="scavenge" contextid="428" durationms="1.566" usertimems="4.000" systemtimems="0.000" timestamp="2019-06-15T22:25:15.261" activeThreads="4">
  <mem-info id="433" free="3782152" total="9043968" percent="41">
    <mem type="nursery" free="1538304" total="2752512" percent="55">
      <mem type="allocate" free="1538304" total="1966080" percent="78" />
      <mem type="survivor" free="0" total="786432" percent="0" />
    </mem>
    <mem type="tenure" free="2243848" total="6291456" percent="35" macro-fragmented="2090937">
      <mem type="soa" free="1929480" total="5977088" percent="32" />
      <mem type="loa" free="314368" total="314368" percent="100" />
    </mem>
    <remembered-set count="702" />
  </mem-info>
</gc-end>
<cycle-end id="434" type="scavenge" contextid="428" timestamp="2019-06-15T22:25:15.261" />
  <attribute name="elasticGC enabled" value="1" />
  <attribute name= "numThreadsSpecified" value="4" />
  <attribute name="heapSize specified" value="0" />
  <attribute name="Current GC Util" value="4" />
  <attribute name= "Current Time Running" value="47919" />
  <attribute name ="GC Interval" value="200" />
  <attribute name="ProportionalT" value="-24.000000" />
  <attribute name="ProportionalI" value="-24.000000" />
  <attribute name="ProportionalH" value="-24.000000" />
  <attribute name="Current Error" value="-16.000000" />
  <attribute name="IntegralT" value="-688.000000" />
  <attribute name="IntegralI" value="-688.000000" />
  <attribute name="IntegralH" value="-688.000000" />
  <attribute name="DerivativeT" value="-0.372093" />
  <attribute name="DerivativeI" value="-0.372093" />
  <attribute name="DerivativeH" value="-0.372093" />
  <attribute name="Loop Time for DT" value="43.000000" />
  <attribute name="Output H" value="2092630016"/>
  <attribute name="Output I" value="200"/>
  <attribute name="Output T" value="4"/>
  <attribute name="Target GC Util Change" value ="20.000000" />
  <attribute name="Current GC Util Change" value="4.000000"/>
  <attribute name="GC Util currently" value="4" />
  <attribute name="CPU Util currently" value="106335422105" />
<allocation-satisfied id="435" threadId="0000000001849700" bytesRequested="824" />
<af-end id="436" timestamp="2019-06-15T22:25:15.262" threadId="000000000184A088" success="true" from="nursery"/>
<exclusive-end id="437" timestamp="2019-06-15T22:25:15.262" durationms="2.177" />

<exclusive-start id="438" timestamp="2019-06-15T22:25:15.300" intervalms="40.842">
  <response-info timems="0.031" idlems="0.031" threads="0" lastid="0000000001849700" lastname="main" />
</exclusive-start>
<af-start id="439" threadId="000000000184A088" totalBytesRequested="23296" timestamp="2019-06-15T22:25:15.300" intervalms="40.827" type="nursery" />
<cycle-start id="440" type="scavenge" contextid="0" timestamp="2019-06-15T22:25:15.300" intervalms="40.865" />
<gc-start id="441" type="scavenge" contextid="440" timestamp="2019-06-15T22:25:15.301">
  <mem-info id="442" free="2223480" total="9043968" percent="24">
    <mem type="nursery" free="0" total="2752512" percent="0">
      <mem type="allocate" free="0" total="1966080" percent="0" />
      <mem type="survivor" free="0" total="786432" percent="0" />
    </mem>
    <mem type="tenure" free="2223480" total="6291456" percent="35">
      <mem type="soa" free="1909112" total="5977088" percent="31" />
      <mem type="loa" free="314368" total="314368" percent="100" />
    </mem>
    <remembered-set count="926" />
  </mem-info>
</gc-start>
<allocation-stats totalBytes="1556736" >
  <allocated-bytes non-tlh="21192" tlh="1535544" />
  <largest-consumer threadName="main" threadId="0000000001849700" bytes="1556736" />
</allocation-stats>
<gc-op id="443" type="scavenge" timems="1.078" contextid="440" timestamp="2019-06-15T22:25:15.302">
  <scavenger-info tenureage="3" tenuremask="ffe8" tiltratio="71" />
  <memory-copied type="nursery" objects="2875" bytes="109976" bytesdiscarded="46376" />
  <memory-copied type="tenure" objects="4093" bytes="205784" bytesdiscarded="16" />
  <references type="weak" candidates="570" cleared="0" enqueued="0" />
</gc-op>
<gc-end id="444" type="scavenge" contextid="440" durationms="1.574" usertimems="4.000" systemtimems="0.000" timestamp="2019-06-15T22:25:15.302" activeThreads="4">
  <mem-info id="445" free="4024184" total="9043968" percent="44">
    <mem type="nursery" free="1940480" total="2752512" percent="70">
      <mem type="allocate" free="1940480" total="2097152" percent="92" />
      <mem type="survivor" free="0" total="655360" percent="0" />
    </mem>
    <mem type="tenure" free="2083704" total="6291456" percent="33" macro-fragmented="0">
      <mem type="soa" free="1769336" total="5977088" percent="29" />
      <mem type="loa" free="314368" total="314368" percent="100" />
    </mem>
    <remembered-set count="804" />
  </mem-info>
</gc-end>
<cycle-end id="446" type="scavenge" contextid="440" timestamp="2019-06-15T22:25:15.302" />
  <attribute name="elasticGC enabled" value="1" />
  <attribute name= "numThreadsSpecified" value="4" />
  <attribute name="heapSize specified" value="0" />
  <attribute name="Current GC Util" value="5" />
  <attribute name= "Current Time Running" value="47960" />
  <attribute name ="GC Interval" value="200" />
  <attribute name="ProportionalT" value="-22.500000" />
  <attribute name="ProportionalI" value="-22.500000" />
  <attribute name="ProportionalH" value="-22.500000" />
  <attribute name="Current Error" value="-15.000000" />
  <attribute name="IntegralT" value="-615.000000" />
  <attribute name="IntegralI" value="-615.000000" />
  <attribute name="IntegralH" value="-615.000000" />
  <attribute name="DerivativeT" value="-0.365854" />
  <attribute name="DerivativeI" value="-0.365854" />
  <attribute name="DerivativeH" value="-0.365854" />
  <attribute name="Loop Time for DT" value="41.000000" />
  <attribute name="Output H" value="2092630016"/>
  <attribute name="Output I" value="200"/>
  <attribute name="Output T" value="4"/>
  <attribute name="Target GC Util Change" value ="20.000000" />
  <attribute name="Current GC Util Change" value="5.000000"/>
  <attribute name="GC Util currently" value="5" />
  <attribute name="CPU Util currently" value="112850411694" />
<allocation-satisfied id="447" threadId="0000000001849700" bytesRequested="23296" />
<af-end id="448" timestamp="2019-06-15T22:25:15.302" threadId="000000000184A088" success="true" from="nursery"/>
<exclusive-end id="449" timestamp="2019-06-15T22:25:15.302" durationms="2.122" />

<exclusive-start id="450" timestamp="2019-06-15T22:25:15.343" intervalms="43.131">
  <response-info timems="0.033" idlems="0.033" threads="0" lastid="0000000001849700" lastname="main" />
</exclusive-start>
<af-start id="451" threadId="000000000184A088" totalBytesRequested="40" timestamp="2019-06-15T22:25:15.343" intervalms="43.093" type="nursery" />
<cycle-start id="452" type="scavenge" contextid="0" timestamp="2019-06-15T22:25:15.344" intervalms="43.054" />
<gc-start id="453" type="scavenge" contextid="452" timestamp="2019-06-15T22:25:15.344">
  <mem-info id="454" free="2063232" total="9043968" percent="22">
    <mem type="nursery" free="0" total="2752512" percent="0">
      <mem type="allocate" free="0" total="2097152" percent="0" />
      <mem type="survivor" free="0" total="655360" percent="0" />
    </mem>
    <mem type="tenure" free="2063232" total="6291456" percent="32">
      <mem type="soa" free="1748864" total="5977088" percent="29" />
      <mem type="loa" free="314368" total="314368" percent="100" />
    </mem>
    <remembered-set count="1145" />
  </mem-info>
</gc-start>
<allocation-stats totalBytes="1959984" >
  <allocated-bytes non-tlh="43768" tlh="1916216" />
  <largest-consumer threadName="main" threadId="0000000001849700" bytes="1959984" />
</allocation-stats>
<gc-op id="455" type="scavenge" timems="1.091" contextid="452" timestamp="2019-06-15T22:25:15.345">
  <scavenger-info tenureage="3" tenuremask="ffe8" tiltratio="76" />
  <memory-copied type="nursery" objects="4068" bytes="142056" bytesdiscarded="14312" />
  <memory-copied type="tenure" objects="628" bytes="30304" bytesdiscarded="8" />
  <references type="weak" candidates="568" cleared="0" enqueued="0" />
</gc-op>
<gc-end id="456" type="scavenge" contextid="452" durationms="1.465" usertimems="4.000" systemtimems="0.000" timestamp="2019-06-15T22:25:15.345" activeThreads="4">
  <mem-info id="457" free="4030080" total="9043968" percent="44">
    <mem type="nursery" free="2006016" total="2752512" percent="72">
      <mem type="allocate" free="2006016" total="2162688" percent="92" />
      <mem type="survivor" free="0" total="589824" percent="0" />
    </mem>
    <mem type="tenure" free="2024064" total="6291456" percent="32" macro-fragmented="1790904">
      <mem type="soa" free="1709696" total="5977088" percent="28" />
      <mem type="loa" free="314368" total="314368" percent="100" />
    </mem>
    <remembered-set count="805" />
  </mem-info>
</gc-end>
<cycle-end id="458" type="scavenge" contextid="452" timestamp="2019-06-15T22:25:15.345" />
  <attribute name="elasticGC enabled" value="1" />
  <attribute name= "numThreadsSpecified" value="4" />
  <attribute name="heapSize specified" value="0" />
  <attribute name="Current GC Util" value="5" />
  <attribute name= "Current Time Running" value="48003" />
  <attribute name ="GC Interval" value="200" />
  <attribute name="ProportionalT" value="-22.500000" />
  <attribute name="ProportionalI" value="-22.500000" />
  <attribute name="ProportionalH" value="-22.500000" />
  <attribute name="Current Error" value="-15.000000" />
  <attribute name="IntegralT" value="-645.000000" />
  <attribute name="IntegralI" value="-645.000000" />
  <attribute name="IntegralH" value="-645.000000" />
  <attribute name="DerivativeT" value="-0.348837" />
  <attribute name="DerivativeI" value="-0.348837" />
  <attribute name="DerivativeH" value="-0.348837" />
  <attribute name="Loop Time for DT" value="43.000000" />
  <attribute name="Output H" value="2092630016"/>
  <attribute name="Output I" value="200"/>
  <attribute name="Output T" value="4"/>
  <attribute name="Target GC Util Change" value ="20.000000" />
  <attribute name="Current GC Util Change" value="5.000000"/>
  <attribute name="GC Util currently" value="5" />
  <attribute name="CPU Util currently" value="107114837677" />
<allocation-satisfied id="459" threadId="0000000001849700" bytesRequested="40" />
<af-end id="460" timestamp="2019-06-15T22:25:15.345" threadId="000000000184A088" success="true" from="nursery"/>
<exclusive-end id="461" timestamp="2019-06-15T22:25:15.345" durationms="1.920" />

<exclusive-start id="462" timestamp="2019-06-15T22:25:15.377" intervalms="33.596">
  <response-info timems="0.034" idlems="0.034" threads="0" lastid="0000000001849700" lastname="main" />
</exclusive-start>
<af-start id="463" threadId="000000000184A088" totalBytesRequested="23280" timestamp="2019-06-15T22:25:15.377" intervalms="33.599" type="nursery" />
<cycle-start id="464" type="scavenge" contextid="0" timestamp="2019-06-15T22:25:15.377" intervalms="33.607" />
<gc-start id="465" type="scavenge" contextid="464" timestamp="2019-06-15T22:25:15.377">
  <mem-info id="466" free="2018408" total="9043968" percent="22">
    <mem type="nursery" free="0" total="2752512" percent="0">
      <mem type="allocate" free="0" total="2162688" percent="0" />
      <mem type="survivor" free="0" total="589824" percent="0" />
    </mem>
    <mem type="tenure" free="2018408" total="6291456" percent="32">
      <mem type="soa" free="1704040" total="5977088" percent="28" />
      <mem type="loa" free="314368" total="314368" percent="100" />
    </mem>
    <remembered-set count="1103" />
  </mem-info>
</gc-start>
<allocation-stats totalBytes="2003072" >
  <allocated-bytes non-tlh="5696" tlh="1997376" />
  <largest-consumer threadName="main" threadId="0000000001849700" bytes="2003072" />
</allocation-stats>
<gc-op id="467" type="scavenge" timems="1.113" contextid="464" timestamp="2019-06-15T22:25:15.378">
  <scavenger-info tenureage="3" tenuremask="ffe8" tiltratio="78" />
  <memory-copied type="nursery" objects="5797" bytes="206240" bytesdiscarded="28616" />
  <memory-copied type="tenure" objects="985" bytes="35496" bytesdiscarded="24" />
  <references type="weak" candidates="354" cleared="0" enqueued="0" />
</gc-op>
<gc-end id="468" type="scavenge" contextid="464" durationms="1.545" usertimems="0.000" systemtimems="0.000" timestamp="2019-06-15T22:25:15.379" activeThreads="4">
  <mem-info id="469" free="3972456" total="9043968" percent="43">
    <mem type="nursery" free="1993216" total="2752512" percent="72">
      <mem type="allocate" free="1993216" total="2228224" percent="89" />
      <mem type="survivor" free="0" total="524288" percent="0" />
    </mem>
    <mem type="tenure" free="1979240" total="6291456" percent="31" macro-fragmented="1250136">
      <mem type="soa" free="1664872" total="5977088" percent="27" />
      <mem type="loa" free="314368" total="314368" percent="100" />
    </mem>
    <remembered-set count="849" />
  </mem-info>
</gc-end>
<cycle-end id="470" type="scavenge" contextid="464" timestamp="2019-06-15T22:25:15.379" />
  <attribute name="elasticGC enabled" value="1" />
  <attribute name= "numThreadsSpecified" value="4" />
  <attribute name="heapSize specified" value="0" />
  <attribute name="Current GC Util" value="6" />
  <attribute name= "Current Time Running" value="48037" />
  <attribute name ="GC Interval" value="200" />
  <attribute name="ProportionalT" value="-21.000000" />
  <attribute name="ProportionalI" value="-21.000000" />
  <attribute name="ProportionalH" value="-21.000000" />
  <attribute name="Current Error" value="-14.000000" />
  <attribute name="IntegralT" value="-476.000000" />
  <attribute name="IntegralI" value="-476.000000" />
  <attribute name="IntegralH" value="-476.000000" />
  <attribute name="DerivativeT" value="-0.411765" />
  <attribute name="DerivativeI" value="-0.411765" />
  <attribute name="DerivativeH" value="-0.411765" />
  <attribute name="Loop Time for DT" value="34.000000" />
  <attribute name="Output H" value="2092630016"/>
  <attribute name="Output I" value="200"/>
  <attribute name="Output T" value="4"/>
  <attribute name="Target GC Util Change" value ="20.000000" />
  <attribute name="Current GC Util Change" value="6.000000"/>
  <attribute name="GC Util currently" value="6" />
  <attribute name="CPU Util currently" value="137219500718" />
<allocation-satisfied id="471" threadId="0000000001849700" bytesRequested="23280" />
<af-end id="472" timestamp="2019-06-15T22:25:15.379" threadId="000000000184A088" success="true" from="nursery"/>
<exclusive-end id="473" timestamp="2019-06-15T22:25:15.379" durationms="2.035" />

<exclusive-start id="474" timestamp="2019-06-15T22:25:15.414" intervalms="36.881">
  <response-info timems="0.034" idlems="0.034" threads="0" lastid="0000000001849700" lastname="main" />
</exclusive-start>
<af-start id="475" threadId="000000000184A088" totalBytesRequested="32" timestamp="2019-06-15T22:25:15.414" intervalms="36.889" type="nursery" />
<cycle-start id="476" type="scavenge" contextid="0" timestamp="2019-06-15T22:25:15.414" intervalms="36.882" />
<gc-start id="477" type="scavenge" contextid="476" timestamp="2019-06-15T22:25:15.414">
  <mem-info id="478" free="1965440" total="9043968" percent="21">
    <mem type="nursery" free="0" total="2752512" percent="0">
      <mem type="allocate" free="0" total="2228224" percent="0" />
      <mem type="survivor" free="0" total="524288" percent="0" />
    </mem>
    <mem type="tenure" free="1965440" total="6291456" percent="31">
      <mem type="soa" free="1651072" total="5977088" percent="27" />
      <mem type="loa" free="314368" total="314368" percent="100" />
    </mem>
    <remembered-set count="1174" />
  </mem-info>
</gc-start>
<allocation-stats totalBytes="2006232" >
  <allocated-bytes non-tlh="37080" tlh="1969152" />
  <largest-consumer threadName="main" threadId="0000000001849700" bytes="2006232" />
</allocation-stats>
<gc-op id="479" type="scavenge" timems="1.234" contextid="476" timestamp="2019-06-15T22:25:15.415">
  <scavenger-info tenureage="3" tenuremask="ffe8" tiltratio="80" />
  <memory-copied type="nursery" objects="6920" bytes="246440" bytesdiscarded="66728" />
  <memory-copied type="tenure" objects="1171" bytes="40328" bytesdiscarded="24" />
  <references type="weak" candidates="328" cleared="0" enqueued="0" />
</gc-op>
<gc-end id="480" type="scavenge" contextid="476" durationms="1.675" usertimems="0.000" systemtimems="0.000" timestamp="2019-06-15T22:25:15.416" activeThreads="4">
  <mem-info id="481" free="3841152" total="9043968" percent="42">
    <mem type="nursery" free="1914880" total="2752512" percent="69">
      <mem type="allocate" free="1914880" total="2228224" percent="85" />
      <mem type="survivor" free="0" total="524288" percent="0" />
    </mem>
    <mem type="tenure" free="1926272" total="6291456" percent="30" macro-fragmented="1250136">
      <mem type="soa" free="1611904" total="5977088" percent="26" />
      <mem type="loa" free="314368" total="314368" percent="100" />
    </mem>
    <remembered-set count="874" />
  </mem-info>
</gc-end>
<cycle-end id="482" type="scavenge" contextid="476" timestamp="2019-06-15T22:25:15.416" />
  <attribute name="elasticGC enabled" value="1" />
  <attribute name= "numThreadsSpecified" value="4" />
  <attribute name="heapSize specified" value="0" />
  <attribute name="Current GC Util" value="5" />
  <attribute name= "Current Time Running" value="48074" />
  <attribute name ="GC Interval" value="200" />
  <attribute name="ProportionalT" value="-22.500000" />
  <attribute name="ProportionalI" value="-22.500000" />
  <attribute name="ProportionalH" value="-22.500000" />
  <attribute name="Current Error" value="-15.000000" />
  <attribute name="IntegralT" value="-555.000000" />
  <attribute name="IntegralI" value="-555.000000" />
  <attribute name="IntegralH" value="-555.000000" />
  <attribute name="DerivativeT" value="-0.405405" />
  <attribute name="DerivativeI" value="-0.405405" />
  <attribute name="DerivativeH" value="-0.405405" />
  <attribute name="Loop Time for DT" value="37.000000" />
  <attribute name="Output H" value="2092630016"/>
  <attribute name="Output I" value="200"/>
  <attribute name="Output T" value="4"/>
  <attribute name="Target GC Util Change" value ="20.000000" />
  <attribute name="Current GC Util Change" value="5.000000"/>
  <attribute name="GC Util currently" value="5" />
  <attribute name="CPU Util currently" value="125053674544" />
<allocation-satisfied id="483" threadId="0000000001849700" bytesRequested="32" />
<af-end id="484" timestamp="2019-06-15T22:25:15.416" threadId="000000000184A088" success="true" from="nursery"/>
<exclusive-end id="485" timestamp="2019-06-15T22:25:15.416" durationms="2.215" />

<exclusive-start id="486" timestamp="2019-06-15T22:25:15.444" intervalms="30.621">
  <response-info timems="0.026" idlems="0.026" threads="0" lastid="0000000001849700" lastname="main" />
</exclusive-start>
<af-start id="487" threadId="000000000184A088" totalBytesRequested="7120" timestamp="2019-06-15T22:25:15.445" intervalms="30.597" type="nursery" />
<cycle-start id="488" type="scavenge" contextid="0" timestamp="2019-06-15T22:25:15.445" intervalms="30.593" />
<gc-start id="489" type="scavenge" contextid="488" timestamp="2019-06-15T22:25:15.445">
  <mem-info id="490" free="1913728" total="9043968" percent="21">
    <mem type="nursery" free="0" total="2752512" percent="0">
      <mem type="allocate" free="0" total="2228224" percent="0" />
      <mem type="survivor" free="0" total="524288" percent="0" />
    </mem>
    <mem type="tenure" free="1913728" total="6291456" percent="30">
      <mem type="soa" free="1599360" total="5977088" percent="26" />
      <mem type="loa" free="314368" total="314368" percent="100" />
    </mem>
    <remembered-set count="1218" />
  </mem-info>
</gc-start>
<allocation-stats totalBytes="1918608" >
  <allocated-bytes non-tlh="12576" tlh="1906032" />
  <largest-consumer threadName="main" threadId="0000000001849700" bytes="1918608" />
</allocation-stats>
<gc-op id="491" type="scavenge" timems="1.041" contextid="488" timestamp="2019-06-15T22:25:15.446">
  <scavenger-info tenureage="3" tenuremask="ffe8" tiltratio="80" />
  <memory-copied type="nursery" objects="7219" bytes="263024" bytesdiscarded="72488" />
  <memory-copied type="tenure" objects="1801" bytes="62760" bytesdiscarded="40" />
  <references type="soft" candidates="2" cleared="0" enqueued="0" dynamicThreshold="32" maxThreshold="32" />
  <references type="weak" candidates="199" cleared="1" enqueued="1" />
</gc-op>
<gc-end id="492" type="scavenge" contextid="488" durationms="1.456" usertimems="4.000" systemtimems="0.000" timestamp="2019-06-15T22:25:15.446" activeThreads="4">
  <mem-info id="493" free="3793536" total="9043968" percent="41">
    <mem type="nursery" free="1958144" total="2752512" percent="71">
      <mem type="allocate" free="1958144" total="2293760" percent="85" />
      <mem type="survivor" free="0" total="458752" percent="0" />
    </mem>
    <mem type="tenure" free="1835392" total="6291456" percent="29" macro-fragmented="1500163">
      <mem type="soa" free="1521024" total="5977088" percent="25" />
      <mem type="loa" free="314368" total="314368" percent="100" />
    </mem>
    <pending-finalizers system="0" default="0" reference="1" classloader="0" />
    <remembered-set count="1014" />
  </mem-info>
</gc-end>
<cycle-end id="494" type="scavenge" contextid="488" timestamp="2019-06-15T22:25:15.446" />
  <attribute name="elasticGC enabled" value="1" />
  <attribute name= "numThreadsSpecified" value="4" />
  <attribute name="heapSize specified" value="0" />
  <attribute name="Current GC Util" value="6" />
  <attribute name= "Current Time Running" value="48104" />
  <attribute name ="GC Interval" value="200" />
  <attribute name="ProportionalT" value="-21.000000" />
  <attribute name="ProportionalI" value="-21.000000" />
  <attribute name="ProportionalH" value="-21.000000" />
  <attribute name="Current Error" value="-14.000000" />
  <attribute name="IntegralT" value="-420.000000" />
  <attribute name="IntegralI" value="-420.000000" />
  <attribute name="IntegralH" value="-420.000000" />
  <attribute name="DerivativeT" value="-0.466667" />
  <attribute name="DerivativeI" value="-0.466667" />
  <attribute name="DerivativeH" value="-0.466667" />
  <attribute name="Loop Time for DT" value="30.000000" />
  <attribute name="Output H" value="2092630016"/>
  <attribute name="Output I" value="200"/>
  <attribute name="Output T" value="4"/>
  <attribute name="Target GC Util Change" value ="20.000000" />
  <attribute name="Current GC Util Change" value="6.000000"/>
  <attribute name="GC Util currently" value="6" />
  <attribute name="CPU Util currently" value="150773688591" />
<allocation-satisfied id="495" threadId="0000000001849700" bytesRequested="7120" />
<af-end id="496" timestamp="2019-06-15T22:25:15.446" threadId="000000000184A088" success="true" from="nursery"/>
<exclusive-end id="497" timestamp="2019-06-15T22:25:15.446" durationms="1.907" />

<exclusive-start id="498" timestamp="2019-06-15T22:25:15.475" intervalms="30.388">
  <response-info timems="0.057" idlems="0.057" threads="0" lastid="0000000001849700" lastname="main" />
</exclusive-start>
<af-start id="499" threadId="000000000184A088" totalBytesRequested="64" timestamp="2019-06-15T22:25:15.475" intervalms="30.448" type="nursery" />
<cycle-start id="500" type="scavenge" contextid="0" timestamp="2019-06-15T22:25:15.475" intervalms="30.503" />
<gc-start id="501" type="scavenge" contextid="500" timestamp="2019-06-15T22:25:15.475">
  <mem-info id="502" free="1828520" total="9043968" percent="20">
    <mem type="nursery" free="0" total="2752512" percent="0">
      <mem type="allocate" free="0" total="2293760" percent="0" />
      <mem type="survivor" free="0" total="458752" percent="0" />
    </mem>
    <mem type="tenure" free="1828520" total="6291456" percent="29">
      <mem type="soa" free="1514152" total="5977088" percent="25" />
      <mem type="loa" free="314368" total="314368" percent="100" />
    </mem>
    <remembered-set count="1134" />
  </mem-info>
</gc-start>
<allocation-stats totalBytes="1964472" >
  <allocated-bytes non-tlh="127864" tlh="1836608" />
  <largest-consumer threadName="main" threadId="0000000001849700" bytes="1964472" />
</allocation-stats>
<gc-op id="503" type="scavenge" timems="1.061" contextid="500" timestamp="2019-06-15T22:25:15.476">
  <scavenger-info tenureage="3" tenuremask="ffe8" tiltratio="83" />
  <memory-copied type="nursery" objects="7960" bytes="333784" bytesdiscarded="46280" />
  <memory-copied type="tenure" objects="2565" bytes="95128" bytesdiscarded="288" />
  <references type="soft" candidates="2" cleared="0" enqueued="0" dynamicThreshold="32" maxThreshold="32" />
  <references type="weak" candidates="182" cleared="4" enqueued="4" />
</gc-op>
<gc-end id="504" type="scavenge" contextid="500" durationms="1.709" usertimems="4.000" systemtimems="0.000" timestamp="2019-06-15T22:25:15.477" activeThreads="4">
  <mem-info id="505" free="3532456" total="9043968" percent="39">
    <mem type="nursery" free="1913600" total="2752512" percent="69">
      <mem type="allocate" free="1913600" total="2293760" percent="83" />
      <mem type="survivor" free="0" total="458752" percent="0" />
    </mem>
    <mem type="tenure" free="1618856" total="6291456" percent="25" macro-fragmented="116842">
      <mem type="soa" free="1304488" total="5977088" percent="21" />
      <mem type="loa" free="314368" total="314368" percent="100" />
    </mem>
    <pending-finalizers system="0" default="0" reference="4" classloader="0" />
    <remembered-set count="796" />
  </mem-info>
</gc-end>
<cycle-end id="506" type="scavenge" contextid="500" timestamp="2019-06-15T22:25:15.477" />
  <attribute name="elasticGC enabled" value="1" />
  <attribute name= "numThreadsSpecified" value="4" />
  <attribute name="heapSize specified" value="0" />
  <attribute name="Current GC Util" value="6" />
  <attribute name= "Current Time Running" value="48135" />
  <attribute name ="GC Interval" value="200" />
  <attribute name="ProportionalT" value="-21.000000" />
  <attribute name="ProportionalI" value="-21.000000" />
  <attribute name="ProportionalH" value="-21.000000" />
  <attribute name="Current Error" value="-14.000000" />
  <attribute name="IntegralT" value="-434.000000" />
  <attribute name="IntegralI" value="-434.000000" />
  <attribute name="IntegralH" value="-434.000000" />
  <attribute name="DerivativeT" value="-0.451613" />
  <attribute name="DerivativeI" value="-0.451613" />
  <attribute name="DerivativeH" value="-0.451613" />
  <attribute name="Loop Time for DT" value="31.000000" />
  <attribute name="Output H" value="2092630016"/>
  <attribute name="Output I" value="200"/>
  <attribute name="Output T" value="4"/>
  <attribute name="Target GC Util Change" value ="20.000000" />
  <attribute name="Current GC Util Change" value="6.000000"/>
  <attribute name="GC Util currently" value="6" />
  <attribute name="CPU Util currently" value="150411164308" />
<allocation-satisfied id="507" threadId="0000000001849700" bytesRequested="64" />
<af-end id="508" timestamp="2019-06-15T22:25:15.477" threadId="000000000184A088" success="true" from="nursery"/>
<exclusive-end id="509" timestamp="2019-06-15T22:25:15.477" durationms="2.312" />

<exclusive-start id="510" timestamp="2019-06-15T22:25:15.549" intervalms="74.230">
  <response-info timems="0.062" idlems="0.062" threads="0" lastid="0000000001849700" lastname="main" />
</exclusive-start>
<af-start id="511" threadId="000000000184A088" totalBytesRequested="200008" timestamp="2019-06-15T22:25:15.549" intervalms="74.301" type="nursery" />
<cycle-start id="512" type="scavenge" contextid="0" timestamp="2019-06-15T22:25:15.549" intervalms="74.379" />
<gc-start id="513" type="scavenge" contextid="512" timestamp="2019-06-15T22:25:15.550">
  <mem-info id="514" free="1601288" total="9043968" percent="17">
    <mem type="nursery" free="0" total="2752512" percent="0">
      <mem type="allocate" free="0" total="2293760" percent="0" />
      <mem type="survivor" free="0" total="458752" percent="0" />
    </mem>
    <mem type="tenure" free="1601288" total="6291456" percent="25">
      <mem type="soa" free="1286920" total="5977088" percent="21" />
      <mem type="loa" free="314368" total="314368" percent="100" />
    </mem>
    <remembered-set count="989" />
  </mem-info>
</gc-start>
<allocation-stats totalBytes="1930360" >
  <allocated-bytes non-tlh="17632" tlh="1912728" />
  <largest-consumer threadName="main" threadId="0000000001849700" bytes="1930360" />
</allocation-stats>
<gc-op id="515" type="scavenge" timems="1.730" contextid="512" timestamp="2019-06-15T22:25:15.552">
  <scavenger-info tenureage="5" tenuremask="ffe0" tiltratio="83" />
  <memory-copied type="nursery" objects="5478" bytes="271936" bytesdiscarded="73664" />
  <references type="soft" candidates="73" cleared="0" enqueued="0" dynamicThreshold="32" maxThreshold="32" />
  <references type="weak" candidates="186" cleared="0" enqueued="0" />
  <references type="phantom" candidates="1" cleared="0" enqueued="0" />
</gc-op>
<gc-end id="516" type="scavenge" contextid="512" durationms="2.651" usertimems="4.000" systemtimems="0.000" timestamp="2019-06-15T22:25:15.552" activeThreads="4">
  <mem-info id="517" free="3549288" total="9043968" percent="39">
    <mem type="nursery" free="1948000" total="2752512" percent="70">
      <mem type="allocate" free="1948000" total="2293760" percent="84" />
      <mem type="survivor" free="0" total="458752" percent="0" />
    </mem>
    <mem type="tenure" free="1601288" total="6291456" percent="25" macro-fragmented="1041779">
      <mem type="soa" free="1286920" total="5977088" percent="21" />
      <mem type="loa" free="314368" total="314368" percent="100" />
    </mem>
    <remembered-set count="853" />
  </mem-info>
</gc-end>
<cycle-end id="518" type="scavenge" contextid="512" timestamp="2019-06-15T22:25:15.553" />
  <attribute name="elasticGC enabled" value="1" />
  <attribute name= "numThreadsSpecified" value="4" />
  <attribute name="heapSize specified" value="0" />
  <attribute name="Current GC Util" value="3" />
  <attribute name= "Current Time Running" value="48210" />
  <attribute name ="GC Interval" value="200" />
  <attribute name="ProportionalT" value="-25.500000" />
  <attribute name="ProportionalI" value="-25.500000" />
  <attribute name="ProportionalH" value="-25.500000" />
  <attribute name="Current Error" value="-17.000000" />
  <attribute name="IntegralT" value="-1275.000000" />
  <attribute name="IntegralI" value="-1275.000000" />
  <attribute name="IntegralH" value="-1275.000000" />
  <attribute name="DerivativeT" value="-0.226667" />
  <attribute name="DerivativeI" value="-0.226667" />
  <attribute name="DerivativeH" value="-0.226667" />
  <attribute name="Loop Time for DT" value="75.000000" />
  <attribute name="Output H" value="2092630016"/>
  <attribute name="Output I" value="200"/>
  <attribute name="Output T" value="4"/>
  <attribute name="Target GC Util Change" value ="20.000000" />
  <attribute name="Current GC Util Change" value="3.000000"/>
  <attribute name="GC Util currently" value="3" />
  <attribute name="CPU Util currently" value="61767830156" />
<allocation-satisfied id="519" threadId="0000000001849700" bytesRequested="200008" />
<af-end id="520" timestamp="2019-06-15T22:25:15.553" threadId="000000000184A088" success="true" from="nursery"/>
<exclusive-end id="521" timestamp="2019-06-15T22:25:15.553" durationms="3.992" />

<exclusive-start id="522" timestamp="2019-06-15T22:25:15.598" intervalms="48.979">
  <response-info timems="0.034" idlems="0.034" threads="0" lastid="0000000001849700" lastname="main" />
</exclusive-start>
<af-start id="523" threadId="000000000184A088" totalBytesRequested="32" timestamp="2019-06-15T22:25:15.598" intervalms="48.868" type="nursery" />
<cycle-start id="524" type="scavenge" contextid="0" timestamp="2019-06-15T22:25:15.598" intervalms="48.777" />
<gc-start id="525" type="scavenge" contextid="524" timestamp="2019-06-15T22:25:15.598">
  <mem-info id="526" free="1595952" total="9043968" percent="17">
    <mem type="nursery" free="0" total="2752512" percent="0">
      <mem type="allocate" free="0" total="2293760" percent="0" />
      <mem type="survivor" free="0" total="458752" percent="0" />
    </mem>
    <mem type="tenure" free="1595952" total="6291456" percent="25">
      <mem type="soa" free="1281584" total="5977088" percent="21" />
      <mem type="loa" free="314368" total="314368" percent="100" />
    </mem>
    <remembered-set count="912" />
  </mem-info>
</gc-start>
<allocation-stats totalBytes="1952848" >
  <allocated-bytes non-tlh="270888" tlh="1681960" />
  <largest-consumer threadName="main" threadId="0000000001849700" bytes="1952848" />
</allocation-stats>
<gc-op id="527" type="scavenge" timems="1.427" contextid="524" timestamp="2019-06-15T22:25:15.600">
  <scavenger-info tenureage="4" tenuremask="fff0" tiltratio="83" />
  <memory-copied type="nursery" objects="2865" bytes="458608" bytesdiscarded="24" />
  <memory-copied type="tenure" objects="8711" bytes="400688" bytesdiscarded="24" />
  <copy-failed type="nursery" objects="6532" bytes="321896" />
  <references type="soft" candidates="26" cleared="0" enqueued="0" dynamicThreshold="32" maxThreshold="32" />
  <references type="weak" candidates="98" cleared="0" enqueued="0" />
  <references type="phantom" candidates="1" cleared="0" enqueued="0" />
</gc-op>
<gc-end id="528" type="scavenge" contextid="524" durationms="1.886" usertimems="4.000" systemtimems="0.000" timestamp="2019-06-15T22:25:15.600" activeThreads="4">
  <mem-info id="529" free="2180912" total="9043968" percent="24">
    <mem type="nursery" free="917504" total="2752512" percent="33">
      <mem type="allocate" free="917504" total="1376256" percent="66" />
      <mem type="survivor" free="0" total="1376256" percent="0" />
    </mem>
    <mem type="tenure" free="1263408" total="6291456" percent="20" macro-fragmented="1110433">
      <mem type="soa" free="949040" total="5977088" percent="15" />
      <mem type="loa" free="314368" total="314368" percent="100" />
    </mem>
    <remembered-set count="3510" />
  </mem-info>
</gc-end>
<cycle-end id="530" type="scavenge" contextid="524" timestamp="2019-06-15T22:25:15.600" />
  <attribute name="elasticGC enabled" value="1" />
  <attribute name= "numThreadsSpecified" value="4" />
  <attribute name="heapSize specified" value="0" />
  <attribute name="Current GC Util" value="6" />
  <attribute name= "Current Time Running" value="48258" />
  <attribute name ="GC Interval" value="200" />
  <attribute name="ProportionalT" value="-21.000000" />
  <attribute name="ProportionalI" value="-21.000000" />
  <attribute name="ProportionalH" value="-21.000000" />
  <attribute name="Current Error" value="-14.000000" />
  <attribute name="IntegralT" value="-672.000000" />
  <attribute name="IntegralI" value="-672.000000" />
  <attribute name="IntegralH" value="-672.000000" />
  <attribute name="DerivativeT" value="-0.291667" />
  <attribute name="DerivativeI" value="-0.291667" />
  <attribute name="DerivativeH" value="-0.291667" />
  <attribute name="Loop Time for DT" value="48.000000" />
  <attribute name="Output H" value="2092630016"/>
  <attribute name="Output I" value="200"/>
  <attribute name="Output T" value="4"/>
  <attribute name="Target GC Util Change" value ="20.000000" />
  <attribute name="Current GC Util Change" value="6.000000"/>
  <attribute name="GC Util currently" value="6" />
  <attribute name="CPU Util currently" value="95159590345" />
<allocation-satisfied id="531" threadId="0000000001849700" bytesRequested="32" />
<af-end id="532" timestamp="2019-06-15T22:25:15.601" threadId="000000000184A088" success="true" from="nursery"/>
<exclusive-end id="533" timestamp="2019-06-15T22:25:15.601" durationms="2.750" />

<exclusive-start id="534" timestamp="2019-06-15T22:25:15.608" intervalms="10.264">
  <response-info timems="0.060" idlems="0.060" threads="0" lastid="0000000001849700" lastname="main" />
</exclusive-start>
<af-start id="535" threadId="000000000184A088" totalBytesRequested="32" timestamp="2019-06-15T22:25:15.608" intervalms="10.250" type="nursery" />
<cycle-start id="536" type="scavenge" contextid="0" timestamp="2019-06-15T22:25:15.609" intervalms="10.295" />
<gc-start id="537" type="scavenge" contextid="536" timestamp="2019-06-15T22:25:15.609">
  <mem-info id="538" free="1263408" total="9043968" percent="13">
    <mem type="nursery" free="0" total="2752512" percent="0">
      <mem type="allocate" free="0" total="1376256" percent="0" />
      <mem type="survivor" free="0" total="1376256" percent="0" />
    </mem>
    <mem type="tenure" free="1263408" total="6291456" percent="20">
      <mem type="soa" free="949040" total="5977088" percent="15" />
      <mem type="loa" free="314368" total="314368" percent="100" />
    </mem>
    <remembered-set count="3513" />
  </mem-info>
</gc-start>
<allocation-stats totalBytes="917336" >
  <allocated-bytes non-tlh="32" tlh="917304" />
  <largest-consumer threadName="main" threadId="0000000001849700" bytes="917336" />
</allocation-stats>
<gc-op id="539" type="scavenge" timems="0.982" contextid="536" timestamp="2019-06-15T22:25:15.610">
  <scavenger-info tenureage="3" tenuremask="ffd8" tiltratio="50" />
  <memory-copied type="nursery" objects="3792" bytes="494136" bytesdiscarded="129120" />
  <memory-copied type="tenure" objects="672" bytes="21552" bytesdiscarded="0" />
  <references type="soft" candidates="24" cleared="0" enqueued="0" dynamicThreshold="32" maxThreshold="32" />
  <references type="weak" candidates="46" cleared="0" enqueued="0" />
  <references type="phantom" candidates="1" cleared="0" enqueued="0" />
</gc-op>
<heap-resize id="540" type="expand" space="nursery" amount="262144" count="1" timems="0.015" reason="excessive time being spent scavenging" timestamp="2019-06-15T22:25:15.610" />
<gc-end id="541" type="scavenge" contextid="536" durationms="1.557" usertimems="4.000" systemtimems="0.000" timestamp="2019-06-15T22:25:15.610" activeThreads="4">
  <mem-info id="542" free="2212952" total="9306112" percent="23">
    <mem type="nursery" free="949544" total="3014656" percent="31">
      <mem type="allocate" free="949544" total="1572864" percent="60" />
      <mem type="survivor" free="0" total="1441792" percent="0" />
    </mem>
    <mem type="tenure" free="1263408" total="6291456" percent="20" macro-fragmented="290741">
      <mem type="soa" free="949040" total="5977088" percent="15" />
      <mem type="loa" free="314368" total="314368" percent="100" />
    </mem>
    <remembered-set count="2659" />
  </mem-info>
</gc-end>
<cycle-end id="543" type="scavenge" contextid="536" timestamp="2019-06-15T22:25:15.610" />
  <attribute name="elasticGC enabled" value="1" />
  <attribute name= "numThreadsSpecified" value="4" />
  <attribute name="heapSize specified" value="0" />
  <attribute name="Current GC Util" value="29" />
  <attribute name= "Current Time Running" value="48268" />
  <attribute name ="GC Interval" value="200" />
  <attribute name="ProportionalT" value="13.500000" />
  <attribute name="ProportionalI" value="13.500000" />
  <attribute name="ProportionalH" value="13.500000" />
  <attribute name="Current Error" value="9.000000" />
  <attribute name="IntegralT" value="90.000000" />
  <attribute name="IntegralI" value="90.000000" />
  <attribute name="IntegralH" value="90.000000" />
  <attribute name="DerivativeT" value="0.900000" />
  <attribute name="DerivativeI" value="0.900000" />
  <attribute name="DerivativeH" value="0.900000" />
  <attribute name="Loop Time for DT" value="10.000000" />
  <attribute name="Output H" value="8388608"/>
  <attribute name="Output I" value="200"/>
  <attribute name="Output T" value="4"/>
  <attribute name="Target GC Util Change" value ="20.000000" />
  <attribute name="Current GC Util Change" value="29.000000"/>
  <attribute name="GC Util currently" value="29" />
  <attribute name="CPU Util currently" value="452608995917" />
<allocation-satisfied id="544" threadId="0000000001849700" bytesRequested="32" />
<af-end id="545" timestamp="2019-06-15T22:25:15.611" threadId="000000000184A088" success="true" from="nursery"/>
<exclusive-end id="546" timestamp="2019-06-15T22:25:15.611" durationms="2.433" />

<exclusive-start id="547" timestamp="2019-06-15T22:25:15.618" intervalms="10.086">
  <response-info timems="0.081" idlems="0.081" threads="0" lastid="0000000001849700" lastname="main" />
</exclusive-start>
<af-start id="548" threadId="000000000184A088" totalBytesRequested="24" timestamp="2019-06-15T22:25:15.619" intervalms="10.178" type="nursery" />
<cycle-start id="549" type="scavenge" contextid="0" timestamp="2019-06-15T22:25:15.619" intervalms="10.128" />
<gc-start id="550" type="scavenge" contextid="549" timestamp="2019-06-15T22:25:15.619">
  <mem-info id="551" free="1263408" total="9306112" percent="13">
    <mem type="nursery" free="0" total="3014656" percent="0">
      <mem type="allocate" free="0" total="1572864" percent="0" />
      <mem type="survivor" free="0" total="1441792" percent="0" />
    </mem>
    <mem type="tenure" free="1263408" total="6291456" percent="20">
      <mem type="soa" free="949040" total="5977088" percent="15" />
      <mem type="loa" free="314368" total="314368" percent="100" />
    </mem>
    <remembered-set count="2659" />
  </mem-info>
</gc-start>
<allocation-stats totalBytes="949360" >
  <allocated-bytes non-tlh="32" tlh="949328" />
  <largest-consumer threadName="main" threadId="0000000001849700" bytes="949360" />
</allocation-stats>
<gc-op id="552" type="scavenge" timems="0.957" contextid="549" timestamp="2019-06-15T22:25:15.620">
  <scavenger-info tenureage="3" tenuremask="ffc8" tiltratio="52" />
  <memory-copied type="nursery" objects="4481" bytes="503040" bytesdiscarded="99880" />
  <memory-copied type="tenure" objects="496" bytes="48592" bytesdiscarded="0" />
  <references type="weak" candidates="38" cleared="0" enqueued="0" />
</gc-op>
<heap-resize id="553" type="expand" space="nursery" amount="131072" count="1" timems="0.012" reason="excessive time being spent scavenging" timestamp="2019-06-15T22:25:15.620" />
<gc-end id="554" type="scavenge" contextid="549" durationms="1.468" usertimems="0.000" systemtimems="0.000" timestamp="2019-06-15T22:25:15.620" activeThreads="4">
  <mem-info id="555" free="2561008" total="9437184" percent="27">
    <mem type="nursery" free="1297600" total="3145728" percent="41">
      <mem type="allocate" free="1297600" total="1900544" percent="68" />
      <mem type="survivor" free="0" total="1245184" percent="0" />
    </mem>
    <mem type="tenure" free="1263408" total="6291456" percent="20" macro-fragmented="1158890">
      <mem type="soa" free="949040" total="5977088" percent="15" />
      <mem type="loa" free="314368" total="314368" percent="100" />
    </mem>
    <remembered-set count="247" />
  </mem-info>
</gc-end>
<cycle-end id="556" type="scavenge" contextid="549" timestamp="2019-06-15T22:25:15.620" />
  <attribute name="elasticGC enabled" value="1" />
  <attribute name= "numThreadsSpecified" value="4" />
  <attribute name="heapSize specified" value="0" />
  <attribute name="Current GC Util" value="21" />
  <attribute name= "Current Time Running" value="48278" />
  <attribute name ="GC Interval" value="200" />
  <attribute name="ProportionalT" value="1.500000" />
  <attribute name="ProportionalI" value="1.500000" />
  <attribute name="ProportionalH" value="1.500000" />
  <attribute name="Current Error" value="1.000000" />
  <attribute name="IntegralT" value="10.000000" />
  <attribute name="IntegralI" value="10.000000" />
  <attribute name="IntegralH" value="10.000000" />
  <attribute name="DerivativeT" value="-0.800000" />
  <attribute name="DerivativeI" value="-0.800000" />
  <attribute name="DerivativeH" value="-0.800000" />
  <attribute name="Loop Time for DT" value="10.000000" />
  <attribute name="Output H" value="8388608"/>
  <attribute name="Output I" value="200"/>
  <attribute name="Output T" value="4"/>
  <attribute name="Target GC Util Change" value ="20.000000" />
  <attribute name="Current GC Util Change" value="21.000000"/>
  <attribute name="GC Util currently" value="21" />
  <attribute name="CPU Util currently" value="453023688538" />
<allocation-satisfied id="557" threadId="0000000001849700" bytesRequested="24" />
<af-end id="558" timestamp="2019-06-15T22:25:15.621" threadId="000000000184A088" success="true" from="nursery"/>
<exclusive-end id="559" timestamp="2019-06-15T22:25:15.621" durationms="2.224" />

<exclusive-start id="560" timestamp="2019-06-15T22:25:15.638" intervalms="19.138">
  <response-info timems="0.079" idlems="0.079" threads="0" lastid="0000000001849700" lastname="main" />
</exclusive-start>
<af-start id="561" threadId="000000000184A088" totalBytesRequested="24" timestamp="2019-06-15T22:25:15.638" intervalms="19.085" type="nursery" />
<cycle-start id="562" type="scavenge" contextid="0" timestamp="2019-06-15T22:25:15.638" intervalms="19.142" />
<gc-start id="563" type="scavenge" contextid="562" timestamp="2019-06-15T22:25:15.638">
  <mem-info id="564" free="1258648" total="9437184" percent="13">
    <mem type="nursery" free="0" total="3145728" percent="0">
      <mem type="allocate" free="0" total="1900544" percent="0" />
      <mem type="survivor" free="0" total="1245184" percent="0" />
    </mem>
    <mem type="tenure" free="1258648" total="6291456" percent="20">
      <mem type="soa" free="944280" total="5977088" percent="15" />
      <mem type="loa" free="314368" total="314368" percent="100" />
    </mem>
    <remembered-set count="354" />
  </mem-info>
</gc-start>
<allocation-stats totalBytes="1301504" >
  <allocated-bytes non-tlh="4784" tlh="1296720" />
  <largest-consumer threadName="main" threadId="0000000001849700" bytes="1301504" />
</allocation-stats>
<gc-op id="565" type="scavenge" timems="1.174" contextid="562" timestamp="2019-06-15T22:25:15.639">
  <scavenger-info tenureage="3" tenuremask="ffe8" tiltratio="60" />
  <memory-copied type="nursery" objects="4382" bytes="173936" bytesdiscarded="167024" />
  <memory-copied type="tenure" objects="1524" bytes="383304" bytesdiscarded="48" />
  <references type="weak" candidates="38" cleared="0" enqueued="0" />
</gc-op>
<gc-end id="566" type="scavenge" contextid="562" durationms="1.679" usertimems="0.000" systemtimems="0.000" timestamp="2019-06-15T22:25:15.640" activeThreads="4">
  <mem-info id="567" free="2533208" total="9437184" percent="26">
    <mem type="nursery" free="1756160" total="3145728" percent="55">
      <mem type="allocate" free="1756160" total="2097152" percent="83" />
      <mem type="survivor" free="0" total="1048576" percent="0" />
    </mem>
    <mem type="tenure" free="777048" total="6291456" percent="12" macro-fragmented="517142">
      <mem type="soa" free="462680" total="5977088" percent="7" />
      <mem type="loa" free="314368" total="314368" percent="100" />
    </mem>
    <remembered-set count="569" />
  </mem-info>
</gc-end>
<cycle-end id="568" type="scavenge" contextid="562" timestamp="2019-06-15T22:25:15.640" />
  <attribute name="elasticGC enabled" value="1" />
  <attribute name= "numThreadsSpecified" value="4" />
  <attribute name="heapSize specified" value="0" />
  <attribute name="Current GC Util" value="9" />
  <attribute name= "Current Time Running" value="48298" />
  <attribute name ="GC Interval" value="200" />
  <attribute name="ProportionalT" value="-16.500000" />
  <attribute name="ProportionalI" value="-16.500000" />
  <attribute name="ProportionalH" value="-16.500000" />
  <attribute name="Current Error" value="-11.000000" />
  <attribute name="IntegralT" value="-220.000000" />
  <attribute name="IntegralI" value="-220.000000" />
  <attribute name="IntegralH" value="-220.000000" />
  <attribute name="DerivativeT" value="-0.600000" />
  <attribute name="DerivativeI" value="-0.600000" />
  <attribute name="DerivativeH" value="-0.600000" />
  <attribute name="Loop Time for DT" value="20.000000" />
  <attribute name="Output H" value="2092630016"/>
  <attribute name="Output I" value="200"/>
  <attribute name="Output T" value="4"/>
  <attribute name="Target GC Util Change" value ="20.000000" />
  <attribute name="Current GC Util Change" value="9.000000"/>
  <attribute name="GC Util currently" value="9" />
  <attribute name="CPU Util currently" value="240395402012" />
<allocation-satisfied id="569" threadId="0000000001849700" bytesRequested="24" />
<af-end id="570" timestamp="2019-06-15T22:25:15.640" threadId="000000000184A088" success="true" from="nursery"/>
<exclusive-end id="571" timestamp="2019-06-15T22:25:15.640" durationms="2.521" />

<exclusive-start id="572" timestamp="2019-06-15T22:25:15.653" intervalms="15.450">
  <response-info timems="0.067" idlems="0.067" threads="0" lastid="0000000001849700" lastname="main" />
</exclusive-start>
<af-start id="573" threadId="000000000184A088" totalBytesRequested="32" timestamp="2019-06-15T22:25:15.653" intervalms="15.425" type="nursery" />
<cycle-start id="574" type="scavenge" contextid="0" timestamp="2019-06-15T22:25:15.653" intervalms="15.358" />
<gc-start id="575" type="scavenge" contextid="574" timestamp="2019-06-15T22:25:15.653">
  <mem-info id="576" free="777048" total="9437184" percent="8">
    <mem type="nursery" free="0" total="3145728" percent="0">
      <mem type="allocate" free="0" total="2097152" percent="0" />
      <mem type="survivor" free="0" total="1048576" percent="0" />
    </mem>
    <mem type="tenure" free="777048" total="6291456" percent="12">
      <mem type="soa" free="462680" total="5977088" percent="7" />
      <mem type="loa" free="314368" total="314368" percent="100" />
    </mem>
    <remembered-set count="821" />
  </mem-info>
</gc-start>
<allocation-stats totalBytes="1755848" >
  <allocated-bytes non-tlh="24" tlh="1755824" />
  <largest-consumer threadName="main" threadId="0000000001849700" bytes="1755848" />
</allocation-stats>
<gc-op id="577" type="scavenge" timems="1.066" contextid="574" timestamp="2019-06-15T22:25:15.654">
  <scavenger-info tenureage="3" tenuremask="ffe8" tiltratio="66" />
  <memory-copied type="nursery" objects="5596" bytes="219560" bytesdiscarded="54600" />
  <memory-copied type="tenure" objects="1613" bytes="57248" bytesdiscarded="48" />
  <references type="weak" candidates="38" cleared="0" enqueued="0" />
</gc-op>
<heap-resize id="578" type="expand" space="nursery" amount="131072" count="1" timems="0.015" reason="excessive time being spent scavenging" timestamp="2019-06-15T22:25:15.655" />
<gc-end id="579" type="scavenge" contextid="574" durationms="1.499" usertimems="4.000" systemtimems="0.000" timestamp="2019-06-15T22:25:15.655" activeThreads="4">
  <mem-info id="580" free="2757464" total="9568256" percent="28">
    <mem type="nursery" free="2019584" total="3276800" percent="61">
      <mem type="allocate" free="2019584" total="2293760" percent="88" />
      <mem type="survivor" free="0" total="983040" percent="0" />
    </mem>
    <mem type="tenure" free="737880" total="6291456" percent="11" macro-fragmented="709408">
      <mem type="soa" free="423512" total="5977088" percent="7" />
      <mem type="loa" free="314368" total="314368" percent="100" />
    </mem>
    <remembered-set count="645" />
  </mem-info>
</gc-end>
<cycle-end id="581" type="scavenge" contextid="574" timestamp="2019-06-15T22:25:15.655" />
  <attribute name="elasticGC enabled" value="1" />
  <attribute name= "numThreadsSpecified" value="4" />
  <attribute name="heapSize specified" value="0" />
  <attribute name="Current GC Util" value="14" />
  <attribute name= "Current Time Running" value="48313" />
  <attribute name ="GC Interval" value="200" />
  <attribute name="ProportionalT" value="-9.000000" />
  <attribute name="ProportionalI" value="-9.000000" />
  <attribute name="ProportionalH" value="-9.000000" />
  <attribute name="Current Error" value="-6.000000" />
  <attribute name="IntegralT" value="-90.000000" />
  <attribute name="IntegralI" value="-90.000000" />
  <attribute name="IntegralH" value="-90.000000" />
  <attribute name="DerivativeT" value="-0.400000" />
  <attribute name="DerivativeI" value="-0.400000" />
  <attribute name="DerivativeH" value="-0.400000" />
  <attribute name="Loop Time for DT" value="15.000000" />
  <attribute name="Output H" value="2092630016"/>
  <attribute name="Output I" value="200"/>
  <attribute name="Output T" value="4"/>
  <attribute name="Target GC Util Change" value ="20.000000" />
  <attribute name="Current GC Util Change" value="14.000000"/>
  <attribute name="GC Util currently" value="14" />
  <attribute name="CPU Util currently" value="302173135437" />
<allocation-satisfied id="582" threadId="0000000001849700" bytesRequested="32" />
<af-end id="583" timestamp="2019-06-15T22:25:15.655" threadId="000000000184A088" success="true" from="nursery"/>
<exclusive-end id="584" timestamp="2019-06-15T22:25:15.655" durationms="2.068" />

<exclusive-start id="585" timestamp="2019-06-15T22:25:15.672" intervalms="18.841">
  <response-info timems="0.067" idlems="0.067" threads="0" lastid="0000000001849700" lastname="main" />
</exclusive-start>
<af-start id="586" threadId="000000000184A088" totalBytesRequested="32" timestamp="2019-06-15T22:25:15.672" intervalms="18.862" type="nursery" />
<cycle-start id="587" type="scavenge" contextid="0" timestamp="2019-06-15T22:25:15.672" intervalms="18.861" />
<gc-start id="588" type="scavenge" contextid="587" timestamp="2019-06-15T22:25:15.672">
  <mem-info id="589" free="736000" total="9568256" percent="7">
    <mem type="nursery" free="0" total="3276800" percent="0">
      <mem type="allocate" free="0" total="2293760" percent="0" />
      <mem type="survivor" free="0" total="983040" percent="0" />
    </mem>
    <mem type="tenure" free="736000" total="6291456" percent="11">
      <mem type="soa" free="421632" total="5977088" percent="7" />
      <mem type="loa" free="314368" total="314368" percent="100" />
    </mem>
    <remembered-set count="947" />
  </mem-info>
</gc-start>
<allocation-stats totalBytes="2020784" >
  <allocated-bytes non-tlh="1912" tlh="2018872" />
  <largest-consumer threadName="main" threadId="0000000001849700" bytes="2020784" />
</allocation-stats>
<gc-op id="590" type="scavenge" timems="1.112" contextid="587" timestamp="2019-06-15T22:25:15.673">
  <scavenger-info tenureage="3" tenuremask="ffe8" tiltratio="70" />
  <memory-copied type="nursery" objects="7271" bytes="277776" bytesdiscarded="35536" />
  <memory-copied type="tenure" objects="1211" bytes="57936" bytesdiscarded="80" />
  <references type="weak" candidates="54" cleared="0" enqueued="0" />
</gc-op>
<gc-end id="591" type="scavenge" contextid="587" durationms="1.610" usertimems="0.000" systemtimems="0.000" timestamp="2019-06-15T22:25:15.674" activeThreads="4">
  <mem-info id="592" free="2834688" total="9568256" percent="29">
    <mem type="nursery" free="2177024" total="3276800" percent="66">
      <mem type="allocate" free="2177024" total="2490368" percent="87" />
      <mem type="survivor" free="0" total="786432" percent="0" />
    </mem>
    <mem type="tenure" free="657664" total="6291456" percent="10" macro-fragmented="336506">
      <mem type="soa" free="343296" total="5977088" percent="5" />
      <mem type="loa" free="314368" total="314368" percent="100" />
    </mem>
    <remembered-set count="785" />
  </mem-info>
</gc-end>
<cycle-end id="593" type="scavenge" contextid="587" timestamp="2019-06-15T22:25:15.674" />
  <attribute name="elasticGC enabled" value="1" />
  <attribute name= "numThreadsSpecified" value="4" />
  <attribute name="heapSize specified" value="0" />
  <attribute name="Current GC Util" value="9" />
  <attribute name= "Current Time Running" value="48332" />
  <attribute name ="GC Interval" value="200" />
  <attribute name="ProportionalT" value="-16.500000" />
  <attribute name="ProportionalI" value="-16.500000" />
  <attribute name="ProportionalH" value="-16.500000" />
  <attribute name="Current Error" value="-11.000000" />
  <attribute name="IntegralT" value="-209.000000" />
  <attribute name="IntegralI" value="-209.000000" />
  <attribute name="IntegralH" value="-209.000000" />
  <attribute name="DerivativeT" value="-0.578947" />
  <attribute name="DerivativeI" value="-0.578947" />
  <attribute name="DerivativeH" value="-0.578947" />
  <attribute name="Loop Time for DT" value="19.000000" />
  <attribute name="Output H" value="2092630016"/>
  <attribute name="Output I" value="200"/>
  <attribute name="Output T" value="4"/>
  <attribute name="Target GC Util Change" value ="20.000000" />
  <attribute name="Current GC Util Change" value="9.000000"/>
  <attribute name="GC Util currently" value="9" />
  <attribute name="CPU Util currently" value="243561539664" />
<allocation-satisfied id="594" threadId="0000000001849700" bytesRequested="32" />
<af-end id="595" timestamp="2019-06-15T22:25:15.674" threadId="000000000184A088" success="true" from="nursery"/>
<exclusive-end id="596" timestamp="2019-06-15T22:25:15.674" durationms="2.235" />

<exclusive-start id="597" timestamp="2019-06-15T22:25:15.695" intervalms="23.240">
  <response-info timems="0.066" idlems="0.066" threads="0" lastid="0000000001849700" lastname="main" />
</exclusive-start>
<af-start id="598" threadId="000000000184A088" totalBytesRequested="208" timestamp="2019-06-15T22:25:15.695" intervalms="23.272" type="nursery" />
<cycle-start id="599" type="scavenge" contextid="0" timestamp="2019-06-15T22:25:15.695" intervalms="23.285" />
<gc-start id="600" type="scavenge" contextid="599" timestamp="2019-06-15T22:25:15.695">
  <mem-info id="601" free="657376" total="9568256" percent="6">
    <mem type="nursery" free="0" total="3276800" percent="0">
      <mem type="allocate" free="0" total="2490368" percent="0" />
      <mem type="survivor" free="0" total="786432" percent="0" />
    </mem>
    <mem type="tenure" free="657376" total="6291456" percent="10">
      <mem type="soa" free="343008" total="5977088" percent="5" />
      <mem type="loa" free="314368" total="314368" percent="100" />
    </mem>
    <remembered-set count="1016" />
  </mem-info>
</gc-start>
<allocation-stats totalBytes="2176840" >
  <allocated-bytes non-tlh="320" tlh="2176520" />
  <largest-consumer threadName="main" threadId="0000000001849700" bytes="2176840" />
</allocation-stats>
<gc-op id="602" type="scavenge" timems="1.111" contextid="599" timestamp="2019-06-15T22:25:15.697">
  <scavenger-info tenureage="3" tenuremask="ffe8" tiltratio="76" />
  <memory-copied type="nursery" objects="12377" bytes="511352" bytesdiscarded="139904" />
  <memory-copied type="tenure" objects="1301" bytes="51536" bytesdiscarded="104" />
  <references type="weak" candidates="16" cleared="0" enqueued="0" />
</gc-op>
<gc-end id="603" type="scavenge" contextid="599" durationms="1.749" usertimems="0.000" systemtimems="0.000" timestamp="2019-06-15T22:25:15.697" activeThreads="4">
  <mem-info id="604" free="2391776" total="9568256" percent="24">
    <mem type="nursery" free="1773568" total="3276800" percent="54">
      <mem type="allocate" free="1773568" total="2424832" percent="73" />
      <mem type="survivor" free="0" total="851968" percent="0" />
    </mem>
    <mem type="tenure" free="618208" total="6291456" percent="9" macro-fragmented="581482">
      <mem type="soa" free="303840" total="5977088" percent="5" />
      <mem type="loa" free="314368" total="314368" percent="100" />
    </mem>
    <remembered-set count="918" />
  </mem-info>
</gc-end>
<cycle-end id="605" type="scavenge" contextid="599" timestamp="2019-06-15T22:25:15.697" />
  <attribute name="elasticGC enabled" value="1" />
  <attribute name= "numThreadsSpecified" value="4" />
  <attribute name="heapSize specified" value="0" />
  <attribute name="Current GC Util" value="8" />
  <attribute name= "Current Time Running" value="48355" />
  <attribute name ="GC Interval" value="200" />
  <attribute name="ProportionalT" value="-18.000000" />
  <attribute name="ProportionalI" value="-18.000000" />
  <attribute name="ProportionalH" value="-18.000000" />
  <attribute name="Current Error" value="-12.000000" />
  <attribute name="IntegralT" value="-276.000000" />
  <attribute name="IntegralI" value="-276.000000" />
  <attribute name="IntegralH" value="-276.000000" />
  <attribute name="DerivativeT" value="-0.521739" />
  <attribute name="DerivativeI" value="-0.521739" />
  <attribute name="DerivativeH" value="-0.521739" />
  <attribute name="Loop Time for DT" value="23.000000" />
  <attribute name="Output H" value="2092630016"/>
  <attribute name="Output I" value="200"/>
  <attribute name="Output T" value="4"/>
  <attribute name="Target GC Util Change" value ="20.000000" />
  <attribute name="Current GC Util Change" value="8.000000"/>
  <attribute name="GC Util currently" value="8" />
  <attribute name="CPU Util currently" value="197059831863" />
<allocation-satisfied id="606" threadId="0000000001849700" bytesRequested="208" />
<af-end id="607" timestamp="2019-06-15T22:25:15.698" threadId="000000000184A088" success="true" from="nursery"/>
<exclusive-end id="608" timestamp="2019-06-15T22:25:15.698" durationms="2.646" />

<exclusive-start id="609" timestamp="2019-06-15T22:25:15.720" intervalms="24.794">
  <response-info timems="0.064" idlems="0.064" threads="0" lastid="0000000001849700" lastname="main" />
</exclusive-start>
<af-start id="610" threadId="000000000184A088" totalBytesRequested="47576" timestamp="2019-06-15T22:25:15.720" intervalms="24.788" type="nursery" />
<cycle-start id="611" type="scavenge" contextid="0" timestamp="2019-06-15T22:25:15.720" intervalms="24.754" />
<gc-start id="612" type="scavenge" contextid="611" timestamp="2019-06-15T22:25:15.720">
  <mem-info id="613" free="618208" total="9568256" percent="6">
    <mem type="nursery" free="0" total="3276800" percent="0">
      <mem type="allocate" free="0" total="2424832" percent="0" />
      <mem type="survivor" free="0" total="851968" percent="0" />
    </mem>
    <mem type="tenure" free="618208" total="6291456" percent="9">
      <mem type="soa" free="303840" total="5977088" percent="5" />
      <mem type="loa" free="314368" total="314368" percent="100" />
    </mem>
    <remembered-set count="918" />
  </mem-info>
</gc-start>
<allocation-stats totalBytes="1765128" >
  <allocated-bytes non-tlh="208" tlh="1764920" />
  <largest-consumer threadName="main" threadId="0000000001849700" bytes="1765128" />
</allocation-stats>
<gc-op id="614" type="scavenge" timems="1.051" contextid="611" timestamp="2019-06-15T22:25:15.721">
  <scavenger-info tenureage="5" tenuremask="ffe0" tiltratio="74" />
  <memory-copied type="nursery" objects="7555" bytes="341456" bytesdiscarded="58624" />
  <references type="weak" candidates="16" cleared="0" enqueued="0" />
</gc-op>
<gc-end id="615" type="scavenge" contextid="611" durationms="1.534" usertimems="4.000" systemtimems="0.000" timestamp="2019-06-15T22:25:15.722" activeThreads="4">
  <mem-info id="616" free="2708488" total="9568256" percent="28">
    <mem type="nursery" free="2090280" total="3276800" percent="63">
      <mem type="allocate" free="2090280" total="2490368" percent="83" />
      <mem type="survivor" free="0" total="786432" percent="0" />
    </mem>
    <mem type="tenure" free="618208" total="6291456" percent="9" macro-fragmented="533025">
      <mem type="soa" free="303840" total="5977088" percent="5" />
      <mem type="loa" free="314368" total="314368" percent="100" />
    </mem>
    <remembered-set count="896" />
  </mem-info>
</gc-end>
<cycle-end id="617" type="scavenge" contextid="611" timestamp="2019-06-15T22:25:15.722" />
  <attribute name="elasticGC enabled" value="1" />
  <attribute name= "numThreadsSpecified" value="4" />
  <attribute name="heapSize specified" value="0" />
  <attribute name="Current GC Util" value="9" />
  <attribute name= "Current Time Running" value="48380" />
  <attribute name ="GC Interval" value="200" />
  <attribute name="ProportionalT" value="-16.500000" />
  <attribute name="ProportionalI" value="-16.500000" />
  <attribute name="ProportionalH" value="-16.500000" />
  <attribute name="Current Error" value="-11.000000" />
  <attribute name="IntegralT" value="-275.000000" />
  <attribute name="IntegralI" value="-275.000000" />
  <attribute name="IntegralH" value="-275.000000" />
  <attribute name="DerivativeT" value="-0.440000" />
  <attribute name="DerivativeI" value="-0.440000" />
  <attribute name="DerivativeH" value="-0.440000" />
  <attribute name="Loop Time for DT" value="25.000000" />
  <attribute name="Output H" value="2092630016"/>
  <attribute name="Output I" value="200"/>
  <attribute name="Output T" value="4"/>
  <attribute name="Target GC Util Change" value ="20.000000" />
  <attribute name="Current GC Util Change" value="9.000000"/>
  <attribute name="GC Util currently" value="9" />
  <attribute name="CPU Util currently" value="187768057552" />
<allocation-satisfied id="618" threadId="0000000001849700" bytesRequested="47576" />
<af-end id="619" timestamp="2019-06-15T22:25:15.722" threadId="000000000184A088" success="true" from="nursery"/>
<exclusive-end id="620" timestamp="2019-06-15T22:25:15.722" durationms="2.473" />

<exclusive-start id="621" timestamp="2019-06-15T22:25:15.793" intervalms="72.868">
  <response-info timems="0.069" idlems="0.069" threads="0" lastid="0000000001849700" lastname="main" />
</exclusive-start>
<af-start id="622" threadId="000000000184A088" totalBytesRequested="32" timestamp="2019-06-15T22:25:15.793" intervalms="72.869" type="nursery" />
<cycle-start id="623" type="scavenge" contextid="0" timestamp="2019-06-15T22:25:15.793" intervalms="72.912" />
<gc-start id="624" type="scavenge" contextid="623" timestamp="2019-06-15T22:25:15.793">
  <mem-info id="625" free="560672" total="9568256" percent="5">
    <mem type="nursery" free="0" total="3276800" percent="0">
      <mem type="allocate" free="0" total="2490368" percent="0" />
      <mem type="survivor" free="0" total="786432" percent="0" />
    </mem>
    <mem type="tenure" free="560672" total="6291456" percent="8">
      <mem type="soa" free="246304" total="5977088" percent="4" />
      <mem type="loa" free="314368" total="314368" percent="100" />
    </mem>
    <remembered-set count="1512" />
  </mem-info>
</gc-start>
<allocation-stats totalBytes="2147192" >
  <allocated-bytes non-tlh="465816" tlh="1681376" />
  <largest-consumer threadName="main" threadId="0000000001849700" bytes="2147192" />
</allocation-stats>
<gc-op id="626" type="scavenge" timems="1.505" contextid="623" timestamp="2019-06-15T22:25:15.795">
  <scavenger-info tenureage="5" tenuremask="ffe0" tiltratio="76" />
  <memory-copied type="nursery" objects="10793" bytes="785608" bytesdiscarded="608" />
  <memory-copied type="tenure" objects="5346" bytes="218760" bytesdiscarded="88" />
  <copy-failed type="nursery" objects="5346" bytes="218768" />
  <references type="soft" candidates="224" cleared="0" enqueued="0" dynamicThreshold="32" maxThreshold="32" />
  <references type="weak" candidates="240" cleared="18" enqueued="12" />
  <references type="phantom" candidates="1" cleared="0" enqueued="0" />
</gc-op>
<gc-end id="627" type="scavenge" contextid="623" durationms="2.017" usertimems="4.000" systemtimems="0.000" timestamp="2019-06-15T22:25:15.795" activeThreads="4">
  <mem-info id="628" free="1202976" total="9568256" percent="12">
    <mem type="nursery" free="851968" total="3276800" percent="26">
      <mem type="allocate" free="851968" total="1638400" percent="52" />
      <mem type="survivor" free="0" total="1638400" percent="0" />
    </mem>
    <mem type="tenure" free="351008" total="6291456" percent="5" macro-fragmented="242284">
      <mem type="soa" free="36640" total="5977088" percent="0" />
      <mem type="loa" free="314368" total="314368" percent="100" />
    </mem>
    <pending-finalizers system="0" default="0" reference="12" classloader="0" />
    <remembered-set count="2933" />
  </mem-info>
</gc-end>
<cycle-end id="629" type="scavenge" contextid="623" timestamp="2019-06-15T22:25:15.795" />
  <attribute name="elasticGC enabled" value="1" />
  <attribute name= "numThreadsSpecified" value="4" />
  <attribute name="heapSize specified" value="0" />
  <attribute name="Current GC Util" value="2" />
  <attribute name= "Current Time Running" value="48453" />
  <attribute name ="GC Interval" value="200" />
  <attribute name="ProportionalT" value="-27.000000" />
  <attribute name="ProportionalI" value="-27.000000" />
  <attribute name="ProportionalH" value="-27.000000" />
  <attribute name="Current Error" value="-18.000000" />
  <attribute name="IntegralT" value="-1314.000000" />
  <attribute name="IntegralI" value="-1314.000000" />
  <attribute name="IntegralH" value="-1314.000000" />
  <attribute name="DerivativeT" value="-0.246575" />
  <attribute name="DerivativeI" value="-0.246575" />
  <attribute name="DerivativeH" value="-0.246575" />
  <attribute name="Loop Time for DT" value="73.000000" />
  <attribute name="Output H" value="2092630016"/>
  <attribute name="Output I" value="200"/>
  <attribute name="Output T" value="4"/>
  <attribute name="Target GC Util Change" value ="20.000000" />
  <attribute name="Current GC Util Change" value="2.000000"/>
  <attribute name="GC Util currently" value="2" />
  <attribute name="CPU Util currently" value="63195514245" />
<allocation-satisfied id="630" threadId="0000000001849700" bytesRequested="32" />
<af-end id="631" timestamp="2019-06-15T22:25:15.795" threadId="000000000184A088" success="true" from="nursery"/>
<exclusive-end id="632" timestamp="2019-06-15T22:25:15.796" durationms="2.790" />

<concurrent-kickoff id="633" timestamp="2019-06-15T22:25:15.797">
  <kickoff reason="threshold reached" targetBytes="1867303" thresholdFreeBytes="258322"  remainingFree="208864" tenureFreeBytes="351008" nurseryFreeBytes="208864" />
</concurrent-kickoff>
<exclusive-start id="634" timestamp="2019-06-15T22:25:15.798" intervalms="5.030">
  <response-info timems="0.026" idlems="0.026" threads="0" lastid="0000000001849700" lastname="main" />
</exclusive-start>
<cycle-start id="635" type="global" contextid="0" timestamp="2019-06-15T22:25:15.798" intervalms="48583.312" />
<exclusive-end id="636" timestamp="2019-06-15T22:25:15.798" durationms="0.140" />

<exclusive-start id="637" timestamp="2019-06-15T22:25:15.802" intervalms="3.829">
  <response-info timems="0.070" idlems="0.070" threads="0" lastid="0000000001849700" lastname="main" />
</exclusive-start>
<af-start id="638" threadId="000000000184A088" totalBytesRequested="24" timestamp="2019-06-15T22:25:15.802" intervalms="8.796" type="nursery" />
<cycle-start id="639" type="scavenge" contextid="0" timestamp="2019-06-15T22:25:15.802" intervalms="8.785" />
<gc-start id="640" type="scavenge" contextid="639" timestamp="2019-06-15T22:25:15.802">
  <mem-info id="641" free="351008" total="9568256" percent="3">
    <mem type="nursery" free="0" total="3276800" percent="0">
      <mem type="allocate" free="0" total="1638400" percent="0" />
      <mem type="survivor" free="0" total="1638400" percent="0" />
    </mem>
    <mem type="tenure" free="351008" total="6291456" percent="5">
      <mem type="soa" free="36640" total="5977088" percent="0" />
      <mem type="loa" free="314368" total="314368" percent="100" />
    </mem>
    <remembered-set count="2935" />
  </mem-info>
</gc-start>
<allocation-stats totalBytes="851872" >
  <allocated-bytes non-tlh="32" tlh="851840" />
  <largest-consumer threadName="main" threadId="0000000001849700" bytes="847776" />
</allocation-stats>
<gc-op id="642" type="scavenge" timems="1.256" contextid="639" timestamp="2019-06-15T22:25:15.803">
  <scavenger-info tenureage="3" tenuremask="fff8" tiltratio="50" />
  <memory-copied type="nursery" objects="9812" bytes="757416" bytesdiscarded="159224" />
  <memory-copied type="tenure" objects="2363" bytes="79912" bytesdiscarded="416" />
  <references type="soft" candidates="224" cleared="0" enqueued="0" dynamicThreshold="32" maxThreshold="32" />
  <references type="weak" candidates="209" cleared="0" enqueued="0" />
  <references type="phantom" candidates="1" cleared="0" enqueued="0" />
  <heap-resize type="expand" space="tenure" amount="65536" count="1" timems="0.074" reason="continue current collection" />
</gc-op>
<heap-resize id="643" type="expand" space="nursery" amount="262144" count="1" timems="0.012" reason="excessive time being spent scavenging" timestamp="2019-06-15T22:25:15.804" />
<gc-end id="644" type="scavenge" contextid="639" durationms="1.764" usertimems="4.000" systemtimems="0.000" timestamp="2019-06-15T22:25:15.804" activeThreads="4">
  <mem-info id="645" free="1170136" total="9895936" percent="11">
    <mem type="nursery" free="852696" total="3538944" percent="24">
      <mem type="allocate" free="852696" total="1769472" percent="48" />
      <mem type="survivor" free="0" total="1769472" percent="0" />
    </mem>
    <mem type="tenure" free="317440" total="6356992" percent="4" macro-fragmented="290741">
      <mem type="soa" free="0" total="6039552" percent="0" />
      <mem type="loa" free="317440" total="317440" percent="100" />
    </mem>
    <remembered-set count="837" />
  </mem-info>
</gc-end>
<cycle-end id="646" type="scavenge" contextid="639" timestamp="2019-06-15T22:25:15.804" />
  <attribute name="elasticGC enabled" value="1" />
  <attribute name= "numThreadsSpecified" value="4" />
  <attribute name="heapSize specified" value="0" />
  <attribute name="Current GC Util" value="33" />
  <attribute name= "Current Time Running" value="48461" />
  <attribute name ="GC Interval" value="200" />
  <attribute name="ProportionalT" value="19.500000" />
  <attribute name="ProportionalI" value="19.500000" />
  <attribute name="ProportionalH" value="19.500000" />
  <attribute name="Current Error" value="13.000000" />
  <attribute name="IntegralT" value="104.000000" />
  <attribute name="IntegralI" value="104.000000" />
  <attribute name="IntegralH" value="104.000000" />
  <attribute name="DerivativeT" value="1.625000" />
  <attribute name="DerivativeI" value="1.625000" />
  <attribute name="DerivativeH" value="1.625000" />
  <attribute name="Loop Time for DT" value="8.000000" />
  <attribute name="Output H" value="8388608"/>
  <attribute name="Output I" value="200"/>
  <attribute name="Output T" value="4"/>
  <attribute name="Target GC Util Change" value ="20.000000" />
  <attribute name="Current GC Util Change" value="33.000000"/>
  <attribute name="GC Util currently" value="33" />
  <attribute name="CPU Util currently" value="525146160333" />
<allocation-satisfied id="647" threadId="0000000001849700" bytesRequested="24" />
<af-end id="648" timestamp="2019-06-15T22:25:15.806" threadId="000000000184A088" success="true" from="nursery"/>
<exclusive-end id="649" timestamp="2019-06-15T22:25:15.806" durationms="4.174" />

<exclusive-start id="650" timestamp="2019-06-15T22:25:15.812" intervalms="9.902">
  <response-info timems="0.060" idlems="0.060" threads="0" lastid="0000000001849700" lastname="main" />
</exclusive-start>
<af-start id="651" threadId="000000000184A088" totalBytesRequested="24" timestamp="2019-06-15T22:25:15.812" intervalms="9.932" type="nursery" />
<cycle-start id="652" type="scavenge" contextid="0" timestamp="2019-06-15T22:25:15.812" intervalms="9.939" />
<gc-start id="653" type="scavenge" contextid="652" timestamp="2019-06-15T22:25:15.812">
  <mem-info id="654" free="317440" total="9895936" percent="3">
    <mem type="nursery" free="0" total="3538944" percent="0">
      <mem type="allocate" free="0" total="1769472" percent="0" />
      <mem type="survivor" free="0" total="1769472" percent="0" />
    </mem>
    <mem type="tenure" free="317440" total="6356992" percent="4">
      <mem type="soa" free="0" total="6039552" percent="0" />
      <mem type="loa" free="317440" total="317440" percent="100" />
    </mem>
    <remembered-set count="837" />
  </mem-info>
</gc-start>
<allocation-stats totalBytes="852568" >
  <allocated-bytes non-tlh="24" tlh="852544" />
  <largest-consumer threadName="main" threadId="0000000001849700" bytes="852568" />
</allocation-stats>
<gc-op id="655" type="scavenge" timems="1.471" contextid="652" timestamp="2019-06-15T22:25:15.813">
  <scavenger-info tenureage="2" tenuremask="ff8c" tiltratio="50" />
  <memory-copied type="nursery" objects="3168" bytes="118592" bytesdiscarded="121792" />
  <memory-copied type="tenure" objects="8242" bytes="699632" bytesdiscarded="64" />
  <heap-resize type="expand" space="tenure" amount="655360" count="10" timems="0.053" reason="continue current collection" />
</gc-op>
<heap-resize id="656" type="expand" space="nursery" amount="262144" count="1" timems="0.010" reason="excessive time being spent scavenging" timestamp="2019-06-15T22:25:15.814" />
<gc-end id="657" type="scavenge" contextid="652" durationms="2.066" usertimems="0.000" systemtimems="0.000" timestamp="2019-06-15T22:25:15.814" activeThreads="4">
  <mem-info id="658" free="2272512" total="10813440" percent="21">
    <mem type="nursery" free="1922304" total="3801088" percent="50">
      <mem type="allocate" free="1922304" total="2162688" percent="88" />
      <mem type="survivor" free="0" total="1638400" percent="0" />
    </mem>
    <mem type="tenure" free="350208" total="7012352" percent="4" macro-fragmented="348889">
      <mem type="soa" free="0" total="6662144" percent="0" />
      <mem type="loa" free="350208" total="350208" percent="100" />
    </mem>
    <remembered-set count="378" />
  </mem-info>
</gc-end>
<cycle-end id="659" type="scavenge" contextid="652" timestamp="2019-06-15T22:25:15.814" />
  <attribute name="elasticGC enabled" value="1" />
  <attribute name= "numThreadsSpecified" value="4" />
  <attribute name="heapSize specified" value="0" />
  <attribute name="Current GC Util" value="25" />
  <attribute name= "Current Time Running" value="48471" />
  <attribute name ="GC Interval" value="200" />
  <attribute name="ProportionalT" value="7.500000" />
  <attribute name="ProportionalI" value="7.500000" />
  <attribute name="ProportionalH" value="7.500000" />
  <attribute name="Current Error" value="5.000000" />
  <attribute name="IntegralT" value="50.000000" />
  <attribute name="IntegralI" value="50.000000" />
  <attribute name="IntegralH" value="50.000000" />
  <attribute name="DerivativeT" value="-0.800000" />
  <attribute name="DerivativeI" value="-0.800000" />
  <attribute name="DerivativeH" value="-0.800000" />
  <attribute name="Loop Time for DT" value="10.000000" />
  <attribute name="Output H" value="8388608"/>
  <attribute name="Output I" value="200"/>
  <attribute name="Output T" value="4"/>
  <attribute name="Target GC Util Change" value ="20.000000" />
  <attribute name="Current GC Util Change" value="25.000000"/>
  <attribute name="GC Util currently" value="25" />
  <attribute name="CPU Util currently" value="462367891227" />
<allocation-satisfied id="660" threadId="0000000001849700" bytesRequested="24" />
<af-end id="661" timestamp="2019-06-15T22:25:15.814" threadId="000000000184A088" success="true" from="nursery"/>
<exclusive-end id="662" timestamp="2019-06-15T22:25:15.814" durationms="2.708" />

<exclusive-start id="663" timestamp="2019-06-15T22:25:15.821" intervalms="9.190">
  <response-info timems="0.069" idlems="0.069" threads="0" lastid="0000000001849700" lastname="main" />
</exclusive-start>
<af-start id="664" threadId="000000000184A088" totalBytesRequested="88" timestamp="2019-06-15T22:25:15.821" intervalms="9.143" type="tenure" />
<gc-start id="665" type="global" contextid="635" timestamp="2019-06-15T22:25:15.821">
  <mem-info id="666" free="494848" total="10813440" percent="4">
    <mem type="nursery" free="144640" total="3801088" percent="3">
      <mem type="allocate" free="144640" total="2162688" percent="6" />
      <mem type="survivor" free="0" total="1638400" percent="0" />
    </mem>
    <mem type="tenure" free="350208" total="7012352" percent="4">
      <mem type="soa" free="0" total="6662144" percent="0" />
      <mem type="loa" free="350208" total="350208" percent="100" />
    </mem>
    <remembered-set count="644" />
  </mem-info>
</gc-start>
<allocation-stats totalBytes="1777480" >
  <allocated-bytes non-tlh="24" tlh="1777456" />
  <largest-consumer threadName="main" threadId="0000000001849700" bytes="1777480" />
</allocation-stats>
<concurrent-halted id="667" timestamp="2019-06-15T22:25:15.821">
  <halted state="Complete" status="clean trace" />
  <traced bytesTarget="2061630" bytesTotal="1769048" bytesByMutator="524" bytesByHelper="1768524" percent="85" />
  <cards cleaned="1" thresholdBytes="101762" />
</concurrent-halted>
<gc-op id="668" type="rs-scan" timems="0.516" contextid="635" timestamp="2019-06-15T22:25:15.822">
  <scan objectsFound="64" bytesTraced="4652" workStackOverflowCount="0" />
</gc-op>
<gc-op id="669" type="card-cleaning" timems="0.493" contextid="635" timestamp="2019-06-15T22:25:15.822">
  <card-cleaning cardsCleaned="248" bytesTraced="200804" workStackOverflowCount="0" />
</gc-op>
<gc-op id="670" type="mark" timems="3.941" contextid="635" timestamp="2019-06-15T22:25:15.826">
  <trace-info objectcount="10882" scancount="9873" scanbytes="419936" />
  <finalization candidates="79" enqueued="0" />
  <ownableSynchronizers candidates="23" cleared="0" />
  <references type="soft" candidates="1319" cleared="0" enqueued="0" dynamicThreshold="32" maxThreshold="32" />
  <references type="weak" candidates="4294" cleared="171" enqueued="101" />
  <references type="phantom" candidates="71" cleared="0" enqueued="0" />
  <stringconstants candidates="8285" cleared="0"  />
</gc-op>
<gc-op id="671" type="classunload" timems="0.076" contextid="635" timestamp="2019-06-15T22:25:15.827">
  <classunload-info classloadercandidates="14" classloadersunloaded="0" classesunloaded="0" anonymousclassesunloaded="0" quiescems="0.000" setupms="0.076" scanms="0.000" postms="0.000" />
</gc-op>
<gc-op id="672" type="sweep" timems="1.128" contextid="635" timestamp="2019-06-15T22:25:15.828" />
<mem-info id="673" free="4227896" total="10813440" percent="39">
  <mem type="nursery" free="1854144" total="3801088" percent="48">
    <mem type="allocate" free="1854144" total="2162688" percent="85" />
    <mem type="survivor" free="0" total="1638400" percent="0" />
  </mem>
  <mem type="tenure" free="2373752" total="7012352" percent="33" micro-fragmented="70361" macro-fragmented="0">
    <mem type="soa" free="2023544" total="6662144" percent="30" />
    <mem type="loa" free="350208" total="350208" percent="100" />
  </mem>
  <pending-finalizers system="0" default="0" reference="101" classloader="0" />
  <remembered-set count="644" />
</mem-info>
<gc-op id="674" type="compact" timems="19.060" contextid="635" timestamp="2019-06-15T22:25:15.847">
  <compact-info movecount="74276" movebytes="4600312" reason="compact to aid heap contraction" />
</gc-op>
<heap-resize id="675" type="contract" space="tenure" amount="327680" count="1" timems="0.137" reason="heap reconfiguration" timestamp="2019-06-15T22:25:15.848" />
<gc-end id="676" type="global" contextid="635" durationms="27.265" usertimems="32.000" systemtimems="0.000" timestamp="2019-06-15T22:25:15.848" activeThreads="4">
  <mem-info id="677" free="4040624" total="10485760" percent="38">
    <mem type="nursery" free="1935008" total="3801088" percent="50">
      <mem type="allocate" free="1935008" total="2162688" percent="89" />
      <mem type="survivor" free="0" total="1638400" percent="0" />
    </mem>
    <mem type="tenure" free="2105616" total="6684672" percent="31">
      <mem type="soa" free="1794320" total="6350848" percent="28" />
      <mem type="loa" free="311296" total="333824" percent="93" />
    </mem>
    <pending-finalizers system="0" default="0" reference="101" classloader="0" />
    <remembered-set count="644" />
  </mem-info>
</gc-end>
<cycle-end id="678" type="global" contextid="635" timestamp="2019-06-15T22:25:15.848" />
  <attribute name="elasticGC enabled" value="1" />
  <attribute name= "numThreadsSpecified" value="4" />
  <attribute name="heapSize specified" value="10813440" />
  <attribute name="Current GC Util" value="39" />
  <attribute name= "Current Time Running" value="48507" />
  <attribute name ="GC Interval" value="200" />
  <attribute name="ProportionalT" value="28.500000" />
  <attribute name="ProportionalI" value="28.500000" />
  <attribute name="ProportionalH" value="28.500000" />
  <attribute name="Current Error" value="19.000000" />
  <attribute name="IntegralT" value="361.000000" />
  <attribute name="IntegralI" value="361.000000" />
  <attribute name="IntegralH" value="361.000000" />
  <attribute name="DerivativeT" value="-1.421053" />
  <attribute name="DerivativeI" value="-1.421053" />
  <attribute name="DerivativeH" value="-1.421053" />
  <attribute name="Loop Time for DT" value="19.000000" />
  <attribute name="Output H" value="8388608"/>
  <attribute name="Output I" value="392"/>
  <attribute name="Output T" value="4"/>
  <attribute name="Target GC Util Change" value ="20.000000" />
  <attribute name="Current GC Util Change" value="39.000000"/>
  <attribute name="GC Util currently" value="39" />
  <attribute name="CPU Util currently" value="240690673406" />
<allocation-satisfied id="679" threadId="0000000001849700" bytesRequested="88" />
<af-end id="680" timestamp="2019-06-15T22:25:15.849" threadId="000000000184A088" success="true" from="tenure-soa"/>
<exclusive-end id="681" timestamp="2019-06-15T22:25:15.849" durationms="27.916" />

<exclusive-start id="682" timestamp="2019-06-15T22:25:15.858" intervalms="37.723">
  <response-info timems="0.068" idlems="0.068" threads="0" lastid="0000000001849700" lastname="main" />
</exclusive-start>
<af-start id="683" threadId="000000000184A088" totalBytesRequested="32" timestamp="2019-06-15T22:25:15.859" intervalms="37.834" type="nursery" />
<cycle-start id="684" type="scavenge" contextid="0" timestamp="2019-06-15T22:25:15.859" intervalms="47.020" />
<gc-start id="685" type="scavenge" contextid="684" timestamp="2019-06-15T22:25:15.859">
  <mem-info id="686" free="2103360" total="10485760" percent="20">
    <mem type="nursery" free="0" total="3801088" percent="0">
      <mem type="allocate" free="0" total="2162688" percent="0" />
      <mem type="survivor" free="0" total="1638400" percent="0" />
    </mem>
    <mem type="tenure" free="2103360" total="6684672" percent="31">
      <mem type="soa" free="1792064" total="6350848" percent="28" />
      <mem type="loa" free="311296" total="333824" percent="93" />
    </mem>
    <remembered-set count="1033" />
  </mem-info>
</gc-start>
<allocation-stats totalBytes="1937128" >
  <allocated-bytes non-tlh="2344" tlh="1934784" />
  <largest-consumer threadName="main" threadId="0000000001849700" bytes="1933032" />
</allocation-stats>
<gc-op id="687" type="scavenge" timems="1.163" contextid="684" timestamp="2019-06-15T22:25:15.860">
  <scavenger-info tenureage="5" tenuremask="ffe0" tiltratio="56" />
  <memory-copied type="nursery" objects="8991" bytes="334624" bytesdiscarded="17872" />
  <ownableSynchronizers candidates="46" cleared="46" />
  <references type="weak" candidates="18" cleared="0" enqueued="0" />
</gc-op>
<gc-end id="688" type="scavenge" contextid="684" durationms="1.873" usertimems="4.000" systemtimems="0.000" timestamp="2019-06-15T22:25:15.861" activeThreads="4">
  <mem-info id="689" free="4241216" total="10485760" percent="40">
    <mem type="nursery" free="2137856" total="3801088" percent="56">
      <mem type="allocate" free="2137856" total="2490368" percent="85" />
      <mem type="survivor" free="0" total="1310720" percent="0" />
    </mem>
    <mem type="tenure" free="2103360" total="6684672" percent="31" macro-fragmented="1224">
      <mem type="soa" free="1792064" total="6350848" percent="28" />
      <mem type="loa" free="311296" total="333824" percent="93" />
    </mem>
    <remembered-set count="1027" />
  </mem-info>
</gc-end>
<cycle-end id="690" type="scavenge" contextid="684" timestamp="2019-06-15T22:25:15.861" />
  <attribute name="elasticGC enabled" value="1" />
  <attribute name= "numThreadsSpecified" value="4" />
  <attribute name="heapSize specified" value="10813440" />
  <attribute name="Current GC Util" value="163" />
  <attribute name= "Current Time Running" value="48519" />
  <attribute name ="GC Interval" value="1944" />
  <attribute name="ProportionalT" value="214.500000" />
  <attribute name="ProportionalI" value="214.500000" />
  <attribute name="ProportionalH" value="214.500000" />
  <attribute name="Current Error" value="143.000000" />
  <attribute name="IntegralT" value="1716.000000" />
  <attribute name="IntegralI" value="1716.000000" />
  <attribute name="IntegralH" value="1716.000000" />
  <attribute name="DerivativeT" value="10.333333" />
  <attribute name="DerivativeI" value="10.333333" />
  <attribute name="DerivativeH" value="10.333333" />
  <attribute name="Loop Time for DT" value="12.000000" />
  <attribute name="Output H" value="8388608"/>
  <attribute name="Output I" value="1944"/>
  <attribute name="Output T" value="4"/>
  <attribute name="Target GC Util Change" value ="20.000000" />
  <attribute name="Current GC Util Change" value="163.000000"/>
  <attribute name="GC Util currently" value="163" />
  <attribute name="CPU Util currently" value="398266783635" />
<allocation-satisfied id="691" threadId="0000000001849700" bytesRequested="32" />
<af-end id="692" timestamp="2019-06-15T22:25:15.861" threadId="000000000184A088" success="true" from="nursery"/>
<exclusive-end id="693" timestamp="2019-06-15T22:25:15.861" durationms="2.952" />

<exclusive-start id="694" timestamp="2019-06-15T22:25:15.880" intervalms="21.501">
  <response-info timems="0.059" idlems="0.059" threads="0" lastid="0000000001849700" lastname="main" />
</exclusive-start>
<af-start id="695" threadId="000000000184A088" totalBytesRequested="31064" timestamp="2019-06-15T22:25:15.880" intervalms="21.454" type="nursery" />
<cycle-start id="696" type="scavenge" contextid="0" timestamp="2019-06-15T22:25:15.880" intervalms="21.464" />
<gc-start id="697" type="scavenge" contextid="696" timestamp="2019-06-15T22:25:15.880">
  <mem-info id="698" free="2103152" total="10485760" percent="20">
    <mem type="nursery" free="0" total="3801088" percent="0">
      <mem type="allocate" free="0" total="2490368" percent="0" />
      <mem type="survivor" free="0" total="1310720" percent="0" />
    </mem>
    <mem type="tenure" free="2103152" total="6684672" percent="31">
      <mem type="soa" free="1791856" total="6350848" percent="28" />
      <mem type="loa" free="311296" total="333824" percent="93" />
    </mem>
    <remembered-set count="1097" />
  </mem-info>
</gc-start>
<allocation-stats totalBytes="2135288" >
  <allocated-bytes non-tlh="240" tlh="2135048" />
  <largest-consumer threadName="main" threadId="0000000001849700" bytes="2135288" />
</allocation-stats>
<gc-op id="699" type="scavenge" timems="1.129" contextid="696" timestamp="2019-06-15T22:25:15.882">
  <scavenger-info tenureage="3" tenuremask="fff8" tiltratio="65" />
  <memory-copied type="nursery" objects="7835" bytes="329776" bytesdiscarded="53792" />
  <memory-copied type="tenure" objects="1298" bytes="50040" bytesdiscarded="0" />
  <references type="weak" candidates="18" cleared="0" enqueued="0" />
</gc-op>
<gc-end id="700" type="scavenge" contextid="696" durationms="1.828" usertimems="0.000" systemtimems="0.000" timestamp="2019-06-15T22:25:15.882" activeThreads="4">
  <mem-info id="701" free="4262680" total="10485760" percent="40">
    <mem type="nursery" free="2237864" total="3801088" percent="58">
      <mem type="allocate" free="2237864" total="2621440" percent="85" />
      <mem type="survivor" free="0" total="1179648" percent="0" />
    </mem>
    <mem type="tenure" free="2024816" total="6684672" percent="30" macro-fragmented="5266">
      <mem type="soa" free="1713520" total="6350848" percent="26" />
      <mem type="loa" free="311296" total="333824" percent="93" />
    </mem>
    <remembered-set count="1000" />
  </mem-info>
</gc-end>
<cycle-end id="702" type="scavenge" contextid="696" timestamp="2019-06-15T22:25:15.882" />
  <attribute name="elasticGC enabled" value="1" />
  <attribute name= "numThreadsSpecified" value="4" />
  <attribute name="heapSize specified" value="10813440" />
  <attribute name="Current GC Util" value="11" />
  <attribute name= "Current Time Running" value="48540" />
  <attribute name ="GC Interval" value="200" />
  <attribute name="ProportionalT" value="-13.500000" />
  <attribute name="ProportionalI" value="-13.500000" />
  <attribute name="ProportionalH" value="-13.500000" />
  <attribute name="Current Error" value="-9.000000" />
  <attribute name="IntegralT" value="-189.000000" />
  <attribute name="IntegralI" value="-189.000000" />
  <attribute name="IntegralH" value="-189.000000" />
  <attribute name="DerivativeT" value="-7.238095" />
  <attribute name="DerivativeI" value="-7.238095" />
  <attribute name="DerivativeH" value="-7.238095" />
  <attribute name="Loop Time for DT" value="21.000000" />
  <attribute name="Output H" value="2092630016"/>
  <attribute name="Output I" value="200"/>
  <attribute name="Output T" value="4"/>
  <attribute name="Target GC Util Change" value ="20.000000" />
  <attribute name="Current GC Util Change" value="11.000000"/>
  <attribute name="GC Util currently" value="11" />
  <attribute name="CPU Util currently" value="214990041042" />
<allocation-satisfied id="703" threadId="0000000001849700" bytesRequested="31064" />
<af-end id="704" timestamp="2019-06-15T22:25:15.883" threadId="000000000184A088" success="true" from="nursery"/>
<exclusive-end id="705" timestamp="2019-06-15T22:25:15.883" durationms="2.668" />

<exclusive-start id="706" timestamp="2019-06-15T22:25:15.980" intervalms="99.692">
  <response-info timems="0.051" idlems="0.051" threads="0" lastid="0000000001849700" lastname="main" />
</exclusive-start>
<af-start id="707" threadId="000000000184A088" totalBytesRequested="88" timestamp="2019-06-15T22:25:15.980" intervalms="99.747" type="nursery" />
<cycle-start id="708" type="scavenge" contextid="0" timestamp="2019-06-15T22:25:15.980" intervalms="99.735" />
<gc-start id="709" type="scavenge" contextid="708" timestamp="2019-06-15T22:25:15.980">
  <mem-info id="710" free="2006096" total="10485760" percent="19">
    <mem type="nursery" free="0" total="3801088" percent="0">
      <mem type="allocate" free="0" total="2621440" percent="0" />
      <mem type="survivor" free="0" total="1179648" percent="0" />
    </mem>
    <mem type="tenure" free="2006096" total="6684672" percent="30">
      <mem type="soa" free="1694800" total="6350848" percent="26" />
      <mem type="loa" free="311296" total="333824" percent="93" />
    </mem>
    <remembered-set count="1270" />
  </mem-info>
</gc-start>
<allocation-stats totalBytes="2256080" >
  <allocated-bytes non-tlh="249792" tlh="2006288" />
  <largest-consumer threadName="main" threadId="0000000001849700" bytes="2256080" />
</allocation-stats>
<gc-op id="711" type="scavenge" timems="2.352" contextid="708" timestamp="2019-06-15T22:25:15.983">
  <scavenger-info tenureage="5" tenuremask="ffe0" tiltratio="68" />
  <memory-copied type="nursery" objects="9029" bytes="372144" bytesdiscarded="89632" />
  <references type="soft" candidates="59" cleared="0" enqueued="0" dynamicThreshold="10" maxThreshold="32" />
  <references type="weak" candidates="76" cleared="2" enqueued="2" />
</gc-op>
<gc-end id="712" type="scavenge" contextid="708" durationms="3.178" usertimems="8.000" systemtimems="0.000" timestamp="2019-06-15T22:25:15.983" activeThreads="4">
  <mem-info id="713" free="4296696" total="10485760" percent="40">
    <mem type="nursery" free="2290600" total="3801088" percent="60">
      <mem type="allocate" free="2290600" total="2752512" percent="83" />
      <mem type="survivor" free="0" total="1048576" percent="0" />
    </mem>
    <mem type="tenure" free="2006096" total="6684672" percent="30" macro-fragmented="18870">
      <mem type="soa" free="1694800" total="6350848" percent="26" />
      <mem type="loa" free="311296" total="333824" percent="93" />
    </mem>
    <pending-finalizers system="0" default="0" reference="2" classloader="0" />
    <remembered-set count="1136" />
  </mem-info>
</gc-end>
<cycle-end id="714" type="scavenge" contextid="708" timestamp="2019-06-15T22:25:15.984" />
  <attribute name="elasticGC enabled" value="1" />
  <attribute name= "numThreadsSpecified" value="4" />
  <attribute name="heapSize specified" value="10813440" />
  <attribute name="Current GC Util" value="2" />
  <attribute name= "Current Time Running" value="48640" />
  <attribute name ="GC Interval" value="200" />
  <attribute name="ProportionalT" value="-27.000000" />
  <attribute name="ProportionalI" value="-27.000000" />
  <attribute name="ProportionalH" value="-27.000000" />
  <attribute name="Current Error" value="-18.000000" />
  <attribute name="IntegralT" value="-1800.000000" />
  <attribute name="IntegralI" value="-1800.000000" />
  <attribute name="IntegralH" value="-1800.000000" />
  <attribute name="DerivativeT" value="-0.180000" />
  <attribute name="DerivativeI" value="-0.180000" />
  <attribute name="DerivativeH" value="-0.180000" />
  <attribute name="Loop Time for DT" value="100.000000" />
  <attribute name="Output H" value="2092630016"/>
  <attribute name="Output I" value="200"/>
  <attribute name="Output T" value="4"/>
  <attribute name="Target GC Util Change" value ="20.000000" />
  <attribute name="Current GC Util Change" value="2.000000"/>
  <attribute name="GC Util currently" value="2" />
  <attribute name="CPU Util currently" value="46244093367" />
<allocation-satisfied id="715" threadId="0000000001849700" bytesRequested="88" />
<af-end id="716" timestamp="2019-06-15T22:25:15.984" threadId="000000000184A088" success="true" from="nursery"/>
<exclusive-end id="717" timestamp="2019-06-15T22:25:15.984" durationms="4.503" />

<exclusive-start id="718" timestamp="2019-06-15T22:25:16.041" intervalms="61.457">
  <response-info timems="0.053" idlems="0.053" threads="0" lastid="0000000001849700" lastname="main" />
</exclusive-start>
<sys-start reason="explicit" id="719" timestamp="2019-06-15T22:25:16.041" intervalms="48826.675" />
<cycle-start id="720" type="global" contextid="0" timestamp="2019-06-15T22:25:16.041" intervalms="243.485" />
<gc-start id="721" type="global" contextid="720" timestamp="2019-06-15T22:25:16.041">
  <mem-info id="722" free="2762880" total="10485760" percent="26">
    <mem type="nursery" free="771592" total="3801088" percent="20">
      <mem type="allocate" free="771592" total="2752512" percent="28" />
      <mem type="survivor" free="0" total="1048576" percent="0" />
    </mem>
    <mem type="tenure" free="1991288" total="6684672" percent="29">
      <mem type="soa" free="1679992" total="6350848" percent="26" />
      <mem type="loa" free="311296" total="333824" percent="93" />
    </mem>
    <remembered-set count="1480" />
  </mem-info>
</gc-start>
<allocation-stats totalBytes="1530664" >
  <allocated-bytes non-tlh="214904" tlh="1315760" />
  <largest-consumer threadName="main" threadId="0000000001849700" bytes="1530664" />
</allocation-stats>
<gc-op id="723" type="mark" timems="4.590" contextid="720" timestamp="2019-06-15T22:25:16.046">
  <trace-info objectcount="74410" scancount="62185" scanbytes="2117656" />
  <finalization candidates="79" enqueued="0" />
  <ownableSynchronizers candidates="23" cleared="0" />
  <references type="soft" candidates="1640" cleared="0" enqueued="0" dynamicThreshold="10" maxThreshold="32" />
  <references type="weak" candidates="4421" cleared="46" enqueued="36" />
  <references type="phantom" candidates="72" cleared="2" enqueued="2" />
  <stringconstants candidates="8669" cleared="15"  />
</gc-op>
<gc-op id="724" type="classunload" timems="0.365" contextid="720" timestamp="2019-06-15T22:25:16.047">
  <classunload-info classloadercandidates="17" classloadersunloaded="1" classesunloaded="1" anonymousclassesunloaded="0" quiescems="0.000" setupms="0.357" scanms="0.007" postms="0.001" />
</gc-op>
<gc-op id="725" type="sweep" timems="0.676" contextid="720" timestamp="2019-06-15T22:25:16.048" />
<mem-info id="726" free="5063440" total="10485760" percent="48">
  <mem type="nursery" free="2471256" total="3801088" percent="65">
    <mem type="allocate" free="2471256" total="2752512" percent="89" />
    <mem type="survivor" free="0" total="1048576" percent="0" />
  </mem>
  <mem type="tenure" free="2592184" total="6684672" percent="38" micro-fragmented="2832" macro-fragmented="0">
    <mem type="soa" free="2258360" total="6350848" percent="35" />
    <mem type="loa" free="333824" total="333824" percent="100" />
  </mem>
  <pending-finalizers system="0" default="0" reference="38" classloader="0" />
  <remembered-set count="678" />
</mem-info>
<gc-op id="727" type="compact" timems="16.883" contextid="720" timestamp="2019-06-15T22:25:16.065">
  <compact-info movecount="66235" movebytes="3942064" reason="compact to aid heap contraction" />
</gc-op>
<heap-resize id="728" type="contract" space="tenure" amount="327680" count="1" timems="0.083" reason="heap reconfiguration" timestamp="2019-06-15T22:25:16.065" />
<gc-end id="729" type="global" contextid="720" durationms="24.135" usertimems="36.000" systemtimems="0.000" timestamp="2019-06-15T22:25:16.066" activeThreads="4">
  <mem-info id="730" free="4835968" total="10158080" percent="47">
    <mem type="nursery" free="2566832" total="3801088" percent="67">
      <mem type="allocate" free="2566832" total="2752512" percent="93" />
      <mem type="survivor" free="0" total="1048576" percent="0" />
    </mem>
    <mem type="tenure" free="2269136" total="6356992" percent="35">
      <mem type="soa" free="1957840" total="6039552" percent="32" />
      <mem type="loa" free="311296" total="317440" percent="98" />
    </mem>
    <pending-finalizers system="0" default="0" reference="38" classloader="0" />
    <remembered-set count="678" />
  </mem-info>
</gc-end>
<cycle-end id="731" type="global" contextid="720" timestamp="2019-06-15T22:25:16.066" />
  <attribute name="elasticGC enabled" value="1" />
  <attribute name= "numThreadsSpecified" value="4" />
  <attribute name="heapSize specified" value="10485760" />
  <attribute name="Current GC Util" value="48" />
  <attribute name= "Current Time Running" value="48724" />
  <attribute name ="GC Interval" value="200" />
  <attribute name="ProportionalT" value="42.000000" />
  <attribute name="ProportionalI" value="42.000000" />
  <attribute name="ProportionalH" value="42.000000" />
  <attribute name="Current Error" value="28.000000" />
  <attribute name="IntegralT" value="476.000000" />
  <attribute name="IntegralI" value="476.000000" />
  <attribute name="IntegralH" value="476.000000" />
  <attribute name="DerivativeT" value="-5.058824" />
  <attribute name="DerivativeI" value="-5.058824" />
  <attribute name="DerivativeH" value="-5.058824" />
  <attribute name="Loop Time for DT" value="17.000000" />
  <attribute name="Output H" value="8388608"/>
  <attribute name="Output I" value="512"/>
  <attribute name="Output T" value="4"/>
  <attribute name="Target GC Util Change" value ="20.000000" />
  <attribute name="Current GC Util Change" value="48.000000"/>
  <attribute name="GC Util currently" value="48" />
  <attribute name="CPU Util currently" value="270781439810" />
<sys-end id="732" timestamp="2019-06-15T22:25:16.066" />
<exclusive-end id="733" timestamp="2019-06-15T22:25:16.066" durationms="24.866" />

<exclusive-start id="734" timestamp="2019-06-15T22:25:16.189" intervalms="147.682">
  <response-info timems="0.079" idlems="0.079" threads="0" lastid="0000000001849700" lastname="main" />
</exclusive-start>
<af-start id="735" threadId="000000000184A088" totalBytesRequested="24" timestamp="2019-06-15T22:25:16.189" intervalms="209.154" type="nursery" />
<cycle-start id="736" type="scavenge" contextid="0" timestamp="2019-06-15T22:25:16.189" intervalms="209.154" />
<gc-start id="737" type="scavenge" contextid="736" timestamp="2019-06-15T22:25:16.189">
  <mem-info id="738" free="2267344" total="10158080" percent="22">
    <mem type="nursery" free="0" total="3801088" percent="0">
      <mem type="allocate" free="0" total="2752512" percent="0" />
      <mem type="survivor" free="0" total="1048576" percent="0" />
    </mem>
    <mem type="tenure" free="2267344" total="6356992" percent="35">
      <mem type="soa" free="1956048" total="6039552" percent="32" />
      <mem type="loa" free="311296" total="317440" percent="98" />
    </mem>
    <remembered-set count="745" />
  </mem-info>
</gc-start>
<allocation-stats totalBytes="2568344" >
  <allocated-bytes non-tlh="463952" tlh="2104392" />
  <largest-consumer threadName="main" threadId="0000000001849700" bytes="2560096" />
</allocation-stats>
<gc-op id="739" type="scavenge" timems="1.442" contextid="736" timestamp="2019-06-15T22:25:16.191">
  <scavenger-info tenureage="3" tenuremask="fff8" tiltratio="72" />
  <memory-copied type="nursery" objects="5519" bytes="514808" bytesdiscarded="177424" />
  <memory-copied type="tenure" objects="63" bytes="2448" bytesdiscarded="0" />
  <ownableSynchronizers candidates="46" cleared="46" />
  <references type="soft" candidates="355" cleared="0" enqueued="0" dynamicThreshold="11" maxThreshold="32" />
  <references type="weak" candidates="273" cleared="11" enqueued="11" />
  <references type="phantom" candidates="5" cleared="2" enqueued="2" />
</gc-op>
<gc-end id="740" type="scavenge" contextid="736" durationms="2.068" usertimems="0.000" systemtimems="0.000" timestamp="2019-06-15T22:25:16.191" activeThreads="4">
  <mem-info id="741" free="4353720" total="10158080" percent="42">
    <mem type="nursery" free="2125544" total="3801088" percent="55">
      <mem type="allocate" free="2125544" total="2818048" percent="75" />
      <mem type="survivor" free="0" total="983040" percent="0" />
    </mem>
    <mem type="tenure" free="2228176" total="6356992" percent="35" macro-fragmented="1800196">
      <mem type="soa" free="1916880" total="6039552" percent="31" />
      <mem type="loa" free="311296" total="317440" percent="98" />
    </mem>
    <pending-finalizers system="0" default="0" reference="13" classloader="0" />
    <remembered-set count="719" />
  </mem-info>
</gc-end>
<cycle-end id="742" type="scavenge" contextid="736" timestamp="2019-06-15T22:25:16.192" />
  <attribute name="elasticGC enabled" value="1" />
  <attribute name= "numThreadsSpecified" value="4" />
  <attribute name="heapSize specified" value="10485760" />
  <attribute name="Current GC Util" value="12" />
  <attribute name= "Current Time Running" value="48849" />
  <attribute name ="GC Interval" value="200" />
  <attribute name="ProportionalT" value="-12.000000" />
  <attribute name="ProportionalI" value="-12.000000" />
  <attribute name="ProportionalH" value="-12.000000" />
  <attribute name="Current Error" value="-8.000000" />
  <attribute name="IntegralT" value="-1000.000000" />
  <attribute name="IntegralI" value="-1000.000000" />
  <attribute name="IntegralH" value="-1000.000000" />
  <attribute name="DerivativeT" value="-0.288000" />
  <attribute name="DerivativeI" value="-0.288000" />
  <attribute name="DerivativeH" value="-0.288000" />
  <attribute name="Loop Time for DT" value="125.000000" />
  <attribute name="Output H" value="2092630016"/>
  <attribute name="Output I" value="200"/>
  <attribute name="Output T" value="4"/>
  <attribute name="Target GC Util Change" value ="20.000000" />
  <attribute name="Current GC Util Change" value="12.000000"/>
  <attribute name="GC Util currently" value="12" />
  <attribute name="CPU Util currently" value="37069471733" />
<allocation-satisfied id="743" threadId="0000000001849700" bytesRequested="24" />
<af-end id="744" timestamp="2019-06-15T22:25:16.192" threadId="000000000184A088" success="true" from="nursery"/>
<exclusive-end id="745" timestamp="2019-06-15T22:25:16.192" durationms="3.243" />

<exclusive-start id="746" timestamp="2019-06-15T22:25:16.237" intervalms="48.703">
  <response-info timems="0.078" idlems="0.078" threads="0" lastid="0000000001849700" lastname="main" />
</exclusive-start>
<af-start id="747" threadId="000000000184A088" totalBytesRequested="24" timestamp="2019-06-15T22:25:16.238" intervalms="48.680" type="nursery" />
<cycle-start id="748" type="scavenge" contextid="0" timestamp="2019-06-15T22:25:16.238" intervalms="48.640" />
<gc-start id="749" type="scavenge" contextid="748" timestamp="2019-06-15T22:25:16.238">
  <mem-info id="750" free="2228176" total="10158080" percent="21">
    <mem type="nursery" free="0" total="3801088" percent="0">
      <mem type="allocate" free="0" total="2818048" percent="0" />
      <mem type="survivor" free="0" total="983040" percent="0" />
    </mem>
    <mem type="tenure" free="2228176" total="6356992" percent="35">
      <mem type="soa" free="1916880" total="6039552" percent="31" />
      <mem type="loa" free="311296" total="317440" percent="98" />
    </mem>
    <remembered-set count="721" />
  </mem-info>
</gc-start>
<allocation-stats totalBytes="2125360" >
  <allocated-bytes non-tlh="24" tlh="2125336" />
  <largest-consumer threadName="main" threadId="0000000001849700" bytes="2121264" />
</allocation-stats>
<gc-op id="751" type="scavenge" timems="1.470" contextid="748" timestamp="2019-06-15T22:25:16.240">
  <scavenger-info tenureage="6" tenuremask="ffc0" tiltratio="74" />
  <memory-copied type="nursery" objects="5489" bytes="513864" bytesdiscarded="108480" />
  <references type="soft" candidates="355" cleared="0" enqueued="0" dynamicThreshold="11" maxThreshold="32" />
  <references type="weak" candidates="261" cleared="0" enqueued="0" />
  <references type="phantom" candidates="3" cleared="0" enqueued="0" />
</gc-op>
<gc-end id="752" type="scavenge" contextid="748" durationms="2.065" usertimems="8.000" systemtimems="0.000" timestamp="2019-06-15T22:25:16.240" activeThreads="4">
  <mem-info id="753" free="4489144" total="10158080" percent="44">
    <mem type="nursery" free="2260968" total="3801088" percent="59">
      <mem type="allocate" free="2260968" total="2883584" percent="78" />
      <mem type="survivor" free="0" total="917504" percent="0" />
    </mem>
    <mem type="tenure" free="2228176" total="6356992" percent="35" macro-fragmented="0">
      <mem type="soa" free="1916880" total="6039552" percent="31" />
      <mem type="loa" free="311296" total="317440" percent="98" />
    </mem>
    <remembered-set count="480" />
  </mem-info>
</gc-end>
<cycle-end id="754" type="scavenge" contextid="748" timestamp="2019-06-15T22:25:16.240" />
  <attribute name="elasticGC enabled" value="1" />
  <attribute name= "numThreadsSpecified" value="4" />
  <attribute name="heapSize specified" value="10485760" />
  <attribute name="Current GC Util" value="6" />
  <attribute name= "Current Time Running" value="48897" />
  <attribute name ="GC Interval" value="200" />
  <attribute name="ProportionalT" value="-21.000000" />
  <attribute name="ProportionalI" value="-21.000000" />
  <attribute name="ProportionalH" value="-21.000000" />
  <attribute name="Current Error" value="-14.000000" />
  <attribute name="IntegralT" value="-672.000000" />
  <attribute name="IntegralI" value="-672.000000" />
  <attribute name="IntegralH" value="-672.000000" />
  <attribute name="DerivativeT" value="-0.291667" />
  <attribute name="DerivativeI" value="-0.291667" />
  <attribute name="DerivativeH" value="-0.291667" />
  <attribute name="Loop Time for DT" value="48.000000" />
  <attribute name="Output H" value="2092630016"/>
  <attribute name="Output I" value="200"/>
  <attribute name="Output T" value="4"/>
  <attribute name="Target GC Util Change" value ="20.000000" />
  <attribute name="Current GC Util Change" value="6.000000"/>
  <attribute name="GC Util currently" value="6" />
  <attribute name="CPU Util currently" value="94982737252" />
<allocation-satisfied id="755" threadId="0000000001849700" bytesRequested="24" />
<af-end id="756" timestamp="2019-06-15T22:25:16.240" threadId="000000000184A088" success="true" from="nursery"/>
<exclusive-end id="757" timestamp="2019-06-15T22:25:16.240" durationms="2.798" />

<exclusive-start id="758" timestamp="2019-06-15T22:25:16.276" intervalms="38.856">
  <response-info timems="0.090" idlems="0.090" threads="0" lastid="0000000001849700" lastname="main" />
</exclusive-start>
<af-start id="759" threadId="000000000184A088" totalBytesRequested="32784" timestamp="2019-06-15T22:25:16.277" intervalms="38.892" type="nursery" />
<cycle-start id="760" type="scavenge" contextid="0" timestamp="2019-06-15T22:25:16.277" intervalms="38.944" />
<gc-start id="761" type="scavenge" contextid="760" timestamp="2019-06-15T22:25:16.277">
  <mem-info id="762" free="2228176" total="10158080" percent="21">
    <mem type="nursery" free="0" total="3801088" percent="0">
      <mem type="allocate" free="0" total="2883584" percent="0" />
      <mem type="survivor" free="0" total="917504" percent="0" />
    </mem>
    <mem type="tenure" free="2228176" total="6356992" percent="35">
      <mem type="soa" free="1916880" total="6039552" percent="31" />
      <mem type="loa" free="311296" total="317440" percent="98" />
    </mem>
    <remembered-set count="480" />
  </mem-info>
</gc-start>
<allocation-stats totalBytes="2233496" >
  <allocated-bytes non-tlh="24" tlh="2233472" />
  <largest-consumer threadName="main" threadId="0000000001849700" bytes="2233496" />
</allocation-stats>
<gc-op id="763" type="scavenge" timems="1.302" contextid="760" timestamp="2019-06-15T22:25:16.278">
  <scavenger-info tenureage="3" tenuremask="fff8" tiltratio="75" />
  <memory-copied type="nursery" objects="4335" bytes="505536" bytesdiscarded="211096" />
  <memory-copied type="tenure" objects="1162" bytes="41256" bytesdiscarded="16" />
  <references type="soft" candidates="296" cleared="0" enqueued="0" dynamicThreshold="11" maxThreshold="32" />
  <references type="weak" candidates="205" cleared="0" enqueued="0" />
  <references type="phantom" candidates="3" cleared="0" enqueued="0" />
</gc-op>
<gc-end id="764" type="scavenge" contextid="760" durationms="1.991" usertimems="4.000" systemtimems="0.000" timestamp="2019-06-15T22:25:16.279" activeThreads="4">
  <mem-info id="765" free="4273064" total="10158080" percent="42">
    <mem type="nursery" free="2232280" total="3801088" percent="58">
      <mem type="allocate" free="2232280" total="2949120" percent="75" />
      <mem type="survivor" free="0" total="851968" percent="0" />
    </mem>
    <mem type="tenure" free="2040784" total="6356992" percent="32" macro-fragmented="1500163">
      <mem type="soa" free="1729488" total="6039552" percent="28" />
      <mem type="loa" free="311296" total="317440" percent="98" />
    </mem>
    <remembered-set count="260" />
  </mem-info>
</gc-end>
<cycle-end id="766" type="scavenge" contextid="760" timestamp="2019-06-15T22:25:16.279" />
  <attribute name="elasticGC enabled" value="1" />
  <attribute name= "numThreadsSpecified" value="4" />
  <attribute name="heapSize specified" value="10485760" />
  <attribute name="Current GC Util" value="8" />
  <attribute name= "Current Time Running" value="48937" />
  <attribute name ="GC Interval" value="200" />
  <attribute name="ProportionalT" value="-18.000000" />
  <attribute name="ProportionalI" value="-18.000000" />
  <attribute name="ProportionalH" value="-18.000000" />
  <attribute name="Current Error" value="-12.000000" />
  <attribute name="IntegralT" value="-480.000000" />
  <attribute name="IntegralI" value="-480.000000" />
  <attribute name="IntegralH" value="-480.000000" />
  <attribute name="DerivativeT" value="-0.300000" />
  <attribute name="DerivativeI" value="-0.300000" />
  <attribute name="DerivativeH" value="-0.300000" />
  <attribute name="Loop Time for DT" value="40.000000" />
  <attribute name="Output H" value="2092630016"/>
  <attribute name="Output I" value="200"/>
  <attribute name="Output T" value="4"/>
  <attribute name="Target GC Util Change" value ="20.000000" />
  <attribute name="Current GC Util Change" value="8.000000"/>
  <attribute name="GC Util currently" value="8" />
  <attribute name="CPU Util currently" value="117999483281" />
<allocation-satisfied id="767" threadId="0000000001849700" bytesRequested="32784" />
<af-end id="768" timestamp="2019-06-15T22:25:16.279" threadId="000000000184A088" success="true" from="nursery"/>
<exclusive-end id="769" timestamp="2019-06-15T22:25:16.279" durationms="3.173" />

<exclusive-start id="770" timestamp="2019-06-15T22:25:16.289" intervalms="12.939">
  <response-info timems="0.071" idlems="0.071" threads="0" lastid="0000000001849700" lastname="main" />
</exclusive-start>
<af-start id="771" threadId="000000000184A088" totalBytesRequested="24" timestamp="2019-06-15T22:25:16.289" intervalms="12.872" type="nursery" />
<cycle-start id="772" type="scavenge" contextid="0" timestamp="2019-06-15T22:25:16.290" intervalms="12.843" />
<gc-start id="773" type="scavenge" contextid="772" timestamp="2019-06-15T22:25:16.290">
  <mem-info id="774" free="2040784" total="10158080" percent="20">
    <mem type="nursery" free="0" total="3801088" percent="0">
      <mem type="allocate" free="0" total="2949120" percent="0" />
      <mem type="survivor" free="0" total="851968" percent="0" />
    </mem>
    <mem type="tenure" free="2040784" total="6356992" percent="32">
      <mem type="soa" free="1729488" total="6039552" percent="28" />
      <mem type="loa" free="311296" total="317440" percent="98" />
    </mem>
    <remembered-set count="260" />
  </mem-info>
</gc-start>
<allocation-stats totalBytes="2231384" >
  <allocated-bytes non-tlh="32784" tlh="2198600" />
  <largest-consumer threadName="main" threadId="0000000001849700" bytes="2231384" />
</allocation-stats>
<gc-op id="775" type="scavenge" timems="1.031" contextid="772" timestamp="2019-06-15T22:25:16.291">
  <scavenger-info tenureage="3" tenuremask="ffe8" tiltratio="77" />
  <memory-copied type="nursery" objects="8" bytes="32960" bytesdiscarded="6208" />
  <memory-copied type="tenure" objects="4318" bytes="439624" bytesdiscarded="120" />
</gc-op>
<heap-resize id="776" type="expand" space="nursery" amount="262144" count="1" timems="0.015" reason="excessive time being spent scavenging" timestamp="2019-06-15T22:25:16.291" />
<gc-end id="777" type="scavenge" contextid="772" durationms="1.615" usertimems="4.000" systemtimems="0.000" timestamp="2019-06-15T22:25:16.291" activeThreads="4">
  <mem-info id="778" free="4833224" total="10420224" percent="46">
    <mem type="nursery" free="3172096" total="4063232" percent="78">
      <mem type="allocate" free="3172096" total="3211264" percent="98" />
      <mem type="survivor" free="0" total="851968" percent="0" />
    </mem>
    <mem type="tenure" free="1661128" total="6356992" percent="26" macro-fragmented="868149">
      <mem type="soa" free="1349832" total="6039552" percent="22" />
      <mem type="loa" free="311296" total="317440" percent="98" />
    </mem>
    <remembered-set count="81" />
  </mem-info>
</gc-end>
<cycle-end id="779" type="scavenge" contextid="772" timestamp="2019-06-15T22:25:16.291" />
  <attribute name="elasticGC enabled" value="1" />
  <attribute name= "numThreadsSpecified" value="4" />
  <attribute name="heapSize specified" value="10485760" />
  <attribute name="Current GC Util" value="21" />
  <attribute name= "Current Time Running" value="48949" />
  <attribute name ="GC Interval" value="200" />
  <attribute name="ProportionalT" value="1.500000" />
  <attribute name="ProportionalI" value="1.500000" />
  <attribute name="ProportionalH" value="1.500000" />
  <attribute name="Current Error" value="1.000000" />
  <attribute name="IntegralT" value="12.000000" />
  <attribute name="IntegralI" value="12.000000" />
  <attribute name="IntegralH" value="12.000000" />
  <attribute name="DerivativeT" value="0.083333" />
  <attribute name="DerivativeI" value="0.083333" />
  <attribute name="DerivativeH" value="0.083333" />
  <attribute name="Loop Time for DT" value="12.000000" />
  <attribute name="Output H" value="8388608"/>
  <attribute name="Output I" value="200"/>
  <attribute name="Output T" value="4"/>
  <attribute name="Target GC Util Change" value ="20.000000" />
  <attribute name="Current GC Util Change" value="21.000000"/>
  <attribute name="GC Util currently" value="21" />
  <attribute name="CPU Util currently" value="362835814104" />
<allocation-satisfied id="780" threadId="0000000001849700" bytesRequested="24" />
<af-end id="781" timestamp="2019-06-15T22:25:16.292" threadId="000000000184A088" success="true" from="nursery"/>
<exclusive-end id="782" timestamp="2019-06-15T22:25:16.292" durationms="2.463" />

<exclusive-start id="783" timestamp="2019-06-15T22:25:16.305" intervalms="16.157">
  <response-info timems="0.077" idlems="0.077" threads="0" lastid="0000000001849700" lastname="main" />
</exclusive-start>
<af-start id="784" threadId="000000000184A088" totalBytesRequested="32784" timestamp="2019-06-15T22:25:16.306" intervalms="16.130" type="nursery" />
<cycle-start id="785" type="scavenge" contextid="0" timestamp="2019-06-15T22:25:16.306" intervalms="16.140" />
<gc-start id="786" type="scavenge" contextid="785" timestamp="2019-06-15T22:25:16.306">
  <mem-info id="787" free="1661128" total="10420224" percent="15">
    <mem type="nursery" free="0" total="4063232" percent="0">
      <mem type="allocate" free="0" total="3211264" percent="0" />
      <mem type="survivor" free="0" total="851968" percent="0" />
    </mem>
    <mem type="tenure" free="1661128" total="6356992" percent="26">
      <mem type="soa" free="1349832" total="6039552" percent="22" />
      <mem type="loa" free="311296" total="317440" percent="98" />
    </mem>
    <remembered-set count="81" />
  </mem-info>
</gc-start>
<allocation-stats totalBytes="3140480" >
  <allocated-bytes non-tlh="24" tlh="3140456" />
  <largest-consumer threadName="main" threadId="0000000001849700" bytes="3140480" />
</allocation-stats>
<gc-op id="788" type="scavenge" timems="0.670" contextid="785" timestamp="2019-06-15T22:25:16.307">
  <scavenger-info tenureage="3" tenuremask="ffe8" tiltratio="79" />
  <memory-copied type="nursery" objects="14" bytes="33072" bytesdiscarded="45264" />
</gc-op>
<gc-end id="789" type="scavenge" contextid="785" durationms="1.213" usertimems="0.000" systemtimems="0.000" timestamp="2019-06-15T22:25:16.307" activeThreads="4">
  <mem-info id="790" free="4990664" total="10420224" percent="47">
    <mem type="nursery" free="3329536" total="4063232" percent="81">
      <mem type="allocate" free="3329536" total="3407872" percent="97" />
      <mem type="survivor" free="0" total="655360" percent="0" />
    </mem>
    <mem type="tenure" free="1661128" total="6356992" percent="26" macro-fragmented="1763">
      <mem type="soa" free="1349832" total="6039552" percent="22" />
      <mem type="loa" free="311296" total="317440" percent="98" />
    </mem>
    <remembered-set count="81" />
  </mem-info>
</gc-end>
<cycle-end id="791" type="scavenge" contextid="785" timestamp="2019-06-15T22:25:16.307" />
  <attribute name="elasticGC enabled" value="1" />
  <attribute name= "numThreadsSpecified" value="4" />
  <attribute name="heapSize specified" value="10485760" />
  <attribute name="Current GC Util" value="15" />
  <attribute name= "Current Time Running" value="48965" />
  <attribute name ="GC Interval" value="200" />
  <attribute name="ProportionalT" value="-7.500000" />
  <attribute name="ProportionalI" value="-7.500000" />
  <attribute name="ProportionalH" value="-7.500000" />
  <attribute name="Current Error" value="-5.000000" />
  <attribute name="IntegralT" value="-80.000000" />
  <attribute name="IntegralI" value="-80.000000" />
  <attribute name="IntegralH" value="-80.000000" />
  <attribute name="DerivativeT" value="-0.375000" />
  <attribute name="DerivativeI" value="-0.375000" />
  <attribute name="DerivativeH" value="-0.375000" />
  <attribute name="Loop Time for DT" value="16.000000" />
  <attribute name="Output H" value="2092630016"/>
  <attribute name="Output I" value="200"/>
  <attribute name="Output T" value="4"/>
  <attribute name="Target GC Util Change" value ="20.000000" />
  <attribute name="Current GC Util Change" value="15.000000"/>
  <attribute name="GC Util currently" value="15" />
  <attribute name="CPU Util currently" value="285998266503" />
<allocation-satisfied id="792" threadId="0000000001849700" bytesRequested="32784" />
<af-end id="793" timestamp="2019-06-15T22:25:16.307" threadId="000000000184A088" success="true" from="nursery"/>
<exclusive-end id="794" timestamp="2019-06-15T22:25:16.307" durationms="2.027" />

<exclusive-start id="795" timestamp="2019-06-15T22:25:16.322" intervalms="16.633">
  <response-info timems="0.073" idlems="0.073" threads="0" lastid="0000000001849700" lastname="main" />
</exclusive-start>
<af-start id="796" threadId="000000000184A088" totalBytesRequested="24" timestamp="2019-06-15T22:25:16.322" intervalms="16.677" type="nursery" />
<cycle-start id="797" type="scavenge" contextid="0" timestamp="2019-06-15T22:25:16.322" intervalms="16.692" />
<gc-start id="798" type="scavenge" contextid="797" timestamp="2019-06-15T22:25:16.323">
  <mem-info id="799" free="1661128" total="10420224" percent="15">
    <mem type="nursery" free="0" total="4063232" percent="0">
      <mem type="allocate" free="0" total="3407872" percent="0" />
      <mem type="survivor" free="0" total="655360" percent="0" />
    </mem>
    <mem type="tenure" free="1661128" total="6356992" percent="26">
      <mem type="soa" free="1349832" total="6039552" percent="22" />
      <mem type="loa" free="311296" total="317440" percent="98" />
    </mem>
    <remembered-set count="81" />
  </mem-info>
</gc-start>
<allocation-stats totalBytes="3329272" >
  <allocated-bytes non-tlh="32784" tlh="3296488" />
  <largest-consumer threadName="main" threadId="0000000001849700" bytes="3329272" />
</allocation-stats>
<gc-op id="800" type="scavenge" timems="0.629" contextid="797" timestamp="2019-06-15T22:25:16.323">
  <scavenger-info tenureage="3" tenuremask="fff8" tiltratio="83" />
  <memory-copied type="nursery" objects="9" bytes="32984" bytesdiscarded="45352" />
</gc-op>
<heap-resize id="801" type="expand" space="nursery" amount="262144" count="1" timems="0.011" reason="excessive time being spent scavenging" timestamp="2019-06-15T22:25:16.324" />
<gc-end id="802" type="scavenge" contextid="797" durationms="1.264" usertimems="4.000" systemtimems="0.000" timestamp="2019-06-15T22:25:16.324" activeThreads="4">
  <mem-info id="803" free="5318344" total="10682368" percent="49">
    <mem type="nursery" free="3657216" total="4325376" percent="84">
      <mem type="allocate" free="3657216" total="3735552" percent="97" />
      <mem type="survivor" free="0" total="589824" percent="0" />
    </mem>
    <mem type="tenure" free="1661128" total="6356992" percent="26" macro-fragmented="15192">
      <mem type="soa" free="1349832" total="6039552" percent="22" />
      <mem type="loa" free="311296" total="317440" percent="98" />
    </mem>
    <remembered-set count="81" />
  </mem-info>
</gc-end>
<cycle-end id="804" type="scavenge" contextid="797" timestamp="2019-06-15T22:25:16.324" />
  <attribute name="elasticGC enabled" value="1" />
  <attribute name= "numThreadsSpecified" value="4" />
  <attribute name="heapSize specified" value="10485760" />
  <attribute name="Current GC Util" value="9" />
  <attribute name= "Current Time Running" value="48982" />
  <attribute name ="GC Interval" value="200" />
  <attribute name="ProportionalT" value="-16.500000" />
  <attribute name="ProportionalI" value="-16.500000" />
  <attribute name="ProportionalH" value="-16.500000" />
  <attribute name="Current Error" value="-11.000000" />
  <attribute name="IntegralT" value="-187.000000" />
  <attribute name="IntegralI" value="-187.000000" />
  <attribute name="IntegralH" value="-187.000000" />
  <attribute name="DerivativeT" value="-0.647059" />
  <attribute name="DerivativeI" value="-0.647059" />
  <attribute name="DerivativeH" value="-0.647059" />
  <attribute name="Loop Time for DT" value="17.000000" />
  <attribute name="Output H" value="2092630016"/>
  <attribute name="Output I" value="200"/>
  <attribute name="Output T" value="4"/>
  <attribute name="Target GC Util Change" value ="20.000000" />
  <attribute name="Current GC Util Change" value="9.000000"/>
  <attribute name="GC Util currently" value="9" />
  <attribute name="CPU Util currently" value="275677635793" />
<allocation-satisfied id="805" threadId="0000000001849700" bytesRequested="24" />
<af-end id="806" timestamp="2019-06-15T22:25:16.324" threadId="000000000184A088" success="true" from="nursery"/>
<exclusive-end id="807" timestamp="2019-06-15T22:25:16.324" durationms="2.283" />

<exclusive-start id="808" timestamp="2019-06-15T22:25:16.341" intervalms="18.501">
  <response-info timems="0.075" idlems="0.075" threads="0" lastid="0000000001849700" lastname="main" />
</exclusive-start>
<af-start id="809" threadId="000000000184A088" totalBytesRequested="24" timestamp="2019-06-15T22:25:16.341" intervalms="18.500" type="nursery" />
<cycle-start id="810" type="scavenge" contextid="0" timestamp="2019-06-15T22:25:16.341" intervalms="18.498" />
<gc-start id="811" type="scavenge" contextid="810" timestamp="2019-06-15T22:25:16.341">
  <mem-info id="812" free="1661128" total="10682368" percent="15">
    <mem type="nursery" free="0" total="4325376" percent="0">
      <mem type="allocate" free="0" total="3735552" percent="0" />
      <mem type="survivor" free="0" total="589824" percent="0" />
    </mem>
    <mem type="tenure" free="1661128" total="6356992" percent="26">
      <mem type="soa" free="1349832" total="6039552" percent="22" />
      <mem type="loa" free="311296" total="317440" percent="98" />
    </mem>
    <remembered-set count="81" />
  </mem-info>
</gc-start>
<allocation-stats totalBytes="3657000" >
  <allocated-bytes non-tlh="24" tlh="3656976" />
  <largest-consumer threadName="main" threadId="0000000001849700" bytes="3657000" />
</allocation-stats>
<gc-op id="813" type="scavenge" timems="0.488" contextid="810" timestamp="2019-06-15T22:25:16.342">
  <scavenger-info tenureage="3" tenuremask="fff8" tiltratio="86" />
  <memory-copied type="nursery" objects="8" bytes="32960" bytesdiscarded="6208" />
</gc-op>
<gc-end id="814" type="scavenge" contextid="810" durationms="1.079" usertimems="4.000" systemtimems="0.000" timestamp="2019-06-15T22:25:16.342" activeThreads="4">
  <mem-info id="815" free="5488584" total="10682368" percent="51">
    <mem type="nursery" free="3827456" total="4325376" percent="88">
      <mem type="allocate" free="3827456" total="3866624" percent="98" />
      <mem type="survivor" free="0" total="458752" percent="0" />
    </mem>
    <mem type="tenure" free="1661128" total="6356992" percent="26" macro-fragmented="868149">
      <mem type="soa" free="1349832" total="6039552" percent="22" />
      <mem type="loa" free="311296" total="317440" percent="98" />
    </mem>
    <remembered-set count="81" />
  </mem-info>
</gc-end>
<cycle-end id="816" type="scavenge" contextid="810" timestamp="2019-06-15T22:25:16.342" />
  <attribute name="elasticGC enabled" value="1" />
  <attribute name= "numThreadsSpecified" value="4" />
  <attribute name="heapSize specified" value="10485760" />
  <attribute name="Current GC Util" value="8" />
  <attribute name= "Current Time Running" value="49001" />
  <attribute name ="GC Interval" value="200" />
  <attribute name="ProportionalT" value="-18.000000" />
  <attribute name="ProportionalI" value="-18.000000" />
  <attribute name="ProportionalH" value="-18.000000" />
  <attribute name="Current Error" value="-12.000000" />
  <attribute name="IntegralT" value="-228.000000" />
  <attribute name="IntegralI" value="-228.000000" />
  <attribute name="IntegralH" value="-228.000000" />
  <attribute name="DerivativeT" value="-0.631579" />
  <attribute name="DerivativeI" value="-0.631579" />
  <attribute name="DerivativeH" value="-0.631579" />
  <attribute name="Loop Time for DT" value="19.000000" />
  <attribute name="Output H" value="2092630016"/>
  <attribute name="Output I" value="200"/>
  <attribute name="Output T" value="4"/>
  <attribute name="Target GC Util Change" value ="20.000000" />
  <attribute name="Current GC Util Change" value="8.000000"/>
  <attribute name="GC Util currently" value="8" />
  <attribute name="CPU Util currently" value="248996657200" />
<allocation-satisfied id="817" threadId="0000000001849700" bytesRequested="24" />
<af-end id="818" timestamp="2019-06-15T22:25:16.342" threadId="000000000184A088" success="true" from="nursery"/>
<exclusive-end id="819" timestamp="2019-06-15T22:25:16.343" durationms="1.988" />

<exclusive-start id="820" timestamp="2019-06-15T22:25:16.357" intervalms="16.823">
  <response-info timems="0.118" idlems="0.118" threads="0" lastid="0000000001849700" lastname="main" />
</exclusive-start>
<af-start id="821" threadId="000000000184A088" totalBytesRequested="32784" timestamp="2019-06-15T22:25:16.357" intervalms="16.798" type="nursery" />
<cycle-start id="822" type="scavenge" contextid="0" timestamp="2019-06-15T22:25:16.358" intervalms="16.805" />
<gc-start id="823" type="scavenge" contextid="822" timestamp="2019-06-15T22:25:16.358">
  <mem-info id="824" free="1661128" total="10682368" percent="15">
    <mem type="nursery" free="0" total="4325376" percent="0">
      <mem type="allocate" free="0" total="3866624" percent="0" />
      <mem type="survivor" free="0" total="458752" percent="0" />
    </mem>
    <mem type="tenure" free="1661128" total="6356992" percent="26">
      <mem type="soa" free="1349832" total="6039552" percent="22" />
      <mem type="loa" free="311296" total="317440" percent="98" />
    </mem>
    <remembered-set count="81" />
  </mem-info>
</gc-start>
<allocation-stats totalBytes="3823200" >
  <allocated-bytes non-tlh="24" tlh="3823176" />
  <largest-consumer threadName="main" threadId="0000000001849700" bytes="3823200" />
</allocation-stats>
<gc-op id="825" type="scavenge" timems="0.641" contextid="822" timestamp="2019-06-15T22:25:16.359">
  <scavenger-info tenureage="3" tenuremask="fff8" tiltratio="89" />
  <memory-copied type="nursery" objects="14" bytes="33072" bytesdiscarded="45264" />
</gc-op>
<gc-end id="826" type="scavenge" contextid="822" durationms="1.258" usertimems="0.000" systemtimems="0.000" timestamp="2019-06-15T22:25:16.359" activeThreads="4">
  <mem-info id="827" free="5449416" total="10682368" percent="51">
    <mem type="nursery" free="3788288" total="4325376" percent="87">
      <mem type="allocate" free="3788288" total="3866624" percent="97" />
      <mem type="survivor" free="0" total="458752" percent="0" />
    </mem>
    <mem type="tenure" free="1661128" total="6356992" percent="26" macro-fragmented="418667">
      <mem type="soa" free="1349832" total="6039552" percent="22" />
      <mem type="loa" free="311296" total="317440" percent="98" />
    </mem>
    <remembered-set count="81" />
  </mem-info>
</gc-end>
<cycle-end id="828" type="scavenge" contextid="822" timestamp="2019-06-15T22:25:16.359" />
  <attribute name="elasticGC enabled" value="1" />
  <attribute name= "numThreadsSpecified" value="4" />
  <attribute name="heapSize specified" value="10485760" />
  <attribute name="Current GC Util" value="8" />
  <attribute name= "Current Time Running" value="49017" />
  <attribute name ="GC Interval" value="200" />
  <attribute name="ProportionalT" value="-18.000000" />
  <attribute name="ProportionalI" value="-18.000000" />
  <attribute name="ProportionalH" value="-18.000000" />
  <attribute name="Current Error" value="-12.000000" />
  <attribute name="IntegralT" value="-192.000000" />
  <attribute name="IntegralI" value="-192.000000" />
  <attribute name="IntegralH" value="-192.000000" />
  <attribute name="DerivativeT" value="-0.750000" />
  <attribute name="DerivativeI" value="-0.750000" />
  <attribute name="DerivativeH" value="-0.750000" />
  <attribute name="Loop Time for DT" value="16.000000" />
  <attribute name="Output H" value="2092630016"/>
  <attribute name="Output I" value="200"/>
  <attribute name="Output T" value="4"/>
  <attribute name="Target GC Util Change" value ="20.000000" />
  <attribute name="Current GC Util Change" value="8.000000"/>
  <attribute name="GC Util currently" value="8" />
  <attribute name="CPU Util currently" value="274154593514" />
<allocation-satisfied id="829" threadId="0000000001849700" bytesRequested="32784" />
<af-end id="830" timestamp="2019-06-15T22:25:16.359" threadId="000000000184A088" success="true" from="nursery"/>
<exclusive-end id="831" timestamp="2019-06-15T22:25:16.359" durationms="2.140" />

<exclusive-start id="832" timestamp="2019-06-15T22:25:16.374" intervalms="16.489">
  <response-info timems="0.076" idlems="0.076" threads="0" lastid="0000000001849700" lastname="main" />
</exclusive-start>
<af-start id="833" threadId="000000000184A088" totalBytesRequested="24" timestamp="2019-06-15T22:25:16.374" intervalms="16.520" type="nursery" />
<cycle-start id="834" type="scavenge" contextid="0" timestamp="2019-06-15T22:25:16.374" intervalms="16.513" />
<gc-start id="835" type="scavenge" contextid="834" timestamp="2019-06-15T22:25:16.374">
  <mem-info id="836" free="1661128" total="10682368" percent="15">
    <mem type="nursery" free="0" total="4325376" percent="0">
      <mem type="allocate" free="0" total="3866624" percent="0" />
      <mem type="survivor" free="0" total="458752" percent="0" />
    </mem>
    <mem type="tenure" free="1661128" total="6356992" percent="26">
      <mem type="soa" free="1349832" total="6039552" percent="22" />
      <mem type="loa" free="311296" total="317440" percent="98" />
    </mem>
    <remembered-set count="81" />
  </mem-info>
</gc-start>
<allocation-stats totalBytes="3788000" >
  <allocated-bytes non-tlh="32784" tlh="3755216" />
  <largest-consumer threadName="main" threadId="0000000001849700" bytes="3788000" />
</allocation-stats>
<gc-op id="837" type="scavenge" timems="0.632" contextid="834" timestamp="2019-06-15T22:25:16.375">
  <scavenger-info tenureage="3" tenuremask="fff8" tiltratio="89" />
  <memory-copied type="nursery" objects="8" bytes="32960" bytesdiscarded="6208" />
</gc-op>
<heap-resize id="838" type="expand" space="nursery" amount="262144" count="1" timems="0.014" reason="excessive time being spent scavenging" timestamp="2019-06-15T22:25:16.375" />
<gc-end id="839" type="scavenge" contextid="834" durationms="1.292" usertimems="4.000" systemtimems="0.000" timestamp="2019-06-15T22:25:16.376" activeThreads="4">
  <mem-info id="840" free="5685192" total="10944512" percent="51">
    <mem type="nursery" free="4024064" total="4587520" percent="87">
      <mem type="allocate" free="4024064" total="4063232" percent="99" />
      <mem type="survivor" free="0" total="524288" percent="0" />
    </mem>
    <mem type="tenure" free="1661128" total="6356992" percent="26" macro-fragmented="868149">
      <mem type="soa" free="1349832" total="6039552" percent="22" />
      <mem type="loa" free="311296" total="317440" percent="98" />
    </mem>
    <remembered-set count="81" />
  </mem-info>
</gc-end>
<cycle-end id="841" type="scavenge" contextid="834" timestamp="2019-06-15T22:25:16.376" />
  <attribute name="elasticGC enabled" value="1" />
  <attribute name= "numThreadsSpecified" value="4" />
  <attribute name="heapSize specified" value="10485760" />
  <attribute name="Current GC Util" value="10" />
  <attribute name= "Current Time Running" value="49034" />
  <attribute name ="GC Interval" value="200" />
  <attribute name="ProportionalT" value="-15.000000" />
  <attribute name="ProportionalI" value="-15.000000" />
  <attribute name="ProportionalH" value="-15.000000" />
  <attribute name="Current Error" value="-10.000000" />
  <attribute name="IntegralT" value="-170.000000" />
  <attribute name="IntegralI" value="-170.000000" />
  <attribute name="IntegralH" value="-170.000000" />
  <attribute name="DerivativeT" value="-0.588235" />
  <attribute name="DerivativeI" value="-0.588235" />
  <attribute name="DerivativeH" value="-0.588235" />
  <attribute name="Loop Time for DT" value="17.000000" />
  <attribute name="Output H" value="2092630016"/>
  <attribute name="Output I" value="200"/>
  <attribute name="Output T" value="4"/>
  <attribute name="Target GC Util Change" value ="20.000000" />
  <attribute name="Current GC Util Change" value="10.000000"/>
  <attribute name="GC Util currently" value="10" />
  <attribute name="CPU Util currently" value="280002774212" />
<allocation-satisfied id="842" threadId="0000000001849700" bytesRequested="24" />
<af-end id="843" timestamp="2019-06-15T22:25:16.376" threadId="000000000184A088" success="true" from="nursery"/>
<exclusive-end id="844" timestamp="2019-06-15T22:25:16.376" durationms="2.247" />

<exclusive-start id="845" timestamp="2019-06-15T22:25:16.391" intervalms="17.364">
  <response-info timems="0.078" idlems="0.078" threads="0" lastid="0000000001849700" lastname="main" />
</exclusive-start>
<af-start id="846" threadId="000000000184A088" totalBytesRequested="24" timestamp="2019-06-15T22:25:16.391" intervalms="17.362" type="nursery" />
<cycle-start id="847" type="scavenge" contextid="0" timestamp="2019-06-15T22:25:16.392" intervalms="17.351" />
<gc-start id="848" type="scavenge" contextid="847" timestamp="2019-06-15T22:25:16.392">
  <mem-info id="849" free="1661128" total="10944512" percent="15">
    <mem type="nursery" free="0" total="4587520" percent="0">
      <mem type="allocate" free="0" total="4063232" percent="0" />
      <mem type="survivor" free="0" total="524288" percent="0" />
    </mem>
    <mem type="tenure" free="1661128" total="6356992" percent="26">
      <mem type="soa" free="1349832" total="6039552" percent="22" />
      <mem type="loa" free="311296" total="317440" percent="98" />
    </mem>
    <remembered-set count="81" />
  </mem-info>
</gc-start>
<allocation-stats totalBytes="4023720" >
  <allocated-bytes non-tlh="24" tlh="4023696" />
  <largest-consumer threadName="main" threadId="0000000001849700" bytes="4023720" />
</allocation-stats>
<gc-op id="850" type="scavenge" timems="0.405" contextid="847" timestamp="2019-06-15T22:25:16.392">
  <scavenger-info tenureage="3" tenuremask="fff8" tiltratio="88" />
  <memory-copied type="nursery" objects="8" bytes="32960" bytesdiscarded="6208" />
</gc-op>
<gc-end id="851" type="scavenge" contextid="847" durationms="1.077" usertimems="4.000" systemtimems="0.000" timestamp="2019-06-15T22:25:16.393" activeThreads="4">
  <mem-info id="852" free="5750728" total="10944512" percent="52">
    <mem type="nursery" free="4089600" total="4587520" percent="89">
      <mem type="allocate" free="4089600" total="4128768" percent="99" />
      <mem type="survivor" free="0" total="458752" percent="0" />
    </mem>
    <mem type="tenure" free="1661128" total="6356992" percent="26" macro-fragmented="0">
      <mem type="soa" free="1349832" total="6039552" percent="22" />
      <mem type="loa" free="311296" total="317440" percent="98" />
    </mem>
    <remembered-set count="81" />
  </mem-info>
</gc-end>
<cycle-end id="853" type="scavenge" contextid="847" timestamp="2019-06-15T22:25:16.393" />
  <attribute name="elasticGC enabled" value="1" />
  <attribute name= "numThreadsSpecified" value="4" />
  <attribute name="heapSize specified" value="10485760" />
  <attribute name="Current GC Util" value="9" />
  <attribute name= "Current Time Running" value="49051" />
  <attribute name ="GC Interval" value="200" />
  <attribute name="ProportionalT" value="-16.500000" />
  <attribute name="ProportionalI" value="-16.500000" />
  <attribute name="ProportionalH" value="-16.500000" />
  <attribute name="Current Error" value="-11.000000" />
  <attribute name="IntegralT" value="-187.000000" />
  <attribute name="IntegralI" value="-187.000000" />
  <attribute name="IntegralH" value="-187.000000" />
  <attribute name="DerivativeT" value="-0.647059" />
  <attribute name="DerivativeI" value="-0.647059" />
  <attribute name="DerivativeH" value="-0.647059" />
  <attribute name="Loop Time for DT" value="17.000000" />
  <attribute name="Output H" value="2092630016"/>
  <attribute name="Output I" value="200"/>
  <attribute name="Output T" value="4"/>
  <attribute name="Target GC Util Change" value ="20.000000" />
  <attribute name="Current GC Util Change" value="9.000000"/>
  <attribute name="GC Util currently" value="9" />
  <attribute name="CPU Util currently" value="265197569043" />
<allocation-satisfied id="854" threadId="0000000001849700" bytesRequested="24" />
<af-end id="855" timestamp="2019-06-15T22:25:16.393" threadId="000000000184A088" success="true" from="nursery"/>
<exclusive-end id="856" timestamp="2019-06-15T22:25:16.393" durationms="1.950" />

<exclusive-start id="857" timestamp="2019-06-15T22:25:16.409" intervalms="17.463">
  <response-info timems="0.085" idlems="0.085" threads="0" lastid="0000000001849700" lastname="main" />
</exclusive-start>
<af-start id="858" threadId="000000000184A088" totalBytesRequested="24" timestamp="2019-06-15T22:25:16.409" intervalms="17.471" type="nursery" />
<cycle-start id="859" type="scavenge" contextid="0" timestamp="2019-06-15T22:25:16.409" intervalms="17.479" />
<gc-start id="860" type="scavenge" contextid="859" timestamp="2019-06-15T22:25:16.409">
  <mem-info id="861" free="1661128" total="10944512" percent="15">
    <mem type="nursery" free="0" total="4587520" percent="0">
      <mem type="allocate" free="0" total="4128768" percent="0" />
      <mem type="survivor" free="0" total="458752" percent="0" />
    </mem>
    <mem type="tenure" free="1661128" total="6356992" percent="26">
      <mem type="soa" free="1349832" total="6039552" percent="22" />
      <mem type="loa" free="311296" total="317440" percent="98" />
    </mem>
    <remembered-set count="81" />
  </mem-info>
</gc-start>
<allocation-stats totalBytes="4089264" >
  <allocated-bytes non-tlh="24" tlh="4089240" />
  <largest-consumer threadName="main" threadId="0000000001849700" bytes="4089264" />
</allocation-stats>
<gc-op id="862" type="scavenge" timems="0.498" contextid="859" timestamp="2019-06-15T22:25:16.410">
  <scavenger-info tenureage="3" tenuremask="fff8" tiltratio="90" />
  <memory-copied type="nursery" objects="8" bytes="32960" bytesdiscarded="6208" />
</gc-op>
<gc-end id="863" type="scavenge" contextid="859" durationms="1.153" usertimems="0.000" systemtimems="0.000" timestamp="2019-06-15T22:25:16.410" activeThreads="4">
  <mem-info id="864" free="5750728" total="10944512" percent="52">
    <mem type="nursery" free="4089600" total="4587520" percent="89">
      <mem type="allocate" free="4089600" total="4128768" percent="99" />
      <mem type="survivor" free="0" total="458752" percent="0" />
    </mem>
    <mem type="tenure" free="1661128" total="6356992" percent="26" macro-fragmented="0">
      <mem type="soa" free="1349832" total="6039552" percent="22" />
      <mem type="loa" free="311296" total="317440" percent="98" />
    </mem>
    <remembered-set count="81" />
  </mem-info>
</gc-end>
<cycle-end id="865" type="scavenge" contextid="859" timestamp="2019-06-15T22:25:16.410" />
  <attribute name="elasticGC enabled" value="1" />
  <attribute name= "numThreadsSpecified" value="4" />
  <attribute name="heapSize specified" value="10485760" />
  <attribute name="Current GC Util" value="5" />
  <attribute name= "Current Time Running" value="49069" />
  <attribute name ="GC Interval" value="200" />
  <attribute name="ProportionalT" value="-22.500000" />
  <attribute name="ProportionalI" value="-22.500000" />
  <attribute name="ProportionalH" value="-22.500000" />
  <attribute name="Current Error" value="-15.000000" />
  <attribute name="IntegralT" value="-270.000000" />
  <attribute name="IntegralI" value="-270.000000" />
  <attribute name="IntegralH" value="-270.000000" />
  <attribute name="DerivativeT" value="-0.833333" />
  <attribute name="DerivativeI" value="-0.833333" />
  <attribute name="DerivativeH" value="-0.833333" />
  <attribute name="Loop Time for DT" value="18.000000" />
  <attribute name="Output H" value="2092630016"/>
  <attribute name="Output I" value="200"/>
  <attribute name="Output T" value="4"/>
  <attribute name="Target GC Util Change" value ="20.000000" />
  <attribute name="Current GC Util Change" value="5.000000"/>
  <attribute name="GC Util currently" value="5" />
  <attribute name="CPU Util currently" value="263918621193" />
<allocation-satisfied id="866" threadId="0000000001849700" bytesRequested="24" />
<af-end id="867" timestamp="2019-06-15T22:25:16.411" threadId="000000000184A088" success="true" from="nursery"/>
<exclusive-end id="868" timestamp="2019-06-15T22:25:16.411" durationms="2.034" />

</verbosegc>

