<?xml version="1.0" ?>

<verbosegc xmlns="http://www.ibm.com/j9/verbosegc" version="10b4217_CMPRSS">

<initialized id="1" timestamp="2019-06-15T22:17:53.213">
  <attribute name="gcPolicy" value="-Xgcpolicy:gencon" />
  <attribute name="elasticGC enabled" value="1" />
  <attribute name= "numThreadsSpecified" value="0" />
  <attribute name="heapSize specified" value="0" />
  <attribute name="Current GC Util" value="0" />
  <attribute name= "Current Time Running" value="0" />
  <attribute name ="GC Interval" value="0" />
  <attribute name="ProportionalT" value="0.000000" />
  <attribute name="ProportionalI" value="0.000000" />
  <attribute name="ProportionalH" value="0.000000" />
  <attribute name="IntegralT" value="0.000000" />
  <attribute name="IntegralI" value="0.000000" />
  <attribute name="IntegralH" value="0.000000" />
  <attribute name="DerivativeT" value="0.000000" />
  <attribute name="DerivativeI" value="0.000000" />
  <attribute name="DerivativeH" value="0.000000" />
  <attribute name="Target GC Util Change" value ="0.000000" />
  <attribute name="Current GC Util Change" value="0.000000"/>
  <attribute name="Current Error" value="0.000000" />
  <attribute name="Loop Time for DT" value="0.000000" />
  <attribute name="Output H" value="0"/>
  <attribute name="Output I" value="0"/>
  <attribute name="Output T" value="0"/>
  <attribute name="GC Util currently" value="0" />
  <attribute name="CPU Util currently" value="0" />
  <attribute name="maxHeapSize" value="0x7cbc0000" />
  <attribute name="initialHeapSize" value="0x800000" />
  <attribute name="compressedRefs" value="true" />
  <attribute name="compressedRefsDisplacement" value="0x0" />
  <attribute name="compressedRefsShift" value="0x0" />
  <attribute name="pageSize" value="0x1000" />
  <attribute name="pageType" value="not used" />
  <attribute name="requestedPageSize" value="0x1000" />
  <attribute name="requestedPageType" value="not used" />
  <attribute name="gcthreads" value="4" />
  <attribute name="gcthreads Concurrent Mark" value="1" />
  <attribute name="packetListSplit" value="4" />
  <attribute name="cacheListSplit" value="4" />
  <attribute name="splitFreeListSplitAmount" value="1" />
  <attribute name="numaNodes" value="0" />
  <system>
    <attribute name="physicalMemory" value="8370958336" />
    <attribute name="numCPUs" value="4" />
    <attribute name="architecture" value="amd64" />
    <attribute name="os" value="Linux" />
    <attribute name="osVersion" value="4.4.0-150-generic" />
  </system>
  <vmargs>
    <vmarg name="-Xoptionsfile=/vagrant/jdk/lib/options.default" />
    <vmarg name="-Xlockword:mode=default,noLockword=java/lang/String,noLockword=java/util/MapEntry,noLockword=java/util/HashMap$Entry,noLockword..." />
    <vmarg name="-Xjcl:jclse29" />
    <vmarg name="-Dcom.ibm.oti.vm.bootstrap.library.path=/vagrant/jdk/lib/compressedrefs:/vagrant/jdk/lib" />
    <vmarg name="-Dsun.boot.library.path=/vagrant/jdk/lib/compressedrefs:/vagrant/jdk/lib" />
    <vmarg name="-Djava.library.path=/vagrant/jdk/lib/compressedrefs:/vagrant/jdk/lib:/usr/lib64:/usr/lib" />
    <vmarg name="-Djava.home=/vagrant/jdk" />
    <vmarg name="-Duser.dir=/vagrant" />
    <vmarg name="-Xgcpolicy:gencon" />
    <vmarg name="-Xgcelastic" />
    <vmarg name="-Xcheck:gc:::elasticGC" />
    <vmarg name="-verbose:gc" />
    <vmarg name="-Xloggc:jdk1.5-1-1-small-GEN-4CORE-elasticverbose3jython.txt" />
    <vmarg name="-Djava.class.path=dacapo-9.12-MR1-bach.jar" />
    <vmarg name="-Dsun.java.command=dacapo-9.12-MR1-bach.jar jython --size=small" />
    <vmarg name="-Dsun.java.launcher=SUN_STANDARD" />
    <vmarg name="-Dsun.java.launcher.pid=4672" />
  </vmargs>
</initialized>

<exclusive-start id="2" timestamp="2019-06-15T22:17:53.426" intervalms="212.947">
  <response-info timems="0.029" idlems="0.029" threads="0" lastid="0000000000D60700" lastname="main" />
</exclusive-start>
<af-start id="3" threadId="0000000000D61088" totalBytesRequested="3080" timestamp="2019-06-15T22:17:53.426" intervalms="213.208" type="nursery" />
<cycle-start id="4" type="scavenge" contextid="0" timestamp="2019-06-15T22:17:53.426" intervalms="213.705" />
<gc-start id="5" type="scavenge" contextid="4" timestamp="2019-06-15T22:17:53.432">
  <mem-info id="6" free="6062624" total="8388608" percent="72">
    <mem type="nursery" free="0" total="2097152" percent="0">
      <mem type="allocate" free="0" total="1048576" percent="0" />
      <mem type="survivor" free="0" total="1048576" percent="0" />
    </mem>
    <mem type="tenure" free="6062624" total="6291456" percent="96">
      <mem type="soa" free="5748256" total="5977088" percent="96" />
      <mem type="loa" free="314368" total="314368" percent="100" />
    </mem>
    <remembered-set count="3161" />
  </mem-info>
</gc-start>
<allocation-stats totalBytes="1270984" >
  <allocated-bytes non-tlh="344784" tlh="926200" />
  <largest-consumer threadName="main" threadId="0000000000D60700" bytes="1197408" />
</allocation-stats>
<gc-op id="7" type="scavenge" timems="1.693" contextid="4" timestamp="2019-06-15T22:17:53.434">
  <scavenger-info tenureage="2" tenuremask="fffc" tiltratio="50" />
  <memory-copied type="nursery" objects="10578" bytes="477536" bytesdiscarded="118000" />
  <finalization candidates="11" enqueued="0" />
  <references type="soft" candidates="62" cleared="0" enqueued="0" dynamicThreshold="32" maxThreshold="32" />
  <references type="weak" candidates="309" cleared="177" enqueued="141" />
  <references type="phantom" candidates="25" cleared="6" enqueued="6" />
</gc-op>
<gc-end id="8" type="scavenge" contextid="4" durationms="5.253" usertimems="0.000" systemtimems="4.000" timestamp="2019-06-15T22:17:53.437" activeThreads="4">
  <mem-info id="9" free="6513568" total="8388608" percent="77">
    <mem type="nursery" free="450944" total="2097152" percent="21">
      <mem type="allocate" free="450944" total="1048576" percent="43" />
      <mem type="survivor" free="0" total="1048576" percent="0" />
    </mem>
    <mem type="tenure" free="6062624" total="6291456" percent="96">
      <mem type="soa" free="5748256" total="5977088" percent="96" />
      <mem type="loa" free="314368" total="314368" percent="100" />
    </mem>
    <pending-finalizers system="0" default="0" reference="147" classloader="0" />
    <remembered-set count="3161" />
  </mem-info>
</gc-end>
<cycle-end id="10" type="scavenge" contextid="4" timestamp="2019-06-15T22:17:53.437" />
  <attribute name="elasticGC enabled" value="1" />
  <attribute name= "numThreadsSpecified" value="0" />
  <attribute name="heapSize specified" value="0" />
  <attribute name="Current GC Util" value="0" />
  <attribute name= "Current Time Running" value="79" />
  <attribute name ="GC Interval" value="1" />
  <attribute name="ProportionalT" value="0.000000" />
  <attribute name="ProportionalI" value="0.000000" />
  <attribute name="ProportionalH" value="0.000000" />
  <attribute name="Current Error" value="0.000000" />
  <attribute name="IntegralT" value="0.000000" />
  <attribute name="IntegralI" value="0.000000" />
  <attribute name="IntegralH" value="0.000000" />
  <attribute name="DerivativeT" value="0.000000" />
  <attribute name="DerivativeI" value="0.000000" />
  <attribute name="DerivativeH" value="0.000000" />
  <attribute name="Loop Time for DT" value="0.000000" />
  <attribute name="Output H" value="0"/>
  <attribute name="Output I" value="0"/>
  <attribute name="Output T" value="0"/>
  <attribute name="Target GC Util Change" value ="20.000000" />
  <attribute name="Current GC Util Change" value="0.000000"/>
  <attribute name="GC Util currently" value="0" />
  <attribute name="CPU Util currently" value="31" />
<allocation-satisfied id="11" threadId="0000000000D60700" bytesRequested="3080" />
<af-end id="12" timestamp="2019-06-15T22:17:53.438" threadId="0000000000D61088" success="true" from="nursery"/>
<exclusive-end id="13" timestamp="2019-06-15T22:17:53.438" durationms="11.920" />

<exclusive-start id="14" timestamp="2019-06-15T22:17:53.473" intervalms="47.747">
  <response-info timems="0.057" idlems="0.057" threads="0" lastid="0000000000D60700" lastname="main" />
</exclusive-start>
<af-start id="15" threadId="0000000000D61088" totalBytesRequested="7176" timestamp="2019-06-15T22:17:53.474" intervalms="47.601" type="nursery" />
<cycle-start id="16" type="scavenge" contextid="0" timestamp="2019-06-15T22:17:53.474" intervalms="47.168" />
<gc-start id="17" type="scavenge" contextid="16" timestamp="2019-06-15T22:17:53.478">
  <mem-info id="18" free="6054888" total="8388608" percent="72">
    <mem type="nursery" free="0" total="2097152" percent="0">
      <mem type="allocate" free="0" total="1048576" percent="0" />
      <mem type="survivor" free="0" total="1048576" percent="0" />
    </mem>
    <mem type="tenure" free="6054888" total="6291456" percent="96">
      <mem type="soa" free="5740520" total="5977088" percent="96" />
      <mem type="loa" free="314368" total="314368" percent="100" />
    </mem>
    <remembered-set count="3262" />
  </mem-info>
</gc-start>
<allocation-stats totalBytes="454752" >
  <allocated-bytes non-tlh="10816" tlh="443936" />
  <largest-consumer threadName="main" threadId="0000000000D60700" bytes="442776" />
</allocation-stats>
<gc-op id="19" type="scavenge" timems="0.932" contextid="16" timestamp="2019-06-15T22:17:53.479">
  <scavenger-info tenureage="5" tenuremask="7fe0" tiltratio="50" />
  <memory-copied type="nursery" objects="10895" bytes="504024" bytesdiscarded="123248" />
  <finalization candidates="11" enqueued="0" />
  <references type="soft" candidates="62" cleared="0" enqueued="0" dynamicThreshold="32" maxThreshold="32" />
  <references type="weak" candidates="242" cleared="96" enqueued="93" />
  <references type="phantom" candidates="38" cleared="12" enqueued="12" />
</gc-op>
<gc-end id="20" type="scavenge" contextid="16" durationms="1.112" usertimems="0.000" systemtimems="4.000" timestamp="2019-06-15T22:17:53.479" activeThreads="4">
  <mem-info id="21" free="6474720" total="8388608" percent="77">
    <mem type="nursery" free="419832" total="2097152" percent="20">
      <mem type="allocate" free="419832" total="1048576" percent="40" />
      <mem type="survivor" free="0" total="1048576" percent="0" />
    </mem>
    <mem type="tenure" free="6054888" total="6291456" percent="96">
      <mem type="soa" free="5740520" total="5977088" percent="96" />
      <mem type="loa" free="314368" total="314368" percent="100" />
    </mem>
    <pending-finalizers system="0" default="0" reference="105" classloader="0" />
    <remembered-set count="3262" />
  </mem-info>
</gc-end>
<cycle-end id="22" type="scavenge" contextid="16" timestamp="2019-06-15T22:17:53.479" />
  <attribute name="elasticGC enabled" value="1" />
  <attribute name= "numThreadsSpecified" value="4" />
  <attribute name="heapSize specified" value="0" />
  <attribute name="Current GC Util" value="23" />
  <attribute name= "Current Time Running" value="125" />
  <attribute name ="GC Interval" value="200" />
  <attribute name="ProportionalT" value="4.500000" />
  <attribute name="ProportionalI" value="4.500000" />
  <attribute name="ProportionalH" value="4.500000" />
  <attribute name="Current Error" value="3.000000" />
  <attribute name="IntegralT" value="138.000000" />
  <attribute name="IntegralI" value="138.000000" />
  <attribute name="IntegralH" value="138.000000" />
  <attribute name="DerivativeT" value="0.065217" />
  <attribute name="DerivativeI" value="0.065217" />
  <attribute name="DerivativeH" value="0.065217" />
  <attribute name="Loop Time for DT" value="46.000000" />
  <attribute name="Output H" value="8388608"/>
  <attribute name="Output I" value="200"/>
  <attribute name="Output T" value="4"/>
  <attribute name="Target GC Util Change" value ="20.000000" />
  <attribute name="Current GC Util Change" value="23.000000"/>
  <attribute name="GC Util currently" value="23" />
  <attribute name="CPU Util currently" value="16" />
<allocation-satisfied id="23" threadId="0000000000D60700" bytesRequested="7176" />
<af-end id="24" timestamp="2019-06-15T22:17:53.479" threadId="0000000000D61088" success="true" from="nursery"/>
<exclusive-end id="25" timestamp="2019-06-15T22:17:53.479" durationms="5.419" />

<exclusive-start id="26" timestamp="2019-06-15T22:17:53.490" intervalms="16.168">
  <response-info timems="0.029" idlems="0.029" threads="0" lastid="0000000000D60700" lastname="main" />
</exclusive-start>
<af-start id="27" threadId="0000000000D61088" totalBytesRequested="20232" timestamp="2019-06-15T22:17:53.490" intervalms="16.130" type="nursery" />
<cycle-start id="28" type="scavenge" contextid="0" timestamp="2019-06-15T22:17:53.490" intervalms="16.127" />
<gc-start id="29" type="scavenge" contextid="28" timestamp="2019-06-15T22:17:53.490">
  <mem-info id="30" free="6052200" total="8388608" percent="72">
    <mem type="nursery" free="0" total="2097152" percent="0">
      <mem type="allocate" free="0" total="1048576" percent="0" />
      <mem type="survivor" free="0" total="1048576" percent="0" />
    </mem>
    <mem type="tenure" free="6052200" total="6291456" percent="96">
      <mem type="soa" free="5737832" total="5977088" percent="95" />
      <mem type="loa" free="314368" total="314368" percent="100" />
    </mem>
    <remembered-set count="3295" />
  </mem-info>
</gc-start>
<allocation-stats totalBytes="401848" >
  <allocated-bytes non-tlh="9864" tlh="391984" />
  <largest-consumer threadName="main" threadId="0000000000D60700" bytes="393656" />
</allocation-stats>
<gc-op id="31" type="scavenge" timems="0.802" contextid="28" timestamp="2019-06-15T22:17:53.491">
  <scavenger-info tenureage="4" tenuremask="7ff0" tiltratio="50" />
  <memory-copied type="nursery" objects="10928" bytes="539384" bytesdiscarded="58752" />
  <finalization candidates="11" enqueued="0" />
  <references type="soft" candidates="62" cleared="0" enqueued="0" dynamicThreshold="32" maxThreshold="32" />
  <references type="weak" candidates="223" cleared="76" enqueued="76" />
  <references type="phantom" candidates="37" cleared="10" enqueued="10" />
</gc-op>
<gc-end id="32" type="scavenge" contextid="28" durationms="0.976" usertimems="0.000" systemtimems="0.000" timestamp="2019-06-15T22:17:53.491" activeThreads="4">
  <mem-info id="33" free="6501184" total="8388608" percent="77">
    <mem type="nursery" free="448984" total="2097152" percent="21">
      <mem type="allocate" free="448984" total="1048576" percent="42" />
      <mem type="survivor" free="0" total="1048576" percent="0" />
    </mem>
    <mem type="tenure" free="6052200" total="6291456" percent="96">
      <mem type="soa" free="5737832" total="5977088" percent="95" />
      <mem type="loa" free="314368" total="314368" percent="100" />
    </mem>
    <pending-finalizers system="0" default="0" reference="86" classloader="0" />
    <remembered-set count="1025" />
  </mem-info>
</gc-end>
<cycle-end id="34" type="scavenge" contextid="28" timestamp="2019-06-15T22:17:53.491" />
  <attribute name="elasticGC enabled" value="1" />
  <attribute name= "numThreadsSpecified" value="4" />
  <attribute name="heapSize specified" value="0" />
  <attribute name="Current GC Util" value="45" />
  <attribute name= "Current Time Running" value="137" />
  <attribute name ="GC Interval" value="480" />
  <attribute name="ProportionalT" value="37.500000" />
  <attribute name="ProportionalI" value="37.500000" />
  <attribute name="ProportionalH" value="37.500000" />
  <attribute name="Current Error" value="25.000000" />
  <attribute name="IntegralT" value="438.000000" />
  <attribute name="IntegralI" value="438.000000" />
  <attribute name="IntegralH" value="438.000000" />
  <attribute name="DerivativeT" value="1.833333" />
  <attribute name="DerivativeI" value="1.833333" />
  <attribute name="DerivativeH" value="1.833333" />
  <attribute name="Loop Time for DT" value="12.000000" />
  <attribute name="Output H" value="8388608"/>
  <attribute name="Output I" value="480"/>
  <attribute name="Output T" value="4"/>
  <attribute name="Target GC Util Change" value ="20.000000" />
  <attribute name="Current GC Util Change" value="45.000000"/>
  <attribute name="GC Util currently" value="45" />
  <attribute name="CPU Util currently" value="27" />
<allocation-satisfied id="35" threadId="0000000000D60700" bytesRequested="20232" />
<af-end id="36" timestamp="2019-06-15T22:17:53.491" threadId="0000000000D61088" success="true" from="nursery"/>
<exclusive-end id="37" timestamp="2019-06-15T22:17:53.491" durationms="1.396" />

<exclusive-start id="38" timestamp="2019-06-15T22:17:54.091" intervalms="600.950">
  <response-info timems="0.108" idlems="0.108" threads="0" lastid="0000000000D60700" lastname="main" />
</exclusive-start>
<af-start id="39" threadId="0000000000D61088" totalBytesRequested="8200" timestamp="2019-06-15T22:17:54.091" intervalms="601.429" type="nursery" />
<cycle-start id="40" type="scavenge" contextid="0" timestamp="2019-06-15T22:17:54.092" intervalms="601.897" />
<gc-start id="41" type="scavenge" contextid="40" timestamp="2019-06-15T22:17:54.092">
  <mem-info id="42" free="6048480" total="8388608" percent="72">
    <mem type="nursery" free="0" total="2097152" percent="0">
      <mem type="allocate" free="0" total="1048576" percent="0" />
      <mem type="survivor" free="0" total="1048576" percent="0" />
    </mem>
    <mem type="tenure" free="6048480" total="6291456" percent="96">
      <mem type="soa" free="5734112" total="5977088" percent="95" />
      <mem type="loa" free="314368" total="314368" percent="100" />
    </mem>
    <remembered-set count="1091" />
  </mem-info>
</gc-start>
<allocation-stats totalBytes="443672" >
  <allocated-bytes non-tlh="67000" tlh="376672" />
  <largest-consumer threadName="main" threadId="0000000000D60700" bytes="443672" />
</allocation-stats>
<gc-op id="43" type="scavenge" timems="6.360" contextid="40" timestamp="2019-06-15T22:17:54.099">
  <scavenger-info tenureage="3" tenuremask="fff8" tiltratio="50" />
  <memory-copied type="nursery" objects="729" bytes="172728" bytesdiscarded="127544" />
  <memory-copied type="tenure" objects="10289" bytes="459824" bytesdiscarded="288" />
  <finalization candidates="13" enqueued="0" />
  <references type="soft" candidates="1" cleared="0" enqueued="0" dynamicThreshold="32" maxThreshold="32" />
  <references type="weak" candidates="62" cleared="46" enqueued="46" />
  <references type="phantom" candidates="20" cleared="10" enqueued="10" />
</gc-op>
<gc-end id="44" type="scavenge" contextid="40" durationms="7.116" usertimems="4.000" systemtimems="8.000" timestamp="2019-06-15T22:17:54.099" activeThreads="4">
  <mem-info id="45" free="6130208" total="8388608" percent="73">
    <mem type="nursery" free="748248" total="2097152" percent="35">
      <mem type="allocate" free="748248" total="1048576" percent="71" />
      <mem type="survivor" free="0" total="1048576" percent="0" />
    </mem>
    <mem type="tenure" free="5381960" total="6291456" percent="85">
      <mem type="soa" free="5067592" total="5977088" percent="84" />
      <mem type="loa" free="314368" total="314368" percent="100" />
    </mem>
    <pending-finalizers system="0" default="0" reference="56" classloader="0" />
    <remembered-set count="204" />
  </mem-info>
</gc-end>
<cycle-end id="46" type="scavenge" contextid="40" timestamp="2019-06-15T22:17:54.099" />
  <attribute name="elasticGC enabled" value="1" />
  <attribute name= "numThreadsSpecified" value="4" />
  <attribute name="heapSize specified" value="0" />
  <attribute name="Current GC Util" value="0" />
  <attribute name= "Current Time Running" value="740" />
  <attribute name ="GC Interval" value="200" />
  <attribute name="ProportionalT" value="-30.000000" />
  <attribute name="ProportionalI" value="-30.000000" />
  <attribute name="ProportionalH" value="-30.000000" />
  <attribute name="Current Error" value="-20.000000" />
  <attribute name="IntegralT" value="-11622.000000" />
  <attribute name="IntegralI" value="-11622.000000" />
  <attribute name="IntegralH" value="-11622.000000" />
  <attribute name="DerivativeT" value="-0.074627" />
  <attribute name="DerivativeI" value="-0.074627" />
  <attribute name="DerivativeH" value="-0.074627" />
  <attribute name="Loop Time for DT" value="603.000000" />
  <attribute name="Output H" value="2092630016"/>
  <attribute name="Output I" value="200"/>
  <attribute name="Output T" value="4"/>
  <attribute name="Target GC Util Change" value ="20.000000" />
  <attribute name="Current GC Util Change" value="0.000000"/>
  <attribute name="GC Util currently" value="0" />
  <attribute name="CPU Util currently" value="7" />
<allocation-satisfied id="47" threadId="0000000000D60700" bytesRequested="8200" />
<af-end id="48" timestamp="2019-06-15T22:17:54.100" threadId="0000000000D61088" success="true" from="nursery"/>
<exclusive-end id="49" timestamp="2019-06-15T22:17:54.100" durationms="9.029" />

<exclusive-start id="50" timestamp="2019-06-15T22:17:56.630" intervalms="2538.988">
  <response-info timems="0.190" idlems="0.190" threads="0" lastid="0000000000D60700" lastname="main" />
</exclusive-start>
<af-start id="51" threadId="0000000000D61088" totalBytesRequested="2056" timestamp="2019-06-15T22:17:56.630" intervalms="2539.047" type="nursery" />
<cycle-start id="52" type="scavenge" contextid="0" timestamp="2019-06-15T22:17:56.631" intervalms="2539.096" />
<gc-start id="53" type="scavenge" contextid="52" timestamp="2019-06-15T22:17:56.631">
  <mem-info id="54" free="5381040" total="8388608" percent="64">
    <mem type="nursery" free="0" total="2097152" percent="0">
      <mem type="allocate" free="0" total="1048576" percent="0" />
      <mem type="survivor" free="0" total="1048576" percent="0" />
    </mem>
    <mem type="tenure" free="5381040" total="6291456" percent="85">
      <mem type="soa" free="5066672" total="5977088" percent="84" />
      <mem type="loa" free="314368" total="314368" percent="100" />
    </mem>
    <remembered-set count="226" />
  </mem-info>
</gc-start>
<allocation-stats totalBytes="745640" >
  <allocated-bytes non-tlh="9120" tlh="736520" />
  <largest-consumer threadName="main" threadId="0000000000D60700" bytes="745640" />
</allocation-stats>
<gc-op id="55" type="scavenge" timems="5.661" contextid="52" timestamp="2019-06-15T22:17:56.638">
  <scavenger-info tenureage="3" tenuremask="7ff8" tiltratio="50" />
  <memory-copied type="nursery" objects="451" bytes="159584" bytesdiscarded="109616" />
  <memory-copied type="tenure" objects="303" bytes="15168" bytesdiscarded="0" />
  <finalization candidates="3" enqueued="1" />
  <references type="soft" candidates="1" cleared="0" enqueued="0" dynamicThreshold="32" maxThreshold="32" />
  <references type="weak" candidates="10" cleared="8" enqueued="8" />
  <references type="phantom" candidates="11" cleared="6" enqueued="6" />
</gc-op>
<gc-end id="56" type="scavenge" contextid="52" durationms="7.234" usertimems="8.000" systemtimems="0.000" timestamp="2019-06-15T22:17:56.639" activeThreads="4">
  <mem-info id="57" free="6160336" total="8388608" percent="73">
    <mem type="nursery" free="779296" total="2097152" percent="37">
      <mem type="allocate" free="779296" total="1048576" percent="74" />
      <mem type="survivor" free="0" total="1048576" percent="0" />
    </mem>
    <mem type="tenure" free="5381040" total="6291456" percent="85">
      <mem type="soa" free="5066672" total="5977088" percent="84" />
      <mem type="loa" free="314368" total="314368" percent="100" />
    </mem>
    <pending-finalizers system="1" default="0" reference="14" classloader="0" />
    <remembered-set count="179" />
  </mem-info>
</gc-end>
<cycle-end id="58" type="scavenge" contextid="52" timestamp="2019-06-15T22:17:56.639" />
  <attribute name="elasticGC enabled" value="1" />
  <attribute name= "numThreadsSpecified" value="4" />
  <attribute name="heapSize specified" value="0" />
  <attribute name="Current GC Util" value="0" />
  <attribute name= "Current Time Running" value="3279" />
  <attribute name ="GC Interval" value="200" />
  <attribute name="ProportionalT" value="-30.000000" />
  <attribute name="ProportionalI" value="-30.000000" />
  <attribute name="ProportionalH" value="-30.000000" />
  <attribute name="Current Error" value="-20.000000" />
  <attribute name="IntegralT" value="-62402.000000" />
  <attribute name="IntegralI" value="-62402.000000" />
  <attribute name="IntegralH" value="-62402.000000" />
  <attribute name="DerivativeT" value="-0.007877" />
  <attribute name="DerivativeI" value="-0.007877" />
  <attribute name="DerivativeH" value="-0.007877" />
  <attribute name="Loop Time for DT" value="2539.000000" />
  <attribute name="Output H" value="2092630016"/>
  <attribute name="Output I" value="200"/>
  <attribute name="Output T" value="4"/>
  <attribute name="Target GC Util Change" value ="20.000000" />
  <attribute name="Current GC Util Change" value="0.000000"/>
  <attribute name="GC Util currently" value="0" />
  <attribute name="CPU Util currently" value="7" />
<allocation-satisfied id="59" threadId="0000000000D60700" bytesRequested="2056" />
<af-end id="60" timestamp="2019-06-15T22:17:56.640" threadId="0000000000D61088" success="true" from="nursery"/>
<exclusive-end id="61" timestamp="2019-06-15T22:17:56.641" durationms="11.162" />

<exclusive-start id="62" timestamp="2019-06-15T22:18:00.801" intervalms="4171.893">
  <response-info timems="0.166" idlems="0.166" threads="0" lastid="0000000000D60700" lastname="main" />
</exclusive-start>
<af-start id="63" threadId="0000000000D61088" totalBytesRequested="2056" timestamp="2019-06-15T22:18:00.802" intervalms="4171.682" type="nursery" />
<cycle-start id="64" type="scavenge" contextid="0" timestamp="2019-06-15T22:18:00.802" intervalms="4171.457" />
<gc-start id="65" type="scavenge" contextid="64" timestamp="2019-06-15T22:18:00.803">
  <mem-info id="66" free="5381040" total="8388608" percent="64">
    <mem type="nursery" free="0" total="2097152" percent="0">
      <mem type="allocate" free="0" total="1048576" percent="0" />
      <mem type="survivor" free="0" total="1048576" percent="0" />
    </mem>
    <mem type="tenure" free="5381040" total="6291456" percent="85">
      <mem type="soa" free="5066672" total="5977088" percent="84" />
      <mem type="loa" free="314368" total="314368" percent="100" />
    </mem>
    <remembered-set count="181" />
  </mem-info>
</gc-start>
<allocation-stats totalBytes="770552" >
  <allocated-bytes non-tlh="2056" tlh="768496" />
  <largest-consumer threadName="main" threadId="0000000000D60700" bytes="770552" />
</allocation-stats>
<gc-op id="67" type="scavenge" timems="1.183" contextid="64" timestamp="2019-06-15T22:18:00.804">
  <scavenger-info tenureage="3" tenuremask="fff8" tiltratio="50" />
  <memory-copied type="nursery" objects="387" bytes="82768" bytesdiscarded="20080" />
  <memory-copied type="tenure" objects="30" bytes="2160" bytesdiscarded="0" />
  <finalization candidates="2" enqueued="0" />
  <references type="soft" candidates="1" cleared="0" enqueued="0" dynamicThreshold="32" maxThreshold="32" />
  <references type="weak" candidates="1" cleared="0" enqueued="0" />
  <references type="phantom" candidates="5" cleared="0" enqueued="0" />
</gc-op>
<gc-end id="68" type="scavenge" contextid="64" durationms="2.203" usertimems="0.000" systemtimems="0.000" timestamp="2019-06-15T22:18:00.805" activeThreads="4">
  <mem-info id="69" free="6457760" total="8388608" percent="76">
    <mem type="nursery" free="1076720" total="2097152" percent="51">
      <mem type="allocate" free="1076720" total="1179648" percent="91" />
      <mem type="survivor" free="0" total="917504" percent="0" />
    </mem>
    <mem type="tenure" free="5381040" total="6291456" percent="85">
      <mem type="soa" free="5066672" total="5977088" percent="84" />
      <mem type="loa" free="314368" total="314368" percent="100" />
    </mem>
    <remembered-set count="100" />
  </mem-info>
</gc-end>
<cycle-end id="70" type="scavenge" contextid="64" timestamp="2019-06-15T22:18:00.805" />
  <attribute name="elasticGC enabled" value="1" />
  <attribute name= "numThreadsSpecified" value="4" />
  <attribute name="heapSize specified" value="0" />
  <attribute name="Current GC Util" value="0" />
  <attribute name= "Current Time Running" value="7450" />
  <attribute name ="GC Interval" value="200" />
  <attribute name="ProportionalT" value="-30.000000" />
  <attribute name="ProportionalI" value="-30.000000" />
  <attribute name="ProportionalH" value="-30.000000" />
  <attribute name="Current Error" value="-20.000000" />
  <attribute name="IntegralT" value="-145822.000000" />
  <attribute name="IntegralI" value="-145822.000000" />
  <attribute name="IntegralH" value="-145822.000000" />
  <attribute name="DerivativeT" value="-0.004795" />
  <attribute name="DerivativeI" value="-0.004795" />
  <attribute name="DerivativeH" value="-0.004795" />
  <attribute name="Loop Time for DT" value="4171.000000" />
  <attribute name="Output H" value="2092630016"/>
  <attribute name="Output I" value="200"/>
  <attribute name="Output T" value="4"/>
  <attribute name="Target GC Util Change" value ="20.000000" />
  <attribute name="Current GC Util Change" value="0.000000"/>
  <attribute name="GC Util currently" value="0" />
  <attribute name="CPU Util currently" value="2" />
<allocation-satisfied id="71" threadId="0000000000D60700" bytesRequested="2056" />
<af-end id="72" timestamp="2019-06-15T22:18:00.806" threadId="0000000000D61088" success="true" from="nursery"/>
<exclusive-end id="73" timestamp="2019-06-15T22:18:00.806" durationms="4.654" />

<exclusive-start id="74" timestamp="2019-06-15T22:18:05.153" intervalms="4351.521">
  <response-info timems="0.184" idlems="0.184" threads="0" lastid="0000000000D60700" lastname="main" />
</exclusive-start>
<af-start id="75" threadId="0000000000D61088" totalBytesRequested="2056" timestamp="2019-06-15T22:18:05.153" intervalms="4351.616" type="nursery" />
<cycle-start id="76" type="scavenge" contextid="0" timestamp="2019-06-15T22:18:05.154" intervalms="4351.792" />
<gc-start id="77" type="scavenge" contextid="76" timestamp="2019-06-15T22:18:05.155">
  <mem-info id="78" free="5381040" total="8388608" percent="64">
    <mem type="nursery" free="0" total="2097152" percent="0">
      <mem type="allocate" free="0" total="1179648" percent="0" />
      <mem type="survivor" free="0" total="917504" percent="0" />
    </mem>
    <mem type="tenure" free="5381040" total="6291456" percent="85">
      <mem type="soa" free="5066672" total="5977088" percent="84" />
      <mem type="loa" free="314368" total="314368" percent="100" />
    </mem>
    <remembered-set count="100" />
  </mem-info>
</gc-start>
<allocation-stats totalBytes="1072400" >
  <allocated-bytes non-tlh="2056" tlh="1070344" />
  <largest-consumer threadName="main" threadId="0000000000D60700" bytes="1072400" />
</allocation-stats>
<gc-op id="79" type="scavenge" timems="3.952" contextid="76" timestamp="2019-06-15T22:18:05.159">
  <scavenger-info tenureage="4" tenuremask="fff0" tiltratio="56" />
  <memory-copied type="nursery" objects="387" bytes="82736" bytesdiscarded="51080" />
  <finalization candidates="2" enqueued="0" />
  <references type="soft" candidates="1" cleared="0" enqueued="0" dynamicThreshold="32" maxThreshold="32" />
  <references type="weak" candidates="1" cleared="0" enqueued="0" />
  <references type="phantom" candidates="5" cleared="0" enqueued="0" />
</gc-op>
<gc-end id="80" type="scavenge" contextid="76" durationms="5.448" usertimems="4.000" systemtimems="4.000" timestamp="2019-06-15T22:18:05.160" activeThreads="4">
  <mem-info id="81" free="6557864" total="8388608" percent="78">
    <mem type="nursery" free="1176824" total="2097152" percent="56">
      <mem type="allocate" free="1176824" total="1310720" percent="89" />
      <mem type="survivor" free="0" total="786432" percent="0" />
    </mem>
    <mem type="tenure" free="5381040" total="6291456" percent="85">
      <mem type="soa" free="5066672" total="5977088" percent="84" />
      <mem type="loa" free="314368" total="314368" percent="100" />
    </mem>
    <remembered-set count="88" />
  </mem-info>
</gc-end>
<cycle-end id="82" type="scavenge" contextid="76" timestamp="2019-06-15T22:18:05.161" />
  <attribute name="elasticGC enabled" value="1" />
  <attribute name= "numThreadsSpecified" value="4" />
  <attribute name="heapSize specified" value="0" />
  <attribute name="Current GC Util" value="0" />
  <attribute name= "Current Time Running" value="11802" />
  <attribute name ="GC Interval" value="200" />
  <attribute name="ProportionalT" value="-30.000000" />
  <attribute name="ProportionalI" value="-30.000000" />
  <attribute name="ProportionalH" value="-30.000000" />
  <attribute name="Current Error" value="-20.000000" />
  <attribute name="IntegralT" value="-87040.000000" />
  <attribute name="IntegralI" value="-87040.000000" />
  <attribute name="IntegralH" value="-87040.000000" />
  <attribute name="DerivativeT" value="-0.004596" />
  <attribute name="DerivativeI" value="-0.004596" />
  <attribute name="DerivativeH" value="-0.004596" />
  <attribute name="Loop Time for DT" value="4352.000000" />
  <attribute name="Output H" value="2092630016"/>
  <attribute name="Output I" value="200"/>
  <attribute name="Output T" value="4"/>
  <attribute name="Target GC Util Change" value ="20.000000" />
  <attribute name="Current GC Util Change" value="0.000000"/>
  <attribute name="GC Util currently" value="0" />
  <attribute name="CPU Util currently" value="3" />
<allocation-satisfied id="83" threadId="0000000000D60700" bytesRequested="2056" />
<af-end id="84" timestamp="2019-06-15T22:18:05.161" threadId="0000000000D61088" success="true" from="nursery"/>
<exclusive-end id="85" timestamp="2019-06-15T22:18:05.162" durationms="8.897" />

<exclusive-start id="86" timestamp="2019-06-15T22:18:11.091" intervalms="5937.920">
  <response-info timems="0.164" idlems="0.164" threads="0" lastid="0000000000D60700" lastname="main" />
</exclusive-start>
<af-start id="87" threadId="0000000000D61088" totalBytesRequested="2056" timestamp="2019-06-15T22:18:11.091" intervalms="5937.928" type="nursery" />
<cycle-start id="88" type="scavenge" contextid="0" timestamp="2019-06-15T22:18:11.092" intervalms="5937.892" />
<gc-start id="89" type="scavenge" contextid="88" timestamp="2019-06-15T22:18:11.092">
  <mem-info id="90" free="5381040" total="8388608" percent="64">
    <mem type="nursery" free="0" total="2097152" percent="0">
      <mem type="allocate" free="0" total="1310720" percent="0" />
      <mem type="survivor" free="0" total="786432" percent="0" />
    </mem>
    <mem type="tenure" free="5381040" total="6291456" percent="85">
      <mem type="soa" free="5066672" total="5977088" percent="84" />
      <mem type="loa" free="314368" total="314368" percent="100" />
    </mem>
    <remembered-set count="88" />
  </mem-info>
</gc-start>
<allocation-stats totalBytes="1168848" >
  <allocated-bytes non-tlh="2056" tlh="1166792" />
  <largest-consumer threadName="main" threadId="0000000000D60700" bytes="1168848" />
</allocation-stats>
<gc-op id="91" type="scavenge" timems="2.025" contextid="88" timestamp="2019-06-15T22:18:11.095">
  <scavenger-info tenureage="3" tenuremask="fff8" tiltratio="62" />
  <memory-copied type="nursery" objects="14" bytes="2552" bytesdiscarded="75768" />
  <memory-copied type="tenure" objects="374" bytes="82216" bytesdiscarded="16" />
  <finalization candidates="2" enqueued="0" />
  <references type="phantom" candidates="1" cleared="0" enqueued="0" />
</gc-op>
<gc-end id="92" type="scavenge" contextid="88" durationms="4.076" usertimems="4.000" systemtimems="4.000" timestamp="2019-06-15T22:18:11.096" activeThreads="4">
  <mem-info id="93" free="6705328" total="8388608" percent="79">
    <mem type="nursery" free="1363456" total="2097152" percent="65">
      <mem type="allocate" free="1363456" total="1441792" percent="94" />
      <mem type="survivor" free="0" total="655360" percent="0" />
    </mem>
    <mem type="tenure" free="5341872" total="6291456" percent="84" macro-fragmented="3732887">
      <mem type="soa" free="5027504" total="5977088" percent="84" />
      <mem type="loa" free="314368" total="314368" percent="100" />
    </mem>
    <remembered-set count="62" />
  </mem-info>
</gc-end>
<cycle-end id="94" type="scavenge" contextid="88" timestamp="2019-06-15T22:18:11.097" />
  <attribute name="elasticGC enabled" value="1" />
  <attribute name= "numThreadsSpecified" value="4" />
  <attribute name="heapSize specified" value="0" />
  <attribute name="Current GC Util" value="0" />
  <attribute name= "Current Time Running" value="17740" />
  <attribute name ="GC Interval" value="200" />
  <attribute name="ProportionalT" value="-30.000000" />
  <attribute name="ProportionalI" value="-30.000000" />
  <attribute name="ProportionalH" value="-30.000000" />
  <attribute name="Current Error" value="-20.000000" />
  <attribute name="IntegralT" value="-118760.000000" />
  <attribute name="IntegralI" value="-118760.000000" />
  <attribute name="IntegralH" value="-118760.000000" />
  <attribute name="DerivativeT" value="-0.003368" />
  <attribute name="DerivativeI" value="-0.003368" />
  <attribute name="DerivativeH" value="-0.003368" />
  <attribute name="Loop Time for DT" value="5938.000000" />
  <attribute name="Output H" value="2092630016"/>
  <attribute name="Output I" value="200"/>
  <attribute name="Output T" value="4"/>
  <attribute name="Target GC Util Change" value ="20.000000" />
  <attribute name="Current GC Util Change" value="0.000000"/>
  <attribute name="GC Util currently" value="0" />
  <attribute name="CPU Util currently" value="1" />
<allocation-satisfied id="95" threadId="0000000000D60700" bytesRequested="2056" />
<af-end id="96" timestamp="2019-06-15T22:18:11.098" threadId="0000000000D61088" success="true" from="nursery"/>
<exclusive-end id="97" timestamp="2019-06-15T22:18:11.098" durationms="6.910" />

<exclusive-start id="98" timestamp="2019-06-15T22:18:16.597" intervalms="5506.095">
  <response-info timems="0.183" idlems="0.183" threads="0" lastid="0000000000D60700" lastname="main" />
</exclusive-start>
<af-start id="99" threadId="0000000000D61088" totalBytesRequested="2056" timestamp="2019-06-15T22:18:16.598" intervalms="5506.230" type="nursery" />
<cycle-start id="100" type="scavenge" contextid="0" timestamp="2019-06-15T22:18:16.598" intervalms="5506.361" />
<gc-start id="101" type="scavenge" contextid="100" timestamp="2019-06-15T22:18:16.599">
  <mem-info id="102" free="5341872" total="8388608" percent="63">
    <mem type="nursery" free="0" total="2097152" percent="0">
      <mem type="allocate" free="0" total="1441792" percent="0" />
      <mem type="survivor" free="0" total="655360" percent="0" />
    </mem>
    <mem type="tenure" free="5341872" total="6291456" percent="84">
      <mem type="soa" free="5027504" total="5977088" percent="84" />
      <mem type="loa" free="314368" total="314368" percent="100" />
    </mem>
    <remembered-set count="62" />
  </mem-info>
</gc-start>
<allocation-stats totalBytes="1354024" >
  <allocated-bytes non-tlh="2056" tlh="1351968" />
  <largest-consumer threadName="main" threadId="0000000000D60700" bytes="1354024" />
</allocation-stats>
<gc-op id="103" type="scavenge" timems="2.005" contextid="100" timestamp="2019-06-15T22:18:16.602">
  <scavenger-info tenureage="3" tenuremask="ffc8" tiltratio="68" />
  <memory-copied type="nursery" objects="13" bytes="592" bytesdiscarded="77728" />
  <references type="phantom" candidates="1" cleared="0" enqueued="0" />
</gc-op>
<gc-end id="104" type="scavenge" contextid="100" durationms="3.947" usertimems="4.000" systemtimems="0.000" timestamp="2019-06-15T22:18:16.603" activeThreads="4">
  <mem-info id="105" free="6836400" total="8388608" percent="81">
    <mem type="nursery" free="1494528" total="2097152" percent="71">
      <mem type="allocate" free="1494528" total="1572864" percent="95" />
      <mem type="survivor" free="0" total="524288" percent="0" />
    </mem>
    <mem type="tenure" free="5341872" total="6291456" percent="84" macro-fragmented="2592282">
      <mem type="soa" free="5027504" total="5977088" percent="84" />
      <mem type="loa" free="314368" total="314368" percent="100" />
    </mem>
    <remembered-set count="62" />
  </mem-info>
</gc-end>
<cycle-end id="106" type="scavenge" contextid="100" timestamp="2019-06-15T22:18:16.603" />
  <attribute name="elasticGC enabled" value="1" />
  <attribute name= "numThreadsSpecified" value="4" />
  <attribute name="heapSize specified" value="0" />
  <attribute name="Current GC Util" value="0" />
  <attribute name= "Current Time Running" value="23247" />
  <attribute name ="GC Interval" value="200" />
  <attribute name="ProportionalT" value="-30.000000" />
  <attribute name="ProportionalI" value="-30.000000" />
  <attribute name="ProportionalH" value="-30.000000" />
  <attribute name="Current Error" value="-20.000000" />
  <attribute name="IntegralT" value="-110140.000000" />
  <attribute name="IntegralI" value="-110140.000000" />
  <attribute name="IntegralH" value="-110140.000000" />
  <attribute name="DerivativeT" value="-0.003632" />
  <attribute name="DerivativeI" value="-0.003632" />
  <attribute name="DerivativeH" value="-0.003632" />
  <attribute name="Loop Time for DT" value="5507.000000" />
  <attribute name="Output H" value="2092630016"/>
  <attribute name="Output I" value="200"/>
  <attribute name="Output T" value="4"/>
  <attribute name="Target GC Util Change" value ="20.000000" />
  <attribute name="Current GC Util Change" value="0.000000"/>
  <attribute name="GC Util currently" value="0" />
  <attribute name="CPU Util currently" value="1" />
<allocation-satisfied id="107" threadId="0000000000D60700" bytesRequested="2056" />
<af-end id="108" timestamp="2019-06-15T22:18:16.605" threadId="0000000000D61088" success="true" from="nursery"/>
<exclusive-end id="109" timestamp="2019-06-15T22:18:16.606" durationms="8.734" />

<exclusive-start id="110" timestamp="2019-06-15T22:18:23.873" intervalms="7276.132">
  <response-info timems="0.176" idlems="0.176" threads="0" lastid="0000000000D60700" lastname="main" />
</exclusive-start>
<af-start id="111" threadId="0000000000D61088" totalBytesRequested="2056" timestamp="2019-06-15T22:18:23.874" intervalms="7276.095" type="nursery" />
<cycle-start id="112" type="scavenge" contextid="0" timestamp="2019-06-15T22:18:23.874" intervalms="7276.059" />
<gc-start id="113" type="scavenge" contextid="112" timestamp="2019-06-15T22:18:23.875">
  <mem-info id="114" free="5341872" total="8388608" percent="63">
    <mem type="nursery" free="0" total="2097152" percent="0">
      <mem type="allocate" free="0" total="1572864" percent="0" />
      <mem type="survivor" free="0" total="524288" percent="0" />
    </mem>
    <mem type="tenure" free="5341872" total="6291456" percent="84">
      <mem type="soa" free="5027504" total="5977088" percent="84" />
      <mem type="loa" free="314368" total="314368" percent="100" />
    </mem>
    <remembered-set count="62" />
  </mem-info>
</gc-start>
<allocation-stats totalBytes="1487784" >
  <allocated-bytes non-tlh="2056" tlh="1485728" />
  <largest-consumer threadName="main" threadId="0000000000D60700" bytes="1487784" />
</allocation-stats>
<gc-op id="115" type="scavenge" timems="1.098" contextid="112" timestamp="2019-06-15T22:18:23.877">
  <scavenger-info tenureage="3" tenuremask="fff8" tiltratio="75" />
  <memory-copied type="nursery" objects="13" bytes="496" bytesdiscarded="38656" />
  <references type="phantom" candidates="1" cleared="0" enqueued="0" />
</gc-op>
<gc-end id="116" type="scavenge" contextid="112" durationms="2.860" usertimems="4.000" systemtimems="0.000" timestamp="2019-06-15T22:18:23.878" activeThreads="4">
  <mem-info id="117" free="6941104" total="8388608" percent="82">
    <mem type="nursery" free="1599232" total="2097152" percent="76">
      <mem type="allocate" free="1599232" total="1638400" percent="97" />
      <mem type="survivor" free="0" total="458752" percent="0" />
    </mem>
    <mem type="tenure" free="5341872" total="6291456" percent="84" macro-fragmented="4479464">
      <mem type="soa" free="5027504" total="5977088" percent="84" />
      <mem type="loa" free="314368" total="314368" percent="100" />
    </mem>
    <remembered-set count="62" />
  </mem-info>
</gc-end>
<cycle-end id="118" type="scavenge" contextid="112" timestamp="2019-06-15T22:18:23.878" />
  <attribute name="elasticGC enabled" value="1" />
  <attribute name= "numThreadsSpecified" value="4" />
  <attribute name="heapSize specified" value="0" />
  <attribute name="Current GC Util" value="0" />
  <attribute name= "Current Time Running" value="30523" />
  <attribute name ="GC Interval" value="200" />
  <attribute name="ProportionalT" value="-30.000000" />
  <attribute name="ProportionalI" value="-30.000000" />
  <attribute name="ProportionalH" value="-30.000000" />
  <attribute name="Current Error" value="-20.000000" />
  <attribute name="IntegralT" value="-145520.000000" />
  <attribute name="IntegralI" value="-145520.000000" />
  <attribute name="IntegralH" value="-145520.000000" />
  <attribute name="DerivativeT" value="-0.002749" />
  <attribute name="DerivativeI" value="-0.002749" />
  <attribute name="DerivativeH" value="-0.002749" />
  <attribute name="Loop Time for DT" value="7276.000000" />
  <attribute name="Output H" value="2092630016"/>
  <attribute name="Output I" value="200"/>
  <attribute name="Output T" value="4"/>
  <attribute name="Target GC Util Change" value ="20.000000" />
  <attribute name="Current GC Util Change" value="0.000000"/>
  <attribute name="GC Util currently" value="0" />
  <attribute name="CPU Util currently" value="1" />
<allocation-satisfied id="119" threadId="0000000000D60700" bytesRequested="2056" />
<af-end id="120" timestamp="2019-06-15T22:18:23.880" threadId="0000000000D61088" success="true" from="nursery"/>
<exclusive-end id="121" timestamp="2019-06-15T22:18:23.880" durationms="7.010" />

<exclusive-start id="122" timestamp="2019-06-15T22:18:29.292" intervalms="5419.126">
  <response-info timems="0.176" idlems="0.176" threads="0" lastid="0000000000D60700" lastname="main" />
</exclusive-start>
<af-start id="123" threadId="0000000000D61088" totalBytesRequested="2056" timestamp="2019-06-15T22:18:29.293" intervalms="5418.993" type="nursery" />
<cycle-start id="124" type="scavenge" contextid="0" timestamp="2019-06-15T22:18:29.293" intervalms="5418.937" />
<gc-start id="125" type="scavenge" contextid="124" timestamp="2019-06-15T22:18:29.294">
  <mem-info id="126" free="5341872" total="8388608" percent="63">
    <mem type="nursery" free="0" total="2097152" percent="0">
      <mem type="allocate" free="0" total="1638400" percent="0" />
      <mem type="survivor" free="0" total="458752" percent="0" />
    </mem>
    <mem type="tenure" free="5341872" total="6291456" percent="84">
      <mem type="soa" free="5027504" total="5977088" percent="84" />
      <mem type="loa" free="314368" total="314368" percent="100" />
    </mem>
    <remembered-set count="62" />
  </mem-info>
</gc-start>
<allocation-stats totalBytes="1584200" >
  <allocated-bytes non-tlh="2056" tlh="1582144" />
  <largest-consumer threadName="main" threadId="0000000000D60700" bytes="1584200" />
</allocation-stats>
<gc-op id="127" type="scavenge" timems="0.954" contextid="124" timestamp="2019-06-15T22:18:29.295">
  <scavenger-info tenureage="3" tenuremask="fff8" tiltratio="78" />
  <memory-copied type="nursery" objects="13" bytes="504" bytesdiscarded="38648" />
  <references type="phantom" candidates="1" cleared="0" enqueued="0" />
</gc-op>
<gc-end id="128" type="scavenge" contextid="124" durationms="2.171" usertimems="0.000" systemtimems="4.000" timestamp="2019-06-15T22:18:29.296" activeThreads="4">
  <mem-info id="129" free="7072176" total="8388608" percent="84">
    <mem type="nursery" free="1730304" total="2097152" percent="82">
      <mem type="allocate" free="1730304" total="1769472" percent="97" />
      <mem type="survivor" free="0" total="327680" percent="0" />
    </mem>
    <mem type="tenure" free="5341872" total="6291456" percent="84" macro-fragmented="3732887">
      <mem type="soa" free="5027504" total="5977088" percent="84" />
      <mem type="loa" free="314368" total="314368" percent="100" />
    </mem>
    <remembered-set count="62" />
  </mem-info>
</gc-end>
<cycle-end id="130" type="scavenge" contextid="124" timestamp="2019-06-15T22:18:29.296" />
  <attribute name="elasticGC enabled" value="1" />
  <attribute name= "numThreadsSpecified" value="4" />
  <attribute name="heapSize specified" value="0" />
  <attribute name="Current GC Util" value="0" />
  <attribute name= "Current Time Running" value="35941" />
  <attribute name ="GC Interval" value="200" />
  <attribute name="ProportionalT" value="-30.000000" />
  <attribute name="ProportionalI" value="-30.000000" />
  <attribute name="ProportionalH" value="-30.000000" />
  <attribute name="Current Error" value="-20.000000" />
  <attribute name="IntegralT" value="-108360.000000" />
  <attribute name="IntegralI" value="-108360.000000" />
  <attribute name="IntegralH" value="-108360.000000" />
  <attribute name="DerivativeT" value="-0.003691" />
  <attribute name="DerivativeI" value="-0.003691" />
  <attribute name="DerivativeH" value="-0.003691" />
  <attribute name="Loop Time for DT" value="5418.000000" />
  <attribute name="Output H" value="2092630016"/>
  <attribute name="Output I" value="200"/>
  <attribute name="Output T" value="4"/>
  <attribute name="Target GC Util Change" value ="20.000000" />
  <attribute name="Current GC Util Change" value="0.000000"/>
  <attribute name="GC Util currently" value="0" />
  <attribute name="CPU Util currently" value="1" />
<allocation-satisfied id="131" threadId="0000000000D60700" bytesRequested="2056" />
<af-end id="132" timestamp="2019-06-15T22:18:29.297" threadId="0000000000D61088" success="true" from="nursery"/>
<exclusive-end id="133" timestamp="2019-06-15T22:18:29.297" durationms="5.097" />

<exclusive-start id="134" timestamp="2019-06-15T22:18:33.544" intervalms="4252.004">
  <response-info timems="0.020" idlems="0.020" threads="0" lastid="0000000000D60700" lastname="main" />
</exclusive-start>
<af-start id="135" threadId="0000000000D61088" totalBytesRequested="25848" timestamp="2019-06-15T22:18:33.544" intervalms="4251.620" type="nursery" />
<cycle-start id="136" type="scavenge" contextid="0" timestamp="2019-06-15T22:18:33.544" intervalms="4251.162" />
<gc-start id="137" type="scavenge" contextid="136" timestamp="2019-06-15T22:18:33.544">
  <mem-info id="138" free="5341400" total="8388608" percent="63">
    <mem type="nursery" free="0" total="2097152" percent="0">
      <mem type="allocate" free="0" total="1769472" percent="0" />
      <mem type="survivor" free="0" total="327680" percent="0" />
    </mem>
    <mem type="tenure" free="5341400" total="6291456" percent="84">
      <mem type="soa" free="5027032" total="5977088" percent="84" />
      <mem type="loa" free="314368" total="314368" percent="100" />
    </mem>
    <remembered-set count="87" />
  </mem-info>
</gc-start>
<allocation-stats totalBytes="1698704" >
  <allocated-bytes non-tlh="385688" tlh="1313016" />
  <largest-consumer threadName="main" threadId="0000000000D60700" bytes="1698704" />
</allocation-stats>
<gc-op id="139" type="scavenge" timems="0.372" contextid="136" timestamp="2019-06-15T22:18:33.545">
  <scavenger-info tenureage="3" tenuremask="fff8" tiltratio="84" />
  <memory-copied type="nursery" objects="368" bytes="285376" bytesdiscarded="42296" />
  <memory-copied type="tenure" objects="1" bytes="314600" bytesdiscarded="0" />
  <copy-failed type="nursery" objects="1" bytes="314600" />
  <references type="soft" candidates="1" cleared="0" enqueued="0" dynamicThreshold="32" maxThreshold="32" />
  <references type="weak" candidates="1" cleared="1" enqueued="1" />
  <references type="phantom" candidates="22" cleared="1" enqueued="1" />
</gc-op>
<gc-end id="140" type="scavenge" contextid="136" durationms="0.663" usertimems="0.000" systemtimems="0.000" timestamp="2019-06-15T22:18:33.545" activeThreads="4">
  <mem-info id="141" free="5747696" total="8388608" percent="68">
    <mem type="nursery" free="720896" total="2097152" percent="34">
      <mem type="allocate" free="720896" total="1048576" percent="68" />
      <mem type="survivor" free="0" total="1048576" percent="0" />
    </mem>
    <mem type="tenure" free="5026800" total="6291456" percent="79" macro-fragmented="3110739">
      <mem type="soa" free="4712432" total="5977088" percent="78" />
      <mem type="loa" free="314368" total="314368" percent="100" />
    </mem>
    <pending-finalizers system="0" default="0" reference="2" classloader="0" />
    <remembered-set count="86" />
  </mem-info>
</gc-end>
<cycle-end id="142" type="scavenge" contextid="136" timestamp="2019-06-15T22:18:33.545" />
  <attribute name="elasticGC enabled" value="1" />
  <attribute name= "numThreadsSpecified" value="4" />
  <attribute name="heapSize specified" value="0" />
  <attribute name="Current GC Util" value="0" />
  <attribute name= "Current Time Running" value="40192" />
  <attribute name ="GC Interval" value="200" />
  <attribute name="ProportionalT" value="-30.000000" />
  <attribute name="ProportionalI" value="-30.000000" />
  <attribute name="ProportionalH" value="-30.000000" />
  <attribute name="Current Error" value="-20.000000" />
  <attribute name="IntegralT" value="-85020.000000" />
  <attribute name="IntegralI" value="-85020.000000" />
  <attribute name="IntegralH" value="-85020.000000" />
  <attribute name="DerivativeT" value="-0.004705" />
  <attribute name="DerivativeI" value="-0.004705" />
  <attribute name="DerivativeH" value="-0.004705" />
  <attribute name="Loop Time for DT" value="4251.000000" />
  <attribute name="Output H" value="2092630016"/>
  <attribute name="Output I" value="200"/>
  <attribute name="Output T" value="4"/>
  <attribute name="Target GC Util Change" value ="20.000000" />
  <attribute name="Current GC Util Change" value="0.000000"/>
  <attribute name="GC Util currently" value="0" />
  <attribute name="CPU Util currently" value="1" />
<allocation-satisfied id="143" threadId="0000000000D60700" bytesRequested="25848" />
<af-end id="144" timestamp="2019-06-15T22:18:33.545" threadId="0000000000D61088" success="true" from="nursery"/>
<exclusive-end id="145" timestamp="2019-06-15T22:18:33.546" durationms="1.305" />

<exclusive-start id="146" timestamp="2019-06-15T22:18:33.556" intervalms="11.668">
  <response-info timems="0.051" idlems="0.051" threads="0" lastid="0000000000D60700" lastname="main" />
</exclusive-start>
<af-start id="147" threadId="0000000000D61088" totalBytesRequested="31768" timestamp="2019-06-15T22:18:33.556" intervalms="11.688" type="nursery" />
<cycle-start id="148" type="scavenge" contextid="0" timestamp="2019-06-15T22:18:33.556" intervalms="11.748" />
<gc-start id="149" type="scavenge" contextid="148" timestamp="2019-06-15T22:18:33.556">
  <mem-info id="150" free="5025504" total="8388608" percent="59">
    <mem type="nursery" free="0" total="2097152" percent="0">
      <mem type="allocate" free="0" total="1048576" percent="0" />
      <mem type="survivor" free="0" total="1048576" percent="0" />
    </mem>
    <mem type="tenure" free="5025504" total="6291456" percent="79">
      <mem type="soa" free="4711136" total="5977088" percent="78" />
      <mem type="loa" free="314368" total="314368" percent="100" />
    </mem>
    <remembered-set count="106" />
  </mem-info>
</gc-start>
<allocation-stats totalBytes="687056" >
  <allocated-bytes non-tlh="287360" tlh="399696" />
  <largest-consumer threadName="main" threadId="0000000000D60700" bytes="682960" />
</allocation-stats>
<gc-op id="151" type="scavenge" timems="0.280" contextid="148" timestamp="2019-06-15T22:18:33.557">
  <scavenger-info tenureage="3" tenuremask="fff8" tiltratio="50" />
  <memory-copied type="nursery" objects="476" bytes="375088" bytesdiscarded="75128" />
  <references type="soft" candidates="1" cleared="0" enqueued="0" dynamicThreshold="32" maxThreshold="32" />
  <references type="weak" candidates="6" cleared="5" enqueued="5" />
  <references type="phantom" candidates="29" cleared="0" enqueued="0" />
</gc-op>
<gc-end id="152" type="scavenge" contextid="148" durationms="0.569" usertimems="0.000" systemtimems="0.000" timestamp="2019-06-15T22:18:33.557" activeThreads="4">
  <mem-info id="153" free="5623856" total="8388608" percent="67">
    <mem type="nursery" free="598352" total="2097152" percent="28">
      <mem type="allocate" free="598352" total="1048576" percent="57" />
      <mem type="survivor" free="0" total="1048576" percent="0" />
    </mem>
    <mem type="tenure" free="5025504" total="6291456" percent="79" macro-fragmented="3732887">
      <mem type="soa" free="4711136" total="5977088" percent="78" />
      <mem type="loa" free="314368" total="314368" percent="100" />
    </mem>
    <pending-finalizers system="0" default="0" reference="5" classloader="0" />
    <remembered-set count="104" />
  </mem-info>
</gc-end>
<cycle-end id="154" type="scavenge" contextid="148" timestamp="2019-06-15T22:18:33.557" />
  <attribute name="elasticGC enabled" value="1" />
  <attribute name= "numThreadsSpecified" value="4" />
  <attribute name="heapSize specified" value="0" />
  <attribute name="Current GC Util" value="7" />
  <attribute name= "Current Time Running" value="40203" />
  <attribute name ="GC Interval" value="200" />
  <attribute name="ProportionalT" value="-19.500000" />
  <attribute name="ProportionalI" value="-19.500000" />
  <attribute name="ProportionalH" value="-19.500000" />
  <attribute name="Current Error" value="-13.000000" />
  <attribute name="IntegralT" value="-143.000000" />
  <attribute name="IntegralI" value="-143.000000" />
  <attribute name="IntegralH" value="-143.000000" />
  <attribute name="DerivativeT" value="-1.181818" />
  <attribute name="DerivativeI" value="-1.181818" />
  <attribute name="DerivativeH" value="-1.181818" />
  <attribute name="Loop Time for DT" value="11.000000" />
  <attribute name="Output H" value="2092630016"/>
  <attribute name="Output I" value="200"/>
  <attribute name="Output T" value="4"/>
  <attribute name="Target GC Util Change" value ="20.000000" />
  <attribute name="Current GC Util Change" value="7.000000"/>
  <attribute name="GC Util currently" value="7" />
  <attribute name="CPU Util currently" value="390653761657" />
<allocation-satisfied id="155" threadId="0000000000D60700" bytesRequested="31768" />
<af-end id="156" timestamp="2019-06-15T22:18:33.557" threadId="0000000000D61088" success="true" from="nursery"/>
<exclusive-end id="157" timestamp="2019-06-15T22:18:33.557" durationms="1.298" />

<exclusive-start id="158" timestamp="2019-06-15T22:18:33.565" intervalms="9.065">
  <response-info timems="0.056" idlems="0.056" threads="0" lastid="0000000000D60700" lastname="main" />
</exclusive-start>
<af-start id="159" threadId="0000000000D61088" totalBytesRequested="25488" timestamp="2019-06-15T22:18:33.565" intervalms="9.096" type="nursery" />
<cycle-start id="160" type="scavenge" contextid="0" timestamp="2019-06-15T22:18:33.565" intervalms="9.054" />
<gc-start id="161" type="scavenge" contextid="160" timestamp="2019-06-15T22:18:33.565">
  <mem-info id="162" free="5020248" total="8388608" percent="59">
    <mem type="nursery" free="0" total="2097152" percent="0">
      <mem type="allocate" free="0" total="1048576" percent="0" />
      <mem type="survivor" free="0" total="1048576" percent="0" />
    </mem>
    <mem type="tenure" free="5020248" total="6291456" percent="79">
      <mem type="soa" free="4705880" total="5977088" percent="78" />
      <mem type="loa" free="314368" total="314368" percent="100" />
    </mem>
    <remembered-set count="136" />
  </mem-info>
</gc-start>
<allocation-stats totalBytes="577536" >
  <allocated-bytes non-tlh="84208" tlh="493328" />
  <largest-consumer threadName="main" threadId="0000000000D60700" bytes="577536" />
</allocation-stats>
<gc-op id="163" type="scavenge" timems="0.293" contextid="160" timestamp="2019-06-15T22:18:33.566">
  <scavenger-info tenureage="3" tenuremask="fff8" tiltratio="50" />
  <memory-copied type="nursery" objects="530" bytes="356536" bytesdiscarded="79904" />
  <references type="soft" candidates="3" cleared="0" enqueued="0" dynamicThreshold="32" maxThreshold="32" />
  <references type="weak" candidates="11" cleared="10" enqueued="10" />
  <references type="phantom" candidates="29" cleared="0" enqueued="0" />
</gc-op>
<gc-end id="164" type="scavenge" contextid="160" durationms="0.697" usertimems="0.000" systemtimems="0.000" timestamp="2019-06-15T22:18:33.566" activeThreads="4">
  <mem-info id="165" free="5632376" total="8388608" percent="67">
    <mem type="nursery" free="612128" total="2097152" percent="29">
      <mem type="allocate" free="612128" total="1048576" percent="58" />
      <mem type="survivor" free="0" total="1048576" percent="0" />
    </mem>
    <mem type="tenure" free="5020248" total="6291456" percent="79" macro-fragmented="0">
      <mem type="soa" free="4705880" total="5977088" percent="78" />
      <mem type="loa" free="314368" total="314368" percent="100" />
    </mem>
    <pending-finalizers system="0" default="0" reference="10" classloader="0" />
    <remembered-set count="120" />
  </mem-info>
</gc-end>
<cycle-end id="166" type="scavenge" contextid="160" timestamp="2019-06-15T22:18:33.566" />
  <attribute name="elasticGC enabled" value="1" />
  <attribute name= "numThreadsSpecified" value="4" />
  <attribute name="heapSize specified" value="0" />
  <attribute name="Current GC Util" value="7" />
  <attribute name= "Current Time Running" value="40212" />
  <attribute name ="GC Interval" value="200" />
  <attribute name="ProportionalT" value="-19.500000" />
  <attribute name="ProportionalI" value="-19.500000" />
  <attribute name="ProportionalH" value="-19.500000" />
  <attribute name="Current Error" value="-13.000000" />
  <attribute name="IntegralT" value="-117.000000" />
  <attribute name="IntegralI" value="-117.000000" />
  <attribute name="IntegralH" value="-117.000000" />
  <attribute name="DerivativeT" value="-1.444444" />
  <attribute name="DerivativeI" value="-1.444444" />
  <attribute name="DerivativeH" value="-1.444444" />
  <attribute name="Loop Time for DT" value="9.000000" />
  <attribute name="Output H" value="2092630016"/>
  <attribute name="Output I" value="200"/>
  <attribute name="Output T" value="4"/>
  <attribute name="Target GC Util Change" value ="20.000000" />
  <attribute name="Current GC Util Change" value="7.000000"/>
  <attribute name="GC Util currently" value="7" />
  <attribute name="CPU Util currently" value="508546020298" />
<allocation-satisfied id="167" threadId="0000000000D60700" bytesRequested="25488" />
<af-end id="168" timestamp="2019-06-15T22:18:33.566" threadId="0000000000D61088" success="true" from="nursery"/>
<exclusive-end id="169" timestamp="2019-06-15T22:18:33.566" durationms="1.440" />

<exclusive-start id="170" timestamp="2019-06-15T22:18:33.583" intervalms="17.604">
  <response-info timems="0.062" idlems="0.062" threads="0" lastid="0000000000D60700" lastname="main" />
</exclusive-start>
<af-start id="171" threadId="0000000000D61088" totalBytesRequested="4480" timestamp="2019-06-15T22:18:33.583" intervalms="17.543" type="nursery" />
<cycle-start id="172" type="scavenge" contextid="0" timestamp="2019-06-15T22:18:33.583" intervalms="17.512" />
<gc-start id="173" type="scavenge" contextid="172" timestamp="2019-06-15T22:18:33.583">
  <mem-info id="174" free="5012800" total="8388608" percent="59">
    <mem type="nursery" free="0" total="2097152" percent="0">
      <mem type="allocate" free="0" total="1048576" percent="0" />
      <mem type="survivor" free="0" total="1048576" percent="0" />
    </mem>
    <mem type="tenure" free="5012800" total="6291456" percent="79">
      <mem type="soa" free="4698432" total="5977088" percent="78" />
      <mem type="loa" free="314368" total="314368" percent="100" />
    </mem>
    <remembered-set count="206" />
  </mem-info>
</gc-start>
<allocation-stats totalBytes="575840" >
  <allocated-bytes non-tlh="32936" tlh="542904" />
  <largest-consumer threadName="main" threadId="0000000000D60700" bytes="575840" />
</allocation-stats>
<gc-op id="175" type="scavenge" timems="0.517" contextid="172" timestamp="2019-06-15T22:18:33.583">
  <scavenger-info tenureage="3" tenuremask="fff8" tiltratio="50" />
  <memory-copied type="nursery" objects="252" bytes="55632" bytesdiscarded="48552" />
  <memory-copied type="tenure" objects="337" bytes="261400" bytesdiscarded="160" />
  <references type="soft" candidates="2" cleared="0" enqueued="0" dynamicThreshold="32" maxThreshold="32" />
  <references type="weak" candidates="12" cleared="12" enqueued="12" />
  <references type="phantom" candidates="7" cleared="0" enqueued="0" />
</gc-op>
<gc-end id="176" type="scavenge" contextid="172" durationms="0.839" usertimems="4.000" systemtimems="0.000" timestamp="2019-06-15T22:18:33.584" activeThreads="4">
  <mem-info id="177" free="5837280" total="8388608" percent="69">
    <mem type="nursery" free="1075464" total="2097152" percent="51">
      <mem type="allocate" free="1075464" total="1179648" percent="91" />
      <mem type="survivor" free="0" total="917504" percent="0" />
    </mem>
    <mem type="tenure" free="4761816" total="6291456" percent="75" macro-fragmented="1041779">
      <mem type="soa" free="4447448" total="5977088" percent="74" />
      <mem type="loa" free="314368" total="314368" percent="100" />
    </mem>
    <pending-finalizers system="0" default="0" reference="12" classloader="0" />
    <remembered-set count="205" />
  </mem-info>
</gc-end>
<cycle-end id="178" type="scavenge" contextid="172" timestamp="2019-06-15T22:18:33.584" />
  <attribute name="elasticGC enabled" value="1" />
  <attribute name= "numThreadsSpecified" value="4" />
  <attribute name="heapSize specified" value="0" />
  <attribute name="Current GC Util" value="4" />
  <attribute name= "Current Time Running" value="40230" />
  <attribute name ="GC Interval" value="200" />
  <attribute name="ProportionalT" value="-24.000000" />
  <attribute name="ProportionalI" value="-24.000000" />
  <attribute name="ProportionalH" value="-24.000000" />
  <attribute name="Current Error" value="-16.000000" />
  <attribute name="IntegralT" value="-288.000000" />
  <attribute name="IntegralI" value="-288.000000" />
  <attribute name="IntegralH" value="-288.000000" />
  <attribute name="DerivativeT" value="-0.888889" />
  <attribute name="DerivativeI" value="-0.888889" />
  <attribute name="DerivativeH" value="-0.888889" />
  <attribute name="Loop Time for DT" value="18.000000" />
  <attribute name="Output H" value="2092630016"/>
  <attribute name="Output I" value="200"/>
  <attribute name="Output T" value="4"/>
  <attribute name="Target GC Util Change" value ="20.000000" />
  <attribute name="Current GC Util Change" value="4.000000"/>
  <attribute name="GC Util currently" value="4" />
  <attribute name="CPU Util currently" value="264817846811" />
<allocation-satisfied id="179" threadId="0000000000D60700" bytesRequested="4480" />
<af-end id="180" timestamp="2019-06-15T22:18:33.584" threadId="0000000000D61088" success="true" from="nursery"/>
<exclusive-end id="181" timestamp="2019-06-15T22:18:33.584" durationms="1.263" />

<exclusive-start id="182" timestamp="2019-06-15T22:18:33.612" intervalms="29.480">
  <response-info timems="0.036" idlems="0.036" threads="0" lastid="0000000000D60700" lastname="main" />
</exclusive-start>
<af-start id="183" threadId="0000000000D61088" totalBytesRequested="40" timestamp="2019-06-15T22:18:33.612" intervalms="29.513" type="nursery" />
<cycle-start id="184" type="scavenge" contextid="0" timestamp="2019-06-15T22:18:33.612" intervalms="29.520" />
<gc-start id="185" type="scavenge" contextid="184" timestamp="2019-06-15T22:18:33.612">
  <mem-info id="186" free="4744368" total="8388608" percent="56">
    <mem type="nursery" free="0" total="2097152" percent="0">
      <mem type="allocate" free="0" total="1179648" percent="0" />
      <mem type="survivor" free="0" total="917504" percent="0" />
    </mem>
    <mem type="tenure" free="4744368" total="6291456" percent="75">
      <mem type="soa" free="4430000" total="5977088" percent="74" />
      <mem type="loa" free="314368" total="314368" percent="100" />
    </mem>
    <remembered-set count="408" />
  </mem-info>
</gc-start>
<allocation-stats totalBytes="1091376" >
  <allocated-bytes non-tlh="21928" tlh="1069448" />
  <largest-consumer threadName="main" threadId="0000000000D60700" bytes="1091376" />
</allocation-stats>
<gc-op id="187" type="scavenge" timems="0.350" contextid="184" timestamp="2019-06-15T22:18:33.613">
  <scavenger-info tenureage="3" tenuremask="ffe8" tiltratio="56" />
  <memory-copied type="nursery" objects="541" bytes="21272" bytesdiscarded="57048" />
  <memory-copied type="tenure" objects="99" bytes="48280" bytesdiscarded="0" />
  <references type="soft" candidates="3" cleared="0" enqueued="0" dynamicThreshold="32" maxThreshold="32" />
  <references type="weak" candidates="165" cleared="114" enqueued="83" />
  <references type="phantom" candidates="2" cleared="1" enqueued="1" />
</gc-op>
<gc-end id="188" type="scavenge" contextid="184" durationms="0.580" usertimems="0.000" systemtimems="0.000" timestamp="2019-06-15T22:18:33.613" activeThreads="4">
  <mem-info id="189" free="5976752" total="8388608" percent="71">
    <mem type="nursery" free="1232384" total="2097152" percent="58">
      <mem type="allocate" free="1232384" total="1310720" percent="94" />
      <mem type="survivor" free="0" total="786432" percent="0" />
    </mem>
    <mem type="tenure" free="4744368" total="6291456" percent="75" macro-fragmented="3110739">
      <mem type="soa" free="4430000" total="5977088" percent="74" />
      <mem type="loa" free="314368" total="314368" percent="100" />
    </mem>
    <pending-finalizers system="0" default="0" reference="84" classloader="0" />
    <remembered-set count="372" />
  </mem-info>
</gc-end>
<cycle-end id="190" type="scavenge" contextid="184" timestamp="2019-06-15T22:18:33.613" />
  <attribute name="elasticGC enabled" value="1" />
  <attribute name= "numThreadsSpecified" value="4" />
  <attribute name="heapSize specified" value="0" />
  <attribute name="Current GC Util" value="3" />
  <attribute name= "Current Time Running" value="40259" />
  <attribute name ="GC Interval" value="200" />
  <attribute name="ProportionalT" value="-25.500000" />
  <attribute name="ProportionalI" value="-25.500000" />
  <attribute name="ProportionalH" value="-25.500000" />
  <attribute name="Current Error" value="-17.000000" />
  <attribute name="IntegralT" value="-493.000000" />
  <attribute name="IntegralI" value="-493.000000" />
  <attribute name="IntegralH" value="-493.000000" />
  <attribute name="DerivativeT" value="-0.586207" />
  <attribute name="DerivativeI" value="-0.586207" />
  <attribute name="DerivativeH" value="-0.586207" />
  <attribute name="Loop Time for DT" value="29.000000" />
  <attribute name="Output H" value="2092630016"/>
  <attribute name="Output I" value="200"/>
  <attribute name="Output T" value="4"/>
  <attribute name="Target GC Util Change" value ="20.000000" />
  <attribute name="Current GC Util Change" value="3.000000"/>
  <attribute name="GC Util currently" value="3" />
  <attribute name="CPU Util currently" value="156189965865" />
<allocation-satisfied id="191" threadId="0000000000D60700" bytesRequested="40" />
<af-end id="192" timestamp="2019-06-15T22:18:33.613" threadId="0000000000D61088" success="true" from="nursery"/>
<exclusive-end id="193" timestamp="2019-06-15T22:18:33.613" durationms="1.132" />

<exclusive-start id="194" timestamp="2019-06-15T22:18:33.659" intervalms="47.410">
  <response-info timems="0.068" idlems="0.068" threads="0" lastid="0000000000D60700" lastname="main" />
</exclusive-start>
<af-start id="195" threadId="0000000000D61088" totalBytesRequested="776" timestamp="2019-06-15T22:18:33.660" intervalms="47.417" type="nursery" />
<cycle-start id="196" type="scavenge" contextid="0" timestamp="2019-06-15T22:18:33.660" intervalms="47.441" />
<gc-start id="197" type="scavenge" contextid="196" timestamp="2019-06-15T22:18:33.660">
  <mem-info id="198" free="4720176" total="8388608" percent="56">
    <mem type="nursery" free="0" total="2097152" percent="0">
      <mem type="allocate" free="0" total="1310720" percent="0" />
      <mem type="survivor" free="0" total="786432" percent="0" />
    </mem>
    <mem type="tenure" free="4720176" total="6291456" percent="75">
      <mem type="soa" free="4405808" total="5977088" percent="73" />
      <mem type="loa" free="314368" total="314368" percent="100" />
    </mem>
    <remembered-set count="740" />
  </mem-info>
</gc-start>
<allocation-stats totalBytes="1233216" >
  <allocated-bytes non-tlh="74048" tlh="1159168" />
  <largest-consumer threadName="main" threadId="0000000000D60700" bytes="1229120" />
</allocation-stats>
<gc-op id="199" type="scavenge" timems="0.611" contextid="196" timestamp="2019-06-15T22:18:33.661">
  <scavenger-info tenureage="3" tenuremask="ffe8" tiltratio="62" />
  <memory-copied type="nursery" objects="2908" bytes="115088" bytesdiscarded="119720" />
  <memory-copied type="tenure" objects="35" bytes="3464" bytesdiscarded="0" />
  <finalization candidates="39" enqueued="1" />
  <ownableSynchronizers candidates="17" cleared="0" />
  <references type="soft" candidates="6" cleared="0" enqueued="0" dynamicThreshold="32" maxThreshold="32" />
  <references type="weak" candidates="649" cleared="267" enqueued="194" />
  <references type="phantom" candidates="6" cleared="1" enqueued="1" />
</gc-op>
<gc-end id="200" type="scavenge" contextid="196" durationms="0.919" usertimems="0.000" systemtimems="0.000" timestamp="2019-06-15T22:18:33.661" activeThreads="4">
  <mem-info id="201" free="5926960" total="8388608" percent="70">
    <mem type="nursery" free="1206784" total="2097152" percent="57">
      <mem type="allocate" free="1206784" total="1441792" percent="83" />
      <mem type="survivor" free="0" total="655360" percent="0" />
    </mem>
    <mem type="tenure" free="4720176" total="6291456" percent="75" macro-fragmented="3110739">
      <mem type="soa" free="4405808" total="5977088" percent="73" />
      <mem type="loa" free="314368" total="314368" percent="100" />
    </mem>
    <pending-finalizers system="1" default="0" reference="195" classloader="0" />
    <remembered-set count="663" />
  </mem-info>
</gc-end>
<cycle-end id="202" type="scavenge" contextid="196" timestamp="2019-06-15T22:18:33.661" />
  <attribute name="elasticGC enabled" value="1" />
  <attribute name= "numThreadsSpecified" value="4" />
  <attribute name="heapSize specified" value="0" />
  <attribute name="Current GC Util" value="1" />
  <attribute name= "Current Time Running" value="40307" />
  <attribute name ="GC Interval" value="200" />
  <attribute name="ProportionalT" value="-28.500000" />
  <attribute name="ProportionalI" value="-28.500000" />
  <attribute name="ProportionalH" value="-28.500000" />
  <attribute name="Current Error" value="-19.000000" />
  <attribute name="IntegralT" value="-912.000000" />
  <attribute name="IntegralI" value="-912.000000" />
  <attribute name="IntegralH" value="-912.000000" />
  <attribute name="DerivativeT" value="-0.395833" />
  <attribute name="DerivativeI" value="-0.395833" />
  <attribute name="DerivativeH" value="-0.395833" />
  <attribute name="Loop Time for DT" value="48.000000" />
  <attribute name="Output H" value="2092630016"/>
  <attribute name="Output I" value="200"/>
  <attribute name="Output T" value="4"/>
  <attribute name="Target GC Util Change" value ="20.000000" />
  <attribute name="Current GC Util Change" value="1.000000"/>
  <attribute name="GC Util currently" value="1" />
  <attribute name="CPU Util currently" value="12" />
<allocation-satisfied id="203" threadId="0000000000D60700" bytesRequested="776" />
<af-end id="204" timestamp="2019-06-15T22:18:33.661" threadId="0000000000D61088" success="true" from="nursery"/>
<exclusive-end id="205" timestamp="2019-06-15T22:18:33.661" durationms="1.545" />

<exclusive-start id="206" timestamp="2019-06-15T22:18:33.714" intervalms="54.777">
  <response-info timems="0.024" idlems="0.024" threads="0" lastid="0000000000D60700" lastname="main" />
</exclusive-start>
<af-start id="207" threadId="0000000000D61088" totalBytesRequested="24" timestamp="2019-06-15T22:18:33.714" intervalms="54.738" type="nursery" />
<cycle-start id="208" type="scavenge" contextid="0" timestamp="2019-06-15T22:18:33.714" intervalms="54.708" />
<gc-start id="209" type="scavenge" contextid="208" timestamp="2019-06-15T22:18:33.714">
  <mem-info id="210" free="4661152" total="8388608" percent="55">
    <mem type="nursery" free="0" total="2097152" percent="0">
      <mem type="allocate" free="0" total="1441792" percent="0" />
      <mem type="survivor" free="0" total="655360" percent="0" />
    </mem>
    <mem type="tenure" free="4661152" total="6291456" percent="74">
      <mem type="soa" free="4346784" total="5977088" percent="72" />
      <mem type="loa" free="314368" total="314368" percent="100" />
    </mem>
    <remembered-set count="1202" />
  </mem-info>
</gc-start>
<allocation-stats totalBytes="1262848" >
  <allocated-bytes non-tlh="59800" tlh="1203048" />
  <largest-consumer threadName="main" threadId="0000000000D60700" bytes="1251016" />
</allocation-stats>
<gc-op id="211" type="scavenge" timems="0.779" contextid="208" timestamp="2019-06-15T22:18:33.715">
  <scavenger-info tenureage="3" tenuremask="ffe8" tiltratio="68" />
  <memory-copied type="nursery" objects="3419" bytes="141672" bytesdiscarded="53928" />
  <memory-copied type="tenure" objects="54" bytes="1056" bytesdiscarded="0" />
  <finalization candidates="38" enqueued="0" />
  <ownableSynchronizers candidates="17" cleared="0" />
  <references type="soft" candidates="6" cleared="0" enqueued="0" dynamicThreshold="32" maxThreshold="32" />
  <references type="weak" candidates="671" cleared="3" enqueued="3" />
  <references type="phantom" candidates="5" cleared="0" enqueued="0" />
</gc-op>
<gc-end id="212" type="scavenge" contextid="208" durationms="1.014" usertimems="0.000" systemtimems="0.000" timestamp="2019-06-15T22:18:33.715" activeThreads="4">
  <mem-info id="213" free="5972640" total="8388608" percent="71">
    <mem type="nursery" free="1311488" total="2097152" percent="62">
      <mem type="allocate" free="1311488" total="1507328" percent="87" />
      <mem type="survivor" free="0" total="589824" percent="0" />
    </mem>
    <mem type="tenure" free="4661152" total="6291456" percent="74" macro-fragmented="3110739">
      <mem type="soa" free="4346784" total="5977088" percent="72" />
      <mem type="loa" free="314368" total="314368" percent="100" />
    </mem>
    <pending-finalizers system="0" default="0" reference="3" classloader="0" />
    <remembered-set count="1062" />
  </mem-info>
</gc-end>
<cycle-end id="214" type="scavenge" contextid="208" timestamp="2019-06-15T22:18:33.716" />
  <attribute name="elasticGC enabled" value="1" />
  <attribute name= "numThreadsSpecified" value="4" />
  <attribute name="heapSize specified" value="0" />
  <attribute name="Current GC Util" value="2" />
  <attribute name= "Current Time Running" value="40361" />
  <attribute name ="GC Interval" value="200" />
  <attribute name="ProportionalT" value="-27.000000" />
  <attribute name="ProportionalI" value="-27.000000" />
  <attribute name="ProportionalH" value="-27.000000" />
  <attribute name="Current Error" value="-18.000000" />
  <attribute name="IntegralT" value="-972.000000" />
  <attribute name="IntegralI" value="-972.000000" />
  <attribute name="IntegralH" value="-972.000000" />
  <attribute name="DerivativeT" value="-0.333333" />
  <attribute name="DerivativeI" value="-0.333333" />
  <attribute name="DerivativeH" value="-0.333333" />
  <attribute name="Loop Time for DT" value="54.000000" />
  <attribute name="Output H" value="2092630016"/>
  <attribute name="Output I" value="200"/>
  <attribute name="Output T" value="4"/>
  <attribute name="Target GC Util Change" value ="20.000000" />
  <attribute name="Current GC Util Change" value="2.000000"/>
  <attribute name="GC Util currently" value="2" />
  <attribute name="CPU Util currently" value="84432548058" />
<allocation-satisfied id="215" threadId="0000000000D60700" bytesRequested="24" />
<af-end id="216" timestamp="2019-06-15T22:18:33.716" threadId="0000000000D61088" success="true" from="nursery"/>
<exclusive-end id="217" timestamp="2019-06-15T22:18:33.716" durationms="1.549" />

<exclusive-start id="218" timestamp="2019-06-15T22:18:33.787" intervalms="72.742">
  <response-info timems="0.097" idlems="0.097" threads="0" lastid="0000000000D60700" lastname="main" />
</exclusive-start>
<af-start id="219" threadId="0000000000D61088" totalBytesRequested="31752" timestamp="2019-06-15T22:18:33.787" intervalms="72.755" type="nursery" />
<cycle-start id="220" type="scavenge" contextid="0" timestamp="2019-06-15T22:18:33.787" intervalms="72.761" />
<gc-start id="221" type="scavenge" contextid="220" timestamp="2019-06-15T22:18:33.787">
  <mem-info id="222" free="4573608" total="8388608" percent="54">
    <mem type="nursery" free="0" total="2097152" percent="0">
      <mem type="allocate" free="0" total="1507328" percent="0" />
      <mem type="survivor" free="0" total="589824" percent="0" />
    </mem>
    <mem type="tenure" free="4573608" total="6291456" percent="72">
      <mem type="soa" free="4259240" total="5977088" percent="71" />
      <mem type="loa" free="314368" total="314368" percent="100" />
    </mem>
    <remembered-set count="2367" />
  </mem-info>
</gc-start>
<allocation-stats totalBytes="1356104" >
  <allocated-bytes non-tlh="87568" tlh="1268536" />
  <largest-consumer threadName="main" threadId="0000000000D60700" bytes="1356104" />
</allocation-stats>
<gc-op id="223" type="scavenge" timems="0.948" contextid="220" timestamp="2019-06-15T22:18:33.788">
  <scavenger-info tenureage="3" tenuremask="ffe8" tiltratio="71" />
  <memory-copied type="nursery" objects="9811" bytes="377952" bytesdiscarded="94240" />
  <memory-copied type="tenure" objects="339" bytes="12664" bytesdiscarded="32" />
  <finalization candidates="49" enqueued="0" />
  <ownableSynchronizers candidates="17" cleared="0" />
  <references type="soft" candidates="40" cleared="0" enqueued="0" dynamicThreshold="32" maxThreshold="32" />
  <references type="weak" candidates="952" cleared="72" enqueued="56" />
  <references type="phantom" candidates="6" cleared="0" enqueued="0" />
</gc-op>
<gc-end id="224" type="scavenge" contextid="220" durationms="1.241" usertimems="0.000" systemtimems="0.000" timestamp="2019-06-15T22:18:33.788" activeThreads="4">
  <mem-info id="225" free="5503736" total="8388608" percent="65">
    <mem type="nursery" free="969296" total="2097152" percent="46">
      <mem type="allocate" free="969296" total="1441792" percent="67" />
      <mem type="survivor" free="0" total="655360" percent="0" />
    </mem>
    <mem type="tenure" free="4534440" total="6291456" percent="72" macro-fragmented="39130">
      <mem type="soa" free="4220072" total="5977088" percent="70" />
      <mem type="loa" free="314368" total="314368" percent="100" />
    </mem>
    <pending-finalizers system="0" default="0" reference="56" classloader="0" />
    <remembered-set count="2134" />
  </mem-info>
</gc-end>
<cycle-end id="226" type="scavenge" contextid="220" timestamp="2019-06-15T22:18:33.789" />
  <attribute name="elasticGC enabled" value="1" />
  <attribute name= "numThreadsSpecified" value="4" />
  <attribute name="heapSize specified" value="0" />
  <attribute name="Current GC Util" value="1" />
  <attribute name= "Current Time Running" value="40434" />
  <attribute name ="GC Interval" value="200" />
  <attribute name="ProportionalT" value="-28.500000" />
  <attribute name="ProportionalI" value="-28.500000" />
  <attribute name="ProportionalH" value="-28.500000" />
  <attribute name="Current Error" value="-19.000000" />
  <attribute name="IntegralT" value="-1387.000000" />
  <attribute name="IntegralI" value="-1387.000000" />
  <attribute name="IntegralH" value="-1387.000000" />
  <attribute name="DerivativeT" value="-0.260274" />
  <attribute name="DerivativeI" value="-0.260274" />
  <attribute name="DerivativeH" value="-0.260274" />
  <attribute name="Loop Time for DT" value="73.000000" />
  <attribute name="Output H" value="2092630016"/>
  <attribute name="Output I" value="200"/>
  <attribute name="Output T" value="4"/>
  <attribute name="Target GC Util Change" value ="20.000000" />
  <attribute name="Current GC Util Change" value="1.000000"/>
  <attribute name="GC Util currently" value="1" />
  <attribute name="CPU Util currently" value="14" />
<allocation-satisfied id="227" threadId="0000000000D60700" bytesRequested="31752" />
<af-end id="228" timestamp="2019-06-15T22:18:33.789" threadId="0000000000D61088" success="true" from="nursery"/>
<exclusive-end id="229" timestamp="2019-06-15T22:18:33.789" durationms="1.811" />

<exclusive-start id="230" timestamp="2019-06-15T22:18:33.822" intervalms="35.085">
  <response-info timems="0.035" idlems="0.035" threads="0" lastid="0000000000D60700" lastname="main" />
</exclusive-start>
<af-start id="231" threadId="0000000000D61088" totalBytesRequested="88" timestamp="2019-06-15T22:18:33.822" intervalms="35.081" type="nursery" />
<cycle-start id="232" type="scavenge" contextid="0" timestamp="2019-06-15T22:18:33.822" intervalms="35.077" />
<gc-start id="233" type="scavenge" contextid="232" timestamp="2019-06-15T22:18:33.822">
  <mem-info id="234" free="4503736" total="8388608" percent="53">
    <mem type="nursery" free="0" total="2097152" percent="0">
      <mem type="allocate" free="0" total="1441792" percent="0" />
      <mem type="survivor" free="0" total="655360" percent="0" />
    </mem>
    <mem type="tenure" free="4503736" total="6291456" percent="71">
      <mem type="soa" free="4189368" total="5977088" percent="70" />
      <mem type="loa" free="314368" total="314368" percent="100" />
    </mem>
    <remembered-set count="2468" />
  </mem-info>
</gc-start>
<allocation-stats totalBytes="998688" >
  <allocated-bytes non-tlh="104104" tlh="894584" />
  <largest-consumer threadName="main" threadId="0000000000D60700" bytes="986856" />
</allocation-stats>
<gc-op id="235" type="scavenge" timems="1.030" contextid="232" timestamp="2019-06-15T22:18:33.823">
  <scavenger-info tenureage="3" tenuremask="ffe8" tiltratio="68" />
  <memory-copied type="nursery" objects="8587" bytes="270912" bytesdiscarded="43096" />
  <memory-copied type="tenure" objects="2228" bytes="92360" bytesdiscarded="56" />
  <finalization candidates="49" enqueued="0" />
  <ownableSynchronizers candidates="17" cleared="0" />
  <references type="soft" candidates="40" cleared="0" enqueued="0" dynamicThreshold="32" maxThreshold="32" />
  <references type="weak" candidates="613" cleared="19" enqueued="19" />
  <references type="phantom" candidates="7" cleared="3" enqueued="3" />
</gc-op>
<gc-end id="236" type="scavenge" contextid="232" durationms="1.333" usertimems="4.000" systemtimems="0.000" timestamp="2019-06-15T22:18:33.824" activeThreads="4">
  <mem-info id="237" free="5491528" total="8388608" percent="65">
    <mem type="nursery" free="1127568" total="2097152" percent="53">
      <mem type="allocate" free="1127568" total="1441792" percent="78" />
      <mem type="survivor" free="0" total="655360" percent="0" />
    </mem>
    <mem type="tenure" free="4363960" total="6291456" percent="69" macro-fragmented="0">
      <mem type="soa" free="4049592" total="5977088" percent="67" />
      <mem type="loa" free="314368" total="314368" percent="100" />
    </mem>
    <pending-finalizers system="0" default="0" reference="22" classloader="0" />
    <remembered-set count="1788" />
  </mem-info>
</gc-end>
<cycle-end id="238" type="scavenge" contextid="232" timestamp="2019-06-15T22:18:33.824" />
  <attribute name="elasticGC enabled" value="1" />
  <attribute name= "numThreadsSpecified" value="4" />
  <attribute name="heapSize specified" value="0" />
  <attribute name="Current GC Util" value="5" />
  <attribute name= "Current Time Running" value="40469" />
  <attribute name ="GC Interval" value="200" />
  <attribute name="ProportionalT" value="-22.500000" />
  <attribute name="ProportionalI" value="-22.500000" />
  <attribute name="ProportionalH" value="-22.500000" />
  <attribute name="Current Error" value="-15.000000" />
  <attribute name="IntegralT" value="-525.000000" />
  <attribute name="IntegralI" value="-525.000000" />
  <attribute name="IntegralH" value="-525.000000" />
  <attribute name="DerivativeT" value="-0.428571" />
  <attribute name="DerivativeI" value="-0.428571" />
  <attribute name="DerivativeH" value="-0.428571" />
  <attribute name="Loop Time for DT" value="35.000000" />
  <attribute name="Output H" value="2092630016"/>
  <attribute name="Output I" value="200"/>
  <attribute name="Output T" value="4"/>
  <attribute name="Target GC Util Change" value ="20.000000" />
  <attribute name="Current GC Util Change" value="5.000000"/>
  <attribute name="GC Util currently" value="5" />
  <attribute name="CPU Util currently" value="131482745026" />
<allocation-satisfied id="239" threadId="0000000000D60700" bytesRequested="88" />
<af-end id="240" timestamp="2019-06-15T22:18:33.824" threadId="0000000000D61088" success="true" from="nursery"/>
<exclusive-end id="241" timestamp="2019-06-15T22:18:33.824" durationms="1.803" />

<exclusive-start id="242" timestamp="2019-06-15T22:18:33.863" intervalms="40.568">
  <response-info timems="0.061" idlems="0.061" threads="0" lastid="0000000000D60700" lastname="main" />
</exclusive-start>
<af-start id="243" threadId="0000000000D61088" totalBytesRequested="15368" timestamp="2019-06-15T22:18:33.863" intervalms="40.605" type="nursery" />
<cycle-start id="244" type="scavenge" contextid="0" timestamp="2019-06-15T22:18:33.863" intervalms="40.650" />
<gc-start id="245" type="scavenge" contextid="244" timestamp="2019-06-15T22:18:33.863">
  <mem-info id="246" free="4350208" total="8388608" percent="51">
    <mem type="nursery" free="0" total="2097152" percent="0">
      <mem type="allocate" free="0" total="1441792" percent="0" />
      <mem type="survivor" free="0" total="655360" percent="0" />
    </mem>
    <mem type="tenure" free="4350208" total="6291456" percent="69">
      <mem type="soa" free="4035840" total="5977088" percent="67" />
      <mem type="loa" free="314368" total="314368" percent="100" />
    </mem>
    <remembered-set count="2019" />
  </mem-info>
</gc-start>
<allocation-stats totalBytes="1139856" >
  <allocated-bytes non-tlh="13840" tlh="1126016" />
  <largest-consumer threadName="main" threadId="0000000000D60700" bytes="1131664" />
</allocation-stats>
<gc-op id="247" type="scavenge" timems="2.096" contextid="244" timestamp="2019-06-15T22:18:33.865">
  <scavenger-info tenureage="5" tenuremask="ffe0" tiltratio="68" />
  <memory-copied type="nursery" objects="10781" bytes="385264" bytesdiscarded="114912" />
  <finalization candidates="11" enqueued="0" />
  <references type="soft" candidates="349" cleared="0" enqueued="0" dynamicThreshold="32" maxThreshold="32" />
  <references type="weak" candidates="643" cleared="6" enqueued="6" />
  <references type="phantom" candidates="5" cleared="0" enqueued="0" />
</gc-op>
<gc-end id="248" type="scavenge" contextid="244" durationms="2.756" usertimems="4.000" systemtimems="0.000" timestamp="2019-06-15T22:18:33.866" activeThreads="4">
  <mem-info id="249" free="5357048" total="8388608" percent="63">
    <mem type="nursery" free="1006840" total="2097152" percent="48">
      <mem type="allocate" free="1006840" total="1507328" percent="66" />
      <mem type="survivor" free="0" total="589824" percent="0" />
    </mem>
    <mem type="tenure" free="4350208" total="6291456" percent="69" macro-fragmented="3732887">
      <mem type="soa" free="4035840" total="5977088" percent="67" />
      <mem type="loa" free="314368" total="314368" percent="100" />
    </mem>
    <pending-finalizers system="0" default="0" reference="6" classloader="0" />
    <remembered-set count="874" />
  </mem-info>
</gc-end>
<cycle-end id="250" type="scavenge" contextid="244" timestamp="2019-06-15T22:18:33.866" />
  <attribute name="elasticGC enabled" value="1" />
  <attribute name= "numThreadsSpecified" value="4" />
  <attribute name="heapSize specified" value="0" />
  <attribute name="Current GC Util" value="4" />
  <attribute name= "Current Time Running" value="40510" />
  <attribute name ="GC Interval" value="200" />
  <attribute name="ProportionalT" value="-24.000000" />
  <attribute name="ProportionalI" value="-24.000000" />
  <attribute name="ProportionalH" value="-24.000000" />
  <attribute name="Current Error" value="-16.000000" />
  <attribute name="IntegralT" value="-656.000000" />
  <attribute name="IntegralI" value="-656.000000" />
  <attribute name="IntegralH" value="-656.000000" />
  <attribute name="DerivativeT" value="-0.390244" />
  <attribute name="DerivativeI" value="-0.390244" />
  <attribute name="DerivativeH" value="-0.390244" />
  <attribute name="Loop Time for DT" value="41.000000" />
  <attribute name="Output H" value="2092630016"/>
  <attribute name="Output I" value="200"/>
  <attribute name="Output T" value="4"/>
  <attribute name="Target GC Util Change" value ="20.000000" />
  <attribute name="Current GC Util Change" value="4.000000"/>
  <attribute name="GC Util currently" value="4" />
  <attribute name="CPU Util currently" value="4" />
<allocation-satisfied id="251" threadId="0000000000D60700" bytesRequested="15368" />
<af-end id="252" timestamp="2019-06-15T22:18:33.866" threadId="0000000000D61088" success="true" from="nursery"/>
<exclusive-end id="253" timestamp="2019-06-15T22:18:33.866" durationms="3.771" />

<exclusive-start id="254" timestamp="2019-06-15T22:18:36.723" intervalms="2860.620">
  <response-info timems="0.036" idlems="0.036" threads="0" lastid="0000000000D60700" lastname="main" />
</exclusive-start>
<af-start id="255" threadId="0000000000D61088" totalBytesRequested="15624" timestamp="2019-06-15T22:18:36.723" intervalms="2860.615" type="nursery" />
<cycle-start id="256" type="scavenge" contextid="0" timestamp="2019-06-15T22:18:36.723" intervalms="2860.599" />
<gc-start id="257" type="scavenge" contextid="256" timestamp="2019-06-15T22:18:36.724">
  <mem-info id="258" free="4327632" total="8388608" percent="51">
    <mem type="nursery" free="0" total="2097152" percent="0">
      <mem type="allocate" free="0" total="1507328" percent="0" />
      <mem type="survivor" free="0" total="589824" percent="0" />
    </mem>
    <mem type="tenure" free="4327632" total="6291456" percent="68">
      <mem type="soa" free="4013264" total="5977088" percent="67" />
      <mem type="loa" free="314368" total="314368" percent="100" />
    </mem>
    <remembered-set count="1189" />
  </mem-info>
</gc-start>
<allocation-stats totalBytes="1016448" >
  <allocated-bytes non-tlh="37944" tlh="978504" />
  <largest-consumer threadName="main" threadId="0000000000D60700" bytes="1016448" />
</allocation-stats>
<gc-op id="259" type="scavenge" timems="3.152" contextid="256" timestamp="2019-06-15T22:18:36.727">
  <scavenger-info tenureage="3" tenuremask="fff8" tiltratio="71" />
  <memory-copied type="nursery" objects="5687" bytes="217128" bytesdiscarded="56792" />
  <memory-copied type="tenure" objects="7399" bytes="221520" bytesdiscarded="64" />
  <finalization candidates="11" enqueued="0" />
  <references type="soft" candidates="465" cleared="0" enqueued="0" dynamicThreshold="32" maxThreshold="32" />
  <references type="weak" candidates="204" cleared="12" enqueued="12" />
  <references type="phantom" candidates="5" cleared="2" enqueued="2" />
</gc-op>
<gc-end id="260" type="scavenge" contextid="256" durationms="3.738" usertimems="4.000" systemtimems="0.000" timestamp="2019-06-15T22:18:36.727" activeThreads="4">
  <mem-info id="261" free="5469648" total="8388608" percent="65">
    <mem type="nursery" free="1298688" total="2097152" percent="61">
      <mem type="allocate" free="1298688" total="1572864" percent="82" />
      <mem type="survivor" free="0" total="524288" percent="0" />
    </mem>
    <mem type="tenure" free="4170960" total="6291456" percent="66" macro-fragmented="3732887">
      <mem type="soa" free="3856592" total="5977088" percent="64" />
      <mem type="loa" free="314368" total="314368" percent="100" />
    </mem>
    <pending-finalizers system="0" default="0" reference="14" classloader="0" />
    <remembered-set count="733" />
  </mem-info>
</gc-end>
<cycle-end id="262" type="scavenge" contextid="256" timestamp="2019-06-15T22:18:36.727" />
  <attribute name="elasticGC enabled" value="1" />
  <attribute name= "numThreadsSpecified" value="4" />
  <attribute name="heapSize specified" value="0" />
  <attribute name="Current GC Util" value="0" />
  <attribute name= "Current Time Running" value="43371" />
  <attribute name ="GC Interval" value="200" />
  <attribute name="ProportionalT" value="-30.000000" />
  <attribute name="ProportionalI" value="-30.000000" />
  <attribute name="ProportionalH" value="-30.000000" />
  <attribute name="Current Error" value="-20.000000" />
  <attribute name="IntegralT" value="-57220.000000" />
  <attribute name="IntegralI" value="-57220.000000" />
  <attribute name="IntegralH" value="-57220.000000" />
  <attribute name="DerivativeT" value="-0.006991" />
  <attribute name="DerivativeI" value="-0.006991" />
  <attribute name="DerivativeH" value="-0.006991" />
  <attribute name="Loop Time for DT" value="2861.000000" />
  <attribute name="Output H" value="2092630016"/>
  <attribute name="Output I" value="200"/>
  <attribute name="Output T" value="4"/>
  <attribute name="Target GC Util Change" value ="20.000000" />
  <attribute name="Current GC Util Change" value="0.000000"/>
  <attribute name="GC Util currently" value="0" />
  <attribute name="CPU Util currently" value="3" />
<allocation-satisfied id="263" threadId="0000000000D60700" bytesRequested="15624" />
<af-end id="264" timestamp="2019-06-15T22:18:36.728" threadId="0000000000D61088" success="true" from="nursery"/>
<exclusive-end id="265" timestamp="2019-06-15T22:18:36.728" durationms="4.508" />

<exclusive-start id="266" timestamp="2019-06-15T22:18:36.768" intervalms="44.566">
  <response-info timems="0.033" idlems="0.033" threads="0" lastid="0000000000D60700" lastname="main" />
</exclusive-start>
<af-start id="267" threadId="0000000000D61088" totalBytesRequested="23264" timestamp="2019-06-15T22:18:36.768" intervalms="44.533" type="nursery" />
<cycle-start id="268" type="scavenge" contextid="0" timestamp="2019-06-15T22:18:36.768" intervalms="44.509" />
<gc-start id="269" type="scavenge" contextid="268" timestamp="2019-06-15T22:18:36.768">
  <mem-info id="270" free="4137176" total="8388608" percent="49">
    <mem type="nursery" free="0" total="2097152" percent="0">
      <mem type="allocate" free="0" total="1572864" percent="0" />
      <mem type="survivor" free="0" total="524288" percent="0" />
    </mem>
    <mem type="tenure" free="4137176" total="6291456" percent="65">
      <mem type="soa" free="3822808" total="5977088" percent="63" />
      <mem type="loa" free="314368" total="314368" percent="100" />
    </mem>
    <remembered-set count="1028" />
  </mem-info>
</gc-start>
<allocation-stats totalBytes="1320608" >
  <allocated-bytes non-tlh="49408" tlh="1271200" />
  <largest-consumer threadName="main" threadId="0000000000D60700" bytes="1320608" />
</allocation-stats>
<gc-op id="271" type="scavenge" timems="2.057" contextid="268" timestamp="2019-06-15T22:18:36.770">
  <scavenger-info tenureage="3" tenuremask="ffc8" tiltratio="75" />
  <memory-copied type="nursery" objects="5152" bytes="231160" bytesdiscarded="66928" />
  <memory-copied type="tenure" objects="1075" bytes="44408" bytesdiscarded="312" />
  <references type="soft" candidates="472" cleared="0" enqueued="0" dynamicThreshold="32" maxThreshold="32" />
  <references type="weak" candidates="321" cleared="0" enqueued="0" />
  <references type="phantom" candidates="1" cleared="0" enqueued="0" />
</gc-op>
<gc-end id="272" type="scavenge" contextid="268" durationms="2.504" usertimems="4.000" systemtimems="0.000" timestamp="2019-06-15T22:18:36.771" activeThreads="4">
  <mem-info id="273" free="5333360" total="8388608" percent="63">
    <mem type="nursery" free="1274520" total="2097152" percent="60">
      <mem type="allocate" free="1274520" total="1572864" percent="81" />
      <mem type="survivor" free="0" total="524288" percent="0" />
    </mem>
    <mem type="tenure" free="4058840" total="6291456" percent="64" macro-fragmented="2160235">
      <mem type="soa" free="3744472" total="5977088" percent="62" />
      <mem type="loa" free="314368" total="314368" percent="100" />
    </mem>
    <remembered-set count="765" />
  </mem-info>
</gc-end>
<cycle-end id="274" type="scavenge" contextid="268" timestamp="2019-06-15T22:18:36.771" />
  <attribute name="elasticGC enabled" value="1" />
  <attribute name= "numThreadsSpecified" value="4" />
  <attribute name="heapSize specified" value="0" />
  <attribute name="Current GC Util" value="10" />
  <attribute name= "Current Time Running" value="43415" />
  <attribute name ="GC Interval" value="200" />
  <attribute name="ProportionalT" value="-15.000000" />
  <attribute name="ProportionalI" value="-15.000000" />
  <attribute name="ProportionalH" value="-15.000000" />
  <attribute name="Current Error" value="-10.000000" />
  <attribute name="IntegralT" value="-440.000000" />
  <attribute name="IntegralI" value="-440.000000" />
  <attribute name="IntegralH" value="-440.000000" />
  <attribute name="DerivativeT" value="-0.227273" />
  <attribute name="DerivativeI" value="-0.227273" />
  <attribute name="DerivativeH" value="-0.227273" />
  <attribute name="Loop Time for DT" value="44.000000" />
  <attribute name="Output H" value="2092630016"/>
  <attribute name="Output I" value="200"/>
  <attribute name="Output T" value="4"/>
  <attribute name="Target GC Util Change" value ="20.000000" />
  <attribute name="Current GC Util Change" value="10.000000"/>
  <attribute name="GC Util currently" value="10" />
  <attribute name="CPU Util currently" value="104029420814" />
<allocation-satisfied id="275" threadId="0000000000D60700" bytesRequested="23264" />
<af-end id="276" timestamp="2019-06-15T22:18:36.771" threadId="0000000000D61088" success="true" from="nursery"/>
<exclusive-end id="277" timestamp="2019-06-15T22:18:36.771" durationms="3.117" />

<exclusive-start id="278" timestamp="2019-06-15T22:18:36.802" intervalms="34.251">
  <response-info timems="0.035" idlems="0.035" threads="0" lastid="0000000000D60700" lastname="main" />
</exclusive-start>
<af-start id="279" threadId="0000000000D61088" totalBytesRequested="7176" timestamp="2019-06-15T22:18:36.802" intervalms="34.253" type="nursery" />
<cycle-start id="280" type="scavenge" contextid="0" timestamp="2019-06-15T22:18:36.802" intervalms="34.283" />
<gc-start id="281" type="scavenge" contextid="280" timestamp="2019-06-15T22:18:36.802">
  <mem-info id="282" free="4042128" total="8388608" percent="48">
    <mem type="nursery" free="0" total="2097152" percent="0">
      <mem type="allocate" free="0" total="1572864" percent="0" />
      <mem type="survivor" free="0" total="524288" percent="0" />
    </mem>
    <mem type="tenure" free="4042128" total="6291456" percent="64">
      <mem type="soa" free="3727760" total="5977088" percent="62" />
      <mem type="loa" free="314368" total="314368" percent="100" />
    </mem>
    <remembered-set count="989" />
  </mem-info>
</gc-start>
<allocation-stats totalBytes="1274208" >
  <allocated-bytes non-tlh="39976" tlh="1234232" />
  <largest-consumer threadName="main" threadId="0000000000D60700" bytes="1274208" />
</allocation-stats>
<gc-op id="283" type="scavenge" timems="2.304" contextid="280" timestamp="2019-06-15T22:18:36.805">
  <scavenger-info tenureage="3" tenuremask="ffe8" tiltratio="75" />
  <memory-copied type="nursery" objects="4148" bytes="181648" bytesdiscarded="22184" />
  <memory-copied type="tenure" objects="2239" bytes="85656" bytesdiscarded="0" />
  <finalization candidates="3" enqueued="0" />
  <references type="soft" candidates="208" cleared="0" enqueued="0" dynamicThreshold="32" maxThreshold="32" />
  <references type="weak" candidates="325" cleared="23" enqueued="23" />
  <references type="phantom" candidates="3" cleared="1" enqueued="1" />
</gc-op>
<gc-end id="284" type="scavenge" contextid="280" durationms="2.713" usertimems="4.000" systemtimems="0.000" timestamp="2019-06-15T22:18:36.805" activeThreads="4">
  <mem-info id="285" free="5437320" total="8388608" percent="64">
    <mem type="nursery" free="1434360" total="2097152" percent="68">
      <mem type="allocate" free="1434360" total="1638400" percent="87" />
      <mem type="survivor" free="0" total="458752" percent="0" />
    </mem>
    <mem type="tenure" free="4002960" total="6291456" percent="63" macro-fragmented="2592282">
      <mem type="soa" free="3688592" total="5977088" percent="61" />
      <mem type="loa" free="314368" total="314368" percent="100" />
    </mem>
    <pending-finalizers system="0" default="0" reference="24" classloader="0" />
    <remembered-set count="622" />
  </mem-info>
</gc-end>
<cycle-end id="286" type="scavenge" contextid="280" timestamp="2019-06-15T22:18:36.805" />
  <attribute name="elasticGC enabled" value="1" />
  <attribute name= "numThreadsSpecified" value="4" />
  <attribute name="heapSize specified" value="0" />
  <attribute name="Current GC Util" value="8" />
  <attribute name= "Current Time Running" value="43449" />
  <attribute name ="GC Interval" value="200" />
  <attribute name="ProportionalT" value="-18.000000" />
  <attribute name="ProportionalI" value="-18.000000" />
  <attribute name="ProportionalH" value="-18.000000" />
  <attribute name="Current Error" value="-12.000000" />
  <attribute name="IntegralT" value="-408.000000" />
  <attribute name="IntegralI" value="-408.000000" />
  <attribute name="IntegralH" value="-408.000000" />
  <attribute name="DerivativeT" value="-0.352941" />
  <attribute name="DerivativeI" value="-0.352941" />
  <attribute name="DerivativeH" value="-0.352941" />
  <attribute name="Loop Time for DT" value="34.000000" />
  <attribute name="Output H" value="2092630016"/>
  <attribute name="Output I" value="200"/>
  <attribute name="Output T" value="4"/>
  <attribute name="Target GC Util Change" value ="20.000000" />
  <attribute name="Current GC Util Change" value="8.000000"/>
  <attribute name="GC Util currently" value="8" />
  <attribute name="CPU Util currently" value="134533804046" />
<allocation-satisfied id="287" threadId="0000000000D60700" bytesRequested="7176" />
<af-end id="288" timestamp="2019-06-15T22:18:36.805" threadId="0000000000D61088" success="true" from="nursery"/>
<exclusive-end id="289" timestamp="2019-06-15T22:18:36.805" durationms="3.222" />

<exclusive-start id="290" timestamp="2019-06-15T22:18:36.858" intervalms="55.611">
  <response-info timems="0.037" idlems="0.037" threads="0" lastid="0000000000D60700" lastname="main" />
</exclusive-start>
<af-start id="291" threadId="0000000000D61088" totalBytesRequested="1064" timestamp="2019-06-15T22:18:36.858" intervalms="55.616" type="nursery" />
<cycle-start id="292" type="scavenge" contextid="0" timestamp="2019-06-15T22:18:36.858" intervalms="55.588" />
<gc-start id="293" type="scavenge" contextid="292" timestamp="2019-06-15T22:18:36.858">
  <mem-info id="294" free="3965416" total="8388608" percent="47">
    <mem type="nursery" free="0" total="2097152" percent="0">
      <mem type="allocate" free="0" total="1638400" percent="0" />
      <mem type="survivor" free="0" total="458752" percent="0" />
    </mem>
    <mem type="tenure" free="3965416" total="6291456" percent="63">
      <mem type="soa" free="3651048" total="5977088" percent="61" />
      <mem type="loa" free="314368" total="314368" percent="100" />
    </mem>
    <remembered-set count="977" />
  </mem-info>
</gc-start>
<allocation-stats totalBytes="1468152" >
  <allocated-bytes non-tlh="44720" tlh="1423432" />
  <largest-consumer threadName="main" threadId="0000000000D60700" bytes="1464056" />
</allocation-stats>
<gc-op id="295" type="scavenge" timems="2.278" contextid="292" timestamp="2019-06-15T22:18:36.860">
  <scavenger-info tenureage="3" tenuremask="ffe8" tiltratio="78" />
  <memory-copied type="nursery" objects="2637" bytes="118360" bytesdiscarded="15336" />
  <memory-copied type="tenure" objects="2292" bytes="83216" bytesdiscarded="608" />
  <finalization candidates="3" enqueued="0" />
  <references type="soft" candidates="57" cleared="0" enqueued="0" dynamicThreshold="32" maxThreshold="32" />
  <references type="weak" candidates="544" cleared="2" enqueued="2" />
  <references type="phantom" candidates="2" cleared="0" enqueued="0" />
</gc-op>
<gc-end id="296" type="scavenge" contextid="292" durationms="2.750" usertimems="4.000" systemtimems="0.000" timestamp="2019-06-15T22:18:36.861" activeThreads="4">
  <mem-info id="297" free="5457112" total="8388608" percent="65">
    <mem type="nursery" free="1570032" total="2097152" percent="74">
      <mem type="allocate" free="1570032" total="1703936" percent="92" />
      <mem type="survivor" free="0" total="393216" percent="0" />
    </mem>
    <mem type="tenure" free="3887080" total="6291456" percent="61" macro-fragmented="1500163">
      <mem type="soa" free="3572712" total="5977088" percent="59" />
      <mem type="loa" free="314368" total="314368" percent="100" />
    </mem>
    <pending-finalizers system="0" default="0" reference="2" classloader="0" />
    <remembered-set count="686" />
  </mem-info>
</gc-end>
<cycle-end id="298" type="scavenge" contextid="292" timestamp="2019-06-15T22:18:36.861" />
  <attribute name="elasticGC enabled" value="1" />
  <attribute name= "numThreadsSpecified" value="4" />
  <attribute name="heapSize specified" value="0" />
  <attribute name="Current GC Util" value="5" />
  <attribute name= "Current Time Running" value="43505" />
  <attribute name ="GC Interval" value="200" />
  <attribute name="ProportionalT" value="-22.500000" />
  <attribute name="ProportionalI" value="-22.500000" />
  <attribute name="ProportionalH" value="-22.500000" />
  <attribute name="Current Error" value="-15.000000" />
  <attribute name="IntegralT" value="-840.000000" />
  <attribute name="IntegralI" value="-840.000000" />
  <attribute name="IntegralH" value="-840.000000" />
  <attribute name="DerivativeT" value="-0.267857" />
  <attribute name="DerivativeI" value="-0.267857" />
  <attribute name="DerivativeH" value="-0.267857" />
  <attribute name="Loop Time for DT" value="56.000000" />
  <attribute name="Output H" value="2092630016"/>
  <attribute name="Output I" value="200"/>
  <attribute name="Output T" value="4"/>
  <attribute name="Target GC Util Change" value ="20.000000" />
  <attribute name="Current GC Util Change" value="5.000000"/>
  <attribute name="GC Util currently" value="5" />
  <attribute name="CPU Util currently" value="82967149320" />
<allocation-satisfied id="299" threadId="0000000000D60700" bytesRequested="1064" />
<af-end id="300" timestamp="2019-06-15T22:18:36.861" threadId="0000000000D61088" success="true" from="nursery"/>
<exclusive-end id="301" timestamp="2019-06-15T22:18:36.861" durationms="3.241" />

<exclusive-start id="302" timestamp="2019-06-15T22:18:36.913" intervalms="55.250">
  <response-info timems="0.048" idlems="0.048" threads="0" lastid="0000000000D60700" lastname="main" />
</exclusive-start>
<af-start id="303" threadId="0000000000D61088" totalBytesRequested="24" timestamp="2019-06-15T22:18:36.913" intervalms="55.276" type="nursery" />
<cycle-start id="304" type="scavenge" contextid="0" timestamp="2019-06-15T22:18:36.913" intervalms="55.324" />
<gc-start id="305" type="scavenge" contextid="304" timestamp="2019-06-15T22:18:36.913">
  <mem-info id="306" free="3834856" total="8388608" percent="45">
    <mem type="nursery" free="0" total="2097152" percent="0">
      <mem type="allocate" free="0" total="1703936" percent="0" />
      <mem type="survivor" free="0" total="393216" percent="0" />
    </mem>
    <mem type="tenure" free="3834856" total="6291456" percent="60">
      <mem type="soa" free="3520488" total="5977088" percent="58" />
      <mem type="loa" free="314368" total="314368" percent="100" />
    </mem>
    <remembered-set count="1153" />
  </mem-info>
</gc-start>
<allocation-stats totalBytes="1620192" >
  <allocated-bytes non-tlh="53288" tlh="1566904" />
  <largest-consumer threadName="main" threadId="0000000000D60700" bytes="1620192" />
</allocation-stats>
<gc-op id="307" type="scavenge" timems="2.295" contextid="304" timestamp="2019-06-15T22:18:36.916">
  <scavenger-info tenureage="3" tenuremask="ffe8" tiltratio="81" />
  <memory-copied type="nursery" objects="3569" bytes="150152" bytesdiscarded="84544" />
  <memory-copied type="tenure" objects="541" bytes="19824" bytesdiscarded="0" />
  <finalization candidates="3" enqueued="0" />
  <ownableSynchronizers candidates="1" cleared="0" />
  <references type="soft" candidates="66" cleared="0" enqueued="0" dynamicThreshold="32" maxThreshold="32" />
  <references type="weak" candidates="667" cleared="1" enqueued="1" />
  <references type="phantom" candidates="1" cleared="0" enqueued="0" />
</gc-op>
<gc-end id="308" type="scavenge" contextid="304" durationms="2.767" usertimems="0.000" systemtimems="0.000" timestamp="2019-06-15T22:18:36.916" activeThreads="4">
  <mem-info id="309" free="5264616" total="8388608" percent="62">
    <mem type="nursery" free="1468928" total="2097152" percent="70">
      <mem type="allocate" free="1468928" total="1703936" percent="86" />
      <mem type="survivor" free="0" total="393216" percent="0" />
    </mem>
    <mem type="tenure" free="3795688" total="6291456" percent="60" macro-fragmented="2592282">
      <mem type="soa" free="3481320" total="5977088" percent="58" />
      <mem type="loa" free="314368" total="314368" percent="100" />
    </mem>
    <pending-finalizers system="0" default="0" reference="1" classloader="0" />
    <remembered-set count="1012" />
  </mem-info>
</gc-end>
<cycle-end id="310" type="scavenge" contextid="304" timestamp="2019-06-15T22:18:36.916" />
  <attribute name="elasticGC enabled" value="1" />
  <attribute name= "numThreadsSpecified" value="4" />
  <attribute name="heapSize specified" value="0" />
  <attribute name="Current GC Util" value="5" />
  <attribute name= "Current Time Running" value="43560" />
  <attribute name ="GC Interval" value="200" />
  <attribute name="ProportionalT" value="-22.500000" />
  <attribute name="ProportionalI" value="-22.500000" />
  <attribute name="ProportionalH" value="-22.500000" />
  <attribute name="Current Error" value="-15.000000" />
  <attribute name="IntegralT" value="-825.000000" />
  <attribute name="IntegralI" value="-825.000000" />
  <attribute name="IntegralH" value="-825.000000" />
  <attribute name="DerivativeT" value="-0.272727" />
  <attribute name="DerivativeI" value="-0.272727" />
  <attribute name="DerivativeH" value="-0.272727" />
  <attribute name="Loop Time for DT" value="55.000000" />
  <attribute name="Output H" value="2092630016"/>
  <attribute name="Output I" value="200"/>
  <attribute name="Output T" value="4"/>
  <attribute name="Target GC Util Change" value ="20.000000" />
  <attribute name="Current GC Util Change" value="5.000000"/>
  <attribute name="GC Util currently" value="5" />
  <attribute name="CPU Util currently" value="4" />
<allocation-satisfied id="311" threadId="0000000000D60700" bytesRequested="24" />
<af-end id="312" timestamp="2019-06-15T22:18:36.916" threadId="0000000000D61088" success="true" from="nursery"/>
<exclusive-end id="313" timestamp="2019-06-15T22:18:36.916" durationms="3.421" />

<exclusive-start id="314" timestamp="2019-06-15T22:18:36.965" intervalms="52.337">
  <response-info timems="0.026" idlems="0.026" threads="0" lastid="0000000000D60700" lastname="main" />
</exclusive-start>
<af-start id="315" threadId="0000000000D61088" totalBytesRequested="256" timestamp="2019-06-15T22:18:36.965" intervalms="52.318" type="nursery" />
<cycle-start id="316" type="scavenge" contextid="0" timestamp="2019-06-15T22:18:36.965" intervalms="52.274" />
<gc-start id="317" type="scavenge" contextid="316" timestamp="2019-06-15T22:18:36.966">
  <mem-info id="318" free="3743368" total="8388608" percent="44">
    <mem type="nursery" free="0" total="2097152" percent="0">
      <mem type="allocate" free="0" total="1703936" percent="0" />
      <mem type="survivor" free="0" total="393216" percent="0" />
    </mem>
    <mem type="tenure" free="3743368" total="6291456" percent="59">
      <mem type="soa" free="3429000" total="5977088" percent="57" />
      <mem type="loa" free="314368" total="314368" percent="100" />
    </mem>
    <remembered-set count="1824" />
  </mem-info>
</gc-start>
<allocation-stats totalBytes="1519520" >
  <allocated-bytes non-tlh="52344" tlh="1467176" />
  <largest-consumer threadName="main" threadId="0000000000D60700" bytes="1519520" />
</allocation-stats>
<gc-op id="319" type="scavenge" timems="3.276" contextid="316" timestamp="2019-06-15T22:18:36.969">
  <scavenger-info tenureage="3" tenuremask="ffe8" tiltratio="81" />
  <memory-copied type="nursery" objects="7773" bytes="323400" bytesdiscarded="67008" />
  <memory-copied type="tenure" objects="1176" bytes="61560" bytesdiscarded="8" />
  <finalization candidates="12" enqueued="0" />
  <ownableSynchronizers candidates="2" cleared="0" />
  <references type="soft" candidates="233" cleared="0" enqueued="0" dynamicThreshold="32" maxThreshold="32" />
  <references type="weak" candidates="1688" cleared="400" enqueued="268" />
  <references type="phantom" candidates="2" cleared="1" enqueued="1" />
</gc-op>
<heap-resize id="320" type="expand" space="nursery" amount="131072" count="1" timems="0.153" reason="excessive time being spent scavenging" timestamp="2019-06-15T22:18:36.969" />
<gc-end id="321" type="scavenge" contextid="316" durationms="4.049" usertimems="4.000" systemtimems="0.000" timestamp="2019-06-15T22:18:36.970" activeThreads="4">
  <mem-info id="322" free="4934520" total="8519680" percent="57">
    <mem type="nursery" free="1246720" total="2228224" percent="55">
      <mem type="allocate" free="1246720" total="1638400" percent="76" />
      <mem type="survivor" free="0" total="589824" percent="0" />
    </mem>
    <mem type="tenure" free="3687800" total="6291456" percent="58" macro-fragmented="2160235">
      <mem type="soa" free="3373432" total="5977088" percent="56" />
      <mem type="loa" free="314368" total="314368" percent="100" />
    </mem>
    <pending-finalizers system="0" default="0" reference="269" classloader="0" />
    <remembered-set count="1386" />
  </mem-info>
</gc-end>
<cycle-end id="323" type="scavenge" contextid="316" timestamp="2019-06-15T22:18:36.970" />
  <attribute name="elasticGC enabled" value="1" />
  <attribute name= "numThreadsSpecified" value="4" />
  <attribute name="heapSize specified" value="0" />
  <attribute name="Current GC Util" value="6" />
  <attribute name= "Current Time Running" value="43613" />
  <attribute name ="GC Interval" value="200" />
  <attribute name="ProportionalT" value="-21.000000" />
  <attribute name="ProportionalI" value="-21.000000" />
  <attribute name="ProportionalH" value="-21.000000" />
  <attribute name="Current Error" value="-14.000000" />
  <attribute name="IntegralT" value="-742.000000" />
  <attribute name="IntegralI" value="-742.000000" />
  <attribute name="IntegralH" value="-742.000000" />
  <attribute name="DerivativeT" value="-0.264151" />
  <attribute name="DerivativeI" value="-0.264151" />
  <attribute name="DerivativeH" value="-0.264151" />
  <attribute name="Loop Time for DT" value="53.000000" />
  <attribute name="Output H" value="2092630016"/>
  <attribute name="Output I" value="200"/>
  <attribute name="Output T" value="4"/>
  <attribute name="Target GC Util Change" value ="20.000000" />
  <attribute name="Current GC Util Change" value="6.000000"/>
  <attribute name="GC Util currently" value="6" />
  <attribute name="CPU Util currently" value="88371332847" />
<allocation-satisfied id="324" threadId="0000000000D60700" bytesRequested="256" />
<af-end id="325" timestamp="2019-06-15T22:18:36.970" threadId="0000000000D61088" success="true" from="nursery"/>
<exclusive-end id="326" timestamp="2019-06-15T22:18:36.970" durationms="4.550" />

<exclusive-start id="327" timestamp="2019-06-15T22:18:37.003" intervalms="37.787">
  <response-info timems="0.053" idlems="0.053" threads="0" lastid="0000000000D60700" lastname="main" />
</exclusive-start>
<af-start id="328" threadId="0000000000D61088" totalBytesRequested="49656" timestamp="2019-06-15T22:18:37.003" intervalms="37.814" type="nursery" />
<cycle-start id="329" type="scavenge" contextid="0" timestamp="2019-06-15T22:18:37.003" intervalms="37.851" />
<gc-start id="330" type="scavenge" contextid="329" timestamp="2019-06-15T22:18:37.003">
  <mem-info id="331" free="3670480" total="8519680" percent="43">
    <mem type="nursery" free="0" total="2228224" percent="0">
      <mem type="allocate" free="0" total="1638400" percent="0" />
      <mem type="survivor" free="0" total="589824" percent="0" />
    </mem>
    <mem type="tenure" free="3670480" total="6291456" percent="58">
      <mem type="soa" free="3356112" total="5977088" percent="56" />
      <mem type="loa" free="314368" total="314368" percent="100" />
    </mem>
    <remembered-set count="1700" />
  </mem-info>
</gc-start>
<allocation-stats totalBytes="1248984" >
  <allocated-bytes non-tlh="279728" tlh="969256" />
  <largest-consumer threadName="main" threadId="0000000000D60700" bytes="1176024" />
</allocation-stats>
<gc-op id="332" type="scavenge" timems="2.613" contextid="329" timestamp="2019-06-15T22:18:37.006">
  <scavenger-info tenureage="3" tenuremask="6008" tiltratio="73" />
  <memory-copied type="nursery" objects="4624" bytes="564272" bytesdiscarded="24856" />
  <memory-copied type="tenure" objects="5320" bytes="192992" bytesdiscarded="40" />
  <copy-failed type="nursery" objects="4493" bytes="162408" />
  <finalization candidates="15" enqueued="0" />
  <ownableSynchronizers candidates="4" cleared="0" />
  <references type="soft" candidates="181" cleared="0" enqueued="0" dynamicThreshold="32" maxThreshold="32" />
  <references type="weak" candidates="1023" cleared="18" enqueued="17" />
  <references type="phantom" candidates="5" cleared="1" enqueued="1" />
</gc-op>
<gc-end id="333" type="scavenge" contextid="329" durationms="3.114" usertimems="4.000" systemtimems="0.000" timestamp="2019-06-15T22:18:37.007" activeThreads="4">
  <mem-info id="334" free="4024272" total="8519680" percent="47">
    <mem type="nursery" free="524288" total="2228224" percent="23">
      <mem type="allocate" free="524288" total="1114112" percent="47" />
      <mem type="survivor" free="0" total="1114112" percent="0" />
    </mem>
    <mem type="tenure" free="3499984" total="6291456" percent="55" macro-fragmented="1800196">
      <mem type="soa" free="3185616" total="5977088" percent="53" />
      <mem type="loa" free="314368" total="314368" percent="100" />
    </mem>
    <pending-finalizers system="0" default="0" reference="18" classloader="0" />
    <remembered-set count="2307" />
  </mem-info>
</gc-end>
<cycle-end id="335" type="scavenge" contextid="329" timestamp="2019-06-15T22:18:37.007" />
  <attribute name="elasticGC enabled" value="1" />
  <attribute name= "numThreadsSpecified" value="4" />
  <attribute name="heapSize specified" value="0" />
  <attribute name="Current GC Util" value="11" />
  <attribute name= "Current Time Running" value="43650" />
  <attribute name ="GC Interval" value="200" />
  <attribute name="ProportionalT" value="-13.500000" />
  <attribute name="ProportionalI" value="-13.500000" />
  <attribute name="ProportionalH" value="-13.500000" />
  <attribute name="Current Error" value="-9.000000" />
  <attribute name="IntegralT" value="-333.000000" />
  <attribute name="IntegralI" value="-333.000000" />
  <attribute name="IntegralH" value="-333.000000" />
  <attribute name="DerivativeT" value="-0.243243" />
  <attribute name="DerivativeI" value="-0.243243" />
  <attribute name="DerivativeH" value="-0.243243" />
  <attribute name="Loop Time for DT" value="37.000000" />
  <attribute name="Output H" value="2092630016"/>
  <attribute name="Output I" value="200"/>
  <attribute name="Output T" value="4"/>
  <attribute name="Target GC Util Change" value ="20.000000" />
  <attribute name="Current GC Util Change" value="11.000000"/>
  <attribute name="GC Util currently" value="11" />
  <attribute name="CPU Util currently" value="121564437788" />
<allocation-satisfied id="336" threadId="0000000000D60700" bytesRequested="49656" />
<af-end id="337" timestamp="2019-06-15T22:18:37.007" threadId="0000000000D61088" success="true" from="nursery"/>
<exclusive-end id="338" timestamp="2019-06-15T22:18:37.007" durationms="3.866" />

<exclusive-start id="339" timestamp="2019-06-15T22:18:37.019" intervalms="16.423">
  <response-info timems="0.070" idlems="0.070" threads="0" lastid="0000000000D60700" lastname="main" />
</exclusive-start>
<af-start id="340" threadId="0000000000D61088" totalBytesRequested="200008" timestamp="2019-06-15T22:18:37.020" intervalms="16.403" type="nursery" />
<cycle-start id="341" type="scavenge" contextid="0" timestamp="2019-06-15T22:18:37.020" intervalms="16.392" />
<gc-start id="342" type="scavenge" contextid="341" timestamp="2019-06-15T22:18:37.020">
  <mem-info id="343" free="3682280" total="8519680" percent="43">
    <mem type="nursery" free="187912" total="2228224" percent="8">
      <mem type="allocate" free="187912" total="1114112" percent="16" />
      <mem type="survivor" free="0" total="1114112" percent="0" />
    </mem>
    <mem type="tenure" free="3494368" total="6291456" percent="55">
      <mem type="soa" free="3180000" total="5977088" percent="53" />
      <mem type="loa" free="314368" total="314368" percent="100" />
    </mem>
    <remembered-set count="2400" />
  </mem-info>
</gc-start>
<allocation-stats totalBytes="340912" >
  <allocated-bytes non-tlh="55272" tlh="285640" />
  <largest-consumer threadName="main" threadId="0000000000D60700" bytes="332720" />
</allocation-stats>
<gc-op id="344" type="scavenge" timems="2.771" contextid="341" timestamp="2019-06-15T22:18:37.023">
  <scavenger-info tenureage="3" tenuremask="ffe8" tiltratio="50" />
  <memory-copied type="nursery" objects="4256" bytes="503336" bytesdiscarded="71040" />
  <memory-copied type="tenure" objects="568" bytes="23120" bytesdiscarded="0" />
  <finalization candidates="15" enqueued="0" />
  <ownableSynchronizers candidates="4" cleared="0" />
  <references type="soft" candidates="182" cleared="0" enqueued="0" dynamicThreshold="32" maxThreshold="32" />
  <references type="weak" candidates="753" cleared="11" enqueued="8" />
  <references type="phantom" candidates="6" cleared="1" enqueued="1" />
</gc-op>
<heap-resize id="345" type="expand" space="nursery" amount="262144" count="1" timems="0.014" reason="excessive time being spent scavenging" timestamp="2019-06-15T22:18:37.023" />
<gc-end id="346" type="scavenge" contextid="341" durationms="3.319" usertimems="4.000" systemtimems="0.000" timestamp="2019-06-15T22:18:37.023" activeThreads="4">
  <mem-info id="347" free="4125384" total="8781824" percent="46">
    <mem type="nursery" free="670184" total="2490368" percent="26">
      <mem type="allocate" free="670184" total="1245184" percent="53" />
      <mem type="survivor" free="0" total="1245184" percent="0" />
    </mem>
    <mem type="tenure" free="3455200" total="6291456" percent="54" macro-fragmented="2592282">
      <mem type="soa" free="3140832" total="5977088" percent="52" />
      <mem type="loa" free="314368" total="314368" percent="100" />
    </mem>
    <pending-finalizers system="0" default="0" reference="9" classloader="0" />
    <remembered-set count="1559" />
  </mem-info>
</gc-end>
<cycle-end id="348" type="scavenge" contextid="341" timestamp="2019-06-15T22:18:37.023" />
  <attribute name="elasticGC enabled" value="1" />
  <attribute name= "numThreadsSpecified" value="4" />
  <attribute name="heapSize specified" value="0" />
  <attribute name="Current GC Util" value="24" />
  <attribute name= "Current Time Running" value="43667" />
  <attribute name ="GC Interval" value="200" />
  <attribute name="ProportionalT" value="6.000000" />
  <attribute name="ProportionalI" value="6.000000" />
  <attribute name="ProportionalH" value="6.000000" />
  <attribute name="Current Error" value="4.000000" />
  <attribute name="IntegralT" value="68.000000" />
  <attribute name="IntegralI" value="68.000000" />
  <attribute name="IntegralH" value="68.000000" />
  <attribute name="DerivativeT" value="0.235294" />
  <attribute name="DerivativeI" value="0.235294" />
  <attribute name="DerivativeH" value="0.235294" />
  <attribute name="Loop Time for DT" value="17.000000" />
  <attribute name="Output H" value="8388608"/>
  <attribute name="Output I" value="200"/>
  <attribute name="Output T" value="4"/>
  <attribute name="Target GC Util Change" value ="20.000000" />
  <attribute name="Current GC Util Change" value="24.000000"/>
  <attribute name="GC Util currently" value="24" />
  <attribute name="CPU Util currently" value="282366834576" />
<allocation-satisfied id="349" threadId="0000000000D60700" bytesRequested="200008" />
<af-end id="350" timestamp="2019-06-15T22:18:37.023" threadId="0000000000D61088" success="true" from="nursery"/>
<exclusive-end id="351" timestamp="2019-06-15T22:18:37.024" durationms="4.067" />

<exclusive-start id="352" timestamp="2019-06-15T22:18:37.033" intervalms="13.934">
  <response-info timems="0.058" idlems="0.058" threads="0" lastid="0000000000D60700" lastname="main" />
</exclusive-start>
<af-start id="353" threadId="0000000000D61088" totalBytesRequested="47920" timestamp="2019-06-15T22:18:37.034" intervalms="13.926" type="nursery" />
<cycle-start id="354" type="scavenge" contextid="0" timestamp="2019-06-15T22:18:37.034" intervalms="13.921" />
<gc-start id="355" type="scavenge" contextid="354" timestamp="2019-06-15T22:18:37.034">
  <mem-info id="356" free="3453432" total="8781824" percent="39">
    <mem type="nursery" free="0" total="2490368" percent="0">
      <mem type="allocate" free="0" total="1245184" percent="0" />
      <mem type="survivor" free="0" total="1245184" percent="0" />
    </mem>
    <mem type="tenure" free="3453432" total="6291456" percent="54">
      <mem type="soa" free="3139064" total="5977088" percent="52" />
      <mem type="loa" free="314368" total="314368" percent="100" />
    </mem>
    <remembered-set count="1586" />
  </mem-info>
</gc-start>
<allocation-stats totalBytes="659928" >
  <allocated-bytes non-tlh="298864" tlh="361064" />
  <largest-consumer threadName="main" threadId="0000000000D60700" bytes="651736" />
</allocation-stats>
<gc-op id="357" type="scavenge" timems="2.146" contextid="354" timestamp="2019-06-15T22:18:37.036">
  <scavenger-info tenureage="3" tenuremask="ffe8" tiltratio="50" />
  <memory-copied type="nursery" objects="1508" bytes="698248" bytesdiscarded="56688" />
  <memory-copied type="tenure" objects="2761" bytes="116776" bytesdiscarded="56" />
  <finalization candidates="15" enqueued="0" />
  <ownableSynchronizers candidates="3" cleared="0" />
  <references type="soft" candidates="50" cleared="0" enqueued="0" dynamicThreshold="32" maxThreshold="32" />
  <references type="weak" candidates="281" cleared="0" enqueued="0" />
  <references type="phantom" candidates="5" cleared="0" enqueued="0" />
</gc-op>
<heap-resize id="358" type="expand" space="nursery" amount="262144" count="1" timems="0.010" reason="excessive time being spent scavenging" timestamp="2019-06-15T22:18:37.036" />
<gc-end id="359" type="scavenge" contextid="354" durationms="2.623" usertimems="4.000" systemtimems="0.000" timestamp="2019-06-15T22:18:37.036" activeThreads="4">
  <mem-info id="360" free="4092240" total="9043968" percent="45">
    <mem type="nursery" free="817752" total="2752512" percent="29">
      <mem type="allocate" free="817752" total="1572864" percent="51" />
      <mem type="survivor" free="0" total="1179648" percent="0" />
    </mem>
    <mem type="tenure" free="3274488" total="6291456" percent="52" macro-fragmented="2160235">
      <mem type="soa" free="2960120" total="5977088" percent="49" />
      <mem type="loa" free="314368" total="314368" percent="100" />
    </mem>
    <remembered-set count="655" />
  </mem-info>
</gc-end>
<cycle-end id="361" type="scavenge" contextid="354" timestamp="2019-06-15T22:18:37.036" />
  <attribute name="elasticGC enabled" value="1" />
  <attribute name= "numThreadsSpecified" value="4" />
  <attribute name="heapSize specified" value="0" />
  <attribute name="Current GC Util" value="27" />
  <attribute name= "Current Time Running" value="43681" />
  <attribute name ="GC Interval" value="200" />
  <attribute name="ProportionalT" value="10.500000" />
  <attribute name="ProportionalI" value="10.500000" />
  <attribute name="ProportionalH" value="10.500000" />
  <attribute name="Current Error" value="7.000000" />
  <attribute name="IntegralT" value="98.000000" />
  <attribute name="IntegralI" value="98.000000" />
  <attribute name="IntegralH" value="98.000000" />
  <attribute name="DerivativeT" value="0.214286" />
  <attribute name="DerivativeI" value="0.214286" />
  <attribute name="DerivativeH" value="0.214286" />
  <attribute name="Loop Time for DT" value="14.000000" />
  <attribute name="Output H" value="8388608"/>
  <attribute name="Output I" value="200"/>
  <attribute name="Output T" value="4"/>
  <attribute name="Target GC Util Change" value ="20.000000" />
  <attribute name="Current GC Util Change" value="27.000000"/>
  <attribute name="GC Util currently" value="27" />
  <attribute name="CPU Util currently" value="331742034468" />
<allocation-satisfied id="362" threadId="0000000000D60700" bytesRequested="47920" />
<af-end id="363" timestamp="2019-06-15T22:18:37.037" threadId="0000000000D61088" success="true" from="nursery"/>
<exclusive-end id="364" timestamp="2019-06-15T22:18:37.037" durationms="3.239" />

<exclusive-start id="365" timestamp="2019-06-15T22:18:37.050" intervalms="16.832">
  <response-info timems="0.067" idlems="0.067" threads="0" lastid="0000000000D60700" lastname="main" />
</exclusive-start>
<af-start id="366" threadId="0000000000D61088" totalBytesRequested="130056" timestamp="2019-06-15T22:18:37.050" intervalms="16.796" type="nursery" />
<cycle-start id="367" type="scavenge" contextid="0" timestamp="2019-06-15T22:18:37.050" intervalms="16.771" />
<gc-start id="368" type="scavenge" contextid="367" timestamp="2019-06-15T22:18:37.050">
  <mem-info id="369" free="3359376" total="9043968" percent="37">
    <mem type="nursery" free="97864" total="2752512" percent="3">
      <mem type="allocate" free="97864" total="1572864" percent="6" />
      <mem type="survivor" free="0" total="1179648" percent="0" />
    </mem>
    <mem type="tenure" free="3261512" total="6291456" percent="51">
      <mem type="soa" free="2947144" total="5977088" percent="49" />
      <mem type="loa" free="314368" total="314368" percent="100" />
    </mem>
    <remembered-set count="867" />
  </mem-info>
</gc-start>
<allocation-stats totalBytes="706272" >
  <allocated-bytes non-tlh="387576" tlh="318696" />
  <largest-consumer threadName="main" threadId="0000000000D60700" bytes="706272" />
</allocation-stats>
<gc-op id="370" type="scavenge" timems="0.961" contextid="367" timestamp="2019-06-15T22:18:37.052">
  <scavenger-info tenureage="3" tenuremask="7c08" tiltratio="57" />
  <memory-copied type="nursery" objects="645" bytes="639576" bytesdiscarded="114920" />
  <memory-copied type="tenure" objects="1214" bytes="339440" bytesdiscarded="128" />
  <finalization candidates="6" enqueued="0" />
  <ownableSynchronizers candidates="2" cleared="0" />
  <references type="soft" candidates="11" cleared="0" enqueued="0" dynamicThreshold="32" maxThreshold="32" />
  <references type="weak" candidates="23" cleared="1" enqueued="1" />
  <references type="phantom" candidates="3" cleared="0" enqueued="0" />
</gc-op>
<gc-end id="371" type="scavenge" contextid="367" durationms="1.372" usertimems="0.000" systemtimems="0.000" timestamp="2019-06-15T22:18:37.052" activeThreads="1">
  <mem-info id="372" free="3935944" total="9043968" percent="43">
    <mem type="nursery" free="1014920" total="2752512" percent="36">
      <mem type="allocate" free="1014920" total="1769472" percent="57" />
      <mem type="survivor" free="0" total="983040" percent="0" />
    </mem>
    <mem type="tenure" free="2921024" total="6291456" percent="46" macro-fragmented="2160235">
      <mem type="soa" free="2606656" total="5977088" percent="43" />
      <mem type="loa" free="314368" total="314368" percent="100" />
    </mem>
    <pending-finalizers system="0" default="0" reference="1" classloader="0" />
    <remembered-set count="358" />
  </mem-info>
</gc-end>
<cycle-end id="373" type="scavenge" contextid="367" timestamp="2019-06-15T22:18:37.052" />
  <attribute name="elasticGC enabled" value="1" />
  <attribute name= "numThreadsSpecified" value="1" />
  <attribute name="heapSize specified" value="0" />
  <attribute name="Current GC Util" value="20" />
  <attribute name= "Current Time Running" value="43697" />
  <attribute name ="GC Interval" value="200" />
  <attribute name="ProportionalT" value="0.000000" />
  <attribute name="ProportionalI" value="0.000000" />
  <attribute name="ProportionalH" value="0.000000" />
  <attribute name="Current Error" value="0.000000" />
  <attribute name="IntegralT" value="0.000000" />
  <attribute name="IntegralI" value="0.000000" />
  <attribute name="IntegralH" value="0.000000" />
  <attribute name="DerivativeT" value="-0.437500" />
  <attribute name="DerivativeI" value="-0.437500" />
  <attribute name="DerivativeH" value="-0.437500" />
  <attribute name="Loop Time for DT" value="16.000000" />
  <attribute name="Output H" value="8388608"/>
  <attribute name="Output I" value="200"/>
  <attribute name="Output T" value="1"/>
  <attribute name="Target GC Util Change" value ="20.000000" />
  <attribute name="Current GC Util Change" value="20.000000"/>
  <attribute name="GC Util currently" value="20" />
  <attribute name="CPU Util currently" value="275458567374" />
<allocation-satisfied id="374" threadId="0000000000D60700" bytesRequested="130056" />
<af-end id="375" timestamp="2019-06-15T22:18:37.052" threadId="0000000000D61088" success="true" from="nursery"/>
<exclusive-end id="376" timestamp="2019-06-15T22:18:37.052" durationms="1.818" />

<exclusive-start id="377" timestamp="2019-06-15T22:18:37.067" intervalms="16.454">
  <response-info timems="0.046" idlems="0.046" threads="0" lastid="0000000000D60700" lastname="main" />
</exclusive-start>
<af-start id="378" threadId="0000000000D61088" totalBytesRequested="8816" timestamp="2019-06-15T22:18:37.067" intervalms="16.500" type="nursery" />
<cycle-start id="379" type="scavenge" contextid="0" timestamp="2019-06-15T22:18:37.067" intervalms="16.525" />
<gc-start id="380" type="scavenge" contextid="379" timestamp="2019-06-15T22:18:37.067">
  <mem-info id="381" free="2917672" total="9043968" percent="32">
    <mem type="nursery" free="0" total="2752512" percent="0">
      <mem type="allocate" free="0" total="1769472" percent="0" />
      <mem type="survivor" free="0" total="983040" percent="0" />
    </mem>
    <mem type="tenure" free="2917672" total="6291456" percent="46">
      <mem type="soa" free="2603304" total="5977088" percent="43" />
      <mem type="loa" free="314368" total="314368" percent="100" />
    </mem>
    <remembered-set count="401" />
  </mem-info>
</gc-start>
<allocation-stats totalBytes="1009328" >
  <allocated-bytes non-tlh="656704" tlh="352624" />
  <largest-consumer threadName="main" threadId="0000000000D60700" bytes="1009328" />
</allocation-stats>
<gc-op id="382" type="scavenge" timems="1.642" contextid="379" timestamp="2019-06-15T22:18:37.069">
  <scavenger-info tenureage="9" tenuremask="7e00" tiltratio="64" />
  <memory-copied type="nursery" objects="667" bytes="567232" bytesdiscarded="184640" />
  <references type="soft" candidates="11" cleared="0" enqueued="0" dynamicThreshold="32" maxThreshold="32" />
  <references type="weak" candidates="21" cleared="0" enqueued="0" />
  <references type="phantom" candidates="2" cleared="0" enqueued="0" />
</gc-op>
<heap-resize id="383" type="expand" space="nursery" amount="262144" count="1" timems="0.011" reason="excessive time being spent scavenging" timestamp="2019-06-15T22:18:37.069" />
<gc-end id="384" type="scavenge" contextid="379" durationms="2.168" usertimems="4.000" systemtimems="0.000" timestamp="2019-06-15T22:18:37.069" activeThreads="4">
  <mem-info id="385" free="4131824" total="9306112" percent="44">
    <mem type="nursery" free="1214152" total="3014656" percent="40">
      <mem type="allocate" free="1214152" total="1966080" percent="61" />
      <mem type="survivor" free="0" total="1048576" percent="0" />
    </mem>
    <mem type="tenure" free="2917672" total="6291456" percent="46" macro-fragmented="2160235">
      <mem type="soa" free="2603304" total="5977088" percent="43" />
      <mem type="loa" free="314368" total="314368" percent="100" />
    </mem>
    <remembered-set count="383" />
  </mem-info>
</gc-end>
<cycle-end id="386" type="scavenge" contextid="379" timestamp="2019-06-15T22:18:37.069" />
  <attribute name="elasticGC enabled" value="1" />
  <attribute name= "numThreadsSpecified" value="4" />
  <attribute name="heapSize specified" value="0" />
  <attribute name="Current GC Util" value="5" />
  <attribute name= "Current Time Running" value="43714" />
  <attribute name ="GC Interval" value="200" />
  <attribute name="ProportionalT" value="-22.500000" />
  <attribute name="ProportionalI" value="-22.500000" />
  <attribute name="ProportionalH" value="-22.500000" />
  <attribute name="Current Error" value="-15.000000" />
  <attribute name="IntegralT" value="-255.000000" />
  <attribute name="IntegralI" value="-255.000000" />
  <attribute name="IntegralH" value="-255.000000" />
  <attribute name="DerivativeT" value="-0.882353" />
  <attribute name="DerivativeI" value="-0.882353" />
  <attribute name="DerivativeH" value="-0.882353" />
  <attribute name="Loop Time for DT" value="17.000000" />
  <attribute name="Output H" value="2092630016"/>
  <attribute name="Output I" value="200"/>
  <attribute name="Output T" value="4"/>
  <attribute name="Target GC Util Change" value ="20.000000" />
  <attribute name="Current GC Util Change" value="5.000000"/>
  <attribute name="GC Util currently" value="5" />
  <attribute name="CPU Util currently" value="277972495978" />
<allocation-satisfied id="387" threadId="0000000000D60700" bytesRequested="8816" />
<af-end id="388" timestamp="2019-06-15T22:18:37.069" threadId="0000000000D61088" success="true" from="nursery"/>
<exclusive-end id="389" timestamp="2019-06-15T22:18:37.070" durationms="2.801" />

<exclusive-start id="390" timestamp="2019-06-15T22:18:37.115" intervalms="48.046">
  <response-info timems="0.060" idlems="0.060" threads="0" lastid="0000000000D60700" lastname="main" />
</exclusive-start>
<af-start id="391" threadId="0000000000D61088" totalBytesRequested="10128" timestamp="2019-06-15T22:18:37.115" intervalms="48.067" type="nursery" />
<cycle-start id="392" type="scavenge" contextid="0" timestamp="2019-06-15T22:18:37.115" intervalms="48.086" />
<gc-start id="393" type="scavenge" contextid="392" timestamp="2019-06-15T22:18:37.115">
  <mem-info id="394" free="2899432" total="9306112" percent="31">
    <mem type="nursery" free="0" total="3014656" percent="0">
      <mem type="allocate" free="0" total="1966080" percent="0" />
      <mem type="survivor" free="0" total="1048576" percent="0" />
    </mem>
    <mem type="tenure" free="2899432" total="6291456" percent="46">
      <mem type="soa" free="2585064" total="5977088" percent="43" />
      <mem type="loa" free="314368" total="314368" percent="100" />
    </mem>
    <remembered-set count="696" />
  </mem-info>
</gc-start>
<allocation-stats totalBytes="1196952" >
  <allocated-bytes non-tlh="27056" tlh="1169896" />
  <largest-consumer threadName="main" threadId="0000000000D60700" bytes="1196952" />
</allocation-stats>
<gc-op id="395" type="scavenge" timems="2.004" contextid="392" timestamp="2019-06-15T22:18:37.117">
  <scavenger-info tenureage="3" tenuremask="7e18" tiltratio="65" />
  <memory-copied type="nursery" objects="3895" bytes="423736" bytesdiscarded="63296" />
  <memory-copied type="tenure" objects="266" bytes="277400" bytesdiscarded="0" />
  <references type="weak" candidates="2" cleared="2" enqueued="2" />
</gc-op>
<gc-end id="396" type="scavenge" contextid="392" durationms="2.625" usertimems="4.000" systemtimems="0.000" timestamp="2019-06-15T22:18:37.118" activeThreads="4">
  <mem-info id="397" free="4334104" total="9306112" percent="46">
    <mem type="nursery" free="1675656" total="3014656" percent="55">
      <mem type="allocate" free="1675656" total="2162688" percent="77" />
      <mem type="survivor" free="0" total="851968" percent="0" />
    </mem>
    <mem type="tenure" free="2658448" total="6291456" percent="42" macro-fragmented="1800196">
      <mem type="soa" free="2344080" total="5977088" percent="39" />
      <mem type="loa" free="314368" total="314368" percent="100" />
    </mem>
    <pending-finalizers system="0" default="0" reference="2" classloader="0" />
    <remembered-set count="446" />
  </mem-info>
</gc-end>
<cycle-end id="398" type="scavenge" contextid="392" timestamp="2019-06-15T22:18:37.118" />
  <attribute name="elasticGC enabled" value="1" />
  <attribute name= "numThreadsSpecified" value="4" />
  <attribute name="heapSize specified" value="0" />
  <attribute name="Current GC Util" value="6" />
  <attribute name= "Current Time Running" value="43762" />
  <attribute name ="GC Interval" value="200" />
  <attribute name="ProportionalT" value="-21.000000" />
  <attribute name="ProportionalI" value="-21.000000" />
  <attribute name="ProportionalH" value="-21.000000" />
  <attribute name="Current Error" value="-14.000000" />
  <attribute name="IntegralT" value="-672.000000" />
  <attribute name="IntegralI" value="-672.000000" />
  <attribute name="IntegralH" value="-672.000000" />
  <attribute name="DerivativeT" value="-0.291667" />
  <attribute name="DerivativeI" value="-0.291667" />
  <attribute name="DerivativeH" value="-0.291667" />
  <attribute name="Loop Time for DT" value="48.000000" />
  <attribute name="Output H" value="2092630016"/>
  <attribute name="Output I" value="200"/>
  <attribute name="Output T" value="4"/>
  <attribute name="Target GC Util Change" value ="20.000000" />
  <attribute name="Current GC Util Change" value="6.000000"/>
  <attribute name="GC Util currently" value="6" />
  <attribute name="CPU Util currently" value="95654388228" />
<allocation-satisfied id="399" threadId="0000000000D60700" bytesRequested="10128" />
<af-end id="400" timestamp="2019-06-15T22:18:37.118" threadId="0000000000D61088" success="true" from="nursery"/>
<exclusive-end id="401" timestamp="2019-06-15T22:18:37.118" durationms="3.426" />

<exclusive-start id="402" timestamp="2019-06-15T22:18:37.174" intervalms="59.061">
  <response-info timems="0.034" idlems="0.034" threads="0" lastid="0000000000D60700" lastname="main" />
</exclusive-start>
<af-start id="403" threadId="0000000000D61088" totalBytesRequested="23272" timestamp="2019-06-15T22:18:37.174" intervalms="59.023" type="nursery" />
<cycle-start id="404" type="scavenge" contextid="0" timestamp="2019-06-15T22:18:37.174" intervalms="58.975" />
<gc-start id="405" type="scavenge" contextid="404" timestamp="2019-06-15T22:18:37.174">
  <mem-info id="406" free="2628984" total="9306112" percent="28">
    <mem type="nursery" free="0" total="3014656" percent="0">
      <mem type="allocate" free="0" total="2162688" percent="0" />
      <mem type="survivor" free="0" total="851968" percent="0" />
    </mem>
    <mem type="tenure" free="2628984" total="6291456" percent="41">
      <mem type="soa" free="2314616" total="5977088" percent="38" />
      <mem type="loa" free="314368" total="314368" percent="100" />
    </mem>
    <remembered-set count="850" />
  </mem-info>
</gc-start>
<allocation-stats totalBytes="1661008" >
  <allocated-bytes non-tlh="39592" tlh="1621416" />
  <largest-consumer threadName="main" threadId="0000000000D60700" bytes="1661008" />
</allocation-stats>
<gc-op id="407" type="scavenge" timems="1.585" contextid="404" timestamp="2019-06-15T22:18:37.176">
  <scavenger-info tenureage="3" tenuremask="7e08" tiltratio="71" />
  <memory-copied type="nursery" objects="6230" bytes="319000" bytesdiscarded="101184" />
  <memory-copied type="tenure" objects="346" bytes="283640" bytesdiscarded="0" />
  <references type="soft" candidates="54" cleared="0" enqueued="0" dynamicThreshold="32" maxThreshold="32" />
  <references type="weak" candidates="193" cleared="0" enqueued="0" />
  <references type="phantom" candidates="1" cleared="0" enqueued="0" />
</gc-op>
<gc-end id="408" type="scavenge" contextid="404" durationms="1.863" usertimems="0.000" systemtimems="0.000" timestamp="2019-06-15T22:18:37.176" activeThreads="4">
  <mem-info id="409" free="4174720" total="9306112" percent="44">
    <mem type="nursery" free="1807896" total="3014656" percent="59">
      <mem type="allocate" free="1807896" total="2228224" percent="81" />
      <mem type="survivor" free="0" total="786432" percent="0" />
    </mem>
    <mem type="tenure" free="2366824" total="6291456" percent="37" macro-fragmented="1500163">
      <mem type="soa" free="2052456" total="5977088" percent="34" />
      <mem type="loa" free="314368" total="314368" percent="100" />
    </mem>
    <remembered-set count="814" />
  </mem-info>
</gc-end>
<cycle-end id="410" type="scavenge" contextid="404" timestamp="2019-06-15T22:18:37.176" />
  <attribute name="elasticGC enabled" value="1" />
  <attribute name= "numThreadsSpecified" value="4" />
  <attribute name="heapSize specified" value="0" />
  <attribute name="Current GC Util" value="5" />
  <attribute name= "Current Time Running" value="43821" />
  <attribute name ="GC Interval" value="200" />
  <attribute name="ProportionalT" value="-22.500000" />
  <attribute name="ProportionalI" value="-22.500000" />
  <attribute name="ProportionalH" value="-22.500000" />
  <attribute name="Current Error" value="-15.000000" />
  <attribute name="IntegralT" value="-885.000000" />
  <attribute name="IntegralI" value="-885.000000" />
  <attribute name="IntegralH" value="-885.000000" />
  <attribute name="DerivativeT" value="-0.254237" />
  <attribute name="DerivativeI" value="-0.254237" />
  <attribute name="DerivativeH" value="-0.254237" />
  <attribute name="Loop Time for DT" value="59.000000" />
  <attribute name="Output H" value="2092630016"/>
  <attribute name="Output I" value="200"/>
  <attribute name="Output T" value="4"/>
  <attribute name="Target GC Util Change" value ="20.000000" />
  <attribute name="Current GC Util Change" value="5.000000"/>
  <attribute name="GC Util currently" value="5" />
  <attribute name="CPU Util currently" value="78424151162" />
<allocation-satisfied id="411" threadId="0000000000D60700" bytesRequested="23272" />
<af-end id="412" timestamp="2019-06-15T22:18:37.176" threadId="0000000000D61088" success="true" from="nursery"/>
<exclusive-end id="413" timestamp="2019-06-15T22:18:37.176" durationms="2.380" />

<exclusive-start id="414" timestamp="2019-06-15T22:18:37.226" intervalms="52.543">
  <response-info timems="0.033" idlems="0.033" threads="0" lastid="0000000000D60700" lastname="main" />
</exclusive-start>
<af-start id="415" threadId="0000000000D61088" totalBytesRequested="23264" timestamp="2019-06-15T22:18:37.226" intervalms="52.547" type="nursery" />
<cycle-start id="416" type="scavenge" contextid="0" timestamp="2019-06-15T22:18:37.227" intervalms="52.553" />
<gc-start id="417" type="scavenge" contextid="416" timestamp="2019-06-15T22:18:37.227">
  <mem-info id="418" free="2335456" total="9306112" percent="25">
    <mem type="nursery" free="0" total="3014656" percent="0">
      <mem type="allocate" free="0" total="2228224" percent="0" />
      <mem type="survivor" free="0" total="786432" percent="0" />
    </mem>
    <mem type="tenure" free="2335456" total="6291456" percent="37">
      <mem type="soa" free="2021088" total="5977088" percent="33" />
      <mem type="loa" free="314368" total="314368" percent="100" />
    </mem>
    <remembered-set count="1170" />
  </mem-info>
</gc-start>
<allocation-stats totalBytes="1825256" >
  <allocated-bytes non-tlh="54640" tlh="1770616" />
  <largest-consumer threadName="main" threadId="0000000000D60700" bytes="1825256" />
</allocation-stats>
<gc-op id="419" type="scavenge" timems="0.883" contextid="416" timestamp="2019-06-15T22:18:37.228">
  <scavenger-info tenureage="9" tenuremask="7e00" tiltratio="73" />
  <memory-copied type="nursery" objects="7081" bytes="309824" bytesdiscarded="100448" />
  <references type="soft" candidates="54" cleared="0" enqueued="0" dynamicThreshold="32" maxThreshold="32" />
  <references type="weak" candidates="414" cleared="0" enqueued="0" />
</gc-op>
<gc-end id="420" type="scavenge" contextid="416" durationms="1.226" usertimems="4.000" systemtimems="0.000" timestamp="2019-06-15T22:18:37.228" activeThreads="4">
  <mem-info id="421" free="4218672" total="9306112" percent="45">
    <mem type="nursery" free="1883216" total="3014656" percent="62">
      <mem type="allocate" free="1883216" total="2293760" percent="82" />
      <mem type="survivor" free="0" total="720896" percent="0" />
    </mem>
    <mem type="tenure" free="2335456" total="6291456" percent="37" macro-fragmented="0">
      <mem type="soa" free="2021088" total="5977088" percent="33" />
      <mem type="loa" free="314368" total="314368" percent="100" />
    </mem>
    <remembered-set count="874" />
  </mem-info>
</gc-end>
<cycle-end id="422" type="scavenge" contextid="416" timestamp="2019-06-15T22:18:37.228" />
  <attribute name="elasticGC enabled" value="1" />
  <attribute name= "numThreadsSpecified" value="4" />
  <attribute name="heapSize specified" value="0" />
  <attribute name="Current GC Util" value="5" />
  <attribute name= "Current Time Running" value="43874" />
  <attribute name ="GC Interval" value="200" />
  <attribute name="ProportionalT" value="-22.500000" />
  <attribute name="ProportionalI" value="-22.500000" />
  <attribute name="ProportionalH" value="-22.500000" />
  <attribute name="Current Error" value="-15.000000" />
  <attribute name="IntegralT" value="-795.000000" />
  <attribute name="IntegralI" value="-795.000000" />
  <attribute name="IntegralH" value="-795.000000" />
  <attribute name="DerivativeT" value="-0.283019" />
  <attribute name="DerivativeI" value="-0.283019" />
  <attribute name="DerivativeH" value="-0.283019" />
  <attribute name="Loop Time for DT" value="53.000000" />
  <attribute name="Output H" value="2092630016"/>
  <attribute name="Output I" value="200"/>
  <attribute name="Output T" value="4"/>
  <attribute name="Target GC Util Change" value ="20.000000" />
  <attribute name="Current GC Util Change" value="5.000000"/>
  <attribute name="GC Util currently" value="5" />
  <attribute name="CPU Util currently" value="87736237970" />
<allocation-satisfied id="423" threadId="0000000000D60700" bytesRequested="23264" />
<af-end id="424" timestamp="2019-06-15T22:18:37.228" threadId="0000000000D61088" success="true" from="nursery"/>
<exclusive-end id="425" timestamp="2019-06-15T22:18:37.228" durationms="1.831" />

<exclusive-start id="426" timestamp="2019-06-15T22:18:37.278" intervalms="51.261">
  <response-info timems="0.059" idlems="0.059" threads="0" lastid="0000000000D60700" lastname="main" />
</exclusive-start>
<af-start id="427" threadId="0000000000D61088" totalBytesRequested="1272" timestamp="2019-06-15T22:18:37.278" intervalms="51.294" type="nursery" />
<cycle-start id="428" type="scavenge" contextid="0" timestamp="2019-06-15T22:18:37.278" intervalms="51.332" />
<gc-start id="429" type="scavenge" contextid="428" timestamp="2019-06-15T22:18:37.278">
  <mem-info id="430" free="2311344" total="9306112" percent="24">
    <mem type="nursery" free="0" total="3014656" percent="0">
      <mem type="allocate" free="0" total="2293760" percent="0" />
      <mem type="survivor" free="0" total="720896" percent="0" />
    </mem>
    <mem type="tenure" free="2311344" total="6291456" percent="36">
      <mem type="soa" free="1996976" total="5977088" percent="33" />
      <mem type="loa" free="314368" total="314368" percent="100" />
    </mem>
    <remembered-set count="1143" />
  </mem-info>
</gc-start>
<allocation-stats totalBytes="1904696" >
  <allocated-bytes non-tlh="47376" tlh="1857320" />
  <largest-consumer threadName="main" threadId="0000000000D60700" bytes="1904696" />
</allocation-stats>
<gc-op id="431" type="scavenge" timems="1.101" contextid="428" timestamp="2019-06-15T22:18:37.279">
  <scavenger-info tenureage="3" tenuremask="7e08" tiltratio="76" />
  <memory-copied type="nursery" objects="5181" bytes="237872" bytesdiscarded="56496" />
  <memory-copied type="tenure" objects="3494" bytes="130096" bytesdiscarded="144" />
  <references type="soft" candidates="54" cleared="0" enqueued="0" dynamicThreshold="32" maxThreshold="32" />
  <references type="weak" candidates="657" cleared="0" enqueued="0" />
  <references type="phantom" candidates="1" cleared="0" enqueued="0" />
</gc-op>
<gc-end id="432" type="scavenge" contextid="428" durationms="1.375" usertimems="0.000" systemtimems="0.000" timestamp="2019-06-15T22:18:37.279" activeThreads="4">
  <mem-info id="433" free="4196952" total="9306112" percent="45">
    <mem type="nursery" free="2064552" total="3014656" percent="68">
      <mem type="allocate" free="2064552" total="2359296" percent="87" />
      <mem type="survivor" free="0" total="655360" percent="0" />
    </mem>
    <mem type="tenure" free="2132400" total="6291456" percent="33" macro-fragmented="1500163">
      <mem type="soa" free="1818032" total="5977088" percent="30" />
      <mem type="loa" free="314368" total="314368" percent="100" />
    </mem>
    <remembered-set count="888" />
  </mem-info>
</gc-end>
<cycle-end id="434" type="scavenge" contextid="428" timestamp="2019-06-15T22:18:37.279" />
  <attribute name="elasticGC enabled" value="1" />
  <attribute name= "numThreadsSpecified" value="4" />
  <attribute name="heapSize specified" value="0" />
  <attribute name="Current GC Util" value="3" />
  <attribute name= "Current Time Running" value="43925" />
  <attribute name ="GC Interval" value="200" />
  <attribute name="ProportionalT" value="-25.500000" />
  <attribute name="ProportionalI" value="-25.500000" />
  <attribute name="ProportionalH" value="-25.500000" />
  <attribute name="Current Error" value="-17.000000" />
  <attribute name="IntegralT" value="-867.000000" />
  <attribute name="IntegralI" value="-867.000000" />
  <attribute name="IntegralH" value="-867.000000" />
  <attribute name="DerivativeT" value="-0.333333" />
  <attribute name="DerivativeI" value="-0.333333" />
  <attribute name="DerivativeH" value="-0.333333" />
  <attribute name="Loop Time for DT" value="51.000000" />
  <attribute name="Output H" value="2092630016"/>
  <attribute name="Output I" value="200"/>
  <attribute name="Output T" value="4"/>
  <attribute name="Target GC Util Change" value ="20.000000" />
  <attribute name="Current GC Util Change" value="3.000000"/>
  <attribute name="GC Util currently" value="3" />
  <attribute name="CPU Util currently" value="89763542554" />
<allocation-satisfied id="435" threadId="0000000000D60700" bytesRequested="1272" />
<af-end id="436" timestamp="2019-06-15T22:18:37.280" threadId="0000000000D61088" success="true" from="nursery"/>
<exclusive-end id="437" timestamp="2019-06-15T22:18:37.280" durationms="1.997" />

<exclusive-start id="438" timestamp="2019-06-15T22:18:37.323" intervalms="45.462">
  <response-info timems="0.065" idlems="0.065" threads="0" lastid="0000000000D60700" lastname="main" />
</exclusive-start>
<af-start id="439" threadId="0000000000D61088" totalBytesRequested="32" timestamp="2019-06-15T22:18:37.323" intervalms="45.439" type="nursery" />
<cycle-start id="440" type="scavenge" contextid="0" timestamp="2019-06-15T22:18:37.323" intervalms="45.406" />
<gc-start id="441" type="scavenge" contextid="440" timestamp="2019-06-15T22:18:37.323">
  <mem-info id="442" free="2113288" total="9306112" percent="22">
    <mem type="nursery" free="0" total="3014656" percent="0">
      <mem type="allocate" free="0" total="2359296" percent="0" />
      <mem type="survivor" free="0" total="655360" percent="0" />
    </mem>
    <mem type="tenure" free="2113288" total="6291456" percent="33">
      <mem type="soa" free="1798920" total="5977088" percent="30" />
      <mem type="loa" free="314368" total="314368" percent="100" />
    </mem>
    <remembered-set count="1231" />
  </mem-info>
</gc-start>
<allocation-stats totalBytes="2082392" >
  <allocated-bytes non-tlh="20384" tlh="2062008" />
  <largest-consumer threadName="main" threadId="0000000000D60700" bytes="2082392" />
</allocation-stats>
<gc-op id="443" type="scavenge" timems="0.847" contextid="440" timestamp="2019-06-15T22:18:37.324">
  <scavenger-info tenureage="3" tenuremask="7e08" tiltratio="78" />
  <memory-copied type="nursery" objects="4645" bytes="162024" bytesdiscarded="25024" />
  <memory-copied type="tenure" objects="2600" bytes="145800" bytesdiscarded="288" />
  <references type="weak" candidates="616" cleared="0" enqueued="0" />
</gc-op>
<gc-end id="444" type="scavenge" contextid="440" durationms="1.142" usertimems="0.000" systemtimems="0.000" timestamp="2019-06-15T22:18:37.324" activeThreads="4">
  <mem-info id="445" free="4171784" total="9306112" percent="44">
    <mem type="nursery" free="2237440" total="3014656" percent="74">
      <mem type="allocate" free="2237440" total="2424832" percent="92" />
      <mem type="survivor" free="0" total="589824" percent="0" />
    </mem>
    <mem type="tenure" free="1934344" total="6291456" percent="30" macro-fragmented="1500163">
      <mem type="soa" free="1619976" total="5977088" percent="27" />
      <mem type="loa" free="314368" total="314368" percent="100" />
    </mem>
    <remembered-set count="910" />
  </mem-info>
</gc-end>
<cycle-end id="446" type="scavenge" contextid="440" timestamp="2019-06-15T22:18:37.325" />
  <attribute name="elasticGC enabled" value="1" />
  <attribute name= "numThreadsSpecified" value="4" />
  <attribute name="heapSize specified" value="0" />
  <attribute name="Current GC Util" value="5" />
  <attribute name= "Current Time Running" value="43970" />
  <attribute name ="GC Interval" value="200" />
  <attribute name="ProportionalT" value="-22.500000" />
  <attribute name="ProportionalI" value="-22.500000" />
  <attribute name="ProportionalH" value="-22.500000" />
  <attribute name="Current Error" value="-15.000000" />
  <attribute name="IntegralT" value="-675.000000" />
  <attribute name="IntegralI" value="-675.000000" />
  <attribute name="IntegralH" value="-675.000000" />
  <attribute name="DerivativeT" value="-0.333333" />
  <attribute name="DerivativeI" value="-0.333333" />
  <attribute name="DerivativeH" value="-0.333333" />
  <attribute name="Loop Time for DT" value="45.000000" />
  <attribute name="Output H" value="2092630016"/>
  <attribute name="Output I" value="200"/>
  <attribute name="Output T" value="4"/>
  <attribute name="Target GC Util Change" value ="20.000000" />
  <attribute name="Current GC Util Change" value="5.000000"/>
  <attribute name="GC Util currently" value="5" />
  <attribute name="CPU Util currently" value="101653270170" />
<allocation-satisfied id="447" threadId="0000000000D60700" bytesRequested="32" />
<af-end id="448" timestamp="2019-06-15T22:18:37.325" threadId="0000000000D61088" success="true" from="nursery"/>
<exclusive-end id="449" timestamp="2019-06-15T22:18:37.325" durationms="1.680" />

<exclusive-start id="450" timestamp="2019-06-15T22:18:37.357" intervalms="33.571">
  <response-info timems="0.073" idlems="0.073" threads="0" lastid="0000000000D60700" lastname="main" />
</exclusive-start>
<af-start id="451" threadId="0000000000D61088" totalBytesRequested="24" timestamp="2019-06-15T22:18:37.357" intervalms="33.601" type="nursery" />
<cycle-start id="452" type="scavenge" contextid="0" timestamp="2019-06-15T22:18:37.357" intervalms="33.636" />
<gc-start id="453" type="scavenge" contextid="452" timestamp="2019-06-15T22:18:37.357">
  <mem-info id="454" free="1925736" total="9306112" percent="20">
    <mem type="nursery" free="0" total="3014656" percent="0">
      <mem type="allocate" free="0" total="2424832" percent="0" />
      <mem type="survivor" free="0" total="589824" percent="0" />
    </mem>
    <mem type="tenure" free="1925736" total="6291456" percent="30">
      <mem type="soa" free="1611368" total="5977088" percent="26" />
      <mem type="loa" free="314368" total="314368" percent="100" />
    </mem>
    <remembered-set count="1245" />
  </mem-info>
</gc-start>
<allocation-stats totalBytes="2245344" >
  <allocated-bytes non-tlh="8640" tlh="2236704" />
  <largest-consumer threadName="main" threadId="0000000000D60700" bytes="2245344" />
</allocation-stats>
<gc-op id="455" type="scavenge" timems="0.777" contextid="452" timestamp="2019-06-15T22:18:37.358">
  <scavenger-info tenureage="3" tenuremask="7c08" tiltratio="80" />
  <memory-copied type="nursery" objects="6563" bytes="233216" bytesdiscarded="40768" />
  <memory-copied type="tenure" objects="868" bytes="29640" bytesdiscarded="0" />
  <references type="weak" candidates="456" cleared="0" enqueued="0" />
</gc-op>
<gc-end id="456" type="scavenge" contextid="452" durationms="1.092" usertimems="0.000" systemtimems="0.000" timestamp="2019-06-15T22:18:37.358" activeThreads="4">
  <mem-info id="457" free="4102760" total="9306112" percent="44">
    <mem type="nursery" free="2216192" total="3014656" percent="73">
      <mem type="allocate" free="2216192" total="2490368" percent="88" />
      <mem type="survivor" free="0" total="524288" percent="0" />
    </mem>
    <mem type="tenure" free="1886568" total="6291456" percent="29" macro-fragmented="723458">
      <mem type="soa" free="1572200" total="5977088" percent="26" />
      <mem type="loa" free="314368" total="314368" percent="100" />
    </mem>
    <remembered-set count="922" />
  </mem-info>
</gc-end>
<cycle-end id="458" type="scavenge" contextid="452" timestamp="2019-06-15T22:18:37.358" />
  <attribute name="elasticGC enabled" value="1" />
  <attribute name= "numThreadsSpecified" value="4" />
  <attribute name="heapSize specified" value="0" />
  <attribute name="Current GC Util" value="5" />
  <attribute name= "Current Time Running" value="44004" />
  <attribute name ="GC Interval" value="200" />
  <attribute name="ProportionalT" value="-22.500000" />
  <attribute name="ProportionalI" value="-22.500000" />
  <attribute name="ProportionalH" value="-22.500000" />
  <attribute name="Current Error" value="-15.000000" />
  <attribute name="IntegralT" value="-510.000000" />
  <attribute name="IntegralI" value="-510.000000" />
  <attribute name="IntegralH" value="-510.000000" />
  <attribute name="DerivativeT" value="-0.441176" />
  <attribute name="DerivativeI" value="-0.441176" />
  <attribute name="DerivativeH" value="-0.441176" />
  <attribute name="Loop Time for DT" value="34.000000" />
  <attribute name="Output H" value="2092630016"/>
  <attribute name="Output I" value="200"/>
  <attribute name="Output T" value="4"/>
  <attribute name="Target GC Util Change" value ="20.000000" />
  <attribute name="Current GC Util Change" value="5.000000"/>
  <attribute name="GC Util currently" value="5" />
  <attribute name="CPU Util currently" value="137123186731" />
<allocation-satisfied id="459" threadId="0000000000D60700" bytesRequested="24" />
<af-end id="460" timestamp="2019-06-15T22:18:37.358" threadId="0000000000D61088" success="true" from="nursery"/>
<exclusive-end id="461" timestamp="2019-06-15T22:18:37.358" durationms="1.686" />

<exclusive-start id="462" timestamp="2019-06-15T22:18:37.390" intervalms="33.409">
  <response-info timems="0.071" idlems="0.071" threads="0" lastid="0000000000D60700" lastname="main" />
</exclusive-start>
<af-start id="463" threadId="0000000000D61088" totalBytesRequested="32" timestamp="2019-06-15T22:18:37.390" intervalms="33.416" type="nursery" />
<cycle-start id="464" type="scavenge" contextid="0" timestamp="2019-06-15T22:18:37.390" intervalms="33.416" />
<gc-start id="465" type="scavenge" contextid="464" timestamp="2019-06-15T22:18:37.390">
  <mem-info id="466" free="1875720" total="9306112" percent="20">
    <mem type="nursery" free="0" total="3014656" percent="0">
      <mem type="allocate" free="0" total="2490368" percent="0" />
      <mem type="survivor" free="0" total="524288" percent="0" />
    </mem>
    <mem type="tenure" free="1875720" total="6291456" percent="29">
      <mem type="soa" free="1561352" total="5977088" percent="26" />
      <mem type="loa" free="314368" total="314368" percent="100" />
    </mem>
    <remembered-set count="1283" />
  </mem-info>
</gc-start>
<allocation-stats totalBytes="2226152" >
  <allocated-bytes non-tlh="10872" tlh="2215280" />
  <largest-consumer threadName="main" threadId="0000000000D60700" bytes="2226152" />
</allocation-stats>
<gc-op id="467" type="scavenge" timems="0.914" contextid="464" timestamp="2019-06-15T22:18:37.392">
  <scavenger-info tenureage="3" tenuremask="7808" tiltratio="82" />
  <memory-copied type="nursery" objects="7895" bytes="283720" bytesdiscarded="29472" />
  <memory-copied type="tenure" objects="1567" bytes="55024" bytesdiscarded="16" />
  <references type="weak" candidates="296" cleared="0" enqueued="0" />
</gc-op>
<gc-end id="468" type="scavenge" contextid="464" durationms="1.220" usertimems="0.000" systemtimems="0.000" timestamp="2019-06-15T22:18:37.392" activeThreads="4">
  <mem-info id="469" free="4013576" total="9306112" percent="43">
    <mem type="nursery" free="2177024" total="3014656" percent="72">
      <mem type="allocate" free="2177024" total="2490368" percent="87" />
      <mem type="survivor" free="0" total="524288" percent="0" />
    </mem>
    <mem type="tenure" free="1836552" total="6291456" percent="29" macro-fragmented="1790904">
      <mem type="soa" free="1522184" total="5977088" percent="25" />
      <mem type="loa" free="314368" total="314368" percent="100" />
    </mem>
    <remembered-set count="966" />
  </mem-info>
</gc-end>
<cycle-end id="470" type="scavenge" contextid="464" timestamp="2019-06-15T22:18:37.392" />
  <attribute name="elasticGC enabled" value="1" />
  <attribute name= "numThreadsSpecified" value="4" />
  <attribute name="heapSize specified" value="0" />
  <attribute name="Current GC Util" value="4" />
  <attribute name= "Current Time Running" value="44038" />
  <attribute name ="GC Interval" value="200" />
  <attribute name="ProportionalT" value="-24.000000" />
  <attribute name="ProportionalI" value="-24.000000" />
  <attribute name="ProportionalH" value="-24.000000" />
  <attribute name="Current Error" value="-16.000000" />
  <attribute name="IntegralT" value="-544.000000" />
  <attribute name="IntegralI" value="-544.000000" />
  <attribute name="IntegralH" value="-544.000000" />
  <attribute name="DerivativeT" value="-0.470588" />
  <attribute name="DerivativeI" value="-0.470588" />
  <attribute name="DerivativeH" value="-0.470588" />
  <attribute name="Loop Time for DT" value="34.000000" />
  <attribute name="Output H" value="2092630016"/>
  <attribute name="Output I" value="200"/>
  <attribute name="Output T" value="4"/>
  <attribute name="Target GC Util Change" value ="20.000000" />
  <attribute name="Current GC Util Change" value="4.000000"/>
  <attribute name="GC Util currently" value="4" />
  <attribute name="CPU Util currently" value="137484315190" />
<allocation-satisfied id="471" threadId="0000000000D60700" bytesRequested="32" />
<af-end id="472" timestamp="2019-06-15T22:18:37.392" threadId="0000000000D61088" success="true" from="nursery"/>
<exclusive-end id="473" timestamp="2019-06-15T22:18:37.392" durationms="1.904" />

<exclusive-start id="474" timestamp="2019-06-15T22:18:37.430" intervalms="39.783">
  <response-info timems="0.032" idlems="0.032" threads="0" lastid="0000000000D60700" lastname="main" />
</exclusive-start>
<af-start id="475" threadId="0000000000D61088" totalBytesRequested="2064" timestamp="2019-06-15T22:18:37.430" intervalms="39.746" type="nursery" />
<cycle-start id="476" type="scavenge" contextid="0" timestamp="2019-06-15T22:18:37.430" intervalms="39.705" />
<gc-start id="477" type="scavenge" contextid="476" timestamp="2019-06-15T22:18:37.430">
  <mem-info id="478" free="1817864" total="9306112" percent="19">
    <mem type="nursery" free="0" total="3014656" percent="0">
      <mem type="allocate" free="0" total="2490368" percent="0" />
      <mem type="survivor" free="0" total="524288" percent="0" />
    </mem>
    <mem type="tenure" free="1817864" total="6291456" percent="28">
      <mem type="soa" free="1503496" total="5977088" percent="25" />
      <mem type="loa" free="314368" total="314368" percent="100" />
    </mem>
    <remembered-set count="1296" />
  </mem-info>
</gc-start>
<allocation-stats totalBytes="2178056" >
  <allocated-bytes non-tlh="18720" tlh="2159336" />
  <largest-consumer threadName="main" threadId="0000000000D60700" bytes="2178056" />
</allocation-stats>
<gc-op id="479" type="scavenge" timems="0.831" contextid="476" timestamp="2019-06-15T22:18:37.431">
  <scavenger-info tenureage="3" tenuremask="7808" tiltratio="82" />
  <memory-copied type="nursery" objects="8374" bytes="316360" bytesdiscarded="27576" />
  <memory-copied type="tenure" objects="1996" bytes="71208" bytesdiscarded="56" />
  <references type="soft" candidates="2" cleared="0" enqueued="0" dynamicThreshold="32" maxThreshold="32" />
  <references type="weak" candidates="201" cleared="5" enqueued="5" />
</gc-op>
<gc-end id="480" type="scavenge" contextid="476" durationms="1.113" usertimems="4.000" systemtimems="0.000" timestamp="2019-06-15T22:18:37.431" activeThreads="4">
  <mem-info id="481" free="3920648" total="9306112" percent="42">
    <mem type="nursery" free="2211840" total="3014656" percent="73">
      <mem type="allocate" free="2211840" total="2555904" percent="86" />
      <mem type="survivor" free="0" total="458752" percent="0" />
    </mem>
    <mem type="tenure" free="1708808" total="6291456" percent="27" macro-fragmented="1041779">
      <mem type="soa" free="1394440" total="5977088" percent="23" />
      <mem type="loa" free="314368" total="314368" percent="100" />
    </mem>
    <pending-finalizers system="0" default="0" reference="5" classloader="0" />
    <remembered-set count="1045" />
  </mem-info>
</gc-end>
<cycle-end id="482" type="scavenge" contextid="476" timestamp="2019-06-15T22:18:37.431" />
  <attribute name="elasticGC enabled" value="1" />
  <attribute name= "numThreadsSpecified" value="4" />
  <attribute name="heapSize specified" value="0" />
  <attribute name="Current GC Util" value="3" />
  <attribute name= "Current Time Running" value="44077" />
  <attribute name ="GC Interval" value="200" />
  <attribute name="ProportionalT" value="-25.500000" />
  <attribute name="ProportionalI" value="-25.500000" />
  <attribute name="ProportionalH" value="-25.500000" />
  <attribute name="Current Error" value="-17.000000" />
  <attribute name="IntegralT" value="-663.000000" />
  <attribute name="IntegralI" value="-663.000000" />
  <attribute name="IntegralH" value="-663.000000" />
  <attribute name="DerivativeT" value="-0.435897" />
  <attribute name="DerivativeI" value="-0.435897" />
  <attribute name="DerivativeH" value="-0.435897" />
  <attribute name="Loop Time for DT" value="39.000000" />
  <attribute name="Output H" value="2092630016"/>
  <attribute name="Output I" value="200"/>
  <attribute name="Output T" value="4"/>
  <attribute name="Target GC Util Change" value ="20.000000" />
  <attribute name="Current GC Util Change" value="3.000000"/>
  <attribute name="GC Util currently" value="3" />
  <attribute name="CPU Util currently" value="116526539361" />
<allocation-satisfied id="483" threadId="0000000000D60700" bytesRequested="2064" />
<af-end id="484" timestamp="2019-06-15T22:18:37.431" threadId="0000000000D61088" success="true" from="nursery"/>
<exclusive-end id="485" timestamp="2019-06-15T22:18:37.431" durationms="1.638" />

<exclusive-start id="486" timestamp="2019-06-15T22:18:37.460" intervalms="29.860">
  <response-info timems="0.069" idlems="0.069" threads="0" lastid="0000000000D60700" lastname="main" />
</exclusive-start>
<af-start id="487" threadId="0000000000D61088" totalBytesRequested="48" timestamp="2019-06-15T22:18:37.460" intervalms="29.853" type="nursery" />
<cycle-start id="488" type="scavenge" contextid="0" timestamp="2019-06-15T22:18:37.460" intervalms="29.852" />
<gc-start id="489" type="scavenge" contextid="488" timestamp="2019-06-15T22:18:37.460">
  <mem-info id="490" free="1706008" total="9306112" percent="18">
    <mem type="nursery" free="0" total="3014656" percent="0">
      <mem type="allocate" free="0" total="2555904" percent="0" />
      <mem type="survivor" free="0" total="458752" percent="0" />
    </mem>
    <mem type="tenure" free="1706008" total="6291456" percent="27">
      <mem type="soa" free="1391640" total="5977088" percent="23" />
      <mem type="loa" free="314368" total="314368" percent="100" />
    </mem>
    <remembered-set count="1111" />
  </mem-info>
</gc-start>
<allocation-stats totalBytes="2214032" >
  <allocated-bytes non-tlh="4864" tlh="2209168" />
  <largest-consumer threadName="main" threadId="0000000000D60700" bytes="2214032" />
</allocation-stats>
<gc-op id="491" type="scavenge" timems="0.819" contextid="488" timestamp="2019-06-15T22:18:37.461">
  <scavenger-info tenureage="3" tenuremask="7808" tiltratio="84" />
  <memory-copied type="nursery" objects="8417" bytes="389728" bytesdiscarded="68952" />
  <memory-copied type="tenure" objects="2962" bytes="109488" bytesdiscarded="16" />
  <copy-failed type="nursery" objects="242" bytes="9656" />
  <references type="soft" candidates="2" cleared="0" enqueued="0" dynamicThreshold="32" maxThreshold="32" />
  <references type="weak" candidates="134" cleared="0" enqueued="0" />
</gc-op>
<gc-end id="492" type="scavenge" contextid="488" durationms="1.084" usertimems="0.000" systemtimems="0.000" timestamp="2019-06-15T22:18:37.461" activeThreads="4">
  <mem-info id="493" free="3637016" total="9306112" percent="39">
    <mem type="nursery" free="2031616" total="3014656" percent="67">
      <mem type="allocate" free="2031616" total="2490368" percent="81" />
      <mem type="survivor" free="0" total="524288" percent="0" />
    </mem>
    <mem type="tenure" free="1605400" total="6291456" percent="25" macro-fragmented="868149">
      <mem type="soa" free="1291032" total="5977088" percent="21" />
      <mem type="loa" free="314368" total="314368" percent="100" />
    </mem>
    <remembered-set count="869" />
  </mem-info>
</gc-end>
<cycle-end id="494" type="scavenge" contextid="488" timestamp="2019-06-15T22:18:37.461" />
  <attribute name="elasticGC enabled" value="1" />
  <attribute name= "numThreadsSpecified" value="4" />
  <attribute name="heapSize specified" value="0" />
  <attribute name="Current GC Util" value="5" />
  <attribute name= "Current Time Running" value="44107" />
  <attribute name ="GC Interval" value="200" />
  <attribute name="ProportionalT" value="-22.500000" />
  <attribute name="ProportionalI" value="-22.500000" />
  <attribute name="ProportionalH" value="-22.500000" />
  <attribute name="Current Error" value="-15.000000" />
  <attribute name="IntegralT" value="-450.000000" />
  <attribute name="IntegralI" value="-450.000000" />
  <attribute name="IntegralH" value="-450.000000" />
  <attribute name="DerivativeT" value="-0.500000" />
  <attribute name="DerivativeI" value="-0.500000" />
  <attribute name="DerivativeH" value="-0.500000" />
  <attribute name="Loop Time for DT" value="30.000000" />
  <attribute name="Output H" value="2092630016"/>
  <attribute name="Output I" value="200"/>
  <attribute name="Output T" value="4"/>
  <attribute name="Target GC Util Change" value ="20.000000" />
  <attribute name="Current GC Util Change" value="5.000000"/>
  <attribute name="GC Util currently" value="5" />
  <attribute name="CPU Util currently" value="154471787642" />
<allocation-satisfied id="495" threadId="0000000000D60700" bytesRequested="48" />
<af-end id="496" timestamp="2019-06-15T22:18:37.461" threadId="0000000000D61088" success="true" from="nursery"/>
<exclusive-end id="497" timestamp="2019-06-15T22:18:37.461" durationms="1.602" />

<exclusive-start id="498" timestamp="2019-06-15T22:18:37.522" intervalms="62.385">
  <response-info timems="0.031" idlems="0.031" threads="0" lastid="0000000000D60700" lastname="main" />
</exclusive-start>
<af-start id="499" threadId="0000000000D61088" totalBytesRequested="32" timestamp="2019-06-15T22:18:37.522" intervalms="62.395" type="nursery" />
<cycle-start id="500" type="scavenge" contextid="0" timestamp="2019-06-15T22:18:37.522" intervalms="62.439" />
<gc-start id="501" type="scavenge" contextid="500" timestamp="2019-06-15T22:18:37.522">
  <mem-info id="502" free="1589216" total="9306112" percent="17">
    <mem type="nursery" free="0" total="3014656" percent="0">
      <mem type="allocate" free="0" total="2490368" percent="0" />
      <mem type="survivor" free="0" total="524288" percent="0" />
    </mem>
    <mem type="tenure" free="1589216" total="6291456" percent="25">
      <mem type="soa" free="1274848" total="5977088" percent="21" />
      <mem type="loa" free="314368" total="314368" percent="100" />
    </mem>
    <remembered-set count="1040" />
  </mem-info>
</gc-start>
<allocation-stats totalBytes="2047424" >
  <allocated-bytes non-tlh="216240" tlh="1831184" />
  <largest-consumer threadName="main" threadId="0000000000D60700" bytes="2047424" />
</allocation-stats>
<gc-op id="503" type="scavenge" timems="0.863" contextid="500" timestamp="2019-06-15T22:18:37.523">
  <scavenger-info tenureage="3" tenuremask="7808" tiltratio="82" />
  <memory-copied type="nursery" objects="5192" bytes="504680" bytesdiscarded="19488" />
  <memory-copied type="tenure" objects="4949" bytes="302912" bytesdiscarded="40" />
  <copy-failed type="nursery" objects="2388" bytes="208688" />
  <references type="soft" candidates="73" cleared="0" enqueued="0" dynamicThreshold="32" maxThreshold="32" />
  <references type="weak" candidates="60" cleared="0" enqueued="0" />
  <references type="phantom" candidates="1" cleared="0" enqueued="0" />
</gc-op>
<gc-end id="504" type="scavenge" contextid="500" durationms="1.149" usertimems="4.000" systemtimems="0.000" timestamp="2019-06-15T22:18:37.524" activeThreads="4">
  <mem-info id="505" free="2637272" total="9306112" percent="28">
    <mem type="nursery" free="1376256" total="3014656" percent="45">
      <mem type="allocate" free="1376256" total="1900544" percent="72" />
      <mem type="survivor" free="0" total="1114112" percent="0" />
    </mem>
    <mem type="tenure" free="1261016" total="6291456" percent="20" macro-fragmented="925361">
      <mem type="soa" free="946648" total="5977088" percent="15" />
      <mem type="loa" free="314368" total="314368" percent="100" />
    </mem>
    <remembered-set count="2541" />
  </mem-info>
</gc-end>
<cycle-end id="506" type="scavenge" contextid="500" timestamp="2019-06-15T22:18:37.524" />
  <attribute name="elasticGC enabled" value="1" />
  <attribute name= "numThreadsSpecified" value="4" />
  <attribute name="heapSize specified" value="0" />
  <attribute name="Current GC Util" value="2" />
  <attribute name= "Current Time Running" value="44170" />
  <attribute name ="GC Interval" value="200" />
  <attribute name="ProportionalT" value="-27.000000" />
  <attribute name="ProportionalI" value="-27.000000" />
  <attribute name="ProportionalH" value="-27.000000" />
  <attribute name="Current Error" value="-18.000000" />
  <attribute name="IntegralT" value="-1134.000000" />
  <attribute name="IntegralI" value="-1134.000000" />
  <attribute name="IntegralH" value="-1134.000000" />
  <attribute name="DerivativeT" value="-0.285714" />
  <attribute name="DerivativeI" value="-0.285714" />
  <attribute name="DerivativeH" value="-0.285714" />
  <attribute name="Loop Time for DT" value="63.000000" />
  <attribute name="Output H" value="2092630016"/>
  <attribute name="Output I" value="200"/>
  <attribute name="Output T" value="4"/>
  <attribute name="Target GC Util Change" value ="20.000000" />
  <attribute name="Current GC Util Change" value="2.000000"/>
  <attribute name="GC Util currently" value="2" />
  <attribute name="CPU Util currently" value="73738775895" />
<allocation-satisfied id="507" threadId="0000000000D60700" bytesRequested="32" />
<af-end id="508" timestamp="2019-06-15T22:18:37.524" threadId="0000000000D61088" success="true" from="nursery"/>
<exclusive-end id="509" timestamp="2019-06-15T22:18:37.524" durationms="1.816" />

<exclusive-start id="510" timestamp="2019-06-15T22:18:37.539" intervalms="17.207">
  <response-info timems="0.065" idlems="0.065" threads="0" lastid="0000000000D60700" lastname="main" />
</exclusive-start>
<af-start id="511" threadId="0000000000D61088" totalBytesRequested="24" timestamp="2019-06-15T22:18:37.539" intervalms="17.215" type="nursery" />
<cycle-start id="512" type="scavenge" contextid="0" timestamp="2019-06-15T22:18:37.539" intervalms="17.177" />
<gc-start id="513" type="scavenge" contextid="512" timestamp="2019-06-15T22:18:37.540">
  <mem-info id="514" free="1256368" total="9306112" percent="13">
    <mem type="nursery" free="0" total="3014656" percent="0">
      <mem type="allocate" free="0" total="1900544" percent="0" />
      <mem type="survivor" free="0" total="1114112" percent="0" />
    </mem>
    <mem type="tenure" free="1256368" total="6291456" percent="19">
      <mem type="soa" free="942000" total="5977088" percent="15" />
      <mem type="loa" free="314368" total="314368" percent="100" />
    </mem>
    <remembered-set count="2595" />
  </mem-info>
</gc-start>
<allocation-stats totalBytes="1380112" >
  <allocated-bytes non-tlh="4680" tlh="1375432" />
  <largest-consumer threadName="main" threadId="0000000000D60700" bytes="1380112" />
</allocation-stats>
<gc-op id="515" type="scavenge" timems="0.696" contextid="512" timestamp="2019-06-15T22:18:37.540">
  <scavenger-info tenureage="11" tenuremask="7800" tiltratio="63" />
  <memory-copied type="nursery" objects="7280" bytes="578008" bytesdiscarded="80344" />
  <memory-copied type="tenure" objects="15" bytes="288" bytesdiscarded="0" />
  <references type="soft" candidates="73" cleared="0" enqueued="0" dynamicThreshold="32" maxThreshold="32" />
  <references type="weak" candidates="98" cleared="0" enqueued="0" />
  <references type="phantom" candidates="1" cleared="0" enqueued="0" />
</gc-op>
<gc-end id="516" type="scavenge" contextid="512" durationms="0.920" usertimems="4.000" systemtimems="0.000" timestamp="2019-06-15T22:18:37.541" activeThreads="4">
  <mem-info id="517" free="2563944" total="9306112" percent="27">
    <mem type="nursery" free="1307576" total="3014656" percent="43">
      <mem type="allocate" free="1307576" total="1966080" percent="66" />
      <mem type="survivor" free="0" total="1048576" percent="0" />
    </mem>
    <mem type="tenure" free="1256368" total="6291456" percent="19" macro-fragmented="1110433">
      <mem type="soa" free="942000" total="5977088" percent="15" />
      <mem type="loa" free="314368" total="314368" percent="100" />
    </mem>
    <remembered-set count="2550" />
  </mem-info>
</gc-end>
<cycle-end id="518" type="scavenge" contextid="512" timestamp="2019-06-15T22:18:37.541" />
  <attribute name="elasticGC enabled" value="1" />
  <attribute name= "numThreadsSpecified" value="4" />
  <attribute name="heapSize specified" value="0" />
  <attribute name="Current GC Util" value="10" />
  <attribute name= "Current Time Running" value="44187" />
  <attribute name ="GC Interval" value="200" />
  <attribute name="ProportionalT" value="-15.000000" />
  <attribute name="ProportionalI" value="-15.000000" />
  <attribute name="ProportionalH" value="-15.000000" />
  <attribute name="Current Error" value="-10.000000" />
  <attribute name="IntegralT" value="-170.000000" />
  <attribute name="IntegralI" value="-170.000000" />
  <attribute name="IntegralH" value="-170.000000" />
  <attribute name="DerivativeT" value="-0.588235" />
  <attribute name="DerivativeI" value="-0.588235" />
  <attribute name="DerivativeH" value="-0.588235" />
  <attribute name="Loop Time for DT" value="17.000000" />
  <attribute name="Output H" value="2092630016"/>
  <attribute name="Output I" value="200"/>
  <attribute name="Output T" value="4"/>
  <attribute name="Target GC Util Change" value ="20.000000" />
  <attribute name="Current GC Util Change" value="10.000000"/>
  <attribute name="GC Util currently" value="10" />
  <attribute name="CPU Util currently" value="269946826797" />
<allocation-satisfied id="519" threadId="0000000000D60700" bytesRequested="24" />
<af-end id="520" timestamp="2019-06-15T22:18:37.541" threadId="0000000000D61088" success="true" from="nursery"/>
<exclusive-end id="521" timestamp="2019-06-15T22:18:37.541" durationms="1.524" />

<exclusive-start id="522" timestamp="2019-06-15T22:18:37.554" intervalms="14.714">
  <response-info timems="0.071" idlems="0.071" threads="0" lastid="0000000000D60700" lastname="main" />
</exclusive-start>
<af-start id="523" threadId="0000000000D61088" totalBytesRequested="32" timestamp="2019-06-15T22:18:37.554" intervalms="14.697" type="nursery" />
<cycle-start id="524" type="scavenge" contextid="0" timestamp="2019-06-15T22:18:37.554" intervalms="14.691" />
<gc-start id="525" type="scavenge" contextid="524" timestamp="2019-06-15T22:18:37.554">
  <mem-info id="526" free="1253840" total="9306112" percent="13">
    <mem type="nursery" free="0" total="3014656" percent="0">
      <mem type="allocate" free="0" total="1966080" percent="0" />
      <mem type="survivor" free="0" total="1048576" percent="0" />
    </mem>
    <mem type="tenure" free="1253840" total="6291456" percent="19">
      <mem type="soa" free="939472" total="5977088" percent="15" />
      <mem type="loa" free="314368" total="314368" percent="100" />
    </mem>
    <remembered-set count="2581" />
  </mem-info>
</gc-start>
<allocation-stats totalBytes="1309840" >
  <allocated-bytes non-tlh="2552" tlh="1307288" />
  <largest-consumer threadName="main" threadId="0000000000D60700" bytes="1309840" />
</allocation-stats>
<gc-op id="527" type="scavenge" timems="0.738" contextid="524" timestamp="2019-06-15T22:18:37.555">
  <scavenger-info tenureage="3" tenuremask="7818" tiltratio="65" />
  <memory-copied type="nursery" objects="7580" bytes="603048" bytesdiscarded="186672" />
  <memory-copied type="tenure" objects="1184" bytes="42944" bytesdiscarded="0" />
  <references type="soft" candidates="71" cleared="0" enqueued="0" dynamicThreshold="32" maxThreshold="32" />
  <references type="weak" candidates="64" cleared="0" enqueued="0" />
  <references type="phantom" candidates="1" cleared="0" enqueued="0" />
</gc-op>
<gc-end id="528" type="scavenge" contextid="524" durationms="0.957" usertimems="4.000" systemtimems="0.000" timestamp="2019-06-15T22:18:37.555" activeThreads="4">
  <mem-info id="529" free="2495624" total="9306112" percent="26">
    <mem type="nursery" free="1241784" total="3014656" percent="41">
      <mem type="allocate" free="1241784" total="2031616" percent="61" />
      <mem type="survivor" free="0" total="983040" percent="0" />
    </mem>
    <mem type="tenure" free="1253840" total="6291456" percent="19" macro-fragmented="1158890">
      <mem type="soa" free="939472" total="5977088" percent="15" />
      <mem type="loa" free="314368" total="314368" percent="100" />
    </mem>
    <remembered-set count="2185" />
  </mem-info>
</gc-end>
<cycle-end id="530" type="scavenge" contextid="524" timestamp="2019-06-15T22:18:37.555" />
  <attribute name="elasticGC enabled" value="1" />
  <attribute name= "numThreadsSpecified" value="4" />
  <attribute name="heapSize specified" value="0" />
  <attribute name="Current GC Util" value="9" />
  <attribute name= "Current Time Running" value="44201" />
  <attribute name ="GC Interval" value="200" />
  <attribute name="ProportionalT" value="-16.500000" />
  <attribute name="ProportionalI" value="-16.500000" />
  <attribute name="ProportionalH" value="-16.500000" />
  <attribute name="Current Error" value="-11.000000" />
  <attribute name="IntegralT" value="-154.000000" />
  <attribute name="IntegralI" value="-154.000000" />
  <attribute name="IntegralH" value="-154.000000" />
  <attribute name="DerivativeT" value="-0.785714" />
  <attribute name="DerivativeI" value="-0.785714" />
  <attribute name="DerivativeH" value="-0.785714" />
  <attribute name="Loop Time for DT" value="14.000000" />
  <attribute name="Output H" value="2092630016"/>
  <attribute name="Output I" value="200"/>
  <attribute name="Output T" value="4"/>
  <attribute name="Target GC Util Change" value ="20.000000" />
  <attribute name="Current GC Util Change" value="9.000000"/>
  <attribute name="GC Util currently" value="9" />
  <attribute name="CPU Util currently" value="314068047613" />
<allocation-satisfied id="531" threadId="0000000000D60700" bytesRequested="32" />
<af-end id="532" timestamp="2019-06-15T22:18:37.555" threadId="0000000000D61088" success="true" from="nursery"/>
<exclusive-end id="533" timestamp="2019-06-15T22:18:37.555" durationms="1.473" />

<exclusive-start id="534" timestamp="2019-06-15T22:18:37.567" intervalms="12.769">
  <response-info timems="0.062" idlems="0.062" threads="0" lastid="0000000000D60700" lastname="main" />
</exclusive-start>
<af-start id="535" threadId="0000000000D61088" totalBytesRequested="32" timestamp="2019-06-15T22:18:37.567" intervalms="12.767" type="nursery" />
<cycle-start id="536" type="scavenge" contextid="0" timestamp="2019-06-15T22:18:37.567" intervalms="12.770" />
<gc-start id="537" type="scavenge" contextid="536" timestamp="2019-06-15T22:18:37.567">
  <mem-info id="538" free="1251608" total="9306112" percent="13">
    <mem type="nursery" free="0" total="3014656" percent="0">
      <mem type="allocate" free="0" total="2031616" percent="0" />
      <mem type="survivor" free="0" total="983040" percent="0" />
    </mem>
    <mem type="tenure" free="1251608" total="6291456" percent="19">
      <mem type="soa" free="937240" total="5977088" percent="15" />
      <mem type="loa" free="314368" total="314368" percent="100" />
    </mem>
    <remembered-set count="2214" />
  </mem-info>
</gc-start>
<allocation-stats totalBytes="1243832" >
  <allocated-bytes non-tlh="2264" tlh="1241568" />
  <largest-consumer threadName="main" threadId="0000000000D60700" bytes="1243832" />
</allocation-stats>
<gc-op id="539" type="scavenge" timems="1.050" contextid="536" timestamp="2019-06-15T22:18:37.568">
  <scavenger-info tenureage="3" tenuremask="7808" tiltratio="67" />
  <memory-copied type="nursery" objects="5273" bytes="204464" bytesdiscarded="44328" />
  <memory-copied type="tenure" objects="3822" bytes="456064" bytesdiscarded="64" />
  <references type="weak" candidates="76" cleared="0" enqueued="0" />
</gc-op>
<heap-resize id="540" type="expand" space="nursery" amount="131072" count="1" timems="0.013" reason="excessive time being spent scavenging" timestamp="2019-06-15T22:18:37.568" />
<gc-end id="541" type="scavenge" contextid="536" durationms="1.512" usertimems="4.000" systemtimems="0.000" timestamp="2019-06-15T22:18:37.569" activeThreads="4">
  <mem-info id="542" free="2738200" total="9437184" percent="29">
    <mem type="nursery" free="1913856" total="3145728" percent="60">
      <mem type="allocate" free="1913856" total="2162688" percent="88" />
      <mem type="survivor" free="0" total="983040" percent="0" />
    </mem>
    <mem type="tenure" free="824344" total="6291456" percent="13" macro-fragmented="46956">
      <mem type="soa" free="509976" total="5977088" percent="8" />
      <mem type="loa" free="314368" total="314368" percent="100" />
    </mem>
    <remembered-set count="635" />
  </mem-info>
</gc-end>
<cycle-end id="543" type="scavenge" contextid="536" timestamp="2019-06-15T22:18:37.569" />
  <attribute name="elasticGC enabled" value="1" />
  <attribute name= "numThreadsSpecified" value="4" />
  <attribute name="heapSize specified" value="0" />
  <attribute name="Current GC Util" value="11" />
  <attribute name= "Current Time Running" value="44214" />
  <attribute name ="GC Interval" value="200" />
  <attribute name="ProportionalT" value="-13.500000" />
  <attribute name="ProportionalI" value="-13.500000" />
  <attribute name="ProportionalH" value="-13.500000" />
  <attribute name="Current Error" value="-9.000000" />
  <attribute name="IntegralT" value="-117.000000" />
  <attribute name="IntegralI" value="-117.000000" />
  <attribute name="IntegralH" value="-117.000000" />
  <attribute name="DerivativeT" value="-0.692308" />
  <attribute name="DerivativeI" value="-0.692308" />
  <attribute name="DerivativeH" value="-0.692308" />
  <attribute name="Loop Time for DT" value="13.000000" />
  <attribute name="Output H" value="2092630016"/>
  <attribute name="Output I" value="200"/>
  <attribute name="Output T" value="4"/>
  <attribute name="Target GC Util Change" value ="20.000000" />
  <attribute name="Current GC Util Change" value="11.000000"/>
  <attribute name="GC Util currently" value="11" />
  <attribute name="CPU Util currently" value="360987919900" />
<allocation-satisfied id="544" threadId="0000000000D60700" bytesRequested="32" />
<af-end id="545" timestamp="2019-06-15T22:18:37.569" threadId="0000000000D61088" success="true" from="nursery"/>
<exclusive-end id="546" timestamp="2019-06-15T22:18:37.569" durationms="2.045" />

<exclusive-start id="547" timestamp="2019-06-15T22:18:37.583" intervalms="15.786">
  <response-info timems="0.033" idlems="0.033" threads="0" lastid="0000000000D60700" lastname="main" />
</exclusive-start>
<af-start id="548" threadId="0000000000D61088" totalBytesRequested="32" timestamp="2019-06-15T22:18:37.583" intervalms="15.799" type="nursery" />
<cycle-start id="549" type="scavenge" contextid="0" timestamp="2019-06-15T22:18:37.583" intervalms="15.799" />
<gc-start id="550" type="scavenge" contextid="549" timestamp="2019-06-15T22:18:37.583">
  <mem-info id="551" free="824344" total="9437184" percent="8">
    <mem type="nursery" free="0" total="3145728" percent="0">
      <mem type="allocate" free="0" total="2162688" percent="0" />
      <mem type="survivor" free="0" total="983040" percent="0" />
    </mem>
    <mem type="tenure" free="824344" total="6291456" percent="13">
      <mem type="soa" free="509976" total="5977088" percent="8" />
      <mem type="loa" free="314368" total="314368" percent="100" />
    </mem>
    <remembered-set count="905" />
  </mem-info>
</gc-start>
<allocation-stats totalBytes="1913584" >
  <allocated-bytes non-tlh="32" tlh="1913552" />
  <largest-consumer threadName="main" threadId="0000000000D60700" bytes="1913584" />
</allocation-stats>
<gc-op id="552" type="scavenge" timems="0.776" contextid="549" timestamp="2019-06-15T22:18:37.584">
  <scavenger-info tenureage="3" tenuremask="ffe8" tiltratio="68" />
  <memory-copied type="nursery" objects="6316" bytes="244832" bytesdiscarded="135184" />
  <memory-copied type="tenure" objects="2109" bytes="73712" bytesdiscarded="40" />
  <references type="weak" candidates="38" cleared="0" enqueued="0" />
</gc-op>
<gc-end id="553" type="scavenge" contextid="549" durationms="1.097" usertimems="0.000" systemtimems="0.000" timestamp="2019-06-15T22:18:37.584" activeThreads="4">
  <mem-info id="554" free="2694552" total="9437184" percent="28">
    <mem type="nursery" free="1979264" total="3145728" percent="62">
      <mem type="allocate" free="1979264" total="2359296" percent="83" />
      <mem type="survivor" free="0" total="786432" percent="0" />
    </mem>
    <mem type="tenure" free="715288" total="6291456" percent="11" macro-fragmented="290741">
      <mem type="soa" free="400920" total="5977088" percent="6" />
      <mem type="loa" free="314368" total="314368" percent="100" />
    </mem>
    <remembered-set count="672" />
  </mem-info>
</gc-end>
<cycle-end id="555" type="scavenge" contextid="549" timestamp="2019-06-15T22:18:37.584" />
  <attribute name="elasticGC enabled" value="1" />
  <attribute name= "numThreadsSpecified" value="4" />
  <attribute name="heapSize specified" value="0" />
  <attribute name="Current GC Util" value="13" />
  <attribute name= "Current Time Running" value="44230" />
  <attribute name ="GC Interval" value="200" />
  <attribute name="ProportionalT" value="-10.500000" />
  <attribute name="ProportionalI" value="-10.500000" />
  <attribute name="ProportionalH" value="-10.500000" />
  <attribute name="Current Error" value="-7.000000" />
  <attribute name="IntegralT" value="-112.000000" />
  <attribute name="IntegralI" value="-112.000000" />
  <attribute name="IntegralH" value="-112.000000" />
  <attribute name="DerivativeT" value="-0.437500" />
  <attribute name="DerivativeI" value="-0.437500" />
  <attribute name="DerivativeH" value="-0.437500" />
  <attribute name="Loop Time for DT" value="16.000000" />
  <attribute name="Output H" value="2092630016"/>
  <attribute name="Output I" value="200"/>
  <attribute name="Output T" value="4"/>
  <attribute name="Target GC Util Change" value ="20.000000" />
  <attribute name="Current GC Util Change" value="13.000000"/>
  <attribute name="GC Util currently" value="13" />
  <attribute name="CPU Util currently" value="292018161827" />
<allocation-satisfied id="556" threadId="0000000000D60700" bytesRequested="32" />
<af-end id="557" timestamp="2019-06-15T22:18:37.584" threadId="0000000000D61088" success="true" from="nursery"/>
<exclusive-end id="558" timestamp="2019-06-15T22:18:37.584" durationms="1.716" />

<exclusive-start id="559" timestamp="2019-06-15T22:18:37.600" intervalms="17.246">
  <response-info timems="0.024" idlems="0.024" threads="0" lastid="0000000000D60700" lastname="main" />
</exclusive-start>
<af-start id="560" threadId="0000000000D61088" totalBytesRequested="32" timestamp="2019-06-15T22:18:37.600" intervalms="17.234" type="nursery" />
<cycle-start id="561" type="scavenge" contextid="0" timestamp="2019-06-15T22:18:37.600" intervalms="17.227" />
<gc-start id="562" type="scavenge" contextid="561" timestamp="2019-06-15T22:18:37.600">
  <mem-info id="563" free="713408" total="9437184" percent="7">
    <mem type="nursery" free="0" total="3145728" percent="0">
      <mem type="allocate" free="0" total="2359296" percent="0" />
      <mem type="survivor" free="0" total="786432" percent="0" />
    </mem>
    <mem type="tenure" free="713408" total="6291456" percent="11">
      <mem type="soa" free="399040" total="5977088" percent="6" />
      <mem type="loa" free="314368" total="314368" percent="100" />
    </mem>
    <remembered-set count="979" />
  </mem-info>
</gc-start>
<allocation-stats totalBytes="1980000" >
  <allocated-bytes non-tlh="1912" tlh="1978088" />
  <largest-consumer threadName="main" threadId="0000000000D60700" bytes="1980000" />
</allocation-stats>
<gc-op id="564" type="scavenge" timems="0.832" contextid="561" timestamp="2019-06-15T22:18:37.601">
  <scavenger-info tenureage="3" tenuremask="ffe8" tiltratio="75" />
  <memory-copied type="nursery" objects="7526" bytes="289232" bytesdiscarded="63256" />
  <memory-copied type="tenure" objects="1568" bytes="70440" bytesdiscarded="16" />
  <references type="weak" candidates="36" cleared="0" enqueued="0" />
</gc-op>
<gc-end id="565" type="scavenge" contextid="561" durationms="1.061" usertimems="4.000" systemtimems="0.000" timestamp="2019-06-15T22:18:37.601" activeThreads="4">
  <mem-info id="566" free="2741312" total="9437184" percent="29">
    <mem type="nursery" free="2072320" total="3145728" percent="65">
      <mem type="allocate" free="2072320" total="2424832" percent="85" />
      <mem type="survivor" free="0" total="720896" percent="0" />
    </mem>
    <mem type="tenure" free="668992" total="6291456" percent="10" macro-fragmented="591173">
      <mem type="soa" free="354624" total="5977088" percent="5" />
      <mem type="loa" free="314368" total="314368" percent="100" />
    </mem>
    <remembered-set count="803" />
  </mem-info>
</gc-end>
<cycle-end id="567" type="scavenge" contextid="561" timestamp="2019-06-15T22:18:37.601" />
  <attribute name="elasticGC enabled" value="1" />
  <attribute name= "numThreadsSpecified" value="4" />
  <attribute name="heapSize specified" value="0" />
  <attribute name="Current GC Util" value="8" />
  <attribute name= "Current Time Running" value="44247" />
  <attribute name ="GC Interval" value="200" />
  <attribute name="ProportionalT" value="-18.000000" />
  <attribute name="ProportionalI" value="-18.000000" />
  <attribute name="ProportionalH" value="-18.000000" />
  <attribute name="Current Error" value="-12.000000" />
  <attribute name="IntegralT" value="-204.000000" />
  <attribute name="IntegralI" value="-204.000000" />
  <attribute name="IntegralH" value="-204.000000" />
  <attribute name="DerivativeT" value="-0.705882" />
  <attribute name="DerivativeI" value="-0.705882" />
  <attribute name="DerivativeH" value="-0.705882" />
  <attribute name="Loop Time for DT" value="17.000000" />
  <attribute name="Output H" value="2092630016"/>
  <attribute name="Output I" value="200"/>
  <attribute name="Output T" value="4"/>
  <attribute name="Target GC Util Change" value ="20.000000" />
  <attribute name="Current GC Util Change" value="8.000000"/>
  <attribute name="GC Util currently" value="8" />
  <attribute name="CPU Util currently" value="267825348544" />
<allocation-satisfied id="568" threadId="0000000000D60700" bytesRequested="32" />
<af-end id="569" timestamp="2019-06-15T22:18:37.601" threadId="0000000000D61088" success="true" from="nursery"/>
<exclusive-end id="570" timestamp="2019-06-15T22:18:37.601" durationms="1.569" />

<exclusive-start id="571" timestamp="2019-06-15T22:18:37.623" intervalms="23.557">
  <response-info timems="0.029" idlems="0.029" threads="0" lastid="0000000000D60700" lastname="main" />
</exclusive-start>
<af-start id="572" threadId="0000000000D61088" totalBytesRequested="80" timestamp="2019-06-15T22:18:37.623" intervalms="23.568" type="nursery" />
<cycle-start id="573" type="scavenge" contextid="0" timestamp="2019-06-15T22:18:37.624" intervalms="23.573" />
<gc-start id="574" type="scavenge" contextid="573" timestamp="2019-06-15T22:18:37.624">
  <mem-info id="575" free="668704" total="9437184" percent="7">
    <mem type="nursery" free="0" total="3145728" percent="0">
      <mem type="allocate" free="0" total="2424832" percent="0" />
      <mem type="survivor" free="0" total="720896" percent="0" />
    </mem>
    <mem type="tenure" free="668704" total="6291456" percent="10">
      <mem type="soa" free="354336" total="5977088" percent="5" />
      <mem type="loa" free="314368" total="314368" percent="100" />
    </mem>
    <remembered-set count="989" />
  </mem-info>
</gc-start>
<allocation-stats totalBytes="2072336" >
  <allocated-bytes non-tlh="320" tlh="2072016" />
  <largest-consumer threadName="main" threadId="0000000000D60700" bytes="2072336" />
</allocation-stats>
<gc-op id="576" type="scavenge" timems="0.766" contextid="573" timestamp="2019-06-15T22:18:37.625">
  <scavenger-info tenureage="3" tenuremask="ffe8" tiltratio="77" />
  <memory-copied type="nursery" objects="12687" bytes="530720" bytesdiscarded="159456" />
  <memory-copied type="tenure" objects="1325" bytes="52400" bytesdiscarded="24" />
  <references type="weak" candidates="16" cleared="0" enqueued="0" />
</gc-op>
<gc-end id="577" type="scavenge" contextid="573" durationms="1.041" usertimems="0.000" systemtimems="0.000" timestamp="2019-06-15T22:18:37.625" activeThreads="4">
  <mem-info id="578" free="2202392" total="9437184" percent="23">
    <mem type="nursery" free="1603576" total="3145728" percent="50">
      <mem type="allocate" free="1603576" total="2293760" percent="69" />
      <mem type="survivor" free="0" total="851968" percent="0" />
    </mem>
    <mem type="tenure" free="598816" total="6291456" percent="9" macro-fragmented="342114">
      <mem type="soa" free="284448" total="5977088" percent="4" />
      <mem type="loa" free="314368" total="314368" percent="100" />
    </mem>
    <remembered-set count="895" />
  </mem-info>
</gc-end>
<cycle-end id="579" type="scavenge" contextid="573" timestamp="2019-06-15T22:18:37.625" />
  <attribute name="elasticGC enabled" value="1" />
  <attribute name= "numThreadsSpecified" value="4" />
  <attribute name="heapSize specified" value="0" />
  <attribute name="Current GC Util" value="5" />
  <attribute name= "Current Time Running" value="44271" />
  <attribute name ="GC Interval" value="200" />
  <attribute name="ProportionalT" value="-22.500000" />
  <attribute name="ProportionalI" value="-22.500000" />
  <attribute name="ProportionalH" value="-22.500000" />
  <attribute name="Current Error" value="-15.000000" />
  <attribute name="IntegralT" value="-360.000000" />
  <attribute name="IntegralI" value="-360.000000" />
  <attribute name="IntegralH" value="-360.000000" />
  <attribute name="DerivativeT" value="-0.625000" />
  <attribute name="DerivativeI" value="-0.625000" />
  <attribute name="DerivativeH" value="-0.625000" />
  <attribute name="Loop Time for DT" value="24.000000" />
  <attribute name="Output H" value="2092630016"/>
  <attribute name="Output I" value="200"/>
  <attribute name="Output T" value="4"/>
  <attribute name="Target GC Util Change" value ="20.000000" />
  <attribute name="Current GC Util Change" value="5.000000"/>
  <attribute name="GC Util currently" value="5" />
  <attribute name="CPU Util currently" value="195585407053" />
<allocation-satisfied id="580" threadId="0000000000D60700" bytesRequested="80" />
<af-end id="581" timestamp="2019-06-15T22:18:37.625" threadId="0000000000D61088" success="true" from="nursery"/>
<exclusive-end id="582" timestamp="2019-06-15T22:18:37.625" durationms="1.565" />

<exclusive-start id="583" timestamp="2019-06-15T22:18:37.645" intervalms="21.973">
  <response-info timems="0.066" idlems="0.066" threads="0" lastid="0000000000D60700" lastname="main" />
</exclusive-start>
<af-start id="584" threadId="0000000000D61088" totalBytesRequested="47576" timestamp="2019-06-15T22:18:37.645" intervalms="21.987" type="nursery" />
<cycle-start id="585" type="scavenge" contextid="0" timestamp="2019-06-15T22:18:37.646" intervalms="21.987" />
<gc-start id="586" type="scavenge" contextid="585" timestamp="2019-06-15T22:18:37.646">
  <mem-info id="587" free="629528" total="9437184" percent="6">
    <mem type="nursery" free="30712" total="3145728" percent="0">
      <mem type="allocate" free="30712" total="2293760" percent="1" />
      <mem type="survivor" free="0" total="851968" percent="0" />
    </mem>
    <mem type="tenure" free="598816" total="6291456" percent="9">
      <mem type="soa" free="284448" total="5977088" percent="4" />
      <mem type="loa" free="314368" total="314368" percent="100" />
    </mem>
    <remembered-set count="895" />
  </mem-info>
</gc-start>
<allocation-stats totalBytes="1542480" >
  <allocated-bytes non-tlh="80" tlh="1542400" />
  <largest-consumer threadName="main" threadId="0000000000D60700" bytes="1542480" />
</allocation-stats>
<gc-op id="588" type="scavenge" timems="0.792" contextid="585" timestamp="2019-06-15T22:18:37.647">
  <scavenger-info tenureage="12" tenuremask="7000" tiltratio="72" />
  <memory-copied type="nursery" objects="14799" bytes="658856" bytesdiscarded="25176" />
  <references type="weak" candidates="16" cleared="0" enqueued="0" />
</gc-op>
<gc-end id="589" type="scavenge" contextid="585" durationms="1.012" usertimems="4.000" systemtimems="0.000" timestamp="2019-06-15T22:18:37.647" activeThreads="4">
  <mem-info id="590" free="2208536" total="9437184" percent="23">
    <mem type="nursery" free="1609720" total="3145728" percent="51">
      <mem type="allocate" free="1609720" total="2293760" percent="70" />
      <mem type="survivor" free="0" total="851968" percent="0" />
    </mem>
    <mem type="tenure" free="598816" total="6291456" percent="9" macro-fragmented="533025">
      <mem type="soa" free="284448" total="5977088" percent="4" />
      <mem type="loa" free="314368" total="314368" percent="100" />
    </mem>
    <remembered-set count="873" />
  </mem-info>
</gc-end>
<cycle-end id="591" type="scavenge" contextid="585" timestamp="2019-06-15T22:18:37.647" />
  <attribute name="elasticGC enabled" value="1" />
  <attribute name= "numThreadsSpecified" value="4" />
  <attribute name="heapSize specified" value="0" />
  <attribute name="Current GC Util" value="7" />
  <attribute name= "Current Time Running" value="44293" />
  <attribute name ="GC Interval" value="200" />
  <attribute name="ProportionalT" value="-19.500000" />
  <attribute name="ProportionalI" value="-19.500000" />
  <attribute name="ProportionalH" value="-19.500000" />
  <attribute name="Current Error" value="-13.000000" />
  <attribute name="IntegralT" value="-286.000000" />
  <attribute name="IntegralI" value="-286.000000" />
  <attribute name="IntegralH" value="-286.000000" />
  <attribute name="DerivativeT" value="-0.590909" />
  <attribute name="DerivativeI" value="-0.590909" />
  <attribute name="DerivativeH" value="-0.590909" />
  <attribute name="Loop Time for DT" value="22.000000" />
  <attribute name="Output H" value="2092630016"/>
  <attribute name="Output I" value="200"/>
  <attribute name="Output T" value="4"/>
  <attribute name="Target GC Util Change" value ="20.000000" />
  <attribute name="Current GC Util Change" value="7.000000"/>
  <attribute name="GC Util currently" value="7" />
  <attribute name="CPU Util currently" value="209724208254" />
<allocation-satisfied id="592" threadId="0000000000D60700" bytesRequested="47576" />
<af-end id="593" timestamp="2019-06-15T22:18:37.647" threadId="0000000000D61088" success="true" from="nursery"/>
<exclusive-end id="594" timestamp="2019-06-15T22:18:37.647" durationms="1.639" />

<exclusive-start id="595" timestamp="2019-06-15T22:18:37.707" intervalms="61.441">
  <response-info timems="0.056" idlems="0.056" threads="0" lastid="0000000000D60700" lastname="main" />
</exclusive-start>
<af-start id="596" threadId="0000000000D61088" totalBytesRequested="48" timestamp="2019-06-15T22:18:37.707" intervalms="61.450" type="nursery" />
<cycle-start id="597" type="scavenge" contextid="0" timestamp="2019-06-15T22:18:37.707" intervalms="61.496" />
<gc-start id="598" type="scavenge" contextid="597" timestamp="2019-06-15T22:18:37.707">
  <mem-info id="599" free="541384" total="9437184" percent="5">
    <mem type="nursery" free="0" total="3145728" percent="0">
      <mem type="allocate" free="0" total="2293760" percent="0" />
      <mem type="survivor" free="0" total="851968" percent="0" />
    </mem>
    <mem type="tenure" free="541384" total="6291456" percent="8">
      <mem type="soa" free="227016" total="5977088" percent="3" />
      <mem type="loa" free="314368" total="314368" percent="100" />
    </mem>
    <remembered-set count="1481" />
  </mem-info>
</gc-start>
<allocation-stats totalBytes="1666464" >
  <allocated-bytes non-tlh="465712" tlh="1200752" />
  <largest-consumer threadName="main" threadId="0000000000D60700" bytes="1666464" />
</allocation-stats>
<gc-op id="600" type="scavenge" timems="1.093" contextid="597" timestamp="2019-06-15T22:18:37.708">
  <scavenger-info tenureage="4" tenuremask="7010" tiltratio="72" />
  <memory-copied type="nursery" objects="9405" bytes="706480" bytesdiscarded="94824" />
  <memory-copied type="tenure" objects="2947" bytes="109192" bytesdiscarded="16" />
  <references type="soft" candidates="224" cleared="0" enqueued="0" dynamicThreshold="32" maxThreshold="32" />
  <references type="weak" candidates="406" cleared="16" enqueued="11" />
  <references type="phantom" candidates="1" cleared="0" enqueued="0" />
</gc-op>
<gc-end id="601" type="scavenge" contextid="597" durationms="1.448" usertimems="0.000" systemtimems="0.000" timestamp="2019-06-15T22:18:37.709" activeThreads="4">
  <mem-info id="602" free="1933008" total="9437184" percent="20">
    <mem type="nursery" free="1492232" total="3145728" percent="47">
      <mem type="allocate" free="1492232" total="2293760" percent="65" />
      <mem type="survivor" free="0" total="851968" percent="0" />
    </mem>
    <mem type="tenure" free="440776" total="6291456" percent="7" macro-fragmented="290741">
      <mem type="soa" free="126408" total="5977088" percent="2" />
      <mem type="loa" free="314368" total="314368" percent="100" />
    </mem>
    <pending-finalizers system="0" default="0" reference="11" classloader="0" />
    <remembered-set count="1234" />
  </mem-info>
</gc-end>
<cycle-end id="603" type="scavenge" contextid="597" timestamp="2019-06-15T22:18:37.709" />
  <attribute name="elasticGC enabled" value="1" />
  <attribute name= "numThreadsSpecified" value="4" />
  <attribute name="heapSize specified" value="0" />
  <attribute name="Current GC Util" value="2" />
  <attribute name= "Current Time Running" value="44354" />
  <attribute name ="GC Interval" value="200" />
  <attribute name="ProportionalT" value="-27.000000" />
  <attribute name="ProportionalI" value="-27.000000" />
  <attribute name="ProportionalH" value="-27.000000" />
  <attribute name="Current Error" value="-18.000000" />
  <attribute name="IntegralT" value="-1098.000000" />
  <attribute name="IntegralI" value="-1098.000000" />
  <attribute name="IntegralH" value="-1098.000000" />
  <attribute name="DerivativeT" value="-0.295082" />
  <attribute name="DerivativeI" value="-0.295082" />
  <attribute name="DerivativeH" value="-0.295082" />
  <attribute name="Loop Time for DT" value="61.000000" />
  <attribute name="Output H" value="2092630016"/>
  <attribute name="Output I" value="200"/>
  <attribute name="Output T" value="4"/>
  <attribute name="Target GC Util Change" value ="20.000000" />
  <attribute name="Current GC Util Change" value="2.000000"/>
  <attribute name="GC Util currently" value="2" />
  <attribute name="CPU Util currently" value="74844299893" />
<allocation-satisfied id="604" threadId="0000000000D60700" bytesRequested="48" />
<af-end id="605" timestamp="2019-06-15T22:18:37.709" threadId="0000000000D61088" success="true" from="nursery"/>
<exclusive-end id="606" timestamp="2019-06-15T22:18:37.709" durationms="2.126" />

<concurrent-kickoff id="607" timestamp="2019-06-15T22:18:37.718">
  <kickoff reason="threshold reached" targetBytes="1867303" thresholdFreeBytes="258287"  remainingFree="156888" tenureFreeBytes="440744" nurseryFreeBytes="156888" />
</concurrent-kickoff>
<exclusive-start id="608" timestamp="2019-06-15T22:18:37.718" intervalms="11.295">
  <response-info timems="0.058" idlems="0.058" threads="0" lastid="0000000000D60700" lastname="main" />
</exclusive-start>
<cycle-start id="609" type="global" contextid="0" timestamp="2019-06-15T22:18:37.718" intervalms="44505.476" />
<exclusive-end id="610" timestamp="2019-06-15T22:18:37.718" durationms="0.254" />

<exclusive-start id="611" timestamp="2019-06-15T22:18:37.720" intervalms="1.764">
  <response-info timems="0.112" idlems="0.112" threads="0" lastid="0000000000D60700" lastname="main" />
</exclusive-start>
<af-start id="612" threadId="0000000000D61088" totalBytesRequested="32" timestamp="2019-06-15T22:18:37.720" intervalms="13.039" type="nursery" />
<cycle-start id="613" type="scavenge" contextid="0" timestamp="2019-06-15T22:18:37.720" intervalms="13.029" />
<gc-start id="614" type="scavenge" contextid="613" timestamp="2019-06-15T22:18:37.720">
  <mem-info id="615" free="440744" total="9437184" percent="4">
    <mem type="nursery" free="0" total="3145728" percent="0">
      <mem type="allocate" free="0" total="2293760" percent="0" />
      <mem type="survivor" free="0" total="851968" percent="0" />
    </mem>
    <mem type="tenure" free="440744" total="6291456" percent="7">
      <mem type="soa" free="126376" total="5977088" percent="2" />
      <mem type="loa" free="314368" total="314368" percent="100" />
    </mem>
    <remembered-set count="1236" />
  </mem-info>
</gc-start>
<allocation-stats totalBytes="1492088" >
  <allocated-bytes non-tlh="80" tlh="1492008" />
  <largest-consumer threadName="main" threadId="0000000000D60700" bytes="1487992" />
</allocation-stats>
<gc-op id="616" type="scavenge" timems="0.923" contextid="613" timestamp="2019-06-15T22:18:37.721">
  <scavenger-info tenureage="4" tenuremask="7810" tiltratio="72" />
  <memory-copied type="nursery" objects="11205" bytes="808512" bytesdiscarded="43320" />
  <memory-copied type="tenure" objects="3285" bytes="135528" bytesdiscarded="24" />
  <copy-failed type="nursery" objects="511" bytes="19312" />
  <references type="soft" candidates="224" cleared="0" enqueued="0" dynamicThreshold="32" maxThreshold="32" />
  <references type="weak" candidates="374" cleared="0" enqueued="0" />
  <references type="phantom" candidates="1" cleared="0" enqueued="0" />
</gc-op>
<heap-resize id="617" type="expand" space="nursery" amount="262144" count="1" timems="0.014" reason="excessive time being spent scavenging" timestamp="2019-06-15T22:18:37.721" />
<gc-end id="618" type="scavenge" contextid="613" durationms="1.284" usertimems="4.000" systemtimems="0.000" timestamp="2019-06-15T22:18:37.721" activeThreads="4">
  <mem-info id="619" free="1716392" total="9699328" percent="17">
    <mem type="nursery" free="1376256" total="3407872" percent="40">
      <mem type="allocate" free="1376256" total="2228224" percent="61" />
      <mem type="survivor" free="0" total="1179648" percent="0" />
    </mem>
    <mem type="tenure" free="340136" total="6291456" percent="5" macro-fragmented="168253">
      <mem type="soa" free="25768" total="5977088" percent="0" />
      <mem type="loa" free="314368" total="314368" percent="100" />
    </mem>
    <remembered-set count="1204" />
  </mem-info>
</gc-end>
<cycle-end id="620" type="scavenge" contextid="613" timestamp="2019-06-15T22:18:37.722" />
  <attribute name="elasticGC enabled" value="1" />
  <attribute name= "numThreadsSpecified" value="4" />
  <attribute name="heapSize specified" value="0" />
  <attribute name="Current GC Util" value="14" />
  <attribute name= "Current Time Running" value="44367" />
  <attribute name ="GC Interval" value="200" />
  <attribute name="ProportionalT" value="-9.000000" />
  <attribute name="ProportionalI" value="-9.000000" />
  <attribute name="ProportionalH" value="-9.000000" />
  <attribute name="Current Error" value="-6.000000" />
  <attribute name="IntegralT" value="-78.000000" />
  <attribute name="IntegralI" value="-78.000000" />
  <attribute name="IntegralH" value="-78.000000" />
  <attribute name="DerivativeT" value="-0.461538" />
  <attribute name="DerivativeI" value="-0.461538" />
  <attribute name="DerivativeH" value="-0.461538" />
  <attribute name="Loop Time for DT" value="13.000000" />
  <attribute name="Output H" value="2092630016"/>
  <attribute name="Output I" value="200"/>
  <attribute name="Output T" value="4"/>
  <attribute name="Target GC Util Change" value ="20.000000" />
  <attribute name="Current GC Util Change" value="14.000000"/>
  <attribute name="GC Util currently" value="14" />
  <attribute name="CPU Util currently" value="356329593572" />
<allocation-satisfied id="621" threadId="0000000000D60700" bytesRequested="32" />
<af-end id="622" timestamp="2019-06-15T22:18:37.722" threadId="0000000000D61088" success="true" from="nursery"/>
<exclusive-end id="623" timestamp="2019-06-15T22:18:37.722" durationms="1.878" />

<exclusive-start id="624" timestamp="2019-06-15T22:18:37.729" intervalms="9.094">
  <response-info timems="0.024" idlems="0.024" threads="0" lastid="0000000000D60700" lastname="main" />
</exclusive-start>
<af-start id="625" threadId="0000000000D61088" totalBytesRequested="56" timestamp="2019-06-15T22:18:37.729" intervalms="9.056" type="nursery" />
<cycle-start id="626" type="scavenge" contextid="0" timestamp="2019-06-15T22:18:37.729" intervalms="9.060" />
<gc-start id="627" type="scavenge" contextid="626" timestamp="2019-06-15T22:18:37.729">
  <mem-info id="628" free="340136" total="9699328" percent="3">
    <mem type="nursery" free="0" total="3407872" percent="0">
      <mem type="allocate" free="0" total="2228224" percent="0" />
      <mem type="survivor" free="0" total="1179648" percent="0" />
    </mem>
    <mem type="tenure" free="340136" total="6291456" percent="5">
      <mem type="soa" free="25768" total="5977088" percent="0" />
      <mem type="loa" free="314368" total="314368" percent="100" />
    </mem>
    <remembered-set count="1204" />
  </mem-info>
</gc-start>
<allocation-stats totalBytes="1376088" >
  <allocated-bytes non-tlh="32" tlh="1376056" />
  <largest-consumer threadName="main" threadId="0000000000D60700" bytes="1376088" />
</allocation-stats>
<gc-op id="629" type="scavenge" timems="1.119" contextid="626" timestamp="2019-06-15T22:18:37.731">
  <scavenger-info tenureage="2" tenuremask="7c14" tiltratio="65" />
  <memory-copied type="nursery" objects="7413" bytes="327224" bytesdiscarded="122824" />
  <memory-copied type="tenure" objects="6494" bytes="581176" bytesdiscarded="88" />
  <heap-resize type="expand" space="tenure" amount="262144" count="4" timems="0.088" reason="continue current collection" />
</gc-op>
<heap-resize id="630" type="expand" space="nursery" amount="262144" count="1" timems="0.011" reason="excessive time being spent scavenging" timestamp="2019-06-15T22:18:37.731" />
<gc-end id="631" type="scavenge" contextid="626" durationms="1.483" usertimems="4.000" systemtimems="0.000" timestamp="2019-06-15T22:18:37.731" activeThreads="4">
  <mem-info id="632" free="2040320" total="10223616" percent="19">
    <mem type="nursery" free="2040320" total="3670016" percent="55">
      <mem type="allocate" free="2040320" total="2490368" percent="81" />
      <mem type="survivor" free="0" total="1179648" percent="0" />
    </mem>
    <mem type="tenure" free="0" total="6553600" percent="0" macro-fragmented="0">
      <mem type="soa" free="0" total="6225920" percent="0" />
      <mem type="loa" free="0" total="327680" percent="0" />
    </mem>
    <remembered-set count="254" />
  </mem-info>
</gc-end>
<cycle-end id="633" type="scavenge" contextid="626" timestamp="2019-06-15T22:18:37.731" />
  <attribute name="elasticGC enabled" value="1" />
  <attribute name= "numThreadsSpecified" value="4" />
  <attribute name="heapSize specified" value="0" />
  <attribute name="Current GC Util" value="21" />
  <attribute name= "Current Time Running" value="44376" />
  <attribute name ="GC Interval" value="200" />
  <attribute name="ProportionalT" value="1.500000" />
  <attribute name="ProportionalI" value="1.500000" />
  <attribute name="ProportionalH" value="1.500000" />
  <attribute name="Current Error" value="1.000000" />
  <attribute name="IntegralT" value="9.000000" />
  <attribute name="IntegralI" value="9.000000" />
  <attribute name="IntegralH" value="9.000000" />
  <attribute name="DerivativeT" value="0.111111" />
  <attribute name="DerivativeI" value="0.111111" />
  <attribute name="DerivativeH" value="0.111111" />
  <attribute name="Loop Time for DT" value="9.000000" />
  <attribute name="Output H" value="8388608"/>
  <attribute name="Output I" value="200"/>
  <attribute name="Output T" value="4"/>
  <attribute name="Target GC Util Change" value ="20.000000" />
  <attribute name="Current GC Util Change" value="21.000000"/>
  <attribute name="GC Util currently" value="21" />
  <attribute name="CPU Util currently" value="504097824262" />
<allocation-satisfied id="634" threadId="0000000000D60700" bytesRequested="56" />
<af-end id="635" timestamp="2019-06-15T22:18:37.731" threadId="0000000000D61088" success="true" from="nursery"/>
<exclusive-end id="636" timestamp="2019-06-15T22:18:37.731" durationms="2.038" />

<exclusive-start id="637" timestamp="2019-06-15T22:18:37.732" intervalms="2.887">
  <response-info timems="0.021" idlems="0.021" threads="0" lastid="0000000000D60700" lastname="main" />
</exclusive-start>
<concurrent-collection-start id="638" timestamp="2019-06-15T22:18:37.732" intervalms="44519.138" >
  <concurrent-trace-info reason="card cleaning threshold reached" tracedByMutators="425196" tracedByHelpers="1528568" cardsCleaned="141" workStackOverflowCount="0" />
</concurrent-collection-start>
<gc-start id="639" type="global" contextid="609" timestamp="2019-06-15T22:18:37.732">
  <mem-info id="640" free="1831368" total="10223616" percent="17">
    <mem type="nursery" free="1831368" total="3670016" percent="49">
      <mem type="allocate" free="1831368" total="2490368" percent="73" />
      <mem type="survivor" free="0" total="1179648" percent="0" />
    </mem>
    <mem type="tenure" free="0" total="6553600" percent="0">
      <mem type="soa" free="0" total="6225920" percent="0" />
      <mem type="loa" free="0" total="327680" percent="0" />
    </mem>
    <remembered-set count="255" />
  </mem-info>
</gc-start>
<allocation-stats totalBytes="208944" >
  <allocated-bytes non-tlh="56" tlh="208888" />
  <largest-consumer threadName="main" threadId="0000000000D60700" bytes="208944" />
</allocation-stats>
<gc-op id="641" type="rs-scan" timems="0.218" contextid="609" timestamp="2019-06-15T22:18:37.732">
  <scan objectsFound="66" bytesTraced="4484" workStackOverflowCount="0" />
</gc-op>
<gc-op id="642" type="card-cleaning" timems="0.099" contextid="609" timestamp="2019-06-15T22:18:37.732">
  <card-cleaning cardsCleaned="2" bytesTraced="2244" workStackOverflowCount="0" />
</gc-op>
<gc-op id="643" type="mark" timems="2.310" contextid="609" timestamp="2019-06-15T22:18:37.735">
  <trace-info objectcount="9690" scancount="8843" scanbytes="379820" />
  <finalization candidates="80" enqueued="0" />
  <ownableSynchronizers candidates="21" cleared="0" />
  <references type="soft" candidates="1318" cleared="0" enqueued="0" dynamicThreshold="32" maxThreshold="32" />
  <references type="weak" candidates="4401" cleared="279" enqueued="169" />
  <references type="phantom" candidates="70" cleared="0" enqueued="0" />
  <stringconstants candidates="8285" cleared="0"  />
</gc-op>
<gc-op id="644" type="classunload" timems="0.094" contextid="609" timestamp="2019-06-15T22:18:37.735">
  <classunload-info classloadercandidates="14" classloadersunloaded="0" classesunloaded="0" anonymousclassesunloaded="0" quiescems="0.000" setupms="0.093" scanms="0.001" postms="0.000" />
</gc-op>
<gc-op id="645" type="sweep" timems="0.519" contextid="609" timestamp="2019-06-15T22:18:37.736" />
<mem-info id="646" free="4111592" total="10223616" percent="40">
  <mem type="nursery" free="2143024" total="3670016" percent="58">
    <mem type="allocate" free="2143024" total="2490368" percent="86" />
    <mem type="survivor" free="0" total="1179648" percent="0" />
  </mem>
  <mem type="tenure" free="1968568" total="6553600" percent="30" micro-fragmented="54308" macro-fragmented="106310">
    <mem type="soa" free="1968568" total="6225920" percent="31" />
    <mem type="loa" free="0" total="327680" percent="0" />
  </mem>
  <pending-finalizers system="0" default="0" reference="169" classloader="0" />
  <remembered-set count="188" />
</mem-info>
<gc-op id="647" type="compact" timems="16.649" contextid="609" timestamp="2019-06-15T22:18:37.753">
  <compact-info movecount="73063" movebytes="4548168" reason="compact to aid heap contraction" />
</gc-op>
<heap-resize id="648" type="contract" space="tenure" amount="327680" count="1" timems="0.164" reason="heap reconfiguration" timestamp="2019-06-15T22:18:37.753" />
<gc-end id="649" type="global" contextid="609" durationms="21.186" usertimems="28.000" systemtimems="0.000" timestamp="2019-06-15T22:18:37.753" activeThreads="4">
  <mem-info id="650" free="3984256" total="9895936" percent="40">
    <mem type="nursery" free="2152800" total="3670016" percent="58">
      <mem type="allocate" free="2152800" total="2490368" percent="86" />
      <mem type="survivor" free="0" total="1179648" percent="0" />
    </mem>
    <mem type="tenure" free="1831456" total="6225920" percent="29">
      <mem type="soa" free="1520160" total="5914624" percent="25" />
      <mem type="loa" free="311296" total="311296" percent="100" />
    </mem>
    <pending-finalizers system="0" default="0" reference="169" classloader="0" />
    <remembered-set count="188" />
  </mem-info>
</gc-end>
<cycle-end id="651" type="global" contextid="609" timestamp="2019-06-15T22:18:37.753" />
  <attribute name="elasticGC enabled" value="1" />
  <attribute name= "numThreadsSpecified" value="4" />
  <attribute name="heapSize specified" value="10223616" />
  <attribute name="Current GC Util" value="34" />
  <attribute name= "Current Time Running" value="44400" />
  <attribute name ="GC Interval" value="200" />
  <attribute name="ProportionalT" value="21.000000" />
  <attribute name="ProportionalI" value="21.000000" />
  <attribute name="ProportionalH" value="21.000000" />
  <attribute name="Current Error" value="14.000000" />
  <attribute name="IntegralT" value="238.000000" />
  <attribute name="IntegralI" value="238.000000" />
  <attribute name="IntegralH" value="238.000000" />
  <attribute name="DerivativeT" value="0.823529" />
  <attribute name="DerivativeI" value="0.823529" />
  <attribute name="DerivativeH" value="0.823529" />
  <attribute name="Loop Time for DT" value="17.000000" />
  <attribute name="Output H" value="8388608"/>
  <attribute name="Output I" value="264"/>
  <attribute name="Output T" value="4"/>
  <attribute name="Target GC Util Change" value ="20.000000" />
  <attribute name="Current GC Util Change" value="34.000000"/>
  <attribute name="GC Util currently" value="34" />
  <attribute name="CPU Util currently" value="275864326466" />
<concurrent-collection-end id="652" timestamp="2019-06-15T22:18:37.753" />
<exclusive-end id="653" timestamp="2019-06-15T22:18:37.754" durationms="21.694" />

<exclusive-start id="654" timestamp="2019-06-15T22:18:37.764" intervalms="32.286">
  <response-info timems="0.055" idlems="0.055" threads="0" lastid="0000000000D60700" lastname="main" />
</exclusive-start>
<af-start id="655" threadId="0000000000D61088" totalBytesRequested="32" timestamp="2019-06-15T22:18:37.764" intervalms="35.224" type="nursery" />
<cycle-start id="656" type="scavenge" contextid="0" timestamp="2019-06-15T22:18:37.764" intervalms="35.225" />
<gc-start id="657" type="scavenge" contextid="656" timestamp="2019-06-15T22:18:37.764">
  <mem-info id="658" free="1829112" total="9895936" percent="18">
    <mem type="nursery" free="0" total="3670016" percent="0">
      <mem type="allocate" free="0" total="2490368" percent="0" />
      <mem type="survivor" free="0" total="1179648" percent="0" />
    </mem>
    <mem type="tenure" free="1829112" total="6225920" percent="29">
      <mem type="soa" free="1517816" total="5914624" percent="25" />
      <mem type="loa" free="311296" total="311296" percent="100" />
    </mem>
    <remembered-set count="401" />
  </mem-info>
</gc-start>
<allocation-stats totalBytes="2154792" >
  <allocated-bytes non-tlh="2344" tlh="2152448" />
  <largest-consumer threadName="main" threadId="0000000000D60700" bytes="2150696" />
</allocation-stats>
<gc-op id="659" type="scavenge" timems="1.074" contextid="656" timestamp="2019-06-15T22:18:37.766">
  <scavenger-info tenureage="10" tenuremask="7c00" tiltratio="67" />
  <memory-copied type="nursery" objects="10775" bytes="453992" bytesdiscarded="43656" />
  <ownableSynchronizers candidates="42" cleared="42" />
  <references type="weak" candidates="18" cleared="0" enqueued="0" />
</gc-op>
<gc-end id="660" type="scavenge" contextid="656" durationms="1.376" usertimems="0.000" systemtimems="0.000" timestamp="2019-06-15T22:18:37.766" activeThreads="4">
  <mem-info id="661" free="4018424" total="9895936" percent="40">
    <mem type="nursery" free="2189312" total="3670016" percent="59">
      <mem type="allocate" free="2189312" total="2686976" percent="81" />
      <mem type="survivor" free="0" total="983040" percent="0" />
    </mem>
    <mem type="tenure" free="1829112" total="6225920" percent="29" macro-fragmented="13104">
      <mem type="soa" free="1517816" total="5914624" percent="25" />
      <mem type="loa" free="311296" total="311296" percent="100" />
    </mem>
    <remembered-set count="394" />
  </mem-info>
</gc-end>
<cycle-end id="662" type="scavenge" contextid="656" timestamp="2019-06-15T22:18:37.766" />
  <attribute name="elasticGC enabled" value="1" />
  <attribute name= "numThreadsSpecified" value="4" />
  <attribute name="heapSize specified" value="10223616" />
  <attribute name="Current GC Util" value="158" />
  <attribute name= "Current Time Running" value="44411" />
  <attribute name ="GC Interval" value="1736" />
  <attribute name="ProportionalT" value="207.000000" />
  <attribute name="ProportionalI" value="207.000000" />
  <attribute name="ProportionalH" value="207.000000" />
  <attribute name="Current Error" value="138.000000" />
  <attribute name="IntegralT" value="1518.000000" />
  <attribute name="IntegralI" value="1518.000000" />
  <attribute name="IntegralH" value="1518.000000" />
  <attribute name="DerivativeT" value="11.272727" />
  <attribute name="DerivativeI" value="11.272727" />
  <attribute name="DerivativeH" value="11.272727" />
  <attribute name="Loop Time for DT" value="11.000000" />
  <attribute name="Output H" value="8388608"/>
  <attribute name="Output I" value="1736"/>
  <attribute name="Output T" value="4"/>
  <attribute name="Target GC Util Change" value ="20.000000" />
  <attribute name="Current GC Util Change" value="158.000000"/>
  <attribute name="GC Util currently" value="158" />
  <attribute name="CPU Util currently" value="388054709177" />
<allocation-satisfied id="663" threadId="0000000000D60700" bytesRequested="32" />
<af-end id="664" timestamp="2019-06-15T22:18:37.766" threadId="0000000000D61088" success="true" from="nursery"/>
<exclusive-end id="665" timestamp="2019-06-15T22:18:37.766" durationms="2.171" />

<exclusive-start id="666" timestamp="2019-06-15T22:18:37.781" intervalms="16.762">
  <response-info timems="0.065" idlems="0.065" threads="0" lastid="0000000000D60700" lastname="main" />
</exclusive-start>
<af-start id="667" threadId="0000000000D61088" totalBytesRequested="24" timestamp="2019-06-15T22:18:37.781" intervalms="16.734" type="nursery" />
<cycle-start id="668" type="scavenge" contextid="0" timestamp="2019-06-15T22:18:37.781" intervalms="16.693" />
<gc-start id="669" type="scavenge" contextid="668" timestamp="2019-06-15T22:18:37.781">
  <mem-info id="670" free="1828904" total="9895936" percent="18">
    <mem type="nursery" free="0" total="3670016" percent="0">
      <mem type="allocate" free="0" total="2686976" percent="0" />
      <mem type="survivor" free="0" total="983040" percent="0" />
    </mem>
    <mem type="tenure" free="1828904" total="6225920" percent="29">
      <mem type="soa" free="1517608" total="5914624" percent="25" />
      <mem type="loa" free="311296" total="311296" percent="100" />
    </mem>
    <remembered-set count="474" />
  </mem-info>
</gc-start>
<allocation-stats totalBytes="2188616" >
  <allocated-bytes non-tlh="240" tlh="2188376" />
  <largest-consumer threadName="main" threadId="0000000000D60700" bytes="2188616" />
</allocation-stats>
<gc-op id="671" type="scavenge" timems="1.244" contextid="668" timestamp="2019-06-15T22:18:37.782">
  <scavenger-info tenureage="3" tenuremask="7c08" tiltratio="73" />
  <memory-copied type="nursery" objects="11774" bytes="492856" bytesdiscarded="211392" />
  <memory-copied type="tenure" objects="4455" bytes="219288" bytesdiscarded="48" />
  <references type="weak" candidates="18" cleared="0" enqueued="0" />
</gc-op>
<gc-end id="672" type="scavenge" contextid="668" durationms="1.616" usertimems="4.000" systemtimems="0.000" timestamp="2019-06-15T22:18:37.783" activeThreads="4">
  <mem-info id="673" free="3582416" total="9895936" percent="36">
    <mem type="nursery" free="2048256" total="3670016" percent="55">
      <mem type="allocate" free="2048256" total="2752512" percent="74" />
      <mem type="survivor" free="0" total="917504" percent="0" />
    </mem>
    <mem type="tenure" free="1534160" total="6225920" percent="24" macro-fragmented="418667">
      <mem type="soa" free="1222864" total="5914624" percent="20" />
      <mem type="loa" free="311296" total="311296" percent="100" />
    </mem>
    <remembered-set count="1036" />
  </mem-info>
</gc-end>
<cycle-end id="674" type="scavenge" contextid="668" timestamp="2019-06-15T22:18:37.783" />
  <attribute name="elasticGC enabled" value="1" />
  <attribute name= "numThreadsSpecified" value="4" />
  <attribute name="heapSize specified" value="10223616" />
  <attribute name="Current GC Util" value="12" />
  <attribute name= "Current Time Running" value="44428" />
  <attribute name ="GC Interval" value="200" />
  <attribute name="ProportionalT" value="-12.000000" />
  <attribute name="ProportionalI" value="-12.000000" />
  <attribute name="ProportionalH" value="-12.000000" />
  <attribute name="Current Error" value="-8.000000" />
  <attribute name="IntegralT" value="-136.000000" />
  <attribute name="IntegralI" value="-136.000000" />
  <attribute name="IntegralH" value="-136.000000" />
  <attribute name="DerivativeT" value="-8.588235" />
  <attribute name="DerivativeI" value="-8.588235" />
  <attribute name="DerivativeH" value="-8.588235" />
  <attribute name="Loop Time for DT" value="17.000000" />
  <attribute name="Output H" value="2092630016"/>
  <attribute name="Output I" value="200"/>
  <attribute name="Output T" value="4"/>
  <attribute name="Target GC Util Change" value ="20.000000" />
  <attribute name="Current GC Util Change" value="12.000000"/>
  <attribute name="GC Util currently" value="12" />
  <attribute name="CPU Util currently" value="276656220847" />
<allocation-satisfied id="675" threadId="0000000000D60700" bytesRequested="24" />
<af-end id="676" timestamp="2019-06-15T22:18:37.783" threadId="0000000000D61088" success="true" from="nursery"/>
<exclusive-end id="677" timestamp="2019-06-15T22:18:37.783" durationms="2.264" />

<exclusive-start id="678" timestamp="2019-06-15T22:18:37.831" intervalms="49.795">
  <response-info timems="0.076" idlems="0.076" threads="0" lastid="0000000000D60700" lastname="main" />
</exclusive-start>
<af-start id="679" threadId="0000000000D61088" totalBytesRequested="32" timestamp="2019-06-15T22:18:37.831" intervalms="49.896" type="nursery" />
<cycle-start id="680" type="scavenge" contextid="0" timestamp="2019-06-15T22:18:37.831" intervalms="49.997" />
<gc-start id="681" type="scavenge" contextid="680" timestamp="2019-06-15T22:18:37.831">
  <mem-info id="682" free="1523664" total="9895936" percent="15">
    <mem type="nursery" free="0" total="3670016" percent="0">
      <mem type="allocate" free="0" total="2752512" percent="0" />
      <mem type="survivor" free="0" total="917504" percent="0" />
    </mem>
    <mem type="tenure" free="1523664" total="6225920" percent="24">
      <mem type="soa" free="1212368" total="5914624" percent="20" />
      <mem type="loa" free="311296" total="311296" percent="100" />
    </mem>
    <remembered-set count="1140" />
  </mem-info>
</gc-start>
<allocation-stats totalBytes="2058360" >
  <allocated-bytes non-tlh="210528" tlh="1847832" />
  <largest-consumer threadName="main" threadId="0000000000D60700" bytes="2058360" />
</allocation-stats>
<gc-op id="683" type="scavenge" timems="2.576" contextid="680" timestamp="2019-06-15T22:18:37.834">
  <scavenger-info tenureage="10" tenuremask="7c00" tiltratio="75" />
  <memory-copied type="nursery" objects="9753" bytes="643432" bytesdiscarded="71416" />
  <references type="soft" candidates="1" cleared="0" enqueued="0" dynamicThreshold="9" maxThreshold="32" />
  <references type="weak" candidates="18" cleared="0" enqueued="0" />
  <references type="phantom" candidates="1" cleared="0" enqueued="0" />
</gc-op>
<gc-end id="684" type="scavenge" contextid="680" durationms="3.192" usertimems="4.000" systemtimems="0.000" timestamp="2019-06-15T22:18:37.834" activeThreads="4">
  <mem-info id="685" free="3561264" total="9895936" percent="35">
    <mem type="nursery" free="2037600" total="3670016" percent="55">
      <mem type="allocate" free="2037600" total="2752512" percent="74" />
      <mem type="survivor" free="0" total="917504" percent="0" />
    </mem>
    <mem type="tenure" free="1523664" total="6225920" percent="24" macro-fragmented="723458">
      <mem type="soa" free="1212368" total="5914624" percent="20" />
      <mem type="loa" free="311296" total="311296" percent="100" />
    </mem>
    <remembered-set count="943" />
  </mem-info>
</gc-end>
<cycle-end id="686" type="scavenge" contextid="680" timestamp="2019-06-15T22:18:37.835" />
  <attribute name="elasticGC enabled" value="1" />
  <attribute name= "numThreadsSpecified" value="4" />
  <attribute name="heapSize specified" value="10223616" />
  <attribute name="Current GC Util" value="4" />
  <attribute name= "Current Time Running" value="44478" />
  <attribute name ="GC Interval" value="200" />
  <attribute name="ProportionalT" value="-24.000000" />
  <attribute name="ProportionalI" value="-24.000000" />
  <attribute name="ProportionalH" value="-24.000000" />
  <attribute name="Current Error" value="-16.000000" />
  <attribute name="IntegralT" value="-800.000000" />
  <attribute name="IntegralI" value="-800.000000" />
  <attribute name="IntegralH" value="-800.000000" />
  <attribute name="DerivativeT" value="-0.320000" />
  <attribute name="DerivativeI" value="-0.320000" />
  <attribute name="DerivativeH" value="-0.320000" />
  <attribute name="Loop Time for DT" value="50.000000" />
  <attribute name="Output H" value="2092630016"/>
  <attribute name="Output I" value="200"/>
  <attribute name="Output T" value="4"/>
  <attribute name="Target GC Util Change" value ="20.000000" />
  <attribute name="Current GC Util Change" value="4.000000"/>
  <attribute name="GC Util currently" value="4" />
  <attribute name="CPU Util currently" value="91686923326" />
<allocation-satisfied id="687" threadId="0000000000D60700" bytesRequested="32" />
<af-end id="688" timestamp="2019-06-15T22:18:37.835" threadId="0000000000D61088" success="true" from="nursery"/>
<exclusive-end id="689" timestamp="2019-06-15T22:18:37.835" durationms="4.363" />

<exclusive-start id="690" timestamp="2019-06-15T22:18:37.946" intervalms="115.206">
  <response-info timems="0.026" idlems="0.026" threads="0" lastid="0000000000D60700" lastname="main" />
</exclusive-start>
<af-start id="691" threadId="0000000000D61088" totalBytesRequested="200008" timestamp="2019-06-15T22:18:37.946" intervalms="115.100" type="nursery" />
<cycle-start id="692" type="scavenge" contextid="0" timestamp="2019-06-15T22:18:37.946" intervalms="114.999" />
<gc-start id="693" type="scavenge" contextid="692" timestamp="2019-06-15T22:18:37.946">
  <mem-info id="694" free="1574152" total="9895936" percent="15">
    <mem type="nursery" free="71488" total="3670016" percent="1">
      <mem type="allocate" free="71488" total="2752512" percent="2" />
      <mem type="survivor" free="0" total="917504" percent="0" />
    </mem>
    <mem type="tenure" free="1502664" total="6225920" percent="24">
      <mem type="soa" free="1191368" total="5914624" percent="20" />
      <mem type="loa" free="311296" total="311296" percent="100" />
    </mem>
    <remembered-set count="1421" />
  </mem-info>
</gc-start>
<allocation-stats totalBytes="1986760" >
  <allocated-bytes non-tlh="21032" tlh="1965728" />
  <largest-consumer threadName="main" threadId="0000000000D60700" bytes="1986760" />
</allocation-stats>
<gc-op id="695" type="scavenge" timems="1.160" contextid="692" timestamp="2019-06-15T22:18:37.947">
  <scavenger-info tenureage="3" tenuremask="7c18" tiltratio="75" />
  <memory-copied type="nursery" objects="6791" bytes="317520" bytesdiscarded="57248" />
  <memory-copied type="tenure" objects="5814" bytes="222456" bytesdiscarded="104" />
  <references type="soft" candidates="321" cleared="0" enqueued="0" dynamicThreshold="9" maxThreshold="32" />
  <references type="weak" candidates="280" cleared="33" enqueued="25" />
  <references type="phantom" candidates="1" cleared="0" enqueued="0" />
</gc-op>
<gc-end id="696" type="scavenge" contextid="692" durationms="1.514" usertimems="4.000" systemtimems="0.000" timestamp="2019-06-15T22:18:37.948" activeThreads="4">
  <mem-info id="697" free="3710576" total="9895936" percent="37">
    <mem type="nursery" free="2442920" total="3670016" percent="66">
      <mem type="allocate" free="2442920" total="2818048" percent="86" />
      <mem type="survivor" free="0" total="851968" percent="0" />
    </mem>
    <mem type="tenure" free="1267656" total="6225920" percent="20" macro-fragmented="10920">
      <mem type="soa" free="956360" total="5914624" percent="16" />
      <mem type="loa" free="311296" total="311296" percent="100" />
    </mem>
    <pending-finalizers system="0" default="0" reference="25" classloader="0" />
    <remembered-set count="958" />
  </mem-info>
</gc-end>
<cycle-end id="698" type="scavenge" contextid="692" timestamp="2019-06-15T22:18:37.948" />
  <attribute name="elasticGC enabled" value="1" />
  <attribute name= "numThreadsSpecified" value="4" />
  <attribute name="heapSize specified" value="10223616" />
  <attribute name="Current GC Util" value="3" />
  <attribute name= "Current Time Running" value="44593" />
  <attribute name ="GC Interval" value="200" />
  <attribute name="ProportionalT" value="-25.500000" />
  <attribute name="ProportionalI" value="-25.500000" />
  <attribute name="ProportionalH" value="-25.500000" />
  <attribute name="Current Error" value="-17.000000" />
  <attribute name="IntegralT" value="-1955.000000" />
  <attribute name="IntegralI" value="-1955.000000" />
  <attribute name="IntegralH" value="-1955.000000" />
  <attribute name="DerivativeT" value="-0.147826" />
  <attribute name="DerivativeI" value="-0.147826" />
  <attribute name="DerivativeH" value="-0.147826" />
  <attribute name="Loop Time for DT" value="115.000000" />
  <attribute name="Output H" value="2092630016"/>
  <attribute name="Output I" value="200"/>
  <attribute name="Output T" value="4"/>
  <attribute name="Target GC Util Change" value ="20.000000" />
  <attribute name="Current GC Util Change" value="3.000000"/>
  <attribute name="GC Util currently" value="3" />
  <attribute name="CPU Util currently" value="40209036847" />
<allocation-satisfied id="699" threadId="0000000000D60700" bytesRequested="200008" />
<af-end id="700" timestamp="2019-06-15T22:18:37.948" threadId="0000000000D61088" success="true" from="nursery"/>
<exclusive-end id="701" timestamp="2019-06-15T22:18:37.948" durationms="2.068" />

<exclusive-start id="702" timestamp="2019-06-15T22:18:37.952" intervalms="6.246">
  <response-info timems="0.024" idlems="0.024" threads="0" lastid="0000000000D60700" lastname="main" />
</exclusive-start>
<sys-start reason="explicit" id="703" timestamp="2019-06-15T22:18:37.952" intervalms="44739.439" />
<cycle-start id="704" type="global" contextid="0" timestamp="2019-06-15T22:18:37.952" intervalms="234.021" />
<gc-start id="705" type="global" contextid="704" timestamp="2019-06-15T22:18:37.952">
  <mem-info id="706" free="3291448" total="9895936" percent="33">
    <mem type="nursery" free="2025824" total="3670016" percent="55">
      <mem type="allocate" free="2025824" total="2818048" percent="71" />
      <mem type="survivor" free="0" total="851968" percent="0" />
    </mem>
    <mem type="tenure" free="1265624" total="6225920" percent="20">
      <mem type="soa" free="954328" total="5914624" percent="16" />
      <mem type="loa" free="311296" total="311296" percent="100" />
    </mem>
    <remembered-set count="996" />
  </mem-info>
</gc-start>
<allocation-stats totalBytes="418600" >
  <allocated-bytes non-tlh="202040" tlh="216560" />
  <largest-consumer threadName="main" threadId="0000000000D60700" bytes="414504" />
</allocation-stats>
<gc-op id="707" type="mark" timems="4.513" contextid="704" timestamp="2019-06-15T22:18:37.958">
  <trace-info objectcount="74340" scancount="62119" scanbytes="2117228" />
  <finalization candidates="80" enqueued="0" />
  <ownableSynchronizers candidates="21" cleared="0" />
  <references type="soft" candidates="1639" cleared="0" enqueued="0" dynamicThreshold="9" maxThreshold="32" />
  <references type="weak" candidates="4381" cleared="15" enqueued="13" />
  <references type="phantom" candidates="71" cleared="2" enqueued="2" />
  <stringconstants candidates="8669" cleared="15"  />
</gc-op>
<gc-op id="708" type="classunload" timems="0.393" contextid="704" timestamp="2019-06-15T22:18:37.958">
  <classunload-info classloadercandidates="17" classloadersunloaded="1" classesunloaded="1" anonymousclassesunloaded="0" quiescems="0.995" setupms="0.384" scanms="0.007" postms="0.002" />
</gc-op>
<gc-op id="709" type="sweep" timems="0.221" contextid="704" timestamp="2019-06-15T22:18:37.959" />
<mem-info id="710" free="4758256" total="9895936" percent="48">
  <mem type="nursery" free="2628072" total="3670016" percent="71">
    <mem type="allocate" free="2628072" total="2818048" percent="93" />
    <mem type="survivor" free="0" total="851968" percent="0" />
  </mem>
  <mem type="tenure" free="2130184" total="6225920" percent="34" micro-fragmented="4360" macro-fragmented="0">
    <mem type="soa" free="1818888" total="5914624" percent="30" />
    <mem type="loa" free="311296" total="311296" percent="100" />
  </mem>
  <pending-finalizers system="0" default="0" reference="15" classloader="0" />
  <remembered-set count="651" />
</mem-info>
<gc-op id="711" type="compact" timems="14.444" contextid="704" timestamp="2019-06-15T22:18:37.973">
  <compact-info movecount="63721" movebytes="3799576" reason="compact to aid heap contraction" />
</gc-op>
<heap-resize id="712" type="contract" space="tenure" amount="262144" count="1" timems="0.088" reason="heap reconfiguration" timestamp="2019-06-15T22:18:37.974" />
<gc-end id="713" type="global" contextid="704" durationms="21.606" usertimems="28.000" systemtimems="0.000" timestamp="2019-06-15T22:18:37.974" activeThreads="4">
  <mem-info id="714" free="4465560" total="9633792" percent="46">
    <mem type="nursery" free="2634216" total="3670016" percent="71">
      <mem type="allocate" free="2634216" total="2818048" percent="93" />
      <mem type="survivor" free="0" total="851968" percent="0" />
    </mem>
    <mem type="tenure" free="1831344" total="5963776" percent="30">
      <mem type="soa" free="1582512" total="5665792" percent="27" />
      <mem type="loa" free="248832" total="297984" percent="83" />
    </mem>
    <pending-finalizers system="0" default="0" reference="15" classloader="0" />
    <remembered-set count="651" />
  </mem-info>
</gc-end>
<cycle-end id="715" type="global" contextid="704" timestamp="2019-06-15T22:18:37.974" />
  <attribute name="elasticGC enabled" value="1" />
  <attribute name= "numThreadsSpecified" value="4" />
  <attribute name="heapSize specified" value="9895936" />
  <attribute name="Current GC Util" value="32" />
  <attribute name= "Current Time Running" value="44620" />
  <attribute name ="GC Interval" value="200" />
  <attribute name="ProportionalT" value="18.000000" />
  <attribute name="ProportionalI" value="18.000000" />
  <attribute name="ProportionalH" value="18.000000" />
  <attribute name="Current Error" value="12.000000" />
  <attribute name="IntegralT" value="168.000000" />
  <attribute name="IntegralI" value="168.000000" />
  <attribute name="IntegralH" value="168.000000" />
  <attribute name="DerivativeT" value="0.857143" />
  <attribute name="DerivativeI" value="0.857143" />
  <attribute name="DerivativeH" value="0.857143" />
  <attribute name="Loop Time for DT" value="14.000000" />
  <attribute name="Output H" value="8388608"/>
  <attribute name="Output I" value="200"/>
  <attribute name="Output T" value="4"/>
  <attribute name="Target GC Util Change" value ="20.000000" />
  <attribute name="Current GC Util Change" value="32.000000"/>
  <attribute name="GC Util currently" value="32" />
  <attribute name="CPU Util currently" value="316664796491" />
<sys-end id="716" timestamp="2019-06-15T22:18:37.974" />
<exclusive-end id="717" timestamp="2019-06-15T22:18:37.974" durationms="22.154" />

<exclusive-start id="718" timestamp="2019-06-15T22:18:38.145" intervalms="193.007">
  <response-info timems="0.052" idlems="0.052" threads="0" lastid="0000000000D60700" lastname="main" />
</exclusive-start>
<af-start id="719" threadId="0000000000D61088" totalBytesRequested="24" timestamp="2019-06-15T22:18:38.145" intervalms="199.357" type="nursery" />
<cycle-start id="720" type="scavenge" contextid="0" timestamp="2019-06-15T22:18:38.145" intervalms="199.408" />
<gc-start id="721" type="scavenge" contextid="720" timestamp="2019-06-15T22:18:38.146">
  <mem-info id="722" free="1829552" total="9633792" percent="18">
    <mem type="nursery" free="0" total="3670016" percent="0">
      <mem type="allocate" free="0" total="2818048" percent="0" />
      <mem type="survivor" free="0" total="851968" percent="0" />
    </mem>
    <mem type="tenure" free="1829552" total="5963776" percent="30">
      <mem type="soa" free="1580720" total="5665792" percent="27" />
      <mem type="loa" free="248832" total="297984" percent="83" />
    </mem>
    <remembered-set count="717" />
  </mem-info>
</gc-start>
<allocation-stats totalBytes="2635304" >
  <allocated-bytes non-tlh="463952" tlh="2171352" />
  <largest-consumer threadName="main" threadId="0000000000D60700" bytes="2627056" />
</allocation-stats>
<gc-op id="723" type="scavenge" timems="1.039" contextid="720" timestamp="2019-06-15T22:18:38.147">
  <scavenger-info tenureage="3" tenuremask="7c08" tiltratio="76" />
  <memory-copied type="nursery" objects="5516" bytes="514704" bytesdiscarded="37240" />
  <ownableSynchronizers candidates="42" cleared="42" />
  <references type="soft" candidates="355" cleared="0" enqueued="0" dynamicThreshold="9" maxThreshold="32" />
  <references type="weak" candidates="269" cleared="11" enqueued="11" />
  <references type="phantom" candidates="5" cleared="2" enqueued="2" />
</gc-op>
<gc-end id="724" type="scavenge" contextid="720" durationms="1.447" usertimems="0.000" systemtimems="0.000" timestamp="2019-06-15T22:18:38.147" activeThreads="4">
  <mem-info id="725" free="4095384" total="9633792" percent="42">
    <mem type="nursery" free="2265832" total="3670016" percent="61">
      <mem type="allocate" free="2265832" total="2818048" percent="80" />
      <mem type="survivor" free="0" total="851968" percent="0" />
    </mem>
    <mem type="tenure" free="1829552" total="5963776" percent="30" macro-fragmented="116842">
      <mem type="soa" free="1580720" total="5665792" percent="27" />
      <mem type="loa" free="248832" total="297984" percent="83" />
    </mem>
    <pending-finalizers system="0" default="0" reference="13" classloader="0" />
    <remembered-set count="604" />
  </mem-info>
</gc-end>
<cycle-end id="726" type="scavenge" contextid="720" timestamp="2019-06-15T22:18:38.147" />
  <attribute name="elasticGC enabled" value="1" />
  <attribute name= "numThreadsSpecified" value="4" />
  <attribute name="heapSize specified" value="9895936" />
  <attribute name="Current GC Util" value="10" />
  <attribute name= "Current Time Running" value="44793" />
  <attribute name ="GC Interval" value="200" />
  <attribute name="ProportionalT" value="-15.000000" />
  <attribute name="ProportionalI" value="-15.000000" />
  <attribute name="ProportionalH" value="-15.000000" />
  <attribute name="Current Error" value="-10.000000" />
  <attribute name="IntegralT" value="-1730.000000" />
  <attribute name="IntegralI" value="-1730.000000" />
  <attribute name="IntegralH" value="-1730.000000" />
  <attribute name="DerivativeT" value="-0.127168" />
  <attribute name="DerivativeI" value="-0.127168" />
  <attribute name="DerivativeH" value="-0.127168" />
  <attribute name="Loop Time for DT" value="173.000000" />
  <attribute name="Output H" value="2092630016"/>
  <attribute name="Output I" value="200"/>
  <attribute name="Output T" value="4"/>
  <attribute name="Target GC Util Change" value ="20.000000" />
  <attribute name="Current GC Util Change" value="10.000000"/>
  <attribute name="GC Util currently" value="10" />
  <attribute name="CPU Util currently" value="26777503767" />
<allocation-satisfied id="727" threadId="0000000000D60700" bytesRequested="24" />
<af-end id="728" timestamp="2019-06-15T22:18:38.147" threadId="0000000000D61088" success="true" from="nursery"/>
<exclusive-end id="729" timestamp="2019-06-15T22:18:38.147" durationms="2.243" />

<exclusive-start id="730" timestamp="2019-06-15T22:18:38.193" intervalms="48.136">
  <response-info timems="0.057" idlems="0.057" threads="0" lastid="0000000000D60700" lastname="main" />
</exclusive-start>
<af-start id="731" threadId="0000000000D61088" totalBytesRequested="32784" timestamp="2019-06-15T22:18:38.193" intervalms="48.076" type="nursery" />
<cycle-start id="732" type="scavenge" contextid="0" timestamp="2019-06-15T22:18:38.193" intervalms="48.025" />
<gc-start id="733" type="scavenge" contextid="732" timestamp="2019-06-15T22:18:38.194">
  <mem-info id="734" free="1829552" total="9633792" percent="18">
    <mem type="nursery" free="0" total="3670016" percent="0">
      <mem type="allocate" free="0" total="2818048" percent="0" />
      <mem type="survivor" free="0" total="851968" percent="0" />
    </mem>
    <mem type="tenure" free="1829552" total="5963776" percent="30">
      <mem type="soa" free="1580720" total="5665792" percent="27" />
      <mem type="loa" free="248832" total="297984" percent="83" />
    </mem>
    <remembered-set count="606" />
  </mem-info>
</gc-start>
<allocation-stats totalBytes="2249304" >
  <allocated-bytes non-tlh="24" tlh="2249280" />
  <largest-consumer threadName="main" threadId="0000000000D60700" bytes="2245208" />
</allocation-stats>
<gc-op id="735" type="scavenge" timems="0.651" contextid="732" timestamp="2019-06-15T22:18:38.194">
  <scavenger-info tenureage="10" tenuremask="7c00" tiltratio="76" />
  <memory-copied type="nursery" objects="5489" bytes="513808" bytesdiscarded="44520" />
  <references type="soft" candidates="355" cleared="0" enqueued="0" dynamicThreshold="9" maxThreshold="32" />
  <references type="weak" candidates="257" cleared="0" enqueued="0" />
  <references type="phantom" candidates="3" cleared="0" enqueued="0" />
</gc-op>
<gc-end id="736" type="scavenge" contextid="732" durationms="0.977" usertimems="0.000" systemtimems="0.000" timestamp="2019-06-15T22:18:38.195" activeThreads="4">
  <mem-info id="737" free="4154536" total="9633792" percent="43">
    <mem type="nursery" free="2324984" total="3670016" percent="63">
      <mem type="allocate" free="2324984" total="2883584" percent="80" />
      <mem type="survivor" free="0" total="786432" percent="0" />
    </mem>
    <mem type="tenure" free="1829552" total="5963776" percent="30" macro-fragmented="39130">
      <mem type="soa" free="1580720" total="5665792" percent="27" />
      <mem type="loa" free="248832" total="297984" percent="83" />
    </mem>
    <remembered-set count="299" />
  </mem-info>
</gc-end>
<cycle-end id="738" type="scavenge" contextid="732" timestamp="2019-06-15T22:18:38.195" />
  <attribute name="elasticGC enabled" value="1" />
  <attribute name= "numThreadsSpecified" value="4" />
  <attribute name="heapSize specified" value="9895936" />
  <attribute name="Current GC Util" value="4" />
  <attribute name= "Current Time Running" value="44841" />
  <attribute name ="GC Interval" value="200" />
  <attribute name="ProportionalT" value="-24.000000" />
  <attribute name="ProportionalI" value="-24.000000" />
  <attribute name="ProportionalH" value="-24.000000" />
  <attribute name="Current Error" value="-16.000000" />
  <attribute name="IntegralT" value="-768.000000" />
  <attribute name="IntegralI" value="-768.000000" />
  <attribute name="IntegralH" value="-768.000000" />
  <attribute name="DerivativeT" value="-0.333333" />
  <attribute name="DerivativeI" value="-0.333333" />
  <attribute name="DerivativeH" value="-0.333333" />
  <attribute name="Loop Time for DT" value="48.000000" />
  <attribute name="Output H" value="2092630016"/>
  <attribute name="Output I" value="200"/>
  <attribute name="Output T" value="4"/>
  <attribute name="Target GC Util Change" value ="20.000000" />
  <attribute name="Current GC Util Change" value="4.000000"/>
  <attribute name="GC Util currently" value="4" />
  <attribute name="CPU Util currently" value="96318965959" />
<allocation-satisfied id="739" threadId="0000000000D60700" bytesRequested="32784" />
<af-end id="740" timestamp="2019-06-15T22:18:38.195" threadId="0000000000D61088" success="true" from="nursery"/>
<exclusive-end id="741" timestamp="2019-06-15T22:18:38.195" durationms="1.562" />

<exclusive-start id="742" timestamp="2019-06-15T22:18:38.228" intervalms="34.630">
  <response-info timems="0.074" idlems="0.074" threads="0" lastid="0000000000D60700" lastname="main" />
</exclusive-start>
<af-start id="743" threadId="0000000000D61088" totalBytesRequested="24" timestamp="2019-06-15T22:18:38.228" intervalms="34.659" type="nursery" />
<cycle-start id="744" type="scavenge" contextid="0" timestamp="2019-06-15T22:18:38.228" intervalms="34.659" />
<gc-start id="745" type="scavenge" contextid="744" timestamp="2019-06-15T22:18:38.228">
  <mem-info id="746" free="1829552" total="9633792" percent="18">
    <mem type="nursery" free="0" total="3670016" percent="0">
      <mem type="allocate" free="0" total="2883584" percent="0" />
      <mem type="survivor" free="0" total="786432" percent="0" />
    </mem>
    <mem type="tenure" free="1829552" total="5963776" percent="30">
      <mem type="soa" free="1580720" total="5665792" percent="27" />
      <mem type="loa" free="248832" total="297984" percent="83" />
    </mem>
    <remembered-set count="299" />
  </mem-info>
</gc-start>
<allocation-stats totalBytes="2324784" >
  <allocated-bytes non-tlh="32784" tlh="2292000" />
  <largest-consumer threadName="main" threadId="0000000000D60700" bytes="2324784" />
</allocation-stats>
<gc-op id="747" type="scavenge" timems="0.719" contextid="744" timestamp="2019-06-15T22:18:38.229">
  <scavenger-info tenureage="3" tenuremask="7c08" tiltratio="78" />
  <memory-copied type="nursery" objects="903" bytes="344984" bytesdiscarded="26104" />
  <memory-copied type="tenure" objects="4581" bytes="168728" bytesdiscarded="48" />
  <references type="soft" candidates="35" cleared="0" enqueued="0" dynamicThreshold="9" maxThreshold="32" />
  <references type="weak" candidates="14" cleared="0" enqueued="0" />
  <references type="phantom" candidates="3" cleared="0" enqueued="0" />
</gc-op>
<gc-end id="748" type="scavenge" contextid="744" durationms="1.106" usertimems="4.000" systemtimems="0.000" timestamp="2019-06-15T22:18:38.229" activeThreads="4">
  <mem-info id="749" free="4141736" total="9633792" percent="42">
    <mem type="nursery" free="2577912" total="3670016" percent="70">
      <mem type="allocate" free="2577912" total="2949120" percent="87" />
      <mem type="survivor" free="0" total="720896" percent="0" />
    </mem>
    <mem type="tenure" free="1563824" total="5963776" percent="26" macro-fragmented="0">
      <mem type="soa" free="1314992" total="5665792" percent="23" />
      <mem type="loa" free="248832" total="297984" percent="83" />
    </mem>
    <remembered-set count="173" />
  </mem-info>
</gc-end>
<cycle-end id="750" type="scavenge" contextid="744" timestamp="2019-06-15T22:18:38.229" />
  <attribute name="elasticGC enabled" value="1" />
  <attribute name= "numThreadsSpecified" value="4" />
  <attribute name="heapSize specified" value="9895936" />
  <attribute name="Current GC Util" value="3" />
  <attribute name= "Current Time Running" value="44875" />
  <attribute name ="GC Interval" value="200" />
  <attribute name="ProportionalT" value="-25.500000" />
  <attribute name="ProportionalI" value="-25.500000" />
  <attribute name="ProportionalH" value="-25.500000" />
  <attribute name="Current Error" value="-17.000000" />
  <attribute name="IntegralT" value="-578.000000" />
  <attribute name="IntegralI" value="-578.000000" />
  <attribute name="IntegralH" value="-578.000000" />
  <attribute name="DerivativeT" value="-0.500000" />
  <attribute name="DerivativeI" value="-0.500000" />
  <attribute name="DerivativeH" value="-0.500000" />
  <attribute name="Loop Time for DT" value="34.000000" />
  <attribute name="Output H" value="2092630016"/>
  <attribute name="Output I" value="200"/>
  <attribute name="Output T" value="4"/>
  <attribute name="Target GC Util Change" value ="20.000000" />
  <attribute name="Current GC Util Change" value="3.000000"/>
  <attribute name="GC Util currently" value="3" />
  <attribute name="CPU Util currently" value="132886575466" />
<allocation-satisfied id="751" threadId="0000000000D60700" bytesRequested="24" />
<af-end id="752" timestamp="2019-06-15T22:18:38.230" threadId="0000000000D61088" success="true" from="nursery"/>
<exclusive-end id="753" timestamp="2019-06-15T22:18:38.230" durationms="1.747" />

<exclusive-start id="754" timestamp="2019-06-15T22:18:38.241" intervalms="12.855">
  <response-info timems="0.062" idlems="0.062" threads="0" lastid="0000000000D60700" lastname="main" />
</exclusive-start>
<af-start id="755" threadId="0000000000D61088" totalBytesRequested="24" timestamp="2019-06-15T22:18:38.241" intervalms="12.802" type="nursery" />
<cycle-start id="756" type="scavenge" contextid="0" timestamp="2019-06-15T22:18:38.241" intervalms="12.836" />
<gc-start id="757" type="scavenge" contextid="756" timestamp="2019-06-15T22:18:38.241">
  <mem-info id="758" free="1563824" total="9633792" percent="16">
    <mem type="nursery" free="0" total="3670016" percent="0">
      <mem type="allocate" free="0" total="2949120" percent="0" />
      <mem type="survivor" free="0" total="720896" percent="0" />
    </mem>
    <mem type="tenure" free="1563824" total="5963776" percent="26">
      <mem type="soa" free="1314992" total="5665792" percent="23" />
      <mem type="loa" free="248832" total="297984" percent="83" />
    </mem>
    <remembered-set count="173" />
  </mem-info>
</gc-start>
<allocation-stats totalBytes="2577688" >
  <allocated-bytes non-tlh="24" tlh="2577664" />
  <largest-consumer threadName="main" threadId="0000000000D60700" bytes="2577688" />
</allocation-stats>
<gc-op id="759" type="scavenge" timems="0.274" contextid="756" timestamp="2019-06-15T22:18:38.241">
  <scavenger-info tenureage="3" tenuremask="7c08" tiltratio="80" />
  <memory-copied type="nursery" objects="371" bytes="44328" bytesdiscarded="33984" />
  <memory-copied type="tenure" objects="532" bytes="300656" bytesdiscarded="0" />
  <references type="soft" candidates="1" cleared="0" enqueued="0" dynamicThreshold="9" maxThreshold="32" />
</gc-op>
<gc-end id="760" type="scavenge" contextid="756" durationms="0.596" usertimems="0.000" systemtimems="0.000" timestamp="2019-06-15T22:18:38.242" activeThreads="4">
  <mem-info id="761" free="4237992" total="9633792" percent="43">
    <mem type="nursery" free="2936320" total="3670016" percent="80">
      <mem type="allocate" free="2936320" total="3014656" percent="97" />
      <mem type="survivor" free="0" total="655360" percent="0" />
    </mem>
    <mem type="tenure" free="1301672" total="5963776" percent="21" macro-fragmented="0">
      <mem type="soa" free="1052840" total="5665792" percent="18" />
      <mem type="loa" free="248832" total="297984" percent="83" />
    </mem>
    <remembered-set count="132" />
  </mem-info>
</gc-end>
<cycle-end id="762" type="scavenge" contextid="756" timestamp="2019-06-15T22:18:38.242" />
  <attribute name="elasticGC enabled" value="1" />
  <attribute name= "numThreadsSpecified" value="4" />
  <attribute name="heapSize specified" value="9895936" />
  <attribute name="Current GC Util" value="10" />
  <attribute name= "Current Time Running" value="44888" />
  <attribute name ="GC Interval" value="200" />
  <attribute name="ProportionalT" value="-15.000000" />
  <attribute name="ProportionalI" value="-15.000000" />
  <attribute name="ProportionalH" value="-15.000000" />
  <attribute name="Current Error" value="-10.000000" />
  <attribute name="IntegralT" value="-130.000000" />
  <attribute name="IntegralI" value="-130.000000" />
  <attribute name="IntegralH" value="-130.000000" />
  <attribute name="DerivativeT" value="-0.769231" />
  <attribute name="DerivativeI" value="-0.769231" />
  <attribute name="DerivativeH" value="-0.769231" />
  <attribute name="Loop Time for DT" value="13.000000" />
  <attribute name="Output H" value="2092630016"/>
  <attribute name="Output I" value="200"/>
  <attribute name="Output T" value="4"/>
  <attribute name="Target GC Util Change" value ="20.000000" />
  <attribute name="Current GC Util Change" value="10.000000"/>
  <attribute name="GC Util currently" value="10" />
  <attribute name="CPU Util currently" value="360695471128" />
<allocation-satisfied id="763" threadId="0000000000D60700" bytesRequested="24" />
<af-end id="764" timestamp="2019-06-15T22:18:38.242" threadId="0000000000D61088" success="true" from="nursery"/>
<exclusive-end id="765" timestamp="2019-06-15T22:18:38.242" durationms="1.218" />

<exclusive-start id="766" timestamp="2019-06-15T22:18:38.255" intervalms="13.913">
  <response-info timems="0.072" idlems="0.072" threads="0" lastid="0000000000D60700" lastname="main" />
</exclusive-start>
<af-start id="767" threadId="0000000000D61088" totalBytesRequested="24" timestamp="2019-06-15T22:18:38.255" intervalms="13.865" type="nursery" />
<cycle-start id="768" type="scavenge" contextid="0" timestamp="2019-06-15T22:18:38.255" intervalms="13.864" />
<gc-start id="769" type="scavenge" contextid="768" timestamp="2019-06-15T22:18:38.255">
  <mem-info id="770" free="1301672" total="9633792" percent="13">
    <mem type="nursery" free="0" total="3670016" percent="0">
      <mem type="allocate" free="0" total="3014656" percent="0" />
      <mem type="survivor" free="0" total="655360" percent="0" />
    </mem>
    <mem type="tenure" free="1301672" total="5963776" percent="21">
      <mem type="soa" free="1052840" total="5665792" percent="18" />
      <mem type="loa" free="248832" total="297984" percent="83" />
    </mem>
    <remembered-set count="132" />
  </mem-info>
</gc-start>
<allocation-stats totalBytes="2936104" >
  <allocated-bytes non-tlh="24" tlh="2936080" />
  <largest-consumer threadName="main" threadId="0000000000D60700" bytes="2936104" />
</allocation-stats>
<gc-op id="771" type="scavenge" timems="0.222" contextid="768" timestamp="2019-06-15T22:18:38.255">
  <scavenger-info tenureage="11" tenuremask="7800" tiltratio="82" />
  <memory-copied type="nursery" objects="371" bytes="44328" bytesdiscarded="27600" />
  <references type="soft" candidates="1" cleared="0" enqueued="0" dynamicThreshold="9" maxThreshold="32" />
</gc-op>
<gc-end id="772" type="scavenge" contextid="768" durationms="0.493" usertimems="0.000" systemtimems="0.000" timestamp="2019-06-15T22:18:38.255" activeThreads="4">
  <mem-info id="773" free="4309912" total="9633792" percent="44">
    <mem type="nursery" free="3008240" total="3670016" percent="81">
      <mem type="allocate" free="3008240" total="3080192" percent="97" />
      <mem type="survivor" free="0" total="589824" percent="0" />
    </mem>
    <mem type="tenure" free="1301672" total="5963776" percent="21" macro-fragmented="418667">
      <mem type="soa" free="1052840" total="5665792" percent="18" />
      <mem type="loa" free="248832" total="297984" percent="83" />
    </mem>
    <remembered-set count="132" />
  </mem-info>
</gc-end>
<cycle-end id="774" type="scavenge" contextid="768" timestamp="2019-06-15T22:18:38.256" />
  <attribute name="elasticGC enabled" value="1" />
  <attribute name= "numThreadsSpecified" value="4" />
  <attribute name="heapSize specified" value="9895936" />
  <attribute name="Current GC Util" value="5" />
  <attribute name= "Current Time Running" value="44902" />
  <attribute name ="GC Interval" value="200" />
  <attribute name="ProportionalT" value="-22.500000" />
  <attribute name="ProportionalI" value="-22.500000" />
  <attribute name="ProportionalH" value="-22.500000" />
  <attribute name="Current Error" value="-15.000000" />
  <attribute name="IntegralT" value="-210.000000" />
  <attribute name="IntegralI" value="-210.000000" />
  <attribute name="IntegralH" value="-210.000000" />
  <attribute name="DerivativeT" value="-1.071429" />
  <attribute name="DerivativeI" value="-1.071429" />
  <attribute name="DerivativeH" value="-1.071429" />
  <attribute name="Loop Time for DT" value="14.000000" />
  <attribute name="Output H" value="2092630016"/>
  <attribute name="Output I" value="200"/>
  <attribute name="Output T" value="4"/>
  <attribute name="Target GC Util Change" value ="20.000000" />
  <attribute name="Current GC Util Change" value="5.000000"/>
  <attribute name="GC Util currently" value="5" />
  <attribute name="CPU Util currently" value="332390032868" />
<allocation-satisfied id="775" threadId="0000000000D60700" bytesRequested="24" />
<af-end id="776" timestamp="2019-06-15T22:18:38.256" threadId="0000000000D61088" success="true" from="nursery"/>
<exclusive-end id="777" timestamp="2019-06-15T22:18:38.256" durationms="1.076" />

<exclusive-start id="778" timestamp="2019-06-15T22:18:38.268" intervalms="13.240">
  <response-info timems="0.065" idlems="0.065" threads="0" lastid="0000000000D60700" lastname="main" />
</exclusive-start>
<af-start id="779" threadId="0000000000D61088" totalBytesRequested="32784" timestamp="2019-06-15T22:18:38.268" intervalms="13.287" type="nursery" />
<cycle-start id="780" type="scavenge" contextid="0" timestamp="2019-06-15T22:18:38.268" intervalms="13.246" />
<gc-start id="781" type="scavenge" contextid="780" timestamp="2019-06-15T22:18:38.268">
  <mem-info id="782" free="1301672" total="9633792" percent="13">
    <mem type="nursery" free="0" total="3670016" percent="0">
      <mem type="allocate" free="0" total="3080192" percent="0" />
      <mem type="survivor" free="0" total="589824" percent="0" />
    </mem>
    <mem type="tenure" free="1301672" total="5963776" percent="21">
      <mem type="soa" free="1052840" total="5665792" percent="18" />
      <mem type="loa" free="248832" total="297984" percent="83" />
    </mem>
    <remembered-set count="132" />
  </mem-info>
</gc-start>
<allocation-stats totalBytes="3003768" >
  <allocated-bytes non-tlh="24" tlh="3003744" />
  <largest-consumer threadName="main" threadId="0000000000D60700" bytes="3003768" />
</allocation-stats>
<gc-op id="783" type="scavenge" timems="0.214" contextid="780" timestamp="2019-06-15T22:18:38.268">
  <scavenger-info tenureage="7" tenuremask="7080" tiltratio="83" />
  <memory-copied type="nursery" objects="17" bytes="65912" bytesdiscarded="45208" />
  <memory-copied type="tenure" objects="363" bytes="11368" bytesdiscarded="0" />
</gc-op>
<gc-end id="784" type="scavenge" contextid="780" durationms="0.523" usertimems="0.000" systemtimems="0.000" timestamp="2019-06-15T22:18:38.269" activeThreads="4">
  <mem-info id="785" free="4401816" total="9633792" percent="45">
    <mem type="nursery" free="3100144" total="3670016" percent="84">
      <mem type="allocate" free="3100144" total="3211264" percent="96" />
      <mem type="survivor" free="0" total="458752" percent="0" />
    </mem>
    <mem type="tenure" free="1301672" total="5963776" percent="21" macro-fragmented="0">
      <mem type="soa" free="1052840" total="5665792" percent="18" />
      <mem type="loa" free="248832" total="297984" percent="83" />
    </mem>
    <remembered-set count="73" />
  </mem-info>
</gc-end>
<cycle-end id="786" type="scavenge" contextid="780" timestamp="2019-06-15T22:18:38.269" />
  <attribute name="elasticGC enabled" value="1" />
  <attribute name= "numThreadsSpecified" value="4" />
  <attribute name="heapSize specified" value="9895936" />
  <attribute name="Current GC Util" value="4" />
  <attribute name= "Current Time Running" value="44915" />
  <attribute name ="GC Interval" value="200" />
  <attribute name="ProportionalT" value="-24.000000" />
  <attribute name="ProportionalI" value="-24.000000" />
  <attribute name="ProportionalH" value="-24.000000" />
  <attribute name="Current Error" value="-16.000000" />
  <attribute name="IntegralT" value="-208.000000" />
  <attribute name="IntegralI" value="-208.000000" />
  <attribute name="IntegralH" value="-208.000000" />
  <attribute name="DerivativeT" value="-1.230769" />
  <attribute name="DerivativeI" value="-1.230769" />
  <attribute name="DerivativeH" value="-1.230769" />
  <attribute name="Loop Time for DT" value="13.000000" />
  <attribute name="Output H" value="2092630016"/>
  <attribute name="Output I" value="200"/>
  <attribute name="Output T" value="4"/>
  <attribute name="Target GC Util Change" value ="20.000000" />
  <attribute name="Current GC Util Change" value="4.000000"/>
  <attribute name="GC Util currently" value="4" />
  <attribute name="CPU Util currently" value="349389395401" />
<allocation-satisfied id="787" threadId="0000000000D60700" bytesRequested="32784" />
<af-end id="788" timestamp="2019-06-15T22:18:38.269" threadId="0000000000D61088" success="true" from="nursery"/>
<exclusive-end id="789" timestamp="2019-06-15T22:18:38.269" durationms="1.082" />

<exclusive-start id="790" timestamp="2019-06-15T22:18:38.281" intervalms="12.629">
  <response-info timems="0.071" idlems="0.071" threads="0" lastid="0000000000D60700" lastname="main" />
</exclusive-start>
<af-start id="791" threadId="0000000000D61088" totalBytesRequested="24" timestamp="2019-06-15T22:18:38.281" intervalms="12.595" type="nursery" />
<cycle-start id="792" type="scavenge" contextid="0" timestamp="2019-06-15T22:18:38.281" intervalms="12.643" />
<gc-start id="793" type="scavenge" contextid="792" timestamp="2019-06-15T22:18:38.281">
  <mem-info id="794" free="1301672" total="9633792" percent="13">
    <mem type="nursery" free="0" total="3670016" percent="0">
      <mem type="allocate" free="0" total="3211264" percent="0" />
      <mem type="survivor" free="0" total="458752" percent="0" />
    </mem>
    <mem type="tenure" free="1301672" total="5963776" percent="21">
      <mem type="soa" free="1052840" total="5665792" percent="18" />
      <mem type="loa" free="248832" total="297984" percent="83" />
    </mem>
    <remembered-set count="73" />
  </mem-info>
</gc-start>
<allocation-stats totalBytes="3099216" >
  <allocated-bytes non-tlh="32784" tlh="3066432" />
  <largest-consumer threadName="main" threadId="0000000000D60700" bytes="3099216" />
</allocation-stats>
<gc-op id="795" type="scavenge" timems="0.189" contextid="792" timestamp="2019-06-15T22:18:38.281">
  <scavenger-info tenureage="13" tenuremask="6000" tiltratio="87" />
  <memory-copied type="nursery" objects="8" bytes="32960" bytesdiscarded="45376" />
</gc-op>
<gc-end id="796" type="scavenge" contextid="792" durationms="0.520" usertimems="0.000" systemtimems="0.000" timestamp="2019-06-15T22:18:38.281" activeThreads="4">
  <mem-info id="797" free="4500136" total="9633792" percent="46">
    <mem type="nursery" free="3198464" total="3670016" percent="87">
      <mem type="allocate" free="3198464" total="3276800" percent="97" />
      <mem type="survivor" free="0" total="393216" percent="0" />
    </mem>
    <mem type="tenure" free="1301672" total="5963776" percent="21" macro-fragmented="47576">
      <mem type="soa" free="1052840" total="5665792" percent="18" />
      <mem type="loa" free="248832" total="297984" percent="83" />
    </mem>
    <remembered-set count="73" />
  </mem-info>
</gc-end>
<cycle-end id="798" type="scavenge" contextid="792" timestamp="2019-06-15T22:18:38.281" />
  <attribute name="elasticGC enabled" value="1" />
  <attribute name= "numThreadsSpecified" value="4" />
  <attribute name="heapSize specified" value="9895936" />
  <attribute name="Current GC Util" value="5" />
  <attribute name= "Current Time Running" value="44928" />
  <attribute name ="GC Interval" value="200" />
  <attribute name="ProportionalT" value="-22.500000" />
  <attribute name="ProportionalI" value="-22.500000" />
  <attribute name="ProportionalH" value="-22.500000" />
  <attribute name="Current Error" value="-15.000000" />
  <attribute name="IntegralT" value="-195.000000" />
  <attribute name="IntegralI" value="-195.000000" />
  <attribute name="IntegralH" value="-195.000000" />
  <attribute name="DerivativeT" value="-1.153846" />
  <attribute name="DerivativeI" value="-1.153846" />
  <attribute name="DerivativeH" value="-1.153846" />
  <attribute name="Loop Time for DT" value="13.000000" />
  <attribute name="Output H" value="2092630016"/>
  <attribute name="Output I" value="200"/>
  <attribute name="Output T" value="4"/>
  <attribute name="Target GC Util Change" value ="20.000000" />
  <attribute name="Current GC Util Change" value="5.000000"/>
  <attribute name="GC Util currently" value="5" />
  <attribute name="CPU Util currently" value="363431567681" />
<allocation-satisfied id="799" threadId="0000000000D60700" bytesRequested="24" />
<af-end id="800" timestamp="2019-06-15T22:18:38.282" threadId="0000000000D61088" success="true" from="nursery"/>
<exclusive-end id="801" timestamp="2019-06-15T22:18:38.282" durationms="1.162" />

<exclusive-start id="802" timestamp="2019-06-15T22:18:38.293" intervalms="12.890">
  <response-info timems="0.069" idlems="0.069" threads="0" lastid="0000000000D60700" lastname="main" />
</exclusive-start>
<af-start id="803" threadId="0000000000D61088" totalBytesRequested="24" timestamp="2019-06-15T22:18:38.293" intervalms="12.877" type="nursery" />
<cycle-start id="804" type="scavenge" contextid="0" timestamp="2019-06-15T22:18:38.294" intervalms="12.876" />
<gc-start id="805" type="scavenge" contextid="804" timestamp="2019-06-15T22:18:38.294">
  <mem-info id="806" free="1301672" total="9633792" percent="13">
    <mem type="nursery" free="0" total="3670016" percent="0">
      <mem type="allocate" free="0" total="3276800" percent="0" />
      <mem type="survivor" free="0" total="393216" percent="0" />
    </mem>
    <mem type="tenure" free="1301672" total="5963776" percent="21">
      <mem type="soa" free="1052840" total="5665792" percent="18" />
      <mem type="loa" free="248832" total="297984" percent="83" />
    </mem>
    <remembered-set count="73" />
  </mem-info>
</gc-start>
<allocation-stats totalBytes="3197936" >
  <allocated-bytes non-tlh="24" tlh="3197912" />
  <largest-consumer threadName="main" threadId="0000000000D60700" bytes="3197936" />
</allocation-stats>
<gc-op id="807" type="scavenge" timems="0.156" contextid="804" timestamp="2019-06-15T22:18:38.294">
  <scavenger-info tenureage="14" tenuremask="4000" tiltratio="89" />
  <memory-copied type="nursery" objects="8" bytes="32960" bytesdiscarded="6208" />
</gc-op>
<gc-end id="808" type="scavenge" contextid="804" durationms="0.407" usertimems="0.000" systemtimems="0.000" timestamp="2019-06-15T22:18:38.294" activeThreads="4">
  <mem-info id="809" free="4539304" total="9633792" percent="47">
    <mem type="nursery" free="3237632" total="3670016" percent="88">
      <mem type="allocate" free="3237632" total="3276800" percent="98" />
      <mem type="survivor" free="0" total="393216" percent="0" />
    </mem>
    <mem type="tenure" free="1301672" total="5963776" percent="21" macro-fragmented="418667">
      <mem type="soa" free="1052840" total="5665792" percent="18" />
      <mem type="loa" free="248832" total="297984" percent="83" />
    </mem>
    <remembered-set count="73" />
  </mem-info>
</gc-end>
<cycle-end id="810" type="scavenge" contextid="804" timestamp="2019-06-15T22:18:38.294" />
  <attribute name="elasticGC enabled" value="1" />
  <attribute name= "numThreadsSpecified" value="4" />
  <attribute name="heapSize specified" value="9895936" />
  <attribute name="Current GC Util" value="4" />
  <attribute name= "Current Time Running" value="44941" />
  <attribute name ="GC Interval" value="200" />
  <attribute name="ProportionalT" value="-24.000000" />
  <attribute name="ProportionalI" value="-24.000000" />
  <attribute name="ProportionalH" value="-24.000000" />
  <attribute name="Current Error" value="-16.000000" />
  <attribute name="IntegralT" value="-208.000000" />
  <attribute name="IntegralI" value="-208.000000" />
  <attribute name="IntegralH" value="-208.000000" />
  <attribute name="DerivativeT" value="-1.230769" />
  <attribute name="DerivativeI" value="-1.230769" />
  <attribute name="DerivativeH" value="-1.230769" />
  <attribute name="Loop Time for DT" value="13.000000" />
  <attribute name="Output H" value="2092630016"/>
  <attribute name="Output I" value="200"/>
  <attribute name="Output T" value="4"/>
  <attribute name="Target GC Util Change" value ="20.000000" />
  <attribute name="Current GC Util Change" value="4.000000"/>
  <attribute name="GC Util currently" value="4" />
  <attribute name="CPU Util currently" value="359473313382" />
<allocation-satisfied id="811" threadId="0000000000D60700" bytesRequested="24" />
<af-end id="812" timestamp="2019-06-15T22:18:38.294" threadId="0000000000D61088" success="true" from="nursery"/>
<exclusive-end id="813" timestamp="2019-06-15T22:18:38.294" durationms="0.941" />

<exclusive-start id="814" timestamp="2019-06-15T22:18:38.306" intervalms="12.783">
  <response-info timems="0.068" idlems="0.068" threads="0" lastid="0000000000D60700" lastname="main" />
</exclusive-start>
<af-start id="815" threadId="0000000000D61088" totalBytesRequested="24" timestamp="2019-06-15T22:18:38.306" intervalms="12.783" type="nursery" />
<cycle-start id="816" type="scavenge" contextid="0" timestamp="2019-06-15T22:18:38.306" intervalms="12.778" />
<gc-start id="817" type="scavenge" contextid="816" timestamp="2019-06-15T22:18:38.306">
  <mem-info id="818" free="1301672" total="9633792" percent="13">
    <mem type="nursery" free="0" total="3670016" percent="0">
      <mem type="allocate" free="0" total="3276800" percent="0" />
      <mem type="survivor" free="0" total="393216" percent="0" />
    </mem>
    <mem type="tenure" free="1301672" total="5963776" percent="21">
      <mem type="soa" free="1052840" total="5665792" percent="18" />
      <mem type="loa" free="248832" total="297984" percent="83" />
    </mem>
    <remembered-set count="73" />
  </mem-info>
</gc-start>
<allocation-stats totalBytes="3237392" >
  <allocated-bytes non-tlh="24" tlh="3237368" />
  <largest-consumer threadName="main" threadId="0000000000D60700" bytes="3237392" />
</allocation-stats>
<gc-op id="819" type="scavenge" timems="0.168" contextid="816" timestamp="2019-06-15T22:18:38.307">
  <scavenger-info tenureage="14" tenuremask="4000" tiltratio="89" />
  <memory-copied type="nursery" objects="8" bytes="32960" bytesdiscarded="6208" />
</gc-op>
<gc-end id="820" type="scavenge" contextid="816" durationms="0.493" usertimems="0.000" systemtimems="0.000" timestamp="2019-06-15T22:18:38.307" activeThreads="4">
  <mem-info id="821" free="4539304" total="9633792" percent="47">
    <mem type="nursery" free="3237632" total="3670016" percent="88">
      <mem type="allocate" free="3237632" total="3276800" percent="98" />
      <mem type="survivor" free="0" total="393216" percent="0" />
    </mem>
    <mem type="tenure" free="1301672" total="5963776" percent="21" macro-fragmented="81140">
      <mem type="soa" free="1052840" total="5665792" percent="18" />
      <mem type="loa" free="248832" total="297984" percent="83" />
    </mem>
    <remembered-set count="73" />
  </mem-info>
</gc-end>
<cycle-end id="822" type="scavenge" contextid="816" timestamp="2019-06-15T22:18:38.307" />
  <attribute name="elasticGC enabled" value="1" />
  <attribute name= "numThreadsSpecified" value="4" />
  <attribute name="heapSize specified" value="9895936" />
  <attribute name="Current GC Util" value="3" />
  <attribute name= "Current Time Running" value="44953" />
  <attribute name ="GC Interval" value="200" />
  <attribute name="ProportionalT" value="-25.500000" />
  <attribute name="ProportionalI" value="-25.500000" />
  <attribute name="ProportionalH" value="-25.500000" />
  <attribute name="Current Error" value="-17.000000" />
  <attribute name="IntegralT" value="-204.000000" />
  <attribute name="IntegralI" value="-204.000000" />
  <attribute name="IntegralH" value="-204.000000" />
  <attribute name="DerivativeT" value="-1.416667" />
  <attribute name="DerivativeI" value="-1.416667" />
  <attribute name="DerivativeH" value="-1.416667" />
  <attribute name="Loop Time for DT" value="12.000000" />
  <attribute name="Output H" value="2092630016"/>
  <attribute name="Output I" value="200"/>
  <attribute name="Output T" value="4"/>
  <attribute name="Target GC Util Change" value ="20.000000" />
  <attribute name="Current GC Util Change" value="3.000000"/>
  <attribute name="GC Util currently" value="3" />
  <attribute name="CPU Util currently" value="360925369620" />
<allocation-satisfied id="823" threadId="0000000000D60700" bytesRequested="24" />
<af-end id="824" timestamp="2019-06-15T22:18:38.307" threadId="0000000000D61088" success="true" from="nursery"/>
<exclusive-end id="825" timestamp="2019-06-15T22:18:38.307" durationms="1.066" />

<exclusive-start id="826" timestamp="2019-06-15T22:18:38.319" intervalms="13.073">
  <response-info timems="0.070" idlems="0.070" threads="0" lastid="0000000000D60700" lastname="main" />
</exclusive-start>
<af-start id="827" threadId="0000000000D61088" totalBytesRequested="24" timestamp="2019-06-15T22:18:38.319" intervalms="13.074" type="nursery" />
<cycle-start id="828" type="scavenge" contextid="0" timestamp="2019-06-15T22:18:38.319" intervalms="13.075" />
<gc-start id="829" type="scavenge" contextid="828" timestamp="2019-06-15T22:18:38.320">
  <mem-info id="830" free="1301672" total="9633792" percent="13">
    <mem type="nursery" free="0" total="3670016" percent="0">
      <mem type="allocate" free="0" total="3276800" percent="0" />
      <mem type="survivor" free="0" total="393216" percent="0" />
    </mem>
    <mem type="tenure" free="1301672" total="5963776" percent="21">
      <mem type="soa" free="1052840" total="5665792" percent="18" />
      <mem type="loa" free="248832" total="297984" percent="83" />
    </mem>
    <remembered-set count="73" />
  </mem-info>
</gc-start>
<allocation-stats totalBytes="3237376" >
  <allocated-bytes non-tlh="24" tlh="3237352" />
  <largest-consumer threadName="main" threadId="0000000000D60700" bytes="3237376" />
</allocation-stats>
<gc-op id="831" type="scavenge" timems="0.155" contextid="828" timestamp="2019-06-15T22:18:38.320">
  <scavenger-info tenureage="14" tenuremask="4000" tiltratio="89" />
  <memory-copied type="nursery" objects="10" bytes="33008" bytesdiscarded="6160" />
</gc-op>
<gc-end id="832" type="scavenge" contextid="828" durationms="0.473" usertimems="4.000" systemtimems="0.000" timestamp="2019-06-15T22:18:38.320" activeThreads="4">
  <mem-info id="833" free="4539304" total="9633792" percent="47">
    <mem type="nursery" free="3237632" total="3670016" percent="88">
      <mem type="allocate" free="3237632" total="3276800" percent="98" />
      <mem type="survivor" free="0" total="393216" percent="0" />
    </mem>
    <mem type="tenure" free="1301672" total="5963776" percent="21" macro-fragmented="75960">
      <mem type="soa" free="1052840" total="5665792" percent="18" />
      <mem type="loa" free="248832" total="297984" percent="83" />
    </mem>
    <remembered-set count="73" />
  </mem-info>
</gc-end>
<cycle-end id="834" type="scavenge" contextid="828" timestamp="2019-06-15T22:18:38.320" />
  <attribute name="elasticGC enabled" value="1" />
  <attribute name= "numThreadsSpecified" value="4" />
  <attribute name="heapSize specified" value="9895936" />
  <attribute name="Current GC Util" value="4" />
  <attribute name= "Current Time Running" value="44967" />
  <attribute name ="GC Interval" value="200" />
  <attribute name="ProportionalT" value="-24.000000" />
  <attribute name="ProportionalI" value="-24.000000" />
  <attribute name="ProportionalH" value="-24.000000" />
  <attribute name="Current Error" value="-16.000000" />
  <attribute name="IntegralT" value="-224.000000" />
  <attribute name="IntegralI" value="-224.000000" />
  <attribute name="IntegralH" value="-224.000000" />
  <attribute name="DerivativeT" value="-1.142857" />
  <attribute name="DerivativeI" value="-1.142857" />
  <attribute name="DerivativeH" value="-1.142857" />
  <attribute name="Loop Time for DT" value="14.000000" />
  <attribute name="Output H" value="2092630016"/>
  <attribute name="Output I" value="200"/>
  <attribute name="Output T" value="4"/>
  <attribute name="Target GC Util Change" value ="20.000000" />
  <attribute name="Current GC Util Change" value="4.000000"/>
  <attribute name="GC Util currently" value="4" />
  <attribute name="CPU Util currently" value="351609478697" />
<allocation-satisfied id="835" threadId="0000000000D60700" bytesRequested="24" />
<af-end id="836" timestamp="2019-06-15T22:18:38.320" threadId="0000000000D61088" success="true" from="nursery"/>
<exclusive-end id="837" timestamp="2019-06-15T22:18:38.320" durationms="1.086" />

<exclusive-start id="838" timestamp="2019-06-15T22:18:38.332" intervalms="13.112">
  <response-info timems="0.072" idlems="0.072" threads="0" lastid="0000000000D60700" lastname="main" />
</exclusive-start>
<af-start id="839" threadId="0000000000D61088" totalBytesRequested="24" timestamp="2019-06-15T22:18:38.332" intervalms="13.126" type="nursery" />
<cycle-start id="840" type="scavenge" contextid="0" timestamp="2019-06-15T22:18:38.333" intervalms="13.120" />
<gc-start id="841" type="scavenge" contextid="840" timestamp="2019-06-15T22:18:38.333">
  <mem-info id="842" free="1301672" total="9633792" percent="13">
    <mem type="nursery" free="0" total="3670016" percent="0">
      <mem type="allocate" free="0" total="3276800" percent="0" />
      <mem type="survivor" free="0" total="393216" percent="0" />
    </mem>
    <mem type="tenure" free="1301672" total="5963776" percent="21">
      <mem type="soa" free="1052840" total="5665792" percent="18" />
      <mem type="loa" free="248832" total="297984" percent="83" />
    </mem>
    <remembered-set count="73" />
  </mem-info>
</gc-start>
<allocation-stats totalBytes="3237392" >
  <allocated-bytes non-tlh="24" tlh="3237368" />
  <largest-consumer threadName="main" threadId="0000000000D60700" bytes="3237392" />
</allocation-stats>
<gc-op id="843" type="scavenge" timems="0.168" contextid="840" timestamp="2019-06-15T22:18:38.333">
  <scavenger-info tenureage="14" tenuremask="4000" tiltratio="89" />
  <memory-copied type="nursery" objects="9" bytes="32984" bytesdiscarded="6184" />
</gc-op>
<gc-end id="844" type="scavenge" contextid="840" durationms="0.493" usertimems="0.000" systemtimems="0.000" timestamp="2019-06-15T22:18:38.333" activeThreads="4">
  <mem-info id="845" free="4539304" total="9633792" percent="47">
    <mem type="nursery" free="3237632" total="3670016" percent="88">
      <mem type="allocate" free="3237632" total="3276800" percent="98" />
      <mem type="survivor" free="0" total="393216" percent="0" />
    </mem>
    <mem type="tenure" free="1301672" total="5963776" percent="21" macro-fragmented="201903">
      <mem type="soa" free="1052840" total="5665792" percent="18" />
      <mem type="loa" free="248832" total="297984" percent="83" />
    </mem>
    <remembered-set count="73" />
  </mem-info>
</gc-end>
<cycle-end id="846" type="scavenge" contextid="840" timestamp="2019-06-15T22:18:38.333" />
  <attribute name="elasticGC enabled" value="1" />
  <attribute name= "numThreadsSpecified" value="4" />
  <attribute name="heapSize specified" value="9895936" />
  <attribute name="Current GC Util" value="4" />
  <attribute name= "Current Time Running" value="44980" />
  <attribute name ="GC Interval" value="200" />
  <attribute name="ProportionalT" value="-24.000000" />
  <attribute name="ProportionalI" value="-24.000000" />
  <attribute name="ProportionalH" value="-24.000000" />
  <attribute name="Current Error" value="-16.000000" />
  <attribute name="IntegralT" value="-208.000000" />
  <attribute name="IntegralI" value="-208.000000" />
  <attribute name="IntegralH" value="-208.000000" />
  <attribute name="DerivativeT" value="-1.230769" />
  <attribute name="DerivativeI" value="-1.230769" />
  <attribute name="DerivativeH" value="-1.230769" />
  <attribute name="Loop Time for DT" value="13.000000" />
  <attribute name="Output H" value="2092630016"/>
  <attribute name="Output I" value="200"/>
  <attribute name="Output T" value="4"/>
  <attribute name="Target GC Util Change" value ="20.000000" />
  <attribute name="Current GC Util Change" value="4.000000"/>
  <attribute name="GC Util currently" value="4" />
  <attribute name="CPU Util currently" value="351437456763" />
<allocation-satisfied id="847" threadId="0000000000D60700" bytesRequested="24" />
<af-end id="848" timestamp="2019-06-15T22:18:38.333" threadId="0000000000D61088" success="true" from="nursery"/>
<exclusive-end id="849" timestamp="2019-06-15T22:18:38.333" durationms="1.042" />

<exclusive-start id="850" timestamp="2019-06-15T22:18:38.345" intervalms="12.863">
  <response-info timems="0.057" idlems="0.057" threads="0" lastid="0000000000D60700" lastname="main" />
</exclusive-start>
<af-start id="851" threadId="0000000000D61088" totalBytesRequested="24" timestamp="2019-06-15T22:18:38.345" intervalms="12.846" type="nursery" />
<cycle-start id="852" type="scavenge" contextid="0" timestamp="2019-06-15T22:18:38.345" intervalms="12.853" />
<gc-start id="853" type="scavenge" contextid="852" timestamp="2019-06-15T22:18:38.345">
  <mem-info id="854" free="1301672" total="9633792" percent="13">
    <mem type="nursery" free="0" total="3670016" percent="0">
      <mem type="allocate" free="0" total="3276800" percent="0" />
      <mem type="survivor" free="0" total="393216" percent="0" />
    </mem>
    <mem type="tenure" free="1301672" total="5963776" percent="21">
      <mem type="soa" free="1052840" total="5665792" percent="18" />
      <mem type="loa" free="248832" total="297984" percent="83" />
    </mem>
    <remembered-set count="73" />
  </mem-info>
</gc-start>
<allocation-stats totalBytes="3237416" >
  <allocated-bytes non-tlh="24" tlh="3237392" />
  <largest-consumer threadName="main" threadId="0000000000D60700" bytes="3237416" />
</allocation-stats>
<gc-op id="855" type="scavenge" timems="0.161" contextid="852" timestamp="2019-06-15T22:18:38.346">
  <scavenger-info tenureage="3" tenuremask="fff8" tiltratio="89" />
  <memory-copied type="nursery" objects="8" bytes="32960" bytesdiscarded="6208" />
</gc-op>
<gc-end id="856" type="scavenge" contextid="852" durationms="0.436" usertimems="0.000" systemtimems="0.000" timestamp="2019-06-15T22:18:38.346" activeThreads="4">
  <mem-info id="857" free="4539304" total="9633792" percent="47">
    <mem type="nursery" free="3237632" total="3670016" percent="88">
      <mem type="allocate" free="3237632" total="3276800" percent="98" />
      <mem type="survivor" free="0" total="393216" percent="0" />
    </mem>
    <mem type="tenure" free="1301672" total="5963776" percent="21" macro-fragmented="418667">
      <mem type="soa" free="1052840" total="5665792" percent="18" />
      <mem type="loa" free="248832" total="297984" percent="83" />
    </mem>
    <remembered-set count="73" />
  </mem-info>
</gc-end>
<cycle-end id="858" type="scavenge" contextid="852" timestamp="2019-06-15T22:18:38.346" />
  <attribute name="elasticGC enabled" value="1" />
  <attribute name= "numThreadsSpecified" value="4" />
  <attribute name="heapSize specified" value="9895936" />
  <attribute name="Current GC Util" value="4" />
  <attribute name= "Current Time Running" value="44993" />
  <attribute name ="GC Interval" value="200" />
  <attribute name="ProportionalT" value="-24.000000" />
  <attribute name="ProportionalI" value="-24.000000" />
  <attribute name="ProportionalH" value="-24.000000" />
  <attribute name="Current Error" value="-16.000000" />
  <attribute name="IntegralT" value="-208.000000" />
  <attribute name="IntegralI" value="-208.000000" />
  <attribute name="IntegralH" value="-208.000000" />
  <attribute name="DerivativeT" value="-1.230769" />
  <attribute name="DerivativeI" value="-1.230769" />
  <attribute name="DerivativeH" value="-1.230769" />
  <attribute name="Loop Time for DT" value="13.000000" />
  <attribute name="Output H" value="2092630016"/>
  <attribute name="Output I" value="200"/>
  <attribute name="Output T" value="4"/>
  <attribute name="Target GC Util Change" value ="20.000000" />
  <attribute name="Current GC Util Change" value="4.000000"/>
  <attribute name="GC Util currently" value="4" />
  <attribute name="CPU Util currently" value="359744250047" />
<allocation-satisfied id="859" threadId="0000000000D60700" bytesRequested="24" />
<af-end id="860" timestamp="2019-06-15T22:18:38.346" threadId="0000000000D61088" success="true" from="nursery"/>
<exclusive-end id="861" timestamp="2019-06-15T22:18:38.346" durationms="0.963" />

</verbosegc>

