<?xml version="1.0" ?>

<verbosegc xmlns="http://www.ibm.com/j9/verbosegc" version="10b4217_CMPRSS">

<initialized id="1" timestamp="2019-06-16T17:37:34.505">
  <attribute name="gcPolicy" value="-Xgcpolicy:gencon" />
  <attribute name="elasticGC enabled" value="1" />
  <attribute name= "numThreadsSpecified" value="0" />
  <attribute name="heapSize specified" value="0" />
  <attribute name="Current GC Util" value="0" />
  <attribute name= "Current Time Running" value="0" />
  <attribute name ="GC Interval" value="0" />
  <attribute name="ProportionalT" value="0.000000" />
  <attribute name="ProportionalI" value="0.000000" />
  <attribute name="ProportionalH" value="0.000000" />
  <attribute name="IntegralT" value="0.000000" />
  <attribute name="IntegralI" value="0.000000" />
  <attribute name="IntegralH" value="0.000000" />
  <attribute name="DerivativeT" value="0.000000" />
  <attribute name="DerivativeI" value="0.000000" />
  <attribute name="DerivativeH" value="0.000000" />
  <attribute name="Target GC Util Change" value ="0.000000" />
  <attribute name="Current GC Util Change" value="0.000000"/>
  <attribute name="Current Error" value="0.000000" />
  <attribute name="Loop Time for DT" value="0.000000" />
  <attribute name="Output H" value="0"/>
  <attribute name="Output I" value="0"/>
  <attribute name="Output T" value="0"/>
  <attribute name="GC Util currently" value="0" />
  <attribute name="CPU Util currently" value="0" />
  <attribute name="maxHeapSize" value="0x7cbc0000" />
  <attribute name="initialHeapSize" value="0x800000" />
  <attribute name="compressedRefs" value="true" />
  <attribute name="compressedRefsDisplacement" value="0x0" />
  <attribute name="compressedRefsShift" value="0x0" />
  <attribute name="pageSize" value="0x1000" />
  <attribute name="pageType" value="not used" />
  <attribute name="requestedPageSize" value="0x1000" />
  <attribute name="requestedPageType" value="not used" />
  <attribute name="gcthreads" value="4" />
  <attribute name="gcthreads Concurrent Mark" value="1" />
  <attribute name="packetListSplit" value="4" />
  <attribute name="cacheListSplit" value="4" />
  <attribute name="splitFreeListSplitAmount" value="1" />
  <attribute name="numaNodes" value="0" />
  <system>
    <attribute name="physicalMemory" value="8370962432" />
    <attribute name="numCPUs" value="4" />
    <attribute name="architecture" value="amd64" />
    <attribute name="os" value="Linux" />
    <attribute name="osVersion" value="4.4.0-148-generic" />
  </system>
  <vmargs>
    <vmarg name="-Xoptionsfile=/vagrant/jdk/lib/options.default" />
    <vmarg name="-Xlockword:mode=default,noLockword=java/lang/String,noLockword=java/util/MapEntry,noLockword=java/util/HashMap$Entry,noLockword..." />
    <vmarg name="-Xjcl:jclse29" />
    <vmarg name="-Dcom.ibm.oti.vm.bootstrap.library.path=/vagrant/jdk/lib/compressedrefs:/vagrant/jdk/lib" />
    <vmarg name="-Dsun.boot.library.path=/vagrant/jdk/lib/compressedrefs:/vagrant/jdk/lib" />
    <vmarg name="-Djava.library.path=/vagrant/jdk/lib/compressedrefs:/vagrant/jdk/lib:/usr/lib64:/usr/lib" />
    <vmarg name="-Djava.home=/vagrant/jdk" />
    <vmarg name="-Duser.dir=/vagrant" />
    <vmarg name="-verbose:gc" />
    <vmarg name="-Xgcelastic" />
    <vmarg name="-Xcheck:gc:::elasticGC" />
    <vmarg name="-Xloggc:small-jdk-1-1-0.5-verbose16avrora.txt" />
    <vmarg name="-Djava.class.path=dacapo-9.12-MR1-bach.jar" />
    <vmarg name="-Dsun.java.command=dacapo-9.12-MR1-bach.jar avrora --size=small" />
    <vmarg name="-Dsun.java.launcher=SUN_STANDARD" />
    <vmarg name="-Dsun.java.launcher.pid=10119" />
  </vmargs>
</initialized>

<exclusive-start id="2" timestamp="2019-06-16T17:37:34.705" intervalms="200.055">
  <response-info timems="0.024" idlems="0.024" threads="0" lastid="00000000020C3700" lastname="main" />
</exclusive-start>
<af-start id="3" threadId="00000000020C4088" totalBytesRequested="3080" timestamp="2019-06-16T17:37:34.705" intervalms="200.246" type="nursery" />
<cycle-start id="4" type="scavenge" contextid="0" timestamp="2019-06-16T17:37:34.706" intervalms="200.618" />
<gc-start id="5" type="scavenge" contextid="4" timestamp="2019-06-16T17:37:34.711">
  <mem-info id="6" free="6062624" total="8388608" percent="72">
    <mem type="nursery" free="0" total="2097152" percent="0">
      <mem type="allocate" free="0" total="1048576" percent="0" />
      <mem type="survivor" free="0" total="1048576" percent="0" />
    </mem>
    <mem type="tenure" free="6062624" total="6291456" percent="96">
      <mem type="soa" free="5748256" total="5977088" percent="96" />
      <mem type="loa" free="314368" total="314368" percent="100" />
    </mem>
    <remembered-set count="3161" />
  </mem-info>
</gc-start>
<allocation-stats totalBytes="1273352" >
  <allocated-bytes non-tlh="344784" tlh="928568" />
  <largest-consumer threadName="main" threadId="00000000020C3700" bytes="1197440" />
</allocation-stats>
<gc-op id="7" type="scavenge" timems="1.770" contextid="4" timestamp="2019-06-16T17:37:34.713">
  <scavenger-info tenureage="2" tenuremask="fffc" tiltratio="50" />
  <memory-copied type="nursery" objects="10578" bytes="477552" bytesdiscarded="121840" />
  <finalization candidates="11" enqueued="0" />
  <references type="soft" candidates="62" cleared="0" enqueued="0" dynamicThreshold="32" maxThreshold="32" />
  <references type="weak" candidates="309" cleared="177" enqueued="141" />
  <references type="phantom" candidates="25" cleared="6" enqueued="6" />
</gc-op>
<gc-end id="8" type="scavenge" contextid="4" durationms="5.215" usertimems="4.000" systemtimems="0.000" timestamp="2019-06-16T17:37:34.716" activeThreads="4">
  <mem-info id="9" free="6509712" total="8388608" percent="77">
    <mem type="nursery" free="447088" total="2097152" percent="21">
      <mem type="allocate" free="447088" total="1048576" percent="42" />
      <mem type="survivor" free="0" total="1048576" percent="0" />
    </mem>
    <mem type="tenure" free="6062624" total="6291456" percent="96">
      <mem type="soa" free="5748256" total="5977088" percent="96" />
      <mem type="loa" free="314368" total="314368" percent="100" />
    </mem>
    <pending-finalizers system="0" default="0" reference="147" classloader="0" />
    <remembered-set count="3161" />
  </mem-info>
</gc-end>
<cycle-end id="10" type="scavenge" contextid="4" timestamp="2019-06-16T17:37:34.716" />
  <attribute name="elasticGC enabled" value="1" />
  <attribute name= "numThreadsSpecified" value="0" />
  <attribute name="heapSize specified" value="0" />
  <attribute name="Current GC Util" value="0" />
  <attribute name= "Current Time Running" value="68" />
  <attribute name ="GC Interval" value="1" />
  <attribute name="ProportionalT" value="0.000000" />
  <attribute name="ProportionalI" value="0.000000" />
  <attribute name="ProportionalH" value="0.000000" />
  <attribute name="Current Error" value="0.000000" />
  <attribute name="IntegralT" value="0.000000" />
  <attribute name="IntegralI" value="0.000000" />
  <attribute name="IntegralH" value="0.000000" />
  <attribute name="DerivativeT" value="0.000000" />
  <attribute name="DerivativeI" value="0.000000" />
  <attribute name="DerivativeH" value="0.000000" />
  <attribute name="Loop Time for DT" value="0.000000" />
  <attribute name="Output H" value="0"/>
  <attribute name="Output I" value="0"/>
  <attribute name="Output T" value="0"/>
  <attribute name="Target GC Util Change" value ="20.000000" />
  <attribute name="Current GC Util Change" value="0.000000"/>
  <attribute name="GC Util currently" value="0" />
  <attribute name="CPU Util currently" value="25" />
<allocation-satisfied id="11" threadId="00000000020C3700" bytesRequested="3080" />
<af-end id="12" timestamp="2019-06-16T17:37:34.716" threadId="00000000020C4088" success="true" from="nursery"/>
<exclusive-end id="13" timestamp="2019-06-16T17:37:34.716" durationms="11.446" />

<exclusive-start id="14" timestamp="2019-06-16T17:37:34.748" intervalms="42.555">
  <response-info timems="0.027" idlems="0.027" threads="0" lastid="00000000020C3700" lastname="main" />
</exclusive-start>
<af-start id="15" threadId="00000000020C4088" totalBytesRequested="152" timestamp="2019-06-16T17:37:34.748" intervalms="42.437" type="nursery" />
<cycle-start id="16" type="scavenge" contextid="0" timestamp="2019-06-16T17:37:34.748" intervalms="42.116" />
<gc-start id="17" type="scavenge" contextid="16" timestamp="2019-06-16T17:37:34.752">
  <mem-info id="18" free="6054888" total="8388608" percent="72">
    <mem type="nursery" free="0" total="2097152" percent="0">
      <mem type="allocate" free="0" total="1048576" percent="0" />
      <mem type="survivor" free="0" total="1048576" percent="0" />
    </mem>
    <mem type="tenure" free="6054888" total="6291456" percent="96">
      <mem type="soa" free="5740520" total="5977088" percent="96" />
      <mem type="loa" free="314368" total="314368" percent="100" />
    </mem>
    <remembered-set count="3262" />
  </mem-info>
</gc-start>
<allocation-stats totalBytes="453872" >
  <allocated-bytes non-tlh="10816" tlh="443056" />
  <largest-consumer threadName="main" threadId="00000000020C3700" bytes="441896" />
</allocation-stats>
<gc-op id="19" type="scavenge" timems="0.895" contextid="16" timestamp="2019-06-16T17:37:34.753">
  <scavenger-info tenureage="5" tenuremask="7fe0" tiltratio="50" />
  <memory-copied type="nursery" objects="11514" bytes="500568" bytesdiscarded="179712" />
  <finalization candidates="11" enqueued="0" />
  <references type="soft" candidates="62" cleared="0" enqueued="0" dynamicThreshold="32" maxThreshold="32" />
  <references type="weak" candidates="237" cleared="93" enqueued="90" />
  <references type="phantom" candidates="35" cleared="11" enqueued="11" />
</gc-op>
<gc-end id="20" type="scavenge" contextid="16" durationms="1.161" usertimems="0.000" systemtimems="4.000" timestamp="2019-06-16T17:37:34.753" activeThreads="4">
  <mem-info id="21" free="6421728" total="8388608" percent="76">
    <mem type="nursery" free="366840" total="2097152" percent="17">
      <mem type="allocate" free="366840" total="1048576" percent="34" />
      <mem type="survivor" free="0" total="1048576" percent="0" />
    </mem>
    <mem type="tenure" free="6054888" total="6291456" percent="96">
      <mem type="soa" free="5740520" total="5977088" percent="96" />
      <mem type="loa" free="314368" total="314368" percent="100" />
    </mem>
    <pending-finalizers system="0" default="0" reference="101" classloader="0" />
    <remembered-set count="3262" />
  </mem-info>
</gc-end>
<cycle-end id="22" type="scavenge" contextid="16" timestamp="2019-06-16T17:37:34.753" />
  <attribute name="elasticGC enabled" value="1" />
  <attribute name= "numThreadsSpecified" value="4" />
  <attribute name="heapSize specified" value="0" />
  <attribute name="Current GC Util" value="26" />
  <attribute name= "Current Time Running" value="109" />
  <attribute name ="GC Interval" value="256" />
  <attribute name="ProportionalT" value="6.000000" />
  <attribute name="ProportionalI" value="6.000000" />
  <attribute name="ProportionalH" value="6.000000" />
  <attribute name="Current Error" value="6.000000" />
  <attribute name="IntegralT" value="246.000000" />
  <attribute name="IntegralI" value="246.000000" />
  <attribute name="IntegralH" value="246.000000" />
  <attribute name="DerivativeT" value="0.073171" />
  <attribute name="DerivativeI" value="0.073171" />
  <attribute name="DerivativeH" value="0.073171" />
  <attribute name="Loop Time for DT" value="41.000000" />
  <attribute name="Output H" value="8388608"/>
  <attribute name="Output I" value="256"/>
  <attribute name="Output T" value="4"/>
  <attribute name="Target GC Util Change" value ="20.000000" />
  <attribute name="Current GC Util Change" value="26.000000"/>
  <attribute name="GC Util currently" value="26" />
  <attribute name="CPU Util currently" value="17" />
<allocation-satisfied id="23" threadId="00000000020C3700" bytesRequested="152" />
<af-end id="24" timestamp="2019-06-16T17:37:34.753" threadId="00000000020C4088" success="true" from="nursery"/>
<exclusive-end id="25" timestamp="2019-06-16T17:37:34.753" durationms="5.575" />

<exclusive-start id="26" timestamp="2019-06-16T17:37:34.902" intervalms="154.520">
  <response-info timems="0.026" idlems="0.026" threads="0" lastid="00000000020C3700" lastname="main" />
</exclusive-start>
<af-start id="27" threadId="00000000020C4088" totalBytesRequested="96" timestamp="2019-06-16T17:37:34.902" intervalms="154.519" type="nursery" />
<cycle-start id="28" type="scavenge" contextid="0" timestamp="2019-06-16T17:37:34.902" intervalms="154.525" />
<gc-start id="29" type="scavenge" contextid="28" timestamp="2019-06-16T17:37:34.902">
  <mem-info id="30" free="6054888" total="8388608" percent="72">
    <mem type="nursery" free="0" total="2097152" percent="0">
      <mem type="allocate" free="0" total="1048576" percent="0" />
      <mem type="survivor" free="0" total="1048576" percent="0" />
    </mem>
    <mem type="tenure" free="6054888" total="6291456" percent="96">
      <mem type="soa" free="5740520" total="5977088" percent="96" />
      <mem type="loa" free="314368" total="314368" percent="100" />
    </mem>
    <remembered-set count="3262" />
  </mem-info>
</gc-start>
<allocation-stats totalBytes="366488" >
  <allocated-bytes non-tlh="152" tlh="366336" />
  <largest-consumer threadName="main" threadId="00000000020C3700" bytes="358296" />
</allocation-stats>
<gc-op id="31" type="scavenge" timems="0.827" contextid="28" timestamp="2019-06-16T17:37:34.903">
  <scavenger-info tenureage="4" tenuremask="7ff0" tiltratio="50" />
  <memory-copied type="nursery" objects="10892" bytes="485056" bytesdiscarded="113088" />
  <finalization candidates="11" enqueued="0" />
  <references type="soft" candidates="62" cleared="0" enqueued="0" dynamicThreshold="32" maxThreshold="32" />
  <references type="weak" candidates="144" cleared="0" enqueued="0" />
  <references type="phantom" candidates="24" cleared="0" enqueued="0" />
</gc-op>
<gc-end id="32" type="scavenge" contextid="28" durationms="0.981" usertimems="0.000" systemtimems="0.000" timestamp="2019-06-16T17:37:34.903" activeThreads="4">
  <mem-info id="33" free="6503872" total="8388608" percent="77">
    <mem type="nursery" free="448984" total="2097152" percent="21">
      <mem type="allocate" free="448984" total="1048576" percent="42" />
      <mem type="survivor" free="0" total="1048576" percent="0" />
    </mem>
    <mem type="tenure" free="6054888" total="6291456" percent="96">
      <mem type="soa" free="5740520" total="5977088" percent="96" />
      <mem type="loa" free="314368" total="314368" percent="100" />
    </mem>
    <remembered-set count="992" />
  </mem-info>
</gc-end>
<cycle-end id="34" type="scavenge" contextid="28" timestamp="2019-06-16T17:37:34.903" />
  <attribute name="elasticGC enabled" value="1" />
  <attribute name= "numThreadsSpecified" value="4" />
  <attribute name="heapSize specified" value="0" />
  <attribute name="Current GC Util" value="3" />
  <attribute name= "Current Time Running" value="259" />
  <attribute name ="GC Interval" value="200" />
  <attribute name="ProportionalT" value="-17.000000" />
  <attribute name="ProportionalI" value="-17.000000" />
  <attribute name="ProportionalH" value="-17.000000" />
  <attribute name="Current Error" value="-17.000000" />
  <attribute name="IntegralT" value="-2304.000000" />
  <attribute name="IntegralI" value="-2304.000000" />
  <attribute name="IntegralH" value="-2304.000000" />
  <attribute name="DerivativeT" value="-0.076667" />
  <attribute name="DerivativeI" value="-0.076667" />
  <attribute name="DerivativeH" value="-0.076667" />
  <attribute name="Loop Time for DT" value="150.000000" />
  <attribute name="Output H" value="2092630016"/>
  <attribute name="Output I" value="200"/>
  <attribute name="Output T" value="4"/>
  <attribute name="Target GC Util Change" value ="20.000000" />
  <attribute name="Current GC Util Change" value="3.000000"/>
  <attribute name="GC Util currently" value="3" />
  <attribute name="CPU Util currently" value="5" />
<allocation-satisfied id="35" threadId="00000000020C3700" bytesRequested="96" />
<af-end id="36" timestamp="2019-06-16T17:37:34.903" threadId="00000000020C4088" success="true" from="nursery"/>
<exclusive-end id="37" timestamp="2019-06-16T17:37:34.903" durationms="1.336" />

<exclusive-start id="38" timestamp="2019-06-16T17:37:34.975" intervalms="72.975">
  <response-info timems="0.072" idlems="0.072" threads="0" lastid="00000000020C3700" lastname="main" />
</exclusive-start>
<af-start id="39" threadId="00000000020C4088" totalBytesRequested="3080" timestamp="2019-06-16T17:37:34.975" intervalms="72.974" type="nursery" />
<cycle-start id="40" type="scavenge" contextid="0" timestamp="2019-06-16T17:37:34.975" intervalms="73.017" />
<gc-start id="41" type="scavenge" contextid="40" timestamp="2019-06-16T17:37:34.975">
  <mem-info id="42" free="6053344" total="8388608" percent="72">
    <mem type="nursery" free="0" total="2097152" percent="0">
      <mem type="allocate" free="0" total="1048576" percent="0" />
      <mem type="survivor" free="0" total="1048576" percent="0" />
    </mem>
    <mem type="tenure" free="6053344" total="6291456" percent="96">
      <mem type="soa" free="5738976" total="5977088" percent="96" />
      <mem type="loa" free="314368" total="314368" percent="100" />
    </mem>
    <remembered-set count="1011" />
  </mem-info>
</gc-start>
<allocation-stats totalBytes="427848" >
  <allocated-bytes non-tlh="1640" tlh="426208" />
  <largest-consumer threadName="main" threadId="00000000020C3700" bytes="427848" />
</allocation-stats>
<gc-op id="43" type="scavenge" timems="0.972" contextid="40" timestamp="2019-06-16T17:37:34.976">
  <scavenger-info tenureage="3" tenuremask="fff8" tiltratio="50" />
  <memory-copied type="nursery" objects="584" bytes="43552" bytesdiscarded="34760" />
  <memory-copied type="tenure" objects="10293" bytes="460088" bytesdiscarded="224" />
  <finalization candidates="11" enqueued="0" />
  <references type="weak" candidates="81" cleared="63" enqueued="63" />
  <references type="phantom" candidates="17" cleared="8" enqueued="8" />
</gc-op>
<gc-end id="44" type="scavenge" contextid="40" durationms="1.160" usertimems="4.000" systemtimems="0.000" timestamp="2019-06-16T17:37:34.976" activeThreads="4">
  <mem-info id="45" free="6466120" total="8388608" percent="77">
    <mem type="nursery" free="970240" total="2097152" percent="46">
      <mem type="allocate" free="970240" total="1048576" percent="92" />
      <mem type="survivor" free="0" total="1048576" percent="0" />
    </mem>
    <mem type="tenure" free="5495880" total="6291456" percent="87">
      <mem type="soa" free="5181512" total="5977088" percent="86" />
      <mem type="loa" free="314368" total="314368" percent="100" />
    </mem>
    <pending-finalizers system="0" default="0" reference="71" classloader="0" />
    <remembered-set count="122" />
  </mem-info>
</gc-end>
<cycle-end id="46" type="scavenge" contextid="40" timestamp="2019-06-16T17:37:34.977" />
  <attribute name="elasticGC enabled" value="1" />
  <attribute name= "numThreadsSpecified" value="4" />
  <attribute name="heapSize specified" value="0" />
  <attribute name="Current GC Util" value="2" />
  <attribute name= "Current Time Running" value="332" />
  <attribute name ="GC Interval" value="200" />
  <attribute name="ProportionalT" value="-18.000000" />
  <attribute name="ProportionalI" value="-18.000000" />
  <attribute name="ProportionalH" value="-18.000000" />
  <attribute name="Current Error" value="-18.000000" />
  <attribute name="IntegralT" value="-3618.000000" />
  <attribute name="IntegralI" value="-3618.000000" />
  <attribute name="IntegralH" value="-3618.000000" />
  <attribute name="DerivativeT" value="-0.123288" />
  <attribute name="DerivativeI" value="-0.123288" />
  <attribute name="DerivativeH" value="-0.123288" />
  <attribute name="Loop Time for DT" value="73.000000" />
  <attribute name="Output H" value="2092630016"/>
  <attribute name="Output I" value="200"/>
  <attribute name="Output T" value="4"/>
  <attribute name="Target GC Util Change" value ="20.000000" />
  <attribute name="Current GC Util Change" value="2.000000"/>
  <attribute name="GC Util currently" value="2" />
  <attribute name="CPU Util currently" value="63172026966" />
<allocation-satisfied id="47" threadId="00000000020C3700" bytesRequested="3080" />
<af-end id="48" timestamp="2019-06-16T17:37:34.977" threadId="00000000020C4088" success="true" from="nursery"/>
<exclusive-end id="49" timestamp="2019-06-16T17:37:34.977" durationms="1.738" />

<exclusive-start id="50" timestamp="2019-06-16T17:37:35.083" intervalms="107.808">
  <response-info timems="0.027" idlems="0.027" threads="0" lastid="00000000020C3700" lastname="main" />
</exclusive-start>
<af-start id="51" threadId="00000000020C4088" totalBytesRequested="2056" timestamp="2019-06-16T17:37:35.083" intervalms="107.805" type="nursery" />
<cycle-start id="52" type="scavenge" contextid="0" timestamp="2019-06-16T17:37:35.083" intervalms="107.753" />
<gc-start id="53" type="scavenge" contextid="52" timestamp="2019-06-16T17:37:35.083">
  <mem-info id="54" free="5490152" total="8388608" percent="65">
    <mem type="nursery" free="0" total="2097152" percent="0">
      <mem type="allocate" free="0" total="1048576" percent="0" />
      <mem type="survivor" free="0" total="1048576" percent="0" />
    </mem>
    <mem type="tenure" free="5490152" total="6291456" percent="87">
      <mem type="soa" free="5175784" total="5977088" percent="86" />
      <mem type="loa" free="314368" total="314368" percent="100" />
    </mem>
    <remembered-set count="218" />
  </mem-info>
</gc-start>
<allocation-stats totalBytes="935296" >
  <allocated-bytes non-tlh="8808" tlh="926488" />
  <largest-consumer threadName="main" threadId="00000000020C3700" bytes="935296" />
</allocation-stats>
<gc-op id="55" type="scavenge" timems="0.455" contextid="52" timestamp="2019-06-16T17:37:35.084">
  <scavenger-info tenureage="4" tenuremask="fff0" tiltratio="50" />
  <memory-copied type="nursery" objects="785" bytes="112000" bytesdiscarded="77368" />
  <finalization candidates="3" enqueued="1" />
  <references type="soft" candidates="1" cleared="0" enqueued="0" dynamicThreshold="32" maxThreshold="32" />
  <references type="weak" candidates="79" cleared="63" enqueued="63" />
  <references type="phantom" candidates="24" cleared="12" enqueued="12" />
</gc-op>
<gc-end id="56" type="scavenge" contextid="52" durationms="0.605" usertimems="0.000" systemtimems="4.000" timestamp="2019-06-16T17:37:35.084" activeThreads="4">
  <mem-info id="57" free="6349272" total="8388608" percent="75">
    <mem type="nursery" free="859120" total="2097152" percent="40">
      <mem type="allocate" free="859120" total="1048576" percent="81" />
      <mem type="survivor" free="0" total="1048576" percent="0" />
    </mem>
    <mem type="tenure" free="5490152" total="6291456" percent="87">
      <mem type="soa" free="5175784" total="5977088" percent="86" />
      <mem type="loa" free="314368" total="314368" percent="100" />
    </mem>
    <pending-finalizers system="1" default="0" reference="75" classloader="0" />
    <remembered-set count="216" />
  </mem-info>
</gc-end>
<cycle-end id="58" type="scavenge" contextid="52" timestamp="2019-06-16T17:37:35.084" />
  <attribute name="elasticGC enabled" value="1" />
  <attribute name= "numThreadsSpecified" value="4" />
  <attribute name="heapSize specified" value="0" />
  <attribute name="Current GC Util" value="1" />
  <attribute name= "Current Time Running" value="440" />
  <attribute name ="GC Interval" value="200" />
  <attribute name="ProportionalT" value="-19.000000" />
  <attribute name="ProportionalI" value="-19.000000" />
  <attribute name="ProportionalH" value="-19.000000" />
  <attribute name="Current Error" value="-19.000000" />
  <attribute name="IntegralT" value="-5670.000000" />
  <attribute name="IntegralI" value="-5670.000000" />
  <attribute name="IntegralH" value="-5670.000000" />
  <attribute name="DerivativeT" value="-0.087963" />
  <attribute name="DerivativeI" value="-0.087963" />
  <attribute name="DerivativeH" value="-0.087963" />
  <attribute name="Loop Time for DT" value="108.000000" />
  <attribute name="Output H" value="2092630016"/>
  <attribute name="Output I" value="200"/>
  <attribute name="Output T" value="4"/>
  <attribute name="Target GC Util Change" value ="20.000000" />
  <attribute name="Current GC Util Change" value="1.000000"/>
  <attribute name="GC Util currently" value="1" />
  <attribute name="CPU Util currently" value="9" />
<allocation-satisfied id="59" threadId="00000000020C3700" bytesRequested="2056" />
<af-end id="60" timestamp="2019-06-16T17:37:35.084" threadId="00000000020C4088" success="true" from="nursery"/>
<exclusive-end id="61" timestamp="2019-06-16T17:37:35.084" durationms="0.950" />

<exclusive-start id="62" timestamp="2019-06-16T17:37:35.143" intervalms="60.180">
  <response-info timems="0.029" idlems="0.029" threads="0" lastid="00000000020C3700" lastname="main" />
</exclusive-start>
<af-start id="63" threadId="00000000020C4088" totalBytesRequested="2056" timestamp="2019-06-16T17:37:35.143" intervalms="60.174" type="nursery" />
<cycle-start id="64" type="scavenge" contextid="0" timestamp="2019-06-16T17:37:35.143" intervalms="60.172" />
<gc-start id="65" type="scavenge" contextid="64" timestamp="2019-06-16T17:37:35.143">
  <mem-info id="66" free="5490152" total="8388608" percent="65">
    <mem type="nursery" free="0" total="2097152" percent="0">
      <mem type="allocate" free="0" total="1048576" percent="0" />
      <mem type="survivor" free="0" total="1048576" percent="0" />
    </mem>
    <mem type="tenure" free="5490152" total="6291456" percent="87">
      <mem type="soa" free="5175784" total="5977088" percent="86" />
      <mem type="loa" free="314368" total="314368" percent="100" />
    </mem>
    <remembered-set count="217" />
  </mem-info>
</gc-start>
<allocation-stats totalBytes="854992" >
  <allocated-bytes non-tlh="2056" tlh="852936" />
  <largest-consumer threadName="main" threadId="00000000020C3700" bytes="854992" />
</allocation-stats>
<gc-op id="67" type="scavenge" timems="0.306" contextid="64" timestamp="2019-06-16T17:37:35.144">
  <scavenger-info tenureage="3" tenuremask="fff8" tiltratio="50" />
  <memory-copied type="nursery" objects="303" bytes="79768" bytesdiscarded="45856" />
  <memory-copied type="tenure" objects="302" bytes="16080" bytesdiscarded="0" />
  <finalization candidates="2" enqueued="0" />
  <references type="soft" candidates="1" cleared="0" enqueued="0" dynamicThreshold="32" maxThreshold="32" />
  <references type="weak" candidates="2" cleared="0" enqueued="0" />
  <references type="phantom" candidates="6" cleared="0" enqueued="0" />
</gc-op>
<gc-end id="68" type="scavenge" contextid="64" durationms="0.501" usertimems="0.000" systemtimems="0.000" timestamp="2019-06-16T17:37:35.144" activeThreads="4">
  <mem-info id="69" free="6504928" total="8388608" percent="77">
    <mem type="nursery" free="1053944" total="2097152" percent="50">
      <mem type="allocate" free="1053944" total="1179648" percent="89" />
      <mem type="survivor" free="0" total="917504" percent="0" />
    </mem>
    <mem type="tenure" free="5450984" total="6291456" percent="86">
      <mem type="soa" free="5136616" total="5977088" percent="85" />
      <mem type="loa" free="314368" total="314368" percent="100" />
    </mem>
    <remembered-set count="166" />
  </mem-info>
</gc-end>
<cycle-end id="70" type="scavenge" contextid="64" timestamp="2019-06-16T17:37:35.144" />
  <attribute name="elasticGC enabled" value="1" />
  <attribute name= "numThreadsSpecified" value="4" />
  <attribute name="heapSize specified" value="0" />
  <attribute name="Current GC Util" value="1" />
  <attribute name= "Current Time Running" value="500" />
  <attribute name ="GC Interval" value="200" />
  <attribute name="ProportionalT" value="-19.000000" />
  <attribute name="ProportionalI" value="-19.000000" />
  <attribute name="ProportionalH" value="-19.000000" />
  <attribute name="Current Error" value="-19.000000" />
  <attribute name="IntegralT" value="-6810.000000" />
  <attribute name="IntegralI" value="-6810.000000" />
  <attribute name="IntegralH" value="-6810.000000" />
  <attribute name="DerivativeT" value="-0.158333" />
  <attribute name="DerivativeI" value="-0.158333" />
  <attribute name="DerivativeH" value="-0.158333" />
  <attribute name="Loop Time for DT" value="60.000000" />
  <attribute name="Output H" value="2092630016"/>
  <attribute name="Output I" value="200"/>
  <attribute name="Output T" value="4"/>
  <attribute name="Target GC Util Change" value ="20.000000" />
  <attribute name="Current GC Util Change" value="1.000000"/>
  <attribute name="GC Util currently" value="1" />
  <attribute name="CPU Util currently" value="3" />
<allocation-satisfied id="71" threadId="00000000020C3700" bytesRequested="2056" />
<af-end id="72" timestamp="2019-06-16T17:37:35.144" threadId="00000000020C4088" success="true" from="nursery"/>
<exclusive-end id="73" timestamp="2019-06-16T17:37:35.144" durationms="0.837" />

<exclusive-start id="74" timestamp="2019-06-16T17:37:35.212" intervalms="68.900">
  <response-info timems="0.027" idlems="0.027" threads="0" lastid="00000000020C3700" lastname="main" />
</exclusive-start>
<af-start id="75" threadId="00000000020C4088" totalBytesRequested="2056" timestamp="2019-06-16T17:37:35.212" intervalms="68.902" type="nursery" />
<cycle-start id="76" type="scavenge" contextid="0" timestamp="2019-06-16T17:37:35.212" intervalms="68.903" />
<gc-start id="77" type="scavenge" contextid="76" timestamp="2019-06-16T17:37:35.212">
  <mem-info id="78" free="5450984" total="8388608" percent="64">
    <mem type="nursery" free="0" total="2097152" percent="0">
      <mem type="allocate" free="0" total="1179648" percent="0" />
      <mem type="survivor" free="0" total="917504" percent="0" />
    </mem>
    <mem type="tenure" free="5450984" total="6291456" percent="86">
      <mem type="soa" free="5136616" total="5977088" percent="85" />
      <mem type="loa" free="314368" total="314368" percent="100" />
    </mem>
    <remembered-set count="166" />
  </mem-info>
</gc-start>
<allocation-stats totalBytes="1043640" >
  <allocated-bytes non-tlh="2056" tlh="1041584" />
  <largest-consumer threadName="main" threadId="00000000020C3700" bytes="1043640" />
</allocation-stats>
<gc-op id="79" type="scavenge" timems="0.257" contextid="76" timestamp="2019-06-16T17:37:35.212">
  <scavenger-info tenureage="5" tenuremask="ffe0" tiltratio="56" />
  <memory-copied type="nursery" objects="303" bytes="79784" bytesdiscarded="14872" />
  <finalization candidates="2" enqueued="0" />
  <references type="soft" candidates="1" cleared="0" enqueued="0" dynamicThreshold="32" maxThreshold="32" />
  <references type="weak" candidates="2" cleared="0" enqueued="0" />
  <references type="phantom" candidates="6" cleared="0" enqueued="0" />
</gc-op>
<gc-end id="80" type="scavenge" contextid="76" durationms="0.399" usertimems="0.000" systemtimems="0.000" timestamp="2019-06-16T17:37:35.212" activeThreads="4">
  <mem-info id="81" free="6666968" total="8388608" percent="79">
    <mem type="nursery" free="1215984" total="2097152" percent="57">
      <mem type="allocate" free="1215984" total="1310720" percent="92" />
      <mem type="survivor" free="0" total="786432" percent="0" />
    </mem>
    <mem type="tenure" free="5450984" total="6291456" percent="86">
      <mem type="soa" free="5136616" total="5977088" percent="85" />
      <mem type="loa" free="314368" total="314368" percent="100" />
    </mem>
    <remembered-set count="85" />
  </mem-info>
</gc-end>
<cycle-end id="82" type="scavenge" contextid="76" timestamp="2019-06-16T17:37:35.213" />
  <attribute name="elasticGC enabled" value="1" />
  <attribute name= "numThreadsSpecified" value="4" />
  <attribute name="heapSize specified" value="0" />
  <attribute name="Current GC Util" value="0" />
  <attribute name= "Current Time Running" value="569" />
  <attribute name ="GC Interval" value="200" />
  <attribute name="ProportionalT" value="-20.000000" />
  <attribute name="ProportionalI" value="-20.000000" />
  <attribute name="ProportionalH" value="-20.000000" />
  <attribute name="Current Error" value="-20.000000" />
  <attribute name="IntegralT" value="-1380.000000" />
  <attribute name="IntegralI" value="-1380.000000" />
  <attribute name="IntegralH" value="-1380.000000" />
  <attribute name="DerivativeT" value="-0.144928" />
  <attribute name="DerivativeI" value="-0.144928" />
  <attribute name="DerivativeH" value="-0.144928" />
  <attribute name="Loop Time for DT" value="69.000000" />
  <attribute name="Output H" value="2092630016"/>
  <attribute name="Output I" value="200"/>
  <attribute name="Output T" value="4"/>
  <attribute name="Target GC Util Change" value ="20.000000" />
  <attribute name="Current GC Util Change" value="0.000000"/>
  <attribute name="GC Util currently" value="0" />
  <attribute name="CPU Util currently" value="6" />
<allocation-satisfied id="83" threadId="00000000020C3700" bytesRequested="2056" />
<af-end id="84" timestamp="2019-06-16T17:37:35.213" threadId="00000000020C4088" success="true" from="nursery"/>
<exclusive-end id="85" timestamp="2019-06-16T17:37:35.213" durationms="0.735" />

<exclusive-start id="86" timestamp="2019-06-16T17:37:35.292" intervalms="80.011">
  <response-info timems="0.042" idlems="0.042" threads="0" lastid="00000000020C3700" lastname="main" />
</exclusive-start>
<af-start id="87" threadId="00000000020C4088" totalBytesRequested="1080" timestamp="2019-06-16T17:37:35.292" intervalms="80.060" type="nursery" />
<cycle-start id="88" type="scavenge" contextid="0" timestamp="2019-06-16T17:37:35.292" intervalms="80.104" />
<gc-start id="89" type="scavenge" contextid="88" timestamp="2019-06-16T17:37:35.292">
  <mem-info id="90" free="5446952" total="8388608" percent="64">
    <mem type="nursery" free="0" total="2097152" percent="0">
      <mem type="allocate" free="0" total="1310720" percent="0" />
      <mem type="survivor" free="0" total="786432" percent="0" />
    </mem>
    <mem type="tenure" free="5446952" total="6291456" percent="86">
      <mem type="soa" free="5132584" total="5977088" percent="85" />
      <mem type="loa" free="314368" total="314368" percent="100" />
    </mem>
    <remembered-set count="126" />
  </mem-info>
</gc-start>
<allocation-stats totalBytes="1188272" >
  <allocated-bytes non-tlh="171272" tlh="1017000" />
  <largest-consumer threadName="main" threadId="00000000020C3700" bytes="1188272" />
</allocation-stats>
<gc-op id="91" type="scavenge" timems="0.384" contextid="88" timestamp="2019-06-16T17:37:35.293">
  <scavenger-info tenureage="3" tenuremask="fff8" tiltratio="62" />
  <memory-copied type="nursery" objects="183" bytes="200816" bytesdiscarded="3520" />
  <memory-copied type="tenure" objects="239" bytes="58072" bytesdiscarded="0" />
  <finalization candidates="2" enqueued="0" />
  <references type="soft" candidates="1" cleared="0" enqueued="0" dynamicThreshold="32" maxThreshold="32" />
  <references type="weak" candidates="12" cleared="11" enqueued="11" />
  <references type="phantom" candidates="6" cleared="1" enqueued="1" />
</gc-op>
<gc-end id="92" type="scavenge" contextid="88" durationms="0.564" usertimems="0.000" systemtimems="0.000" timestamp="2019-06-16T17:37:35.293" activeThreads="4">
  <mem-info id="93" free="6635208" total="8388608" percent="79">
    <mem type="nursery" free="1237440" total="2097152" percent="59">
      <mem type="allocate" free="1237440" total="1441792" percent="85" />
      <mem type="survivor" free="0" total="655360" percent="0" />
    </mem>
    <mem type="tenure" free="5397768" total="6291456" percent="85">
      <mem type="soa" free="5083400" total="5977088" percent="85" />
      <mem type="loa" free="314368" total="314368" percent="100" />
    </mem>
    <pending-finalizers system="0" default="0" reference="12" classloader="0" />
    <remembered-set count="109" />
  </mem-info>
</gc-end>
<cycle-end id="94" type="scavenge" contextid="88" timestamp="2019-06-16T17:37:35.293" />
  <attribute name="elasticGC enabled" value="1" />
  <attribute name= "numThreadsSpecified" value="4" />
  <attribute name="heapSize specified" value="0" />
  <attribute name="Current GC Util" value="0" />
  <attribute name= "Current Time Running" value="649" />
  <attribute name ="GC Interval" value="200" />
  <attribute name="ProportionalT" value="-20.000000" />
  <attribute name="ProportionalI" value="-20.000000" />
  <attribute name="ProportionalH" value="-20.000000" />
  <attribute name="Current Error" value="-20.000000" />
  <attribute name="IntegralT" value="-1600.000000" />
  <attribute name="IntegralI" value="-1600.000000" />
  <attribute name="IntegralH" value="-1600.000000" />
  <attribute name="DerivativeT" value="-0.125000" />
  <attribute name="DerivativeI" value="-0.125000" />
  <attribute name="DerivativeH" value="-0.125000" />
  <attribute name="Loop Time for DT" value="80.000000" />
  <attribute name="Output H" value="2092630016"/>
  <attribute name="Output I" value="200"/>
  <attribute name="Output T" value="4"/>
  <attribute name="Target GC Util Change" value ="20.000000" />
  <attribute name="Current GC Util Change" value="0.000000"/>
  <attribute name="GC Util currently" value="0" />
  <attribute name="CPU Util currently" value="11" />
<allocation-satisfied id="95" threadId="00000000020C3700" bytesRequested="1080" />
<af-end id="96" timestamp="2019-06-16T17:37:35.293" threadId="00000000020C4088" success="true" from="nursery"/>
<exclusive-end id="97" timestamp="2019-06-16T17:37:35.293" durationms="1.045" />

<exclusive-start id="98" timestamp="2019-06-16T17:37:35.295" intervalms="3.095">
  <response-info timems="0.065" idlems="0.065" threads="0" lastid="00000000020C3700" lastname="main" />
</exclusive-start>
<sys-start reason="explicit" id="99" timestamp="2019-06-16T17:37:35.295" intervalms="790.256" />
<cycle-start id="100" type="global" contextid="0" timestamp="2019-06-16T17:37:35.295" intervalms="790.539" />
<gc-start id="101" type="global" contextid="100" timestamp="2019-06-16T17:37:35.296">
  <mem-info id="102" free="6565624" total="8388608" percent="78">
    <mem type="nursery" free="1170824" total="2097152" percent="55">
      <mem type="allocate" free="1170824" total="1441792" percent="81" />
      <mem type="survivor" free="0" total="655360" percent="0" />
    </mem>
    <mem type="tenure" free="5394800" total="6291456" percent="85">
      <mem type="soa" free="5080432" total="5977088" percent="84" />
      <mem type="loa" free="314368" total="314368" percent="100" />
    </mem>
    <remembered-set count="150" />
  </mem-info>
</gc-start>
<allocation-stats totalBytes="69584" >
  <allocated-bytes non-tlh="4048" tlh="65536" />
  <largest-consumer threadName="main" threadId="00000000020C3700" bytes="65488" />
</allocation-stats>
<gc-op id="103" type="mark" timems="1.332" contextid="100" timestamp="2019-06-16T17:37:35.297">
  <trace-info objectcount="16889" scancount="13917" scanbytes="445960" />
  <finalization candidates="13" enqueued="0" />
  <references type="soft" candidates="66" cleared="0" enqueued="0" dynamicThreshold="32" maxThreshold="32" />
  <references type="weak" candidates="161" cleared="32" enqueued="24" />
  <references type="phantom" candidates="34" cleared="3" enqueued="3" />
  <stringconstants candidates="2456" cleared="0"  />
</gc-op>
<gc-op id="104" type="classunload" timems="0.059" contextid="100" timestamp="2019-06-16T17:37:35.297">
  <classunload-info classloadercandidates="6" classloadersunloaded="0" classesunloaded="0" anonymousclassesunloaded="0" quiescems="0.000" setupms="0.058" scanms="0.001" postms="0.000" />
</gc-op>
<gc-op id="105" type="sweep" timems="0.358" contextid="100" timestamp="2019-06-16T17:37:35.298" />
<mem-info id="106" free="6740672" total="8388608" percent="80">
  <mem type="nursery" free="1236936" total="2097152" percent="58">
    <mem type="allocate" free="1236936" total="1441792" percent="85" />
    <mem type="survivor" free="0" total="655360" percent="0" />
  </mem>
  <mem type="tenure" free="5503736" total="6291456" percent="87" micro-fragmented="2091" macro-fragmented="0">
    <mem type="soa" free="5189368" total="5977088" percent="86" />
    <mem type="loa" free="314368" total="314368" percent="100" />
  </mem>
  <pending-finalizers system="0" default="0" reference="27" classloader="0" />
  <remembered-set count="147" />
</mem-info>
<gc-op id="107" type="compact" timems="3.485" contextid="100" timestamp="2019-06-16T17:37:35.301">
  <compact-info movecount="13191" movebytes="816288" reason="compact to aid heap contraction" />
</gc-op>
<gc-end id="108" type="global" contextid="100" durationms="6.157" usertimems="8.000" systemtimems="0.000" timestamp="2019-06-16T17:37:35.302" activeThreads="4">
  <mem-info id="109" free="6749328" total="8388608" percent="80">
    <mem type="nursery" free="1242336" total="2097152" percent="59">
      <mem type="allocate" free="1242336" total="1441792" percent="86" />
      <mem type="survivor" free="0" total="655360" percent="0" />
    </mem>
    <mem type="tenure" free="5506992" total="6291456" percent="87">
      <mem type="soa" free="5192624" total="5977088" percent="86" />
      <mem type="loa" free="314368" total="314368" percent="100" />
    </mem>
    <pending-finalizers system="0" default="0" reference="27" classloader="0" />
    <remembered-set count="147" />
  </mem-info>
</gc-end>
<cycle-end id="110" type="global" contextid="100" timestamp="2019-06-16T17:37:35.302" />
  <attribute name="elasticGC enabled" value="1" />
  <attribute name= "numThreadsSpecified" value="4" />
  <attribute name="heapSize specified" value="8388608" />
  <attribute name="Current GC Util" value="31" />
  <attribute name= "Current Time Running" value="658" />
  <attribute name ="GC Interval" value="200" />
  <attribute name="ProportionalT" value="11.000000" />
  <attribute name="ProportionalI" value="11.000000" />
  <attribute name="ProportionalH" value="11.000000" />
  <attribute name="Current Error" value="11.000000" />
  <attribute name="IntegralT" value="33.000000" />
  <attribute name="IntegralI" value="33.000000" />
  <attribute name="IntegralH" value="33.000000" />
  <attribute name="DerivativeT" value="1.833333" />
  <attribute name="DerivativeI" value="1.833333" />
  <attribute name="DerivativeH" value="1.833333" />
  <attribute name="Loop Time for DT" value="3.000000" />
  <attribute name="Output H" value="8388608"/>
  <attribute name="Output I" value="200"/>
  <attribute name="Output T" value="4"/>
  <attribute name="Target GC Util Change" value ="20.000000" />
  <attribute name="Current GC Util Change" value="31.000000"/>
  <attribute name="GC Util currently" value="31" />
  <attribute name="CPU Util currently" value="1306853119724" />
<sys-end id="111" timestamp="2019-06-16T17:37:35.302" />
<exclusive-end id="112" timestamp="2019-06-16T17:37:35.302" durationms="6.913" />

<exclusive-start id="113" timestamp="2019-06-16T17:37:35.357" intervalms="61.734">
  <response-info timems="0.047" idlems="0.047" threads="0" lastid="00000000020C3700" lastname="main" />
</exclusive-start>
<af-start id="114" threadId="00000000020C4088" totalBytesRequested="2832" timestamp="2019-06-16T17:37:35.357" intervalms="64.827" type="nursery" />
<cycle-start id="115" type="scavenge" contextid="0" timestamp="2019-06-16T17:37:35.357" intervalms="64.809" />
<gc-start id="116" type="scavenge" contextid="115" timestamp="2019-06-16T17:37:35.357">
  <mem-info id="117" free="5425176" total="8388608" percent="64">
    <mem type="nursery" free="0" total="2097152" percent="0">
      <mem type="allocate" free="0" total="1441792" percent="0" />
      <mem type="survivor" free="0" total="655360" percent="0" />
    </mem>
    <mem type="tenure" free="5425176" total="6291456" percent="86">
      <mem type="soa" free="5110808" total="5977088" percent="85" />
      <mem type="loa" free="314368" total="314368" percent="100" />
    </mem>
    <remembered-set count="809" />
  </mem-info>
</gc-start>
<allocation-stats totalBytes="1310320" >
  <allocated-bytes non-tlh="81816" tlh="1228504" />
  <largest-consumer threadName="main" threadId="00000000020C3700" bytes="1306224" />
</allocation-stats>
<gc-op id="118" type="scavenge" timems="0.429" contextid="115" timestamp="2019-06-16T17:37:35.358">
  <scavenger-info tenureage="3" tenuremask="ffc8" tiltratio="68" />
  <memory-copied type="nursery" objects="2462" bytes="296800" bytesdiscarded="64112" />
  <references type="soft" candidates="3" cleared="0" enqueued="0" dynamicThreshold="28" maxThreshold="32" />
  <references type="weak" candidates="33" cleared="32" enqueued="32" />
  <references type="phantom" candidates="7" cleared="0" enqueued="0" />
</gc-op>
<gc-end id="119" type="scavenge" contextid="115" durationms="0.671" usertimems="0.000" systemtimems="0.000" timestamp="2019-06-16T17:37:35.358" activeThreads="4">
  <mem-info id="120" free="6505944" total="8388608" percent="77">
    <mem type="nursery" free="1080768" total="2097152" percent="51">
      <mem type="allocate" free="1080768" total="1441792" percent="74" />
      <mem type="survivor" free="0" total="655360" percent="0" />
    </mem>
    <mem type="tenure" free="5425176" total="6291456" percent="86">
      <mem type="soa" free="5110808" total="5977088" percent="85" />
      <mem type="loa" free="314368" total="314368" percent="100" />
    </mem>
    <pending-finalizers system="0" default="0" reference="32" classloader="0" />
    <remembered-set count="804" />
  </mem-info>
</gc-end>
<cycle-end id="121" type="scavenge" contextid="115" timestamp="2019-06-16T17:37:35.358" />
  <attribute name="elasticGC enabled" value="1" />
  <attribute name= "numThreadsSpecified" value="4" />
  <attribute name="heapSize specified" value="8388608" />
  <attribute name="Current GC Util" value="9" />
  <attribute name= "Current Time Running" value="714" />
  <attribute name ="GC Interval" value="200" />
  <attribute name="ProportionalT" value="-11.000000" />
  <attribute name="ProportionalI" value="-11.000000" />
  <attribute name="ProportionalH" value="-11.000000" />
  <attribute name="Current Error" value="-11.000000" />
  <attribute name="IntegralT" value="-616.000000" />
  <attribute name="IntegralI" value="-616.000000" />
  <attribute name="IntegralH" value="-616.000000" />
  <attribute name="DerivativeT" value="-0.196429" />
  <attribute name="DerivativeI" value="-0.196429" />
  <attribute name="DerivativeH" value="-0.196429" />
  <attribute name="Loop Time for DT" value="56.000000" />
  <attribute name="Output H" value="2092630016"/>
  <attribute name="Output I" value="200"/>
  <attribute name="Output T" value="4"/>
  <attribute name="Target GC Util Change" value ="20.000000" />
  <attribute name="Current GC Util Change" value="9.000000"/>
  <attribute name="GC Util currently" value="9" />
  <attribute name="CPU Util currently" value="9" />
<allocation-satisfied id="122" threadId="00000000020C3700" bytesRequested="2832" />
<af-end id="123" timestamp="2019-06-16T17:37:35.358" threadId="00000000020C4088" success="true" from="nursery"/>
<exclusive-end id="124" timestamp="2019-06-16T17:37:35.358" durationms="1.207" />

<exclusive-start id="125" timestamp="2019-06-16T17:37:35.404" intervalms="47.658">
  <response-info timems="0.051" idlems="0.051" threads="0" lastid="00000000020C3700" lastname="main" />
</exclusive-start>
<af-start id="126" threadId="00000000020C4088" totalBytesRequested="1808" timestamp="2019-06-16T17:37:35.404" intervalms="47.616" type="nursery" />
<cycle-start id="127" type="scavenge" contextid="0" timestamp="2019-06-16T17:37:35.405" intervalms="47.595" />
<gc-start id="128" type="scavenge" contextid="127" timestamp="2019-06-16T17:37:35.405">
  <mem-info id="129" free="5405624" total="8388608" percent="64">
    <mem type="nursery" free="0" total="2097152" percent="0">
      <mem type="allocate" free="0" total="1441792" percent="0" />
      <mem type="survivor" free="0" total="655360" percent="0" />
    </mem>
    <mem type="tenure" free="5405624" total="6291456" percent="85">
      <mem type="soa" free="5091256" total="5977088" percent="85" />
      <mem type="loa" free="314368" total="314368" percent="100" />
    </mem>
    <remembered-set count="1015" />
  </mem-info>
</gc-start>
<allocation-stats totalBytes="1073232" >
  <allocated-bytes non-tlh="22384" tlh="1050848" />
  <largest-consumer threadName="main" threadId="00000000020C3700" bytes="1073232" />
</allocation-stats>
<gc-op id="130" type="scavenge" timems="0.382" contextid="127" timestamp="2019-06-16T17:37:35.405">
  <scavenger-info tenureage="3" tenuremask="fff8" tiltratio="68" />
  <memory-copied type="nursery" objects="2472" bytes="351352" bytesdiscarded="21672" />
  <references type="soft" candidates="3" cleared="0" enqueued="0" dynamicThreshold="28" maxThreshold="32" />
  <references type="weak" candidates="2" cleared="1" enqueued="1" />
  <references type="phantom" candidates="7" cleared="0" enqueued="0" />
</gc-op>
<gc-end id="131" type="scavenge" contextid="127" durationms="0.546" usertimems="0.000" systemtimems="0.000" timestamp="2019-06-16T17:37:35.405" activeThreads="4">
  <mem-info id="132" free="6605416" total="8388608" percent="78">
    <mem type="nursery" free="1199792" total="2097152" percent="57">
      <mem type="allocate" free="1199792" total="1572864" percent="76" />
      <mem type="survivor" free="0" total="524288" percent="0" />
    </mem>
    <mem type="tenure" free="5405624" total="6291456" percent="85">
      <mem type="soa" free="5091256" total="5977088" percent="85" />
      <mem type="loa" free="314368" total="314368" percent="100" />
    </mem>
    <pending-finalizers system="0" default="0" reference="1" classloader="0" />
    <remembered-set count="986" />
  </mem-info>
</gc-end>
<cycle-end id="133" type="scavenge" contextid="127" timestamp="2019-06-16T17:37:35.405" />
  <attribute name="elasticGC enabled" value="1" />
  <attribute name= "numThreadsSpecified" value="4" />
  <attribute name="heapSize specified" value="8388608" />
  <attribute name="Current GC Util" value="1" />
  <attribute name= "Current Time Running" value="762" />
  <attribute name ="GC Interval" value="200" />
  <attribute name="ProportionalT" value="-19.000000" />
  <attribute name="ProportionalI" value="-19.000000" />
  <attribute name="ProportionalH" value="-19.000000" />
  <attribute name="Current Error" value="-19.000000" />
  <attribute name="IntegralT" value="-912.000000" />
  <attribute name="IntegralI" value="-912.000000" />
  <attribute name="IntegralH" value="-912.000000" />
  <attribute name="DerivativeT" value="-0.197917" />
  <attribute name="DerivativeI" value="-0.197917" />
  <attribute name="DerivativeH" value="-0.197917" />
  <attribute name="Loop Time for DT" value="48.000000" />
  <attribute name="Output H" value="2092630016"/>
  <attribute name="Output I" value="200"/>
  <attribute name="Output T" value="4"/>
  <attribute name="Target GC Util Change" value ="20.000000" />
  <attribute name="Current GC Util Change" value="1.000000"/>
  <attribute name="GC Util currently" value="1" />
  <attribute name="CPU Util currently" value="10" />
<allocation-satisfied id="134" threadId="00000000020C3700" bytesRequested="1808" />
<af-end id="135" timestamp="2019-06-16T17:37:35.405" threadId="00000000020C4088" success="true" from="nursery"/>
<exclusive-end id="136" timestamp="2019-06-16T17:37:35.405" durationms="0.900" />

<exclusive-start id="137" timestamp="2019-06-16T17:37:35.689" intervalms="284.138">
  <response-info timems="0.027" idlems="0.027" threads="0" lastid="00000000020C3700" lastname="main" />
</exclusive-start>
<af-start id="138" threadId="00000000020C4088" totalBytesRequested="1096" timestamp="2019-06-16T17:37:35.689" intervalms="284.145" type="nursery" />
<cycle-start id="139" type="scavenge" contextid="0" timestamp="2019-06-16T17:37:35.689" intervalms="284.147" />
<gc-start id="140" type="scavenge" contextid="139" timestamp="2019-06-16T17:37:35.689">
  <mem-info id="141" free="5383448" total="8388608" percent="64">
    <mem type="nursery" free="0" total="2097152" percent="0">
      <mem type="allocate" free="0" total="1572864" percent="0" />
      <mem type="survivor" free="0" total="524288" percent="0" />
    </mem>
    <mem type="tenure" free="5383448" total="6291456" percent="85">
      <mem type="soa" free="5069080" total="5977088" percent="84" />
      <mem type="loa" free="314368" total="314368" percent="100" />
    </mem>
    <remembered-set count="1377" />
  </mem-info>
</gc-start>
<allocation-stats totalBytes="1216464" >
  <allocated-bytes non-tlh="23984" tlh="1192480" />
  <largest-consumer threadName="main" threadId="00000000020C3700" bytes="1216464" />
</allocation-stats>
<gc-op id="142" type="scavenge" timems="0.891" contextid="139" timestamp="2019-06-16T17:37:35.690">
  <scavenger-info tenureage="3" tenuremask="fff8" tiltratio="75" />
  <memory-copied type="nursery" objects="13717" bytes="467968" bytesdiscarded="49616" />
  <memory-copied type="tenure" objects="113" bytes="195632" bytesdiscarded="0" />
  <references type="soft" candidates="2" cleared="0" enqueued="0" dynamicThreshold="28" maxThreshold="32" />
  <references type="weak" candidates="9" cleared="7" enqueued="7" />
  <references type="phantom" candidates="5" cleared="2" enqueued="2" />
</gc-op>
<gc-end id="143" type="scavenge" contextid="139" durationms="1.064" usertimems="0.000" systemtimems="0.000" timestamp="2019-06-16T17:37:35.690" activeThreads="4">
  <mem-info id="144" free="6064048" total="8388608" percent="72">
    <mem type="nursery" free="924120" total="2097152" percent="44">
      <mem type="allocate" free="924120" total="1441792" percent="64" />
      <mem type="survivor" free="0" total="655360" percent="0" />
    </mem>
    <mem type="tenure" free="5139928" total="6291456" percent="81">
      <mem type="soa" free="4825560" total="5977088" percent="80" />
      <mem type="loa" free="314368" total="314368" percent="100" />
    </mem>
    <pending-finalizers system="0" default="0" reference="9" classloader="0" />
    <remembered-set count="776" />
  </mem-info>
</gc-end>
<cycle-end id="145" type="scavenge" contextid="139" timestamp="2019-06-16T17:37:35.690" />
  <attribute name="elasticGC enabled" value="1" />
  <attribute name= "numThreadsSpecified" value="4" />
  <attribute name="heapSize specified" value="8388608" />
  <attribute name="Current GC Util" value="0" />
  <attribute name= "Current Time Running" value="1046" />
  <attribute name ="GC Interval" value="200" />
  <attribute name="ProportionalT" value="-20.000000" />
  <attribute name="ProportionalI" value="-20.000000" />
  <attribute name="ProportionalH" value="-20.000000" />
  <attribute name="Current Error" value="-20.000000" />
  <attribute name="IntegralT" value="-5680.000000" />
  <attribute name="IntegralI" value="-5680.000000" />
  <attribute name="IntegralH" value="-5680.000000" />
  <attribute name="DerivativeT" value="-0.035211" />
  <attribute name="DerivativeI" value="-0.035211" />
  <attribute name="DerivativeH" value="-0.035211" />
  <attribute name="Loop Time for DT" value="284.000000" />
  <attribute name="Output H" value="2092630016"/>
  <attribute name="Output I" value="200"/>
  <attribute name="Output T" value="4"/>
  <attribute name="Target GC Util Change" value ="20.000000" />
  <attribute name="Current GC Util Change" value="0.000000"/>
  <attribute name="GC Util currently" value="0" />
  <attribute name="CPU Util currently" value="2" />
<allocation-satisfied id="146" threadId="00000000020C3700" bytesRequested="1096" />
<af-end id="147" timestamp="2019-06-16T17:37:35.690" threadId="00000000020C4088" success="true" from="nursery"/>
<exclusive-end id="148" timestamp="2019-06-16T17:37:35.690" durationms="1.434" />

<exclusive-start id="149" timestamp="2019-06-16T17:37:35.791" intervalms="102.911">
  <response-info timems="0.023" idlems="0.023" threads="0" lastid="00000000020C3700" lastname="main" />
</exclusive-start>
<af-start id="150" threadId="00000000020C4088" totalBytesRequested="1680" timestamp="2019-06-16T17:37:35.792" intervalms="102.916" type="nursery" />
<cycle-start id="151" type="scavenge" contextid="0" timestamp="2019-06-16T17:37:35.792" intervalms="102.919" />
<gc-start id="152" type="scavenge" contextid="151" timestamp="2019-06-16T17:37:35.792">
  <mem-info id="153" free="5117848" total="8388608" percent="61">
    <mem type="nursery" free="0" total="2097152" percent="0">
      <mem type="allocate" free="0" total="1441792" percent="0" />
      <mem type="survivor" free="0" total="655360" percent="0" />
    </mem>
    <mem type="tenure" free="5117848" total="6291456" percent="81">
      <mem type="soa" free="4803480" total="5977088" percent="80" />
      <mem type="loa" free="314368" total="314368" percent="100" />
    </mem>
    <remembered-set count="1105" />
  </mem-info>
</gc-start>
<allocation-stats totalBytes="943704" >
  <allocated-bytes non-tlh="117832" tlh="825872" />
  <largest-consumer threadName="main" threadId="00000000020C3700" bytes="943704" />
</allocation-stats>
<gc-op id="154" type="scavenge" timems="1.026" contextid="151" timestamp="2019-06-16T17:37:35.793">
  <scavenger-info tenureage="5" tenuremask="ffe0" tiltratio="68" />
  <memory-copied type="nursery" objects="14860" bytes="550296" bytesdiscarded="104968" />
  <references type="soft" candidates="2" cleared="0" enqueued="0" dynamicThreshold="28" maxThreshold="32" />
  <references type="weak" candidates="4" cleared="2" enqueued="2" />
  <references type="phantom" candidates="3" cleared="0" enqueued="0" />
</gc-op>
<gc-end id="155" type="scavenge" contextid="151" durationms="1.192" usertimems="0.000" systemtimems="0.000" timestamp="2019-06-16T17:37:35.793" activeThreads="4">
  <mem-info id="156" free="5838744" total="8388608" percent="69">
    <mem type="nursery" free="720896" total="2097152" percent="34">
      <mem type="allocate" free="720896" total="1376256" percent="52" />
      <mem type="survivor" free="0" total="720896" percent="0" />
    </mem>
    <mem type="tenure" free="5117848" total="6291456" percent="81">
      <mem type="soa" free="4803480" total="5977088" percent="80" />
      <mem type="loa" free="314368" total="314368" percent="100" />
    </mem>
    <pending-finalizers system="0" default="0" reference="2" classloader="0" />
    <remembered-set count="985" />
  </mem-info>
</gc-end>
<cycle-end id="157" type="scavenge" contextid="151" timestamp="2019-06-16T17:37:35.793" />
  <attribute name="elasticGC enabled" value="1" />
  <attribute name= "numThreadsSpecified" value="4" />
  <attribute name="heapSize specified" value="8388608" />
  <attribute name="Current GC Util" value="1" />
  <attribute name= "Current Time Running" value="1149" />
  <attribute name ="GC Interval" value="200" />
  <attribute name="ProportionalT" value="-19.000000" />
  <attribute name="ProportionalI" value="-19.000000" />
  <attribute name="ProportionalH" value="-19.000000" />
  <attribute name="Current Error" value="-19.000000" />
  <attribute name="IntegralT" value="-1957.000000" />
  <attribute name="IntegralI" value="-1957.000000" />
  <attribute name="IntegralH" value="-1957.000000" />
  <attribute name="DerivativeT" value="-0.092233" />
  <attribute name="DerivativeI" value="-0.092233" />
  <attribute name="DerivativeH" value="-0.092233" />
  <attribute name="Loop Time for DT" value="103.000000" />
  <attribute name="Output H" value="2092630016"/>
  <attribute name="Output I" value="200"/>
  <attribute name="Output T" value="4"/>
  <attribute name="Target GC Util Change" value ="20.000000" />
  <attribute name="Current GC Util Change" value="1.000000"/>
  <attribute name="GC Util currently" value="1" />
  <attribute name="CPU Util currently" value="44804870088" />
<allocation-satisfied id="158" threadId="00000000020C3700" bytesRequested="1680" />
<af-end id="159" timestamp="2019-06-16T17:37:35.793" threadId="00000000020C4088" success="true" from="nursery"/>
<exclusive-end id="160" timestamp="2019-06-16T17:37:35.793" durationms="1.565" />

<exclusive-start id="161" timestamp="2019-06-16T17:37:35.811" intervalms="19.534">
  <response-info timems="0.052" idlems="0.052" threads="0" lastid="00000000020C3700" lastname="main" />
</exclusive-start>
<af-start id="162" threadId="00000000020C4088" totalBytesRequested="2096" timestamp="2019-06-16T17:37:35.811" intervalms="19.521" type="nursery" />
<cycle-start id="163" type="scavenge" contextid="0" timestamp="2019-06-16T17:37:35.811" intervalms="19.517" />
<gc-start id="164" type="scavenge" contextid="163" timestamp="2019-06-16T17:37:35.811">
  <mem-info id="165" free="5101432" total="8388608" percent="60">
    <mem type="nursery" free="0" total="2097152" percent="0">
      <mem type="allocate" free="0" total="1376256" percent="0" />
      <mem type="survivor" free="0" total="720896" percent="0" />
    </mem>
    <mem type="tenure" free="5101432" total="6291456" percent="81">
      <mem type="soa" free="4787064" total="5977088" percent="80" />
      <mem type="loa" free="314368" total="314368" percent="100" />
    </mem>
    <remembered-set count="1193" />
  </mem-info>
</gc-start>
<allocation-stats totalBytes="736064" >
  <allocated-bytes non-tlh="18096" tlh="717968" />
  <largest-consumer threadName="main" threadId="00000000020C3700" bytes="736064" />
</allocation-stats>
<gc-op id="166" type="scavenge" timems="0.961" contextid="163" timestamp="2019-06-16T17:37:35.812">
  <scavenger-info tenureage="3" tenuremask="fff8" tiltratio="65" />
  <memory-copied type="nursery" objects="13907" bytes="455096" bytesdiscarded="62520" />
  <memory-copied type="tenure" objects="2174" bytes="140632" bytesdiscarded="8" />
</gc-op>
<gc-end id="167" type="scavenge" contextid="163" durationms="1.122" usertimems="4.000" systemtimems="0.000" timestamp="2019-06-16T17:37:35.812" activeThreads="4">
  <mem-info id="168" free="5818152" total="8388608" percent="69">
    <mem type="nursery" free="924120" total="2097152" percent="44">
      <mem type="allocate" free="924120" total="1441792" percent="64" />
      <mem type="survivor" free="0" total="655360" percent="0" />
    </mem>
    <mem type="tenure" free="4894032" total="6291456" percent="77">
      <mem type="soa" free="4579664" total="5977088" percent="76" />
      <mem type="loa" free="314368" total="314368" percent="100" />
    </mem>
    <remembered-set count="725" />
  </mem-info>
</gc-end>
<cycle-end id="169" type="scavenge" contextid="163" timestamp="2019-06-16T17:37:35.812" />
  <attribute name="elasticGC enabled" value="1" />
  <attribute name= "numThreadsSpecified" value="4" />
  <attribute name="heapSize specified" value="8388608" />
  <attribute name="Current GC Util" value="10" />
  <attribute name= "Current Time Running" value="1168" />
  <attribute name ="GC Interval" value="200" />
  <attribute name="ProportionalT" value="-10.000000" />
  <attribute name="ProportionalI" value="-10.000000" />
  <attribute name="ProportionalH" value="-10.000000" />
  <attribute name="Current Error" value="-10.000000" />
  <attribute name="IntegralT" value="-190.000000" />
  <attribute name="IntegralI" value="-190.000000" />
  <attribute name="IntegralH" value="-190.000000" />
  <attribute name="DerivativeT" value="-0.263158" />
  <attribute name="DerivativeI" value="-0.263158" />
  <attribute name="DerivativeH" value="-0.263158" />
  <attribute name="Loop Time for DT" value="19.000000" />
  <attribute name="Output H" value="2092630016"/>
  <attribute name="Output I" value="200"/>
  <attribute name="Output T" value="4"/>
  <attribute name="Target GC Util Change" value ="20.000000" />
  <attribute name="Current GC Util Change" value="10.000000"/>
  <attribute name="GC Util currently" value="10" />
  <attribute name="CPU Util currently" value="7" />
<allocation-satisfied id="170" threadId="00000000020C3700" bytesRequested="2096" />
<af-end id="171" timestamp="2019-06-16T17:37:35.812" threadId="00000000020C4088" success="true" from="nursery"/>
<exclusive-end id="172" timestamp="2019-06-16T17:37:35.812" durationms="1.477" />

<exclusive-start id="173" timestamp="2019-06-16T17:37:35.927" intervalms="116.172">
  <response-info timems="0.072" idlems="0.072" threads="0" lastid="0000000002379500" lastname="node-1" />
</exclusive-start>
<af-start id="174" threadId="0000000002379E88" totalBytesRequested="32" timestamp="2019-06-16T17:37:35.927" intervalms="116.267" type="nursery" />
<cycle-start id="175" type="scavenge" contextid="0" timestamp="2019-06-16T17:37:35.927" intervalms="116.364" />
<gc-start id="176" type="scavenge" contextid="175" timestamp="2019-06-16T17:37:35.928">
  <mem-info id="177" free="4883360" total="8388608" percent="58">
    <mem type="nursery" free="0" total="2097152" percent="0">
      <mem type="allocate" free="0" total="1441792" percent="0" />
      <mem type="survivor" free="0" total="655360" percent="0" />
    </mem>
    <mem type="tenure" free="4883360" total="6291456" percent="77">
      <mem type="soa" free="4568992" total="5977088" percent="76" />
      <mem type="loa" free="314368" total="314368" percent="100" />
    </mem>
    <remembered-set count="860" />
  </mem-info>
</gc-start>
<allocation-stats totalBytes="932952" >
  <allocated-bytes non-tlh="12768" tlh="920184" />
  <largest-consumer threadName="main" threadId="00000000020C3700" bytes="800784" />
</allocation-stats>
<gc-op id="178" type="scavenge" timems="3.919" contextid="175" timestamp="2019-06-16T17:37:35.932">
  <scavenger-info tenureage="3" tenuremask="fff8" tiltratio="68" />
  <memory-copied type="nursery" objects="8054" bytes="417408" bytesdiscarded="93160" />
  <memory-copied type="tenure" objects="11470" bytes="322216" bytesdiscarded="24" />
  <references type="weak" candidates="2" cleared="2" enqueued="2" />
</gc-op>
<gc-end id="179" type="scavenge" contextid="175" durationms="4.538" usertimems="4.000" systemtimems="0.000" timestamp="2019-06-16T17:37:35.932" activeThreads="4">
  <mem-info id="180" free="5434000" total="8388608" percent="64">
    <mem type="nursery" free="931160" total="2097152" percent="44">
      <mem type="allocate" free="931160" total="1441792" percent="64" />
      <mem type="survivor" free="0" total="655360" percent="0" />
    </mem>
    <mem type="tenure" free="4502840" total="6291456" percent="71">
      <mem type="soa" free="4188472" total="5977088" percent="70" />
      <mem type="loa" free="314368" total="314368" percent="100" />
    </mem>
    <pending-finalizers system="0" default="0" reference="2" classloader="0" />
    <remembered-set count="457" />
  </mem-info>
</gc-end>
<cycle-end id="181" type="scavenge" contextid="175" timestamp="2019-06-16T17:37:35.932" />
  <attribute name="elasticGC enabled" value="1" />
  <attribute name= "numThreadsSpecified" value="4" />
  <attribute name="heapSize specified" value="8388608" />
  <attribute name="Current GC Util" value="1" />
  <attribute name= "Current Time Running" value="1285" />
  <attribute name ="GC Interval" value="200" />
  <attribute name="ProportionalT" value="-19.000000" />
  <attribute name="ProportionalI" value="-19.000000" />
  <attribute name="ProportionalH" value="-19.000000" />
  <attribute name="Current Error" value="-19.000000" />
  <attribute name="IntegralT" value="-2223.000000" />
  <attribute name="IntegralI" value="-2223.000000" />
  <attribute name="IntegralH" value="-2223.000000" />
  <attribute name="DerivativeT" value="-0.081197" />
  <attribute name="DerivativeI" value="-0.081197" />
  <attribute name="DerivativeH" value="-0.081197" />
  <attribute name="Loop Time for DT" value="117.000000" />
  <attribute name="Output H" value="2092630016"/>
  <attribute name="Output I" value="200"/>
  <attribute name="Output T" value="4"/>
  <attribute name="Target GC Util Change" value ="20.000000" />
  <attribute name="Current GC Util Change" value="1.000000"/>
  <attribute name="GC Util currently" value="1" />
  <attribute name="CPU Util currently" value="17" />
<allocation-satisfied id="182" threadId="0000000002379500" bytesRequested="32" />
<af-end id="183" timestamp="2019-06-16T17:37:35.933" threadId="0000000002379E88" success="true" from="nursery"/>
<exclusive-end id="184" timestamp="2019-06-16T17:37:35.933" durationms="5.574" />

<exclusive-start id="185" timestamp="2019-06-16T17:37:36.302" intervalms="374.800">
  <response-info timems="0.025" idlems="0.025" threads="0" lastid="0000000002380D00" lastname="node-0" />
</exclusive-start>
<af-start id="186" threadId="0000000002381688" totalBytesRequested="32" timestamp="2019-06-16T17:37:36.302" intervalms="374.730" type="nursery" />
<cycle-start id="187" type="scavenge" contextid="0" timestamp="2019-06-16T17:37:36.302" intervalms="374.646" />
<gc-start id="188" type="scavenge" contextid="187" timestamp="2019-06-16T17:37:36.302">
  <mem-info id="189" free="4502840" total="8388608" percent="53">
    <mem type="nursery" free="0" total="2097152" percent="0">
      <mem type="allocate" free="0" total="1441792" percent="0" />
      <mem type="survivor" free="0" total="655360" percent="0" />
    </mem>
    <mem type="tenure" free="4502840" total="6291456" percent="71">
      <mem type="soa" free="4188472" total="5977088" percent="70" />
      <mem type="loa" free="314368" total="314368" percent="100" />
    </mem>
    <remembered-set count="457" />
  </mem-info>
</gc-start>
<allocation-stats totalBytes="930392" >
  <allocated-bytes non-tlh="32" tlh="930360" />
  <largest-consumer threadName="node-1" threadId="0000000002379500" bytes="315168" />
</allocation-stats>
<gc-op id="190" type="scavenge" timems="1.003" contextid="187" timestamp="2019-06-16T17:37:36.303">
  <scavenger-info tenureage="3" tenuremask="fff8" tiltratio="68" />
  <memory-copied type="nursery" objects="12952" bytes="479592" bytesdiscarded="175720" />
  <memory-copied type="tenure" objects="4812" bytes="170672" bytesdiscarded="0" />
  <copy-failed type="nursery" objects="3760" bytes="90240" />
</gc-op>
<gc-end id="191" type="scavenge" contextid="187" durationms="1.243" usertimems="0.000" systemtimems="0.000" timestamp="2019-06-16T17:37:36.303" activeThreads="4">
  <mem-info id="192" free="5031464" total="8388608" percent="59">
    <mem type="nursery" free="655360" total="2097152" percent="31">
      <mem type="allocate" free="655360" total="1310720" percent="50" />
      <mem type="survivor" free="0" total="786432" percent="0" />
    </mem>
    <mem type="tenure" free="4376104" total="6291456" percent="69">
      <mem type="soa" free="4061736" total="5977088" percent="67" />
      <mem type="loa" free="314368" total="314368" percent="100" />
    </mem>
    <remembered-set count="257" />
  </mem-info>
</gc-end>
<cycle-end id="193" type="scavenge" contextid="187" timestamp="2019-06-16T17:37:36.304" />
  <attribute name="elasticGC enabled" value="1" />
  <attribute name= "numThreadsSpecified" value="4" />
  <attribute name="heapSize specified" value="8388608" />
  <attribute name="Current GC Util" value="1" />
  <attribute name= "Current Time Running" value="1659" />
  <attribute name ="GC Interval" value="200" />
  <attribute name="ProportionalT" value="-19.000000" />
  <attribute name="ProportionalI" value="-19.000000" />
  <attribute name="ProportionalH" value="-19.000000" />
  <attribute name="Current Error" value="-19.000000" />
  <attribute name="IntegralT" value="-7106.000000" />
  <attribute name="IntegralI" value="-7106.000000" />
  <attribute name="IntegralH" value="-7106.000000" />
  <attribute name="DerivativeT" value="-0.025401" />
  <attribute name="DerivativeI" value="-0.025401" />
  <attribute name="DerivativeH" value="-0.025401" />
  <attribute name="Loop Time for DT" value="374.000000" />
  <attribute name="Output H" value="2092630016"/>
  <attribute name="Output I" value="200"/>
  <attribute name="Output T" value="4"/>
  <attribute name="Target GC Util Change" value ="20.000000" />
  <attribute name="Current GC Util Change" value="1.000000"/>
  <attribute name="GC Util currently" value="1" />
  <attribute name="CPU Util currently" value="19" />
<allocation-satisfied id="194" threadId="0000000002380D00" bytesRequested="32" />
<af-end id="195" timestamp="2019-06-16T17:37:36.304" threadId="0000000002381688" success="true" from="nursery"/>
<exclusive-end id="196" timestamp="2019-06-16T17:37:36.304" durationms="1.955" />

<exclusive-start id="197" timestamp="2019-06-16T17:37:36.505" intervalms="202.672">
  <response-info timems="0.023" idlems="0.023" threads="0" lastid="0000000002379500" lastname="node-1" />
</exclusive-start>
<af-start id="198" threadId="0000000002379E88" totalBytesRequested="32" timestamp="2019-06-16T17:37:36.505" intervalms="202.655" type="nursery" />
<cycle-start id="199" type="scavenge" contextid="0" timestamp="2019-06-16T17:37:36.505" intervalms="202.652" />
<gc-start id="200" type="scavenge" contextid="199" timestamp="2019-06-16T17:37:36.505">
  <mem-info id="201" free="4376104" total="8388608" percent="52">
    <mem type="nursery" free="0" total="2097152" percent="0">
      <mem type="allocate" free="0" total="1310720" percent="0" />
      <mem type="survivor" free="0" total="786432" percent="0" />
    </mem>
    <mem type="tenure" free="4376104" total="6291456" percent="69">
      <mem type="soa" free="4061736" total="5977088" percent="67" />
      <mem type="loa" free="314368" total="314368" percent="100" />
    </mem>
    <remembered-set count="257" />
  </mem-info>
</gc-start>
<allocation-stats totalBytes="655160" >
  <allocated-bytes non-tlh="32" tlh="655128" />
  <largest-consumer threadName="node-0" threadId="0000000002380D00" bytes="233432" />
</allocation-stats>
<gc-op id="202" type="scavenge" timems="2.921" contextid="199" timestamp="2019-06-16T17:37:36.508">
  <scavenger-info tenureage="2" tenuremask="fffc" tiltratio="62" />
  <memory-copied type="nursery" objects="12105" bytes="290400" bytesdiscarded="81312" />
  <memory-copied type="tenure" objects="6974" bytes="336240" bytesdiscarded="304" />
</gc-op>
<gc-end id="203" type="scavenge" contextid="199" durationms="3.325" usertimems="0.000" systemtimems="0.000" timestamp="2019-06-16T17:37:36.508" activeThreads="4">
  <mem-info id="204" free="4968872" total="8388608" percent="59">
    <mem type="nursery" free="939008" total="2097152" percent="44">
      <mem type="allocate" free="939008" total="1310720" percent="71" />
      <mem type="survivor" free="0" total="786432" percent="0" />
    </mem>
    <mem type="tenure" free="4029864" total="6291456" percent="64">
      <mem type="soa" free="3715496" total="5977088" percent="62" />
      <mem type="loa" free="314368" total="314368" percent="100" />
    </mem>
    <remembered-set count="109" />
  </mem-info>
</gc-end>
<cycle-end id="205" type="scavenge" contextid="199" timestamp="2019-06-16T17:37:36.508" />
  <attribute name="elasticGC enabled" value="1" />
  <attribute name= "numThreadsSpecified" value="4" />
  <attribute name="heapSize specified" value="8388608" />
  <attribute name="Current GC Util" value="0" />
  <attribute name= "Current Time Running" value="1862" />
  <attribute name ="GC Interval" value="200" />
  <attribute name="ProportionalT" value="-20.000000" />
  <attribute name="ProportionalI" value="-20.000000" />
  <attribute name="ProportionalH" value="-20.000000" />
  <attribute name="Current Error" value="-20.000000" />
  <attribute name="IntegralT" value="-4060.000000" />
  <attribute name="IntegralI" value="-4060.000000" />
  <attribute name="IntegralH" value="-4060.000000" />
  <attribute name="DerivativeT" value="-0.049261" />
  <attribute name="DerivativeI" value="-0.049261" />
  <attribute name="DerivativeH" value="-0.049261" />
  <attribute name="Loop Time for DT" value="203.000000" />
  <attribute name="Output H" value="2092630016"/>
  <attribute name="Output I" value="200"/>
  <attribute name="Output T" value="4"/>
  <attribute name="Target GC Util Change" value ="20.000000" />
  <attribute name="Current GC Util Change" value="0.000000"/>
  <attribute name="GC Util currently" value="0" />
  <attribute name="CPU Util currently" value="9" />
<allocation-satisfied id="206" threadId="0000000002379500" bytesRequested="32" />
<af-end id="207" timestamp="2019-06-16T17:37:36.509" threadId="0000000002379E88" success="true" from="nursery"/>
<exclusive-end id="208" timestamp="2019-06-16T17:37:36.509" durationms="4.124" />

<exclusive-start id="209" timestamp="2019-06-16T17:37:36.786" intervalms="281.078">
  <response-info timems="0.024" idlems="0.024" threads="0" lastid="000000000237D100" lastname="node-2" />
</exclusive-start>
<af-start id="210" threadId="000000000237DA88" totalBytesRequested="32" timestamp="2019-06-16T17:37:36.786" intervalms="281.102" type="nursery" />
<cycle-start id="211" type="scavenge" contextid="0" timestamp="2019-06-16T17:37:36.786" intervalms="281.196" />
<gc-start id="212" type="scavenge" contextid="211" timestamp="2019-06-16T17:37:36.786">
  <mem-info id="213" free="4029864" total="8388608" percent="48">
    <mem type="nursery" free="0" total="2097152" percent="0">
      <mem type="allocate" free="0" total="1310720" percent="0" />
      <mem type="survivor" free="0" total="786432" percent="0" />
    </mem>
    <mem type="tenure" free="4029864" total="6291456" percent="64">
      <mem type="soa" free="3715496" total="5977088" percent="62" />
      <mem type="loa" free="314368" total="314368" percent="100" />
    </mem>
    <remembered-set count="120" />
  </mem-info>
</gc-start>
<allocation-stats totalBytes="938608" >
  <allocated-bytes non-tlh="32" tlh="938576" />
  <largest-consumer threadName="node-0" threadId="0000000002380D00" bytes="336648" />
</allocation-stats>
<gc-op id="214" type="scavenge" timems="1.310" contextid="211" timestamp="2019-06-16T17:37:36.788">
  <scavenger-info tenureage="2" tenuremask="7ffc" tiltratio="62" />
  <memory-copied type="nursery" objects="15634" bytes="375096" bytesdiscarded="16584" />
  <memory-copied type="tenure" objects="5963" bytes="143112" bytesdiscarded="0" />
</gc-op>
<gc-end id="215" type="scavenge" contextid="211" durationms="1.768" usertimems="0.000" systemtimems="0.000" timestamp="2019-06-16T17:37:36.788" activeThreads="4">
  <mem-info id="216" free="4857768" total="8388608" percent="57">
    <mem type="nursery" free="984576" total="2097152" percent="46">
      <mem type="allocate" free="984576" total="1376256" percent="71" />
      <mem type="survivor" free="0" total="720896" percent="0" />
    </mem>
    <mem type="tenure" free="3873192" total="6291456" percent="61">
      <mem type="soa" free="3558824" total="5977088" percent="59" />
      <mem type="loa" free="314368" total="314368" percent="100" />
    </mem>
    <remembered-set count="102" />
  </mem-info>
</gc-end>
<cycle-end id="217" type="scavenge" contextid="211" timestamp="2019-06-16T17:37:36.788" />
  <attribute name="elasticGC enabled" value="1" />
  <attribute name= "numThreadsSpecified" value="4" />
  <attribute name="heapSize specified" value="8388608" />
  <attribute name="Current GC Util" value="1" />
  <attribute name= "Current Time Running" value="2143" />
  <attribute name ="GC Interval" value="200" />
  <attribute name="ProportionalT" value="-19.000000" />
  <attribute name="ProportionalI" value="-19.000000" />
  <attribute name="ProportionalH" value="-19.000000" />
  <attribute name="Current Error" value="-19.000000" />
  <attribute name="IntegralT" value="-5339.000000" />
  <attribute name="IntegralI" value="-5339.000000" />
  <attribute name="IntegralH" value="-5339.000000" />
  <attribute name="DerivativeT" value="-0.033808" />
  <attribute name="DerivativeI" value="-0.033808" />
  <attribute name="DerivativeH" value="-0.033808" />
  <attribute name="Loop Time for DT" value="281.000000" />
  <attribute name="Output H" value="2092630016"/>
  <attribute name="Output I" value="200"/>
  <attribute name="Output T" value="4"/>
  <attribute name="Target GC Util Change" value ="20.000000" />
  <attribute name="Current GC Util Change" value="1.000000"/>
  <attribute name="GC Util currently" value="1" />
  <attribute name="CPU Util currently" value="20" />
<allocation-satisfied id="218" threadId="000000000237D100" bytesRequested="32" />
<af-end id="219" timestamp="2019-06-16T17:37:36.788" threadId="000000000237DA88" success="true" from="nursery"/>
<exclusive-end id="220" timestamp="2019-06-16T17:37:36.788" durationms="2.600" />

<exclusive-start id="221" timestamp="2019-06-16T17:37:37.147" intervalms="361.507">
  <response-info timems="0.022" idlems="0.022" threads="0" lastid="0000000002380D00" lastname="node-0" />
</exclusive-start>
<af-start id="222" threadId="0000000002381688" totalBytesRequested="32" timestamp="2019-06-16T17:37:37.147" intervalms="361.535" type="nursery" />
<cycle-start id="223" type="scavenge" contextid="0" timestamp="2019-06-16T17:37:37.148" intervalms="361.531" />
<gc-start id="224" type="scavenge" contextid="223" timestamp="2019-06-16T17:37:37.148">
  <mem-info id="225" free="3873192" total="8388608" percent="46">
    <mem type="nursery" free="0" total="2097152" percent="0">
      <mem type="allocate" free="0" total="1376256" percent="0" />
      <mem type="survivor" free="0" total="720896" percent="0" />
    </mem>
    <mem type="tenure" free="3873192" total="6291456" percent="61">
      <mem type="soa" free="3558824" total="5977088" percent="59" />
      <mem type="loa" free="314368" total="314368" percent="100" />
    </mem>
    <remembered-set count="112" />
  </mem-info>
</gc-start>
<allocation-stats totalBytes="984192" >
  <allocated-bytes non-tlh="32" tlh="984160" />
  <largest-consumer threadName="node-2" threadId="000000000237D100" bytes="343856" />
</allocation-stats>
<gc-op id="226" type="scavenge" timems="1.488" contextid="223" timestamp="2019-06-16T17:37:37.149">
  <scavenger-info tenureage="2" tenuremask="7ffc" tiltratio="65" />
  <memory-copied type="nursery" objects="19881" bytes="477024" bytesdiscarded="71328" />
  <memory-copied type="tenure" objects="6127" bytes="147048" bytesdiscarded="0" />
</gc-op>
<gc-end id="227" type="scavenge" contextid="223" durationms="1.984" usertimems="4.000" systemtimems="0.000" timestamp="2019-06-16T17:37:37.150" activeThreads="4">
  <mem-info id="228" free="4544424" total="8388608" percent="54">
    <mem type="nursery" free="827904" total="2097152" percent="39">
      <mem type="allocate" free="827904" total="1376256" percent="60" />
      <mem type="survivor" free="0" total="720896" percent="0" />
    </mem>
    <mem type="tenure" free="3716520" total="6291456" percent="59">
      <mem type="soa" free="3402152" total="5977088" percent="56" />
      <mem type="loa" free="314368" total="314368" percent="100" />
    </mem>
    <remembered-set count="100" />
  </mem-info>
</gc-end>
<cycle-end id="229" type="scavenge" contextid="223" timestamp="2019-06-16T17:37:37.150" />
  <attribute name="elasticGC enabled" value="1" />
  <attribute name= "numThreadsSpecified" value="4" />
  <attribute name="heapSize specified" value="8388608" />
  <attribute name="Current GC Util" value="0" />
  <attribute name= "Current Time Running" value="2505" />
  <attribute name ="GC Interval" value="200" />
  <attribute name="ProportionalT" value="-20.000000" />
  <attribute name="ProportionalI" value="-20.000000" />
  <attribute name="ProportionalH" value="-20.000000" />
  <attribute name="Current Error" value="-20.000000" />
  <attribute name="IntegralT" value="-7240.000000" />
  <attribute name="IntegralI" value="-7240.000000" />
  <attribute name="IntegralH" value="-7240.000000" />
  <attribute name="DerivativeT" value="-0.027624" />
  <attribute name="DerivativeI" value="-0.027624" />
  <attribute name="DerivativeH" value="-0.027624" />
  <attribute name="Loop Time for DT" value="362.000000" />
  <attribute name="Output H" value="2092630016"/>
  <attribute name="Output I" value="200"/>
  <attribute name="Output T" value="4"/>
  <attribute name="Target GC Util Change" value ="20.000000" />
  <attribute name="Current GC Util Change" value="0.000000"/>
  <attribute name="GC Util currently" value="0" />
  <attribute name="CPU Util currently" value="9" />
<allocation-satisfied id="230" threadId="0000000002380D00" bytesRequested="32" />
<af-end id="231" timestamp="2019-06-16T17:37:37.150" threadId="0000000002381688" success="true" from="nursery"/>
<exclusive-end id="232" timestamp="2019-06-16T17:37:37.150" durationms="2.786" />

<exclusive-start id="233" timestamp="2019-06-16T17:37:37.452" intervalms="305.146">
  <response-info timems="0.024" idlems="0.024" threads="0" lastid="000000000237D100" lastname="node-2" />
</exclusive-start>
<af-start id="234" threadId="000000000237DA88" totalBytesRequested="376" timestamp="2019-06-16T17:37:37.452" intervalms="305.101" type="nursery" />
<cycle-start id="235" type="scavenge" contextid="0" timestamp="2019-06-16T17:37:37.453" intervalms="305.014" />
<gc-start id="236" type="scavenge" contextid="235" timestamp="2019-06-16T17:37:37.453">
  <mem-info id="237" free="3716520" total="8388608" percent="44">
    <mem type="nursery" free="0" total="2097152" percent="0">
      <mem type="allocate" free="0" total="1376256" percent="0" />
      <mem type="survivor" free="0" total="720896" percent="0" />
    </mem>
    <mem type="tenure" free="3716520" total="6291456" percent="59">
      <mem type="soa" free="3402152" total="5977088" percent="56" />
      <mem type="loa" free="314368" total="314368" percent="100" />
    </mem>
    <remembered-set count="111" />
  </mem-info>
</gc-start>
<allocation-stats totalBytes="827720" >
  <allocated-bytes non-tlh="32" tlh="827688" />
  <largest-consumer threadName="node-0" threadId="0000000002380D00" bytes="303032" />
</allocation-stats>
<gc-op id="238" type="scavenge" timems="1.712" contextid="235" timestamp="2019-06-16T17:37:37.454">
  <scavenger-info tenureage="1" tenuremask="7ffe" tiltratio="65" />
  <memory-copied type="nursery" objects="8714" bytes="209992" bytesdiscarded="64184" />
  <memory-copied type="tenure" objects="19866" bytes="476784" bytesdiscarded="0" />
</gc-op>
<gc-end id="239" type="scavenge" contextid="235" durationms="1.910" usertimems="4.000" systemtimems="0.000" timestamp="2019-06-16T17:37:37.454" activeThreads="4">
  <mem-info id="240" free="4414120" total="8388608" percent="52">
    <mem type="nursery" free="1167616" total="2097152" percent="55">
      <mem type="allocate" free="1167616" total="1441792" percent="80" />
      <mem type="survivor" free="0" total="655360" percent="0" />
    </mem>
    <mem type="tenure" free="3246504" total="6291456" percent="51">
      <mem type="soa" free="2932136" total="5977088" percent="49" />
      <mem type="loa" free="314368" total="314368" percent="100" />
    </mem>
    <remembered-set count="100" />
  </mem-info>
</gc-end>
<cycle-end id="241" type="scavenge" contextid="235" timestamp="2019-06-16T17:37:37.455" />
  <attribute name="elasticGC enabled" value="1" />
  <attribute name= "numThreadsSpecified" value="4" />
  <attribute name="heapSize specified" value="8388608" />
  <attribute name="Current GC Util" value="0" />
  <attribute name= "Current Time Running" value="2810" />
  <attribute name ="GC Interval" value="200" />
  <attribute name="ProportionalT" value="-20.000000" />
  <attribute name="ProportionalI" value="-20.000000" />
  <attribute name="ProportionalH" value="-20.000000" />
  <attribute name="Current Error" value="-20.000000" />
  <attribute name="IntegralT" value="-6100.000000" />
  <attribute name="IntegralI" value="-6100.000000" />
  <attribute name="IntegralH" value="-6100.000000" />
  <attribute name="DerivativeT" value="-0.032787" />
  <attribute name="DerivativeI" value="-0.032787" />
  <attribute name="DerivativeH" value="-0.032787" />
  <attribute name="Loop Time for DT" value="305.000000" />
  <attribute name="Output H" value="2092630016"/>
  <attribute name="Output I" value="200"/>
  <attribute name="Output T" value="4"/>
  <attribute name="Target GC Util Change" value ="20.000000" />
  <attribute name="Current GC Util Change" value="0.000000"/>
  <attribute name="GC Util currently" value="0" />
  <attribute name="CPU Util currently" value="5" />
<allocation-satisfied id="242" threadId="000000000237D100" bytesRequested="376" />
<af-end id="243" timestamp="2019-06-16T17:37:37.455" threadId="000000000237DA88" success="true" from="nursery"/>
<exclusive-end id="244" timestamp="2019-06-16T17:37:37.455" durationms="2.440" />

<exclusive-start id="245" timestamp="2019-06-16T17:37:37.834" intervalms="381.737">
  <response-info timems="0.035" idlems="0.035" threads="0" lastid="0000000002380D00" lastname="node-0" />
</exclusive-start>
<af-start id="246" threadId="0000000002381688" totalBytesRequested="24" timestamp="2019-06-16T17:37:37.834" intervalms="381.793" type="nursery" />
<cycle-start id="247" type="scavenge" contextid="0" timestamp="2019-06-16T17:37:37.834" intervalms="381.835" />
<gc-start id="248" type="scavenge" contextid="247" timestamp="2019-06-16T17:37:37.834">
  <mem-info id="249" free="3246504" total="8388608" percent="38">
    <mem type="nursery" free="0" total="2097152" percent="0">
      <mem type="allocate" free="0" total="1441792" percent="0" />
      <mem type="survivor" free="0" total="655360" percent="0" />
    </mem>
    <mem type="tenure" free="3246504" total="6291456" percent="51">
      <mem type="soa" free="2932136" total="5977088" percent="49" />
      <mem type="loa" free="314368" total="314368" percent="100" />
    </mem>
    <remembered-set count="110" />
  </mem-info>
</gc-start>
<allocation-stats totalBytes="1167376" >
  <allocated-bytes non-tlh="376" tlh="1167000" />
  <largest-consumer threadName="node-2" threadId="000000000237D100" bytes="405792" />
</allocation-stats>
<gc-op id="250" type="scavenge" timems="1.263" contextid="247" timestamp="2019-06-16T17:37:37.836">
  <scavenger-info tenureage="1" tenuremask="7ffe" tiltratio="68" />
  <memory-copied type="nursery" objects="12570" bytes="301560" bytesdiscarded="11784" />
  <memory-copied type="tenure" objects="8693" bytes="208632" bytesdiscarded="0" />
</gc-op>
<gc-end id="251" type="scavenge" contextid="247" durationms="1.691" usertimems="0.000" systemtimems="4.000" timestamp="2019-06-16T17:37:37.836" activeThreads="4">
  <mem-info id="252" free="4179112" total="8388608" percent="49">
    <mem type="nursery" free="1128448" total="2097152" percent="53">
      <mem type="allocate" free="1128448" total="1441792" percent="78" />
      <mem type="survivor" free="0" total="655360" percent="0" />
    </mem>
    <mem type="tenure" free="3050664" total="6291456" percent="48">
      <mem type="soa" free="2736296" total="5977088" percent="45" />
      <mem type="loa" free="314368" total="314368" percent="100" />
    </mem>
    <remembered-set count="98" />
  </mem-info>
</gc-end>
<cycle-end id="253" type="scavenge" contextid="247" timestamp="2019-06-16T17:37:37.836" />
  <attribute name="elasticGC enabled" value="1" />
  <attribute name= "numThreadsSpecified" value="4" />
  <attribute name="heapSize specified" value="8388608" />
  <attribute name="Current GC Util" value="0" />
  <attribute name= "Current Time Running" value="3192" />
  <attribute name ="GC Interval" value="200" />
  <attribute name="ProportionalT" value="-20.000000" />
  <attribute name="ProportionalI" value="-20.000000" />
  <attribute name="ProportionalH" value="-20.000000" />
  <attribute name="Current Error" value="-20.000000" />
  <attribute name="IntegralT" value="-7640.000000" />
  <attribute name="IntegralI" value="-7640.000000" />
  <attribute name="IntegralH" value="-7640.000000" />
  <attribute name="DerivativeT" value="-0.026178" />
  <attribute name="DerivativeI" value="-0.026178" />
  <attribute name="DerivativeH" value="-0.026178" />
  <attribute name="Loop Time for DT" value="382.000000" />
  <attribute name="Output H" value="2092630016"/>
  <attribute name="Output I" value="200"/>
  <attribute name="Output T" value="4"/>
  <attribute name="Target GC Util Change" value ="20.000000" />
  <attribute name="Current GC Util Change" value="0.000000"/>
  <attribute name="GC Util currently" value="0" />
  <attribute name="CPU Util currently" value="9" />
<allocation-satisfied id="254" threadId="0000000002380D00" bytesRequested="24" />
<af-end id="255" timestamp="2019-06-16T17:37:37.836" threadId="0000000002381688" success="true" from="nursery"/>
<exclusive-end id="256" timestamp="2019-06-16T17:37:37.836" durationms="2.384" />

<exclusive-start id="257" timestamp="2019-06-16T17:37:38.217" intervalms="382.715">
  <response-info timems="0.033" idlems="0.033" threads="0" lastid="000000000237D100" lastname="node-2" />
</exclusive-start>
<af-start id="258" threadId="000000000237DA88" totalBytesRequested="24" timestamp="2019-06-16T17:37:38.217" intervalms="382.668" type="nursery" />
<cycle-start id="259" type="scavenge" contextid="0" timestamp="2019-06-16T17:37:38.217" intervalms="382.721" />
<gc-start id="260" type="scavenge" contextid="259" timestamp="2019-06-16T17:37:38.217">
  <mem-info id="261" free="3050664" total="8388608" percent="36">
    <mem type="nursery" free="0" total="2097152" percent="0">
      <mem type="allocate" free="0" total="1441792" percent="0" />
      <mem type="survivor" free="0" total="655360" percent="0" />
    </mem>
    <mem type="tenure" free="3050664" total="6291456" percent="48">
      <mem type="soa" free="2736296" total="5977088" percent="45" />
      <mem type="loa" free="314368" total="314368" percent="100" />
    </mem>
    <remembered-set count="110" />
  </mem-info>
</gc-start>
<allocation-stats totalBytes="1128296" >
  <allocated-bytes non-tlh="24" tlh="1128272" />
  <largest-consumer threadName="node-0" threadId="0000000002380D00" bytes="397248" />
</allocation-stats>
<gc-op id="262" type="scavenge" timems="1.450" contextid="259" timestamp="2019-06-16T17:37:38.219">
  <scavenger-info tenureage="1" tenuremask="7ffe" tiltratio="68" />
  <memory-copied type="nursery" objects="11980" bytes="287400" bytesdiscarded="25944" />
  <memory-copied type="tenure" objects="12555" bytes="301320" bytesdiscarded="0" />
</gc-op>
<gc-end id="263" type="scavenge" contextid="259" durationms="1.894" usertimems="0.000" systemtimems="0.000" timestamp="2019-06-16T17:37:38.219" activeThreads="4">
  <mem-info id="264" free="3931304" total="8388608" percent="46">
    <mem type="nursery" free="1193984" total="2097152" percent="56">
      <mem type="allocate" free="1193984" total="1507328" percent="79" />
      <mem type="survivor" free="0" total="589824" percent="0" />
    </mem>
    <mem type="tenure" free="2737320" total="6291456" percent="43">
      <mem type="soa" free="2422952" total="5977088" percent="40" />
      <mem type="loa" free="314368" total="314368" percent="100" />
    </mem>
    <remembered-set count="96" />
  </mem-info>
</gc-end>
<cycle-end id="265" type="scavenge" contextid="259" timestamp="2019-06-16T17:37:38.219" />
  <attribute name="elasticGC enabled" value="1" />
  <attribute name= "numThreadsSpecified" value="4" />
  <attribute name="heapSize specified" value="8388608" />
  <attribute name="Current GC Util" value="0" />
  <attribute name= "Current Time Running" value="3574" />
  <attribute name ="GC Interval" value="200" />
  <attribute name="ProportionalT" value="-20.000000" />
  <attribute name="ProportionalI" value="-20.000000" />
  <attribute name="ProportionalH" value="-20.000000" />
  <attribute name="Current Error" value="-20.000000" />
  <attribute name="IntegralT" value="-7640.000000" />
  <attribute name="IntegralI" value="-7640.000000" />
  <attribute name="IntegralH" value="-7640.000000" />
  <attribute name="DerivativeT" value="-0.026178" />
  <attribute name="DerivativeI" value="-0.026178" />
  <attribute name="DerivativeH" value="-0.026178" />
  <attribute name="Loop Time for DT" value="382.000000" />
  <attribute name="Output H" value="2092630016"/>
  <attribute name="Output I" value="200"/>
  <attribute name="Output T" value="4"/>
  <attribute name="Target GC Util Change" value ="20.000000" />
  <attribute name="Current GC Util Change" value="0.000000"/>
  <attribute name="GC Util currently" value="0" />
  <attribute name="CPU Util currently" value="8" />
<allocation-satisfied id="266" threadId="000000000237D100" bytesRequested="24" />
<af-end id="267" timestamp="2019-06-16T17:37:38.219" threadId="000000000237DA88" success="true" from="nursery"/>
<exclusive-end id="268" timestamp="2019-06-16T17:37:38.219" durationms="2.599" />

<exclusive-start id="269" timestamp="2019-06-16T17:37:38.593" intervalms="376.038">
  <response-info timems="0.025" idlems="0.025" threads="0" lastid="000000000237D100" lastname="node-2" />
</exclusive-start>
<af-start id="270" threadId="000000000237DA88" totalBytesRequested="32" timestamp="2019-06-16T17:37:38.593" intervalms="376.032" type="nursery" />
<cycle-start id="271" type="scavenge" contextid="0" timestamp="2019-06-16T17:37:38.593" intervalms="375.944" />
<gc-start id="272" type="scavenge" contextid="271" timestamp="2019-06-16T17:37:38.593">
  <mem-info id="273" free="2737320" total="8388608" percent="32">
    <mem type="nursery" free="0" total="2097152" percent="0">
      <mem type="allocate" free="0" total="1507328" percent="0" />
      <mem type="survivor" free="0" total="589824" percent="0" />
    </mem>
    <mem type="tenure" free="2737320" total="6291456" percent="43">
      <mem type="soa" free="2422952" total="5977088" percent="40" />
      <mem type="loa" free="314368" total="314368" percent="100" />
    </mem>
    <remembered-set count="108" />
  </mem-info>
</gc-start>
<allocation-stats totalBytes="1193440" >
  <allocated-bytes non-tlh="24" tlh="1193416" />
  <largest-consumer threadName="node-0" threadId="0000000002380D00" bytes="409512" />
</allocation-stats>
<gc-op id="274" type="scavenge" timems="1.411" contextid="271" timestamp="2019-06-16T17:37:38.595">
  <scavenger-info tenureage="1" tenuremask="7ffe" tiltratio="71" />
  <memory-copied type="nursery" objects="13101" bytes="314304" bytesdiscarded="77376" />
  <memory-copied type="tenure" objects="11965" bytes="287160" bytesdiscarded="0" />
</gc-op>
<gc-end id="275" type="scavenge" contextid="271" durationms="1.621" usertimems="0.000" systemtimems="4.000" timestamp="2019-06-16T17:37:38.595" activeThreads="4">
  <mem-info id="276" free="3644328" total="8388608" percent="43">
    <mem type="nursery" free="1181184" total="2097152" percent="56">
      <mem type="allocate" free="1181184" total="1572864" percent="75" />
      <mem type="survivor" free="0" total="524288" percent="0" />
    </mem>
    <mem type="tenure" free="2463144" total="6291456" percent="39">
      <mem type="soa" free="2148776" total="5977088" percent="35" />
      <mem type="loa" free="314368" total="314368" percent="100" />
    </mem>
    <remembered-set count="96" />
  </mem-info>
</gc-end>
<cycle-end id="277" type="scavenge" contextid="271" timestamp="2019-06-16T17:37:38.595" />
  <attribute name="elasticGC enabled" value="1" />
  <attribute name= "numThreadsSpecified" value="4" />
  <attribute name="heapSize specified" value="8388608" />
  <attribute name="Current GC Util" value="0" />
  <attribute name= "Current Time Running" value="3950" />
  <attribute name ="GC Interval" value="200" />
  <attribute name="ProportionalT" value="-20.000000" />
  <attribute name="ProportionalI" value="-20.000000" />
  <attribute name="ProportionalH" value="-20.000000" />
  <attribute name="Current Error" value="-20.000000" />
  <attribute name="IntegralT" value="-7520.000000" />
  <attribute name="IntegralI" value="-7520.000000" />
  <attribute name="IntegralH" value="-7520.000000" />
  <attribute name="DerivativeT" value="-0.026596" />
  <attribute name="DerivativeI" value="-0.026596" />
  <attribute name="DerivativeH" value="-0.026596" />
  <attribute name="Loop Time for DT" value="376.000000" />
  <attribute name="Output H" value="2092630016"/>
  <attribute name="Output I" value="200"/>
  <attribute name="Output T" value="4"/>
  <attribute name="Target GC Util Change" value ="20.000000" />
  <attribute name="Current GC Util Change" value="0.000000"/>
  <attribute name="GC Util currently" value="0" />
  <attribute name="CPU Util currently" value="7" />
<allocation-satisfied id="278" threadId="000000000237D100" bytesRequested="32" />
<af-end id="279" timestamp="2019-06-16T17:37:38.595" threadId="000000000237DA88" success="true" from="nursery"/>
<exclusive-end id="280" timestamp="2019-06-16T17:37:38.595" durationms="2.083" />

<exclusive-start id="281" timestamp="2019-06-16T17:37:38.985" intervalms="392.559">
  <response-info timems="0.021" idlems="0.021" threads="0" lastid="000000000237D100" lastname="node-2" />
</exclusive-start>
<af-start id="282" threadId="000000000237DA88" totalBytesRequested="32" timestamp="2019-06-16T17:37:38.986" intervalms="392.565" type="nursery" />
<cycle-start id="283" type="scavenge" contextid="0" timestamp="2019-06-16T17:37:38.986" intervalms="392.559" />
<gc-start id="284" type="scavenge" contextid="283" timestamp="2019-06-16T17:37:38.986">
  <mem-info id="285" free="2463144" total="8388608" percent="29">
    <mem type="nursery" free="0" total="2097152" percent="0">
      <mem type="allocate" free="0" total="1572864" percent="0" />
      <mem type="survivor" free="0" total="524288" percent="0" />
    </mem>
    <mem type="tenure" free="2463144" total="6291456" percent="39">
      <mem type="soa" free="2148776" total="5977088" percent="35" />
      <mem type="loa" free="314368" total="314368" percent="100" />
    </mem>
    <remembered-set count="108" />
  </mem-info>
</gc-start>
<allocation-stats totalBytes="1180832" >
  <allocated-bytes non-tlh="32" tlh="1180800" />
  <largest-consumer threadName="node-0" threadId="0000000002380D00" bytes="409528" />
</allocation-stats>
<gc-op id="286" type="scavenge" timems="1.507" contextid="283" timestamp="2019-06-16T17:37:38.987">
  <scavenger-info tenureage="1" tenuremask="7ffe" tiltratio="75" />
  <memory-copied type="nursery" objects="12852" bytes="308328" bytesdiscarded="44184" />
  <memory-copied type="tenure" objects="13086" bytes="314064" bytesdiscarded="0" />
</gc-op>
<gc-end id="287" type="scavenge" contextid="283" durationms="1.740" usertimems="4.000" systemtimems="0.000" timestamp="2019-06-16T17:37:38.987" activeThreads="4">
  <mem-info id="288" free="3370152" total="8388608" percent="40">
    <mem type="nursery" free="1220352" total="2097152" percent="58">
      <mem type="allocate" free="1220352" total="1572864" percent="77" />
      <mem type="survivor" free="0" total="524288" percent="0" />
    </mem>
    <mem type="tenure" free="2149800" total="6291456" percent="34">
      <mem type="soa" free="1835432" total="5977088" percent="30" />
      <mem type="loa" free="314368" total="314368" percent="100" />
    </mem>
    <remembered-set count="96" />
  </mem-info>
</gc-end>
<cycle-end id="289" type="scavenge" contextid="283" timestamp="2019-06-16T17:37:38.987" />
  <attribute name="elasticGC enabled" value="1" />
  <attribute name= "numThreadsSpecified" value="4" />
  <attribute name="heapSize specified" value="8388608" />
  <attribute name="Current GC Util" value="0" />
  <attribute name= "Current Time Running" value="4343" />
  <attribute name ="GC Interval" value="200" />
  <attribute name="ProportionalT" value="-20.000000" />
  <attribute name="ProportionalI" value="-20.000000" />
  <attribute name="ProportionalH" value="-20.000000" />
  <attribute name="Current Error" value="-20.000000" />
  <attribute name="IntegralT" value="-7860.000000" />
  <attribute name="IntegralI" value="-7860.000000" />
  <attribute name="IntegralH" value="-7860.000000" />
  <attribute name="DerivativeT" value="-0.025445" />
  <attribute name="DerivativeI" value="-0.025445" />
  <attribute name="DerivativeH" value="-0.025445" />
  <attribute name="Loop Time for DT" value="393.000000" />
  <attribute name="Output H" value="2092630016"/>
  <attribute name="Output I" value="200"/>
  <attribute name="Output T" value="4"/>
  <attribute name="Target GC Util Change" value ="20.000000" />
  <attribute name="Current GC Util Change" value="0.000000"/>
  <attribute name="GC Util currently" value="0" />
  <attribute name="CPU Util currently" value="6" />
<allocation-satisfied id="290" threadId="000000000237D100" bytesRequested="32" />
<af-end id="291" timestamp="2019-06-16T17:37:38.988" threadId="000000000237DA88" success="true" from="nursery"/>
<exclusive-end id="292" timestamp="2019-06-16T17:37:38.988" durationms="2.350" />

<exclusive-start id="293" timestamp="2019-06-16T17:37:39.382" intervalms="396.397">
  <response-info timems="0.026" idlems="0.026" threads="0" lastid="000000000237D100" lastname="node-2" />
</exclusive-start>
<af-start id="294" threadId="000000000237DA88" totalBytesRequested="376" timestamp="2019-06-16T17:37:39.382" intervalms="396.394" type="nursery" />
<cycle-start id="295" type="scavenge" contextid="0" timestamp="2019-06-16T17:37:39.382" intervalms="396.396" />
<gc-start id="296" type="scavenge" contextid="295" timestamp="2019-06-16T17:37:39.382">
  <mem-info id="297" free="2149800" total="8388608" percent="25">
    <mem type="nursery" free="0" total="2097152" percent="0">
      <mem type="allocate" free="0" total="1572864" percent="0" />
      <mem type="survivor" free="0" total="524288" percent="0" />
    </mem>
    <mem type="tenure" free="2149800" total="6291456" percent="34">
      <mem type="soa" free="1835432" total="5977088" percent="30" />
      <mem type="loa" free="314368" total="314368" percent="100" />
    </mem>
    <remembered-set count="108" />
  </mem-info>
</gc-start>
<allocation-stats totalBytes="1219864" >
  <allocated-bytes non-tlh="32" tlh="1219832" />
  <largest-consumer threadName="node-1" threadId="0000000002379500" bytes="409536" />
</allocation-stats>
<gc-op id="298" type="scavenge" timems="1.503" contextid="295" timestamp="2019-06-16T17:37:39.384">
  <scavenger-info tenureage="1" tenuremask="7ffe" tiltratio="75" />
  <memory-copied type="nursery" objects="13099" bytes="315344" bytesdiscarded="76336" />
  <memory-copied type="tenure" objects="12837" bytes="308088" bytesdiscarded="0" />
</gc-op>
<gc-end id="299" type="scavenge" contextid="295" durationms="1.686" usertimems="0.000" systemtimems="0.000" timestamp="2019-06-16T17:37:39.384" activeThreads="4">
  <mem-info id="300" free="3083176" total="8388608" percent="36">
    <mem type="nursery" free="1246720" total="2097152" percent="59">
      <mem type="allocate" free="1246720" total="1638400" percent="76" />
      <mem type="survivor" free="0" total="458752" percent="0" />
    </mem>
    <mem type="tenure" free="1836456" total="6291456" percent="29">
      <mem type="soa" free="1522088" total="5977088" percent="25" />
      <mem type="loa" free="314368" total="314368" percent="100" />
    </mem>
    <remembered-set count="99" />
  </mem-info>
</gc-end>
<cycle-end id="301" type="scavenge" contextid="295" timestamp="2019-06-16T17:37:39.384" />
  <attribute name="elasticGC enabled" value="1" />
  <attribute name= "numThreadsSpecified" value="4" />
  <attribute name="heapSize specified" value="8388608" />
  <attribute name="Current GC Util" value="0" />
  <attribute name= "Current Time Running" value="4739" />
  <attribute name ="GC Interval" value="200" />
  <attribute name="ProportionalT" value="-20.000000" />
  <attribute name="ProportionalI" value="-20.000000" />
  <attribute name="ProportionalH" value="-20.000000" />
  <attribute name="Current Error" value="-20.000000" />
  <attribute name="IntegralT" value="-7920.000000" />
  <attribute name="IntegralI" value="-7920.000000" />
  <attribute name="IntegralH" value="-7920.000000" />
  <attribute name="DerivativeT" value="-0.025253" />
  <attribute name="DerivativeI" value="-0.025253" />
  <attribute name="DerivativeH" value="-0.025253" />
  <attribute name="Loop Time for DT" value="396.000000" />
  <attribute name="Output H" value="2092630016"/>
  <attribute name="Output I" value="200"/>
  <attribute name="Output T" value="4"/>
  <attribute name="Target GC Util Change" value ="20.000000" />
  <attribute name="Current GC Util Change" value="0.000000"/>
  <attribute name="GC Util currently" value="0" />
  <attribute name="CPU Util currently" value="4" />
<allocation-satisfied id="302" threadId="000000000237D100" bytesRequested="376" />
<af-end id="303" timestamp="2019-06-16T17:37:39.384" threadId="000000000237DA88" success="true" from="nursery"/>
<exclusive-end id="304" timestamp="2019-06-16T17:37:39.384" durationms="2.215" />

<exclusive-start id="305" timestamp="2019-06-16T17:37:39.753" intervalms="370.922">
  <response-info timems="0.027" idlems="0.027" threads="0" lastid="0000000002380D00" lastname="node-0" />
</exclusive-start>
<af-start id="306" threadId="0000000002381688" totalBytesRequested="32" timestamp="2019-06-16T17:37:39.753" intervalms="370.915" type="nursery" />
<cycle-start id="307" type="scavenge" contextid="0" timestamp="2019-06-16T17:37:39.753" intervalms="370.909" />
<gc-start id="308" type="scavenge" contextid="307" timestamp="2019-06-16T17:37:39.753">
  <mem-info id="309" free="1836456" total="8388608" percent="21">
    <mem type="nursery" free="0" total="2097152" percent="0">
      <mem type="allocate" free="0" total="1638400" percent="0" />
      <mem type="survivor" free="0" total="458752" percent="0" />
    </mem>
    <mem type="tenure" free="1836456" total="6291456" percent="29">
      <mem type="soa" free="1522088" total="5977088" percent="25" />
      <mem type="loa" free="314368" total="314368" percent="100" />
    </mem>
    <remembered-set count="108" />
  </mem-info>
</gc-start>
<allocation-stats totalBytes="1246376" >
  <allocated-bytes non-tlh="376" tlh="1246000" />
  <largest-consumer threadName="node-2" threadId="000000000237D100" bytes="427344" />
</allocation-stats>
<gc-op id="310" type="scavenge" timems="1.484" contextid="307" timestamp="2019-06-16T17:37:39.755">
  <scavenger-info tenureage="1" tenuremask="7ffe" tiltratio="78" />
  <memory-copied type="nursery" objects="13277" bytes="318920" bytesdiscarded="72760" />
  <memory-copied type="tenure" objects="13077" bytes="313848" bytesdiscarded="0" />
</gc-op>
<gc-end id="311" type="scavenge" contextid="307" durationms="1.668" usertimems="0.000" systemtimems="0.000" timestamp="2019-06-16T17:37:39.755" activeThreads="4">
  <mem-info id="312" free="2769832" total="8388608" percent="33">
    <mem type="nursery" free="1246720" total="2097152" percent="59">
      <mem type="allocate" free="1246720" total="1638400" percent="76" />
      <mem type="survivor" free="0" total="458752" percent="0" />
    </mem>
    <mem type="tenure" free="1523112" total="6291456" percent="24">
      <mem type="soa" free="1208744" total="5977088" percent="20" />
      <mem type="loa" free="314368" total="314368" percent="100" />
    </mem>
    <remembered-set count="100" />
  </mem-info>
</gc-end>
<cycle-end id="313" type="scavenge" contextid="307" timestamp="2019-06-16T17:37:39.755" />
  <attribute name="elasticGC enabled" value="1" />
  <attribute name= "numThreadsSpecified" value="4" />
  <attribute name="heapSize specified" value="8388608" />
  <attribute name="Current GC Util" value="0" />
  <attribute name= "Current Time Running" value="5110" />
  <attribute name ="GC Interval" value="200" />
  <attribute name="ProportionalT" value="-20.000000" />
  <attribute name="ProportionalI" value="-20.000000" />
  <attribute name="ProportionalH" value="-20.000000" />
  <attribute name="Current Error" value="-20.000000" />
  <attribute name="IntegralT" value="-7420.000000" />
  <attribute name="IntegralI" value="-7420.000000" />
  <attribute name="IntegralH" value="-7420.000000" />
  <attribute name="DerivativeT" value="-0.026954" />
  <attribute name="DerivativeI" value="-0.026954" />
  <attribute name="DerivativeH" value="-0.026954" />
  <attribute name="Loop Time for DT" value="371.000000" />
  <attribute name="Output H" value="2092630016"/>
  <attribute name="Output I" value="200"/>
  <attribute name="Output T" value="4"/>
  <attribute name="Target GC Util Change" value ="20.000000" />
  <attribute name="Current GC Util Change" value="0.000000"/>
  <attribute name="GC Util currently" value="0" />
  <attribute name="CPU Util currently" value="4" />
<allocation-satisfied id="314" threadId="0000000002380D00" bytesRequested="32" />
<af-end id="315" timestamp="2019-06-16T17:37:39.755" threadId="0000000002381688" success="true" from="nursery"/>
<exclusive-end id="316" timestamp="2019-06-16T17:37:39.755" durationms="2.254" />

<exclusive-start id="317" timestamp="2019-06-16T17:37:40.147" intervalms="394.225">
  <response-info timems="0.026" idlems="0.026" threads="0" lastid="000000000237D100" lastname="node-2" />
</exclusive-start>
<af-start id="318" threadId="000000000237DA88" totalBytesRequested="368" timestamp="2019-06-16T17:37:40.147" intervalms="394.227" type="nursery" />
<cycle-start id="319" type="scavenge" contextid="0" timestamp="2019-06-16T17:37:40.147" intervalms="394.232" />
<gc-start id="320" type="scavenge" contextid="319" timestamp="2019-06-16T17:37:40.147">
  <mem-info id="321" free="1523112" total="8388608" percent="18">
    <mem type="nursery" free="0" total="2097152" percent="0">
      <mem type="allocate" free="0" total="1638400" percent="0" />
      <mem type="survivor" free="0" total="458752" percent="0" />
    </mem>
    <mem type="tenure" free="1523112" total="6291456" percent="24">
      <mem type="soa" free="1208744" total="5977088" percent="20" />
      <mem type="loa" free="314368" total="314368" percent="100" />
    </mem>
    <remembered-set count="109" />
  </mem-info>
</gc-start>
<allocation-stats totalBytes="1246072" >
  <allocated-bytes non-tlh="32" tlh="1246040" />
  <largest-consumer threadName="node-0" threadId="0000000002380D00" bytes="427440" />
</allocation-stats>
<gc-op id="322" type="scavenge" timems="1.546" contextid="319" timestamp="2019-06-16T17:37:40.149">
  <scavenger-info tenureage="1" tenuremask="7ffe" tiltratio="78" />
  <memory-copied type="nursery" objects="13617" bytes="326968" bytesdiscarded="64712" />
  <memory-copied type="tenure" objects="13255" bytes="318120" bytesdiscarded="0" />
</gc-op>
<gc-end id="323" type="scavenge" contextid="319" durationms="1.727" usertimems="4.000" systemtimems="0.000" timestamp="2019-06-16T17:37:40.149" activeThreads="4">
  <mem-info id="324" free="2456488" total="8388608" percent="29">
    <mem type="nursery" free="1246720" total="2097152" percent="59">
      <mem type="allocate" free="1246720" total="1638400" percent="76" />
      <mem type="survivor" free="0" total="458752" percent="0" />
    </mem>
    <mem type="tenure" free="1209768" total="6291456" percent="19">
      <mem type="soa" free="895400" total="5977088" percent="14" />
      <mem type="loa" free="314368" total="314368" percent="100" />
    </mem>
    <remembered-set count="100" />
  </mem-info>
</gc-end>
<cycle-end id="325" type="scavenge" contextid="319" timestamp="2019-06-16T17:37:40.149" />
  <attribute name="elasticGC enabled" value="1" />
  <attribute name= "numThreadsSpecified" value="4" />
  <attribute name="heapSize specified" value="8388608" />
  <attribute name="Current GC Util" value="0" />
  <attribute name= "Current Time Running" value="5504" />
  <attribute name ="GC Interval" value="200" />
  <attribute name="ProportionalT" value="-20.000000" />
  <attribute name="ProportionalI" value="-20.000000" />
  <attribute name="ProportionalH" value="-20.000000" />
  <attribute name="Current Error" value="-20.000000" />
  <attribute name="IntegralT" value="-7880.000000" />
  <attribute name="IntegralI" value="-7880.000000" />
  <attribute name="IntegralH" value="-7880.000000" />
  <attribute name="DerivativeT" value="-0.025381" />
  <attribute name="DerivativeI" value="-0.025381" />
  <attribute name="DerivativeH" value="-0.025381" />
  <attribute name="Loop Time for DT" value="394.000000" />
  <attribute name="Output H" value="2092630016"/>
  <attribute name="Output I" value="200"/>
  <attribute name="Output T" value="4"/>
  <attribute name="Target GC Util Change" value ="20.000000" />
  <attribute name="Current GC Util Change" value="0.000000"/>
  <attribute name="GC Util currently" value="0" />
  <attribute name="CPU Util currently" value="4" />
<allocation-satisfied id="326" threadId="000000000237D100" bytesRequested="368" />
<af-end id="327" timestamp="2019-06-16T17:37:40.149" threadId="000000000237DA88" success="true" from="nursery"/>
<exclusive-end id="328" timestamp="2019-06-16T17:37:40.149" durationms="2.239" />

<exclusive-start id="329" timestamp="2019-06-16T17:37:40.691" intervalms="543.930">
  <response-info timems="0.027" idlems="0.027" threads="0" lastid="0000000002380D00" lastname="node-0" />
</exclusive-start>
<af-start id="330" threadId="0000000002381688" totalBytesRequested="32" timestamp="2019-06-16T17:37:40.691" intervalms="543.934" type="nursery" />
<cycle-start id="331" type="scavenge" contextid="0" timestamp="2019-06-16T17:37:40.691" intervalms="543.923" />
<gc-start id="332" type="scavenge" contextid="331" timestamp="2019-06-16T17:37:40.691">
  <mem-info id="333" free="1209768" total="8388608" percent="14">
    <mem type="nursery" free="0" total="2097152" percent="0">
      <mem type="allocate" free="0" total="1638400" percent="0" />
      <mem type="survivor" free="0" total="458752" percent="0" />
    </mem>
    <mem type="tenure" free="1209768" total="6291456" percent="19">
      <mem type="soa" free="895400" total="5977088" percent="14" />
      <mem type="loa" free="314368" total="314368" percent="100" />
    </mem>
    <remembered-set count="110" />
  </mem-info>
</gc-start>
<allocation-stats totalBytes="1245632" >
  <allocated-bytes non-tlh="368" tlh="1245264" />
  <largest-consumer threadName="node-1" threadId="0000000002379500" bytes="427032" />
</allocation-stats>
<gc-op id="334" type="scavenge" timems="1.568" contextid="331" timestamp="2019-06-16T17:37:40.693">
  <scavenger-info tenureage="1" tenuremask="7ffe" tiltratio="78" />
  <memory-copied type="nursery" objects="13298" bytes="319032" bytesdiscarded="33480" />
  <memory-copied type="tenure" objects="13597" bytes="326328" bytesdiscarded="0" />
</gc-op>
<gc-end id="335" type="scavenge" contextid="331" durationms="1.750" usertimems="0.000" systemtimems="0.000" timestamp="2019-06-16T17:37:40.693" activeThreads="4">
  <mem-info id="336" free="2143144" total="8388608" percent="25">
    <mem type="nursery" free="1285888" total="2097152" percent="61">
      <mem type="allocate" free="1285888" total="1638400" percent="78" />
      <mem type="survivor" free="0" total="458752" percent="0" />
    </mem>
    <mem type="tenure" free="857256" total="6291456" percent="13">
      <mem type="soa" free="542888" total="5977088" percent="9" />
      <mem type="loa" free="314368" total="314368" percent="100" />
    </mem>
    <remembered-set count="97" />
  </mem-info>
</gc-end>
<cycle-end id="337" type="scavenge" contextid="331" timestamp="2019-06-16T17:37:40.693" />
  <attribute name="elasticGC enabled" value="1" />
  <attribute name= "numThreadsSpecified" value="4" />
  <attribute name="heapSize specified" value="8388608" />
  <attribute name="Current GC Util" value="0" />
  <attribute name= "Current Time Running" value="6048" />
  <attribute name ="GC Interval" value="200" />
  <attribute name="ProportionalT" value="-20.000000" />
  <attribute name="ProportionalI" value="-20.000000" />
  <attribute name="ProportionalH" value="-20.000000" />
  <attribute name="Current Error" value="-20.000000" />
  <attribute name="IntegralT" value="-10880.000000" />
  <attribute name="IntegralI" value="-10880.000000" />
  <attribute name="IntegralH" value="-10880.000000" />
  <attribute name="DerivativeT" value="-0.018382" />
  <attribute name="DerivativeI" value="-0.018382" />
  <attribute name="DerivativeH" value="-0.018382" />
  <attribute name="Loop Time for DT" value="544.000000" />
  <attribute name="Output H" value="2092630016"/>
  <attribute name="Output I" value="200"/>
  <attribute name="Output T" value="4"/>
  <attribute name="Target GC Util Change" value ="20.000000" />
  <attribute name="Current GC Util Change" value="0.000000"/>
  <attribute name="GC Util currently" value="0" />
  <attribute name="CPU Util currently" value="5" />
<allocation-satisfied id="338" threadId="0000000002380D00" bytesRequested="32" />
<af-end id="339" timestamp="2019-06-16T17:37:40.693" threadId="0000000002381688" success="true" from="nursery"/>
<exclusive-end id="340" timestamp="2019-06-16T17:37:40.693" durationms="2.329" />

<concurrent-kickoff id="341" timestamp="2019-06-16T17:37:40.964">
  <kickoff reason="threshold reached" targetBytes="1867303" thresholdFreeBytes="258006"  remainingFree="253664" tenureFreeBytes="857256" nurseryFreeBytes="253664" />
</concurrent-kickoff>
<exclusive-start id="342" timestamp="2019-06-16T17:37:40.964" intervalms="273.065">
  <response-info timems="0.023" idlems="0.023" threads="0" lastid="000000000237D100" lastname="node-2" />
</exclusive-start>
<cycle-start id="343" type="global" contextid="0" timestamp="2019-06-16T17:37:40.964" intervalms="5668.553" />
<exclusive-end id="344" timestamp="2019-06-16T17:37:40.964" durationms="0.150" />

<exclusive-start id="345" timestamp="2019-06-16T17:37:41.098" intervalms="134.334">
  <response-info timems="0.023" idlems="0.023" threads="0" lastid="000000000237D100" lastname="node-2" />
</exclusive-start>
<af-start id="346" threadId="000000000237DA88" totalBytesRequested="24" timestamp="2019-06-16T17:37:41.098" intervalms="407.382" type="nursery" />
<cycle-start id="347" type="scavenge" contextid="0" timestamp="2019-06-16T17:37:41.098" intervalms="407.378" />
<gc-start id="348" type="scavenge" contextid="347" timestamp="2019-06-16T17:37:41.098">
  <mem-info id="349" free="857256" total="8388608" percent="10">
    <mem type="nursery" free="0" total="2097152" percent="0">
      <mem type="allocate" free="0" total="1638400" percent="0" />
      <mem type="survivor" free="0" total="458752" percent="0" />
    </mem>
    <mem type="tenure" free="857256" total="6291456" percent="13">
      <mem type="soa" free="542888" total="5977088" percent="9" />
      <mem type="loa" free="314368" total="314368" percent="100" />
    </mem>
    <remembered-set count="109" />
  </mem-info>
</gc-start>
<allocation-stats totalBytes="1285688" >
  <allocated-bytes non-tlh="32" tlh="1285656" />
  <largest-consumer threadName="node-0" threadId="0000000002380D00" bytes="466624" />
</allocation-stats>
<gc-op id="350" type="scavenge" timems="3.021" contextid="347" timestamp="2019-06-16T17:37:41.102">
  <scavenger-info tenureage="1" tenuremask="7ffe" tiltratio="78" />
  <memory-copied type="nursery" objects="13553" bytes="325152" bytesdiscarded="108000" />
  <memory-copied type="tenure" objects="13283" bytes="318792" bytesdiscarded="0" />
</gc-op>
<gc-end id="351" type="scavenge" contextid="347" durationms="3.366" usertimems="0.000" systemtimems="0.000" timestamp="2019-06-16T17:37:41.102" activeThreads="4">
  <mem-info id="352" free="1682344" total="8388608" percent="20">
    <mem type="nursery" free="1205248" total="2097152" percent="57">
      <mem type="allocate" free="1205248" total="1638400" percent="73" />
      <mem type="survivor" free="0" total="458752" percent="0" />
    </mem>
    <mem type="tenure" free="477096" total="6291456" percent="7">
      <mem type="soa" free="162728" total="5977088" percent="2" />
      <mem type="loa" free="314368" total="314368" percent="100" />
    </mem>
    <remembered-set count="96" />
  </mem-info>
</gc-end>
<cycle-end id="353" type="scavenge" contextid="347" timestamp="2019-06-16T17:37:41.102" />
  <attribute name="elasticGC enabled" value="1" />
  <attribute name= "numThreadsSpecified" value="4" />
  <attribute name="heapSize specified" value="8388608" />
  <attribute name="Current GC Util" value="0" />
  <attribute name= "Current Time Running" value="6455" />
  <attribute name ="GC Interval" value="200" />
  <attribute name="ProportionalT" value="-20.000000" />
  <attribute name="ProportionalI" value="-20.000000" />
  <attribute name="ProportionalH" value="-20.000000" />
  <attribute name="Current Error" value="-20.000000" />
  <attribute name="IntegralT" value="-8140.000000" />
  <attribute name="IntegralI" value="-8140.000000" />
  <attribute name="IntegralH" value="-8140.000000" />
  <attribute name="DerivativeT" value="-0.024570" />
  <attribute name="DerivativeI" value="-0.024570" />
  <attribute name="DerivativeH" value="-0.024570" />
  <attribute name="Loop Time for DT" value="407.000000" />
  <attribute name="Output H" value="2092630016"/>
  <attribute name="Output I" value="200"/>
  <attribute name="Output T" value="4"/>
  <attribute name="Target GC Util Change" value ="20.000000" />
  <attribute name="Current GC Util Change" value="0.000000"/>
  <attribute name="GC Util currently" value="0" />
  <attribute name="CPU Util currently" value="4" />
<allocation-satisfied id="354" threadId="000000000237D100" bytesRequested="24" />
<af-end id="355" timestamp="2019-06-16T17:37:41.102" threadId="000000000237DA88" success="true" from="nursery"/>
<exclusive-end id="356" timestamp="2019-06-16T17:37:41.102" durationms="4.056" />

<exclusive-start id="357" timestamp="2019-06-16T17:37:41.103" intervalms="4.425">
  <response-info timems="0.020" idlems="0.020" threads="0" lastid="0000000002380D00" lastname="node-0" />
</exclusive-start>
<concurrent-collection-start id="358" timestamp="2019-06-16T17:37:41.103" intervalms="6597.913" >
  <concurrent-trace-info reason="card cleaning threshold reached" tracedByMutators="455152" tracedByHelpers="802220" cardsCleaned="34" workStackOverflowCount="0" />
</concurrent-collection-start>
<gc-start id="359" type="global" contextid="343" timestamp="2019-06-16T17:37:41.103">
  <mem-info id="360" free="1608592" total="8388608" percent="19">
    <mem type="nursery" free="1131496" total="2097152" percent="53">
      <mem type="allocate" free="1131496" total="1638400" percent="69" />
      <mem type="survivor" free="0" total="458752" percent="0" />
    </mem>
    <mem type="tenure" free="477096" total="6291456" percent="7">
      <mem type="soa" free="162728" total="5977088" percent="2" />
      <mem type="loa" free="314368" total="314368" percent="100" />
    </mem>
    <remembered-set count="97" />
  </mem-info>
</gc-start>
<allocation-stats totalBytes="73752" >
  <allocated-bytes non-tlh="24" tlh="73728" />
  <largest-consumer threadName="node-2" threadId="000000000237D100" bytes="36888" />
</allocation-stats>
<gc-op id="361" type="rs-scan" timems="0.222" contextid="343" timestamp="2019-06-16T17:37:41.103">
  <scan objectsFound="58" bytesTraced="4592" workStackOverflowCount="0" />
</gc-op>
<gc-op id="362" type="card-cleaning" timems="0.103" contextid="343" timestamp="2019-06-16T17:37:41.103">
  <card-cleaning cardsCleaned="3" bytesTraced="1720" workStackOverflowCount="0" />
</gc-op>
<gc-op id="363" type="mark" timems="0.495" contextid="343" timestamp="2019-06-16T17:37:41.104">
  <trace-info objectcount="228" scancount="187" scanbytes="5024" />
  <finalization candidates="13" enqueued="0" />
  <references type="soft" candidates="66" cleared="0" enqueued="0" dynamicThreshold="28" maxThreshold="32" />
  <references type="weak" candidates="130" cleared="0" enqueued="0" />
  <references type="phantom" candidates="33" cleared="2" enqueued="2" />
  <stringconstants candidates="3831" cleared="0"  />
</gc-op>
<gc-op id="364" type="sweep" timems="0.179" contextid="343" timestamp="2019-06-16T17:37:41.104" />
<mem-info id="365" free="5927776" total="8388608" percent="70">
  <mem type="nursery" free="1637976" total="2097152" percent="78">
    <mem type="allocate" free="1637976" total="1638400" percent="99" />
    <mem type="survivor" free="0" total="458752" percent="0" />
  </mem>
  <mem type="tenure" free="4289800" total="6291456" percent="68" micro-fragmented="0" macro-fragmented="0">
    <mem type="soa" free="3975432" total="5977088" percent="66" />
    <mem type="loa" free="314368" total="314368" percent="100" />
  </mem>
  <pending-finalizers system="0" default="0" reference="2" classloader="0" />
  <remembered-set count="96" />
</mem-info>
<gc-op id="366" type="compact" timems="9.751" contextid="343" timestamp="2019-06-16T17:37:41.114">
  <compact-info movecount="24227" movebytes="1285296" reason="compact to aid heap contraction" />
</gc-op>
<heap-resize id="367" type="expand" space="tenure" amount="2084241408" count="1" timems="0.022" reason="satisfy allocation request" timestamp="2019-06-16T17:37:41.114" />
<gc-end id="368" type="global" contextid="343" durationms="11.649" usertimems="8.000" systemtimems="4.000" timestamp="2019-06-16T17:37:41.115" activeThreads="4">
  <mem-info id="369" free="2090169840" total="2092630016" percent="99">
    <mem type="nursery" free="1638008" total="2097152" percent="78">
      <mem type="allocate" free="1638008" total="1638400" percent="99" />
      <mem type="survivor" free="0" total="458752" percent="0" />
    </mem>
    <mem type="tenure" free="2088531832" total="2090532864" percent="99">
      <mem type="soa" free="1984006008" total="1986007040" percent="99" />
      <mem type="loa" free="104525824" total="104525824" percent="100" />
    </mem>
    <pending-finalizers system="0" default="0" reference="2" classloader="0" />
    <remembered-set count="96" />
  </mem-info>
</gc-end>
<cycle-end id="370" type="global" contextid="343" timestamp="2019-06-16T17:37:41.115" />
  <attribute name="elasticGC enabled" value="1" />
  <attribute name= "numThreadsSpecified" value="4" />
  <attribute name="heapSize specified" value="8388608" />
  <attribute name="Current GC Util" value="9" />
  <attribute name= "Current Time Running" value="6471" />
  <attribute name ="GC Interval" value="200" />
  <attribute name="ProportionalT" value="-11.000000" />
  <attribute name="ProportionalI" value="-11.000000" />
  <attribute name="ProportionalH" value="-11.000000" />
  <attribute name="Current Error" value="-11.000000" />
  <attribute name="IntegralT" value="-110.000000" />
  <attribute name="IntegralI" value="-110.000000" />
  <attribute name="IntegralH" value="-110.000000" />
  <attribute name="DerivativeT" value="-0.550000" />
  <attribute name="DerivativeI" value="-0.550000" />
  <attribute name="DerivativeH" value="-0.550000" />
  <attribute name="Loop Time for DT" value="10.000000" />
  <attribute name="Output H" value="2092630016"/>
  <attribute name="Output I" value="200"/>
  <attribute name="Output T" value="4"/>
  <attribute name="Target GC Util Change" value ="20.000000" />
  <attribute name="Current GC Util Change" value="9.000000"/>
  <attribute name="GC Util currently" value="9" />
  <attribute name="CPU Util currently" value="467087109138" />
<concurrent-collection-end id="371" timestamp="2019-06-16T17:37:41.115" />
<exclusive-end id="372" timestamp="2019-06-16T17:37:41.115" durationms="12.205" />

<exclusive-start id="373" timestamp="2019-06-16T17:37:41.648" intervalms="545.419">
  <response-info timems="0.027" idlems="0.027" threads="0" lastid="0000000002379500" lastname="node-1" />
</exclusive-start>
<af-start id="374" threadId="0000000002379E88" totalBytesRequested="48" timestamp="2019-06-16T17:37:41.648" intervalms="549.852" type="nursery" />
<cycle-start id="375" type="scavenge" contextid="0" timestamp="2019-06-16T17:37:41.648" intervalms="549.867" />
<gc-start id="376" type="scavenge" contextid="375" timestamp="2019-06-16T17:37:41.648">
  <mem-info id="377" free="2088531832" total="2092630016" percent="99">
    <mem type="nursery" free="0" total="2097152" percent="0">
      <mem type="allocate" free="0" total="1638400" percent="0" />
      <mem type="survivor" free="0" total="458752" percent="0" />
    </mem>
    <mem type="tenure" free="2088531832" total="2090532864" percent="99">
      <mem type="soa" free="1984006008" total="1986007040" percent="99" />
      <mem type="loa" free="104525824" total="104525824" percent="100" />
    </mem>
    <remembered-set count="109" />
  </mem-info>
</gc-start>
<allocation-stats totalBytes="1637376" >
  <allocated-bytes non-tlh="0" tlh="1637376" />
  <largest-consumer threadName="node-0" threadId="0000000002380D00" bytes="585624" />
</allocation-stats>
<gc-op id="378" type="scavenge" timems="0.188" contextid="375" timestamp="2019-06-16T17:37:41.649">
  <scavenger-info tenureage="1" tenuremask="7ffe" tiltratio="78" />
  <memory-copied type="nursery" objects="28" bytes="1392" bytesdiscarded="76944" />
</gc-op>
<gc-end id="379" type="scavenge" contextid="375" durationms="0.381" usertimems="0.000" systemtimems="0.000" timestamp="2019-06-16T17:37:41.649" activeThreads="4">
  <mem-info id="380" free="2090157432" total="2092630016" percent="99">
    <mem type="nursery" free="1625600" total="2097152" percent="77">
      <mem type="allocate" free="1625600" total="1703936" percent="95" />
      <mem type="survivor" free="0" total="393216" percent="0" />
    </mem>
    <mem type="tenure" free="2088531832" total="2090532864" percent="99">
      <mem type="soa" free="1984006008" total="1986007040" percent="99" />
      <mem type="loa" free="104525824" total="104525824" percent="100" />
    </mem>
    <remembered-set count="100" />
  </mem-info>
</gc-end>
<cycle-end id="381" type="scavenge" contextid="375" timestamp="2019-06-16T17:37:41.649" />
  <attribute name="elasticGC enabled" value="1" />
  <attribute name= "numThreadsSpecified" value="4" />
  <attribute name="heapSize specified" value="8388608" />
  <attribute name="Current GC Util" value="1" />
  <attribute name= "Current Time Running" value="7005" />
  <attribute name ="GC Interval" value="200" />
  <attribute name="ProportionalT" value="-19.000000" />
  <attribute name="ProportionalI" value="-19.000000" />
  <attribute name="ProportionalH" value="-19.000000" />
  <attribute name="Current Error" value="-19.000000" />
  <attribute name="IntegralT" value="-10146.000000" />
  <attribute name="IntegralI" value="-10146.000000" />
  <attribute name="IntegralH" value="-10146.000000" />
  <attribute name="DerivativeT" value="-0.017790" />
  <attribute name="DerivativeI" value="-0.017790" />
  <attribute name="DerivativeH" value="-0.017790" />
  <attribute name="Loop Time for DT" value="534.000000" />
  <attribute name="Output H" value="2092630016"/>
  <attribute name="Output I" value="200"/>
  <attribute name="Output T" value="4"/>
  <attribute name="Target GC Util Change" value ="20.000000" />
  <attribute name="Current GC Util Change" value="1.000000"/>
  <attribute name="GC Util currently" value="1" />
  <attribute name="CPU Util currently" value="4" />
<allocation-satisfied id="382" threadId="0000000002379500" bytesRequested="48" />
<af-end id="383" timestamp="2019-06-16T17:37:41.649" threadId="0000000002379E88" success="true" from="nursery"/>
<exclusive-end id="384" timestamp="2019-06-16T17:37:41.649" durationms="0.856" />

<exclusive-start id="385" timestamp="2019-06-16T17:37:42.158" intervalms="510.074">
  <response-info timems="0.029" idlems="0.029" threads="0" lastid="0000000002380D00" lastname="node-0" />
</exclusive-start>
<af-start id="386" threadId="0000000002381688" totalBytesRequested="24" timestamp="2019-06-16T17:37:42.158" intervalms="510.075" type="nursery" />
<cycle-start id="387" type="scavenge" contextid="0" timestamp="2019-06-16T17:37:42.158" intervalms="510.063" />
<gc-start id="388" type="scavenge" contextid="387" timestamp="2019-06-16T17:37:42.158">
  <mem-info id="389" free="2088531832" total="2092630016" percent="99">
    <mem type="nursery" free="0" total="2097152" percent="0">
      <mem type="allocate" free="0" total="1703936" percent="0" />
      <mem type="survivor" free="0" total="393216" percent="0" />
    </mem>
    <mem type="tenure" free="2088531832" total="2090532864" percent="99">
      <mem type="soa" free="1984006008" total="1986007040" percent="99" />
      <mem type="loa" free="104525824" total="104525824" percent="100" />
    </mem>
    <remembered-set count="109" />
  </mem-info>
</gc-start>
<allocation-stats totalBytes="1625240" >
  <allocated-bytes non-tlh="48" tlh="1625192" />
  <largest-consumer threadName="node-0" threadId="0000000002380D00" bytes="552872" />
</allocation-stats>
<gc-op id="390" type="scavenge" timems="0.157" contextid="387" timestamp="2019-06-16T17:37:42.159">
  <scavenger-info tenureage="2" tenuremask="7ffc" tiltratio="81" />
  <memory-copied type="nursery" objects="18" bytes="312" bytesdiscarded="78024" />
</gc-op>
<gc-end id="391" type="scavenge" contextid="387" durationms="0.415" usertimems="0.000" systemtimems="0.000" timestamp="2019-06-16T17:37:42.159" activeThreads="4">
  <mem-info id="392" free="2090222968" total="2092630016" percent="99">
    <mem type="nursery" free="1691136" total="2097152" percent="80">
      <mem type="allocate" free="1691136" total="1769472" percent="95" />
      <mem type="survivor" free="0" total="327680" percent="0" />
    </mem>
    <mem type="tenure" free="2088531832" total="2090532864" percent="99">
      <mem type="soa" free="1984006008" total="1986007040" percent="99" />
      <mem type="loa" free="104525824" total="104525824" percent="100" />
    </mem>
    <remembered-set count="95" />
  </mem-info>
</gc-end>
<cycle-end id="393" type="scavenge" contextid="387" timestamp="2019-06-16T17:37:42.159" />
  <attribute name="elasticGC enabled" value="1" />
  <attribute name= "numThreadsSpecified" value="4" />
  <attribute name="heapSize specified" value="8388608" />
  <attribute name="Current GC Util" value="0" />
  <attribute name= "Current Time Running" value="7515" />
  <attribute name ="GC Interval" value="200" />
  <attribute name="ProportionalT" value="-20.000000" />
  <attribute name="ProportionalI" value="-20.000000" />
  <attribute name="ProportionalH" value="-20.000000" />
  <attribute name="Current Error" value="-20.000000" />
  <attribute name="IntegralT" value="-10200.000000" />
  <attribute name="IntegralI" value="-10200.000000" />
  <attribute name="IntegralH" value="-10200.000000" />
  <attribute name="DerivativeT" value="-0.019608" />
  <attribute name="DerivativeI" value="-0.019608" />
  <attribute name="DerivativeH" value="-0.019608" />
  <attribute name="Loop Time for DT" value="510.000000" />
  <attribute name="Output H" value="2092630016"/>
  <attribute name="Output I" value="200"/>
  <attribute name="Output T" value="4"/>
  <attribute name="Target GC Util Change" value ="20.000000" />
  <attribute name="Current GC Util Change" value="0.000000"/>
  <attribute name="GC Util currently" value="0" />
  <attribute name="CPU Util currently" value="7" />
<allocation-satisfied id="394" threadId="0000000002380D00" bytesRequested="24" />
<af-end id="395" timestamp="2019-06-16T17:37:42.159" threadId="0000000002381688" success="true" from="nursery"/>
<exclusive-end id="396" timestamp="2019-06-16T17:37:42.159" durationms="0.918" />

<exclusive-start id="397" timestamp="2019-06-16T17:37:42.663" intervalms="505.074">
  <response-info timems="0.028" idlems="0.028" threads="0" lastid="0000000002380D00" lastname="node-0" />
</exclusive-start>
<af-start id="398" threadId="0000000002381688" totalBytesRequested="24" timestamp="2019-06-16T17:37:42.663" intervalms="505.070" type="nursery" />
<cycle-start id="399" type="scavenge" contextid="0" timestamp="2019-06-16T17:37:42.663" intervalms="505.076" />
<gc-start id="400" type="scavenge" contextid="399" timestamp="2019-06-16T17:37:42.663">
  <mem-info id="401" free="2088531832" total="2092630016" percent="99">
    <mem type="nursery" free="0" total="2097152" percent="0">
      <mem type="allocate" free="0" total="1769472" percent="0" />
      <mem type="survivor" free="0" total="327680" percent="0" />
    </mem>
    <mem type="tenure" free="2088531832" total="2090532864" percent="99">
      <mem type="soa" free="1984006008" total="1986007040" percent="99" />
      <mem type="loa" free="104525824" total="104525824" percent="100" />
    </mem>
    <remembered-set count="107" />
  </mem-info>
</gc-start>
<allocation-stats totalBytes="1689616" >
  <allocated-bytes non-tlh="24" tlh="1689592" />
  <largest-consumer threadName="node-1" threadId="0000000002379500" bytes="593864" />
</allocation-stats>
<gc-op id="402" type="scavenge" timems="0.190" contextid="399" timestamp="2019-06-16T17:37:42.664">
  <scavenger-info tenureage="3" tenuremask="7ff8" tiltratio="84" />
  <memory-copied type="nursery" objects="20" bytes="360" bytesdiscarded="77976" />
</gc-op>
<gc-end id="403" type="scavenge" contextid="399" durationms="0.372" usertimems="0.000" systemtimems="0.000" timestamp="2019-06-16T17:37:42.664" activeThreads="4">
  <mem-info id="404" free="2090288504" total="2092630016" percent="99">
    <mem type="nursery" free="1756672" total="2097152" percent="83">
      <mem type="allocate" free="1756672" total="1835008" percent="95" />
      <mem type="survivor" free="0" total="262144" percent="0" />
    </mem>
    <mem type="tenure" free="2088531832" total="2090532864" percent="99">
      <mem type="soa" free="1984006008" total="1986007040" percent="99" />
      <mem type="loa" free="104525824" total="104525824" percent="100" />
    </mem>
    <remembered-set count="93" />
  </mem-info>
</gc-end>
<cycle-end id="405" type="scavenge" contextid="399" timestamp="2019-06-16T17:37:42.664" />
  <attribute name="elasticGC enabled" value="1" />
  <attribute name= "numThreadsSpecified" value="4" />
  <attribute name="heapSize specified" value="8388608" />
  <attribute name="Current GC Util" value="0" />
  <attribute name= "Current Time Running" value="8020" />
  <attribute name ="GC Interval" value="200" />
  <attribute name="ProportionalT" value="-20.000000" />
  <attribute name="ProportionalI" value="-20.000000" />
  <attribute name="ProportionalH" value="-20.000000" />
  <attribute name="Current Error" value="-20.000000" />
  <attribute name="IntegralT" value="-10100.000000" />
  <attribute name="IntegralI" value="-10100.000000" />
  <attribute name="IntegralH" value="-10100.000000" />
  <attribute name="DerivativeT" value="-0.019802" />
  <attribute name="DerivativeI" value="-0.019802" />
  <attribute name="DerivativeH" value="-0.019802" />
  <attribute name="Loop Time for DT" value="505.000000" />
  <attribute name="Output H" value="2092630016"/>
  <attribute name="Output I" value="200"/>
  <attribute name="Output T" value="4"/>
  <attribute name="Target GC Util Change" value ="20.000000" />
  <attribute name="Current GC Util Change" value="0.000000"/>
  <attribute name="GC Util currently" value="0" />
  <attribute name="CPU Util currently" value="6" />
<allocation-satisfied id="406" threadId="0000000002380D00" bytesRequested="24" />
<af-end id="407" timestamp="2019-06-16T17:37:42.664" threadId="0000000002381688" success="true" from="nursery"/>
<exclusive-end id="408" timestamp="2019-06-16T17:37:42.664" durationms="0.855" />

<exclusive-start id="409" timestamp="2019-06-16T17:37:43.197" intervalms="533.847">
  <response-info timems="0.025" idlems="0.025" threads="0" lastid="0000000002380D00" lastname="node-0" />
</exclusive-start>
<af-start id="410" threadId="0000000002381688" totalBytesRequested="720" timestamp="2019-06-16T17:37:43.197" intervalms="533.859" type="nursery" />
<cycle-start id="411" type="scavenge" contextid="0" timestamp="2019-06-16T17:37:43.197" intervalms="533.870" />
<gc-start id="412" type="scavenge" contextid="411" timestamp="2019-06-16T17:37:43.197">
  <mem-info id="413" free="2088531832" total="2092630016" percent="99">
    <mem type="nursery" free="0" total="2097152" percent="0">
      <mem type="allocate" free="0" total="1835008" percent="0" />
      <mem type="survivor" free="0" total="262144" percent="0" />
    </mem>
    <mem type="tenure" free="2088531832" total="2090532864" percent="99">
      <mem type="soa" free="1984006008" total="1986007040" percent="99" />
      <mem type="loa" free="104525824" total="104525824" percent="100" />
    </mem>
    <remembered-set count="105" />
  </mem-info>
</gc-start>
<allocation-stats totalBytes="1756104" >
  <allocated-bytes non-tlh="24" tlh="1756080" />
  <largest-consumer threadName="node-1" threadId="0000000002379500" bytes="593744" />
</allocation-stats>
<gc-op id="414" type="scavenge" timems="0.187" contextid="411" timestamp="2019-06-16T17:37:43.198">
  <scavenger-info tenureage="4" tenuremask="7ff0" tiltratio="87" />
  <memory-copied type="nursery" objects="30" bytes="1216" bytesdiscarded="77120" />
</gc-op>
<gc-end id="415" type="scavenge" contextid="411" durationms="0.379" usertimems="0.000" systemtimems="0.000" timestamp="2019-06-16T17:37:43.198" activeThreads="4">
  <mem-info id="416" free="2090288504" total="2092630016" percent="99">
    <mem type="nursery" free="1756672" total="2097152" percent="83">
      <mem type="allocate" free="1756672" total="1835008" percent="95" />
      <mem type="survivor" free="0" total="262144" percent="0" />
    </mem>
    <mem type="tenure" free="2088531832" total="2090532864" percent="99">
      <mem type="soa" free="1984006008" total="1986007040" percent="99" />
      <mem type="loa" free="104525824" total="104525824" percent="100" />
    </mem>
    <remembered-set count="97" />
  </mem-info>
</gc-end>
<cycle-end id="417" type="scavenge" contextid="411" timestamp="2019-06-16T17:37:43.198" />
  <attribute name="elasticGC enabled" value="1" />
  <attribute name= "numThreadsSpecified" value="4" />
  <attribute name="heapSize specified" value="8388608" />
  <attribute name="Current GC Util" value="0" />
  <attribute name= "Current Time Running" value="8554" />
  <attribute name ="GC Interval" value="200" />
  <attribute name="ProportionalT" value="-20.000000" />
  <attribute name="ProportionalI" value="-20.000000" />
  <attribute name="ProportionalH" value="-20.000000" />
  <attribute name="Current Error" value="-20.000000" />
  <attribute name="IntegralT" value="-10680.000000" />
  <attribute name="IntegralI" value="-10680.000000" />
  <attribute name="IntegralH" value="-10680.000000" />
  <attribute name="DerivativeT" value="-0.018727" />
  <attribute name="DerivativeI" value="-0.018727" />
  <attribute name="DerivativeH" value="-0.018727" />
  <attribute name="Loop Time for DT" value="534.000000" />
  <attribute name="Output H" value="2092630016"/>
  <attribute name="Output I" value="200"/>
  <attribute name="Output T" value="4"/>
  <attribute name="Target GC Util Change" value ="20.000000" />
  <attribute name="Current GC Util Change" value="0.000000"/>
  <attribute name="GC Util currently" value="0" />
  <attribute name="CPU Util currently" value="5" />
<allocation-satisfied id="418" threadId="0000000002380D00" bytesRequested="720" />
<af-end id="419" timestamp="2019-06-16T17:37:43.198" threadId="0000000002381688" success="true" from="nursery"/>
<exclusive-end id="420" timestamp="2019-06-16T17:37:43.198" durationms="0.916" />

<exclusive-start id="421" timestamp="2019-06-16T17:37:43.745" intervalms="547.696">
  <response-info timems="0.023" idlems="0.023" threads="0" lastid="000000000237D100" lastname="node-2" />
</exclusive-start>
<af-start id="422" threadId="000000000237DA88" totalBytesRequested="32" timestamp="2019-06-16T17:37:43.745" intervalms="547.697" type="nursery" />
<cycle-start id="423" type="scavenge" contextid="0" timestamp="2019-06-16T17:37:43.745" intervalms="547.694" />
<gc-start id="424" type="scavenge" contextid="423" timestamp="2019-06-16T17:37:43.745">
  <mem-info id="425" free="2088531832" total="2092630016" percent="99">
    <mem type="nursery" free="0" total="2097152" percent="0">
      <mem type="allocate" free="0" total="1835008" percent="0" />
      <mem type="survivor" free="0" total="262144" percent="0" />
    </mem>
    <mem type="tenure" free="2088531832" total="2090532864" percent="99">
      <mem type="soa" free="1984006008" total="1986007040" percent="99" />
      <mem type="loa" free="104525824" total="104525824" percent="100" />
    </mem>
    <remembered-set count="105" />
  </mem-info>
</gc-start>
<allocation-stats totalBytes="1755848" >
  <allocated-bytes non-tlh="720" tlh="1755128" />
  <largest-consumer threadName="node-0" threadId="0000000002380D00" bytes="594528" />
</allocation-stats>
<gc-op id="426" type="scavenge" timems="0.172" contextid="423" timestamp="2019-06-16T17:37:43.745">
  <scavenger-info tenureage="5" tenuremask="7fe0" tiltratio="87" />
  <memory-copied type="nursery" objects="26" bytes="896" bytesdiscarded="77440" />
</gc-op>
<gc-end id="427" type="scavenge" contextid="423" durationms="0.529" usertimems="0.000" systemtimems="0.000" timestamp="2019-06-16T17:37:43.746" activeThreads="4">
  <mem-info id="428" free="2090288504" total="2092630016" percent="99">
    <mem type="nursery" free="1756672" total="2097152" percent="83">
      <mem type="allocate" free="1756672" total="1835008" percent="95" />
      <mem type="survivor" free="0" total="262144" percent="0" />
    </mem>
    <mem type="tenure" free="2088531832" total="2090532864" percent="99">
      <mem type="soa" free="1984006008" total="1986007040" percent="99" />
      <mem type="loa" free="104525824" total="104525824" percent="100" />
    </mem>
    <remembered-set count="94" />
  </mem-info>
</gc-end>
<cycle-end id="429" type="scavenge" contextid="423" timestamp="2019-06-16T17:37:43.746" />
  <attribute name="elasticGC enabled" value="1" />
  <attribute name= "numThreadsSpecified" value="4" />
  <attribute name="heapSize specified" value="8388608" />
  <attribute name="Current GC Util" value="0" />
  <attribute name= "Current Time Running" value="9102" />
  <attribute name ="GC Interval" value="200" />
  <attribute name="ProportionalT" value="-20.000000" />
  <attribute name="ProportionalI" value="-20.000000" />
  <attribute name="ProportionalH" value="-20.000000" />
  <attribute name="Current Error" value="-20.000000" />
  <attribute name="IntegralT" value="-10960.000000" />
  <attribute name="IntegralI" value="-10960.000000" />
  <attribute name="IntegralH" value="-10960.000000" />
  <attribute name="DerivativeT" value="-0.018248" />
  <attribute name="DerivativeI" value="-0.018248" />
  <attribute name="DerivativeH" value="-0.018248" />
  <attribute name="Loop Time for DT" value="548.000000" />
  <attribute name="Output H" value="2092630016"/>
  <attribute name="Output I" value="200"/>
  <attribute name="Output T" value="4"/>
  <attribute name="Target GC Util Change" value ="20.000000" />
  <attribute name="Current GC Util Change" value="0.000000"/>
  <attribute name="GC Util currently" value="0" />
  <attribute name="CPU Util currently" value="3" />
<allocation-satisfied id="430" threadId="000000000237D100" bytesRequested="32" />
<af-end id="431" timestamp="2019-06-16T17:37:43.746" threadId="000000000237DA88" success="true" from="nursery"/>
<exclusive-end id="432" timestamp="2019-06-16T17:37:43.746" durationms="1.089" />

</verbosegc>

