<?xml version="1.0" ?>

<verbosegc xmlns="http://www.ibm.com/j9/verbosegc" version="10b4217_CMPRSS">

<initialized id="1" timestamp="2019-06-15T04:11:48.290">
  <attribute name="gcPolicy" value="-Xgcpolicy:balanced" />
  <attribute name="elasticGC enabled" value="1" />
  <attribute name= "numThreadsSpecified" value="0" />
  <attribute name="heapSize specified" value="0" />
  <attribute name="Current GC Util" value="0" />
  <attribute name= "Current Time Running" value="0" />
  <attribute name ="GC Interval" value="0" />
  <attribute name="ProportionalT" value="0.000000" />
  <attribute name="ProportionalI" value="0.000000" />
  <attribute name="ProportionalH" value="0.000000" />
  <attribute name="IntegralT" value="0.000000" />
  <attribute name="IntegralI" value="0.000000" />
  <attribute name="IntegralH" value="0.000000" />
  <attribute name="DerivativeT" value="0.000000" />
  <attribute name="DerivativeI" value="0.000000" />
  <attribute name="DerivativeH" value="0.000000" />
  <attribute name="Target GC Util Change" value ="0.000000" />
  <attribute name="Current GC Util Change" value="0.000000"/>
  <attribute name="Current Error" value="0.000000" />
  <attribute name="Loop Time for DT" value="0.000000" />
  <attribute name="Output H" value="0"/>
  <attribute name="Output I" value="0"/>
  <attribute name="Output T" value="0"/>
  <attribute name="GC Util currently" value="0" />
  <attribute name="CPU Util currently" value="0" />
  <attribute name="maxHeapSize" value="0x7cb00000" />
  <attribute name="initialHeapSize" value="0x800000" />
  <attribute name="compressedRefs" value="true" />
  <attribute name="compressedRefsDisplacement" value="0x0" />
  <attribute name="compressedRefsShift" value="0x0" />
  <attribute name="pageSize" value="0x1000" />
  <attribute name="pageType" value="not used" />
  <attribute name="requestedPageSize" value="0x1000" />
  <attribute name="requestedPageType" value="not used" />
  <attribute name="gcthreads" value="4" />
  <attribute name="packetListSplit" value="4" />
  <attribute name="cacheListSplit" value="4" />
  <attribute name="splitFreeListSplitAmount" value="1" />
  <attribute name="numaNodes" value="0" />
  <region>
    <attribute name="regionSize" value="1048576" />
    <attribute name="regionCount" value="1995" />
    <attribute name="arrayletLeafSize" value="1048576" />
  </region>
  <system>
    <attribute name="physicalMemory" value="8370962432" />
    <attribute name="numCPUs" value="4" />
    <attribute name="architecture" value="amd64" />
    <attribute name="os" value="Linux" />
    <attribute name="osVersion" value="4.4.0-148-generic" />
  </system>
  <vmargs>
    <vmarg name="-Xoptionsfile=/vagrant/jdk/lib/options.default" />
    <vmarg name="-Xlockword:mode=default,noLockword=java/lang/String,noLockword=java/util/MapEntry,noLockword=java/util/HashMap$Entry,noLockword..." />
    <vmarg name="-Xjcl:jclse29" />
    <vmarg name="-Dcom.ibm.oti.vm.bootstrap.library.path=/vagrant/jdk/lib/compressedrefs:/vagrant/jdk/lib" />
    <vmarg name="-Dsun.boot.library.path=/vagrant/jdk/lib/compressedrefs:/vagrant/jdk/lib" />
    <vmarg name="-Djava.library.path=/vagrant/jdk/lib/compressedrefs:/vagrant/jdk/lib:/usr/lib64:/usr/lib" />
    <vmarg name="-Djava.home=/vagrant/jdk" />
    <vmarg name="-Duser.dir=/vagrant" />
    <vmarg name="-Xgcpolicy:balanced" />
    <vmarg name="-Xgcelastic" />
    <vmarg name="-Xcheck:gc:::elasticGC" />
    <vmarg name="-verbose:gc" />
    <vmarg name="-Xloggc:small-Balanced-jdk0.5-1-1.5-verbose11avrora.txt" />
    <vmarg name="-Djava.class.path=dacapo-9.12-MR1-bach.jar" />
    <vmarg name="-Dsun.java.command=dacapo-9.12-MR1-bach.jar avrora --size=small" />
    <vmarg name="-Dsun.java.launcher=SUN_STANDARD" />
    <vmarg name="-Dsun.java.launcher.pid=10767" />
  </vmargs>
</initialized>

<exclusive-start id="2" timestamp="2019-06-15T04:11:49.166" intervalms="875.325">
  <response-info timems="0.020" idlems="0.020" threads="0" lastid="0000000000996700" lastname="main" />
</exclusive-start>
<sys-start reason="explicit" id="3" timestamp="2019-06-15T04:11:49.166" intervalms="875.626" />
<cycle-start id="4" type="global garbage collect" contextid="0" timestamp="2019-06-15T04:11:49.166" intervalms="875.943" />
<gc-start id="5" type="global garbage collect" contextid="4" timestamp="2019-06-15T04:11:49.167">
  <mem-info id="6" free="1662824" total="8388608" percent="19">
    <mem type="eden" free="614328" total="7340032" percent="8" />
    <remembered-set count="0" freebytes="334848" totalbytes="334848" percent="100" regionsoverflowed="0" regionsstable="0" regionsrebuilding="0"/>
  </mem-info>
</gc-start>
<allocation-stats totalBytes="6655584" >
  <allocated-bytes non-tlh="529728" tlh="6125856" arrayletleaf="0"/>
  <largest-consumer threadName="main" threadId="0000000000996700" bytes="6578840" />
</allocation-stats>
<gc-op id="7" type="global mark" timems="3.427" contextid="4" timestamp="2019-06-15T04:11:49.170">
  <trace-info objectcount="17849" scancount="14128" scanbytes="463976" />
  <finalization candidates="14" enqueued="1" />
  <references type="soft" candidates="66" cleared="0" enqueued="0" dynamicThreshold="32" maxThreshold="32" />
  <references type="weak" candidates="553" cleared="411" enqueued="372" />
  <references type="phantom" candidates="99" cleared="41" enqueued="41" />
  <stringconstants candidates="2456" cleared="0"  />
</gc-op>
<gc-op id="8" type="classunload" timems="0.045" contextid="4" timestamp="2019-06-15T04:11:49.171">
  <classunload-info classloadercandidates="6" classloadersunloaded="0" classesunloaded="0" anonymousclassesunloaded="0" quiescems="0.000" setupms="0.045" scanms="0.000" postms="0.000" />
</gc-op>
<gc-op id="9" type="sweep" timems="0.718" contextid="4" timestamp="2019-06-15T04:11:49.172" />
<gc-op id="10" type="compact" timems="4.326" contextid="4" timestamp="2019-06-15T04:11:49.176">
  <compact-info movecount="17842" movebytes="855368" />
  <remembered-set-cleared processed="1058" cleared="1058" durationms="0.113" />
</gc-op>
<gc-end id="11" type="global garbage collect" contextid="4" durationms="10.309" usertimems="4.000" systemtimems="4.000" timestamp="2019-06-15T04:11:49.177" activeThreads="4">
  <mem-info id="12" free="7340032" total="8388608" percent="87">
    <pending-finalizers system="1" default="0" reference="413" classloader="0" />
    <remembered-set count="0" freebytes="334848" totalbytes="334848" percent="100" regionsoverflowed="0" regionsstable="0" regionsrebuilding="0"/>
  </mem-info>
</gc-end>
<cycle-end id="13" type="global garbage collect" contextid="4" timestamp="2019-06-15T04:11:49.177" />
  <attribute name="elasticGC enabled" value="1" />
  <attribute name= "numThreadsSpecified" value="4" />
  <attribute name="heapSize specified" value="0" />
  <attribute name="Current GC Util" value="27" />
  <attribute name= "Current Time Running" value="770" />
  <attribute name ="GC Interval" value="0" />
  <attribute name="ProportionalT" value="3.500000" />
  <attribute name="ProportionalI" value="3.500000" />
  <attribute name="ProportionalH" value="3.500000" />
  <attribute name="Current Error" value="7.000000" />
  <attribute name="IntegralT" value="-15037.000000" />
  <attribute name="IntegralI" value="-15037.000000" />
  <attribute name="IntegralH" value="-15037.000000" />
  <attribute name="DerivativeT" value="-85.500000" />
  <attribute name="DerivativeI" value="-85.500000" />
  <attribute name="DerivativeH" value="-85.500000" />
  <attribute name="Loop Time for DT" value="1.000000" />
  <attribute name="Output H" value="2091843584"/>
  <attribute name="Output I" value="200"/>
  <attribute name="Output T" value="4"/>
  <attribute name="Target GC Util Change" value ="20.000000" />
  <attribute name="Current GC Util Change" value="27.000000"/>
  <attribute name="GC Util currently" value="27" />
  <attribute name="CPU Util currently" value="4536573963228" />
<sys-end id="14" timestamp="2019-06-15T04:11:49.177" />
<exclusive-end id="15" timestamp="2019-06-15T04:11:49.177" durationms="11.818" />

<exclusive-start id="16" timestamp="2019-06-15T04:11:50.221" intervalms="1055.535">
  <response-info timems="0.056" idlems="0.056" threads="0" lastid="0000000000C4C500" lastname="node-0" />
</exclusive-start>
<allocation-taxation id="17" taxation-threshold="7340032" timestamp="2019-06-15T04:11:50.221" intervalms="1931.078" />
<cycle-start id="18" type="partial gc" contextid="0" timestamp="2019-06-15T04:11:50.222" intervalms="1931.499" />
<gc-start id="19" type="partial gc" contextid="18" timestamp="2019-06-15T04:11:50.222">
  <mem-info id="20" free="0" total="8388608" percent="0">
    <mem type="eden" free="0" total="7340032" percent="0" />
    <remembered-set count="0" freebytes="334848" totalbytes="334848" percent="100" regionsoverflowed="0" regionsstable="0" regionsrebuilding="0"/>
  </mem-info>
</gc-start>
<allocation-stats totalBytes="7330392" >
  <allocated-bytes non-tlh="172800" tlh="7157592" arrayletleaf="0"/>
  <largest-consumer threadName="main" threadId="0000000000996700" bytes="6150008" />
</allocation-stats>
<gc-op id="21" type="mark" timems="2.928" contextid="18" timestamp="2019-06-15T04:11:50.226">
  <trace-info objectcount="23847" scancount="20750" scanbytes="741052" />
  <cardclean-info objects="1178" bytes="40224" />
  <remembered-set-cleared processed="0" cleared="0" durationms="0.043" />
  <references type="weak" candidates="45" cleared="44" enqueued="44" />
  <references type="phantom" candidates="4" cleared="2" enqueued="2" />
  <stringconstants candidates="3831" cleared="0"  />
  <warning details="Mark invoked due to insufficient free space for Copy-Forward" />
</gc-op>
<gc-op id="22" type="classunload" timems="0.001" contextid="18" timestamp="2019-06-15T04:11:50.226">
  <classunload-info classloadercandidates="6" classloadersunloaded="0" classesunloaded="0" anonymousclassesunloaded="0" quiescems="0.000" setupms="0.001" scanms="0.000" postms="0.000" />
</gc-op>
<gc-op id="23" type="sweep" timems="0.319" contextid="18" timestamp="2019-06-15T04:11:50.226" />
<gc-op id="24" type="compact" timems="5.056" contextid="18" timestamp="2019-06-15T04:11:50.232">
  <compact-info movecount="23799" movebytes="1027736" />
  <remembered-set-cleared processed="816" cleared="816" durationms="0.044" />
</gc-op>
<gc-end id="25" type="partial gc" contextid="18" durationms="10.140" usertimems="4.000" systemtimems="8.000" timestamp="2019-06-15T04:11:50.232" activeThreads="4">
  <mem-info id="26" free="6291456" total="8388608" percent="75">
    <mem type="eden" free="18408" total="1048576" percent="1" />
    <pending-finalizers system="0" default="0" reference="46" classloader="0" />
    <remembered-set count="1024" freebytes="330752" totalbytes="334848" percent="98" regionsoverflowed="0" regionsstable="0" regionsrebuilding="0"/>
  </mem-info>
</gc-end>
<cycle-end id="27" type="partial gc" contextid="18" timestamp="2019-06-15T04:11:50.232" />
  <attribute name="elasticGC enabled" value="1" />
  <attribute name= "numThreadsSpecified" value="4" />
  <attribute name="heapSize specified" value="0" />
  <attribute name="Current GC Util" value="14" />
  <attribute name= "Current Time Running" value="1824" />
  <attribute name ="GC Interval" value="0" />
  <attribute name="ProportionalT" value="-3.000000" />
  <attribute name="ProportionalI" value="-3.000000" />
  <attribute name="ProportionalH" value="-3.000000" />
  <attribute name="Current Error" value="-6.000000" />
  <attribute name="IntegralT" value="-6.000000" />
  <attribute name="IntegralI" value="-6.000000" />
  <attribute name="IntegralH" value="-6.000000" />
  <attribute name="DerivativeT" value="-99.000000" />
  <attribute name="DerivativeI" value="-99.000000" />
  <attribute name="DerivativeH" value="-99.000000" />
  <attribute name="Loop Time for DT" value="1.000000" />
  <attribute name="Output H" value="2091843584"/>
  <attribute name="Output I" value="200"/>
  <attribute name="Output T" value="4"/>
  <attribute name="Target GC Util Change" value ="20.000000" />
  <attribute name="Current GC Util Change" value="14.000000"/>
  <attribute name="GC Util currently" value="14" />
  <attribute name="CPU Util currently" value="8448771745219" />
<exclusive-end id="28" timestamp="2019-06-15T04:11:50.233" durationms="11.497" />

<exclusive-start id="29" timestamp="2019-06-15T04:11:51.292" intervalms="1071.238">
  <response-info timems="0.066" idlems="0.066" threads="0" lastid="0000000000C50100" lastname="node-2" />
</exclusive-start>
<allocation-taxation id="30" taxation-threshold="3145728" timestamp="2019-06-15T04:11:51.292" intervalms="1071.097" />
<cycle-start id="31" type="global mark phase" contextid="0" timestamp="2019-06-15T04:11:51.293" intervalms="3002.255" />
<gc-start id="32" type="global mark phase" contextid="31" timestamp="2019-06-15T04:11:51.293">
  <mem-info id="33" free="3145728" total="8388608" percent="37">
    <remembered-set count="544" freebytes="332672" totalbytes="334848" percent="99" regionsoverflowed="0" regionsstable="0" regionsrebuilding="0"/>
  </mem-info>
</gc-start>
<gc-op id="34" type="mark increment" timems="0.548" contextid="31" timestamp="2019-06-15T04:11:51.293">
  <trace-info objectcount="143" scancount="0" scanbytes="0" />
</gc-op>
<gc-end id="35" type="global mark phase" contextid="31" durationms="0.660" usertimems="0.000" systemtimems="0.000" timestamp="2019-06-15T04:11:51.293" activeThreads="4">
  <mem-info id="36" free="3145728" total="8388608" percent="37">
    <remembered-set count="544" freebytes="332672" totalbytes="334848" percent="99" regionsoverflowed="0" regionsstable="0" regionsrebuilding="0"/>
  </mem-info>
</gc-end>
<concurrent-start id="37" type="GMP work packet processing" contextid="31" timestamp="2019-06-15T04:11:51.293">
  <concurrent-mark-start scanTarget="18446744073709551615" />
</concurrent-start>
<exclusive-end id="38" timestamp="2019-06-15T04:11:51.293" durationms="1.059" />

<concurrent-end id="39" type="GMP work packet processing" contextid="31" timestamp="2019-06-15T04:11:51.296">
  <concurrent-mark-end bytesScanned="1181516" reasonForTermination="Completed all work in GC phase" />
</concurrent-end>

<exclusive-start id="40" timestamp="2019-06-15T04:11:52.308" intervalms="1015.647">
  <response-info timems="0.087" idlems="0.087" threads="0" lastid="0000000000C50100" lastname="node-2" />
</exclusive-start>
<allocation-taxation id="41" taxation-threshold="3145728" timestamp="2019-06-15T04:11:52.308" intervalms="1015.717" />
<cycle-start id="42" type="partial gc" contextid="0" timestamp="2019-06-15T04:11:52.308" intervalms="2086.506" />
<gc-start id="43" type="partial gc" contextid="42" timestamp="2019-06-15T04:11:52.309">
  <mem-info id="44" free="0" total="8388608" percent="0">
    <mem type="eden" free="0" total="6291456" percent="0" />
    <remembered-set count="544" freebytes="332672" totalbytes="334848" percent="99" regionsoverflowed="0" regionsstable="0" regionsrebuilding="0"/>
  </mem-info>
</gc-start>
<allocation-stats totalBytes="6289592" >
  <allocated-bytes non-tlh="0" tlh="6289592" arrayletleaf="0"/>
  <largest-consumer threadName="node-0" threadId="0000000000C4C500" bytes="1084920" />
</allocation-stats>
<gc-op id="45" type="mark" timems="2.269" contextid="42" timestamp="2019-06-15T04:11:52.311">
  <trace-info objectcount="23676" scancount="20620" scanbytes="737860" />
  <cardclean-info objects="53" bytes="4076" />
  <remembered-set-cleared processed="349" cleared="349" durationms="0.046" />
  <references type="weak" candidates="1" cleared="0" enqueued="0" />
  <references type="phantom" candidates="2" cleared="0" enqueued="0" />
  <stringconstants candidates="3831" cleared="0"  />
  <warning details="Mark invoked due to insufficient free space for Copy-Forward" />
</gc-op>
<gc-op id="46" type="classunload" timems="0.001" contextid="42" timestamp="2019-06-15T04:11:52.312">
  <classunload-info classloadercandidates="6" classloadersunloaded="0" classesunloaded="0" anonymousclassesunloaded="0" quiescems="0.000" setupms="0.001" scanms="0.000" postms="0.000" />
</gc-op>
<gc-op id="47" type="sweep" timems="0.301" contextid="42" timestamp="2019-06-15T04:11:52.312" />
<gc-op id="48" type="compact" timems="3.935" contextid="42" timestamp="2019-06-15T04:11:52.316">
  <compact-info movecount="19055" movebytes="755384" />
  <remembered-set-cleared processed="1083" cleared="1083" durationms="0.046" />
</gc-op>
<gc-end id="49" type="partial gc" contextid="42" durationms="7.982" usertimems="8.000" systemtimems="0.000" timestamp="2019-06-15T04:11:52.317" activeThreads="4">
  <mem-info id="50" free="5242880" total="8388608" percent="62">
    <mem type="eden" free="1048240" total="1048576" percent="99" />
    <remembered-set count="1024" freebytes="330752" totalbytes="334848" percent="98" regionsoverflowed="0" regionsstable="0" regionsrebuilding="0"/>
  </mem-info>
</gc-end>
<cycle-end id="51" type="partial gc" contextid="42" timestamp="2019-06-15T04:11:52.317" />
  <attribute name="elasticGC enabled" value="1" />
  <attribute name= "numThreadsSpecified" value="4" />
  <attribute name="heapSize specified" value="0" />
  <attribute name="Current GC Util" value="15" />
  <attribute name= "Current Time Running" value="3910" />
  <attribute name ="GC Interval" value="0" />
  <attribute name="ProportionalT" value="-2.500000" />
  <attribute name="ProportionalI" value="-2.500000" />
  <attribute name="ProportionalH" value="-2.500000" />
  <attribute name="Current Error" value="-5.000000" />
  <attribute name="IntegralT" value="-5.000000" />
  <attribute name="IntegralI" value="-5.000000" />
  <attribute name="IntegralH" value="-5.000000" />
  <attribute name="DerivativeT" value="-87.000000" />
  <attribute name="DerivativeI" value="-87.000000" />
  <attribute name="DerivativeH" value="-87.000000" />
  <attribute name="Loop Time for DT" value="1.000000" />
  <attribute name="Output H" value="2091843584"/>
  <attribute name="Output I" value="200"/>
  <attribute name="Output T" value="4"/>
  <attribute name="Target GC Util Change" value ="20.000000" />
  <attribute name="Current GC Util Change" value="15.000000"/>
  <attribute name="GC Util currently" value="15" />
  <attribute name="CPU Util currently" value="8247613390844" />
<exclusive-end id="52" timestamp="2019-06-15T04:11:52.317" durationms="8.961" />

<exclusive-start id="53" timestamp="2019-06-15T04:11:52.978" intervalms="670.245">
  <response-info timems="0.031" idlems="0.031" threads="0" lastid="0000000000C53D00" lastname="node-1" />
</exclusive-start>
<allocation-taxation id="54" taxation-threshold="2097152" timestamp="2019-06-15T04:11:52.978" intervalms="670.189" />
<gc-start id="55" type="global mark phase" contextid="31" timestamp="2019-06-15T04:11:52.978">
  <mem-info id="56" free="3145728" total="8388608" percent="37">
    <remembered-set count="1024" freebytes="330752" totalbytes="334848" percent="98" regionsoverflowed="0" regionsstable="0" regionsrebuilding="0"/>
  </mem-info>
</gc-start>
<gc-op id="57" type="mark increment" timems="1.451" contextid="31" timestamp="2019-06-15T04:11:52.980">
  <trace-info objectcount="23676" scancount="20620" scanbytes="737860" />
  <cardclean-info objects="315" bytes="11724" />
  <finalization candidates="13" enqueued="0" />
  <references type="soft" candidates="66" cleared="0" enqueued="0" dynamicThreshold="20" maxThreshold="32" />
  <references type="weak" candidates="143" cleared="0" enqueued="0" />
  <references type="phantom" candidates="59" cleared="2" enqueued="2" />
  <stringconstants candidates="3831" cleared="0"  />
</gc-op>
<gc-op id="58" type="classunload" timems="0.001" contextid="31" timestamp="2019-06-15T04:11:52.980">
  <classunload-info classloadercandidates="6" classloadersunloaded="0" classesunloaded="0" anonymousclassesunloaded="0" quiescems="0.000" setupms="0.001" scanms="0.000" postms="0.000" />
</gc-op>
<gc-end id="59" type="global mark phase" contextid="31" durationms="1.891" usertimems="0.000" systemtimems="4.000" timestamp="2019-06-15T04:11:52.980" activeThreads="1">
  <mem-info id="60" free="3145728" total="8388608" percent="37">
    <pending-finalizers system="0" default="0" reference="2" classloader="0" />
    <remembered-set count="1024" freebytes="330752" totalbytes="334848" percent="98" regionsoverflowed="0" regionsstable="0" regionsrebuilding="0"/>
  </mem-info>
</gc-end>
<cycle-end id="61" type="global mark phase" contextid="31" timestamp="2019-06-15T04:11:52.981" />
  <attribute name="elasticGC enabled" value="1" />
  <attribute name= "numThreadsSpecified" value="1" />
  <attribute name="heapSize specified" value="0" />
  <attribute name="Current GC Util" value="86" />
  <attribute name= "Current Time Running" value="4577" />
  <attribute name ="GC Interval" value="0" />
  <attribute name="ProportionalT" value="33.000000" />
  <attribute name="ProportionalI" value="33.000000" />
  <attribute name="ProportionalH" value="33.000000" />
  <attribute name="Current Error" value="66.000000" />
  <attribute name="IntegralT" value="0.000000" />
  <attribute name="IntegralI" value="0.000000" />
  <attribute name="IntegralH" value="0.000000" />
  <attribute name="DerivativeT" value="inf" />
  <attribute name="DerivativeI" value="inf" />
  <attribute name="DerivativeH" value="inf" />
  <attribute name="Loop Time for DT" value="0.000000" />
  <attribute name="Output H" value="8388608"/>
  <attribute name="Output I" value="200"/>
  <attribute name="Output T" value="1"/>
  <attribute name="Target GC Util Change" value ="20.000000" />
  <attribute name="Current GC Util Change" value="86.000000"/>
  <attribute name="GC Util currently" value="86" />
  <attribute name="CPU Util currently" value="6738103439231" />
<exclusive-end id="62" timestamp="2019-06-15T04:11:52.981" durationms="2.557" />

<exclusive-start id="63" timestamp="2019-06-15T04:11:53.635" intervalms="656.994">
  <response-info timems="0.025" idlems="0.025" threads="0" lastid="0000000000C4C500" lastname="node-0" />
</exclusive-start>
<allocation-taxation id="64" taxation-threshold="2097152" timestamp="2019-06-15T04:11:53.635" intervalms="656.991" />
<cycle-start id="65" type="partial gc" contextid="0" timestamp="2019-06-15T04:11:53.635" intervalms="1327.188" />
<gc-start id="66" type="partial gc" contextid="65" timestamp="2019-06-15T04:11:53.636">
  <mem-info id="67" free="1048576" total="8388608" percent="12">
    <mem type="eden" free="1048240" total="5242880" percent="19" />
    <remembered-set count="1024" freebytes="330752" totalbytes="334848" percent="98" regionsoverflowed="0" regionsstable="0" regionsrebuilding="0"/>
  </mem-info>
</gc-start>
<allocation-stats totalBytes="4193664" >
  <allocated-bytes non-tlh="0" tlh="4193664" arrayletleaf="0"/>
  <largest-consumer threadName="node-2" threadId="0000000000C50100" bytes="745376" />
</allocation-stats>
<gc-op id="68" type="sweep" timems="0.468" contextid="65" timestamp="2019-06-15T04:11:53.636" />
<gc-op id="69" type="copy forward" timems="2.599" contextid="65" timestamp="2019-06-15T04:11:53.640">
  <memory-copied type="eden" objects="19" bytes="336" bytesdiscarded="1432" />
  <memory-copied type="other" objects="0" bytes="0" bytesdiscarded="0" />
  <memory-cardclean objects="205" bytes="7920" />
  <regions eden="2" other="1" />
  <remembered-set-cleared processed="364" cleared="11" durationms="0.074" />
  <stringconstants candidates="3831" cleared="0"  />
</gc-op>
<gc-op id="70" type="classunload" timems="0.002" contextid="65" timestamp="2019-06-15T04:11:53.640">
  <classunload-info classloadercandidates="6" classloadersunloaded="0" classesunloaded="0" anonymousclassesunloaded="0" quiescems="0.000" setupms="0.002" scanms="0.000" postms="0.000" />
</gc-op>
<gc-end id="71" type="partial gc" contextid="65" durationms="4.555" usertimems="0.000" systemtimems="4.000" timestamp="2019-06-15T04:11:53.640" activeThreads="4">
  <mem-info id="72" free="5242880" total="8388608" percent="62">
    <mem type="eden" free="1046808" total="1048576" percent="99" />
    <remembered-set count="1440" freebytes="329088" totalbytes="334848" percent="98" regionsoverflowed="0" regionsstable="0" regionsrebuilding="0"/>
  </mem-info>
</gc-end>
<cycle-end id="73" type="partial gc" contextid="65" timestamp="2019-06-15T04:11:53.640" />
  <attribute name="elasticGC enabled" value="1" />
  <attribute name= "numThreadsSpecified" value="4" />
  <attribute name="heapSize specified" value="0" />
  <attribute name="Current GC Util" value="15" />
  <attribute name= "Current Time Running" value="5235" />
  <attribute name ="GC Interval" value="0" />
  <attribute name="ProportionalT" value="-2.500000" />
  <attribute name="ProportionalI" value="-2.500000" />
  <attribute name="ProportionalH" value="-2.500000" />
  <attribute name="Current Error" value="-5.000000" />
  <attribute name="IntegralT" value="-5.000000" />
  <attribute name="IntegralI" value="-5.000000" />
  <attribute name="IntegralH" value="-5.000000" />
  <attribute name="DerivativeT" value="-7.500000" />
  <attribute name="DerivativeI" value="-7.500000" />
  <attribute name="DerivativeH" value="-7.500000" />
  <attribute name="Loop Time for DT" value="1.000000" />
  <attribute name="Output H" value="2091843584"/>
  <attribute name="Output I" value="200"/>
  <attribute name="Output T" value="4"/>
  <attribute name="Target GC Util Change" value ="20.000000" />
  <attribute name="Current GC Util Change" value="15.000000"/>
  <attribute name="GC Util currently" value="15" />
  <attribute name="CPU Util currently" value="7595003323007" />
<exclusive-end id="74" timestamp="2019-06-15T04:11:53.641" durationms="5.430" />

<exclusive-start id="75" timestamp="2019-06-15T04:11:54.308" intervalms="672.965">
  <response-info timems="0.026" idlems="0.026" threads="0" lastid="0000000000C4C500" lastname="node-0" />
</exclusive-start>
<allocation-taxation id="76" taxation-threshold="2097152" timestamp="2019-06-15T04:11:54.308" intervalms="673.003" />
<cycle-start id="77" type="global mark phase" contextid="0" timestamp="2019-06-15T04:11:54.309" intervalms="3015.998" />
<gc-start id="78" type="global mark phase" contextid="77" timestamp="2019-06-15T04:11:54.309">
  <mem-info id="79" free="3145728" total="8388608" percent="37">
    <remembered-set count="640" freebytes="332288" totalbytes="334848" percent="99" regionsoverflowed="0" regionsstable="1" regionsrebuilding="0"/>
  </mem-info>
</gc-start>
<gc-op id="80" type="mark increment" timems="0.655" contextid="77" timestamp="2019-06-15T04:11:54.309">
  <trace-info objectcount="138" scancount="0" scanbytes="0" />
</gc-op>
<gc-end id="81" type="global mark phase" contextid="77" durationms="0.839" usertimems="0.000" systemtimems="0.000" timestamp="2019-06-15T04:11:54.309" activeThreads="4">
  <mem-info id="82" free="3145728" total="8388608" percent="37">
    <remembered-set count="640" freebytes="332288" totalbytes="334848" percent="99" regionsoverflowed="0" regionsstable="0" regionsrebuilding="1"/>
  </mem-info>
</gc-end>
<concurrent-start id="83" type="GMP work packet processing" contextid="77" timestamp="2019-06-15T04:11:54.310">
  <concurrent-mark-start scanTarget="18446744073709551615" />
</concurrent-start>
<exclusive-end id="84" timestamp="2019-06-15T04:11:54.310" durationms="1.512" />

<concurrent-end id="85" type="GMP work packet processing" contextid="77" timestamp="2019-06-15T04:11:54.312">
  <concurrent-mark-end bytesScanned="1188412" reasonForTermination="Completed all work in GC phase" />
</concurrent-end>

<exclusive-start id="86" timestamp="2019-06-15T04:11:54.933" intervalms="624.436">
  <response-info timems="0.031" idlems="0.031" threads="0" lastid="0000000000C4C500" lastname="node-0" />
</exclusive-start>
<allocation-taxation id="87" taxation-threshold="2097152" timestamp="2019-06-15T04:11:54.933" intervalms="624.440" />
<cycle-start id="88" type="partial gc" contextid="0" timestamp="2019-06-15T04:11:54.933" intervalms="1297.446" />
<gc-start id="89" type="partial gc" contextid="88" timestamp="2019-06-15T04:11:54.933">
  <mem-info id="90" free="1048576" total="8388608" percent="12">
    <mem type="eden" free="1046808" total="5242880" percent="19" />
    <remembered-set count="1408" freebytes="329216" totalbytes="334848" percent="98" regionsoverflowed="0" regionsstable="0" regionsrebuilding="1"/>
  </mem-info>
</gc-start>
<allocation-stats totalBytes="4192936" >
  <allocated-bytes non-tlh="0" tlh="4192936" arrayletleaf="0"/>
  <largest-consumer threadName="node-1" threadId="0000000000C53D00" bytes="745440" />
</allocation-stats>
<gc-op id="91" type="copy forward" timems="0.575" contextid="88" timestamp="2019-06-15T04:11:54.934">
  <memory-copied type="eden" objects="25" bytes="984" bytesdiscarded="0" />
  <memory-copied type="other" objects="0" bytes="0" bytesdiscarded="0" />
  <memory-cardclean objects="164" bytes="6072" />
  <regions eden="4" other="1" />
  <remembered-set-cleared processed="777" cleared="21" durationms="0.051" />
  <stringconstants candidates="3831" cleared="0"  />
</gc-op>
<gc-op id="92" type="classunload" timems="0.001" contextid="88" timestamp="2019-06-15T04:11:54.934">
  <classunload-info classloadercandidates="6" classloadersunloaded="0" classesunloaded="0" anonymousclassesunloaded="0" quiescems="0.000" setupms="0.001" scanms="0.000" postms="0.000" />
</gc-op>
<gc-op id="93" type="compact" timems="0.921" contextid="88" timestamp="2019-06-15T04:11:54.936">
  <compact-info movecount="0" movebytes="0" />
  <remembered-set-cleared processed="1552" cleared="21" durationms="0.054" />
</gc-op>
<gc-end id="94" type="partial gc" contextid="88" durationms="2.688" usertimems="4.000" systemtimems="0.000" timestamp="2019-06-15T04:11:54.936" activeThreads="4">
  <mem-info id="95" free="5242880" total="8388608" percent="62">
    <mem type="eden" free="1047592" total="1048576" percent="99" />
    <remembered-set count="864" freebytes="331392" totalbytes="334848" percent="98" regionsoverflowed="0" regionsstable="0" regionsrebuilding="1"/>
  </mem-info>
</gc-end>
<cycle-end id="96" type="partial gc" contextid="88" timestamp="2019-06-15T04:11:54.936" />
  <attribute name="elasticGC enabled" value="1" />
  <attribute name= "numThreadsSpecified" value="4" />
  <attribute name="heapSize specified" value="0" />
  <attribute name="Current GC Util" value="0" />
  <attribute name= "Current Time Running" value="6532" />
  <attribute name ="GC Interval" value="0" />
  <attribute name="ProportionalT" value="-10.000000" />
  <attribute name="ProportionalI" value="-10.000000" />
  <attribute name="ProportionalH" value="-10.000000" />
  <attribute name="Current Error" value="-20.000000" />
  <attribute name="IntegralT" value="-20.000000" />
  <attribute name="IntegralI" value="-20.000000" />
  <attribute name="IntegralH" value="-20.000000" />
  <attribute name="DerivativeT" value="-78.000000" />
  <attribute name="DerivativeI" value="-78.000000" />
  <attribute name="DerivativeH" value="-78.000000" />
  <attribute name="Loop Time for DT" value="1.000000" />
  <attribute name="Output H" value="2091843584"/>
  <attribute name="Output I" value="200"/>
  <attribute name="Output T" value="4"/>
  <attribute name="Target GC Util Change" value ="20.000000" />
  <attribute name="Current GC Util Change" value="0.000000"/>
  <attribute name="GC Util currently" value="0" />
  <attribute name="CPU Util currently" value="5110122229769" />
<exclusive-end id="97" timestamp="2019-06-15T04:11:54.936" durationms="3.542" />

<exclusive-start id="98" timestamp="2019-06-15T04:11:55.577" intervalms="644.386">
  <response-info timems="0.049" idlems="0.049" threads="0" lastid="0000000000C50100" lastname="node-2" />
</exclusive-start>
<allocation-taxation id="99" taxation-threshold="2097152" timestamp="2019-06-15T04:11:55.577" intervalms="644.326" />
<gc-start id="100" type="global mark phase" contextid="77" timestamp="2019-06-15T04:11:55.577">
  <mem-info id="101" free="3145728" total="8388608" percent="37">
    <remembered-set count="864" freebytes="331392" totalbytes="334848" percent="98" regionsoverflowed="0" regionsstable="0" regionsrebuilding="1"/>
  </mem-info>
</gc-start>
<gc-op id="102" type="mark increment" timems="1.063" contextid="77" timestamp="2019-06-15T04:11:55.578">
  <trace-info objectcount="34" scancount="29" scanbytes="648" />
  <cardclean-info objects="176" bytes="6248" />
  <finalization candidates="13" enqueued="0" />
  <references type="soft" candidates="66" cleared="0" enqueued="0" dynamicThreshold="20" maxThreshold="32" />
  <references type="weak" candidates="143" cleared="0" enqueued="0" />
  <references type="phantom" candidates="57" cleared="0" enqueued="0" />
  <stringconstants candidates="3831" cleared="0"  />
</gc-op>
<gc-op id="103" type="classunload" timems="0.002" contextid="77" timestamp="2019-06-15T04:11:55.578">
  <classunload-info classloadercandidates="6" classloadersunloaded="0" classesunloaded="0" anonymousclassesunloaded="0" quiescems="0.000" setupms="0.002" scanms="0.000" postms="0.000" />
</gc-op>
<gc-end id="104" type="global mark phase" contextid="77" durationms="1.302" usertimems="4.000" systemtimems="0.000" timestamp="2019-06-15T04:11:55.578" activeThreads="4">
  <mem-info id="105" free="3145728" total="8388608" percent="37">
    <remembered-set count="1376" freebytes="329344" totalbytes="334848" percent="98" regionsoverflowed="0" regionsstable="0" regionsrebuilding="0"/>
  </mem-info>
</gc-end>
<cycle-end id="106" type="global mark phase" contextid="77" timestamp="2019-06-15T04:11:55.579" />
  <attribute name="elasticGC enabled" value="1" />
  <attribute name= "numThreadsSpecified" value="4" />
  <attribute name="heapSize specified" value="0" />
  <attribute name="Current GC Util" value="0" />
  <attribute name= "Current Time Running" value="7175" />
  <attribute name ="GC Interval" value="0" />
  <attribute name="ProportionalT" value="-10.000000" />
  <attribute name="ProportionalI" value="-10.000000" />
  <attribute name="ProportionalH" value="-10.000000" />
  <attribute name="Current Error" value="-20.000000" />
  <attribute name="IntegralT" value="0.000000" />
  <attribute name="IntegralI" value="0.000000" />
  <attribute name="IntegralH" value="0.000000" />
  <attribute name="DerivativeT" value="-inf" />
  <attribute name="DerivativeI" value="-inf" />
  <attribute name="DerivativeH" value="-inf" />
  <attribute name="Loop Time for DT" value="0.000000" />
  <attribute name="Output H" value="2091843584"/>
  <attribute name="Output I" value="200"/>
  <attribute name="Output T" value="4"/>
  <attribute name="Target GC Util Change" value ="20.000000" />
  <attribute name="Current GC Util Change" value="0.000000"/>
  <attribute name="GC Util currently" value="0" />
  <attribute name="CPU Util currently" value="82388316525653" />
<exclusive-end id="107" timestamp="2019-06-15T04:11:55.579" durationms="1.743" />

<exclusive-start id="108" timestamp="2019-06-15T04:11:56.220" intervalms="642.458">
  <response-info timems="0.032" idlems="0.032" threads="0" lastid="0000000000C50100" lastname="node-2" />
</exclusive-start>
<allocation-taxation id="109" taxation-threshold="2097152" timestamp="2019-06-15T04:11:56.220" intervalms="642.466" />
<cycle-start id="110" type="partial gc" contextid="0" timestamp="2019-06-15T04:11:56.220" intervalms="1286.748" />
<gc-start id="111" type="partial gc" contextid="110" timestamp="2019-06-15T04:11:56.220">
  <mem-info id="112" free="1048576" total="8388608" percent="12">
    <mem type="eden" free="1047592" total="5242880" percent="19" />
    <remembered-set count="128" freebytes="334336" totalbytes="334848" percent="99" regionsoverflowed="0" regionsstable="1" regionsrebuilding="0"/>
  </mem-info>
</gc-start>
<allocation-stats totalBytes="4193624" >
  <allocated-bytes non-tlh="0" tlh="4193624" arrayletleaf="0"/>
  <largest-consumer threadName="node-0" threadId="0000000000C4C500" bytes="749480" />
</allocation-stats>
<gc-op id="113" type="sweep" timems="0.352" contextid="110" timestamp="2019-06-15T04:11:56.220" />
<gc-op id="114" type="copy forward" timems="0.993" contextid="110" timestamp="2019-06-15T04:11:56.222">
  <memory-copied type="eden" objects="18" bytes="312" bytesdiscarded="688" />
  <memory-copied type="other" objects="0" bytes="0" bytesdiscarded="0" />
  <memory-cardclean objects="164" bytes="6072" />
  <regions eden="2" other="1" />
  <remembered-set-cleared processed="32" cleared="2" durationms="0.043" />
  <stringconstants candidates="3831" cleared="0"  />
</gc-op>
<gc-op id="115" type="classunload" timems="0.001" contextid="110" timestamp="2019-06-15T04:11:56.222">
  <classunload-info classloadercandidates="6" classloadersunloaded="0" classesunloaded="0" anonymousclassesunloaded="0" quiescems="0.000" setupms="0.001" scanms="0.000" postms="0.000" />
</gc-op>
<gc-op id="116" type="compact" timems="0.919" contextid="110" timestamp="2019-06-15T04:11:56.223">
  <compact-info movecount="0" movebytes="0" />
  <remembered-set-cleared processed="74" cleared="2" durationms="0.056" />
</gc-op>
<gc-end id="117" type="partial gc" contextid="110" durationms="3.497" usertimems="4.000" systemtimems="0.000" timestamp="2019-06-15T04:11:56.223" activeThreads="4">
  <mem-info id="118" free="5242880" total="8388608" percent="62">
    <mem type="eden" free="1047576" total="1048576" percent="99" />
    <remembered-set count="128" freebytes="334336" totalbytes="334848" percent="99" regionsoverflowed="0" regionsstable="1" regionsrebuilding="0"/>
  </mem-info>
</gc-end>
<cycle-end id="119" type="partial gc" contextid="110" timestamp="2019-06-15T04:11:56.224" />
  <attribute name="elasticGC enabled" value="1" />
  <attribute name= "numThreadsSpecified" value="4" />
  <attribute name="heapSize specified" value="0" />
  <attribute name="Current GC Util" value="67" />
  <attribute name= "Current Time Running" value="7820" />
  <attribute name ="GC Interval" value="0" />
  <attribute name="ProportionalT" value="23.500000" />
  <attribute name="ProportionalI" value="23.500000" />
  <attribute name="ProportionalH" value="23.500000" />
  <attribute name="Current Error" value="47.000000" />
  <attribute name="IntegralT" value="94.000000" />
  <attribute name="IntegralI" value="94.000000" />
  <attribute name="IntegralH" value="94.000000" />
  <attribute name="DerivativeT" value="35.250000" />
  <attribute name="DerivativeI" value="35.250000" />
  <attribute name="DerivativeH" value="35.250000" />
  <attribute name="Loop Time for DT" value="2.000000" />
  <attribute name="Output H" value="8388608"/>
  <attribute name="Output I" value="200"/>
  <attribute name="Output T" value="4"/>
  <attribute name="Target GC Util Change" value ="20.000000" />
  <attribute name="Current GC Util Change" value="67.000000"/>
  <attribute name="GC Util currently" value="67" />
  <attribute name="CPU Util currently" value="3544277291305" />
<exclusive-end id="120" timestamp="2019-06-15T04:11:56.224" durationms="4.219" />

<exclusive-start id="121" timestamp="2019-06-15T04:11:56.871" intervalms="651.658">
  <response-info timems="0.033" idlems="0.033" threads="0" lastid="0000000000C53D00" lastname="node-1" />
</exclusive-start>
<allocation-taxation id="122" taxation-threshold="2097152" timestamp="2019-06-15T04:11:56.871" intervalms="651.660" />
<cycle-start id="123" type="global mark phase" contextid="0" timestamp="2019-06-15T04:11:56.871" intervalms="2562.792" />
<gc-start id="124" type="global mark phase" contextid="123" timestamp="2019-06-15T04:11:56.871">
  <mem-info id="125" free="3145728" total="8388608" percent="37">
    <remembered-set count="128" freebytes="334336" totalbytes="334848" percent="99" regionsoverflowed="0" regionsstable="1" regionsrebuilding="0"/>
  </mem-info>
</gc-start>
<gc-op id="126" type="mark increment" timems="0.415" contextid="123" timestamp="2019-06-15T04:11:56.872">
  <trace-info objectcount="137" scancount="0" scanbytes="0" />
</gc-op>
<gc-end id="127" type="global mark phase" contextid="123" durationms="0.594" usertimems="0.000" systemtimems="0.000" timestamp="2019-06-15T04:11:56.872" activeThreads="1">
  <mem-info id="128" free="3145728" total="8388608" percent="37">
    <remembered-set count="128" freebytes="334336" totalbytes="334848" percent="99" regionsoverflowed="0" regionsstable="0" regionsrebuilding="1"/>
  </mem-info>
</gc-end>
<concurrent-start id="129" type="GMP work packet processing" contextid="123" timestamp="2019-06-15T04:11:56.872">
  <concurrent-mark-start scanTarget="18446744073709551615" />
</concurrent-start>
<exclusive-end id="130" timestamp="2019-06-15T04:11:56.872" durationms="1.150" />

<concurrent-end id="131" type="GMP work packet processing" contextid="123" timestamp="2019-06-15T04:11:56.874">
  <concurrent-mark-end bytesScanned="1181196" reasonForTermination="Completed all work in GC phase" />
</concurrent-end>

</verbosegc>

