<?xml version="1.0" ?>

<verbosegc xmlns="http://www.ibm.com/j9/verbosegc" version="10b4217_CMPRSS">

<initialized id="1" timestamp="2019-06-15T04:11:39.120">
  <attribute name="gcPolicy" value="-Xgcpolicy:balanced" />
  <attribute name="elasticGC enabled" value="1" />
  <attribute name= "numThreadsSpecified" value="0" />
  <attribute name="heapSize specified" value="0" />
  <attribute name="Current GC Util" value="0" />
  <attribute name= "Current Time Running" value="0" />
  <attribute name ="GC Interval" value="0" />
  <attribute name="ProportionalT" value="0.000000" />
  <attribute name="ProportionalI" value="0.000000" />
  <attribute name="ProportionalH" value="0.000000" />
  <attribute name="IntegralT" value="0.000000" />
  <attribute name="IntegralI" value="0.000000" />
  <attribute name="IntegralH" value="0.000000" />
  <attribute name="DerivativeT" value="0.000000" />
  <attribute name="DerivativeI" value="0.000000" />
  <attribute name="DerivativeH" value="0.000000" />
  <attribute name="Target GC Util Change" value ="0.000000" />
  <attribute name="Current GC Util Change" value="0.000000"/>
  <attribute name="Current Error" value="0.000000" />
  <attribute name="Loop Time for DT" value="0.000000" />
  <attribute name="Output H" value="0"/>
  <attribute name="Output I" value="0"/>
  <attribute name="Output T" value="0"/>
  <attribute name="GC Util currently" value="0" />
  <attribute name="CPU Util currently" value="0" />
  <attribute name="maxHeapSize" value="0x7cb00000" />
  <attribute name="initialHeapSize" value="0x800000" />
  <attribute name="compressedRefs" value="true" />
  <attribute name="compressedRefsDisplacement" value="0x0" />
  <attribute name="compressedRefsShift" value="0x0" />
  <attribute name="pageSize" value="0x1000" />
  <attribute name="pageType" value="not used" />
  <attribute name="requestedPageSize" value="0x1000" />
  <attribute name="requestedPageType" value="not used" />
  <attribute name="gcthreads" value="4" />
  <attribute name="packetListSplit" value="4" />
  <attribute name="cacheListSplit" value="4" />
  <attribute name="splitFreeListSplitAmount" value="1" />
  <attribute name="numaNodes" value="0" />
  <region>
    <attribute name="regionSize" value="1048576" />
    <attribute name="regionCount" value="1995" />
    <attribute name="arrayletLeafSize" value="1048576" />
  </region>
  <system>
    <attribute name="physicalMemory" value="8370962432" />
    <attribute name="numCPUs" value="4" />
    <attribute name="architecture" value="amd64" />
    <attribute name="os" value="Linux" />
    <attribute name="osVersion" value="4.4.0-148-generic" />
  </system>
  <vmargs>
    <vmarg name="-Xoptionsfile=/vagrant/jdk/lib/options.default" />
    <vmarg name="-Xlockword:mode=default,noLockword=java/lang/String,noLockword=java/util/MapEntry,noLockword=java/util/HashMap$Entry,noLockword..." />
    <vmarg name="-Xjcl:jclse29" />
    <vmarg name="-Dcom.ibm.oti.vm.bootstrap.library.path=/vagrant/jdk/lib/compressedrefs:/vagrant/jdk/lib" />
    <vmarg name="-Dsun.boot.library.path=/vagrant/jdk/lib/compressedrefs:/vagrant/jdk/lib" />
    <vmarg name="-Djava.library.path=/vagrant/jdk/lib/compressedrefs:/vagrant/jdk/lib:/usr/lib64:/usr/lib" />
    <vmarg name="-Djava.home=/vagrant/jdk" />
    <vmarg name="-Duser.dir=/vagrant" />
    <vmarg name="-Xgcpolicy:balanced" />
    <vmarg name="-Xgcelastic" />
    <vmarg name="-Xcheck:gc:::elasticGC" />
    <vmarg name="-verbose:gc" />
    <vmarg name="-Xloggc:small-Balanced-jdk0.5-1-1.5-verbose10avrora.txt" />
    <vmarg name="-Djava.class.path=dacapo-9.12-MR1-bach.jar" />
    <vmarg name="-Dsun.java.command=dacapo-9.12-MR1-bach.jar avrora --size=small" />
    <vmarg name="-Dsun.java.launcher=SUN_STANDARD" />
    <vmarg name="-Dsun.java.launcher.pid=10741" />
  </vmargs>
</initialized>

<exclusive-start id="2" timestamp="2019-06-15T04:11:40.024" intervalms="903.680">
  <response-info timems="0.021" idlems="0.021" threads="0" lastid="0000000000D9C700" lastname="main" />
</exclusive-start>
<sys-start reason="explicit" id="3" timestamp="2019-06-15T04:11:40.024" intervalms="904.264" />
<cycle-start id="4" type="global garbage collect" contextid="0" timestamp="2019-06-15T04:11:40.025" intervalms="904.868" />
<gc-start id="5" type="global garbage collect" contextid="4" timestamp="2019-06-15T04:11:40.025">
  <mem-info id="6" free="1662824" total="8388608" percent="19">
    <mem type="eden" free="614328" total="7340032" percent="8" />
    <remembered-set count="0" freebytes="334848" totalbytes="334848" percent="100" regionsoverflowed="0" regionsstable="0" regionsrebuilding="0"/>
  </mem-info>
</gc-start>
<allocation-stats totalBytes="6655984" >
  <allocated-bytes non-tlh="529728" tlh="6126256" arrayletleaf="0"/>
  <largest-consumer threadName="main" threadId="0000000000D9C700" bytes="6579416" />
</allocation-stats>
<gc-op id="7" type="global mark" timems="3.155" contextid="4" timestamp="2019-06-15T04:11:40.029">
  <trace-info objectcount="17849" scancount="14128" scanbytes="463976" />
  <finalization candidates="14" enqueued="1" />
  <references type="soft" candidates="66" cleared="0" enqueued="0" dynamicThreshold="32" maxThreshold="32" />
  <references type="weak" candidates="553" cleared="411" enqueued="372" />
  <references type="phantom" candidates="99" cleared="41" enqueued="41" />
  <stringconstants candidates="2456" cleared="0"  />
</gc-op>
<gc-op id="8" type="classunload" timems="0.083" contextid="4" timestamp="2019-06-15T04:11:40.029">
  <classunload-info classloadercandidates="6" classloadersunloaded="0" classesunloaded="0" anonymousclassesunloaded="0" quiescems="0.000" setupms="0.083" scanms="0.000" postms="0.000" />
</gc-op>
<gc-op id="9" type="sweep" timems="0.583" contextid="4" timestamp="2019-06-15T04:11:40.030" />
<gc-op id="10" type="compact" timems="4.361" contextid="4" timestamp="2019-06-15T04:11:40.035">
  <compact-info movecount="17842" movebytes="855368" />
  <remembered-set-cleared processed="1058" cleared="1058" durationms="0.216" />
</gc-op>
<gc-end id="11" type="global garbage collect" contextid="4" durationms="10.131" usertimems="4.000" systemtimems="8.000" timestamp="2019-06-15T04:11:40.035" activeThreads="4">
  <mem-info id="12" free="7340032" total="8388608" percent="87">
    <pending-finalizers system="1" default="0" reference="413" classloader="0" />
    <remembered-set count="0" freebytes="334848" totalbytes="334848" percent="100" regionsoverflowed="0" regionsstable="0" regionsrebuilding="0"/>
  </mem-info>
</gc-end>
<cycle-end id="13" type="global garbage collect" contextid="4" timestamp="2019-06-15T04:11:40.035" />
  <attribute name="elasticGC enabled" value="1" />
  <attribute name= "numThreadsSpecified" value="4" />
  <attribute name="heapSize specified" value="0" />
  <attribute name="Current GC Util" value="33" />
  <attribute name= "Current Time Running" value="796" />
  <attribute name ="GC Interval" value="0" />
  <attribute name="ProportionalT" value="6.500000" />
  <attribute name="ProportionalI" value="6.500000" />
  <attribute name="ProportionalH" value="6.500000" />
  <attribute name="Current Error" value="13.000000" />
  <attribute name="IntegralT" value="-15596.000000" />
  <attribute name="IntegralI" value="-15596.000000" />
  <attribute name="IntegralH" value="-15596.000000" />
  <attribute name="DerivativeT" value="-inf" />
  <attribute name="DerivativeI" value="-inf" />
  <attribute name="DerivativeH" value="-inf" />
  <attribute name="Loop Time for DT" value="0.000000" />
  <attribute name="Output H" value="2091843584"/>
  <attribute name="Output I" value="200"/>
  <attribute name="Output T" value="4"/>
  <attribute name="Target GC Util Change" value ="20.000000" />
  <attribute name="Current GC Util Change" value="33.000000"/>
  <attribute name="GC Util currently" value="33" />
  <attribute name="CPU Util currently" value="5700646271758" />
<sys-end id="14" timestamp="2019-06-15T04:11:40.036" />
<exclusive-end id="15" timestamp="2019-06-15T04:11:40.036" durationms="12.153" />

<exclusive-start id="16" timestamp="2019-06-15T04:11:41.093" intervalms="1069.692">
  <response-info timems="0.026" idlems="0.026" threads="0" lastid="0000000001052500" lastname="node-1" />
</exclusive-start>
<allocation-taxation id="17" taxation-threshold="7340032" timestamp="2019-06-15T04:11:41.093" intervalms="1973.537" />
<cycle-start id="18" type="partial gc" contextid="0" timestamp="2019-06-15T04:11:41.094" intervalms="1973.672" />
<gc-start id="19" type="partial gc" contextid="18" timestamp="2019-06-15T04:11:41.094">
  <mem-info id="20" free="0" total="8388608" percent="0">
    <mem type="eden" free="0" total="7340032" percent="0" />
    <remembered-set count="0" freebytes="334848" totalbytes="334848" percent="100" regionsoverflowed="0" regionsstable="0" regionsrebuilding="0"/>
  </mem-info>
</gc-start>
<allocation-stats totalBytes="7330120" >
  <allocated-bytes non-tlh="172800" tlh="7157320" arrayletleaf="0"/>
  <largest-consumer threadName="main" threadId="0000000000D9C700" bytes="6150008" />
</allocation-stats>
<gc-op id="21" type="mark" timems="2.314" contextid="18" timestamp="2019-06-15T04:11:41.097">
  <trace-info objectcount="23847" scancount="20750" scanbytes="741052" />
  <cardclean-info objects="1117" bytes="38784" />
  <remembered-set-cleared processed="0" cleared="0" durationms="0.043" />
  <references type="weak" candidates="45" cleared="44" enqueued="44" />
  <references type="phantom" candidates="4" cleared="2" enqueued="2" />
  <stringconstants candidates="3831" cleared="0"  />
  <warning details="Mark invoked due to insufficient free space for Copy-Forward" />
</gc-op>
<gc-op id="22" type="classunload" timems="0.002" contextid="18" timestamp="2019-06-15T04:11:41.097">
  <classunload-info classloadercandidates="6" classloadersunloaded="0" classesunloaded="0" anonymousclassesunloaded="0" quiescems="0.000" setupms="0.001" scanms="0.000" postms="0.000" />
</gc-op>
<gc-op id="23" type="sweep" timems="0.341" contextid="18" timestamp="2019-06-15T04:11:41.097" />
<gc-op id="24" type="compact" timems="4.062" contextid="18" timestamp="2019-06-15T04:11:41.101">
  <compact-info movecount="23847" movebytes="1030168" />
  <remembered-set-cleared processed="816" cleared="816" durationms="0.044" />
</gc-op>
<gc-end id="25" type="partial gc" contextid="18" durationms="7.985" usertimems="8.000" systemtimems="0.000" timestamp="2019-06-15T04:11:41.102" activeThreads="1">
  <mem-info id="26" free="6291456" total="8388608" percent="75">
    <mem type="eden" free="18408" total="1048576" percent="1" />
    <pending-finalizers system="0" default="0" reference="46" classloader="0" />
    <remembered-set count="512" freebytes="332800" totalbytes="334848" percent="99" regionsoverflowed="0" regionsstable="0" regionsrebuilding="0"/>
  </mem-info>
</gc-end>
<cycle-end id="27" type="partial gc" contextid="18" timestamp="2019-06-15T04:11:41.102" />
  <attribute name="elasticGC enabled" value="1" />
  <attribute name= "numThreadsSpecified" value="1" />
  <attribute name="heapSize specified" value="0" />
  <attribute name="Current GC Util" value="24" />
  <attribute name= "Current Time Running" value="1863" />
  <attribute name ="GC Interval" value="0" />
  <attribute name="ProportionalT" value="2.000000" />
  <attribute name="ProportionalI" value="2.000000" />
  <attribute name="ProportionalH" value="2.000000" />
  <attribute name="Current Error" value="4.000000" />
  <attribute name="IntegralT" value="0.000000" />
  <attribute name="IntegralI" value="0.000000" />
  <attribute name="IntegralH" value="0.000000" />
  <attribute name="DerivativeT" value="inf" />
  <attribute name="DerivativeI" value="inf" />
  <attribute name="DerivativeH" value="inf" />
  <attribute name="Loop Time for DT" value="0.000000" />
  <attribute name="Output H" value="8388608"/>
  <attribute name="Output I" value="200"/>
  <attribute name="Output T" value="1"/>
  <attribute name="Target GC Util Change" value ="20.000000" />
  <attribute name="Current GC Util Change" value="24.000000"/>
  <attribute name="GC Util currently" value="24" />
  <attribute name="CPU Util currently" value="8630281809934" />
<exclusive-end id="28" timestamp="2019-06-15T04:11:41.102" durationms="8.763" />

<exclusive-start id="29" timestamp="2019-06-15T04:11:42.126" intervalms="1033.035">
  <response-info timems="0.036" idlems="0.036" threads="0" lastid="0000000001056100" lastname="node-2" />
</exclusive-start>
<allocation-taxation id="30" taxation-threshold="3145728" timestamp="2019-06-15T04:11:42.126" intervalms="1032.961" />
<cycle-start id="31" type="global mark phase" contextid="0" timestamp="2019-06-15T04:11:42.127" intervalms="3006.723" />
<gc-start id="32" type="global mark phase" contextid="31" timestamp="2019-06-15T04:11:42.127">
  <mem-info id="33" free="3145728" total="8388608" percent="37">
    <remembered-set count="384" freebytes="333312" totalbytes="334848" percent="99" regionsoverflowed="0" regionsstable="0" regionsrebuilding="0"/>
  </mem-info>
</gc-start>
<gc-op id="34" type="mark increment" timems="0.625" contextid="31" timestamp="2019-06-15T04:11:42.127">
  <trace-info objectcount="143" scancount="0" scanbytes="0" />
</gc-op>
<gc-end id="35" type="global mark phase" contextid="31" durationms="0.793" usertimems="4.000" systemtimems="0.000" timestamp="2019-06-15T04:11:42.127" activeThreads="1">
  <mem-info id="36" free="3145728" total="8388608" percent="37">
    <remembered-set count="384" freebytes="333312" totalbytes="334848" percent="99" regionsoverflowed="0" regionsstable="0" regionsrebuilding="0"/>
  </mem-info>
</gc-end>
<concurrent-start id="37" type="GMP work packet processing" contextid="31" timestamp="2019-06-15T04:11:42.128">
  <concurrent-mark-start scanTarget="18446744073709551615" />
</concurrent-start>
<exclusive-end id="38" timestamp="2019-06-15T04:11:42.128" durationms="1.397" />

<concurrent-end id="39" type="GMP work packet processing" contextid="31" timestamp="2019-06-15T04:11:42.129">
  <concurrent-mark-end bytesScanned="1181644" reasonForTermination="Completed all work in GC phase" />
</concurrent-end>

<exclusive-start id="40" timestamp="2019-06-15T04:11:43.149" intervalms="1022.593">
  <response-info timems="0.028" idlems="0.028" threads="0" lastid="0000000001052500" lastname="node-1" />
</exclusive-start>
<allocation-taxation id="41" taxation-threshold="3145728" timestamp="2019-06-15T04:11:43.149" intervalms="1022.598" />
<cycle-start id="42" type="partial gc" contextid="0" timestamp="2019-06-15T04:11:43.149" intervalms="2055.503" />
<gc-start id="43" type="partial gc" contextid="42" timestamp="2019-06-15T04:11:43.149">
  <mem-info id="44" free="0" total="8388608" percent="0">
    <mem type="eden" free="18408" total="7340032" percent="0" />
    <remembered-set count="384" freebytes="333312" totalbytes="334848" percent="99" regionsoverflowed="0" regionsstable="0" regionsrebuilding="0"/>
  </mem-info>
</gc-start>
<allocation-stats totalBytes="6290080" >
  <allocated-bytes non-tlh="0" tlh="6290080" arrayletleaf="0"/>
  <largest-consumer threadName="node-0" threadId="0000000001059D00" bytes="1085320" />
</allocation-stats>
<gc-op id="45" type="mark" timems="1.615" contextid="42" timestamp="2019-06-15T04:11:43.151">
  <trace-info objectcount="23683" scancount="20622" scanbytes="737964" />
  <cardclean-info objects="61" bytes="4380" />
  <remembered-set-cleared processed="345" cleared="345" durationms="0.044" />
  <references type="weak" candidates="1" cleared="0" enqueued="0" />
  <references type="phantom" candidates="2" cleared="0" enqueued="0" />
  <stringconstants candidates="3831" cleared="0"  />
  <warning details="Mark invoked due to insufficient free space for Copy-Forward" />
</gc-op>
<gc-op id="46" type="classunload" timems="0.002" contextid="42" timestamp="2019-06-15T04:11:43.151">
  <classunload-info classloadercandidates="6" classloadersunloaded="0" classesunloaded="0" anonymousclassesunloaded="0" quiescems="0.000" setupms="0.001" scanms="0.000" postms="0.000" />
</gc-op>
<gc-op id="47" type="sweep" timems="0.496" contextid="42" timestamp="2019-06-15T04:11:43.152" />
<gc-op id="48" type="compact" timems="3.695" contextid="42" timestamp="2019-06-15T04:11:43.156">
  <compact-info movecount="23683" movebytes="1025848" />
  <remembered-set-cleared processed="1100" cleared="1100" durationms="0.044" />
</gc-op>
<gc-end id="49" type="partial gc" contextid="42" durationms="6.914" usertimems="8.000" systemtimems="0.000" timestamp="2019-06-15T04:11:43.156" activeThreads="1">
  <mem-info id="50" free="5242880" total="8388608" percent="62">
    <mem type="eden" free="1071304" total="2097152" percent="51" />
    <remembered-set count="512" freebytes="332800" totalbytes="334848" percent="99" regionsoverflowed="0" regionsstable="0" regionsrebuilding="0"/>
  </mem-info>
</gc-end>
<cycle-end id="51" type="partial gc" contextid="42" timestamp="2019-06-15T04:11:43.156" />
  <attribute name="elasticGC enabled" value="1" />
  <attribute name= "numThreadsSpecified" value="1" />
  <attribute name="heapSize specified" value="0" />
  <attribute name="Current GC Util" value="25" />
  <attribute name= "Current Time Running" value="3918" />
  <attribute name ="GC Interval" value="0" />
  <attribute name="ProportionalT" value="2.500000" />
  <attribute name="ProportionalI" value="2.500000" />
  <attribute name="ProportionalH" value="2.500000" />
  <attribute name="Current Error" value="5.000000" />
  <attribute name="IntegralT" value="0.000000" />
  <attribute name="IntegralI" value="0.000000" />
  <attribute name="IntegralH" value="0.000000" />
  <attribute name="DerivativeT" value="inf" />
  <attribute name="DerivativeI" value="inf" />
  <attribute name="DerivativeH" value="inf" />
  <attribute name="Loop Time for DT" value="0.000000" />
  <attribute name="Output H" value="8388608"/>
  <attribute name="Output I" value="200"/>
  <attribute name="Output T" value="1"/>
  <attribute name="Target GC Util Change" value ="20.000000" />
  <attribute name="Current GC Util Change" value="25.000000"/>
  <attribute name="GC Util currently" value="25" />
  <attribute name="CPU Util currently" value="6592728374534" />
<exclusive-end id="52" timestamp="2019-06-15T04:11:43.156" durationms="7.587" />

<exclusive-start id="53" timestamp="2019-06-15T04:11:43.807" intervalms="658.189">
  <response-info timems="0.034" idlems="0.034" threads="0" lastid="0000000001059D00" lastname="node-0" />
</exclusive-start>
<allocation-taxation id="54" taxation-threshold="2097152" timestamp="2019-06-15T04:11:43.807" intervalms="658.165" />
<gc-start id="55" type="global mark phase" contextid="31" timestamp="2019-06-15T04:11:43.807">
  <mem-info id="56" free="3145728" total="8388608" percent="37">
    <remembered-set count="416" freebytes="333184" totalbytes="334848" percent="99" regionsoverflowed="0" regionsstable="0" regionsrebuilding="0"/>
  </mem-info>
</gc-start>
<gc-op id="57" type="mark increment" timems="1.320" contextid="31" timestamp="2019-06-15T04:11:43.809">
  <trace-info objectcount="23676" scancount="20620" scanbytes="737860" />
  <cardclean-info objects="308" bytes="12164" />
  <finalization candidates="13" enqueued="0" />
  <references type="soft" candidates="66" cleared="0" enqueued="0" dynamicThreshold="20" maxThreshold="32" />
  <references type="weak" candidates="143" cleared="0" enqueued="0" />
  <references type="phantom" candidates="59" cleared="2" enqueued="2" />
  <stringconstants candidates="3831" cleared="0"  />
</gc-op>
<gc-op id="58" type="classunload" timems="0.002" contextid="31" timestamp="2019-06-15T04:11:43.809">
  <classunload-info classloadercandidates="6" classloadersunloaded="0" classesunloaded="0" anonymousclassesunloaded="0" quiescems="0.000" setupms="0.001" scanms="0.000" postms="0.000" />
</gc-op>
<gc-end id="59" type="global mark phase" contextid="31" durationms="1.554" usertimems="4.000" systemtimems="0.000" timestamp="2019-06-15T04:11:43.809" activeThreads="1">
  <mem-info id="60" free="3145728" total="8388608" percent="37">
    <pending-finalizers system="0" default="0" reference="2" classloader="0" />
    <remembered-set count="416" freebytes="333184" totalbytes="334848" percent="99" regionsoverflowed="0" regionsstable="0" regionsrebuilding="0"/>
  </mem-info>
</gc-end>
<cycle-end id="61" type="global mark phase" contextid="31" timestamp="2019-06-15T04:11:43.809" />
  <attribute name="elasticGC enabled" value="1" />
  <attribute name= "numThreadsSpecified" value="1" />
  <attribute name="heapSize specified" value="0" />
  <attribute name="Current GC Util" value="86" />
  <attribute name= "Current Time Running" value="4574" />
  <attribute name ="GC Interval" value="0" />
  <attribute name="ProportionalT" value="33.000000" />
  <attribute name="ProportionalI" value="33.000000" />
  <attribute name="ProportionalH" value="33.000000" />
  <attribute name="Current Error" value="66.000000" />
  <attribute name="IntegralT" value="0.000000" />
  <attribute name="IntegralI" value="0.000000" />
  <attribute name="IntegralH" value="0.000000" />
  <attribute name="DerivativeT" value="inf" />
  <attribute name="DerivativeI" value="inf" />
  <attribute name="DerivativeH" value="inf" />
  <attribute name="Loop Time for DT" value="0.000000" />
  <attribute name="Output H" value="8388608"/>
  <attribute name="Output I" value="200"/>
  <attribute name="Output T" value="1"/>
  <attribute name="Target GC Util Change" value ="20.000000" />
  <attribute name="Current GC Util Change" value="86.000000"/>
  <attribute name="GC Util currently" value="86" />
  <attribute name="CPU Util currently" value="7088205937488" />
<exclusive-end id="62" timestamp="2019-06-15T04:11:43.809" durationms="1.999" />

<exclusive-start id="63" timestamp="2019-06-15T04:11:44.445" intervalms="637.672">
  <response-info timems="0.033" idlems="0.033" threads="0" lastid="0000000001056100" lastname="node-2" />
</exclusive-start>
<allocation-taxation id="64" taxation-threshold="2097152" timestamp="2019-06-15T04:11:44.445" intervalms="637.702" />
<cycle-start id="65" type="partial gc" contextid="0" timestamp="2019-06-15T04:11:44.445" intervalms="1295.875" />
<gc-start id="66" type="partial gc" contextid="65" timestamp="2019-06-15T04:11:44.445">
  <mem-info id="67" free="1048576" total="8388608" percent="12">
    <mem type="eden" free="1047224" total="5242880" percent="19" />
    <remembered-set count="416" freebytes="333184" totalbytes="334848" percent="99" regionsoverflowed="0" regionsstable="0" regionsrebuilding="0"/>
  </mem-info>
</gc-start>
<allocation-stats totalBytes="4193504" >
  <allocated-bytes non-tlh="0" tlh="4193504" arrayletleaf="0"/>
  <largest-consumer threadName="node-0" threadId="0000000001059D00" bytes="745064" />
</allocation-stats>
<gc-op id="68" type="sweep" timems="0.433" contextid="65" timestamp="2019-06-15T04:11:44.446" />
<gc-op id="69" type="copy forward" timems="2.444" contextid="65" timestamp="2019-06-15T04:11:44.449">
  <memory-copied type="eden" objects="18" bytes="312" bytesdiscarded="1480" />
  <memory-copied type="other" objects="0" bytes="0" bytesdiscarded="0" />
  <memory-cardclean objects="216" bytes="7752" />
  <regions eden="2" other="1" />
  <remembered-set-cleared processed="360" cleared="12" durationms="0.053" />
  <stringconstants candidates="3831" cleared="0"  />
</gc-op>
<gc-op id="70" type="classunload" timems="0.002" contextid="65" timestamp="2019-06-15T04:11:44.449">
  <classunload-info classloadercandidates="6" classloadersunloaded="0" classesunloaded="0" anonymousclassesunloaded="0" quiescems="0.000" setupms="0.002" scanms="0.000" postms="0.000" />
</gc-op>
<gc-end id="71" type="partial gc" contextid="65" durationms="3.924" usertimems="0.000" systemtimems="4.000" timestamp="2019-06-15T04:11:44.449" activeThreads="4">
  <mem-info id="72" free="5242880" total="8388608" percent="62">
    <mem type="eden" free="1046784" total="1048576" percent="99" />
    <remembered-set count="1920" freebytes="327168" totalbytes="334848" percent="97" regionsoverflowed="0" regionsstable="0" regionsrebuilding="0"/>
  </mem-info>
</gc-end>
<cycle-end id="73" type="partial gc" contextid="65" timestamp="2019-06-15T04:11:44.449" />
  <attribute name="elasticGC enabled" value="1" />
  <attribute name= "numThreadsSpecified" value="4" />
  <attribute name="heapSize specified" value="0" />
  <attribute name="Current GC Util" value="0" />
  <attribute name= "Current Time Running" value="5213" />
  <attribute name ="GC Interval" value="0" />
  <attribute name="ProportionalT" value="-10.000000" />
  <attribute name="ProportionalI" value="-10.000000" />
  <attribute name="ProportionalH" value="-10.000000" />
  <attribute name="Current Error" value="-20.000000" />
  <attribute name="IntegralT" value="-20.000000" />
  <attribute name="IntegralI" value="-20.000000" />
  <attribute name="IntegralH" value="-20.000000" />
  <attribute name="DerivativeT" value="-36.000000" />
  <attribute name="DerivativeI" value="-36.000000" />
  <attribute name="DerivativeH" value="-36.000000" />
  <attribute name="Loop Time for DT" value="1.000000" />
  <attribute name="Output H" value="2091843584"/>
  <attribute name="Output I" value="200"/>
  <attribute name="Output T" value="4"/>
  <attribute name="Target GC Util Change" value ="20.000000" />
  <attribute name="Current GC Util Change" value="0.000000"/>
  <attribute name="GC Util currently" value="0" />
  <attribute name="CPU Util currently" value="12770260926959" />
<exclusive-end id="74" timestamp="2019-06-15T04:11:44.449" durationms="4.579" />

<exclusive-start id="75" timestamp="2019-06-15T04:11:45.106" intervalms="660.821">
  <response-info timems="0.029" idlems="0.029" threads="0" lastid="0000000001056100" lastname="node-2" />
</exclusive-start>
<allocation-taxation id="76" taxation-threshold="2097152" timestamp="2019-06-15T04:11:45.106" intervalms="660.804" />
<cycle-start id="77" type="global mark phase" contextid="0" timestamp="2019-06-15T04:11:45.106" intervalms="2979.125" />
<gc-start id="78" type="global mark phase" contextid="77" timestamp="2019-06-15T04:11:45.106">
  <mem-info id="79" free="3145728" total="8388608" percent="37">
    <remembered-set count="1536" freebytes="328704" totalbytes="334848" percent="98" regionsoverflowed="0" regionsstable="1" regionsrebuilding="0"/>
  </mem-info>
</gc-start>
<gc-op id="80" type="mark increment" timems="0.433" contextid="77" timestamp="2019-06-15T04:11:45.106">
  <trace-info objectcount="169" scancount="0" scanbytes="0" />
</gc-op>
<gc-end id="81" type="global mark phase" contextid="77" durationms="0.528" usertimems="0.000" systemtimems="0.000" timestamp="2019-06-15T04:11:45.106" activeThreads="1">
  <mem-info id="82" free="3145728" total="8388608" percent="37">
    <remembered-set count="1536" freebytes="328704" totalbytes="334848" percent="98" regionsoverflowed="0" regionsstable="0" regionsrebuilding="1"/>
  </mem-info>
</gc-end>
<concurrent-start id="83" type="GMP work packet processing" contextid="77" timestamp="2019-06-15T04:11:45.106">
  <concurrent-mark-start scanTarget="18446744073709551615" />
</concurrent-start>
<exclusive-end id="84" timestamp="2019-06-15T04:11:45.106" durationms="0.877" />

<concurrent-end id="85" type="GMP work packet processing" contextid="77" timestamp="2019-06-15T04:11:45.108">
  <concurrent-mark-end bytesScanned="1181540" reasonForTermination="Completed all work in GC phase" />
</concurrent-end>

<exclusive-start id="86" timestamp="2019-06-15T04:11:45.731" intervalms="625.151">
  <response-info timems="0.037" idlems="0.037" threads="0" lastid="0000000001059D00" lastname="node-0" />
</exclusive-start>
<allocation-taxation id="87" taxation-threshold="2097152" timestamp="2019-06-15T04:11:45.731" intervalms="625.153" />
<cycle-start id="88" type="partial gc" contextid="0" timestamp="2019-06-15T04:11:45.731" intervalms="1285.954" />
<gc-start id="89" type="partial gc" contextid="88" timestamp="2019-06-15T04:11:45.731">
  <mem-info id="90" free="1048576" total="8388608" percent="12">
    <mem type="eden" free="1046784" total="5242880" percent="19" />
    <remembered-set count="2016" freebytes="326784" totalbytes="334848" percent="97" regionsoverflowed="0" regionsstable="0" regionsrebuilding="1"/>
  </mem-info>
</gc-start>
<allocation-stats totalBytes="4193112" >
  <allocated-bytes non-tlh="0" tlh="4193112" arrayletleaf="0"/>
  <largest-consumer threadName="node-1" threadId="0000000001052500" bytes="745312" />
</allocation-stats>
<gc-op id="91" type="copy forward" timems="0.543" contextid="88" timestamp="2019-06-15T04:11:45.732">
  <memory-copied type="eden" objects="18" bytes="312" bytesdiscarded="0" />
  <memory-copied type="other" objects="0" bytes="0" bytesdiscarded="0" />
  <memory-cardclean objects="177" bytes="6008" />
  <regions eden="4" other="1" />
  <remembered-set-cleared processed="759" cleared="18" durationms="0.047" />
  <stringconstants candidates="3831" cleared="0"  />
</gc-op>
<gc-op id="92" type="classunload" timems="0.014" contextid="88" timestamp="2019-06-15T04:11:45.732">
  <classunload-info classloadercandidates="6" classloadersunloaded="0" classesunloaded="0" anonymousclassesunloaded="0" quiescems="0.000" setupms="0.014" scanms="0.000" postms="0.000" />
</gc-op>
<gc-op id="93" type="compact" timems="0.786" contextid="88" timestamp="2019-06-15T04:11:45.733">
  <compact-info movecount="0" movebytes="0" />
  <remembered-set-cleared processed="1518" cleared="18" durationms="0.047" />
</gc-op>
<gc-end id="94" type="partial gc" contextid="88" durationms="2.348" usertimems="4.000" systemtimems="0.000" timestamp="2019-06-15T04:11:45.733" activeThreads="4">
  <mem-info id="95" free="5242880" total="8388608" percent="62">
    <mem type="eden" free="1048264" total="1048576" percent="99" />
    <remembered-set count="896" freebytes="331264" totalbytes="334848" percent="98" regionsoverflowed="0" regionsstable="0" regionsrebuilding="1"/>
  </mem-info>
</gc-end>
<cycle-end id="96" type="partial gc" contextid="88" timestamp="2019-06-15T04:11:45.734" />
  <attribute name="elasticGC enabled" value="1" />
  <attribute name= "numThreadsSpecified" value="4" />
  <attribute name="heapSize specified" value="0" />
  <attribute name="Current GC Util" value="0" />
  <attribute name= "Current Time Running" value="6499" />
  <attribute name ="GC Interval" value="0" />
  <attribute name="ProportionalT" value="-10.000000" />
  <attribute name="ProportionalI" value="-10.000000" />
  <attribute name="ProportionalH" value="-10.000000" />
  <attribute name="Current Error" value="-20.000000" />
  <attribute name="IntegralT" value="-20.000000" />
  <attribute name="IntegralI" value="-20.000000" />
  <attribute name="IntegralH" value="-20.000000" />
  <attribute name="DerivativeT" value="-61.500000" />
  <attribute name="DerivativeI" value="-61.500000" />
  <attribute name="DerivativeH" value="-61.500000" />
  <attribute name="Loop Time for DT" value="1.000000" />
  <attribute name="Output H" value="2091843584"/>
  <attribute name="Output I" value="200"/>
  <attribute name="Output T" value="4"/>
  <attribute name="Target GC Util Change" value ="20.000000" />
  <attribute name="Current GC Util Change" value="0.000000"/>
  <attribute name="GC Util currently" value="0" />
  <attribute name="CPU Util currently" value="5557989270870" />
<exclusive-end id="97" timestamp="2019-06-15T04:11:45.734" durationms="3.062" />

<exclusive-start id="98" timestamp="2019-06-15T04:11:46.367" intervalms="636.398">
  <response-info timems="0.039" idlems="0.039" threads="0" lastid="0000000001056100" lastname="node-2" />
</exclusive-start>
<allocation-taxation id="99" taxation-threshold="2097152" timestamp="2019-06-15T04:11:46.367" intervalms="636.393" />
<gc-start id="100" type="global mark phase" contextid="77" timestamp="2019-06-15T04:11:46.367">
  <mem-info id="101" free="3145728" total="8388608" percent="37">
    <remembered-set count="896" freebytes="331264" totalbytes="334848" percent="98" regionsoverflowed="0" regionsstable="0" regionsrebuilding="1"/>
  </mem-info>
</gc-start>
<gc-op id="102" type="mark increment" timems="0.993" contextid="77" timestamp="2019-06-15T04:11:46.368">
  <trace-info objectcount="21" scancount="21" scanbytes="408" />
  <cardclean-info objects="188" bytes="6120" />
  <finalization candidates="13" enqueued="0" />
  <references type="soft" candidates="66" cleared="0" enqueued="0" dynamicThreshold="20" maxThreshold="32" />
  <references type="weak" candidates="143" cleared="0" enqueued="0" />
  <references type="phantom" candidates="57" cleared="0" enqueued="0" />
  <stringconstants candidates="3831" cleared="0"  />
</gc-op>
<gc-op id="103" type="classunload" timems="0.002" contextid="77" timestamp="2019-06-15T04:11:46.368">
  <classunload-info classloadercandidates="6" classloadersunloaded="0" classesunloaded="0" anonymousclassesunloaded="0" quiescems="0.000" setupms="0.002" scanms="0.000" postms="0.000" />
</gc-op>
<gc-end id="104" type="global mark phase" contextid="77" durationms="1.299" usertimems="0.000" systemtimems="0.000" timestamp="2019-06-15T04:11:46.369" activeThreads="4">
  <mem-info id="105" free="3145728" total="8388608" percent="37">
    <remembered-set count="896" freebytes="331264" totalbytes="334848" percent="98" regionsoverflowed="0" regionsstable="0" regionsrebuilding="0"/>
  </mem-info>
</gc-end>
<cycle-end id="106" type="global mark phase" contextid="77" timestamp="2019-06-15T04:11:46.369" />
  <attribute name="elasticGC enabled" value="1" />
  <attribute name= "numThreadsSpecified" value="4" />
  <attribute name="heapSize specified" value="0" />
  <attribute name="Current GC Util" value="0" />
  <attribute name= "Current Time Running" value="7134" />
  <attribute name ="GC Interval" value="0" />
  <attribute name="ProportionalT" value="-10.000000" />
  <attribute name="ProportionalI" value="-10.000000" />
  <attribute name="ProportionalH" value="-10.000000" />
  <attribute name="Current Error" value="-20.000000" />
  <attribute name="IntegralT" value="0.000000" />
  <attribute name="IntegralI" value="0.000000" />
  <attribute name="IntegralH" value="0.000000" />
  <attribute name="DerivativeT" value="-inf" />
  <attribute name="DerivativeI" value="-inf" />
  <attribute name="DerivativeH" value="-inf" />
  <attribute name="Loop Time for DT" value="0.000000" />
  <attribute name="Output H" value="2091843584"/>
  <attribute name="Output I" value="200"/>
  <attribute name="Output T" value="4"/>
  <attribute name="Target GC Util Change" value ="20.000000" />
  <attribute name="Current GC Util Change" value="0.000000"/>
  <attribute name="GC Util currently" value="0" />
  <attribute name="CPU Util currently" value="86993247142946" />
<exclusive-end id="107" timestamp="2019-06-15T04:11:46.369" durationms="1.726" />

<exclusive-start id="108" timestamp="2019-06-15T04:11:47.027" intervalms="660.213">
  <response-info timems="0.029" idlems="0.029" threads="0" lastid="0000000001059D00" lastname="node-0" />
</exclusive-start>
<allocation-taxation id="109" taxation-threshold="2097152" timestamp="2019-06-15T04:11:47.027" intervalms="660.208" />
<cycle-start id="110" type="partial gc" contextid="0" timestamp="2019-06-15T04:11:47.027" intervalms="1296.596" />
<gc-start id="111" type="partial gc" contextid="110" timestamp="2019-06-15T04:11:47.028">
  <mem-info id="112" free="1048576" total="8388608" percent="12">
    <mem type="eden" free="1048264" total="5242880" percent="19" />
    <remembered-set count="96" freebytes="334464" totalbytes="334848" percent="99" regionsoverflowed="0" regionsstable="1" regionsrebuilding="0"/>
  </mem-info>
</gc-start>
<allocation-stats totalBytes="4193696" >
  <allocated-bytes non-tlh="0" tlh="4193696" arrayletleaf="0"/>
  <largest-consumer threadName="node-2" threadId="0000000001056100" bytes="720816" />
</allocation-stats>
<gc-op id="113" type="sweep" timems="0.380" contextid="110" timestamp="2019-06-15T04:11:47.028" />
<gc-op id="114" type="copy forward" timems="0.458" contextid="110" timestamp="2019-06-15T04:11:47.029">
  <memory-copied type="eden" objects="19" bytes="336" bytesdiscarded="0" />
  <memory-copied type="other" objects="0" bytes="0" bytesdiscarded="0" />
  <memory-cardclean objects="177" bytes="6008" />
  <regions eden="2" other="1" />
  <remembered-set-cleared processed="31" cleared="1" durationms="0.042" />
  <stringconstants candidates="3831" cleared="0"  />
</gc-op>
<gc-op id="115" type="classunload" timems="0.002" contextid="110" timestamp="2019-06-15T04:11:47.029">
  <classunload-info classloadercandidates="6" classloadersunloaded="0" classesunloaded="0" anonymousclassesunloaded="0" quiescems="0.000" setupms="0.002" scanms="0.000" postms="0.000" />
</gc-op>
<gc-op id="116" type="compact" timems="0.780" contextid="110" timestamp="2019-06-15T04:11:47.030">
  <compact-info movecount="0" movebytes="0" />
  <remembered-set-cleared processed="72" cleared="1" durationms="0.042" />
</gc-op>
<gc-end id="117" type="partial gc" contextid="110" durationms="2.547" usertimems="4.000" systemtimems="0.000" timestamp="2019-06-15T04:11:47.030" activeThreads="4">
  <mem-info id="118" free="5242880" total="8388608" percent="62">
    <mem type="eden" free="1048240" total="1048576" percent="99" />
    <remembered-set count="96" freebytes="334464" totalbytes="334848" percent="99" regionsoverflowed="0" regionsstable="1" regionsrebuilding="0"/>
  </mem-info>
</gc-end>
<cycle-end id="119" type="partial gc" contextid="110" timestamp="2019-06-15T04:11:47.030" />
  <attribute name="elasticGC enabled" value="1" />
  <attribute name= "numThreadsSpecified" value="4" />
  <attribute name="heapSize specified" value="0" />
  <attribute name="Current GC Util" value="0" />
  <attribute name= "Current Time Running" value="7795" />
  <attribute name ="GC Interval" value="0" />
  <attribute name="ProportionalT" value="-10.000000" />
  <attribute name="ProportionalI" value="-10.000000" />
  <attribute name="ProportionalH" value="-10.000000" />
  <attribute name="Current Error" value="-20.000000" />
  <attribute name="IntegralT" value="0.000000" />
  <attribute name="IntegralI" value="0.000000" />
  <attribute name="IntegralH" value="0.000000" />
  <attribute name="DerivativeT" value="-inf" />
  <attribute name="DerivativeI" value="-inf" />
  <attribute name="DerivativeH" value="-inf" />
  <attribute name="Loop Time for DT" value="0.000000" />
  <attribute name="Output H" value="2091843584"/>
  <attribute name="Output I" value="200"/>
  <attribute name="Output T" value="4"/>
  <attribute name="Target GC Util Change" value ="20.000000" />
  <attribute name="Current GC Util Change" value="0.000000"/>
  <attribute name="GC Util currently" value="0" />
  <attribute name="CPU Util currently" value="7274147757124" />
<exclusive-end id="120" timestamp="2019-06-15T04:11:47.030" durationms="3.025" />

<exclusive-start id="121" timestamp="2019-06-15T04:11:47.695" intervalms="667.720">
  <response-info timems="0.029" idlems="0.029" threads="0" lastid="0000000001059D00" lastname="node-0" />
</exclusive-start>
<allocation-taxation id="122" taxation-threshold="2097152" timestamp="2019-06-15T04:11:47.695" intervalms="667.724" />
<cycle-start id="123" type="global mark phase" contextid="0" timestamp="2019-06-15T04:11:47.695" intervalms="2589.526" />
<gc-start id="124" type="global mark phase" contextid="123" timestamp="2019-06-15T04:11:47.695">
  <mem-info id="125" free="3145728" total="8388608" percent="37">
    <remembered-set count="96" freebytes="334464" totalbytes="334848" percent="99" regionsoverflowed="0" regionsstable="1" regionsrebuilding="0"/>
  </mem-info>
</gc-start>
<gc-op id="126" type="mark increment" timems="0.404" contextid="123" timestamp="2019-06-15T04:11:47.696">
  <trace-info objectcount="139" scancount="0" scanbytes="0" />
</gc-op>
<gc-end id="127" type="global mark phase" contextid="123" durationms="0.524" usertimems="0.000" systemtimems="0.000" timestamp="2019-06-15T04:11:47.696" activeThreads="1">
  <mem-info id="128" free="3145728" total="8388608" percent="37">
    <remembered-set count="96" freebytes="334464" totalbytes="334848" percent="99" regionsoverflowed="0" regionsstable="0" regionsrebuilding="1"/>
  </mem-info>
</gc-end>
<concurrent-start id="129" type="GMP work packet processing" contextid="123" timestamp="2019-06-15T04:11:47.696">
  <concurrent-mark-start scanTarget="18446744073709551615" />
</concurrent-start>
<exclusive-end id="130" timestamp="2019-06-15T04:11:47.696" durationms="1.070" />

<concurrent-end id="131" type="GMP work packet processing" contextid="123" timestamp="2019-06-15T04:11:47.698">
  <concurrent-mark-end bytesScanned="1181220" reasonForTermination="Completed all work in GC phase" />
</concurrent-end>

</verbosegc>

