<?xml version="1.0" ?>

<verbosegc xmlns="http://www.ibm.com/j9/verbosegc" version="10b4217_CMPRSS">

<initialized id="1" timestamp="2019-06-14T23:03:29.079">
  <attribute name="gcPolicy" value="-Xgcpolicy:balanced" />
  <attribute name="elasticGC enabled" value="1" />
  <attribute name= "numThreadsSpecified" value="0" />
  <attribute name="heapSize specified" value="0" />
  <attribute name="Current GC Util" value="0" />
  <attribute name= "Current Time Running" value="0" />
  <attribute name ="GC Interval" value="0" />
  <attribute name="ProportionalT" value="0.000000" />
  <attribute name="ProportionalI" value="0.000000" />
  <attribute name="ProportionalH" value="0.000000" />
  <attribute name="IntegralT" value="0.000000" />
  <attribute name="IntegralI" value="0.000000" />
  <attribute name="IntegralH" value="0.000000" />
  <attribute name="DerivativeT" value="0.000000" />
  <attribute name="DerivativeI" value="0.000000" />
  <attribute name="DerivativeH" value="0.000000" />
  <attribute name="Target GC Util Change" value ="0.000000" />
  <attribute name="Current GC Util Change" value="0.000000"/>
  <attribute name="Current Error" value="0.000000" />
  <attribute name="Loop Time for DT" value="0.000000" />
  <attribute name="Output H" value="0"/>
  <attribute name="Output I" value="0"/>
  <attribute name="Output T" value="0"/>
  <attribute name="GC Util currently" value="0" />
  <attribute name="CPU Util currently" value="0" />
  <attribute name="maxHeapSize" value="0x7cb00000" />
  <attribute name="initialHeapSize" value="0x800000" />
  <attribute name="compressedRefs" value="true" />
  <attribute name="compressedRefsDisplacement" value="0x0" />
  <attribute name="compressedRefsShift" value="0x0" />
  <attribute name="pageSize" value="0x1000" />
  <attribute name="pageType" value="not used" />
  <attribute name="requestedPageSize" value="0x1000" />
  <attribute name="requestedPageType" value="not used" />
  <attribute name="gcthreads" value="4" />
  <attribute name="packetListSplit" value="4" />
  <attribute name="cacheListSplit" value="4" />
  <attribute name="splitFreeListSplitAmount" value="1" />
  <attribute name="numaNodes" value="0" />
  <region>
    <attribute name="regionSize" value="1048576" />
    <attribute name="regionCount" value="1995" />
    <attribute name="arrayletLeafSize" value="1048576" />
  </region>
  <system>
    <attribute name="physicalMemory" value="8370958336" />
    <attribute name="numCPUs" value="4" />
    <attribute name="architecture" value="amd64" />
    <attribute name="os" value="Linux" />
    <attribute name="osVersion" value="4.4.0-150-generic" />
  </system>
  <vmargs>
    <vmarg name="-Xoptionsfile=/vagrant/jdk/lib/options.default" />
    <vmarg name="-Xlockword:mode=default,noLockword=java/lang/String,noLockword=java/util/MapEntry,noLockword=java/util/HashMap$Entry,noLockword..." />
    <vmarg name="-Xjcl:jclse29" />
    <vmarg name="-Dcom.ibm.oti.vm.bootstrap.library.path=/vagrant/jdk/lib/compressedrefs:/vagrant/jdk/lib" />
    <vmarg name="-Dsun.boot.library.path=/vagrant/jdk/lib/compressedrefs:/vagrant/jdk/lib" />
    <vmarg name="-Djava.library.path=/vagrant/jdk/lib/compressedrefs:/vagrant/jdk/lib:/usr/lib64:/usr/lib" />
    <vmarg name="-Djava.home=/vagrant/jdk" />
    <vmarg name="-Duser.dir=/vagrant" />
    <vmarg name="-Xgcpolicy:balanced" />
    <vmarg name="-Xgcelastic" />
    <vmarg name="-Xcheck:gc:::elasticGC" />
    <vmarg name="-verbose:gc" />
    <vmarg name="-Xloggc:jdk0.5-1-1-small-BAL-4CORE-elasticverbose5avrora.txt" />
    <vmarg name="-Djava.class.path=dacapo-9.12-MR1-bach.jar" />
    <vmarg name="-Dsun.java.command=dacapo-9.12-MR1-bach.jar avrora --size=small" />
    <vmarg name="-Dsun.java.launcher=SUN_STANDARD" />
    <vmarg name="-Dsun.java.launcher.pid=11425" />
  </vmargs>
</initialized>

<exclusive-start id="2" timestamp="2019-06-14T23:04:04.789" intervalms="35709.749">
  <response-info timems="0.040" idlems="0.040" threads="0" lastid="0000000001287700" lastname="main" />
</exclusive-start>
<sys-start reason="explicit" id="3" timestamp="2019-06-14T23:04:04.789" intervalms="35710.080" />
<cycle-start id="4" type="global garbage collect" contextid="0" timestamp="2019-06-14T23:04:04.790" intervalms="35710.484" />
<gc-start id="5" type="global garbage collect" contextid="4" timestamp="2019-06-14T23:04:04.790">
  <mem-info id="6" free="1662824" total="8388608" percent="19">
    <mem type="eden" free="614328" total="7340032" percent="8" />
    <remembered-set count="0" freebytes="334848" totalbytes="334848" percent="100" regionsoverflowed="0" regionsstable="0" regionsrebuilding="0"/>
  </mem-info>
</gc-start>
<allocation-stats totalBytes="6654576" >
  <allocated-bytes non-tlh="529728" tlh="6124848" arrayletleaf="0"/>
  <largest-consumer threadName="main" threadId="0000000001287700" bytes="6580928" />
</allocation-stats>
<gc-op id="7" type="global mark" timems="3.151" contextid="4" timestamp="2019-06-14T23:04:04.793">
  <trace-info objectcount="17849" scancount="14128" scanbytes="463976" />
  <finalization candidates="14" enqueued="1" />
  <references type="soft" candidates="66" cleared="0" enqueued="0" dynamicThreshold="32" maxThreshold="32" />
  <references type="weak" candidates="553" cleared="411" enqueued="372" />
  <references type="phantom" candidates="99" cleared="41" enqueued="41" />
  <stringconstants candidates="2456" cleared="0"  />
</gc-op>
<gc-op id="8" type="classunload" timems="0.104" contextid="4" timestamp="2019-06-14T23:04:04.794">
  <classunload-info classloadercandidates="6" classloadersunloaded="0" classesunloaded="0" anonymousclassesunloaded="0" quiescems="0.000" setupms="0.103" scanms="0.000" postms="0.000" />
</gc-op>
<gc-op id="9" type="sweep" timems="0.596" contextid="4" timestamp="2019-06-14T23:04:04.795" />
<gc-op id="10" type="compact" timems="4.330" contextid="4" timestamp="2019-06-14T23:04:04.799">
  <compact-info movecount="17849" movebytes="1020816" />
  <remembered-set-cleared processed="1064" cleared="1064" durationms="0.195" />
</gc-op>
<gc-end id="11" type="global garbage collect" contextid="4" durationms="10.026" usertimems="8.000" systemtimems="0.000" timestamp="2019-06-14T23:04:04.800" activeThreads="4">
  <mem-info id="12" free="7340032" total="8388608" percent="87">
    <pending-finalizers system="1" default="0" reference="413" classloader="0" />
    <remembered-set count="0" freebytes="334848" totalbytes="334848" percent="100" regionsoverflowed="0" regionsstable="0" regionsrebuilding="0"/>
  </mem-info>
</gc-end>
<cycle-end id="13" type="global garbage collect" contextid="4" timestamp="2019-06-14T23:04:04.800" />
  <attribute name="elasticGC enabled" value="1" />
  <attribute name= "numThreadsSpecified" value="4" />
  <attribute name="heapSize specified" value="0" />
  <attribute name="Current GC Util" value="28" />
  <attribute name= "Current Time Running" value="35597" />
  <attribute name ="GC Interval" value="0" />
  <attribute name="ProportionalT" value="4.000000" />
  <attribute name="ProportionalI" value="4.000000" />
  <attribute name="ProportionalH" value="4.000000" />
  <attribute name="Current Error" value="8.000000" />
  <attribute name="IntegralT" value="-711616.000000" />
  <attribute name="IntegralI" value="-711616.000000" />
  <attribute name="IntegralH" value="-711616.000000" />
  <attribute name="DerivativeT" value="-inf" />
  <attribute name="DerivativeI" value="-inf" />
  <attribute name="DerivativeH" value="-inf" />
  <attribute name="Loop Time for DT" value="0.000000" />
  <attribute name="Output H" value="2091843584"/>
  <attribute name="Output I" value="200"/>
  <attribute name="Output T" value="4"/>
  <attribute name="Target GC Util Change" value ="20.000000" />
  <attribute name="Current GC Util Change" value="28.000000"/>
  <attribute name="GC Util currently" value="28" />
  <attribute name="CPU Util currently" value="5524836523836" />
<sys-end id="14" timestamp="2019-06-14T23:04:04.800" />
<exclusive-end id="15" timestamp="2019-06-14T23:04:04.800" durationms="11.365" />

<exclusive-start id="16" timestamp="2019-06-14T23:04:06.145" intervalms="1355.775">
  <response-info timems="0.033" idlems="0.033" threads="0" lastid="0000000001541100" lastname="node-2" />
</exclusive-start>
<allocation-taxation id="17" taxation-threshold="7340032" timestamp="2019-06-14T23:04:06.145" intervalms="37065.658" />
<cycle-start id="18" type="partial gc" contextid="0" timestamp="2019-06-14T23:04:06.145" intervalms="37065.768" />
<gc-start id="19" type="partial gc" contextid="18" timestamp="2019-06-14T23:04:06.145">
  <mem-info id="20" free="0" total="8388608" percent="0">
    <mem type="eden" free="0" total="7340032" percent="0" />
    <remembered-set count="0" freebytes="334848" totalbytes="334848" percent="100" regionsoverflowed="0" regionsstable="0" regionsrebuilding="0"/>
  </mem-info>
</gc-start>
<allocation-stats totalBytes="7322296" >
  <allocated-bytes non-tlh="172800" tlh="7149496" arrayletleaf="0"/>
  <largest-consumer threadName="main" threadId="0000000001287700" bytes="5875336" />
</allocation-stats>
<gc-op id="21" type="mark" timems="2.686" contextid="18" timestamp="2019-06-14T23:04:06.148">
  <trace-info objectcount="23848" scancount="20751" scanbytes="741076" />
  <cardclean-info objects="1208" bytes="40892" />
  <remembered-set-cleared processed="0" cleared="0" durationms="0.075" />
  <references type="weak" candidates="45" cleared="44" enqueued="44" />
  <references type="phantom" candidates="4" cleared="2" enqueued="2" />
  <stringconstants candidates="3831" cleared="0"  />
  <warning details="Mark invoked due to insufficient free space for Copy-Forward" />
</gc-op>
<gc-op id="22" type="classunload" timems="0.002" contextid="18" timestamp="2019-06-14T23:04:06.148">
  <classunload-info classloadercandidates="6" classloadersunloaded="0" classesunloaded="0" anonymousclassesunloaded="0" quiescems="0.000" setupms="0.002" scanms="0.000" postms="0.000" />
</gc-op>
<gc-op id="23" type="sweep" timems="0.312" contextid="18" timestamp="2019-06-14T23:04:06.149" />
<gc-op id="24" type="compact" timems="4.877" contextid="18" timestamp="2019-06-14T23:04:06.154">
  <compact-info movecount="23835" movebytes="1029648" />
  <remembered-set-cleared processed="818" cleared="818" durationms="0.075" />
</gc-op>
<gc-end id="25" type="partial gc" contextid="18" durationms="9.590" usertimems="12.000" systemtimems="0.000" timestamp="2019-06-14T23:04:06.155" activeThreads="4">
  <mem-info id="26" free="6291456" total="8388608" percent="75">
    <mem type="eden" free="18400" total="1048576" percent="1" />
    <pending-finalizers system="0" default="0" reference="46" classloader="0" />
    <remembered-set count="1536" freebytes="328704" totalbytes="334848" percent="98" regionsoverflowed="0" regionsstable="0" regionsrebuilding="0"/>
  </mem-info>
</gc-end>
<cycle-end id="27" type="partial gc" contextid="18" timestamp="2019-06-14T23:04:06.155" />
  <attribute name="elasticGC enabled" value="1" />
  <attribute name= "numThreadsSpecified" value="4" />
  <attribute name="heapSize specified" value="0" />
  <attribute name="Current GC Util" value="12" />
  <attribute name= "Current Time Running" value="36952" />
  <attribute name ="GC Interval" value="0" />
  <attribute name="ProportionalT" value="-4.000000" />
  <attribute name="ProportionalI" value="-4.000000" />
  <attribute name="ProportionalH" value="-4.000000" />
  <attribute name="Current Error" value="-8.000000" />
  <attribute name="IntegralT" value="-8.000000" />
  <attribute name="IntegralI" value="-8.000000" />
  <attribute name="IntegralH" value="-8.000000" />
  <attribute name="DerivativeT" value="-8.000000" />
  <attribute name="DerivativeI" value="-8.000000" />
  <attribute name="DerivativeH" value="-8.000000" />
  <attribute name="Loop Time for DT" value="1.000000" />
  <attribute name="Output H" value="2091843584"/>
  <attribute name="Output I" value="200"/>
  <attribute name="Output T" value="4"/>
  <attribute name="Target GC Util Change" value ="20.000000" />
  <attribute name="Current GC Util Change" value="12.000000"/>
  <attribute name="GC Util currently" value="12" />
  <attribute name="CPU Util currently" value="6850415506641" />
<exclusive-end id="28" timestamp="2019-06-14T23:04:06.155" durationms="10.324" />

<exclusive-start id="29" timestamp="2019-06-14T23:04:06.958" intervalms="813.529">
  <response-info timems="0.031" idlems="0.031" threads="0" lastid="0000000001541100" lastname="node-2" />
</exclusive-start>
<allocation-taxation id="30" taxation-threshold="3145728" timestamp="2019-06-14T23:04:06.958" intervalms="813.485" />
<cycle-start id="31" type="global mark phase" contextid="0" timestamp="2019-06-14T23:04:06.958" intervalms="37879.226" />
<gc-start id="32" type="global mark phase" contextid="31" timestamp="2019-06-14T23:04:06.958">
  <mem-info id="33" free="3145728" total="8388608" percent="37">
    <remembered-set count="1536" freebytes="328704" totalbytes="334848" percent="98" regionsoverflowed="0" regionsstable="0" regionsrebuilding="0"/>
  </mem-info>
</gc-start>
<gc-op id="34" type="mark increment" timems="0.478" contextid="31" timestamp="2019-06-14T23:04:06.959">
  <trace-info objectcount="147" scancount="0" scanbytes="0" />
</gc-op>
<gc-end id="35" type="global mark phase" contextid="31" durationms="0.585" usertimems="0.000" systemtimems="0.000" timestamp="2019-06-14T23:04:06.959" activeThreads="1">
  <mem-info id="36" free="3145728" total="8388608" percent="37">
    <remembered-set count="1536" freebytes="328704" totalbytes="334848" percent="98" regionsoverflowed="0" regionsstable="0" regionsrebuilding="0"/>
  </mem-info>
</gc-end>
<concurrent-start id="37" type="GMP work packet processing" contextid="31" timestamp="2019-06-14T23:04:06.959">
  <concurrent-mark-start scanTarget="18446744073709551615" />
</concurrent-start>
<exclusive-end id="38" timestamp="2019-06-14T23:04:06.959" durationms="1.070" />

<concurrent-end id="39" type="GMP work packet processing" contextid="31" timestamp="2019-06-14T23:04:06.961">
  <concurrent-mark-end bytesScanned="1181484" reasonForTermination="Completed all work in GC phase" />
</concurrent-end>

<exclusive-start id="40" timestamp="2019-06-14T23:04:07.852" intervalms="893.281">
  <response-info timems="0.051" idlems="0.051" threads="0" lastid="0000000001544D00" lastname="node-0" />
</exclusive-start>
<allocation-taxation id="41" taxation-threshold="3145728" timestamp="2019-06-14T23:04:07.852" intervalms="893.388" />
<cycle-start id="42" type="partial gc" contextid="0" timestamp="2019-06-14T23:04:07.852" intervalms="1706.918" />
<gc-start id="43" type="partial gc" contextid="42" timestamp="2019-06-14T23:04:07.852">
  <mem-info id="44" free="0" total="8388608" percent="0">
    <mem type="eden" free="0" total="6291456" percent="0" />
    <remembered-set count="1536" freebytes="328704" totalbytes="334848" percent="98" regionsoverflowed="0" regionsstable="0" regionsrebuilding="0"/>
  </mem-info>
</gc-start>
<allocation-stats totalBytes="6288320" >
  <allocated-bytes non-tlh="0" tlh="6288320" arrayletleaf="0"/>
  <largest-consumer threadName="node-2" threadId="0000000001541100" bytes="1064880" />
</allocation-stats>
<gc-op id="45" type="mark" timems="1.762" contextid="42" timestamp="2019-06-14T23:04:07.855">
  <trace-info objectcount="23682" scancount="20622" scanbytes="737964" />
  <cardclean-info objects="55" bytes="4120" />
  <remembered-set-cleared processed="346" cleared="346" durationms="0.055" />
  <references type="weak" candidates="1" cleared="0" enqueued="0" />
  <references type="phantom" candidates="2" cleared="0" enqueued="0" />
  <stringconstants candidates="3831" cleared="0"  />
  <warning details="Mark invoked due to insufficient free space for Copy-Forward" />
</gc-op>
<gc-op id="46" type="classunload" timems="0.002" contextid="42" timestamp="2019-06-14T23:04:07.855">
  <classunload-info classloadercandidates="6" classloadersunloaded="0" classesunloaded="0" anonymousclassesunloaded="0" quiescems="0.000" setupms="0.001" scanms="0.000" postms="0.000" />
</gc-op>
<gc-op id="47" type="sweep" timems="0.500" contextid="42" timestamp="2019-06-14T23:04:07.856" />
<gc-op id="48" type="compact" timems="5.139" contextid="42" timestamp="2019-06-14T23:04:07.861">
  <compact-info movecount="21999" movebytes="977056" />
  <remembered-set-cleared processed="1100" cleared="1100" durationms="0.055" />
</gc-op>
<gc-end id="49" type="partial gc" contextid="42" durationms="9.207" usertimems="8.000" systemtimems="0.000" timestamp="2019-06-14T23:04:07.861" activeThreads="4">
  <mem-info id="50" free="5242880" total="8388608" percent="62">
    <mem type="eden" free="1047592" total="1048576" percent="99" />
    <remembered-set count="1536" freebytes="328704" totalbytes="334848" percent="98" regionsoverflowed="0" regionsstable="0" regionsrebuilding="0"/>
  </mem-info>
</gc-end>
<cycle-end id="51" type="partial gc" contextid="42" timestamp="2019-06-14T23:04:07.862" />
  <attribute name="elasticGC enabled" value="1" />
  <attribute name= "numThreadsSpecified" value="4" />
  <attribute name="heapSize specified" value="0" />
  <attribute name="Current GC Util" value="23" />
  <attribute name= "Current Time Running" value="38658" />
  <attribute name ="GC Interval" value="0" />
  <attribute name="ProportionalT" value="1.500000" />
  <attribute name="ProportionalI" value="1.500000" />
  <attribute name="ProportionalH" value="1.500000" />
  <attribute name="Current Error" value="3.000000" />
  <attribute name="IntegralT" value="3.000000" />
  <attribute name="IntegralI" value="3.000000" />
  <attribute name="IntegralH" value="3.000000" />
  <attribute name="DerivativeT" value="3.000000" />
  <attribute name="DerivativeI" value="3.000000" />
  <attribute name="DerivativeH" value="3.000000" />
  <attribute name="Loop Time for DT" value="1.000000" />
  <attribute name="Output H" value="8388608"/>
  <attribute name="Output I" value="200"/>
  <attribute name="Output T" value="4"/>
  <attribute name="Target GC Util Change" value ="20.000000" />
  <attribute name="Current GC Util Change" value="23.000000"/>
  <attribute name="GC Util currently" value="23" />
  <attribute name="CPU Util currently" value="5873592022419" />
<exclusive-end id="52" timestamp="2019-06-14T23:04:07.862" durationms="10.332" />

<exclusive-start id="53" timestamp="2019-06-14T23:04:08.479" intervalms="627.611">
  <response-info timems="0.029" idlems="0.029" threads="0" lastid="0000000001544D00" lastname="node-0" />
</exclusive-start>
<allocation-taxation id="54" taxation-threshold="2097152" timestamp="2019-06-14T23:04:08.479" intervalms="627.507" />
<gc-start id="55" type="global mark phase" contextid="31" timestamp="2019-06-14T23:04:08.479">
  <mem-info id="56" free="3145728" total="8388608" percent="37">
    <remembered-set count="1056" freebytes="330624" totalbytes="334848" percent="98" regionsoverflowed="0" regionsstable="0" regionsrebuilding="0"/>
  </mem-info>
</gc-start>
<gc-op id="57" type="mark increment" timems="2.210" contextid="31" timestamp="2019-06-14T23:04:08.482">
  <trace-info objectcount="23675" scancount="20619" scanbytes="737836" />
  <cardclean-info objects="298" bytes="11124" />
  <finalization candidates="13" enqueued="0" />
  <references type="soft" candidates="66" cleared="0" enqueued="0" dynamicThreshold="20" maxThreshold="32" />
  <references type="weak" candidates="143" cleared="0" enqueued="0" />
  <references type="phantom" candidates="59" cleared="2" enqueued="2" />
  <stringconstants candidates="3831" cleared="0"  />
</gc-op>
<gc-op id="58" type="classunload" timems="0.002" contextid="31" timestamp="2019-06-14T23:04:08.482">
  <classunload-info classloadercandidates="6" classloadersunloaded="0" classesunloaded="0" anonymousclassesunloaded="0" quiescems="0.000" setupms="0.002" scanms="0.000" postms="0.000" />
</gc-op>
<gc-end id="59" type="global mark phase" contextid="31" durationms="2.479" usertimems="0.000" systemtimems="0.000" timestamp="2019-06-14T23:04:08.482" activeThreads="4">
  <mem-info id="60" free="3145728" total="8388608" percent="37">
    <pending-finalizers system="0" default="0" reference="2" classloader="0" />
    <remembered-set count="1056" freebytes="330624" totalbytes="334848" percent="98" regionsoverflowed="0" regionsstable="0" regionsrebuilding="0"/>
  </mem-info>
</gc-end>
<cycle-end id="61" type="global mark phase" contextid="31" timestamp="2019-06-14T23:04:08.482" />
  <attribute name="elasticGC enabled" value="1" />
  <attribute name= "numThreadsSpecified" value="4" />
  <attribute name="heapSize specified" value="0" />
  <attribute name="Current GC Util" value="0" />
  <attribute name= "Current Time Running" value="39283" />
  <attribute name ="GC Interval" value="0" />
  <attribute name="ProportionalT" value="-10.000000" />
  <attribute name="ProportionalI" value="-10.000000" />
  <attribute name="ProportionalH" value="-10.000000" />
  <attribute name="Current Error" value="-20.000000" />
  <attribute name="IntegralT" value="-20.000000" />
  <attribute name="IntegralI" value="-20.000000" />
  <attribute name="IntegralH" value="-20.000000" />
  <attribute name="DerivativeT" value="-74.000000" />
  <attribute name="DerivativeI" value="-74.000000" />
  <attribute name="DerivativeH" value="-74.000000" />
  <attribute name="Loop Time for DT" value="1.000000" />
  <attribute name="Output H" value="2091843584"/>
  <attribute name="Output I" value="200"/>
  <attribute name="Output T" value="4"/>
  <attribute name="Target GC Util Change" value ="20.000000" />
  <attribute name="Current GC Util Change" value="0.000000"/>
  <attribute name="GC Util currently" value="0" />
  <attribute name="CPU Util currently" value="4162310490261" />
<exclusive-end id="62" timestamp="2019-06-14T23:04:08.482" durationms="2.897" />

<exclusive-start id="63" timestamp="2019-06-14T23:04:09.080" intervalms="600.596">
  <response-info timems="0.035" idlems="0.035" threads="0" lastid="0000000001544D00" lastname="node-0" />
</exclusive-start>
<allocation-taxation id="64" taxation-threshold="2097152" timestamp="2019-06-14T23:04:09.080" intervalms="600.585" />
<cycle-start id="65" type="partial gc" contextid="0" timestamp="2019-06-14T23:04:09.080" intervalms="1228.014" />
<gc-start id="66" type="partial gc" contextid="65" timestamp="2019-06-14T23:04:09.080">
  <mem-info id="67" free="1048576" total="8388608" percent="12">
    <mem type="eden" free="1047592" total="5242880" percent="19" />
    <remembered-set count="1056" freebytes="330624" totalbytes="334848" percent="98" regionsoverflowed="0" regionsstable="0" regionsrebuilding="0"/>
  </mem-info>
</gc-start>
<allocation-stats totalBytes="4193760" >
  <allocated-bytes non-tlh="0" tlh="4193760" arrayletleaf="0"/>
  <largest-consumer threadName="node-2" threadId="0000000001541100" bytes="745384" />
</allocation-stats>
<gc-op id="68" type="sweep" timems="0.335" contextid="65" timestamp="2019-06-14T23:04:09.081" />
<gc-op id="69" type="copy forward" timems="1.970" contextid="65" timestamp="2019-06-14T23:04:09.083">
  <memory-copied type="eden" objects="17" bytes="288" bytesdiscarded="1504" />
  <memory-copied type="other" objects="0" bytes="0" bytesdiscarded="0" />
  <memory-cardclean objects="192" bytes="7664" />
  <regions eden="2" other="1" />
  <remembered-set-cleared processed="359" cleared="10" durationms="0.051" />
  <stringconstants candidates="3831" cleared="0"  />
</gc-op>
<gc-op id="70" type="classunload" timems="0.001" contextid="65" timestamp="2019-06-14T23:04:09.083">
  <classunload-info classloadercandidates="6" classloadersunloaded="0" classesunloaded="0" anonymousclassesunloaded="0" quiescems="0.000" setupms="0.001" scanms="0.000" postms="0.000" />
</gc-op>
<gc-end id="71" type="partial gc" contextid="65" durationms="3.381" usertimems="0.000" systemtimems="4.000" timestamp="2019-06-14T23:04:09.083" activeThreads="4">
  <mem-info id="72" free="5242880" total="8388608" percent="62">
    <mem type="eden" free="1046784" total="1048576" percent="99" />
    <remembered-set count="1952" freebytes="327040" totalbytes="334848" percent="97" regionsoverflowed="0" regionsstable="0" regionsrebuilding="0"/>
  </mem-info>
</gc-end>
<cycle-end id="73" type="partial gc" contextid="65" timestamp="2019-06-14T23:04:09.084" />
  <attribute name="elasticGC enabled" value="1" />
  <attribute name= "numThreadsSpecified" value="4" />
  <attribute name="heapSize specified" value="0" />
  <attribute name="Current GC Util" value="0" />
  <attribute name= "Current Time Running" value="39884" />
  <attribute name ="GC Interval" value="0" />
  <attribute name="ProportionalT" value="-10.000000" />
  <attribute name="ProportionalI" value="-10.000000" />
  <attribute name="ProportionalH" value="-10.000000" />
  <attribute name="Current Error" value="-20.000000" />
  <attribute name="IntegralT" value="-20.000000" />
  <attribute name="IntegralI" value="-20.000000" />
  <attribute name="IntegralH" value="-20.000000" />
  <attribute name="DerivativeT" value="-27.000000" />
  <attribute name="DerivativeI" value="-27.000000" />
  <attribute name="DerivativeH" value="-27.000000" />
  <attribute name="Loop Time for DT" value="1.000000" />
  <attribute name="Output H" value="2091843584"/>
  <attribute name="Output I" value="200"/>
  <attribute name="Output T" value="4"/>
  <attribute name="Target GC Util Change" value ="20.000000" />
  <attribute name="Current GC Util Change" value="0.000000"/>
  <attribute name="GC Util currently" value="0" />
  <attribute name="CPU Util currently" value="12001348077504" />
<exclusive-end id="74" timestamp="2019-06-14T23:04:09.084" durationms="4.160" />

<exclusive-start id="75" timestamp="2019-06-14T23:04:09.716" intervalms="636.096">
  <response-info timems="0.060" idlems="0.060" threads="0" lastid="000000000153D500" lastname="node-1" />
</exclusive-start>
<allocation-taxation id="76" taxation-threshold="2097152" timestamp="2019-06-14T23:04:09.716" intervalms="636.129" />
<cycle-start id="77" type="global mark phase" contextid="0" timestamp="2019-06-14T23:04:09.716" intervalms="2757.648" />
<gc-start id="78" type="global mark phase" contextid="77" timestamp="2019-06-14T23:04:09.716">
  <mem-info id="79" free="3145728" total="8388608" percent="37">
    <remembered-set count="1120" freebytes="330368" totalbytes="334848" percent="98" regionsoverflowed="0" regionsstable="1" regionsrebuilding="0"/>
  </mem-info>
</gc-start>
<gc-op id="80" type="mark increment" timems="0.422" contextid="77" timestamp="2019-06-14T23:04:09.717">
  <trace-info objectcount="138" scancount="0" scanbytes="0" />
</gc-op>
<gc-end id="81" type="global mark phase" contextid="77" durationms="0.578" usertimems="0.000" systemtimems="0.000" timestamp="2019-06-14T23:04:09.717" activeThreads="1">
  <mem-info id="82" free="3145728" total="8388608" percent="37">
    <remembered-set count="1120" freebytes="330368" totalbytes="334848" percent="98" regionsoverflowed="0" regionsstable="0" regionsrebuilding="1"/>
  </mem-info>
</gc-end>
<concurrent-start id="83" type="GMP work packet processing" contextid="77" timestamp="2019-06-14T23:04:09.717">
  <concurrent-mark-start scanTarget="18446744073709551615" />
</concurrent-start>
<exclusive-end id="84" timestamp="2019-06-14T23:04:09.717" durationms="1.078" />

<concurrent-end id="85" type="GMP work packet processing" contextid="77" timestamp="2019-06-14T23:04:09.719">
  <concurrent-mark-end bytesScanned="1181444" reasonForTermination="Completed all work in GC phase" />
</concurrent-end>

<exclusive-start id="86" timestamp="2019-06-14T23:04:10.353" intervalms="637.572">
  <response-info timems="0.037" idlems="0.037" threads="0" lastid="0000000001544D00" lastname="node-0" />
</exclusive-start>
<allocation-taxation id="87" taxation-threshold="2097152" timestamp="2019-06-14T23:04:10.353" intervalms="637.541" />
<cycle-start id="88" type="partial gc" contextid="0" timestamp="2019-06-14T23:04:10.354" intervalms="1273.707" />
<gc-start id="89" type="partial gc" contextid="88" timestamp="2019-06-14T23:04:10.354">
  <mem-info id="90" free="1048576" total="8388608" percent="12">
    <mem type="eden" free="1046784" total="5242880" percent="19" />
    <remembered-set count="1888" freebytes="327296" totalbytes="334848" percent="97" regionsoverflowed="0" regionsstable="0" regionsrebuilding="1"/>
  </mem-info>
</gc-start>
<allocation-stats totalBytes="4193648" >
  <allocated-bytes non-tlh="0" tlh="4193648" arrayletleaf="0"/>
  <largest-consumer threadName="node-2" threadId="0000000001541100" bytes="745400" />
</allocation-stats>
<gc-op id="91" type="copy forward" timems="1.279" contextid="88" timestamp="2019-06-14T23:04:10.356">
  <memory-copied type="eden" objects="18" bytes="312" bytesdiscarded="688" />
  <memory-copied type="other" objects="0" bytes="0" bytesdiscarded="0" />
  <memory-cardclean objects="158" bytes="5688" />
  <regions eden="4" other="1" />
  <remembered-set-cleared processed="789" cleared="16" durationms="0.052" />
  <stringconstants candidates="3831" cleared="0"  />
</gc-op>
<gc-op id="92" type="classunload" timems="0.002" contextid="88" timestamp="2019-06-14T23:04:10.356">
  <classunload-info classloadercandidates="6" classloadersunloaded="0" classesunloaded="0" anonymousclassesunloaded="0" quiescems="0.000" setupms="0.002" scanms="0.000" postms="0.000" />
</gc-op>
<gc-op id="93" type="compact" timems="0.826" contextid="88" timestamp="2019-06-14T23:04:10.357">
  <compact-info movecount="0" movebytes="0" />
  <remembered-set-cleared processed="1580" cleared="16" durationms="0.052" />
</gc-op>
<gc-end id="94" type="partial gc" contextid="88" durationms="3.152" usertimems="0.000" systemtimems="4.000" timestamp="2019-06-14T23:04:10.357" activeThreads="4">
  <mem-info id="95" free="5242880" total="8388608" percent="62">
    <mem type="eden" free="1047576" total="1048576" percent="99" />
    <remembered-set count="928" freebytes="331136" totalbytes="334848" percent="98" regionsoverflowed="0" regionsstable="0" regionsrebuilding="1"/>
  </mem-info>
</gc-end>
<cycle-end id="96" type="partial gc" contextid="88" timestamp="2019-06-14T23:04:10.357" />
  <attribute name="elasticGC enabled" value="1" />
  <attribute name= "numThreadsSpecified" value="4" />
  <attribute name="heapSize specified" value="0" />
  <attribute name="Current GC Util" value="69" />
  <attribute name= "Current Time Running" value="41158" />
  <attribute name ="GC Interval" value="0" />
  <attribute name="ProportionalT" value="24.500000" />
  <attribute name="ProportionalI" value="24.500000" />
  <attribute name="ProportionalH" value="24.500000" />
  <attribute name="Current Error" value="49.000000" />
  <attribute name="IntegralT" value="49.000000" />
  <attribute name="IntegralI" value="49.000000" />
  <attribute name="IntegralH" value="49.000000" />
  <attribute name="DerivativeT" value="7.000000" />
  <attribute name="DerivativeI" value="7.000000" />
  <attribute name="DerivativeH" value="7.000000" />
  <attribute name="Loop Time for DT" value="1.000000" />
  <attribute name="Output H" value="8388608"/>
  <attribute name="Output I" value="200"/>
  <attribute name="Output T" value="4"/>
  <attribute name="Target GC Util Change" value ="20.000000" />
  <attribute name="Current GC Util Change" value="69.000000"/>
  <attribute name="GC Util currently" value="69" />
  <attribute name="CPU Util currently" value="2927376206468" />
<exclusive-end id="97" timestamp="2019-06-14T23:04:10.357" durationms="3.897" />

<exclusive-start id="98" timestamp="2019-06-14T23:04:10.982" intervalms="628.374">
  <response-info timems="0.040" idlems="0.040" threads="0" lastid="0000000001541100" lastname="node-2" />
</exclusive-start>
<allocation-taxation id="99" taxation-threshold="2097152" timestamp="2019-06-14T23:04:10.982" intervalms="628.379" />
<gc-start id="100" type="global mark phase" contextid="77" timestamp="2019-06-14T23:04:10.982">
  <mem-info id="101" free="3145728" total="8388608" percent="37">
    <remembered-set count="928" freebytes="331136" totalbytes="334848" percent="98" regionsoverflowed="0" regionsstable="0" regionsrebuilding="1"/>
  </mem-info>
</gc-start>
<gc-op id="102" type="mark increment" timems="1.096" contextid="77" timestamp="2019-06-14T23:04:10.983">
  <trace-info objectcount="28" scancount="22" scanbytes="456" />
  <cardclean-info objects="176" bytes="5972" />
  <finalization candidates="13" enqueued="0" />
  <references type="soft" candidates="66" cleared="0" enqueued="0" dynamicThreshold="20" maxThreshold="32" />
  <references type="weak" candidates="143" cleared="0" enqueued="0" />
  <references type="phantom" candidates="57" cleared="0" enqueued="0" />
  <stringconstants candidates="3831" cleared="0"  />
</gc-op>
<gc-op id="103" type="classunload" timems="0.002" contextid="77" timestamp="2019-06-14T23:04:10.983">
  <classunload-info classloadercandidates="6" classloadersunloaded="0" classesunloaded="0" anonymousclassesunloaded="0" quiescems="0.000" setupms="0.002" scanms="0.000" postms="0.000" />
</gc-op>
<gc-end id="104" type="global mark phase" contextid="77" durationms="1.305" usertimems="0.000" systemtimems="0.000" timestamp="2019-06-14T23:04:10.983" activeThreads="4">
  <mem-info id="105" free="3145728" total="8388608" percent="37">
    <remembered-set count="928" freebytes="331136" totalbytes="334848" percent="98" regionsoverflowed="0" regionsstable="0" regionsrebuilding="0"/>
  </mem-info>
</gc-end>
<cycle-end id="106" type="global mark phase" contextid="77" timestamp="2019-06-14T23:04:10.983" />
  <attribute name="elasticGC enabled" value="1" />
  <attribute name= "numThreadsSpecified" value="4" />
  <attribute name="heapSize specified" value="0" />
  <attribute name="Current GC Util" value="34" />
  <attribute name= "Current Time Running" value="41785" />
  <attribute name ="GC Interval" value="0" />
  <attribute name="ProportionalT" value="7.000000" />
  <attribute name="ProportionalI" value="7.000000" />
  <attribute name="ProportionalH" value="7.000000" />
  <attribute name="Current Error" value="14.000000" />
  <attribute name="IntegralT" value="0.000000" />
  <attribute name="IntegralI" value="0.000000" />
  <attribute name="IntegralH" value="0.000000" />
  <attribute name="DerivativeT" value="-inf" />
  <attribute name="DerivativeI" value="-inf" />
  <attribute name="DerivativeH" value="-inf" />
  <attribute name="Loop Time for DT" value="0.000000" />
  <attribute name="Output H" value="2091843584"/>
  <attribute name="Output I" value="200"/>
  <attribute name="Output T" value="4"/>
  <attribute name="Target GC Util Change" value ="20.000000" />
  <attribute name="Current GC Util Change" value="34.000000"/>
  <attribute name="GC Util currently" value="34" />
  <attribute name="CPU Util currently" value="42103934205209" />
<exclusive-end id="107" timestamp="2019-06-14T23:04:10.983" durationms="1.629" />

<exclusive-start id="108" timestamp="2019-06-14T23:04:11.588" intervalms="606.223">
  <response-info timems="0.032" idlems="0.032" threads="0" lastid="0000000001541100" lastname="node-2" />
</exclusive-start>
<allocation-taxation id="109" taxation-threshold="2097152" timestamp="2019-06-14T23:04:11.588" intervalms="606.221" />
<cycle-start id="110" type="partial gc" contextid="0" timestamp="2019-06-14T23:04:11.588" intervalms="1234.559" />
<gc-start id="111" type="partial gc" contextid="110" timestamp="2019-06-14T23:04:11.588">
  <mem-info id="112" free="1048576" total="8388608" percent="12">
    <mem type="eden" free="1047576" total="5242880" percent="19" />
    <remembered-set count="160" freebytes="334208" totalbytes="334848" percent="99" regionsoverflowed="0" regionsstable="1" regionsrebuilding="0"/>
  </mem-info>
</gc-start>
<allocation-stats totalBytes="4193584" >
  <allocated-bytes non-tlh="0" tlh="4193584" arrayletleaf="0"/>
  <largest-consumer threadName="node-0" threadId="0000000001544D00" bytes="749512" />
</allocation-stats>
<gc-op id="113" type="sweep" timems="0.367" contextid="110" timestamp="2019-06-14T23:04:11.589" />
<gc-op id="114" type="copy forward" timems="0.484" contextid="110" timestamp="2019-06-14T23:04:11.590">
  <memory-copied type="eden" objects="18" bytes="312" bytesdiscarded="0" />
  <memory-copied type="other" objects="0" bytes="0" bytesdiscarded="0" />
  <memory-cardclean objects="158" bytes="5688" />
  <regions eden="2" other="1" />
  <remembered-set-cleared processed="32" cleared="3" durationms="0.045" />
  <stringconstants candidates="3831" cleared="0"  />
</gc-op>
<gc-op id="115" type="classunload" timems="0.002" contextid="110" timestamp="2019-06-14T23:04:11.590">
  <classunload-info classloadercandidates="6" classloadersunloaded="0" classesunloaded="0" anonymousclassesunloaded="0" quiescems="0.000" setupms="0.002" scanms="0.000" postms="0.000" />
</gc-op>
<gc-op id="116" type="compact" timems="0.829" contextid="110" timestamp="2019-06-14T23:04:11.591">
  <compact-info movecount="0" movebytes="0" />
  <remembered-set-cleared processed="72" cleared="3" durationms="0.047" />
</gc-op>
<gc-end id="117" type="partial gc" contextid="110" durationms="2.977" usertimems="4.000" systemtimems="0.000" timestamp="2019-06-14T23:04:11.591" activeThreads="4">
  <mem-info id="118" free="5242880" total="8388608" percent="62">
    <mem type="eden" free="1048264" total="1048576" percent="99" />
    <remembered-set count="128" freebytes="334336" totalbytes="334848" percent="99" regionsoverflowed="0" regionsstable="1" regionsrebuilding="0"/>
  </mem-info>
</gc-end>
<cycle-end id="119" type="partial gc" contextid="110" timestamp="2019-06-14T23:04:11.591" />
  <attribute name="elasticGC enabled" value="1" />
  <attribute name= "numThreadsSpecified" value="4" />
  <attribute name="heapSize specified" value="0" />
  <attribute name="Current GC Util" value="0" />
  <attribute name= "Current Time Running" value="42392" />
  <attribute name ="GC Interval" value="0" />
  <attribute name="ProportionalT" value="-10.000000" />
  <attribute name="ProportionalI" value="-10.000000" />
  <attribute name="ProportionalH" value="-10.000000" />
  <attribute name="Current Error" value="-20.000000" />
  <attribute name="IntegralT" value="0.000000" />
  <attribute name="IntegralI" value="0.000000" />
  <attribute name="IntegralH" value="0.000000" />
  <attribute name="DerivativeT" value="-inf" />
  <attribute name="DerivativeI" value="-inf" />
  <attribute name="DerivativeH" value="-inf" />
  <attribute name="Loop Time for DT" value="0.000000" />
  <attribute name="Output H" value="2091843584"/>
  <attribute name="Output I" value="200"/>
  <attribute name="Output T" value="4"/>
  <attribute name="Target GC Util Change" value ="20.000000" />
  <attribute name="Current GC Util Change" value="0.000000"/>
  <attribute name="GC Util currently" value="0" />
  <attribute name="CPU Util currently" value="5724500241919" />
<exclusive-end id="120" timestamp="2019-06-14T23:04:11.592" durationms="3.645" />

<exclusive-start id="121" timestamp="2019-06-14T23:04:12.186" intervalms="597.690">
  <response-info timems="0.033" idlems="0.033" threads="0" lastid="0000000001541100" lastname="node-2" />
</exclusive-start>
<allocation-taxation id="122" taxation-threshold="2097152" timestamp="2019-06-14T23:04:12.186" intervalms="597.687" />
<cycle-start id="123" type="global mark phase" contextid="0" timestamp="2019-06-14T23:04:12.186" intervalms="2469.780" />
<gc-start id="124" type="global mark phase" contextid="123" timestamp="2019-06-14T23:04:12.186">
  <mem-info id="125" free="3145728" total="8388608" percent="37">
    <remembered-set count="128" freebytes="334336" totalbytes="334848" percent="99" regionsoverflowed="0" regionsstable="1" regionsrebuilding="0"/>
  </mem-info>
</gc-start>
<gc-op id="126" type="mark increment" timems="0.418" contextid="123" timestamp="2019-06-14T23:04:12.186">
  <trace-info objectcount="170" scancount="0" scanbytes="0" />
</gc-op>
<gc-end id="127" type="global mark phase" contextid="123" durationms="0.523" usertimems="0.000" systemtimems="0.000" timestamp="2019-06-14T23:04:12.186" activeThreads="1">
  <mem-info id="128" free="3145728" total="8388608" percent="37">
    <remembered-set count="128" freebytes="334336" totalbytes="334848" percent="99" regionsoverflowed="0" regionsstable="0" regionsrebuilding="1"/>
  </mem-info>
</gc-end>
<concurrent-start id="129" type="GMP work packet processing" contextid="123" timestamp="2019-06-14T23:04:12.187">
  <concurrent-mark-start scanTarget="18446744073709551615" />
</concurrent-start>
<concurrent-end id="130" type="GMP work packet processing" contextid="123" timestamp="2019-06-14T23:04:12.188">
  <concurrent-mark-end bytesScanned="1181572" reasonForTermination="Completed all work in GC phase" />
</concurrent-end>

<exclusive-end id="131" timestamp="2019-06-14T23:04:12.188" durationms="2.139" />

<exclusive-start id="132" timestamp="2019-06-14T23:04:12.804" intervalms="618.613">
  <response-info timems="0.023" idlems="0.023" threads="0" lastid="0000000001544D00" lastname="node-0" />
</exclusive-start>
<allocation-taxation id="133" taxation-threshold="2097152" timestamp="2019-06-14T23:04:12.804" intervalms="618.610" />
<cycle-start id="134" type="partial gc" contextid="0" timestamp="2019-06-14T23:04:12.804" intervalms="1216.295" />
<gc-start id="135" type="partial gc" contextid="134" timestamp="2019-06-14T23:04:12.805">
  <mem-info id="136" free="1048576" total="8388608" percent="12">
    <mem type="eden" free="1048264" total="5242880" percent="19" />
    <remembered-set count="1280" freebytes="329728" totalbytes="334848" percent="98" regionsoverflowed="0" regionsstable="0" regionsrebuilding="1"/>
  </mem-info>
</gc-start>
<allocation-stats totalBytes="4191992" >
  <allocated-bytes non-tlh="0" tlh="4191992" arrayletleaf="0"/>
  <largest-consumer threadName="node-2" threadId="0000000001541100" bytes="769432" />
</allocation-stats>
<gc-op id="137" type="copy forward" timems="0.556" contextid="134" timestamp="2019-06-14T23:04:12.806">
  <memory-copied type="eden" objects="18" bytes="312" bytesdiscarded="0" />
  <memory-copied type="other" objects="0" bytes="0" bytesdiscarded="0" />
  <memory-cardclean objects="158" bytes="5688" />
  <regions eden="4" other="1" />
  <remembered-set-cleared processed="791" cleared="14" durationms="0.051" />
  <stringconstants candidates="3831" cleared="0"  />
</gc-op>
<gc-op id="138" type="classunload" timems="0.001" contextid="134" timestamp="2019-06-14T23:04:12.806">
  <classunload-info classloadercandidates="6" classloadersunloaded="0" classesunloaded="0" anonymousclassesunloaded="0" quiescems="0.000" setupms="0.001" scanms="0.000" postms="0.000" />
</gc-op>
<gc-op id="139" type="compact" timems="0.929" contextid="134" timestamp="2019-06-14T23:04:12.807">
  <compact-info movecount="0" movebytes="0" />
  <remembered-set-cleared processed="1585" cleared="14" durationms="0.054" />
</gc-op>
<gc-end id="140" type="partial gc" contextid="134" durationms="2.638" usertimems="0.000" systemtimems="0.000" timestamp="2019-06-14T23:04:12.807" activeThreads="4">
  <mem-info id="141" free="5242880" total="8388608" percent="62">
    <mem type="eden" free="1048264" total="1048576" percent="99" />
    <remembered-set count="928" freebytes="331136" totalbytes="334848" percent="98" regionsoverflowed="0" regionsstable="0" regionsrebuilding="1"/>
  </mem-info>
</gc-end>
<cycle-end id="142" type="partial gc" contextid="134" timestamp="2019-06-14T23:04:12.807" />
  <attribute name="elasticGC enabled" value="1" />
  <attribute name= "numThreadsSpecified" value="4" />
  <attribute name="heapSize specified" value="0" />
  <attribute name="Current GC Util" value="0" />
  <attribute name= "Current Time Running" value="43608" />
  <attribute name ="GC Interval" value="0" />
  <attribute name="ProportionalT" value="-10.000000" />
  <attribute name="ProportionalI" value="-10.000000" />
  <attribute name="ProportionalH" value="-10.000000" />
  <attribute name="Current Error" value="-20.000000" />
  <attribute name="IntegralT" value="-20.000000" />
  <attribute name="IntegralI" value="-20.000000" />
  <attribute name="IntegralH" value="-20.000000" />
  <attribute name="DerivativeT" value="-51.000000" />
  <attribute name="DerivativeI" value="-51.000000" />
  <attribute name="DerivativeH" value="-51.000000" />
  <attribute name="Loop Time for DT" value="1.000000" />
  <attribute name="Output H" value="2091843584"/>
  <attribute name="Output I" value="200"/>
  <attribute name="Output T" value="4"/>
  <attribute name="Target GC Util Change" value ="20.000000" />
  <attribute name="Current GC Util Change" value="0.000000"/>
  <attribute name="GC Util currently" value="0" />
  <attribute name="CPU Util currently" value="4946526273795" />
<exclusive-end id="143" timestamp="2019-06-14T23:04:12.808" durationms="3.476" />

</verbosegc>

