<?xml version="1.0" ?>

<verbosegc xmlns="http://www.ibm.com/j9/verbosegc" version="10b4217_CMPRSS">

<initialized id="1" timestamp="2019-06-17T07:05:49.501">
  <attribute name="gcPolicy" value="-Xgcpolicy:balanced" />
  <attribute name="elasticGC enabled" value="1" />
  <attribute name= "numThreadsSpecified" value="0" />
  <attribute name="heapSize specified" value="0" />
  <attribute name="Current GC Util" value="0" />
  <attribute name= "Current Time Running" value="0" />
  <attribute name ="GC Interval" value="0" />
  <attribute name="ProportionalT" value="0.000000" />
  <attribute name="ProportionalI" value="0.000000" />
  <attribute name="ProportionalH" value="0.000000" />
  <attribute name="IntegralT" value="0.000000" />
  <attribute name="IntegralI" value="0.000000" />
  <attribute name="IntegralH" value="0.000000" />
  <attribute name="DerivativeT" value="0.000000" />
  <attribute name="DerivativeI" value="0.000000" />
  <attribute name="DerivativeH" value="0.000000" />
  <attribute name="Target GC Util Change" value ="0.000000" />
  <attribute name="Current GC Util Change" value="0.000000"/>
  <attribute name="Current Error" value="0.000000" />
  <attribute name="Loop Time for DT" value="0.000000" />
  <attribute name="Output H" value="0"/>
  <attribute name="Output I" value="0"/>
  <attribute name="Output T" value="0"/>
  <attribute name="GC Util currently" value="0" />
  <attribute name="CPU Util currently" value="0" />
  <attribute name="maxHeapSize" value="0x7cb00000" />
  <attribute name="initialHeapSize" value="0x800000" />
  <attribute name="compressedRefs" value="true" />
  <attribute name="compressedRefsDisplacement" value="0x0" />
  <attribute name="compressedRefsShift" value="0x0" />
  <attribute name="pageSize" value="0x1000" />
  <attribute name="pageType" value="not used" />
  <attribute name="requestedPageSize" value="0x1000" />
  <attribute name="requestedPageType" value="not used" />
  <attribute name="gcthreads" value="4" />
  <attribute name="packetListSplit" value="4" />
  <attribute name="cacheListSplit" value="4" />
  <attribute name="splitFreeListSplitAmount" value="1" />
  <attribute name="numaNodes" value="0" />
  <region>
    <attribute name="regionSize" value="1048576" />
    <attribute name="regionCount" value="1995" />
    <attribute name="arrayletLeafSize" value="1048576" />
  </region>
  <system>
    <attribute name="physicalMemory" value="8370962432" />
    <attribute name="numCPUs" value="4" />
    <attribute name="architecture" value="amd64" />
    <attribute name="os" value="Linux" />
    <attribute name="osVersion" value="4.4.0-148-generic" />
  </system>
  <vmargs>
    <vmarg name="-Xoptionsfile=/vagrant/jdk/lib/options.default" />
    <vmarg name="-Xlockword:mode=default,noLockword=java/lang/String,noLockword=java/util/MapEntry,noLockword=java/util/HashMap$Entry,noLockword..." />
    <vmarg name="-Xjcl:jclse29" />
    <vmarg name="-Dcom.ibm.oti.vm.bootstrap.library.path=/vagrant/jdk/lib/compressedrefs:/vagrant/jdk/lib" />
    <vmarg name="-Dsun.boot.library.path=/vagrant/jdk/lib/compressedrefs:/vagrant/jdk/lib" />
    <vmarg name="-Djava.library.path=/vagrant/jdk/lib/compressedrefs:/vagrant/jdk/lib:/usr/lib64:/usr/lib" />
    <vmarg name="-Djava.home=/vagrant/jdk" />
    <vmarg name="-Duser.dir=/vagrant" />
    <vmarg name="-Xgcpolicy:balanced" />
    <vmarg name="-Xgcelastic" />
    <vmarg name="-Xcheck:gc:::elasticGC" />
    <vmarg name="-verbose:gc" />
    <vmarg name="-Xloggc:default-Balanced-jdk-1-1-1-verbose3xalan.txt" />
    <vmarg name="-Djava.class.path=dacapo-9.12-MR1-bach.jar" />
    <vmarg name="-Dsun.java.command=dacapo-9.12-MR1-bach.jar xalan --size=default" />
    <vmarg name="-Dsun.java.launcher=SUN_STANDARD" />
    <vmarg name="-Dsun.java.launcher.pid=24676" />
  </vmargs>
</initialized>

<exclusive-start id="2" timestamp="2019-06-17T07:05:50.077" intervalms="575.981">
  <response-info timems="0.015" idlems="0.015" threads="0" lastid="0000000000A2D700" lastname="main" />
</exclusive-start>
<allocation-taxation id="3" taxation-threshold="8388608" timestamp="2019-06-17T07:05:50.078" intervalms="576.215" />
<cycle-start id="4" type="partial gc" contextid="0" timestamp="2019-06-17T07:05:50.078" intervalms="576.514" />
<gc-start id="5" type="partial gc" contextid="4" timestamp="2019-06-17T07:05:50.078">
  <mem-info id="6" free="0" total="8388608" percent="0">
    <mem type="eden" free="80" total="8388608" percent="0" />
    <remembered-set count="0" freebytes="334848" totalbytes="334848" percent="100" regionsoverflowed="0" regionsstable="0" regionsrebuilding="0"/>
  </mem-info>
</gc-start>
<allocation-stats totalBytes="8377528" >
  <allocated-bytes non-tlh="706664" tlh="7670864" arrayletleaf="0"/>
  <largest-consumer threadName="main" threadId="0000000000A2D700" bytes="8300960" />
</allocation-stats>
<gc-op id="7" type="mark" timems="3.212" contextid="4" timestamp="2019-06-17T07:05:50.082">
  <trace-info objectcount="21834" scancount="17124" scanbytes="570176" />
  <remembered-set-cleared processed="0" cleared="0" durationms="0.272" />
  <finalization candidates="15" enqueued="1" />
  <references type="soft" candidates="74" cleared="0" enqueued="0" dynamicThreshold="32" maxThreshold="32" />
  <references type="weak" candidates="580" cleared="437" enqueued="398" />
  <references type="phantom" candidates="127" cleared="44" enqueued="44" />
  <stringconstants candidates="2981" cleared="0"  />
  <warning details="Mark for calibration purposes" />
</gc-op>
<gc-op id="8" type="classunload" timems="0.047" contextid="4" timestamp="2019-06-17T07:05:50.083">
  <classunload-info classloadercandidates="6" classloadersunloaded="0" classesunloaded="0" anonymousclassesunloaded="0" quiescems="0.000" setupms="0.047" scanms="0.000" postms="0.000" />
</gc-op>
<gc-op id="9" type="sweep" timems="0.584" contextid="4" timestamp="2019-06-17T07:05:50.083" />
<gc-op id="10" type="compact" timems="5.116" contextid="4" timestamp="2019-06-17T07:05:50.089">
  <compact-info movecount="21834" movebytes="1519072" />
  <remembered-set-cleared processed="0" cleared="0" durationms="0.272" />
</gc-op>
<gc-end id="11" type="partial gc" contextid="4" durationms="11.131" usertimems="4.000" systemtimems="8.000" timestamp="2019-06-17T07:05:50.089" activeThreads="4">
  <mem-info id="12" free="6291456" total="8388608" percent="75">
    <mem type="eden" free="577288" total="2097152" percent="27" />
    <pending-finalizers system="1" default="0" reference="442" classloader="0" />
    <remembered-set count="2560" freebytes="324608" totalbytes="334848" percent="96" regionsoverflowed="0" regionsstable="0" regionsrebuilding="0"/>
  </mem-info>
</gc-end>
<cycle-end id="13" type="partial gc" contextid="4" timestamp="2019-06-17T07:05:50.090" />
  <attribute name="elasticGC enabled" value="1" />
  <attribute name= "numThreadsSpecified" value="4" />
  <attribute name="heapSize specified" value="0" />
  <attribute name="Current GC Util" value="27" />
  <attribute name= "Current Time Running" value="461" />
  <attribute name ="GC Interval" value="0" />
  <attribute name="ProportionalT" value="7.000000" />
  <attribute name="ProportionalI" value="7.000000" />
  <attribute name="ProportionalH" value="7.000000" />
  <attribute name="Current Error" value="7.000000" />
  <attribute name="IntegralT" value="-8873.000000" />
  <attribute name="IntegralI" value="-8873.000000" />
  <attribute name="IntegralH" value="-8873.000000" />
  <attribute name="DerivativeT" value="-40.000000" />
  <attribute name="DerivativeI" value="-40.000000" />
  <attribute name="DerivativeH" value="-40.000000" />
  <attribute name="Loop Time for DT" value="1.000000" />
  <attribute name="Output H" value="2091843584"/>
  <attribute name="Output I" value="200"/>
  <attribute name="Output T" value="4"/>
  <attribute name="Target GC Util Change" value ="20.000000" />
  <attribute name="Current GC Util Change" value="27.000000"/>
  <attribute name="GC Util currently" value="27" />
  <attribute name="CPU Util currently" value="4718880098669" />
<exclusive-end id="14" timestamp="2019-06-17T07:05:50.090" durationms="12.327" />

<exclusive-start id="15" timestamp="2019-06-17T07:05:50.273" intervalms="195.645">
  <response-info timems="0.069" idlems="0.069" threads="0" lastid="0000000000A2D700" lastname="main" />
</exclusive-start>
<sys-start reason="explicit" id="16" timestamp="2019-06-17T07:05:50.273" intervalms="771.767" />
<cycle-start id="17" type="global garbage collect" contextid="0" timestamp="2019-06-17T07:05:50.273" intervalms="771.979" />
<gc-start id="18" type="global garbage collect" contextid="17" timestamp="2019-06-17T07:05:50.274">
  <mem-info id="19" free="643512" total="8388608" percent="7">
    <mem type="eden" free="643512" total="7340032" percent="8" />
    <remembered-set count="2080" freebytes="326528" totalbytes="334848" percent="97" regionsoverflowed="0" regionsstable="0" regionsrebuilding="0"/>
  </mem-info>
</gc-start>
<allocation-stats totalBytes="5612168" >
  <allocated-bytes non-tlh="192896" tlh="5419272" arrayletleaf="0"/>
  <largest-consumer threadName="main" threadId="0000000000A2D700" bytes="5587856" />
</allocation-stats>
<gc-op id="20" type="global mark" timems="2.563" contextid="17" timestamp="2019-06-17T07:05:50.276">
  <trace-info objectcount="29688" scancount="23259" scanbytes="871696" />
  <finalization candidates="15" enqueued="0" />
  <references type="soft" candidates="133" cleared="0" enqueued="0" dynamicThreshold="24" maxThreshold="32" />
  <references type="weak" candidates="174" cleared="28" enqueued="28" />
  <references type="phantom" candidates="85" cleared="2" enqueued="2" />
  <stringconstants candidates="3535" cleared="22"  />
</gc-op>
<gc-op id="21" type="classunload" timems="0.002" contextid="17" timestamp="2019-06-17T07:05:50.276">
  <classunload-info classloadercandidates="19" classloadersunloaded="0" classesunloaded="0" anonymousclassesunloaded="0" quiescems="0.000" setupms="0.001" scanms="0.000" postms="0.000" />
</gc-op>
<gc-op id="22" type="sweep" timems="0.335" contextid="17" timestamp="2019-06-17T07:05:50.277" />
<gc-op id="23" type="compact" timems="3.877" contextid="17" timestamp="2019-06-17T07:05:50.281">
  <compact-info movecount="24009" movebytes="1752176" />
  <remembered-set-cleared processed="9232" cleared="9232" durationms="0.065" />
</gc-op>
<gc-end id="24" type="global garbage collect" contextid="17" durationms="7.930" usertimems="8.000" systemtimems="4.000" timestamp="2019-06-17T07:05:50.281" activeThreads="4">
  <mem-info id="25" free="5242880" total="8388608" percent="62">
    <pending-finalizers system="0" default="0" reference="30" classloader="0" />
    <remembered-set count="3072" freebytes="322560" totalbytes="334848" percent="96" regionsoverflowed="0" regionsstable="0" regionsrebuilding="0"/>
  </mem-info>
</gc-end>
<cycle-end id="26" type="global garbage collect" contextid="17" timestamp="2019-06-17T07:05:50.282" />
  <attribute name="elasticGC enabled" value="1" />
  <attribute name= "numThreadsSpecified" value="4" />
  <attribute name="heapSize specified" value="0" />
  <attribute name="Current GC Util" value="25" />
  <attribute name= "Current Time Running" value="655" />
  <attribute name ="GC Interval" value="0" />
  <attribute name="ProportionalT" value="5.000000" />
  <attribute name="ProportionalI" value="5.000000" />
  <attribute name="ProportionalH" value="5.000000" />
  <attribute name="Current Error" value="5.000000" />
  <attribute name="IntegralT" value="5.000000" />
  <attribute name="IntegralI" value="5.000000" />
  <attribute name="IntegralH" value="5.000000" />
  <attribute name="DerivativeT" value="-63.000000" />
  <attribute name="DerivativeI" value="-63.000000" />
  <attribute name="DerivativeH" value="-63.000000" />
  <attribute name="Loop Time for DT" value="1.000000" />
  <attribute name="Output H" value="2091843584"/>
  <attribute name="Output I" value="200"/>
  <attribute name="Output T" value="4"/>
  <attribute name="Target GC Util Change" value ="20.000000" />
  <attribute name="Current GC Util Change" value="25.000000"/>
  <attribute name="GC Util currently" value="25" />
  <attribute name="CPU Util currently" value="7807563996213" />
<sys-end id="27" timestamp="2019-06-17T07:05:50.282" />
<exclusive-end id="28" timestamp="2019-06-17T07:05:50.282" durationms="9.075" />

<exclusive-start id="29" timestamp="2019-06-17T07:05:50.426" intervalms="153.372">
  <response-info timems="0.060" idlems="0.038" threads="1" lastid="0000000000A38B00" lastname="JIT Compilation Thread-2" />
</exclusive-start>
<allocation-taxation id="30" taxation-threshold="5242880" timestamp="2019-06-17T07:05:50.426" intervalms="348.867" />
<cycle-start id="31" type="partial gc" contextid="0" timestamp="2019-06-17T07:05:50.427" intervalms="348.648" />
<gc-start id="32" type="partial gc" contextid="31" timestamp="2019-06-17T07:05:50.427">
  <mem-info id="33" free="0" total="8388608" percent="0">
    <mem type="eden" free="0" total="5242880" percent="0" />
    <remembered-set count="2912" freebytes="323200" totalbytes="334848" percent="96" regionsoverflowed="0" regionsstable="0" regionsrebuilding="0"/>
  </mem-info>
</gc-start>
<allocation-stats totalBytes="5224832" >
  <allocated-bytes non-tlh="360656" tlh="4864176" arrayletleaf="0"/>
  <largest-consumer threadName="Thread-4" threadId="0000000000D62500" bytes="1890576" />
</allocation-stats>
<gc-op id="34" type="mark" timems="1.705" contextid="31" timestamp="2019-06-17T07:05:50.429">
  <trace-info objectcount="10919" scancount="8828" scanbytes="708332" />
  <cardclean-info objects="1442" bytes="65380" />
  <remembered-set-cleared processed="2331" cleared="230" durationms="0.067" />
  <finalization candidates="10" enqueued="0" />
  <references type="soft" candidates="31" cleared="0" enqueued="0" dynamicThreshold="20" maxThreshold="32" />
  <references type="weak" candidates="143" cleared="25" enqueued="24" />
  <references type="phantom" candidates="9" cleared="0" enqueued="0" />
  <stringconstants candidates="3942" cleared="0"  />
  <warning details="Mark invoked due to insufficient free space for Copy-Forward" />
</gc-op>
<gc-op id="35" type="classunload" timems="0.002" contextid="31" timestamp="2019-06-17T07:05:50.429">
  <classunload-info classloadercandidates="19" classloadersunloaded="0" classesunloaded="0" anonymousclassesunloaded="0" quiescems="0.000" setupms="0.002" scanms="0.000" postms="0.000" />
</gc-op>
<gc-op id="36" type="sweep" timems="0.298" contextid="31" timestamp="2019-06-17T07:05:50.429" />
<gc-op id="37" type="compact" timems="2.012" contextid="31" timestamp="2019-06-17T07:05:50.432">
  <compact-info movecount="10918" movebytes="1168000" />
  <remembered-set-cleared processed="5994" cleared="1756" durationms="0.067" />
</gc-op>
<heap-resize id="38" type="expand" space="default" amount="3145728" count="1" timems="0.066" reason="insufficient free space following gc" timestamp="2019-06-17T07:05:50.432" />
<gc-end id="39" type="partial gc" contextid="31" durationms="5.214" usertimems="0.000" systemtimems="4.000" timestamp="2019-06-17T07:05:50.432" activeThreads="4">
  <mem-info id="40" free="6291456" total="11534336" percent="54">
    <mem type="eden" free="928200" total="2097152" percent="44" />
    <pending-finalizers system="0" default="0" reference="24" classloader="0" />
    <remembered-set count="4352" freebytes="443008" totalbytes="460416" percent="96" regionsoverflowed="0" regionsstable="0" regionsrebuilding="0"/>
  </mem-info>
</gc-end>
<cycle-end id="41" type="partial gc" contextid="31" timestamp="2019-06-17T07:05:50.432" />
  <attribute name="elasticGC enabled" value="1" />
  <attribute name= "numThreadsSpecified" value="4" />
  <attribute name="heapSize specified" value="0" />
  <attribute name="Current GC Util" value="26" />
  <attribute name= "Current Time Running" value="807" />
  <attribute name ="GC Interval" value="0" />
  <attribute name="ProportionalT" value="6.000000" />
  <attribute name="ProportionalI" value="6.000000" />
  <attribute name="ProportionalH" value="6.000000" />
  <attribute name="Current Error" value="6.000000" />
  <attribute name="IntegralT" value="6.000000" />
  <attribute name="IntegralI" value="6.000000" />
  <attribute name="IntegralH" value="6.000000" />
  <attribute name="DerivativeT" value="6.000000" />
  <attribute name="DerivativeI" value="6.000000" />
  <attribute name="DerivativeH" value="6.000000" />
  <attribute name="Loop Time for DT" value="1.000000" />
  <attribute name="Output H" value="8388608"/>
  <attribute name="Output I" value="200"/>
  <attribute name="Output T" value="4"/>
  <attribute name="Target GC Util Change" value ="20.000000" />
  <attribute name="Current GC Util Change" value="26.000000"/>
  <attribute name="GC Util currently" value="26" />
  <attribute name="CPU Util currently" value="9134638160834" />
<exclusive-end id="42" timestamp="2019-06-17T07:05:50.432" durationms="5.892" />

<exclusive-start id="43" timestamp="2019-06-17T07:05:50.546" intervalms="119.824">
  <response-info timems="0.047" idlems="0.047" threads="0" lastid="0000000000D62500" lastname="Thread-4" />
</exclusive-start>
<allocation-taxation id="44" taxation-threshold="3145728" timestamp="2019-06-17T07:05:50.546" intervalms="119.819" />
<cycle-start id="45" type="global mark phase" contextid="0" timestamp="2019-06-17T07:05:50.546" intervalms="1044.967" />
<gc-start id="46" type="global mark phase" contextid="45" timestamp="2019-06-17T07:05:50.546">
  <mem-info id="47" free="3145728" total="11534336" percent="27">
    <remembered-set count="4352" freebytes="443008" totalbytes="460416" percent="96" regionsoverflowed="0" regionsstable="0" regionsrebuilding="0"/>
  </mem-info>
</gc-start>
<gc-op id="48" type="mark increment" timems="0.570" contextid="45" timestamp="2019-06-17T07:05:50.547">
  <trace-info objectcount="237" scancount="0" scanbytes="0" />
</gc-op>
<gc-end id="49" type="global mark phase" contextid="45" durationms="0.681" usertimems="0.000" systemtimems="4.000" timestamp="2019-06-17T07:05:50.547" activeThreads="1">
  <mem-info id="50" free="3145728" total="11534336" percent="27">
    <remembered-set count="4352" freebytes="443008" totalbytes="460416" percent="96" regionsoverflowed="0" regionsstable="0" regionsrebuilding="0"/>
  </mem-info>
</gc-end>
<concurrent-start id="51" type="GMP work packet processing" contextid="45" timestamp="2019-06-17T07:05:50.547">
  <concurrent-mark-start scanTarget="18446744073709551615" />
</concurrent-start>
<exclusive-end id="52" timestamp="2019-06-17T07:05:50.547" durationms="1.040" />

<concurrent-end id="53" type="GMP work packet processing" contextid="45" timestamp="2019-06-17T07:05:50.549">
  <concurrent-mark-end bytesScanned="1657796" reasonForTermination="Completed all work in GC phase" />
</concurrent-end>

<exclusive-start id="54" timestamp="2019-06-17T07:05:50.592" intervalms="45.728">
  <response-info timems="0.120" idlems="0.052" threads="2" lastid="0000000000D66100" lastname="Thread-5" />
</exclusive-start>
<allocation-taxation id="55" taxation-threshold="3145728" timestamp="2019-06-17T07:05:50.592" intervalms="45.765" />
<cycle-start id="56" type="partial gc" contextid="0" timestamp="2019-06-17T07:05:50.592" intervalms="165.611" />
<gc-start id="57" type="partial gc" contextid="56" timestamp="2019-06-17T07:05:50.592">
  <mem-info id="58" free="0" total="11534336" percent="0">
    <mem type="eden" free="0" total="6291456" percent="0" />
    <remembered-set count="4352" freebytes="443008" totalbytes="460416" percent="96" regionsoverflowed="0" regionsstable="0" regionsrebuilding="0"/>
  </mem-info>
</gc-start>
<allocation-stats totalBytes="6208704" >
  <allocated-bytes non-tlh="66712" tlh="6141992" arrayletleaf="0"/>
  <largest-consumer threadName="Thread-3" threadId="0000000000D5E900" bytes="1172880" />
</allocation-stats>
<gc-op id="59" type="mark" timems="1.551" contextid="56" timestamp="2019-06-17T07:05:50.594">
  <trace-info objectcount="11054" scancount="8858" scanbytes="694000" />
  <cardclean-info objects="995" bytes="54924" />
  <remembered-set-cleared processed="3022" cleared="966" durationms="0.069" />
  <finalization candidates="10" enqueued="0" />
  <references type="soft" candidates="31" cleared="0" enqueued="0" dynamicThreshold="8" maxThreshold="32" />
  <references type="weak" candidates="119" cleared="1" enqueued="1" />
  <references type="phantom" candidates="11" cleared="0" enqueued="0" />
  <stringconstants candidates="3962" cleared="0"  />
  <warning details="Mark invoked due to insufficient free space for Copy-Forward" />
</gc-op>
<gc-op id="60" type="classunload" timems="0.003" contextid="56" timestamp="2019-06-17T07:05:50.594">
  <classunload-info classloadercandidates="20" classloadersunloaded="0" classesunloaded="0" anonymousclassesunloaded="0" quiescems="0.000" setupms="0.003" scanms="0.000" postms="0.000" />
</gc-op>
<gc-op id="61" type="sweep" timems="0.465" contextid="56" timestamp="2019-06-17T07:05:50.595" />
<gc-op id="62" type="compact" timems="1.967" contextid="56" timestamp="2019-06-17T07:05:50.597">
  <compact-info movecount="11052" movebytes="1156000" />
  <remembered-set-cleared processed="6694" cleared="2577" durationms="0.069" />
</gc-op>
<gc-end id="63" type="partial gc" contextid="56" durationms="5.213" usertimems="8.000" systemtimems="0.000" timestamp="2019-06-17T07:05:50.598" activeThreads="4">
  <mem-info id="64" free="6291456" total="11534336" percent="54">
    <mem type="eden" free="345704" total="1048576" percent="32" />
    <pending-finalizers system="0" default="0" reference="1" classloader="0" />
    <remembered-set count="5312" freebytes="439168" totalbytes="460416" percent="95" regionsoverflowed="0" regionsstable="0" regionsrebuilding="0"/>
  </mem-info>
</gc-end>
<cycle-end id="65" type="partial gc" contextid="56" timestamp="2019-06-17T07:05:50.598" />
  <attribute name="elasticGC enabled" value="1" />
  <attribute name= "numThreadsSpecified" value="4" />
  <attribute name="heapSize specified" value="0" />
  <attribute name="Current GC Util" value="28" />
  <attribute name= "Current Time Running" value="973" />
  <attribute name ="GC Interval" value="0" />
  <attribute name="ProportionalT" value="8.000000" />
  <attribute name="ProportionalI" value="8.000000" />
  <attribute name="ProportionalH" value="8.000000" />
  <attribute name="Current Error" value="8.000000" />
  <attribute name="IntegralT" value="8.000000" />
  <attribute name="IntegralI" value="8.000000" />
  <attribute name="IntegralH" value="8.000000" />
  <attribute name="DerivativeT" value="8.000000" />
  <attribute name="DerivativeI" value="8.000000" />
  <attribute name="DerivativeH" value="8.000000" />
  <attribute name="Loop Time for DT" value="1.000000" />
  <attribute name="Output H" value="8388608"/>
  <attribute name="Output I" value="200"/>
  <attribute name="Output T" value="4"/>
  <attribute name="Target GC Util Change" value ="20.000000" />
  <attribute name="Current GC Util Change" value="28.000000"/>
  <attribute name="GC Util currently" value="28" />
  <attribute name="CPU Util currently" value="6418357331080" />
<exclusive-end id="66" timestamp="2019-06-17T07:05:50.598" durationms="5.925" />

<exclusive-start id="67" timestamp="2019-06-17T07:05:50.661" intervalms="69.547">
  <response-info timems="0.057" idlems="0.057" threads="0" lastid="0000000000D69D00" lastname="Thread-6" />
</exclusive-start>
<allocation-taxation id="68" taxation-threshold="3145728" timestamp="2019-06-17T07:05:50.662" intervalms="69.518" />
<gc-start id="69" type="global mark phase" contextid="45" timestamp="2019-06-17T07:05:50.662">
  <mem-info id="70" free="3145728" total="11534336" percent="27">
    <remembered-set count="4832" freebytes="441088" totalbytes="460416" percent="95" regionsoverflowed="0" regionsstable="0" regionsrebuilding="0"/>
  </mem-info>
</gc-start>
<gc-op id="71" type="mark increment" timems="2.144" contextid="45" timestamp="2019-06-17T07:05:50.664">
  <trace-info objectcount="11957" scancount="9570" scanbytes="795256" />
  <cardclean-info objects="1661" bytes="79596" />
  <finalization candidates="25" enqueued="0" />
  <references type="soft" candidates="164" cleared="0" enqueued="0" dynamicThreshold="17" maxThreshold="32" />
  <references type="weak" candidates="264" cleared="0" enqueued="0" />
  <references type="phantom" candidates="92" cleared="2" enqueued="2" />
  <stringconstants candidates="3963" cleared="0"  />
</gc-op>
<gc-op id="72" type="classunload" timems="0.003" contextid="45" timestamp="2019-06-17T07:05:50.664">
  <classunload-info classloadercandidates="20" classloadersunloaded="0" classesunloaded="0" anonymousclassesunloaded="0" quiescems="0.000" setupms="0.003" scanms="0.000" postms="0.000" />
</gc-op>
<gc-end id="73" type="global mark phase" contextid="45" durationms="2.407" usertimems="0.000" systemtimems="4.000" timestamp="2019-06-17T07:05:50.664" activeThreads="4">
  <mem-info id="74" free="3145728" total="11534336" percent="27">
    <pending-finalizers system="0" default="0" reference="2" classloader="0" />
    <remembered-set count="4832" freebytes="441088" totalbytes="460416" percent="95" regionsoverflowed="0" regionsstable="0" regionsrebuilding="0"/>
  </mem-info>
</gc-end>
<cycle-end id="75" type="global mark phase" contextid="45" timestamp="2019-06-17T07:05:50.664" />
  <attribute name="elasticGC enabled" value="1" />
  <attribute name= "numThreadsSpecified" value="4" />
  <attribute name="heapSize specified" value="0" />
  <attribute name="Current GC Util" value="0" />
  <attribute name= "Current Time Running" value="1040" />
  <attribute name ="GC Interval" value="0" />
  <attribute name="ProportionalT" value="-20.000000" />
  <attribute name="ProportionalI" value="-20.000000" />
  <attribute name="ProportionalH" value="-20.000000" />
  <attribute name="Current Error" value="-20.000000" />
  <attribute name="IntegralT" value="-20.000000" />
  <attribute name="IntegralI" value="-20.000000" />
  <attribute name="IntegralH" value="-20.000000" />
  <attribute name="DerivativeT" value="-203.000000" />
  <attribute name="DerivativeI" value="-203.000000" />
  <attribute name="DerivativeH" value="-203.000000" />
  <attribute name="Loop Time for DT" value="1.000000" />
  <attribute name="Output H" value="2091843584"/>
  <attribute name="Output I" value="200"/>
  <attribute name="Output T" value="4"/>
  <attribute name="Target GC Util Change" value ="20.000000" />
  <attribute name="Current GC Util Change" value="0.000000"/>
  <attribute name="GC Util currently" value="0" />
  <attribute name="CPU Util currently" value="5720147674158" />
<exclusive-end id="76" timestamp="2019-06-17T07:05:50.664" durationms="2.751" />

<exclusive-start id="77" timestamp="2019-06-17T07:05:50.709" intervalms="47.029">
  <response-info timems="0.161" idlems="0.089" threads="1" lastid="0000000000D69D00" lastname="Thread-6" />
</exclusive-start>
<allocation-taxation id="78" taxation-threshold="3145728" timestamp="2019-06-17T07:05:50.709" intervalms="47.025" />
<cycle-start id="79" type="partial gc" contextid="0" timestamp="2019-06-17T07:05:50.709" intervalms="116.509" />
<gc-start id="80" type="partial gc" contextid="79" timestamp="2019-06-17T07:05:50.709">
  <mem-info id="81" free="0" total="11534336" percent="0">
    <mem type="eden" free="0" total="6291456" percent="0" />
    <remembered-set count="4832" freebytes="441088" totalbytes="460416" percent="95" regionsoverflowed="0" regionsstable="0" regionsrebuilding="0"/>
  </mem-info>
</gc-start>
<allocation-stats totalBytes="6274632" >
  <allocated-bytes non-tlh="65584" tlh="6209048" arrayletleaf="0"/>
  <largest-consumer threadName="Thread-5" threadId="0000000000D66100" bytes="1167256" />
</allocation-stats>
<gc-op id="82" type="sweep" timems="0.487" contextid="79" timestamp="2019-06-17T07:05:50.710" />
<gc-op id="83" type="mark" timems="0.976" contextid="79" timestamp="2019-06-17T07:05:50.711">
  <trace-info objectcount="3171" scancount="2490" scanbytes="440432" />
  <cardclean-info objects="1117" bytes="55468" />
  <remembered-set-cleared processed="3230" cleared="584" durationms="0.076" />
  <stringconstants candidates="3963" cleared="0"  />
  <warning details="Mark invoked due to insufficient free space for Copy-Forward" />
</gc-op>
<gc-op id="84" type="classunload" timems="0.002" contextid="79" timestamp="2019-06-17T07:05:50.711">
  <classunload-info classloadercandidates="20" classloadersunloaded="0" classesunloaded="0" anonymousclassesunloaded="0" quiescems="0.000" setupms="0.002" scanms="0.000" postms="0.000" />
</gc-op>
<gc-op id="85" type="sweep" timems="0.478" contextid="79" timestamp="2019-06-17T07:05:50.712" />
<gc-op id="86" type="compact" timems="1.350" contextid="79" timestamp="2019-06-17T07:05:50.713">
  <compact-info movecount="3054" movebytes="1005872" />
  <remembered-set-cleared processed="6985" cleared="1598" durationms="0.076" />
</gc-op>
<gc-end id="87" type="partial gc" contextid="79" durationms="4.826" usertimems="0.000" systemtimems="4.000" timestamp="2019-06-17T07:05:50.714" activeThreads="1">
  <mem-info id="88" free="5242880" total="11534336" percent="45">
    <mem type="eden" free="60392" total="1048576" percent="5" />
    <remembered-set count="5184" freebytes="439680" totalbytes="460416" percent="95" regionsoverflowed="0" regionsstable="0" regionsrebuilding="0"/>
  </mem-info>
</gc-end>
<cycle-end id="89" type="partial gc" contextid="79" timestamp="2019-06-17T07:05:50.714" />
  <attribute name="elasticGC enabled" value="1" />
  <attribute name= "numThreadsSpecified" value="1" />
  <attribute name="heapSize specified" value="0" />
  <attribute name="Current GC Util" value="38" />
  <attribute name= "Current Time Running" value="1089" />
  <attribute name ="GC Interval" value="0" />
  <attribute name="ProportionalT" value="18.000000" />
  <attribute name="ProportionalI" value="18.000000" />
  <attribute name="ProportionalH" value="18.000000" />
  <attribute name="Current Error" value="18.000000" />
  <attribute name="IntegralT" value="0.000000" />
  <attribute name="IntegralI" value="0.000000" />
  <attribute name="IntegralH" value="0.000000" />
  <attribute name="DerivativeT" value="inf" />
  <attribute name="DerivativeI" value="inf" />
  <attribute name="DerivativeH" value="inf" />
  <attribute name="Loop Time for DT" value="0.000000" />
  <attribute name="Output H" value="8388608"/>
  <attribute name="Output I" value="200"/>
  <attribute name="Output T" value="1"/>
  <attribute name="Target GC Util Change" value ="20.000000" />
  <attribute name="Current GC Util Change" value="38.000000"/>
  <attribute name="GC Util currently" value="38" />
  <attribute name="CPU Util currently" value="6331350442530" />
<exclusive-end id="90" timestamp="2019-06-17T07:05:50.714" durationms="5.653" />

<exclusive-start id="91" timestamp="2019-06-17T07:05:50.764" intervalms="55.537">
  <response-info timems="0.037" idlems="0.037" threads="0" lastid="0000000000D69D00" lastname="Thread-6" />
</exclusive-start>
<allocation-taxation id="92" taxation-threshold="5242880" timestamp="2019-06-17T07:05:50.764" intervalms="55.545" />
<cycle-start id="93" type="partial gc" contextid="0" timestamp="2019-06-17T07:05:50.764" intervalms="55.549" />
<gc-start id="94" type="partial gc" contextid="93" timestamp="2019-06-17T07:05:50.764">
  <mem-info id="95" free="0" total="11534336" percent="0">
    <mem type="eden" free="60392" total="6291456" percent="0" />
    <remembered-set count="5120" freebytes="439936" totalbytes="460416" percent="95" regionsoverflowed="0" regionsstable="0" regionsrebuilding="0"/>
  </mem-info>
</gc-start>
<allocation-stats totalBytes="5176104" >
  <allocated-bytes non-tlh="32776" tlh="5143328" arrayletleaf="0"/>
  <largest-consumer threadName="Thread-5" threadId="0000000000D66100" bytes="1719648" />
</allocation-stats>
<gc-op id="96" type="mark" timems="0.911" contextid="93" timestamp="2019-06-17T07:05:50.766">
  <trace-info objectcount="2582" scancount="2068" scanbytes="420320" />
  <cardclean-info objects="1051" bytes="54232" />
  <remembered-set-cleared processed="3627" cleared="776" durationms="0.079" />
  <references type="weak" candidates="1" cleared="0" enqueued="0" />
  <references type="phantom" candidates="3" cleared="0" enqueued="0" />
  <stringconstants candidates="3963" cleared="0"  />
  <warning details="Mark invoked due to insufficient free space for Copy-Forward" />
</gc-op>
<gc-op id="97" type="classunload" timems="0.002" contextid="93" timestamp="2019-06-17T07:05:50.766">
  <classunload-info classloadercandidates="20" classloadersunloaded="0" classesunloaded="0" anonymousclassesunloaded="0" quiescems="0.000" setupms="0.002" scanms="0.000" postms="0.000" />
</gc-op>
<gc-op id="98" type="sweep" timems="0.443" contextid="93" timestamp="2019-06-17T07:05:50.766" />
<gc-op id="99" type="compact" timems="1.941" contextid="93" timestamp="2019-06-17T07:05:50.769">
  <compact-info movecount="8899" movebytes="1296448" />
  <remembered-set-cleared processed="5794" cleared="2463" durationms="0.079" />
</gc-op>
<heap-resize id="100" type="expand" space="default" amount="2097152" count="1" timems="0.062" reason="insufficient free space following gc" timestamp="2019-06-17T07:05:50.769" />
<gc-end id="101" type="partial gc" contextid="93" durationms="4.669" usertimems="4.000" systemtimems="0.000" timestamp="2019-06-17T07:05:50.769" activeThreads="4">
  <mem-info id="102" free="6291456" total="13631488" percent="46">
    <mem type="eden" free="1103016" total="2097152" percent="52" />
    <remembered-set count="5216" freebytes="523264" totalbytes="544128" percent="96" regionsoverflowed="0" regionsstable="0" regionsrebuilding="0"/>
  </mem-info>
</gc-end>
<cycle-end id="103" type="partial gc" contextid="93" timestamp="2019-06-17T07:05:50.769" />
  <attribute name="elasticGC enabled" value="1" />
  <attribute name= "numThreadsSpecified" value="4" />
  <attribute name="heapSize specified" value="0" />
  <attribute name="Current GC Util" value="37" />
  <attribute name= "Current Time Running" value="1144" />
  <attribute name ="GC Interval" value="0" />
  <attribute name="ProportionalT" value="17.000000" />
  <attribute name="ProportionalI" value="17.000000" />
  <attribute name="ProportionalH" value="17.000000" />
  <attribute name="Current Error" value="17.000000" />
  <attribute name="IntegralT" value="17.000000" />
  <attribute name="IntegralI" value="17.000000" />
  <attribute name="IntegralH" value="17.000000" />
  <attribute name="DerivativeT" value="17.000000" />
  <attribute name="DerivativeI" value="17.000000" />
  <attribute name="DerivativeH" value="17.000000" />
  <attribute name="Loop Time for DT" value="1.000000" />
  <attribute name="Output H" value="8388608"/>
  <attribute name="Output I" value="200"/>
  <attribute name="Output T" value="4"/>
  <attribute name="Target GC Util Change" value ="20.000000" />
  <attribute name="Current GC Util Change" value="37.000000"/>
  <attribute name="GC Util currently" value="37" />
  <attribute name="CPU Util currently" value="6616365309885" />
<exclusive-end id="104" timestamp="2019-06-17T07:05:50.770" durationms="5.497" />

<exclusive-start id="105" timestamp="2019-06-17T07:05:50.842" intervalms="78.381">
  <response-info timems="0.026" idlems="0.026" threads="0" lastid="0000000000D62500" lastname="Thread-4" />
</exclusive-start>
<allocation-taxation id="106" taxation-threshold="6291456" timestamp="2019-06-17T07:05:50.843" intervalms="78.376" />
<cycle-start id="107" type="partial gc" contextid="0" timestamp="2019-06-17T07:05:50.843" intervalms="78.381" />
<gc-start id="108" type="partial gc" contextid="107" timestamp="2019-06-17T07:05:50.843">
  <mem-info id="109" free="0" total="13631488" percent="0">
    <mem type="eden" free="0" total="6291456" percent="0" />
    <remembered-set count="5056" freebytes="523904" totalbytes="544128" percent="96" regionsoverflowed="0" regionsstable="0" regionsrebuilding="0"/>
  </mem-info>
</gc-start>
<allocation-stats totalBytes="6223576" >
  <allocated-bytes non-tlh="81944" tlh="6141632" arrayletleaf="0"/>
  <largest-consumer threadName="Thread-6" threadId="0000000000D69D00" bytes="1933504" />
</allocation-stats>
<gc-op id="110" type="mark" timems="1.183" contextid="107" timestamp="2019-06-17T07:05:50.844">
  <trace-info objectcount="2524" scancount="2013" scanbytes="414148" />
  <cardclean-info objects="1101" bytes="56984" />
  <remembered-set-cleared processed="3450" cleared="689" durationms="0.072" />
  <references type="phantom" candidates="2" cleared="0" enqueued="0" />
  <stringconstants candidates="3963" cleared="0"  />
  <warning details="Mark invoked due to insufficient free space for Copy-Forward" />
</gc-op>
<gc-op id="111" type="classunload" timems="0.002" contextid="107" timestamp="2019-06-17T07:05:50.844">
  <classunload-info classloadercandidates="20" classloadersunloaded="0" classesunloaded="0" anonymousclassesunloaded="0" quiescems="0.000" setupms="0.002" scanms="0.000" postms="0.000" />
</gc-op>
<gc-op id="112" type="sweep" timems="0.350" contextid="107" timestamp="2019-06-17T07:05:50.845" />
<gc-op id="113" type="compact" timems="1.181" contextid="107" timestamp="2019-06-17T07:05:50.846">
  <compact-info movecount="2521" movebytes="1008616" />
  <remembered-set-cleared processed="7100" cleared="1383" durationms="0.072" />
</gc-op>
<heap-resize id="114" type="expand" space="default" amount="2097152" count="1" timems="0.061" reason="insufficient free space following gc" timestamp="2019-06-17T07:05:50.847" />
<gc-end id="115" type="partial gc" contextid="107" durationms="3.887" usertimems="0.000" systemtimems="4.000" timestamp="2019-06-17T07:05:50.847" activeThreads="4">
  <mem-info id="116" free="7340032" total="15728640" percent="46">
    <mem type="eden" free="40696" total="1048576" percent="3" />
    <remembered-set count="5312" freebytes="606592" totalbytes="627840" percent="96" regionsoverflowed="0" regionsstable="0" regionsrebuilding="0"/>
  </mem-info>
</gc-end>
<cycle-end id="117" type="partial gc" contextid="107" timestamp="2019-06-17T07:05:50.847" />
  <attribute name="elasticGC enabled" value="1" />
  <attribute name= "numThreadsSpecified" value="4" />
  <attribute name="heapSize specified" value="0" />
  <attribute name="Current GC Util" value="35" />
  <attribute name= "Current Time Running" value="1222" />
  <attribute name ="GC Interval" value="0" />
  <attribute name="ProportionalT" value="15.000000" />
  <attribute name="ProportionalI" value="15.000000" />
  <attribute name="ProportionalH" value="15.000000" />
  <attribute name="Current Error" value="15.000000" />
  <attribute name="IntegralT" value="0.000000" />
  <attribute name="IntegralI" value="0.000000" />
  <attribute name="IntegralH" value="0.000000" />
  <attribute name="DerivativeT" value="-inf" />
  <attribute name="DerivativeI" value="-inf" />
  <attribute name="DerivativeH" value="-inf" />
  <attribute name="Loop Time for DT" value="0.000000" />
  <attribute name="Output H" value="2091843584"/>
  <attribute name="Output I" value="200"/>
  <attribute name="Output T" value="4"/>
  <attribute name="Target GC Util Change" value ="20.000000" />
  <attribute name="Current GC Util Change" value="35.000000"/>
  <attribute name="GC Util currently" value="35" />
  <attribute name="CPU Util currently" value="8185514304620" />
<exclusive-end id="118" timestamp="2019-06-17T07:05:50.847" durationms="4.627" />

<exclusive-start id="119" timestamp="2019-06-17T07:05:50.921" intervalms="78.889">
  <response-info timems="0.047" idlems="0.047" threads="0" lastid="0000000000D66100" lastname="Thread-5" />
</exclusive-start>
<allocation-taxation id="120" taxation-threshold="7340032" timestamp="2019-06-17T07:05:50.921" intervalms="78.886" />
<cycle-start id="121" type="partial gc" contextid="0" timestamp="2019-06-17T07:05:50.921" intervalms="78.885" />
<gc-start id="122" type="partial gc" contextid="121" timestamp="2019-06-17T07:05:50.922">
  <mem-info id="123" free="0" total="15728640" percent="0">
    <mem type="eden" free="0" total="7340032" percent="0" />
    <remembered-set count="5056" freebytes="607616" totalbytes="627840" percent="96" regionsoverflowed="0" regionsstable="0" regionsrebuilding="0"/>
  </mem-info>
</gc-start>
<allocation-stats totalBytes="7334928" >
  <allocated-bytes non-tlh="0" tlh="7334928" arrayletleaf="0"/>
  <largest-consumer threadName="Thread-5" threadId="0000000000D66100" bytes="2280168" />
</allocation-stats>
<gc-op id="124" type="mark" timems="0.913" contextid="121" timestamp="2019-06-17T07:05:50.923">
  <trace-info objectcount="2537" scancount="2057" scanbytes="417440" />
  <cardclean-info objects="1111" bytes="56944" />
  <remembered-set-cleared processed="3508" cleared="708" durationms="0.081" />
  <references type="phantom" candidates="1" cleared="0" enqueued="0" />
  <stringconstants candidates="3963" cleared="0"  />
  <warning details="Mark invoked due to insufficient free space for Copy-Forward" />
</gc-op>
<gc-op id="125" type="classunload" timems="0.001" contextid="121" timestamp="2019-06-17T07:05:50.923">
  <classunload-info classloadercandidates="20" classloadersunloaded="0" classesunloaded="0" anonymousclassesunloaded="0" quiescems="0.000" setupms="0.001" scanms="0.000" postms="0.000" />
</gc-op>
<gc-op id="126" type="sweep" timems="0.473" contextid="121" timestamp="2019-06-17T07:05:50.924" />
<gc-op id="127" type="compact" timems="1.292" contextid="121" timestamp="2019-06-17T07:05:50.925">
  <compact-info movecount="2534" movebytes="936368" />
  <remembered-set-cleared processed="7239" cleared="1444" durationms="0.081" />
</gc-op>
<gc-end id="128" type="partial gc" contextid="121" durationms="3.892" usertimems="4.000" systemtimems="0.000" timestamp="2019-06-17T07:05:50.926" activeThreads="1">
  <mem-info id="129" free="6291456" total="15728640" percent="40">
    <mem type="eden" free="115264" total="1048576" percent="10" />
    <remembered-set count="5280" freebytes="606720" totalbytes="627840" percent="96" regionsoverflowed="0" regionsstable="0" regionsrebuilding="0"/>
  </mem-info>
</gc-end>
<cycle-end id="130" type="partial gc" contextid="121" timestamp="2019-06-17T07:05:50.926" />
  <attribute name="elasticGC enabled" value="1" />
  <attribute name= "numThreadsSpecified" value="1" />
  <attribute name="heapSize specified" value="0" />
  <attribute name="Current GC Util" value="34" />
  <attribute name= "Current Time Running" value="1301" />
  <attribute name ="GC Interval" value="0" />
  <attribute name="ProportionalT" value="14.000000" />
  <attribute name="ProportionalI" value="14.000000" />
  <attribute name="ProportionalH" value="14.000000" />
  <attribute name="Current Error" value="14.000000" />
  <attribute name="IntegralT" value="0.000000" />
  <attribute name="IntegralI" value="0.000000" />
  <attribute name="IntegralH" value="0.000000" />
  <attribute name="DerivativeT" value="inf" />
  <attribute name="DerivativeI" value="inf" />
  <attribute name="DerivativeH" value="inf" />
  <attribute name="Loop Time for DT" value="0.000000" />
  <attribute name="Output H" value="8388608"/>
  <attribute name="Output I" value="200"/>
  <attribute name="Output T" value="1"/>
  <attribute name="Target GC Util Change" value ="20.000000" />
  <attribute name="Current GC Util Change" value="34.000000"/>
  <attribute name="GC Util currently" value="34" />
  <attribute name="CPU Util currently" value="6701200859429" />
<exclusive-end id="131" timestamp="2019-06-17T07:05:50.926" durationms="4.740" />

<exclusive-start id="132" timestamp="2019-06-17T07:05:50.981" intervalms="60.054">
  <response-info timems="0.063" idlems="0.063" threads="0" lastid="0000000000D5E900" lastname="Thread-3" />
</exclusive-start>
<allocation-taxation id="133" taxation-threshold="6291456" timestamp="2019-06-17T07:05:50.981" intervalms="60.047" />
<cycle-start id="134" type="partial gc" contextid="0" timestamp="2019-06-17T07:05:50.982" intervalms="60.029" />
<gc-start id="135" type="partial gc" contextid="134" timestamp="2019-06-17T07:05:50.982">
  <mem-info id="136" free="0" total="15728640" percent="0">
    <mem type="eden" free="0" total="6291456" percent="0" />
    <remembered-set count="4928" freebytes="608128" totalbytes="627840" percent="96" regionsoverflowed="0" regionsstable="0" regionsrebuilding="0"/>
  </mem-info>
</gc-start>
<allocation-stats totalBytes="6200776" >
  <allocated-bytes non-tlh="32776" tlh="6168000" arrayletleaf="0"/>
  <largest-consumer threadName="Thread-5" threadId="0000000000D66100" bytes="2269976" />
</allocation-stats>
<gc-op id="137" type="mark" timems="0.813" contextid="134" timestamp="2019-06-17T07:05:50.983">
  <trace-info objectcount="1950" scancount="1590" scanbytes="367604" />
  <cardclean-info objects="1086" bytes="56380" />
  <remembered-set-cleared processed="3599" cleared="740" durationms="0.082" />
  <stringconstants candidates="3963" cleared="0"  />
  <warning details="Mark invoked due to insufficient free space for Copy-Forward" />
</gc-op>
<gc-op id="138" type="classunload" timems="0.002" contextid="134" timestamp="2019-06-17T07:05:50.983">
  <classunload-info classloadercandidates="20" classloadersunloaded="0" classesunloaded="0" anonymousclassesunloaded="0" quiescems="0.000" setupms="0.002" scanms="0.000" postms="0.000" />
</gc-op>
<gc-op id="139" type="sweep" timems="0.409" contextid="134" timestamp="2019-06-17T07:05:50.984" />
<gc-op id="140" type="compact" timems="1.055" contextid="134" timestamp="2019-06-17T07:05:50.985">
  <compact-info movecount="1950" movebytes="834192" />
  <remembered-set-cleared processed="7227" cleared="1288" durationms="0.082" />
</gc-op>
<heap-resize id="141" type="expand" space="default" amount="3145728" count="1" timems="0.069" reason="insufficient free space following gc" timestamp="2019-06-17T07:05:50.985" />
<gc-end id="142" type="partial gc" contextid="134" durationms="3.490" usertimems="0.000" systemtimems="4.000" timestamp="2019-06-17T07:05:50.985" activeThreads="4">
  <mem-info id="143" free="8388608" total="18874368" percent="44">
    <mem type="eden" free="215704" total="1048576" percent="20" />
    <remembered-set count="5504" freebytes="731392" totalbytes="753408" percent="97" regionsoverflowed="0" regionsstable="0" regionsrebuilding="0"/>
  </mem-info>
</gc-end>
<cycle-end id="144" type="partial gc" contextid="134" timestamp="2019-06-17T07:05:50.985" />
  <attribute name="elasticGC enabled" value="1" />
  <attribute name= "numThreadsSpecified" value="4" />
  <attribute name="heapSize specified" value="0" />
  <attribute name="Current GC Util" value="34" />
  <attribute name= "Current Time Running" value="1361" />
  <attribute name ="GC Interval" value="0" />
  <attribute name="ProportionalT" value="14.000000" />
  <attribute name="ProportionalI" value="14.000000" />
  <attribute name="ProportionalH" value="14.000000" />
  <attribute name="Current Error" value="14.000000" />
  <attribute name="IntegralT" value="14.000000" />
  <attribute name="IntegralI" value="14.000000" />
  <attribute name="IntegralH" value="14.000000" />
  <attribute name="DerivativeT" value="14.000000" />
  <attribute name="DerivativeI" value="14.000000" />
  <attribute name="DerivativeH" value="14.000000" />
  <attribute name="Loop Time for DT" value="1.000000" />
  <attribute name="Output H" value="8388608"/>
  <attribute name="Output I" value="200"/>
  <attribute name="Output T" value="4"/>
  <attribute name="Target GC Util Change" value ="20.000000" />
  <attribute name="Current GC Util Change" value="34.000000"/>
  <attribute name="GC Util currently" value="34" />
  <attribute name="CPU Util currently" value="7298218709768" />
<exclusive-end id="145" timestamp="2019-06-17T07:05:50.986" durationms="4.191" />

<exclusive-start id="146" timestamp="2019-06-17T07:05:51.070" intervalms="88.913">
  <response-info timems="0.039" idlems="0.022" threads="1" lastid="0000000000D62500" lastname="Thread-4" />
</exclusive-start>
<allocation-taxation id="147" taxation-threshold="8388608" timestamp="2019-06-17T07:05:51.070" intervalms="88.925" />
<cycle-start id="148" type="partial gc" contextid="0" timestamp="2019-06-17T07:05:51.070" intervalms="88.933" />
<gc-start id="149" type="partial gc" contextid="148" timestamp="2019-06-17T07:05:51.071">
  <mem-info id="150" free="0" total="18874368" percent="0">
    <mem type="eden" free="0" total="8388608" percent="0" />
    <remembered-set count="5184" freebytes="732672" totalbytes="753408" percent="97" regionsoverflowed="0" regionsstable="0" regionsrebuilding="0"/>
  </mem-info>
</gc-start>
<allocation-stats totalBytes="8335312" >
  <allocated-bytes non-tlh="32776" tlh="8302536" arrayletleaf="0"/>
  <largest-consumer threadName="Thread-6" threadId="0000000000D69D00" bytes="2415632" />
</allocation-stats>
<gc-op id="151" type="mark" timems="0.868" contextid="148" timestamp="2019-06-17T07:05:51.072">
  <trace-info objectcount="1950" scancount="1565" scanbytes="315936" />
  <cardclean-info objects="1092" bytes="56164" />
  <remembered-set-cleared processed="3528" cleared="608" durationms="0.090" />
  <stringconstants candidates="3963" cleared="0"  />
  <warning details="Mark invoked due to insufficient free space for Copy-Forward" />
</gc-op>
<gc-op id="152" type="classunload" timems="0.002" contextid="148" timestamp="2019-06-17T07:05:51.072">
  <classunload-info classloadercandidates="20" classloadersunloaded="0" classesunloaded="0" anonymousclassesunloaded="0" quiescems="0.000" setupms="0.002" scanms="0.000" postms="0.000" />
</gc-op>
<gc-op id="153" type="sweep" timems="0.413" contextid="148" timestamp="2019-06-17T07:05:51.072" />
<gc-op id="154" type="compact" timems="1.055" contextid="148" timestamp="2019-06-17T07:05:51.074">
  <compact-info movecount="1950" movebytes="807528" />
  <remembered-set-cleared processed="7240" cleared="1191" durationms="0.090" />
</gc-op>
<heap-resize id="155" type="expand" space="default" amount="1048576" count="1" timems="0.054" reason="insufficient free space following gc" timestamp="2019-06-17T07:05:51.074" />
<gc-end id="156" type="partial gc" contextid="148" durationms="3.496" usertimems="4.000" systemtimems="4.000" timestamp="2019-06-17T07:05:51.074" activeThreads="4">
  <mem-info id="157" free="8388608" total="19922944" percent="42">
    <mem type="eden" free="241416" total="1048576" percent="23" />
    <remembered-set count="5760" freebytes="772224" totalbytes="795264" percent="97" regionsoverflowed="0" regionsstable="0" regionsrebuilding="0"/>
  </mem-info>
</gc-end>
<cycle-end id="158" type="partial gc" contextid="148" timestamp="2019-06-17T07:05:51.074" />
  <attribute name="elasticGC enabled" value="1" />
  <attribute name= "numThreadsSpecified" value="4" />
  <attribute name="heapSize specified" value="0" />
  <attribute name="Current GC Util" value="33" />
  <attribute name= "Current Time Running" value="1450" />
  <attribute name ="GC Interval" value="0" />
  <attribute name="ProportionalT" value="13.000000" />
  <attribute name="ProportionalI" value="13.000000" />
  <attribute name="ProportionalH" value="13.000000" />
  <attribute name="Current Error" value="13.000000" />
  <attribute name="IntegralT" value="13.000000" />
  <attribute name="IntegralI" value="13.000000" />
  <attribute name="IntegralH" value="13.000000" />
  <attribute name="DerivativeT" value="13.000000" />
  <attribute name="DerivativeI" value="13.000000" />
  <attribute name="DerivativeH" value="13.000000" />
  <attribute name="Loop Time for DT" value="1.000000" />
  <attribute name="Output H" value="8388608"/>
  <attribute name="Output I" value="200"/>
  <attribute name="Output T" value="4"/>
  <attribute name="Target GC Util Change" value ="20.000000" />
  <attribute name="Current GC Util Change" value="33.000000"/>
  <attribute name="GC Util currently" value="33" />
  <attribute name="CPU Util currently" value="7232837336084" />
<exclusive-end id="159" timestamp="2019-06-17T07:05:51.075" durationms="4.253" />

<exclusive-start id="160" timestamp="2019-06-17T07:05:51.176" intervalms="105.735">
  <response-info timems="0.055" idlems="0.034" threads="1" lastid="0000000000D5E900" lastname="Thread-3" />
</exclusive-start>
<allocation-taxation id="161" taxation-threshold="8388608" timestamp="2019-06-17T07:05:51.176" intervalms="105.733" />
<cycle-start id="162" type="partial gc" contextid="0" timestamp="2019-06-17T07:05:51.176" intervalms="105.735" />
<gc-start id="163" type="partial gc" contextid="162" timestamp="2019-06-17T07:05:51.176">
  <mem-info id="164" free="0" total="19922944" percent="0">
    <mem type="eden" free="0" total="8388608" percent="0" />
    <remembered-set count="5376" freebytes="773760" totalbytes="795264" percent="97" regionsoverflowed="0" regionsstable="0" regionsrebuilding="0"/>
  </mem-info>
</gc-start>
<allocation-stats totalBytes="8383968" >
  <allocated-bytes non-tlh="0" tlh="8383968" arrayletleaf="0"/>
  <largest-consumer threadName="Thread-4" threadId="0000000000D62500" bytes="2979592" />
</allocation-stats>
<gc-op id="165" type="mark" timems="0.880" contextid="162" timestamp="2019-06-17T07:05:51.178">
  <trace-info objectcount="2173" scancount="1714" scanbytes="338368" />
  <cardclean-info objects="1100" bytes="56872" />
  <remembered-set-cleared processed="3600" cleared="649" durationms="0.090" />
  <stringconstants candidates="3963" cleared="0"  />
  <warning details="Mark invoked due to insufficient free space for Copy-Forward" />
</gc-op>
<gc-op id="166" type="classunload" timems="0.002" contextid="162" timestamp="2019-06-17T07:05:51.178">
  <classunload-info classloadercandidates="20" classloadersunloaded="0" classesunloaded="0" anonymousclassesunloaded="0" quiescems="0.000" setupms="0.001" scanms="0.000" postms="0.000" />
</gc-op>
<gc-op id="167" type="sweep" timems="0.410" contextid="162" timestamp="2019-06-17T07:05:51.178" />
<gc-op id="168" type="compact" timems="0.831" contextid="162" timestamp="2019-06-17T07:05:51.179">
  <compact-info movecount="2166" movebytes="843672" />
  <remembered-set-cleared processed="7404" cleared="1285" durationms="0.090" />
</gc-op>
<heap-resize id="169" type="expand" space="default" amount="2097152" count="1" timems="0.059" reason="insufficient free space following gc" timestamp="2019-06-17T07:05:51.180" />
<gc-end id="170" type="partial gc" contextid="162" durationms="3.306" usertimems="4.000" systemtimems="4.000" timestamp="2019-06-17T07:05:51.180" activeThreads="4">
  <mem-info id="171" free="9437184" total="22020096" percent="42">
    <mem type="eden" free="205056" total="1048576" percent="19" />
    <remembered-set count="5920" freebytes="855296" totalbytes="878976" percent="97" regionsoverflowed="0" regionsstable="0" regionsrebuilding="0"/>
  </mem-info>
</gc-end>
<cycle-end id="172" type="partial gc" contextid="162" timestamp="2019-06-17T07:05:51.180" />
  <attribute name="elasticGC enabled" value="1" />
  <attribute name= "numThreadsSpecified" value="4" />
  <attribute name="heapSize specified" value="0" />
  <attribute name="Current GC Util" value="33" />
  <attribute name= "Current Time Running" value="1556" />
  <attribute name ="GC Interval" value="0" />
  <attribute name="ProportionalT" value="13.000000" />
  <attribute name="ProportionalI" value="13.000000" />
  <attribute name="ProportionalH" value="13.000000" />
  <attribute name="Current Error" value="13.000000" />
  <attribute name="IntegralT" value="13.000000" />
  <attribute name="IntegralI" value="13.000000" />
  <attribute name="IntegralH" value="13.000000" />
  <attribute name="DerivativeT" value="13.000000" />
  <attribute name="DerivativeI" value="13.000000" />
  <attribute name="DerivativeH" value="13.000000" />
  <attribute name="Loop Time for DT" value="1.000000" />
  <attribute name="Output H" value="8388608"/>
  <attribute name="Output I" value="200"/>
  <attribute name="Output T" value="4"/>
  <attribute name="Target GC Util Change" value ="20.000000" />
  <attribute name="Current GC Util Change" value="33.000000"/>
  <attribute name="GC Util currently" value="33" />
  <attribute name="CPU Util currently" value="7548150588192" />
<exclusive-end id="173" timestamp="2019-06-17T07:05:51.180" durationms="3.973" />

<exclusive-start id="174" timestamp="2019-06-17T07:05:51.275" intervalms="98.960">
  <response-info timems="0.033" idlems="0.033" threads="0" lastid="0000000000D69D00" lastname="Thread-6" />
</exclusive-start>
<allocation-taxation id="175" taxation-threshold="9437184" timestamp="2019-06-17T07:05:51.275" intervalms="98.954" />
<cycle-start id="176" type="partial gc" contextid="0" timestamp="2019-06-17T07:05:51.275" intervalms="98.955" />
<gc-start id="177" type="partial gc" contextid="176" timestamp="2019-06-17T07:05:51.275">
  <mem-info id="178" free="0" total="22020096" percent="0">
    <mem type="eden" free="0" total="9437184" percent="0" />
    <remembered-set count="5568" freebytes="856704" totalbytes="878976" percent="97" regionsoverflowed="0" regionsstable="0" regionsrebuilding="0"/>
  </mem-info>
</gc-start>
<allocation-stats totalBytes="9356496" >
  <allocated-bytes non-tlh="0" tlh="9356496" arrayletleaf="0"/>
  <largest-consumer threadName="Thread-4" threadId="0000000000D62500" bytes="3251176" />
</allocation-stats>
<gc-op id="179" type="mark" timems="0.887" contextid="176" timestamp="2019-06-17T07:05:51.277">
  <trace-info objectcount="1963" scancount="1604" scanbytes="367640" />
  <cardclean-info objects="1110" bytes="57300" />
  <remembered-set-cleared processed="3692" cleared="695" durationms="0.093" />
  <references type="weak" candidates="1" cleared="0" enqueued="0" />
  <references type="phantom" candidates="1" cleared="0" enqueued="0" />
  <stringconstants candidates="3963" cleared="0"  />
  <warning details="Mark invoked due to insufficient free space for Copy-Forward" />
</gc-op>
<gc-op id="180" type="classunload" timems="0.002" contextid="176" timestamp="2019-06-17T07:05:51.277">
  <classunload-info classloadercandidates="20" classloadersunloaded="0" classesunloaded="0" anonymousclassesunloaded="0" quiescems="0.000" setupms="0.002" scanms="0.000" postms="0.000" />
</gc-op>
<gc-op id="181" type="sweep" timems="0.422" contextid="176" timestamp="2019-06-17T07:05:51.277" />
<gc-op id="182" type="compact" timems="0.979" contextid="176" timestamp="2019-06-17T07:05:51.278">
  <compact-info movecount="1963" movebytes="846472" />
  <remembered-set-cleared processed="7459" cleared="1234" durationms="0.093" />
</gc-op>
<heap-resize id="183" type="expand" space="default" amount="1048576" count="1" timems="0.054" reason="insufficient free space following gc" timestamp="2019-06-17T07:05:51.279" />
<gc-end id="184" type="partial gc" contextid="176" durationms="3.428" usertimems="8.000" systemtimems="0.000" timestamp="2019-06-17T07:05:51.279" activeThreads="4">
  <mem-info id="185" free="9437184" total="23068672" percent="40">
    <mem type="eden" free="202336" total="1048576" percent="19" />
    <remembered-set count="5952" freebytes="897024" totalbytes="920832" percent="97" regionsoverflowed="0" regionsstable="0" regionsrebuilding="0"/>
  </mem-info>
</gc-end>
<cycle-end id="186" type="partial gc" contextid="176" timestamp="2019-06-17T07:05:51.279" />
  <attribute name="elasticGC enabled" value="1" />
  <attribute name= "numThreadsSpecified" value="4" />
  <attribute name="heapSize specified" value="0" />
  <attribute name="Current GC Util" value="35" />
  <attribute name= "Current Time Running" value="1655" />
  <attribute name ="GC Interval" value="0" />
  <attribute name="ProportionalT" value="15.000000" />
  <attribute name="ProportionalI" value="15.000000" />
  <attribute name="ProportionalH" value="15.000000" />
  <attribute name="Current Error" value="15.000000" />
  <attribute name="IntegralT" value="15.000000" />
  <attribute name="IntegralI" value="15.000000" />
  <attribute name="IntegralH" value="15.000000" />
  <attribute name="DerivativeT" value="15.000000" />
  <attribute name="DerivativeI" value="15.000000" />
  <attribute name="DerivativeH" value="15.000000" />
  <attribute name="Loop Time for DT" value="1.000000" />
  <attribute name="Output H" value="8388608"/>
  <attribute name="Output I" value="200"/>
  <attribute name="Output T" value="4"/>
  <attribute name="Target GC Util Change" value ="20.000000" />
  <attribute name="Current GC Util Change" value="35.000000"/>
  <attribute name="GC Util currently" value="35" />
  <attribute name="CPU Util currently" value="7730373984143" />
<exclusive-end id="187" timestamp="2019-06-17T07:05:51.279" durationms="4.106" />

<exclusive-start id="188" timestamp="2019-06-17T07:05:51.371" intervalms="96.499">
  <response-info timems="0.047" idlems="0.047" threads="0" lastid="0000000000D66100" lastname="Thread-5" />
</exclusive-start>
<allocation-taxation id="189" taxation-threshold="9437184" timestamp="2019-06-17T07:05:51.372" intervalms="96.502" />
<cycle-start id="190" type="partial gc" contextid="0" timestamp="2019-06-17T07:05:51.372" intervalms="96.636" />
<gc-start id="191" type="partial gc" contextid="190" timestamp="2019-06-17T07:05:51.372">
  <mem-info id="192" free="0" total="23068672" percent="0">
    <mem type="eden" free="0" total="9437184" percent="0" />
    <remembered-set count="5600" freebytes="898432" totalbytes="920832" percent="97" regionsoverflowed="0" regionsstable="0" regionsrebuilding="0"/>
  </mem-info>
</gc-start>
<allocation-stats totalBytes="9412064" >
  <allocated-bytes non-tlh="24592" tlh="9387472" arrayletleaf="0"/>
  <largest-consumer threadName="Thread-4" threadId="0000000000D62500" bytes="3553216" />
</allocation-stats>
<gc-op id="193" type="mark" timems="0.905" contextid="190" timestamp="2019-06-17T07:05:51.373">
  <trace-info objectcount="1861" scancount="1551" scanbytes="397672" />
  <cardclean-info objects="1101" bytes="57008" />
  <remembered-set-cleared processed="3677" cleared="641" durationms="0.096" />
  <references type="phantom" candidates="2" cleared="0" enqueued="0" />
  <stringconstants candidates="3963" cleared="0"  />
  <warning details="Mark invoked due to insufficient free space for Copy-Forward" />
</gc-op>
<gc-op id="194" type="classunload" timems="0.002" contextid="190" timestamp="2019-06-17T07:05:51.373">
  <classunload-info classloadercandidates="20" classloadersunloaded="0" classesunloaded="0" anonymousclassesunloaded="0" quiescems="0.000" setupms="0.002" scanms="0.000" postms="0.000" />
</gc-op>
<gc-op id="195" type="sweep" timems="0.451" contextid="190" timestamp="2019-06-17T07:05:51.374" />
<gc-op id="196" type="compact" timems="1.154" contextid="190" timestamp="2019-06-17T07:05:51.375">
  <compact-info movecount="1859" movebytes="832608" />
  <remembered-set-cleared processed="7464" cleared="1161" durationms="0.096" />
</gc-op>
<heap-resize id="197" type="expand" space="default" amount="1048576" count="1" timems="0.053" reason="insufficient free space following gc" timestamp="2019-06-17T07:05:51.376" />
<gc-end id="198" type="partial gc" contextid="190" durationms="3.888" usertimems="0.000" systemtimems="4.000" timestamp="2019-06-17T07:05:51.376" activeThreads="4">
  <mem-info id="199" free="9437184" total="24117248" percent="39">
    <mem type="eden" free="216112" total="1048576" percent="20" />
    <remembered-set count="5504" freebytes="940672" totalbytes="962688" percent="97" regionsoverflowed="0" regionsstable="0" regionsrebuilding="0"/>
  </mem-info>
</gc-end>
<cycle-end id="200" type="partial gc" contextid="190" timestamp="2019-06-17T07:05:51.376" />
  <attribute name="elasticGC enabled" value="1" />
  <attribute name= "numThreadsSpecified" value="4" />
  <attribute name="heapSize specified" value="0" />
  <attribute name="Current GC Util" value="36" />
  <attribute name= "Current Time Running" value="1752" />
  <attribute name ="GC Interval" value="0" />
  <attribute name="ProportionalT" value="16.000000" />
  <attribute name="ProportionalI" value="16.000000" />
  <attribute name="ProportionalH" value="16.000000" />
  <attribute name="Current Error" value="16.000000" />
  <attribute name="IntegralT" value="16.000000" />
  <attribute name="IntegralI" value="16.000000" />
  <attribute name="IntegralH" value="16.000000" />
  <attribute name="DerivativeT" value="16.000000" />
  <attribute name="DerivativeI" value="16.000000" />
  <attribute name="DerivativeH" value="16.000000" />
  <attribute name="Loop Time for DT" value="1.000000" />
  <attribute name="Output H" value="8388608"/>
  <attribute name="Output I" value="200"/>
  <attribute name="Output T" value="4"/>
  <attribute name="Target GC Util Change" value ="20.000000" />
  <attribute name="Current GC Util Change" value="36.000000"/>
  <attribute name="GC Util currently" value="36" />
  <attribute name="CPU Util currently" value="6510636999480" />
<exclusive-end id="201" timestamp="2019-06-17T07:05:51.376" durationms="4.677" />

<exclusive-start id="202" timestamp="2019-06-17T07:05:51.500" intervalms="128.729">
  <response-info timems="0.044" idlems="0.044" threads="0" lastid="0000000000D66100" lastname="Thread-5" />
</exclusive-start>
<allocation-taxation id="203" taxation-threshold="9437184" timestamp="2019-06-17T07:05:51.500" intervalms="128.734" />
<cycle-start id="204" type="partial gc" contextid="0" timestamp="2019-06-17T07:05:51.500" intervalms="128.602" />
<gc-start id="205" type="partial gc" contextid="204" timestamp="2019-06-17T07:05:51.501">
  <mem-info id="206" free="0" total="24117248" percent="0">
    <mem type="eden" free="0" total="9437184" percent="0" />
    <remembered-set count="5216" freebytes="941824" totalbytes="962688" percent="97" regionsoverflowed="0" regionsstable="0" regionsrebuilding="0"/>
  </mem-info>
</gc-start>
<allocation-stats totalBytes="9344128" >
  <allocated-bytes non-tlh="32776" tlh="9311352" arrayletleaf="0"/>
  <largest-consumer threadName="Thread-6" threadId="0000000000D69D00" bytes="2656552" />
</allocation-stats>
<gc-op id="207" type="mark" timems="0.946" contextid="204" timestamp="2019-06-17T07:05:51.502">
  <trace-info objectcount="2429" scancount="1993" scanbytes="416076" />
  <cardclean-info objects="1114" bytes="57512" />
  <remembered-set-cleared processed="3688" cleared="613" durationms="0.100" />
  <references type="phantom" candidates="1" cleared="0" enqueued="0" />
  <stringconstants candidates="3963" cleared="0"  />
  <warning details="Mark invoked due to insufficient free space for Copy-Forward" />
</gc-op>
<gc-op id="208" type="classunload" timems="0.002" contextid="204" timestamp="2019-06-17T07:05:51.502">
  <classunload-info classloadercandidates="20" classloadersunloaded="0" classesunloaded="0" anonymousclassesunloaded="0" quiescems="0.000" setupms="0.002" scanms="0.000" postms="0.000" />
</gc-op>
<gc-op id="209" type="sweep" timems="0.425" contextid="204" timestamp="2019-06-17T07:05:51.503" />
<gc-op id="210" type="compact" timems="1.319" contextid="204" timestamp="2019-06-17T07:05:51.504">
  <compact-info movecount="2429" movebytes="934584" />
  <remembered-set-cleared processed="7675" cleared="1301" durationms="0.100" />
</gc-op>
<heap-resize id="211" type="expand" space="default" amount="2097152" count="1" timems="0.091" reason="insufficient free space following gc" timestamp="2019-06-17T07:05:51.505" />
<gc-end id="212" type="partial gc" contextid="204" durationms="4.116" usertimems="8.000" systemtimems="0.000" timestamp="2019-06-17T07:05:51.505" activeThreads="1">
  <mem-info id="213" free="10485760" total="26214400" percent="40">
    <mem type="eden" free="114744" total="1048576" percent="10" />
    <remembered-set count="5568" freebytes="1024128" totalbytes="1046400" percent="97" regionsoverflowed="0" regionsstable="0" regionsrebuilding="0"/>
  </mem-info>
</gc-end>
<cycle-end id="214" type="partial gc" contextid="204" timestamp="2019-06-17T07:05:51.505" />
  <attribute name="elasticGC enabled" value="1" />
  <attribute name= "numThreadsSpecified" value="1" />
  <attribute name="heapSize specified" value="0" />
  <attribute name="Current GC Util" value="33" />
  <attribute name= "Current Time Running" value="1880" />
  <attribute name ="GC Interval" value="0" />
  <attribute name="ProportionalT" value="13.000000" />
  <attribute name="ProportionalI" value="13.000000" />
  <attribute name="ProportionalH" value="13.000000" />
  <attribute name="Current Error" value="13.000000" />
  <attribute name="IntegralT" value="0.000000" />
  <attribute name="IntegralI" value="0.000000" />
  <attribute name="IntegralH" value="0.000000" />
  <attribute name="DerivativeT" value="inf" />
  <attribute name="DerivativeI" value="inf" />
  <attribute name="DerivativeH" value="inf" />
  <attribute name="Loop Time for DT" value="0.000000" />
  <attribute name="Output H" value="8388608"/>
  <attribute name="Output I" value="200"/>
  <attribute name="Output T" value="1"/>
  <attribute name="Target GC Util Change" value ="20.000000" />
  <attribute name="Current GC Util Change" value="33.000000"/>
  <attribute name="GC Util currently" value="33" />
  <attribute name="CPU Util currently" value="6895040848807" />
<exclusive-end id="215" timestamp="2019-06-17T07:05:51.505" durationms="4.843" />

<exclusive-start id="216" timestamp="2019-06-17T07:05:51.615" intervalms="114.634">
  <response-info timems="0.039" idlems="0.039" threads="0" lastid="0000000000D69D00" lastname="Thread-6" />
</exclusive-start>
<allocation-taxation id="217" taxation-threshold="10485760" timestamp="2019-06-17T07:05:51.615" intervalms="114.629" />
<cycle-start id="218" type="partial gc" contextid="0" timestamp="2019-06-17T07:05:51.615" intervalms="114.631" />
<gc-start id="219" type="partial gc" contextid="218" timestamp="2019-06-17T07:05:51.615">
  <mem-info id="220" free="0" total="26214400" percent="0">
    <mem type="eden" free="0" total="10485760" percent="0" />
    <remembered-set count="5216" freebytes="1025536" totalbytes="1046400" percent="98" regionsoverflowed="0" regionsstable="0" regionsrebuilding="0"/>
  </mem-info>
</gc-start>
<allocation-stats totalBytes="10461760" >
  <allocated-bytes non-tlh="16392" tlh="10445368" arrayletleaf="0"/>
  <largest-consumer threadName="Thread-3" threadId="0000000000D5E900" bytes="3265928" />
</allocation-stats>
<gc-op id="221" type="mark" timems="0.963" contextid="218" timestamp="2019-06-17T07:05:51.617">
  <trace-info objectcount="2566" scancount="2068" scanbytes="419488" />
  <cardclean-info objects="1122" bytes="57984" />
  <remembered-set-cleared processed="3844" cleared="721" durationms="0.103" />
  <stringconstants candidates="3963" cleared="0"  />
  <warning details="Mark invoked due to insufficient free space for Copy-Forward" />
</gc-op>
<gc-op id="222" type="classunload" timems="0.002" contextid="218" timestamp="2019-06-17T07:05:51.617">
  <classunload-info classloadercandidates="20" classloadersunloaded="0" classesunloaded="0" anonymousclassesunloaded="0" quiescems="0.000" setupms="0.001" scanms="0.000" postms="0.000" />
</gc-op>
<gc-op id="223" type="sweep" timems="0.453" contextid="218" timestamp="2019-06-17T07:05:51.617" />
<gc-op id="224" type="compact" timems="1.024" contextid="218" timestamp="2019-06-17T07:05:51.619">
  <compact-info movecount="2566" movebytes="1030416" />
  <remembered-set-cleared processed="7934" cleared="1453" durationms="0.103" />
</gc-op>
<gc-end id="225" type="partial gc" contextid="218" durationms="3.776" usertimems="0.000" systemtimems="4.000" timestamp="2019-06-17T07:05:51.619" activeThreads="4">
  <mem-info id="226" free="9437184" total="26214400" percent="36">
    <mem type="eden" free="19064" total="1048576" percent="1" />
    <remembered-set count="6080" freebytes="1022080" totalbytes="1046400" percent="97" regionsoverflowed="0" regionsstable="0" regionsrebuilding="0"/>
  </mem-info>
</gc-end>
<cycle-end id="227" type="partial gc" contextid="218" timestamp="2019-06-17T07:05:51.619" />
  <attribute name="elasticGC enabled" value="1" />
  <attribute name= "numThreadsSpecified" value="4" />
  <attribute name="heapSize specified" value="0" />
  <attribute name="Current GC Util" value="37" />
  <attribute name= "Current Time Running" value="1995" />
  <attribute name ="GC Interval" value="0" />
  <attribute name="ProportionalT" value="17.000000" />
  <attribute name="ProportionalI" value="17.000000" />
  <attribute name="ProportionalH" value="17.000000" />
  <attribute name="Current Error" value="17.000000" />
  <attribute name="IntegralT" value="17.000000" />
  <attribute name="IntegralI" value="17.000000" />
  <attribute name="IntegralH" value="17.000000" />
  <attribute name="DerivativeT" value="17.000000" />
  <attribute name="DerivativeI" value="17.000000" />
  <attribute name="DerivativeH" value="17.000000" />
  <attribute name="Loop Time for DT" value="1.000000" />
  <attribute name="Output H" value="8388608"/>
  <attribute name="Output I" value="200"/>
  <attribute name="Output T" value="4"/>
  <attribute name="Target GC Util Change" value ="20.000000" />
  <attribute name="Current GC Util Change" value="37.000000"/>
  <attribute name="GC Util currently" value="37" />
  <attribute name="CPU Util currently" value="6394949720590" />
<exclusive-end id="228" timestamp="2019-06-17T07:05:51.619" durationms="4.443" />

<exclusive-start id="229" timestamp="2019-06-17T07:05:51.696" intervalms="81.349">
  <response-info timems="0.034" idlems="0.034" threads="0" lastid="0000000000D62500" lastname="Thread-4" />
</exclusive-start>
<allocation-taxation id="230" taxation-threshold="9437184" timestamp="2019-06-17T07:05:51.696" intervalms="81.356" />
<cycle-start id="231" type="partial gc" contextid="0" timestamp="2019-06-17T07:05:51.696" intervalms="81.351" />
<gc-start id="232" type="partial gc" contextid="231" timestamp="2019-06-17T07:05:51.697">
  <mem-info id="233" free="0" total="26214400" percent="0">
    <mem type="eden" free="0" total="9437184" percent="0" />
    <remembered-set count="5824" freebytes="1023104" totalbytes="1046400" percent="97" regionsoverflowed="0" regionsstable="0" regionsrebuilding="0"/>
  </mem-info>
</gc-start>
<allocation-stats totalBytes="9428168" >
  <allocated-bytes non-tlh="16392" tlh="9411776" arrayletleaf="0"/>
  <largest-consumer threadName="Thread-3" threadId="0000000000D5E900" bytes="3602528" />
</allocation-stats>
<gc-op id="234" type="mark" timems="0.932" contextid="231" timestamp="2019-06-17T07:05:51.698">
  <trace-info objectcount="2538" scancount="2062" scanbytes="420124" />
  <cardclean-info objects="1102" bytes="57004" />
  <remembered-set-cleared processed="3923" cleared="747" durationms="0.103" />
  <references type="weak" candidates="1" cleared="0" enqueued="0" />
  <references type="phantom" candidates="1" cleared="0" enqueued="0" />
  <stringconstants candidates="3963" cleared="0"  />
  <warning details="Mark invoked due to insufficient free space for Copy-Forward" />
</gc-op>
<gc-op id="235" type="classunload" timems="0.002" contextid="231" timestamp="2019-06-17T07:05:51.698">
  <classunload-info classloadercandidates="20" classloadersunloaded="0" classesunloaded="0" anonymousclassesunloaded="0" quiescems="0.000" setupms="0.001" scanms="0.000" postms="0.000" />
</gc-op>
<gc-op id="236" type="sweep" timems="0.424" contextid="231" timestamp="2019-06-17T07:05:51.699" />
<gc-op id="237" type="compact" timems="1.338" contextid="231" timestamp="2019-06-17T07:05:51.700">
  <compact-info movecount="2522" movebytes="906848" />
  <remembered-set-cleared processed="8054" cleared="1485" durationms="0.103" />
</gc-op>
<heap-resize id="238" type="expand" space="default" amount="3145728" count="1" timems="0.067" reason="insufficient free space following gc" timestamp="2019-06-17T07:05:51.700" />
<gc-end id="239" type="partial gc" contextid="231" durationms="4.072" usertimems="4.000" systemtimems="0.000" timestamp="2019-06-17T07:05:51.701" activeThreads="1">
  <mem-info id="240" free="11534336" total="29360128" percent="39">
    <mem type="eden" free="26968" total="1048576" percent="2" />
    <remembered-set count="6144" freebytes="1147392" totalbytes="1171968" percent="97" regionsoverflowed="0" regionsstable="0" regionsrebuilding="0"/>
  </mem-info>
</gc-end>
<cycle-end id="241" type="partial gc" contextid="231" timestamp="2019-06-17T07:05:51.701" />
  <attribute name="elasticGC enabled" value="1" />
  <attribute name= "numThreadsSpecified" value="1" />
  <attribute name="heapSize specified" value="0" />
  <attribute name="Current GC Util" value="40" />
  <attribute name= "Current Time Running" value="2076" />
  <attribute name ="GC Interval" value="0" />
  <attribute name="ProportionalT" value="20.000000" />
  <attribute name="ProportionalI" value="20.000000" />
  <attribute name="ProportionalH" value="20.000000" />
  <attribute name="Current Error" value="20.000000" />
  <attribute name="IntegralT" value="0.000000" />
  <attribute name="IntegralI" value="0.000000" />
  <attribute name="IntegralH" value="0.000000" />
  <attribute name="DerivativeT" value="inf" />
  <attribute name="DerivativeI" value="inf" />
  <attribute name="DerivativeH" value="inf" />
  <attribute name="Loop Time for DT" value="0.000000" />
  <attribute name="Output H" value="8388608"/>
  <attribute name="Output I" value="200"/>
  <attribute name="Output T" value="1"/>
  <attribute name="Target GC Util Change" value ="20.000000" />
  <attribute name="Current GC Util Change" value="40.000000"/>
  <attribute name="GC Util currently" value="40" />
  <attribute name="CPU Util currently" value="6908261591267" />
<exclusive-end id="242" timestamp="2019-06-17T07:05:51.701" durationms="4.816" />

<exclusive-start id="243" timestamp="2019-06-17T07:05:51.792" intervalms="96.108">
  <response-info timems="0.074" idlems="0.038" threads="1" lastid="0000000000D5E900" lastname="Thread-3" />
</exclusive-start>
<allocation-taxation id="244" taxation-threshold="11534336" timestamp="2019-06-17T07:05:51.792" intervalms="96.103" />
<cycle-start id="245" type="partial gc" contextid="0" timestamp="2019-06-17T07:05:51.792" intervalms="96.108" />
<gc-start id="246" type="partial gc" contextid="245" timestamp="2019-06-17T07:05:51.793">
  <mem-info id="247" free="0" total="29360128" percent="0">
    <mem type="eden" free="0" total="11534336" percent="0" />
    <remembered-set count="5824" freebytes="1148672" totalbytes="1171968" percent="98" regionsoverflowed="0" regionsstable="0" regionsrebuilding="0"/>
  </mem-info>
</gc-start>
<allocation-stats totalBytes="11433000" >
  <allocated-bytes non-tlh="0" tlh="11433000" arrayletleaf="0"/>
  <largest-consumer threadName="Thread-6" threadId="0000000000D69D00" bytes="3485120" />
</allocation-stats>
<gc-op id="248" type="mark" timems="0.826" contextid="245" timestamp="2019-06-17T07:05:51.794">
  <trace-info objectcount="1305" scancount="1084" scanbytes="345560" />
  <cardclean-info objects="1116" bytes="57524" />
  <remembered-set-cleared processed="3973" cleared="762" durationms="0.106" />
  <references type="phantom" candidates="1" cleared="0" enqueued="0" />
  <stringconstants candidates="3963" cleared="0"  />
  <warning details="Mark invoked due to insufficient free space for Copy-Forward" />
</gc-op>
<gc-op id="249" type="classunload" timems="0.001" contextid="245" timestamp="2019-06-17T07:05:51.794">
  <classunload-info classloadercandidates="20" classloadersunloaded="0" classesunloaded="0" anonymousclassesunloaded="0" quiescems="0.000" setupms="0.001" scanms="0.000" postms="0.000" />
</gc-op>
<gc-op id="250" type="sweep" timems="0.439" contextid="245" timestamp="2019-06-17T07:05:51.795" />
<gc-op id="251" type="compact" timems="1.077" contextid="245" timestamp="2019-06-17T07:05:51.796">
  <compact-info movecount="1305" movebytes="679936" />
  <remembered-set-cleared processed="7794" cleared="1117" durationms="0.106" />
</gc-op>
<heap-resize id="252" type="expand" space="default" amount="1048576" count="1" timems="0.055" reason="insufficient free space following gc" timestamp="2019-06-17T07:05:51.796" />
<gc-end id="253" type="partial gc" contextid="245" durationms="3.787" usertimems="4.000" systemtimems="0.000" timestamp="2019-06-17T07:05:51.796" activeThreads="1">
  <mem-info id="254" free="11534336" total="30408704" percent="37">
    <mem type="eden" free="369072" total="1048576" percent="35" />
    <remembered-set count="5792" freebytes="1190656" totalbytes="1213824" percent="98" regionsoverflowed="0" regionsstable="0" regionsrebuilding="0"/>
  </mem-info>
</gc-end>
<cycle-end id="255" type="partial gc" contextid="245" timestamp="2019-06-17T07:05:51.797" />
  <attribute name="elasticGC enabled" value="1" />
  <attribute name= "numThreadsSpecified" value="1" />
  <attribute name="heapSize specified" value="0" />
  <attribute name="Current GC Util" value="37" />
  <attribute name= "Current Time Running" value="2172" />
  <attribute name ="GC Interval" value="0" />
  <attribute name="ProportionalT" value="17.000000" />
  <attribute name="ProportionalI" value="17.000000" />
  <attribute name="ProportionalH" value="17.000000" />
  <attribute name="Current Error" value="17.000000" />
  <attribute name="IntegralT" value="0.000000" />
  <attribute name="IntegralI" value="0.000000" />
  <attribute name="IntegralH" value="0.000000" />
  <attribute name="DerivativeT" value="inf" />
  <attribute name="DerivativeI" value="inf" />
  <attribute name="DerivativeH" value="inf" />
  <attribute name="Loop Time for DT" value="0.000000" />
  <attribute name="Output H" value="8388608"/>
  <attribute name="Output I" value="200"/>
  <attribute name="Output T" value="1"/>
  <attribute name="Target GC Util Change" value ="20.000000" />
  <attribute name="Current GC Util Change" value="37.000000"/>
  <attribute name="GC Util currently" value="37" />
  <attribute name="CPU Util currently" value="6668140566842" />
<exclusive-end id="256" timestamp="2019-06-17T07:05:51.797" durationms="4.529" />

<exclusive-start id="257" timestamp="2019-06-17T07:05:51.894" intervalms="101.222">
  <response-info timems="0.053" idlems="0.053" threads="0" lastid="0000000000D66100" lastname="Thread-5" />
</exclusive-start>
<allocation-taxation id="258" taxation-threshold="11534336" timestamp="2019-06-17T07:05:51.894" intervalms="101.217" />
<cycle-start id="259" type="partial gc" contextid="0" timestamp="2019-06-17T07:05:51.894" intervalms="101.209" />
<gc-start id="260" type="partial gc" contextid="259" timestamp="2019-06-17T07:05:51.894">
  <mem-info id="261" free="0" total="30408704" percent="0">
    <mem type="eden" free="0" total="11534336" percent="0" />
    <remembered-set count="5664" freebytes="1191168" totalbytes="1213824" percent="98" regionsoverflowed="0" regionsstable="0" regionsrebuilding="0"/>
  </mem-info>
</gc-start>
<allocation-stats totalBytes="11469112" >
  <allocated-bytes non-tlh="0" tlh="11469112" arrayletleaf="0"/>
  <largest-consumer threadName="Thread-4" threadId="0000000000D62500" bytes="3602840" />
</allocation-stats>
<gc-op id="262" type="mark" timems="1.187" contextid="259" timestamp="2019-06-17T07:05:51.895">
  <trace-info objectcount="2275" scancount="1868" scanbytes="408128" />
  <cardclean-info objects="1103" bytes="56520" />
  <remembered-set-cleared processed="3813" cleared="550" durationms="0.083" />
  <references type="phantom" candidates="2" cleared="0" enqueued="0" />
  <stringconstants candidates="3963" cleared="0"  />
  <warning details="Mark invoked due to insufficient free space for Copy-Forward" />
</gc-op>
<gc-op id="263" type="classunload" timems="0.002" contextid="259" timestamp="2019-06-17T07:05:51.896">
  <classunload-info classloadercandidates="20" classloadersunloaded="0" classesunloaded="0" anonymousclassesunloaded="0" quiescems="0.000" setupms="0.002" scanms="0.000" postms="0.000" />
</gc-op>
<gc-op id="264" type="sweep" timems="0.307" contextid="259" timestamp="2019-06-17T07:05:51.896" />
<gc-op id="265" type="compact" timems="1.068" contextid="259" timestamp="2019-06-17T07:05:51.897">
  <compact-info movecount="2275" movebytes="899416" />
  <remembered-set-cleared processed="7907" cleared="1139" durationms="0.083" />
</gc-op>
<heap-resize id="266" type="expand" space="default" amount="2097152" count="1" timems="0.059" reason="insufficient free space following gc" timestamp="2019-06-17T07:05:51.898" />
<gc-end id="267" type="partial gc" contextid="259" durationms="3.750" usertimems="4.000" systemtimems="4.000" timestamp="2019-06-17T07:05:51.898" activeThreads="4">
  <mem-info id="268" free="12582912" total="32505856" percent="38">
    <mem type="eden" free="149720" total="1048576" percent="14" />
    <remembered-set count="6528" freebytes="1271424" totalbytes="1297536" percent="97" regionsoverflowed="0" regionsstable="0" regionsrebuilding="0"/>
  </mem-info>
</gc-end>
<cycle-end id="269" type="partial gc" contextid="259" timestamp="2019-06-17T07:05:51.898" />
  <attribute name="elasticGC enabled" value="1" />
  <attribute name= "numThreadsSpecified" value="4" />
  <attribute name="heapSize specified" value="0" />
  <attribute name="Current GC Util" value="43" />
  <attribute name= "Current Time Running" value="2274" />
  <attribute name ="GC Interval" value="0" />
  <attribute name="ProportionalT" value="23.000000" />
  <attribute name="ProportionalI" value="23.000000" />
  <attribute name="ProportionalH" value="23.000000" />
  <attribute name="Current Error" value="23.000000" />
  <attribute name="IntegralT" value="23.000000" />
  <attribute name="IntegralI" value="23.000000" />
  <attribute name="IntegralH" value="23.000000" />
  <attribute name="DerivativeT" value="-65.000000" />
  <attribute name="DerivativeI" value="-65.000000" />
  <attribute name="DerivativeH" value="-65.000000" />
  <attribute name="Loop Time for DT" value="1.000000" />
  <attribute name="Output H" value="2091843584"/>
  <attribute name="Output I" value="200"/>
  <attribute name="Output T" value="4"/>
  <attribute name="Target GC Util Change" value ="20.000000" />
  <attribute name="Current GC Util Change" value="43.000000"/>
  <attribute name="GC Util currently" value="43" />
  <attribute name="CPU Util currently" value="9664133848355" />
<exclusive-end id="270" timestamp="2019-06-17T07:05:51.898" durationms="4.586" />

<exclusive-start id="271" timestamp="2019-06-17T07:05:51.994" intervalms="100.931">
  <response-info timems="0.030" idlems="0.030" threads="0" lastid="0000000000D69D00" lastname="Thread-6" />
</exclusive-start>
<allocation-taxation id="272" taxation-threshold="12582912" timestamp="2019-06-17T07:05:51.995" intervalms="100.973" />
<cycle-start id="273" type="partial gc" contextid="0" timestamp="2019-06-17T07:05:51.995" intervalms="100.973" />
<gc-start id="274" type="partial gc" contextid="273" timestamp="2019-06-17T07:05:51.995">
  <mem-info id="275" free="0" total="32505856" percent="0">
    <mem type="eden" free="0" total="12582912" percent="0" />
    <remembered-set count="6336" freebytes="1272192" totalbytes="1297536" percent="98" regionsoverflowed="0" regionsstable="0" regionsrebuilding="0"/>
  </mem-info>
</gc-start>
<allocation-stats totalBytes="12521320" >
  <allocated-bytes non-tlh="0" tlh="12521320" arrayletleaf="0"/>
  <largest-consumer threadName="Thread-5" threadId="0000000000D66100" bytes="3698064" />
</allocation-stats>
<gc-op id="276" type="mark" timems="0.972" contextid="273" timestamp="2019-06-17T07:05:51.996">
  <trace-info objectcount="2195" scancount="1850" scanbytes="413500" />
  <cardclean-info objects="1109" bytes="57284" />
  <remembered-set-cleared processed="3991" cleared="693" durationms="0.074" />
  <references type="phantom" candidates="1" cleared="0" enqueued="0" />
  <stringconstants candidates="3963" cleared="0"  />
  <warning details="Mark invoked due to insufficient free space for Copy-Forward" />
</gc-op>
<gc-op id="277" type="classunload" timems="0.002" contextid="273" timestamp="2019-06-17T07:05:51.996">
  <classunload-info classloadercandidates="20" classloadersunloaded="0" classesunloaded="0" anonymousclassesunloaded="0" quiescems="0.000" setupms="0.002" scanms="0.000" postms="0.000" />
</gc-op>
<gc-op id="278" type="sweep" timems="0.311" contextid="273" timestamp="2019-06-17T07:05:51.997" />
<gc-op id="279" type="compact" timems="1.126" contextid="273" timestamp="2019-06-17T07:05:51.998">
  <compact-info movecount="2195" movebytes="896680" />
  <remembered-set-cleared processed="8098" cleared="1268" durationms="0.074" />
</gc-op>
<heap-resize id="280" type="expand" space="default" amount="1048576" count="1" timems="0.052" reason="insufficient free space following gc" timestamp="2019-06-17T07:05:51.998" />
<gc-end id="281" type="partial gc" contextid="273" durationms="3.674" usertimems="8.000" systemtimems="0.000" timestamp="2019-06-17T07:05:51.999" activeThreads="4">
  <mem-info id="282" free="12582912" total="33554432" percent="37">
    <mem type="eden" free="152184" total="1048576" percent="14" />
    <remembered-set count="6560" freebytes="1313152" totalbytes="1339392" percent="98" regionsoverflowed="0" regionsstable="0" regionsrebuilding="0"/>
  </mem-info>
</gc-end>
<cycle-end id="283" type="partial gc" contextid="273" timestamp="2019-06-17T07:05:51.999" />
  <attribute name="elasticGC enabled" value="1" />
  <attribute name= "numThreadsSpecified" value="4" />
  <attribute name="heapSize specified" value="0" />
  <attribute name="Current GC Util" value="39" />
  <attribute name= "Current Time Running" value="2374" />
  <attribute name ="GC Interval" value="0" />
  <attribute name="ProportionalT" value="19.000000" />
  <attribute name="ProportionalI" value="19.000000" />
  <attribute name="ProportionalH" value="19.000000" />
  <attribute name="Current Error" value="19.000000" />
  <attribute name="IntegralT" value="0.000000" />
  <attribute name="IntegralI" value="0.000000" />
  <attribute name="IntegralH" value="0.000000" />
  <attribute name="DerivativeT" value="-inf" />
  <attribute name="DerivativeI" value="-inf" />
  <attribute name="DerivativeH" value="-inf" />
  <attribute name="Loop Time for DT" value="0.000000" />
  <attribute name="Output H" value="2091843584"/>
  <attribute name="Output I" value="200"/>
  <attribute name="Output T" value="4"/>
  <attribute name="Target GC Util Change" value ="20.000000" />
  <attribute name="Current GC Util Change" value="39.000000"/>
  <attribute name="GC Util currently" value="39" />
  <attribute name="CPU Util currently" value="9444273590787" />
<exclusive-end id="284" timestamp="2019-06-17T07:05:51.999" durationms="4.405" />

<exclusive-start id="285" timestamp="2019-06-17T07:05:52.109" intervalms="114.467">
  <response-info timems="0.037" idlems="0.037" threads="0" lastid="0000000000D66100" lastname="Thread-5" />
</exclusive-start>
<allocation-taxation id="286" taxation-threshold="12582912" timestamp="2019-06-17T07:05:52.109" intervalms="114.421" />
<cycle-start id="287" type="partial gc" contextid="0" timestamp="2019-06-17T07:05:52.109" intervalms="114.419" />
<gc-start id="288" type="partial gc" contextid="287" timestamp="2019-06-17T07:05:52.109">
  <mem-info id="289" free="0" total="33554432" percent="0">
    <mem type="eden" free="0" total="12582912" percent="0" />
    <remembered-set count="6304" freebytes="1314176" totalbytes="1339392" percent="98" regionsoverflowed="0" regionsstable="0" regionsrebuilding="0"/>
  </mem-info>
</gc-start>
<allocation-stats totalBytes="12563904" >
  <allocated-bytes non-tlh="0" tlh="12563904" arrayletleaf="0"/>
  <largest-consumer threadName="Thread-4" threadId="0000000000D62500" bytes="4154560" />
</allocation-stats>
<gc-op id="290" type="mark" timems="0.952" contextid="287" timestamp="2019-06-17T07:05:52.111">
  <trace-info objectcount="2255" scancount="1876" scanbytes="410484" />
  <cardclean-info objects="1112" bytes="57720" />
  <remembered-set-cleared processed="3986" cleared="654" durationms="0.120" />
  <references type="phantom" candidates="1" cleared="0" enqueued="0" />
  <stringconstants candidates="3963" cleared="0"  />
  <warning details="Mark invoked due to insufficient free space for Copy-Forward" />
</gc-op>
<gc-op id="291" type="classunload" timems="0.002" contextid="287" timestamp="2019-06-17T07:05:52.111">
  <classunload-info classloadercandidates="20" classloadersunloaded="0" classesunloaded="0" anonymousclassesunloaded="0" quiescems="0.000" setupms="0.002" scanms="0.000" postms="0.000" />
</gc-op>
<gc-op id="292" type="sweep" timems="0.429" contextid="287" timestamp="2019-06-17T07:05:52.111" />
<gc-op id="293" type="compact" timems="1.048" contextid="287" timestamp="2019-06-17T07:05:52.113">
  <compact-info movecount="2255" movebytes="911184" />
  <remembered-set-cleared processed="8196" cleared="1303" durationms="0.120" />
</gc-op>
<heap-resize id="294" type="expand" space="default" amount="1048576" count="1" timems="0.056" reason="insufficient free space following gc" timestamp="2019-06-17T07:05:52.113" />
<gc-end id="295" type="partial gc" contextid="287" durationms="3.845" usertimems="0.000" systemtimems="8.000" timestamp="2019-06-17T07:05:52.113" activeThreads="4">
  <mem-info id="296" free="12582912" total="34603008" percent="36">
    <mem type="eden" free="137584" total="1048576" percent="13" />
    <remembered-set count="6464" freebytes="1355392" totalbytes="1381248" percent="98" regionsoverflowed="0" regionsstable="0" regionsrebuilding="0"/>
  </mem-info>
</gc-end>
<cycle-end id="297" type="partial gc" contextid="287" timestamp="2019-06-17T07:05:52.113" />
  <attribute name="elasticGC enabled" value="1" />
  <attribute name= "numThreadsSpecified" value="4" />
  <attribute name="heapSize specified" value="0" />
  <attribute name="Current GC Util" value="31" />
  <attribute name= "Current Time Running" value="2489" />
  <attribute name ="GC Interval" value="0" />
  <attribute name="ProportionalT" value="11.000000" />
  <attribute name="ProportionalI" value="11.000000" />
  <attribute name="ProportionalH" value="11.000000" />
  <attribute name="Current Error" value="11.000000" />
  <attribute name="IntegralT" value="11.000000" />
  <attribute name="IntegralI" value="11.000000" />
  <attribute name="IntegralH" value="11.000000" />
  <attribute name="DerivativeT" value="11.000000" />
  <attribute name="DerivativeI" value="11.000000" />
  <attribute name="DerivativeH" value="11.000000" />
  <attribute name="Loop Time for DT" value="1.000000" />
  <attribute name="Output H" value="8388608"/>
  <attribute name="Output I" value="200"/>
  <attribute name="Output T" value="4"/>
  <attribute name="Target GC Util Change" value ="20.000000" />
  <attribute name="Current GC Util Change" value="31.000000"/>
  <attribute name="GC Util currently" value="31" />
  <attribute name="CPU Util currently" value="6788749833487" />
<exclusive-end id="298" timestamp="2019-06-17T07:05:52.114" durationms="4.634" />

<exclusive-start id="299" timestamp="2019-06-17T07:05:52.218" intervalms="108.903">
  <response-info timems="0.049" idlems="0.049" threads="0" lastid="0000000000D5E900" lastname="Thread-3" />
</exclusive-start>
<allocation-taxation id="300" taxation-threshold="12582912" timestamp="2019-06-17T07:05:52.218" intervalms="108.908" />
<cycle-start id="301" type="partial gc" contextid="0" timestamp="2019-06-17T07:05:52.218" intervalms="108.905" />
<gc-start id="302" type="partial gc" contextid="301" timestamp="2019-06-17T07:05:52.218">
  <mem-info id="303" free="0" total="34603008" percent="0">
    <mem type="eden" free="0" total="12582912" percent="0" />
    <remembered-set count="6144" freebytes="1356672" totalbytes="1381248" percent="98" regionsoverflowed="0" regionsstable="0" regionsrebuilding="0"/>
  </mem-info>
</gc-start>
<allocation-stats totalBytes="12574264" >
  <allocated-bytes non-tlh="0" tlh="12574264" arrayletleaf="0"/>
  <largest-consumer threadName="Thread-6" threadId="0000000000D69D00" bytes="4359008" />
</allocation-stats>
<gc-op id="304" type="mark" timems="0.954" contextid="301" timestamp="2019-06-17T07:05:52.220">
  <trace-info objectcount="2676" scancount="2133" scanbytes="419996" />
  <cardclean-info objects="1113" bytes="57388" />
  <remembered-set-cleared processed="4072" cleared="693" durationms="0.119" />
  <stringconstants candidates="3963" cleared="0"  />
  <warning details="Mark invoked due to insufficient free space for Copy-Forward" />
</gc-op>
<gc-op id="305" type="classunload" timems="0.002" contextid="301" timestamp="2019-06-17T07:05:52.220">
  <classunload-info classloadercandidates="20" classloadersunloaded="0" classesunloaded="0" anonymousclassesunloaded="0" quiescems="0.000" setupms="0.002" scanms="0.000" postms="0.000" />
</gc-op>
<gc-op id="306" type="sweep" timems="0.445" contextid="301" timestamp="2019-06-17T07:05:52.220" />
<gc-op id="307" type="compact" timems="1.093" contextid="301" timestamp="2019-06-17T07:05:52.222">
  <compact-info movecount="2672" movebytes="978152" />
  <remembered-set-cleared processed="8378" cleared="1372" durationms="0.119" />
</gc-op>
<heap-resize id="308" type="expand" space="default" amount="2097152" count="1" timems="0.060" reason="insufficient free space following gc" timestamp="2019-06-17T07:05:52.222" />
<gc-end id="309" type="partial gc" contextid="301" durationms="3.818" usertimems="4.000" systemtimems="0.000" timestamp="2019-06-17T07:05:52.222" activeThreads="4">
  <mem-info id="310" free="13631488" total="36700160" percent="37">
    <mem type="eden" free="71760" total="1048576" percent="6" />
    <remembered-set count="6272" freebytes="1439872" totalbytes="1464960" percent="98" regionsoverflowed="0" regionsstable="0" regionsrebuilding="0"/>
  </mem-info>
</gc-end>
<cycle-end id="311" type="partial gc" contextid="301" timestamp="2019-06-17T07:05:52.222" />
  <attribute name="elasticGC enabled" value="1" />
  <attribute name= "numThreadsSpecified" value="4" />
  <attribute name="heapSize specified" value="0" />
  <attribute name="Current GC Util" value="32" />
  <attribute name= "Current Time Running" value="2598" />
  <attribute name ="GC Interval" value="0" />
  <attribute name="ProportionalT" value="12.000000" />
  <attribute name="ProportionalI" value="12.000000" />
  <attribute name="ProportionalH" value="12.000000" />
  <attribute name="Current Error" value="12.000000" />
  <attribute name="IntegralT" value="12.000000" />
  <attribute name="IntegralI" value="12.000000" />
  <attribute name="IntegralH" value="12.000000" />
  <attribute name="DerivativeT" value="12.000000" />
  <attribute name="DerivativeI" value="12.000000" />
  <attribute name="DerivativeH" value="12.000000" />
  <attribute name="Loop Time for DT" value="1.000000" />
  <attribute name="Output H" value="8388608"/>
  <attribute name="Output I" value="200"/>
  <attribute name="Output T" value="4"/>
  <attribute name="Target GC Util Change" value ="20.000000" />
  <attribute name="Current GC Util Change" value="32.000000"/>
  <attribute name="GC Util currently" value="32" />
  <attribute name="CPU Util currently" value="6802117495718" />
<exclusive-end id="312" timestamp="2019-06-17T07:05:52.222" durationms="4.541" />

<exclusive-start id="313" timestamp="2019-06-17T07:05:52.322" intervalms="104.460">
  <response-info timems="0.052" idlems="0.052" threads="0" lastid="0000000000D66100" lastname="Thread-5" />
</exclusive-start>
<allocation-taxation id="314" taxation-threshold="13631488" timestamp="2019-06-17T07:05:52.322" intervalms="104.466" />
<cycle-start id="315" type="partial gc" contextid="0" timestamp="2019-06-17T07:05:52.322" intervalms="104.470" />
<gc-start id="316" type="partial gc" contextid="315" timestamp="2019-06-17T07:05:52.323">
  <mem-info id="317" free="0" total="36700160" percent="0">
    <mem type="eden" free="0" total="13631488" percent="0" />
    <remembered-set count="5984" freebytes="1441024" totalbytes="1464960" percent="98" regionsoverflowed="0" regionsstable="0" regionsrebuilding="0"/>
  </mem-info>
</gc-start>
<allocation-stats totalBytes="13623432" >
  <allocated-bytes non-tlh="0" tlh="13623432" arrayletleaf="0"/>
  <largest-consumer threadName="Thread-5" threadId="0000000000D66100" bytes="5248880" />
</allocation-stats>
<gc-op id="318" type="mark" timems="0.978" contextid="315" timestamp="2019-06-17T07:05:52.324">
  <trace-info objectcount="2486" scancount="2024" scanbytes="418504" />
  <cardclean-info objects="1111" bytes="57320" />
  <remembered-set-cleared processed="4171" cleared="746" durationms="0.122" />
  <stringconstants candidates="3963" cleared="0"  />
  <warning details="Mark invoked due to insufficient free space for Copy-Forward" />
</gc-op>
<gc-op id="319" type="classunload" timems="0.002" contextid="315" timestamp="2019-06-17T07:05:52.324">
  <classunload-info classloadercandidates="20" classloadersunloaded="0" classesunloaded="0" anonymousclassesunloaded="0" quiescems="0.000" setupms="0.001" scanms="0.000" postms="0.000" />
</gc-op>
<gc-op id="320" type="sweep" timems="0.455" contextid="315" timestamp="2019-06-17T07:05:52.325" />
<gc-op id="321" type="compact" timems="1.326" contextid="315" timestamp="2019-06-17T07:05:52.326">
  <compact-info movecount="2486" movebytes="1019144" />
  <remembered-set-cleared processed="8524" cleared="1433" durationms="0.122" />
</gc-op>
<gc-end id="322" type="partial gc" contextid="315" durationms="3.869" usertimems="4.000" systemtimems="0.000" timestamp="2019-06-17T07:05:52.326" activeThreads="1">
  <mem-info id="323" free="13631488" total="36700160" percent="37">
    <mem type="eden" free="29432" total="1048576" percent="2" />
    <remembered-set count="6464" freebytes="1439104" totalbytes="1464960" percent="98" regionsoverflowed="0" regionsstable="0" regionsrebuilding="0"/>
  </mem-info>
</gc-end>
<cycle-end id="324" type="partial gc" contextid="315" timestamp="2019-06-17T07:05:52.327" />
  <attribute name="elasticGC enabled" value="1" />
  <attribute name= "numThreadsSpecified" value="1" />
  <attribute name="heapSize specified" value="0" />
  <attribute name="Current GC Util" value="34" />
  <attribute name= "Current Time Running" value="2702" />
  <attribute name ="GC Interval" value="0" />
  <attribute name="ProportionalT" value="14.000000" />
  <attribute name="ProportionalI" value="14.000000" />
  <attribute name="ProportionalH" value="14.000000" />
  <attribute name="Current Error" value="14.000000" />
  <attribute name="IntegralT" value="0.000000" />
  <attribute name="IntegralI" value="0.000000" />
  <attribute name="IntegralH" value="0.000000" />
  <attribute name="DerivativeT" value="inf" />
  <attribute name="DerivativeI" value="inf" />
  <attribute name="DerivativeH" value="inf" />
  <attribute name="Loop Time for DT" value="0.000000" />
  <attribute name="Output H" value="8388608"/>
  <attribute name="Output I" value="200"/>
  <attribute name="Output T" value="1"/>
  <attribute name="Target GC Util Change" value ="20.000000" />
  <attribute name="Current GC Util Change" value="34.000000"/>
  <attribute name="GC Util currently" value="34" />
  <attribute name="CPU Util currently" value="7198875474367" />
<exclusive-end id="325" timestamp="2019-06-17T07:05:52.327" durationms="4.610" />

<exclusive-start id="326" timestamp="2019-06-17T07:05:52.441" intervalms="118.681">
  <response-info timems="0.041" idlems="0.041" threads="0" lastid="0000000000D66100" lastname="Thread-5" />
</exclusive-start>
<allocation-taxation id="327" taxation-threshold="13631488" timestamp="2019-06-17T07:05:52.441" intervalms="118.678" />
<cycle-start id="328" type="partial gc" contextid="0" timestamp="2019-06-17T07:05:52.441" intervalms="118.679" />
<gc-start id="329" type="partial gc" contextid="328" timestamp="2019-06-17T07:05:52.441">
  <mem-info id="330" free="0" total="36700160" percent="0">
    <mem type="eden" free="0" total="13631488" percent="0" />
    <remembered-set count="6048" freebytes="1440768" totalbytes="1464960" percent="98" regionsoverflowed="0" regionsstable="0" regionsrebuilding="0"/>
  </mem-info>
</gc-start>
<allocation-stats totalBytes="13624168" >
  <allocated-bytes non-tlh="0" tlh="13624168" arrayletleaf="0"/>
  <largest-consumer threadName="Thread-4" threadId="0000000000D62500" bytes="4514400" />
</allocation-stats>
<gc-op id="331" type="mark" timems="0.961" contextid="328" timestamp="2019-06-17T07:05:52.443">
  <trace-info objectcount="2636" scancount="2122" scanbytes="419772" />
  <cardclean-info objects="1097" bytes="56784" />
  <remembered-set-cleared processed="4207" cleared="740" durationms="0.120" />
  <stringconstants candidates="3963" cleared="0"  />
  <warning details="Mark invoked due to insufficient free space for Copy-Forward" />
</gc-op>
<gc-op id="332" type="classunload" timems="0.002" contextid="328" timestamp="2019-06-17T07:05:52.443">
  <classunload-info classloadercandidates="20" classloadersunloaded="0" classesunloaded="0" anonymousclassesunloaded="0" quiescems="0.000" setupms="0.002" scanms="0.000" postms="0.000" />
</gc-op>
<gc-op id="333" type="sweep" timems="0.437" contextid="328" timestamp="2019-06-17T07:05:52.443" />
<gc-op id="334" type="compact" timems="1.045" contextid="328" timestamp="2019-06-17T07:05:52.445">
  <compact-info movecount="2636" movebytes="985272" />
  <remembered-set-cleared processed="8620" cleared="1444" durationms="0.120" />
</gc-op>
<heap-resize id="335" type="expand" space="default" amount="1048576" count="1" timems="0.055" reason="insufficient free space following gc" timestamp="2019-06-17T07:05:52.445" />
<gc-end id="336" type="partial gc" contextid="328" durationms="3.795" usertimems="4.000" systemtimems="0.000" timestamp="2019-06-17T07:05:52.445" activeThreads="4">
  <mem-info id="337" free="13631488" total="37748736" percent="36">
    <mem type="eden" free="63584" total="1048576" percent="6" />
    <remembered-set count="6912" freebytes="1479168" totalbytes="1506816" percent="98" regionsoverflowed="0" regionsstable="0" regionsrebuilding="0"/>
  </mem-info>
</gc-end>
<cycle-end id="338" type="partial gc" contextid="328" timestamp="2019-06-17T07:05:52.445" />
  <attribute name="elasticGC enabled" value="1" />
  <attribute name= "numThreadsSpecified" value="4" />
  <attribute name="heapSize specified" value="0" />
  <attribute name="Current GC Util" value="36" />
  <attribute name= "Current Time Running" value="2821" />
  <attribute name ="GC Interval" value="0" />
  <attribute name="ProportionalT" value="16.000000" />
  <attribute name="ProportionalI" value="16.000000" />
  <attribute name="ProportionalH" value="16.000000" />
  <attribute name="Current Error" value="16.000000" />
  <attribute name="IntegralT" value="16.000000" />
  <attribute name="IntegralI" value="16.000000" />
  <attribute name="IntegralH" value="16.000000" />
  <attribute name="DerivativeT" value="16.000000" />
  <attribute name="DerivativeI" value="16.000000" />
  <attribute name="DerivativeH" value="16.000000" />
  <attribute name="Loop Time for DT" value="1.000000" />
  <attribute name="Output H" value="8388608"/>
  <attribute name="Output I" value="200"/>
  <attribute name="Output T" value="4"/>
  <attribute name="Target GC Util Change" value ="20.000000" />
  <attribute name="Current GC Util Change" value="36.000000"/>
  <attribute name="GC Util currently" value="36" />
  <attribute name="CPU Util currently" value="7037744251358" />
<exclusive-end id="339" timestamp="2019-06-17T07:05:52.446" durationms="4.637" />

<exclusive-start id="340" timestamp="2019-06-17T07:05:52.549" intervalms="108.318">
  <response-info timems="0.034" idlems="0.034" threads="0" lastid="0000000000D66100" lastname="Thread-5" />
</exclusive-start>
<allocation-taxation id="341" taxation-threshold="13631488" timestamp="2019-06-17T07:05:52.549" intervalms="108.312" />
<cycle-start id="342" type="partial gc" contextid="0" timestamp="2019-06-17T07:05:52.549" intervalms="108.310" />
<gc-start id="343" type="partial gc" contextid="342" timestamp="2019-06-17T07:05:52.550">
  <mem-info id="344" free="0" total="37748736" percent="0">
    <mem type="eden" free="0" total="13631488" percent="0" />
    <remembered-set count="6592" freebytes="1480448" totalbytes="1506816" percent="98" regionsoverflowed="0" regionsstable="0" regionsrebuilding="0"/>
  </mem-info>
</gc-start>
<allocation-stats totalBytes="13580464" >
  <allocated-bytes non-tlh="65552" tlh="13514912" arrayletleaf="0"/>
  <largest-consumer threadName="Thread-4" threadId="0000000000D62500" bytes="4137752" />
</allocation-stats>
<gc-op id="345" type="mark" timems="0.897" contextid="342" timestamp="2019-06-17T07:05:52.551">
  <trace-info objectcount="1725" scancount="1406" scanbytes="308372" />
  <cardclean-info objects="1115" bytes="57472" />
  <remembered-set-cleared processed="4276" cleared="773" durationms="0.125" />
  <references type="phantom" candidates="2" cleared="0" enqueued="0" />
  <stringconstants candidates="3963" cleared="0"  />
  <warning details="Mark invoked due to insufficient free space for Copy-Forward" />
</gc-op>
<gc-op id="346" type="classunload" timems="0.002" contextid="342" timestamp="2019-06-17T07:05:52.551">
  <classunload-info classloadercandidates="20" classloadersunloaded="0" classesunloaded="0" anonymousclassesunloaded="0" quiescems="0.000" setupms="0.002" scanms="0.000" postms="0.000" />
</gc-op>
<gc-op id="347" type="sweep" timems="0.455" contextid="342" timestamp="2019-06-17T07:05:52.552" />
<gc-op id="348" type="compact" timems="1.149" contextid="342" timestamp="2019-06-17T07:05:52.553">
  <compact-info movecount="1725" movebytes="745608" />
  <remembered-set-cleared processed="8478" cleared="1231" durationms="0.125" />
</gc-op>
<heap-resize id="349" type="expand" space="default" amount="2097152" count="1" timems="0.062" reason="insufficient free space following gc" timestamp="2019-06-17T07:05:52.553" />
<gc-end id="350" type="partial gc" contextid="342" durationms="3.846" usertimems="4.000" systemtimems="0.000" timestamp="2019-06-17T07:05:52.553" activeThreads="1">
  <mem-info id="351" free="14680064" total="39845888" percent="36">
    <mem type="eden" free="303112" total="1048576" percent="28" />
    <remembered-set count="6944" freebytes="1562752" totalbytes="1590528" percent="98" regionsoverflowed="0" regionsstable="0" regionsrebuilding="0"/>
  </mem-info>
</gc-end>
<cycle-end id="352" type="partial gc" contextid="342" timestamp="2019-06-17T07:05:52.554" />
  <attribute name="elasticGC enabled" value="1" />
  <attribute name= "numThreadsSpecified" value="1" />
  <attribute name="heapSize specified" value="0" />
  <attribute name="Current GC Util" value="37" />
  <attribute name= "Current Time Running" value="2929" />
  <attribute name ="GC Interval" value="0" />
  <attribute name="ProportionalT" value="17.000000" />
  <attribute name="ProportionalI" value="17.000000" />
  <attribute name="ProportionalH" value="17.000000" />
  <attribute name="Current Error" value="17.000000" />
  <attribute name="IntegralT" value="0.000000" />
  <attribute name="IntegralI" value="0.000000" />
  <attribute name="IntegralH" value="0.000000" />
  <attribute name="DerivativeT" value="inf" />
  <attribute name="DerivativeI" value="inf" />
  <attribute name="DerivativeH" value="inf" />
  <attribute name="Loop Time for DT" value="0.000000" />
  <attribute name="Output H" value="8388608"/>
  <attribute name="Output I" value="200"/>
  <attribute name="Output T" value="1"/>
  <attribute name="Target GC Util Change" value ="20.000000" />
  <attribute name="Current GC Util Change" value="37.000000"/>
  <attribute name="GC Util currently" value="37" />
  <attribute name="CPU Util currently" value="6831277315351" />
<exclusive-end id="353" timestamp="2019-06-17T07:05:52.554" durationms="4.659" />

<exclusive-start id="354" timestamp="2019-06-17T07:05:52.672" intervalms="122.516">
  <response-info timems="0.124" idlems="0.124" threads="0" lastid="0000000000D5E900" lastname="Thread-3" />
</exclusive-start>
<allocation-taxation id="355" taxation-threshold="14680064" timestamp="2019-06-17T07:05:52.672" intervalms="122.520" />
<cycle-start id="356" type="partial gc" contextid="0" timestamp="2019-06-17T07:05:52.672" intervalms="122.517" />
<gc-start id="357" type="partial gc" contextid="356" timestamp="2019-06-17T07:05:52.672">
  <mem-info id="358" free="0" total="39845888" percent="0">
    <mem type="eden" free="0" total="14680064" percent="0" />
    <remembered-set count="6496" freebytes="1564544" totalbytes="1590528" percent="98" regionsoverflowed="0" regionsstable="0" regionsrebuilding="0"/>
  </mem-info>
</gc-start>
<allocation-stats totalBytes="14616008" >
  <allocated-bytes non-tlh="0" tlh="14616008" arrayletleaf="0"/>
  <largest-consumer threadName="Thread-6" threadId="0000000000D69D00" bytes="5128856" />
</allocation-stats>
<gc-op id="359" type="mark" timems="0.966" contextid="356" timestamp="2019-06-17T07:05:52.673">
  <trace-info objectcount="2025" scancount="1642" scanbytes="401640" />
  <cardclean-info objects="1105" bytes="56896" />
  <remembered-set-cleared processed="4132" cleared="590" durationms="0.123" />
  <references type="weak" candidates="1" cleared="0" enqueued="0" />
  <references type="phantom" candidates="1" cleared="0" enqueued="0" />
  <stringconstants candidates="3963" cleared="0"  />
  <warning details="Mark invoked due to insufficient free space for Copy-Forward" />
</gc-op>
<gc-op id="360" type="classunload" timems="0.002" contextid="356" timestamp="2019-06-17T07:05:52.674">
  <classunload-info classloadercandidates="20" classloadersunloaded="0" classesunloaded="0" anonymousclassesunloaded="0" quiescems="0.000" setupms="0.001" scanms="0.000" postms="0.000" />
</gc-op>
<gc-op id="361" type="sweep" timems="0.512" contextid="356" timestamp="2019-06-17T07:05:52.674" />
<gc-op id="362" type="compact" timems="1.319" contextid="356" timestamp="2019-06-17T07:05:52.676">
  <compact-info movecount="2025" movebytes="883560" />
  <remembered-set-cleared processed="8450" cleared="1137" durationms="0.123" />
</gc-op>
<heap-resize id="363" type="expand" space="default" amount="1048576" count="1" timems="0.054" reason="insufficient free space following gc" timestamp="2019-06-17T07:05:52.676" />
<gc-end id="364" type="partial gc" contextid="356" durationms="4.343" usertimems="8.000" systemtimems="0.000" timestamp="2019-06-17T07:05:52.676" activeThreads="4">
  <mem-info id="365" free="14680064" total="40894464" percent="35">
    <mem type="eden" free="165680" total="1048576" percent="15" />
    <remembered-set count="7040" freebytes="1604224" totalbytes="1632384" percent="98" regionsoverflowed="0" regionsstable="0" regionsrebuilding="0"/>
  </mem-info>
</gc-end>
<cycle-end id="366" type="partial gc" contextid="356" timestamp="2019-06-17T07:05:52.677" />
  <attribute name="elasticGC enabled" value="1" />
  <attribute name= "numThreadsSpecified" value="4" />
  <attribute name="heapSize specified" value="0" />
  <attribute name="Current GC Util" value="42" />
  <attribute name= "Current Time Running" value="3052" />
  <attribute name ="GC Interval" value="0" />
  <attribute name="ProportionalT" value="22.000000" />
  <attribute name="ProportionalI" value="22.000000" />
  <attribute name="ProportionalH" value="22.000000" />
  <attribute name="Current Error" value="22.000000" />
  <attribute name="IntegralT" value="22.000000" />
  <attribute name="IntegralI" value="22.000000" />
  <attribute name="IntegralH" value="22.000000" />
  <attribute name="DerivativeT" value="22.000000" />
  <attribute name="DerivativeI" value="22.000000" />
  <attribute name="DerivativeH" value="22.000000" />
  <attribute name="Loop Time for DT" value="1.000000" />
  <attribute name="Output H" value="8388608"/>
  <attribute name="Output I" value="200"/>
  <attribute name="Output T" value="4"/>
  <attribute name="Target GC Util Change" value ="20.000000" />
  <attribute name="Current GC Util Change" value="42.000000"/>
  <attribute name="GC Util currently" value="42" />
  <attribute name="CPU Util currently" value="5816945485832" />
<exclusive-end id="367" timestamp="2019-06-17T07:05:52.677" durationms="5.214" />

<exclusive-start id="368" timestamp="2019-06-17T07:05:52.786" intervalms="114.545">
  <response-info timems="0.043" idlems="0.043" threads="0" lastid="0000000000D62500" lastname="Thread-4" />
</exclusive-start>
<allocation-taxation id="369" taxation-threshold="14680064" timestamp="2019-06-17T07:05:52.786" intervalms="114.550" />
<cycle-start id="370" type="partial gc" contextid="0" timestamp="2019-06-17T07:05:52.786" intervalms="114.559" />
<gc-start id="371" type="partial gc" contextid="370" timestamp="2019-06-17T07:05:52.787">
  <mem-info id="372" free="0" total="40894464" percent="0">
    <mem type="eden" free="0" total="14680064" percent="0" />
    <remembered-set count="6592" freebytes="1606016" totalbytes="1632384" percent="98" regionsoverflowed="0" regionsstable="0" regionsrebuilding="0"/>
  </mem-info>
</gc-start>
<allocation-stats totalBytes="14655968" >
  <allocated-bytes non-tlh="0" tlh="14655968" arrayletleaf="0"/>
  <largest-consumer threadName="Thread-4" threadId="0000000000D62500" bytes="4832672" />
</allocation-stats>
<gc-op id="373" type="mark" timems="1.019" contextid="370" timestamp="2019-06-17T07:05:52.788">
  <trace-info objectcount="1562" scancount="1231" scanbytes="319644" />
  <cardclean-info objects="1085" bytes="55936" />
  <remembered-set-cleared processed="4237" cleared="650" durationms="0.080" />
  <stringconstants candidates="3963" cleared="0"  />
  <warning details="Mark invoked due to insufficient free space for Copy-Forward" />
</gc-op>
<gc-op id="374" type="classunload" timems="0.002" contextid="370" timestamp="2019-06-17T07:05:52.788">
  <classunload-info classloadercandidates="20" classloadersunloaded="0" classesunloaded="0" anonymousclassesunloaded="0" quiescems="0.000" setupms="0.002" scanms="0.000" postms="0.000" />
</gc-op>
<gc-op id="375" type="sweep" timems="0.311" contextid="370" timestamp="2019-06-17T07:05:52.789" />
<gc-op id="376" type="compact" timems="1.058" contextid="370" timestamp="2019-06-17T07:05:52.790">
  <compact-info movecount="1557" movebytes="750856" />
  <remembered-set-cleared processed="8505" cleared="1085" durationms="0.081" />
</gc-op>
<heap-resize id="377" type="expand" space="default" amount="2097152" count="1" timems="0.062" reason="insufficient free space following gc" timestamp="2019-06-17T07:05:52.790" />
<gc-end id="378" type="partial gc" contextid="370" durationms="3.558" usertimems="4.000" systemtimems="0.000" timestamp="2019-06-17T07:05:52.790" activeThreads="4">
  <mem-info id="379" free="15728640" total="42991616" percent="36">
    <mem type="eden" free="297904" total="1048576" percent="28" />
    <remembered-set count="7136" freebytes="1687552" totalbytes="1716096" percent="98" regionsoverflowed="0" regionsstable="0" regionsrebuilding="0"/>
  </mem-info>
</gc-end>
<cycle-end id="380" type="partial gc" contextid="370" timestamp="2019-06-17T07:05:52.790" />
  <attribute name="elasticGC enabled" value="1" />
  <attribute name= "numThreadsSpecified" value="4" />
  <attribute name="heapSize specified" value="0" />
  <attribute name="Current GC Util" value="40" />
  <attribute name= "Current Time Running" value="3166" />
  <attribute name ="GC Interval" value="0" />
  <attribute name="ProportionalT" value="20.000000" />
  <attribute name="ProportionalI" value="20.000000" />
  <attribute name="ProportionalH" value="20.000000" />
  <attribute name="Current Error" value="20.000000" />
  <attribute name="IntegralT" value="0.000000" />
  <attribute name="IntegralI" value="0.000000" />
  <attribute name="IntegralH" value="0.000000" />
  <attribute name="DerivativeT" value="-inf" />
  <attribute name="DerivativeI" value="-inf" />
  <attribute name="DerivativeH" value="-inf" />
  <attribute name="Loop Time for DT" value="0.000000" />
  <attribute name="Output H" value="2091843584"/>
  <attribute name="Output I" value="200"/>
  <attribute name="Output T" value="4"/>
  <attribute name="Target GC Util Change" value ="20.000000" />
  <attribute name="Current GC Util Change" value="40.000000"/>
  <attribute name="GC Util currently" value="40" />
  <attribute name="CPU Util currently" value="9386910789529" />
<exclusive-end id="381" timestamp="2019-06-17T07:05:52.791" durationms="4.337" />

<exclusive-start id="382" timestamp="2019-06-17T07:05:52.915" intervalms="129.025">
  <response-info timems="0.028" idlems="0.028" threads="0" lastid="0000000000D62500" lastname="Thread-4" />
</exclusive-start>
<allocation-taxation id="383" taxation-threshold="15728640" timestamp="2019-06-17T07:05:52.915" intervalms="129.028" />
<cycle-start id="384" type="partial gc" contextid="0" timestamp="2019-06-17T07:05:52.916" intervalms="129.029" />
<gc-start id="385" type="partial gc" contextid="384" timestamp="2019-06-17T07:05:52.916">
  <mem-info id="386" free="0" total="42991616" percent="0">
    <mem type="eden" free="0" total="15728640" percent="0" />
    <remembered-set count="6816" freebytes="1688832" totalbytes="1716096" percent="98" regionsoverflowed="0" regionsstable="0" regionsrebuilding="0"/>
  </mem-info>
</gc-start>
<allocation-stats totalBytes="15624728" >
  <allocated-bytes non-tlh="0" tlh="15624728" arrayletleaf="0"/>
  <largest-consumer threadName="Thread-4" threadId="0000000000D62500" bytes="4984168" />
</allocation-stats>
<gc-op id="387" type="mark" timems="1.089" contextid="384" timestamp="2019-06-17T07:05:52.917">
  <trace-info objectcount="2186" scancount="1827" scanbytes="410128" />
  <cardclean-info objects="1136" bytes="58624" />
  <remembered-set-cleared processed="4208" cleared="614" durationms="0.103" />
  <references type="phantom" candidates="4" cleared="0" enqueued="0" />
  <stringconstants candidates="3963" cleared="0"  />
  <warning details="Mark invoked due to insufficient free space for Copy-Forward" />
</gc-op>
<gc-op id="388" type="classunload" timems="0.002" contextid="384" timestamp="2019-06-17T07:05:52.917">
  <classunload-info classloadercandidates="20" classloadersunloaded="0" classesunloaded="0" anonymousclassesunloaded="0" quiescems="0.000" setupms="0.002" scanms="0.000" postms="0.000" />
</gc-op>
<gc-op id="389" type="sweep" timems="0.553" contextid="384" timestamp="2019-06-17T07:05:52.918" />
<gc-op id="390" type="compact" timems="2.157" contextid="384" timestamp="2019-06-17T07:05:52.920">
  <compact-info movecount="10731" movebytes="1307912" />
  <remembered-set-cleared processed="8225" cleared="1807" durationms="0.103" />
</gc-op>
<heap-resize id="391" type="expand" space="default" amount="1048576" count="1" timems="0.053" reason="insufficient free space following gc" timestamp="2019-06-17T07:05:52.921" />
<gc-end id="392" type="partial gc" contextid="384" durationms="5.244" usertimems="4.000" systemtimems="4.000" timestamp="2019-06-17T07:05:52.921" activeThreads="4">
  <mem-info id="393" free="15728640" total="44040192" percent="35">
    <mem type="eden" free="159168" total="1048576" percent="15" />
    <remembered-set count="6336" freebytes="1732608" totalbytes="1757952" percent="98" regionsoverflowed="0" regionsstable="0" regionsrebuilding="0"/>
  </mem-info>
</gc-end>
<cycle-end id="394" type="partial gc" contextid="384" timestamp="2019-06-17T07:05:52.921" />
  <attribute name="elasticGC enabled" value="1" />
  <attribute name= "numThreadsSpecified" value="4" />
  <attribute name="heapSize specified" value="0" />
  <attribute name="Current GC Util" value="31" />
  <attribute name= "Current Time Running" value="3296" />
  <attribute name ="GC Interval" value="0" />
  <attribute name="ProportionalT" value="11.000000" />
  <attribute name="ProportionalI" value="11.000000" />
  <attribute name="ProportionalH" value="11.000000" />
  <attribute name="Current Error" value="11.000000" />
  <attribute name="IntegralT" value="11.000000" />
  <attribute name="IntegralI" value="11.000000" />
  <attribute name="IntegralH" value="11.000000" />
  <attribute name="DerivativeT" value="-83.000000" />
  <attribute name="DerivativeI" value="-83.000000" />
  <attribute name="DerivativeH" value="-83.000000" />
  <attribute name="Loop Time for DT" value="1.000000" />
  <attribute name="Output H" value="2091843584"/>
  <attribute name="Output I" value="200"/>
  <attribute name="Output T" value="4"/>
  <attribute name="Target GC Util Change" value ="20.000000" />
  <attribute name="Current GC Util Change" value="31.000000"/>
  <attribute name="GC Util currently" value="31" />
  <attribute name="CPU Util currently" value="5573856223786" />
<exclusive-end id="395" timestamp="2019-06-17T07:05:52.922" durationms="6.253" />

<exclusive-start id="396" timestamp="2019-06-17T07:05:53.055" intervalms="139.159">
  <response-info timems="0.039" idlems="0.039" threads="0" lastid="0000000000D66100" lastname="Thread-5" />
</exclusive-start>
<allocation-taxation id="397" taxation-threshold="15728640" timestamp="2019-06-17T07:05:53.055" intervalms="139.165" />
<cycle-start id="398" type="partial gc" contextid="0" timestamp="2019-06-17T07:05:53.055" intervalms="139.176" />
<gc-start id="399" type="partial gc" contextid="398" timestamp="2019-06-17T07:05:53.055">
  <mem-info id="400" free="0" total="44040192" percent="0">
    <mem type="eden" free="0" total="15728640" percent="0" />
    <remembered-set count="5920" freebytes="1734272" totalbytes="1757952" percent="98" regionsoverflowed="0" regionsstable="0" regionsrebuilding="0"/>
  </mem-info>
</gc-start>
<allocation-stats totalBytes="15693344" >
  <allocated-bytes non-tlh="32784" tlh="15660560" arrayletleaf="0"/>
  <largest-consumer threadName="Thread-4" threadId="0000000000D62500" bytes="4824360" />
</allocation-stats>
<gc-op id="401" type="mark" timems="0.944" contextid="398" timestamp="2019-06-17T07:05:53.056">
  <trace-info objectcount="1604" scancount="1259" scanbytes="318900" />
  <cardclean-info objects="1164" bytes="59184" />
  <remembered-set-cleared processed="4126" cleared="677" durationms="0.136" />
  <references type="phantom" candidates="1" cleared="0" enqueued="0" />
  <stringconstants candidates="3963" cleared="0"  />
  <warning details="Mark invoked due to insufficient free space for Copy-Forward" />
</gc-op>
<gc-op id="402" type="classunload" timems="0.002" contextid="398" timestamp="2019-06-17T07:05:53.056">
  <classunload-info classloadercandidates="20" classloadersunloaded="0" classesunloaded="0" anonymousclassesunloaded="0" quiescems="0.000" setupms="0.002" scanms="0.000" postms="0.000" />
</gc-op>
<gc-op id="403" type="sweep" timems="0.388" contextid="398" timestamp="2019-06-17T07:05:53.057" />
<gc-op id="404" type="compact" timems="2.111" contextid="398" timestamp="2019-06-17T07:05:53.059">
  <compact-info movecount="10859" movebytes="1262264" />
  <remembered-set-cleared processed="7823" cleared="3215" durationms="0.136" />
</gc-op>
<gc-end id="405" type="partial gc" contextid="398" durationms="4.665" usertimems="8.000" systemtimems="0.000" timestamp="2019-06-17T07:05:53.060" activeThreads="4">
  <mem-info id="406" free="15728640" total="44040192" percent="35">
    <mem type="eden" free="337872" total="1048576" percent="32" />
    <remembered-set count="5568" freebytes="1735680" totalbytes="1757952" percent="98" regionsoverflowed="0" regionsstable="0" regionsrebuilding="0"/>
  </mem-info>
</gc-end>
<cycle-end id="407" type="partial gc" contextid="398" timestamp="2019-06-17T07:05:53.060" />
  <attribute name="elasticGC enabled" value="1" />
  <attribute name= "numThreadsSpecified" value="4" />
  <attribute name="heapSize specified" value="0" />
  <attribute name="Current GC Util" value="34" />
  <attribute name= "Current Time Running" value="3435" />
  <attribute name ="GC Interval" value="0" />
  <attribute name="ProportionalT" value="14.000000" />
  <attribute name="ProportionalI" value="14.000000" />
  <attribute name="ProportionalH" value="14.000000" />
  <attribute name="Current Error" value="14.000000" />
  <attribute name="IntegralT" value="14.000000" />
  <attribute name="IntegralI" value="14.000000" />
  <attribute name="IntegralH" value="14.000000" />
  <attribute name="DerivativeT" value="14.000000" />
  <attribute name="DerivativeI" value="14.000000" />
  <attribute name="DerivativeH" value="14.000000" />
  <attribute name="Loop Time for DT" value="1.000000" />
  <attribute name="Output H" value="8388608"/>
  <attribute name="Output I" value="200"/>
  <attribute name="Output T" value="4"/>
  <attribute name="Target GC Util Change" value ="20.000000" />
  <attribute name="Current GC Util Change" value="34.000000"/>
  <attribute name="GC Util currently" value="34" />
  <attribute name="CPU Util currently" value="7137219784003" />
<exclusive-end id="408" timestamp="2019-06-17T07:05:53.060" durationms="5.324" />

<exclusive-start id="409" timestamp="2019-06-17T07:05:53.173" intervalms="118.523">
  <response-info timems="0.100" idlems="0.078" threads="1" lastid="0000000000A31300" lastname="JIT Compilation Thread-0" />
</exclusive-start>
<allocation-taxation id="410" taxation-threshold="15728640" timestamp="2019-06-17T07:05:53.173" intervalms="118.522" />
<cycle-start id="411" type="partial gc" contextid="0" timestamp="2019-06-17T07:05:53.173" intervalms="118.514" />
<gc-start id="412" type="partial gc" contextid="411" timestamp="2019-06-17T07:05:53.173">
  <mem-info id="413" free="0" total="44040192" percent="0">
    <mem type="eden" free="0" total="15728640" percent="0" />
    <remembered-set count="5440" freebytes="1736192" totalbytes="1757952" percent="98" regionsoverflowed="0" regionsstable="0" regionsrebuilding="0"/>
  </mem-info>
</gc-start>
<allocation-stats totalBytes="15652112" >
  <allocated-bytes non-tlh="0" tlh="15652112" arrayletleaf="0"/>
  <largest-consumer threadName="Thread-5" threadId="0000000000D66100" bytes="5274648" />
</allocation-stats>
<gc-op id="414" type="mark" timems="0.830" contextid="411" timestamp="2019-06-17T07:05:53.175">
  <trace-info objectcount="354" scancount="304" scanbytes="313768" />
  <cardclean-info objects="1168" bytes="59188" />
  <remembered-set-cleared processed="3333" cleared="542" durationms="0.132" />
  <stringconstants candidates="3963" cleared="0"  />
  <warning details="Mark invoked due to insufficient free space for Copy-Forward" />
</gc-op>
<gc-op id="415" type="classunload" timems="0.002" contextid="411" timestamp="2019-06-17T07:05:53.175">
  <classunload-info classloadercandidates="20" classloadersunloaded="0" classesunloaded="0" anonymousclassesunloaded="0" quiescems="0.000" setupms="0.001" scanms="0.000" postms="0.000" />
</gc-op>
<gc-op id="416" type="sweep" timems="0.509" contextid="411" timestamp="2019-06-17T07:05:53.175" />
<gc-op id="417" type="compact" timems="0.827" contextid="411" timestamp="2019-06-17T07:05:53.177">
  <compact-info movecount="354" movebytes="517272" />
  <remembered-set-cleared processed="6448" cleared="636" durationms="0.132" />
</gc-op>
<heap-resize id="418" type="expand" space="default" amount="1048576" count="1" timems="0.058" reason="insufficient free space following gc" timestamp="2019-06-17T07:05:53.177" />
<gc-end id="419" type="partial gc" contextid="411" durationms="3.434" usertimems="8.000" systemtimems="0.000" timestamp="2019-06-17T07:05:53.177" activeThreads="4">
  <mem-info id="420" free="15728640" total="45088768" percent="34">
    <mem type="eden" free="531496" total="1048576" percent="50" />
    <remembered-set count="5216" freebytes="1778944" totalbytes="1799808" percent="98" regionsoverflowed="0" regionsstable="0" regionsrebuilding="0"/>
  </mem-info>
</gc-end>
<cycle-end id="421" type="partial gc" contextid="411" timestamp="2019-06-17T07:05:53.177" />
  <attribute name="elasticGC enabled" value="1" />
  <attribute name= "numThreadsSpecified" value="4" />
  <attribute name="heapSize specified" value="0" />
  <attribute name="Current GC Util" value="30" />
  <attribute name= "Current Time Running" value="3553" />
  <attribute name ="GC Interval" value="0" />
  <attribute name="ProportionalT" value="10.000000" />
  <attribute name="ProportionalI" value="10.000000" />
  <attribute name="ProportionalH" value="10.000000" />
  <attribute name="Current Error" value="10.000000" />
  <attribute name="IntegralT" value="10.000000" />
  <attribute name="IntegralI" value="10.000000" />
  <attribute name="IntegralH" value="10.000000" />
  <attribute name="DerivativeT" value="10.000000" />
  <attribute name="DerivativeI" value="10.000000" />
  <attribute name="DerivativeH" value="10.000000" />
  <attribute name="Loop Time for DT" value="1.000000" />
  <attribute name="Output H" value="8388608"/>
  <attribute name="Output I" value="200"/>
  <attribute name="Output T" value="4"/>
  <attribute name="Target GC Util Change" value ="20.000000" />
  <attribute name="Current GC Util Change" value="30.000000"/>
  <attribute name="GC Util currently" value="30" />
  <attribute name="CPU Util currently" value="6451787393252" />
<exclusive-end id="422" timestamp="2019-06-17T07:05:53.177" durationms="4.286" />

<exclusive-start id="423" timestamp="2019-06-17T07:05:53.296" intervalms="122.856">
  <response-info timems="0.029" idlems="0.029" threads="0" lastid="0000000000D66100" lastname="Thread-5" />
</exclusive-start>
<allocation-taxation id="424" taxation-threshold="15728640" timestamp="2019-06-17T07:05:53.296" intervalms="122.869" />
<cycle-start id="425" type="partial gc" contextid="0" timestamp="2019-06-17T07:05:53.296" intervalms="122.874" />
<gc-start id="426" type="partial gc" contextid="425" timestamp="2019-06-17T07:05:53.296">
  <mem-info id="427" free="0" total="45088768" percent="0">
    <mem type="eden" free="0" total="15728640" percent="0" />
    <remembered-set count="5216" freebytes="1778944" totalbytes="1799808" percent="98" regionsoverflowed="0" regionsstable="0" regionsrebuilding="0"/>
  </mem-info>
</gc-start>
<allocation-stats totalBytes="15658000" >
  <allocated-bytes non-tlh="0" tlh="15658000" arrayletleaf="0"/>
  <largest-consumer threadName="Thread-4" threadId="0000000000D62500" bytes="4513960" />
</allocation-stats>
<gc-op id="428" type="mark" timems="0.988" contextid="425" timestamp="2019-06-17T07:05:53.298">
  <trace-info objectcount="2577" scancount="2071" scanbytes="419144" />
  <cardclean-info objects="1165" bytes="59100" />
  <remembered-set-cleared processed="3152" cleared="325" durationms="0.134" />
  <stringconstants candidates="3963" cleared="0"  />
  <warning details="Mark invoked due to insufficient free space for Copy-Forward" />
</gc-op>
<gc-op id="429" type="classunload" timems="0.002" contextid="425" timestamp="2019-06-17T07:05:53.298">
  <classunload-info classloadercandidates="20" classloadersunloaded="0" classesunloaded="0" anonymousclassesunloaded="0" quiescems="0.000" setupms="0.001" scanms="0.000" postms="0.000" />
</gc-op>
<gc-op id="430" type="sweep" timems="0.468" contextid="425" timestamp="2019-06-17T07:05:53.298" />
<gc-op id="431" type="compact" timems="1.110" contextid="425" timestamp="2019-06-17T07:05:53.300">
  <compact-info movecount="2575" movebytes="1018728" />
  <remembered-set-cleared processed="6893" cleared="1032" durationms="0.134" />
</gc-op>
<gc-end id="432" type="partial gc" contextid="425" durationms="3.786" usertimems="4.000" systemtimems="0.000" timestamp="2019-06-17T07:05:53.300" activeThreads="4">
  <mem-info id="433" free="15728640" total="45088768" percent="34">
    <mem type="eden" free="29848" total="1048576" percent="2" />
    <remembered-set count="6176" freebytes="1775104" totalbytes="1799808" percent="98" regionsoverflowed="0" regionsstable="0" regionsrebuilding="0"/>
  </mem-info>
</gc-end>
<cycle-end id="434" type="partial gc" contextid="425" timestamp="2019-06-17T07:05:53.300" />
  <attribute name="elasticGC enabled" value="1" />
  <attribute name= "numThreadsSpecified" value="4" />
  <attribute name="heapSize specified" value="0" />
  <attribute name="Current GC Util" value="35" />
  <attribute name= "Current Time Running" value="3676" />
  <attribute name ="GC Interval" value="0" />
  <attribute name="ProportionalT" value="15.000000" />
  <attribute name="ProportionalI" value="15.000000" />
  <attribute name="ProportionalH" value="15.000000" />
  <attribute name="Current Error" value="15.000000" />
  <attribute name="IntegralT" value="15.000000" />
  <attribute name="IntegralI" value="15.000000" />
  <attribute name="IntegralH" value="15.000000" />
  <attribute name="DerivativeT" value="15.000000" />
  <attribute name="DerivativeI" value="15.000000" />
  <attribute name="DerivativeH" value="15.000000" />
  <attribute name="Loop Time for DT" value="1.000000" />
  <attribute name="Output H" value="8388608"/>
  <attribute name="Output I" value="200"/>
  <attribute name="Output T" value="4"/>
  <attribute name="Target GC Util Change" value ="20.000000" />
  <attribute name="Current GC Util Change" value="35.000000"/>
  <attribute name="GC Util currently" value="35" />
  <attribute name="CPU Util currently" value="6366232394735" />
<exclusive-end id="435" timestamp="2019-06-17T07:05:53.300" durationms="4.511" />

<exclusive-start id="436" timestamp="2019-06-17T07:05:53.429" intervalms="133.359">
  <response-info timems="0.068" idlems="0.068" threads="0" lastid="0000000000D69D00" lastname="Thread-6" />
</exclusive-start>
<allocation-taxation id="437" taxation-threshold="15728640" timestamp="2019-06-17T07:05:53.429" intervalms="133.334" />
<cycle-start id="438" type="partial gc" contextid="0" timestamp="2019-06-17T07:05:53.429" intervalms="133.320" />
<gc-start id="439" type="partial gc" contextid="438" timestamp="2019-06-17T07:05:53.430">
  <mem-info id="440" free="0" total="45088768" percent="0">
    <mem type="eden" free="0" total="15728640" percent="0" />
    <remembered-set count="5792" freebytes="1776640" totalbytes="1799808" percent="98" regionsoverflowed="0" regionsstable="0" regionsrebuilding="0"/>
  </mem-info>
</gc-start>
<allocation-stats totalBytes="15688560" >
  <allocated-bytes non-tlh="0" tlh="15688560" arrayletleaf="0"/>
  <largest-consumer threadName="Thread-4" threadId="0000000000D62500" bytes="4535800" />
</allocation-stats>
<gc-op id="441" type="mark" timems="0.986" contextid="438" timestamp="2019-06-17T07:05:53.431">
  <trace-info objectcount="2448" scancount="1981" scanbytes="412996" />
  <cardclean-info objects="1170" bytes="58876" />
  <remembered-set-cleared processed="3574" cleared="716" durationms="0.130" />
  <references type="phantom" candidates="1" cleared="0" enqueued="0" />
  <stringconstants candidates="3963" cleared="0"  />
  <warning details="Mark invoked due to insufficient free space for Copy-Forward" />
</gc-op>
<gc-op id="442" type="classunload" timems="0.002" contextid="438" timestamp="2019-06-17T07:05:53.431">
  <classunload-info classloadercandidates="20" classloadersunloaded="0" classesunloaded="0" anonymousclassesunloaded="0" quiescems="0.000" setupms="0.002" scanms="0.000" postms="0.000" />
</gc-op>
<gc-op id="443" type="sweep" timems="0.407" contextid="438" timestamp="2019-06-17T07:05:53.432" />
<gc-op id="444" type="compact" timems="1.299" contextid="438" timestamp="2019-06-17T07:05:53.433">
  <compact-info movecount="2448" movebytes="924760" />
  <remembered-set-cleared processed="7250" cleared="1337" durationms="0.130" />
</gc-op>
<heap-resize id="445" type="expand" space="default" amount="2097152" count="1" timems="0.066" reason="insufficient free space following gc" timestamp="2019-06-17T07:05:53.434" />
<gc-end id="446" type="partial gc" contextid="438" durationms="4.082" usertimems="4.000" systemtimems="4.000" timestamp="2019-06-17T07:05:53.434" activeThreads="1">
  <mem-info id="447" free="16777216" total="47185920" percent="35">
    <mem type="eden" free="124784" total="1048576" percent="11" />
    <remembered-set count="5984" freebytes="1859584" totalbytes="1883520" percent="98" regionsoverflowed="0" regionsstable="0" regionsrebuilding="0"/>
  </mem-info>
</gc-end>
<cycle-end id="448" type="partial gc" contextid="438" timestamp="2019-06-17T07:05:53.434" />
  <attribute name="elasticGC enabled" value="1" />
  <attribute name= "numThreadsSpecified" value="1" />
  <attribute name="heapSize specified" value="0" />
  <attribute name="Current GC Util" value="36" />
  <attribute name= "Current Time Running" value="3809" />
  <attribute name ="GC Interval" value="0" />
  <attribute name="ProportionalT" value="16.000000" />
  <attribute name="ProportionalI" value="16.000000" />
  <attribute name="ProportionalH" value="16.000000" />
  <attribute name="Current Error" value="16.000000" />
  <attribute name="IntegralT" value="0.000000" />
  <attribute name="IntegralI" value="0.000000" />
  <attribute name="IntegralH" value="0.000000" />
  <attribute name="DerivativeT" value="inf" />
  <attribute name="DerivativeI" value="inf" />
  <attribute name="DerivativeH" value="inf" />
  <attribute name="Loop Time for DT" value="0.000000" />
  <attribute name="Output H" value="8388608"/>
  <attribute name="Output I" value="200"/>
  <attribute name="Output T" value="1"/>
  <attribute name="Target GC Util Change" value ="20.000000" />
  <attribute name="Current GC Util Change" value="36.000000"/>
  <attribute name="GC Util currently" value="36" />
  <attribute name="CPU Util currently" value="7528005063880" />
<exclusive-end id="449" timestamp="2019-06-17T07:05:53.434" durationms="5.018" />

<exclusive-start id="450" timestamp="2019-06-17T07:05:53.564" intervalms="134.564">
  <response-info timems="0.056" idlems="0.056" threads="0" lastid="0000000000D66100" lastname="Thread-5" />
</exclusive-start>
<allocation-taxation id="451" taxation-threshold="16777216" timestamp="2019-06-17T07:05:53.564" intervalms="134.568" />
<cycle-start id="452" type="partial gc" contextid="0" timestamp="2019-06-17T07:05:53.564" intervalms="134.572" />
<gc-start id="453" type="partial gc" contextid="452" timestamp="2019-06-17T07:05:53.564">
  <mem-info id="454" free="0" total="47185920" percent="0">
    <mem type="eden" free="124784" total="17825792" percent="0" />
    <remembered-set count="5568" freebytes="1861248" totalbytes="1883520" percent="98" regionsoverflowed="0" regionsstable="0" regionsrebuilding="0"/>
  </mem-info>
</gc-start>
<allocation-stats totalBytes="16760384" >
  <allocated-bytes non-tlh="32776" tlh="16727608" arrayletleaf="0"/>
  <largest-consumer threadName="Thread-5" threadId="0000000000D66100" bytes="6740784" />
</allocation-stats>
<gc-op id="455" type="mark" timems="0.969" contextid="452" timestamp="2019-06-17T07:05:53.566">
  <trace-info objectcount="2114" scancount="1690" scanbytes="335044" />
  <cardclean-info objects="1174" bytes="59132" />
  <remembered-set-cleared processed="3549" cleared="653" durationms="0.132" />
  <references type="weak" candidates="1" cleared="0" enqueued="0" />
  <references type="phantom" candidates="1" cleared="0" enqueued="0" />
  <stringconstants candidates="3963" cleared="0"  />
  <warning details="Mark invoked due to insufficient free space for Copy-Forward" />
</gc-op>
<gc-op id="456" type="classunload" timems="0.002" contextid="452" timestamp="2019-06-17T07:05:53.566">
  <classunload-info classloadercandidates="20" classloadersunloaded="0" classesunloaded="0" anonymousclassesunloaded="0" quiescems="0.000" setupms="0.002" scanms="0.000" postms="0.000" />
</gc-op>
<gc-op id="457" type="sweep" timems="0.472" contextid="452" timestamp="2019-06-17T07:05:53.566" />
<gc-op id="458" type="compact" timems="1.007" contextid="452" timestamp="2019-06-17T07:05:53.567">
  <compact-info movecount="2103" movebytes="789448" />
  <remembered-set-cleared processed="7241" cleared="1255" durationms="0.132" />
</gc-op>
<gc-end id="459" type="partial gc" contextid="452" durationms="3.524" usertimems="4.000" systemtimems="0.000" timestamp="2019-06-17T07:05:53.568" activeThreads="4">
  <mem-info id="460" free="15728640" total="47185920" percent="33">
    <mem type="eden" free="1307704" total="2097152" percent="62" />
    <remembered-set count="5728" freebytes="1860608" totalbytes="1883520" percent="98" regionsoverflowed="0" regionsstable="0" regionsrebuilding="0"/>
  </mem-info>
</gc-end>
<cycle-end id="461" type="partial gc" contextid="452" timestamp="2019-06-17T07:05:53.568" />
  <attribute name="elasticGC enabled" value="1" />
  <attribute name= "numThreadsSpecified" value="4" />
  <attribute name="heapSize specified" value="0" />
  <attribute name="Current GC Util" value="32" />
  <attribute name= "Current Time Running" value="3944" />
  <attribute name ="GC Interval" value="0" />
  <attribute name="ProportionalT" value="12.000000" />
  <attribute name="ProportionalI" value="12.000000" />
  <attribute name="ProportionalH" value="12.000000" />
  <attribute name="Current Error" value="12.000000" />
  <attribute name="IntegralT" value="12.000000" />
  <attribute name="IntegralI" value="12.000000" />
  <attribute name="IntegralH" value="12.000000" />
  <attribute name="DerivativeT" value="12.000000" />
  <attribute name="DerivativeI" value="12.000000" />
  <attribute name="DerivativeH" value="12.000000" />
  <attribute name="Loop Time for DT" value="1.000000" />
  <attribute name="Output H" value="8388608"/>
  <attribute name="Output I" value="200"/>
  <attribute name="Output T" value="4"/>
  <attribute name="Target GC Util Change" value ="20.000000" />
  <attribute name="Current GC Util Change" value="32.000000"/>
  <attribute name="GC Util currently" value="32" />
  <attribute name="CPU Util currently" value="6778701220085" />
<exclusive-end id="462" timestamp="2019-06-17T07:05:53.568" durationms="4.257" />

<exclusive-start id="463" timestamp="2019-06-17T07:05:53.685" intervalms="121.151">
  <response-info timems="0.028" idlems="0.028" threads="0" lastid="0000000000D66100" lastname="Thread-5" />
</exclusive-start>
<allocation-taxation id="464" taxation-threshold="15728640" timestamp="2019-06-17T07:05:53.685" intervalms="121.155" />
<cycle-start id="465" type="partial gc" contextid="0" timestamp="2019-06-17T07:05:53.685" intervalms="121.152" />
<gc-start id="466" type="partial gc" contextid="465" timestamp="2019-06-17T07:05:53.685">
  <mem-info id="467" free="0" total="47185920" percent="0">
    <mem type="eden" free="0" total="15728640" percent="0" />
    <remembered-set count="5376" freebytes="1862016" totalbytes="1883520" percent="98" regionsoverflowed="0" regionsstable="0" regionsrebuilding="0"/>
  </mem-info>
</gc-start>
<allocation-stats totalBytes="15669936" >
  <allocated-bytes non-tlh="0" tlh="15669936" arrayletleaf="0"/>
  <largest-consumer threadName="Thread-5" threadId="0000000000D66100" bytes="5253736" />
</allocation-stats>
<gc-op id="468" type="mark" timems="0.974" contextid="465" timestamp="2019-06-17T07:05:53.687">
  <trace-info objectcount="1804" scancount="1461" scanbytes="343552" />
  <cardclean-info objects="1177" bytes="59216" />
  <remembered-set-cleared processed="3600" cleared="656" durationms="0.137" />
  <references type="phantom" candidates="1" cleared="0" enqueued="0" />
  <stringconstants candidates="3963" cleared="0"  />
  <warning details="Mark invoked due to insufficient free space for Copy-Forward" />
</gc-op>
<gc-op id="469" type="classunload" timems="0.002" contextid="465" timestamp="2019-06-17T07:05:53.687">
  <classunload-info classloadercandidates="20" classloadersunloaded="0" classesunloaded="0" anonymousclassesunloaded="0" quiescems="0.000" setupms="0.002" scanms="0.000" postms="0.000" />
</gc-op>
<gc-op id="470" type="sweep" timems="0.453" contextid="465" timestamp="2019-06-17T07:05:53.687" />
<gc-op id="471" type="compact" timems="1.044" contextid="465" timestamp="2019-06-17T07:05:53.689">
  <compact-info movecount="1804" movebytes="800440" />
  <remembered-set-cleared processed="7229" cleared="1132" durationms="0.137" />
</gc-op>
<heap-resize id="472" type="expand" space="default" amount="3145728" count="1" timems="0.073" reason="insufficient free space following gc" timestamp="2019-06-17T07:05:53.689" />
<gc-end id="473" type="partial gc" contextid="465" durationms="3.774" usertimems="4.000" systemtimems="0.000" timestamp="2019-06-17T07:05:53.689" activeThreads="4">
  <mem-info id="474" free="17825792" total="50331648" percent="35">
    <mem type="eden" free="248280" total="1048576" percent="23" />
    <remembered-set count="6272" freebytes="1984000" totalbytes="2009088" percent="98" regionsoverflowed="0" regionsstable="0" regionsrebuilding="0"/>
  </mem-info>
</gc-end>
<cycle-end id="475" type="partial gc" contextid="465" timestamp="2019-06-17T07:05:53.689" />
  <attribute name="elasticGC enabled" value="1" />
  <attribute name= "numThreadsSpecified" value="4" />
  <attribute name="heapSize specified" value="0" />
  <attribute name="Current GC Util" value="35" />
  <attribute name= "Current Time Running" value="4065" />
  <attribute name ="GC Interval" value="0" />
  <attribute name="ProportionalT" value="15.000000" />
  <attribute name="ProportionalI" value="15.000000" />
  <attribute name="ProportionalH" value="15.000000" />
  <attribute name="Current Error" value="15.000000" />
  <attribute name="IntegralT" value="15.000000" />
  <attribute name="IntegralI" value="15.000000" />
  <attribute name="IntegralH" value="15.000000" />
  <attribute name="DerivativeT" value="15.000000" />
  <attribute name="DerivativeI" value="15.000000" />
  <attribute name="DerivativeH" value="15.000000" />
  <attribute name="Loop Time for DT" value="1.000000" />
  <attribute name="Output H" value="8388608"/>
  <attribute name="Output I" value="200"/>
  <attribute name="Output T" value="4"/>
  <attribute name="Target GC Util Change" value ="20.000000" />
  <attribute name="Current GC Util Change" value="35.000000"/>
  <attribute name="GC Util currently" value="35" />
  <attribute name="CPU Util currently" value="6863557436978" />
<exclusive-end id="476" timestamp="2019-06-17T07:05:53.690" durationms="4.689" />

<exclusive-start id="477" timestamp="2019-06-17T07:05:53.824" intervalms="138.845">
  <response-info timems="0.028" idlems="0.028" threads="0" lastid="0000000000D62500" lastname="Thread-4" />
</exclusive-start>
<allocation-taxation id="478" taxation-threshold="17825792" timestamp="2019-06-17T07:05:53.824" intervalms="138.840" />
<cycle-start id="479" type="partial gc" contextid="0" timestamp="2019-06-17T07:05:53.824" intervalms="138.843" />
<gc-start id="480" type="partial gc" contextid="479" timestamp="2019-06-17T07:05:53.824">
  <mem-info id="481" free="0" total="50331648" percent="0">
    <mem type="eden" free="0" total="17825792" percent="0" />
    <remembered-set count="5920" freebytes="1985408" totalbytes="2009088" percent="98" regionsoverflowed="0" regionsstable="0" regionsrebuilding="0"/>
  </mem-info>
</gc-start>
<allocation-stats totalBytes="17808472" >
  <allocated-bytes non-tlh="0" tlh="17808472" arrayletleaf="0"/>
  <largest-consumer threadName="Thread-4" threadId="0000000000D62500" bytes="5736680" />
</allocation-stats>
<gc-op id="482" type="mark" timems="1.035" contextid="479" timestamp="2019-06-17T07:05:53.826">
  <trace-info objectcount="2264" scancount="1888" scanbytes="413432" />
  <cardclean-info objects="1164" bytes="58624" />
  <remembered-set-cleared processed="3535" cleared="549" durationms="0.151" />
  <references type="phantom" candidates="1" cleared="0" enqueued="0" />
  <stringconstants candidates="3963" cleared="0"  />
  <warning details="Mark invoked due to insufficient free space for Copy-Forward" />
</gc-op>
<gc-op id="483" type="classunload" timems="0.001" contextid="479" timestamp="2019-06-17T07:05:53.826">
  <classunload-info classloadercandidates="20" classloadersunloaded="0" classesunloaded="0" anonymousclassesunloaded="0" quiescems="0.000" setupms="0.001" scanms="0.000" postms="0.000" />
</gc-op>
<gc-op id="484" type="sweep" timems="0.553" contextid="479" timestamp="2019-06-17T07:05:53.827" />
<gc-op id="485" type="compact" timems="1.367" contextid="479" timestamp="2019-06-17T07:05:53.828">
  <compact-info movecount="2260" movebytes="933696" />
  <remembered-set-cleared processed="7330" cleared="1154" durationms="0.151" />
</gc-op>
<gc-end id="486" type="partial gc" contextid="479" durationms="4.246" usertimems="4.000" systemtimems="0.000" timestamp="2019-06-17T07:05:53.828" activeThreads="4">
  <mem-info id="487" free="17825792" total="50331648" percent="35">
    <mem type="eden" free="114880" total="1048576" percent="10" />
    <remembered-set count="6336" freebytes="1983744" totalbytes="2009088" percent="98" regionsoverflowed="0" regionsstable="0" regionsrebuilding="0"/>
  </mem-info>
</gc-end>
<cycle-end id="488" type="partial gc" contextid="479" timestamp="2019-06-17T07:05:53.829" />
  <attribute name="elasticGC enabled" value="1" />
  <attribute name= "numThreadsSpecified" value="4" />
  <attribute name="heapSize specified" value="0" />
  <attribute name="Current GC Util" value="32" />
  <attribute name= "Current Time Running" value="4204" />
  <attribute name ="GC Interval" value="0" />
  <attribute name="ProportionalT" value="12.000000" />
  <attribute name="ProportionalI" value="12.000000" />
  <attribute name="ProportionalH" value="12.000000" />
  <attribute name="Current Error" value="12.000000" />
  <attribute name="IntegralT" value="12.000000" />
  <attribute name="IntegralI" value="12.000000" />
  <attribute name="IntegralH" value="12.000000" />
  <attribute name="DerivativeT" value="12.000000" />
  <attribute name="DerivativeI" value="12.000000" />
  <attribute name="DerivativeH" value="12.000000" />
  <attribute name="Loop Time for DT" value="1.000000" />
  <attribute name="Output H" value="8388608"/>
  <attribute name="Output I" value="200"/>
  <attribute name="Output T" value="4"/>
  <attribute name="Target GC Util Change" value ="20.000000" />
  <attribute name="Current GC Util Change" value="32.000000"/>
  <attribute name="GC Util currently" value="32" />
  <attribute name="CPU Util currently" value="5546418352273" />
<exclusive-end id="489" timestamp="2019-06-17T07:05:53.829" durationms="4.897" />

<exclusive-start id="490" timestamp="2019-06-17T07:05:53.971" intervalms="147.209">
  <response-info timems="0.934" idlems="0.477" threads="1" lastid="0000000000D66100" lastname="Thread-5" />
</exclusive-start>
<allocation-taxation id="491" taxation-threshold="17825792" timestamp="2019-06-17T07:05:53.971" intervalms="147.199" />
<cycle-start id="492" type="partial gc" contextid="0" timestamp="2019-06-17T07:05:53.971" intervalms="147.197" />
<gc-start id="493" type="partial gc" contextid="492" timestamp="2019-06-17T07:05:53.971">
  <mem-info id="494" free="0" total="50331648" percent="0">
    <mem type="eden" free="0" total="17825792" percent="0" />
    <remembered-set count="6080" freebytes="1984768" totalbytes="2009088" percent="98" regionsoverflowed="0" regionsstable="0" regionsrebuilding="0"/>
  </mem-info>
</gc-start>
<allocation-stats totalBytes="17792488" >
  <allocated-bytes non-tlh="0" tlh="17792488" arrayletleaf="0"/>
  <largest-consumer threadName="Thread-5" threadId="0000000000D66100" bytes="5616432" />
</allocation-stats>
<gc-op id="495" type="mark" timems="0.992" contextid="492" timestamp="2019-06-17T07:05:53.973">
  <trace-info objectcount="2045" scancount="1632" scanbytes="334188" />
  <cardclean-info objects="1169" bytes="58936" />
  <remembered-set-cleared processed="3671" cleared="648" durationms="0.151" />
  <references type="weak" candidates="1" cleared="0" enqueued="0" />
  <references type="phantom" candidates="1" cleared="0" enqueued="0" />
  <stringconstants candidates="3963" cleared="0"  />
  <warning details="Mark invoked due to insufficient free space for Copy-Forward" />
</gc-op>
<gc-op id="496" type="classunload" timems="0.002" contextid="492" timestamp="2019-06-17T07:05:53.973">
  <classunload-info classloadercandidates="20" classloadersunloaded="0" classesunloaded="0" anonymousclassesunloaded="0" quiescems="0.000" setupms="0.002" scanms="0.000" postms="0.000" />
</gc-op>
<gc-op id="497" type="sweep" timems="0.520" contextid="492" timestamp="2019-06-17T07:05:53.974" />
<gc-op id="498" type="compact" timems="1.080" contextid="492" timestamp="2019-06-17T07:05:53.975">
  <compact-info movecount="2045" movebytes="824344" />
  <remembered-set-cleared processed="7487" cleared="1241" durationms="0.151" />
</gc-op>
<gc-end id="499" type="partial gc" contextid="492" durationms="3.712" usertimems="4.000" systemtimems="0.000" timestamp="2019-06-17T07:05:53.975" activeThreads="4">
  <mem-info id="500" free="16777216" total="50331648" percent="33">
    <mem type="eden" free="224376" total="1048576" percent="21" />
    <remembered-set count="6400" freebytes="1983488" totalbytes="2009088" percent="98" regionsoverflowed="0" regionsstable="0" regionsrebuilding="0"/>
  </mem-info>
</gc-end>
<cycle-end id="501" type="partial gc" contextid="492" timestamp="2019-06-17T07:05:53.975" />
  <attribute name="elasticGC enabled" value="1" />
  <attribute name= "numThreadsSpecified" value="4" />
  <attribute name="heapSize specified" value="0" />
  <attribute name="Current GC Util" value="37" />
  <attribute name= "Current Time Running" value="4351" />
  <attribute name ="GC Interval" value="0" />
  <attribute name="ProportionalT" value="17.000000" />
  <attribute name="ProportionalI" value="17.000000" />
  <attribute name="ProportionalH" value="17.000000" />
  <attribute name="Current Error" value="17.000000" />
  <attribute name="IntegralT" value="17.000000" />
  <attribute name="IntegralI" value="17.000000" />
  <attribute name="IntegralH" value="17.000000" />
  <attribute name="DerivativeT" value="17.000000" />
  <attribute name="DerivativeI" value="17.000000" />
  <attribute name="DerivativeH" value="17.000000" />
  <attribute name="Loop Time for DT" value="1.000000" />
  <attribute name="Output H" value="8388608"/>
  <attribute name="Output I" value="200"/>
  <attribute name="Output T" value="4"/>
  <attribute name="Target GC Util Change" value ="20.000000" />
  <attribute name="Current GC Util Change" value="37.000000"/>
  <attribute name="GC Util currently" value="37" />
  <attribute name="CPU Util currently" value="6152228685377" />
<exclusive-end id="502" timestamp="2019-06-17T07:05:53.975" durationms="4.410" />

<exclusive-start id="503" timestamp="2019-06-17T07:05:54.107" intervalms="136.293">
  <response-info timems="0.032" idlems="0.032" threads="0" lastid="0000000000D62500" lastname="Thread-4" />
</exclusive-start>
<allocation-taxation id="504" taxation-threshold="16777216" timestamp="2019-06-17T07:05:54.107" intervalms="136.312" />
<cycle-start id="505" type="partial gc" contextid="0" timestamp="2019-06-17T07:05:54.107" intervalms="136.315" />
<gc-start id="506" type="partial gc" contextid="505" timestamp="2019-06-17T07:05:54.108">
  <mem-info id="507" free="0" total="50331648" percent="0">
    <mem type="eden" free="0" total="16777216" percent="0" />
    <remembered-set count="6048" freebytes="1984896" totalbytes="2009088" percent="98" regionsoverflowed="0" regionsstable="0" regionsrebuilding="0"/>
  </mem-info>
</gc-start>
<allocation-stats totalBytes="16686720" >
  <allocated-bytes non-tlh="0" tlh="16686720" arrayletleaf="0"/>
  <largest-consumer threadName="Thread-4" threadId="0000000000D62500" bytes="6504616" />
</allocation-stats>
<gc-op id="508" type="mark" timems="1.028" contextid="505" timestamp="2019-06-17T07:05:54.109">
  <trace-info objectcount="2270" scancount="1873" scanbytes="409764" />
  <cardclean-info objects="1171" bytes="58920" />
  <remembered-set-cleared processed="3682" cleared="624" durationms="0.141" />
  <references type="phantom" candidates="1" cleared="0" enqueued="0" />
  <stringconstants candidates="3963" cleared="0"  />
  <warning details="Mark invoked due to insufficient free space for Copy-Forward" />
</gc-op>
<gc-op id="509" type="classunload" timems="0.002" contextid="505" timestamp="2019-06-17T07:05:54.109">
  <classunload-info classloadercandidates="20" classloadersunloaded="0" classesunloaded="0" anonymousclassesunloaded="0" quiescems="0.000" setupms="0.002" scanms="0.000" postms="0.000" />
</gc-op>
<gc-op id="510" type="sweep" timems="0.580" contextid="505" timestamp="2019-06-17T07:05:54.110" />
<gc-op id="511" type="compact" timems="1.232" contextid="505" timestamp="2019-06-17T07:05:54.112">
  <compact-info movecount="2266" movebytes="885176" />
  <remembered-set-cleared processed="7520" cleared="1195" durationms="0.141" />
</gc-op>
<heap-resize id="512" type="expand" space="default" amount="1048576" count="1" timems="0.060" reason="insufficient free space following gc" timestamp="2019-06-17T07:05:54.112" />
<gc-end id="513" type="partial gc" contextid="505" durationms="4.273" usertimems="0.000" systemtimems="4.000" timestamp="2019-06-17T07:05:54.112" activeThreads="4">
  <mem-info id="514" free="17825792" total="51380224" percent="34">
    <mem type="eden" free="163544" total="1048576" percent="15" />
    <remembered-set count="6496" freebytes="2024960" totalbytes="2050944" percent="98" regionsoverflowed="0" regionsstable="0" regionsrebuilding="0"/>
  </mem-info>
</gc-end>
<cycle-end id="515" type="partial gc" contextid="505" timestamp="2019-06-17T07:05:54.112" />
  <attribute name="elasticGC enabled" value="1" />
  <attribute name= "numThreadsSpecified" value="4" />
  <attribute name="heapSize specified" value="0" />
  <attribute name="Current GC Util" value="28" />
  <attribute name= "Current Time Running" value="4488" />
  <attribute name ="GC Interval" value="0" />
  <attribute name="ProportionalT" value="8.000000" />
  <attribute name="ProportionalI" value="8.000000" />
  <attribute name="ProportionalH" value="8.000000" />
  <attribute name="Current Error" value="8.000000" />
  <attribute name="IntegralT" value="8.000000" />
  <attribute name="IntegralI" value="8.000000" />
  <attribute name="IntegralH" value="8.000000" />
  <attribute name="DerivativeT" value="8.000000" />
  <attribute name="DerivativeI" value="8.000000" />
  <attribute name="DerivativeH" value="8.000000" />
  <attribute name="Loop Time for DT" value="1.000000" />
  <attribute name="Output H" value="8388608"/>
  <attribute name="Output I" value="200"/>
  <attribute name="Output T" value="4"/>
  <attribute name="Target GC Util Change" value ="20.000000" />
  <attribute name="Current GC Util Change" value="28.000000"/>
  <attribute name="GC Util currently" value="28" />
  <attribute name="CPU Util currently" value="5416209820201" />
<exclusive-end id="516" timestamp="2019-06-17T07:05:54.112" durationms="4.965" />

<exclusive-start id="517" timestamp="2019-06-17T07:05:54.252" intervalms="144.283">
  <response-info timems="0.041" idlems="0.041" threads="0" lastid="0000000000D62500" lastname="Thread-4" />
</exclusive-start>
<allocation-taxation id="518" taxation-threshold="17825792" timestamp="2019-06-17T07:05:54.252" intervalms="144.298" />
<cycle-start id="519" type="partial gc" contextid="0" timestamp="2019-06-17T07:05:54.252" intervalms="144.299" />
<gc-start id="520" type="partial gc" contextid="519" timestamp="2019-06-17T07:05:54.252">
  <mem-info id="521" free="0" total="51380224" percent="0">
    <mem type="eden" free="0" total="17825792" percent="0" />
    <remembered-set count="6080" freebytes="2026624" totalbytes="2050944" percent="98" regionsoverflowed="0" regionsstable="0" regionsrebuilding="0"/>
  </mem-info>
</gc-start>
<allocation-stats totalBytes="17794648" >
  <allocated-bytes non-tlh="65560" tlh="17729088" arrayletleaf="0"/>
  <largest-consumer threadName="Thread-4" threadId="0000000000D62500" bytes="5879536" />
</allocation-stats>
<gc-op id="522" type="mark" timems="1.028" contextid="519" timestamp="2019-06-17T07:05:54.253">
  <trace-info objectcount="2164" scancount="1705" scanbytes="369980" />
  <cardclean-info objects="1175" bytes="59072" />
  <remembered-set-cleared processed="3701" cleared="606" durationms="0.154" />
  <stringconstants candidates="3963" cleared="0"  />
  <warning details="Mark invoked due to insufficient free space for Copy-Forward" />
</gc-op>
<gc-op id="523" type="classunload" timems="0.002" contextid="519" timestamp="2019-06-17T07:05:54.254">
  <classunload-info classloadercandidates="20" classloadersunloaded="0" classesunloaded="0" anonymousclassesunloaded="0" quiescems="0.000" setupms="0.002" scanms="0.000" postms="0.000" />
</gc-op>
<gc-op id="524" type="sweep" timems="0.553" contextid="519" timestamp="2019-06-17T07:05:54.254" />
<gc-op id="525" type="compact" timems="1.267" contextid="519" timestamp="2019-06-17T07:05:54.256">
  <compact-info movecount="2164" movebytes="908776" />
  <remembered-set-cleared processed="7577" cleared="1176" durationms="0.154" />
</gc-op>
<heap-resize id="526" type="expand" space="default" amount="2097152" count="1" timems="0.061" reason="insufficient free space following gc" timestamp="2019-06-17T07:05:54.256" />
<gc-end id="527" type="partial gc" contextid="519" durationms="4.341" usertimems="4.000" systemtimems="0.000" timestamp="2019-06-17T07:05:54.256" activeThreads="4">
  <mem-info id="528" free="18874368" total="53477376" percent="35">
    <mem type="eden" free="140056" total="1048576" percent="13" />
    <remembered-set count="6560" freebytes="2108416" totalbytes="2134656" percent="98" regionsoverflowed="0" regionsstable="0" regionsrebuilding="0"/>
  </mem-info>
</gc-end>
<cycle-end id="529" type="partial gc" contextid="519" timestamp="2019-06-17T07:05:54.256" />
  <attribute name="elasticGC enabled" value="1" />
  <attribute name= "numThreadsSpecified" value="4" />
  <attribute name="heapSize specified" value="0" />
  <attribute name="Current GC Util" value="36" />
  <attribute name= "Current Time Running" value="4632" />
  <attribute name ="GC Interval" value="0" />
  <attribute name="ProportionalT" value="16.000000" />
  <attribute name="ProportionalI" value="16.000000" />
  <attribute name="ProportionalH" value="16.000000" />
  <attribute name="Current Error" value="16.000000" />
  <attribute name="IntegralT" value="16.000000" />
  <attribute name="IntegralI" value="16.000000" />
  <attribute name="IntegralH" value="16.000000" />
  <attribute name="DerivativeT" value="16.000000" />
  <attribute name="DerivativeI" value="16.000000" />
  <attribute name="DerivativeH" value="16.000000" />
  <attribute name="Loop Time for DT" value="1.000000" />
  <attribute name="Output H" value="8388608"/>
  <attribute name="Output I" value="200"/>
  <attribute name="Output T" value="4"/>
  <attribute name="Target GC Util Change" value ="20.000000" />
  <attribute name="Current GC Util Change" value="36.000000"/>
  <attribute name="GC Util currently" value="36" />
  <attribute name="CPU Util currently" value="5529566385537" />
<exclusive-end id="530" timestamp="2019-06-17T07:05:54.257" durationms="5.116" />

<exclusive-start id="531" timestamp="2019-06-17T07:05:54.402" intervalms="150.095">
  <response-info timems="0.048" idlems="0.048" threads="0" lastid="0000000000D69D00" lastname="Thread-6" />
</exclusive-start>
<allocation-taxation id="532" taxation-threshold="18874368" timestamp="2019-06-17T07:05:54.402" intervalms="150.058" />
<cycle-start id="533" type="partial gc" contextid="0" timestamp="2019-06-17T07:05:54.402" intervalms="150.053" />
<gc-start id="534" type="partial gc" contextid="533" timestamp="2019-06-17T07:05:54.402">
  <mem-info id="535" free="0" total="53477376" percent="0">
    <mem type="eden" free="0" total="18874368" percent="0" />
    <remembered-set count="6176" freebytes="2109952" totalbytes="2134656" percent="98" regionsoverflowed="0" regionsstable="0" regionsrebuilding="0"/>
  </mem-info>
</gc-start>
<allocation-stats totalBytes="18828512" >
  <allocated-bytes non-tlh="16392" tlh="18812120" arrayletleaf="0"/>
  <largest-consumer threadName="Thread-3" threadId="0000000000D5E900" bytes="5865232" />
</allocation-stats>
<gc-op id="536" type="mark" timems="1.078" contextid="533" timestamp="2019-06-17T07:05:54.404">
  <trace-info objectcount="2539" scancount="2039" scanbytes="417496" />
  <cardclean-info objects="1168" bytes="58640" />
  <remembered-set-cleared processed="3770" cleared="634" durationms="0.178" />
  <stringconstants candidates="3963" cleared="0"  />
  <warning details="Mark invoked due to insufficient free space for Copy-Forward" />
</gc-op>
<gc-op id="537" type="classunload" timems="0.001" contextid="533" timestamp="2019-06-17T07:05:54.404">
  <classunload-info classloadercandidates="20" classloadersunloaded="0" classesunloaded="0" anonymousclassesunloaded="0" quiescems="0.000" setupms="0.001" scanms="0.000" postms="0.000" />
</gc-op>
<gc-op id="538" type="sweep" timems="0.430" contextid="533" timestamp="2019-06-17T07:05:54.404" />
<gc-op id="539" type="compact" timems="1.041" contextid="533" timestamp="2019-06-17T07:05:54.405">
  <compact-info movecount="2539" movebytes="1011640" />
  <remembered-set-cleared processed="7761" cleared="1285" durationms="0.178" />
</gc-op>
<heap-resize id="540" type="expand" space="default" amount="1048576" count="1" timems="0.055" reason="insufficient free space following gc" timestamp="2019-06-17T07:05:54.406" />
<gc-end id="541" type="partial gc" contextid="533" durationms="3.733" usertimems="0.000" systemtimems="4.000" timestamp="2019-06-17T07:05:54.406" activeThreads="4">
  <mem-info id="542" free="18874368" total="54525952" percent="34">
    <mem type="eden" free="37224" total="1048576" percent="3" />
    <remembered-set count="6528" freebytes="2150400" totalbytes="2176512" percent="98" regionsoverflowed="0" regionsstable="0" regionsrebuilding="0"/>
  </mem-info>
</gc-end>
<cycle-end id="543" type="partial gc" contextid="533" timestamp="2019-06-17T07:05:54.406" />
  <attribute name="elasticGC enabled" value="1" />
  <attribute name= "numThreadsSpecified" value="4" />
  <attribute name="heapSize specified" value="0" />
  <attribute name="Current GC Util" value="36" />
  <attribute name= "Current Time Running" value="4782" />
  <attribute name ="GC Interval" value="0" />
  <attribute name="ProportionalT" value="16.000000" />
  <attribute name="ProportionalI" value="16.000000" />
  <attribute name="ProportionalH" value="16.000000" />
  <attribute name="Current Error" value="16.000000" />
  <attribute name="IntegralT" value="16.000000" />
  <attribute name="IntegralI" value="16.000000" />
  <attribute name="IntegralH" value="16.000000" />
  <attribute name="DerivativeT" value="16.000000" />
  <attribute name="DerivativeI" value="16.000000" />
  <attribute name="DerivativeH" value="16.000000" />
  <attribute name="Loop Time for DT" value="1.000000" />
  <attribute name="Output H" value="8388608"/>
  <attribute name="Output I" value="200"/>
  <attribute name="Output T" value="4"/>
  <attribute name="Target GC Util Change" value ="20.000000" />
  <attribute name="Current GC Util Change" value="36.000000"/>
  <attribute name="GC Util currently" value="36" />
  <attribute name="CPU Util currently" value="7476647687184" />
<exclusive-end id="544" timestamp="2019-06-17T07:05:54.406" durationms="4.382" />

<exclusive-start id="545" timestamp="2019-06-17T07:05:54.551" intervalms="149.636">
  <response-info timems="0.038" idlems="0.020" threads="1" lastid="0000000000D69D00" lastname="Thread-6" />
</exclusive-start>
<allocation-taxation id="546" taxation-threshold="18874368" timestamp="2019-06-17T07:05:54.551" intervalms="149.652" />
<cycle-start id="547" type="partial gc" contextid="0" timestamp="2019-06-17T07:05:54.551" intervalms="149.660" />
<gc-start id="548" type="partial gc" contextid="547" timestamp="2019-06-17T07:05:54.552">
  <mem-info id="549" free="0" total="54525952" percent="0">
    <mem type="eden" free="0" total="18874368" percent="0" />
    <remembered-set count="6112" freebytes="2152064" totalbytes="2176512" percent="98" regionsoverflowed="0" regionsstable="0" regionsrebuilding="0"/>
  </mem-info>
</gc-start>
<allocation-stats totalBytes="18828016" >
  <allocated-bytes non-tlh="73760" tlh="18754256" arrayletleaf="0"/>
  <largest-consumer threadName="Thread-4" threadId="0000000000D62500" bytes="7585528" />
</allocation-stats>
<gc-op id="550" type="mark" timems="1.049" contextid="547" timestamp="2019-06-17T07:05:54.553">
  <trace-info objectcount="2656" scancount="2117" scanbytes="420232" />
  <cardclean-info objects="1178" bytes="59216" />
  <remembered-set-cleared processed="3867" cleared="697" durationms="0.151" />
  <stringconstants candidates="3963" cleared="0"  />
  <warning details="Mark invoked due to insufficient free space for Copy-Forward" />
</gc-op>
<gc-op id="551" type="classunload" timems="0.002" contextid="547" timestamp="2019-06-17T07:05:54.553">
  <classunload-info classloadercandidates="20" classloadersunloaded="0" classesunloaded="0" anonymousclassesunloaded="0" quiescems="0.000" setupms="0.001" scanms="0.000" postms="0.000" />
</gc-op>
<gc-op id="552" type="sweep" timems="0.459" contextid="547" timestamp="2019-06-17T07:05:54.554" />
<gc-op id="553" type="compact" timems="1.124" contextid="547" timestamp="2019-06-17T07:05:54.555">
  <compact-info movecount="2648" movebytes="1022448" />
  <remembered-set-cleared processed="7948" cleared="1404" durationms="0.151" />
</gc-op>
<gc-end id="554" type="partial gc" contextid="547" durationms="3.891" usertimems="4.000" systemtimems="4.000" timestamp="2019-06-17T07:05:54.556" activeThreads="4">
  <mem-info id="555" free="17825792" total="54525952" percent="32">
    <mem type="eden" free="26232" total="1048576" percent="2" />
    <remembered-set count="6496" freebytes="2150528" totalbytes="2176512" percent="98" regionsoverflowed="0" regionsstable="0" regionsrebuilding="0"/>
  </mem-info>
</gc-end>
<cycle-end id="556" type="partial gc" contextid="547" timestamp="2019-06-17T07:05:54.556" />
  <attribute name="elasticGC enabled" value="1" />
  <attribute name= "numThreadsSpecified" value="4" />
  <attribute name="heapSize specified" value="0" />
  <attribute name="Current GC Util" value="37" />
  <attribute name= "Current Time Running" value="4932" />
  <attribute name ="GC Interval" value="0" />
  <attribute name="ProportionalT" value="17.000000" />
  <attribute name="ProportionalI" value="17.000000" />
  <attribute name="ProportionalH" value="17.000000" />
  <attribute name="Current Error" value="17.000000" />
  <attribute name="IntegralT" value="17.000000" />
  <attribute name="IntegralI" value="17.000000" />
  <attribute name="IntegralH" value="17.000000" />
  <attribute name="DerivativeT" value="17.000000" />
  <attribute name="DerivativeI" value="17.000000" />
  <attribute name="DerivativeH" value="17.000000" />
  <attribute name="Loop Time for DT" value="1.000000" />
  <attribute name="Output H" value="8388608"/>
  <attribute name="Output I" value="200"/>
  <attribute name="Output T" value="4"/>
  <attribute name="Target GC Util Change" value ="20.000000" />
  <attribute name="Current GC Util Change" value="37.000000"/>
  <attribute name="GC Util currently" value="37" />
  <attribute name="CPU Util currently" value="6348581814574" />
<exclusive-end id="557" timestamp="2019-06-17T07:05:54.556" durationms="4.563" />

<exclusive-start id="558" timestamp="2019-06-17T07:05:54.695" intervalms="143.716">
  <response-info timems="0.037" idlems="0.037" threads="0" lastid="0000000000D62500" lastname="Thread-4" />
</exclusive-start>
<allocation-taxation id="559" taxation-threshold="17825792" timestamp="2019-06-17T07:05:54.695" intervalms="143.719" />
<cycle-start id="560" type="partial gc" contextid="0" timestamp="2019-06-17T07:05:54.695" intervalms="143.721" />
<gc-start id="561" type="partial gc" contextid="560" timestamp="2019-06-17T07:05:54.695">
  <mem-info id="562" free="0" total="54525952" percent="0">
    <mem type="eden" free="0" total="17825792" percent="0" />
    <remembered-set count="6176" freebytes="2151808" totalbytes="2176512" percent="98" regionsoverflowed="0" regionsstable="0" regionsrebuilding="0"/>
  </mem-info>
</gc-start>
<allocation-stats totalBytes="17791288" >
  <allocated-bytes non-tlh="32784" tlh="17758504" arrayletleaf="0"/>
  <largest-consumer threadName="Thread-4" threadId="0000000000D62500" bytes="6572472" />
</allocation-stats>
<gc-op id="563" type="mark" timems="1.097" contextid="560" timestamp="2019-06-17T07:05:54.697">
  <trace-info objectcount="2113" scancount="1669" scanbytes="401408" />
  <cardclean-info objects="1173" bytes="58976" />
  <remembered-set-cleared processed="3917" cleared="706" durationms="0.162" />
  <references type="phantom" candidates="2" cleared="0" enqueued="0" />
  <stringconstants candidates="3963" cleared="0"  />
  <warning details="Mark invoked due to insufficient free space for Copy-Forward" />
</gc-op>
<gc-op id="564" type="classunload" timems="0.002" contextid="560" timestamp="2019-06-17T07:05:54.697">
  <classunload-info classloadercandidates="20" classloadersunloaded="0" classesunloaded="0" anonymousclassesunloaded="0" quiescems="0.000" setupms="0.002" scanms="0.000" postms="0.000" />
</gc-op>
<gc-op id="565" type="sweep" timems="0.638" contextid="560" timestamp="2019-06-17T07:05:54.698" />
<gc-op id="566" type="compact" timems="1.284" contextid="560" timestamp="2019-06-17T07:05:54.699">
  <compact-info movecount="2109" movebytes="951104" />
  <remembered-set-cleared processed="7900" cleared="1272" durationms="0.162" />
</gc-op>
<heap-resize id="567" type="expand" space="default" amount="3145728" count="1" timems="0.068" reason="insufficient free space following gc" timestamp="2019-06-17T07:05:54.700" />
<gc-end id="568" type="partial gc" contextid="560" durationms="4.474" usertimems="0.000" systemtimems="4.000" timestamp="2019-06-17T07:05:54.700" activeThreads="1">
  <mem-info id="569" free="19922944" total="57671680" percent="34">
    <mem type="eden" free="97576" total="1048576" percent="9" />
    <remembered-set count="6688" freebytes="2275328" totalbytes="2302080" percent="98" regionsoverflowed="0" regionsstable="0" regionsrebuilding="0"/>
  </mem-info>
</gc-end>
<cycle-end id="570" type="partial gc" contextid="560" timestamp="2019-06-17T07:05:54.700" />
  <attribute name="elasticGC enabled" value="1" />
  <attribute name= "numThreadsSpecified" value="1" />
  <attribute name="heapSize specified" value="0" />
  <attribute name="Current GC Util" value="33" />
  <attribute name= "Current Time Running" value="5075" />
  <attribute name ="GC Interval" value="0" />
  <attribute name="ProportionalT" value="13.000000" />
  <attribute name="ProportionalI" value="13.000000" />
  <attribute name="ProportionalH" value="13.000000" />
  <attribute name="Current Error" value="13.000000" />
  <attribute name="IntegralT" value="0.000000" />
  <attribute name="IntegralI" value="0.000000" />
  <attribute name="IntegralH" value="0.000000" />
  <attribute name="DerivativeT" value="inf" />
  <attribute name="DerivativeI" value="inf" />
  <attribute name="DerivativeH" value="inf" />
  <attribute name="Loop Time for DT" value="0.000000" />
  <attribute name="Output H" value="8388608"/>
  <attribute name="Output I" value="200"/>
  <attribute name="Output T" value="1"/>
  <attribute name="Target GC Util Change" value ="20.000000" />
  <attribute name="Current GC Util Change" value="33.000000"/>
  <attribute name="GC Util currently" value="33" />
  <attribute name="CPU Util currently" value="5225582182121" />
<exclusive-end id="571" timestamp="2019-06-17T07:05:54.700" durationms="5.326" />

<exclusive-start id="572" timestamp="2019-06-17T07:05:54.853" intervalms="157.516">
  <response-info timems="0.030" idlems="0.030" threads="0" lastid="0000000000D62500" lastname="Thread-4" />
</exclusive-start>
<allocation-taxation id="573" taxation-threshold="19922944" timestamp="2019-06-17T07:05:54.853" intervalms="157.517" />
<cycle-start id="574" type="partial gc" contextid="0" timestamp="2019-06-17T07:05:54.853" intervalms="157.516" />
<gc-start id="575" type="partial gc" contextid="574" timestamp="2019-06-17T07:05:54.853">
  <mem-info id="576" free="0" total="57671680" percent="0">
    <mem type="eden" free="0" total="19922944" percent="0" />
    <remembered-set count="6208" freebytes="2277248" totalbytes="2302080" percent="98" regionsoverflowed="0" regionsstable="0" regionsrebuilding="0"/>
  </mem-info>
</gc-start>
<allocation-stats totalBytes="19859528" >
  <allocated-bytes non-tlh="16392" tlh="19843136" arrayletleaf="0"/>
  <largest-consumer threadName="Thread-4" threadId="0000000000D62500" bytes="6313848" />
</allocation-stats>
<gc-op id="577" type="mark" timems="1.091" contextid="574" timestamp="2019-06-17T07:05:54.855">
  <trace-info objectcount="2204" scancount="1821" scanbytes="407164" />
  <cardclean-info objects="1173" bytes="58976" />
  <remembered-set-cleared processed="3880" cleared="630" durationms="0.182" />
  <references type="phantom" candidates="2" cleared="0" enqueued="0" />
  <stringconstants candidates="3963" cleared="0"  />
  <warning details="Mark invoked due to insufficient free space for Copy-Forward" />
</gc-op>
<gc-op id="578" type="classunload" timems="0.002" contextid="574" timestamp="2019-06-17T07:05:54.855">
  <classunload-info classloadercandidates="20" classloadersunloaded="0" classesunloaded="0" anonymousclassesunloaded="0" quiescems="0.000" setupms="0.002" scanms="0.000" postms="0.000" />
</gc-op>
<gc-op id="579" type="sweep" timems="0.583" contextid="574" timestamp="2019-06-17T07:05:54.855" />
<gc-op id="580" type="compact" timems="1.147" contextid="574" timestamp="2019-06-17T07:05:54.857">
  <compact-info movecount="2204" movebytes="917904" />
  <remembered-set-cleared processed="7906" cleared="1200" durationms="0.182" />
</gc-op>
<heap-resize id="581" type="expand" space="default" amount="1048576" count="1" timems="0.064" reason="insufficient free space following gc" timestamp="2019-06-17T07:05:54.857" />
<gc-end id="582" type="partial gc" contextid="574" durationms="4.388" usertimems="4.000" systemtimems="4.000" timestamp="2019-06-17T07:05:54.857" activeThreads="4">
  <mem-info id="583" free="19922944" total="58720256" percent="33">
    <mem type="eden" free="130816" total="1048576" percent="12" />
    <remembered-set count="6720" freebytes="2317056" totalbytes="2343936" percent="98" regionsoverflowed="0" regionsstable="0" regionsrebuilding="0"/>
  </mem-info>
</gc-end>
<cycle-end id="584" type="partial gc" contextid="574" timestamp="2019-06-17T07:05:54.858" />
  <attribute name="elasticGC enabled" value="1" />
  <attribute name= "numThreadsSpecified" value="4" />
  <attribute name="heapSize specified" value="0" />
  <attribute name="Current GC Util" value="34" />
  <attribute name= "Current Time Running" value="5233" />
  <attribute name ="GC Interval" value="0" />
  <attribute name="ProportionalT" value="14.000000" />
  <attribute name="ProportionalI" value="14.000000" />
  <attribute name="ProportionalH" value="14.000000" />
  <attribute name="Current Error" value="14.000000" />
  <attribute name="IntegralT" value="14.000000" />
  <attribute name="IntegralI" value="14.000000" />
  <attribute name="IntegralH" value="14.000000" />
  <attribute name="DerivativeT" value="14.000000" />
  <attribute name="DerivativeI" value="14.000000" />
  <attribute name="DerivativeH" value="14.000000" />
  <attribute name="Loop Time for DT" value="1.000000" />
  <attribute name="Output H" value="8388608"/>
  <attribute name="Output I" value="200"/>
  <attribute name="Output T" value="4"/>
  <attribute name="Target GC Util Change" value ="20.000000" />
  <attribute name="Current GC Util Change" value="34.000000"/>
  <attribute name="GC Util currently" value="34" />
  <attribute name="CPU Util currently" value="5178295058086" />
<exclusive-end id="585" timestamp="2019-06-17T07:05:54.858" durationms="5.288" />

<exclusive-start id="586" timestamp="2019-06-17T07:05:55.016" intervalms="163.506">
  <response-info timems="0.035" idlems="0.035" threads="0" lastid="0000000000D5E900" lastname="Thread-3" />
</exclusive-start>
<allocation-taxation id="587" taxation-threshold="19922944" timestamp="2019-06-17T07:05:55.016" intervalms="163.499" />
<cycle-start id="588" type="partial gc" contextid="0" timestamp="2019-06-17T07:05:55.016" intervalms="163.490" />
<gc-start id="589" type="partial gc" contextid="588" timestamp="2019-06-17T07:05:55.016">
  <mem-info id="590" free="0" total="58720256" percent="0">
    <mem type="eden" free="0" total="19922944" percent="0" />
    <remembered-set count="6400" freebytes="2318336" totalbytes="2343936" percent="98" regionsoverflowed="0" regionsstable="0" regionsrebuilding="0"/>
  </mem-info>
</gc-start>
<allocation-stats totalBytes="19907344" >
  <allocated-bytes non-tlh="0" tlh="19907344" arrayletleaf="0"/>
  <largest-consumer threadName="Thread-4" threadId="0000000000D62500" bytes="7753192" />
</allocation-stats>
<gc-op id="591" type="mark" timems="1.040" contextid="588" timestamp="2019-06-17T07:05:55.018">
  <trace-info objectcount="2547" scancount="2062" scanbytes="419700" />
  <cardclean-info objects="1176" bytes="59080" />
  <remembered-set-cleared processed="3923" cleared="636" durationms="0.173" />
  <stringconstants candidates="3963" cleared="0"  />
  <warning details="Mark invoked due to insufficient free space for Copy-Forward" />
</gc-op>
<gc-op id="592" type="classunload" timems="0.002" contextid="588" timestamp="2019-06-17T07:05:55.018">
  <classunload-info classloadercandidates="20" classloadersunloaded="0" classesunloaded="0" anonymousclassesunloaded="0" quiescems="0.000" setupms="0.002" scanms="0.000" postms="0.000" />
</gc-op>
<gc-op id="593" type="sweep" timems="0.578" contextid="588" timestamp="2019-06-17T07:05:55.019" />
<gc-op id="594" type="compact" timems="1.438" contextid="588" timestamp="2019-06-17T07:05:55.020">
  <compact-info movecount="2547" movebytes="1018712" />
  <remembered-set-cleared processed="8121" cleared="1342" durationms="0.173" />
</gc-op>
<gc-end id="595" type="partial gc" contextid="588" durationms="4.226" usertimems="4.000" systemtimems="0.000" timestamp="2019-06-17T07:05:55.021" activeThreads="1">
  <mem-info id="596" free="18874368" total="58720256" percent="32">
    <mem type="eden" free="30008" total="1048576" percent="2" />
    <remembered-set count="6848" freebytes="2316544" totalbytes="2343936" percent="98" regionsoverflowed="0" regionsstable="0" regionsrebuilding="0"/>
  </mem-info>
</gc-end>
<cycle-end id="597" type="partial gc" contextid="588" timestamp="2019-06-17T07:05:55.021" />
  <attribute name="elasticGC enabled" value="1" />
  <attribute name= "numThreadsSpecified" value="1" />
  <attribute name="heapSize specified" value="0" />
  <attribute name="Current GC Util" value="40" />
  <attribute name= "Current Time Running" value="5396" />
  <attribute name ="GC Interval" value="0" />
  <attribute name="ProportionalT" value="20.000000" />
  <attribute name="ProportionalI" value="20.000000" />
  <attribute name="ProportionalH" value="20.000000" />
  <attribute name="Current Error" value="20.000000" />
  <attribute name="IntegralT" value="0.000000" />
  <attribute name="IntegralI" value="0.000000" />
  <attribute name="IntegralH" value="0.000000" />
  <attribute name="DerivativeT" value="inf" />
  <attribute name="DerivativeI" value="inf" />
  <attribute name="DerivativeH" value="inf" />
  <attribute name="Loop Time for DT" value="0.000000" />
  <attribute name="Output H" value="8388608"/>
  <attribute name="Output I" value="200"/>
  <attribute name="Output T" value="1"/>
  <attribute name="Target GC Util Change" value ="20.000000" />
  <attribute name="Current GC Util Change" value="40.000000"/>
  <attribute name="GC Util currently" value="40" />
  <attribute name="CPU Util currently" value="5732555365662" />
<exclusive-end id="598" timestamp="2019-06-17T07:05:55.021" durationms="4.912" />

<exclusive-start id="599" timestamp="2019-06-17T07:05:55.167" intervalms="150.443">
  <response-info timems="0.038" idlems="0.038" threads="0" lastid="0000000000D62500" lastname="Thread-4" />
</exclusive-start>
<allocation-taxation id="600" taxation-threshold="18874368" timestamp="2019-06-17T07:05:55.167" intervalms="150.452" />
<cycle-start id="601" type="partial gc" contextid="0" timestamp="2019-06-17T07:05:55.167" intervalms="150.464" />
<gc-start id="602" type="partial gc" contextid="601" timestamp="2019-06-17T07:05:55.167">
  <mem-info id="603" free="0" total="58720256" percent="0">
    <mem type="eden" free="0" total="18874368" percent="0" />
    <remembered-set count="6496" freebytes="2317952" totalbytes="2343936" percent="98" regionsoverflowed="0" regionsstable="0" regionsrebuilding="0"/>
  </mem-info>
</gc-start>
<allocation-stats totalBytes="18851424" >
  <allocated-bytes non-tlh="0" tlh="18851424" arrayletleaf="0"/>
  <largest-consumer threadName="Thread-3" threadId="0000000000D5E900" bytes="6380864" />
</allocation-stats>
<gc-op id="604" type="mark" timems="1.060" contextid="601" timestamp="2019-06-17T07:05:55.168">
  <trace-info objectcount="2556" scancount="2063" scanbytes="421224" />
  <cardclean-info objects="1179" bytes="59224" />
  <remembered-set-cleared processed="4021" cleared="699" durationms="0.164" />
  <stringconstants candidates="3963" cleared="0"  />
  <warning details="Mark invoked due to insufficient free space for Copy-Forward" />
</gc-op>
<gc-op id="605" type="classunload" timems="0.002" contextid="601" timestamp="2019-06-17T07:05:55.168">
  <classunload-info classloadercandidates="20" classloadersunloaded="0" classesunloaded="0" anonymousclassesunloaded="0" quiescems="0.000" setupms="0.002" scanms="0.000" postms="0.000" />
</gc-op>
<gc-op id="606" type="sweep" timems="0.381" contextid="601" timestamp="2019-06-17T07:05:55.169" />
<gc-op id="607" type="compact" timems="1.045" contextid="601" timestamp="2019-06-17T07:05:55.170">
  <compact-info movecount="2556" movebytes="1032760" />
  <remembered-set-cleared processed="8231" cleared="1377" durationms="0.164" />
</gc-op>
<heap-resize id="608" type="expand" space="default" amount="2097152" count="1" timems="0.067" reason="insufficient free space following gc" timestamp="2019-06-17T07:05:55.170" />
<gc-end id="609" type="partial gc" contextid="601" durationms="3.684" usertimems="4.000" systemtimems="4.000" timestamp="2019-06-17T07:05:55.171" activeThreads="4">
  <mem-info id="610" free="20971520" total="60817408" percent="34">
    <mem type="eden" free="15960" total="1048576" percent="1" />
    <remembered-set count="6688" freebytes="2400896" totalbytes="2427648" percent="98" regionsoverflowed="0" regionsstable="0" regionsrebuilding="0"/>
  </mem-info>
</gc-end>
<cycle-end id="611" type="partial gc" contextid="601" timestamp="2019-06-17T07:05:55.171" />
  <attribute name="elasticGC enabled" value="1" />
  <attribute name= "numThreadsSpecified" value="4" />
  <attribute name="heapSize specified" value="0" />
  <attribute name="Current GC Util" value="38" />
  <attribute name= "Current Time Running" value="5547" />
  <attribute name ="GC Interval" value="0" />
  <attribute name="ProportionalT" value="18.000000" />
  <attribute name="ProportionalI" value="18.000000" />
  <attribute name="ProportionalH" value="18.000000" />
  <attribute name="Current Error" value="18.000000" />
  <attribute name="IntegralT" value="18.000000" />
  <attribute name="IntegralI" value="18.000000" />
  <attribute name="IntegralH" value="18.000000" />
  <attribute name="DerivativeT" value="18.000000" />
  <attribute name="DerivativeI" value="18.000000" />
  <attribute name="DerivativeH" value="18.000000" />
  <attribute name="Loop Time for DT" value="1.000000" />
  <attribute name="Output H" value="8388608"/>
  <attribute name="Output I" value="200"/>
  <attribute name="Output T" value="4"/>
  <attribute name="Target GC Util Change" value ="20.000000" />
  <attribute name="Current GC Util Change" value="38.000000"/>
  <attribute name="GC Util currently" value="38" />
  <attribute name="CPU Util currently" value="8056036259118" />
<exclusive-end id="612" timestamp="2019-06-17T07:05:55.171" durationms="4.390" />

<exclusive-start id="613" timestamp="2019-06-17T07:05:55.330" intervalms="163.199">
  <response-info timems="0.052" idlems="0.052" threads="0" lastid="0000000000D69D00" lastname="Thread-6" />
</exclusive-start>
<allocation-taxation id="614" taxation-threshold="20971520" timestamp="2019-06-17T07:05:55.330" intervalms="163.185" />
<cycle-start id="615" type="partial gc" contextid="0" timestamp="2019-06-17T07:05:55.330" intervalms="163.172" />
<gc-start id="616" type="partial gc" contextid="615" timestamp="2019-06-17T07:05:55.330">
  <mem-info id="617" free="0" total="60817408" percent="0">
    <mem type="eden" free="0" total="20971520" percent="0" />
    <remembered-set count="6432" freebytes="2401920" totalbytes="2427648" percent="98" regionsoverflowed="0" regionsstable="0" regionsrebuilding="0"/>
  </mem-info>
</gc-start>
<allocation-stats totalBytes="20898472" >
  <allocated-bytes non-tlh="32776" tlh="20865696" arrayletleaf="0"/>
  <largest-consumer threadName="Thread-4" threadId="0000000000D62500" bytes="6019128" />
</allocation-stats>
<gc-op id="618" type="mark" timems="1.056" contextid="615" timestamp="2019-06-17T07:05:55.332">
  <trace-info objectcount="2403" scancount="1970" scanbytes="412144" />
  <cardclean-info objects="1178" bytes="59128" />
  <remembered-set-cleared processed="4057" cleared="695" durationms="0.158" />
  <references type="phantom" candidates="1" cleared="0" enqueued="0" />
  <stringconstants candidates="3963" cleared="0"  />
  <warning details="Mark invoked due to insufficient free space for Copy-Forward" />
</gc-op>
<gc-op id="619" type="classunload" timems="0.002" contextid="615" timestamp="2019-06-17T07:05:55.332">
  <classunload-info classloadercandidates="20" classloadersunloaded="0" classesunloaded="0" anonymousclassesunloaded="0" quiescems="0.000" setupms="0.001" scanms="0.000" postms="0.000" />
</gc-op>
<gc-op id="620" type="sweep" timems="0.401" contextid="615" timestamp="2019-06-17T07:05:55.332" />
<gc-op id="621" type="compact" timems="1.136" contextid="615" timestamp="2019-06-17T07:05:55.333">
  <compact-info movecount="2399" movebytes="911072" />
  <remembered-set-cleared processed="8252" cleared="1327" durationms="0.158" />
</gc-op>
<heap-resize id="622" type="expand" space="default" amount="1048576" count="1" timems="0.055" reason="insufficient free space following gc" timestamp="2019-06-17T07:05:55.334" />
<gc-end id="623" type="partial gc" contextid="615" durationms="3.755" usertimems="0.000" systemtimems="4.000" timestamp="2019-06-17T07:05:55.334" activeThreads="4">
  <mem-info id="624" free="20971520" total="61865984" percent="33">
    <mem type="eden" free="137648" total="1048576" percent="13" />
    <remembered-set count="6784" freebytes="2442368" totalbytes="2469504" percent="98" regionsoverflowed="0" regionsstable="0" regionsrebuilding="0"/>
  </mem-info>
</gc-end>
<cycle-end id="625" type="partial gc" contextid="615" timestamp="2019-06-17T07:05:55.334" />
  <attribute name="elasticGC enabled" value="1" />
  <attribute name= "numThreadsSpecified" value="4" />
  <attribute name="heapSize specified" value="0" />
  <attribute name="Current GC Util" value="40" />
  <attribute name= "Current Time Running" value="5710" />
  <attribute name ="GC Interval" value="0" />
  <attribute name="ProportionalT" value="20.000000" />
  <attribute name="ProportionalI" value="20.000000" />
  <attribute name="ProportionalH" value="20.000000" />
  <attribute name="Current Error" value="20.000000" />
  <attribute name="IntegralT" value="20.000000" />
  <attribute name="IntegralI" value="20.000000" />
  <attribute name="IntegralH" value="20.000000" />
  <attribute name="DerivativeT" value="20.000000" />
  <attribute name="DerivativeI" value="20.000000" />
  <attribute name="DerivativeH" value="20.000000" />
  <attribute name="Loop Time for DT" value="1.000000" />
  <attribute name="Output H" value="8388608"/>
  <attribute name="Output I" value="200"/>
  <attribute name="Output T" value="4"/>
  <attribute name="Target GC Util Change" value ="20.000000" />
  <attribute name="Current GC Util Change" value="40.000000"/>
  <attribute name="GC Util currently" value="40" />
  <attribute name="CPU Util currently" value="7978074392878" />
<exclusive-end id="626" timestamp="2019-06-17T07:05:55.334" durationms="4.575" />

<exclusive-start id="627" timestamp="2019-06-17T07:05:55.494" intervalms="164.701">
  <response-info timems="0.037" idlems="0.037" threads="0" lastid="0000000000D62500" lastname="Thread-4" />
</exclusive-start>
<allocation-taxation id="628" taxation-threshold="20971520" timestamp="2019-06-17T07:05:55.494" intervalms="164.709" />
<cycle-start id="629" type="partial gc" contextid="0" timestamp="2019-06-17T07:05:55.495" intervalms="164.718" />
<gc-start id="630" type="partial gc" contextid="629" timestamp="2019-06-17T07:05:55.495">
  <mem-info id="631" free="0" total="61865984" percent="0">
    <mem type="eden" free="0" total="20971520" percent="0" />
    <remembered-set count="6432" freebytes="2443776" totalbytes="2469504" percent="98" regionsoverflowed="0" regionsstable="0" regionsrebuilding="0"/>
  </mem-info>
</gc-start>
<allocation-stats totalBytes="20956952" >
  <allocated-bytes non-tlh="16392" tlh="20940560" arrayletleaf="0"/>
  <largest-consumer threadName="Thread-4" threadId="0000000000D62500" bytes="7309136" />
</allocation-stats>
<gc-op id="632" type="mark" timems="1.010" contextid="629" timestamp="2019-06-17T07:05:55.496">
  <trace-info objectcount="2629" scancount="2096" scanbytes="419588" />
  <cardclean-info objects="1178" bytes="59184" />
  <remembered-set-cleared processed="4078" cleared="681" durationms="0.084" />
  <stringconstants candidates="3963" cleared="0"  />
  <warning details="Mark invoked due to insufficient free space for Copy-Forward" />
</gc-op>
<gc-op id="633" type="classunload" timems="0.002" contextid="629" timestamp="2019-06-17T07:05:55.496">
  <classunload-info classloadercandidates="20" classloadersunloaded="0" classesunloaded="0" anonymousclassesunloaded="0" quiescems="0.000" setupms="0.002" scanms="0.000" postms="0.000" />
</gc-op>
<gc-op id="634" type="sweep" timems="0.328" contextid="629" timestamp="2019-06-17T07:05:55.497" />
<gc-op id="635" type="compact" timems="0.908" contextid="629" timestamp="2019-06-17T07:05:55.498">
  <compact-info movecount="2625" movebytes="1052664" />
  <remembered-set-cleared processed="8356" cleared="1352" durationms="0.084" />
</gc-op>
<heap-resize id="636" type="expand" space="default" amount="3145728" count="1" timems="0.065" reason="insufficient free space following gc" timestamp="2019-06-17T07:05:55.498" />
<gc-end id="637" type="partial gc" contextid="629" durationms="3.405" usertimems="8.000" systemtimems="0.000" timestamp="2019-06-17T07:05:55.498" activeThreads="4">
  <mem-info id="638" free="22020096" total="65011712" percent="33">
    <mem type="eden" free="1044352" total="2097152" percent="49" />
    <remembered-set count="6880" freebytes="2567552" totalbytes="2595072" percent="98" regionsoverflowed="0" regionsstable="0" regionsrebuilding="0"/>
  </mem-info>
</gc-end>
<cycle-end id="639" type="partial gc" contextid="629" timestamp="2019-06-17T07:05:55.498" />
  <attribute name="elasticGC enabled" value="1" />
  <attribute name= "numThreadsSpecified" value="4" />
  <attribute name="heapSize specified" value="0" />
  <attribute name="Current GC Util" value="42" />
  <attribute name= "Current Time Running" value="5874" />
  <attribute name ="GC Interval" value="0" />
  <attribute name="ProportionalT" value="22.000000" />
  <attribute name="ProportionalI" value="22.000000" />
  <attribute name="ProportionalH" value="22.000000" />
  <attribute name="Current Error" value="22.000000" />
  <attribute name="IntegralT" value="0.000000" />
  <attribute name="IntegralI" value="0.000000" />
  <attribute name="IntegralH" value="0.000000" />
  <attribute name="DerivativeT" value="-inf" />
  <attribute name="DerivativeI" value="-inf" />
  <attribute name="DerivativeH" value="-inf" />
  <attribute name="Loop Time for DT" value="0.000000" />
  <attribute name="Output H" value="2091843584"/>
  <attribute name="Output I" value="200"/>
  <attribute name="Output T" value="4"/>
  <attribute name="Target GC Util Change" value ="20.000000" />
  <attribute name="Current GC Util Change" value="42.000000"/>
  <attribute name="GC Util currently" value="42" />
  <attribute name="CPU Util currently" value="9119014027999" />
<exclusive-end id="640" timestamp="2019-06-17T07:05:55.498" durationms="4.071" />

<exclusive-start id="641" timestamp="2019-06-17T07:05:55.669" intervalms="174.579">
  <response-info timems="0.029" idlems="0.029" threads="0" lastid="0000000000D66100" lastname="Thread-5" />
</exclusive-start>
<allocation-taxation id="642" taxation-threshold="22020096" timestamp="2019-06-17T07:05:55.669" intervalms="174.590" />
<cycle-start id="643" type="partial gc" contextid="0" timestamp="2019-06-17T07:05:55.669" intervalms="174.584" />
<gc-start id="644" type="partial gc" contextid="643" timestamp="2019-06-17T07:05:55.669">
  <mem-info id="645" free="0" total="65011712" percent="0">
    <mem type="eden" free="0" total="22020096" percent="0" />
    <remembered-set count="6592" freebytes="2568704" totalbytes="2595072" percent="98" regionsoverflowed="0" regionsstable="0" regionsrebuilding="0"/>
  </mem-info>
</gc-start>
<allocation-stats totalBytes="22003128" >
  <allocated-bytes non-tlh="16392" tlh="21986736" arrayletleaf="0"/>
  <largest-consumer threadName="Thread-4" threadId="0000000000D62500" bytes="7500472" />
</allocation-stats>
<gc-op id="646" type="mark" timems="1.087" contextid="643" timestamp="2019-06-17T07:05:55.671">
  <trace-info objectcount="2544" scancount="2064" scanbytes="421712" />
  <cardclean-info objects="1175" bytes="59048" />
  <remembered-set-cleared processed="4140" cleared="703" durationms="0.173" />
  <stringconstants candidates="3963" cleared="0"  />
  <warning details="Mark invoked due to insufficient free space for Copy-Forward" />
</gc-op>
<gc-op id="647" type="classunload" timems="0.002" contextid="643" timestamp="2019-06-17T07:05:55.671">
  <classunload-info classloadercandidates="20" classloadersunloaded="0" classesunloaded="0" anonymousclassesunloaded="0" quiescems="0.000" setupms="0.001" scanms="0.000" postms="0.000" />
</gc-op>
<gc-op id="648" type="sweep" timems="0.487" contextid="643" timestamp="2019-06-17T07:05:55.672" />
<gc-op id="649" type="compact" timems="1.428" contextid="643" timestamp="2019-06-17T07:05:55.673">
  <compact-info movecount="2544" movebytes="1021080" />
  <remembered-set-cleared processed="8482" cleared="1401" durationms="0.173" />
</gc-op>
<gc-end id="650" type="partial gc" contextid="643" durationms="4.270" usertimems="8.000" systemtimems="0.000" timestamp="2019-06-17T07:05:55.674" activeThreads="1">
  <mem-info id="651" free="22020096" total="65011712" percent="33">
    <mem type="eden" free="27640" total="1048576" percent="2" />
    <remembered-set count="6720" freebytes="2568192" totalbytes="2595072" percent="98" regionsoverflowed="0" regionsstable="0" regionsrebuilding="0"/>
  </mem-info>
</gc-end>
<cycle-end id="652" type="partial gc" contextid="643" timestamp="2019-06-17T07:05:55.674" />
  <attribute name="elasticGC enabled" value="1" />
  <attribute name= "numThreadsSpecified" value="1" />
  <attribute name="heapSize specified" value="0" />
  <attribute name="Current GC Util" value="35" />
  <attribute name= "Current Time Running" value="6049" />
  <attribute name ="GC Interval" value="0" />
  <attribute name="ProportionalT" value="15.000000" />
  <attribute name="ProportionalI" value="15.000000" />
  <attribute name="ProportionalH" value="15.000000" />
  <attribute name="Current Error" value="15.000000" />
  <attribute name="IntegralT" value="0.000000" />
  <attribute name="IntegralI" value="0.000000" />
  <attribute name="IntegralH" value="0.000000" />
  <attribute name="DerivativeT" value="inf" />
  <attribute name="DerivativeI" value="inf" />
  <attribute name="DerivativeH" value="inf" />
  <attribute name="Loop Time for DT" value="0.000000" />
  <attribute name="Output H" value="8388608"/>
  <attribute name="Output I" value="200"/>
  <attribute name="Output T" value="1"/>
  <attribute name="Target GC Util Change" value ="20.000000" />
  <attribute name="Current GC Util Change" value="35.000000"/>
  <attribute name="GC Util currently" value="35" />
  <attribute name="CPU Util currently" value="6372566268969" />
<exclusive-end id="653" timestamp="2019-06-17T07:05:55.674" durationms="5.092" />

<exclusive-start id="654" timestamp="2019-06-17T07:05:55.840" intervalms="171.235">
  <response-info timems="0.035" idlems="0.035" threads="0" lastid="0000000000D66100" lastname="Thread-5" />
</exclusive-start>
<allocation-taxation id="655" taxation-threshold="22020096" timestamp="2019-06-17T07:05:55.840" intervalms="171.225" />
<cycle-start id="656" type="partial gc" contextid="0" timestamp="2019-06-17T07:05:55.840" intervalms="171.223" />
<gc-start id="657" type="partial gc" contextid="656" timestamp="2019-06-17T07:05:55.841">
  <mem-info id="658" free="0" total="65011712" percent="0">
    <mem type="eden" free="0" total="22020096" percent="0" />
    <remembered-set count="6400" freebytes="2569472" totalbytes="2595072" percent="99" regionsoverflowed="0" regionsstable="0" regionsrebuilding="0"/>
  </mem-info>
</gc-start>
<allocation-stats totalBytes="21979984" >
  <allocated-bytes non-tlh="0" tlh="21979984" arrayletleaf="0"/>
  <largest-consumer threadName="Thread-5" threadId="0000000000D66100" bytes="8769544" />
</allocation-stats>
<gc-op id="659" type="mark" timems="0.969" contextid="656" timestamp="2019-06-17T07:05:55.842">
  <trace-info objectcount="1507" scancount="1199" scanbytes="282584" />
  <cardclean-info objects="1189" bytes="59488" />
  <remembered-set-cleared processed="4174" cleared="702" durationms="0.171" />
  <stringconstants candidates="3963" cleared="0"  />
  <warning details="Mark invoked due to insufficient free space for Copy-Forward" />
</gc-op>
<gc-op id="660" type="classunload" timems="0.002" contextid="656" timestamp="2019-06-17T07:05:55.842">
  <classunload-info classloadercandidates="20" classloadersunloaded="0" classesunloaded="0" anonymousclassesunloaded="0" quiescems="0.000" setupms="0.002" scanms="0.000" postms="0.000" />
</gc-op>
<gc-op id="661" type="sweep" timems="0.461" contextid="656" timestamp="2019-06-17T07:05:55.843" />
<gc-op id="662" type="compact" timems="1.136" contextid="656" timestamp="2019-06-17T07:05:55.844">
  <compact-info movecount="1507" movebytes="642512" />
  <remembered-set-cleared processed="8268" cleared="1107" durationms="0.171" />
</gc-op>
<heap-resize id="663" type="expand" space="default" amount="1048576" count="1" timems="0.056" reason="insufficient free space following gc" timestamp="2019-06-17T07:05:55.844" />
<gc-end id="664" type="partial gc" contextid="656" durationms="3.946" usertimems="4.000" systemtimems="0.000" timestamp="2019-06-17T07:05:55.845" activeThreads="1">
  <mem-info id="665" free="22020096" total="66060288" percent="33">
    <mem type="eden" free="406424" total="1048576" percent="38" />
    <remembered-set count="6336" freebytes="2611584" totalbytes="2636928" percent="99" regionsoverflowed="0" regionsstable="0" regionsrebuilding="0"/>
  </mem-info>
</gc-end>
<cycle-end id="666" type="partial gc" contextid="656" timestamp="2019-06-17T07:05:55.845" />
  <attribute name="elasticGC enabled" value="1" />
  <attribute name= "numThreadsSpecified" value="1" />
  <attribute name="heapSize specified" value="0" />
  <attribute name="Current GC Util" value="31" />
  <attribute name= "Current Time Running" value="6220" />
  <attribute name ="GC Interval" value="0" />
  <attribute name="ProportionalT" value="11.000000" />
  <attribute name="ProportionalI" value="11.000000" />
  <attribute name="ProportionalH" value="11.000000" />
  <attribute name="Current Error" value="11.000000" />
  <attribute name="IntegralT" value="0.000000" />
  <attribute name="IntegralI" value="0.000000" />
  <attribute name="IntegralH" value="0.000000" />
  <attribute name="DerivativeT" value="inf" />
  <attribute name="DerivativeI" value="inf" />
  <attribute name="DerivativeH" value="inf" />
  <attribute name="Loop Time for DT" value="0.000000" />
  <attribute name="Output H" value="8388608"/>
  <attribute name="Output I" value="200"/>
  <attribute name="Output T" value="1"/>
  <attribute name="Target GC Util Change" value ="20.000000" />
  <attribute name="Current GC Util Change" value="31.000000"/>
  <attribute name="GC Util currently" value="31" />
  <attribute name="CPU Util currently" value="6680407938286" />
<exclusive-end id="667" timestamp="2019-06-17T07:05:55.845" durationms="4.632" />

<exclusive-start id="668" timestamp="2019-06-17T07:05:56.021" intervalms="180.480">
  <response-info timems="0.038" idlems="0.038" threads="0" lastid="0000000000D5E900" lastname="Thread-3" />
</exclusive-start>
<allocation-taxation id="669" taxation-threshold="22020096" timestamp="2019-06-17T07:05:56.021" intervalms="180.486" />
<cycle-start id="670" type="partial gc" contextid="0" timestamp="2019-06-17T07:05:56.021" intervalms="180.496" />
<gc-start id="671" type="partial gc" contextid="670" timestamp="2019-06-17T07:05:56.021">
  <mem-info id="672" free="0" total="66060288" percent="0">
    <mem type="eden" free="406424" total="23068672" percent="1" />
    <remembered-set count="6240" freebytes="2611968" totalbytes="2636928" percent="99" regionsoverflowed="0" regionsstable="0" regionsrebuilding="0"/>
  </mem-info>
</gc-start>
<allocation-stats totalBytes="21994496" >
  <allocated-bytes non-tlh="49176" tlh="21945320" arrayletleaf="0"/>
  <largest-consumer threadName="Thread-4" threadId="0000000000D62500" bytes="7008032" />
</allocation-stats>
<gc-op id="673" type="mark" timems="1.041" contextid="670" timestamp="2019-06-17T07:05:56.023">
  <trace-info objectcount="2334" scancount="1929" scanbytes="412208" />
  <cardclean-info objects="1192" bytes="59656" />
  <remembered-set-cleared processed="4035" cleared="525" durationms="0.185" />
  <references type="phantom" candidates="1" cleared="0" enqueued="0" />
  <stringconstants candidates="3963" cleared="0"  />
  <warning details="Mark invoked due to insufficient free space for Copy-Forward" />
</gc-op>
<gc-op id="674" type="classunload" timems="0.002" contextid="670" timestamp="2019-06-17T07:05:56.023">
  <classunload-info classloadercandidates="20" classloadersunloaded="0" classesunloaded="0" anonymousclassesunloaded="0" quiescems="0.000" setupms="0.002" scanms="0.000" postms="0.000" />
</gc-op>
<gc-op id="675" type="sweep" timems="0.614" contextid="670" timestamp="2019-06-17T07:05:56.024" />
<gc-op id="676" type="compact" timems="1.273" contextid="670" timestamp="2019-06-17T07:05:56.025">
  <compact-info movecount="2334" movebytes="928320" />
  <remembered-set-cleared processed="8397" cleared="1173" durationms="0.185" />
</gc-op>
<gc-end id="677" type="partial gc" contextid="670" durationms="4.260" usertimems="0.000" systemtimems="4.000" timestamp="2019-06-17T07:05:56.025" activeThreads="4">
  <mem-info id="678" free="22020096" total="66060288" percent="33">
    <mem type="eden" free="120256" total="1048576" percent="11" />
    <remembered-set count="6368" freebytes="2611456" totalbytes="2636928" percent="99" regionsoverflowed="0" regionsstable="0" regionsrebuilding="0"/>
  </mem-info>
</gc-end>
<cycle-end id="679" type="partial gc" contextid="670" timestamp="2019-06-17T07:05:56.026" />
  <attribute name="elasticGC enabled" value="1" />
  <attribute name= "numThreadsSpecified" value="4" />
  <attribute name="heapSize specified" value="0" />
  <attribute name="Current GC Util" value="43" />
  <attribute name= "Current Time Running" value="6401" />
  <attribute name ="GC Interval" value="0" />
  <attribute name="ProportionalT" value="23.000000" />
  <attribute name="ProportionalI" value="23.000000" />
  <attribute name="ProportionalH" value="23.000000" />
  <attribute name="Current Error" value="23.000000" />
  <attribute name="IntegralT" value="23.000000" />
  <attribute name="IntegralI" value="23.000000" />
  <attribute name="IntegralH" value="23.000000" />
  <attribute name="DerivativeT" value="23.000000" />
  <attribute name="DerivativeI" value="23.000000" />
  <attribute name="DerivativeH" value="23.000000" />
  <attribute name="Loop Time for DT" value="1.000000" />
  <attribute name="Output H" value="8388608"/>
  <attribute name="Output I" value="200"/>
  <attribute name="Output T" value="4"/>
  <attribute name="Target GC Util Change" value ="20.000000" />
  <attribute name="Current GC Util Change" value="43.000000"/>
  <attribute name="GC Util currently" value="43" />
  <attribute name="CPU Util currently" value="5458546796065" />
<exclusive-end id="680" timestamp="2019-06-17T07:05:56.026" durationms="5.106" />

<exclusive-start id="681" timestamp="2019-06-17T07:05:56.196" intervalms="175.725">
  <response-info timems="0.048" idlems="0.048" threads="0" lastid="0000000000D66100" lastname="Thread-5" />
</exclusive-start>
<allocation-taxation id="682" taxation-threshold="22020096" timestamp="2019-06-17T07:05:56.197" intervalms="175.720" />
<cycle-start id="683" type="partial gc" contextid="0" timestamp="2019-06-17T07:05:56.197" intervalms="175.709" />
<gc-start id="684" type="partial gc" contextid="683" timestamp="2019-06-17T07:05:56.197">
  <mem-info id="685" free="0" total="66060288" percent="0">
    <mem type="eden" free="0" total="22020096" percent="0" />
    <remembered-set count="6112" freebytes="2612480" totalbytes="2636928" percent="99" regionsoverflowed="0" regionsstable="0" regionsrebuilding="0"/>
  </mem-info>
</gc-start>
<allocation-stats totalBytes="21973448" >
  <allocated-bytes non-tlh="0" tlh="21973448" arrayletleaf="0"/>
  <largest-consumer threadName="Thread-3" threadId="0000000000D5E900" bytes="7035584" />
</allocation-stats>
<gc-op id="686" type="mark" timems="1.239" contextid="683" timestamp="2019-06-17T07:05:56.198">
  <trace-info objectcount="2755" scancount="2157" scanbytes="423024" />
  <cardclean-info objects="1160" bytes="57920" />
  <remembered-set-cleared processed="4216" cleared="658" durationms="0.116" />
  <stringconstants candidates="3963" cleared="0"  />
  <warning details="Mark invoked due to insufficient free space for Copy-Forward" />
</gc-op>
<gc-op id="687" type="classunload" timems="0.002" contextid="683" timestamp="2019-06-17T07:05:56.199">
  <classunload-info classloadercandidates="20" classloadersunloaded="0" classesunloaded="0" anonymousclassesunloaded="0" quiescems="0.000" setupms="0.002" scanms="0.000" postms="0.000" />
</gc-op>
<gc-op id="688" type="sweep" timems="0.313" contextid="683" timestamp="2019-06-17T07:05:56.199" />
<gc-op id="689" type="compact" timems="1.340" contextid="683" timestamp="2019-06-17T07:05:56.201">
  <compact-info movecount="2755" movebytes="1122736" />
  <remembered-set-cleared processed="8700" cleared="1370" durationms="0.116" />
</gc-op>
<heap-resize id="690" type="expand" space="default" amount="3145728" count="1" timems="0.071" reason="insufficient free space following gc" timestamp="2019-06-17T07:05:56.201" />
<gc-end id="691" type="partial gc" contextid="683" durationms="4.135" usertimems="4.000" systemtimems="4.000" timestamp="2019-06-17T07:05:56.201" activeThreads="4">
  <mem-info id="692" free="23068672" total="69206016" percent="33">
    <mem type="eden" free="973024" total="2097152" percent="46" />
    <remembered-set count="7104" freebytes="2734080" totalbytes="2762496" percent="98" regionsoverflowed="0" regionsstable="0" regionsrebuilding="0"/>
  </mem-info>
</gc-end>
<cycle-end id="693" type="partial gc" contextid="683" timestamp="2019-06-17T07:05:56.201" />
  <attribute name="elasticGC enabled" value="1" />
  <attribute name= "numThreadsSpecified" value="4" />
  <attribute name="heapSize specified" value="0" />
  <attribute name="Current GC Util" value="42" />
  <attribute name= "Current Time Running" value="6577" />
  <attribute name ="GC Interval" value="0" />
  <attribute name="ProportionalT" value="22.000000" />
  <attribute name="ProportionalI" value="22.000000" />
  <attribute name="ProportionalH" value="22.000000" />
  <attribute name="Current Error" value="22.000000" />
  <attribute name="IntegralT" value="22.000000" />
  <attribute name="IntegralI" value="22.000000" />
  <attribute name="IntegralH" value="22.000000" />
  <attribute name="DerivativeT" value="-84.000000" />
  <attribute name="DerivativeI" value="-84.000000" />
  <attribute name="DerivativeH" value="-84.000000" />
  <attribute name="Loop Time for DT" value="1.000000" />
  <attribute name="Output H" value="2091843584"/>
  <attribute name="Output I" value="200"/>
  <attribute name="Output T" value="4"/>
  <attribute name="Target GC Util Change" value ="20.000000" />
  <attribute name="Current GC Util Change" value="42.000000"/>
  <attribute name="GC Util currently" value="42" />
  <attribute name="CPU Util currently" value="8570728211623" />
<exclusive-end id="694" timestamp="2019-06-17T07:05:56.201" durationms="4.703" />

<exclusive-start id="695" timestamp="2019-06-17T07:05:56.384" intervalms="187.708">
  <response-info timems="0.035" idlems="0.035" threads="0" lastid="0000000000D66100" lastname="Thread-5" />
</exclusive-start>
<allocation-taxation id="696" taxation-threshold="23068672" timestamp="2019-06-17T07:05:56.384" intervalms="187.704" />
<cycle-start id="697" type="partial gc" contextid="0" timestamp="2019-06-17T07:05:56.384" intervalms="187.708" />
<gc-start id="698" type="partial gc" contextid="697" timestamp="2019-06-17T07:05:56.385">
  <mem-info id="699" free="0" total="69206016" percent="0">
    <mem type="eden" free="0" total="23068672" percent="0" />
    <remembered-set count="6848" freebytes="2735104" totalbytes="2762496" percent="99" regionsoverflowed="0" regionsstable="0" regionsrebuilding="0"/>
  </mem-info>
</gc-start>
<allocation-stats totalBytes="23046832" >
  <allocated-bytes non-tlh="0" tlh="23046832" arrayletleaf="0"/>
  <largest-consumer threadName="Thread-4" threadId="0000000000D62500" bytes="7013888" />
</allocation-stats>
<gc-op id="700" type="mark" timems="1.031" contextid="697" timestamp="2019-06-17T07:05:56.386">
  <trace-info objectcount="2249" scancount="1761" scanbytes="371940" />
  <cardclean-info objects="1169" bytes="58392" />
  <remembered-set-cleared processed="4353" cleared="758" durationms="0.192" />
  <stringconstants candidates="3963" cleared="0"  />
  <warning details="Mark invoked due to insufficient free space for Copy-Forward" />
</gc-op>
<gc-op id="701" type="classunload" timems="0.002" contextid="697" timestamp="2019-06-17T07:05:56.386">
  <classunload-info classloadercandidates="20" classloadersunloaded="0" classesunloaded="0" anonymousclassesunloaded="0" quiescems="0.000" setupms="0.002" scanms="0.000" postms="0.000" />
</gc-op>
<gc-op id="702" type="sweep" timems="0.565" contextid="697" timestamp="2019-06-17T07:05:56.387" />
<gc-op id="703" type="compact" timems="1.031" contextid="697" timestamp="2019-06-17T07:05:56.388">
  <compact-info movecount="2249" movebytes="929728" />
  <remembered-set-cleared processed="8757" cleared="1358" durationms="0.192" />
</gc-op>
<gc-end id="704" type="partial gc" contextid="697" durationms="3.965" usertimems="4.000" systemtimems="0.000" timestamp="2019-06-17T07:05:56.388" activeThreads="4">
  <mem-info id="705" free="23068672" total="69206016" percent="33">
    <mem type="eden" free="119136" total="1048576" percent="11" />
    <remembered-set count="6976" freebytes="2734592" totalbytes="2762496" percent="98" regionsoverflowed="0" regionsstable="0" regionsrebuilding="0"/>
  </mem-info>
</gc-end>
<cycle-end id="706" type="partial gc" contextid="697" timestamp="2019-06-17T07:05:56.389" />
  <attribute name="elasticGC enabled" value="1" />
  <attribute name= "numThreadsSpecified" value="4" />
  <attribute name="heapSize specified" value="0" />
  <attribute name="Current GC Util" value="32" />
  <attribute name= "Current Time Running" value="6765" />
  <attribute name ="GC Interval" value="0" />
  <attribute name="ProportionalT" value="12.000000" />
  <attribute name="ProportionalI" value="12.000000" />
  <attribute name="ProportionalH" value="12.000000" />
  <attribute name="Current Error" value="12.000000" />
  <attribute name="IntegralT" value="12.000000" />
  <attribute name="IntegralI" value="12.000000" />
  <attribute name="IntegralH" value="12.000000" />
  <attribute name="DerivativeT" value="12.000000" />
  <attribute name="DerivativeI" value="12.000000" />
  <attribute name="DerivativeH" value="12.000000" />
  <attribute name="Loop Time for DT" value="1.000000" />
  <attribute name="Output H" value="8388608"/>
  <attribute name="Output I" value="200"/>
  <attribute name="Output T" value="4"/>
  <attribute name="Target GC Util Change" value ="20.000000" />
  <attribute name="Current GC Util Change" value="32.000000"/>
  <attribute name="GC Util currently" value="32" />
  <attribute name="CPU Util currently" value="5583249609083" />
<exclusive-end id="707" timestamp="2019-06-17T07:05:56.389" durationms="4.593" />

<exclusive-start id="708" timestamp="2019-06-17T07:05:56.566" intervalms="181.524">
  <response-info timems="0.026" idlems="0.026" threads="0" lastid="0000000000D66100" lastname="Thread-5" />
</exclusive-start>
<allocation-taxation id="709" taxation-threshold="23068672" timestamp="2019-06-17T07:05:56.566" intervalms="181.524" />
<cycle-start id="710" type="partial gc" contextid="0" timestamp="2019-06-17T07:05:56.566" intervalms="181.521" />
<gc-start id="711" type="partial gc" contextid="710" timestamp="2019-06-17T07:05:56.566">
  <mem-info id="712" free="0" total="69206016" percent="0">
    <mem type="eden" free="0" total="23068672" percent="0" />
    <remembered-set count="6624" freebytes="2736000" totalbytes="2762496" percent="99" regionsoverflowed="0" regionsstable="0" regionsrebuilding="0"/>
  </mem-info>
</gc-start>
<allocation-stats totalBytes="23031152" >
  <allocated-bytes non-tlh="40984" tlh="22990168" arrayletleaf="0"/>
  <largest-consumer threadName="Thread-4" threadId="0000000000D62500" bytes="8237832" />
</allocation-stats>
<gc-op id="713" type="mark" timems="1.063" contextid="710" timestamp="2019-06-17T07:05:56.567">
  <trace-info objectcount="2306" scancount="1886" scanbytes="409368" />
  <cardclean-info objects="1177" bytes="59200" />
  <remembered-set-cleared processed="4299" cleared="671" durationms="0.184" />
  <references type="phantom" candidates="2" cleared="0" enqueued="0" />
  <stringconstants candidates="3963" cleared="0"  />
  <warning details="Mark invoked due to insufficient free space for Copy-Forward" />
</gc-op>
<gc-op id="714" type="classunload" timems="0.017" contextid="710" timestamp="2019-06-17T07:05:56.568">
  <classunload-info classloadercandidates="20" classloadersunloaded="0" classesunloaded="0" anonymousclassesunloaded="0" quiescems="0.000" setupms="0.017" scanms="0.000" postms="0.000" />
</gc-op>
<gc-op id="715" type="sweep" timems="0.543" contextid="710" timestamp="2019-06-17T07:05:56.568" />
<gc-op id="716" type="compact" timems="1.117" contextid="710" timestamp="2019-06-17T07:05:56.570">
  <compact-info movecount="2306" movebytes="942168" />
  <remembered-set-cleared processed="8752" cleared="1298" durationms="0.184" />
</gc-op>
<heap-resize id="717" type="expand" space="default" amount="2097152" count="1" timems="0.064" reason="insufficient free space following gc" timestamp="2019-06-17T07:05:56.570" />
<gc-end id="718" type="partial gc" contextid="710" durationms="4.188" usertimems="0.000" systemtimems="4.000" timestamp="2019-06-17T07:05:56.570" activeThreads="4">
  <mem-info id="719" free="24117248" total="71303168" percent="33">
    <mem type="eden" free="106552" total="1048576" percent="10" />
    <remembered-set count="7008" freebytes="2818176" totalbytes="2846208" percent="99" regionsoverflowed="0" regionsstable="0" regionsrebuilding="0"/>
  </mem-info>
</gc-end>
<cycle-end id="720" type="partial gc" contextid="710" timestamp="2019-06-17T07:05:56.570" />
  <attribute name="elasticGC enabled" value="1" />
  <attribute name= "numThreadsSpecified" value="4" />
  <attribute name="heapSize specified" value="0" />
  <attribute name="Current GC Util" value="32" />
  <attribute name= "Current Time Running" value="6946" />
  <attribute name ="GC Interval" value="0" />
  <attribute name="ProportionalT" value="12.000000" />
  <attribute name="ProportionalI" value="12.000000" />
  <attribute name="ProportionalH" value="12.000000" />
  <attribute name="Current Error" value="12.000000" />
  <attribute name="IntegralT" value="12.000000" />
  <attribute name="IntegralI" value="12.000000" />
  <attribute name="IntegralH" value="12.000000" />
  <attribute name="DerivativeT" value="12.000000" />
  <attribute name="DerivativeI" value="12.000000" />
  <attribute name="DerivativeH" value="12.000000" />
  <attribute name="Loop Time for DT" value="1.000000" />
  <attribute name="Output H" value="8388608"/>
  <attribute name="Output I" value="200"/>
  <attribute name="Output T" value="4"/>
  <attribute name="Target GC Util Change" value ="20.000000" />
  <attribute name="Current GC Util Change" value="32.000000"/>
  <attribute name="GC Util currently" value="32" />
  <attribute name="CPU Util currently" value="5949165501099" />
<exclusive-end id="721" timestamp="2019-06-17T07:05:56.571" durationms="4.888" />

<exclusive-start id="722" timestamp="2019-06-17T07:05:56.766" intervalms="200.773">
  <response-info timems="0.038" idlems="0.038" threads="0" lastid="0000000000D66100" lastname="Thread-5" />
</exclusive-start>
<allocation-taxation id="723" taxation-threshold="24117248" timestamp="2019-06-17T07:05:56.767" intervalms="200.780" />
<cycle-start id="724" type="partial gc" contextid="0" timestamp="2019-06-17T07:05:56.767" intervalms="200.784" />
<gc-start id="725" type="partial gc" contextid="724" timestamp="2019-06-17T07:05:56.767">
  <mem-info id="726" free="0" total="71303168" percent="0">
    <mem type="eden" free="0" total="24117248" percent="0" />
    <remembered-set count="6784" freebytes="2819072" totalbytes="2846208" percent="99" regionsoverflowed="0" regionsstable="0" regionsrebuilding="0"/>
  </mem-info>
</gc-start>
<allocation-stats totalBytes="24056176" >
  <allocated-bytes non-tlh="65560" tlh="23990616" arrayletleaf="0"/>
  <largest-consumer threadName="Thread-5" threadId="0000000000D66100" bytes="8386576" />
</allocation-stats>
<gc-op id="727" type="mark" timems="1.143" contextid="724" timestamp="2019-06-17T07:05:56.768">
  <trace-info objectcount="1930" scancount="1577" scanbytes="350000" />
  <cardclean-info objects="1175" bytes="59072" />
  <remembered-set-cleared processed="4320" cleared="653" durationms="0.110" />
  <stringconstants candidates="3963" cleared="0"  />
  <warning details="Mark invoked due to insufficient free space for Copy-Forward" />
</gc-op>
<gc-op id="728" type="classunload" timems="0.002" contextid="724" timestamp="2019-06-17T07:05:56.768">
  <classunload-info classloadercandidates="20" classloadersunloaded="0" classesunloaded="0" anonymousclassesunloaded="0" quiescems="0.000" setupms="0.001" scanms="0.000" postms="0.000" />
</gc-op>
<gc-op id="729" type="sweep" timems="0.333" contextid="724" timestamp="2019-06-17T07:05:56.769" />
<gc-op id="730" type="compact" timems="0.949" contextid="724" timestamp="2019-06-17T07:05:56.770">
  <compact-info movecount="1930" movebytes="754408" />
  <remembered-set-cleared processed="8702" cleared="1154" durationms="0.110" />
</gc-op>
<heap-resize id="731" type="expand" space="default" amount="1048576" count="1" timems="0.054" reason="insufficient free space following gc" timestamp="2019-06-17T07:05:56.770" />
<gc-end id="732" type="partial gc" contextid="724" durationms="3.554" usertimems="8.000" systemtimems="0.000" timestamp="2019-06-17T07:05:56.770" activeThreads="4">
  <mem-info id="733" free="24117248" total="72351744" percent="33">
    <mem type="eden" free="294312" total="1048576" percent="28" />
    <remembered-set count="7296" freebytes="2858880" totalbytes="2888064" percent="98" regionsoverflowed="0" regionsstable="0" regionsrebuilding="0"/>
  </mem-info>
</gc-end>
<cycle-end id="734" type="partial gc" contextid="724" timestamp="2019-06-17T07:05:56.771" />
  <attribute name="elasticGC enabled" value="1" />
  <attribute name= "numThreadsSpecified" value="4" />
  <attribute name="heapSize specified" value="0" />
  <attribute name="Current GC Util" value="40" />
  <attribute name= "Current Time Running" value="7146" />
  <attribute name ="GC Interval" value="0" />
  <attribute name="ProportionalT" value="20.000000" />
  <attribute name="ProportionalI" value="20.000000" />
  <attribute name="ProportionalH" value="20.000000" />
  <attribute name="Current Error" value="20.000000" />
  <attribute name="IntegralT" value="0.000000" />
  <attribute name="IntegralI" value="0.000000" />
  <attribute name="IntegralH" value="0.000000" />
  <attribute name="DerivativeT" value="-inf" />
  <attribute name="DerivativeI" value="-inf" />
  <attribute name="DerivativeH" value="-inf" />
  <attribute name="Loop Time for DT" value="0.000000" />
  <attribute name="Output H" value="2091843584"/>
  <attribute name="Output I" value="200"/>
  <attribute name="Output T" value="4"/>
  <attribute name="Target GC Util Change" value ="20.000000" />
  <attribute name="Current GC Util Change" value="40.000000"/>
  <attribute name="GC Util currently" value="40" />
  <attribute name="CPU Util currently" value="9161058502652" />
<exclusive-end id="735" timestamp="2019-06-17T07:05:56.771" durationms="4.222" />

<exclusive-start id="736" timestamp="2019-06-17T07:05:56.968" intervalms="201.273">
  <response-info timems="0.036" idlems="0.036" threads="0" lastid="0000000000D69D00" lastname="Thread-6" />
</exclusive-start>
<allocation-taxation id="737" taxation-threshold="24117248" timestamp="2019-06-17T07:05:56.968" intervalms="201.264" />
<cycle-start id="738" type="partial gc" contextid="0" timestamp="2019-06-17T07:05:56.968" intervalms="201.255" />
<gc-start id="739" type="partial gc" contextid="738" timestamp="2019-06-17T07:05:56.968">
  <mem-info id="740" free="0" total="72351744" percent="0">
    <mem type="eden" free="0" total="24117248" percent="0" />
    <remembered-set count="6976" freebytes="2860160" totalbytes="2888064" percent="99" regionsoverflowed="0" regionsstable="0" regionsrebuilding="0"/>
  </mem-info>
</gc-start>
<allocation-stats totalBytes="24077024" >
  <allocated-bytes non-tlh="0" tlh="24077024" arrayletleaf="0"/>
  <largest-consumer threadName="Thread-5" threadId="0000000000D66100" bytes="7254864" />
</allocation-stats>
<gc-op id="741" type="mark" timems="1.045" contextid="738" timestamp="2019-06-17T07:05:56.970">
  <trace-info objectcount="2134" scancount="1714" scanbytes="370168" />
  <cardclean-info objects="1162" bytes="58416" />
  <remembered-set-cleared processed="4286" cleared="575" durationms="0.198" />
  <stringconstants candidates="3963" cleared="0"  />
  <warning details="Mark invoked due to insufficient free space for Copy-Forward" />
</gc-op>
<gc-op id="742" type="classunload" timems="0.002" contextid="738" timestamp="2019-06-17T07:05:56.970">
  <classunload-info classloadercandidates="20" classloadersunloaded="0" classesunloaded="0" anonymousclassesunloaded="0" quiescems="0.000" setupms="0.002" scanms="0.000" postms="0.000" />
</gc-op>
<gc-op id="743" type="sweep" timems="0.572" contextid="738" timestamp="2019-06-17T07:05:56.971" />
<gc-op id="744" type="compact" timems="1.231" contextid="738" timestamp="2019-06-17T07:05:56.972">
  <compact-info movecount="2134" movebytes="850376" />
  <remembered-set-cleared processed="8784" cleared="1146" durationms="0.198" />
</gc-op>
<heap-resize id="745" type="expand" space="default" amount="2097152" count="1" timems="0.057" reason="insufficient free space following gc" timestamp="2019-06-17T07:05:56.972" />
<gc-end id="746" type="partial gc" contextid="738" durationms="4.471" usertimems="4.000" systemtimems="0.000" timestamp="2019-06-17T07:05:56.973" activeThreads="4">
  <mem-info id="747" free="25165824" total="74448896" percent="33">
    <mem type="eden" free="198592" total="1048576" percent="18" />
    <remembered-set count="7200" freebytes="2942976" totalbytes="2971776" percent="99" regionsoverflowed="0" regionsstable="0" regionsrebuilding="0"/>
  </mem-info>
</gc-end>
<cycle-end id="748" type="partial gc" contextid="738" timestamp="2019-06-17T07:05:56.973" />
  <attribute name="elasticGC enabled" value="1" />
  <attribute name= "numThreadsSpecified" value="4" />
  <attribute name="heapSize specified" value="0" />
  <attribute name="Current GC Util" value="39" />
  <attribute name= "Current Time Running" value="7348" />
  <attribute name ="GC Interval" value="0" />
  <attribute name="ProportionalT" value="19.000000" />
  <attribute name="ProportionalI" value="19.000000" />
  <attribute name="ProportionalH" value="19.000000" />
  <attribute name="Current Error" value="19.000000" />
  <attribute name="IntegralT" value="19.000000" />
  <attribute name="IntegralI" value="19.000000" />
  <attribute name="IntegralH" value="19.000000" />
  <attribute name="DerivativeT" value="19.000000" />
  <attribute name="DerivativeI" value="19.000000" />
  <attribute name="DerivativeH" value="19.000000" />
  <attribute name="Loop Time for DT" value="1.000000" />
  <attribute name="Output H" value="8388608"/>
  <attribute name="Output I" value="200"/>
  <attribute name="Output T" value="4"/>
  <attribute name="Target GC Util Change" value ="20.000000" />
  <attribute name="Current GC Util Change" value="39.000000"/>
  <attribute name="GC Util currently" value="39" />
  <attribute name="CPU Util currently" value="5476521923820" />
<exclusive-end id="749" timestamp="2019-06-17T07:05:56.973" durationms="5.242" />

<exclusive-start id="750" timestamp="2019-06-17T07:05:57.161" intervalms="193.629">
  <response-info timems="0.034" idlems="0.034" threads="0" lastid="0000000000D62500" lastname="Thread-4" />
</exclusive-start>
<allocation-taxation id="751" taxation-threshold="25165824" timestamp="2019-06-17T07:05:57.161" intervalms="193.634" />
<cycle-start id="752" type="partial gc" contextid="0" timestamp="2019-06-17T07:05:57.162" intervalms="193.679" />
<gc-start id="753" type="partial gc" contextid="752" timestamp="2019-06-17T07:05:57.162">
  <mem-info id="754" free="0" total="74448896" percent="0">
    <mem type="eden" free="0" total="25165824" percent="0" />
    <remembered-set count="6816" freebytes="2944512" totalbytes="2971776" percent="99" regionsoverflowed="0" regionsstable="0" regionsrebuilding="0"/>
  </mem-info>
</gc-start>
<allocation-stats totalBytes="25109336" >
  <allocated-bytes non-tlh="0" tlh="25109336" arrayletleaf="0"/>
  <largest-consumer threadName="Thread-3" threadId="0000000000D5E900" bytes="8628936" />
</allocation-stats>
<gc-op id="755" type="mark" timems="1.092" contextid="752" timestamp="2019-06-17T07:05:57.163">
  <trace-info objectcount="2001" scancount="1613" scanbytes="334388" />
  <cardclean-info objects="1165" bytes="58552" />
  <remembered-set-cleared processed="4409" cleared="660" durationms="0.186" />
  <references type="phantom" candidates="1" cleared="0" enqueued="0" />
  <stringconstants candidates="3963" cleared="0"  />
  <warning details="Mark invoked due to insufficient free space for Copy-Forward" />
</gc-op>
<gc-op id="756" type="classunload" timems="0.002" contextid="752" timestamp="2019-06-17T07:05:57.164">
  <classunload-info classloadercandidates="20" classloadersunloaded="0" classesunloaded="0" anonymousclassesunloaded="0" quiescems="0.000" setupms="0.002" scanms="0.000" postms="0.000" />
</gc-op>
<gc-op id="757" type="sweep" timems="0.446" contextid="752" timestamp="2019-06-17T07:05:57.164" />
<gc-op id="758" type="compact" timems="0.981" contextid="752" timestamp="2019-06-17T07:05:57.165">
  <compact-info movecount="1999" movebytes="785512" />
  <remembered-set-cleared processed="8918" cleared="1230" durationms="0.186" />
</gc-op>
<heap-resize id="759" type="expand" space="default" amount="1048576" count="1" timems="0.062" reason="insufficient free space following gc" timestamp="2019-06-17T07:05:57.166" />
<gc-end id="760" type="partial gc" contextid="752" durationms="3.913" usertimems="4.000" systemtimems="0.000" timestamp="2019-06-17T07:05:57.166" activeThreads="4">
  <mem-info id="761" free="25165824" total="75497472" percent="33">
    <mem type="eden" free="263456" total="1048576" percent="25" />
    <remembered-set count="7200" freebytes="2984832" totalbytes="3013632" percent="99" regionsoverflowed="0" regionsstable="0" regionsrebuilding="0"/>
  </mem-info>
</gc-end>
<cycle-end id="762" type="partial gc" contextid="752" timestamp="2019-06-17T07:05:57.166" />
  <attribute name="elasticGC enabled" value="1" />
  <attribute name= "numThreadsSpecified" value="4" />
  <attribute name="heapSize specified" value="0" />
  <attribute name="Current GC Util" value="35" />
  <attribute name= "Current Time Running" value="7542" />
  <attribute name ="GC Interval" value="0" />
  <attribute name="ProportionalT" value="15.000000" />
  <attribute name="ProportionalI" value="15.000000" />
  <attribute name="ProportionalH" value="15.000000" />
  <attribute name="Current Error" value="15.000000" />
  <attribute name="IntegralT" value="15.000000" />
  <attribute name="IntegralI" value="15.000000" />
  <attribute name="IntegralH" value="15.000000" />
  <attribute name="DerivativeT" value="15.000000" />
  <attribute name="DerivativeI" value="15.000000" />
  <attribute name="DerivativeH" value="15.000000" />
  <attribute name="Loop Time for DT" value="1.000000" />
  <attribute name="Output H" value="8388608"/>
  <attribute name="Output I" value="200"/>
  <attribute name="Output T" value="4"/>
  <attribute name="Target GC Util Change" value ="20.000000" />
  <attribute name="Current GC Util Change" value="35.000000"/>
  <attribute name="GC Util currently" value="35" />
  <attribute name="CPU Util currently" value="7100647617965" />
<exclusive-end id="763" timestamp="2019-06-17T07:05:57.166" durationms="4.719" />

<exclusive-start id="764" timestamp="2019-06-17T07:05:57.365" intervalms="203.605">
  <response-info timems="0.077" idlems="0.077" threads="0" lastid="0000000000D66100" lastname="Thread-5" />
</exclusive-start>
<allocation-taxation id="765" taxation-threshold="25165824" timestamp="2019-06-17T07:05:57.365" intervalms="203.601" />
<cycle-start id="766" type="partial gc" contextid="0" timestamp="2019-06-17T07:05:57.365" intervalms="203.560" />
<gc-start id="767" type="partial gc" contextid="766" timestamp="2019-06-17T07:05:57.365">
  <mem-info id="768" free="0" total="75497472" percent="0">
    <mem type="eden" free="0" total="25165824" percent="0" />
    <remembered-set count="6752" freebytes="2986624" totalbytes="3013632" percent="99" regionsoverflowed="0" regionsstable="0" regionsrebuilding="0"/>
  </mem-info>
</gc-start>
<allocation-stats totalBytes="25078392" >
  <allocated-bytes non-tlh="49168" tlh="25029224" arrayletleaf="0"/>
  <largest-consumer threadName="Thread-4" threadId="0000000000D62500" bytes="8938192" />
</allocation-stats>
<gc-op id="769" type="mark" timems="1.000" contextid="766" timestamp="2019-06-17T07:05:57.367">
  <trace-info objectcount="1444" scancount="1177" scanbytes="349792" />
  <cardclean-info objects="1166" bytes="58616" />
  <remembered-set-cleared processed="4426" cleared="639" durationms="0.180" />
  <references type="phantom" candidates="1" cleared="0" enqueued="0" />
  <stringconstants candidates="3963" cleared="0"  />
  <warning details="Mark invoked due to insufficient free space for Copy-Forward" />
</gc-op>
<gc-op id="770" type="classunload" timems="0.002" contextid="766" timestamp="2019-06-17T07:05:57.367">
  <classunload-info classloadercandidates="20" classloadersunloaded="0" classesunloaded="0" anonymousclassesunloaded="0" quiescems="0.000" setupms="0.002" scanms="0.000" postms="0.000" />
</gc-op>
<gc-op id="771" type="sweep" timems="0.468" contextid="766" timestamp="2019-06-17T07:05:57.368" />
<gc-op id="772" type="compact" timems="0.869" contextid="766" timestamp="2019-06-17T07:05:57.369">
  <compact-info movecount="1444" movebytes="732640" />
  <remembered-set-cleared processed="8811" cleared="1019" durationms="0.180" />
</gc-op>
<heap-resize id="773" type="expand" space="default" amount="1048576" count="1" timems="0.058" reason="insufficient free space following gc" timestamp="2019-06-17T07:05:57.369" />
<gc-end id="774" type="partial gc" contextid="766" durationms="3.665" usertimems="4.000" systemtimems="4.000" timestamp="2019-06-17T07:05:57.369" activeThreads="4">
  <mem-info id="775" free="25165824" total="76546048" percent="32">
    <mem type="eden" free="316472" total="1048576" percent="30" />
    <remembered-set count="7296" freebytes="3026304" totalbytes="3055488" percent="99" regionsoverflowed="0" regionsstable="0" regionsrebuilding="0"/>
  </mem-info>
</gc-end>
<cycle-end id="776" type="partial gc" contextid="766" timestamp="2019-06-17T07:05:57.369" />
  <attribute name="elasticGC enabled" value="1" />
  <attribute name= "numThreadsSpecified" value="4" />
  <attribute name="heapSize specified" value="0" />
  <attribute name="Current GC Util" value="35" />
  <attribute name= "Current Time Running" value="7745" />
  <attribute name ="GC Interval" value="0" />
  <attribute name="ProportionalT" value="15.000000" />
  <attribute name="ProportionalI" value="15.000000" />
  <attribute name="ProportionalH" value="15.000000" />
  <attribute name="Current Error" value="15.000000" />
  <attribute name="IntegralT" value="15.000000" />
  <attribute name="IntegralI" value="15.000000" />
  <attribute name="IntegralH" value="15.000000" />
  <attribute name="DerivativeT" value="15.000000" />
  <attribute name="DerivativeI" value="15.000000" />
  <attribute name="DerivativeH" value="15.000000" />
  <attribute name="Loop Time for DT" value="1.000000" />
  <attribute name="Output H" value="8388608"/>
  <attribute name="Output I" value="200"/>
  <attribute name="Output T" value="4"/>
  <attribute name="Target GC Util Change" value ="20.000000" />
  <attribute name="Current GC Util Change" value="35.000000"/>
  <attribute name="GC Util currently" value="35" />
  <attribute name="CPU Util currently" value="6600635792271" />
<exclusive-end id="777" timestamp="2019-06-17T07:05:57.369" durationms="4.538" />

<exclusive-start id="778" timestamp="2019-06-17T07:05:57.565" intervalms="199.988">
  <response-info timems="0.034" idlems="0.034" threads="0" lastid="0000000000D62500" lastname="Thread-4" />
</exclusive-start>
<allocation-taxation id="779" taxation-threshold="25165824" timestamp="2019-06-17T07:05:57.565" intervalms="199.990" />
<cycle-start id="780" type="partial gc" contextid="0" timestamp="2019-06-17T07:05:57.565" intervalms="199.999" />
<gc-start id="781" type="partial gc" contextid="780" timestamp="2019-06-17T07:05:57.565">
  <mem-info id="782" free="0" total="76546048" percent="0">
    <mem type="eden" free="0" total="25165824" percent="0" />
    <remembered-set count="6816" freebytes="3028224" totalbytes="3055488" percent="99" regionsoverflowed="0" regionsstable="0" regionsrebuilding="0"/>
  </mem-info>
</gc-start>
<allocation-stats totalBytes="25103768" >
  <allocated-bytes non-tlh="32776" tlh="25070992" arrayletleaf="0"/>
  <largest-consumer threadName="Thread-5" threadId="0000000000D66100" bytes="7385032" />
</allocation-stats>
<gc-op id="783" type="mark" timems="1.054" contextid="780" timestamp="2019-06-17T07:05:57.567">
  <trace-info objectcount="1989" scancount="1594" scanbytes="331384" />
  <cardclean-info objects="1169" bytes="58480" />
  <remembered-set-cleared processed="4327" cleared="503" durationms="0.181" />
  <references type="weak" candidates="1" cleared="0" enqueued="0" />
  <references type="phantom" candidates="2" cleared="0" enqueued="0" />
  <stringconstants candidates="3963" cleared="0"  />
  <warning details="Mark invoked due to insufficient free space for Copy-Forward" />
</gc-op>
<gc-op id="784" type="classunload" timems="0.002" contextid="780" timestamp="2019-06-17T07:05:57.567">
  <classunload-info classloadercandidates="20" classloadersunloaded="0" classesunloaded="0" anonymousclassesunloaded="0" quiescems="0.000" setupms="0.002" scanms="0.000" postms="0.000" />
</gc-op>
<gc-op id="785" type="sweep" timems="0.430" contextid="780" timestamp="2019-06-17T07:05:57.568" />
<gc-op id="786" type="compact" timems="1.240" contextid="780" timestamp="2019-06-17T07:05:57.569">
  <compact-info movecount="1981" movebytes="742408" />
  <remembered-set-cleared processed="8882" cleared="1031" durationms="0.181" />
</gc-op>
<gc-end id="787" type="partial gc" contextid="780" durationms="4.039" usertimems="8.000" systemtimems="0.000" timestamp="2019-06-17T07:05:57.569" activeThreads="1">
  <mem-info id="788" free="25165824" total="76546048" percent="32">
    <mem type="eden" free="306168" total="1048576" percent="29" />
    <remembered-set count="7264" freebytes="3026432" totalbytes="3055488" percent="99" regionsoverflowed="0" regionsstable="0" regionsrebuilding="0"/>
  </mem-info>
</gc-end>
<cycle-end id="789" type="partial gc" contextid="780" timestamp="2019-06-17T07:05:57.570" />
  <attribute name="elasticGC enabled" value="1" />
  <attribute name= "numThreadsSpecified" value="1" />
  <attribute name="heapSize specified" value="0" />
  <attribute name="Current GC Util" value="41" />
  <attribute name= "Current Time Running" value="7945" />
  <attribute name ="GC Interval" value="0" />
  <attribute name="ProportionalT" value="21.000000" />
  <attribute name="ProportionalI" value="21.000000" />
  <attribute name="ProportionalH" value="21.000000" />
  <attribute name="Current Error" value="21.000000" />
  <attribute name="IntegralT" value="0.000000" />
  <attribute name="IntegralI" value="0.000000" />
  <attribute name="IntegralH" value="0.000000" />
  <attribute name="DerivativeT" value="inf" />
  <attribute name="DerivativeI" value="inf" />
  <attribute name="DerivativeH" value="inf" />
  <attribute name="Loop Time for DT" value="0.000000" />
  <attribute name="Output H" value="8388608"/>
  <attribute name="Output I" value="200"/>
  <attribute name="Output T" value="1"/>
  <attribute name="Target GC Util Change" value ="20.000000" />
  <attribute name="Current GC Util Change" value="41.000000"/>
  <attribute name="GC Util currently" value="41" />
  <attribute name="CPU Util currently" value="7025725184360" />
<exclusive-end id="790" timestamp="2019-06-17T07:05:57.570" durationms="4.942" />

<exclusive-start id="791" timestamp="2019-06-17T07:05:57.765" intervalms="200.505">
  <response-info timems="0.056" idlems="0.056" threads="0" lastid="0000000000D66100" lastname="Thread-5" />
</exclusive-start>
<allocation-taxation id="792" taxation-threshold="25165824" timestamp="2019-06-17T07:05:57.766" intervalms="200.540" />
<cycle-start id="793" type="partial gc" contextid="0" timestamp="2019-06-17T07:05:57.766" intervalms="200.557" />
<gc-start id="794" type="partial gc" contextid="793" timestamp="2019-06-17T07:05:57.766">
  <mem-info id="795" free="0" total="76546048" percent="0">
    <mem type="eden" free="0" total="25165824" percent="0" />
    <remembered-set count="6784" freebytes="3028352" totalbytes="3055488" percent="99" regionsoverflowed="0" regionsstable="0" regionsrebuilding="0"/>
  </mem-info>
</gc-start>
<allocation-stats totalBytes="25151992" >
  <allocated-bytes non-tlh="0" tlh="25151992" arrayletleaf="0"/>
  <largest-consumer threadName="Thread-4" threadId="0000000000D62500" bytes="7753384" />
</allocation-stats>
<gc-op id="796" type="mark" timems="1.268" contextid="793" timestamp="2019-06-17T07:05:57.768">
  <trace-info objectcount="2690" scancount="2147" scanbytes="421264" />
  <cardclean-info objects="1171" bytes="58856" />
  <remembered-set-cleared processed="4453" cleared="593" durationms="0.182" />
  <references type="weak" candidates="1" cleared="0" enqueued="0" />
  <references type="phantom" candidates="1" cleared="0" enqueued="0" />
  <stringconstants candidates="3963" cleared="0"  />
  <warning details="Mark invoked due to insufficient free space for Copy-Forward" />
</gc-op>
<gc-op id="797" type="classunload" timems="0.002" contextid="793" timestamp="2019-06-17T07:05:57.768">
  <classunload-info classloadercandidates="20" classloadersunloaded="0" classesunloaded="0" anonymousclassesunloaded="0" quiescems="0.000" setupms="0.002" scanms="0.000" postms="0.000" />
</gc-op>
<gc-op id="798" type="sweep" timems="0.512" contextid="793" timestamp="2019-06-17T07:05:57.768" />
<gc-op id="799" type="compact" timems="1.076" contextid="793" timestamp="2019-06-17T07:05:57.770">
  <compact-info movecount="2689" movebytes="1037080" />
  <remembered-set-cleared processed="9261" cleared="1323" durationms="0.182" />
</gc-op>
<gc-end id="800" type="partial gc" contextid="793" durationms="4.035" usertimems="8.000" systemtimems="0.000" timestamp="2019-06-17T07:05:57.770" activeThreads="4">
  <mem-info id="801" free="25165824" total="76546048" percent="32">
    <mem type="eden" free="11496" total="1048576" percent="1" />
    <remembered-set count="7392" freebytes="3025920" totalbytes="3055488" percent="99" regionsoverflowed="0" regionsstable="0" regionsrebuilding="0"/>
  </mem-info>
</gc-end>
<cycle-end id="802" type="partial gc" contextid="793" timestamp="2019-06-17T07:05:57.770" />
  <attribute name="elasticGC enabled" value="1" />
  <attribute name= "numThreadsSpecified" value="4" />
  <attribute name="heapSize specified" value="0" />
  <attribute name="Current GC Util" value="37" />
  <attribute name= "Current Time Running" value="8146" />
  <attribute name ="GC Interval" value="0" />
  <attribute name="ProportionalT" value="17.000000" />
  <attribute name="ProportionalI" value="17.000000" />
  <attribute name="ProportionalH" value="17.000000" />
  <attribute name="Current Error" value="17.000000" />
  <attribute name="IntegralT" value="17.000000" />
  <attribute name="IntegralI" value="17.000000" />
  <attribute name="IntegralH" value="17.000000" />
  <attribute name="DerivativeT" value="17.000000" />
  <attribute name="DerivativeI" value="17.000000" />
  <attribute name="DerivativeH" value="17.000000" />
  <attribute name="Loop Time for DT" value="1.000000" />
  <attribute name="Output H" value="8388608"/>
  <attribute name="Output I" value="200"/>
  <attribute name="Output T" value="4"/>
  <attribute name="Target GC Util Change" value ="20.000000" />
  <attribute name="Current GC Util Change" value="37.000000"/>
  <attribute name="GC Util currently" value="37" />
  <attribute name="CPU Util currently" value="6539970007487" />
<exclusive-end id="803" timestamp="2019-06-17T07:05:57.770" durationms="4.823" />

<exclusive-start id="804" timestamp="2019-06-17T07:05:57.975" intervalms="209.358">
  <response-info timems="0.086" idlems="0.086" threads="0" lastid="0000000000D62500" lastname="Thread-4" />
</exclusive-start>
<allocation-taxation id="805" taxation-threshold="25165824" timestamp="2019-06-17T07:05:57.975" intervalms="209.332" />
<cycle-start id="806" type="partial gc" contextid="0" timestamp="2019-06-17T07:05:57.975" intervalms="209.319" />
<gc-start id="807" type="partial gc" contextid="806" timestamp="2019-06-17T07:05:57.975">
  <mem-info id="808" free="0" total="76546048" percent="0">
    <mem type="eden" free="0" total="25165824" percent="0" />
    <remembered-set count="6976" freebytes="3027584" totalbytes="3055488" percent="99" regionsoverflowed="0" regionsstable="0" regionsrebuilding="0"/>
  </mem-info>
</gc-start>
<allocation-stats totalBytes="25142592" >
  <allocated-bytes non-tlh="0" tlh="25142592" arrayletleaf="0"/>
  <largest-consumer threadName="Thread-4" threadId="0000000000D62500" bytes="8429552" />
</allocation-stats>
<gc-op id="809" type="mark" timems="1.062" contextid="806" timestamp="2019-06-17T07:05:57.977">
  <trace-info objectcount="2045" scancount="1632" scanbytes="334352" />
  <cardclean-info objects="1173" bytes="58872" />
  <remembered-set-cleared processed="4657" cleared="759" durationms="0.188" />
  <references type="weak" candidates="1" cleared="0" enqueued="0" />
  <references type="phantom" candidates="1" cleared="0" enqueued="0" />
  <stringconstants candidates="3963" cleared="0"  />
  <warning details="Mark invoked due to insufficient free space for Copy-Forward" />
</gc-op>
<gc-op id="810" type="classunload" timems="0.002" contextid="806" timestamp="2019-06-17T07:05:57.977">
  <classunload-info classloadercandidates="20" classloadersunloaded="0" classesunloaded="0" anonymousclassesunloaded="0" quiescems="0.000" setupms="0.002" scanms="0.000" postms="0.000" />
</gc-op>
<gc-op id="811" type="sweep" timems="0.417" contextid="806" timestamp="2019-06-17T07:05:57.977" />
<gc-op id="812" type="compact" timems="1.180" contextid="806" timestamp="2019-06-17T07:05:57.979">
  <compact-info movecount="2045" movebytes="833520" />
  <remembered-set-cleared processed="9333" cleared="1332" durationms="0.188" />
</gc-op>
<heap-resize id="813" type="expand" space="default" amount="2097152" count="1" timems="0.062" reason="insufficient free space following gc" timestamp="2019-06-17T07:05:57.979" />
<gc-end id="814" type="partial gc" contextid="806" durationms="3.866" usertimems="8.000" systemtimems="0.000" timestamp="2019-06-17T07:05:57.979" activeThreads="4">
  <mem-info id="815" free="26214400" total="78643200" percent="33">
    <mem type="eden" free="215200" total="1048576" percent="20" />
    <remembered-set count="7840" freebytes="3107840" totalbytes="3139200" percent="99" regionsoverflowed="0" regionsstable="0" regionsrebuilding="0"/>
  </mem-info>
</gc-end>
<cycle-end id="816" type="partial gc" contextid="806" timestamp="2019-06-17T07:05:57.979" />
  <attribute name="elasticGC enabled" value="1" />
  <attribute name= "numThreadsSpecified" value="4" />
  <attribute name="heapSize specified" value="0" />
  <attribute name="Current GC Util" value="42" />
  <attribute name= "Current Time Running" value="8355" />
  <attribute name ="GC Interval" value="0" />
  <attribute name="ProportionalT" value="22.000000" />
  <attribute name="ProportionalI" value="22.000000" />
  <attribute name="ProportionalH" value="22.000000" />
  <attribute name="Current Error" value="22.000000" />
  <attribute name="IntegralT" value="22.000000" />
  <attribute name="IntegralI" value="22.000000" />
  <attribute name="IntegralH" value="22.000000" />
  <attribute name="DerivativeT" value="22.000000" />
  <attribute name="DerivativeI" value="22.000000" />
  <attribute name="DerivativeH" value="22.000000" />
  <attribute name="Loop Time for DT" value="1.000000" />
  <attribute name="Output H" value="8388608"/>
  <attribute name="Output I" value="200"/>
  <attribute name="Output T" value="4"/>
  <attribute name="Target GC Util Change" value ="20.000000" />
  <attribute name="Current GC Util Change" value="42.000000"/>
  <attribute name="GC Util currently" value="42" />
  <attribute name="CPU Util currently" value="7245393960579" />
<exclusive-end id="817" timestamp="2019-06-17T07:05:57.980" durationms="4.824" />

<exclusive-start id="818" timestamp="2019-06-17T07:05:58.186" intervalms="211.493">
  <response-info timems="0.031" idlems="0.031" threads="0" lastid="0000000000D62500" lastname="Thread-4" />
</exclusive-start>
<allocation-taxation id="819" taxation-threshold="26214400" timestamp="2019-06-17T07:05:58.186" intervalms="211.484" />
<cycle-start id="820" type="partial gc" contextid="0" timestamp="2019-06-17T07:05:58.186" intervalms="211.479" />
<gc-start id="821" type="partial gc" contextid="820" timestamp="2019-06-17T07:05:58.187">
  <mem-info id="822" free="0" total="78643200" percent="0">
    <mem type="eden" free="0" total="26214400" percent="0" />
    <remembered-set count="7456" freebytes="3109376" totalbytes="3139200" percent="99" regionsoverflowed="0" regionsstable="0" regionsrebuilding="0"/>
  </mem-info>
</gc-start>
<allocation-stats totalBytes="26201880" >
  <allocated-bytes non-tlh="8200" tlh="26193680" arrayletleaf="0"/>
  <largest-consumer threadName="Thread-4" threadId="0000000000D62500" bytes="8660728" />
</allocation-stats>
<gc-op id="823" type="mark" timems="1.142" contextid="820" timestamp="2019-06-17T07:05:58.188">
  <trace-info objectcount="2316" scancount="1891" scanbytes="410668" />
  <cardclean-info objects="1162" bytes="58528" />
  <remembered-set-cleared processed="4560" cleared="623" durationms="0.199" />
  <references type="phantom" candidates="1" cleared="0" enqueued="0" />
  <stringconstants candidates="3963" cleared="0"  />
  <warning details="Mark invoked due to insufficient free space for Copy-Forward" />
</gc-op>
<gc-op id="824" type="classunload" timems="0.001" contextid="820" timestamp="2019-06-17T07:05:58.188">
  <classunload-info classloadercandidates="20" classloadersunloaded="0" classesunloaded="0" anonymousclassesunloaded="0" quiescems="0.000" setupms="0.001" scanms="0.000" postms="0.000" />
</gc-op>
<gc-op id="825" type="sweep" timems="0.575" contextid="820" timestamp="2019-06-17T07:05:58.189" />
<gc-op id="826" type="compact" timems="1.419" contextid="820" timestamp="2019-06-17T07:05:58.191">
  <compact-info movecount="2316" movebytes="958048" />
  <remembered-set-cleared processed="9312" cleared="1226" durationms="0.199" />
</gc-op>
<heap-resize id="827" type="expand" space="default" amount="1048576" count="1" timems="0.051" reason="insufficient free space following gc" timestamp="2019-06-17T07:05:58.191" />
<gc-end id="828" type="partial gc" contextid="820" durationms="4.679" usertimems="8.000" systemtimems="0.000" timestamp="2019-06-17T07:05:58.191" activeThreads="4">
  <mem-info id="829" free="26214400" total="79691776" percent="32">
    <mem type="eden" free="90816" total="1048576" percent="8" />
    <remembered-set count="7424" freebytes="3151360" totalbytes="3181056" percent="99" regionsoverflowed="0" regionsstable="0" regionsrebuilding="0"/>
  </mem-info>
</gc-end>
<cycle-end id="830" type="partial gc" contextid="820" timestamp="2019-06-17T07:05:58.192" />
  <attribute name="elasticGC enabled" value="1" />
  <attribute name= "numThreadsSpecified" value="4" />
  <attribute name="heapSize specified" value="0" />
  <attribute name="Current GC Util" value="27" />
  <attribute name= "Current Time Running" value="8567" />
  <attribute name ="GC Interval" value="0" />
  <attribute name="ProportionalT" value="7.000000" />
  <attribute name="ProportionalI" value="7.000000" />
  <attribute name="ProportionalH" value="7.000000" />
  <attribute name="Current Error" value="7.000000" />
  <attribute name="IntegralT" value="7.000000" />
  <attribute name="IntegralI" value="7.000000" />
  <attribute name="IntegralH" value="7.000000" />
  <attribute name="DerivativeT" value="7.000000" />
  <attribute name="DerivativeI" value="7.000000" />
  <attribute name="DerivativeH" value="7.000000" />
  <attribute name="Loop Time for DT" value="1.000000" />
  <attribute name="Output H" value="8388608"/>
  <attribute name="Output I" value="200"/>
  <attribute name="Output T" value="4"/>
  <attribute name="Target GC Util Change" value ="20.000000" />
  <attribute name="Current GC Util Change" value="27.000000"/>
  <attribute name="GC Util currently" value="27" />
  <attribute name="CPU Util currently" value="5675131963636" />
<exclusive-end id="831" timestamp="2019-06-17T07:05:58.192" durationms="5.752" />

</verbosegc>

