<?xml version="1.0" ?>

<verbosegc xmlns="http://www.ibm.com/j9/verbosegc" version="10b4217_CMPRSS">

<initialized id="1" timestamp="2019-06-16T17:32:24.034">
  <attribute name="gcPolicy" value="-Xgcpolicy:gencon" />
  <attribute name="elasticGC enabled" value="1" />
  <attribute name= "numThreadsSpecified" value="0" />
  <attribute name="heapSize specified" value="0" />
  <attribute name="Current GC Util" value="0" />
  <attribute name= "Current Time Running" value="0" />
  <attribute name ="GC Interval" value="0" />
  <attribute name="ProportionalT" value="0.000000" />
  <attribute name="ProportionalI" value="0.000000" />
  <attribute name="ProportionalH" value="0.000000" />
  <attribute name="IntegralT" value="0.000000" />
  <attribute name="IntegralI" value="0.000000" />
  <attribute name="IntegralH" value="0.000000" />
  <attribute name="DerivativeT" value="0.000000" />
  <attribute name="DerivativeI" value="0.000000" />
  <attribute name="DerivativeH" value="0.000000" />
  <attribute name="Target GC Util Change" value ="0.000000" />
  <attribute name="Current GC Util Change" value="0.000000"/>
  <attribute name="Current Error" value="0.000000" />
  <attribute name="Loop Time for DT" value="0.000000" />
  <attribute name="Output H" value="0"/>
  <attribute name="Output I" value="0"/>
  <attribute name="Output T" value="0"/>
  <attribute name="GC Util currently" value="0" />
  <attribute name="CPU Util currently" value="0" />
  <attribute name="maxHeapSize" value="0x7cbc0000" />
  <attribute name="initialHeapSize" value="0x800000" />
  <attribute name="compressedRefs" value="true" />
  <attribute name="compressedRefsDisplacement" value="0x0" />
  <attribute name="compressedRefsShift" value="0x0" />
  <attribute name="pageSize" value="0x1000" />
  <attribute name="pageType" value="not used" />
  <attribute name="requestedPageSize" value="0x1000" />
  <attribute name="requestedPageType" value="not used" />
  <attribute name="gcthreads" value="4" />
  <attribute name="gcthreads Concurrent Mark" value="1" />
  <attribute name="packetListSplit" value="4" />
  <attribute name="cacheListSplit" value="4" />
  <attribute name="splitFreeListSplitAmount" value="1" />
  <attribute name="numaNodes" value="0" />
  <system>
    <attribute name="physicalMemory" value="8370962432" />
    <attribute name="numCPUs" value="4" />
    <attribute name="architecture" value="amd64" />
    <attribute name="os" value="Linux" />
    <attribute name="osVersion" value="4.4.0-148-generic" />
  </system>
  <vmargs>
    <vmarg name="-Xoptionsfile=/vagrant/jdk/lib/options.default" />
    <vmarg name="-Xlockword:mode=default,noLockword=java/lang/String,noLockword=java/util/MapEntry,noLockword=java/util/HashMap$Entry,noLockword..." />
    <vmarg name="-Xjcl:jclse29" />
    <vmarg name="-Dcom.ibm.oti.vm.bootstrap.library.path=/vagrant/jdk/lib/compressedrefs:/vagrant/jdk/lib" />
    <vmarg name="-Dsun.boot.library.path=/vagrant/jdk/lib/compressedrefs:/vagrant/jdk/lib" />
    <vmarg name="-Djava.library.path=/vagrant/jdk/lib/compressedrefs:/vagrant/jdk/lib:/usr/lib64:/usr/lib" />
    <vmarg name="-Djava.home=/vagrant/jdk" />
    <vmarg name="-Duser.dir=/vagrant" />
    <vmarg name="-verbose:gc" />
    <vmarg name="-Xgcelastic" />
    <vmarg name="-Xcheck:gc:::elasticGC" />
    <vmarg name="-Xloggc:small-jdk-1-1-0.5-verbose4sunflow.txt" />
    <vmarg name="-Djava.class.path=dacapo-9.12-MR1-bach.jar" />
    <vmarg name="-Dsun.java.command=dacapo-9.12-MR1-bach.jar sunflow --size=small" />
    <vmarg name="-Dsun.java.launcher=SUN_STANDARD" />
    <vmarg name="-Dsun.java.launcher.pid=8286" />
  </vmargs>
</initialized>

<exclusive-start id="2" timestamp="2019-06-16T17:32:24.227" intervalms="192.336">
  <response-info timems="0.057" idlems="0.057" threads="0" lastid="00000000015AB700" lastname="main" />
</exclusive-start>
<af-start id="3" threadId="00000000015AC088" totalBytesRequested="7176" timestamp="2019-06-16T17:32:24.227" intervalms="192.749" type="nursery" />
<cycle-start id="4" type="scavenge" contextid="0" timestamp="2019-06-16T17:32:24.228" intervalms="193.274" />
<gc-start id="5" type="scavenge" contextid="4" timestamp="2019-06-16T17:32:24.233">
  <mem-info id="6" free="6062624" total="8388608" percent="72">
    <mem type="nursery" free="0" total="2097152" percent="0">
      <mem type="allocate" free="0" total="1048576" percent="0" />
      <mem type="survivor" free="0" total="1048576" percent="0" />
    </mem>
    <mem type="tenure" free="6062624" total="6291456" percent="96">
      <mem type="soa" free="5748256" total="5977088" percent="96" />
      <mem type="loa" free="314368" total="314368" percent="100" />
    </mem>
    <remembered-set count="3161" />
  </mem-info>
</gc-start>
<allocation-stats totalBytes="1275456" >
  <allocated-bytes non-tlh="344784" tlh="930672" />
  <largest-consumer threadName="main" threadId="00000000015AB700" bytes="1198936" />
</allocation-stats>
<gc-op id="7" type="scavenge" timems="1.697" contextid="4" timestamp="2019-06-16T17:32:24.235">
  <scavenger-info tenureage="2" tenuremask="fffc" tiltratio="50" />
  <memory-copied type="nursery" objects="10578" bytes="479592" bytesdiscarded="137968" />
  <finalization candidates="11" enqueued="0" />
  <references type="soft" candidates="62" cleared="0" enqueued="0" dynamicThreshold="32" maxThreshold="32" />
  <references type="weak" candidates="309" cleared="177" enqueued="141" />
  <references type="phantom" candidates="25" cleared="6" enqueued="6" />
</gc-op>
<gc-end id="8" type="scavenge" contextid="4" durationms="5.256" usertimems="4.000" systemtimems="4.000" timestamp="2019-06-16T17:32:24.238" activeThreads="4">
  <mem-info id="9" free="6491544" total="8388608" percent="77">
    <mem type="nursery" free="428920" total="2097152" percent="20">
      <mem type="allocate" free="428920" total="1048576" percent="40" />
      <mem type="survivor" free="0" total="1048576" percent="0" />
    </mem>
    <mem type="tenure" free="6062624" total="6291456" percent="96">
      <mem type="soa" free="5748256" total="5977088" percent="96" />
      <mem type="loa" free="314368" total="314368" percent="100" />
    </mem>
    <pending-finalizers system="0" default="0" reference="147" classloader="0" />
    <remembered-set count="3161" />
  </mem-info>
</gc-end>
<cycle-end id="10" type="scavenge" contextid="4" timestamp="2019-06-16T17:32:24.239" />
  <attribute name="elasticGC enabled" value="1" />
  <attribute name= "numThreadsSpecified" value="0" />
  <attribute name="heapSize specified" value="0" />
  <attribute name="Current GC Util" value="0" />
  <attribute name= "Current Time Running" value="83" />
  <attribute name ="GC Interval" value="1" />
  <attribute name="ProportionalT" value="0.000000" />
  <attribute name="ProportionalI" value="0.000000" />
  <attribute name="ProportionalH" value="0.000000" />
  <attribute name="Current Error" value="0.000000" />
  <attribute name="IntegralT" value="0.000000" />
  <attribute name="IntegralI" value="0.000000" />
  <attribute name="IntegralH" value="0.000000" />
  <attribute name="DerivativeT" value="0.000000" />
  <attribute name="DerivativeI" value="0.000000" />
  <attribute name="DerivativeH" value="0.000000" />
  <attribute name="Loop Time for DT" value="0.000000" />
  <attribute name="Output H" value="0"/>
  <attribute name="Output I" value="0"/>
  <attribute name="Output T" value="0"/>
  <attribute name="Target GC Util Change" value ="20.000000" />
  <attribute name="Current GC Util Change" value="0.000000"/>
  <attribute name="GC Util currently" value="0" />
  <attribute name="CPU Util currently" value="30" />
<allocation-satisfied id="11" threadId="00000000015AB700" bytesRequested="7176" />
<af-end id="12" timestamp="2019-06-16T17:32:24.239" threadId="00000000015AC088" success="true" from="nursery"/>
<exclusive-end id="13" timestamp="2019-06-16T17:32:24.239" durationms="12.284" />

<exclusive-start id="14" timestamp="2019-06-16T17:32:24.259" intervalms="31.965">
  <response-info timems="0.031" idlems="0.031" threads="0" lastid="00000000015AB700" lastname="main" />
</exclusive-start>
<af-start id="15" threadId="00000000015AC088" totalBytesRequested="15200" timestamp="2019-06-16T17:32:24.259" intervalms="31.623" type="nursery" />
<cycle-start id="16" type="scavenge" contextid="0" timestamp="2019-06-16T17:32:24.259" intervalms="31.161" />
<gc-start id="17" type="scavenge" contextid="16" timestamp="2019-06-16T17:32:24.263">
  <mem-info id="18" free="6054888" total="8388608" percent="72">
    <mem type="nursery" free="0" total="2097152" percent="0">
      <mem type="allocate" free="0" total="1048576" percent="0" />
      <mem type="survivor" free="0" total="1048576" percent="0" />
    </mem>
    <mem type="tenure" free="6054888" total="6291456" percent="96">
      <mem type="soa" free="5740520" total="5977088" percent="96" />
      <mem type="loa" free="314368" total="314368" percent="100" />
    </mem>
    <remembered-set count="3262" />
  </mem-info>
</gc-start>
<allocation-stats totalBytes="427752" >
  <allocated-bytes non-tlh="14912" tlh="412840" />
  <largest-consumer threadName="main" threadId="00000000015AB700" bytes="415776" />
</allocation-stats>
<gc-op id="19" type="scavenge" timems="0.865" contextid="16" timestamp="2019-06-16T17:32:24.264">
  <scavenger-info tenureage="5" tenuremask="7fe0" tiltratio="50" />
  <memory-copied type="nursery" objects="10890" bytes="485656" bytesdiscarded="161120" />
  <finalization candidates="11" enqueued="0" />
  <references type="soft" candidates="62" cleared="0" enqueued="0" dynamicThreshold="32" maxThreshold="32" />
  <references type="weak" candidates="241" cleared="96" enqueued="93" />
  <references type="phantom" candidates="37" cleared="12" enqueued="12" />
</gc-op>
<gc-end id="20" type="scavenge" contextid="16" durationms="1.276" usertimems="4.000" systemtimems="0.000" timestamp="2019-06-16T17:32:24.264" activeThreads="4">
  <mem-info id="21" free="6455224" total="8388608" percent="76">
    <mem type="nursery" free="400336" total="2097152" percent="19">
      <mem type="allocate" free="400336" total="1048576" percent="38" />
      <mem type="survivor" free="0" total="1048576" percent="0" />
    </mem>
    <mem type="tenure" free="6054888" total="6291456" percent="96">
      <mem type="soa" free="5740520" total="5977088" percent="96" />
      <mem type="loa" free="314368" total="314368" percent="100" />
    </mem>
    <pending-finalizers system="0" default="0" reference="105" classloader="0" />
    <remembered-set count="3262" />
  </mem-info>
</gc-end>
<cycle-end id="22" type="scavenge" contextid="16" timestamp="2019-06-16T17:32:24.264" />
  <attribute name="elasticGC enabled" value="1" />
  <attribute name= "numThreadsSpecified" value="4" />
  <attribute name="heapSize specified" value="0" />
  <attribute name="Current GC Util" value="40" />
  <attribute name= "Current Time Running" value="113" />
  <attribute name ="GC Interval" value="624" />
  <attribute name="ProportionalT" value="20.000000" />
  <attribute name="ProportionalI" value="20.000000" />
  <attribute name="ProportionalH" value="20.000000" />
  <attribute name="Current Error" value="20.000000" />
  <attribute name="IntegralT" value="600.000000" />
  <attribute name="IntegralI" value="600.000000" />
  <attribute name="IntegralH" value="600.000000" />
  <attribute name="DerivativeT" value="0.333333" />
  <attribute name="DerivativeI" value="0.333333" />
  <attribute name="DerivativeH" value="0.333333" />
  <attribute name="Loop Time for DT" value="30.000000" />
  <attribute name="Output H" value="8388608"/>
  <attribute name="Output I" value="624"/>
  <attribute name="Output T" value="4"/>
  <attribute name="Target GC Util Change" value ="20.000000" />
  <attribute name="Current GC Util Change" value="40.000000"/>
  <attribute name="GC Util currently" value="40" />
  <attribute name="CPU Util currently" value="15" />
<allocation-satisfied id="23" threadId="00000000015AB700" bytesRequested="15200" />
<af-end id="24" timestamp="2019-06-16T17:32:24.264" threadId="00000000015AC088" success="true" from="nursery"/>
<exclusive-end id="25" timestamp="2019-06-16T17:32:24.264" durationms="5.590" />

<exclusive-start id="26" timestamp="2019-06-16T17:32:24.275" intervalms="16.345">
  <response-info timems="0.066" idlems="0.066" threads="0" lastid="00000000015AB700" lastname="main" />
</exclusive-start>
<af-start id="27" threadId="00000000015AC088" totalBytesRequested="16392" timestamp="2019-06-16T17:32:24.275" intervalms="16.432" type="nursery" />
<cycle-start id="28" type="scavenge" contextid="0" timestamp="2019-06-16T17:32:24.275" intervalms="16.508" />
<gc-start id="29" type="scavenge" contextid="28" timestamp="2019-06-16T17:32:24.275">
  <mem-info id="30" free="6052200" total="8388608" percent="72">
    <mem type="nursery" free="0" total="2097152" percent="0">
      <mem type="allocate" free="0" total="1048576" percent="0" />
      <mem type="survivor" free="0" total="1048576" percent="0" />
    </mem>
    <mem type="tenure" free="6052200" total="6291456" percent="96">
      <mem type="soa" free="5737832" total="5977088" percent="95" />
      <mem type="loa" free="314368" total="314368" percent="100" />
    </mem>
    <remembered-set count="3295" />
  </mem-info>
</gc-start>
<allocation-stats totalBytes="358344" >
  <allocated-bytes non-tlh="17888" tlh="340456" />
  <largest-consumer threadName="main" threadId="00000000015AB700" bytes="350152" />
</allocation-stats>
<gc-op id="31" type="scavenge" timems="0.745" contextid="28" timestamp="2019-06-16T17:32:24.276">
  <scavenger-info tenureage="4" tenuremask="7ff0" tiltratio="50" />
  <memory-copied type="nursery" objects="10890" bytes="504080" bytesdiscarded="132696" />
  <finalization candidates="11" enqueued="0" />
  <references type="soft" candidates="62" cleared="0" enqueued="0" dynamicThreshold="32" maxThreshold="32" />
  <references type="weak" candidates="219" cleared="73" enqueued="73" />
  <references type="phantom" candidates="36" cleared="9" enqueued="9" />
</gc-op>
<gc-end id="32" type="scavenge" contextid="28" durationms="1.103" usertimems="0.000" systemtimems="0.000" timestamp="2019-06-16T17:32:24.277" activeThreads="4">
  <mem-info id="33" free="6462552" total="8388608" percent="77">
    <mem type="nursery" free="410352" total="2097152" percent="19">
      <mem type="allocate" free="410352" total="1048576" percent="39" />
      <mem type="survivor" free="0" total="1048576" percent="0" />
    </mem>
    <mem type="tenure" free="6052200" total="6291456" percent="96">
      <mem type="soa" free="5737832" total="5977088" percent="95" />
      <mem type="loa" free="314368" total="314368" percent="100" />
    </mem>
    <pending-finalizers system="0" default="0" reference="82" classloader="0" />
    <remembered-set count="1025" />
  </mem-info>
</gc-end>
<cycle-end id="34" type="scavenge" contextid="28" timestamp="2019-06-16T17:32:24.277" />
  <attribute name="elasticGC enabled" value="1" />
  <attribute name= "numThreadsSpecified" value="4" />
  <attribute name="heapSize specified" value="0" />
  <attribute name="Current GC Util" value="43" />
  <attribute name= "Current Time Running" value="125" />
  <attribute name ="GC Interval" value="904" />
  <attribute name="ProportionalT" value="23.000000" />
  <attribute name="ProportionalI" value="23.000000" />
  <attribute name="ProportionalH" value="23.000000" />
  <attribute name="Current Error" value="23.000000" />
  <attribute name="IntegralT" value="876.000000" />
  <attribute name="IntegralI" value="876.000000" />
  <attribute name="IntegralH" value="876.000000" />
  <attribute name="DerivativeT" value="0.125000" />
  <attribute name="DerivativeI" value="0.125000" />
  <attribute name="DerivativeH" value="0.125000" />
  <attribute name="Loop Time for DT" value="12.000000" />
  <attribute name="Output H" value="8388608"/>
  <attribute name="Output I" value="904"/>
  <attribute name="Output T" value="4"/>
  <attribute name="Target GC Util Change" value ="20.000000" />
  <attribute name="Current GC Util Change" value="43.000000"/>
  <attribute name="GC Util currently" value="43" />
  <attribute name="CPU Util currently" value="362501039018" />
<allocation-satisfied id="35" threadId="00000000015AB700" bytesRequested="16392" />
<af-end id="36" timestamp="2019-06-16T17:32:24.277" threadId="00000000015AC088" success="true" from="nursery"/>
<exclusive-end id="37" timestamp="2019-06-16T17:32:24.277" durationms="1.837" />

<exclusive-start id="38" timestamp="2019-06-16T17:32:24.339" intervalms="64.032">
  <response-info timems="0.033" idlems="0.033" threads="0" lastid="00000000015AB700" lastname="main" />
</exclusive-start>
<af-start id="39" threadId="00000000015AC088" totalBytesRequested="23936" timestamp="2019-06-16T17:32:24.339" intervalms="63.953" type="nursery" />
<cycle-start id="40" type="scavenge" contextid="0" timestamp="2019-06-16T17:32:24.339" intervalms="63.875" />
<gc-start id="41" type="scavenge" contextid="40" timestamp="2019-06-16T17:32:24.339">
  <mem-info id="42" free="6047352" total="8388608" percent="72">
    <mem type="nursery" free="0" total="2097152" percent="0">
      <mem type="allocate" free="0" total="1048576" percent="0" />
      <mem type="survivor" free="0" total="1048576" percent="0" />
    </mem>
    <mem type="tenure" free="6047352" total="6291456" percent="96">
      <mem type="soa" free="5732984" total="5977088" percent="95" />
      <mem type="loa" free="314368" total="314368" percent="100" />
    </mem>
    <remembered-set count="1105" />
  </mem-info>
</gc-start>
<allocation-stats totalBytes="412144" >
  <allocated-bytes non-tlh="21240" tlh="390904" />
  <largest-consumer threadName="main" threadId="00000000015AB700" bytes="412144" />
</allocation-stats>
<gc-op id="43" type="scavenge" timems="1.026" contextid="40" timestamp="2019-06-16T17:32:24.340">
  <scavenger-info tenureage="3" tenuremask="fff8" tiltratio="50" />
  <memory-copied type="nursery" objects="746" bytes="97720" bytesdiscarded="98048" />
  <memory-copied type="tenure" objects="10289" bytes="460016" bytesdiscarded="712" />
  <finalization candidates="14" enqueued="1" />
  <references type="soft" candidates="1" cleared="0" enqueued="0" dynamicThreshold="32" maxThreshold="32" />
  <references type="weak" candidates="71" cleared="56" enqueued="56" />
  <references type="phantom" candidates="22" cleared="11" enqueued="11" />
</gc-op>
<gc-end id="44" type="scavenge" contextid="40" durationms="1.203" usertimems="4.000" systemtimems="0.000" timestamp="2019-06-16T17:32:24.340" activeThreads="4">
  <mem-info id="45" free="6181840" total="8388608" percent="73">
    <mem type="nursery" free="852736" total="2097152" percent="40">
      <mem type="allocate" free="852736" total="1048576" percent="81" />
      <mem type="survivor" free="0" total="1048576" percent="0" />
    </mem>
    <mem type="tenure" free="5329104" total="6291456" percent="84">
      <mem type="soa" free="5014736" total="5977088" percent="83" />
      <mem type="loa" free="314368" total="314368" percent="100" />
    </mem>
    <pending-finalizers system="1" default="0" reference="67" classloader="0" />
    <remembered-set count="219" />
  </mem-info>
</gc-end>
<cycle-end id="46" type="scavenge" contextid="40" timestamp="2019-06-16T17:32:24.341" />
  <attribute name="elasticGC enabled" value="1" />
  <attribute name= "numThreadsSpecified" value="4" />
  <attribute name="heapSize specified" value="0" />
  <attribute name="Current GC Util" value="2" />
  <attribute name= "Current Time Running" value="189" />
  <attribute name ="GC Interval" value="200" />
  <attribute name="ProportionalT" value="-18.000000" />
  <attribute name="ProportionalI" value="-18.000000" />
  <attribute name="ProportionalH" value="-18.000000" />
  <attribute name="Current Error" value="-18.000000" />
  <attribute name="IntegralT" value="-276.000000" />
  <attribute name="IntegralI" value="-276.000000" />
  <attribute name="IntegralH" value="-276.000000" />
  <attribute name="DerivativeT" value="-0.320312" />
  <attribute name="DerivativeI" value="-0.320312" />
  <attribute name="DerivativeH" value="-0.320312" />
  <attribute name="Loop Time for DT" value="64.000000" />
  <attribute name="Output H" value="2092630016"/>
  <attribute name="Output I" value="200"/>
  <attribute name="Output T" value="4"/>
  <attribute name="Target GC Util Change" value ="20.000000" />
  <attribute name="Current GC Util Change" value="2.000000"/>
  <attribute name="GC Util currently" value="2" />
  <attribute name="CPU Util currently" value="0" />
<allocation-satisfied id="47" threadId="00000000015AB700" bytesRequested="23936" />
<af-end id="48" timestamp="2019-06-16T17:32:24.341" threadId="00000000015AC088" success="true" from="nursery"/>
<exclusive-end id="49" timestamp="2019-06-16T17:32:24.341" durationms="1.660" />

<exclusive-start id="50" timestamp="2019-06-16T17:32:24.411" intervalms="72.263">
  <response-info timems="0.066" idlems="0.066" threads="0" lastid="00000000015AB700" lastname="main" />
</exclusive-start>
<af-start id="51" threadId="00000000015AC088" totalBytesRequested="16" timestamp="2019-06-16T17:32:24.411" intervalms="72.298" type="nursery" />
<cycle-start id="52" type="scavenge" contextid="0" timestamp="2019-06-16T17:32:24.412" intervalms="72.327" />
<gc-start id="53" type="scavenge" contextid="52" timestamp="2019-06-16T17:32:24.412">
  <mem-info id="54" free="5244296" total="8388608" percent="62">
    <mem type="nursery" free="0" total="2097152" percent="0">
      <mem type="allocate" free="0" total="1048576" percent="0" />
      <mem type="survivor" free="0" total="1048576" percent="0" />
    </mem>
    <mem type="tenure" free="5244296" total="6291456" percent="83">
      <mem type="soa" free="4929928" total="5977088" percent="82" />
      <mem type="loa" free="314368" total="314368" percent="100" />
    </mem>
    <remembered-set count="1618" />
  </mem-info>
</gc-start>
<allocation-stats totalBytes="937416" >
  <allocated-bytes non-tlh="189200" tlh="748216" />
  <largest-consumer threadName="main" threadId="00000000015AB700" bytes="937416" />
</allocation-stats>
<gc-op id="55" type="scavenge" timems="0.847" contextid="52" timestamp="2019-06-16T17:32:24.413">
  <scavenger-info tenureage="3" tenuremask="fff8" tiltratio="50" />
  <memory-copied type="nursery" objects="6160" bytes="318328" bytesdiscarded="102152" />
  <memory-copied type="tenure" objects="299" bytes="14984" bytesdiscarded="0" />
  <finalization candidates="45" enqueued="0" />
  <ownableSynchronizers candidates="1" cleared="0" />
  <references type="soft" candidates="46" cleared="0" enqueued="0" dynamicThreshold="32" maxThreshold="32" />
  <references type="weak" candidates="665" cleared="271" enqueued="188" />
  <references type="phantom" candidates="12" cleared="3" enqueued="3" />
</gc-op>
<gc-end id="56" type="scavenge" contextid="52" durationms="1.147" usertimems="0.000" systemtimems="0.000" timestamp="2019-06-16T17:32:24.413" activeThreads="4">
  <mem-info id="57" free="5872096" total="8388608" percent="70">
    <mem type="nursery" free="627800" total="2097152" percent="29">
      <mem type="allocate" free="627800" total="1048576" percent="59" />
      <mem type="survivor" free="0" total="1048576" percent="0" />
    </mem>
    <mem type="tenure" free="5244296" total="6291456" percent="83">
      <mem type="soa" free="4929928" total="5977088" percent="82" />
      <mem type="loa" free="314368" total="314368" percent="100" />
    </mem>
    <pending-finalizers system="0" default="0" reference="191" classloader="0" />
    <remembered-set count="1575" />
  </mem-info>
</gc-end>
<cycle-end id="58" type="scavenge" contextid="52" timestamp="2019-06-16T17:32:24.413" />
  <attribute name="elasticGC enabled" value="1" />
  <attribute name= "numThreadsSpecified" value="4" />
  <attribute name="heapSize specified" value="0" />
  <attribute name="Current GC Util" value="2" />
  <attribute name= "Current Time Running" value="261" />
  <attribute name ="GC Interval" value="200" />
  <attribute name="ProportionalT" value="-18.000000" />
  <attribute name="ProportionalI" value="-18.000000" />
  <attribute name="ProportionalH" value="-18.000000" />
  <attribute name="Current Error" value="-18.000000" />
  <attribute name="IntegralT" value="-1572.000000" />
  <attribute name="IntegralI" value="-1572.000000" />
  <attribute name="IntegralH" value="-1572.000000" />
  <attribute name="DerivativeT" value="-0.125000" />
  <attribute name="DerivativeI" value="-0.125000" />
  <attribute name="DerivativeH" value="-0.125000" />
  <attribute name="Loop Time for DT" value="72.000000" />
  <attribute name="Output H" value="2092630016"/>
  <attribute name="Output I" value="200"/>
  <attribute name="Output T" value="4"/>
  <attribute name="Target GC Util Change" value ="20.000000" />
  <attribute name="Current GC Util Change" value="2.000000"/>
  <attribute name="GC Util currently" value="2" />
  <attribute name="CPU Util currently" value="16" />
<allocation-satisfied id="59" threadId="00000000015AB700" bytesRequested="16" />
<af-end id="60" timestamp="2019-06-16T17:32:24.413" threadId="00000000015AC088" success="true" from="nursery"/>
<exclusive-end id="61" timestamp="2019-06-16T17:32:24.413" durationms="1.722" />

<exclusive-start id="62" timestamp="2019-06-16T17:32:24.508" intervalms="96.747">
  <response-info timems="0.029" idlems="0.029" threads="0" lastid="00000000015AB700" lastname="main" />
</exclusive-start>
<af-start id="63" threadId="00000000015AC088" totalBytesRequested="4104" timestamp="2019-06-16T17:32:24.508" intervalms="96.784" type="nursery" />
<cycle-start id="64" type="scavenge" contextid="0" timestamp="2019-06-16T17:32:24.508" intervalms="96.813" />
<gc-start id="65" type="scavenge" contextid="64" timestamp="2019-06-16T17:32:24.508">
  <mem-info id="66" free="5173768" total="8388608" percent="61">
    <mem type="nursery" free="0" total="2097152" percent="0">
      <mem type="allocate" free="0" total="1048576" percent="0" />
      <mem type="survivor" free="0" total="1048576" percent="0" />
    </mem>
    <mem type="tenure" free="5173768" total="6291456" percent="82">
      <mem type="soa" free="4859400" total="5977088" percent="81" />
      <mem type="loa" free="314368" total="314368" percent="100" />
    </mem>
    <remembered-set count="2555" />
  </mem-info>
</gc-start>
<allocation-stats totalBytes="694704" >
  <allocated-bytes non-tlh="70544" tlh="624160" />
  <largest-consumer threadName="main" threadId="00000000015AB700" bytes="682872" />
</allocation-stats>
<gc-op id="67" type="scavenge" timems="0.878" contextid="64" timestamp="2019-06-16T17:32:24.509">
  <scavenger-info tenureage="3" tenuremask="fff8" tiltratio="50" />
  <memory-copied type="nursery" objects="9320" bytes="441616" bytesdiscarded="91544" />
  <memory-copied type="tenure" objects="29" bytes="1768" bytesdiscarded="0" />
  <finalization candidates="113" enqueued="0" />
  <ownableSynchronizers candidates="3" cleared="0" />
  <references type="soft" candidates="69" cleared="0" enqueued="0" dynamicThreshold="32" maxThreshold="32" />
  <references type="weak" candidates="618" cleared="30" enqueued="15" />
  <references type="phantom" candidates="13" cleared="1" enqueued="1" />
</gc-op>
<gc-end id="68" type="scavenge" contextid="64" durationms="1.112" usertimems="0.000" systemtimems="0.000" timestamp="2019-06-16T17:32:24.510" activeThreads="4">
  <mem-info id="69" free="5688552" total="8388608" percent="67">
    <mem type="nursery" free="514784" total="2097152" percent="24">
      <mem type="allocate" free="514784" total="1048576" percent="49" />
      <mem type="survivor" free="0" total="1048576" percent="0" />
    </mem>
    <mem type="tenure" free="5173768" total="6291456" percent="82">
      <mem type="soa" free="4859400" total="5977088" percent="81" />
      <mem type="loa" free="314368" total="314368" percent="100" />
    </mem>
    <pending-finalizers system="0" default="0" reference="16" classloader="0" />
    <remembered-set count="2458" />
  </mem-info>
</gc-end>
<cycle-end id="70" type="scavenge" contextid="64" timestamp="2019-06-16T17:32:24.510" />
  <attribute name="elasticGC enabled" value="1" />
  <attribute name= "numThreadsSpecified" value="4" />
  <attribute name="heapSize specified" value="0" />
  <attribute name="Current GC Util" value="1" />
  <attribute name= "Current Time Running" value="358" />
  <attribute name ="GC Interval" value="200" />
  <attribute name="ProportionalT" value="-19.000000" />
  <attribute name="ProportionalI" value="-19.000000" />
  <attribute name="ProportionalH" value="-19.000000" />
  <attribute name="Current Error" value="-19.000000" />
  <attribute name="IntegralT" value="-3415.000000" />
  <attribute name="IntegralI" value="-3415.000000" />
  <attribute name="IntegralH" value="-3415.000000" />
  <attribute name="DerivativeT" value="-0.097938" />
  <attribute name="DerivativeI" value="-0.097938" />
  <attribute name="DerivativeH" value="-0.097938" />
  <attribute name="Loop Time for DT" value="97.000000" />
  <attribute name="Output H" value="2092630016"/>
  <attribute name="Output I" value="200"/>
  <attribute name="Output T" value="4"/>
  <attribute name="Target GC Util Change" value ="20.000000" />
  <attribute name="Current GC Util Change" value="1.000000"/>
  <attribute name="GC Util currently" value="1" />
  <attribute name="CPU Util currently" value="22" />
<allocation-satisfied id="71" threadId="00000000015AB700" bytesRequested="4104" />
<af-end id="72" timestamp="2019-06-16T17:32:24.510" threadId="00000000015AC088" success="true" from="nursery"/>
<exclusive-end id="73" timestamp="2019-06-16T17:32:24.510" durationms="1.776" />

<exclusive-start id="74" timestamp="2019-06-16T17:32:24.511" intervalms="3.062">
  <response-info timems="0.026" idlems="0.026" threads="0" lastid="00000000015AB700" lastname="main" />
</exclusive-start>
<sys-start reason="explicit" id="75" timestamp="2019-06-16T17:32:24.511" intervalms="476.839" />
<cycle-start id="76" type="global" contextid="0" timestamp="2019-06-16T17:32:24.511" intervalms="477.028" />
<gc-start id="77" type="global" contextid="76" timestamp="2019-06-16T17:32:24.511">
  <mem-info id="78" free="5631200" total="8388608" percent="67">
    <mem type="nursery" free="457432" total="2097152" percent="21">
      <mem type="allocate" free="457432" total="1048576" percent="43" />
      <mem type="survivor" free="0" total="1048576" percent="0" />
    </mem>
    <mem type="tenure" free="5173768" total="6291456" percent="82">
      <mem type="soa" free="4859400" total="5977088" percent="81" />
      <mem type="loa" free="314368" total="314368" percent="100" />
    </mem>
    <remembered-set count="2460" />
  </mem-info>
</gc-start>
<allocation-stats totalBytes="57352" >
  <allocated-bytes non-tlh="4104" tlh="53248" />
  <largest-consumer threadName="main" threadId="00000000015AB700" bytes="49160" />
</allocation-stats>
<gc-op id="79" type="mark" timems="1.460" contextid="76" timestamp="2019-06-16T17:32:24.513">
  <trace-info objectcount="29277" scancount="23458" scanbytes="763956" />
  <finalization candidates="124" enqueued="0" />
  <ownableSynchronizers candidates="3" cleared="0" />
  <references type="soft" candidates="131" cleared="0" enqueued="0" dynamicThreshold="32" maxThreshold="32" />
  <references type="weak" candidates="735" cleared="56" enqueued="29" />
  <references type="phantom" candidates="37" cleared="0" enqueued="0" />
  <stringconstants candidates="3958" cleared="0"  />
</gc-op>
<gc-op id="80" type="classunload" timems="0.079" contextid="76" timestamp="2019-06-16T17:32:24.513">
  <classunload-info classloadercandidates="7" classloadersunloaded="0" classesunloaded="0" anonymousclassesunloaded="0" quiescems="0.000" setupms="0.078" scanms="0.001" postms="0.000" />
</gc-op>
<gc-op id="81" type="sweep" timems="0.533" contextid="76" timestamp="2019-06-16T17:32:24.514" />
<mem-info id="82" free="6009408" total="8388608" percent="71">
  <mem type="nursery" free="594488" total="2097152" percent="28">
    <mem type="allocate" free="594488" total="1048576" percent="56" />
    <mem type="survivor" free="0" total="1048576" percent="0" />
  </mem>
  <mem type="tenure" free="5414920" total="6291456" percent="86" micro-fragmented="10143" macro-fragmented="0">
    <mem type="soa" free="5100552" total="5977088" percent="85" />
    <mem type="loa" free="314368" total="314368" percent="100" />
  </mem>
  <pending-finalizers system="0" default="0" reference="29" classloader="0" />
  <remembered-set count="2403" />
</mem-info>
<gc-op id="83" type="compact" timems="4.327" contextid="76" timestamp="2019-06-16T17:32:24.518">
  <compact-info movecount="24791" movebytes="1131296" reason="compact to aid heap contraction" />
</gc-op>
<gc-end id="84" type="global" contextid="76" durationms="7.512" usertimems="12.000" systemtimems="0.000" timestamp="2019-06-16T17:32:24.519" activeThreads="4">
  <mem-info id="85" free="6022416" total="8388608" percent="71">
    <mem type="nursery" free="599080" total="2097152" percent="28">
      <mem type="allocate" free="599080" total="1048576" percent="57" />
      <mem type="survivor" free="0" total="1048576" percent="0" />
    </mem>
    <mem type="tenure" free="5423336" total="6291456" percent="86">
      <mem type="soa" free="5108968" total="5977088" percent="85" />
      <mem type="loa" free="314368" total="314368" percent="100" />
    </mem>
    <pending-finalizers system="0" default="0" reference="29" classloader="0" />
    <remembered-set count="2403" />
  </mem-info>
</gc-end>
<cycle-end id="86" type="global" contextid="76" timestamp="2019-06-16T17:32:24.519" />
  <attribute name="elasticGC enabled" value="1" />
  <attribute name= "numThreadsSpecified" value="4" />
  <attribute name="heapSize specified" value="8388608" />
  <attribute name="Current GC Util" value="98" />
  <attribute name= "Current Time Running" value="368" />
  <attribute name ="GC Interval" value="200" />
  <attribute name="ProportionalT" value="78.000000" />
  <attribute name="ProportionalI" value="78.000000" />
  <attribute name="ProportionalH" value="78.000000" />
  <attribute name="Current Error" value="78.000000" />
  <attribute name="IntegralT" value="312.000000" />
  <attribute name="IntegralI" value="312.000000" />
  <attribute name="IntegralH" value="312.000000" />
  <attribute name="DerivativeT" value="9.625000" />
  <attribute name="DerivativeI" value="9.625000" />
  <attribute name="DerivativeH" value="9.625000" />
  <attribute name="Loop Time for DT" value="4.000000" />
  <attribute name="Output H" value="8388608"/>
  <attribute name="Output I" value="400"/>
  <attribute name="Output T" value="4"/>
  <attribute name="Target GC Util Change" value ="20.000000" />
  <attribute name="Current GC Util Change" value="98.000000"/>
  <attribute name="GC Util currently" value="98" />
  <attribute name="CPU Util currently" value="1036736050410" />
<sys-end id="87" timestamp="2019-06-16T17:32:24.519" />
<exclusive-end id="88" timestamp="2019-06-16T17:32:24.519" durationms="8.098" />

<exclusive-start id="89" timestamp="2019-06-16T17:32:24.539" intervalms="28.308">
  <response-info timems="0.074" idlems="0.074" threads="0" lastid="00000000015AB700" lastname="main" />
</exclusive-start>
<af-start id="90" threadId="00000000015AC088" totalBytesRequested="41360" timestamp="2019-06-16T17:32:24.540" intervalms="31.390" type="nursery" />
<cycle-start id="91" type="scavenge" contextid="0" timestamp="2019-06-16T17:32:24.540" intervalms="31.406" />
<gc-start id="92" type="scavenge" contextid="91" timestamp="2019-06-16T17:32:24.540">
  <mem-info id="93" free="5422240" total="8388608" percent="64">
    <mem type="nursery" free="0" total="2097152" percent="0">
      <mem type="allocate" free="0" total="1048576" percent="0" />
      <mem type="survivor" free="0" total="1048576" percent="0" />
    </mem>
    <mem type="tenure" free="5422240" total="6291456" percent="86">
      <mem type="soa" free="5107872" total="5977088" percent="85" />
      <mem type="loa" free="314368" total="314368" percent="100" />
    </mem>
    <remembered-set count="2428" />
  </mem-info>
</gc-start>
<allocation-stats totalBytes="560056" >
  <allocated-bytes non-tlh="124912" tlh="435144" />
  <largest-consumer threadName="main" threadId="00000000015AB700" bytes="551864" />
</allocation-stats>
<gc-op id="94" type="scavenge" timems="1.098" contextid="91" timestamp="2019-06-16T17:32:24.541">
  <scavenger-info tenureage="2" tenuremask="fffc" tiltratio="50" />
  <memory-copied type="nursery" objects="7171" bytes="377616" bytesdiscarded="149440" />
  <memory-copied type="tenure" objects="5874" bytes="305936" bytesdiscarded="528" />
  <finalization candidates="113" enqueued="0" />
  <ownableSynchronizers candidates="3" cleared="0" />
  <references type="soft" candidates="24" cleared="0" enqueued="0" dynamicThreshold="27" maxThreshold="32" />
  <references type="weak" candidates="195" cleared="7" enqueued="7" />
  <references type="phantom" candidates="6" cleared="0" enqueued="0" />
</gc-op>
<gc-end id="95" type="scavenge" contextid="91" durationms="1.436" usertimems="4.000" systemtimems="0.000" timestamp="2019-06-16T17:32:24.541" activeThreads="4">
  <mem-info id="96" free="5536064" total="8388608" percent="65">
    <mem type="nursery" free="586808" total="2097152" percent="27">
      <mem type="allocate" free="586808" total="1114112" percent="52" />
      <mem type="survivor" free="0" total="983040" percent="0" />
    </mem>
    <mem type="tenure" free="4949256" total="6291456" percent="78">
      <mem type="soa" free="4634888" total="5977088" percent="77" />
      <mem type="loa" free="314368" total="314368" percent="100" />
    </mem>
    <pending-finalizers system="0" default="0" reference="7" classloader="0" />
    <remembered-set count="1134" />
  </mem-info>
</gc-end>
<cycle-end id="97" type="scavenge" contextid="91" timestamp="2019-06-16T17:32:24.541" />
  <attribute name="elasticGC enabled" value="1" />
  <attribute name= "numThreadsSpecified" value="4" />
  <attribute name="heapSize specified" value="8388608" />
  <attribute name="Current GC Util" value="24" />
  <attribute name= "Current Time Running" value="390" />
  <attribute name ="GC Interval" value="200" />
  <attribute name="ProportionalT" value="4.000000" />
  <attribute name="ProportionalI" value="4.000000" />
  <attribute name="ProportionalH" value="4.000000" />
  <attribute name="Current Error" value="4.000000" />
  <attribute name="IntegralT" value="88.000000" />
  <attribute name="IntegralI" value="88.000000" />
  <attribute name="IntegralH" value="88.000000" />
  <attribute name="DerivativeT" value="-1.681818" />
  <attribute name="DerivativeI" value="-1.681818" />
  <attribute name="DerivativeH" value="-1.681818" />
  <attribute name="Loop Time for DT" value="22.000000" />
  <attribute name="Output H" value="8388608"/>
  <attribute name="Output I" value="200"/>
  <attribute name="Output T" value="4"/>
  <attribute name="Target GC Util Change" value ="20.000000" />
  <attribute name="Current GC Util Change" value="24.000000"/>
  <attribute name="GC Util currently" value="24" />
  <attribute name="CPU Util currently" value="15" />
<allocation-satisfied id="98" threadId="00000000015AB700" bytesRequested="41360" />
<af-end id="99" timestamp="2019-06-16T17:32:24.542" threadId="00000000015AC088" success="true" from="nursery"/>
<exclusive-end id="100" timestamp="2019-06-16T17:32:24.542" durationms="2.194" />

<exclusive-start id="101" timestamp="2019-06-16T17:32:24.579" intervalms="39.771">
  <response-info timems="0.078" idlems="0.078" threads="0" lastid="00000000015AB700" lastname="main" />
</exclusive-start>
<af-start id="102" threadId="00000000015AC088" totalBytesRequested="40" timestamp="2019-06-16T17:32:24.579" intervalms="39.746" type="nursery" />
<cycle-start id="103" type="scavenge" contextid="0" timestamp="2019-06-16T17:32:24.579" intervalms="39.739" />
<gc-start id="104" type="scavenge" contextid="103" timestamp="2019-06-16T17:32:24.580">
  <mem-info id="105" free="4932120" total="8388608" percent="58">
    <mem type="nursery" free="0" total="2097152" percent="0">
      <mem type="allocate" free="0" total="1114112" percent="0" />
      <mem type="survivor" free="0" total="983040" percent="0" />
    </mem>
    <mem type="tenure" free="4932120" total="6291456" percent="78">
      <mem type="soa" free="4617752" total="5977088" percent="77" />
      <mem type="loa" free="314368" total="314368" percent="100" />
    </mem>
    <remembered-set count="1397" />
  </mem-info>
</gc-start>
<allocation-stats totalBytes="603648" >
  <allocated-bytes non-tlh="99856" tlh="503792" />
  <largest-consumer threadName="main" threadId="00000000015AB700" bytes="603648" />
</allocation-stats>
<gc-op id="106" type="scavenge" timems="0.781" contextid="103" timestamp="2019-06-16T17:32:24.581">
  <scavenger-info tenureage="1" tenuremask="7ffe" tiltratio="53" />
  <memory-copied type="nursery" objects="5667" bytes="309624" bytesdiscarded="28144" />
  <memory-copied type="tenure" objects="7121" bytes="334096" bytesdiscarded="416" />
  <finalization candidates="68" enqueued="0" />
  <ownableSynchronizers candidates="2" cleared="0" />
  <references type="soft" candidates="11" cleared="0" enqueued="0" dynamicThreshold="27" maxThreshold="32" />
  <references type="weak" candidates="17" cleared="4" enqueued="2" />
</gc-op>
<gc-end id="107" type="scavenge" contextid="103" durationms="1.026" usertimems="0.000" systemtimems="0.000" timestamp="2019-06-16T17:32:24.581" activeThreads="4">
  <mem-info id="108" free="5604488" total="8388608" percent="66">
    <mem type="nursery" free="907376" total="2097152" percent="43">
      <mem type="allocate" free="907376" total="1245184" percent="72" />
      <mem type="survivor" free="0" total="851968" percent="0" />
    </mem>
    <mem type="tenure" free="4697112" total="6291456" percent="74">
      <mem type="soa" free="4382744" total="5977088" percent="73" />
      <mem type="loa" free="314368" total="314368" percent="100" />
    </mem>
    <pending-finalizers system="0" default="0" reference="2" classloader="0" />
    <remembered-set count="373" />
  </mem-info>
</gc-end>
<cycle-end id="109" type="scavenge" contextid="103" timestamp="2019-06-16T17:32:24.581" />
  <attribute name="elasticGC enabled" value="1" />
  <attribute name= "numThreadsSpecified" value="4" />
  <attribute name="heapSize specified" value="8388608" />
  <attribute name="Current GC Util" value="4" />
  <attribute name= "Current Time Running" value="429" />
  <attribute name ="GC Interval" value="200" />
  <attribute name="ProportionalT" value="-16.000000" />
  <attribute name="ProportionalI" value="-16.000000" />
  <attribute name="ProportionalH" value="-16.000000" />
  <attribute name="Current Error" value="-16.000000" />
  <attribute name="IntegralT" value="-624.000000" />
  <attribute name="IntegralI" value="-624.000000" />
  <attribute name="IntegralH" value="-624.000000" />
  <attribute name="DerivativeT" value="-0.256410" />
  <attribute name="DerivativeI" value="-0.256410" />
  <attribute name="DerivativeH" value="-0.256410" />
  <attribute name="Loop Time for DT" value="39.000000" />
  <attribute name="Output H" value="2092630016"/>
  <attribute name="Output I" value="200"/>
  <attribute name="Output T" value="4"/>
  <attribute name="Target GC Util Change" value ="20.000000" />
  <attribute name="Current GC Util Change" value="4.000000"/>
  <attribute name="GC Util currently" value="4" />
  <attribute name="CPU Util currently" value="7" />
<allocation-satisfied id="110" threadId="00000000015AB700" bytesRequested="40" />
<af-end id="111" timestamp="2019-06-16T17:32:24.581" threadId="00000000015AC088" success="true" from="nursery"/>
<exclusive-end id="112" timestamp="2019-06-16T17:32:24.581" durationms="1.654" />

<exclusive-start id="113" timestamp="2019-06-16T17:32:24.656" intervalms="76.933">
  <response-info timems="0.112" idlems="0.112" threads="0" lastid="00000000015AB700" lastname="main" />
</exclusive-start>
<af-start id="114" threadId="00000000015AC088" totalBytesRequested="4552" timestamp="2019-06-16T17:32:24.656" intervalms="76.933" type="nursery" />
<cycle-start id="115" type="scavenge" contextid="0" timestamp="2019-06-16T17:32:24.656" intervalms="76.921" />
<gc-start id="116" type="scavenge" contextid="115" timestamp="2019-06-16T17:32:24.657">
  <mem-info id="117" free="4674576" total="8388608" percent="55">
    <mem type="nursery" free="0" total="2097152" percent="0">
      <mem type="allocate" free="0" total="1245184" percent="0" />
      <mem type="survivor" free="0" total="851968" percent="0" />
    </mem>
    <mem type="tenure" free="4674576" total="6291456" percent="74">
      <mem type="soa" free="4360208" total="5977088" percent="72" />
      <mem type="loa" free="314368" total="314368" percent="100" />
    </mem>
    <remembered-set count="674" />
  </mem-info>
</gc-start>
<allocation-stats totalBytes="926664" >
  <allocated-bytes non-tlh="233408" tlh="693256" />
  <largest-consumer threadName="main" threadId="00000000015AB700" bytes="922568" />
</allocation-stats>
<gc-op id="118" type="scavenge" timems="0.546" contextid="115" timestamp="2019-06-16T17:32:24.657">
  <scavenger-info tenureage="1" tenuremask="7ffe" tiltratio="59" />
  <memory-copied type="nursery" objects="2157" bytes="136632" bytesdiscarded="104624" />
  <memory-copied type="tenure" objects="1388" bytes="144544" bytesdiscarded="16" />
  <references type="soft" candidates="1" cleared="0" enqueued="0" dynamicThreshold="27" maxThreshold="32" />
  <references type="weak" candidates="10" cleared="8" enqueued="8" />
</gc-op>
<gc-end id="119" type="scavenge" contextid="115" durationms="0.843" usertimems="0.000" systemtimems="4.000" timestamp="2019-06-16T17:32:24.657" activeThreads="4">
  <mem-info id="120" free="5552192" total="8388608" percent="66">
    <mem type="nursery" free="1069392" total="2097152" percent="50">
      <mem type="allocate" free="1069392" total="1310720" percent="81" />
      <mem type="survivor" free="0" total="786432" percent="0" />
    </mem>
    <mem type="tenure" free="4482800" total="6291456" percent="71">
      <mem type="soa" free="4168432" total="5977088" percent="69" />
      <mem type="loa" free="314368" total="314368" percent="100" />
    </mem>
    <pending-finalizers system="0" default="0" reference="8" classloader="0" />
    <remembered-set count="653" />
  </mem-info>
</gc-end>
<cycle-end id="121" type="scavenge" contextid="115" timestamp="2019-06-16T17:32:24.657" />
  <attribute name="elasticGC enabled" value="1" />
  <attribute name= "numThreadsSpecified" value="4" />
  <attribute name="heapSize specified" value="8388608" />
  <attribute name="Current GC Util" value="2" />
  <attribute name= "Current Time Running" value="506" />
  <attribute name ="GC Interval" value="200" />
  <attribute name="ProportionalT" value="-18.000000" />
  <attribute name="ProportionalI" value="-18.000000" />
  <attribute name="ProportionalH" value="-18.000000" />
  <attribute name="Current Error" value="-18.000000" />
  <attribute name="IntegralT" value="-1386.000000" />
  <attribute name="IntegralI" value="-1386.000000" />
  <attribute name="IntegralH" value="-1386.000000" />
  <attribute name="DerivativeT" value="-0.116883" />
  <attribute name="DerivativeI" value="-0.116883" />
  <attribute name="DerivativeH" value="-0.116883" />
  <attribute name="Loop Time for DT" value="77.000000" />
  <attribute name="Output H" value="2092630016"/>
  <attribute name="Output I" value="200"/>
  <attribute name="Output T" value="4"/>
  <attribute name="Target GC Util Change" value ="20.000000" />
  <attribute name="Current GC Util Change" value="2.000000"/>
  <attribute name="GC Util currently" value="2" />
  <attribute name="CPU Util currently" value="25" />
<allocation-satisfied id="122" threadId="00000000015AB700" bytesRequested="4552" />
<af-end id="123" timestamp="2019-06-16T17:32:24.658" threadId="00000000015AC088" success="true" from="nursery"/>
<exclusive-end id="124" timestamp="2019-06-16T17:32:24.658" durationms="1.489" />

<exclusive-start id="125" timestamp="2019-06-16T17:32:24.687" intervalms="30.716">
  <response-info timems="0.217" idlems="0.184" threads="2" lastid="0000000001904500" lastname="Thread-5" />
</exclusive-start>
<af-start id="126" threadId="00000000018FD688" totalBytesRequested="54280" timestamp="2019-06-16T17:32:24.687" intervalms="30.720" type="nursery" />
<cycle-start id="127" type="scavenge" contextid="0" timestamp="2019-06-16T17:32:24.687" intervalms="30.692" />
<gc-start id="128" type="scavenge" contextid="127" timestamp="2019-06-16T17:32:24.687">
  <mem-info id="129" free="4494992" total="8388608" percent="53">
    <mem type="nursery" free="31616" total="2097152" percent="1">
      <mem type="allocate" free="31616" total="1310720" percent="2" />
      <mem type="survivor" free="0" total="786432" percent="0" />
    </mem>
    <mem type="tenure" free="4463376" total="6291456" percent="70">
      <mem type="soa" free="4149008" total="5977088" percent="69" />
      <mem type="loa" free="314368" total="314368" percent="100" />
    </mem>
    <remembered-set count="939" />
  </mem-info>
</gc-start>
<allocation-stats totalBytes="1056264" >
  <allocated-bytes non-tlh="78256" tlh="978008" />
  <largest-consumer threadName="main" threadId="00000000015AB700" bytes="960672" />
</allocation-stats>
<gc-op id="130" type="scavenge" timems="0.514" contextid="127" timestamp="2019-06-16T17:32:24.688">
  <scavenger-info tenureage="1" tenuremask="7ffe" tiltratio="62" />
  <memory-copied type="nursery" objects="1596" bytes="124120" bytesdiscarded="47592" />
  <memory-copied type="tenure" objects="2104" bytes="134280" bytesdiscarded="16" />
  <references type="soft" candidates="4" cleared="0" enqueued="0" dynamicThreshold="27" maxThreshold="32" />
  <references type="weak" candidates="14" cleared="12" enqueued="12" />
</gc-op>
<gc-end id="131" type="scavenge" contextid="127" durationms="0.742" usertimems="0.000" systemtimems="0.000" timestamp="2019-06-16T17:32:24.688" activeThreads="4">
  <mem-info id="132" free="5601112" total="8388608" percent="66">
    <mem type="nursery" free="1270008" total="2097152" percent="60">
      <mem type="allocate" free="1270008" total="1441792" percent="88" />
      <mem type="survivor" free="0" total="655360" percent="0" />
    </mem>
    <mem type="tenure" free="4331104" total="6291456" percent="68">
      <mem type="soa" free="4016736" total="5977088" percent="67" />
      <mem type="loa" free="314368" total="314368" percent="100" />
    </mem>
    <pending-finalizers system="0" default="0" reference="12" classloader="0" />
    <remembered-set count="632" />
  </mem-info>
</gc-end>
<cycle-end id="133" type="scavenge" contextid="127" timestamp="2019-06-16T17:32:24.688" />
  <attribute name="elasticGC enabled" value="1" />
  <attribute name= "numThreadsSpecified" value="4" />
  <attribute name="heapSize specified" value="8388608" />
  <attribute name="Current GC Util" value="3" />
  <attribute name= "Current Time Running" value="537" />
  <attribute name ="GC Interval" value="200" />
  <attribute name="ProportionalT" value="-17.000000" />
  <attribute name="ProportionalI" value="-17.000000" />
  <attribute name="ProportionalH" value="-17.000000" />
  <attribute name="Current Error" value="-17.000000" />
  <attribute name="IntegralT" value="-527.000000" />
  <attribute name="IntegralI" value="-527.000000" />
  <attribute name="IntegralH" value="-527.000000" />
  <attribute name="DerivativeT" value="-0.274194" />
  <attribute name="DerivativeI" value="-0.274194" />
  <attribute name="DerivativeH" value="-0.274194" />
  <attribute name="Loop Time for DT" value="31.000000" />
  <attribute name="Output H" value="2092630016"/>
  <attribute name="Output I" value="200"/>
  <attribute name="Output T" value="4"/>
  <attribute name="Target GC Util Change" value ="20.000000" />
  <attribute name="Current GC Util Change" value="3.000000"/>
  <attribute name="GC Util currently" value="3" />
  <attribute name="CPU Util currently" value="7" />
<allocation-satisfied id="134" threadId="00000000018FCD00" bytesRequested="54280" />
<af-end id="135" timestamp="2019-06-16T17:32:24.688" threadId="00000000018FD688" success="true" from="nursery"/>
<exclusive-end id="136" timestamp="2019-06-16T17:32:24.688" durationms="1.295" />

<exclusive-start id="137" timestamp="2019-06-16T17:32:24.702" intervalms="14.653">
  <response-info timems="0.067" idlems="0.067" threads="0" lastid="0000000001908100" lastname="Thread-6" />
</exclusive-start>
<af-start id="138" threadId="0000000001908A88" totalBytesRequested="944" timestamp="2019-06-16T17:32:24.702" intervalms="14.682" type="nursery" />
<cycle-start id="139" type="scavenge" contextid="0" timestamp="2019-06-16T17:32:24.702" intervalms="14.747" />
<gc-start id="140" type="scavenge" contextid="139" timestamp="2019-06-16T17:32:24.702">
  <mem-info id="141" free="4330760" total="8388608" percent="51">
    <mem type="nursery" free="0" total="2097152" percent="0">
      <mem type="allocate" free="0" total="1441792" percent="0" />
      <mem type="survivor" free="0" total="655360" percent="0" />
    </mem>
    <mem type="tenure" free="4330760" total="6291456" percent="68">
      <mem type="soa" free="4016392" total="5977088" percent="67" />
      <mem type="loa" free="314368" total="314368" percent="100" />
    </mem>
    <remembered-set count="640" />
  </mem-info>
</gc-start>
<allocation-stats totalBytes="1250096" >
  <allocated-bytes non-tlh="163184" tlh="1086912" />
  <largest-consumer threadName="Thread-6" threadId="0000000001908100" bytes="1083072" />
</allocation-stats>
<gc-op id="142" type="scavenge" timems="2.767" contextid="139" timestamp="2019-06-16T17:32:24.705">
  <scavenger-info tenureage="2" tenuremask="7ffc" tiltratio="68" />
  <memory-copied type="nursery" objects="1559" bytes="654168" bytesdiscarded="1136" />
  <memory-copied type="tenure" objects="892" bytes="702336" bytesdiscarded="296" />
  <copy-failed type="nursery" objects="892" bytes="702352" />
  <references type="soft" candidates="2" cleared="0" enqueued="0" dynamicThreshold="27" maxThreshold="32" />
  <references type="weak" candidates="2" cleared="0" enqueued="0" />
</gc-op>
<heap-resize id="143" type="expand" space="nursery" amount="262144" count="1" timems="0.228" reason="excessive time being spent scavenging" timestamp="2019-06-16T17:32:24.705" />
<gc-end id="144" type="scavenge" contextid="139" durationms="3.463" usertimems="0.000" systemtimems="0.000" timestamp="2019-06-16T17:32:24.705" activeThreads="4">
  <mem-info id="145" free="4167432" total="8650752" percent="48">
    <mem type="nursery" free="524288" total="2359296" percent="22">
      <mem type="allocate" free="524288" total="1179648" percent="44" />
      <mem type="survivor" free="0" total="1179648" percent="0" />
    </mem>
    <mem type="tenure" free="3643144" total="6291456" percent="57">
      <mem type="soa" free="3328776" total="5977088" percent="55" />
      <mem type="loa" free="314368" total="314368" percent="100" />
    </mem>
    <remembered-set count="387" />
  </mem-info>
</gc-end>
<cycle-end id="146" type="scavenge" contextid="139" timestamp="2019-06-16T17:32:24.706" />
  <attribute name="elasticGC enabled" value="1" />
  <attribute name= "numThreadsSpecified" value="4" />
  <attribute name="heapSize specified" value="8388608" />
  <attribute name="Current GC Util" value="6" />
  <attribute name= "Current Time Running" value="552" />
  <attribute name ="GC Interval" value="200" />
  <attribute name="ProportionalT" value="-14.000000" />
  <attribute name="ProportionalI" value="-14.000000" />
  <attribute name="ProportionalH" value="-14.000000" />
  <attribute name="Current Error" value="-14.000000" />
  <attribute name="IntegralT" value="-210.000000" />
  <attribute name="IntegralI" value="-210.000000" />
  <attribute name="IntegralH" value="-210.000000" />
  <attribute name="DerivativeT" value="-0.466667" />
  <attribute name="DerivativeI" value="-0.466667" />
  <attribute name="DerivativeH" value="-0.466667" />
  <attribute name="Loop Time for DT" value="15.000000" />
  <attribute name="Output H" value="2092630016"/>
  <attribute name="Output I" value="200"/>
  <attribute name="Output T" value="4"/>
  <attribute name="Target GC Util Change" value ="20.000000" />
  <attribute name="Current GC Util Change" value="6.000000"/>
  <attribute name="GC Util currently" value="6" />
  <attribute name="CPU Util currently" value="308733565119" />
<allocation-satisfied id="147" threadId="0000000001908100" bytesRequested="944" />
<af-end id="148" timestamp="2019-06-16T17:32:24.706" threadId="0000000001908A88" success="true" from="nursery"/>
<exclusive-end id="149" timestamp="2019-06-16T17:32:24.706" durationms="4.168" />

<exclusive-start id="150" timestamp="2019-06-16T17:32:24.716" intervalms="14.435">
  <response-info timems="0.060" idlems="0.060" threads="0" lastid="0000000001908100" lastname="Thread-6" />
</exclusive-start>
<af-start id="151" threadId="0000000001908A88" totalBytesRequested="24" timestamp="2019-06-16T17:32:24.716" intervalms="14.413" type="nursery" />
<cycle-start id="152" type="scavenge" contextid="0" timestamp="2019-06-16T17:32:24.716" intervalms="14.398" />
<gc-start id="153" type="scavenge" contextid="152" timestamp="2019-06-16T17:32:24.716">
  <mem-info id="154" free="3640952" total="8650752" percent="42">
    <mem type="nursery" free="0" total="2359296" percent="0">
      <mem type="allocate" free="0" total="1179648" percent="0" />
      <mem type="survivor" free="0" total="1179648" percent="0" />
    </mem>
    <mem type="tenure" free="3640952" total="6291456" percent="57">
      <mem type="soa" free="3326584" total="5977088" percent="55" />
      <mem type="loa" free="314368" total="314368" percent="100" />
    </mem>
    <remembered-set count="425" />
  </mem-info>
</gc-start>
<allocation-stats totalBytes="525392" >
  <allocated-bytes non-tlh="126632" tlh="398760" />
  <largest-consumer threadName="Thread-6" threadId="0000000001908100" bytes="392880" />
</allocation-stats>
<gc-op id="155" type="scavenge" timems="1.972" contextid="152" timestamp="2019-06-16T17:32:24.719">
  <scavenger-info tenureage="1" tenuremask="fffe" tiltratio="50" />
  <memory-copied type="nursery" objects="109" bytes="280400" bytesdiscarded="131448" />
  <memory-copied type="tenure" objects="1098" bytes="226176" bytesdiscarded="48" />
</gc-op>
<heap-resize id="156" type="expand" space="nursery" amount="262144" count="1" timems="0.013" reason="excessive time being spent scavenging" timestamp="2019-06-16T17:32:24.719" />
<gc-end id="157" type="scavenge" contextid="152" durationms="2.472" usertimems="4.000" systemtimems="0.000" timestamp="2019-06-16T17:32:24.719" activeThreads="4">
  <mem-info id="158" free="4299936" total="8912896" percent="48">
    <mem type="nursery" free="898872" total="2621440" percent="34">
      <mem type="allocate" free="898872" total="1310720" percent="68" />
      <mem type="survivor" free="0" total="1310720" percent="0" />
    </mem>
    <mem type="tenure" free="3401064" total="6291456" percent="54">
      <mem type="soa" free="3086696" total="5977088" percent="51" />
      <mem type="loa" free="314368" total="314368" percent="100" />
    </mem>
    <remembered-set count="135" />
  </mem-info>
</gc-end>
<cycle-end id="159" type="scavenge" contextid="152" timestamp="2019-06-16T17:32:24.719" />
  <attribute name="elasticGC enabled" value="1" />
  <attribute name= "numThreadsSpecified" value="4" />
  <attribute name="heapSize specified" value="8388608" />
  <attribute name="Current GC Util" value="21" />
  <attribute name= "Current Time Running" value="566" />
  <attribute name ="GC Interval" value="200" />
  <attribute name="ProportionalT" value="1.000000" />
  <attribute name="ProportionalI" value="1.000000" />
  <attribute name="ProportionalH" value="1.000000" />
  <attribute name="Current Error" value="1.000000" />
  <attribute name="IntegralT" value="14.000000" />
  <attribute name="IntegralI" value="14.000000" />
  <attribute name="IntegralH" value="14.000000" />
  <attribute name="DerivativeT" value="0.035714" />
  <attribute name="DerivativeI" value="0.035714" />
  <attribute name="DerivativeH" value="0.035714" />
  <attribute name="Loop Time for DT" value="14.000000" />
  <attribute name="Output H" value="8388608"/>
  <attribute name="Output I" value="200"/>
  <attribute name="Output T" value="4"/>
  <attribute name="Target GC Util Change" value ="20.000000" />
  <attribute name="Current GC Util Change" value="21.000000"/>
  <attribute name="GC Util currently" value="21" />
  <attribute name="CPU Util currently" value="321524499265" />
<allocation-satisfied id="160" threadId="0000000001908100" bytesRequested="24" />
<af-end id="161" timestamp="2019-06-16T17:32:24.719" threadId="0000000001908A88" success="true" from="nursery"/>
<exclusive-end id="162" timestamp="2019-06-16T17:32:24.719" durationms="3.262" />

<exclusive-start id="163" timestamp="2019-06-16T17:32:24.734" intervalms="18.210">
  <response-info timems="0.060" idlems="0.060" threads="0" lastid="0000000001908100" lastname="Thread-6" />
</exclusive-start>
<af-start id="164" threadId="0000000001908A88" totalBytesRequested="192488" timestamp="2019-06-16T17:32:24.734" intervalms="18.200" type="nursery" />
<cycle-start id="165" type="scavenge" contextid="0" timestamp="2019-06-16T17:32:24.734" intervalms="18.197" />
<gc-start id="166" type="scavenge" contextid="165" timestamp="2019-06-16T17:32:24.735">
  <mem-info id="167" free="3427248" total="8912896" percent="38">
    <mem type="nursery" free="26416" total="2621440" percent="1">
      <mem type="allocate" free="26416" total="1310720" percent="2" />
      <mem type="survivor" free="0" total="1310720" percent="0" />
    </mem>
    <mem type="tenure" free="3400832" total="6291456" percent="54">
      <mem type="soa" free="3086464" total="5977088" percent="51" />
      <mem type="loa" free="314368" total="314368" percent="100" />
    </mem>
    <remembered-set count="138" />
  </mem-info>
</gc-start>
<allocation-stats totalBytes="872584" >
  <allocated-bytes non-tlh="196872" tlh="675712" />
  <largest-consumer threadName="Thread-6" threadId="0000000001908100" bytes="872584" />
</allocation-stats>
<gc-op id="168" type="scavenge" timems="2.232" contextid="165" timestamp="2019-06-16T17:32:24.737">
  <scavenger-info tenureage="1" tenuremask="fffe" tiltratio="50" />
  <memory-copied type="nursery" objects="4116" bytes="419256" bytesdiscarded="40016" />
  <memory-copied type="tenure" objects="105" bytes="280304" bytesdiscarded="0" />
</gc-op>
<heap-resize id="169" type="expand" space="nursery" amount="131072" count="1" timems="0.013" reason="excessive time being spent scavenging" timestamp="2019-06-16T17:32:24.737" />
<gc-end id="170" type="scavenge" contextid="165" durationms="2.701" usertimems="4.000" systemtimems="0.000" timestamp="2019-06-16T17:32:24.737" activeThreads="4">
  <mem-info id="171" free="4080320" total="9043968" percent="45">
    <mem type="nursery" free="916984" total="2752512" percent="33">
      <mem type="allocate" free="916984" total="1376256" percent="66" />
      <mem type="survivor" free="0" total="1376256" percent="0" />
    </mem>
    <mem type="tenure" free="3163336" total="6291456" percent="50">
      <mem type="soa" free="2848968" total="5977088" percent="47" />
      <mem type="loa" free="314368" total="314368" percent="100" />
    </mem>
    <remembered-set count="140" />
  </mem-info>
</gc-end>
<cycle-end id="172" type="scavenge" contextid="165" timestamp="2019-06-16T17:32:24.737" />
  <attribute name="elasticGC enabled" value="1" />
  <attribute name= "numThreadsSpecified" value="4" />
  <attribute name="heapSize specified" value="8388608" />
  <attribute name="Current GC Util" value="12" />
  <attribute name= "Current Time Running" value="584" />
  <attribute name ="GC Interval" value="200" />
  <attribute name="ProportionalT" value="-8.000000" />
  <attribute name="ProportionalI" value="-8.000000" />
  <attribute name="ProportionalH" value="-8.000000" />
  <attribute name="Current Error" value="-8.000000" />
  <attribute name="IntegralT" value="-144.000000" />
  <attribute name="IntegralI" value="-144.000000" />
  <attribute name="IntegralH" value="-144.000000" />
  <attribute name="DerivativeT" value="-0.250000" />
  <attribute name="DerivativeI" value="-0.250000" />
  <attribute name="DerivativeH" value="-0.250000" />
  <attribute name="Loop Time for DT" value="18.000000" />
  <attribute name="Output H" value="2092630016"/>
  <attribute name="Output I" value="200"/>
  <attribute name="Output T" value="4"/>
  <attribute name="Target GC Util Change" value ="20.000000" />
  <attribute name="Current GC Util Change" value="12.000000"/>
  <attribute name="GC Util currently" value="12" />
  <attribute name="CPU Util currently" value="253975774502" />
<allocation-satisfied id="173" threadId="0000000001908100" bytesRequested="192488" />
<af-end id="174" timestamp="2019-06-16T17:32:24.737" threadId="0000000001908A88" success="true" from="nursery"/>
<exclusive-end id="175" timestamp="2019-06-16T17:32:24.738" durationms="3.346" />

<exclusive-start id="176" timestamp="2019-06-16T17:32:24.780" intervalms="45.757">
  <response-info timems="0.081" idlems="0.081" threads="0" lastid="0000000001908100" lastname="Thread-6" />
</exclusive-start>
<af-start id="177" threadId="0000000001908A88" totalBytesRequested="25640" timestamp="2019-06-16T17:32:24.780" intervalms="45.790" type="nursery" />
<cycle-start id="178" type="scavenge" contextid="0" timestamp="2019-06-16T17:32:24.780" intervalms="45.790" />
<gc-start id="179" type="scavenge" contextid="178" timestamp="2019-06-16T17:32:24.780">
  <mem-info id="180" free="3163336" total="9043968" percent="34">
    <mem type="nursery" free="0" total="2752512" percent="0">
      <mem type="allocate" free="0" total="1376256" percent="0" />
      <mem type="survivor" free="0" total="1376256" percent="0" />
    </mem>
    <mem type="tenure" free="3163336" total="6291456" percent="50">
      <mem type="soa" free="2848968" total="5977088" percent="47" />
      <mem type="loa" free="314368" total="314368" percent="100" />
    </mem>
    <remembered-set count="140" />
  </mem-info>
</gc-start>
<allocation-stats totalBytes="909960" >
  <allocated-bytes non-tlh="487480" tlh="422480" />
  <largest-consumer threadName="Thread-6" threadId="0000000001908100" bytes="909960" />
</allocation-stats>
<gc-op id="181" type="scavenge" timems="2.135" contextid="178" timestamp="2019-06-16T17:32:24.783">
  <scavenger-info tenureage="1" tenuremask="fffe" tiltratio="50" />
  <memory-copied type="nursery" objects="12" bytes="192328" bytesdiscarded="2488" />
  <memory-copied type="tenure" objects="4111" bytes="214320" bytesdiscarded="0" />
</gc-op>
<gc-end id="182" type="scavenge" contextid="178" durationms="2.486" usertimems="4.000" systemtimems="0.000" timestamp="2019-06-16T17:32:24.783" activeThreads="4">
  <mem-info id="183" free="4095944" total="9043968" percent="45">
    <mem type="nursery" free="1181440" total="2752512" percent="42">
      <mem type="allocate" free="1181440" total="1376256" percent="85" />
      <mem type="survivor" free="0" total="1376256" percent="0" />
    </mem>
    <mem type="tenure" free="2914504" total="6291456" percent="46">
      <mem type="soa" free="2600136" total="5977088" percent="43" />
      <mem type="loa" free="314368" total="314368" percent="100" />
    </mem>
    <remembered-set count="116" />
  </mem-info>
</gc-end>
<cycle-end id="184" type="scavenge" contextid="178" timestamp="2019-06-16T17:32:24.783" />
  <attribute name="elasticGC enabled" value="1" />
  <attribute name= "numThreadsSpecified" value="4" />
  <attribute name="heapSize specified" value="8388608" />
  <attribute name="Current GC Util" value="5" />
  <attribute name= "Current Time Running" value="630" />
  <attribute name ="GC Interval" value="200" />
  <attribute name="ProportionalT" value="-15.000000" />
  <attribute name="ProportionalI" value="-15.000000" />
  <attribute name="ProportionalH" value="-15.000000" />
  <attribute name="Current Error" value="-15.000000" />
  <attribute name="IntegralT" value="-690.000000" />
  <attribute name="IntegralI" value="-690.000000" />
  <attribute name="IntegralH" value="-690.000000" />
  <attribute name="DerivativeT" value="-0.163043" />
  <attribute name="DerivativeI" value="-0.163043" />
  <attribute name="DerivativeH" value="-0.163043" />
  <attribute name="Loop Time for DT" value="46.000000" />
  <attribute name="Output H" value="2092630016"/>
  <attribute name="Output I" value="200"/>
  <attribute name="Output T" value="4"/>
  <attribute name="Target GC Util Change" value ="20.000000" />
  <attribute name="Current GC Util Change" value="5.000000"/>
  <attribute name="GC Util currently" value="5" />
  <attribute name="CPU Util currently" value="16" />
<allocation-satisfied id="185" threadId="0000000001908100" bytesRequested="25640" />
<af-end id="186" timestamp="2019-06-16T17:32:24.783" threadId="0000000001908A88" success="true" from="nursery"/>
<exclusive-end id="187" timestamp="2019-06-16T17:32:24.783" durationms="3.355" />

<exclusive-start id="188" timestamp="2019-06-16T17:32:24.800" intervalms="19.602">
  <response-info timems="0.058" idlems="0.058" threads="0" lastid="0000000001908100" lastname="Thread-6" />
</exclusive-start>
<af-start id="189" threadId="0000000001908A88" totalBytesRequested="728" timestamp="2019-06-16T17:32:24.800" intervalms="19.582" type="nursery" />
<cycle-start id="190" type="scavenge" contextid="0" timestamp="2019-06-16T17:32:24.800" intervalms="19.583" />
<gc-start id="191" type="scavenge" contextid="190" timestamp="2019-06-16T17:32:24.800">
  <mem-info id="192" free="2914504" total="9043968" percent="32">
    <mem type="nursery" free="0" total="2752512" percent="0">
      <mem type="allocate" free="0" total="1376256" percent="0" />
      <mem type="survivor" free="0" total="1376256" percent="0" />
    </mem>
    <mem type="tenure" free="2914504" total="6291456" percent="46">
      <mem type="soa" free="2600136" total="5977088" percent="43" />
      <mem type="loa" free="314368" total="314368" percent="100" />
    </mem>
    <remembered-set count="116" />
  </mem-info>
</gc-start>
<allocation-stats totalBytes="1178392" >
  <allocated-bytes non-tlh="25640" tlh="1152752" />
  <largest-consumer threadName="Thread-6" threadId="0000000001908100" bytes="1178392" />
</allocation-stats>
<gc-op id="193" type="scavenge" timems="1.841" contextid="190" timestamp="2019-06-16T17:32:24.802">
  <scavenger-info tenureage="1" tenuremask="fffe" tiltratio="50" />
  <memory-copied type="nursery" objects="15" bytes="78944" bytesdiscarded="32272" />
  <memory-copied type="tenure" objects="3" bytes="98352" bytesdiscarded="0" />
</gc-op>
<heap-resize id="194" type="expand" space="nursery" amount="262144" count="1" timems="0.016" reason="excessive time being spent scavenging" timestamp="2019-06-16T17:32:24.802" />
<gc-end id="195" type="scavenge" contextid="190" durationms="2.423" usertimems="0.000" systemtimems="0.000" timestamp="2019-06-16T17:32:24.802" activeThreads="4">
  <mem-info id="196" free="4212352" total="9306112" percent="45">
    <mem type="nursery" free="1396112" total="3014656" percent="46">
      <mem type="allocate" free="1396112" total="1507328" percent="92" />
      <mem type="survivor" free="0" total="1507328" percent="0" />
    </mem>
    <mem type="tenure" free="2816240" total="6291456" percent="44">
      <mem type="soa" free="2501872" total="5977088" percent="41" />
      <mem type="loa" free="314368" total="314368" percent="100" />
    </mem>
    <remembered-set count="116" />
  </mem-info>
</gc-end>
<cycle-end id="197" type="scavenge" contextid="190" timestamp="2019-06-16T17:32:24.802" />
  <attribute name="elasticGC enabled" value="1" />
  <attribute name= "numThreadsSpecified" value="4" />
  <attribute name="heapSize specified" value="8388608" />
  <attribute name="Current GC Util" value="12" />
  <attribute name= "Current Time Running" value="650" />
  <attribute name ="GC Interval" value="200" />
  <attribute name="ProportionalT" value="-8.000000" />
  <attribute name="ProportionalI" value="-8.000000" />
  <attribute name="ProportionalH" value="-8.000000" />
  <attribute name="Current Error" value="-8.000000" />
  <attribute name="IntegralT" value="-160.000000" />
  <attribute name="IntegralI" value="-160.000000" />
  <attribute name="IntegralH" value="-160.000000" />
  <attribute name="DerivativeT" value="-0.200000" />
  <attribute name="DerivativeI" value="-0.200000" />
  <attribute name="DerivativeH" value="-0.200000" />
  <attribute name="Loop Time for DT" value="20.000000" />
  <attribute name="Output H" value="2092630016"/>
  <attribute name="Output I" value="200"/>
  <attribute name="Output T" value="4"/>
  <attribute name="Target GC Util Change" value ="20.000000" />
  <attribute name="Current GC Util Change" value="12.000000"/>
  <attribute name="GC Util currently" value="12" />
  <attribute name="CPU Util currently" value="235102141202" />
<allocation-satisfied id="198" threadId="0000000001908100" bytesRequested="728" />
<af-end id="199" timestamp="2019-06-16T17:32:24.803" threadId="0000000001908A88" success="true" from="nursery"/>
<exclusive-end id="200" timestamp="2019-06-16T17:32:24.803" durationms="3.360" />

<exclusive-start id="201" timestamp="2019-06-16T17:32:24.807" intervalms="7.174">
  <response-info timems="0.026" idlems="0.026" threads="0" lastid="0000000001908100" lastname="Thread-6" />
</exclusive-start>
<af-start id="202" threadId="0000000001908A88" totalBytesRequested="9512" timestamp="2019-06-16T17:32:24.807" intervalms="7.122" type="nursery" />
<cycle-start id="203" type="scavenge" contextid="0" timestamp="2019-06-16T17:32:24.807" intervalms="7.099" />
<gc-start id="204" type="scavenge" contextid="203" timestamp="2019-06-16T17:32:24.807">
  <mem-info id="205" free="2816240" total="9306112" percent="30">
    <mem type="nursery" free="0" total="3014656" percent="0">
      <mem type="allocate" free="0" total="1507328" percent="0" />
      <mem type="survivor" free="0" total="1507328" percent="0" />
    </mem>
    <mem type="tenure" free="2816240" total="6291456" percent="44">
      <mem type="soa" free="2501872" total="5977088" percent="41" />
      <mem type="loa" free="314368" total="314368" percent="100" />
    </mem>
    <remembered-set count="116" />
  </mem-info>
</gc-start>
<allocation-stats totalBytes="1377760" >
  <allocated-bytes non-tlh="728" tlh="1377032" />
  <largest-consumer threadName="Thread-6" threadId="0000000001908100" bytes="1377760" />
</allocation-stats>
<gc-op id="206" type="scavenge" timems="1.752" contextid="203" timestamp="2019-06-16T17:32:24.809">
  <scavenger-info tenureage="2" tenuremask="fffc" tiltratio="50" />
  <memory-copied type="nursery" objects="9" bytes="142280" bytesdiscarded="38768" />
</gc-op>
<heap-resize id="207" type="expand" space="nursery" amount="524288" count="1" timems="0.011" reason="excessive time being spent scavenging" timestamp="2019-06-16T17:32:24.809" />
<gc-end id="208" type="scavenge" contextid="203" durationms="2.180" usertimems="4.000" systemtimems="0.000" timestamp="2019-06-16T17:32:24.809" activeThreads="4">
  <mem-info id="209" free="4666808" total="9830400" percent="47">
    <mem type="nursery" free="1850568" total="3538944" percent="52">
      <mem type="allocate" free="1850568" total="2031616" percent="91" />
      <mem type="survivor" free="0" total="1507328" percent="0" />
    </mem>
    <mem type="tenure" free="2816240" total="6291456" percent="44">
      <mem type="soa" free="2501872" total="5977088" percent="41" />
      <mem type="loa" free="314368" total="314368" percent="100" />
    </mem>
    <remembered-set count="116" />
  </mem-info>
</gc-end>
<cycle-end id="210" type="scavenge" contextid="203" timestamp="2019-06-16T17:32:24.809" />
  <attribute name="elasticGC enabled" value="1" />
  <attribute name= "numThreadsSpecified" value="4" />
  <attribute name="heapSize specified" value="8388608" />
  <attribute name="Current GC Util" value="30" />
  <attribute name= "Current Time Running" value="657" />
  <attribute name ="GC Interval" value="200" />
  <attribute name="ProportionalT" value="10.000000" />
  <attribute name="ProportionalI" value="10.000000" />
  <attribute name="ProportionalH" value="10.000000" />
  <attribute name="Current Error" value="10.000000" />
  <attribute name="IntegralT" value="70.000000" />
  <attribute name="IntegralI" value="70.000000" />
  <attribute name="IntegralH" value="70.000000" />
  <attribute name="DerivativeT" value="0.714286" />
  <attribute name="DerivativeI" value="0.714286" />
  <attribute name="DerivativeH" value="0.714286" />
  <attribute name="Loop Time for DT" value="7.000000" />
  <attribute name="Output H" value="8388608"/>
  <attribute name="Output I" value="200"/>
  <attribute name="Output T" value="4"/>
  <attribute name="Target GC Util Change" value ="20.000000" />
  <attribute name="Current GC Util Change" value="30.000000"/>
  <attribute name="GC Util currently" value="30" />
  <attribute name="CPU Util currently" value="662015972627" />
<allocation-satisfied id="211" threadId="0000000001908100" bytesRequested="9512" />
<af-end id="212" timestamp="2019-06-16T17:32:24.809" threadId="0000000001908A88" success="true" from="nursery"/>
<exclusive-end id="213" timestamp="2019-06-16T17:32:24.809" durationms="2.754" />

<exclusive-start id="214" timestamp="2019-06-16T17:32:24.815" intervalms="7.918">
  <response-info timems="0.024" idlems="0.024" threads="0" lastid="0000000001908100" lastname="Thread-6" />
</exclusive-start>
<af-start id="215" threadId="0000000001908A88" totalBytesRequested="69736" timestamp="2019-06-16T17:32:24.815" intervalms="7.909" type="nursery" />
<cycle-start id="216" type="scavenge" contextid="0" timestamp="2019-06-16T17:32:24.815" intervalms="7.899" />
<gc-start id="217" type="scavenge" contextid="216" timestamp="2019-06-16T17:32:24.815">
  <mem-info id="218" free="2816240" total="9830400" percent="28">
    <mem type="nursery" free="0" total="3538944" percent="0">
      <mem type="allocate" free="0" total="2031616" percent="0" />
      <mem type="survivor" free="0" total="1507328" percent="0" />
    </mem>
    <mem type="tenure" free="2816240" total="6291456" percent="44">
      <mem type="soa" free="2501872" total="5977088" percent="41" />
      <mem type="loa" free="314368" total="314368" percent="100" />
    </mem>
    <remembered-set count="116" />
  </mem-info>
</gc-start>
<allocation-stats totalBytes="1839536" >
  <allocated-bytes non-tlh="79248" tlh="1760288" />
  <largest-consumer threadName="Thread-6" threadId="0000000001908100" bytes="1839536" />
</allocation-stats>
<gc-op id="219" type="scavenge" timems="0.818" contextid="216" timestamp="2019-06-16T17:32:24.816">
  <scavenger-info tenureage="3" tenuremask="fff8" tiltratio="57" />
  <memory-copied type="nursery" objects="22" bytes="130792" bytesdiscarded="24608" />
</gc-op>
<heap-resize id="220" type="expand" space="nursery" amount="393216" count="1" timems="0.016" reason="excessive time being spent scavenging" timestamp="2019-06-16T17:32:24.816" />
<gc-end id="221" type="scavenge" contextid="216" durationms="1.249" usertimems="0.000" systemtimems="0.000" timestamp="2019-06-16T17:32:24.816" activeThreads="4">
  <mem-info id="222" free="5282280" total="10223616" percent="51">
    <mem type="nursery" free="2466040" total="3932160" percent="62">
      <mem type="allocate" free="2466040" total="2621440" percent="94" />
      <mem type="survivor" free="0" total="1310720" percent="0" />
    </mem>
    <mem type="tenure" free="2816240" total="6291456" percent="44">
      <mem type="soa" free="2501872" total="5977088" percent="41" />
      <mem type="loa" free="314368" total="314368" percent="100" />
    </mem>
    <remembered-set count="115" />
  </mem-info>
</gc-end>
<cycle-end id="223" type="scavenge" contextid="216" timestamp="2019-06-16T17:32:24.816" />
  <attribute name="elasticGC enabled" value="1" />
  <attribute name= "numThreadsSpecified" value="4" />
  <attribute name="heapSize specified" value="8388608" />
  <attribute name="Current GC Util" value="25" />
  <attribute name= "Current Time Running" value="665" />
  <attribute name ="GC Interval" value="200" />
  <attribute name="ProportionalT" value="5.000000" />
  <attribute name="ProportionalI" value="5.000000" />
  <attribute name="ProportionalH" value="5.000000" />
  <attribute name="Current Error" value="5.000000" />
  <attribute name="IntegralT" value="40.000000" />
  <attribute name="IntegralI" value="40.000000" />
  <attribute name="IntegralH" value="40.000000" />
  <attribute name="DerivativeT" value="-0.312500" />
  <attribute name="DerivativeI" value="-0.312500" />
  <attribute name="DerivativeH" value="-0.312500" />
  <attribute name="Loop Time for DT" value="8.000000" />
  <attribute name="Output H" value="8388608"/>
  <attribute name="Output I" value="200"/>
  <attribute name="Output T" value="4"/>
  <attribute name="Target GC Util Change" value ="20.000000" />
  <attribute name="Current GC Util Change" value="25.000000"/>
  <attribute name="GC Util currently" value="25" />
  <attribute name="CPU Util currently" value="583488358888" />
<allocation-satisfied id="224" threadId="0000000001908100" bytesRequested="69736" />
<af-end id="225" timestamp="2019-06-16T17:32:24.816" threadId="0000000001908A88" success="true" from="nursery"/>
<exclusive-end id="226" timestamp="2019-06-16T17:32:24.816" durationms="1.822" />

<exclusive-start id="227" timestamp="2019-06-16T17:32:24.892" intervalms="77.353">
  <response-info timems="0.141" idlems="0.141" threads="0" lastid="0000000001908100" lastname="Thread-8" />
</exclusive-start>
<af-start id="228" threadId="0000000001908A88" totalBytesRequested="24" timestamp="2019-06-16T17:32:24.892" intervalms="77.472" type="nursery" />
<cycle-start id="229" type="scavenge" contextid="0" timestamp="2019-06-16T17:32:24.892" intervalms="77.535" />
<gc-start id="230" type="scavenge" contextid="229" timestamp="2019-06-16T17:32:24.892">
  <mem-info id="231" free="2810416" total="10223616" percent="27">
    <mem type="nursery" free="0" total="3932160" percent="0">
      <mem type="allocate" free="0" total="2621440" percent="0" />
      <mem type="survivor" free="0" total="1310720" percent="0" />
    </mem>
    <mem type="tenure" free="2810416" total="6291456" percent="44">
      <mem type="soa" free="2496048" total="5977088" percent="41" />
      <mem type="loa" free="314368" total="314368" percent="100" />
    </mem>
    <remembered-set count="204" />
  </mem-info>
</gc-start>
<allocation-stats totalBytes="2468608" >
  <allocated-bytes non-tlh="427768" tlh="2040840" />
  <largest-consumer threadName="Thread-8" threadId="0000000001908100" bytes="1586464" />
</allocation-stats>
<gc-op id="232" type="scavenge" timems="0.781" contextid="229" timestamp="2019-06-16T17:32:24.893">
  <scavenger-info tenureage="3" tenuremask="fff8" tiltratio="66" />
  <memory-copied type="nursery" objects="5538" bytes="428400" bytesdiscarded="114240" />
</gc-op>
<gc-end id="233" type="scavenge" contextid="229" durationms="1.135" usertimems="0.000" systemtimems="0.000" timestamp="2019-06-16T17:32:24.894" activeThreads="4">
  <mem-info id="234" free="5216856" total="10223616" percent="51">
    <mem type="nursery" free="2406440" total="3932160" percent="61">
      <mem type="allocate" free="2406440" total="2949120" percent="81" />
      <mem type="survivor" free="0" total="983040" percent="0" />
    </mem>
    <mem type="tenure" free="2810416" total="6291456" percent="44">
      <mem type="soa" free="2496048" total="5977088" percent="41" />
      <mem type="loa" free="314368" total="314368" percent="100" />
    </mem>
    <remembered-set count="198" />
  </mem-info>
</gc-end>
<cycle-end id="235" type="scavenge" contextid="229" timestamp="2019-06-16T17:32:24.894" />
  <attribute name="elasticGC enabled" value="1" />
  <attribute name= "numThreadsSpecified" value="4" />
  <attribute name="heapSize specified" value="8388608" />
  <attribute name="Current GC Util" value="1" />
  <attribute name= "Current Time Running" value="742" />
  <attribute name ="GC Interval" value="200" />
  <attribute name="ProportionalT" value="-19.000000" />
  <attribute name="ProportionalI" value="-19.000000" />
  <attribute name="ProportionalH" value="-19.000000" />
  <attribute name="Current Error" value="-19.000000" />
  <attribute name="IntegralT" value="-1463.000000" />
  <attribute name="IntegralI" value="-1463.000000" />
  <attribute name="IntegralH" value="-1463.000000" />
  <attribute name="DerivativeT" value="-0.155844" />
  <attribute name="DerivativeI" value="-0.155844" />
  <attribute name="DerivativeH" value="-0.155844" />
  <attribute name="Loop Time for DT" value="77.000000" />
  <attribute name="Output H" value="2092630016"/>
  <attribute name="Output I" value="200"/>
  <attribute name="Output T" value="4"/>
  <attribute name="Target GC Util Change" value ="20.000000" />
  <attribute name="Current GC Util Change" value="1.000000"/>
  <attribute name="GC Util currently" value="1" />
  <attribute name="CPU Util currently" value="49" />
<allocation-satisfied id="236" threadId="0000000001908100" bytesRequested="24" />
<af-end id="237" timestamp="2019-06-16T17:32:24.894" threadId="0000000001908A88" success="true" from="nursery"/>
<exclusive-end id="238" timestamp="2019-06-16T17:32:24.894" durationms="2.177" />

<exclusive-start id="239" timestamp="2019-06-16T17:32:24.917" intervalms="24.592">
  <response-info timems="0.139" idlems="0.139" threads="0" lastid="0000000001908100" lastname="Thread-8" />
</exclusive-start>
<af-start id="240" threadId="0000000001908A88" totalBytesRequested="40" timestamp="2019-06-16T17:32:24.917" intervalms="24.548" type="nursery" />
<cycle-start id="241" type="scavenge" contextid="0" timestamp="2019-06-16T17:32:24.917" intervalms="24.489" />
<gc-start id="242" type="scavenge" contextid="241" timestamp="2019-06-16T17:32:24.917">
  <mem-info id="243" free="2810416" total="10223616" percent="27">
    <mem type="nursery" free="0" total="3932160" percent="0">
      <mem type="allocate" free="0" total="2949120" percent="0" />
      <mem type="survivor" free="0" total="983040" percent="0" />
    </mem>
    <mem type="tenure" free="2810416" total="6291456" percent="44">
      <mem type="soa" free="2496048" total="5977088" percent="41" />
      <mem type="loa" free="314368" total="314368" percent="100" />
    </mem>
    <remembered-set count="198" />
  </mem-info>
</gc-start>
<allocation-stats totalBytes="2406056" >
  <allocated-bytes non-tlh="24" tlh="2406032" />
  <largest-consumer threadName="Thread-8" threadId="0000000001908100" bytes="2406056" />
</allocation-stats>
<gc-op id="244" type="scavenge" timems="0.809" contextid="241" timestamp="2019-06-16T17:32:24.918">
  <scavenger-info tenureage="4" tenuremask="7ff0" tiltratio="75" />
  <memory-copied type="nursery" objects="5736" bytes="433168" bytesdiscarded="117920" />
</gc-op>
<gc-end id="245" type="scavenge" contextid="241" durationms="1.239" usertimems="4.000" systemtimems="0.000" timestamp="2019-06-16T17:32:24.918" activeThreads="4">
  <mem-info id="246" free="5273944" total="10223616" percent="51">
    <mem type="nursery" free="2463528" total="3932160" percent="62">
      <mem type="allocate" free="2463528" total="3014656" percent="81" />
      <mem type="survivor" free="0" total="917504" percent="0" />
    </mem>
    <mem type="tenure" free="2810416" total="6291456" percent="44">
      <mem type="soa" free="2496048" total="5977088" percent="41" />
      <mem type="loa" free="314368" total="314368" percent="100" />
    </mem>
    <remembered-set count="154" />
  </mem-info>
</gc-end>
<cycle-end id="247" type="scavenge" contextid="241" timestamp="2019-06-16T17:32:24.918" />
  <attribute name="elasticGC enabled" value="1" />
  <attribute name= "numThreadsSpecified" value="4" />
  <attribute name="heapSize specified" value="8388608" />
  <attribute name="Current GC Util" value="6" />
  <attribute name= "Current Time Running" value="767" />
  <attribute name ="GC Interval" value="200" />
  <attribute name="ProportionalT" value="-14.000000" />
  <attribute name="ProportionalI" value="-14.000000" />
  <attribute name="ProportionalH" value="-14.000000" />
  <attribute name="Current Error" value="-14.000000" />
  <attribute name="IntegralT" value="-350.000000" />
  <attribute name="IntegralI" value="-350.000000" />
  <attribute name="IntegralH" value="-350.000000" />
  <attribute name="DerivativeT" value="-0.280000" />
  <attribute name="DerivativeI" value="-0.280000" />
  <attribute name="DerivativeH" value="-0.280000" />
  <attribute name="Loop Time for DT" value="25.000000" />
  <attribute name="Output H" value="2092630016"/>
  <attribute name="Output I" value="200"/>
  <attribute name="Output T" value="4"/>
  <attribute name="Target GC Util Change" value ="20.000000" />
  <attribute name="Current GC Util Change" value="6.000000"/>
  <attribute name="GC Util currently" value="6" />
  <attribute name="CPU Util currently" value="187718347062" />
<allocation-satisfied id="248" threadId="0000000001908100" bytesRequested="40" />
<af-end id="249" timestamp="2019-06-16T17:32:24.919" threadId="0000000001908A88" success="true" from="nursery"/>
<exclusive-end id="250" timestamp="2019-06-16T17:32:24.919" durationms="2.131" />

<exclusive-start id="251" timestamp="2019-06-16T17:32:24.940" intervalms="23.016">
  <response-info timems="0.073" idlems="0.073" threads="0" lastid="0000000001908100" lastname="Thread-8" />
</exclusive-start>
<af-start id="252" threadId="0000000001908A88" totalBytesRequested="40" timestamp="2019-06-16T17:32:24.940" intervalms="23.011" type="nursery" />
<cycle-start id="253" type="scavenge" contextid="0" timestamp="2019-06-16T17:32:24.940" intervalms="23.050" />
<gc-start id="254" type="scavenge" contextid="253" timestamp="2019-06-16T17:32:24.940">
  <mem-info id="255" free="2810416" total="10223616" percent="27">
    <mem type="nursery" free="0" total="3932160" percent="0">
      <mem type="allocate" free="0" total="3014656" percent="0" />
      <mem type="survivor" free="0" total="917504" percent="0" />
    </mem>
    <mem type="tenure" free="2810416" total="6291456" percent="44">
      <mem type="soa" free="2496048" total="5977088" percent="41" />
      <mem type="loa" free="314368" total="314368" percent="100" />
    </mem>
    <remembered-set count="154" />
  </mem-info>
</gc-start>
<allocation-stats totalBytes="2463144" >
  <allocated-bytes non-tlh="40" tlh="2463104" />
  <largest-consumer threadName="Thread-8" threadId="0000000001908100" bytes="2463144" />
</allocation-stats>
<gc-op id="256" type="scavenge" timems="0.879" contextid="253" timestamp="2019-06-16T17:32:24.941">
  <scavenger-info tenureage="2" tenuremask="fffc" tiltratio="76" />
  <memory-copied type="nursery" objects="397" bytes="9888" bytesdiscarded="191328" />
  <memory-copied type="tenure" objects="5462" bytes="426200" bytesdiscarded="208" />
</gc-op>
<gc-end id="257" type="scavenge" contextid="253" durationms="1.305" usertimems="4.000" systemtimems="0.000" timestamp="2019-06-16T17:32:24.941" activeThreads="4">
  <mem-info id="258" free="5229552" total="10223616" percent="51">
    <mem type="nursery" free="2878976" total="3932160" percent="73">
      <mem type="allocate" free="2878976" total="3080192" percent="93" />
      <mem type="survivor" free="0" total="851968" percent="0" />
    </mem>
    <mem type="tenure" free="2350576" total="6291456" percent="37">
      <mem type="soa" free="2036208" total="5977088" percent="34" />
      <mem type="loa" free="314368" total="314368" percent="100" />
    </mem>
    <remembered-set count="399" />
  </mem-info>
</gc-end>
<cycle-end id="259" type="scavenge" contextid="253" timestamp="2019-06-16T17:32:24.941" />
  <attribute name="elasticGC enabled" value="1" />
  <attribute name= "numThreadsSpecified" value="4" />
  <attribute name="heapSize specified" value="8388608" />
  <attribute name="Current GC Util" value="7" />
  <attribute name= "Current Time Running" value="790" />
  <attribute name ="GC Interval" value="200" />
  <attribute name="ProportionalT" value="-13.000000" />
  <attribute name="ProportionalI" value="-13.000000" />
  <attribute name="ProportionalH" value="-13.000000" />
  <attribute name="Current Error" value="-13.000000" />
  <attribute name="IntegralT" value="-299.000000" />
  <attribute name="IntegralI" value="-299.000000" />
  <attribute name="IntegralH" value="-299.000000" />
  <attribute name="DerivativeT" value="-0.282609" />
  <attribute name="DerivativeI" value="-0.282609" />
  <attribute name="DerivativeH" value="-0.282609" />
  <attribute name="Loop Time for DT" value="23.000000" />
  <attribute name="Output H" value="2092630016"/>
  <attribute name="Output I" value="200"/>
  <attribute name="Output T" value="4"/>
  <attribute name="Target GC Util Change" value ="20.000000" />
  <attribute name="Current GC Util Change" value="7.000000"/>
  <attribute name="GC Util currently" value="7" />
  <attribute name="CPU Util currently" value="9" />
<allocation-satisfied id="260" threadId="0000000001908100" bytesRequested="40" />
<af-end id="261" timestamp="2019-06-16T17:32:24.942" threadId="0000000001908A88" success="true" from="nursery"/>
<exclusive-end id="262" timestamp="2019-06-16T17:32:24.942" durationms="2.148" />

<exclusive-start id="263" timestamp="2019-06-16T17:32:24.963" intervalms="23.561">
  <response-info timems="0.048" idlems="0.048" threads="0" lastid="0000000001908100" lastname="Thread-8" />
</exclusive-start>
<af-start id="264" threadId="0000000001908A88" totalBytesRequested="40" timestamp="2019-06-16T17:32:24.963" intervalms="23.503" type="nursery" />
<cycle-start id="265" type="scavenge" contextid="0" timestamp="2019-06-16T17:32:24.963" intervalms="23.474" />
<gc-start id="266" type="scavenge" contextid="265" timestamp="2019-06-16T17:32:24.963">
  <mem-info id="267" free="2350576" total="10223616" percent="22">
    <mem type="nursery" free="0" total="3932160" percent="0">
      <mem type="allocate" free="0" total="3080192" percent="0" />
      <mem type="survivor" free="0" total="851968" percent="0" />
    </mem>
    <mem type="tenure" free="2350576" total="6291456" percent="37">
      <mem type="soa" free="2036208" total="5977088" percent="34" />
      <mem type="loa" free="314368" total="314368" percent="100" />
    </mem>
    <remembered-set count="565" />
  </mem-info>
</gc-start>
<allocation-stats totalBytes="2878536" >
  <allocated-bytes non-tlh="40" tlh="2878496" />
  <largest-consumer threadName="Thread-8" threadId="0000000001908100" bytes="2878536" />
</allocation-stats>
<gc-op id="268" type="scavenge" timems="0.374" contextid="265" timestamp="2019-06-16T17:32:24.964">
  <scavenger-info tenureage="4" tenuremask="fff0" tiltratio="78" />
  <memory-copied type="nursery" objects="565" bytes="13920" bytesdiscarded="187296" />
</gc-op>
<gc-end id="269" type="scavenge" contextid="265" durationms="0.634" usertimems="0.000" systemtimems="0.000" timestamp="2019-06-16T17:32:24.964" activeThreads="4">
  <mem-info id="270" free="5426160" total="10223616" percent="53">
    <mem type="nursery" free="3075584" total="3932160" percent="78">
      <mem type="allocate" free="3075584" total="3276800" percent="93" />
      <mem type="survivor" free="0" total="655360" percent="0" />
    </mem>
    <mem type="tenure" free="2350576" total="6291456" percent="37">
      <mem type="soa" free="2036208" total="5977088" percent="34" />
      <mem type="loa" free="314368" total="314368" percent="100" />
    </mem>
    <remembered-set count="564" />
  </mem-info>
</gc-end>
<cycle-end id="271" type="scavenge" contextid="265" timestamp="2019-06-16T17:32:24.964" />
  <attribute name="elasticGC enabled" value="1" />
  <attribute name= "numThreadsSpecified" value="4" />
  <attribute name="heapSize specified" value="8388608" />
  <attribute name="Current GC Util" value="7" />
  <attribute name= "Current Time Running" value="813" />
  <attribute name ="GC Interval" value="200" />
  <attribute name="ProportionalT" value="-13.000000" />
  <attribute name="ProportionalI" value="-13.000000" />
  <attribute name="ProportionalH" value="-13.000000" />
  <attribute name="Current Error" value="-13.000000" />
  <attribute name="IntegralT" value="-299.000000" />
  <attribute name="IntegralI" value="-299.000000" />
  <attribute name="IntegralH" value="-299.000000" />
  <attribute name="DerivativeT" value="-0.282609" />
  <attribute name="DerivativeI" value="-0.282609" />
  <attribute name="DerivativeH" value="-0.282609" />
  <attribute name="Loop Time for DT" value="23.000000" />
  <attribute name="Output H" value="2092630016"/>
  <attribute name="Output I" value="200"/>
  <attribute name="Output T" value="4"/>
  <attribute name="Target GC Util Change" value ="20.000000" />
  <attribute name="Current GC Util Change" value="7.000000"/>
  <attribute name="GC Util currently" value="7" />
  <attribute name="CPU Util currently" value="7" />
<allocation-satisfied id="272" threadId="0000000001908100" bytesRequested="40" />
<af-end id="273" timestamp="2019-06-16T17:32:24.964" threadId="0000000001908A88" success="true" from="nursery"/>
<exclusive-end id="274" timestamp="2019-06-16T17:32:24.964" durationms="1.337" />

<exclusive-start id="275" timestamp="2019-06-16T17:32:24.982" intervalms="18.505">
  <response-info timems="0.027" idlems="0.027" threads="0" lastid="0000000001908100" lastname="Thread-8" />
</exclusive-start>
<af-start id="276" threadId="0000000001908A88" totalBytesRequested="40" timestamp="2019-06-16T17:32:24.982" intervalms="18.560" type="nursery" />
<cycle-start id="277" type="scavenge" contextid="0" timestamp="2019-06-16T17:32:24.982" intervalms="18.582" />
<gc-start id="278" type="scavenge" contextid="277" timestamp="2019-06-16T17:32:24.982">
  <mem-info id="279" free="2350576" total="10223616" percent="22">
    <mem type="nursery" free="0" total="3932160" percent="0">
      <mem type="allocate" free="0" total="3276800" percent="0" />
      <mem type="survivor" free="0" total="655360" percent="0" />
    </mem>
    <mem type="tenure" free="2350576" total="6291456" percent="37">
      <mem type="soa" free="2036208" total="5977088" percent="34" />
      <mem type="loa" free="314368" total="314368" percent="100" />
    </mem>
    <remembered-set count="701" />
  </mem-info>
</gc-start>
<allocation-stats totalBytes="3075224" >
  <allocated-bytes non-tlh="40" tlh="3075184" />
  <largest-consumer threadName="Thread-8" threadId="0000000001908100" bytes="3075224" />
</allocation-stats>
<gc-op id="280" type="scavenge" timems="0.382" contextid="277" timestamp="2019-06-16T17:32:24.983">
  <scavenger-info tenureage="4" tenuremask="fff0" tiltratio="83" />
  <memory-copied type="nursery" objects="704" bytes="17288" bytesdiscarded="183928" />
</gc-op>
<gc-end id="281" type="scavenge" contextid="277" durationms="0.742" usertimems="0.000" systemtimems="0.000" timestamp="2019-06-16T17:32:24.983" activeThreads="4">
  <mem-info id="282" free="5557232" total="10223616" percent="54">
    <mem type="nursery" free="3206656" total="3932160" percent="81">
      <mem type="allocate" free="3206656" total="3407872" percent="94" />
      <mem type="survivor" free="0" total="524288" percent="0" />
    </mem>
    <mem type="tenure" free="2350576" total="6291456" percent="37">
      <mem type="soa" free="2036208" total="5977088" percent="34" />
      <mem type="loa" free="314368" total="314368" percent="100" />
    </mem>
    <remembered-set count="700" />
  </mem-info>
</gc-end>
<cycle-end id="283" type="scavenge" contextid="277" timestamp="2019-06-16T17:32:24.983" />
  <attribute name="elasticGC enabled" value="1" />
  <attribute name= "numThreadsSpecified" value="4" />
  <attribute name="heapSize specified" value="8388608" />
  <attribute name="Current GC Util" value="4" />
  <attribute name= "Current Time Running" value="832" />
  <attribute name ="GC Interval" value="200" />
  <attribute name="ProportionalT" value="-16.000000" />
  <attribute name="ProportionalI" value="-16.000000" />
  <attribute name="ProportionalH" value="-16.000000" />
  <attribute name="Current Error" value="-16.000000" />
  <attribute name="IntegralT" value="-304.000000" />
  <attribute name="IntegralI" value="-304.000000" />
  <attribute name="IntegralH" value="-304.000000" />
  <attribute name="DerivativeT" value="-0.421053" />
  <attribute name="DerivativeI" value="-0.421053" />
  <attribute name="DerivativeH" value="-0.421053" />
  <attribute name="Loop Time for DT" value="19.000000" />
  <attribute name="Output H" value="2092630016"/>
  <attribute name="Output I" value="200"/>
  <attribute name="Output T" value="4"/>
  <attribute name="Target GC Util Change" value ="20.000000" />
  <attribute name="Current GC Util Change" value="4.000000"/>
  <attribute name="GC Util currently" value="4" />
  <attribute name="CPU Util currently" value="246585914324" />
<allocation-satisfied id="284" threadId="0000000001908100" bytesRequested="40" />
<af-end id="285" timestamp="2019-06-16T17:32:24.983" threadId="0000000001908A88" success="true" from="nursery"/>
<exclusive-end id="286" timestamp="2019-06-16T17:32:24.983" durationms="1.577" />

<exclusive-start id="287" timestamp="2019-06-16T17:32:25.000" intervalms="18.386">
  <response-info timems="0.054" idlems="0.031" threads="1" lastid="00000000015B2F00" lastname="JIT Compilation Thread-1" />
</exclusive-start>
<af-start id="288" threadId="0000000001908A88" totalBytesRequested="24" timestamp="2019-06-16T17:32:25.000" intervalms="18.319" type="nursery" />
<cycle-start id="289" type="scavenge" contextid="0" timestamp="2019-06-16T17:32:25.001" intervalms="18.657" />
<gc-start id="290" type="scavenge" contextid="289" timestamp="2019-06-16T17:32:25.001">
  <mem-info id="291" free="2350576" total="10223616" percent="22">
    <mem type="nursery" free="0" total="3932160" percent="0">
      <mem type="allocate" free="0" total="3407872" percent="0" />
      <mem type="survivor" free="0" total="524288" percent="0" />
    </mem>
    <mem type="tenure" free="2350576" total="6291456" percent="37">
      <mem type="soa" free="2036208" total="5977088" percent="34" />
      <mem type="loa" free="314368" total="314368" percent="100" />
    </mem>
    <remembered-set count="829" />
  </mem-info>
</gc-start>
<allocation-stats totalBytes="3206216" >
  <allocated-bytes non-tlh="40" tlh="3206176" />
  <largest-consumer threadName="Thread-8" threadId="0000000001908100" bytes="3206216" />
</allocation-stats>
<gc-op id="292" type="scavenge" timems="0.557" contextid="289" timestamp="2019-06-16T17:32:25.001">
  <scavenger-info tenureage="3" tenuremask="fff8" tiltratio="86" />
  <memory-copied type="nursery" objects="511" bytes="12640" bytesdiscarded="219296" />
  <memory-copied type="tenure" objects="321" bytes="7704" bytesdiscarded="0" />
</gc-op>
<gc-end id="293" type="scavenge" contextid="289" durationms="0.847" usertimems="4.000" systemtimems="0.000" timestamp="2019-06-16T17:32:25.002" activeThreads="4">
  <mem-info id="294" free="5491440" total="10223616" percent="53">
    <mem type="nursery" free="3241472" total="3932160" percent="82">
      <mem type="allocate" free="3241472" total="3473408" percent="93" />
      <mem type="survivor" free="0" total="458752" percent="0" />
    </mem>
    <mem type="tenure" free="2249968" total="6291456" percent="35">
      <mem type="soa" free="1935600" total="5977088" percent="32" />
      <mem type="loa" free="314368" total="314368" percent="100" />
    </mem>
    <remembered-set count="508" />
  </mem-info>
</gc-end>
<cycle-end id="295" type="scavenge" contextid="289" timestamp="2019-06-16T17:32:25.002" />
  <attribute name="elasticGC enabled" value="1" />
  <attribute name= "numThreadsSpecified" value="4" />
  <attribute name="heapSize specified" value="8388608" />
  <attribute name="Current GC Util" value="4" />
  <attribute name= "Current Time Running" value="850" />
  <attribute name ="GC Interval" value="200" />
  <attribute name="ProportionalT" value="-16.000000" />
  <attribute name="ProportionalI" value="-16.000000" />
  <attribute name="ProportionalH" value="-16.000000" />
  <attribute name="Current Error" value="-16.000000" />
  <attribute name="IntegralT" value="-288.000000" />
  <attribute name="IntegralI" value="-288.000000" />
  <attribute name="IntegralH" value="-288.000000" />
  <attribute name="DerivativeT" value="-0.444444" />
  <attribute name="DerivativeI" value="-0.444444" />
  <attribute name="DerivativeH" value="-0.444444" />
  <attribute name="Loop Time for DT" value="18.000000" />
  <attribute name="Output H" value="2092630016"/>
  <attribute name="Output I" value="200"/>
  <attribute name="Output T" value="4"/>
  <attribute name="Target GC Util Change" value ="20.000000" />
  <attribute name="Current GC Util Change" value="4.000000"/>
  <attribute name="GC Util currently" value="4" />
  <attribute name="CPU Util currently" value="7" />
<allocation-satisfied id="296" threadId="0000000001908100" bytesRequested="24" />
<af-end id="297" timestamp="2019-06-16T17:32:25.002" threadId="0000000001908A88" success="true" from="nursery"/>
<exclusive-end id="298" timestamp="2019-06-16T17:32:25.002" durationms="2.033" />

<exclusive-start id="299" timestamp="2019-06-16T17:32:25.012" intervalms="11.493">
  <response-info timems="0.063" idlems="0.063" threads="0" lastid="0000000001908100" lastname="Thread-8" />
</exclusive-start>
<af-start id="300" threadId="0000000001908A88" totalBytesRequested="40" timestamp="2019-06-16T17:32:25.012" intervalms="11.562" type="nursery" />
<cycle-start id="301" type="scavenge" contextid="0" timestamp="2019-06-16T17:32:25.012" intervalms="11.240" />
<gc-start id="302" type="scavenge" contextid="301" timestamp="2019-06-16T17:32:25.012">
  <mem-info id="303" free="2249968" total="10223616" percent="22">
    <mem type="nursery" free="0" total="3932160" percent="0">
      <mem type="allocate" free="0" total="3473408" percent="0" />
      <mem type="survivor" free="0" total="458752" percent="0" />
    </mem>
    <mem type="tenure" free="2249968" total="6291456" percent="35">
      <mem type="soa" free="1935600" total="5977088" percent="32" />
      <mem type="loa" free="314368" total="314368" percent="100" />
    </mem>
    <remembered-set count="655" />
  </mem-info>
</gc-start>
<allocation-stats totalBytes="3240952" >
  <allocated-bytes non-tlh="24" tlh="3240928" />
  <largest-consumer threadName="Thread-8" threadId="0000000001908100" bytes="3240952" />
</allocation-stats>
<gc-op id="304" type="scavenge" timems="0.383" contextid="301" timestamp="2019-06-16T17:32:25.013">
  <scavenger-info tenureage="6" tenuremask="ffc0" tiltratio="88" />
  <memory-copied type="nursery" objects="659" bytes="16208" bytesdiscarded="185008" />
</gc-op>
<gc-end id="305" type="scavenge" contextid="301" durationms="0.786" usertimems="0.000" systemtimems="0.000" timestamp="2019-06-16T17:32:25.013" activeThreads="4">
  <mem-info id="306" free="5587696" total="10223616" percent="54">
    <mem type="nursery" free="3337728" total="3932160" percent="84">
      <mem type="allocate" free="3337728" total="3538944" percent="94" />
      <mem type="survivor" free="0" total="393216" percent="0" />
    </mem>
    <mem type="tenure" free="2249968" total="6291456" percent="35">
      <mem type="soa" free="1935600" total="5977088" percent="32" />
      <mem type="loa" free="314368" total="314368" percent="100" />
    </mem>
    <remembered-set count="655" />
  </mem-info>
</gc-end>
<cycle-end id="307" type="scavenge" contextid="301" timestamp="2019-06-16T17:32:25.013" />
  <attribute name="elasticGC enabled" value="1" />
  <attribute name= "numThreadsSpecified" value="4" />
  <attribute name="heapSize specified" value="8388608" />
  <attribute name="Current GC Util" value="10" />
  <attribute name= "Current Time Running" value="862" />
  <attribute name ="GC Interval" value="200" />
  <attribute name="ProportionalT" value="-10.000000" />
  <attribute name="ProportionalI" value="-10.000000" />
  <attribute name="ProportionalH" value="-10.000000" />
  <attribute name="Current Error" value="-10.000000" />
  <attribute name="IntegralT" value="-120.000000" />
  <attribute name="IntegralI" value="-120.000000" />
  <attribute name="IntegralH" value="-120.000000" />
  <attribute name="DerivativeT" value="-0.416667" />
  <attribute name="DerivativeI" value="-0.416667" />
  <attribute name="DerivativeH" value="-0.416667" />
  <attribute name="Loop Time for DT" value="12.000000" />
  <attribute name="Output H" value="2092630016"/>
  <attribute name="Output I" value="200"/>
  <attribute name="Output T" value="4"/>
  <attribute name="Target GC Util Change" value ="20.000000" />
  <attribute name="Current GC Util Change" value="10.000000"/>
  <attribute name="GC Util currently" value="10" />
  <attribute name="CPU Util currently" value="400752549912" />
<allocation-satisfied id="308" threadId="0000000001908100" bytesRequested="40" />
<af-end id="309" timestamp="2019-06-16T17:32:25.013" threadId="0000000001908A88" success="true" from="nursery"/>
<exclusive-end id="310" timestamp="2019-06-16T17:32:25.013" durationms="1.545" />

<exclusive-start id="311" timestamp="2019-06-16T17:32:25.024" intervalms="12.110">
  <response-info timems="0.118" idlems="0.118" threads="0" lastid="0000000001908100" lastname="Thread-8" />
</exclusive-start>
<af-start id="312" threadId="0000000001908A88" totalBytesRequested="40" timestamp="2019-06-16T17:32:25.024" intervalms="12.121" type="nursery" />
<cycle-start id="313" type="scavenge" contextid="0" timestamp="2019-06-16T17:32:25.024" intervalms="12.111" />
<gc-start id="314" type="scavenge" contextid="313" timestamp="2019-06-16T17:32:25.024">
  <mem-info id="315" free="2249968" total="10223616" percent="22">
    <mem type="nursery" free="0" total="3932160" percent="0">
      <mem type="allocate" free="0" total="3538944" percent="0" />
      <mem type="survivor" free="0" total="393216" percent="0" />
    </mem>
    <mem type="tenure" free="2249968" total="6291456" percent="35">
      <mem type="soa" free="1935600" total="5977088" percent="32" />
      <mem type="loa" free="314368" total="314368" percent="100" />
    </mem>
    <remembered-set count="819" />
  </mem-info>
</gc-start>
<allocation-stats totalBytes="3337280" >
  <allocated-bytes non-tlh="40" tlh="3337240" />
  <largest-consumer threadName="Thread-8" threadId="0000000001908100" bytes="3337280" />
</allocation-stats>
<gc-op id="316" type="scavenge" timems="0.588" contextid="313" timestamp="2019-06-16T17:32:25.025">
  <scavenger-info tenureage="3" tenuremask="fff8" tiltratio="90" />
  <memory-copied type="nursery" objects="522" bytes="12920" bytesdiscarded="188296" />
  <memory-copied type="tenure" objects="301" bytes="7224" bytesdiscarded="0" />
</gc-op>
<gc-end id="317" type="scavenge" contextid="313" durationms="0.966" usertimems="0.000" systemtimems="4.000" timestamp="2019-06-16T17:32:25.025" activeThreads="4">
  <mem-info id="318" free="5587696" total="10223616" percent="54">
    <mem type="nursery" free="3337728" total="3932160" percent="84">
      <mem type="allocate" free="3337728" total="3538944" percent="94" />
      <mem type="survivor" free="0" total="393216" percent="0" />
    </mem>
    <mem type="tenure" free="2249968" total="6291456" percent="35">
      <mem type="soa" free="1935600" total="5977088" percent="32" />
      <mem type="loa" free="314368" total="314368" percent="100" />
    </mem>
    <remembered-set count="518" />
  </mem-info>
</gc-end>
<cycle-end id="319" type="scavenge" contextid="313" timestamp="2019-06-16T17:32:25.025" />
  <attribute name="elasticGC enabled" value="1" />
  <attribute name= "numThreadsSpecified" value="4" />
  <attribute name="heapSize specified" value="8388608" />
  <attribute name="Current GC Util" value="7" />
  <attribute name= "Current Time Running" value="874" />
  <attribute name ="GC Interval" value="200" />
  <attribute name="ProportionalT" value="-13.000000" />
  <attribute name="ProportionalI" value="-13.000000" />
  <attribute name="ProportionalH" value="-13.000000" />
  <attribute name="Current Error" value="-13.000000" />
  <attribute name="IntegralT" value="-156.000000" />
  <attribute name="IntegralI" value="-156.000000" />
  <attribute name="IntegralH" value="-156.000000" />
  <attribute name="DerivativeT" value="-0.541667" />
  <attribute name="DerivativeI" value="-0.541667" />
  <attribute name="DerivativeH" value="-0.541667" />
  <attribute name="Loop Time for DT" value="12.000000" />
  <attribute name="Output H" value="2092630016"/>
  <attribute name="Output I" value="200"/>
  <attribute name="Output T" value="4"/>
  <attribute name="Target GC Util Change" value ="20.000000" />
  <attribute name="Current GC Util Change" value="7.000000"/>
  <attribute name="GC Util currently" value="7" />
  <attribute name="CPU Util currently" value="382038781006" />
<allocation-satisfied id="320" threadId="0000000001908100" bytesRequested="40" />
<af-end id="321" timestamp="2019-06-16T17:32:25.025" threadId="0000000001908A88" success="true" from="nursery"/>
<exclusive-end id="322" timestamp="2019-06-16T17:32:25.025" durationms="1.715" />

<exclusive-start id="323" timestamp="2019-06-16T17:32:25.035" intervalms="11.788">
  <response-info timems="0.114" idlems="0.114" threads="0" lastid="0000000001908100" lastname="Thread-8" />
</exclusive-start>
<af-start id="324" threadId="0000000001908A88" totalBytesRequested="40" timestamp="2019-06-16T17:32:25.036" intervalms="11.814" type="nursery" />
<cycle-start id="325" type="scavenge" contextid="0" timestamp="2019-06-16T17:32:25.036" intervalms="11.819" />
<gc-start id="326" type="scavenge" contextid="325" timestamp="2019-06-16T17:32:25.036">
  <mem-info id="327" free="2249968" total="10223616" percent="22">
    <mem type="nursery" free="0" total="3932160" percent="0">
      <mem type="allocate" free="0" total="3538944" percent="0" />
      <mem type="survivor" free="0" total="393216" percent="0" />
    </mem>
    <mem type="tenure" free="2249968" total="6291456" percent="35">
      <mem type="soa" free="1935600" total="5977088" percent="32" />
      <mem type="loa" free="314368" total="314368" percent="100" />
    </mem>
    <remembered-set count="695" />
  </mem-info>
</gc-start>
<allocation-stats totalBytes="3337288" >
  <allocated-bytes non-tlh="40" tlh="3337248" />
  <largest-consumer threadName="Thread-8" threadId="0000000001908100" bytes="3337288" />
</allocation-stats>
<gc-op id="328" type="scavenge" timems="0.555" contextid="325" timestamp="2019-06-16T17:32:25.037">
  <scavenger-info tenureage="3" tenuremask="ffc8" tiltratio="90" />
  <memory-copied type="nursery" objects="499" bytes="12096" bytesdiscarded="189120" />
  <memory-copied type="tenure" objects="135" bytes="3240" bytesdiscarded="0" />
</gc-op>
<gc-end id="329" type="scavenge" contextid="325" durationms="1.001" usertimems="4.000" systemtimems="0.000" timestamp="2019-06-16T17:32:25.037" activeThreads="4">
  <mem-info id="330" free="5587696" total="10223616" percent="54">
    <mem type="nursery" free="3337728" total="3932160" percent="84">
      <mem type="allocate" free="3337728" total="3538944" percent="94" />
      <mem type="survivor" free="0" total="393216" percent="0" />
    </mem>
    <mem type="tenure" free="2249968" total="6291456" percent="35">
      <mem type="soa" free="1935600" total="5977088" percent="32" />
      <mem type="loa" free="314368" total="314368" percent="100" />
    </mem>
    <remembered-set count="560" />
  </mem-info>
</gc-end>
<cycle-end id="331" type="scavenge" contextid="325" timestamp="2019-06-16T17:32:25.037" />
  <attribute name="elasticGC enabled" value="1" />
  <attribute name= "numThreadsSpecified" value="4" />
  <attribute name="heapSize specified" value="8388608" />
  <attribute name="Current GC Util" value="10" />
  <attribute name= "Current Time Running" value="886" />
  <attribute name ="GC Interval" value="200" />
  <attribute name="ProportionalT" value="-10.000000" />
  <attribute name="ProportionalI" value="-10.000000" />
  <attribute name="ProportionalH" value="-10.000000" />
  <attribute name="Current Error" value="-10.000000" />
  <attribute name="IntegralT" value="-120.000000" />
  <attribute name="IntegralI" value="-120.000000" />
  <attribute name="IntegralH" value="-120.000000" />
  <attribute name="DerivativeT" value="-0.416667" />
  <attribute name="DerivativeI" value="-0.416667" />
  <attribute name="DerivativeH" value="-0.416667" />
  <attribute name="Loop Time for DT" value="12.000000" />
  <attribute name="Output H" value="2092630016"/>
  <attribute name="Output I" value="200"/>
  <attribute name="Output T" value="4"/>
  <attribute name="Target GC Util Change" value ="20.000000" />
  <attribute name="Current GC Util Change" value="10.000000"/>
  <attribute name="GC Util currently" value="10" />
  <attribute name="CPU Util currently" value="389298625309" />
<allocation-satisfied id="332" threadId="0000000001908100" bytesRequested="40" />
<af-end id="333" timestamp="2019-06-16T17:32:25.037" threadId="0000000001908A88" success="true" from="nursery"/>
<exclusive-end id="334" timestamp="2019-06-16T17:32:25.037" durationms="2.001" />

<exclusive-start id="335" timestamp="2019-06-16T17:32:25.048" intervalms="12.309">
  <response-info timems="0.074" idlems="0.074" threads="0" lastid="0000000001908100" lastname="Thread-8" />
</exclusive-start>
<af-start id="336" threadId="0000000001908A88" totalBytesRequested="40" timestamp="2019-06-16T17:32:25.048" intervalms="12.281" type="nursery" />
<cycle-start id="337" type="scavenge" contextid="0" timestamp="2019-06-16T17:32:25.048" intervalms="12.273" />
<gc-start id="338" type="scavenge" contextid="337" timestamp="2019-06-16T17:32:25.048">
  <mem-info id="339" free="2249968" total="10223616" percent="22">
    <mem type="nursery" free="0" total="3932160" percent="0">
      <mem type="allocate" free="0" total="3538944" percent="0" />
      <mem type="survivor" free="0" total="393216" percent="0" />
    </mem>
    <mem type="tenure" free="2249968" total="6291456" percent="35">
      <mem type="soa" free="1935600" total="5977088" percent="32" />
      <mem type="loa" free="314368" total="314368" percent="100" />
    </mem>
    <remembered-set count="755" />
  </mem-info>
</gc-start>
<allocation-stats totalBytes="3337240" >
  <allocated-bytes non-tlh="40" tlh="3337200" />
  <largest-consumer threadName="Thread-8" threadId="0000000001908100" bytes="3337240" />
</allocation-stats>
<gc-op id="340" type="scavenge" timems="0.536" contextid="337" timestamp="2019-06-16T17:32:25.049">
  <scavenger-info tenureage="3" tenuremask="ffe8" tiltratio="90" />
  <memory-copied type="nursery" objects="585" bytes="14304" bytesdiscarded="186912" />
  <memory-copied type="tenure" objects="147" bytes="3528" bytesdiscarded="0" />
</gc-op>
<gc-end id="341" type="scavenge" contextid="337" durationms="0.802" usertimems="0.000" systemtimems="0.000" timestamp="2019-06-16T17:32:25.049" activeThreads="4">
  <mem-info id="342" free="5587696" total="10223616" percent="54">
    <mem type="nursery" free="3337728" total="3932160" percent="84">
      <mem type="allocate" free="3337728" total="3538944" percent="94" />
      <mem type="survivor" free="0" total="393216" percent="0" />
    </mem>
    <mem type="tenure" free="2249968" total="6291456" percent="35">
      <mem type="soa" free="1935600" total="5977088" percent="32" />
      <mem type="loa" free="314368" total="314368" percent="100" />
    </mem>
    <remembered-set count="608" />
  </mem-info>
</gc-end>
<cycle-end id="343" type="scavenge" contextid="337" timestamp="2019-06-16T17:32:25.049" />
  <attribute name="elasticGC enabled" value="1" />
  <attribute name= "numThreadsSpecified" value="4" />
  <attribute name="heapSize specified" value="8388608" />
  <attribute name="Current GC Util" value="10" />
  <attribute name= "Current Time Running" value="898" />
  <attribute name ="GC Interval" value="200" />
  <attribute name="ProportionalT" value="-10.000000" />
  <attribute name="ProportionalI" value="-10.000000" />
  <attribute name="ProportionalH" value="-10.000000" />
  <attribute name="Current Error" value="-10.000000" />
  <attribute name="IntegralT" value="-120.000000" />
  <attribute name="IntegralI" value="-120.000000" />
  <attribute name="IntegralH" value="-120.000000" />
  <attribute name="DerivativeT" value="-0.416667" />
  <attribute name="DerivativeI" value="-0.416667" />
  <attribute name="DerivativeH" value="-0.416667" />
  <attribute name="Loop Time for DT" value="12.000000" />
  <attribute name="Output H" value="2092630016"/>
  <attribute name="Output I" value="200"/>
  <attribute name="Output T" value="4"/>
  <attribute name="Target GC Util Change" value ="20.000000" />
  <attribute name="Current GC Util Change" value="10.000000"/>
  <attribute name="GC Util currently" value="10" />
  <attribute name="CPU Util currently" value="380515050237" />
<allocation-satisfied id="344" threadId="0000000001908100" bytesRequested="40" />
<af-end id="345" timestamp="2019-06-16T17:32:25.049" threadId="0000000001908A88" success="true" from="nursery"/>
<exclusive-end id="346" timestamp="2019-06-16T17:32:25.049" durationms="1.675" />

<exclusive-start id="347" timestamp="2019-06-16T17:32:25.062" intervalms="13.995">
  <response-info timems="0.076" idlems="0.076" threads="0" lastid="0000000001908100" lastname="Thread-8" />
</exclusive-start>
<af-start id="348" threadId="0000000001908A88" totalBytesRequested="40" timestamp="2019-06-16T17:32:25.062" intervalms="13.982" type="nursery" />
<cycle-start id="349" type="scavenge" contextid="0" timestamp="2019-06-16T17:32:25.062" intervalms="13.984" />
<gc-start id="350" type="scavenge" contextid="349" timestamp="2019-06-16T17:32:25.062">
  <mem-info id="351" free="2249968" total="10223616" percent="22">
    <mem type="nursery" free="0" total="3932160" percent="0">
      <mem type="allocate" free="0" total="3538944" percent="0" />
      <mem type="survivor" free="0" total="393216" percent="0" />
    </mem>
    <mem type="tenure" free="2249968" total="6291456" percent="35">
      <mem type="soa" free="1935600" total="5977088" percent="32" />
      <mem type="loa" free="314368" total="314368" percent="100" />
    </mem>
    <remembered-set count="811" />
  </mem-info>
</gc-start>
<allocation-stats totalBytes="3337280" >
  <allocated-bytes non-tlh="40" tlh="3337240" />
  <largest-consumer threadName="Thread-8" threadId="0000000001908100" bytes="3337280" />
</allocation-stats>
<gc-op id="352" type="scavenge" timems="0.549" contextid="349" timestamp="2019-06-16T17:32:25.063">
  <scavenger-info tenureage="3" tenuremask="ffe8" tiltratio="90" />
  <memory-copied type="nursery" objects="587" bytes="14224" bytesdiscarded="186992" />
  <memory-copied type="tenure" objects="164" bytes="3936" bytesdiscarded="0" />
</gc-op>
<gc-end id="353" type="scavenge" contextid="349" durationms="0.988" usertimems="0.000" systemtimems="0.000" timestamp="2019-06-16T17:32:25.063" activeThreads="4">
  <mem-info id="354" free="5587696" total="10223616" percent="54">
    <mem type="nursery" free="3337728" total="3932160" percent="84">
      <mem type="allocate" free="3337728" total="3538944" percent="94" />
      <mem type="survivor" free="0" total="393216" percent="0" />
    </mem>
    <mem type="tenure" free="2249968" total="6291456" percent="35">
      <mem type="soa" free="1935600" total="5977088" percent="32" />
      <mem type="loa" free="314368" total="314368" percent="100" />
    </mem>
    <remembered-set count="647" />
  </mem-info>
</gc-end>
<cycle-end id="355" type="scavenge" contextid="349" timestamp="2019-06-16T17:32:25.063" />
  <attribute name="elasticGC enabled" value="1" />
  <attribute name= "numThreadsSpecified" value="4" />
  <attribute name="heapSize specified" value="8388608" />
  <attribute name="Current GC Util" value="8" />
  <attribute name= "Current Time Running" value="912" />
  <attribute name ="GC Interval" value="200" />
  <attribute name="ProportionalT" value="-12.000000" />
  <attribute name="ProportionalI" value="-12.000000" />
  <attribute name="ProportionalH" value="-12.000000" />
  <attribute name="Current Error" value="-12.000000" />
  <attribute name="IntegralT" value="-168.000000" />
  <attribute name="IntegralI" value="-168.000000" />
  <attribute name="IntegralH" value="-168.000000" />
  <attribute name="DerivativeT" value="-0.428571" />
  <attribute name="DerivativeI" value="-0.428571" />
  <attribute name="DerivativeH" value="-0.428571" />
  <attribute name="Loop Time for DT" value="14.000000" />
  <attribute name="Output H" value="2092630016"/>
  <attribute name="Output I" value="200"/>
  <attribute name="Output T" value="4"/>
  <attribute name="Target GC Util Change" value ="20.000000" />
  <attribute name="Current GC Util Change" value="8.000000"/>
  <attribute name="GC Util currently" value="8" />
  <attribute name="CPU Util currently" value="326703466340" />
<allocation-satisfied id="356" threadId="0000000001908100" bytesRequested="40" />
<af-end id="357" timestamp="2019-06-16T17:32:25.063" threadId="0000000001908A88" success="true" from="nursery"/>
<exclusive-end id="358" timestamp="2019-06-16T17:32:25.064" durationms="1.876" />

<exclusive-start id="359" timestamp="2019-06-16T17:32:25.075" intervalms="13.765">
  <response-info timems="0.114" idlems="0.114" threads="0" lastid="0000000001908100" lastname="Thread-8" />
</exclusive-start>
<af-start id="360" threadId="0000000001908A88" totalBytesRequested="40" timestamp="2019-06-16T17:32:25.076" intervalms="13.785" type="nursery" />
<cycle-start id="361" type="scavenge" contextid="0" timestamp="2019-06-16T17:32:25.076" intervalms="13.791" />
<gc-start id="362" type="scavenge" contextid="361" timestamp="2019-06-16T17:32:25.076">
  <mem-info id="363" free="2249968" total="10223616" percent="22">
    <mem type="nursery" free="0" total="3932160" percent="0">
      <mem type="allocate" free="0" total="3538944" percent="0" />
      <mem type="survivor" free="0" total="393216" percent="0" />
    </mem>
    <mem type="tenure" free="2249968" total="6291456" percent="35">
      <mem type="soa" free="1935600" total="5977088" percent="32" />
      <mem type="loa" free="314368" total="314368" percent="100" />
    </mem>
    <remembered-set count="822" />
  </mem-info>
</gc-start>
<allocation-stats totalBytes="3337240" >
  <allocated-bytes non-tlh="40" tlh="3337200" />
  <largest-consumer threadName="Thread-8" threadId="0000000001908100" bytes="3337240" />
</allocation-stats>
<gc-op id="364" type="scavenge" timems="0.554" contextid="361" timestamp="2019-06-16T17:32:25.077">
  <scavenger-info tenureage="3" tenuremask="ffe8" tiltratio="90" />
  <memory-copied type="nursery" objects="647" bytes="15904" bytesdiscarded="185312" />
  <memory-copied type="tenure" objects="177" bytes="4248" bytesdiscarded="0" />
</gc-op>
<heap-resize id="365" type="expand" space="nursery" amount="262144" count="1" timems="0.016" reason="excessive time being spent scavenging" timestamp="2019-06-16T17:32:25.077" />
<gc-end id="366" type="scavenge" contextid="361" durationms="1.123" usertimems="4.000" systemtimems="0.000" timestamp="2019-06-16T17:32:25.077" activeThreads="4">
  <mem-info id="367" free="5784304" total="10485760" percent="55">
    <mem type="nursery" free="3534336" total="4194304" percent="84">
      <mem type="allocate" free="3534336" total="3735552" percent="94" />
      <mem type="survivor" free="0" total="458752" percent="0" />
    </mem>
    <mem type="tenure" free="2249968" total="6291456" percent="35">
      <mem type="soa" free="1935600" total="5977088" percent="32" />
      <mem type="loa" free="314368" total="314368" percent="100" />
    </mem>
    <remembered-set count="644" />
  </mem-info>
</gc-end>
<cycle-end id="368" type="scavenge" contextid="361" timestamp="2019-06-16T17:32:25.077" />
  <attribute name="elasticGC enabled" value="1" />
  <attribute name= "numThreadsSpecified" value="4" />
  <attribute name="heapSize specified" value="8388608" />
  <attribute name="Current GC Util" value="8" />
  <attribute name= "Current Time Running" value="926" />
  <attribute name ="GC Interval" value="200" />
  <attribute name="ProportionalT" value="-12.000000" />
  <attribute name="ProportionalI" value="-12.000000" />
  <attribute name="ProportionalH" value="-12.000000" />
  <attribute name="Current Error" value="-12.000000" />
  <attribute name="IntegralT" value="-168.000000" />
  <attribute name="IntegralI" value="-168.000000" />
  <attribute name="IntegralH" value="-168.000000" />
  <attribute name="DerivativeT" value="-0.428571" />
  <attribute name="DerivativeI" value="-0.428571" />
  <attribute name="DerivativeH" value="-0.428571" />
  <attribute name="Loop Time for DT" value="14.000000" />
  <attribute name="Output H" value="2092630016"/>
  <attribute name="Output I" value="200"/>
  <attribute name="Output T" value="4"/>
  <attribute name="Target GC Util Change" value ="20.000000" />
  <attribute name="Current GC Util Change" value="8.000000"/>
  <attribute name="GC Util currently" value="8" />
  <attribute name="CPU Util currently" value="334081035462" />
<allocation-satisfied id="369" threadId="0000000001908100" bytesRequested="40" />
<af-end id="370" timestamp="2019-06-16T17:32:25.077" threadId="0000000001908A88" success="true" from="nursery"/>
<exclusive-end id="371" timestamp="2019-06-16T17:32:25.077" durationms="1.944" />

<exclusive-start id="372" timestamp="2019-06-16T17:32:25.091" intervalms="15.220">
  <response-info timems="0.075" idlems="0.075" threads="0" lastid="0000000001908100" lastname="Thread-8" />
</exclusive-start>
<af-start id="373" threadId="0000000001908A88" totalBytesRequested="40" timestamp="2019-06-16T17:32:25.091" intervalms="15.202" type="nursery" />
<cycle-start id="374" type="scavenge" contextid="0" timestamp="2019-06-16T17:32:25.091" intervalms="15.185" />
<gc-start id="375" type="scavenge" contextid="374" timestamp="2019-06-16T17:32:25.091">
  <mem-info id="376" free="2249968" total="10485760" percent="21">
    <mem type="nursery" free="0" total="4194304" percent="0">
      <mem type="allocate" free="0" total="3735552" percent="0" />
      <mem type="survivor" free="0" total="458752" percent="0" />
    </mem>
    <mem type="tenure" free="2249968" total="6291456" percent="35">
      <mem type="soa" free="1935600" total="5977088" percent="32" />
      <mem type="loa" free="314368" total="314368" percent="100" />
    </mem>
    <remembered-set count="854" />
  </mem-info>
</gc-start>
<allocation-stats totalBytes="3533856" >
  <allocated-bytes non-tlh="40" tlh="3533816" />
  <largest-consumer threadName="Thread-8" threadId="0000000001908100" bytes="3533856" />
</allocation-stats>
<gc-op id="377" type="scavenge" timems="0.562" contextid="374" timestamp="2019-06-16T17:32:25.092">
  <scavenger-info tenureage="3" tenuremask="ffe8" tiltratio="89" />
  <memory-copied type="nursery" objects="637" bytes="15568" bytesdiscarded="185648" />
  <memory-copied type="tenure" objects="191" bytes="4584" bytesdiscarded="0" />
</gc-op>
<gc-end id="378" type="scavenge" contextid="374" durationms="1.020" usertimems="0.000" systemtimems="0.000" timestamp="2019-06-16T17:32:25.092" activeThreads="4">
  <mem-info id="379" free="5784304" total="10485760" percent="55">
    <mem type="nursery" free="3534336" total="4194304" percent="84">
      <mem type="allocate" free="3534336" total="3735552" percent="94" />
      <mem type="survivor" free="0" total="458752" percent="0" />
    </mem>
    <mem type="tenure" free="2249968" total="6291456" percent="35">
      <mem type="soa" free="1935600" total="5977088" percent="32" />
      <mem type="loa" free="314368" total="314368" percent="100" />
    </mem>
    <remembered-set count="661" />
  </mem-info>
</gc-end>
<cycle-end id="380" type="scavenge" contextid="374" timestamp="2019-06-16T17:32:25.092" />
  <attribute name="elasticGC enabled" value="1" />
  <attribute name= "numThreadsSpecified" value="4" />
  <attribute name="heapSize specified" value="8388608" />
  <attribute name="Current GC Util" value="8" />
  <attribute name= "Current Time Running" value="941" />
  <attribute name ="GC Interval" value="200" />
  <attribute name="ProportionalT" value="-12.000000" />
  <attribute name="ProportionalI" value="-12.000000" />
  <attribute name="ProportionalH" value="-12.000000" />
  <attribute name="Current Error" value="-12.000000" />
  <attribute name="IntegralT" value="-180.000000" />
  <attribute name="IntegralI" value="-180.000000" />
  <attribute name="IntegralH" value="-180.000000" />
  <attribute name="DerivativeT" value="-0.400000" />
  <attribute name="DerivativeI" value="-0.400000" />
  <attribute name="DerivativeH" value="-0.400000" />
  <attribute name="Loop Time for DT" value="15.000000" />
  <attribute name="Output H" value="2092630016"/>
  <attribute name="Output I" value="200"/>
  <attribute name="Output T" value="4"/>
  <attribute name="Target GC Util Change" value ="20.000000" />
  <attribute name="Current GC Util Change" value="8.000000"/>
  <attribute name="GC Util currently" value="8" />
  <attribute name="CPU Util currently" value="304023363752" />
<allocation-satisfied id="381" threadId="0000000001908100" bytesRequested="40" />
<af-end id="382" timestamp="2019-06-16T17:32:25.092" threadId="0000000001908A88" success="true" from="nursery"/>
<exclusive-end id="383" timestamp="2019-06-16T17:32:25.093" durationms="1.795" />

<exclusive-start id="384" timestamp="2019-06-16T17:32:25.106" intervalms="15.242">
  <response-info timems="0.087" idlems="0.087" threads="0" lastid="0000000001908100" lastname="Thread-8" />
</exclusive-start>
<af-start id="385" threadId="0000000001908A88" totalBytesRequested="40" timestamp="2019-06-16T17:32:25.106" intervalms="15.266" type="nursery" />
<cycle-start id="386" type="scavenge" contextid="0" timestamp="2019-06-16T17:32:25.106" intervalms="15.274" />
<gc-start id="387" type="scavenge" contextid="386" timestamp="2019-06-16T17:32:25.106">
  <mem-info id="388" free="2249968" total="10485760" percent="21">
    <mem type="nursery" free="0" total="4194304" percent="0">
      <mem type="allocate" free="0" total="3735552" percent="0" />
      <mem type="survivor" free="0" total="458752" percent="0" />
    </mem>
    <mem type="tenure" free="2249968" total="6291456" percent="35">
      <mem type="soa" free="1935600" total="5977088" percent="32" />
      <mem type="loa" free="314368" total="314368" percent="100" />
    </mem>
    <remembered-set count="891" />
  </mem-info>
</gc-start>
<allocation-stats totalBytes="3533800" >
  <allocated-bytes non-tlh="40" tlh="3533760" />
  <largest-consumer threadName="Thread-8" threadId="0000000001908100" bytes="3533800" />
</allocation-stats>
<gc-op id="389" type="scavenge" timems="0.558" contextid="386" timestamp="2019-06-16T17:32:25.107">
  <scavenger-info tenureage="3" tenuremask="ffe8" tiltratio="89" />
  <memory-copied type="nursery" objects="635" bytes="15424" bytesdiscarded="185792" />
  <memory-copied type="tenure" objects="206" bytes="4944" bytesdiscarded="0" />
</gc-op>
<gc-end id="390" type="scavenge" contextid="386" durationms="0.997" usertimems="0.000" systemtimems="0.000" timestamp="2019-06-16T17:32:25.107" activeThreads="4">
  <mem-info id="391" free="5784304" total="10485760" percent="55">
    <mem type="nursery" free="3534336" total="4194304" percent="84">
      <mem type="allocate" free="3534336" total="3735552" percent="94" />
      <mem type="survivor" free="0" total="458752" percent="0" />
    </mem>
    <mem type="tenure" free="2249968" total="6291456" percent="35">
      <mem type="soa" free="1935600" total="5977088" percent="32" />
      <mem type="loa" free="314368" total="314368" percent="100" />
    </mem>
    <remembered-set count="683" />
  </mem-info>
</gc-end>
<cycle-end id="392" type="scavenge" contextid="386" timestamp="2019-06-16T17:32:25.108" />
  <attribute name="elasticGC enabled" value="1" />
  <attribute name= "numThreadsSpecified" value="4" />
  <attribute name="heapSize specified" value="8388608" />
  <attribute name="Current GC Util" value="7" />
  <attribute name= "Current Time Running" value="956" />
  <attribute name ="GC Interval" value="200" />
  <attribute name="ProportionalT" value="-13.000000" />
  <attribute name="ProportionalI" value="-13.000000" />
  <attribute name="ProportionalH" value="-13.000000" />
  <attribute name="Current Error" value="-13.000000" />
  <attribute name="IntegralT" value="-195.000000" />
  <attribute name="IntegralI" value="-195.000000" />
  <attribute name="IntegralH" value="-195.000000" />
  <attribute name="DerivativeT" value="-0.433333" />
  <attribute name="DerivativeI" value="-0.433333" />
  <attribute name="DerivativeH" value="-0.433333" />
  <attribute name="Loop Time for DT" value="15.000000" />
  <attribute name="Output H" value="2092630016"/>
  <attribute name="Output I" value="200"/>
  <attribute name="Output T" value="4"/>
  <attribute name="Target GC Util Change" value ="20.000000" />
  <attribute name="Current GC Util Change" value="7.000000"/>
  <attribute name="GC Util currently" value="7" />
  <attribute name="CPU Util currently" value="301965444166" />
<allocation-satisfied id="393" threadId="0000000001908100" bytesRequested="40" />
<af-end id="394" timestamp="2019-06-16T17:32:25.108" threadId="0000000001908A88" success="true" from="nursery"/>
<exclusive-end id="395" timestamp="2019-06-16T17:32:25.108" durationms="1.906" />

<exclusive-start id="396" timestamp="2019-06-16T17:32:25.121" intervalms="15.471">
  <response-info timems="0.104" idlems="0.104" threads="0" lastid="0000000001908100" lastname="Thread-8" />
</exclusive-start>
<af-start id="397" threadId="0000000001908A88" totalBytesRequested="40" timestamp="2019-06-16T17:32:25.122" intervalms="15.436" type="nursery" />
<cycle-start id="398" type="scavenge" contextid="0" timestamp="2019-06-16T17:32:25.122" intervalms="15.445" />
<gc-start id="399" type="scavenge" contextid="398" timestamp="2019-06-16T17:32:25.122">
  <mem-info id="400" free="2249968" total="10485760" percent="21">
    <mem type="nursery" free="0" total="4194304" percent="0">
      <mem type="allocate" free="0" total="3735552" percent="0" />
      <mem type="survivor" free="0" total="458752" percent="0" />
    </mem>
    <mem type="tenure" free="2249968" total="6291456" percent="35">
      <mem type="soa" free="1935600" total="5977088" percent="32" />
      <mem type="loa" free="314368" total="314368" percent="100" />
    </mem>
    <remembered-set count="906" />
  </mem-info>
</gc-start>
<allocation-stats totalBytes="3533784" >
  <allocated-bytes non-tlh="40" tlh="3533744" />
  <largest-consumer threadName="Thread-8" threadId="0000000001908100" bytes="3533784" />
</allocation-stats>
<gc-op id="401" type="scavenge" timems="0.567" contextid="398" timestamp="2019-06-16T17:32:25.123">
  <scavenger-info tenureage="3" tenuremask="ffe8" tiltratio="89" />
  <memory-copied type="nursery" objects="733" bytes="17968" bytesdiscarded="183248" />
  <memory-copied type="tenure" objects="175" bytes="4200" bytesdiscarded="0" />
</gc-op>
<heap-resize id="402" type="expand" space="nursery" amount="262144" count="1" timems="0.017" reason="excessive time being spent scavenging" timestamp="2019-06-16T17:32:25.123" />
<gc-end id="403" type="scavenge" contextid="398" durationms="1.257" usertimems="4.000" systemtimems="0.000" timestamp="2019-06-16T17:32:25.123" activeThreads="4">
  <mem-info id="404" free="5980912" total="10747904" percent="55">
    <mem type="nursery" free="3730944" total="4456448" percent="83">
      <mem type="allocate" free="3730944" total="3932160" percent="94" />
      <mem type="survivor" free="0" total="524288" percent="0" />
    </mem>
    <mem type="tenure" free="2249968" total="6291456" percent="35">
      <mem type="soa" free="1935600" total="5977088" percent="32" />
      <mem type="loa" free="314368" total="314368" percent="100" />
    </mem>
    <remembered-set count="730" />
  </mem-info>
</gc-end>
<cycle-end id="405" type="scavenge" contextid="398" timestamp="2019-06-16T17:32:25.123" />
  <attribute name="elasticGC enabled" value="1" />
  <attribute name= "numThreadsSpecified" value="4" />
  <attribute name="heapSize specified" value="8388608" />
  <attribute name="Current GC Util" value="7" />
  <attribute name= "Current Time Running" value="972" />
  <attribute name ="GC Interval" value="200" />
  <attribute name="ProportionalT" value="-13.000000" />
  <attribute name="ProportionalI" value="-13.000000" />
  <attribute name="ProportionalH" value="-13.000000" />
  <attribute name="Current Error" value="-13.000000" />
  <attribute name="IntegralT" value="-208.000000" />
  <attribute name="IntegralI" value="-208.000000" />
  <attribute name="IntegralH" value="-208.000000" />
  <attribute name="DerivativeT" value="-0.406250" />
  <attribute name="DerivativeI" value="-0.406250" />
  <attribute name="DerivativeH" value="-0.406250" />
  <attribute name="Loop Time for DT" value="16.000000" />
  <attribute name="Output H" value="2092630016"/>
  <attribute name="Output I" value="200"/>
  <attribute name="Output T" value="4"/>
  <attribute name="Target GC Util Change" value ="20.000000" />
  <attribute name="Current GC Util Change" value="7.000000"/>
  <attribute name="GC Util currently" value="7" />
  <attribute name="CPU Util currently" value="297342109088" />
<allocation-satisfied id="406" threadId="0000000001908100" bytesRequested="40" />
<af-end id="407" timestamp="2019-06-16T17:32:25.123" threadId="0000000001908A88" success="true" from="nursery"/>
<exclusive-end id="408" timestamp="2019-06-16T17:32:25.124" durationms="2.085" />

<exclusive-start id="409" timestamp="2019-06-16T17:32:25.138" intervalms="16.791">
  <response-info timems="0.060" idlems="0.060" threads="0" lastid="0000000001908100" lastname="Thread-8" />
</exclusive-start>
<af-start id="410" threadId="0000000001908A88" totalBytesRequested="40" timestamp="2019-06-16T17:32:25.138" intervalms="16.789" type="nursery" />
<cycle-start id="411" type="scavenge" contextid="0" timestamp="2019-06-16T17:32:25.139" intervalms="16.779" />
<gc-start id="412" type="scavenge" contextid="411" timestamp="2019-06-16T17:32:25.139">
  <mem-info id="413" free="2249968" total="10747904" percent="20">
    <mem type="nursery" free="0" total="4456448" percent="0">
      <mem type="allocate" free="0" total="3932160" percent="0" />
      <mem type="survivor" free="0" total="524288" percent="0" />
    </mem>
    <mem type="tenure" free="2249968" total="6291456" percent="35">
      <mem type="soa" free="1935600" total="5977088" percent="32" />
      <mem type="loa" free="314368" total="314368" percent="100" />
    </mem>
    <remembered-set count="1007" />
  </mem-info>
</gc-start>
<allocation-stats totalBytes="3730408" >
  <allocated-bytes non-tlh="40" tlh="3730368" />
  <largest-consumer threadName="Thread-8" threadId="0000000001908100" bytes="3730408" />
</allocation-stats>
<gc-op id="414" type="scavenge" timems="0.565" contextid="411" timestamp="2019-06-16T17:32:25.139">
  <scavenger-info tenureage="3" tenuremask="ffe8" tiltratio="88" />
  <memory-copied type="nursery" objects="803" bytes="19648" bytesdiscarded="181568" />
  <memory-copied type="tenure" objects="207" bytes="4968" bytesdiscarded="0" />
</gc-op>
<gc-end id="415" type="scavenge" contextid="411" durationms="1.008" usertimems="4.000" systemtimems="0.000" timestamp="2019-06-16T17:32:25.140" activeThreads="4">
  <mem-info id="416" free="6046448" total="10747904" percent="56">
    <mem type="nursery" free="3796480" total="4456448" percent="85">
      <mem type="allocate" free="3796480" total="3997696" percent="94" />
      <mem type="survivor" free="0" total="458752" percent="0" />
    </mem>
    <mem type="tenure" free="2249968" total="6291456" percent="35">
      <mem type="soa" free="1935600" total="5977088" percent="32" />
      <mem type="loa" free="314368" total="314368" percent="100" />
    </mem>
    <remembered-set count="800" />
  </mem-info>
</gc-end>
<cycle-end id="417" type="scavenge" contextid="411" timestamp="2019-06-16T17:32:25.140" />
  <attribute name="elasticGC enabled" value="1" />
  <attribute name= "numThreadsSpecified" value="4" />
  <attribute name="heapSize specified" value="8388608" />
  <attribute name="Current GC Util" value="7" />
  <attribute name= "Current Time Running" value="989" />
  <attribute name ="GC Interval" value="200" />
  <attribute name="ProportionalT" value="-13.000000" />
  <attribute name="ProportionalI" value="-13.000000" />
  <attribute name="ProportionalH" value="-13.000000" />
  <attribute name="Current Error" value="-13.000000" />
  <attribute name="IntegralT" value="-221.000000" />
  <attribute name="IntegralI" value="-221.000000" />
  <attribute name="IntegralH" value="-221.000000" />
  <attribute name="DerivativeT" value="-0.382353" />
  <attribute name="DerivativeI" value="-0.382353" />
  <attribute name="DerivativeH" value="-0.382353" />
  <attribute name="Loop Time for DT" value="17.000000" />
  <attribute name="Output H" value="2092630016"/>
  <attribute name="Output I" value="200"/>
  <attribute name="Output T" value="4"/>
  <attribute name="Target GC Util Change" value ="20.000000" />
  <attribute name="Current GC Util Change" value="7.000000"/>
  <attribute name="GC Util currently" value="7" />
  <attribute name="CPU Util currently" value="275957923560" />
<allocation-satisfied id="418" threadId="0000000001908100" bytesRequested="40" />
<af-end id="419" timestamp="2019-06-16T17:32:25.140" threadId="0000000001908A88" success="true" from="nursery"/>
<exclusive-end id="420" timestamp="2019-06-16T17:32:25.140" durationms="1.874" />

<exclusive-start id="421" timestamp="2019-06-16T17:32:25.155" intervalms="16.942">
  <response-info timems="0.081" idlems="0.081" threads="0" lastid="0000000001908100" lastname="Thread-8" />
</exclusive-start>
<af-start id="422" threadId="0000000001908A88" totalBytesRequested="40" timestamp="2019-06-16T17:32:25.155" intervalms="16.932" type="nursery" />
<cycle-start id="423" type="scavenge" contextid="0" timestamp="2019-06-16T17:32:25.155" intervalms="16.955" />
<gc-start id="424" type="scavenge" contextid="423" timestamp="2019-06-16T17:32:25.156">
  <mem-info id="425" free="2249968" total="10747904" percent="20">
    <mem type="nursery" free="0" total="4456448" percent="0">
      <mem type="allocate" free="0" total="3997696" percent="0" />
      <mem type="survivor" free="0" total="458752" percent="0" />
    </mem>
    <mem type="tenure" free="2249968" total="6291456" percent="35">
      <mem type="soa" free="1935600" total="5977088" percent="32" />
      <mem type="loa" free="314368" total="314368" percent="100" />
    </mem>
    <remembered-set count="1076" />
  </mem-info>
</gc-start>
<allocation-stats totalBytes="3795896" >
  <allocated-bytes non-tlh="40" tlh="3795856" />
  <largest-consumer threadName="Thread-8" threadId="0000000001908100" bytes="3795896" />
</allocation-stats>
<gc-op id="426" type="scavenge" timems="0.571" contextid="423" timestamp="2019-06-16T17:32:25.156">
  <scavenger-info tenureage="3" tenuremask="4008" tiltratio="89" />
  <memory-copied type="nursery" objects="851" bytes="20800" bytesdiscarded="180416" />
  <memory-copied type="tenure" objects="228" bytes="5472" bytesdiscarded="0" />
</gc-op>
<gc-end id="427" type="scavenge" contextid="423" durationms="0.978" usertimems="0.000" systemtimems="0.000" timestamp="2019-06-16T17:32:25.157" activeThreads="4">
  <mem-info id="428" free="6046448" total="10747904" percent="56">
    <mem type="nursery" free="3796480" total="4456448" percent="85">
      <mem type="allocate" free="3796480" total="3997696" percent="94" />
      <mem type="survivor" free="0" total="458752" percent="0" />
    </mem>
    <mem type="tenure" free="2249968" total="6291456" percent="35">
      <mem type="soa" free="1935600" total="5977088" percent="32" />
      <mem type="loa" free="314368" total="314368" percent="100" />
    </mem>
    <remembered-set count="848" />
  </mem-info>
</gc-end>
<cycle-end id="429" type="scavenge" contextid="423" timestamp="2019-06-16T17:32:25.157" />
  <attribute name="elasticGC enabled" value="1" />
  <attribute name= "numThreadsSpecified" value="4" />
  <attribute name="heapSize specified" value="8388608" />
  <attribute name="Current GC Util" value="7" />
  <attribute name= "Current Time Running" value="1006" />
  <attribute name ="GC Interval" value="200" />
  <attribute name="ProportionalT" value="-13.000000" />
  <attribute name="ProportionalI" value="-13.000000" />
  <attribute name="ProportionalH" value="-13.000000" />
  <attribute name="Current Error" value="-13.000000" />
  <attribute name="IntegralT" value="-221.000000" />
  <attribute name="IntegralI" value="-221.000000" />
  <attribute name="IntegralH" value="-221.000000" />
  <attribute name="DerivativeT" value="-0.382353" />
  <attribute name="DerivativeI" value="-0.382353" />
  <attribute name="DerivativeH" value="-0.382353" />
  <attribute name="Loop Time for DT" value="17.000000" />
  <attribute name="Output H" value="2092630016"/>
  <attribute name="Output I" value="200"/>
  <attribute name="Output T" value="4"/>
  <attribute name="Target GC Util Change" value ="20.000000" />
  <attribute name="Current GC Util Change" value="7.000000"/>
  <attribute name="GC Util currently" value="7" />
  <attribute name="CPU Util currently" value="271553783041" />
<allocation-satisfied id="430" threadId="0000000001908100" bytesRequested="40" />
<af-end id="431" timestamp="2019-06-16T17:32:25.157" threadId="0000000001908A88" success="true" from="nursery"/>
<exclusive-end id="432" timestamp="2019-06-16T17:32:25.157" durationms="1.753" />

<exclusive-start id="433" timestamp="2019-06-16T17:32:25.173" intervalms="17.661">
  <response-info timems="0.077" idlems="0.077" threads="0" lastid="0000000001908100" lastname="Thread-8" />
</exclusive-start>
<af-start id="434" threadId="0000000001908A88" totalBytesRequested="24" timestamp="2019-06-16T17:32:25.173" intervalms="17.652" type="nursery" />
<cycle-start id="435" type="scavenge" contextid="0" timestamp="2019-06-16T17:32:25.173" intervalms="17.641" />
<gc-start id="436" type="scavenge" contextid="435" timestamp="2019-06-16T17:32:25.173">
  <mem-info id="437" free="2249968" total="10747904" percent="20">
    <mem type="nursery" free="0" total="4456448" percent="0">
      <mem type="allocate" free="0" total="3997696" percent="0" />
      <mem type="survivor" free="0" total="458752" percent="0" />
    </mem>
    <mem type="tenure" free="2249968" total="6291456" percent="35">
      <mem type="soa" free="1935600" total="5977088" percent="32" />
      <mem type="loa" free="314368" total="314368" percent="100" />
    </mem>
    <remembered-set count="1006" />
  </mem-info>
</gc-start>
<allocation-stats totalBytes="3795960" >
  <allocated-bytes non-tlh="40" tlh="3795920" />
  <largest-consumer threadName="Thread-8" threadId="0000000001908100" bytes="3795960" />
</allocation-stats>
<gc-op id="438" type="scavenge" timems="0.554" contextid="435" timestamp="2019-06-16T17:32:25.174">
  <scavenger-info tenureage="3" tenuremask="4008" tiltratio="89" />
  <memory-copied type="nursery" objects="786" bytes="19240" bytesdiscarded="181976" />
  <memory-copied type="tenure" objects="223" bytes="5352" bytesdiscarded="0" />
</gc-op>
<gc-end id="439" type="scavenge" contextid="435" durationms="0.953" usertimems="0.000" systemtimems="0.000" timestamp="2019-06-16T17:32:25.174" activeThreads="4">
  <mem-info id="440" free="6046448" total="10747904" percent="56">
    <mem type="nursery" free="3796480" total="4456448" percent="85">
      <mem type="allocate" free="3796480" total="3997696" percent="94" />
      <mem type="survivor" free="0" total="458752" percent="0" />
    </mem>
    <mem type="tenure" free="2249968" total="6291456" percent="35">
      <mem type="soa" free="1935600" total="5977088" percent="32" />
      <mem type="loa" free="314368" total="314368" percent="100" />
    </mem>
    <remembered-set count="783" />
  </mem-info>
</gc-end>
<cycle-end id="441" type="scavenge" contextid="435" timestamp="2019-06-16T17:32:25.174" />
  <attribute name="elasticGC enabled" value="1" />
  <attribute name= "numThreadsSpecified" value="4" />
  <attribute name="heapSize specified" value="8388608" />
  <attribute name="Current GC Util" value="6" />
  <attribute name= "Current Time Running" value="1023" />
  <attribute name ="GC Interval" value="200" />
  <attribute name="ProportionalT" value="-14.000000" />
  <attribute name="ProportionalI" value="-14.000000" />
  <attribute name="ProportionalH" value="-14.000000" />
  <attribute name="Current Error" value="-14.000000" />
  <attribute name="IntegralT" value="-238.000000" />
  <attribute name="IntegralI" value="-238.000000" />
  <attribute name="IntegralH" value="-238.000000" />
  <attribute name="DerivativeT" value="-0.411765" />
  <attribute name="DerivativeI" value="-0.411765" />
  <attribute name="DerivativeH" value="-0.411765" />
  <attribute name="Loop Time for DT" value="17.000000" />
  <attribute name="Output H" value="2092630016"/>
  <attribute name="Output I" value="200"/>
  <attribute name="Output T" value="4"/>
  <attribute name="Target GC Util Change" value ="20.000000" />
  <attribute name="Current GC Util Change" value="6.000000"/>
  <attribute name="GC Util currently" value="6" />
  <attribute name="CPU Util currently" value="261652737600" />
<allocation-satisfied id="442" threadId="0000000001908100" bytesRequested="24" />
<af-end id="443" timestamp="2019-06-16T17:32:25.175" threadId="0000000001908A88" success="true" from="nursery"/>
<exclusive-end id="444" timestamp="2019-06-16T17:32:25.175" durationms="1.831" />

<exclusive-start id="445" timestamp="2019-06-16T17:32:25.188" intervalms="15.172">
  <response-info timems="0.086" idlems="0.086" threads="0" lastid="0000000001908100" lastname="Thread-8" />
</exclusive-start>
<af-start id="446" threadId="0000000001908A88" totalBytesRequested="40" timestamp="2019-06-16T17:32:25.188" intervalms="15.207" type="nursery" />
<cycle-start id="447" type="scavenge" contextid="0" timestamp="2019-06-16T17:32:25.188" intervalms="15.189" />
<gc-start id="448" type="scavenge" contextid="447" timestamp="2019-06-16T17:32:25.188">
  <mem-info id="449" free="2249968" total="10747904" percent="20">
    <mem type="nursery" free="0" total="4456448" percent="0">
      <mem type="allocate" free="0" total="3997696" percent="0" />
      <mem type="survivor" free="0" total="458752" percent="0" />
    </mem>
    <mem type="tenure" free="2249968" total="6291456" percent="35">
      <mem type="soa" free="1935600" total="5977088" percent="32" />
      <mem type="loa" free="314368" total="314368" percent="100" />
    </mem>
    <remembered-set count="960" />
  </mem-info>
</gc-start>
<allocation-stats totalBytes="3796008" >
  <allocated-bytes non-tlh="24" tlh="3795984" />
  <largest-consumer threadName="Thread-8" threadId="0000000001908100" bytes="3796008" />
</allocation-stats>
<gc-op id="450" type="scavenge" timems="0.554" contextid="447" timestamp="2019-06-16T17:32:25.189">
  <scavenger-info tenureage="3" tenuremask="4008" tiltratio="89" />
  <memory-copied type="nursery" objects="686" bytes="16840" bytesdiscarded="184376" />
  <memory-copied type="tenure" objects="277" bytes="6648" bytesdiscarded="0" />
</gc-op>
<gc-end id="451" type="scavenge" contextid="447" durationms="1.015" usertimems="0.000" systemtimems="4.000" timestamp="2019-06-16T17:32:25.189" activeThreads="4">
  <mem-info id="452" free="6046448" total="10747904" percent="56">
    <mem type="nursery" free="3796480" total="4456448" percent="85">
      <mem type="allocate" free="3796480" total="3997696" percent="94" />
      <mem type="survivor" free="0" total="458752" percent="0" />
    </mem>
    <mem type="tenure" free="2249968" total="6291456" percent="35">
      <mem type="soa" free="1935600" total="5977088" percent="32" />
      <mem type="loa" free="314368" total="314368" percent="100" />
    </mem>
    <remembered-set count="683" />
  </mem-info>
</gc-end>
<cycle-end id="453" type="scavenge" contextid="447" timestamp="2019-06-16T17:32:25.190" />
  <attribute name="elasticGC enabled" value="1" />
  <attribute name= "numThreadsSpecified" value="4" />
  <attribute name="heapSize specified" value="8388608" />
  <attribute name="Current GC Util" value="7" />
  <attribute name= "Current Time Running" value="1038" />
  <attribute name ="GC Interval" value="200" />
  <attribute name="ProportionalT" value="-13.000000" />
  <attribute name="ProportionalI" value="-13.000000" />
  <attribute name="ProportionalH" value="-13.000000" />
  <attribute name="Current Error" value="-13.000000" />
  <attribute name="IntegralT" value="-195.000000" />
  <attribute name="IntegralI" value="-195.000000" />
  <attribute name="IntegralH" value="-195.000000" />
  <attribute name="DerivativeT" value="-0.433333" />
  <attribute name="DerivativeI" value="-0.433333" />
  <attribute name="DerivativeH" value="-0.433333" />
  <attribute name="Loop Time for DT" value="15.000000" />
  <attribute name="Output H" value="2092630016"/>
  <attribute name="Output I" value="200"/>
  <attribute name="Output T" value="4"/>
  <attribute name="Target GC Util Change" value ="20.000000" />
  <attribute name="Current GC Util Change" value="7.000000"/>
  <attribute name="GC Util currently" value="7" />
  <attribute name="CPU Util currently" value="302988013250" />
<allocation-satisfied id="454" threadId="0000000001908100" bytesRequested="40" />
<af-end id="455" timestamp="2019-06-16T17:32:25.190" threadId="0000000001908A88" success="true" from="nursery"/>
<exclusive-end id="456" timestamp="2019-06-16T17:32:25.190" durationms="1.948" />

<exclusive-start id="457" timestamp="2019-06-16T17:32:25.205" intervalms="16.953">
  <response-info timems="0.110" idlems="0.110" threads="0" lastid="0000000001908100" lastname="Thread-8" />
</exclusive-start>
<af-start id="458" threadId="0000000001908A88" totalBytesRequested="40" timestamp="2019-06-16T17:32:25.205" intervalms="16.955" type="nursery" />
<cycle-start id="459" type="scavenge" contextid="0" timestamp="2019-06-16T17:32:25.205" intervalms="16.968" />
<gc-start id="460" type="scavenge" contextid="459" timestamp="2019-06-16T17:32:25.205">
  <mem-info id="461" free="2249968" total="10747904" percent="20">
    <mem type="nursery" free="0" total="4456448" percent="0">
      <mem type="allocate" free="0" total="3997696" percent="0" />
      <mem type="survivor" free="0" total="458752" percent="0" />
    </mem>
    <mem type="tenure" free="2249968" total="6291456" percent="35">
      <mem type="soa" free="1935600" total="5977088" percent="32" />
      <mem type="loa" free="314368" total="314368" percent="100" />
    </mem>
    <remembered-set count="846" />
  </mem-info>
</gc-start>
<allocation-stats totalBytes="3795984" >
  <allocated-bytes non-tlh="40" tlh="3795944" />
  <largest-consumer threadName="Thread-8" threadId="0000000001908100" bytes="3795984" />
</allocation-stats>
<gc-op id="462" type="scavenge" timems="0.539" contextid="459" timestamp="2019-06-16T17:32:25.206">
  <scavenger-info tenureage="3" tenuremask="4008" tiltratio="89" />
  <memory-copied type="nursery" objects="580" bytes="14312" bytesdiscarded="186904" />
  <memory-copied type="tenure" objects="270" bytes="6480" bytesdiscarded="0" />
</gc-op>
<gc-end id="463" type="scavenge" contextid="459" durationms="0.989" usertimems="4.000" systemtimems="0.000" timestamp="2019-06-16T17:32:25.206" activeThreads="4">
  <mem-info id="464" free="6046448" total="10747904" percent="56">
    <mem type="nursery" free="3796480" total="4456448" percent="85">
      <mem type="allocate" free="3796480" total="3997696" percent="94" />
      <mem type="survivor" free="0" total="458752" percent="0" />
    </mem>
    <mem type="tenure" free="2249968" total="6291456" percent="35">
      <mem type="soa" free="1935600" total="5977088" percent="32" />
      <mem type="loa" free="314368" total="314368" percent="100" />
    </mem>
    <remembered-set count="576" />
  </mem-info>
</gc-end>
<cycle-end id="465" type="scavenge" contextid="459" timestamp="2019-06-16T17:32:25.206" />
  <attribute name="elasticGC enabled" value="1" />
  <attribute name= "numThreadsSpecified" value="4" />
  <attribute name="heapSize specified" value="8388608" />
  <attribute name="Current GC Util" value="7" />
  <attribute name= "Current Time Running" value="1055" />
  <attribute name ="GC Interval" value="200" />
  <attribute name="ProportionalT" value="-13.000000" />
  <attribute name="ProportionalI" value="-13.000000" />
  <attribute name="ProportionalH" value="-13.000000" />
  <attribute name="Current Error" value="-13.000000" />
  <attribute name="IntegralT" value="-221.000000" />
  <attribute name="IntegralI" value="-221.000000" />
  <attribute name="IntegralH" value="-221.000000" />
  <attribute name="DerivativeT" value="-0.382353" />
  <attribute name="DerivativeI" value="-0.382353" />
  <attribute name="DerivativeH" value="-0.382353" />
  <attribute name="Loop Time for DT" value="17.000000" />
  <attribute name="Output H" value="2092630016"/>
  <attribute name="Output I" value="200"/>
  <attribute name="Output T" value="4"/>
  <attribute name="Target GC Util Change" value ="20.000000" />
  <attribute name="Current GC Util Change" value="7.000000"/>
  <attribute name="GC Util currently" value="7" />
  <attribute name="CPU Util currently" value="272800813210" />
<allocation-satisfied id="466" threadId="0000000001908100" bytesRequested="40" />
<af-end id="467" timestamp="2019-06-16T17:32:25.207" threadId="0000000001908A88" success="true" from="nursery"/>
<exclusive-end id="468" timestamp="2019-06-16T17:32:25.207" durationms="1.808" />

<exclusive-start id="469" timestamp="2019-06-16T17:32:25.219" intervalms="14.244">
  <response-info timems="0.078" idlems="0.078" threads="0" lastid="0000000001908100" lastname="Thread-8" />
</exclusive-start>
<af-start id="470" threadId="0000000001908A88" totalBytesRequested="40" timestamp="2019-06-16T17:32:25.219" intervalms="14.261" type="nursery" />
<cycle-start id="471" type="scavenge" contextid="0" timestamp="2019-06-16T17:32:25.220" intervalms="14.260" />
<gc-start id="472" type="scavenge" contextid="471" timestamp="2019-06-16T17:32:25.220">
  <mem-info id="473" free="2249968" total="10747904" percent="20">
    <mem type="nursery" free="0" total="4456448" percent="0">
      <mem type="allocate" free="0" total="3997696" percent="0" />
      <mem type="survivor" free="0" total="458752" percent="0" />
    </mem>
    <mem type="tenure" free="2249968" total="6291456" percent="35">
      <mem type="soa" free="1935600" total="5977088" percent="32" />
      <mem type="loa" free="314368" total="314368" percent="100" />
    </mem>
    <remembered-set count="771" />
  </mem-info>
</gc-start>
<allocation-stats totalBytes="3796048" >
  <allocated-bytes non-tlh="40" tlh="3796008" />
  <largest-consumer threadName="Thread-8" threadId="0000000001908100" bytes="3796048" />
</allocation-stats>
<gc-op id="474" type="scavenge" timems="0.391" contextid="471" timestamp="2019-06-16T17:32:25.220">
  <scavenger-info tenureage="3" tenuremask="4008" tiltratio="89" />
  <memory-copied type="nursery" objects="629" bytes="15600" bytesdiscarded="185616" />
  <memory-copied type="tenure" objects="158" bytes="3792" bytesdiscarded="0" />
</gc-op>
<gc-end id="475" type="scavenge" contextid="471" durationms="0.817" usertimems="0.000" systemtimems="0.000" timestamp="2019-06-16T17:32:25.220" activeThreads="4">
  <mem-info id="476" free="6046448" total="10747904" percent="56">
    <mem type="nursery" free="3796480" total="4456448" percent="85">
      <mem type="allocate" free="3796480" total="3997696" percent="94" />
      <mem type="survivor" free="0" total="458752" percent="0" />
    </mem>
    <mem type="tenure" free="2249968" total="6291456" percent="35">
      <mem type="soa" free="1935600" total="5977088" percent="32" />
      <mem type="loa" free="314368" total="314368" percent="100" />
    </mem>
    <remembered-set count="613" />
  </mem-info>
</gc-end>
<cycle-end id="477" type="scavenge" contextid="471" timestamp="2019-06-16T17:32:25.221" />
  <attribute name="elasticGC enabled" value="1" />
  <attribute name= "numThreadsSpecified" value="4" />
  <attribute name="heapSize specified" value="8388608" />
  <attribute name="Current GC Util" value="8" />
  <attribute name= "Current Time Running" value="1070" />
  <attribute name ="GC Interval" value="200" />
  <attribute name="ProportionalT" value="-12.000000" />
  <attribute name="ProportionalI" value="-12.000000" />
  <attribute name="ProportionalH" value="-12.000000" />
  <attribute name="Current Error" value="-12.000000" />
  <attribute name="IntegralT" value="-180.000000" />
  <attribute name="IntegralI" value="-180.000000" />
  <attribute name="IntegralH" value="-180.000000" />
  <attribute name="DerivativeT" value="-0.400000" />
  <attribute name="DerivativeI" value="-0.400000" />
  <attribute name="DerivativeH" value="-0.400000" />
  <attribute name="Loop Time for DT" value="15.000000" />
  <attribute name="Output H" value="2092630016"/>
  <attribute name="Output I" value="200"/>
  <attribute name="Output T" value="4"/>
  <attribute name="Target GC Util Change" value ="20.000000" />
  <attribute name="Current GC Util Change" value="8.000000"/>
  <attribute name="GC Util currently" value="8" />
  <attribute name="CPU Util currently" value="322965044610" />
<allocation-satisfied id="478" threadId="0000000001908100" bytesRequested="40" />
<af-end id="479" timestamp="2019-06-16T17:32:25.221" threadId="0000000001908A88" success="true" from="nursery"/>
<exclusive-end id="480" timestamp="2019-06-16T17:32:25.221" durationms="1.657" />

<exclusive-start id="481" timestamp="2019-06-16T17:32:25.231" intervalms="11.566">
  <response-info timems="0.101" idlems="0.101" threads="0" lastid="0000000001908100" lastname="Thread-8" />
</exclusive-start>
<af-start id="482" threadId="0000000001908A88" totalBytesRequested="40" timestamp="2019-06-16T17:32:25.231" intervalms="11.556" type="nursery" />
<cycle-start id="483" type="scavenge" contextid="0" timestamp="2019-06-16T17:32:25.231" intervalms="11.552" />
<gc-start id="484" type="scavenge" contextid="483" timestamp="2019-06-16T17:32:25.231">
  <mem-info id="485" free="2249968" total="10747904" percent="20">
    <mem type="nursery" free="0" total="4456448" percent="0">
      <mem type="allocate" free="0" total="3997696" percent="0" />
      <mem type="survivor" free="0" total="458752" percent="0" />
    </mem>
    <mem type="tenure" free="2249968" total="6291456" percent="35">
      <mem type="soa" free="1935600" total="5977088" percent="32" />
      <mem type="loa" free="314368" total="314368" percent="100" />
    </mem>
    <remembered-set count="868" />
  </mem-info>
</gc-start>
<allocation-stats totalBytes="3796032" >
  <allocated-bytes non-tlh="40" tlh="3795992" />
  <largest-consumer threadName="Thread-8" threadId="0000000001908100" bytes="3796032" />
</allocation-stats>
<gc-op id="486" type="scavenge" timems="0.584" contextid="483" timestamp="2019-06-16T17:32:25.232">
  <scavenger-info tenureage="3" tenuremask="4008" tiltratio="89" />
  <memory-copied type="nursery" objects="694" bytes="17200" bytesdiscarded="184016" />
  <memory-copied type="tenure" objects="183" bytes="4392" bytesdiscarded="0" />
</gc-op>
<gc-end id="487" type="scavenge" contextid="483" durationms="0.945" usertimems="0.000" systemtimems="4.000" timestamp="2019-06-16T17:32:25.232" activeThreads="4">
  <mem-info id="488" free="6046448" total="10747904" percent="56">
    <mem type="nursery" free="3796480" total="4456448" percent="85">
      <mem type="allocate" free="3796480" total="3997696" percent="94" />
      <mem type="survivor" free="0" total="458752" percent="0" />
    </mem>
    <mem type="tenure" free="2249968" total="6291456" percent="35">
      <mem type="soa" free="1935600" total="5977088" percent="32" />
      <mem type="loa" free="314368" total="314368" percent="100" />
    </mem>
    <remembered-set count="685" />
  </mem-info>
</gc-end>
<cycle-end id="489" type="scavenge" contextid="483" timestamp="2019-06-16T17:32:25.232" />
  <attribute name="elasticGC enabled" value="1" />
  <attribute name= "numThreadsSpecified" value="4" />
  <attribute name="heapSize specified" value="8388608" />
  <attribute name="Current GC Util" value="7" />
  <attribute name= "Current Time Running" value="1081" />
  <attribute name ="GC Interval" value="200" />
  <attribute name="ProportionalT" value="-13.000000" />
  <attribute name="ProportionalI" value="-13.000000" />
  <attribute name="ProportionalH" value="-13.000000" />
  <attribute name="Current Error" value="-13.000000" />
  <attribute name="IntegralT" value="-143.000000" />
  <attribute name="IntegralI" value="-143.000000" />
  <attribute name="IntegralH" value="-143.000000" />
  <attribute name="DerivativeT" value="-0.590909" />
  <attribute name="DerivativeI" value="-0.590909" />
  <attribute name="DerivativeH" value="-0.590909" />
  <attribute name="Loop Time for DT" value="11.000000" />
  <attribute name="Output H" value="2092630016"/>
  <attribute name="Output I" value="200"/>
  <attribute name="Output T" value="4"/>
  <attribute name="Target GC Util Change" value ="20.000000" />
  <attribute name="Current GC Util Change" value="7.000000"/>
  <attribute name="GC Util currently" value="7" />
  <attribute name="CPU Util currently" value="401877135986" />
<allocation-satisfied id="490" threadId="0000000001908100" bytesRequested="40" />
<af-end id="491" timestamp="2019-06-16T17:32:25.232" threadId="0000000001908A88" success="true" from="nursery"/>
<exclusive-end id="492" timestamp="2019-06-16T17:32:25.232" durationms="1.724" />

<exclusive-start id="493" timestamp="2019-06-16T17:32:25.241" intervalms="10.313">
  <response-info timems="0.031" idlems="0.031" threads="0" lastid="0000000001908100" lastname="Thread-8" />
</exclusive-start>
<af-start id="494" threadId="0000000001908A88" totalBytesRequested="40" timestamp="2019-06-16T17:32:25.241" intervalms="10.256" type="nursery" />
<cycle-start id="495" type="scavenge" contextid="0" timestamp="2019-06-16T17:32:25.241" intervalms="10.181" />
<gc-start id="496" type="scavenge" contextid="495" timestamp="2019-06-16T17:32:25.241">
  <mem-info id="497" free="2249968" total="10747904" percent="20">
    <mem type="nursery" free="0" total="4456448" percent="0">
      <mem type="allocate" free="0" total="3997696" percent="0" />
      <mem type="survivor" free="0" total="458752" percent="0" />
    </mem>
    <mem type="tenure" free="2249968" total="6291456" percent="35">
      <mem type="soa" free="1935600" total="5977088" percent="32" />
      <mem type="loa" free="314368" total="314368" percent="100" />
    </mem>
    <remembered-set count="979" />
  </mem-info>
</gc-start>
<allocation-stats totalBytes="3796120" >
  <allocated-bytes non-tlh="40" tlh="3796080" />
  <largest-consumer threadName="Thread-8" threadId="0000000001908100" bytes="3796120" />
</allocation-stats>
<gc-op id="498" type="scavenge" timems="0.585" contextid="495" timestamp="2019-06-16T17:32:25.242">
  <scavenger-info tenureage="3" tenuremask="4008" tiltratio="89" />
  <memory-copied type="nursery" objects="820" bytes="20048" bytesdiscarded="181168" />
  <memory-copied type="tenure" objects="163" bytes="3912" bytesdiscarded="0" />
</gc-op>
<gc-end id="499" type="scavenge" contextid="495" durationms="0.802" usertimems="0.000" systemtimems="0.000" timestamp="2019-06-16T17:32:25.242" activeThreads="4">
  <mem-info id="500" free="6046448" total="10747904" percent="56">
    <mem type="nursery" free="3796480" total="4456448" percent="85">
      <mem type="allocate" free="3796480" total="3997696" percent="94" />
      <mem type="survivor" free="0" total="458752" percent="0" />
    </mem>
    <mem type="tenure" free="2249968" total="6291456" percent="35">
      <mem type="soa" free="1935600" total="5977088" percent="32" />
      <mem type="loa" free="314368" total="314368" percent="100" />
    </mem>
    <remembered-set count="816" />
  </mem-info>
</gc-end>
<cycle-end id="501" type="scavenge" contextid="495" timestamp="2019-06-16T17:32:25.242" />
  <attribute name="elasticGC enabled" value="1" />
  <attribute name= "numThreadsSpecified" value="4" />
  <attribute name="heapSize specified" value="8388608" />
  <attribute name="Current GC Util" value="12" />
  <attribute name= "Current Time Running" value="1091" />
  <attribute name ="GC Interval" value="200" />
  <attribute name="ProportionalT" value="-8.000000" />
  <attribute name="ProportionalI" value="-8.000000" />
  <attribute name="ProportionalH" value="-8.000000" />
  <attribute name="Current Error" value="-8.000000" />
  <attribute name="IntegralT" value="-80.000000" />
  <attribute name="IntegralI" value="-80.000000" />
  <attribute name="IntegralH" value="-80.000000" />
  <attribute name="DerivativeT" value="-0.400000" />
  <attribute name="DerivativeI" value="-0.400000" />
  <attribute name="DerivativeH" value="-0.400000" />
  <attribute name="Loop Time for DT" value="10.000000" />
  <attribute name="Output H" value="2092630016"/>
  <attribute name="Output I" value="200"/>
  <attribute name="Output T" value="4"/>
  <attribute name="Target GC Util Change" value ="20.000000" />
  <attribute name="Current GC Util Change" value="12.000000"/>
  <attribute name="GC Util currently" value="12" />
  <attribute name="CPU Util currently" value="460192762927" />
<allocation-satisfied id="502" threadId="0000000001908100" bytesRequested="40" />
<af-end id="503" timestamp="2019-06-16T17:32:25.242" threadId="0000000001908A88" success="true" from="nursery"/>
<exclusive-end id="504" timestamp="2019-06-16T17:32:25.242" durationms="1.338" />

<exclusive-start id="505" timestamp="2019-06-16T17:32:25.274" intervalms="32.446">
  <response-info timems="0.079" idlems="0.079" threads="0" lastid="0000000001908100" lastname="Thread-8" />
</exclusive-start>
<af-start id="506" threadId="0000000001908A88" totalBytesRequested="24" timestamp="2019-06-16T17:32:25.274" intervalms="32.518" type="nursery" />
<cycle-start id="507" type="scavenge" contextid="0" timestamp="2019-06-16T17:32:25.274" intervalms="32.600" />
<gc-start id="508" type="scavenge" contextid="507" timestamp="2019-06-16T17:32:25.274">
  <mem-info id="509" free="2249712" total="10747904" percent="20">
    <mem type="nursery" free="0" total="4456448" percent="0">
      <mem type="allocate" free="0" total="3997696" percent="0" />
      <mem type="survivor" free="0" total="458752" percent="0" />
    </mem>
    <mem type="tenure" free="2249712" total="6291456" percent="35">
      <mem type="soa" free="1935344" total="5977088" percent="32" />
      <mem type="loa" free="314368" total="314368" percent="100" />
    </mem>
    <remembered-set count="1129" />
  </mem-info>
</gc-start>
<allocation-stats totalBytes="3796280" >
  <allocated-bytes non-tlh="296" tlh="3795984" />
  <largest-consumer threadName="Thread-8" threadId="0000000001908100" bytes="3796280" />
</allocation-stats>
<gc-op id="510" type="scavenge" timems="0.640" contextid="507" timestamp="2019-06-16T17:32:25.275">
  <scavenger-info tenureage="3" tenuremask="4008" tiltratio="89" />
  <memory-copied type="nursery" objects="1911" bytes="67184" bytesdiscarded="103312" />
  <memory-copied type="tenure" objects="195" bytes="4680" bytesdiscarded="0" />
</gc-op>
<gc-end id="511" type="scavenge" contextid="507" durationms="1.104" usertimems="0.000" systemtimems="0.000" timestamp="2019-06-16T17:32:25.275" activeThreads="4">
  <mem-info id="512" free="6076912" total="10747904" percent="56">
    <mem type="nursery" free="3827200" total="4456448" percent="85">
      <mem type="allocate" free="3827200" total="3997696" percent="95" />
      <mem type="survivor" free="0" total="458752" percent="0" />
    </mem>
    <mem type="tenure" free="2249712" total="6291456" percent="35">
      <mem type="soa" free="1935344" total="5977088" percent="32" />
      <mem type="loa" free="314368" total="314368" percent="100" />
    </mem>
    <remembered-set count="930" />
  </mem-info>
</gc-end>
<cycle-end id="513" type="scavenge" contextid="507" timestamp="2019-06-16T17:32:25.275" />
  <attribute name="elasticGC enabled" value="1" />
  <attribute name= "numThreadsSpecified" value="4" />
  <attribute name="heapSize specified" value="8388608" />
  <attribute name="Current GC Util" value="3" />
  <attribute name= "Current Time Running" value="1124" />
  <attribute name ="GC Interval" value="200" />
  <attribute name="ProportionalT" value="-17.000000" />
  <attribute name="ProportionalI" value="-17.000000" />
  <attribute name="ProportionalH" value="-17.000000" />
  <attribute name="Current Error" value="-17.000000" />
  <attribute name="IntegralT" value="-561.000000" />
  <attribute name="IntegralI" value="-561.000000" />
  <attribute name="IntegralH" value="-561.000000" />
  <attribute name="DerivativeT" value="-0.257576" />
  <attribute name="DerivativeI" value="-0.257576" />
  <attribute name="DerivativeH" value="-0.257576" />
  <attribute name="Loop Time for DT" value="33.000000" />
  <attribute name="Output H" value="2092630016"/>
  <attribute name="Output I" value="200"/>
  <attribute name="Output T" value="4"/>
  <attribute name="Target GC Util Change" value ="20.000000" />
  <attribute name="Current GC Util Change" value="3.000000"/>
  <attribute name="GC Util currently" value="3" />
  <attribute name="CPU Util currently" value="140362453114" />
<allocation-satisfied id="514" threadId="0000000001908100" bytesRequested="24" />
<af-end id="515" timestamp="2019-06-16T17:32:25.275" threadId="0000000001908A88" success="true" from="nursery"/>
<exclusive-end id="516" timestamp="2019-06-16T17:32:25.275" durationms="1.887" />

</verbosegc>

