<?xml version="1.0" ?>

<verbosegc xmlns="http://www.ibm.com/j9/verbosegc" version="10b4217_CMPRSS">

<initialized id="1" timestamp="2019-06-16T17:32:37.318">
  <attribute name="gcPolicy" value="-Xgcpolicy:gencon" />
  <attribute name="elasticGC enabled" value="1" />
  <attribute name= "numThreadsSpecified" value="0" />
  <attribute name="heapSize specified" value="0" />
  <attribute name="Current GC Util" value="0" />
  <attribute name= "Current Time Running" value="0" />
  <attribute name ="GC Interval" value="0" />
  <attribute name="ProportionalT" value="0.000000" />
  <attribute name="ProportionalI" value="0.000000" />
  <attribute name="ProportionalH" value="0.000000" />
  <attribute name="IntegralT" value="0.000000" />
  <attribute name="IntegralI" value="0.000000" />
  <attribute name="IntegralH" value="0.000000" />
  <attribute name="DerivativeT" value="0.000000" />
  <attribute name="DerivativeI" value="0.000000" />
  <attribute name="DerivativeH" value="0.000000" />
  <attribute name="Target GC Util Change" value ="0.000000" />
  <attribute name="Current GC Util Change" value="0.000000"/>
  <attribute name="Current Error" value="0.000000" />
  <attribute name="Loop Time for DT" value="0.000000" />
  <attribute name="Output H" value="0"/>
  <attribute name="Output I" value="0"/>
  <attribute name="Output T" value="0"/>
  <attribute name="GC Util currently" value="0" />
  <attribute name="CPU Util currently" value="0" />
  <attribute name="maxHeapSize" value="0x7cbc0000" />
  <attribute name="initialHeapSize" value="0x800000" />
  <attribute name="compressedRefs" value="true" />
  <attribute name="compressedRefsDisplacement" value="0x0" />
  <attribute name="compressedRefsShift" value="0x0" />
  <attribute name="pageSize" value="0x1000" />
  <attribute name="pageType" value="not used" />
  <attribute name="requestedPageSize" value="0x1000" />
  <attribute name="requestedPageType" value="not used" />
  <attribute name="gcthreads" value="4" />
  <attribute name="gcthreads Concurrent Mark" value="1" />
  <attribute name="packetListSplit" value="4" />
  <attribute name="cacheListSplit" value="4" />
  <attribute name="splitFreeListSplitAmount" value="1" />
  <attribute name="numaNodes" value="0" />
  <system>
    <attribute name="physicalMemory" value="8370962432" />
    <attribute name="numCPUs" value="4" />
    <attribute name="architecture" value="amd64" />
    <attribute name="os" value="Linux" />
    <attribute name="osVersion" value="4.4.0-148-generic" />
  </system>
  <vmargs>
    <vmarg name="-Xoptionsfile=/vagrant/jdk/lib/options.default" />
    <vmarg name="-Xlockword:mode=default,noLockword=java/lang/String,noLockword=java/util/MapEntry,noLockword=java/util/HashMap$Entry,noLockword..." />
    <vmarg name="-Xjcl:jclse29" />
    <vmarg name="-Dcom.ibm.oti.vm.bootstrap.library.path=/vagrant/jdk/lib/compressedrefs:/vagrant/jdk/lib" />
    <vmarg name="-Dsun.boot.library.path=/vagrant/jdk/lib/compressedrefs:/vagrant/jdk/lib" />
    <vmarg name="-Djava.library.path=/vagrant/jdk/lib/compressedrefs:/vagrant/jdk/lib:/usr/lib64:/usr/lib" />
    <vmarg name="-Djava.home=/vagrant/jdk" />
    <vmarg name="-Duser.dir=/vagrant" />
    <vmarg name="-verbose:gc" />
    <vmarg name="-Xgcelastic" />
    <vmarg name="-Xcheck:gc:::elasticGC" />
    <vmarg name="-Xloggc:small-jdk-1-1-0.5-verbose14sunflow.txt" />
    <vmarg name="-Djava.class.path=dacapo-9.12-MR1-bach.jar" />
    <vmarg name="-Dsun.java.command=dacapo-9.12-MR1-bach.jar sunflow --size=small" />
    <vmarg name="-Dsun.java.launcher=SUN_STANDARD" />
    <vmarg name="-Dsun.java.launcher.pid=8627" />
  </vmargs>
</initialized>

<exclusive-start id="2" timestamp="2019-06-16T17:32:37.509" intervalms="191.283">
  <response-info timems="0.027" idlems="0.027" threads="0" lastid="000000000235B700" lastname="main" />
</exclusive-start>
<af-start id="3" threadId="000000000235C088" totalBytesRequested="7176" timestamp="2019-06-16T17:32:37.509" intervalms="191.506" type="nursery" />
<cycle-start id="4" type="scavenge" contextid="0" timestamp="2019-06-16T17:32:37.510" intervalms="191.980" />
<gc-start id="5" type="scavenge" contextid="4" timestamp="2019-06-16T17:32:37.515">
  <mem-info id="6" free="6062624" total="8388608" percent="72">
    <mem type="nursery" free="0" total="2097152" percent="0">
      <mem type="allocate" free="0" total="1048576" percent="0" />
      <mem type="survivor" free="0" total="1048576" percent="0" />
    </mem>
    <mem type="tenure" free="6062624" total="6291456" percent="96">
      <mem type="soa" free="5748256" total="5977088" percent="96" />
      <mem type="loa" free="314368" total="314368" percent="100" />
    </mem>
    <remembered-set count="3161" />
  </mem-info>
</gc-start>
<allocation-stats totalBytes="1275384" >
  <allocated-bytes non-tlh="344784" tlh="930600" />
  <largest-consumer threadName="main" threadId="000000000235B700" bytes="1198864" />
</allocation-stats>
<gc-op id="7" type="scavenge" timems="2.660" contextid="4" timestamp="2019-06-16T17:32:37.518">
  <scavenger-info tenureage="2" tenuremask="fffc" tiltratio="50" />
  <memory-copied type="nursery" objects="10578" bytes="479592" bytesdiscarded="111344" />
  <finalization candidates="11" enqueued="0" />
  <references type="soft" candidates="62" cleared="0" enqueued="0" dynamicThreshold="32" maxThreshold="32" />
  <references type="weak" candidates="309" cleared="177" enqueued="141" />
  <references type="phantom" candidates="25" cleared="6" enqueued="6" />
</gc-op>
<gc-end id="8" type="scavenge" contextid="4" durationms="6.575" usertimems="4.000" systemtimems="0.000" timestamp="2019-06-16T17:32:37.522" activeThreads="4">
  <mem-info id="9" free="6518168" total="8388608" percent="77">
    <mem type="nursery" free="455544" total="2097152" percent="21">
      <mem type="allocate" free="455544" total="1048576" percent="43" />
      <mem type="survivor" free="0" total="1048576" percent="0" />
    </mem>
    <mem type="tenure" free="6062624" total="6291456" percent="96">
      <mem type="soa" free="5748256" total="5977088" percent="96" />
      <mem type="loa" free="314368" total="314368" percent="100" />
    </mem>
    <pending-finalizers system="0" default="0" reference="147" classloader="0" />
    <remembered-set count="3161" />
  </mem-info>
</gc-end>
<cycle-end id="10" type="scavenge" contextid="4" timestamp="2019-06-16T17:32:37.522" />
  <attribute name="elasticGC enabled" value="1" />
  <attribute name= "numThreadsSpecified" value="0" />
  <attribute name="heapSize specified" value="0" />
  <attribute name="Current GC Util" value="0" />
  <attribute name= "Current Time Running" value="80" />
  <attribute name ="GC Interval" value="1" />
  <attribute name="ProportionalT" value="0.000000" />
  <attribute name="ProportionalI" value="0.000000" />
  <attribute name="ProportionalH" value="0.000000" />
  <attribute name="Current Error" value="0.000000" />
  <attribute name="IntegralT" value="0.000000" />
  <attribute name="IntegralI" value="0.000000" />
  <attribute name="IntegralH" value="0.000000" />
  <attribute name="DerivativeT" value="0.000000" />
  <attribute name="DerivativeI" value="0.000000" />
  <attribute name="DerivativeH" value="0.000000" />
  <attribute name="Loop Time for DT" value="0.000000" />
  <attribute name="Output H" value="0"/>
  <attribute name="Output I" value="0"/>
  <attribute name="Output T" value="0"/>
  <attribute name="Target GC Util Change" value ="20.000000" />
  <attribute name="Current GC Util Change" value="0.000000"/>
  <attribute name="GC Util currently" value="0" />
  <attribute name="CPU Util currently" value="27" />
<allocation-satisfied id="11" threadId="000000000235B700" bytesRequested="7176" />
<af-end id="12" timestamp="2019-06-16T17:32:37.522" threadId="000000000235C088" success="true" from="nursery"/>
<exclusive-end id="13" timestamp="2019-06-16T17:32:37.522" durationms="13.225" />

<exclusive-start id="14" timestamp="2019-06-16T17:32:37.542" intervalms="32.530">
  <response-info timems="0.032" idlems="0.032" threads="0" lastid="000000000235B700" lastname="main" />
</exclusive-start>
<af-start id="15" threadId="000000000235C088" totalBytesRequested="7176" timestamp="2019-06-16T17:32:37.542" intervalms="32.378" type="nursery" />
<cycle-start id="16" type="scavenge" contextid="0" timestamp="2019-06-16T17:32:37.542" intervalms="31.967" />
<gc-start id="17" type="scavenge" contextid="16" timestamp="2019-06-16T17:32:37.546">
  <mem-info id="18" free="6054888" total="8388608" percent="72">
    <mem type="nursery" free="0" total="2097152" percent="0">
      <mem type="allocate" free="0" total="1048576" percent="0" />
      <mem type="survivor" free="0" total="1048576" percent="0" />
    </mem>
    <mem type="tenure" free="6054888" total="6291456" percent="96">
      <mem type="soa" free="5740520" total="5977088" percent="96" />
      <mem type="loa" free="314368" total="314368" percent="100" />
    </mem>
    <remembered-set count="3262" />
  </mem-info>
</gc-start>
<allocation-stats totalBytes="447216" >
  <allocated-bytes non-tlh="14912" tlh="432304" />
  <largest-consumer threadName="main" threadId="000000000235B700" bytes="435240" />
</allocation-stats>
<gc-op id="19" type="scavenge" timems="1.167" contextid="16" timestamp="2019-06-16T17:32:37.547">
  <scavenger-info tenureage="5" tenuremask="7fe0" tiltratio="50" />
  <memory-copied type="nursery" objects="10895" bytes="504032" bytesdiscarded="147584" />
  <finalization candidates="11" enqueued="0" />
  <references type="soft" candidates="62" cleared="0" enqueued="0" dynamicThreshold="32" maxThreshold="32" />
  <references type="weak" candidates="242" cleared="96" enqueued="93" />
  <references type="phantom" candidates="38" cleared="12" enqueued="12" />
</gc-op>
<gc-end id="20" type="scavenge" contextid="16" durationms="1.557" usertimems="0.000" systemtimems="0.000" timestamp="2019-06-16T17:32:37.547" activeThreads="4">
  <mem-info id="21" free="6450376" total="8388608" percent="76">
    <mem type="nursery" free="395488" total="2097152" percent="18">
      <mem type="allocate" free="395488" total="1048576" percent="37" />
      <mem type="survivor" free="0" total="1048576" percent="0" />
    </mem>
    <mem type="tenure" free="6054888" total="6291456" percent="96">
      <mem type="soa" free="5740520" total="5977088" percent="96" />
      <mem type="loa" free="314368" total="314368" percent="100" />
    </mem>
    <pending-finalizers system="0" default="0" reference="105" classloader="0" />
    <remembered-set count="3262" />
  </mem-info>
</gc-end>
<cycle-end id="22" type="scavenge" contextid="16" timestamp="2019-06-16T17:32:37.547" />
  <attribute name="elasticGC enabled" value="1" />
  <attribute name= "numThreadsSpecified" value="4" />
  <attribute name="heapSize specified" value="0" />
  <attribute name="Current GC Util" value="38" />
  <attribute name= "Current Time Running" value="111" />
  <attribute name ="GC Interval" value="576" />
  <attribute name="ProportionalT" value="18.000000" />
  <attribute name="ProportionalI" value="18.000000" />
  <attribute name="ProportionalH" value="18.000000" />
  <attribute name="Current Error" value="18.000000" />
  <attribute name="IntegralT" value="558.000000" />
  <attribute name="IntegralI" value="558.000000" />
  <attribute name="IntegralH" value="558.000000" />
  <attribute name="DerivativeT" value="0.290323" />
  <attribute name="DerivativeI" value="0.290323" />
  <attribute name="DerivativeH" value="0.290323" />
  <attribute name="Loop Time for DT" value="31.000000" />
  <attribute name="Output H" value="8388608"/>
  <attribute name="Output I" value="576"/>
  <attribute name="Output T" value="4"/>
  <attribute name="Target GC Util Change" value ="20.000000" />
  <attribute name="Current GC Util Change" value="38.000000"/>
  <attribute name="GC Util currently" value="38" />
  <attribute name="CPU Util currently" value="14" />
<allocation-satisfied id="23" threadId="000000000235B700" bytesRequested="7176" />
<af-end id="24" timestamp="2019-06-16T17:32:37.548" threadId="000000000235C088" success="true" from="nursery"/>
<exclusive-end id="25" timestamp="2019-06-16T17:32:37.548" durationms="6.089" />

<exclusive-start id="26" timestamp="2019-06-16T17:32:37.558" intervalms="16.803">
  <response-info timems="0.095" idlems="0.095" threads="0" lastid="000000000235B700" lastname="main" />
</exclusive-start>
<af-start id="27" threadId="000000000235C088" totalBytesRequested="20232" timestamp="2019-06-16T17:32:37.559" intervalms="16.878" type="nursery" />
<cycle-start id="28" type="scavenge" contextid="0" timestamp="2019-06-16T17:32:37.559" intervalms="16.940" />
<gc-start id="29" type="scavenge" contextid="28" timestamp="2019-06-16T17:32:37.559">
  <mem-info id="30" free="6052200" total="8388608" percent="72">
    <mem type="nursery" free="0" total="2097152" percent="0">
      <mem type="allocate" free="0" total="1048576" percent="0" />
      <mem type="survivor" free="0" total="1048576" percent="0" />
    </mem>
    <mem type="tenure" free="6052200" total="6291456" percent="96">
      <mem type="soa" free="5737832" total="5977088" percent="95" />
      <mem type="loa" free="314368" total="314368" percent="100" />
    </mem>
    <remembered-set count="3295" />
  </mem-info>
</gc-start>
<allocation-stats totalBytes="377712" >
  <allocated-bytes non-tlh="9864" tlh="367848" />
  <largest-consumer threadName="main" threadId="000000000235B700" bytes="369520" />
</allocation-stats>
<gc-op id="31" type="scavenge" timems="1.242" contextid="28" timestamp="2019-06-16T17:32:37.560">
  <scavenger-info tenureage="4" tenuremask="7ff0" tiltratio="50" />
  <memory-copied type="nursery" objects="10924" bytes="538920" bytesdiscarded="154296" />
  <finalization candidates="11" enqueued="0" />
  <references type="soft" candidates="62" cleared="0" enqueued="0" dynamicThreshold="32" maxThreshold="32" />
  <references type="weak" candidates="222" cleared="75" enqueued="75" />
  <references type="phantom" candidates="36" cleared="9" enqueued="9" />
</gc-op>
<gc-end id="32" type="scavenge" contextid="28" durationms="1.575" usertimems="4.000" systemtimems="0.000" timestamp="2019-06-16T17:32:37.560" activeThreads="4">
  <mem-info id="33" free="6406104" total="8388608" percent="76">
    <mem type="nursery" free="353904" total="2097152" percent="16">
      <mem type="allocate" free="353904" total="1048576" percent="33" />
      <mem type="survivor" free="0" total="1048576" percent="0" />
    </mem>
    <mem type="tenure" free="6052200" total="6291456" percent="96">
      <mem type="soa" free="5737832" total="5977088" percent="95" />
      <mem type="loa" free="314368" total="314368" percent="100" />
    </mem>
    <pending-finalizers system="0" default="0" reference="84" classloader="0" />
    <remembered-set count="1025" />
  </mem-info>
</gc-end>
<cycle-end id="34" type="scavenge" contextid="28" timestamp="2019-06-16T17:32:37.560" />
  <attribute name="elasticGC enabled" value="1" />
  <attribute name= "numThreadsSpecified" value="4" />
  <attribute name="heapSize specified" value="0" />
  <attribute name="Current GC Util" value="46" />
  <attribute name= "Current Time Running" value="124" />
  <attribute name ="GC Interval" value="928" />
  <attribute name="ProportionalT" value="26.000000" />
  <attribute name="ProportionalI" value="26.000000" />
  <attribute name="ProportionalH" value="26.000000" />
  <attribute name="Current Error" value="26.000000" />
  <attribute name="IntegralT" value="896.000000" />
  <attribute name="IntegralI" value="896.000000" />
  <attribute name="IntegralH" value="896.000000" />
  <attribute name="DerivativeT" value="0.307692" />
  <attribute name="DerivativeI" value="0.307692" />
  <attribute name="DerivativeH" value="0.307692" />
  <attribute name="Loop Time for DT" value="13.000000" />
  <attribute name="Output H" value="8388608"/>
  <attribute name="Output I" value="928"/>
  <attribute name="Output T" value="4"/>
  <attribute name="Target GC Util Change" value ="20.000000" />
  <attribute name="Current GC Util Change" value="46.000000"/>
  <attribute name="GC Util currently" value="46" />
  <attribute name="CPU Util currently" value="351208356146" />
<allocation-satisfied id="35" threadId="000000000235B700" bytesRequested="20232" />
<af-end id="36" timestamp="2019-06-16T17:32:37.561" threadId="000000000235C088" success="true" from="nursery"/>
<exclusive-end id="37" timestamp="2019-06-16T17:32:37.561" durationms="2.249" />

<exclusive-start id="38" timestamp="2019-06-16T17:32:37.609" intervalms="50.252">
  <response-info timems="0.073" idlems="0.073" threads="0" lastid="000000000235B700" lastname="main" />
</exclusive-start>
<af-start id="39" threadId="000000000235C088" totalBytesRequested="8200" timestamp="2019-06-16T17:32:37.609" intervalms="50.203" type="nursery" />
<cycle-start id="40" type="scavenge" contextid="0" timestamp="2019-06-16T17:32:37.609" intervalms="50.187" />
<gc-start id="41" type="scavenge" contextid="40" timestamp="2019-06-16T17:32:37.609">
  <mem-info id="42" free="6047792" total="8388608" percent="72">
    <mem type="nursery" free="0" total="2097152" percent="0">
      <mem type="allocate" free="0" total="1048576" percent="0" />
      <mem type="survivor" free="0" total="1048576" percent="0" />
    </mem>
    <mem type="tenure" free="6047792" total="6291456" percent="96">
      <mem type="soa" free="5733424" total="5977088" percent="95" />
      <mem type="loa" free="314368" total="314368" percent="100" />
    </mem>
    <remembered-set count="1099" />
  </mem-info>
</gc-start>
<allocation-stats totalBytes="343216" >
  <allocated-bytes non-tlh="24640" tlh="318576" />
  <largest-consumer threadName="main" threadId="000000000235B700" bytes="343216" />
</allocation-stats>
<gc-op id="43" type="scavenge" timems="1.116" contextid="40" timestamp="2019-06-16T17:32:37.610">
  <scavenger-info tenureage="3" tenuremask="fff8" tiltratio="50" />
  <memory-copied type="nursery" objects="695" bytes="96144" bytesdiscarded="121912" />
  <memory-copied type="tenure" objects="10290" bytes="460032" bytesdiscarded="8" />
  <finalization candidates="13" enqueued="0" />
  <references type="soft" candidates="1" cleared="0" enqueued="0" dynamicThreshold="32" maxThreshold="32" />
  <references type="weak" candidates="69" cleared="53" enqueued="53" />
  <references type="phantom" candidates="20" cleared="10" enqueued="10" />
</gc-op>
<gc-end id="44" type="scavenge" contextid="40" durationms="1.377" usertimems="0.000" systemtimems="0.000" timestamp="2019-06-16T17:32:37.610" activeThreads="4">
  <mem-info id="45" free="6304144" total="8388608" percent="75">
    <mem type="nursery" free="830464" total="2097152" percent="39">
      <mem type="allocate" free="830464" total="1048576" percent="79" />
      <mem type="survivor" free="0" total="1048576" percent="0" />
    </mem>
    <mem type="tenure" free="5473680" total="6291456" percent="87">
      <mem type="soa" free="5159312" total="5977088" percent="86" />
      <mem type="loa" free="314368" total="314368" percent="100" />
    </mem>
    <pending-finalizers system="0" default="0" reference="63" classloader="0" />
    <remembered-set count="211" />
  </mem-info>
</gc-end>
<cycle-end id="46" type="scavenge" contextid="40" timestamp="2019-06-16T17:32:37.610" />
  <attribute name="elasticGC enabled" value="1" />
  <attribute name= "numThreadsSpecified" value="4" />
  <attribute name="heapSize specified" value="0" />
  <attribute name="Current GC Util" value="4" />
  <attribute name= "Current Time Running" value="174" />
  <attribute name ="GC Interval" value="200" />
  <attribute name="ProportionalT" value="-16.000000" />
  <attribute name="ProportionalI" value="-16.000000" />
  <attribute name="ProportionalH" value="-16.000000" />
  <attribute name="Current Error" value="-16.000000" />
  <attribute name="IntegralT" value="96.000000" />
  <attribute name="IntegralI" value="96.000000" />
  <attribute name="IntegralH" value="96.000000" />
  <attribute name="DerivativeT" value="-0.420000" />
  <attribute name="DerivativeI" value="-0.420000" />
  <attribute name="DerivativeH" value="-0.420000" />
  <attribute name="Loop Time for DT" value="50.000000" />
  <attribute name="Output H" value="8388608"/>
  <attribute name="Output I" value="200"/>
  <attribute name="Output T" value="4"/>
  <attribute name="Target GC Util Change" value ="20.000000" />
  <attribute name="Current GC Util Change" value="4.000000"/>
  <attribute name="GC Util currently" value="4" />
  <attribute name="CPU Util currently" value="92018189842" />
<allocation-satisfied id="47" threadId="000000000235B700" bytesRequested="8200" />
<af-end id="48" timestamp="2019-06-16T17:32:37.611" threadId="000000000235C088" success="true" from="nursery"/>
<exclusive-end id="49" timestamp="2019-06-16T17:32:37.611" durationms="2.045" />

<exclusive-start id="50" timestamp="2019-06-16T17:32:37.694" intervalms="85.098">
  <response-info timems="0.064" idlems="0.064" threads="0" lastid="000000000235B700" lastname="main" />
</exclusive-start>
<af-start id="51" threadId="000000000235C088" totalBytesRequested="1032" timestamp="2019-06-16T17:32:37.694" intervalms="85.120" type="nursery" />
<cycle-start id="52" type="scavenge" contextid="0" timestamp="2019-06-16T17:32:37.694" intervalms="85.106" />
<gc-start id="53" type="scavenge" contextid="52" timestamp="2019-06-16T17:32:37.694">
  <mem-info id="54" free="5391664" total="8388608" percent="64">
    <mem type="nursery" free="0" total="2097152" percent="0">
      <mem type="allocate" free="0" total="1048576" percent="0" />
      <mem type="survivor" free="0" total="1048576" percent="0" />
    </mem>
    <mem type="tenure" free="5391664" total="6291456" percent="85">
      <mem type="soa" free="5077296" total="5977088" percent="84" />
      <mem type="loa" free="314368" total="314368" percent="100" />
    </mem>
    <remembered-set count="1577" />
  </mem-info>
</gc-start>
<allocation-stats totalBytes="911112" >
  <allocated-bytes non-tlh="235880" tlh="675232" />
  <largest-consumer threadName="main" threadId="000000000235B700" bytes="911112" />
</allocation-stats>
<gc-op id="55" type="scavenge" timems="1.073" contextid="52" timestamp="2019-06-16T17:32:37.695">
  <scavenger-info tenureage="3" tenuremask="fff8" tiltratio="50" />
  <memory-copied type="nursery" objects="5622" bytes="309288" bytesdiscarded="36600" />
  <memory-copied type="tenure" objects="299" bytes="14984" bytesdiscarded="0" />
  <finalization candidates="41" enqueued="1" />
  <ownableSynchronizers candidates="1" cleared="0" />
  <references type="soft" candidates="46" cleared="0" enqueued="0" dynamicThreshold="32" maxThreshold="32" />
  <references type="weak" candidates="646" cleared="272" enqueued="189" />
  <references type="phantom" candidates="13" cleared="4" enqueued="4" />
</gc-op>
<gc-end id="56" type="scavenge" contextid="52" durationms="1.335" usertimems="0.000" systemtimems="0.000" timestamp="2019-06-16T17:32:37.695" activeThreads="4">
  <mem-info id="57" free="6094088" total="8388608" percent="72">
    <mem type="nursery" free="702424" total="2097152" percent="33">
      <mem type="allocate" free="702424" total="1048576" percent="66" />
      <mem type="survivor" free="0" total="1048576" percent="0" />
    </mem>
    <mem type="tenure" free="5391664" total="6291456" percent="85">
      <mem type="soa" free="5077296" total="5977088" percent="84" />
      <mem type="loa" free="314368" total="314368" percent="100" />
    </mem>
    <pending-finalizers system="1" default="0" reference="193" classloader="0" />
    <remembered-set count="1528" />
  </mem-info>
</gc-end>
<cycle-end id="58" type="scavenge" contextid="52" timestamp="2019-06-16T17:32:37.696" />
  <attribute name="elasticGC enabled" value="1" />
  <attribute name= "numThreadsSpecified" value="4" />
  <attribute name="heapSize specified" value="0" />
  <attribute name="Current GC Util" value="2" />
  <attribute name= "Current Time Running" value="259" />
  <attribute name ="GC Interval" value="200" />
  <attribute name="ProportionalT" value="-18.000000" />
  <attribute name="ProportionalI" value="-18.000000" />
  <attribute name="ProportionalH" value="-18.000000" />
  <attribute name="Current Error" value="-18.000000" />
  <attribute name="IntegralT" value="-1434.000000" />
  <attribute name="IntegralI" value="-1434.000000" />
  <attribute name="IntegralH" value="-1434.000000" />
  <attribute name="DerivativeT" value="-0.105882" />
  <attribute name="DerivativeI" value="-0.105882" />
  <attribute name="DerivativeH" value="-0.105882" />
  <attribute name="Loop Time for DT" value="85.000000" />
  <attribute name="Output H" value="2092630016"/>
  <attribute name="Output I" value="200"/>
  <attribute name="Output T" value="4"/>
  <attribute name="Target GC Util Change" value ="20.000000" />
  <attribute name="Current GC Util Change" value="2.000000"/>
  <attribute name="GC Util currently" value="2" />
  <attribute name="CPU Util currently" value="13" />
<allocation-satisfied id="59" threadId="000000000235B700" bytesRequested="1032" />
<af-end id="60" timestamp="2019-06-16T17:32:37.696" threadId="000000000235C088" success="true" from="nursery"/>
<exclusive-end id="61" timestamp="2019-06-16T17:32:37.696" durationms="2.016" />

<exclusive-start id="62" timestamp="2019-06-16T17:32:37.791" intervalms="97.520">
  <response-info timems="0.078" idlems="0.049" threads="1" lastid="000000000235F300" lastname="JIT Compilation Thread-0" />
</exclusive-start>
<af-start id="63" threadId="000000000235C088" totalBytesRequested="4104" timestamp="2019-06-16T17:32:37.791" intervalms="97.538" type="nursery" />
<cycle-start id="64" type="scavenge" contextid="0" timestamp="2019-06-16T17:32:37.792" intervalms="97.559" />
<gc-start id="65" type="scavenge" contextid="64" timestamp="2019-06-16T17:32:37.792">
  <mem-info id="66" free="5317904" total="8388608" percent="63">
    <mem type="nursery" free="0" total="2097152" percent="0">
      <mem type="allocate" free="0" total="1048576" percent="0" />
      <mem type="survivor" free="0" total="1048576" percent="0" />
    </mem>
    <mem type="tenure" free="5317904" total="6291456" percent="84">
      <mem type="soa" free="5003536" total="5977088" percent="83" />
      <mem type="loa" free="314368" total="314368" percent="100" />
    </mem>
    <remembered-set count="2555" />
  </mem-info>
</gc-start>
<allocation-stats totalBytes="772160" >
  <allocated-bytes non-tlh="74792" tlh="697368" />
  <largest-consumer threadName="main" threadId="000000000235B700" bytes="760328" />
</allocation-stats>
<gc-op id="67" type="scavenge" timems="0.956" contextid="64" timestamp="2019-06-16T17:32:37.793">
  <scavenger-info tenureage="4" tenuremask="7ff0" tiltratio="50" />
  <memory-copied type="nursery" objects="9349" bytes="444296" bytesdiscarded="52368" />
  <finalization candidates="113" enqueued="0" />
  <ownableSynchronizers candidates="3" cleared="0" />
  <references type="soft" candidates="69" cleared="0" enqueued="0" dynamicThreshold="32" maxThreshold="32" />
  <references type="weak" candidates="621" cleared="32" enqueued="17" />
  <references type="phantom" candidates="13" cleared="1" enqueued="1" />
</gc-op>
<gc-end id="68" type="scavenge" contextid="64" durationms="1.258" usertimems="0.000" systemtimems="0.000" timestamp="2019-06-16T17:32:37.793" activeThreads="4">
  <mem-info id="69" free="5869184" total="8388608" percent="69">
    <mem type="nursery" free="551280" total="2097152" percent="26">
      <mem type="allocate" free="551280" total="1048576" percent="52" />
      <mem type="survivor" free="0" total="1048576" percent="0" />
    </mem>
    <mem type="tenure" free="5317904" total="6291456" percent="84">
      <mem type="soa" free="5003536" total="5977088" percent="83" />
      <mem type="loa" free="314368" total="314368" percent="100" />
    </mem>
    <pending-finalizers system="0" default="0" reference="18" classloader="0" />
    <remembered-set count="2479" />
  </mem-info>
</gc-end>
<cycle-end id="70" type="scavenge" contextid="64" timestamp="2019-06-16T17:32:37.793" />
  <attribute name="elasticGC enabled" value="1" />
  <attribute name= "numThreadsSpecified" value="4" />
  <attribute name="heapSize specified" value="0" />
  <attribute name="Current GC Util" value="1" />
  <attribute name= "Current Time Running" value="357" />
  <attribute name ="GC Interval" value="200" />
  <attribute name="ProportionalT" value="-19.000000" />
  <attribute name="ProportionalI" value="-19.000000" />
  <attribute name="ProportionalH" value="-19.000000" />
  <attribute name="Current Error" value="-19.000000" />
  <attribute name="IntegralT" value="-3296.000000" />
  <attribute name="IntegralI" value="-3296.000000" />
  <attribute name="IntegralH" value="-3296.000000" />
  <attribute name="DerivativeT" value="-0.096939" />
  <attribute name="DerivativeI" value="-0.096939" />
  <attribute name="DerivativeH" value="-0.096939" />
  <attribute name="Loop Time for DT" value="98.000000" />
  <attribute name="Output H" value="2092630016"/>
  <attribute name="Output I" value="200"/>
  <attribute name="Output T" value="4"/>
  <attribute name="Target GC Util Change" value ="20.000000" />
  <attribute name="Current GC Util Change" value="1.000000"/>
  <attribute name="GC Util currently" value="1" />
  <attribute name="CPU Util currently" value="19" />
<allocation-satisfied id="71" threadId="000000000235B700" bytesRequested="4104" />
<af-end id="72" timestamp="2019-06-16T17:32:37.793" threadId="000000000235C088" success="true" from="nursery"/>
<exclusive-end id="73" timestamp="2019-06-16T17:32:37.793" durationms="1.945" />

<exclusive-start id="74" timestamp="2019-06-16T17:32:37.793" intervalms="2.118">
  <response-info timems="0.024" idlems="0.024" threads="0" lastid="000000000235B700" lastname="main" />
</exclusive-start>
<sys-start reason="explicit" id="75" timestamp="2019-06-16T17:32:37.793" intervalms="475.670" />
<cycle-start id="76" type="global" contextid="0" timestamp="2019-06-16T17:32:37.794" intervalms="475.860" />
<gc-start id="77" type="global" contextid="76" timestamp="2019-06-16T17:32:37.794">
  <mem-info id="78" free="5856888" total="8388608" percent="69">
    <mem type="nursery" free="538984" total="2097152" percent="25">
      <mem type="allocate" free="538984" total="1048576" percent="51" />
      <mem type="survivor" free="0" total="1048576" percent="0" />
    </mem>
    <mem type="tenure" free="5317904" total="6291456" percent="84">
      <mem type="soa" free="5003536" total="5977088" percent="83" />
      <mem type="loa" free="314368" total="314368" percent="100" />
    </mem>
    <remembered-set count="2480" />
  </mem-info>
</gc-start>
<allocation-stats totalBytes="12296" >
  <allocated-bytes non-tlh="4104" tlh="8192" />
  <largest-consumer threadName="Finalizer thread" threadId="00000000024A7800" bytes="8192" />
</allocation-stats>
<gc-op id="79" type="mark" timems="1.625" contextid="76" timestamp="2019-06-16T17:32:37.796">
  <trace-info objectcount="29273" scancount="23472" scanbytes="763884" />
  <finalization candidates="124" enqueued="0" />
  <ownableSynchronizers candidates="3" cleared="0" />
  <references type="soft" candidates="131" cleared="0" enqueued="0" dynamicThreshold="32" maxThreshold="32" />
  <references type="weak" candidates="733" cleared="54" enqueued="27" />
  <references type="phantom" candidates="37" cleared="0" enqueued="0" />
  <stringconstants candidates="3958" cleared="0"  />
</gc-op>
<gc-op id="80" type="classunload" timems="0.080" contextid="76" timestamp="2019-06-16T17:32:37.796">
  <classunload-info classloadercandidates="7" classloadersunloaded="0" classesunloaded="0" anonymousclassesunloaded="0" quiescems="0.000" setupms="0.079" scanms="0.001" postms="0.000" />
</gc-op>
<gc-op id="81" type="sweep" timems="0.541" contextid="76" timestamp="2019-06-16T17:32:37.796" />
<mem-info id="82" free="6012392" total="8388608" percent="71">
  <mem type="nursery" free="594016" total="2097152" percent="28">
    <mem type="allocate" free="594016" total="1048576" percent="56" />
    <mem type="survivor" free="0" total="1048576" percent="0" />
  </mem>
  <mem type="tenure" free="5418376" total="6291456" percent="86" micro-fragmented="1287" macro-fragmented="0">
    <mem type="soa" free="5104008" total="5977088" percent="85" />
    <mem type="loa" free="314368" total="314368" percent="100" />
  </mem>
  <pending-finalizers system="0" default="0" reference="27" classloader="0" />
  <remembered-set count="2421" />
</mem-info>
<gc-op id="83" type="compact" timems="4.671" contextid="76" timestamp="2019-06-16T17:32:37.801">
  <compact-info movecount="24736" movebytes="1130544" reason="compact to aid heap contraction" />
</gc-op>
<gc-end id="84" type="global" contextid="76" durationms="8.034" usertimems="12.000" systemtimems="0.000" timestamp="2019-06-16T17:32:37.802" activeThreads="4">
  <mem-info id="85" free="6022544" total="8388608" percent="71">
    <mem type="nursery" free="597536" total="2097152" percent="28">
      <mem type="allocate" free="597536" total="1048576" percent="56" />
      <mem type="survivor" free="0" total="1048576" percent="0" />
    </mem>
    <mem type="tenure" free="5425008" total="6291456" percent="86">
      <mem type="soa" free="5110640" total="5977088" percent="85" />
      <mem type="loa" free="314368" total="314368" percent="100" />
    </mem>
    <pending-finalizers system="0" default="0" reference="27" classloader="0" />
    <remembered-set count="2421" />
  </mem-info>
</gc-end>
<cycle-end id="86" type="global" contextid="76" timestamp="2019-06-16T17:32:37.802" />
  <attribute name="elasticGC enabled" value="1" />
  <attribute name= "numThreadsSpecified" value="4" />
  <attribute name="heapSize specified" value="8388608" />
  <attribute name="Current GC Util" value="81" />
  <attribute name= "Current Time Running" value="367" />
  <attribute name ="GC Interval" value="200" />
  <attribute name="ProportionalT" value="61.000000" />
  <attribute name="ProportionalI" value="61.000000" />
  <attribute name="ProportionalH" value="61.000000" />
  <attribute name="Current Error" value="61.000000" />
  <attribute name="IntegralT" value="305.000000" />
  <attribute name="IntegralI" value="305.000000" />
  <attribute name="IntegralH" value="305.000000" />
  <attribute name="DerivativeT" value="6.100000" />
  <attribute name="DerivativeI" value="6.100000" />
  <attribute name="DerivativeH" value="6.100000" />
  <attribute name="Loop Time for DT" value="5.000000" />
  <attribute name="Output H" value="8388608"/>
  <attribute name="Output I" value="376"/>
  <attribute name="Output T" value="4"/>
  <attribute name="Target GC Util Change" value ="20.000000" />
  <attribute name="Current GC Util Change" value="81.000000"/>
  <attribute name="GC Util currently" value="81" />
  <attribute name="CPU Util currently" value="968140918581" />
<sys-end id="87" timestamp="2019-06-16T17:32:37.802" />
<exclusive-end id="88" timestamp="2019-06-16T17:32:37.802" durationms="8.568" />

<exclusive-start id="89" timestamp="2019-06-16T17:32:37.816" intervalms="23.033">
  <response-info timems="0.034" idlems="0.034" threads="0" lastid="000000000235B700" lastname="main" />
</exclusive-start>
<af-start id="90" threadId="000000000235C088" totalBytesRequested="41360" timestamp="2019-06-16T17:32:37.817" intervalms="25.144" type="nursery" />
<cycle-start id="91" type="scavenge" contextid="0" timestamp="2019-06-16T17:32:37.817" intervalms="25.132" />
<gc-start id="92" type="scavenge" contextid="91" timestamp="2019-06-16T17:32:37.817">
  <mem-info id="93" free="5423912" total="8388608" percent="64">
    <mem type="nursery" free="0" total="2097152" percent="0">
      <mem type="allocate" free="0" total="1048576" percent="0" />
      <mem type="survivor" free="0" total="1048576" percent="0" />
    </mem>
    <mem type="tenure" free="5423912" total="6291456" percent="86">
      <mem type="soa" free="5109544" total="5977088" percent="85" />
      <mem type="loa" free="314368" total="314368" percent="100" />
    </mem>
    <remembered-set count="2444" />
  </mem-info>
</gc-start>
<allocation-stats totalBytes="558512" >
  <allocated-bytes non-tlh="124912" tlh="433600" />
  <largest-consumer threadName="main" threadId="000000000235B700" bytes="550320" />
</allocation-stats>
<gc-op id="94" type="scavenge" timems="1.008" contextid="91" timestamp="2019-06-16T17:32:37.818">
  <scavenger-info tenureage="3" tenuremask="7ff8" tiltratio="50" />
  <memory-copied type="nursery" objects="12870" bytes="627520" bytesdiscarded="78664" />
  <memory-copied type="tenure" objects="202" bytes="57760" bytesdiscarded="0" />
  <finalization candidates="113" enqueued="0" />
  <ownableSynchronizers candidates="3" cleared="0" />
  <references type="soft" candidates="69" cleared="0" enqueued="0" dynamicThreshold="27" maxThreshold="32" />
  <references type="weak" candidates="558" cleared="7" enqueued="7" />
  <references type="phantom" candidates="13" cleared="0" enqueued="0" />
</gc-op>
<gc-end id="95" type="scavenge" contextid="91" durationms="1.263" usertimems="4.000" systemtimems="0.000" timestamp="2019-06-16T17:32:37.818" activeThreads="4">
  <mem-info id="96" free="5810376" total="8388608" percent="69">
    <mem type="nursery" free="473000" total="2097152" percent="22">
      <mem type="allocate" free="473000" total="1179648" percent="40" />
      <mem type="survivor" free="0" total="917504" percent="0" />
    </mem>
    <mem type="tenure" free="5337376" total="6291456" percent="84">
      <mem type="soa" free="5023008" total="5977088" percent="84" />
      <mem type="loa" free="314368" total="314368" percent="100" />
    </mem>
    <pending-finalizers system="0" default="0" reference="7" classloader="0" />
    <remembered-set count="1369" />
  </mem-info>
</gc-end>
<cycle-end id="97" type="scavenge" contextid="91" timestamp="2019-06-16T17:32:37.818" />
  <attribute name="elasticGC enabled" value="1" />
  <attribute name= "numThreadsSpecified" value="4" />
  <attribute name="heapSize specified" value="8388608" />
  <attribute name="Current GC Util" value="37" />
  <attribute name= "Current Time Running" value="382" />
  <attribute name ="GC Interval" value="272" />
  <attribute name="ProportionalT" value="17.000000" />
  <attribute name="ProportionalI" value="17.000000" />
  <attribute name="ProportionalH" value="17.000000" />
  <attribute name="Current Error" value="17.000000" />
  <attribute name="IntegralT" value="255.000000" />
  <attribute name="IntegralI" value="255.000000" />
  <attribute name="IntegralH" value="255.000000" />
  <attribute name="DerivativeT" value="-1.466667" />
  <attribute name="DerivativeI" value="-1.466667" />
  <attribute name="DerivativeH" value="-1.466667" />
  <attribute name="Loop Time for DT" value="15.000000" />
  <attribute name="Output H" value="8388608"/>
  <attribute name="Output I" value="272"/>
  <attribute name="Output T" value="4"/>
  <attribute name="Target GC Util Change" value ="20.000000" />
  <attribute name="Current GC Util Change" value="37.000000"/>
  <attribute name="GC Util currently" value="37" />
  <attribute name="CPU Util currently" value="297273529800" />
<allocation-satisfied id="98" threadId="000000000235B700" bytesRequested="41360" />
<af-end id="99" timestamp="2019-06-16T17:32:37.818" threadId="000000000235C088" success="true" from="nursery"/>
<exclusive-end id="100" timestamp="2019-06-16T17:32:37.818" durationms="1.870" />

<exclusive-start id="101" timestamp="2019-06-16T17:32:37.842" intervalms="25.730">
  <response-info timems="0.032" idlems="0.032" threads="0" lastid="000000000235B700" lastname="main" />
</exclusive-start>
<af-start id="102" threadId="000000000235C088" totalBytesRequested="24" timestamp="2019-06-16T17:32:37.842" intervalms="25.706" type="nursery" />
<cycle-start id="103" type="scavenge" contextid="0" timestamp="2019-06-16T17:32:37.842" intervalms="25.695" />
<gc-start id="104" type="scavenge" contextid="103" timestamp="2019-06-16T17:32:37.842">
  <mem-info id="105" free="5320400" total="8388608" percent="63">
    <mem type="nursery" free="0" total="2097152" percent="0">
      <mem type="allocate" free="0" total="1179648" percent="0" />
      <mem type="survivor" free="0" total="917504" percent="0" />
    </mem>
    <mem type="tenure" free="5320400" total="6291456" percent="84">
      <mem type="soa" free="5006032" total="5977088" percent="83" />
      <mem type="loa" free="314368" total="314368" percent="100" />
    </mem>
    <remembered-set count="1628" />
  </mem-info>
</gc-start>
<allocation-stats totalBytes="489704" >
  <allocated-bytes non-tlh="99696" tlh="390008" />
  <largest-consumer threadName="main" threadId="000000000235B700" bytes="489704" />
</allocation-stats>
<gc-op id="106" type="scavenge" timems="1.087" contextid="103" timestamp="2019-06-16T17:32:37.844">
  <scavenger-info tenureage="2" tenuremask="7ffc" tiltratio="56" />
  <memory-copied type="nursery" objects="7721" bytes="436232" bytesdiscarded="208712" />
  <memory-copied type="tenure" objects="9009" bytes="380872" bytesdiscarded="776" />
  <finalization candidates="111" enqueued="0" />
  <ownableSynchronizers candidates="3" cleared="0" />
  <references type="soft" candidates="12" cleared="0" enqueued="0" dynamicThreshold="27" maxThreshold="32" />
  <references type="weak" candidates="17" cleared="4" enqueued="2" />
  <references type="phantom" candidates="2" cleared="0" enqueued="0" />
</gc-op>
<gc-end id="107" type="scavenge" contextid="103" durationms="1.343" usertimems="4.000" systemtimems="0.000" timestamp="2019-06-16T17:32:37.844" activeThreads="4">
  <mem-info id="108" free="5318568" total="8388608" percent="63">
    <mem type="nursery" free="534640" total="2097152" percent="25">
      <mem type="allocate" free="534640" total="1179648" percent="45" />
      <mem type="survivor" free="0" total="917504" percent="0" />
    </mem>
    <mem type="tenure" free="4783928" total="6291456" percent="76">
      <mem type="soa" free="4469560" total="5977088" percent="74" />
      <mem type="loa" free="314368" total="314368" percent="100" />
    </mem>
    <pending-finalizers system="0" default="0" reference="2" classloader="0" />
    <remembered-set count="377" />
  </mem-info>
</gc-end>
<cycle-end id="109" type="scavenge" contextid="103" timestamp="2019-06-16T17:32:37.844" />
  <attribute name="elasticGC enabled" value="1" />
  <attribute name= "numThreadsSpecified" value="4" />
  <attribute name="heapSize specified" value="8388608" />
  <attribute name="Current GC Util" value="7" />
  <attribute name= "Current Time Running" value="408" />
  <attribute name ="GC Interval" value="200" />
  <attribute name="ProportionalT" value="-13.000000" />
  <attribute name="ProportionalI" value="-13.000000" />
  <attribute name="ProportionalH" value="-13.000000" />
  <attribute name="Current Error" value="-13.000000" />
  <attribute name="IntegralT" value="-338.000000" />
  <attribute name="IntegralI" value="-338.000000" />
  <attribute name="IntegralH" value="-338.000000" />
  <attribute name="DerivativeT" value="-0.576923" />
  <attribute name="DerivativeI" value="-0.576923" />
  <attribute name="DerivativeH" value="-0.576923" />
  <attribute name="Loop Time for DT" value="26.000000" />
  <attribute name="Output H" value="2092630016"/>
  <attribute name="Output I" value="200"/>
  <attribute name="Output T" value="4"/>
  <attribute name="Target GC Util Change" value ="20.000000" />
  <attribute name="Current GC Util Change" value="7.000000"/>
  <attribute name="GC Util currently" value="7" />
  <attribute name="CPU Util currently" value="179739613064" />
<allocation-satisfied id="110" threadId="000000000235B700" bytesRequested="24" />
<af-end id="111" timestamp="2019-06-16T17:32:37.844" threadId="000000000235C088" success="true" from="nursery"/>
<exclusive-end id="112" timestamp="2019-06-16T17:32:37.844" durationms="1.910" />

<exclusive-start id="113" timestamp="2019-06-16T17:32:37.867" intervalms="24.844">
  <response-info timems="0.061" idlems="0.061" threads="0" lastid="000000000235B700" lastname="main" />
</exclusive-start>
<af-start id="114" threadId="000000000235C088" totalBytesRequested="26512" timestamp="2019-06-16T17:32:37.867" intervalms="24.864" type="nursery" />
<cycle-start id="115" type="scavenge" contextid="0" timestamp="2019-06-16T17:32:37.867" intervalms="24.885" />
<gc-start id="116" type="scavenge" contextid="115" timestamp="2019-06-16T17:32:37.867">
  <mem-info id="117" free="4776224" total="8388608" percent="56">
    <mem type="nursery" free="0" total="2097152" percent="0">
      <mem type="allocate" free="0" total="1179648" percent="0" />
      <mem type="survivor" free="0" total="917504" percent="0" />
    </mem>
    <mem type="tenure" free="4776224" total="6291456" percent="75">
      <mem type="soa" free="4461856" total="5977088" percent="74" />
      <mem type="loa" free="314368" total="314368" percent="100" />
    </mem>
    <remembered-set count="492" />
  </mem-info>
</gc-start>
<allocation-stats totalBytes="517120" >
  <allocated-bytes non-tlh="192048" tlh="325072" />
  <largest-consumer threadName="main" threadId="000000000235B700" bytes="513024" />
</allocation-stats>
<gc-op id="118" type="scavenge" timems="0.730" contextid="115" timestamp="2019-06-16T17:32:37.868">
  <scavenger-info tenureage="1" tenuremask="7ffe" tiltratio="56" />
  <memory-copied type="nursery" objects="3866" bytes="335672" bytesdiscarded="135256" />
  <memory-copied type="tenure" objects="7670" bytes="433728" bytesdiscarded="344" />
  <references type="weak" candidates="1" cleared="0" enqueued="0" />
</gc-op>
<gc-end id="119" type="scavenge" contextid="115" durationms="1.047" usertimems="4.000" systemtimems="0.000" timestamp="2019-06-16T17:32:37.868" activeThreads="4">
  <mem-info id="120" free="5186224" total="8388608" percent="61">
    <mem type="nursery" free="774184" total="2097152" percent="36">
      <mem type="allocate" free="774184" total="1245184" percent="62" />
      <mem type="survivor" free="0" total="851968" percent="0" />
    </mem>
    <mem type="tenure" free="4412040" total="6291456" percent="70">
      <mem type="soa" free="4097672" total="5977088" percent="68" />
      <mem type="loa" free="314368" total="314368" percent="100" />
    </mem>
    <remembered-set count="463" />
  </mem-info>
</gc-end>
<cycle-end id="121" type="scavenge" contextid="115" timestamp="2019-06-16T17:32:37.869" />
  <attribute name="elasticGC enabled" value="1" />
  <attribute name= "numThreadsSpecified" value="4" />
  <attribute name="heapSize specified" value="8388608" />
  <attribute name="Current GC Util" value="8" />
  <attribute name= "Current Time Running" value="433" />
  <attribute name ="GC Interval" value="200" />
  <attribute name="ProportionalT" value="-12.000000" />
  <attribute name="ProportionalI" value="-12.000000" />
  <attribute name="ProportionalH" value="-12.000000" />
  <attribute name="Current Error" value="-12.000000" />
  <attribute name="IntegralT" value="-300.000000" />
  <attribute name="IntegralI" value="-300.000000" />
  <attribute name="IntegralH" value="-300.000000" />
  <attribute name="DerivativeT" value="-0.240000" />
  <attribute name="DerivativeI" value="-0.240000" />
  <attribute name="DerivativeH" value="-0.240000" />
  <attribute name="Loop Time for DT" value="25.000000" />
  <attribute name="Output H" value="2092630016"/>
  <attribute name="Output I" value="200"/>
  <attribute name="Output T" value="4"/>
  <attribute name="Target GC Util Change" value ="20.000000" />
  <attribute name="Current GC Util Change" value="8.000000"/>
  <attribute name="GC Util currently" value="8" />
  <attribute name="CPU Util currently" value="184744764797" />
<allocation-satisfied id="122" threadId="000000000235B700" bytesRequested="26512" />
<af-end id="123" timestamp="2019-06-16T17:32:37.869" threadId="000000000235C088" success="true" from="nursery"/>
<exclusive-end id="124" timestamp="2019-06-16T17:32:37.869" durationms="1.695" />

<exclusive-start id="125" timestamp="2019-06-16T17:32:37.933" intervalms="65.817">
  <response-info timems="0.055" idlems="0.055" threads="0" lastid="000000000235B700" lastname="main" />
</exclusive-start>
<af-start id="126" threadId="000000000235C088" totalBytesRequested="10688" timestamp="2019-06-16T17:32:37.933" intervalms="65.784" type="nursery" />
<cycle-start id="127" type="scavenge" contextid="0" timestamp="2019-06-16T17:32:37.933" intervalms="65.742" />
<gc-start id="128" type="scavenge" contextid="127" timestamp="2019-06-16T17:32:37.933">
  <mem-info id="129" free="4392176" total="8388608" percent="52">
    <mem type="nursery" free="0" total="2097152" percent="0">
      <mem type="allocate" free="0" total="1245184" percent="0" />
      <mem type="survivor" free="0" total="851968" percent="0" />
    </mem>
    <mem type="tenure" free="4392176" total="6291456" percent="69">
      <mem type="soa" free="4077808" total="5977088" percent="68" />
      <mem type="loa" free="314368" total="314368" percent="100" />
    </mem>
    <remembered-set count="752" />
  </mem-info>
</gc-start>
<allocation-stats totalBytes="773672" >
  <allocated-bytes non-tlh="46376" tlh="727296" />
  <largest-consumer threadName="main" threadId="000000000235B700" bytes="773672" />
</allocation-stats>
<gc-op id="130" type="scavenge" timems="0.463" contextid="127" timestamp="2019-06-16T17:32:37.934">
  <scavenger-info tenureage="1" tenuremask="7ffe" tiltratio="59" />
  <memory-copied type="nursery" objects="1711" bytes="85952" bytesdiscarded="58056" />
  <memory-copied type="tenure" objects="1007" bytes="83432" bytesdiscarded="64" />
  <references type="soft" candidates="1" cleared="0" enqueued="0" dynamicThreshold="27" maxThreshold="32" />
  <references type="weak" candidates="15" cleared="13" enqueued="13" />
</gc-op>
<gc-end id="131" type="scavenge" contextid="127" durationms="0.682" usertimems="0.000" systemtimems="4.000" timestamp="2019-06-16T17:32:37.934" activeThreads="4">
  <mem-info id="132" free="5585248" total="8388608" percent="66">
    <mem type="nursery" free="1232240" total="2097152" percent="58">
      <mem type="allocate" free="1232240" total="1376256" percent="89" />
      <mem type="survivor" free="0" total="720896" percent="0" />
    </mem>
    <mem type="tenure" free="4353008" total="6291456" percent="69">
      <mem type="soa" free="4038640" total="5977088" percent="67" />
      <mem type="loa" free="314368" total="314368" percent="100" />
    </mem>
    <pending-finalizers system="0" default="0" reference="13" classloader="0" />
    <remembered-set count="485" />
  </mem-info>
</gc-end>
<cycle-end id="133" type="scavenge" contextid="127" timestamp="2019-06-16T17:32:37.934" />
  <attribute name="elasticGC enabled" value="1" />
  <attribute name= "numThreadsSpecified" value="4" />
  <attribute name="heapSize specified" value="8388608" />
  <attribute name="Current GC Util" value="2" />
  <attribute name= "Current Time Running" value="498" />
  <attribute name ="GC Interval" value="200" />
  <attribute name="ProportionalT" value="-18.000000" />
  <attribute name="ProportionalI" value="-18.000000" />
  <attribute name="ProportionalH" value="-18.000000" />
  <attribute name="Current Error" value="-18.000000" />
  <attribute name="IntegralT" value="-1170.000000" />
  <attribute name="IntegralI" value="-1170.000000" />
  <attribute name="IntegralH" value="-1170.000000" />
  <attribute name="DerivativeT" value="-0.138462" />
  <attribute name="DerivativeI" value="-0.138462" />
  <attribute name="DerivativeH" value="-0.138462" />
  <attribute name="Loop Time for DT" value="65.000000" />
  <attribute name="Output H" value="2092630016"/>
  <attribute name="Output I" value="200"/>
  <attribute name="Output T" value="4"/>
  <attribute name="Target GC Util Change" value ="20.000000" />
  <attribute name="Current GC Util Change" value="2.000000"/>
  <attribute name="GC Util currently" value="2" />
  <attribute name="CPU Util currently" value="18" />
<allocation-satisfied id="134" threadId="000000000235B700" bytesRequested="10688" />
<af-end id="135" timestamp="2019-06-16T17:32:37.934" threadId="000000000235C088" success="true" from="nursery"/>
<exclusive-end id="136" timestamp="2019-06-16T17:32:37.934" durationms="1.180" />

<exclusive-start id="137" timestamp="2019-06-16T17:32:37.955" intervalms="22.193">
  <response-info timems="0.063" idlems="0.063" threads="0" lastid="00000000026ACD00" lastname="Thread-3" />
</exclusive-start>
<af-start id="138" threadId="00000000026AD688" totalBytesRequested="1416" timestamp="2019-06-16T17:32:37.955" intervalms="22.213" type="nursery" />
<cycle-start id="139" type="scavenge" contextid="0" timestamp="2019-06-16T17:32:37.955" intervalms="22.280" />
<gc-start id="140" type="scavenge" contextid="139" timestamp="2019-06-16T17:32:37.955">
  <mem-info id="141" free="4338112" total="8388608" percent="51">
    <mem type="nursery" free="0" total="2097152" percent="0">
      <mem type="allocate" free="0" total="1376256" percent="0" />
      <mem type="survivor" free="0" total="720896" percent="0" />
    </mem>
    <mem type="tenure" free="4338112" total="6291456" percent="68">
      <mem type="soa" free="4023744" total="5977088" percent="67" />
      <mem type="loa" free="314368" total="314368" percent="100" />
    </mem>
    <remembered-set count="699" />
  </mem-info>
</gc-start>
<allocation-stats totalBytes="1226576" >
  <allocated-bytes non-tlh="242704" tlh="983872" />
  <largest-consumer threadName="main" threadId="000000000235B700" bytes="712128" />
</allocation-stats>
<gc-op id="142" type="scavenge" timems="2.561" contextid="139" timestamp="2019-06-16T17:32:37.958">
  <scavenger-info tenureage="2" tenuremask="7ffc" tiltratio="65" />
  <memory-copied type="nursery" objects="3581" bytes="619048" bytesdiscarded="101768" />
  <references type="soft" candidates="5" cleared="0" enqueued="0" dynamicThreshold="27" maxThreshold="32" />
  <references type="weak" candidates="11" cleared="7" enqueued="7" />
</gc-op>
<heap-resize id="143" type="expand" space="nursery" amount="262144" count="1" timems="0.234" reason="excessive time being spent scavenging" timestamp="2019-06-16T17:32:37.959" />
<gc-end id="144" type="scavenge" contextid="139" durationms="3.526" usertimems="0.000" systemtimems="4.000" timestamp="2019-06-16T17:32:37.959" activeThreads="4">
  <mem-info id="145" free="4796864" total="8650752" percent="55">
    <mem type="nursery" free="458752" total="2359296" percent="19">
      <mem type="allocate" free="458752" total="1179648" percent="38" />
      <mem type="survivor" free="0" total="1179648" percent="0" />
    </mem>
    <mem type="tenure" free="4338112" total="6291456" percent="68">
      <mem type="soa" free="4023744" total="5977088" percent="67" />
      <mem type="loa" free="314368" total="314368" percent="100" />
    </mem>
    <pending-finalizers system="0" default="0" reference="7" classloader="0" />
    <remembered-set count="568" />
  </mem-info>
</gc-end>
<cycle-end id="146" type="scavenge" contextid="139" timestamp="2019-06-16T17:32:37.959" />
  <attribute name="elasticGC enabled" value="1" />
  <attribute name= "numThreadsSpecified" value="4" />
  <attribute name="heapSize specified" value="8388608" />
  <attribute name="Current GC Util" value="3" />
  <attribute name= "Current Time Running" value="521" />
  <attribute name ="GC Interval" value="200" />
  <attribute name="ProportionalT" value="-17.000000" />
  <attribute name="ProportionalI" value="-17.000000" />
  <attribute name="ProportionalH" value="-17.000000" />
  <attribute name="Current Error" value="-17.000000" />
  <attribute name="IntegralT" value="-391.000000" />
  <attribute name="IntegralI" value="-391.000000" />
  <attribute name="IntegralH" value="-391.000000" />
  <attribute name="DerivativeT" value="-0.369565" />
  <attribute name="DerivativeI" value="-0.369565" />
  <attribute name="DerivativeH" value="-0.369565" />
  <attribute name="Loop Time for DT" value="23.000000" />
  <attribute name="Output H" value="2092630016"/>
  <attribute name="Output I" value="200"/>
  <attribute name="Output T" value="4"/>
  <attribute name="Target GC Util Change" value ="20.000000" />
  <attribute name="Current GC Util Change" value="3.000000"/>
  <attribute name="GC Util currently" value="3" />
  <attribute name="CPU Util currently" value="205158760310" />
<allocation-satisfied id="147" threadId="00000000026ACD00" bytesRequested="1416" />
<af-end id="148" timestamp="2019-06-16T17:32:37.959" threadId="00000000026AD688" success="true" from="nursery"/>
<exclusive-end id="149" timestamp="2019-06-16T17:32:37.959" durationms="4.453" />

<exclusive-start id="150" timestamp="2019-06-16T17:32:37.965" intervalms="10.278">
  <response-info timems="0.053" idlems="0.053" threads="0" lastid="00000000026ACD00" lastname="Thread-3" />
</exclusive-start>
<af-start id="151" threadId="00000000026AD688" totalBytesRequested="2360" timestamp="2019-06-16T17:32:37.965" intervalms="10.274" type="nursery" />
<cycle-start id="152" type="scavenge" contextid="0" timestamp="2019-06-16T17:32:37.965" intervalms="10.229" />
<gc-start id="153" type="scavenge" contextid="152" timestamp="2019-06-16T17:32:37.966">
  <mem-info id="154" free="4338112" total="8650752" percent="50">
    <mem type="nursery" free="0" total="2359296" percent="0">
      <mem type="allocate" free="0" total="1179648" percent="0" />
      <mem type="survivor" free="0" total="1179648" percent="0" />
    </mem>
    <mem type="tenure" free="4338112" total="6291456" percent="68">
      <mem type="soa" free="4023744" total="5977088" percent="67" />
      <mem type="loa" free="314368" total="314368" percent="100" />
    </mem>
    <remembered-set count="568" />
  </mem-info>
</gc-start>
<allocation-stats totalBytes="444624" >
  <allocated-bytes non-tlh="1416" tlh="443208" />
  <largest-consumer threadName="Thread-3" threadId="00000000026ACD00" bytes="444624" />
</allocation-stats>
<gc-op id="155" type="scavenge" timems="2.311" contextid="152" timestamp="2019-06-16T17:32:37.968">
  <scavenger-info tenureage="1" tenuremask="7ffe" tiltratio="50" />
  <memory-copied type="nursery" objects="236" bytes="444624" bytesdiscarded="0" />
  <memory-copied type="tenure" objects="3553" bytes="618208" bytesdiscarded="1048" />
</gc-op>
<heap-resize id="156" type="expand" space="nursery" amount="262144" count="1" timems="0.009" reason="excessive time being spent scavenging" timestamp="2019-06-16T17:32:37.968" />
<gc-end id="157" type="scavenge" contextid="152" durationms="2.802" usertimems="4.000" systemtimems="0.000" timestamp="2019-06-16T17:32:37.968" activeThreads="4">
  <mem-info id="158" free="4627528" total="8912896" percent="51">
    <mem type="nursery" free="997168" total="2621440" percent="38">
      <mem type="allocate" free="997168" total="1441792" percent="69" />
      <mem type="survivor" free="0" total="1179648" percent="0" />
    </mem>
    <mem type="tenure" free="3630360" total="6291456" percent="57">
      <mem type="soa" free="3315992" total="5977088" percent="55" />
      <mem type="loa" free="314368" total="314368" percent="100" />
    </mem>
    <remembered-set count="294" />
  </mem-info>
</gc-end>
<cycle-end id="159" type="scavenge" contextid="152" timestamp="2019-06-16T17:32:37.969" />
  <attribute name="elasticGC enabled" value="1" />
  <attribute name= "numThreadsSpecified" value="4" />
  <attribute name="heapSize specified" value="8388608" />
  <attribute name="Current GC Util" value="28" />
  <attribute name= "Current Time Running" value="531" />
  <attribute name ="GC Interval" value="200" />
  <attribute name="ProportionalT" value="8.000000" />
  <attribute name="ProportionalI" value="8.000000" />
  <attribute name="ProportionalH" value="8.000000" />
  <attribute name="Current Error" value="8.000000" />
  <attribute name="IntegralT" value="80.000000" />
  <attribute name="IntegralI" value="80.000000" />
  <attribute name="IntegralH" value="80.000000" />
  <attribute name="DerivativeT" value="0.400000" />
  <attribute name="DerivativeI" value="0.400000" />
  <attribute name="DerivativeH" value="0.400000" />
  <attribute name="Loop Time for DT" value="10.000000" />
  <attribute name="Output H" value="8388608"/>
  <attribute name="Output I" value="200"/>
  <attribute name="Output T" value="4"/>
  <attribute name="Target GC Util Change" value ="20.000000" />
  <attribute name="Current GC Util Change" value="28.000000"/>
  <attribute name="GC Util currently" value="28" />
  <attribute name="CPU Util currently" value="453641777407" />
<allocation-satisfied id="160" threadId="00000000026ACD00" bytesRequested="2360" />
<af-end id="161" timestamp="2019-06-16T17:32:37.969" threadId="00000000026AD688" success="true" from="nursery"/>
<exclusive-end id="162" timestamp="2019-06-16T17:32:37.969" durationms="3.367" />

<exclusive-start id="163" timestamp="2019-06-16T17:32:37.988" intervalms="22.854">
  <response-info timems="0.095" idlems="0.095" threads="0" lastid="00000000026B4500" lastname="Thread-5" />
</exclusive-start>
<af-start id="164" threadId="00000000026B4E88" totalBytesRequested="24" timestamp="2019-06-16T17:32:37.988" intervalms="22.869" type="nursery" />
<cycle-start id="165" type="scavenge" contextid="0" timestamp="2019-06-16T17:32:37.988" intervalms="22.912" />
<gc-start id="166" type="scavenge" contextid="165" timestamp="2019-06-16T17:32:37.989">
  <mem-info id="167" free="3628168" total="8912896" percent="40">
    <mem type="nursery" free="0" total="2621440" percent="0">
      <mem type="allocate" free="0" total="1441792" percent="0" />
      <mem type="survivor" free="0" total="1179648" percent="0" />
    </mem>
    <mem type="tenure" free="3628168" total="6291456" percent="57">
      <mem type="soa" free="3313800" total="5977088" percent="55" />
      <mem type="loa" free="314368" total="314368" percent="100" />
    </mem>
    <remembered-set count="334" />
  </mem-info>
</gc-start>
<allocation-stats totalBytes="986680" >
  <allocated-bytes non-tlh="136680" tlh="850000" />
  <largest-consumer threadName="Thread-3" threadId="00000000026ACD00" bytes="681704" />
</allocation-stats>
<gc-op id="168" type="scavenge" timems="0.513" contextid="165" timestamp="2019-06-16T17:32:37.989">
  <scavenger-info tenureage="1" tenuremask="7ffe" tiltratio="55" />
  <memory-copied type="nursery" objects="363" bytes="669672" bytesdiscarded="132344" />
  <memory-copied type="tenure" objects="236" bytes="444624" bytesdiscarded="760" />
</gc-op>
<gc-end id="169" type="scavenge" contextid="165" durationms="0.799" usertimems="4.000" systemtimems="0.000" timestamp="2019-06-16T17:32:37.989" activeThreads="4">
  <mem-info id="170" free="4107584" total="8912896" percent="46">
    <mem type="nursery" free="836384" total="2621440" percent="31">
      <mem type="allocate" free="836384" total="1638400" percent="51" />
      <mem type="survivor" free="0" total="983040" percent="0" />
    </mem>
    <mem type="tenure" free="3271200" total="6291456" percent="51">
      <mem type="soa" free="2956832" total="5977088" percent="49" />
      <mem type="loa" free="314368" total="314368" percent="100" />
    </mem>
    <remembered-set count="126" />
  </mem-info>
</gc-end>
<cycle-end id="171" type="scavenge" contextid="165" timestamp="2019-06-16T17:32:37.989" />
  <attribute name="elasticGC enabled" value="1" />
  <attribute name= "numThreadsSpecified" value="4" />
  <attribute name="heapSize specified" value="8388608" />
  <attribute name="Current GC Util" value="11" />
  <attribute name= "Current Time Running" value="554" />
  <attribute name ="GC Interval" value="200" />
  <attribute name="ProportionalT" value="-9.000000" />
  <attribute name="ProportionalI" value="-9.000000" />
  <attribute name="ProportionalH" value="-9.000000" />
  <attribute name="Current Error" value="-9.000000" />
  <attribute name="IntegralT" value="-207.000000" />
  <attribute name="IntegralI" value="-207.000000" />
  <attribute name="IntegralH" value="-207.000000" />
  <attribute name="DerivativeT" value="-0.369565" />
  <attribute name="DerivativeI" value="-0.369565" />
  <attribute name="DerivativeH" value="-0.369565" />
  <attribute name="Loop Time for DT" value="23.000000" />
  <attribute name="Output H" value="2092630016"/>
  <attribute name="Output I" value="200"/>
  <attribute name="Output T" value="4"/>
  <attribute name="Target GC Util Change" value ="20.000000" />
  <attribute name="Current GC Util Change" value="11.000000"/>
  <attribute name="GC Util currently" value="11" />
  <attribute name="CPU Util currently" value="201863230701" />
<allocation-satisfied id="172" threadId="00000000026B4500" bytesRequested="24" />
<af-end id="173" timestamp="2019-06-16T17:32:37.990" threadId="00000000026B4E88" success="true" from="nursery"/>
<exclusive-end id="174" timestamp="2019-06-16T17:32:37.990" durationms="1.451" />

<exclusive-start id="175" timestamp="2019-06-16T17:32:38.004" intervalms="15.849">
  <response-info timems="0.062" idlems="0.062" threads="0" lastid="00000000026B4500" lastname="Thread-5" />
</exclusive-start>
<af-start id="176" threadId="00000000026B4E88" totalBytesRequested="192488" timestamp="2019-06-16T17:32:38.004" intervalms="15.839" type="nursery" />
<cycle-start id="177" type="scavenge" contextid="0" timestamp="2019-06-16T17:32:38.004" intervalms="15.796" />
<gc-start id="178" type="scavenge" contextid="177" timestamp="2019-06-16T17:32:38.004">
  <mem-info id="179" free="3271736" total="8912896" percent="36">
    <mem type="nursery" free="768" total="2621440" percent="0">
      <mem type="allocate" free="768" total="1638400" percent="0" />
      <mem type="survivor" free="0" total="983040" percent="0" />
    </mem>
    <mem type="tenure" free="3270968" total="6291456" percent="51">
      <mem type="soa" free="2956600" total="5977088" percent="49" />
      <mem type="loa" free="314368" total="314368" percent="100" />
    </mem>
    <remembered-set count="129" />
  </mem-info>
</gc-start>
<allocation-stats totalBytes="835728" >
  <allocated-bytes non-tlh="196872" tlh="638856" />
  <largest-consumer threadName="Thread-5" threadId="00000000026B4500" bytes="835728" />
</allocation-stats>
<gc-op id="180" type="scavenge" timems="0.504" contextid="177" timestamp="2019-06-16T17:32:38.005">
  <scavenger-info tenureage="1" tenuremask="7ffe" tiltratio="62" />
  <memory-copied type="nursery" objects="4052" bytes="399920" bytesdiscarded="137440" />
  <memory-copied type="tenure" objects="352" bytes="669432" bytesdiscarded="512" />
</gc-op>
<gc-end id="181" type="scavenge" contextid="177" durationms="0.833" usertimems="0.000" systemtimems="0.000" timestamp="2019-06-16T17:32:38.005" activeThreads="4">
  <mem-info id="182" free="3634864" total="8912896" percent="40">
    <mem type="nursery" free="1101040" total="2621440" percent="42">
      <mem type="allocate" free="1101040" total="1638400" percent="67" />
      <mem type="survivor" free="0" total="983040" percent="0" />
    </mem>
    <mem type="tenure" free="2533824" total="6291456" percent="40">
      <mem type="soa" free="2219456" total="5977088" percent="37" />
      <mem type="loa" free="314368" total="314368" percent="100" />
    </mem>
    <remembered-set count="134" />
  </mem-info>
</gc-end>
<cycle-end id="183" type="scavenge" contextid="177" timestamp="2019-06-16T17:32:38.005" />
  <attribute name="elasticGC enabled" value="1" />
  <attribute name= "numThreadsSpecified" value="4" />
  <attribute name="heapSize specified" value="8388608" />
  <attribute name="Current GC Util" value="6" />
  <attribute name= "Current Time Running" value="570" />
  <attribute name ="GC Interval" value="200" />
  <attribute name="ProportionalT" value="-14.000000" />
  <attribute name="ProportionalI" value="-14.000000" />
  <attribute name="ProportionalH" value="-14.000000" />
  <attribute name="Current Error" value="-14.000000" />
  <attribute name="IntegralT" value="-224.000000" />
  <attribute name="IntegralI" value="-224.000000" />
  <attribute name="IntegralH" value="-224.000000" />
  <attribute name="DerivativeT" value="-0.437500" />
  <attribute name="DerivativeI" value="-0.437500" />
  <attribute name="DerivativeH" value="-0.437500" />
  <attribute name="Loop Time for DT" value="16.000000" />
  <attribute name="Output H" value="2092630016"/>
  <attribute name="Output I" value="200"/>
  <attribute name="Output T" value="4"/>
  <attribute name="Target GC Util Change" value ="20.000000" />
  <attribute name="Current GC Util Change" value="6.000000"/>
  <attribute name="GC Util currently" value="6" />
  <attribute name="CPU Util currently" value="292194820661" />
<allocation-satisfied id="184" threadId="00000000026B4500" bytesRequested="192488" />
<af-end id="185" timestamp="2019-06-16T17:32:38.005" threadId="00000000026B4E88" success="true" from="nursery"/>
<exclusive-end id="186" timestamp="2019-06-16T17:32:38.005" durationms="1.389" />

<exclusive-start id="187" timestamp="2019-06-16T17:32:38.053" intervalms="49.177">
  <response-info timems="0.068" idlems="0.068" threads="0" lastid="00000000026B4500" lastname="Thread-5" />
</exclusive-start>
<af-start id="188" threadId="00000000026B4E88" totalBytesRequested="9176" timestamp="2019-06-16T17:32:38.053" intervalms="49.177" type="nursery" />
<cycle-start id="189" type="scavenge" contextid="0" timestamp="2019-06-16T17:32:38.053" intervalms="49.179" />
<gc-start id="190" type="scavenge" contextid="189" timestamp="2019-06-16T17:32:38.053">
  <mem-info id="191" free="2533824" total="8912896" percent="28">
    <mem type="nursery" free="0" total="2621440" percent="0">
      <mem type="allocate" free="0" total="1638400" percent="0" />
      <mem type="survivor" free="0" total="983040" percent="0" />
    </mem>
    <mem type="tenure" free="2533824" total="6291456" percent="40">
      <mem type="soa" free="2219456" total="5977088" percent="37" />
      <mem type="loa" free="314368" total="314368" percent="100" />
    </mem>
    <remembered-set count="134" />
  </mem-info>
</gc-start>
<allocation-stats totalBytes="1097040" >
  <allocated-bytes non-tlh="487480" tlh="609560" />
  <largest-consumer threadName="Thread-5" threadId="00000000026B4500" bytes="1097040" />
</allocation-stats>
<gc-op id="192" type="scavenge" timems="0.429" contextid="189" timestamp="2019-06-16T17:32:38.054">
  <scavenger-info tenureage="1" tenuremask="7ffe" tiltratio="62" />
  <memory-copied type="nursery" objects="16" bytes="186856" bytesdiscarded="30504" />
  <memory-copied type="tenure" objects="4047" bytes="194984" bytesdiscarded="56" />
</gc-op>
<gc-end id="193" type="scavenge" contextid="189" durationms="0.730" usertimems="0.000" systemtimems="0.000" timestamp="2019-06-16T17:32:38.054" activeThreads="4">
  <mem-info id="194" free="3946160" total="8912896" percent="44">
    <mem type="nursery" free="1552112" total="2621440" percent="59">
      <mem type="allocate" free="1552112" total="1769472" percent="87" />
      <mem type="survivor" free="0" total="851968" percent="0" />
    </mem>
    <mem type="tenure" free="2394048" total="6291456" percent="38">
      <mem type="soa" free="2079680" total="5977088" percent="34" />
      <mem type="loa" free="314368" total="314368" percent="100" />
    </mem>
    <remembered-set count="111" />
  </mem-info>
</gc-end>
<cycle-end id="195" type="scavenge" contextid="189" timestamp="2019-06-16T17:32:38.054" />
  <attribute name="elasticGC enabled" value="1" />
  <attribute name= "numThreadsSpecified" value="4" />
  <attribute name="heapSize specified" value="8388608" />
  <attribute name="Current GC Util" value="2" />
  <attribute name= "Current Time Running" value="619" />
  <attribute name ="GC Interval" value="200" />
  <attribute name="ProportionalT" value="-18.000000" />
  <attribute name="ProportionalI" value="-18.000000" />
  <attribute name="ProportionalH" value="-18.000000" />
  <attribute name="Current Error" value="-18.000000" />
  <attribute name="IntegralT" value="-882.000000" />
  <attribute name="IntegralI" value="-882.000000" />
  <attribute name="IntegralH" value="-882.000000" />
  <attribute name="DerivativeT" value="-0.183673" />
  <attribute name="DerivativeI" value="-0.183673" />
  <attribute name="DerivativeH" value="-0.183673" />
  <attribute name="Loop Time for DT" value="49.000000" />
  <attribute name="Output H" value="2092630016"/>
  <attribute name="Output I" value="200"/>
  <attribute name="Output T" value="4"/>
  <attribute name="Target GC Util Change" value ="20.000000" />
  <attribute name="Current GC Util Change" value="2.000000"/>
  <attribute name="GC Util currently" value="2" />
  <attribute name="CPU Util currently" value="9" />
<allocation-satisfied id="196" threadId="00000000026B4500" bytesRequested="9176" />
<af-end id="197" timestamp="2019-06-16T17:32:38.054" threadId="00000000026B4E88" success="true" from="nursery"/>
<exclusive-end id="198" timestamp="2019-06-16T17:32:38.054" durationms="1.319" />

<exclusive-start id="199" timestamp="2019-06-16T17:32:38.070" intervalms="17.218">
  <response-info timems="0.062" idlems="0.062" threads="0" lastid="00000000026B4500" lastname="Thread-5" />
</exclusive-start>
<af-start id="200" threadId="00000000026B4E88" totalBytesRequested="31000" timestamp="2019-06-16T17:32:38.071" intervalms="17.227" type="nursery" />
<cycle-start id="201" type="scavenge" contextid="0" timestamp="2019-06-16T17:32:38.071" intervalms="17.230" />
<gc-start id="202" type="scavenge" contextid="201" timestamp="2019-06-16T17:32:38.071">
  <mem-info id="203" free="2394048" total="8912896" percent="26">
    <mem type="nursery" free="0" total="2621440" percent="0">
      <mem type="allocate" free="0" total="1769472" percent="0" />
      <mem type="survivor" free="0" total="851968" percent="0" />
    </mem>
    <mem type="tenure" free="2394048" total="6291456" percent="38">
      <mem type="soa" free="2079680" total="5977088" percent="34" />
      <mem type="loa" free="314368" total="314368" percent="100" />
    </mem>
    <remembered-set count="111" />
  </mem-info>
</gc-start>
<allocation-stats totalBytes="1511592" >
  <allocated-bytes non-tlh="9176" tlh="1502416" />
  <largest-consumer threadName="Thread-5" threadId="00000000026B4500" bytes="1511592" />
</allocation-stats>
<gc-op id="204" type="scavenge" timems="0.293" contextid="201" timestamp="2019-06-16T17:32:38.071">
  <scavenger-info tenureage="1" tenuremask="7ffe" tiltratio="67" />
  <memory-copied type="nursery" objects="45" bytes="58744" bytesdiscarded="52472" />
  <memory-copied type="tenure" objects="3" bytes="98352" bytesdiscarded="0" />
</gc-op>
<gc-end id="205" type="scavenge" contextid="201" durationms="0.552" usertimems="0.000" systemtimems="0.000" timestamp="2019-06-16T17:32:38.071" activeThreads="4">
  <mem-info id="206" free="4085112" total="8912896" percent="45">
    <mem type="nursery" free="1789328" total="2621440" percent="68">
      <mem type="allocate" free="1789328" total="1900544" percent="94" />
      <mem type="survivor" free="0" total="720896" percent="0" />
    </mem>
    <mem type="tenure" free="2295784" total="6291456" percent="36">
      <mem type="soa" free="1981416" total="5977088" percent="33" />
      <mem type="loa" free="314368" total="314368" percent="100" />
    </mem>
    <remembered-set count="111" />
  </mem-info>
</gc-end>
<cycle-end id="207" type="scavenge" contextid="201" timestamp="2019-06-16T17:32:38.071" />
  <attribute name="elasticGC enabled" value="1" />
  <attribute name= "numThreadsSpecified" value="4" />
  <attribute name="heapSize specified" value="8388608" />
  <attribute name="Current GC Util" value="5" />
  <attribute name= "Current Time Running" value="636" />
  <attribute name ="GC Interval" value="200" />
  <attribute name="ProportionalT" value="-15.000000" />
  <attribute name="ProportionalI" value="-15.000000" />
  <attribute name="ProportionalH" value="-15.000000" />
  <attribute name="Current Error" value="-15.000000" />
  <attribute name="IntegralT" value="-255.000000" />
  <attribute name="IntegralI" value="-255.000000" />
  <attribute name="IntegralH" value="-255.000000" />
  <attribute name="DerivativeT" value="-0.441176" />
  <attribute name="DerivativeI" value="-0.441176" />
  <attribute name="DerivativeH" value="-0.441176" />
  <attribute name="Loop Time for DT" value="17.000000" />
  <attribute name="Output H" value="2092630016"/>
  <attribute name="Output I" value="200"/>
  <attribute name="Output T" value="4"/>
  <attribute name="Target GC Util Change" value ="20.000000" />
  <attribute name="Current GC Util Change" value="5.000000"/>
  <attribute name="GC Util currently" value="5" />
  <attribute name="CPU Util currently" value="267540111436" />
<allocation-satisfied id="208" threadId="00000000026B4500" bytesRequested="31000" />
<af-end id="209" timestamp="2019-06-16T17:32:38.071" threadId="00000000026B4E88" success="true" from="nursery"/>
<exclusive-end id="210" timestamp="2019-06-16T17:32:38.072" durationms="1.108" />

<exclusive-start id="211" timestamp="2019-06-16T17:32:38.076" intervalms="5.645">
  <response-info timems="0.048" idlems="0.048" threads="0" lastid="00000000026B4500" lastname="Thread-5" />
</exclusive-start>
<af-start id="212" threadId="00000000026B4E88" totalBytesRequested="8936" timestamp="2019-06-16T17:32:38.076" intervalms="5.590" type="nursery" />
<cycle-start id="213" type="scavenge" contextid="0" timestamp="2019-06-16T17:32:38.076" intervalms="5.581" />
<gc-start id="214" type="scavenge" contextid="213" timestamp="2019-06-16T17:32:38.076">
  <mem-info id="215" free="2295784" total="8912896" percent="25">
    <mem type="nursery" free="0" total="2621440" percent="0">
      <mem type="allocate" free="0" total="1900544" percent="0" />
      <mem type="survivor" free="0" total="720896" percent="0" />
    </mem>
    <mem type="tenure" free="2295784" total="6291456" percent="36">
      <mem type="soa" free="1981416" total="5977088" percent="33" />
      <mem type="loa" free="314368" total="314368" percent="100" />
    </mem>
    <remembered-set count="111" />
  </mem-info>
</gc-start>
<allocation-stats totalBytes="1781824" >
  <allocated-bytes non-tlh="31000" tlh="1750824" />
  <largest-consumer threadName="Thread-5" threadId="00000000026B4500" bytes="1781824" />
</allocation-stats>
<gc-op id="216" type="scavenge" timems="0.194" contextid="213" timestamp="2019-06-16T17:32:38.077">
  <scavenger-info tenureage="2" tenuremask="7ffc" tiltratio="72" />
  <memory-copied type="nursery" objects="11" bytes="153016" bytesdiscarded="9864" />
</gc-op>
<gc-end id="217" type="scavenge" contextid="213" durationms="0.359" usertimems="0.000" systemtimems="0.000" timestamp="2019-06-16T17:32:38.077" activeThreads="4">
  <mem-info id="218" free="4098984" total="8912896" percent="45">
    <mem type="nursery" free="1803200" total="2621440" percent="68">
      <mem type="allocate" free="1803200" total="1966080" percent="91" />
      <mem type="survivor" free="0" total="655360" percent="0" />
    </mem>
    <mem type="tenure" free="2295784" total="6291456" percent="36">
      <mem type="soa" free="1981416" total="5977088" percent="33" />
      <mem type="loa" free="314368" total="314368" percent="100" />
    </mem>
    <remembered-set count="110" />
  </mem-info>
</gc-end>
<cycle-end id="219" type="scavenge" contextid="213" timestamp="2019-06-16T17:32:38.077" />
  <attribute name="elasticGC enabled" value="1" />
  <attribute name= "numThreadsSpecified" value="4" />
  <attribute name="heapSize specified" value="8388608" />
  <attribute name="Current GC Util" value="11" />
  <attribute name= "Current Time Running" value="641" />
  <attribute name ="GC Interval" value="200" />
  <attribute name="ProportionalT" value="-9.000000" />
  <attribute name="ProportionalI" value="-9.000000" />
  <attribute name="ProportionalH" value="-9.000000" />
  <attribute name="Current Error" value="-9.000000" />
  <attribute name="IntegralT" value="-45.000000" />
  <attribute name="IntegralI" value="-45.000000" />
  <attribute name="IntegralH" value="-45.000000" />
  <attribute name="DerivativeT" value="-0.900000" />
  <attribute name="DerivativeI" value="-0.900000" />
  <attribute name="DerivativeH" value="-0.900000" />
  <attribute name="Loop Time for DT" value="5.000000" />
  <attribute name="Output H" value="2092630016"/>
  <attribute name="Output I" value="200"/>
  <attribute name="Output T" value="4"/>
  <attribute name="Target GC Util Change" value ="20.000000" />
  <attribute name="Current GC Util Change" value="11.000000"/>
  <attribute name="GC Util currently" value="11" />
  <attribute name="CPU Util currently" value="848917706694" />
<allocation-satisfied id="220" threadId="00000000026B4500" bytesRequested="8936" />
<af-end id="221" timestamp="2019-06-16T17:32:38.077" threadId="00000000026B4E88" success="true" from="nursery"/>
<exclusive-end id="222" timestamp="2019-06-16T17:32:38.077" durationms="0.842" />

<exclusive-start id="223" timestamp="2019-06-16T17:32:38.091" intervalms="14.504">
  <response-info timems="0.236" idlems="0.236" threads="0" lastid="00000000026B0900" lastname="Thread-8" />
</exclusive-start>
<af-start id="224" threadId="00000000026B1288" totalBytesRequested="40" timestamp="2019-06-16T17:32:38.091" intervalms="14.524" type="nursery" />
<cycle-start id="225" type="scavenge" contextid="0" timestamp="2019-06-16T17:32:38.091" intervalms="14.509" />
<gc-start id="226" type="scavenge" contextid="225" timestamp="2019-06-16T17:32:38.091">
  <mem-info id="227" free="2290736" total="8912896" percent="25">
    <mem type="nursery" free="0" total="2621440" percent="0">
      <mem type="allocate" free="0" total="1966080" percent="0" />
      <mem type="survivor" free="0" total="655360" percent="0" />
    </mem>
    <mem type="tenure" free="2290736" total="6291456" percent="36">
      <mem type="soa" free="1976368" total="5977088" percent="33" />
      <mem type="loa" free="314368" total="314368" percent="100" />
    </mem>
    <remembered-set count="191" />
  </mem-info>
</gc-start>
<allocation-stats totalBytes="1804344" >
  <allocated-bytes non-tlh="185840" tlh="1618504" />
  <largest-consumer threadName="main" threadId="000000000235B700" bytes="89960" />
</allocation-stats>
<gc-op id="228" type="scavenge" timems="0.289" contextid="225" timestamp="2019-06-16T17:32:38.091">
  <scavenger-info tenureage="3" tenuremask="7ff8" tiltratio="75" />
  <memory-copied type="nursery" objects="656" bytes="173808" bytesdiscarded="35008" />
</gc-op>
<gc-end id="229" type="scavenge" contextid="225" durationms="0.488" usertimems="0.000" systemtimems="0.000" timestamp="2019-06-16T17:32:38.091" activeThreads="4">
  <mem-info id="230" free="4113504" total="8912896" percent="46">
    <mem type="nursery" free="1822768" total="2621440" percent="69">
      <mem type="allocate" free="1822768" total="2031616" percent="89" />
      <mem type="survivor" free="0" total="589824" percent="0" />
    </mem>
    <mem type="tenure" free="2290736" total="6291456" percent="36">
      <mem type="soa" free="1976368" total="5977088" percent="33" />
      <mem type="loa" free="314368" total="314368" percent="100" />
    </mem>
    <remembered-set count="185" />
  </mem-info>
</gc-end>
<cycle-end id="231" type="scavenge" contextid="225" timestamp="2019-06-16T17:32:38.091" />
  <attribute name="elasticGC enabled" value="1" />
  <attribute name= "numThreadsSpecified" value="4" />
  <attribute name="heapSize specified" value="8388608" />
  <attribute name="Current GC Util" value="3" />
  <attribute name= "Current Time Running" value="656" />
  <attribute name ="GC Interval" value="200" />
  <attribute name="ProportionalT" value="-17.000000" />
  <attribute name="ProportionalI" value="-17.000000" />
  <attribute name="ProportionalH" value="-17.000000" />
  <attribute name="Current Error" value="-17.000000" />
  <attribute name="IntegralT" value="-255.000000" />
  <attribute name="IntegralI" value="-255.000000" />
  <attribute name="IntegralH" value="-255.000000" />
  <attribute name="DerivativeT" value="-0.566667" />
  <attribute name="DerivativeI" value="-0.566667" />
  <attribute name="DerivativeH" value="-0.566667" />
  <attribute name="Loop Time for DT" value="15.000000" />
  <attribute name="Output H" value="2092630016"/>
  <attribute name="Output I" value="200"/>
  <attribute name="Output T" value="4"/>
  <attribute name="Target GC Util Change" value ="20.000000" />
  <attribute name="Current GC Util Change" value="3.000000"/>
  <attribute name="GC Util currently" value="3" />
  <attribute name="CPU Util currently" value="315880869845" />
<allocation-satisfied id="232" threadId="00000000026B0900" bytesRequested="40" />
<af-end id="233" timestamp="2019-06-16T17:32:38.091" threadId="00000000026B1288" success="true" from="nursery"/>
<exclusive-end id="234" timestamp="2019-06-16T17:32:38.092" durationms="1.001" />

<exclusive-start id="235" timestamp="2019-06-16T17:32:38.151" intervalms="60.523">
  <response-info timems="0.076" idlems="0.076" threads="0" lastid="00000000026B8100" lastname="Thread-7" />
</exclusive-start>
<af-start id="236" threadId="00000000026B8A88" totalBytesRequested="40" timestamp="2019-06-16T17:32:38.151" intervalms="60.628" type="nursery" />
<cycle-start id="237" type="scavenge" contextid="0" timestamp="2019-06-16T17:32:38.151" intervalms="60.676" />
<gc-start id="238" type="scavenge" contextid="237" timestamp="2019-06-16T17:32:38.152">
  <mem-info id="239" free="2289960" total="8912896" percent="25">
    <mem type="nursery" free="0" total="2621440" percent="0">
      <mem type="allocate" free="0" total="2031616" percent="0" />
      <mem type="survivor" free="0" total="589824" percent="0" />
    </mem>
    <mem type="tenure" free="2289960" total="6291456" percent="36">
      <mem type="soa" free="1975592" total="5977088" percent="33" />
      <mem type="loa" free="314368" total="314368" percent="100" />
    </mem>
    <remembered-set count="198" />
  </mem-info>
</gc-start>
<allocation-stats totalBytes="1823064" >
  <allocated-bytes non-tlh="182712" tlh="1640352" />
  <largest-consumer threadName="Thread-7" threadId="00000000026B8100" bytes="1631512" />
</allocation-stats>
<gc-op id="240" type="scavenge" timems="2.105" contextid="237" timestamp="2019-06-16T17:32:38.154">
  <scavenger-info tenureage="4" tenuremask="7ff0" tiltratio="77" />
  <memory-copied type="nursery" objects="5542" bytes="428496" bytesdiscarded="104408" />
</gc-op>
<gc-end id="241" type="scavenge" contextid="237" durationms="2.470" usertimems="4.000" systemtimems="0.000" timestamp="2019-06-16T17:32:38.154" activeThreads="4">
  <mem-info id="242" free="3657560" total="8912896" percent="41">
    <mem type="nursery" free="1367600" total="2621440" percent="52">
      <mem type="allocate" free="1367600" total="1900544" percent="71" />
      <mem type="survivor" free="0" total="720896" percent="0" />
    </mem>
    <mem type="tenure" free="2289960" total="6291456" percent="36">
      <mem type="soa" free="1975592" total="5977088" percent="33" />
      <mem type="loa" free="314368" total="314368" percent="100" />
    </mem>
    <remembered-set count="152" />
  </mem-info>
</gc-end>
<cycle-end id="243" type="scavenge" contextid="237" timestamp="2019-06-16T17:32:38.154" />
  <attribute name="elasticGC enabled" value="1" />
  <attribute name= "numThreadsSpecified" value="4" />
  <attribute name="heapSize specified" value="8388608" />
  <attribute name="Current GC Util" value="1" />
  <attribute name= "Current Time Running" value="717" />
  <attribute name ="GC Interval" value="200" />
  <attribute name="ProportionalT" value="-19.000000" />
  <attribute name="ProportionalI" value="-19.000000" />
  <attribute name="ProportionalH" value="-19.000000" />
  <attribute name="Current Error" value="-19.000000" />
  <attribute name="IntegralT" value="-1159.000000" />
  <attribute name="IntegralI" value="-1159.000000" />
  <attribute name="IntegralH" value="-1159.000000" />
  <attribute name="DerivativeT" value="-0.155738" />
  <attribute name="DerivativeI" value="-0.155738" />
  <attribute name="DerivativeH" value="-0.155738" />
  <attribute name="Loop Time for DT" value="61.000000" />
  <attribute name="Output H" value="2092630016"/>
  <attribute name="Output I" value="200"/>
  <attribute name="Output T" value="4"/>
  <attribute name="Target GC Util Change" value ="20.000000" />
  <attribute name="Current GC Util Change" value="1.000000"/>
  <attribute name="GC Util currently" value="1" />
  <attribute name="CPU Util currently" value="48" />
<allocation-satisfied id="244" threadId="00000000026B8100" bytesRequested="40" />
<af-end id="245" timestamp="2019-06-16T17:32:38.154" threadId="00000000026B8A88" success="true" from="nursery"/>
<exclusive-end id="246" timestamp="2019-06-16T17:32:38.154" durationms="3.321" />

<exclusive-start id="247" timestamp="2019-06-16T17:32:38.168" intervalms="17.320">
  <response-info timems="0.039" idlems="0.039" threads="0" lastid="00000000026B8100" lastname="Thread-7" />
</exclusive-start>
<af-start id="248" threadId="00000000026B8A88" totalBytesRequested="40" timestamp="2019-06-16T17:32:38.169" intervalms="17.305" type="nursery" />
<cycle-start id="249" type="scavenge" contextid="0" timestamp="2019-06-16T17:32:38.169" intervalms="17.296" />
<gc-start id="250" type="scavenge" contextid="249" timestamp="2019-06-16T17:32:38.169">
  <mem-info id="251" free="2289960" total="8912896" percent="25">
    <mem type="nursery" free="0" total="2621440" percent="0">
      <mem type="allocate" free="0" total="1900544" percent="0" />
      <mem type="survivor" free="0" total="720896" percent="0" />
    </mem>
    <mem type="tenure" free="2289960" total="6291456" percent="36">
      <mem type="soa" free="1975592" total="5977088" percent="33" />
      <mem type="loa" free="314368" total="314368" percent="100" />
    </mem>
    <remembered-set count="152" />
  </mem-info>
</gc-start>
<allocation-stats totalBytes="1367416" >
  <allocated-bytes non-tlh="40" tlh="1367376" />
  <largest-consumer threadName="Thread-7" threadId="00000000026B8100" bytes="1367416" />
</allocation-stats>
<gc-op id="252" type="scavenge" timems="2.157" contextid="249" timestamp="2019-06-16T17:32:38.171">
  <scavenger-info tenureage="2" tenuremask="7ff4" tiltratio="72" />
  <memory-copied type="nursery" objects="5030" bytes="258632" bytesdiscarded="43184" />
  <memory-copied type="tenure" objects="644" bytes="173032" bytesdiscarded="0" />
</gc-op>
<heap-resize id="253" type="expand" space="nursery" amount="262144" count="1" timems="0.014" reason="excessive time being spent scavenging" timestamp="2019-06-16T17:32:38.171" />
<gc-end id="254" type="scavenge" contextid="249" durationms="2.617" usertimems="4.000" systemtimems="4.000" timestamp="2019-06-16T17:32:38.171" activeThreads="4">
  <mem-info id="255" free="3957584" total="9175040" percent="43">
    <mem type="nursery" free="1860864" total="2883584" percent="64">
      <mem type="allocate" free="1860864" total="2162688" percent="86" />
      <mem type="survivor" free="0" total="720896" percent="0" />
    </mem>
    <mem type="tenure" free="2096720" total="6291456" percent="33">
      <mem type="soa" free="1782352" total="5977088" percent="29" />
      <mem type="loa" free="314368" total="314368" percent="100" />
    </mem>
    <remembered-set count="81" />
  </mem-info>
</gc-end>
<cycle-end id="256" type="scavenge" contextid="249" timestamp="2019-06-16T17:32:38.172" />
  <attribute name="elasticGC enabled" value="1" />
  <attribute name= "numThreadsSpecified" value="4" />
  <attribute name="heapSize specified" value="8388608" />
  <attribute name="Current GC Util" value="14" />
  <attribute name= "Current Time Running" value="734" />
  <attribute name ="GC Interval" value="200" />
  <attribute name="ProportionalT" value="-6.000000" />
  <attribute name="ProportionalI" value="-6.000000" />
  <attribute name="ProportionalH" value="-6.000000" />
  <attribute name="Current Error" value="-6.000000" />
  <attribute name="IntegralT" value="-102.000000" />
  <attribute name="IntegralI" value="-102.000000" />
  <attribute name="IntegralH" value="-102.000000" />
  <attribute name="DerivativeT" value="-0.176471" />
  <attribute name="DerivativeI" value="-0.176471" />
  <attribute name="DerivativeH" value="-0.176471" />
  <attribute name="Loop Time for DT" value="17.000000" />
  <attribute name="Output H" value="2092630016"/>
  <attribute name="Output I" value="200"/>
  <attribute name="Output T" value="4"/>
  <attribute name="Target GC Util Change" value ="20.000000" />
  <attribute name="Current GC Util Change" value="14.000000"/>
  <attribute name="GC Util currently" value="14" />
  <attribute name="CPU Util currently" value="6" />
<allocation-satisfied id="257" threadId="00000000026B8100" bytesRequested="40" />
<af-end id="258" timestamp="2019-06-16T17:32:38.172" threadId="00000000026B8A88" success="true" from="nursery"/>
<exclusive-end id="259" timestamp="2019-06-16T17:32:38.172" durationms="3.318" />

<exclusive-start id="260" timestamp="2019-06-16T17:32:38.188" intervalms="19.390">
  <response-info timems="0.032" idlems="0.032" threads="0" lastid="00000000026B8100" lastname="Thread-7" />
</exclusive-start>
<af-start id="261" threadId="00000000026B8A88" totalBytesRequested="40" timestamp="2019-06-16T17:32:38.188" intervalms="19.377" type="nursery" />
<cycle-start id="262" type="scavenge" contextid="0" timestamp="2019-06-16T17:32:38.188" intervalms="19.387" />
<gc-start id="263" type="scavenge" contextid="262" timestamp="2019-06-16T17:32:38.188">
  <mem-info id="264" free="2096720" total="9175040" percent="22">
    <mem type="nursery" free="0" total="2883584" percent="0">
      <mem type="allocate" free="0" total="2162688" percent="0" />
      <mem type="survivor" free="0" total="720896" percent="0" />
    </mem>
    <mem type="tenure" free="2096720" total="6291456" percent="33">
      <mem type="soa" free="1782352" total="5977088" percent="29" />
      <mem type="loa" free="314368" total="314368" percent="100" />
    </mem>
    <remembered-set count="81" />
  </mem-info>
</gc-start>
<allocation-stats totalBytes="1860640" >
  <allocated-bytes non-tlh="40" tlh="1860600" />
  <largest-consumer threadName="Thread-7" threadId="00000000026B8100" bytes="1860640" />
</allocation-stats>
<gc-op id="265" type="scavenge" timems="2.152" contextid="262" timestamp="2019-06-16T17:32:38.191">
  <scavenger-info tenureage="2" tenuremask="7ff4" tiltratio="75" />
  <memory-copied type="nursery" objects="286" bytes="7144" bytesdiscarded="32024" />
  <memory-copied type="tenure" objects="4823" bytes="253288" bytesdiscarded="760" />
</gc-op>
<heap-resize id="266" type="expand" space="nursery" amount="131072" count="1" timems="0.014" reason="excessive time being spent scavenging" timestamp="2019-06-16T17:32:38.191" />
<gc-end id="267" type="scavenge" contextid="262" durationms="2.633" usertimems="8.000" systemtimems="0.000" timestamp="2019-06-16T17:32:38.191" activeThreads="4">
  <mem-info id="268" free="4163912" total="9306112" percent="44">
    <mem type="nursery" free="2320128" total="3014656" percent="76">
      <mem type="allocate" free="2320128" total="2359296" percent="98" />
      <mem type="survivor" free="0" total="655360" percent="0" />
    </mem>
    <mem type="tenure" free="1843784" total="6291456" percent="29">
      <mem type="soa" free="1529416" total="5977088" percent="25" />
      <mem type="loa" free="314368" total="314368" percent="100" />
    </mem>
    <remembered-set count="307" />
  </mem-info>
</gc-end>
<cycle-end id="269" type="scavenge" contextid="262" timestamp="2019-06-16T17:32:38.191" />
  <attribute name="elasticGC enabled" value="1" />
  <attribute name= "numThreadsSpecified" value="4" />
  <attribute name="heapSize specified" value="8388608" />
  <attribute name="Current GC Util" value="13" />
  <attribute name= "Current Time Running" value="754" />
  <attribute name ="GC Interval" value="200" />
  <attribute name="ProportionalT" value="-7.000000" />
  <attribute name="ProportionalI" value="-7.000000" />
  <attribute name="ProportionalH" value="-7.000000" />
  <attribute name="Current Error" value="-7.000000" />
  <attribute name="IntegralT" value="-140.000000" />
  <attribute name="IntegralI" value="-140.000000" />
  <attribute name="IntegralH" value="-140.000000" />
  <attribute name="DerivativeT" value="-0.175000" />
  <attribute name="DerivativeI" value="-0.175000" />
  <attribute name="DerivativeH" value="-0.175000" />
  <attribute name="Loop Time for DT" value="20.000000" />
  <attribute name="Output H" value="2092630016"/>
  <attribute name="Output I" value="200"/>
  <attribute name="Output T" value="4"/>
  <attribute name="Target GC Util Change" value ="20.000000" />
  <attribute name="Current GC Util Change" value="13.000000"/>
  <attribute name="GC Util currently" value="13" />
  <attribute name="CPU Util currently" value="2" />
<allocation-satisfied id="270" threadId="00000000026B8100" bytesRequested="40" />
<af-end id="271" timestamp="2019-06-16T17:32:38.191" threadId="00000000026B8A88" success="true" from="nursery"/>
<exclusive-end id="272" timestamp="2019-06-16T17:32:38.191" durationms="3.366" />

<exclusive-start id="273" timestamp="2019-06-16T17:32:38.207" intervalms="19.490">
  <response-info timems="0.039" idlems="0.039" threads="0" lastid="00000000026B8100" lastname="Thread-7" />
</exclusive-start>
<af-start id="274" threadId="00000000026B8A88" totalBytesRequested="40" timestamp="2019-06-16T17:32:38.207" intervalms="19.476" type="nursery" />
<cycle-start id="275" type="scavenge" contextid="0" timestamp="2019-06-16T17:32:38.208" intervalms="19.474" />
<gc-start id="276" type="scavenge" contextid="275" timestamp="2019-06-16T17:32:38.208">
  <mem-info id="277" free="1843784" total="9306112" percent="19">
    <mem type="nursery" free="0" total="3014656" percent="0">
      <mem type="allocate" free="0" total="2359296" percent="0" />
      <mem type="survivor" free="0" total="655360" percent="0" />
    </mem>
    <mem type="tenure" free="1843784" total="6291456" percent="29">
      <mem type="soa" free="1529416" total="5977088" percent="25" />
      <mem type="loa" free="314368" total="314368" percent="100" />
    </mem>
    <remembered-set count="473" />
  </mem-info>
</gc-start>
<allocation-stats totalBytes="2319848" >
  <allocated-bytes non-tlh="40" tlh="2319808" />
  <largest-consumer threadName="Thread-7" threadId="00000000026B8100" bytes="2319848" />
</allocation-stats>
<gc-op id="278" type="scavenge" timems="1.878" contextid="275" timestamp="2019-06-16T17:32:38.210">
  <scavenger-info tenureage="5" tenuremask="7fe0" tiltratio="78" />
  <memory-copied type="nursery" objects="475" bytes="11776" bytesdiscarded="88832" />
</gc-op>
<heap-resize id="279" type="expand" space="nursery" amount="262144" count="1" timems="0.013" reason="excessive time being spent scavenging" timestamp="2019-06-16T17:32:38.210" />
<gc-end id="280" type="scavenge" contextid="275" durationms="2.343" usertimems="4.000" systemtimems="0.000" timestamp="2019-06-16T17:32:38.210" activeThreads="4">
  <mem-info id="281" free="4430152" total="9568256" percent="46">
    <mem type="nursery" free="2586368" total="3276800" percent="78">
      <mem type="allocate" free="2586368" total="2686976" percent="96" />
      <mem type="survivor" free="0" total="589824" percent="0" />
    </mem>
    <mem type="tenure" free="1843784" total="6291456" percent="29">
      <mem type="soa" free="1529416" total="5977088" percent="25" />
      <mem type="loa" free="314368" total="314368" percent="100" />
    </mem>
    <remembered-set count="471" />
  </mem-info>
</gc-end>
<cycle-end id="282" type="scavenge" contextid="275" timestamp="2019-06-16T17:32:38.210" />
  <attribute name="elasticGC enabled" value="1" />
  <attribute name= "numThreadsSpecified" value="4" />
  <attribute name="heapSize specified" value="8388608" />
  <attribute name="Current GC Util" value="12" />
  <attribute name= "Current Time Running" value="773" />
  <attribute name ="GC Interval" value="200" />
  <attribute name="ProportionalT" value="-8.000000" />
  <attribute name="ProportionalI" value="-8.000000" />
  <attribute name="ProportionalH" value="-8.000000" />
  <attribute name="Current Error" value="-8.000000" />
  <attribute name="IntegralT" value="-152.000000" />
  <attribute name="IntegralI" value="-152.000000" />
  <attribute name="IntegralH" value="-152.000000" />
  <attribute name="DerivativeT" value="-0.210526" />
  <attribute name="DerivativeI" value="-0.210526" />
  <attribute name="DerivativeH" value="-0.210526" />
  <attribute name="Loop Time for DT" value="19.000000" />
  <attribute name="Output H" value="2092630016"/>
  <attribute name="Output I" value="200"/>
  <attribute name="Output T" value="4"/>
  <attribute name="Target GC Util Change" value ="20.000000" />
  <attribute name="Current GC Util Change" value="12.000000"/>
  <attribute name="GC Util currently" value="12" />
  <attribute name="CPU Util currently" value="236677018218" />
<allocation-satisfied id="283" threadId="00000000026B8100" bytesRequested="40" />
<af-end id="284" timestamp="2019-06-16T17:32:38.210" threadId="00000000026B8A88" success="true" from="nursery"/>
<exclusive-end id="285" timestamp="2019-06-16T17:32:38.210" durationms="3.125" />

<exclusive-start id="286" timestamp="2019-06-16T17:32:38.226" intervalms="18.815">
  <response-info timems="0.036" idlems="0.036" threads="0" lastid="00000000026B8100" lastname="Thread-7" />
</exclusive-start>
<af-start id="287" threadId="00000000026B8A88" totalBytesRequested="40" timestamp="2019-06-16T17:32:38.226" intervalms="18.839" type="nursery" />
<cycle-start id="288" type="scavenge" contextid="0" timestamp="2019-06-16T17:32:38.226" intervalms="18.833" />
<gc-start id="289" type="scavenge" contextid="288" timestamp="2019-06-16T17:32:38.226">
  <mem-info id="290" free="1843784" total="9568256" percent="19">
    <mem type="nursery" free="0" total="3276800" percent="0">
      <mem type="allocate" free="0" total="2686976" percent="0" />
      <mem type="survivor" free="0" total="589824" percent="0" />
    </mem>
    <mem type="tenure" free="1843784" total="6291456" percent="29">
      <mem type="soa" free="1529416" total="5977088" percent="25" />
      <mem type="loa" free="314368" total="314368" percent="100" />
    </mem>
    <remembered-set count="581" />
  </mem-info>
</gc-start>
<allocation-stats totalBytes="2585976" >
  <allocated-bytes non-tlh="40" tlh="2585936" />
  <largest-consumer threadName="Thread-7" threadId="00000000026B8100" bytes="2585976" />
</allocation-stats>
<gc-op id="291" type="scavenge" timems="1.862" contextid="288" timestamp="2019-06-16T17:32:38.229">
  <scavenger-info tenureage="6" tenuremask="7fc0" tiltratio="82" />
  <memory-copied type="nursery" objects="585" bytes="14416" bytesdiscarded="86192" />
</gc-op>
<heap-resize id="292" type="expand" space="nursery" amount="262144" count="1" timems="0.013" reason="excessive time being spent scavenging" timestamp="2019-06-16T17:32:38.229" />
<gc-end id="293" type="scavenge" contextid="288" durationms="2.284" usertimems="0.000" systemtimems="4.000" timestamp="2019-06-16T17:32:38.229" activeThreads="4">
  <mem-info id="294" free="4823368" total="9830400" percent="49">
    <mem type="nursery" free="2979584" total="3538944" percent="84">
      <mem type="allocate" free="2979584" total="3080192" percent="96" />
      <mem type="survivor" free="0" total="458752" percent="0" />
    </mem>
    <mem type="tenure" free="1843784" total="6291456" percent="29">
      <mem type="soa" free="1529416" total="5977088" percent="25" />
      <mem type="loa" free="314368" total="314368" percent="100" />
    </mem>
    <remembered-set count="581" />
  </mem-info>
</gc-end>
<cycle-end id="295" type="scavenge" contextid="288" timestamp="2019-06-16T17:32:38.229" />
  <attribute name="elasticGC enabled" value="1" />
  <attribute name= "numThreadsSpecified" value="4" />
  <attribute name="heapSize specified" value="8388608" />
  <attribute name="Current GC Util" value="11" />
  <attribute name= "Current Time Running" value="792" />
  <attribute name ="GC Interval" value="200" />
  <attribute name="ProportionalT" value="-9.000000" />
  <attribute name="ProportionalI" value="-9.000000" />
  <attribute name="ProportionalH" value="-9.000000" />
  <attribute name="Current Error" value="-9.000000" />
  <attribute name="IntegralT" value="-171.000000" />
  <attribute name="IntegralI" value="-171.000000" />
  <attribute name="IntegralH" value="-171.000000" />
  <attribute name="DerivativeT" value="-0.236842" />
  <attribute name="DerivativeI" value="-0.236842" />
  <attribute name="DerivativeH" value="-0.236842" />
  <attribute name="Loop Time for DT" value="19.000000" />
  <attribute name="Output H" value="2092630016"/>
  <attribute name="Output I" value="200"/>
  <attribute name="Output T" value="4"/>
  <attribute name="Target GC Util Change" value ="20.000000" />
  <attribute name="Current GC Util Change" value="11.000000"/>
  <attribute name="GC Util currently" value="11" />
  <attribute name="CPU Util currently" value="245673676377" />
<allocation-satisfied id="296" threadId="00000000026B8100" bytesRequested="40" />
<af-end id="297" timestamp="2019-06-16T17:32:38.229" threadId="00000000026B8A88" success="true" from="nursery"/>
<exclusive-end id="298" timestamp="2019-06-16T17:32:38.229" durationms="3.210" />

<exclusive-start id="299" timestamp="2019-06-16T17:32:38.243" intervalms="16.757">
  <response-info timems="0.047" idlems="0.047" threads="0" lastid="00000000026B8100" lastname="Thread-7" />
</exclusive-start>
<af-start id="300" threadId="00000000026B8A88" totalBytesRequested="24" timestamp="2019-06-16T17:32:38.243" intervalms="16.728" type="nursery" />
<cycle-start id="301" type="scavenge" contextid="0" timestamp="2019-06-16T17:32:38.243" intervalms="16.728" />
<gc-start id="302" type="scavenge" contextid="301" timestamp="2019-06-16T17:32:38.243">
  <mem-info id="303" free="1843784" total="9830400" percent="18">
    <mem type="nursery" free="0" total="3538944" percent="0">
      <mem type="allocate" free="0" total="3080192" percent="0" />
      <mem type="survivor" free="0" total="458752" percent="0" />
    </mem>
    <mem type="tenure" free="1843784" total="6291456" percent="29">
      <mem type="soa" free="1529416" total="5977088" percent="25" />
      <mem type="loa" free="314368" total="314368" percent="100" />
    </mem>
    <remembered-set count="710" />
  </mem-info>
</gc-start>
<allocation-stats totalBytes="2979152" >
  <allocated-bytes non-tlh="40" tlh="2979112" />
  <largest-consumer threadName="Thread-7" threadId="00000000026B8100" bytes="2979152" />
</allocation-stats>
<gc-op id="304" type="scavenge" timems="1.855" contextid="301" timestamp="2019-06-16T17:32:38.245">
  <scavenger-info tenureage="7" tenuremask="7f80" tiltratio="87" />
  <memory-copied type="nursery" objects="643" bytes="15552" bytesdiscarded="85056" />
</gc-op>
<heap-resize id="305" type="expand" space="nursery" amount="262144" count="1" timems="0.014" reason="excessive time being spent scavenging" timestamp="2019-06-16T17:32:38.245" />
<gc-end id="306" type="scavenge" contextid="301" durationms="2.395" usertimems="4.000" systemtimems="0.000" timestamp="2019-06-16T17:32:38.246" activeThreads="4">
  <mem-info id="307" free="5085512" total="10092544" percent="50">
    <mem type="nursery" free="3241728" total="3801088" percent="85">
      <mem type="allocate" free="3241728" total="3342336" percent="96" />
      <mem type="survivor" free="0" total="458752" percent="0" />
    </mem>
    <mem type="tenure" free="1843784" total="6291456" percent="29">
      <mem type="soa" free="1529416" total="5977088" percent="25" />
      <mem type="loa" free="314368" total="314368" percent="100" />
    </mem>
    <remembered-set count="710" />
  </mem-info>
</gc-end>
<cycle-end id="308" type="scavenge" contextid="301" timestamp="2019-06-16T17:32:38.246" />
  <attribute name="elasticGC enabled" value="1" />
  <attribute name= "numThreadsSpecified" value="4" />
  <attribute name="heapSize specified" value="8388608" />
  <attribute name="Current GC Util" value="13" />
  <attribute name= "Current Time Running" value="809" />
  <attribute name ="GC Interval" value="200" />
  <attribute name="ProportionalT" value="-7.000000" />
  <attribute name="ProportionalI" value="-7.000000" />
  <attribute name="ProportionalH" value="-7.000000" />
  <attribute name="Current Error" value="-7.000000" />
  <attribute name="IntegralT" value="-119.000000" />
  <attribute name="IntegralI" value="-119.000000" />
  <attribute name="IntegralH" value="-119.000000" />
  <attribute name="DerivativeT" value="-0.205882" />
  <attribute name="DerivativeI" value="-0.205882" />
  <attribute name="DerivativeH" value="-0.205882" />
  <attribute name="Loop Time for DT" value="17.000000" />
  <attribute name="Output H" value="2092630016"/>
  <attribute name="Output I" value="200"/>
  <attribute name="Output T" value="4"/>
  <attribute name="Target GC Util Change" value ="20.000000" />
  <attribute name="Current GC Util Change" value="13.000000"/>
  <attribute name="GC Util currently" value="13" />
  <attribute name="CPU Util currently" value="274103672422" />
<allocation-satisfied id="309" threadId="00000000026B8100" bytesRequested="24" />
<af-end id="310" timestamp="2019-06-16T17:32:38.246" threadId="00000000026B8A88" success="true" from="nursery"/>
<exclusive-end id="311" timestamp="2019-06-16T17:32:38.246" durationms="3.199" />

<exclusive-start id="312" timestamp="2019-06-16T17:32:38.258" intervalms="15.515">
  <response-info timems="0.032" idlems="0.032" threads="0" lastid="00000000026B8100" lastname="Thread-7" />
</exclusive-start>
<af-start id="313" threadId="00000000026B8A88" totalBytesRequested="40" timestamp="2019-06-16T17:32:38.258" intervalms="15.450" type="nursery" />
<cycle-start id="314" type="scavenge" contextid="0" timestamp="2019-06-16T17:32:38.259" intervalms="15.408" />
<gc-start id="315" type="scavenge" contextid="314" timestamp="2019-06-16T17:32:38.259">
  <mem-info id="316" free="1843784" total="10092544" percent="18">
    <mem type="nursery" free="0" total="3801088" percent="0">
      <mem type="allocate" free="0" total="3342336" percent="0" />
      <mem type="survivor" free="0" total="458752" percent="0" />
    </mem>
    <mem type="tenure" free="1843784" total="6291456" percent="29">
      <mem type="soa" free="1529416" total="5977088" percent="25" />
      <mem type="loa" free="314368" total="314368" percent="100" />
    </mem>
    <remembered-set count="846" />
  </mem-info>
</gc-start>
<allocation-stats totalBytes="3241480" >
  <allocated-bytes non-tlh="24" tlh="3241456" />
  <largest-consumer threadName="Thread-7" threadId="00000000026B8100" bytes="3241480" />
</allocation-stats>
<gc-op id="317" type="scavenge" timems="1.927" contextid="314" timestamp="2019-06-16T17:32:38.261">
  <scavenger-info tenureage="4" tenuremask="fff0" tiltratio="87" />
  <memory-copied type="nursery" objects="621" bytes="15296" bytesdiscarded="85312" />
  <memory-copied type="tenure" objects="230" bytes="5520" bytesdiscarded="0" />
</gc-op>
<heap-resize id="318" type="expand" space="nursery" amount="262144" count="1" timems="0.012" reason="excessive time being spent scavenging" timestamp="2019-06-16T17:32:38.261" />
<gc-end id="319" type="scavenge" contextid="314" durationms="2.315" usertimems="0.000" systemtimems="0.000" timestamp="2019-06-16T17:32:38.261" activeThreads="4">
  <mem-info id="320" free="5347656" total="10354688" percent="51">
    <mem type="nursery" free="3503872" total="4063232" percent="86">
      <mem type="allocate" free="3503872" total="3604480" percent="97" />
      <mem type="survivor" free="0" total="458752" percent="0" />
    </mem>
    <mem type="tenure" free="1843784" total="6291456" percent="29">
      <mem type="soa" free="1529416" total="5977088" percent="25" />
      <mem type="loa" free="314368" total="314368" percent="100" />
    </mem>
    <remembered-set count="616" />
  </mem-info>
</gc-end>
<cycle-end id="321" type="scavenge" contextid="314" timestamp="2019-06-16T17:32:38.261" />
  <attribute name="elasticGC enabled" value="1" />
  <attribute name= "numThreadsSpecified" value="4" />
  <attribute name="heapSize specified" value="8388608" />
  <attribute name="Current GC Util" value="14" />
  <attribute name= "Current Time Running" value="824" />
  <attribute name ="GC Interval" value="200" />
  <attribute name="ProportionalT" value="-6.000000" />
  <attribute name="ProportionalI" value="-6.000000" />
  <attribute name="ProportionalH" value="-6.000000" />
  <attribute name="Current Error" value="-6.000000" />
  <attribute name="IntegralT" value="-90.000000" />
  <attribute name="IntegralI" value="-90.000000" />
  <attribute name="IntegralH" value="-90.000000" />
  <attribute name="DerivativeT" value="-0.200000" />
  <attribute name="DerivativeI" value="-0.200000" />
  <attribute name="DerivativeH" value="-0.200000" />
  <attribute name="Loop Time for DT" value="15.000000" />
  <attribute name="Output H" value="2092630016"/>
  <attribute name="Output I" value="200"/>
  <attribute name="Output T" value="4"/>
  <attribute name="Target GC Util Change" value ="20.000000" />
  <attribute name="Current GC Util Change" value="14.000000"/>
  <attribute name="GC Util currently" value="14" />
  <attribute name="CPU Util currently" value="302101340249" />
<allocation-satisfied id="322" threadId="00000000026B8100" bytesRequested="40" />
<af-end id="323" timestamp="2019-06-16T17:32:38.261" threadId="00000000026B8A88" success="true" from="nursery"/>
<exclusive-end id="324" timestamp="2019-06-16T17:32:38.261" durationms="3.142" />

<exclusive-start id="325" timestamp="2019-06-16T17:32:38.272" intervalms="13.656">
  <response-info timems="0.068" idlems="0.068" threads="0" lastid="00000000026B8100" lastname="Thread-7" />
</exclusive-start>
<af-start id="326" threadId="00000000026B8A88" totalBytesRequested="40" timestamp="2019-06-16T17:32:38.272" intervalms="13.667" type="nursery" />
<cycle-start id="327" type="scavenge" contextid="0" timestamp="2019-06-16T17:32:38.272" intervalms="13.662" />
<gc-start id="328" type="scavenge" contextid="327" timestamp="2019-06-16T17:32:38.272">
  <mem-info id="329" free="1843784" total="10354688" percent="17">
    <mem type="nursery" free="0" total="4063232" percent="0">
      <mem type="allocate" free="0" total="3604480" percent="0" />
      <mem type="survivor" free="0" total="458752" percent="0" />
    </mem>
    <mem type="tenure" free="1843784" total="6291456" percent="29">
      <mem type="soa" free="1529416" total="5977088" percent="25" />
      <mem type="loa" free="314368" total="314368" percent="100" />
    </mem>
    <remembered-set count="772" />
  </mem-info>
</gc-start>
<allocation-stats totalBytes="3503384" >
  <allocated-bytes non-tlh="40" tlh="3503344" />
  <largest-consumer threadName="Thread-7" threadId="00000000026B8100" bytes="3503384" />
</allocation-stats>
<gc-op id="330" type="scavenge" timems="1.806" contextid="327" timestamp="2019-06-16T17:32:38.274">
  <scavenger-info tenureage="3" tenuremask="ff88" tiltratio="88" />
  <memory-copied type="nursery" objects="665" bytes="16352" bytesdiscarded="84256" />
  <memory-copied type="tenure" objects="112" bytes="2688" bytesdiscarded="0" />
</gc-op>
<heap-resize id="331" type="expand" space="nursery" amount="393216" count="1" timems="0.042" reason="excessive time being spent scavenging" timestamp="2019-06-16T17:32:38.274" />
<gc-end id="332" type="scavenge" contextid="327" durationms="2.261" usertimems="0.000" systemtimems="4.000" timestamp="2019-06-16T17:32:38.275" activeThreads="4">
  <mem-info id="333" free="5574728" total="10747904" percent="51">
    <mem type="nursery" free="3831552" total="4456448" percent="85">
      <mem type="allocate" free="3831552" total="3932160" percent="97" />
      <mem type="survivor" free="0" total="524288" percent="0" />
    </mem>
    <mem type="tenure" free="1743176" total="6291456" percent="27">
      <mem type="soa" free="1428808" total="5977088" percent="23" />
      <mem type="loa" free="314368" total="314368" percent="100" />
    </mem>
    <remembered-set count="660" />
  </mem-info>
</gc-end>
<cycle-end id="334" type="scavenge" contextid="327" timestamp="2019-06-16T17:32:38.275" />
  <attribute name="elasticGC enabled" value="1" />
  <attribute name= "numThreadsSpecified" value="4" />
  <attribute name="heapSize specified" value="8388608" />
  <attribute name="Current GC Util" value="16" />
  <attribute name= "Current Time Running" value="838" />
  <attribute name ="GC Interval" value="200" />
  <attribute name="ProportionalT" value="-4.000000" />
  <attribute name="ProportionalI" value="-4.000000" />
  <attribute name="ProportionalH" value="-4.000000" />
  <attribute name="Current Error" value="-4.000000" />
  <attribute name="IntegralT" value="-56.000000" />
  <attribute name="IntegralI" value="-56.000000" />
  <attribute name="IntegralH" value="-56.000000" />
  <attribute name="DerivativeT" value="-0.142857" />
  <attribute name="DerivativeI" value="-0.142857" />
  <attribute name="DerivativeH" value="-0.142857" />
  <attribute name="Loop Time for DT" value="14.000000" />
  <attribute name="Output H" value="2092630016"/>
  <attribute name="Output I" value="200"/>
  <attribute name="Output T" value="4"/>
  <attribute name="Target GC Util Change" value ="20.000000" />
  <attribute name="Current GC Util Change" value="16.000000"/>
  <attribute name="GC Util currently" value="16" />
  <attribute name="CPU Util currently" value="338588295915" />
<allocation-satisfied id="335" threadId="00000000026B8100" bytesRequested="40" />
<af-end id="336" timestamp="2019-06-16T17:32:38.275" threadId="00000000026B8A88" success="true" from="nursery"/>
<exclusive-end id="337" timestamp="2019-06-16T17:32:38.275" durationms="2.802" />

<exclusive-start id="338" timestamp="2019-06-16T17:32:38.288" intervalms="15.534">
  <response-info timems="0.110" idlems="0.110" threads="0" lastid="00000000026B8100" lastname="Thread-7" />
</exclusive-start>
<af-start id="339" threadId="00000000026B8A88" totalBytesRequested="40" timestamp="2019-06-16T17:32:38.288" intervalms="15.639" type="nursery" />
<cycle-start id="340" type="scavenge" contextid="0" timestamp="2019-06-16T17:32:38.288" intervalms="15.714" />
<gc-start id="341" type="scavenge" contextid="340" timestamp="2019-06-16T17:32:38.288">
  <mem-info id="342" free="1743176" total="10747904" percent="16">
    <mem type="nursery" free="0" total="4456448" percent="0">
      <mem type="allocate" free="0" total="3932160" percent="0" />
      <mem type="survivor" free="0" total="524288" percent="0" />
    </mem>
    <mem type="tenure" free="1743176" total="6291456" percent="27">
      <mem type="soa" free="1428808" total="5977088" percent="23" />
      <mem type="loa" free="314368" total="314368" percent="100" />
    </mem>
    <remembered-set count="870" />
  </mem-info>
</gc-start>
<allocation-stats totalBytes="3831096" >
  <allocated-bytes non-tlh="40" tlh="3831056" />
  <largest-consumer threadName="Thread-7" threadId="00000000026B8100" bytes="3831096" />
</allocation-stats>
<gc-op id="343" type="scavenge" timems="1.892" contextid="340" timestamp="2019-06-16T17:32:38.290">
  <scavenger-info tenureage="3" tenuremask="ffe8" tiltratio="88" />
  <memory-copied type="nursery" objects="560" bytes="13720" bytesdiscarded="187496" />
  <memory-copied type="tenure" objects="293" bytes="7032" bytesdiscarded="0" />
</gc-op>
<heap-resize id="344" type="expand" space="nursery" amount="262144" count="1" timems="0.016" reason="excessive time being spent scavenging" timestamp="2019-06-16T17:32:38.290" />
<gc-end id="345" type="scavenge" contextid="340" durationms="2.439" usertimems="4.000" systemtimems="0.000" timestamp="2019-06-16T17:32:38.290" activeThreads="4">
  <mem-info id="346" free="5736264" total="11010048" percent="52">
    <mem type="nursery" free="3993088" total="4718592" percent="84">
      <mem type="allocate" free="3993088" total="4194304" percent="95" />
      <mem type="survivor" free="0" total="524288" percent="0" />
    </mem>
    <mem type="tenure" free="1743176" total="6291456" percent="27">
      <mem type="soa" free="1428808" total="5977088" percent="23" />
      <mem type="loa" free="314368" total="314368" percent="100" />
    </mem>
    <remembered-set count="577" />
  </mem-info>
</gc-end>
<cycle-end id="347" type="scavenge" contextid="340" timestamp="2019-06-16T17:32:38.291" />
  <attribute name="elasticGC enabled" value="1" />
  <attribute name= "numThreadsSpecified" value="4" />
  <attribute name="heapSize specified" value="8388608" />
  <attribute name="Current GC Util" value="13" />
  <attribute name= "Current Time Running" value="853" />
  <attribute name ="GC Interval" value="200" />
  <attribute name="ProportionalT" value="-7.000000" />
  <attribute name="ProportionalI" value="-7.000000" />
  <attribute name="ProportionalH" value="-7.000000" />
  <attribute name="Current Error" value="-7.000000" />
  <attribute name="IntegralT" value="-105.000000" />
  <attribute name="IntegralI" value="-105.000000" />
  <attribute name="IntegralH" value="-105.000000" />
  <attribute name="DerivativeT" value="-0.233333" />
  <attribute name="DerivativeI" value="-0.233333" />
  <attribute name="DerivativeH" value="-0.233333" />
  <attribute name="Loop Time for DT" value="15.000000" />
  <attribute name="Output H" value="2092630016"/>
  <attribute name="Output I" value="200"/>
  <attribute name="Output T" value="4"/>
  <attribute name="Target GC Util Change" value ="20.000000" />
  <attribute name="Current GC Util Change" value="13.000000"/>
  <attribute name="GC Util currently" value="13" />
  <attribute name="CPU Util currently" value="289614989163" />
<allocation-satisfied id="348" threadId="00000000026B8100" bytesRequested="40" />
<af-end id="349" timestamp="2019-06-16T17:32:38.291" threadId="00000000026B8A88" success="true" from="nursery"/>
<exclusive-end id="350" timestamp="2019-06-16T17:32:38.291" durationms="3.212" />

<exclusive-start id="351" timestamp="2019-06-16T17:32:38.304" intervalms="16.838">
  <response-info timems="0.031" idlems="0.031" threads="0" lastid="00000000026B8100" lastname="Thread-7" />
</exclusive-start>
<af-start id="352" threadId="00000000026B8A88" totalBytesRequested="40" timestamp="2019-06-16T17:32:38.305" intervalms="16.799" type="nursery" />
<cycle-start id="353" type="scavenge" contextid="0" timestamp="2019-06-16T17:32:38.305" intervalms="16.777" />
<gc-start id="354" type="scavenge" contextid="353" timestamp="2019-06-16T17:32:38.305">
  <mem-info id="355" free="1743176" total="11010048" percent="15">
    <mem type="nursery" free="0" total="4718592" percent="0">
      <mem type="allocate" free="0" total="4194304" percent="0" />
      <mem type="survivor" free="0" total="524288" percent="0" />
    </mem>
    <mem type="tenure" free="1743176" total="6291456" percent="27">
      <mem type="soa" free="1428808" total="5977088" percent="23" />
      <mem type="loa" free="314368" total="314368" percent="100" />
    </mem>
    <remembered-set count="811" />
  </mem-info>
</gc-start>
<allocation-stats totalBytes="3992600" >
  <allocated-bytes non-tlh="40" tlh="3992560" />
  <largest-consumer threadName="Thread-7" threadId="00000000026B8100" bytes="3992600" />
</allocation-stats>
<gc-op id="356" type="scavenge" timems="1.862" contextid="353" timestamp="2019-06-16T17:32:38.307">
  <scavenger-info tenureage="3" tenuremask="ffa8" tiltratio="88" />
  <memory-copied type="nursery" objects="612" bytes="14824" bytesdiscarded="85784" />
  <memory-copied type="tenure" objects="140" bytes="3360" bytesdiscarded="0" />
</gc-op>
<heap-resize id="357" type="expand" space="nursery" amount="262144" count="1" timems="0.030" reason="excessive time being spent scavenging" timestamp="2019-06-16T17:32:38.307" />
<gc-end id="358" type="scavenge" contextid="353" durationms="2.332" usertimems="8.000" systemtimems="0.000" timestamp="2019-06-16T17:32:38.307" activeThreads="4">
  <mem-info id="359" free="6033480" total="11272192" percent="53">
    <mem type="nursery" free="4290304" total="4980736" percent="86">
      <mem type="allocate" free="4290304" total="4390912" percent="97" />
      <mem type="survivor" free="0" total="589824" percent="0" />
    </mem>
    <mem type="tenure" free="1743176" total="6291456" percent="27">
      <mem type="soa" free="1428808" total="5977088" percent="23" />
      <mem type="loa" free="314368" total="314368" percent="100" />
    </mem>
    <remembered-set count="671" />
  </mem-info>
</gc-end>
<cycle-end id="360" type="scavenge" contextid="353" timestamp="2019-06-16T17:32:38.307" />
  <attribute name="elasticGC enabled" value="1" />
  <attribute name= "numThreadsSpecified" value="4" />
  <attribute name="heapSize specified" value="8388608" />
  <attribute name="Current GC Util" value="13" />
  <attribute name= "Current Time Running" value="870" />
  <attribute name ="GC Interval" value="200" />
  <attribute name="ProportionalT" value="-7.000000" />
  <attribute name="ProportionalI" value="-7.000000" />
  <attribute name="ProportionalH" value="-7.000000" />
  <attribute name="Current Error" value="-7.000000" />
  <attribute name="IntegralT" value="-119.000000" />
  <attribute name="IntegralI" value="-119.000000" />
  <attribute name="IntegralH" value="-119.000000" />
  <attribute name="DerivativeT" value="-0.205882" />
  <attribute name="DerivativeI" value="-0.205882" />
  <attribute name="DerivativeH" value="-0.205882" />
  <attribute name="Loop Time for DT" value="17.000000" />
  <attribute name="Output H" value="2092630016"/>
  <attribute name="Output I" value="200"/>
  <attribute name="Output T" value="4"/>
  <attribute name="Target GC Util Change" value ="20.000000" />
  <attribute name="Current GC Util Change" value="13.000000"/>
  <attribute name="GC Util currently" value="13" />
  <attribute name="CPU Util currently" value="275828126389" />
<allocation-satisfied id="361" threadId="00000000026B8100" bytesRequested="40" />
<af-end id="362" timestamp="2019-06-16T17:32:38.307" threadId="00000000026B8A88" success="true" from="nursery"/>
<exclusive-end id="363" timestamp="2019-06-16T17:32:38.307" durationms="3.043" />

<exclusive-start id="364" timestamp="2019-06-16T17:32:38.323" intervalms="19.081">
  <response-info timems="0.063" idlems="0.063" threads="0" lastid="00000000026B8100" lastname="Thread-7" />
</exclusive-start>
<af-start id="365" threadId="00000000026B8A88" totalBytesRequested="40" timestamp="2019-06-16T17:32:38.324" intervalms="19.032" type="nursery" />
<cycle-start id="366" type="scavenge" contextid="0" timestamp="2019-06-16T17:32:38.324" intervalms="19.032" />
<gc-start id="367" type="scavenge" contextid="366" timestamp="2019-06-16T17:32:38.324">
  <mem-info id="368" free="1743176" total="11272192" percent="15">
    <mem type="nursery" free="0" total="4980736" percent="0">
      <mem type="allocate" free="0" total="4390912" percent="0" />
      <mem type="survivor" free="0" total="589824" percent="0" />
    </mem>
    <mem type="tenure" free="1743176" total="6291456" percent="27">
      <mem type="soa" free="1428808" total="5977088" percent="23" />
      <mem type="loa" free="314368" total="314368" percent="100" />
    </mem>
    <remembered-set count="888" />
  </mem-info>
</gc-start>
<allocation-stats totalBytes="4289776" >
  <allocated-bytes non-tlh="40" tlh="4289736" />
  <largest-consumer threadName="Thread-7" threadId="00000000026B8100" bytes="4289776" />
</allocation-stats>
<gc-op id="369" type="scavenge" timems="1.843" contextid="366" timestamp="2019-06-16T17:32:38.326">
  <scavenger-info tenureage="3" tenuremask="ffe8" tiltratio="88" />
  <memory-copied type="nursery" objects="736" bytes="18040" bytesdiscarded="82568" />
  <memory-copied type="tenure" objects="156" bytes="3744" bytesdiscarded="0" />
</gc-op>
<heap-resize id="370" type="expand" space="nursery" amount="262144" count="1" timems="0.014" reason="excessive time being spent scavenging" timestamp="2019-06-16T17:32:38.326" />
<gc-end id="371" type="scavenge" contextid="366" durationms="2.300" usertimems="4.000" systemtimems="0.000" timestamp="2019-06-16T17:32:38.326" activeThreads="4">
  <mem-info id="372" free="6295624" total="11534336" percent="54">
    <mem type="nursery" free="4552448" total="5242880" percent="86">
      <mem type="allocate" free="4552448" total="4653056" percent="97" />
      <mem type="survivor" free="0" total="589824" percent="0" />
    </mem>
    <mem type="tenure" free="1743176" total="6291456" percent="27">
      <mem type="soa" free="1428808" total="5977088" percent="23" />
      <mem type="loa" free="314368" total="314368" percent="100" />
    </mem>
    <remembered-set count="732" />
  </mem-info>
</gc-end>
<cycle-end id="373" type="scavenge" contextid="366" timestamp="2019-06-16T17:32:38.326" />
  <attribute name="elasticGC enabled" value="1" />
  <attribute name= "numThreadsSpecified" value="4" />
  <attribute name="heapSize specified" value="8388608" />
  <attribute name="Current GC Util" value="11" />
  <attribute name= "Current Time Running" value="889" />
  <attribute name ="GC Interval" value="200" />
  <attribute name="ProportionalT" value="-9.000000" />
  <attribute name="ProportionalI" value="-9.000000" />
  <attribute name="ProportionalH" value="-9.000000" />
  <attribute name="Current Error" value="-9.000000" />
  <attribute name="IntegralT" value="-171.000000" />
  <attribute name="IntegralI" value="-171.000000" />
  <attribute name="IntegralH" value="-171.000000" />
  <attribute name="DerivativeT" value="-0.236842" />
  <attribute name="DerivativeI" value="-0.236842" />
  <attribute name="DerivativeH" value="-0.236842" />
  <attribute name="Loop Time for DT" value="19.000000" />
  <attribute name="Output H" value="2092630016"/>
  <attribute name="Output I" value="200"/>
  <attribute name="Output T" value="4"/>
  <attribute name="Target GC Util Change" value ="20.000000" />
  <attribute name="Current GC Util Change" value="11.000000"/>
  <attribute name="GC Util currently" value="11" />
  <attribute name="CPU Util currently" value="242575027051" />
<allocation-satisfied id="374" threadId="00000000026B8100" bytesRequested="40" />
<af-end id="375" timestamp="2019-06-16T17:32:38.326" threadId="00000000026B8A88" success="true" from="nursery"/>
<exclusive-end id="376" timestamp="2019-06-16T17:32:38.326" durationms="2.934" />

<exclusive-start id="377" timestamp="2019-06-16T17:32:38.344" intervalms="20.944">
  <response-info timems="0.035" idlems="0.035" threads="0" lastid="00000000026B8100" lastname="Thread-7" />
</exclusive-start>
<af-start id="378" threadId="00000000026B8A88" totalBytesRequested="40" timestamp="2019-06-16T17:32:38.345" intervalms="20.955" type="nursery" />
<cycle-start id="379" type="scavenge" contextid="0" timestamp="2019-06-16T17:32:38.345" intervalms="20.956" />
<gc-start id="380" type="scavenge" contextid="379" timestamp="2019-06-16T17:32:38.345">
  <mem-info id="381" free="1743176" total="11534336" percent="15">
    <mem type="nursery" free="0" total="5242880" percent="0">
      <mem type="allocate" free="0" total="4653056" percent="0" />
      <mem type="survivor" free="0" total="589824" percent="0" />
    </mem>
    <mem type="tenure" free="1743176" total="6291456" percent="27">
      <mem type="soa" free="1428808" total="5977088" percent="23" />
      <mem type="loa" free="314368" total="314368" percent="100" />
    </mem>
    <remembered-set count="988" />
  </mem-info>
</gc-start>
<allocation-stats totalBytes="4551952" >
  <allocated-bytes non-tlh="40" tlh="4551912" />
  <largest-consumer threadName="Thread-7" threadId="00000000026B8100" bytes="4551952" />
</allocation-stats>
<gc-op id="382" type="scavenge" timems="1.864" contextid="379" timestamp="2019-06-16T17:32:38.347">
  <scavenger-info tenureage="3" tenuremask="ffe8" tiltratio="88" />
  <memory-copied type="nursery" objects="783" bytes="19184" bytesdiscarded="81424" />
  <memory-copied type="tenure" objects="209" bytes="5016" bytesdiscarded="0" />
</gc-op>
<heap-resize id="383" type="expand" space="nursery" amount="262144" count="1" timems="0.014" reason="excessive time being spent scavenging" timestamp="2019-06-16T17:32:38.347" />
<gc-end id="384" type="scavenge" contextid="379" durationms="2.193" usertimems="4.000" systemtimems="0.000" timestamp="2019-06-16T17:32:38.347" activeThreads="4">
  <mem-info id="385" free="6557768" total="11796480" percent="55">
    <mem type="nursery" free="4814592" total="5505024" percent="87">
      <mem type="allocate" free="4814592" total="4915200" percent="97" />
      <mem type="survivor" free="0" total="589824" percent="0" />
    </mem>
    <mem type="tenure" free="1743176" total="6291456" percent="27">
      <mem type="soa" free="1428808" total="5977088" percent="23" />
      <mem type="loa" free="314368" total="314368" percent="100" />
    </mem>
    <remembered-set count="778" />
  </mem-info>
</gc-end>
<cycle-end id="386" type="scavenge" contextid="379" timestamp="2019-06-16T17:32:38.347" />
  <attribute name="elasticGC enabled" value="1" />
  <attribute name= "numThreadsSpecified" value="4" />
  <attribute name="heapSize specified" value="8388608" />
  <attribute name="Current GC Util" value="10" />
  <attribute name= "Current Time Running" value="910" />
  <attribute name ="GC Interval" value="200" />
  <attribute name="ProportionalT" value="-10.000000" />
  <attribute name="ProportionalI" value="-10.000000" />
  <attribute name="ProportionalH" value="-10.000000" />
  <attribute name="Current Error" value="-10.000000" />
  <attribute name="IntegralT" value="-210.000000" />
  <attribute name="IntegralI" value="-210.000000" />
  <attribute name="IntegralH" value="-210.000000" />
  <attribute name="DerivativeT" value="-0.238095" />
  <attribute name="DerivativeI" value="-0.238095" />
  <attribute name="DerivativeH" value="-0.238095" />
  <attribute name="Loop Time for DT" value="21.000000" />
  <attribute name="Output H" value="2092630016"/>
  <attribute name="Output I" value="200"/>
  <attribute name="Output T" value="4"/>
  <attribute name="Target GC Util Change" value ="20.000000" />
  <attribute name="Current GC Util Change" value="10.000000"/>
  <attribute name="GC Util currently" value="10" />
  <attribute name="CPU Util currently" value="220491838209" />
<allocation-satisfied id="387" threadId="00000000026B8100" bytesRequested="40" />
<af-end id="388" timestamp="2019-06-16T17:32:38.347" threadId="00000000026B8A88" success="true" from="nursery"/>
<exclusive-end id="389" timestamp="2019-06-16T17:32:38.347" durationms="2.799" />

<exclusive-start id="390" timestamp="2019-06-16T17:32:38.367" intervalms="22.706">
  <response-info timems="0.064" idlems="0.064" threads="0" lastid="00000000026B8100" lastname="Thread-7" />
</exclusive-start>
<af-start id="391" threadId="00000000026B8A88" totalBytesRequested="40" timestamp="2019-06-16T17:32:38.367" intervalms="22.718" type="nursery" />
<cycle-start id="392" type="scavenge" contextid="0" timestamp="2019-06-16T17:32:38.367" intervalms="22.667" />
<gc-start id="393" type="scavenge" contextid="392" timestamp="2019-06-16T17:32:38.367">
  <mem-info id="394" free="1743176" total="11796480" percent="14">
    <mem type="nursery" free="0" total="5505024" percent="0">
      <mem type="allocate" free="0" total="4915200" percent="0" />
      <mem type="survivor" free="0" total="589824" percent="0" />
    </mem>
    <mem type="tenure" free="1743176" total="6291456" percent="27">
      <mem type="soa" free="1428808" total="5977088" percent="23" />
      <mem type="loa" free="314368" total="314368" percent="100" />
    </mem>
    <remembered-set count="1102" />
  </mem-info>
</gc-start>
<allocation-stats totalBytes="4814056" >
  <allocated-bytes non-tlh="40" tlh="4814016" />
  <largest-consumer threadName="Thread-7" threadId="00000000026B8100" bytes="4814056" />
</allocation-stats>
<gc-op id="395" type="scavenge" timems="1.896" contextid="392" timestamp="2019-06-16T17:32:38.369">
  <scavenger-info tenureage="3" tenuremask="ffe8" tiltratio="89" />
  <memory-copied type="nursery" objects="805" bytes="19456" bytesdiscarded="81152" />
  <memory-copied type="tenure" objects="234" bytes="5616" bytesdiscarded="0" />
</gc-op>
<heap-resize id="396" type="expand" space="nursery" amount="262144" count="1" timems="0.014" reason="excessive time being spent scavenging" timestamp="2019-06-16T17:32:38.370" />
<gc-end id="397" type="scavenge" contextid="392" durationms="2.238" usertimems="4.000" systemtimems="0.000" timestamp="2019-06-16T17:32:38.370" activeThreads="4">
  <mem-info id="398" free="6754376" total="12058624" percent="56">
    <mem type="nursery" free="5011200" total="5767168" percent="86">
      <mem type="allocate" free="5011200" total="5111808" percent="98" />
      <mem type="survivor" free="0" total="655360" percent="0" />
    </mem>
    <mem type="tenure" free="1743176" total="6291456" percent="27">
      <mem type="soa" free="1428808" total="5977088" percent="23" />
      <mem type="loa" free="314368" total="314368" percent="100" />
    </mem>
    <remembered-set count="864" />
  </mem-info>
</gc-end>
<cycle-end id="399" type="scavenge" contextid="392" timestamp="2019-06-16T17:32:38.370" />
  <attribute name="elasticGC enabled" value="1" />
  <attribute name= "numThreadsSpecified" value="4" />
  <attribute name="heapSize specified" value="8388608" />
  <attribute name="Current GC Util" value="9" />
  <attribute name= "Current Time Running" value="933" />
  <attribute name ="GC Interval" value="200" />
  <attribute name="ProportionalT" value="-11.000000" />
  <attribute name="ProportionalI" value="-11.000000" />
  <attribute name="ProportionalH" value="-11.000000" />
  <attribute name="Current Error" value="-11.000000" />
  <attribute name="IntegralT" value="-253.000000" />
  <attribute name="IntegralI" value="-253.000000" />
  <attribute name="IntegralH" value="-253.000000" />
  <attribute name="DerivativeT" value="-0.239130" />
  <attribute name="DerivativeI" value="-0.239130" />
  <attribute name="DerivativeH" value="-0.239130" />
  <attribute name="Loop Time for DT" value="23.000000" />
  <attribute name="Output H" value="2092630016"/>
  <attribute name="Output I" value="200"/>
  <attribute name="Output T" value="4"/>
  <attribute name="Target GC Util Change" value ="20.000000" />
  <attribute name="Current GC Util Change" value="9.000000"/>
  <attribute name="GC Util currently" value="9" />
  <attribute name="CPU Util currently" value="204262449293" />
<allocation-satisfied id="400" threadId="00000000026B8100" bytesRequested="40" />
<af-end id="401" timestamp="2019-06-16T17:32:38.370" threadId="00000000026B8A88" success="true" from="nursery"/>
<exclusive-end id="402" timestamp="2019-06-16T17:32:38.370" durationms="2.812" />

<exclusive-start id="403" timestamp="2019-06-16T17:32:38.390" intervalms="23.116">
  <response-info timems="0.050" idlems="0.050" threads="0" lastid="00000000026B8100" lastname="Thread-7" />
</exclusive-start>
<af-start id="404" threadId="00000000026B8A88" totalBytesRequested="24" timestamp="2019-06-16T17:32:38.390" intervalms="23.095" type="nursery" />
<cycle-start id="405" type="scavenge" contextid="0" timestamp="2019-06-16T17:32:38.390" intervalms="23.094" />
<gc-start id="406" type="scavenge" contextid="405" timestamp="2019-06-16T17:32:38.390">
  <mem-info id="407" free="1743176" total="12058624" percent="14">
    <mem type="nursery" free="0" total="5767168" percent="0">
      <mem type="allocate" free="0" total="5111808" percent="0" />
      <mem type="survivor" free="0" total="655360" percent="0" />
    </mem>
    <mem type="tenure" free="1743176" total="6291456" percent="27">
      <mem type="soa" free="1428808" total="5977088" percent="23" />
      <mem type="loa" free="314368" total="314368" percent="100" />
    </mem>
    <remembered-set count="1169" />
  </mem-info>
</gc-start>
<allocation-stats totalBytes="5010552" >
  <allocated-bytes non-tlh="40" tlh="5010512" />
  <largest-consumer threadName="Thread-7" threadId="00000000026B8100" bytes="5010552" />
</allocation-stats>
<gc-op id="408" type="scavenge" timems="1.880" contextid="405" timestamp="2019-06-16T17:32:38.392">
  <scavenger-info tenureage="3" tenuremask="ffe8" tiltratio="88" />
  <memory-copied type="nursery" objects="897" bytes="21664" bytesdiscarded="78944" />
  <memory-copied type="tenure" objects="216" bytes="5184" bytesdiscarded="0" />
</gc-op>
<heap-resize id="409" type="expand" space="nursery" amount="262144" count="1" timems="0.013" reason="excessive time being spent scavenging" timestamp="2019-06-16T17:32:38.393" />
<gc-end id="410" type="scavenge" contextid="405" durationms="2.166" usertimems="4.000" systemtimems="0.000" timestamp="2019-06-16T17:32:38.393" activeThreads="4">
  <mem-info id="411" free="7016520" total="12320768" percent="56">
    <mem type="nursery" free="5273344" total="6029312" percent="87">
      <mem type="allocate" free="5273344" total="5373952" percent="98" />
      <mem type="survivor" free="0" total="655360" percent="0" />
    </mem>
    <mem type="tenure" free="1743176" total="6291456" percent="27">
      <mem type="soa" free="1428808" total="5977088" percent="23" />
      <mem type="loa" free="314368" total="314368" percent="100" />
    </mem>
    <remembered-set count="952" />
  </mem-info>
</gc-end>
<cycle-end id="412" type="scavenge" contextid="405" timestamp="2019-06-16T17:32:38.393" />
  <attribute name="elasticGC enabled" value="1" />
  <attribute name= "numThreadsSpecified" value="4" />
  <attribute name="heapSize specified" value="8388608" />
  <attribute name="Current GC Util" value="9" />
  <attribute name= "Current Time Running" value="956" />
  <attribute name ="GC Interval" value="200" />
  <attribute name="ProportionalT" value="-11.000000" />
  <attribute name="ProportionalI" value="-11.000000" />
  <attribute name="ProportionalH" value="-11.000000" />
  <attribute name="Current Error" value="-11.000000" />
  <attribute name="IntegralT" value="-253.000000" />
  <attribute name="IntegralI" value="-253.000000" />
  <attribute name="IntegralH" value="-253.000000" />
  <attribute name="DerivativeT" value="-0.239130" />
  <attribute name="DerivativeI" value="-0.239130" />
  <attribute name="DerivativeH" value="-0.239130" />
  <attribute name="Loop Time for DT" value="23.000000" />
  <attribute name="Output H" value="2092630016"/>
  <attribute name="Output I" value="200"/>
  <attribute name="Output T" value="4"/>
  <attribute name="Target GC Util Change" value ="20.000000" />
  <attribute name="Current GC Util Change" value="9.000000"/>
  <attribute name="GC Util currently" value="9" />
  <attribute name="CPU Util currently" value="199723616763" />
<allocation-satisfied id="413" threadId="00000000026B8100" bytesRequested="24" />
<af-end id="414" timestamp="2019-06-16T17:32:38.393" threadId="00000000026B8A88" success="true" from="nursery"/>
<exclusive-end id="415" timestamp="2019-06-16T17:32:38.393" durationms="2.680" />

<exclusive-start id="416" timestamp="2019-06-16T17:32:38.416" intervalms="25.668">
  <response-info timems="0.033" idlems="0.033" threads="0" lastid="00000000026B8100" lastname="Thread-7" />
</exclusive-start>
<af-start id="417" threadId="00000000026B8A88" totalBytesRequested="40" timestamp="2019-06-16T17:32:38.416" intervalms="25.656" type="nursery" />
<cycle-start id="418" type="scavenge" contextid="0" timestamp="2019-06-16T17:32:38.416" intervalms="25.654" />
<gc-start id="419" type="scavenge" contextid="418" timestamp="2019-06-16T17:32:38.416">
  <mem-info id="420" free="1743176" total="12320768" percent="14">
    <mem type="nursery" free="0" total="6029312" percent="0">
      <mem type="allocate" free="0" total="5373952" percent="0" />
      <mem type="survivor" free="0" total="655360" percent="0" />
    </mem>
    <mem type="tenure" free="1743176" total="6291456" percent="27">
      <mem type="soa" free="1428808" total="5977088" percent="23" />
      <mem type="loa" free="314368" total="314368" percent="100" />
    </mem>
    <remembered-set count="1348" />
  </mem-info>
</gc-start>
<allocation-stats totalBytes="5272648" >
  <allocated-bytes non-tlh="24" tlh="5272624" />
  <largest-consumer threadName="Thread-7" threadId="00000000026B8100" bytes="5272648" />
</allocation-stats>
<gc-op id="421" type="scavenge" timems="1.884" contextid="418" timestamp="2019-06-16T17:32:38.418">
  <scavenger-info tenureage="3" tenuremask="ffe8" tiltratio="89" />
  <memory-copied type="nursery" objects="1091" bytes="26544" bytesdiscarded="74064" />
  <memory-copied type="tenure" objects="257" bytes="6168" bytesdiscarded="0" />
</gc-op>
<gc-end id="422" type="scavenge" contextid="418" durationms="2.085" usertimems="0.000" systemtimems="4.000" timestamp="2019-06-16T17:32:38.418" activeThreads="4">
  <mem-info id="423" free="6915912" total="12320768" percent="56">
    <mem type="nursery" free="5273344" total="6029312" percent="87">
      <mem type="allocate" free="5273344" total="5373952" percent="98" />
      <mem type="survivor" free="0" total="655360" percent="0" />
    </mem>
    <mem type="tenure" free="1642568" total="6291456" percent="26">
      <mem type="soa" free="1328200" total="5977088" percent="22" />
      <mem type="loa" free="314368" total="314368" percent="100" />
    </mem>
    <remembered-set count="1091" />
  </mem-info>
</gc-end>
<cycle-end id="424" type="scavenge" contextid="418" timestamp="2019-06-16T17:32:38.418" />
  <attribute name="elasticGC enabled" value="1" />
  <attribute name= "numThreadsSpecified" value="4" />
  <attribute name="heapSize specified" value="8388608" />
  <attribute name="Current GC Util" value="8" />
  <attribute name= "Current Time Running" value="981" />
  <attribute name ="GC Interval" value="200" />
  <attribute name="ProportionalT" value="-12.000000" />
  <attribute name="ProportionalI" value="-12.000000" />
  <attribute name="ProportionalH" value="-12.000000" />
  <attribute name="Current Error" value="-12.000000" />
  <attribute name="IntegralT" value="-300.000000" />
  <attribute name="IntegralI" value="-300.000000" />
  <attribute name="IntegralH" value="-300.000000" />
  <attribute name="DerivativeT" value="-0.240000" />
  <attribute name="DerivativeI" value="-0.240000" />
  <attribute name="DerivativeH" value="-0.240000" />
  <attribute name="Loop Time for DT" value="25.000000" />
  <attribute name="Output H" value="2092630016"/>
  <attribute name="Output I" value="200"/>
  <attribute name="Output T" value="4"/>
  <attribute name="Target GC Util Change" value ="20.000000" />
  <attribute name="Current GC Util Change" value="8.000000"/>
  <attribute name="GC Util currently" value="8" />
  <attribute name="CPU Util currently" value="179777225485" />
<allocation-satisfied id="425" threadId="00000000026B8100" bytesRequested="40" />
<af-end id="426" timestamp="2019-06-16T17:32:38.418" threadId="00000000026B8A88" success="true" from="nursery"/>
<exclusive-end id="427" timestamp="2019-06-16T17:32:38.418" durationms="2.571" />

<exclusive-start id="428" timestamp="2019-06-16T17:32:38.441" intervalms="24.912">
  <response-info timems="0.059" idlems="0.059" threads="0" lastid="00000000026B8100" lastname="Thread-7" />
</exclusive-start>
<af-start id="429" threadId="00000000026B8A88" totalBytesRequested="40" timestamp="2019-06-16T17:32:38.441" intervalms="24.921" type="nursery" />
<cycle-start id="430" type="scavenge" contextid="0" timestamp="2019-06-16T17:32:38.441" intervalms="24.920" />
<gc-start id="431" type="scavenge" contextid="430" timestamp="2019-06-16T17:32:38.441">
  <mem-info id="432" free="1642568" total="12320768" percent="13">
    <mem type="nursery" free="0" total="6029312" percent="0">
      <mem type="allocate" free="0" total="5373952" percent="0" />
      <mem type="survivor" free="0" total="655360" percent="0" />
    </mem>
    <mem type="tenure" free="1642568" total="6291456" percent="26">
      <mem type="soa" free="1328200" total="5977088" percent="22" />
      <mem type="loa" free="314368" total="314368" percent="100" />
    </mem>
    <remembered-set count="1384" />
  </mem-info>
</gc-start>
<allocation-stats totalBytes="5272680" >
  <allocated-bytes non-tlh="40" tlh="5272640" />
  <largest-consumer threadName="Thread-7" threadId="00000000026B8100" bytes="5272680" />
</allocation-stats>
<gc-op id="433" type="scavenge" timems="1.874" contextid="430" timestamp="2019-06-16T17:32:38.443">
  <scavenger-info tenureage="3" tenuremask="ffe8" tiltratio="89" />
  <memory-copied type="nursery" objects="1052" bytes="25688" bytesdiscarded="74920" />
  <memory-copied type="tenure" objects="318" bytes="7632" bytesdiscarded="0" />
</gc-op>
<heap-resize id="434" type="expand" space="nursery" amount="393216" count="1" timems="0.015" reason="excessive time being spent scavenging" timestamp="2019-06-16T17:32:38.443" />
<gc-end id="435" type="scavenge" contextid="430" durationms="2.141" usertimems="4.000" systemtimems="0.000" timestamp="2019-06-16T17:32:38.443" activeThreads="4">
  <mem-info id="436" free="7243592" total="12713984" percent="56">
    <mem type="nursery" free="5601024" total="6422528" percent="87">
      <mem type="allocate" free="5601024" total="5701632" percent="98" />
      <mem type="survivor" free="0" total="720896" percent="0" />
    </mem>
    <mem type="tenure" free="1642568" total="6291456" percent="26">
      <mem type="soa" free="1328200" total="5977088" percent="22" />
      <mem type="loa" free="314368" total="314368" percent="100" />
    </mem>
    <remembered-set count="1066" />
  </mem-info>
</gc-end>
<cycle-end id="437" type="scavenge" contextid="430" timestamp="2019-06-16T17:32:38.443" />
  <attribute name="elasticGC enabled" value="1" />
  <attribute name= "numThreadsSpecified" value="4" />
  <attribute name="heapSize specified" value="8388608" />
  <attribute name="Current GC Util" value="8" />
  <attribute name= "Current Time Running" value="1006" />
  <attribute name ="GC Interval" value="200" />
  <attribute name="ProportionalT" value="-12.000000" />
  <attribute name="ProportionalI" value="-12.000000" />
  <attribute name="ProportionalH" value="-12.000000" />
  <attribute name="Current Error" value="-12.000000" />
  <attribute name="IntegralT" value="-300.000000" />
  <attribute name="IntegralI" value="-300.000000" />
  <attribute name="IntegralH" value="-300.000000" />
  <attribute name="DerivativeT" value="-0.240000" />
  <attribute name="DerivativeI" value="-0.240000" />
  <attribute name="DerivativeH" value="-0.240000" />
  <attribute name="Loop Time for DT" value="25.000000" />
  <attribute name="Output H" value="2092630016"/>
  <attribute name="Output I" value="200"/>
  <attribute name="Output T" value="4"/>
  <attribute name="Target GC Util Change" value ="20.000000" />
  <attribute name="Current GC Util Change" value="8.000000"/>
  <attribute name="GC Util currently" value="8" />
  <attribute name="CPU Util currently" value="185131708079" />
<allocation-satisfied id="438" threadId="00000000026B8100" bytesRequested="40" />
<af-end id="439" timestamp="2019-06-16T17:32:38.443" threadId="00000000026B8A88" success="true" from="nursery"/>
<exclusive-end id="440" timestamp="2019-06-16T17:32:38.443" durationms="2.644" />

<exclusive-start id="441" timestamp="2019-06-16T17:32:38.464" intervalms="23.340">
  <response-info timems="0.060" idlems="0.060" threads="0" lastid="00000000026B8100" lastname="Thread-7" />
</exclusive-start>
<af-start id="442" threadId="00000000026B8A88" totalBytesRequested="40" timestamp="2019-06-16T17:32:38.464" intervalms="23.349" type="nursery" />
<cycle-start id="443" type="scavenge" contextid="0" timestamp="2019-06-16T17:32:38.464" intervalms="23.350" />
<gc-start id="444" type="scavenge" contextid="443" timestamp="2019-06-16T17:32:38.464">
  <mem-info id="445" free="1642568" total="12713984" percent="12">
    <mem type="nursery" free="0" total="6422528" percent="0">
      <mem type="allocate" free="0" total="5701632" percent="0" />
      <mem type="survivor" free="0" total="720896" percent="0" />
    </mem>
    <mem type="tenure" free="1642568" total="6291456" percent="26">
      <mem type="soa" free="1328200" total="5977088" percent="22" />
      <mem type="loa" free="314368" total="314368" percent="100" />
    </mem>
    <remembered-set count="1303" />
  </mem-info>
</gc-start>
<allocation-stats totalBytes="5600312" >
  <allocated-bytes non-tlh="40" tlh="5600272" />
  <largest-consumer threadName="Thread-7" threadId="00000000026B8100" bytes="5600312" />
</allocation-stats>
<gc-op id="446" type="scavenge" timems="1.898" contextid="443" timestamp="2019-06-16T17:32:38.466">
  <scavenger-info tenureage="3" tenuremask="4008" tiltratio="88" />
  <memory-copied type="nursery" objects="950" bytes="23056" bytesdiscarded="77552" />
  <memory-copied type="tenure" objects="305" bytes="7320" bytesdiscarded="0" />
</gc-op>
<heap-resize id="447" type="expand" space="nursery" amount="262144" count="1" timems="0.014" reason="excessive time being spent scavenging" timestamp="2019-06-16T17:32:38.467" />
<gc-end id="448" type="scavenge" contextid="443" durationms="2.196" usertimems="4.000" systemtimems="0.000" timestamp="2019-06-16T17:32:38.467" activeThreads="4">
  <mem-info id="449" free="7505736" total="12976128" percent="57">
    <mem type="nursery" free="5863168" total="6684672" percent="87">
      <mem type="allocate" free="5863168" total="5963776" percent="98" />
      <mem type="survivor" free="0" total="720896" percent="0" />
    </mem>
    <mem type="tenure" free="1642568" total="6291456" percent="26">
      <mem type="soa" free="1328200" total="5977088" percent="22" />
      <mem type="loa" free="314368" total="314368" percent="100" />
    </mem>
    <remembered-set count="998" />
  </mem-info>
</gc-end>
<cycle-end id="450" type="scavenge" contextid="443" timestamp="2019-06-16T17:32:38.467" />
  <attribute name="elasticGC enabled" value="1" />
  <attribute name= "numThreadsSpecified" value="4" />
  <attribute name="heapSize specified" value="8388608" />
  <attribute name="Current GC Util" value="9" />
  <attribute name= "Current Time Running" value="1030" />
  <attribute name ="GC Interval" value="200" />
  <attribute name="ProportionalT" value="-11.000000" />
  <attribute name="ProportionalI" value="-11.000000" />
  <attribute name="ProportionalH" value="-11.000000" />
  <attribute name="Current Error" value="-11.000000" />
  <attribute name="IntegralT" value="-264.000000" />
  <attribute name="IntegralI" value="-264.000000" />
  <attribute name="IntegralH" value="-264.000000" />
  <attribute name="DerivativeT" value="-0.229167" />
  <attribute name="DerivativeI" value="-0.229167" />
  <attribute name="DerivativeH" value="-0.229167" />
  <attribute name="Loop Time for DT" value="24.000000" />
  <attribute name="Output H" value="2092630016"/>
  <attribute name="Output I" value="200"/>
  <attribute name="Output T" value="4"/>
  <attribute name="Target GC Util Change" value ="20.000000" />
  <attribute name="Current GC Util Change" value="9.000000"/>
  <attribute name="GC Util currently" value="9" />
  <attribute name="CPU Util currently" value="197421480125" />
<allocation-satisfied id="451" threadId="00000000026B8100" bytesRequested="40" />
<af-end id="452" timestamp="2019-06-16T17:32:38.467" threadId="00000000026B8A88" success="true" from="nursery"/>
<exclusive-end id="453" timestamp="2019-06-16T17:32:38.467" durationms="2.752" />

<exclusive-start id="454" timestamp="2019-06-16T17:32:38.488" intervalms="23.434">
  <response-info timems="0.083" idlems="0.083" threads="0" lastid="00000000026B8100" lastname="Thread-7" />
</exclusive-start>
<af-start id="455" threadId="00000000026B8A88" totalBytesRequested="40" timestamp="2019-06-16T17:32:38.488" intervalms="23.471" type="nursery" />
<cycle-start id="456" type="scavenge" contextid="0" timestamp="2019-06-16T17:32:38.488" intervalms="23.518" />
<gc-start id="457" type="scavenge" contextid="456" timestamp="2019-06-16T17:32:38.488">
  <mem-info id="458" free="1642568" total="12976128" percent="12">
    <mem type="nursery" free="0" total="6684672" percent="0">
      <mem type="allocate" free="0" total="5963776" percent="0" />
      <mem type="survivor" free="0" total="720896" percent="0" />
    </mem>
    <mem type="tenure" free="1642568" total="6291456" percent="26">
      <mem type="soa" free="1328200" total="5977088" percent="22" />
      <mem type="loa" free="314368" total="314368" percent="100" />
    </mem>
    <remembered-set count="1279" />
  </mem-info>
</gc-start>
<allocation-stats totalBytes="5862576" >
  <allocated-bytes non-tlh="40" tlh="5862536" />
  <largest-consumer threadName="Thread-7" threadId="00000000026B8100" bytes="5862576" />
</allocation-stats>
<gc-op id="459" type="scavenge" timems="1.878" contextid="456" timestamp="2019-06-16T17:32:38.490">
  <scavenger-info tenureage="3" tenuremask="4008" tiltratio="89" />
  <memory-copied type="nursery" objects="899" bytes="22088" bytesdiscarded="78520" />
  <memory-copied type="tenure" objects="396" bytes="9504" bytesdiscarded="0" />
</gc-op>
<heap-resize id="460" type="expand" space="nursery" amount="262144" count="1" timems="0.012" reason="excessive time being spent scavenging" timestamp="2019-06-16T17:32:38.490" />
<gc-end id="461" type="scavenge" contextid="456" durationms="2.238" usertimems="4.000" systemtimems="0.000" timestamp="2019-06-16T17:32:38.490" activeThreads="4">
  <mem-info id="462" free="7702344" total="13238272" percent="58">
    <mem type="nursery" free="6059776" total="6946816" percent="87">
      <mem type="allocate" free="6059776" total="6160384" percent="98" />
      <mem type="survivor" free="0" total="786432" percent="0" />
    </mem>
    <mem type="tenure" free="1642568" total="6291456" percent="26">
      <mem type="soa" free="1328200" total="5977088" percent="22" />
      <mem type="loa" free="314368" total="314368" percent="100" />
    </mem>
    <remembered-set count="883" />
  </mem-info>
</gc-end>
<cycle-end id="463" type="scavenge" contextid="456" timestamp="2019-06-16T17:32:38.490" />
  <attribute name="elasticGC enabled" value="1" />
  <attribute name= "numThreadsSpecified" value="4" />
  <attribute name="heapSize specified" value="8388608" />
  <attribute name="Current GC Util" value="9" />
  <attribute name= "Current Time Running" value="1053" />
  <attribute name ="GC Interval" value="200" />
  <attribute name="ProportionalT" value="-11.000000" />
  <attribute name="ProportionalI" value="-11.000000" />
  <attribute name="ProportionalH" value="-11.000000" />
  <attribute name="Current Error" value="-11.000000" />
  <attribute name="IntegralT" value="-253.000000" />
  <attribute name="IntegralI" value="-253.000000" />
  <attribute name="IntegralH" value="-253.000000" />
  <attribute name="DerivativeT" value="-0.239130" />
  <attribute name="DerivativeI" value="-0.239130" />
  <attribute name="DerivativeH" value="-0.239130" />
  <attribute name="Loop Time for DT" value="23.000000" />
  <attribute name="Output H" value="2092630016"/>
  <attribute name="Output I" value="200"/>
  <attribute name="Output T" value="4"/>
  <attribute name="Target GC Util Change" value ="20.000000" />
  <attribute name="Current GC Util Change" value="9.000000"/>
  <attribute name="GC Util currently" value="9" />
  <attribute name="CPU Util currently" value="195354392521" />
<allocation-satisfied id="464" threadId="00000000026B8100" bytesRequested="40" />
<af-end id="465" timestamp="2019-06-16T17:32:38.490" threadId="00000000026B8A88" success="true" from="nursery"/>
<exclusive-end id="466" timestamp="2019-06-16T17:32:38.490" durationms="2.890" />

<exclusive-start id="467" timestamp="2019-06-16T17:32:38.509" intervalms="21.392">
  <response-info timems="0.058" idlems="0.058" threads="0" lastid="00000000026B8100" lastname="Thread-7" />
</exclusive-start>
<af-start id="468" threadId="00000000026B8A88" totalBytesRequested="24" timestamp="2019-06-16T17:32:38.509" intervalms="21.317" type="nursery" />
<cycle-start id="469" type="scavenge" contextid="0" timestamp="2019-06-16T17:32:38.509" intervalms="21.267" />
<gc-start id="470" type="scavenge" contextid="469" timestamp="2019-06-16T17:32:38.509">
  <mem-info id="471" free="1642568" total="13238272" percent="12">
    <mem type="nursery" free="0" total="6946816" percent="0">
      <mem type="allocate" free="0" total="6160384" percent="0" />
      <mem type="survivor" free="0" total="786432" percent="0" />
    </mem>
    <mem type="tenure" free="1642568" total="6291456" percent="26">
      <mem type="soa" free="1328200" total="5977088" percent="22" />
      <mem type="loa" free="314368" total="314368" percent="100" />
    </mem>
    <remembered-set count="1256" />
  </mem-info>
</gc-start>
<allocation-stats totalBytes="6059160" >
  <allocated-bytes non-tlh="40" tlh="6059120" />
  <largest-consumer threadName="Thread-7" threadId="00000000026B8100" bytes="6059160" />
</allocation-stats>
<gc-op id="472" type="scavenge" timems="1.814" contextid="469" timestamp="2019-06-16T17:32:38.511">
  <scavenger-info tenureage="3" tenuremask="4008" tiltratio="88" />
  <memory-copied type="nursery" objects="943" bytes="22880" bytesdiscarded="77728" />
  <memory-copied type="tenure" objects="286" bytes="6864" bytesdiscarded="0" />
</gc-op>
<heap-resize id="473" type="expand" space="nursery" amount="393216" count="1" timems="0.011" reason="excessive time being spent scavenging" timestamp="2019-06-16T17:32:38.511" />
<gc-end id="474" type="scavenge" contextid="469" durationms="2.088" usertimems="4.000" systemtimems="0.000" timestamp="2019-06-16T17:32:38.511" activeThreads="4">
  <mem-info id="475" free="8095560" total="13631488" percent="59">
    <mem type="nursery" free="6452992" total="7340032" percent="87">
      <mem type="allocate" free="6452992" total="6553600" percent="98" />
      <mem type="survivor" free="0" total="786432" percent="0" />
    </mem>
    <mem type="tenure" free="1642568" total="6291456" percent="26">
      <mem type="soa" free="1328200" total="5977088" percent="22" />
      <mem type="loa" free="314368" total="314368" percent="100" />
    </mem>
    <remembered-set count="970" />
  </mem-info>
</gc-end>
<cycle-end id="476" type="scavenge" contextid="469" timestamp="2019-06-16T17:32:38.511" />
  <attribute name="elasticGC enabled" value="1" />
  <attribute name= "numThreadsSpecified" value="4" />
  <attribute name="heapSize specified" value="8388608" />
  <attribute name="Current GC Util" value="10" />
  <attribute name= "Current Time Running" value="1074" />
  <attribute name ="GC Interval" value="200" />
  <attribute name="ProportionalT" value="-10.000000" />
  <attribute name="ProportionalI" value="-10.000000" />
  <attribute name="ProportionalH" value="-10.000000" />
  <attribute name="Current Error" value="-10.000000" />
  <attribute name="IntegralT" value="-210.000000" />
  <attribute name="IntegralI" value="-210.000000" />
  <attribute name="IntegralH" value="-210.000000" />
  <attribute name="DerivativeT" value="-0.238095" />
  <attribute name="DerivativeI" value="-0.238095" />
  <attribute name="DerivativeH" value="-0.238095" />
  <attribute name="Loop Time for DT" value="21.000000" />
  <attribute name="Output H" value="2092630016"/>
  <attribute name="Output I" value="200"/>
  <attribute name="Output T" value="4"/>
  <attribute name="Target GC Util Change" value ="20.000000" />
  <attribute name="Current GC Util Change" value="10.000000"/>
  <attribute name="GC Util currently" value="10" />
  <attribute name="CPU Util currently" value="217815817815" />
<allocation-satisfied id="477" threadId="00000000026B8100" bytesRequested="24" />
<af-end id="478" timestamp="2019-06-16T17:32:38.511" threadId="00000000026B8A88" success="true" from="nursery"/>
<exclusive-end id="479" timestamp="2019-06-16T17:32:38.512" durationms="2.547" />

</verbosegc>

