<?xml version="1.0" ?>

<verbosegc xmlns="http://www.ibm.com/j9/verbosegc" version="10b4217_CMPRSS">

<initialized id="1" timestamp="2019-06-16T17:32:25.414">
  <attribute name="gcPolicy" value="-Xgcpolicy:gencon" />
  <attribute name="elasticGC enabled" value="1" />
  <attribute name= "numThreadsSpecified" value="0" />
  <attribute name="heapSize specified" value="0" />
  <attribute name="Current GC Util" value="0" />
  <attribute name= "Current Time Running" value="0" />
  <attribute name ="GC Interval" value="0" />
  <attribute name="ProportionalT" value="0.000000" />
  <attribute name="ProportionalI" value="0.000000" />
  <attribute name="ProportionalH" value="0.000000" />
  <attribute name="IntegralT" value="0.000000" />
  <attribute name="IntegralI" value="0.000000" />
  <attribute name="IntegralH" value="0.000000" />
  <attribute name="DerivativeT" value="0.000000" />
  <attribute name="DerivativeI" value="0.000000" />
  <attribute name="DerivativeH" value="0.000000" />
  <attribute name="Target GC Util Change" value ="0.000000" />
  <attribute name="Current GC Util Change" value="0.000000"/>
  <attribute name="Current Error" value="0.000000" />
  <attribute name="Loop Time for DT" value="0.000000" />
  <attribute name="Output H" value="0"/>
  <attribute name="Output I" value="0"/>
  <attribute name="Output T" value="0"/>
  <attribute name="GC Util currently" value="0" />
  <attribute name="CPU Util currently" value="0" />
  <attribute name="maxHeapSize" value="0x7cbc0000" />
  <attribute name="initialHeapSize" value="0x800000" />
  <attribute name="compressedRefs" value="true" />
  <attribute name="compressedRefsDisplacement" value="0x0" />
  <attribute name="compressedRefsShift" value="0x0" />
  <attribute name="pageSize" value="0x1000" />
  <attribute name="pageType" value="not used" />
  <attribute name="requestedPageSize" value="0x1000" />
  <attribute name="requestedPageType" value="not used" />
  <attribute name="gcthreads" value="4" />
  <attribute name="gcthreads Concurrent Mark" value="1" />
  <attribute name="packetListSplit" value="4" />
  <attribute name="cacheListSplit" value="4" />
  <attribute name="splitFreeListSplitAmount" value="1" />
  <attribute name="numaNodes" value="0" />
  <system>
    <attribute name="physicalMemory" value="8370962432" />
    <attribute name="numCPUs" value="4" />
    <attribute name="architecture" value="amd64" />
    <attribute name="os" value="Linux" />
    <attribute name="osVersion" value="4.4.0-148-generic" />
  </system>
  <vmargs>
    <vmarg name="-Xoptionsfile=/vagrant/jdk/lib/options.default" />
    <vmarg name="-Xlockword:mode=default,noLockword=java/lang/String,noLockword=java/util/MapEntry,noLockword=java/util/HashMap$Entry,noLockword..." />
    <vmarg name="-Xjcl:jclse29" />
    <vmarg name="-Dcom.ibm.oti.vm.bootstrap.library.path=/vagrant/jdk/lib/compressedrefs:/vagrant/jdk/lib" />
    <vmarg name="-Dsun.boot.library.path=/vagrant/jdk/lib/compressedrefs:/vagrant/jdk/lib" />
    <vmarg name="-Djava.library.path=/vagrant/jdk/lib/compressedrefs:/vagrant/jdk/lib:/usr/lib64:/usr/lib" />
    <vmarg name="-Djava.home=/vagrant/jdk" />
    <vmarg name="-Duser.dir=/vagrant" />
    <vmarg name="-verbose:gc" />
    <vmarg name="-Xgcelastic" />
    <vmarg name="-Xcheck:gc:::elasticGC" />
    <vmarg name="-Xloggc:small-jdk-1-1-0.5-verbose5sunflow.txt" />
    <vmarg name="-Djava.class.path=dacapo-9.12-MR1-bach.jar" />
    <vmarg name="-Dsun.java.command=dacapo-9.12-MR1-bach.jar sunflow --size=small" />
    <vmarg name="-Dsun.java.launcher=SUN_STANDARD" />
    <vmarg name="-Dsun.java.launcher.pid=8320" />
  </vmargs>
</initialized>

<exclusive-start id="2" timestamp="2019-06-16T17:32:25.602" intervalms="188.598">
  <response-info timems="0.020" idlems="0.020" threads="0" lastid="0000000001394700" lastname="main" />
</exclusive-start>
<af-start id="3" threadId="0000000001395088" totalBytesRequested="7176" timestamp="2019-06-16T17:32:25.603" intervalms="188.833" type="nursery" />
<cycle-start id="4" type="scavenge" contextid="0" timestamp="2019-06-16T17:32:25.603" intervalms="189.331" />
<gc-start id="5" type="scavenge" contextid="4" timestamp="2019-06-16T17:32:25.608">
  <mem-info id="6" free="6062624" total="8388608" percent="72">
    <mem type="nursery" free="0" total="2097152" percent="0">
      <mem type="allocate" free="0" total="1048576" percent="0" />
      <mem type="survivor" free="0" total="1048576" percent="0" />
    </mem>
    <mem type="tenure" free="6062624" total="6291456" percent="96">
      <mem type="soa" free="5748256" total="5977088" percent="96" />
      <mem type="loa" free="314368" total="314368" percent="100" />
    </mem>
    <remembered-set count="3161" />
  </mem-info>
</gc-start>
<allocation-stats totalBytes="1274448" >
  <allocated-bytes non-tlh="344784" tlh="929664" />
  <largest-consumer threadName="main" threadId="0000000001394700" bytes="1196984" />
</allocation-stats>
<gc-op id="7" type="scavenge" timems="2.266" contextid="4" timestamp="2019-06-16T17:32:25.611">
  <scavenger-info tenureage="2" tenuremask="fffc" tiltratio="50" />
  <memory-copied type="nursery" objects="10578" bytes="479592" bytesdiscarded="113376" />
  <finalization candidates="11" enqueued="0" />
  <references type="soft" candidates="62" cleared="0" enqueued="0" dynamicThreshold="32" maxThreshold="32" />
  <references type="weak" candidates="309" cleared="177" enqueued="141" />
  <references type="phantom" candidates="25" cleared="6" enqueued="6" />
</gc-op>
<gc-end id="8" type="scavenge" contextid="4" durationms="5.896" usertimems="4.000" systemtimems="0.000" timestamp="2019-06-16T17:32:25.614" activeThreads="4">
  <mem-info id="9" free="6516136" total="8388608" percent="77">
    <mem type="nursery" free="453512" total="2097152" percent="21">
      <mem type="allocate" free="453512" total="1048576" percent="43" />
      <mem type="survivor" free="0" total="1048576" percent="0" />
    </mem>
    <mem type="tenure" free="6062624" total="6291456" percent="96">
      <mem type="soa" free="5748256" total="5977088" percent="96" />
      <mem type="loa" free="314368" total="314368" percent="100" />
    </mem>
    <pending-finalizers system="0" default="0" reference="147" classloader="0" />
    <remembered-set count="3161" />
  </mem-info>
</gc-end>
<cycle-end id="10" type="scavenge" contextid="4" timestamp="2019-06-16T17:32:25.614" />
  <attribute name="elasticGC enabled" value="1" />
  <attribute name= "numThreadsSpecified" value="0" />
  <attribute name="heapSize specified" value="0" />
  <attribute name="Current GC Util" value="0" />
  <attribute name= "Current Time Running" value="78" />
  <attribute name ="GC Interval" value="1" />
  <attribute name="ProportionalT" value="0.000000" />
  <attribute name="ProportionalI" value="0.000000" />
  <attribute name="ProportionalH" value="0.000000" />
  <attribute name="Current Error" value="0.000000" />
  <attribute name="IntegralT" value="0.000000" />
  <attribute name="IntegralI" value="0.000000" />
  <attribute name="IntegralH" value="0.000000" />
  <attribute name="DerivativeT" value="0.000000" />
  <attribute name="DerivativeI" value="0.000000" />
  <attribute name="DerivativeH" value="0.000000" />
  <attribute name="Loop Time for DT" value="0.000000" />
  <attribute name="Output H" value="0"/>
  <attribute name="Output I" value="0"/>
  <attribute name="Output T" value="0"/>
  <attribute name="Target GC Util Change" value ="20.000000" />
  <attribute name="Current GC Util Change" value="0.000000"/>
  <attribute name="GC Util currently" value="0" />
  <attribute name="CPU Util currently" value="22" />
<allocation-satisfied id="11" threadId="0000000001394700" bytesRequested="7176" />
<af-end id="12" timestamp="2019-06-16T17:32:25.615" threadId="0000000001395088" success="true" from="nursery"/>
<exclusive-end id="13" timestamp="2019-06-16T17:32:25.615" durationms="12.350" />

<exclusive-start id="14" timestamp="2019-06-16T17:32:25.634" intervalms="31.712">
  <response-info timems="0.033" idlems="0.033" threads="0" lastid="0000000001394700" lastname="main" />
</exclusive-start>
<af-start id="15" threadId="0000000001395088" totalBytesRequested="15200" timestamp="2019-06-16T17:32:25.634" intervalms="31.555" type="nursery" />
<cycle-start id="16" type="scavenge" contextid="0" timestamp="2019-06-16T17:32:25.634" intervalms="31.129" />
<gc-start id="17" type="scavenge" contextid="16" timestamp="2019-06-16T17:32:25.638">
  <mem-info id="18" free="6054888" total="8388608" percent="72">
    <mem type="nursery" free="0" total="2097152" percent="0">
      <mem type="allocate" free="0" total="1048576" percent="0" />
      <mem type="survivor" free="0" total="1048576" percent="0" />
    </mem>
    <mem type="tenure" free="6054888" total="6291456" percent="96">
      <mem type="soa" free="5740520" total="5977088" percent="96" />
      <mem type="loa" free="314368" total="314368" percent="100" />
    </mem>
    <remembered-set count="3262" />
  </mem-info>
</gc-start>
<allocation-stats totalBytes="454392" >
  <allocated-bytes non-tlh="14912" tlh="439480" />
  <largest-consumer threadName="main" threadId="0000000001394700" bytes="442416" />
</allocation-stats>
<gc-op id="19" type="scavenge" timems="1.162" contextid="16" timestamp="2019-06-16T17:32:25.639">
  <scavenger-info tenureage="5" tenuremask="7fe0" tiltratio="50" />
  <memory-copied type="nursery" objects="10895" bytes="508128" bytesdiscarded="143488" />
  <finalization candidates="11" enqueued="0" />
  <references type="soft" candidates="62" cleared="0" enqueued="0" dynamicThreshold="32" maxThreshold="32" />
  <references type="weak" candidates="242" cleared="96" enqueued="93" />
  <references type="phantom" candidates="38" cleared="12" enqueued="12" />
</gc-op>
<gc-end id="20" type="scavenge" contextid="16" durationms="1.592" usertimems="0.000" systemtimems="0.000" timestamp="2019-06-16T17:32:25.640" activeThreads="4">
  <mem-info id="21" free="6450376" total="8388608" percent="76">
    <mem type="nursery" free="395488" total="2097152" percent="18">
      <mem type="allocate" free="395488" total="1048576" percent="37" />
      <mem type="survivor" free="0" total="1048576" percent="0" />
    </mem>
    <mem type="tenure" free="6054888" total="6291456" percent="96">
      <mem type="soa" free="5740520" total="5977088" percent="96" />
      <mem type="loa" free="314368" total="314368" percent="100" />
    </mem>
    <pending-finalizers system="0" default="0" reference="105" classloader="0" />
    <remembered-set count="3262" />
  </mem-info>
</gc-end>
<cycle-end id="22" type="scavenge" contextid="16" timestamp="2019-06-16T17:32:25.640" />
  <attribute name="elasticGC enabled" value="1" />
  <attribute name= "numThreadsSpecified" value="4" />
  <attribute name="heapSize specified" value="0" />
  <attribute name="Current GC Util" value="39" />
  <attribute name= "Current Time Running" value="108" />
  <attribute name ="GC Interval" value="592" />
  <attribute name="ProportionalT" value="19.000000" />
  <attribute name="ProportionalI" value="19.000000" />
  <attribute name="ProportionalH" value="19.000000" />
  <attribute name="Current Error" value="19.000000" />
  <attribute name="IntegralT" value="570.000000" />
  <attribute name="IntegralI" value="570.000000" />
  <attribute name="IntegralH" value="570.000000" />
  <attribute name="DerivativeT" value="0.316667" />
  <attribute name="DerivativeI" value="0.316667" />
  <attribute name="DerivativeH" value="0.316667" />
  <attribute name="Loop Time for DT" value="30.000000" />
  <attribute name="Output H" value="8388608"/>
  <attribute name="Output I" value="592"/>
  <attribute name="Output T" value="4"/>
  <attribute name="Target GC Util Change" value ="20.000000" />
  <attribute name="Current GC Util Change" value="39.000000"/>
  <attribute name="GC Util currently" value="39" />
  <attribute name="CPU Util currently" value="23" />
<allocation-satisfied id="23" threadId="0000000001394700" bytesRequested="15200" />
<af-end id="24" timestamp="2019-06-16T17:32:25.640" threadId="0000000001395088" success="true" from="nursery"/>
<exclusive-end id="25" timestamp="2019-06-16T17:32:25.640" durationms="6.201" />

<exclusive-start id="26" timestamp="2019-06-16T17:32:25.651" intervalms="16.775">
  <response-info timems="0.055" idlems="0.055" threads="0" lastid="0000000001394700" lastname="main" />
</exclusive-start>
<af-start id="27" threadId="0000000001395088" totalBytesRequested="20232" timestamp="2019-06-16T17:32:25.651" intervalms="16.813" type="nursery" />
<cycle-start id="28" type="scavenge" contextid="0" timestamp="2019-06-16T17:32:25.651" intervalms="16.836" />
<gc-start id="29" type="scavenge" contextid="28" timestamp="2019-06-16T17:32:25.651">
  <mem-info id="30" free="6052200" total="8388608" percent="72">
    <mem type="nursery" free="0" total="2097152" percent="0">
      <mem type="allocate" free="0" total="1048576" percent="0" />
      <mem type="survivor" free="0" total="1048576" percent="0" />
    </mem>
    <mem type="tenure" free="6052200" total="6291456" percent="96">
      <mem type="soa" free="5737832" total="5977088" percent="95" />
      <mem type="loa" free="314368" total="314368" percent="100" />
    </mem>
    <remembered-set count="3295" />
  </mem-info>
</gc-start>
<allocation-stats totalBytes="374384" >
  <allocated-bytes non-tlh="17888" tlh="356496" />
  <largest-consumer threadName="main" threadId="0000000001394700" bytes="366192" />
</allocation-stats>
<gc-op id="31" type="scavenge" timems="1.197" contextid="28" timestamp="2019-06-16T17:32:25.653">
  <scavenger-info tenureage="4" tenuremask="7ff0" tiltratio="50" />
  <memory-copied type="nursery" objects="10924" bytes="539112" bytesdiscarded="59024" />
  <finalization candidates="11" enqueued="0" />
  <references type="soft" candidates="62" cleared="0" enqueued="0" dynamicThreshold="32" maxThreshold="32" />
  <references type="weak" candidates="222" cleared="75" enqueued="75" />
  <references type="phantom" candidates="36" cleared="9" enqueued="9" />
</gc-op>
<gc-end id="32" type="scavenge" contextid="28" durationms="1.549" usertimems="0.000" systemtimems="0.000" timestamp="2019-06-16T17:32:25.653" activeThreads="4">
  <mem-info id="33" free="6501184" total="8388608" percent="77">
    <mem type="nursery" free="448984" total="2097152" percent="21">
      <mem type="allocate" free="448984" total="1048576" percent="42" />
      <mem type="survivor" free="0" total="1048576" percent="0" />
    </mem>
    <mem type="tenure" free="6052200" total="6291456" percent="96">
      <mem type="soa" free="5737832" total="5977088" percent="95" />
      <mem type="loa" free="314368" total="314368" percent="100" />
    </mem>
    <pending-finalizers system="0" default="0" reference="84" classloader="0" />
    <remembered-set count="1025" />
  </mem-info>
</gc-end>
<cycle-end id="34" type="scavenge" contextid="28" timestamp="2019-06-16T17:32:25.653" />
  <attribute name="elasticGC enabled" value="1" />
  <attribute name= "numThreadsSpecified" value="4" />
  <attribute name="heapSize specified" value="0" />
  <attribute name="Current GC Util" value="46" />
  <attribute name= "Current Time Running" value="121" />
  <attribute name ="GC Interval" value="936" />
  <attribute name="ProportionalT" value="26.000000" />
  <attribute name="ProportionalI" value="26.000000" />
  <attribute name="ProportionalH" value="26.000000" />
  <attribute name="Current Error" value="26.000000" />
  <attribute name="IntegralT" value="908.000000" />
  <attribute name="IntegralI" value="908.000000" />
  <attribute name="IntegralH" value="908.000000" />
  <attribute name="DerivativeT" value="0.269231" />
  <attribute name="DerivativeI" value="0.269231" />
  <attribute name="DerivativeH" value="0.269231" />
  <attribute name="Loop Time for DT" value="13.000000" />
  <attribute name="Output H" value="8388608"/>
  <attribute name="Output I" value="936"/>
  <attribute name="Output T" value="4"/>
  <attribute name="Target GC Util Change" value ="20.000000" />
  <attribute name="Current GC Util Change" value="46.000000"/>
  <attribute name="GC Util currently" value="46" />
  <attribute name="CPU Util currently" value="354551629502" />
<allocation-satisfied id="35" threadId="0000000001394700" bytesRequested="20232" />
<af-end id="36" timestamp="2019-06-16T17:32:25.653" threadId="0000000001395088" success="true" from="nursery"/>
<exclusive-end id="37" timestamp="2019-06-16T17:32:25.653" durationms="2.298" />

<exclusive-start id="38" timestamp="2019-06-16T17:32:25.717" intervalms="65.875">
  <response-info timems="0.033" idlems="0.033" threads="0" lastid="0000000001394700" lastname="main" />
</exclusive-start>
<af-start id="39" threadId="0000000001395088" totalBytesRequested="39184" timestamp="2019-06-16T17:32:25.717" intervalms="65.827" type="nursery" />
<cycle-start id="40" type="scavenge" contextid="0" timestamp="2019-06-16T17:32:25.717" intervalms="65.795" />
<gc-start id="41" type="scavenge" contextid="40" timestamp="2019-06-16T17:32:25.717">
  <mem-info id="42" free="6047304" total="8388608" percent="72">
    <mem type="nursery" free="0" total="2097152" percent="0">
      <mem type="allocate" free="0" total="1048576" percent="0" />
      <mem type="survivor" free="0" total="1048576" percent="0" />
    </mem>
    <mem type="tenure" free="6047304" total="6291456" percent="96">
      <mem type="soa" free="5732936" total="5977088" percent="95" />
      <mem type="loa" free="314368" total="314368" percent="100" />
    </mem>
    <remembered-set count="1106" />
  </mem-info>
</gc-start>
<allocation-stats totalBytes="440304" >
  <allocated-bytes non-tlh="25128" tlh="415176" />
  <largest-consumer threadName="main" threadId="0000000001394700" bytes="440304" />
</allocation-stats>
<gc-op id="43" type="scavenge" timems="1.512" contextid="40" timestamp="2019-06-16T17:32:25.718">
  <scavenger-info tenureage="3" tenuremask="fff8" tiltratio="50" />
  <memory-copied type="nursery" objects="852" bytes="144824" bytesdiscarded="52104" />
  <memory-copied type="tenure" objects="10288" bytes="459816" bytesdiscarded="104" />
  <finalization candidates="14" enqueued="1" />
  <references type="soft" candidates="2" cleared="0" enqueued="0" dynamicThreshold="32" maxThreshold="32" />
  <references type="weak" candidates="70" cleared="55" enqueued="55" />
  <references type="phantom" candidates="27" cleared="12" enqueued="12" />
</gc-op>
<gc-end id="44" type="scavenge" contextid="40" durationms="1.705" usertimems="4.000" systemtimems="0.000" timestamp="2019-06-16T17:32:25.719" activeThreads="4">
  <mem-info id="45" free="6341408" total="8388608" percent="75">
    <mem type="nursery" free="851568" total="2097152" percent="40">
      <mem type="allocate" free="851568" total="1048576" percent="81" />
      <mem type="survivor" free="0" total="1048576" percent="0" />
    </mem>
    <mem type="tenure" free="5489840" total="6291456" percent="87">
      <mem type="soa" free="5175472" total="5977088" percent="86" />
      <mem type="loa" free="314368" total="314368" percent="100" />
    </mem>
    <pending-finalizers system="1" default="0" reference="67" classloader="0" />
    <remembered-set count="223" />
  </mem-info>
</gc-end>
<cycle-end id="46" type="scavenge" contextid="40" timestamp="2019-06-16T17:32:25.719" />
  <attribute name="elasticGC enabled" value="1" />
  <attribute name= "numThreadsSpecified" value="4" />
  <attribute name="heapSize specified" value="0" />
  <attribute name="Current GC Util" value="3" />
  <attribute name= "Current Time Running" value="187" />
  <attribute name ="GC Interval" value="200" />
  <attribute name="ProportionalT" value="-17.000000" />
  <attribute name="ProportionalI" value="-17.000000" />
  <attribute name="ProportionalH" value="-17.000000" />
  <attribute name="Current Error" value="-17.000000" />
  <attribute name="IntegralT" value="-214.000000" />
  <attribute name="IntegralI" value="-214.000000" />
  <attribute name="IntegralH" value="-214.000000" />
  <attribute name="DerivativeT" value="-0.325758" />
  <attribute name="DerivativeI" value="-0.325758" />
  <attribute name="DerivativeH" value="-0.325758" />
  <attribute name="Loop Time for DT" value="66.000000" />
  <attribute name="Output H" value="2092630016"/>
  <attribute name="Output I" value="200"/>
  <attribute name="Output T" value="4"/>
  <attribute name="Target GC Util Change" value ="20.000000" />
  <attribute name="Current GC Util Change" value="3.000000"/>
  <attribute name="GC Util currently" value="3" />
  <attribute name="CPU Util currently" value="3" />
<allocation-satisfied id="47" threadId="0000000001394700" bytesRequested="39184" />
<af-end id="48" timestamp="2019-06-16T17:32:25.719" threadId="0000000001395088" success="true" from="nursery"/>
<exclusive-end id="49" timestamp="2019-06-16T17:32:25.719" durationms="2.353" />

<exclusive-start id="50" timestamp="2019-06-16T17:32:25.787" intervalms="70.127">
  <response-info timems="0.052" idlems="0.052" threads="0" lastid="0000000001394700" lastname="main" />
</exclusive-start>
<af-start id="51" threadId="0000000001395088" totalBytesRequested="16" timestamp="2019-06-16T17:32:25.787" intervalms="70.174" type="nursery" />
<cycle-start id="52" type="scavenge" contextid="0" timestamp="2019-06-16T17:32:25.787" intervalms="70.214" />
<gc-start id="53" type="scavenge" contextid="52" timestamp="2019-06-16T17:32:25.787">
  <mem-info id="54" free="5400936" total="8388608" percent="64">
    <mem type="nursery" free="0" total="2097152" percent="0">
      <mem type="allocate" free="0" total="1048576" percent="0" />
      <mem type="survivor" free="0" total="1048576" percent="0" />
    </mem>
    <mem type="tenure" free="5400936" total="6291456" percent="85">
      <mem type="soa" free="5086568" total="5977088" percent="85" />
      <mem type="loa" free="314368" total="314368" percent="100" />
    </mem>
    <remembered-set count="1703" />
  </mem-info>
</gc-start>
<allocation-stats totalBytes="939928" >
  <allocated-bytes non-tlh="210632" tlh="729296" />
  <largest-consumer threadName="main" threadId="0000000001394700" bytes="935832" />
</allocation-stats>
<gc-op id="55" type="scavenge" timems="1.085" contextid="52" timestamp="2019-06-16T17:32:25.788">
  <scavenger-info tenureage="3" tenuremask="fff8" tiltratio="50" />
  <memory-copied type="nursery" objects="6337" bytes="326912" bytesdiscarded="23928" />
  <memory-copied type="tenure" objects="299" bytes="14984" bytesdiscarded="0" />
  <finalization candidates="46" enqueued="0" />
  <ownableSynchronizers candidates="1" cleared="0" />
  <references type="soft" candidates="48" cleared="0" enqueued="0" dynamicThreshold="32" maxThreshold="32" />
  <references type="weak" candidates="716" cleared="282" enqueued="193" />
  <references type="phantom" candidates="11" cleared="2" enqueued="2" />
</gc-op>
<gc-end id="56" type="scavenge" contextid="52" durationms="1.431" usertimems="0.000" systemtimems="0.000" timestamp="2019-06-16T17:32:25.789" activeThreads="4">
  <mem-info id="57" free="6059208" total="8388608" percent="72">
    <mem type="nursery" free="697440" total="2097152" percent="33">
      <mem type="allocate" free="697440" total="1048576" percent="66" />
      <mem type="survivor" free="0" total="1048576" percent="0" />
    </mem>
    <mem type="tenure" free="5361768" total="6291456" percent="85">
      <mem type="soa" free="5047400" total="5977088" percent="84" />
      <mem type="loa" free="314368" total="314368" percent="100" />
    </mem>
    <pending-finalizers system="0" default="0" reference="195" classloader="0" />
    <remembered-set count="1654" />
  </mem-info>
</gc-end>
<cycle-end id="58" type="scavenge" contextid="52" timestamp="2019-06-16T17:32:25.789" />
  <attribute name="elasticGC enabled" value="1" />
  <attribute name= "numThreadsSpecified" value="4" />
  <attribute name="heapSize specified" value="0" />
  <attribute name="Current GC Util" value="3" />
  <attribute name= "Current Time Running" value="257" />
  <attribute name ="GC Interval" value="200" />
  <attribute name="ProportionalT" value="-17.000000" />
  <attribute name="ProportionalI" value="-17.000000" />
  <attribute name="ProportionalH" value="-17.000000" />
  <attribute name="Current Error" value="-17.000000" />
  <attribute name="IntegralT" value="-1404.000000" />
  <attribute name="IntegralI" value="-1404.000000" />
  <attribute name="IntegralH" value="-1404.000000" />
  <attribute name="DerivativeT" value="-0.121429" />
  <attribute name="DerivativeI" value="-0.121429" />
  <attribute name="DerivativeH" value="-0.121429" />
  <attribute name="Loop Time for DT" value="70.000000" />
  <attribute name="Output H" value="2092630016"/>
  <attribute name="Output I" value="200"/>
  <attribute name="Output T" value="4"/>
  <attribute name="Target GC Util Change" value ="20.000000" />
  <attribute name="Current GC Util Change" value="3.000000"/>
  <attribute name="GC Util currently" value="3" />
  <attribute name="CPU Util currently" value="27" />
<allocation-satisfied id="59" threadId="0000000001394700" bytesRequested="16" />
<af-end id="60" timestamp="2019-06-16T17:32:25.789" threadId="0000000001395088" success="true" from="nursery"/>
<exclusive-end id="61" timestamp="2019-06-16T17:32:25.789" durationms="2.149" />

<exclusive-start id="62" timestamp="2019-06-16T17:32:25.870" intervalms="83.066">
  <response-info timems="0.029" idlems="0.029" threads="0" lastid="0000000001394700" lastname="main" />
</exclusive-start>
<sys-start reason="explicit" id="63" timestamp="2019-06-16T17:32:25.870" intervalms="456.317" />
<cycle-start id="64" type="global" contextid="0" timestamp="2019-06-16T17:32:25.870" intervalms="456.730" />
<gc-start id="65" type="global" contextid="64" timestamp="2019-06-16T17:32:25.871">
  <mem-info id="66" free="5329256" total="8388608" percent="63">
    <mem type="nursery" free="33872" total="2097152" percent="1">
      <mem type="allocate" free="33872" total="1048576" percent="3" />
      <mem type="survivor" free="0" total="1048576" percent="0" />
    </mem>
    <mem type="tenure" free="5295384" total="6291456" percent="84">
      <mem type="soa" free="4981016" total="5977088" percent="83" />
      <mem type="loa" free="314368" total="314368" percent="100" />
    </mem>
    <remembered-set count="2549" />
  </mem-info>
</gc-start>
<allocation-stats totalBytes="728848" >
  <allocated-bytes non-tlh="66400" tlh="662448" />
  <largest-consumer threadName="main" threadId="0000000001394700" bytes="705120" />
</allocation-stats>
<gc-op id="67" type="mark" timems="2.012" contextid="64" timestamp="2019-06-16T17:32:25.873">
  <trace-info objectcount="29276" scancount="23460" scanbytes="760116" />
  <finalization candidates="124" enqueued="0" />
  <ownableSynchronizers candidates="3" cleared="0" />
  <references type="soft" candidates="131" cleared="0" enqueued="0" dynamicThreshold="32" maxThreshold="32" />
  <references type="weak" candidates="753" cleared="74" enqueued="38" />
  <references type="phantom" candidates="38" cleared="1" enqueued="1" />
  <stringconstants candidates="3958" cleared="0"  />
</gc-op>
<gc-op id="68" type="classunload" timems="0.106" contextid="64" timestamp="2019-06-16T17:32:25.873">
  <classunload-info classloadercandidates="7" classloadersunloaded="0" classesunloaded="0" anonymousclassesunloaded="0" quiescems="0.000" setupms="0.106" scanms="0.000" postms="0.000" />
</gc-op>
<gc-op id="69" type="sweep" timems="0.618" contextid="64" timestamp="2019-06-16T17:32:25.874" />
<mem-info id="70" free="5852112" total="8388608" percent="69">
  <mem type="nursery" free="434216" total="2097152" percent="20">
    <mem type="allocate" free="434216" total="1048576" percent="41" />
    <mem type="survivor" free="0" total="1048576" percent="0" />
  </mem>
  <mem type="tenure" free="5417896" total="6291456" percent="86" micro-fragmented="5434" macro-fragmented="0">
    <mem type="soa" free="5103528" total="5977088" percent="85" />
    <mem type="loa" free="314368" total="314368" percent="100" />
  </mem>
  <pending-finalizers system="0" default="0" reference="39" classloader="0" />
  <remembered-set count="2493" />
</mem-info>
<gc-op id="71" type="compact" timems="5.725" contextid="64" timestamp="2019-06-16T17:32:25.880">
  <compact-info movecount="25269" movebytes="1138552" reason="compact to aid heap contraction" />
</gc-op>
<gc-end id="72" type="global" contextid="64" durationms="9.622" usertimems="12.000" systemtimems="0.000" timestamp="2019-06-16T17:32:25.880" activeThreads="4">
  <mem-info id="73" free="6026184" total="8388608" percent="71">
    <mem type="nursery" free="601000" total="2097152" percent="28">
      <mem type="allocate" free="601000" total="1048576" percent="57" />
      <mem type="survivor" free="0" total="1048576" percent="0" />
    </mem>
    <mem type="tenure" free="5425184" total="6291456" percent="86">
      <mem type="soa" free="5110816" total="5977088" percent="85" />
      <mem type="loa" free="314368" total="314368" percent="100" />
    </mem>
    <pending-finalizers system="0" default="0" reference="39" classloader="0" />
    <remembered-set count="2493" />
  </mem-info>
</gc-end>
<cycle-end id="74" type="global" contextid="64" timestamp="2019-06-16T17:32:25.880" />
  <attribute name="elasticGC enabled" value="1" />
  <attribute name= "numThreadsSpecified" value="4" />
  <attribute name="heapSize specified" value="8388608" />
  <attribute name="Current GC Util" value="78" />
  <attribute name= "Current Time Running" value="349" />
  <attribute name ="GC Interval" value="200" />
  <attribute name="ProportionalT" value="58.000000" />
  <attribute name="ProportionalI" value="58.000000" />
  <attribute name="ProportionalH" value="58.000000" />
  <attribute name="Current Error" value="58.000000" />
  <attribute name="IntegralT" value="290.000000" />
  <attribute name="IntegralI" value="290.000000" />
  <attribute name="IntegralH" value="290.000000" />
  <attribute name="DerivativeT" value="5.800000" />
  <attribute name="DerivativeI" value="5.800000" />
  <attribute name="DerivativeH" value="5.800000" />
  <attribute name="Loop Time for DT" value="5.000000" />
  <attribute name="Output H" value="8388608"/>
  <attribute name="Output I" value="360"/>
  <attribute name="Output T" value="4"/>
  <attribute name="Target GC Util Change" value ="20.000000" />
  <attribute name="Current GC Util Change" value="78.000000"/>
  <attribute name="GC Util currently" value="78" />
  <attribute name="CPU Util currently" value="789099895675" />
<sys-end id="75" timestamp="2019-06-16T17:32:25.880" />
<exclusive-end id="76" timestamp="2019-06-16T17:32:25.880" durationms="10.622" />

<exclusive-start id="77" timestamp="2019-06-16T17:32:25.893" intervalms="23.324">
  <response-info timems="0.037" idlems="0.037" threads="0" lastid="0000000001394700" lastname="main" />
</exclusive-start>
<af-start id="78" threadId="0000000001395088" totalBytesRequested="41360" timestamp="2019-06-16T17:32:25.893" intervalms="106.357" type="nursery" />
<cycle-start id="79" type="scavenge" contextid="0" timestamp="2019-06-16T17:32:25.893" intervalms="106.319" />
<gc-start id="80" type="scavenge" contextid="79" timestamp="2019-06-16T17:32:25.893">
  <mem-info id="81" free="5424088" total="8388608" percent="64">
    <mem type="nursery" free="0" total="2097152" percent="0">
      <mem type="allocate" free="0" total="1048576" percent="0" />
      <mem type="survivor" free="0" total="1048576" percent="0" />
    </mem>
    <mem type="tenure" free="5424088" total="6291456" percent="86">
      <mem type="soa" free="5109720" total="5977088" percent="85" />
      <mem type="loa" free="314368" total="314368" percent="100" />
    </mem>
    <remembered-set count="2514" />
  </mem-info>
</gc-start>
<allocation-stats totalBytes="595056" >
  <allocated-bytes non-tlh="83640" tlh="511416" />
  <largest-consumer threadName="main" threadId="0000000001394700" bytes="586864" />
</allocation-stats>
<gc-op id="82" type="scavenge" timems="1.334" contextid="79" timestamp="2019-06-16T17:32:25.895">
  <scavenger-info tenureage="2" tenuremask="7ffc" tiltratio="50" />
  <memory-copied type="nursery" objects="12729" bytes="593752" bytesdiscarded="60104" />
  <memory-copied type="tenure" objects="342" bytes="91872" bytesdiscarded="0" />
  <finalization candidates="113" enqueued="0" />
  <ownableSynchronizers candidates="6" cleared="3" />
  <references type="soft" candidates="68" cleared="0" enqueued="0" dynamicThreshold="27" maxThreshold="32" />
  <references type="weak" candidates="558" cleared="7" enqueued="7" />
  <references type="phantom" candidates="7" cleared="0" enqueued="0" />
</gc-op>
<gc-end id="83" type="scavenge" contextid="79" durationms="1.610" usertimems="0.000" systemtimems="0.000" timestamp="2019-06-16T17:32:25.895" activeThreads="4">
  <mem-info id="84" free="5789160" total="8388608" percent="69">
    <mem type="nursery" free="459808" total="2097152" percent="21">
      <mem type="allocate" free="459808" total="1114112" percent="41" />
      <mem type="survivor" free="0" total="983040" percent="0" />
    </mem>
    <mem type="tenure" free="5329352" total="6291456" percent="84">
      <mem type="soa" free="5014984" total="5977088" percent="83" />
      <mem type="loa" free="314368" total="314368" percent="100" />
    </mem>
    <pending-finalizers system="0" default="0" reference="7" classloader="0" />
    <remembered-set count="2424" />
  </mem-info>
</gc-end>
<cycle-end id="85" type="scavenge" contextid="79" timestamp="2019-06-16T17:32:25.895" />
  <attribute name="elasticGC enabled" value="1" />
  <attribute name= "numThreadsSpecified" value="4" />
  <attribute name="heapSize specified" value="8388608" />
  <attribute name="Current GC Util" value="52" />
  <attribute name= "Current Time Running" value="363" />
  <attribute name ="GC Interval" value="480" />
  <attribute name="ProportionalT" value="32.000000" />
  <attribute name="ProportionalI" value="32.000000" />
  <attribute name="ProportionalH" value="32.000000" />
  <attribute name="Current Error" value="32.000000" />
  <attribute name="IntegralT" value="448.000000" />
  <attribute name="IntegralI" value="448.000000" />
  <attribute name="IntegralH" value="448.000000" />
  <attribute name="DerivativeT" value="-0.928571" />
  <attribute name="DerivativeI" value="-0.928571" />
  <attribute name="DerivativeH" value="-0.928571" />
  <attribute name="Loop Time for DT" value="14.000000" />
  <attribute name="Output H" value="8388608"/>
  <attribute name="Output I" value="480"/>
  <attribute name="Output T" value="4"/>
  <attribute name="Target GC Util Change" value ="20.000000" />
  <attribute name="Current GC Util Change" value="52.000000"/>
  <attribute name="GC Util currently" value="52" />
  <attribute name="CPU Util currently" value="333699304858" />
<allocation-satisfied id="86" threadId="0000000001394700" bytesRequested="41360" />
<af-end id="87" timestamp="2019-06-16T17:32:25.895" threadId="0000000001395088" success="true" from="nursery"/>
<exclusive-end id="88" timestamp="2019-06-16T17:32:25.895" durationms="2.264" />

<exclusive-start id="89" timestamp="2019-06-16T17:32:25.916" intervalms="22.997">
  <response-info timems="0.040" idlems="0.040" threads="0" lastid="0000000001394700" lastname="main" />
</exclusive-start>
<af-start id="90" threadId="0000000001395088" totalBytesRequested="4104" timestamp="2019-06-16T17:32:25.916" intervalms="23.000" type="nursery" />
<cycle-start id="91" type="scavenge" contextid="0" timestamp="2019-06-16T17:32:25.916" intervalms="23.002" />
<gc-start id="92" type="scavenge" contextid="91" timestamp="2019-06-16T17:32:25.916">
  <mem-info id="93" free="5315224" total="8388608" percent="63">
    <mem type="nursery" free="0" total="2097152" percent="0">
      <mem type="allocate" free="0" total="1114112" percent="0" />
      <mem type="survivor" free="0" total="983040" percent="0" />
    </mem>
    <mem type="tenure" free="5315224" total="6291456" percent="84">
      <mem type="soa" free="5000856" total="5977088" percent="83" />
      <mem type="loa" free="314368" total="314368" percent="100" />
    </mem>
    <remembered-set count="2640" />
  </mem-info>
</gc-start>
<allocation-stats totalBytes="471504" >
  <allocated-bytes non-tlh="138208" tlh="333296" />
  <largest-consumer threadName="main" threadId="0000000001394700" bytes="471504" />
</allocation-stats>
<gc-op id="94" type="scavenge" timems="1.630" contextid="91" timestamp="2019-06-16T17:32:25.918">
  <scavenger-info tenureage="1" tenuremask="7ffe" tiltratio="53" />
  <memory-copied type="nursery" objects="3779" bytes="228272" bytesdiscarded="84160" />
  <memory-copied type="tenure" objects="12650" bytes="549336" bytesdiscarded="128" />
  <finalization candidates="111" enqueued="0" />
  <ownableSynchronizers candidates="3" cleared="0" />
  <references type="soft" candidates="9" cleared="0" enqueued="0" dynamicThreshold="27" maxThreshold="32" />
  <references type="weak" candidates="17" cleared="4" enqueued="2" />
</gc-op>
<gc-end id="95" type="scavenge" contextid="91" durationms="1.839" usertimems="0.000" systemtimems="0.000" timestamp="2019-06-16T17:32:25.918" activeThreads="4">
  <mem-info id="96" free="5503864" total="8388608" percent="65">
    <mem type="nursery" free="867184" total="2097152" percent="41">
      <mem type="allocate" free="867184" total="1179648" percent="73" />
      <mem type="survivor" free="0" total="917504" percent="0" />
    </mem>
    <mem type="tenure" free="4636680" total="6291456" percent="73">
      <mem type="soa" free="4322312" total="5977088" percent="72" />
      <mem type="loa" free="314368" total="314368" percent="100" />
    </mem>
    <pending-finalizers system="0" default="0" reference="2" classloader="0" />
    <remembered-set count="1185" />
  </mem-info>
</gc-end>
<cycle-end id="97" type="scavenge" contextid="91" timestamp="2019-06-16T17:32:25.918" />
  <attribute name="elasticGC enabled" value="1" />
  <attribute name= "numThreadsSpecified" value="4" />
  <attribute name="heapSize specified" value="8388608" />
  <attribute name="Current GC Util" value="10" />
  <attribute name= "Current Time Running" value="386" />
  <attribute name ="GC Interval" value="200" />
  <attribute name="ProportionalT" value="-10.000000" />
  <attribute name="ProportionalI" value="-10.000000" />
  <attribute name="ProportionalH" value="-10.000000" />
  <attribute name="Current Error" value="-10.000000" />
  <attribute name="IntegralT" value="-230.000000" />
  <attribute name="IntegralI" value="-230.000000" />
  <attribute name="IntegralH" value="-230.000000" />
  <attribute name="DerivativeT" value="-0.913043" />
  <attribute name="DerivativeI" value="-0.913043" />
  <attribute name="DerivativeH" value="-0.913043" />
  <attribute name="Loop Time for DT" value="23.000000" />
  <attribute name="Output H" value="2092630016"/>
  <attribute name="Output I" value="200"/>
  <attribute name="Output T" value="4"/>
  <attribute name="Target GC Util Change" value ="20.000000" />
  <attribute name="Current GC Util Change" value="10.000000"/>
  <attribute name="GC Util currently" value="10" />
  <attribute name="CPU Util currently" value="10" />
<allocation-satisfied id="98" threadId="0000000001394700" bytesRequested="4104" />
<af-end id="99" timestamp="2019-06-16T17:32:25.918" threadId="0000000001395088" success="true" from="nursery"/>
<exclusive-end id="100" timestamp="2019-06-16T17:32:25.918" durationms="2.332" />

<exclusive-start id="101" timestamp="2019-06-16T17:32:25.995" intervalms="78.904">
  <response-info timems="0.057" idlems="0.057" threads="0" lastid="0000000001394700" lastname="main" />
</exclusive-start>
<af-start id="102" threadId="0000000001395088" totalBytesRequested="15640" timestamp="2019-06-16T17:32:25.995" intervalms="78.955" type="nursery" />
<cycle-start id="103" type="scavenge" contextid="0" timestamp="2019-06-16T17:32:25.995" intervalms="78.986" />
<gc-start id="104" type="scavenge" contextid="103" timestamp="2019-06-16T17:32:25.995">
  <mem-info id="105" free="4613768" total="8388608" percent="55">
    <mem type="nursery" free="0" total="2097152" percent="0">
      <mem type="allocate" free="0" total="1179648" percent="0" />
      <mem type="survivor" free="0" total="917504" percent="0" />
    </mem>
    <mem type="tenure" free="4613768" total="6291456" percent="73">
      <mem type="soa" free="4299400" total="5977088" percent="71" />
      <mem type="loa" free="314368" total="314368" percent="100" />
    </mem>
    <remembered-set count="1501" />
  </mem-info>
</gc-start>
<allocation-stats totalBytes="877840" >
  <allocated-bytes non-tlh="211336" tlh="666504" />
  <largest-consumer threadName="main" threadId="0000000001394700" bytes="873744" />
</allocation-stats>
<gc-op id="106" type="scavenge" timems="0.726" contextid="103" timestamp="2019-06-16T17:32:25.996">
  <scavenger-info tenureage="1" tenuremask="7ffe" tiltratio="56" />
  <memory-copied type="nursery" objects="2584" bytes="196432" bytesdiscarded="29456" />
  <memory-copied type="tenure" objects="917" bytes="114440" bytesdiscarded="0" />
  <references type="soft" candidates="3" cleared="0" enqueued="0" dynamicThreshold="27" maxThreshold="32" />
  <references type="weak" candidates="6" cleared="3" enqueued="3" />
  <references type="phantom" candidates="1" cleared="0" enqueued="0" />
</gc-op>
<gc-end id="107" type="scavenge" contextid="103" durationms="1.029" usertimems="0.000" systemtimems="0.000" timestamp="2019-06-16T17:32:25.996" activeThreads="4">
  <mem-info id="108" free="5537456" total="8388608" percent="66">
    <mem type="nursery" free="1084744" total="2097152" percent="51">
      <mem type="allocate" free="1084744" total="1310720" percent="82" />
      <mem type="survivor" free="0" total="786432" percent="0" />
    </mem>
    <mem type="tenure" free="4452712" total="6291456" percent="70">
      <mem type="soa" free="4138344" total="5977088" percent="69" />
      <mem type="loa" free="314368" total="314368" percent="100" />
    </mem>
    <pending-finalizers system="0" default="0" reference="3" classloader="0" />
    <remembered-set count="627" />
  </mem-info>
</gc-end>
<cycle-end id="109" type="scavenge" contextid="103" timestamp="2019-06-16T17:32:25.997" />
  <attribute name="elasticGC enabled" value="1" />
  <attribute name= "numThreadsSpecified" value="4" />
  <attribute name="heapSize specified" value="8388608" />
  <attribute name="Current GC Util" value="4" />
  <attribute name= "Current Time Running" value="465" />
  <attribute name ="GC Interval" value="200" />
  <attribute name="ProportionalT" value="-16.000000" />
  <attribute name="ProportionalI" value="-16.000000" />
  <attribute name="ProportionalH" value="-16.000000" />
  <attribute name="Current Error" value="-16.000000" />
  <attribute name="IntegralT" value="-1264.000000" />
  <attribute name="IntegralI" value="-1264.000000" />
  <attribute name="IntegralH" value="-1264.000000" />
  <attribute name="DerivativeT" value="-0.101266" />
  <attribute name="DerivativeI" value="-0.101266" />
  <attribute name="DerivativeH" value="-0.101266" />
  <attribute name="Loop Time for DT" value="79.000000" />
  <attribute name="Output H" value="2092630016"/>
  <attribute name="Output I" value="200"/>
  <attribute name="Output T" value="4"/>
  <attribute name="Target GC Util Change" value ="20.000000" />
  <attribute name="Current GC Util Change" value="4.000000"/>
  <attribute name="GC Util currently" value="4" />
  <attribute name="CPU Util currently" value="14" />
<allocation-satisfied id="110" threadId="0000000001394700" bytesRequested="15640" />
<af-end id="111" timestamp="2019-06-16T17:32:25.997" threadId="0000000001395088" success="true" from="nursery"/>
<exclusive-end id="112" timestamp="2019-06-16T17:32:25.997" durationms="1.722" />

<exclusive-start id="113" timestamp="2019-06-16T17:32:26.028" intervalms="32.744">
  <response-info timems="0.055" idlems="0.055" threads="0" lastid="0000000001394700" lastname="main" />
</exclusive-start>
<af-start id="114" threadId="0000000001395088" totalBytesRequested="3176" timestamp="2019-06-16T17:32:26.028" intervalms="32.727" type="nursery" />
<cycle-start id="115" type="scavenge" contextid="0" timestamp="2019-06-16T17:32:26.028" intervalms="32.744" />
<gc-start id="116" type="scavenge" contextid="115" timestamp="2019-06-16T17:32:26.028">
  <mem-info id="117" free="4431304" total="8388608" percent="52">
    <mem type="nursery" free="0" total="2097152" percent="0">
      <mem type="allocate" free="0" total="1310720" percent="0" />
      <mem type="survivor" free="0" total="786432" percent="0" />
    </mem>
    <mem type="tenure" free="4431304" total="6291456" percent="70">
      <mem type="soa" free="4116936" total="5977088" percent="68" />
      <mem type="loa" free="314368" total="314368" percent="100" />
    </mem>
    <remembered-set count="933" />
  </mem-info>
</gc-start>
<allocation-stats totalBytes="1078528" >
  <allocated-bytes non-tlh="37048" tlh="1041480" />
  <largest-consumer threadName="main" threadId="0000000001394700" bytes="1078528" />
</allocation-stats>
<gc-op id="118" type="scavenge" timems="0.627" contextid="115" timestamp="2019-06-16T17:32:26.029">
  <scavenger-info tenureage="1" tenuremask="7ffe" tiltratio="62" />
  <memory-copied type="nursery" objects="1214" bytes="58672" bytesdiscarded="58792" />
  <memory-copied type="tenure" objects="2553" bytes="163744" bytesdiscarded="112" />
  <references type="soft" candidates="4" cleared="0" enqueued="0" dynamicThreshold="27" maxThreshold="32" />
  <references type="weak" candidates="19" cleared="17" enqueued="17" />
</gc-op>
<gc-end id="119" type="scavenge" contextid="115" durationms="0.965" usertimems="0.000" systemtimems="0.000" timestamp="2019-06-16T17:32:26.029" activeThreads="4">
  <mem-info id="120" free="5546040" total="8388608" percent="66">
    <mem type="nursery" free="1258752" total="2097152" percent="60">
      <mem type="allocate" free="1258752" total="1376256" percent="91" />
      <mem type="survivor" free="0" total="720896" percent="0" />
    </mem>
    <mem type="tenure" free="4287288" total="6291456" percent="68">
      <mem type="soa" free="3972920" total="5977088" percent="66" />
      <mem type="loa" free="314368" total="314368" percent="100" />
    </mem>
    <pending-finalizers system="0" default="0" reference="17" classloader="0" />
    <remembered-set count="667" />
  </mem-info>
</gc-end>
<cycle-end id="121" type="scavenge" contextid="115" timestamp="2019-06-16T17:32:26.029" />
  <attribute name="elasticGC enabled" value="1" />
  <attribute name= "numThreadsSpecified" value="4" />
  <attribute name="heapSize specified" value="8388608" />
  <attribute name="Current GC Util" value="3" />
  <attribute name= "Current Time Running" value="498" />
  <attribute name ="GC Interval" value="200" />
  <attribute name="ProportionalT" value="-17.000000" />
  <attribute name="ProportionalI" value="-17.000000" />
  <attribute name="ProportionalH" value="-17.000000" />
  <attribute name="Current Error" value="-17.000000" />
  <attribute name="IntegralT" value="-561.000000" />
  <attribute name="IntegralI" value="-561.000000" />
  <attribute name="IntegralH" value="-561.000000" />
  <attribute name="DerivativeT" value="-0.257576" />
  <attribute name="DerivativeI" value="-0.257576" />
  <attribute name="DerivativeH" value="-0.257576" />
  <attribute name="Loop Time for DT" value="33.000000" />
  <attribute name="Output H" value="2092630016"/>
  <attribute name="Output I" value="200"/>
  <attribute name="Output T" value="4"/>
  <attribute name="Target GC Util Change" value ="20.000000" />
  <attribute name="Current GC Util Change" value="3.000000"/>
  <attribute name="GC Util currently" value="3" />
  <attribute name="CPU Util currently" value="140725609474" />
<allocation-satisfied id="122" threadId="0000000001394700" bytesRequested="3176" />
<af-end id="123" timestamp="2019-06-16T17:32:26.029" threadId="0000000001395088" success="true" from="nursery"/>
<exclusive-end id="124" timestamp="2019-06-16T17:32:26.029" durationms="1.606" />

<exclusive-start id="125" timestamp="2019-06-16T17:32:26.041" intervalms="13.354">
  <response-info timems="0.060" idlems="0.060" threads="0" lastid="00000000016E5D00" lastname="Thread-3" />
</exclusive-start>
<af-start id="126" threadId="00000000016E6688" totalBytesRequested="2712" timestamp="2019-06-16T17:32:26.041" intervalms="13.396" type="nursery" />
<cycle-start id="127" type="scavenge" contextid="0" timestamp="2019-06-16T17:32:26.041" intervalms="13.421" />
<gc-start id="128" type="scavenge" contextid="127" timestamp="2019-06-16T17:32:26.042">
  <mem-info id="129" free="4286384" total="8388608" percent="51">
    <mem type="nursery" free="0" total="2097152" percent="0">
      <mem type="allocate" free="0" total="1376256" percent="0" />
      <mem type="survivor" free="0" total="720896" percent="0" />
    </mem>
    <mem type="tenure" free="4286384" total="6291456" percent="68">
      <mem type="soa" free="3972016" total="5977088" percent="66" />
      <mem type="loa" free="314368" total="314368" percent="100" />
    </mem>
    <remembered-set count="684" />
  </mem-info>
</gc-start>
<allocation-stats totalBytes="1249304" >
  <allocated-bytes non-tlh="221200" tlh="1028104" />
  <largest-consumer threadName="Thread-3" threadId="00000000016E5D00" bytes="1009384" />
</allocation-stats>
<gc-op id="130" type="scavenge" timems="0.519" contextid="127" timestamp="2019-06-16T17:32:26.042">
  <scavenger-info tenureage="2" tenuremask="7ffc" tiltratio="65" />
  <memory-copied type="nursery" objects="1682" bytes="718784" bytesdiscarded="2048" />
  <memory-copied type="tenure" objects="699" bytes="494160" bytesdiscarded="224" />
  <copy-failed type="nursery" objects="699" bytes="494168" />
  <references type="soft" candidates="4" cleared="0" enqueued="0" dynamicThreshold="27" maxThreshold="32" />
  <references type="weak" candidates="2" cleared="0" enqueued="0" />
</gc-op>
<gc-end id="131" type="scavenge" contextid="127" durationms="0.983" usertimems="0.000" systemtimems="0.000" timestamp="2019-06-16T17:32:26.043" activeThreads="4">
  <mem-info id="132" free="4098384" total="8388608" percent="48">
    <mem type="nursery" free="327680" total="2097152" percent="15">
      <mem type="allocate" free="327680" total="1048576" percent="31" />
      <mem type="survivor" free="0" total="1048576" percent="0" />
    </mem>
    <mem type="tenure" free="3770704" total="6291456" percent="59">
      <mem type="soa" free="3456336" total="5977088" percent="57" />
      <mem type="loa" free="314368" total="314368" percent="100" />
    </mem>
    <remembered-set count="403" />
  </mem-info>
</gc-end>
<cycle-end id="133" type="scavenge" contextid="127" timestamp="2019-06-16T17:32:26.043" />
  <attribute name="elasticGC enabled" value="1" />
  <attribute name= "numThreadsSpecified" value="4" />
  <attribute name="heapSize specified" value="8388608" />
  <attribute name="Current GC Util" value="8" />
  <attribute name= "Current Time Running" value="512" />
  <attribute name ="GC Interval" value="200" />
  <attribute name="ProportionalT" value="-12.000000" />
  <attribute name="ProportionalI" value="-12.000000" />
  <attribute name="ProportionalH" value="-12.000000" />
  <attribute name="Current Error" value="-12.000000" />
  <attribute name="IntegralT" value="-168.000000" />
  <attribute name="IntegralI" value="-168.000000" />
  <attribute name="IntegralH" value="-168.000000" />
  <attribute name="DerivativeT" value="-0.428571" />
  <attribute name="DerivativeI" value="-0.428571" />
  <attribute name="DerivativeH" value="-0.428571" />
  <attribute name="Loop Time for DT" value="14.000000" />
  <attribute name="Output H" value="2092630016"/>
  <attribute name="Output I" value="200"/>
  <attribute name="Output T" value="4"/>
  <attribute name="Target GC Util Change" value ="20.000000" />
  <attribute name="Current GC Util Change" value="8.000000"/>
  <attribute name="GC Util currently" value="8" />
  <attribute name="CPU Util currently" value="340889241707" />
<allocation-satisfied id="134" threadId="00000000016E5D00" bytesRequested="2712" />
<af-end id="135" timestamp="2019-06-16T17:32:26.043" threadId="00000000016E6688" success="true" from="nursery"/>
<exclusive-end id="136" timestamp="2019-06-16T17:32:26.043" durationms="1.769" />

<exclusive-start id="137" timestamp="2019-06-16T17:32:26.045" intervalms="3.742">
  <response-info timems="0.038" idlems="0.038" threads="0" lastid="00000000016F1100" lastname="Thread-6" />
</exclusive-start>
<af-start id="138" threadId="00000000016F1A88" totalBytesRequested="24" timestamp="2019-06-16T17:32:26.045" intervalms="3.646" type="nursery" />
<cycle-start id="139" type="scavenge" contextid="0" timestamp="2019-06-16T17:32:26.045" intervalms="3.558" />
<gc-start id="140" type="scavenge" contextid="139" timestamp="2019-06-16T17:32:26.045">
  <mem-info id="141" free="3770704" total="8388608" percent="44">
    <mem type="nursery" free="0" total="2097152" percent="0">
      <mem type="allocate" free="0" total="1048576" percent="0" />
      <mem type="survivor" free="0" total="1048576" percent="0" />
    </mem>
    <mem type="tenure" free="3770704" total="6291456" percent="59">
      <mem type="soa" free="3456336" total="5977088" percent="57" />
      <mem type="loa" free="314368" total="314368" percent="100" />
    </mem>
    <remembered-set count="403" />
  </mem-info>
</gc-start>
<allocation-stats totalBytes="318616" >
  <allocated-bytes non-tlh="2712" tlh="315904" />
  <largest-consumer threadName="Thread-3" threadId="00000000016E5D00" bytes="318616" />
</allocation-stats>
<gc-op id="142" type="scavenge" timems="0.352" contextid="139" timestamp="2019-06-16T17:32:26.045">
  <scavenger-info tenureage="1" tenuremask="fffe" tiltratio="50" />
  <memory-copied type="nursery" objects="135" bytes="168664" bytesdiscarded="120" />
  <memory-copied type="tenure" objects="1118" bytes="57536" bytesdiscarded="32" />
</gc-op>
<gc-end id="143" type="scavenge" contextid="139" durationms="0.521" usertimems="0.000" systemtimems="0.000" timestamp="2019-06-16T17:32:26.046" activeThreads="4">
  <mem-info id="144" free="4532992" total="8388608" percent="54">
    <mem type="nursery" free="879792" total="2097152" percent="41">
      <mem type="allocate" free="879792" total="1048576" percent="83" />
      <mem type="survivor" free="0" total="1048576" percent="0" />
    </mem>
    <mem type="tenure" free="3653200" total="6291456" percent="58">
      <mem type="soa" free="3338832" total="5977088" percent="55" />
      <mem type="loa" free="314368" total="314368" percent="100" />
    </mem>
    <remembered-set count="102" />
  </mem-info>
</gc-end>
<cycle-end id="145" type="scavenge" contextid="139" timestamp="2019-06-16T17:32:26.046" />
  <attribute name="elasticGC enabled" value="1" />
  <attribute name= "numThreadsSpecified" value="4" />
  <attribute name="heapSize specified" value="8388608" />
  <attribute name="Current GC Util" value="33" />
  <attribute name= "Current Time Running" value="515" />
  <attribute name ="GC Interval" value="200" />
  <attribute name="ProportionalT" value="13.000000" />
  <attribute name="ProportionalI" value="13.000000" />
  <attribute name="ProportionalH" value="13.000000" />
  <attribute name="Current Error" value="13.000000" />
  <attribute name="IntegralT" value="39.000000" />
  <attribute name="IntegralI" value="39.000000" />
  <attribute name="IntegralH" value="39.000000" />
  <attribute name="DerivativeT" value="2.166667" />
  <attribute name="DerivativeI" value="2.166667" />
  <attribute name="DerivativeH" value="2.166667" />
  <attribute name="Loop Time for DT" value="3.000000" />
  <attribute name="Output H" value="8388608"/>
  <attribute name="Output I" value="200"/>
  <attribute name="Output T" value="4"/>
  <attribute name="Target GC Util Change" value ="20.000000" />
  <attribute name="Current GC Util Change" value="33.000000"/>
  <attribute name="GC Util currently" value="33" />
  <attribute name="CPU Util currently" value="1413980478104" />
<allocation-satisfied id="146" threadId="00000000016F1100" bytesRequested="24" />
<af-end id="147" timestamp="2019-06-16T17:32:26.046" threadId="00000000016F1A88" success="true" from="nursery"/>
<exclusive-end id="148" timestamp="2019-06-16T17:32:26.046" durationms="0.890" />

<exclusive-start id="149" timestamp="2019-06-16T17:32:26.066" intervalms="21.580">
  <response-info timems="0.061" idlems="0.061" threads="0" lastid="00000000016F1100" lastname="Thread-6" />
</exclusive-start>
<af-start id="150" threadId="00000000016F1A88" totalBytesRequested="48" timestamp="2019-06-16T17:32:26.067" intervalms="21.659" type="nursery" />
<cycle-start id="151" type="scavenge" contextid="0" timestamp="2019-06-16T17:32:26.067" intervalms="21.731" />
<gc-start id="152" type="scavenge" contextid="151" timestamp="2019-06-16T17:32:26.067">
  <mem-info id="153" free="3651008" total="8388608" percent="43">
    <mem type="nursery" free="0" total="2097152" percent="0">
      <mem type="allocate" free="0" total="1048576" percent="0" />
      <mem type="survivor" free="0" total="1048576" percent="0" />
    </mem>
    <mem type="tenure" free="3651008" total="6291456" percent="58">
      <mem type="soa" free="3336640" total="5977088" percent="55" />
      <mem type="loa" free="314368" total="314368" percent="100" />
    </mem>
    <remembered-set count="141" />
  </mem-info>
</gc-start>
<allocation-stats totalBytes="880840" >
  <allocated-bytes non-tlh="134344" tlh="746496" />
  <largest-consumer threadName="Thread-6" threadId="00000000016F1100" bytes="748584" />
</allocation-stats>
<gc-op id="154" type="scavenge" timems="0.510" contextid="151" timestamp="2019-06-16T17:32:26.068">
  <scavenger-info tenureage="1" tenuremask="fffe" tiltratio="50" />
  <memory-copied type="nursery" objects="3087" bytes="295752" bytesdiscarded="98232" />
  <memory-copied type="tenure" objects="129" bytes="168520" bytesdiscarded="520" />
</gc-op>
<gc-end id="155" type="scavenge" contextid="151" durationms="0.867" usertimems="0.000" systemtimems="0.000" timestamp="2019-06-16T17:32:26.068" activeThreads="4">
  <mem-info id="156" free="4158168" total="8388608" percent="49">
    <mem type="nursery" free="654592" total="2097152" percent="31">
      <mem type="allocate" free="654592" total="1048576" percent="62" />
      <mem type="survivor" free="0" total="1048576" percent="0" />
    </mem>
    <mem type="tenure" free="3503576" total="6291456" percent="55">
      <mem type="soa" free="3189208" total="5977088" percent="53" />
      <mem type="loa" free="314368" total="314368" percent="100" />
    </mem>
    <remembered-set count="126" />
  </mem-info>
</gc-end>
<cycle-end id="157" type="scavenge" contextid="151" timestamp="2019-06-16T17:32:26.068" />
  <attribute name="elasticGC enabled" value="1" />
  <attribute name= "numThreadsSpecified" value="4" />
  <attribute name="heapSize specified" value="8388608" />
  <attribute name="Current GC Util" value="3" />
  <attribute name= "Current Time Running" value="537" />
  <attribute name ="GC Interval" value="200" />
  <attribute name="ProportionalT" value="-17.000000" />
  <attribute name="ProportionalI" value="-17.000000" />
  <attribute name="ProportionalH" value="-17.000000" />
  <attribute name="Current Error" value="-17.000000" />
  <attribute name="IntegralT" value="-374.000000" />
  <attribute name="IntegralI" value="-374.000000" />
  <attribute name="IntegralH" value="-374.000000" />
  <attribute name="DerivativeT" value="-0.681818" />
  <attribute name="DerivativeI" value="-0.681818" />
  <attribute name="DerivativeH" value="-0.681818" />
  <attribute name="Loop Time for DT" value="22.000000" />
  <attribute name="Output H" value="2092630016"/>
  <attribute name="Output I" value="200"/>
  <attribute name="Output T" value="4"/>
  <attribute name="Target GC Util Change" value ="20.000000" />
  <attribute name="Current GC Util Change" value="3.000000"/>
  <attribute name="GC Util currently" value="3" />
  <attribute name="CPU Util currently" value="210219880623" />
<allocation-satisfied id="158" threadId="00000000016F1100" bytesRequested="48" />
<af-end id="159" timestamp="2019-06-16T17:32:26.068" threadId="00000000016F1A88" success="true" from="nursery"/>
<exclusive-end id="160" timestamp="2019-06-16T17:32:26.068" durationms="1.711" />

<exclusive-start id="161" timestamp="2019-06-16T17:32:26.093" intervalms="26.393">
  <response-info timems="0.067" idlems="0.067" threads="0" lastid="00000000016F1100" lastname="Thread-6" />
</exclusive-start>
<af-start id="162" threadId="00000000016F1A88" totalBytesRequested="98360" timestamp="2019-06-16T17:32:26.093" intervalms="26.368" type="nursery" />
<cycle-start id="163" type="scavenge" contextid="0" timestamp="2019-06-16T17:32:26.093" intervalms="26.343" />
<gc-start id="164" type="scavenge" contextid="163" timestamp="2019-06-16T17:32:26.093">
  <mem-info id="165" free="3580368" total="8388608" percent="42">
    <mem type="nursery" free="77024" total="2097152" percent="3">
      <mem type="allocate" free="77024" total="1048576" percent="7" />
      <mem type="survivor" free="0" total="1048576" percent="0" />
    </mem>
    <mem type="tenure" free="3503344" total="6291456" percent="55">
      <mem type="soa" free="3188976" total="5977088" percent="53" />
      <mem type="loa" free="314368" total="314368" percent="100" />
    </mem>
    <remembered-set count="129" />
  </mem-info>
</gc-start>
<allocation-stats totalBytes="577776" >
  <allocated-bytes non-tlh="389384" tlh="188392" />
  <largest-consumer threadName="Thread-6" threadId="00000000016F1100" bytes="577776" />
</allocation-stats>
<gc-op id="166" type="scavenge" timems="0.607" contextid="163" timestamp="2019-06-16T17:32:26.094">
  <scavenger-info tenureage="1" tenuremask="fffe" tiltratio="50" />
  <memory-copied type="nursery" objects="1067" bytes="248480" bytesdiscarded="65640" />
  <memory-copied type="tenure" objects="3076" bytes="295512" bytesdiscarded="56" />
</gc-op>
<gc-end id="167" type="scavenge" contextid="163" durationms="0.978" usertimems="4.000" systemtimems="0.000" timestamp="2019-06-16T17:32:26.094" activeThreads="4">
  <mem-info id="168" free="3941448" total="8388608" percent="46">
    <mem type="nursery" free="734456" total="2097152" percent="35">
      <mem type="allocate" free="734456" total="1048576" percent="70" />
      <mem type="survivor" free="0" total="1048576" percent="0" />
    </mem>
    <mem type="tenure" free="3206992" total="6291456" percent="50">
      <mem type="soa" free="2892624" total="5977088" percent="48" />
      <mem type="loa" free="314368" total="314368" percent="100" />
    </mem>
    <remembered-set count="134" />
  </mem-info>
</gc-end>
<cycle-end id="169" type="scavenge" contextid="163" timestamp="2019-06-16T17:32:26.094" />
  <attribute name="elasticGC enabled" value="1" />
  <attribute name= "numThreadsSpecified" value="4" />
  <attribute name="heapSize specified" value="8388608" />
  <attribute name="Current GC Util" value="4" />
  <attribute name= "Current Time Running" value="563" />
  <attribute name ="GC Interval" value="200" />
  <attribute name="ProportionalT" value="-16.000000" />
  <attribute name="ProportionalI" value="-16.000000" />
  <attribute name="ProportionalH" value="-16.000000" />
  <attribute name="Current Error" value="-16.000000" />
  <attribute name="IntegralT" value="-416.000000" />
  <attribute name="IntegralI" value="-416.000000" />
  <attribute name="IntegralH" value="-416.000000" />
  <attribute name="DerivativeT" value="-0.307692" />
  <attribute name="DerivativeI" value="-0.307692" />
  <attribute name="DerivativeH" value="-0.307692" />
  <attribute name="Loop Time for DT" value="26.000000" />
  <attribute name="Output H" value="2092630016"/>
  <attribute name="Output I" value="200"/>
  <attribute name="Output T" value="4"/>
  <attribute name="Target GC Util Change" value ="20.000000" />
  <attribute name="Current GC Util Change" value="4.000000"/>
  <attribute name="GC Util currently" value="4" />
  <attribute name="CPU Util currently" value="0" />
<allocation-satisfied id="170" threadId="00000000016F1100" bytesRequested="98360" />
<af-end id="171" timestamp="2019-06-16T17:32:26.095" threadId="00000000016F1A88" success="true" from="nursery"/>
<exclusive-end id="172" timestamp="2019-06-16T17:32:26.095" durationms="1.762" />

<exclusive-start id="173" timestamp="2019-06-16T17:32:26.122" intervalms="29.019">
  <response-info timems="0.109" idlems="0.109" threads="0" lastid="00000000016F1100" lastname="Thread-6" />
</exclusive-start>
<af-start id="174" threadId="00000000016F1A88" totalBytesRequested="25640" timestamp="2019-06-16T17:32:26.122" intervalms="29.020" type="nursery" />
<cycle-start id="175" type="scavenge" contextid="0" timestamp="2019-06-16T17:32:26.122" intervalms="29.021" />
<gc-start id="176" type="scavenge" contextid="175" timestamp="2019-06-16T17:32:26.122">
  <mem-info id="177" free="3206992" total="8388608" percent="38">
    <mem type="nursery" free="0" total="2097152" percent="0">
      <mem type="allocate" free="0" total="1048576" percent="0" />
      <mem type="survivor" free="0" total="1048576" percent="0" />
    </mem>
    <mem type="tenure" free="3206992" total="6291456" percent="50">
      <mem type="soa" free="2892624" total="5977088" percent="48" />
      <mem type="loa" free="314368" total="314368" percent="100" />
    </mem>
    <remembered-set count="134" />
  </mem-info>
</gc-start>
<allocation-stats totalBytes="713712" >
  <allocated-bytes non-tlh="325672" tlh="388040" />
  <largest-consumer threadName="Thread-6" threadId="00000000016F1100" bytes="713712" />
</allocation-stats>
<gc-op id="178" type="scavenge" timems="0.369" contextid="175" timestamp="2019-06-16T17:32:26.123">
  <scavenger-info tenureage="1" tenuremask="fffe" tiltratio="50" />
  <memory-copied type="nursery" objects="11" bytes="192264" bytesdiscarded="25096" />
  <memory-copied type="tenure" objects="1062" bytes="51720" bytesdiscarded="0" />
</gc-op>
<gc-end id="179" type="scavenge" contextid="175" durationms="0.682" usertimems="4.000" systemtimems="0.000" timestamp="2019-06-16T17:32:26.123" activeThreads="4">
  <mem-info id="180" free="3968320" total="8388608" percent="47">
    <mem type="nursery" free="831216" total="2097152" percent="39">
      <mem type="allocate" free="831216" total="1048576" percent="79" />
      <mem type="survivor" free="0" total="1048576" percent="0" />
    </mem>
    <mem type="tenure" free="3137104" total="6291456" percent="49">
      <mem type="soa" free="2822736" total="5977088" percent="47" />
      <mem type="loa" free="314368" total="314368" percent="100" />
    </mem>
    <remembered-set count="113" />
  </mem-info>
</gc-end>
<cycle-end id="181" type="scavenge" contextid="175" timestamp="2019-06-16T17:32:26.123" />
  <attribute name="elasticGC enabled" value="1" />
  <attribute name= "numThreadsSpecified" value="4" />
  <attribute name="heapSize specified" value="8388608" />
  <attribute name="Current GC Util" value="4" />
  <attribute name= "Current Time Running" value="592" />
  <attribute name ="GC Interval" value="200" />
  <attribute name="ProportionalT" value="-16.000000" />
  <attribute name="ProportionalI" value="-16.000000" />
  <attribute name="ProportionalH" value="-16.000000" />
  <attribute name="Current Error" value="-16.000000" />
  <attribute name="IntegralT" value="-464.000000" />
  <attribute name="IntegralI" value="-464.000000" />
  <attribute name="IntegralH" value="-464.000000" />
  <attribute name="DerivativeT" value="-0.275862" />
  <attribute name="DerivativeI" value="-0.275862" />
  <attribute name="DerivativeH" value="-0.275862" />
  <attribute name="Loop Time for DT" value="29.000000" />
  <attribute name="Output H" value="2092630016"/>
  <attribute name="Output I" value="200"/>
  <attribute name="Output T" value="4"/>
  <attribute name="Target GC Util Change" value ="20.000000" />
  <attribute name="Current GC Util Change" value="4.000000"/>
  <attribute name="GC Util currently" value="4" />
  <attribute name="CPU Util currently" value="159078384248" />
<allocation-satisfied id="182" threadId="00000000016F1100" bytesRequested="25640" />
<af-end id="183" timestamp="2019-06-16T17:32:26.123" threadId="00000000016F1A88" success="true" from="nursery"/>
<exclusive-end id="184" timestamp="2019-06-16T17:32:26.123" durationms="1.309" />

<exclusive-start id="185" timestamp="2019-06-16T17:32:26.142" intervalms="19.635">
  <response-info timems="0.061" idlems="0.061" threads="0" lastid="00000000016F1100" lastname="Thread-6" />
</exclusive-start>
<af-start id="186" threadId="00000000016F1A88" totalBytesRequested="4616" timestamp="2019-06-16T17:32:26.142" intervalms="19.641" type="nursery" />
<cycle-start id="187" type="scavenge" contextid="0" timestamp="2019-06-16T17:32:26.142" intervalms="19.639" />
<gc-start id="188" type="scavenge" contextid="187" timestamp="2019-06-16T17:32:26.142">
  <mem-info id="189" free="3137104" total="8388608" percent="37">
    <mem type="nursery" free="0" total="2097152" percent="0">
      <mem type="allocate" free="0" total="1048576" percent="0" />
      <mem type="survivor" free="0" total="1048576" percent="0" />
    </mem>
    <mem type="tenure" free="3137104" total="6291456" percent="49">
      <mem type="soa" free="2822736" total="5977088" percent="47" />
      <mem type="loa" free="314368" total="314368" percent="100" />
    </mem>
    <remembered-set count="113" />
  </mem-info>
</gc-start>
<allocation-stats totalBytes="825808" >
  <allocated-bytes non-tlh="25640" tlh="800168" />
  <largest-consumer threadName="Thread-6" threadId="00000000016F1100" bytes="825808" />
</allocation-stats>
<gc-op id="190" type="scavenge" timems="0.327" contextid="187" timestamp="2019-06-16T17:32:26.142">
  <scavenger-info tenureage="1" tenuremask="fffe" tiltratio="50" />
  <memory-copied type="nursery" objects="14" bytes="32424" bytesdiscarded="65016" />
  <memory-copied type="tenure" objects="4" bytes="147520" bytesdiscarded="0" />
</gc-op>
<gc-end id="191" type="scavenge" contextid="187" durationms="0.757" usertimems="0.000" systemtimems="0.000" timestamp="2019-06-16T17:32:26.143" activeThreads="4">
  <mem-info id="192" free="3989976" total="8388608" percent="47">
    <mem type="nursery" free="951136" total="2097152" percent="45">
      <mem type="allocate" free="951136" total="1048576" percent="90" />
      <mem type="survivor" free="0" total="1048576" percent="0" />
    </mem>
    <mem type="tenure" free="3038840" total="6291456" percent="48">
      <mem type="soa" free="2724472" total="5977088" percent="45" />
      <mem type="loa" free="314368" total="314368" percent="100" />
    </mem>
    <remembered-set count="113" />
  </mem-info>
</gc-end>
<cycle-end id="193" type="scavenge" contextid="187" timestamp="2019-06-16T17:32:26.143" />
  <attribute name="elasticGC enabled" value="1" />
  <attribute name= "numThreadsSpecified" value="4" />
  <attribute name="heapSize specified" value="8388608" />
  <attribute name="Current GC Util" value="4" />
  <attribute name= "Current Time Running" value="612" />
  <attribute name ="GC Interval" value="200" />
  <attribute name="ProportionalT" value="-16.000000" />
  <attribute name="ProportionalI" value="-16.000000" />
  <attribute name="ProportionalH" value="-16.000000" />
  <attribute name="Current Error" value="-16.000000" />
  <attribute name="IntegralT" value="-320.000000" />
  <attribute name="IntegralI" value="-320.000000" />
  <attribute name="IntegralH" value="-320.000000" />
  <attribute name="DerivativeT" value="-0.400000" />
  <attribute name="DerivativeI" value="-0.400000" />
  <attribute name="DerivativeH" value="-0.400000" />
  <attribute name="Loop Time for DT" value="20.000000" />
  <attribute name="Output H" value="2092630016"/>
  <attribute name="Output I" value="200"/>
  <attribute name="Output T" value="4"/>
  <attribute name="Target GC Util Change" value ="20.000000" />
  <attribute name="Current GC Util Change" value="4.000000"/>
  <attribute name="GC Util currently" value="4" />
  <attribute name="CPU Util currently" value="233883211917" />
<allocation-satisfied id="194" threadId="00000000016F1100" bytesRequested="4616" />
<af-end id="195" timestamp="2019-06-16T17:32:26.143" threadId="00000000016F1A88" success="true" from="nursery"/>
<exclusive-end id="196" timestamp="2019-06-16T17:32:26.143" durationms="1.470" />

<exclusive-start id="197" timestamp="2019-06-16T17:32:26.145" intervalms="3.854">
  <response-info timems="0.030" idlems="0.030" threads="0" lastid="00000000016F1100" lastname="Thread-6" />
</exclusive-start>
<af-start id="198" threadId="00000000016F1A88" totalBytesRequested="10664" timestamp="2019-06-16T17:32:26.145" intervalms="3.799" type="nursery" />
<cycle-start id="199" type="scavenge" contextid="0" timestamp="2019-06-16T17:32:26.145" intervalms="3.765" />
<gc-start id="200" type="scavenge" contextid="199" timestamp="2019-06-16T17:32:26.146">
  <mem-info id="201" free="3038840" total="8388608" percent="36">
    <mem type="nursery" free="0" total="2097152" percent="0">
      <mem type="allocate" free="0" total="1048576" percent="0" />
      <mem type="survivor" free="0" total="1048576" percent="0" />
    </mem>
    <mem type="tenure" free="3038840" total="6291456" percent="48">
      <mem type="soa" free="2724472" total="5977088" percent="45" />
      <mem type="loa" free="314368" total="314368" percent="100" />
    </mem>
    <remembered-set count="113" />
  </mem-info>
</gc-start>
<allocation-stats totalBytes="943264" >
  <allocated-bytes non-tlh="4616" tlh="938648" />
  <largest-consumer threadName="Thread-6" threadId="00000000016F1100" bytes="943264" />
</allocation-stats>
<gc-op id="202" type="scavenge" timems="0.183" contextid="199" timestamp="2019-06-16T17:32:26.146">
  <scavenger-info tenureage="2" tenuremask="fffc" tiltratio="50" />
  <memory-copied type="nursery" objects="10" bytes="62496" bytesdiscarded="59056" />
</gc-op>
<gc-end id="203" type="scavenge" contextid="199" durationms="0.373" usertimems="4.000" systemtimems="0.000" timestamp="2019-06-16T17:32:26.146" activeThreads="4">
  <mem-info id="204" free="4096936" total="8388608" percent="48">
    <mem type="nursery" free="1058096" total="2097152" percent="50">
      <mem type="allocate" free="1058096" total="1179648" percent="89" />
      <mem type="survivor" free="0" total="917504" percent="0" />
    </mem>
    <mem type="tenure" free="3038840" total="6291456" percent="48">
      <mem type="soa" free="2724472" total="5977088" percent="45" />
      <mem type="loa" free="314368" total="314368" percent="100" />
    </mem>
    <remembered-set count="113" />
  </mem-info>
</gc-end>
<cycle-end id="205" type="scavenge" contextid="199" timestamp="2019-06-16T17:32:26.146" />
  <attribute name="elasticGC enabled" value="1" />
  <attribute name= "numThreadsSpecified" value="4" />
  <attribute name="heapSize specified" value="8388608" />
  <attribute name="Current GC Util" value="18" />
  <attribute name= "Current Time Running" value="615" />
  <attribute name ="GC Interval" value="200" />
  <attribute name="ProportionalT" value="-2.000000" />
  <attribute name="ProportionalI" value="-2.000000" />
  <attribute name="ProportionalH" value="-2.000000" />
  <attribute name="Current Error" value="-2.000000" />
  <attribute name="IntegralT" value="-6.000000" />
  <attribute name="IntegralI" value="-6.000000" />
  <attribute name="IntegralH" value="-6.000000" />
  <attribute name="DerivativeT" value="-0.333333" />
  <attribute name="DerivativeI" value="-0.333333" />
  <attribute name="DerivativeH" value="-0.333333" />
  <attribute name="Loop Time for DT" value="3.000000" />
  <attribute name="Output H" value="2092630016"/>
  <attribute name="Output I" value="200"/>
  <attribute name="Output T" value="4"/>
  <attribute name="Target GC Util Change" value ="20.000000" />
  <attribute name="Current GC Util Change" value="18.000000"/>
  <attribute name="GC Util currently" value="18" />
  <attribute name="CPU Util currently" value="1294213729135" />
<allocation-satisfied id="206" threadId="00000000016F1100" bytesRequested="10664" />
<af-end id="207" timestamp="2019-06-16T17:32:26.146" threadId="00000000016F1A88" success="true" from="nursery"/>
<exclusive-end id="208" timestamp="2019-06-16T17:32:26.146" durationms="0.879" />

<exclusive-start id="209" timestamp="2019-06-16T17:32:26.149" intervalms="3.311">
  <response-info timems="0.064" idlems="0.064" threads="0" lastid="00000000016F1100" lastname="Thread-6" />
</exclusive-start>
<af-start id="210" threadId="00000000016F1A88" totalBytesRequested="46496" timestamp="2019-06-16T17:32:26.149" intervalms="3.311" type="nursery" />
<cycle-start id="211" type="scavenge" contextid="0" timestamp="2019-06-16T17:32:26.149" intervalms="3.343" />
<gc-start id="212" type="scavenge" contextid="211" timestamp="2019-06-16T17:32:26.149">
  <mem-info id="213" free="3038840" total="8388608" percent="36">
    <mem type="nursery" free="0" total="2097152" percent="0">
      <mem type="allocate" free="0" total="1179648" percent="0" />
      <mem type="survivor" free="0" total="917504" percent="0" />
    </mem>
    <mem type="tenure" free="3038840" total="6291456" percent="48">
      <mem type="soa" free="2724472" total="5977088" percent="45" />
      <mem type="loa" free="314368" total="314368" percent="100" />
    </mem>
    <remembered-set count="113" />
  </mem-info>
</gc-start>
<allocation-stats totalBytes="1028336" >
  <allocated-bytes non-tlh="59824" tlh="968512" />
  <largest-consumer threadName="Thread-6" threadId="00000000016F1100" bytes="1028336" />
</allocation-stats>
<gc-op id="214" type="scavenge" timems="0.210" contextid="211" timestamp="2019-06-16T17:32:26.149">
  <scavenger-info tenureage="3" tenuremask="fff8" tiltratio="56" />
  <memory-copied type="nursery" objects="47" bytes="142616" bytesdiscarded="38432" />
</gc-op>
<gc-end id="215" type="scavenge" contextid="211" durationms="0.391" usertimems="0.000" systemtimems="0.000" timestamp="2019-06-16T17:32:26.149" activeThreads="4">
  <mem-info id="216" free="4168512" total="8388608" percent="49">
    <mem type="nursery" free="1129672" total="2097152" percent="53">
      <mem type="allocate" free="1129672" total="1310720" percent="86" />
      <mem type="survivor" free="0" total="786432" percent="0" />
    </mem>
    <mem type="tenure" free="3038840" total="6291456" percent="48">
      <mem type="soa" free="2724472" total="5977088" percent="45" />
      <mem type="loa" free="314368" total="314368" percent="100" />
    </mem>
    <remembered-set count="112" />
  </mem-info>
</gc-end>
<cycle-end id="217" type="scavenge" contextid="211" timestamp="2019-06-16T17:32:26.149" />
  <attribute name="elasticGC enabled" value="1" />
  <attribute name= "numThreadsSpecified" value="4" />
  <attribute name="heapSize specified" value="8388608" />
  <attribute name="Current GC Util" value="13" />
  <attribute name= "Current Time Running" value="619" />
  <attribute name ="GC Interval" value="200" />
  <attribute name="ProportionalT" value="-7.000000" />
  <attribute name="ProportionalI" value="-7.000000" />
  <attribute name="ProportionalH" value="-7.000000" />
  <attribute name="Current Error" value="-7.000000" />
  <attribute name="IntegralT" value="-28.000000" />
  <attribute name="IntegralI" value="-28.000000" />
  <attribute name="IntegralH" value="-28.000000" />
  <attribute name="DerivativeT" value="-0.875000" />
  <attribute name="DerivativeI" value="-0.875000" />
  <attribute name="DerivativeH" value="-0.875000" />
  <attribute name="Loop Time for DT" value="4.000000" />
  <attribute name="Output H" value="2092630016"/>
  <attribute name="Output I" value="200"/>
  <attribute name="Output T" value="4"/>
  <attribute name="Target GC Util Change" value ="20.000000" />
  <attribute name="Current GC Util Change" value="13.000000"/>
  <attribute name="GC Util currently" value="13" />
  <attribute name="CPU Util currently" value="1384976788983" />
<allocation-satisfied id="218" threadId="00000000016F1100" bytesRequested="46496" />
<af-end id="219" timestamp="2019-06-16T17:32:26.150" threadId="00000000016F1A88" success="true" from="nursery"/>
<exclusive-end id="220" timestamp="2019-06-16T17:32:26.150" durationms="0.914" />

<exclusive-start id="221" timestamp="2019-06-16T17:32:26.153" intervalms="3.832">
  <response-info timems="0.030" idlems="0.030" threads="0" lastid="00000000016F1100" lastname="Thread-6" />
</exclusive-start>
<af-start id="222" threadId="00000000016F1A88" totalBytesRequested="4616" timestamp="2019-06-16T17:32:26.153" intervalms="3.831" type="nursery" />
<cycle-start id="223" type="scavenge" contextid="0" timestamp="2019-06-16T17:32:26.153" intervalms="3.832" />
<gc-start id="224" type="scavenge" contextid="223" timestamp="2019-06-16T17:32:26.153">
  <mem-info id="225" free="3038840" total="8388608" percent="36">
    <mem type="nursery" free="0" total="2097152" percent="0">
      <mem type="allocate" free="0" total="1310720" percent="0" />
      <mem type="survivor" free="0" total="786432" percent="0" />
    </mem>
    <mem type="tenure" free="3038840" total="6291456" percent="48">
      <mem type="soa" free="2724472" total="5977088" percent="45" />
      <mem type="loa" free="314368" total="314368" percent="100" />
    </mem>
    <remembered-set count="112" />
  </mem-info>
</gc-start>
<allocation-stats totalBytes="1114056" >
  <allocated-bytes non-tlh="92992" tlh="1021064" />
  <largest-consumer threadName="Thread-6" threadId="00000000016F1100" bytes="1114056" />
</allocation-stats>
<gc-op id="226" type="scavenge" timems="0.185" contextid="223" timestamp="2019-06-16T17:32:26.153">
  <scavenger-info tenureage="3" tenuremask="fff8" tiltratio="62" />
  <memory-copied type="nursery" objects="19" bytes="122424" bytesdiscarded="40456" />
</gc-op>
<gc-end id="227" type="scavenge" contextid="223" durationms="0.369" usertimems="0.000" systemtimems="0.000" timestamp="2019-06-16T17:32:26.153" activeThreads="4">
  <mem-info id="228" free="4317752" total="8388608" percent="51">
    <mem type="nursery" free="1278912" total="2097152" percent="60">
      <mem type="allocate" free="1278912" total="1441792" percent="88" />
      <mem type="survivor" free="0" total="655360" percent="0" />
    </mem>
    <mem type="tenure" free="3038840" total="6291456" percent="48">
      <mem type="soa" free="2724472" total="5977088" percent="45" />
      <mem type="loa" free="314368" total="314368" percent="100" />
    </mem>
    <remembered-set count="110" />
  </mem-info>
</gc-end>
<cycle-end id="229" type="scavenge" contextid="223" timestamp="2019-06-16T17:32:26.153" />
  <attribute name="elasticGC enabled" value="1" />
  <attribute name= "numThreadsSpecified" value="4" />
  <attribute name="heapSize specified" value="8388608" />
  <attribute name="Current GC Util" value="12" />
  <attribute name= "Current Time Running" value="623" />
  <attribute name ="GC Interval" value="200" />
  <attribute name="ProportionalT" value="-8.000000" />
  <attribute name="ProportionalI" value="-8.000000" />
  <attribute name="ProportionalH" value="-8.000000" />
  <attribute name="Current Error" value="-8.000000" />
  <attribute name="IntegralT" value="-32.000000" />
  <attribute name="IntegralI" value="-32.000000" />
  <attribute name="IntegralH" value="-32.000000" />
  <attribute name="DerivativeT" value="-1.000000" />
  <attribute name="DerivativeI" value="-1.000000" />
  <attribute name="DerivativeH" value="-1.000000" />
  <attribute name="Loop Time for DT" value="4.000000" />
  <attribute name="Output H" value="2092630016"/>
  <attribute name="Output I" value="200"/>
  <attribute name="Output T" value="4"/>
  <attribute name="Target GC Util Change" value ="20.000000" />
  <attribute name="Current GC Util Change" value="12.000000"/>
  <attribute name="GC Util currently" value="12" />
  <attribute name="CPU Util currently" value="1201597936405" />
<allocation-satisfied id="230" threadId="00000000016F1100" bytesRequested="4616" />
<af-end id="231" timestamp="2019-06-16T17:32:26.153" threadId="00000000016F1A88" success="true" from="nursery"/>
<exclusive-end id="232" timestamp="2019-06-16T17:32:26.153" durationms="0.831" />

<exclusive-start id="233" timestamp="2019-06-16T17:32:26.164" intervalms="11.550">
  <response-info timems="0.106" idlems="0.064" threads="1" lastid="0000000001394700" lastname="main" />
</exclusive-start>
<af-start id="234" threadId="00000000016F1A88" totalBytesRequested="24" timestamp="2019-06-16T17:32:26.164" intervalms="11.603" type="nursery" />
<cycle-start id="235" type="scavenge" contextid="0" timestamp="2019-06-16T17:32:26.164" intervalms="11.611" />
<gc-start id="236" type="scavenge" contextid="235" timestamp="2019-06-16T17:32:26.164">
  <mem-info id="237" free="3033792" total="8388608" percent="36">
    <mem type="nursery" free="0" total="2097152" percent="0">
      <mem type="allocate" free="0" total="1441792" percent="0" />
      <mem type="survivor" free="0" total="655360" percent="0" />
    </mem>
    <mem type="tenure" free="3033792" total="6291456" percent="48">
      <mem type="soa" free="2719424" total="5977088" percent="45" />
      <mem type="loa" free="314368" total="314368" percent="100" />
    </mem>
    <remembered-set count="191" />
  </mem-info>
</gc-start>
<allocation-stats totalBytes="1281024" >
  <allocated-bytes non-tlh="196976" tlh="1084048" />
  <largest-consumer threadName="main" threadId="0000000001394700" bytes="89960" />
</allocation-stats>
<gc-op id="238" type="scavenge" timems="1.757" contextid="235" timestamp="2019-06-16T17:32:26.166">
  <scavenger-info tenureage="4" tenuremask="fff0" tiltratio="68" />
  <memory-copied type="nursery" objects="590" bytes="117816" bytesdiscarded="21120" />
</gc-op>
<heap-resize id="239" type="expand" space="nursery" amount="262144" count="1" timems="0.189" reason="excessive time being spent scavenging" timestamp="2019-06-16T17:32:26.167" />
<gc-end id="240" type="scavenge" contextid="235" durationms="2.542" usertimems="0.000" systemtimems="0.000" timestamp="2019-06-16T17:32:26.167" activeThreads="4">
  <mem-info id="241" free="4533232" total="8650752" percent="52">
    <mem type="nursery" free="1499440" total="2359296" percent="63">
      <mem type="allocate" free="1499440" total="1638400" percent="91" />
      <mem type="survivor" free="0" total="720896" percent="0" />
    </mem>
    <mem type="tenure" free="3033792" total="6291456" percent="48">
      <mem type="soa" free="2719424" total="5977088" percent="45" />
      <mem type="loa" free="314368" total="314368" percent="100" />
    </mem>
    <remembered-set count="185" />
  </mem-info>
</gc-end>
<cycle-end id="242" type="scavenge" contextid="235" timestamp="2019-06-16T17:32:26.167" />
  <attribute name="elasticGC enabled" value="1" />
  <attribute name= "numThreadsSpecified" value="4" />
  <attribute name="heapSize specified" value="8388608" />
  <attribute name="Current GC Util" value="3" />
  <attribute name= "Current Time Running" value="634" />
  <attribute name ="GC Interval" value="200" />
  <attribute name="ProportionalT" value="-17.000000" />
  <attribute name="ProportionalI" value="-17.000000" />
  <attribute name="ProportionalH" value="-17.000000" />
  <attribute name="Current Error" value="-17.000000" />
  <attribute name="IntegralT" value="-187.000000" />
  <attribute name="IntegralI" value="-187.000000" />
  <attribute name="IntegralH" value="-187.000000" />
  <attribute name="DerivativeT" value="-0.772727" />
  <attribute name="DerivativeI" value="-0.772727" />
  <attribute name="DerivativeH" value="-0.772727" />
  <attribute name="Loop Time for DT" value="11.000000" />
  <attribute name="Output H" value="2092630016"/>
  <attribute name="Output I" value="200"/>
  <attribute name="Output T" value="4"/>
  <attribute name="Target GC Util Change" value ="20.000000" />
  <attribute name="Current GC Util Change" value="3.000000"/>
  <attribute name="GC Util currently" value="3" />
  <attribute name="CPU Util currently" value="393104854782" />
<allocation-satisfied id="243" threadId="00000000016F1100" bytesRequested="24" />
<af-end id="244" timestamp="2019-06-16T17:32:26.167" threadId="00000000016F1A88" success="true" from="nursery"/>
<exclusive-end id="245" timestamp="2019-06-16T17:32:26.167" durationms="3.300" />

<exclusive-start id="246" timestamp="2019-06-16T17:32:26.221" intervalms="56.698">
  <response-info timems="0.095" idlems="0.095" threads="0" lastid="00000000016ED500" lastname="Thread-8" />
</exclusive-start>
<af-start id="247" threadId="00000000016EDE88" totalBytesRequested="40" timestamp="2019-06-16T17:32:26.221" intervalms="56.715" type="nursery" />
<cycle-start id="248" type="scavenge" contextid="0" timestamp="2019-06-16T17:32:26.221" intervalms="56.718" />
<gc-start id="249" type="scavenge" contextid="248" timestamp="2019-06-16T17:32:26.221">
  <mem-info id="250" free="3033016" total="8650752" percent="35">
    <mem type="nursery" free="0" total="2359296" percent="0">
      <mem type="allocate" free="0" total="1638400" percent="0" />
      <mem type="survivor" free="0" total="720896" percent="0" />
    </mem>
    <mem type="tenure" free="3033016" total="6291456" percent="48">
      <mem type="soa" free="2718648" total="5977088" percent="45" />
      <mem type="loa" free="314368" total="314368" percent="100" />
    </mem>
    <remembered-set count="198" />
  </mem-info>
</gc-start>
<allocation-stats totalBytes="1499136" >
  <allocated-bytes non-tlh="236976" tlh="1262160" />
  <largest-consumer threadName="Thread-8" threadId="00000000016ED500" bytes="1307600" />
</allocation-stats>
<gc-op id="251" type="scavenge" timems="0.394" contextid="248" timestamp="2019-06-16T17:32:26.222">
  <scavenger-info tenureage="4" tenuremask="fff0" tiltratio="69" />
  <memory-copied type="nursery" objects="5525" bytes="428088" bytesdiscarded="13944" />
</gc-op>
<gc-end id="252" type="scavenge" contextid="248" durationms="0.740" usertimems="0.000" systemtimems="0.000" timestamp="2019-06-16T17:32:26.222" activeThreads="4">
  <mem-info id="253" free="4163808" total="8650752" percent="48">
    <mem type="nursery" free="1130792" total="2359296" percent="47">
      <mem type="allocate" free="1130792" total="1572864" percent="71" />
      <mem type="survivor" free="0" total="786432" percent="0" />
    </mem>
    <mem type="tenure" free="3033016" total="6291456" percent="48">
      <mem type="soa" free="2718648" total="5977088" percent="45" />
      <mem type="loa" free="314368" total="314368" percent="100" />
    </mem>
    <remembered-set count="152" />
  </mem-info>
</gc-end>
<cycle-end id="254" type="scavenge" contextid="248" timestamp="2019-06-16T17:32:26.222" />
  <attribute name="elasticGC enabled" value="1" />
  <attribute name= "numThreadsSpecified" value="4" />
  <attribute name="heapSize specified" value="8388608" />
  <attribute name="Current GC Util" value="3" />
  <attribute name= "Current Time Running" value="691" />
  <attribute name ="GC Interval" value="200" />
  <attribute name="ProportionalT" value="-17.000000" />
  <attribute name="ProportionalI" value="-17.000000" />
  <attribute name="ProportionalH" value="-17.000000" />
  <attribute name="Current Error" value="-17.000000" />
  <attribute name="IntegralT" value="-969.000000" />
  <attribute name="IntegralI" value="-969.000000" />
  <attribute name="IntegralH" value="-969.000000" />
  <attribute name="DerivativeT" value="-0.149123" />
  <attribute name="DerivativeI" value="-0.149123" />
  <attribute name="DerivativeH" value="-0.149123" />
  <attribute name="Loop Time for DT" value="57.000000" />
  <attribute name="Output H" value="2092630016"/>
  <attribute name="Output I" value="200"/>
  <attribute name="Output T" value="4"/>
  <attribute name="Target GC Util Change" value ="20.000000" />
  <attribute name="Current GC Util Change" value="3.000000"/>
  <attribute name="GC Util currently" value="3" />
  <attribute name="CPU Util currently" value="6" />
<allocation-satisfied id="255" threadId="00000000016ED500" bytesRequested="40" />
<af-end id="256" timestamp="2019-06-16T17:32:26.222" threadId="00000000016EDE88" success="true" from="nursery"/>
<exclusive-end id="257" timestamp="2019-06-16T17:32:26.222" durationms="1.544" />

<exclusive-start id="258" timestamp="2019-06-16T17:32:26.241" intervalms="20.545">
  <response-info timems="0.068" idlems="0.068" threads="0" lastid="00000000016ED500" lastname="Thread-8" />
</exclusive-start>
<af-start id="259" threadId="00000000016EDE88" totalBytesRequested="40" timestamp="2019-06-16T17:32:26.241" intervalms="20.527" type="nursery" />
<cycle-start id="260" type="scavenge" contextid="0" timestamp="2019-06-16T17:32:26.242" intervalms="20.522" />
<gc-start id="261" type="scavenge" contextid="260" timestamp="2019-06-16T17:32:26.242">
  <mem-info id="262" free="3033016" total="8650752" percent="35">
    <mem type="nursery" free="0" total="2359296" percent="0">
      <mem type="allocate" free="0" total="1572864" percent="0" />
      <mem type="survivor" free="0" total="786432" percent="0" />
    </mem>
    <mem type="tenure" free="3033016" total="6291456" percent="48">
      <mem type="soa" free="2718648" total="5977088" percent="45" />
      <mem type="loa" free="314368" total="314368" percent="100" />
    </mem>
    <remembered-set count="152" />
  </mem-info>
</gc-start>
<allocation-stats totalBytes="1130544" >
  <allocated-bytes non-tlh="40" tlh="1130504" />
  <largest-consumer threadName="Thread-8" threadId="00000000016ED500" bytes="1130544" />
</allocation-stats>
<gc-op id="263" type="scavenge" timems="0.380" contextid="260" timestamp="2019-06-16T17:32:26.242">
  <scavenger-info tenureage="3" tenuremask="fff8" tiltratio="66" />
  <memory-copied type="nursery" objects="5618" bytes="430336" bytesdiscarded="64688" />
</gc-op>
<gc-end id="264" type="scavenge" contextid="260" durationms="0.770" usertimems="4.000" systemtimems="0.000" timestamp="2019-06-16T17:32:26.242" activeThreads="4">
  <mem-info id="265" free="4307424" total="8650752" percent="49">
    <mem type="nursery" free="1274408" total="2359296" percent="54">
      <mem type="allocate" free="1274408" total="1769472" percent="72" />
      <mem type="survivor" free="0" total="589824" percent="0" />
    </mem>
    <mem type="tenure" free="3033016" total="6291456" percent="48">
      <mem type="soa" free="2718648" total="5977088" percent="45" />
      <mem type="loa" free="314368" total="314368" percent="100" />
    </mem>
    <remembered-set count="84" />
  </mem-info>
</gc-end>
<cycle-end id="266" type="scavenge" contextid="260" timestamp="2019-06-16T17:32:26.243" />
  <attribute name="elasticGC enabled" value="1" />
  <attribute name= "numThreadsSpecified" value="4" />
  <attribute name="heapSize specified" value="8388608" />
  <attribute name="Current GC Util" value="3" />
  <attribute name= "Current Time Running" value="712" />
  <attribute name ="GC Interval" value="200" />
  <attribute name="ProportionalT" value="-17.000000" />
  <attribute name="ProportionalI" value="-17.000000" />
  <attribute name="ProportionalH" value="-17.000000" />
  <attribute name="Current Error" value="-17.000000" />
  <attribute name="IntegralT" value="-357.000000" />
  <attribute name="IntegralI" value="-357.000000" />
  <attribute name="IntegralH" value="-357.000000" />
  <attribute name="DerivativeT" value="-0.404762" />
  <attribute name="DerivativeI" value="-0.404762" />
  <attribute name="DerivativeH" value="-0.404762" />
  <attribute name="Loop Time for DT" value="21.000000" />
  <attribute name="Output H" value="2092630016"/>
  <attribute name="Output I" value="200"/>
  <attribute name="Output T" value="4"/>
  <attribute name="Target GC Util Change" value ="20.000000" />
  <attribute name="Current GC Util Change" value="3.000000"/>
  <attribute name="GC Util currently" value="3" />
  <attribute name="CPU Util currently" value="224121118497" />
<allocation-satisfied id="267" threadId="00000000016ED500" bytesRequested="40" />
<af-end id="268" timestamp="2019-06-16T17:32:26.243" threadId="00000000016EDE88" success="true" from="nursery"/>
<exclusive-end id="269" timestamp="2019-06-16T17:32:26.243" durationms="1.482" />

<exclusive-start id="270" timestamp="2019-06-16T17:32:26.254" intervalms="12.998">
  <response-info timems="0.060" idlems="0.060" threads="0" lastid="00000000016ED500" lastname="Thread-8" />
</exclusive-start>
<af-start id="271" threadId="00000000016EDE88" totalBytesRequested="40" timestamp="2019-06-16T17:32:26.254" intervalms="12.993" type="nursery" />
<cycle-start id="272" type="scavenge" contextid="0" timestamp="2019-06-16T17:32:26.255" intervalms="12.990" />
<gc-start id="273" type="scavenge" contextid="272" timestamp="2019-06-16T17:32:26.255">
  <mem-info id="274" free="3033016" total="8650752" percent="35">
    <mem type="nursery" free="0" total="2359296" percent="0">
      <mem type="allocate" free="0" total="1769472" percent="0" />
      <mem type="survivor" free="0" total="589824" percent="0" />
    </mem>
    <mem type="tenure" free="3033016" total="6291456" percent="48">
      <mem type="soa" free="2718648" total="5977088" percent="45" />
      <mem type="loa" free="314368" total="314368" percent="100" />
    </mem>
    <remembered-set count="84" />
  </mem-info>
</gc-start>
<allocation-stats totalBytes="1274096" >
  <allocated-bytes non-tlh="40" tlh="1274056" />
  <largest-consumer threadName="Thread-8" threadId="00000000016ED500" bytes="1274096" />
</allocation-stats>
<gc-op id="275" type="scavenge" timems="0.532" contextid="272" timestamp="2019-06-16T17:32:26.255">
  <scavenger-info tenureage="2" tenuremask="fffc" tiltratio="75" />
  <memory-copied type="nursery" objects="242" bytes="6072" bytesdiscarded="195144" />
  <memory-copied type="tenure" objects="5450" bytes="425912" bytesdiscarded="64" />
</gc-op>
<gc-end id="276" type="scavenge" contextid="272" durationms="0.827" usertimems="4.000" systemtimems="0.000" timestamp="2019-06-16T17:32:26.255" activeThreads="4">
  <mem-info id="277" free="4198360" total="8650752" percent="48">
    <mem type="nursery" free="1633792" total="2359296" percent="69">
      <mem type="allocate" free="1633792" total="1835008" percent="89" />
      <mem type="survivor" free="0" total="524288" percent="0" />
    </mem>
    <mem type="tenure" free="2564568" total="6291456" percent="40">
      <mem type="soa" free="2250200" total="5977088" percent="37" />
      <mem type="loa" free="314368" total="314368" percent="100" />
    </mem>
    <remembered-set count="267" />
  </mem-info>
</gc-end>
<cycle-end id="278" type="scavenge" contextid="272" timestamp="2019-06-16T17:32:26.256" />
  <attribute name="elasticGC enabled" value="1" />
  <attribute name= "numThreadsSpecified" value="4" />
  <attribute name="heapSize specified" value="8388608" />
  <attribute name="Current GC Util" value="6" />
  <attribute name= "Current Time Running" value="725" />
  <attribute name ="GC Interval" value="200" />
  <attribute name="ProportionalT" value="-14.000000" />
  <attribute name="ProportionalI" value="-14.000000" />
  <attribute name="ProportionalH" value="-14.000000" />
  <attribute name="Current Error" value="-14.000000" />
  <attribute name="IntegralT" value="-182.000000" />
  <attribute name="IntegralI" value="-182.000000" />
  <attribute name="IntegralH" value="-182.000000" />
  <attribute name="DerivativeT" value="-0.538462" />
  <attribute name="DerivativeI" value="-0.538462" />
  <attribute name="DerivativeH" value="-0.538462" />
  <attribute name="Loop Time for DT" value="13.000000" />
  <attribute name="Output H" value="2092630016"/>
  <attribute name="Output I" value="200"/>
  <attribute name="Output T" value="4"/>
  <attribute name="Target GC Util Change" value ="20.000000" />
  <attribute name="Current GC Util Change" value="6.000000"/>
  <attribute name="GC Util currently" value="6" />
  <attribute name="CPU Util currently" value="356994804605" />
<allocation-satisfied id="279" threadId="00000000016ED500" bytesRequested="40" />
<af-end id="280" timestamp="2019-06-16T17:32:26.256" threadId="00000000016EDE88" success="true" from="nursery"/>
<exclusive-end id="281" timestamp="2019-06-16T17:32:26.256" durationms="1.562" />

<exclusive-start id="282" timestamp="2019-06-16T17:32:26.269" intervalms="14.375">
  <response-info timems="0.054" idlems="0.054" threads="0" lastid="00000000016ED500" lastname="Thread-8" />
</exclusive-start>
<af-start id="283" threadId="00000000016EDE88" totalBytesRequested="24" timestamp="2019-06-16T17:32:26.269" intervalms="14.416" type="nursery" />
<cycle-start id="284" type="scavenge" contextid="0" timestamp="2019-06-16T17:32:26.269" intervalms="14.467" />
<gc-start id="285" type="scavenge" contextid="284" timestamp="2019-06-16T17:32:26.269">
  <mem-info id="286" free="2564568" total="8650752" percent="29">
    <mem type="nursery" free="0" total="2359296" percent="0">
      <mem type="allocate" free="0" total="1835008" percent="0" />
      <mem type="survivor" free="0" total="524288" percent="0" />
    </mem>
    <mem type="tenure" free="2564568" total="6291456" percent="40">
      <mem type="soa" free="2250200" total="5977088" percent="37" />
      <mem type="loa" free="314368" total="314368" percent="100" />
    </mem>
    <remembered-set count="364" />
  </mem-info>
</gc-start>
<allocation-stats totalBytes="1633528" >
  <allocated-bytes non-tlh="40" tlh="1633488" />
  <largest-consumer threadName="Thread-8" threadId="00000000016ED500" bytes="1633528" />
</allocation-stats>
<gc-op id="287" type="scavenge" timems="0.197" contextid="284" timestamp="2019-06-16T17:32:26.270">
  <scavenger-info tenureage="5" tenuremask="ffe0" tiltratio="77" />
  <memory-copied type="nursery" objects="367" bytes="9184" bytesdiscarded="60704" />
</gc-op>
<gc-end id="288" type="scavenge" contextid="284" durationms="0.535" usertimems="0.000" systemtimems="0.000" timestamp="2019-06-16T17:32:26.270" activeThreads="4">
  <mem-info id="289" free="4395224" total="8650752" percent="50">
    <mem type="nursery" free="1830656" total="2359296" percent="77">
      <mem type="allocate" free="1830656" total="1900544" percent="96" />
      <mem type="survivor" free="0" total="458752" percent="0" />
    </mem>
    <mem type="tenure" free="2564568" total="6291456" percent="40">
      <mem type="soa" free="2250200" total="5977088" percent="37" />
      <mem type="loa" free="314368" total="314368" percent="100" />
    </mem>
    <remembered-set count="364" />
  </mem-info>
</gc-end>
<cycle-end id="290" type="scavenge" contextid="284" timestamp="2019-06-16T17:32:26.270" />
  <attribute name="elasticGC enabled" value="1" />
  <attribute name= "numThreadsSpecified" value="4" />
  <attribute name="heapSize specified" value="8388608" />
  <attribute name="Current GC Util" value="7" />
  <attribute name= "Current Time Running" value="739" />
  <attribute name ="GC Interval" value="200" />
  <attribute name="ProportionalT" value="-13.000000" />
  <attribute name="ProportionalI" value="-13.000000" />
  <attribute name="ProportionalH" value="-13.000000" />
  <attribute name="Current Error" value="-13.000000" />
  <attribute name="IntegralT" value="-182.000000" />
  <attribute name="IntegralI" value="-182.000000" />
  <attribute name="IntegralH" value="-182.000000" />
  <attribute name="DerivativeT" value="-0.464286" />
  <attribute name="DerivativeI" value="-0.464286" />
  <attribute name="DerivativeH" value="-0.464286" />
  <attribute name="Loop Time for DT" value="14.000000" />
  <attribute name="Output H" value="2092630016"/>
  <attribute name="Output I" value="200"/>
  <attribute name="Output T" value="4"/>
  <attribute name="Target GC Util Change" value ="20.000000" />
  <attribute name="Current GC Util Change" value="7.000000"/>
  <attribute name="GC Util currently" value="7" />
  <attribute name="CPU Util currently" value="317025832453" />
<allocation-satisfied id="291" threadId="00000000016ED500" bytesRequested="24" />
<af-end id="292" timestamp="2019-06-16T17:32:26.270" threadId="00000000016EDE88" success="true" from="nursery"/>
<exclusive-end id="293" timestamp="2019-06-16T17:32:26.270" durationms="1.279" />

<exclusive-start id="294" timestamp="2019-06-16T17:32:26.283" intervalms="14.347">
  <response-info timems="0.060" idlems="0.060" threads="0" lastid="00000000016ED500" lastname="Thread-8" />
</exclusive-start>
<af-start id="295" threadId="00000000016EDE88" totalBytesRequested="40" timestamp="2019-06-16T17:32:26.283" intervalms="14.305" type="nursery" />
<cycle-start id="296" type="scavenge" contextid="0" timestamp="2019-06-16T17:32:26.283" intervalms="14.250" />
<gc-start id="297" type="scavenge" contextid="296" timestamp="2019-06-16T17:32:26.283">
  <mem-info id="298" free="2564568" total="8650752" percent="29">
    <mem type="nursery" free="0" total="2359296" percent="0">
      <mem type="allocate" free="0" total="1900544" percent="0" />
      <mem type="survivor" free="0" total="458752" percent="0" />
    </mem>
    <mem type="tenure" free="2564568" total="6291456" percent="40">
      <mem type="soa" free="2250200" total="5977088" percent="37" />
      <mem type="loa" free="314368" total="314368" percent="100" />
    </mem>
    <remembered-set count="484" />
  </mem-info>
</gc-start>
<allocation-stats totalBytes="1830376" >
  <allocated-bytes non-tlh="24" tlh="1830352" />
  <largest-consumer threadName="Thread-8" threadId="00000000016ED500" bytes="1830376" />
</allocation-stats>
<gc-op id="299" type="scavenge" timems="0.211" contextid="296" timestamp="2019-06-16T17:32:26.284">
  <scavenger-info tenureage="3" tenuremask="fff8" tiltratio="80" />
  <memory-copied type="nursery" objects="397" bytes="9920" bytesdiscarded="160576" />
  <memory-copied type="tenure" objects="91" bytes="2184" bytesdiscarded="0" />
</gc-op>
<gc-end id="300" type="scavenge" contextid="296" durationms="0.501" usertimems="0.000" systemtimems="0.000" timestamp="2019-06-16T17:32:26.284" activeThreads="4">
  <mem-info id="301" free="4360152" total="8650752" percent="50">
    <mem type="nursery" free="1795584" total="2359296" percent="76">
      <mem type="allocate" free="1795584" total="1966080" percent="91" />
      <mem type="survivor" free="0" total="393216" percent="0" />
    </mem>
    <mem type="tenure" free="2564568" total="6291456" percent="40">
      <mem type="soa" free="2250200" total="5977088" percent="37" />
      <mem type="loa" free="314368" total="314368" percent="100" />
    </mem>
    <remembered-set count="392" />
  </mem-info>
</gc-end>
<cycle-end id="302" type="scavenge" contextid="296" timestamp="2019-06-16T17:32:26.284" />
  <attribute name="elasticGC enabled" value="1" />
  <attribute name= "numThreadsSpecified" value="4" />
  <attribute name="heapSize specified" value="8388608" />
  <attribute name="Current GC Util" value="3" />
  <attribute name= "Current Time Running" value="753" />
  <attribute name ="GC Interval" value="200" />
  <attribute name="ProportionalT" value="-17.000000" />
  <attribute name="ProportionalI" value="-17.000000" />
  <attribute name="ProportionalH" value="-17.000000" />
  <attribute name="Current Error" value="-17.000000" />
  <attribute name="IntegralT" value="-238.000000" />
  <attribute name="IntegralI" value="-238.000000" />
  <attribute name="IntegralH" value="-238.000000" />
  <attribute name="DerivativeT" value="-0.607143" />
  <attribute name="DerivativeI" value="-0.607143" />
  <attribute name="DerivativeH" value="-0.607143" />
  <attribute name="Loop Time for DT" value="14.000000" />
  <attribute name="Output H" value="2092630016"/>
  <attribute name="Output I" value="200"/>
  <attribute name="Output T" value="4"/>
  <attribute name="Target GC Util Change" value ="20.000000" />
  <attribute name="Current GC Util Change" value="3.000000"/>
  <attribute name="GC Util currently" value="3" />
  <attribute name="CPU Util currently" value="325611560033" />
<allocation-satisfied id="303" threadId="00000000016ED500" bytesRequested="40" />
<af-end id="304" timestamp="2019-06-16T17:32:26.284" threadId="00000000016EDE88" success="true" from="nursery"/>
<exclusive-end id="305" timestamp="2019-06-16T17:32:26.284" durationms="1.165" />

<exclusive-start id="306" timestamp="2019-06-16T17:32:26.297" intervalms="13.801">
  <response-info timems="0.069" idlems="0.069" threads="0" lastid="00000000016ED500" lastname="Thread-8" />
</exclusive-start>
<af-start id="307" threadId="00000000016EDE88" totalBytesRequested="40" timestamp="2019-06-16T17:32:26.297" intervalms="13.806" type="nursery" />
<cycle-start id="308" type="scavenge" contextid="0" timestamp="2019-06-16T17:32:26.297" intervalms="13.811" />
<gc-start id="309" type="scavenge" contextid="308" timestamp="2019-06-16T17:32:26.297">
  <mem-info id="310" free="2564568" total="8650752" percent="29">
    <mem type="nursery" free="0" total="2359296" percent="0">
      <mem type="allocate" free="0" total="1966080" percent="0" />
      <mem type="survivor" free="0" total="393216" percent="0" />
    </mem>
    <mem type="tenure" free="2564568" total="6291456" percent="40">
      <mem type="soa" free="2250200" total="5977088" percent="37" />
      <mem type="loa" free="314368" total="314368" percent="100" />
    </mem>
    <remembered-set count="468" />
  </mem-info>
</gc-start>
<allocation-stats totalBytes="1795360" >
  <allocated-bytes non-tlh="40" tlh="1795320" />
  <largest-consumer threadName="Thread-8" threadId="00000000016ED500" bytes="1795360" />
</allocation-stats>
<gc-op id="311" type="scavenge" timems="0.201" contextid="308" timestamp="2019-06-16T17:32:26.298">
  <scavenger-info tenureage="3" tenuremask="ffe8" tiltratio="83" />
  <memory-copied type="nursery" objects="341" bytes="8416" bytesdiscarded="61472" />
  <memory-copied type="tenure" objects="97" bytes="2328" bytesdiscarded="0" />
</gc-op>
<gc-end id="312" type="scavenge" contextid="308" durationms="0.501" usertimems="0.000" systemtimems="0.000" timestamp="2019-06-16T17:32:26.298" activeThreads="4">
  <mem-info id="313" free="4526296" total="8650752" percent="52">
    <mem type="nursery" free="1961728" total="2359296" percent="83">
      <mem type="allocate" free="1961728" total="2031616" percent="96" />
      <mem type="survivor" free="0" total="327680" percent="0" />
    </mem>
    <mem type="tenure" free="2564568" total="6291456" percent="40">
      <mem type="soa" free="2250200" total="5977088" percent="37" />
      <mem type="loa" free="314368" total="314368" percent="100" />
    </mem>
    <remembered-set count="371" />
  </mem-info>
</gc-end>
<cycle-end id="314" type="scavenge" contextid="308" timestamp="2019-06-16T17:32:26.298" />
  <attribute name="elasticGC enabled" value="1" />
  <attribute name= "numThreadsSpecified" value="4" />
  <attribute name="heapSize specified" value="8388608" />
  <attribute name="Current GC Util" value="3" />
  <attribute name= "Current Time Running" value="767" />
  <attribute name ="GC Interval" value="200" />
  <attribute name="ProportionalT" value="-17.000000" />
  <attribute name="ProportionalI" value="-17.000000" />
  <attribute name="ProportionalH" value="-17.000000" />
  <attribute name="Current Error" value="-17.000000" />
  <attribute name="IntegralT" value="-238.000000" />
  <attribute name="IntegralI" value="-238.000000" />
  <attribute name="IntegralH" value="-238.000000" />
  <attribute name="DerivativeT" value="-0.607143" />
  <attribute name="DerivativeI" value="-0.607143" />
  <attribute name="DerivativeH" value="-0.607143" />
  <attribute name="Loop Time for DT" value="14.000000" />
  <attribute name="Output H" value="2092630016"/>
  <attribute name="Output I" value="200"/>
  <attribute name="Output T" value="4"/>
  <attribute name="Target GC Util Change" value ="20.000000" />
  <attribute name="Current GC Util Change" value="3.000000"/>
  <attribute name="GC Util currently" value="3" />
  <attribute name="CPU Util currently" value="333672915002" />
<allocation-satisfied id="315" threadId="00000000016ED500" bytesRequested="40" />
<af-end id="316" timestamp="2019-06-16T17:32:26.298" threadId="00000000016EDE88" success="true" from="nursery"/>
<exclusive-end id="317" timestamp="2019-06-16T17:32:26.298" durationms="1.288" />

<exclusive-start id="318" timestamp="2019-06-16T17:32:26.308" intervalms="10.716">
  <response-info timems="0.054" idlems="0.054" threads="0" lastid="00000000016ED500" lastname="Thread-8" />
</exclusive-start>
<af-start id="319" threadId="00000000016EDE88" totalBytesRequested="24" timestamp="2019-06-16T17:32:26.308" intervalms="10.709" type="nursery" />
<cycle-start id="320" type="scavenge" contextid="0" timestamp="2019-06-16T17:32:26.308" intervalms="10.757" />
<gc-start id="321" type="scavenge" contextid="320" timestamp="2019-06-16T17:32:26.308">
  <mem-info id="322" free="2564568" total="8650752" percent="29">
    <mem type="nursery" free="0" total="2359296" percent="0">
      <mem type="allocate" free="0" total="2031616" percent="0" />
      <mem type="survivor" free="0" total="327680" percent="0" />
    </mem>
    <mem type="tenure" free="2564568" total="6291456" percent="40">
      <mem type="soa" free="2250200" total="5977088" percent="37" />
      <mem type="loa" free="314368" total="314368" percent="100" />
    </mem>
    <remembered-set count="475" />
  </mem-info>
</gc-start>
<allocation-stats totalBytes="1961560" >
  <allocated-bytes non-tlh="40" tlh="1961520" />
  <largest-consumer threadName="Thread-8" threadId="00000000016ED500" bytes="1961560" />
</allocation-stats>
<gc-op id="323" type="scavenge" timems="0.196" contextid="320" timestamp="2019-06-16T17:32:26.308">
  <scavenger-info tenureage="9" tenuremask="7e00" tiltratio="86" />
  <memory-copied type="nursery" objects="415" bytes="10080" bytesdiscarded="59808" />
</gc-op>
<gc-end id="324" type="scavenge" contextid="320" durationms="0.488" usertimems="0.000" systemtimems="0.000" timestamp="2019-06-16T17:32:26.308" activeThreads="4">
  <mem-info id="325" free="4591832" total="8650752" percent="53">
    <mem type="nursery" free="2027264" total="2359296" percent="85">
      <mem type="allocate" free="2027264" total="2097152" percent="96" />
      <mem type="survivor" free="0" total="262144" percent="0" />
    </mem>
    <mem type="tenure" free="2564568" total="6291456" percent="40">
      <mem type="soa" free="2250200" total="5977088" percent="37" />
      <mem type="loa" free="314368" total="314368" percent="100" />
    </mem>
    <remembered-set count="475" />
  </mem-info>
</gc-end>
<cycle-end id="326" type="scavenge" contextid="320" timestamp="2019-06-16T17:32:26.308" />
  <attribute name="elasticGC enabled" value="1" />
  <attribute name= "numThreadsSpecified" value="4" />
  <attribute name="heapSize specified" value="8388608" />
  <attribute name="Current GC Util" value="4" />
  <attribute name= "Current Time Running" value="778" />
  <attribute name ="GC Interval" value="200" />
  <attribute name="ProportionalT" value="-16.000000" />
  <attribute name="ProportionalI" value="-16.000000" />
  <attribute name="ProportionalH" value="-16.000000" />
  <attribute name="Current Error" value="-16.000000" />
  <attribute name="IntegralT" value="-176.000000" />
  <attribute name="IntegralI" value="-176.000000" />
  <attribute name="IntegralH" value="-176.000000" />
  <attribute name="DerivativeT" value="-0.727273" />
  <attribute name="DerivativeI" value="-0.727273" />
  <attribute name="DerivativeH" value="-0.727273" />
  <attribute name="Loop Time for DT" value="11.000000" />
  <attribute name="Output H" value="2092630016"/>
  <attribute name="Output I" value="200"/>
  <attribute name="Output T" value="4"/>
  <attribute name="Target GC Util Change" value ="20.000000" />
  <attribute name="Current GC Util Change" value="4.000000"/>
  <attribute name="GC Util currently" value="4" />
  <attribute name="CPU Util currently" value="429045852926" />
<allocation-satisfied id="327" threadId="00000000016ED500" bytesRequested="24" />
<af-end id="328" timestamp="2019-06-16T17:32:26.309" threadId="00000000016EDE88" success="true" from="nursery"/>
<exclusive-end id="329" timestamp="2019-06-16T17:32:26.309" durationms="1.191" />

<exclusive-start id="330" timestamp="2019-06-16T17:32:26.317" intervalms="9.201">
  <response-info timems="0.053" idlems="0.053" threads="0" lastid="00000000016ED500" lastname="Thread-8" />
</exclusive-start>
<af-start id="331" threadId="00000000016EDE88" totalBytesRequested="24" timestamp="2019-06-16T17:32:26.317" intervalms="9.195" type="nursery" />
<cycle-start id="332" type="scavenge" contextid="0" timestamp="2019-06-16T17:32:26.317" intervalms="9.141" />
<gc-start id="333" type="scavenge" contextid="332" timestamp="2019-06-16T17:32:26.317">
  <mem-info id="334" free="2564568" total="8650752" percent="29">
    <mem type="nursery" free="0" total="2359296" percent="0">
      <mem type="allocate" free="0" total="2097152" percent="0" />
      <mem type="survivor" free="0" total="262144" percent="0" />
    </mem>
    <mem type="tenure" free="2564568" total="6291456" percent="40">
      <mem type="soa" free="2250200" total="5977088" percent="37" />
      <mem type="loa" free="314368" total="314368" percent="100" />
    </mem>
    <remembered-set count="540" />
  </mem-info>
</gc-start>
<allocation-stats totalBytes="2026952" >
  <allocated-bytes non-tlh="24" tlh="2026928" />
  <largest-consumer threadName="Thread-8" threadId="00000000016ED500" bytes="2026952" />
</allocation-stats>
<gc-op id="335" type="scavenge" timems="0.217" contextid="332" timestamp="2019-06-16T17:32:26.318">
  <scavenger-info tenureage="3" tenuremask="fff8" tiltratio="88" />
  <memory-copied type="nursery" objects="303" bytes="7536" bytesdiscarded="193680" />
  <memory-copied type="tenure" objects="215" bytes="5160" bytesdiscarded="0" />
</gc-op>
<gc-end id="336" type="scavenge" contextid="332" durationms="0.606" usertimems="0.000" systemtimems="0.000" timestamp="2019-06-16T17:32:26.318" activeThreads="4">
  <mem-info id="337" free="4460504" total="8650752" percent="51">
    <mem type="nursery" free="1895936" total="2359296" percent="80">
      <mem type="allocate" free="1895936" total="2097152" percent="90" />
      <mem type="survivor" free="0" total="262144" percent="0" />
    </mem>
    <mem type="tenure" free="2564568" total="6291456" percent="40">
      <mem type="soa" free="2250200" total="5977088" percent="37" />
      <mem type="loa" free="314368" total="314368" percent="100" />
    </mem>
    <remembered-set count="325" />
  </mem-info>
</gc-end>
<cycle-end id="338" type="scavenge" contextid="332" timestamp="2019-06-16T17:32:26.318" />
  <attribute name="elasticGC enabled" value="1" />
  <attribute name= "numThreadsSpecified" value="4" />
  <attribute name="heapSize specified" value="8388608" />
  <attribute name="Current GC Util" value="4" />
  <attribute name= "Current Time Running" value="787" />
  <attribute name ="GC Interval" value="200" />
  <attribute name="ProportionalT" value="-16.000000" />
  <attribute name="ProportionalI" value="-16.000000" />
  <attribute name="ProportionalH" value="-16.000000" />
  <attribute name="Current Error" value="-16.000000" />
  <attribute name="IntegralT" value="-144.000000" />
  <attribute name="IntegralI" value="-144.000000" />
  <attribute name="IntegralH" value="-144.000000" />
  <attribute name="DerivativeT" value="-0.888889" />
  <attribute name="DerivativeI" value="-0.888889" />
  <attribute name="DerivativeH" value="-0.888889" />
  <attribute name="Loop Time for DT" value="9.000000" />
  <attribute name="Output H" value="2092630016"/>
  <attribute name="Output I" value="200"/>
  <attribute name="Output T" value="4"/>
  <attribute name="Target GC Util Change" value ="20.000000" />
  <attribute name="Current GC Util Change" value="4.000000"/>
  <attribute name="GC Util currently" value="4" />
  <attribute name="CPU Util currently" value="498587547309" />
<allocation-satisfied id="339" threadId="00000000016ED500" bytesRequested="24" />
<af-end id="340" timestamp="2019-06-16T17:32:26.318" threadId="00000000016EDE88" success="true" from="nursery"/>
<exclusive-end id="341" timestamp="2019-06-16T17:32:26.318" durationms="1.333" />

<exclusive-start id="342" timestamp="2019-06-16T17:32:26.327" intervalms="9.977">
  <response-info timems="0.059" idlems="0.059" threads="0" lastid="00000000016ED500" lastname="Thread-8" />
</exclusive-start>
<af-start id="343" threadId="00000000016EDE88" totalBytesRequested="40" timestamp="2019-06-16T17:32:26.327" intervalms="9.980" type="nursery" />
<cycle-start id="344" type="scavenge" contextid="0" timestamp="2019-06-16T17:32:26.327" intervalms="9.987" />
<gc-start id="345" type="scavenge" contextid="344" timestamp="2019-06-16T17:32:26.327">
  <mem-info id="346" free="2564568" total="8650752" percent="29">
    <mem type="nursery" free="0" total="2359296" percent="0">
      <mem type="allocate" free="0" total="2097152" percent="0" />
      <mem type="survivor" free="0" total="262144" percent="0" />
    </mem>
    <mem type="tenure" free="2564568" total="6291456" percent="40">
      <mem type="soa" free="2250200" total="5977088" percent="37" />
      <mem type="loa" free="314368" total="314368" percent="100" />
    </mem>
    <remembered-set count="406" />
  </mem-info>
</gc-start>
<allocation-stats totalBytes="1895672" >
  <allocated-bytes non-tlh="24" tlh="1895648" />
  <largest-consumer threadName="Thread-8" threadId="00000000016ED500" bytes="1895672" />
</allocation-stats>
<gc-op id="347" type="scavenge" timems="0.208" contextid="344" timestamp="2019-06-16T17:32:26.327">
  <scavenger-info tenureage="3" tenuremask="ffc8" tiltratio="88" />
  <memory-copied type="nursery" objects="333" bytes="8384" bytesdiscarded="162112" />
  <memory-copied type="tenure" objects="78" bytes="1872" bytesdiscarded="0" />
</gc-op>
<gc-end id="348" type="scavenge" contextid="344" durationms="0.386" usertimems="0.000" systemtimems="0.000" timestamp="2019-06-16T17:32:26.327" activeThreads="4">
  <mem-info id="349" free="4491224" total="8650752" percent="51">
    <mem type="nursery" free="1926656" total="2359296" percent="81">
      <mem type="allocate" free="1926656" total="2097152" percent="91" />
      <mem type="survivor" free="0" total="262144" percent="0" />
    </mem>
    <mem type="tenure" free="2564568" total="6291456" percent="40">
      <mem type="soa" free="2250200" total="5977088" percent="37" />
      <mem type="loa" free="314368" total="314368" percent="100" />
    </mem>
    <remembered-set count="328" />
  </mem-info>
</gc-end>
<cycle-end id="350" type="scavenge" contextid="344" timestamp="2019-06-16T17:32:26.327" />
  <attribute name="elasticGC enabled" value="1" />
  <attribute name= "numThreadsSpecified" value="4" />
  <attribute name="heapSize specified" value="8388608" />
  <attribute name="Current GC Util" value="4" />
  <attribute name= "Current Time Running" value="797" />
  <attribute name ="GC Interval" value="200" />
  <attribute name="ProportionalT" value="-16.000000" />
  <attribute name="ProportionalI" value="-16.000000" />
  <attribute name="ProportionalH" value="-16.000000" />
  <attribute name="Current Error" value="-16.000000" />
  <attribute name="IntegralT" value="-160.000000" />
  <attribute name="IntegralI" value="-160.000000" />
  <attribute name="IntegralH" value="-160.000000" />
  <attribute name="DerivativeT" value="-0.800000" />
  <attribute name="DerivativeI" value="-0.800000" />
  <attribute name="DerivativeH" value="-0.800000" />
  <attribute name="Loop Time for DT" value="10.000000" />
  <attribute name="Output H" value="2092630016"/>
  <attribute name="Output I" value="200"/>
  <attribute name="Output T" value="4"/>
  <attribute name="Target GC Util Change" value ="20.000000" />
  <attribute name="Current GC Util Change" value="4.000000"/>
  <attribute name="GC Util currently" value="4" />
  <attribute name="CPU Util currently" value="472512347394" />
<allocation-satisfied id="351" threadId="00000000016ED500" bytesRequested="40" />
<af-end id="352" timestamp="2019-06-16T17:32:26.328" threadId="00000000016EDE88" success="true" from="nursery"/>
<exclusive-end id="353" timestamp="2019-06-16T17:32:26.328" durationms="0.950" />

<exclusive-start id="354" timestamp="2019-06-16T17:32:26.336" intervalms="8.810">
  <response-info timems="0.107" idlems="0.107" threads="0" lastid="00000000016ED500" lastname="Thread-8" />
</exclusive-start>
<af-start id="355" threadId="00000000016EDE88" totalBytesRequested="24" timestamp="2019-06-16T17:32:26.336" intervalms="8.897" type="nursery" />
<cycle-start id="356" type="scavenge" contextid="0" timestamp="2019-06-16T17:32:26.336" intervalms="8.939" />
<gc-start id="357" type="scavenge" contextid="356" timestamp="2019-06-16T17:32:26.336">
  <mem-info id="358" free="2564568" total="8650752" percent="29">
    <mem type="nursery" free="0" total="2359296" percent="0">
      <mem type="allocate" free="0" total="2097152" percent="0" />
      <mem type="survivor" free="0" total="262144" percent="0" />
    </mem>
    <mem type="tenure" free="2564568" total="6291456" percent="40">
      <mem type="soa" free="2250200" total="5977088" percent="37" />
      <mem type="loa" free="314368" total="314368" percent="100" />
    </mem>
    <remembered-set count="428" />
  </mem-info>
</gc-start>
<allocation-stats totalBytes="1926280" >
  <allocated-bytes non-tlh="40" tlh="1926240" />
  <largest-consumer threadName="Thread-8" threadId="00000000016ED500" bytes="1926280" />
</allocation-stats>
<gc-op id="359" type="scavenge" timems="0.217" contextid="356" timestamp="2019-06-16T17:32:26.336">
  <scavenger-info tenureage="3" tenuremask="ffe8" tiltratio="88" />
  <memory-copied type="nursery" objects="327" bytes="8224" bytesdiscarded="61664" />
  <memory-copied type="tenure" objects="105" bytes="2520" bytesdiscarded="0" />
</gc-op>
<gc-end id="360" type="scavenge" contextid="356" durationms="0.590" usertimems="0.000" systemtimems="0.000" timestamp="2019-06-16T17:32:26.337" activeThreads="4">
  <mem-info id="361" free="4591832" total="8650752" percent="53">
    <mem type="nursery" free="2027264" total="2359296" percent="85">
      <mem type="allocate" free="2027264" total="2097152" percent="96" />
      <mem type="survivor" free="0" total="262144" percent="0" />
    </mem>
    <mem type="tenure" free="2564568" total="6291456" percent="40">
      <mem type="soa" free="2250200" total="5977088" percent="37" />
      <mem type="loa" free="314368" total="314368" percent="100" />
    </mem>
    <remembered-set count="323" />
  </mem-info>
</gc-end>
<cycle-end id="362" type="scavenge" contextid="356" timestamp="2019-06-16T17:32:26.337" />
  <attribute name="elasticGC enabled" value="1" />
  <attribute name= "numThreadsSpecified" value="4" />
  <attribute name="heapSize specified" value="8388608" />
  <attribute name="Current GC Util" value="4" />
  <attribute name= "Current Time Running" value="806" />
  <attribute name ="GC Interval" value="200" />
  <attribute name="ProportionalT" value="-16.000000" />
  <attribute name="ProportionalI" value="-16.000000" />
  <attribute name="ProportionalH" value="-16.000000" />
  <attribute name="Current Error" value="-16.000000" />
  <attribute name="IntegralT" value="-144.000000" />
  <attribute name="IntegralI" value="-144.000000" />
  <attribute name="IntegralH" value="-144.000000" />
  <attribute name="DerivativeT" value="-0.888889" />
  <attribute name="DerivativeI" value="-0.888889" />
  <attribute name="DerivativeH" value="-0.888889" />
  <attribute name="Loop Time for DT" value="9.000000" />
  <attribute name="Output H" value="2092630016"/>
  <attribute name="Output I" value="200"/>
  <attribute name="Output T" value="4"/>
  <attribute name="Target GC Util Change" value ="20.000000" />
  <attribute name="Current GC Util Change" value="4.000000"/>
  <attribute name="GC Util currently" value="4" />
  <attribute name="CPU Util currently" value="502289101806" />
<allocation-satisfied id="363" threadId="00000000016ED500" bytesRequested="24" />
<af-end id="364" timestamp="2019-06-16T17:32:26.337" threadId="00000000016EDE88" success="true" from="nursery"/>
<exclusive-end id="365" timestamp="2019-06-16T17:32:26.337" durationms="1.353" />

<exclusive-start id="366" timestamp="2019-06-16T17:32:26.343" intervalms="7.228">
  <response-info timems="0.024" idlems="0.024" threads="0" lastid="00000000016ED500" lastname="Thread-8" />
</exclusive-start>
<af-start id="367" threadId="00000000016EDE88" totalBytesRequested="40" timestamp="2019-06-16T17:32:26.343" intervalms="7.170" type="nursery" />
<cycle-start id="368" type="scavenge" contextid="0" timestamp="2019-06-16T17:32:26.343" intervalms="7.158" />
<gc-start id="369" type="scavenge" contextid="368" timestamp="2019-06-16T17:32:26.343">
  <mem-info id="370" free="2564568" total="8650752" percent="29">
    <mem type="nursery" free="0" total="2359296" percent="0">
      <mem type="allocate" free="0" total="2097152" percent="0" />
      <mem type="survivor" free="0" total="262144" percent="0" />
    </mem>
    <mem type="tenure" free="2564568" total="6291456" percent="40">
      <mem type="soa" free="2250200" total="5977088" percent="37" />
      <mem type="loa" free="314368" total="314368" percent="100" />
    </mem>
    <remembered-set count="401" />
  </mem-info>
</gc-start>
<allocation-stats totalBytes="2026944" >
  <allocated-bytes non-tlh="24" tlh="2026920" />
  <largest-consumer threadName="Thread-8" threadId="00000000016ED500" bytes="2026944" />
</allocation-stats>
<gc-op id="371" type="scavenge" timems="0.174" contextid="368" timestamp="2019-06-16T17:32:26.344">
  <scavenger-info tenureage="3" tenuremask="ffe8" tiltratio="88" />
  <memory-copied type="nursery" objects="336" bytes="8456" bytesdiscarded="192760" />
  <memory-copied type="tenure" objects="70" bytes="1680" bytesdiscarded="0" />
</gc-op>
<gc-end id="372" type="scavenge" contextid="368" durationms="0.587" usertimems="0.000" systemtimems="0.000" timestamp="2019-06-16T17:32:26.344" activeThreads="4">
  <mem-info id="373" free="4460504" total="8650752" percent="51">
    <mem type="nursery" free="1895936" total="2359296" percent="80">
      <mem type="allocate" free="1895936" total="2097152" percent="90" />
      <mem type="survivor" free="0" total="262144" percent="0" />
    </mem>
    <mem type="tenure" free="2564568" total="6291456" percent="40">
      <mem type="soa" free="2250200" total="5977088" percent="37" />
      <mem type="loa" free="314368" total="314368" percent="100" />
    </mem>
    <remembered-set count="331" />
  </mem-info>
</gc-end>
<cycle-end id="374" type="scavenge" contextid="368" timestamp="2019-06-16T17:32:26.344" />
  <attribute name="elasticGC enabled" value="1" />
  <attribute name= "numThreadsSpecified" value="4" />
  <attribute name="heapSize specified" value="8388608" />
  <attribute name="Current GC Util" value="7" />
  <attribute name= "Current Time Running" value="813" />
  <attribute name ="GC Interval" value="200" />
  <attribute name="ProportionalT" value="-13.000000" />
  <attribute name="ProportionalI" value="-13.000000" />
  <attribute name="ProportionalH" value="-13.000000" />
  <attribute name="Current Error" value="-13.000000" />
  <attribute name="IntegralT" value="-91.000000" />
  <attribute name="IntegralI" value="-91.000000" />
  <attribute name="IntegralH" value="-91.000000" />
  <attribute name="DerivativeT" value="-0.928571" />
  <attribute name="DerivativeI" value="-0.928571" />
  <attribute name="DerivativeH" value="-0.928571" />
  <attribute name="Loop Time for DT" value="7.000000" />
  <attribute name="Output H" value="2092630016"/>
  <attribute name="Output I" value="200"/>
  <attribute name="Output T" value="4"/>
  <attribute name="Target GC Util Change" value ="20.000000" />
  <attribute name="Current GC Util Change" value="7.000000"/>
  <attribute name="GC Util currently" value="7" />
  <attribute name="CPU Util currently" value="646098455029" />
<allocation-satisfied id="375" threadId="00000000016ED500" bytesRequested="40" />
<af-end id="376" timestamp="2019-06-16T17:32:26.344" threadId="00000000016EDE88" success="true" from="nursery"/>
<exclusive-end id="377" timestamp="2019-06-16T17:32:26.344" durationms="1.285" />

<exclusive-start id="378" timestamp="2019-06-16T17:32:26.351" intervalms="7.865">
  <response-info timems="0.068" idlems="0.068" threads="0" lastid="00000000016ED500" lastname="Thread-8" />
</exclusive-start>
<af-start id="379" threadId="00000000016EDE88" totalBytesRequested="136" timestamp="2019-06-16T17:32:26.351" intervalms="7.838" type="nursery" />
<cycle-start id="380" type="scavenge" contextid="0" timestamp="2019-06-16T17:32:26.351" intervalms="7.841" />
<gc-start id="381" type="scavenge" contextid="380" timestamp="2019-06-16T17:32:26.351">
  <mem-info id="382" free="2564568" total="8650752" percent="29">
    <mem type="nursery" free="0" total="2359296" percent="0">
      <mem type="allocate" free="0" total="2097152" percent="0" />
      <mem type="survivor" free="0" total="262144" percent="0" />
    </mem>
    <mem type="tenure" free="2564568" total="6291456" percent="40">
      <mem type="soa" free="2250200" total="5977088" percent="37" />
      <mem type="loa" free="314368" total="314368" percent="100" />
    </mem>
    <remembered-set count="431" />
  </mem-info>
</gc-start>
<allocation-stats totalBytes="1895656" >
  <allocated-bytes non-tlh="40" tlh="1895616" />
  <largest-consumer threadName="Thread-8" threadId="00000000016ED500" bytes="1895656" />
</allocation-stats>
<gc-op id="383" type="scavenge" timems="0.198" contextid="380" timestamp="2019-06-16T17:32:26.351">
  <scavenger-info tenureage="3" tenuremask="ffe8" tiltratio="88" />
  <memory-copied type="nursery" objects="289" bytes="7072" bytesdiscarded="163424" />
  <memory-copied type="tenure" objects="82" bytes="1968" bytesdiscarded="0" />
</gc-op>
<gc-end id="384" type="scavenge" contextid="380" durationms="0.574" usertimems="0.000" systemtimems="0.000" timestamp="2019-06-16T17:32:26.352" activeThreads="4">
  <mem-info id="385" free="4491224" total="8650752" percent="51">
    <mem type="nursery" free="1926656" total="2359296" percent="81">
      <mem type="allocate" free="1926656" total="2097152" percent="91" />
      <mem type="survivor" free="0" total="262144" percent="0" />
    </mem>
    <mem type="tenure" free="2564568" total="6291456" percent="40">
      <mem type="soa" free="2250200" total="5977088" percent="37" />
      <mem type="loa" free="314368" total="314368" percent="100" />
    </mem>
    <remembered-set count="349" />
  </mem-info>
</gc-end>
<cycle-end id="386" type="scavenge" contextid="380" timestamp="2019-06-16T17:32:26.352" />
  <attribute name="elasticGC enabled" value="1" />
  <attribute name= "numThreadsSpecified" value="4" />
  <attribute name="heapSize specified" value="8388608" />
  <attribute name="Current GC Util" value="5" />
  <attribute name= "Current Time Running" value="821" />
  <attribute name ="GC Interval" value="200" />
  <attribute name="ProportionalT" value="-15.000000" />
  <attribute name="ProportionalI" value="-15.000000" />
  <attribute name="ProportionalH" value="-15.000000" />
  <attribute name="Current Error" value="-15.000000" />
  <attribute name="IntegralT" value="-120.000000" />
  <attribute name="IntegralI" value="-120.000000" />
  <attribute name="IntegralH" value="-120.000000" />
  <attribute name="DerivativeT" value="-0.937500" />
  <attribute name="DerivativeI" value="-0.937500" />
  <attribute name="DerivativeH" value="-0.937500" />
  <attribute name="Loop Time for DT" value="8.000000" />
  <attribute name="Output H" value="2092630016"/>
  <attribute name="Output I" value="200"/>
  <attribute name="Output T" value="4"/>
  <attribute name="Target GC Util Change" value ="20.000000" />
  <attribute name="Current GC Util Change" value="5.000000"/>
  <attribute name="GC Util currently" value="5" />
  <attribute name="CPU Util currently" value="589172592708" />
<allocation-satisfied id="387" threadId="00000000016ED500" bytesRequested="136" />
<af-end id="388" timestamp="2019-06-16T17:32:26.352" threadId="00000000016EDE88" success="true" from="nursery"/>
<exclusive-end id="389" timestamp="2019-06-16T17:32:26.352" durationms="1.200" />

<exclusive-start id="390" timestamp="2019-06-16T17:32:26.357" intervalms="6.810">
  <response-info timems="0.053" idlems="0.053" threads="0" lastid="00000000016ED500" lastname="Thread-8" />
</exclusive-start>
<af-start id="391" threadId="00000000016EDE88" totalBytesRequested="40" timestamp="2019-06-16T17:32:26.358" intervalms="6.804" type="nursery" />
<cycle-start id="392" type="scavenge" contextid="0" timestamp="2019-06-16T17:32:26.358" intervalms="6.756" />
<gc-start id="393" type="scavenge" contextid="392" timestamp="2019-06-16T17:32:26.358">
  <mem-info id="394" free="2564568" total="8650752" percent="29">
    <mem type="nursery" free="0" total="2359296" percent="0">
      <mem type="allocate" free="0" total="2097152" percent="0" />
      <mem type="survivor" free="0" total="262144" percent="0" />
    </mem>
    <mem type="tenure" free="2564568" total="6291456" percent="40">
      <mem type="soa" free="2250200" total="5977088" percent="37" />
      <mem type="loa" free="314368" total="314368" percent="100" />
    </mem>
    <remembered-set count="463" />
  </mem-info>
</gc-start>
<allocation-stats totalBytes="1926408" >
  <allocated-bytes non-tlh="136" tlh="1926272" />
  <largest-consumer threadName="Thread-8" threadId="00000000016ED500" bytes="1926408" />
</allocation-stats>
<gc-op id="395" type="scavenge" timems="0.180" contextid="392" timestamp="2019-06-16T17:32:26.358">
  <scavenger-info tenureage="3" tenuremask="ffe8" tiltratio="88" />
  <memory-copied type="nursery" objects="305" bytes="7456" bytesdiscarded="163040" />
  <memory-copied type="tenure" objects="99" bytes="2376" bytesdiscarded="0" />
</gc-op>
<gc-end id="396" type="scavenge" contextid="392" durationms="0.556" usertimems="0.000" systemtimems="0.000" timestamp="2019-06-16T17:32:26.358" activeThreads="4">
  <mem-info id="397" free="4491224" total="8650752" percent="51">
    <mem type="nursery" free="1926656" total="2359296" percent="81">
      <mem type="allocate" free="1926656" total="2097152" percent="91" />
      <mem type="survivor" free="0" total="262144" percent="0" />
    </mem>
    <mem type="tenure" free="2564568" total="6291456" percent="40">
      <mem type="soa" free="2250200" total="5977088" percent="37" />
      <mem type="loa" free="314368" total="314368" percent="100" />
    </mem>
    <remembered-set count="364" />
  </mem-info>
</gc-end>
<cycle-end id="398" type="scavenge" contextid="392" timestamp="2019-06-16T17:32:26.358" />
  <attribute name="elasticGC enabled" value="1" />
  <attribute name= "numThreadsSpecified" value="4" />
  <attribute name="heapSize specified" value="8388608" />
  <attribute name="Current GC Util" value="6" />
  <attribute name= "Current Time Running" value="828" />
  <attribute name ="GC Interval" value="200" />
  <attribute name="ProportionalT" value="-14.000000" />
  <attribute name="ProportionalI" value="-14.000000" />
  <attribute name="ProportionalH" value="-14.000000" />
  <attribute name="Current Error" value="-14.000000" />
  <attribute name="IntegralT" value="-98.000000" />
  <attribute name="IntegralI" value="-98.000000" />
  <attribute name="IntegralH" value="-98.000000" />
  <attribute name="DerivativeT" value="-1.000000" />
  <attribute name="DerivativeI" value="-1.000000" />
  <attribute name="DerivativeH" value="-1.000000" />
  <attribute name="Loop Time for DT" value="7.000000" />
  <attribute name="Output H" value="2092630016"/>
  <attribute name="Output I" value="200"/>
  <attribute name="Output T" value="4"/>
  <attribute name="Target GC Util Change" value ="20.000000" />
  <attribute name="Current GC Util Change" value="6.000000"/>
  <attribute name="GC Util currently" value="6" />
  <attribute name="CPU Util currently" value="687581790734" />
<allocation-satisfied id="399" threadId="00000000016ED500" bytesRequested="40" />
<af-end id="400" timestamp="2019-06-16T17:32:26.358" threadId="00000000016EDE88" success="true" from="nursery"/>
<exclusive-end id="401" timestamp="2019-06-16T17:32:26.359" durationms="1.113" />

<exclusive-start id="402" timestamp="2019-06-16T17:32:26.364" intervalms="6.639">
  <response-info timems="0.086" idlems="0.086" threads="0" lastid="00000000016ED500" lastname="Thread-8" />
</exclusive-start>
<af-start id="403" threadId="00000000016EDE88" totalBytesRequested="40" timestamp="2019-06-16T17:32:26.364" intervalms="6.603" type="nursery" />
<cycle-start id="404" type="scavenge" contextid="0" timestamp="2019-06-16T17:32:26.364" intervalms="6.618" />
<gc-start id="405" type="scavenge" contextid="404" timestamp="2019-06-16T17:32:26.364">
  <mem-info id="406" free="2564568" total="8650752" percent="29">
    <mem type="nursery" free="0" total="2359296" percent="0">
      <mem type="allocate" free="0" total="2097152" percent="0" />
      <mem type="survivor" free="0" total="262144" percent="0" />
    </mem>
    <mem type="tenure" free="2564568" total="6291456" percent="40">
      <mem type="soa" free="2250200" total="5977088" percent="37" />
      <mem type="loa" free="314368" total="314368" percent="100" />
    </mem>
    <remembered-set count="431" />
  </mem-info>
</gc-start>
<allocation-stats totalBytes="1926360" >
  <allocated-bytes non-tlh="40" tlh="1926320" />
  <largest-consumer threadName="Thread-8" threadId="00000000016ED500" bytes="1926360" />
</allocation-stats>
<gc-op id="407" type="scavenge" timems="0.195" contextid="404" timestamp="2019-06-16T17:32:26.365">
  <scavenger-info tenureage="3" tenuremask="ffe8" tiltratio="88" />
  <memory-copied type="nursery" objects="356" bytes="8920" bytesdiscarded="192296" />
  <memory-copied type="tenure" objects="79" bytes="1896" bytesdiscarded="0" />
</gc-op>
<gc-end id="408" type="scavenge" contextid="404" durationms="0.469" usertimems="0.000" systemtimems="0.000" timestamp="2019-06-16T17:32:26.365" activeThreads="4">
  <mem-info id="409" free="4460504" total="8650752" percent="51">
    <mem type="nursery" free="1895936" total="2359296" percent="80">
      <mem type="allocate" free="1895936" total="2097152" percent="90" />
      <mem type="survivor" free="0" total="262144" percent="0" />
    </mem>
    <mem type="tenure" free="2564568" total="6291456" percent="40">
      <mem type="soa" free="2250200" total="5977088" percent="37" />
      <mem type="loa" free="314368" total="314368" percent="100" />
    </mem>
    <remembered-set count="352" />
  </mem-info>
</gc-end>
<cycle-end id="410" type="scavenge" contextid="404" timestamp="2019-06-16T17:32:26.365" />
  <attribute name="elasticGC enabled" value="1" />
  <attribute name= "numThreadsSpecified" value="4" />
  <attribute name="heapSize specified" value="8388608" />
  <attribute name="Current GC Util" value="6" />
  <attribute name= "Current Time Running" value="834" />
  <attribute name ="GC Interval" value="200" />
  <attribute name="ProportionalT" value="-14.000000" />
  <attribute name="ProportionalI" value="-14.000000" />
  <attribute name="ProportionalH" value="-14.000000" />
  <attribute name="Current Error" value="-14.000000" />
  <attribute name="IntegralT" value="-84.000000" />
  <attribute name="IntegralI" value="-84.000000" />
  <attribute name="IntegralH" value="-84.000000" />
  <attribute name="DerivativeT" value="-1.166667" />
  <attribute name="DerivativeI" value="-1.166667" />
  <attribute name="DerivativeH" value="-1.166667" />
  <attribute name="Loop Time for DT" value="6.000000" />
  <attribute name="Output H" value="2092630016"/>
  <attribute name="Output I" value="200"/>
  <attribute name="Output T" value="4"/>
  <attribute name="Target GC Util Change" value ="20.000000" />
  <attribute name="Current GC Util Change" value="6.000000"/>
  <attribute name="GC Util currently" value="6" />
  <attribute name="CPU Util currently" value="700138035775" />
<allocation-satisfied id="411" threadId="00000000016ED500" bytesRequested="40" />
<af-end id="412" timestamp="2019-06-16T17:32:26.365" threadId="00000000016EDE88" success="true" from="nursery"/>
<exclusive-end id="413" timestamp="2019-06-16T17:32:26.365" durationms="0.997" />

<exclusive-start id="414" timestamp="2019-06-16T17:32:26.372" intervalms="7.799">
  <response-info timems="0.055" idlems="0.055" threads="0" lastid="00000000016ED500" lastname="Thread-8" />
</exclusive-start>
<af-start id="415" threadId="00000000016EDE88" totalBytesRequested="24" timestamp="2019-06-16T17:32:26.372" intervalms="7.867" type="nursery" />
<cycle-start id="416" type="scavenge" contextid="0" timestamp="2019-06-16T17:32:26.372" intervalms="7.900" />
<gc-start id="417" type="scavenge" contextid="416" timestamp="2019-06-16T17:32:26.372">
  <mem-info id="418" free="2564568" total="8650752" percent="29">
    <mem type="nursery" free="0" total="2359296" percent="0">
      <mem type="allocate" free="0" total="2097152" percent="0" />
      <mem type="survivor" free="0" total="262144" percent="0" />
    </mem>
    <mem type="tenure" free="2564568" total="6291456" percent="40">
      <mem type="soa" free="2250200" total="5977088" percent="37" />
      <mem type="loa" free="314368" total="314368" percent="100" />
    </mem>
    <remembered-set count="479" />
  </mem-info>
</gc-start>
<allocation-stats totalBytes="1895592" >
  <allocated-bytes non-tlh="40" tlh="1895552" />
  <largest-consumer threadName="Thread-8" threadId="00000000016ED500" bytes="1895592" />
</allocation-stats>
<gc-op id="419" type="scavenge" timems="0.184" contextid="416" timestamp="2019-06-16T17:32:26.373">
  <scavenger-info tenureage="3" tenuremask="ffe8" tiltratio="88" />
  <memory-copied type="nursery" objects="359" bytes="8968" bytesdiscarded="161528" />
  <memory-copied type="tenure" objects="100" bytes="2400" bytesdiscarded="0" />
</gc-op>
<gc-end id="420" type="scavenge" contextid="416" durationms="0.553" usertimems="0.000" systemtimems="0.000" timestamp="2019-06-16T17:32:26.373" activeThreads="4">
  <mem-info id="421" free="4491224" total="8650752" percent="51">
    <mem type="nursery" free="1926656" total="2359296" percent="81">
      <mem type="allocate" free="1926656" total="2097152" percent="91" />
      <mem type="survivor" free="0" total="262144" percent="0" />
    </mem>
    <mem type="tenure" free="2564568" total="6291456" percent="40">
      <mem type="soa" free="2250200" total="5977088" percent="37" />
      <mem type="loa" free="314368" total="314368" percent="100" />
    </mem>
    <remembered-set count="379" />
  </mem-info>
</gc-end>
<cycle-end id="422" type="scavenge" contextid="416" timestamp="2019-06-16T17:32:26.373" />
  <attribute name="elasticGC enabled" value="1" />
  <attribute name= "numThreadsSpecified" value="4" />
  <attribute name="heapSize specified" value="8388608" />
  <attribute name="Current GC Util" value="5" />
  <attribute name= "Current Time Running" value="842" />
  <attribute name ="GC Interval" value="200" />
  <attribute name="ProportionalT" value="-15.000000" />
  <attribute name="ProportionalI" value="-15.000000" />
  <attribute name="ProportionalH" value="-15.000000" />
  <attribute name="Current Error" value="-15.000000" />
  <attribute name="IntegralT" value="-120.000000" />
  <attribute name="IntegralI" value="-120.000000" />
  <attribute name="IntegralH" value="-120.000000" />
  <attribute name="DerivativeT" value="-0.937500" />
  <attribute name="DerivativeI" value="-0.937500" />
  <attribute name="DerivativeH" value="-0.937500" />
  <attribute name="Loop Time for DT" value="8.000000" />
  <attribute name="Output H" value="2092630016"/>
  <attribute name="Output I" value="200"/>
  <attribute name="Output T" value="4"/>
  <attribute name="Target GC Util Change" value ="20.000000" />
  <attribute name="Current GC Util Change" value="5.000000"/>
  <attribute name="GC Util currently" value="5" />
  <attribute name="CPU Util currently" value="576447277650" />
<allocation-satisfied id="423" threadId="00000000016ED500" bytesRequested="24" />
<af-end id="424" timestamp="2019-06-16T17:32:26.373" threadId="00000000016EDE88" success="true" from="nursery"/>
<exclusive-end id="425" timestamp="2019-06-16T17:32:26.373" durationms="1.232" />

<exclusive-start id="426" timestamp="2019-06-16T17:32:26.379" intervalms="6.825">
  <response-info timems="0.052" idlems="0.052" threads="0" lastid="00000000016ED500" lastname="Thread-8" />
</exclusive-start>
<af-start id="427" threadId="00000000016EDE88" totalBytesRequested="40" timestamp="2019-06-16T17:32:26.379" intervalms="6.828" type="nursery" />
<cycle-start id="428" type="scavenge" contextid="0" timestamp="2019-06-16T17:32:26.379" intervalms="6.828" />
<gc-start id="429" type="scavenge" contextid="428" timestamp="2019-06-16T17:32:26.379">
  <mem-info id="430" free="2564568" total="8650752" percent="29">
    <mem type="nursery" free="0" total="2359296" percent="0">
      <mem type="allocate" free="0" total="2097152" percent="0" />
      <mem type="survivor" free="0" total="262144" percent="0" />
    </mem>
    <mem type="tenure" free="2564568" total="6291456" percent="40">
      <mem type="soa" free="2250200" total="5977088" percent="37" />
      <mem type="loa" free="314368" total="314368" percent="100" />
    </mem>
    <remembered-set count="491" />
  </mem-info>
</gc-start>
<allocation-stats totalBytes="1926384" >
  <allocated-bytes non-tlh="24" tlh="1926360" />
  <largest-consumer threadName="Thread-8" threadId="00000000016ED500" bytes="1926384" />
</allocation-stats>
<gc-op id="431" type="scavenge" timems="0.182" contextid="428" timestamp="2019-06-16T17:32:26.379">
  <scavenger-info tenureage="2" tenuremask="ffec" tiltratio="88" />
  <memory-copied type="nursery" objects="315" bytes="7952" bytesdiscarded="92656" />
  <memory-copied type="tenure" objects="181" bytes="4344" bytesdiscarded="0" />
</gc-op>
<gc-end id="432" type="scavenge" contextid="428" durationms="0.496" usertimems="0.000" systemtimems="0.000" timestamp="2019-06-16T17:32:26.380" activeThreads="4">
  <mem-info id="433" free="4561112" total="8650752" percent="52">
    <mem type="nursery" free="1996544" total="2359296" percent="84">
      <mem type="allocate" free="1996544" total="2097152" percent="95" />
      <mem type="survivor" free="0" total="262144" percent="0" />
    </mem>
    <mem type="tenure" free="2564568" total="6291456" percent="40">
      <mem type="soa" free="2250200" total="5977088" percent="37" />
      <mem type="loa" free="314368" total="314368" percent="100" />
    </mem>
    <remembered-set count="310" />
  </mem-info>
</gc-end>
<cycle-end id="434" type="scavenge" contextid="428" timestamp="2019-06-16T17:32:26.380" />
  <attribute name="elasticGC enabled" value="1" />
  <attribute name= "numThreadsSpecified" value="4" />
  <attribute name="heapSize specified" value="8388608" />
  <attribute name="Current GC Util" value="6" />
  <attribute name= "Current Time Running" value="849" />
  <attribute name ="GC Interval" value="200" />
  <attribute name="ProportionalT" value="-14.000000" />
  <attribute name="ProportionalI" value="-14.000000" />
  <attribute name="ProportionalH" value="-14.000000" />
  <attribute name="Current Error" value="-14.000000" />
  <attribute name="IntegralT" value="-98.000000" />
  <attribute name="IntegralI" value="-98.000000" />
  <attribute name="IntegralH" value="-98.000000" />
  <attribute name="DerivativeT" value="-1.000000" />
  <attribute name="DerivativeI" value="-1.000000" />
  <attribute name="DerivativeH" value="-1.000000" />
  <attribute name="Loop Time for DT" value="7.000000" />
  <attribute name="Output H" value="2092630016"/>
  <attribute name="Output I" value="200"/>
  <attribute name="Output T" value="4"/>
  <attribute name="Target GC Util Change" value ="20.000000" />
  <attribute name="Current GC Util Change" value="6.000000"/>
  <attribute name="GC Util currently" value="6" />
  <attribute name="CPU Util currently" value="678356115474" />
<allocation-satisfied id="435" threadId="00000000016ED500" bytesRequested="40" />
<af-end id="436" timestamp="2019-06-16T17:32:26.380" threadId="00000000016EDE88" success="true" from="nursery"/>
<exclusive-end id="437" timestamp="2019-06-16T17:32:26.380" durationms="1.212" />

<exclusive-start id="438" timestamp="2019-06-16T17:32:26.387" intervalms="8.137">
  <response-info timems="0.034" idlems="0.034" threads="0" lastid="00000000016ED500" lastname="Thread-8" />
</exclusive-start>
<af-start id="439" threadId="00000000016EDE88" totalBytesRequested="40" timestamp="2019-06-16T17:32:26.387" intervalms="8.128" type="nursery" />
<cycle-start id="440" type="scavenge" contextid="0" timestamp="2019-06-16T17:32:26.387" intervalms="8.113" />
<gc-start id="441" type="scavenge" contextid="440" timestamp="2019-06-16T17:32:26.387">
  <mem-info id="442" free="2564568" total="8650752" percent="29">
    <mem type="nursery" free="0" total="2359296" percent="0">
      <mem type="allocate" free="0" total="2097152" percent="0" />
      <mem type="survivor" free="0" total="262144" percent="0" />
    </mem>
    <mem type="tenure" free="2564568" total="6291456" percent="40">
      <mem type="soa" free="2250200" total="5977088" percent="37" />
      <mem type="loa" free="314368" total="314368" percent="100" />
    </mem>
    <remembered-set count="421" />
  </mem-info>
</gc-start>
<allocation-stats totalBytes="1996280" >
  <allocated-bytes non-tlh="40" tlh="1996240" />
  <largest-consumer threadName="Thread-8" threadId="00000000016ED500" bytes="1996280" />
</allocation-stats>
<gc-op id="443" type="scavenge" timems="0.195" contextid="440" timestamp="2019-06-16T17:32:26.388">
  <scavenger-info tenureage="2" tenuremask="4004" tiltratio="88" />
  <memory-copied type="nursery" objects="234" bytes="5736" bytesdiscarded="164760" />
  <memory-copied type="tenure" objects="127" bytes="3048" bytesdiscarded="0" />
</gc-op>
<gc-end id="444" type="scavenge" contextid="440" durationms="0.517" usertimems="0.000" systemtimems="0.000" timestamp="2019-06-16T17:32:26.388" activeThreads="4">
  <mem-info id="445" free="4491224" total="8650752" percent="51">
    <mem type="nursery" free="1926656" total="2359296" percent="81">
      <mem type="allocate" free="1926656" total="2097152" percent="91" />
      <mem type="survivor" free="0" total="262144" percent="0" />
    </mem>
    <mem type="tenure" free="2564568" total="6291456" percent="40">
      <mem type="soa" free="2250200" total="5977088" percent="37" />
      <mem type="loa" free="314368" total="314368" percent="100" />
    </mem>
    <remembered-set count="294" />
  </mem-info>
</gc-end>
<cycle-end id="446" type="scavenge" contextid="440" timestamp="2019-06-16T17:32:26.388" />
  <attribute name="elasticGC enabled" value="1" />
  <attribute name= "numThreadsSpecified" value="4" />
  <attribute name="heapSize specified" value="8388608" />
  <attribute name="Current GC Util" value="5" />
  <attribute name= "Current Time Running" value="857" />
  <attribute name ="GC Interval" value="200" />
  <attribute name="ProportionalT" value="-15.000000" />
  <attribute name="ProportionalI" value="-15.000000" />
  <attribute name="ProportionalH" value="-15.000000" />
  <attribute name="Current Error" value="-15.000000" />
  <attribute name="IntegralT" value="-120.000000" />
  <attribute name="IntegralI" value="-120.000000" />
  <attribute name="IntegralH" value="-120.000000" />
  <attribute name="DerivativeT" value="-0.937500" />
  <attribute name="DerivativeI" value="-0.937500" />
  <attribute name="DerivativeH" value="-0.937500" />
  <attribute name="Loop Time for DT" value="8.000000" />
  <attribute name="Output H" value="2092630016"/>
  <attribute name="Output I" value="200"/>
  <attribute name="Output T" value="4"/>
  <attribute name="Target GC Util Change" value ="20.000000" />
  <attribute name="Current GC Util Change" value="5.000000"/>
  <attribute name="GC Util currently" value="5" />
  <attribute name="CPU Util currently" value="570670797525" />
<allocation-satisfied id="447" threadId="00000000016ED500" bytesRequested="40" />
<af-end id="448" timestamp="2019-06-16T17:32:26.388" threadId="00000000016EDE88" success="true" from="nursery"/>
<exclusive-end id="449" timestamp="2019-06-16T17:32:26.388" durationms="1.116" />

<exclusive-start id="450" timestamp="2019-06-16T17:32:26.395" intervalms="8.239">
  <response-info timems="0.027" idlems="0.027" threads="0" lastid="00000000016ED500" lastname="Thread-8" />
</exclusive-start>
<af-start id="451" threadId="00000000016EDE88" totalBytesRequested="40" timestamp="2019-06-16T17:32:26.395" intervalms="8.246" type="nursery" />
<cycle-start id="452" type="scavenge" contextid="0" timestamp="2019-06-16T17:32:26.395" intervalms="8.261" />
<gc-start id="453" type="scavenge" contextid="452" timestamp="2019-06-16T17:32:26.395">
  <mem-info id="454" free="2564568" total="8650752" percent="29">
    <mem type="nursery" free="0" total="2359296" percent="0">
      <mem type="allocate" free="0" total="2097152" percent="0" />
      <mem type="survivor" free="0" total="262144" percent="0" />
    </mem>
    <mem type="tenure" free="2564568" total="6291456" percent="40">
      <mem type="soa" free="2250200" total="5977088" percent="37" />
      <mem type="loa" free="314368" total="314368" percent="100" />
    </mem>
    <remembered-set count="412" />
  </mem-info>
</gc-start>
<allocation-stats totalBytes="1926336" >
  <allocated-bytes non-tlh="40" tlh="1926296" />
  <largest-consumer threadName="Thread-8" threadId="00000000016ED500" bytes="1926336" />
</allocation-stats>
<gc-op id="455" type="scavenge" timems="0.173" contextid="452" timestamp="2019-06-16T17:32:26.396">
  <scavenger-info tenureage="2" tenuremask="4004" tiltratio="88" />
  <memory-copied type="nursery" objects="242" bytes="5944" bytesdiscarded="195272" />
  <memory-copied type="tenure" objects="111" bytes="2664" bytesdiscarded="0" />
</gc-op>
<gc-end id="456" type="scavenge" contextid="452" durationms="0.441" usertimems="0.000" systemtimems="0.000" timestamp="2019-06-16T17:32:26.396" activeThreads="4">
  <mem-info id="457" free="4460504" total="8650752" percent="51">
    <mem type="nursery" free="1895936" total="2359296" percent="80">
      <mem type="allocate" free="1895936" total="2097152" percent="90" />
      <mem type="survivor" free="0" total="262144" percent="0" />
    </mem>
    <mem type="tenure" free="2564568" total="6291456" percent="40">
      <mem type="soa" free="2250200" total="5977088" percent="37" />
      <mem type="loa" free="314368" total="314368" percent="100" />
    </mem>
    <remembered-set count="301" />
  </mem-info>
</gc-end>
<cycle-end id="458" type="scavenge" contextid="452" timestamp="2019-06-16T17:32:26.396" />
  <attribute name="elasticGC enabled" value="1" />
  <attribute name= "numThreadsSpecified" value="4" />
  <attribute name="heapSize specified" value="8388608" />
  <attribute name="Current GC Util" value="5" />
  <attribute name= "Current Time Running" value="865" />
  <attribute name ="GC Interval" value="200" />
  <attribute name="ProportionalT" value="-15.000000" />
  <attribute name="ProportionalI" value="-15.000000" />
  <attribute name="ProportionalH" value="-15.000000" />
  <attribute name="Current Error" value="-15.000000" />
  <attribute name="IntegralT" value="-120.000000" />
  <attribute name="IntegralI" value="-120.000000" />
  <attribute name="IntegralH" value="-120.000000" />
  <attribute name="DerivativeT" value="-0.937500" />
  <attribute name="DerivativeI" value="-0.937500" />
  <attribute name="DerivativeH" value="-0.937500" />
  <attribute name="Loop Time for DT" value="8.000000" />
  <attribute name="Output H" value="2092630016"/>
  <attribute name="Output I" value="200"/>
  <attribute name="Output T" value="4"/>
  <attribute name="Target GC Util Change" value ="20.000000" />
  <attribute name="Current GC Util Change" value="5.000000"/>
  <attribute name="GC Util currently" value="5" />
  <attribute name="CPU Util currently" value="560303013967" />
<allocation-satisfied id="459" threadId="00000000016ED500" bytesRequested="40" />
<af-end id="460" timestamp="2019-06-16T17:32:26.396" threadId="00000000016EDE88" success="true" from="nursery"/>
<exclusive-end id="461" timestamp="2019-06-16T17:32:26.396" durationms="1.158" />

<exclusive-start id="462" timestamp="2019-06-16T17:32:26.403" intervalms="7.521">
  <response-info timems="0.052" idlems="0.052" threads="0" lastid="00000000016ED500" lastname="Thread-8" />
</exclusive-start>
<af-start id="463" threadId="00000000016EDE88" totalBytesRequested="40" timestamp="2019-06-16T17:32:26.403" intervalms="7.512" type="nursery" />
<cycle-start id="464" type="scavenge" contextid="0" timestamp="2019-06-16T17:32:26.403" intervalms="7.498" />
<gc-start id="465" type="scavenge" contextid="464" timestamp="2019-06-16T17:32:26.403">
  <mem-info id="466" free="2564568" total="8650752" percent="29">
    <mem type="nursery" free="0" total="2359296" percent="0">
      <mem type="allocate" free="0" total="2097152" percent="0" />
      <mem type="survivor" free="0" total="262144" percent="0" />
    </mem>
    <mem type="tenure" free="2564568" total="6291456" percent="40">
      <mem type="soa" free="2250200" total="5977088" percent="37" />
      <mem type="loa" free="314368" total="314368" percent="100" />
    </mem>
    <remembered-set count="396" />
  </mem-info>
</gc-start>
<allocation-stats totalBytes="1895656" >
  <allocated-bytes non-tlh="40" tlh="1895616" />
  <largest-consumer threadName="Thread-8" threadId="00000000016ED500" bytes="1895656" />
</allocation-stats>
<gc-op id="467" type="scavenge" timems="0.160" contextid="464" timestamp="2019-06-16T17:32:26.403">
  <scavenger-info tenureage="2" tenuremask="4004" tiltratio="88" />
  <memory-copied type="nursery" objects="288" bytes="7288" bytesdiscarded="62600" />
  <memory-copied type="tenure" objects="111" bytes="2664" bytesdiscarded="480" />
</gc-op>
<gc-end id="468" type="scavenge" contextid="464" durationms="0.462" usertimems="0.000" systemtimems="0.000" timestamp="2019-06-16T17:32:26.403" activeThreads="4">
  <mem-info id="469" free="4591832" total="8650752" percent="53">
    <mem type="nursery" free="2027264" total="2359296" percent="85">
      <mem type="allocate" free="2027264" total="2097152" percent="96" />
      <mem type="survivor" free="0" total="262144" percent="0" />
    </mem>
    <mem type="tenure" free="2564568" total="6291456" percent="40">
      <mem type="soa" free="2250200" total="5977088" percent="37" />
      <mem type="loa" free="314368" total="314368" percent="100" />
    </mem>
    <remembered-set count="284" />
  </mem-info>
</gc-end>
<cycle-end id="470" type="scavenge" contextid="464" timestamp="2019-06-16T17:32:26.404" />
  <attribute name="elasticGC enabled" value="1" />
  <attribute name= "numThreadsSpecified" value="4" />
  <attribute name="heapSize specified" value="8388608" />
  <attribute name="Current GC Util" value="5" />
  <attribute name= "Current Time Running" value="873" />
  <attribute name ="GC Interval" value="200" />
  <attribute name="ProportionalT" value="-15.000000" />
  <attribute name="ProportionalI" value="-15.000000" />
  <attribute name="ProportionalH" value="-15.000000" />
  <attribute name="Current Error" value="-15.000000" />
  <attribute name="IntegralT" value="-120.000000" />
  <attribute name="IntegralI" value="-120.000000" />
  <attribute name="IntegralH" value="-120.000000" />
  <attribute name="DerivativeT" value="-0.937500" />
  <attribute name="DerivativeI" value="-0.937500" />
  <attribute name="DerivativeH" value="-0.937500" />
  <attribute name="Loop Time for DT" value="8.000000" />
  <attribute name="Output H" value="2092630016"/>
  <attribute name="Output I" value="200"/>
  <attribute name="Output T" value="4"/>
  <attribute name="Target GC Util Change" value ="20.000000" />
  <attribute name="Current GC Util Change" value="5.000000"/>
  <attribute name="GC Util currently" value="5" />
  <attribute name="CPU Util currently" value="616556830008" />
<allocation-satisfied id="471" threadId="00000000016ED500" bytesRequested="40" />
<af-end id="472" timestamp="2019-06-16T17:32:26.404" threadId="00000000016EDE88" success="true" from="nursery"/>
<exclusive-end id="473" timestamp="2019-06-16T17:32:26.404" durationms="1.088" />

<exclusive-start id="474" timestamp="2019-06-16T17:32:26.412" intervalms="9.396">
  <response-info timems="0.016" idlems="0.016" threads="0" lastid="00000000016ED500" lastname="Thread-8" />
</exclusive-start>
<af-start id="475" threadId="00000000016EDE88" totalBytesRequested="24" timestamp="2019-06-16T17:32:26.412" intervalms="9.376" type="nursery" />
<cycle-start id="476" type="scavenge" contextid="0" timestamp="2019-06-16T17:32:26.412" intervalms="9.357" />
<gc-start id="477" type="scavenge" contextid="476" timestamp="2019-06-16T17:32:26.412">
  <mem-info id="478" free="2564568" total="8650752" percent="29">
    <mem type="nursery" free="0" total="2359296" percent="0">
      <mem type="allocate" free="0" total="2097152" percent="0" />
      <mem type="survivor" free="0" total="262144" percent="0" />
    </mem>
    <mem type="tenure" free="2564568" total="6291456" percent="40">
      <mem type="soa" free="2250200" total="5977088" percent="37" />
      <mem type="loa" free="314368" total="314368" percent="100" />
    </mem>
    <remembered-set count="388" />
  </mem-info>
</gc-start>
<allocation-stats totalBytes="2027112" >
  <allocated-bytes non-tlh="40" tlh="2027072" />
  <largest-consumer threadName="Thread-8" threadId="00000000016ED500" bytes="2027112" />
</allocation-stats>
<gc-op id="479" type="scavenge" timems="0.184" contextid="476" timestamp="2019-06-16T17:32:26.413">
  <scavenger-info tenureage="2" tenuremask="4004" tiltratio="88" />
  <memory-copied type="nursery" objects="246" bytes="6152" bytesdiscarded="195064" />
  <memory-copied type="tenure" objects="118" bytes="2832" bytesdiscarded="0" />
</gc-op>
<gc-end id="480" type="scavenge" contextid="476" durationms="0.450" usertimems="0.000" systemtimems="0.000" timestamp="2019-06-16T17:32:26.413" activeThreads="4">
  <mem-info id="481" free="4390616" total="8650752" percent="50">
    <mem type="nursery" free="1895936" total="2359296" percent="80">
      <mem type="allocate" free="1895936" total="2097152" percent="90" />
      <mem type="survivor" free="0" total="262144" percent="0" />
    </mem>
    <mem type="tenure" free="2494680" total="6291456" percent="39">
      <mem type="soa" free="2180312" total="5977088" percent="36" />
      <mem type="loa" free="314368" total="314368" percent="100" />
    </mem>
    <remembered-set count="270" />
  </mem-info>
</gc-end>
<cycle-end id="482" type="scavenge" contextid="476" timestamp="2019-06-16T17:32:26.413" />
  <attribute name="elasticGC enabled" value="1" />
  <attribute name= "numThreadsSpecified" value="4" />
  <attribute name="heapSize specified" value="8388608" />
  <attribute name="Current GC Util" value="4" />
  <attribute name= "Current Time Running" value="882" />
  <attribute name ="GC Interval" value="200" />
  <attribute name="ProportionalT" value="-16.000000" />
  <attribute name="ProportionalI" value="-16.000000" />
  <attribute name="ProportionalH" value="-16.000000" />
  <attribute name="Current Error" value="-16.000000" />
  <attribute name="IntegralT" value="-144.000000" />
  <attribute name="IntegralI" value="-144.000000" />
  <attribute name="IntegralH" value="-144.000000" />
  <attribute name="DerivativeT" value="-0.888889" />
  <attribute name="DerivativeI" value="-0.888889" />
  <attribute name="DerivativeH" value="-0.888889" />
  <attribute name="Loop Time for DT" value="9.000000" />
  <attribute name="Output H" value="2092630016"/>
  <attribute name="Output I" value="200"/>
  <attribute name="Output T" value="4"/>
  <attribute name="Target GC Util Change" value ="20.000000" />
  <attribute name="Current GC Util Change" value="4.000000"/>
  <attribute name="GC Util currently" value="4" />
  <attribute name="CPU Util currently" value="492254051263" />
<allocation-satisfied id="483" threadId="00000000016ED500" bytesRequested="24" />
<af-end id="484" timestamp="2019-06-16T17:32:26.413" threadId="00000000016EDE88" success="true" from="nursery"/>
<exclusive-end id="485" timestamp="2019-06-16T17:32:26.413" durationms="1.080" />

<exclusive-start id="486" timestamp="2019-06-16T17:32:26.419" intervalms="7.447">
  <response-info timems="0.038" idlems="0.038" threads="0" lastid="00000000016ED500" lastname="Thread-8" />
</exclusive-start>
<af-start id="487" threadId="00000000016EDE88" totalBytesRequested="40" timestamp="2019-06-16T17:32:26.420" intervalms="7.437" type="nursery" />
<cycle-start id="488" type="scavenge" contextid="0" timestamp="2019-06-16T17:32:26.420" intervalms="7.440" />
<gc-start id="489" type="scavenge" contextid="488" timestamp="2019-06-16T17:32:26.420">
  <mem-info id="490" free="2494680" total="8650752" percent="28">
    <mem type="nursery" free="0" total="2359296" percent="0">
      <mem type="allocate" free="0" total="2097152" percent="0" />
      <mem type="survivor" free="0" total="262144" percent="0" />
    </mem>
    <mem type="tenure" free="2494680" total="6291456" percent="39">
      <mem type="soa" free="2180312" total="5977088" percent="36" />
      <mem type="loa" free="314368" total="314368" percent="100" />
    </mem>
    <remembered-set count="401" />
  </mem-info>
</gc-start>
<allocation-stats totalBytes="1895720" >
  <allocated-bytes non-tlh="24" tlh="1895696" />
  <largest-consumer threadName="Thread-8" threadId="00000000016ED500" bytes="1895720" />
</allocation-stats>
<gc-op id="491" type="scavenge" timems="0.177" contextid="488" timestamp="2019-06-16T17:32:26.420">
  <scavenger-info tenureage="2" tenuremask="4004" tiltratio="88" />
  <memory-copied type="nursery" objects="233" bytes="5608" bytesdiscarded="164888" />
  <memory-copied type="tenure" objects="95" bytes="2280" bytesdiscarded="0" />
</gc-op>
<gc-end id="492" type="scavenge" contextid="488" durationms="0.472" usertimems="0.000" systemtimems="0.000" timestamp="2019-06-16T17:32:26.420" activeThreads="4">
  <mem-info id="493" free="4421336" total="8650752" percent="51">
    <mem type="nursery" free="1926656" total="2359296" percent="81">
      <mem type="allocate" free="1926656" total="2097152" percent="91" />
      <mem type="survivor" free="0" total="262144" percent="0" />
    </mem>
    <mem type="tenure" free="2494680" total="6291456" percent="39">
      <mem type="soa" free="2180312" total="5977088" percent="36" />
      <mem type="loa" free="314368" total="314368" percent="100" />
    </mem>
    <remembered-set count="304" />
  </mem-info>
</gc-end>
<cycle-end id="494" type="scavenge" contextid="488" timestamp="2019-06-16T17:32:26.420" />
  <attribute name="elasticGC enabled" value="1" />
  <attribute name= "numThreadsSpecified" value="4" />
  <attribute name="heapSize specified" value="8388608" />
  <attribute name="Current GC Util" value="5" />
  <attribute name= "Current Time Running" value="890" />
  <attribute name ="GC Interval" value="200" />
  <attribute name="ProportionalT" value="-15.000000" />
  <attribute name="ProportionalI" value="-15.000000" />
  <attribute name="ProportionalH" value="-15.000000" />
  <attribute name="Current Error" value="-15.000000" />
  <attribute name="IntegralT" value="-120.000000" />
  <attribute name="IntegralI" value="-120.000000" />
  <attribute name="IntegralH" value="-120.000000" />
  <attribute name="DerivativeT" value="-0.937500" />
  <attribute name="DerivativeI" value="-0.937500" />
  <attribute name="DerivativeH" value="-0.937500" />
  <attribute name="Loop Time for DT" value="8.000000" />
  <attribute name="Output H" value="2092630016"/>
  <attribute name="Output I" value="200"/>
  <attribute name="Output T" value="4"/>
  <attribute name="Target GC Util Change" value ="20.000000" />
  <attribute name="Current GC Util Change" value="5.000000"/>
  <attribute name="GC Util currently" value="5" />
  <attribute name="CPU Util currently" value="620745178705" />
<allocation-satisfied id="495" threadId="00000000016ED500" bytesRequested="40" />
<af-end id="496" timestamp="2019-06-16T17:32:26.420" threadId="00000000016EDE88" success="true" from="nursery"/>
<exclusive-end id="497" timestamp="2019-06-16T17:32:26.420" durationms="1.057" />

<exclusive-start id="498" timestamp="2019-06-16T17:32:26.429" intervalms="9.291">
  <response-info timems="0.032" idlems="0.032" threads="0" lastid="00000000016ED500" lastname="Thread-8" />
</exclusive-start>
<af-start id="499" threadId="00000000016EDE88" totalBytesRequested="40" timestamp="2019-06-16T17:32:26.429" intervalms="9.300" type="nursery" />
<cycle-start id="500" type="scavenge" contextid="0" timestamp="2019-06-16T17:32:26.429" intervalms="9.295" />
<gc-start id="501" type="scavenge" contextid="500" timestamp="2019-06-16T17:32:26.429">
  <mem-info id="502" free="2494680" total="8650752" percent="28">
    <mem type="nursery" free="0" total="2359296" percent="0">
      <mem type="allocate" free="0" total="2097152" percent="0" />
      <mem type="survivor" free="0" total="262144" percent="0" />
    </mem>
    <mem type="tenure" free="2494680" total="6291456" percent="39">
      <mem type="soa" free="2180312" total="5977088" percent="36" />
      <mem type="loa" free="314368" total="314368" percent="100" />
    </mem>
    <remembered-set count="415" />
  </mem-info>
</gc-start>
<allocation-stats totalBytes="1926376" >
  <allocated-bytes non-tlh="40" tlh="1926336" />
  <largest-consumer threadName="Thread-8" threadId="00000000016ED500" bytes="1926376" />
</allocation-stats>
<gc-op id="503" type="scavenge" timems="0.176" contextid="500" timestamp="2019-06-16T17:32:26.429">
  <scavenger-info tenureage="2" tenuremask="4004" tiltratio="88" />
  <memory-copied type="nursery" objects="252" bytes="6168" bytesdiscarded="195048" />
  <memory-copied type="tenure" objects="103" bytes="2472" bytesdiscarded="0" />
</gc-op>
<gc-end id="504" type="scavenge" contextid="500" durationms="0.476" usertimems="0.000" systemtimems="0.000" timestamp="2019-06-16T17:32:26.429" activeThreads="4">
  <mem-info id="505" free="4390616" total="8650752" percent="50">
    <mem type="nursery" free="1895936" total="2359296" percent="80">
      <mem type="allocate" free="1895936" total="2097152" percent="90" />
      <mem type="survivor" free="0" total="262144" percent="0" />
    </mem>
    <mem type="tenure" free="2494680" total="6291456" percent="39">
      <mem type="soa" free="2180312" total="5977088" percent="36" />
      <mem type="loa" free="314368" total="314368" percent="100" />
    </mem>
    <remembered-set count="312" />
  </mem-info>
</gc-end>
<cycle-end id="506" type="scavenge" contextid="500" timestamp="2019-06-16T17:32:26.430" />
  <attribute name="elasticGC enabled" value="1" />
  <attribute name= "numThreadsSpecified" value="4" />
  <attribute name="heapSize specified" value="8388608" />
  <attribute name="Current GC Util" value="4" />
  <attribute name= "Current Time Running" value="899" />
  <attribute name ="GC Interval" value="200" />
  <attribute name="ProportionalT" value="-16.000000" />
  <attribute name="ProportionalI" value="-16.000000" />
  <attribute name="ProportionalH" value="-16.000000" />
  <attribute name="Current Error" value="-16.000000" />
  <attribute name="IntegralT" value="-144.000000" />
  <attribute name="IntegralI" value="-144.000000" />
  <attribute name="IntegralH" value="-144.000000" />
  <attribute name="DerivativeT" value="-0.888889" />
  <attribute name="DerivativeI" value="-0.888889" />
  <attribute name="DerivativeH" value="-0.888889" />
  <attribute name="Loop Time for DT" value="9.000000" />
  <attribute name="Output H" value="2092630016"/>
  <attribute name="Output I" value="200"/>
  <attribute name="Output T" value="4"/>
  <attribute name="Target GC Util Change" value ="20.000000" />
  <attribute name="Current GC Util Change" value="4.000000"/>
  <attribute name="GC Util currently" value="4" />
  <attribute name="CPU Util currently" value="496259188147" />
<allocation-satisfied id="507" threadId="00000000016ED500" bytesRequested="40" />
<af-end id="508" timestamp="2019-06-16T17:32:26.430" threadId="00000000016EDE88" success="true" from="nursery"/>
<exclusive-end id="509" timestamp="2019-06-16T17:32:26.430" durationms="1.068" />

<exclusive-start id="510" timestamp="2019-06-16T17:32:26.437" intervalms="8.244">
  <response-info timems="0.024" idlems="0.024" threads="0" lastid="00000000016ED500" lastname="Thread-8" />
</exclusive-start>
<af-start id="511" threadId="00000000016EDE88" totalBytesRequested="40" timestamp="2019-06-16T17:32:26.437" intervalms="8.209" type="nursery" />
<cycle-start id="512" type="scavenge" contextid="0" timestamp="2019-06-16T17:32:26.437" intervalms="8.209" />
<gc-start id="513" type="scavenge" contextid="512" timestamp="2019-06-16T17:32:26.437">
  <mem-info id="514" free="2494680" total="8650752" percent="28">
    <mem type="nursery" free="0" total="2359296" percent="0">
      <mem type="allocate" free="0" total="2097152" percent="0" />
      <mem type="survivor" free="0" total="262144" percent="0" />
    </mem>
    <mem type="tenure" free="2494680" total="6291456" percent="39">
      <mem type="soa" free="2180312" total="5977088" percent="36" />
      <mem type="loa" free="314368" total="314368" percent="100" />
    </mem>
    <remembered-set count="434" />
  </mem-info>
</gc-start>
<allocation-stats totalBytes="1895552" >
  <allocated-bytes non-tlh="40" tlh="1895512" />
  <largest-consumer threadName="Thread-8" threadId="00000000016ED500" bytes="1895552" />
</allocation-stats>
<gc-op id="515" type="scavenge" timems="0.185" contextid="512" timestamp="2019-06-16T17:32:26.438">
  <scavenger-info tenureage="2" tenuremask="4004" tiltratio="88" />
  <memory-copied type="nursery" objects="305" bytes="7680" bytesdiscarded="162816" />
  <memory-copied type="tenure" objects="129" bytes="3096" bytesdiscarded="0" />
</gc-op>
<gc-end id="516" type="scavenge" contextid="512" durationms="0.452" usertimems="4.000" systemtimems="0.000" timestamp="2019-06-16T17:32:26.438" activeThreads="4">
  <mem-info id="517" free="4421336" total="8650752" percent="51">
    <mem type="nursery" free="1926656" total="2359296" percent="81">
      <mem type="allocate" free="1926656" total="2097152" percent="91" />
      <mem type="survivor" free="0" total="262144" percent="0" />
    </mem>
    <mem type="tenure" free="2494680" total="6291456" percent="39">
      <mem type="soa" free="2180312" total="5977088" percent="36" />
      <mem type="loa" free="314368" total="314368" percent="100" />
    </mem>
    <remembered-set count="303" />
  </mem-info>
</gc-end>
<cycle-end id="518" type="scavenge" contextid="512" timestamp="2019-06-16T17:32:26.438" />
  <attribute name="elasticGC enabled" value="1" />
  <attribute name= "numThreadsSpecified" value="4" />
  <attribute name="heapSize specified" value="8388608" />
  <attribute name="Current GC Util" value="5" />
  <attribute name= "Current Time Running" value="907" />
  <attribute name ="GC Interval" value="200" />
  <attribute name="ProportionalT" value="-15.000000" />
  <attribute name="ProportionalI" value="-15.000000" />
  <attribute name="ProportionalH" value="-15.000000" />
  <attribute name="Current Error" value="-15.000000" />
  <attribute name="IntegralT" value="-120.000000" />
  <attribute name="IntegralI" value="-120.000000" />
  <attribute name="IntegralH" value="-120.000000" />
  <attribute name="DerivativeT" value="-0.937500" />
  <attribute name="DerivativeI" value="-0.937500" />
  <attribute name="DerivativeH" value="-0.937500" />
  <attribute name="Loop Time for DT" value="8.000000" />
  <attribute name="Output H" value="2092630016"/>
  <attribute name="Output I" value="200"/>
  <attribute name="Output T" value="4"/>
  <attribute name="Target GC Util Change" value ="20.000000" />
  <attribute name="Current GC Util Change" value="5.000000"/>
  <attribute name="GC Util currently" value="5" />
  <attribute name="CPU Util currently" value="563924292168" />
<allocation-satisfied id="519" threadId="00000000016ED500" bytesRequested="40" />
<af-end id="520" timestamp="2019-06-16T17:32:26.438" threadId="00000000016EDE88" success="true" from="nursery"/>
<exclusive-end id="521" timestamp="2019-06-16T17:32:26.438" durationms="0.928" />

<exclusive-start id="522" timestamp="2019-06-16T17:32:26.446" intervalms="8.653">
  <response-info timems="0.023" idlems="0.023" threads="0" lastid="00000000016ED500" lastname="Thread-8" />
</exclusive-start>
<af-start id="523" threadId="00000000016EDE88" totalBytesRequested="40" timestamp="2019-06-16T17:32:26.446" intervalms="8.648" type="nursery" />
<cycle-start id="524" type="scavenge" contextid="0" timestamp="2019-06-16T17:32:26.446" intervalms="8.650" />
<gc-start id="525" type="scavenge" contextid="524" timestamp="2019-06-16T17:32:26.446">
  <mem-info id="526" free="2494680" total="8650752" percent="28">
    <mem type="nursery" free="0" total="2359296" percent="0">
      <mem type="allocate" free="0" total="2097152" percent="0" />
      <mem type="survivor" free="0" total="262144" percent="0" />
    </mem>
    <mem type="tenure" free="2494680" total="6291456" percent="39">
      <mem type="soa" free="2180312" total="5977088" percent="36" />
      <mem type="loa" free="314368" total="314368" percent="100" />
    </mem>
    <remembered-set count="415" />
  </mem-info>
</gc-start>
<allocation-stats totalBytes="1926248" >
  <allocated-bytes non-tlh="40" tlh="1926208" />
  <largest-consumer threadName="Thread-8" threadId="00000000016ED500" bytes="1926248" />
</allocation-stats>
<gc-op id="527" type="scavenge" timems="0.172" contextid="524" timestamp="2019-06-16T17:32:26.446">
  <scavenger-info tenureage="2" tenuremask="4004" tiltratio="88" />
  <memory-copied type="nursery" objects="307" bytes="7744" bytesdiscarded="92864" />
  <memory-copied type="tenure" objects="112" bytes="2688" bytesdiscarded="0" />
</gc-op>
<gc-end id="528" type="scavenge" contextid="524" durationms="0.358" usertimems="0.000" systemtimems="0.000" timestamp="2019-06-16T17:32:26.446" activeThreads="4">
  <mem-info id="529" free="4491224" total="8650752" percent="51">
    <mem type="nursery" free="1996544" total="2359296" percent="84">
      <mem type="allocate" free="1996544" total="2097152" percent="95" />
      <mem type="survivor" free="0" total="262144" percent="0" />
    </mem>
    <mem type="tenure" free="2494680" total="6291456" percent="39">
      <mem type="soa" free="2180312" total="5977088" percent="36" />
      <mem type="loa" free="314368" total="314368" percent="100" />
    </mem>
    <remembered-set count="303" />
  </mem-info>
</gc-end>
<cycle-end id="530" type="scavenge" contextid="524" timestamp="2019-06-16T17:32:26.446" />
  <attribute name="elasticGC enabled" value="1" />
  <attribute name= "numThreadsSpecified" value="4" />
  <attribute name="heapSize specified" value="8388608" />
  <attribute name="Current GC Util" value="5" />
  <attribute name= "Current Time Running" value="916" />
  <attribute name ="GC Interval" value="200" />
  <attribute name="ProportionalT" value="-15.000000" />
  <attribute name="ProportionalI" value="-15.000000" />
  <attribute name="ProportionalH" value="-15.000000" />
  <attribute name="Current Error" value="-15.000000" />
  <attribute name="IntegralT" value="-135.000000" />
  <attribute name="IntegralI" value="-135.000000" />
  <attribute name="IntegralH" value="-135.000000" />
  <attribute name="DerivativeT" value="-0.833333" />
  <attribute name="DerivativeI" value="-0.833333" />
  <attribute name="DerivativeH" value="-0.833333" />
  <attribute name="Loop Time for DT" value="9.000000" />
  <attribute name="Output H" value="2092630016"/>
  <attribute name="Output I" value="200"/>
  <attribute name="Output T" value="4"/>
  <attribute name="Target GC Util Change" value ="20.000000" />
  <attribute name="Current GC Util Change" value="5.000000"/>
  <attribute name="GC Util currently" value="5" />
  <attribute name="CPU Util currently" value="538072193272" />
<allocation-satisfied id="531" threadId="00000000016ED500" bytesRequested="40" />
<af-end id="532" timestamp="2019-06-16T17:32:26.446" threadId="00000000016EDE88" success="true" from="nursery"/>
<exclusive-end id="533" timestamp="2019-06-16T17:32:26.446" durationms="0.879" />

<exclusive-start id="534" timestamp="2019-06-16T17:32:26.454" intervalms="8.299">
  <response-info timems="0.023" idlems="0.023" threads="0" lastid="00000000016ED500" lastname="Thread-8" />
</exclusive-start>
<af-start id="535" threadId="00000000016EDE88" totalBytesRequested="40" timestamp="2019-06-16T17:32:26.454" intervalms="8.337" type="nursery" />
<cycle-start id="536" type="scavenge" contextid="0" timestamp="2019-06-16T17:32:26.454" intervalms="8.330" />
<gc-start id="537" type="scavenge" contextid="536" timestamp="2019-06-16T17:32:26.454">
  <mem-info id="538" free="2494680" total="8650752" percent="28">
    <mem type="nursery" free="0" total="2359296" percent="0">
      <mem type="allocate" free="0" total="2097152" percent="0" />
      <mem type="survivor" free="0" total="262144" percent="0" />
    </mem>
    <mem type="tenure" free="2494680" total="6291456" percent="39">
      <mem type="soa" free="2180312" total="5977088" percent="36" />
      <mem type="loa" free="314368" total="314368" percent="100" />
    </mem>
    <remembered-set count="449" />
  </mem-info>
</gc-start>
<allocation-stats totalBytes="1996200" >
  <allocated-bytes non-tlh="40" tlh="1996160" />
  <largest-consumer threadName="Thread-8" threadId="00000000016ED500" bytes="1996200" />
</allocation-stats>
<gc-op id="539" type="scavenge" timems="0.177" contextid="536" timestamp="2019-06-16T17:32:26.455">
  <scavenger-info tenureage="2" tenuremask="4004" tiltratio="88" />
  <memory-copied type="nursery" objects="335" bytes="8432" bytesdiscarded="162064" />
  <memory-copied type="tenure" objects="118" bytes="2832" bytesdiscarded="0" />
</gc-op>
<gc-end id="540" type="scavenge" contextid="536" durationms="0.472" usertimems="0.000" systemtimems="0.000" timestamp="2019-06-16T17:32:26.455" activeThreads="4">
  <mem-info id="541" free="4421336" total="8650752" percent="51">
    <mem type="nursery" free="1926656" total="2359296" percent="81">
      <mem type="allocate" free="1926656" total="2097152" percent="91" />
      <mem type="survivor" free="0" total="262144" percent="0" />
    </mem>
    <mem type="tenure" free="2494680" total="6291456" percent="39">
      <mem type="soa" free="2180312" total="5977088" percent="36" />
      <mem type="loa" free="314368" total="314368" percent="100" />
    </mem>
    <remembered-set count="330" />
  </mem-info>
</gc-end>
<cycle-end id="542" type="scavenge" contextid="536" timestamp="2019-06-16T17:32:26.455" />
  <attribute name="elasticGC enabled" value="1" />
  <attribute name= "numThreadsSpecified" value="4" />
  <attribute name="heapSize specified" value="8388608" />
  <attribute name="Current GC Util" value="5" />
  <attribute name= "Current Time Running" value="924" />
  <attribute name ="GC Interval" value="200" />
  <attribute name="ProportionalT" value="-15.000000" />
  <attribute name="ProportionalI" value="-15.000000" />
  <attribute name="ProportionalH" value="-15.000000" />
  <attribute name="Current Error" value="-15.000000" />
  <attribute name="IntegralT" value="-120.000000" />
  <attribute name="IntegralI" value="-120.000000" />
  <attribute name="IntegralH" value="-120.000000" />
  <attribute name="DerivativeT" value="-0.937500" />
  <attribute name="DerivativeI" value="-0.937500" />
  <attribute name="DerivativeH" value="-0.937500" />
  <attribute name="Loop Time for DT" value="8.000000" />
  <attribute name="Output H" value="2092630016"/>
  <attribute name="Output I" value="200"/>
  <attribute name="Output T" value="4"/>
  <attribute name="Target GC Util Change" value ="20.000000" />
  <attribute name="Current GC Util Change" value="5.000000"/>
  <attribute name="GC Util currently" value="5" />
  <attribute name="CPU Util currently" value="546465856028" />
<allocation-satisfied id="543" threadId="00000000016ED500" bytesRequested="40" />
<af-end id="544" timestamp="2019-06-16T17:32:26.455" threadId="00000000016EDE88" success="true" from="nursery"/>
<exclusive-end id="545" timestamp="2019-06-16T17:32:26.455" durationms="1.065" />

<exclusive-start id="546" timestamp="2019-06-16T17:32:26.462" intervalms="8.450">
  <response-info timems="0.022" idlems="0.022" threads="0" lastid="00000000016ED500" lastname="Thread-8" />
</exclusive-start>
<af-start id="547" threadId="00000000016EDE88" totalBytesRequested="40" timestamp="2019-06-16T17:32:26.462" intervalms="8.449" type="nursery" />
<cycle-start id="548" type="scavenge" contextid="0" timestamp="2019-06-16T17:32:26.463" intervalms="8.449" />
<gc-start id="549" type="scavenge" contextid="548" timestamp="2019-06-16T17:32:26.463">
  <mem-info id="550" free="2494680" total="8650752" percent="28">
    <mem type="nursery" free="0" total="2359296" percent="0">
      <mem type="allocate" free="0" total="2097152" percent="0" />
      <mem type="survivor" free="0" total="262144" percent="0" />
    </mem>
    <mem type="tenure" free="2494680" total="6291456" percent="39">
      <mem type="soa" free="2180312" total="5977088" percent="36" />
      <mem type="loa" free="314368" total="314368" percent="100" />
    </mem>
    <remembered-set count="461" />
  </mem-info>
</gc-start>
<allocation-stats totalBytes="1926360" >
  <allocated-bytes non-tlh="40" tlh="1926320" />
  <largest-consumer threadName="Thread-8" threadId="00000000016ED500" bytes="1926360" />
</allocation-stats>
<gc-op id="551" type="scavenge" timems="0.189" contextid="548" timestamp="2019-06-16T17:32:26.463">
  <scavenger-info tenureage="2" tenuremask="4004" tiltratio="88" />
  <memory-copied type="nursery" objects="352" bytes="8824" bytesdiscarded="91784" />
  <memory-copied type="tenure" objects="113" bytes="2712" bytesdiscarded="0" />
</gc-op>
<gc-end id="552" type="scavenge" contextid="548" durationms="0.491" usertimems="0.000" systemtimems="0.000" timestamp="2019-06-16T17:32:26.463" activeThreads="4">
  <mem-info id="553" free="4491224" total="8650752" percent="51">
    <mem type="nursery" free="1996544" total="2359296" percent="84">
      <mem type="allocate" free="1996544" total="2097152" percent="95" />
      <mem type="survivor" free="0" total="262144" percent="0" />
    </mem>
    <mem type="tenure" free="2494680" total="6291456" percent="39">
      <mem type="soa" free="2180312" total="5977088" percent="36" />
      <mem type="loa" free="314368" total="314368" percent="100" />
    </mem>
    <remembered-set count="348" />
  </mem-info>
</gc-end>
<cycle-end id="554" type="scavenge" contextid="548" timestamp="2019-06-16T17:32:26.463" />
  <attribute name="elasticGC enabled" value="1" />
  <attribute name= "numThreadsSpecified" value="4" />
  <attribute name="heapSize specified" value="8388608" />
  <attribute name="Current GC Util" value="5" />
  <attribute name= "Current Time Running" value="933" />
  <attribute name ="GC Interval" value="200" />
  <attribute name="ProportionalT" value="-15.000000" />
  <attribute name="ProportionalI" value="-15.000000" />
  <attribute name="ProportionalH" value="-15.000000" />
  <attribute name="Current Error" value="-15.000000" />
  <attribute name="IntegralT" value="-135.000000" />
  <attribute name="IntegralI" value="-135.000000" />
  <attribute name="IntegralH" value="-135.000000" />
  <attribute name="DerivativeT" value="-0.833333" />
  <attribute name="DerivativeI" value="-0.833333" />
  <attribute name="DerivativeH" value="-0.833333" />
  <attribute name="Loop Time for DT" value="9.000000" />
  <attribute name="Output H" value="2092630016"/>
  <attribute name="Output I" value="200"/>
  <attribute name="Output T" value="4"/>
  <attribute name="Target GC Util Change" value ="20.000000" />
  <attribute name="Current GC Util Change" value="5.000000"/>
  <attribute name="GC Util currently" value="5" />
  <attribute name="CPU Util currently" value="545836137993" />
<allocation-satisfied id="555" threadId="00000000016ED500" bytesRequested="40" />
<af-end id="556" timestamp="2019-06-16T17:32:26.463" threadId="00000000016EDE88" success="true" from="nursery"/>
<exclusive-end id="557" timestamp="2019-06-16T17:32:26.463" durationms="1.101" />

<exclusive-start id="558" timestamp="2019-06-16T17:32:26.471" intervalms="8.265">
  <response-info timems="0.024" idlems="0.024" threads="0" lastid="00000000016ED500" lastname="Thread-8" />
</exclusive-start>
<af-start id="559" threadId="00000000016EDE88" totalBytesRequested="40" timestamp="2019-06-16T17:32:26.471" intervalms="8.265" type="nursery" />
<cycle-start id="560" type="scavenge" contextid="0" timestamp="2019-06-16T17:32:26.471" intervalms="8.266" />
<gc-start id="561" type="scavenge" contextid="560" timestamp="2019-06-16T17:32:26.471">
  <mem-info id="562" free="2494680" total="8650752" percent="28">
    <mem type="nursery" free="0" total="2359296" percent="0">
      <mem type="allocate" free="0" total="2097152" percent="0" />
      <mem type="survivor" free="0" total="262144" percent="0" />
    </mem>
    <mem type="tenure" free="2494680" total="6291456" percent="39">
      <mem type="soa" free="2180312" total="5977088" percent="36" />
      <mem type="loa" free="314368" total="314368" percent="100" />
    </mem>
    <remembered-set count="502" />
  </mem-info>
</gc-start>
<allocation-stats totalBytes="1996184" >
  <allocated-bytes non-tlh="40" tlh="1996144" />
  <largest-consumer threadName="Thread-8" threadId="00000000016ED500" bytes="1996184" />
</allocation-stats>
<gc-op id="563" type="scavenge" timems="0.177" contextid="560" timestamp="2019-06-16T17:32:26.471">
  <scavenger-info tenureage="2" tenuremask="4004" tiltratio="88" />
  <memory-copied type="nursery" objects="360" bytes="9016" bytesdiscarded="161480" />
  <memory-copied type="tenure" objects="146" bytes="3504" bytesdiscarded="0" />
</gc-op>
<gc-end id="564" type="scavenge" contextid="560" durationms="0.469" usertimems="0.000" systemtimems="0.000" timestamp="2019-06-16T17:32:26.471" activeThreads="4">
  <mem-info id="565" free="4421336" total="8650752" percent="51">
    <mem type="nursery" free="1926656" total="2359296" percent="81">
      <mem type="allocate" free="1926656" total="2097152" percent="91" />
      <mem type="survivor" free="0" total="262144" percent="0" />
    </mem>
    <mem type="tenure" free="2494680" total="6291456" percent="39">
      <mem type="soa" free="2180312" total="5977088" percent="36" />
      <mem type="loa" free="314368" total="314368" percent="100" />
    </mem>
    <remembered-set count="356" />
  </mem-info>
</gc-end>
<cycle-end id="566" type="scavenge" contextid="560" timestamp="2019-06-16T17:32:26.472" />
  <attribute name="elasticGC enabled" value="1" />
  <attribute name= "numThreadsSpecified" value="4" />
  <attribute name="heapSize specified" value="8388608" />
  <attribute name="Current GC Util" value="5" />
  <attribute name= "Current Time Running" value="941" />
  <attribute name ="GC Interval" value="200" />
  <attribute name="ProportionalT" value="-15.000000" />
  <attribute name="ProportionalI" value="-15.000000" />
  <attribute name="ProportionalH" value="-15.000000" />
  <attribute name="Current Error" value="-15.000000" />
  <attribute name="IntegralT" value="-120.000000" />
  <attribute name="IntegralI" value="-120.000000" />
  <attribute name="IntegralH" value="-120.000000" />
  <attribute name="DerivativeT" value="-0.937500" />
  <attribute name="DerivativeI" value="-0.937500" />
  <attribute name="DerivativeH" value="-0.937500" />
  <attribute name="Loop Time for DT" value="8.000000" />
  <attribute name="Output H" value="2092630016"/>
  <attribute name="Output I" value="200"/>
  <attribute name="Output T" value="4"/>
  <attribute name="Target GC Util Change" value ="20.000000" />
  <attribute name="Current GC Util Change" value="5.000000"/>
  <attribute name="GC Util currently" value="5" />
  <attribute name="CPU Util currently" value="558236020751" />
<allocation-satisfied id="567" threadId="00000000016ED500" bytesRequested="40" />
<af-end id="568" timestamp="2019-06-16T17:32:26.472" threadId="00000000016EDE88" success="true" from="nursery"/>
<exclusive-end id="569" timestamp="2019-06-16T17:32:26.472" durationms="1.040" />

<exclusive-start id="570" timestamp="2019-06-16T17:32:26.479" intervalms="8.850">
  <response-info timems="0.023" idlems="0.023" threads="0" lastid="00000000016ED500" lastname="Thread-8" />
</exclusive-start>
<af-start id="571" threadId="00000000016EDE88" totalBytesRequested="40" timestamp="2019-06-16T17:32:26.480" intervalms="8.839" type="nursery" />
<cycle-start id="572" type="scavenge" contextid="0" timestamp="2019-06-16T17:32:26.480" intervalms="8.840" />
<gc-start id="573" type="scavenge" contextid="572" timestamp="2019-06-16T17:32:26.480">
  <mem-info id="574" free="2494680" total="8650752" percent="28">
    <mem type="nursery" free="0" total="2359296" percent="0">
      <mem type="allocate" free="0" total="2097152" percent="0" />
      <mem type="survivor" free="0" total="262144" percent="0" />
    </mem>
    <mem type="tenure" free="2494680" total="6291456" percent="39">
      <mem type="soa" free="2180312" total="5977088" percent="36" />
      <mem type="loa" free="314368" total="314368" percent="100" />
    </mem>
    <remembered-set count="495" />
  </mem-info>
</gc-start>
<allocation-stats totalBytes="1926264" >
  <allocated-bytes non-tlh="40" tlh="1926224" />
  <largest-consumer threadName="Thread-8" threadId="00000000016ED500" bytes="1926264" />
</allocation-stats>
<gc-op id="575" type="scavenge" timems="0.175" contextid="572" timestamp="2019-06-16T17:32:26.480">
  <scavenger-info tenureage="2" tenuremask="4004" tiltratio="88" />
  <memory-copied type="nursery" objects="392" bytes="10024" bytesdiscarded="191192" />
  <memory-copied type="tenure" objects="131" bytes="3144" bytesdiscarded="0" />
</gc-op>
<gc-end id="576" type="scavenge" contextid="572" durationms="0.466" usertimems="0.000" systemtimems="4.000" timestamp="2019-06-16T17:32:26.480" activeThreads="4">
  <mem-info id="577" free="4390616" total="8650752" percent="50">
    <mem type="nursery" free="1895936" total="2359296" percent="80">
      <mem type="allocate" free="1895936" total="2097152" percent="90" />
      <mem type="survivor" free="0" total="262144" percent="0" />
    </mem>
    <mem type="tenure" free="2494680" total="6291456" percent="39">
      <mem type="soa" free="2180312" total="5977088" percent="36" />
      <mem type="loa" free="314368" total="314368" percent="100" />
    </mem>
    <remembered-set count="364" />
  </mem-info>
</gc-end>
<cycle-end id="578" type="scavenge" contextid="572" timestamp="2019-06-16T17:32:26.480" />
  <attribute name="elasticGC enabled" value="1" />
  <attribute name= "numThreadsSpecified" value="4" />
  <attribute name="heapSize specified" value="8388608" />
  <attribute name="Current GC Util" value="4" />
  <attribute name= "Current Time Running" value="950" />
  <attribute name ="GC Interval" value="200" />
  <attribute name="ProportionalT" value="-16.000000" />
  <attribute name="ProportionalI" value="-16.000000" />
  <attribute name="ProportionalH" value="-16.000000" />
  <attribute name="Current Error" value="-16.000000" />
  <attribute name="IntegralT" value="-144.000000" />
  <attribute name="IntegralI" value="-144.000000" />
  <attribute name="IntegralH" value="-144.000000" />
  <attribute name="DerivativeT" value="-0.888889" />
  <attribute name="DerivativeI" value="-0.888889" />
  <attribute name="DerivativeH" value="-0.888889" />
  <attribute name="Loop Time for DT" value="9.000000" />
  <attribute name="Output H" value="2092630016"/>
  <attribute name="Output I" value="200"/>
  <attribute name="Output T" value="4"/>
  <attribute name="Target GC Util Change" value ="20.000000" />
  <attribute name="Current GC Util Change" value="4.000000"/>
  <attribute name="GC Util currently" value="4" />
  <attribute name="CPU Util currently" value="521763265445" />
<allocation-satisfied id="579" threadId="00000000016ED500" bytesRequested="40" />
<af-end id="580" timestamp="2019-06-16T17:32:26.480" threadId="00000000016EDE88" success="true" from="nursery"/>
<exclusive-end id="581" timestamp="2019-06-16T17:32:26.480" durationms="1.016" />

<exclusive-start id="582" timestamp="2019-06-16T17:32:26.487" intervalms="7.438">
  <response-info timems="0.022" idlems="0.022" threads="0" lastid="00000000016ED500" lastname="Thread-8" />
</exclusive-start>
<af-start id="583" threadId="00000000016EDE88" totalBytesRequested="24" timestamp="2019-06-16T17:32:26.487" intervalms="7.444" type="nursery" />
<cycle-start id="584" type="scavenge" contextid="0" timestamp="2019-06-16T17:32:26.487" intervalms="7.441" />
<gc-start id="585" type="scavenge" contextid="584" timestamp="2019-06-16T17:32:26.487">
  <mem-info id="586" free="2494680" total="8650752" percent="28">
    <mem type="nursery" free="0" total="2359296" percent="0">
      <mem type="allocate" free="0" total="2097152" percent="0" />
      <mem type="survivor" free="0" total="262144" percent="0" />
    </mem>
    <mem type="tenure" free="2494680" total="6291456" percent="39">
      <mem type="soa" free="2180312" total="5977088" percent="36" />
      <mem type="loa" free="314368" total="314368" percent="100" />
    </mem>
    <remembered-set count="502" />
  </mem-info>
</gc-start>
<allocation-stats totalBytes="1895624" >
  <allocated-bytes non-tlh="40" tlh="1895584" />
  <largest-consumer threadName="Thread-8" threadId="00000000016ED500" bytes="1895624" />
</allocation-stats>
<gc-op id="587" type="scavenge" timems="0.185" contextid="584" timestamp="2019-06-16T17:32:26.488">
  <scavenger-info tenureage="2" tenuremask="4004" tiltratio="88" />
  <memory-copied type="nursery" objects="352" bytes="8824" bytesdiscarded="161672" />
  <memory-copied type="tenure" objects="154" bytes="3696" bytesdiscarded="0" />
</gc-op>
<gc-end id="588" type="scavenge" contextid="584" durationms="0.455" usertimems="4.000" systemtimems="0.000" timestamp="2019-06-16T17:32:26.488" activeThreads="4">
  <mem-info id="589" free="4421336" total="8650752" percent="51">
    <mem type="nursery" free="1926656" total="2359296" percent="81">
      <mem type="allocate" free="1926656" total="2097152" percent="91" />
      <mem type="survivor" free="0" total="262144" percent="0" />
    </mem>
    <mem type="tenure" free="2494680" total="6291456" percent="39">
      <mem type="soa" free="2180312" total="5977088" percent="36" />
      <mem type="loa" free="314368" total="314368" percent="100" />
    </mem>
    <remembered-set count="348" />
  </mem-info>
</gc-end>
<cycle-end id="590" type="scavenge" contextid="584" timestamp="2019-06-16T17:32:26.488" />
  <attribute name="elasticGC enabled" value="1" />
  <attribute name= "numThreadsSpecified" value="4" />
  <attribute name="heapSize specified" value="8388608" />
  <attribute name="Current GC Util" value="5" />
  <attribute name= "Current Time Running" value="957" />
  <attribute name ="GC Interval" value="200" />
  <attribute name="ProportionalT" value="-15.000000" />
  <attribute name="ProportionalI" value="-15.000000" />
  <attribute name="ProportionalH" value="-15.000000" />
  <attribute name="Current Error" value="-15.000000" />
  <attribute name="IntegralT" value="-105.000000" />
  <attribute name="IntegralI" value="-105.000000" />
  <attribute name="IntegralH" value="-105.000000" />
  <attribute name="DerivativeT" value="-1.071429" />
  <attribute name="DerivativeI" value="-1.071429" />
  <attribute name="DerivativeH" value="-1.071429" />
  <attribute name="Loop Time for DT" value="7.000000" />
  <attribute name="Output H" value="2092630016"/>
  <attribute name="Output I" value="200"/>
  <attribute name="Output T" value="4"/>
  <attribute name="Target GC Util Change" value ="20.000000" />
  <attribute name="Current GC Util Change" value="5.000000"/>
  <attribute name="GC Util currently" value="5" />
  <attribute name="CPU Util currently" value="619592607179" />
<allocation-satisfied id="591" threadId="00000000016ED500" bytesRequested="24" />
<af-end id="592" timestamp="2019-06-16T17:32:26.488" threadId="00000000016EDE88" success="true" from="nursery"/>
<exclusive-end id="593" timestamp="2019-06-16T17:32:26.488" durationms="0.973" />

<exclusive-start id="594" timestamp="2019-06-16T17:32:26.495" intervalms="8.391">
  <response-info timems="0.034" idlems="0.034" threads="0" lastid="00000000016ED500" lastname="Thread-8" />
</exclusive-start>
<af-start id="595" threadId="00000000016EDE88" totalBytesRequested="24" timestamp="2019-06-16T17:32:26.495" intervalms="8.402" type="nursery" />
<cycle-start id="596" type="scavenge" contextid="0" timestamp="2019-06-16T17:32:26.496" intervalms="8.412" />
<gc-start id="597" type="scavenge" contextid="596" timestamp="2019-06-16T17:32:26.496">
  <mem-info id="598" free="2494680" total="8650752" percent="28">
    <mem type="nursery" free="0" total="2359296" percent="0">
      <mem type="allocate" free="0" total="2097152" percent="0" />
      <mem type="survivor" free="0" total="262144" percent="0" />
    </mem>
    <mem type="tenure" free="2494680" total="6291456" percent="39">
      <mem type="soa" free="2180312" total="5977088" percent="36" />
      <mem type="loa" free="314368" total="314368" percent="100" />
    </mem>
    <remembered-set count="457" />
  </mem-info>
</gc-start>
<allocation-stats totalBytes="1926368" >
  <allocated-bytes non-tlh="24" tlh="1926344" />
  <largest-consumer threadName="Thread-8" threadId="00000000016ED500" bytes="1926368" />
</allocation-stats>
<gc-op id="599" type="scavenge" timems="0.210" contextid="596" timestamp="2019-06-16T17:32:26.496">
  <scavenger-info tenureage="2" tenuremask="4004" tiltratio="88" />
  <memory-copied type="nursery" objects="345" bytes="8896" bytesdiscarded="192320" />
  <memory-copied type="tenure" objects="138" bytes="3312" bytesdiscarded="0" />
</gc-op>
<gc-end id="600" type="scavenge" contextid="596" durationms="0.513" usertimems="0.000" systemtimems="0.000" timestamp="2019-06-16T17:32:26.496" activeThreads="4">
  <mem-info id="601" free="4390616" total="8650752" percent="50">
    <mem type="nursery" free="1895936" total="2359296" percent="80">
      <mem type="allocate" free="1895936" total="2097152" percent="90" />
      <mem type="survivor" free="0" total="262144" percent="0" />
    </mem>
    <mem type="tenure" free="2494680" total="6291456" percent="39">
      <mem type="soa" free="2180312" total="5977088" percent="36" />
      <mem type="loa" free="314368" total="314368" percent="100" />
    </mem>
    <remembered-set count="319" />
  </mem-info>
</gc-end>
<cycle-end id="602" type="scavenge" contextid="596" timestamp="2019-06-16T17:32:26.496" />
  <attribute name="elasticGC enabled" value="1" />
  <attribute name= "numThreadsSpecified" value="4" />
  <attribute name="heapSize specified" value="8388608" />
  <attribute name="Current GC Util" value="5" />
  <attribute name= "Current Time Running" value="966" />
  <attribute name ="GC Interval" value="200" />
  <attribute name="ProportionalT" value="-15.000000" />
  <attribute name="ProportionalI" value="-15.000000" />
  <attribute name="ProportionalH" value="-15.000000" />
  <attribute name="Current Error" value="-15.000000" />
  <attribute name="IntegralT" value="-135.000000" />
  <attribute name="IntegralI" value="-135.000000" />
  <attribute name="IntegralH" value="-135.000000" />
  <attribute name="DerivativeT" value="-0.833333" />
  <attribute name="DerivativeI" value="-0.833333" />
  <attribute name="DerivativeH" value="-0.833333" />
  <attribute name="Loop Time for DT" value="9.000000" />
  <attribute name="Output H" value="2092630016"/>
  <attribute name="Output I" value="200"/>
  <attribute name="Output T" value="4"/>
  <attribute name="Target GC Util Change" value ="20.000000" />
  <attribute name="Current GC Util Change" value="5.000000"/>
  <attribute name="GC Util currently" value="5" />
  <attribute name="CPU Util currently" value="547517537863" />
<allocation-satisfied id="603" threadId="00000000016ED500" bytesRequested="24" />
<af-end id="604" timestamp="2019-06-16T17:32:26.496" threadId="00000000016EDE88" success="true" from="nursery"/>
<exclusive-end id="605" timestamp="2019-06-16T17:32:26.496" durationms="1.101" />

<exclusive-start id="606" timestamp="2019-06-16T17:32:26.504" intervalms="8.625">
  <response-info timems="0.031" idlems="0.031" threads="0" lastid="00000000016ED500" lastname="Thread-8" />
</exclusive-start>
<af-start id="607" threadId="00000000016EDE88" totalBytesRequested="24" timestamp="2019-06-16T17:32:26.504" intervalms="8.622" type="nursery" />
<cycle-start id="608" type="scavenge" contextid="0" timestamp="2019-06-16T17:32:26.504" intervalms="8.611" />
<gc-start id="609" type="scavenge" contextid="608" timestamp="2019-06-16T17:32:26.504">
  <mem-info id="610" free="2494680" total="8650752" percent="28">
    <mem type="nursery" free="0" total="2359296" percent="0">
      <mem type="allocate" free="0" total="2097152" percent="0" />
      <mem type="survivor" free="0" total="262144" percent="0" />
    </mem>
    <mem type="tenure" free="2494680" total="6291456" percent="39">
      <mem type="soa" free="2180312" total="5977088" percent="36" />
      <mem type="loa" free="314368" total="314368" percent="100" />
    </mem>
    <remembered-set count="370" />
  </mem-info>
</gc-start>
<allocation-stats totalBytes="1895640" >
  <allocated-bytes non-tlh="24" tlh="1895616" />
  <largest-consumer threadName="Thread-8" threadId="00000000016ED500" bytes="1895640" />
</allocation-stats>
<gc-op id="611" type="scavenge" timems="0.205" contextid="608" timestamp="2019-06-16T17:32:26.505">
  <scavenger-info tenureage="2" tenuremask="4004" tiltratio="88" />
  <memory-copied type="nursery" objects="192" bytes="4808" bytesdiscarded="165688" />
  <memory-copied type="tenure" objects="137" bytes="3288" bytesdiscarded="0" />
</gc-op>
<gc-end id="612" type="scavenge" contextid="608" durationms="0.508" usertimems="0.000" systemtimems="0.000" timestamp="2019-06-16T17:32:26.505" activeThreads="4">
  <mem-info id="613" free="4421336" total="8650752" percent="51">
    <mem type="nursery" free="1926656" total="2359296" percent="81">
      <mem type="allocate" free="1926656" total="2097152" percent="91" />
      <mem type="survivor" free="0" total="262144" percent="0" />
    </mem>
    <mem type="tenure" free="2494680" total="6291456" percent="39">
      <mem type="soa" free="2180312" total="5977088" percent="36" />
      <mem type="loa" free="314368" total="314368" percent="100" />
    </mem>
    <remembered-set count="233" />
  </mem-info>
</gc-end>
<cycle-end id="614" type="scavenge" contextid="608" timestamp="2019-06-16T17:32:26.505" />
  <attribute name="elasticGC enabled" value="1" />
  <attribute name= "numThreadsSpecified" value="4" />
  <attribute name="heapSize specified" value="8388608" />
  <attribute name="Current GC Util" value="5" />
  <attribute name= "Current Time Running" value="974" />
  <attribute name ="GC Interval" value="200" />
  <attribute name="ProportionalT" value="-15.000000" />
  <attribute name="ProportionalI" value="-15.000000" />
  <attribute name="ProportionalH" value="-15.000000" />
  <attribute name="Current Error" value="-15.000000" />
  <attribute name="IntegralT" value="-120.000000" />
  <attribute name="IntegralI" value="-120.000000" />
  <attribute name="IntegralH" value="-120.000000" />
  <attribute name="DerivativeT" value="-0.937500" />
  <attribute name="DerivativeI" value="-0.937500" />
  <attribute name="DerivativeH" value="-0.937500" />
  <attribute name="Loop Time for DT" value="8.000000" />
  <attribute name="Output H" value="2092630016"/>
  <attribute name="Output I" value="200"/>
  <attribute name="Output T" value="4"/>
  <attribute name="Target GC Util Change" value ="20.000000" />
  <attribute name="Current GC Util Change" value="5.000000"/>
  <attribute name="GC Util currently" value="5" />
  <attribute name="CPU Util currently" value="536270870191" />
<allocation-satisfied id="615" threadId="00000000016ED500" bytesRequested="24" />
<af-end id="616" timestamp="2019-06-16T17:32:26.505" threadId="00000000016EDE88" success="true" from="nursery"/>
<exclusive-end id="617" timestamp="2019-06-16T17:32:26.505" durationms="1.082" />

<exclusive-start id="618" timestamp="2019-06-16T17:32:26.511" intervalms="6.569">
  <response-info timems="0.024" idlems="0.024" threads="0" lastid="00000000016ED500" lastname="Thread-8" />
</exclusive-start>
<af-start id="619" threadId="00000000016EDE88" totalBytesRequested="24" timestamp="2019-06-16T17:32:26.511" intervalms="6.564" type="nursery" />
<cycle-start id="620" type="scavenge" contextid="0" timestamp="2019-06-16T17:32:26.511" intervalms="6.565" />
<gc-start id="621" type="scavenge" contextid="620" timestamp="2019-06-16T17:32:26.511">
  <mem-info id="622" free="2494680" total="8650752" percent="28">
    <mem type="nursery" free="0" total="2359296" percent="0">
      <mem type="allocate" free="0" total="2097152" percent="0" />
      <mem type="survivor" free="0" total="262144" percent="0" />
    </mem>
    <mem type="tenure" free="2494680" total="6291456" percent="39">
      <mem type="soa" free="2180312" total="5977088" percent="36" />
      <mem type="loa" free="314368" total="314368" percent="100" />
    </mem>
    <remembered-set count="333" />
  </mem-info>
</gc-start>
<allocation-stats totalBytes="1926424" >
  <allocated-bytes non-tlh="24" tlh="1926400" />
  <largest-consumer threadName="Thread-8" threadId="00000000016ED500" bytes="1926424" />
</allocation-stats>
<gc-op id="623" type="scavenge" timems="0.174" contextid="620" timestamp="2019-06-16T17:32:26.511">
  <scavenger-info tenureage="2" tenuremask="4004" tiltratio="88" />
  <memory-copied type="nursery" objects="181" bytes="4528" bytesdiscarded="196688" />
  <memory-copied type="tenure" objects="110" bytes="2640" bytesdiscarded="0" />
</gc-op>
<gc-end id="624" type="scavenge" contextid="620" durationms="0.465" usertimems="0.000" systemtimems="0.000" timestamp="2019-06-16T17:32:26.511" activeThreads="4">
  <mem-info id="625" free="4390616" total="8650752" percent="50">
    <mem type="nursery" free="1895936" total="2359296" percent="80">
      <mem type="allocate" free="1895936" total="2097152" percent="90" />
      <mem type="survivor" free="0" total="262144" percent="0" />
    </mem>
    <mem type="tenure" free="2494680" total="6291456" percent="39">
      <mem type="soa" free="2180312" total="5977088" percent="36" />
      <mem type="loa" free="314368" total="314368" percent="100" />
    </mem>
    <remembered-set count="223" />
  </mem-info>
</gc-end>
<cycle-end id="626" type="scavenge" contextid="620" timestamp="2019-06-16T17:32:26.511" />
  <attribute name="elasticGC enabled" value="1" />
  <attribute name= "numThreadsSpecified" value="4" />
  <attribute name="heapSize specified" value="8388608" />
  <attribute name="Current GC Util" value="7" />
  <attribute name= "Current Time Running" value="981" />
  <attribute name ="GC Interval" value="200" />
  <attribute name="ProportionalT" value="-13.000000" />
  <attribute name="ProportionalI" value="-13.000000" />
  <attribute name="ProportionalH" value="-13.000000" />
  <attribute name="Current Error" value="-13.000000" />
  <attribute name="IntegralT" value="-91.000000" />
  <attribute name="IntegralI" value="-91.000000" />
  <attribute name="IntegralH" value="-91.000000" />
  <attribute name="DerivativeT" value="-0.928571" />
  <attribute name="DerivativeI" value="-0.928571" />
  <attribute name="DerivativeH" value="-0.928571" />
  <attribute name="Loop Time for DT" value="7.000000" />
  <attribute name="Output H" value="2092630016"/>
  <attribute name="Output I" value="200"/>
  <attribute name="Output T" value="4"/>
  <attribute name="Target GC Util Change" value ="20.000000" />
  <attribute name="Current GC Util Change" value="7.000000"/>
  <attribute name="GC Util currently" value="7" />
  <attribute name="CPU Util currently" value="702389110599" />
<allocation-satisfied id="627" threadId="00000000016ED500" bytesRequested="24" />
<af-end id="628" timestamp="2019-06-16T17:32:26.511" threadId="00000000016EDE88" success="true" from="nursery"/>
<exclusive-end id="629" timestamp="2019-06-16T17:32:26.512" durationms="1.015" />

<exclusive-start id="630" timestamp="2019-06-16T17:32:26.517" intervalms="6.947">
  <response-info timems="0.023" idlems="0.023" threads="0" lastid="00000000016ED500" lastname="Thread-8" />
</exclusive-start>
<af-start id="631" threadId="00000000016EDE88" totalBytesRequested="40" timestamp="2019-06-16T17:32:26.518" intervalms="6.911" type="nursery" />
<cycle-start id="632" type="scavenge" contextid="0" timestamp="2019-06-16T17:32:26.518" intervalms="6.911" />
<gc-start id="633" type="scavenge" contextid="632" timestamp="2019-06-16T17:32:26.518">
  <mem-info id="634" free="2494680" total="8650752" percent="28">
    <mem type="nursery" free="0" total="2359296" percent="0">
      <mem type="allocate" free="0" total="2097152" percent="0" />
      <mem type="survivor" free="0" total="262144" percent="0" />
    </mem>
    <mem type="tenure" free="2494680" total="6291456" percent="39">
      <mem type="soa" free="2180312" total="5977088" percent="36" />
      <mem type="loa" free="314368" total="314368" percent="100" />
    </mem>
    <remembered-set count="307" />
  </mem-info>
</gc-start>
<allocation-stats totalBytes="1895624" >
  <allocated-bytes non-tlh="24" tlh="1895600" />
  <largest-consumer threadName="Thread-8" threadId="00000000016ED500" bytes="1895624" />
</allocation-stats>
<gc-op id="635" type="scavenge" timems="0.168" contextid="632" timestamp="2019-06-16T17:32:26.518">
  <scavenger-info tenureage="2" tenuremask="4004" tiltratio="88" />
  <memory-copied type="nursery" objects="206" bytes="5096" bytesdiscarded="165400" />
  <memory-copied type="tenure" objects="51" bytes="1224" bytesdiscarded="0" />
</gc-op>
<gc-end id="636" type="scavenge" contextid="632" durationms="0.390" usertimems="0.000" systemtimems="0.000" timestamp="2019-06-16T17:32:26.518" activeThreads="4">
  <mem-info id="637" free="4421336" total="8650752" percent="51">
    <mem type="nursery" free="1926656" total="2359296" percent="81">
      <mem type="allocate" free="1926656" total="2097152" percent="91" />
      <mem type="survivor" free="0" total="262144" percent="0" />
    </mem>
    <mem type="tenure" free="2494680" total="6291456" percent="39">
      <mem type="soa" free="2180312" total="5977088" percent="36" />
      <mem type="loa" free="314368" total="314368" percent="100" />
    </mem>
    <remembered-set count="256" />
  </mem-info>
</gc-end>
<cycle-end id="638" type="scavenge" contextid="632" timestamp="2019-06-16T17:32:26.518" />
  <attribute name="elasticGC enabled" value="1" />
  <attribute name= "numThreadsSpecified" value="4" />
  <attribute name="heapSize specified" value="8388608" />
  <attribute name="Current GC Util" value="6" />
  <attribute name= "Current Time Running" value="988" />
  <attribute name ="GC Interval" value="200" />
  <attribute name="ProportionalT" value="-14.000000" />
  <attribute name="ProportionalI" value="-14.000000" />
  <attribute name="ProportionalH" value="-14.000000" />
  <attribute name="Current Error" value="-14.000000" />
  <attribute name="IntegralT" value="-98.000000" />
  <attribute name="IntegralI" value="-98.000000" />
  <attribute name="IntegralH" value="-98.000000" />
  <attribute name="DerivativeT" value="-1.000000" />
  <attribute name="DerivativeI" value="-1.000000" />
  <attribute name="DerivativeH" value="-1.000000" />
  <attribute name="Loop Time for DT" value="7.000000" />
  <attribute name="Output H" value="2092630016"/>
  <attribute name="Output I" value="200"/>
  <attribute name="Output T" value="4"/>
  <attribute name="Target GC Util Change" value ="20.000000" />
  <attribute name="Current GC Util Change" value="6.000000"/>
  <attribute name="GC Util currently" value="6" />
  <attribute name="CPU Util currently" value="677859361490" />
<allocation-satisfied id="639" threadId="00000000016ED500" bytesRequested="40" />
<af-end id="640" timestamp="2019-06-16T17:32:26.518" threadId="00000000016EDE88" success="true" from="nursery"/>
<exclusive-end id="641" timestamp="2019-06-16T17:32:26.518" durationms="0.904" />

<exclusive-start id="642" timestamp="2019-06-16T17:32:26.526" intervalms="8.419">
  <response-info timems="0.142" idlems="0.142" threads="0" lastid="00000000016ED500" lastname="Thread-8" />
</exclusive-start>
<af-start id="643" threadId="00000000016EDE88" totalBytesRequested="40" timestamp="2019-06-16T17:32:26.526" intervalms="8.483" type="nursery" />
<cycle-start id="644" type="scavenge" contextid="0" timestamp="2019-06-16T17:32:26.526" intervalms="8.489" />
<gc-start id="645" type="scavenge" contextid="644" timestamp="2019-06-16T17:32:26.526">
  <mem-info id="646" free="2494680" total="8650752" percent="28">
    <mem type="nursery" free="0" total="2359296" percent="0">
      <mem type="allocate" free="0" total="2097152" percent="0" />
      <mem type="survivor" free="0" total="262144" percent="0" />
    </mem>
    <mem type="tenure" free="2494680" total="6291456" percent="39">
      <mem type="soa" free="2180312" total="5977088" percent="36" />
      <mem type="loa" free="314368" total="314368" percent="100" />
    </mem>
    <remembered-set count="335" />
  </mem-info>
</gc-start>
<allocation-stats totalBytes="1926344" >
  <allocated-bytes non-tlh="40" tlh="1926304" />
  <largest-consumer threadName="Thread-8" threadId="00000000016ED500" bytes="1926344" />
</allocation-stats>
<gc-op id="647" type="scavenge" timems="0.178" contextid="644" timestamp="2019-06-16T17:32:26.526">
  <scavenger-info tenureage="2" tenuremask="4004" tiltratio="88" />
  <memory-copied type="nursery" objects="250" bytes="6496" bytesdiscarded="194720" />
  <memory-copied type="tenure" objects="100" bytes="2400" bytesdiscarded="0" />
</gc-op>
<gc-end id="648" type="scavenge" contextid="644" durationms="0.444" usertimems="0.000" systemtimems="0.000" timestamp="2019-06-16T17:32:26.527" activeThreads="4">
  <mem-info id="649" free="4390616" total="8650752" percent="50">
    <mem type="nursery" free="1895936" total="2359296" percent="80">
      <mem type="allocate" free="1895936" total="2097152" percent="90" />
      <mem type="survivor" free="0" total="262144" percent="0" />
    </mem>
    <mem type="tenure" free="2494680" total="6291456" percent="39">
      <mem type="soa" free="2180312" total="5977088" percent="36" />
      <mem type="loa" free="314368" total="314368" percent="100" />
    </mem>
    <remembered-set count="235" />
  </mem-info>
</gc-end>
<cycle-end id="650" type="scavenge" contextid="644" timestamp="2019-06-16T17:32:26.527" />
  <attribute name="elasticGC enabled" value="1" />
  <attribute name= "numThreadsSpecified" value="4" />
  <attribute name="heapSize specified" value="8388608" />
  <attribute name="Current GC Util" value="4" />
  <attribute name= "Current Time Running" value="996" />
  <attribute name ="GC Interval" value="200" />
  <attribute name="ProportionalT" value="-16.000000" />
  <attribute name="ProportionalI" value="-16.000000" />
  <attribute name="ProportionalH" value="-16.000000" />
  <attribute name="Current Error" value="-16.000000" />
  <attribute name="IntegralT" value="-128.000000" />
  <attribute name="IntegralI" value="-128.000000" />
  <attribute name="IntegralH" value="-128.000000" />
  <attribute name="DerivativeT" value="-1.000000" />
  <attribute name="DerivativeI" value="-1.000000" />
  <attribute name="DerivativeH" value="-1.000000" />
  <attribute name="Loop Time for DT" value="8.000000" />
  <attribute name="Output H" value="2092630016"/>
  <attribute name="Output I" value="200"/>
  <attribute name="Output T" value="4"/>
  <attribute name="Target GC Util Change" value ="20.000000" />
  <attribute name="Current GC Util Change" value="4.000000"/>
  <attribute name="GC Util currently" value="4" />
  <attribute name="CPU Util currently" value="540931048516" />
<allocation-satisfied id="651" threadId="00000000016ED500" bytesRequested="40" />
<af-end id="652" timestamp="2019-06-16T17:32:26.527" threadId="00000000016EDE88" success="true" from="nursery"/>
<exclusive-end id="653" timestamp="2019-06-16T17:32:26.527" durationms="0.999" />

<exclusive-start id="654" timestamp="2019-06-16T17:32:26.532" intervalms="6.491">
  <response-info timems="0.024" idlems="0.024" threads="0" lastid="00000000016ED500" lastname="Thread-8" />
</exclusive-start>
<af-start id="655" threadId="00000000016EDE88" totalBytesRequested="40" timestamp="2019-06-16T17:32:26.532" intervalms="6.435" type="nursery" />
<cycle-start id="656" type="scavenge" contextid="0" timestamp="2019-06-16T17:32:26.533" intervalms="6.429" />
<gc-start id="657" type="scavenge" contextid="656" timestamp="2019-06-16T17:32:26.533">
  <mem-info id="658" free="2494680" total="8650752" percent="28">
    <mem type="nursery" free="0" total="2359296" percent="0">
      <mem type="allocate" free="0" total="2097152" percent="0" />
      <mem type="survivor" free="0" total="262144" percent="0" />
    </mem>
    <mem type="tenure" free="2494680" total="6291456" percent="39">
      <mem type="soa" free="2180312" total="5977088" percent="36" />
      <mem type="loa" free="314368" total="314368" percent="100" />
    </mem>
    <remembered-set count="320" />
  </mem-info>
</gc-start>
<allocation-stats totalBytes="1895704" >
  <allocated-bytes non-tlh="40" tlh="1895664" />
  <largest-consumer threadName="Thread-8" threadId="00000000016ED500" bytes="1895704" />
</allocation-stats>
<gc-op id="659" type="scavenge" timems="0.178" contextid="656" timestamp="2019-06-16T17:32:26.533">
  <scavenger-info tenureage="2" tenuremask="4004" tiltratio="88" />
  <memory-copied type="nursery" objects="241" bytes="6176" bytesdiscarded="63712" />
  <memory-copied type="tenure" objects="84" bytes="2016" bytesdiscarded="0" />
</gc-op>
<gc-end id="660" type="scavenge" contextid="656" durationms="0.358" usertimems="4.000" systemtimems="0.000" timestamp="2019-06-16T17:32:26.533" activeThreads="4">
  <mem-info id="661" free="4521944" total="8650752" percent="52">
    <mem type="nursery" free="2027264" total="2359296" percent="85">
      <mem type="allocate" free="2027264" total="2097152" percent="96" />
      <mem type="survivor" free="0" total="262144" percent="0" />
    </mem>
    <mem type="tenure" free="2494680" total="6291456" percent="39">
      <mem type="soa" free="2180312" total="5977088" percent="36" />
      <mem type="loa" free="314368" total="314368" percent="100" />
    </mem>
    <remembered-set count="236" />
  </mem-info>
</gc-end>
<cycle-end id="662" type="scavenge" contextid="656" timestamp="2019-06-16T17:32:26.533" />
  <attribute name="elasticGC enabled" value="1" />
  <attribute name= "numThreadsSpecified" value="4" />
  <attribute name="heapSize specified" value="8388608" />
  <attribute name="Current GC Util" value="6" />
  <attribute name= "Current Time Running" value="1002" />
  <attribute name ="GC Interval" value="200" />
  <attribute name="ProportionalT" value="-14.000000" />
  <attribute name="ProportionalI" value="-14.000000" />
  <attribute name="ProportionalH" value="-14.000000" />
  <attribute name="Current Error" value="-14.000000" />
  <attribute name="IntegralT" value="-84.000000" />
  <attribute name="IntegralI" value="-84.000000" />
  <attribute name="IntegralH" value="-84.000000" />
  <attribute name="DerivativeT" value="-1.166667" />
  <attribute name="DerivativeI" value="-1.166667" />
  <attribute name="DerivativeH" value="-1.166667" />
  <attribute name="Loop Time for DT" value="6.000000" />
  <attribute name="Output H" value="2092630016"/>
  <attribute name="Output I" value="200"/>
  <attribute name="Output T" value="4"/>
  <attribute name="Target GC Util Change" value ="20.000000" />
  <attribute name="Current GC Util Change" value="6.000000"/>
  <attribute name="GC Util currently" value="6" />
  <attribute name="CPU Util currently" value="721460969875" />
<allocation-satisfied id="663" threadId="00000000016ED500" bytesRequested="40" />
<af-end id="664" timestamp="2019-06-16T17:32:26.533" threadId="00000000016EDE88" success="true" from="nursery"/>
<exclusive-end id="665" timestamp="2019-06-16T17:32:26.533" durationms="0.875" />

<exclusive-start id="666" timestamp="2019-06-16T17:32:26.539" intervalms="6.985">
  <response-info timems="0.032" idlems="0.032" threads="0" lastid="00000000016ED500" lastname="Thread-8" />
</exclusive-start>
<af-start id="667" threadId="00000000016EDE88" totalBytesRequested="40" timestamp="2019-06-16T17:32:26.539" intervalms="7.021" type="nursery" />
<cycle-start id="668" type="scavenge" contextid="0" timestamp="2019-06-16T17:32:26.540" intervalms="7.021" />
<gc-start id="669" type="scavenge" contextid="668" timestamp="2019-06-16T17:32:26.540">
  <mem-info id="670" free="2494680" total="8650752" percent="28">
    <mem type="nursery" free="0" total="2359296" percent="0">
      <mem type="allocate" free="0" total="2097152" percent="0" />
      <mem type="survivor" free="0" total="262144" percent="0" />
    </mem>
    <mem type="tenure" free="2494680" total="6291456" percent="39">
      <mem type="soa" free="2180312" total="5977088" percent="36" />
      <mem type="loa" free="314368" total="314368" percent="100" />
    </mem>
    <remembered-set count="355" />
  </mem-info>
</gc-start>
<allocation-stats totalBytes="2026968" >
  <allocated-bytes non-tlh="40" tlh="2026928" />
  <largest-consumer threadName="Thread-8" threadId="00000000016ED500" bytes="2026968" />
</allocation-stats>
<gc-op id="671" type="scavenge" timems="0.188" contextid="668" timestamp="2019-06-16T17:32:26.540">
  <scavenger-info tenureage="2" tenuremask="4004" tiltratio="88" />
  <memory-copied type="nursery" objects="280" bytes="7112" bytesdiscarded="93496" />
  <memory-copied type="tenure" objects="80" bytes="1920" bytesdiscarded="0" />
</gc-op>
<gc-end id="672" type="scavenge" contextid="668" durationms="0.489" usertimems="0.000" systemtimems="0.000" timestamp="2019-06-16T17:32:26.540" activeThreads="4">
  <mem-info id="673" free="4491224" total="8650752" percent="51">
    <mem type="nursery" free="1996544" total="2359296" percent="84">
      <mem type="allocate" free="1996544" total="2097152" percent="95" />
      <mem type="survivor" free="0" total="262144" percent="0" />
    </mem>
    <mem type="tenure" free="2494680" total="6291456" percent="39">
      <mem type="soa" free="2180312" total="5977088" percent="36" />
      <mem type="loa" free="314368" total="314368" percent="100" />
    </mem>
    <remembered-set count="275" />
  </mem-info>
</gc-end>
<cycle-end id="674" type="scavenge" contextid="668" timestamp="2019-06-16T17:32:26.540" />
  <attribute name="elasticGC enabled" value="1" />
  <attribute name= "numThreadsSpecified" value="4" />
  <attribute name="heapSize specified" value="8388608" />
  <attribute name="Current GC Util" value="6" />
  <attribute name= "Current Time Running" value="1010" />
  <attribute name ="GC Interval" value="200" />
  <attribute name="ProportionalT" value="-14.000000" />
  <attribute name="ProportionalI" value="-14.000000" />
  <attribute name="ProportionalH" value="-14.000000" />
  <attribute name="Current Error" value="-14.000000" />
  <attribute name="IntegralT" value="-112.000000" />
  <attribute name="IntegralI" value="-112.000000" />
  <attribute name="IntegralH" value="-112.000000" />
  <attribute name="DerivativeT" value="-0.875000" />
  <attribute name="DerivativeI" value="-0.875000" />
  <attribute name="DerivativeH" value="-0.875000" />
  <attribute name="Loop Time for DT" value="8.000000" />
  <attribute name="Output H" value="2092630016"/>
  <attribute name="Output I" value="200"/>
  <attribute name="Output T" value="4"/>
  <attribute name="Target GC Util Change" value ="20.000000" />
  <attribute name="Current GC Util Change" value="6.000000"/>
  <attribute name="GC Util currently" value="6" />
  <attribute name="CPU Util currently" value="648811781387" />
<allocation-satisfied id="675" threadId="00000000016ED500" bytesRequested="40" />
<af-end id="676" timestamp="2019-06-16T17:32:26.540" threadId="00000000016EDE88" success="true" from="nursery"/>
<exclusive-end id="677" timestamp="2019-06-16T17:32:26.540" durationms="1.056" />

<exclusive-start id="678" timestamp="2019-06-16T17:32:26.547" intervalms="7.568">
  <response-info timems="0.033" idlems="0.033" threads="0" lastid="00000000016ED500" lastname="Thread-8" />
</exclusive-start>
<af-start id="679" threadId="00000000016EDE88" totalBytesRequested="40" timestamp="2019-06-16T17:32:26.547" intervalms="7.563" type="nursery" />
<cycle-start id="680" type="scavenge" contextid="0" timestamp="2019-06-16T17:32:26.547" intervalms="7.571" />
<gc-start id="681" type="scavenge" contextid="680" timestamp="2019-06-16T17:32:26.547">
  <mem-info id="682" free="2494680" total="8650752" percent="28">
    <mem type="nursery" free="0" total="2359296" percent="0">
      <mem type="allocate" free="0" total="2097152" percent="0" />
      <mem type="survivor" free="0" total="262144" percent="0" />
    </mem>
    <mem type="tenure" free="2494680" total="6291456" percent="39">
      <mem type="soa" free="2180312" total="5977088" percent="36" />
      <mem type="loa" free="314368" total="314368" percent="100" />
    </mem>
    <remembered-set count="360" />
  </mem-info>
</gc-start>
<allocation-stats totalBytes="1996264" >
  <allocated-bytes non-tlh="40" tlh="1996224" />
  <largest-consumer threadName="Thread-8" threadId="00000000016ED500" bytes="1996264" />
</allocation-stats>
<gc-op id="683" type="scavenge" timems="0.225" contextid="680" timestamp="2019-06-16T17:32:26.548">
  <scavenger-info tenureage="2" tenuremask="4004" tiltratio="88" />
  <memory-copied type="nursery" objects="240" bytes="6136" bytesdiscarded="164360" />
  <memory-copied type="tenure" objects="85" bytes="2040" bytesdiscarded="0" />
</gc-op>
<gc-end id="684" type="scavenge" contextid="680" durationms="0.524" usertimems="4.000" systemtimems="0.000" timestamp="2019-06-16T17:32:26.548" activeThreads="4">
  <mem-info id="685" free="4421336" total="8650752" percent="51">
    <mem type="nursery" free="1926656" total="2359296" percent="81">
      <mem type="allocate" free="1926656" total="2097152" percent="91" />
      <mem type="survivor" free="0" total="262144" percent="0" />
    </mem>
    <mem type="tenure" free="2494680" total="6291456" percent="39">
      <mem type="soa" free="2180312" total="5977088" percent="36" />
      <mem type="loa" free="314368" total="314368" percent="100" />
    </mem>
    <remembered-set count="275" />
  </mem-info>
</gc-end>
<cycle-end id="686" type="scavenge" contextid="680" timestamp="2019-06-16T17:32:26.548" />
  <attribute name="elasticGC enabled" value="1" />
  <attribute name= "numThreadsSpecified" value="4" />
  <attribute name="heapSize specified" value="8388608" />
  <attribute name="Current GC Util" value="6" />
  <attribute name= "Current Time Running" value="1017" />
  <attribute name ="GC Interval" value="200" />
  <attribute name="ProportionalT" value="-14.000000" />
  <attribute name="ProportionalI" value="-14.000000" />
  <attribute name="ProportionalH" value="-14.000000" />
  <attribute name="Current Error" value="-14.000000" />
  <attribute name="IntegralT" value="-98.000000" />
  <attribute name="IntegralI" value="-98.000000" />
  <attribute name="IntegralH" value="-98.000000" />
  <attribute name="DerivativeT" value="-1.000000" />
  <attribute name="DerivativeI" value="-1.000000" />
  <attribute name="DerivativeH" value="-1.000000" />
  <attribute name="Loop Time for DT" value="7.000000" />
  <attribute name="Output H" value="2092630016"/>
  <attribute name="Output I" value="200"/>
  <attribute name="Output T" value="4"/>
  <attribute name="Target GC Util Change" value ="20.000000" />
  <attribute name="Current GC Util Change" value="6.000000"/>
  <attribute name="GC Util currently" value="6" />
  <attribute name="CPU Util currently" value="606687995620" />
<allocation-satisfied id="687" threadId="00000000016ED500" bytesRequested="40" />
<af-end id="688" timestamp="2019-06-16T17:32:26.548" threadId="00000000016EDE88" success="true" from="nursery"/>
<exclusive-end id="689" timestamp="2019-06-16T17:32:26.548" durationms="1.051" />

<exclusive-start id="690" timestamp="2019-06-16T17:32:26.553" intervalms="6.013">
  <response-info timems="0.030" idlems="0.030" threads="0" lastid="00000000016ED500" lastname="Thread-8" />
</exclusive-start>
<af-start id="691" threadId="00000000016EDE88" totalBytesRequested="40" timestamp="2019-06-16T17:32:26.553" intervalms="5.975" type="nursery" />
<cycle-start id="692" type="scavenge" contextid="0" timestamp="2019-06-16T17:32:26.553" intervalms="5.976" />
<gc-start id="693" type="scavenge" contextid="692" timestamp="2019-06-16T17:32:26.553">
  <mem-info id="694" free="2494680" total="8650752" percent="28">
    <mem type="nursery" free="0" total="2359296" percent="0">
      <mem type="allocate" free="0" total="2097152" percent="0" />
      <mem type="survivor" free="0" total="262144" percent="0" />
    </mem>
    <mem type="tenure" free="2494680" total="6291456" percent="39">
      <mem type="soa" free="2180312" total="5977088" percent="36" />
      <mem type="loa" free="314368" total="314368" percent="100" />
    </mem>
    <remembered-set count="436" />
  </mem-info>
</gc-start>
<allocation-stats totalBytes="1926360" >
  <allocated-bytes non-tlh="40" tlh="1926320" />
  <largest-consumer threadName="Thread-8" threadId="00000000016ED500" bytes="1926360" />
</allocation-stats>
<gc-op id="695" type="scavenge" timems="0.191" contextid="692" timestamp="2019-06-16T17:32:26.553">
  <scavenger-info tenureage="2" tenuremask="4004" tiltratio="88" />
  <memory-copied type="nursery" objects="292" bytes="7256" bytesdiscarded="193960" />
  <memory-copied type="tenure" objects="119" bytes="2856" bytesdiscarded="0" />
</gc-op>
<gc-end id="696" type="scavenge" contextid="692" durationms="0.372" usertimems="0.000" systemtimems="0.000" timestamp="2019-06-16T17:32:26.554" activeThreads="4">
  <mem-info id="697" free="4390616" total="8650752" percent="50">
    <mem type="nursery" free="1895936" total="2359296" percent="80">
      <mem type="allocate" free="1895936" total="2097152" percent="90" />
      <mem type="survivor" free="0" total="262144" percent="0" />
    </mem>
    <mem type="tenure" free="2494680" total="6291456" percent="39">
      <mem type="soa" free="2180312" total="5977088" percent="36" />
      <mem type="loa" free="314368" total="314368" percent="100" />
    </mem>
    <remembered-set count="317" />
  </mem-info>
</gc-end>
<cycle-end id="698" type="scavenge" contextid="692" timestamp="2019-06-16T17:32:26.554" />
  <attribute name="elasticGC enabled" value="1" />
  <attribute name= "numThreadsSpecified" value="4" />
  <attribute name="heapSize specified" value="8388608" />
  <attribute name="Current GC Util" value="8" />
  <attribute name= "Current Time Running" value="1023" />
  <attribute name ="GC Interval" value="200" />
  <attribute name="ProportionalT" value="-12.000000" />
  <attribute name="ProportionalI" value="-12.000000" />
  <attribute name="ProportionalH" value="-12.000000" />
  <attribute name="Current Error" value="-12.000000" />
  <attribute name="IntegralT" value="-72.000000" />
  <attribute name="IntegralI" value="-72.000000" />
  <attribute name="IntegralH" value="-72.000000" />
  <attribute name="DerivativeT" value="-1.000000" />
  <attribute name="DerivativeI" value="-1.000000" />
  <attribute name="DerivativeH" value="-1.000000" />
  <attribute name="Loop Time for DT" value="6.000000" />
  <attribute name="Output H" value="2092630016"/>
  <attribute name="Output I" value="200"/>
  <attribute name="Output T" value="4"/>
  <attribute name="Target GC Util Change" value ="20.000000" />
  <attribute name="Current GC Util Change" value="8.000000"/>
  <attribute name="GC Util currently" value="8" />
  <attribute name="CPU Util currently" value="787633317867" />
<allocation-satisfied id="699" threadId="00000000016ED500" bytesRequested="40" />
<af-end id="700" timestamp="2019-06-16T17:32:26.554" threadId="00000000016EDE88" success="true" from="nursery"/>
<exclusive-end id="701" timestamp="2019-06-16T17:32:26.554" durationms="0.862" />

<exclusive-start id="702" timestamp="2019-06-16T17:32:26.559" intervalms="6.484">
  <response-info timems="0.027" idlems="0.027" threads="0" lastid="00000000016ED500" lastname="Thread-8" />
</exclusive-start>
<af-start id="703" threadId="00000000016EDE88" totalBytesRequested="136" timestamp="2019-06-16T17:32:26.559" intervalms="6.493" type="nursery" />
<cycle-start id="704" type="scavenge" contextid="0" timestamp="2019-06-16T17:32:26.560" intervalms="6.492" />
<gc-start id="705" type="scavenge" contextid="704" timestamp="2019-06-16T17:32:26.560">
  <mem-info id="706" free="2494680" total="8650752" percent="28">
    <mem type="nursery" free="0" total="2359296" percent="0">
      <mem type="allocate" free="0" total="2097152" percent="0" />
      <mem type="survivor" free="0" total="262144" percent="0" />
    </mem>
    <mem type="tenure" free="2494680" total="6291456" percent="39">
      <mem type="soa" free="2180312" total="5977088" percent="36" />
      <mem type="loa" free="314368" total="314368" percent="100" />
    </mem>
    <remembered-set count="412" />
  </mem-info>
</gc-start>
<allocation-stats totalBytes="1895544" >
  <allocated-bytes non-tlh="40" tlh="1895504" />
  <largest-consumer threadName="Thread-8" threadId="00000000016ED500" bytes="1895544" />
</allocation-stats>
<gc-op id="707" type="scavenge" timems="0.179" contextid="704" timestamp="2019-06-16T17:32:26.560">
  <scavenger-info tenureage="2" tenuremask="4004" tiltratio="88" />
  <memory-copied type="nursery" objects="256" bytes="6160" bytesdiscarded="164336" />
  <memory-copied type="tenure" objects="85" bytes="2040" bytesdiscarded="0" />
</gc-op>
<gc-end id="708" type="scavenge" contextid="704" durationms="0.436" usertimems="0.000" systemtimems="0.000" timestamp="2019-06-16T17:32:26.560" activeThreads="4">
  <mem-info id="709" free="4421336" total="8650752" percent="51">
    <mem type="nursery" free="1926656" total="2359296" percent="81">
      <mem type="allocate" free="1926656" total="2097152" percent="91" />
      <mem type="survivor" free="0" total="262144" percent="0" />
    </mem>
    <mem type="tenure" free="2494680" total="6291456" percent="39">
      <mem type="soa" free="2180312" total="5977088" percent="36" />
      <mem type="loa" free="314368" total="314368" percent="100" />
    </mem>
    <remembered-set count="327" />
  </mem-info>
</gc-end>
<cycle-end id="710" type="scavenge" contextid="704" timestamp="2019-06-16T17:32:26.560" />
  <attribute name="elasticGC enabled" value="1" />
  <attribute name= "numThreadsSpecified" value="4" />
  <attribute name="heapSize specified" value="8388608" />
  <attribute name="Current GC Util" value="6" />
  <attribute name= "Current Time Running" value="1030" />
  <attribute name ="GC Interval" value="200" />
  <attribute name="ProportionalT" value="-14.000000" />
  <attribute name="ProportionalI" value="-14.000000" />
  <attribute name="ProportionalH" value="-14.000000" />
  <attribute name="Current Error" value="-14.000000" />
  <attribute name="IntegralT" value="-98.000000" />
  <attribute name="IntegralI" value="-98.000000" />
  <attribute name="IntegralH" value="-98.000000" />
  <attribute name="DerivativeT" value="-1.000000" />
  <attribute name="DerivativeI" value="-1.000000" />
  <attribute name="DerivativeH" value="-1.000000" />
  <attribute name="Loop Time for DT" value="7.000000" />
  <attribute name="Output H" value="2092630016"/>
  <attribute name="Output I" value="200"/>
  <attribute name="Output T" value="4"/>
  <attribute name="Target GC Util Change" value ="20.000000" />
  <attribute name="Current GC Util Change" value="6.000000"/>
  <attribute name="GC Util currently" value="6" />
  <attribute name="CPU Util currently" value="695069705653" />
<allocation-satisfied id="711" threadId="00000000016ED500" bytesRequested="136" />
<af-end id="712" timestamp="2019-06-16T17:32:26.560" threadId="00000000016EDE88" success="true" from="nursery"/>
<exclusive-end id="713" timestamp="2019-06-16T17:32:26.560" durationms="1.086" />

<exclusive-start id="714" timestamp="2019-06-16T17:32:26.565" intervalms="5.725">
  <response-info timems="0.036" idlems="0.036" threads="0" lastid="00000000016ED500" lastname="Thread-8" />
</exclusive-start>
<af-start id="715" threadId="00000000016EDE88" totalBytesRequested="24" timestamp="2019-06-16T17:32:26.565" intervalms="5.719" type="nursery" />
<cycle-start id="716" type="scavenge" contextid="0" timestamp="2019-06-16T17:32:26.565" intervalms="5.713" />
<gc-start id="717" type="scavenge" contextid="716" timestamp="2019-06-16T17:32:26.565">
  <mem-info id="718" free="2494680" total="8650752" percent="28">
    <mem type="nursery" free="0" total="2359296" percent="0">
      <mem type="allocate" free="0" total="2097152" percent="0" />
      <mem type="survivor" free="0" total="262144" percent="0" />
    </mem>
    <mem type="tenure" free="2494680" total="6291456" percent="39">
      <mem type="soa" free="2180312" total="5977088" percent="36" />
      <mem type="loa" free="314368" total="314368" percent="100" />
    </mem>
    <remembered-set count="422" />
  </mem-info>
</gc-start>
<allocation-stats totalBytes="1926416" >
  <allocated-bytes non-tlh="136" tlh="1926280" />
  <largest-consumer threadName="Thread-8" threadId="00000000016ED500" bytes="1926416" />
</allocation-stats>
<gc-op id="719" type="scavenge" timems="0.179" contextid="716" timestamp="2019-06-16T17:32:26.566">
  <scavenger-info tenureage="2" tenuremask="4004" tiltratio="88" />
  <memory-copied type="nursery" objects="256" bytes="6472" bytesdiscarded="194744" />
  <memory-copied type="tenure" objects="158" bytes="3792" bytesdiscarded="0" />
</gc-op>
<gc-end id="720" type="scavenge" contextid="716" durationms="0.361" usertimems="0.000" systemtimems="0.000" timestamp="2019-06-16T17:32:26.566" activeThreads="4">
  <mem-info id="721" free="4390616" total="8650752" percent="50">
    <mem type="nursery" free="1895936" total="2359296" percent="80">
      <mem type="allocate" free="1895936" total="2097152" percent="90" />
      <mem type="survivor" free="0" total="262144" percent="0" />
    </mem>
    <mem type="tenure" free="2494680" total="6291456" percent="39">
      <mem type="soa" free="2180312" total="5977088" percent="36" />
      <mem type="loa" free="314368" total="314368" percent="100" />
    </mem>
    <remembered-set count="264" />
  </mem-info>
</gc-end>
<cycle-end id="722" type="scavenge" contextid="716" timestamp="2019-06-16T17:32:26.566" />
  <attribute name="elasticGC enabled" value="1" />
  <attribute name= "numThreadsSpecified" value="4" />
  <attribute name="heapSize specified" value="8388608" />
  <attribute name="Current GC Util" value="7" />
  <attribute name= "Current Time Running" value="1035" />
  <attribute name ="GC Interval" value="200" />
  <attribute name="ProportionalT" value="-13.000000" />
  <attribute name="ProportionalI" value="-13.000000" />
  <attribute name="ProportionalH" value="-13.000000" />
  <attribute name="Current Error" value="-13.000000" />
  <attribute name="IntegralT" value="-65.000000" />
  <attribute name="IntegralI" value="-65.000000" />
  <attribute name="IntegralH" value="-65.000000" />
  <attribute name="DerivativeT" value="-1.300000" />
  <attribute name="DerivativeI" value="-1.300000" />
  <attribute name="DerivativeH" value="-1.300000" />
  <attribute name="Loop Time for DT" value="5.000000" />
  <attribute name="Output H" value="2092630016"/>
  <attribute name="Output I" value="200"/>
  <attribute name="Output T" value="4"/>
  <attribute name="Target GC Util Change" value ="20.000000" />
  <attribute name="Current GC Util Change" value="7.000000"/>
  <attribute name="GC Util currently" value="7" />
  <attribute name="CPU Util currently" value="825897632371" />
<allocation-satisfied id="723" threadId="00000000016ED500" bytesRequested="24" />
<af-end id="724" timestamp="2019-06-16T17:32:26.566" threadId="00000000016EDE88" success="true" from="nursery"/>
<exclusive-end id="725" timestamp="2019-06-16T17:32:26.566" durationms="0.863" />

<exclusive-start id="726" timestamp="2019-06-16T17:32:26.570" intervalms="5.312">
  <response-info timems="0.033" idlems="0.033" threads="0" lastid="00000000016ED500" lastname="Thread-8" />
</exclusive-start>
<af-start id="727" threadId="00000000016EDE88" totalBytesRequested="40" timestamp="2019-06-16T17:32:26.571" intervalms="5.346" type="nursery" />
<cycle-start id="728" type="scavenge" contextid="0" timestamp="2019-06-16T17:32:26.571" intervalms="5.343" />
<gc-start id="729" type="scavenge" contextid="728" timestamp="2019-06-16T17:32:26.571">
  <mem-info id="730" free="2494680" total="8650752" percent="28">
    <mem type="nursery" free="0" total="2359296" percent="0">
      <mem type="allocate" free="0" total="2097152" percent="0" />
      <mem type="survivor" free="0" total="262144" percent="0" />
    </mem>
    <mem type="tenure" free="2494680" total="6291456" percent="39">
      <mem type="soa" free="2180312" total="5977088" percent="36" />
      <mem type="loa" free="314368" total="314368" percent="100" />
    </mem>
    <remembered-set count="470" />
  </mem-info>
</gc-start>
<allocation-stats totalBytes="1895616" >
  <allocated-bytes non-tlh="24" tlh="1895592" />
  <largest-consumer threadName="Thread-8" threadId="00000000016ED500" bytes="1895616" />
</allocation-stats>
<gc-op id="731" type="scavenge" timems="0.177" contextid="728" timestamp="2019-06-16T17:32:26.571">
  <scavenger-info tenureage="14" tenuremask="4000" tiltratio="88" />
  <memory-copied type="nursery" objects="474" bytes="11752" bytesdiscarded="158744" />
</gc-op>
<gc-end id="732" type="scavenge" contextid="728" durationms="0.359" usertimems="0.000" systemtimems="0.000" timestamp="2019-06-16T17:32:26.571" activeThreads="4">
  <mem-info id="733" free="4421336" total="8650752" percent="51">
    <mem type="nursery" free="1926656" total="2359296" percent="81">
      <mem type="allocate" free="1926656" total="2097152" percent="91" />
      <mem type="survivor" free="0" total="262144" percent="0" />
    </mem>
    <mem type="tenure" free="2494680" total="6291456" percent="39">
      <mem type="soa" free="2180312" total="5977088" percent="36" />
      <mem type="loa" free="314368" total="314368" percent="100" />
    </mem>
    <remembered-set count="470" />
  </mem-info>
</gc-end>
<cycle-end id="734" type="scavenge" contextid="728" timestamp="2019-06-16T17:32:26.571" />
  <attribute name="elasticGC enabled" value="1" />
  <attribute name= "numThreadsSpecified" value="4" />
  <attribute name="heapSize specified" value="8388608" />
  <attribute name="Current GC Util" value="8" />
  <attribute name= "Current Time Running" value="1041" />
  <attribute name ="GC Interval" value="200" />
  <attribute name="ProportionalT" value="-12.000000" />
  <attribute name="ProportionalI" value="-12.000000" />
  <attribute name="ProportionalH" value="-12.000000" />
  <attribute name="Current Error" value="-12.000000" />
  <attribute name="IntegralT" value="-72.000000" />
  <attribute name="IntegralI" value="-72.000000" />
  <attribute name="IntegralH" value="-72.000000" />
  <attribute name="DerivativeT" value="-1.000000" />
  <attribute name="DerivativeI" value="-1.000000" />
  <attribute name="DerivativeH" value="-1.000000" />
  <attribute name="Loop Time for DT" value="6.000000" />
  <attribute name="Output H" value="2092630016"/>
  <attribute name="Output I" value="200"/>
  <attribute name="Output T" value="4"/>
  <attribute name="Target GC Util Change" value ="20.000000" />
  <attribute name="Current GC Util Change" value="8.000000"/>
  <attribute name="GC Util currently" value="8" />
  <attribute name="CPU Util currently" value="858402365124" />
<allocation-satisfied id="735" threadId="00000000016ED500" bytesRequested="40" />
<af-end id="736" timestamp="2019-06-16T17:32:26.571" threadId="00000000016EDE88" success="true" from="nursery"/>
<exclusive-end id="737" timestamp="2019-06-16T17:32:26.571" durationms="0.957" />

<exclusive-start id="738" timestamp="2019-06-16T17:32:26.576" intervalms="5.171">
  <response-info timems="0.039" idlems="0.039" threads="0" lastid="00000000016ED500" lastname="Thread-8" />
</exclusive-start>
<af-start id="739" threadId="00000000016EDE88" totalBytesRequested="24" timestamp="2019-06-16T17:32:26.576" intervalms="5.132" type="nursery" />
<cycle-start id="740" type="scavenge" contextid="0" timestamp="2019-06-16T17:32:26.576" intervalms="5.135" />
<gc-start id="741" type="scavenge" contextid="740" timestamp="2019-06-16T17:32:26.576">
  <mem-info id="742" free="2494680" total="8650752" percent="28">
    <mem type="nursery" free="0" total="2359296" percent="0">
      <mem type="allocate" free="0" total="2097152" percent="0" />
      <mem type="survivor" free="0" total="262144" percent="0" />
    </mem>
    <mem type="tenure" free="2494680" total="6291456" percent="39">
      <mem type="soa" free="2180312" total="5977088" percent="36" />
      <mem type="loa" free="314368" total="314368" percent="100" />
    </mem>
    <remembered-set count="662" />
  </mem-info>
</gc-start>
<allocation-stats totalBytes="1926416" >
  <allocated-bytes non-tlh="40" tlh="1926376" />
  <largest-consumer threadName="Thread-8" threadId="00000000016ED500" bytes="1926416" />
</allocation-stats>
<gc-op id="743" type="scavenge" timems="0.171" contextid="740" timestamp="2019-06-16T17:32:26.576">
  <scavenger-info tenureage="14" tenuremask="4000" tiltratio="88" />
  <memory-copied type="nursery" objects="666" bytes="16360" bytesdiscarded="154136" />
</gc-op>
<gc-end id="744" type="scavenge" contextid="740" durationms="0.366" usertimems="0.000" systemtimems="0.000" timestamp="2019-06-16T17:32:26.576" activeThreads="4">
  <mem-info id="745" free="4421336" total="8650752" percent="51">
    <mem type="nursery" free="1926656" total="2359296" percent="81">
      <mem type="allocate" free="1926656" total="2097152" percent="91" />
      <mem type="survivor" free="0" total="262144" percent="0" />
    </mem>
    <mem type="tenure" free="2494680" total="6291456" percent="39">
      <mem type="soa" free="2180312" total="5977088" percent="36" />
      <mem type="loa" free="314368" total="314368" percent="100" />
    </mem>
    <remembered-set count="662" />
  </mem-info>
</gc-end>
<cycle-end id="746" type="scavenge" contextid="740" timestamp="2019-06-16T17:32:26.576" />
  <attribute name="elasticGC enabled" value="1" />
  <attribute name= "numThreadsSpecified" value="4" />
  <attribute name="heapSize specified" value="8388608" />
  <attribute name="Current GC Util" value="8" />
  <attribute name= "Current Time Running" value="1046" />
  <attribute name ="GC Interval" value="200" />
  <attribute name="ProportionalT" value="-12.000000" />
  <attribute name="ProportionalI" value="-12.000000" />
  <attribute name="ProportionalH" value="-12.000000" />
  <attribute name="Current Error" value="-12.000000" />
  <attribute name="IntegralT" value="-60.000000" />
  <attribute name="IntegralI" value="-60.000000" />
  <attribute name="IntegralH" value="-60.000000" />
  <attribute name="DerivativeT" value="-1.200000" />
  <attribute name="DerivativeI" value="-1.200000" />
  <attribute name="DerivativeH" value="-1.200000" />
  <attribute name="Loop Time for DT" value="5.000000" />
  <attribute name="Output H" value="2092630016"/>
  <attribute name="Output I" value="200"/>
  <attribute name="Output T" value="4"/>
  <attribute name="Target GC Util Change" value ="20.000000" />
  <attribute name="Current GC Util Change" value="8.000000"/>
  <attribute name="GC Util currently" value="8" />
  <attribute name="CPU Util currently" value="904062307023" />
<allocation-satisfied id="747" threadId="00000000016ED500" bytesRequested="24" />
<af-end id="748" timestamp="2019-06-16T17:32:26.576" threadId="00000000016EDE88" success="true" from="nursery"/>
<exclusive-end id="749" timestamp="2019-06-16T17:32:26.576" durationms="0.877" />

</verbosegc>

