<?xml version="1.0" ?>

<verbosegc xmlns="http://www.ibm.com/j9/verbosegc" version="10b4217_CMPRSS">

<initialized id="1" timestamp="2019-06-17T06:16:17.069">
  <attribute name="gcPolicy" value="-Xgcpolicy:balanced" />
  <attribute name="elasticGC enabled" value="1" />
  <attribute name= "numThreadsSpecified" value="0" />
  <attribute name="heapSize specified" value="0" />
  <attribute name="Current GC Util" value="0" />
  <attribute name= "Current Time Running" value="0" />
  <attribute name ="GC Interval" value="0" />
  <attribute name="ProportionalT" value="0.000000" />
  <attribute name="ProportionalI" value="0.000000" />
  <attribute name="ProportionalH" value="0.000000" />
  <attribute name="IntegralT" value="0.000000" />
  <attribute name="IntegralI" value="0.000000" />
  <attribute name="IntegralH" value="0.000000" />
  <attribute name="DerivativeT" value="0.000000" />
  <attribute name="DerivativeI" value="0.000000" />
  <attribute name="DerivativeH" value="0.000000" />
  <attribute name="Target GC Util Change" value ="0.000000" />
  <attribute name="Current GC Util Change" value="0.000000"/>
  <attribute name="Current Error" value="0.000000" />
  <attribute name="Loop Time for DT" value="0.000000" />
  <attribute name="Output H" value="0"/>
  <attribute name="Output I" value="0"/>
  <attribute name="Output T" value="0"/>
  <attribute name="GC Util currently" value="0" />
  <attribute name="CPU Util currently" value="0" />
  <attribute name="maxHeapSize" value="0x7cb00000" />
  <attribute name="initialHeapSize" value="0x800000" />
  <attribute name="compressedRefs" value="true" />
  <attribute name="compressedRefsDisplacement" value="0x0" />
  <attribute name="compressedRefsShift" value="0x0" />
  <attribute name="pageSize" value="0x1000" />
  <attribute name="pageType" value="not used" />
  <attribute name="requestedPageSize" value="0x1000" />
  <attribute name="requestedPageType" value="not used" />
  <attribute name="gcthreads" value="4" />
  <attribute name="packetListSplit" value="4" />
  <attribute name="cacheListSplit" value="4" />
  <attribute name="splitFreeListSplitAmount" value="1" />
  <attribute name="numaNodes" value="0" />
  <region>
    <attribute name="regionSize" value="1048576" />
    <attribute name="regionCount" value="1995" />
    <attribute name="arrayletLeafSize" value="1048576" />
  </region>
  <system>
    <attribute name="physicalMemory" value="8370962432" />
    <attribute name="numCPUs" value="4" />
    <attribute name="architecture" value="amd64" />
    <attribute name="os" value="Linux" />
    <attribute name="osVersion" value="4.4.0-148-generic" />
  </system>
  <vmargs>
    <vmarg name="-Xoptionsfile=/vagrant/jdk/lib/options.default" />
    <vmarg name="-Xlockword:mode=default,noLockword=java/lang/String,noLockword=java/util/MapEntry,noLockword=java/util/HashMap$Entry,noLockword..." />
    <vmarg name="-Xjcl:jclse29" />
    <vmarg name="-Dcom.ibm.oti.vm.bootstrap.library.path=/vagrant/jdk/lib/compressedrefs:/vagrant/jdk/lib" />
    <vmarg name="-Dsun.boot.library.path=/vagrant/jdk/lib/compressedrefs:/vagrant/jdk/lib" />
    <vmarg name="-Djava.library.path=/vagrant/jdk/lib/compressedrefs:/vagrant/jdk/lib:/usr/lib64:/usr/lib" />
    <vmarg name="-Djava.home=/vagrant/jdk" />
    <vmarg name="-Duser.dir=/vagrant" />
    <vmarg name="-Xgcpolicy:balanced" />
    <vmarg name="-Xgcelastic" />
    <vmarg name="-Xcheck:gc:::elasticGC" />
    <vmarg name="-verbose:gc" />
    <vmarg name="-Xloggc:small-Balanced-jdk-1-1-1-verbose11avrora.txt" />
    <vmarg name="-Djava.class.path=dacapo-9.12-MR1-bach.jar" />
    <vmarg name="-Dsun.java.command=dacapo-9.12-MR1-bach.jar avrora --size=small" />
    <vmarg name="-Dsun.java.launcher=SUN_STANDARD" />
    <vmarg name="-Dsun.java.launcher.pid=16967" />
  </vmargs>
</initialized>

<exclusive-start id="2" timestamp="2019-06-17T06:16:17.992" intervalms="923.412">
  <response-info timems="0.084" idlems="0.084" threads="0" lastid="0000000001E7D700" lastname="main" />
</exclusive-start>
<sys-start reason="explicit" id="3" timestamp="2019-06-17T06:16:17.993" intervalms="923.924" />
<cycle-start id="4" type="global garbage collect" contextid="0" timestamp="2019-06-17T06:16:17.993" intervalms="924.467" />
<gc-start id="5" type="global garbage collect" contextid="4" timestamp="2019-06-17T06:16:17.994">
  <mem-info id="6" free="1662824" total="8388608" percent="19">
    <mem type="eden" free="614328" total="7340032" percent="8" />
    <remembered-set count="0" freebytes="334848" totalbytes="334848" percent="100" regionsoverflowed="0" regionsstable="0" regionsrebuilding="0"/>
  </mem-info>
</gc-start>
<allocation-stats totalBytes="6655816" >
  <allocated-bytes non-tlh="529728" tlh="6126088" arrayletleaf="0"/>
  <largest-consumer threadName="main" threadId="0000000001E7D700" bytes="6579248" />
</allocation-stats>
<gc-op id="7" type="global mark" timems="2.741" contextid="4" timestamp="2019-06-17T06:16:17.997">
  <trace-info objectcount="17849" scancount="14128" scanbytes="463976" />
  <finalization candidates="14" enqueued="1" />
  <references type="soft" candidates="66" cleared="0" enqueued="0" dynamicThreshold="32" maxThreshold="32" />
  <references type="weak" candidates="553" cleared="411" enqueued="372" />
  <references type="phantom" candidates="99" cleared="41" enqueued="41" />
  <stringconstants candidates="2456" cleared="0"  />
</gc-op>
<gc-op id="8" type="classunload" timems="0.133" contextid="4" timestamp="2019-06-17T06:16:17.997">
  <classunload-info classloadercandidates="6" classloadersunloaded="0" classesunloaded="0" anonymousclassesunloaded="0" quiescems="0.000" setupms="0.120" scanms="0.000" postms="0.000" />
</gc-op>
<gc-op id="9" type="sweep" timems="0.840" contextid="4" timestamp="2019-06-17T06:16:17.999" />
<gc-op id="10" type="compact" timems="4.045" contextid="4" timestamp="2019-06-17T06:16:18.003">
  <compact-info movecount="17842" movebytes="855368" />
  <remembered-set-cleared processed="1058" cleared="1058" durationms="0.127" />
</gc-op>
<gc-end id="11" type="global garbage collect" contextid="4" durationms="10.117" usertimems="8.000" systemtimems="0.000" timestamp="2019-06-17T06:16:18.004" activeThreads="4">
  <mem-info id="12" free="7340032" total="8388608" percent="87">
    <pending-finalizers system="1" default="0" reference="413" classloader="0" />
    <remembered-set count="0" freebytes="334848" totalbytes="334848" percent="100" regionsoverflowed="0" regionsstable="0" regionsrebuilding="0"/>
  </mem-info>
</gc-end>
<cycle-end id="13" type="global garbage collect" contextid="4" timestamp="2019-06-17T06:16:18.004" />
  <attribute name="elasticGC enabled" value="1" />
  <attribute name= "numThreadsSpecified" value="4" />
  <attribute name="heapSize specified" value="0" />
  <attribute name="Current GC Util" value="37" />
  <attribute name= "Current Time Running" value="775" />
  <attribute name ="GC Interval" value="0" />
  <attribute name="ProportionalT" value="17.000000" />
  <attribute name="ProportionalI" value="17.000000" />
  <attribute name="ProportionalH" value="17.000000" />
  <attribute name="Current Error" value="17.000000" />
  <attribute name="IntegralT" value="-15115.000000" />
  <attribute name="IntegralI" value="-15115.000000" />
  <attribute name="IntegralH" value="-15115.000000" />
  <attribute name="DerivativeT" value="-50.000000" />
  <attribute name="DerivativeI" value="-50.000000" />
  <attribute name="DerivativeH" value="-50.000000" />
  <attribute name="Loop Time for DT" value="1.000000" />
  <attribute name="Output H" value="2091843584"/>
  <attribute name="Output I" value="200"/>
  <attribute name="Output T" value="4"/>
  <attribute name="Target GC Util Change" value ="20.000000" />
  <attribute name="Current GC Util Change" value="37.000000"/>
  <attribute name="GC Util currently" value="37" />
  <attribute name="CPU Util currently" value="3767671162796" />
<sys-end id="14" timestamp="2019-06-17T06:16:18.004" />
<exclusive-end id="15" timestamp="2019-06-17T06:16:18.004" durationms="11.941" />

<exclusive-start id="16" timestamp="2019-06-17T06:16:19.143" intervalms="1151.265">
  <response-info timems="0.026" idlems="0.026" threads="0" lastid="0000000002133500" lastname="node-1" />
</exclusive-start>
<allocation-taxation id="17" taxation-threshold="7340032" timestamp="2019-06-17T06:16:19.144" intervalms="2074.833" />
<cycle-start id="18" type="partial gc" contextid="0" timestamp="2019-06-17T06:16:19.144" intervalms="2075.106" />
<gc-start id="19" type="partial gc" contextid="18" timestamp="2019-06-17T06:16:19.144">
  <mem-info id="20" free="0" total="8388608" percent="0">
    <mem type="eden" free="0" total="7340032" percent="0" />
    <remembered-set count="0" freebytes="334848" totalbytes="334848" percent="100" regionsoverflowed="0" regionsstable="0" regionsrebuilding="0"/>
  </mem-info>
</gc-start>
<allocation-stats totalBytes="7329616" >
  <allocated-bytes non-tlh="172800" tlh="7156816" arrayletleaf="0"/>
  <largest-consumer threadName="main" threadId="0000000001E7D700" bytes="6150008" />
</allocation-stats>
<gc-op id="21" type="mark" timems="2.991" contextid="18" timestamp="2019-06-17T06:16:19.148">
  <trace-info objectcount="23847" scancount="20750" scanbytes="741052" />
  <cardclean-info objects="1141" bytes="39472" />
  <remembered-set-cleared processed="0" cleared="0" durationms="0.048" />
  <references type="weak" candidates="45" cleared="44" enqueued="44" />
  <references type="phantom" candidates="4" cleared="2" enqueued="2" />
  <stringconstants candidates="3831" cleared="0"  />
  <warning details="Mark invoked due to insufficient free space for Copy-Forward" />
</gc-op>
<gc-op id="22" type="classunload" timems="0.001" contextid="18" timestamp="2019-06-17T06:16:19.148">
  <classunload-info classloadercandidates="6" classloadersunloaded="0" classesunloaded="0" anonymousclassesunloaded="0" quiescems="0.000" setupms="0.001" scanms="0.000" postms="0.000" />
</gc-op>
<gc-op id="23" type="sweep" timems="0.609" contextid="18" timestamp="2019-06-17T06:16:19.149" />
<gc-op id="24" type="compact" timems="3.366" contextid="18" timestamp="2019-06-17T06:16:19.152">
  <compact-info movecount="23847" movebytes="1030168" />
  <remembered-set-cleared processed="820" cleared="820" durationms="0.048" />
</gc-op>
<gc-end id="25" type="partial gc" contextid="18" durationms="8.871" usertimems="8.000" systemtimems="0.000" timestamp="2019-06-17T06:16:19.153" activeThreads="4">
  <mem-info id="26" free="6291456" total="8388608" percent="75">
    <mem type="eden" free="18408" total="1048576" percent="1" />
    <pending-finalizers system="0" default="0" reference="46" classloader="0" />
    <remembered-set count="2048" freebytes="326656" totalbytes="334848" percent="97" regionsoverflowed="0" regionsstable="0" regionsrebuilding="0"/>
  </mem-info>
</gc-end>
<cycle-end id="27" type="partial gc" contextid="18" timestamp="2019-06-17T06:16:19.153" />
  <attribute name="elasticGC enabled" value="1" />
  <attribute name= "numThreadsSpecified" value="4" />
  <attribute name="heapSize specified" value="0" />
  <attribute name="Current GC Util" value="55" />
  <attribute name= "Current Time Running" value="1925" />
  <attribute name ="GC Interval" value="0" />
  <attribute name="ProportionalT" value="35.000000" />
  <attribute name="ProportionalI" value="35.000000" />
  <attribute name="ProportionalH" value="35.000000" />
  <attribute name="Current Error" value="35.000000" />
  <attribute name="IntegralT" value="35.000000" />
  <attribute name="IntegralI" value="35.000000" />
  <attribute name="IntegralH" value="35.000000" />
  <attribute name="DerivativeT" value="35.000000" />
  <attribute name="DerivativeI" value="35.000000" />
  <attribute name="DerivativeH" value="35.000000" />
  <attribute name="Loop Time for DT" value="1.000000" />
  <attribute name="Output H" value="8388608"/>
  <attribute name="Output I" value="200"/>
  <attribute name="Output T" value="4"/>
  <attribute name="Target GC Util Change" value ="20.000000" />
  <attribute name="Current GC Util Change" value="55.000000"/>
  <attribute name="GC Util currently" value="55" />
  <attribute name="CPU Util currently" value="4640120677724" />
<exclusive-end id="28" timestamp="2019-06-17T06:16:19.153" durationms="9.853" />

<exclusive-start id="29" timestamp="2019-06-17T06:16:20.262" intervalms="1118.247">
  <response-info timems="0.030" idlems="0.030" threads="0" lastid="0000000002137100" lastname="node-2" />
</exclusive-start>
<allocation-taxation id="30" taxation-threshold="3145728" timestamp="2019-06-17T06:16:20.262" intervalms="1118.180" />
<cycle-start id="31" type="global mark phase" contextid="0" timestamp="2019-06-17T06:16:20.262" intervalms="3193.087" />
<gc-start id="32" type="global mark phase" contextid="31" timestamp="2019-06-17T06:16:20.262">
  <mem-info id="33" free="3145728" total="8388608" percent="37">
    <remembered-set count="1696" freebytes="328064" totalbytes="334848" percent="97" regionsoverflowed="0" regionsstable="0" regionsrebuilding="0"/>
  </mem-info>
</gc-start>
<gc-op id="34" type="mark increment" timems="0.445" contextid="31" timestamp="2019-06-17T06:16:20.262">
  <trace-info objectcount="143" scancount="0" scanbytes="0" />
</gc-op>
<gc-end id="35" type="global mark phase" contextid="31" durationms="0.561" usertimems="0.000" systemtimems="0.000" timestamp="2019-06-17T06:16:20.262" activeThreads="1">
  <mem-info id="36" free="3145728" total="8388608" percent="37">
    <remembered-set count="1696" freebytes="328064" totalbytes="334848" percent="97" regionsoverflowed="0" regionsstable="0" regionsrebuilding="0"/>
  </mem-info>
</gc-end>
<concurrent-start id="37" type="GMP work packet processing" contextid="31" timestamp="2019-06-17T06:16:20.262">
  <concurrent-mark-start scanTarget="18446744073709551615" />
</concurrent-start>
<exclusive-end id="38" timestamp="2019-06-17T06:16:20.264" durationms="2.225" />

<concurrent-end id="39" type="GMP work packet processing" contextid="31" timestamp="2019-06-17T06:16:20.264">
  <concurrent-mark-end bytesScanned="1181492" reasonForTermination="Completed all work in GC phase" />
</concurrent-end>

<exclusive-start id="40" timestamp="2019-06-17T06:16:21.299" intervalms="1037.795">
  <response-info timems="0.025" idlems="0.025" threads="0" lastid="000000000213AD00" lastname="node-0" />
</exclusive-start>
<allocation-taxation id="41" taxation-threshold="3145728" timestamp="2019-06-17T06:16:21.300" intervalms="1037.787" />
<cycle-start id="42" type="partial gc" contextid="0" timestamp="2019-06-17T06:16:21.300" intervalms="2155.795" />
<gc-start id="43" type="partial gc" contextid="42" timestamp="2019-06-17T06:16:21.300">
  <mem-info id="44" free="0" total="8388608" percent="0">
    <mem type="eden" free="18408" total="7340032" percent="0" />
    <remembered-set count="1696" freebytes="328064" totalbytes="334848" percent="97" regionsoverflowed="0" regionsstable="0" regionsrebuilding="0"/>
  </mem-info>
</gc-start>
<allocation-stats totalBytes="6290224" >
  <allocated-bytes non-tlh="0" tlh="6290224" arrayletleaf="0"/>
  <largest-consumer threadName="node-0" threadId="000000000213AD00" bytes="1064888" />
</allocation-stats>
<gc-op id="45" type="mark" timems="1.581" contextid="42" timestamp="2019-06-17T06:16:21.302">
  <trace-info objectcount="23677" scancount="20621" scanbytes="737884" />
  <cardclean-info objects="70" bytes="4524" />
  <remembered-set-cleared processed="350" cleared="350" durationms="0.044" />
  <references type="weak" candidates="1" cleared="0" enqueued="0" />
  <references type="phantom" candidates="2" cleared="0" enqueued="0" />
  <stringconstants candidates="3831" cleared="0"  />
  <warning details="Mark invoked due to insufficient free space for Copy-Forward" />
</gc-op>
<gc-op id="46" type="classunload" timems="0.001" contextid="42" timestamp="2019-06-17T06:16:21.302">
  <classunload-info classloadercandidates="6" classloadersunloaded="0" classesunloaded="0" anonymousclassesunloaded="0" quiescems="0.000" setupms="0.001" scanms="0.000" postms="0.000" />
</gc-op>
<gc-op id="47" type="sweep" timems="0.346" contextid="42" timestamp="2019-06-17T06:16:21.303" />
<gc-op id="48" type="compact" timems="3.901" contextid="42" timestamp="2019-06-17T06:16:21.307">
  <compact-info movecount="23677" movebytes="1024856" />
  <remembered-set-cleared processed="1076" cleared="1076" durationms="0.044" />
</gc-op>
<gc-end id="49" type="partial gc" contextid="42" durationms="7.281" usertimems="8.000" systemtimems="0.000" timestamp="2019-06-17T06:16:21.307" activeThreads="4">
  <mem-info id="50" free="5242880" total="8388608" percent="62">
    <mem type="eden" free="1072296" total="2097152" percent="51" />
    <remembered-set count="1536" freebytes="328704" totalbytes="334848" percent="98" regionsoverflowed="0" regionsstable="0" regionsrebuilding="0"/>
  </mem-info>
</gc-end>
<cycle-end id="51" type="partial gc" contextid="42" timestamp="2019-06-17T06:16:21.307" />
  <attribute name="elasticGC enabled" value="1" />
  <attribute name= "numThreadsSpecified" value="4" />
  <attribute name="heapSize specified" value="0" />
  <attribute name="Current GC Util" value="24" />
  <attribute name= "Current Time Running" value="4079" />
  <attribute name ="GC Interval" value="0" />
  <attribute name="ProportionalT" value="4.000000" />
  <attribute name="ProportionalI" value="4.000000" />
  <attribute name="ProportionalH" value="4.000000" />
  <attribute name="Current Error" value="4.000000" />
  <attribute name="IntegralT" value="0.000000" />
  <attribute name="IntegralI" value="0.000000" />
  <attribute name="IntegralH" value="0.000000" />
  <attribute name="DerivativeT" value="-inf" />
  <attribute name="DerivativeI" value="-inf" />
  <attribute name="DerivativeH" value="-inf" />
  <attribute name="Loop Time for DT" value="0.000000" />
  <attribute name="Output H" value="2091843584"/>
  <attribute name="Output I" value="200"/>
  <attribute name="Output T" value="4"/>
  <attribute name="Target GC Util Change" value ="20.000000" />
  <attribute name="Current GC Util Change" value="24.000000"/>
  <attribute name="GC Util currently" value="24" />
  <attribute name="CPU Util currently" value="7710805088049" />
<exclusive-end id="52" timestamp="2019-06-17T06:16:21.308" durationms="8.208" />

<exclusive-start id="53" timestamp="2019-06-17T06:16:21.978" intervalms="678.731">
  <response-info timems="0.024" idlems="0.024" threads="0" lastid="0000000002137100" lastname="node-2" />
</exclusive-start>
<allocation-taxation id="54" taxation-threshold="2097152" timestamp="2019-06-17T06:16:21.978" intervalms="678.735" />
<gc-start id="55" type="global mark phase" contextid="31" timestamp="2019-06-17T06:16:21.978">
  <mem-info id="56" free="3145728" total="8388608" percent="37">
    <remembered-set count="1536" freebytes="328704" totalbytes="334848" percent="98" regionsoverflowed="0" regionsstable="0" regionsrebuilding="0"/>
  </mem-info>
</gc-start>
<gc-op id="57" type="mark increment" timems="2.181" contextid="31" timestamp="2019-06-17T06:16:21.981">
  <trace-info objectcount="23675" scancount="20619" scanbytes="737836" />
  <cardclean-info objects="300" bytes="11724" />
  <finalization candidates="13" enqueued="0" />
  <references type="soft" candidates="66" cleared="0" enqueued="0" dynamicThreshold="20" maxThreshold="32" />
  <references type="weak" candidates="143" cleared="0" enqueued="0" />
  <references type="phantom" candidates="59" cleared="2" enqueued="2" />
  <stringconstants candidates="3831" cleared="0"  />
</gc-op>
<gc-op id="58" type="classunload" timems="0.002" contextid="31" timestamp="2019-06-17T06:16:21.981">
  <classunload-info classloadercandidates="6" classloadersunloaded="0" classesunloaded="0" anonymousclassesunloaded="0" quiescems="0.000" setupms="0.002" scanms="0.000" postms="0.000" />
</gc-op>
<gc-end id="59" type="global mark phase" contextid="31" durationms="2.437" usertimems="4.000" systemtimems="0.000" timestamp="2019-06-17T06:16:21.981" activeThreads="4">
  <mem-info id="60" free="3145728" total="8388608" percent="37">
    <pending-finalizers system="0" default="0" reference="2" classloader="0" />
    <remembered-set count="1536" freebytes="328704" totalbytes="334848" percent="98" regionsoverflowed="0" regionsstable="0" regionsrebuilding="0"/>
  </mem-info>
</gc-end>
<cycle-end id="61" type="global mark phase" contextid="31" timestamp="2019-06-17T06:16:21.981" />
  <attribute name="elasticGC enabled" value="1" />
  <attribute name= "numThreadsSpecified" value="4" />
  <attribute name="heapSize specified" value="0" />
  <attribute name="Current GC Util" value="0" />
  <attribute name= "Current Time Running" value="4756" />
  <attribute name ="GC Interval" value="0" />
  <attribute name="ProportionalT" value="-20.000000" />
  <attribute name="ProportionalI" value="-20.000000" />
  <attribute name="ProportionalH" value="-20.000000" />
  <attribute name="Current Error" value="-20.000000" />
  <attribute name="IntegralT" value="-20.000000" />
  <attribute name="IntegralI" value="-20.000000" />
  <attribute name="IntegralH" value="-20.000000" />
  <attribute name="DerivativeT" value="-75.000000" />
  <attribute name="DerivativeI" value="-75.000000" />
  <attribute name="DerivativeH" value="-75.000000" />
  <attribute name="Loop Time for DT" value="1.000000" />
  <attribute name="Output H" value="2091843584"/>
  <attribute name="Output I" value="200"/>
  <attribute name="Output T" value="4"/>
  <attribute name="Target GC Util Change" value ="20.000000" />
  <attribute name="Current GC Util Change" value="0.000000"/>
  <attribute name="GC Util currently" value="0" />
  <attribute name="CPU Util currently" value="4171059466698" />
<exclusive-end id="62" timestamp="2019-06-17T06:16:21.981" durationms="2.842" />

<exclusive-start id="63" timestamp="2019-06-17T06:16:22.606" intervalms="628.210">
  <response-info timems="0.027" idlems="0.027" threads="0" lastid="0000000002137100" lastname="node-2" />
</exclusive-start>
<allocation-taxation id="64" taxation-threshold="2097152" timestamp="2019-06-17T06:16:22.606" intervalms="628.201" />
<cycle-start id="65" type="partial gc" contextid="0" timestamp="2019-06-17T06:16:22.607" intervalms="1306.898" />
<gc-start id="66" type="partial gc" contextid="65" timestamp="2019-06-17T06:16:22.607">
  <mem-info id="67" free="1048576" total="8388608" percent="12">
    <mem type="eden" free="1048216" total="5242880" percent="19" />
    <remembered-set count="1536" freebytes="328704" totalbytes="334848" percent="98" regionsoverflowed="0" regionsstable="0" regionsrebuilding="0"/>
  </mem-info>
</gc-start>
<allocation-stats totalBytes="4193776" >
  <allocated-bytes non-tlh="0" tlh="4193776" arrayletleaf="0"/>
  <largest-consumer threadName="node-0" threadId="000000000213AD00" bytes="745328" />
</allocation-stats>
<gc-op id="68" type="sweep" timems="0.362" contextid="65" timestamp="2019-06-17T06:16:22.607" />
<gc-op id="69" type="copy forward" timems="2.119" contextid="65" timestamp="2019-06-17T06:16:22.610">
  <memory-copied type="eden" objects="18" bytes="312" bytesdiscarded="1456" />
  <memory-copied type="other" objects="0" bytes="0" bytesdiscarded="0" />
  <memory-cardclean objects="204" bytes="7728" />
  <regions eden="2" other="1" />
  <remembered-set-cleared processed="362" cleared="9" durationms="0.048" />
  <stringconstants candidates="3831" cleared="0"  />
</gc-op>
<gc-op id="70" type="classunload" timems="0.002" contextid="65" timestamp="2019-06-17T06:16:22.610">
  <classunload-info classloadercandidates="6" classloadersunloaded="0" classesunloaded="0" anonymousclassesunloaded="0" quiescems="0.000" setupms="0.002" scanms="0.000" postms="0.000" />
</gc-op>
<gc-end id="71" type="partial gc" contextid="65" durationms="3.945" usertimems="4.000" systemtimems="0.000" timestamp="2019-06-17T06:16:22.611" activeThreads="4">
  <mem-info id="72" free="5242880" total="8388608" percent="62">
    <mem type="eden" free="1046808" total="1048576" percent="99" />
    <remembered-set count="1440" freebytes="329088" totalbytes="334848" percent="98" regionsoverflowed="0" regionsstable="0" regionsrebuilding="0"/>
  </mem-info>
</gc-end>
<cycle-end id="73" type="partial gc" contextid="65" timestamp="2019-06-17T06:16:22.611" />
  <attribute name="elasticGC enabled" value="1" />
  <attribute name= "numThreadsSpecified" value="4" />
  <attribute name="heapSize specified" value="0" />
  <attribute name="Current GC Util" value="19" />
  <attribute name= "Current Time Running" value="5384" />
  <attribute name ="GC Interval" value="0" />
  <attribute name="ProportionalT" value="-1.000000" />
  <attribute name="ProportionalI" value="-1.000000" />
  <attribute name="ProportionalH" value="-1.000000" />
  <attribute name="Current Error" value="-1.000000" />
  <attribute name="IntegralT" value="0.000000" />
  <attribute name="IntegralI" value="0.000000" />
  <attribute name="IntegralH" value="0.000000" />
  <attribute name="DerivativeT" value="-inf" />
  <attribute name="DerivativeI" value="-inf" />
  <attribute name="DerivativeH" value="-inf" />
  <attribute name="Loop Time for DT" value="0.000000" />
  <attribute name="Output H" value="2091843584"/>
  <attribute name="Output I" value="200"/>
  <attribute name="Output T" value="4"/>
  <attribute name="Target GC Util Change" value ="20.000000" />
  <attribute name="Current GC Util Change" value="19.000000"/>
  <attribute name="GC Util currently" value="19" />
  <attribute name="CPU Util currently" value="7652307410120" />
<exclusive-end id="74" timestamp="2019-06-17T06:16:22.611" durationms="4.617" />

<exclusive-start id="75" timestamp="2019-06-17T06:16:23.229" intervalms="623.070">
  <response-info timems="0.182" idlems="0.110" threads="1" lastid="0000000002133500" lastname="node-1" />
</exclusive-start>
<allocation-taxation id="76" taxation-threshold="2097152" timestamp="2019-06-17T06:16:23.230" intervalms="623.087" />
<cycle-start id="77" type="global mark phase" contextid="0" timestamp="2019-06-17T06:16:23.230" intervalms="2967.851" />
<gc-start id="78" type="global mark phase" contextid="77" timestamp="2019-06-17T06:16:23.230">
  <mem-info id="79" free="3145728" total="8388608" percent="37">
    <remembered-set count="576" freebytes="332544" totalbytes="334848" percent="99" regionsoverflowed="0" regionsstable="1" regionsrebuilding="0"/>
  </mem-info>
</gc-start>
<gc-op id="80" type="mark increment" timems="0.381" contextid="77" timestamp="2019-06-17T06:16:23.230">
  <trace-info objectcount="155" scancount="0" scanbytes="0" />
</gc-op>
<gc-end id="81" type="global mark phase" contextid="77" durationms="0.566" usertimems="0.000" systemtimems="0.000" timestamp="2019-06-17T06:16:23.230" activeThreads="1">
  <mem-info id="82" free="3145728" total="8388608" percent="37">
    <remembered-set count="576" freebytes="332544" totalbytes="334848" percent="99" regionsoverflowed="0" regionsstable="0" regionsrebuilding="1"/>
  </mem-info>
</gc-end>
<concurrent-start id="83" type="GMP work packet processing" contextid="77" timestamp="2019-06-17T06:16:23.230">
  <concurrent-mark-start scanTarget="18446744073709551615" />
</concurrent-start>
<concurrent-end id="84" type="GMP work packet processing" contextid="77" timestamp="2019-06-17T06:16:23.232">
  <concurrent-mark-end bytesScanned="1181548" reasonForTermination="Completed all work in GC phase" />
</concurrent-end>

<exclusive-end id="85" timestamp="2019-06-17T06:16:23.232" durationms="2.426" />

<exclusive-start id="86" timestamp="2019-06-17T06:16:23.880" intervalms="650.488">
  <response-info timems="0.024" idlems="0.024" threads="0" lastid="0000000002137100" lastname="node-2" />
</exclusive-start>
<allocation-taxation id="87" taxation-threshold="2097152" timestamp="2019-06-17T06:16:23.880" intervalms="650.478" />
<cycle-start id="88" type="partial gc" contextid="0" timestamp="2019-06-17T06:16:23.880" intervalms="1273.578" />
<gc-start id="89" type="partial gc" contextid="88" timestamp="2019-06-17T06:16:23.880">
  <mem-info id="90" free="1048576" total="8388608" percent="12">
    <mem type="eden" free="1046808" total="5242880" percent="19" />
    <remembered-set count="1984" freebytes="326912" totalbytes="334848" percent="97" regionsoverflowed="0" regionsstable="0" regionsrebuilding="1"/>
  </mem-info>
</gc-start>
<allocation-stats totalBytes="4193696" >
  <allocated-bytes non-tlh="0" tlh="4193696" arrayletleaf="0"/>
  <largest-consumer threadName="node-0" threadId="000000000213AD00" bytes="745408" />
</allocation-stats>
<gc-op id="91" type="copy forward" timems="0.557" contextid="88" timestamp="2019-06-17T06:16:23.881">
  <memory-copied type="eden" objects="20" bytes="360" bytesdiscarded="0" />
  <memory-copied type="other" objects="0" bytes="0" bytesdiscarded="0" />
  <memory-cardclean objects="174" bytes="5952" />
  <regions eden="4" other="1" />
  <remembered-set-cleared processed="777" cleared="18" durationms="0.050" />
  <stringconstants candidates="3831" cleared="0"  />
</gc-op>
<gc-op id="92" type="classunload" timems="0.001" contextid="88" timestamp="2019-06-17T06:16:23.881">
  <classunload-info classloadercandidates="6" classloadersunloaded="0" classesunloaded="0" anonymousclassesunloaded="0" quiescems="0.000" setupms="0.001" scanms="0.000" postms="0.000" />
</gc-op>
<gc-op id="93" type="compact" timems="0.740" contextid="88" timestamp="2019-06-17T06:16:23.882">
  <compact-info movecount="0" movebytes="0" />
  <remembered-set-cleared processed="1555" cleared="18" durationms="0.050" />
</gc-op>
<gc-end id="94" type="partial gc" contextid="88" durationms="2.250" usertimems="4.000" systemtimems="0.000" timestamp="2019-06-17T06:16:23.883" activeThreads="4">
  <mem-info id="95" free="5242880" total="8388608" percent="62">
    <mem type="eden" free="1048216" total="1048576" percent="99" />
    <remembered-set count="1472" freebytes="328960" totalbytes="334848" percent="98" regionsoverflowed="0" regionsstable="0" regionsrebuilding="1"/>
  </mem-info>
</gc-end>
<cycle-end id="96" type="partial gc" contextid="88" timestamp="2019-06-17T06:16:23.883" />
  <attribute name="elasticGC enabled" value="1" />
  <attribute name= "numThreadsSpecified" value="4" />
  <attribute name="heapSize specified" value="0" />
  <attribute name="Current GC Util" value="0" />
  <attribute name= "Current Time Running" value="6658" />
  <attribute name ="GC Interval" value="0" />
  <attribute name="ProportionalT" value="-20.000000" />
  <attribute name="ProportionalI" value="-20.000000" />
  <attribute name="ProportionalH" value="-20.000000" />
  <attribute name="Current Error" value="-20.000000" />
  <attribute name="IntegralT" value="-20.000000" />
  <attribute name="IntegralI" value="-20.000000" />
  <attribute name="IntegralH" value="-20.000000" />
  <attribute name="DerivativeT" value="-47.000000" />
  <attribute name="DerivativeI" value="-47.000000" />
  <attribute name="DerivativeH" value="-47.000000" />
  <attribute name="Loop Time for DT" value="1.000000" />
  <attribute name="Output H" value="2091843584"/>
  <attribute name="Output I" value="200"/>
  <attribute name="Output T" value="4"/>
  <attribute name="Target GC Util Change" value ="20.000000" />
  <attribute name="Current GC Util Change" value="0.000000"/>
  <attribute name="GC Util currently" value="0" />
  <attribute name="CPU Util currently" value="5523076483388" />
<exclusive-end id="97" timestamp="2019-06-17T06:16:23.883" durationms="2.859" />

<exclusive-start id="98" timestamp="2019-06-17T06:16:24.496" intervalms="615.973">
  <response-info timems="0.026" idlems="0.026" threads="0" lastid="0000000002133500" lastname="node-1" />
</exclusive-start>
<allocation-taxation id="99" taxation-threshold="2097152" timestamp="2019-06-17T06:16:24.496" intervalms="615.973" />
<gc-start id="100" type="global mark phase" contextid="77" timestamp="2019-06-17T06:16:24.496">
  <mem-info id="101" free="3145728" total="8388608" percent="37">
    <remembered-set count="1472" freebytes="328960" totalbytes="334848" percent="98" regionsoverflowed="0" regionsstable="0" regionsrebuilding="1"/>
  </mem-info>
</gc-start>
<gc-op id="102" type="mark increment" timems="0.715" contextid="77" timestamp="2019-06-17T06:16:24.497">
  <trace-info objectcount="20" scancount="20" scanbytes="360" />
  <cardclean-info objects="191" bytes="6216" />
  <finalization candidates="13" enqueued="0" />
  <references type="soft" candidates="66" cleared="0" enqueued="0" dynamicThreshold="20" maxThreshold="32" />
  <references type="weak" candidates="143" cleared="0" enqueued="0" />
  <references type="phantom" candidates="57" cleared="0" enqueued="0" />
  <stringconstants candidates="3831" cleared="0"  />
</gc-op>
<gc-op id="103" type="classunload" timems="0.002" contextid="77" timestamp="2019-06-17T06:16:24.497">
  <classunload-info classloadercandidates="6" classloadersunloaded="0" classesunloaded="0" anonymousclassesunloaded="0" quiescems="0.000" setupms="0.002" scanms="0.000" postms="0.000" />
</gc-op>
<gc-end id="104" type="global mark phase" contextid="77" durationms="1.016" usertimems="4.000" systemtimems="0.000" timestamp="2019-06-17T06:16:24.497" activeThreads="1">
  <mem-info id="105" free="3145728" total="8388608" percent="37">
    <remembered-set count="1472" freebytes="328960" totalbytes="334848" percent="98" regionsoverflowed="0" regionsstable="0" regionsrebuilding="0"/>
  </mem-info>
</gc-end>
<cycle-end id="106" type="global mark phase" contextid="77" timestamp="2019-06-17T06:16:24.497" />
  <attribute name="elasticGC enabled" value="1" />
  <attribute name= "numThreadsSpecified" value="1" />
  <attribute name="heapSize specified" value="0" />
  <attribute name="Current GC Util" value="96" />
  <attribute name= "Current Time Running" value="7273" />
  <attribute name ="GC Interval" value="0" />
  <attribute name="ProportionalT" value="76.000000" />
  <attribute name="ProportionalI" value="76.000000" />
  <attribute name="ProportionalH" value="76.000000" />
  <attribute name="Current Error" value="76.000000" />
  <attribute name="IntegralT" value="0.000000" />
  <attribute name="IntegralI" value="0.000000" />
  <attribute name="IntegralH" value="0.000000" />
  <attribute name="DerivativeT" value="inf" />
  <attribute name="DerivativeI" value="inf" />
  <attribute name="DerivativeH" value="inf" />
  <attribute name="Loop Time for DT" value="0.000000" />
  <attribute name="Output H" value="8388608"/>
  <attribute name="Output I" value="200"/>
  <attribute name="Output T" value="1"/>
  <attribute name="Target GC Util Change" value ="20.000000" />
  <attribute name="Current GC Util Change" value="96.000000"/>
  <attribute name="GC Util currently" value="96" />
  <attribute name="CPU Util currently" value="33404943119401" />
<exclusive-end id="107" timestamp="2019-06-17T06:16:24.497" durationms="1.497" />

<exclusive-start id="108" timestamp="2019-06-17T06:16:25.118" intervalms="621.994">
  <response-info timems="0.026" idlems="0.026" threads="0" lastid="0000000002137100" lastname="node-2" />
</exclusive-start>
<allocation-taxation id="109" taxation-threshold="2097152" timestamp="2019-06-17T06:16:25.118" intervalms="621.990" />
<cycle-start id="110" type="partial gc" contextid="0" timestamp="2019-06-17T06:16:25.118" intervalms="1238.026" />
<gc-start id="111" type="partial gc" contextid="110" timestamp="2019-06-17T06:16:25.118">
  <mem-info id="112" free="1048576" total="8388608" percent="12">
    <mem type="eden" free="1048216" total="5242880" percent="19" />
    <remembered-set count="640" freebytes="332288" totalbytes="334848" percent="99" regionsoverflowed="0" regionsstable="1" regionsrebuilding="0"/>
  </mem-info>
</gc-start>
<allocation-stats totalBytes="4193136" >
  <allocated-bytes non-tlh="0" tlh="4193136" arrayletleaf="0"/>
  <largest-consumer threadName="node-1" threadId="0000000002133500" bytes="761808" />
</allocation-stats>
<gc-op id="113" type="sweep" timems="0.392" contextid="110" timestamp="2019-06-17T06:16:25.119" />
<gc-op id="114" type="copy forward" timems="0.493" contextid="110" timestamp="2019-06-17T06:16:25.120">
  <memory-copied type="eden" objects="18" bytes="312" bytesdiscarded="0" />
  <memory-copied type="other" objects="0" bytes="0" bytesdiscarded="0" />
  <memory-cardclean objects="174" bytes="5952" />
  <regions eden="2" other="1" />
  <remembered-set-cleared processed="29" cleared="1" durationms="0.045" />
  <stringconstants candidates="3831" cleared="0"  />
</gc-op>
<gc-op id="115" type="classunload" timems="0.002" contextid="110" timestamp="2019-06-17T06:16:25.120">
  <classunload-info classloadercandidates="6" classloadersunloaded="0" classesunloaded="0" anonymousclassesunloaded="0" quiescems="0.000" setupms="0.002" scanms="0.000" postms="0.000" />
</gc-op>
<gc-op id="116" type="compact" timems="0.905" contextid="110" timestamp="2019-06-17T06:16:25.121">
  <compact-info movecount="0" movebytes="0" />
  <remembered-set-cleared processed="68" cleared="1" durationms="0.045" />
</gc-op>
<gc-end id="117" type="partial gc" contextid="110" durationms="3.284" usertimems="0.000" systemtimems="0.000" timestamp="2019-06-17T06:16:25.122" activeThreads="4">
  <mem-info id="118" free="5242880" total="8388608" percent="62">
    <mem type="eden" free="1048264" total="1048576" percent="99" />
    <remembered-set count="160" freebytes="334208" totalbytes="334848" percent="99" regionsoverflowed="0" regionsstable="1" regionsrebuilding="0"/>
  </mem-info>
</gc-end>
<cycle-end id="119" type="partial gc" contextid="110" timestamp="2019-06-17T06:16:25.122" />
  <attribute name="elasticGC enabled" value="1" />
  <attribute name= "numThreadsSpecified" value="4" />
  <attribute name="heapSize specified" value="0" />
  <attribute name="Current GC Util" value="0" />
  <attribute name= "Current Time Running" value="7897" />
  <attribute name ="GC Interval" value="0" />
  <attribute name="ProportionalT" value="-20.000000" />
  <attribute name="ProportionalI" value="-20.000000" />
  <attribute name="ProportionalH" value="-20.000000" />
  <attribute name="Current Error" value="-20.000000" />
  <attribute name="IntegralT" value="-20.000000" />
  <attribute name="IntegralI" value="-20.000000" />
  <attribute name="IntegralH" value="-20.000000" />
  <attribute name="DerivativeT" value="-43.000000" />
  <attribute name="DerivativeI" value="-43.000000" />
  <attribute name="DerivativeH" value="-43.000000" />
  <attribute name="Loop Time for DT" value="1.000000" />
  <attribute name="Output H" value="2091843584"/>
  <attribute name="Output I" value="200"/>
  <attribute name="Output T" value="4"/>
  <attribute name="Target GC Util Change" value ="20.000000" />
  <attribute name="Current GC Util Change" value="0.000000"/>
  <attribute name="GC Util currently" value="0" />
  <attribute name="CPU Util currently" value="5431929028380" />
<exclusive-end id="120" timestamp="2019-06-17T06:16:25.122" durationms="4.108" />

<exclusive-start id="121" timestamp="2019-06-17T06:16:25.779" intervalms="661.301">
  <response-info timems="0.024" idlems="0.024" threads="0" lastid="0000000002133500" lastname="node-1" />
</exclusive-start>
<allocation-taxation id="122" taxation-threshold="2097152" timestamp="2019-06-17T06:16:25.779" intervalms="661.306" />
<cycle-start id="123" type="global mark phase" contextid="0" timestamp="2019-06-17T06:16:25.779" intervalms="2549.706" />
<gc-start id="124" type="global mark phase" contextid="123" timestamp="2019-06-17T06:16:25.779">
  <mem-info id="125" free="3145728" total="8388608" percent="37">
    <remembered-set count="160" freebytes="334208" totalbytes="334848" percent="99" regionsoverflowed="0" regionsstable="1" regionsrebuilding="0"/>
  </mem-info>
</gc-start>
<gc-op id="126" type="mark increment" timems="0.374" contextid="123" timestamp="2019-06-17T06:16:25.780">
  <trace-info objectcount="139" scancount="0" scanbytes="0" />
</gc-op>
<gc-end id="127" type="global mark phase" contextid="123" durationms="0.484" usertimems="0.000" systemtimems="0.000" timestamp="2019-06-17T06:16:25.780" activeThreads="1">
  <mem-info id="128" free="3145728" total="8388608" percent="37">
    <remembered-set count="160" freebytes="334208" totalbytes="334848" percent="99" regionsoverflowed="0" regionsstable="0" regionsrebuilding="1"/>
  </mem-info>
</gc-end>
<concurrent-start id="129" type="GMP work packet processing" contextid="123" timestamp="2019-06-17T06:16:25.780">
  <concurrent-mark-start scanTarget="18446744073709551615" />
</concurrent-start>
<exclusive-end id="130" timestamp="2019-06-17T06:16:25.781" durationms="2.164" />

<concurrent-end id="131" type="GMP work packet processing" contextid="123" timestamp="2019-06-17T06:16:25.781">
  <concurrent-mark-end bytesScanned="1181444" reasonForTermination="Completed all work in GC phase" />
</concurrent-end>

<exclusive-start id="132" timestamp="2019-06-17T06:16:26.415" intervalms="635.484">
  <response-info timems="0.054" idlems="0.054" threads="0" lastid="000000000213AD00" lastname="node-0" />
</exclusive-start>
<allocation-taxation id="133" taxation-threshold="2097152" timestamp="2019-06-17T06:16:26.415" intervalms="635.526" />
<cycle-start id="134" type="partial gc" contextid="0" timestamp="2019-06-17T06:16:26.415" intervalms="1296.833" />
<gc-start id="135" type="partial gc" contextid="134" timestamp="2019-06-17T06:16:26.415">
  <mem-info id="136" free="1048576" total="8388608" percent="12">
    <mem type="eden" free="1048264" total="5242880" percent="19" />
    <remembered-set count="1664" freebytes="328192" totalbytes="334848" percent="98" regionsoverflowed="0" regionsstable="0" regionsrebuilding="1"/>
  </mem-info>
</gc-start>
<allocation-stats totalBytes="4193656" >
  <allocated-bytes non-tlh="0" tlh="4193656" arrayletleaf="0"/>
  <largest-consumer threadName="node-1" threadId="0000000002133500" bytes="769984" />
</allocation-stats>
<gc-op id="137" type="copy forward" timems="0.579" contextid="134" timestamp="2019-06-17T06:16:26.416">
  <memory-copied type="eden" objects="19" bytes="336" bytesdiscarded="0" />
  <memory-copied type="other" objects="0" bytes="0" bytesdiscarded="0" />
  <memory-cardclean objects="174" bytes="5952" />
  <regions eden="4" other="1" />
  <remembered-set-cleared processed="773" cleared="16" durationms="0.052" />
  <stringconstants candidates="3831" cleared="0"  />
</gc-op>
<gc-op id="138" type="classunload" timems="0.001" contextid="134" timestamp="2019-06-17T06:16:26.417">
  <classunload-info classloadercandidates="6" classloadersunloaded="0" classesunloaded="0" anonymousclassesunloaded="0" quiescems="0.000" setupms="0.001" scanms="0.000" postms="0.000" />
</gc-op>
<gc-op id="139" type="compact" timems="0.691" contextid="134" timestamp="2019-06-17T06:16:26.417">
  <compact-info movecount="0" movebytes="0" />
  <remembered-set-cleared processed="1548" cleared="16" durationms="0.052" />
</gc-op>
<gc-end id="140" type="partial gc" contextid="134" durationms="2.526" usertimems="0.000" systemtimems="0.000" timestamp="2019-06-17T06:16:26.418" activeThreads="4">
  <mem-info id="141" free="5242880" total="8388608" percent="62">
    <mem type="eden" free="1048240" total="1048576" percent="99" />
    <remembered-set count="928" freebytes="331136" totalbytes="334848" percent="98" regionsoverflowed="0" regionsstable="0" regionsrebuilding="1"/>
  </mem-info>
</gc-end>
<cycle-end id="142" type="partial gc" contextid="134" timestamp="2019-06-17T06:16:26.418" />
  <attribute name="elasticGC enabled" value="1" />
  <attribute name= "numThreadsSpecified" value="4" />
  <attribute name="heapSize specified" value="0" />
  <attribute name="Current GC Util" value="0" />
  <attribute name= "Current Time Running" value="9193" />
  <attribute name ="GC Interval" value="0" />
  <attribute name="ProportionalT" value="-20.000000" />
  <attribute name="ProportionalI" value="-20.000000" />
  <attribute name="ProportionalH" value="-20.000000" />
  <attribute name="Current Error" value="-20.000000" />
  <attribute name="IntegralT" value="-20.000000" />
  <attribute name="IntegralI" value="-20.000000" />
  <attribute name="IntegralH" value="-20.000000" />
  <attribute name="DerivativeT" value="-49.000000" />
  <attribute name="DerivativeI" value="-49.000000" />
  <attribute name="DerivativeH" value="-49.000000" />
  <attribute name="Loop Time for DT" value="1.000000" />
  <attribute name="Output H" value="2091843584"/>
  <attribute name="Output I" value="200"/>
  <attribute name="Output T" value="4"/>
  <attribute name="Target GC Util Change" value ="20.000000" />
  <attribute name="Current GC Util Change" value="0.000000"/>
  <attribute name="GC Util currently" value="0" />
  <attribute name="CPU Util currently" value="4880333749140" />
<exclusive-end id="143" timestamp="2019-06-17T06:16:26.418" durationms="3.410" />

</verbosegc>

