<?xml version="1.0" ?>

<verbosegc xmlns="http://www.ibm.com/j9/verbosegc" version="10b4217_CMPRSS">

<initialized id="1" timestamp="2019-06-17T06:14:54.152">
  <attribute name="gcPolicy" value="-Xgcpolicy:balanced" />
  <attribute name="elasticGC enabled" value="1" />
  <attribute name= "numThreadsSpecified" value="0" />
  <attribute name="heapSize specified" value="0" />
  <attribute name="Current GC Util" value="0" />
  <attribute name= "Current Time Running" value="0" />
  <attribute name ="GC Interval" value="0" />
  <attribute name="ProportionalT" value="0.000000" />
  <attribute name="ProportionalI" value="0.000000" />
  <attribute name="ProportionalH" value="0.000000" />
  <attribute name="IntegralT" value="0.000000" />
  <attribute name="IntegralI" value="0.000000" />
  <attribute name="IntegralH" value="0.000000" />
  <attribute name="DerivativeT" value="0.000000" />
  <attribute name="DerivativeI" value="0.000000" />
  <attribute name="DerivativeH" value="0.000000" />
  <attribute name="Target GC Util Change" value ="0.000000" />
  <attribute name="Current GC Util Change" value="0.000000"/>
  <attribute name="Current Error" value="0.000000" />
  <attribute name="Loop Time for DT" value="0.000000" />
  <attribute name="Output H" value="0"/>
  <attribute name="Output I" value="0"/>
  <attribute name="Output T" value="0"/>
  <attribute name="GC Util currently" value="0" />
  <attribute name="CPU Util currently" value="0" />
  <attribute name="maxHeapSize" value="0x7cb00000" />
  <attribute name="initialHeapSize" value="0x800000" />
  <attribute name="compressedRefs" value="true" />
  <attribute name="compressedRefsDisplacement" value="0x0" />
  <attribute name="compressedRefsShift" value="0x0" />
  <attribute name="pageSize" value="0x1000" />
  <attribute name="pageType" value="not used" />
  <attribute name="requestedPageSize" value="0x1000" />
  <attribute name="requestedPageType" value="not used" />
  <attribute name="gcthreads" value="4" />
  <attribute name="packetListSplit" value="4" />
  <attribute name="cacheListSplit" value="4" />
  <attribute name="splitFreeListSplitAmount" value="1" />
  <attribute name="numaNodes" value="0" />
  <region>
    <attribute name="regionSize" value="1048576" />
    <attribute name="regionCount" value="1995" />
    <attribute name="arrayletLeafSize" value="1048576" />
  </region>
  <system>
    <attribute name="physicalMemory" value="8370962432" />
    <attribute name="numCPUs" value="4" />
    <attribute name="architecture" value="amd64" />
    <attribute name="os" value="Linux" />
    <attribute name="osVersion" value="4.4.0-148-generic" />
  </system>
  <vmargs>
    <vmarg name="-Xoptionsfile=/vagrant/jdk/lib/options.default" />
    <vmarg name="-Xlockword:mode=default,noLockword=java/lang/String,noLockword=java/util/MapEntry,noLockword=java/util/HashMap$Entry,noLockword..." />
    <vmarg name="-Xjcl:jclse29" />
    <vmarg name="-Dcom.ibm.oti.vm.bootstrap.library.path=/vagrant/jdk/lib/compressedrefs:/vagrant/jdk/lib" />
    <vmarg name="-Dsun.boot.library.path=/vagrant/jdk/lib/compressedrefs:/vagrant/jdk/lib" />
    <vmarg name="-Djava.library.path=/vagrant/jdk/lib/compressedrefs:/vagrant/jdk/lib:/usr/lib64:/usr/lib" />
    <vmarg name="-Djava.home=/vagrant/jdk" />
    <vmarg name="-Duser.dir=/vagrant" />
    <vmarg name="-Xgcpolicy:balanced" />
    <vmarg name="-Xgcelastic" />
    <vmarg name="-Xcheck:gc:::elasticGC" />
    <vmarg name="-verbose:gc" />
    <vmarg name="-Xloggc:small-Balanced-jdk-1-1-1-verbose2avrora.txt" />
    <vmarg name="-Djava.class.path=dacapo-9.12-MR1-bach.jar" />
    <vmarg name="-Dsun.java.command=dacapo-9.12-MR1-bach.jar avrora --size=small" />
    <vmarg name="-Dsun.java.launcher=SUN_STANDARD" />
    <vmarg name="-Dsun.java.launcher.pid=16733" />
  </vmargs>
</initialized>

<exclusive-start id="2" timestamp="2019-06-17T06:14:54.923" intervalms="771.290">
  <response-info timems="0.035" idlems="0.035" threads="0" lastid="00000000018E1700" lastname="main" />
</exclusive-start>
<sys-start reason="explicit" id="3" timestamp="2019-06-17T06:14:54.923" intervalms="771.488" />
<cycle-start id="4" type="global garbage collect" contextid="0" timestamp="2019-06-17T06:14:54.923" intervalms="771.796" />
<gc-start id="5" type="global garbage collect" contextid="4" timestamp="2019-06-17T06:14:54.924">
  <mem-info id="6" free="1662824" total="8388608" percent="19">
    <mem type="eden" free="614328" total="7340032" percent="8" />
    <remembered-set count="0" freebytes="334848" totalbytes="334848" percent="100" regionsoverflowed="0" regionsstable="0" regionsrebuilding="0"/>
  </mem-info>
</gc-start>
<allocation-stats totalBytes="6655816" >
  <allocated-bytes non-tlh="529728" tlh="6126088" arrayletleaf="0"/>
  <largest-consumer threadName="main" threadId="00000000018E1700" bytes="6579248" />
</allocation-stats>
<gc-op id="7" type="global mark" timems="3.392" contextid="4" timestamp="2019-06-17T06:14:54.928">
  <trace-info objectcount="17849" scancount="14128" scanbytes="463976" />
  <finalization candidates="14" enqueued="1" />
  <references type="soft" candidates="66" cleared="0" enqueued="0" dynamicThreshold="32" maxThreshold="32" />
  <references type="weak" candidates="553" cleared="411" enqueued="372" />
  <references type="phantom" candidates="99" cleared="41" enqueued="41" />
  <stringconstants candidates="2456" cleared="0"  />
</gc-op>
<gc-op id="8" type="classunload" timems="0.207" contextid="4" timestamp="2019-06-17T06:14:54.928">
  <classunload-info classloadercandidates="6" classloadersunloaded="0" classesunloaded="0" anonymousclassesunloaded="0" quiescems="0.000" setupms="0.207" scanms="0.000" postms="0.000" />
</gc-op>
<gc-op id="9" type="sweep" timems="0.590" contextid="4" timestamp="2019-06-17T06:14:54.930" />
<gc-op id="10" type="compact" timems="4.854" contextid="4" timestamp="2019-06-17T06:14:54.935">
  <compact-info movecount="17842" movebytes="855368" />
  <remembered-set-cleared processed="1065" cleared="1065" durationms="0.136" />
</gc-op>
<gc-end id="11" type="global garbage collect" contextid="4" durationms="11.326" usertimems="4.000" systemtimems="8.000" timestamp="2019-06-17T06:14:54.935" activeThreads="4">
  <mem-info id="12" free="7340032" total="8388608" percent="87">
    <pending-finalizers system="1" default="0" reference="413" classloader="0" />
    <remembered-set count="0" freebytes="334848" totalbytes="334848" percent="100" regionsoverflowed="0" regionsstable="0" regionsrebuilding="0"/>
  </mem-info>
</gc-end>
<cycle-end id="13" type="global garbage collect" contextid="4" timestamp="2019-06-17T06:14:54.936" />
  <attribute name="elasticGC enabled" value="1" />
  <attribute name= "numThreadsSpecified" value="4" />
  <attribute name="heapSize specified" value="0" />
  <attribute name="Current GC Util" value="32" />
  <attribute name= "Current Time Running" value="655" />
  <attribute name ="GC Interval" value="0" />
  <attribute name="ProportionalT" value="12.000000" />
  <attribute name="ProportionalI" value="12.000000" />
  <attribute name="ProportionalH" value="12.000000" />
  <attribute name="Current Error" value="12.000000" />
  <attribute name="IntegralT" value="-12780.000000" />
  <attribute name="IntegralI" value="-12780.000000" />
  <attribute name="IntegralH" value="-12780.000000" />
  <attribute name="DerivativeT" value="-40.000000" />
  <attribute name="DerivativeI" value="-40.000000" />
  <attribute name="DerivativeH" value="-40.000000" />
  <attribute name="Loop Time for DT" value="1.000000" />
  <attribute name="Output H" value="2091843584"/>
  <attribute name="Output I" value="200"/>
  <attribute name="Output T" value="4"/>
  <attribute name="Target GC Util Change" value ="20.000000" />
  <attribute name="Current GC Util Change" value="32.000000"/>
  <attribute name="GC Util currently" value="32" />
  <attribute name="CPU Util currently" value="5000353494777" />
<sys-end id="14" timestamp="2019-06-17T06:14:54.936" />
<exclusive-end id="15" timestamp="2019-06-17T06:14:54.936" durationms="12.965" />

<exclusive-start id="16" timestamp="2019-06-17T06:14:55.895" intervalms="971.994">
  <response-info timems="0.029" idlems="0.029" threads="0" lastid="0000000001B97500" lastname="node-1" />
</exclusive-start>
<allocation-taxation id="17" taxation-threshold="7340032" timestamp="2019-06-17T06:14:55.895" intervalms="1743.432" />
<cycle-start id="18" type="partial gc" contextid="0" timestamp="2019-06-17T06:14:55.895" intervalms="1743.738" />
<gc-start id="19" type="partial gc" contextid="18" timestamp="2019-06-17T06:14:55.896">
  <mem-info id="20" free="0" total="8388608" percent="0">
    <mem type="eden" free="0" total="7340032" percent="0" />
    <remembered-set count="0" freebytes="334848" totalbytes="334848" percent="100" regionsoverflowed="0" regionsstable="0" regionsrebuilding="0"/>
  </mem-info>
</gc-start>
<allocation-stats totalBytes="7330032" >
  <allocated-bytes non-tlh="172800" tlh="7157232" arrayletleaf="0"/>
  <largest-consumer threadName="main" threadId="00000000018E1700" bytes="6149688" />
</allocation-stats>
<gc-op id="21" type="mark" timems="3.557" contextid="18" timestamp="2019-06-17T06:14:55.900">
  <trace-info objectcount="23848" scancount="20751" scanbytes="741076" />
  <cardclean-info objects="1148" bytes="39692" />
  <remembered-set-cleared processed="0" cleared="0" durationms="0.098" />
  <references type="weak" candidates="45" cleared="44" enqueued="44" />
  <references type="phantom" candidates="4" cleared="2" enqueued="2" />
  <stringconstants candidates="3831" cleared="0"  />
  <warning details="Mark invoked due to insufficient free space for Copy-Forward" />
</gc-op>
<gc-op id="22" type="classunload" timems="0.001" contextid="18" timestamp="2019-06-17T06:14:55.900">
  <classunload-info classloadercandidates="6" classloadersunloaded="0" classesunloaded="0" anonymousclassesunloaded="0" quiescems="0.000" setupms="0.001" scanms="0.000" postms="0.000" />
</gc-op>
<gc-op id="23" type="sweep" timems="0.342" contextid="18" timestamp="2019-06-17T06:14:55.901" />
<gc-op id="24" type="compact" timems="3.676" contextid="18" timestamp="2019-06-17T06:14:55.905">
  <compact-info movecount="23800" movebytes="1027744" />
  <remembered-set-cleared processed="802" cleared="802" durationms="0.098" />
</gc-op>
<gc-end id="25" type="partial gc" contextid="18" durationms="10.003" usertimems="4.000" systemtimems="4.000" timestamp="2019-06-17T06:14:55.906" activeThreads="4">
  <mem-info id="26" free="6291456" total="8388608" percent="75">
    <mem type="eden" free="18400" total="1048576" percent="1" />
    <pending-finalizers system="0" default="0" reference="46" classloader="0" />
    <remembered-set count="1536" freebytes="328704" totalbytes="334848" percent="98" regionsoverflowed="0" regionsstable="0" regionsrebuilding="0"/>
  </mem-info>
</gc-end>
<cycle-end id="27" type="partial gc" contextid="18" timestamp="2019-06-17T06:14:55.906" />
  <attribute name="elasticGC enabled" value="1" />
  <attribute name= "numThreadsSpecified" value="4" />
  <attribute name="heapSize specified" value="0" />
  <attribute name="Current GC Util" value="11" />
  <attribute name= "Current Time Running" value="1627" />
  <attribute name ="GC Interval" value="0" />
  <attribute name="ProportionalT" value="-9.000000" />
  <attribute name="ProportionalI" value="-9.000000" />
  <attribute name="ProportionalH" value="-9.000000" />
  <attribute name="Current Error" value="-9.000000" />
  <attribute name="IntegralT" value="-9.000000" />
  <attribute name="IntegralI" value="-9.000000" />
  <attribute name="IntegralH" value="-9.000000" />
  <attribute name="DerivativeT" value="-66.000000" />
  <attribute name="DerivativeI" value="-66.000000" />
  <attribute name="DerivativeH" value="-66.000000" />
  <attribute name="Loop Time for DT" value="1.000000" />
  <attribute name="Output H" value="2091843584"/>
  <attribute name="Output I" value="200"/>
  <attribute name="Output T" value="4"/>
  <attribute name="Target GC Util Change" value ="20.000000" />
  <attribute name="Current GC Util Change" value="11.000000"/>
  <attribute name="GC Util currently" value="11" />
  <attribute name="CPU Util currently" value="5801497796813" />
<exclusive-end id="28" timestamp="2019-06-17T06:14:55.906" durationms="11.061" />

<exclusive-start id="29" timestamp="2019-06-17T06:14:56.952" intervalms="1056.631">
  <response-info timems="0.038" idlems="0.038" threads="0" lastid="0000000001B9B100" lastname="node-0" />
</exclusive-start>
<allocation-taxation id="30" taxation-threshold="3145728" timestamp="2019-06-17T06:14:56.952" intervalms="1056.625" />
<cycle-start id="31" type="global mark phase" contextid="0" timestamp="2019-06-17T06:14:56.952" intervalms="2800.162" />
<gc-start id="32" type="global mark phase" contextid="31" timestamp="2019-06-17T06:14:56.952">
  <mem-info id="33" free="3145728" total="8388608" percent="37">
    <remembered-set count="1536" freebytes="328704" totalbytes="334848" percent="98" regionsoverflowed="0" regionsstable="0" regionsrebuilding="0"/>
  </mem-info>
</gc-start>
<gc-op id="34" type="mark increment" timems="0.591" contextid="31" timestamp="2019-06-17T06:14:56.953">
  <trace-info objectcount="139" scancount="0" scanbytes="0" />
</gc-op>
<gc-end id="35" type="global mark phase" contextid="31" durationms="0.739" usertimems="0.000" systemtimems="0.000" timestamp="2019-06-17T06:14:56.953" activeThreads="1">
  <mem-info id="36" free="3145728" total="8388608" percent="37">
    <remembered-set count="1536" freebytes="328704" totalbytes="334848" percent="98" regionsoverflowed="0" regionsstable="0" regionsrebuilding="0"/>
  </mem-info>
</gc-end>
<concurrent-start id="37" type="GMP work packet processing" contextid="31" timestamp="2019-06-17T06:14:56.953">
  <concurrent-mark-start scanTarget="18446744073709551615" />
</concurrent-start>
<exclusive-end id="38" timestamp="2019-06-17T06:14:56.953" durationms="1.370" />

<concurrent-end id="39" type="GMP work packet processing" contextid="31" timestamp="2019-06-17T06:14:56.955">
  <concurrent-mark-end bytesScanned="1181420" reasonForTermination="Completed all work in GC phase" />
</concurrent-end>

<exclusive-start id="40" timestamp="2019-06-17T06:14:57.989" intervalms="1037.198">
  <response-info timems="0.026" idlems="0.026" threads="0" lastid="0000000001B97500" lastname="node-1" />
</exclusive-start>
<allocation-taxation id="41" taxation-threshold="3145728" timestamp="2019-06-17T06:14:57.989" intervalms="1037.179" />
<cycle-start id="42" type="partial gc" contextid="0" timestamp="2019-06-17T06:14:57.989" intervalms="2093.632" />
<gc-start id="43" type="partial gc" contextid="42" timestamp="2019-06-17T06:14:57.989">
  <mem-info id="44" free="0" total="8388608" percent="0">
    <mem type="eden" free="0" total="6291456" percent="0" />
    <remembered-set count="1536" freebytes="328704" totalbytes="334848" percent="98" regionsoverflowed="0" regionsstable="0" regionsrebuilding="0"/>
  </mem-info>
</gc-start>
<allocation-stats totalBytes="6290000" >
  <allocated-bytes non-tlh="0" tlh="6290000" arrayletleaf="0"/>
  <largest-consumer threadName="node-0" threadId="0000000001B9B100" bytes="1085136" />
</allocation-stats>
<gc-op id="45" type="mark" timems="1.668" contextid="42" timestamp="2019-06-17T06:14:57.991">
  <trace-info objectcount="23677" scancount="20621" scanbytes="737884" />
  <cardclean-info objects="61" bytes="4356" />
  <remembered-set-cleared processed="349" cleared="349" durationms="0.052" />
  <references type="weak" candidates="1" cleared="0" enqueued="0" />
  <references type="phantom" candidates="2" cleared="0" enqueued="0" />
  <stringconstants candidates="3831" cleared="0"  />
  <warning details="Mark invoked due to insufficient free space for Copy-Forward" />
</gc-op>
<gc-op id="46" type="classunload" timems="0.001" contextid="42" timestamp="2019-06-17T06:14:57.992">
  <classunload-info classloadercandidates="6" classloadersunloaded="0" classesunloaded="0" anonymousclassesunloaded="0" quiescems="0.000" setupms="0.001" scanms="0.000" postms="0.000" />
</gc-op>
<gc-op id="47" type="sweep" timems="0.425" contextid="42" timestamp="2019-06-17T06:14:57.992" />
<gc-op id="48" type="compact" timems="3.776" contextid="42" timestamp="2019-06-17T06:14:57.996">
  <compact-info movecount="19053" movebytes="755208" />
  <remembered-set-cleared processed="1106" cleared="1106" durationms="0.052" />
</gc-op>
<gc-end id="49" type="partial gc" contextid="42" durationms="7.057" usertimems="4.000" systemtimems="0.000" timestamp="2019-06-17T06:14:57.996" activeThreads="4">
  <mem-info id="50" free="5242880" total="8388608" percent="62">
    <mem type="eden" free="1048216" total="1048576" percent="99" />
    <remembered-set count="1536" freebytes="328704" totalbytes="334848" percent="98" regionsoverflowed="0" regionsstable="0" regionsrebuilding="0"/>
  </mem-info>
</gc-end>
<cycle-end id="51" type="partial gc" contextid="42" timestamp="2019-06-17T06:14:57.996" />
  <attribute name="elasticGC enabled" value="1" />
  <attribute name= "numThreadsSpecified" value="4" />
  <attribute name="heapSize specified" value="0" />
  <attribute name="Current GC Util" value="26" />
  <attribute name= "Current Time Running" value="3718" />
  <attribute name ="GC Interval" value="0" />
  <attribute name="ProportionalT" value="6.000000" />
  <attribute name="ProportionalI" value="6.000000" />
  <attribute name="ProportionalH" value="6.000000" />
  <attribute name="Current Error" value="6.000000" />
  <attribute name="IntegralT" value="6.000000" />
  <attribute name="IntegralI" value="6.000000" />
  <attribute name="IntegralH" value="6.000000" />
  <attribute name="DerivativeT" value="6.000000" />
  <attribute name="DerivativeI" value="6.000000" />
  <attribute name="DerivativeH" value="6.000000" />
  <attribute name="Loop Time for DT" value="1.000000" />
  <attribute name="Output H" value="8388608"/>
  <attribute name="Output I" value="200"/>
  <attribute name="Output T" value="4"/>
  <attribute name="Target GC Util Change" value ="20.000000" />
  <attribute name="Current GC Util Change" value="26.000000"/>
  <attribute name="GC Util currently" value="26" />
  <attribute name="CPU Util currently" value="7311745438108" />
<exclusive-end id="52" timestamp="2019-06-17T06:14:57.997" durationms="7.880" />

<exclusive-start id="53" timestamp="2019-06-17T06:14:58.648" intervalms="658.718">
  <response-info timems="0.030" idlems="0.030" threads="0" lastid="0000000001B9ED00" lastname="node-2" />
</exclusive-start>
<allocation-taxation id="54" taxation-threshold="2097152" timestamp="2019-06-17T06:14:58.648" intervalms="658.692" />
<gc-start id="55" type="global mark phase" contextid="31" timestamp="2019-06-17T06:14:58.648">
  <mem-info id="56" free="3145728" total="8388608" percent="37">
    <remembered-set count="1536" freebytes="328704" totalbytes="334848" percent="98" regionsoverflowed="0" regionsstable="0" regionsrebuilding="0"/>
  </mem-info>
</gc-start>
<gc-op id="57" type="mark increment" timems="1.333" contextid="31" timestamp="2019-06-17T06:14:58.649">
  <trace-info objectcount="23676" scancount="20620" scanbytes="737860" />
  <cardclean-info objects="309" bytes="11948" />
  <finalization candidates="13" enqueued="0" />
  <references type="soft" candidates="66" cleared="0" enqueued="0" dynamicThreshold="20" maxThreshold="32" />
  <references type="weak" candidates="143" cleared="0" enqueued="0" />
  <references type="phantom" candidates="59" cleared="2" enqueued="2" />
  <stringconstants candidates="3831" cleared="0"  />
</gc-op>
<gc-op id="58" type="classunload" timems="0.002" contextid="31" timestamp="2019-06-17T06:14:58.649">
  <classunload-info classloadercandidates="6" classloadersunloaded="0" classesunloaded="0" anonymousclassesunloaded="0" quiescems="0.000" setupms="0.002" scanms="0.000" postms="0.000" />
</gc-op>
<gc-end id="59" type="global mark phase" contextid="31" durationms="1.713" usertimems="0.000" systemtimems="0.000" timestamp="2019-06-17T06:14:58.649" activeThreads="1">
  <mem-info id="60" free="3145728" total="8388608" percent="37">
    <pending-finalizers system="0" default="0" reference="2" classloader="0" />
    <remembered-set count="1536" freebytes="328704" totalbytes="334848" percent="98" regionsoverflowed="0" regionsstable="0" regionsrebuilding="0"/>
  </mem-info>
</gc-end>
<cycle-end id="61" type="global mark phase" contextid="31" timestamp="2019-06-17T06:14:58.650" />
  <attribute name="elasticGC enabled" value="1" />
  <attribute name= "numThreadsSpecified" value="1" />
  <attribute name="heapSize specified" value="0" />
  <attribute name="Current GC Util" value="88" />
  <attribute name= "Current Time Running" value="4374" />
  <attribute name ="GC Interval" value="0" />
  <attribute name="ProportionalT" value="68.000000" />
  <attribute name="ProportionalI" value="68.000000" />
  <attribute name="ProportionalH" value="68.000000" />
  <attribute name="Current Error" value="68.000000" />
  <attribute name="IntegralT" value="0.000000" />
  <attribute name="IntegralI" value="0.000000" />
  <attribute name="IntegralH" value="0.000000" />
  <attribute name="DerivativeT" value="inf" />
  <attribute name="DerivativeI" value="inf" />
  <attribute name="DerivativeH" value="inf" />
  <attribute name="Loop Time for DT" value="0.000000" />
  <attribute name="Output H" value="8388608"/>
  <attribute name="Output I" value="200"/>
  <attribute name="Output T" value="1"/>
  <attribute name="Target GC Util Change" value ="20.000000" />
  <attribute name="Current GC Util Change" value="88.000000"/>
  <attribute name="GC Util currently" value="88" />
  <attribute name="CPU Util currently" value="7548348265342" />
<exclusive-end id="62" timestamp="2019-06-17T06:14:58.650" durationms="2.115" />

<exclusive-start id="63" timestamp="2019-06-17T06:14:59.228" intervalms="580.513">
  <response-info timems="0.030" idlems="0.030" threads="0" lastid="0000000001B9B100" lastname="node-0" />
</exclusive-start>
<allocation-taxation id="64" taxation-threshold="2097152" timestamp="2019-06-17T06:14:59.228" intervalms="580.505" />
<cycle-start id="65" type="partial gc" contextid="0" timestamp="2019-06-17T06:14:59.228" intervalms="1239.135" />
<gc-start id="66" type="partial gc" contextid="65" timestamp="2019-06-17T06:14:59.228">
  <mem-info id="67" free="1048576" total="8388608" percent="12">
    <mem type="eden" free="1048216" total="5242880" percent="19" />
    <remembered-set count="1536" freebytes="328704" totalbytes="334848" percent="98" regionsoverflowed="0" regionsstable="0" regionsrebuilding="0"/>
  </mem-info>
</gc-start>
<allocation-stats totalBytes="4193848" >
  <allocated-bytes non-tlh="0" tlh="4193848" arrayletleaf="0"/>
  <largest-consumer threadName="node-2" threadId="0000000001B9ED00" bytes="745392" />
</allocation-stats>
<gc-op id="68" type="sweep" timems="0.330" contextid="65" timestamp="2019-06-17T06:14:59.229" />
<gc-op id="69" type="copy forward" timems="2.146" contextid="65" timestamp="2019-06-17T06:14:59.232">
  <memory-copied type="eden" objects="21" bytes="384" bytesdiscarded="1432" />
  <memory-copied type="other" objects="0" bytes="0" bytesdiscarded="0" />
  <memory-cardclean objects="205" bytes="7928" />
  <regions eden="2" other="1" />
  <remembered-set-cleared processed="367" cleared="11" durationms="0.048" />
  <stringconstants candidates="3831" cleared="0"  />
</gc-op>
<gc-op id="70" type="classunload" timems="0.002" contextid="65" timestamp="2019-06-17T06:14:59.232">
  <classunload-info classloadercandidates="6" classloadersunloaded="0" classesunloaded="0" anonymousclassesunloaded="0" quiescems="0.000" setupms="0.002" scanms="0.000" postms="0.000" />
</gc-op>
<gc-end id="71" type="partial gc" contextid="65" durationms="3.626" usertimems="4.000" systemtimems="0.000" timestamp="2019-06-17T06:14:59.232" activeThreads="4">
  <mem-info id="72" free="5242880" total="8388608" percent="62">
    <mem type="eden" free="1046760" total="1048576" percent="99" />
    <remembered-set count="1440" freebytes="329088" totalbytes="334848" percent="98" regionsoverflowed="0" regionsstable="0" regionsrebuilding="0"/>
  </mem-info>
</gc-end>
<cycle-end id="73" type="partial gc" contextid="65" timestamp="2019-06-17T06:14:59.232" />
  <attribute name="elasticGC enabled" value="1" />
  <attribute name= "numThreadsSpecified" value="4" />
  <attribute name="heapSize specified" value="0" />
  <attribute name="Current GC Util" value="23" />
  <attribute name= "Current Time Running" value="4955" />
  <attribute name ="GC Interval" value="0" />
  <attribute name="ProportionalT" value="3.000000" />
  <attribute name="ProportionalI" value="3.000000" />
  <attribute name="ProportionalH" value="3.000000" />
  <attribute name="Current Error" value="3.000000" />
  <attribute name="IntegralT" value="0.000000" />
  <attribute name="IntegralI" value="0.000000" />
  <attribute name="IntegralH" value="0.000000" />
  <attribute name="DerivativeT" value="-inf" />
  <attribute name="DerivativeI" value="-inf" />
  <attribute name="DerivativeH" value="-inf" />
  <attribute name="Loop Time for DT" value="0.000000" />
  <attribute name="Output H" value="2091843584"/>
  <attribute name="Output I" value="200"/>
  <attribute name="Output T" value="4"/>
  <attribute name="Target GC Util Change" value ="20.000000" />
  <attribute name="Current GC Util Change" value="23.000000"/>
  <attribute name="GC Util currently" value="23" />
  <attribute name="CPU Util currently" value="12447430903450" />
<exclusive-end id="74" timestamp="2019-06-17T06:14:59.232" durationms="4.295" />

<exclusive-start id="75" timestamp="2019-06-17T06:14:59.779" intervalms="550.827">
  <response-info timems="0.024" idlems="0.024" threads="0" lastid="0000000001B97500" lastname="node-1" />
</exclusive-start>
<allocation-taxation id="76" taxation-threshold="2097152" timestamp="2019-06-17T06:14:59.779" intervalms="550.826" />
<cycle-start id="77" type="global mark phase" contextid="0" timestamp="2019-06-17T06:14:59.779" intervalms="2827.182" />
<gc-start id="78" type="global mark phase" contextid="77" timestamp="2019-06-17T06:14:59.779">
  <mem-info id="79" free="3145728" total="8388608" percent="37">
    <remembered-set count="640" freebytes="332288" totalbytes="334848" percent="99" regionsoverflowed="0" regionsstable="1" regionsrebuilding="0"/>
  </mem-info>
</gc-start>
<gc-op id="80" type="mark increment" timems="0.419" contextid="77" timestamp="2019-06-17T06:14:59.780">
  <trace-info objectcount="137" scancount="0" scanbytes="0" />
</gc-op>
<gc-end id="81" type="global mark phase" contextid="77" durationms="0.538" usertimems="0.000" systemtimems="0.000" timestamp="2019-06-17T06:14:59.780" activeThreads="1">
  <mem-info id="82" free="3145728" total="8388608" percent="37">
    <remembered-set count="640" freebytes="332288" totalbytes="334848" percent="99" regionsoverflowed="0" regionsstable="0" regionsrebuilding="1"/>
  </mem-info>
</gc-end>
<concurrent-start id="83" type="GMP work packet processing" contextid="77" timestamp="2019-06-17T06:14:59.780">
  <concurrent-mark-start scanTarget="18446744073709551615" />
</concurrent-start>
<exclusive-end id="84" timestamp="2019-06-17T06:14:59.780" durationms="0.962" />

<concurrent-end id="85" type="GMP work packet processing" contextid="77" timestamp="2019-06-17T06:14:59.782">
  <concurrent-mark-end bytesScanned="1181116" reasonForTermination="Completed all work in GC phase" />
</concurrent-end>

<exclusive-start id="86" timestamp="2019-06-17T06:15:00.341" intervalms="561.691">
  <response-info timems="0.027" idlems="0.027" threads="0" lastid="0000000001B97500" lastname="node-1" />
</exclusive-start>
<allocation-taxation id="87" taxation-threshold="2097152" timestamp="2019-06-17T06:15:00.341" intervalms="561.683" />
<cycle-start id="88" type="partial gc" contextid="0" timestamp="2019-06-17T06:15:00.341" intervalms="1112.501" />
<gc-start id="89" type="partial gc" contextid="88" timestamp="2019-06-17T06:15:00.341">
  <mem-info id="90" free="1048576" total="8388608" percent="12">
    <mem type="eden" free="1046760" total="5242880" percent="19" />
    <remembered-set count="1408" freebytes="329216" totalbytes="334848" percent="98" regionsoverflowed="0" regionsstable="0" regionsrebuilding="1"/>
  </mem-info>
</gc-start>
<allocation-stats totalBytes="4193896" >
  <allocated-bytes non-tlh="0" tlh="4193896" arrayletleaf="0"/>
  <largest-consumer threadName="node-0" threadId="0000000001B9B100" bytes="745448" />
</allocation-stats>
<gc-op id="91" type="copy forward" timems="0.565" contextid="88" timestamp="2019-06-17T06:15:00.342">
  <memory-copied type="eden" objects="21" bytes="552" bytesdiscarded="0" />
  <memory-copied type="other" objects="0" bytes="0" bytesdiscarded="0" />
  <memory-cardclean objects="164" bytes="6080" />
  <regions eden="4" other="1" />
  <remembered-set-cleared processed="773" cleared="19" durationms="0.050" />
  <stringconstants candidates="3831" cleared="0"  />
</gc-op>
<gc-op id="92" type="classunload" timems="0.002" contextid="88" timestamp="2019-06-17T06:15:00.342">
  <classunload-info classloadercandidates="6" classloadersunloaded="0" classesunloaded="0" anonymousclassesunloaded="0" quiescems="0.000" setupms="0.001" scanms="0.000" postms="0.000" />
</gc-op>
<gc-op id="93" type="compact" timems="0.816" contextid="88" timestamp="2019-06-17T06:15:00.343">
  <compact-info movecount="0" movebytes="0" />
  <remembered-set-cleared processed="1544" cleared="19" durationms="0.050" />
</gc-op>
<gc-end id="94" type="partial gc" contextid="88" durationms="2.238" usertimems="0.000" systemtimems="4.000" timestamp="2019-06-17T06:15:00.343" activeThreads="4">
  <mem-info id="95" free="5242880" total="8388608" percent="62">
    <mem type="eden" free="1048024" total="1048576" percent="99" />
    <remembered-set count="864" freebytes="331392" totalbytes="334848" percent="98" regionsoverflowed="0" regionsstable="0" regionsrebuilding="1"/>
  </mem-info>
</gc-end>
<cycle-end id="96" type="partial gc" contextid="88" timestamp="2019-06-17T06:15:00.343" />
  <attribute name="elasticGC enabled" value="1" />
  <attribute name= "numThreadsSpecified" value="4" />
  <attribute name="heapSize specified" value="0" />
  <attribute name="Current GC Util" value="0" />
  <attribute name= "Current Time Running" value="6068" />
  <attribute name ="GC Interval" value="0" />
  <attribute name="ProportionalT" value="-20.000000" />
  <attribute name="ProportionalI" value="-20.000000" />
  <attribute name="ProportionalH" value="-20.000000" />
  <attribute name="Current Error" value="-20.000000" />
  <attribute name="IntegralT" value="-20.000000" />
  <attribute name="IntegralI" value="-20.000000" />
  <attribute name="IntegralH" value="-20.000000" />
  <attribute name="DerivativeT" value="-66.000000" />
  <attribute name="DerivativeI" value="-66.000000" />
  <attribute name="DerivativeH" value="-66.000000" />
  <attribute name="Loop Time for DT" value="1.000000" />
  <attribute name="Output H" value="2091843584"/>
  <attribute name="Output I" value="200"/>
  <attribute name="Output T" value="4"/>
  <attribute name="Target GC Util Change" value ="20.000000" />
  <attribute name="Current GC Util Change" value="0.000000"/>
  <attribute name="GC Util currently" value="0" />
  <attribute name="CPU Util currently" value="5824784830260" />
<exclusive-end id="97" timestamp="2019-06-17T06:15:00.343" durationms="2.847" />

<exclusive-start id="98" timestamp="2019-06-17T06:15:00.883" intervalms="542.055">
  <response-info timems="0.026" idlems="0.026" threads="0" lastid="0000000001B9ED00" lastname="node-2" />
</exclusive-start>
<allocation-taxation id="99" taxation-threshold="2097152" timestamp="2019-06-17T06:15:00.883" intervalms="542.058" />
<gc-start id="100" type="global mark phase" contextid="77" timestamp="2019-06-17T06:15:00.883">
  <mem-info id="101" free="3145728" total="8388608" percent="37">
    <remembered-set count="864" freebytes="331392" totalbytes="334848" percent="98" regionsoverflowed="0" regionsstable="0" regionsrebuilding="1"/>
  </mem-info>
</gc-start>
<gc-op id="102" type="mark increment" timems="1.115" contextid="77" timestamp="2019-06-17T06:15:00.884">
  <trace-info objectcount="30" scancount="30" scanbytes="632" />
  <cardclean-info objects="175" bytes="6192" />
  <finalization candidates="13" enqueued="0" />
  <references type="soft" candidates="66" cleared="0" enqueued="0" dynamicThreshold="20" maxThreshold="32" />
  <references type="weak" candidates="143" cleared="0" enqueued="0" />
  <references type="phantom" candidates="57" cleared="0" enqueued="0" />
  <stringconstants candidates="3831" cleared="0"  />
</gc-op>
<gc-op id="103" type="classunload" timems="0.002" contextid="77" timestamp="2019-06-17T06:15:00.884">
  <classunload-info classloadercandidates="6" classloadersunloaded="0" classesunloaded="0" anonymousclassesunloaded="0" quiescems="0.000" setupms="0.002" scanms="0.000" postms="0.000" />
</gc-op>
<gc-end id="104" type="global mark phase" contextid="77" durationms="1.315" usertimems="0.000" systemtimems="0.000" timestamp="2019-06-17T06:15:00.884" activeThreads="4">
  <mem-info id="105" free="3145728" total="8388608" percent="37">
    <remembered-set count="1376" freebytes="329344" totalbytes="334848" percent="98" regionsoverflowed="0" regionsstable="0" regionsrebuilding="0"/>
  </mem-info>
</gc-end>
<cycle-end id="106" type="global mark phase" contextid="77" timestamp="2019-06-17T06:15:00.884" />
  <attribute name="elasticGC enabled" value="1" />
  <attribute name= "numThreadsSpecified" value="4" />
  <attribute name="heapSize specified" value="0" />
  <attribute name="Current GC Util" value="34" />
  <attribute name= "Current Time Running" value="6609" />
  <attribute name ="GC Interval" value="0" />
  <attribute name="ProportionalT" value="14.000000" />
  <attribute name="ProportionalI" value="14.000000" />
  <attribute name="ProportionalH" value="14.000000" />
  <attribute name="Current Error" value="14.000000" />
  <attribute name="IntegralT" value="0.000000" />
  <attribute name="IntegralI" value="0.000000" />
  <attribute name="IntegralH" value="0.000000" />
  <attribute name="DerivativeT" value="-inf" />
  <attribute name="DerivativeI" value="-inf" />
  <attribute name="DerivativeH" value="-inf" />
  <attribute name="Loop Time for DT" value="0.000000" />
  <attribute name="Output H" value="2091843584"/>
  <attribute name="Output I" value="200"/>
  <attribute name="Output T" value="4"/>
  <attribute name="Target GC Util Change" value ="20.000000" />
  <attribute name="Current GC Util Change" value="34.000000"/>
  <attribute name="GC Util currently" value="34" />
  <attribute name="CPU Util currently" value="42769703202510" />
<exclusive-end id="107" timestamp="2019-06-17T06:15:00.884" durationms="1.594" />

<exclusive-start id="108" timestamp="2019-06-17T06:15:01.473" intervalms="590.856">
  <response-info timems="0.023" idlems="0.023" threads="0" lastid="0000000001B9ED00" lastname="node-2" />
</exclusive-start>
<allocation-taxation id="109" taxation-threshold="2097152" timestamp="2019-06-17T06:15:01.474" intervalms="590.843" />
<cycle-start id="110" type="partial gc" contextid="0" timestamp="2019-06-17T06:15:01.474" intervalms="1132.940" />
<gc-start id="111" type="partial gc" contextid="110" timestamp="2019-06-17T06:15:01.474">
  <mem-info id="112" free="1048576" total="8388608" percent="12">
    <mem type="eden" free="1048024" total="5242880" percent="19" />
    <remembered-set count="128" freebytes="334336" totalbytes="334848" percent="99" regionsoverflowed="0" regionsstable="1" regionsrebuilding="0"/>
  </mem-info>
</gc-start>
<allocation-stats totalBytes="4193272" >
  <allocated-bytes non-tlh="0" tlh="4193272" arrayletleaf="0"/>
  <largest-consumer threadName="node-1" threadId="0000000001B97500" bytes="749480" />
</allocation-stats>
<gc-op id="113" type="sweep" timems="0.444" contextid="110" timestamp="2019-06-17T06:15:01.475" />
<gc-op id="114" type="copy forward" timems="1.282" contextid="110" timestamp="2019-06-17T06:15:01.476">
  <memory-copied type="eden" objects="18" bytes="312" bytesdiscarded="752" />
  <memory-copied type="other" objects="0" bytes="0" bytesdiscarded="0" />
  <memory-cardclean objects="164" bytes="6080" />
  <regions eden="2" other="1" />
  <remembered-set-cleared processed="30" cleared="1" durationms="0.052" />
  <stringconstants candidates="3831" cleared="0"  />
</gc-op>
<gc-op id="115" type="classunload" timems="0.002" contextid="110" timestamp="2019-06-17T06:15:01.476">
  <classunload-info classloadercandidates="6" classloadersunloaded="0" classesunloaded="0" anonymousclassesunloaded="0" quiescems="0.000" setupms="0.001" scanms="0.000" postms="0.000" />
</gc-op>
<gc-op id="116" type="compact" timems="0.926" contextid="110" timestamp="2019-06-17T06:15:01.477">
  <compact-info movecount="0" movebytes="0" />
  <remembered-set-cleared processed="72" cleared="1" durationms="0.052" />
</gc-op>
<gc-end id="117" type="partial gc" contextid="110" durationms="3.832" usertimems="4.000" systemtimems="0.000" timestamp="2019-06-17T06:15:01.478" activeThreads="4">
  <mem-info id="118" free="5242880" total="8388608" percent="62">
    <mem type="eden" free="1047512" total="1048576" percent="99" />
    <remembered-set count="128" freebytes="334336" totalbytes="334848" percent="99" regionsoverflowed="0" regionsstable="1" regionsrebuilding="0"/>
  </mem-info>
</gc-end>
<cycle-end id="119" type="partial gc" contextid="110" timestamp="2019-06-17T06:15:01.478" />
  <attribute name="elasticGC enabled" value="1" />
  <attribute name= "numThreadsSpecified" value="4" />
  <attribute name="heapSize specified" value="0" />
  <attribute name="Current GC Util" value="64" />
  <attribute name= "Current Time Running" value="7202" />
  <attribute name ="GC Interval" value="0" />
  <attribute name="ProportionalT" value="44.000000" />
  <attribute name="ProportionalI" value="44.000000" />
  <attribute name="ProportionalH" value="44.000000" />
  <attribute name="Current Error" value="44.000000" />
  <attribute name="IntegralT" value="88.000000" />
  <attribute name="IntegralI" value="88.000000" />
  <attribute name="IntegralH" value="88.000000" />
  <attribute name="DerivativeT" value="22.000000" />
  <attribute name="DerivativeI" value="22.000000" />
  <attribute name="DerivativeH" value="22.000000" />
  <attribute name="Loop Time for DT" value="2.000000" />
  <attribute name="Output H" value="8388608"/>
  <attribute name="Output I" value="200"/>
  <attribute name="Output T" value="4"/>
  <attribute name="Target GC Util Change" value ="20.000000" />
  <attribute name="Current GC Util Change" value="64.000000"/>
  <attribute name="GC Util currently" value="64" />
  <attribute name="CPU Util currently" value="3078087436084" />
<exclusive-end id="120" timestamp="2019-06-17T06:15:01.478" durationms="4.514" />

<exclusive-start id="121" timestamp="2019-06-17T06:15:02.051" intervalms="577.794">
  <response-info timems="0.019" idlems="0.019" threads="0" lastid="0000000001B9ED00" lastname="node-2" />
</exclusive-start>
<allocation-taxation id="122" taxation-threshold="2097152" timestamp="2019-06-17T06:15:02.051" intervalms="577.794" />
<cycle-start id="123" type="global mark phase" contextid="0" timestamp="2019-06-17T06:15:02.051" intervalms="2272.351" />
<gc-start id="124" type="global mark phase" contextid="123" timestamp="2019-06-17T06:15:02.051">
  <mem-info id="125" free="3145728" total="8388608" percent="37">
    <remembered-set count="128" freebytes="334336" totalbytes="334848" percent="99" regionsoverflowed="0" regionsstable="1" regionsrebuilding="0"/>
  </mem-info>
</gc-start>
<gc-op id="126" type="mark increment" timems="0.468" contextid="123" timestamp="2019-06-17T06:15:02.052">
  <trace-info objectcount="137" scancount="0" scanbytes="0" />
</gc-op>
<gc-end id="127" type="global mark phase" contextid="123" durationms="0.563" usertimems="0.000" systemtimems="0.000" timestamp="2019-06-17T06:15:02.052" activeThreads="1">
  <mem-info id="128" free="3145728" total="8388608" percent="37">
    <remembered-set count="128" freebytes="334336" totalbytes="334848" percent="99" regionsoverflowed="0" regionsstable="0" regionsrebuilding="1"/>
  </mem-info>
</gc-end>
<concurrent-start id="129" type="GMP work packet processing" contextid="123" timestamp="2019-06-17T06:15:02.052">
  <concurrent-mark-start scanTarget="18446744073709551615" />
</concurrent-start>
<concurrent-end id="130" type="GMP work packet processing" contextid="123" timestamp="2019-06-17T06:15:02.054">
  <concurrent-mark-end bytesScanned="1181420" reasonForTermination="Completed all work in GC phase" />
</concurrent-end>

<exclusive-end id="131" timestamp="2019-06-17T06:15:02.055" durationms="3.449" />

<exclusive-start id="132" timestamp="2019-06-17T06:15:02.621" intervalms="569.605">
  <response-info timems="0.026" idlems="0.026" threads="0" lastid="0000000001B9ED00" lastname="node-2" />
</exclusive-start>
<allocation-taxation id="133" taxation-threshold="2097152" timestamp="2019-06-17T06:15:02.621" intervalms="569.629" />
<cycle-start id="134" type="partial gc" contextid="0" timestamp="2019-06-17T06:15:02.621" intervalms="1147.404" />
<gc-start id="135" type="partial gc" contextid="134" timestamp="2019-06-17T06:15:02.621">
  <mem-info id="136" free="1048576" total="8388608" percent="12">
    <mem type="eden" free="1047512" total="5242880" percent="19" />
    <remembered-set count="896" freebytes="331264" totalbytes="334848" percent="98" regionsoverflowed="0" regionsstable="0" regionsrebuilding="1"/>
  </mem-info>
</gc-start>
<allocation-stats totalBytes="4192792" >
  <allocated-bytes non-tlh="0" tlh="4192792" arrayletleaf="0"/>
  <largest-consumer threadName="node-0" threadId="0000000001B9B100" bytes="769920" />
</allocation-stats>
<gc-op id="137" type="copy forward" timems="0.551" contextid="134" timestamp="2019-06-17T06:15:02.622">
  <memory-copied type="eden" objects="19" bytes="336" bytesdiscarded="0" />
  <memory-copied type="other" objects="0" bytes="0" bytesdiscarded="0" />
  <memory-cardclean objects="164" bytes="6080" />
  <regions eden="4" other="1" />
  <remembered-set-cleared processed="777" cleared="19" durationms="0.050" />
  <stringconstants candidates="3831" cleared="0"  />
</gc-op>
<gc-op id="138" type="classunload" timems="0.001" contextid="134" timestamp="2019-06-17T06:15:02.622">
  <classunload-info classloadercandidates="6" classloadersunloaded="0" classesunloaded="0" anonymousclassesunloaded="0" quiescems="0.000" setupms="0.001" scanms="0.000" postms="0.000" />
</gc-op>
<gc-op id="139" type="compact" timems="0.909" contextid="134" timestamp="2019-06-17T06:15:02.624">
  <compact-info movecount="0" movebytes="0" />
  <remembered-set-cleared processed="1552" cleared="19" durationms="0.050" />
</gc-op>
<gc-end id="140" type="partial gc" contextid="134" durationms="2.548" usertimems="4.000" systemtimems="0.000" timestamp="2019-06-17T06:15:02.624" activeThreads="4">
  <mem-info id="141" free="5242880" total="8388608" percent="62">
    <mem type="eden" free="1048240" total="1048576" percent="99" />
    <remembered-set count="1376" freebytes="329344" totalbytes="334848" percent="98" regionsoverflowed="0" regionsstable="0" regionsrebuilding="1"/>
  </mem-info>
</gc-end>
<cycle-end id="142" type="partial gc" contextid="134" timestamp="2019-06-17T06:15:02.624" />
  <attribute name="elasticGC enabled" value="1" />
  <attribute name= "numThreadsSpecified" value="4" />
  <attribute name="heapSize specified" value="0" />
  <attribute name="Current GC Util" value="0" />
  <attribute name= "Current Time Running" value="8348" />
  <attribute name ="GC Interval" value="0" />
  <attribute name="ProportionalT" value="-20.000000" />
  <attribute name="ProportionalI" value="-20.000000" />
  <attribute name="ProportionalH" value="-20.000000" />
  <attribute name="Current Error" value="-20.000000" />
  <attribute name="IntegralT" value="-20.000000" />
  <attribute name="IntegralI" value="-20.000000" />
  <attribute name="IntegralH" value="-20.000000" />
  <attribute name="DerivativeT" value="-64.000000" />
  <attribute name="DerivativeI" value="-64.000000" />
  <attribute name="DerivativeH" value="-64.000000" />
  <attribute name="Loop Time for DT" value="1.000000" />
  <attribute name="Output H" value="2091843584"/>
  <attribute name="Output I" value="200"/>
  <attribute name="Output T" value="4"/>
  <attribute name="Target GC Util Change" value ="20.000000" />
  <attribute name="Current GC Util Change" value="0.000000"/>
  <attribute name="GC Util currently" value="0" />
  <attribute name="CPU Util currently" value="5267434163841" />
<exclusive-end id="143" timestamp="2019-06-17T06:15:02.624" durationms="3.375" />

</verbosegc>

