<?xml version="1.0" ?>

<verbosegc xmlns="http://www.ibm.com/j9/verbosegc" version="10b4217_CMPRSS">

<initialized id="1" timestamp="2019-06-17T06:15:39.322">
  <attribute name="gcPolicy" value="-Xgcpolicy:balanced" />
  <attribute name="elasticGC enabled" value="1" />
  <attribute name= "numThreadsSpecified" value="0" />
  <attribute name="heapSize specified" value="0" />
  <attribute name="Current GC Util" value="0" />
  <attribute name= "Current Time Running" value="0" />
  <attribute name ="GC Interval" value="0" />
  <attribute name="ProportionalT" value="0.000000" />
  <attribute name="ProportionalI" value="0.000000" />
  <attribute name="ProportionalH" value="0.000000" />
  <attribute name="IntegralT" value="0.000000" />
  <attribute name="IntegralI" value="0.000000" />
  <attribute name="IntegralH" value="0.000000" />
  <attribute name="DerivativeT" value="0.000000" />
  <attribute name="DerivativeI" value="0.000000" />
  <attribute name="DerivativeH" value="0.000000" />
  <attribute name="Target GC Util Change" value ="0.000000" />
  <attribute name="Current GC Util Change" value="0.000000"/>
  <attribute name="Current Error" value="0.000000" />
  <attribute name="Loop Time for DT" value="0.000000" />
  <attribute name="Output H" value="0"/>
  <attribute name="Output I" value="0"/>
  <attribute name="Output T" value="0"/>
  <attribute name="GC Util currently" value="0" />
  <attribute name="CPU Util currently" value="0" />
  <attribute name="maxHeapSize" value="0x7cb00000" />
  <attribute name="initialHeapSize" value="0x800000" />
  <attribute name="compressedRefs" value="true" />
  <attribute name="compressedRefsDisplacement" value="0x0" />
  <attribute name="compressedRefsShift" value="0x0" />
  <attribute name="pageSize" value="0x1000" />
  <attribute name="pageType" value="not used" />
  <attribute name="requestedPageSize" value="0x1000" />
  <attribute name="requestedPageType" value="not used" />
  <attribute name="gcthreads" value="4" />
  <attribute name="packetListSplit" value="4" />
  <attribute name="cacheListSplit" value="4" />
  <attribute name="splitFreeListSplitAmount" value="1" />
  <attribute name="numaNodes" value="0" />
  <region>
    <attribute name="regionSize" value="1048576" />
    <attribute name="regionCount" value="1995" />
    <attribute name="arrayletLeafSize" value="1048576" />
  </region>
  <system>
    <attribute name="physicalMemory" value="8370962432" />
    <attribute name="numCPUs" value="4" />
    <attribute name="architecture" value="amd64" />
    <attribute name="os" value="Linux" />
    <attribute name="osVersion" value="4.4.0-148-generic" />
  </system>
  <vmargs>
    <vmarg name="-Xoptionsfile=/vagrant/jdk/lib/options.default" />
    <vmarg name="-Xlockword:mode=default,noLockword=java/lang/String,noLockword=java/util/MapEntry,noLockword=java/util/HashMap$Entry,noLockword..." />
    <vmarg name="-Xjcl:jclse29" />
    <vmarg name="-Dcom.ibm.oti.vm.bootstrap.library.path=/vagrant/jdk/lib/compressedrefs:/vagrant/jdk/lib" />
    <vmarg name="-Dsun.boot.library.path=/vagrant/jdk/lib/compressedrefs:/vagrant/jdk/lib" />
    <vmarg name="-Djava.library.path=/vagrant/jdk/lib/compressedrefs:/vagrant/jdk/lib:/usr/lib64:/usr/lib" />
    <vmarg name="-Djava.home=/vagrant/jdk" />
    <vmarg name="-Duser.dir=/vagrant" />
    <vmarg name="-Xgcpolicy:balanced" />
    <vmarg name="-Xgcelastic" />
    <vmarg name="-Xcheck:gc:::elasticGC" />
    <vmarg name="-verbose:gc" />
    <vmarg name="-Xloggc:small-Balanced-jdk-1-1-1-verbose7avrora.txt" />
    <vmarg name="-Djava.class.path=dacapo-9.12-MR1-bach.jar" />
    <vmarg name="-Dsun.java.command=dacapo-9.12-MR1-bach.jar avrora --size=small" />
    <vmarg name="-Dsun.java.launcher=SUN_STANDARD" />
    <vmarg name="-Dsun.java.launcher.pid=16863" />
  </vmargs>
</initialized>

<exclusive-start id="2" timestamp="2019-06-17T06:15:40.285" intervalms="962.362">
  <response-info timems="0.062" idlems="0.062" threads="0" lastid="0000000002623700" lastname="main" />
</exclusive-start>
<sys-start reason="explicit" id="3" timestamp="2019-06-17T06:15:40.285" intervalms="962.913" />
<cycle-start id="4" type="global garbage collect" contextid="0" timestamp="2019-06-17T06:15:40.286" intervalms="963.425" />
<gc-start id="5" type="global garbage collect" contextid="4" timestamp="2019-06-17T06:15:40.286">
  <mem-info id="6" free="1662824" total="8388608" percent="19">
    <mem type="eden" free="614328" total="7340032" percent="8" />
    <remembered-set count="0" freebytes="334848" totalbytes="334848" percent="100" regionsoverflowed="0" regionsstable="0" regionsrebuilding="0"/>
  </mem-info>
</gc-start>
<allocation-stats totalBytes="6654704" >
  <allocated-bytes non-tlh="529728" tlh="6124976" arrayletleaf="0"/>
  <largest-consumer threadName="main" threadId="0000000002623700" bytes="6577176" />
</allocation-stats>
<gc-op id="7" type="global mark" timems="3.165" contextid="4" timestamp="2019-06-17T06:15:40.290">
  <trace-info objectcount="17849" scancount="14128" scanbytes="463976" />
  <finalization candidates="14" enqueued="1" />
  <references type="soft" candidates="66" cleared="0" enqueued="0" dynamicThreshold="32" maxThreshold="32" />
  <references type="weak" candidates="553" cleared="411" enqueued="372" />
  <references type="phantom" candidates="99" cleared="41" enqueued="41" />
  <stringconstants candidates="2456" cleared="0"  />
</gc-op>
<gc-op id="8" type="classunload" timems="0.156" contextid="4" timestamp="2019-06-17T06:15:40.290">
  <classunload-info classloadercandidates="6" classloadersunloaded="0" classesunloaded="0" anonymousclassesunloaded="0" quiescems="0.000" setupms="0.155" scanms="0.000" postms="0.000" />
</gc-op>
<gc-op id="9" type="sweep" timems="0.683" contextid="4" timestamp="2019-06-17T06:15:40.292" />
<gc-op id="10" type="compact" timems="4.556" contextid="4" timestamp="2019-06-17T06:15:40.296">
  <compact-info movecount="17842" movebytes="855368" />
  <remembered-set-cleared processed="1056" cleared="1056" durationms="0.185" />
</gc-op>
<gc-end id="11" type="global garbage collect" contextid="4" durationms="10.961" usertimems="4.000" systemtimems="8.000" timestamp="2019-06-17T06:15:40.297" activeThreads="4">
  <mem-info id="12" free="7340032" total="8388608" percent="87">
    <pending-finalizers system="1" default="0" reference="413" classloader="0" />
    <remembered-set count="0" freebytes="334848" totalbytes="334848" percent="100" regionsoverflowed="0" regionsstable="0" regionsrebuilding="0"/>
  </mem-info>
</gc-end>
<cycle-end id="13" type="global garbage collect" contextid="4" timestamp="2019-06-17T06:15:40.297" />
  <attribute name="elasticGC enabled" value="1" />
  <attribute name= "numThreadsSpecified" value="4" />
  <attribute name="heapSize specified" value="0" />
  <attribute name="Current GC Util" value="26" />
  <attribute name= "Current Time Running" value="809" />
  <attribute name ="GC Interval" value="0" />
  <attribute name="ProportionalT" value="6.000000" />
  <attribute name="ProportionalI" value="6.000000" />
  <attribute name="ProportionalH" value="6.000000" />
  <attribute name="Current Error" value="6.000000" />
  <attribute name="IntegralT" value="-15779.000000" />
  <attribute name="IntegralI" value="-15779.000000" />
  <attribute name="IntegralH" value="-15779.000000" />
  <attribute name="DerivativeT" value="-49.000000" />
  <attribute name="DerivativeI" value="-49.000000" />
  <attribute name="DerivativeH" value="-49.000000" />
  <attribute name="Loop Time for DT" value="1.000000" />
  <attribute name="Output H" value="2091843584"/>
  <attribute name="Output I" value="200"/>
  <attribute name="Output T" value="4"/>
  <attribute name="Target GC Util Change" value ="20.000000" />
  <attribute name="Current GC Util Change" value="26.000000"/>
  <attribute name="GC Util currently" value="26" />
  <attribute name="CPU Util currently" value="4672025224111" />
<sys-end id="14" timestamp="2019-06-17T06:15:40.298" />
<exclusive-end id="15" timestamp="2019-06-17T06:15:40.298" durationms="12.952" />

<exclusive-start id="16" timestamp="2019-06-17T06:15:41.376" intervalms="1091.438">
  <response-info timems="0.064" idlems="0.064" threads="0" lastid="00000000028D9500" lastname="node-0" />
</exclusive-start>
<allocation-taxation id="17" taxation-threshold="7340032" timestamp="2019-06-17T06:15:41.376" intervalms="2053.965" />
<cycle-start id="18" type="partial gc" contextid="0" timestamp="2019-06-17T06:15:41.377" intervalms="2054.339" />
<gc-start id="19" type="partial gc" contextid="18" timestamp="2019-06-17T06:15:41.377">
  <mem-info id="20" free="0" total="8388608" percent="0">
    <mem type="eden" free="0" total="7340032" percent="0" />
    <remembered-set count="0" freebytes="334848" totalbytes="334848" percent="100" regionsoverflowed="0" regionsstable="0" regionsrebuilding="0"/>
  </mem-info>
</gc-start>
<allocation-stats totalBytes="7330216" >
  <allocated-bytes non-tlh="172800" tlh="7157416" arrayletleaf="0"/>
  <largest-consumer threadName="main" threadId="0000000002623700" bytes="6149984" />
</allocation-stats>
<gc-op id="21" type="mark" timems="2.273" contextid="18" timestamp="2019-06-17T06:15:41.380">
  <trace-info objectcount="23849" scancount="20752" scanbytes="741100" />
  <cardclean-info objects="1203" bytes="41000" />
  <remembered-set-cleared processed="0" cleared="0" durationms="0.060" />
  <references type="weak" candidates="45" cleared="44" enqueued="44" />
  <references type="phantom" candidates="4" cleared="2" enqueued="2" />
  <stringconstants candidates="3831" cleared="0"  />
  <warning details="Mark invoked due to insufficient free space for Copy-Forward" />
</gc-op>
<gc-op id="22" type="classunload" timems="0.002" contextid="18" timestamp="2019-06-17T06:15:41.380">
  <classunload-info classloadercandidates="6" classloadersunloaded="0" classesunloaded="0" anonymousclassesunloaded="0" quiescems="0.000" setupms="0.002" scanms="0.000" postms="0.000" />
</gc-op>
<gc-op id="23" type="sweep" timems="0.319" contextid="18" timestamp="2019-06-17T06:15:41.381" />
<gc-op id="24" type="compact" timems="2.764" contextid="18" timestamp="2019-06-17T06:15:41.384">
  <compact-info movecount="23849" movebytes="1030216" />
  <remembered-set-cleared processed="816" cleared="816" durationms="0.060" />
</gc-op>
<gc-end id="25" type="partial gc" contextid="18" durationms="7.297" usertimems="8.000" systemtimems="0.000" timestamp="2019-06-17T06:15:41.384" activeThreads="4">
  <mem-info id="26" free="6291456" total="8388608" percent="75">
    <mem type="eden" free="18360" total="1048576" percent="1" />
    <pending-finalizers system="0" default="0" reference="46" classloader="0" />
    <remembered-set count="1536" freebytes="328704" totalbytes="334848" percent="98" regionsoverflowed="0" regionsstable="0" regionsrebuilding="0"/>
  </mem-info>
</gc-end>
<cycle-end id="27" type="partial gc" contextid="18" timestamp="2019-06-17T06:15:41.384" />
  <attribute name="elasticGC enabled" value="1" />
  <attribute name= "numThreadsSpecified" value="4" />
  <attribute name="heapSize specified" value="0" />
  <attribute name="Current GC Util" value="18" />
  <attribute name= "Current Time Running" value="1898" />
  <attribute name ="GC Interval" value="0" />
  <attribute name="ProportionalT" value="-2.000000" />
  <attribute name="ProportionalI" value="-2.000000" />
  <attribute name="ProportionalH" value="-2.000000" />
  <attribute name="Current Error" value="-2.000000" />
  <attribute name="IntegralT" value="-2.000000" />
  <attribute name="IntegralI" value="-2.000000" />
  <attribute name="IntegralH" value="-2.000000" />
  <attribute name="DerivativeT" value="-105.000000" />
  <attribute name="DerivativeI" value="-105.000000" />
  <attribute name="DerivativeH" value="-105.000000" />
  <attribute name="Loop Time for DT" value="1.000000" />
  <attribute name="Output H" value="2091843584"/>
  <attribute name="Output I" value="200"/>
  <attribute name="Output T" value="4"/>
  <attribute name="Target GC Util Change" value ="20.000000" />
  <attribute name="Current GC Util Change" value="18.000000"/>
  <attribute name="GC Util currently" value="18" />
  <attribute name="CPU Util currently" value="7068411335599" />
<exclusive-end id="28" timestamp="2019-06-17T06:15:41.385" durationms="8.386" />

<exclusive-start id="29" timestamp="2019-06-17T06:15:42.438" intervalms="1061.685">
  <response-info timems="0.173" idlems="0.093" threads="1" lastid="00000000028E0D00" lastname="node-2" />
</exclusive-start>
<allocation-taxation id="30" taxation-threshold="3145728" timestamp="2019-06-17T06:15:42.438" intervalms="1061.609" />
<cycle-start id="31" type="global mark phase" contextid="0" timestamp="2019-06-17T06:15:42.438" intervalms="3115.647" />
<gc-start id="32" type="global mark phase" contextid="31" timestamp="2019-06-17T06:15:42.438">
  <mem-info id="33" free="3145728" total="8388608" percent="37">
    <remembered-set count="1056" freebytes="330624" totalbytes="334848" percent="98" regionsoverflowed="0" regionsstable="0" regionsrebuilding="0"/>
  </mem-info>
</gc-start>
<gc-op id="34" type="mark increment" timems="0.443" contextid="31" timestamp="2019-06-17T06:15:42.439">
  <trace-info objectcount="163" scancount="0" scanbytes="0" />
</gc-op>
<gc-end id="35" type="global mark phase" contextid="31" durationms="0.560" usertimems="0.000" systemtimems="0.000" timestamp="2019-06-17T06:15:42.439" activeThreads="1">
  <mem-info id="36" free="3145728" total="8388608" percent="37">
    <remembered-set count="1056" freebytes="330624" totalbytes="334848" percent="98" regionsoverflowed="0" regionsstable="0" regionsrebuilding="0"/>
  </mem-info>
</gc-end>
<concurrent-start id="37" type="GMP work packet processing" contextid="31" timestamp="2019-06-17T06:15:42.439">
  <concurrent-mark-start scanTarget="18446744073709551615" />
</concurrent-start>
<concurrent-end id="38" type="GMP work packet processing" contextid="31" timestamp="2019-06-17T06:15:42.441">
  <concurrent-mark-end bytesScanned="1181908" reasonForTermination="Completed all work in GC phase" />
</concurrent-end>

<exclusive-end id="39" timestamp="2019-06-17T06:15:42.441" durationms="3.250" />

<exclusive-start id="40" timestamp="2019-06-17T06:15:43.498" intervalms="1059.786">
  <response-info timems="0.026" idlems="0.026" threads="0" lastid="00000000028E0D00" lastname="node-2" />
</exclusive-start>
<allocation-taxation id="41" taxation-threshold="3145728" timestamp="2019-06-17T06:15:43.498" intervalms="1059.783" />
<cycle-start id="42" type="partial gc" contextid="0" timestamp="2019-06-17T06:15:43.498" intervalms="2121.145" />
<gc-start id="43" type="partial gc" contextid="42" timestamp="2019-06-17T06:15:43.498">
  <mem-info id="44" free="0" total="8388608" percent="0">
    <mem type="eden" free="18360" total="7340032" percent="0" />
    <remembered-set count="1056" freebytes="330624" totalbytes="334848" percent="98" regionsoverflowed="0" regionsstable="0" regionsrebuilding="0"/>
  </mem-info>
</gc-start>
<allocation-stats totalBytes="6290472" >
  <allocated-bytes non-tlh="0" tlh="6290472" arrayletleaf="0"/>
  <largest-consumer threadName="node-0" threadId="00000000028D9500" bytes="1085208" />
</allocation-stats>
<gc-op id="45" type="mark" timems="1.648" contextid="42" timestamp="2019-06-17T06:15:43.500">
  <trace-info objectcount="23675" scancount="20619" scanbytes="737836" />
  <cardclean-info objects="63" bytes="4440" />
  <remembered-set-cleared processed="347" cleared="347" durationms="0.046" />
  <references type="weak" candidates="1" cleared="0" enqueued="0" />
  <references type="phantom" candidates="2" cleared="0" enqueued="0" />
  <stringconstants candidates="3831" cleared="0"  />
  <warning details="Mark invoked due to insufficient free space for Copy-Forward" />
</gc-op>
<gc-op id="46" type="classunload" timems="0.001" contextid="42" timestamp="2019-06-17T06:15:43.500">
  <classunload-info classloadercandidates="6" classloadersunloaded="0" classesunloaded="0" anonymousclassesunloaded="0" quiescems="0.000" setupms="0.001" scanms="0.000" postms="0.000" />
</gc-op>
<gc-op id="47" type="sweep" timems="0.392" contextid="42" timestamp="2019-06-17T06:15:43.501" />
<gc-op id="48" type="compact" timems="3.933" contextid="42" timestamp="2019-06-17T06:15:43.505">
  <compact-info movecount="23675" movebytes="1024808" />
  <remembered-set-cleared processed="1104" cleared="1104" durationms="0.046" />
</gc-op>
<gc-end id="49" type="partial gc" contextid="42" durationms="7.453" usertimems="4.000" systemtimems="4.000" timestamp="2019-06-17T06:15:43.506" activeThreads="4">
  <mem-info id="50" free="5242880" total="8388608" percent="62">
    <mem type="eden" free="1072344" total="2097152" percent="51" />
    <remembered-set count="1536" freebytes="328704" totalbytes="334848" percent="98" regionsoverflowed="0" regionsstable="0" regionsrebuilding="0"/>
  </mem-info>
</gc-end>
<cycle-end id="51" type="partial gc" contextid="42" timestamp="2019-06-17T06:15:43.506" />
  <attribute name="elasticGC enabled" value="1" />
  <attribute name= "numThreadsSpecified" value="4" />
  <attribute name="heapSize specified" value="0" />
  <attribute name="Current GC Util" value="25" />
  <attribute name= "Current Time Running" value="4018" />
  <attribute name ="GC Interval" value="0" />
  <attribute name="ProportionalT" value="5.000000" />
  <attribute name="ProportionalI" value="5.000000" />
  <attribute name="ProportionalH" value="5.000000" />
  <attribute name="Current Error" value="5.000000" />
  <attribute name="IntegralT" value="5.000000" />
  <attribute name="IntegralI" value="5.000000" />
  <attribute name="IntegralH" value="5.000000" />
  <attribute name="DerivativeT" value="5.000000" />
  <attribute name="DerivativeI" value="5.000000" />
  <attribute name="DerivativeH" value="5.000000" />
  <attribute name="Loop Time for DT" value="1.000000" />
  <attribute name="Output H" value="8388608"/>
  <attribute name="Output I" value="200"/>
  <attribute name="Output T" value="4"/>
  <attribute name="Target GC Util Change" value ="20.000000" />
  <attribute name="Current GC Util Change" value="25.000000"/>
  <attribute name="GC Util currently" value="25" />
  <attribute name="CPU Util currently" value="7012254060944" />
<exclusive-end id="52" timestamp="2019-06-17T06:15:43.506" durationms="8.371" />

<exclusive-start id="53" timestamp="2019-06-17T06:15:44.122" intervalms="624.324">
  <response-info timems="0.028" idlems="0.028" threads="0" lastid="00000000028DD100" lastname="node-1" />
</exclusive-start>
<allocation-taxation id="54" taxation-threshold="2097152" timestamp="2019-06-17T06:15:44.122" intervalms="624.318" />
<gc-start id="55" type="global mark phase" contextid="31" timestamp="2019-06-17T06:15:44.122">
  <mem-info id="56" free="3145728" total="8388608" percent="37">
    <remembered-set count="1536" freebytes="328704" totalbytes="334848" percent="98" regionsoverflowed="0" regionsstable="0" regionsrebuilding="0"/>
  </mem-info>
</gc-start>
<gc-op id="57" type="mark increment" timems="2.058" contextid="31" timestamp="2019-06-17T06:15:44.124">
  <trace-info objectcount="23675" scancount="20619" scanbytes="737836" />
  <cardclean-info objects="321" bytes="12024" />
  <finalization candidates="13" enqueued="0" />
  <references type="soft" candidates="66" cleared="0" enqueued="0" dynamicThreshold="20" maxThreshold="32" />
  <references type="weak" candidates="143" cleared="0" enqueued="0" />
  <references type="phantom" candidates="59" cleared="2" enqueued="2" />
  <stringconstants candidates="3831" cleared="0"  />
</gc-op>
<gc-op id="58" type="classunload" timems="0.002" contextid="31" timestamp="2019-06-17T06:15:44.124">
  <classunload-info classloadercandidates="6" classloadersunloaded="0" classesunloaded="0" anonymousclassesunloaded="0" quiescems="0.000" setupms="0.002" scanms="0.000" postms="0.000" />
</gc-op>
<gc-end id="59" type="global mark phase" contextid="31" durationms="2.416" usertimems="0.000" systemtimems="0.000" timestamp="2019-06-17T06:15:44.125" activeThreads="4">
  <mem-info id="60" free="3145728" total="8388608" percent="37">
    <pending-finalizers system="0" default="0" reference="2" classloader="0" />
    <remembered-set count="1536" freebytes="328704" totalbytes="334848" percent="98" regionsoverflowed="0" regionsstable="0" regionsrebuilding="0"/>
  </mem-info>
</gc-end>
<cycle-end id="61" type="global mark phase" contextid="31" timestamp="2019-06-17T06:15:44.125" />
  <attribute name="elasticGC enabled" value="1" />
  <attribute name= "numThreadsSpecified" value="4" />
  <attribute name="heapSize specified" value="0" />
  <attribute name="Current GC Util" value="0" />
  <attribute name= "Current Time Running" value="4640" />
  <attribute name ="GC Interval" value="0" />
  <attribute name="ProportionalT" value="-20.000000" />
  <attribute name="ProportionalI" value="-20.000000" />
  <attribute name="ProportionalH" value="-20.000000" />
  <attribute name="Current Error" value="-20.000000" />
  <attribute name="IntegralT" value="-20.000000" />
  <attribute name="IntegralI" value="-20.000000" />
  <attribute name="IntegralH" value="-20.000000" />
  <attribute name="DerivativeT" value="-89.000000" />
  <attribute name="DerivativeI" value="-89.000000" />
  <attribute name="DerivativeH" value="-89.000000" />
  <attribute name="Loop Time for DT" value="1.000000" />
  <attribute name="Output H" value="2091843584"/>
  <attribute name="Output I" value="200"/>
  <attribute name="Output T" value="4"/>
  <attribute name="Target GC Util Change" value ="20.000000" />
  <attribute name="Current GC Util Change" value="0.000000"/>
  <attribute name="GC Util currently" value="0" />
  <attribute name="CPU Util currently" value="4198789641095" />
<exclusive-end id="62" timestamp="2019-06-17T06:15:44.125" durationms="2.889" />

<exclusive-start id="63" timestamp="2019-06-17T06:15:44.732" intervalms="610.008">
  <response-info timems="0.027" idlems="0.027" threads="0" lastid="00000000028D9500" lastname="node-0" />
</exclusive-start>
<allocation-taxation id="64" taxation-threshold="2097152" timestamp="2019-06-17T06:15:44.732" intervalms="610.017" />
<cycle-start id="65" type="partial gc" contextid="0" timestamp="2019-06-17T06:15:44.732" intervalms="1234.285" />
<gc-start id="66" type="partial gc" contextid="65" timestamp="2019-06-17T06:15:44.732">
  <mem-info id="67" free="1048576" total="8388608" percent="12">
    <mem type="eden" free="1048264" total="5242880" percent="19" />
    <remembered-set count="1536" freebytes="328704" totalbytes="334848" percent="98" regionsoverflowed="0" regionsstable="0" regionsrebuilding="0"/>
  </mem-info>
</gc-start>
<allocation-stats totalBytes="4193472" >
  <allocated-bytes non-tlh="0" tlh="4193472" arrayletleaf="0"/>
  <largest-consumer threadName="node-1" threadId="00000000028DD100" bytes="745336" />
</allocation-stats>
<gc-op id="68" type="sweep" timems="0.387" contextid="65" timestamp="2019-06-17T06:15:44.733" />
<gc-op id="69" type="copy forward" timems="2.233" contextid="65" timestamp="2019-06-17T06:15:44.736">
  <memory-copied type="eden" objects="19" bytes="336" bytesdiscarded="1480" />
  <memory-copied type="other" objects="0" bytes="0" bytesdiscarded="0" />
  <memory-cardclean objects="203" bytes="7816" />
  <regions eden="2" other="1" />
  <remembered-set-cleared processed="368" cleared="10" durationms="0.046" />
  <stringconstants candidates="3831" cleared="0"  />
</gc-op>
<gc-op id="70" type="classunload" timems="0.001" contextid="65" timestamp="2019-06-17T06:15:44.736">
  <classunload-info classloadercandidates="6" classloadersunloaded="0" classesunloaded="0" anonymousclassesunloaded="0" quiescems="0.000" setupms="0.001" scanms="0.000" postms="0.000" />
</gc-op>
<gc-end id="71" type="partial gc" contextid="65" durationms="3.867" usertimems="4.000" systemtimems="0.000" timestamp="2019-06-17T06:15:44.736" activeThreads="4">
  <mem-info id="72" free="5242880" total="8388608" percent="62">
    <mem type="eden" free="1046760" total="1048576" percent="99" />
    <remembered-set count="1440" freebytes="329088" totalbytes="334848" percent="98" regionsoverflowed="0" regionsstable="0" regionsrebuilding="0"/>
  </mem-info>
</gc-end>
<cycle-end id="73" type="partial gc" contextid="65" timestamp="2019-06-17T06:15:44.736" />
  <attribute name="elasticGC enabled" value="1" />
  <attribute name= "numThreadsSpecified" value="4" />
  <attribute name="heapSize specified" value="0" />
  <attribute name="Current GC Util" value="16" />
  <attribute name= "Current Time Running" value="5251" />
  <attribute name ="GC Interval" value="0" />
  <attribute name="ProportionalT" value="-4.000000" />
  <attribute name="ProportionalI" value="-4.000000" />
  <attribute name="ProportionalH" value="-4.000000" />
  <attribute name="Current Error" value="-4.000000" />
  <attribute name="IntegralT" value="-4.000000" />
  <attribute name="IntegralI" value="-4.000000" />
  <attribute name="IntegralH" value="-4.000000" />
  <attribute name="DerivativeT" value="-9.000000" />
  <attribute name="DerivativeI" value="-9.000000" />
  <attribute name="DerivativeH" value="-9.000000" />
  <attribute name="Loop Time for DT" value="1.000000" />
  <attribute name="Output H" value="2091843584"/>
  <attribute name="Output I" value="200"/>
  <attribute name="Output T" value="4"/>
  <attribute name="Target GC Util Change" value ="20.000000" />
  <attribute name="Current GC Util Change" value="16.000000"/>
  <attribute name="GC Util currently" value="16" />
  <attribute name="CPU Util currently" value="8922436110297" />
<exclusive-end id="74" timestamp="2019-06-17T06:15:44.736" durationms="4.506" />

<exclusive-start id="75" timestamp="2019-06-17T06:15:45.348" intervalms="616.461">
  <response-info timems="0.028" idlems="0.028" threads="0" lastid="00000000028DD100" lastname="node-1" />
</exclusive-start>
<allocation-taxation id="76" taxation-threshold="2097152" timestamp="2019-06-17T06:15:45.348" intervalms="616.443" />
<cycle-start id="77" type="global mark phase" contextid="0" timestamp="2019-06-17T06:15:45.349" intervalms="2910.554" />
<gc-start id="78" type="global mark phase" contextid="77" timestamp="2019-06-17T06:15:45.349">
  <mem-info id="79" free="3145728" total="8388608" percent="37">
    <remembered-set count="608" freebytes="332416" totalbytes="334848" percent="99" regionsoverflowed="0" regionsstable="1" regionsrebuilding="0"/>
  </mem-info>
</gc-start>
<gc-op id="80" type="mark increment" timems="0.364" contextid="77" timestamp="2019-06-17T06:15:45.349">
  <trace-info objectcount="137" scancount="0" scanbytes="0" />
</gc-op>
<gc-end id="81" type="global mark phase" contextid="77" durationms="0.459" usertimems="0.000" systemtimems="4.000" timestamp="2019-06-17T06:15:45.349" activeThreads="4">
  <mem-info id="82" free="3145728" total="8388608" percent="37">
    <remembered-set count="608" freebytes="332416" totalbytes="334848" percent="99" regionsoverflowed="0" regionsstable="0" regionsrebuilding="1"/>
  </mem-info>
</gc-end>
<concurrent-start id="83" type="GMP work packet processing" contextid="77" timestamp="2019-06-17T06:15:45.349">
  <concurrent-mark-start scanTarget="18446744073709551615" />
</concurrent-start>
<exclusive-end id="84" timestamp="2019-06-17T06:15:45.349" durationms="0.842" />

<concurrent-end id="85" type="GMP work packet processing" contextid="77" timestamp="2019-06-17T06:15:45.351">
  <concurrent-mark-end bytesScanned="1181444" reasonForTermination="Completed all work in GC phase" />
</concurrent-end>

<exclusive-start id="86" timestamp="2019-06-17T06:15:45.949" intervalms="601.034">
  <response-info timems="0.054" idlems="0.054" threads="0" lastid="00000000028D9500" lastname="node-0" />
</exclusive-start>
<allocation-taxation id="87" taxation-threshold="2097152" timestamp="2019-06-17T06:15:45.950" intervalms="601.043" />
<cycle-start id="88" type="partial gc" contextid="0" timestamp="2019-06-17T06:15:45.950" intervalms="1217.481" />
<gc-start id="89" type="partial gc" contextid="88" timestamp="2019-06-17T06:15:45.950">
  <mem-info id="90" free="1048576" total="8388608" percent="12">
    <mem type="eden" free="1046760" total="5242880" percent="19" />
    <remembered-set count="1376" freebytes="329344" totalbytes="334848" percent="98" regionsoverflowed="0" regionsstable="0" regionsrebuilding="1"/>
  </mem-info>
</gc-start>
<allocation-stats totalBytes="4193240" >
  <allocated-bytes non-tlh="0" tlh="4193240" arrayletleaf="0"/>
  <largest-consumer threadName="node-2" threadId="00000000028E0D00" bytes="744952" />
</allocation-stats>
<gc-op id="91" type="copy forward" timems="0.550" contextid="88" timestamp="2019-06-17T06:15:45.951">
  <memory-copied type="eden" objects="18" bytes="312" bytesdiscarded="0" />
  <memory-copied type="other" objects="0" bytes="0" bytesdiscarded="0" />
  <memory-cardclean objects="164" bytes="6072" />
  <regions eden="4" other="1" />
  <remembered-set-cleared processed="791" cleared="19" durationms="0.050" />
  <stringconstants candidates="3831" cleared="0"  />
</gc-op>
<gc-op id="92" type="classunload" timems="0.001" contextid="88" timestamp="2019-06-17T06:15:45.951">
  <classunload-info classloadercandidates="6" classloadersunloaded="0" classesunloaded="0" anonymousclassesunloaded="0" quiescems="0.000" setupms="0.001" scanms="0.000" postms="0.000" />
</gc-op>
<gc-op id="93" type="compact" timems="0.710" contextid="88" timestamp="2019-06-17T06:15:45.952">
  <compact-info movecount="0" movebytes="0" />
  <remembered-set-cleared processed="1580" cleared="19" durationms="0.050" />
</gc-op>
<gc-end id="94" type="partial gc" contextid="88" durationms="2.291" usertimems="4.000" systemtimems="0.000" timestamp="2019-06-17T06:15:45.952" activeThreads="4">
  <mem-info id="95" free="5242880" total="8388608" percent="62">
    <mem type="eden" free="1048264" total="1048576" percent="99" />
    <remembered-set count="1408" freebytes="329216" totalbytes="334848" percent="98" regionsoverflowed="0" regionsstable="0" regionsrebuilding="1"/>
  </mem-info>
</gc-end>
<cycle-end id="96" type="partial gc" contextid="88" timestamp="2019-06-17T06:15:45.952" />
  <attribute name="elasticGC enabled" value="1" />
  <attribute name= "numThreadsSpecified" value="4" />
  <attribute name="heapSize specified" value="0" />
  <attribute name="Current GC Util" value="0" />
  <attribute name= "Current Time Running" value="6468" />
  <attribute name ="GC Interval" value="0" />
  <attribute name="ProportionalT" value="-20.000000" />
  <attribute name="ProportionalI" value="-20.000000" />
  <attribute name="ProportionalH" value="-20.000000" />
  <attribute name="Current Error" value="-20.000000" />
  <attribute name="IntegralT" value="-20.000000" />
  <attribute name="IntegralI" value="-20.000000" />
  <attribute name="IntegralH" value="-20.000000" />
  <attribute name="DerivativeT" value="-50.000000" />
  <attribute name="DerivativeI" value="-50.000000" />
  <attribute name="DerivativeH" value="-50.000000" />
  <attribute name="Loop Time for DT" value="1.000000" />
  <attribute name="Output H" value="2091843584"/>
  <attribute name="Output I" value="200"/>
  <attribute name="Output T" value="4"/>
  <attribute name="Target GC Util Change" value ="20.000000" />
  <attribute name="Current GC Util Change" value="0.000000"/>
  <attribute name="GC Util currently" value="0" />
  <attribute name="CPU Util currently" value="5567443470780" />
<exclusive-end id="97" timestamp="2019-06-17T06:15:45.952" durationms="2.925" />

<exclusive-start id="98" timestamp="2019-06-17T06:15:46.544" intervalms="594.665">
  <response-info timems="0.031" idlems="0.031" threads="0" lastid="00000000028DD100" lastname="node-1" />
</exclusive-start>
<allocation-taxation id="99" taxation-threshold="2097152" timestamp="2019-06-17T06:15:46.544" intervalms="594.722" />
<gc-start id="100" type="global mark phase" contextid="77" timestamp="2019-06-17T06:15:46.544">
  <mem-info id="101" free="3145728" total="8388608" percent="37">
    <remembered-set count="1408" freebytes="329216" totalbytes="334848" percent="98" regionsoverflowed="0" regionsstable="0" regionsrebuilding="1"/>
  </mem-info>
</gc-start>
<gc-op id="102" type="mark increment" timems="1.125" contextid="77" timestamp="2019-06-17T06:15:46.546">
  <trace-info objectcount="29" scancount="27" scanbytes="584" />
  <cardclean-info objects="185" bytes="6472" />
  <finalization candidates="13" enqueued="0" />
  <references type="soft" candidates="66" cleared="0" enqueued="0" dynamicThreshold="20" maxThreshold="32" />
  <references type="weak" candidates="143" cleared="0" enqueued="0" />
  <references type="phantom" candidates="57" cleared="0" enqueued="0" />
  <stringconstants candidates="3831" cleared="0"  />
</gc-op>
<gc-op id="103" type="classunload" timems="0.001" contextid="77" timestamp="2019-06-17T06:15:46.546">
  <classunload-info classloadercandidates="6" classloadersunloaded="0" classesunloaded="0" anonymousclassesunloaded="0" quiescems="0.000" setupms="0.001" scanms="0.000" postms="0.000" />
</gc-op>
<gc-end id="104" type="global mark phase" contextid="77" durationms="1.555" usertimems="0.000" systemtimems="0.000" timestamp="2019-06-17T06:15:46.546" activeThreads="4">
  <mem-info id="105" free="3145728" total="8388608" percent="37">
    <remembered-set count="1408" freebytes="329216" totalbytes="334848" percent="98" regionsoverflowed="0" regionsstable="0" regionsrebuilding="0"/>
  </mem-info>
</gc-end>
<cycle-end id="106" type="global mark phase" contextid="77" timestamp="2019-06-17T06:15:46.546" />
  <attribute name="elasticGC enabled" value="1" />
  <attribute name= "numThreadsSpecified" value="4" />
  <attribute name="heapSize specified" value="0" />
  <attribute name="Current GC Util" value="31" />
  <attribute name= "Current Time Running" value="7062" />
  <attribute name ="GC Interval" value="0" />
  <attribute name="ProportionalT" value="11.000000" />
  <attribute name="ProportionalI" value="11.000000" />
  <attribute name="ProportionalH" value="11.000000" />
  <attribute name="Current Error" value="11.000000" />
  <attribute name="IntegralT" value="0.000000" />
  <attribute name="IntegralI" value="0.000000" />
  <attribute name="IntegralH" value="0.000000" />
  <attribute name="DerivativeT" value="-inf" />
  <attribute name="DerivativeI" value="-inf" />
  <attribute name="DerivativeH" value="-inf" />
  <attribute name="Loop Time for DT" value="0.000000" />
  <attribute name="Output H" value="2091843584"/>
  <attribute name="Output I" value="200"/>
  <attribute name="Output T" value="4"/>
  <attribute name="Target GC Util Change" value ="20.000000" />
  <attribute name="Current GC Util Change" value="31.000000"/>
  <attribute name="GC Util currently" value="31" />
  <attribute name="CPU Util currently" value="38654915321581" />
<exclusive-end id="107" timestamp="2019-06-17T06:15:46.546" durationms="2.175" />

<exclusive-start id="108" timestamp="2019-06-17T06:15:47.169" intervalms="625.265">
  <response-info timems="0.026" idlems="0.026" threads="0" lastid="00000000028DD100" lastname="node-1" />
</exclusive-start>
<allocation-taxation id="109" taxation-threshold="2097152" timestamp="2019-06-17T06:15:47.169" intervalms="625.209" />
<cycle-start id="110" type="partial gc" contextid="0" timestamp="2019-06-17T06:15:47.170" intervalms="1219.937" />
<gc-start id="111" type="partial gc" contextid="110" timestamp="2019-06-17T06:15:47.170">
  <mem-info id="112" free="1048576" total="8388608" percent="12">
    <mem type="eden" free="1048264" total="5242880" percent="19" />
    <remembered-set count="640" freebytes="332288" totalbytes="334848" percent="99" regionsoverflowed="0" regionsstable="1" regionsrebuilding="0"/>
  </mem-info>
</gc-start>
<allocation-stats totalBytes="4193696" >
  <allocated-bytes non-tlh="0" tlh="4193696" arrayletleaf="0"/>
  <largest-consumer threadName="node-2" threadId="00000000028E0D00" bytes="749512" />
</allocation-stats>
<gc-op id="113" type="sweep" timems="0.391" contextid="110" timestamp="2019-06-17T06:15:47.170" />
<gc-op id="114" type="copy forward" timems="0.955" contextid="110" timestamp="2019-06-17T06:15:47.172">
  <memory-copied type="eden" objects="18" bytes="312" bytesdiscarded="664" />
  <memory-copied type="other" objects="0" bytes="0" bytesdiscarded="0" />
  <memory-cardclean objects="164" bytes="6072" />
  <regions eden="2" other="1" />
  <remembered-set-cleared processed="30" cleared="1" durationms="0.049" />
  <stringconstants candidates="3831" cleared="0"  />
</gc-op>
<gc-op id="115" type="classunload" timems="0.001" contextid="110" timestamp="2019-06-17T06:15:47.172">
  <classunload-info classloadercandidates="6" classloadersunloaded="0" classesunloaded="0" anonymousclassesunloaded="0" quiescems="0.000" setupms="0.001" scanms="0.000" postms="0.000" />
</gc-op>
<gc-op id="116" type="compact" timems="0.896" contextid="110" timestamp="2019-06-17T06:15:47.173">
  <compact-info movecount="0" movebytes="0" />
  <remembered-set-cleared processed="71" cleared="1" durationms="0.049" />
</gc-op>
<gc-end id="117" type="partial gc" contextid="110" durationms="3.447" usertimems="4.000" systemtimems="0.000" timestamp="2019-06-17T06:15:47.173" activeThreads="4">
  <mem-info id="118" free="5242880" total="8388608" percent="62">
    <mem type="eden" free="1047600" total="1048576" percent="99" />
    <remembered-set count="128" freebytes="334336" totalbytes="334848" percent="99" regionsoverflowed="0" regionsstable="1" regionsrebuilding="0"/>
  </mem-info>
</gc-end>
<cycle-end id="119" type="partial gc" contextid="110" timestamp="2019-06-17T06:15:47.173" />
  <attribute name="elasticGC enabled" value="1" />
  <attribute name= "numThreadsSpecified" value="4" />
  <attribute name="heapSize specified" value="0" />
  <attribute name="Current GC Util" value="72" />
  <attribute name= "Current Time Running" value="7689" />
  <attribute name ="GC Interval" value="0" />
  <attribute name="ProportionalT" value="52.000000" />
  <attribute name="ProportionalI" value="52.000000" />
  <attribute name="ProportionalH" value="52.000000" />
  <attribute name="Current Error" value="52.000000" />
  <attribute name="IntegralT" value="104.000000" />
  <attribute name="IntegralI" value="104.000000" />
  <attribute name="IntegralH" value="104.000000" />
  <attribute name="DerivativeT" value="26.000000" />
  <attribute name="DerivativeI" value="26.000000" />
  <attribute name="DerivativeH" value="26.000000" />
  <attribute name="Loop Time for DT" value="2.000000" />
  <attribute name="Output H" value="8388608"/>
  <attribute name="Output I" value="200"/>
  <attribute name="Output T" value="4"/>
  <attribute name="Target GC Util Change" value ="20.000000" />
  <attribute name="Current GC Util Change" value="72.000000"/>
  <attribute name="GC Util currently" value="72" />
  <attribute name="CPU Util currently" value="3637983398766" />
<exclusive-end id="120" timestamp="2019-06-17T06:15:47.174" durationms="4.187" />

<exclusive-start id="121" timestamp="2019-06-17T06:15:47.815" intervalms="645.498">
  <response-info timems="0.028" idlems="0.028" threads="0" lastid="00000000028DD100" lastname="node-1" />
</exclusive-start>
<allocation-taxation id="122" taxation-threshold="2097152" timestamp="2019-06-17T06:15:47.815" intervalms="645.498" />
<cycle-start id="123" type="global mark phase" contextid="0" timestamp="2019-06-17T06:15:47.815" intervalms="2466.477" />
<gc-start id="124" type="global mark phase" contextid="123" timestamp="2019-06-17T06:15:47.815">
  <mem-info id="125" free="3145728" total="8388608" percent="37">
    <remembered-set count="128" freebytes="334336" totalbytes="334848" percent="99" regionsoverflowed="0" regionsstable="1" regionsrebuilding="0"/>
  </mem-info>
</gc-start>
<gc-op id="126" type="mark increment" timems="0.370" contextid="123" timestamp="2019-06-17T06:15:47.816">
  <trace-info objectcount="138" scancount="0" scanbytes="0" />
</gc-op>
<gc-end id="127" type="global mark phase" contextid="123" durationms="0.486" usertimems="0.000" systemtimems="0.000" timestamp="2019-06-17T06:15:47.816" activeThreads="1">
  <mem-info id="128" free="3145728" total="8388608" percent="37">
    <remembered-set count="128" freebytes="334336" totalbytes="334848" percent="99" regionsoverflowed="0" regionsstable="0" regionsrebuilding="1"/>
  </mem-info>
</gc-end>
<concurrent-start id="129" type="GMP work packet processing" contextid="123" timestamp="2019-06-17T06:15:47.816">
  <concurrent-mark-start scanTarget="18446744073709551615" />
</concurrent-start>
<exclusive-end id="130" timestamp="2019-06-17T06:15:47.818" durationms="3.116" />

<concurrent-end id="131" type="GMP work packet processing" contextid="123" timestamp="2019-06-17T06:15:47.818">
  <concurrent-mark-end bytesScanned="1181468" reasonForTermination="Completed all work in GC phase" />
</concurrent-end>

<exclusive-start id="132" timestamp="2019-06-17T06:15:48.416" intervalms="601.234">
  <response-info timems="0.026" idlems="0.026" threads="0" lastid="00000000028D9500" lastname="node-0" />
</exclusive-start>
<allocation-taxation id="133" taxation-threshold="2097152" timestamp="2019-06-17T06:15:48.416" intervalms="601.255" />
<cycle-start id="134" type="partial gc" contextid="0" timestamp="2019-06-17T06:15:48.416" intervalms="1246.756" />
<gc-start id="135" type="partial gc" contextid="134" timestamp="2019-06-17T06:15:48.417">
  <mem-info id="136" free="1048576" total="8388608" percent="12">
    <mem type="eden" free="1047600" total="5242880" percent="19" />
    <remembered-set count="896" freebytes="331264" totalbytes="334848" percent="98" regionsoverflowed="0" regionsstable="0" regionsrebuilding="1"/>
  </mem-info>
</gc-start>
<allocation-stats totalBytes="4192448" >
  <allocated-bytes non-tlh="0" tlh="4192448" arrayletleaf="0"/>
  <largest-consumer threadName="node-1" threadId="00000000028DD100" bytes="770000" />
</allocation-stats>
<gc-op id="137" type="copy forward" timems="0.558" contextid="134" timestamp="2019-06-17T06:15:48.418">
  <memory-copied type="eden" objects="19" bytes="336" bytesdiscarded="0" />
  <memory-copied type="other" objects="0" bytes="0" bytesdiscarded="0" />
  <memory-cardclean objects="164" bytes="6072" />
  <regions eden="4" other="1" />
  <remembered-set-cleared processed="795" cleared="18" durationms="0.050" />
  <stringconstants candidates="3831" cleared="0"  />
</gc-op>
<gc-op id="138" type="classunload" timems="0.001" contextid="134" timestamp="2019-06-17T06:15:48.418">
  <classunload-info classloadercandidates="6" classloadersunloaded="0" classesunloaded="0" anonymousclassesunloaded="0" quiescems="0.000" setupms="0.001" scanms="0.000" postms="0.000" />
</gc-op>
<gc-op id="139" type="compact" timems="0.879" contextid="134" timestamp="2019-06-17T06:15:48.419">
  <compact-info movecount="0" movebytes="0" />
  <remembered-set-cleared processed="1589" cleared="18" durationms="0.052" />
</gc-op>
<gc-end id="140" type="partial gc" contextid="134" durationms="2.586" usertimems="0.000" systemtimems="4.000" timestamp="2019-06-17T06:15:48.419" activeThreads="4">
  <mem-info id="141" free="5242880" total="8388608" percent="62">
    <mem type="eden" free="1048240" total="1048576" percent="99" />
    <remembered-set count="928" freebytes="331136" totalbytes="334848" percent="98" regionsoverflowed="0" regionsstable="0" regionsrebuilding="1"/>
  </mem-info>
</gc-end>
<cycle-end id="142" type="partial gc" contextid="134" timestamp="2019-06-17T06:15:48.419" />
  <attribute name="elasticGC enabled" value="1" />
  <attribute name= "numThreadsSpecified" value="4" />
  <attribute name="heapSize specified" value="0" />
  <attribute name="Current GC Util" value="0" />
  <attribute name= "Current Time Running" value="8935" />
  <attribute name ="GC Interval" value="0" />
  <attribute name="ProportionalT" value="-20.000000" />
  <attribute name="ProportionalI" value="-20.000000" />
  <attribute name="ProportionalH" value="-20.000000" />
  <attribute name="Current Error" value="-20.000000" />
  <attribute name="IntegralT" value="-20.000000" />
  <attribute name="IntegralI" value="-20.000000" />
  <attribute name="IntegralH" value="-20.000000" />
  <attribute name="DerivativeT" value="-52.000000" />
  <attribute name="DerivativeI" value="-52.000000" />
  <attribute name="DerivativeH" value="-52.000000" />
  <attribute name="Loop Time for DT" value="1.000000" />
  <attribute name="Output H" value="2091843584"/>
  <attribute name="Output I" value="200"/>
  <attribute name="Output T" value="4"/>
  <attribute name="Target GC Util Change" value ="20.000000" />
  <attribute name="Current GC Util Change" value="0.000000"/>
  <attribute name="GC Util currently" value="0" />
  <attribute name="CPU Util currently" value="5369937269657" />
<exclusive-end id="143" timestamp="2019-06-17T06:15:48.419" durationms="3.279" />

</verbosegc>

