<?xml version="1.0" ?>

<verbosegc xmlns="http://www.ibm.com/j9/verbosegc" version="10b4217_CMPRSS">

<initialized id="1" timestamp="2019-06-17T03:33:13.300">
  <attribute name="gcPolicy" value="-Xgcpolicy:gencon" />
  <attribute name="elasticGC enabled" value="1" />
  <attribute name= "numThreadsSpecified" value="0" />
  <attribute name="heapSize specified" value="0" />
  <attribute name="Current GC Util" value="0" />
  <attribute name= "Current Time Running" value="0" />
  <attribute name ="GC Interval" value="0" />
  <attribute name="ProportionalT" value="0.000000" />
  <attribute name="ProportionalI" value="0.000000" />
  <attribute name="ProportionalH" value="0.000000" />
  <attribute name="IntegralT" value="0.000000" />
  <attribute name="IntegralI" value="0.000000" />
  <attribute name="IntegralH" value="0.000000" />
  <attribute name="DerivativeT" value="0.000000" />
  <attribute name="DerivativeI" value="0.000000" />
  <attribute name="DerivativeH" value="0.000000" />
  <attribute name="Target GC Util Change" value ="0.000000" />
  <attribute name="Current GC Util Change" value="0.000000"/>
  <attribute name="Current Error" value="0.000000" />
  <attribute name="Loop Time for DT" value="0.000000" />
  <attribute name="Output H" value="0"/>
  <attribute name="Output I" value="0"/>
  <attribute name="Output T" value="0"/>
  <attribute name="GC Util currently" value="0" />
  <attribute name="CPU Util currently" value="0" />
  <attribute name="maxHeapSize" value="0x7cbc0000" />
  <attribute name="initialHeapSize" value="0x800000" />
  <attribute name="compressedRefs" value="true" />
  <attribute name="compressedRefsDisplacement" value="0x0" />
  <attribute name="compressedRefsShift" value="0x0" />
  <attribute name="pageSize" value="0x1000" />
  <attribute name="pageType" value="not used" />
  <attribute name="requestedPageSize" value="0x1000" />
  <attribute name="requestedPageType" value="not used" />
  <attribute name="gcthreads" value="4" />
  <attribute name="gcthreads Concurrent Mark" value="1" />
  <attribute name="packetListSplit" value="4" />
  <attribute name="cacheListSplit" value="4" />
  <attribute name="splitFreeListSplitAmount" value="1" />
  <attribute name="numaNodes" value="0" />
  <system>
    <attribute name="physicalMemory" value="8370958336" />
    <attribute name="numCPUs" value="4" />
    <attribute name="architecture" value="amd64" />
    <attribute name="os" value="Linux" />
    <attribute name="osVersion" value="4.4.0-150-generic" />
  </system>
  <vmargs>
    <vmarg name="-Xoptionsfile=/vagrant/jdk/lib/options.default" />
    <vmarg name="-Xlockword:mode=default,noLockword=java/lang/String,noLockword=java/util/MapEntry,noLockword=java/util/HashMap$Entry,noLockword..." />
    <vmarg name="-Xjcl:jclse29" />
    <vmarg name="-Dcom.ibm.oti.vm.bootstrap.library.path=/vagrant/jdk/lib/compressedrefs:/vagrant/jdk/lib" />
    <vmarg name="-Dsun.boot.library.path=/vagrant/jdk/lib/compressedrefs:/vagrant/jdk/lib" />
    <vmarg name="-Djava.library.path=/vagrant/jdk/lib/compressedrefs:/vagrant/jdk/lib:/usr/lib64:/usr/lib" />
    <vmarg name="-Djava.home=/vagrant/jdk" />
    <vmarg name="-Duser.dir=/vagrant" />
    <vmarg name="-Xgcpolicy:gencon" />
    <vmarg name="-Xgcelastic" />
    <vmarg name="-Xcheck:gc:::elasticGC" />
    <vmarg name="-verbose:gc" />
    <vmarg name="-Xloggc:jdk1.5-1-1.5-default-GEN-4CORE-elasticverbose9xalan.txt" />
    <vmarg name="-Djava.class.path=dacapo-9.12-MR1-bach.jar" />
    <vmarg name="-Dsun.java.command=dacapo-9.12-MR1-bach.jar xalan --size=default" />
    <vmarg name="-Dsun.java.launcher=SUN_STANDARD" />
    <vmarg name="-Dsun.java.launcher.pid=5844" />
  </vmargs>
</initialized>

<exclusive-start id="2" timestamp="2019-06-17T03:33:13.482" intervalms="182.400">
  <response-info timems="0.028" idlems="0.028" threads="0" lastid="00000000009FB700" lastname="main" />
</exclusive-start>
<af-start id="3" threadId="00000000009FC088" totalBytesRequested="3080" timestamp="2019-06-17T03:33:13.482" intervalms="182.598" type="nursery" />
<cycle-start id="4" type="scavenge" contextid="0" timestamp="2019-06-17T03:33:13.483" intervalms="182.975" />
<gc-start id="5" type="scavenge" contextid="4" timestamp="2019-06-17T03:33:13.488">
  <mem-info id="6" free="6062624" total="8388608" percent="72">
    <mem type="nursery" free="0" total="2097152" percent="0">
      <mem type="allocate" free="0" total="1048576" percent="0" />
      <mem type="survivor" free="0" total="1048576" percent="0" />
    </mem>
    <mem type="tenure" free="6062624" total="6291456" percent="96">
      <mem type="soa" free="5748256" total="5977088" percent="96" />
      <mem type="loa" free="314368" total="314368" percent="100" />
    </mem>
    <remembered-set count="3161" />
  </mem-info>
</gc-start>
<allocation-stats totalBytes="1270952" >
  <allocated-bytes non-tlh="344784" tlh="926168" />
  <largest-consumer threadName="main" threadId="00000000009FB700" bytes="1197376" />
</allocation-stats>
<gc-op id="7" type="scavenge" timems="1.675" contextid="4" timestamp="2019-06-17T03:33:13.490">
  <scavenger-info tenureage="2" tenuremask="fffc" tiltratio="50" />
  <memory-copied type="nursery" objects="10578" bytes="477552" bytesdiscarded="146136" />
  <finalization candidates="11" enqueued="0" />
  <references type="soft" candidates="62" cleared="0" enqueued="0" dynamicThreshold="32" maxThreshold="32" />
  <references type="weak" candidates="309" cleared="177" enqueued="141" />
  <references type="phantom" candidates="25" cleared="6" enqueued="6" />
</gc-op>
<gc-end id="8" type="scavenge" contextid="4" durationms="5.100" usertimems="8.000" systemtimems="0.000" timestamp="2019-06-17T03:33:13.493" activeThreads="4">
  <mem-info id="9" free="6485416" total="8388608" percent="77">
    <mem type="nursery" free="422792" total="2097152" percent="20">
      <mem type="allocate" free="422792" total="1048576" percent="40" />
      <mem type="survivor" free="0" total="1048576" percent="0" />
    </mem>
    <mem type="tenure" free="6062624" total="6291456" percent="96">
      <mem type="soa" free="5748256" total="5977088" percent="96" />
      <mem type="loa" free="314368" total="314368" percent="100" />
    </mem>
    <pending-finalizers system="0" default="0" reference="147" classloader="0" />
    <remembered-set count="3161" />
  </mem-info>
</gc-end>
<cycle-end id="10" type="scavenge" contextid="4" timestamp="2019-06-17T03:33:13.493" />
  <attribute name="elasticGC enabled" value="1" />
  <attribute name= "numThreadsSpecified" value="0" />
  <attribute name="heapSize specified" value="0" />
  <attribute name="Current GC Util" value="0" />
  <attribute name= "Current Time Running" value="69" />
  <attribute name ="GC Interval" value="1" />
  <attribute name="ProportionalT" value="0.000000" />
  <attribute name="ProportionalI" value="0.000000" />
  <attribute name="ProportionalH" value="0.000000" />
  <attribute name="Current Error" value="0.000000" />
  <attribute name="IntegralT" value="0.000000" />
  <attribute name="IntegralI" value="0.000000" />
  <attribute name="IntegralH" value="0.000000" />
  <attribute name="DerivativeT" value="0.000000" />
  <attribute name="DerivativeI" value="0.000000" />
  <attribute name="DerivativeH" value="0.000000" />
  <attribute name="Loop Time for DT" value="0.000000" />
  <attribute name="Output H" value="0"/>
  <attribute name="Output I" value="0"/>
  <attribute name="Output T" value="0"/>
  <attribute name="Target GC Util Change" value ="20.000000" />
  <attribute name="Current GC Util Change" value="0.000000"/>
  <attribute name="GC Util currently" value="0" />
  <attribute name="CPU Util currently" value="28" />
<allocation-satisfied id="11" threadId="00000000009FB700" bytesRequested="3080" />
<af-end id="12" timestamp="2019-06-17T03:33:13.493" threadId="00000000009FC088" success="true" from="nursery"/>
<exclusive-end id="13" timestamp="2019-06-17T03:33:13.493" durationms="11.055" />

<exclusive-start id="14" timestamp="2019-06-17T03:33:13.545" intervalms="62.498">
  <response-info timems="0.182" idlems="0.182" threads="0" lastid="00000000009FB700" lastname="main" />
</exclusive-start>
<af-start id="15" threadId="00000000009FC088" totalBytesRequested="15200" timestamp="2019-06-17T03:33:13.545" intervalms="62.668" type="nursery" />
<cycle-start id="16" type="scavenge" contextid="0" timestamp="2019-06-17T03:33:13.545" intervalms="62.638" />
<gc-start id="17" type="scavenge" contextid="16" timestamp="2019-06-17T03:33:13.562">
  <mem-info id="18" free="6054888" total="8388608" percent="72">
    <mem type="nursery" free="0" total="2097152" percent="0">
      <mem type="allocate" free="0" total="1048576" percent="0" />
      <mem type="survivor" free="0" total="1048576" percent="0" />
    </mem>
    <mem type="tenure" free="6054888" total="6291456" percent="96">
      <mem type="soa" free="5740520" total="5977088" percent="96" />
      <mem type="loa" free="314368" total="314368" percent="100" />
    </mem>
    <remembered-set count="3262" />
  </mem-info>
</gc-start>
<allocation-stats totalBytes="428712" >
  <allocated-bytes non-tlh="10816" tlh="417896" />
  <largest-consumer threadName="main" threadId="00000000009FB700" bytes="416736" />
</allocation-stats>
<gc-op id="19" type="scavenge" timems="4.657" contextid="16" timestamp="2019-06-17T03:33:13.567">
  <scavenger-info tenureage="5" tenuremask="7fe0" tiltratio="50" />
  <memory-copied type="nursery" objects="10883" bytes="485408" bytesdiscarded="60824" />
  <finalization candidates="11" enqueued="0" />
  <references type="soft" candidates="62" cleared="0" enqueued="0" dynamicThreshold="32" maxThreshold="32" />
  <references type="weak" candidates="240" cleared="95" enqueued="92" />
  <references type="phantom" candidates="35" cleared="11" enqueued="11" />
</gc-op>
<gc-end id="20" type="scavenge" contextid="16" durationms="5.684" usertimems="8.000" systemtimems="0.000" timestamp="2019-06-17T03:33:13.568" activeThreads="4">
  <mem-info id="21" free="6555768" total="8388608" percent="78">
    <mem type="nursery" free="500880" total="2097152" percent="23">
      <mem type="allocate" free="500880" total="1048576" percent="47" />
      <mem type="survivor" free="0" total="1048576" percent="0" />
    </mem>
    <mem type="tenure" free="6054888" total="6291456" percent="96">
      <mem type="soa" free="5740520" total="5977088" percent="96" />
      <mem type="loa" free="314368" total="314368" percent="100" />
    </mem>
    <pending-finalizers system="0" default="0" reference="103" classloader="0" />
    <remembered-set count="3262" />
  </mem-info>
</gc-end>
<cycle-end id="22" type="scavenge" contextid="16" timestamp="2019-06-17T03:33:13.568" />
  <attribute name="elasticGC enabled" value="1" />
  <attribute name= "numThreadsSpecified" value="4" />
  <attribute name="heapSize specified" value="0" />
  <attribute name="Current GC Util" value="14" />
  <attribute name= "Current Time Running" value="144" />
  <attribute name ="GC Interval" value="200" />
  <attribute name="ProportionalT" value="-9.000000" />
  <attribute name="ProportionalI" value="-9.000000" />
  <attribute name="ProportionalH" value="-9.000000" />
  <attribute name="Current Error" value="-6.000000" />
  <attribute name="IntegralT" value="-450.000000" />
  <attribute name="IntegralI" value="-450.000000" />
  <attribute name="IntegralH" value="-450.000000" />
  <attribute name="DerivativeT" value="-0.120000" />
  <attribute name="DerivativeI" value="-0.120000" />
  <attribute name="DerivativeH" value="-0.120000" />
  <attribute name="Loop Time for DT" value="75.000000" />
  <attribute name="Output H" value="2092630016"/>
  <attribute name="Output I" value="200"/>
  <attribute name="Output T" value="4"/>
  <attribute name="Target GC Util Change" value ="20.000000" />
  <attribute name="Current GC Util Change" value="14.000000"/>
  <attribute name="GC Util currently" value="14" />
  <attribute name="CPU Util currently" value="6" />
<allocation-satisfied id="23" threadId="00000000009FB700" bytesRequested="15200" />
<af-end id="24" timestamp="2019-06-17T03:33:13.568" threadId="00000000009FC088" success="true" from="nursery"/>
<exclusive-end id="25" timestamp="2019-06-17T03:33:13.569" durationms="24.156" />

<exclusive-start id="26" timestamp="2019-06-17T03:33:13.592" intervalms="47.772">
  <response-info timems="0.093" idlems="0.093" threads="0" lastid="00000000009FB700" lastname="main" />
</exclusive-start>
<af-start id="27" threadId="00000000009FC088" totalBytesRequested="20232" timestamp="2019-06-17T03:33:13.593" intervalms="47.561" type="nursery" />
<cycle-start id="28" type="scavenge" contextid="0" timestamp="2019-06-17T03:33:13.593" intervalms="47.356" />
<gc-start id="29" type="scavenge" contextid="28" timestamp="2019-06-17T03:33:13.593">
  <mem-info id="30" free="6052200" total="8388608" percent="72">
    <mem type="nursery" free="0" total="2097152" percent="0">
      <mem type="allocate" free="0" total="1048576" percent="0" />
      <mem type="survivor" free="0" total="1048576" percent="0" />
    </mem>
    <mem type="tenure" free="6052200" total="6291456" percent="96">
      <mem type="soa" free="5737832" total="5977088" percent="95" />
      <mem type="loa" free="314368" total="314368" percent="100" />
    </mem>
    <remembered-set count="3295" />
  </mem-info>
</gc-start>
<allocation-stats totalBytes="482720" >
  <allocated-bytes non-tlh="17888" tlh="464832" />
  <largest-consumer threadName="main" threadId="00000000009FB700" bytes="474528" />
</allocation-stats>
<gc-op id="31" type="scavenge" timems="1.091" contextid="28" timestamp="2019-06-17T03:33:13.594">
  <scavenger-info tenureage="4" tenuremask="7ff0" tiltratio="50" />
  <memory-copied type="nursery" objects="10936" bytes="574848" bytesdiscarded="41024" />
  <finalization candidates="11" enqueued="0" />
  <references type="soft" candidates="62" cleared="0" enqueued="0" dynamicThreshold="32" maxThreshold="32" />
  <references type="weak" candidates="225" cleared="77" enqueued="77" />
  <references type="phantom" candidates="39" cleared="11" enqueued="11" />
</gc-op>
<gc-end id="32" type="scavenge" contextid="28" durationms="1.485" usertimems="4.000" systemtimems="0.000" timestamp="2019-06-17T03:33:13.594" activeThreads="4">
  <mem-info id="33" free="6483440" total="8388608" percent="77">
    <mem type="nursery" free="431240" total="2097152" percent="20">
      <mem type="allocate" free="431240" total="1048576" percent="41" />
      <mem type="survivor" free="0" total="1048576" percent="0" />
    </mem>
    <mem type="tenure" free="6052200" total="6291456" percent="96">
      <mem type="soa" free="5737832" total="5977088" percent="95" />
      <mem type="loa" free="314368" total="314368" percent="100" />
    </mem>
    <pending-finalizers system="0" default="0" reference="88" classloader="0" />
    <remembered-set count="1025" />
  </mem-info>
</gc-end>
<cycle-end id="34" type="scavenge" contextid="28" timestamp="2019-06-17T03:33:13.594" />
  <attribute name="elasticGC enabled" value="1" />
  <attribute name= "numThreadsSpecified" value="4" />
  <attribute name="heapSize specified" value="0" />
  <attribute name="Current GC Util" value="77" />
  <attribute name= "Current Time Running" value="174" />
  <attribute name ="GC Interval" value="1352" />
  <attribute name="ProportionalT" value="85.500000" />
  <attribute name="ProportionalI" value="85.500000" />
  <attribute name="ProportionalH" value="85.500000" />
  <attribute name="Current Error" value="57.000000" />
  <attribute name="IntegralT" value="1260.000000" />
  <attribute name="IntegralI" value="1260.000000" />
  <attribute name="IntegralH" value="1260.000000" />
  <attribute name="DerivativeT" value="2.850000" />
  <attribute name="DerivativeI" value="2.850000" />
  <attribute name="DerivativeH" value="2.850000" />
  <attribute name="Loop Time for DT" value="30.000000" />
  <attribute name="Output H" value="8388608"/>
  <attribute name="Output I" value="1352"/>
  <attribute name="Output T" value="4"/>
  <attribute name="Target GC Util Change" value ="20.000000" />
  <attribute name="Current GC Util Change" value="77.000000"/>
  <attribute name="GC Util currently" value="77" />
  <attribute name="CPU Util currently" value="4" />
<allocation-satisfied id="35" threadId="00000000009FB700" bytesRequested="20232" />
<af-end id="36" timestamp="2019-06-17T03:33:13.595" threadId="00000000009FC088" success="true" from="nursery"/>
<exclusive-end id="37" timestamp="2019-06-17T03:33:13.595" durationms="2.237" />

<exclusive-start id="38" timestamp="2019-06-17T03:33:14.023" intervalms="430.456">
  <response-info timems="0.076" idlems="0.076" threads="0" lastid="00000000009FB700" lastname="main" />
</exclusive-start>
<af-start id="39" threadId="00000000009FC088" totalBytesRequested="8200" timestamp="2019-06-17T03:33:14.023" intervalms="430.468" type="nursery" />
<cycle-start id="40" type="scavenge" contextid="0" timestamp="2019-06-17T03:33:14.023" intervalms="430.467" />
<gc-start id="41" type="scavenge" contextid="40" timestamp="2019-06-17T03:33:14.023">
  <mem-info id="42" free="6047368" total="8388608" percent="72">
    <mem type="nursery" free="0" total="2097152" percent="0">
      <mem type="allocate" free="0" total="1048576" percent="0" />
      <mem type="survivor" free="0" total="1048576" percent="0" />
    </mem>
    <mem type="tenure" free="6047368" total="6291456" percent="96">
      <mem type="soa" free="5733000" total="5977088" percent="95" />
      <mem type="loa" free="314368" total="314368" percent="100" />
    </mem>
    <remembered-set count="1106" />
  </mem-info>
</gc-start>
<allocation-stats totalBytes="432368" >
  <allocated-bytes non-tlh="25064" tlh="407304" />
  <largest-consumer threadName="main" threadId="00000000009FB700" bytes="432368" />
</allocation-stats>
<gc-op id="43" type="scavenge" timems="1.584" contextid="40" timestamp="2019-06-17T03:33:14.025">
  <scavenger-info tenureage="3" tenuremask="fff8" tiltratio="50" />
  <memory-copied type="nursery" objects="778" bytes="120968" bytesdiscarded="88536" />
  <memory-copied type="tenure" objects="10289" bytes="460024" bytesdiscarded="952" />
  <finalization candidates="14" enqueued="1" />
  <references type="soft" candidates="1" cleared="0" enqueued="0" dynamicThreshold="32" maxThreshold="32" />
  <references type="weak" candidates="71" cleared="56" enqueued="56" />
  <references type="phantom" candidates="23" cleared="13" enqueued="13" />
</gc-op>
<gc-end id="44" type="scavenge" contextid="40" durationms="1.939" usertimems="0.000" systemtimems="0.000" timestamp="2019-06-17T03:33:14.025" activeThreads="4">
  <mem-info id="45" free="6196824" total="8388608" percent="73">
    <mem type="nursery" free="839000" total="2097152" percent="40">
      <mem type="allocate" free="839000" total="1048576" percent="80" />
      <mem type="survivor" free="0" total="1048576" percent="0" />
    </mem>
    <mem type="tenure" free="5357824" total="6291456" percent="85">
      <mem type="soa" free="5043456" total="5977088" percent="84" />
      <mem type="loa" free="314368" total="314368" percent="100" />
    </mem>
    <pending-finalizers system="1" default="0" reference="69" classloader="0" />
    <remembered-set count="222" />
  </mem-info>
</gc-end>
<cycle-end id="46" type="scavenge" contextid="40" timestamp="2019-06-17T03:33:14.025" />
  <attribute name="elasticGC enabled" value="1" />
  <attribute name= "numThreadsSpecified" value="4" />
  <attribute name="heapSize specified" value="0" />
  <attribute name="Current GC Util" value="0" />
  <attribute name= "Current Time Running" value="605" />
  <attribute name ="GC Interval" value="200" />
  <attribute name="ProportionalT" value="-30.000000" />
  <attribute name="ProportionalI" value="-30.000000" />
  <attribute name="ProportionalH" value="-30.000000" />
  <attribute name="Current Error" value="-20.000000" />
  <attribute name="IntegralT" value="-7360.000000" />
  <attribute name="IntegralI" value="-7360.000000" />
  <attribute name="IntegralH" value="-7360.000000" />
  <attribute name="DerivativeT" value="-0.267981" />
  <attribute name="DerivativeI" value="-0.267981" />
  <attribute name="DerivativeH" value="-0.267981" />
  <attribute name="Loop Time for DT" value="431.000000" />
  <attribute name="Output H" value="2092630016"/>
  <attribute name="Output I" value="200"/>
  <attribute name="Output T" value="4"/>
  <attribute name="Target GC Util Change" value ="20.000000" />
  <attribute name="Current GC Util Change" value="0.000000"/>
  <attribute name="GC Util currently" value="0" />
  <attribute name="CPU Util currently" value="5" />
<allocation-satisfied id="47" threadId="00000000009FB700" bytesRequested="8200" />
<af-end id="48" timestamp="2019-06-17T03:33:14.026" threadId="00000000009FC088" success="true" from="nursery"/>
<exclusive-end id="49" timestamp="2019-06-17T03:33:14.026" durationms="2.802" />

<exclusive-start id="50" timestamp="2019-06-17T03:33:14.572" intervalms="548.829">
  <response-info timems="0.051" idlems="0.051" threads="0" lastid="00000000009FB700" lastname="main" />
</exclusive-start>
<af-start id="51" threadId="00000000009FC088" totalBytesRequested="1032" timestamp="2019-06-17T03:33:14.572" intervalms="548.777" type="nursery" />
<cycle-start id="52" type="scavenge" contextid="0" timestamp="2019-06-17T03:33:14.572" intervalms="548.730" />
<gc-start id="53" type="scavenge" contextid="52" timestamp="2019-06-17T03:33:14.572">
  <mem-info id="54" free="5355344" total="8388608" percent="63">
    <mem type="nursery" free="0" total="2097152" percent="0">
      <mem type="allocate" free="0" total="1048576" percent="0" />
      <mem type="survivor" free="0" total="1048576" percent="0" />
    </mem>
    <mem type="tenure" free="5355344" total="6291456" percent="85">
      <mem type="soa" free="5040976" total="5977088" percent="84" />
      <mem type="loa" free="314368" total="314368" percent="100" />
    </mem>
    <remembered-set count="264" />
  </mem-info>
</gc-start>
<allocation-stats totalBytes="840800" >
  <allocated-bytes non-tlh="336936" tlh="503864" />
  <largest-consumer threadName="main" threadId="00000000009FB700" bytes="840800" />
</allocation-stats>
<gc-op id="55" type="scavenge" timems="0.396" contextid="52" timestamp="2019-06-17T03:33:14.572">
  <scavenger-info tenureage="3" tenuremask="fff8" tiltratio="50" />
  <memory-copied type="nursery" objects="1530" bytes="585568" bytesdiscarded="71456" />
  <memory-copied type="tenure" objects="300" bytes="15040" bytesdiscarded="0" />
  <finalization candidates="2" enqueued="0" />
  <references type="soft" candidates="11" cleared="0" enqueued="0" dynamicThreshold="32" maxThreshold="32" />
  <references type="weak" candidates="18" cleared="16" enqueued="16" />
  <references type="phantom" candidates="33" cleared="2" enqueued="2" />
</gc-op>
<gc-end id="56" type="scavenge" contextid="52" durationms="0.587" usertimems="0.000" systemtimems="0.000" timestamp="2019-06-17T03:33:14.573" activeThreads="4">
  <mem-info id="57" free="5746808" total="8388608" percent="68">
    <mem type="nursery" free="391464" total="2097152" percent="18">
      <mem type="allocate" free="391464" total="1048576" percent="37" />
      <mem type="survivor" free="0" total="1048576" percent="0" />
    </mem>
    <mem type="tenure" free="5355344" total="6291456" percent="85">
      <mem type="soa" free="5040976" total="5977088" percent="84" />
      <mem type="loa" free="314368" total="314368" percent="100" />
    </mem>
    <pending-finalizers system="0" default="0" reference="18" classloader="0" />
    <remembered-set count="208" />
  </mem-info>
</gc-end>
<cycle-end id="58" type="scavenge" contextid="52" timestamp="2019-06-17T03:33:14.573" />
  <attribute name="elasticGC enabled" value="1" />
  <attribute name= "numThreadsSpecified" value="4" />
  <attribute name="heapSize specified" value="0" />
  <attribute name="Current GC Util" value="0" />
  <attribute name= "Current Time Running" value="1153" />
  <attribute name ="GC Interval" value="200" />
  <attribute name="ProportionalT" value="-30.000000" />
  <attribute name="ProportionalI" value="-30.000000" />
  <attribute name="ProportionalH" value="-30.000000" />
  <attribute name="Current Error" value="-20.000000" />
  <attribute name="IntegralT" value="-18320.000000" />
  <attribute name="IntegralI" value="-18320.000000" />
  <attribute name="IntegralH" value="-18320.000000" />
  <attribute name="DerivativeT" value="-0.054745" />
  <attribute name="DerivativeI" value="-0.054745" />
  <attribute name="DerivativeH" value="-0.054745" />
  <attribute name="Loop Time for DT" value="548.000000" />
  <attribute name="Output H" value="2092630016"/>
  <attribute name="Output I" value="200"/>
  <attribute name="Output T" value="4"/>
  <attribute name="Target GC Util Change" value ="20.000000" />
  <attribute name="Current GC Util Change" value="0.000000"/>
  <attribute name="GC Util currently" value="0" />
  <attribute name="CPU Util currently" value="1" />
<allocation-satisfied id="59" threadId="00000000009FB700" bytesRequested="1032" />
<af-end id="60" timestamp="2019-06-17T03:33:14.573" threadId="00000000009FC088" success="true" from="nursery"/>
<exclusive-end id="61" timestamp="2019-06-17T03:33:14.573" durationms="1.094" />

<exclusive-start id="62" timestamp="2019-06-17T03:33:14.588" intervalms="15.874">
  <response-info timems="0.053" idlems="0.053" threads="0" lastid="00000000009FB700" lastname="main" />
</exclusive-start>
<af-start id="63" threadId="00000000009FC088" totalBytesRequested="18440" timestamp="2019-06-17T03:33:14.588" intervalms="15.857" type="nursery" />
<cycle-start id="64" type="scavenge" contextid="0" timestamp="2019-06-17T03:33:14.588" intervalms="15.816" />
<gc-start id="65" type="scavenge" contextid="64" timestamp="2019-06-17T03:33:14.588">
  <mem-info id="66" free="5348728" total="8388608" percent="63">
    <mem type="nursery" free="0" total="2097152" percent="0">
      <mem type="allocate" free="0" total="1048576" percent="0" />
      <mem type="survivor" free="0" total="1048576" percent="0" />
    </mem>
    <mem type="tenure" free="5348728" total="6291456" percent="85">
      <mem type="soa" free="5034360" total="5977088" percent="84" />
      <mem type="loa" free="314368" total="314368" percent="100" />
    </mem>
    <remembered-set count="280" />
  </mem-info>
</gc-start>
<allocation-stats totalBytes="386200" >
  <allocated-bytes non-tlh="7648" tlh="378552" />
  <largest-consumer threadName="main" threadId="00000000009FB700" bytes="382104" />
</allocation-stats>
<gc-op id="67" type="scavenge" timems="0.389" contextid="64" timestamp="2019-06-17T03:33:14.588">
  <scavenger-info tenureage="2" tenuremask="7ffc" tiltratio="50" />
  <memory-copied type="nursery" objects="1369" bytes="559064" bytesdiscarded="125032" />
  <memory-copied type="tenure" objects="276" bytes="60232" bytesdiscarded="0" />
  <finalization candidates="2" enqueued="0" />
  <references type="soft" candidates="10" cleared="0" enqueued="0" dynamicThreshold="32" maxThreshold="32" />
  <references type="weak" candidates="24" cleared="23" enqueued="23" />
  <references type="phantom" candidates="27" cleared="0" enqueued="0" />
</gc-op>
<gc-end id="68" type="scavenge" contextid="64" durationms="0.541" usertimems="0.000" systemtimems="4.000" timestamp="2019-06-17T03:33:14.588" activeThreads="4">
  <mem-info id="69" free="5713168" total="8388608" percent="68">
    <mem type="nursery" free="364440" total="2097152" percent="17">
      <mem type="allocate" free="364440" total="1048576" percent="34" />
      <mem type="survivor" free="0" total="1048576" percent="0" />
    </mem>
    <mem type="tenure" free="5348728" total="6291456" percent="85">
      <mem type="soa" free="5034360" total="5977088" percent="84" />
      <mem type="loa" free="314368" total="314368" percent="100" />
    </mem>
    <pending-finalizers system="0" default="0" reference="23" classloader="0" />
    <remembered-set count="183" />
  </mem-info>
</gc-end>
<cycle-end id="70" type="scavenge" contextid="64" timestamp="2019-06-17T03:33:14.588" />
  <attribute name="elasticGC enabled" value="1" />
  <attribute name= "numThreadsSpecified" value="4" />
  <attribute name="heapSize specified" value="0" />
  <attribute name="Current GC Util" value="5" />
  <attribute name= "Current Time Running" value="1169" />
  <attribute name ="GC Interval" value="200" />
  <attribute name="ProportionalT" value="-22.500000" />
  <attribute name="ProportionalI" value="-22.500000" />
  <attribute name="ProportionalH" value="-22.500000" />
  <attribute name="Current Error" value="-15.000000" />
  <attribute name="IntegralT" value="-18560.000000" />
  <attribute name="IntegralI" value="-18560.000000" />
  <attribute name="IntegralH" value="-18560.000000" />
  <attribute name="DerivativeT" value="-1.406250" />
  <attribute name="DerivativeI" value="-1.406250" />
  <attribute name="DerivativeH" value="-1.406250" />
  <attribute name="Loop Time for DT" value="16.000000" />
  <attribute name="Output H" value="2092630016"/>
  <attribute name="Output I" value="200"/>
  <attribute name="Output T" value="4"/>
  <attribute name="Target GC Util Change" value ="20.000000" />
  <attribute name="Current GC Util Change" value="5.000000"/>
  <attribute name="GC Util currently" value="5" />
  <attribute name="CPU Util currently" value="293178030248" />
<allocation-satisfied id="71" threadId="00000000009FB700" bytesRequested="18440" />
<af-end id="72" timestamp="2019-06-17T03:33:14.588" threadId="00000000009FC088" success="true" from="nursery"/>
<exclusive-end id="73" timestamp="2019-06-17T03:33:14.588" durationms="0.941" />

<exclusive-start id="74" timestamp="2019-06-17T03:33:14.602" intervalms="14.145">
  <response-info timems="0.058" idlems="0.058" threads="0" lastid="00000000009FB700" lastname="main" />
</exclusive-start>
<af-start id="75" threadId="00000000009FC088" totalBytesRequested="88" timestamp="2019-06-17T03:33:14.602" intervalms="14.138" type="nursery" />
<cycle-start id="76" type="scavenge" contextid="0" timestamp="2019-06-17T03:33:14.602" intervalms="14.138" />
<gc-start id="77" type="scavenge" contextid="76" timestamp="2019-06-17T03:33:14.602">
  <mem-info id="78" free="5342144" total="8388608" percent="63">
    <mem type="nursery" free="0" total="2097152" percent="0">
      <mem type="allocate" free="0" total="1048576" percent="0" />
      <mem type="survivor" free="0" total="1048576" percent="0" />
    </mem>
    <mem type="tenure" free="5342144" total="6291456" percent="84">
      <mem type="soa" free="5027776" total="5977088" percent="84" />
      <mem type="loa" free="314368" total="314368" percent="100" />
    </mem>
    <remembered-set count="256" />
  </mem-info>
</gc-start>
<allocation-stats totalBytes="369832" >
  <allocated-bytes non-tlh="25024" tlh="344808" />
  <largest-consumer threadName="main" threadId="00000000009FB700" bytes="369832" />
</allocation-stats>
<gc-op id="79" type="scavenge" timems="0.419" contextid="76" timestamp="2019-06-17T03:33:14.602">
  <scavenger-info tenureage="1" tenuremask="fffe" tiltratio="50" />
  <memory-copied type="nursery" objects="130" bytes="12120" bytesdiscarded="66208" />
  <memory-copied type="tenure" objects="1253" bytes="520496" bytesdiscarded="832" />
  <references type="weak" candidates="8" cleared="8" enqueued="8" />
</gc-op>
<gc-end id="80" type="scavenge" contextid="76" durationms="0.567" usertimems="0.000" systemtimems="0.000" timestamp="2019-06-17T03:33:14.602" activeThreads="4">
  <mem-info id="81" free="5715528" total="8388608" percent="68">
    <mem type="nursery" free="970240" total="2097152" percent="46">
      <mem type="allocate" free="970240" total="1048576" percent="92" />
      <mem type="survivor" free="0" total="1048576" percent="0" />
    </mem>
    <mem type="tenure" free="4745288" total="6291456" percent="75">
      <mem type="soa" free="4430920" total="5977088" percent="74" />
      <mem type="loa" free="314368" total="314368" percent="100" />
    </mem>
    <pending-finalizers system="0" default="0" reference="8" classloader="0" />
    <remembered-set count="217" />
  </mem-info>
</gc-end>
<cycle-end id="82" type="scavenge" contextid="76" timestamp="2019-06-17T03:33:14.602" />
  <attribute name="elasticGC enabled" value="1" />
  <attribute name= "numThreadsSpecified" value="4" />
  <attribute name="heapSize specified" value="0" />
  <attribute name="Current GC Util" value="6" />
  <attribute name= "Current Time Running" value="1183" />
  <attribute name ="GC Interval" value="200" />
  <attribute name="ProportionalT" value="-21.000000" />
  <attribute name="ProportionalI" value="-21.000000" />
  <attribute name="ProportionalH" value="-21.000000" />
  <attribute name="Current Error" value="-14.000000" />
  <attribute name="IntegralT" value="-196.000000" />
  <attribute name="IntegralI" value="-196.000000" />
  <attribute name="IntegralH" value="-196.000000" />
  <attribute name="DerivativeT" value="-1.500000" />
  <attribute name="DerivativeI" value="-1.500000" />
  <attribute name="DerivativeH" value="-1.500000" />
  <attribute name="Loop Time for DT" value="14.000000" />
  <attribute name="Output H" value="2092630016"/>
  <attribute name="Output I" value="200"/>
  <attribute name="Output T" value="4"/>
  <attribute name="Target GC Util Change" value ="20.000000" />
  <attribute name="Current GC Util Change" value="6.000000"/>
  <attribute name="GC Util currently" value="6" />
  <attribute name="CPU Util currently" value="326283794666" />
<allocation-satisfied id="83" threadId="00000000009FB700" bytesRequested="88" />
<af-end id="84" timestamp="2019-06-17T03:33:14.603" threadId="00000000009FC088" success="true" from="nursery"/>
<exclusive-end id="85" timestamp="2019-06-17T03:33:14.603" durationms="0.941" />

<exclusive-start id="86" timestamp="2019-06-17T03:33:14.628" intervalms="26.321">
  <response-info timems="0.025" idlems="0.025" threads="0" lastid="00000000009FB700" lastname="main" />
</exclusive-start>
<af-start id="87" threadId="00000000009FC088" totalBytesRequested="2128" timestamp="2019-06-17T03:33:14.628" intervalms="26.296" type="nursery" />
<cycle-start id="88" type="scavenge" contextid="0" timestamp="2019-06-17T03:33:14.628" intervalms="26.295" />
<gc-start id="89" type="scavenge" contextid="88" timestamp="2019-06-17T03:33:14.628">
  <mem-info id="90" free="4728648" total="8388608" percent="56">
    <mem type="nursery" free="0" total="2097152" percent="0">
      <mem type="allocate" free="0" total="1048576" percent="0" />
      <mem type="survivor" free="0" total="1048576" percent="0" />
    </mem>
    <mem type="tenure" free="4728648" total="6291456" percent="75">
      <mem type="soa" free="4414280" total="5977088" percent="73" />
      <mem type="loa" free="314368" total="314368" percent="100" />
    </mem>
    <remembered-set count="429" />
  </mem-info>
</gc-start>
<allocation-stats totalBytes="971872" >
  <allocated-bytes non-tlh="16728" tlh="955144" />
  <largest-consumer threadName="main" threadId="00000000009FB700" bytes="971872" />
</allocation-stats>
<gc-op id="91" type="scavenge" timems="0.275" contextid="88" timestamp="2019-06-17T03:33:14.629">
  <scavenger-info tenureage="2" tenuremask="fffc" tiltratio="50" />
  <memory-copied type="nursery" objects="314" bytes="13024" bytesdiscarded="66336" />
  <references type="weak" candidates="5" cleared="4" enqueued="4" />
  <references type="phantom" candidates="1" cleared="0" enqueued="0" />
</gc-op>
<gc-end id="92" type="scavenge" contextid="88" durationms="0.471" usertimems="0.000" systemtimems="0.000" timestamp="2019-06-17T03:33:14.629" activeThreads="4">
  <mem-info id="93" free="5894464" total="8388608" percent="70">
    <mem type="nursery" free="1165816" total="2097152" percent="55">
      <mem type="allocate" free="1165816" total="1245184" percent="93" />
      <mem type="survivor" free="0" total="851968" percent="0" />
    </mem>
    <mem type="tenure" free="4728648" total="6291456" percent="75">
      <mem type="soa" free="4414280" total="5977088" percent="73" />
      <mem type="loa" free="314368" total="314368" percent="100" />
    </mem>
    <pending-finalizers system="0" default="0" reference="4" classloader="0" />
    <remembered-set count="353" />
  </mem-info>
</gc-end>
<cycle-end id="94" type="scavenge" contextid="88" timestamp="2019-06-17T03:33:14.629" />
  <attribute name="elasticGC enabled" value="1" />
  <attribute name= "numThreadsSpecified" value="4" />
  <attribute name="heapSize specified" value="0" />
  <attribute name="Current GC Util" value="3" />
  <attribute name= "Current Time Running" value="1209" />
  <attribute name ="GC Interval" value="200" />
  <attribute name="ProportionalT" value="-25.500000" />
  <attribute name="ProportionalI" value="-25.500000" />
  <attribute name="ProportionalH" value="-25.500000" />
  <attribute name="Current Error" value="-17.000000" />
  <attribute name="IntegralT" value="-442.000000" />
  <attribute name="IntegralI" value="-442.000000" />
  <attribute name="IntegralH" value="-442.000000" />
  <attribute name="DerivativeT" value="-0.980769" />
  <attribute name="DerivativeI" value="-0.980769" />
  <attribute name="DerivativeH" value="-0.980769" />
  <attribute name="Loop Time for DT" value="26.000000" />
  <attribute name="Output H" value="2092630016"/>
  <attribute name="Output I" value="200"/>
  <attribute name="Output T" value="4"/>
  <attribute name="Target GC Util Change" value ="20.000000" />
  <attribute name="Current GC Util Change" value="3.000000"/>
  <attribute name="GC Util currently" value="3" />
  <attribute name="CPU Util currently" value="175327512310" />
<allocation-satisfied id="95" threadId="00000000009FB700" bytesRequested="2128" />
<af-end id="96" timestamp="2019-06-17T03:33:14.629" threadId="00000000009FC088" success="true" from="nursery"/>
<exclusive-end id="97" timestamp="2019-06-17T03:33:14.629" durationms="0.840" />

<exclusive-start id="98" timestamp="2019-06-17T03:33:14.656" intervalms="27.676">
  <response-info timems="0.029" idlems="0.029" threads="0" lastid="00000000009FB700" lastname="main" />
</exclusive-start>
<af-start id="99" threadId="00000000009FC088" totalBytesRequested="3720" timestamp="2019-06-17T03:33:14.656" intervalms="27.678" type="nursery" />
<cycle-start id="100" type="scavenge" contextid="0" timestamp="2019-06-17T03:33:14.656" intervalms="27.677" />
<gc-start id="101" type="scavenge" contextid="100" timestamp="2019-06-17T03:33:14.656">
  <mem-info id="102" free="4712400" total="8388608" percent="56">
    <mem type="nursery" free="0" total="2097152" percent="0">
      <mem type="allocate" free="0" total="1245184" percent="0" />
      <mem type="survivor" free="0" total="851968" percent="0" />
    </mem>
    <mem type="tenure" free="4712400" total="6291456" percent="74">
      <mem type="soa" free="4398032" total="5977088" percent="73" />
      <mem type="loa" free="314368" total="314368" percent="100" />
    </mem>
    <remembered-set count="570" />
  </mem-info>
</gc-start>
<allocation-stats totalBytes="1176784" >
  <allocated-bytes non-tlh="18376" tlh="1158408" />
  <largest-consumer threadName="main" threadId="00000000009FB700" bytes="1176784" />
</allocation-stats>
<gc-op id="103" type="scavenge" timems="0.313" contextid="100" timestamp="2019-06-17T03:33:14.656">
  <scavenger-info tenureage="3" tenuremask="fff8" tiltratio="59" />
  <memory-copied type="nursery" objects="714" bytes="31240" bytesdiscarded="47088" />
  <finalization candidates="1" enqueued="0" />
  <references type="weak" candidates="8" cleared="7" enqueued="7" />
  <references type="phantom" candidates="2" cleared="0" enqueued="0" />
</gc-op>
<gc-end id="104" type="scavenge" contextid="100" durationms="0.462" usertimems="0.000" systemtimems="0.000" timestamp="2019-06-17T03:33:14.656" activeThreads="4">
  <mem-info id="105" free="6010320" total="8388608" percent="71">
    <mem type="nursery" free="1297920" total="2097152" percent="61">
      <mem type="allocate" free="1297920" total="1376256" percent="94" />
      <mem type="survivor" free="0" total="720896" percent="0" />
    </mem>
    <mem type="tenure" free="4712400" total="6291456" percent="74">
      <mem type="soa" free="4398032" total="5977088" percent="73" />
      <mem type="loa" free="314368" total="314368" percent="100" />
    </mem>
    <pending-finalizers system="0" default="0" reference="7" classloader="0" />
    <remembered-set count="520" />
  </mem-info>
</gc-end>
<cycle-end id="106" type="scavenge" contextid="100" timestamp="2019-06-17T03:33:14.656" />
  <attribute name="elasticGC enabled" value="1" />
  <attribute name= "numThreadsSpecified" value="4" />
  <attribute name="heapSize specified" value="0" />
  <attribute name="Current GC Util" value="2" />
  <attribute name= "Current Time Running" value="1237" />
  <attribute name ="GC Interval" value="200" />
  <attribute name="ProportionalT" value="-27.000000" />
  <attribute name="ProportionalI" value="-27.000000" />
  <attribute name="ProportionalH" value="-27.000000" />
  <attribute name="Current Error" value="-18.000000" />
  <attribute name="IntegralT" value="-504.000000" />
  <attribute name="IntegralI" value="-504.000000" />
  <attribute name="IntegralH" value="-504.000000" />
  <attribute name="DerivativeT" value="-0.964286" />
  <attribute name="DerivativeI" value="-0.964286" />
  <attribute name="DerivativeH" value="-0.964286" />
  <attribute name="Loop Time for DT" value="28.000000" />
  <attribute name="Output H" value="2092630016"/>
  <attribute name="Output I" value="200"/>
  <attribute name="Output T" value="4"/>
  <attribute name="Target GC Util Change" value ="20.000000" />
  <attribute name="Current GC Util Change" value="2.000000"/>
  <attribute name="GC Util currently" value="2" />
  <attribute name="CPU Util currently" value="5" />
<allocation-satisfied id="107" threadId="00000000009FB700" bytesRequested="3720" />
<af-end id="108" timestamp="2019-06-17T03:33:14.656" threadId="00000000009FC088" success="true" from="nursery"/>
<exclusive-end id="109" timestamp="2019-06-17T03:33:14.656" durationms="0.833" />

<exclusive-start id="110" timestamp="2019-06-17T03:33:14.687" intervalms="31.605">
  <response-info timems="0.032" idlems="0.032" threads="0" lastid="00000000009FB700" lastname="main" />
</exclusive-start>
<af-start id="111" threadId="00000000009FC088" totalBytesRequested="3080" timestamp="2019-06-17T03:33:14.687" intervalms="31.616" type="nursery" />
<cycle-start id="112" type="scavenge" contextid="0" timestamp="2019-06-17T03:33:14.687" intervalms="31.619" />
<gc-start id="113" type="scavenge" contextid="112" timestamp="2019-06-17T03:33:14.687">
  <mem-info id="114" free="4694216" total="8388608" percent="55">
    <mem type="nursery" free="0" total="2097152" percent="0">
      <mem type="allocate" free="0" total="1376256" percent="0" />
      <mem type="survivor" free="0" total="720896" percent="0" />
    </mem>
    <mem type="tenure" free="4694216" total="6291456" percent="74">
      <mem type="soa" free="4379848" total="5977088" percent="73" />
      <mem type="loa" free="314368" total="314368" percent="100" />
    </mem>
    <remembered-set count="718" />
  </mem-info>
</gc-start>
<allocation-stats totalBytes="1313304" >
  <allocated-bytes non-tlh="21904" tlh="1291400" />
  <largest-consumer threadName="main" threadId="00000000009FB700" bytes="1313304" />
</allocation-stats>
<gc-op id="115" type="scavenge" timems="0.383" contextid="112" timestamp="2019-06-17T03:33:14.688">
  <scavenger-info tenureage="3" tenuremask="fff8" tiltratio="65" />
  <memory-copied type="nursery" objects="1123" bytes="48504" bytesdiscarded="30840" />
  <memory-copied type="tenure" objects="74" bytes="2024" bytesdiscarded="0" />
  <finalization candidates="1" enqueued="0" />
  <references type="soft" candidates="1" cleared="0" enqueued="0" dynamicThreshold="32" maxThreshold="32" />
  <references type="weak" candidates="5" cleared="3" enqueued="3" />
  <references type="phantom" candidates="4" cleared="1" enqueued="1" />
</gc-op>
<gc-end id="116" type="scavenge" contextid="112" durationms="0.537" usertimems="0.000" systemtimems="0.000" timestamp="2019-06-17T03:33:14.688" activeThreads="4">
  <mem-info id="117" free="6122176" total="8388608" percent="72">
    <mem type="nursery" free="1427960" total="2097152" percent="68">
      <mem type="allocate" free="1427960" total="1507328" percent="94" />
      <mem type="survivor" free="0" total="589824" percent="0" />
    </mem>
    <mem type="tenure" free="4694216" total="6291456" percent="74">
      <mem type="soa" free="4379848" total="5977088" percent="73" />
      <mem type="loa" free="314368" total="314368" percent="100" />
    </mem>
    <pending-finalizers system="0" default="0" reference="4" classloader="0" />
    <remembered-set count="524" />
  </mem-info>
</gc-end>
<cycle-end id="118" type="scavenge" contextid="112" timestamp="2019-06-17T03:33:14.688" />
  <attribute name="elasticGC enabled" value="1" />
  <attribute name= "numThreadsSpecified" value="4" />
  <attribute name="heapSize specified" value="0" />
  <attribute name="Current GC Util" value="2" />
  <attribute name= "Current Time Running" value="1269" />
  <attribute name ="GC Interval" value="200" />
  <attribute name="ProportionalT" value="-27.000000" />
  <attribute name="ProportionalI" value="-27.000000" />
  <attribute name="ProportionalH" value="-27.000000" />
  <attribute name="Current Error" value="-18.000000" />
  <attribute name="IntegralT" value="-576.000000" />
  <attribute name="IntegralI" value="-576.000000" />
  <attribute name="IntegralH" value="-576.000000" />
  <attribute name="DerivativeT" value="-0.843750" />
  <attribute name="DerivativeI" value="-0.843750" />
  <attribute name="DerivativeH" value="-0.843750" />
  <attribute name="Loop Time for DT" value="32.000000" />
  <attribute name="Output H" value="2092630016"/>
  <attribute name="Output I" value="200"/>
  <attribute name="Output T" value="4"/>
  <attribute name="Target GC Util Change" value ="20.000000" />
  <attribute name="Current GC Util Change" value="2.000000"/>
  <attribute name="GC Util currently" value="2" />
  <attribute name="CPU Util currently" value="20" />
<allocation-satisfied id="119" threadId="00000000009FB700" bytesRequested="3080" />
<af-end id="120" timestamp="2019-06-17T03:33:14.688" threadId="00000000009FC088" success="true" from="nursery"/>
<exclusive-end id="121" timestamp="2019-06-17T03:33:14.688" durationms="0.924" />

<exclusive-start id="122" timestamp="2019-06-17T03:33:14.730" intervalms="42.451">
  <response-info timems="0.027" idlems="0.027" threads="0" lastid="00000000009FB700" lastname="main" />
</exclusive-start>
<af-start id="123" threadId="00000000009FC088" totalBytesRequested="15368" timestamp="2019-06-17T03:33:14.730" intervalms="42.443" type="nursery" />
<cycle-start id="124" type="scavenge" contextid="0" timestamp="2019-06-17T03:33:14.730" intervalms="42.443" />
<gc-start id="125" type="scavenge" contextid="124" timestamp="2019-06-17T03:33:14.730">
  <mem-info id="126" free="4655344" total="8388608" percent="55">
    <mem type="nursery" free="0" total="2097152" percent="0">
      <mem type="allocate" free="0" total="1507328" percent="0" />
      <mem type="survivor" free="0" total="589824" percent="0" />
    </mem>
    <mem type="tenure" free="4655344" total="6291456" percent="73">
      <mem type="soa" free="4340976" total="5977088" percent="72" />
      <mem type="loa" free="314368" total="314368" percent="100" />
    </mem>
    <remembered-set count="951" />
  </mem-info>
</gc-start>
<allocation-stats totalBytes="1425200" >
  <allocated-bytes non-tlh="107496" tlh="1317704" />
  <largest-consumer threadName="main" threadId="00000000009FB700" bytes="1421104" />
</allocation-stats>
<gc-op id="127" type="scavenge" timems="0.409" contextid="124" timestamp="2019-06-17T03:33:14.730">
  <scavenger-info tenureage="3" tenuremask="ffe8" tiltratio="71" />
  <memory-copied type="nursery" objects="1406" bytes="196048" bytesdiscarded="46056" />
  <memory-copied type="tenure" objects="177" bytes="5424" bytesdiscarded="0" />
  <finalization candidates="1" enqueued="0" />
  <references type="soft" candidates="1" cleared="0" enqueued="0" dynamicThreshold="32" maxThreshold="32" />
  <references type="weak" candidates="15" cleared="13" enqueued="13" />
  <references type="phantom" candidates="4" cleared="0" enqueued="0" />
</gc-op>
<gc-end id="128" type="scavenge" contextid="124" durationms="0.569" usertimems="0.000" systemtimems="0.000" timestamp="2019-06-17T03:33:14.730" activeThreads="4">
  <mem-info id="129" free="5920448" total="8388608" percent="70">
    <mem type="nursery" free="1265104" total="2097152" percent="60">
      <mem type="allocate" free="1265104" total="1507328" percent="83" />
      <mem type="survivor" free="0" total="589824" percent="0" />
    </mem>
    <mem type="tenure" free="4655344" total="6291456" percent="73">
      <mem type="soa" free="4340976" total="5977088" percent="72" />
      <mem type="loa" free="314368" total="314368" percent="100" />
    </mem>
    <pending-finalizers system="0" default="0" reference="13" classloader="0" />
    <remembered-set count="756" />
  </mem-info>
</gc-end>
<cycle-end id="130" type="scavenge" contextid="124" timestamp="2019-06-17T03:33:14.731" />
  <attribute name="elasticGC enabled" value="1" />
  <attribute name= "numThreadsSpecified" value="4" />
  <attribute name="heapSize specified" value="0" />
  <attribute name="Current GC Util" value="1" />
  <attribute name= "Current Time Running" value="1311" />
  <attribute name ="GC Interval" value="200" />
  <attribute name="ProportionalT" value="-28.500000" />
  <attribute name="ProportionalI" value="-28.500000" />
  <attribute name="ProportionalH" value="-28.500000" />
  <attribute name="Current Error" value="-19.000000" />
  <attribute name="IntegralT" value="-798.000000" />
  <attribute name="IntegralI" value="-798.000000" />
  <attribute name="IntegralH" value="-798.000000" />
  <attribute name="DerivativeT" value="-0.678571" />
  <attribute name="DerivativeI" value="-0.678571" />
  <attribute name="DerivativeH" value="-0.678571" />
  <attribute name="Loop Time for DT" value="42.000000" />
  <attribute name="Output H" value="2092630016"/>
  <attribute name="Output I" value="200"/>
  <attribute name="Output T" value="4"/>
  <attribute name="Target GC Util Change" value ="20.000000" />
  <attribute name="Current GC Util Change" value="1.000000"/>
  <attribute name="GC Util currently" value="1" />
  <attribute name="CPU Util currently" value="2" />
<allocation-satisfied id="131" threadId="00000000009FB700" bytesRequested="15368" />
<af-end id="132" timestamp="2019-06-17T03:33:14.731" threadId="00000000009FC088" success="true" from="nursery"/>
<exclusive-end id="133" timestamp="2019-06-17T03:33:14.731" durationms="0.952" />

<exclusive-start id="134" timestamp="2019-06-17T03:33:14.756" intervalms="25.921">
  <response-info timems="0.026" idlems="0.026" threads="0" lastid="00000000009FB700" lastname="main" />
</exclusive-start>
<af-start id="135" threadId="00000000009FC088" totalBytesRequested="65544" timestamp="2019-06-17T03:33:14.756" intervalms="25.925" type="nursery" />
<cycle-start id="136" type="scavenge" contextid="0" timestamp="2019-06-17T03:33:14.756" intervalms="25.923" />
<gc-start id="137" type="scavenge" contextid="136" timestamp="2019-06-17T03:33:14.756">
  <mem-info id="138" free="4641392" total="8388608" percent="55">
    <mem type="nursery" free="0" total="2097152" percent="0">
      <mem type="allocate" free="0" total="1507328" percent="0" />
      <mem type="survivor" free="0" total="589824" percent="0" />
    </mem>
    <mem type="tenure" free="4641392" total="6291456" percent="73">
      <mem type="soa" free="4327024" total="5977088" percent="72" />
      <mem type="loa" free="314368" total="314368" percent="100" />
    </mem>
    <remembered-set count="928" />
  </mem-info>
</gc-start>
<allocation-stats totalBytes="1253224" >
  <allocated-bytes non-tlh="81320" tlh="1171904" />
  <largest-consumer threadName="main" threadId="00000000009FB700" bytes="1253224" />
</allocation-stats>
<gc-op id="139" type="scavenge" timems="0.474" contextid="136" timestamp="2019-06-17T03:33:14.756">
  <scavenger-info tenureage="3" tenuremask="ffe8" tiltratio="71" />
  <memory-copied type="nursery" objects="1208" bytes="126416" bytesdiscarded="17360" />
  <memory-copied type="tenure" objects="402" bytes="17248" bytesdiscarded="0" />
  <finalization candidates="1" enqueued="0" />
  <references type="soft" candidates="3" cleared="0" enqueued="0" dynamicThreshold="32" maxThreshold="32" />
  <references type="weak" candidates="10" cleared="9" enqueued="9" />
  <references type="phantom" candidates="2" cleared="0" enqueued="0" />
</gc-op>
<gc-end id="140" type="scavenge" contextid="136" durationms="0.632" usertimems="0.000" systemtimems="0.000" timestamp="2019-06-17T03:33:14.756" activeThreads="4">
  <mem-info id="141" free="6070376" total="8388608" percent="72">
    <mem type="nursery" free="1428984" total="2097152" percent="68">
      <mem type="allocate" free="1428984" total="1572864" percent="90" />
      <mem type="survivor" free="0" total="524288" percent="0" />
    </mem>
    <mem type="tenure" free="4641392" total="6291456" percent="73">
      <mem type="soa" free="4327024" total="5977088" percent="72" />
      <mem type="loa" free="314368" total="314368" percent="100" />
    </mem>
    <pending-finalizers system="0" default="0" reference="9" classloader="0" />
    <remembered-set count="755" />
  </mem-info>
</gc-end>
<cycle-end id="142" type="scavenge" contextid="136" timestamp="2019-06-17T03:33:14.757" />
  <attribute name="elasticGC enabled" value="1" />
  <attribute name= "numThreadsSpecified" value="4" />
  <attribute name="heapSize specified" value="0" />
  <attribute name="Current GC Util" value="3" />
  <attribute name= "Current Time Running" value="1337" />
  <attribute name ="GC Interval" value="200" />
  <attribute name="ProportionalT" value="-25.500000" />
  <attribute name="ProportionalI" value="-25.500000" />
  <attribute name="ProportionalH" value="-25.500000" />
  <attribute name="Current Error" value="-17.000000" />
  <attribute name="IntegralT" value="-442.000000" />
  <attribute name="IntegralI" value="-442.000000" />
  <attribute name="IntegralH" value="-442.000000" />
  <attribute name="DerivativeT" value="-0.980769" />
  <attribute name="DerivativeI" value="-0.980769" />
  <attribute name="DerivativeH" value="-0.980769" />
  <attribute name="Loop Time for DT" value="26.000000" />
  <attribute name="Output H" value="2092630016"/>
  <attribute name="Output I" value="200"/>
  <attribute name="Output T" value="4"/>
  <attribute name="Target GC Util Change" value ="20.000000" />
  <attribute name="Current GC Util Change" value="3.000000"/>
  <attribute name="GC Util currently" value="3" />
  <attribute name="CPU Util currently" value="177888703754" />
<allocation-satisfied id="143" threadId="00000000009FB700" bytesRequested="65544" />
<af-end id="144" timestamp="2019-06-17T03:33:14.757" threadId="00000000009FC088" success="true" from="nursery"/>
<exclusive-end id="145" timestamp="2019-06-17T03:33:14.757" durationms="1.022" />

<exclusive-start id="146" timestamp="2019-06-17T03:33:14.820" intervalms="64.000">
  <response-info timems="0.030" idlems="0.030" threads="0" lastid="00000000009FB700" lastname="main" />
</exclusive-start>
<af-start id="147" threadId="00000000009FC088" totalBytesRequested="2008" timestamp="2019-06-17T03:33:14.820" intervalms="64.047" type="nursery" />
<cycle-start id="148" type="scavenge" contextid="0" timestamp="2019-06-17T03:33:14.820" intervalms="64.093" />
<gc-start id="149" type="scavenge" contextid="148" timestamp="2019-06-17T03:33:14.820">
  <mem-info id="150" free="4621912" total="8388608" percent="55">
    <mem type="nursery" free="0" total="2097152" percent="0">
      <mem type="allocate" free="0" total="1572864" percent="0" />
      <mem type="survivor" free="0" total="524288" percent="0" />
    </mem>
    <mem type="tenure" free="4621912" total="6291456" percent="73">
      <mem type="soa" free="4307544" total="5977088" percent="72" />
      <mem type="loa" free="314368" total="314368" percent="100" />
    </mem>
    <remembered-set count="1090" />
  </mem-info>
</gc-start>
<allocation-stats totalBytes="1444432" >
  <allocated-bytes non-tlh="85024" tlh="1359408" />
  <largest-consumer threadName="main" threadId="00000000009FB700" bytes="1444432" />
</allocation-stats>
<gc-op id="151" type="scavenge" timems="0.676" contextid="148" timestamp="2019-06-17T03:33:14.821">
  <scavenger-info tenureage="3" tenuremask="ffe8" tiltratio="75" />
  <memory-copied type="nursery" objects="3365" bytes="294840" bytesdiscarded="71016" />
  <memory-copied type="tenure" objects="480" bytes="15064" bytesdiscarded="0" />
  <finalization candidates="1" enqueued="0" />
  <references type="soft" candidates="45" cleared="0" enqueued="0" dynamicThreshold="32" maxThreshold="32" />
  <references type="weak" candidates="3" cleared="2" enqueued="2" />
  <references type="phantom" candidates="2" cleared="0" enqueued="0" />
</gc-op>
<gc-end id="152" type="scavenge" contextid="148" durationms="0.936" usertimems="0.000" systemtimems="0.000" timestamp="2019-06-17T03:33:14.821" activeThreads="4">
  <mem-info id="153" free="5828680" total="8388608" percent="69">
    <mem type="nursery" free="1206768" total="2097152" percent="57">
      <mem type="allocate" free="1206768" total="1572864" percent="76" />
      <mem type="survivor" free="0" total="524288" percent="0" />
    </mem>
    <mem type="tenure" free="4621912" total="6291456" percent="73">
      <mem type="soa" free="4307544" total="5977088" percent="72" />
      <mem type="loa" free="314368" total="314368" percent="100" />
    </mem>
    <pending-finalizers system="0" default="0" reference="2" classloader="0" />
    <remembered-set count="645" />
  </mem-info>
</gc-end>
<cycle-end id="154" type="scavenge" contextid="148" timestamp="2019-06-17T03:33:14.821" />
  <attribute name="elasticGC enabled" value="1" />
  <attribute name= "numThreadsSpecified" value="4" />
  <attribute name="heapSize specified" value="0" />
  <attribute name="Current GC Util" value="1" />
  <attribute name= "Current Time Running" value="1401" />
  <attribute name ="GC Interval" value="200" />
  <attribute name="ProportionalT" value="-28.500000" />
  <attribute name="ProportionalI" value="-28.500000" />
  <attribute name="ProportionalH" value="-28.500000" />
  <attribute name="Current Error" value="-19.000000" />
  <attribute name="IntegralT" value="-1216.000000" />
  <attribute name="IntegralI" value="-1216.000000" />
  <attribute name="IntegralH" value="-1216.000000" />
  <attribute name="DerivativeT" value="-0.445312" />
  <attribute name="DerivativeI" value="-0.445312" />
  <attribute name="DerivativeH" value="-0.445312" />
  <attribute name="Loop Time for DT" value="64.000000" />
  <attribute name="Output H" value="2092630016"/>
  <attribute name="Output I" value="200"/>
  <attribute name="Output T" value="4"/>
  <attribute name="Target GC Util Change" value ="20.000000" />
  <attribute name="Current GC Util Change" value="1.000000"/>
  <attribute name="GC Util currently" value="1" />
  <attribute name="CPU Util currently" value="20" />
<allocation-satisfied id="155" threadId="00000000009FB700" bytesRequested="2008" />
<af-end id="156" timestamp="2019-06-17T03:33:14.821" threadId="00000000009FC088" success="true" from="nursery"/>
<exclusive-end id="157" timestamp="2019-06-17T03:33:14.821" durationms="1.509" />

<exclusive-start id="158" timestamp="2019-06-17T03:33:14.869" intervalms="49.516">
  <response-info timems="0.140" idlems="0.140" threads="0" lastid="00000000009FB700" lastname="main" />
</exclusive-start>
<af-start id="159" threadId="00000000009FC088" totalBytesRequested="2008" timestamp="2019-06-17T03:33:14.869" intervalms="49.516" type="nursery" />
<cycle-start id="160" type="scavenge" contextid="0" timestamp="2019-06-17T03:33:14.869" intervalms="49.513" />
<gc-start id="161" type="scavenge" contextid="160" timestamp="2019-06-17T03:33:14.869">
  <mem-info id="162" free="4619312" total="8388608" percent="55">
    <mem type="nursery" free="0" total="2097152" percent="0">
      <mem type="allocate" free="0" total="1572864" percent="0" />
      <mem type="survivor" free="0" total="524288" percent="0" />
    </mem>
    <mem type="tenure" free="4619312" total="6291456" percent="73">
      <mem type="soa" free="4304944" total="5977088" percent="72" />
      <mem type="loa" free="314368" total="314368" percent="100" />
    </mem>
    <remembered-set count="693" />
  </mem-info>
</gc-start>
<allocation-stats totalBytes="1204392" >
  <allocated-bytes non-tlh="4608" tlh="1199784" />
  <largest-consumer threadName="main" threadId="00000000009FB700" bytes="1204392" />
</allocation-stats>
<gc-op id="163" type="scavenge" timems="0.898" contextid="160" timestamp="2019-06-17T03:33:14.871">
  <scavenger-info tenureage="3" tenuremask="ffe8" tiltratio="75" />
  <memory-copied type="nursery" objects="6258" bytes="354312" bytesdiscarded="133416" />
  <memory-copied type="tenure" objects="433" bytes="100472" bytesdiscarded="0" />
  <finalization candidates="1" enqueued="0" />
  <references type="soft" candidates="50" cleared="0" enqueued="0" dynamicThreshold="32" maxThreshold="32" />
  <references type="weak" candidates="2" cleared="1" enqueued="1" />
  <references type="phantom" candidates="1" cleared="0" enqueued="0" />
</gc-op>
<gc-end id="164" type="scavenge" contextid="160" durationms="1.162" usertimems="0.000" systemtimems="0.000" timestamp="2019-06-17T03:33:14.871" activeThreads="4">
  <mem-info id="165" free="5704224" total="8388608" percent="67">
    <mem type="nursery" free="1150456" total="2097152" percent="54">
      <mem type="allocate" free="1150456" total="1638400" percent="70" />
      <mem type="survivor" free="0" total="458752" percent="0" />
    </mem>
    <mem type="tenure" free="4553768" total="6291456" percent="72">
      <mem type="soa" free="4239400" total="5977088" percent="70" />
      <mem type="loa" free="314368" total="314368" percent="100" />
    </mem>
    <pending-finalizers system="0" default="0" reference="1" classloader="0" />
    <remembered-set count="507" />
  </mem-info>
</gc-end>
<cycle-end id="166" type="scavenge" contextid="160" timestamp="2019-06-17T03:33:14.871" />
  <attribute name="elasticGC enabled" value="1" />
  <attribute name= "numThreadsSpecified" value="4" />
  <attribute name="heapSize specified" value="0" />
  <attribute name="Current GC Util" value="2" />
  <attribute name= "Current Time Running" value="1451" />
  <attribute name ="GC Interval" value="200" />
  <attribute name="ProportionalT" value="-27.000000" />
  <attribute name="ProportionalI" value="-27.000000" />
  <attribute name="ProportionalH" value="-27.000000" />
  <attribute name="Current Error" value="-18.000000" />
  <attribute name="IntegralT" value="-900.000000" />
  <attribute name="IntegralI" value="-900.000000" />
  <attribute name="IntegralH" value="-900.000000" />
  <attribute name="DerivativeT" value="-0.540000" />
  <attribute name="DerivativeI" value="-0.540000" />
  <attribute name="DerivativeH" value="-0.540000" />
  <attribute name="Loop Time for DT" value="50.000000" />
  <attribute name="Output H" value="2092630016"/>
  <attribute name="Output I" value="200"/>
  <attribute name="Output T" value="4"/>
  <attribute name="Target GC Util Change" value ="20.000000" />
  <attribute name="Current GC Util Change" value="2.000000"/>
  <attribute name="GC Util currently" value="2" />
  <attribute name="CPU Util currently" value="16" />
<allocation-satisfied id="167" threadId="00000000009FB700" bytesRequested="2008" />
<af-end id="168" timestamp="2019-06-17T03:33:14.871" threadId="00000000009FC088" success="true" from="nursery"/>
<exclusive-end id="169" timestamp="2019-06-17T03:33:14.871" durationms="1.722" />

<exclusive-start id="170" timestamp="2019-06-17T03:33:14.899" intervalms="30.055">
  <response-info timems="0.097" idlems="0.097" threads="0" lastid="00000000009FB700" lastname="main" />
</exclusive-start>
<sys-start reason="explicit" id="171" timestamp="2019-06-17T03:33:14.905" intervalms="1605.224" />
<cycle-start id="172" type="global" contextid="0" timestamp="2019-06-17T03:33:14.905" intervalms="1605.810" />
<gc-start id="173" type="global" contextid="172" timestamp="2019-06-17T03:33:14.909">
  <mem-info id="174" free="4809440" total="8388608" percent="57">
    <mem type="nursery" free="259616" total="2097152" percent="12">
      <mem type="allocate" free="259616" total="1638400" percent="15" />
      <mem type="survivor" free="0" total="458752" percent="0" />
    </mem>
    <mem type="tenure" free="4549824" total="6291456" percent="72">
      <mem type="soa" free="4235456" total="5977088" percent="70" />
      <mem type="loa" free="314368" total="314368" percent="100" />
    </mem>
    <remembered-set count="594" />
  </mem-info>
</gc-start>
<allocation-stats totalBytes="885872" >
  <allocated-bytes non-tlh="5952" tlh="879920" />
  <largest-consumer threadName="main" threadId="00000000009FB700" bytes="873536" />
</allocation-stats>
<gc-op id="175" type="mark" timems="1.909" contextid="172" timestamp="2019-06-17T03:33:14.916">
  <trace-info objectcount="29379" scancount="23770" scanbytes="868304" />
  <finalization candidates="15" enqueued="0" />
  <references type="soft" candidates="133" cleared="0" enqueued="0" dynamicThreshold="32" maxThreshold="32" />
  <references type="weak" candidates="163" cleared="29" enqueued="21" />
  <references type="phantom" candidates="59" cleared="2" enqueued="2" />
  <stringconstants candidates="3535" cleared="22"  />
</gc-op>
<gc-op id="176" type="classunload" timems="0.075" contextid="172" timestamp="2019-06-17T03:33:14.916">
  <classunload-info classloadercandidates="19" classloadersunloaded="0" classesunloaded="0" anonymousclassesunloaded="0" quiescems="0.000" setupms="0.075" scanms="0.000" postms="0.000" />
</gc-op>
<gc-op id="177" type="sweep" timems="0.469" contextid="172" timestamp="2019-06-17T03:33:14.916" />
<mem-info id="178" free="5889464" total="8388608" percent="70">
  <mem type="nursery" free="1144696" total="2097152" percent="54">
    <mem type="allocate" free="1144696" total="1638400" percent="69" />
    <mem type="survivor" free="0" total="458752" percent="0" />
  </mem>
  <mem type="tenure" free="4744768" total="6291456" percent="75" micro-fragmented="7694" macro-fragmented="0">
    <mem type="soa" free="4430400" total="5977088" percent="74" />
    <mem type="loa" free="314368" total="314368" percent="100" />
  </mem>
  <pending-finalizers system="0" default="0" reference="23" classloader="0" />
  <remembered-set count="491" />
</mem-info>
<gc-op id="179" type="compact" timems="4.572" contextid="172" timestamp="2019-06-17T03:33:14.921">
  <compact-info movecount="25690" movebytes="1784376" reason="compact to aid heap contraction" />
</gc-op>
<gc-end id="180" type="global" contextid="172" durationms="12.294" usertimems="12.000" systemtimems="0.000" timestamp="2019-06-17T03:33:14.921" activeThreads="4">
  <mem-info id="181" free="5978104" total="8388608" percent="71">
    <mem type="nursery" free="1222616" total="2097152" percent="58">
      <mem type="allocate" free="1222616" total="1638400" percent="74" />
      <mem type="survivor" free="0" total="458752" percent="0" />
    </mem>
    <mem type="tenure" free="4755488" total="6291456" percent="75">
      <mem type="soa" free="4441120" total="5977088" percent="74" />
      <mem type="loa" free="314368" total="314368" percent="100" />
    </mem>
    <pending-finalizers system="0" default="0" reference="23" classloader="0" />
    <remembered-set count="491" />
  </mem-info>
</gc-end>
<cycle-end id="182" type="global" contextid="172" timestamp="2019-06-17T03:33:14.921" />
  <attribute name="elasticGC enabled" value="1" />
  <attribute name= "numThreadsSpecified" value="4" />
  <attribute name="heapSize specified" value="8388608" />
  <attribute name="Current GC Util" value="73" />
  <attribute name= "Current Time Running" value="1502" />
  <attribute name ="GC Interval" value="200" />
  <attribute name="ProportionalT" value="79.500000" />
  <attribute name="ProportionalI" value="79.500000" />
  <attribute name="ProportionalH" value="79.500000" />
  <attribute name="Current Error" value="53.000000" />
  <attribute name="IntegralT" value="212.000000" />
  <attribute name="IntegralI" value="212.000000" />
  <attribute name="IntegralH" value="212.000000" />
  <attribute name="DerivativeT" value="18.000000" />
  <attribute name="DerivativeI" value="18.000000" />
  <attribute name="DerivativeH" value="18.000000" />
  <attribute name="Loop Time for DT" value="4.000000" />
  <attribute name="Output H" value="8388608"/>
  <attribute name="Output I" value="312"/>
  <attribute name="Output T" value="4"/>
  <attribute name="Target GC Util Change" value ="20.000000" />
  <attribute name="Current GC Util Change" value="73.000000"/>
  <attribute name="GC Util currently" value="73" />
  <attribute name="CPU Util currently" value="996522310330" />
<sys-end id="183" timestamp="2019-06-17T03:33:14.921" />
<exclusive-end id="184" timestamp="2019-06-17T03:33:14.922" durationms="22.327" />

<exclusive-start id="185" timestamp="2019-06-17T03:33:14.975" intervalms="75.317">
  <response-info timems="0.064" idlems="0.064" threads="0" lastid="0000000000D30500" lastname="Thread-4" />
</exclusive-start>
<af-start id="186" threadId="0000000000D30E88" totalBytesRequested="26680" timestamp="2019-06-17T03:33:14.975" intervalms="105.344" type="nursery" />
<cycle-start id="187" type="scavenge" contextid="0" timestamp="2019-06-17T03:33:14.975" intervalms="105.350" />
<gc-start id="188" type="scavenge" contextid="187" timestamp="2019-06-17T03:33:14.975">
  <mem-info id="189" free="4747312" total="8388608" percent="56">
    <mem type="nursery" free="0" total="2097152" percent="0">
      <mem type="allocate" free="0" total="1638400" percent="0" />
      <mem type="survivor" free="0" total="458752" percent="0" />
    </mem>
    <mem type="tenure" free="4747312" total="6291456" percent="75">
      <mem type="soa" free="4432944" total="5977088" percent="74" />
      <mem type="loa" free="314368" total="314368" percent="100" />
    </mem>
    <remembered-set count="611" />
  </mem-info>
</gc-start>
<allocation-stats totalBytes="1184672" >
  <allocated-bytes non-tlh="239152" tlh="945520" />
  <largest-consumer threadName="Thread-3" threadId="0000000000D2C900" bytes="740560" />
</allocation-stats>
<gc-op id="190" type="scavenge" timems="2.473" contextid="187" timestamp="2019-06-17T03:33:14.977">
  <scavenger-info tenureage="2" tenuremask="ffec" tiltratio="78" />
  <memory-copied type="nursery" objects="7257" bytes="397072" bytesdiscarded="61400" />
  <memory-copied type="tenure" objects="2662" bytes="183832" bytesdiscarded="56" />
  <copy-failed type="nursery" objects="49" bytes="1688" />
  <finalization candidates="4" enqueued="2" />
  <references type="soft" candidates="9" cleared="0" enqueued="0" dynamicThreshold="24" maxThreshold="32" />
  <references type="weak" candidates="22" cleared="5" enqueued="5" />
  <references type="phantom" candidates="13" cleared="0" enqueued="0" />
</gc-op>
<gc-end id="191" type="scavenge" contextid="187" durationms="2.813" usertimems="4.000" systemtimems="0.000" timestamp="2019-06-17T03:33:14.978" activeThreads="4">
  <mem-info id="192" free="5639208" total="8388608" percent="67">
    <mem type="nursery" free="1114112" total="2097152" percent="53">
      <mem type="allocate" free="1114112" total="1572864" percent="70" />
      <mem type="survivor" free="0" total="524288" percent="0" />
    </mem>
    <mem type="tenure" free="4525096" total="6291456" percent="71">
      <mem type="soa" free="4210728" total="5977088" percent="70" />
      <mem type="loa" free="314368" total="314368" percent="100" />
    </mem>
    <pending-finalizers system="2" default="0" reference="5" classloader="0" />
    <remembered-set count="708" />
  </mem-info>
</gc-end>
<cycle-end id="193" type="scavenge" contextid="187" timestamp="2019-06-17T03:33:14.978" />
  <attribute name="elasticGC enabled" value="1" />
  <attribute name= "numThreadsSpecified" value="4" />
  <attribute name="heapSize specified" value="8388608" />
  <attribute name="Current GC Util" value="11" />
  <attribute name= "Current Time Running" value="1556" />
  <attribute name ="GC Interval" value="200" />
  <attribute name="ProportionalT" value="-13.500000" />
  <attribute name="ProportionalI" value="-13.500000" />
  <attribute name="ProportionalH" value="-13.500000" />
  <attribute name="Current Error" value="-9.000000" />
  <attribute name="IntegralT" value="-486.000000" />
  <attribute name="IntegralI" value="-486.000000" />
  <attribute name="IntegralH" value="-486.000000" />
  <attribute name="DerivativeT" value="-1.722222" />
  <attribute name="DerivativeI" value="-1.722222" />
  <attribute name="DerivativeH" value="-1.722222" />
  <attribute name="Loop Time for DT" value="54.000000" />
  <attribute name="Output H" value="2092630016"/>
  <attribute name="Output I" value="200"/>
  <attribute name="Output T" value="4"/>
  <attribute name="Target GC Util Change" value ="20.000000" />
  <attribute name="Current GC Util Change" value="11.000000"/>
  <attribute name="GC Util currently" value="11" />
  <attribute name="CPU Util currently" value="85557894526" />
<allocation-satisfied id="194" threadId="0000000000D30500" bytesRequested="26680" />
<af-end id="195" timestamp="2019-06-17T03:33:14.978" threadId="0000000000D30E88" success="true" from="nursery"/>
<exclusive-end id="196" timestamp="2019-06-17T03:33:14.978" durationms="3.531" />

<exclusive-start id="197" timestamp="2019-06-17T03:33:15.002" intervalms="27.154">
  <response-info timems="0.062" idlems="0.062" threads="0" lastid="0000000000D2C900" lastname="Thread-3" />
</exclusive-start>
<af-start id="198" threadId="0000000000D2D288" totalBytesRequested="1952" timestamp="2019-06-17T03:33:15.002" intervalms="27.215" type="nursery" />
<cycle-start id="199" type="scavenge" contextid="0" timestamp="2019-06-17T03:33:15.002" intervalms="27.256" />
<gc-start id="200" type="scavenge" contextid="199" timestamp="2019-06-17T03:33:15.002">
  <mem-info id="201" free="4518496" total="8388608" percent="53">
    <mem type="nursery" free="0" total="2097152" percent="0">
      <mem type="allocate" free="0" total="1572864" percent="0" />
      <mem type="survivor" free="0" total="524288" percent="0" />
    </mem>
    <mem type="tenure" free="4518496" total="6291456" percent="71">
      <mem type="soa" free="4204128" total="5977088" percent="70" />
      <mem type="loa" free="314368" total="314368" percent="100" />
    </mem>
    <remembered-set count="783" />
  </mem-info>
</gc-start>
<allocation-stats totalBytes="1086032" >
  <allocated-bytes non-tlh="286088" tlh="799944" />
  <largest-consumer threadName="Thread-4" threadId="0000000000D30500" bytes="424632" />
</allocation-stats>
<gc-op id="202" type="scavenge" timems="1.649" contextid="199" timestamp="2019-06-17T03:33:15.004">
  <scavenger-info tenureage="5" tenuremask="ffe0" tiltratio="75" />
  <memory-copied type="nursery" objects="4820" bytes="517464" bytesdiscarded="6496" />
  <memory-copied type="tenure" objects="2663" bytes="320184" bytesdiscarded="0" />
  <copy-failed type="nursery" objects="2663" bytes="320184" />
  <finalization candidates="1" enqueued="0" />
  <references type="soft" candidates="11" cleared="0" enqueued="0" dynamicThreshold="24" maxThreshold="32" />
  <references type="weak" candidates="17" cleared="1" enqueued="1" />
  <references type="phantom" candidates="16" cleared="0" enqueued="0" />
</gc-op>
<heap-resize id="203" type="expand" space="nursery" amount="131072" count="1" timems="0.066" reason="excessive time being spent scavenging" timestamp="2019-06-17T03:33:15.004" />
<gc-end id="204" type="scavenge" contextid="199" durationms="2.325" usertimems="4.000" systemtimems="0.000" timestamp="2019-06-17T03:33:15.004" activeThreads="4">
  <mem-info id="205" free="4777728" total="8519680" percent="56">
    <mem type="nursery" free="589824" total="2228224" percent="26">
      <mem type="allocate" free="589824" total="1114112" percent="52" />
      <mem type="survivor" free="0" total="1114112" percent="0" />
    </mem>
    <mem type="tenure" free="4187904" total="6291456" percent="66">
      <mem type="soa" free="3873536" total="5977088" percent="64" />
      <mem type="loa" free="314368" total="314368" percent="100" />
    </mem>
    <pending-finalizers system="0" default="0" reference="1" classloader="0" />
    <remembered-set count="1239" />
  </mem-info>
</gc-end>
<cycle-end id="206" type="scavenge" contextid="199" timestamp="2019-06-17T03:33:15.005" />
  <attribute name="elasticGC enabled" value="1" />
  <attribute name= "numThreadsSpecified" value="4" />
  <attribute name="heapSize specified" value="8388608" />
  <attribute name="Current GC Util" value="13" />
  <attribute name= "Current Time Running" value="1583" />
  <attribute name ="GC Interval" value="200" />
  <attribute name="ProportionalT" value="-10.500000" />
  <attribute name="ProportionalI" value="-10.500000" />
  <attribute name="ProportionalH" value="-10.500000" />
  <attribute name="Current Error" value="-7.000000" />
  <attribute name="IntegralT" value="-189.000000" />
  <attribute name="IntegralI" value="-189.000000" />
  <attribute name="IntegralH" value="-189.000000" />
  <attribute name="DerivativeT" value="-0.388889" />
  <attribute name="DerivativeI" value="-0.388889" />
  <attribute name="DerivativeH" value="-0.388889" />
  <attribute name="Loop Time for DT" value="27.000000" />
  <attribute name="Output H" value="2092630016"/>
  <attribute name="Output I" value="200"/>
  <attribute name="Output T" value="4"/>
  <attribute name="Target GC Util Change" value ="20.000000" />
  <attribute name="Current GC Util Change" value="13.000000"/>
  <attribute name="GC Util currently" value="13" />
  <attribute name="CPU Util currently" value="168757433208" />
<allocation-satisfied id="207" threadId="0000000000D2C900" bytesRequested="1952" />
<af-end id="208" timestamp="2019-06-17T03:33:15.005" threadId="0000000000D2D288" success="true" from="nursery"/>
<exclusive-end id="209" timestamp="2019-06-17T03:33:15.005" durationms="3.222" />

<exclusive-start id="210" timestamp="2019-06-17T03:33:15.037" intervalms="35.605">
  <response-info timems="0.135" idlems="0.088" threads="2" lastid="0000000000D30500" lastname="Thread-4" />
</exclusive-start>
<af-start id="211" threadId="0000000000D38688" totalBytesRequested="64" timestamp="2019-06-17T03:33:15.037" intervalms="35.654" type="nursery" />
<cycle-start id="212" type="scavenge" contextid="0" timestamp="2019-06-17T03:33:15.038" intervalms="35.666" />
<gc-start id="213" type="scavenge" contextid="212" timestamp="2019-06-17T03:33:15.038">
  <mem-info id="214" free="4171728" total="8519680" percent="48">
    <mem type="nursery" free="0" total="2228224" percent="0">
      <mem type="allocate" free="0" total="1114112" percent="0" />
      <mem type="survivor" free="0" total="1114112" percent="0" />
    </mem>
    <mem type="tenure" free="4171728" total="6291456" percent="66">
      <mem type="soa" free="3857360" total="5977088" percent="64" />
      <mem type="loa" free="314368" total="314368" percent="100" />
    </mem>
    <remembered-set count="1547" />
  </mem-info>
</gc-start>
<allocation-stats totalBytes="605240" >
  <allocated-bytes non-tlh="18128" tlh="587112" />
  <largest-consumer threadName="Thread-3" threadId="0000000000D2C900" bytes="351616" />
</allocation-stats>
<gc-op id="215" type="scavenge" timems="0.850" contextid="212" timestamp="2019-06-17T03:33:15.039">
  <scavenger-info tenureage="3" tenuremask="fff8" tiltratio="50" />
  <memory-copied type="nursery" objects="5040" bytes="671128" bytesdiscarded="86176" />
  <memory-copied type="tenure" objects="1230" bytes="72024" bytesdiscarded="112" />
  <finalization candidates="11" enqueued="1" />
  <references type="soft" candidates="25" cleared="0" enqueued="0" dynamicThreshold="24" maxThreshold="32" />
  <references type="weak" candidates="120" cleared="25" enqueued="14" />
  <references type="phantom" candidates="17" cleared="0" enqueued="0" />
</gc-op>
<gc-end id="216" type="scavenge" contextid="212" durationms="1.266" usertimems="4.000" systemtimems="0.000" timestamp="2019-06-17T03:33:15.039" activeThreads="4">
  <mem-info id="217" free="4449880" total="8519680" percent="52">
    <mem type="nursery" free="356488" total="2228224" percent="15">
      <mem type="allocate" free="356488" total="1114112" percent="31" />
      <mem type="survivor" free="0" total="1114112" percent="0" />
    </mem>
    <mem type="tenure" free="4093392" total="6291456" percent="65">
      <mem type="soa" free="3779024" total="5977088" percent="63" />
      <mem type="loa" free="314368" total="314368" percent="100" />
    </mem>
    <pending-finalizers system="1" default="0" reference="14" classloader="0" />
    <remembered-set count="1648" />
  </mem-info>
</gc-end>
<cycle-end id="218" type="scavenge" contextid="212" timestamp="2019-06-17T03:33:15.039" />
  <attribute name="elasticGC enabled" value="1" />
  <attribute name= "numThreadsSpecified" value="4" />
  <attribute name="heapSize specified" value="8388608" />
  <attribute name="Current GC Util" value="7" />
  <attribute name= "Current Time Running" value="1619" />
  <attribute name ="GC Interval" value="200" />
  <attribute name="ProportionalT" value="-19.500000" />
  <attribute name="ProportionalI" value="-19.500000" />
  <attribute name="ProportionalH" value="-19.500000" />
  <attribute name="Current Error" value="-13.000000" />
  <attribute name="IntegralT" value="-468.000000" />
  <attribute name="IntegralI" value="-468.000000" />
  <attribute name="IntegralH" value="-468.000000" />
  <attribute name="DerivativeT" value="-0.541667" />
  <attribute name="DerivativeI" value="-0.541667" />
  <attribute name="DerivativeH" value="-0.541667" />
  <attribute name="Loop Time for DT" value="36.000000" />
  <attribute name="Output H" value="2092630016"/>
  <attribute name="Output I" value="200"/>
  <attribute name="Output T" value="4"/>
  <attribute name="Target GC Util Change" value ="20.000000" />
  <attribute name="Current GC Util Change" value="7.000000"/>
  <attribute name="GC Util currently" value="7" />
  <attribute name="CPU Util currently" value="129099001411" />
<allocation-satisfied id="219" threadId="0000000000D37D00" bytesRequested="64" />
<af-end id="220" timestamp="2019-06-17T03:33:15.039" threadId="0000000000D38688" success="true" from="nursery"/>
<exclusive-end id="221" timestamp="2019-06-17T03:33:15.039" durationms="2.072" />

<exclusive-start id="222" timestamp="2019-06-17T03:33:15.045" intervalms="8.187">
  <response-info timems="0.206" idlems="0.186" threads="1" lastid="00000000009FF300" lastname="JIT Compilation Thread-0" />
</exclusive-start>
<af-start id="223" threadId="0000000000D30E88" totalBytesRequested="16" timestamp="2019-06-17T03:33:15.046" intervalms="8.126" type="nursery" />
<cycle-start id="224" type="scavenge" contextid="0" timestamp="2019-06-17T03:33:15.046" intervalms="8.107" />
<gc-start id="225" type="scavenge" contextid="224" timestamp="2019-06-17T03:33:15.046">
  <mem-info id="226" free="4092696" total="8519680" percent="48">
    <mem type="nursery" free="0" total="2228224" percent="0">
      <mem type="allocate" free="0" total="1114112" percent="0" />
      <mem type="survivor" free="0" total="1114112" percent="0" />
    </mem>
    <mem type="tenure" free="4092696" total="6291456" percent="65">
      <mem type="soa" free="3778328" total="5977088" percent="63" />
      <mem type="loa" free="314368" total="314368" percent="100" />
    </mem>
    <remembered-set count="1661" />
  </mem-info>
</gc-start>
<allocation-stats totalBytes="356080" >
  <allocated-bytes non-tlh="49936" tlh="306144" />
  <largest-consumer threadName="Thread-5" threadId="0000000000D34100" bytes="98464" />
</allocation-stats>
<gc-op id="227" type="scavenge" timems="1.379" contextid="224" timestamp="2019-06-17T03:33:15.048">
  <scavenger-info tenureage="2" tenuremask="fffc" tiltratio="50" />
  <memory-copied type="nursery" objects="2429" bytes="245200" bytesdiscarded="89856" />
  <memory-copied type="tenure" objects="3566" bytes="443808" bytesdiscarded="216" />
  <finalization candidates="10" enqueued="0" />
  <references type="soft" candidates="19" cleared="0" enqueued="0" dynamicThreshold="24" maxThreshold="32" />
  <references type="weak" candidates="82" cleared="2" enqueued="2" />
  <references type="phantom" candidates="2" cleared="0" enqueued="0" />
</gc-op>
<heap-resize id="228" type="expand" space="nursery" amount="131072" count="1" timems="0.014" reason="excessive time being spent scavenging" timestamp="2019-06-17T03:33:15.048" />
<gc-end id="229" type="scavenge" contextid="224" durationms="1.956" usertimems="0.000" systemtimems="0.000" timestamp="2019-06-17T03:33:15.048" activeThreads="1">
  <mem-info id="230" free="4504264" total="8650752" percent="52">
    <mem type="nursery" free="844528" total="2359296" percent="35">
      <mem type="allocate" free="844528" total="1179648" percent="71" />
      <mem type="survivor" free="0" total="1179648" percent="0" />
    </mem>
    <mem type="tenure" free="3659736" total="6291456" percent="58">
      <mem type="soa" free="3345368" total="5977088" percent="55" />
      <mem type="loa" free="314368" total="314368" percent="100" />
    </mem>
    <pending-finalizers system="0" default="0" reference="2" classloader="0" />
    <remembered-set count="414" />
  </mem-info>
</gc-end>
<cycle-end id="231" type="scavenge" contextid="224" timestamp="2019-06-17T03:33:15.048" />
  <attribute name="elasticGC enabled" value="1" />
  <attribute name= "numThreadsSpecified" value="1" />
  <attribute name="heapSize specified" value="8388608" />
  <attribute name="Current GC Util" value="20" />
  <attribute name= "Current Time Running" value="1627" />
  <attribute name ="GC Interval" value="200" />
  <attribute name="ProportionalT" value="0.000000" />
  <attribute name="ProportionalI" value="0.000000" />
  <attribute name="ProportionalH" value="0.000000" />
  <attribute name="Current Error" value="0.000000" />
  <attribute name="IntegralT" value="0.000000" />
  <attribute name="IntegralI" value="0.000000" />
  <attribute name="IntegralH" value="0.000000" />
  <attribute name="DerivativeT" value="0.000000" />
  <attribute name="DerivativeI" value="0.000000" />
  <attribute name="DerivativeH" value="0.000000" />
  <attribute name="Loop Time for DT" value="8.000000" />
  <attribute name="Output H" value="8388608"/>
  <attribute name="Output I" value="200"/>
  <attribute name="Output T" value="1"/>
  <attribute name="Target GC Util Change" value ="20.000000" />
  <attribute name="Current GC Util Change" value="20.000000"/>
  <attribute name="GC Util currently" value="20" />
  <attribute name="CPU Util currently" value="570589952101" />
<allocation-satisfied id="232" threadId="0000000000D30500" bytesRequested="16" />
<af-end id="233" timestamp="2019-06-17T03:33:15.048" threadId="0000000000D30E88" success="true" from="nursery"/>
<exclusive-end id="234" timestamp="2019-06-17T03:33:15.048" durationms="2.679" />

<exclusive-start id="235" timestamp="2019-06-17T03:33:15.078" intervalms="33.022">
  <response-info timems="0.042" idlems="0.027" threads="1" lastid="0000000000D37D00" lastname="Thread-6" />
</exclusive-start>
<af-start id="236" threadId="0000000000D2D288" totalBytesRequested="216" timestamp="2019-06-17T03:33:15.079" intervalms="32.954" type="nursery" />
<cycle-start id="237" type="scavenge" contextid="0" timestamp="2019-06-17T03:33:15.079" intervalms="32.951" />
<gc-start id="238" type="scavenge" contextid="237" timestamp="2019-06-17T03:33:15.079">
  <mem-info id="239" free="3655152" total="8650752" percent="42">
    <mem type="nursery" free="0" total="2359296" percent="0">
      <mem type="allocate" free="0" total="1179648" percent="0" />
      <mem type="survivor" free="0" total="1179648" percent="0" />
    </mem>
    <mem type="tenure" free="3655152" total="6291456" percent="58">
      <mem type="soa" free="3340784" total="5977088" percent="55" />
      <mem type="loa" free="314368" total="314368" percent="100" />
    </mem>
    <remembered-set count="496" />
  </mem-info>
</gc-start>
<allocation-stats totalBytes="848104" >
  <allocated-bytes non-tlh="4600" tlh="843504" />
  <largest-consumer threadName="Thread-4" threadId="0000000000D30500" bytes="365920" />
</allocation-stats>
<gc-op id="240" type="scavenge" timems="1.588" contextid="237" timestamp="2019-06-17T03:33:15.081">
  <scavenger-info tenureage="4" tenuremask="fff0" tiltratio="50" />
  <memory-copied type="nursery" objects="6472" bytes="396552" bytesdiscarded="134560" />
  <finalization candidates="9" enqueued="0" />
  <references type="soft" candidates="21" cleared="0" enqueued="0" dynamicThreshold="24" maxThreshold="32" />
  <references type="weak" candidates="82" cleared="4" enqueued="4" />
  <references type="phantom" candidates="2" cleared="0" enqueued="0" />
</gc-op>
<gc-end id="241" type="scavenge" contextid="237" durationms="2.010" usertimems="0.000" systemtimems="4.000" timestamp="2019-06-17T03:33:15.081" activeThreads="4">
  <mem-info id="242" free="4369128" total="8650752" percent="50">
    <mem type="nursery" free="713976" total="2359296" percent="30">
      <mem type="allocate" free="713976" total="1245184" percent="57" />
      <mem type="survivor" free="0" total="1114112" percent="0" />
    </mem>
    <mem type="tenure" free="3655152" total="6291456" percent="58">
      <mem type="soa" free="3340784" total="5977088" percent="55" />
      <mem type="loa" free="314368" total="314368" percent="100" />
    </mem>
    <pending-finalizers system="0" default="0" reference="4" classloader="0" />
    <remembered-set count="277" />
  </mem-info>
</gc-end>
<cycle-end id="243" type="scavenge" contextid="237" timestamp="2019-06-17T03:33:15.081" />
  <attribute name="elasticGC enabled" value="1" />
  <attribute name= "numThreadsSpecified" value="4" />
  <attribute name="heapSize specified" value="8388608" />
  <attribute name="Current GC Util" value="3" />
  <attribute name= "Current Time Running" value="1660" />
  <attribute name ="GC Interval" value="200" />
  <attribute name="ProportionalT" value="-25.500000" />
  <attribute name="ProportionalI" value="-25.500000" />
  <attribute name="ProportionalH" value="-25.500000" />
  <attribute name="Current Error" value="-17.000000" />
  <attribute name="IntegralT" value="-561.000000" />
  <attribute name="IntegralI" value="-561.000000" />
  <attribute name="IntegralH" value="-561.000000" />
  <attribute name="DerivativeT" value="-0.772727" />
  <attribute name="DerivativeI" value="-0.772727" />
  <attribute name="DerivativeH" value="-0.772727" />
  <attribute name="Loop Time for DT" value="33.000000" />
  <attribute name="Output H" value="2092630016"/>
  <attribute name="Output I" value="200"/>
  <attribute name="Output T" value="4"/>
  <attribute name="Target GC Util Change" value ="20.000000" />
  <attribute name="Current GC Util Change" value="3.000000"/>
  <attribute name="GC Util currently" value="3" />
  <attribute name="CPU Util currently" value="140647630623" />
<allocation-satisfied id="244" threadId="0000000000D2C900" bytesRequested="216" />
<af-end id="245" timestamp="2019-06-17T03:33:15.081" threadId="0000000000D2D288" success="true" from="nursery"/>
<exclusive-end id="246" timestamp="2019-06-17T03:33:15.081" durationms="2.712" />

<exclusive-start id="247" timestamp="2019-06-17T03:33:15.104" intervalms="25.818">
  <response-info timems="0.023" idlems="0.023" threads="0" lastid="0000000000D30500" lastname="Thread-4" />
</exclusive-start>
<af-start id="248" threadId="0000000000D30E88" totalBytesRequested="20576" timestamp="2019-06-17T03:33:15.104" intervalms="25.810" type="nursery" />
<cycle-start id="249" type="scavenge" contextid="0" timestamp="2019-06-17T03:33:15.104" intervalms="25.770" />
<gc-start id="250" type="scavenge" contextid="249" timestamp="2019-06-17T03:33:15.105">
  <mem-info id="251" free="3644376" total="8650752" percent="42">
    <mem type="nursery" free="0" total="2359296" percent="0">
      <mem type="allocate" free="0" total="1245184" percent="0" />
      <mem type="survivor" free="0" total="1114112" percent="0" />
    </mem>
    <mem type="tenure" free="3644376" total="6291456" percent="57">
      <mem type="soa" free="3330008" total="5977088" percent="55" />
      <mem type="loa" free="314368" total="314368" percent="100" />
    </mem>
    <remembered-set count="436" />
  </mem-info>
</gc-start>
<allocation-stats totalBytes="712888" >
  <allocated-bytes non-tlh="10992" tlh="701896" />
  <largest-consumer threadName="Thread-6" threadId="0000000000D37D00" bytes="307272" />
</allocation-stats>
<gc-op id="252" type="scavenge" timems="3.725" contextid="249" timestamp="2019-06-17T03:33:15.108">
  <scavenger-info tenureage="3" tenuremask="fff8" tiltratio="52" />
  <memory-copied type="nursery" objects="6828" bytes="466888" bytesdiscarded="218152" />
  <memory-copied type="tenure" objects="1304" bytes="189096" bytesdiscarded="1488" />
  <finalization candidates="9" enqueued="0" />
  <references type="soft" candidates="5" cleared="0" enqueued="0" dynamicThreshold="24" maxThreshold="32" />
  <references type="weak" candidates="10" cleared="0" enqueued="0" />
  <references type="phantom" candidates="2" cleared="0" enqueued="0" />
</gc-op>
<heap-resize id="253" type="expand" space="nursery" amount="262144" count="1" timems="0.013" reason="excessive time being spent scavenging" timestamp="2019-06-17T03:33:15.109" />
<gc-end id="254" type="scavenge" contextid="249" durationms="4.121" usertimems="4.000" systemtimems="0.000" timestamp="2019-06-17T03:33:15.109" activeThreads="4">
  <mem-info id="255" free="4262536" total="8912896" percent="47">
    <mem type="nursery" free="822200" total="2621440" percent="31">
      <mem type="allocate" free="822200" total="1507328" percent="54" />
      <mem type="survivor" free="0" total="1114112" percent="0" />
    </mem>
    <mem type="tenure" free="3440336" total="6291456" percent="54">
      <mem type="soa" free="3125968" total="5977088" percent="52" />
      <mem type="loa" free="314368" total="314368" percent="100" />
    </mem>
    <remembered-set count="331" />
  </mem-info>
</gc-end>
<cycle-end id="256" type="scavenge" contextid="249" timestamp="2019-06-17T03:33:15.109" />
  <attribute name="elasticGC enabled" value="1" />
  <attribute name= "numThreadsSpecified" value="4" />
  <attribute name="heapSize specified" value="8388608" />
  <attribute name="Current GC Util" value="12" />
  <attribute name= "Current Time Running" value="1686" />
  <attribute name ="GC Interval" value="200" />
  <attribute name="ProportionalT" value="-12.000000" />
  <attribute name="ProportionalI" value="-12.000000" />
  <attribute name="ProportionalH" value="-12.000000" />
  <attribute name="Current Error" value="-8.000000" />
  <attribute name="IntegralT" value="-208.000000" />
  <attribute name="IntegralI" value="-208.000000" />
  <attribute name="IntegralH" value="-208.000000" />
  <attribute name="DerivativeT" value="-0.461538" />
  <attribute name="DerivativeI" value="-0.461538" />
  <attribute name="DerivativeH" value="-0.461538" />
  <attribute name="Loop Time for DT" value="26.000000" />
  <attribute name="Output H" value="2092630016"/>
  <attribute name="Output I" value="200"/>
  <attribute name="Output T" value="4"/>
  <attribute name="Target GC Util Change" value ="20.000000" />
  <attribute name="Current GC Util Change" value="12.000000"/>
  <attribute name="GC Util currently" value="12" />
  <attribute name="CPU Util currently" value="178908017195" />
<allocation-satisfied id="257" threadId="0000000000D30500" bytesRequested="20576" />
<af-end id="258" timestamp="2019-06-17T03:33:15.109" threadId="0000000000D30E88" success="true" from="nursery"/>
<exclusive-end id="259" timestamp="2019-06-17T03:33:15.109" durationms="4.794" />

<exclusive-start id="260" timestamp="2019-06-17T03:33:15.147" intervalms="43.106">
  <response-info timems="0.031" idlems="0.031" threads="0" lastid="0000000000D2C900" lastname="Thread-3" />
</exclusive-start>
<af-start id="261" threadId="0000000000D2D288" totalBytesRequested="32776" timestamp="2019-06-17T03:33:15.148" intervalms="43.169" type="nursery" />
<cycle-start id="262" type="scavenge" contextid="0" timestamp="2019-06-17T03:33:15.148" intervalms="43.180" />
<gc-start id="263" type="scavenge" contextid="262" timestamp="2019-06-17T03:33:15.148">
  <mem-info id="264" free="3448912" total="8912896" percent="38">
    <mem type="nursery" free="15288" total="2621440" percent="0">
      <mem type="allocate" free="15288" total="1507328" percent="1" />
      <mem type="survivor" free="0" total="1114112" percent="0" />
    </mem>
    <mem type="tenure" free="3433624" total="6291456" percent="54">
      <mem type="soa" free="3119256" total="5977088" percent="52" />
      <mem type="loa" free="314368" total="314368" percent="100" />
    </mem>
    <remembered-set count="493" />
  </mem-info>
</gc-start>
<allocation-stats totalBytes="807760" >
  <allocated-bytes non-tlh="63232" tlh="744528" />
  <largest-consumer threadName="Thread-4" threadId="0000000000D30500" bytes="260280" />
</allocation-stats>
<gc-op id="265" type="scavenge" timems="1.767" contextid="262" timestamp="2019-06-17T03:33:15.150">
  <scavenger-info tenureage="2" tenuremask="7ffc" tiltratio="57" />
  <memory-copied type="nursery" objects="2173" bytes="298512" bytesdiscarded="108512" />
  <memory-copied type="tenure" objects="5116" bytes="202000" bytesdiscarded="80" />
  <references type="soft" candidates="4" cleared="0" enqueued="0" dynamicThreshold="24" maxThreshold="32" />
  <references type="weak" candidates="40" cleared="15" enqueued="11" />
</gc-op>
<gc-end id="266" type="scavenge" contextid="262" durationms="2.198" usertimems="0.000" systemtimems="4.000" timestamp="2019-06-17T03:33:15.150" activeThreads="4">
  <mem-info id="267" free="4479040" total="8912896" percent="50">
    <mem type="nursery" free="1296824" total="2621440" percent="49">
      <mem type="allocate" free="1296824" total="1703936" percent="76" />
      <mem type="survivor" free="0" total="917504" percent="0" />
    </mem>
    <mem type="tenure" free="3182216" total="6291456" percent="50">
      <mem type="soa" free="2867848" total="5977088" percent="47" />
      <mem type="loa" free="314368" total="314368" percent="100" />
    </mem>
    <pending-finalizers system="0" default="0" reference="11" classloader="0" />
    <remembered-set count="425" />
  </mem-info>
</gc-end>
<cycle-end id="268" type="scavenge" contextid="262" timestamp="2019-06-17T03:33:15.150" />
  <attribute name="elasticGC enabled" value="1" />
  <attribute name= "numThreadsSpecified" value="4" />
  <attribute name="heapSize specified" value="8388608" />
  <attribute name="Current GC Util" value="12" />
  <attribute name= "Current Time Running" value="1729" />
  <attribute name ="GC Interval" value="200" />
  <attribute name="ProportionalT" value="-12.000000" />
  <attribute name="ProportionalI" value="-12.000000" />
  <attribute name="ProportionalH" value="-12.000000" />
  <attribute name="Current Error" value="-8.000000" />
  <attribute name="IntegralT" value="-344.000000" />
  <attribute name="IntegralI" value="-344.000000" />
  <attribute name="IntegralH" value="-344.000000" />
  <attribute name="DerivativeT" value="-0.279070" />
  <attribute name="DerivativeI" value="-0.279070" />
  <attribute name="DerivativeH" value="-0.279070" />
  <attribute name="Loop Time for DT" value="43.000000" />
  <attribute name="Output H" value="2092630016"/>
  <attribute name="Output I" value="200"/>
  <attribute name="Output T" value="4"/>
  <attribute name="Target GC Util Change" value ="20.000000" />
  <attribute name="Current GC Util Change" value="12.000000"/>
  <attribute name="GC Util currently" value="12" />
  <attribute name="CPU Util currently" value="17" />
<allocation-satisfied id="269" threadId="0000000000D2C900" bytesRequested="32776" />
<af-end id="270" timestamp="2019-06-17T03:33:15.150" threadId="0000000000D2D288" success="true" from="nursery"/>
<exclusive-end id="271" timestamp="2019-06-17T03:33:15.150" durationms="3.069" />

<exclusive-start id="272" timestamp="2019-06-17T03:33:15.171" intervalms="23.119">
  <response-info timems="0.043" idlems="0.043" threads="0" lastid="0000000000D34100" lastname="Thread-5" />
</exclusive-start>
<af-start id="273" threadId="0000000000D34A88" totalBytesRequested="8200" timestamp="2019-06-17T03:33:15.171" intervalms="23.062" type="nursery" />
<cycle-start id="274" type="scavenge" contextid="0" timestamp="2019-06-17T03:33:15.171" intervalms="23.018" />
<gc-start id="275" type="scavenge" contextid="274" timestamp="2019-06-17T03:33:15.171">
  <mem-info id="276" free="3182144" total="8912896" percent="35">
    <mem type="nursery" free="0" total="2621440" percent="0">
      <mem type="allocate" free="0" total="1703936" percent="0" />
      <mem type="survivor" free="0" total="917504" percent="0" />
    </mem>
    <mem type="tenure" free="3182144" total="6291456" percent="50">
      <mem type="soa" free="2867776" total="5977088" percent="47" />
      <mem type="loa" free="314368" total="314368" percent="100" />
    </mem>
    <remembered-set count="452" />
  </mem-info>
</gc-start>
<allocation-stats totalBytes="1210064" >
  <allocated-bytes non-tlh="163952" tlh="1046112" />
  <largest-consumer threadName="Thread-3" threadId="0000000000D2C900" bytes="414536" />
</allocation-stats>
<gc-op id="277" type="scavenge" timems="0.644" contextid="274" timestamp="2019-06-17T03:33:15.171">
  <scavenger-info tenureage="2" tenuremask="7ffc" tiltratio="65" />
  <memory-copied type="nursery" objects="1688" bytes="735328" bytesdiscarded="181920" />
  <memory-copied type="tenure" objects="1822" bytes="283912" bytesdiscarded="1480" />
  <copy-failed type="nursery" objects="193" bytes="26056" />
  <references type="soft" candidates="3" cleared="0" enqueued="0" dynamicThreshold="24" maxThreshold="32" />
  <references type="weak" candidates="23" cleared="0" enqueued="0" />
  <references type="phantom" candidates="3" cleared="0" enqueued="0" />
</gc-op>
<gc-end id="278" type="scavenge" contextid="274" durationms="0.825" usertimems="0.000" systemtimems="0.000" timestamp="2019-06-17T03:33:15.172" activeThreads="4">
  <mem-info id="279" free="3137528" total="8912896" percent="35">
    <mem type="nursery" free="393216" total="2621440" percent="15">
      <mem type="allocate" free="393216" total="1310720" percent="30" />
      <mem type="survivor" free="0" total="1310720" percent="0" />
    </mem>
    <mem type="tenure" free="2744312" total="6291456" percent="43">
      <mem type="soa" free="2429944" total="5977088" percent="40" />
      <mem type="loa" free="314368" total="314368" percent="100" />
    </mem>
    <remembered-set count="322" />
  </mem-info>
</gc-end>
<cycle-end id="280" type="scavenge" contextid="274" timestamp="2019-06-17T03:33:15.172" />
  <attribute name="elasticGC enabled" value="1" />
  <attribute name= "numThreadsSpecified" value="4" />
  <attribute name="heapSize specified" value="8388608" />
  <attribute name="Current GC Util" value="13" />
  <attribute name= "Current Time Running" value="1752" />
  <attribute name ="GC Interval" value="200" />
  <attribute name="ProportionalT" value="-10.500000" />
  <attribute name="ProportionalI" value="-10.500000" />
  <attribute name="ProportionalH" value="-10.500000" />
  <attribute name="Current Error" value="-7.000000" />
  <attribute name="IntegralT" value="-161.000000" />
  <attribute name="IntegralI" value="-161.000000" />
  <attribute name="IntegralH" value="-161.000000" />
  <attribute name="DerivativeT" value="-0.456522" />
  <attribute name="DerivativeI" value="-0.456522" />
  <attribute name="DerivativeH" value="-0.456522" />
  <attribute name="Loop Time for DT" value="23.000000" />
  <attribute name="Output H" value="2092630016"/>
  <attribute name="Output I" value="200"/>
  <attribute name="Output T" value="4"/>
  <attribute name="Target GC Util Change" value ="20.000000" />
  <attribute name="Current GC Util Change" value="13.000000"/>
  <attribute name="GC Util currently" value="13" />
  <attribute name="CPU Util currently" value="201142640313" />
<allocation-satisfied id="281" threadId="0000000000D34100" bytesRequested="8200" />
<af-end id="282" timestamp="2019-06-17T03:33:15.172" threadId="0000000000D34A88" success="true" from="nursery"/>
<exclusive-end id="283" timestamp="2019-06-17T03:33:15.172" durationms="1.252" />

<exclusive-start id="284" timestamp="2019-06-17T03:33:15.190" intervalms="19.727">
  <response-info timems="0.031" idlems="0.031" threads="0" lastid="0000000000D2C900" lastname="Thread-3" />
</exclusive-start>
<af-start id="285" threadId="0000000000D2D288" totalBytesRequested="48" timestamp="2019-06-17T03:33:15.190" intervalms="19.725" type="nursery" />
<cycle-start id="286" type="scavenge" contextid="0" timestamp="2019-06-17T03:33:15.190" intervalms="19.731" />
<gc-start id="287" type="scavenge" contextid="286" timestamp="2019-06-17T03:33:15.190">
  <mem-info id="288" free="2744112" total="8912896" percent="30">
    <mem type="nursery" free="0" total="2621440" percent="0">
      <mem type="allocate" free="0" total="1310720" percent="0" />
      <mem type="survivor" free="0" total="1310720" percent="0" />
    </mem>
    <mem type="tenure" free="2744112" total="6291456" percent="43">
      <mem type="soa" free="2429744" total="5977088" percent="40" />
      <mem type="loa" free="314368" total="314368" percent="100" />
    </mem>
    <remembered-set count="397" />
  </mem-info>
</gc-start>
<allocation-stats totalBytes="393224" >
  <allocated-bytes non-tlh="8400" tlh="384824" />
  <largest-consumer threadName="Thread-5" threadId="0000000000D34100" bytes="172104" />
</allocation-stats>
<gc-op id="289" type="scavenge" timems="1.362" contextid="286" timestamp="2019-06-17T03:33:15.192">
  <scavenger-info tenureage="1" tenuremask="fffe" tiltratio="50" />
  <memory-copied type="nursery" objects="865" bytes="136688" bytesdiscarded="95248" />
  <memory-copied type="tenure" objects="1641" bytes="728792" bytesdiscarded="904" />
</gc-op>
<gc-end id="290" type="scavenge" contextid="286" durationms="1.714" usertimems="0.000" systemtimems="4.000" timestamp="2019-06-17T03:33:15.192" activeThreads="4">
  <mem-info id="291" free="3219512" total="8912896" percent="36">
    <mem type="nursery" free="1144320" total="2621440" percent="43">
      <mem type="allocate" free="1144320" total="1376256" percent="83" />
      <mem type="survivor" free="0" total="1245184" percent="0" />
    </mem>
    <mem type="tenure" free="2075192" total="6291456" percent="32">
      <mem type="soa" free="1760824" total="5977088" percent="29" />
      <mem type="loa" free="314368" total="314368" percent="100" />
    </mem>
    <remembered-set count="212" />
  </mem-info>
</gc-end>
<cycle-end id="292" type="scavenge" contextid="286" timestamp="2019-06-17T03:33:15.192" />
  <attribute name="elasticGC enabled" value="1" />
  <attribute name= "numThreadsSpecified" value="4" />
  <attribute name="heapSize specified" value="8388608" />
  <attribute name="Current GC Util" value="7" />
  <attribute name= "Current Time Running" value="1772" />
  <attribute name ="GC Interval" value="200" />
  <attribute name="ProportionalT" value="-19.500000" />
  <attribute name="ProportionalI" value="-19.500000" />
  <attribute name="ProportionalH" value="-19.500000" />
  <attribute name="Current Error" value="-13.000000" />
  <attribute name="IntegralT" value="-260.000000" />
  <attribute name="IntegralI" value="-260.000000" />
  <attribute name="IntegralH" value="-260.000000" />
  <attribute name="DerivativeT" value="-0.975000" />
  <attribute name="DerivativeI" value="-0.975000" />
  <attribute name="DerivativeH" value="-0.975000" />
  <attribute name="Loop Time for DT" value="20.000000" />
  <attribute name="Output H" value="2092630016"/>
  <attribute name="Output I" value="200"/>
  <attribute name="Output T" value="4"/>
  <attribute name="Target GC Util Change" value ="20.000000" />
  <attribute name="Current GC Util Change" value="7.000000"/>
  <attribute name="GC Util currently" value="7" />
  <attribute name="CPU Util currently" value="233636043231" />
<allocation-satisfied id="293" threadId="0000000000D2C900" bytesRequested="48" />
<af-end id="294" timestamp="2019-06-17T03:33:15.192" threadId="0000000000D2D288" success="true" from="nursery"/>
<exclusive-end id="295" timestamp="2019-06-17T03:33:15.193" durationms="2.442" />

<exclusive-start id="296" timestamp="2019-06-17T03:33:15.214" intervalms="24.119">
  <response-info timems="0.042" idlems="0.042" threads="0" lastid="0000000000D30500" lastname="Thread-4" />
</exclusive-start>
<af-start id="297" threadId="0000000000D30E88" totalBytesRequested="2056" timestamp="2019-06-17T03:33:15.214" intervalms="24.123" type="nursery" />
<cycle-start id="298" type="scavenge" contextid="0" timestamp="2019-06-17T03:33:15.215" intervalms="24.124" />
<gc-start id="299" type="scavenge" contextid="298" timestamp="2019-06-17T03:33:15.215">
  <mem-info id="300" free="2074632" total="8912896" percent="23">
    <mem type="nursery" free="0" total="2621440" percent="0">
      <mem type="allocate" free="0" total="1376256" percent="0" />
      <mem type="survivor" free="0" total="1245184" percent="0" />
    </mem>
    <mem type="tenure" free="2074632" total="6291456" percent="32">
      <mem type="soa" free="1760264" total="5977088" percent="29" />
      <mem type="loa" free="314368" total="314368" percent="100" />
    </mem>
    <remembered-set count="358" />
  </mem-info>
</gc-start>
<allocation-stats totalBytes="1118248" >
  <allocated-bytes non-tlh="115328" tlh="1002920" />
  <largest-consumer threadName="Thread-6" threadId="0000000000D37D00" bytes="458504" />
</allocation-stats>
<gc-op id="301" type="scavenge" timems="5.409" contextid="298" timestamp="2019-06-17T03:33:15.220">
  <scavenger-info tenureage="2" tenuremask="7ffc" tiltratio="52" />
  <memory-copied type="nursery" objects="2200" bytes="660696" bytesdiscarded="112224" />
  <references type="weak" candidates="1" cleared="1" enqueued="1" />
  <references type="phantom" candidates="1" cleared="0" enqueued="0" />
</gc-op>
<heap-resize id="302" type="expand" space="nursery" amount="262144" count="1" timems="0.015" reason="excessive time being spent scavenging" timestamp="2019-06-17T03:33:15.220" />
<gc-end id="303" type="scavenge" contextid="298" durationms="5.656" usertimems="0.000" systemtimems="8.000" timestamp="2019-06-17T03:33:15.220" activeThreads="4">
  <mem-info id="304" free="2743432" total="9175040" percent="29">
    <mem type="nursery" free="668800" total="2883584" percent="23">
      <mem type="allocate" free="668800" total="1441792" percent="46" />
      <mem type="survivor" free="0" total="1441792" percent="0" />
    </mem>
    <mem type="tenure" free="2074632" total="6291456" percent="32">
      <mem type="soa" free="1760264" total="5977088" percent="29" />
      <mem type="loa" free="314368" total="314368" percent="100" />
    </mem>
    <pending-finalizers system="0" default="0" reference="1" classloader="0" />
    <remembered-set count="255" />
  </mem-info>
</gc-end>
<cycle-end id="305" type="scavenge" contextid="298" timestamp="2019-06-17T03:33:15.220" />
  <attribute name="elasticGC enabled" value="1" />
  <attribute name= "numThreadsSpecified" value="4" />
  <attribute name="heapSize specified" value="8388608" />
  <attribute name="Current GC Util" value="9" />
  <attribute name= "Current Time Running" value="1796" />
  <attribute name ="GC Interval" value="200" />
  <attribute name="ProportionalT" value="-16.500000" />
  <attribute name="ProportionalI" value="-16.500000" />
  <attribute name="ProportionalH" value="-16.500000" />
  <attribute name="Current Error" value="-11.000000" />
  <attribute name="IntegralT" value="-264.000000" />
  <attribute name="IntegralI" value="-264.000000" />
  <attribute name="IntegralH" value="-264.000000" />
  <attribute name="DerivativeT" value="-0.687500" />
  <attribute name="DerivativeI" value="-0.687500" />
  <attribute name="DerivativeH" value="-0.687500" />
  <attribute name="Loop Time for DT" value="24.000000" />
  <attribute name="Output H" value="2092630016"/>
  <attribute name="Output I" value="200"/>
  <attribute name="Output T" value="4"/>
  <attribute name="Target GC Util Change" value ="20.000000" />
  <attribute name="Current GC Util Change" value="9.000000"/>
  <attribute name="GC Util currently" value="9" />
  <attribute name="CPU Util currently" value="191167446820" />
<allocation-satisfied id="306" threadId="0000000000D30500" bytesRequested="2056" />
<af-end id="307" timestamp="2019-06-17T03:33:15.220" threadId="0000000000D30E88" success="true" from="nursery"/>
<exclusive-end id="308" timestamp="2019-06-17T03:33:15.220" durationms="6.086" />

<exclusive-start id="309" timestamp="2019-06-17T03:33:15.237" intervalms="22.613">
  <response-info timems="0.098" idlems="0.045" threads="2" lastid="0000000000D30500" lastname="Thread-4" />
</exclusive-start>
<af-start id="310" threadId="0000000000D38688" totalBytesRequested="8200" timestamp="2019-06-17T03:33:15.237" intervalms="22.619" type="nursery" />
<cycle-start id="311" type="scavenge" contextid="0" timestamp="2019-06-17T03:33:15.237" intervalms="22.592" />
<gc-start id="312" type="scavenge" contextid="311" timestamp="2019-06-17T03:33:15.237">
  <mem-info id="313" free="2074376" total="9175040" percent="22">
    <mem type="nursery" free="0" total="2883584" percent="0">
      <mem type="allocate" free="0" total="1441792" percent="0" />
      <mem type="survivor" free="0" total="1441792" percent="0" />
    </mem>
    <mem type="tenure" free="2074376" total="6291456" percent="32">
      <mem type="soa" free="1760008" total="5977088" percent="29" />
      <mem type="loa" free="314368" total="314368" percent="100" />
    </mem>
    <remembered-set count="362" />
  </mem-info>
</gc-start>
<allocation-stats totalBytes="665880" >
  <allocated-bytes non-tlh="35088" tlh="630792" />
  <largest-consumer threadName="Thread-6" threadId="0000000000D37D00" bytes="390216" />
</allocation-stats>
<gc-op id="314" type="scavenge" timems="0.515" contextid="311" timestamp="2019-06-17T03:33:15.238">
  <scavenger-info tenureage="1" tenuremask="7ffe" tiltratio="50" />
  <memory-copied type="nursery" objects="674" bytes="220184" bytesdiscarded="296968" />
  <memory-copied type="tenure" objects="1546" bytes="439944" bytesdiscarded="712" />
  <references type="weak" candidates="1" cleared="0" enqueued="0" />
  <references type="phantom" candidates="1" cleared="0" enqueued="0" />
</gc-op>
<gc-end id="315" type="scavenge" contextid="311" durationms="0.698" usertimems="0.000" systemtimems="0.000" timestamp="2019-06-17T03:33:15.238" activeThreads="4">
  <mem-info id="316" free="2727488" total="9175040" percent="29">
    <mem type="nursery" free="1186768" total="2883584" percent="41">
      <mem type="allocate" free="1186768" total="1703936" percent="69" />
      <mem type="survivor" free="0" total="1179648" percent="0" />
    </mem>
    <mem type="tenure" free="1540720" total="6291456" percent="24">
      <mem type="soa" free="1226352" total="5977088" percent="20" />
      <mem type="loa" free="314368" total="314368" percent="100" />
    </mem>
    <remembered-set count="190" />
  </mem-info>
</gc-end>
<cycle-end id="317" type="scavenge" contextid="311" timestamp="2019-06-17T03:33:15.238" />
  <attribute name="elasticGC enabled" value="1" />
  <attribute name= "numThreadsSpecified" value="4" />
  <attribute name="heapSize specified" value="8388608" />
  <attribute name="Current GC Util" value="37" />
  <attribute name= "Current Time Running" value="1818" />
  <attribute name ="GC Interval" value="400" />
  <attribute name="ProportionalT" value="25.500000" />
  <attribute name="ProportionalI" value="25.500000" />
  <attribute name="ProportionalH" value="25.500000" />
  <attribute name="Current Error" value="17.000000" />
  <attribute name="IntegralT" value="374.000000" />
  <attribute name="IntegralI" value="374.000000" />
  <attribute name="IntegralH" value="374.000000" />
  <attribute name="DerivativeT" value="1.159091" />
  <attribute name="DerivativeI" value="1.159091" />
  <attribute name="DerivativeH" value="1.159091" />
  <attribute name="Loop Time for DT" value="22.000000" />
  <attribute name="Output H" value="8388608"/>
  <attribute name="Output I" value="400"/>
  <attribute name="Output T" value="4"/>
  <attribute name="Target GC Util Change" value ="20.000000" />
  <attribute name="Current GC Util Change" value="37.000000"/>
  <attribute name="GC Util currently" value="37" />
  <attribute name="CPU Util currently" value="204069147592" />
<allocation-satisfied id="318" threadId="0000000000D37D00" bytesRequested="8200" />
<af-end id="319" timestamp="2019-06-17T03:33:15.238" threadId="0000000000D38688" success="true" from="nursery"/>
<exclusive-end id="320" timestamp="2019-06-17T03:33:15.238" durationms="1.204" />

<exclusive-start id="321" timestamp="2019-06-17T03:33:15.259" intervalms="21.897">
  <response-info timems="0.042" idlems="0.042" threads="0" lastid="0000000000D30500" lastname="Thread-4" />
</exclusive-start>
<af-start id="322" threadId="0000000000D30E88" totalBytesRequested="16392" timestamp="2019-06-17T03:33:15.259" intervalms="21.893" type="nursery" />
<cycle-start id="323" type="scavenge" contextid="0" timestamp="2019-06-17T03:33:15.259" intervalms="21.915" />
<gc-start id="324" type="scavenge" contextid="323" timestamp="2019-06-17T03:33:15.259">
  <mem-info id="325" free="1540680" total="9175040" percent="16">
    <mem type="nursery" free="0" total="2883584" percent="0">
      <mem type="allocate" free="0" total="1703936" percent="0" />
      <mem type="survivor" free="0" total="1179648" percent="0" />
    </mem>
    <mem type="tenure" free="1540680" total="6291456" percent="24">
      <mem type="soa" free="1226312" total="5977088" percent="20" />
      <mem type="loa" free="314368" total="314368" percent="100" />
    </mem>
    <remembered-set count="281" />
  </mem-info>
</gc-start>
<allocation-stats totalBytes="1134640" >
  <allocated-bytes non-tlh="90184" tlh="1044456" />
  <largest-consumer threadName="Thread-5" threadId="0000000000D34100" bytes="455296" />
</allocation-stats>
<gc-op id="326" type="scavenge" timems="3.910" contextid="323" timestamp="2019-06-17T03:33:15.263">
  <scavenger-info tenureage="1" tenuremask="7ffe" tiltratio="59" />
  <memory-copied type="nursery" objects="1329" bytes="537608" bytesdiscarded="162184" />
  <memory-copied type="tenure" objects="113" bytes="22640" bytesdiscarded="0" />
  <references type="weak" candidates="1" cleared="0" enqueued="0" />
  <references type="phantom" candidates="1" cleared="0" enqueued="0" />
</gc-op>
<heap-resize id="327" type="expand" space="nursery" amount="262144" count="1" timems="0.023" reason="excessive time being spent scavenging" timestamp="2019-06-17T03:33:15.263" />
<gc-end id="328" type="scavenge" contextid="323" durationms="4.173" usertimems="4.000" systemtimems="0.000" timestamp="2019-06-17T03:33:15.263" activeThreads="4">
  <mem-info id="329" free="2741392" total="9437184" percent="29">
    <mem type="nursery" free="1200712" total="3145728" percent="38">
      <mem type="allocate" free="1200712" total="1900544" percent="63" />
      <mem type="survivor" free="0" total="1245184" percent="0" />
    </mem>
    <mem type="tenure" free="1540680" total="6291456" percent="24">
      <mem type="soa" free="1226312" total="5977088" percent="20" />
      <mem type="loa" free="314368" total="314368" percent="100" />
    </mem>
    <remembered-set count="150" />
  </mem-info>
</gc-end>
<cycle-end id="330" type="scavenge" contextid="323" timestamp="2019-06-17T03:33:15.263" />
  <attribute name="elasticGC enabled" value="1" />
  <attribute name= "numThreadsSpecified" value="4" />
  <attribute name="heapSize specified" value="8388608" />
  <attribute name="Current GC Util" value="6" />
  <attribute name= "Current Time Running" value="1840" />
  <attribute name ="GC Interval" value="200" />
  <attribute name="ProportionalT" value="-21.000000" />
  <attribute name="ProportionalI" value="-21.000000" />
  <attribute name="ProportionalH" value="-21.000000" />
  <attribute name="Current Error" value="-14.000000" />
  <attribute name="IntegralT" value="-308.000000" />
  <attribute name="IntegralI" value="-308.000000" />
  <attribute name="IntegralH" value="-308.000000" />
  <attribute name="DerivativeT" value="-2.113636" />
  <attribute name="DerivativeI" value="-2.113636" />
  <attribute name="DerivativeH" value="-2.113636" />
  <attribute name="Loop Time for DT" value="22.000000" />
  <attribute name="Output H" value="2092630016"/>
  <attribute name="Output I" value="200"/>
  <attribute name="Output T" value="4"/>
  <attribute name="Target GC Util Change" value ="20.000000" />
  <attribute name="Current GC Util Change" value="6.000000"/>
  <attribute name="GC Util currently" value="6" />
  <attribute name="CPU Util currently" value="210473850690" />
<allocation-satisfied id="331" threadId="0000000000D30500" bytesRequested="16392" />
<af-end id="332" timestamp="2019-06-17T03:33:15.264" threadId="0000000000D30E88" success="true" from="nursery"/>
<exclusive-end id="333" timestamp="2019-06-17T03:33:15.264" durationms="4.837" />

<exclusive-start id="334" timestamp="2019-06-17T03:33:15.272" intervalms="13.475">
  <response-info timems="0.047" idlems="0.047" threads="0" lastid="0000000000D37D00" lastname="Thread-6" />
</exclusive-start>
<af-start id="335" threadId="0000000000D38688" totalBytesRequested="32776" timestamp="2019-06-17T03:33:15.272" intervalms="13.470" type="nursery" />
<cycle-start id="336" type="scavenge" contextid="0" timestamp="2019-06-17T03:33:15.272" intervalms="13.469" />
<gc-start id="337" type="scavenge" contextid="336" timestamp="2019-06-17T03:33:15.273">
  <mem-info id="338" free="1540680" total="9437184" percent="16">
    <mem type="nursery" free="0" total="3145728" percent="0">
      <mem type="allocate" free="0" total="1900544" percent="0" />
      <mem type="survivor" free="0" total="1245184" percent="0" />
    </mem>
    <mem type="tenure" free="1540680" total="6291456" percent="24">
      <mem type="soa" free="1226312" total="5977088" percent="20" />
      <mem type="loa" free="314368" total="314368" percent="100" />
    </mem>
    <remembered-set count="232" />
  </mem-info>
</gc-start>
<allocation-stats totalBytes="1147952" >
  <allocated-bytes non-tlh="114720" tlh="1033232" />
  <largest-consumer threadName="Thread-4" threadId="0000000000D30500" bytes="765464" />
</allocation-stats>
<gc-op id="339" type="scavenge" timems="0.500" contextid="336" timestamp="2019-06-17T03:33:15.273">
  <scavenger-info tenureage="1" tenuremask="7ffe" tiltratio="60" />
  <memory-copied type="nursery" objects="691" bytes="346704" bytesdiscarded="353224" />
  <memory-copied type="tenure" objects="672" bytes="322424" bytesdiscarded="120" />
  <references type="phantom" candidates="1" cleared="0" enqueued="0" />
</gc-op>
<gc-end id="340" type="scavenge" contextid="336" durationms="0.679" usertimems="0.000" systemtimems="0.000" timestamp="2019-06-17T03:33:15.273" activeThreads="4">
  <mem-info id="341" free="2635040" total="9437184" percent="27">
    <mem type="nursery" free="1397184" total="3145728" percent="44">
      <mem type="allocate" free="1397184" total="2097152" percent="66" />
      <mem type="survivor" free="0" total="1048576" percent="0" />
    </mem>
    <mem type="tenure" free="1237856" total="6291456" percent="19">
      <mem type="soa" free="923488" total="5977088" percent="15" />
      <mem type="loa" free="314368" total="314368" percent="100" />
    </mem>
    <remembered-set count="134" />
  </mem-info>
</gc-end>
<cycle-end id="342" type="scavenge" contextid="336" timestamp="2019-06-17T03:33:15.273" />
  <attribute name="elasticGC enabled" value="1" />
  <attribute name= "numThreadsSpecified" value="4" />
  <attribute name="heapSize specified" value="8388608" />
  <attribute name="Current GC Util" value="41" />
  <attribute name= "Current Time Running" value="1854" />
  <attribute name ="GC Interval" value="328" />
  <attribute name="ProportionalT" value="31.500000" />
  <attribute name="ProportionalI" value="31.500000" />
  <attribute name="ProportionalH" value="31.500000" />
  <attribute name="Current Error" value="21.000000" />
  <attribute name="IntegralT" value="294.000000" />
  <attribute name="IntegralI" value="294.000000" />
  <attribute name="IntegralH" value="294.000000" />
  <attribute name="DerivativeT" value="2.250000" />
  <attribute name="DerivativeI" value="2.250000" />
  <attribute name="DerivativeH" value="2.250000" />
  <attribute name="Loop Time for DT" value="14.000000" />
  <attribute name="Output H" value="8388608"/>
  <attribute name="Output I" value="328"/>
  <attribute name="Output T" value="4"/>
  <attribute name="Target GC Util Change" value ="20.000000" />
  <attribute name="Current GC Util Change" value="41.000000"/>
  <attribute name="GC Util currently" value="41" />
  <attribute name="CPU Util currently" value="342483738816" />
<allocation-satisfied id="343" threadId="0000000000D37D00" bytesRequested="32776" />
<af-end id="344" timestamp="2019-06-17T03:33:15.273" threadId="0000000000D38688" success="true" from="nursery"/>
<exclusive-end id="345" timestamp="2019-06-17T03:33:15.273" durationms="1.111" />

<exclusive-start id="346" timestamp="2019-06-17T03:33:15.298" intervalms="26.000">
  <response-info timems="0.059" idlems="0.039" threads="1" lastid="00000000009FF300" lastname="JIT Compilation Thread-0" />
</exclusive-start>
<af-start id="347" threadId="0000000000D34A88" totalBytesRequested="48" timestamp="2019-06-17T03:33:15.298" intervalms="26.004" type="nursery" />
<cycle-start id="348" type="scavenge" contextid="0" timestamp="2019-06-17T03:33:15.298" intervalms="26.004" />
<gc-start id="349" type="scavenge" contextid="348" timestamp="2019-06-17T03:33:15.299">
  <mem-info id="350" free="1237824" total="9437184" percent="13">
    <mem type="nursery" free="0" total="3145728" percent="0">
      <mem type="allocate" free="0" total="2097152" percent="0" />
      <mem type="survivor" free="0" total="1048576" percent="0" />
    </mem>
    <mem type="tenure" free="1237824" total="6291456" percent="19">
      <mem type="soa" free="923456" total="5977088" percent="15" />
      <mem type="loa" free="314368" total="314368" percent="100" />
    </mem>
    <remembered-set count="276" />
  </mem-info>
</gc-start>
<allocation-stats totalBytes="1378296" >
  <allocated-bytes non-tlh="65584" tlh="1312712" />
  <largest-consumer threadName="Thread-6" threadId="0000000000D37D00" bytes="911800" />
</allocation-stats>
<gc-op id="351" type="scavenge" timems="0.389" contextid="348" timestamp="2019-06-17T03:33:15.299">
  <scavenger-info tenureage="1" tenuremask="7ffe" tiltratio="66" />
  <memory-copied type="nursery" objects="791" bytes="254176" bytesdiscarded="279616" />
  <memory-copied type="tenure" objects="575" bytes="238512" bytesdiscarded="760" />
  <references type="phantom" candidates="1" cleared="0" enqueued="0" />
</gc-op>
<gc-end id="352" type="scavenge" contextid="348" durationms="0.570" usertimems="0.000" systemtimems="0.000" timestamp="2019-06-17T03:33:15.299" activeThreads="4">
  <mem-info id="353" free="2692056" total="9437184" percent="28">
    <mem type="nursery" free="1694408" total="3145728" percent="53">
      <mem type="allocate" free="1694408" total="2228224" percent="76" />
      <mem type="survivor" free="0" total="917504" percent="0" />
    </mem>
    <mem type="tenure" free="997648" total="6291456" percent="15">
      <mem type="soa" free="683280" total="5977088" percent="11" />
      <mem type="loa" free="314368" total="314368" percent="100" />
    </mem>
    <remembered-set count="170" />
  </mem-info>
</gc-end>
<cycle-end id="354" type="scavenge" contextid="348" timestamp="2019-06-17T03:33:15.299" />
  <attribute name="elasticGC enabled" value="1" />
  <attribute name= "numThreadsSpecified" value="4" />
  <attribute name="heapSize specified" value="8388608" />
  <attribute name="Current GC Util" value="4" />
  <attribute name= "Current Time Running" value="1880" />
  <attribute name ="GC Interval" value="200" />
  <attribute name="ProportionalT" value="-24.000000" />
  <attribute name="ProportionalI" value="-24.000000" />
  <attribute name="ProportionalH" value="-24.000000" />
  <attribute name="Current Error" value="-16.000000" />
  <attribute name="IntegralT" value="-416.000000" />
  <attribute name="IntegralI" value="-416.000000" />
  <attribute name="IntegralH" value="-416.000000" />
  <attribute name="DerivativeT" value="-2.134615" />
  <attribute name="DerivativeI" value="-2.134615" />
  <attribute name="DerivativeH" value="-2.134615" />
  <attribute name="Loop Time for DT" value="26.000000" />
  <attribute name="Output H" value="2092630016"/>
  <attribute name="Output I" value="200"/>
  <attribute name="Output T" value="4"/>
  <attribute name="Target GC Util Change" value ="20.000000" />
  <attribute name="Current GC Util Change" value="4.000000"/>
  <attribute name="GC Util currently" value="4" />
  <attribute name="CPU Util currently" value="177365465004" />
<allocation-satisfied id="355" threadId="0000000000D34100" bytesRequested="48" />
<af-end id="356" timestamp="2019-06-17T03:33:15.299" threadId="0000000000D34A88" success="true" from="nursery"/>
<exclusive-end id="357" timestamp="2019-06-17T03:33:15.299" durationms="0.989" />

<exclusive-start id="358" timestamp="2019-06-17T03:33:15.330" intervalms="32.100">
  <response-info timems="0.028" idlems="0.028" threads="0" lastid="0000000000D34100" lastname="Thread-5" />
</exclusive-start>
<af-start id="359" threadId="0000000000D34A88" totalBytesRequested="48" timestamp="2019-06-17T03:33:15.331" intervalms="32.103" type="nursery" />
<cycle-start id="360" type="scavenge" contextid="0" timestamp="2019-06-17T03:33:15.331" intervalms="32.109" />
<gc-start id="361" type="scavenge" contextid="360" timestamp="2019-06-17T03:33:15.331">
  <mem-info id="362" free="997616" total="9437184" percent="10">
    <mem type="nursery" free="0" total="3145728" percent="0">
      <mem type="allocate" free="0" total="2228224" percent="0" />
      <mem type="survivor" free="0" total="917504" percent="0" />
    </mem>
    <mem type="tenure" free="997616" total="6291456" percent="15">
      <mem type="soa" free="683248" total="5977088" percent="11" />
      <mem type="loa" free="314368" total="314368" percent="100" />
    </mem>
    <remembered-set count="329" />
  </mem-info>
</gc-start>
<allocation-stats totalBytes="1659568" >
  <allocated-bytes non-tlh="65632" tlh="1593936" />
  <largest-consumer threadName="Thread-4" threadId="0000000000D30500" bytes="852648" />
</allocation-stats>
<gc-op id="363" type="scavenge" timems="0.474" contextid="360" timestamp="2019-06-17T03:33:15.331">
  <scavenger-info tenureage="1" tenuremask="7ffe" tiltratio="70" />
  <memory-copied type="nursery" objects="1447" bytes="590712" bytesdiscarded="235512" />
  <memory-copied type="tenure" objects="686" bytes="247056" bytesdiscarded="176" />
</gc-op>
<gc-end id="364" type="scavenge" contextid="360" durationms="0.660" usertimems="0.000" systemtimems="4.000" timestamp="2019-06-17T03:33:15.331" activeThreads="4">
  <mem-info id="365" free="2097920" total="9437184" percent="22">
    <mem type="nursery" free="1336416" total="3145728" percent="42">
      <mem type="allocate" free="1336416" total="2162688" percent="61" />
      <mem type="survivor" free="0" total="983040" percent="0" />
    </mem>
    <mem type="tenure" free="761504" total="6291456" percent="12">
      <mem type="soa" free="447136" total="5977088" percent="7" />
      <mem type="loa" free="314368" total="314368" percent="100" />
    </mem>
    <remembered-set count="198" />
  </mem-info>
</gc-end>
<cycle-end id="366" type="scavenge" contextid="360" timestamp="2019-06-17T03:33:15.331" />
  <attribute name="elasticGC enabled" value="1" />
  <attribute name= "numThreadsSpecified" value="4" />
  <attribute name="heapSize specified" value="8388608" />
  <attribute name="Current GC Util" value="3" />
  <attribute name= "Current Time Running" value="1912" />
  <attribute name ="GC Interval" value="200" />
  <attribute name="ProportionalT" value="-25.500000" />
  <attribute name="ProportionalI" value="-25.500000" />
  <attribute name="ProportionalH" value="-25.500000" />
  <attribute name="Current Error" value="-17.000000" />
  <attribute name="IntegralT" value="-544.000000" />
  <attribute name="IntegralI" value="-544.000000" />
  <attribute name="IntegralH" value="-544.000000" />
  <attribute name="DerivativeT" value="-0.796875" />
  <attribute name="DerivativeI" value="-0.796875" />
  <attribute name="DerivativeH" value="-0.796875" />
  <attribute name="Loop Time for DT" value="32.000000" />
  <attribute name="Output H" value="2092630016"/>
  <attribute name="Output I" value="200"/>
  <attribute name="Output T" value="4"/>
  <attribute name="Target GC Util Change" value ="20.000000" />
  <attribute name="Current GC Util Change" value="3.000000"/>
  <attribute name="GC Util currently" value="3" />
  <attribute name="CPU Util currently" value="143568166439" />
<allocation-satisfied id="367" threadId="0000000000D34100" bytesRequested="48" />
<af-end id="368" timestamp="2019-06-17T03:33:15.332" threadId="0000000000D34A88" success="true" from="nursery"/>
<exclusive-end id="369" timestamp="2019-06-17T03:33:15.332" durationms="1.104" />

<concurrent-kickoff id="370" timestamp="2019-06-17T03:33:15.347">
  <kickoff reason="threshold reached" targetBytes="1867303" thresholdFreeBytes="258287"  remainingFree="222240" tenureFreeBytes="761504" nurseryFreeBytes="222240" />
</concurrent-kickoff>
<exclusive-start id="371" timestamp="2019-06-17T03:33:15.348" intervalms="17.156">
  <response-info timems="0.056" idlems="0.036" threads="1" lastid="00000000009FF300" lastname="JIT Compilation Thread-0" />
</exclusive-start>
<cycle-start id="372" type="global" contextid="0" timestamp="2019-06-17T03:33:15.348" intervalms="442.179" />
<exclusive-end id="373" timestamp="2019-06-17T03:33:15.348" durationms="0.104" />

<exclusive-start id="374" timestamp="2019-06-17T03:33:15.353" intervalms="5.550">
  <response-info timems="0.042" idlems="0.020" threads="2" lastid="0000000000D30500" lastname="Thread-4" />
</exclusive-start>
<af-start id="375" threadId="0000000000D38688" totalBytesRequested="48" timestamp="2019-06-17T03:33:15.353" intervalms="22.703" type="nursery" />
<cycle-start id="376" type="scavenge" contextid="0" timestamp="2019-06-17T03:33:15.353" intervalms="22.698" />
<gc-start id="377" type="scavenge" contextid="376" timestamp="2019-06-17T03:33:15.353">
  <mem-info id="378" free="761504" total="9437184" percent="8">
    <mem type="nursery" free="0" total="3145728" percent="0">
      <mem type="allocate" free="0" total="2162688" percent="0" />
      <mem type="survivor" free="0" total="983040" percent="0" />
    </mem>
    <mem type="tenure" free="761504" total="6291456" percent="12">
      <mem type="soa" free="447136" total="5977088" percent="7" />
      <mem type="loa" free="314368" total="314368" percent="100" />
    </mem>
    <remembered-set count="311" />
  </mem-info>
</gc-start>
<allocation-stats totalBytes="1309280" >
  <allocated-bytes non-tlh="65600" tlh="1243680" />
  <largest-consumer threadName="Thread-4" threadId="0000000000D30500" bytes="564736" />
</allocation-stats>
<gc-op id="379" type="scavenge" timems="0.383" contextid="376" timestamp="2019-06-17T03:33:15.354">
  <scavenger-info tenureage="1" tenuremask="7ffe" tiltratio="68" />
  <memory-copied type="nursery" objects="1175" bytes="437248" bytesdiscarded="213280" />
  <memory-copied type="tenure" objects="286" bytes="161944" bytesdiscarded="696" />
  <references type="phantom" candidates="1" cleared="0" enqueued="0" />
</gc-op>
<gc-end id="380" type="scavenge" contextid="376" durationms="0.569" usertimems="0.000" systemtimems="0.000" timestamp="2019-06-17T03:33:15.354" activeThreads="4">
  <mem-info id="381" free="2138176" total="9437184" percent="22">
    <mem type="nursery" free="1577664" total="3145728" percent="50">
      <mem type="allocate" free="1577664" total="2228224" percent="70" />
      <mem type="survivor" free="0" total="917504" percent="0" />
    </mem>
    <mem type="tenure" free="560512" total="6291456" percent="8">
      <mem type="soa" free="246144" total="5977088" percent="4" />
      <mem type="loa" free="314368" total="314368" percent="100" />
    </mem>
    <remembered-set count="139" />
  </mem-info>
</gc-end>
<cycle-end id="382" type="scavenge" contextid="376" timestamp="2019-06-17T03:33:15.354" />
  <attribute name="elasticGC enabled" value="1" />
  <attribute name= "numThreadsSpecified" value="4" />
  <attribute name="heapSize specified" value="8388608" />
  <attribute name="Current GC Util" value="5" />
  <attribute name= "Current Time Running" value="1935" />
  <attribute name ="GC Interval" value="200" />
  <attribute name="ProportionalT" value="-22.500000" />
  <attribute name="ProportionalI" value="-22.500000" />
  <attribute name="ProportionalH" value="-22.500000" />
  <attribute name="Current Error" value="-15.000000" />
  <attribute name="IntegralT" value="-345.000000" />
  <attribute name="IntegralI" value="-345.000000" />
  <attribute name="IntegralH" value="-345.000000" />
  <attribute name="DerivativeT" value="-0.978261" />
  <attribute name="DerivativeI" value="-0.978261" />
  <attribute name="DerivativeH" value="-0.978261" />
  <attribute name="Loop Time for DT" value="23.000000" />
  <attribute name="Output H" value="2092630016"/>
  <attribute name="Output I" value="200"/>
  <attribute name="Output T" value="4"/>
  <attribute name="Target GC Util Change" value ="20.000000" />
  <attribute name="Current GC Util Change" value="5.000000"/>
  <attribute name="GC Util currently" value="5" />
  <attribute name="CPU Util currently" value="203193179585" />
<allocation-satisfied id="383" threadId="0000000000D37D00" bytesRequested="48" />
<af-end id="384" timestamp="2019-06-17T03:33:15.354" threadId="0000000000D38688" success="true" from="nursery"/>
<exclusive-end id="385" timestamp="2019-06-17T03:33:15.354" durationms="0.994" />

<exclusive-start id="386" timestamp="2019-06-17T03:33:15.376" intervalms="22.903">
  <response-info timems="0.025" idlems="0.025" threads="0" lastid="0000000000D37D00" lastname="Thread-6" />
</exclusive-start>
<af-start id="387" threadId="0000000000D38688" totalBytesRequested="16392" timestamp="2019-06-17T03:33:15.376" intervalms="22.902" type="nursery" />
<cycle-start id="388" type="scavenge" contextid="0" timestamp="2019-06-17T03:33:15.376" intervalms="22.900" />
<gc-start id="389" type="scavenge" contextid="388" timestamp="2019-06-17T03:33:15.376">
  <mem-info id="390" free="560512" total="9437184" percent="5">
    <mem type="nursery" free="0" total="3145728" percent="0">
      <mem type="allocate" free="0" total="2228224" percent="0" />
      <mem type="survivor" free="0" total="917504" percent="0" />
    </mem>
    <mem type="tenure" free="560512" total="6291456" percent="8">
      <mem type="soa" free="246144" total="5977088" percent="4" />
      <mem type="loa" free="314368" total="314368" percent="100" />
    </mem>
    <remembered-set count="232" />
  </mem-info>
</gc-start>
<allocation-stats totalBytes="1571664" >
  <allocated-bytes non-tlh="65600" tlh="1506064" />
  <largest-consumer threadName="Thread-4" threadId="0000000000D30500" bytes="552792" />
</allocation-stats>
<gc-op id="391" type="scavenge" timems="0.367" contextid="388" timestamp="2019-06-17T03:33:15.377">
  <scavenger-info tenureage="1" tenuremask="7ffe" tiltratio="70" />
  <memory-copied type="nursery" objects="1619" bytes="613048" bytesdiscarded="95080" />
  <memory-copied type="tenure" objects="522" bytes="206104" bytesdiscarded="56" />
</gc-op>
<gc-end id="392" type="scavenge" contextid="388" durationms="0.551" usertimems="0.000" systemtimems="0.000" timestamp="2019-06-17T03:33:15.377" activeThreads="4">
  <mem-info id="393" free="1883664" total="9437184" percent="19">
    <mem type="nursery" free="1520048" total="3145728" percent="48">
      <mem type="allocate" free="1520048" total="2228224" percent="68" />
      <mem type="survivor" free="0" total="917504" percent="0" />
    </mem>
    <mem type="tenure" free="363616" total="6291456" percent="5">
      <mem type="soa" free="49248" total="5977088" percent="0" />
      <mem type="loa" free="314368" total="314368" percent="100" />
    </mem>
    <remembered-set count="183" />
  </mem-info>
</gc-end>
<cycle-end id="394" type="scavenge" contextid="388" timestamp="2019-06-17T03:33:15.377" />
  <attribute name="elasticGC enabled" value="1" />
  <attribute name= "numThreadsSpecified" value="4" />
  <attribute name="heapSize specified" value="8388608" />
  <attribute name="Current GC Util" value="4" />
  <attribute name= "Current Time Running" value="1957" />
  <attribute name ="GC Interval" value="200" />
  <attribute name="ProportionalT" value="-24.000000" />
  <attribute name="ProportionalI" value="-24.000000" />
  <attribute name="ProportionalH" value="-24.000000" />
  <attribute name="Current Error" value="-16.000000" />
  <attribute name="IntegralT" value="-352.000000" />
  <attribute name="IntegralI" value="-352.000000" />
  <attribute name="IntegralH" value="-352.000000" />
  <attribute name="DerivativeT" value="-1.090909" />
  <attribute name="DerivativeI" value="-1.090909" />
  <attribute name="DerivativeH" value="-1.090909" />
  <attribute name="Loop Time for DT" value="22.000000" />
  <attribute name="Output H" value="2092630016"/>
  <attribute name="Output I" value="200"/>
  <attribute name="Output T" value="4"/>
  <attribute name="Target GC Util Change" value ="20.000000" />
  <attribute name="Current GC Util Change" value="4.000000"/>
  <attribute name="GC Util currently" value="4" />
  <attribute name="CPU Util currently" value="201518043583" />
<allocation-satisfied id="395" threadId="0000000000D37D00" bytesRequested="16392" />
<af-end id="396" timestamp="2019-06-17T03:33:15.377" threadId="0000000000D38688" success="true" from="nursery"/>
<exclusive-end id="397" timestamp="2019-06-17T03:33:15.377" durationms="0.961" />

<exclusive-start id="398" timestamp="2019-06-17T03:33:15.392" intervalms="16.135">
  <response-info timems="0.115" idlems="0.066" threads="1" lastid="0000000000D2C900" lastname="Thread-3" />
</exclusive-start>
<af-start id="399" threadId="0000000000D38688" totalBytesRequested="32776" timestamp="2019-06-17T03:33:15.392" intervalms="16.135" type="nursery" />
<percolate-collect id="400" from="nursery" to="global" reason="concurrent mark exhausted" timestamp="2019-06-17T03:33:15.392"/>
<gc-start id="401" type="global" contextid="372" timestamp="2019-06-17T03:33:15.392">
  <mem-info id="402" free="363616" total="9437184" percent="3">
    <mem type="nursery" free="0" total="3145728" percent="0">
      <mem type="allocate" free="0" total="2228224" percent="0" />
      <mem type="survivor" free="0" total="917504" percent="0" />
    </mem>
    <mem type="tenure" free="363616" total="6291456" percent="5">
      <mem type="soa" free="49248" total="5977088" percent="0" />
      <mem type="loa" free="314368" total="314368" percent="100" />
    </mem>
    <remembered-set count="309" />
  </mem-info>
</gc-start>
<allocation-stats totalBytes="1434256" >
  <allocated-bytes non-tlh="98336" tlh="1335920" />
  <largest-consumer threadName="Thread-5" threadId="0000000000D34100" bytes="488192" />
</allocation-stats>
<concurrent-halted id="403" timestamp="2019-06-17T03:33:15.392">
  <halted state="Complete" status="exhausted" />
  <traced bytesTarget="1867303" bytesTotal="1714068" bytesByMutator="545508" bytesByHelper="1168560" percent="91" />
  <cards cleaned="86" thresholdBytes="101749" />
</concurrent-halted>
<gc-op id="404" type="rs-scan" timems="0.243" contextid="372" timestamp="2019-06-17T03:33:15.393">
  <scan objectsFound="50" bytesTraced="4032" workStackOverflowCount="0" />
</gc-op>
<gc-op id="405" type="card-cleaning" timems="0.362" contextid="372" timestamp="2019-06-17T03:33:15.393">
  <card-cleaning cardsCleaned="195" bytesTraced="512608" workStackOverflowCount="0" />
</gc-op>
<gc-op id="406" type="mark" timems="0.919" contextid="372" timestamp="2019-06-17T03:33:15.394">
  <trace-info objectcount="1456" scancount="1291" scanbytes="216660" />
  <finalization candidates="25" enqueued="0" />
  <references type="soft" candidates="164" cleared="0" enqueued="0" dynamicThreshold="24" maxThreshold="32" />
  <references type="weak" candidates="241" cleared="4" enqueued="3" />
  <references type="phantom" candidates="71" cleared="2" enqueued="2" />
  <stringconstants candidates="3963" cleared="0"  />
</gc-op>
<gc-op id="407" type="classunload" timems="0.207" contextid="372" timestamp="2019-06-17T03:33:15.394">
  <classunload-info classloadercandidates="20" classloadersunloaded="0" classesunloaded="3" anonymousclassesunloaded="3" quiescems="0.000" setupms="0.203" scanms="0.004" postms="0.000" />
</gc-op>
<gc-op id="408" type="sweep" timems="0.204" contextid="372" timestamp="2019-06-17T03:33:15.395" />
<mem-info id="409" free="4416200" total="9437184" percent="46">
  <mem type="nursery" free="1379344" total="3145728" percent="43">
    <mem type="allocate" free="1379344" total="2228224" percent="61" />
    <mem type="survivor" free="0" total="917504" percent="0" />
  </mem>
  <mem type="tenure" free="3036856" total="6291456" percent="48" micro-fragmented="8001" macro-fragmented="0">
    <mem type="soa" free="2722488" total="5977088" percent="45" />
    <mem type="loa" free="314368" total="314368" percent="100" />
  </mem>
  <pending-finalizers system="0" default="0" reference="5" classloader="0" />
  <remembered-set count="306" />
</mem-info>
<gc-op id="410" type="compact" timems="8.517" contextid="372" timestamp="2019-06-17T03:33:15.403">
  <compact-info movecount="36647" movebytes="3767056" reason="compact to aid heap contraction" />
</gc-op>
<heap-resize id="411" type="contract" space="tenure" amount="262144" count="1" timems="0.193" reason="heap reconfiguration" timestamp="2019-06-17T03:33:15.404" />
<gc-end id="412" type="global" contextid="372" durationms="11.773" usertimems="16.000" systemtimems="0.000" timestamp="2019-06-17T03:33:15.404" activeThreads="4">
  <mem-info id="413" free="4156736" total="9175040" percent="45">
    <mem type="nursery" free="1395920" total="3145728" percent="44">
      <mem type="allocate" free="1395920" total="2228224" percent="62" />
      <mem type="survivor" free="0" total="917504" percent="0" />
    </mem>
    <mem type="tenure" free="2760816" total="6029312" percent="45">
      <mem type="soa" free="2511984" total="5728256" percent="43" />
      <mem type="loa" free="248832" total="301056" percent="82" />
    </mem>
    <pending-finalizers system="0" default="0" reference="5" classloader="0" />
    <remembered-set count="306" />
  </mem-info>
</gc-end>
<cycle-end id="414" type="global" contextid="372" timestamp="2019-06-17T03:33:15.404" />
  <attribute name="elasticGC enabled" value="1" />
  <attribute name= "numThreadsSpecified" value="4" />
  <attribute name="heapSize specified" value="9437184" />
  <attribute name="Current GC Util" value="25" />
  <attribute name= "Current Time Running" value="1985" />
  <attribute name ="GC Interval" value="200" />
  <attribute name="ProportionalT" value="7.500000" />
  <attribute name="ProportionalI" value="7.500000" />
  <attribute name="ProportionalH" value="7.500000" />
  <attribute name="Current Error" value="5.000000" />
  <attribute name="IntegralT" value="45.000000" />
  <attribute name="IntegralI" value="45.000000" />
  <attribute name="IntegralH" value="45.000000" />
  <attribute name="DerivativeT" value="0.833333" />
  <attribute name="DerivativeI" value="0.833333" />
  <attribute name="DerivativeH" value="0.833333" />
  <attribute name="Loop Time for DT" value="9.000000" />
  <attribute name="Output H" value="8388608"/>
  <attribute name="Output I" value="200"/>
  <attribute name="Output T" value="4"/>
  <attribute name="Target GC Util Change" value ="20.000000" />
  <attribute name="Current GC Util Change" value="25.000000"/>
  <attribute name="GC Util currently" value="25" />
  <attribute name="CPU Util currently" value="532745088485" />
<allocation-satisfied id="415" threadId="0000000000D37D00" bytesRequested="32776" />
<af-end id="416" timestamp="2019-06-17T03:33:15.404" threadId="0000000000D38688" success="true" from="nursery"/>
<exclusive-end id="417" timestamp="2019-06-17T03:33:15.405" durationms="12.299" />

<exclusive-start id="418" timestamp="2019-06-17T03:33:15.426" intervalms="33.492">
  <response-info timems="0.059" idlems="0.038" threads="1" lastid="0000000000D2C900" lastname="Thread-3" />
</exclusive-start>
<af-start id="419" threadId="0000000000D34A88" totalBytesRequested="32776" timestamp="2019-06-17T03:33:15.426" intervalms="33.493" type="nursery" />
<cycle-start id="420" type="scavenge" contextid="0" timestamp="2019-06-17T03:33:15.426" intervalms="49.629" />
<gc-start id="421" type="scavenge" contextid="420" timestamp="2019-06-17T03:33:15.426">
  <mem-info id="422" free="2760816" total="9175040" percent="30">
    <mem type="nursery" free="0" total="3145728" percent="0">
      <mem type="allocate" free="0" total="2228224" percent="0" />
      <mem type="survivor" free="0" total="917504" percent="0" />
    </mem>
    <mem type="tenure" free="2760816" total="6029312" percent="45">
      <mem type="soa" free="2511984" total="5728256" percent="43" />
      <mem type="loa" free="248832" total="301056" percent="82" />
    </mem>
    <remembered-set count="364" />
  </mem-info>
</gc-start>
<allocation-stats totalBytes="1389088" >
  <allocated-bytes non-tlh="65552" tlh="1323536" />
  <largest-consumer threadName="Thread-4" threadId="0000000000D30500" bytes="593288" />
</allocation-stats>
<gc-op id="423" type="scavenge" timems="0.368" contextid="420" timestamp="2019-06-17T03:33:15.426">
  <scavenger-info tenureage="1" tenuremask="7ffe" tiltratio="70" />
  <memory-copied type="nursery" objects="1998" bytes="743656" bytesdiscarded="173792" />
  <memory-copied type="tenure" objects="356" bytes="175040" bytesdiscarded="120" />
</gc-op>
<gc-end id="424" type="scavenge" contextid="420" durationms="0.545" usertimems="0.000" systemtimems="0.000" timestamp="2019-06-17T03:33:15.426" activeThreads="4">
  <mem-info id="425" free="3798616" total="9175040" percent="41">
    <mem type="nursery" free="1245184" total="3145728" percent="39">
      <mem type="allocate" free="1245184" total="2162688" percent="57" />
      <mem type="survivor" free="0" total="983040" percent="0" />
    </mem>
    <mem type="tenure" free="2553432" total="6029312" percent="42">
      <mem type="soa" free="2304600" total="5728256" percent="40" />
      <mem type="loa" free="248832" total="301056" percent="82" />
    </mem>
    <remembered-set count="128" />
  </mem-info>
</gc-end>
<cycle-end id="426" type="scavenge" contextid="420" timestamp="2019-06-17T03:33:15.427" />
  <attribute name="elasticGC enabled" value="1" />
  <attribute name= "numThreadsSpecified" value="4" />
  <attribute name="heapSize specified" value="9437184" />
  <attribute name="Current GC Util" value="92" />
  <attribute name= "Current Time Running" value="2007" />
  <attribute name ="GC Interval" value="1696" />
  <attribute name="ProportionalT" value="108.000000" />
  <attribute name="ProportionalI" value="108.000000" />
  <attribute name="ProportionalH" value="108.000000" />
  <attribute name="Current Error" value="72.000000" />
  <attribute name="IntegralT" value="1584.000000" />
  <attribute name="IntegralI" value="1584.000000" />
  <attribute name="IntegralH" value="1584.000000" />
  <attribute name="DerivativeT" value="4.568182" />
  <attribute name="DerivativeI" value="4.568182" />
  <attribute name="DerivativeH" value="4.568182" />
  <attribute name="Loop Time for DT" value="22.000000" />
  <attribute name="Output H" value="8388608"/>
  <attribute name="Output I" value="1696"/>
  <attribute name="Output T" value="4"/>
  <attribute name="Target GC Util Change" value ="20.000000" />
  <attribute name="Current GC Util Change" value="92.000000"/>
  <attribute name="GC Util currently" value="92" />
  <attribute name="CPU Util currently" value="205747519848" />
<allocation-satisfied id="427" threadId="0000000000D34100" bytesRequested="32776" />
<af-end id="428" timestamp="2019-06-17T03:33:15.427" threadId="0000000000D34A88" success="true" from="nursery"/>
<exclusive-end id="429" timestamp="2019-06-17T03:33:15.427" durationms="0.979" />

<exclusive-start id="430" timestamp="2019-06-17T03:33:15.436" intervalms="10.515">
  <response-info timems="0.042" idlems="0.042" threads="0" lastid="0000000000D34100" lastname="Thread-5" />
</exclusive-start>
<af-start id="431" threadId="0000000000D34A88" totalBytesRequested="16392" timestamp="2019-06-17T03:33:15.436" intervalms="10.511" type="nursery" />
<cycle-start id="432" type="scavenge" contextid="0" timestamp="2019-06-17T03:33:15.436" intervalms="10.513" />
<gc-start id="433" type="scavenge" contextid="432" timestamp="2019-06-17T03:33:15.436">
  <mem-info id="434" free="2553432" total="9175040" percent="27">
    <mem type="nursery" free="0" total="3145728" percent="0">
      <mem type="allocate" free="0" total="2162688" percent="0" />
      <mem type="survivor" free="0" total="983040" percent="0" />
    </mem>
    <mem type="tenure" free="2553432" total="6029312" percent="42">
      <mem type="soa" free="2304600" total="5728256" percent="40" />
      <mem type="loa" free="248832" total="301056" percent="82" />
    </mem>
    <remembered-set count="221" />
  </mem-info>
</gc-start>
<allocation-stats totalBytes="1207600" >
  <allocated-bytes non-tlh="98328" tlh="1109272" />
  <largest-consumer threadName="Thread-5" threadId="0000000000D34100" bytes="580728" />
</allocation-stats>
<gc-op id="435" type="scavenge" timems="0.339" contextid="432" timestamp="2019-06-17T03:33:15.437">
  <scavenger-info tenureage="1" tenuremask="7ffe" tiltratio="68" />
  <memory-copied type="nursery" objects="623" bytes="296768" bytesdiscarded="370168" />
  <memory-copied type="tenure" objects="712" bytes="290112" bytesdiscarded="472" />
  <references type="phantom" candidates="1" cleared="0" enqueued="0" />
</gc-op>
<gc-end id="436" type="scavenge" contextid="432" durationms="0.516" usertimems="0.000" systemtimems="0.000" timestamp="2019-06-17T03:33:15.437" activeThreads="4">
  <mem-info id="437" free="3648760" total="9175040" percent="39">
    <mem type="nursery" free="1561256" total="3145728" percent="49">
      <mem type="allocate" free="1561256" total="2228224" percent="70" />
      <mem type="survivor" free="0" total="917504" percent="0" />
    </mem>
    <mem type="tenure" free="2087504" total="6029312" percent="34">
      <mem type="soa" free="1838672" total="5728256" percent="32" />
      <mem type="loa" free="248832" total="301056" percent="82" />
    </mem>
    <remembered-set count="131" />
  </mem-info>
</gc-end>
<cycle-end id="438" type="scavenge" contextid="432" timestamp="2019-06-17T03:33:15.437" />
  <attribute name="elasticGC enabled" value="1" />
  <attribute name= "numThreadsSpecified" value="4" />
  <attribute name="heapSize specified" value="9437184" />
  <attribute name="Current GC Util" value="10" />
  <attribute name= "Current Time Running" value="2018" />
  <attribute name ="GC Interval" value="200" />
  <attribute name="ProportionalT" value="-15.000000" />
  <attribute name="ProportionalI" value="-15.000000" />
  <attribute name="ProportionalH" value="-15.000000" />
  <attribute name="Current Error" value="-10.000000" />
  <attribute name="IntegralT" value="-110.000000" />
  <attribute name="IntegralI" value="-110.000000" />
  <attribute name="IntegralH" value="-110.000000" />
  <attribute name="DerivativeT" value="-11.181818" />
  <attribute name="DerivativeI" value="-11.181818" />
  <attribute name="DerivativeH" value="-11.181818" />
  <attribute name="Loop Time for DT" value="11.000000" />
  <attribute name="Output H" value="2092630016"/>
  <attribute name="Output I" value="200"/>
  <attribute name="Output T" value="4"/>
  <attribute name="Target GC Util Change" value ="20.000000" />
  <attribute name="Current GC Util Change" value="10.000000"/>
  <attribute name="GC Util currently" value="10" />
  <attribute name="CPU Util currently" value="438765122765" />
<allocation-satisfied id="439" threadId="0000000000D34100" bytesRequested="16392" />
<af-end id="440" timestamp="2019-06-17T03:33:15.437" threadId="0000000000D34A88" success="true" from="nursery"/>
<exclusive-end id="441" timestamp="2019-06-17T03:33:15.437" durationms="0.943" />

<exclusive-start id="442" timestamp="2019-06-17T03:33:15.454" intervalms="18.032">
  <response-info timems="0.051" idlems="0.031" threads="1" lastid="0000000000D2C900" lastname="Thread-3" />
</exclusive-start>
<af-start id="443" threadId="0000000000D30E88" totalBytesRequested="16392" timestamp="2019-06-17T03:33:15.455" intervalms="18.504" type="nursery" />
<cycle-start id="444" type="scavenge" contextid="0" timestamp="2019-06-17T03:33:15.455" intervalms="18.512" />
<gc-start id="445" type="scavenge" contextid="444" timestamp="2019-06-17T03:33:15.455">
  <mem-info id="446" free="2087504" total="9175040" percent="22">
    <mem type="nursery" free="0" total="3145728" percent="0">
      <mem type="allocate" free="0" total="2228224" percent="0" />
      <mem type="survivor" free="0" total="917504" percent="0" />
    </mem>
    <mem type="tenure" free="2087504" total="6029312" percent="34">
      <mem type="soa" free="1838672" total="5728256" percent="32" />
      <mem type="loa" free="248832" total="301056" percent="82" />
    </mem>
    <remembered-set count="280" />
  </mem-info>
</gc-start>
<allocation-stats totalBytes="1533832" >
  <allocated-bytes non-tlh="114720" tlh="1419112" />
  <largest-consumer threadName="Thread-5" threadId="0000000000D34100" bytes="892520" />
</allocation-stats>
<gc-op id="447" type="scavenge" timems="2.919" contextid="444" timestamp="2019-06-17T03:33:15.458">
  <scavenger-info tenureage="1" tenuremask="7ffe" tiltratio="70" />
  <memory-copied type="nursery" objects="378" bytes="224200" bytesdiscarded="124264" />
  <memory-copied type="tenure" objects="496" bytes="204456" bytesdiscarded="320" />
</gc-op>
<heap-resize id="448" type="expand" space="nursery" amount="262144" count="1" timems="0.015" reason="excessive time being spent scavenging" timestamp="2019-06-17T03:33:15.458" />
<gc-end id="449" type="scavenge" contextid="444" durationms="3.192" usertimems="4.000" systemtimems="0.000" timestamp="2019-06-17T03:33:15.458" activeThreads="4">
  <mem-info id="450" free="3980776" total="9437184" percent="42">
    <mem type="nursery" free="2076328" total="3407872" percent="60">
      <mem type="allocate" free="2076328" total="2424832" percent="85" />
      <mem type="survivor" free="0" total="983040" percent="0" />
    </mem>
    <mem type="tenure" free="1904448" total="6029312" percent="31">
      <mem type="soa" free="1655616" total="5728256" percent="28" />
      <mem type="loa" free="248832" total="301056" percent="82" />
    </mem>
    <remembered-set count="160" />
  </mem-info>
</gc-end>
<cycle-end id="451" type="scavenge" contextid="444" timestamp="2019-06-17T03:33:15.458" />
  <attribute name="elasticGC enabled" value="1" />
  <attribute name= "numThreadsSpecified" value="4" />
  <attribute name="heapSize specified" value="9437184" />
  <attribute name="Current GC Util" value="4" />
  <attribute name= "Current Time Running" value="2036" />
  <attribute name ="GC Interval" value="200" />
  <attribute name="ProportionalT" value="-24.000000" />
  <attribute name="ProportionalI" value="-24.000000" />
  <attribute name="ProportionalH" value="-24.000000" />
  <attribute name="Current Error" value="-16.000000" />
  <attribute name="IntegralT" value="-288.000000" />
  <attribute name="IntegralI" value="-288.000000" />
  <attribute name="IntegralH" value="-288.000000" />
  <attribute name="DerivativeT" value="-1.333333" />
  <attribute name="DerivativeI" value="-1.333333" />
  <attribute name="DerivativeH" value="-1.333333" />
  <attribute name="Loop Time for DT" value="18.000000" />
  <attribute name="Output H" value="2092630016"/>
  <attribute name="Output I" value="200"/>
  <attribute name="Output T" value="4"/>
  <attribute name="Target GC Util Change" value ="20.000000" />
  <attribute name="Current GC Util Change" value="4.000000"/>
  <attribute name="GC Util currently" value="4" />
  <attribute name="CPU Util currently" value="248803026874" />
<allocation-satisfied id="452" threadId="0000000000D30500" bytesRequested="16392" />
<af-end id="453" timestamp="2019-06-17T03:33:15.458" threadId="0000000000D30E88" success="true" from="nursery"/>
<exclusive-end id="454" timestamp="2019-06-17T03:33:15.459" durationms="4.261" />

<exclusive-start id="455" timestamp="2019-06-17T03:33:15.478" intervalms="23.700">
  <response-info timems="0.041" idlems="0.041" threads="0" lastid="0000000000D30500" lastname="Thread-4" />
</exclusive-start>
<af-start id="456" threadId="0000000000D30E88" totalBytesRequested="48" timestamp="2019-06-17T03:33:15.478" intervalms="23.234" type="nursery" />
<cycle-start id="457" type="scavenge" contextid="0" timestamp="2019-06-17T03:33:15.478" intervalms="23.233" />
<gc-start id="458" type="scavenge" contextid="457" timestamp="2019-06-17T03:33:15.478">
  <mem-info id="459" free="1904448" total="9437184" percent="20">
    <mem type="nursery" free="0" total="3407872" percent="0">
      <mem type="allocate" free="0" total="2424832" percent="0" />
      <mem type="survivor" free="0" total="983040" percent="0" />
    </mem>
    <mem type="tenure" free="1904448" total="6029312" percent="31">
      <mem type="soa" free="1655616" total="5728256" percent="28" />
      <mem type="loa" free="248832" total="301056" percent="82" />
    </mem>
    <remembered-set count="341" />
  </mem-info>
</gc-start>
<allocation-stats totalBytes="2066544" >
  <allocated-bytes non-tlh="131112" tlh="1935432" />
  <largest-consumer threadName="Thread-4" threadId="0000000000D30500" bytes="708360" />
</allocation-stats>
<gc-op id="460" type="scavenge" timems="2.446" contextid="457" timestamp="2019-06-17T03:33:15.481">
  <scavenger-info tenureage="2" tenuremask="7ffc" tiltratio="71" />
  <memory-copied type="nursery" objects="2139" bytes="915784" bytesdiscarded="67184" />
  <memory-copied type="tenure" objects="555" bytes="176904" bytesdiscarded="576" />
  <copy-failed type="nursery" objects="555" bytes="176920" />
</gc-op>
<heap-resize id="461" type="expand" space="nursery" amount="131072" count="1" timems="0.070" reason="excessive time being spent scavenging" timestamp="2019-06-17T03:33:15.481" />
<gc-end id="462" type="scavenge" contextid="457" durationms="2.770" usertimems="4.000" systemtimems="0.000" timestamp="2019-06-17T03:33:15.481" activeThreads="4">
  <mem-info id="463" free="2590200" total="9568256" percent="27">
    <mem type="nursery" free="786432" total="3538944" percent="22">
      <mem type="allocate" free="786432" total="1769472" percent="44" />
      <mem type="survivor" free="0" total="1769472" percent="0" />
    </mem>
    <mem type="tenure" free="1803768" total="6029312" percent="29">
      <mem type="soa" free="1554936" total="5728256" percent="27" />
      <mem type="loa" free="248832" total="301056" percent="82" />
    </mem>
    <remembered-set count="195" />
  </mem-info>
</gc-end>
<cycle-end id="464" type="scavenge" contextid="457" timestamp="2019-06-17T03:33:15.481" />
  <attribute name="elasticGC enabled" value="1" />
  <attribute name= "numThreadsSpecified" value="4" />
  <attribute name="heapSize specified" value="9437184" />
  <attribute name="Current GC Util" value="19" />
  <attribute name= "Current Time Running" value="2059" />
  <attribute name ="GC Interval" value="200" />
  <attribute name="ProportionalT" value="-1.500000" />
  <attribute name="ProportionalI" value="-1.500000" />
  <attribute name="ProportionalH" value="-1.500000" />
  <attribute name="Current Error" value="-1.000000" />
  <attribute name="IntegralT" value="-23.000000" />
  <attribute name="IntegralI" value="-23.000000" />
  <attribute name="IntegralH" value="-23.000000" />
  <attribute name="DerivativeT" value="-0.065217" />
  <attribute name="DerivativeI" value="-0.065217" />
  <attribute name="DerivativeH" value="-0.065217" />
  <attribute name="Loop Time for DT" value="23.000000" />
  <attribute name="Output H" value="2092630016"/>
  <attribute name="Output I" value="200"/>
  <attribute name="Output T" value="4"/>
  <attribute name="Target GC Util Change" value ="20.000000" />
  <attribute name="Current GC Util Change" value="19.000000"/>
  <attribute name="GC Util currently" value="19" />
  <attribute name="CPU Util currently" value="198536841283" />
<allocation-satisfied id="465" threadId="0000000000D30500" bytesRequested="48" />
<af-end id="466" timestamp="2019-06-17T03:33:15.481" threadId="0000000000D30E88" success="true" from="nursery"/>
<exclusive-end id="467" timestamp="2019-06-17T03:33:15.481" durationms="3.234" />

<exclusive-start id="468" timestamp="2019-06-17T03:33:15.487" intervalms="8.566">
  <response-info timems="0.036" idlems="0.036" threads="0" lastid="0000000000D2C900" lastname="Thread-3" />
</exclusive-start>
<af-start id="469" threadId="0000000000D2D288" totalBytesRequested="16392" timestamp="2019-06-17T03:33:15.487" intervalms="8.558" type="nursery" />
<cycle-start id="470" type="scavenge" contextid="0" timestamp="2019-06-17T03:33:15.487" intervalms="8.548" />
<gc-start id="471" type="scavenge" contextid="470" timestamp="2019-06-17T03:33:15.487">
  <mem-info id="472" free="1803768" total="9568256" percent="18">
    <mem type="nursery" free="0" total="3538944" percent="0">
      <mem type="allocate" free="0" total="1769472" percent="0" />
      <mem type="survivor" free="0" total="1769472" percent="0" />
    </mem>
    <mem type="tenure" free="1803768" total="6029312" percent="29">
      <mem type="soa" free="1554936" total="5728256" percent="27" />
      <mem type="loa" free="248832" total="301056" percent="82" />
    </mem>
    <remembered-set count="256" />
  </mem-info>
</gc-start>
<allocation-stats totalBytes="768184" >
  <allocated-bytes non-tlh="65600" tlh="702584" />
  <largest-consumer threadName="Thread-4" threadId="0000000000D30500" bytes="450848" />
</allocation-stats>
<gc-op id="473" type="scavenge" timems="0.793" contextid="470" timestamp="2019-06-17T03:33:15.488">
  <scavenger-info tenureage="1" tenuremask="7ffe" tiltratio="50" />
  <memory-copied type="nursery" objects="707" bytes="297384" bytesdiscarded="207496" />
  <memory-copied type="tenure" objects="1041" bytes="508720" bytesdiscarded="920" />
  <references type="phantom" candidates="1" cleared="0" enqueued="0" />
</gc-op>
<heap-resize id="474" type="expand" space="nursery" amount="262144" count="1" timems="0.013" reason="excessive time being spent scavenging" timestamp="2019-06-17T03:33:15.488" />
<gc-end id="475" type="scavenge" contextid="470" durationms="1.204" usertimems="4.000" systemtimems="0.000" timestamp="2019-06-17T03:33:15.488" activeThreads="4">
  <mem-info id="476" free="2521920" total="9830400" percent="25">
    <mem type="nursery" free="1395640" total="3801088" percent="36">
      <mem type="allocate" free="1395640" total="1900544" percent="73" />
      <mem type="survivor" free="0" total="1900544" percent="0" />
    </mem>
    <mem type="tenure" free="1126280" total="6029312" percent="18">
      <mem type="soa" free="877448" total="5728256" percent="15" />
      <mem type="loa" free="248832" total="301056" percent="82" />
    </mem>
    <remembered-set count="124" />
  </mem-info>
</gc-end>
<cycle-end id="477" type="scavenge" contextid="470" timestamp="2019-06-17T03:33:15.488" />
  <attribute name="elasticGC enabled" value="1" />
  <attribute name= "numThreadsSpecified" value="4" />
  <attribute name="heapSize specified" value="9437184" />
  <attribute name="Current GC Util" value="47" />
  <attribute name= "Current Time Running" value="2068" />
  <attribute name ="GC Interval" value="288" />
  <attribute name="ProportionalT" value="40.500000" />
  <attribute name="ProportionalI" value="40.500000" />
  <attribute name="ProportionalH" value="40.500000" />
  <attribute name="Current Error" value="27.000000" />
  <attribute name="IntegralT" value="243.000000" />
  <attribute name="IntegralI" value="243.000000" />
  <attribute name="IntegralH" value="243.000000" />
  <attribute name="DerivativeT" value="4.500000" />
  <attribute name="DerivativeI" value="4.500000" />
  <attribute name="DerivativeH" value="4.500000" />
  <attribute name="Loop Time for DT" value="9.000000" />
  <attribute name="Output H" value="8388608"/>
  <attribute name="Output I" value="288"/>
  <attribute name="Output T" value="4"/>
  <attribute name="Target GC Util Change" value ="20.000000" />
  <attribute name="Current GC Util Change" value="47.000000"/>
  <attribute name="GC Util currently" value="47" />
  <attribute name="CPU Util currently" value="540535606825" />
<allocation-satisfied id="478" threadId="0000000000D2C900" bytesRequested="16392" />
<af-end id="479" timestamp="2019-06-17T03:33:15.488" threadId="0000000000D2D288" success="true" from="nursery"/>
<exclusive-end id="480" timestamp="2019-06-17T03:33:15.488" durationms="1.622" />

<exclusive-start id="481" timestamp="2019-06-17T03:33:15.510" intervalms="23.250">
  <response-info timems="0.037" idlems="0.037" threads="0" lastid="0000000000D2C900" lastname="Thread-3" />
</exclusive-start>
<af-start id="482" threadId="0000000000D2D288" totalBytesRequested="24" timestamp="2019-06-17T03:33:15.510" intervalms="23.254" type="nursery" />
<cycle-start id="483" type="scavenge" contextid="0" timestamp="2019-06-17T03:33:15.510" intervalms="23.255" />
<gc-start id="484" type="scavenge" contextid="483" timestamp="2019-06-17T03:33:15.510">
  <mem-info id="485" free="1126280" total="9830400" percent="11">
    <mem type="nursery" free="0" total="3801088" percent="0">
      <mem type="allocate" free="0" total="1900544" percent="0" />
      <mem type="survivor" free="0" total="1900544" percent="0" />
    </mem>
    <mem type="tenure" free="1126280" total="6029312" percent="18">
      <mem type="soa" free="877448" total="5728256" percent="15" />
      <mem type="loa" free="248832" total="301056" percent="82" />
    </mem>
    <remembered-set count="282" />
  </mem-info>
</gc-start>
<allocation-stats totalBytes="1394240" >
  <allocated-bytes non-tlh="81944" tlh="1312296" />
  <largest-consumer threadName="Thread-6" threadId="0000000000D37D00" bytes="576320" />
</allocation-stats>
<gc-op id="486" type="scavenge" timems="0.633" contextid="483" timestamp="2019-06-17T03:33:15.511">
  <scavenger-info tenureage="1" tenuremask="7ffe" tiltratio="50" />
  <memory-copied type="nursery" objects="1432" bytes="489888" bytesdiscarded="91000" />
  <memory-copied type="tenure" objects="658" bytes="292224" bytesdiscarded="672" />
</gc-op>
<gc-end id="487" type="scavenge" contextid="483" durationms="0.995" usertimems="0.000" systemtimems="0.000" timestamp="2019-06-17T03:33:15.511" activeThreads="4">
  <mem-info id="488" free="2256680" total="9830400" percent="22">
    <mem type="nursery" free="1516232" total="3801088" percent="39">
      <mem type="allocate" free="1516232" total="2097152" percent="72" />
      <mem type="survivor" free="0" total="1703936" percent="0" />
    </mem>
    <mem type="tenure" free="740448" total="6029312" percent="12">
      <mem type="soa" free="491616" total="5728256" percent="8" />
      <mem type="loa" free="248832" total="301056" percent="82" />
    </mem>
    <remembered-set count="195" />
  </mem-info>
</gc-end>
<cycle-end id="489" type="scavenge" contextid="483" timestamp="2019-06-17T03:33:15.511" />
  <attribute name="elasticGC enabled" value="1" />
  <attribute name= "numThreadsSpecified" value="4" />
  <attribute name="heapSize specified" value="9437184" />
  <attribute name="Current GC Util" value="6" />
  <attribute name= "Current Time Running" value="2091" />
  <attribute name ="GC Interval" value="200" />
  <attribute name="ProportionalT" value="-21.000000" />
  <attribute name="ProportionalI" value="-21.000000" />
  <attribute name="ProportionalH" value="-21.000000" />
  <attribute name="Current Error" value="-14.000000" />
  <attribute name="IntegralT" value="-322.000000" />
  <attribute name="IntegralI" value="-322.000000" />
  <attribute name="IntegralH" value="-322.000000" />
  <attribute name="DerivativeT" value="-2.673913" />
  <attribute name="DerivativeI" value="-2.673913" />
  <attribute name="DerivativeH" value="-2.673913" />
  <attribute name="Loop Time for DT" value="23.000000" />
  <attribute name="Output H" value="2092630016"/>
  <attribute name="Output I" value="200"/>
  <attribute name="Output T" value="4"/>
  <attribute name="Target GC Util Change" value ="20.000000" />
  <attribute name="Current GC Util Change" value="6.000000"/>
  <attribute name="GC Util currently" value="6" />
  <attribute name="CPU Util currently" value="198275087810" />
<allocation-satisfied id="490" threadId="0000000000D2C900" bytesRequested="24" />
<af-end id="491" timestamp="2019-06-17T03:33:15.511" threadId="0000000000D2D288" success="true" from="nursery"/>
<exclusive-end id="492" timestamp="2019-06-17T03:33:15.511" durationms="1.421" />

<concurrent-kickoff id="493" timestamp="2019-06-17T03:33:15.524">
  <kickoff reason="threshold reached" targetBytes="1779296" thresholdFreeBytes="245269"  remainingFree="213664" tenureFreeBytes="740448" nurseryFreeBytes="213664" />
</concurrent-kickoff>
<exclusive-start id="494" timestamp="2019-06-17T03:33:15.525" intervalms="14.775">
  <response-info timems="0.031" idlems="0.031" threads="0" lastid="0000000000D37D00" lastname="Thread-6" />
</exclusive-start>
<cycle-start id="495" type="global" contextid="0" timestamp="2019-06-17T03:33:15.525" intervalms="176.953" />
<exclusive-end id="496" timestamp="2019-06-17T03:33:15.525" durationms="0.141" />

<exclusive-start id="497" timestamp="2019-06-17T03:33:15.527" intervalms="2.524">
  <response-info timems="0.034" idlems="0.034" threads="0" lastid="0000000000D30500" lastname="Thread-4" />
</exclusive-start>
<af-start id="498" threadId="0000000000D30E88" totalBytesRequested="48" timestamp="2019-06-17T03:33:15.527" intervalms="17.300" type="nursery" />
<cycle-start id="499" type="scavenge" contextid="0" timestamp="2019-06-17T03:33:15.527" intervalms="17.307" />
<gc-start id="500" type="scavenge" contextid="499" timestamp="2019-06-17T03:33:15.527">
  <mem-info id="501" free="740448" total="9830400" percent="7">
    <mem type="nursery" free="0" total="3801088" percent="0">
      <mem type="allocate" free="0" total="2097152" percent="0" />
      <mem type="survivor" free="0" total="1703936" percent="0" />
    </mem>
    <mem type="tenure" free="740448" total="6029312" percent="12">
      <mem type="soa" free="491616" total="5728256" percent="8" />
      <mem type="loa" free="248832" total="301056" percent="82" />
    </mem>
    <remembered-set count="338" />
  </mem-info>
</gc-start>
<allocation-stats totalBytes="1421792" >
  <allocated-bytes non-tlh="98352" tlh="1323440" />
  <largest-consumer threadName="Thread-5" threadId="0000000000D34100" bytes="496896" />
</allocation-stats>
<gc-op id="502" type="scavenge" timems="4.349" contextid="499" timestamp="2019-06-17T03:33:15.532">
  <scavenger-info tenureage="1" tenuremask="7ffe" tiltratio="55" />
  <memory-copied type="nursery" objects="1444" bytes="674576" bytesdiscarded="159272" />
  <memory-copied type="tenure" objects="276" bytes="158752" bytesdiscarded="96" />
</gc-op>
<heap-resize id="503" type="expand" space="nursery" amount="393216" count="1" timems="0.023" reason="excessive time being spent scavenging" timestamp="2019-06-17T03:33:15.532" />
<gc-end id="504" type="scavenge" contextid="499" durationms="4.672" usertimems="4.000" systemtimems="0.000" timestamp="2019-06-17T03:33:15.532" activeThreads="4">
  <mem-info id="505" free="2166104" total="10223616" percent="21">
    <mem type="nursery" free="1590928" total="4194304" percent="37">
      <mem type="allocate" free="1590928" total="2424832" percent="65" />
      <mem type="survivor" free="0" total="1769472" percent="0" />
    </mem>
    <mem type="tenure" free="575176" total="6029312" percent="9">
      <mem type="soa" free="326344" total="5728256" percent="5" />
      <mem type="loa" free="248832" total="301056" percent="82" />
    </mem>
    <remembered-set count="147" />
  </mem-info>
</gc-end>
<cycle-end id="506" type="scavenge" contextid="499" timestamp="2019-06-17T03:33:15.532" />
  <attribute name="elasticGC enabled" value="1" />
  <attribute name= "numThreadsSpecified" value="4" />
  <attribute name="heapSize specified" value="9437184" />
  <attribute name="Current GC Util" value="7" />
  <attribute name= "Current Time Running" value="2108" />
  <attribute name ="GC Interval" value="200" />
  <attribute name="ProportionalT" value="-19.500000" />
  <attribute name="ProportionalI" value="-19.500000" />
  <attribute name="ProportionalH" value="-19.500000" />
  <attribute name="Current Error" value="-13.000000" />
  <attribute name="IntegralT" value="-221.000000" />
  <attribute name="IntegralI" value="-221.000000" />
  <attribute name="IntegralH" value="-221.000000" />
  <attribute name="DerivativeT" value="-1.147059" />
  <attribute name="DerivativeI" value="-1.147059" />
  <attribute name="DerivativeH" value="-1.147059" />
  <attribute name="Loop Time for DT" value="17.000000" />
  <attribute name="Output H" value="2092630016"/>
  <attribute name="Output I" value="200"/>
  <attribute name="Output T" value="4"/>
  <attribute name="Target GC Util Change" value ="20.000000" />
  <attribute name="Current GC Util Change" value="7.000000"/>
  <attribute name="GC Util currently" value="7" />
  <attribute name="CPU Util currently" value="266131099038" />
<allocation-satisfied id="507" threadId="0000000000D30500" bytesRequested="48" />
<af-end id="508" timestamp="2019-06-17T03:33:15.533" threadId="0000000000D30E88" success="true" from="nursery"/>
<exclusive-end id="509" timestamp="2019-06-17T03:33:15.533" durationms="5.930" />

<exclusive-start id="510" timestamp="2019-06-17T03:33:15.536" intervalms="9.285">
  <response-info timems="0.022" idlems="0.022" threads="0" lastid="0000000000D37D00" lastname="Thread-6" />
</exclusive-start>
<concurrent-collection-start id="511" timestamp="2019-06-17T03:33:15.536" intervalms="2236.735" >
  <concurrent-trace-info reason="card cleaning threshold reached" tracedByMutators="589840" tracedByHelpers="926124" cardsCleaned="113" workStackOverflowCount="0" />
</concurrent-collection-start>
<gc-start id="512" type="global" contextid="495" timestamp="2019-06-17T03:33:15.536">
  <mem-info id="513" free="1899816" total="10223616" percent="18">
    <mem type="nursery" free="1324640" total="4194304" percent="31">
      <mem type="allocate" free="1324640" total="2424832" percent="54" />
      <mem type="survivor" free="0" total="1769472" percent="0" />
    </mem>
    <mem type="tenure" free="575176" total="6029312" percent="9">
      <mem type="soa" free="326344" total="5728256" percent="5" />
      <mem type="loa" free="248832" total="301056" percent="82" />
    </mem>
    <remembered-set count="189" />
  </mem-info>
</gc-start>
<allocation-stats totalBytes="265736" >
  <allocated-bytes non-tlh="48" tlh="265688" />
  <largest-consumer threadName="Thread-6" threadId="0000000000D37D00" bytes="122384" />
</allocation-stats>
<gc-op id="514" type="rs-scan" timems="0.167" contextid="495" timestamp="2019-06-17T03:33:15.537">
  <scan objectsFound="62" bytesTraced="5244" workStackOverflowCount="0" />
</gc-op>
<gc-op id="515" type="card-cleaning" timems="0.191" contextid="495" timestamp="2019-06-17T03:33:15.537">
  <card-cleaning cardsCleaned="72" bytesTraced="411872" workStackOverflowCount="0" />
</gc-op>
<gc-op id="516" type="mark" timems="0.863" contextid="495" timestamp="2019-06-17T03:33:15.538">
  <trace-info objectcount="504" scancount="458" scanbytes="15084" />
  <finalization candidates="25" enqueued="0" />
  <references type="soft" candidates="164" cleared="0" enqueued="0" dynamicThreshold="14" maxThreshold="32" />
  <references type="weak" candidates="237" cleared="0" enqueued="0" />
  <references type="phantom" candidates="69" cleared="0" enqueued="0" />
  <stringconstants candidates="3963" cleared="0"  />
</gc-op>
<gc-op id="517" type="sweep" timems="0.262" contextid="495" timestamp="2019-06-17T03:33:15.538" />
<mem-info id="518" free="5043600" total="10223616" percent="49">
  <mem type="nursery" free="1759240" total="4194304" percent="41">
    <mem type="allocate" free="1759240" total="2424832" percent="72" />
    <mem type="survivor" free="0" total="1769472" percent="0" />
  </mem>
  <mem type="tenure" free="3284360" total="6029312" percent="54" micro-fragmented="10272" macro-fragmented="0">
    <mem type="soa" free="2983304" total="5728256" percent="52" />
    <mem type="loa" free="301056" total="301056" percent="100" />
  </mem>
  <remembered-set count="159" />
</mem-info>
<gc-op id="519" type="compact" timems="7.307" contextid="495" timestamp="2019-06-17T03:33:15.546">
  <compact-info movecount="31831" movebytes="3016392" reason="compact to aid heap contraction" />
</gc-op>
<heap-resize id="520" type="contract" space="tenure" amount="262144" count="1" timems="0.090" reason="heap reconfiguration" timestamp="2019-06-17T03:33:15.546" />
<gc-end id="521" type="global" contextid="495" durationms="9.831" usertimems="8.000" systemtimems="4.000" timestamp="2019-06-17T03:33:15.546" activeThreads="4">
  <mem-info id="522" free="4761576" total="9961472" percent="47">
    <mem type="nursery" free="1768384" total="4194304" percent="42">
      <mem type="allocate" free="1768384" total="2424832" percent="72" />
      <mem type="survivor" free="0" total="1769472" percent="0" />
    </mem>
    <mem type="tenure" free="2993192" total="5767168" percent="51">
      <mem type="soa" free="2744360" total="5479424" percent="50" />
      <mem type="loa" free="248832" total="287744" percent="86" />
    </mem>
    <remembered-set count="159" />
  </mem-info>
</gc-end>
<cycle-end id="523" type="global" contextid="495" timestamp="2019-06-17T03:33:15.546" />
  <attribute name="elasticGC enabled" value="1" />
  <attribute name= "numThreadsSpecified" value="4" />
  <attribute name="heapSize specified" value="10223616" />
  <attribute name="Current GC Util" value="28" />
  <attribute name= "Current Time Running" value="2127" />
  <attribute name ="GC Interval" value="200" />
  <attribute name="ProportionalT" value="12.000000" />
  <attribute name="ProportionalI" value="12.000000" />
  <attribute name="ProportionalH" value="12.000000" />
  <attribute name="Current Error" value="8.000000" />
  <attribute name="IntegralT" value="56.000000" />
  <attribute name="IntegralI" value="56.000000" />
  <attribute name="IntegralH" value="56.000000" />
  <attribute name="DerivativeT" value="1.714286" />
  <attribute name="DerivativeI" value="1.714286" />
  <attribute name="DerivativeH" value="1.714286" />
  <attribute name="Loop Time for DT" value="7.000000" />
  <attribute name="Output H" value="8388608"/>
  <attribute name="Output I" value="200"/>
  <attribute name="Output T" value="4"/>
  <attribute name="Target GC Util Change" value ="20.000000" />
  <attribute name="Current GC Util Change" value="28.000000"/>
  <attribute name="GC Util currently" value="28" />
  <attribute name="CPU Util currently" value="619918345176" />
<concurrent-collection-end id="524" timestamp="2019-06-17T03:33:15.547" />
<exclusive-end id="525" timestamp="2019-06-17T03:33:15.547" durationms="10.366" />

<exclusive-start id="526" timestamp="2019-06-17T03:33:15.563" intervalms="26.386">
  <response-info timems="0.119" idlems="0.067" threads="1" lastid="0000000000D2C900" lastname="Thread-3" />
</exclusive-start>
<af-start id="527" threadId="0000000000D34A88" totalBytesRequested="16392" timestamp="2019-06-17T03:33:15.563" intervalms="35.673" type="nursery" />
<cycle-start id="528" type="scavenge" contextid="0" timestamp="2019-06-17T03:33:15.563" intervalms="35.665" />
<gc-start id="529" type="scavenge" contextid="528" timestamp="2019-06-17T03:33:15.563">
  <mem-info id="530" free="2993192" total="9961472" percent="30">
    <mem type="nursery" free="0" total="4194304" percent="0">
      <mem type="allocate" free="0" total="2424832" percent="0" />
      <mem type="survivor" free="0" total="1769472" percent="0" />
    </mem>
    <mem type="tenure" free="2993192" total="5767168" percent="51">
      <mem type="soa" free="2744360" total="5479424" percent="50" />
      <mem type="loa" free="248832" total="287744" percent="86" />
    </mem>
    <remembered-set count="273" />
  </mem-info>
</gc-start>
<allocation-stats totalBytes="1693560" >
  <allocated-bytes non-tlh="163880" tlh="1529680" />
  <largest-consumer threadName="Thread-3" threadId="0000000000D2C900" bytes="512600" />
</allocation-stats>
<gc-op id="531" type="scavenge" timems="0.383" contextid="528" timestamp="2019-06-17T03:33:15.563">
  <scavenger-info tenureage="1" tenuremask="7ffe" tiltratio="57" />
  <memory-copied type="nursery" objects="1821" bytes="738704" bytesdiscarded="267176" />
  <memory-copied type="tenure" objects="34" bytes="1000" bytesdiscarded="0" />
  <references type="phantom" candidates="1" cleared="0" enqueued="0" />
</gc-op>
<gc-end id="532" type="scavenge" contextid="528" durationms="0.559" usertimems="4.000" systemtimems="0.000" timestamp="2019-06-17T03:33:15.563" activeThreads="4">
  <mem-info id="533" free="4700592" total="9961472" percent="47">
    <mem type="nursery" free="1746568" total="4194304" percent="41">
      <mem type="allocate" free="1746568" total="2752512" percent="63" />
      <mem type="survivor" free="0" total="1441792" percent="0" />
    </mem>
    <mem type="tenure" free="2954024" total="5767168" percent="51">
      <mem type="soa" free="2705192" total="5479424" percent="49" />
      <mem type="loa" free="248832" total="287744" percent="86" />
    </mem>
    <remembered-set count="116" />
  </mem-info>
</gc-end>
<cycle-end id="534" type="scavenge" contextid="528" timestamp="2019-06-17T03:33:15.564" />
  <attribute name="elasticGC enabled" value="1" />
  <attribute name= "numThreadsSpecified" value="4" />
  <attribute name="heapSize specified" value="10223616" />
  <attribute name="Current GC Util" value="52" />
  <attribute name= "Current Time Running" value="2144" />
  <attribute name ="GC Interval" value="600" />
  <attribute name="ProportionalT" value="48.000000" />
  <attribute name="ProportionalI" value="48.000000" />
  <attribute name="ProportionalH" value="48.000000" />
  <attribute name="Current Error" value="32.000000" />
  <attribute name="IntegralT" value="544.000000" />
  <attribute name="IntegralI" value="544.000000" />
  <attribute name="IntegralH" value="544.000000" />
  <attribute name="DerivativeT" value="2.117647" />
  <attribute name="DerivativeI" value="2.117647" />
  <attribute name="DerivativeH" value="2.117647" />
  <attribute name="Loop Time for DT" value="17.000000" />
  <attribute name="Output H" value="8388608"/>
  <attribute name="Output I" value="600"/>
  <attribute name="Output T" value="4"/>
  <attribute name="Target GC Util Change" value ="20.000000" />
  <attribute name="Current GC Util Change" value="52.000000"/>
  <attribute name="GC Util currently" value="52" />
  <attribute name="CPU Util currently" value="269804009939" />
<allocation-satisfied id="535" threadId="0000000000D34100" bytesRequested="16392" />
<af-end id="536" timestamp="2019-06-17T03:33:15.564" threadId="0000000000D34A88" success="true" from="nursery"/>
<exclusive-end id="537" timestamp="2019-06-17T03:33:15.564" durationms="0.981" />

<exclusive-start id="538" timestamp="2019-06-17T03:33:15.575" intervalms="12.637">
  <response-info timems="0.042" idlems="0.042" threads="0" lastid="0000000000D2C900" lastname="Thread-3" />
</exclusive-start>
<af-start id="539" threadId="0000000000D2D288" totalBytesRequested="40" timestamp="2019-06-17T03:33:15.575" intervalms="12.635" type="nursery" />
<cycle-start id="540" type="scavenge" contextid="0" timestamp="2019-06-17T03:33:15.576" intervalms="12.639" />
<gc-start id="541" type="scavenge" contextid="540" timestamp="2019-06-17T03:33:15.576">
  <mem-info id="542" free="2954024" total="9961472" percent="29">
    <mem type="nursery" free="0" total="4194304" percent="0">
      <mem type="allocate" free="0" total="2752512" percent="0" />
      <mem type="survivor" free="0" total="1441792" percent="0" />
    </mem>
    <mem type="tenure" free="2954024" total="5767168" percent="51">
      <mem type="soa" free="2705192" total="5479424" percent="49" />
      <mem type="loa" free="248832" total="287744" percent="86" />
    </mem>
    <remembered-set count="238" />
  </mem-info>
</gc-start>
<allocation-stats totalBytes="1670776" >
  <allocated-bytes non-tlh="114720" tlh="1556056" />
  <largest-consumer threadName="Thread-4" threadId="0000000000D30500" bytes="847928" />
</allocation-stats>
<gc-op id="543" type="scavenge" timems="4.139" contextid="540" timestamp="2019-06-17T03:33:15.580">
  <scavenger-info tenureage="1" tenuremask="7ffe" tiltratio="65" />
  <memory-copied type="nursery" objects="1228" bytes="545336" bytesdiscarded="80880" />
  <memory-copied type="tenure" objects="800" bytes="347728" bytesdiscarded="1240" />
  <references type="phantom" candidates="1" cleared="0" enqueued="0" />
</gc-op>
<heap-resize id="544" type="expand" space="nursery" amount="524288" count="1" timems="0.015" reason="excessive time being spent scavenging" timestamp="2019-06-17T03:33:15.580" />
<gc-end id="545" type="scavenge" contextid="540" durationms="4.562" usertimems="8.000" systemtimems="0.000" timestamp="2019-06-17T03:33:15.580" activeThreads="4">
  <mem-info id="546" free="4973264" total="10485760" percent="47">
    <mem type="nursery" free="2585008" total="4718592" percent="54">
      <mem type="allocate" free="2585008" total="3211264" percent="80" />
      <mem type="survivor" free="0" total="1507328" percent="0" />
    </mem>
    <mem type="tenure" free="2388256" total="5767168" percent="41">
      <mem type="soa" free="2139424" total="5479424" percent="39" />
      <mem type="loa" free="248832" total="287744" percent="86" />
    </mem>
    <remembered-set count="121" />
  </mem-info>
</gc-end>
<cycle-end id="547" type="scavenge" contextid="540" timestamp="2019-06-17T03:33:15.580" />
  <attribute name="elasticGC enabled" value="1" />
  <attribute name= "numThreadsSpecified" value="4" />
  <attribute name="heapSize specified" value="10223616" />
  <attribute name="Current GC Util" value="8" />
  <attribute name= "Current Time Running" value="2157" />
  <attribute name ="GC Interval" value="200" />
  <attribute name="ProportionalT" value="-18.000000" />
  <attribute name="ProportionalI" value="-18.000000" />
  <attribute name="ProportionalH" value="-18.000000" />
  <attribute name="Current Error" value="-12.000000" />
  <attribute name="IntegralT" value="-156.000000" />
  <attribute name="IntegralI" value="-156.000000" />
  <attribute name="IntegralH" value="-156.000000" />
  <attribute name="DerivativeT" value="-5.076923" />
  <attribute name="DerivativeI" value="-5.076923" />
  <attribute name="DerivativeH" value="-5.076923" />
  <attribute name="Loop Time for DT" value="13.000000" />
  <attribute name="Output H" value="2092630016"/>
  <attribute name="Output I" value="200"/>
  <attribute name="Output T" value="4"/>
  <attribute name="Target GC Util Change" value ="20.000000" />
  <attribute name="Current GC Util Change" value="8.000000"/>
  <attribute name="GC Util currently" value="8" />
  <attribute name="CPU Util currently" value="364491093314" />
<allocation-satisfied id="548" threadId="0000000000D2C900" bytesRequested="40" />
<af-end id="549" timestamp="2019-06-17T03:33:15.580" threadId="0000000000D2D288" success="true" from="nursery"/>
<exclusive-end id="550" timestamp="2019-06-17T03:33:15.581" durationms="5.223" />

<exclusive-start id="551" timestamp="2019-06-17T03:33:15.610" intervalms="34.379">
  <response-info timems="0.135" idlems="0.048" threads="2" lastid="0000000000D2C900" lastname="Thread-3" />
</exclusive-start>
<af-start id="552" threadId="0000000000D34A88" totalBytesRequested="16392" timestamp="2019-06-17T03:33:15.610" intervalms="34.386" type="nursery" />
<cycle-start id="553" type="scavenge" contextid="0" timestamp="2019-06-17T03:33:15.610" intervalms="34.384" />
<gc-start id="554" type="scavenge" contextid="553" timestamp="2019-06-17T03:33:15.610">
  <mem-info id="555" free="2388256" total="10485760" percent="22">
    <mem type="nursery" free="0" total="4718592" percent="0">
      <mem type="allocate" free="0" total="3211264" percent="0" />
      <mem type="survivor" free="0" total="1507328" percent="0" />
    </mem>
    <mem type="tenure" free="2388256" total="5767168" percent="41">
      <mem type="soa" free="2139424" total="5479424" percent="39" />
      <mem type="loa" free="248832" total="287744" percent="86" />
    </mem>
    <remembered-set count="280" />
  </mem-info>
</gc-start>
<allocation-stats totalBytes="2547592" >
  <allocated-bytes non-tlh="65592" tlh="2482000" />
  <largest-consumer threadName="Thread-4" threadId="0000000000D30500" bytes="1255664" />
</allocation-stats>
<gc-op id="556" type="scavenge" timems="0.422" contextid="553" timestamp="2019-06-17T03:33:15.610">
  <scavenger-info tenureage="1" tenuremask="7ffe" tiltratio="68" />
  <memory-copied type="nursery" objects="1262" bytes="439608" bytesdiscarded="268776" />
  <memory-copied type="tenure" objects="137" bytes="221672" bytesdiscarded="224" />
  <references type="phantom" candidates="1" cleared="0" enqueued="0" />
</gc-op>
<gc-end id="557" type="scavenge" contextid="553" durationms="0.604" usertimems="0.000" systemtimems="0.000" timestamp="2019-06-17T03:33:15.611" activeThreads="4">
  <mem-info id="558" free="5021048" total="10485760" percent="47">
    <mem type="nursery" free="2830512" total="4718592" percent="59">
      <mem type="allocate" free="2830512" total="3538944" percent="79" />
      <mem type="survivor" free="0" total="1179648" percent="0" />
    </mem>
    <mem type="tenure" free="2190536" total="5767168" percent="37">
      <mem type="soa" free="1941704" total="5479424" percent="35" />
      <mem type="loa" free="248832" total="287744" percent="86" />
    </mem>
    <remembered-set count="144" />
  </mem-info>
</gc-end>
<cycle-end id="559" type="scavenge" contextid="553" timestamp="2019-06-17T03:33:15.611" />
  <attribute name="elasticGC enabled" value="1" />
  <attribute name= "numThreadsSpecified" value="4" />
  <attribute name="heapSize specified" value="10223616" />
  <attribute name="Current GC Util" value="19" />
  <attribute name= "Current Time Running" value="2191" />
  <attribute name ="GC Interval" value="200" />
  <attribute name="ProportionalT" value="-1.500000" />
  <attribute name="ProportionalI" value="-1.500000" />
  <attribute name="ProportionalH" value="-1.500000" />
  <attribute name="Current Error" value="-1.000000" />
  <attribute name="IntegralT" value="-34.000000" />
  <attribute name="IntegralI" value="-34.000000" />
  <attribute name="IntegralH" value="-34.000000" />
  <attribute name="DerivativeT" value="-0.044118" />
  <attribute name="DerivativeI" value="-0.044118" />
  <attribute name="DerivativeH" value="-0.044118" />
  <attribute name="Loop Time for DT" value="34.000000" />
  <attribute name="Output H" value="2092630016"/>
  <attribute name="Output I" value="200"/>
  <attribute name="Output T" value="4"/>
  <attribute name="Target GC Util Change" value ="20.000000" />
  <attribute name="Current GC Util Change" value="19.000000"/>
  <attribute name="GC Util currently" value="19" />
  <attribute name="CPU Util currently" value="134148593154" />
<allocation-satisfied id="560" threadId="0000000000D34100" bytesRequested="16392" />
<af-end id="561" timestamp="2019-06-17T03:33:15.611" threadId="0000000000D34A88" success="true" from="nursery"/>
<exclusive-end id="562" timestamp="2019-06-17T03:33:15.611" durationms="1.042" />

<exclusive-start id="563" timestamp="2019-06-17T03:33:15.646" intervalms="36.370">
  <response-info timems="0.110" idlems="0.063" threads="1" lastid="0000000000D2C900" lastname="Thread-3" />
</exclusive-start>
<af-start id="564" threadId="0000000000D38688" totalBytesRequested="1032" timestamp="2019-06-17T03:33:15.646" intervalms="36.370" type="nursery" />
<cycle-start id="565" type="scavenge" contextid="0" timestamp="2019-06-17T03:33:15.646" intervalms="36.369" />
<gc-start id="566" type="scavenge" contextid="565" timestamp="2019-06-17T03:33:15.646">
  <mem-info id="567" free="2190536" total="10485760" percent="20">
    <mem type="nursery" free="0" total="4718592" percent="0">
      <mem type="allocate" free="0" total="3538944" percent="0" />
      <mem type="survivor" free="0" total="1179648" percent="0" />
    </mem>
    <mem type="tenure" free="2190536" total="5767168" percent="37">
      <mem type="soa" free="1941704" total="5479424" percent="35" />
      <mem type="loa" free="248832" total="287744" percent="86" />
    </mem>
    <remembered-set count="355" />
  </mem-info>
</gc-start>
<allocation-stats totalBytes="2826096" >
  <allocated-bytes non-tlh="49168" tlh="2776928" />
  <largest-consumer threadName="Thread-4" threadId="0000000000D30500" bytes="859680" />
</allocation-stats>
<gc-op id="568" type="scavenge" timems="0.394" contextid="565" timestamp="2019-06-17T03:33:15.647">
  <scavenger-info tenureage="1" tenuremask="7ffe" tiltratio="75" />
  <memory-copied type="nursery" objects="2664" bytes="1015080" bytesdiscarded="164496" />
  <memory-copied type="tenure" objects="121" bytes="60848" bytesdiscarded="0" />
</gc-op>
<gc-end id="569" type="scavenge" contextid="565" durationms="0.576" usertimems="0.000" systemtimems="0.000" timestamp="2019-06-17T03:33:15.647" activeThreads="4">
  <mem-info id="570" free="3974080" total="10485760" percent="37">
    <mem type="nursery" free="1900544" total="4718592" percent="40">
      <mem type="allocate" free="1900544" total="3080192" percent="61" />
      <mem type="survivor" free="0" total="1638400" percent="0" />
    </mem>
    <mem type="tenure" free="2073536" total="5767168" percent="35">
      <mem type="soa" free="1824704" total="5479424" percent="33" />
      <mem type="loa" free="248832" total="287744" percent="86" />
    </mem>
    <remembered-set count="148" />
  </mem-info>
</gc-end>
<cycle-end id="571" type="scavenge" contextid="565" timestamp="2019-06-17T03:33:15.647" />
  <attribute name="elasticGC enabled" value="1" />
  <attribute name= "numThreadsSpecified" value="4" />
  <attribute name="heapSize specified" value="10223616" />
  <attribute name="Current GC Util" value="3" />
  <attribute name= "Current Time Running" value="2227" />
  <attribute name ="GC Interval" value="200" />
  <attribute name="ProportionalT" value="-25.500000" />
  <attribute name="ProportionalI" value="-25.500000" />
  <attribute name="ProportionalH" value="-25.500000" />
  <attribute name="Current Error" value="-17.000000" />
  <attribute name="IntegralT" value="-612.000000" />
  <attribute name="IntegralI" value="-612.000000" />
  <attribute name="IntegralH" value="-612.000000" />
  <attribute name="DerivativeT" value="-0.708333" />
  <attribute name="DerivativeI" value="-0.708333" />
  <attribute name="DerivativeH" value="-0.708333" />
  <attribute name="Loop Time for DT" value="36.000000" />
  <attribute name="Output H" value="2092630016"/>
  <attribute name="Output I" value="200"/>
  <attribute name="Output T" value="4"/>
  <attribute name="Target GC Util Change" value ="20.000000" />
  <attribute name="Current GC Util Change" value="3.000000"/>
  <attribute name="GC Util currently" value="3" />
  <attribute name="CPU Util currently" value="126800360991" />
<allocation-satisfied id="572" threadId="0000000000D37D00" bytesRequested="1032" />
<af-end id="573" timestamp="2019-06-17T03:33:15.647" threadId="0000000000D38688" success="true" from="nursery"/>
<exclusive-end id="574" timestamp="2019-06-17T03:33:15.647" durationms="1.008" />

<exclusive-start id="575" timestamp="2019-06-17T03:33:15.659" intervalms="13.350">
  <response-info timems="0.061" idlems="0.061" threads="0" lastid="0000000000D34100" lastname="Thread-5" />
</exclusive-start>
<af-start id="576" threadId="0000000000D34A88" totalBytesRequested="48" timestamp="2019-06-17T03:33:15.660" intervalms="13.341" type="nursery" />
<cycle-start id="577" type="scavenge" contextid="0" timestamp="2019-06-17T03:33:15.660" intervalms="13.339" />
<gc-start id="578" type="scavenge" contextid="577" timestamp="2019-06-17T03:33:15.660">
  <mem-info id="579" free="2073536" total="10485760" percent="19">
    <mem type="nursery" free="0" total="4718592" percent="0">
      <mem type="allocate" free="0" total="3080192" percent="0" />
      <mem type="survivor" free="0" total="1638400" percent="0" />
    </mem>
    <mem type="tenure" free="2073536" total="5767168" percent="35">
      <mem type="soa" free="1824704" total="5479424" percent="33" />
      <mem type="loa" free="248832" total="287744" percent="86" />
    </mem>
    <remembered-set count="292" />
  </mem-info>
</gc-start>
<allocation-stats totalBytes="1853416" >
  <allocated-bytes non-tlh="33808" tlh="1819608" />
  <largest-consumer threadName="Thread-4" threadId="0000000000D30500" bytes="825936" />
</allocation-stats>
<gc-op id="580" type="scavenge" timems="0.394" contextid="577" timestamp="2019-06-17T03:33:15.660">
  <scavenger-info tenureage="1" tenuremask="7ffe" tiltratio="65" />
  <memory-copied type="nursery" objects="1970" bytes="737960" bytesdiscarded="269488" />
  <memory-copied type="tenure" objects="805" bytes="360872" bytesdiscarded="64" />
</gc-op>
<gc-end id="581" type="scavenge" contextid="577" durationms="0.573" usertimems="0.000" systemtimems="0.000" timestamp="2019-06-17T03:33:15.660" activeThreads="4">
  <mem-info id="582" free="4045584" total="10485760" percent="38">
    <mem type="nursery" free="2203768" total="4718592" percent="46">
      <mem type="allocate" free="2203768" total="3211264" percent="68" />
      <mem type="survivor" free="0" total="1507328" percent="0" />
    </mem>
    <mem type="tenure" free="1841816" total="5767168" percent="31">
      <mem type="soa" free="1592984" total="5479424" percent="29" />
      <mem type="loa" free="248832" total="287744" percent="86" />
    </mem>
    <remembered-set count="125" />
  </mem-info>
</gc-end>
<cycle-end id="583" type="scavenge" contextid="577" timestamp="2019-06-17T03:33:15.660" />
  <attribute name="elasticGC enabled" value="1" />
  <attribute name= "numThreadsSpecified" value="4" />
  <attribute name="heapSize specified" value="10223616" />
  <attribute name="Current GC Util" value="8" />
  <attribute name= "Current Time Running" value="2241" />
  <attribute name ="GC Interval" value="200" />
  <attribute name="ProportionalT" value="-18.000000" />
  <attribute name="ProportionalI" value="-18.000000" />
  <attribute name="ProportionalH" value="-18.000000" />
  <attribute name="Current Error" value="-12.000000" />
  <attribute name="IntegralT" value="-168.000000" />
  <attribute name="IntegralI" value="-168.000000" />
  <attribute name="IntegralH" value="-168.000000" />
  <attribute name="DerivativeT" value="-1.285714" />
  <attribute name="DerivativeI" value="-1.285714" />
  <attribute name="DerivativeH" value="-1.285714" />
  <attribute name="Loop Time for DT" value="14.000000" />
  <attribute name="Output H" value="2092630016"/>
  <attribute name="Output I" value="200"/>
  <attribute name="Output T" value="4"/>
  <attribute name="Target GC Util Change" value ="20.000000" />
  <attribute name="Current GC Util Change" value="8.000000"/>
  <attribute name="GC Util currently" value="8" />
  <attribute name="CPU Util currently" value="345897083875" />
<allocation-satisfied id="584" threadId="0000000000D34100" bytesRequested="48" />
<af-end id="585" timestamp="2019-06-17T03:33:15.660" threadId="0000000000D34A88" success="true" from="nursery"/>
<exclusive-end id="586" timestamp="2019-06-17T03:33:15.660" durationms="0.992" />

<exclusive-start id="587" timestamp="2019-06-17T03:33:15.682" intervalms="22.271">
  <response-info timems="0.049" idlems="0.049" threads="0" lastid="0000000000D34100" lastname="Thread-5" />
</exclusive-start>
<af-start id="588" threadId="0000000000D34A88" totalBytesRequested="16392" timestamp="2019-06-17T03:33:15.682" intervalms="22.278" type="nursery" />
<cycle-start id="589" type="scavenge" contextid="0" timestamp="2019-06-17T03:33:15.682" intervalms="22.280" />
<gc-start id="590" type="scavenge" contextid="589" timestamp="2019-06-17T03:33:15.682">
  <mem-info id="591" free="1841816" total="10485760" percent="17">
    <mem type="nursery" free="0" total="4718592" percent="0">
      <mem type="allocate" free="0" total="3211264" percent="0" />
      <mem type="survivor" free="0" total="1507328" percent="0" />
    </mem>
    <mem type="tenure" free="1841816" total="5767168" percent="31">
      <mem type="soa" free="1592984" total="5479424" percent="29" />
      <mem type="loa" free="248832" total="287744" percent="86" />
    </mem>
    <remembered-set count="251" />
  </mem-info>
</gc-start>
<allocation-stats totalBytes="2142472" >
  <allocated-bytes non-tlh="32824" tlh="2109648" />
  <largest-consumer threadName="Thread-3" threadId="0000000000D2C900" bytes="898896" />
</allocation-stats>
<gc-op id="592" type="scavenge" timems="0.395" contextid="589" timestamp="2019-06-17T03:33:15.682">
  <scavenger-info tenureage="1" tenuremask="7ffe" tiltratio="68" />
  <memory-copied type="nursery" objects="1222" bytes="441864" bytesdiscarded="301064" />
  <memory-copied type="tenure" objects="674" bytes="286680" bytesdiscarded="1272" />
  <references type="weak" candidates="1" cleared="0" enqueued="0" />
  <references type="phantom" candidates="1" cleared="0" enqueued="0" />
</gc-op>
<gc-end id="593" type="scavenge" contextid="589" durationms="0.579" usertimems="0.000" systemtimems="0.000" timestamp="2019-06-17T03:33:15.683" activeThreads="4">
  <mem-info id="594" free="4016368" total="10485760" percent="38">
    <mem type="nursery" free="2599368" total="4718592" percent="55">
      <mem type="allocate" free="2599368" total="3342336" percent="77" />
      <mem type="survivor" free="0" total="1376256" percent="0" />
    </mem>
    <mem type="tenure" free="1417000" total="5767168" percent="24">
      <mem type="soa" free="1168168" total="5479424" percent="21" />
      <mem type="loa" free="248832" total="287744" percent="86" />
    </mem>
    <remembered-set count="139" />
  </mem-info>
</gc-end>
<cycle-end id="595" type="scavenge" contextid="589" timestamp="2019-06-17T03:33:15.683" />
  <attribute name="elasticGC enabled" value="1" />
  <attribute name= "numThreadsSpecified" value="4" />
  <attribute name="heapSize specified" value="10223616" />
  <attribute name="Current GC Util" value="5" />
  <attribute name= "Current Time Running" value="2263" />
  <attribute name ="GC Interval" value="200" />
  <attribute name="ProportionalT" value="-22.500000" />
  <attribute name="ProportionalI" value="-22.500000" />
  <attribute name="ProportionalH" value="-22.500000" />
  <attribute name="Current Error" value="-15.000000" />
  <attribute name="IntegralT" value="-330.000000" />
  <attribute name="IntegralI" value="-330.000000" />
  <attribute name="IntegralH" value="-330.000000" />
  <attribute name="DerivativeT" value="-1.022727" />
  <attribute name="DerivativeI" value="-1.022727" />
  <attribute name="DerivativeH" value="-1.022727" />
  <attribute name="Loop Time for DT" value="22.000000" />
  <attribute name="Output H" value="2092630016"/>
  <attribute name="Output I" value="200"/>
  <attribute name="Output T" value="4"/>
  <attribute name="Target GC Util Change" value ="20.000000" />
  <attribute name="Current GC Util Change" value="5.000000"/>
  <attribute name="GC Util currently" value="5" />
  <attribute name="CPU Util currently" value="206947808594" />
<allocation-satisfied id="596" threadId="0000000000D34100" bytesRequested="16392" />
<af-end id="597" timestamp="2019-06-17T03:33:15.683" threadId="0000000000D34A88" success="true" from="nursery"/>
<exclusive-end id="598" timestamp="2019-06-17T03:33:15.683" durationms="1.007" />

<exclusive-start id="599" timestamp="2019-06-17T03:33:15.707" intervalms="24.775">
  <response-info timems="0.046" idlems="0.046" threads="0" lastid="0000000000D2C900" lastname="Thread-3" />
</exclusive-start>
<af-start id="600" threadId="0000000000D2D288" totalBytesRequested="8200" timestamp="2019-06-17T03:33:15.707" intervalms="24.771" type="nursery" />
<cycle-start id="601" type="scavenge" contextid="0" timestamp="2019-06-17T03:33:15.707" intervalms="24.773" />
<gc-start id="602" type="scavenge" contextid="601" timestamp="2019-06-17T03:33:15.707">
  <mem-info id="603" free="1417000" total="10485760" percent="13">
    <mem type="nursery" free="0" total="4718592" percent="0">
      <mem type="allocate" free="0" total="3342336" percent="0" />
      <mem type="survivor" free="0" total="1376256" percent="0" />
    </mem>
    <mem type="tenure" free="1417000" total="5767168" percent="24">
      <mem type="soa" free="1168168" total="5479424" percent="21" />
      <mem type="loa" free="248832" total="287744" percent="86" />
    </mem>
    <remembered-set count="309" />
  </mem-info>
</gc-start>
<allocation-stats totalBytes="2532960" >
  <allocated-bytes non-tlh="98336" tlh="2434624" />
  <largest-consumer threadName="Thread-6" threadId="0000000000D37D00" bytes="900328" />
</allocation-stats>
<gc-op id="604" type="scavenge" timems="2.751" contextid="601" timestamp="2019-06-17T03:33:15.710">
  <scavenger-info tenureage="1" tenuremask="7ffe" tiltratio="70" />
  <memory-copied type="nursery" objects="2018" bytes="943040" bytesdiscarded="142584" />
  <memory-copied type="tenure" objects="65" bytes="3728" bytesdiscarded="0" />
  <references type="phantom" candidates="1" cleared="0" enqueued="0" />
</gc-op>
<heap-resize id="605" type="expand" space="nursery" amount="262144" count="1" timems="0.015" reason="excessive time being spent scavenging" timestamp="2019-06-17T03:33:15.710" />
<gc-end id="606" type="scavenge" contextid="601" durationms="3.172" usertimems="4.000" systemtimems="0.000" timestamp="2019-06-17T03:33:15.710" activeThreads="4">
  <mem-info id="607" free="3608096" total="10747904" percent="33">
    <mem type="nursery" free="2191096" total="4980736" percent="43">
      <mem type="allocate" free="2191096" total="3276800" percent="66" />
      <mem type="survivor" free="0" total="1703936" percent="0" />
    </mem>
    <mem type="tenure" free="1417000" total="5767168" percent="24">
      <mem type="soa" free="1168168" total="5479424" percent="21" />
      <mem type="loa" free="248832" total="287744" percent="86" />
    </mem>
    <remembered-set count="131" />
  </mem-info>
</gc-end>
<cycle-end id="608" type="scavenge" contextid="601" timestamp="2019-06-17T03:33:15.710" />
  <attribute name="elasticGC enabled" value="1" />
  <attribute name= "numThreadsSpecified" value="4" />
  <attribute name="heapSize specified" value="10223616" />
  <attribute name="Current GC Util" value="4" />
  <attribute name= "Current Time Running" value="2288" />
  <attribute name ="GC Interval" value="200" />
  <attribute name="ProportionalT" value="-24.000000" />
  <attribute name="ProportionalI" value="-24.000000" />
  <attribute name="ProportionalH" value="-24.000000" />
  <attribute name="Current Error" value="-16.000000" />
  <attribute name="IntegralT" value="-400.000000" />
  <attribute name="IntegralI" value="-400.000000" />
  <attribute name="IntegralH" value="-400.000000" />
  <attribute name="DerivativeT" value="-0.960000" />
  <attribute name="DerivativeI" value="-0.960000" />
  <attribute name="DerivativeH" value="-0.960000" />
  <attribute name="Loop Time for DT" value="25.000000" />
  <attribute name="Output H" value="2092630016"/>
  <attribute name="Output I" value="200"/>
  <attribute name="Output T" value="4"/>
  <attribute name="Target GC Util Change" value ="20.000000" />
  <attribute name="Current GC Util Change" value="4.000000"/>
  <attribute name="GC Util currently" value="4" />
  <attribute name="CPU Util currently" value="186120285550" />
<allocation-satisfied id="609" threadId="0000000000D2C900" bytesRequested="8200" />
<af-end id="610" timestamp="2019-06-17T03:33:15.710" threadId="0000000000D2D288" success="true" from="nursery"/>
<exclusive-end id="611" timestamp="2019-06-17T03:33:15.710" durationms="3.659" />

<exclusive-start id="612" timestamp="2019-06-17T03:33:15.737" intervalms="30.094">
  <response-info timems="0.041" idlems="0.041" threads="0" lastid="0000000000D34100" lastname="Thread-5" />
</exclusive-start>
<af-start id="613" threadId="0000000000D34A88" totalBytesRequested="16392" timestamp="2019-06-17T03:33:15.737" intervalms="30.096" type="nursery" />
<cycle-start id="614" type="scavenge" contextid="0" timestamp="2019-06-17T03:33:15.737" intervalms="30.095" />
<gc-start id="615" type="scavenge" contextid="614" timestamp="2019-06-17T03:33:15.737">
  <mem-info id="616" free="1417000" total="10747904" percent="13">
    <mem type="nursery" free="0" total="4980736" percent="0">
      <mem type="allocate" free="0" total="3276800" percent="0" />
      <mem type="survivor" free="0" total="1703936" percent="0" />
    </mem>
    <mem type="tenure" free="1417000" total="5767168" percent="24">
      <mem type="soa" free="1168168" total="5479424" percent="21" />
      <mem type="loa" free="248832" total="287744" percent="86" />
    </mem>
    <remembered-set count="282" />
  </mem-info>
</gc-start>
<allocation-stats totalBytes="2179248" >
  <allocated-bytes non-tlh="40976" tlh="2138272" />
  <largest-consumer threadName="Thread-4" threadId="0000000000D30500" bytes="830632" />
</allocation-stats>
<gc-op id="617" type="scavenge" timems="0.429" contextid="614" timestamp="2019-06-17T03:33:15.737">
  <scavenger-info tenureage="1" tenuremask="7ffe" tiltratio="65" />
  <memory-copied type="nursery" objects="1478" bytes="574360" bytesdiscarded="161688" />
  <memory-copied type="tenure" objects="743" bytes="374776" bytesdiscarded="344" />
  <references type="weak" candidates="2" cleared="0" enqueued="0" />
  <references type="phantom" candidates="2" cleared="0" enqueued="0" />
</gc-op>
<gc-end id="618" type="scavenge" contextid="614" durationms="0.614" usertimems="0.000" systemtimems="4.000" timestamp="2019-06-17T03:33:15.737" activeThreads="4">
  <mem-info id="619" free="3869096" total="10747904" percent="35">
    <mem type="nursery" free="2802864" total="4980736" percent="56">
      <mem type="allocate" free="2802864" total="3538944" percent="79" />
      <mem type="survivor" free="0" total="1441792" percent="0" />
    </mem>
    <mem type="tenure" free="1066232" total="5767168" percent="18">
      <mem type="soa" free="817400" total="5479424" percent="14" />
      <mem type="loa" free="248832" total="287744" percent="86" />
    </mem>
    <remembered-set count="107" />
  </mem-info>
</gc-end>
<cycle-end id="620" type="scavenge" contextid="614" timestamp="2019-06-17T03:33:15.737" />
  <attribute name="elasticGC enabled" value="1" />
  <attribute name= "numThreadsSpecified" value="4" />
  <attribute name="heapSize specified" value="10223616" />
  <attribute name="Current GC Util" value="14" />
  <attribute name= "Current Time Running" value="2318" />
  <attribute name ="GC Interval" value="200" />
  <attribute name="ProportionalT" value="-9.000000" />
  <attribute name="ProportionalI" value="-9.000000" />
  <attribute name="ProportionalH" value="-9.000000" />
  <attribute name="Current Error" value="-6.000000" />
  <attribute name="IntegralT" value="-180.000000" />
  <attribute name="IntegralI" value="-180.000000" />
  <attribute name="IntegralH" value="-180.000000" />
  <attribute name="DerivativeT" value="-0.300000" />
  <attribute name="DerivativeI" value="-0.300000" />
  <attribute name="DerivativeH" value="-0.300000" />
  <attribute name="Loop Time for DT" value="30.000000" />
  <attribute name="Output H" value="2092630016"/>
  <attribute name="Output I" value="200"/>
  <attribute name="Output T" value="4"/>
  <attribute name="Target GC Util Change" value ="20.000000" />
  <attribute name="Current GC Util Change" value="14.000000"/>
  <attribute name="GC Util currently" value="14" />
  <attribute name="CPU Util currently" value="153257643404" />
<allocation-satisfied id="621" threadId="0000000000D34100" bytesRequested="16392" />
<af-end id="622" timestamp="2019-06-17T03:33:15.738" threadId="0000000000D34A88" success="true" from="nursery"/>
<exclusive-end id="623" timestamp="2019-06-17T03:33:15.738" durationms="1.047" />

<exclusive-start id="624" timestamp="2019-06-17T03:33:15.765" intervalms="28.863">
  <response-info timems="0.035" idlems="0.035" threads="0" lastid="0000000000D30500" lastname="Thread-4" />
</exclusive-start>
<af-start id="625" threadId="0000000000D30E88" totalBytesRequested="32" timestamp="2019-06-17T03:33:15.766" intervalms="28.864" type="nursery" />
<cycle-start id="626" type="scavenge" contextid="0" timestamp="2019-06-17T03:33:15.766" intervalms="28.873" />
<gc-start id="627" type="scavenge" contextid="626" timestamp="2019-06-17T03:33:15.766">
  <mem-info id="628" free="1066232" total="10747904" percent="9">
    <mem type="nursery" free="0" total="4980736" percent="0">
      <mem type="allocate" free="0" total="3538944" percent="0" />
      <mem type="survivor" free="0" total="1441792" percent="0" />
    </mem>
    <mem type="tenure" free="1066232" total="5767168" percent="18">
      <mem type="soa" free="817400" total="5479424" percent="14" />
      <mem type="loa" free="248832" total="287744" percent="86" />
    </mem>
    <remembered-set count="309" />
  </mem-info>
</gc-start>
<allocation-stats totalBytes="2795472" >
  <allocated-bytes non-tlh="81944" tlh="2713528" />
  <largest-consumer threadName="Thread-5" threadId="0000000000D34100" bytes="1321488" />
</allocation-stats>
<gc-op id="629" type="scavenge" timems="0.570" contextid="626" timestamp="2019-06-17T03:33:15.766">
  <scavenger-info tenureage="1" tenuremask="7ffe" tiltratio="71" />
  <memory-copied type="nursery" objects="1340" bytes="466224" bytesdiscarded="137784" />
  <memory-copied type="tenure" objects="789" bytes="322024" bytesdiscarded="560" />
</gc-op>
<gc-end id="630" type="scavenge" contextid="626" durationms="0.771" usertimems="0.000" systemtimems="0.000" timestamp="2019-06-17T03:33:15.766" activeThreads="4">
  <mem-info id="631" free="3658024" total="10747904" percent="34">
    <mem type="nursery" free="3065960" total="4980736" percent="61">
      <mem type="allocate" free="3065960" total="3670016" percent="83" />
      <mem type="survivor" free="0" total="1310720" percent="0" />
    </mem>
    <mem type="tenure" free="592064" total="5767168" percent="10">
      <mem type="soa" free="343232" total="5479424" percent="6" />
      <mem type="loa" free="248832" total="287744" percent="86" />
    </mem>
    <remembered-set count="128" />
  </mem-info>
</gc-end>
<cycle-end id="632" type="scavenge" contextid="626" timestamp="2019-06-17T03:33:15.767" />
  <attribute name="elasticGC enabled" value="1" />
  <attribute name= "numThreadsSpecified" value="4" />
  <attribute name="heapSize specified" value="10223616" />
  <attribute name="Current GC Util" value="3" />
  <attribute name= "Current Time Running" value="2347" />
  <attribute name ="GC Interval" value="200" />
  <attribute name="ProportionalT" value="-25.500000" />
  <attribute name="ProportionalI" value="-25.500000" />
  <attribute name="ProportionalH" value="-25.500000" />
  <attribute name="Current Error" value="-17.000000" />
  <attribute name="IntegralT" value="-493.000000" />
  <attribute name="IntegralI" value="-493.000000" />
  <attribute name="IntegralH" value="-493.000000" />
  <attribute name="DerivativeT" value="-0.879310" />
  <attribute name="DerivativeI" value="-0.879310" />
  <attribute name="DerivativeH" value="-0.879310" />
  <attribute name="Loop Time for DT" value="29.000000" />
  <attribute name="Output H" value="2092630016"/>
  <attribute name="Output I" value="200"/>
  <attribute name="Output T" value="4"/>
  <attribute name="Target GC Util Change" value ="20.000000" />
  <attribute name="Current GC Util Change" value="3.000000"/>
  <attribute name="GC Util currently" value="3" />
  <attribute name="CPU Util currently" value="159667860480" />
<allocation-satisfied id="633" threadId="0000000000D30500" bytesRequested="32" />
<af-end id="634" timestamp="2019-06-17T03:33:15.767" threadId="0000000000D30E88" success="true" from="nursery"/>
<exclusive-end id="635" timestamp="2019-06-17T03:33:15.767" durationms="1.234" />

<concurrent-kickoff id="636" timestamp="2019-06-17T03:33:15.782">
  <kickoff reason="threshold reached" targetBytes="1671556" thresholdFreeBytes="227376"  remainingFree="178232" tenureFreeBytes="592064" nurseryFreeBytes="178232" />
</concurrent-kickoff>
<exclusive-start id="637" timestamp="2019-06-17T03:33:15.783" intervalms="17.140">
  <response-info timems="0.188" idlems="0.101" threads="1" lastid="0000000000D2C900" lastname="Thread-3" />
</exclusive-start>
<cycle-start id="638" type="global" contextid="0" timestamp="2019-06-17T03:33:15.783" intervalms="258.040" />
<exclusive-end id="639" timestamp="2019-06-17T03:33:15.783" durationms="0.108" />

<exclusive-start id="640" timestamp="2019-06-17T03:33:15.787" intervalms="4.396">
  <response-info timems="0.023" idlems="0.023" threads="0" lastid="0000000000D34100" lastname="Thread-5" />
</exclusive-start>
<af-start id="641" threadId="0000000000D34A88" totalBytesRequested="32776" timestamp="2019-06-17T03:33:15.787" intervalms="21.526" type="nursery" />
<cycle-start id="642" type="scavenge" contextid="0" timestamp="2019-06-17T03:33:15.787" intervalms="21.515" />
<gc-start id="643" type="scavenge" contextid="642" timestamp="2019-06-17T03:33:15.787">
  <mem-info id="644" free="592064" total="10747904" percent="5">
    <mem type="nursery" free="0" total="4980736" percent="0">
      <mem type="allocate" free="0" total="3670016" percent="0" />
      <mem type="survivor" free="0" total="1310720" percent="0" />
    </mem>
    <mem type="tenure" free="592064" total="5767168" percent="10">
      <mem type="soa" free="343232" total="5479424" percent="6" />
      <mem type="loa" free="248832" total="287744" percent="86" />
    </mem>
    <remembered-set count="310" />
  </mem-info>
</gc-start>
<allocation-stats totalBytes="3026360" >
  <allocated-bytes non-tlh="65584" tlh="2960776" />
  <largest-consumer threadName="Thread-4" threadId="0000000000D30500" bytes="1002416" />
</allocation-stats>
<gc-op id="645" type="scavenge" timems="0.404" contextid="642" timestamp="2019-06-17T03:33:15.788">
  <scavenger-info tenureage="1" tenuremask="7ffe" tiltratio="73" />
  <memory-copied type="nursery" objects="2592" bytes="1079184" bytesdiscarded="191376" />
  <memory-copied type="tenure" objects="165" bytes="142328" bytesdiscarded="96" />
</gc-op>
<gc-end id="646" type="scavenge" contextid="642" durationms="0.583" usertimems="0.000" systemtimems="0.000" timestamp="2019-06-17T03:33:15.788" activeThreads="4">
  <mem-info id="647" free="2352176" total="10747904" percent="21">
    <mem type="nursery" free="1940608" total="4980736" percent="38">
      <mem type="allocate" free="1940608" total="3211264" percent="60" />
      <mem type="survivor" free="0" total="1769472" percent="0" />
    </mem>
    <mem type="tenure" free="411568" total="5767168" percent="7">
      <mem type="soa" free="162736" total="5479424" percent="2" />
      <mem type="loa" free="248832" total="287744" percent="86" />
    </mem>
    <remembered-set count="136" />
  </mem-info>
</gc-end>
<cycle-end id="648" type="scavenge" contextid="642" timestamp="2019-06-17T03:33:15.788" />
  <attribute name="elasticGC enabled" value="1" />
  <attribute name= "numThreadsSpecified" value="4" />
  <attribute name="heapSize specified" value="10223616" />
  <attribute name="Current GC Util" value="5" />
  <attribute name= "Current Time Running" value="2368" />
  <attribute name ="GC Interval" value="200" />
  <attribute name="ProportionalT" value="-22.500000" />
  <attribute name="ProportionalI" value="-22.500000" />
  <attribute name="ProportionalH" value="-22.500000" />
  <attribute name="Current Error" value="-15.000000" />
  <attribute name="IntegralT" value="-315.000000" />
  <attribute name="IntegralI" value="-315.000000" />
  <attribute name="IntegralH" value="-315.000000" />
  <attribute name="DerivativeT" value="-1.071429" />
  <attribute name="DerivativeI" value="-1.071429" />
  <attribute name="DerivativeH" value="-1.071429" />
  <attribute name="Loop Time for DT" value="21.000000" />
  <attribute name="Output H" value="2092630016"/>
  <attribute name="Output I" value="200"/>
  <attribute name="Output T" value="4"/>
  <attribute name="Target GC Util Change" value ="20.000000" />
  <attribute name="Current GC Util Change" value="5.000000"/>
  <attribute name="GC Util currently" value="5" />
  <attribute name="CPU Util currently" value="214495537455" />
<allocation-satisfied id="649" threadId="0000000000D34100" bytesRequested="32776" />
<af-end id="650" timestamp="2019-06-17T03:33:15.788" threadId="0000000000D34A88" success="true" from="nursery"/>
<exclusive-end id="651" timestamp="2019-06-17T03:33:15.788" durationms="1.008" />

<exclusive-start id="652" timestamp="2019-06-17T03:33:15.812" intervalms="24.687">
  <response-info timems="0.034" idlems="0.034" threads="0" lastid="0000000000D30500" lastname="Thread-4" />
</exclusive-start>
<af-start id="653" threadId="0000000000D30E88" totalBytesRequested="48" timestamp="2019-06-17T03:33:15.812" intervalms="24.694" type="nursery" />
<cycle-start id="654" type="scavenge" contextid="0" timestamp="2019-06-17T03:33:15.812" intervalms="24.701" />
<gc-start id="655" type="scavenge" contextid="654" timestamp="2019-06-17T03:33:15.812">
  <mem-info id="656" free="411568" total="10747904" percent="3">
    <mem type="nursery" free="0" total="4980736" percent="0">
      <mem type="allocate" free="0" total="3211264" percent="0" />
      <mem type="survivor" free="0" total="1769472" percent="0" />
    </mem>
    <mem type="tenure" free="411568" total="5767168" percent="7">
      <mem type="soa" free="162736" total="5479424" percent="2" />
      <mem type="loa" free="248832" total="287744" percent="86" />
    </mem>
    <remembered-set count="244" />
  </mem-info>
</gc-start>
<allocation-stats totalBytes="1901512" >
  <allocated-bytes non-tlh="32776" tlh="1868736" />
  <largest-consumer threadName="Thread-5" threadId="0000000000D34100" bytes="978440" />
</allocation-stats>
<gc-op id="657" type="scavenge" timems="0.988" contextid="654" timestamp="2019-06-17T03:33:15.813">
  <scavenger-info tenureage="1" tenuremask="7ffe" tiltratio="64" />
  <memory-copied type="nursery" objects="645" bytes="246192" bytesdiscarded="375880" />
  <memory-copied type="tenure" objects="1407" bytes="645168" bytesdiscarded="2376" />
  <references type="weak" candidates="1" cleared="0" enqueued="0" />
  <references type="phantom" candidates="1" cleared="0" enqueued="0" />
  <heap-resize type="expand" space="tenure" amount="524288" count="8" timems="0.098" reason="continue current collection" />
</gc-op>
<gc-end id="658" type="scavenge" contextid="654" durationms="1.217" usertimems="0.000" systemtimems="4.000" timestamp="2019-06-17T03:33:15.813" activeThreads="4">
  <mem-info id="659" free="3086784" total="11272192" percent="27">
    <mem type="nursery" free="2720232" total="4980736" percent="54">
      <mem type="allocate" free="2720232" total="3342336" percent="81" />
      <mem type="survivor" free="0" total="1638400" percent="0" />
    </mem>
    <mem type="tenure" free="366552" total="6291456" percent="5">
      <mem type="soa" free="52184" total="5977088" percent="0" />
      <mem type="loa" free="314368" total="314368" percent="100" />
    </mem>
    <remembered-set count="131" />
  </mem-info>
</gc-end>
<cycle-end id="660" type="scavenge" contextid="654" timestamp="2019-06-17T03:33:15.813" />
  <attribute name="elasticGC enabled" value="1" />
  <attribute name= "numThreadsSpecified" value="4" />
  <attribute name="heapSize specified" value="10223616" />
  <attribute name="Current GC Util" value="4" />
  <attribute name= "Current Time Running" value="2393" />
  <attribute name ="GC Interval" value="200" />
  <attribute name="ProportionalT" value="-24.000000" />
  <attribute name="ProportionalI" value="-24.000000" />
  <attribute name="ProportionalH" value="-24.000000" />
  <attribute name="Current Error" value="-16.000000" />
  <attribute name="IntegralT" value="-400.000000" />
  <attribute name="IntegralI" value="-400.000000" />
  <attribute name="IntegralH" value="-400.000000" />
  <attribute name="DerivativeT" value="-0.960000" />
  <attribute name="DerivativeI" value="-0.960000" />
  <attribute name="DerivativeH" value="-0.960000" />
  <attribute name="Loop Time for DT" value="25.000000" />
  <attribute name="Output H" value="2092630016"/>
  <attribute name="Output I" value="200"/>
  <attribute name="Output T" value="4"/>
  <attribute name="Target GC Util Change" value ="20.000000" />
  <attribute name="Current GC Util Change" value="4.000000"/>
  <attribute name="GC Util currently" value="4" />
  <attribute name="CPU Util currently" value="186549640544" />
<allocation-satisfied id="661" threadId="0000000000D30500" bytesRequested="48" />
<af-end id="662" timestamp="2019-06-17T03:33:15.813" threadId="0000000000D30E88" success="true" from="nursery"/>
<exclusive-end id="663" timestamp="2019-06-17T03:33:15.813" durationms="1.685" />

<exclusive-start id="664" timestamp="2019-06-17T03:33:15.814" intervalms="1.968">
  <response-info timems="0.174" idlems="0.174" threads="0" lastid="0000000000D37D00" lastname="Thread-6" />
</exclusive-start>
<concurrent-collection-start id="665" timestamp="2019-06-17T03:33:15.814" intervalms="277.312" >
  <concurrent-trace-info reason="card cleaning threshold reached" tracedByMutators="580948" tracedByHelpers="727492" cardsCleaned="165" workStackOverflowCount="0" />
</concurrent-collection-start>
<gc-start id="666" type="global" contextid="638" timestamp="2019-06-17T03:33:15.814">
  <mem-info id="667" free="2988432" total="11272192" percent="26">
    <mem type="nursery" free="2621880" total="4980736" percent="52">
      <mem type="allocate" free="2621880" total="3342336" percent="78" />
      <mem type="survivor" free="0" total="1638400" percent="0" />
    </mem>
    <mem type="tenure" free="366552" total="6291456" percent="5">
      <mem type="soa" free="52184" total="5977088" percent="0" />
      <mem type="loa" free="314368" total="314368" percent="100" />
    </mem>
    <remembered-set count="131" />
  </mem-info>
</gc-start>
<allocation-stats totalBytes="98352" >
  <allocated-bytes non-tlh="48" tlh="98304" />
  <largest-consumer threadName="Thread-5" threadId="0000000000D34100" bytes="65536" />
</allocation-stats>
<gc-op id="668" type="rs-scan" timems="0.853" contextid="638" timestamp="2019-06-17T03:33:15.815">
  <scan objectsFound="56" bytesTraced="4448" workStackOverflowCount="0" />
</gc-op>
<gc-op id="669" type="card-cleaning" timems="0.446" contextid="638" timestamp="2019-06-17T03:33:15.815">
  <card-cleaning cardsCleaned="7" bytesTraced="2944" workStackOverflowCount="0" />
</gc-op>
<gc-op id="670" type="mark" timems="1.221" contextid="638" timestamp="2019-06-17T03:33:15.817">
  <trace-info objectcount="1704" scancount="1478" scanbytes="254220" />
  <finalization candidates="25" enqueued="0" />
  <references type="soft" candidates="164" cleared="0" enqueued="0" dynamicThreshold="16" maxThreshold="32" />
  <references type="weak" candidates="238" cleared="0" enqueued="0" />
  <references type="phantom" candidates="70" cleared="0" enqueued="0" />
  <stringconstants candidates="3963" cleared="0"  />
</gc-op>
<gc-op id="671" type="sweep" timems="1.312" contextid="638" timestamp="2019-06-17T03:33:15.818" />
<mem-info id="672" free="6557200" total="11272192" percent="58">
  <mem type="nursery" free="3292784" total="4980736" percent="66">
    <mem type="allocate" free="3292784" total="3342336" percent="98" />
    <mem type="survivor" free="0" total="1638400" percent="0" />
  </mem>
  <mem type="tenure" free="3264416" total="6291456" percent="51" micro-fragmented="2322" macro-fragmented="0">
    <mem type="soa" free="2950048" total="5977088" percent="49" />
    <mem type="loa" free="314368" total="314368" percent="100" />
  </mem>
  <remembered-set count="131" />
</mem-info>
<gc-op id="673" type="compact" timems="7.482" contextid="638" timestamp="2019-06-17T03:33:15.826">
  <compact-info movecount="9935" movebytes="1068224" reason="compact to aid heap contraction" />
</gc-op>
<heap-resize id="674" type="contract" space="tenure" amount="262144" count="1" timems="0.077" reason="heap reconfiguration" timestamp="2019-06-17T03:33:15.826" />
<gc-end id="675" type="global" contextid="638" durationms="12.680" usertimems="8.000" systemtimems="8.000" timestamp="2019-06-17T03:33:15.826" activeThreads="4">
  <mem-info id="676" free="6248224" total="11010048" percent="56">
    <mem type="nursery" free="3293688" total="4980736" percent="66">
      <mem type="allocate" free="3293688" total="3342336" percent="98" />
      <mem type="survivor" free="0" total="1638400" percent="0" />
    </mem>
    <mem type="tenure" free="2954536" total="6029312" percent="49">
      <mem type="soa" free="2705704" total="5728256" percent="47" />
      <mem type="loa" free="248832" total="301056" percent="82" />
    </mem>
    <remembered-set count="131" />
  </mem-info>
</gc-end>
<cycle-end id="677" type="global" contextid="638" timestamp="2019-06-17T03:33:15.827" />
  <attribute name="elasticGC enabled" value="1" />
  <attribute name= "numThreadsSpecified" value="4" />
  <attribute name="heapSize specified" value="11272192" />
  <attribute name="Current GC Util" value="66" />
  <attribute name= "Current Time Running" value="2407" />
  <attribute name ="GC Interval" value="200" />
  <attribute name="ProportionalT" value="69.000000" />
  <attribute name="ProportionalI" value="69.000000" />
  <attribute name="ProportionalH" value="69.000000" />
  <attribute name="Current Error" value="46.000000" />
  <attribute name="IntegralT" value="368.000000" />
  <attribute name="IntegralI" value="368.000000" />
  <attribute name="IntegralH" value="368.000000" />
  <attribute name="DerivativeT" value="-12.750000" />
  <attribute name="DerivativeI" value="-12.750000" />
  <attribute name="DerivativeH" value="-12.750000" />
  <attribute name="Loop Time for DT" value="8.000000" />
  <attribute name="Output H" value="8388608"/>
  <attribute name="Output I" value="424"/>
  <attribute name="Output T" value="4"/>
  <attribute name="Target GC Util Change" value ="20.000000" />
  <attribute name="Current GC Util Change" value="66.000000"/>
  <attribute name="GC Util currently" value="66" />
  <attribute name="CPU Util currently" value="604261224482" />
<concurrent-collection-end id="678" timestamp="2019-06-17T03:33:15.827" />
<exclusive-end id="679" timestamp="2019-06-17T03:33:15.827" durationms="13.149" />

<exclusive-start id="680" timestamp="2019-06-17T03:33:15.866" intervalms="52.012">
  <response-info timems="0.047" idlems="0.028" threads="1" lastid="0000000000D37D00" lastname="Thread-6" />
</exclusive-start>
<af-start id="681" threadId="0000000000D2D288" totalBytesRequested="16" timestamp="2019-06-17T03:33:15.866" intervalms="53.978" type="nursery" />
<cycle-start id="682" type="scavenge" contextid="0" timestamp="2019-06-17T03:33:15.866" intervalms="53.965" />
<gc-start id="683" type="scavenge" contextid="682" timestamp="2019-06-17T03:33:15.866">
  <mem-info id="684" free="2954536" total="11010048" percent="26">
    <mem type="nursery" free="0" total="4980736" percent="0">
      <mem type="allocate" free="0" total="3342336" percent="0" />
      <mem type="survivor" free="0" total="1638400" percent="0" />
    </mem>
    <mem type="tenure" free="2954536" total="6029312" percent="49">
      <mem type="soa" free="2705704" total="5728256" percent="47" />
      <mem type="loa" free="248832" total="301056" percent="82" />
    </mem>
    <remembered-set count="361" />
  </mem-info>
</gc-start>
<allocation-stats totalBytes="3260976" >
  <allocated-bytes non-tlh="196664" tlh="3064312" />
  <largest-consumer threadName="Thread-4" threadId="0000000000D30500" bytes="1378712" />
</allocation-stats>
<gc-op id="685" type="scavenge" timems="0.380" contextid="682" timestamp="2019-06-17T03:33:15.866">
  <scavenger-info tenureage="2" tenuremask="7ffc" tiltratio="67" />
  <memory-copied type="nursery" objects="2816" bytes="1079928" bytesdiscarded="262440" />
</gc-op>
<gc-end id="686" type="scavenge" contextid="682" durationms="0.543" usertimems="4.000" systemtimems="0.000" timestamp="2019-06-17T03:33:15.866" activeThreads="4">
  <mem-info id="687" free="4561208" total="11010048" percent="41">
    <mem type="nursery" free="1606672" total="4980736" percent="32">
      <mem type="allocate" free="1606672" total="2949120" percent="54" />
      <mem type="survivor" free="0" total="2031616" percent="0" />
    </mem>
    <mem type="tenure" free="2954536" total="6029312" percent="49">
      <mem type="soa" free="2705704" total="5728256" percent="47" />
      <mem type="loa" free="248832" total="301056" percent="82" />
    </mem>
    <remembered-set count="163" />
  </mem-info>
</gc-end>
<cycle-end id="688" type="scavenge" contextid="682" timestamp="2019-06-17T03:33:15.866" />
  <attribute name="elasticGC enabled" value="1" />
  <attribute name= "numThreadsSpecified" value="4" />
  <attribute name="heapSize specified" value="11272192" />
  <attribute name="Current GC Util" value="14" />
  <attribute name= "Current Time Running" value="2447" />
  <attribute name ="GC Interval" value="200" />
  <attribute name="ProportionalT" value="-9.000000" />
  <attribute name="ProportionalI" value="-9.000000" />
  <attribute name="ProportionalH" value="-9.000000" />
  <attribute name="Current Error" value="-6.000000" />
  <attribute name="IntegralT" value="-240.000000" />
  <attribute name="IntegralI" value="-240.000000" />
  <attribute name="IntegralH" value="-240.000000" />
  <attribute name="DerivativeT" value="-1.950000" />
  <attribute name="DerivativeI" value="-1.950000" />
  <attribute name="DerivativeH" value="-1.950000" />
  <attribute name="Loop Time for DT" value="40.000000" />
  <attribute name="Output H" value="2092630016"/>
  <attribute name="Output I" value="200"/>
  <attribute name="Output T" value="4"/>
  <attribute name="Target GC Util Change" value ="20.000000" />
  <attribute name="Current GC Util Change" value="14.000000"/>
  <attribute name="GC Util currently" value="14" />
  <attribute name="CPU Util currently" value="114845616292" />
<allocation-satisfied id="689" threadId="0000000000D2C900" bytesRequested="16" />
<af-end id="690" timestamp="2019-06-17T03:33:15.867" threadId="0000000000D2D288" success="true" from="nursery"/>
<exclusive-end id="691" timestamp="2019-06-17T03:33:15.867" durationms="0.920" />

<exclusive-start id="692" timestamp="2019-06-17T03:33:15.892" intervalms="26.126">
  <response-info timems="0.040" idlems="0.040" threads="0" lastid="0000000000D34100" lastname="Thread-5" />
</exclusive-start>
<af-start id="693" threadId="0000000000D34A88" totalBytesRequested="16392" timestamp="2019-06-17T03:33:15.892" intervalms="26.191" type="nursery" />
<cycle-start id="694" type="scavenge" contextid="0" timestamp="2019-06-17T03:33:15.892" intervalms="26.220" />
<gc-start id="695" type="scavenge" contextid="694" timestamp="2019-06-17T03:33:15.893">
  <mem-info id="696" free="2954536" total="11010048" percent="26">
    <mem type="nursery" free="0" total="4980736" percent="0">
      <mem type="allocate" free="0" total="2949120" percent="0" />
      <mem type="survivor" free="0" total="2031616" percent="0" />
    </mem>
    <mem type="tenure" free="2954536" total="6029312" percent="49">
      <mem type="soa" free="2705704" total="5728256" percent="47" />
      <mem type="loa" free="248832" total="301056" percent="82" />
    </mem>
    <remembered-set count="267" />
  </mem-info>
</gc-start>
<allocation-stats totalBytes="1516952" >
  <allocated-bytes non-tlh="65568" tlh="1451384" />
  <largest-consumer threadName="Thread-6" threadId="0000000000D37D00" bytes="675608" />
</allocation-stats>
<gc-op id="697" type="scavenge" timems="0.334" contextid="694" timestamp="2019-06-17T03:33:15.893">
  <scavenger-info tenureage="1" tenuremask="7ffe" tiltratio="59" />
  <memory-copied type="nursery" objects="266" bytes="239896" bytesdiscarded="84472" />
  <memory-copied type="tenure" objects="147" bytes="79072" bytesdiscarded="192" />
  <references type="weak" candidates="2" cleared="0" enqueued="0" />
  <references type="phantom" candidates="3" cleared="0" enqueued="0" />
</gc-op>
<gc-end id="698" type="scavenge" contextid="694" durationms="0.699" usertimems="4.000" systemtimems="0.000" timestamp="2019-06-17T03:33:15.893" activeThreads="4">
  <mem-info id="699" free="5439408" total="11010048" percent="49">
    <mem type="nursery" free="2821328" total="4980736" percent="56">
      <mem type="allocate" free="2821328" total="3145728" percent="89" />
      <mem type="survivor" free="0" total="1835008" percent="0" />
    </mem>
    <mem type="tenure" free="2618080" total="6029312" percent="43">
      <mem type="soa" free="2369248" total="5728256" percent="41" />
      <mem type="loa" free="248832" total="301056" percent="82" />
    </mem>
    <remembered-set count="80" />
  </mem-info>
</gc-end>
<cycle-end id="700" type="scavenge" contextid="694" timestamp="2019-06-17T03:33:15.893" />
  <attribute name="elasticGC enabled" value="1" />
  <attribute name= "numThreadsSpecified" value="4" />
  <attribute name="heapSize specified" value="11272192" />
  <attribute name="Current GC Util" value="4" />
  <attribute name= "Current Time Running" value="2474" />
  <attribute name ="GC Interval" value="200" />
  <attribute name="ProportionalT" value="-24.000000" />
  <attribute name="ProportionalI" value="-24.000000" />
  <attribute name="ProportionalH" value="-24.000000" />
  <attribute name="Current Error" value="-16.000000" />
  <attribute name="IntegralT" value="-432.000000" />
  <attribute name="IntegralI" value="-432.000000" />
  <attribute name="IntegralH" value="-432.000000" />
  <attribute name="DerivativeT" value="-0.888889" />
  <attribute name="DerivativeI" value="-0.888889" />
  <attribute name="DerivativeH" value="-0.888889" />
  <attribute name="Loop Time for DT" value="27.000000" />
  <attribute name="Output H" value="2092630016"/>
  <attribute name="Output I" value="200"/>
  <attribute name="Output T" value="4"/>
  <attribute name="Target GC Util Change" value ="20.000000" />
  <attribute name="Current GC Util Change" value="4.000000"/>
  <attribute name="GC Util currently" value="4" />
  <attribute name="CPU Util currently" value="172218753730" />
<allocation-satisfied id="701" threadId="0000000000D34100" bytesRequested="16392" />
<af-end id="702" timestamp="2019-06-17T03:33:15.894" threadId="0000000000D34A88" success="true" from="nursery"/>
<exclusive-end id="703" timestamp="2019-06-17T03:33:15.894" durationms="1.816" />

<exclusive-start id="704" timestamp="2019-06-17T03:33:15.911" intervalms="19.587">
  <response-info timems="0.051" idlems="0.028" threads="1" lastid="0000000000D2C900" lastname="Thread-3" />
</exclusive-start>
<af-start id="705" threadId="0000000000D30E88" totalBytesRequested="32776" timestamp="2019-06-17T03:33:15.911" intervalms="19.533" type="nursery" />
<cycle-start id="706" type="scavenge" contextid="0" timestamp="2019-06-17T03:33:15.912" intervalms="19.520" />
<gc-start id="707" type="scavenge" contextid="706" timestamp="2019-06-17T03:33:15.912">
  <mem-info id="708" free="2618080" total="11010048" percent="23">
    <mem type="nursery" free="0" total="4980736" percent="0">
      <mem type="allocate" free="0" total="3145728" percent="0" />
      <mem type="survivor" free="0" total="1835008" percent="0" />
    </mem>
    <mem type="tenure" free="2618080" total="6029312" percent="43">
      <mem type="soa" free="2369248" total="5728256" percent="41" />
      <mem type="loa" free="248832" total="301056" percent="82" />
    </mem>
    <remembered-set count="256" />
  </mem-info>
</gc-start>
<allocation-stats totalBytes="2745760" >
  <allocated-bytes non-tlh="81944" tlh="2663816" />
  <largest-consumer threadName="Thread-3" threadId="0000000000D2C900" bytes="1106688" />
</allocation-stats>
<gc-op id="709" type="scavenge" timems="0.757" contextid="706" timestamp="2019-06-17T03:33:15.912">
  <scavenger-info tenureage="2" tenuremask="7ffc" tiltratio="63" />
  <memory-copied type="nursery" objects="2513" bytes="1017904" bytesdiscarded="73808" />
  <references type="phantom" candidates="1" cleared="0" enqueued="0" />
</gc-op>
<gc-end id="710" type="scavenge" contextid="706" durationms="0.958" usertimems="0.000" systemtimems="4.000" timestamp="2019-06-17T03:33:15.913" activeThreads="4">
  <mem-info id="711" free="4540952" total="11010048" percent="41">
    <mem type="nursery" free="1922872" total="4980736" percent="38">
      <mem type="allocate" free="1922872" total="3014656" percent="63" />
      <mem type="survivor" free="0" total="1966080" percent="0" />
    </mem>
    <mem type="tenure" free="2618080" total="6029312" percent="43">
      <mem type="soa" free="2369248" total="5728256" percent="41" />
      <mem type="loa" free="248832" total="301056" percent="82" />
    </mem>
    <remembered-set count="108" />
  </mem-info>
</gc-end>
<cycle-end id="712" type="scavenge" contextid="706" timestamp="2019-06-17T03:33:15.913" />
  <attribute name="elasticGC enabled" value="1" />
  <attribute name= "numThreadsSpecified" value="4" />
  <attribute name="heapSize specified" value="11272192" />
  <attribute name="Current GC Util" value="4" />
  <attribute name= "Current Time Running" value="2493" />
  <attribute name ="GC Interval" value="200" />
  <attribute name="ProportionalT" value="-24.000000" />
  <attribute name="ProportionalI" value="-24.000000" />
  <attribute name="ProportionalH" value="-24.000000" />
  <attribute name="Current Error" value="-16.000000" />
  <attribute name="IntegralT" value="-304.000000" />
  <attribute name="IntegralI" value="-304.000000" />
  <attribute name="IntegralH" value="-304.000000" />
  <attribute name="DerivativeT" value="-1.263158" />
  <attribute name="DerivativeI" value="-1.263158" />
  <attribute name="DerivativeH" value="-1.263158" />
  <attribute name="Loop Time for DT" value="19.000000" />
  <attribute name="Output H" value="2092630016"/>
  <attribute name="Output I" value="200"/>
  <attribute name="Output T" value="4"/>
  <attribute name="Target GC Util Change" value ="20.000000" />
  <attribute name="Current GC Util Change" value="4.000000"/>
  <attribute name="GC Util currently" value="4" />
  <attribute name="CPU Util currently" value="242762787284" />
<allocation-satisfied id="713" threadId="0000000000D30500" bytesRequested="32776" />
<af-end id="714" timestamp="2019-06-17T03:33:15.913" threadId="0000000000D30E88" success="true" from="nursery"/>
<exclusive-end id="715" timestamp="2019-06-17T03:33:15.913" durationms="1.457" />

<exclusive-start id="716" timestamp="2019-06-17T03:33:15.933" intervalms="21.584">
  <response-info timems="0.052" idlems="0.052" threads="0" lastid="0000000000D2C900" lastname="Thread-3" />
</exclusive-start>
<af-start id="717" threadId="0000000000D2D288" totalBytesRequested="2056" timestamp="2019-06-17T03:33:15.933" intervalms="21.574" type="nursery" />
<cycle-start id="718" type="scavenge" contextid="0" timestamp="2019-06-17T03:33:15.933" intervalms="21.572" />
<gc-start id="719" type="scavenge" contextid="718" timestamp="2019-06-17T03:33:15.933">
  <mem-info id="720" free="2618080" total="11010048" percent="23">
    <mem type="nursery" free="0" total="4980736" percent="0">
      <mem type="allocate" free="0" total="3014656" percent="0" />
      <mem type="survivor" free="0" total="1966080" percent="0" />
    </mem>
    <mem type="tenure" free="2618080" total="6029312" percent="43">
      <mem type="soa" free="2369248" total="5728256" percent="41" />
      <mem type="loa" free="248832" total="301056" percent="82" />
    </mem>
    <remembered-set count="225" />
  </mem-info>
</gc-start>
<allocation-stats totalBytes="1901528" >
  <allocated-bytes non-tlh="32776" tlh="1868752" />
  <largest-consumer threadName="Thread-4" threadId="0000000000D30500" bytes="1028824" />
</allocation-stats>
<gc-op id="721" type="scavenge" timems="0.416" contextid="718" timestamp="2019-06-17T03:33:15.934">
  <scavenger-info tenureage="1" tenuremask="7ffe" tiltratio="60" />
  <memory-copied type="nursery" objects="583" bytes="230000" bytesdiscarded="211632" />
  <memory-copied type="tenure" objects="1340" bytes="587168" bytesdiscarded="1544" />
  <references type="phantom" candidates="1" cleared="0" enqueued="0" />
</gc-op>
<gc-end id="722" type="scavenge" contextid="718" durationms="0.584" usertimems="0.000" systemtimems="0.000" timestamp="2019-06-17T03:33:15.934" activeThreads="4">
  <mem-info id="723" free="4703672" total="11010048" percent="42">
    <mem type="nursery" free="2769608" total="4980736" percent="55">
      <mem type="allocate" free="2769608" total="3211264" percent="86" />
      <mem type="survivor" free="0" total="1769472" percent="0" />
    </mem>
    <mem type="tenure" free="1934064" total="6029312" percent="32">
      <mem type="soa" free="1685232" total="5728256" percent="29" />
      <mem type="loa" free="248832" total="301056" percent="82" />
    </mem>
    <remembered-set count="133" />
  </mem-info>
</gc-end>
<cycle-end id="724" type="scavenge" contextid="718" timestamp="2019-06-17T03:33:15.934" />
  <attribute name="elasticGC enabled" value="1" />
  <attribute name= "numThreadsSpecified" value="4" />
  <attribute name="heapSize specified" value="11272192" />
  <attribute name="Current GC Util" value="6" />
  <attribute name= "Current Time Running" value="2514" />
  <attribute name ="GC Interval" value="200" />
  <attribute name="ProportionalT" value="-21.000000" />
  <attribute name="ProportionalI" value="-21.000000" />
  <attribute name="ProportionalH" value="-21.000000" />
  <attribute name="Current Error" value="-14.000000" />
  <attribute name="IntegralT" value="-294.000000" />
  <attribute name="IntegralI" value="-294.000000" />
  <attribute name="IntegralH" value="-294.000000" />
  <attribute name="DerivativeT" value="-1.000000" />
  <attribute name="DerivativeI" value="-1.000000" />
  <attribute name="DerivativeH" value="-1.000000" />
  <attribute name="Loop Time for DT" value="21.000000" />
  <attribute name="Output H" value="2092630016"/>
  <attribute name="Output I" value="200"/>
  <attribute name="Output T" value="4"/>
  <attribute name="Target GC Util Change" value ="20.000000" />
  <attribute name="Current GC Util Change" value="6.000000"/>
  <attribute name="GC Util currently" value="6" />
  <attribute name="CPU Util currently" value="214035255338" />
<allocation-satisfied id="725" threadId="0000000000D2C900" bytesRequested="2056" />
<af-end id="726" timestamp="2019-06-17T03:33:15.934" threadId="0000000000D2D288" success="true" from="nursery"/>
<exclusive-end id="727" timestamp="2019-06-17T03:33:15.934" durationms="0.986" />

<exclusive-start id="728" timestamp="2019-06-17T03:33:15.960" intervalms="26.653">
  <response-info timems="0.041" idlems="0.041" threads="0" lastid="0000000000D2C900" lastname="Thread-3" />
</exclusive-start>
<af-start id="729" threadId="0000000000D2D288" totalBytesRequested="2056" timestamp="2019-06-17T03:33:15.960" intervalms="26.649" type="nursery" />
<cycle-start id="730" type="scavenge" contextid="0" timestamp="2019-06-17T03:33:15.960" intervalms="26.633" />
<gc-start id="731" type="scavenge" contextid="730" timestamp="2019-06-17T03:33:15.960">
  <mem-info id="732" free="1934064" total="11010048" percent="17">
    <mem type="nursery" free="0" total="4980736" percent="0">
      <mem type="allocate" free="0" total="3211264" percent="0" />
      <mem type="survivor" free="0" total="1769472" percent="0" />
    </mem>
    <mem type="tenure" free="1934064" total="6029312" percent="32">
      <mem type="soa" free="1685232" total="5728256" percent="29" />
      <mem type="loa" free="248832" total="301056" percent="82" />
    </mem>
    <remembered-set count="325" />
  </mem-info>
</gc-start>
<allocation-stats totalBytes="2725760" >
  <allocated-bytes non-tlh="34832" tlh="2690928" />
  <largest-consumer threadName="Thread-4" threadId="0000000000D30500" bytes="1034336" />
</allocation-stats>
<gc-op id="733" type="scavenge" timems="0.378" contextid="730" timestamp="2019-06-17T03:33:15.960">
  <scavenger-info tenureage="2" tenuremask="7ffc" tiltratio="64" />
  <memory-copied type="nursery" objects="2582" bytes="1012424" bytesdiscarded="131464" />
  <references type="phantom" candidates="1" cleared="0" enqueued="0" />
</gc-op>
<gc-end id="734" type="scavenge" contextid="730" durationms="0.543" usertimems="0.000" systemtimems="0.000" timestamp="2019-06-17T03:33:15.960" activeThreads="4">
  <mem-info id="735" free="3804744" total="11010048" percent="34">
    <mem type="nursery" free="1870680" total="4980736" percent="37">
      <mem type="allocate" free="1870680" total="3014656" percent="62" />
      <mem type="survivor" free="0" total="1966080" percent="0" />
    </mem>
    <mem type="tenure" free="1934064" total="6029312" percent="32">
      <mem type="soa" free="1685232" total="5728256" percent="29" />
      <mem type="loa" free="248832" total="301056" percent="82" />
    </mem>
    <remembered-set count="159" />
  </mem-info>
</gc-end>
<cycle-end id="736" type="scavenge" contextid="730" timestamp="2019-06-17T03:33:15.960" />
  <attribute name="elasticGC enabled" value="1" />
  <attribute name= "numThreadsSpecified" value="4" />
  <attribute name="heapSize specified" value="11272192" />
  <attribute name="Current GC Util" value="4" />
  <attribute name= "Current Time Running" value="2541" />
  <attribute name ="GC Interval" value="200" />
  <attribute name="ProportionalT" value="-24.000000" />
  <attribute name="ProportionalI" value="-24.000000" />
  <attribute name="ProportionalH" value="-24.000000" />
  <attribute name="Current Error" value="-16.000000" />
  <attribute name="IntegralT" value="-432.000000" />
  <attribute name="IntegralI" value="-432.000000" />
  <attribute name="IntegralH" value="-432.000000" />
  <attribute name="DerivativeT" value="-0.888889" />
  <attribute name="DerivativeI" value="-0.888889" />
  <attribute name="DerivativeH" value="-0.888889" />
  <attribute name="Loop Time for DT" value="27.000000" />
  <attribute name="Output H" value="2092630016"/>
  <attribute name="Output I" value="200"/>
  <attribute name="Output T" value="4"/>
  <attribute name="Target GC Util Change" value ="20.000000" />
  <attribute name="Current GC Util Change" value="4.000000"/>
  <attribute name="GC Util currently" value="4" />
  <attribute name="CPU Util currently" value="173231109577" />
<allocation-satisfied id="737" threadId="0000000000D2C900" bytesRequested="2056" />
<af-end id="738" timestamp="2019-06-17T03:33:15.961" threadId="0000000000D2D288" success="true" from="nursery"/>
<exclusive-end id="739" timestamp="2019-06-17T03:33:15.961" durationms="0.915" />

<exclusive-start id="740" timestamp="2019-06-17T03:33:15.976" intervalms="16.599">
  <response-info timems="0.029" idlems="0.029" threads="0" lastid="0000000000D30500" lastname="Thread-4" />
</exclusive-start>
<af-start id="741" threadId="0000000000D30E88" totalBytesRequested="16392" timestamp="2019-06-17T03:33:15.976" intervalms="16.620" type="nursery" />
<cycle-start id="742" type="scavenge" contextid="0" timestamp="2019-06-17T03:33:15.976" intervalms="16.637" />
<gc-start id="743" type="scavenge" contextid="742" timestamp="2019-06-17T03:33:15.976">
  <mem-info id="744" free="1934064" total="11010048" percent="17">
    <mem type="nursery" free="0" total="4980736" percent="0">
      <mem type="allocate" free="0" total="3014656" percent="0" />
      <mem type="survivor" free="0" total="1966080" percent="0" />
    </mem>
    <mem type="tenure" free="1934064" total="6029312" percent="32">
      <mem type="soa" free="1685232" total="5728256" percent="29" />
      <mem type="loa" free="248832" total="301056" percent="82" />
    </mem>
    <remembered-set count="309" />
  </mem-info>
</gc-start>
<allocation-stats totalBytes="1796464" >
  <allocated-bytes non-tlh="67608" tlh="1728856" />
  <largest-consumer threadName="Thread-6" threadId="0000000000D37D00" bytes="833680" />
</allocation-stats>
<gc-op id="745" type="scavenge" timems="1.034" contextid="742" timestamp="2019-06-17T03:33:15.978">
  <scavenger-info tenureage="1" tenuremask="7ffe" tiltratio="60" />
  <memory-copied type="nursery" objects="1358" bytes="479736" bytesdiscarded="176944" />
  <memory-copied type="tenure" objects="888" bytes="382384" bytesdiscarded="504" />
  <references type="weak" candidates="1" cleared="0" enqueued="0" />
  <references type="phantom" candidates="1" cleared="0" enqueued="0" />
</gc-op>
<gc-end id="746" type="scavenge" contextid="742" durationms="1.241" usertimems="0.000" systemtimems="0.000" timestamp="2019-06-17T03:33:15.978" activeThreads="4">
  <mem-info id="747" free="4019600" total="11010048" percent="36">
    <mem type="nursery" free="2554552" total="4980736" percent="51">
      <mem type="allocate" free="2554552" total="3211264" percent="79" />
      <mem type="survivor" free="0" total="1769472" percent="0" />
    </mem>
    <mem type="tenure" free="1465048" total="6029312" percent="24">
      <mem type="soa" free="1216216" total="5728256" percent="21" />
      <mem type="loa" free="248832" total="301056" percent="82" />
    </mem>
    <remembered-set count="114" />
  </mem-info>
</gc-end>
<cycle-end id="748" type="scavenge" contextid="742" timestamp="2019-06-17T03:33:15.978" />
  <attribute name="elasticGC enabled" value="1" />
  <attribute name= "numThreadsSpecified" value="4" />
  <attribute name="heapSize specified" value="11272192" />
  <attribute name="Current GC Util" value="6" />
  <attribute name= "Current Time Running" value="2558" />
  <attribute name ="GC Interval" value="200" />
  <attribute name="ProportionalT" value="-21.000000" />
  <attribute name="ProportionalI" value="-21.000000" />
  <attribute name="ProportionalH" value="-21.000000" />
  <attribute name="Current Error" value="-14.000000" />
  <attribute name="IntegralT" value="-238.000000" />
  <attribute name="IntegralI" value="-238.000000" />
  <attribute name="IntegralH" value="-238.000000" />
  <attribute name="DerivativeT" value="-1.235294" />
  <attribute name="DerivativeI" value="-1.235294" />
  <attribute name="DerivativeH" value="-1.235294" />
  <attribute name="Loop Time for DT" value="17.000000" />
  <attribute name="Output H" value="2092630016"/>
  <attribute name="Output I" value="200"/>
  <attribute name="Output T" value="4"/>
  <attribute name="Target GC Util Change" value ="20.000000" />
  <attribute name="Current GC Util Change" value="6.000000"/>
  <attribute name="GC Util currently" value="6" />
  <attribute name="CPU Util currently" value="276548052824" />
<allocation-satisfied id="749" threadId="0000000000D30500" bytesRequested="16392" />
<af-end id="750" timestamp="2019-06-17T03:33:15.978" threadId="0000000000D30E88" success="true" from="nursery"/>
<exclusive-end id="751" timestamp="2019-06-17T03:33:15.978" durationms="1.806" />

<exclusive-start id="752" timestamp="2019-06-17T03:33:16.000" intervalms="23.924">
  <response-info timems="0.034" idlems="0.034" threads="0" lastid="0000000000D34100" lastname="Thread-5" />
</exclusive-start>
<af-start id="753" threadId="0000000000D34A88" totalBytesRequested="48" timestamp="2019-06-17T03:33:16.000" intervalms="23.912" type="nursery" />
<cycle-start id="754" type="scavenge" contextid="0" timestamp="2019-06-17T03:33:16.000" intervalms="23.904" />
<gc-start id="755" type="scavenge" contextid="754" timestamp="2019-06-17T03:33:16.000">
  <mem-info id="756" free="1465048" total="11010048" percent="13">
    <mem type="nursery" free="0" total="4980736" percent="0">
      <mem type="allocate" free="0" total="3211264" percent="0" />
      <mem type="survivor" free="0" total="1769472" percent="0" />
    </mem>
    <mem type="tenure" free="1465048" total="6029312" percent="24">
      <mem type="soa" free="1216216" total="5728256" percent="21" />
      <mem type="loa" free="248832" total="301056" percent="82" />
    </mem>
    <remembered-set count="267" />
  </mem-info>
</gc-start>
<allocation-stats totalBytes="2520096" >
  <allocated-bytes non-tlh="114720" tlh="2405376" />
  <largest-consumer threadName="Thread-6" threadId="0000000000D37D00" bytes="965768" />
</allocation-stats>
<gc-op id="757" type="scavenge" timems="0.371" contextid="754" timestamp="2019-06-17T03:33:16.001">
  <scavenger-info tenureage="1" tenuremask="7ffe" tiltratio="64" />
  <memory-copied type="nursery" objects="1778" bytes="694488" bytesdiscarded="258408" />
  <memory-copied type="tenure" objects="41" bytes="18864" bytesdiscarded="0" />
  <references type="phantom" candidates="1" cleared="0" enqueued="0" />
</gc-op>
<gc-end id="758" type="scavenge" contextid="754" durationms="0.554" usertimems="0.000" systemtimems="0.000" timestamp="2019-06-17T03:33:16.001" activeThreads="4">
  <mem-info id="759" free="3854432" total="11010048" percent="35">
    <mem type="nursery" free="2389384" total="4980736" percent="47">
      <mem type="allocate" free="2389384" total="3342336" percent="71" />
      <mem type="survivor" free="0" total="1638400" percent="0" />
    </mem>
    <mem type="tenure" free="1465048" total="6029312" percent="24">
      <mem type="soa" free="1216216" total="5728256" percent="21" />
      <mem type="loa" free="248832" total="301056" percent="82" />
    </mem>
    <remembered-set count="128" />
  </mem-info>
</gc-end>
<cycle-end id="760" type="scavenge" contextid="754" timestamp="2019-06-17T03:33:16.001" />
  <attribute name="elasticGC enabled" value="1" />
  <attribute name= "numThreadsSpecified" value="4" />
  <attribute name="heapSize specified" value="11272192" />
  <attribute name="Current GC Util" value="8" />
  <attribute name= "Current Time Running" value="2582" />
  <attribute name ="GC Interval" value="200" />
  <attribute name="ProportionalT" value="-18.000000" />
  <attribute name="ProportionalI" value="-18.000000" />
  <attribute name="ProportionalH" value="-18.000000" />
  <attribute name="Current Error" value="-12.000000" />
  <attribute name="IntegralT" value="-288.000000" />
  <attribute name="IntegralI" value="-288.000000" />
  <attribute name="IntegralH" value="-288.000000" />
  <attribute name="DerivativeT" value="-0.750000" />
  <attribute name="DerivativeI" value="-0.750000" />
  <attribute name="DerivativeH" value="-0.750000" />
  <attribute name="Loop Time for DT" value="24.000000" />
  <attribute name="Output H" value="2092630016"/>
  <attribute name="Output I" value="200"/>
  <attribute name="Output T" value="4"/>
  <attribute name="Target GC Util Change" value ="20.000000" />
  <attribute name="Current GC Util Change" value="8.000000"/>
  <attribute name="GC Util currently" value="8" />
  <attribute name="CPU Util currently" value="193039829817" />
<allocation-satisfied id="761" threadId="0000000000D34100" bytesRequested="48" />
<af-end id="762" timestamp="2019-06-17T03:33:16.001" threadId="0000000000D34A88" success="true" from="nursery"/>
<exclusive-end id="763" timestamp="2019-06-17T03:33:16.001" durationms="0.996" />

<exclusive-start id="764" timestamp="2019-06-17T03:33:16.032" intervalms="31.460">
  <response-info timems="0.086" idlems="0.086" threads="0" lastid="0000000000D30500" lastname="Thread-4" />
</exclusive-start>
<af-start id="765" threadId="0000000000D30E88" totalBytesRequested="32" timestamp="2019-06-17T03:33:16.032" intervalms="31.461" type="nursery" />
<cycle-start id="766" type="scavenge" contextid="0" timestamp="2019-06-17T03:33:16.032" intervalms="31.455" />
<gc-start id="767" type="scavenge" contextid="766" timestamp="2019-06-17T03:33:16.032">
  <mem-info id="768" free="1465048" total="11010048" percent="13">
    <mem type="nursery" free="0" total="4980736" percent="0">
      <mem type="allocate" free="0" total="3342336" percent="0" />
      <mem type="survivor" free="0" total="1638400" percent="0" />
    </mem>
    <mem type="tenure" free="1465048" total="6029312" percent="24">
      <mem type="soa" free="1216216" total="5728256" percent="21" />
      <mem type="loa" free="248832" total="301056" percent="82" />
    </mem>
    <remembered-set count="299" />
  </mem-info>
</gc-start>
<allocation-stats totalBytes="2387016" >
  <allocated-bytes non-tlh="32824" tlh="2354192" />
  <largest-consumer threadName="Thread-3" threadId="0000000000D2C900" bytes="920168" />
</allocation-stats>
<gc-op id="769" type="scavenge" timems="0.440" contextid="766" timestamp="2019-06-17T03:33:16.032">
  <scavenger-info tenureage="1" tenuremask="7ffe" tiltratio="67" />
  <memory-copied type="nursery" objects="1893" bytes="767872" bytesdiscarded="316792" />
  <memory-copied type="tenure" objects="680" bytes="271544" bytesdiscarded="280" />
</gc-op>
<gc-end id="770" type="scavenge" contextid="766" durationms="0.621" usertimems="0.000" systemtimems="0.000" timestamp="2019-06-17T03:33:16.032" activeThreads="4">
  <mem-info id="771" free="3654440" total="11010048" percent="33">
    <mem type="nursery" free="2388688" total="4980736" percent="47">
      <mem type="allocate" free="2388688" total="3473408" percent="68" />
      <mem type="survivor" free="0" total="1507328" percent="0" />
    </mem>
    <mem type="tenure" free="1265752" total="6029312" percent="20">
      <mem type="soa" free="1016920" total="5728256" percent="17" />
      <mem type="loa" free="248832" total="301056" percent="82" />
    </mem>
    <remembered-set count="136" />
  </mem-info>
</gc-end>
<cycle-end id="772" type="scavenge" contextid="766" timestamp="2019-06-17T03:33:16.032" />
  <attribute name="elasticGC enabled" value="1" />
  <attribute name= "numThreadsSpecified" value="4" />
  <attribute name="heapSize specified" value="11272192" />
  <attribute name="Current GC Util" value="3" />
  <attribute name= "Current Time Running" value="2613" />
  <attribute name ="GC Interval" value="200" />
  <attribute name="ProportionalT" value="-25.500000" />
  <attribute name="ProportionalI" value="-25.500000" />
  <attribute name="ProportionalH" value="-25.500000" />
  <attribute name="Current Error" value="-17.000000" />
  <attribute name="IntegralT" value="-527.000000" />
  <attribute name="IntegralI" value="-527.000000" />
  <attribute name="IntegralH" value="-527.000000" />
  <attribute name="DerivativeT" value="-0.822581" />
  <attribute name="DerivativeI" value="-0.822581" />
  <attribute name="DerivativeH" value="-0.822581" />
  <attribute name="Loop Time for DT" value="31.000000" />
  <attribute name="Output H" value="2092630016"/>
  <attribute name="Output I" value="200"/>
  <attribute name="Output T" value="4"/>
  <attribute name="Target GC Util Change" value ="20.000000" />
  <attribute name="Current GC Util Change" value="3.000000"/>
  <attribute name="GC Util currently" value="3" />
  <attribute name="CPU Util currently" value="146640908079" />
<allocation-satisfied id="773" threadId="0000000000D30500" bytesRequested="32" />
<af-end id="774" timestamp="2019-06-17T03:33:16.033" threadId="0000000000D30E88" success="true" from="nursery"/>
<exclusive-end id="775" timestamp="2019-06-17T03:33:16.033" durationms="1.006" />

<exclusive-start id="776" timestamp="2019-06-17T03:33:16.063" intervalms="31.686">
  <response-info timems="0.048" idlems="0.048" threads="0" lastid="0000000000D30500" lastname="Thread-4" />
</exclusive-start>
<af-start id="777" threadId="0000000000D30E88" totalBytesRequested="16" timestamp="2019-06-17T03:33:16.063" intervalms="31.680" type="nursery" />
<cycle-start id="778" type="scavenge" contextid="0" timestamp="2019-06-17T03:33:16.063" intervalms="31.678" />
<gc-start id="779" type="scavenge" contextid="778" timestamp="2019-06-17T03:33:16.063">
  <mem-info id="780" free="1265752" total="11010048" percent="11">
    <mem type="nursery" free="0" total="4980736" percent="0">
      <mem type="allocate" free="0" total="3473408" percent="0" />
      <mem type="survivor" free="0" total="1507328" percent="0" />
    </mem>
    <mem type="tenure" free="1265752" total="6029312" percent="20">
      <mem type="soa" free="1016920" total="5728256" percent="17" />
      <mem type="loa" free="248832" total="301056" percent="82" />
    </mem>
    <remembered-set count="284" />
  </mem-info>
</gc-start>
<allocation-stats totalBytes="2384440" >
  <allocated-bytes non-tlh="65584" tlh="2318856" />
  <largest-consumer threadName="Thread-6" threadId="0000000000D37D00" bytes="1025632" />
</allocation-stats>
<gc-op id="781" type="scavenge" timems="0.423" contextid="778" timestamp="2019-06-17T03:33:16.064">
  <scavenger-info tenureage="1" tenuremask="7ffe" tiltratio="69" />
  <memory-copied type="nursery" objects="2063" bytes="779064" bytesdiscarded="240880" />
  <memory-copied type="tenure" objects="741" bytes="339544" bytesdiscarded="632" />
</gc-op>
<gc-end id="782" type="scavenge" contextid="778" durationms="0.583" usertimems="4.000" systemtimems="0.000" timestamp="2019-06-17T03:33:16.064" activeThreads="4">
  <mem-info id="783" free="3515784" total="11010048" percent="31">
    <mem type="nursery" free="2584480" total="4980736" percent="51">
      <mem type="allocate" free="2584480" total="3604480" percent="71" />
      <mem type="survivor" free="0" total="1376256" percent="0" />
    </mem>
    <mem type="tenure" free="931304" total="6029312" percent="15">
      <mem type="soa" free="682472" total="5728256" percent="11" />
      <mem type="loa" free="248832" total="301056" percent="82" />
    </mem>
    <remembered-set count="142" />
  </mem-info>
</gc-end>
<cycle-end id="784" type="scavenge" contextid="778" timestamp="2019-06-17T03:33:16.064" />
  <attribute name="elasticGC enabled" value="1" />
  <attribute name= "numThreadsSpecified" value="4" />
  <attribute name="heapSize specified" value="11272192" />
  <attribute name="Current GC Util" value="3" />
  <attribute name= "Current Time Running" value="2645" />
  <attribute name ="GC Interval" value="200" />
  <attribute name="ProportionalT" value="-25.500000" />
  <attribute name="ProportionalI" value="-25.500000" />
  <attribute name="ProportionalH" value="-25.500000" />
  <attribute name="Current Error" value="-17.000000" />
  <attribute name="IntegralT" value="-544.000000" />
  <attribute name="IntegralI" value="-544.000000" />
  <attribute name="IntegralH" value="-544.000000" />
  <attribute name="DerivativeT" value="-0.796875" />
  <attribute name="DerivativeI" value="-0.796875" />
  <attribute name="DerivativeH" value="-0.796875" />
  <attribute name="Loop Time for DT" value="32.000000" />
  <attribute name="Output H" value="2092630016"/>
  <attribute name="Output I" value="200"/>
  <attribute name="Output T" value="4"/>
  <attribute name="Target GC Util Change" value ="20.000000" />
  <attribute name="Current GC Util Change" value="3.000000"/>
  <attribute name="GC Util currently" value="3" />
  <attribute name="CPU Util currently" value="145664792832" />
<allocation-satisfied id="785" threadId="0000000000D30500" bytesRequested="16" />
<af-end id="786" timestamp="2019-06-17T03:33:16.064" threadId="0000000000D30E88" success="true" from="nursery"/>
<exclusive-end id="787" timestamp="2019-06-17T03:33:16.064" durationms="0.958" />

<exclusive-start id="788" timestamp="2019-06-17T03:33:16.091" intervalms="27.767">
  <response-info timems="0.036" idlems="0.036" threads="0" lastid="0000000000D34100" lastname="Thread-5" />
</exclusive-start>
<af-start id="789" threadId="0000000000D34A88" totalBytesRequested="2056" timestamp="2019-06-17T03:33:16.091" intervalms="27.771" type="nursery" />
<cycle-start id="790" type="scavenge" contextid="0" timestamp="2019-06-17T03:33:16.091" intervalms="27.771" />
<gc-start id="791" type="scavenge" contextid="790" timestamp="2019-06-17T03:33:16.091">
  <mem-info id="792" free="931304" total="11010048" percent="8">
    <mem type="nursery" free="0" total="4980736" percent="0">
      <mem type="allocate" free="0" total="3604480" percent="0" />
      <mem type="survivor" free="0" total="1376256" percent="0" />
    </mem>
    <mem type="tenure" free="931304" total="6029312" percent="15">
      <mem type="soa" free="682472" total="5728256" percent="11" />
      <mem type="loa" free="248832" total="301056" percent="82" />
    </mem>
    <remembered-set count="322" />
  </mem-info>
</gc-start>
<allocation-stats totalBytes="2538592" >
  <allocated-bytes non-tlh="98344" tlh="2440248" />
  <largest-consumer threadName="Thread-3" threadId="0000000000D2C900" bytes="777168" />
</allocation-stats>
<gc-op id="793" type="scavenge" timems="0.439" contextid="790" timestamp="2019-06-17T03:33:16.092">
  <scavenger-info tenureage="1" tenuremask="7ffe" tiltratio="72" />
  <memory-copied type="nursery" objects="1590" bytes="680528" bytesdiscarded="333344" />
  <memory-copied type="tenure" objects="814" bytes="342216" bytesdiscarded="416" />
  <references type="weak" candidates="1" cleared="0" enqueued="0" />
  <references type="phantom" candidates="3" cleared="0" enqueued="0" />
</gc-op>
<gc-end id="794" type="scavenge" contextid="790" durationms="0.614" usertimems="4.000" systemtimems="0.000" timestamp="2019-06-17T03:33:16.092" activeThreads="4">
  <mem-info id="795" free="3361544" total="11010048" percent="30">
    <mem type="nursery" free="2721608" total="4980736" percent="54">
      <mem type="allocate" free="2721608" total="3735552" percent="72" />
      <mem type="survivor" free="0" total="1245184" percent="0" />
    </mem>
    <mem type="tenure" free="639936" total="6029312" percent="10">
      <mem type="soa" free="391104" total="5728256" percent="6" />
      <mem type="loa" free="248832" total="301056" percent="82" />
    </mem>
    <remembered-set count="137" />
  </mem-info>
</gc-end>
<cycle-end id="796" type="scavenge" contextid="790" timestamp="2019-06-17T03:33:16.092" />
  <attribute name="elasticGC enabled" value="1" />
  <attribute name= "numThreadsSpecified" value="4" />
  <attribute name="heapSize specified" value="11272192" />
  <attribute name="Current GC Util" value="4" />
  <attribute name= "Current Time Running" value="2672" />
  <attribute name ="GC Interval" value="200" />
  <attribute name="ProportionalT" value="-24.000000" />
  <attribute name="ProportionalI" value="-24.000000" />
  <attribute name="ProportionalH" value="-24.000000" />
  <attribute name="Current Error" value="-16.000000" />
  <attribute name="IntegralT" value="-432.000000" />
  <attribute name="IntegralI" value="-432.000000" />
  <attribute name="IntegralH" value="-432.000000" />
  <attribute name="DerivativeT" value="-0.888889" />
  <attribute name="DerivativeI" value="-0.888889" />
  <attribute name="DerivativeH" value="-0.888889" />
  <attribute name="Loop Time for DT" value="27.000000" />
  <attribute name="Output H" value="2092630016"/>
  <attribute name="Output I" value="200"/>
  <attribute name="Output T" value="4"/>
  <attribute name="Target GC Util Change" value ="20.000000" />
  <attribute name="Current GC Util Change" value="4.000000"/>
  <attribute name="GC Util currently" value="4" />
  <attribute name="CPU Util currently" value="166053245001" />
<allocation-satisfied id="797" threadId="0000000000D34100" bytesRequested="2056" />
<af-end id="798" timestamp="2019-06-17T03:33:16.092" threadId="0000000000D34A88" success="true" from="nursery"/>
<exclusive-end id="799" timestamp="2019-06-17T03:33:16.092" durationms="0.996" />

<concurrent-kickoff id="800" timestamp="2019-06-17T03:33:16.117">
  <kickoff reason="threshold reached" targetBytes="1643705" thresholdFreeBytes="223931"  remainingFree="208704" tenureFreeBytes="639936" nurseryFreeBytes="208704" />
</concurrent-kickoff>
<exclusive-start id="801" timestamp="2019-06-17T03:33:16.117" intervalms="26.248">
  <response-info timems="0.070" idlems="0.039" threads="1" lastid="0000000000D2C900" lastname="Thread-3" />
</exclusive-start>
<cycle-start id="802" type="global" contextid="0" timestamp="2019-06-17T03:33:16.117" intervalms="334.695" />
<exclusive-end id="803" timestamp="2019-06-17T03:33:16.117" durationms="0.100" />

<exclusive-start id="804" timestamp="2019-06-17T03:33:16.120" intervalms="2.360">
  <response-info timems="0.092" idlems="0.092" threads="0" lastid="0000000000D37D00" lastname="Thread-6" />
</exclusive-start>
<af-start id="805" threadId="0000000000D38688" totalBytesRequested="2056" timestamp="2019-06-17T03:33:16.120" intervalms="28.599" type="nursery" />
<cycle-start id="806" type="scavenge" contextid="0" timestamp="2019-06-17T03:33:16.120" intervalms="28.602" />
<gc-start id="807" type="scavenge" contextid="806" timestamp="2019-06-17T03:33:16.120">
  <mem-info id="808" free="639936" total="11010048" percent="5">
    <mem type="nursery" free="0" total="4980736" percent="0">
      <mem type="allocate" free="0" total="3735552" percent="0" />
      <mem type="survivor" free="0" total="1245184" percent="0" />
    </mem>
    <mem type="tenure" free="639936" total="6029312" percent="10">
      <mem type="soa" free="391104" total="5728256" percent="6" />
      <mem type="loa" free="248832" total="301056" percent="82" />
    </mem>
    <remembered-set count="279" />
  </mem-info>
</gc-start>
<allocation-stats totalBytes="2689576" >
  <allocated-bytes non-tlh="2056" tlh="2687520" />
  <largest-consumer threadName="Thread-6" threadId="0000000000D37D00" bytes="1373648" />
</allocation-stats>
<gc-op id="809" type="scavenge" timems="0.354" contextid="806" timestamp="2019-06-17T03:33:16.120">
  <scavenger-info tenureage="1" tenuremask="7ffe" tiltratio="75" />
  <memory-copied type="nursery" objects="1521" bytes="614248" bytesdiscarded="98984" />
  <memory-copied type="tenure" objects="385" bytes="208656" bytesdiscarded="480" />
  <references type="phantom" candidates="1" cleared="0" enqueued="0" />
</gc-op>
<gc-end id="810" type="scavenge" contextid="806" durationms="0.526" usertimems="4.000" systemtimems="0.000" timestamp="2019-06-17T03:33:16.120" activeThreads="4">
  <mem-info id="811" free="3384944" total="11010048" percent="30">
    <mem type="nursery" free="3087816" total="4980736" percent="61">
      <mem type="allocate" free="3087816" total="3801088" percent="81" />
      <mem type="survivor" free="0" total="1179648" percent="0" />
    </mem>
    <mem type="tenure" free="297128" total="6029312" percent="4">
      <mem type="soa" free="48296" total="5728256" percent="0" />
      <mem type="loa" free="248832" total="301056" percent="82" />
    </mem>
    <remembered-set count="146" />
  </mem-info>
</gc-end>
<cycle-end id="812" type="scavenge" contextid="806" timestamp="2019-06-17T03:33:16.120" />
  <attribute name="elasticGC enabled" value="1" />
  <attribute name= "numThreadsSpecified" value="4" />
  <attribute name="heapSize specified" value="11272192" />
  <attribute name="Current GC Util" value="4" />
  <attribute name= "Current Time Running" value="2701" />
  <attribute name ="GC Interval" value="200" />
  <attribute name="ProportionalT" value="-24.000000" />
  <attribute name="ProportionalI" value="-24.000000" />
  <attribute name="ProportionalH" value="-24.000000" />
  <attribute name="Current Error" value="-16.000000" />
  <attribute name="IntegralT" value="-464.000000" />
  <attribute name="IntegralI" value="-464.000000" />
  <attribute name="IntegralH" value="-464.000000" />
  <attribute name="DerivativeT" value="-0.827586" />
  <attribute name="DerivativeI" value="-0.827586" />
  <attribute name="DerivativeH" value="-0.827586" />
  <attribute name="Loop Time for DT" value="29.000000" />
  <attribute name="Output H" value="2092630016"/>
  <attribute name="Output I" value="200"/>
  <attribute name="Output T" value="4"/>
  <attribute name="Target GC Util Change" value ="20.000000" />
  <attribute name="Current GC Util Change" value="4.000000"/>
  <attribute name="GC Util currently" value="4" />
  <attribute name="CPU Util currently" value="161178056110" />
<allocation-satisfied id="813" threadId="0000000000D37D00" bytesRequested="2056" />
<af-end id="814" timestamp="2019-06-17T03:33:16.121" threadId="0000000000D38688" success="true" from="nursery"/>
<exclusive-end id="815" timestamp="2019-06-17T03:33:16.121" durationms="0.922" />

<exclusive-start id="816" timestamp="2019-06-17T03:33:16.170" intervalms="50.032">
  <response-info timems="0.475" idlems="0.322" threads="1" lastid="00000000009FF300" lastname="JIT Compilation Thread-0" />
</exclusive-start>
<af-start id="817" threadId="0000000000D38688" totalBytesRequested="16392" timestamp="2019-06-17T03:33:16.170" intervalms="50.050" type="nursery" />
<percolate-collect id="818" from="nursery" to="global" reason="concurrent mark exhausted" timestamp="2019-06-17T03:33:16.170"/>
<gc-start id="819" type="global" contextid="802" timestamp="2019-06-17T03:33:16.170">
  <mem-info id="820" free="297128" total="11010048" percent="2">
    <mem type="nursery" free="0" total="4980736" percent="0">
      <mem type="allocate" free="0" total="3801088" percent="0" />
      <mem type="survivor" free="0" total="1179648" percent="0" />
    </mem>
    <mem type="tenure" free="297128" total="6029312" percent="4">
      <mem type="soa" free="48296" total="5728256" percent="0" />
      <mem type="loa" free="248832" total="301056" percent="82" />
    </mem>
    <remembered-set count="285" />
  </mem-info>
</gc-start>
<allocation-stats totalBytes="3059864" >
  <allocated-bytes non-tlh="2056" tlh="3057808" />
  <largest-consumer threadName="Thread-6" threadId="0000000000D37D00" bytes="1146936" />
</allocation-stats>
<concurrent-halted id="821" timestamp="2019-06-17T03:33:16.170">
  <halted state="Complete" status="exhausted" />
  <traced bytesTarget="1643705" bytesTotal="1627436" bytesByMutator="346644" bytesByHelper="1280792" percent="99" />
  <cards cleaned="164" thresholdBytes="88215" />
</concurrent-halted>
<gc-op id="822" type="rs-scan" timems="0.203" contextid="802" timestamp="2019-06-17T03:33:16.170">
  <scan objectsFound="194" bytesTraced="82328" workStackOverflowCount="0" />
</gc-op>
<gc-op id="823" type="card-cleaning" timems="0.165" contextid="802" timestamp="2019-06-17T03:33:16.170">
  <card-cleaning cardsCleaned="39" bytesTraced="319540" workStackOverflowCount="0" />
</gc-op>
<gc-op id="824" type="mark" timems="0.519" contextid="802" timestamp="2019-06-17T03:33:16.171">
  <trace-info objectcount="296" scancount="260" scanbytes="42772" />
  <finalization candidates="25" enqueued="0" />
  <references type="soft" candidates="164" cleared="0" enqueued="0" dynamicThreshold="15" maxThreshold="32" />
  <references type="weak" candidates="237" cleared="0" enqueued="0" />
  <references type="phantom" candidates="70" cleared="0" enqueued="0" />
  <stringconstants candidates="3963" cleared="0"  />
</gc-op>
<gc-op id="825" type="sweep" timems="0.153" contextid="802" timestamp="2019-06-17T03:33:16.171" />
<mem-info id="826" free="6261016" total="11010048" percent="56">
  <mem type="nursery" free="3145968" total="4980736" percent="63">
    <mem type="allocate" free="3145968" total="3801088" percent="82" />
    <mem type="survivor" free="0" total="1179648" percent="0" />
  </mem>
  <mem type="tenure" free="3115048" total="6029312" percent="51" micro-fragmented="0" macro-fragmented="0">
    <mem type="soa" free="2813992" total="5728256" percent="49" />
    <mem type="loa" free="301056" total="301056" percent="100" />
  </mem>
  <remembered-set count="284" />
</mem-info>
<gc-op id="827" type="compact" timems="4.106" contextid="802" timestamp="2019-06-17T03:33:16.176">
  <compact-info movecount="12374" movebytes="1595632" reason="compact to aid heap contraction" />
</gc-op>
<heap-resize id="828" type="contract" space="tenure" amount="262144" count="1" timems="0.077" reason="heap reconfiguration" timestamp="2019-06-17T03:33:16.176" />
<gc-end id="829" type="global" contextid="802" durationms="6.161" usertimems="4.000" systemtimems="4.000" timestamp="2019-06-17T03:33:16.176" activeThreads="4">
  <mem-info id="830" free="5979496" total="10747904" percent="55">
    <mem type="nursery" free="3160240" total="4980736" percent="63">
      <mem type="allocate" free="3160240" total="3801088" percent="83" />
      <mem type="survivor" free="0" total="1179648" percent="0" />
    </mem>
    <mem type="tenure" free="2819256" total="5767168" percent="48">
      <mem type="soa" free="2570424" total="5479424" percent="46" />
      <mem type="loa" free="248832" total="287744" percent="86" />
    </mem>
    <remembered-set count="284" />
  </mem-info>
</gc-end>
<cycle-end id="831" type="global" contextid="802" timestamp="2019-06-17T03:33:16.176" />
  <attribute name="elasticGC enabled" value="1" />
  <attribute name= "numThreadsSpecified" value="4" />
  <attribute name="heapSize specified" value="11010048" />
  <attribute name="Current GC Util" value="36" />
  <attribute name= "Current Time Running" value="2757" />
  <attribute name ="GC Interval" value="200" />
  <attribute name="ProportionalT" value="24.000000" />
  <attribute name="ProportionalI" value="24.000000" />
  <attribute name="ProportionalH" value="24.000000" />
  <attribute name="Current Error" value="16.000000" />
  <attribute name="IntegralT" value="64.000000" />
  <attribute name="IntegralI" value="64.000000" />
  <attribute name="IntegralH" value="64.000000" />
  <attribute name="DerivativeT" value="6.000000" />
  <attribute name="DerivativeI" value="6.000000" />
  <attribute name="DerivativeH" value="6.000000" />
  <attribute name="Loop Time for DT" value="4.000000" />
  <attribute name="Output H" value="8388608"/>
  <attribute name="Output I" value="200"/>
  <attribute name="Output T" value="4"/>
  <attribute name="Target GC Util Change" value ="20.000000" />
  <attribute name="Current GC Util Change" value="36.000000"/>
  <attribute name="GC Util currently" value="36" />
  <attribute name="CPU Util currently" value="1085594812764" />
<allocation-satisfied id="832" threadId="0000000000D37D00" bytesRequested="16392" />
<af-end id="833" timestamp="2019-06-17T03:33:16.176" threadId="0000000000D38688" success="true" from="nursery"/>
<exclusive-end id="834" timestamp="2019-06-17T03:33:16.176" durationms="6.787" />

<exclusive-start id="835" timestamp="2019-06-17T03:33:16.219" intervalms="49.786">
  <response-info timems="0.047" idlems="0.025" threads="1" lastid="0000000000D30500" lastname="Thread-4" />
</exclusive-start>
<af-start id="836" threadId="0000000000D34A88" totalBytesRequested="1032" timestamp="2019-06-17T03:33:16.220" intervalms="49.773" type="nursery" />
<cycle-start id="837" type="scavenge" contextid="0" timestamp="2019-06-17T03:33:16.220" intervalms="99.821" />
<gc-start id="838" type="scavenge" contextid="837" timestamp="2019-06-17T03:33:16.220">
  <mem-info id="839" free="2819256" total="10747904" percent="26">
    <mem type="nursery" free="0" total="4980736" percent="0">
      <mem type="allocate" free="0" total="3801088" percent="0" />
      <mem type="survivor" free="0" total="1179648" percent="0" />
    </mem>
    <mem type="tenure" free="2819256" total="5767168" percent="48">
      <mem type="soa" free="2570424" total="5479424" percent="46" />
      <mem type="loa" free="248832" total="287744" percent="86" />
    </mem>
    <remembered-set count="377" />
  </mem-info>
</gc-start>
<allocation-stats totalBytes="3134440" >
  <allocated-bytes non-tlh="81944" tlh="3052496" />
  <largest-consumer threadName="Thread-3" threadId="0000000000D2C900" bytes="968232" />
</allocation-stats>
<gc-op id="840" type="scavenge" timems="0.329" contextid="837" timestamp="2019-06-17T03:33:16.220">
  <scavenger-info tenureage="1" tenuremask="7ffe" tiltratio="76" />
  <memory-copied type="nursery" objects="1613" bytes="664736" bytesdiscarded="287408" />
  <memory-copied type="tenure" objects="296" bytes="115208" bytesdiscarded="168" />
</gc-op>
<gc-end id="841" type="scavenge" contextid="837" durationms="0.489" usertimems="4.000" systemtimems="0.000" timestamp="2019-06-17T03:33:16.220" activeThreads="4">
  <mem-info id="842" free="5427232" total="10747904" percent="50">
    <mem type="nursery" free="2914416" total="4980736" percent="58">
      <mem type="allocate" free="2914416" total="3866624" percent="75" />
      <mem type="survivor" free="0" total="1114112" percent="0" />
    </mem>
    <mem type="tenure" free="2512816" total="5767168" percent="43">
      <mem type="soa" free="2263984" total="5479424" percent="41" />
      <mem type="loa" free="248832" total="287744" percent="86" />
    </mem>
    <remembered-set count="149" />
  </mem-info>
</gc-end>
<cycle-end id="843" type="scavenge" contextid="837" timestamp="2019-06-17T03:33:16.220" />
  <attribute name="elasticGC enabled" value="1" />
  <attribute name= "numThreadsSpecified" value="4" />
  <attribute name="heapSize specified" value="11010048" />
  <attribute name="Current GC Util" value="24" />
  <attribute name= "Current Time Running" value="2801" />
  <attribute name ="GC Interval" value="200" />
  <attribute name="ProportionalT" value="6.000000" />
  <attribute name="ProportionalI" value="6.000000" />
  <attribute name="ProportionalH" value="6.000000" />
  <attribute name="Current Error" value="4.000000" />
  <attribute name="IntegralT" value="176.000000" />
  <attribute name="IntegralI" value="176.000000" />
  <attribute name="IntegralH" value="176.000000" />
  <attribute name="DerivativeT" value="-0.409091" />
  <attribute name="DerivativeI" value="-0.409091" />
  <attribute name="DerivativeH" value="-0.409091" />
  <attribute name="Loop Time for DT" value="44.000000" />
  <attribute name="Output H" value="8388608"/>
  <attribute name="Output I" value="200"/>
  <attribute name="Output T" value="4"/>
  <attribute name="Target GC Util Change" value ="20.000000" />
  <attribute name="Current GC Util Change" value="24.000000"/>
  <attribute name="GC Util currently" value="24" />
  <attribute name="CPU Util currently" value="104696548268" />
<allocation-satisfied id="844" threadId="0000000000D34100" bytesRequested="1032" />
<af-end id="845" timestamp="2019-06-17T03:33:16.220" threadId="0000000000D34A88" success="true" from="nursery"/>
<exclusive-end id="846" timestamp="2019-06-17T03:33:16.220" durationms="0.890" />

<exclusive-start id="847" timestamp="2019-06-17T03:33:16.262" intervalms="42.439">
  <response-info timems="0.078" idlems="0.078" threads="0" lastid="0000000000D30500" lastname="Thread-4" />
</exclusive-start>
<af-start id="848" threadId="0000000000D30E88" totalBytesRequested="8200" timestamp="2019-06-17T03:33:16.262" intervalms="42.447" type="nursery" />
<cycle-start id="849" type="scavenge" contextid="0" timestamp="2019-06-17T03:33:16.262" intervalms="42.449" />
<gc-start id="850" type="scavenge" contextid="849" timestamp="2019-06-17T03:33:16.262">
  <mem-info id="851" free="2512816" total="10747904" percent="23">
    <mem type="nursery" free="0" total="4980736" percent="0">
      <mem type="allocate" free="0" total="3866624" percent="0" />
      <mem type="survivor" free="0" total="1114112" percent="0" />
    </mem>
    <mem type="tenure" free="2512816" total="5767168" percent="43">
      <mem type="soa" free="2263984" total="5479424" percent="41" />
      <mem type="loa" free="248832" total="287744" percent="86" />
    </mem>
    <remembered-set count="294" />
  </mem-info>
</gc-start>
<allocation-stats totalBytes="2848776" >
  <allocated-bytes non-tlh="1032" tlh="2847744" />
  <largest-consumer threadName="Thread-4" threadId="0000000000D30500" bytes="1403696" />
</allocation-stats>
<gc-op id="852" type="scavenge" timems="0.533" contextid="849" timestamp="2019-06-17T03:33:16.263">
  <scavenger-info tenureage="1" tenuremask="7ffe" tiltratio="77" />
  <memory-copied type="nursery" objects="1639" bytes="654136" bytesdiscarded="218064" />
  <memory-copied type="tenure" objects="892" bytes="399208" bytesdiscarded="936" />
  <references type="phantom" candidates="1" cleared="0" enqueued="0" />
</gc-op>
<gc-end id="853" type="scavenge" contextid="849" durationms="0.700" usertimems="0.000" systemtimems="0.000" timestamp="2019-06-17T03:33:16.263" activeThreads="4">
  <mem-info id="854" free="5090296" total="10747904" percent="47">
    <mem type="nursery" free="3059904" total="4980736" percent="61">
      <mem type="allocate" free="3059904" total="3932160" percent="77" />
      <mem type="survivor" free="0" total="1048576" percent="0" />
    </mem>
    <mem type="tenure" free="2030392" total="5767168" percent="35">
      <mem type="soa" free="1781560" total="5479424" percent="32" />
      <mem type="loa" free="248832" total="287744" percent="86" />
    </mem>
    <remembered-set count="128" />
  </mem-info>
</gc-end>
<cycle-end id="855" type="scavenge" contextid="849" timestamp="2019-06-17T03:33:16.263" />
  <attribute name="elasticGC enabled" value="1" />
  <attribute name= "numThreadsSpecified" value="4" />
  <attribute name="heapSize specified" value="11010048" />
  <attribute name="Current GC Util" value="2" />
  <attribute name= "Current Time Running" value="2843" />
  <attribute name ="GC Interval" value="200" />
  <attribute name="ProportionalT" value="-27.000000" />
  <attribute name="ProportionalI" value="-27.000000" />
  <attribute name="ProportionalH" value="-27.000000" />
  <attribute name="Current Error" value="-18.000000" />
  <attribute name="IntegralT" value="-756.000000" />
  <attribute name="IntegralI" value="-756.000000" />
  <attribute name="IntegralH" value="-756.000000" />
  <attribute name="DerivativeT" value="-0.785714" />
  <attribute name="DerivativeI" value="-0.785714" />
  <attribute name="DerivativeH" value="-0.785714" />
  <attribute name="Loop Time for DT" value="42.000000" />
  <attribute name="Output H" value="2092630016"/>
  <attribute name="Output I" value="200"/>
  <attribute name="Output T" value="4"/>
  <attribute name="Target GC Util Change" value ="20.000000" />
  <attribute name="Current GC Util Change" value="2.000000"/>
  <attribute name="GC Util currently" value="2" />
  <attribute name="CPU Util currently" value="108641231986" />
<allocation-satisfied id="856" threadId="0000000000D30500" bytesRequested="8200" />
<af-end id="857" timestamp="2019-06-17T03:33:16.263" threadId="0000000000D30E88" success="true" from="nursery"/>
<exclusive-end id="858" timestamp="2019-06-17T03:33:16.263" durationms="1.097" />

<exclusive-start id="859" timestamp="2019-06-17T03:33:16.309" intervalms="47.036">
  <response-info timems="0.044" idlems="0.044" threads="0" lastid="0000000000D37D00" lastname="Thread-6" />
</exclusive-start>
<af-start id="860" threadId="0000000000D38688" totalBytesRequested="48" timestamp="2019-06-17T03:33:16.309" intervalms="47.032" type="nursery" />
<cycle-start id="861" type="scavenge" contextid="0" timestamp="2019-06-17T03:33:16.309" intervalms="47.035" />
<gc-start id="862" type="scavenge" contextid="861" timestamp="2019-06-17T03:33:16.309">
  <mem-info id="863" free="2030392" total="10747904" percent="18">
    <mem type="nursery" free="0" total="4980736" percent="0">
      <mem type="allocate" free="0" total="3932160" percent="0" />
      <mem type="survivor" free="0" total="1048576" percent="0" />
    </mem>
    <mem type="tenure" free="2030392" total="5767168" percent="35">
      <mem type="soa" free="1781560" total="5479424" percent="32" />
      <mem type="loa" free="248832" total="287744" percent="86" />
    </mem>
    <remembered-set count="314" />
  </mem-info>
</gc-start>
<allocation-stats totalBytes="3003552" >
  <allocated-bytes non-tlh="40976" tlh="2962576" />
  <largest-consumer threadName="Thread-3" threadId="0000000000D2C900" bytes="1037896" />
</allocation-stats>
<gc-op id="864" type="scavenge" timems="0.375" contextid="861" timestamp="2019-06-17T03:33:16.310">
  <scavenger-info tenureage="1" tenuremask="7ffe" tiltratio="78" />
  <memory-copied type="nursery" objects="2221" bytes="949520" bytesdiscarded="98976" />
  <memory-copied type="tenure" objects="385" bytes="170928" bytesdiscarded="480" />
  <copy-failed type="nursery" objects="304" bytes="81360" />
</gc-op>
<gc-end id="865" type="scavenge" contextid="861" durationms="0.547" usertimems="4.000" systemtimems="0.000" timestamp="2019-06-17T03:33:16.310" activeThreads="4">
  <mem-info id="866" free="4190464" total="10747904" percent="38">
    <mem type="nursery" free="2359296" total="4980736" percent="47">
      <mem type="allocate" free="2359296" total="3407872" percent="69" />
      <mem type="survivor" free="0" total="1572864" percent="0" />
    </mem>
    <mem type="tenure" free="1831168" total="5767168" percent="31">
      <mem type="soa" free="1582336" total="5479424" percent="28" />
      <mem type="loa" free="248832" total="287744" percent="86" />
    </mem>
    <remembered-set count="141" />
  </mem-info>
</gc-end>
<cycle-end id="867" type="scavenge" contextid="861" timestamp="2019-06-17T03:33:16.310" />
  <attribute name="elasticGC enabled" value="1" />
  <attribute name= "numThreadsSpecified" value="4" />
  <attribute name="heapSize specified" value="11010048" />
  <attribute name="Current GC Util" value="2" />
  <attribute name= "Current Time Running" value="2890" />
  <attribute name ="GC Interval" value="200" />
  <attribute name="ProportionalT" value="-27.000000" />
  <attribute name="ProportionalI" value="-27.000000" />
  <attribute name="ProportionalH" value="-27.000000" />
  <attribute name="Current Error" value="-18.000000" />
  <attribute name="IntegralT" value="-846.000000" />
  <attribute name="IntegralI" value="-846.000000" />
  <attribute name="IntegralH" value="-846.000000" />
  <attribute name="DerivativeT" value="-0.574468" />
  <attribute name="DerivativeI" value="-0.574468" />
  <attribute name="DerivativeH" value="-0.574468" />
  <attribute name="Loop Time for DT" value="47.000000" />
  <attribute name="Output H" value="2092630016"/>
  <attribute name="Output I" value="200"/>
  <attribute name="Output T" value="4"/>
  <attribute name="Target GC Util Change" value ="20.000000" />
  <attribute name="Current GC Util Change" value="2.000000"/>
  <attribute name="GC Util currently" value="2" />
  <attribute name="CPU Util currently" value="97999620113" />
<allocation-satisfied id="868" threadId="0000000000D37D00" bytesRequested="48" />
<af-end id="869" timestamp="2019-06-17T03:33:16.310" threadId="0000000000D38688" success="true" from="nursery"/>
<exclusive-end id="870" timestamp="2019-06-17T03:33:16.310" durationms="0.975" />

<exclusive-start id="871" timestamp="2019-06-17T03:33:16.341" intervalms="32.500">
  <response-info timems="0.028" idlems="0.028" threads="0" lastid="0000000000D34100" lastname="Thread-5" />
</exclusive-start>
<af-start id="872" threadId="0000000000D34A88" totalBytesRequested="16392" timestamp="2019-06-17T03:33:16.342" intervalms="32.510" type="nursery" />
<cycle-start id="873" type="scavenge" contextid="0" timestamp="2019-06-17T03:33:16.342" intervalms="32.503" />
<gc-start id="874" type="scavenge" contextid="873" timestamp="2019-06-17T03:33:16.342">
  <mem-info id="875" free="1831168" total="10747904" percent="17">
    <mem type="nursery" free="0" total="4980736" percent="0">
      <mem type="allocate" free="0" total="3407872" percent="0" />
      <mem type="survivor" free="0" total="1572864" percent="0" />
    </mem>
    <mem type="tenure" free="1831168" total="5767168" percent="31">
      <mem type="soa" free="1582336" total="5479424" percent="28" />
      <mem type="loa" free="248832" total="287744" percent="86" />
    </mem>
    <remembered-set count="278" />
  </mem-info>
</gc-start>
<allocation-stats totalBytes="2346272" >
  <allocated-bytes non-tlh="32824" tlh="2313448" />
  <largest-consumer threadName="Thread-3" threadId="0000000000D2C900" bytes="741288" />
</allocation-stats>
<gc-op id="876" type="scavenge" timems="0.374" contextid="873" timestamp="2019-06-17T03:33:16.342">
  <scavenger-info tenureage="1" tenuremask="7ffe" tiltratio="68" />
  <memory-copied type="nursery" objects="1515" bytes="587096" bytesdiscarded="223680" />
  <memory-copied type="tenure" objects="964" bytes="460752" bytesdiscarded="632" />
</gc-op>
<gc-end id="877" type="scavenge" contextid="873" durationms="0.544" usertimems="0.000" systemtimems="4.000" timestamp="2019-06-17T03:33:16.342" activeThreads="4">
  <mem-info id="878" free="4198224" total="10747904" percent="39">
    <mem type="nursery" free="2728112" total="4980736" percent="54">
      <mem type="allocate" free="2728112" total="3538944" percent="77" />
      <mem type="survivor" free="0" total="1441792" percent="0" />
    </mem>
    <mem type="tenure" free="1470112" total="5767168" percent="25">
      <mem type="soa" free="1221280" total="5479424" percent="22" />
      <mem type="loa" free="248832" total="287744" percent="86" />
    </mem>
    <remembered-set count="120" />
  </mem-info>
</gc-end>
<cycle-end id="879" type="scavenge" contextid="873" timestamp="2019-06-17T03:33:16.342" />
  <attribute name="elasticGC enabled" value="1" />
  <attribute name= "numThreadsSpecified" value="4" />
  <attribute name="heapSize specified" value="11010048" />
  <attribute name="Current GC Util" value="3" />
  <attribute name= "Current Time Running" value="2923" />
  <attribute name ="GC Interval" value="200" />
  <attribute name="ProportionalT" value="-25.500000" />
  <attribute name="ProportionalI" value="-25.500000" />
  <attribute name="ProportionalH" value="-25.500000" />
  <attribute name="Current Error" value="-17.000000" />
  <attribute name="IntegralT" value="-561.000000" />
  <attribute name="IntegralI" value="-561.000000" />
  <attribute name="IntegralH" value="-561.000000" />
  <attribute name="DerivativeT" value="-0.772727" />
  <attribute name="DerivativeI" value="-0.772727" />
  <attribute name="DerivativeH" value="-0.772727" />
  <attribute name="Loop Time for DT" value="33.000000" />
  <attribute name="Output H" value="2092630016"/>
  <attribute name="Output I" value="200"/>
  <attribute name="Output T" value="4"/>
  <attribute name="Target GC Util Change" value ="20.000000" />
  <attribute name="Current GC Util Change" value="3.000000"/>
  <attribute name="GC Util currently" value="3" />
  <attribute name="CPU Util currently" value="141962088853" />
<allocation-satisfied id="880" threadId="0000000000D34100" bytesRequested="16392" />
<af-end id="881" timestamp="2019-06-17T03:33:16.342" threadId="0000000000D34A88" success="true" from="nursery"/>
<exclusive-end id="882" timestamp="2019-06-17T03:33:16.342" durationms="0.947" />

<exclusive-start id="883" timestamp="2019-06-17T03:33:16.363" intervalms="21.251">
  <response-info timems="0.039" idlems="0.039" threads="0" lastid="0000000000D34100" lastname="Thread-5" />
</exclusive-start>
<af-start id="884" threadId="0000000000D34A88" totalBytesRequested="32776" timestamp="2019-06-17T03:33:16.363" intervalms="21.284" type="nursery" />
<cycle-start id="885" type="scavenge" contextid="0" timestamp="2019-06-17T03:33:16.363" intervalms="21.286" />
<gc-start id="886" type="scavenge" contextid="885" timestamp="2019-06-17T03:33:16.363">
  <mem-info id="887" free="1470112" total="10747904" percent="13">
    <mem type="nursery" free="0" total="4980736" percent="0">
      <mem type="allocate" free="0" total="3538944" percent="0" />
      <mem type="survivor" free="0" total="1441792" percent="0" />
    </mem>
    <mem type="tenure" free="1470112" total="5767168" percent="25">
      <mem type="soa" free="1221280" total="5479424" percent="22" />
      <mem type="loa" free="248832" total="287744" percent="86" />
    </mem>
    <remembered-set count="311" />
  </mem-info>
</gc-start>
<allocation-stats totalBytes="2613104" >
  <allocated-bytes non-tlh="49168" tlh="2563936" />
  <largest-consumer threadName="Thread-3" threadId="0000000000D2C900" bytes="1409496" />
</allocation-stats>
<gc-op id="888" type="scavenge" timems="0.359" contextid="885" timestamp="2019-06-17T03:33:16.363">
  <scavenger-info tenureage="1" tenuremask="7ffe" tiltratio="71" />
  <memory-copied type="nursery" objects="1441" bytes="674640" bytesdiscarded="242648" />
  <memory-copied type="tenure" objects="795" bytes="341520" bytesdiscarded="616" />
</gc-op>
<gc-end id="889" type="scavenge" contextid="885" durationms="0.519" usertimems="0.000" systemtimems="0.000" timestamp="2019-06-17T03:33:16.363" activeThreads="4">
  <mem-info id="890" free="3739672" total="10747904" percent="34">
    <mem type="nursery" free="2687144" total="4980736" percent="53">
      <mem type="allocate" free="2687144" total="3604480" percent="74" />
      <mem type="survivor" free="0" total="1376256" percent="0" />
    </mem>
    <mem type="tenure" free="1052528" total="5767168" percent="18">
      <mem type="soa" free="803696" total="5479424" percent="14" />
      <mem type="loa" free="248832" total="287744" percent="86" />
    </mem>
    <remembered-set count="135" />
  </mem-info>
</gc-end>
<cycle-end id="891" type="scavenge" contextid="885" timestamp="2019-06-17T03:33:16.364" />
  <attribute name="elasticGC enabled" value="1" />
  <attribute name= "numThreadsSpecified" value="4" />
  <attribute name="heapSize specified" value="11010048" />
  <attribute name="Current GC Util" value="5" />
  <attribute name= "Current Time Running" value="2944" />
  <attribute name ="GC Interval" value="200" />
  <attribute name="ProportionalT" value="-22.500000" />
  <attribute name="ProportionalI" value="-22.500000" />
  <attribute name="ProportionalH" value="-22.500000" />
  <attribute name="Current Error" value="-15.000000" />
  <attribute name="IntegralT" value="-315.000000" />
  <attribute name="IntegralI" value="-315.000000" />
  <attribute name="IntegralH" value="-315.000000" />
  <attribute name="DerivativeT" value="-1.071429" />
  <attribute name="DerivativeI" value="-1.071429" />
  <attribute name="DerivativeH" value="-1.071429" />
  <attribute name="Loop Time for DT" value="21.000000" />
  <attribute name="Output H" value="2092630016"/>
  <attribute name="Output I" value="200"/>
  <attribute name="Output T" value="4"/>
  <attribute name="Target GC Util Change" value ="20.000000" />
  <attribute name="Current GC Util Change" value="5.000000"/>
  <attribute name="GC Util currently" value="5" />
  <attribute name="CPU Util currently" value="216738737556" />
<allocation-satisfied id="892" threadId="0000000000D34100" bytesRequested="32776" />
<af-end id="893" timestamp="2019-06-17T03:33:16.364" threadId="0000000000D34A88" success="true" from="nursery"/>
<exclusive-end id="894" timestamp="2019-06-17T03:33:16.364" durationms="0.958" />

<exclusive-start id="895" timestamp="2019-06-17T03:33:16.392" intervalms="29.078">
  <response-info timems="0.040" idlems="0.040" threads="0" lastid="0000000000D30500" lastname="Thread-4" />
</exclusive-start>
<af-start id="896" threadId="0000000000D30E88" totalBytesRequested="2056" timestamp="2019-06-17T03:33:16.392" intervalms="29.042" type="nursery" />
<cycle-start id="897" type="scavenge" contextid="0" timestamp="2019-06-17T03:33:16.392" intervalms="29.053" />
<gc-start id="898" type="scavenge" contextid="897" timestamp="2019-06-17T03:33:16.392">
  <mem-info id="899" free="1052528" total="10747904" percent="9">
    <mem type="nursery" free="0" total="4980736" percent="0">
      <mem type="allocate" free="0" total="3604480" percent="0" />
      <mem type="survivor" free="0" total="1376256" percent="0" />
    </mem>
    <mem type="tenure" free="1052528" total="5767168" percent="18">
      <mem type="soa" free="803696" total="5479424" percent="14" />
      <mem type="loa" free="248832" total="287744" percent="86" />
    </mem>
    <remembered-set count="279" />
  </mem-info>
</gc-start>
<allocation-stats totalBytes="2644688" >
  <allocated-bytes non-tlh="32776" tlh="2611912" />
  <largest-consumer threadName="Thread-4" threadId="0000000000D30500" bytes="1190848" />
</allocation-stats>
<gc-op id="900" type="scavenge" timems="2.501" contextid="897" timestamp="2019-06-17T03:33:16.395">
  <scavenger-info tenureage="1" tenuremask="7ffe" tiltratio="72" />
  <memory-copied type="nursery" objects="1043" bytes="395816" bytesdiscarded="203776" />
  <memory-copied type="tenure" objects="687" bytes="323520" bytesdiscarded="440" />
  <references type="phantom" candidates="1" cleared="0" enqueued="0" />
</gc-op>
<heap-resize id="901" type="expand" space="nursery" amount="262144" count="1" timems="0.015" reason="excessive time being spent scavenging" timestamp="2019-06-17T03:33:16.395" />
<gc-end id="902" type="scavenge" contextid="897" durationms="2.977" usertimems="4.000" systemtimems="0.000" timestamp="2019-06-17T03:33:16.395" activeThreads="4">
  <mem-info id="903" free="3958000" total="11010048" percent="35">
    <mem type="nursery" free="3332528" total="5242880" percent="63">
      <mem type="allocate" free="3332528" total="3932160" percent="84" />
      <mem type="survivor" free="0" total="1310720" percent="0" />
    </mem>
    <mem type="tenure" free="625472" total="5767168" percent="10">
      <mem type="soa" free="376640" total="5479424" percent="6" />
      <mem type="loa" free="248832" total="287744" percent="86" />
    </mem>
    <remembered-set count="136" />
  </mem-info>
</gc-end>
<cycle-end id="904" type="scavenge" contextid="897" timestamp="2019-06-17T03:33:16.395" />
  <attribute name="elasticGC enabled" value="1" />
  <attribute name= "numThreadsSpecified" value="4" />
  <attribute name="heapSize specified" value="11010048" />
  <attribute name="Current GC Util" value="3" />
  <attribute name= "Current Time Running" value="2973" />
  <attribute name ="GC Interval" value="200" />
  <attribute name="ProportionalT" value="-25.500000" />
  <attribute name="ProportionalI" value="-25.500000" />
  <attribute name="ProportionalH" value="-25.500000" />
  <attribute name="Current Error" value="-17.000000" />
  <attribute name="IntegralT" value="-493.000000" />
  <attribute name="IntegralI" value="-493.000000" />
  <attribute name="IntegralH" value="-493.000000" />
  <attribute name="DerivativeT" value="-0.879310" />
  <attribute name="DerivativeI" value="-0.879310" />
  <attribute name="DerivativeH" value="-0.879310" />
  <attribute name="Loop Time for DT" value="29.000000" />
  <attribute name="Output H" value="2092630016"/>
  <attribute name="Output I" value="200"/>
  <attribute name="Output T" value="4"/>
  <attribute name="Target GC Util Change" value ="20.000000" />
  <attribute name="Current GC Util Change" value="3.000000"/>
  <attribute name="GC Util currently" value="3" />
  <attribute name="CPU Util currently" value="158301625595" />
<allocation-satisfied id="905" threadId="0000000000D30500" bytesRequested="2056" />
<af-end id="906" timestamp="2019-06-17T03:33:16.395" threadId="0000000000D30E88" success="true" from="nursery"/>
<exclusive-end id="907" timestamp="2019-06-17T03:33:16.395" durationms="3.594" />

<concurrent-kickoff id="908" timestamp="2019-06-17T03:33:16.420">
  <kickoff reason="threshold reached" targetBytes="1579233" thresholdFreeBytes="215572"  remainingFree="121264" tenureFreeBytes="625472" nurseryFreeBytes="121264" />
</concurrent-kickoff>
<exclusive-start id="909" timestamp="2019-06-17T03:33:16.420" intervalms="28.353">
  <response-info timems="0.039" idlems="0.039" threads="0" lastid="0000000000D37D00" lastname="Thread-6" />
</exclusive-start>
<cycle-start id="910" type="global" contextid="0" timestamp="2019-06-17T03:33:16.420" intervalms="302.835" />
<exclusive-end id="911" timestamp="2019-06-17T03:33:16.420" durationms="0.103" />

<exclusive-start id="912" timestamp="2019-06-17T03:33:16.424" intervalms="3.710">
  <response-info timems="0.030" idlems="0.030" threads="0" lastid="0000000000D2C900" lastname="Thread-3" />
</exclusive-start>
<af-start id="913" threadId="0000000000D2D288" totalBytesRequested="16" timestamp="2019-06-17T03:33:16.424" intervalms="32.054" type="nursery" />
<cycle-start id="914" type="scavenge" contextid="0" timestamp="2019-06-17T03:33:16.424" intervalms="32.052" />
<gc-start id="915" type="scavenge" contextid="914" timestamp="2019-06-17T03:33:16.424">
  <mem-info id="916" free="625472" total="11010048" percent="5">
    <mem type="nursery" free="0" total="5242880" percent="0">
      <mem type="allocate" free="0" total="3932160" percent="0" />
      <mem type="survivor" free="0" total="1310720" percent="0" />
    </mem>
    <mem type="tenure" free="625472" total="5767168" percent="10">
      <mem type="soa" free="376640" total="5479424" percent="6" />
      <mem type="loa" free="248832" total="287744" percent="86" />
    </mem>
    <remembered-set count="329" />
  </mem-info>
</gc-start>
<allocation-stats totalBytes="3300184" >
  <allocated-bytes non-tlh="67608" tlh="3232576" />
  <largest-consumer threadName="Thread-5" threadId="0000000000D34100" bytes="1061392" />
</allocation-stats>
<gc-op id="917" type="scavenge" timems="0.444" contextid="914" timestamp="2019-06-17T03:33:16.425">
  <scavenger-info tenureage="1" tenuremask="7ffe" tiltratio="75" />
  <memory-copied type="nursery" objects="2401" bytes="957288" bytesdiscarded="191976" />
  <memory-copied type="tenure" objects="401" bytes="167688" bytesdiscarded="552" />
</gc-op>
<gc-end id="918" type="scavenge" contextid="914" durationms="0.639" usertimems="0.000" systemtimems="0.000" timestamp="2019-06-17T03:33:16.425" activeThreads="4">
  <mem-info id="919" free="2794344" total="11010048" percent="25">
    <mem type="nursery" free="2520688" total="5242880" percent="48">
      <mem type="allocate" free="2520688" total="3670016" percent="68" />
      <mem type="survivor" free="0" total="1572864" percent="0" />
    </mem>
    <mem type="tenure" free="273656" total="5767168" percent="4">
      <mem type="soa" free="24824" total="5479424" percent="0" />
      <mem type="loa" free="248832" total="287744" percent="86" />
    </mem>
    <remembered-set count="170" />
  </mem-info>
</gc-end>
<cycle-end id="920" type="scavenge" contextid="914" timestamp="2019-06-17T03:33:16.425" />
  <attribute name="elasticGC enabled" value="1" />
  <attribute name= "numThreadsSpecified" value="4" />
  <attribute name="heapSize specified" value="11010048" />
  <attribute name="Current GC Util" value="12" />
  <attribute name= "Current Time Running" value="3005" />
  <attribute name ="GC Interval" value="200" />
  <attribute name="ProportionalT" value="-12.000000" />
  <attribute name="ProportionalI" value="-12.000000" />
  <attribute name="ProportionalH" value="-12.000000" />
  <attribute name="Current Error" value="-8.000000" />
  <attribute name="IntegralT" value="-256.000000" />
  <attribute name="IntegralI" value="-256.000000" />
  <attribute name="IntegralH" value="-256.000000" />
  <attribute name="DerivativeT" value="-0.375000" />
  <attribute name="DerivativeI" value="-0.375000" />
  <attribute name="DerivativeH" value="-0.375000" />
  <attribute name="Loop Time for DT" value="32.000000" />
  <attribute name="Output H" value="2092630016"/>
  <attribute name="Output I" value="200"/>
  <attribute name="Output T" value="4"/>
  <attribute name="Target GC Util Change" value ="20.000000" />
  <attribute name="Current GC Util Change" value="12.000000"/>
  <attribute name="GC Util currently" value="12" />
  <attribute name="CPU Util currently" value="144095852107" />
<allocation-satisfied id="921" threadId="0000000000D2C900" bytesRequested="16" />
<af-end id="922" timestamp="2019-06-17T03:33:16.425" threadId="0000000000D2D288" success="true" from="nursery"/>
<exclusive-end id="923" timestamp="2019-06-17T03:33:16.425" durationms="1.123" />

<exclusive-start id="924" timestamp="2019-06-17T03:33:16.451" intervalms="27.368">
  <response-info timems="0.044" idlems="0.044" threads="0" lastid="0000000000D37D00" lastname="Thread-6" />
</exclusive-start>
<af-start id="925" threadId="0000000000D38688" totalBytesRequested="8200" timestamp="2019-06-17T03:33:16.451" intervalms="27.374" type="nursery" />
<cycle-start id="926" type="scavenge" contextid="0" timestamp="2019-06-17T03:33:16.451" intervalms="27.373" />
<gc-start id="927" type="scavenge" contextid="926" timestamp="2019-06-17T03:33:16.451">
  <mem-info id="928" free="273656" total="11010048" percent="2">
    <mem type="nursery" free="0" total="5242880" percent="0">
      <mem type="allocate" free="0" total="3670016" percent="0" />
      <mem type="survivor" free="0" total="1572864" percent="0" />
    </mem>
    <mem type="tenure" free="273656" total="5767168" percent="4">
      <mem type="soa" free="24824" total="5479424" percent="0" />
      <mem type="loa" free="248832" total="287744" percent="86" />
    </mem>
    <remembered-set count="314" />
  </mem-info>
</gc-start>
<allocation-stats totalBytes="2509680" >
  <allocated-bytes non-tlh="16" tlh="2509664" />
  <largest-consumer threadName="Thread-6" threadId="0000000000D37D00" bytes="887384" />
</allocation-stats>
<gc-op id="929" type="scavenge" timems="0.483" contextid="926" timestamp="2019-06-17T03:33:16.452">
  <scavenger-info tenureage="1" tenuremask="7ffe" tiltratio="70" />
  <memory-copied type="nursery" objects="1849" bytes="701488" bytesdiscarded="180992" />
  <memory-copied type="tenure" objects="1139" bytes="513480" bytesdiscarded="856" />
  <references type="weak" candidates="1" cleared="0" enqueued="0" />
  <references type="phantom" candidates="1" cleared="0" enqueued="0" />
  <heap-resize type="expand" space="tenure" amount="393216" count="6" timems="0.033" reason="continue current collection" />
</gc-op>
<gc-end id="930" type="scavenge" contextid="926" durationms="0.677" usertimems="0.000" systemtimems="0.000" timestamp="2019-06-17T03:33:16.452" activeThreads="4">
  <mem-info id="931" free="3189896" total="11403264" percent="27">
    <mem type="nursery" free="2853016" total="5242880" percent="54">
      <mem type="allocate" free="2853016" total="3735552" percent="76" />
      <mem type="survivor" free="0" total="1507328" percent="0" />
    </mem>
    <mem type="tenure" free="336880" total="6160384" percent="5">
      <mem type="soa" free="29680" total="5853184" percent="0" />
      <mem type="loa" free="307200" total="307200" percent="100" />
    </mem>
    <remembered-set count="144" />
  </mem-info>
</gc-end>
<cycle-end id="932" type="scavenge" contextid="926" timestamp="2019-06-17T03:33:16.452" />
  <attribute name="elasticGC enabled" value="1" />
  <attribute name= "numThreadsSpecified" value="4" />
  <attribute name="heapSize specified" value="11010048" />
  <attribute name="Current GC Util" value="4" />
  <attribute name= "Current Time Running" value="3033" />
  <attribute name ="GC Interval" value="200" />
  <attribute name="ProportionalT" value="-24.000000" />
  <attribute name="ProportionalI" value="-24.000000" />
  <attribute name="ProportionalH" value="-24.000000" />
  <attribute name="Current Error" value="-16.000000" />
  <attribute name="IntegralT" value="-448.000000" />
  <attribute name="IntegralI" value="-448.000000" />
  <attribute name="IntegralH" value="-448.000000" />
  <attribute name="DerivativeT" value="-0.857143" />
  <attribute name="DerivativeI" value="-0.857143" />
  <attribute name="DerivativeH" value="-0.857143" />
  <attribute name="Loop Time for DT" value="28.000000" />
  <attribute name="Output H" value="2092630016"/>
  <attribute name="Output I" value="200"/>
  <attribute name="Output T" value="4"/>
  <attribute name="Target GC Util Change" value ="20.000000" />
  <attribute name="Current GC Util Change" value="4.000000"/>
  <attribute name="GC Util currently" value="4" />
  <attribute name="CPU Util currently" value="168518653237" />
<allocation-satisfied id="933" threadId="0000000000D37D00" bytesRequested="8200" />
<af-end id="934" timestamp="2019-06-17T03:33:16.452" threadId="0000000000D38688" success="true" from="nursery"/>
<exclusive-end id="935" timestamp="2019-06-17T03:33:16.452" durationms="1.119" />

<exclusive-start id="936" timestamp="2019-06-17T03:33:16.452" intervalms="1.204">
  <response-info timems="0.019" idlems="0.019" threads="0" lastid="0000000000D37D00" lastname="Thread-6" />
</exclusive-start>
<concurrent-collection-start id="937" timestamp="2019-06-17T03:33:16.452" intervalms="638.756" >
  <concurrent-trace-info reason="card cleaning threshold reached" tracedByMutators="347436" tracedByHelpers="947600" cardsCleaned="141" workStackOverflowCount="0" />
</concurrent-collection-start>
<gc-start id="938" type="global" contextid="910" timestamp="2019-06-17T03:33:16.453">
  <mem-info id="939" free="3116160" total="11403264" percent="27">
    <mem type="nursery" free="2779280" total="5242880" percent="53">
      <mem type="allocate" free="2779280" total="3735552" percent="74" />
      <mem type="survivor" free="0" total="1507328" percent="0" />
    </mem>
    <mem type="tenure" free="336880" total="6160384" percent="5">
      <mem type="soa" free="29680" total="5853184" percent="0" />
      <mem type="loa" free="307200" total="307200" percent="100" />
    </mem>
    <remembered-set count="144" />
  </mem-info>
</gc-start>
<allocation-stats totalBytes="73736" >
  <allocated-bytes non-tlh="8200" tlh="65536" />
  <largest-consumer threadName="Thread-6" threadId="0000000000D37D00" bytes="73736" />
</allocation-stats>
<gc-op id="940" type="rs-scan" timems="0.159" contextid="910" timestamp="2019-06-17T03:33:16.453">
  <scan objectsFound="52" bytesTraced="4184" workStackOverflowCount="0" />
</gc-op>
<gc-op id="941" type="card-cleaning" timems="0.169" contextid="910" timestamp="2019-06-17T03:33:16.453">
  <card-cleaning cardsCleaned="94" bytesTraced="253384" workStackOverflowCount="0" />
</gc-op>
<gc-op id="942" type="mark" timems="0.875" contextid="910" timestamp="2019-06-17T03:33:16.454">
  <trace-info objectcount="1359" scancount="1201" scanbytes="213848" />
  <finalization candidates="25" enqueued="0" />
  <references type="soft" candidates="164" cleared="0" enqueued="0" dynamicThreshold="15" maxThreshold="32" />
  <references type="weak" candidates="238" cleared="0" enqueued="0" />
  <references type="phantom" candidates="71" cleared="0" enqueued="0" />
  <stringconstants candidates="3963" cleared="0"  />
</gc-op>
<gc-op id="943" type="sweep" timems="0.252" contextid="910" timestamp="2019-06-17T03:33:16.454" />
<mem-info id="944" free="6481960" total="11403264" percent="56">
  <mem type="nursery" free="3061432" total="5242880" percent="58">
    <mem type="allocate" free="3061432" total="3735552" percent="81" />
    <mem type="survivor" free="0" total="1507328" percent="0" />
  </mem>
  <mem type="tenure" free="3420528" total="6160384" percent="55" micro-fragmented="0" macro-fragmented="0">
    <mem type="soa" free="3113328" total="5853184" percent="53" />
    <mem type="loa" free="307200" total="307200" percent="100" />
  </mem>
  <remembered-set count="124" />
</mem-info>
<gc-op id="945" type="compact" timems="3.748" contextid="910" timestamp="2019-06-17T03:33:16.458">
  <compact-info movecount="10933" movebytes="1398760" reason="compact to aid heap contraction" />
</gc-op>
<heap-resize id="946" type="contract" space="tenure" amount="262144" count="1" timems="0.008" reason="heap reconfiguration" timestamp="2019-06-17T03:33:16.458" />
<gc-end id="947" type="global" contextid="910" durationms="6.018" usertimems="4.000" systemtimems="4.000" timestamp="2019-06-17T03:33:16.459" activeThreads="4">
  <mem-info id="948" free="6179128" total="11141120" percent="55">
    <mem type="nursery" free="3062704" total="5242880" percent="58">
      <mem type="allocate" free="3062704" total="3735552" percent="81" />
      <mem type="survivor" free="0" total="1507328" percent="0" />
    </mem>
    <mem type="tenure" free="3116424" total="5898240" percent="52">
      <mem type="soa" free="2866568" total="5603328" percent="51" />
      <mem type="loa" free="249856" total="294912" percent="84" />
    </mem>
    <remembered-set count="124" />
  </mem-info>
</gc-end>
<cycle-end id="949" type="global" contextid="910" timestamp="2019-06-17T03:33:16.459" />
  <attribute name="elasticGC enabled" value="1" />
  <attribute name= "numThreadsSpecified" value="4" />
  <attribute name="heapSize specified" value="11403264" />
  <attribute name="Current GC Util" value="42" />
  <attribute name= "Current Time Running" value="3039" />
  <attribute name ="GC Interval" value="200" />
  <attribute name="ProportionalT" value="33.000000" />
  <attribute name="ProportionalI" value="33.000000" />
  <attribute name="ProportionalH" value="33.000000" />
  <attribute name="Current Error" value="22.000000" />
  <attribute name="IntegralT" value="66.000000" />
  <attribute name="IntegralI" value="66.000000" />
  <attribute name="IntegralH" value="66.000000" />
  <attribute name="DerivativeT" value="11.000000" />
  <attribute name="DerivativeI" value="11.000000" />
  <attribute name="DerivativeH" value="11.000000" />
  <attribute name="Loop Time for DT" value="3.000000" />
  <attribute name="Output H" value="8388608"/>
  <attribute name="Output I" value="200"/>
  <attribute name="Output T" value="4"/>
  <attribute name="Target GC Util Change" value ="20.000000" />
  <attribute name="Current GC Util Change" value="42.000000"/>
  <attribute name="GC Util currently" value="42" />
  <attribute name="CPU Util currently" value="1196856613375" />
<concurrent-collection-end id="950" timestamp="2019-06-17T03:33:16.459" />
<exclusive-end id="951" timestamp="2019-06-17T03:33:16.459" durationms="6.512" />

<exclusive-start id="952" timestamp="2019-06-17T03:33:16.484" intervalms="31.338">
  <response-info timems="0.056" idlems="0.056" threads="0" lastid="0000000000D34100" lastname="Thread-5" />
</exclusive-start>
<af-start id="953" threadId="0000000000D34A88" totalBytesRequested="16392" timestamp="2019-06-17T03:33:16.484" intervalms="32.530" type="nursery" />
<cycle-start id="954" type="scavenge" contextid="0" timestamp="2019-06-17T03:33:16.484" intervalms="32.521" />
<gc-start id="955" type="scavenge" contextid="954" timestamp="2019-06-17T03:33:16.484">
  <mem-info id="956" free="3116424" total="11141120" percent="27">
    <mem type="nursery" free="0" total="5242880" percent="0">
      <mem type="allocate" free="0" total="3735552" percent="0" />
      <mem type="survivor" free="0" total="1507328" percent="0" />
    </mem>
    <mem type="tenure" free="3116424" total="5898240" percent="52">
      <mem type="soa" free="2866568" total="5603328" percent="51" />
      <mem type="loa" free="249856" total="294912" percent="84" />
    </mem>
    <remembered-set count="274" />
  </mem-info>
</gc-start>
<allocation-stats totalBytes="2965544" >
  <allocated-bytes non-tlh="131104" tlh="2834440" />
  <largest-consumer threadName="Thread-6" threadId="0000000000D37D00" bytes="1234520" />
</allocation-stats>
<gc-op id="957" type="scavenge" timems="0.510" contextid="954" timestamp="2019-06-17T03:33:16.485">
  <scavenger-info tenureage="1" tenuremask="7ffe" tiltratio="71" />
  <memory-copied type="nursery" objects="1885" bytes="785080" bytesdiscarded="1592" />
  <memory-copied type="tenure" objects="34" bytes="3064" bytesdiscarded="0" />
</gc-op>
<gc-end id="958" type="scavenge" contextid="954" durationms="0.673" usertimems="0.000" systemtimems="4.000" timestamp="2019-06-17T03:33:16.485" activeThreads="1">
  <mem-info id="959" free="6157144" total="11141120" percent="55">
    <mem type="nursery" free="3079888" total="5242880" percent="58">
      <mem type="allocate" free="3079888" total="3866624" percent="79" />
      <mem type="survivor" free="0" total="1376256" percent="0" />
    </mem>
    <mem type="tenure" free="3077256" total="5898240" percent="52">
      <mem type="soa" free="2827400" total="5603328" percent="50" />
      <mem type="loa" free="249856" total="294912" percent="84" />
    </mem>
    <remembered-set count="124" />
  </mem-info>
</gc-end>
<cycle-end id="960" type="scavenge" contextid="954" timestamp="2019-06-17T03:33:16.485" />
  <attribute name="elasticGC enabled" value="1" />
  <attribute name= "numThreadsSpecified" value="1" />
  <attribute name="heapSize specified" value="11403264" />
  <attribute name="Current GC Util" value="20" />
  <attribute name= "Current Time Running" value="3065" />
  <attribute name ="GC Interval" value="200" />
  <attribute name="ProportionalT" value="0.000000" />
  <attribute name="ProportionalI" value="0.000000" />
  <attribute name="ProportionalH" value="0.000000" />
  <attribute name="Current Error" value="0.000000" />
  <attribute name="IntegralT" value="0.000000" />
  <attribute name="IntegralI" value="0.000000" />
  <attribute name="IntegralH" value="0.000000" />
  <attribute name="DerivativeT" value="-1.269231" />
  <attribute name="DerivativeI" value="-1.269231" />
  <attribute name="DerivativeH" value="-1.269231" />
  <attribute name="Loop Time for DT" value="26.000000" />
  <attribute name="Output H" value="8388608"/>
  <attribute name="Output I" value="200"/>
  <attribute name="Output T" value="1"/>
  <attribute name="Target GC Util Change" value ="20.000000" />
  <attribute name="Current GC Util Change" value="20.000000"/>
  <attribute name="GC Util currently" value="20" />
  <attribute name="CPU Util currently" value="179427389796" />
<allocation-satisfied id="961" threadId="0000000000D34100" bytesRequested="16392" />
<af-end id="962" timestamp="2019-06-17T03:33:16.485" threadId="0000000000D34A88" success="true" from="nursery"/>
<exclusive-end id="963" timestamp="2019-06-17T03:33:16.485" durationms="1.050" />

<exclusive-start id="964" timestamp="2019-06-17T03:33:16.523" intervalms="39.046">
  <response-info timems="0.034" idlems="0.034" threads="0" lastid="0000000000D37D00" lastname="Thread-6" />
</exclusive-start>
<af-start id="965" threadId="0000000000D38688" totalBytesRequested="8200" timestamp="2019-06-17T03:33:16.523" intervalms="39.048" type="nursery" />
<cycle-start id="966" type="scavenge" contextid="0" timestamp="2019-06-17T03:33:16.523" intervalms="39.048" />
<gc-start id="967" type="scavenge" contextid="966" timestamp="2019-06-17T03:33:16.523">
  <mem-info id="968" free="3077256" total="11141120" percent="27">
    <mem type="nursery" free="0" total="5242880" percent="0">
      <mem type="allocate" free="0" total="3866624" percent="0" />
      <mem type="survivor" free="0" total="1376256" percent="0" />
    </mem>
    <mem type="tenure" free="3077256" total="5898240" percent="52">
      <mem type="soa" free="2827400" total="5603328" percent="50" />
      <mem type="loa" free="249856" total="294912" percent="84" />
    </mem>
    <remembered-set count="307" />
  </mem-info>
</gc-start>
<allocation-stats totalBytes="3060472" >
  <allocated-bytes non-tlh="81944" tlh="2978528" />
  <largest-consumer threadName="Thread-5" threadId="0000000000D34100" bytes="871288" />
</allocation-stats>
<gc-op id="969" type="scavenge" timems="0.390" contextid="966" timestamp="2019-06-17T03:33:16.523">
  <scavenger-info tenureage="1" tenuremask="7ffe" tiltratio="73" />
  <memory-copied type="nursery" objects="2440" bytes="956816" bytesdiscarded="85752" />
  <memory-copied type="tenure" objects="79" bytes="39528" bytesdiscarded="40" />
  <references type="weak" candidates="1" cleared="0" enqueued="0" />
  <references type="phantom" candidates="1" cleared="0" enqueued="0" />
</gc-op>
<gc-end id="970" type="scavenge" contextid="966" durationms="0.551" usertimems="0.000" systemtimems="0.000" timestamp="2019-06-17T03:33:16.524" activeThreads="4">
  <mem-info id="971" free="5730496" total="11141120" percent="51">
    <mem type="nursery" free="2955064" total="5242880" percent="56">
      <mem type="allocate" free="2955064" total="3997696" percent="73" />
      <mem type="survivor" free="0" total="1245184" percent="0" />
    </mem>
    <mem type="tenure" free="2775432" total="5898240" percent="47">
      <mem type="soa" free="2525576" total="5603328" percent="45" />
      <mem type="loa" free="249856" total="294912" percent="84" />
    </mem>
    <remembered-set count="107" />
  </mem-info>
</gc-end>
<cycle-end id="972" type="scavenge" contextid="966" timestamp="2019-06-17T03:33:16.524" />
  <attribute name="elasticGC enabled" value="1" />
  <attribute name= "numThreadsSpecified" value="4" />
  <attribute name="heapSize specified" value="11403264" />
  <attribute name="Current GC Util" value="1" />
  <attribute name= "Current Time Running" value="3104" />
  <attribute name ="GC Interval" value="200" />
  <attribute name="ProportionalT" value="-28.500000" />
  <attribute name="ProportionalI" value="-28.500000" />
  <attribute name="ProportionalH" value="-28.500000" />
  <attribute name="Current Error" value="-19.000000" />
  <attribute name="IntegralT" value="-741.000000" />
  <attribute name="IntegralI" value="-741.000000" />
  <attribute name="IntegralH" value="-741.000000" />
  <attribute name="DerivativeT" value="-0.730769" />
  <attribute name="DerivativeI" value="-0.730769" />
  <attribute name="DerivativeH" value="-0.730769" />
  <attribute name="Loop Time for DT" value="39.000000" />
  <attribute name="Output H" value="2092630016"/>
  <attribute name="Output I" value="200"/>
  <attribute name="Output T" value="4"/>
  <attribute name="Target GC Util Change" value ="20.000000" />
  <attribute name="Current GC Util Change" value="1.000000"/>
  <attribute name="GC Util currently" value="1" />
  <attribute name="CPU Util currently" value="118102883867" />
<allocation-satisfied id="973" threadId="0000000000D37D00" bytesRequested="8200" />
<af-end id="974" timestamp="2019-06-17T03:33:16.524" threadId="0000000000D38688" success="true" from="nursery"/>
<exclusive-end id="975" timestamp="2019-06-17T03:33:16.524" durationms="0.924" />

<exclusive-start id="976" timestamp="2019-06-17T03:33:16.556" intervalms="33.096">
  <response-info timems="0.059" idlems="0.059" threads="0" lastid="0000000000D34100" lastname="Thread-5" />
</exclusive-start>
<af-start id="977" threadId="0000000000D34A88" totalBytesRequested="48" timestamp="2019-06-17T03:33:16.556" intervalms="33.091" type="nursery" />
<cycle-start id="978" type="scavenge" contextid="0" timestamp="2019-06-17T03:33:16.556" intervalms="33.092" />
<gc-start id="979" type="scavenge" contextid="978" timestamp="2019-06-17T03:33:16.556">
  <mem-info id="980" free="2775432" total="11141120" percent="24">
    <mem type="nursery" free="0" total="5242880" percent="0">
      <mem type="allocate" free="0" total="3997696" percent="0" />
      <mem type="survivor" free="0" total="1245184" percent="0" />
    </mem>
    <mem type="tenure" free="2775432" total="5898240" percent="47">
      <mem type="soa" free="2525576" total="5603328" percent="45" />
      <mem type="loa" free="249856" total="294912" percent="84" />
    </mem>
    <remembered-set count="254" />
  </mem-info>
</gc-start>
<allocation-stats totalBytes="2905304" >
  <allocated-bytes non-tlh="40976" tlh="2864328" />
  <largest-consumer threadName="Thread-4" threadId="0000000000D30500" bytes="873376" />
</allocation-stats>
<gc-op id="981" type="scavenge" timems="0.393" contextid="978" timestamp="2019-06-17T03:33:16.557">
  <scavenger-info tenureage="1" tenuremask="7ffe" tiltratio="76" />
  <memory-copied type="nursery" objects="2515" bytes="946424" bytesdiscarded="298688" />
  <references type="phantom" candidates="1" cleared="0" enqueued="0" />
</gc-op>
<gc-end id="982" type="scavenge" contextid="978" durationms="0.559" usertimems="0.000" systemtimems="0.000" timestamp="2019-06-17T03:33:16.557" activeThreads="4">
  <mem-info id="983" free="5659016" total="11141120" percent="50">
    <mem type="nursery" free="2883584" total="5242880" percent="55">
      <mem type="allocate" free="2883584" total="4128768" percent="69" />
      <mem type="survivor" free="0" total="1114112" percent="0" />
    </mem>
    <mem type="tenure" free="2775432" total="5898240" percent="47">
      <mem type="soa" free="2525576" total="5603328" percent="45" />
      <mem type="loa" free="249856" total="294912" percent="84" />
    </mem>
    <remembered-set count="105" />
  </mem-info>
</gc-end>
<cycle-end id="984" type="scavenge" contextid="978" timestamp="2019-06-17T03:33:16.557" />
  <attribute name="elasticGC enabled" value="1" />
  <attribute name= "numThreadsSpecified" value="4" />
  <attribute name="heapSize specified" value="11403264" />
  <attribute name="Current GC Util" value="3" />
  <attribute name= "Current Time Running" value="3137" />
  <attribute name ="GC Interval" value="200" />
  <attribute name="ProportionalT" value="-25.500000" />
  <attribute name="ProportionalI" value="-25.500000" />
  <attribute name="ProportionalH" value="-25.500000" />
  <attribute name="Current Error" value="-17.000000" />
  <attribute name="IntegralT" value="-561.000000" />
  <attribute name="IntegralI" value="-561.000000" />
  <attribute name="IntegralH" value="-561.000000" />
  <attribute name="DerivativeT" value="-0.772727" />
  <attribute name="DerivativeI" value="-0.772727" />
  <attribute name="DerivativeH" value="-0.772727" />
  <attribute name="Loop Time for DT" value="33.000000" />
  <attribute name="Output H" value="2092630016"/>
  <attribute name="Output I" value="200"/>
  <attribute name="Output T" value="4"/>
  <attribute name="Target GC Util Change" value ="20.000000" />
  <attribute name="Current GC Util Change" value="3.000000"/>
  <attribute name="GC Util currently" value="3" />
  <attribute name="CPU Util currently" value="139307700982" />
<allocation-satisfied id="985" threadId="0000000000D34100" bytesRequested="48" />
<af-end id="986" timestamp="2019-06-17T03:33:16.557" threadId="0000000000D34A88" success="true" from="nursery"/>
<exclusive-end id="987" timestamp="2019-06-17T03:33:16.557" durationms="0.934" />

<exclusive-start id="988" timestamp="2019-06-17T03:33:16.589" intervalms="33.464">
  <response-info timems="0.037" idlems="0.037" threads="0" lastid="0000000000D30500" lastname="Thread-4" />
</exclusive-start>
<af-start id="989" threadId="0000000000D30E88" totalBytesRequested="16" timestamp="2019-06-17T03:33:16.589" intervalms="33.480" type="nursery" />
<cycle-start id="990" type="scavenge" contextid="0" timestamp="2019-06-17T03:33:16.590" intervalms="33.488" />
<gc-start id="991" type="scavenge" contextid="990" timestamp="2019-06-17T03:33:16.590">
  <mem-info id="992" free="2775432" total="11141120" percent="24">
    <mem type="nursery" free="0" total="5242880" percent="0">
      <mem type="allocate" free="0" total="4128768" percent="0" />
      <mem type="survivor" free="0" total="1114112" percent="0" />
    </mem>
    <mem type="tenure" free="2775432" total="5898240" percent="47">
      <mem type="soa" free="2525576" total="5603328" percent="45" />
      <mem type="loa" free="249856" total="294912" percent="84" />
    </mem>
    <remembered-set count="288" />
  </mem-info>
</gc-start>
<allocation-stats totalBytes="2854368" >
  <allocated-bytes non-tlh="48" tlh="2854320" />
  <largest-consumer threadName="Thread-5" threadId="0000000000D34100" bytes="1255656" />
</allocation-stats>
<gc-op id="993" type="scavenge" timems="2.541" contextid="990" timestamp="2019-06-17T03:33:16.592">
  <scavenger-info tenureage="1" tenuremask="7ffe" tiltratio="78" />
  <memory-copied type="nursery" objects="1792" bytes="727416" bytesdiscarded="216024" />
  <memory-copied type="tenure" objects="753" bytes="304496" bytesdiscarded="80" />
</gc-op>
<gc-end id="994" type="scavenge" contextid="990" durationms="2.899" usertimems="4.000" systemtimems="0.000" timestamp="2019-06-17T03:33:16.592" activeThreads="4">
  <mem-info id="995" free="5685488" total="11141120" percent="51">
    <mem type="nursery" free="3185280" total="5242880" percent="60">
      <mem type="allocate" free="3185280" total="4128768" percent="77" />
      <mem type="survivor" free="0" total="1114112" percent="0" />
    </mem>
    <mem type="tenure" free="2500208" total="5898240" percent="42">
      <mem type="soa" free="2250352" total="5603328" percent="40" />
      <mem type="loa" free="249856" total="294912" percent="84" />
    </mem>
    <remembered-set count="121" />
  </mem-info>
</gc-end>
<cycle-end id="996" type="scavenge" contextid="990" timestamp="2019-06-17T03:33:16.593" />
  <attribute name="elasticGC enabled" value="1" />
  <attribute name= "numThreadsSpecified" value="4" />
  <attribute name="heapSize specified" value="11403264" />
  <attribute name="Current GC Util" value="3" />
  <attribute name= "Current Time Running" value="3171" />
  <attribute name ="GC Interval" value="200" />
  <attribute name="ProportionalT" value="-25.500000" />
  <attribute name="ProportionalI" value="-25.500000" />
  <attribute name="ProportionalH" value="-25.500000" />
  <attribute name="Current Error" value="-17.000000" />
  <attribute name="IntegralT" value="-578.000000" />
  <attribute name="IntegralI" value="-578.000000" />
  <attribute name="IntegralH" value="-578.000000" />
  <attribute name="DerivativeT" value="-0.750000" />
  <attribute name="DerivativeI" value="-0.750000" />
  <attribute name="DerivativeH" value="-0.750000" />
  <attribute name="Loop Time for DT" value="34.000000" />
  <attribute name="Output H" value="2092630016"/>
  <attribute name="Output I" value="200"/>
  <attribute name="Output T" value="4"/>
  <attribute name="Target GC Util Change" value ="20.000000" />
  <attribute name="Current GC Util Change" value="3.000000"/>
  <attribute name="GC Util currently" value="3" />
  <attribute name="CPU Util currently" value="137610346886" />
<allocation-satisfied id="997" threadId="0000000000D30500" bytesRequested="16" />
<af-end id="998" timestamp="2019-06-17T03:33:16.593" threadId="0000000000D30E88" success="true" from="nursery"/>
<exclusive-end id="999" timestamp="2019-06-17T03:33:16.593" durationms="3.527" />

<exclusive-start id="1000" timestamp="2019-06-17T03:33:16.623" intervalms="33.807">
  <response-info timems="0.043" idlems="0.043" threads="0" lastid="0000000000D2C900" lastname="Thread-3" />
</exclusive-start>
<af-start id="1001" threadId="0000000000D2D288" totalBytesRequested="136" timestamp="2019-06-17T03:33:16.623" intervalms="33.812" type="nursery" />
<cycle-start id="1002" type="scavenge" contextid="0" timestamp="2019-06-17T03:33:16.623" intervalms="33.812" />
<gc-start id="1003" type="scavenge" contextid="1002" timestamp="2019-06-17T03:33:16.623">
  <mem-info id="1004" free="2500208" total="11141120" percent="22">
    <mem type="nursery" free="0" total="5242880" percent="0">
      <mem type="allocate" free="0" total="4128768" percent="0" />
      <mem type="survivor" free="0" total="1114112" percent="0" />
    </mem>
    <mem type="tenure" free="2500208" total="5898240" percent="42">
      <mem type="soa" free="2250352" total="5603328" percent="40" />
      <mem type="loa" free="249856" total="294912" percent="84" />
    </mem>
    <remembered-set count="290" />
  </mem-info>
</gc-start>
<allocation-stats totalBytes="3182000" >
  <allocated-bytes non-tlh="16" tlh="3181984" />
  <largest-consumer threadName="Thread-4" threadId="0000000000D30500" bytes="1329504" />
</allocation-stats>
<gc-op id="1005" type="scavenge" timems="5.459" contextid="1002" timestamp="2019-06-17T03:33:16.629">
  <scavenger-info tenureage="1" tenuremask="7ffe" tiltratio="78" />
  <memory-copied type="nursery" objects="1906" bytes="768984" bytesdiscarded="102016" />
  <memory-copied type="tenure" objects="712" bytes="289104" bytesdiscarded="736" />
</gc-op>
<heap-resize id="1006" type="expand" space="nursery" amount="393216" count="1" timems="0.036" reason="excessive time being spent scavenging" timestamp="2019-06-17T03:33:16.629" />
<gc-end id="1007" type="scavenge" contextid="1002" durationms="6.014" usertimems="8.000" systemtimems="0.000" timestamp="2019-06-17T03:33:16.629" activeThreads="4">
  <mem-info id="1008" free="5697416" total="11534336" percent="49">
    <mem type="nursery" free="3585392" total="5636096" percent="63">
      <mem type="allocate" free="3585392" total="4456448" percent="80" />
      <mem type="survivor" free="0" total="1179648" percent="0" />
    </mem>
    <mem type="tenure" free="2112024" total="5898240" percent="35">
      <mem type="soa" free="1862168" total="5603328" percent="33" />
      <mem type="loa" free="249856" total="294912" percent="84" />
    </mem>
    <remembered-set count="144" />
  </mem-info>
</gc-end>
<cycle-end id="1009" type="scavenge" contextid="1002" timestamp="2019-06-17T03:33:16.630" />
  <attribute name="elasticGC enabled" value="1" />
  <attribute name= "numThreadsSpecified" value="4" />
  <attribute name="heapSize specified" value="11403264" />
  <attribute name="Current GC Util" value="11" />
  <attribute name= "Current Time Running" value="3205" />
  <attribute name ="GC Interval" value="200" />
  <attribute name="ProportionalT" value="-13.500000" />
  <attribute name="ProportionalI" value="-13.500000" />
  <attribute name="ProportionalH" value="-13.500000" />
  <attribute name="Current Error" value="-9.000000" />
  <attribute name="IntegralT" value="-306.000000" />
  <attribute name="IntegralI" value="-306.000000" />
  <attribute name="IntegralH" value="-306.000000" />
  <attribute name="DerivativeT" value="-0.397059" />
  <attribute name="DerivativeI" value="-0.397059" />
  <attribute name="DerivativeH" value="-0.397059" />
  <attribute name="Loop Time for DT" value="34.000000" />
  <attribute name="Output H" value="2092630016"/>
  <attribute name="Output I" value="200"/>
  <attribute name="Output T" value="4"/>
  <attribute name="Target GC Util Change" value ="20.000000" />
  <attribute name="Current GC Util Change" value="11.000000"/>
  <attribute name="GC Util currently" value="11" />
  <attribute name="CPU Util currently" value="136423196272" />
<allocation-satisfied id="1010" threadId="0000000000D2C900" bytesRequested="136" />
<af-end id="1011" timestamp="2019-06-17T03:33:16.630" threadId="0000000000D2D288" success="true" from="nursery"/>
<exclusive-end id="1012" timestamp="2019-06-17T03:33:16.630" durationms="6.726" />

<exclusive-start id="1013" timestamp="2019-06-17T03:33:16.671" intervalms="48.097">
  <response-info timems="0.047" idlems="0.047" threads="0" lastid="0000000000D34100" lastname="Thread-5" />
</exclusive-start>
<af-start id="1014" threadId="0000000000D34A88" totalBytesRequested="48" timestamp="2019-06-17T03:33:16.671" intervalms="48.079" type="nursery" />
<cycle-start id="1015" type="scavenge" contextid="0" timestamp="2019-06-17T03:33:16.671" intervalms="48.069" />
<gc-start id="1016" type="scavenge" contextid="1015" timestamp="2019-06-17T03:33:16.671">
  <mem-info id="1017" free="2112024" total="11534336" percent="18">
    <mem type="nursery" free="0" total="5636096" percent="0">
      <mem type="allocate" free="0" total="4456448" percent="0" />
      <mem type="survivor" free="0" total="1179648" percent="0" />
    </mem>
    <mem type="tenure" free="2112024" total="5898240" percent="35">
      <mem type="soa" free="1862168" total="5603328" percent="33" />
      <mem type="loa" free="249856" total="294912" percent="84" />
    </mem>
    <remembered-set count="320" />
  </mem-info>
</gc-start>
<allocation-stats totalBytes="3553976" >
  <allocated-bytes non-tlh="65688" tlh="3488288" />
  <largest-consumer threadName="Thread-3" threadId="0000000000D2C900" bytes="1088888" />
</allocation-stats>
<gc-op id="1018" type="scavenge" timems="0.370" contextid="1015" timestamp="2019-06-17T03:33:16.672">
  <scavenger-info tenureage="1" tenuremask="7ffe" tiltratio="79" />
  <memory-copied type="nursery" objects="2697" bytes="1026280" bytesdiscarded="153296" />
  <memory-copied type="tenure" objects="65" bytes="39312" bytesdiscarded="8" />
</gc-op>
<gc-end id="1019" type="scavenge" contextid="1015" durationms="0.526" usertimems="0.000" systemtimems="0.000" timestamp="2019-06-17T03:33:16.672" activeThreads="4">
  <mem-info id="1020" free="4929560" total="11534336" percent="42">
    <mem type="nursery" free="3080192" total="5636096" percent="54">
      <mem type="allocate" free="3080192" total="4259840" percent="72" />
      <mem type="survivor" free="0" total="1376256" percent="0" />
    </mem>
    <mem type="tenure" free="1849368" total="5898240" percent="31">
      <mem type="soa" free="1599512" total="5603328" percent="28" />
      <mem type="loa" free="249856" total="294912" percent="84" />
    </mem>
    <remembered-set count="125" />
  </mem-info>
</gc-end>
<cycle-end id="1021" type="scavenge" contextid="1015" timestamp="2019-06-17T03:33:16.672" />
  <attribute name="elasticGC enabled" value="1" />
  <attribute name= "numThreadsSpecified" value="4" />
  <attribute name="heapSize specified" value="11403264" />
  <attribute name="Current GC Util" value="18" />
  <attribute name= "Current Time Running" value="3253" />
  <attribute name ="GC Interval" value="200" />
  <attribute name="ProportionalT" value="-3.000000" />
  <attribute name="ProportionalI" value="-3.000000" />
  <attribute name="ProportionalH" value="-3.000000" />
  <attribute name="Current Error" value="-2.000000" />
  <attribute name="IntegralT" value="-96.000000" />
  <attribute name="IntegralI" value="-96.000000" />
  <attribute name="IntegralH" value="-96.000000" />
  <attribute name="DerivativeT" value="-0.062500" />
  <attribute name="DerivativeI" value="-0.062500" />
  <attribute name="DerivativeH" value="-0.062500" />
  <attribute name="Loop Time for DT" value="48.000000" />
  <attribute name="Output H" value="2092630016"/>
  <attribute name="Output I" value="200"/>
  <attribute name="Output T" value="4"/>
  <attribute name="Target GC Util Change" value ="20.000000" />
  <attribute name="Current GC Util Change" value="18.000000"/>
  <attribute name="GC Util currently" value="18" />
  <attribute name="CPU Util currently" value="96004288759" />
<allocation-satisfied id="1022" threadId="0000000000D34100" bytesRequested="48" />
<af-end id="1023" timestamp="2019-06-17T03:33:16.672" threadId="0000000000D34A88" success="true" from="nursery"/>
<exclusive-end id="1024" timestamp="2019-06-17T03:33:16.672" durationms="0.898" />

<exclusive-start id="1025" timestamp="2019-06-17T03:33:16.696" intervalms="24.686">
  <response-info timems="0.042" idlems="0.042" threads="0" lastid="0000000000D30500" lastname="Thread-4" />
</exclusive-start>
<af-start id="1026" threadId="0000000000D30E88" totalBytesRequested="32776" timestamp="2019-06-17T03:33:16.696" intervalms="24.702" type="nursery" />
<cycle-start id="1027" type="scavenge" contextid="0" timestamp="2019-06-17T03:33:16.696" intervalms="24.718" />
<gc-start id="1028" type="scavenge" contextid="1027" timestamp="2019-06-17T03:33:16.696">
  <mem-info id="1029" free="1849368" total="11534336" percent="16">
    <mem type="nursery" free="0" total="5636096" percent="0">
      <mem type="allocate" free="0" total="4259840" percent="0" />
      <mem type="survivor" free="0" total="1376256" percent="0" />
    </mem>
    <mem type="tenure" free="1849368" total="5898240" percent="31">
      <mem type="soa" free="1599512" total="5603328" percent="28" />
      <mem type="loa" free="249856" total="294912" percent="84" />
    </mem>
    <remembered-set count="280" />
  </mem-info>
</gc-start>
<allocation-stats totalBytes="3009736" >
  <allocated-bytes non-tlh="48" tlh="3009688" />
  <largest-consumer threadName="Thread-3" threadId="0000000000D2C900" bytes="1221520" />
</allocation-stats>
<gc-op id="1030" type="scavenge" timems="6.015" contextid="1027" timestamp="2019-06-17T03:33:16.702">
  <scavenger-info tenureage="1" tenuremask="7ffe" tiltratio="75" />
  <memory-copied type="nursery" objects="1777" bytes="709544" bytesdiscarded="192040" />
  <memory-copied type="tenure" objects="790" bytes="341680" bytesdiscarded="8440" />
</gc-op>
<heap-resize id="1031" type="expand" space="nursery" amount="524288" count="1" timems="0.019" reason="excessive time being spent scavenging" timestamp="2019-06-17T03:33:16.703" />
<gc-end id="1032" type="scavenge" contextid="1027" durationms="6.602" usertimems="4.000" systemtimems="4.000" timestamp="2019-06-17T03:33:16.703" activeThreads="4">
  <mem-info id="1033" free="5399720" total="12058624" percent="44">
    <mem type="nursery" free="3816952" total="6160384" percent="61">
      <mem type="allocate" free="3816952" total="4718592" percent="80" />
      <mem type="survivor" free="0" total="1441792" percent="0" />
    </mem>
    <mem type="tenure" free="1582768" total="5898240" percent="26">
      <mem type="soa" free="1332912" total="5603328" percent="23" />
      <mem type="loa" free="249856" total="294912" percent="84" />
    </mem>
    <remembered-set count="116" />
  </mem-info>
</gc-end>
<cycle-end id="1034" type="scavenge" contextid="1027" timestamp="2019-06-17T03:33:16.703" />
  <attribute name="elasticGC enabled" value="1" />
  <attribute name= "numThreadsSpecified" value="4" />
  <attribute name="heapSize specified" value="11403264" />
  <attribute name="Current GC Util" value="4" />
  <attribute name= "Current Time Running" value="3277" />
  <attribute name ="GC Interval" value="200" />
  <attribute name="ProportionalT" value="-24.000000" />
  <attribute name="ProportionalI" value="-24.000000" />
  <attribute name="ProportionalH" value="-24.000000" />
  <attribute name="Current Error" value="-16.000000" />
  <attribute name="IntegralT" value="-384.000000" />
  <attribute name="IntegralI" value="-384.000000" />
  <attribute name="IntegralH" value="-384.000000" />
  <attribute name="DerivativeT" value="-1.000000" />
  <attribute name="DerivativeI" value="-1.000000" />
  <attribute name="DerivativeH" value="-1.000000" />
  <attribute name="Loop Time for DT" value="24.000000" />
  <attribute name="Output H" value="2092630016"/>
  <attribute name="Output I" value="200"/>
  <attribute name="Output T" value="4"/>
  <attribute name="Target GC Util Change" value ="20.000000" />
  <attribute name="Current GC Util Change" value="4.000000"/>
  <attribute name="GC Util currently" value="4" />
  <attribute name="CPU Util currently" value="186258916071" />
<allocation-satisfied id="1035" threadId="0000000000D30500" bytesRequested="32776" />
<af-end id="1036" timestamp="2019-06-17T03:33:16.703" threadId="0000000000D30E88" success="true" from="nursery"/>
<exclusive-end id="1037" timestamp="2019-06-17T03:33:16.703" durationms="7.380" />

<exclusive-start id="1038" timestamp="2019-06-17T03:33:16.744" intervalms="48.106">
  <response-info timems="0.109" idlems="0.109" threads="0" lastid="0000000000D37D00" lastname="Thread-6" />
</exclusive-start>
<af-start id="1039" threadId="0000000000D38688" totalBytesRequested="136" timestamp="2019-06-17T03:33:16.744" intervalms="48.094" type="nursery" />
<cycle-start id="1040" type="scavenge" contextid="0" timestamp="2019-06-17T03:33:16.744" intervalms="48.079" />
<gc-start id="1041" type="scavenge" contextid="1040" timestamp="2019-06-17T03:33:16.744">
  <mem-info id="1042" free="1582768" total="12058624" percent="13">
    <mem type="nursery" free="0" total="6160384" percent="0">
      <mem type="allocate" free="0" total="4718592" percent="0" />
      <mem type="survivor" free="0" total="1441792" percent="0" />
    </mem>
    <mem type="tenure" free="1582768" total="5898240" percent="26">
      <mem type="soa" free="1332912" total="5603328" percent="23" />
      <mem type="loa" free="249856" total="294912" percent="84" />
    </mem>
    <remembered-set count="296" />
  </mem-info>
</gc-start>
<allocation-stats totalBytes="3815400" >
  <allocated-bytes non-tlh="65552" tlh="3749848" />
  <largest-consumer threadName="Thread-3" threadId="0000000000D2C900" bytes="1269520" />
</allocation-stats>
<gc-op id="1043" type="scavenge" timems="0.435" contextid="1040" timestamp="2019-06-17T03:33:16.745">
  <scavenger-info tenureage="1" tenuremask="7ffe" tiltratio="76" />
  <memory-copied type="nursery" objects="1479" bytes="614872" bytesdiscarded="278680" />
  <memory-copied type="tenure" objects="673" bytes="287016" bytesdiscarded="16" />
  <references type="weak" candidates="1" cleared="0" enqueued="0" />
  <references type="phantom" candidates="1" cleared="0" enqueued="0" />
</gc-op>
<gc-end id="1044" type="scavenge" contextid="1040" durationms="0.595" usertimems="4.000" systemtimems="0.000" timestamp="2019-06-17T03:33:16.745" activeThreads="4">
  <mem-info id="1045" free="5259472" total="12058624" percent="43">
    <mem type="nursery" free="4087136" total="6160384" percent="66">
      <mem type="allocate" free="4087136" total="4980736" percent="82" />
      <mem type="survivor" free="0" total="1179648" percent="0" />
    </mem>
    <mem type="tenure" free="1172336" total="5898240" percent="19">
      <mem type="soa" free="922480" total="5603328" percent="16" />
      <mem type="loa" free="249856" total="294912" percent="84" />
    </mem>
    <remembered-set count="142" />
  </mem-info>
</gc-end>
<cycle-end id="1046" type="scavenge" contextid="1040" timestamp="2019-06-17T03:33:16.745" />
  <attribute name="elasticGC enabled" value="1" />
  <attribute name= "numThreadsSpecified" value="4" />
  <attribute name="heapSize specified" value="11403264" />
  <attribute name="Current GC Util" value="21" />
  <attribute name= "Current Time Running" value="3325" />
  <attribute name ="GC Interval" value="200" />
  <attribute name="ProportionalT" value="1.500000" />
  <attribute name="ProportionalI" value="1.500000" />
  <attribute name="ProportionalH" value="1.500000" />
  <attribute name="Current Error" value="1.000000" />
  <attribute name="IntegralT" value="48.000000" />
  <attribute name="IntegralI" value="48.000000" />
  <attribute name="IntegralH" value="48.000000" />
  <attribute name="DerivativeT" value="0.031250" />
  <attribute name="DerivativeI" value="0.031250" />
  <attribute name="DerivativeH" value="0.031250" />
  <attribute name="Loop Time for DT" value="48.000000" />
  <attribute name="Output H" value="8388608"/>
  <attribute name="Output I" value="200"/>
  <attribute name="Output T" value="4"/>
  <attribute name="Target GC Util Change" value ="20.000000" />
  <attribute name="Current GC Util Change" value="21.000000"/>
  <attribute name="GC Util currently" value="21" />
  <attribute name="CPU Util currently" value="95985591682" />
<allocation-satisfied id="1047" threadId="0000000000D37D00" bytesRequested="136" />
<af-end id="1048" timestamp="2019-06-17T03:33:16.745" threadId="0000000000D38688" success="true" from="nursery"/>
<exclusive-end id="1049" timestamp="2019-06-17T03:33:16.745" durationms="0.988" />

<exclusive-start id="1050" timestamp="2019-06-17T03:33:16.778" intervalms="33.662">
  <response-info timems="0.687" idlems="0.687" threads="0" lastid="0000000000D37D00" lastname="Thread-6" />
</exclusive-start>
<af-start id="1051" threadId="0000000000D38688" totalBytesRequested="2056" timestamp="2019-06-17T03:33:16.778" intervalms="33.664" type="nursery" />
<cycle-start id="1052" type="scavenge" contextid="0" timestamp="2019-06-17T03:33:16.778" intervalms="33.713" />
<gc-start id="1053" type="scavenge" contextid="1052" timestamp="2019-06-17T03:33:16.778">
  <mem-info id="1054" free="1172336" total="12058624" percent="9">
    <mem type="nursery" free="0" total="6160384" percent="0">
      <mem type="allocate" free="0" total="4980736" percent="0" />
      <mem type="survivor" free="0" total="1179648" percent="0" />
    </mem>
    <mem type="tenure" free="1172336" total="5898240" percent="19">
      <mem type="soa" free="922480" total="5603328" percent="16" />
      <mem type="loa" free="249856" total="294912" percent="84" />
    </mem>
    <remembered-set count="349" />
  </mem-info>
</gc-start>
<allocation-stats totalBytes="4010504" >
  <allocated-bytes non-tlh="32912" tlh="3977592" />
  <largest-consumer threadName="Thread-3" threadId="0000000000D2C900" bytes="1395568" />
</allocation-stats>
<gc-op id="1055" type="scavenge" timems="0.482" contextid="1052" timestamp="2019-06-17T03:33:16.779">
  <scavenger-info tenureage="1" tenuremask="7ffe" tiltratio="80" />
  <memory-copied type="nursery" objects="1955" bytes="786296" bytesdiscarded="141216" />
  <memory-copied type="tenure" objects="135" bytes="59248" bytesdiscarded="0" />
  <references type="weak" candidates="1" cleared="0" enqueued="0" />
  <references type="phantom" candidates="2" cleared="0" enqueued="0" />
</gc-op>
<gc-end id="1056" type="scavenge" contextid="1052" durationms="0.669" usertimems="4.000" systemtimems="0.000" timestamp="2019-06-17T03:33:16.779" activeThreads="4">
  <mem-info id="1057" free="5225488" total="12058624" percent="43">
    <mem type="nursery" free="4053152" total="6160384" percent="65">
      <mem type="allocate" free="4053152" total="4980736" percent="81" />
      <mem type="survivor" free="0" total="1179648" percent="0" />
    </mem>
    <mem type="tenure" free="1172336" total="5898240" percent="19">
      <mem type="soa" free="922480" total="5603328" percent="16" />
      <mem type="loa" free="249856" total="294912" percent="84" />
    </mem>
    <remembered-set count="130" />
  </mem-info>
</gc-end>
<cycle-end id="1058" type="scavenge" contextid="1052" timestamp="2019-06-17T03:33:16.779" />
  <attribute name="elasticGC enabled" value="1" />
  <attribute name= "numThreadsSpecified" value="4" />
  <attribute name="heapSize specified" value="11403264" />
  <attribute name="Current GC Util" value="3" />
  <attribute name= "Current Time Running" value="3359" />
  <attribute name ="GC Interval" value="200" />
  <attribute name="ProportionalT" value="-25.500000" />
  <attribute name="ProportionalI" value="-25.500000" />
  <attribute name="ProportionalH" value="-25.500000" />
  <attribute name="Current Error" value="-17.000000" />
  <attribute name="IntegralT" value="-578.000000" />
  <attribute name="IntegralI" value="-578.000000" />
  <attribute name="IntegralH" value="-578.000000" />
  <attribute name="DerivativeT" value="-0.794118" />
  <attribute name="DerivativeI" value="-0.794118" />
  <attribute name="DerivativeH" value="-0.794118" />
  <attribute name="Loop Time for DT" value="34.000000" />
  <attribute name="Output H" value="2092630016"/>
  <attribute name="Output I" value="200"/>
  <attribute name="Output T" value="4"/>
  <attribute name="Target GC Util Change" value ="20.000000" />
  <attribute name="Current GC Util Change" value="3.000000"/>
  <attribute name="GC Util currently" value="3" />
  <attribute name="CPU Util currently" value="136553248824" />
<allocation-satisfied id="1059" threadId="0000000000D37D00" bytesRequested="2056" />
<af-end id="1060" timestamp="2019-06-17T03:33:16.779" threadId="0000000000D38688" success="true" from="nursery"/>
<exclusive-end id="1061" timestamp="2019-06-17T03:33:16.779" durationms="1.205" />

<exclusive-start id="1062" timestamp="2019-06-17T03:33:16.815" intervalms="37.387">
  <response-info timems="0.050" idlems="0.050" threads="0" lastid="0000000000D30500" lastname="Thread-4" />
</exclusive-start>
<af-start id="1063" threadId="0000000000D30E88" totalBytesRequested="48" timestamp="2019-06-17T03:33:16.815" intervalms="37.392" type="nursery" />
<cycle-start id="1064" type="scavenge" contextid="0" timestamp="2019-06-17T03:33:16.815" intervalms="37.359" />
<gc-start id="1065" type="scavenge" contextid="1064" timestamp="2019-06-17T03:33:16.815">
  <mem-info id="1066" free="1172336" total="12058624" percent="9">
    <mem type="nursery" free="0" total="6160384" percent="0">
      <mem type="allocate" free="0" total="4980736" percent="0" />
      <mem type="survivor" free="0" total="1179648" percent="0" />
    </mem>
    <mem type="tenure" free="1172336" total="5898240" percent="19">
      <mem type="soa" free="922480" total="5603328" percent="16" />
      <mem type="loa" free="249856" total="294912" percent="84" />
    </mem>
    <remembered-set count="303" />
  </mem-info>
</gc-start>
<allocation-stats totalBytes="4050560" >
  <allocated-bytes non-tlh="2056" tlh="4048504" />
  <largest-consumer threadName="Thread-3" threadId="0000000000D2C900" bytes="1821528" />
</allocation-stats>
<gc-op id="1067" type="scavenge" timems="2.488" contextid="1064" timestamp="2019-06-17T03:33:16.818">
  <scavenger-info tenureage="1" tenuremask="7ffe" tiltratio="80" />
  <memory-copied type="nursery" objects="1573" bytes="614576" bytesdiscarded="275336" />
  <memory-copied type="tenure" objects="1196" bytes="515568" bytesdiscarded="1496" />
</gc-op>
<gc-end id="1068" type="scavenge" contextid="1064" durationms="2.851" usertimems="0.000" systemtimems="4.000" timestamp="2019-06-17T03:33:16.818" activeThreads="4">
  <mem-info id="1069" free="4821464" total="12058624" percent="39">
    <mem type="nursery" free="4156328" total="6160384" percent="67">
      <mem type="allocate" free="4156328" total="5046272" percent="82" />
      <mem type="survivor" free="0" total="1114112" percent="0" />
    </mem>
    <mem type="tenure" free="665136" total="5898240" percent="11">
      <mem type="soa" free="415280" total="5603328" percent="7" />
      <mem type="loa" free="249856" total="294912" percent="84" />
    </mem>
    <remembered-set count="153" />
  </mem-info>
</gc-end>
<cycle-end id="1070" type="scavenge" contextid="1064" timestamp="2019-06-17T03:33:16.818" />
  <attribute name="elasticGC enabled" value="1" />
  <attribute name= "numThreadsSpecified" value="4" />
  <attribute name="heapSize specified" value="11403264" />
  <attribute name="Current GC Util" value="3" />
  <attribute name= "Current Time Running" value="3397" />
  <attribute name ="GC Interval" value="200" />
  <attribute name="ProportionalT" value="-25.500000" />
  <attribute name="ProportionalI" value="-25.500000" />
  <attribute name="ProportionalH" value="-25.500000" />
  <attribute name="Current Error" value="-17.000000" />
  <attribute name="IntegralT" value="-646.000000" />
  <attribute name="IntegralI" value="-646.000000" />
  <attribute name="IntegralH" value="-646.000000" />
  <attribute name="DerivativeT" value="-0.671053" />
  <attribute name="DerivativeI" value="-0.671053" />
  <attribute name="DerivativeH" value="-0.671053" />
  <attribute name="Loop Time for DT" value="38.000000" />
  <attribute name="Output H" value="2092630016"/>
  <attribute name="Output I" value="200"/>
  <attribute name="Output T" value="4"/>
  <attribute name="Target GC Util Change" value ="20.000000" />
  <attribute name="Current GC Util Change" value="3.000000"/>
  <attribute name="GC Util currently" value="3" />
  <attribute name="CPU Util currently" value="123534320042" />
<allocation-satisfied id="1071" threadId="0000000000D30500" bytesRequested="48" />
<af-end id="1072" timestamp="2019-06-17T03:33:16.819" threadId="0000000000D30E88" success="true" from="nursery"/>
<exclusive-end id="1073" timestamp="2019-06-17T03:33:16.819" durationms="3.546" />

<concurrent-kickoff id="1074" timestamp="2019-06-17T03:33:16.853">
  <kickoff reason="threshold reached" targetBytes="1537419" thresholdFreeBytes="211193"  remainingFree="158632" tenureFreeBytes="665136" nurseryFreeBytes="158632" />
</concurrent-kickoff>
<exclusive-start id="1075" timestamp="2019-06-17T03:33:16.853" intervalms="38.166">
  <response-info timems="0.065" idlems="0.034" threads="1" lastid="0000000000D30500" lastname="Thread-4" />
</exclusive-start>
<cycle-start id="1076" type="global" contextid="0" timestamp="2019-06-17T03:33:16.853" intervalms="433.133" />
<exclusive-end id="1077" timestamp="2019-06-17T03:33:16.853" durationms="0.101" />

<exclusive-start id="1078" timestamp="2019-06-17T03:33:16.855" intervalms="1.947">
  <response-info timems="0.034" idlems="0.034" threads="0" lastid="0000000000D34100" lastname="Thread-5" />
</exclusive-start>
<af-start id="1079" threadId="0000000000D34A88" totalBytesRequested="16392" timestamp="2019-06-17T03:33:16.855" intervalms="40.091" type="nursery" />
<cycle-start id="1080" type="scavenge" contextid="0" timestamp="2019-06-17T03:33:16.855" intervalms="40.085" />
<gc-start id="1081" type="scavenge" contextid="1080" timestamp="2019-06-17T03:33:16.855">
  <mem-info id="1082" free="665136" total="12058624" percent="5">
    <mem type="nursery" free="0" total="6160384" percent="0">
      <mem type="allocate" free="0" total="5046272" percent="0" />
      <mem type="survivor" free="0" total="1114112" percent="0" />
    </mem>
    <mem type="tenure" free="665136" total="5898240" percent="11">
      <mem type="soa" free="415280" total="5603328" percent="7" />
      <mem type="loa" free="249856" total="294912" percent="84" />
    </mem>
    <remembered-set count="367" />
  </mem-info>
</gc-start>
<allocation-stats totalBytes="4101528" >
  <allocated-bytes non-tlh="65600" tlh="4035928" />
  <largest-consumer threadName="Thread-3" threadId="0000000000D2C900" bytes="1894408" />
</allocation-stats>
<gc-op id="1083" type="scavenge" timems="0.434" contextid="1080" timestamp="2019-06-17T03:33:16.856">
  <scavenger-info tenureage="1" tenuremask="7ffe" tiltratio="81" />
  <memory-copied type="nursery" objects="2607" bytes="1029528" bytesdiscarded="84520" />
  <memory-copied type="tenure" objects="308" bytes="145184" bytesdiscarded="520" />
  <copy-failed type="nursery" objects="80" bytes="50192" />
  <references type="weak" candidates="1" cleared="0" enqueued="0" />
  <references type="phantom" candidates="1" cleared="0" enqueued="0" />
</gc-op>
<gc-end id="1084" type="scavenge" contextid="1080" durationms="0.593" usertimems="0.000" systemtimems="0.000" timestamp="2019-06-17T03:33:16.856" activeThreads="4">
  <mem-info id="1085" free="3875320" total="12058624" percent="32">
    <mem type="nursery" free="3342336" total="6160384" percent="54">
      <mem type="allocate" free="3342336" total="4456448" percent="75" />
      <mem type="survivor" free="0" total="1703936" percent="0" />
    </mem>
    <mem type="tenure" free="532984" total="5898240" percent="9">
      <mem type="soa" free="283128" total="5603328" percent="5" />
      <mem type="loa" free="249856" total="294912" percent="84" />
    </mem>
    <remembered-set count="144" />
  </mem-info>
</gc-end>
<cycle-end id="1086" type="scavenge" contextid="1080" timestamp="2019-06-17T03:33:16.856" />
  <attribute name="elasticGC enabled" value="1" />
  <attribute name= "numThreadsSpecified" value="4" />
  <attribute name="heapSize specified" value="11403264" />
  <attribute name="Current GC Util" value="10" />
  <attribute name= "Current Time Running" value="3437" />
  <attribute name ="GC Interval" value="200" />
  <attribute name="ProportionalT" value="-15.000000" />
  <attribute name="ProportionalI" value="-15.000000" />
  <attribute name="ProportionalH" value="-15.000000" />
  <attribute name="Current Error" value="-10.000000" />
  <attribute name="IntegralT" value="-400.000000" />
  <attribute name="IntegralI" value="-400.000000" />
  <attribute name="IntegralH" value="-400.000000" />
  <attribute name="DerivativeT" value="-0.375000" />
  <attribute name="DerivativeI" value="-0.375000" />
  <attribute name="DerivativeH" value="-0.375000" />
  <attribute name="Loop Time for DT" value="40.000000" />
  <attribute name="Output H" value="2092630016"/>
  <attribute name="Output I" value="200"/>
  <attribute name="Output T" value="4"/>
  <attribute name="Target GC Util Change" value ="20.000000" />
  <attribute name="Current GC Util Change" value="10.000000"/>
  <attribute name="GC Util currently" value="10" />
  <attribute name="CPU Util currently" value="115145331428" />
<allocation-satisfied id="1087" threadId="0000000000D34100" bytesRequested="16392" />
<af-end id="1088" timestamp="2019-06-17T03:33:16.857" threadId="0000000000D34A88" success="true" from="nursery"/>
<exclusive-end id="1089" timestamp="2019-06-17T03:33:16.857" durationms="1.895" />

<exclusive-start id="1090" timestamp="2019-06-17T03:33:16.884" intervalms="28.554">
  <response-info timems="0.064" idlems="0.064" threads="0" lastid="0000000000D37D00" lastname="Thread-6" />
</exclusive-start>
<af-start id="1091" threadId="0000000000D38688" totalBytesRequested="8200" timestamp="2019-06-17T03:33:16.884" intervalms="28.562" type="nursery" />
<percolate-collect id="1092" from="nursery" to="global" reason="concurrent mark exhausted" timestamp="2019-06-17T03:33:16.884"/>
<gc-start id="1093" type="global" contextid="1076" timestamp="2019-06-17T03:33:16.884">
  <mem-info id="1094" free="532984" total="12058624" percent="4">
    <mem type="nursery" free="0" total="6160384" percent="0">
      <mem type="allocate" free="0" total="4456448" percent="0" />
      <mem type="survivor" free="0" total="1703936" percent="0" />
    </mem>
    <mem type="tenure" free="532984" total="5898240" percent="9">
      <mem type="soa" free="283128" total="5603328" percent="5" />
      <mem type="loa" free="249856" total="294912" percent="84" />
    </mem>
    <remembered-set count="275" />
  </mem-info>
</gc-start>
<allocation-stats totalBytes="3308232" >
  <allocated-bytes non-tlh="16392" tlh="3291840" />
  <largest-consumer threadName="Thread-3" threadId="0000000000D2C900" bytes="1252944" />
</allocation-stats>
<concurrent-halted id="1095" timestamp="2019-06-17T03:33:16.884">
  <halted state="Complete" status="exhausted" />
  <traced bytesTarget="1537419" bytesTotal="1293520" bytesByMutator="567792" bytesByHelper="725728" percent="84" />
  <cards cleaned="139" thresholdBytes="83197" />
</concurrent-halted>
<gc-op id="1096" type="rs-scan" timems="0.177" contextid="1076" timestamp="2019-06-17T03:33:16.884">
  <scan objectsFound="148" bytesTraced="13848" workStackOverflowCount="0" />
</gc-op>
<gc-op id="1097" type="card-cleaning" timems="0.136" contextid="1076" timestamp="2019-06-17T03:33:16.884">
  <card-cleaning cardsCleaned="35" bytesTraced="122300" workStackOverflowCount="0" />
</gc-op>
<gc-op id="1098" type="mark" timems="0.559" contextid="1076" timestamp="2019-06-17T03:33:16.885">
  <trace-info objectcount="1931" scancount="1687" scanbytes="317740" />
  <finalization candidates="25" enqueued="0" />
  <references type="soft" candidates="164" cleared="0" enqueued="0" dynamicThreshold="16" maxThreshold="32" />
  <references type="weak" candidates="238" cleared="0" enqueued="0" />
  <references type="phantom" candidates="71" cleared="0" enqueued="0" />
  <stringconstants candidates="3963" cleared="0"  />
</gc-op>
<gc-op id="1099" type="sweep" timems="0.152" contextid="1076" timestamp="2019-06-17T03:33:16.885" />
<mem-info id="1100" free="6983360" total="12058624" percent="57">
  <mem type="nursery" free="3518704" total="6160384" percent="57">
    <mem type="allocate" free="3518704" total="4456448" percent="78" />
    <mem type="survivor" free="0" total="1703936" percent="0" />
  </mem>
  <mem type="tenure" free="3464656" total="5898240" percent="58" micro-fragmented="0" macro-fragmented="0">
    <mem type="soa" free="3169744" total="5603328" percent="56" />
    <mem type="loa" free="294912" total="294912" percent="100" />
  </mem>
  <remembered-set count="235" />
</mem-info>
<gc-op id="1101" type="compact" timems="3.474" contextid="1076" timestamp="2019-06-17T03:33:16.889">
  <compact-info movecount="10730" movebytes="1343280" reason="compact to aid heap contraction" />
</gc-op>
<heap-resize id="1102" type="contract" space="tenure" amount="262144" count="1" timems="0.085" reason="heap reconfiguration" timestamp="2019-06-17T03:33:16.889" />
<gc-end id="1103" type="global" contextid="1076" durationms="5.361" usertimems="8.000" systemtimems="0.000" timestamp="2019-06-17T03:33:16.889" activeThreads="4">
  <mem-info id="1104" free="6713896" total="11796480" percent="56">
    <mem type="nursery" free="3542840" total="6160384" percent="57">
      <mem type="allocate" free="3542840" total="4456448" percent="79" />
      <mem type="survivor" free="0" total="1703936" percent="0" />
    </mem>
    <mem type="tenure" free="3171056" total="5636096" percent="56">
      <mem type="soa" free="2922224" total="5354496" percent="54" />
      <mem type="loa" free="248832" total="281600" percent="88" />
    </mem>
    <remembered-set count="235" />
  </mem-info>
</gc-end>
<cycle-end id="1105" type="global" contextid="1076" timestamp="2019-06-17T03:33:16.889" />
  <attribute name="elasticGC enabled" value="1" />
  <attribute name= "numThreadsSpecified" value="4" />
  <attribute name="heapSize specified" value="12058624" />
  <attribute name="Current GC Util" value="51" />
  <attribute name= "Current Time Running" value="3470" />
  <attribute name ="GC Interval" value="200" />
  <attribute name="ProportionalT" value="46.500000" />
  <attribute name="ProportionalI" value="46.500000" />
  <attribute name="ProportionalH" value="46.500000" />
  <attribute name="Current Error" value="31.000000" />
  <attribute name="IntegralT" value="124.000000" />
  <attribute name="IntegralI" value="124.000000" />
  <attribute name="IntegralH" value="124.000000" />
  <attribute name="DerivativeT" value="11.625000" />
  <attribute name="DerivativeI" value="11.625000" />
  <attribute name="DerivativeH" value="11.625000" />
  <attribute name="Loop Time for DT" value="4.000000" />
  <attribute name="Output H" value="8388608"/>
  <attribute name="Output I" value="200"/>
  <attribute name="Output T" value="4"/>
  <attribute name="Target GC Util Change" value ="20.000000" />
  <attribute name="Current GC Util Change" value="51.000000"/>
  <attribute name="GC Util currently" value="51" />
  <attribute name="CPU Util currently" value="1294929274234" />
<allocation-satisfied id="1106" threadId="0000000000D37D00" bytesRequested="8200" />
<af-end id="1107" timestamp="2019-06-17T03:33:16.890" threadId="0000000000D38688" success="true" from="nursery"/>
<exclusive-end id="1108" timestamp="2019-06-17T03:33:16.890" durationms="5.905" />

<exclusive-start id="1109" timestamp="2019-06-17T03:33:16.914" intervalms="29.940">
  <response-info timems="0.077" idlems="0.077" threads="0" lastid="0000000000D37D00" lastname="Thread-6" />
</exclusive-start>
<af-start id="1110" threadId="0000000000D38688" totalBytesRequested="40" timestamp="2019-06-17T03:33:16.914" intervalms="29.937" type="nursery" />
<cycle-start id="1111" type="scavenge" contextid="0" timestamp="2019-06-17T03:33:16.914" intervalms="58.488" />
<gc-start id="1112" type="scavenge" contextid="1111" timestamp="2019-06-17T03:33:16.914">
  <mem-info id="1113" free="3171056" total="11796480" percent="26">
    <mem type="nursery" free="0" total="6160384" percent="0">
      <mem type="allocate" free="0" total="4456448" percent="0" />
      <mem type="survivor" free="0" total="1703936" percent="0" />
    </mem>
    <mem type="tenure" free="3171056" total="5636096" percent="56">
      <mem type="soa" free="2922224" total="5354496" percent="54" />
      <mem type="loa" free="248832" total="281600" percent="88" />
    </mem>
    <remembered-set count="301" />
  </mem-info>
</gc-start>
<allocation-stats totalBytes="3520328" >
  <allocated-bytes non-tlh="40976" tlh="3479352" />
  <largest-consumer threadName="Thread-3" threadId="0000000000D2C900" bytes="1419192" />
</allocation-stats>
<gc-op id="1114" type="scavenge" timems="0.372" contextid="1111" timestamp="2019-06-17T03:33:16.914">
  <scavenger-info tenureage="1" tenuremask="7ffe" tiltratio="72" />
  <memory-copied type="nursery" objects="2606" bytes="1044544" bytesdiscarded="120976" />
  <memory-copied type="tenure" objects="11" bytes="640" bytesdiscarded="0" />
</gc-op>
<gc-end id="1115" type="scavenge" contextid="1111" durationms="0.531" usertimems="0.000" systemtimems="0.000" timestamp="2019-06-17T03:33:16.914" activeThreads="4">
  <mem-info id="1116" free="6553824" total="11796480" percent="55">
    <mem type="nursery" free="3421936" total="6160384" percent="55">
      <mem type="allocate" free="3421936" total="4587520" percent="74" />
      <mem type="survivor" free="0" total="1572864" percent="0" />
    </mem>
    <mem type="tenure" free="3131888" total="5636096" percent="55">
      <mem type="soa" free="2883056" total="5354496" percent="53" />
      <mem type="loa" free="248832" total="281600" percent="88" />
    </mem>
    <remembered-set count="95" />
  </mem-info>
</gc-end>
<cycle-end id="1117" type="scavenge" contextid="1111" timestamp="2019-06-17T03:33:16.915" />
  <attribute name="elasticGC enabled" value="1" />
  <attribute name= "numThreadsSpecified" value="4" />
  <attribute name="heapSize specified" value="12058624" />
  <attribute name="Current GC Util" value="38" />
  <attribute name= "Current Time Running" value="3495" />
  <attribute name ="GC Interval" value="480" />
  <attribute name="ProportionalT" value="27.000000" />
  <attribute name="ProportionalI" value="27.000000" />
  <attribute name="ProportionalH" value="27.000000" />
  <attribute name="Current Error" value="18.000000" />
  <attribute name="IntegralT" value="450.000000" />
  <attribute name="IntegralI" value="450.000000" />
  <attribute name="IntegralH" value="450.000000" />
  <attribute name="DerivativeT" value="-0.780000" />
  <attribute name="DerivativeI" value="-0.780000" />
  <attribute name="DerivativeH" value="-0.780000" />
  <attribute name="Loop Time for DT" value="25.000000" />
  <attribute name="Output H" value="8388608"/>
  <attribute name="Output I" value="480"/>
  <attribute name="Output T" value="4"/>
  <attribute name="Target GC Util Change" value ="20.000000" />
  <attribute name="Current GC Util Change" value="38.000000"/>
  <attribute name="GC Util currently" value="38" />
  <attribute name="CPU Util currently" value="184526075530" />
<allocation-satisfied id="1118" threadId="0000000000D37D00" bytesRequested="40" />
<af-end id="1119" timestamp="2019-06-17T03:33:16.915" threadId="0000000000D38688" success="true" from="nursery"/>
<exclusive-end id="1120" timestamp="2019-06-17T03:33:16.915" durationms="0.910" />

<exclusive-start id="1121" timestamp="2019-06-17T03:33:16.948" intervalms="34.311">
  <response-info timems="0.059" idlems="0.059" threads="0" lastid="0000000000D34100" lastname="Thread-5" />
</exclusive-start>
<af-start id="1122" threadId="0000000000D34A88" totalBytesRequested="8200" timestamp="2019-06-17T03:33:16.948" intervalms="34.314" type="nursery" />
<cycle-start id="1123" type="scavenge" contextid="0" timestamp="2019-06-17T03:33:16.948" intervalms="34.314" />
<gc-start id="1124" type="scavenge" contextid="1123" timestamp="2019-06-17T03:33:16.948">
  <mem-info id="1125" free="3131888" total="11796480" percent="26">
    <mem type="nursery" free="0" total="6160384" percent="0">
      <mem type="allocate" free="0" total="4587520" percent="0" />
      <mem type="survivor" free="0" total="1572864" percent="0" />
    </mem>
    <mem type="tenure" free="3131888" total="5636096" percent="55">
      <mem type="soa" free="2883056" total="5354496" percent="53" />
      <mem type="loa" free="248832" total="281600" percent="88" />
    </mem>
    <remembered-set count="259" />
  </mem-info>
</gc-start>
<allocation-stats totalBytes="3373208" >
  <allocated-bytes non-tlh="32816" tlh="3340392" />
  <largest-consumer threadName="Thread-4" threadId="0000000000D30500" bytes="1535960" />
</allocation-stats>
<gc-op id="1126" type="scavenge" timems="0.482" contextid="1123" timestamp="2019-06-17T03:33:16.949">
  <scavenger-info tenureage="1" tenuremask="7ffe" tiltratio="74" />
  <memory-copied type="nursery" objects="817" bytes="388720" bytesdiscarded="357648" />
  <memory-copied type="tenure" objects="1419" bytes="603288" bytesdiscarded="920" />
  <references type="phantom" candidates="1" cleared="0" enqueued="0" />
</gc-op>
<gc-end id="1127" type="scavenge" contextid="1123" durationms="0.642" usertimems="0.000" systemtimems="0.000" timestamp="2019-06-17T03:33:16.949" activeThreads="4">
  <mem-info id="1128" free="6116384" total="11796480" percent="51">
    <mem type="nursery" free="3906648" total="6160384" percent="63">
      <mem type="allocate" free="3906648" total="4653056" percent="83" />
      <mem type="survivor" free="0" total="1507328" percent="0" />
    </mem>
    <mem type="tenure" free="2209736" total="5636096" percent="39">
      <mem type="soa" free="1960904" total="5354496" percent="36" />
      <mem type="loa" free="248832" total="281600" percent="88" />
    </mem>
    <remembered-set count="137" />
  </mem-info>
</gc-end>
<cycle-end id="1129" type="scavenge" contextid="1123" timestamp="2019-06-17T03:33:16.949" />
  <attribute name="elasticGC enabled" value="1" />
  <attribute name= "numThreadsSpecified" value="4" />
  <attribute name="heapSize specified" value="12058624" />
  <attribute name="Current GC Util" value="3" />
  <attribute name= "Current Time Running" value="3529" />
  <attribute name ="GC Interval" value="200" />
  <attribute name="ProportionalT" value="-25.500000" />
  <attribute name="ProportionalI" value="-25.500000" />
  <attribute name="ProportionalH" value="-25.500000" />
  <attribute name="Current Error" value="-17.000000" />
  <attribute name="IntegralT" value="-578.000000" />
  <attribute name="IntegralI" value="-578.000000" />
  <attribute name="IntegralH" value="-578.000000" />
  <attribute name="DerivativeT" value="-1.544118" />
  <attribute name="DerivativeI" value="-1.544118" />
  <attribute name="DerivativeH" value="-1.544118" />
  <attribute name="Loop Time for DT" value="34.000000" />
  <attribute name="Output H" value="2092630016"/>
  <attribute name="Output I" value="200"/>
  <attribute name="Output T" value="4"/>
  <attribute name="Target GC Util Change" value ="20.000000" />
  <attribute name="Current GC Util Change" value="3.000000"/>
  <attribute name="GC Util currently" value="3" />
  <attribute name="CPU Util currently" value="134380054294" />
<allocation-satisfied id="1130" threadId="0000000000D34100" bytesRequested="8200" />
<af-end id="1131" timestamp="2019-06-17T03:33:16.949" threadId="0000000000D34A88" success="true" from="nursery"/>
<exclusive-end id="1132" timestamp="2019-06-17T03:33:16.949" durationms="1.036" />

<exclusive-start id="1133" timestamp="2019-06-17T03:33:16.975" intervalms="27.088">
  <response-info timems="0.041" idlems="0.041" threads="0" lastid="0000000000D30500" lastname="Thread-4" />
</exclusive-start>
<af-start id="1134" threadId="0000000000D30E88" totalBytesRequested="48" timestamp="2019-06-17T03:33:16.975" intervalms="27.101" type="nursery" />
<cycle-start id="1135" type="scavenge" contextid="0" timestamp="2019-06-17T03:33:16.975" intervalms="27.115" />
<gc-start id="1136" type="scavenge" contextid="1135" timestamp="2019-06-17T03:33:16.975">
  <mem-info id="1137" free="2209736" total="11796480" percent="18">
    <mem type="nursery" free="0" total="6160384" percent="0">
      <mem type="allocate" free="0" total="4653056" percent="0" />
      <mem type="survivor" free="0" total="1507328" percent="0" />
    </mem>
    <mem type="tenure" free="2209736" total="5636096" percent="39">
      <mem type="soa" free="1960904" total="5354496" percent="36" />
      <mem type="loa" free="248832" total="281600" percent="88" />
    </mem>
    <remembered-set count="328" />
  </mem-info>
</gc-start>
<allocation-stats totalBytes="3838152" >
  <allocated-bytes non-tlh="40976" tlh="3797176" />
  <largest-consumer threadName="Thread-5" threadId="0000000000D34100" bytes="1428184" />
</allocation-stats>
<gc-op id="1138" type="scavenge" timems="5.266" contextid="1135" timestamp="2019-06-17T03:33:16.981">
  <scavenger-info tenureage="2" tenuremask="7ffc" tiltratio="75" />
  <memory-copied type="nursery" objects="2546" bytes="1082896" bytesdiscarded="239264" />
  <references type="phantom" candidates="1" cleared="0" enqueued="0" />
</gc-op>
<heap-resize id="1139" type="expand" space="nursery" amount="524288" count="1" timems="0.015" reason="excessive time being spent scavenging" timestamp="2019-06-17T03:33:16.981" />
<gc-end id="1140" type="scavenge" contextid="1135" durationms="5.717" usertimems="4.000" systemtimems="4.000" timestamp="2019-06-17T03:33:16.981" activeThreads="4">
  <mem-info id="1141" free="5540544" total="12320768" percent="44">
    <mem type="nursery" free="3330808" total="6684672" percent="49">
      <mem type="allocate" free="3330808" total="4653056" percent="71" />
      <mem type="survivor" free="0" total="2031616" percent="0" />
    </mem>
    <mem type="tenure" free="2209736" total="5636096" percent="39">
      <mem type="soa" free="1960904" total="5354496" percent="36" />
      <mem type="loa" free="248832" total="281600" percent="88" />
    </mem>
    <remembered-set count="156" />
  </mem-info>
</gc-end>
<cycle-end id="1142" type="scavenge" contextid="1135" timestamp="2019-06-17T03:33:16.981" />
  <attribute name="elasticGC enabled" value="1" />
  <attribute name= "numThreadsSpecified" value="4" />
  <attribute name="heapSize specified" value="12058624" />
  <attribute name="Current GC Util" value="4" />
  <attribute name= "Current Time Running" value="3557" />
  <attribute name ="GC Interval" value="200" />
  <attribute name="ProportionalT" value="-24.000000" />
  <attribute name="ProportionalI" value="-24.000000" />
  <attribute name="ProportionalH" value="-24.000000" />
  <attribute name="Current Error" value="-16.000000" />
  <attribute name="IntegralT" value="-448.000000" />
  <attribute name="IntegralI" value="-448.000000" />
  <attribute name="IntegralH" value="-448.000000" />
  <attribute name="DerivativeT" value="-0.857143" />
  <attribute name="DerivativeI" value="-0.857143" />
  <attribute name="DerivativeH" value="-0.857143" />
  <attribute name="Loop Time for DT" value="28.000000" />
  <attribute name="Output H" value="2092630016"/>
  <attribute name="Output I" value="200"/>
  <attribute name="Output T" value="4"/>
  <attribute name="Target GC Util Change" value ="20.000000" />
  <attribute name="Current GC Util Change" value="4.000000"/>
  <attribute name="GC Util currently" value="4" />
  <attribute name="CPU Util currently" value="169939296101" />
<allocation-satisfied id="1143" threadId="0000000000D30500" bytesRequested="48" />
<af-end id="1144" timestamp="2019-06-17T03:33:16.981" threadId="0000000000D30E88" success="true" from="nursery"/>
<exclusive-end id="1145" timestamp="2019-06-17T03:33:16.982" durationms="6.452" />

<exclusive-start id="1146" timestamp="2019-06-17T03:33:17.011" intervalms="35.739">
  <response-info timems="0.037" idlems="0.037" threads="0" lastid="0000000000D37D00" lastname="Thread-6" />
</exclusive-start>
<af-start id="1147" threadId="0000000000D38688" totalBytesRequested="16392" timestamp="2019-06-17T03:33:17.011" intervalms="35.742" type="nursery" />
<cycle-start id="1148" type="scavenge" contextid="0" timestamp="2019-06-17T03:33:17.011" intervalms="35.740" />
<gc-start id="1149" type="scavenge" contextid="1148" timestamp="2019-06-17T03:33:17.011">
  <mem-info id="1150" free="2209736" total="12320768" percent="17">
    <mem type="nursery" free="0" total="6684672" percent="0">
      <mem type="allocate" free="0" total="4653056" percent="0" />
      <mem type="survivor" free="0" total="2031616" percent="0" />
    </mem>
    <mem type="tenure" free="2209736" total="5636096" percent="39">
      <mem type="soa" free="1960904" total="5354496" percent="36" />
      <mem type="loa" free="248832" total="281600" percent="88" />
    </mem>
    <remembered-set count="318" />
  </mem-info>
</gc-start>
<allocation-stats totalBytes="3316056" >
  <allocated-bytes non-tlh="32824" tlh="3283232" />
  <largest-consumer threadName="Thread-3" threadId="0000000000D2C900" bytes="1297696" />
</allocation-stats>
<gc-op id="1151" type="scavenge" timems="3.151" contextid="1148" timestamp="2019-06-17T03:33:17.014">
  <scavenger-info tenureage="2" tenuremask="7ffc" tiltratio="69" />
  <memory-copied type="nursery" objects="2232" bytes="919456" bytesdiscarded="325840" />
  <memory-copied type="tenure" objects="41" bytes="3760" bytesdiscarded="0" />
</gc-op>
<heap-resize id="1152" type="expand" space="nursery" amount="262144" count="1" timems="0.016" reason="excessive time being spent scavenging" timestamp="2019-06-17T03:33:17.015" />
<gc-end id="1153" type="scavenge" contextid="1148" durationms="3.703" usertimems="4.000" systemtimems="0.000" timestamp="2019-06-17T03:33:17.015" activeThreads="4">
  <mem-info id="1154" free="6141704" total="12582912" percent="48">
    <mem type="nursery" free="3931968" total="6946816" percent="56">
      <mem type="allocate" free="3931968" total="5177344" percent="75" />
      <mem type="survivor" free="0" total="1769472" percent="0" />
    </mem>
    <mem type="tenure" free="2209736" total="5636096" percent="39">
      <mem type="soa" free="1960904" total="5354496" percent="36" />
      <mem type="loa" free="248832" total="281600" percent="88" />
    </mem>
    <remembered-set count="118" />
  </mem-info>
</gc-end>
<cycle-end id="1155" type="scavenge" contextid="1148" timestamp="2019-06-17T03:33:17.015" />
  <attribute name="elasticGC enabled" value="1" />
  <attribute name= "numThreadsSpecified" value="4" />
  <attribute name="heapSize specified" value="12058624" />
  <attribute name="Current GC Util" value="25" />
  <attribute name= "Current Time Running" value="3592" />
  <attribute name ="GC Interval" value="200" />
  <attribute name="ProportionalT" value="7.500000" />
  <attribute name="ProportionalI" value="7.500000" />
  <attribute name="ProportionalH" value="7.500000" />
  <attribute name="Current Error" value="5.000000" />
  <attribute name="IntegralT" value="175.000000" />
  <attribute name="IntegralI" value="175.000000" />
  <attribute name="IntegralH" value="175.000000" />
  <attribute name="DerivativeT" value="0.214286" />
  <attribute name="DerivativeI" value="0.214286" />
  <attribute name="DerivativeH" value="0.214286" />
  <attribute name="Loop Time for DT" value="35.000000" />
  <attribute name="Output H" value="8388608"/>
  <attribute name="Output I" value="200"/>
  <attribute name="Output T" value="4"/>
  <attribute name="Target GC Util Change" value ="20.000000" />
  <attribute name="Current GC Util Change" value="25.000000"/>
  <attribute name="GC Util currently" value="25" />
  <attribute name="CPU Util currently" value="129027545432" />
<allocation-satisfied id="1156" threadId="0000000000D37D00" bytesRequested="16392" />
<af-end id="1157" timestamp="2019-06-17T03:33:17.015" threadId="0000000000D38688" success="true" from="nursery"/>
<exclusive-end id="1158" timestamp="2019-06-17T03:33:17.015" durationms="4.457" />

<exclusive-start id="1159" timestamp="2019-06-17T03:33:17.049" intervalms="38.132">
  <response-info timems="0.035" idlems="0.035" threads="0" lastid="0000000000D37D00" lastname="Thread-6" />
</exclusive-start>
<af-start id="1160" threadId="0000000000D38688" totalBytesRequested="16392" timestamp="2019-06-17T03:33:17.049" intervalms="38.310" type="nursery" />
<cycle-start id="1161" type="scavenge" contextid="0" timestamp="2019-06-17T03:33:17.049" intervalms="38.312" />
<gc-start id="1162" type="scavenge" contextid="1161" timestamp="2019-06-17T03:33:17.049">
  <mem-info id="1163" free="2209736" total="12582912" percent="17">
    <mem type="nursery" free="0" total="6946816" percent="0">
      <mem type="allocate" free="0" total="5177344" percent="0" />
      <mem type="survivor" free="0" total="1769472" percent="0" />
    </mem>
    <mem type="tenure" free="2209736" total="5636096" percent="39">
      <mem type="soa" free="1960904" total="5354496" percent="36" />
      <mem type="loa" free="248832" total="281600" percent="88" />
    </mem>
    <remembered-set count="306" />
  </mem-info>
</gc-start>
<allocation-stats totalBytes="3875872" >
  <allocated-bytes non-tlh="49168" tlh="3826704" />
  <largest-consumer threadName="Thread-4" threadId="0000000000D30500" bytes="1375072" />
</allocation-stats>
<gc-op id="1164" type="scavenge" timems="1.622" contextid="1161" timestamp="2019-06-17T03:33:17.051">
  <scavenger-info tenureage="2" tenuremask="7ffc" tiltratio="74" />
  <memory-copied type="nursery" objects="1424" bytes="715168" bytesdiscarded="169232" />
  <memory-copied type="tenure" objects="114" bytes="76648" bytesdiscarded="72" />
</gc-op>
<gc-end id="1165" type="scavenge" contextid="1161" durationms="2.021" usertimems="0.000" systemtimems="4.000" timestamp="2019-06-17T03:33:17.051" activeThreads="4">
  <mem-info id="1166" free="6626248" total="12582912" percent="52">
    <mem type="nursery" free="4489488" total="6946816" percent="64">
      <mem type="allocate" free="4489488" total="5373952" percent="83" />
      <mem type="survivor" free="0" total="1572864" percent="0" />
    </mem>
    <mem type="tenure" free="2136760" total="5636096" percent="37">
      <mem type="soa" free="1887928" total="5354496" percent="35" />
      <mem type="loa" free="248832" total="281600" percent="88" />
    </mem>
    <remembered-set count="89" />
  </mem-info>
</gc-end>
<cycle-end id="1167" type="scavenge" contextid="1161" timestamp="2019-06-17T03:33:17.052" />
  <attribute name="elasticGC enabled" value="1" />
  <attribute name= "numThreadsSpecified" value="4" />
  <attribute name="heapSize specified" value="12058624" />
  <attribute name="Current GC Util" value="13" />
  <attribute name= "Current Time Running" value="3631" />
  <attribute name ="GC Interval" value="200" />
  <attribute name="ProportionalT" value="-10.500000" />
  <attribute name="ProportionalI" value="-10.500000" />
  <attribute name="ProportionalH" value="-10.500000" />
  <attribute name="Current Error" value="-7.000000" />
  <attribute name="IntegralT" value="-273.000000" />
  <attribute name="IntegralI" value="-273.000000" />
  <attribute name="IntegralH" value="-273.000000" />
  <attribute name="DerivativeT" value="-0.461538" />
  <attribute name="DerivativeI" value="-0.461538" />
  <attribute name="DerivativeH" value="-0.461538" />
  <attribute name="Loop Time for DT" value="39.000000" />
  <attribute name="Output H" value="2092630016"/>
  <attribute name="Output I" value="200"/>
  <attribute name="Output T" value="4"/>
  <attribute name="Target GC Util Change" value ="20.000000" />
  <attribute name="Current GC Util Change" value="13.000000"/>
  <attribute name="GC Util currently" value="13" />
  <attribute name="CPU Util currently" value="120347805193" />
<allocation-satisfied id="1168" threadId="0000000000D37D00" bytesRequested="16392" />
<af-end id="1169" timestamp="2019-06-17T03:33:17.052" threadId="0000000000D38688" success="true" from="nursery"/>
<exclusive-end id="1170" timestamp="2019-06-17T03:33:17.052" durationms="2.854" />

<exclusive-start id="1171" timestamp="2019-06-17T03:33:17.086" intervalms="36.761">
  <response-info timems="0.038" idlems="0.038" threads="0" lastid="0000000000D30500" lastname="Thread-4" />
</exclusive-start>
<af-start id="1172" threadId="0000000000D30E88" totalBytesRequested="2056" timestamp="2019-06-17T03:33:17.086" intervalms="36.587" type="nursery" />
<cycle-start id="1173" type="scavenge" contextid="0" timestamp="2019-06-17T03:33:17.086" intervalms="36.585" />
<gc-start id="1174" type="scavenge" contextid="1173" timestamp="2019-06-17T03:33:17.086">
  <mem-info id="1175" free="2136760" total="12582912" percent="16">
    <mem type="nursery" free="0" total="6946816" percent="0">
      <mem type="allocate" free="0" total="5373952" percent="0" />
      <mem type="survivor" free="0" total="1572864" percent="0" />
    </mem>
    <mem type="tenure" free="2136760" total="5636096" percent="37">
      <mem type="soa" free="1887928" total="5354496" percent="35" />
      <mem type="loa" free="248832" total="281600" percent="88" />
    </mem>
    <remembered-set count="265" />
  </mem-info>
</gc-start>
<allocation-stats totalBytes="4477064" >
  <allocated-bytes non-tlh="65560" tlh="4411504" />
  <largest-consumer threadName="Thread-4" threadId="0000000000D30500" bytes="1991648" />
</allocation-stats>
<gc-op id="1176" type="scavenge" timems="0.425" contextid="1173" timestamp="2019-06-17T03:33:17.087">
  <scavenger-info tenureage="2" tenuremask="7ffc" tiltratio="77" />
  <memory-copied type="nursery" objects="2634" bytes="1068504" bytesdiscarded="153672" />
  <memory-copied type="tenure" objects="2" bytes="296" bytesdiscarded="0" />
  <references type="phantom" candidates="1" cleared="0" enqueued="0" />
</gc-op>
<gc-end id="1177" type="scavenge" contextid="1173" durationms="0.622" usertimems="0.000" systemtimems="0.000" timestamp="2019-06-17T03:33:17.087" activeThreads="4">
  <mem-info id="1178" free="6249296" total="12582912" percent="49">
    <mem type="nursery" free="4151704" total="6946816" percent="59">
      <mem type="allocate" free="4151704" total="5373952" percent="77" />
      <mem type="survivor" free="0" total="1572864" percent="0" />
    </mem>
    <mem type="tenure" free="2097592" total="5636096" percent="37">
      <mem type="soa" free="1848760" total="5354496" percent="34" />
      <mem type="loa" free="248832" total="281600" percent="88" />
    </mem>
    <remembered-set count="111" />
  </mem-info>
</gc-end>
<cycle-end id="1179" type="scavenge" contextid="1173" timestamp="2019-06-17T03:33:17.087" />
  <attribute name="elasticGC enabled" value="1" />
  <attribute name= "numThreadsSpecified" value="4" />
  <attribute name="heapSize specified" value="12058624" />
  <attribute name="Current GC Util" value="7" />
  <attribute name= "Current Time Running" value="3667" />
  <attribute name ="GC Interval" value="200" />
  <attribute name="ProportionalT" value="-19.500000" />
  <attribute name="ProportionalI" value="-19.500000" />
  <attribute name="ProportionalH" value="-19.500000" />
  <attribute name="Current Error" value="-13.000000" />
  <attribute name="IntegralT" value="-468.000000" />
  <attribute name="IntegralI" value="-468.000000" />
  <attribute name="IntegralH" value="-468.000000" />
  <attribute name="DerivativeT" value="-0.541667" />
  <attribute name="DerivativeI" value="-0.541667" />
  <attribute name="DerivativeH" value="-0.541667" />
  <attribute name="Loop Time for DT" value="36.000000" />
  <attribute name="Output H" value="2092630016"/>
  <attribute name="Output I" value="200"/>
  <attribute name="Output T" value="4"/>
  <attribute name="Target GC Util Change" value ="20.000000" />
  <attribute name="Current GC Util Change" value="7.000000"/>
  <attribute name="GC Util currently" value="7" />
  <attribute name="CPU Util currently" value="126062453646" />
<allocation-satisfied id="1180" threadId="0000000000D30500" bytesRequested="2056" />
<af-end id="1181" timestamp="2019-06-17T03:33:17.087" threadId="0000000000D30E88" success="true" from="nursery"/>
<exclusive-end id="1182" timestamp="2019-06-17T03:33:17.087" durationms="1.062" />

<exclusive-start id="1183" timestamp="2019-06-17T03:33:17.123" intervalms="37.484">
  <response-info timems="0.037" idlems="0.037" threads="0" lastid="0000000000D30500" lastname="Thread-4" />
</exclusive-start>
<af-start id="1184" threadId="0000000000D30E88" totalBytesRequested="16" timestamp="2019-06-17T03:33:17.123" intervalms="37.477" type="nursery" />
<cycle-start id="1185" type="scavenge" contextid="0" timestamp="2019-06-17T03:33:17.123" intervalms="37.474" />
<gc-start id="1186" type="scavenge" contextid="1185" timestamp="2019-06-17T03:33:17.123">
  <mem-info id="1187" free="2097592" total="12582912" percent="16">
    <mem type="nursery" free="0" total="6946816" percent="0">
      <mem type="allocate" free="0" total="5373952" percent="0" />
      <mem type="survivor" free="0" total="1572864" percent="0" />
    </mem>
    <mem type="tenure" free="2097592" total="5636096" percent="37">
      <mem type="soa" free="1848760" total="5354496" percent="34" />
      <mem type="loa" free="248832" total="281600" percent="88" />
    </mem>
    <remembered-set count="312" />
  </mem-info>
</gc-start>
<allocation-stats totalBytes="4084008" >
  <allocated-bytes non-tlh="34832" tlh="4049176" />
  <largest-consumer threadName="Thread-6" threadId="0000000000D37D00" bytes="1422296" />
</allocation-stats>
<gc-op id="1188" type="scavenge" timems="0.403" contextid="1185" timestamp="2019-06-17T03:33:17.124">
  <scavenger-info tenureage="2" tenuremask="7ffc" tiltratio="77" />
  <memory-copied type="nursery" objects="2701" bytes="1041600" bytesdiscarded="157128" />
  <memory-copied type="tenure" objects="4" bytes="144" bytesdiscarded="0" />
</gc-op>
<gc-end id="1189" type="scavenge" contextid="1185" durationms="0.585" usertimems="0.000" systemtimems="0.000" timestamp="2019-06-17T03:33:17.124" activeThreads="4">
  <mem-info id="1190" free="6338288" total="12582912" percent="50">
    <mem type="nursery" free="4240696" total="6946816" percent="61">
      <mem type="allocate" free="4240696" total="5439488" percent="77" />
      <mem type="survivor" free="0" total="1507328" percent="0" />
    </mem>
    <mem type="tenure" free="2097592" total="5636096" percent="37">
      <mem type="soa" free="1848760" total="5354496" percent="34" />
      <mem type="loa" free="248832" total="281600" percent="88" />
    </mem>
    <remembered-set count="103" />
  </mem-info>
</gc-end>
<cycle-end id="1191" type="scavenge" contextid="1185" timestamp="2019-06-17T03:33:17.124" />
  <attribute name="elasticGC enabled" value="1" />
  <attribute name= "numThreadsSpecified" value="4" />
  <attribute name="heapSize specified" value="12058624" />
  <attribute name="Current GC Util" value="3" />
  <attribute name= "Current Time Running" value="3705" />
  <attribute name ="GC Interval" value="200" />
  <attribute name="ProportionalT" value="-25.500000" />
  <attribute name="ProportionalI" value="-25.500000" />
  <attribute name="ProportionalH" value="-25.500000" />
  <attribute name="Current Error" value="-17.000000" />
  <attribute name="IntegralT" value="-646.000000" />
  <attribute name="IntegralI" value="-646.000000" />
  <attribute name="IntegralH" value="-646.000000" />
  <attribute name="DerivativeT" value="-0.671053" />
  <attribute name="DerivativeI" value="-0.671053" />
  <attribute name="DerivativeH" value="-0.671053" />
  <attribute name="Loop Time for DT" value="38.000000" />
  <attribute name="Output H" value="2092630016"/>
  <attribute name="Output I" value="200"/>
  <attribute name="Output T" value="4"/>
  <attribute name="Target GC Util Change" value ="20.000000" />
  <attribute name="Current GC Util Change" value="3.000000"/>
  <attribute name="GC Util currently" value="3" />
  <attribute name="CPU Util currently" value="123109143949" />
<allocation-satisfied id="1192" threadId="0000000000D30500" bytesRequested="16" />
<af-end id="1193" timestamp="2019-06-17T03:33:17.124" threadId="0000000000D30E88" success="true" from="nursery"/>
<exclusive-end id="1194" timestamp="2019-06-17T03:33:17.124" durationms="1.013" />

<exclusive-start id="1195" timestamp="2019-06-17T03:33:17.156" intervalms="33.083">
  <response-info timems="0.037" idlems="0.037" threads="0" lastid="0000000000D34100" lastname="Thread-5" />
</exclusive-start>
<af-start id="1196" threadId="0000000000D34A88" totalBytesRequested="48" timestamp="2019-06-17T03:33:17.156" intervalms="33.108" type="nursery" />
<cycle-start id="1197" type="scavenge" contextid="0" timestamp="2019-06-17T03:33:17.156" intervalms="33.111" />
<gc-start id="1198" type="scavenge" contextid="1197" timestamp="2019-06-17T03:33:17.157">
  <mem-info id="1199" free="2097592" total="12582912" percent="16">
    <mem type="nursery" free="0" total="6946816" percent="0">
      <mem type="allocate" free="0" total="5439488" percent="0" />
      <mem type="survivor" free="0" total="1507328" percent="0" />
    </mem>
    <mem type="tenure" free="2097592" total="5636096" percent="37">
      <mem type="soa" free="1848760" total="5354496" percent="34" />
      <mem type="loa" free="248832" total="281600" percent="88" />
    </mem>
    <remembered-set count="278" />
  </mem-info>
</gc-start>
<allocation-stats totalBytes="4221264" >
  <allocated-bytes non-tlh="16" tlh="4221248" />
  <largest-consumer threadName="Thread-3" threadId="0000000000D2C900" bytes="2041864" />
</allocation-stats>
<gc-op id="1200" type="scavenge" timems="1.975" contextid="1197" timestamp="2019-06-17T03:33:17.159">
  <scavenger-info tenureage="2" tenuremask="7ffc" tiltratio="78" />
  <memory-copied type="nursery" objects="2383" bytes="992336" bytesdiscarded="214584" />
  <references type="phantom" candidates="1" cleared="0" enqueued="0" />
</gc-op>
<gc-end id="1201" type="scavenge" contextid="1197" durationms="2.334" usertimems="4.000" systemtimems="0.000" timestamp="2019-06-17T03:33:17.159" activeThreads="4">
  <mem-info id="1202" free="6395624" total="12582912" percent="50">
    <mem type="nursery" free="4298032" total="6946816" percent="61">
      <mem type="allocate" free="4298032" total="5505024" percent="78" />
      <mem type="survivor" free="0" total="1441792" percent="0" />
    </mem>
    <mem type="tenure" free="2097592" total="5636096" percent="37">
      <mem type="soa" free="1848760" total="5354496" percent="34" />
      <mem type="loa" free="248832" total="281600" percent="88" />
    </mem>
    <remembered-set count="111" />
  </mem-info>
</gc-end>
<cycle-end id="1203" type="scavenge" contextid="1197" timestamp="2019-06-17T03:33:17.159" />
  <attribute name="elasticGC enabled" value="1" />
  <attribute name= "numThreadsSpecified" value="4" />
  <attribute name="heapSize specified" value="12058624" />
  <attribute name="Current GC Util" value="3" />
  <attribute name= "Current Time Running" value="3738" />
  <attribute name ="GC Interval" value="200" />
  <attribute name="ProportionalT" value="-25.500000" />
  <attribute name="ProportionalI" value="-25.500000" />
  <attribute name="ProportionalH" value="-25.500000" />
  <attribute name="Current Error" value="-17.000000" />
  <attribute name="IntegralT" value="-561.000000" />
  <attribute name="IntegralI" value="-561.000000" />
  <attribute name="IntegralH" value="-561.000000" />
  <attribute name="DerivativeT" value="-0.772727" />
  <attribute name="DerivativeI" value="-0.772727" />
  <attribute name="DerivativeH" value="-0.772727" />
  <attribute name="Loop Time for DT" value="33.000000" />
  <attribute name="Output H" value="2092630016"/>
  <attribute name="Output I" value="200"/>
  <attribute name="Output T" value="4"/>
  <attribute name="Target GC Util Change" value ="20.000000" />
  <attribute name="Current GC Util Change" value="3.000000"/>
  <attribute name="GC Util currently" value="3" />
  <attribute name="CPU Util currently" value="139281097908" />
<allocation-satisfied id="1204" threadId="0000000000D34100" bytesRequested="48" />
<af-end id="1205" timestamp="2019-06-17T03:33:17.159" threadId="0000000000D34A88" success="true" from="nursery"/>
<exclusive-end id="1206" timestamp="2019-06-17T03:33:17.159" durationms="2.921" />

<exclusive-start id="1207" timestamp="2019-06-17T03:33:17.195" intervalms="38.878">
  <response-info timems="0.026" idlems="0.026" threads="0" lastid="0000000000D2C900" lastname="Thread-3" />
</exclusive-start>
<af-start id="1208" threadId="0000000000D2D288" totalBytesRequested="16392" timestamp="2019-06-17T03:33:17.195" intervalms="38.850" type="nursery" />
<cycle-start id="1209" type="scavenge" contextid="0" timestamp="2019-06-17T03:33:17.195" intervalms="38.850" />
<gc-start id="1210" type="scavenge" contextid="1209" timestamp="2019-06-17T03:33:17.195">
  <mem-info id="1211" free="2097592" total="12582912" percent="16">
    <mem type="nursery" free="0" total="6946816" percent="0">
      <mem type="allocate" free="0" total="5505024" percent="0" />
      <mem type="survivor" free="0" total="1441792" percent="0" />
    </mem>
    <mem type="tenure" free="2097592" total="5636096" percent="37">
      <mem type="soa" free="1848760" total="5354496" percent="34" />
      <mem type="loa" free="248832" total="281600" percent="88" />
    </mem>
    <remembered-set count="316" />
  </mem-info>
</gc-start>
<allocation-stats totalBytes="4251024" >
  <allocated-bytes non-tlh="32824" tlh="4218200" />
  <largest-consumer threadName="Thread-3" threadId="0000000000D2C900" bytes="1445040" />
</allocation-stats>
<gc-op id="1212" type="scavenge" timems="0.353" contextid="1209" timestamp="2019-06-17T03:33:17.196">
  <scavenger-info tenureage="2" tenuremask="7ffc" tiltratio="79" />
  <memory-copied type="nursery" objects="2095" bytes="774760" bytesdiscarded="187960" />
</gc-op>
<gc-end id="1213" type="scavenge" contextid="1209" durationms="0.530" usertimems="0.000" systemtimems="0.000" timestamp="2019-06-17T03:33:17.196" activeThreads="4">
  <mem-info id="1214" free="6705376" total="12582912" percent="53">
    <mem type="nursery" free="4607784" total="6946816" percent="66">
      <mem type="allocate" free="4607784" total="5570560" percent="82" />
      <mem type="survivor" free="0" total="1376256" percent="0" />
    </mem>
    <mem type="tenure" free="2097592" total="5636096" percent="37">
      <mem type="soa" free="1848760" total="5354496" percent="34" />
      <mem type="loa" free="248832" total="281600" percent="88" />
    </mem>
    <remembered-set count="102" />
  </mem-info>
</gc-end>
<cycle-end id="1215" type="scavenge" contextid="1209" timestamp="2019-06-17T03:33:17.196" />
  <attribute name="elasticGC enabled" value="1" />
  <attribute name= "numThreadsSpecified" value="4" />
  <attribute name="heapSize specified" value="12058624" />
  <attribute name="Current GC Util" value="7" />
  <attribute name= "Current Time Running" value="3777" />
  <attribute name ="GC Interval" value="200" />
  <attribute name="ProportionalT" value="-19.500000" />
  <attribute name="ProportionalI" value="-19.500000" />
  <attribute name="ProportionalH" value="-19.500000" />
  <attribute name="Current Error" value="-13.000000" />
  <attribute name="IntegralT" value="-507.000000" />
  <attribute name="IntegralI" value="-507.000000" />
  <attribute name="IntegralH" value="-507.000000" />
  <attribute name="DerivativeT" value="-0.500000" />
  <attribute name="DerivativeI" value="-0.500000" />
  <attribute name="DerivativeH" value="-0.500000" />
  <attribute name="Loop Time for DT" value="39.000000" />
  <attribute name="Output H" value="2092630016"/>
  <attribute name="Output I" value="200"/>
  <attribute name="Output T" value="4"/>
  <attribute name="Target GC Util Change" value ="20.000000" />
  <attribute name="Current GC Util Change" value="7.000000"/>
  <attribute name="GC Util currently" value="7" />
  <attribute name="CPU Util currently" value="118716540816" />
<allocation-satisfied id="1216" threadId="0000000000D2C900" bytesRequested="16392" />
<af-end id="1217" timestamp="2019-06-17T03:33:17.196" threadId="0000000000D2D288" success="true" from="nursery"/>
<exclusive-end id="1218" timestamp="2019-06-17T03:33:17.196" durationms="1.102" />

<exclusive-start id="1219" timestamp="2019-06-17T03:33:17.227" intervalms="31.757">
  <response-info timems="0.045" idlems="0.045" threads="0" lastid="0000000000D2C900" lastname="Thread-3" />
</exclusive-start>
<af-start id="1220" threadId="0000000000D2D288" totalBytesRequested="32776" timestamp="2019-06-17T03:33:17.227" intervalms="31.758" type="nursery" />
<cycle-start id="1221" type="scavenge" contextid="0" timestamp="2019-06-17T03:33:17.227" intervalms="31.756" />
<gc-start id="1222" type="scavenge" contextid="1221" timestamp="2019-06-17T03:33:17.227">
  <mem-info id="1223" free="2097592" total="12582912" percent="16">
    <mem type="nursery" free="0" total="6946816" percent="0">
      <mem type="allocate" free="0" total="5570560" percent="0" />
      <mem type="survivor" free="0" total="1376256" percent="0" />
    </mem>
    <mem type="tenure" free="2097592" total="5636096" percent="37">
      <mem type="soa" free="1848760" total="5354496" percent="34" />
      <mem type="loa" free="248832" total="281600" percent="88" />
    </mem>
    <remembered-set count="311" />
  </mem-info>
</gc-start>
<allocation-stats totalBytes="4566944" >
  <allocated-bytes non-tlh="49168" tlh="4517776" />
  <largest-consumer threadName="Thread-5" threadId="0000000000D34100" bytes="1709288" />
</allocation-stats>
<gc-op id="1224" type="scavenge" timems="0.332" contextid="1221" timestamp="2019-06-17T03:33:17.228">
  <scavenger-info tenureage="2" tenuremask="7ffc" tiltratio="80" />
  <memory-copied type="nursery" objects="1990" bytes="909696" bytesdiscarded="167752" />
</gc-op>
<gc-end id="1225" type="scavenge" contextid="1221" durationms="0.518" usertimems="0.000" systemtimems="0.000" timestamp="2019-06-17T03:33:17.228" activeThreads="4">
  <mem-info id="1226" free="6656176" total="12582912" percent="52">
    <mem type="nursery" free="4558584" total="6946816" percent="65">
      <mem type="allocate" free="4558584" total="5636096" percent="80" />
      <mem type="survivor" free="0" total="1310720" percent="0" />
    </mem>
    <mem type="tenure" free="2097592" total="5636096" percent="37">
      <mem type="soa" free="1848760" total="5354496" percent="34" />
      <mem type="loa" free="248832" total="281600" percent="88" />
    </mem>
    <remembered-set count="102" />
  </mem-info>
</gc-end>
<cycle-end id="1227" type="scavenge" contextid="1221" timestamp="2019-06-17T03:33:17.228" />
  <attribute name="elasticGC enabled" value="1" />
  <attribute name= "numThreadsSpecified" value="4" />
  <attribute name="heapSize specified" value="12058624" />
  <attribute name="Current GC Util" value="3" />
  <attribute name= "Current Time Running" value="3808" />
  <attribute name ="GC Interval" value="200" />
  <attribute name="ProportionalT" value="-25.500000" />
  <attribute name="ProportionalI" value="-25.500000" />
  <attribute name="ProportionalH" value="-25.500000" />
  <attribute name="Current Error" value="-17.000000" />
  <attribute name="IntegralT" value="-527.000000" />
  <attribute name="IntegralI" value="-527.000000" />
  <attribute name="IntegralH" value="-527.000000" />
  <attribute name="DerivativeT" value="-0.822581" />
  <attribute name="DerivativeI" value="-0.822581" />
  <attribute name="DerivativeH" value="-0.822581" />
  <attribute name="Loop Time for DT" value="31.000000" />
  <attribute name="Output H" value="2092630016"/>
  <attribute name="Output I" value="200"/>
  <attribute name="Output T" value="4"/>
  <attribute name="Target GC Util Change" value ="20.000000" />
  <attribute name="Current GC Util Change" value="3.000000"/>
  <attribute name="GC Util currently" value="3" />
  <attribute name="CPU Util currently" value="145178287659" />
<allocation-satisfied id="1228" threadId="0000000000D2C900" bytesRequested="32776" />
<af-end id="1229" timestamp="2019-06-17T03:33:17.228" threadId="0000000000D2D288" success="true" from="nursery"/>
<exclusive-end id="1230" timestamp="2019-06-17T03:33:17.228" durationms="0.950" />

<exclusive-start id="1231" timestamp="2019-06-17T03:33:17.266" intervalms="39.477">
  <response-info timems="0.047" idlems="0.047" threads="0" lastid="0000000000D30500" lastname="Thread-4" />
</exclusive-start>
<af-start id="1232" threadId="0000000000D30E88" totalBytesRequested="160" timestamp="2019-06-17T03:33:17.267" intervalms="39.474" type="nursery" />
<cycle-start id="1233" type="scavenge" contextid="0" timestamp="2019-06-17T03:33:17.267" intervalms="39.473" />
<gc-start id="1234" type="scavenge" contextid="1233" timestamp="2019-06-17T03:33:17.267">
  <mem-info id="1235" free="2097592" total="12582912" percent="16">
    <mem type="nursery" free="0" total="6946816" percent="0">
      <mem type="allocate" free="0" total="5636096" percent="0" />
      <mem type="survivor" free="0" total="1310720" percent="0" />
    </mem>
    <mem type="tenure" free="2097592" total="5636096" percent="37">
      <mem type="soa" free="1848760" total="5354496" percent="34" />
      <mem type="loa" free="248832" total="281600" percent="88" />
    </mem>
    <remembered-set count="315" />
  </mem-info>
</gc-start>
<allocation-stats totalBytes="4521688" >
  <allocated-bytes non-tlh="32776" tlh="4488912" />
  <largest-consumer threadName="Thread-3" threadId="0000000000D2C900" bytes="1218600" />
</allocation-stats>
<gc-op id="1236" type="scavenge" timems="0.349" contextid="1233" timestamp="2019-06-17T03:33:17.267">
  <scavenger-info tenureage="2" tenuremask="7ffc" tiltratio="81" />
  <memory-copied type="nursery" objects="2662" bytes="989248" bytesdiscarded="104744" />
  <memory-copied type="tenure" objects="5" bytes="248" bytesdiscarded="0" />
</gc-op>
<gc-end id="1237" type="scavenge" contextid="1233" durationms="0.537" usertimems="0.000" systemtimems="0.000" timestamp="2019-06-17T03:33:17.267" activeThreads="4">
  <mem-info id="1238" free="6705168" total="12582912" percent="53">
    <mem type="nursery" free="4607576" total="6946816" percent="66">
      <mem type="allocate" free="4607576" total="5701632" percent="80" />
      <mem type="survivor" free="0" total="1245184" percent="0" />
    </mem>
    <mem type="tenure" free="2097592" total="5636096" percent="37">
      <mem type="soa" free="1848760" total="5354496" percent="34" />
      <mem type="loa" free="248832" total="281600" percent="88" />
    </mem>
    <remembered-set count="99" />
  </mem-info>
</gc-end>
<cycle-end id="1239" type="scavenge" contextid="1233" timestamp="2019-06-17T03:33:17.267" />
  <attribute name="elasticGC enabled" value="1" />
  <attribute name= "numThreadsSpecified" value="4" />
  <attribute name="heapSize specified" value="12058624" />
  <attribute name="Current GC Util" value="2" />
  <attribute name= "Current Time Running" value="3848" />
  <attribute name ="GC Interval" value="200" />
  <attribute name="ProportionalT" value="-27.000000" />
  <attribute name="ProportionalI" value="-27.000000" />
  <attribute name="ProportionalH" value="-27.000000" />
  <attribute name="Current Error" value="-18.000000" />
  <attribute name="IntegralT" value="-720.000000" />
  <attribute name="IntegralI" value="-720.000000" />
  <attribute name="IntegralH" value="-720.000000" />
  <attribute name="DerivativeT" value="-0.675000" />
  <attribute name="DerivativeI" value="-0.675000" />
  <attribute name="DerivativeH" value="-0.675000" />
  <attribute name="Loop Time for DT" value="40.000000" />
  <attribute name="Output H" value="2092630016"/>
  <attribute name="Output I" value="200"/>
  <attribute name="Output T" value="4"/>
  <attribute name="Target GC Util Change" value ="20.000000" />
  <attribute name="Current GC Util Change" value="2.000000"/>
  <attribute name="GC Util currently" value="2" />
  <attribute name="CPU Util currently" value="116841243235" />
<allocation-satisfied id="1240" threadId="0000000000D30500" bytesRequested="160" />
<af-end id="1241" timestamp="2019-06-17T03:33:17.267" threadId="0000000000D30E88" success="true" from="nursery"/>
<exclusive-end id="1242" timestamp="2019-06-17T03:33:17.267" durationms="1.039" />

<exclusive-start id="1243" timestamp="2019-06-17T03:33:17.297" intervalms="30.891">
  <response-info timems="0.050" idlems="0.050" threads="0" lastid="0000000000D37D00" lastname="Thread-6" />
</exclusive-start>
<af-start id="1244" threadId="0000000000D38688" totalBytesRequested="48" timestamp="2019-06-17T03:33:17.297" intervalms="30.899" type="nursery" />
<cycle-start id="1245" type="scavenge" contextid="0" timestamp="2019-06-17T03:33:17.297" intervalms="30.908" />
<gc-start id="1246" type="scavenge" contextid="1245" timestamp="2019-06-17T03:33:17.298">
  <mem-info id="1247" free="2097592" total="12582912" percent="16">
    <mem type="nursery" free="0" total="6946816" percent="0">
      <mem type="allocate" free="0" total="5701632" percent="0" />
      <mem type="survivor" free="0" total="1245184" percent="0" />
    </mem>
    <mem type="tenure" free="2097592" total="5636096" percent="37">
      <mem type="soa" free="1848760" total="5354496" percent="34" />
      <mem type="loa" free="248832" total="281600" percent="88" />
    </mem>
    <remembered-set count="308" />
  </mem-info>
</gc-start>
<allocation-stats totalBytes="4580624" >
  <allocated-bytes non-tlh="8360" tlh="4572264" />
  <largest-consumer threadName="Thread-4" threadId="0000000000D30500" bytes="2151496" />
</allocation-stats>
<gc-op id="1248" type="scavenge" timems="4.616" contextid="1245" timestamp="2019-06-17T03:33:17.302">
  <scavenger-info tenureage="2" tenuremask="7ffc" tiltratio="82" />
  <memory-copied type="nursery" objects="2532" bytes="1032760" bytesdiscarded="196088" />
</gc-op>
<heap-resize id="1249" type="expand" space="nursery" amount="655360" count="1" timems="0.018" reason="excessive time being spent scavenging" timestamp="2019-06-17T03:33:17.303" />
<gc-end id="1250" type="scavenge" contextid="1245" durationms="5.110" usertimems="8.000" systemtimems="0.000" timestamp="2019-06-17T03:33:17.303" activeThreads="4">
  <mem-info id="1251" free="7160136" total="13238272" percent="54">
    <mem type="nursery" free="5062544" total="7602176" percent="66">
      <mem type="allocate" free="5062544" total="6291456" percent="80" />
      <mem type="survivor" free="0" total="1310720" percent="0" />
    </mem>
    <mem type="tenure" free="2097592" total="5636096" percent="37">
      <mem type="soa" free="1848760" total="5354496" percent="34" />
      <mem type="loa" free="248832" total="281600" percent="88" />
    </mem>
    <remembered-set count="109" />
  </mem-info>
</gc-end>
<cycle-end id="1252" type="scavenge" contextid="1245" timestamp="2019-06-17T03:33:17.303" />
  <attribute name="elasticGC enabled" value="1" />
  <attribute name= "numThreadsSpecified" value="4" />
  <attribute name="heapSize specified" value="12058624" />
  <attribute name="Current GC Util" value="3" />
  <attribute name= "Current Time Running" value="3879" />
  <attribute name ="GC Interval" value="200" />
  <attribute name="ProportionalT" value="-25.500000" />
  <attribute name="ProportionalI" value="-25.500000" />
  <attribute name="ProportionalH" value="-25.500000" />
  <attribute name="Current Error" value="-17.000000" />
  <attribute name="IntegralT" value="-527.000000" />
  <attribute name="IntegralI" value="-527.000000" />
  <attribute name="IntegralH" value="-527.000000" />
  <attribute name="DerivativeT" value="-0.822581" />
  <attribute name="DerivativeI" value="-0.822581" />
  <attribute name="DerivativeH" value="-0.822581" />
  <attribute name="Loop Time for DT" value="31.000000" />
  <attribute name="Output H" value="2092630016"/>
  <attribute name="Output I" value="200"/>
  <attribute name="Output T" value="4"/>
  <attribute name="Target GC Util Change" value ="20.000000" />
  <attribute name="Current GC Util Change" value="3.000000"/>
  <attribute name="GC Util currently" value="3" />
  <attribute name="CPU Util currently" value="149195017154" />
<allocation-satisfied id="1253" threadId="0000000000D37D00" bytesRequested="48" />
<af-end id="1254" timestamp="2019-06-17T03:33:17.303" threadId="0000000000D38688" success="true" from="nursery"/>
<exclusive-end id="1255" timestamp="2019-06-17T03:33:17.303" durationms="5.946" />

<exclusive-start id="1256" timestamp="2019-06-17T03:33:17.343" intervalms="45.355">
  <response-info timems="0.035" idlems="0.035" threads="0" lastid="0000000000D37D00" lastname="Thread-6" />
</exclusive-start>
<af-start id="1257" threadId="0000000000D38688" totalBytesRequested="48" timestamp="2019-06-17T03:33:17.343" intervalms="45.370" type="nursery" />
<cycle-start id="1258" type="scavenge" contextid="0" timestamp="2019-06-17T03:33:17.343" intervalms="45.369" />
<gc-start id="1259" type="scavenge" contextid="1258" timestamp="2019-06-17T03:33:17.343">
  <mem-info id="1260" free="2097592" total="13238272" percent="15">
    <mem type="nursery" free="0" total="7602176" percent="0">
      <mem type="allocate" free="0" total="6291456" percent="0" />
      <mem type="survivor" free="0" total="1310720" percent="0" />
    </mem>
    <mem type="tenure" free="2097592" total="5636096" percent="37">
      <mem type="soa" free="1848760" total="5354496" percent="34" />
      <mem type="loa" free="248832" total="281600" percent="88" />
    </mem>
    <remembered-set count="312" />
  </mem-info>
</gc-start>
<allocation-stats totalBytes="5038144" >
  <allocated-bytes non-tlh="48" tlh="5038096" />
  <largest-consumer threadName="Thread-4" threadId="0000000000D30500" bytes="1603840" />
</allocation-stats>
<gc-op id="1261" type="scavenge" timems="1.638" contextid="1258" timestamp="2019-06-17T03:33:17.345">
  <scavenger-info tenureage="2" tenuremask="7ffc" tiltratio="82" />
  <memory-copied type="nursery" objects="2505" bytes="963672" bytesdiscarded="138488" />
  <memory-copied type="tenure" objects="4" bytes="144" bytesdiscarded="0" />
</gc-op>
<gc-end id="1262" type="scavenge" contextid="1258" durationms="1.992" usertimems="4.000" systemtimems="0.000" timestamp="2019-06-17T03:33:17.345" activeThreads="4">
  <mem-info id="1263" free="7417896" total="13238272" percent="56">
    <mem type="nursery" free="5320304" total="7602176" percent="69">
      <mem type="allocate" free="5320304" total="6422528" percent="82" />
      <mem type="survivor" free="0" total="1179648" percent="0" />
    </mem>
    <mem type="tenure" free="2097592" total="5636096" percent="37">
      <mem type="soa" free="1848760" total="5354496" percent="34" />
      <mem type="loa" free="248832" total="281600" percent="88" />
    </mem>
    <remembered-set count="102" />
  </mem-info>
</gc-end>
<cycle-end id="1264" type="scavenge" contextid="1258" timestamp="2019-06-17T03:33:17.345" />
  <attribute name="elasticGC enabled" value="1" />
  <attribute name= "numThreadsSpecified" value="4" />
  <attribute name="heapSize specified" value="12058624" />
  <attribute name="Current GC Util" value="15" />
  <attribute name= "Current Time Running" value="3924" />
  <attribute name ="GC Interval" value="200" />
  <attribute name="ProportionalT" value="-7.500000" />
  <attribute name="ProportionalI" value="-7.500000" />
  <attribute name="ProportionalH" value="-7.500000" />
  <attribute name="Current Error" value="-5.000000" />
  <attribute name="IntegralT" value="-225.000000" />
  <attribute name="IntegralI" value="-225.000000" />
  <attribute name="IntegralH" value="-225.000000" />
  <attribute name="DerivativeT" value="-0.166667" />
  <attribute name="DerivativeI" value="-0.166667" />
  <attribute name="DerivativeH" value="-0.166667" />
  <attribute name="Loop Time for DT" value="45.000000" />
  <attribute name="Output H" value="2092630016"/>
  <attribute name="Output I" value="200"/>
  <attribute name="Output T" value="4"/>
  <attribute name="Target GC Util Change" value ="20.000000" />
  <attribute name="Current GC Util Change" value="15.000000"/>
  <attribute name="GC Util currently" value="15" />
  <attribute name="CPU Util currently" value="101667404132" />
<allocation-satisfied id="1265" threadId="0000000000D37D00" bytesRequested="48" />
<af-end id="1266" timestamp="2019-06-17T03:33:17.345" threadId="0000000000D38688" success="true" from="nursery"/>
<exclusive-end id="1267" timestamp="2019-06-17T03:33:17.345" durationms="2.702" />

<exclusive-start id="1268" timestamp="2019-06-17T03:33:17.383" intervalms="40.680">
  <response-info timems="0.038" idlems="0.038" threads="0" lastid="0000000000D37D00" lastname="Thread-6" />
</exclusive-start>
<af-start id="1269" threadId="0000000000D38688" totalBytesRequested="48" timestamp="2019-06-17T03:33:17.383" intervalms="40.659" type="nursery" />
<cycle-start id="1270" type="scavenge" contextid="0" timestamp="2019-06-17T03:33:17.384" intervalms="40.659" />
<gc-start id="1271" type="scavenge" contextid="1270" timestamp="2019-06-17T03:33:17.384">
  <mem-info id="1272" free="2097592" total="13238272" percent="15">
    <mem type="nursery" free="0" total="7602176" percent="0">
      <mem type="allocate" free="0" total="6422528" percent="0" />
      <mem type="survivor" free="0" total="1179648" percent="0" />
    </mem>
    <mem type="tenure" free="2097592" total="5636096" percent="37">
      <mem type="soa" free="1848760" total="5354496" percent="34" />
      <mem type="loa" free="248832" total="281600" percent="88" />
    </mem>
    <remembered-set count="317" />
  </mem-info>
</gc-start>
<allocation-stats totalBytes="5315432" >
  <allocated-bytes non-tlh="48" tlh="5315384" />
  <largest-consumer threadName="Thread-4" threadId="0000000000D30500" bytes="2282808" />
</allocation-stats>
<gc-op id="1273" type="scavenge" timems="2.028" contextid="1270" timestamp="2019-06-17T03:33:17.386">
  <scavenger-info tenureage="2" tenuremask="7ffc" tiltratio="84" />
  <memory-copied type="nursery" objects="2530" bytes="1017600" bytesdiscarded="161984" />
</gc-op>
<gc-end id="1274" type="scavenge" contextid="1270" durationms="2.415" usertimems="4.000" systemtimems="0.000" timestamp="2019-06-17T03:33:17.386" activeThreads="4">
  <mem-info id="1275" free="7340472" total="13238272" percent="55">
    <mem type="nursery" free="5242880" total="7602176" percent="68">
      <mem type="allocate" free="5242880" total="6422528" percent="81" />
      <mem type="survivor" free="0" total="1179648" percent="0" />
    </mem>
    <mem type="tenure" free="2097592" total="5636096" percent="37">
      <mem type="soa" free="1848760" total="5354496" percent="34" />
      <mem type="loa" free="248832" total="281600" percent="88" />
    </mem>
    <remembered-set count="110" />
  </mem-info>
</gc-end>
<cycle-end id="1276" type="scavenge" contextid="1270" timestamp="2019-06-17T03:33:17.386" />
  <attribute name="elasticGC enabled" value="1" />
  <attribute name= "numThreadsSpecified" value="4" />
  <attribute name="heapSize specified" value="12058624" />
  <attribute name="Current GC Util" value="6" />
  <attribute name= "Current Time Running" value="3965" />
  <attribute name ="GC Interval" value="200" />
  <attribute name="ProportionalT" value="-21.000000" />
  <attribute name="ProportionalI" value="-21.000000" />
  <attribute name="ProportionalH" value="-21.000000" />
  <attribute name="Current Error" value="-14.000000" />
  <attribute name="IntegralT" value="-574.000000" />
  <attribute name="IntegralI" value="-574.000000" />
  <attribute name="IntegralH" value="-574.000000" />
  <attribute name="DerivativeT" value="-0.512195" />
  <attribute name="DerivativeI" value="-0.512195" />
  <attribute name="DerivativeH" value="-0.512195" />
  <attribute name="Loop Time for DT" value="41.000000" />
  <attribute name="Output H" value="2092630016"/>
  <attribute name="Output I" value="200"/>
  <attribute name="Output T" value="4"/>
  <attribute name="Target GC Util Change" value ="20.000000" />
  <attribute name="Current GC Util Change" value="6.000000"/>
  <attribute name="GC Util currently" value="6" />
  <attribute name="CPU Util currently" value="113407052932" />
<allocation-satisfied id="1277" threadId="0000000000D37D00" bytesRequested="48" />
<af-end id="1278" timestamp="2019-06-17T03:33:17.386" threadId="0000000000D38688" success="true" from="nursery"/>
<exclusive-end id="1279" timestamp="2019-06-17T03:33:17.386" durationms="3.126" />

<exclusive-start id="1280" timestamp="2019-06-17T03:33:17.429" intervalms="46.023">
  <response-info timems="0.047" idlems="0.047" threads="0" lastid="0000000000D34100" lastname="Thread-5" />
</exclusive-start>
<af-start id="1281" threadId="0000000000D34A88" totalBytesRequested="16392" timestamp="2019-06-17T03:33:17.429" intervalms="46.015" type="nursery" />
<cycle-start id="1282" type="scavenge" contextid="0" timestamp="2019-06-17T03:33:17.429" intervalms="45.997" />
<gc-start id="1283" type="scavenge" contextid="1282" timestamp="2019-06-17T03:33:17.430">
  <mem-info id="1284" free="2097592" total="13238272" percent="15">
    <mem type="nursery" free="0" total="7602176" percent="0">
      <mem type="allocate" free="0" total="6422528" percent="0" />
      <mem type="survivor" free="0" total="1179648" percent="0" />
    </mem>
    <mem type="tenure" free="2097592" total="5636096" percent="37">
      <mem type="soa" free="1848760" total="5354496" percent="34" />
      <mem type="loa" free="248832" total="281600" percent="88" />
    </mem>
    <remembered-set count="319" />
  </mem-info>
</gc-start>
<allocation-stats totalBytes="5199328" >
  <allocated-bytes non-tlh="48" tlh="5199280" />
  <largest-consumer threadName="Thread-4" threadId="0000000000D30500" bytes="2405480" />
</allocation-stats>
<gc-op id="1285" type="scavenge" timems="0.334" contextid="1282" timestamp="2019-06-17T03:33:17.430">
  <scavenger-info tenureage="2" tenuremask="7ffc" tiltratio="84" />
  <memory-copied type="nursery" objects="1585" bytes="595544" bytesdiscarded="282888" />
  <references type="weak" candidates="1" cleared="0" enqueued="0" />
  <references type="phantom" candidates="1" cleared="0" enqueued="0" />
</gc-op>
<gc-end id="1286" type="scavenge" contextid="1282" durationms="0.488" usertimems="0.000" systemtimems="0.000" timestamp="2019-06-17T03:33:17.430" activeThreads="4">
  <mem-info id="1287" free="7641632" total="13238272" percent="57">
    <mem type="nursery" free="5544040" total="7602176" percent="72">
      <mem type="allocate" free="5544040" total="6422528" percent="86" />
      <mem type="survivor" free="0" total="1179648" percent="0" />
    </mem>
    <mem type="tenure" free="2097592" total="5636096" percent="37">
      <mem type="soa" free="1848760" total="5354496" percent="34" />
      <mem type="loa" free="248832" total="281600" percent="88" />
    </mem>
    <remembered-set count="103" />
  </mem-info>
</gc-end>
<cycle-end id="1288" type="scavenge" contextid="1282" timestamp="2019-06-17T03:33:17.430" />
  <attribute name="elasticGC enabled" value="1" />
  <attribute name= "numThreadsSpecified" value="4" />
  <attribute name="heapSize specified" value="12058624" />
  <attribute name="Current GC Util" value="7" />
  <attribute name= "Current Time Running" value="4011" />
  <attribute name ="GC Interval" value="200" />
  <attribute name="ProportionalT" value="-19.500000" />
  <attribute name="ProportionalI" value="-19.500000" />
  <attribute name="ProportionalH" value="-19.500000" />
  <attribute name="Current Error" value="-13.000000" />
  <attribute name="IntegralT" value="-598.000000" />
  <attribute name="IntegralI" value="-598.000000" />
  <attribute name="IntegralH" value="-598.000000" />
  <attribute name="DerivativeT" value="-0.423913" />
  <attribute name="DerivativeI" value="-0.423913" />
  <attribute name="DerivativeH" value="-0.423913" />
  <attribute name="Loop Time for DT" value="46.000000" />
  <attribute name="Output H" value="2092630016"/>
  <attribute name="Output I" value="200"/>
  <attribute name="Output T" value="4"/>
  <attribute name="Target GC Util Change" value ="20.000000" />
  <attribute name="Current GC Util Change" value="7.000000"/>
  <attribute name="GC Util currently" value="7" />
  <attribute name="CPU Util currently" value="100326739225" />
<allocation-satisfied id="1289" threadId="0000000000D34100" bytesRequested="16392" />
<af-end id="1290" timestamp="2019-06-17T03:33:17.430" threadId="0000000000D34A88" success="true" from="nursery"/>
<exclusive-end id="1291" timestamp="2019-06-17T03:33:17.430" durationms="0.874" />

<exclusive-start id="1292" timestamp="2019-06-17T03:33:17.466" intervalms="36.889">
  <response-info timems="0.027" idlems="0.027" threads="0" lastid="0000000000D2C900" lastname="Thread-3" />
</exclusive-start>
<af-start id="1293" threadId="0000000000D2D288" totalBytesRequested="48" timestamp="2019-06-17T03:33:17.466" intervalms="36.896" type="nursery" />
<cycle-start id="1294" type="scavenge" contextid="0" timestamp="2019-06-17T03:33:17.466" intervalms="36.911" />
<gc-start id="1295" type="scavenge" contextid="1294" timestamp="2019-06-17T03:33:17.466">
  <mem-info id="1296" free="2097592" total="13238272" percent="15">
    <mem type="nursery" free="0" total="7602176" percent="0">
      <mem type="allocate" free="0" total="6422528" percent="0" />
      <mem type="survivor" free="0" total="1179648" percent="0" />
    </mem>
    <mem type="tenure" free="2097592" total="5636096" percent="37">
      <mem type="soa" free="1848760" total="5354496" percent="34" />
      <mem type="loa" free="248832" total="281600" percent="88" />
    </mem>
    <remembered-set count="302" />
  </mem-info>
</gc-start>
<allocation-stats totalBytes="5531712" >
  <allocated-bytes non-tlh="16392" tlh="5515320" />
  <largest-consumer threadName="Thread-4" threadId="0000000000D30500" bytes="1948616" />
</allocation-stats>
<gc-op id="1297" type="scavenge" timems="2.367" contextid="1294" timestamp="2019-06-17T03:33:17.469">
  <scavenger-info tenureage="3" tenuremask="7ff8" tiltratio="84" />
  <memory-copied type="nursery" objects="2477" bytes="1013464" bytesdiscarded="166120" />
  <memory-copied type="tenure" objects="314" bytes="108800" bytesdiscarded="656" />
  <copy-failed type="nursery" objects="314" bytes="108800" />
</gc-op>
<gc-end id="1298" type="scavenge" contextid="1294" durationms="2.752" usertimems="4.000" systemtimems="0.000" timestamp="2019-06-17T03:33:17.469" activeThreads="4">
  <mem-info id="1299" free="6514432" total="13238272" percent="49">
    <mem type="nursery" free="4587520" total="7602176" percent="60">
      <mem type="allocate" free="4587520" total="5767168" percent="79" />
      <mem type="survivor" free="0" total="1835008" percent="0" />
    </mem>
    <mem type="tenure" free="1926912" total="5636096" percent="34">
      <mem type="soa" free="1678080" total="5354496" percent="31" />
      <mem type="loa" free="248832" total="281600" percent="88" />
    </mem>
    <remembered-set count="122" />
  </mem-info>
</gc-end>
<cycle-end id="1300" type="scavenge" contextid="1294" timestamp="2019-06-17T03:33:17.469" />
  <attribute name="elasticGC enabled" value="1" />
  <attribute name= "numThreadsSpecified" value="4" />
  <attribute name="heapSize specified" value="12058624" />
  <attribute name="Current GC Util" value="2" />
  <attribute name= "Current Time Running" value="4048" />
  <attribute name ="GC Interval" value="200" />
  <attribute name="ProportionalT" value="-27.000000" />
  <attribute name="ProportionalI" value="-27.000000" />
  <attribute name="ProportionalH" value="-27.000000" />
  <attribute name="Current Error" value="-18.000000" />
  <attribute name="IntegralT" value="-666.000000" />
  <attribute name="IntegralI" value="-666.000000" />
  <attribute name="IntegralH" value="-666.000000" />
  <attribute name="DerivativeT" value="-0.729730" />
  <attribute name="DerivativeI" value="-0.729730" />
  <attribute name="DerivativeH" value="-0.729730" />
  <attribute name="Loop Time for DT" value="37.000000" />
  <attribute name="Output H" value="2092630016"/>
  <attribute name="Output I" value="200"/>
  <attribute name="Output T" value="4"/>
  <attribute name="Target GC Util Change" value ="20.000000" />
  <attribute name="Current GC Util Change" value="2.000000"/>
  <attribute name="GC Util currently" value="2" />
  <attribute name="CPU Util currently" value="124824737798" />
<allocation-satisfied id="1301" threadId="0000000000D2C900" bytesRequested="48" />
<af-end id="1302" timestamp="2019-06-17T03:33:17.470" threadId="0000000000D2D288" success="true" from="nursery"/>
<exclusive-end id="1303" timestamp="2019-06-17T03:33:17.470" durationms="3.501" />

<exclusive-start id="1304" timestamp="2019-06-17T03:33:17.502" intervalms="35.460">
  <response-info timems="0.041" idlems="0.041" threads="0" lastid="0000000000D2C900" lastname="Thread-3" />
</exclusive-start>
<af-start id="1305" threadId="0000000000D2D288" totalBytesRequested="16392" timestamp="2019-06-17T03:33:17.502" intervalms="35.640" type="nursery" />
<cycle-start id="1306" type="scavenge" contextid="0" timestamp="2019-06-17T03:33:17.502" intervalms="35.635" />
<gc-start id="1307" type="scavenge" contextid="1306" timestamp="2019-06-17T03:33:17.502">
  <mem-info id="1308" free="1926912" total="13238272" percent="14">
    <mem type="nursery" free="0" total="7602176" percent="0">
      <mem type="allocate" free="0" total="5767168" percent="0" />
      <mem type="survivor" free="0" total="1835008" percent="0" />
    </mem>
    <mem type="tenure" free="1926912" total="5636096" percent="34">
      <mem type="soa" free="1678080" total="5354496" percent="31" />
      <mem type="loa" free="248832" total="281600" percent="88" />
    </mem>
    <remembered-set count="305" />
  </mem-info>
</gc-start>
<allocation-stats totalBytes="4478936" >
  <allocated-bytes non-tlh="32824" tlh="4446112" />
  <largest-consumer threadName="Thread-4" threadId="0000000000D30500" bytes="1544776" />
</allocation-stats>
<gc-op id="1309" type="scavenge" timems="3.033" contextid="1306" timestamp="2019-06-17T03:33:17.505">
  <scavenger-info tenureage="3" tenuremask="7ff8" tiltratio="75" />
  <memory-copied type="nursery" objects="1878" bytes="1102400" bytesdiscarded="149312" />
  <references type="phantom" candidates="1" cleared="0" enqueued="0" />
</gc-op>
<heap-resize id="1310" type="expand" space="nursery" amount="393216" count="1" timems="0.016" reason="excessive time being spent scavenging" timestamp="2019-06-17T03:33:17.505" />
<gc-end id="1311" type="scavenge" contextid="1306" durationms="3.459" usertimems="4.000" systemtimems="0.000" timestamp="2019-06-17T03:33:17.506" activeThreads="4">
  <mem-info id="1312" free="6835472" total="13631488" percent="50">
    <mem type="nursery" free="4908560" total="7995392" percent="61">
      <mem type="allocate" free="4908560" total="6160384" percent="79" />
      <mem type="survivor" free="0" total="1835008" percent="0" />
    </mem>
    <mem type="tenure" free="1926912" total="5636096" percent="34">
      <mem type="soa" free="1678080" total="5354496" percent="31" />
      <mem type="loa" free="248832" total="281600" percent="88" />
    </mem>
    <remembered-set count="115" />
  </mem-info>
</gc-end>
<cycle-end id="1313" type="scavenge" contextid="1306" timestamp="2019-06-17T03:33:17.506" />
  <attribute name="elasticGC enabled" value="1" />
  <attribute name= "numThreadsSpecified" value="4" />
  <attribute name="heapSize specified" value="12058624" />
  <attribute name="Current GC Util" value="10" />
  <attribute name= "Current Time Running" value="4083" />
  <attribute name ="GC Interval" value="200" />
  <attribute name="ProportionalT" value="-15.000000" />
  <attribute name="ProportionalI" value="-15.000000" />
  <attribute name="ProportionalH" value="-15.000000" />
  <attribute name="Current Error" value="-10.000000" />
  <attribute name="IntegralT" value="-350.000000" />
  <attribute name="IntegralI" value="-350.000000" />
  <attribute name="IntegralH" value="-350.000000" />
  <attribute name="DerivativeT" value="-0.428571" />
  <attribute name="DerivativeI" value="-0.428571" />
  <attribute name="DerivativeH" value="-0.428571" />
  <attribute name="Loop Time for DT" value="35.000000" />
  <attribute name="Output H" value="2092630016"/>
  <attribute name="Output I" value="200"/>
  <attribute name="Output T" value="4"/>
  <attribute name="Target GC Util Change" value ="20.000000" />
  <attribute name="Current GC Util Change" value="10.000000"/>
  <attribute name="GC Util currently" value="10" />
  <attribute name="CPU Util currently" value="129248982087" />
<allocation-satisfied id="1314" threadId="0000000000D2C900" bytesRequested="16392" />
<af-end id="1315" timestamp="2019-06-17T03:33:17.506" threadId="0000000000D2D288" success="true" from="nursery"/>
<exclusive-end id="1316" timestamp="2019-06-17T03:33:17.506" durationms="4.306" />

<exclusive-start id="1317" timestamp="2019-06-17T03:33:17.543" intervalms="41.525">
  <response-info timems="0.045" idlems="0.045" threads="0" lastid="0000000000D37D00" lastname="Thread-6" />
</exclusive-start>
<af-start id="1318" threadId="0000000000D38688" totalBytesRequested="32776" timestamp="2019-06-17T03:33:17.543" intervalms="41.350" type="nursery" />
<cycle-start id="1319" type="scavenge" contextid="0" timestamp="2019-06-17T03:33:17.543" intervalms="41.354" />
<gc-start id="1320" type="scavenge" contextid="1319" timestamp="2019-06-17T03:33:17.543">
  <mem-info id="1321" free="1926912" total="13631488" percent="14">
    <mem type="nursery" free="0" total="7995392" percent="0">
      <mem type="allocate" free="0" total="6160384" percent="0" />
      <mem type="survivor" free="0" total="1835008" percent="0" />
    </mem>
    <mem type="tenure" free="1926912" total="5636096" percent="34">
      <mem type="soa" free="1678080" total="5354496" percent="31" />
      <mem type="loa" free="248832" total="281600" percent="88" />
    </mem>
    <remembered-set count="308" />
  </mem-info>
</gc-start>
<allocation-stats totalBytes="4867464" >
  <allocated-bytes non-tlh="81944" tlh="4785520" />
  <largest-consumer threadName="Thread-5" threadId="0000000000D34100" bytes="1614160" />
</allocation-stats>
<gc-op id="1322" type="scavenge" timems="3.273" contextid="1319" timestamp="2019-06-17T03:33:17.547">
  <scavenger-info tenureage="3" tenuremask="7ff8" tiltratio="77" />
  <memory-copied type="nursery" objects="1700" bytes="957968" bytesdiscarded="253856" />
  <memory-copied type="tenure" objects="50" bytes="21600" bytesdiscarded="0" />
  <references type="phantom" candidates="1" cleared="0" enqueued="0" />
</gc-op>
<gc-end id="1323" type="scavenge" contextid="1319" durationms="3.630" usertimems="8.000" systemtimems="0.000" timestamp="2019-06-17T03:33:17.547" activeThreads="4">
  <mem-info id="1324" free="7137528" total="13631488" percent="52">
    <mem type="nursery" free="5210616" total="7995392" percent="65">
      <mem type="allocate" free="5210616" total="6422528" percent="81" />
      <mem type="survivor" free="0" total="1572864" percent="0" />
    </mem>
    <mem type="tenure" free="1926912" total="5636096" percent="34">
      <mem type="soa" free="1678080" total="5354496" percent="31" />
      <mem type="loa" free="248832" total="281600" percent="88" />
    </mem>
    <remembered-set count="117" />
  </mem-info>
</gc-end>
<cycle-end id="1325" type="scavenge" contextid="1319" timestamp="2019-06-17T03:33:17.547" />
  <attribute name="elasticGC enabled" value="1" />
  <attribute name= "numThreadsSpecified" value="4" />
  <attribute name="heapSize specified" value="12058624" />
  <attribute name="Current GC Util" value="12" />
  <attribute name= "Current Time Running" value="4125" />
  <attribute name ="GC Interval" value="200" />
  <attribute name="ProportionalT" value="-12.000000" />
  <attribute name="ProportionalI" value="-12.000000" />
  <attribute name="ProportionalH" value="-12.000000" />
  <attribute name="Current Error" value="-8.000000" />
  <attribute name="IntegralT" value="-336.000000" />
  <attribute name="IntegralI" value="-336.000000" />
  <attribute name="IntegralH" value="-336.000000" />
  <attribute name="DerivativeT" value="-0.285714" />
  <attribute name="DerivativeI" value="-0.285714" />
  <attribute name="DerivativeH" value="-0.285714" />
  <attribute name="Loop Time for DT" value="42.000000" />
  <attribute name="Output H" value="2092630016"/>
  <attribute name="Output I" value="200"/>
  <attribute name="Output T" value="4"/>
  <attribute name="Target GC Util Change" value ="20.000000" />
  <attribute name="Current GC Util Change" value="12.000000"/>
  <attribute name="GC Util currently" value="12" />
  <attribute name="CPU Util currently" value="111654905238" />
<allocation-satisfied id="1326" threadId="0000000000D37D00" bytesRequested="32776" />
<af-end id="1327" timestamp="2019-06-17T03:33:17.548" threadId="0000000000D38688" success="true" from="nursery"/>
<exclusive-end id="1328" timestamp="2019-06-17T03:33:17.548" durationms="4.421" />

<exclusive-start id="1329" timestamp="2019-06-17T03:33:17.586" intervalms="43.209">
  <response-info timems="0.035" idlems="0.035" threads="0" lastid="0000000000D37D00" lastname="Thread-6" />
</exclusive-start>
<af-start id="1330" threadId="0000000000D38688" totalBytesRequested="2056" timestamp="2019-06-17T03:33:17.587" intervalms="43.208" type="nursery" />
<cycle-start id="1331" type="scavenge" contextid="0" timestamp="2019-06-17T03:33:17.587" intervalms="43.206" />
<gc-start id="1332" type="scavenge" contextid="1331" timestamp="2019-06-17T03:33:17.587">
  <mem-info id="1333" free="1926912" total="13631488" percent="14">
    <mem type="nursery" free="0" total="7995392" percent="0">
      <mem type="allocate" free="0" total="6422528" percent="0" />
      <mem type="survivor" free="0" total="1572864" percent="0" />
    </mem>
    <mem type="tenure" free="1926912" total="5636096" percent="34">
      <mem type="soa" free="1678080" total="5354496" percent="31" />
      <mem type="loa" free="248832" total="281600" percent="88" />
    </mem>
    <remembered-set count="331" />
  </mem-info>
</gc-start>
<allocation-stats totalBytes="5181064" >
  <allocated-bytes non-tlh="32776" tlh="5148288" />
  <largest-consumer threadName="Thread-5" threadId="0000000000D34100" bytes="1529424" />
</allocation-stats>
<gc-op id="1334" type="scavenge" timems="3.641" contextid="1331" timestamp="2019-06-17T03:33:17.590">
  <scavenger-info tenureage="3" tenuremask="7ff8" tiltratio="80" />
  <memory-copied type="nursery" objects="1612" bytes="776744" bytesdiscarded="199200" />
  <memory-copied type="tenure" objects="304" bytes="261144" bytesdiscarded="264" />
  <references type="weak" candidates="1" cleared="0" enqueued="0" />
  <references type="phantom" candidates="3" cleared="0" enqueued="0" />
</gc-op>
<heap-resize id="1335" type="expand" space="nursery" amount="524288" count="1" timems="0.017" reason="excessive time being spent scavenging" timestamp="2019-06-17T03:33:17.591" />
<gc-end id="1336" type="scavenge" contextid="1331" durationms="4.155" usertimems="4.000" systemtimems="0.000" timestamp="2019-06-17T03:33:17.591" activeThreads="4">
  <mem-info id="1337" free="7573472" total="14155776" percent="53">
    <mem type="nursery" free="5905248" total="8519680" percent="69">
      <mem type="allocate" free="5905248" total="6881280" percent="85" />
      <mem type="survivor" free="0" total="1638400" percent="0" />
    </mem>
    <mem type="tenure" free="1668224" total="5636096" percent="29">
      <mem type="soa" free="1419392" total="5354496" percent="26" />
      <mem type="loa" free="248832" total="281600" percent="88" />
    </mem>
    <remembered-set count="112" />
  </mem-info>
</gc-end>
<cycle-end id="1338" type="scavenge" contextid="1331" timestamp="2019-06-17T03:33:17.591" />
  <attribute name="elasticGC enabled" value="1" />
  <attribute name= "numThreadsSpecified" value="4" />
  <attribute name="heapSize specified" value="12058624" />
  <attribute name="Current GC Util" value="12" />
  <attribute name= "Current Time Running" value="4168" />
  <attribute name ="GC Interval" value="200" />
  <attribute name="ProportionalT" value="-12.000000" />
  <attribute name="ProportionalI" value="-12.000000" />
  <attribute name="ProportionalH" value="-12.000000" />
  <attribute name="Current Error" value="-8.000000" />
  <attribute name="IntegralT" value="-344.000000" />
  <attribute name="IntegralI" value="-344.000000" />
  <attribute name="IntegralH" value="-344.000000" />
  <attribute name="DerivativeT" value="-0.279070" />
  <attribute name="DerivativeI" value="-0.279070" />
  <attribute name="DerivativeH" value="-0.279070" />
  <attribute name="Loop Time for DT" value="43.000000" />
  <attribute name="Output H" value="2092630016"/>
  <attribute name="Output I" value="200"/>
  <attribute name="Output T" value="4"/>
  <attribute name="Target GC Util Change" value ="20.000000" />
  <attribute name="Current GC Util Change" value="12.000000"/>
  <attribute name="GC Util currently" value="12" />
  <attribute name="CPU Util currently" value="106631095562" />
<allocation-satisfied id="1339" threadId="0000000000D37D00" bytesRequested="2056" />
<af-end id="1340" timestamp="2019-06-17T03:33:17.591" threadId="0000000000D38688" success="true" from="nursery"/>
<exclusive-end id="1341" timestamp="2019-06-17T03:33:17.591" durationms="4.772" />

<exclusive-start id="1342" timestamp="2019-06-17T03:33:17.639" intervalms="52.738">
  <response-info timems="0.041" idlems="0.041" threads="0" lastid="0000000000D30500" lastname="Thread-4" />
</exclusive-start>
<af-start id="1343" threadId="0000000000D30E88" totalBytesRequested="32776" timestamp="2019-06-17T03:33:17.639" intervalms="52.745" type="nursery" />
<cycle-start id="1344" type="scavenge" contextid="0" timestamp="2019-06-17T03:33:17.639" intervalms="52.744" />
<gc-start id="1345" type="scavenge" contextid="1344" timestamp="2019-06-17T03:33:17.639">
  <mem-info id="1346" free="1668224" total="14155776" percent="11">
    <mem type="nursery" free="0" total="8519680" percent="0">
      <mem type="allocate" free="0" total="6881280" percent="0" />
      <mem type="survivor" free="0" total="1638400" percent="0" />
    </mem>
    <mem type="tenure" free="1668224" total="5636096" percent="29">
      <mem type="soa" free="1419392" total="5354496" percent="26" />
      <mem type="loa" free="248832" total="281600" percent="88" />
    </mem>
    <remembered-set count="295" />
  </mem-info>
</gc-start>
<allocation-stats totalBytes="5868424" >
  <allocated-bytes non-tlh="2056" tlh="5866368" />
  <largest-consumer threadName="Thread-4" threadId="0000000000D30500" bytes="2759536" />
</allocation-stats>
<gc-op id="1347" type="scavenge" timems="0.424" contextid="1344" timestamp="2019-06-17T03:33:17.640">
  <scavenger-info tenureage="3" tenuremask="7ff8" tiltratio="80" />
  <memory-copied type="nursery" objects="1645" bytes="849840" bytesdiscarded="251912" />
  <memory-copied type="tenure" objects="58" bytes="73648" bytesdiscarded="464" />
  <references type="phantom" candidates="1" cleared="0" enqueued="0" />
</gc-op>
<gc-end id="1348" type="scavenge" contextid="1344" durationms="0.604" usertimems="0.000" systemtimems="0.000" timestamp="2019-06-17T03:33:17.640" activeThreads="4">
  <mem-info id="1349" free="7636848" total="14155776" percent="53">
    <mem type="nursery" free="6041600" total="8519680" percent="70">
      <mem type="allocate" free="6041600" total="7143424" percent="84" />
      <mem type="survivor" free="0" total="1376256" percent="0" />
    </mem>
    <mem type="tenure" free="1595248" total="5636096" percent="28">
      <mem type="soa" free="1346416" total="5354496" percent="25" />
      <mem type="loa" free="248832" total="281600" percent="88" />
    </mem>
    <remembered-set count="99" />
  </mem-info>
</gc-end>
<cycle-end id="1350" type="scavenge" contextid="1344" timestamp="2019-06-17T03:33:17.640" />
  <attribute name="elasticGC enabled" value="1" />
  <attribute name= "numThreadsSpecified" value="4" />
  <attribute name="heapSize specified" value="12058624" />
  <attribute name="Current GC Util" value="10" />
  <attribute name= "Current Time Running" value="4221" />
  <attribute name ="GC Interval" value="200" />
  <attribute name="ProportionalT" value="-15.000000" />
  <attribute name="ProportionalI" value="-15.000000" />
  <attribute name="ProportionalH" value="-15.000000" />
  <attribute name="Current Error" value="-10.000000" />
  <attribute name="IntegralT" value="-530.000000" />
  <attribute name="IntegralI" value="-530.000000" />
  <attribute name="IntegralH" value="-530.000000" />
  <attribute name="DerivativeT" value="-0.283019" />
  <attribute name="DerivativeI" value="-0.283019" />
  <attribute name="DerivativeH" value="-0.283019" />
  <attribute name="Loop Time for DT" value="53.000000" />
  <attribute name="Output H" value="2092630016"/>
  <attribute name="Output I" value="200"/>
  <attribute name="Output T" value="4"/>
  <attribute name="Target GC Util Change" value ="20.000000" />
  <attribute name="Current GC Util Change" value="10.000000"/>
  <attribute name="GC Util currently" value="10" />
  <attribute name="CPU Util currently" value="87507596014" />
<allocation-satisfied id="1351" threadId="0000000000D30500" bytesRequested="32776" />
<af-end id="1352" timestamp="2019-06-17T03:33:17.640" threadId="0000000000D30E88" success="true" from="nursery"/>
<exclusive-end id="1353" timestamp="2019-06-17T03:33:17.640" durationms="1.050" />

<exclusive-start id="1354" timestamp="2019-06-17T03:33:17.691" intervalms="52.297">
  <response-info timems="0.216" idlems="0.191" threads="1" lastid="0000000000A06B00" lastname="JIT Compilation Thread-2" />
</exclusive-start>
<af-start id="1355" threadId="0000000000D2D288" totalBytesRequested="8200" timestamp="2019-06-17T03:33:17.692" intervalms="52.290" type="nursery" />
<cycle-start id="1356" type="scavenge" contextid="0" timestamp="2019-06-17T03:33:17.692" intervalms="52.290" />
<gc-start id="1357" type="scavenge" contextid="1356" timestamp="2019-06-17T03:33:17.692">
  <mem-info id="1358" free="1595248" total="14155776" percent="11">
    <mem type="nursery" free="0" total="8519680" percent="0">
      <mem type="allocate" free="0" total="7143424" percent="0" />
      <mem type="survivor" free="0" total="1376256" percent="0" />
    </mem>
    <mem type="tenure" free="1595248" total="5636096" percent="28">
      <mem type="soa" free="1346416" total="5354496" percent="25" />
      <mem type="loa" free="248832" total="281600" percent="88" />
    </mem>
    <remembered-set count="315" />
  </mem-info>
</gc-start>
<allocation-stats totalBytes="5990128" >
  <allocated-bytes non-tlh="32776" tlh="5957352" />
  <largest-consumer threadName="Thread-4" threadId="0000000000D30500" bytes="2181360" />
</allocation-stats>
<gc-op id="1359" type="scavenge" timems="0.745" contextid="1356" timestamp="2019-06-17T03:33:17.693">
  <scavenger-info tenureage="3" tenuremask="7ff8" tiltratio="83" />
  <memory-copied type="nursery" objects="2018" bytes="944096" bytesdiscarded="74504" />
  <references type="phantom" candidates="1" cleared="0" enqueued="0" />
</gc-op>
<gc-end id="1360" type="scavenge" contextid="1356" durationms="0.940" usertimems="0.000" systemtimems="0.000" timestamp="2019-06-17T03:33:17.693" activeThreads="4">
  <mem-info id="1361" free="7720000" total="14155776" percent="54">
    <mem type="nursery" free="6124752" total="8519680" percent="71">
      <mem type="allocate" free="6124752" total="7143424" percent="85" />
      <mem type="survivor" free="0" total="1376256" percent="0" />
    </mem>
    <mem type="tenure" free="1595248" total="5636096" percent="28">
      <mem type="soa" free="1346416" total="5354496" percent="25" />
      <mem type="loa" free="248832" total="281600" percent="88" />
    </mem>
    <remembered-set count="106" />
  </mem-info>
</gc-end>
<cycle-end id="1362" type="scavenge" contextid="1356" timestamp="2019-06-17T03:33:17.693" />
  <attribute name="elasticGC enabled" value="1" />
  <attribute name= "numThreadsSpecified" value="4" />
  <attribute name="heapSize specified" value="12058624" />
  <attribute name="Current GC Util" value="2" />
  <attribute name= "Current Time Running" value="4273" />
  <attribute name ="GC Interval" value="200" />
  <attribute name="ProportionalT" value="-27.000000" />
  <attribute name="ProportionalI" value="-27.000000" />
  <attribute name="ProportionalH" value="-27.000000" />
  <attribute name="Current Error" value="-18.000000" />
  <attribute name="IntegralT" value="-936.000000" />
  <attribute name="IntegralI" value="-936.000000" />
  <attribute name="IntegralH" value="-936.000000" />
  <attribute name="DerivativeT" value="-0.519231" />
  <attribute name="DerivativeI" value="-0.519231" />
  <attribute name="DerivativeH" value="-0.519231" />
  <attribute name="Loop Time for DT" value="52.000000" />
  <attribute name="Output H" value="2092630016"/>
  <attribute name="Output I" value="200"/>
  <attribute name="Output T" value="4"/>
  <attribute name="Target GC Util Change" value ="20.000000" />
  <attribute name="Current GC Util Change" value="2.000000"/>
  <attribute name="GC Util currently" value="2" />
  <attribute name="CPU Util currently" value="88183725686" />
<allocation-satisfied id="1363" threadId="0000000000D2C900" bytesRequested="8200" />
<af-end id="1364" timestamp="2019-06-17T03:33:17.693" threadId="0000000000D2D288" success="true" from="nursery"/>
<exclusive-end id="1365" timestamp="2019-06-17T03:33:17.693" durationms="1.420" />

<exclusive-start id="1366" timestamp="2019-06-17T03:33:17.745" intervalms="53.979">
  <response-info timems="0.051" idlems="0.051" threads="0" lastid="0000000000D34100" lastname="Thread-5" />
</exclusive-start>
<af-start id="1367" threadId="0000000000D34A88" totalBytesRequested="16392" timestamp="2019-06-17T03:33:17.746" intervalms="53.974" type="nursery" />
<cycle-start id="1368" type="scavenge" contextid="0" timestamp="2019-06-17T03:33:17.746" intervalms="53.964" />
<gc-start id="1369" type="scavenge" contextid="1368" timestamp="2019-06-17T03:33:17.746">
  <mem-info id="1370" free="1595248" total="14155776" percent="11">
    <mem type="nursery" free="0" total="8519680" percent="0">
      <mem type="allocate" free="0" total="7143424" percent="0" />
      <mem type="survivor" free="0" total="1376256" percent="0" />
    </mem>
    <mem type="tenure" free="1595248" total="5636096" percent="28">
      <mem type="soa" free="1346416" total="5354496" percent="25" />
      <mem type="loa" free="248832" total="281600" percent="88" />
    </mem>
    <remembered-set count="321" />
  </mem-info>
</gc-start>
<allocation-stats totalBytes="6072760" >
  <allocated-bytes non-tlh="8200" tlh="6064560" />
  <largest-consumer threadName="Thread-6" threadId="0000000000D37D00" bytes="2168544" />
</allocation-stats>
<gc-op id="1371" type="scavenge" timems="0.370" contextid="1368" timestamp="2019-06-17T03:33:17.746">
  <scavenger-info tenureage="3" tenuremask="7ff8" tiltratio="83" />
  <memory-copied type="nursery" objects="1762" bytes="732160" bytesdiscarded="332880" />
  <references type="weak" candidates="1" cleared="0" enqueued="0" />
  <references type="phantom" candidates="3" cleared="0" enqueued="0" />
</gc-op>
<gc-end id="1372" type="scavenge" contextid="1368" durationms="0.519" usertimems="0.000" systemtimems="0.000" timestamp="2019-06-17T03:33:17.746" activeThreads="4">
  <mem-info id="1373" free="7739096" total="14155776" percent="54">
    <mem type="nursery" free="6143848" total="8519680" percent="72">
      <mem type="allocate" free="6143848" total="7208960" percent="85" />
      <mem type="survivor" free="0" total="1310720" percent="0" />
    </mem>
    <mem type="tenure" free="1595248" total="5636096" percent="28">
      <mem type="soa" free="1346416" total="5354496" percent="25" />
      <mem type="loa" free="248832" total="281600" percent="88" />
    </mem>
    <remembered-set count="104" />
  </mem-info>
</gc-end>
<cycle-end id="1374" type="scavenge" contextid="1368" timestamp="2019-06-17T03:33:17.746" />
  <attribute name="elasticGC enabled" value="1" />
  <attribute name= "numThreadsSpecified" value="4" />
  <attribute name="heapSize specified" value="12058624" />
  <attribute name="Current GC Util" value="2" />
  <attribute name= "Current Time Running" value="4327" />
  <attribute name ="GC Interval" value="200" />
  <attribute name="ProportionalT" value="-27.000000" />
  <attribute name="ProportionalI" value="-27.000000" />
  <attribute name="ProportionalH" value="-27.000000" />
  <attribute name="Current Error" value="-18.000000" />
  <attribute name="IntegralT" value="-972.000000" />
  <attribute name="IntegralI" value="-972.000000" />
  <attribute name="IntegralH" value="-972.000000" />
  <attribute name="DerivativeT" value="-0.500000" />
  <attribute name="DerivativeI" value="-0.500000" />
  <attribute name="DerivativeH" value="-0.500000" />
  <attribute name="Loop Time for DT" value="54.000000" />
  <attribute name="Output H" value="2092630016"/>
  <attribute name="Output I" value="200"/>
  <attribute name="Output T" value="4"/>
  <attribute name="Target GC Util Change" value ="20.000000" />
  <attribute name="Current GC Util Change" value="2.000000"/>
  <attribute name="GC Util currently" value="2" />
  <attribute name="CPU Util currently" value="85519278460" />
<allocation-satisfied id="1375" threadId="0000000000D34100" bytesRequested="16392" />
<af-end id="1376" timestamp="2019-06-17T03:33:17.746" threadId="0000000000D34A88" success="true" from="nursery"/>
<exclusive-end id="1377" timestamp="2019-06-17T03:33:17.746" durationms="0.900" />

<exclusive-start id="1378" timestamp="2019-06-17T03:33:17.795" intervalms="49.066">
  <response-info timems="0.072" idlems="0.072" threads="0" lastid="0000000000D30500" lastname="Thread-4" />
</exclusive-start>
<af-start id="1379" threadId="0000000000D30E88" totalBytesRequested="2056" timestamp="2019-06-17T03:33:17.795" intervalms="49.157" type="nursery" />
<cycle-start id="1380" type="scavenge" contextid="0" timestamp="2019-06-17T03:33:17.795" intervalms="49.207" />
<gc-start id="1381" type="scavenge" contextid="1380" timestamp="2019-06-17T03:33:17.795">
  <mem-info id="1382" free="1595248" total="14155776" percent="11">
    <mem type="nursery" free="0" total="8519680" percent="0">
      <mem type="allocate" free="0" total="7208960" percent="0" />
      <mem type="survivor" free="0" total="1310720" percent="0" />
    </mem>
    <mem type="tenure" free="1595248" total="5636096" percent="28">
      <mem type="soa" free="1346416" total="5354496" percent="25" />
      <mem type="loa" free="248832" total="281600" percent="88" />
    </mem>
    <remembered-set count="305" />
  </mem-info>
</gc-start>
<allocation-stats totalBytes="6095552" >
  <allocated-bytes non-tlh="16392" tlh="6079160" />
  <largest-consumer threadName="Thread-6" threadId="0000000000D37D00" bytes="2680584" />
</allocation-stats>
<gc-op id="1383" type="scavenge" timems="0.367" contextid="1380" timestamp="2019-06-17T03:33:17.795">
  <scavenger-info tenureage="3" tenuremask="7ff8" tiltratio="84" />
  <memory-copied type="nursery" objects="1991" bytes="839472" bytesdiscarded="250200" />
  <references type="phantom" candidates="3" cleared="0" enqueued="0" />
</gc-op>
<gc-end id="1384" type="scavenge" contextid="1380" durationms="0.546" usertimems="0.000" systemtimems="0.000" timestamp="2019-06-17T03:33:17.795" activeThreads="4">
  <mem-info id="1385" free="7779984" total="14155776" percent="54">
    <mem type="nursery" free="6184736" total="8519680" percent="72">
      <mem type="allocate" free="6184736" total="7274496" percent="85" />
      <mem type="survivor" free="0" total="1245184" percent="0" />
    </mem>
    <mem type="tenure" free="1595248" total="5636096" percent="28">
      <mem type="soa" free="1346416" total="5354496" percent="25" />
      <mem type="loa" free="248832" total="281600" percent="88" />
    </mem>
    <remembered-set count="102" />
  </mem-info>
</gc-end>
<cycle-end id="1386" type="scavenge" contextid="1380" timestamp="2019-06-17T03:33:17.795" />
  <attribute name="elasticGC enabled" value="1" />
  <attribute name= "numThreadsSpecified" value="4" />
  <attribute name="heapSize specified" value="12058624" />
  <attribute name="Current GC Util" value="1" />
  <attribute name= "Current Time Running" value="4376" />
  <attribute name ="GC Interval" value="200" />
  <attribute name="ProportionalT" value="-28.500000" />
  <attribute name="ProportionalI" value="-28.500000" />
  <attribute name="ProportionalH" value="-28.500000" />
  <attribute name="Current Error" value="-19.000000" />
  <attribute name="IntegralT" value="-931.000000" />
  <attribute name="IntegralI" value="-931.000000" />
  <attribute name="IntegralH" value="-931.000000" />
  <attribute name="DerivativeT" value="-0.581633" />
  <attribute name="DerivativeI" value="-0.581633" />
  <attribute name="DerivativeH" value="-0.581633" />
  <attribute name="Loop Time for DT" value="49.000000" />
  <attribute name="Output H" value="2092630016"/>
  <attribute name="Output I" value="200"/>
  <attribute name="Output T" value="4"/>
  <attribute name="Target GC Util Change" value ="20.000000" />
  <attribute name="Current GC Util Change" value="1.000000"/>
  <attribute name="GC Util currently" value="1" />
  <attribute name="CPU Util currently" value="93660655319" />
<allocation-satisfied id="1387" threadId="0000000000D30500" bytesRequested="2056" />
<af-end id="1388" timestamp="2019-06-17T03:33:17.796" threadId="0000000000D30E88" success="true" from="nursery"/>
<exclusive-end id="1389" timestamp="2019-06-17T03:33:17.796" durationms="1.117" />

<exclusive-start id="1390" timestamp="2019-06-17T03:33:17.839" intervalms="44.403">
  <response-info timems="0.042" idlems="0.042" threads="0" lastid="0000000000D2C900" lastname="Thread-3" />
</exclusive-start>
<af-start id="1391" threadId="0000000000D2D288" totalBytesRequested="824" timestamp="2019-06-17T03:33:17.839" intervalms="44.319" type="nursery" />
<cycle-start id="1392" type="scavenge" contextid="0" timestamp="2019-06-17T03:33:17.839" intervalms="44.280" />
<gc-start id="1393" type="scavenge" contextid="1392" timestamp="2019-06-17T03:33:17.839">
  <mem-info id="1394" free="1595248" total="14155776" percent="11">
    <mem type="nursery" free="0" total="8519680" percent="0">
      <mem type="allocate" free="0" total="7274496" percent="0" />
      <mem type="survivor" free="0" total="1245184" percent="0" />
    </mem>
    <mem type="tenure" free="1595248" total="5636096" percent="28">
      <mem type="soa" free="1346416" total="5354496" percent="25" />
      <mem type="loa" free="248832" total="281600" percent="88" />
    </mem>
    <remembered-set count="315" />
  </mem-info>
</gc-start>
<allocation-stats totalBytes="6151920" >
  <allocated-bytes non-tlh="2056" tlh="6149864" />
  <largest-consumer threadName="Thread-6" threadId="0000000000D37D00" bytes="2541168" />
</allocation-stats>
<gc-op id="1395" type="scavenge" timems="0.415" contextid="1392" timestamp="2019-06-17T03:33:17.840">
  <scavenger-info tenureage="3" tenuremask="7ff8" tiltratio="85" />
  <memory-copied type="nursery" objects="2356" bytes="991160" bytesdiscarded="180800" />
  <memory-copied type="tenure" objects="4" bytes="144" bytesdiscarded="0" />
  <references type="phantom" candidates="1" cleared="0" enqueued="0" />
</gc-op>
<gc-end id="1396" type="scavenge" contextid="1392" durationms="0.598" usertimems="0.000" systemtimems="0.000" timestamp="2019-06-17T03:33:17.840" activeThreads="4">
  <mem-info id="1397" free="7697712" total="14155776" percent="54">
    <mem type="nursery" free="6102464" total="8519680" percent="71">
      <mem type="allocate" free="6102464" total="7274496" percent="83" />
      <mem type="survivor" free="0" total="1245184" percent="0" />
    </mem>
    <mem type="tenure" free="1595248" total="5636096" percent="28">
      <mem type="soa" free="1346416" total="5354496" percent="25" />
      <mem type="loa" free="248832" total="281600" percent="88" />
    </mem>
    <remembered-set count="104" />
  </mem-info>
</gc-end>
<cycle-end id="1398" type="scavenge" contextid="1392" timestamp="2019-06-17T03:33:17.840" />
  <attribute name="elasticGC enabled" value="1" />
  <attribute name= "numThreadsSpecified" value="4" />
  <attribute name="heapSize specified" value="12058624" />
  <attribute name="Current GC Util" value="2" />
  <attribute name= "Current Time Running" value="4420" />
  <attribute name ="GC Interval" value="200" />
  <attribute name="ProportionalT" value="-27.000000" />
  <attribute name="ProportionalI" value="-27.000000" />
  <attribute name="ProportionalH" value="-27.000000" />
  <attribute name="Current Error" value="-18.000000" />
  <attribute name="IntegralT" value="-792.000000" />
  <attribute name="IntegralI" value="-792.000000" />
  <attribute name="IntegralH" value="-792.000000" />
  <attribute name="DerivativeT" value="-0.613636" />
  <attribute name="DerivativeI" value="-0.613636" />
  <attribute name="DerivativeH" value="-0.613636" />
  <attribute name="Loop Time for DT" value="44.000000" />
  <attribute name="Output H" value="2092630016"/>
  <attribute name="Output I" value="200"/>
  <attribute name="Output T" value="4"/>
  <attribute name="Target GC Util Change" value ="20.000000" />
  <attribute name="Current GC Util Change" value="2.000000"/>
  <attribute name="GC Util currently" value="2" />
  <attribute name="CPU Util currently" value="104155215867" />
<allocation-satisfied id="1399" threadId="0000000000D2C900" bytesRequested="824" />
<af-end id="1400" timestamp="2019-06-17T03:33:17.840" threadId="0000000000D2D288" success="true" from="nursery"/>
<exclusive-end id="1401" timestamp="2019-06-17T03:33:17.840" durationms="1.048" />

<exclusive-start id="1402" timestamp="2019-06-17T03:33:17.888" intervalms="48.836">
  <response-info timems="0.049" idlems="0.049" threads="0" lastid="0000000000D34100" lastname="Thread-5" />
</exclusive-start>
<af-start id="1403" threadId="0000000000D34A88" totalBytesRequested="48" timestamp="2019-06-17T03:33:17.888" intervalms="48.822" type="nursery" />
<cycle-start id="1404" type="scavenge" contextid="0" timestamp="2019-06-17T03:33:17.888" intervalms="48.812" />
<gc-start id="1405" type="scavenge" contextid="1404" timestamp="2019-06-17T03:33:17.888">
  <mem-info id="1406" free="1595248" total="14155776" percent="11">
    <mem type="nursery" free="0" total="8519680" percent="0">
      <mem type="allocate" free="0" total="7274496" percent="0" />
      <mem type="survivor" free="0" total="1245184" percent="0" />
    </mem>
    <mem type="tenure" free="1595248" total="5636096" percent="28">
      <mem type="soa" free="1346416" total="5354496" percent="25" />
      <mem type="loa" free="248832" total="281600" percent="88" />
    </mem>
    <remembered-set count="320" />
  </mem-info>
</gc-start>
<allocation-stats totalBytes="6060624" >
  <allocated-bytes non-tlh="824" tlh="6059800" />
  <largest-consumer threadName="Thread-6" threadId="0000000000D37D00" bytes="1689840" />
</allocation-stats>
<gc-op id="1407" type="scavenge" timems="0.377" contextid="1404" timestamp="2019-06-17T03:33:17.888">
  <scavenger-info tenureage="3" tenuremask="7ff8" tiltratio="85" />
  <memory-copied type="nursery" objects="2722" bytes="1042504" bytesdiscarded="202616" />
  <memory-copied type="tenure" objects="1" bytes="104" bytesdiscarded="0" />
</gc-op>
<gc-end id="1408" type="scavenge" contextid="1404" durationms="0.536" usertimems="0.000" systemtimems="0.000" timestamp="2019-06-17T03:33:17.888" activeThreads="4">
  <mem-info id="1409" free="7624560" total="14155776" percent="53">
    <mem type="nursery" free="6029312" total="8519680" percent="70">
      <mem type="allocate" free="6029312" total="7274496" percent="82" />
      <mem type="survivor" free="0" total="1245184" percent="0" />
    </mem>
    <mem type="tenure" free="1595248" total="5636096" percent="28">
      <mem type="soa" free="1346416" total="5354496" percent="25" />
      <mem type="loa" free="248832" total="281600" percent="88" />
    </mem>
    <remembered-set count="109" />
  </mem-info>
</gc-end>
<cycle-end id="1410" type="scavenge" contextid="1404" timestamp="2019-06-17T03:33:17.889" />
  <attribute name="elasticGC enabled" value="1" />
  <attribute name= "numThreadsSpecified" value="4" />
  <attribute name="heapSize specified" value="12058624" />
  <attribute name="Current GC Util" value="2" />
  <attribute name= "Current Time Running" value="4469" />
  <attribute name ="GC Interval" value="200" />
  <attribute name="ProportionalT" value="-27.000000" />
  <attribute name="ProportionalI" value="-27.000000" />
  <attribute name="ProportionalH" value="-27.000000" />
  <attribute name="Current Error" value="-18.000000" />
  <attribute name="IntegralT" value="-882.000000" />
  <attribute name="IntegralI" value="-882.000000" />
  <attribute name="IntegralH" value="-882.000000" />
  <attribute name="DerivativeT" value="-0.551020" />
  <attribute name="DerivativeI" value="-0.551020" />
  <attribute name="DerivativeH" value="-0.551020" />
  <attribute name="Loop Time for DT" value="49.000000" />
  <attribute name="Output H" value="2092630016"/>
  <attribute name="Output I" value="200"/>
  <attribute name="Output T" value="4"/>
  <attribute name="Target GC Util Change" value ="20.000000" />
  <attribute name="Current GC Util Change" value="2.000000"/>
  <attribute name="GC Util currently" value="2" />
  <attribute name="CPU Util currently" value="94524494916" />
<allocation-satisfied id="1411" threadId="0000000000D34100" bytesRequested="48" />
<af-end id="1412" timestamp="2019-06-17T03:33:17.889" threadId="0000000000D34A88" success="true" from="nursery"/>
<exclusive-end id="1413" timestamp="2019-06-17T03:33:17.889" durationms="1.061" />

<exclusive-start id="1414" timestamp="2019-06-17T03:33:17.933" intervalms="45.033">
  <response-info timems="0.041" idlems="0.041" threads="0" lastid="0000000000D37D00" lastname="Thread-6" />
</exclusive-start>
<af-start id="1415" threadId="0000000000D38688" totalBytesRequested="8200" timestamp="2019-06-17T03:33:17.933" intervalms="45.141" type="nursery" />
<cycle-start id="1416" type="scavenge" contextid="0" timestamp="2019-06-17T03:33:17.933" intervalms="45.156" />
<gc-start id="1417" type="scavenge" contextid="1416" timestamp="2019-06-17T03:33:17.933">
  <mem-info id="1418" free="1595248" total="14155776" percent="11">
    <mem type="nursery" free="0" total="8519680" percent="0">
      <mem type="allocate" free="0" total="7274496" percent="0" />
      <mem type="survivor" free="0" total="1245184" percent="0" />
    </mem>
    <mem type="tenure" free="1595248" total="5636096" percent="28">
      <mem type="soa" free="1346416" total="5354496" percent="25" />
      <mem type="loa" free="248832" total="281600" percent="88" />
    </mem>
    <remembered-set count="294" />
  </mem-info>
</gc-start>
<allocation-stats totalBytes="6003080" >
  <allocated-bytes non-tlh="48" tlh="6003032" />
  <largest-consumer threadName="Thread-6" threadId="0000000000D37D00" bytes="2473344" />
</allocation-stats>
<gc-op id="1419" type="scavenge" timems="0.747" contextid="1416" timestamp="2019-06-17T03:33:17.934">
  <scavenger-info tenureage="3" tenuremask="7ff8" tiltratio="85" />
  <memory-copied type="nursery" objects="1961" bytes="868776" bytesdiscarded="68520" />
  <references type="weak" candidates="1" cleared="0" enqueued="0" />
  <references type="phantom" candidates="2" cleared="0" enqueued="0" />
</gc-op>
<gc-end id="1420" type="scavenge" contextid="1416" durationms="1.104" usertimems="0.000" systemtimems="0.000" timestamp="2019-06-17T03:33:17.934" activeThreads="4">
  <mem-info id="1421" free="7997904" total="14155776" percent="56">
    <mem type="nursery" free="6402656" total="8519680" percent="75">
      <mem type="allocate" free="6402656" total="7340032" percent="87" />
      <mem type="survivor" free="0" total="1179648" percent="0" />
    </mem>
    <mem type="tenure" free="1595248" total="5636096" percent="28">
      <mem type="soa" free="1346416" total="5354496" percent="25" />
      <mem type="loa" free="248832" total="281600" percent="88" />
    </mem>
    <remembered-set count="103" />
  </mem-info>
</gc-end>
<cycle-end id="1422" type="scavenge" contextid="1416" timestamp="2019-06-17T03:33:17.934" />
  <attribute name="elasticGC enabled" value="1" />
  <attribute name= "numThreadsSpecified" value="4" />
  <attribute name="heapSize specified" value="12058624" />
  <attribute name="Current GC Util" value="2" />
  <attribute name= "Current Time Running" value="4514" />
  <attribute name ="GC Interval" value="200" />
  <attribute name="ProportionalT" value="-27.000000" />
  <attribute name="ProportionalI" value="-27.000000" />
  <attribute name="ProportionalH" value="-27.000000" />
  <attribute name="Current Error" value="-18.000000" />
  <attribute name="IntegralT" value="-810.000000" />
  <attribute name="IntegralI" value="-810.000000" />
  <attribute name="IntegralH" value="-810.000000" />
  <attribute name="DerivativeT" value="-0.600000" />
  <attribute name="DerivativeI" value="-0.600000" />
  <attribute name="DerivativeH" value="-0.600000" />
  <attribute name="Loop Time for DT" value="45.000000" />
  <attribute name="Output H" value="2092630016"/>
  <attribute name="Output I" value="200"/>
  <attribute name="Output T" value="4"/>
  <attribute name="Target GC Util Change" value ="20.000000" />
  <attribute name="Current GC Util Change" value="2.000000"/>
  <attribute name="GC Util currently" value="2" />
  <attribute name="CPU Util currently" value="102049306235" />
<allocation-satisfied id="1423" threadId="0000000000D37D00" bytesRequested="8200" />
<af-end id="1424" timestamp="2019-06-17T03:33:17.934" threadId="0000000000D38688" success="true" from="nursery"/>
<exclusive-end id="1425" timestamp="2019-06-17T03:33:17.935" durationms="1.711" />

<exclusive-start id="1426" timestamp="2019-06-17T03:33:17.982" intervalms="48.697">
  <response-info timems="0.046" idlems="0.046" threads="0" lastid="0000000000D2C900" lastname="Thread-3" />
</exclusive-start>
<af-start id="1427" threadId="0000000000D2D288" totalBytesRequested="32776" timestamp="2019-06-17T03:33:17.982" intervalms="48.608" type="nursery" />
<cycle-start id="1428" type="scavenge" contextid="0" timestamp="2019-06-17T03:33:17.982" intervalms="48.608" />
<gc-start id="1429" type="scavenge" contextid="1428" timestamp="2019-06-17T03:33:17.982">
  <mem-info id="1430" free="1595248" total="14155776" percent="11">
    <mem type="nursery" free="0" total="8519680" percent="0">
      <mem type="allocate" free="0" total="7340032" percent="0" />
      <mem type="survivor" free="0" total="1179648" percent="0" />
    </mem>
    <mem type="tenure" free="1595248" total="5636096" percent="28">
      <mem type="soa" free="1346416" total="5354496" percent="25" />
      <mem type="loa" free="248832" total="281600" percent="88" />
    </mem>
    <remembered-set count="317" />
  </mem-info>
</gc-start>
<allocation-stats totalBytes="6343304" >
  <allocated-bytes non-tlh="40976" tlh="6302328" />
  <largest-consumer threadName="Thread-6" threadId="0000000000D37D00" bytes="2349952" />
</allocation-stats>
<gc-op id="1431" type="scavenge" timems="0.391" contextid="1428" timestamp="2019-06-17T03:33:17.982">
  <scavenger-info tenureage="3" tenuremask="7ff8" tiltratio="86" />
  <memory-copied type="nursery" objects="2422" bytes="1047240" bytesdiscarded="132328" />
  <memory-copied type="tenure" objects="232" bytes="32592" bytesdiscarded="0" />
  <copy-failed type="nursery" objects="228" bytes="32448" />
  <references type="phantom" candidates="1" cleared="0" enqueued="0" />
</gc-op>
<gc-end id="1432" type="scavenge" contextid="1428" durationms="0.594" usertimems="0.000" systemtimems="4.000" timestamp="2019-06-17T03:33:17.982" activeThreads="4">
  <mem-info id="1433" free="7493488" total="14155776" percent="52">
    <mem type="nursery" free="5898240" total="8519680" percent="69">
      <mem type="allocate" free="5898240" total="7077888" percent="83" />
      <mem type="survivor" free="0" total="1441792" percent="0" />
    </mem>
    <mem type="tenure" free="1595248" total="5636096" percent="28">
      <mem type="soa" free="1346416" total="5354496" percent="25" />
      <mem type="loa" free="248832" total="281600" percent="88" />
    </mem>
    <remembered-set count="112" />
  </mem-info>
</gc-end>
<cycle-end id="1434" type="scavenge" contextid="1428" timestamp="2019-06-17T03:33:17.982" />
  <attribute name="elasticGC enabled" value="1" />
  <attribute name= "numThreadsSpecified" value="4" />
  <attribute name="heapSize specified" value="12058624" />
  <attribute name="Current GC Util" value="3" />
  <attribute name= "Current Time Running" value="4563" />
  <attribute name ="GC Interval" value="200" />
  <attribute name="ProportionalT" value="-25.500000" />
  <attribute name="ProportionalI" value="-25.500000" />
  <attribute name="ProportionalH" value="-25.500000" />
  <attribute name="Current Error" value="-17.000000" />
  <attribute name="IntegralT" value="-833.000000" />
  <attribute name="IntegralI" value="-833.000000" />
  <attribute name="IntegralH" value="-833.000000" />
  <attribute name="DerivativeT" value="-0.520408" />
  <attribute name="DerivativeI" value="-0.520408" />
  <attribute name="DerivativeH" value="-0.520408" />
  <attribute name="Loop Time for DT" value="49.000000" />
  <attribute name="Output H" value="2092630016"/>
  <attribute name="Output I" value="200"/>
  <attribute name="Output T" value="4"/>
  <attribute name="Target GC Util Change" value ="20.000000" />
  <attribute name="Current GC Util Change" value="3.000000"/>
  <attribute name="GC Util currently" value="3" />
  <attribute name="CPU Util currently" value="94863076193" />
<allocation-satisfied id="1435" threadId="0000000000D2C900" bytesRequested="32776" />
<af-end id="1436" timestamp="2019-06-17T03:33:17.983" threadId="0000000000D2D288" success="true" from="nursery"/>
<exclusive-end id="1437" timestamp="2019-06-17T03:33:17.983" durationms="1.067" />

<exclusive-start id="1438" timestamp="2019-06-17T03:33:18.029" intervalms="47.082">
  <response-info timems="0.032" idlems="0.032" threads="0" lastid="0000000000D37D00" lastname="Thread-6" />
</exclusive-start>
<af-start id="1439" threadId="0000000000D38688" totalBytesRequested="32776" timestamp="2019-06-17T03:33:18.029" intervalms="47.082" type="nursery" />
<cycle-start id="1440" type="scavenge" contextid="0" timestamp="2019-06-17T03:33:18.029" intervalms="47.078" />
<gc-start id="1441" type="scavenge" contextid="1440" timestamp="2019-06-17T03:33:18.029">
  <mem-info id="1442" free="1595248" total="14155776" percent="11">
    <mem type="nursery" free="0" total="8519680" percent="0">
      <mem type="allocate" free="0" total="7077888" percent="0" />
      <mem type="survivor" free="0" total="1441792" percent="0" />
    </mem>
    <mem type="tenure" free="1595248" total="5636096" percent="28">
      <mem type="soa" free="1346416" total="5354496" percent="25" />
      <mem type="loa" free="248832" total="281600" percent="88" />
    </mem>
    <remembered-set count="329" />
  </mem-info>
</gc-start>
<allocation-stats totalBytes="5830512" >
  <allocated-bytes non-tlh="65552" tlh="5764960" />
  <largest-consumer threadName="Thread-6" threadId="0000000000D37D00" bytes="2091688" />
</allocation-stats>
<gc-op id="1443" type="scavenge" timems="0.585" contextid="1440" timestamp="2019-06-17T03:33:18.029">
  <scavenger-info tenureage="3" tenuremask="7ff8" tiltratio="83" />
  <memory-copied type="nursery" objects="2199" bytes="883488" bytesdiscarded="120032" />
</gc-op>
<gc-end id="1444" type="scavenge" contextid="1440" durationms="0.932" usertimems="0.000" systemtimems="4.000" timestamp="2019-06-17T03:33:18.030" activeThreads="4">
  <mem-info id="1445" free="7735080" total="14155776" percent="54">
    <mem type="nursery" free="6139832" total="8519680" percent="72">
      <mem type="allocate" free="6139832" total="7143424" percent="85" />
      <mem type="survivor" free="0" total="1376256" percent="0" />
    </mem>
    <mem type="tenure" free="1595248" total="5636096" percent="28">
      <mem type="soa" free="1346416" total="5354496" percent="25" />
      <mem type="loa" free="248832" total="281600" percent="88" />
    </mem>
    <remembered-set count="113" />
  </mem-info>
</gc-end>
<cycle-end id="1446" type="scavenge" contextid="1440" timestamp="2019-06-17T03:33:18.030" />
  <attribute name="elasticGC enabled" value="1" />
  <attribute name= "numThreadsSpecified" value="4" />
  <attribute name="heapSize specified" value="12058624" />
  <attribute name="Current GC Util" value="2" />
  <attribute name= "Current Time Running" value="4610" />
  <attribute name ="GC Interval" value="200" />
  <attribute name="ProportionalT" value="-27.000000" />
  <attribute name="ProportionalI" value="-27.000000" />
  <attribute name="ProportionalH" value="-27.000000" />
  <attribute name="Current Error" value="-18.000000" />
  <attribute name="IntegralT" value="-846.000000" />
  <attribute name="IntegralI" value="-846.000000" />
  <attribute name="IntegralH" value="-846.000000" />
  <attribute name="DerivativeT" value="-0.574468" />
  <attribute name="DerivativeI" value="-0.574468" />
  <attribute name="DerivativeH" value="-0.574468" />
  <attribute name="Loop Time for DT" value="47.000000" />
  <attribute name="Output H" value="2092630016"/>
  <attribute name="Output I" value="200"/>
  <attribute name="Output T" value="4"/>
  <attribute name="Target GC Util Change" value ="20.000000" />
  <attribute name="Current GC Util Change" value="2.000000"/>
  <attribute name="GC Util currently" value="2" />
  <attribute name="CPU Util currently" value="97977577351" />
<allocation-satisfied id="1447" threadId="0000000000D37D00" bytesRequested="32776" />
<af-end id="1448" timestamp="2019-06-17T03:33:18.030" threadId="0000000000D38688" success="true" from="nursery"/>
<exclusive-end id="1449" timestamp="2019-06-17T03:33:18.030" durationms="1.383" />

<exclusive-start id="1450" timestamp="2019-06-17T03:33:18.076" intervalms="47.251">
  <response-info timems="0.050" idlems="0.050" threads="0" lastid="0000000000D2C900" lastname="Thread-3" />
</exclusive-start>
<af-start id="1451" threadId="0000000000D2D288" totalBytesRequested="2056" timestamp="2019-06-17T03:33:18.076" intervalms="47.245" type="nursery" />
<cycle-start id="1452" type="scavenge" contextid="0" timestamp="2019-06-17T03:33:18.076" intervalms="47.248" />
<gc-start id="1453" type="scavenge" contextid="1452" timestamp="2019-06-17T03:33:18.076">
  <mem-info id="1454" free="1595248" total="14155776" percent="11">
    <mem type="nursery" free="0" total="8519680" percent="0">
      <mem type="allocate" free="0" total="7143424" percent="0" />
      <mem type="survivor" free="0" total="1376256" percent="0" />
    </mem>
    <mem type="tenure" free="1595248" total="5636096" percent="28">
      <mem type="soa" free="1346416" total="5354496" percent="25" />
      <mem type="loa" free="248832" total="281600" percent="88" />
    </mem>
    <remembered-set count="328" />
  </mem-info>
</gc-start>
<allocation-stats totalBytes="6080640" >
  <allocated-bytes non-tlh="32776" tlh="6047864" />
  <largest-consumer threadName="Thread-6" threadId="0000000000D37D00" bytes="2341904" />
</allocation-stats>
<gc-op id="1455" type="scavenge" timems="0.383" contextid="1452" timestamp="2019-06-17T03:33:18.077">
  <scavenger-info tenureage="3" tenuremask="7ff8" tiltratio="83" />
  <memory-copied type="nursery" objects="2315" bytes="929456" bytesdiscarded="110864" />
  <references type="phantom" candidates="1" cleared="0" enqueued="0" />
</gc-op>
<gc-end id="1456" type="scavenge" contextid="1452" durationms="0.578" usertimems="0.000" systemtimems="0.000" timestamp="2019-06-17T03:33:18.077" activeThreads="4">
  <mem-info id="1457" free="7763808" total="14155776" percent="54">
    <mem type="nursery" free="6168560" total="8519680" percent="72">
      <mem type="allocate" free="6168560" total="7208960" percent="85" />
      <mem type="survivor" free="0" total="1310720" percent="0" />
    </mem>
    <mem type="tenure" free="1595248" total="5636096" percent="28">
      <mem type="soa" free="1346416" total="5354496" percent="25" />
      <mem type="loa" free="248832" total="281600" percent="88" />
    </mem>
    <remembered-set count="116" />
  </mem-info>
</gc-end>
<cycle-end id="1458" type="scavenge" contextid="1452" timestamp="2019-06-17T03:33:18.077" />
  <attribute name="elasticGC enabled" value="1" />
  <attribute name= "numThreadsSpecified" value="4" />
  <attribute name="heapSize specified" value="12058624" />
  <attribute name="Current GC Util" value="2" />
  <attribute name= "Current Time Running" value="4657" />
  <attribute name ="GC Interval" value="200" />
  <attribute name="ProportionalT" value="-27.000000" />
  <attribute name="ProportionalI" value="-27.000000" />
  <attribute name="ProportionalH" value="-27.000000" />
  <attribute name="Current Error" value="-18.000000" />
  <attribute name="IntegralT" value="-846.000000" />
  <attribute name="IntegralI" value="-846.000000" />
  <attribute name="IntegralH" value="-846.000000" />
  <attribute name="DerivativeT" value="-0.574468" />
  <attribute name="DerivativeI" value="-0.574468" />
  <attribute name="DerivativeH" value="-0.574468" />
  <attribute name="Loop Time for DT" value="47.000000" />
  <attribute name="Output H" value="2092630016"/>
  <attribute name="Output I" value="200"/>
  <attribute name="Output T" value="4"/>
  <attribute name="Target GC Util Change" value ="20.000000" />
  <attribute name="Current GC Util Change" value="2.000000"/>
  <attribute name="GC Util currently" value="2" />
  <attribute name="CPU Util currently" value="97588527672" />
<allocation-satisfied id="1459" threadId="0000000000D2C900" bytesRequested="2056" />
<af-end id="1460" timestamp="2019-06-17T03:33:18.077" threadId="0000000000D2D288" success="true" from="nursery"/>
<exclusive-end id="1461" timestamp="2019-06-17T03:33:18.077" durationms="1.042" />

<exclusive-start id="1462" timestamp="2019-06-17T03:33:18.118" intervalms="42.591">
  <response-info timems="0.047" idlems="0.047" threads="0" lastid="0000000000D2C900" lastname="Thread-3" />
</exclusive-start>
<af-start id="1463" threadId="0000000000D2D288" totalBytesRequested="16392" timestamp="2019-06-17T03:33:18.119" intervalms="42.597" type="nursery" />
<cycle-start id="1464" type="scavenge" contextid="0" timestamp="2019-06-17T03:33:18.119" intervalms="42.598" />
<gc-start id="1465" type="scavenge" contextid="1464" timestamp="2019-06-17T03:33:18.119">
  <mem-info id="1466" free="1595248" total="14155776" percent="11">
    <mem type="nursery" free="0" total="8519680" percent="0">
      <mem type="allocate" free="0" total="7208960" percent="0" />
      <mem type="survivor" free="0" total="1310720" percent="0" />
    </mem>
    <mem type="tenure" free="1595248" total="5636096" percent="28">
      <mem type="soa" free="1346416" total="5354496" percent="25" />
      <mem type="loa" free="248832" total="281600" percent="88" />
    </mem>
    <remembered-set count="334" />
  </mem-info>
</gc-start>
<allocation-stats totalBytes="6122056" >
  <allocated-bytes non-tlh="2056" tlh="6120000" />
  <largest-consumer threadName="Thread-4" threadId="0000000000D30500" bytes="2144544" />
</allocation-stats>
<gc-op id="1467" type="scavenge" timems="0.358" contextid="1464" timestamp="2019-06-17T03:33:18.119">
  <scavenger-info tenureage="3" tenuremask="7ff8" tiltratio="84" />
  <memory-copied type="nursery" objects="2074" bytes="851256" bytesdiscarded="111232" />
  <memory-copied type="tenure" objects="26" bytes="3992" bytesdiscarded="0" />
</gc-op>
<gc-end id="1468" type="scavenge" contextid="1464" durationms="0.612" usertimems="4.000" systemtimems="0.000" timestamp="2019-06-17T03:33:18.119" activeThreads="4">
  <mem-info id="1469" free="7907192" total="14155776" percent="55">
    <mem type="nursery" free="6311944" total="8519680" percent="74">
      <mem type="allocate" free="6311944" total="7274496" percent="86" />
      <mem type="survivor" free="0" total="1245184" percent="0" />
    </mem>
    <mem type="tenure" free="1595248" total="5636096" percent="28">
      <mem type="soa" free="1346416" total="5354496" percent="25" />
      <mem type="loa" free="248832" total="281600" percent="88" />
    </mem>
    <remembered-set count="110" />
  </mem-info>
</gc-end>
<cycle-end id="1470" type="scavenge" contextid="1464" timestamp="2019-06-17T03:33:18.119" />
  <attribute name="elasticGC enabled" value="1" />
  <attribute name= "numThreadsSpecified" value="4" />
  <attribute name="heapSize specified" value="12058624" />
  <attribute name="Current GC Util" value="2" />
  <attribute name= "Current Time Running" value="4700" />
  <attribute name ="GC Interval" value="200" />
  <attribute name="ProportionalT" value="-27.000000" />
  <attribute name="ProportionalI" value="-27.000000" />
  <attribute name="ProportionalH" value="-27.000000" />
  <attribute name="Current Error" value="-18.000000" />
  <attribute name="IntegralT" value="-774.000000" />
  <attribute name="IntegralI" value="-774.000000" />
  <attribute name="IntegralH" value="-774.000000" />
  <attribute name="DerivativeT" value="-0.627907" />
  <attribute name="DerivativeI" value="-0.627907" />
  <attribute name="DerivativeH" value="-0.627907" />
  <attribute name="Loop Time for DT" value="43.000000" />
  <attribute name="Output H" value="2092630016"/>
  <attribute name="Output I" value="200"/>
  <attribute name="Output T" value="4"/>
  <attribute name="Target GC Util Change" value ="20.000000" />
  <attribute name="Current GC Util Change" value="2.000000"/>
  <attribute name="GC Util currently" value="2" />
  <attribute name="CPU Util currently" value="108177304640" />
<allocation-satisfied id="1471" threadId="0000000000D2C900" bytesRequested="16392" />
<af-end id="1472" timestamp="2019-06-17T03:33:18.119" threadId="0000000000D2D288" success="true" from="nursery"/>
<exclusive-end id="1473" timestamp="2019-06-17T03:33:18.120" durationms="1.083" />

<exclusive-start id="1474" timestamp="2019-06-17T03:33:18.177" intervalms="58.081">
  <response-info timems="0.040" idlems="0.040" threads="0" lastid="0000000000D34100" lastname="Thread-5" />
</exclusive-start>
<af-start id="1475" threadId="0000000000D34A88" totalBytesRequested="280" timestamp="2019-06-17T03:33:18.177" intervalms="58.064" type="nursery" />
<cycle-start id="1476" type="scavenge" contextid="0" timestamp="2019-06-17T03:33:18.177" intervalms="58.049" />
<gc-start id="1477" type="scavenge" contextid="1476" timestamp="2019-06-17T03:33:18.177">
  <mem-info id="1478" free="1595248" total="14155776" percent="11">
    <mem type="nursery" free="0" total="8519680" percent="0">
      <mem type="allocate" free="0" total="7274496" percent="0" />
      <mem type="survivor" free="0" total="1245184" percent="0" />
    </mem>
    <mem type="tenure" free="1595248" total="5636096" percent="28">
      <mem type="soa" free="1346416" total="5354496" percent="25" />
      <mem type="loa" free="248832" total="281600" percent="88" />
    </mem>
    <remembered-set count="323" />
  </mem-info>
</gc-start>
<allocation-stats totalBytes="6298056" >
  <allocated-bytes non-tlh="81944" tlh="6216112" />
  <largest-consumer threadName="Thread-4" threadId="0000000000D30500" bytes="2559960" />
</allocation-stats>
<gc-op id="1479" type="scavenge" timems="0.346" contextid="1476" timestamp="2019-06-17T03:33:18.177">
  <scavenger-info tenureage="3" tenuremask="7ff8" tiltratio="85" />
  <memory-copied type="nursery" objects="2061" bytes="789208" bytesdiscarded="173504" />
  <memory-copied type="tenure" objects="29" bytes="1800" bytesdiscarded="0" />
</gc-op>
<gc-end id="1480" type="scavenge" contextid="1476" durationms="0.501" usertimems="4.000" systemtimems="0.000" timestamp="2019-06-17T03:33:18.177" activeThreads="4">
  <mem-info id="1481" free="7972512" total="14155776" percent="56">
    <mem type="nursery" free="6377264" total="8519680" percent="74">
      <mem type="allocate" free="6377264" total="7340032" percent="86" />
      <mem type="survivor" free="0" total="1179648" percent="0" />
    </mem>
    <mem type="tenure" free="1595248" total="5636096" percent="28">
      <mem type="soa" free="1346416" total="5354496" percent="25" />
      <mem type="loa" free="248832" total="281600" percent="88" />
    </mem>
    <remembered-set count="101" />
  </mem-info>
</gc-end>
<cycle-end id="1482" type="scavenge" contextid="1476" timestamp="2019-06-17T03:33:18.177" />
  <attribute name="elasticGC enabled" value="1" />
  <attribute name= "numThreadsSpecified" value="4" />
  <attribute name="heapSize specified" value="12058624" />
  <attribute name="Current GC Util" value="1" />
  <attribute name= "Current Time Running" value="4758" />
  <attribute name ="GC Interval" value="200" />
  <attribute name="ProportionalT" value="-28.500000" />
  <attribute name="ProportionalI" value="-28.500000" />
  <attribute name="ProportionalH" value="-28.500000" />
  <attribute name="Current Error" value="-19.000000" />
  <attribute name="IntegralT" value="-1102.000000" />
  <attribute name="IntegralI" value="-1102.000000" />
  <attribute name="IntegralH" value="-1102.000000" />
  <attribute name="DerivativeT" value="-0.491379" />
  <attribute name="DerivativeI" value="-0.491379" />
  <attribute name="DerivativeH" value="-0.491379" />
  <attribute name="Loop Time for DT" value="58.000000" />
  <attribute name="Output H" value="2092630016"/>
  <attribute name="Output I" value="200"/>
  <attribute name="Output T" value="4"/>
  <attribute name="Target GC Util Change" value ="20.000000" />
  <attribute name="Current GC Util Change" value="1.000000"/>
  <attribute name="GC Util currently" value="1" />
  <attribute name="CPU Util currently" value="79551062934" />
<allocation-satisfied id="1483" threadId="0000000000D34100" bytesRequested="280" />
<af-end id="1484" timestamp="2019-06-17T03:33:18.177" threadId="0000000000D34A88" success="true" from="nursery"/>
<exclusive-end id="1485" timestamp="2019-06-17T03:33:18.177" durationms="0.869" />

<exclusive-start id="1486" timestamp="2019-06-17T03:33:18.220" intervalms="43.941">
  <response-info timems="0.048" idlems="0.048" threads="0" lastid="0000000000D30500" lastname="Thread-4" />
</exclusive-start>
<af-start id="1487" threadId="0000000000D30E88" totalBytesRequested="32776" timestamp="2019-06-17T03:33:18.221" intervalms="43.951" type="nursery" />
<cycle-start id="1488" type="scavenge" contextid="0" timestamp="2019-06-17T03:33:18.221" intervalms="43.959" />
<gc-start id="1489" type="scavenge" contextid="1488" timestamp="2019-06-17T03:33:18.221">
  <mem-info id="1490" free="1595248" total="14155776" percent="11">
    <mem type="nursery" free="0" total="8519680" percent="0">
      <mem type="allocate" free="0" total="7340032" percent="0" />
      <mem type="survivor" free="0" total="1179648" percent="0" />
    </mem>
    <mem type="tenure" free="1595248" total="5636096" percent="28">
      <mem type="soa" free="1346416" total="5354496" percent="25" />
      <mem type="loa" free="248832" total="281600" percent="88" />
    </mem>
    <remembered-set count="314" />
  </mem-info>
</gc-start>
<allocation-stats totalBytes="6346976" >
  <allocated-bytes non-tlh="280" tlh="6346696" />
  <largest-consumer threadName="Thread-4" threadId="0000000000D30500" bytes="1889176" />
</allocation-stats>
<gc-op id="1491" type="scavenge" timems="0.884" contextid="1488" timestamp="2019-06-17T03:33:18.222">
  <scavenger-info tenureage="3" tenuremask="7ff8" tiltratio="86" />
  <memory-copied type="nursery" objects="1962" bytes="847304" bytesdiscarded="127992" />
</gc-op>
<gc-end id="1492" type="scavenge" contextid="1488" durationms="1.231" usertimems="0.000" systemtimems="4.000" timestamp="2019-06-17T03:33:18.222" activeThreads="4">
  <mem-info id="1493" free="7959920" total="14155776" percent="56">
    <mem type="nursery" free="6364672" total="8519680" percent="74">
      <mem type="allocate" free="6364672" total="7340032" percent="86" />
      <mem type="survivor" free="0" total="1179648" percent="0" />
    </mem>
    <mem type="tenure" free="1595248" total="5636096" percent="28">
      <mem type="soa" free="1346416" total="5354496" percent="25" />
      <mem type="loa" free="248832" total="281600" percent="88" />
    </mem>
    <remembered-set count="103" />
  </mem-info>
</gc-end>
<cycle-end id="1494" type="scavenge" contextid="1488" timestamp="2019-06-17T03:33:18.222" />
  <attribute name="elasticGC enabled" value="1" />
  <attribute name= "numThreadsSpecified" value="4" />
  <attribute name="heapSize specified" value="12058624" />
  <attribute name="Current GC Util" value="2" />
  <attribute name= "Current Time Running" value="4802" />
  <attribute name ="GC Interval" value="200" />
  <attribute name="ProportionalT" value="-27.000000" />
  <attribute name="ProportionalI" value="-27.000000" />
  <attribute name="ProportionalH" value="-27.000000" />
  <attribute name="Current Error" value="-18.000000" />
  <attribute name="IntegralT" value="-792.000000" />
  <attribute name="IntegralI" value="-792.000000" />
  <attribute name="IntegralH" value="-792.000000" />
  <attribute name="DerivativeT" value="-0.613636" />
  <attribute name="DerivativeI" value="-0.613636" />
  <attribute name="DerivativeH" value="-0.613636" />
  <attribute name="Loop Time for DT" value="44.000000" />
  <attribute name="Output H" value="2092630016"/>
  <attribute name="Output I" value="200"/>
  <attribute name="Output T" value="4"/>
  <attribute name="Target GC Util Change" value ="20.000000" />
  <attribute name="Current GC Util Change" value="2.000000"/>
  <attribute name="GC Util currently" value="2" />
  <attribute name="CPU Util currently" value="104842231508" />
<allocation-satisfied id="1495" threadId="0000000000D30500" bytesRequested="32776" />
<af-end id="1496" timestamp="2019-06-17T03:33:18.222" threadId="0000000000D30E88" success="true" from="nursery"/>
<exclusive-end id="1497" timestamp="2019-06-17T03:33:18.222" durationms="1.960" />

<exclusive-start id="1498" timestamp="2019-06-17T03:33:18.267" intervalms="46.755">
  <response-info timems="0.061" idlems="0.061" threads="0" lastid="0000000000D34100" lastname="Thread-5" />
</exclusive-start>
<af-start id="1499" threadId="0000000000D34A88" totalBytesRequested="2056" timestamp="2019-06-17T03:33:18.267" intervalms="46.744" type="nursery" />
<cycle-start id="1500" type="scavenge" contextid="0" timestamp="2019-06-17T03:33:18.267" intervalms="46.735" />
<gc-start id="1501" type="scavenge" contextid="1500" timestamp="2019-06-17T03:33:18.267">
  <mem-info id="1502" free="1595248" total="14155776" percent="11">
    <mem type="nursery" free="0" total="8519680" percent="0">
      <mem type="allocate" free="0" total="7340032" percent="0" />
      <mem type="survivor" free="0" total="1179648" percent="0" />
    </mem>
    <mem type="tenure" free="1595248" total="5636096" percent="28">
      <mem type="soa" free="1346416" total="5354496" percent="25" />
      <mem type="loa" free="248832" total="281600" percent="88" />
    </mem>
    <remembered-set count="320" />
  </mem-info>
</gc-start>
<allocation-stats totalBytes="6268936" >
  <allocated-bytes non-tlh="32776" tlh="6236160" />
  <largest-consumer threadName="Thread-5" threadId="0000000000D34100" bytes="2026136" />
</allocation-stats>
<gc-op id="1503" type="scavenge" timems="0.371" contextid="1500" timestamp="2019-06-17T03:33:18.268">
  <scavenger-info tenureage="3" tenuremask="7ff8" tiltratio="86" />
  <memory-copied type="nursery" objects="2164" bytes="883688" bytesdiscarded="255592" />
  <memory-copied type="tenure" objects="4" bytes="144" bytesdiscarded="0" />
  <references type="phantom" candidates="1" cleared="0" enqueued="0" />
</gc-op>
<gc-end id="1504" type="scavenge" contextid="1500" durationms="0.526" usertimems="0.000" systemtimems="4.000" timestamp="2019-06-17T03:33:18.268" activeThreads="4">
  <mem-info id="1505" free="7861464" total="14155776" percent="55">
    <mem type="nursery" free="6266216" total="8519680" percent="73">
      <mem type="allocate" free="6266216" total="7405568" percent="84" />
      <mem type="survivor" free="0" total="1114112" percent="0" />
    </mem>
    <mem type="tenure" free="1595248" total="5636096" percent="28">
      <mem type="soa" free="1346416" total="5354496" percent="25" />
      <mem type="loa" free="248832" total="281600" percent="88" />
    </mem>
    <remembered-set count="103" />
  </mem-info>
</gc-end>
<cycle-end id="1506" type="scavenge" contextid="1500" timestamp="2019-06-17T03:33:18.268" />
  <attribute name="elasticGC enabled" value="1" />
  <attribute name= "numThreadsSpecified" value="4" />
  <attribute name="heapSize specified" value="12058624" />
  <attribute name="Current GC Util" value="3" />
  <attribute name= "Current Time Running" value="4849" />
  <attribute name ="GC Interval" value="200" />
  <attribute name="ProportionalT" value="-25.500000" />
  <attribute name="ProportionalI" value="-25.500000" />
  <attribute name="ProportionalH" value="-25.500000" />
  <attribute name="Current Error" value="-17.000000" />
  <attribute name="IntegralT" value="-799.000000" />
  <attribute name="IntegralI" value="-799.000000" />
  <attribute name="IntegralH" value="-799.000000" />
  <attribute name="DerivativeT" value="-0.542553" />
  <attribute name="DerivativeI" value="-0.542553" />
  <attribute name="DerivativeH" value="-0.542553" />
  <attribute name="Loop Time for DT" value="47.000000" />
  <attribute name="Output H" value="2092630016"/>
  <attribute name="Output I" value="200"/>
  <attribute name="Output T" value="4"/>
  <attribute name="Target GC Util Change" value ="20.000000" />
  <attribute name="Current GC Util Change" value="3.000000"/>
  <attribute name="GC Util currently" value="3" />
  <attribute name="CPU Util currently" value="98736512913" />
<allocation-satisfied id="1507" threadId="0000000000D34100" bytesRequested="2056" />
<af-end id="1508" timestamp="2019-06-17T03:33:18.268" threadId="0000000000D34A88" success="true" from="nursery"/>
<exclusive-end id="1509" timestamp="2019-06-17T03:33:18.268" durationms="0.900" />

<exclusive-start id="1510" timestamp="2019-06-17T03:33:18.317" intervalms="49.980">
  <response-info timems="0.031" idlems="0.031" threads="0" lastid="0000000000D37D00" lastname="Thread-6" />
</exclusive-start>
<af-start id="1511" threadId="0000000000D38688" totalBytesRequested="16392" timestamp="2019-06-17T03:33:18.317" intervalms="50.012" type="nursery" />
<cycle-start id="1512" type="scavenge" contextid="0" timestamp="2019-06-17T03:33:18.317" intervalms="50.029" />
<gc-start id="1513" type="scavenge" contextid="1512" timestamp="2019-06-17T03:33:18.317">
  <mem-info id="1514" free="1595248" total="14155776" percent="11">
    <mem type="nursery" free="0" total="8519680" percent="0">
      <mem type="allocate" free="0" total="7405568" percent="0" />
      <mem type="survivor" free="0" total="1114112" percent="0" />
    </mem>
    <mem type="tenure" free="1595248" total="5636096" percent="28">
      <mem type="soa" free="1346416" total="5354496" percent="25" />
      <mem type="loa" free="248832" total="281600" percent="88" />
    </mem>
    <remembered-set count="323" />
  </mem-info>
</gc-start>
<allocation-stats totalBytes="6215080" >
  <allocated-bytes non-tlh="18448" tlh="6196632" />
  <largest-consumer threadName="Thread-6" threadId="0000000000D37D00" bytes="2193088" />
</allocation-stats>
<gc-op id="1515" type="scavenge" timems="0.412" contextid="1512" timestamp="2019-06-17T03:33:18.318">
  <scavenger-info tenureage="3" tenuremask="7ff8" tiltratio="86" />
  <memory-copied type="nursery" objects="2046" bytes="821512" bytesdiscarded="262304" />
  <memory-copied type="tenure" objects="5" bytes="248" bytesdiscarded="0" />
  <references type="phantom" candidates="1" cleared="0" enqueued="0" />
</gc-op>
<gc-end id="1516" type="scavenge" contextid="1512" durationms="0.620" usertimems="0.000" systemtimems="0.000" timestamp="2019-06-17T03:33:18.318" activeThreads="4">
  <mem-info id="1517" free="7916928" total="14155776" percent="55">
    <mem type="nursery" free="6321680" total="8519680" percent="74">
      <mem type="allocate" free="6321680" total="7405568" percent="85" />
      <mem type="survivor" free="0" total="1114112" percent="0" />
    </mem>
    <mem type="tenure" free="1595248" total="5636096" percent="28">
      <mem type="soa" free="1346416" total="5354496" percent="25" />
      <mem type="loa" free="248832" total="281600" percent="88" />
    </mem>
    <remembered-set count="103" />
  </mem-info>
</gc-end>
<cycle-end id="1518" type="scavenge" contextid="1512" timestamp="2019-06-17T03:33:18.318" />
  <attribute name="elasticGC enabled" value="1" />
  <attribute name= "numThreadsSpecified" value="4" />
  <attribute name="heapSize specified" value="12058624" />
  <attribute name="Current GC Util" value="1" />
  <attribute name= "Current Time Running" value="4899" />
  <attribute name ="GC Interval" value="200" />
  <attribute name="ProportionalT" value="-28.500000" />
  <attribute name="ProportionalI" value="-28.500000" />
  <attribute name="ProportionalH" value="-28.500000" />
  <attribute name="Current Error" value="-19.000000" />
  <attribute name="IntegralT" value="-950.000000" />
  <attribute name="IntegralI" value="-950.000000" />
  <attribute name="IntegralH" value="-950.000000" />
  <attribute name="DerivativeT" value="-0.570000" />
  <attribute name="DerivativeI" value="-0.570000" />
  <attribute name="DerivativeH" value="-0.570000" />
  <attribute name="Loop Time for DT" value="50.000000" />
  <attribute name="Output H" value="2092630016"/>
  <attribute name="Output I" value="200"/>
  <attribute name="Output T" value="4"/>
  <attribute name="Target GC Util Change" value ="20.000000" />
  <attribute name="Current GC Util Change" value="1.000000"/>
  <attribute name="GC Util currently" value="1" />
  <attribute name="CPU Util currently" value="92075874586" />
<allocation-satisfied id="1519" threadId="0000000000D37D00" bytesRequested="16392" />
<af-end id="1520" timestamp="2019-06-17T03:33:18.318" threadId="0000000000D38688" success="true" from="nursery"/>
<exclusive-end id="1521" timestamp="2019-06-17T03:33:18.318" durationms="1.109" />

<exclusive-start id="1522" timestamp="2019-06-17T03:33:18.364" intervalms="46.932">
  <response-info timems="0.049" idlems="0.049" threads="0" lastid="0000000000D30500" lastname="Thread-4" />
</exclusive-start>
<af-start id="1523" threadId="0000000000D30E88" totalBytesRequested="16392" timestamp="2019-06-17T03:33:18.364" intervalms="46.918" type="nursery" />
<cycle-start id="1524" type="scavenge" contextid="0" timestamp="2019-06-17T03:33:18.364" intervalms="46.911" />
<gc-start id="1525" type="scavenge" contextid="1524" timestamp="2019-06-17T03:33:18.364">
  <mem-info id="1526" free="1595248" total="14155776" percent="11">
    <mem type="nursery" free="0" total="8519680" percent="0">
      <mem type="allocate" free="0" total="7405568" percent="0" />
      <mem type="survivor" free="0" total="1114112" percent="0" />
    </mem>
    <mem type="tenure" free="1595248" total="5636096" percent="28">
      <mem type="soa" free="1346416" total="5354496" percent="25" />
      <mem type="loa" free="248832" total="281600" percent="88" />
    </mem>
    <remembered-set count="316" />
  </mem-info>
</gc-start>
<allocation-stats totalBytes="6312016" >
  <allocated-bytes non-tlh="16392" tlh="6295624" />
  <largest-consumer threadName="Thread-6" threadId="0000000000D37D00" bytes="2074752" />
</allocation-stats>
<gc-op id="1527" type="scavenge" timems="1.001" contextid="1524" timestamp="2019-06-17T03:33:18.365">
  <scavenger-info tenureage="3" tenuremask="7ff8" tiltratio="86" />
  <memory-copied type="nursery" objects="2460" bytes="965824" bytesdiscarded="95712" />
  <references type="weak" candidates="1" cleared="0" enqueued="0" />
  <references type="phantom" candidates="1" cleared="0" enqueued="0" />
</gc-op>
<gc-end id="1528" type="scavenge" contextid="1524" durationms="1.350" usertimems="0.000" systemtimems="0.000" timestamp="2019-06-17T03:33:18.366" activeThreads="4">
  <mem-info id="1529" free="7873680" total="14155776" percent="55">
    <mem type="nursery" free="6278432" total="8519680" percent="73">
      <mem type="allocate" free="6278432" total="7340032" percent="85" />
      <mem type="survivor" free="0" total="1179648" percent="0" />
    </mem>
    <mem type="tenure" free="1595248" total="5636096" percent="28">
      <mem type="soa" free="1346416" total="5354496" percent="25" />
      <mem type="loa" free="248832" total="281600" percent="88" />
    </mem>
    <remembered-set count="106" />
  </mem-info>
</gc-end>
<cycle-end id="1530" type="scavenge" contextid="1524" timestamp="2019-06-17T03:33:18.366" />
  <attribute name="elasticGC enabled" value="1" />
  <attribute name= "numThreadsSpecified" value="4" />
  <attribute name="heapSize specified" value="12058624" />
  <attribute name="Current GC Util" value="2" />
  <attribute name= "Current Time Running" value="4946" />
  <attribute name ="GC Interval" value="200" />
  <attribute name="ProportionalT" value="-27.000000" />
  <attribute name="ProportionalI" value="-27.000000" />
  <attribute name="ProportionalH" value="-27.000000" />
  <attribute name="Current Error" value="-18.000000" />
  <attribute name="IntegralT" value="-846.000000" />
  <attribute name="IntegralI" value="-846.000000" />
  <attribute name="IntegralH" value="-846.000000" />
  <attribute name="DerivativeT" value="-0.574468" />
  <attribute name="DerivativeI" value="-0.574468" />
  <attribute name="DerivativeH" value="-0.574468" />
  <attribute name="Loop Time for DT" value="47.000000" />
  <attribute name="Output H" value="2092630016"/>
  <attribute name="Output I" value="200"/>
  <attribute name="Output T" value="4"/>
  <attribute name="Target GC Util Change" value ="20.000000" />
  <attribute name="Current GC Util Change" value="2.000000"/>
  <attribute name="GC Util currently" value="2" />
  <attribute name="CPU Util currently" value="98352672783" />
<allocation-satisfied id="1531" threadId="0000000000D30500" bytesRequested="16392" />
<af-end id="1532" timestamp="2019-06-17T03:33:18.366" threadId="0000000000D30E88" success="true" from="nursery"/>
<exclusive-end id="1533" timestamp="2019-06-17T03:33:18.366" durationms="1.960" />

<exclusive-start id="1534" timestamp="2019-06-17T03:33:18.408" intervalms="44.132">
  <response-info timems="0.031" idlems="0.031" threads="0" lastid="0000000000D37D00" lastname="Thread-6" />
</exclusive-start>
<af-start id="1535" threadId="0000000000D38688" totalBytesRequested="8200" timestamp="2019-06-17T03:33:18.408" intervalms="44.128" type="nursery" />
<cycle-start id="1536" type="scavenge" contextid="0" timestamp="2019-06-17T03:33:18.408" intervalms="44.137" />
<gc-start id="1537" type="scavenge" contextid="1536" timestamp="2019-06-17T03:33:18.408">
  <mem-info id="1538" free="1595248" total="14155776" percent="11">
    <mem type="nursery" free="0" total="8519680" percent="0">
      <mem type="allocate" free="0" total="7340032" percent="0" />
      <mem type="survivor" free="0" total="1179648" percent="0" />
    </mem>
    <mem type="tenure" free="1595248" total="5636096" percent="28">
      <mem type="soa" free="1346416" total="5354496" percent="25" />
      <mem type="loa" free="248832" total="281600" percent="88" />
    </mem>
    <remembered-set count="315" />
  </mem-info>
</gc-start>
<allocation-stats totalBytes="6165072" >
  <allocated-bytes non-tlh="16392" tlh="6148680" />
  <largest-consumer threadName="Thread-4" threadId="0000000000D30500" bytes="1901968" />
</allocation-stats>
<gc-op id="1539" type="scavenge" timems="0.357" contextid="1536" timestamp="2019-06-17T03:33:18.409">
  <scavenger-info tenureage="3" tenuremask="7ff8" tiltratio="86" />
  <memory-copied type="nursery" objects="1979" bytes="777936" bytesdiscarded="145520" />
  <memory-copied type="tenure" objects="4" bytes="144" bytesdiscarded="0" />
  <references type="weak" candidates="1" cleared="0" enqueued="0" />
  <references type="phantom" candidates="1" cleared="0" enqueued="0" />
</gc-op>
<gc-end id="1540" type="scavenge" contextid="1536" durationms="0.555" usertimems="0.000" systemtimems="0.000" timestamp="2019-06-17T03:33:18.409" activeThreads="4">
  <mem-info id="1541" free="8011768" total="14155776" percent="56">
    <mem type="nursery" free="6416520" total="8519680" percent="75">
      <mem type="allocate" free="6416520" total="7340032" percent="87" />
      <mem type="survivor" free="0" total="1179648" percent="0" />
    </mem>
    <mem type="tenure" free="1595248" total="5636096" percent="28">
      <mem type="soa" free="1346416" total="5354496" percent="25" />
      <mem type="loa" free="248832" total="281600" percent="88" />
    </mem>
    <remembered-set count="106" />
  </mem-info>
</gc-end>
<cycle-end id="1542" type="scavenge" contextid="1536" timestamp="2019-06-17T03:33:18.409" />
  <attribute name="elasticGC enabled" value="1" />
  <attribute name= "numThreadsSpecified" value="4" />
  <attribute name="heapSize specified" value="12058624" />
  <attribute name="Current GC Util" value="4" />
  <attribute name= "Current Time Running" value="4990" />
  <attribute name ="GC Interval" value="200" />
  <attribute name="ProportionalT" value="-24.000000" />
  <attribute name="ProportionalI" value="-24.000000" />
  <attribute name="ProportionalH" value="-24.000000" />
  <attribute name="Current Error" value="-16.000000" />
  <attribute name="IntegralT" value="-704.000000" />
  <attribute name="IntegralI" value="-704.000000" />
  <attribute name="IntegralH" value="-704.000000" />
  <attribute name="DerivativeT" value="-0.545455" />
  <attribute name="DerivativeI" value="-0.545455" />
  <attribute name="DerivativeH" value="-0.545455" />
  <attribute name="Loop Time for DT" value="44.000000" />
  <attribute name="Output H" value="2092630016"/>
  <attribute name="Output I" value="200"/>
  <attribute name="Output T" value="4"/>
  <attribute name="Target GC Util Change" value ="20.000000" />
  <attribute name="Current GC Util Change" value="4.000000"/>
  <attribute name="GC Util currently" value="4" />
  <attribute name="CPU Util currently" value="104465615919" />
<allocation-satisfied id="1543" threadId="0000000000D37D00" bytesRequested="8200" />
<af-end id="1544" timestamp="2019-06-17T03:33:18.409" threadId="0000000000D38688" success="true" from="nursery"/>
<exclusive-end id="1545" timestamp="2019-06-17T03:33:18.410" durationms="1.270" />

<exclusive-start id="1546" timestamp="2019-06-17T03:33:18.459" intervalms="50.503">
  <response-info timems="0.030" idlems="0.030" threads="0" lastid="0000000000D37D00" lastname="Thread-6" />
</exclusive-start>
<af-start id="1547" threadId="0000000000D38688" totalBytesRequested="16392" timestamp="2019-06-17T03:33:18.459" intervalms="50.511" type="nursery" />
<cycle-start id="1548" type="scavenge" contextid="0" timestamp="2019-06-17T03:33:18.459" intervalms="50.508" />
<gc-start id="1549" type="scavenge" contextid="1548" timestamp="2019-06-17T03:33:18.459">
  <mem-info id="1550" free="1595248" total="14155776" percent="11">
    <mem type="nursery" free="0" total="8519680" percent="0">
      <mem type="allocate" free="0" total="7340032" percent="0" />
      <mem type="survivor" free="0" total="1179648" percent="0" />
    </mem>
    <mem type="tenure" free="1595248" total="5636096" percent="28">
      <mem type="soa" free="1346416" total="5354496" percent="25" />
      <mem type="loa" free="248832" total="281600" percent="88" />
    </mem>
    <remembered-set count="324" />
  </mem-info>
</gc-start>
<allocation-stats totalBytes="6390536" >
  <allocated-bytes non-tlh="8200" tlh="6382336" />
  <largest-consumer threadName="Thread-4" threadId="0000000000D30500" bytes="2176880" />
</allocation-stats>
<gc-op id="1551" type="scavenge" timems="0.360" contextid="1548" timestamp="2019-06-17T03:33:18.459">
  <scavenger-info tenureage="3" tenuremask="7ff8" tiltratio="86" />
  <memory-copied type="nursery" objects="2139" bytes="812008" bytesdiscarded="182608" />
  <memory-copied type="tenure" objects="4" bytes="144" bytesdiscarded="0" />
</gc-op>
<gc-end id="1552" type="scavenge" contextid="1548" durationms="0.558" usertimems="0.000" systemtimems="0.000" timestamp="2019-06-17T03:33:18.460" activeThreads="4">
  <mem-info id="1553" free="8006136" total="14155776" percent="56">
    <mem type="nursery" free="6410888" total="8519680" percent="75">
      <mem type="allocate" free="6410888" total="7405568" percent="86" />
      <mem type="survivor" free="0" total="1114112" percent="0" />
    </mem>
    <mem type="tenure" free="1595248" total="5636096" percent="28">
      <mem type="soa" free="1346416" total="5354496" percent="25" />
      <mem type="loa" free="248832" total="281600" percent="88" />
    </mem>
    <remembered-set count="104" />
  </mem-info>
</gc-end>
<cycle-end id="1554" type="scavenge" contextid="1548" timestamp="2019-06-17T03:33:18.460" />
  <attribute name="elasticGC enabled" value="1" />
  <attribute name= "numThreadsSpecified" value="4" />
  <attribute name="heapSize specified" value="12058624" />
  <attribute name="Current GC Util" value="2" />
  <attribute name= "Current Time Running" value="5040" />
  <attribute name ="GC Interval" value="200" />
  <attribute name="ProportionalT" value="-27.000000" />
  <attribute name="ProportionalI" value="-27.000000" />
  <attribute name="ProportionalH" value="-27.000000" />
  <attribute name="Current Error" value="-18.000000" />
  <attribute name="IntegralT" value="-900.000000" />
  <attribute name="IntegralI" value="-900.000000" />
  <attribute name="IntegralH" value="-900.000000" />
  <attribute name="DerivativeT" value="-0.540000" />
  <attribute name="DerivativeI" value="-0.540000" />
  <attribute name="DerivativeH" value="-0.540000" />
  <attribute name="Loop Time for DT" value="50.000000" />
  <attribute name="Output H" value="2092630016"/>
  <attribute name="Output I" value="200"/>
  <attribute name="Output T" value="4"/>
  <attribute name="Target GC Util Change" value ="20.000000" />
  <attribute name="Current GC Util Change" value="2.000000"/>
  <attribute name="GC Util currently" value="2" />
  <attribute name="CPU Util currently" value="91299368011" />
<allocation-satisfied id="1555" threadId="0000000000D37D00" bytesRequested="16392" />
<af-end id="1556" timestamp="2019-06-17T03:33:18.460" threadId="0000000000D38688" success="true" from="nursery"/>
<exclusive-end id="1557" timestamp="2019-06-17T03:33:18.460" durationms="1.067" />

<exclusive-start id="1558" timestamp="2019-06-17T03:33:18.506" intervalms="46.884">
  <response-info timems="0.042" idlems="0.042" threads="0" lastid="0000000000D2C900" lastname="Thread-3" />
</exclusive-start>
<af-start id="1559" threadId="0000000000D2D288" totalBytesRequested="8200" timestamp="2019-06-17T03:33:18.506" intervalms="46.875" type="nursery" />
<cycle-start id="1560" type="scavenge" contextid="0" timestamp="2019-06-17T03:33:18.506" intervalms="46.874" />
<gc-start id="1561" type="scavenge" contextid="1560" timestamp="2019-06-17T03:33:18.506">
  <mem-info id="1562" free="1595248" total="14155776" percent="11">
    <mem type="nursery" free="0" total="8519680" percent="0">
      <mem type="allocate" free="0" total="7405568" percent="0" />
      <mem type="survivor" free="0" total="1114112" percent="0" />
    </mem>
    <mem type="tenure" free="1595248" total="5636096" percent="28">
      <mem type="soa" free="1346416" total="5354496" percent="25" />
      <mem type="loa" free="248832" total="281600" percent="88" />
    </mem>
    <remembered-set count="320" />
  </mem-info>
</gc-start>
<allocation-stats totalBytes="6398552" >
  <allocated-bytes non-tlh="16392" tlh="6382160" />
  <largest-consumer threadName="Thread-4" threadId="0000000000D30500" bytes="2186400" />
</allocation-stats>
<gc-op id="1563" type="scavenge" timems="0.407" contextid="1560" timestamp="2019-06-17T03:33:18.506">
  <scavenger-info tenureage="3" tenuremask="7ff8" tiltratio="86" />
  <memory-copied type="nursery" objects="2080" bytes="837616" bytesdiscarded="197568" />
  <references type="weak" candidates="1" cleared="0" enqueued="0" />
  <references type="phantom" candidates="1" cleared="0" enqueued="0" />
</gc-op>
<gc-end id="1564" type="scavenge" contextid="1560" durationms="0.601" usertimems="0.000" systemtimems="0.000" timestamp="2019-06-17T03:33:18.506" activeThreads="4">
  <mem-info id="1565" free="7965576" total="14155776" percent="56">
    <mem type="nursery" free="6370328" total="8519680" percent="74">
      <mem type="allocate" free="6370328" total="7405568" percent="86" />
      <mem type="survivor" free="0" total="1114112" percent="0" />
    </mem>
    <mem type="tenure" free="1595248" total="5636096" percent="28">
      <mem type="soa" free="1346416" total="5354496" percent="25" />
      <mem type="loa" free="248832" total="281600" percent="88" />
    </mem>
    <remembered-set count="105" />
  </mem-info>
</gc-end>
<cycle-end id="1566" type="scavenge" contextid="1560" timestamp="2019-06-17T03:33:18.507" />
  <attribute name="elasticGC enabled" value="1" />
  <attribute name= "numThreadsSpecified" value="4" />
  <attribute name="heapSize specified" value="12058624" />
  <attribute name="Current GC Util" value="2" />
  <attribute name= "Current Time Running" value="5087" />
  <attribute name ="GC Interval" value="200" />
  <attribute name="ProportionalT" value="-27.000000" />
  <attribute name="ProportionalI" value="-27.000000" />
  <attribute name="ProportionalH" value="-27.000000" />
  <attribute name="Current Error" value="-18.000000" />
  <attribute name="IntegralT" value="-846.000000" />
  <attribute name="IntegralI" value="-846.000000" />
  <attribute name="IntegralH" value="-846.000000" />
  <attribute name="DerivativeT" value="-0.574468" />
  <attribute name="DerivativeI" value="-0.574468" />
  <attribute name="DerivativeH" value="-0.574468" />
  <attribute name="Loop Time for DT" value="47.000000" />
  <attribute name="Output H" value="2092630016"/>
  <attribute name="Output I" value="200"/>
  <attribute name="Output T" value="4"/>
  <attribute name="Target GC Util Change" value ="20.000000" />
  <attribute name="Current GC Util Change" value="2.000000"/>
  <attribute name="GC Util currently" value="2" />
  <attribute name="CPU Util currently" value="98391702697" />
<allocation-satisfied id="1567" threadId="0000000000D2C900" bytesRequested="8200" />
<af-end id="1568" timestamp="2019-06-17T03:33:18.507" threadId="0000000000D2D288" success="true" from="nursery"/>
<exclusive-end id="1569" timestamp="2019-06-17T03:33:18.507" durationms="1.186" />

<exclusive-start id="1570" timestamp="2019-06-17T03:33:18.549" intervalms="43.825">
  <response-info timems="0.037" idlems="0.037" threads="0" lastid="0000000000D37D00" lastname="Thread-6" />
</exclusive-start>
<af-start id="1571" threadId="0000000000D38688" totalBytesRequested="32776" timestamp="2019-06-17T03:33:18.550" intervalms="43.822" type="nursery" />
<cycle-start id="1572" type="scavenge" contextid="0" timestamp="2019-06-17T03:33:18.550" intervalms="43.811" />
<gc-start id="1573" type="scavenge" contextid="1572" timestamp="2019-06-17T03:33:18.550">
  <mem-info id="1574" free="1595248" total="14155776" percent="11">
    <mem type="nursery" free="0" total="8519680" percent="0">
      <mem type="allocate" free="0" total="7405568" percent="0" />
      <mem type="survivor" free="0" total="1114112" percent="0" />
    </mem>
    <mem type="tenure" free="1595248" total="5636096" percent="28">
      <mem type="soa" free="1346416" total="5354496" percent="25" />
      <mem type="loa" free="248832" total="281600" percent="88" />
    </mem>
    <remembered-set count="311" />
  </mem-info>
</gc-start>
<allocation-stats totalBytes="6318640" >
  <allocated-bytes non-tlh="8200" tlh="6310440" />
  <largest-consumer threadName="Thread-4" threadId="0000000000D30500" bytes="2112544" />
</allocation-stats>
<gc-op id="1575" type="scavenge" timems="0.347" contextid="1572" timestamp="2019-06-17T03:33:18.550">
  <scavenger-info tenureage="3" tenuremask="7ff8" tiltratio="86" />
  <memory-copied type="nursery" objects="1419" bytes="637272" bytesdiscarded="144856" />
  <memory-copied type="tenure" objects="4" bytes="144" bytesdiscarded="0" />
</gc-op>
<gc-end id="1576" type="scavenge" contextid="1572" durationms="0.516" usertimems="0.000" systemtimems="0.000" timestamp="2019-06-17T03:33:18.550" activeThreads="4">
  <mem-info id="1577" free="8284168" total="14155776" percent="58">
    <mem type="nursery" free="6688920" total="8519680" percent="78">
      <mem type="allocate" free="6688920" total="7471104" percent="89" />
      <mem type="survivor" free="0" total="1048576" percent="0" />
    </mem>
    <mem type="tenure" free="1595248" total="5636096" percent="28">
      <mem type="soa" free="1346416" total="5354496" percent="25" />
      <mem type="loa" free="248832" total="281600" percent="88" />
    </mem>
    <remembered-set count="95" />
  </mem-info>
</gc-end>
<cycle-end id="1578" type="scavenge" contextid="1572" timestamp="2019-06-17T03:33:18.550" />
  <attribute name="elasticGC enabled" value="1" />
  <attribute name= "numThreadsSpecified" value="4" />
  <attribute name="heapSize specified" value="12058624" />
  <attribute name="Current GC Util" value="2" />
  <attribute name= "Current Time Running" value="5131" />
  <attribute name ="GC Interval" value="200" />
  <attribute name="ProportionalT" value="-27.000000" />
  <attribute name="ProportionalI" value="-27.000000" />
  <attribute name="ProportionalH" value="-27.000000" />
  <attribute name="Current Error" value="-18.000000" />
  <attribute name="IntegralT" value="-792.000000" />
  <attribute name="IntegralI" value="-792.000000" />
  <attribute name="IntegralH" value="-792.000000" />
  <attribute name="DerivativeT" value="-0.613636" />
  <attribute name="DerivativeI" value="-0.613636" />
  <attribute name="DerivativeH" value="-0.613636" />
  <attribute name="Loop Time for DT" value="44.000000" />
  <attribute name="Output H" value="2092630016"/>
  <attribute name="Output I" value="200"/>
  <attribute name="Output T" value="4"/>
  <attribute name="Target GC Util Change" value ="20.000000" />
  <attribute name="Current GC Util Change" value="2.000000"/>
  <attribute name="GC Util currently" value="2" />
  <attribute name="CPU Util currently" value="105333148624" />
<allocation-satisfied id="1579" threadId="0000000000D37D00" bytesRequested="32776" />
<af-end id="1580" timestamp="2019-06-17T03:33:18.550" threadId="0000000000D38688" success="true" from="nursery"/>
<exclusive-end id="1581" timestamp="2019-06-17T03:33:18.550" durationms="0.906" />

<exclusive-start id="1582" timestamp="2019-06-17T03:33:18.598" intervalms="48.660">
  <response-info timems="0.036" idlems="0.036" threads="0" lastid="0000000000D2C900" lastname="Thread-3" />
</exclusive-start>
<af-start id="1583" threadId="0000000000D2D288" totalBytesRequested="8200" timestamp="2019-06-17T03:33:18.598" intervalms="48.662" type="nursery" />
<cycle-start id="1584" type="scavenge" contextid="0" timestamp="2019-06-17T03:33:18.598" intervalms="48.673" />
<gc-start id="1585" type="scavenge" contextid="1584" timestamp="2019-06-17T03:33:18.598">
  <mem-info id="1586" free="1595248" total="14155776" percent="11">
    <mem type="nursery" free="0" total="8519680" percent="0">
      <mem type="allocate" free="0" total="7471104" percent="0" />
      <mem type="survivor" free="0" total="1048576" percent="0" />
    </mem>
    <mem type="tenure" free="1595248" total="5636096" percent="28">
      <mem type="soa" free="1346416" total="5354496" percent="25" />
      <mem type="loa" free="248832" total="281600" percent="88" />
    </mem>
    <remembered-set count="313" />
  </mem-info>
</gc-start>
<allocation-stats totalBytes="6659664" >
  <allocated-bytes non-tlh="32776" tlh="6626888" />
  <largest-consumer threadName="Thread-6" threadId="0000000000D37D00" bytes="2018920" />
</allocation-stats>
<gc-op id="1587" type="scavenge" timems="0.372" contextid="1584" timestamp="2019-06-17T03:33:18.599">
  <scavenger-info tenureage="4" tenuremask="7ff0" tiltratio="87" />
  <memory-copied type="nursery" objects="2163" bytes="886384" bytesdiscarded="162120" />
  <memory-copied type="tenure" objects="232" bytes="40936" bytesdiscarded="0" />
  <copy-failed type="nursery" objects="232" bytes="40936" />
  <references type="phantom" candidates="1" cleared="0" enqueued="0" />
</gc-op>
<gc-end id="1588" type="scavenge" contextid="1584" durationms="0.570" usertimems="0.000" systemtimems="0.000" timestamp="2019-06-17T03:33:18.599" activeThreads="4">
  <mem-info id="1589" free="7673704" total="14155776" percent="54">
    <mem type="nursery" free="6094848" total="8519680" percent="71">
      <mem type="allocate" free="6094848" total="7143424" percent="85" />
      <mem type="survivor" free="0" total="1376256" percent="0" />
    </mem>
    <mem type="tenure" free="1578856" total="5636096" percent="28">
      <mem type="soa" free="1330024" total="5354496" percent="24" />
      <mem type="loa" free="248832" total="281600" percent="88" />
    </mem>
    <remembered-set count="111" />
  </mem-info>
</gc-end>
<cycle-end id="1590" type="scavenge" contextid="1584" timestamp="2019-06-17T03:33:18.599" />
  <attribute name="elasticGC enabled" value="1" />
  <attribute name= "numThreadsSpecified" value="4" />
  <attribute name="heapSize specified" value="12058624" />
  <attribute name="Current GC Util" value="1" />
  <attribute name= "Current Time Running" value="5180" />
  <attribute name ="GC Interval" value="200" />
  <attribute name="ProportionalT" value="-28.500000" />
  <attribute name="ProportionalI" value="-28.500000" />
  <attribute name="ProportionalH" value="-28.500000" />
  <attribute name="Current Error" value="-19.000000" />
  <attribute name="IntegralT" value="-931.000000" />
  <attribute name="IntegralI" value="-931.000000" />
  <attribute name="IntegralH" value="-931.000000" />
  <attribute name="DerivativeT" value="-0.581633" />
  <attribute name="DerivativeI" value="-0.581633" />
  <attribute name="DerivativeH" value="-0.581633" />
  <attribute name="Loop Time for DT" value="49.000000" />
  <attribute name="Output H" value="2092630016"/>
  <attribute name="Output I" value="200"/>
  <attribute name="Output T" value="4"/>
  <attribute name="Target GC Util Change" value ="20.000000" />
  <attribute name="Current GC Util Change" value="1.000000"/>
  <attribute name="GC Util currently" value="1" />
  <attribute name="CPU Util currently" value="94690629593" />
<allocation-satisfied id="1591" threadId="0000000000D2C900" bytesRequested="8200" />
<af-end id="1592" timestamp="2019-06-17T03:33:18.599" threadId="0000000000D2D288" success="true" from="nursery"/>
<exclusive-end id="1593" timestamp="2019-06-17T03:33:18.599" durationms="1.036" />

<exclusive-start id="1594" timestamp="2019-06-17T03:33:18.641" intervalms="42.710">
  <response-info timems="0.080" idlems="0.041" threads="1" lastid="0000000000D34100" lastname="Thread-5" />
</exclusive-start>
<af-start id="1595" threadId="0000000000D2D288" totalBytesRequested="2056" timestamp="2019-06-17T03:33:18.641" intervalms="42.719" type="nursery" />
<cycle-start id="1596" type="scavenge" contextid="0" timestamp="2019-06-17T03:33:18.641" intervalms="42.725" />
<gc-start id="1597" type="scavenge" contextid="1596" timestamp="2019-06-17T03:33:18.641">
  <mem-info id="1598" free="1578856" total="14155776" percent="11">
    <mem type="nursery" free="0" total="8519680" percent="0">
      <mem type="allocate" free="0" total="7143424" percent="0" />
      <mem type="survivor" free="0" total="1376256" percent="0" />
    </mem>
    <mem type="tenure" free="1578856" total="5636096" percent="28">
      <mem type="soa" free="1330024" total="5354496" percent="24" />
      <mem type="loa" free="248832" total="281600" percent="88" />
    </mem>
    <remembered-set count="325" />
  </mem-info>
</gc-start>
<allocation-stats totalBytes="6054240" >
  <allocated-bytes non-tlh="8200" tlh="6046040" />
  <largest-consumer threadName="Thread-4" threadId="0000000000D30500" bytes="2059216" />
</allocation-stats>
<gc-op id="1599" type="scavenge" timems="0.434" contextid="1596" timestamp="2019-06-17T03:33:18.642">
  <scavenger-info tenureage="4" tenuremask="7ff0" tiltratio="83" />
  <memory-copied type="nursery" objects="2584" bytes="1113552" bytesdiscarded="200128" />
  <references type="phantom" candidates="1" cleared="0" enqueued="0" />
</gc-op>
<gc-end id="1600" type="scavenge" contextid="1596" durationms="0.669" usertimems="0.000" systemtimems="0.000" timestamp="2019-06-17T03:33:18.642" activeThreads="4">
  <mem-info id="1601" free="7342976" total="14155776" percent="51">
    <mem type="nursery" free="5764120" total="8519680" percent="67">
      <mem type="allocate" free="5764120" total="7077888" percent="81" />
      <mem type="survivor" free="0" total="1441792" percent="0" />
    </mem>
    <mem type="tenure" free="1578856" total="5636096" percent="28">
      <mem type="soa" free="1330024" total="5354496" percent="24" />
      <mem type="loa" free="248832" total="281600" percent="88" />
    </mem>
    <remembered-set count="109" />
  </mem-info>
</gc-end>
<cycle-end id="1602" type="scavenge" contextid="1596" timestamp="2019-06-17T03:33:18.642" />
  <attribute name="elasticGC enabled" value="1" />
  <attribute name= "numThreadsSpecified" value="4" />
  <attribute name="heapSize specified" value="12058624" />
  <attribute name="Current GC Util" value="2" />
  <attribute name= "Current Time Running" value="5222" />
  <attribute name ="GC Interval" value="200" />
  <attribute name="ProportionalT" value="-27.000000" />
  <attribute name="ProportionalI" value="-27.000000" />
  <attribute name="ProportionalH" value="-27.000000" />
  <attribute name="Current Error" value="-18.000000" />
  <attribute name="IntegralT" value="-756.000000" />
  <attribute name="IntegralI" value="-756.000000" />
  <attribute name="IntegralH" value="-756.000000" />
  <attribute name="DerivativeT" value="-0.642857" />
  <attribute name="DerivativeI" value="-0.642857" />
  <attribute name="DerivativeH" value="-0.642857" />
  <attribute name="Loop Time for DT" value="42.000000" />
  <attribute name="Output H" value="2092630016"/>
  <attribute name="Output I" value="200"/>
  <attribute name="Output T" value="4"/>
  <attribute name="Target GC Util Change" value ="20.000000" />
  <attribute name="Current GC Util Change" value="2.000000"/>
  <attribute name="GC Util currently" value="2" />
  <attribute name="CPU Util currently" value="107821661752" />
<allocation-satisfied id="1603" threadId="0000000000D2C900" bytesRequested="2056" />
<af-end id="1604" timestamp="2019-06-17T03:33:18.642" threadId="0000000000D2D288" success="true" from="nursery"/>
<exclusive-end id="1605" timestamp="2019-06-17T03:33:18.642" durationms="1.151" />

<exclusive-start id="1606" timestamp="2019-06-17T03:33:18.683" intervalms="42.082">
  <response-info timems="0.042" idlems="0.042" threads="0" lastid="0000000000D2C900" lastname="Thread-3" />
</exclusive-start>
<af-start id="1607" threadId="0000000000D2D288" totalBytesRequested="32776" timestamp="2019-06-17T03:33:18.683" intervalms="42.071" type="nursery" />
<cycle-start id="1608" type="scavenge" contextid="0" timestamp="2019-06-17T03:33:18.683" intervalms="42.063" />
<gc-start id="1609" type="scavenge" contextid="1608" timestamp="2019-06-17T03:33:18.683">
  <mem-info id="1610" free="1578856" total="14155776" percent="11">
    <mem type="nursery" free="0" total="8519680" percent="0">
      <mem type="allocate" free="0" total="7077888" percent="0" />
      <mem type="survivor" free="0" total="1441792" percent="0" />
    </mem>
    <mem type="tenure" free="1578856" total="5636096" percent="28">
      <mem type="soa" free="1330024" total="5354496" percent="24" />
      <mem type="loa" free="248832" total="281600" percent="88" />
    </mem>
    <remembered-set count="324" />
  </mem-info>
</gc-start>
<allocation-stats totalBytes="5675624" >
  <allocated-bytes non-tlh="2056" tlh="5673568" />
  <largest-consumer threadName="Thread-4" threadId="0000000000D30500" bytes="1748776" />
</allocation-stats>
<gc-op id="1611" type="scavenge" timems="0.354" contextid="1608" timestamp="2019-06-17T03:33:18.684">
  <scavenger-info tenureage="4" tenuremask="7ff0" tiltratio="83" />
  <memory-copied type="nursery" objects="2328" bytes="1025992" bytesdiscarded="263400" />
</gc-op>
<gc-end id="1612" type="scavenge" contextid="1608" durationms="0.541" usertimems="0.000" systemtimems="0.000" timestamp="2019-06-17T03:33:18.684" activeThreads="4">
  <mem-info id="1613" free="7432808" total="14155776" percent="52">
    <mem type="nursery" free="5853952" total="8519680" percent="68">
      <mem type="allocate" free="5853952" total="7143424" percent="81" />
      <mem type="survivor" free="0" total="1376256" percent="0" />
    </mem>
    <mem type="tenure" free="1578856" total="5636096" percent="28">
      <mem type="soa" free="1330024" total="5354496" percent="24" />
      <mem type="loa" free="248832" total="281600" percent="88" />
    </mem>
    <remembered-set count="107" />
  </mem-info>
</gc-end>
<cycle-end id="1614" type="scavenge" contextid="1608" timestamp="2019-06-17T03:33:18.684" />
  <attribute name="elasticGC enabled" value="1" />
  <attribute name= "numThreadsSpecified" value="4" />
  <attribute name="heapSize specified" value="12058624" />
  <attribute name="Current GC Util" value="2" />
  <attribute name= "Current Time Running" value="5264" />
  <attribute name ="GC Interval" value="200" />
  <attribute name="ProportionalT" value="-27.000000" />
  <attribute name="ProportionalI" value="-27.000000" />
  <attribute name="ProportionalH" value="-27.000000" />
  <attribute name="Current Error" value="-18.000000" />
  <attribute name="IntegralT" value="-756.000000" />
  <attribute name="IntegralI" value="-756.000000" />
  <attribute name="IntegralH" value="-756.000000" />
  <attribute name="DerivativeT" value="-0.642857" />
  <attribute name="DerivativeI" value="-0.642857" />
  <attribute name="DerivativeH" value="-0.642857" />
  <attribute name="Loop Time for DT" value="42.000000" />
  <attribute name="Output H" value="2092630016"/>
  <attribute name="Output I" value="200"/>
  <attribute name="Output T" value="4"/>
  <attribute name="Target GC Util Change" value ="20.000000" />
  <attribute name="Current GC Util Change" value="2.000000"/>
  <attribute name="GC Util currently" value="2" />
  <attribute name="CPU Util currently" value="109773381368" />
<allocation-satisfied id="1615" threadId="0000000000D2C900" bytesRequested="32776" />
<af-end id="1616" timestamp="2019-06-17T03:33:18.684" threadId="0000000000D2D288" success="true" from="nursery"/>
<exclusive-end id="1617" timestamp="2019-06-17T03:33:18.684" durationms="0.996" />

<exclusive-start id="1618" timestamp="2019-06-17T03:33:18.736" intervalms="53.409">
  <response-info timems="0.030" idlems="0.030" threads="0" lastid="0000000000D30500" lastname="Thread-4" />
</exclusive-start>
<af-start id="1619" threadId="0000000000D30E88" totalBytesRequested="16" timestamp="2019-06-17T03:33:18.736" intervalms="53.403" type="nursery" />
<cycle-start id="1620" type="scavenge" contextid="0" timestamp="2019-06-17T03:33:18.736" intervalms="53.391" />
<gc-start id="1621" type="scavenge" contextid="1620" timestamp="2019-06-17T03:33:18.737">
  <mem-info id="1622" free="1578856" total="14155776" percent="11">
    <mem type="nursery" free="0" total="8519680" percent="0">
      <mem type="allocate" free="0" total="7143424" percent="0" />
      <mem type="survivor" free="0" total="1376256" percent="0" />
    </mem>
    <mem type="tenure" free="1578856" total="5636096" percent="28">
      <mem type="soa" free="1330024" total="5354496" percent="24" />
      <mem type="loa" free="248832" total="281600" percent="88" />
    </mem>
    <remembered-set count="322" />
  </mem-info>
</gc-start>
<allocation-stats totalBytes="5852192" >
  <allocated-bytes non-tlh="32776" tlh="5819416" />
  <largest-consumer threadName="Thread-3" threadId="0000000000D2C900" bytes="2514000" />
</allocation-stats>
<gc-op id="1623" type="scavenge" timems="0.408" contextid="1620" timestamp="2019-06-17T03:33:18.737">
  <scavenger-info tenureage="4" tenuremask="7ff0" tiltratio="83" />
  <memory-copied type="nursery" objects="3074" bytes="1249888" bytesdiscarded="120720" />
</gc-op>
<gc-end id="1624" type="scavenge" contextid="1620" durationms="0.574" usertimems="0.000" systemtimems="0.000" timestamp="2019-06-17T03:33:18.737" activeThreads="4">
  <mem-info id="1625" free="7154984" total="14155776" percent="50">
    <mem type="nursery" free="5576128" total="8519680" percent="65">
      <mem type="allocate" free="5576128" total="6946816" percent="80" />
      <mem type="survivor" free="0" total="1572864" percent="0" />
    </mem>
    <mem type="tenure" free="1578856" total="5636096" percent="28">
      <mem type="soa" free="1330024" total="5354496" percent="24" />
      <mem type="loa" free="248832" total="281600" percent="88" />
    </mem>
    <remembered-set count="107" />
  </mem-info>
</gc-end>
<cycle-end id="1626" type="scavenge" contextid="1620" timestamp="2019-06-17T03:33:18.737" />
  <attribute name="elasticGC enabled" value="1" />
  <attribute name= "numThreadsSpecified" value="4" />
  <attribute name="heapSize specified" value="12058624" />
  <attribute name="Current GC Util" value="1" />
  <attribute name= "Current Time Running" value="5318" />
  <attribute name ="GC Interval" value="200" />
  <attribute name="ProportionalT" value="-28.500000" />
  <attribute name="ProportionalI" value="-28.500000" />
  <attribute name="ProportionalH" value="-28.500000" />
  <attribute name="Current Error" value="-19.000000" />
  <attribute name="IntegralT" value="-1026.000000" />
  <attribute name="IntegralI" value="-1026.000000" />
  <attribute name="IntegralH" value="-1026.000000" />
  <attribute name="DerivativeT" value="-0.527778" />
  <attribute name="DerivativeI" value="-0.527778" />
  <attribute name="DerivativeH" value="-0.527778" />
  <attribute name="Loop Time for DT" value="54.000000" />
  <attribute name="Output H" value="2092630016"/>
  <attribute name="Output I" value="200"/>
  <attribute name="Output T" value="4"/>
  <attribute name="Target GC Util Change" value ="20.000000" />
  <attribute name="Current GC Util Change" value="1.000000"/>
  <attribute name="GC Util currently" value="1" />
  <attribute name="CPU Util currently" value="86434331022" />
<allocation-satisfied id="1627" threadId="0000000000D30500" bytesRequested="16" />
<af-end id="1628" timestamp="2019-06-17T03:33:18.737" threadId="0000000000D30E88" success="true" from="nursery"/>
<exclusive-end id="1629" timestamp="2019-06-17T03:33:18.737" durationms="1.113" />

<exclusive-start id="1630" timestamp="2019-06-17T03:33:18.778" intervalms="42.083">
  <response-info timems="0.037" idlems="0.037" threads="0" lastid="0000000000D2C900" lastname="Thread-3" />
</exclusive-start>
<af-start id="1631" threadId="0000000000D2D288" totalBytesRequested="32776" timestamp="2019-06-17T03:33:18.778" intervalms="42.091" type="nursery" />
<cycle-start id="1632" type="scavenge" contextid="0" timestamp="2019-06-17T03:33:18.779" intervalms="42.104" />
<gc-start id="1633" type="scavenge" contextid="1632" timestamp="2019-06-17T03:33:18.779">
  <mem-info id="1634" free="1578856" total="14155776" percent="11">
    <mem type="nursery" free="0" total="8519680" percent="0">
      <mem type="allocate" free="0" total="6946816" percent="0" />
      <mem type="survivor" free="0" total="1572864" percent="0" />
    </mem>
    <mem type="tenure" free="1578856" total="5636096" percent="28">
      <mem type="soa" free="1330024" total="5354496" percent="24" />
      <mem type="loa" free="248832" total="281600" percent="88" />
    </mem>
    <remembered-set count="311" />
  </mem-info>
</gc-start>
<allocation-stats totalBytes="5527880" >
  <allocated-bytes non-tlh="16" tlh="5527864" />
  <largest-consumer threadName="Thread-6" threadId="0000000000D37D00" bytes="2091840" />
</allocation-stats>
<gc-op id="1635" type="scavenge" timems="0.413" contextid="1632" timestamp="2019-06-17T03:33:18.779">
  <scavenger-info tenureage="4" tenuremask="7ff0" tiltratio="81" />
  <memory-copied type="nursery" objects="2016" bytes="936256" bytesdiscarded="287560" />
  <memory-copied type="tenure" objects="329" bytes="167272" bytesdiscarded="8" />
  <references type="phantom" candidates="1" cleared="0" enqueued="0" />
</gc-op>
<gc-end id="1636" type="scavenge" contextid="1632" durationms="0.676" usertimems="0.000" systemtimems="0.000" timestamp="2019-06-17T03:33:18.779" activeThreads="4">
  <mem-info id="1637" free="7272808" total="14155776" percent="51">
    <mem type="nursery" free="5788456" total="8519680" percent="67">
      <mem type="allocate" free="5788456" total="7012352" percent="82" />
      <mem type="survivor" free="0" total="1507328" percent="0" />
    </mem>
    <mem type="tenure" free="1484352" total="5636096" percent="26">
      <mem type="soa" free="1235520" total="5354496" percent="23" />
      <mem type="loa" free="248832" total="281600" percent="88" />
    </mem>
    <remembered-set count="115" />
  </mem-info>
</gc-end>
<cycle-end id="1638" type="scavenge" contextid="1632" timestamp="2019-06-17T03:33:18.779" />
  <attribute name="elasticGC enabled" value="1" />
  <attribute name= "numThreadsSpecified" value="4" />
  <attribute name="heapSize specified" value="12058624" />
  <attribute name="Current GC Util" value="3" />
  <attribute name= "Current Time Running" value="5360" />
  <attribute name ="GC Interval" value="200" />
  <attribute name="ProportionalT" value="-25.500000" />
  <attribute name="ProportionalI" value="-25.500000" />
  <attribute name="ProportionalH" value="-25.500000" />
  <attribute name="Current Error" value="-17.000000" />
  <attribute name="IntegralT" value="-714.000000" />
  <attribute name="IntegralI" value="-714.000000" />
  <attribute name="IntegralH" value="-714.000000" />
  <attribute name="DerivativeT" value="-0.607143" />
  <attribute name="DerivativeI" value="-0.607143" />
  <attribute name="DerivativeH" value="-0.607143" />
  <attribute name="Loop Time for DT" value="42.000000" />
  <attribute name="Output H" value="2092630016"/>
  <attribute name="Output I" value="200"/>
  <attribute name="Output T" value="4"/>
  <attribute name="Target GC Util Change" value ="20.000000" />
  <attribute name="Current GC Util Change" value="3.000000"/>
  <attribute name="GC Util currently" value="3" />
  <attribute name="CPU Util currently" value="109323865303" />
<allocation-satisfied id="1639" threadId="0000000000D2C900" bytesRequested="32776" />
<af-end id="1640" timestamp="2019-06-17T03:33:18.780" threadId="0000000000D2D288" success="true" from="nursery"/>
<exclusive-end id="1641" timestamp="2019-06-17T03:33:18.780" durationms="1.142" />

<exclusive-start id="1642" timestamp="2019-06-17T03:33:18.821" intervalms="42.663">
  <response-info timems="0.052" idlems="0.052" threads="0" lastid="0000000000D2C900" lastname="Thread-3" />
</exclusive-start>
<af-start id="1643" threadId="0000000000D2D288" totalBytesRequested="2056" timestamp="2019-06-17T03:33:18.821" intervalms="42.672" type="nursery" />
<cycle-start id="1644" type="scavenge" contextid="0" timestamp="2019-06-17T03:33:18.821" intervalms="42.669" />
<gc-start id="1645" type="scavenge" contextid="1644" timestamp="2019-06-17T03:33:18.821">
  <mem-info id="1646" free="1484352" total="14155776" percent="10">
    <mem type="nursery" free="0" total="8519680" percent="0">
      <mem type="allocate" free="0" total="7012352" percent="0" />
      <mem type="survivor" free="0" total="1507328" percent="0" />
    </mem>
    <mem type="tenure" free="1484352" total="5636096" percent="26">
      <mem type="soa" free="1235520" total="5354496" percent="23" />
      <mem type="loa" free="248832" total="281600" percent="88" />
    </mem>
    <remembered-set count="327" />
  </mem-info>
</gc-start>
<allocation-stats totalBytes="5738496" >
  <allocated-bytes non-tlh="32776" tlh="5705720" />
  <largest-consumer threadName="Thread-3" threadId="0000000000D2C900" bytes="2335968" />
</allocation-stats>
<gc-op id="1647" type="scavenge" timems="0.407" contextid="1644" timestamp="2019-06-17T03:33:18.822">
  <scavenger-info tenureage="4" tenuremask="7ff0" tiltratio="82" />
  <memory-copied type="nursery" objects="2582" bytes="995488" bytesdiscarded="136168" />
  <memory-copied type="tenure" objects="32" bytes="37008" bytesdiscarded="608" />
  <references type="phantom" candidates="1" cleared="0" enqueued="0" />
</gc-op>
<gc-end id="1648" type="scavenge" contextid="1644" durationms="0.589" usertimems="0.000" systemtimems="0.000" timestamp="2019-06-17T03:33:18.822" activeThreads="4">
  <mem-info id="1649" free="7357536" total="14155776" percent="51">
    <mem type="nursery" free="5946160" total="8519680" percent="69">
      <mem type="allocate" free="5946160" total="7077888" percent="84" />
      <mem type="survivor" free="0" total="1441792" percent="0" />
    </mem>
    <mem type="tenure" free="1411376" total="5636096" percent="25">
      <mem type="soa" free="1162544" total="5354496" percent="21" />
      <mem type="loa" free="248832" total="281600" percent="88" />
    </mem>
    <remembered-set count="109" />
  </mem-info>
</gc-end>
<cycle-end id="1650" type="scavenge" contextid="1644" timestamp="2019-06-17T03:33:18.822" />
  <attribute name="elasticGC enabled" value="1" />
  <attribute name= "numThreadsSpecified" value="4" />
  <attribute name="heapSize specified" value="12058624" />
  <attribute name="Current GC Util" value="2" />
  <attribute name= "Current Time Running" value="5402" />
  <attribute name ="GC Interval" value="200" />
  <attribute name="ProportionalT" value="-27.000000" />
  <attribute name="ProportionalI" value="-27.000000" />
  <attribute name="ProportionalH" value="-27.000000" />
  <attribute name="Current Error" value="-18.000000" />
  <attribute name="IntegralT" value="-756.000000" />
  <attribute name="IntegralI" value="-756.000000" />
  <attribute name="IntegralH" value="-756.000000" />
  <attribute name="DerivativeT" value="-0.642857" />
  <attribute name="DerivativeI" value="-0.642857" />
  <attribute name="DerivativeH" value="-0.642857" />
  <attribute name="Loop Time for DT" value="42.000000" />
  <attribute name="Output H" value="2092630016"/>
  <attribute name="Output I" value="200"/>
  <attribute name="Output T" value="4"/>
  <attribute name="Target GC Util Change" value ="20.000000" />
  <attribute name="Current GC Util Change" value="2.000000"/>
  <attribute name="GC Util currently" value="2" />
  <attribute name="CPU Util currently" value="108206519553" />
<allocation-satisfied id="1651" threadId="0000000000D2C900" bytesRequested="2056" />
<af-end id="1652" timestamp="2019-06-17T03:33:18.822" threadId="0000000000D2D288" success="true" from="nursery"/>
<exclusive-end id="1653" timestamp="2019-06-17T03:33:18.822" durationms="1.044" />

<exclusive-start id="1654" timestamp="2019-06-17T03:33:18.865" intervalms="44.247">
  <response-info timems="0.033" idlems="0.033" threads="0" lastid="0000000000D30500" lastname="Thread-4" />
</exclusive-start>
<af-start id="1655" threadId="0000000000D30E88" totalBytesRequested="48" timestamp="2019-06-17T03:33:18.865" intervalms="44.246" type="nursery" />
<cycle-start id="1656" type="scavenge" contextid="0" timestamp="2019-06-17T03:33:18.865" intervalms="44.239" />
<gc-start id="1657" type="scavenge" contextid="1656" timestamp="2019-06-17T03:33:18.866">
  <mem-info id="1658" free="1411376" total="14155776" percent="9">
    <mem type="nursery" free="0" total="8519680" percent="0">
      <mem type="allocate" free="0" total="7077888" percent="0" />
      <mem type="survivor" free="0" total="1441792" percent="0" />
    </mem>
    <mem type="tenure" free="1411376" total="5636096" percent="25">
      <mem type="soa" free="1162544" total="5354496" percent="21" />
      <mem type="loa" free="248832" total="281600" percent="88" />
    </mem>
    <remembered-set count="316" />
  </mem-info>
</gc-start>
<allocation-stats totalBytes="5880936" >
  <allocated-bytes non-tlh="2056" tlh="5878880" />
  <largest-consumer threadName="Thread-6" threadId="0000000000D37D00" bytes="1787416" />
</allocation-stats>
<gc-op id="1659" type="scavenge" timems="0.741" contextid="1656" timestamp="2019-06-17T03:33:18.867">
  <scavenger-info tenureage="4" tenuremask="7ff0" tiltratio="83" />
  <memory-copied type="nursery" objects="2006" bytes="900688" bytesdiscarded="109840" />
  <memory-copied type="tenure" objects="4" bytes="144" bytesdiscarded="0" />
  <references type="phantom" candidates="1" cleared="0" enqueued="0" />
</gc-op>
<gc-end id="1660" type="scavenge" contextid="1656" durationms="0.941" usertimems="0.000" systemtimems="4.000" timestamp="2019-06-17T03:33:18.867" activeThreads="4">
  <mem-info id="1661" free="7544192" total="14155776" percent="53">
    <mem type="nursery" free="6132816" total="8519680" percent="71">
      <mem type="allocate" free="6132816" total="7143424" percent="85" />
      <mem type="survivor" free="0" total="1376256" percent="0" />
    </mem>
    <mem type="tenure" free="1411376" total="5636096" percent="25">
      <mem type="soa" free="1162544" total="5354496" percent="21" />
      <mem type="loa" free="248832" total="281600" percent="88" />
    </mem>
    <remembered-set count="104" />
  </mem-info>
</gc-end>
<cycle-end id="1662" type="scavenge" contextid="1656" timestamp="2019-06-17T03:33:18.867" />
  <attribute name="elasticGC enabled" value="1" />
  <attribute name= "numThreadsSpecified" value="4" />
  <attribute name="heapSize specified" value="12058624" />
  <attribute name="Current GC Util" value="2" />
  <attribute name= "Current Time Running" value="5447" />
  <attribute name ="GC Interval" value="200" />
  <attribute name="ProportionalT" value="-27.000000" />
  <attribute name="ProportionalI" value="-27.000000" />
  <attribute name="ProportionalH" value="-27.000000" />
  <attribute name="Current Error" value="-18.000000" />
  <attribute name="IntegralT" value="-810.000000" />
  <attribute name="IntegralI" value="-810.000000" />
  <attribute name="IntegralH" value="-810.000000" />
  <attribute name="DerivativeT" value="-0.600000" />
  <attribute name="DerivativeI" value="-0.600000" />
  <attribute name="DerivativeH" value="-0.600000" />
  <attribute name="Loop Time for DT" value="45.000000" />
  <attribute name="Output H" value="2092630016"/>
  <attribute name="Output I" value="200"/>
  <attribute name="Output T" value="4"/>
  <attribute name="Target GC Util Change" value ="20.000000" />
  <attribute name="Current GC Util Change" value="2.000000"/>
  <attribute name="GC Util currently" value="2" />
  <attribute name="CPU Util currently" value="103836848428" />
<allocation-satisfied id="1663" threadId="0000000000D30500" bytesRequested="48" />
<af-end id="1664" timestamp="2019-06-17T03:33:18.867" threadId="0000000000D30E88" success="true" from="nursery"/>
<exclusive-end id="1665" timestamp="2019-06-17T03:33:18.867" durationms="1.686" />

<exclusive-start id="1666" timestamp="2019-06-17T03:33:18.914" intervalms="49.083">
  <response-info timems="0.043" idlems="0.043" threads="0" lastid="0000000000D34100" lastname="Thread-5" />
</exclusive-start>
<af-start id="1667" threadId="0000000000D34A88" totalBytesRequested="8200" timestamp="2019-06-17T03:33:18.914" intervalms="49.062" type="nursery" />
<cycle-start id="1668" type="scavenge" contextid="0" timestamp="2019-06-17T03:33:18.915" intervalms="49.058" />
<gc-start id="1669" type="scavenge" contextid="1668" timestamp="2019-06-17T03:33:18.915">
  <mem-info id="1670" free="1411376" total="14155776" percent="9">
    <mem type="nursery" free="0" total="8519680" percent="0">
      <mem type="allocate" free="0" total="7143424" percent="0" />
      <mem type="survivor" free="0" total="1376256" percent="0" />
    </mem>
    <mem type="tenure" free="1411376" total="5636096" percent="25">
      <mem type="soa" free="1162544" total="5354496" percent="21" />
      <mem type="loa" free="248832" total="281600" percent="88" />
    </mem>
    <remembered-set count="322" />
  </mem-info>
</gc-start>
<allocation-stats totalBytes="6078464" >
  <allocated-bytes non-tlh="48" tlh="6078416" />
  <largest-consumer threadName="Thread-6" threadId="0000000000D37D00" bytes="2651400" />
</allocation-stats>
<gc-op id="1671" type="scavenge" timems="0.331" contextid="1668" timestamp="2019-06-17T03:33:18.915">
  <scavenger-info tenureage="4" tenuremask="7ff0" tiltratio="83" />
  <memory-copied type="nursery" objects="1930" bytes="736376" bytesdiscarded="261072" />
  <references type="weak" candidates="1" cleared="0" enqueued="0" />
  <references type="phantom" candidates="1" cleared="0" enqueued="0" />
</gc-op>
<gc-end id="1672" type="scavenge" contextid="1668" durationms="0.480" usertimems="4.000" systemtimems="0.000" timestamp="2019-06-17T03:33:18.915" activeThreads="4">
  <mem-info id="1673" free="7622832" total="14155776" percent="53">
    <mem type="nursery" free="6211456" total="8519680" percent="72">
      <mem type="allocate" free="6211456" total="7208960" percent="86" />
      <mem type="survivor" free="0" total="1310720" percent="0" />
    </mem>
    <mem type="tenure" free="1411376" total="5636096" percent="25">
      <mem type="soa" free="1162544" total="5354496" percent="21" />
      <mem type="loa" free="248832" total="281600" percent="88" />
    </mem>
    <remembered-set count="110" />
  </mem-info>
</gc-end>
<cycle-end id="1674" type="scavenge" contextid="1668" timestamp="2019-06-17T03:33:18.915" />
  <attribute name="elasticGC enabled" value="1" />
  <attribute name= "numThreadsSpecified" value="4" />
  <attribute name="heapSize specified" value="12058624" />
  <attribute name="Current GC Util" value="3" />
  <attribute name= "Current Time Running" value="5496" />
  <attribute name ="GC Interval" value="200" />
  <attribute name="ProportionalT" value="-25.500000" />
  <attribute name="ProportionalI" value="-25.500000" />
  <attribute name="ProportionalH" value="-25.500000" />
  <attribute name="Current Error" value="-17.000000" />
  <attribute name="IntegralT" value="-833.000000" />
  <attribute name="IntegralI" value="-833.000000" />
  <attribute name="IntegralH" value="-833.000000" />
  <attribute name="DerivativeT" value="-0.520408" />
  <attribute name="DerivativeI" value="-0.520408" />
  <attribute name="DerivativeH" value="-0.520408" />
  <attribute name="Loop Time for DT" value="49.000000" />
  <attribute name="Output H" value="2092630016"/>
  <attribute name="Output I" value="200"/>
  <attribute name="Output T" value="4"/>
  <attribute name="Target GC Util Change" value ="20.000000" />
  <attribute name="Current GC Util Change" value="3.000000"/>
  <attribute name="GC Util currently" value="3" />
  <attribute name="CPU Util currently" value="94400954707" />
<allocation-satisfied id="1675" threadId="0000000000D34100" bytesRequested="8200" />
<af-end id="1676" timestamp="2019-06-17T03:33:18.915" threadId="0000000000D34A88" success="true" from="nursery"/>
<exclusive-end id="1677" timestamp="2019-06-17T03:33:18.915" durationms="0.845" />

<exclusive-start id="1678" timestamp="2019-06-17T03:33:18.965" intervalms="51.081">
  <response-info timems="0.035" idlems="0.035" threads="0" lastid="0000000000D2C900" lastname="Thread-3" />
</exclusive-start>
<af-start id="1679" threadId="0000000000D2D288" totalBytesRequested="48" timestamp="2019-06-17T03:33:18.966" intervalms="51.099" type="nursery" />
<cycle-start id="1680" type="scavenge" contextid="0" timestamp="2019-06-17T03:33:18.966" intervalms="51.114" />
<gc-start id="1681" type="scavenge" contextid="1680" timestamp="2019-06-17T03:33:18.966">
  <mem-info id="1682" free="1411376" total="14155776" percent="9">
    <mem type="nursery" free="0" total="8519680" percent="0">
      <mem type="allocate" free="0" total="7208960" percent="0" />
      <mem type="survivor" free="0" total="1310720" percent="0" />
    </mem>
    <mem type="tenure" free="1411376" total="5636096" percent="25">
      <mem type="soa" free="1162544" total="5354496" percent="21" />
      <mem type="loa" free="248832" total="281600" percent="88" />
    </mem>
    <remembered-set count="326" />
  </mem-info>
</gc-start>
<allocation-stats totalBytes="6190616" >
  <allocated-bytes non-tlh="8200" tlh="6182416" />
  <largest-consumer threadName="Thread-3" threadId="0000000000D2C900" bytes="1846360" />
</allocation-stats>
<gc-op id="1683" type="scavenge" timems="0.400" contextid="1680" timestamp="2019-06-17T03:33:18.966">
  <scavenger-info tenureage="4" tenuremask="7ff0" tiltratio="84" />
  <memory-copied type="nursery" objects="2558" bytes="966592" bytesdiscarded="225736" />
  <memory-copied type="tenure" objects="4" bytes="144" bytesdiscarded="0" />
</gc-op>
<gc-end id="1684" type="scavenge" contextid="1680" durationms="0.592" usertimems="0.000" systemtimems="4.000" timestamp="2019-06-17T03:33:18.966" activeThreads="4">
  <mem-info id="1685" free="7427944" total="14155776" percent="52">
    <mem type="nursery" free="6016568" total="8519680" percent="70">
      <mem type="allocate" free="6016568" total="7208960" percent="83" />
      <mem type="survivor" free="0" total="1310720" percent="0" />
    </mem>
    <mem type="tenure" free="1411376" total="5636096" percent="25">
      <mem type="soa" free="1162544" total="5354496" percent="21" />
      <mem type="loa" free="248832" total="281600" percent="88" />
    </mem>
    <remembered-set count="102" />
  </mem-info>
</gc-end>
<cycle-end id="1686" type="scavenge" contextid="1680" timestamp="2019-06-17T03:33:18.966" />
  <attribute name="elasticGC enabled" value="1" />
  <attribute name= "numThreadsSpecified" value="4" />
  <attribute name="heapSize specified" value="12058624" />
  <attribute name="Current GC Util" value="1" />
  <attribute name= "Current Time Running" value="5547" />
  <attribute name ="GC Interval" value="200" />
  <attribute name="ProportionalT" value="-28.500000" />
  <attribute name="ProportionalI" value="-28.500000" />
  <attribute name="ProportionalH" value="-28.500000" />
  <attribute name="Current Error" value="-19.000000" />
  <attribute name="IntegralT" value="-969.000000" />
  <attribute name="IntegralI" value="-969.000000" />
  <attribute name="IntegralH" value="-969.000000" />
  <attribute name="DerivativeT" value="-0.558824" />
  <attribute name="DerivativeI" value="-0.558824" />
  <attribute name="DerivativeH" value="-0.558824" />
  <attribute name="Loop Time for DT" value="51.000000" />
  <attribute name="Output H" value="2092630016"/>
  <attribute name="Output I" value="200"/>
  <attribute name="Output T" value="4"/>
  <attribute name="Target GC Util Change" value ="20.000000" />
  <attribute name="Current GC Util Change" value="1.000000"/>
  <attribute name="GC Util currently" value="1" />
  <attribute name="CPU Util currently" value="90147908586" />
<allocation-satisfied id="1687" threadId="0000000000D2C900" bytesRequested="48" />
<af-end id="1688" timestamp="2019-06-17T03:33:18.967" threadId="0000000000D2D288" success="true" from="nursery"/>
<exclusive-end id="1689" timestamp="2019-06-17T03:33:18.967" durationms="1.101" />

<exclusive-start id="1690" timestamp="2019-06-17T03:33:19.007" intervalms="41.364">
  <response-info timems="0.032" idlems="0.032" threads="0" lastid="0000000000D30500" lastname="Thread-4" />
</exclusive-start>
<af-start id="1691" threadId="0000000000D30E88" totalBytesRequested="32776" timestamp="2019-06-17T03:33:19.007" intervalms="41.358" type="nursery" />
<cycle-start id="1692" type="scavenge" contextid="0" timestamp="2019-06-17T03:33:19.007" intervalms="41.353" />
<gc-start id="1693" type="scavenge" contextid="1692" timestamp="2019-06-17T03:33:19.007">
  <mem-info id="1694" free="1411376" total="14155776" percent="9">
    <mem type="nursery" free="0" total="8519680" percent="0">
      <mem type="allocate" free="0" total="7208960" percent="0" />
      <mem type="survivor" free="0" total="1310720" percent="0" />
    </mem>
    <mem type="tenure" free="1411376" total="5636096" percent="25">
      <mem type="soa" free="1162544" total="5354496" percent="21" />
      <mem type="loa" free="248832" total="281600" percent="88" />
    </mem>
    <remembered-set count="315" />
  </mem-info>
</gc-start>
<allocation-stats totalBytes="5967352" >
  <allocated-bytes non-tlh="48" tlh="5967304" />
  <largest-consumer threadName="Thread-4" threadId="0000000000D30500" bytes="2098344" />
</allocation-stats>
<gc-op id="1695" type="scavenge" timems="0.573" contextid="1692" timestamp="2019-06-17T03:33:19.008">
  <scavenger-info tenureage="4" tenuremask="7ff0" tiltratio="84" />
  <memory-copied type="nursery" objects="2448" bytes="959296" bytesdiscarded="169240" />
</gc-op>
<gc-end id="1696" type="scavenge" contextid="1692" durationms="0.771" usertimems="0.000" systemtimems="0.000" timestamp="2019-06-17T03:33:19.008" activeThreads="4">
  <mem-info id="1697" free="7557264" total="14155776" percent="53">
    <mem type="nursery" free="6145888" total="8519680" percent="72">
      <mem type="allocate" free="6145888" total="7274496" percent="84" />
      <mem type="survivor" free="0" total="1245184" percent="0" />
    </mem>
    <mem type="tenure" free="1411376" total="5636096" percent="25">
      <mem type="soa" free="1162544" total="5354496" percent="21" />
      <mem type="loa" free="248832" total="281600" percent="88" />
    </mem>
    <remembered-set count="104" />
  </mem-info>
</gc-end>
<cycle-end id="1698" type="scavenge" contextid="1692" timestamp="2019-06-17T03:33:19.008" />
  <attribute name="elasticGC enabled" value="1" />
  <attribute name= "numThreadsSpecified" value="4" />
  <attribute name="heapSize specified" value="12058624" />
  <attribute name="Current GC Util" value="2" />
  <attribute name= "Current Time Running" value="5588" />
  <attribute name ="GC Interval" value="200" />
  <attribute name="ProportionalT" value="-27.000000" />
  <attribute name="ProportionalI" value="-27.000000" />
  <attribute name="ProportionalH" value="-27.000000" />
  <attribute name="Current Error" value="-18.000000" />
  <attribute name="IntegralT" value="-738.000000" />
  <attribute name="IntegralI" value="-738.000000" />
  <attribute name="IntegralH" value="-738.000000" />
  <attribute name="DerivativeT" value="-0.658537" />
  <attribute name="DerivativeI" value="-0.658537" />
  <attribute name="DerivativeH" value="-0.658537" />
  <attribute name="Loop Time for DT" value="41.000000" />
  <attribute name="Output H" value="2092630016"/>
  <attribute name="Output I" value="200"/>
  <attribute name="Output T" value="4"/>
  <attribute name="Target GC Util Change" value ="20.000000" />
  <attribute name="Current GC Util Change" value="2.000000"/>
  <attribute name="GC Util currently" value="2" />
  <attribute name="CPU Util currently" value="111521480778" />
<allocation-satisfied id="1699" threadId="0000000000D30500" bytesRequested="32776" />
<af-end id="1700" timestamp="2019-06-17T03:33:19.008" threadId="0000000000D30E88" success="true" from="nursery"/>
<exclusive-end id="1701" timestamp="2019-06-17T03:33:19.008" durationms="1.297" />

<exclusive-start id="1702" timestamp="2019-06-17T03:33:19.049" intervalms="42.011">
  <response-info timems="0.041" idlems="0.041" threads="0" lastid="0000000000D2C900" lastname="Thread-3" />
</exclusive-start>
<af-start id="1703" threadId="0000000000D2D288" totalBytesRequested="32776" timestamp="2019-06-17T03:33:19.049" intervalms="42.009" type="nursery" />
<cycle-start id="1704" type="scavenge" contextid="0" timestamp="2019-06-17T03:33:19.049" intervalms="42.007" />
<gc-start id="1705" type="scavenge" contextid="1704" timestamp="2019-06-17T03:33:19.049">
  <mem-info id="1706" free="1411376" total="14155776" percent="9">
    <mem type="nursery" free="0" total="8519680" percent="0">
      <mem type="allocate" free="0" total="7274496" percent="0" />
      <mem type="survivor" free="0" total="1245184" percent="0" />
    </mem>
    <mem type="tenure" free="1411376" total="5636096" percent="25">
      <mem type="soa" free="1162544" total="5354496" percent="21" />
      <mem type="loa" free="248832" total="281600" percent="88" />
    </mem>
    <remembered-set count="307" />
  </mem-info>
</gc-start>
<allocation-stats totalBytes="6028384" >
  <allocated-bytes non-tlh="32776" tlh="5995608" />
  <largest-consumer threadName="Thread-3" threadId="0000000000D2C900" bytes="2242424" />
</allocation-stats>
<gc-op id="1707" type="scavenge" timems="0.344" contextid="1704" timestamp="2019-06-17T03:33:19.050">
  <scavenger-info tenureage="4" tenuremask="7ff0" tiltratio="85" />
  <memory-copied type="nursery" objects="2145" bytes="923816" bytesdiscarded="288032" />
</gc-op>
<gc-end id="1708" type="scavenge" contextid="1704" durationms="0.532" usertimems="0.000" systemtimems="0.000" timestamp="2019-06-17T03:33:19.050" activeThreads="4">
  <mem-info id="1709" free="7473960" total="14155776" percent="52">
    <mem type="nursery" free="6062584" total="8519680" percent="71">
      <mem type="allocate" free="6062584" total="7274496" percent="83" />
      <mem type="survivor" free="0" total="1245184" percent="0" />
    </mem>
    <mem type="tenure" free="1411376" total="5636096" percent="25">
      <mem type="soa" free="1162544" total="5354496" percent="21" />
      <mem type="loa" free="248832" total="281600" percent="88" />
    </mem>
    <remembered-set count="104" />
  </mem-info>
</gc-end>
<cycle-end id="1710" type="scavenge" contextid="1704" timestamp="2019-06-17T03:33:19.050" />
  <attribute name="elasticGC enabled" value="1" />
  <attribute name= "numThreadsSpecified" value="4" />
  <attribute name="heapSize specified" value="12058624" />
  <attribute name="Current GC Util" value="2" />
  <attribute name= "Current Time Running" value="5630" />
  <attribute name ="GC Interval" value="200" />
  <attribute name="ProportionalT" value="-27.000000" />
  <attribute name="ProportionalI" value="-27.000000" />
  <attribute name="ProportionalH" value="-27.000000" />
  <attribute name="Current Error" value="-18.000000" />
  <attribute name="IntegralT" value="-756.000000" />
  <attribute name="IntegralI" value="-756.000000" />
  <attribute name="IntegralH" value="-756.000000" />
  <attribute name="DerivativeT" value="-0.642857" />
  <attribute name="DerivativeI" value="-0.642857" />
  <attribute name="DerivativeH" value="-0.642857" />
  <attribute name="Loop Time for DT" value="42.000000" />
  <attribute name="Output H" value="2092630016"/>
  <attribute name="Output I" value="200"/>
  <attribute name="Output T" value="4"/>
  <attribute name="Target GC Util Change" value ="20.000000" />
  <attribute name="Current GC Util Change" value="2.000000"/>
  <attribute name="GC Util currently" value="2" />
  <attribute name="CPU Util currently" value="109774533689" />
<allocation-satisfied id="1711" threadId="0000000000D2C900" bytesRequested="32776" />
<af-end id="1712" timestamp="2019-06-17T03:33:19.050" threadId="0000000000D2D288" success="true" from="nursery"/>
<exclusive-end id="1713" timestamp="2019-06-17T03:33:19.050" durationms="0.978" />

<exclusive-start id="1714" timestamp="2019-06-17T03:33:19.102" intervalms="52.944">
  <response-info timems="0.033" idlems="0.033" threads="0" lastid="0000000000D30500" lastname="Thread-4" />
</exclusive-start>
<af-start id="1715" threadId="0000000000D30E88" totalBytesRequested="2056" timestamp="2019-06-17T03:33:19.102" intervalms="52.986" type="nursery" />
<cycle-start id="1716" type="scavenge" contextid="0" timestamp="2019-06-17T03:33:19.102" intervalms="52.994" />
<gc-start id="1717" type="scavenge" contextid="1716" timestamp="2019-06-17T03:33:19.102">
  <mem-info id="1718" free="1411376" total="14155776" percent="9">
    <mem type="nursery" free="0" total="8519680" percent="0">
      <mem type="allocate" free="0" total="7274496" percent="0" />
      <mem type="survivor" free="0" total="1245184" percent="0" />
    </mem>
    <mem type="tenure" free="1411376" total="5636096" percent="25">
      <mem type="soa" free="1162544" total="5354496" percent="21" />
      <mem type="loa" free="248832" total="281600" percent="88" />
    </mem>
    <remembered-set count="298" />
  </mem-info>
</gc-start>
<allocation-stats totalBytes="6017864" >
  <allocated-bytes non-tlh="32776" tlh="5985088" />
  <largest-consumer threadName="Thread-4" threadId="0000000000D30500" bytes="2259272" />
</allocation-stats>
<gc-op id="1719" type="scavenge" timems="0.739" contextid="1716" timestamp="2019-06-17T03:33:19.103">
  <scavenger-info tenureage="4" tenuremask="7ff0" tiltratio="85" />
  <memory-copied type="nursery" objects="2515" bytes="998376" bytesdiscarded="73448" />
  <references type="phantom" candidates="1" cleared="0" enqueued="0" />
</gc-op>
<gc-end id="1720" type="scavenge" contextid="1716" durationms="0.933" usertimems="4.000" systemtimems="0.000" timestamp="2019-06-17T03:33:19.103" activeThreads="4">
  <mem-info id="1721" free="7679512" total="14155776" percent="54">
    <mem type="nursery" free="6268136" total="8519680" percent="73">
      <mem type="allocate" free="6268136" total="7340032" percent="85" />
      <mem type="survivor" free="0" total="1179648" percent="0" />
    </mem>
    <mem type="tenure" free="1411376" total="5636096" percent="25">
      <mem type="soa" free="1162544" total="5354496" percent="21" />
      <mem type="loa" free="248832" total="281600" percent="88" />
    </mem>
    <remembered-set count="105" />
  </mem-info>
</gc-end>
<cycle-end id="1722" type="scavenge" contextid="1716" timestamp="2019-06-17T03:33:19.103" />
  <attribute name="elasticGC enabled" value="1" />
  <attribute name= "numThreadsSpecified" value="4" />
  <attribute name="heapSize specified" value="12058624" />
  <attribute name="Current GC Util" value="1" />
  <attribute name= "Current Time Running" value="5683" />
  <attribute name ="GC Interval" value="200" />
  <attribute name="ProportionalT" value="-28.500000" />
  <attribute name="ProportionalI" value="-28.500000" />
  <attribute name="ProportionalH" value="-28.500000" />
  <attribute name="Current Error" value="-19.000000" />
  <attribute name="IntegralT" value="-1007.000000" />
  <attribute name="IntegralI" value="-1007.000000" />
  <attribute name="IntegralH" value="-1007.000000" />
  <attribute name="DerivativeT" value="-0.537736" />
  <attribute name="DerivativeI" value="-0.537736" />
  <attribute name="DerivativeH" value="-0.537736" />
  <attribute name="Loop Time for DT" value="53.000000" />
  <attribute name="Output H" value="2092630016"/>
  <attribute name="Output I" value="200"/>
  <attribute name="Output T" value="4"/>
  <attribute name="Target GC Util Change" value ="20.000000" />
  <attribute name="Current GC Util Change" value="1.000000"/>
  <attribute name="GC Util currently" value="1" />
  <attribute name="CPU Util currently" value="87041432470" />
<allocation-satisfied id="1723" threadId="0000000000D30500" bytesRequested="2056" />
<af-end id="1724" timestamp="2019-06-17T03:33:19.103" threadId="0000000000D30E88" success="true" from="nursery"/>
<exclusive-end id="1725" timestamp="2019-06-17T03:33:19.103" durationms="1.418" />

<exclusive-start id="1726" timestamp="2019-06-17T03:33:19.159" intervalms="57.081">
  <response-info timems="0.092" idlems="0.092" threads="0" lastid="0000000000D37D00" lastname="Thread-6" />
</exclusive-start>
<af-start id="1727" threadId="0000000000D38688" totalBytesRequested="16392" timestamp="2019-06-17T03:33:19.159" intervalms="57.037" type="nursery" />
<cycle-start id="1728" type="scavenge" contextid="0" timestamp="2019-06-17T03:33:19.159" intervalms="57.034" />
<gc-start id="1729" type="scavenge" contextid="1728" timestamp="2019-06-17T03:33:19.159">
  <mem-info id="1730" free="1411376" total="14155776" percent="9">
    <mem type="nursery" free="0" total="8519680" percent="0">
      <mem type="allocate" free="0" total="7340032" percent="0" />
      <mem type="survivor" free="0" total="1179648" percent="0" />
    </mem>
    <mem type="tenure" free="1411376" total="5636096" percent="25">
      <mem type="soa" free="1162544" total="5354496" percent="21" />
      <mem type="loa" free="248832" total="281600" percent="88" />
    </mem>
    <remembered-set count="318" />
  </mem-info>
</gc-start>
<allocation-stats totalBytes="6247288" >
  <allocated-bytes non-tlh="67608" tlh="6179680" />
  <largest-consumer threadName="Thread-5" threadId="0000000000D34100" bytes="1965448" />
</allocation-stats>
<gc-op id="1731" type="scavenge" timems="0.786" contextid="1728" timestamp="2019-06-17T03:33:19.160">
  <scavenger-info tenureage="4" tenuremask="7ff0" tiltratio="86" />
  <memory-copied type="nursery" objects="2487" bytes="1026352" bytesdiscarded="52976" />
  <memory-copied type="tenure" objects="4" bytes="144" bytesdiscarded="0" />
  <references type="weak" candidates="1" cleared="0" enqueued="0" />
  <references type="phantom" candidates="1" cleared="0" enqueued="0" />
</gc-op>
<gc-end id="1732" type="scavenge" contextid="1728" durationms="0.980" usertimems="0.000" systemtimems="4.000" timestamp="2019-06-17T03:33:19.160" activeThreads="4">
  <mem-info id="1733" free="7672008" total="14155776" percent="54">
    <mem type="nursery" free="6260632" total="8519680" percent="73">
      <mem type="allocate" free="6260632" total="7340032" percent="85" />
      <mem type="survivor" free="0" total="1179648" percent="0" />
    </mem>
    <mem type="tenure" free="1411376" total="5636096" percent="25">
      <mem type="soa" free="1162544" total="5354496" percent="21" />
      <mem type="loa" free="248832" total="281600" percent="88" />
    </mem>
    <remembered-set count="97" />
  </mem-info>
</gc-end>
<cycle-end id="1734" type="scavenge" contextid="1728" timestamp="2019-06-17T03:33:19.160" />
  <attribute name="elasticGC enabled" value="1" />
  <attribute name= "numThreadsSpecified" value="4" />
  <attribute name="heapSize specified" value="12058624" />
  <attribute name="Current GC Util" value="2" />
  <attribute name= "Current Time Running" value="5740" />
  <attribute name ="GC Interval" value="200" />
  <attribute name="ProportionalT" value="-27.000000" />
  <attribute name="ProportionalI" value="-27.000000" />
  <attribute name="ProportionalH" value="-27.000000" />
  <attribute name="Current Error" value="-18.000000" />
  <attribute name="IntegralT" value="-1026.000000" />
  <attribute name="IntegralI" value="-1026.000000" />
  <attribute name="IntegralH" value="-1026.000000" />
  <attribute name="DerivativeT" value="-0.473684" />
  <attribute name="DerivativeI" value="-0.473684" />
  <attribute name="DerivativeH" value="-0.473684" />
  <attribute name="Loop Time for DT" value="57.000000" />
  <attribute name="Output H" value="2092630016"/>
  <attribute name="Output I" value="200"/>
  <attribute name="Output T" value="4"/>
  <attribute name="Target GC Util Change" value ="20.000000" />
  <attribute name="Current GC Util Change" value="2.000000"/>
  <attribute name="GC Util currently" value="2" />
  <attribute name="CPU Util currently" value="80851248629" />
<allocation-satisfied id="1735" threadId="0000000000D37D00" bytesRequested="16392" />
<af-end id="1736" timestamp="2019-06-17T03:33:19.160" threadId="0000000000D38688" success="true" from="nursery"/>
<exclusive-end id="1737" timestamp="2019-06-17T03:33:19.161" durationms="1.671" />

<exclusive-start id="1738" timestamp="2019-06-17T03:33:19.205" intervalms="45.769">
  <response-info timems="0.041" idlems="0.041" threads="0" lastid="0000000000D37D00" lastname="Thread-6" />
</exclusive-start>
<af-start id="1739" threadId="0000000000D38688" totalBytesRequested="40" timestamp="2019-06-17T03:33:19.205" intervalms="45.804" type="nursery" />
<cycle-start id="1740" type="scavenge" contextid="0" timestamp="2019-06-17T03:33:19.205" intervalms="45.802" />
<gc-start id="1741" type="scavenge" contextid="1740" timestamp="2019-06-17T03:33:19.205">
  <mem-info id="1742" free="1411376" total="14155776" percent="9">
    <mem type="nursery" free="0" total="8519680" percent="0">
      <mem type="allocate" free="0" total="7340032" percent="0" />
      <mem type="survivor" free="0" total="1179648" percent="0" />
    </mem>
    <mem type="tenure" free="1411376" total="5636096" percent="25">
      <mem type="soa" free="1162544" total="5354496" percent="21" />
      <mem type="loa" free="248832" total="281600" percent="88" />
    </mem>
    <remembered-set count="316" />
  </mem-info>
</gc-start>
<allocation-stats totalBytes="6193296" >
  <allocated-bytes non-tlh="49168" tlh="6144128" />
  <largest-consumer threadName="Thread-3" threadId="0000000000D2C900" bytes="2101584" />
</allocation-stats>
<gc-op id="1743" type="scavenge" timems="1.135" contextid="1740" timestamp="2019-06-17T03:33:19.206">
  <scavenger-info tenureage="4" tenuremask="7ff0" tiltratio="86" />
  <memory-copied type="nursery" objects="2540" bytes="1011664" bytesdiscarded="78472" />
</gc-op>
<gc-end id="1744" type="scavenge" contextid="1740" durationms="1.336" usertimems="4.000" systemtimems="0.000" timestamp="2019-06-17T03:33:19.206" activeThreads="4">
  <mem-info id="1745" free="7661208" total="14155776" percent="54">
    <mem type="nursery" free="6249832" total="8519680" percent="73">
      <mem type="allocate" free="6249832" total="7340032" percent="85" />
      <mem type="survivor" free="0" total="1179648" percent="0" />
    </mem>
    <mem type="tenure" free="1411376" total="5636096" percent="25">
      <mem type="soa" free="1162544" total="5354496" percent="21" />
      <mem type="loa" free="248832" total="281600" percent="88" />
    </mem>
    <remembered-set count="105" />
  </mem-info>
</gc-end>
<cycle-end id="1746" type="scavenge" contextid="1740" timestamp="2019-06-17T03:33:19.206" />
  <attribute name="elasticGC enabled" value="1" />
  <attribute name= "numThreadsSpecified" value="4" />
  <attribute name="heapSize specified" value="12058624" />
  <attribute name="Current GC Util" value="3" />
  <attribute name= "Current Time Running" value="5786" />
  <attribute name ="GC Interval" value="200" />
  <attribute name="ProportionalT" value="-25.500000" />
  <attribute name="ProportionalI" value="-25.500000" />
  <attribute name="ProportionalH" value="-25.500000" />
  <attribute name="Current Error" value="-17.000000" />
  <attribute name="IntegralT" value="-782.000000" />
  <attribute name="IntegralI" value="-782.000000" />
  <attribute name="IntegralH" value="-782.000000" />
  <attribute name="DerivativeT" value="-0.554348" />
  <attribute name="DerivativeI" value="-0.554348" />
  <attribute name="DerivativeH" value="-0.554348" />
  <attribute name="Loop Time for DT" value="46.000000" />
  <attribute name="Output H" value="2092630016"/>
  <attribute name="Output I" value="200"/>
  <attribute name="Output T" value="4"/>
  <attribute name="Target GC Util Change" value ="20.000000" />
  <attribute name="Current GC Util Change" value="3.000000"/>
  <attribute name="GC Util currently" value="3" />
  <attribute name="CPU Util currently" value="100697821228" />
<allocation-satisfied id="1747" threadId="0000000000D37D00" bytesRequested="40" />
<af-end id="1748" timestamp="2019-06-17T03:33:19.207" threadId="0000000000D38688" success="true" from="nursery"/>
<exclusive-end id="1749" timestamp="2019-06-17T03:33:19.207" durationms="1.917" />

<exclusive-start id="1750" timestamp="2019-06-17T03:33:19.265" intervalms="59.925">
  <response-info timems="0.072" idlems="0.072" threads="0" lastid="0000000000D2C900" lastname="Thread-3" />
</exclusive-start>
<af-start id="1751" threadId="0000000000D2D288" totalBytesRequested="16392" timestamp="2019-06-17T03:33:19.265" intervalms="59.906" type="nursery" />
<cycle-start id="1752" type="scavenge" contextid="0" timestamp="2019-06-17T03:33:19.265" intervalms="59.914" />
<gc-start id="1753" type="scavenge" contextid="1752" timestamp="2019-06-17T03:33:19.265">
  <mem-info id="1754" free="1411376" total="14155776" percent="9">
    <mem type="nursery" free="0" total="8519680" percent="0">
      <mem type="allocate" free="0" total="7340032" percent="0" />
      <mem type="survivor" free="0" total="1179648" percent="0" />
    </mem>
    <mem type="tenure" free="1411376" total="5636096" percent="25">
      <mem type="soa" free="1162544" total="5354496" percent="21" />
      <mem type="loa" free="248832" total="281600" percent="88" />
    </mem>
    <remembered-set count="308" />
  </mem-info>
</gc-start>
<allocation-stats totalBytes="6230232" >
  <allocated-bytes non-tlh="40" tlh="6230192" />
  <largest-consumer threadName="Thread-3" threadId="0000000000D2C900" bytes="1996080" />
</allocation-stats>
<gc-op id="1755" type="scavenge" timems="0.339" contextid="1752" timestamp="2019-06-17T03:33:19.265">
  <scavenger-info tenureage="4" tenuremask="7ff0" tiltratio="86" />
  <memory-copied type="nursery" objects="2116" bytes="816696" bytesdiscarded="281400" />
  <memory-copied type="tenure" objects="4" bytes="144" bytesdiscarded="0" />
</gc-op>
<gc-end id="1756" type="scavenge" contextid="1752" durationms="0.539" usertimems="4.000" systemtimems="0.000" timestamp="2019-06-17T03:33:19.265" activeThreads="4">
  <mem-info id="1757" free="7653248" total="14155776" percent="54">
    <mem type="nursery" free="6241872" total="8519680" percent="73">
      <mem type="allocate" free="6241872" total="7340032" percent="85" />
      <mem type="survivor" free="0" total="1179648" percent="0" />
    </mem>
    <mem type="tenure" free="1411376" total="5636096" percent="25">
      <mem type="soa" free="1162544" total="5354496" percent="21" />
      <mem type="loa" free="248832" total="281600" percent="88" />
    </mem>
    <remembered-set count="102" />
  </mem-info>
</gc-end>
<cycle-end id="1758" type="scavenge" contextid="1752" timestamp="2019-06-17T03:33:19.265" />
  <attribute name="elasticGC enabled" value="1" />
  <attribute name= "numThreadsSpecified" value="4" />
  <attribute name="heapSize specified" value="12058624" />
  <attribute name="Current GC Util" value="3" />
  <attribute name= "Current Time Running" value="5846" />
  <attribute name ="GC Interval" value="200" />
  <attribute name="ProportionalT" value="-25.500000" />
  <attribute name="ProportionalI" value="-25.500000" />
  <attribute name="ProportionalH" value="-25.500000" />
  <attribute name="Current Error" value="-17.000000" />
  <attribute name="IntegralT" value="-1020.000000" />
  <attribute name="IntegralI" value="-1020.000000" />
  <attribute name="IntegralH" value="-1020.000000" />
  <attribute name="DerivativeT" value="-0.425000" />
  <attribute name="DerivativeI" value="-0.425000" />
  <attribute name="DerivativeH" value="-0.425000" />
  <attribute name="Loop Time for DT" value="60.000000" />
  <attribute name="Output H" value="2092630016"/>
  <attribute name="Output I" value="200"/>
  <attribute name="Output T" value="4"/>
  <attribute name="Target GC Util Change" value ="20.000000" />
  <attribute name="Current GC Util Change" value="3.000000"/>
  <attribute name="GC Util currently" value="3" />
  <attribute name="CPU Util currently" value="76951754385" />
<allocation-satisfied id="1759" threadId="0000000000D2C900" bytesRequested="16392" />
<af-end id="1760" timestamp="2019-06-17T03:33:19.266" threadId="0000000000D2D288" success="true" from="nursery"/>
<exclusive-end id="1761" timestamp="2019-06-17T03:33:19.266" durationms="1.009" />

<exclusive-start id="1762" timestamp="2019-06-17T03:33:19.313" intervalms="48.026">
  <response-info timems="0.041" idlems="0.041" threads="0" lastid="0000000000D37D00" lastname="Thread-6" />
</exclusive-start>
<af-start id="1763" threadId="0000000000D38688" totalBytesRequested="40" timestamp="2019-06-17T03:33:19.313" intervalms="48.016" type="nursery" />
<cycle-start id="1764" type="scavenge" contextid="0" timestamp="2019-06-17T03:33:19.313" intervalms="48.009" />
<gc-start id="1765" type="scavenge" contextid="1764" timestamp="2019-06-17T03:33:19.313">
  <mem-info id="1766" free="1411376" total="14155776" percent="9">
    <mem type="nursery" free="0" total="8519680" percent="0">
      <mem type="allocate" free="0" total="7340032" percent="0" />
      <mem type="survivor" free="0" total="1179648" percent="0" />
    </mem>
    <mem type="tenure" free="1411376" total="5636096" percent="25">
      <mem type="soa" free="1162544" total="5354496" percent="21" />
      <mem type="loa" free="248832" total="281600" percent="88" />
    </mem>
    <remembered-set count="320" />
  </mem-info>
</gc-start>
<allocation-stats totalBytes="6221688" >
  <allocated-bytes non-tlh="16392" tlh="6205296" />
  <largest-consumer threadName="Thread-6" threadId="0000000000D37D00" bytes="1961328" />
</allocation-stats>
<gc-op id="1767" type="scavenge" timems="1.250" contextid="1764" timestamp="2019-06-17T03:33:19.314">
  <scavenger-info tenureage="4" tenuremask="7ff0" tiltratio="86" />
  <memory-copied type="nursery" objects="2013" bytes="822064" bytesdiscarded="196560" />
</gc-op>
<gc-end id="1768" type="scavenge" contextid="1764" durationms="1.445" usertimems="0.000" systemtimems="0.000" timestamp="2019-06-17T03:33:19.314" activeThreads="4">
  <mem-info id="1769" free="7798264" total="14155776" percent="55">
    <mem type="nursery" free="6386888" total="8519680" percent="74">
      <mem type="allocate" free="6386888" total="7405568" percent="86" />
      <mem type="survivor" free="0" total="1114112" percent="0" />
    </mem>
    <mem type="tenure" free="1411376" total="5636096" percent="25">
      <mem type="soa" free="1162544" total="5354496" percent="21" />
      <mem type="loa" free="248832" total="281600" percent="88" />
    </mem>
    <remembered-set count="106" />
  </mem-info>
</gc-end>
<cycle-end id="1770" type="scavenge" contextid="1764" timestamp="2019-06-17T03:33:19.314" />
  <attribute name="elasticGC enabled" value="1" />
  <attribute name= "numThreadsSpecified" value="4" />
  <attribute name="heapSize specified" value="12058624" />
  <attribute name="Current GC Util" value="2" />
  <attribute name= "Current Time Running" value="5894" />
  <attribute name ="GC Interval" value="200" />
  <attribute name="ProportionalT" value="-27.000000" />
  <attribute name="ProportionalI" value="-27.000000" />
  <attribute name="ProportionalH" value="-27.000000" />
  <attribute name="Current Error" value="-18.000000" />
  <attribute name="IntegralT" value="-864.000000" />
  <attribute name="IntegralI" value="-864.000000" />
  <attribute name="IntegralH" value="-864.000000" />
  <attribute name="DerivativeT" value="-0.562500" />
  <attribute name="DerivativeI" value="-0.562500" />
  <attribute name="DerivativeH" value="-0.562500" />
  <attribute name="Loop Time for DT" value="48.000000" />
  <attribute name="Output H" value="2092630016"/>
  <attribute name="Output I" value="200"/>
  <attribute name="Output T" value="4"/>
  <attribute name="Target GC Util Change" value ="20.000000" />
  <attribute name="Current GC Util Change" value="2.000000"/>
  <attribute name="GC Util currently" value="2" />
  <attribute name="CPU Util currently" value="96094833722" />
<allocation-satisfied id="1771" threadId="0000000000D37D00" bytesRequested="40" />
<af-end id="1772" timestamp="2019-06-17T03:33:19.315" threadId="0000000000D38688" success="true" from="nursery"/>
<exclusive-end id="1773" timestamp="2019-06-17T03:33:19.315" durationms="1.956" />

<exclusive-start id="1774" timestamp="2019-06-17T03:33:19.363" intervalms="50.506">
  <response-info timems="0.032" idlems="0.032" threads="0" lastid="0000000000D30500" lastname="Thread-4" />
</exclusive-start>
<af-start id="1775" threadId="0000000000D30E88" totalBytesRequested="16392" timestamp="2019-06-17T03:33:19.363" intervalms="50.502" type="nursery" />
<cycle-start id="1776" type="scavenge" contextid="0" timestamp="2019-06-17T03:33:19.363" intervalms="50.503" />
<gc-start id="1777" type="scavenge" contextid="1776" timestamp="2019-06-17T03:33:19.363">
  <mem-info id="1778" free="1411376" total="14155776" percent="9">
    <mem type="nursery" free="0" total="8519680" percent="0">
      <mem type="allocate" free="0" total="7405568" percent="0" />
      <mem type="survivor" free="0" total="1114112" percent="0" />
    </mem>
    <mem type="tenure" free="1411376" total="5636096" percent="25">
      <mem type="soa" free="1162544" total="5354496" percent="21" />
      <mem type="loa" free="248832" total="281600" percent="88" />
    </mem>
    <remembered-set count="318" />
  </mem-info>
</gc-start>
<allocation-stats totalBytes="6316544" >
  <allocated-bytes non-tlh="40" tlh="6316504" />
  <largest-consumer threadName="Thread-4" threadId="0000000000D30500" bytes="2245952" />
</allocation-stats>
<gc-op id="1779" type="scavenge" timems="2.634" contextid="1776" timestamp="2019-06-17T03:33:19.366">
  <scavenger-info tenureage="4" tenuremask="7ff0" tiltratio="86" />
  <memory-copied type="nursery" objects="2567" bytes="1021672" bytesdiscarded="92376" />
  <memory-copied type="tenure" objects="4" bytes="144" bytesdiscarded="0" />
  <references type="weak" candidates="1" cleared="0" enqueued="0" />
  <references type="phantom" candidates="1" cleared="0" enqueued="0" />
</gc-op>
<gc-end id="1780" type="scavenge" contextid="1776" durationms="3.039" usertimems="4.000" systemtimems="0.000" timestamp="2019-06-17T03:33:19.366" activeThreads="4">
  <mem-info id="1781" free="7506224" total="14155776" percent="53">
    <mem type="nursery" free="6094848" total="8519680" percent="71">
      <mem type="allocate" free="6094848" total="7208960" percent="84" />
      <mem type="survivor" free="0" total="1310720" percent="0" />
    </mem>
    <mem type="tenure" free="1411376" total="5636096" percent="25">
      <mem type="soa" free="1162544" total="5354496" percent="21" />
      <mem type="loa" free="248832" total="281600" percent="88" />
    </mem>
    <remembered-set count="111" />
  </mem-info>
</gc-end>
<cycle-end id="1782" type="scavenge" contextid="1776" timestamp="2019-06-17T03:33:19.366" />
  <attribute name="elasticGC enabled" value="1" />
  <attribute name= "numThreadsSpecified" value="4" />
  <attribute name="heapSize specified" value="12058624" />
  <attribute name="Current GC Util" value="4" />
  <attribute name= "Current Time Running" value="5944" />
  <attribute name ="GC Interval" value="200" />
  <attribute name="ProportionalT" value="-24.000000" />
  <attribute name="ProportionalI" value="-24.000000" />
  <attribute name="ProportionalH" value="-24.000000" />
  <attribute name="Current Error" value="-16.000000" />
  <attribute name="IntegralT" value="-800.000000" />
  <attribute name="IntegralI" value="-800.000000" />
  <attribute name="IntegralH" value="-800.000000" />
  <attribute name="DerivativeT" value="-0.480000" />
  <attribute name="DerivativeI" value="-0.480000" />
  <attribute name="DerivativeH" value="-0.480000" />
  <attribute name="Loop Time for DT" value="50.000000" />
  <attribute name="Output H" value="2092630016"/>
  <attribute name="Output I" value="200"/>
  <attribute name="Output T" value="4"/>
  <attribute name="Target GC Util Change" value ="20.000000" />
  <attribute name="Current GC Util Change" value="4.000000"/>
  <attribute name="GC Util currently" value="4" />
  <attribute name="CPU Util currently" value="91324077631" />
<allocation-satisfied id="1783" threadId="0000000000D30500" bytesRequested="16392" />
<af-end id="1784" timestamp="2019-06-17T03:33:19.367" threadId="0000000000D30E88" success="true" from="nursery"/>
<exclusive-end id="1785" timestamp="2019-06-17T03:33:19.367" durationms="3.628" />

<exclusive-start id="1786" timestamp="2019-06-17T03:33:19.416" intervalms="52.908">
  <response-info timems="0.033" idlems="0.033" threads="0" lastid="0000000000D30500" lastname="Thread-4" />
</exclusive-start>
<af-start id="1787" threadId="0000000000D30E88" totalBytesRequested="16392" timestamp="2019-06-17T03:33:19.416" intervalms="52.907" type="nursery" />
<cycle-start id="1788" type="scavenge" contextid="0" timestamp="2019-06-17T03:33:19.416" intervalms="52.905" />
<gc-start id="1789" type="scavenge" contextid="1788" timestamp="2019-06-17T03:33:19.416">
  <mem-info id="1790" free="1411376" total="14155776" percent="9">
    <mem type="nursery" free="0" total="8519680" percent="0">
      <mem type="allocate" free="0" total="7208960" percent="0" />
      <mem type="survivor" free="0" total="1310720" percent="0" />
    </mem>
    <mem type="tenure" free="1411376" total="5636096" percent="25">
      <mem type="soa" free="1162544" total="5354496" percent="21" />
      <mem type="loa" free="248832" total="281600" percent="88" />
    </mem>
    <remembered-set count="324" />
  </mem-info>
</gc-start>
<allocation-stats totalBytes="6052760" >
  <allocated-bytes non-tlh="16392" tlh="6036368" />
  <largest-consumer threadName="Thread-4" threadId="0000000000D30500" bytes="2494304" />
</allocation-stats>
<gc-op id="1791" type="scavenge" timems="3.138" contextid="1788" timestamp="2019-06-17T03:33:19.419">
  <scavenger-info tenureage="4" tenuremask="7ff0" tiltratio="84" />
  <memory-copied type="nursery" objects="2098" bytes="813104" bytesdiscarded="190776" />
</gc-op>
<gc-end id="1792" type="scavenge" contextid="1788" durationms="3.561" usertimems="8.000" systemtimems="4.000" timestamp="2019-06-17T03:33:19.420" activeThreads="4">
  <mem-info id="1793" free="7681928" total="14155776" percent="54">
    <mem type="nursery" free="6270552" total="8519680" percent="73">
      <mem type="allocate" free="6270552" total="7274496" percent="86" />
      <mem type="survivor" free="0" total="1245184" percent="0" />
    </mem>
    <mem type="tenure" free="1411376" total="5636096" percent="25">
      <mem type="soa" free="1162544" total="5354496" percent="21" />
      <mem type="loa" free="248832" total="281600" percent="88" />
    </mem>
    <remembered-set count="106" />
  </mem-info>
</gc-end>
<cycle-end id="1794" type="scavenge" contextid="1788" timestamp="2019-06-17T03:33:19.420" />
  <attribute name="elasticGC enabled" value="1" />
  <attribute name= "numThreadsSpecified" value="4" />
  <attribute name="heapSize specified" value="12058624" />
  <attribute name="Current GC Util" value="7" />
  <attribute name= "Current Time Running" value="5997" />
  <attribute name ="GC Interval" value="200" />
  <attribute name="ProportionalT" value="-19.500000" />
  <attribute name="ProportionalI" value="-19.500000" />
  <attribute name="ProportionalH" value="-19.500000" />
  <attribute name="Current Error" value="-13.000000" />
  <attribute name="IntegralT" value="-689.000000" />
  <attribute name="IntegralI" value="-689.000000" />
  <attribute name="IntegralH" value="-689.000000" />
  <attribute name="DerivativeT" value="-0.367925" />
  <attribute name="DerivativeI" value="-0.367925" />
  <attribute name="DerivativeH" value="-0.367925" />
  <attribute name="Loop Time for DT" value="53.000000" />
  <attribute name="Output H" value="2092630016"/>
  <attribute name="Output I" value="200"/>
  <attribute name="Output T" value="4"/>
  <attribute name="Target GC Util Change" value ="20.000000" />
  <attribute name="Current GC Util Change" value="7.000000"/>
  <attribute name="GC Util currently" value="7" />
  <attribute name="CPU Util currently" value="87164245935" />
<allocation-satisfied id="1795" threadId="0000000000D30500" bytesRequested="16392" />
<af-end id="1796" timestamp="2019-06-17T03:33:19.420" threadId="0000000000D30E88" success="true" from="nursery"/>
<exclusive-end id="1797" timestamp="2019-06-17T03:33:19.420" durationms="4.214" />

<exclusive-start id="1798" timestamp="2019-06-17T03:33:19.467" intervalms="51.163">
  <response-info timems="0.053" idlems="0.053" threads="0" lastid="0000000000D37D00" lastname="Thread-6" />
</exclusive-start>
<af-start id="1799" threadId="0000000000D38688" totalBytesRequested="8200" timestamp="2019-06-17T03:33:19.467" intervalms="51.167" type="nursery" />
<cycle-start id="1800" type="scavenge" contextid="0" timestamp="2019-06-17T03:33:19.467" intervalms="51.171" />
<gc-start id="1801" type="scavenge" contextid="1800" timestamp="2019-06-17T03:33:19.467">
  <mem-info id="1802" free="1411376" total="14155776" percent="9">
    <mem type="nursery" free="0" total="8519680" percent="0">
      <mem type="allocate" free="0" total="7274496" percent="0" />
      <mem type="survivor" free="0" total="1245184" percent="0" />
    </mem>
    <mem type="tenure" free="1411376" total="5636096" percent="25">
      <mem type="soa" free="1162544" total="5354496" percent="21" />
      <mem type="loa" free="248832" total="281600" percent="88" />
    </mem>
    <remembered-set count="323" />
  </mem-info>
</gc-start>
<allocation-stats totalBytes="6222984" >
  <allocated-bytes non-tlh="49168" tlh="6173816" />
  <largest-consumer threadName="Thread-6" threadId="0000000000D37D00" bytes="2298008" />
</allocation-stats>
<gc-op id="1803" type="scavenge" timems="1.122" contextid="1800" timestamp="2019-06-17T03:33:19.469">
  <scavenger-info tenureage="4" tenuremask="7ff0" tiltratio="85" />
  <memory-copied type="nursery" objects="2536" bytes="1018792" bytesdiscarded="77088" />
  <references type="weak" candidates="1" cleared="0" enqueued="0" />
  <references type="phantom" candidates="1" cleared="0" enqueued="0" />
</gc-op>
<gc-end id="1804" type="scavenge" contextid="1800" durationms="1.309" usertimems="0.000" systemtimems="0.000" timestamp="2019-06-17T03:33:19.469" activeThreads="4">
  <mem-info id="1805" free="7524392" total="14155776" percent="53">
    <mem type="nursery" free="6113016" total="8519680" percent="71">
      <mem type="allocate" free="6113016" total="7208960" percent="84" />
      <mem type="survivor" free="0" total="1310720" percent="0" />
    </mem>
    <mem type="tenure" free="1411376" total="5636096" percent="25">
      <mem type="soa" free="1162544" total="5354496" percent="21" />
      <mem type="loa" free="248832" total="281600" percent="88" />
    </mem>
    <remembered-set count="110" />
  </mem-info>
</gc-end>
<cycle-end id="1806" type="scavenge" contextid="1800" timestamp="2019-06-17T03:33:19.469" />
  <attribute name="elasticGC enabled" value="1" />
  <attribute name= "numThreadsSpecified" value="4" />
  <attribute name="heapSize specified" value="12058624" />
  <attribute name="Current GC Util" value="10" />
  <attribute name= "Current Time Running" value="6049" />
  <attribute name ="GC Interval" value="200" />
  <attribute name="ProportionalT" value="-15.000000" />
  <attribute name="ProportionalI" value="-15.000000" />
  <attribute name="ProportionalH" value="-15.000000" />
  <attribute name="Current Error" value="-10.000000" />
  <attribute name="IntegralT" value="-520.000000" />
  <attribute name="IntegralI" value="-520.000000" />
  <attribute name="IntegralH" value="-520.000000" />
  <attribute name="DerivativeT" value="-0.288462" />
  <attribute name="DerivativeI" value="-0.288462" />
  <attribute name="DerivativeH" value="-0.288462" />
  <attribute name="Loop Time for DT" value="52.000000" />
  <attribute name="Output H" value="2092630016"/>
  <attribute name="Output I" value="200"/>
  <attribute name="Output T" value="4"/>
  <attribute name="Target GC Util Change" value ="20.000000" />
  <attribute name="Current GC Util Change" value="10.000000"/>
  <attribute name="GC Util currently" value="10" />
  <attribute name="CPU Util currently" value="90121377890" />
<allocation-satisfied id="1807" threadId="0000000000D37D00" bytesRequested="8200" />
<af-end id="1808" timestamp="2019-06-17T03:33:19.469" threadId="0000000000D38688" success="true" from="nursery"/>
<exclusive-end id="1809" timestamp="2019-06-17T03:33:19.469" durationms="1.755" />

<exclusive-start id="1810" timestamp="2019-06-17T03:33:19.515" intervalms="48.218">
  <response-info timems="0.035" idlems="0.035" threads="0" lastid="0000000000D37D00" lastname="Thread-6" />
</exclusive-start>
<af-start id="1811" threadId="0000000000D38688" totalBytesRequested="32776" timestamp="2019-06-17T03:33:19.515" intervalms="48.214" type="nursery" />
<cycle-start id="1812" type="scavenge" contextid="0" timestamp="2019-06-17T03:33:19.516" intervalms="48.210" />
<gc-start id="1813" type="scavenge" contextid="1812" timestamp="2019-06-17T03:33:19.516">
  <mem-info id="1814" free="1411376" total="14155776" percent="9">
    <mem type="nursery" free="0" total="8519680" percent="0">
      <mem type="allocate" free="0" total="7208960" percent="0" />
      <mem type="survivor" free="0" total="1310720" percent="0" />
    </mem>
    <mem type="tenure" free="1411376" total="5636096" percent="25">
      <mem type="soa" free="1162544" total="5354496" percent="21" />
      <mem type="loa" free="248832" total="281600" percent="88" />
    </mem>
    <remembered-set count="323" />
  </mem-info>
</gc-start>
<allocation-stats totalBytes="6044592" >
  <allocated-bytes non-tlh="8200" tlh="6036392" />
  <largest-consumer threadName="Thread-3" threadId="0000000000D2C900" bytes="2309752" />
</allocation-stats>
<gc-op id="1815" type="scavenge" timems="0.549" contextid="1812" timestamp="2019-06-17T03:33:19.516">
  <scavenger-info tenureage="4" tenuremask="7ff0" tiltratio="84" />
  <memory-copied type="nursery" objects="2657" bytes="1064768" bytesdiscarded="125008" />
  <memory-copied type="tenure" objects="4" bytes="144" bytesdiscarded="0" />
</gc-op>
<gc-end id="1816" type="scavenge" contextid="1812" durationms="0.743" usertimems="0.000" systemtimems="0.000" timestamp="2019-06-17T03:33:19.516" activeThreads="4">
  <mem-info id="1817" free="7496024" total="14155776" percent="52">
    <mem type="nursery" free="6084648" total="8519680" percent="71">
      <mem type="allocate" free="6084648" total="7274496" percent="83" />
      <mem type="survivor" free="0" total="1245184" percent="0" />
    </mem>
    <mem type="tenure" free="1411376" total="5636096" percent="25">
      <mem type="soa" free="1162544" total="5354496" percent="21" />
      <mem type="loa" free="248832" total="281600" percent="88" />
    </mem>
    <remembered-set count="105" />
  </mem-info>
</gc-end>
<cycle-end id="1818" type="scavenge" contextid="1812" timestamp="2019-06-17T03:33:19.516" />
  <attribute name="elasticGC enabled" value="1" />
  <attribute name= "numThreadsSpecified" value="4" />
  <attribute name="heapSize specified" value="12058624" />
  <attribute name="Current GC Util" value="4" />
  <attribute name= "Current Time Running" value="6097" />
  <attribute name ="GC Interval" value="200" />
  <attribute name="ProportionalT" value="-24.000000" />
  <attribute name="ProportionalI" value="-24.000000" />
  <attribute name="ProportionalH" value="-24.000000" />
  <attribute name="Current Error" value="-16.000000" />
  <attribute name="IntegralT" value="-768.000000" />
  <attribute name="IntegralI" value="-768.000000" />
  <attribute name="IntegralH" value="-768.000000" />
  <attribute name="DerivativeT" value="-0.500000" />
  <attribute name="DerivativeI" value="-0.500000" />
  <attribute name="DerivativeH" value="-0.500000" />
  <attribute name="Loop Time for DT" value="48.000000" />
  <attribute name="Output H" value="2092630016"/>
  <attribute name="Output I" value="200"/>
  <attribute name="Output T" value="4"/>
  <attribute name="Target GC Util Change" value ="20.000000" />
  <attribute name="Current GC Util Change" value="4.000000"/>
  <attribute name="GC Util currently" value="4" />
  <attribute name="CPU Util currently" value="95664216062" />
<allocation-satisfied id="1819" threadId="0000000000D37D00" bytesRequested="32776" />
<af-end id="1820" timestamp="2019-06-17T03:33:19.517" threadId="0000000000D38688" success="true" from="nursery"/>
<exclusive-end id="1821" timestamp="2019-06-17T03:33:19.517" durationms="1.174" />

<exclusive-start id="1822" timestamp="2019-06-17T03:33:19.568" intervalms="52.392">
  <response-info timems="0.032" idlems="0.032" threads="0" lastid="0000000000D37D00" lastname="Thread-6" />
</exclusive-start>
<af-start id="1823" threadId="0000000000D38688" totalBytesRequested="520" timestamp="2019-06-17T03:33:19.568" intervalms="52.392" type="nursery" />
<cycle-start id="1824" type="scavenge" contextid="0" timestamp="2019-06-17T03:33:19.568" intervalms="52.392" />
<gc-start id="1825" type="scavenge" contextid="1824" timestamp="2019-06-17T03:33:19.568">
  <mem-info id="1826" free="1411376" total="14155776" percent="9">
    <mem type="nursery" free="0" total="8519680" percent="0">
      <mem type="allocate" free="0" total="7274496" percent="0" />
      <mem type="survivor" free="0" total="1245184" percent="0" />
    </mem>
    <mem type="tenure" free="1411376" total="5636096" percent="25">
      <mem type="soa" free="1162544" total="5354496" percent="21" />
      <mem type="loa" free="248832" total="281600" percent="88" />
    </mem>
    <remembered-set count="304" />
  </mem-info>
</gc-start>
<allocation-stats totalBytes="6080304" >
  <allocated-bytes non-tlh="32776" tlh="6047528" />
  <largest-consumer threadName="Thread-6" threadId="0000000000D37D00" bytes="2021960" />
</allocation-stats>
<gc-op id="1827" type="scavenge" timems="1.121" contextid="1824" timestamp="2019-06-17T03:33:19.569">
  <scavenger-info tenureage="4" tenuremask="7ff0" tiltratio="85" />
  <memory-copied type="nursery" objects="2636" bytes="957904" bytesdiscarded="175792" />
  <memory-copied type="tenure" objects="5" bytes="248" bytesdiscarded="0" />
</gc-op>
<gc-end id="1828" type="scavenge" contextid="1824" durationms="1.370" usertimems="0.000" systemtimems="4.000" timestamp="2019-06-17T03:33:19.569" activeThreads="4">
  <mem-info id="1829" free="7552112" total="14155776" percent="53">
    <mem type="nursery" free="6140736" total="8519680" percent="72">
      <mem type="allocate" free="6140736" total="7274496" percent="84" />
      <mem type="survivor" free="0" total="1245184" percent="0" />
    </mem>
    <mem type="tenure" free="1411376" total="5636096" percent="25">
      <mem type="soa" free="1162544" total="5354496" percent="21" />
      <mem type="loa" free="248832" total="281600" percent="88" />
    </mem>
    <remembered-set count="107" />
  </mem-info>
</gc-end>
<cycle-end id="1830" type="scavenge" contextid="1824" timestamp="2019-06-17T03:33:19.569" />
  <attribute name="elasticGC enabled" value="1" />
  <attribute name= "numThreadsSpecified" value="4" />
  <attribute name="heapSize specified" value="12058624" />
  <attribute name="Current GC Util" value="2" />
  <attribute name= "Current Time Running" value="6149" />
  <attribute name ="GC Interval" value="200" />
  <attribute name="ProportionalT" value="-27.000000" />
  <attribute name="ProportionalI" value="-27.000000" />
  <attribute name="ProportionalH" value="-27.000000" />
  <attribute name="Current Error" value="-18.000000" />
  <attribute name="IntegralT" value="-936.000000" />
  <attribute name="IntegralI" value="-936.000000" />
  <attribute name="IntegralH" value="-936.000000" />
  <attribute name="DerivativeT" value="-0.519231" />
  <attribute name="DerivativeI" value="-0.519231" />
  <attribute name="DerivativeH" value="-0.519231" />
  <attribute name="Loop Time for DT" value="52.000000" />
  <attribute name="Output H" value="2092630016"/>
  <attribute name="Output I" value="200"/>
  <attribute name="Output T" value="4"/>
  <attribute name="Target GC Util Change" value ="20.000000" />
  <attribute name="Current GC Util Change" value="2.000000"/>
  <attribute name="GC Util currently" value="2" />
  <attribute name="CPU Util currently" value="88012476405" />
<allocation-satisfied id="1831" threadId="0000000000D37D00" bytesRequested="520" />
<af-end id="1832" timestamp="2019-06-17T03:33:19.570" threadId="0000000000D38688" success="true" from="nursery"/>
<exclusive-end id="1833" timestamp="2019-06-17T03:33:19.570" durationms="1.851" />

<exclusive-start id="1834" timestamp="2019-06-17T03:33:19.620" intervalms="52.130">
  <response-info timems="0.035" idlems="0.035" threads="0" lastid="0000000000D2C900" lastname="Thread-3" />
</exclusive-start>
<af-start id="1835" threadId="0000000000D2D288" totalBytesRequested="32776" timestamp="2019-06-17T03:33:19.620" intervalms="52.131" type="nursery" />
<cycle-start id="1836" type="scavenge" contextid="0" timestamp="2019-06-17T03:33:19.620" intervalms="52.131" />
<gc-start id="1837" type="scavenge" contextid="1836" timestamp="2019-06-17T03:33:19.620">
  <mem-info id="1838" free="1411376" total="14155776" percent="9">
    <mem type="nursery" free="0" total="8519680" percent="0">
      <mem type="allocate" free="0" total="7274496" percent="0" />
      <mem type="survivor" free="0" total="1245184" percent="0" />
    </mem>
    <mem type="tenure" free="1411376" total="5636096" percent="25">
      <mem type="soa" free="1162544" total="5354496" percent="21" />
      <mem type="loa" free="248832" total="281600" percent="88" />
    </mem>
    <remembered-set count="306" />
  </mem-info>
</gc-start>
<allocation-stats totalBytes="6075872" >
  <allocated-bytes non-tlh="520" tlh="6075352" />
  <largest-consumer threadName="Thread-3" threadId="0000000000D2C900" bytes="2238560" />
</allocation-stats>
<gc-op id="1839" type="scavenge" timems="0.398" contextid="1836" timestamp="2019-06-17T03:33:19.621">
  <scavenger-info tenureage="4" tenuremask="7ff0" tiltratio="85" />
  <memory-copied type="nursery" objects="1891" bytes="881792" bytesdiscarded="157568" />
  <memory-copied type="tenure" objects="1" bytes="112" bytesdiscarded="0" />
  <references type="phantom" candidates="1" cleared="0" enqueued="0" />
</gc-op>
<gc-end id="1840" type="scavenge" contextid="1836" durationms="0.587" usertimems="0.000" systemtimems="0.000" timestamp="2019-06-17T03:33:19.621" activeThreads="4">
  <mem-info id="1841" free="7711976" total="14155776" percent="54">
    <mem type="nursery" free="6300600" total="8519680" percent="73">
      <mem type="allocate" free="6300600" total="7340032" percent="85" />
      <mem type="survivor" free="0" total="1179648" percent="0" />
    </mem>
    <mem type="tenure" free="1411376" total="5636096" percent="25">
      <mem type="soa" free="1162544" total="5354496" percent="21" />
      <mem type="loa" free="248832" total="281600" percent="88" />
    </mem>
    <remembered-set count="105" />
  </mem-info>
</gc-end>
<cycle-end id="1842" type="scavenge" contextid="1836" timestamp="2019-06-17T03:33:19.621" />
  <attribute name="elasticGC enabled" value="1" />
  <attribute name= "numThreadsSpecified" value="4" />
  <attribute name="heapSize specified" value="12058624" />
  <attribute name="Current GC Util" value="4" />
  <attribute name= "Current Time Running" value="6201" />
  <attribute name ="GC Interval" value="200" />
  <attribute name="ProportionalT" value="-24.000000" />
  <attribute name="ProportionalI" value="-24.000000" />
  <attribute name="ProportionalH" value="-24.000000" />
  <attribute name="Current Error" value="-16.000000" />
  <attribute name="IntegralT" value="-832.000000" />
  <attribute name="IntegralI" value="-832.000000" />
  <attribute name="IntegralH" value="-832.000000" />
  <attribute name="DerivativeT" value="-0.461538" />
  <attribute name="DerivativeI" value="-0.461538" />
  <attribute name="DerivativeH" value="-0.461538" />
  <attribute name="Loop Time for DT" value="52.000000" />
  <attribute name="Output H" value="2092630016"/>
  <attribute name="Output I" value="200"/>
  <attribute name="Output T" value="4"/>
  <attribute name="Target GC Util Change" value ="20.000000" />
  <attribute name="Current GC Util Change" value="4.000000"/>
  <attribute name="GC Util currently" value="4" />
  <attribute name="CPU Util currently" value="88466213155" />
<allocation-satisfied id="1843" threadId="0000000000D2C900" bytesRequested="32776" />
<af-end id="1844" timestamp="2019-06-17T03:33:19.621" threadId="0000000000D2D288" success="true" from="nursery"/>
<exclusive-end id="1845" timestamp="2019-06-17T03:33:19.621" durationms="1.229" />

<exclusive-start id="1846" timestamp="2019-06-17T03:33:19.673" intervalms="52.817">
  <response-info timems="0.042" idlems="0.042" threads="0" lastid="0000000000D37D00" lastname="Thread-6" />
</exclusive-start>
<af-start id="1847" threadId="0000000000D38688" totalBytesRequested="16392" timestamp="2019-06-17T03:33:19.673" intervalms="52.821" type="nursery" />
<cycle-start id="1848" type="scavenge" contextid="0" timestamp="2019-06-17T03:33:19.673" intervalms="52.822" />
<gc-start id="1849" type="scavenge" contextid="1848" timestamp="2019-06-17T03:33:19.673">
  <mem-info id="1850" free="1411376" total="14155776" percent="9">
    <mem type="nursery" free="0" total="8519680" percent="0">
      <mem type="allocate" free="0" total="7340032" percent="0" />
      <mem type="survivor" free="0" total="1179648" percent="0" />
    </mem>
    <mem type="tenure" free="1411376" total="5636096" percent="25">
      <mem type="soa" free="1162544" total="5354496" percent="21" />
      <mem type="loa" free="248832" total="281600" percent="88" />
    </mem>
    <remembered-set count="315" />
  </mem-info>
</gc-start>
<allocation-stats totalBytes="6238856" >
  <allocated-bytes non-tlh="32776" tlh="6206080" />
  <largest-consumer threadName="Thread-6" threadId="0000000000D37D00" bytes="2387240" />
</allocation-stats>
<gc-op id="1851" type="scavenge" timems="0.543" contextid="1848" timestamp="2019-06-17T03:33:19.674">
  <scavenger-info tenureage="4" tenuremask="7ff0" tiltratio="86" />
  <memory-copied type="nursery" objects="1574" bytes="699136" bytesdiscarded="170832" />
  <memory-copied type="tenure" objects="4" bytes="144" bytesdiscarded="0" />
</gc-op>
<gc-end id="1852" type="scavenge" contextid="1848" durationms="0.737" usertimems="0.000" systemtimems="0.000" timestamp="2019-06-17T03:33:19.674" activeThreads="4">
  <mem-info id="1853" free="7881384" total="14155776" percent="55">
    <mem type="nursery" free="6470008" total="8519680" percent="75">
      <mem type="allocate" free="6470008" total="7340032" percent="88" />
      <mem type="survivor" free="0" total="1179648" percent="0" />
    </mem>
    <mem type="tenure" free="1411376" total="5636096" percent="25">
      <mem type="soa" free="1162544" total="5354496" percent="21" />
      <mem type="loa" free="248832" total="281600" percent="88" />
    </mem>
    <remembered-set count="97" />
  </mem-info>
</gc-end>
<cycle-end id="1854" type="scavenge" contextid="1848" timestamp="2019-06-17T03:33:19.674" />
  <attribute name="elasticGC enabled" value="1" />
  <attribute name= "numThreadsSpecified" value="4" />
  <attribute name="heapSize specified" value="12058624" />
  <attribute name="Current GC Util" value="2" />
  <attribute name= "Current Time Running" value="6254" />
  <attribute name ="GC Interval" value="200" />
  <attribute name="ProportionalT" value="-27.000000" />
  <attribute name="ProportionalI" value="-27.000000" />
  <attribute name="ProportionalH" value="-27.000000" />
  <attribute name="Current Error" value="-18.000000" />
  <attribute name="IntegralT" value="-954.000000" />
  <attribute name="IntegralI" value="-954.000000" />
  <attribute name="IntegralH" value="-954.000000" />
  <attribute name="DerivativeT" value="-0.509434" />
  <attribute name="DerivativeI" value="-0.509434" />
  <attribute name="DerivativeH" value="-0.509434" />
  <attribute name="Loop Time for DT" value="53.000000" />
  <attribute name="Output H" value="2092630016"/>
  <attribute name="Output I" value="200"/>
  <attribute name="Output T" value="4"/>
  <attribute name="Target GC Util Change" value ="20.000000" />
  <attribute name="Current GC Util Change" value="2.000000"/>
  <attribute name="GC Util currently" value="2" />
  <attribute name="CPU Util currently" value="87296951893" />
<allocation-satisfied id="1855" threadId="0000000000D37D00" bytesRequested="16392" />
<af-end id="1856" timestamp="2019-06-17T03:33:19.674" threadId="0000000000D38688" success="true" from="nursery"/>
<exclusive-end id="1857" timestamp="2019-06-17T03:33:19.674" durationms="1.311" />

<exclusive-start id="1858" timestamp="2019-06-17T03:33:19.723" intervalms="49.853">
  <response-info timems="0.042" idlems="0.042" threads="0" lastid="0000000000D2C900" lastname="Thread-3" />
</exclusive-start>
<af-start id="1859" threadId="0000000000D2D288" totalBytesRequested="520" timestamp="2019-06-17T03:33:19.723" intervalms="49.847" type="nursery" />
<cycle-start id="1860" type="scavenge" contextid="0" timestamp="2019-06-17T03:33:19.723" intervalms="49.848" />
<gc-start id="1861" type="scavenge" contextid="1860" timestamp="2019-06-17T03:33:19.723">
  <mem-info id="1862" free="1411376" total="14155776" percent="9">
    <mem type="nursery" free="0" total="8519680" percent="0">
      <mem type="allocate" free="0" total="7340032" percent="0" />
      <mem type="survivor" free="0" total="1179648" percent="0" />
    </mem>
    <mem type="tenure" free="1411376" total="5636096" percent="25">
      <mem type="soa" free="1162544" total="5354496" percent="21" />
      <mem type="loa" free="248832" total="281600" percent="88" />
    </mem>
    <remembered-set count="326" />
  </mem-info>
</gc-start>
<allocation-stats totalBytes="6466944" >
  <allocated-bytes non-tlh="49168" tlh="6417776" />
  <largest-consumer threadName="Thread-5" threadId="0000000000D34100" bytes="2115040" />
</allocation-stats>
<gc-op id="1863" type="scavenge" timems="3.559" contextid="1860" timestamp="2019-06-17T03:33:19.726">
  <scavenger-info tenureage="5" tenuremask="7fe0" tiltratio="86" />
  <memory-copied type="nursery" objects="2603" bytes="956904" bytesdiscarded="172776" />
  <references type="weak" candidates="1" cleared="0" enqueued="0" />
  <references type="phantom" candidates="1" cleared="0" enqueued="0" />
</gc-op>
<heap-resize id="1864" type="expand" space="nursery" amount="393216" count="1" timems="0.017" reason="excessive time being spent scavenging" timestamp="2019-06-17T03:33:19.727" />
<gc-end id="1865" type="scavenge" contextid="1860" durationms="4.103" usertimems="8.000" systemtimems="0.000" timestamp="2019-06-17T03:33:19.727" activeThreads="4">
  <mem-info id="1866" free="7818272" total="14548992" percent="53">
    <mem type="nursery" free="6406896" total="8912896" percent="71">
      <mem type="allocate" free="6406896" total="7536640" percent="85" />
      <mem type="survivor" free="0" total="1376256" percent="0" />
    </mem>
    <mem type="tenure" free="1411376" total="5636096" percent="25">
      <mem type="soa" free="1162544" total="5354496" percent="21" />
      <mem type="loa" free="248832" total="281600" percent="88" />
    </mem>
    <remembered-set count="98" />
  </mem-info>
</gc-end>
<cycle-end id="1867" type="scavenge" contextid="1860" timestamp="2019-06-17T03:33:19.727" />
  <attribute name="elasticGC enabled" value="1" />
  <attribute name= "numThreadsSpecified" value="4" />
  <attribute name="heapSize specified" value="12058624" />
  <attribute name="Current GC Util" value="2" />
  <attribute name= "Current Time Running" value="6304" />
  <attribute name ="GC Interval" value="200" />
  <attribute name="ProportionalT" value="-27.000000" />
  <attribute name="ProportionalI" value="-27.000000" />
  <attribute name="ProportionalH" value="-27.000000" />
  <attribute name="Current Error" value="-18.000000" />
  <attribute name="IntegralT" value="-900.000000" />
  <attribute name="IntegralI" value="-900.000000" />
  <attribute name="IntegralH" value="-900.000000" />
  <attribute name="DerivativeT" value="-0.540000" />
  <attribute name="DerivativeI" value="-0.540000" />
  <attribute name="DerivativeH" value="-0.540000" />
  <attribute name="Loop Time for DT" value="50.000000" />
  <attribute name="Output H" value="2092630016"/>
  <attribute name="Output I" value="200"/>
  <attribute name="Output T" value="4"/>
  <attribute name="Target GC Util Change" value ="20.000000" />
  <attribute name="Current GC Util Change" value="2.000000"/>
  <attribute name="GC Util currently" value="2" />
  <attribute name="CPU Util currently" value="92535303865" />
<allocation-satisfied id="1868" threadId="0000000000D2C900" bytesRequested="520" />
<af-end id="1869" timestamp="2019-06-17T03:33:19.727" threadId="0000000000D2D288" success="true" from="nursery"/>
<exclusive-end id="1870" timestamp="2019-06-17T03:33:19.728" durationms="4.939" />

<exclusive-start id="1871" timestamp="2019-06-17T03:33:19.767" intervalms="44.768">
  <response-info timems="0.033" idlems="0.033" threads="0" lastid="0000000000D2C900" lastname="Thread-3" />
</exclusive-start>
<af-start id="1872" threadId="0000000000D2D288" totalBytesRequested="16392" timestamp="2019-06-17T03:33:19.767" intervalms="44.768" type="nursery" />
<cycle-start id="1873" type="scavenge" contextid="0" timestamp="2019-06-17T03:33:19.767" intervalms="44.764" />
<gc-start id="1874" type="scavenge" contextid="1873" timestamp="2019-06-17T03:33:19.768">
  <mem-info id="1875" free="1411376" total="14548992" percent="9">
    <mem type="nursery" free="0" total="8912896" percent="0">
      <mem type="allocate" free="0" total="7536640" percent="0" />
      <mem type="survivor" free="0" total="1376256" percent="0" />
    </mem>
    <mem type="tenure" free="1411376" total="5636096" percent="25">
      <mem type="soa" free="1162544" total="5354496" percent="21" />
      <mem type="loa" free="248832" total="281600" percent="88" />
    </mem>
    <remembered-set count="323" />
  </mem-info>
</gc-start>
<allocation-stats totalBytes="6334208" >
  <allocated-bytes non-tlh="520" tlh="6333688" />
  <largest-consumer threadName="Thread-5" threadId="0000000000D34100" bytes="2372552" />
</allocation-stats>
<gc-op id="1876" type="scavenge" timems="2.284" contextid="1873" timestamp="2019-06-17T03:33:19.770">
  <scavenger-info tenureage="5" tenuremask="7fe0" tiltratio="84" />
  <memory-copied type="nursery" objects="1907" bytes="757856" bytesdiscarded="102488" />
  <references type="weak" candidates="1" cleared="0" enqueued="0" />
  <references type="phantom" candidates="1" cleared="0" enqueued="0" />
</gc-op>
<gc-end id="1877" type="scavenge" contextid="1873" durationms="2.637" usertimems="0.000" systemtimems="4.000" timestamp="2019-06-17T03:33:19.770" activeThreads="4">
  <mem-info id="1878" free="8218688" total="14548992" percent="56">
    <mem type="nursery" free="6807312" total="8912896" percent="76">
      <mem type="allocate" free="6807312" total="7667712" percent="88" />
      <mem type="survivor" free="0" total="1245184" percent="0" />
    </mem>
    <mem type="tenure" free="1411376" total="5636096" percent="25">
      <mem type="soa" free="1162544" total="5354496" percent="21" />
      <mem type="loa" free="248832" total="281600" percent="88" />
    </mem>
    <remembered-set count="109" />
  </mem-info>
</gc-end>
<cycle-end id="1879" type="scavenge" contextid="1873" timestamp="2019-06-17T03:33:19.770" />
  <attribute name="elasticGC enabled" value="1" />
  <attribute name= "numThreadsSpecified" value="4" />
  <attribute name="heapSize specified" value="12058624" />
  <attribute name="Current GC Util" value="13" />
  <attribute name= "Current Time Running" value="6349" />
  <attribute name ="GC Interval" value="200" />
  <attribute name="ProportionalT" value="-10.500000" />
  <attribute name="ProportionalI" value="-10.500000" />
  <attribute name="ProportionalH" value="-10.500000" />
  <attribute name="Current Error" value="-7.000000" />
  <attribute name="IntegralT" value="-315.000000" />
  <attribute name="IntegralI" value="-315.000000" />
  <attribute name="IntegralH" value="-315.000000" />
  <attribute name="DerivativeT" value="-0.233333" />
  <attribute name="DerivativeI" value="-0.233333" />
  <attribute name="DerivativeH" value="-0.233333" />
  <attribute name="Loop Time for DT" value="45.000000" />
  <attribute name="Output H" value="2092630016"/>
  <attribute name="Output I" value="200"/>
  <attribute name="Output T" value="4"/>
  <attribute name="Target GC Util Change" value ="20.000000" />
  <attribute name="Current GC Util Change" value="13.000000"/>
  <attribute name="GC Util currently" value="13" />
  <attribute name="CPU Util currently" value="103010085247" />
<allocation-satisfied id="1880" threadId="0000000000D2C900" bytesRequested="16392" />
<af-end id="1881" timestamp="2019-06-17T03:33:19.771" threadId="0000000000D2D288" success="true" from="nursery"/>
<exclusive-end id="1882" timestamp="2019-06-17T03:33:19.771" durationms="3.286" />

<exclusive-start id="1883" timestamp="2019-06-17T03:33:19.820" intervalms="52.139">
  <response-info timems="0.039" idlems="0.039" threads="0" lastid="0000000000D30500" lastname="Thread-4" />
</exclusive-start>
<af-start id="1884" threadId="0000000000D30E88" totalBytesRequested="2056" timestamp="2019-06-17T03:33:19.820" intervalms="52.144" type="nursery" />
<cycle-start id="1885" type="scavenge" contextid="0" timestamp="2019-06-17T03:33:19.820" intervalms="52.147" />
<gc-start id="1886" type="scavenge" contextid="1885" timestamp="2019-06-17T03:33:19.820">
  <mem-info id="1887" free="1411376" total="14548992" percent="9">
    <mem type="nursery" free="0" total="8912896" percent="0">
      <mem type="allocate" free="0" total="7667712" percent="0" />
      <mem type="survivor" free="0" total="1245184" percent="0" />
    </mem>
    <mem type="tenure" free="1411376" total="5636096" percent="25">
      <mem type="soa" free="1162544" total="5354496" percent="21" />
      <mem type="loa" free="248832" total="281600" percent="88" />
    </mem>
    <remembered-set count="324" />
  </mem-info>
</gc-start>
<allocation-stats totalBytes="6777592" >
  <allocated-bytes non-tlh="16392" tlh="6761200" />
  <largest-consumer threadName="Thread-6" threadId="0000000000D37D00" bytes="2738608" />
</allocation-stats>
<gc-op id="1888" type="scavenge" timems="4.020" contextid="1885" timestamp="2019-06-17T03:33:19.824">
  <scavenger-info tenureage="6" tenuremask="7fc0" tiltratio="86" />
  <memory-copied type="nursery" objects="2463" bytes="959304" bytesdiscarded="107152" />
  <references type="phantom" candidates="1" cleared="0" enqueued="0" />
</gc-op>
<heap-resize id="1889" type="expand" space="nursery" amount="393216" count="1" timems="0.016" reason="excessive time being spent scavenging" timestamp="2019-06-17T03:33:19.824" />
<gc-end id="1890" type="scavenge" contextid="1885" durationms="4.518" usertimems="4.000" systemtimems="4.000" timestamp="2019-06-17T03:33:19.824" activeThreads="4">
  <mem-info id="1891" free="8274704" total="14942208" percent="55">
    <mem type="nursery" free="6863328" total="9306112" percent="73">
      <mem type="allocate" free="6863328" total="7929856" percent="86" />
      <mem type="survivor" free="0" total="1376256" percent="0" />
    </mem>
    <mem type="tenure" free="1411376" total="5636096" percent="25">
      <mem type="soa" free="1162544" total="5354496" percent="21" />
      <mem type="loa" free="248832" total="281600" percent="88" />
    </mem>
    <remembered-set count="114" />
  </mem-info>
</gc-end>
<cycle-end id="1892" type="scavenge" contextid="1885" timestamp="2019-06-17T03:33:19.824" />
  <attribute name="elasticGC enabled" value="1" />
  <attribute name= "numThreadsSpecified" value="4" />
  <attribute name="heapSize specified" value="12058624" />
  <attribute name="Current GC Util" value="6" />
  <attribute name= "Current Time Running" value="6401" />
  <attribute name ="GC Interval" value="200" />
  <attribute name="ProportionalT" value="-21.000000" />
  <attribute name="ProportionalI" value="-21.000000" />
  <attribute name="ProportionalH" value="-21.000000" />
  <attribute name="Current Error" value="-14.000000" />
  <attribute name="IntegralT" value="-728.000000" />
  <attribute name="IntegralI" value="-728.000000" />
  <attribute name="IntegralH" value="-728.000000" />
  <attribute name="DerivativeT" value="-0.403846" />
  <attribute name="DerivativeI" value="-0.403846" />
  <attribute name="DerivativeH" value="-0.403846" />
  <attribute name="Loop Time for DT" value="52.000000" />
  <attribute name="Output H" value="2092630016"/>
  <attribute name="Output I" value="200"/>
  <attribute name="Output T" value="4"/>
  <attribute name="Target GC Util Change" value ="20.000000" />
  <attribute name="Current GC Util Change" value="6.000000"/>
  <attribute name="GC Util currently" value="6" />
  <attribute name="CPU Util currently" value="88440308441" />
<allocation-satisfied id="1893" threadId="0000000000D30500" bytesRequested="2056" />
<af-end id="1894" timestamp="2019-06-17T03:33:19.824" threadId="0000000000D30E88" success="true" from="nursery"/>
<exclusive-end id="1895" timestamp="2019-06-17T03:33:19.825" durationms="5.038" />

<exclusive-start id="1896" timestamp="2019-06-17T03:33:19.874" intervalms="54.690">
  <response-info timems="0.027" idlems="0.027" threads="0" lastid="0000000000D34100" lastname="Thread-5" />
</exclusive-start>
<af-start id="1897" threadId="0000000000D34A88" totalBytesRequested="16392" timestamp="2019-06-17T03:33:19.874" intervalms="54.685" type="nursery" />
<cycle-start id="1898" type="scavenge" contextid="0" timestamp="2019-06-17T03:33:19.874" intervalms="54.687" />
<gc-start id="1899" type="scavenge" contextid="1898" timestamp="2019-06-17T03:33:19.874">
  <mem-info id="1900" free="1411376" total="14942208" percent="9">
    <mem type="nursery" free="0" total="9306112" percent="0">
      <mem type="allocate" free="0" total="7929856" percent="0" />
      <mem type="survivor" free="0" total="1376256" percent="0" />
    </mem>
    <mem type="tenure" free="1411376" total="5636096" percent="25">
      <mem type="soa" free="1162544" total="5354496" percent="21" />
      <mem type="loa" free="248832" total="281600" percent="88" />
    </mem>
    <remembered-set count="323" />
  </mem-info>
</gc-start>
<allocation-stats totalBytes="6826752" >
  <allocated-bytes non-tlh="2056" tlh="6824696" />
  <largest-consumer threadName="Thread-4" threadId="0000000000D30500" bytes="2083128" />
</allocation-stats>
<gc-op id="1901" type="scavenge" timems="0.402" contextid="1898" timestamp="2019-06-17T03:33:19.875">
  <scavenger-info tenureage="6" tenuremask="7fc0" tiltratio="85" />
  <memory-copied type="nursery" objects="2110" bytes="810048" bytesdiscarded="169120" />
</gc-op>
<gc-end id="1902" type="scavenge" contextid="1898" durationms="0.578" usertimems="0.000" systemtimems="0.000" timestamp="2019-06-17T03:33:19.875" activeThreads="4">
  <mem-info id="1903" free="8493072" total="14942208" percent="56">
    <mem type="nursery" free="7081696" total="9306112" percent="76">
      <mem type="allocate" free="7081696" total="8060928" percent="87" />
      <mem type="survivor" free="0" total="1245184" percent="0" />
    </mem>
    <mem type="tenure" free="1411376" total="5636096" percent="25">
      <mem type="soa" free="1162544" total="5354496" percent="21" />
      <mem type="loa" free="248832" total="281600" percent="88" />
    </mem>
    <remembered-set count="101" />
  </mem-info>
</gc-end>
<cycle-end id="1904" type="scavenge" contextid="1898" timestamp="2019-06-17T03:33:19.875" />
  <attribute name="elasticGC enabled" value="1" />
  <attribute name= "numThreadsSpecified" value="4" />
  <attribute name="heapSize specified" value="12058624" />
  <attribute name="Current GC Util" value="11" />
  <attribute name= "Current Time Running" value="6456" />
  <attribute name ="GC Interval" value="200" />
  <attribute name="ProportionalT" value="-13.500000" />
  <attribute name="ProportionalI" value="-13.500000" />
  <attribute name="ProportionalH" value="-13.500000" />
  <attribute name="Current Error" value="-9.000000" />
  <attribute name="IntegralT" value="-495.000000" />
  <attribute name="IntegralI" value="-495.000000" />
  <attribute name="IntegralH" value="-495.000000" />
  <attribute name="DerivativeT" value="-0.245455" />
  <attribute name="DerivativeI" value="-0.245455" />
  <attribute name="DerivativeH" value="-0.245455" />
  <attribute name="Loop Time for DT" value="55.000000" />
  <attribute name="Output H" value="2092630016"/>
  <attribute name="Output I" value="200"/>
  <attribute name="Output T" value="4"/>
  <attribute name="Target GC Util Change" value ="20.000000" />
  <attribute name="Current GC Util Change" value="11.000000"/>
  <attribute name="GC Util currently" value="11" />
  <attribute name="CPU Util currently" value="84334870688" />
<allocation-satisfied id="1905" threadId="0000000000D34100" bytesRequested="16392" />
<af-end id="1906" timestamp="2019-06-17T03:33:19.875" threadId="0000000000D34A88" success="true" from="nursery"/>
<exclusive-end id="1907" timestamp="2019-06-17T03:33:19.875" durationms="1.181" />

<exclusive-start id="1908" timestamp="2019-06-17T03:33:19.936" intervalms="61.411">
  <response-info timems="0.035" idlems="0.035" threads="0" lastid="0000000000D34100" lastname="Thread-5" />
</exclusive-start>
<af-start id="1909" threadId="0000000000D34A88" totalBytesRequested="16392" timestamp="2019-06-17T03:33:19.936" intervalms="61.414" type="nursery" />
<cycle-start id="1910" type="scavenge" contextid="0" timestamp="2019-06-17T03:33:19.936" intervalms="61.602" />
<gc-start id="1911" type="scavenge" contextid="1910" timestamp="2019-06-17T03:33:19.936">
  <mem-info id="1912" free="1411376" total="14942208" percent="9">
    <mem type="nursery" free="0" total="9306112" percent="0">
      <mem type="allocate" free="0" total="8060928" percent="0" />
      <mem type="survivor" free="0" total="1245184" percent="0" />
    </mem>
    <mem type="tenure" free="1411376" total="5636096" percent="25">
      <mem type="soa" free="1162544" total="5354496" percent="21" />
      <mem type="loa" free="248832" total="281600" percent="88" />
    </mem>
    <remembered-set count="323" />
  </mem-info>
</gc-start>
<allocation-stats totalBytes="7029912" >
  <allocated-bytes non-tlh="16392" tlh="7013520" />
  <largest-consumer threadName="Thread-4" threadId="0000000000D30500" bytes="2567192" />
</allocation-stats>
<gc-op id="1913" type="scavenge" timems="0.420" contextid="1910" timestamp="2019-06-17T03:33:19.937">
  <scavenger-info tenureage="6" tenuremask="7fc0" tiltratio="86" />
  <memory-copied type="nursery" objects="2066" bytes="891568" bytesdiscarded="181496" />
  <references type="weak" candidates="1" cleared="0" enqueued="0" />
  <references type="phantom" candidates="1" cleared="0" enqueued="0" />
</gc-op>
<gc-end id="1914" type="scavenge" contextid="1910" durationms="0.601" usertimems="0.000" systemtimems="4.000" timestamp="2019-06-17T03:33:19.937" activeThreads="4">
  <mem-info id="1915" free="8464704" total="14942208" percent="56">
    <mem type="nursery" free="7053328" total="9306112" percent="75">
      <mem type="allocate" free="7053328" total="8126464" percent="86" />
      <mem type="survivor" free="0" total="1179648" percent="0" />
    </mem>
    <mem type="tenure" free="1411376" total="5636096" percent="25">
      <mem type="soa" free="1162544" total="5354496" percent="21" />
      <mem type="loa" free="248832" total="281600" percent="88" />
    </mem>
    <remembered-set count="101" />
  </mem-info>
</gc-end>
<cycle-end id="1916" type="scavenge" contextid="1910" timestamp="2019-06-17T03:33:19.937" />
  <attribute name="elasticGC enabled" value="1" />
  <attribute name= "numThreadsSpecified" value="4" />
  <attribute name="heapSize specified" value="12058624" />
  <attribute name="Current GC Util" value="1" />
  <attribute name= "Current Time Running" value="6517" />
  <attribute name ="GC Interval" value="200" />
  <attribute name="ProportionalT" value="-28.500000" />
  <attribute name="ProportionalI" value="-28.500000" />
  <attribute name="ProportionalH" value="-28.500000" />
  <attribute name="Current Error" value="-19.000000" />
  <attribute name="IntegralT" value="-1159.000000" />
  <attribute name="IntegralI" value="-1159.000000" />
  <attribute name="IntegralH" value="-1159.000000" />
  <attribute name="DerivativeT" value="-0.467213" />
  <attribute name="DerivativeI" value="-0.467213" />
  <attribute name="DerivativeH" value="-0.467213" />
  <attribute name="Loop Time for DT" value="61.000000" />
  <attribute name="Output H" value="2092630016"/>
  <attribute name="Output I" value="200"/>
  <attribute name="Output T" value="4"/>
  <attribute name="Target GC Util Change" value ="20.000000" />
  <attribute name="Current GC Util Change" value="1.000000"/>
  <attribute name="GC Util currently" value="1" />
  <attribute name="CPU Util currently" value="74861814557" />
<allocation-satisfied id="1917" threadId="0000000000D34100" bytesRequested="16392" />
<af-end id="1918" timestamp="2019-06-17T03:33:19.937" threadId="0000000000D34A88" success="true" from="nursery"/>
<exclusive-end id="1919" timestamp="2019-06-17T03:33:19.937" durationms="1.262" />

<exclusive-start id="1920" timestamp="2019-06-17T03:33:19.989" intervalms="53.572">
  <response-info timems="0.047" idlems="0.047" threads="0" lastid="0000000000D30500" lastname="Thread-4" />
</exclusive-start>
<af-start id="1921" threadId="0000000000D30E88" totalBytesRequested="48" timestamp="2019-06-17T03:33:19.989" intervalms="53.577" type="nursery" />
<cycle-start id="1922" type="scavenge" contextid="0" timestamp="2019-06-17T03:33:19.989" intervalms="53.393" />
<gc-start id="1923" type="scavenge" contextid="1922" timestamp="2019-06-17T03:33:19.989">
  <mem-info id="1924" free="1411376" total="14942208" percent="9">
    <mem type="nursery" free="0" total="9306112" percent="0">
      <mem type="allocate" free="0" total="8126464" percent="0" />
      <mem type="survivor" free="0" total="1179648" percent="0" />
    </mem>
    <mem type="tenure" free="1411376" total="5636096" percent="25">
      <mem type="soa" free="1162544" total="5354496" percent="21" />
      <mem type="loa" free="248832" total="281600" percent="88" />
    </mem>
    <remembered-set count="330" />
  </mem-info>
</gc-start>
<allocation-stats totalBytes="7015584" >
  <allocated-bytes non-tlh="16392" tlh="6999192" />
  <largest-consumer threadName="Thread-5" threadId="0000000000D34100" bytes="3066720" />
</allocation-stats>
<gc-op id="1925" type="scavenge" timems="4.676" contextid="1922" timestamp="2019-06-17T03:33:19.994">
  <scavenger-info tenureage="6" tenuremask="7fc0" tiltratio="87" />
  <memory-copied type="nursery" objects="2527" bytes="1017512" bytesdiscarded="128336" />
  <memory-copied type="tenure" objects="4" bytes="144" bytesdiscarded="0" />
</gc-op>
<heap-resize id="1926" type="expand" space="nursery" amount="393216" count="1" timems="0.016" reason="excessive time being spent scavenging" timestamp="2019-06-17T03:33:19.995" />
<gc-end id="1927" type="scavenge" contextid="1922" durationms="5.261" usertimems="8.000" systemtimems="0.000" timestamp="2019-06-17T03:33:19.995" activeThreads="4">
  <mem-info id="1928" free="8654072" total="15335424" percent="56">
    <mem type="nursery" free="7242696" total="9699328" percent="74">
      <mem type="allocate" free="7242696" total="8388608" percent="86" />
      <mem type="survivor" free="0" total="1310720" percent="0" />
    </mem>
    <mem type="tenure" free="1411376" total="5636096" percent="25">
      <mem type="soa" free="1162544" total="5354496" percent="21" />
      <mem type="loa" free="248832" total="281600" percent="88" />
    </mem>
    <remembered-set count="106" />
  </mem-info>
</gc-end>
<cycle-end id="1929" type="scavenge" contextid="1922" timestamp="2019-06-17T03:33:19.995" />
  <attribute name="elasticGC enabled" value="1" />
  <attribute name= "numThreadsSpecified" value="4" />
  <attribute name="heapSize specified" value="12058624" />
  <attribute name="Current GC Util" value="1" />
  <attribute name= "Current Time Running" value="6571" />
  <attribute name ="GC Interval" value="200" />
  <attribute name="ProportionalT" value="-28.500000" />
  <attribute name="ProportionalI" value="-28.500000" />
  <attribute name="ProportionalH" value="-28.500000" />
  <attribute name="Current Error" value="-19.000000" />
  <attribute name="IntegralT" value="-1026.000000" />
  <attribute name="IntegralI" value="-1026.000000" />
  <attribute name="IntegralH" value="-1026.000000" />
  <attribute name="DerivativeT" value="-0.527778" />
  <attribute name="DerivativeI" value="-0.527778" />
  <attribute name="DerivativeH" value="-0.527778" />
  <attribute name="Loop Time for DT" value="54.000000" />
  <attribute name="Output H" value="2092630016"/>
  <attribute name="Output I" value="200"/>
  <attribute name="Output T" value="4"/>
  <attribute name="Target GC Util Change" value ="20.000000" />
  <attribute name="Current GC Util Change" value="1.000000"/>
  <attribute name="GC Util currently" value="1" />
  <attribute name="CPU Util currently" value="86287167590" />
<allocation-satisfied id="1930" threadId="0000000000D30500" bytesRequested="48" />
<af-end id="1931" timestamp="2019-06-17T03:33:19.995" threadId="0000000000D30E88" success="true" from="nursery"/>
<exclusive-end id="1932" timestamp="2019-06-17T03:33:19.995" durationms="6.058" />

<exclusive-start id="1933" timestamp="2019-06-17T03:33:20.048" intervalms="58.715">
  <response-info timems="0.045" idlems="0.045" threads="0" lastid="0000000000D34100" lastname="Thread-5" />
</exclusive-start>
<af-start id="1934" threadId="0000000000D34A88" totalBytesRequested="16392" timestamp="2019-06-17T03:33:20.048" intervalms="58.711" type="nursery" />
<cycle-start id="1935" type="scavenge" contextid="0" timestamp="2019-06-17T03:33:20.048" intervalms="58.704" />
<gc-start id="1936" type="scavenge" contextid="1935" timestamp="2019-06-17T03:33:20.048">
  <mem-info id="1937" free="1411376" total="15335424" percent="9">
    <mem type="nursery" free="0" total="9699328" percent="0">
      <mem type="allocate" free="0" total="8388608" percent="0" />
      <mem type="survivor" free="0" total="1310720" percent="0" />
    </mem>
    <mem type="tenure" free="1411376" total="5636096" percent="25">
      <mem type="soa" free="1162544" total="5354496" percent="21" />
      <mem type="loa" free="248832" total="281600" percent="88" />
    </mem>
    <remembered-set count="325" />
  </mem-info>
</gc-start>
<allocation-stats totalBytes="7183032" >
  <allocated-bytes non-tlh="48" tlh="7182984" />
  <largest-consumer threadName="Thread-4" threadId="0000000000D30500" bytes="2452560" />
</allocation-stats>
<gc-op id="1938" type="scavenge" timems="0.415" contextid="1935" timestamp="2019-06-17T03:33:20.049">
  <scavenger-info tenureage="6" tenuremask="7fc0" tiltratio="86" />
  <memory-copied type="nursery" objects="2665" bytes="1031680" bytesdiscarded="195728" />
  <references type="weak" candidates="1" cleared="0" enqueued="0" />
  <references type="phantom" candidates="1" cleared="0" enqueued="0" />
</gc-op>
<gc-end id="1939" type="scavenge" contextid="1935" durationms="0.591" usertimems="0.000" systemtimems="0.000" timestamp="2019-06-17T03:33:20.049" activeThreads="4">
  <mem-info id="1940" free="8703584" total="15335424" percent="56">
    <mem type="nursery" free="7292208" total="9699328" percent="75">
      <mem type="allocate" free="7292208" total="8519680" percent="85" />
      <mem type="survivor" free="0" total="1179648" percent="0" />
    </mem>
    <mem type="tenure" free="1411376" total="5636096" percent="25">
      <mem type="soa" free="1162544" total="5354496" percent="21" />
      <mem type="loa" free="248832" total="281600" percent="88" />
    </mem>
    <remembered-set count="107" />
  </mem-info>
</gc-end>
<cycle-end id="1941" type="scavenge" contextid="1935" timestamp="2019-06-17T03:33:20.049" />
  <attribute name="elasticGC enabled" value="1" />
  <attribute name= "numThreadsSpecified" value="4" />
  <attribute name="heapSize specified" value="12058624" />
  <attribute name="Current GC Util" value="13" />
  <attribute name= "Current Time Running" value="6629" />
  <attribute name ="GC Interval" value="200" />
  <attribute name="ProportionalT" value="-10.500000" />
  <attribute name="ProportionalI" value="-10.500000" />
  <attribute name="ProportionalH" value="-10.500000" />
  <attribute name="Current Error" value="-7.000000" />
  <attribute name="IntegralT" value="-406.000000" />
  <attribute name="IntegralI" value="-406.000000" />
  <attribute name="IntegralH" value="-406.000000" />
  <attribute name="DerivativeT" value="-0.181034" />
  <attribute name="DerivativeI" value="-0.181034" />
  <attribute name="DerivativeH" value="-0.181034" />
  <attribute name="Loop Time for DT" value="58.000000" />
  <attribute name="Output H" value="2092630016"/>
  <attribute name="Output I" value="200"/>
  <attribute name="Output T" value="4"/>
  <attribute name="Target GC Util Change" value ="20.000000" />
  <attribute name="Current GC Util Change" value="13.000000"/>
  <attribute name="GC Util currently" value="13" />
  <attribute name="CPU Util currently" value="78622529700" />
<allocation-satisfied id="1942" threadId="0000000000D34100" bytesRequested="16392" />
<af-end id="1943" timestamp="2019-06-17T03:33:20.049" threadId="0000000000D34A88" success="true" from="nursery"/>
<exclusive-end id="1944" timestamp="2019-06-17T03:33:20.049" durationms="1.030" />

<exclusive-start id="1945" timestamp="2019-06-17T03:33:20.109" intervalms="60.835">
  <response-info timems="0.069" idlems="0.069" threads="0" lastid="0000000000D30500" lastname="Thread-4" />
</exclusive-start>
<af-start id="1946" threadId="0000000000D30E88" totalBytesRequested="48" timestamp="2019-06-17T03:33:20.109" intervalms="60.833" type="nursery" />
<cycle-start id="1947" type="scavenge" contextid="0" timestamp="2019-06-17T03:33:20.109" intervalms="60.835" />
<gc-start id="1948" type="scavenge" contextid="1947" timestamp="2019-06-17T03:33:20.109">
  <mem-info id="1949" free="1411376" total="15335424" percent="9">
    <mem type="nursery" free="0" total="9699328" percent="0">
      <mem type="allocate" free="0" total="8519680" percent="0" />
      <mem type="survivor" free="0" total="1179648" percent="0" />
    </mem>
    <mem type="tenure" free="1411376" total="5636096" percent="25">
      <mem type="soa" free="1162544" total="5354496" percent="21" />
      <mem type="loa" free="248832" total="281600" percent="88" />
    </mem>
    <remembered-set count="334" />
  </mem-info>
</gc-start>
<allocation-stats totalBytes="7257192" >
  <allocated-bytes non-tlh="16392" tlh="7240800" />
  <largest-consumer threadName="Thread-4" threadId="0000000000D30500" bytes="2455208" />
</allocation-stats>
<gc-op id="1950" type="scavenge" timems="3.583" contextid="1947" timestamp="2019-06-17T03:33:20.113">
  <scavenger-info tenureage="6" tenuremask="7fc0" tiltratio="87" />
  <memory-copied type="nursery" objects="2737" bytes="1043616" bytesdiscarded="90688" />
</gc-op>
<gc-end id="1951" type="scavenge" contextid="1947" durationms="4.030" usertimems="0.000" systemtimems="4.000" timestamp="2019-06-17T03:33:20.113" activeThreads="4">
  <mem-info id="1952" free="8796688" total="15335424" percent="57">
    <mem type="nursery" free="7385312" total="9699328" percent="76">
      <mem type="allocate" free="7385312" total="8519680" percent="86" />
      <mem type="survivor" free="0" total="1179648" percent="0" />
    </mem>
    <mem type="tenure" free="1411376" total="5636096" percent="25">
      <mem type="soa" free="1162544" total="5354496" percent="21" />
      <mem type="loa" free="248832" total="281600" percent="88" />
    </mem>
    <remembered-set count="110" />
  </mem-info>
</gc-end>
<cycle-end id="1953" type="scavenge" contextid="1947" timestamp="2019-06-17T03:33:20.113" />
  <attribute name="elasticGC enabled" value="1" />
  <attribute name= "numThreadsSpecified" value="4" />
  <attribute name="heapSize specified" value="12058624" />
  <attribute name="Current GC Util" value="1" />
  <attribute name= "Current Time Running" value="6690" />
  <attribute name ="GC Interval" value="200" />
  <attribute name="ProportionalT" value="-28.500000" />
  <attribute name="ProportionalI" value="-28.500000" />
  <attribute name="ProportionalH" value="-28.500000" />
  <attribute name="Current Error" value="-19.000000" />
  <attribute name="IntegralT" value="-1159.000000" />
  <attribute name="IntegralI" value="-1159.000000" />
  <attribute name="IntegralH" value="-1159.000000" />
  <attribute name="DerivativeT" value="-0.467213" />
  <attribute name="DerivativeI" value="-0.467213" />
  <attribute name="DerivativeH" value="-0.467213" />
  <attribute name="Loop Time for DT" value="61.000000" />
  <attribute name="Output H" value="2092630016"/>
  <attribute name="Output I" value="200"/>
  <attribute name="Output T" value="4"/>
  <attribute name="Target GC Util Change" value ="20.000000" />
  <attribute name="Current GC Util Change" value="1.000000"/>
  <attribute name="GC Util currently" value="1" />
  <attribute name="CPU Util currently" value="75752393238" />
<allocation-satisfied id="1954" threadId="0000000000D30500" bytesRequested="48" />
<af-end id="1955" timestamp="2019-06-17T03:33:20.113" threadId="0000000000D30E88" success="true" from="nursery"/>
<exclusive-end id="1956" timestamp="2019-06-17T03:33:20.114" durationms="4.841" />

<exclusive-start id="1957" timestamp="2019-06-17T03:33:20.169" intervalms="60.562">
  <response-info timems="0.040" idlems="0.040" threads="0" lastid="0000000000D2C900" lastname="Thread-3" />
</exclusive-start>
<af-start id="1958" threadId="0000000000D2D288" totalBytesRequested="32776" timestamp="2019-06-17T03:33:20.169" intervalms="60.568" type="nursery" />
<cycle-start id="1959" type="scavenge" contextid="0" timestamp="2019-06-17T03:33:20.169" intervalms="60.566" />
<gc-start id="1960" type="scavenge" contextid="1959" timestamp="2019-06-17T03:33:20.170">
  <mem-info id="1961" free="1411376" total="15335424" percent="9">
    <mem type="nursery" free="0" total="9699328" percent="0">
      <mem type="allocate" free="0" total="8519680" percent="0" />
      <mem type="survivor" free="0" total="1179648" percent="0" />
    </mem>
    <mem type="tenure" free="1411376" total="5636096" percent="25">
      <mem type="soa" free="1162544" total="5354496" percent="21" />
      <mem type="loa" free="248832" total="281600" percent="88" />
    </mem>
    <remembered-set count="331" />
  </mem-info>
</gc-start>
<allocation-stats totalBytes="7364168" >
  <allocated-bytes non-tlh="48" tlh="7364120" />
  <largest-consumer threadName="Thread-4" threadId="0000000000D30500" bytes="2202872" />
</allocation-stats>
<gc-op id="1962" type="scavenge" timems="0.731" contextid="1959" timestamp="2019-06-17T03:33:20.170">
  <scavenger-info tenureage="6" tenuremask="7fc0" tiltratio="87" />
  <memory-copied type="nursery" objects="2730" bytes="1049000" bytesdiscarded="108552" />
</gc-op>
<gc-end id="1963" type="scavenge" contextid="1959" durationms="0.923" usertimems="4.000" systemtimems="0.000" timestamp="2019-06-17T03:33:20.170" activeThreads="4">
  <mem-info id="1964" free="8773432" total="15335424" percent="57">
    <mem type="nursery" free="7362056" total="9699328" percent="75">
      <mem type="allocate" free="7362056" total="8519680" percent="86" />
      <mem type="survivor" free="0" total="1179648" percent="0" />
    </mem>
    <mem type="tenure" free="1411376" total="5636096" percent="25">
      <mem type="soa" free="1162544" total="5354496" percent="21" />
      <mem type="loa" free="248832" total="281600" percent="88" />
    </mem>
    <remembered-set count="105" />
  </mem-info>
</gc-end>
<cycle-end id="1965" type="scavenge" contextid="1959" timestamp="2019-06-17T03:33:20.171" />
  <attribute name="elasticGC enabled" value="1" />
  <attribute name= "numThreadsSpecified" value="4" />
  <attribute name="heapSize specified" value="12058624" />
  <attribute name="Current GC Util" value="9" />
  <attribute name= "Current Time Running" value="6751" />
  <attribute name ="GC Interval" value="200" />
  <attribute name="ProportionalT" value="-16.500000" />
  <attribute name="ProportionalI" value="-16.500000" />
  <attribute name="ProportionalH" value="-16.500000" />
  <attribute name="Current Error" value="-11.000000" />
  <attribute name="IntegralT" value="-671.000000" />
  <attribute name="IntegralI" value="-671.000000" />
  <attribute name="IntegralH" value="-671.000000" />
  <attribute name="DerivativeT" value="-0.270492" />
  <attribute name="DerivativeI" value="-0.270492" />
  <attribute name="DerivativeH" value="-0.270492" />
  <attribute name="Loop Time for DT" value="61.000000" />
  <attribute name="Output H" value="2092630016"/>
  <attribute name="Output I" value="200"/>
  <attribute name="Output T" value="4"/>
  <attribute name="Target GC Util Change" value ="20.000000" />
  <attribute name="Current GC Util Change" value="9.000000"/>
  <attribute name="GC Util currently" value="9" />
  <attribute name="CPU Util currently" value="76191874556" />
<allocation-satisfied id="1966" threadId="0000000000D2C900" bytesRequested="32776" />
<af-end id="1967" timestamp="2019-06-17T03:33:20.171" threadId="0000000000D2D288" success="true" from="nursery"/>
<exclusive-end id="1968" timestamp="2019-06-17T03:33:20.171" durationms="1.636" />

<exclusive-start id="1969" timestamp="2019-06-17T03:33:20.214" intervalms="44.660">
  <response-info timems="0.043" idlems="0.043" threads="0" lastid="0000000000D2C900" lastname="Thread-3" />
</exclusive-start>
<af-start id="1970" threadId="0000000000D2D288" totalBytesRequested="32776" timestamp="2019-06-17T03:33:20.214" intervalms="44.654" type="nursery" />
<cycle-start id="1971" type="scavenge" contextid="0" timestamp="2019-06-17T03:33:20.214" intervalms="44.653" />
<gc-start id="1972" type="scavenge" contextid="1971" timestamp="2019-06-17T03:33:20.214">
  <mem-info id="1973" free="1411376" total="15335424" percent="9">
    <mem type="nursery" free="0" total="9699328" percent="0">
      <mem type="allocate" free="0" total="8519680" percent="0" />
      <mem type="survivor" free="0" total="1179648" percent="0" />
    </mem>
    <mem type="tenure" free="1411376" total="5636096" percent="25">
      <mem type="soa" free="1162544" total="5354496" percent="21" />
      <mem type="loa" free="248832" total="281600" percent="88" />
    </mem>
    <remembered-set count="323" />
  </mem-info>
</gc-start>
<allocation-stats totalBytes="7339976" >
  <allocated-bytes non-tlh="32776" tlh="7307200" />
  <largest-consumer threadName="Thread-5" threadId="0000000000D34100" bytes="2878128" />
</allocation-stats>
<gc-op id="1974" type="scavenge" timems="1.098" contextid="1971" timestamp="2019-06-17T03:33:20.215">
  <scavenger-info tenureage="6" tenuremask="7fc0" tiltratio="87" />
  <memory-copied type="nursery" objects="2781" bytes="1124752" bytesdiscarded="54824" />
</gc-op>
<gc-end id="1975" type="scavenge" contextid="1971" durationms="1.283" usertimems="0.000" systemtimems="0.000" timestamp="2019-06-17T03:33:20.215" activeThreads="4">
  <mem-info id="1976" free="8620336" total="15335424" percent="56">
    <mem type="nursery" free="7208960" total="9699328" percent="74">
      <mem type="allocate" free="7208960" total="8388608" percent="85" />
      <mem type="survivor" free="0" total="1310720" percent="0" />
    </mem>
    <mem type="tenure" free="1411376" total="5636096" percent="25">
      <mem type="soa" free="1162544" total="5354496" percent="21" />
      <mem type="loa" free="248832" total="281600" percent="88" />
    </mem>
    <remembered-set count="113" />
  </mem-info>
</gc-end>
<cycle-end id="1977" type="scavenge" contextid="1971" timestamp="2019-06-17T03:33:20.216" />
  <attribute name="elasticGC enabled" value="1" />
  <attribute name= "numThreadsSpecified" value="4" />
  <attribute name="heapSize specified" value="12058624" />
  <attribute name="Current GC Util" value="3" />
  <attribute name= "Current Time Running" value="6795" />
  <attribute name ="GC Interval" value="200" />
  <attribute name="ProportionalT" value="-25.500000" />
  <attribute name="ProportionalI" value="-25.500000" />
  <attribute name="ProportionalH" value="-25.500000" />
  <attribute name="Current Error" value="-17.000000" />
  <attribute name="IntegralT" value="-748.000000" />
  <attribute name="IntegralI" value="-748.000000" />
  <attribute name="IntegralH" value="-748.000000" />
  <attribute name="DerivativeT" value="-0.579545" />
  <attribute name="DerivativeI" value="-0.579545" />
  <attribute name="DerivativeH" value="-0.579545" />
  <attribute name="Loop Time for DT" value="44.000000" />
  <attribute name="Output H" value="2092630016"/>
  <attribute name="Output I" value="200"/>
  <attribute name="Output T" value="4"/>
  <attribute name="Target GC Util Change" value ="20.000000" />
  <attribute name="Current GC Util Change" value="3.000000"/>
  <attribute name="GC Util currently" value="3" />
  <attribute name="CPU Util currently" value="103300283737" />
<allocation-satisfied id="1978" threadId="0000000000D2C900" bytesRequested="32776" />
<af-end id="1979" timestamp="2019-06-17T03:33:20.216" threadId="0000000000D2D288" success="true" from="nursery"/>
<exclusive-end id="1980" timestamp="2019-06-17T03:33:20.216" durationms="1.716" />

<exclusive-start id="1981" timestamp="2019-06-17T03:33:20.261" intervalms="47.340">
  <response-info timems="0.049" idlems="0.049" threads="0" lastid="0000000000D37D00" lastname="Thread-6" />
</exclusive-start>
<af-start id="1982" threadId="0000000000D38688" totalBytesRequested="16392" timestamp="2019-06-17T03:33:20.261" intervalms="47.328" type="nursery" />
<cycle-start id="1983" type="scavenge" contextid="0" timestamp="2019-06-17T03:33:20.261" intervalms="47.318" />
<gc-start id="1984" type="scavenge" contextid="1983" timestamp="2019-06-17T03:33:20.261">
  <mem-info id="1985" free="1411376" total="15335424" percent="9">
    <mem type="nursery" free="0" total="9699328" percent="0">
      <mem type="allocate" free="0" total="8388608" percent="0" />
      <mem type="survivor" free="0" total="1310720" percent="0" />
    </mem>
    <mem type="tenure" free="1411376" total="5636096" percent="25">
      <mem type="soa" free="1162544" total="5354496" percent="21" />
      <mem type="loa" free="248832" total="281600" percent="88" />
    </mem>
    <remembered-set count="315" />
  </mem-info>
</gc-start>
<allocation-stats totalBytes="7151384" >
  <allocated-bytes non-tlh="32776" tlh="7118608" />
  <largest-consumer threadName="Thread-3" threadId="0000000000D2C900" bytes="3037632" />
</allocation-stats>
<gc-op id="1986" type="scavenge" timems="0.306" contextid="1983" timestamp="2019-06-17T03:33:20.262">
  <scavenger-info tenureage="6" tenuremask="7fc0" tiltratio="86" />
  <memory-copied type="nursery" objects="1979" bytes="827680" bytesdiscarded="141480" />
  <memory-copied type="tenure" objects="1" bytes="112" bytesdiscarded="0" />
</gc-op>
<gc-end id="1987" type="scavenge" contextid="1983" durationms="0.465" usertimems="4.000" systemtimems="0.000" timestamp="2019-06-17T03:33:20.262" activeThreads="4">
  <mem-info id="1988" free="8830760" total="15335424" percent="57">
    <mem type="nursery" free="7419384" total="9699328" percent="76">
      <mem type="allocate" free="7419384" total="8388608" percent="88" />
      <mem type="survivor" free="0" total="1310720" percent="0" />
    </mem>
    <mem type="tenure" free="1411376" total="5636096" percent="25">
      <mem type="soa" free="1162544" total="5354496" percent="21" />
      <mem type="loa" free="248832" total="281600" percent="88" />
    </mem>
    <remembered-set count="110" />
  </mem-info>
</gc-end>
<cycle-end id="1989" type="scavenge" contextid="1983" timestamp="2019-06-17T03:33:20.262" />
  <attribute name="elasticGC enabled" value="1" />
  <attribute name= "numThreadsSpecified" value="4" />
  <attribute name="heapSize specified" value="12058624" />
  <attribute name="Current GC Util" value="4" />
  <attribute name= "Current Time Running" value="6843" />
  <attribute name ="GC Interval" value="200" />
  <attribute name="ProportionalT" value="-24.000000" />
  <attribute name="ProportionalI" value="-24.000000" />
  <attribute name="ProportionalH" value="-24.000000" />
  <attribute name="Current Error" value="-16.000000" />
  <attribute name="IntegralT" value="-768.000000" />
  <attribute name="IntegralI" value="-768.000000" />
  <attribute name="IntegralH" value="-768.000000" />
  <attribute name="DerivativeT" value="-0.500000" />
  <attribute name="DerivativeI" value="-0.500000" />
  <attribute name="DerivativeH" value="-0.500000" />
  <attribute name="Loop Time for DT" value="48.000000" />
  <attribute name="Output H" value="2092630016"/>
  <attribute name="Output I" value="200"/>
  <attribute name="Output T" value="4"/>
  <attribute name="Target GC Util Change" value ="20.000000" />
  <attribute name="Current GC Util Change" value="4.000000"/>
  <attribute name="GC Util currently" value="4" />
  <attribute name="CPU Util currently" value="97509430923" />
<allocation-satisfied id="1990" threadId="0000000000D37D00" bytesRequested="16392" />
<af-end id="1991" timestamp="2019-06-17T03:33:20.262" threadId="0000000000D38688" success="true" from="nursery"/>
<exclusive-end id="1992" timestamp="2019-06-17T03:33:20.262" durationms="0.824" />

<exclusive-start id="1993" timestamp="2019-06-17T03:33:20.317" intervalms="56.140">
  <response-info timems="0.030" idlems="0.030" threads="0" lastid="0000000000D30500" lastname="Thread-4" />
</exclusive-start>
<af-start id="1994" threadId="0000000000D30E88" totalBytesRequested="16392" timestamp="2019-06-17T03:33:20.318" intervalms="56.202" type="nursery" />
<cycle-start id="1995" type="scavenge" contextid="0" timestamp="2019-06-17T03:33:20.318" intervalms="56.214" />
<gc-start id="1996" type="scavenge" contextid="1995" timestamp="2019-06-17T03:33:20.318">
  <mem-info id="1997" free="1411376" total="15335424" percent="9">
    <mem type="nursery" free="0" total="9699328" percent="0">
      <mem type="allocate" free="0" total="8388608" percent="0" />
      <mem type="survivor" free="0" total="1310720" percent="0" />
    </mem>
    <mem type="tenure" free="1411376" total="5636096" percent="25">
      <mem type="soa" free="1162544" total="5354496" percent="21" />
      <mem type="loa" free="248832" total="281600" percent="88" />
    </mem>
    <remembered-set count="330" />
  </mem-info>
</gc-start>
<allocation-stats totalBytes="7342784" >
  <allocated-bytes non-tlh="49168" tlh="7293616" />
  <largest-consumer threadName="Thread-3" threadId="0000000000D2C900" bytes="2543984" />
</allocation-stats>
<gc-op id="1998" type="scavenge" timems="2.380" contextid="1995" timestamp="2019-06-17T03:33:20.320">
  <scavenger-info tenureage="7" tenuremask="7f80" tiltratio="86" />
  <memory-copied type="nursery" objects="2132" bytes="874112" bytesdiscarded="90408" />
</gc-op>
<gc-end id="1999" type="scavenge" contextid="1995" durationms="2.795" usertimems="4.000" systemtimems="0.000" timestamp="2019-06-17T03:33:20.320" activeThreads="4">
  <mem-info id="2000" free="8900936" total="15335424" percent="58">
    <mem type="nursery" free="7489560" total="9699328" percent="77">
      <mem type="allocate" free="7489560" total="8454144" percent="88" />
      <mem type="survivor" free="0" total="1245184" percent="0" />
    </mem>
    <mem type="tenure" free="1411376" total="5636096" percent="25">
      <mem type="soa" free="1162544" total="5354496" percent="21" />
      <mem type="loa" free="248832" total="281600" percent="88" />
    </mem>
    <remembered-set count="105" />
  </mem-info>
</gc-end>
<cycle-end id="2001" type="scavenge" contextid="1995" timestamp="2019-06-17T03:33:20.321" />
  <attribute name="elasticGC enabled" value="1" />
  <attribute name= "numThreadsSpecified" value="4" />
  <attribute name="heapSize specified" value="12058624" />
  <attribute name="Current GC Util" value="1" />
  <attribute name= "Current Time Running" value="6899" />
  <attribute name ="GC Interval" value="200" />
  <attribute name="ProportionalT" value="-28.500000" />
  <attribute name="ProportionalI" value="-28.500000" />
  <attribute name="ProportionalH" value="-28.500000" />
  <attribute name="Current Error" value="-19.000000" />
  <attribute name="IntegralT" value="-1064.000000" />
  <attribute name="IntegralI" value="-1064.000000" />
  <attribute name="IntegralH" value="-1064.000000" />
  <attribute name="DerivativeT" value="-0.508929" />
  <attribute name="DerivativeI" value="-0.508929" />
  <attribute name="DerivativeH" value="-0.508929" />
  <attribute name="Loop Time for DT" value="56.000000" />
  <attribute name="Output H" value="2092630016"/>
  <attribute name="Output I" value="200"/>
  <attribute name="Output T" value="4"/>
  <attribute name="Target GC Util Change" value ="20.000000" />
  <attribute name="Current GC Util Change" value="1.000000"/>
  <attribute name="GC Util currently" value="1" />
  <attribute name="CPU Util currently" value="81991403314" />
<allocation-satisfied id="2002" threadId="0000000000D30500" bytesRequested="16392" />
<af-end id="2003" timestamp="2019-06-17T03:33:20.321" threadId="0000000000D30E88" success="true" from="nursery"/>
<exclusive-end id="2004" timestamp="2019-06-17T03:33:20.321" durationms="3.557" />

<exclusive-start id="2005" timestamp="2019-06-17T03:33:20.380" intervalms="62.184">
  <response-info timems="0.039" idlems="0.039" threads="0" lastid="0000000000D34100" lastname="Thread-5" />
</exclusive-start>
<af-start id="2006" threadId="0000000000D34A88" totalBytesRequested="16392" timestamp="2019-06-17T03:33:20.380" intervalms="62.138" type="nursery" />
<cycle-start id="2007" type="scavenge" contextid="0" timestamp="2019-06-17T03:33:20.380" intervalms="62.137" />
<gc-start id="2008" type="scavenge" contextid="2007" timestamp="2019-06-17T03:33:20.380">
  <mem-info id="2009" free="1411376" total="15335424" percent="9">
    <mem type="nursery" free="0" total="9699328" percent="0">
      <mem type="allocate" free="0" total="8454144" percent="0" />
      <mem type="survivor" free="0" total="1245184" percent="0" />
    </mem>
    <mem type="tenure" free="1411376" total="5636096" percent="25">
      <mem type="soa" free="1162544" total="5354496" percent="21" />
      <mem type="loa" free="248832" total="281600" percent="88" />
    </mem>
    <remembered-set count="329" />
  </mem-info>
</gc-start>
<allocation-stats totalBytes="7450968" >
  <allocated-bytes non-tlh="16392" tlh="7434576" />
  <largest-consumer threadName="Thread-5" threadId="0000000000D34100" bytes="2845208" />
</allocation-stats>
<gc-op id="2010" type="scavenge" timems="0.338" contextid="2007" timestamp="2019-06-17T03:33:20.380">
  <scavenger-info tenureage="7" tenuremask="7f80" tiltratio="87" />
  <memory-copied type="nursery" objects="1561" bytes="709520" bytesdiscarded="332272" />
  <references type="phantom" candidates="1" cleared="0" enqueued="0" />
</gc-op>
<gc-end id="2011" type="scavenge" contextid="2007" durationms="0.525" usertimems="0.000" systemtimems="0.000" timestamp="2019-06-17T03:33:20.380" activeThreads="4">
  <mem-info id="2012" free="8889192" total="15335424" percent="57">
    <mem type="nursery" free="7477816" total="9699328" percent="77">
      <mem type="allocate" free="7477816" total="8519680" percent="87" />
      <mem type="survivor" free="0" total="1179648" percent="0" />
    </mem>
    <mem type="tenure" free="1411376" total="5636096" percent="25">
      <mem type="soa" free="1162544" total="5354496" percent="21" />
      <mem type="loa" free="248832" total="281600" percent="88" />
    </mem>
    <remembered-set count="101" />
  </mem-info>
</gc-end>
<cycle-end id="2013" type="scavenge" contextid="2007" timestamp="2019-06-17T03:33:20.380" />
  <attribute name="elasticGC enabled" value="1" />
  <attribute name= "numThreadsSpecified" value="4" />
  <attribute name="heapSize specified" value="12058624" />
  <attribute name="Current GC Util" value="5" />
  <attribute name= "Current Time Running" value="6961" />
  <attribute name ="GC Interval" value="200" />
  <attribute name="ProportionalT" value="-22.500000" />
  <attribute name="ProportionalI" value="-22.500000" />
  <attribute name="ProportionalH" value="-22.500000" />
  <attribute name="Current Error" value="-15.000000" />
  <attribute name="IntegralT" value="-930.000000" />
  <attribute name="IntegralI" value="-930.000000" />
  <attribute name="IntegralH" value="-930.000000" />
  <attribute name="DerivativeT" value="-0.362903" />
  <attribute name="DerivativeI" value="-0.362903" />
  <attribute name="DerivativeH" value="-0.362903" />
  <attribute name="Loop Time for DT" value="62.000000" />
  <attribute name="Output H" value="2092630016"/>
  <attribute name="Output I" value="200"/>
  <attribute name="Output T" value="4"/>
  <attribute name="Target GC Util Change" value ="20.000000" />
  <attribute name="Current GC Util Change" value="5.000000"/>
  <attribute name="GC Util currently" value="5" />
  <attribute name="CPU Util currently" value="74231874535" />
<allocation-satisfied id="2014" threadId="0000000000D34100" bytesRequested="16392" />
<af-end id="2015" timestamp="2019-06-17T03:33:20.381" threadId="0000000000D34A88" success="true" from="nursery"/>
<exclusive-end id="2016" timestamp="2019-06-17T03:33:20.381" durationms="0.966" />

<exclusive-start id="2017" timestamp="2019-06-17T03:33:20.434" intervalms="54.548">
  <response-info timems="0.056" idlems="0.056" threads="0" lastid="0000000000D30500" lastname="Thread-4" />
</exclusive-start>
<af-start id="2018" threadId="0000000000D30E88" totalBytesRequested="16392" timestamp="2019-06-17T03:33:20.434" intervalms="54.563" type="nursery" />
<cycle-start id="2019" type="scavenge" contextid="0" timestamp="2019-06-17T03:33:20.434" intervalms="54.578" />
<gc-start id="2020" type="scavenge" contextid="2019" timestamp="2019-06-17T03:33:20.434">
  <mem-info id="2021" free="1411376" total="15335424" percent="9">
    <mem type="nursery" free="0" total="9699328" percent="0">
      <mem type="allocate" free="0" total="8519680" percent="0" />
      <mem type="survivor" free="0" total="1179648" percent="0" />
    </mem>
    <mem type="tenure" free="1411376" total="5636096" percent="25">
      <mem type="soa" free="1162544" total="5354496" percent="21" />
      <mem type="loa" free="248832" total="281600" percent="88" />
    </mem>
    <remembered-set count="322" />
  </mem-info>
</gc-start>
<allocation-stats totalBytes="7468056" >
  <allocated-bytes non-tlh="16392" tlh="7451664" />
  <largest-consumer threadName="Thread-3" threadId="0000000000D2C900" bytes="2555264" />
</allocation-stats>
<gc-op id="2022" type="scavenge" timems="4.183" contextid="2019" timestamp="2019-06-17T03:33:20.439">
  <scavenger-info tenureage="8" tenuremask="7f00" tiltratio="87" />
  <memory-copied type="nursery" objects="2027" bytes="741240" bytesdiscarded="197320" />
</gc-op>
<heap-resize id="2023" type="expand" space="nursery" amount="393216" count="1" timems="0.016" reason="excessive time being spent scavenging" timestamp="2019-06-17T03:33:20.439" />
<gc-end id="2024" type="scavenge" contextid="2019" durationms="4.899" usertimems="4.000" systemtimems="0.000" timestamp="2019-06-17T03:33:20.439" activeThreads="4">
  <mem-info id="2025" free="9385656" total="15728640" percent="59">
    <mem type="nursery" free="7974280" total="10092544" percent="79">
      <mem type="allocate" free="7974280" total="8912896" percent="89" />
      <mem type="survivor" free="0" total="1179648" percent="0" />
    </mem>
    <mem type="tenure" free="1411376" total="5636096" percent="25">
      <mem type="soa" free="1162544" total="5354496" percent="21" />
      <mem type="loa" free="248832" total="281600" percent="88" />
    </mem>
    <remembered-set count="105" />
  </mem-info>
</gc-end>
<cycle-end id="2026" type="scavenge" contextid="2019" timestamp="2019-06-17T03:33:20.440" />
  <attribute name="elasticGC enabled" value="1" />
  <attribute name= "numThreadsSpecified" value="4" />
  <attribute name="heapSize specified" value="12058624" />
  <attribute name="Current GC Util" value="1" />
  <attribute name= "Current Time Running" value="7016" />
  <attribute name ="GC Interval" value="200" />
  <attribute name="ProportionalT" value="-28.500000" />
  <attribute name="ProportionalI" value="-28.500000" />
  <attribute name="ProportionalH" value="-28.500000" />
  <attribute name="Current Error" value="-19.000000" />
  <attribute name="IntegralT" value="-1045.000000" />
  <attribute name="IntegralI" value="-1045.000000" />
  <attribute name="IntegralH" value="-1045.000000" />
  <attribute name="DerivativeT" value="-0.518182" />
  <attribute name="DerivativeI" value="-0.518182" />
  <attribute name="DerivativeH" value="-0.518182" />
  <attribute name="Loop Time for DT" value="55.000000" />
  <attribute name="Output H" value="2092630016"/>
  <attribute name="Output I" value="200"/>
  <attribute name="Output T" value="4"/>
  <attribute name="Target GC Util Change" value ="20.000000" />
  <attribute name="Current GC Util Change" value="1.000000"/>
  <attribute name="GC Util currently" value="1" />
  <attribute name="CPU Util currently" value="84316477189" />
<allocation-satisfied id="2027" threadId="0000000000D30500" bytesRequested="16392" />
<af-end id="2028" timestamp="2019-06-17T03:33:20.440" threadId="0000000000D30E88" success="true" from="nursery"/>
<exclusive-end id="2029" timestamp="2019-06-17T03:33:20.440" durationms="6.077" />

<exclusive-start id="2030" timestamp="2019-06-17T03:33:20.493" intervalms="58.706">
  <response-info timems="0.037" idlems="0.037" threads="0" lastid="0000000000D2C900" lastname="Thread-3" />
</exclusive-start>
<af-start id="2031" threadId="0000000000D2D288" totalBytesRequested="8200" timestamp="2019-06-17T03:33:20.493" intervalms="58.692" type="nursery" />
<cycle-start id="2032" type="scavenge" contextid="0" timestamp="2019-06-17T03:33:20.493" intervalms="58.682" />
<gc-start id="2033" type="scavenge" contextid="2032" timestamp="2019-06-17T03:33:20.493">
  <mem-info id="2034" free="1411376" total="15728640" percent="8">
    <mem type="nursery" free="0" total="10092544" percent="0">
      <mem type="allocate" free="0" total="8912896" percent="0" />
      <mem type="survivor" free="0" total="1179648" percent="0" />
    </mem>
    <mem type="tenure" free="1411376" total="5636096" percent="25">
      <mem type="soa" free="1162544" total="5354496" percent="21" />
      <mem type="loa" free="248832" total="281600" percent="88" />
    </mem>
    <remembered-set count="335" />
  </mem-info>
</gc-start>
<allocation-stats totalBytes="7905392" >
  <allocated-bytes non-tlh="16392" tlh="7889000" />
  <largest-consumer threadName="Thread-3" threadId="0000000000D2C900" bytes="2371840" />
</allocation-stats>
<gc-op id="2035" type="scavenge" timems="0.897" contextid="2032" timestamp="2019-06-17T03:33:20.494">
  <scavenger-info tenureage="9" tenuremask="7e00" tiltratio="88" />
  <memory-copied type="nursery" objects="1524" bytes="830800" bytesdiscarded="38224" />
  <references type="phantom" candidates="2" cleared="0" enqueued="0" />
</gc-op>
<gc-end id="2036" type="scavenge" contextid="2032" durationms="1.140" usertimems="0.000" systemtimems="0.000" timestamp="2019-06-17T03:33:20.494" activeThreads="4">
  <mem-info id="2037" free="9520696" total="15728640" percent="60">
    <mem type="nursery" free="8109320" total="10092544" percent="80">
      <mem type="allocate" free="8109320" total="8978432" percent="90" />
      <mem type="survivor" free="0" total="1114112" percent="0" />
    </mem>
    <mem type="tenure" free="1411376" total="5636096" percent="25">
      <mem type="soa" free="1162544" total="5354496" percent="21" />
      <mem type="loa" free="248832" total="281600" percent="88" />
    </mem>
    <remembered-set count="105" />
  </mem-info>
</gc-end>
<cycle-end id="2038" type="scavenge" contextid="2032" timestamp="2019-06-17T03:33:20.494" />
  <attribute name="elasticGC enabled" value="1" />
  <attribute name= "numThreadsSpecified" value="4" />
  <attribute name="heapSize specified" value="12058624" />
  <attribute name="Current GC Util" value="12" />
  <attribute name= "Current Time Running" value="7074" />
  <attribute name ="GC Interval" value="200" />
  <attribute name="ProportionalT" value="-12.000000" />
  <attribute name="ProportionalI" value="-12.000000" />
  <attribute name="ProportionalH" value="-12.000000" />
  <attribute name="Current Error" value="-8.000000" />
  <attribute name="IntegralT" value="-464.000000" />
  <attribute name="IntegralI" value="-464.000000" />
  <attribute name="IntegralH" value="-464.000000" />
  <attribute name="DerivativeT" value="-0.206897" />
  <attribute name="DerivativeI" value="-0.206897" />
  <attribute name="DerivativeH" value="-0.206897" />
  <attribute name="Loop Time for DT" value="58.000000" />
  <attribute name="Output H" value="2092630016"/>
  <attribute name="Output I" value="200"/>
  <attribute name="Output T" value="4"/>
  <attribute name="Target GC Util Change" value ="20.000000" />
  <attribute name="Current GC Util Change" value="12.000000"/>
  <attribute name="GC Util currently" value="12" />
  <attribute name="CPU Util currently" value="78658199163" />
<allocation-satisfied id="2039" threadId="0000000000D2C900" bytesRequested="8200" />
<af-end id="2040" timestamp="2019-06-17T03:33:20.495" threadId="0000000000D2D288" success="true" from="nursery"/>
<exclusive-end id="2041" timestamp="2019-06-17T03:33:20.495" durationms="1.747" />

<exclusive-start id="2042" timestamp="2019-06-17T03:33:20.552" intervalms="59.526">
  <response-info timems="0.039" idlems="0.039" threads="0" lastid="0000000000D37D00" lastname="Thread-6" />
</exclusive-start>
<af-start id="2043" threadId="0000000000D38688" totalBytesRequested="48" timestamp="2019-06-17T03:33:20.553" intervalms="59.555" type="nursery" />
<cycle-start id="2044" type="scavenge" contextid="0" timestamp="2019-06-17T03:33:20.553" intervalms="59.550" />
<gc-start id="2045" type="scavenge" contextid="2044" timestamp="2019-06-17T03:33:20.553">
  <mem-info id="2046" free="1411376" total="15728640" percent="8">
    <mem type="nursery" free="0" total="10092544" percent="0">
      <mem type="allocate" free="0" total="8978432" percent="0" />
      <mem type="survivor" free="0" total="1114112" percent="0" />
    </mem>
    <mem type="tenure" free="1411376" total="5636096" percent="25">
      <mem type="soa" free="1162544" total="5354496" percent="21" />
      <mem type="loa" free="248832" total="281600" percent="88" />
    </mem>
    <remembered-set count="336" />
  </mem-info>
</gc-start>
<allocation-stats totalBytes="8077272" >
  <allocated-bytes non-tlh="8200" tlh="8069072" />
  <largest-consumer threadName="Thread-3" threadId="0000000000D2C900" bytes="3268608" />
</allocation-stats>
<gc-op id="2047" type="scavenge" timems="0.340" contextid="2044" timestamp="2019-06-17T03:33:20.553">
  <scavenger-info tenureage="10" tenuremask="7c00" tiltratio="88" />
  <memory-copied type="nursery" objects="2507" bytes="1014664" bytesdiscarded="99384" />
  <memory-copied type="tenure" objects="33" bytes="3464" bytesdiscarded="0" />
  <copy-failed type="nursery" objects="33" bytes="3464" />
</gc-op>
<gc-end id="2048" type="scavenge" contextid="2044" durationms="0.536" usertimems="4.000" systemtimems="0.000" timestamp="2019-06-17T03:33:20.553" activeThreads="4">
  <mem-info id="2049" free="9079088" total="15728640" percent="57">
    <mem type="nursery" free="7667712" total="10092544" percent="75">
      <mem type="allocate" free="7667712" total="8781824" percent="87" />
      <mem type="survivor" free="0" total="1310720" percent="0" />
    </mem>
    <mem type="tenure" free="1411376" total="5636096" percent="25">
      <mem type="soa" free="1162544" total="5354496" percent="21" />
      <mem type="loa" free="248832" total="281600" percent="88" />
    </mem>
    <remembered-set count="111" />
  </mem-info>
</gc-end>
<cycle-end id="2050" type="scavenge" contextid="2044" timestamp="2019-06-17T03:33:20.553" />
  <attribute name="elasticGC enabled" value="1" />
  <attribute name= "numThreadsSpecified" value="4" />
  <attribute name="heapSize specified" value="12058624" />
  <attribute name="Current GC Util" value="3" />
  <attribute name= "Current Time Running" value="7134" />
  <attribute name ="GC Interval" value="200" />
  <attribute name="ProportionalT" value="-25.500000" />
  <attribute name="ProportionalI" value="-25.500000" />
  <attribute name="ProportionalH" value="-25.500000" />
  <attribute name="Current Error" value="-17.000000" />
  <attribute name="IntegralT" value="-1020.000000" />
  <attribute name="IntegralI" value="-1020.000000" />
  <attribute name="IntegralH" value="-1020.000000" />
  <attribute name="DerivativeT" value="-0.425000" />
  <attribute name="DerivativeI" value="-0.425000" />
  <attribute name="DerivativeH" value="-0.425000" />
  <attribute name="Loop Time for DT" value="60.000000" />
  <attribute name="Output H" value="2092630016"/>
  <attribute name="Output I" value="200"/>
  <attribute name="Output T" value="4"/>
  <attribute name="Target GC Util Change" value ="20.000000" />
  <attribute name="Current GC Util Change" value="3.000000"/>
  <attribute name="GC Util currently" value="3" />
  <attribute name="CPU Util currently" value="77520058138" />
<allocation-satisfied id="2051" threadId="0000000000D37D00" bytesRequested="48" />
<af-end id="2052" timestamp="2019-06-17T03:33:20.553" threadId="0000000000D38688" success="true" from="nursery"/>
<exclusive-end id="2053" timestamp="2019-06-17T03:33:20.553" durationms="1.056" />

<exclusive-start id="2054" timestamp="2019-06-17T03:33:20.604" intervalms="52.076">
  <response-info timems="0.037" idlems="0.037" threads="0" lastid="0000000000D2C900" lastname="Thread-3" />
</exclusive-start>
<af-start id="2055" threadId="0000000000D2D288" totalBytesRequested="16" timestamp="2019-06-17T03:33:20.605" intervalms="52.048" type="nursery" />
<cycle-start id="2056" type="scavenge" contextid="0" timestamp="2019-06-17T03:33:20.605" intervalms="52.054" />
<gc-start id="2057" type="scavenge" contextid="2056" timestamp="2019-06-17T03:33:20.605">
  <mem-info id="2058" free="1411376" total="15728640" percent="8">
    <mem type="nursery" free="0" total="10092544" percent="0">
      <mem type="allocate" free="0" total="8781824" percent="0" />
      <mem type="survivor" free="0" total="1310720" percent="0" />
    </mem>
    <mem type="tenure" free="1411376" total="5636096" percent="25">
      <mem type="soa" free="1162544" total="5354496" percent="21" />
      <mem type="loa" free="248832" total="281600" percent="88" />
    </mem>
    <remembered-set count="334" />
  </mem-info>
</gc-start>
<allocation-stats totalBytes="7648720" >
  <allocated-bytes non-tlh="48" tlh="7648672" />
  <largest-consumer threadName="Thread-4" threadId="0000000000D30500" bytes="2506064" />
</allocation-stats>
<gc-op id="2059" type="scavenge" timems="1.529" contextid="2056" timestamp="2019-06-17T03:33:20.606">
  <scavenger-info tenureage="10" tenuremask="7c00" tiltratio="87" />
  <memory-copied type="nursery" objects="2827" bytes="1204208" bytesdiscarded="88752" />
</gc-op>
<gc-end id="2060" type="scavenge" contextid="2056" durationms="1.803" usertimems="0.000" systemtimems="0.000" timestamp="2019-06-17T03:33:20.606" activeThreads="4">
  <mem-info id="2061" free="8703552" total="15728640" percent="55">
    <mem type="nursery" free="7292176" total="10092544" percent="72">
      <mem type="allocate" free="7292176" total="8585216" percent="84" />
      <mem type="survivor" free="0" total="1507328" percent="0" />
    </mem>
    <mem type="tenure" free="1411376" total="5636096" percent="25">
      <mem type="soa" free="1162544" total="5354496" percent="21" />
      <mem type="loa" free="248832" total="281600" percent="88" />
    </mem>
    <remembered-set count="120" />
  </mem-info>
</gc-end>
<cycle-end id="2062" type="scavenge" contextid="2056" timestamp="2019-06-17T03:33:20.607" />
  <attribute name="elasticGC enabled" value="1" />
  <attribute name= "numThreadsSpecified" value="4" />
  <attribute name="heapSize specified" value="12058624" />
  <attribute name="Current GC Util" value="1" />
  <attribute name= "Current Time Running" value="7186" />
  <attribute name ="GC Interval" value="200" />
  <attribute name="ProportionalT" value="-28.500000" />
  <attribute name="ProportionalI" value="-28.500000" />
  <attribute name="ProportionalH" value="-28.500000" />
  <attribute name="Current Error" value="-19.000000" />
  <attribute name="IntegralT" value="-988.000000" />
  <attribute name="IntegralI" value="-988.000000" />
  <attribute name="IntegralH" value="-988.000000" />
  <attribute name="DerivativeT" value="-0.548077" />
  <attribute name="DerivativeI" value="-0.548077" />
  <attribute name="DerivativeH" value="-0.548077" />
  <attribute name="Loop Time for DT" value="52.000000" />
  <attribute name="Output H" value="2092630016"/>
  <attribute name="Output I" value="200"/>
  <attribute name="Output T" value="4"/>
  <attribute name="Target GC Util Change" value ="20.000000" />
  <attribute name="Current GC Util Change" value="1.000000"/>
  <attribute name="GC Util currently" value="1" />
  <attribute name="CPU Util currently" value="88492873338" />
<allocation-satisfied id="2063" threadId="0000000000D2C900" bytesRequested="16" />
<af-end id="2064" timestamp="2019-06-17T03:33:20.607" threadId="0000000000D2D288" success="true" from="nursery"/>
<exclusive-end id="2065" timestamp="2019-06-17T03:33:20.607" durationms="2.597" />

<exclusive-start id="2066" timestamp="2019-06-17T03:33:20.661" intervalms="56.290">
  <response-info timems="0.038" idlems="0.038" threads="0" lastid="0000000000D34100" lastname="Thread-5" />
</exclusive-start>
<af-start id="2067" threadId="0000000000D34A88" totalBytesRequested="16392" timestamp="2019-06-17T03:33:20.661" intervalms="56.285" type="nursery" />
<cycle-start id="2068" type="scavenge" contextid="0" timestamp="2019-06-17T03:33:20.661" intervalms="56.279" />
<gc-start id="2069" type="scavenge" contextid="2068" timestamp="2019-06-17T03:33:20.661">
  <mem-info id="2070" free="1411376" total="15728640" percent="8">
    <mem type="nursery" free="0" total="10092544" percent="0">
      <mem type="allocate" free="0" total="8585216" percent="0" />
      <mem type="survivor" free="0" total="1507328" percent="0" />
    </mem>
    <mem type="tenure" free="1411376" total="5636096" percent="25">
      <mem type="soa" free="1162544" total="5354496" percent="21" />
      <mem type="loa" free="248832" total="281600" percent="88" />
    </mem>
    <remembered-set count="334" />
  </mem-info>
</gc-start>
<allocation-stats totalBytes="7270728" >
  <allocated-bytes non-tlh="16" tlh="7270712" />
  <largest-consumer threadName="Thread-3" threadId="0000000000D2C900" bytes="2554576" />
</allocation-stats>
<gc-op id="2071" type="scavenge" timems="0.406" contextid="2068" timestamp="2019-06-17T03:33:20.661">
  <scavenger-info tenureage="10" tenuremask="7c00" tiltratio="85" />
  <memory-copied type="nursery" objects="2476" bytes="1114176" bytesdiscarded="358200" />
</gc-op>
<gc-end id="2072" type="scavenge" contextid="2068" durationms="0.591" usertimems="0.000" systemtimems="0.000" timestamp="2019-06-17T03:33:20.662" activeThreads="4">
  <mem-info id="2073" free="8589672" total="15728640" percent="54">
    <mem type="nursery" free="7178296" total="10092544" percent="71">
      <mem type="allocate" free="7178296" total="8650752" percent="82" />
      <mem type="survivor" free="0" total="1441792" percent="0" />
    </mem>
    <mem type="tenure" free="1411376" total="5636096" percent="25">
      <mem type="soa" free="1162544" total="5354496" percent="21" />
      <mem type="loa" free="248832" total="281600" percent="88" />
    </mem>
    <remembered-set count="112" />
  </mem-info>
</gc-end>
<cycle-end id="2074" type="scavenge" contextid="2068" timestamp="2019-06-17T03:33:20.662" />
  <attribute name="elasticGC enabled" value="1" />
  <attribute name= "numThreadsSpecified" value="4" />
  <attribute name="heapSize specified" value="12058624" />
  <attribute name="Current GC Util" value="5" />
  <attribute name= "Current Time Running" value="7242" />
  <attribute name ="GC Interval" value="200" />
  <attribute name="ProportionalT" value="-22.500000" />
  <attribute name="ProportionalI" value="-22.500000" />
  <attribute name="ProportionalH" value="-22.500000" />
  <attribute name="Current Error" value="-15.000000" />
  <attribute name="IntegralT" value="-840.000000" />
  <attribute name="IntegralI" value="-840.000000" />
  <attribute name="IntegralH" value="-840.000000" />
  <attribute name="DerivativeT" value="-0.401786" />
  <attribute name="DerivativeI" value="-0.401786" />
  <attribute name="DerivativeH" value="-0.401786" />
  <attribute name="Loop Time for DT" value="56.000000" />
  <attribute name="Output H" value="2092630016"/>
  <attribute name="Output I" value="200"/>
  <attribute name="Output T" value="4"/>
  <attribute name="Target GC Util Change" value ="20.000000" />
  <attribute name="Current GC Util Change" value="5.000000"/>
  <attribute name="GC Util currently" value="5" />
  <attribute name="CPU Util currently" value="82031166083" />
<allocation-satisfied id="2075" threadId="0000000000D34100" bytesRequested="16392" />
<af-end id="2076" timestamp="2019-06-17T03:33:20.662" threadId="0000000000D34A88" success="true" from="nursery"/>
<exclusive-end id="2077" timestamp="2019-06-17T03:33:20.662" durationms="1.060" />

<exclusive-start id="2078" timestamp="2019-06-17T03:33:20.713" intervalms="52.540">
  <response-info timems="0.051" idlems="0.030" threads="1" lastid="00000000009FF300" lastname="JIT Compilation Thread-0" />
</exclusive-start>
<af-start id="2079" threadId="0000000000D38688" totalBytesRequested="2056" timestamp="2019-06-17T03:33:20.713" intervalms="52.542" type="nursery" />
<cycle-start id="2080" type="scavenge" contextid="0" timestamp="2019-06-17T03:33:20.713" intervalms="52.542" />
<gc-start id="2081" type="scavenge" contextid="2080" timestamp="2019-06-17T03:33:20.714">
  <mem-info id="2082" free="1411376" total="15728640" percent="8">
    <mem type="nursery" free="0" total="10092544" percent="0">
      <mem type="allocate" free="0" total="8650752" percent="0" />
      <mem type="survivor" free="0" total="1441792" percent="0" />
    </mem>
    <mem type="tenure" free="1411376" total="5636096" percent="25">
      <mem type="soa" free="1162544" total="5354496" percent="21" />
      <mem type="loa" free="248832" total="281600" percent="88" />
    </mem>
    <remembered-set count="318" />
  </mem-info>
</gc-start>
<allocation-stats totalBytes="7131976" >
  <allocated-bytes non-tlh="49168" tlh="7082808" />
  <largest-consumer threadName="Thread-4" threadId="0000000000D30500" bytes="2414968" />
</allocation-stats>
<gc-op id="2083" type="scavenge" timems="0.455" contextid="2080" timestamp="2019-06-17T03:33:20.714">
  <scavenger-info tenureage="10" tenuremask="7c00" tiltratio="85" />
  <memory-copied type="nursery" objects="2845" bytes="1154432" bytesdiscarded="223968" />
  <references type="phantom" candidates="1" cleared="0" enqueued="0" />
</gc-op>
<gc-end id="2084" type="scavenge" contextid="2080" durationms="0.638" usertimems="0.000" systemtimems="4.000" timestamp="2019-06-17T03:33:20.714" activeThreads="4">
  <mem-info id="2085" free="8683640" total="15728640" percent="55">
    <mem type="nursery" free="7272264" total="10092544" percent="72">
      <mem type="allocate" free="7272264" total="8650752" percent="84" />
      <mem type="survivor" free="0" total="1441792" percent="0" />
    </mem>
    <mem type="tenure" free="1411376" total="5636096" percent="25">
      <mem type="soa" free="1162544" total="5354496" percent="21" />
      <mem type="loa" free="248832" total="281600" percent="88" />
    </mem>
    <remembered-set count="112" />
  </mem-info>
</gc-end>
<cycle-end id="2086" type="scavenge" contextid="2080" timestamp="2019-06-17T03:33:20.714" />
  <attribute name="elasticGC enabled" value="1" />
  <attribute name= "numThreadsSpecified" value="4" />
  <attribute name="heapSize specified" value="12058624" />
  <attribute name="Current GC Util" value="2" />
  <attribute name= "Current Time Running" value="7295" />
  <attribute name ="GC Interval" value="200" />
  <attribute name="ProportionalT" value="-27.000000" />
  <attribute name="ProportionalI" value="-27.000000" />
  <attribute name="ProportionalH" value="-27.000000" />
  <attribute name="Current Error" value="-18.000000" />
  <attribute name="IntegralT" value="-954.000000" />
  <attribute name="IntegralI" value="-954.000000" />
  <attribute name="IntegralH" value="-954.000000" />
  <attribute name="DerivativeT" value="-0.509434" />
  <attribute name="DerivativeI" value="-0.509434" />
  <attribute name="DerivativeH" value="-0.509434" />
  <attribute name="Loop Time for DT" value="53.000000" />
  <attribute name="Output H" value="2092630016"/>
  <attribute name="Output I" value="200"/>
  <attribute name="Output T" value="4"/>
  <attribute name="Target GC Util Change" value ="20.000000" />
  <attribute name="Current GC Util Change" value="2.000000"/>
  <attribute name="GC Util currently" value="2" />
  <attribute name="CPU Util currently" value="87766488431" />
<allocation-satisfied id="2087" threadId="0000000000D37D00" bytesRequested="2056" />
<af-end id="2088" timestamp="2019-06-17T03:33:20.714" threadId="0000000000D38688" success="true" from="nursery"/>
<exclusive-end id="2089" timestamp="2019-06-17T03:33:20.714" durationms="1.097" />

<exclusive-start id="2090" timestamp="2019-06-17T03:33:20.772" intervalms="58.449">
  <response-info timems="0.044" idlems="0.044" threads="0" lastid="0000000000D30500" lastname="Thread-4" />
</exclusive-start>
<af-start id="2091" threadId="0000000000D30E88" totalBytesRequested="16392" timestamp="2019-06-17T03:33:20.772" intervalms="58.445" type="nursery" />
<cycle-start id="2092" type="scavenge" contextid="0" timestamp="2019-06-17T03:33:20.772" intervalms="58.447" />
<gc-start id="2093" type="scavenge" contextid="2092" timestamp="2019-06-17T03:33:20.772">
  <mem-info id="2094" free="1411376" total="15728640" percent="8">
    <mem type="nursery" free="0" total="10092544" percent="0">
      <mem type="allocate" free="0" total="8650752" percent="0" />
      <mem type="survivor" free="0" total="1441792" percent="0" />
    </mem>
    <mem type="tenure" free="1411376" total="5636096" percent="25">
      <mem type="soa" free="1162544" total="5354496" percent="21" />
      <mem type="loa" free="248832" total="281600" percent="88" />
    </mem>
    <remembered-set count="336" />
  </mem-info>
</gc-start>
<allocation-stats totalBytes="7244792" >
  <allocated-bytes non-tlh="2056" tlh="7242736" />
  <largest-consumer threadName="Thread-4" threadId="0000000000D30500" bytes="2190568" />
</allocation-stats>
<gc-op id="2095" type="scavenge" timems="1.867" contextid="2092" timestamp="2019-06-17T03:33:20.774">
  <scavenger-info tenureage="10" tenuremask="7c00" tiltratio="85" />
  <memory-copied type="nursery" objects="2293" bytes="1002456" bytesdiscarded="157144" />
</gc-op>
<gc-end id="2096" type="scavenge" contextid="2092" durationms="2.221" usertimems="4.000" systemtimems="0.000" timestamp="2019-06-17T03:33:20.774" activeThreads="4">
  <mem-info id="2097" free="8967992" total="15728640" percent="57">
    <mem type="nursery" free="7556616" total="10092544" percent="74">
      <mem type="allocate" free="7556616" total="8716288" percent="86" />
      <mem type="survivor" free="0" total="1376256" percent="0" />
    </mem>
    <mem type="tenure" free="1411376" total="5636096" percent="25">
      <mem type="soa" free="1162544" total="5354496" percent="21" />
      <mem type="loa" free="248832" total="281600" percent="88" />
    </mem>
    <remembered-set count="104" />
  </mem-info>
</gc-end>
<cycle-end id="2098" type="scavenge" contextid="2092" timestamp="2019-06-17T03:33:20.774" />
  <attribute name="elasticGC enabled" value="1" />
  <attribute name= "numThreadsSpecified" value="4" />
  <attribute name="heapSize specified" value="12058624" />
  <attribute name="Current GC Util" value="2" />
  <attribute name= "Current Time Running" value="7353" />
  <attribute name ="GC Interval" value="200" />
  <attribute name="ProportionalT" value="-27.000000" />
  <attribute name="ProportionalI" value="-27.000000" />
  <attribute name="ProportionalH" value="-27.000000" />
  <attribute name="Current Error" value="-18.000000" />
  <attribute name="IntegralT" value="-1044.000000" />
  <attribute name="IntegralI" value="-1044.000000" />
  <attribute name="IntegralH" value="-1044.000000" />
  <attribute name="DerivativeT" value="-0.465517" />
  <attribute name="DerivativeI" value="-0.465517" />
  <attribute name="DerivativeH" value="-0.465517" />
  <attribute name="Loop Time for DT" value="58.000000" />
  <attribute name="Output H" value="2092630016"/>
  <attribute name="Output I" value="200"/>
  <attribute name="Output T" value="4"/>
  <attribute name="Target GC Util Change" value ="20.000000" />
  <attribute name="Current GC Util Change" value="2.000000"/>
  <attribute name="GC Util currently" value="2" />
  <attribute name="CPU Util currently" value="78901602772" />
<allocation-satisfied id="2099" threadId="0000000000D30500" bytesRequested="16392" />
<af-end id="2100" timestamp="2019-06-17T03:33:20.775" threadId="0000000000D30E88" success="true" from="nursery"/>
<exclusive-end id="2101" timestamp="2019-06-17T03:33:20.775" durationms="2.939" />

<exclusive-start id="2102" timestamp="2019-06-17T03:33:20.826" intervalms="54.312">
  <response-info timems="0.036" idlems="0.036" threads="0" lastid="0000000000D30500" lastname="Thread-4" />
</exclusive-start>
<af-start id="2103" threadId="0000000000D30E88" totalBytesRequested="8200" timestamp="2019-06-17T03:33:20.826" intervalms="54.315" type="nursery" />
<cycle-start id="2104" type="scavenge" contextid="0" timestamp="2019-06-17T03:33:20.826" intervalms="54.315" />
<gc-start id="2105" type="scavenge" contextid="2104" timestamp="2019-06-17T03:33:20.826">
  <mem-info id="2106" free="1411376" total="15728640" percent="8">
    <mem type="nursery" free="0" total="10092544" percent="0">
      <mem type="allocate" free="0" total="8716288" percent="0" />
      <mem type="survivor" free="0" total="1376256" percent="0" />
    </mem>
    <mem type="tenure" free="1411376" total="5636096" percent="25">
      <mem type="soa" free="1162544" total="5354496" percent="21" />
      <mem type="loa" free="248832" total="281600" percent="88" />
    </mem>
    <remembered-set count="345" />
  </mem-info>
</gc-start>
<allocation-stats totalBytes="7480168" >
  <allocated-bytes non-tlh="16392" tlh="7463776" />
  <largest-consumer threadName="Thread-4" threadId="0000000000D30500" bytes="2589728" />
</allocation-stats>
<gc-op id="2107" type="scavenge" timems="4.462" contextid="2104" timestamp="2019-06-17T03:33:20.831">
  <scavenger-info tenureage="10" tenuremask="7c00" tiltratio="86" />
  <memory-copied type="nursery" objects="2756" bytes="1193544" bytesdiscarded="182632" />
  <memory-copied type="tenure" objects="15" bytes="12744" bytesdiscarded="0" />
  <copy-failed type="nursery" objects="15" bytes="12744" />
  <references type="weak" candidates="1" cleared="0" enqueued="0" />
  <references type="phantom" candidates="1" cleared="0" enqueued="0" />
</gc-op>
<gc-end id="2108" type="scavenge" contextid="2104" durationms="4.865" usertimems="12.000" systemtimems="0.000" timestamp="2019-06-17T03:33:20.831" activeThreads="4">
  <mem-info id="2109" free="8554800" total="15728640" percent="54">
    <mem type="nursery" free="7143424" total="10092544" percent="70">
      <mem type="allocate" free="7143424" total="8519680" percent="83" />
      <mem type="survivor" free="0" total="1572864" percent="0" />
    </mem>
    <mem type="tenure" free="1411376" total="5636096" percent="25">
      <mem type="soa" free="1162544" total="5354496" percent="21" />
      <mem type="loa" free="248832" total="281600" percent="88" />
    </mem>
    <remembered-set count="119" />
  </mem-info>
</gc-end>
<cycle-end id="2110" type="scavenge" contextid="2104" timestamp="2019-06-17T03:33:20.831" />
  <attribute name="elasticGC enabled" value="1" />
  <attribute name= "numThreadsSpecified" value="4" />
  <attribute name="heapSize specified" value="12058624" />
  <attribute name="Current GC Util" value="6" />
  <attribute name= "Current Time Running" value="7407" />
  <attribute name ="GC Interval" value="200" />
  <attribute name="ProportionalT" value="-21.000000" />
  <attribute name="ProportionalI" value="-21.000000" />
  <attribute name="ProportionalH" value="-21.000000" />
  <attribute name="Current Error" value="-14.000000" />
  <attribute name="IntegralT" value="-756.000000" />
  <attribute name="IntegralI" value="-756.000000" />
  <attribute name="IntegralH" value="-756.000000" />
  <attribute name="DerivativeT" value="-0.388889" />
  <attribute name="DerivativeI" value="-0.388889" />
  <attribute name="DerivativeH" value="-0.388889" />
  <attribute name="Loop Time for DT" value="54.000000" />
  <attribute name="Output H" value="2092630016"/>
  <attribute name="Output I" value="200"/>
  <attribute name="Output T" value="4"/>
  <attribute name="Target GC Util Change" value ="20.000000" />
  <attribute name="Current GC Util Change" value="6.000000"/>
  <attribute name="GC Util currently" value="6" />
  <attribute name="CPU Util currently" value="84904588062" />
<allocation-satisfied id="2111" threadId="0000000000D30500" bytesRequested="8200" />
<af-end id="2112" timestamp="2019-06-17T03:33:20.831" threadId="0000000000D30E88" success="true" from="nursery"/>
<exclusive-end id="2113" timestamp="2019-06-17T03:33:20.831" durationms="5.446" />

<exclusive-start id="2114" timestamp="2019-06-17T03:33:20.882" intervalms="56.325">
  <response-info timems="0.063" idlems="0.063" threads="0" lastid="0000000000D30500" lastname="Thread-4" />
</exclusive-start>
<af-start id="2115" threadId="0000000000D30E88" totalBytesRequested="16392" timestamp="2019-06-17T03:33:20.882" intervalms="56.319" type="nursery" />
<cycle-start id="2116" type="scavenge" contextid="0" timestamp="2019-06-17T03:33:20.883" intervalms="56.321" />
<gc-start id="2117" type="scavenge" contextid="2116" timestamp="2019-06-17T03:33:20.883">
  <mem-info id="2118" free="1411376" total="15728640" percent="8">
    <mem type="nursery" free="0" total="10092544" percent="0">
      <mem type="allocate" free="0" total="8519680" percent="0" />
      <mem type="survivor" free="0" total="1572864" percent="0" />
    </mem>
    <mem type="tenure" free="1411376" total="5636096" percent="25">
      <mem type="soa" free="1162544" total="5354496" percent="21" />
      <mem type="loa" free="248832" total="281600" percent="88" />
    </mem>
    <remembered-set count="333" />
  </mem-info>
</gc-start>
<allocation-stats totalBytes="7087248" >
  <allocated-bytes non-tlh="8200" tlh="7079048" />
  <largest-consumer threadName="Thread-4" threadId="0000000000D30500" bytes="2370064" />
</allocation-stats>
<gc-op id="2119" type="scavenge" timems="3.840" contextid="2116" timestamp="2019-06-17T03:33:20.887">
  <scavenger-info tenureage="6" tenuremask="7c40" tiltratio="84" />
  <memory-copied type="nursery" objects="2568" bytes="1056584" bytesdiscarded="76200" />
  <memory-copied type="tenure" objects="222" bytes="148624" bytesdiscarded="520" />
  <references type="weak" candidates="1" cleared="0" enqueued="0" />
  <references type="phantom" candidates="1" cleared="0" enqueued="0" />
</gc-op>
<heap-resize id="2120" type="expand" space="nursery" amount="524288" count="1" timems="0.019" reason="excessive time being spent scavenging" timestamp="2019-06-17T03:33:20.887" />
<gc-end id="2121" type="scavenge" contextid="2116" durationms="4.386" usertimems="4.000" systemtimems="0.000" timestamp="2019-06-17T03:33:20.887" activeThreads="4">
  <mem-info id="2122" free="9129440" total="16252928" percent="56">
    <mem type="nursery" free="7845576" total="10616832" percent="73">
      <mem type="allocate" free="7845576" total="8978432" percent="87" />
      <mem type="survivor" free="0" total="1638400" percent="0" />
    </mem>
    <mem type="tenure" free="1283864" total="5636096" percent="22">
      <mem type="soa" free="1035032" total="5354496" percent="19" />
      <mem type="loa" free="248832" total="281600" percent="88" />
    </mem>
    <remembered-set count="112" />
  </mem-info>
</gc-end>
<cycle-end id="2123" type="scavenge" contextid="2116" timestamp="2019-06-17T03:33:20.887" />
  <attribute name="elasticGC enabled" value="1" />
  <attribute name= "numThreadsSpecified" value="4" />
  <attribute name="heapSize specified" value="12058624" />
  <attribute name="Current GC Util" value="13" />
  <attribute name= "Current Time Running" value="7464" />
  <attribute name ="GC Interval" value="200" />
  <attribute name="ProportionalT" value="-10.500000" />
  <attribute name="ProportionalI" value="-10.500000" />
  <attribute name="ProportionalH" value="-10.500000" />
  <attribute name="Current Error" value="-7.000000" />
  <attribute name="IntegralT" value="-399.000000" />
  <attribute name="IntegralI" value="-399.000000" />
  <attribute name="IntegralH" value="-399.000000" />
  <attribute name="DerivativeT" value="-0.184211" />
  <attribute name="DerivativeI" value="-0.184211" />
  <attribute name="DerivativeH" value="-0.184211" />
  <attribute name="Loop Time for DT" value="57.000000" />
  <attribute name="Output H" value="2092630016"/>
  <attribute name="Output I" value="200"/>
  <attribute name="Output T" value="4"/>
  <attribute name="Target GC Util Change" value ="20.000000" />
  <attribute name="Current GC Util Change" value="13.000000"/>
  <attribute name="GC Util currently" value="13" />
  <attribute name="CPU Util currently" value="81885837977" />
<allocation-satisfied id="2124" threadId="0000000000D30500" bytesRequested="16392" />
<af-end id="2125" timestamp="2019-06-17T03:33:20.887" threadId="0000000000D30E88" success="true" from="nursery"/>
<exclusive-end id="2126" timestamp="2019-06-17T03:33:20.888" durationms="5.133" />

<exclusive-start id="2127" timestamp="2019-06-17T03:33:20.944" intervalms="61.933">
  <response-info timems="0.043" idlems="0.043" threads="0" lastid="0000000000D37D00" lastname="Thread-6" />
</exclusive-start>
<af-start id="2128" threadId="0000000000D38688" totalBytesRequested="48" timestamp="2019-06-17T03:33:20.944" intervalms="61.938" type="nursery" />
<cycle-start id="2129" type="scavenge" contextid="0" timestamp="2019-06-17T03:33:20.944" intervalms="61.933" />
<gc-start id="2130" type="scavenge" contextid="2129" timestamp="2019-06-17T03:33:20.945">
  <mem-info id="2131" free="1283864" total="16252928" percent="7">
    <mem type="nursery" free="0" total="10616832" percent="0">
      <mem type="allocate" free="0" total="8978432" percent="0" />
      <mem type="survivor" free="0" total="1638400" percent="0" />
    </mem>
    <mem type="tenure" free="1283864" total="5636096" percent="22">
      <mem type="soa" free="1035032" total="5354496" percent="19" />
      <mem type="loa" free="248832" total="281600" percent="88" />
    </mem>
    <remembered-set count="341" />
  </mem-info>
</gc-start>
<allocation-stats totalBytes="7804536" >
  <allocated-bytes non-tlh="16392" tlh="7788144" />
  <largest-consumer threadName="Thread-3" threadId="0000000000D2C900" bytes="2809016" />
</allocation-stats>
<gc-op id="2132" type="scavenge" timems="0.377" contextid="2129" timestamp="2019-06-17T03:33:20.945">
  <scavenger-info tenureage="10" tenuremask="7c00" tiltratio="84" />
  <memory-copied type="nursery" objects="2755" bytes="1079456" bytesdiscarded="243168" />
</gc-op>
<gc-end id="2133" type="scavenge" contextid="2129" durationms="0.572" usertimems="0.000" systemtimems="0.000" timestamp="2019-06-17T03:33:20.945" activeThreads="4">
  <mem-info id="2134" free="9136208" total="16252928" percent="56">
    <mem type="nursery" free="7852344" total="10616832" percent="73">
      <mem type="allocate" free="7852344" total="9175040" percent="85" />
      <mem type="survivor" free="0" total="1441792" percent="0" />
    </mem>
    <mem type="tenure" free="1283864" total="5636096" percent="22">
      <mem type="soa" free="1035032" total="5354496" percent="19" />
      <mem type="loa" free="248832" total="281600" percent="88" />
    </mem>
    <remembered-set count="117" />
  </mem-info>
</gc-end>
<cycle-end id="2135" type="scavenge" contextid="2129" timestamp="2019-06-17T03:33:20.945" />
  <attribute name="elasticGC enabled" value="1" />
  <attribute name= "numThreadsSpecified" value="4" />
  <attribute name="heapSize specified" value="12058624" />
  <attribute name="Current GC Util" value="9" />
  <attribute name= "Current Time Running" value="7526" />
  <attribute name ="GC Interval" value="200" />
  <attribute name="ProportionalT" value="-16.500000" />
  <attribute name="ProportionalI" value="-16.500000" />
  <attribute name="ProportionalH" value="-16.500000" />
  <attribute name="Current Error" value="-11.000000" />
  <attribute name="IntegralT" value="-682.000000" />
  <attribute name="IntegralI" value="-682.000000" />
  <attribute name="IntegralH" value="-682.000000" />
  <attribute name="DerivativeT" value="-0.266129" />
  <attribute name="DerivativeI" value="-0.266129" />
  <attribute name="DerivativeH" value="-0.266129" />
  <attribute name="Loop Time for DT" value="62.000000" />
  <attribute name="Output H" value="2092630016"/>
  <attribute name="Output I" value="200"/>
  <attribute name="Output T" value="4"/>
  <attribute name="Target GC Util Change" value ="20.000000" />
  <attribute name="Current GC Util Change" value="9.000000"/>
  <attribute name="GC Util currently" value="9" />
  <attribute name="CPU Util currently" value="74459927093" />
<allocation-satisfied id="2136" threadId="0000000000D37D00" bytesRequested="48" />
<af-end id="2137" timestamp="2019-06-17T03:33:20.945" threadId="0000000000D38688" success="true" from="nursery"/>
<exclusive-end id="2138" timestamp="2019-06-17T03:33:20.945" durationms="1.050" />

<exclusive-start id="2139" timestamp="2019-06-17T03:33:21.001" intervalms="56.945">
  <response-info timems="0.026" idlems="0.026" threads="0" lastid="0000000000D37D00" lastname="Thread-6" />
</exclusive-start>
<af-start id="2140" threadId="0000000000D38688" totalBytesRequested="16392" timestamp="2019-06-17T03:33:21.001" intervalms="57.080" type="nursery" />
<cycle-start id="2141" type="scavenge" contextid="0" timestamp="2019-06-17T03:33:21.002" intervalms="57.079" />
<gc-start id="2142" type="scavenge" contextid="2141" timestamp="2019-06-17T03:33:21.002">
  <mem-info id="2143" free="1283864" total="16252928" percent="7">
    <mem type="nursery" free="0" total="10616832" percent="0">
      <mem type="allocate" free="0" total="9175040" percent="0" />
      <mem type="survivor" free="0" total="1441792" percent="0" />
    </mem>
    <mem type="tenure" free="1283864" total="5636096" percent="22">
      <mem type="soa" free="1035032" total="5354496" percent="19" />
      <mem type="loa" free="248832" total="281600" percent="88" />
    </mem>
    <remembered-set count="335" />
  </mem-info>
</gc-start>
<allocation-stats totalBytes="7816696" >
  <allocated-bytes non-tlh="48" tlh="7816648" />
  <largest-consumer threadName="Thread-3" threadId="0000000000D2C900" bytes="2510592" />
</allocation-stats>
<gc-op id="2144" type="scavenge" timems="0.275" contextid="2141" timestamp="2019-06-17T03:33:21.002">
  <scavenger-info tenureage="10" tenuremask="7c00" tiltratio="86" />
  <memory-copied type="nursery" objects="1613" bytes="757160" bytesdiscarded="211600" />
</gc-op>
<gc-end id="2145" type="scavenge" contextid="2141" durationms="0.447" usertimems="0.000" systemtimems="0.000" timestamp="2019-06-17T03:33:21.002" activeThreads="4">
  <mem-info id="2146" free="9555600" total="16252928" percent="58">
    <mem type="nursery" free="8271736" total="10616832" percent="77">
      <mem type="allocate" free="8271736" total="9240576" percent="89" />
      <mem type="survivor" free="0" total="1376256" percent="0" />
    </mem>
    <mem type="tenure" free="1283864" total="5636096" percent="22">
      <mem type="soa" free="1035032" total="5354496" percent="19" />
      <mem type="loa" free="248832" total="281600" percent="88" />
    </mem>
    <remembered-set count="106" />
  </mem-info>
</gc-end>
<cycle-end id="2147" type="scavenge" contextid="2141" timestamp="2019-06-17T03:33:21.002" />
  <attribute name="elasticGC enabled" value="1" />
  <attribute name= "numThreadsSpecified" value="4" />
  <attribute name="heapSize specified" value="12058624" />
  <attribute name="Current GC Util" value="1" />
  <attribute name= "Current Time Running" value="7583" />
  <attribute name ="GC Interval" value="200" />
  <attribute name="ProportionalT" value="-28.500000" />
  <attribute name="ProportionalI" value="-28.500000" />
  <attribute name="ProportionalH" value="-28.500000" />
  <attribute name="Current Error" value="-19.000000" />
  <attribute name="IntegralT" value="-1083.000000" />
  <attribute name="IntegralI" value="-1083.000000" />
  <attribute name="IntegralH" value="-1083.000000" />
  <attribute name="DerivativeT" value="-0.500000" />
  <attribute name="DerivativeI" value="-0.500000" />
  <attribute name="DerivativeH" value="-0.500000" />
  <attribute name="Loop Time for DT" value="57.000000" />
  <attribute name="Output H" value="2092630016"/>
  <attribute name="Output I" value="200"/>
  <attribute name="Output T" value="4"/>
  <attribute name="Target GC Util Change" value ="20.000000" />
  <attribute name="Current GC Util Change" value="1.000000"/>
  <attribute name="GC Util currently" value="1" />
  <attribute name="CPU Util currently" value="80806230709" />
<allocation-satisfied id="2148" threadId="0000000000D37D00" bytesRequested="16392" />
<af-end id="2149" timestamp="2019-06-17T03:33:21.002" threadId="0000000000D38688" success="true" from="nursery"/>
<exclusive-end id="2150" timestamp="2019-06-17T03:33:21.002" durationms="1.106" />

<exclusive-start id="2151" timestamp="2019-06-17T03:33:21.057" intervalms="56.037">
  <response-info timems="0.037" idlems="0.037" threads="0" lastid="0000000000D34100" lastname="Thread-5" />
</exclusive-start>
<af-start id="2152" threadId="0000000000D34A88" totalBytesRequested="48" timestamp="2019-06-17T03:33:21.057" intervalms="55.920" type="nursery" />
<cycle-start id="2153" type="scavenge" contextid="0" timestamp="2019-06-17T03:33:21.057" intervalms="55.920" />
<gc-start id="2154" type="scavenge" contextid="2153" timestamp="2019-06-17T03:33:21.058">
  <mem-info id="2155" free="1283864" total="16252928" percent="7">
    <mem type="nursery" free="0" total="10616832" percent="0">
      <mem type="allocate" free="0" total="9240576" percent="0" />
      <mem type="survivor" free="0" total="1376256" percent="0" />
    </mem>
    <mem type="tenure" free="1283864" total="5636096" percent="22">
      <mem type="soa" free="1035032" total="5354496" percent="19" />
      <mem type="loa" free="248832" total="281600" percent="88" />
    </mem>
    <remembered-set count="341" />
  </mem-info>
</gc-start>
<allocation-stats totalBytes="8267304" >
  <allocated-bytes non-tlh="16392" tlh="8250912" />
  <largest-consumer threadName="Thread-4" threadId="0000000000D30500" bytes="3013288" />
</allocation-stats>
<gc-op id="2156" type="scavenge" timems="0.370" contextid="2153" timestamp="2019-06-17T03:33:21.058">
  <scavenger-info tenureage="8" tenuremask="7900" tiltratio="87" />
  <memory-copied type="nursery" objects="2714" bytes="1030008" bytesdiscarded="190240" />
  <memory-copied type="tenure" objects="29" bytes="36824" bytesdiscarded="0" />
</gc-op>
<gc-end id="2157" type="scavenge" contextid="2153" durationms="0.551" usertimems="0.000" systemtimems="0.000" timestamp="2019-06-17T03:33:21.058" activeThreads="4">
  <mem-info id="2158" free="9205816" total="16252928" percent="56">
    <mem type="nursery" free="7954728" total="10616832" percent="74">
      <mem type="allocate" free="7954728" total="9175040" percent="86" />
      <mem type="survivor" free="0" total="1441792" percent="0" />
    </mem>
    <mem type="tenure" free="1251088" total="5636096" percent="22">
      <mem type="soa" free="1002256" total="5354496" percent="18" />
      <mem type="loa" free="248832" total="281600" percent="88" />
    </mem>
    <remembered-set count="112" />
  </mem-info>
</gc-end>
<cycle-end id="2159" type="scavenge" contextid="2153" timestamp="2019-06-17T03:33:21.058" />
  <attribute name="elasticGC enabled" value="1" />
  <attribute name= "numThreadsSpecified" value="4" />
  <attribute name="heapSize specified" value="12058624" />
  <attribute name="Current GC Util" value="1" />
  <attribute name= "Current Time Running" value="7639" />
  <attribute name ="GC Interval" value="200" />
  <attribute name="ProportionalT" value="-28.500000" />
  <attribute name="ProportionalI" value="-28.500000" />
  <attribute name="ProportionalH" value="-28.500000" />
  <attribute name="Current Error" value="-19.000000" />
  <attribute name="IntegralT" value="-1064.000000" />
  <attribute name="IntegralI" value="-1064.000000" />
  <attribute name="IntegralH" value="-1064.000000" />
  <attribute name="DerivativeT" value="-0.508929" />
  <attribute name="DerivativeI" value="-0.508929" />
  <attribute name="DerivativeH" value="-0.508929" />
  <attribute name="Loop Time for DT" value="56.000000" />
  <attribute name="Output H" value="2092630016"/>
  <attribute name="Output I" value="200"/>
  <attribute name="Output T" value="4"/>
  <attribute name="Target GC Util Change" value ="20.000000" />
  <attribute name="Current GC Util Change" value="1.000000"/>
  <attribute name="GC Util currently" value="1" />
  <attribute name="CPU Util currently" value="82459002043" />
<allocation-satisfied id="2160" threadId="0000000000D34100" bytesRequested="48" />
<af-end id="2161" timestamp="2019-06-17T03:33:21.058" threadId="0000000000D34A88" success="true" from="nursery"/>
<exclusive-end id="2162" timestamp="2019-06-17T03:33:21.058" durationms="1.007" />

<exclusive-start id="2163" timestamp="2019-06-17T03:33:21.120" intervalms="62.730">
  <response-info timems="0.041" idlems="0.041" threads="0" lastid="0000000000D30500" lastname="Thread-4" />
</exclusive-start>
<af-start id="2164" threadId="0000000000D30E88" totalBytesRequested="16392" timestamp="2019-06-17T03:33:21.120" intervalms="62.714" type="nursery" />
<cycle-start id="2165" type="scavenge" contextid="0" timestamp="2019-06-17T03:33:21.120" intervalms="62.716" />
<gc-start id="2166" type="scavenge" contextid="2165" timestamp="2019-06-17T03:33:21.120">
  <mem-info id="2167" free="1251088" total="16252928" percent="7">
    <mem type="nursery" free="0" total="10616832" percent="0">
      <mem type="allocate" free="0" total="9175040" percent="0" />
      <mem type="survivor" free="0" total="1441792" percent="0" />
    </mem>
    <mem type="tenure" free="1251088" total="5636096" percent="22">
      <mem type="soa" free="1002256" total="5354496" percent="18" />
      <mem type="loa" free="248832" total="281600" percent="88" />
    </mem>
    <remembered-set count="333" />
  </mem-info>
</gc-start>
<allocation-stats totalBytes="7905408" >
  <allocated-bytes non-tlh="48" tlh="7905360" />
  <largest-consumer threadName="Thread-3" threadId="0000000000D2C900" bytes="2841552" />
</allocation-stats>
<gc-op id="2168" type="scavenge" timems="1.562" contextid="2165" timestamp="2019-06-17T03:33:21.122">
  <scavenger-info tenureage="11" tenuremask="7800" tiltratio="86" />
  <memory-copied type="nursery" objects="2662" bytes="1101304" bytesdiscarded="174992" />
  <references type="weak" candidates="1" cleared="0" enqueued="0" />
  <references type="phantom" candidates="2" cleared="0" enqueued="0" />
</gc-op>
<gc-end id="2169" type="scavenge" contextid="2165" durationms="1.918" usertimems="4.000" systemtimems="0.000" timestamp="2019-06-17T03:33:21.122" activeThreads="4">
  <mem-info id="2170" free="9280832" total="16252928" percent="57">
    <mem type="nursery" free="8029744" total="10616832" percent="75">
      <mem type="allocate" free="8029744" total="9306112" percent="86" />
      <mem type="survivor" free="0" total="1310720" percent="0" />
    </mem>
    <mem type="tenure" free="1251088" total="5636096" percent="22">
      <mem type="soa" free="1002256" total="5354496" percent="18" />
      <mem type="loa" free="248832" total="281600" percent="88" />
    </mem>
    <remembered-set count="108" />
  </mem-info>
</gc-end>
<cycle-end id="2171" type="scavenge" contextid="2165" timestamp="2019-06-17T03:33:21.122" />
  <attribute name="elasticGC enabled" value="1" />
  <attribute name= "numThreadsSpecified" value="4" />
  <attribute name="heapSize specified" value="12058624" />
  <attribute name="Current GC Util" value="1" />
  <attribute name= "Current Time Running" value="7701" />
  <attribute name ="GC Interval" value="200" />
  <attribute name="ProportionalT" value="-28.500000" />
  <attribute name="ProportionalI" value="-28.500000" />
  <attribute name="ProportionalH" value="-28.500000" />
  <attribute name="Current Error" value="-19.000000" />
  <attribute name="IntegralT" value="-1178.000000" />
  <attribute name="IntegralI" value="-1178.000000" />
  <attribute name="IntegralH" value="-1178.000000" />
  <attribute name="DerivativeT" value="-0.459677" />
  <attribute name="DerivativeI" value="-0.459677" />
  <attribute name="DerivativeH" value="-0.459677" />
  <attribute name="Loop Time for DT" value="62.000000" />
  <attribute name="Output H" value="2092630016"/>
  <attribute name="Output I" value="200"/>
  <attribute name="Output T" value="4"/>
  <attribute name="Target GC Util Change" value ="20.000000" />
  <attribute name="Current GC Util Change" value="1.000000"/>
  <attribute name="GC Util currently" value="1" />
  <attribute name="CPU Util currently" value="73532741124" />
<allocation-satisfied id="2172" threadId="0000000000D30500" bytesRequested="16392" />
<af-end id="2173" timestamp="2019-06-17T03:33:21.122" threadId="0000000000D30E88" success="true" from="nursery"/>
<exclusive-end id="2174" timestamp="2019-06-17T03:33:21.123" durationms="2.533" />

<exclusive-start id="2175" timestamp="2019-06-17T03:33:21.188" intervalms="67.620">
  <response-info timems="0.036" idlems="0.036" threads="0" lastid="0000000000D34100" lastname="Thread-5" />
</exclusive-start>
<af-start id="2176" threadId="0000000000D34A88" totalBytesRequested="16392" timestamp="2019-06-17T03:33:21.188" intervalms="67.616" type="nursery" />
<cycle-start id="2177" type="scavenge" contextid="0" timestamp="2019-06-17T03:33:21.188" intervalms="67.617" />
<gc-start id="2178" type="scavenge" contextid="2177" timestamp="2019-06-17T03:33:21.188">
  <mem-info id="2179" free="1251088" total="16252928" percent="7">
    <mem type="nursery" free="0" total="10616832" percent="0">
      <mem type="allocate" free="0" total="9306112" percent="0" />
      <mem type="survivor" free="0" total="1310720" percent="0" />
    </mem>
    <mem type="tenure" free="1251088" total="5636096" percent="22">
      <mem type="soa" free="1002256" total="5354496" percent="18" />
      <mem type="loa" free="248832" total="281600" percent="88" />
    </mem>
    <remembered-set count="334" />
  </mem-info>
</gc-start>
<allocation-stats totalBytes="8004952" >
  <allocated-bytes non-tlh="16392" tlh="7988560" />
  <largest-consumer threadName="Thread-4" threadId="0000000000D30500" bytes="3020472" />
</allocation-stats>
<gc-op id="2180" type="scavenge" timems="0.377" contextid="2177" timestamp="2019-06-17T03:33:21.188">
  <scavenger-info tenureage="11" tenuremask="7800" tiltratio="87" />
  <memory-copied type="nursery" objects="2044" bytes="832600" bytesdiscarded="214408" />
  <references type="weak" candidates="1" cleared="0" enqueued="0" />
  <references type="phantom" candidates="1" cleared="0" enqueued="0" />
</gc-op>
<gc-end id="2181" type="scavenge" contextid="2177" durationms="0.557" usertimems="0.000" systemtimems="4.000" timestamp="2019-06-17T03:33:21.188" activeThreads="4">
  <mem-info id="2182" free="9510136" total="16252928" percent="58">
    <mem type="nursery" free="8259048" total="10616832" percent="77">
      <mem type="allocate" free="8259048" total="9306112" percent="88" />
      <mem type="survivor" free="0" total="1310720" percent="0" />
    </mem>
    <mem type="tenure" free="1251088" total="5636096" percent="22">
      <mem type="soa" free="1002256" total="5354496" percent="18" />
      <mem type="loa" free="248832" total="281600" percent="88" />
    </mem>
    <remembered-set count="110" />
  </mem-info>
</gc-end>
<cycle-end id="2183" type="scavenge" contextid="2177" timestamp="2019-06-17T03:33:21.188" />
  <attribute name="elasticGC enabled" value="1" />
  <attribute name= "numThreadsSpecified" value="4" />
  <attribute name="heapSize specified" value="12058624" />
  <attribute name="Current GC Util" value="3" />
  <attribute name= "Current Time Running" value="7769" />
  <attribute name ="GC Interval" value="200" />
  <attribute name="ProportionalT" value="-25.500000" />
  <attribute name="ProportionalI" value="-25.500000" />
  <attribute name="ProportionalH" value="-25.500000" />
  <attribute name="Current Error" value="-17.000000" />
  <attribute name="IntegralT" value="-1156.000000" />
  <attribute name="IntegralI" value="-1156.000000" />
  <attribute name="IntegralH" value="-1156.000000" />
  <attribute name="DerivativeT" value="-0.375000" />
  <attribute name="DerivativeI" value="-0.375000" />
  <attribute name="DerivativeH" value="-0.375000" />
  <attribute name="Loop Time for DT" value="68.000000" />
  <attribute name="Output H" value="2092630016"/>
  <attribute name="Output I" value="200"/>
  <attribute name="Output T" value="4"/>
  <attribute name="Target GC Util Change" value ="20.000000" />
  <attribute name="Current GC Util Change" value="3.000000"/>
  <attribute name="GC Util currently" value="3" />
  <attribute name="CPU Util currently" value="68203085841" />
<allocation-satisfied id="2184" threadId="0000000000D34100" bytesRequested="16392" />
<af-end id="2185" timestamp="2019-06-17T03:33:21.189" threadId="0000000000D34A88" success="true" from="nursery"/>
<exclusive-end id="2186" timestamp="2019-06-17T03:33:21.189" durationms="1.008" />

<exclusive-start id="2187" timestamp="2019-06-17T03:33:21.238" intervalms="50.564">
  <response-info timems="0.041" idlems="0.041" threads="0" lastid="0000000000D30500" lastname="Thread-4" />
</exclusive-start>
<af-start id="2188" threadId="0000000000D30E88" totalBytesRequested="16" timestamp="2019-06-17T03:33:21.238" intervalms="50.569" type="nursery" />
<cycle-start id="2189" type="scavenge" contextid="0" timestamp="2019-06-17T03:33:21.238" intervalms="50.570" />
<gc-start id="2190" type="scavenge" contextid="2189" timestamp="2019-06-17T03:33:21.238">
  <mem-info id="2191" free="1251088" total="16252928" percent="7">
    <mem type="nursery" free="0" total="10616832" percent="0">
      <mem type="allocate" free="0" total="9306112" percent="0" />
      <mem type="survivor" free="0" total="1310720" percent="0" />
    </mem>
    <mem type="tenure" free="1251088" total="5636096" percent="22">
      <mem type="soa" free="1002256" total="5354496" percent="18" />
      <mem type="loa" free="248832" total="281600" percent="88" />
    </mem>
    <remembered-set count="338" />
  </mem-info>
</gc-start>
<allocation-stats totalBytes="8240200" >
  <allocated-bytes non-tlh="16392" tlh="8223808" />
  <largest-consumer threadName="Thread-3" threadId="0000000000D2C900" bytes="3647328" />
</allocation-stats>
<gc-op id="2192" type="scavenge" timems="3.168" contextid="2189" timestamp="2019-06-17T03:33:21.242">
  <scavenger-info tenureage="12" tenuremask="7000" tiltratio="87" />
  <memory-copied type="nursery" objects="2701" bytes="1111400" bytesdiscarded="130224" />
</gc-op>
<gc-end id="2193" type="scavenge" contextid="2189" durationms="3.572" usertimems="4.000" systemtimems="0.000" timestamp="2019-06-17T03:33:21.242" activeThreads="4">
  <mem-info id="2194" free="9118904" total="16252928" percent="56">
    <mem type="nursery" free="7867816" total="10616832" percent="74">
      <mem type="allocate" free="7867816" total="9109504" percent="86" />
      <mem type="survivor" free="0" total="1507328" percent="0" />
    </mem>
    <mem type="tenure" free="1251088" total="5636096" percent="22">
      <mem type="soa" free="1002256" total="5354496" percent="18" />
      <mem type="loa" free="248832" total="281600" percent="88" />
    </mem>
    <remembered-set count="118" />
  </mem-info>
</gc-end>
<cycle-end id="2195" type="scavenge" contextid="2189" timestamp="2019-06-17T03:33:21.242" />
  <attribute name="elasticGC enabled" value="1" />
  <attribute name= "numThreadsSpecified" value="4" />
  <attribute name="heapSize specified" value="12058624" />
  <attribute name="Current GC Util" value="1" />
  <attribute name= "Current Time Running" value="7820" />
  <attribute name ="GC Interval" value="200" />
  <attribute name="ProportionalT" value="-28.500000" />
  <attribute name="ProportionalI" value="-28.500000" />
  <attribute name="ProportionalH" value="-28.500000" />
  <attribute name="Current Error" value="-19.000000" />
  <attribute name="IntegralT" value="-969.000000" />
  <attribute name="IntegralI" value="-969.000000" />
  <attribute name="IntegralH" value="-969.000000" />
  <attribute name="DerivativeT" value="-0.558824" />
  <attribute name="DerivativeI" value="-0.558824" />
  <attribute name="DerivativeH" value="-0.558824" />
  <attribute name="Loop Time for DT" value="51.000000" />
  <attribute name="Output H" value="2092630016"/>
  <attribute name="Output I" value="200"/>
  <attribute name="Output T" value="4"/>
  <attribute name="Target GC Util Change" value ="20.000000" />
  <attribute name="Current GC Util Change" value="1.000000"/>
  <attribute name="GC Util currently" value="1" />
  <attribute name="CPU Util currently" value="91172993505" />
<allocation-satisfied id="2196" threadId="0000000000D30500" bytesRequested="16" />
<af-end id="2197" timestamp="2019-06-17T03:33:21.242" threadId="0000000000D30E88" success="true" from="nursery"/>
<exclusive-end id="2198" timestamp="2019-06-17T03:33:21.243" durationms="4.321" />

<exclusive-start id="2199" timestamp="2019-06-17T03:33:21.297" intervalms="58.847">
  <response-info timems="0.027" idlems="0.027" threads="0" lastid="0000000000D37D00" lastname="Thread-6" />
</exclusive-start>
<af-start id="2200" threadId="0000000000D38688" totalBytesRequested="16392" timestamp="2019-06-17T03:33:21.297" intervalms="58.844" type="nursery" />
<cycle-start id="2201" type="scavenge" contextid="0" timestamp="2019-06-17T03:33:21.297" intervalms="58.844" />
<gc-start id="2202" type="scavenge" contextid="2201" timestamp="2019-06-17T03:33:21.297">
  <mem-info id="2203" free="1251088" total="16252928" percent="7">
    <mem type="nursery" free="0" total="10616832" percent="0">
      <mem type="allocate" free="0" total="9109504" percent="0" />
      <mem type="survivor" free="0" total="1507328" percent="0" />
    </mem>
    <mem type="tenure" free="1251088" total="5636096" percent="22">
      <mem type="soa" free="1002256" total="5354496" percent="18" />
      <mem type="loa" free="248832" total="281600" percent="88" />
    </mem>
    <remembered-set count="336" />
  </mem-info>
</gc-start>
<allocation-stats totalBytes="7817536" >
  <allocated-bytes non-tlh="16" tlh="7817520" />
  <largest-consumer threadName="Thread-4" threadId="0000000000D30500" bytes="2603184" />
</allocation-stats>
<gc-op id="2204" type="scavenge" timems="0.405" contextid="2201" timestamp="2019-06-17T03:33:21.298">
  <scavenger-info tenureage="12" tenuremask="7000" tiltratio="85" />
  <memory-copied type="nursery" objects="2163" bytes="849200" bytesdiscarded="237400" />
  <references type="weak" candidates="1" cleared="0" enqueued="0" />
  <references type="phantom" candidates="1" cleared="0" enqueued="0" />
</gc-op>
<gc-end id="2205" type="scavenge" contextid="2201" durationms="0.584" usertimems="0.000" systemtimems="4.000" timestamp="2019-06-17T03:33:21.298" activeThreads="4">
  <mem-info id="2206" free="9339472" total="16252928" percent="57">
    <mem type="nursery" free="8088384" total="10616832" percent="76">
      <mem type="allocate" free="8088384" total="9175040" percent="88" />
      <mem type="survivor" free="0" total="1441792" percent="0" />
    </mem>
    <mem type="tenure" free="1251088" total="5636096" percent="22">
      <mem type="soa" free="1002256" total="5354496" percent="18" />
      <mem type="loa" free="248832" total="281600" percent="88" />
    </mem>
    <remembered-set count="118" />
  </mem-info>
</gc-end>
<cycle-end id="2207" type="scavenge" contextid="2201" timestamp="2019-06-17T03:33:21.298" />
  <attribute name="elasticGC enabled" value="1" />
  <attribute name= "numThreadsSpecified" value="4" />
  <attribute name="heapSize specified" value="12058624" />
  <attribute name="Current GC Util" value="8" />
  <attribute name= "Current Time Running" value="7878" />
  <attribute name ="GC Interval" value="200" />
  <attribute name="ProportionalT" value="-18.000000" />
  <attribute name="ProportionalI" value="-18.000000" />
  <attribute name="ProportionalH" value="-18.000000" />
  <attribute name="Current Error" value="-12.000000" />
  <attribute name="IntegralT" value="-696.000000" />
  <attribute name="IntegralI" value="-696.000000" />
  <attribute name="IntegralH" value="-696.000000" />
  <attribute name="DerivativeT" value="-0.310345" />
  <attribute name="DerivativeI" value="-0.310345" />
  <attribute name="DerivativeH" value="-0.310345" />
  <attribute name="Loop Time for DT" value="58.000000" />
  <attribute name="Output H" value="2092630016"/>
  <attribute name="Output I" value="200"/>
  <attribute name="Output T" value="4"/>
  <attribute name="Target GC Util Change" value ="20.000000" />
  <attribute name="Current GC Util Change" value="8.000000"/>
  <attribute name="GC Util currently" value="8" />
  <attribute name="CPU Util currently" value="78390537594" />
<allocation-satisfied id="2208" threadId="0000000000D37D00" bytesRequested="16392" />
<af-end id="2209" timestamp="2019-06-17T03:33:21.298" threadId="0000000000D38688" success="true" from="nursery"/>
<exclusive-end id="2210" timestamp="2019-06-17T03:33:21.298" durationms="1.028" />

<exclusive-start id="2211" timestamp="2019-06-17T03:33:21.358" intervalms="61.036">
  <response-info timems="0.041" idlems="0.041" threads="0" lastid="0000000000D2C900" lastname="Thread-3" />
</exclusive-start>
<af-start id="2212" threadId="0000000000D2D288" totalBytesRequested="16392" timestamp="2019-06-17T03:33:21.358" intervalms="61.037" type="nursery" />
<cycle-start id="2213" type="scavenge" contextid="0" timestamp="2019-06-17T03:33:21.358" intervalms="61.034" />
<gc-start id="2214" type="scavenge" contextid="2213" timestamp="2019-06-17T03:33:21.358">
  <mem-info id="2215" free="1251088" total="16252928" percent="7">
    <mem type="nursery" free="0" total="10616832" percent="0">
      <mem type="allocate" free="0" total="9175040" percent="0" />
      <mem type="survivor" free="0" total="1441792" percent="0" />
    </mem>
    <mem type="tenure" free="1251088" total="5636096" percent="22">
      <mem type="soa" free="1002256" total="5354496" percent="18" />
      <mem type="loa" free="248832" total="281600" percent="88" />
    </mem>
    <remembered-set count="334" />
  </mem-info>
</gc-start>
<allocation-stats totalBytes="8025776" >
  <allocated-bytes non-tlh="16392" tlh="8009384" />
  <largest-consumer threadName="Thread-3" threadId="0000000000D2C900" bytes="2297536" />
</allocation-stats>
<gc-op id="2216" type="scavenge" timems="0.723" contextid="2213" timestamp="2019-06-17T03:33:21.359">
  <scavenger-info tenureage="13" tenuremask="6000" tiltratio="86" />
  <memory-copied type="nursery" objects="2192" bytes="894008" bytesdiscarded="210632" />
</gc-op>
<gc-end id="2217" type="scavenge" contextid="2213" durationms="0.915" usertimems="0.000" systemtimems="0.000" timestamp="2019-06-17T03:33:21.359" activeThreads="4">
  <mem-info id="2218" free="9386960" total="16252928" percent="57">
    <mem type="nursery" free="8135872" total="10616832" percent="76">
      <mem type="allocate" free="8135872" total="9240576" percent="88" />
      <mem type="survivor" free="0" total="1376256" percent="0" />
    </mem>
    <mem type="tenure" free="1251088" total="5636096" percent="22">
      <mem type="soa" free="1002256" total="5354496" percent="18" />
      <mem type="loa" free="248832" total="281600" percent="88" />
    </mem>
    <remembered-set count="109" />
  </mem-info>
</gc-end>
<cycle-end id="2219" type="scavenge" contextid="2213" timestamp="2019-06-17T03:33:21.359" />
  <attribute name="elasticGC enabled" value="1" />
  <attribute name= "numThreadsSpecified" value="4" />
  <attribute name="heapSize specified" value="12058624" />
  <attribute name="Current GC Util" value="1" />
  <attribute name= "Current Time Running" value="7939" />
  <attribute name ="GC Interval" value="200" />
  <attribute name="ProportionalT" value="-28.500000" />
  <attribute name="ProportionalI" value="-28.500000" />
  <attribute name="ProportionalH" value="-28.500000" />
  <attribute name="Current Error" value="-19.000000" />
  <attribute name="IntegralT" value="-1159.000000" />
  <attribute name="IntegralI" value="-1159.000000" />
  <attribute name="IntegralH" value="-1159.000000" />
  <attribute name="DerivativeT" value="-0.467213" />
  <attribute name="DerivativeI" value="-0.467213" />
  <attribute name="DerivativeH" value="-0.467213" />
  <attribute name="Loop Time for DT" value="61.000000" />
  <attribute name="Output H" value="2092630016"/>
  <attribute name="Output I" value="200"/>
  <attribute name="Output T" value="4"/>
  <attribute name="Target GC Util Change" value ="20.000000" />
  <attribute name="Current GC Util Change" value="1.000000"/>
  <attribute name="GC Util currently" value="1" />
  <attribute name="CPU Util currently" value="75551659844" />
<allocation-satisfied id="2220" threadId="0000000000D2C900" bytesRequested="16392" />
<af-end id="2221" timestamp="2019-06-17T03:33:21.359" threadId="0000000000D2D288" success="true" from="nursery"/>
<exclusive-end id="2222" timestamp="2019-06-17T03:33:21.359" durationms="1.400" />

<exclusive-start id="2223" timestamp="2019-06-17T03:33:21.418" intervalms="60.335">
  <response-info timems="0.043" idlems="0.043" threads="0" lastid="0000000000D34100" lastname="Thread-5" />
</exclusive-start>
<af-start id="2224" threadId="0000000000D34A88" totalBytesRequested="16392" timestamp="2019-06-17T03:33:21.419" intervalms="60.332" type="nursery" />
<cycle-start id="2225" type="scavenge" contextid="0" timestamp="2019-06-17T03:33:21.419" intervalms="60.332" />
<gc-start id="2226" type="scavenge" contextid="2225" timestamp="2019-06-17T03:33:21.419">
  <mem-info id="2227" free="1251088" total="16252928" percent="7">
    <mem type="nursery" free="0" total="10616832" percent="0">
      <mem type="allocate" free="0" total="9240576" percent="0" />
      <mem type="survivor" free="0" total="1376256" percent="0" />
    </mem>
    <mem type="tenure" free="1251088" total="5636096" percent="22">
      <mem type="soa" free="1002256" total="5354496" percent="18" />
      <mem type="loa" free="248832" total="281600" percent="88" />
    </mem>
    <remembered-set count="336" />
  </mem-info>
</gc-start>
<allocation-stats totalBytes="8063352" >
  <allocated-bytes non-tlh="16392" tlh="8046960" />
  <largest-consumer threadName="Thread-3" threadId="0000000000D2C900" bytes="2744552" />
</allocation-stats>
<gc-op id="2228" type="scavenge" timems="0.344" contextid="2225" timestamp="2019-06-17T03:33:21.419">
  <scavenger-info tenureage="14" tenuremask="4000" tiltratio="87" />
  <memory-copied type="nursery" objects="2154" bytes="829032" bytesdiscarded="195456" />
</gc-op>
<gc-end id="2229" type="scavenge" contextid="2225" durationms="0.523" usertimems="0.000" systemtimems="0.000" timestamp="2019-06-17T03:33:21.419" activeThreads="4">
  <mem-info id="2230" free="9532648" total="16252928" percent="58">
    <mem type="nursery" free="8281560" total="10616832" percent="78">
      <mem type="allocate" free="8281560" total="9306112" percent="88" />
      <mem type="survivor" free="0" total="1310720" percent="0" />
    </mem>
    <mem type="tenure" free="1251088" total="5636096" percent="22">
      <mem type="soa" free="1002256" total="5354496" percent="18" />
      <mem type="loa" free="248832" total="281600" percent="88" />
    </mem>
    <remembered-set count="105" />
  </mem-info>
</gc-end>
<cycle-end id="2231" type="scavenge" contextid="2225" timestamp="2019-06-17T03:33:21.419" />
  <attribute name="elasticGC enabled" value="1" />
  <attribute name= "numThreadsSpecified" value="4" />
  <attribute name="heapSize specified" value="12058624" />
  <attribute name="Current GC Util" value="2" />
  <attribute name= "Current Time Running" value="8000" />
  <attribute name ="GC Interval" value="200" />
  <attribute name="ProportionalT" value="-27.000000" />
  <attribute name="ProportionalI" value="-27.000000" />
  <attribute name="ProportionalH" value="-27.000000" />
  <attribute name="Current Error" value="-18.000000" />
  <attribute name="IntegralT" value="-1098.000000" />
  <attribute name="IntegralI" value="-1098.000000" />
  <attribute name="IntegralH" value="-1098.000000" />
  <attribute name="DerivativeT" value="-0.442623" />
  <attribute name="DerivativeI" value="-0.442623" />
  <attribute name="DerivativeH" value="-0.442623" />
  <attribute name="Loop Time for DT" value="61.000000" />
  <attribute name="Output H" value="2092630016"/>
  <attribute name="Output I" value="200"/>
  <attribute name="Output T" value="4"/>
  <attribute name="Target GC Util Change" value ="20.000000" />
  <attribute name="Current GC Util Change" value="2.000000"/>
  <attribute name="GC Util currently" value="2" />
  <attribute name="CPU Util currently" value="76439192299" />
<allocation-satisfied id="2232" threadId="0000000000D34100" bytesRequested="16392" />
<af-end id="2233" timestamp="2019-06-17T03:33:21.419" threadId="0000000000D34A88" success="true" from="nursery"/>
<exclusive-end id="2234" timestamp="2019-06-17T03:33:21.419" durationms="0.968" />

<exclusive-start id="2235" timestamp="2019-06-17T03:33:21.479" intervalms="61.002">
  <response-info timems="0.033" idlems="0.033" threads="0" lastid="0000000000D37D00" lastname="Thread-6" />
</exclusive-start>
<af-start id="2236" threadId="0000000000D38688" totalBytesRequested="40" timestamp="2019-06-17T03:33:21.480" intervalms="60.996" type="nursery" />
<cycle-start id="2237" type="scavenge" contextid="0" timestamp="2019-06-17T03:33:21.480" intervalms="60.992" />
<gc-start id="2238" type="scavenge" contextid="2237" timestamp="2019-06-17T03:33:21.480">
  <mem-info id="2239" free="1251088" total="16252928" percent="7">
    <mem type="nursery" free="0" total="10616832" percent="0">
      <mem type="allocate" free="0" total="9306112" percent="0" />
      <mem type="survivor" free="0" total="1310720" percent="0" />
    </mem>
    <mem type="tenure" free="1251088" total="5636096" percent="22">
      <mem type="soa" free="1002256" total="5354496" percent="18" />
      <mem type="loa" free="248832" total="281600" percent="88" />
    </mem>
    <remembered-set count="332" />
  </mem-info>
</gc-start>
<allocation-stats totalBytes="8250568" >
  <allocated-bytes non-tlh="16392" tlh="8234176" />
  <largest-consumer threadName="Thread-3" threadId="0000000000D2C900" bytes="2491128" />
</allocation-stats>
<gc-op id="2240" type="scavenge" timems="0.344" contextid="2237" timestamp="2019-06-17T03:33:21.480">
  <scavenger-info tenureage="14" tenuremask="4000" tiltratio="87" />
  <memory-copied type="nursery" objects="2765" bytes="1048440" bytesdiscarded="203680" />
</gc-op>
<gc-end id="2241" type="scavenge" contextid="2237" durationms="0.524" usertimems="0.000" systemtimems="0.000" timestamp="2019-06-17T03:33:21.480" activeThreads="4">
  <mem-info id="2242" free="9239480" total="16252928" percent="56">
    <mem type="nursery" free="7988392" total="10616832" percent="75">
      <mem type="allocate" free="7988392" total="9240576" percent="86" />
      <mem type="survivor" free="0" total="1376256" percent="0" />
    </mem>
    <mem type="tenure" free="1251088" total="5636096" percent="22">
      <mem type="soa" free="1002256" total="5354496" percent="18" />
      <mem type="loa" free="248832" total="281600" percent="88" />
    </mem>
    <remembered-set count="111" />
  </mem-info>
</gc-end>
<cycle-end id="2243" type="scavenge" contextid="2237" timestamp="2019-06-17T03:33:21.480" />
  <attribute name="elasticGC enabled" value="1" />
  <attribute name= "numThreadsSpecified" value="4" />
  <attribute name="heapSize specified" value="12058624" />
  <attribute name="Current GC Util" value="1" />
  <attribute name= "Current Time Running" value="8061" />
  <attribute name ="GC Interval" value="200" />
  <attribute name="ProportionalT" value="-28.500000" />
  <attribute name="ProportionalI" value="-28.500000" />
  <attribute name="ProportionalH" value="-28.500000" />
  <attribute name="Current Error" value="-19.000000" />
  <attribute name="IntegralT" value="-1159.000000" />
  <attribute name="IntegralI" value="-1159.000000" />
  <attribute name="IntegralH" value="-1159.000000" />
  <attribute name="DerivativeT" value="-0.467213" />
  <attribute name="DerivativeI" value="-0.467213" />
  <attribute name="DerivativeH" value="-0.467213" />
  <attribute name="Loop Time for DT" value="61.000000" />
  <attribute name="Output H" value="2092630016"/>
  <attribute name="Output I" value="200"/>
  <attribute name="Output T" value="4"/>
  <attribute name="Target GC Util Change" value ="20.000000" />
  <attribute name="Current GC Util Change" value="1.000000"/>
  <attribute name="GC Util currently" value="1" />
  <attribute name="CPU Util currently" value="75615561254" />
<allocation-satisfied id="2244" threadId="0000000000D37D00" bytesRequested="40" />
<af-end id="2245" timestamp="2019-06-17T03:33:21.480" threadId="0000000000D38688" success="true" from="nursery"/>
<exclusive-end id="2246" timestamp="2019-06-17T03:33:21.480" durationms="0.955" />

<exclusive-start id="2247" timestamp="2019-06-17T03:33:21.529" intervalms="49.121">
  <response-info timems="0.035" idlems="0.035" threads="0" lastid="0000000000D37D00" lastname="Thread-6" />
</exclusive-start>
<af-start id="2248" threadId="0000000000D38688" totalBytesRequested="8200" timestamp="2019-06-17T03:33:21.529" intervalms="49.124" type="nursery" />
<cycle-start id="2249" type="scavenge" contextid="0" timestamp="2019-06-17T03:33:21.529" intervalms="49.127" />
<gc-start id="2250" type="scavenge" contextid="2249" timestamp="2019-06-17T03:33:21.529">
  <mem-info id="2251" free="1251088" total="16252928" percent="7">
    <mem type="nursery" free="0" total="10616832" percent="0">
      <mem type="allocate" free="0" total="9240576" percent="0" />
      <mem type="survivor" free="0" total="1376256" percent="0" />
    </mem>
    <mem type="tenure" free="1251088" total="5636096" percent="22">
      <mem type="soa" free="1002256" total="5354496" percent="18" />
      <mem type="loa" free="248832" total="281600" percent="88" />
    </mem>
    <remembered-set count="336" />
  </mem-info>
</gc-start>
<allocation-stats totalBytes="7968120" >
  <allocated-bytes non-tlh="40" tlh="7968080" />
  <largest-consumer threadName="Thread-3" threadId="0000000000D2C900" bytes="3275528" />
</allocation-stats>
<gc-op id="2252" type="scavenge" timems="0.412" contextid="2249" timestamp="2019-06-17T03:33:21.529">
  <scavenger-info tenureage="14" tenuremask="4000" tiltratio="87" />
  <memory-copied type="nursery" objects="1903" bytes="722720" bytesdiscarded="153968" />
  <references type="weak" candidates="1" cleared="0" enqueued="0" />
  <references type="phantom" candidates="2" cleared="0" enqueued="0" />
</gc-op>
<gc-end id="2253" type="scavenge" contextid="2249" durationms="0.591" usertimems="0.000" systemtimems="0.000" timestamp="2019-06-17T03:33:21.529" activeThreads="4">
  <mem-info id="2254" free="9680448" total="16252928" percent="59">
    <mem type="nursery" free="8429360" total="10616832" percent="79">
      <mem type="allocate" free="8429360" total="9306112" percent="90" />
      <mem type="survivor" free="0" total="1310720" percent="0" />
    </mem>
    <mem type="tenure" free="1251088" total="5636096" percent="22">
      <mem type="soa" free="1002256" total="5354496" percent="18" />
      <mem type="loa" free="248832" total="281600" percent="88" />
    </mem>
    <remembered-set count="112" />
  </mem-info>
</gc-end>
<cycle-end id="2255" type="scavenge" contextid="2249" timestamp="2019-06-17T03:33:21.529" />
  <attribute name="elasticGC enabled" value="1" />
  <attribute name= "numThreadsSpecified" value="4" />
  <attribute name="heapSize specified" value="12058624" />
  <attribute name="Current GC Util" value="1" />
  <attribute name= "Current Time Running" value="8110" />
  <attribute name ="GC Interval" value="200" />
  <attribute name="ProportionalT" value="-28.500000" />
  <attribute name="ProportionalI" value="-28.500000" />
  <attribute name="ProportionalH" value="-28.500000" />
  <attribute name="Current Error" value="-19.000000" />
  <attribute name="IntegralT" value="-931.000000" />
  <attribute name="IntegralI" value="-931.000000" />
  <attribute name="IntegralH" value="-931.000000" />
  <attribute name="DerivativeT" value="-0.581633" />
  <attribute name="DerivativeI" value="-0.581633" />
  <attribute name="DerivativeH" value="-0.581633" />
  <attribute name="Loop Time for DT" value="49.000000" />
  <attribute name="Output H" value="2092630016"/>
  <attribute name="Output I" value="200"/>
  <attribute name="Output T" value="4"/>
  <attribute name="Target GC Util Change" value ="20.000000" />
  <attribute name="Current GC Util Change" value="1.000000"/>
  <attribute name="GC Util currently" value="1" />
  <attribute name="CPU Util currently" value="93874142655" />
<allocation-satisfied id="2256" threadId="0000000000D37D00" bytesRequested="8200" />
<af-end id="2257" timestamp="2019-06-17T03:33:21.530" threadId="0000000000D38688" success="true" from="nursery"/>
<exclusive-end id="2258" timestamp="2019-06-17T03:33:21.530" durationms="1.020" />

<exclusive-start id="2259" timestamp="2019-06-17T03:33:21.594" intervalms="65.498">
  <response-info timems="0.041" idlems="0.041" threads="0" lastid="0000000000D37D00" lastname="Thread-6" />
</exclusive-start>
<af-start id="2260" threadId="0000000000D38688" totalBytesRequested="32776" timestamp="2019-06-17T03:33:21.594" intervalms="65.500" type="nursery" />
<cycle-start id="2261" type="scavenge" contextid="0" timestamp="2019-06-17T03:33:21.594" intervalms="65.501" />
<gc-start id="2262" type="scavenge" contextid="2261" timestamp="2019-06-17T03:33:21.594">
  <mem-info id="2263" free="1251088" total="16252928" percent="7">
    <mem type="nursery" free="0" total="10616832" percent="0">
      <mem type="allocate" free="0" total="9306112" percent="0" />
      <mem type="survivor" free="0" total="1310720" percent="0" />
    </mem>
    <mem type="tenure" free="1251088" total="5636096" percent="22">
      <mem type="soa" free="1002256" total="5354496" percent="18" />
      <mem type="loa" free="248832" total="281600" percent="88" />
    </mem>
    <remembered-set count="340" />
  </mem-info>
</gc-start>
<allocation-stats totalBytes="8384072" >
  <allocated-bytes non-tlh="8200" tlh="8375872" />
  <largest-consumer threadName="Thread-6" threadId="0000000000D37D00" bytes="2982088" />
</allocation-stats>
<gc-op id="2264" type="scavenge" timems="0.351" contextid="2261" timestamp="2019-06-17T03:33:21.595">
  <scavenger-info tenureage="14" tenuremask="4000" tiltratio="87" />
  <memory-copied type="nursery" objects="2178" bytes="939800" bytesdiscarded="203376" />
</gc-op>
<gc-end id="2265" type="scavenge" contextid="2261" durationms="0.529" usertimems="0.000" systemtimems="0.000" timestamp="2019-06-17T03:33:21.595" activeThreads="4">
  <mem-info id="2266" free="9413960" total="16252928" percent="57">
    <mem type="nursery" free="8162872" total="10616832" percent="76">
      <mem type="allocate" free="8162872" total="9306112" percent="87" />
      <mem type="survivor" free="0" total="1310720" percent="0" />
    </mem>
    <mem type="tenure" free="1251088" total="5636096" percent="22">
      <mem type="soa" free="1002256" total="5354496" percent="18" />
      <mem type="loa" free="248832" total="281600" percent="88" />
    </mem>
    <remembered-set count="107" />
  </mem-info>
</gc-end>
<cycle-end id="2267" type="scavenge" contextid="2261" timestamp="2019-06-17T03:33:21.595" />
  <attribute name="elasticGC enabled" value="1" />
  <attribute name= "numThreadsSpecified" value="4" />
  <attribute name="heapSize specified" value="12058624" />
  <attribute name="Current GC Util" value="1" />
  <attribute name= "Current Time Running" value="8175" />
  <attribute name ="GC Interval" value="200" />
  <attribute name="ProportionalT" value="-28.500000" />
  <attribute name="ProportionalI" value="-28.500000" />
  <attribute name="ProportionalH" value="-28.500000" />
  <attribute name="Current Error" value="-19.000000" />
  <attribute name="IntegralT" value="-1235.000000" />
  <attribute name="IntegralI" value="-1235.000000" />
  <attribute name="IntegralH" value="-1235.000000" />
  <attribute name="DerivativeT" value="-0.438462" />
  <attribute name="DerivativeI" value="-0.438462" />
  <attribute name="DerivativeH" value="-0.438462" />
  <attribute name="Loop Time for DT" value="65.000000" />
  <attribute name="Output H" value="2092630016"/>
  <attribute name="Output I" value="200"/>
  <attribute name="Output T" value="4"/>
  <attribute name="Target GC Util Change" value ="20.000000" />
  <attribute name="Current GC Util Change" value="1.000000"/>
  <attribute name="GC Util currently" value="1" />
  <attribute name="CPU Util currently" value="70410601917" />
<allocation-satisfied id="2268" threadId="0000000000D37D00" bytesRequested="32776" />
<af-end id="2269" timestamp="2019-06-17T03:33:21.595" threadId="0000000000D38688" success="true" from="nursery"/>
<exclusive-end id="2270" timestamp="2019-06-17T03:33:21.595" durationms="0.966" />

<exclusive-start id="2271" timestamp="2019-06-17T03:33:21.653" intervalms="59.443">
  <response-info timems="0.038" idlems="0.038" threads="0" lastid="0000000000D2C900" lastname="Thread-3" />
</exclusive-start>
<af-start id="2272" threadId="0000000000D2D288" totalBytesRequested="32776" timestamp="2019-06-17T03:33:21.654" intervalms="59.449" type="nursery" />
<cycle-start id="2273" type="scavenge" contextid="0" timestamp="2019-06-17T03:33:21.654" intervalms="59.452" />
<gc-start id="2274" type="scavenge" contextid="2273" timestamp="2019-06-17T03:33:21.654">
  <mem-info id="2275" free="1251088" total="16252928" percent="7">
    <mem type="nursery" free="0" total="10616832" percent="0">
      <mem type="allocate" free="0" total="9306112" percent="0" />
      <mem type="survivor" free="0" total="1310720" percent="0" />
    </mem>
    <mem type="tenure" free="1251088" total="5636096" percent="22">
      <mem type="soa" free="1002256" total="5354496" percent="18" />
      <mem type="loa" free="248832" total="281600" percent="88" />
    </mem>
    <remembered-set count="337" />
  </mem-info>
</gc-start>
<allocation-stats totalBytes="8067432" >
  <allocated-bytes non-tlh="32776" tlh="8034656" />
  <largest-consumer threadName="Thread-4" threadId="0000000000D30500" bytes="2874320" />
</allocation-stats>
<gc-op id="2276" type="scavenge" timems="0.545" contextid="2273" timestamp="2019-06-17T03:33:21.654">
  <scavenger-info tenureage="14" tenuremask="4000" tiltratio="87" />
  <memory-copied type="nursery" objects="2063" bytes="908624" bytesdiscarded="122264" />
</gc-op>
<gc-end id="2277" type="scavenge" contextid="2273" durationms="0.739" usertimems="4.000" systemtimems="0.000" timestamp="2019-06-17T03:33:21.654" activeThreads="4">
  <mem-info id="2278" free="9591784" total="16252928" percent="59">
    <mem type="nursery" free="8340696" total="10616832" percent="78">
      <mem type="allocate" free="8340696" total="9371648" percent="88" />
      <mem type="survivor" free="0" total="1245184" percent="0" />
    </mem>
    <mem type="tenure" free="1251088" total="5636096" percent="22">
      <mem type="soa" free="1002256" total="5354496" percent="18" />
      <mem type="loa" free="248832" total="281600" percent="88" />
    </mem>
    <remembered-set count="111" />
  </mem-info>
</gc-end>
<cycle-end id="2279" type="scavenge" contextid="2273" timestamp="2019-06-17T03:33:21.655" />
  <attribute name="elasticGC enabled" value="1" />
  <attribute name= "numThreadsSpecified" value="4" />
  <attribute name="heapSize specified" value="12058624" />
  <attribute name="Current GC Util" value="1" />
  <attribute name= "Current Time Running" value="8235" />
  <attribute name ="GC Interval" value="200" />
  <attribute name="ProportionalT" value="-28.500000" />
  <attribute name="ProportionalI" value="-28.500000" />
  <attribute name="ProportionalH" value="-28.500000" />
  <attribute name="Current Error" value="-19.000000" />
  <attribute name="IntegralT" value="-1140.000000" />
  <attribute name="IntegralI" value="-1140.000000" />
  <attribute name="IntegralH" value="-1140.000000" />
  <attribute name="DerivativeT" value="-0.475000" />
  <attribute name="DerivativeI" value="-0.475000" />
  <attribute name="DerivativeH" value="-0.475000" />
  <attribute name="Loop Time for DT" value="60.000000" />
  <attribute name="Output H" value="2092630016"/>
  <attribute name="Output I" value="200"/>
  <attribute name="Output T" value="4"/>
  <attribute name="Target GC Util Change" value ="20.000000" />
  <attribute name="Current GC Util Change" value="1.000000"/>
  <attribute name="GC Util currently" value="1" />
  <attribute name="CPU Util currently" value="77558293481" />
<allocation-satisfied id="2280" threadId="0000000000D2C900" bytesRequested="32776" />
<af-end id="2281" timestamp="2019-06-17T03:33:21.655" threadId="0000000000D2D288" success="true" from="nursery"/>
<exclusive-end id="2282" timestamp="2019-06-17T03:33:21.655" durationms="1.199" />

<exclusive-start id="2283" timestamp="2019-06-17T03:33:21.718" intervalms="64.559">
  <response-info timems="0.037" idlems="0.037" threads="0" lastid="0000000000D30500" lastname="Thread-4" />
</exclusive-start>
<af-start id="2284" threadId="0000000000D30E88" totalBytesRequested="32776" timestamp="2019-06-17T03:33:21.718" intervalms="64.556" type="nursery" />
<cycle-start id="2285" type="scavenge" contextid="0" timestamp="2019-06-17T03:33:21.718" intervalms="64.553" />
<gc-start id="2286" type="scavenge" contextid="2285" timestamp="2019-06-17T03:33:21.718">
  <mem-info id="2287" free="1251088" total="16252928" percent="7">
    <mem type="nursery" free="0" total="10616832" percent="0">
      <mem type="allocate" free="0" total="9371648" percent="0" />
      <mem type="survivor" free="0" total="1245184" percent="0" />
    </mem>
    <mem type="tenure" free="1251088" total="5636096" percent="22">
      <mem type="soa" free="1002256" total="5354496" percent="18" />
      <mem type="loa" free="248832" total="281600" percent="88" />
    </mem>
    <remembered-set count="330" />
  </mem-info>
</gc-start>
<allocation-stats totalBytes="8279296" >
  <allocated-bytes non-tlh="32776" tlh="8246520" />
  <largest-consumer threadName="Thread-3" threadId="0000000000D2C900" bytes="3123840" />
</allocation-stats>
<gc-op id="2288" type="scavenge" timems="2.021" contextid="2285" timestamp="2019-06-17T03:33:21.720">
  <scavenger-info tenureage="14" tenuremask="4000" tiltratio="88" />
  <memory-copied type="nursery" objects="2705" bytes="1072976" bytesdiscarded="172136" />
  <memory-copied type="tenure" objects="95" bytes="52968" bytesdiscarded="728" />
  <copy-failed type="nursery" objects="95" bytes="52968" />
</gc-op>
<gc-end id="2289" type="scavenge" contextid="2285" durationms="2.383" usertimems="4.000" systemtimems="0.000" timestamp="2019-06-17T03:33:21.721" activeThreads="4">
  <mem-info id="2290" free="9002344" total="16252928" percent="55">
    <mem type="nursery" free="7864320" total="10616832" percent="74">
      <mem type="allocate" free="7864320" total="9109504" percent="86" />
      <mem type="survivor" free="0" total="1507328" percent="0" />
    </mem>
    <mem type="tenure" free="1138024" total="5636096" percent="20">
      <mem type="soa" free="889192" total="5354496" percent="16" />
      <mem type="loa" free="248832" total="281600" percent="88" />
    </mem>
    <remembered-set count="116" />
  </mem-info>
</gc-end>
<cycle-end id="2291" type="scavenge" contextid="2285" timestamp="2019-06-17T03:33:21.721" />
  <attribute name="elasticGC enabled" value="1" />
  <attribute name= "numThreadsSpecified" value="4" />
  <attribute name="heapSize specified" value="12058624" />
  <attribute name="Current GC Util" value="1" />
  <attribute name= "Current Time Running" value="8299" />
  <attribute name ="GC Interval" value="200" />
  <attribute name="ProportionalT" value="-28.500000" />
  <attribute name="ProportionalI" value="-28.500000" />
  <attribute name="ProportionalH" value="-28.500000" />
  <attribute name="Current Error" value="-19.000000" />
  <attribute name="IntegralT" value="-1216.000000" />
  <attribute name="IntegralI" value="-1216.000000" />
  <attribute name="IntegralH" value="-1216.000000" />
  <attribute name="DerivativeT" value="-0.445312" />
  <attribute name="DerivativeI" value="-0.445312" />
  <attribute name="DerivativeH" value="-0.445312" />
  <attribute name="Loop Time for DT" value="64.000000" />
  <attribute name="Output H" value="2092630016"/>
  <attribute name="Output I" value="200"/>
  <attribute name="Output T" value="4"/>
  <attribute name="Target GC Util Change" value ="20.000000" />
  <attribute name="Current GC Util Change" value="1.000000"/>
  <attribute name="GC Util currently" value="1" />
  <attribute name="CPU Util currently" value="71447598862" />
<allocation-satisfied id="2292" threadId="0000000000D30500" bytesRequested="32776" />
<af-end id="2293" timestamp="2019-06-17T03:33:21.721" threadId="0000000000D30E88" success="true" from="nursery"/>
<exclusive-end id="2294" timestamp="2019-06-17T03:33:21.721" durationms="2.828" />

<exclusive-start id="2295" timestamp="2019-06-17T03:33:21.780" intervalms="61.952">
  <response-info timems="0.033" idlems="0.033" threads="0" lastid="0000000000D37D00" lastname="Thread-6" />
</exclusive-start>
<af-start id="2296" threadId="0000000000D38688" totalBytesRequested="16392" timestamp="2019-06-17T03:33:21.780" intervalms="61.953" type="nursery" />
<cycle-start id="2297" type="scavenge" contextid="0" timestamp="2019-06-17T03:33:21.780" intervalms="61.958" />
<gc-start id="2298" type="scavenge" contextid="2297" timestamp="2019-06-17T03:33:21.780">
  <mem-info id="2299" free="1138024" total="16252928" percent="7">
    <mem type="nursery" free="0" total="10616832" percent="0">
      <mem type="allocate" free="0" total="9109504" percent="0" />
      <mem type="survivor" free="0" total="1507328" percent="0" />
    </mem>
    <mem type="tenure" free="1138024" total="5636096" percent="20">
      <mem type="soa" free="889192" total="5354496" percent="16" />
      <mem type="loa" free="248832" total="281600" percent="88" />
    </mem>
    <remembered-set count="336" />
  </mem-info>
</gc-start>
<allocation-stats totalBytes="7853144" >
  <allocated-bytes non-tlh="32776" tlh="7820368" />
  <largest-consumer threadName="Thread-4" threadId="0000000000D30500" bytes="3562144" />
</allocation-stats>
<gc-op id="2300" type="scavenge" timems="0.438" contextid="2297" timestamp="2019-06-17T03:33:21.781">
  <scavenger-info tenureage="14" tenuremask="4000" tiltratio="85" />
  <memory-copied type="nursery" objects="2468" bytes="1073056" bytesdiscarded="234280" />
  <references type="weak" candidates="1" cleared="0" enqueued="0" />
  <references type="phantom" candidates="1" cleared="0" enqueued="0" />
</gc-op>
<gc-end id="2301" type="scavenge" contextid="2297" durationms="0.616" usertimems="4.000" systemtimems="0.000" timestamp="2019-06-17T03:33:21.781" activeThreads="4">
  <mem-info id="2302" free="9005656" total="16252928" percent="55">
    <mem type="nursery" free="7867632" total="10616832" percent="74">
      <mem type="allocate" free="7867632" total="9175040" percent="85" />
      <mem type="survivor" free="0" total="1441792" percent="0" />
    </mem>
    <mem type="tenure" free="1138024" total="5636096" percent="20">
      <mem type="soa" free="889192" total="5354496" percent="16" />
      <mem type="loa" free="248832" total="281600" percent="88" />
    </mem>
    <remembered-set count="118" />
  </mem-info>
</gc-end>
<cycle-end id="2303" type="scavenge" contextid="2297" timestamp="2019-06-17T03:33:21.781" />
  <attribute name="elasticGC enabled" value="1" />
  <attribute name= "numThreadsSpecified" value="4" />
  <attribute name="heapSize specified" value="12058624" />
  <attribute name="Current GC Util" value="5" />
  <attribute name= "Current Time Running" value="8361" />
  <attribute name ="GC Interval" value="200" />
  <attribute name="ProportionalT" value="-22.500000" />
  <attribute name="ProportionalI" value="-22.500000" />
  <attribute name="ProportionalH" value="-22.500000" />
  <attribute name="Current Error" value="-15.000000" />
  <attribute name="IntegralT" value="-930.000000" />
  <attribute name="IntegralI" value="-930.000000" />
  <attribute name="IntegralH" value="-930.000000" />
  <attribute name="DerivativeT" value="-0.362903" />
  <attribute name="DerivativeI" value="-0.362903" />
  <attribute name="DerivativeH" value="-0.362903" />
  <attribute name="Loop Time for DT" value="62.000000" />
  <attribute name="Output H" value="2092630016"/>
  <attribute name="Output I" value="200"/>
  <attribute name="Output T" value="4"/>
  <attribute name="Target GC Util Change" value ="20.000000" />
  <attribute name="Current GC Util Change" value="5.000000"/>
  <attribute name="GC Util currently" value="5" />
  <attribute name="CPU Util currently" value="74425596603" />
<allocation-satisfied id="2304" threadId="0000000000D37D00" bytesRequested="16392" />
<af-end id="2305" timestamp="2019-06-17T03:33:21.781" threadId="0000000000D38688" success="true" from="nursery"/>
<exclusive-end id="2306" timestamp="2019-06-17T03:33:21.781" durationms="1.221" />

<exclusive-start id="2307" timestamp="2019-06-17T03:33:21.831" intervalms="51.432">
  <response-info timems="0.046" idlems="0.046" threads="0" lastid="0000000000D30500" lastname="Thread-4" />
</exclusive-start>
<af-start id="2308" threadId="0000000000D30E88" totalBytesRequested="2056" timestamp="2019-06-17T03:33:21.832" intervalms="51.432" type="nursery" />
<cycle-start id="2309" type="scavenge" contextid="0" timestamp="2019-06-17T03:33:21.832" intervalms="51.426" />
<gc-start id="2310" type="scavenge" contextid="2309" timestamp="2019-06-17T03:33:21.832">
  <mem-info id="2311" free="1138024" total="16252928" percent="7">
    <mem type="nursery" free="0" total="10616832" percent="0">
      <mem type="allocate" free="0" total="9175040" percent="0" />
      <mem type="survivor" free="0" total="1441792" percent="0" />
    </mem>
    <mem type="tenure" free="1138024" total="5636096" percent="20">
      <mem type="soa" free="889192" total="5354496" percent="16" />
      <mem type="loa" free="248832" total="281600" percent="88" />
    </mem>
    <remembered-set count="337" />
  </mem-info>
</gc-start>
<allocation-stats totalBytes="7806688" >
  <allocated-bytes non-tlh="16392" tlh="7790296" />
  <largest-consumer threadName="Thread-4" threadId="0000000000D30500" bytes="2086368" />
</allocation-stats>
<gc-op id="2312" type="scavenge" timems="1.176" contextid="2309" timestamp="2019-06-17T03:33:21.833">
  <scavenger-info tenureage="14" tenuremask="4000" tiltratio="86" />
  <memory-copied type="nursery" objects="2939" bytes="1244792" bytesdiscarded="130144" />
  <references type="phantom" candidates="1" cleared="0" enqueued="0" />
</gc-op>
<gc-end id="2313" type="scavenge" contextid="2309" durationms="1.546" usertimems="0.000" systemtimems="0.000" timestamp="2019-06-17T03:33:21.833" activeThreads="4">
  <mem-info id="2314" free="8872504" total="16252928" percent="54">
    <mem type="nursery" free="7734480" total="10616832" percent="72">
      <mem type="allocate" free="7734480" total="9109504" percent="84" />
      <mem type="survivor" free="0" total="1507328" percent="0" />
    </mem>
    <mem type="tenure" free="1138024" total="5636096" percent="20">
      <mem type="soa" free="889192" total="5354496" percent="16" />
      <mem type="loa" free="248832" total="281600" percent="88" />
    </mem>
    <remembered-set count="116" />
  </mem-info>
</gc-end>
<cycle-end id="2315" type="scavenge" contextid="2309" timestamp="2019-06-17T03:33:21.833" />
  <attribute name="elasticGC enabled" value="1" />
  <attribute name= "numThreadsSpecified" value="4" />
  <attribute name="heapSize specified" value="12058624" />
  <attribute name="Current GC Util" value="2" />
  <attribute name= "Current Time Running" value="8413" />
  <attribute name ="GC Interval" value="200" />
  <attribute name="ProportionalT" value="-27.000000" />
  <attribute name="ProportionalI" value="-27.000000" />
  <attribute name="ProportionalH" value="-27.000000" />
  <attribute name="Current Error" value="-18.000000" />
  <attribute name="IntegralT" value="-936.000000" />
  <attribute name="IntegralI" value="-936.000000" />
  <attribute name="IntegralH" value="-936.000000" />
  <attribute name="DerivativeT" value="-0.519231" />
  <attribute name="DerivativeI" value="-0.519231" />
  <attribute name="DerivativeH" value="-0.519231" />
  <attribute name="Loop Time for DT" value="52.000000" />
  <attribute name="Output H" value="2092630016"/>
  <attribute name="Output I" value="200"/>
  <attribute name="Output T" value="4"/>
  <attribute name="Target GC Util Change" value ="20.000000" />
  <attribute name="Current GC Util Change" value="2.000000"/>
  <attribute name="GC Util currently" value="2" />
  <attribute name="CPU Util currently" value="89676431711" />
<allocation-satisfied id="2316" threadId="0000000000D30500" bytesRequested="2056" />
<af-end id="2317" timestamp="2019-06-17T03:33:21.834" threadId="0000000000D30E88" success="true" from="nursery"/>
<exclusive-end id="2318" timestamp="2019-06-17T03:33:21.834" durationms="2.472" />

<exclusive-start id="2319" timestamp="2019-06-17T03:33:21.887" intervalms="55.530">
  <response-info timems="0.040" idlems="0.040" threads="0" lastid="0000000000D2C900" lastname="Thread-3" />
</exclusive-start>
<af-start id="2320" threadId="0000000000D2D288" totalBytesRequested="16392" timestamp="2019-06-17T03:33:21.887" intervalms="55.527" type="nursery" />
<cycle-start id="2321" type="scavenge" contextid="0" timestamp="2019-06-17T03:33:21.887" intervalms="55.528" />
<gc-start id="2322" type="scavenge" contextid="2321" timestamp="2019-06-17T03:33:21.887">
  <mem-info id="2323" free="1138024" total="16252928" percent="7">
    <mem type="nursery" free="0" total="10616832" percent="0">
      <mem type="allocate" free="0" total="9109504" percent="0" />
      <mem type="survivor" free="0" total="1507328" percent="0" />
    </mem>
    <mem type="tenure" free="1138024" total="5636096" percent="20">
      <mem type="soa" free="889192" total="5354496" percent="16" />
      <mem type="loa" free="248832" total="281600" percent="88" />
    </mem>
    <remembered-set count="342" />
  </mem-info>
</gc-start>
<allocation-stats totalBytes="7672816" >
  <allocated-bytes non-tlh="2056" tlh="7670760" />
  <largest-consumer threadName="Thread-3" threadId="0000000000D2C900" bytes="3081424" />
</allocation-stats>
<gc-op id="2324" type="scavenge" timems="0.758" contextid="2321" timestamp="2019-06-17T03:33:21.888">
  <scavenger-info tenureage="14" tenuremask="4000" tiltratio="85" />
  <memory-copied type="nursery" objects="2393" bytes="1004000" bytesdiscarded="115728" />
</gc-op>
<gc-end id="2325" type="scavenge" contextid="2321" durationms="1.114" usertimems="0.000" systemtimems="0.000" timestamp="2019-06-17T03:33:21.888" activeThreads="4">
  <mem-info id="2326" free="9127720" total="16252928" percent="56">
    <mem type="nursery" free="7989696" total="10616832" percent="75">
      <mem type="allocate" free="7989696" total="9109504" percent="87" />
      <mem type="survivor" free="0" total="1507328" percent="0" />
    </mem>
    <mem type="tenure" free="1138024" total="5636096" percent="20">
      <mem type="soa" free="889192" total="5354496" percent="16" />
      <mem type="loa" free="248832" total="281600" percent="88" />
    </mem>
    <remembered-set count="109" />
  </mem-info>
</gc-end>
<cycle-end id="2327" type="scavenge" contextid="2321" timestamp="2019-06-17T03:33:21.888" />
  <attribute name="elasticGC enabled" value="1" />
  <attribute name= "numThreadsSpecified" value="4" />
  <attribute name="heapSize specified" value="12058624" />
  <attribute name="Current GC Util" value="4" />
  <attribute name= "Current Time Running" value="8468" />
  <attribute name ="GC Interval" value="200" />
  <attribute name="ProportionalT" value="-24.000000" />
  <attribute name="ProportionalI" value="-24.000000" />
  <attribute name="ProportionalH" value="-24.000000" />
  <attribute name="Current Error" value="-16.000000" />
  <attribute name="IntegralT" value="-880.000000" />
  <attribute name="IntegralI" value="-880.000000" />
  <attribute name="IntegralH" value="-880.000000" />
  <attribute name="DerivativeT" value="-0.436364" />
  <attribute name="DerivativeI" value="-0.436364" />
  <attribute name="DerivativeH" value="-0.436364" />
  <attribute name="Loop Time for DT" value="55.000000" />
  <attribute name="Output H" value="2092630016"/>
  <attribute name="Output I" value="200"/>
  <attribute name="Output T" value="4"/>
  <attribute name="Target GC Util Change" value ="20.000000" />
  <attribute name="Current GC Util Change" value="4.000000"/>
  <attribute name="GC Util currently" value="4" />
  <attribute name="CPU Util currently" value="83050337725" />
<allocation-satisfied id="2328" threadId="0000000000D2C900" bytesRequested="16392" />
<af-end id="2329" timestamp="2019-06-17T03:33:21.888" threadId="0000000000D2D288" success="true" from="nursery"/>
<exclusive-end id="2330" timestamp="2019-06-17T03:33:21.889" durationms="1.558" />

<exclusive-start id="2331" timestamp="2019-06-17T03:33:21.957" intervalms="70.448">
  <response-info timems="0.040" idlems="0.040" threads="0" lastid="0000000000D37D00" lastname="Thread-6" />
</exclusive-start>
<af-start id="2332" threadId="0000000000D38688" totalBytesRequested="2056" timestamp="2019-06-17T03:33:21.957" intervalms="70.453" type="nursery" />
<cycle-start id="2333" type="scavenge" contextid="0" timestamp="2019-06-17T03:33:21.958" intervalms="70.457" />
<gc-start id="2334" type="scavenge" contextid="2333" timestamp="2019-06-17T03:33:21.958">
  <mem-info id="2335" free="1138024" total="16252928" percent="7">
    <mem type="nursery" free="0" total="10616832" percent="0">
      <mem type="allocate" free="0" total="9109504" percent="0" />
      <mem type="survivor" free="0" total="1507328" percent="0" />
    </mem>
    <mem type="tenure" free="1138024" total="5636096" percent="20">
      <mem type="soa" free="889192" total="5354496" percent="16" />
      <mem type="loa" free="248832" total="281600" percent="88" />
    </mem>
    <remembered-set count="340" />
  </mem-info>
</gc-start>
<allocation-stats totalBytes="7951736" >
  <allocated-bytes non-tlh="49168" tlh="7902568" />
  <largest-consumer threadName="Thread-5" threadId="0000000000D34100" bytes="2423536" />
</allocation-stats>
<gc-op id="2336" type="scavenge" timems="0.511" contextid="2333" timestamp="2019-06-17T03:33:21.958">
  <scavenger-info tenureage="14" tenuremask="4000" tiltratio="85" />
  <memory-copied type="nursery" objects="2772" bytes="1227832" bytesdiscarded="192368" />
  <references type="phantom" candidates="1" cleared="0" enqueued="0" />
</gc-op>
<gc-end id="2337" type="scavenge" contextid="2333" durationms="0.914" usertimems="0.000" systemtimems="4.000" timestamp="2019-06-17T03:33:21.959" activeThreads="4">
  <mem-info id="2338" free="8761704" total="16252928" percent="53">
    <mem type="nursery" free="7623680" total="10616832" percent="71">
      <mem type="allocate" free="7623680" total="9043968" percent="84" />
      <mem type="survivor" free="0" total="1572864" percent="0" />
    </mem>
    <mem type="tenure" free="1138024" total="5636096" percent="20" macro-fragmented="868149">
      <mem type="soa" free="889192" total="5354496" percent="16" />
      <mem type="loa" free="248832" total="281600" percent="88" />
    </mem>
    <remembered-set count="113" />
  </mem-info>
</gc-end>
<cycle-end id="2339" type="scavenge" contextid="2333" timestamp="2019-06-17T03:33:21.959" />
  <attribute name="elasticGC enabled" value="1" />
  <attribute name= "numThreadsSpecified" value="4" />
  <attribute name="heapSize specified" value="12058624" />
  <attribute name="Current GC Util" value="2" />
  <attribute name= "Current Time Running" value="8539" />
  <attribute name ="GC Interval" value="200" />
  <attribute name="ProportionalT" value="-27.000000" />
  <attribute name="ProportionalI" value="-27.000000" />
  <attribute name="ProportionalH" value="-27.000000" />
  <attribute name="Current Error" value="-18.000000" />
  <attribute name="IntegralT" value="-1278.000000" />
  <attribute name="IntegralI" value="-1278.000000" />
  <attribute name="IntegralH" value="-1278.000000" />
  <attribute name="DerivativeT" value="-0.380282" />
  <attribute name="DerivativeI" value="-0.380282" />
  <attribute name="DerivativeH" value="-0.380282" />
  <attribute name="Loop Time for DT" value="71.000000" />
  <attribute name="Output H" value="2092630016"/>
  <attribute name="Output I" value="200"/>
  <attribute name="Output T" value="4"/>
  <attribute name="Target GC Util Change" value ="20.000000" />
  <attribute name="Current GC Util Change" value="2.000000"/>
  <attribute name="GC Util currently" value="2" />
  <attribute name="CPU Util currently" value="65462186536" />
<allocation-satisfied id="2340" threadId="0000000000D37D00" bytesRequested="2056" />
<af-end id="2341" timestamp="2019-06-17T03:33:21.959" threadId="0000000000D38688" success="true" from="nursery"/>
<exclusive-end id="2342" timestamp="2019-06-17T03:33:21.959" durationms="1.401" />

<exclusive-start id="2343" timestamp="2019-06-17T03:33:22.010" intervalms="52.903">
  <response-info timems="0.032" idlems="0.032" threads="0" lastid="0000000000D34100" lastname="Thread-5" />
</exclusive-start>
<af-start id="2344" threadId="0000000000D34A88" totalBytesRequested="16" timestamp="2019-06-17T03:33:22.010" intervalms="52.893" type="nursery" />
<cycle-start id="2345" type="scavenge" contextid="0" timestamp="2019-06-17T03:33:22.010" intervalms="52.888" />
<gc-start id="2346" type="scavenge" contextid="2345" timestamp="2019-06-17T03:33:22.011">
  <mem-info id="2347" free="1138024" total="16252928" percent="7">
    <mem type="nursery" free="0" total="10616832" percent="0">
      <mem type="allocate" free="0" total="9043968" percent="0" />
      <mem type="survivor" free="0" total="1572864" percent="0" />
    </mem>
    <mem type="tenure" free="1138024" total="5636096" percent="20">
      <mem type="soa" free="889192" total="5354496" percent="16" />
      <mem type="loa" free="248832" total="281600" percent="88" />
    </mem>
    <remembered-set count="337" />
  </mem-info>
</gc-start>
<allocation-stats totalBytes="7605440" >
  <allocated-bytes non-tlh="2056" tlh="7603384" />
  <largest-consumer threadName="Thread-3" threadId="0000000000D2C900" bytes="2518240" />
</allocation-stats>
<gc-op id="2348" type="scavenge" timems="0.386" contextid="2345" timestamp="2019-06-17T03:33:22.011">
  <scavenger-info tenureage="14" tenuremask="4000" tiltratio="85" />
  <memory-copied type="nursery" objects="2855" bytes="1242408" bytesdiscarded="219880" />
</gc-op>
<gc-end id="2349" type="scavenge" contextid="2345" durationms="0.636" usertimems="0.000" systemtimems="4.000" timestamp="2019-06-17T03:33:22.011" activeThreads="4">
  <mem-info id="2350" free="8850696" total="16252928" percent="54">
    <mem type="nursery" free="7712672" total="10616832" percent="72">
      <mem type="allocate" free="7712672" total="9175040" percent="84" />
      <mem type="survivor" free="0" total="1441792" percent="0" />
    </mem>
    <mem type="tenure" free="1138024" total="5636096" percent="20" macro-fragmented="602881">
      <mem type="soa" free="889192" total="5354496" percent="16" />
      <mem type="loa" free="248832" total="281600" percent="88" />
    </mem>
    <remembered-set count="118" />
  </mem-info>
</gc-end>
<cycle-end id="2351" type="scavenge" contextid="2345" timestamp="2019-06-17T03:33:22.011" />
  <attribute name="elasticGC enabled" value="1" />
  <attribute name= "numThreadsSpecified" value="4" />
  <attribute name="heapSize specified" value="12058624" />
  <attribute name="Current GC Util" value="2" />
  <attribute name= "Current Time Running" value="8592" />
  <attribute name ="GC Interval" value="200" />
  <attribute name="ProportionalT" value="-27.000000" />
  <attribute name="ProportionalI" value="-27.000000" />
  <attribute name="ProportionalH" value="-27.000000" />
  <attribute name="Current Error" value="-18.000000" />
  <attribute name="IntegralT" value="-954.000000" />
  <attribute name="IntegralI" value="-954.000000" />
  <attribute name="IntegralH" value="-954.000000" />
  <attribute name="DerivativeT" value="-0.509434" />
  <attribute name="DerivativeI" value="-0.509434" />
  <attribute name="DerivativeH" value="-0.509434" />
  <attribute name="Loop Time for DT" value="53.000000" />
  <attribute name="Output H" value="2092630016"/>
  <attribute name="Output I" value="200"/>
  <attribute name="Output T" value="4"/>
  <attribute name="Target GC Util Change" value ="20.000000" />
  <attribute name="Current GC Util Change" value="2.000000"/>
  <attribute name="GC Util currently" value="2" />
  <attribute name="CPU Util currently" value="87183543650" />
<allocation-satisfied id="2352" threadId="0000000000D34100" bytesRequested="16" />
<af-end id="2353" timestamp="2019-06-17T03:33:22.011" threadId="0000000000D34A88" success="true" from="nursery"/>
<exclusive-end id="2354" timestamp="2019-06-17T03:33:22.011" durationms="1.144" />

<exclusive-start id="2355" timestamp="2019-06-17T03:33:22.061" intervalms="50.496">
  <response-info timems="0.072" idlems="0.037" threads="1" lastid="0000000000D37D00" lastname="Thread-6" />
</exclusive-start>
<af-start id="2356" threadId="0000000000D34A88" totalBytesRequested="16392" timestamp="2019-06-17T03:33:22.061" intervalms="50.508" type="nursery" />
<cycle-start id="2357" type="scavenge" contextid="0" timestamp="2019-06-17T03:33:22.061" intervalms="50.516" />
<gc-start id="2358" type="scavenge" contextid="2357" timestamp="2019-06-17T03:33:22.061">
  <mem-info id="2359" free="1138024" total="16252928" percent="7">
    <mem type="nursery" free="0" total="10616832" percent="0">
      <mem type="allocate" free="0" total="9175040" percent="0" />
      <mem type="survivor" free="0" total="1441792" percent="0" />
    </mem>
    <mem type="tenure" free="1138024" total="5636096" percent="20">
      <mem type="soa" free="889192" total="5354496" percent="16" />
      <mem type="loa" free="248832" total="281600" percent="88" />
    </mem>
    <remembered-set count="327" />
  </mem-info>
</gc-start>
<allocation-stats totalBytes="7618032" >
  <allocated-bytes non-tlh="16" tlh="7618016" />
  <largest-consumer threadName="Thread-5" threadId="0000000000D34100" bytes="2857808" />
</allocation-stats>
<gc-op id="2360" type="scavenge" timems="0.403" contextid="2357" timestamp="2019-06-17T03:33:22.062">
  <scavenger-info tenureage="6" tenuremask="4040" tiltratio="86" />
  <memory-copied type="nursery" objects="1826" bytes="770080" bytesdiscarded="132888" />
  <memory-copied type="tenure" objects="274" bytes="186464" bytesdiscarded="0" />
  <references type="weak" candidates="1" cleared="0" enqueued="0" />
  <references type="phantom" candidates="2" cleared="0" enqueued="0" />
</gc-op>
<gc-end id="2361" type="scavenge" contextid="2357" durationms="0.828" usertimems="0.000" systemtimems="0.000" timestamp="2019-06-17T03:33:22.062" activeThreads="4">
  <mem-info id="2362" free="9291112" total="16252928" percent="57">
    <mem type="nursery" free="8272000" total="10616832" percent="77">
      <mem type="allocate" free="8272000" total="9175040" percent="90" />
      <mem type="survivor" free="0" total="1441792" percent="0" />
    </mem>
    <mem type="tenure" free="1019112" total="5636096" percent="18" macro-fragmented="723458">
      <mem type="soa" free="770280" total="5354496" percent="14" />
      <mem type="loa" free="248832" total="281600" percent="88" />
    </mem>
    <remembered-set count="124" />
  </mem-info>
</gc-end>
<cycle-end id="2363" type="scavenge" contextid="2357" timestamp="2019-06-17T03:33:22.062" />
  <attribute name="elasticGC enabled" value="1" />
  <attribute name= "numThreadsSpecified" value="4" />
  <attribute name="heapSize specified" value="12058624" />
  <attribute name="Current GC Util" value="2" />
  <attribute name= "Current Time Running" value="8642" />
  <attribute name ="GC Interval" value="200" />
  <attribute name="ProportionalT" value="-27.000000" />
  <attribute name="ProportionalI" value="-27.000000" />
  <attribute name="ProportionalH" value="-27.000000" />
  <attribute name="Current Error" value="-18.000000" />
  <attribute name="IntegralT" value="-900.000000" />
  <attribute name="IntegralI" value="-900.000000" />
  <attribute name="IntegralH" value="-900.000000" />
  <attribute name="DerivativeT" value="-0.540000" />
  <attribute name="DerivativeI" value="-0.540000" />
  <attribute name="DerivativeH" value="-0.540000" />
  <attribute name="Loop Time for DT" value="50.000000" />
  <attribute name="Output H" value="2092630016"/>
  <attribute name="Output I" value="200"/>
  <attribute name="Output T" value="4"/>
  <attribute name="Target GC Util Change" value ="20.000000" />
  <attribute name="Current GC Util Change" value="2.000000"/>
  <attribute name="GC Util currently" value="2" />
  <attribute name="CPU Util currently" value="91262910957" />
<allocation-satisfied id="2364" threadId="0000000000D34100" bytesRequested="16392" />
<af-end id="2365" timestamp="2019-06-17T03:33:22.062" threadId="0000000000D34A88" success="true" from="nursery"/>
<exclusive-end id="2366" timestamp="2019-06-17T03:33:22.062" durationms="1.428" />

<exclusive-start id="2367" timestamp="2019-06-17T03:33:22.128" intervalms="67.054">
  <response-info timems="0.031" idlems="0.031" threads="0" lastid="0000000000D37D00" lastname="Thread-6" />
</exclusive-start>
<af-start id="2368" threadId="0000000000D38688" totalBytesRequested="16392" timestamp="2019-06-17T03:33:22.128" intervalms="67.083" type="nursery" />
<cycle-start id="2369" type="scavenge" contextid="0" timestamp="2019-06-17T03:33:22.128" intervalms="67.081" />
<gc-start id="2370" type="scavenge" contextid="2369" timestamp="2019-06-17T03:33:22.128">
  <mem-info id="2371" free="1019112" total="16252928" percent="6">
    <mem type="nursery" free="0" total="10616832" percent="0">
      <mem type="allocate" free="0" total="9175040" percent="0" />
      <mem type="survivor" free="0" total="1441792" percent="0" />
    </mem>
    <mem type="tenure" free="1019112" total="5636096" percent="18">
      <mem type="soa" free="770280" total="5354496" percent="14" />
      <mem type="loa" free="248832" total="281600" percent="88" />
    </mem>
    <remembered-set count="345" />
  </mem-info>
</gc-start>
<allocation-stats totalBytes="8214528" >
  <allocated-bytes non-tlh="16392" tlh="8198136" />
  <largest-consumer threadName="Thread-5" threadId="0000000000D34100" bytes="2899496" />
</allocation-stats>
<gc-op id="2372" type="scavenge" timems="0.769" contextid="2369" timestamp="2019-06-17T03:33:22.129">
  <scavenger-info tenureage="14" tenuremask="4000" tiltratio="86" />
  <memory-copied type="nursery" objects="2166" bytes="885064" bytesdiscarded="199312" />
  <references type="weak" candidates="1" cleared="0" enqueued="0" />
  <references type="phantom" candidates="1" cleared="0" enqueued="0" />
</gc-op>
<gc-end id="2373" type="scavenge" contextid="2369" durationms="1.087" usertimems="0.000" systemtimems="0.000" timestamp="2019-06-17T03:33:22.129" activeThreads="4">
  <mem-info id="2374" free="9175248" total="16252928" percent="56">
    <mem type="nursery" free="8156136" total="10616832" percent="76">
      <mem type="allocate" free="8156136" total="9240576" percent="88" />
      <mem type="survivor" free="0" total="1376256" percent="0" />
    </mem>
    <mem type="tenure" free="1019112" total="5636096" percent="18" macro-fragmented="1224">
      <mem type="soa" free="770280" total="5354496" percent="14" />
      <mem type="loa" free="248832" total="281600" percent="88" />
    </mem>
    <remembered-set count="118" />
  </mem-info>
</gc-end>
<cycle-end id="2375" type="scavenge" contextid="2369" timestamp="2019-06-17T03:33:22.129" />
  <attribute name="elasticGC enabled" value="1" />
  <attribute name= "numThreadsSpecified" value="4" />
  <attribute name="heapSize specified" value="12058624" />
  <attribute name="Current GC Util" value="1" />
  <attribute name= "Current Time Running" value="8709" />
  <attribute name ="GC Interval" value="200" />
  <attribute name="ProportionalT" value="-28.500000" />
  <attribute name="ProportionalI" value="-28.500000" />
  <attribute name="ProportionalH" value="-28.500000" />
  <attribute name="Current Error" value="-19.000000" />
  <attribute name="IntegralT" value="-1273.000000" />
  <attribute name="IntegralI" value="-1273.000000" />
  <attribute name="IntegralH" value="-1273.000000" />
  <attribute name="DerivativeT" value="-0.425373" />
  <attribute name="DerivativeI" value="-0.425373" />
  <attribute name="DerivativeH" value="-0.425373" />
  <attribute name="Loop Time for DT" value="67.000000" />
  <attribute name="Output H" value="2092630016"/>
  <attribute name="Output I" value="200"/>
  <attribute name="Output T" value="4"/>
  <attribute name="Target GC Util Change" value ="20.000000" />
  <attribute name="Current GC Util Change" value="1.000000"/>
  <attribute name="GC Util currently" value="1" />
  <attribute name="CPU Util currently" value="68768093627" />
<allocation-satisfied id="2376" threadId="0000000000D37D00" bytesRequested="16392" />
<af-end id="2377" timestamp="2019-06-17T03:33:22.129" threadId="0000000000D38688" success="true" from="nursery"/>
<exclusive-end id="2378" timestamp="2019-06-17T03:33:22.130" durationms="1.671" />

<exclusive-start id="2379" timestamp="2019-06-17T03:33:22.210" intervalms="82.168">
  <response-info timems="0.049" idlems="0.049" threads="0" lastid="0000000000D34100" lastname="Thread-5" />
</exclusive-start>
<af-start id="2380" threadId="0000000000D34A88" totalBytesRequested="16392" timestamp="2019-06-17T03:33:22.210" intervalms="82.130" type="nursery" />
<cycle-start id="2381" type="scavenge" contextid="0" timestamp="2019-06-17T03:33:22.210" intervalms="82.127" />
<gc-start id="2382" type="scavenge" contextid="2381" timestamp="2019-06-17T03:33:22.210">
  <mem-info id="2383" free="1019112" total="16252928" percent="6">
    <mem type="nursery" free="0" total="10616832" percent="0">
      <mem type="allocate" free="0" total="9240576" percent="0" />
      <mem type="survivor" free="0" total="1376256" percent="0" />
    </mem>
    <mem type="tenure" free="1019112" total="5636096" percent="18">
      <mem type="soa" free="770280" total="5354496" percent="14" />
      <mem type="loa" free="248832" total="281600" percent="88" />
    </mem>
    <remembered-set count="340" />
  </mem-info>
</gc-start>
<allocation-stats totalBytes="8118512" >
  <allocated-bytes non-tlh="16392" tlh="8102120" />
  <largest-consumer threadName="Thread-5" threadId="0000000000D34100" bytes="2680688" />
</allocation-stats>
<gc-op id="2384" type="scavenge" timems="0.356" contextid="2381" timestamp="2019-06-17T03:33:22.211">
  <scavenger-info tenureage="14" tenuremask="4000" tiltratio="87" />
  <memory-copied type="nursery" objects="2113" bytes="862008" bytesdiscarded="117016" />
  <references type="phantom" candidates="1" cleared="0" enqueued="0" />
</gc-op>
<gc-end id="2385" type="scavenge" contextid="2381" durationms="0.825" usertimems="0.000" systemtimems="4.000" timestamp="2019-06-17T03:33:22.211" activeThreads="4">
  <mem-info id="2386" free="9346120" total="16252928" percent="57">
    <mem type="nursery" free="8327008" total="10616832" percent="78">
      <mem type="allocate" free="8327008" total="9306112" percent="89" />
      <mem type="survivor" free="0" total="1310720" percent="0" />
    </mem>
    <mem type="tenure" free="1019112" total="5636096" percent="18" macro-fragmented="8200">
      <mem type="soa" free="770280" total="5354496" percent="14" />
      <mem type="loa" free="248832" total="281600" percent="88" />
    </mem>
    <remembered-set count="121" />
  </mem-info>
</gc-end>
<cycle-end id="2387" type="scavenge" contextid="2381" timestamp="2019-06-17T03:33:22.211" />
  <attribute name="elasticGC enabled" value="1" />
  <attribute name= "numThreadsSpecified" value="4" />
  <attribute name="heapSize specified" value="12058624" />
  <attribute name="Current GC Util" value="2" />
  <attribute name= "Current Time Running" value="8791" />
  <attribute name ="GC Interval" value="200" />
  <attribute name="ProportionalT" value="-27.000000" />
  <attribute name="ProportionalI" value="-27.000000" />
  <attribute name="ProportionalH" value="-27.000000" />
  <attribute name="Current Error" value="-18.000000" />
  <attribute name="IntegralT" value="-1476.000000" />
  <attribute name="IntegralI" value="-1476.000000" />
  <attribute name="IntegralH" value="-1476.000000" />
  <attribute name="DerivativeT" value="-0.329268" />
  <attribute name="DerivativeI" value="-0.329268" />
  <attribute name="DerivativeH" value="-0.329268" />
  <attribute name="Loop Time for DT" value="82.000000" />
  <attribute name="Output H" value="2092630016"/>
  <attribute name="Output I" value="200"/>
  <attribute name="Output T" value="4"/>
  <attribute name="Target GC Util Change" value ="20.000000" />
  <attribute name="Current GC Util Change" value="2.000000"/>
  <attribute name="GC Util currently" value="2" />
  <attribute name="CPU Util currently" value="56150608270" />
<allocation-satisfied id="2388" threadId="0000000000D34100" bytesRequested="16392" />
<af-end id="2389" timestamp="2019-06-17T03:33:22.211" threadId="0000000000D34A88" success="true" from="nursery"/>
<exclusive-end id="2390" timestamp="2019-06-17T03:33:22.211" durationms="1.269" />

<exclusive-start id="2391" timestamp="2019-06-17T03:33:22.276" intervalms="65.470">
  <response-info timems="0.037" idlems="0.020" threads="1" lastid="0000000000D30500" lastname="Thread-4" />
</exclusive-start>
<af-start id="2392" threadId="0000000000D2D288" totalBytesRequested="2056" timestamp="2019-06-17T03:33:22.276" intervalms="65.477" type="nursery" />
<cycle-start id="2393" type="scavenge" contextid="0" timestamp="2019-06-17T03:33:22.276" intervalms="65.477" />
<gc-start id="2394" type="scavenge" contextid="2393" timestamp="2019-06-17T03:33:22.276">
  <mem-info id="2395" free="1019112" total="16252928" percent="6">
    <mem type="nursery" free="0" total="10616832" percent="0">
      <mem type="allocate" free="0" total="9306112" percent="0" />
      <mem type="survivor" free="0" total="1310720" percent="0" />
    </mem>
    <mem type="tenure" free="1019112" total="5636096" percent="18">
      <mem type="soa" free="770280" total="5354496" percent="14" />
      <mem type="loa" free="248832" total="281600" percent="88" />
    </mem>
    <remembered-set count="342" />
  </mem-info>
</gc-start>
<allocation-stats totalBytes="8273912" >
  <allocated-bytes non-tlh="16392" tlh="8257520" />
  <largest-consumer threadName="Thread-5" threadId="0000000000D34100" bytes="3159760" />
</allocation-stats>
<gc-op id="2396" type="scavenge" timems="0.746" contextid="2393" timestamp="2019-06-17T03:33:22.277">
  <scavenger-info tenureage="8" tenuremask="4100" tiltratio="87" />
  <memory-copied type="nursery" objects="2275" bytes="919232" bytesdiscarded="116712" />
  <memory-copied type="tenure" objects="33" bytes="37312" bytesdiscarded="0" />
  <references type="phantom" candidates="1" cleared="0" enqueued="0" />
</gc-op>
<gc-end id="2397" type="scavenge" contextid="2393" durationms="1.072" usertimems="0.000" systemtimems="0.000" timestamp="2019-06-17T03:33:22.277" activeThreads="4">
  <mem-info id="2398" free="9354744" total="16252928" percent="57">
    <mem type="nursery" free="8335632" total="10616832" percent="78">
      <mem type="allocate" free="8335632" total="9371648" percent="88" />
      <mem type="survivor" free="0" total="1245184" percent="0" />
    </mem>
    <mem type="tenure" free="1019112" total="5636096" percent="18" macro-fragmented="8200">
      <mem type="soa" free="770280" total="5354496" percent="14" />
      <mem type="loa" free="248832" total="281600" percent="88" />
    </mem>
    <remembered-set count="104" />
  </mem-info>
</gc-end>
<cycle-end id="2399" type="scavenge" contextid="2393" timestamp="2019-06-17T03:33:22.277" />
  <attribute name="elasticGC enabled" value="1" />
  <attribute name= "numThreadsSpecified" value="4" />
  <attribute name="heapSize specified" value="12058624" />
  <attribute name="Current GC Util" value="1" />
  <attribute name= "Current Time Running" value="8857" />
  <attribute name ="GC Interval" value="200" />
  <attribute name="ProportionalT" value="-28.500000" />
  <attribute name="ProportionalI" value="-28.500000" />
  <attribute name="ProportionalH" value="-28.500000" />
  <attribute name="Current Error" value="-19.000000" />
  <attribute name="IntegralT" value="-1254.000000" />
  <attribute name="IntegralI" value="-1254.000000" />
  <attribute name="IntegralH" value="-1254.000000" />
  <attribute name="DerivativeT" value="-0.431818" />
  <attribute name="DerivativeI" value="-0.431818" />
  <attribute name="DerivativeH" value="-0.431818" />
  <attribute name="Loop Time for DT" value="66.000000" />
  <attribute name="Output H" value="2092630016"/>
  <attribute name="Output I" value="200"/>
  <attribute name="Output T" value="4"/>
  <attribute name="Target GC Util Change" value ="20.000000" />
  <attribute name="Current GC Util Change" value="1.000000"/>
  <attribute name="GC Util currently" value="1" />
  <attribute name="CPU Util currently" value="70433576119" />
<allocation-satisfied id="2400" threadId="0000000000D2C900" bytesRequested="2056" />
<af-end id="2401" timestamp="2019-06-17T03:33:22.277" threadId="0000000000D2D288" success="true" from="nursery"/>
<exclusive-end id="2402" timestamp="2019-06-17T03:33:22.277" durationms="1.516" />

<exclusive-start id="2403" timestamp="2019-06-17T03:33:22.335" intervalms="59.251">
  <response-info timems="0.038" idlems="0.038" threads="0" lastid="0000000000D34100" lastname="Thread-5" />
</exclusive-start>
<af-start id="2404" threadId="0000000000D34A88" totalBytesRequested="40" timestamp="2019-06-17T03:33:22.335" intervalms="59.250" type="nursery" />
<cycle-start id="2405" type="scavenge" contextid="0" timestamp="2019-06-17T03:33:22.335" intervalms="59.247" />
<gc-start id="2406" type="scavenge" contextid="2405" timestamp="2019-06-17T03:33:22.335">
  <mem-info id="2407" free="1019112" total="16252928" percent="6">
    <mem type="nursery" free="0" total="10616832" percent="0">
      <mem type="allocate" free="0" total="9371648" percent="0" />
      <mem type="survivor" free="0" total="1245184" percent="0" />
    </mem>
    <mem type="tenure" free="1019112" total="5636096" percent="18">
      <mem type="soa" free="770280" total="5354496" percent="14" />
      <mem type="loa" free="248832" total="281600" percent="88" />
    </mem>
    <remembered-set count="330" />
  </mem-info>
</gc-start>
<allocation-stats totalBytes="8317720" >
  <allocated-bytes non-tlh="2056" tlh="8315664" />
  <largest-consumer threadName="Thread-3" threadId="0000000000D2C900" bytes="2525816" />
</allocation-stats>
<gc-op id="2408" type="scavenge" timems="0.454" contextid="2405" timestamp="2019-06-17T03:33:22.336">
  <scavenger-info tenureage="14" tenuremask="4000" tiltratio="88" />
  <memory-copied type="nursery" objects="2594" bytes="966504" bytesdiscarded="258840" />
  <references type="phantom" candidates="1" cleared="0" enqueued="0" />
</gc-op>
<gc-end id="2409" type="scavenge" contextid="2405" durationms="0.855" usertimems="0.000" systemtimems="0.000" timestamp="2019-06-17T03:33:22.336" activeThreads="4">
  <mem-info id="2410" free="9165344" total="16252928" percent="56">
    <mem type="nursery" free="8146232" total="10616832" percent="76">
      <mem type="allocate" free="8146232" total="9371648" percent="86" />
      <mem type="survivor" free="0" total="1245184" percent="0" />
    </mem>
    <mem type="tenure" free="1019112" total="5636096" percent="18" macro-fragmented="602881">
      <mem type="soa" free="770280" total="5354496" percent="14" />
      <mem type="loa" free="248832" total="281600" percent="88" />
    </mem>
    <remembered-set count="113" />
  </mem-info>
</gc-end>
<cycle-end id="2411" type="scavenge" contextid="2405" timestamp="2019-06-17T03:33:22.336" />
  <attribute name="elasticGC enabled" value="1" />
  <attribute name= "numThreadsSpecified" value="4" />
  <attribute name="heapSize specified" value="12058624" />
  <attribute name="Current GC Util" value="2" />
  <attribute name= "Current Time Running" value="8916" />
  <attribute name ="GC Interval" value="200" />
  <attribute name="ProportionalT" value="-27.000000" />
  <attribute name="ProportionalI" value="-27.000000" />
  <attribute name="ProportionalH" value="-27.000000" />
  <attribute name="Current Error" value="-18.000000" />
  <attribute name="IntegralT" value="-1062.000000" />
  <attribute name="IntegralI" value="-1062.000000" />
  <attribute name="IntegralH" value="-1062.000000" />
  <attribute name="DerivativeT" value="-0.457627" />
  <attribute name="DerivativeI" value="-0.457627" />
  <attribute name="DerivativeH" value="-0.457627" />
  <attribute name="Loop Time for DT" value="59.000000" />
  <attribute name="Output H" value="2092630016"/>
  <attribute name="Output I" value="200"/>
  <attribute name="Output T" value="4"/>
  <attribute name="Target GC Util Change" value ="20.000000" />
  <attribute name="Current GC Util Change" value="2.000000"/>
  <attribute name="GC Util currently" value="2" />
  <attribute name="CPU Util currently" value="77844108959" />
<allocation-satisfied id="2412" threadId="0000000000D34100" bytesRequested="40" />
<af-end id="2413" timestamp="2019-06-17T03:33:22.336" threadId="0000000000D34A88" success="true" from="nursery"/>
<exclusive-end id="2414" timestamp="2019-06-17T03:33:22.336" durationms="1.426" />

<exclusive-start id="2415" timestamp="2019-06-17T03:33:22.395" intervalms="60.702">
  <response-info timems="0.037" idlems="0.037" threads="0" lastid="0000000000D2C900" lastname="Thread-3" />
</exclusive-start>
<af-start id="2416" threadId="0000000000D2D288" totalBytesRequested="16392" timestamp="2019-06-17T03:33:22.396" intervalms="60.697" type="nursery" />
<cycle-start id="2417" type="scavenge" contextid="0" timestamp="2019-06-17T03:33:22.396" intervalms="60.698" />
<gc-start id="2418" type="scavenge" contextid="2417" timestamp="2019-06-17T03:33:22.396">
  <mem-info id="2419" free="1019112" total="16252928" percent="6">
    <mem type="nursery" free="0" total="10616832" percent="0">
      <mem type="allocate" free="0" total="9371648" percent="0" />
      <mem type="survivor" free="0" total="1245184" percent="0" />
    </mem>
    <mem type="tenure" free="1019112" total="5636096" percent="18">
      <mem type="soa" free="770280" total="5354496" percent="14" />
      <mem type="loa" free="248832" total="281600" percent="88" />
    </mem>
    <remembered-set count="332" />
  </mem-info>
</gc-start>
<allocation-stats totalBytes="8120104" >
  <allocated-bytes non-tlh="40" tlh="8120064" />
  <largest-consumer threadName="Thread-4" threadId="0000000000D30500" bytes="2862560" />
</allocation-stats>
<gc-op id="2420" type="scavenge" timems="1.058" contextid="2417" timestamp="2019-06-17T03:33:22.397">
  <scavenger-info tenureage="14" tenuremask="4000" tiltratio="88" />
  <memory-copied type="nursery" objects="2060" bytes="800776" bytesdiscarded="114312" />
  <memory-copied type="tenure" objects="1" bytes="104" bytesdiscarded="0" />
</gc-op>
<gc-end id="2421" type="scavenge" contextid="2417" durationms="1.318" usertimems="0.000" systemtimems="0.000" timestamp="2019-06-17T03:33:22.397" activeThreads="4">
  <mem-info id="2422" free="9541144" total="16252928" percent="58">
    <mem type="nursery" free="8522032" total="10616832" percent="80">
      <mem type="allocate" free="8522032" total="9437184" percent="90" />
      <mem type="survivor" free="0" total="1179648" percent="0" />
    </mem>
    <mem type="tenure" free="1019112" total="5636096" percent="18" macro-fragmented="602881">
      <mem type="soa" free="770280" total="5354496" percent="14" />
      <mem type="loa" free="248832" total="281600" percent="88" />
    </mem>
    <remembered-set count="107" />
  </mem-info>
</gc-end>
<cycle-end id="2423" type="scavenge" contextid="2417" timestamp="2019-06-17T03:33:22.397" />
  <attribute name="elasticGC enabled" value="1" />
  <attribute name= "numThreadsSpecified" value="4" />
  <attribute name="heapSize specified" value="12058624" />
  <attribute name="Current GC Util" value="1" />
  <attribute name= "Current Time Running" value="8977" />
  <attribute name ="GC Interval" value="200" />
  <attribute name="ProportionalT" value="-28.500000" />
  <attribute name="ProportionalI" value="-28.500000" />
  <attribute name="ProportionalH" value="-28.500000" />
  <attribute name="Current Error" value="-19.000000" />
  <attribute name="IntegralT" value="-1159.000000" />
  <attribute name="IntegralI" value="-1159.000000" />
  <attribute name="IntegralH" value="-1159.000000" />
  <attribute name="DerivativeT" value="-0.467213" />
  <attribute name="DerivativeI" value="-0.467213" />
  <attribute name="DerivativeH" value="-0.467213" />
  <attribute name="Loop Time for DT" value="61.000000" />
  <attribute name="Output H" value="2092630016"/>
  <attribute name="Output I" value="200"/>
  <attribute name="Output T" value="4"/>
  <attribute name="Target GC Util Change" value ="20.000000" />
  <attribute name="Current GC Util Change" value="1.000000"/>
  <attribute name="GC Util currently" value="1" />
  <attribute name="CPU Util currently" value="75972239205" />
<allocation-satisfied id="2424" threadId="0000000000D2C900" bytesRequested="16392" />
<af-end id="2425" timestamp="2019-06-17T03:33:22.397" threadId="0000000000D2D288" success="true" from="nursery"/>
<exclusive-end id="2426" timestamp="2019-06-17T03:33:22.397" durationms="1.964" />

<exclusive-start id="2427" timestamp="2019-06-17T03:33:22.461" intervalms="65.375">
  <response-info timems="0.031" idlems="0.031" threads="0" lastid="0000000000D2C900" lastname="Thread-3" />
</exclusive-start>
<af-start id="2428" threadId="0000000000D2D288" totalBytesRequested="32776" timestamp="2019-06-17T03:33:22.461" intervalms="65.420" type="nursery" />
<cycle-start id="2429" type="scavenge" contextid="0" timestamp="2019-06-17T03:33:22.461" intervalms="65.422" />
<gc-start id="2430" type="scavenge" contextid="2429" timestamp="2019-06-17T03:33:22.461">
  <mem-info id="2431" free="1019112" total="16252928" percent="6">
    <mem type="nursery" free="0" total="10616832" percent="0">
      <mem type="allocate" free="0" total="9437184" percent="0" />
      <mem type="survivor" free="0" total="1179648" percent="0" />
    </mem>
    <mem type="tenure" free="1019112" total="5636096" percent="18">
      <mem type="soa" free="770280" total="5354496" percent="14" />
      <mem type="loa" free="248832" total="281600" percent="88" />
    </mem>
    <remembered-set count="332" />
  </mem-info>
</gc-start>
<allocation-stats totalBytes="8500168" >
  <allocated-bytes non-tlh="16392" tlh="8483776" />
  <largest-consumer threadName="Thread-4" threadId="0000000000D30500" bytes="3152656" />
</allocation-stats>
<gc-op id="2432" type="scavenge" timems="0.578" contextid="2429" timestamp="2019-06-17T03:33:22.462">
  <scavenger-info tenureage="14" tenuremask="4000" tiltratio="88" />
  <memory-copied type="nursery" objects="2765" bytes="1123888" bytesdiscarded="55688" />
</gc-op>
<gc-end id="2433" type="scavenge" contextid="2429" durationms="0.930" usertimems="0.000" systemtimems="4.000" timestamp="2019-06-17T03:33:22.462" activeThreads="4">
  <mem-info id="2434" free="8948968" total="16252928" percent="55">
    <mem type="nursery" free="7929856" total="10616832" percent="74">
      <mem type="allocate" free="7929856" total="9109504" percent="87" />
      <mem type="survivor" free="0" total="1507328" percent="0" />
    </mem>
    <mem type="tenure" free="1019112" total="5636096" percent="18" macro-fragmented="8200">
      <mem type="soa" free="770280" total="5354496" percent="14" />
      <mem type="loa" free="248832" total="281600" percent="88" />
    </mem>
    <remembered-set count="105" />
  </mem-info>
</gc-end>
<cycle-end id="2435" type="scavenge" contextid="2429" timestamp="2019-06-17T03:33:22.462" />
  <attribute name="elasticGC enabled" value="1" />
  <attribute name= "numThreadsSpecified" value="4" />
  <attribute name="heapSize specified" value="12058624" />
  <attribute name="Current GC Util" value="3" />
  <attribute name= "Current Time Running" value="9042" />
  <attribute name ="GC Interval" value="200" />
  <attribute name="ProportionalT" value="-25.500000" />
  <attribute name="ProportionalI" value="-25.500000" />
  <attribute name="ProportionalH" value="-25.500000" />
  <attribute name="Current Error" value="-17.000000" />
  <attribute name="IntegralT" value="-1105.000000" />
  <attribute name="IntegralI" value="-1105.000000" />
  <attribute name="IntegralH" value="-1105.000000" />
  <attribute name="DerivativeT" value="-0.392308" />
  <attribute name="DerivativeI" value="-0.392308" />
  <attribute name="DerivativeH" value="-0.392308" />
  <attribute name="Loop Time for DT" value="65.000000" />
  <attribute name="Output H" value="2092630016"/>
  <attribute name="Output I" value="200"/>
  <attribute name="Output T" value="4"/>
  <attribute name="Target GC Util Change" value ="20.000000" />
  <attribute name="Current GC Util Change" value="3.000000"/>
  <attribute name="GC Util currently" value="3" />
  <attribute name="CPU Util currently" value="70464682493" />
<allocation-satisfied id="2436" threadId="0000000000D2C900" bytesRequested="32776" />
<af-end id="2437" timestamp="2019-06-17T03:33:22.462" threadId="0000000000D2D288" success="true" from="nursery"/>
<exclusive-end id="2438" timestamp="2019-06-17T03:33:22.462" durationms="1.555" />

<exclusive-start id="2439" timestamp="2019-06-17T03:33:22.518" intervalms="57.327">
  <response-info timems="0.039" idlems="0.039" threads="0" lastid="0000000000D2C900" lastname="Thread-3" />
</exclusive-start>
<af-start id="2440" threadId="0000000000D2D288" totalBytesRequested="48" timestamp="2019-06-17T03:33:22.518" intervalms="57.282" type="nursery" />
<cycle-start id="2441" type="scavenge" contextid="0" timestamp="2019-06-17T03:33:22.518" intervalms="57.281" />
<gc-start id="2442" type="scavenge" contextid="2441" timestamp="2019-06-17T03:33:22.518">
  <mem-info id="2443" free="1019112" total="16252928" percent="6">
    <mem type="nursery" free="0" total="10616832" percent="0">
      <mem type="allocate" free="0" total="9109504" percent="0" />
      <mem type="survivor" free="0" total="1507328" percent="0" />
    </mem>
    <mem type="tenure" free="1019112" total="5636096" percent="18">
      <mem type="soa" free="770280" total="5354496" percent="14" />
      <mem type="loa" free="248832" total="281600" percent="88" />
    </mem>
    <remembered-set count="334" />
  </mem-info>
</gc-start>
<allocation-stats totalBytes="7914224" >
  <allocated-bytes non-tlh="32776" tlh="7881448" />
  <largest-consumer threadName="Thread-5" threadId="0000000000D34100" bytes="2682592" />
</allocation-stats>
<gc-op id="2444" type="scavenge" timems="1.101" contextid="2441" timestamp="2019-06-17T03:33:22.520">
  <scavenger-info tenureage="14" tenuremask="4000" tiltratio="85" />
  <memory-copied type="nursery" objects="2541" bytes="1017904" bytesdiscarded="84944" />
</gc-op>
<gc-end id="2445" type="scavenge" contextid="2441" durationms="1.372" usertimems="0.000" systemtimems="4.000" timestamp="2019-06-17T03:33:22.520" activeThreads="4">
  <mem-info id="2446" free="9091240" total="16252928" percent="55">
    <mem type="nursery" free="8072128" total="10616832" percent="76">
      <mem type="allocate" free="8072128" total="9175040" percent="87" />
      <mem type="survivor" free="0" total="1441792" percent="0" />
    </mem>
    <mem type="tenure" free="1019112" total="5636096" percent="18" macro-fragmented="602881">
      <mem type="soa" free="770280" total="5354496" percent="14" />
      <mem type="loa" free="248832" total="281600" percent="88" />
    </mem>
    <remembered-set count="110" />
  </mem-info>
</gc-end>
<cycle-end id="2447" type="scavenge" contextid="2441" timestamp="2019-06-17T03:33:22.520" />
  <attribute name="elasticGC enabled" value="1" />
  <attribute name= "numThreadsSpecified" value="4" />
  <attribute name="heapSize specified" value="12058624" />
  <attribute name="Current GC Util" value="2" />
  <attribute name= "Current Time Running" value="9100" />
  <attribute name ="GC Interval" value="200" />
  <attribute name="ProportionalT" value="-27.000000" />
  <attribute name="ProportionalI" value="-27.000000" />
  <attribute name="ProportionalH" value="-27.000000" />
  <attribute name="Current Error" value="-18.000000" />
  <attribute name="IntegralT" value="-1044.000000" />
  <attribute name="IntegralI" value="-1044.000000" />
  <attribute name="IntegralH" value="-1044.000000" />
  <attribute name="DerivativeT" value="-0.465517" />
  <attribute name="DerivativeI" value="-0.465517" />
  <attribute name="DerivativeH" value="-0.465517" />
  <attribute name="Loop Time for DT" value="58.000000" />
  <attribute name="Output H" value="2092630016"/>
  <attribute name="Output I" value="200"/>
  <attribute name="Output T" value="4"/>
  <attribute name="Target GC Util Change" value ="20.000000" />
  <attribute name="Current GC Util Change" value="2.000000"/>
  <attribute name="GC Util currently" value="2" />
  <attribute name="CPU Util currently" value="80538300868" />
<allocation-satisfied id="2448" threadId="0000000000D2C900" bytesRequested="48" />
<af-end id="2449" timestamp="2019-06-17T03:33:22.520" threadId="0000000000D2D288" success="true" from="nursery"/>
<exclusive-end id="2450" timestamp="2019-06-17T03:33:22.520" durationms="1.872" />

<exclusive-start id="2451" timestamp="2019-06-17T03:33:22.572" intervalms="54.243">
  <response-info timems="0.036" idlems="0.036" threads="0" lastid="0000000000D2C900" lastname="Thread-3" />
</exclusive-start>
<af-start id="2452" threadId="0000000000D2D288" totalBytesRequested="2056" timestamp="2019-06-17T03:33:22.572" intervalms="54.251" type="nursery" />
<cycle-start id="2453" type="scavenge" contextid="0" timestamp="2019-06-17T03:33:22.573" intervalms="54.256" />
<gc-start id="2454" type="scavenge" contextid="2453" timestamp="2019-06-17T03:33:22.573">
  <mem-info id="2455" free="1019112" total="16252928" percent="6">
    <mem type="nursery" free="0" total="10616832" percent="0">
      <mem type="allocate" free="0" total="9175040" percent="0" />
      <mem type="survivor" free="0" total="1441792" percent="0" />
    </mem>
    <mem type="tenure" free="1019112" total="5636096" percent="18">
      <mem type="soa" free="770280" total="5354496" percent="14" />
      <mem type="loa" free="248832" total="281600" percent="88" />
    </mem>
    <remembered-set count="327" />
  </mem-info>
</gc-start>
<allocation-stats totalBytes="7977840" >
  <allocated-bytes non-tlh="48" tlh="7977792" />
  <largest-consumer threadName="Thread-6" threadId="0000000000D37D00" bytes="2436272" />
</allocation-stats>
<gc-op id="2456" type="scavenge" timems="0.758" contextid="2453" timestamp="2019-06-17T03:33:22.573">
  <scavenger-info tenureage="14" tenuremask="4000" tiltratio="86" />
  <memory-copied type="nursery" objects="2260" bytes="936368" bytesdiscarded="134448" />
  <references type="phantom" candidates="2" cleared="0" enqueued="0" />
</gc-op>
<gc-end id="2457" type="scavenge" contextid="2453" durationms="1.056" usertimems="4.000" systemtimems="0.000" timestamp="2019-06-17T03:33:22.574" activeThreads="4">
  <mem-info id="2458" free="9188792" total="16252928" percent="56">
    <mem type="nursery" free="8169680" total="10616832" percent="76">
      <mem type="allocate" free="8169680" total="9240576" percent="88" />
      <mem type="survivor" free="0" total="1376256" percent="0" />
    </mem>
    <mem type="tenure" free="1019112" total="5636096" percent="18" macro-fragmented="723458">
      <mem type="soa" free="770280" total="5354496" percent="14" />
      <mem type="loa" free="248832" total="281600" percent="88" />
    </mem>
    <remembered-set count="109" />
  </mem-info>
</gc-end>
<cycle-end id="2459" type="scavenge" contextid="2453" timestamp="2019-06-17T03:33:22.574" />
  <attribute name="elasticGC enabled" value="1" />
  <attribute name= "numThreadsSpecified" value="4" />
  <attribute name="heapSize specified" value="12058624" />
  <attribute name="Current GC Util" value="4" />
  <attribute name= "Current Time Running" value="9154" />
  <attribute name ="GC Interval" value="200" />
  <attribute name="ProportionalT" value="-24.000000" />
  <attribute name="ProportionalI" value="-24.000000" />
  <attribute name="ProportionalH" value="-24.000000" />
  <attribute name="Current Error" value="-16.000000" />
  <attribute name="IntegralT" value="-864.000000" />
  <attribute name="IntegralI" value="-864.000000" />
  <attribute name="IntegralH" value="-864.000000" />
  <attribute name="DerivativeT" value="-0.444444" />
  <attribute name="DerivativeI" value="-0.444444" />
  <attribute name="DerivativeH" value="-0.444444" />
  <attribute name="Loop Time for DT" value="54.000000" />
  <attribute name="Output H" value="2092630016"/>
  <attribute name="Output I" value="200"/>
  <attribute name="Output T" value="4"/>
  <attribute name="Target GC Util Change" value ="20.000000" />
  <attribute name="Current GC Util Change" value="4.000000"/>
  <attribute name="GC Util currently" value="4" />
  <attribute name="CPU Util currently" value="84992019358" />
<allocation-satisfied id="2460" threadId="0000000000D2C900" bytesRequested="2056" />
<af-end id="2461" timestamp="2019-06-17T03:33:22.574" threadId="0000000000D2D288" success="true" from="nursery"/>
<exclusive-end id="2462" timestamp="2019-06-17T03:33:22.574" durationms="1.704" />

<exclusive-start id="2463" timestamp="2019-06-17T03:33:22.631" intervalms="58.362">
  <response-info timems="0.056" idlems="0.056" threads="0" lastid="0000000000D2C900" lastname="Thread-3" />
</exclusive-start>
<af-start id="2464" threadId="0000000000D2D288" totalBytesRequested="16392" timestamp="2019-06-17T03:33:22.631" intervalms="58.348" type="nursery" />
<cycle-start id="2465" type="scavenge" contextid="0" timestamp="2019-06-17T03:33:22.631" intervalms="58.331" />
<gc-start id="2466" type="scavenge" contextid="2465" timestamp="2019-06-17T03:33:22.631">
  <mem-info id="2467" free="1019112" total="16252928" percent="6">
    <mem type="nursery" free="0" total="10616832" percent="0">
      <mem type="allocate" free="0" total="9240576" percent="0" />
      <mem type="survivor" free="0" total="1376256" percent="0" />
    </mem>
    <mem type="tenure" free="1019112" total="5636096" percent="18">
      <mem type="soa" free="770280" total="5354496" percent="14" />
      <mem type="loa" free="248832" total="281600" percent="88" />
    </mem>
    <remembered-set count="330" />
  </mem-info>
</gc-start>
<allocation-stats totalBytes="8109280" >
  <allocated-bytes non-tlh="2056" tlh="8107224" />
  <largest-consumer threadName="Thread-3" threadId="0000000000D2C900" bytes="2471600" />
</allocation-stats>
<gc-op id="2468" type="scavenge" timems="0.323" contextid="2465" timestamp="2019-06-17T03:33:22.631">
  <scavenger-info tenureage="14" tenuremask="4000" tiltratio="87" />
  <memory-copied type="nursery" objects="1785" bytes="742168" bytesdiscarded="196872" />
</gc-op>
<gc-end id="2469" type="scavenge" contextid="2465" durationms="0.646" usertimems="0.000" systemtimems="4.000" timestamp="2019-06-17T03:33:22.632" activeThreads="4">
  <mem-info id="2470" free="9386120" total="16252928" percent="57">
    <mem type="nursery" free="8367008" total="10616832" percent="78">
      <mem type="allocate" free="8367008" total="9306112" percent="89" />
      <mem type="survivor" free="0" total="1310720" percent="0" />
    </mem>
    <mem type="tenure" free="1019112" total="5636096" percent="18" macro-fragmented="0">
      <mem type="soa" free="770280" total="5354496" percent="14" />
      <mem type="loa" free="248832" total="281600" percent="88" />
    </mem>
    <remembered-set count="102" />
  </mem-info>
</gc-end>
<cycle-end id="2471" type="scavenge" contextid="2465" timestamp="2019-06-17T03:33:22.632" />
  <attribute name="elasticGC enabled" value="1" />
  <attribute name= "numThreadsSpecified" value="4" />
  <attribute name="heapSize specified" value="12058624" />
  <attribute name="Current GC Util" value="2" />
  <attribute name= "Current Time Running" value="9212" />
  <attribute name ="GC Interval" value="200" />
  <attribute name="ProportionalT" value="-27.000000" />
  <attribute name="ProportionalI" value="-27.000000" />
  <attribute name="ProportionalH" value="-27.000000" />
  <attribute name="Current Error" value="-18.000000" />
  <attribute name="IntegralT" value="-1044.000000" />
  <attribute name="IntegralI" value="-1044.000000" />
  <attribute name="IntegralH" value="-1044.000000" />
  <attribute name="DerivativeT" value="-0.465517" />
  <attribute name="DerivativeI" value="-0.465517" />
  <attribute name="DerivativeH" value="-0.465517" />
  <attribute name="Loop Time for DT" value="58.000000" />
  <attribute name="Output H" value="2092630016"/>
  <attribute name="Output I" value="200"/>
  <attribute name="Output T" value="4"/>
  <attribute name="Target GC Util Change" value ="20.000000" />
  <attribute name="Current GC Util Change" value="2.000000"/>
  <attribute name="GC Util currently" value="2" />
  <attribute name="CPU Util currently" value="79115787727" />
<allocation-satisfied id="2472" threadId="0000000000D2C900" bytesRequested="16392" />
<af-end id="2473" timestamp="2019-06-17T03:33:22.632" threadId="0000000000D2D288" success="true" from="nursery"/>
<exclusive-end id="2474" timestamp="2019-06-17T03:33:22.632" durationms="1.222" />

<exclusive-start id="2475" timestamp="2019-06-17T03:33:22.691" intervalms="60.242">
  <response-info timems="0.043" idlems="0.043" threads="0" lastid="0000000000D37D00" lastname="Thread-6" />
</exclusive-start>
<af-start id="2476" threadId="0000000000D38688" totalBytesRequested="16392" timestamp="2019-06-17T03:33:22.691" intervalms="60.253" type="nursery" />
<cycle-start id="2477" type="scavenge" contextid="0" timestamp="2019-06-17T03:33:22.691" intervalms="60.270" />
<gc-start id="2478" type="scavenge" contextid="2477" timestamp="2019-06-17T03:33:22.708">
  <mem-info id="2479" free="1019112" total="16252928" percent="6">
    <mem type="nursery" free="0" total="10616832" percent="0">
      <mem type="allocate" free="0" total="9306112" percent="0" />
      <mem type="survivor" free="0" total="1310720" percent="0" />
    </mem>
    <mem type="tenure" free="1019112" total="5636096" percent="18">
      <mem type="soa" free="770280" total="5354496" percent="14" />
      <mem type="loa" free="248832" total="281600" percent="88" />
    </mem>
    <remembered-set count="337" />
  </mem-info>
</gc-start>
<allocation-stats totalBytes="8304784" >
  <allocated-bytes non-tlh="32784" tlh="8272000" />
  <largest-consumer threadName="Thread-6" threadId="0000000000D37D00" bytes="3166240" />
</allocation-stats>
<gc-op id="2480" type="scavenge" timems="0.930" contextid="2477" timestamp="2019-06-17T03:33:22.709">
  <scavenger-info tenureage="14" tenuremask="4000" tiltratio="87" />
  <memory-copied type="nursery" objects="2131" bytes="818792" bytesdiscarded="221696" />
</gc-op>
<gc-end id="2481" type="scavenge" contextid="2477" durationms="9.612" usertimems="8.000" systemtimems="0.000" timestamp="2019-06-17T03:33:22.718" activeThreads="4">
  <mem-info id="2482" free="9350208" total="16252928" percent="57">
    <mem type="nursery" free="8331096" total="10616832" percent="78">
      <mem type="allocate" free="8331096" total="9371648" percent="88" />
      <mem type="survivor" free="0" total="1245184" percent="0" />
    </mem>
    <mem type="tenure" free="1019112" total="5636096" percent="18" macro-fragmented="13848">
      <mem type="soa" free="770280" total="5354496" percent="14" />
      <mem type="loa" free="248832" total="281600" percent="88" />
    </mem>
    <remembered-set count="109" />
  </mem-info>
</gc-end>
<cycle-end id="2483" type="scavenge" contextid="2477" timestamp="2019-06-17T03:33:22.718" />
  <attribute name="elasticGC enabled" value="1" />
  <attribute name= "numThreadsSpecified" value="4" />
  <attribute name="heapSize specified" value="12058624" />
  <attribute name="Current GC Util" value="1" />
  <attribute name= "Current Time Running" value="9290" />
  <attribute name ="GC Interval" value="200" />
  <attribute name="ProportionalT" value="-28.500000" />
  <attribute name="ProportionalI" value="-28.500000" />
  <attribute name="ProportionalH" value="-28.500000" />
  <attribute name="Current Error" value="-19.000000" />
  <attribute name="IntegralT" value="-1482.000000" />
  <attribute name="IntegralI" value="-1482.000000" />
  <attribute name="IntegralH" value="-1482.000000" />
  <attribute name="DerivativeT" value="-0.365385" />
  <attribute name="DerivativeI" value="-0.365385" />
  <attribute name="DerivativeH" value="-0.365385" />
  <attribute name="Loop Time for DT" value="78.000000" />
  <attribute name="Output H" value="2092630016"/>
  <attribute name="Output I" value="200"/>
  <attribute name="Output T" value="4"/>
  <attribute name="Target GC Util Change" value ="20.000000" />
  <attribute name="Current GC Util Change" value="1.000000"/>
  <attribute name="GC Util currently" value="1" />
  <attribute name="CPU Util currently" value="59549203632" />
<allocation-satisfied id="2484" threadId="0000000000D37D00" bytesRequested="16392" />
<af-end id="2485" timestamp="2019-06-17T03:33:22.718" threadId="0000000000D38688" success="true" from="nursery"/>
<exclusive-end id="2486" timestamp="2019-06-17T03:33:22.718" durationms="27.305" />

<exclusive-start id="2487" timestamp="2019-06-17T03:33:22.779" intervalms="87.494">
  <response-info timems="0.039" idlems="0.039" threads="0" lastid="0000000000D34100" lastname="Thread-5" />
</exclusive-start>
<af-start id="2488" threadId="0000000000D34A88" totalBytesRequested="16392" timestamp="2019-06-17T03:33:22.779" intervalms="87.501" type="nursery" />
<cycle-start id="2489" type="scavenge" contextid="0" timestamp="2019-06-17T03:33:22.779" intervalms="87.498" />
<gc-start id="2490" type="scavenge" contextid="2489" timestamp="2019-06-17T03:33:22.779">
  <mem-info id="2491" free="1019112" total="16252928" percent="6">
    <mem type="nursery" free="0" total="10616832" percent="0">
      <mem type="allocate" free="0" total="9371648" percent="0" />
      <mem type="survivor" free="0" total="1245184" percent="0" />
    </mem>
    <mem type="tenure" free="1019112" total="5636096" percent="18">
      <mem type="soa" free="770280" total="5354496" percent="14" />
      <mem type="loa" free="248832" total="281600" percent="88" />
    </mem>
    <remembered-set count="337" />
  </mem-info>
</gc-start>
<allocation-stats totalBytes="8326544" >
  <allocated-bytes non-tlh="16392" tlh="8310152" />
  <largest-consumer threadName="Thread-5" threadId="0000000000D34100" bytes="2902584" />
</allocation-stats>
<gc-op id="2492" type="scavenge" timems="0.329" contextid="2489" timestamp="2019-06-17T03:33:22.779">
  <scavenger-info tenureage="14" tenuremask="4000" tiltratio="88" />
  <memory-copied type="nursery" objects="2124" bytes="776464" bytesdiscarded="229504" />
</gc-op>
<gc-end id="2493" type="scavenge" contextid="2489" durationms="0.796" usertimems="0.000" systemtimems="0.000" timestamp="2019-06-17T03:33:22.780" activeThreads="4">
  <mem-info id="2494" free="9450272" total="16252928" percent="58">
    <mem type="nursery" free="8431160" total="10616832" percent="79">
      <mem type="allocate" free="8431160" total="9437184" percent="89" />
      <mem type="survivor" free="0" total="1179648" percent="0" />
    </mem>
    <mem type="tenure" free="1019112" total="5636096" percent="18" macro-fragmented="0">
      <mem type="soa" free="770280" total="5354496" percent="14" />
      <mem type="loa" free="248832" total="281600" percent="88" />
    </mem>
    <remembered-set count="104" />
  </mem-info>
</gc-end>
<cycle-end id="2495" type="scavenge" contextid="2489" timestamp="2019-06-17T03:33:22.780" />
  <attribute name="elasticGC enabled" value="1" />
  <attribute name= "numThreadsSpecified" value="4" />
  <attribute name="heapSize specified" value="12058624" />
  <attribute name="Current GC Util" value="37" />
  <attribute name= "Current Time Running" value="9360" />
  <attribute name ="GC Interval" value="1216" />
  <attribute name="ProportionalT" value="25.500000" />
  <attribute name="ProportionalI" value="25.500000" />
  <attribute name="ProportionalH" value="25.500000" />
  <attribute name="Current Error" value="17.000000" />
  <attribute name="IntegralT" value="1190.000000" />
  <attribute name="IntegralI" value="1190.000000" />
  <attribute name="IntegralH" value="1190.000000" />
  <attribute name="DerivativeT" value="0.364286" />
  <attribute name="DerivativeI" value="0.364286" />
  <attribute name="DerivativeH" value="0.364286" />
  <attribute name="Loop Time for DT" value="70.000000" />
  <attribute name="Output H" value="8388608"/>
  <attribute name="Output I" value="1216"/>
  <attribute name="Output T" value="4"/>
  <attribute name="Target GC Util Change" value ="20.000000" />
  <attribute name="Current GC Util Change" value="37.000000"/>
  <attribute name="GC Util currently" value="37" />
  <attribute name="CPU Util currently" value="65554871241" />
<allocation-satisfied id="2496" threadId="0000000000D34100" bytesRequested="16392" />
<af-end id="2497" timestamp="2019-06-17T03:33:22.780" threadId="0000000000D34A88" success="true" from="nursery"/>
<exclusive-end id="2498" timestamp="2019-06-17T03:33:22.780" durationms="1.246" />

<exclusive-start id="2499" timestamp="2019-06-17T03:33:22.834" intervalms="55.013">
  <response-info timems="0.037" idlems="0.037" threads="0" lastid="0000000000D37D00" lastname="Thread-6" />
</exclusive-start>
<af-start id="2500" threadId="0000000000D38688" totalBytesRequested="2056" timestamp="2019-06-17T03:33:22.834" intervalms="55.004" type="nursery" />
<cycle-start id="2501" type="scavenge" contextid="0" timestamp="2019-06-17T03:33:22.834" intervalms="55.006" />
<gc-start id="2502" type="scavenge" contextid="2501" timestamp="2019-06-17T03:33:22.834">
  <mem-info id="2503" free="1019112" total="16252928" percent="6">
    <mem type="nursery" free="0" total="10616832" percent="0">
      <mem type="allocate" free="0" total="9437184" percent="0" />
      <mem type="survivor" free="0" total="1179648" percent="0" />
    </mem>
    <mem type="tenure" free="1019112" total="5636096" percent="18">
      <mem type="soa" free="770280" total="5354496" percent="14" />
      <mem type="loa" free="248832" total="281600" percent="88" />
    </mem>
    <remembered-set count="336" />
  </mem-info>
</gc-start>
<allocation-stats totalBytes="8409408" >
  <allocated-bytes non-tlh="49168" tlh="8360240" />
  <largest-consumer threadName="Thread-3" threadId="0000000000D2C900" bytes="2522496" />
</allocation-stats>
<gc-op id="2504" type="scavenge" timems="0.740" contextid="2501" timestamp="2019-06-17T03:33:22.835">
  <scavenger-info tenureage="14" tenuremask="4000" tiltratio="88" />
  <memory-copied type="nursery" objects="2411" bytes="941224" bytesdiscarded="82632" />
  <references type="phantom" candidates="1" cleared="0" enqueued="0" />
</gc-op>
<gc-end id="2505" type="scavenge" contextid="2501" durationms="0.992" usertimems="4.000" systemtimems="0.000" timestamp="2019-06-17T03:33:22.835" activeThreads="4">
  <mem-info id="2506" free="9366832" total="16252928" percent="57">
    <mem type="nursery" free="8347720" total="10616832" percent="78">
      <mem type="allocate" free="8347720" total="9371648" percent="89" />
      <mem type="survivor" free="0" total="1245184" percent="0" />
    </mem>
    <mem type="tenure" free="1019112" total="5636096" percent="18" macro-fragmented="723458">
      <mem type="soa" free="770280" total="5354496" percent="14" />
      <mem type="loa" free="248832" total="281600" percent="88" />
    </mem>
    <remembered-set count="112" />
  </mem-info>
</gc-end>
<cycle-end id="2507" type="scavenge" contextid="2501" timestamp="2019-06-17T03:33:22.835" />
  <attribute name="elasticGC enabled" value="1" />
  <attribute name= "numThreadsSpecified" value="4" />
  <attribute name="heapSize specified" value="12058624" />
  <attribute name="Current GC Util" value="1" />
  <attribute name= "Current Time Running" value="9415" />
  <attribute name ="GC Interval" value="200" />
  <attribute name="ProportionalT" value="-28.500000" />
  <attribute name="ProportionalI" value="-28.500000" />
  <attribute name="ProportionalH" value="-28.500000" />
  <attribute name="Current Error" value="-19.000000" />
  <attribute name="IntegralT" value="-1045.000000" />
  <attribute name="IntegralI" value="-1045.000000" />
  <attribute name="IntegralH" value="-1045.000000" />
  <attribute name="DerivativeT" value="-0.981818" />
  <attribute name="DerivativeI" value="-0.981818" />
  <attribute name="DerivativeH" value="-0.981818" />
  <attribute name="Loop Time for DT" value="55.000000" />
  <attribute name="Output H" value="2092630016"/>
  <attribute name="Output I" value="200"/>
  <attribute name="Output T" value="4"/>
  <attribute name="Target GC Util Change" value ="20.000000" />
  <attribute name="Current GC Util Change" value="1.000000"/>
  <attribute name="GC Util currently" value="1" />
  <attribute name="CPU Util currently" value="83813586030" />
<allocation-satisfied id="2508" threadId="0000000000D37D00" bytesRequested="2056" />
<af-end id="2509" timestamp="2019-06-17T03:33:22.835" threadId="0000000000D38688" success="true" from="nursery"/>
<exclusive-end id="2510" timestamp="2019-06-17T03:33:22.835" durationms="1.459" />

<exclusive-start id="2511" timestamp="2019-06-17T03:33:22.894" intervalms="60.852">
  <response-info timems="0.052" idlems="0.052" threads="0" lastid="0000000000D2C900" lastname="Thread-3" />
</exclusive-start>
<af-start id="2512" threadId="0000000000D2D288" totalBytesRequested="488" timestamp="2019-06-17T03:33:22.894" intervalms="60.841" type="nursery" />
<cycle-start id="2513" type="scavenge" contextid="0" timestamp="2019-06-17T03:33:22.894" intervalms="60.828" />
<gc-start id="2514" type="scavenge" contextid="2513" timestamp="2019-06-17T03:33:22.895">
  <mem-info id="2515" free="1019112" total="16252928" percent="6">
    <mem type="nursery" free="0" total="10616832" percent="0">
      <mem type="allocate" free="0" total="9371648" percent="0" />
      <mem type="survivor" free="0" total="1245184" percent="0" />
    </mem>
    <mem type="tenure" free="1019112" total="5636096" percent="18">
      <mem type="soa" free="770280" total="5354496" percent="14" />
      <mem type="loa" free="248832" total="281600" percent="88" />
    </mem>
    <remembered-set count="327" />
  </mem-info>
</gc-start>
<allocation-stats totalBytes="8298264" >
  <allocated-bytes non-tlh="2056" tlh="8296208" />
  <largest-consumer threadName="Thread-4" threadId="0000000000D30500" bytes="2551208" />
</allocation-stats>
<gc-op id="2516" type="scavenge" timems="0.344" contextid="2513" timestamp="2019-06-17T03:33:22.895">
  <scavenger-info tenureage="14" tenuremask="4000" tiltratio="88" />
  <memory-copied type="nursery" objects="2079" bytes="890328" bytesdiscarded="224272" />
</gc-op>
<gc-end id="2517" type="scavenge" contextid="2513" durationms="0.624" usertimems="0.000" systemtimems="0.000" timestamp="2019-06-17T03:33:22.895" activeThreads="4">
  <mem-info id="2518" free="9341624" total="16252928" percent="57">
    <mem type="nursery" free="8322512" total="10616832" percent="78">
      <mem type="allocate" free="8322512" total="9437184" percent="88" />
      <mem type="survivor" free="0" total="1179648" percent="0" />
    </mem>
    <mem type="tenure" free="1019112" total="5636096" percent="18" macro-fragmented="1032">
      <mem type="soa" free="770280" total="5354496" percent="14" />
      <mem type="loa" free="248832" total="281600" percent="88" />
    </mem>
    <remembered-set count="99" />
  </mem-info>
</gc-end>
<cycle-end id="2519" type="scavenge" contextid="2513" timestamp="2019-06-17T03:33:22.895" />
  <attribute name="elasticGC enabled" value="1" />
  <attribute name= "numThreadsSpecified" value="4" />
  <attribute name="heapSize specified" value="12058624" />
  <attribute name="Current GC Util" value="2" />
  <attribute name= "Current Time Running" value="9476" />
  <attribute name ="GC Interval" value="200" />
  <attribute name="ProportionalT" value="-27.000000" />
  <attribute name="ProportionalI" value="-27.000000" />
  <attribute name="ProportionalH" value="-27.000000" />
  <attribute name="Current Error" value="-18.000000" />
  <attribute name="IntegralT" value="-1098.000000" />
  <attribute name="IntegralI" value="-1098.000000" />
  <attribute name="IntegralH" value="-1098.000000" />
  <attribute name="DerivativeT" value="-0.442623" />
  <attribute name="DerivativeI" value="-0.442623" />
  <attribute name="DerivativeH" value="-0.442623" />
  <attribute name="Loop Time for DT" value="61.000000" />
  <attribute name="Output H" value="2092630016"/>
  <attribute name="Output I" value="200"/>
  <attribute name="Output T" value="4"/>
  <attribute name="Target GC Util Change" value ="20.000000" />
  <attribute name="Current GC Util Change" value="2.000000"/>
  <attribute name="GC Util currently" value="2" />
  <attribute name="CPU Util currently" value="75876991460" />
<allocation-satisfied id="2520" threadId="0000000000D2C900" bytesRequested="488" />
<af-end id="2521" timestamp="2019-06-17T03:33:22.895" threadId="0000000000D2D288" success="true" from="nursery"/>
<exclusive-end id="2522" timestamp="2019-06-17T03:33:22.895" durationms="0.990" />

<exclusive-start id="2523" timestamp="2019-06-17T03:33:22.949" intervalms="54.594">
  <response-info timems="0.059" idlems="0.032" threads="1" lastid="0000000000D34100" lastname="Thread-5" />
</exclusive-start>
<af-start id="2524" threadId="0000000000D38688" totalBytesRequested="8200" timestamp="2019-06-17T03:33:22.949" intervalms="54.601" type="nursery" />
<cycle-start id="2525" type="scavenge" contextid="0" timestamp="2019-06-17T03:33:22.949" intervalms="54.612" />
<gc-start id="2526" type="scavenge" contextid="2525" timestamp="2019-06-17T03:33:22.949">
  <mem-info id="2527" free="1019112" total="16252928" percent="6">
    <mem type="nursery" free="0" total="10616832" percent="0">
      <mem type="allocate" free="0" total="9437184" percent="0" />
      <mem type="survivor" free="0" total="1179648" percent="0" />
    </mem>
    <mem type="tenure" free="1019112" total="5636096" percent="18">
      <mem type="soa" free="770280" total="5354496" percent="14" />
      <mem type="loa" free="248832" total="281600" percent="88" />
    </mem>
    <remembered-set count="334" />
  </mem-info>
</gc-start>
<allocation-stats totalBytes="8277528" >
  <allocated-bytes non-tlh="33264" tlh="8244264" />
  <largest-consumer threadName="Thread-5" threadId="0000000000D34100" bytes="2549312" />
</allocation-stats>
<gc-op id="2528" type="scavenge" timems="0.710" contextid="2525" timestamp="2019-06-17T03:33:22.950">
  <scavenger-info tenureage="14" tenuremask="4000" tiltratio="88" />
  <memory-copied type="nursery" objects="1602" bytes="749960" bytesdiscarded="188216" />
  <references type="phantom" candidates="3" cleared="0" enqueued="0" />
</gc-op>
<gc-end id="2529" type="scavenge" contextid="2525" durationms="0.944" usertimems="0.000" systemtimems="4.000" timestamp="2019-06-17T03:33:22.950" activeThreads="4">
  <mem-info id="2530" free="9518032" total="16252928" percent="58">
    <mem type="nursery" free="8498920" total="10616832" percent="80">
      <mem type="allocate" free="8498920" total="9437184" percent="90" />
      <mem type="survivor" free="0" total="1179648" percent="0" />
    </mem>
    <mem type="tenure" free="1019112" total="5636096" percent="18" macro-fragmented="723458">
      <mem type="soa" free="770280" total="5354496" percent="14" />
      <mem type="loa" free="248832" total="281600" percent="88" />
    </mem>
    <remembered-set count="104" />
  </mem-info>
</gc-end>
<cycle-end id="2531" type="scavenge" contextid="2525" timestamp="2019-06-17T03:33:22.950" />
  <attribute name="elasticGC enabled" value="1" />
  <attribute name= "numThreadsSpecified" value="4" />
  <attribute name="heapSize specified" value="12058624" />
  <attribute name="Current GC Util" value="1" />
  <attribute name= "Current Time Running" value="9530" />
  <attribute name ="GC Interval" value="200" />
  <attribute name="ProportionalT" value="-28.500000" />
  <attribute name="ProportionalI" value="-28.500000" />
  <attribute name="ProportionalH" value="-28.500000" />
  <attribute name="Current Error" value="-19.000000" />
  <attribute name="IntegralT" value="-1026.000000" />
  <attribute name="IntegralI" value="-1026.000000" />
  <attribute name="IntegralH" value="-1026.000000" />
  <attribute name="DerivativeT" value="-0.527778" />
  <attribute name="DerivativeI" value="-0.527778" />
  <attribute name="DerivativeH" value="-0.527778" />
  <attribute name="Loop Time for DT" value="54.000000" />
  <attribute name="Output H" value="2092630016"/>
  <attribute name="Output I" value="200"/>
  <attribute name="Output T" value="4"/>
  <attribute name="Target GC Util Change" value ="20.000000" />
  <attribute name="Current GC Util Change" value="1.000000"/>
  <attribute name="GC Util currently" value="1" />
  <attribute name="CPU Util currently" value="84351587278" />
<allocation-satisfied id="2532" threadId="0000000000D37D00" bytesRequested="8200" />
<af-end id="2533" timestamp="2019-06-17T03:33:22.950" threadId="0000000000D38688" success="true" from="nursery"/>
<exclusive-end id="2534" timestamp="2019-06-17T03:33:22.950" durationms="1.497" />

<exclusive-start id="2535" timestamp="2019-06-17T03:33:23.014" intervalms="65.328">
  <response-info timems="0.044" idlems="0.044" threads="0" lastid="0000000000D2C900" lastname="Thread-3" />
</exclusive-start>
<af-start id="2536" threadId="0000000000D2D288" totalBytesRequested="32776" timestamp="2019-06-17T03:33:23.014" intervalms="65.319" type="nursery" />
<cycle-start id="2537" type="scavenge" contextid="0" timestamp="2019-06-17T03:33:23.014" intervalms="65.304" />
<gc-start id="2538" type="scavenge" contextid="2537" timestamp="2019-06-17T03:33:23.014">
  <mem-info id="2539" free="1019112" total="16252928" percent="6">
    <mem type="nursery" free="0" total="10616832" percent="0">
      <mem type="allocate" free="0" total="9437184" percent="0" />
      <mem type="survivor" free="0" total="1179648" percent="0" />
    </mem>
    <mem type="tenure" free="1019112" total="5636096" percent="18">
      <mem type="soa" free="770280" total="5354496" percent="14" />
      <mem type="loa" free="248832" total="281600" percent="88" />
    </mem>
    <remembered-set count="335" />
  </mem-info>
</gc-start>
<allocation-stats totalBytes="8404912" >
  <allocated-bytes non-tlh="8200" tlh="8396712" />
  <largest-consumer threadName="Thread-6" threadId="0000000000D37D00" bytes="2881320" />
</allocation-stats>
<gc-op id="2540" type="scavenge" timems="0.321" contextid="2537" timestamp="2019-06-17T03:33:23.015">
  <scavenger-info tenureage="14" tenuremask="4000" tiltratio="88" />
  <memory-copied type="nursery" objects="1972" bytes="848088" bytesdiscarded="254128" />
</gc-op>
<gc-end id="2541" type="scavenge" contextid="2537" durationms="0.538" usertimems="0.000" systemtimems="0.000" timestamp="2019-06-17T03:33:23.015" activeThreads="4">
  <mem-info id="2542" free="9419552" total="16252928" percent="57">
    <mem type="nursery" free="8400440" total="10616832" percent="79">
      <mem type="allocate" free="8400440" total="9502720" percent="88" />
      <mem type="survivor" free="0" total="1114112" percent="0" />
    </mem>
    <mem type="tenure" free="1019112" total="5636096" percent="18" macro-fragmented="602881">
      <mem type="soa" free="770280" total="5354496" percent="14" />
      <mem type="loa" free="248832" total="281600" percent="88" />
    </mem>
    <remembered-set count="109" />
  </mem-info>
</gc-end>
<cycle-end id="2543" type="scavenge" contextid="2537" timestamp="2019-06-17T03:33:23.015" />
  <attribute name="elasticGC enabled" value="1" />
  <attribute name= "numThreadsSpecified" value="4" />
  <attribute name="heapSize specified" value="12058624" />
  <attribute name="Current GC Util" value="2" />
  <attribute name= "Current Time Running" value="9596" />
  <attribute name ="GC Interval" value="200" />
  <attribute name="ProportionalT" value="-27.000000" />
  <attribute name="ProportionalI" value="-27.000000" />
  <attribute name="ProportionalH" value="-27.000000" />
  <attribute name="Current Error" value="-18.000000" />
  <attribute name="IntegralT" value="-1188.000000" />
  <attribute name="IntegralI" value="-1188.000000" />
  <attribute name="IntegralH" value="-1188.000000" />
  <attribute name="DerivativeT" value="-0.409091" />
  <attribute name="DerivativeI" value="-0.409091" />
  <attribute name="DerivativeH" value="-0.409091" />
  <attribute name="Loop Time for DT" value="66.000000" />
  <attribute name="Output H" value="2092630016"/>
  <attribute name="Output I" value="200"/>
  <attribute name="Output T" value="4"/>
  <attribute name="Target GC Util Change" value ="20.000000" />
  <attribute name="Current GC Util Change" value="2.000000"/>
  <attribute name="GC Util currently" value="2" />
  <attribute name="CPU Util currently" value="70671144175" />
<allocation-satisfied id="2544" threadId="0000000000D2C900" bytesRequested="32776" />
<af-end id="2545" timestamp="2019-06-17T03:33:23.015" threadId="0000000000D2D288" success="true" from="nursery"/>
<exclusive-end id="2546" timestamp="2019-06-17T03:33:23.015" durationms="0.899" />

</verbosegc>

