<?xml version="1.0" ?>

<verbosegc xmlns="http://www.ibm.com/j9/verbosegc" version="08cc62e_CMPRSS">

<initialized id="1" timestamp="2019-08-02T20:24:28.957">
  <attribute name="gcPolicy" value="-Xgcpolicy:balanced" />
  <attribute name="elasticGC enabled" value="1" />
  <attribute name= "numThreadsSpecified" value="0" />
  <attribute name="heapSize specified" value="0" />
  <attribute name= "numCores" value="0" />
  <attribute name ="GC Interval" value="0" />
  <attribute name="GC Util Range Max" value="0" />
  <attribute name="Current GC Util" value="0" />
  <attribute name= "Current Time Running" value="0" />
  <attribute name="maxHeapSize" value="0x7cb00000" />
  <attribute name="initialHeapSize" value="0x800000" />
  <attribute name="compressedRefs" value="true" />
  <attribute name="compressedRefsDisplacement" value="0x0" />
  <attribute name="compressedRefsShift" value="0x0" />
  <attribute name="pageSize" value="0x1000" />
  <attribute name="pageType" value="not used" />
  <attribute name="requestedPageSize" value="0x1000" />
  <attribute name="requestedPageType" value="not used" />
  <attribute name="gcthreads" value="8" />
  <attribute name="packetListSplit" value="8" />
  <attribute name="cacheListSplit" value="8" />
  <attribute name="splitFreeListSplitAmount" value="1" />
  <attribute name="numaNodes" value="0" />
  <region>
    <attribute name="regionSize" value="1048576" />
    <attribute name="regionCount" value="1995" />
    <attribute name="arrayletLeafSize" value="1048576" />
  </region>
  <system>
    <attribute name="physicalMemory" value="8370401280" />
    <attribute name="numCPUs" value="8" />
    <attribute name="architecture" value="amd64" />
    <attribute name="os" value="Linux" />
    <attribute name="osVersion" value="4.4.0-154-generic" />
  </system>
  <vmargs>
    <vmarg name="-Xoptionsfile=/vagrant/jdk/lib/options.default" />
    <vmarg name="-Xlockword:mode=default,noLockword=java/lang/String,noLockword=java/util/MapEntry,noLockword=java/util/HashMap$Entry,noLockword..." />
    <vmarg name="-Xjcl:jclse29" />
    <vmarg name="-Dcom.ibm.oti.vm.bootstrap.library.path=/vagrant/jdk/lib/compressedrefs:/vagrant/jdk/lib" />
    <vmarg name="-Dsun.boot.library.path=/vagrant/jdk/lib/compressedrefs:/vagrant/jdk/lib" />
    <vmarg name="-Djava.library.path=/vagrant/jdk/lib/compressedrefs:/vagrant/jdk/lib:/usr/lib64:/usr/lib" />
    <vmarg name="-Djava.home=/vagrant/jdk" />
    <vmarg name="-Duser.dir=/vagrant" />
    <vmarg name="-Xgcpolicy:balanced" />
    <vmarg name="-Xgcelastic" />
    <vmarg name="-Xcheck:gc:::elasticGC" />
    <vmarg name="-verbose:gc" />
    <vmarg name="-Xloggc:jdkB-small-BAL-8core-verbose5jython.txt" />
    <vmarg name="-Djava.class.path=dacapo-9.12-MR1-bach.jar" />
    <vmarg name="-Dsun.java.command=dacapo-9.12-MR1-bach.jar jython --size=small" />
    <vmarg name="-Dsun.java.launcher=SUN_STANDARD" />
    <vmarg name="-Dsun.java.launcher.pid=22355" />
  </vmargs>
</initialized>

<exclusive-start id="2" timestamp="2019-08-02T20:24:30.882" intervalms="1924.874">
  <response-info timems="0.024" idlems="0.024" threads="0" lastid="0000000001F63A00" lastname="main" />
</exclusive-start>
<allocation-taxation id="3" taxation-threshold="8388608" timestamp="2019-08-02T20:24:30.882" intervalms="1925.142" />
<cycle-start id="4" type="partial gc" contextid="0" timestamp="2019-08-02T20:24:30.882" intervalms="1925.380" />
<gc-start id="5" type="partial gc" contextid="4" timestamp="2019-08-02T20:24:30.883">
  <mem-info id="6" free="0" total="8388608" percent="0">
    <mem type="eden" free="0" total="8388608" percent="0" />
    <remembered-set count="0" freebytes="334848" totalbytes="334848" percent="100" regionsoverflowed="0" regionsstable="0" regionsrebuilding="0"/>
  </mem-info>
</gc-start>
<allocation-stats totalBytes="8351896" >
  <allocated-bytes non-tlh="332408" tlh="8019488" arrayletleaf="0"/>
  <largest-consumer threadName="main" threadId="0000000001F63A00" bytes="8257984" />
</allocation-stats>
<gc-op id="7" type="mark" timems="6.413" contextid="4" timestamp="2019-08-02T20:24:30.890">
  <trace-info objectcount="17743" scancount="14048" scanbytes="461824" />
  <remembered-set-cleared processed="0" cleared="0" durationms="0.159" />
  <finalization candidates="14" enqueued="1" />
  <references type="soft" candidates="63" cleared="0" enqueued="0" dynamicThreshold="32" maxThreshold="32" />
  <references type="weak" candidates="544" cleared="401" enqueued="362" />
  <references type="phantom" candidates="105" cleared="44" enqueued="44" />
  <stringconstants candidates="2406" cleared="0"  />
  <warning details="Mark for calibration purposes" />
</gc-op>
<gc-op id="8" type="classunload" timems="0.044" contextid="4" timestamp="2019-08-02T20:24:30.891">
  <classunload-info classloadercandidates="5" classloadersunloaded="0" classesunloaded="0" anonymousclassesunloaded="0" quiescems="0.000" setupms="0.044" scanms="0.000" postms="0.000" />
</gc-op>
<gc-op id="9" type="sweep" timems="1.177" contextid="4" timestamp="2019-08-02T20:24:30.892" />
<gc-op id="10" type="compact" timems="5.747" contextid="4" timestamp="2019-08-02T20:24:30.898">
  <compact-info movecount="17732" movebytes="964656" />
  <remembered-set-cleared processed="0" cleared="0" durationms="0.159" />
</gc-op>
<gc-end id="11" type="partial gc" contextid="4" durationms="16.664" usertimems="12.000" systemtimems="12.000" timestamp="2019-08-02T20:24:30.899" activeThreads="8">
  <mem-info id="12" free="7340032" total="8388608" percent="87">
    <mem type="eden" free="83144" total="1048576" percent="7" />
    <pending-finalizers system="1" default="0" reference="406" classloader="0" />
    <remembered-set count="0" freebytes="334848" totalbytes="334848" percent="100" regionsoverflowed="0" regionsstable="0" regionsrebuilding="0"/>
  </mem-info>
</gc-end>
<cycle-end id="13" type="partial gc" contextid="4" timestamp="2019-08-02T20:24:30.899" />
  <attribute name="elasticGC enabled" value="1" />
  <attribute name= "numThreadsSpecified" value="0" />
  <attribute name="heapSize specified" value="0" />
  <attribute name= "numCores" value="8" />
  <attribute name ="GC Interval" value="0" />
  <attribute name ="Control flow" value="2" />
  <attribute name="GC Util Range Max" value="149" />
  <attribute name="Current GC Util" value="124" />
  <attribute name= "Current Time Running" value="9" />
<exclusive-end id="14" timestamp="2019-08-02T20:24:30.900" durationms="17.811" />

<exclusive-start id="15" timestamp="2019-08-02T20:24:31.520" intervalms="638.496">
  <response-info timems="0.055" idlems="0.055" threads="0" lastid="0000000001F63A00" lastname="main" />
</exclusive-start>
<allocation-taxation id="16" taxation-threshold="7340032" timestamp="2019-08-02T20:24:31.520" intervalms="638.411" />
<cycle-start id="17" type="partial gc" contextid="0" timestamp="2019-08-02T20:24:31.521" intervalms="638.308" />
<gc-start id="18" type="partial gc" contextid="17" timestamp="2019-08-02T20:24:31.521">
  <mem-info id="19" free="0" total="8388608" percent="0">
    <mem type="eden" free="0" total="7340032" percent="0" />
    <remembered-set count="0" freebytes="334848" totalbytes="334848" percent="100" regionsoverflowed="0" regionsstable="0" regionsrebuilding="0"/>
  </mem-info>
</gc-start>
<allocation-stats totalBytes="7330752" >
  <allocated-bytes non-tlh="415576" tlh="6915176" arrayletleaf="0"/>
  <largest-consumer threadName="main" threadId="0000000001F63A00" bytes="7322472" />
</allocation-stats>
<gc-op id="20" type="mark" timems="2.840" contextid="17" timestamp="2019-08-02T20:24:31.524">
  <trace-info objectcount="19021" scancount="15071" scanbytes="511616" />
  <remembered-set-cleared processed="0" cleared="0" durationms="0.060" />
  <finalization candidates="22" enqueued="0" />
  <ownableSynchronizers candidates="16" cleared="0" />
  <references type="soft" candidates="67" cleared="0" enqueued="0" dynamicThreshold="28" maxThreshold="32" />
  <references type="weak" candidates="682" cleared="364" enqueued="256" />
  <references type="phantom" candidates="88" cleared="2" enqueued="2" />
  <stringconstants candidates="2594" cleared="0"  />
  <warning details="Mark invoked due to insufficient free space for Copy-Forward" />
</gc-op>
<gc-op id="21" type="classunload" timems="0.001" contextid="17" timestamp="2019-08-02T20:24:31.525">
  <classunload-info classloadercandidates="6" classloadersunloaded="0" classesunloaded="0" anonymousclassesunloaded="0" quiescems="0.000" setupms="0.001" scanms="0.000" postms="0.000" />
</gc-op>
<gc-op id="22" type="sweep" timems="1.424" contextid="17" timestamp="2019-08-02T20:24:31.526" />
<gc-op id="23" type="compact" timems="4.977" contextid="17" timestamp="2019-08-02T20:24:31.532">
  <compact-info movecount="18934" movebytes="1494616" />
  <remembered-set-cleared processed="0" cleared="0" durationms="0.060" />
</gc-op>
<gc-end id="24" type="partial gc" contextid="17" durationms="11.270" usertimems="16.000" systemtimems="0.000" timestamp="2019-08-02T20:24:31.532" activeThreads="8">
  <mem-info id="25" free="6291456" total="8388608" percent="75">
    <mem type="eden" free="327304" total="1048576" percent="31" />
    <pending-finalizers system="0" default="0" reference="258" classloader="0" />
    <remembered-set count="1536" freebytes="328704" totalbytes="334848" percent="98" regionsoverflowed="0" regionsstable="0" regionsrebuilding="0"/>
  </mem-info>
</gc-end>
<cycle-end id="26" type="partial gc" contextid="17" timestamp="2019-08-02T20:24:31.532" />
  <attribute name="elasticGC enabled" value="1" />
  <attribute name= "numThreadsSpecified" value="0" />
  <attribute name="heapSize specified" value="0" />
  <attribute name= "numCores" value="8" />
  <attribute name ="GC Interval" value="0" />
  <attribute name ="Control flow" value="2" />
  <attribute name="GC Util Range Max" value="149" />
  <attribute name="Current GC Util" value="99" />
  <attribute name= "Current Time Running" value="643" />
<exclusive-end id="27" timestamp="2019-08-02T20:24:31.533" durationms="12.449" />

<exclusive-start id="28" timestamp="2019-08-02T20:24:31.671" intervalms="150.517">
  <response-info timems="0.057" idlems="0.057" threads="0" lastid="0000000001F63A00" lastname="main" />
</exclusive-start>
<allocation-taxation id="29" taxation-threshold="3145728" timestamp="2019-08-02T20:24:31.671" intervalms="150.491" />
<cycle-start id="30" type="global mark phase" contextid="0" timestamp="2019-08-02T20:24:31.671" intervalms="2714.290" />
<gc-start id="31" type="global mark phase" contextid="30" timestamp="2019-08-02T20:24:31.671">
  <mem-info id="32" free="3145728" total="8388608" percent="37">
    <remembered-set count="1536" freebytes="328704" totalbytes="334848" percent="98" regionsoverflowed="0" regionsstable="0" regionsrebuilding="0"/>
  </mem-info>
</gc-start>
<gc-op id="33" type="mark increment" timems="2.490" contextid="30" timestamp="2019-08-02T20:24:31.674">
  <trace-info objectcount="139" scancount="0" scanbytes="0" />
</gc-op>
<gc-end id="34" type="global mark phase" contextid="30" durationms="2.637" usertimems="4.000" systemtimems="0.000" timestamp="2019-08-02T20:24:31.674" activeThreads="8">
  <mem-info id="35" free="3145728" total="8388608" percent="37">
    <remembered-set count="1536" freebytes="328704" totalbytes="334848" percent="98" regionsoverflowed="0" regionsstable="0" regionsrebuilding="0"/>
  </mem-info>
</gc-end>
<concurrent-start id="36" type="GMP work packet processing" contextid="30" timestamp="2019-08-02T20:24:31.674">
  <concurrent-mark-start scanTarget="18446744073709551615" />
</concurrent-start>
<exclusive-end id="37" timestamp="2019-08-02T20:24:31.674" durationms="3.317" />

<concurrent-end id="38" type="GMP work packet processing" contextid="30" timestamp="2019-08-02T20:24:31.676">
  <concurrent-mark-end bytesScanned="762704" reasonForTermination="Completed all work in GC phase" />
</concurrent-end>

<exclusive-start id="39" timestamp="2019-08-02T20:24:31.766" intervalms="95.037">
  <response-info timems="0.058" idlems="0.058" threads="0" lastid="0000000001F63A00" lastname="main" />
</exclusive-start>
<allocation-taxation id="40" taxation-threshold="3145728" timestamp="2019-08-02T20:24:31.766" intervalms="95.012" />
<cycle-start id="41" type="partial gc" contextid="0" timestamp="2019-08-02T20:24:31.766" intervalms="245.488" />
<gc-start id="42" type="partial gc" contextid="41" timestamp="2019-08-02T20:24:31.766">
  <mem-info id="43" free="0" total="8388608" percent="0">
    <mem type="eden" free="0" total="6291456" percent="0" />
    <remembered-set count="1536" freebytes="328704" totalbytes="334848" percent="98" regionsoverflowed="0" regionsstable="0" regionsrebuilding="0"/>
  </mem-info>
</gc-start>
<allocation-stats totalBytes="6286320" >
  <allocated-bytes non-tlh="317216" tlh="5969104" arrayletleaf="0"/>
  <largest-consumer threadName="main" threadId="0000000001F63A00" bytes="3144056" />
</allocation-stats>
<gc-op id="44" type="mark" timems="6.050" contextid="41" timestamp="2019-08-02T20:24:31.773">
  <trace-info objectcount="20280" scancount="16259" scanbytes="547456" />
  <cardclean-info objects="786" bytes="35252" />
  <remembered-set-cleared processed="204" cleared="204" durationms="0.045" />
  <finalization candidates="50" enqueued="1" />
  <ownableSynchronizers candidates="17" cleared="0" />
  <references type="soft" candidates="358" cleared="0" enqueued="0" dynamicThreshold="12" maxThreshold="32" />
  <references type="weak" candidates="1254" cleared="157" enqueued="143" />
  <references type="phantom" candidates="41" cleared="4" enqueued="4" />
  <stringconstants candidates="4540" cleared="0"  />
  <warning details="Mark invoked due to insufficient free space for Copy-Forward" />
</gc-op>
<gc-op id="45" type="classunload" timems="0.002" contextid="41" timestamp="2019-08-02T20:24:31.773">
  <classunload-info classloadercandidates="10" classloadersunloaded="0" classesunloaded="0" anonymousclassesunloaded="0" quiescems="0.000" setupms="0.002" scanms="0.000" postms="0.000" />
</gc-op>
<gc-op id="46" type="sweep" timems="1.942" contextid="41" timestamp="2019-08-02T20:24:31.775" />
<gc-op id="47" type="compact" timems="6.164" contextid="41" timestamp="2019-08-02T20:24:31.782">
  <compact-info movecount="20266" movebytes="1376616" />
  <remembered-set-cleared processed="3270" cleared="3270" durationms="0.058" />
</gc-op>
<heap-resize id="48" type="contract" space="default" amount="1048576" count="1" timems="0.157" reason="insufficient time being spent in gc" timestamp="2019-08-02T20:24:31.783" />
<gc-end id="49" type="partial gc" contextid="41" durationms="16.512" usertimems="16.000" systemtimems="8.000" timestamp="2019-08-02T20:24:31.783" activeThreads="8">
  <mem-info id="50" free="4194304" total="7340032" percent="57">
    <mem type="eden" free="373512" total="1048576" percent="35" />
    <pending-finalizers system="1" default="0" reference="147" classloader="0" />
    <remembered-set count="3584" freebytes="320512" totalbytes="334848" percent="95" regionsoverflowed="0" regionsstable="0" regionsrebuilding="0"/>
  </mem-info>
</gc-end>
<cycle-end id="51" type="partial gc" contextid="41" timestamp="2019-08-02T20:24:31.783" />
  <attribute name="elasticGC enabled" value="1" />
  <attribute name= "numThreadsSpecified" value="0" />
  <attribute name="heapSize specified" value="0" />
  <attribute name= "numCores" value="8" />
  <attribute name ="GC Interval" value="0" />
  <attribute name ="Control flow" value="2" />
  <attribute name="GC Util Range Max" value="149" />
  <attribute name="Current GC Util" value="110" />
  <attribute name= "Current Time Running" value="892" />
<exclusive-end id="52" timestamp="2019-08-02T20:24:31.783" durationms="17.446" />

<exclusive-start id="53" timestamp="2019-08-02T20:24:35.008" intervalms="3242.345">
  <response-info timems="0.026" idlems="0.026" threads="0" lastid="0000000001F63A00" lastname="main" />
</exclusive-start>
<allocation-taxation id="54" taxation-threshold="2097152" timestamp="2019-08-02T20:24:35.008" intervalms="3242.310" />
<gc-start id="55" type="global mark phase" contextid="30" timestamp="2019-08-02T20:24:35.008">
  <mem-info id="56" free="2097152" total="7340032" percent="28">
    <remembered-set count="3584" freebytes="320512" totalbytes="334848" percent="95" regionsoverflowed="0" regionsstable="0" regionsrebuilding="0"/>
  </mem-info>
</gc-start>
<gc-op id="57" type="mark increment" timems="6.021" contextid="30" timestamp="2019-08-02T20:24:35.014">
  <trace-info objectcount="22555" scancount="18245" scanbytes="621392" />
  <cardclean-info objects="1000" bytes="45036" />
  <finalization candidates="62" enqueued="0" />
  <ownableSynchronizers candidates="17" cleared="0" />
  <references type="soft" candidates="584" cleared="0" enqueued="0" dynamicThreshold="18" maxThreshold="32" />
  <references type="weak" candidates="1415" cleared="6" enqueued="6" />
  <references type="phantom" candidates="96" cleared="2" enqueued="2" />
  <stringconstants candidates="4893" cleared="0"  />
</gc-op>
<gc-op id="58" type="classunload" timems="0.003" contextid="30" timestamp="2019-08-02T20:24:35.015">
  <classunload-info classloadercandidates="10" classloadersunloaded="0" classesunloaded="0" anonymousclassesunloaded="0" quiescems="0.000" setupms="0.003" scanms="0.000" postms="0.000" />
</gc-op>
<gc-end id="59" type="global mark phase" contextid="30" durationms="6.470" usertimems="12.000" systemtimems="0.000" timestamp="2019-08-02T20:24:35.015" activeThreads="8">
  <mem-info id="60" free="2097152" total="7340032" percent="28">
    <pending-finalizers system="0" default="0" reference="8" classloader="0" />
    <remembered-set count="3584" freebytes="320512" totalbytes="334848" percent="95" regionsoverflowed="0" regionsstable="0" regionsrebuilding="0"/>
  </mem-info>
</gc-end>
<cycle-end id="61" type="global mark phase" contextid="30" timestamp="2019-08-02T20:24:35.015" />
  <attribute name="elasticGC enabled" value="1" />
  <attribute name= "numThreadsSpecified" value="0" />
  <attribute name="heapSize specified" value="0" />
  <attribute name= "numCores" value="8" />
  <attribute name ="GC Interval" value="0" />
  <attribute name ="Control flow" value="2" />
  <attribute name="GC Util Range Max" value="149" />
  <attribute name="Current GC Util" value="204" />
  <attribute name= "Current Time Running" value="4127" />
<exclusive-end id="62" timestamp="2019-08-02T20:24:35.015" durationms="6.955" />

<exclusive-start id="63" timestamp="2019-08-02T20:24:35.066" intervalms="58.147">
  <response-info timems="0.042" idlems="0.042" threads="0" lastid="0000000001F63A00" lastname="main" />
</exclusive-start>
<allocation-taxation id="64" taxation-threshold="2097152" timestamp="2019-08-02T20:24:35.066" intervalms="58.168" />
<cycle-start id="65" type="partial gc" contextid="0" timestamp="2019-08-02T20:24:35.066" intervalms="3300.466" />
<gc-start id="66" type="partial gc" contextid="65" timestamp="2019-08-02T20:24:35.067">
  <mem-info id="67" free="0" total="7340032" percent="0">
    <mem type="eden" free="0" total="4194304" percent="0" />
    <remembered-set count="3584" freebytes="320512" totalbytes="334848" percent="95" regionsoverflowed="0" regionsstable="0" regionsrebuilding="0"/>
  </mem-info>
</gc-start>
<allocation-stats totalBytes="4163160" >
  <allocated-bytes non-tlh="78416" tlh="4084744" arrayletleaf="0"/>
  <largest-consumer threadName="main" threadId="0000000001F63A00" bytes="2070752" />
</allocation-stats>
<gc-op id="68" type="sweep" timems="1.693" contextid="65" timestamp="2019-08-02T20:24:35.069" />
<gc-op id="69" type="mark" timems="7.029" contextid="65" timestamp="2019-08-02T20:24:35.076">
  <trace-info objectcount="22582" scancount="18088" scanbytes="604240" />
  <cardclean-info objects="652" bytes="34192" />
  <remembered-set-cleared processed="1601" cleared="1477" durationms="0.059" />
  <finalization candidates="43" enqueued="0" />
  <ownableSynchronizers candidates="1" cleared="0" />
  <references type="soft" candidates="562" cleared="0" enqueued="0" dynamicThreshold="9" maxThreshold="32" />
  <references type="weak" candidates="1216" cleared="24" enqueued="24" />
  <references type="phantom" candidates="10" cleared="1" enqueued="1" />
  <stringconstants candidates="5080" cleared="0"  />
  <warning details="Mark invoked due to insufficient free space for Copy-Forward" />
</gc-op>
<gc-op id="70" type="classunload" timems="0.003" contextid="65" timestamp="2019-08-02T20:24:35.077">
  <classunload-info classloadercandidates="10" classloadersunloaded="0" classesunloaded="0" anonymousclassesunloaded="0" quiescems="0.000" setupms="0.003" scanms="0.000" postms="0.000" />
</gc-op>
<gc-op id="71" type="sweep" timems="0.942" contextid="65" timestamp="2019-08-02T20:24:35.078" />
<gc-op id="72" type="compact" timems="3.619" contextid="65" timestamp="2019-08-02T20:24:35.082">
  <compact-info movecount="22565" movebytes="877120" />
  <remembered-set-cleared processed="7220" cleared="6965" durationms="0.077" />
</gc-op>
<heap-resize id="73" type="expand" space="default" amount="1048576" count="1" timems="0.052" reason="insufficient free space following gc" timestamp="2019-08-02T20:24:35.082" />
<gc-end id="74" type="partial gc" contextid="65" durationms="15.390" usertimems="28.000" systemtimems="0.000" timestamp="2019-08-02T20:24:35.082" activeThreads="8">
  <mem-info id="75" free="4194304" total="8388608" percent="50">
    <mem type="eden" free="792656" total="1048576" percent="75" />
    <pending-finalizers system="0" default="0" reference="25" classloader="0" />
    <remembered-set count="4800" freebytes="315648" totalbytes="334848" percent="94" regionsoverflowed="0" regionsstable="0" regionsrebuilding="0"/>
  </mem-info>
</gc-end>
<cycle-end id="76" type="partial gc" contextid="65" timestamp="2019-08-02T20:24:35.082" />
  <attribute name="elasticGC enabled" value="1" />
  <attribute name= "numThreadsSpecified" value="0" />
  <attribute name="heapSize specified" value="0" />
  <attribute name= "numCores" value="8" />
  <attribute name ="GC Interval" value="0" />
  <attribute name ="Control flow" value="2" />
  <attribute name="GC Util Range Max" value="149" />
  <attribute name="Current GC Util" value="132" />
  <attribute name= "Current Time Running" value="4194" />
<exclusive-end id="77" timestamp="2019-08-02T20:24:35.082" durationms="16.116" />

<exclusive-start id="78" timestamp="2019-08-02T20:24:35.150" intervalms="83.264">
  <response-info timems="0.085" idlems="0.085" threads="0" lastid="0000000001F63A00" lastname="main" />
</exclusive-start>
<allocation-taxation id="79" taxation-threshold="2097152" timestamp="2019-08-02T20:24:35.150" intervalms="83.245" />
<cycle-start id="80" type="global mark phase" contextid="0" timestamp="2019-08-02T20:24:35.150" intervalms="3478.568" />
<gc-start id="81" type="global mark phase" contextid="80" timestamp="2019-08-02T20:24:35.150">
  <mem-info id="82" free="2097152" total="8388608" percent="25">
    <remembered-set count="4800" freebytes="315648" totalbytes="334848" percent="94" regionsoverflowed="0" regionsstable="0" regionsrebuilding="0"/>
  </mem-info>
</gc-start>
<gc-op id="83" type="mark increment" timems="1.413" contextid="80" timestamp="2019-08-02T20:24:35.151">
  <trace-info objectcount="139" scancount="0" scanbytes="0" />
</gc-op>
<gc-end id="84" type="global mark phase" contextid="80" durationms="1.543" usertimems="0.000" systemtimems="0.000" timestamp="2019-08-02T20:24:35.151" activeThreads="8">
  <mem-info id="85" free="2097152" total="8388608" percent="25">
    <remembered-set count="4800" freebytes="315648" totalbytes="334848" percent="94" regionsoverflowed="0" regionsstable="0" regionsrebuilding="0"/>
  </mem-info>
</gc-end>
<concurrent-start id="86" type="GMP work packet processing" contextid="80" timestamp="2019-08-02T20:24:35.151">
  <concurrent-mark-start scanTarget="18446744073709551615" />
</concurrent-start>
<exclusive-end id="87" timestamp="2019-08-02T20:24:35.151" durationms="1.945" />

<concurrent-end id="88" type="GMP work packet processing" contextid="80" timestamp="2019-08-02T20:24:35.155">
  <concurrent-mark-end bytesScanned="1168848" reasonForTermination="Completed all work in GC phase" />
</concurrent-end>

<exclusive-start id="89" timestamp="2019-08-02T20:24:35.208" intervalms="58.673">
  <response-info timems="0.037" idlems="0.037" threads="0" lastid="00000000026D9C00" lastname="process reaper" />
</exclusive-start>
<allocation-taxation id="90" taxation-threshold="2097152" timestamp="2019-08-02T20:24:35.208" intervalms="58.730" />
<cycle-start id="91" type="partial gc" contextid="0" timestamp="2019-08-02T20:24:35.208" intervalms="142.016" />
<gc-start id="92" type="partial gc" contextid="91" timestamp="2019-08-02T20:24:35.209">
  <mem-info id="93" free="0" total="8388608" percent="0">
    <mem type="eden" free="0" total="4194304" percent="0" />
    <remembered-set count="4800" freebytes="315648" totalbytes="334848" percent="94" regionsoverflowed="0" regionsstable="0" regionsrebuilding="0"/>
  </mem-info>
</gc-start>
<allocation-stats totalBytes="4191496" >
  <allocated-bytes non-tlh="122952" tlh="4068544" arrayletleaf="0"/>
  <largest-consumer threadName="main" threadId="0000000001F63A00" bytes="2096624" />
</allocation-stats>
<gc-op id="94" type="mark" timems="1.856" contextid="91" timestamp="2019-08-02T20:24:35.211">
  <trace-info objectcount="15433" scancount="13304" scanbytes="482720" />
  <cardclean-info objects="1699" bytes="77760" />
  <remembered-set-cleared processed="2468" cleared="1086" durationms="0.057" />
  <finalization candidates="12" enqueued="0" />
  <ownableSynchronizers candidates="3" cleared="0" />
  <references type="soft" candidates="441" cleared="0" enqueued="0" dynamicThreshold="8" maxThreshold="32" />
  <references type="weak" candidates="2016" cleared="434" enqueued="286" />
  <references type="phantom" candidates="3" cleared="1" enqueued="1" />
  <stringconstants candidates="6040" cleared="0"  />
  <warning details="Mark invoked due to insufficient free space for Copy-Forward" />
</gc-op>
<gc-op id="95" type="classunload" timems="0.002" contextid="91" timestamp="2019-08-02T20:24:35.211">
  <classunload-info classloadercandidates="11" classloadersunloaded="0" classesunloaded="0" anonymousclassesunloaded="0" quiescems="0.000" setupms="0.002" scanms="0.000" postms="0.000" />
</gc-op>
<gc-op id="96" type="sweep" timems="0.389" contextid="91" timestamp="2019-08-02T20:24:35.212" />
<gc-op id="97" type="compact" timems="3.077" contextid="91" timestamp="2019-08-02T20:24:35.215">
  <compact-info movecount="14434" movebytes="663744" />
  <remembered-set-cleared processed="12110" cleared="9286" durationms="0.086" />
</gc-op>
<heap-resize id="98" type="expand" space="default" amount="1048576" count="1" timems="0.057" reason="insufficient free space following gc" timestamp="2019-08-02T20:24:35.215" />
<gc-end id="99" type="partial gc" contextid="91" durationms="6.651" usertimems="20.000" systemtimems="0.000" timestamp="2019-08-02T20:24:35.215" activeThreads="8">
  <mem-info id="100" free="4194304" total="9437184" percent="44">
    <mem type="eden" free="591912" total="1048576" percent="56" />
    <pending-finalizers system="0" default="0" reference="287" classloader="0" />
    <remembered-set count="5376" freebytes="355200" totalbytes="376704" percent="94" regionsoverflowed="0" regionsstable="0" regionsrebuilding="0"/>
  </mem-info>
</gc-end>
<cycle-end id="101" type="partial gc" contextid="91" timestamp="2019-08-02T20:24:35.216" />
  <attribute name="elasticGC enabled" value="1" />
  <attribute name= "numThreadsSpecified" value="0" />
  <attribute name="heapSize specified" value="0" />
  <attribute name= "numCores" value="8" />
  <attribute name ="GC Interval" value="0" />
  <attribute name ="Control flow" value="2" />
  <attribute name="GC Util Range Max" value="149" />
  <attribute name="Current GC Util" value="57" />
  <attribute name= "Current Time Running" value="4328" />
<exclusive-end id="102" timestamp="2019-08-02T20:24:35.216" durationms="7.497" />

<exclusive-start id="103" timestamp="2019-08-02T20:24:35.265" intervalms="57.102">
  <response-info timems="0.030" idlems="0.030" threads="0" lastid="0000000001F63A00" lastname="main" />
</exclusive-start>
<allocation-taxation id="104" taxation-threshold="2097152" timestamp="2019-08-02T20:24:35.265" intervalms="57.106" />
<gc-start id="105" type="global mark phase" contextid="80" timestamp="2019-08-02T20:24:35.266">
  <mem-info id="106" free="2097152" total="9437184" percent="22">
    <remembered-set count="5376" freebytes="355200" totalbytes="376704" percent="94" regionsoverflowed="0" regionsstable="0" regionsrebuilding="0"/>
  </mem-info>
</gc-start>
<gc-op id="107" type="mark increment" timems="1.817" contextid="80" timestamp="2019-08-02T20:24:35.267">
  <trace-info objectcount="17981" scancount="15530" scanbytes="566520" />
  <cardclean-info objects="2330" bytes="102860" />
  <finalization candidates="80" enqueued="0" />
  <ownableSynchronizers candidates="21" cleared="0" />
  <references type="soft" candidates="968" cleared="0" enqueued="0" dynamicThreshold="14" maxThreshold="32" />
  <references type="weak" candidates="3192" cleared="231" enqueued="158" />
  <references type="phantom" candidates="104" cleared="3" enqueued="3" />
  <stringconstants candidates="6222" cleared="0"  />
</gc-op>
<gc-op id="108" type="classunload" timems="0.005" contextid="80" timestamp="2019-08-02T20:24:35.268">
  <classunload-info classloadercandidates="11" classloadersunloaded="0" classesunloaded="0" anonymousclassesunloaded="0" quiescems="0.000" setupms="0.005" scanms="0.000" postms="0.000" />
</gc-op>
<gc-end id="109" type="global mark phase" contextid="80" durationms="2.118" usertimems="4.000" systemtimems="0.000" timestamp="2019-08-02T20:24:35.268" activeThreads="8">
  <mem-info id="110" free="2097152" total="9437184" percent="22">
    <pending-finalizers system="0" default="0" reference="161" classloader="0" />
    <remembered-set count="5376" freebytes="355200" totalbytes="376704" percent="94" regionsoverflowed="0" regionsstable="0" regionsrebuilding="0"/>
  </mem-info>
</gc-end>
<cycle-end id="111" type="global mark phase" contextid="80" timestamp="2019-08-02T20:24:35.268" />
  <attribute name="elasticGC enabled" value="1" />
  <attribute name= "numThreadsSpecified" value="0" />
  <attribute name="heapSize specified" value="0" />
  <attribute name= "numCores" value="8" />
  <attribute name ="GC Interval" value="0" />
  <attribute name ="Control flow" value="2" />
  <attribute name="GC Util Range Max" value="149" />
  <attribute name="Current GC Util" value="252" />
  <attribute name= "Current Time Running" value="4383" />
<exclusive-end id="112" timestamp="2019-08-02T20:24:35.268" durationms="2.551" />

<exclusive-start id="113" timestamp="2019-08-02T20:24:35.291" intervalms="25.788">
  <response-info timems="0.056" idlems="0.056" threads="0" lastid="0000000001F63A00" lastname="main" />
</exclusive-start>
<allocation-taxation id="114" taxation-threshold="2097152" timestamp="2019-08-02T20:24:35.291" intervalms="25.745" />
<cycle-start id="115" type="partial gc" contextid="0" timestamp="2019-08-02T20:24:35.291" intervalms="82.864" />
<gc-start id="116" type="partial gc" contextid="115" timestamp="2019-08-02T20:24:35.292">
  <mem-info id="117" free="0" total="9437184" percent="0">
    <mem type="eden" free="324120" total="4194304" percent="7" />
    <remembered-set count="5376" freebytes="355200" totalbytes="376704" percent="94" regionsoverflowed="0" regionsstable="0" regionsrebuilding="0"/>
  </mem-info>
</gc-start>
<allocation-stats totalBytes="3839968" >
  <allocated-bytes non-tlh="1151304" tlh="2688664" arrayletleaf="0"/>
  <largest-consumer threadName="main" threadId="0000000001F63A00" bytes="1762872" />
</allocation-stats>
<gc-op id="118" type="sweep" timems="0.402" contextid="115" timestamp="2019-08-02T20:24:35.292" />
<gc-op id="119" type="mark" timems="1.497" contextid="115" timestamp="2019-08-02T20:24:35.294">
  <trace-info objectcount="13430" scancount="11373" scanbytes="423496" />
  <cardclean-info objects="1190" bytes="66316" />
  <remembered-set-cleared processed="4076" cleared="1817" durationms="0.077" />
  <finalization candidates="15" enqueued="0" />
  <ownableSynchronizers candidates="4" cleared="0" />
  <references type="soft" candidates="339" cleared="0" enqueued="0" dynamicThreshold="7" maxThreshold="32" />
  <references type="weak" candidates="1529" cleared="1" enqueued="1" />
  <references type="phantom" candidates="7" cleared="0" enqueued="0" />
  <stringconstants candidates="6418" cleared="0"  />
  <warning details="Mark invoked due to insufficient free space for Copy-Forward" />
</gc-op>
<gc-op id="120" type="classunload" timems="0.002" contextid="115" timestamp="2019-08-02T20:24:35.294">
  <classunload-info classloadercandidates="11" classloadersunloaded="0" classesunloaded="0" anonymousclassesunloaded="0" quiescems="0.000" setupms="0.002" scanms="0.000" postms="0.000" />
</gc-op>
<gc-op id="121" type="sweep" timems="0.351" contextid="115" timestamp="2019-08-02T20:24:35.295" />
<gc-op id="122" type="compact" timems="2.141" contextid="115" timestamp="2019-08-02T20:24:35.297">
  <compact-info movecount="11977" movebytes="1381344" />
  <remembered-set-cleared processed="12598" cleared="8066" durationms="0.079" />
</gc-op>
<heap-resize id="123" type="expand" space="default" amount="4194304" count="1" timems="0.074" reason="insufficient free space following gc" timestamp="2019-08-02T20:24:35.297" />
<gc-end id="124" type="partial gc" contextid="115" durationms="5.771" usertimems="12.000" systemtimems="0.000" timestamp="2019-08-02T20:24:35.297" activeThreads="8">
  <mem-info id="125" free="6291456" total="13631488" percent="46">
    <mem type="eden" free="787448" total="2097152" percent="37" />
    <pending-finalizers system="0" default="0" reference="1" classloader="0" />
    <remembered-set count="7776" freebytes="513024" totalbytes="544128" percent="94" regionsoverflowed="0" regionsstable="0" regionsrebuilding="0"/>
  </mem-info>
</gc-end>
<cycle-end id="126" type="partial gc" contextid="115" timestamp="2019-08-02T20:24:35.297" />
  <attribute name="elasticGC enabled" value="1" />
  <attribute name= "numThreadsSpecified" value="0" />
  <attribute name="heapSize specified" value="0" />
  <attribute name= "numCores" value="8" />
  <attribute name ="GC Interval" value="0" />
  <attribute name ="Control flow" value="2" />
  <attribute name="GC Util Range Max" value="149" />
  <attribute name="Current GC Util" value="70" />
  <attribute name= "Current Time Running" value="4411" />
<exclusive-end id="127" timestamp="2019-08-02T20:24:35.298" durationms="6.479" />

<exclusive-start id="128" timestamp="2019-08-02T20:24:35.390" intervalms="98.489">
  <response-info timems="0.036" idlems="0.036" threads="0" lastid="0000000001F63A00" lastname="main" />
</exclusive-start>
<allocation-taxation id="129" taxation-threshold="3145728" timestamp="2019-08-02T20:24:35.390" intervalms="98.503" />
<cycle-start id="130" type="global mark phase" contextid="0" timestamp="2019-08-02T20:24:35.390" intervalms="240.129" />
<gc-start id="131" type="global mark phase" contextid="130" timestamp="2019-08-02T20:24:35.390">
  <mem-info id="132" free="3145728" total="13631488" percent="23">
    <remembered-set count="7552" freebytes="513920" totalbytes="544128" percent="94" regionsoverflowed="0" regionsstable="0" regionsrebuilding="0"/>
  </mem-info>
</gc-start>
<gc-op id="133" type="mark increment" timems="0.524" contextid="130" timestamp="2019-08-02T20:24:35.390">
  <trace-info objectcount="178" scancount="0" scanbytes="0" />
</gc-op>
<gc-end id="134" type="global mark phase" contextid="130" durationms="0.626" usertimems="0.000" systemtimems="4.000" timestamp="2019-08-02T20:24:35.390" activeThreads="8">
  <mem-info id="135" free="3145728" total="13631488" percent="23">
    <remembered-set count="7552" freebytes="513920" totalbytes="544128" percent="94" regionsoverflowed="0" regionsstable="0" regionsrebuilding="0"/>
  </mem-info>
</gc-end>
<concurrent-start id="136" type="GMP work packet processing" contextid="130" timestamp="2019-08-02T20:24:35.391">
  <concurrent-mark-start scanTarget="18446744073709551615" />
</concurrent-start>
<exclusive-end id="137" timestamp="2019-08-02T20:24:35.391" durationms="1.058" />

<concurrent-end id="138" type="GMP work packet processing" contextid="130" timestamp="2019-08-02T20:24:35.392">
  <concurrent-mark-end bytesScanned="1733608" reasonForTermination="Completed all work in GC phase" />
</concurrent-end>

<exclusive-start id="139" timestamp="2019-08-02T20:24:35.461" intervalms="71.325">
  <response-info timems="0.076" idlems="0.076" threads="0" lastid="0000000001F63A00" lastname="main" />
</exclusive-start>
<allocation-taxation id="140" taxation-threshold="3145728" timestamp="2019-08-02T20:24:35.461" intervalms="71.373" />
<cycle-start id="141" type="partial gc" contextid="0" timestamp="2019-08-02T20:24:35.461" intervalms="169.867" />
<gc-start id="142" type="partial gc" contextid="141" timestamp="2019-08-02T20:24:35.462">
  <mem-info id="143" free="0" total="13631488" percent="0">
    <mem type="eden" free="0" total="6291456" percent="0" />
    <remembered-set count="7552" freebytes="513920" totalbytes="544128" percent="94" regionsoverflowed="0" regionsstable="0" regionsrebuilding="0"/>
  </mem-info>
</gc-start>
<allocation-stats totalBytes="6260200" >
  <allocated-bytes non-tlh="353192" tlh="5907008" arrayletleaf="0"/>
  <largest-consumer threadName="main" threadId="0000000001F63A00" bytes="3141880" />
</allocation-stats>
<gc-op id="144" type="mark" timems="1.791" contextid="141" timestamp="2019-08-02T20:24:35.464">
  <trace-info objectcount="13262" scancount="10361" scanbytes="431692" />
  <cardclean-info objects="1107" bytes="64828" />
  <remembered-set-cleared processed="4624" cleared="761" durationms="0.073" />
  <finalization candidates="6" enqueued="0" />
  <ownableSynchronizers candidates="1" cleared="0" />
  <references type="soft" candidates="160" cleared="0" enqueued="0" dynamicThreshold="7" maxThreshold="32" />
  <references type="weak" candidates="686" cleared="2" enqueued="2" />
  <references type="phantom" candidates="5" cleared="0" enqueued="0" />
  <stringconstants candidates="7187" cleared="0"  />
  <warning details="Mark invoked due to insufficient free space for Copy-Forward" />
</gc-op>
<gc-op id="145" type="classunload" timems="0.003" contextid="141" timestamp="2019-08-02T20:24:35.464">
  <classunload-info classloadercandidates="11" classloadersunloaded="0" classesunloaded="0" anonymousclassesunloaded="0" quiescems="0.000" setupms="0.003" scanms="0.000" postms="0.000" />
</gc-op>
<gc-op id="146" type="sweep" timems="0.346" contextid="141" timestamp="2019-08-02T20:24:35.464" />
<gc-op id="147" type="compact" timems="1.898" contextid="141" timestamp="2019-08-02T20:24:35.467">
  <compact-info movecount="13200" movebytes="1121264" />
  <remembered-set-cleared processed="12591" cleared="4819" durationms="0.073" />
</gc-op>
<gc-end id="148" type="partial gc" contextid="141" durationms="5.296" usertimems="12.000" systemtimems="0.000" timestamp="2019-08-02T20:24:35.467" activeThreads="8">
  <mem-info id="149" free="6291456" total="13631488" percent="46">
    <mem type="eden" free="623280" total="1048576" percent="59" />
    <pending-finalizers system="0" default="0" reference="2" classloader="0" />
    <remembered-set count="9152" freebytes="507520" totalbytes="544128" percent="93" regionsoverflowed="0" regionsstable="0" regionsrebuilding="0"/>
  </mem-info>
</gc-end>
<cycle-end id="150" type="partial gc" contextid="141" timestamp="2019-08-02T20:24:35.467" />
  <attribute name="elasticGC enabled" value="1" />
  <attribute name= "numThreadsSpecified" value="0" />
  <attribute name="heapSize specified" value="0" />
  <attribute name= "numCores" value="8" />
  <attribute name ="GC Interval" value="0" />
  <attribute name ="Control flow" value="2" />
  <attribute name="GC Util Range Max" value="149" />
  <attribute name="Current GC Util" value="63" />
  <attribute name= "Current Time Running" value="4581" />
<exclusive-end id="151" timestamp="2019-08-02T20:24:35.467" durationms="6.241" />

<exclusive-start id="152" timestamp="2019-08-02T20:24:35.536" intervalms="75.606">
  <response-info timems="0.034" idlems="0.034" threads="0" lastid="0000000001F63A00" lastname="main" />
</exclusive-start>
<allocation-taxation id="153" taxation-threshold="3145728" timestamp="2019-08-02T20:24:35.537" intervalms="75.578" />
<gc-start id="154" type="global mark phase" contextid="130" timestamp="2019-08-02T20:24:35.537">
  <mem-info id="155" free="3145728" total="13631488" percent="23">
    <remembered-set count="9024" freebytes="508032" totalbytes="544128" percent="93" regionsoverflowed="0" regionsstable="0" regionsrebuilding="0"/>
  </mem-info>
</gc-start>
<gc-op id="156" type="mark increment" timems="1.984" contextid="130" timestamp="2019-08-02T20:24:35.539">
  <trace-info objectcount="16609" scancount="13309" scanbytes="541036" />
  <cardclean-info objects="1831" bytes="94068" />
  <finalization candidates="80" enqueued="0" />
  <ownableSynchronizers candidates="21" cleared="0" />
  <references type="soft" candidates="1022" cleared="0" enqueued="0" dynamicThreshold="14" maxThreshold="32" />
  <references type="weak" candidates="3699" cleared="0" enqueued="0" />
  <references type="phantom" candidates="101" cleared="0" enqueued="0" />
  <stringconstants candidates="7387" cleared="0"  />
</gc-op>
<gc-op id="157" type="classunload" timems="0.005" contextid="130" timestamp="2019-08-02T20:24:35.539">
  <classunload-info classloadercandidates="11" classloadersunloaded="0" classesunloaded="0" anonymousclassesunloaded="0" quiescems="0.000" setupms="0.005" scanms="0.000" postms="0.000" />
</gc-op>
<gc-end id="158" type="global mark phase" contextid="130" durationms="2.305" usertimems="4.000" systemtimems="0.000" timestamp="2019-08-02T20:24:35.539" activeThreads="8">
  <mem-info id="159" free="3145728" total="13631488" percent="23">
    <remembered-set count="9024" freebytes="508032" totalbytes="544128" percent="93" regionsoverflowed="0" regionsstable="0" regionsrebuilding="0"/>
  </mem-info>
</gc-end>
<cycle-end id="160" type="global mark phase" contextid="130" timestamp="2019-08-02T20:24:35.539" />
  <attribute name="elasticGC enabled" value="1" />
  <attribute name= "numThreadsSpecified" value="0" />
  <attribute name="heapSize specified" value="0" />
  <attribute name= "numCores" value="8" />
  <attribute name ="GC Interval" value="0" />
  <attribute name ="Control flow" value="2" />
  <attribute name="GC Util Range Max" value="149" />
  <attribute name="Current GC Util" value="214" />
  <attribute name= "Current Time Running" value="4654" />
<exclusive-end id="161" timestamp="2019-08-02T20:24:35.539" durationms="2.782" />

<exclusive-start id="162" timestamp="2019-08-02T20:24:35.584" intervalms="47.351">
  <response-info timems="0.058" idlems="0.058" threads="0" lastid="0000000001F63A00" lastname="main" />
</exclusive-start>
<allocation-taxation id="163" taxation-threshold="3145728" timestamp="2019-08-02T20:24:35.584" intervalms="47.321" />
<cycle-start id="164" type="partial gc" contextid="0" timestamp="2019-08-02T20:24:35.584" intervalms="122.888" />
<gc-start id="165" type="partial gc" contextid="164" timestamp="2019-08-02T20:24:35.584">
  <mem-info id="166" free="0" total="13631488" percent="0">
    <mem type="eden" free="623280" total="7340032" percent="8" />
    <remembered-set count="9024" freebytes="508032" totalbytes="544128" percent="93" regionsoverflowed="0" regionsstable="0" regionsrebuilding="0"/>
  </mem-info>
</gc-start>
<allocation-stats totalBytes="6288696" >
  <allocated-bytes non-tlh="46152" tlh="6242544" arrayletleaf="0"/>
  <largest-consumer threadName="main" threadId="0000000001F63A00" bytes="3144824" />
</allocation-stats>
<gc-op id="167" type="sweep" timems="0.484" contextid="164" timestamp="2019-08-02T20:24:35.585" />
<gc-op id="168" type="mark" timems="1.729" contextid="164" timestamp="2019-08-02T20:24:35.587">
  <trace-info objectcount="17216" scancount="14226" scanbytes="575020" />
  <cardclean-info objects="551" bytes="25636" />
  <remembered-set-cleared processed="5935" cleared="1376" durationms="0.075" />
  <references type="soft" candidates="54" cleared="0" enqueued="0" dynamicThreshold="7" maxThreshold="32" />
  <references type="weak" candidates="828" cleared="0" enqueued="0" />
  <stringconstants candidates="7454" cleared="0"  />
  <warning details="Mark invoked due to insufficient free space for Copy-Forward" />
</gc-op>
<gc-op id="169" type="classunload" timems="0.003" contextid="164" timestamp="2019-08-02T20:24:35.587">
  <classunload-info classloadercandidates="11" classloadersunloaded="0" classesunloaded="0" anonymousclassesunloaded="0" quiescems="0.000" setupms="0.003" scanms="0.000" postms="0.000" />
</gc-op>
<gc-op id="170" type="sweep" timems="0.380" contextid="164" timestamp="2019-08-02T20:24:35.588" />
<gc-op id="171" type="compact" timems="2.635" contextid="164" timestamp="2019-08-02T20:24:35.591">
  <compact-info movecount="16725" movebytes="692992" />
  <remembered-set-cleared processed="15438" cleared="6310" durationms="0.083" />
</gc-op>
<gc-end id="172" type="partial gc" contextid="164" durationms="6.621" usertimems="12.000" systemtimems="0.000" timestamp="2019-08-02T20:24:35.591" activeThreads="8">
  <mem-info id="173" free="5242880" total="13631488" percent="38">
    <mem type="eden" free="1383128" total="2097152" percent="65" />
    <remembered-set count="9920" freebytes="504448" totalbytes="544128" percent="92" regionsoverflowed="0" regionsstable="0" regionsrebuilding="0"/>
  </mem-info>
</gc-end>
<cycle-end id="174" type="partial gc" contextid="164" timestamp="2019-08-02T20:24:35.591" />
  <attribute name="elasticGC enabled" value="1" />
  <attribute name= "numThreadsSpecified" value="0" />
  <attribute name="heapSize specified" value="0" />
  <attribute name= "numCores" value="8" />
  <attribute name ="GC Interval" value="0" />
  <attribute name ="Control flow" value="2" />
  <attribute name="GC Util Range Max" value="149" />
  <attribute name="Current GC Util" value="66" />
  <attribute name= "Current Time Running" value="4705" />
<exclusive-end id="175" timestamp="2019-08-02T20:24:35.591" durationms="7.611" />

<exclusive-start id="176" timestamp="2019-08-02T20:24:35.665" intervalms="80.925">
  <response-info timems="0.055" idlems="0.055" threads="0" lastid="0000000001F63A00" lastname="main" />
</exclusive-start>
<allocation-taxation id="177" taxation-threshold="5242880" timestamp="2019-08-02T20:24:35.665" intervalms="80.966" />
<cycle-start id="178" type="partial gc" contextid="0" timestamp="2019-08-02T20:24:35.665" intervalms="81.046" />
<gc-start id="179" type="partial gc" contextid="178" timestamp="2019-08-02T20:24:35.665">
  <mem-info id="180" free="0" total="13631488" percent="0">
    <mem type="eden" free="752896" total="6291456" percent="11" />
    <remembered-set count="9760" freebytes="505088" totalbytes="544128" percent="92" regionsoverflowed="0" regionsstable="0" regionsrebuilding="0"/>
  </mem-info>
</gc-start>
<allocation-stats totalBytes="5241832" >
  <allocated-bytes non-tlh="50328" tlh="5191504" arrayletleaf="0"/>
  <largest-consumer threadName="main" threadId="0000000001F63A00" bytes="5241832" />
</allocation-stats>
<gc-op id="181" type="mark" timems="1.839" contextid="178" timestamp="2019-08-02T20:24:35.668">
  <trace-info objectcount="15780" scancount="13377" scanbytes="528640" />
  <cardclean-info objects="3280" bytes="168292" />
  <remembered-set-cleared processed="7299" cleared="1829" durationms="0.076" />
  <references type="soft" candidates="2" cleared="0" enqueued="0" dynamicThreshold="12" maxThreshold="32" />
  <references type="weak" candidates="511" cleared="5" enqueued="5" />
  <stringconstants candidates="7637" cleared="0"  />
  <warning details="Mark invoked due to insufficient free space for Copy-Forward" />
</gc-op>
<gc-op id="182" type="classunload" timems="0.003" contextid="178" timestamp="2019-08-02T20:24:35.668">
  <classunload-info classloadercandidates="11" classloadersunloaded="0" classesunloaded="0" anonymousclassesunloaded="0" quiescems="0.000" setupms="0.002" scanms="0.000" postms="0.000" />
</gc-op>
<gc-op id="183" type="sweep" timems="0.359" contextid="178" timestamp="2019-08-02T20:24:35.668" />
<gc-op id="184" type="compact" timems="2.136" contextid="178" timestamp="2019-08-02T20:24:35.671">
  <compact-info movecount="15743" movebytes="667656" />
  <remembered-set-cleared processed="18143" cleared="7176" durationms="0.079" />
</gc-op>
<heap-resize id="185" type="expand" space="default" amount="2097152" count="1" timems="0.064" reason="insufficient free space following gc" timestamp="2019-08-02T20:24:35.671" />
<gc-end id="186" type="partial gc" contextid="178" durationms="5.853" usertimems="12.000" systemtimems="0.000" timestamp="2019-08-02T20:24:35.671" activeThreads="8">
  <mem-info id="187" free="6291456" total="15728640" percent="40">
    <mem type="eden" free="1428112" total="2097152" percent="68" />
    <pending-finalizers system="0" default="0" reference="5" classloader="0" />
    <remembered-set count="11488" freebytes="581888" totalbytes="627840" percent="92" regionsoverflowed="0" regionsstable="0" regionsrebuilding="0"/>
  </mem-info>
</gc-end>
<cycle-end id="188" type="partial gc" contextid="178" timestamp="2019-08-02T20:24:35.671" />
  <attribute name="elasticGC enabled" value="1" />
  <attribute name= "numThreadsSpecified" value="0" />
  <attribute name="heapSize specified" value="0" />
  <attribute name= "numCores" value="8" />
  <attribute name ="GC Interval" value="0" />
  <attribute name ="Control flow" value="2" />
  <attribute name="GC Util Range Max" value="149" />
  <attribute name="Current GC Util" value="80" />
  <attribute name= "Current Time Running" value="4785" />
<exclusive-end id="189" timestamp="2019-08-02T20:24:35.672" durationms="6.856" />

<exclusive-start id="190" timestamp="2019-08-02T20:24:35.753" intervalms="88.221">
  <response-info timems="0.040" idlems="0.040" threads="0" lastid="0000000001F63A00" lastname="main" />
</exclusive-start>
<allocation-taxation id="191" taxation-threshold="6291456" timestamp="2019-08-02T20:24:35.753" intervalms="88.187" />
<cycle-start id="192" type="partial gc" contextid="0" timestamp="2019-08-02T20:24:35.753" intervalms="88.071" />
<gc-start id="193" type="partial gc" contextid="192" timestamp="2019-08-02T20:24:35.753">
  <mem-info id="194" free="0" total="15728640" percent="0">
    <mem type="eden" free="0" total="6291456" percent="0" />
    <remembered-set count="11328" freebytes="582528" totalbytes="627840" percent="92" regionsoverflowed="0" regionsstable="0" regionsrebuilding="0"/>
  </mem-info>
</gc-start>
<allocation-stats totalBytes="6289592" >
  <allocated-bytes non-tlh="226896" tlh="6062696" arrayletleaf="0"/>
  <largest-consumer threadName="main" threadId="0000000001F63A00" bytes="6289592" />
</allocation-stats>
<gc-op id="195" type="mark" timems="1.834" contextid="192" timestamp="2019-08-02T20:24:35.756">
  <trace-info objectcount="14923" scancount="13311" scanbytes="576348" />
  <cardclean-info objects="1799" bytes="96756" />
  <remembered-set-cleared processed="8437" cleared="1447" durationms="0.091" />
  <references type="soft" candidates="73" cleared="0" enqueued="0" dynamicThreshold="12" maxThreshold="32" />
  <references type="weak" candidates="202" cleared="0" enqueued="0" />
  <references type="phantom" candidates="1" cleared="0" enqueued="0" />
  <stringconstants candidates="7846" cleared="0"  />
  <warning details="Mark invoked due to insufficient free space for Copy-Forward" />
</gc-op>
<gc-op id="196" type="classunload" timems="0.003" contextid="192" timestamp="2019-08-02T20:24:35.756">
  <classunload-info classloadercandidates="12" classloadersunloaded="0" classesunloaded="0" anonymousclassesunloaded="0" quiescems="0.000" setupms="0.003" scanms="0.000" postms="0.000" />
</gc-op>
<gc-op id="197" type="sweep" timems="0.342" contextid="192" timestamp="2019-08-02T20:24:35.756" />
<gc-op id="198" type="compact" timems="1.959" contextid="192" timestamp="2019-08-02T20:24:35.759">
  <compact-info movecount="14642" movebytes="1002136" />
  <remembered-set-cleared processed="19788" cleared="5766" durationms="0.091" />
</gc-op>
<heap-resize id="199" type="expand" space="default" amount="1048576" count="1" timems="0.056" reason="insufficient free space following gc" timestamp="2019-08-02T20:24:35.759" />
<gc-end id="200" type="partial gc" contextid="192" durationms="5.388" usertimems="12.000" systemtimems="0.000" timestamp="2019-08-02T20:24:35.759" activeThreads="8">
  <mem-info id="201" free="6291456" total="16777216" percent="37">
    <mem type="eden" free="176320" total="1048576" percent="16" />
    <remembered-set count="12096" freebytes="621312" totalbytes="669696" percent="92" regionsoverflowed="0" regionsstable="0" regionsrebuilding="0"/>
  </mem-info>
</gc-end>
<cycle-end id="202" type="partial gc" contextid="192" timestamp="2019-08-02T20:24:35.759" />
  <attribute name="elasticGC enabled" value="1" />
  <attribute name= "numThreadsSpecified" value="0" />
  <attribute name="heapSize specified" value="0" />
  <attribute name= "numCores" value="8" />
  <attribute name ="GC Interval" value="0" />
  <attribute name ="Control flow" value="2" />
  <attribute name="GC Util Range Max" value="149" />
  <attribute name="Current GC Util" value="90" />
  <attribute name= "Current Time Running" value="4873" />
<exclusive-end id="203" timestamp="2019-08-02T20:24:35.759" durationms="6.128" />

<exclusive-start id="204" timestamp="2019-08-02T20:24:35.807" intervalms="54.008">
  <response-info timems="0.068" idlems="0.068" threads="0" lastid="0000000001F63A00" lastname="main" />
</exclusive-start>
<allocation-taxation id="205" taxation-threshold="6291456" timestamp="2019-08-02T20:24:35.807" intervalms="54.030" />
<cycle-start id="206" type="partial gc" contextid="0" timestamp="2019-08-02T20:24:35.807" intervalms="54.034" />
<gc-start id="207" type="partial gc" contextid="206" timestamp="2019-08-02T20:24:35.808">
  <mem-info id="208" free="0" total="16777216" percent="0">
    <mem type="eden" free="0" total="6291456" percent="0" />
    <remembered-set count="11808" freebytes="622464" totalbytes="669696" percent="92" regionsoverflowed="0" regionsstable="0" regionsrebuilding="0"/>
  </mem-info>
</gc-start>
<allocation-stats totalBytes="6290224" >
  <allocated-bytes non-tlh="2168" tlh="6288056" arrayletleaf="0"/>
  <largest-consumer threadName="main" threadId="0000000001F63A00" bytes="6290224" />
</allocation-stats>
<gc-op id="209" type="mark" timems="1.747" contextid="206" timestamp="2019-08-02T20:24:35.810">
  <trace-info objectcount="20165" scancount="17544" scanbytes="677456" />
  <cardclean-info objects="383" bytes="34236" />
  <remembered-set-cleared processed="9380" cleared="1228" durationms="0.086" />
  <references type="soft" candidates="71" cleared="0" enqueued="0" dynamicThreshold="12" maxThreshold="32" />
  <references type="weak" candidates="100" cleared="0" enqueued="0" />
  <stringconstants candidates="7862" cleared="0"  />
  <warning details="Mark invoked due to insufficient free space for Copy-Forward" />
</gc-op>
<gc-op id="210" type="classunload" timems="0.003" contextid="206" timestamp="2019-08-02T20:24:35.810">
  <classunload-info classloadercandidates="12" classloadersunloaded="0" classesunloaded="0" anonymousclassesunloaded="0" quiescems="0.000" setupms="0.003" scanms="0.000" postms="0.000" />
</gc-op>
<gc-op id="211" type="sweep" timems="0.447" contextid="206" timestamp="2019-08-02T20:24:35.810" />
<gc-op id="212" type="compact" timems="2.333" contextid="206" timestamp="2019-08-02T20:24:35.813">
  <compact-info movecount="18717" movebytes="839760" />
  <remembered-set-cleared processed="21763" cleared="5443" durationms="0.097" />
</gc-op>
<heap-resize id="213" type="expand" space="default" amount="3145728" count="1" timems="0.070" reason="insufficient free space following gc" timestamp="2019-08-02T20:24:35.813" />
<gc-end id="214" type="partial gc" contextid="206" durationms="5.869" usertimems="16.000" systemtimems="0.000" timestamp="2019-08-02T20:24:35.813" activeThreads="8">
  <mem-info id="215" free="8388608" total="19922944" percent="42">
    <mem type="eden" free="509984" total="1048576" percent="48" />
    <remembered-set count="14496" freebytes="737280" totalbytes="795264" percent="92" regionsoverflowed="0" regionsstable="0" regionsrebuilding="0"/>
  </mem-info>
</gc-end>
<cycle-end id="216" type="partial gc" contextid="206" timestamp="2019-08-02T20:24:35.814" />
  <attribute name="elasticGC enabled" value="1" />
  <attribute name= "numThreadsSpecified" value="0" />
  <attribute name="heapSize specified" value="0" />
  <attribute name= "numCores" value="8" />
  <attribute name ="GC Interval" value="0" />
  <attribute name ="Control flow" value="2" />
  <attribute name="GC Util Range Max" value="149" />
  <attribute name="Current GC Util" value="73" />
  <attribute name= "Current Time Running" value="4927" />
<exclusive-end id="217" timestamp="2019-08-02T20:24:35.814" durationms="6.714" />

<exclusive-start id="218" timestamp="2019-08-02T20:24:35.900" intervalms="93.493">
  <response-info timems="0.059" idlems="0.059" threads="0" lastid="0000000001F63A00" lastname="main" />
</exclusive-start>
<allocation-taxation id="219" taxation-threshold="8388608" timestamp="2019-08-02T20:24:35.901" intervalms="93.527" />
<cycle-start id="220" type="partial gc" contextid="0" timestamp="2019-08-02T20:24:35.901" intervalms="93.506" />
<gc-start id="221" type="partial gc" contextid="220" timestamp="2019-08-02T20:24:35.901">
  <mem-info id="222" free="0" total="19922944" percent="0">
    <mem type="eden" free="0" total="8388608" percent="0" />
    <remembered-set count="14016" freebytes="739200" totalbytes="795264" percent="92" regionsoverflowed="0" regionsstable="0" regionsrebuilding="0"/>
  </mem-info>
</gc-start>
<allocation-stats totalBytes="8385960" >
  <allocated-bytes non-tlh="259088" tlh="8126872" arrayletleaf="0"/>
  <largest-consumer threadName="main" threadId="0000000001F63A00" bytes="8385960" />
</allocation-stats>
<gc-op id="223" type="mark" timems="1.758" contextid="220" timestamp="2019-08-02T20:24:35.903">
  <trace-info objectcount="25001" scancount="22482" scanbytes="879792" />
  <cardclean-info objects="1356" bytes="80452" />
  <remembered-set-cleared processed="10932" cleared="2005" durationms="0.103" />
  <references type="soft" candidates="224" cleared="0" enqueued="0" dynamicThreshold="13" maxThreshold="32" />
  <references type="weak" candidates="424" cleared="8" enqueued="7" />
  <references type="phantom" candidates="1" cleared="0" enqueued="0" />
  <stringconstants candidates="8309" cleared="0"  />
  <warning details="Mark invoked due to insufficient free space for Copy-Forward" />
</gc-op>
<gc-op id="224" type="classunload" timems="0.003" contextid="220" timestamp="2019-08-02T20:24:35.903">
  <classunload-info classloadercandidates="14" classloadersunloaded="0" classesunloaded="0" anonymousclassesunloaded="0" quiescems="0.000" setupms="0.003" scanms="0.000" postms="0.000" />
</gc-op>
<gc-op id="225" type="sweep" timems="0.389" contextid="220" timestamp="2019-08-02T20:24:35.904" />
<gc-op id="226" type="compact" timems="2.090" contextid="220" timestamp="2019-08-02T20:24:35.906">
  <compact-info movecount="21056" movebytes="1193824" />
  <remembered-set-cleared processed="27287" cleared="9407" durationms="0.103" />
</gc-op>
<gc-end id="227" type="partial gc" contextid="220" durationms="5.488" usertimems="16.000" systemtimems="0.000" timestamp="2019-08-02T20:24:35.907" activeThreads="8">
  <mem-info id="228" free="7340032" total="19922944" percent="36">
    <mem type="eden" free="11616" total="1048576" percent="1" />
    <pending-finalizers system="0" default="0" reference="7" classloader="0" />
    <remembered-set count="16832" freebytes="727936" totalbytes="795264" percent="91" regionsoverflowed="0" regionsstable="0" regionsrebuilding="0"/>
  </mem-info>
</gc-end>
<cycle-end id="229" type="partial gc" contextid="220" timestamp="2019-08-02T20:24:35.907" />
  <attribute name="elasticGC enabled" value="1" />
  <attribute name= "numThreadsSpecified" value="0" />
  <attribute name="heapSize specified" value="0" />
  <attribute name= "numCores" value="8" />
  <attribute name ="GC Interval" value="0" />
  <attribute name ="Control flow" value="2" />
  <attribute name="GC Util Range Max" value="149" />
  <attribute name="Current GC Util" value="79" />
  <attribute name= "Current Time Running" value="5021" />
<exclusive-end id="230" timestamp="2019-08-02T20:24:35.907" durationms="6.486" />

<exclusive-start id="231" timestamp="2019-08-02T20:24:36.001" intervalms="100.339">
  <response-info timems="0.018" idlems="0.018" threads="0" lastid="0000000001F63A00" lastname="main" />
</exclusive-start>
<sys-start reason="explicit" id="232" timestamp="2019-08-02T20:24:36.001" intervalms="7044.179" />
<cycle-start id="233" type="global garbage collect" contextid="0" timestamp="2019-08-02T20:24:36.001" intervalms="7044.379" />
<gc-start id="234" type="global garbage collect" contextid="233" timestamp="2019-08-02T20:24:36.002">
  <mem-info id="235" free="318480" total="19922944" percent="1">
    <mem type="eden" free="318480" total="7340032" percent="4" />
    <remembered-set count="16704" freebytes="728448" totalbytes="795264" percent="91" regionsoverflowed="0" regionsstable="0" regionsrebuilding="0"/>
  </mem-info>
</gc-start>
<allocation-stats totalBytes="7019576" >
  <allocated-bytes non-tlh="432448" tlh="6587128" arrayletleaf="0"/>
  <largest-consumer threadName="main" threadId="0000000001F63A00" bytes="7019576" />
</allocation-stats>
<gc-op id="236" type="global mark" timems="4.006" contextid="233" timestamp="2019-08-02T20:24:36.006">
  <trace-info objectcount="74587" scancount="60843" scanbytes="2101356" />
  <finalization candidates="80" enqueued="0" />
  <ownableSynchronizers candidates="21" cleared="0" />
  <references type="soft" candidates="1640" cleared="0" enqueued="0" dynamicThreshold="11" maxThreshold="32" />
  <references type="weak" candidates="4513" cleared="32" enqueued="30" />
  <references type="phantom" candidates="102" cleared="2" enqueued="2" />
  <stringconstants candidates="8680" cleared="15"  />
</gc-op>
<gc-op id="237" type="classunload" timems="0.355" contextid="233" timestamp="2019-08-02T20:24:36.006">
  <classunload-info classloadercandidates="17" classloadersunloaded="1" classesunloaded="1" anonymousclassesunloaded="0" quiescems="0.000" setupms="0.344" scanms="0.007" postms="0.004" />
</gc-op>
<gc-op id="238" type="sweep" timems="0.468" contextid="233" timestamp="2019-08-02T20:24:36.007" />
<gc-op id="239" type="compact" timems="4.972" contextid="233" timestamp="2019-08-02T20:24:36.012">
  <compact-info movecount="71835" movebytes="4154008" />
  <remembered-set-cleared processed="26786" cleared="26786" durationms="0.130" />
</gc-op>
<gc-end id="240" type="global garbage collect" contextid="233" durationms="10.774" usertimems="36.000" systemtimems="0.000" timestamp="2019-08-02T20:24:36.012" activeThreads="8">
  <mem-info id="241" free="6291456" total="19922944" percent="31">
    <pending-finalizers system="0" default="0" reference="32" classloader="0" />
    <remembered-set count="11264" freebytes="750208" totalbytes="795264" percent="94" regionsoverflowed="0" regionsstable="0" regionsrebuilding="0"/>
  </mem-info>
</gc-end>
<cycle-end id="242" type="global garbage collect" contextid="233" timestamp="2019-08-02T20:24:36.012" />
  <attribute name="elasticGC enabled" value="1" />
  <attribute name= "numThreadsSpecified" value="0" />
  <attribute name="heapSize specified" value="0" />
  <attribute name= "numCores" value="8" />
  <attribute name ="GC Interval" value="0" />
  <attribute name ="Control flow" value="2" />
  <attribute name="GC Util Range Max" value="149" />
  <attribute name="Current GC Util" value="79" />
  <attribute name= "Current Time Running" value="5124" />
<sys-end id="243" timestamp="2019-08-02T20:24:36.013" />
<exclusive-end id="244" timestamp="2019-08-02T20:24:36.013" durationms="11.746" />

<exclusive-start id="245" timestamp="2019-08-02T20:24:36.150" intervalms="149.066">
  <response-info timems="0.074" idlems="0.074" threads="0" lastid="0000000001F63A00" lastname="main" />
</exclusive-start>
<allocation-taxation id="246" taxation-threshold="6291456" timestamp="2019-08-02T20:24:36.150" intervalms="249.435" />
<cycle-start id="247" type="partial gc" contextid="0" timestamp="2019-08-02T20:24:36.150" intervalms="249.551" />
<gc-start id="248" type="partial gc" contextid="247" timestamp="2019-08-02T20:24:36.151">
  <mem-info id="249" free="0" total="19922944" percent="0">
    <mem type="eden" free="0" total="6291456" percent="0" />
    <remembered-set count="11264" freebytes="750208" totalbytes="795264" percent="94" regionsoverflowed="0" regionsstable="0" regionsrebuilding="0"/>
  </mem-info>
</gc-start>
<allocation-stats totalBytes="6290816" >
  <allocated-bytes non-tlh="463952" tlh="5826864" arrayletleaf="0"/>
  <largest-consumer threadName="main" threadId="0000000001F63A00" bytes="6282568" />
</allocation-stats>
<gc-op id="250" type="mark" timems="2.476" contextid="247" timestamp="2019-08-02T20:24:36.154">
  <trace-info objectcount="601" scancount="554" scanbytes="52884" />
  <cardclean-info objects="639" bytes="36300" />
  <remembered-set-cleared processed="9311" cleared="148" durationms="0.114" />
  <references type="soft" candidates="34" cleared="0" enqueued="0" dynamicThreshold="10" maxThreshold="32" />
  <references type="weak" candidates="24" cleared="11" enqueued="11" />
  <references type="phantom" candidates="5" cleared="2" enqueued="2" />
  <stringconstants candidates="8698" cleared="12"  />
  <warning details="Mark invoked due to insufficient free space for Copy-Forward" />
</gc-op>
<gc-op id="251" type="classunload" timems="0.003" contextid="247" timestamp="2019-08-02T20:24:36.154">
  <classunload-info classloadercandidates="17" classloadersunloaded="0" classesunloaded="0" anonymousclassesunloaded="0" quiescems="0.000" setupms="0.003" scanms="0.000" postms="0.000" />
</gc-op>
<gc-op id="252" type="sweep" timems="0.561" contextid="247" timestamp="2019-08-02T20:24:36.155" />
<gc-op id="253" type="compact" timems="1.178" contextid="247" timestamp="2019-08-02T20:24:36.156">
  <compact-info movecount="601" movebytes="333696" />
  <remembered-set-cleared processed="18934" cleared="576" durationms="0.114" />
</gc-op>
<heap-resize id="254" type="expand" space="default" amount="3145728" count="1" timems="0.069" reason="insufficient free space following gc" timestamp="2019-08-02T20:24:36.156" />
<gc-end id="255" type="partial gc" contextid="247" durationms="5.820" usertimems="12.000" systemtimems="0.000" timestamp="2019-08-02T20:24:36.156" activeThreads="8">
  <mem-info id="256" free="8388608" total="23068672" percent="36">
    <mem type="eden" free="714880" total="1048576" percent="68" />
    <pending-finalizers system="0" default="0" reference="13" classloader="0" />
    <remembered-set count="14272" freebytes="863744" totalbytes="920832" percent="93" regionsoverflowed="0" regionsstable="0" regionsrebuilding="0"/>
  </mem-info>
</gc-end>
<cycle-end id="257" type="partial gc" contextid="247" timestamp="2019-08-02T20:24:36.157" />
  <attribute name="elasticGC enabled" value="1" />
  <attribute name= "numThreadsSpecified" value="0" />
  <attribute name="heapSize specified" value="0" />
  <attribute name= "numCores" value="8" />
  <attribute name ="GC Interval" value="0" />
  <attribute name ="Control flow" value="2" />
  <attribute name="GC Util Range Max" value="149" />
  <attribute name="Current GC Util" value="65" />
  <attribute name= "Current Time Running" value="5271" />
<exclusive-end id="258" timestamp="2019-08-02T20:24:36.157" durationms="6.838" />

<exclusive-start id="259" timestamp="2019-08-02T20:24:36.212" intervalms="62.188">
  <response-info timems="0.073" idlems="0.073" threads="0" lastid="0000000001F63A00" lastname="main" />
</exclusive-start>
<allocation-taxation id="260" taxation-threshold="8388608" timestamp="2019-08-02T20:24:36.212" intervalms="62.195" />
<cycle-start id="261" type="partial gc" contextid="0" timestamp="2019-08-02T20:24:36.213" intervalms="62.230" />
<gc-start id="262" type="partial gc" contextid="261" timestamp="2019-08-02T20:24:36.213">
  <mem-info id="263" free="0" total="23068672" percent="0">
    <mem type="eden" free="0" total="8388608" percent="0" />
    <remembered-set count="13792" freebytes="865664" totalbytes="920832" percent="94" regionsoverflowed="0" regionsstable="0" regionsrebuilding="0"/>
  </mem-info>
</gc-start>
<allocation-stats totalBytes="8387368" >
  <allocated-bytes non-tlh="0" tlh="8387368" arrayletleaf="0"/>
  <largest-consumer threadName="main" threadId="0000000001F63A00" bytes="8383272" />
</allocation-stats>
<gc-op id="264" type="mark" timems="2.166" contextid="261" timestamp="2019-08-02T20:24:36.216">
  <trace-info objectcount="570" scancount="527" scanbytes="52140" />
  <cardclean-info objects="204" bytes="22404" />
  <remembered-set-cleared processed="9492" cleared="237" durationms="0.107" />
  <references type="soft" candidates="34" cleared="0" enqueued="0" dynamicThreshold="11" maxThreshold="32" />
  <references type="weak" candidates="12" cleared="0" enqueued="0" />
  <references type="phantom" candidates="3" cleared="0" enqueued="0" />
  <stringconstants candidates="8686" cleared="0"  />
  <warning details="Mark invoked due to insufficient free space for Copy-Forward" />
</gc-op>
<gc-op id="265" type="classunload" timems="0.002" contextid="261" timestamp="2019-08-02T20:24:36.216">
  <classunload-info classloadercandidates="17" classloadersunloaded="0" classesunloaded="0" anonymousclassesunloaded="0" quiescems="0.000" setupms="0.002" scanms="0.000" postms="0.000" />
</gc-op>
<gc-op id="266" type="sweep" timems="0.492" contextid="261" timestamp="2019-08-02T20:24:36.216" />
<gc-op id="267" type="compact" timems="1.206" contextid="261" timestamp="2019-08-02T20:24:36.218">
  <compact-info movecount="226" movebytes="319016" />
  <remembered-set-cleared processed="19130" cleared="616" durationms="0.107" />
</gc-op>
<heap-resize id="268" type="expand" space="default" amount="1048576" count="1" timems="0.055" reason="insufficient free space following gc" timestamp="2019-08-02T20:24:36.218" />
<gc-end id="269" type="partial gc" contextid="261" durationms="5.447" usertimems="12.000" systemtimems="0.000" timestamp="2019-08-02T20:24:36.218" activeThreads="8">
  <mem-info id="270" free="8388608" total="24117248" percent="34">
    <mem type="eden" free="1015616" total="1048576" percent="96" />
    <remembered-set count="14016" freebytes="906624" totalbytes="962688" percent="94" regionsoverflowed="0" regionsstable="0" regionsrebuilding="0"/>
  </mem-info>
</gc-end>
<cycle-end id="271" type="partial gc" contextid="261" timestamp="2019-08-02T20:24:36.218" />
  <attribute name="elasticGC enabled" value="1" />
  <attribute name= "numThreadsSpecified" value="0" />
  <attribute name="heapSize specified" value="0" />
  <attribute name= "numCores" value="8" />
  <attribute name ="GC Interval" value="0" />
  <attribute name ="Control flow" value="2" />
  <attribute name="GC Util Range Max" value="149" />
  <attribute name="Current GC Util" value="70" />
  <attribute name= "Current Time Running" value="5333" />
<exclusive-end id="272" timestamp="2019-08-02T20:24:36.219" durationms="6.450" />

<exclusive-start id="273" timestamp="2019-08-02T20:24:36.253" intervalms="41.241">
  <response-info timems="0.077" idlems="0.077" threads="0" lastid="0000000001F63A00" lastname="main" />
</exclusive-start>
<allocation-taxation id="274" taxation-threshold="8388608" timestamp="2019-08-02T20:24:36.253" intervalms="41.190" />
<cycle-start id="275" type="partial gc" contextid="0" timestamp="2019-08-02T20:24:36.254" intervalms="41.179" />
<gc-start id="276" type="partial gc" contextid="275" timestamp="2019-08-02T20:24:36.254">
  <mem-info id="277" free="0" total="24117248" percent="0">
    <mem type="eden" free="1015616" total="9437184" percent="10" />
    <remembered-set count="13568" freebytes="908416" totalbytes="962688" percent="94" regionsoverflowed="0" regionsstable="0" regionsrebuilding="0"/>
  </mem-info>
</gc-start>
<allocation-stats totalBytes="8388024" >
  <allocated-bytes non-tlh="0" tlh="8388024" arrayletleaf="0"/>
  <largest-consumer threadName="main" threadId="0000000001F63A00" bytes="8388024" />
</allocation-stats>
<gc-op id="278" type="mark" timems="2.599" contextid="275" timestamp="2019-08-02T20:24:36.257">
  <trace-info objectcount="9" scancount="9" scanbytes="32980" />
  <cardclean-info objects="12" bytes="520" />
  <remembered-set-cleared processed="9586" cleared="10" durationms="0.072" />
  <stringconstants candidates="8686" cleared="0"  />
  <warning details="Mark invoked due to insufficient free space for Copy-Forward" />
</gc-op>
<gc-op id="279" type="classunload" timems="0.002" contextid="275" timestamp="2019-08-02T20:24:36.257">
  <classunload-info classloadercandidates="17" classloadersunloaded="0" classesunloaded="0" anonymousclassesunloaded="0" quiescems="0.000" setupms="0.002" scanms="0.000" postms="0.000" />
</gc-op>
<gc-op id="280" type="sweep" timems="0.397" contextid="275" timestamp="2019-08-02T20:24:36.258" />
<gc-op id="281" type="compact" timems="1.425" contextid="275" timestamp="2019-08-02T20:24:36.259">
  <compact-info movecount="9" movebytes="32984" />
  <remembered-set-cleared processed="19176" cleared="24" durationms="0.104" />
</gc-op>
<gc-end id="282" type="partial gc" contextid="275" durationms="5.661" usertimems="12.000" systemtimems="0.000" timestamp="2019-08-02T20:24:36.260" activeThreads="8">
  <mem-info id="283" free="8388608" total="24117248" percent="34">
    <mem type="eden" free="1015592" total="1048576" percent="96" />
    <remembered-set count="12896" freebytes="911104" totalbytes="962688" percent="94" regionsoverflowed="0" regionsstable="0" regionsrebuilding="0"/>
  </mem-info>
</gc-end>
<cycle-end id="284" type="partial gc" contextid="275" timestamp="2019-08-02T20:24:36.260" />
  <attribute name="elasticGC enabled" value="1" />
  <attribute name= "numThreadsSpecified" value="0" />
  <attribute name="heapSize specified" value="0" />
  <attribute name= "numCores" value="8" />
  <attribute name ="GC Interval" value="0" />
  <attribute name ="Control flow" value="2" />
  <attribute name="GC Util Range Max" value="149" />
  <attribute name="Current GC Util" value="73" />
  <attribute name= "Current Time Running" value="5374" />
<exclusive-end id="285" timestamp="2019-08-02T20:24:36.260" durationms="6.541" />

<exclusive-start id="286" timestamp="2019-08-02T20:24:36.295" intervalms="42.089">
  <response-info timems="0.824" idlems="0.824" threads="0" lastid="0000000001F63A00" lastname="main" />
</exclusive-start>
<allocation-taxation id="287" taxation-threshold="8388608" timestamp="2019-08-02T20:24:36.296" intervalms="42.107" />
<cycle-start id="288" type="partial gc" contextid="0" timestamp="2019-08-02T20:24:36.296" intervalms="42.110" />
<gc-start id="289" type="partial gc" contextid="288" timestamp="2019-08-02T20:24:36.296">
  <mem-info id="290" free="0" total="24117248" percent="0">
    <mem type="eden" free="1015592" total="9437184" percent="10" />
    <remembered-set count="12448" freebytes="912896" totalbytes="962688" percent="94" regionsoverflowed="0" regionsstable="0" regionsrebuilding="0"/>
  </mem-info>
</gc-start>
<allocation-stats totalBytes="8388088" >
  <allocated-bytes non-tlh="32784" tlh="8355304" arrayletleaf="0"/>
  <largest-consumer threadName="main" threadId="0000000001F63A00" bytes="8388088" />
</allocation-stats>
<gc-op id="291" type="mark" timems="1.960" contextid="288" timestamp="2019-08-02T20:24:36.299">
  <trace-info objectcount="8" scancount="8" scanbytes="32956" />
  <cardclean-info objects="12" bytes="520" />
  <remembered-set-cleared processed="9654" cleared="10" durationms="0.077" />
  <stringconstants candidates="8686" cleared="0"  />
  <warning details="Mark invoked due to insufficient free space for Copy-Forward" />
</gc-op>
<gc-op id="292" type="classunload" timems="0.003" contextid="288" timestamp="2019-08-02T20:24:36.299">
  <classunload-info classloadercandidates="17" classloadersunloaded="0" classesunloaded="0" anonymousclassesunloaded="0" quiescems="0.000" setupms="0.003" scanms="0.000" postms="0.000" />
</gc-op>
<gc-op id="293" type="sweep" timems="0.424" contextid="288" timestamp="2019-08-02T20:24:36.299" />
<gc-op id="294" type="compact" timems="1.021" contextid="288" timestamp="2019-08-02T20:24:36.300">
  <compact-info movecount="8" movebytes="32960" />
  <remembered-set-cleared processed="19311" cleared="23" durationms="0.088" />
</gc-op>
<heap-resize id="295" type="expand" space="default" amount="4194304" count="1" timems="0.079" reason="excessive time being spent in gc" timestamp="2019-08-02T20:24:36.301" />
<gc-end id="296" type="partial gc" contextid="288" durationms="4.840" usertimems="8.000" systemtimems="0.000" timestamp="2019-08-02T20:24:36.301" activeThreads="8">
  <mem-info id="297" free="12582912" total="28311552" percent="44">
    <mem type="eden" free="1015616" total="1048576" percent="96" />
    <remembered-set count="13984" freebytes="1074176" totalbytes="1130112" percent="95" regionsoverflowed="0" regionsstable="0" regionsrebuilding="0"/>
  </mem-info>
</gc-end>
<cycle-end id="298" type="partial gc" contextid="288" timestamp="2019-08-02T20:24:36.301" />
  <attribute name="elasticGC enabled" value="1" />
  <attribute name= "numThreadsSpecified" value="0" />
  <attribute name="heapSize specified" value="0" />
  <attribute name= "numCores" value="8" />
  <attribute name ="GC Interval" value="0" />
  <attribute name ="Control flow" value="2" />
  <attribute name="GC Util Range Max" value="149" />
  <attribute name="Current GC Util" value="66" />
  <attribute name= "Current Time Running" value="5416" />
<exclusive-end id="299" timestamp="2019-08-02T20:24:36.301" durationms="5.753" />

</verbosegc>

