<?xml version="1.0" ?>

<verbosegc xmlns="http://www.ibm.com/j9/verbosegc" version="08cc62e_CMPRSS">

<initialized id="1" timestamp="2019-08-02T20:26:02.869">
  <attribute name="gcPolicy" value="-Xgcpolicy:balanced" />
  <attribute name="elasticGC enabled" value="1" />
  <attribute name= "numThreadsSpecified" value="0" />
  <attribute name="heapSize specified" value="0" />
  <attribute name= "numCores" value="0" />
  <attribute name ="GC Interval" value="0" />
  <attribute name="GC Util Range Max" value="0" />
  <attribute name="Current GC Util" value="0" />
  <attribute name= "Current Time Running" value="0" />
  <attribute name="maxHeapSize" value="0x7cb00000" />
  <attribute name="initialHeapSize" value="0x800000" />
  <attribute name="compressedRefs" value="true" />
  <attribute name="compressedRefsDisplacement" value="0x0" />
  <attribute name="compressedRefsShift" value="0x0" />
  <attribute name="pageSize" value="0x1000" />
  <attribute name="pageType" value="not used" />
  <attribute name="requestedPageSize" value="0x1000" />
  <attribute name="requestedPageType" value="not used" />
  <attribute name="gcthreads" value="8" />
  <attribute name="packetListSplit" value="8" />
  <attribute name="cacheListSplit" value="8" />
  <attribute name="splitFreeListSplitAmount" value="1" />
  <attribute name="numaNodes" value="0" />
  <region>
    <attribute name="regionSize" value="1048576" />
    <attribute name="regionCount" value="1995" />
    <attribute name="arrayletLeafSize" value="1048576" />
  </region>
  <system>
    <attribute name="physicalMemory" value="8370401280" />
    <attribute name="numCPUs" value="8" />
    <attribute name="architecture" value="amd64" />
    <attribute name="os" value="Linux" />
    <attribute name="osVersion" value="4.4.0-154-generic" />
  </system>
  <vmargs>
    <vmarg name="-Xoptionsfile=/vagrant/jdk/lib/options.default" />
    <vmarg name="-Xlockword:mode=default,noLockword=java/lang/String,noLockword=java/util/MapEntry,noLockword=java/util/HashMap$Entry,noLockword..." />
    <vmarg name="-Xjcl:jclse29" />
    <vmarg name="-Dcom.ibm.oti.vm.bootstrap.library.path=/vagrant/jdk/lib/compressedrefs:/vagrant/jdk/lib" />
    <vmarg name="-Dsun.boot.library.path=/vagrant/jdk/lib/compressedrefs:/vagrant/jdk/lib" />
    <vmarg name="-Djava.library.path=/vagrant/jdk/lib/compressedrefs:/vagrant/jdk/lib:/usr/lib64:/usr/lib" />
    <vmarg name="-Djava.home=/vagrant/jdk" />
    <vmarg name="-Duser.dir=/vagrant" />
    <vmarg name="-Xgcpolicy:balanced" />
    <vmarg name="-Xgcelastic" />
    <vmarg name="-Xcheck:gc:::elasticGC" />
    <vmarg name="-verbose:gc" />
    <vmarg name="-Xloggc:jdkB-small-BAL-8core-verbose16jython.txt" />
    <vmarg name="-Djava.class.path=dacapo-9.12-MR1-bach.jar" />
    <vmarg name="-Dsun.java.command=dacapo-9.12-MR1-bach.jar jython --size=small" />
    <vmarg name="-Dsun.java.launcher=SUN_STANDARD" />
    <vmarg name="-Dsun.java.launcher.pid=22776" />
  </vmargs>
</initialized>

<exclusive-start id="2" timestamp="2019-08-02T20:26:04.429" intervalms="1559.898">
  <response-info timems="0.022" idlems="0.022" threads="0" lastid="0000000001506A00" lastname="main" />
</exclusive-start>
<allocation-taxation id="3" taxation-threshold="8388608" timestamp="2019-08-02T20:26:04.429" intervalms="1560.111" />
<cycle-start id="4" type="partial gc" contextid="0" timestamp="2019-08-02T20:26:04.430" intervalms="1560.348" />
<gc-start id="5" type="partial gc" contextid="4" timestamp="2019-08-02T20:26:04.430">
  <mem-info id="6" free="0" total="8388608" percent="0">
    <mem type="eden" free="264" total="8388608" percent="0" />
    <remembered-set count="0" freebytes="334848" totalbytes="334848" percent="100" regionsoverflowed="0" regionsstable="0" regionsrebuilding="0"/>
  </mem-info>
</gc-start>
<allocation-stats totalBytes="8333352" >
  <allocated-bytes non-tlh="357600" tlh="7975752" arrayletleaf="0"/>
  <largest-consumer threadName="main" threadId="0000000001506A00" bytes="8240400" />
</allocation-stats>
<gc-op id="7" type="mark" timems="3.525" contextid="4" timestamp="2019-08-02T20:26:04.434">
  <trace-info objectcount="17743" scancount="14047" scanbytes="461800" />
  <remembered-set-cleared processed="0" cleared="0" durationms="0.342" />
  <finalization candidates="14" enqueued="1" />
  <references type="soft" candidates="63" cleared="0" enqueued="0" dynamicThreshold="32" maxThreshold="32" />
  <references type="weak" candidates="544" cleared="401" enqueued="362" />
  <references type="phantom" candidates="105" cleared="44" enqueued="44" />
  <stringconstants candidates="2406" cleared="0"  />
  <warning details="Mark for calibration purposes" />
</gc-op>
<gc-op id="8" type="classunload" timems="0.084" contextid="4" timestamp="2019-08-02T20:26:04.435">
  <classunload-info classloadercandidates="5" classloadersunloaded="0" classesunloaded="0" anonymousclassesunloaded="0" quiescems="0.000" setupms="0.083" scanms="0.000" postms="0.000" />
</gc-op>
<gc-op id="9" type="sweep" timems="0.614" contextid="4" timestamp="2019-08-02T20:26:04.436" />
<gc-op id="10" type="compact" timems="4.237" contextid="4" timestamp="2019-08-02T20:26:04.440">
  <compact-info movecount="17644" movebytes="962936" />
  <remembered-set-cleared processed="0" cleared="0" durationms="0.342" />
</gc-op>
<gc-end id="11" type="partial gc" contextid="4" durationms="11.636" usertimems="8.000" systemtimems="4.000" timestamp="2019-08-02T20:26:04.442" activeThreads="8">
  <mem-info id="12" free="7340032" total="8388608" percent="87">
    <mem type="eden" free="81152" total="1048576" percent="7" />
    <pending-finalizers system="1" default="0" reference="406" classloader="0" />
    <remembered-set count="0" freebytes="334848" totalbytes="334848" percent="100" regionsoverflowed="0" regionsstable="0" regionsrebuilding="0"/>
  </mem-info>
</gc-end>
<cycle-end id="13" type="partial gc" contextid="4" timestamp="2019-08-02T20:26:04.442" />
  <attribute name="elasticGC enabled" value="1" />
  <attribute name= "numThreadsSpecified" value="0" />
  <attribute name="heapSize specified" value="0" />
  <attribute name= "numCores" value="8" />
  <attribute name ="GC Interval" value="0" />
  <attribute name ="Control flow" value="2" />
  <attribute name="GC Util Range Max" value="189" />
  <attribute name="Current GC Util" value="64" />
  <attribute name= "Current Time Running" value="5" />
<exclusive-end id="14" timestamp="2019-08-02T20:26:04.442" durationms="12.760" />

<exclusive-start id="15" timestamp="2019-08-02T20:26:04.945" intervalms="516.313">
  <response-info timems="0.030" idlems="0.030" threads="0" lastid="0000000001506A00" lastname="main" />
</exclusive-start>
<allocation-taxation id="16" taxation-threshold="7340032" timestamp="2019-08-02T20:26:04.946" intervalms="516.214" />
<cycle-start id="17" type="partial gc" contextid="0" timestamp="2019-08-02T20:26:04.946" intervalms="516.084" />
<gc-start id="18" type="partial gc" contextid="17" timestamp="2019-08-02T20:26:04.946">
  <mem-info id="19" free="0" total="8388608" percent="0">
    <mem type="eden" free="0" total="7340032" percent="0" />
    <remembered-set count="0" freebytes="334848" totalbytes="334848" percent="100" regionsoverflowed="0" regionsstable="0" regionsrebuilding="0"/>
  </mem-info>
</gc-start>
<allocation-stats totalBytes="7329608" >
  <allocated-bytes non-tlh="644944" tlh="6684664" arrayletleaf="0"/>
  <largest-consumer threadName="main" threadId="0000000001506A00" bytes="7321328" />
</allocation-stats>
<gc-op id="20" type="mark" timems="1.986" contextid="17" timestamp="2019-08-02T20:26:04.948">
  <trace-info objectcount="20434" scancount="16272" scanbytes="554468" />
  <remembered-set-cleared processed="0" cleared="0" durationms="0.041" />
  <finalization candidates="51" enqueued="1" />
  <ownableSynchronizers candidates="17" cleared="0" />
  <references type="soft" candidates="68" cleared="0" enqueued="0" dynamicThreshold="28" maxThreshold="32" />
  <references type="weak" candidates="815" cleared="378" enqueued="268" />
  <references type="phantom" candidates="91" cleared="3" enqueued="3" />
  <stringconstants candidates="2653" cleared="0"  />
  <warning details="Mark invoked due to insufficient free space for Copy-Forward" />
</gc-op>
<gc-op id="21" type="classunload" timems="0.002" contextid="17" timestamp="2019-08-02T20:26:04.948">
  <classunload-info classloadercandidates="6" classloadersunloaded="0" classesunloaded="0" anonymousclassesunloaded="0" quiescems="0.000" setupms="0.001" scanms="0.000" postms="0.000" />
</gc-op>
<gc-op id="22" type="sweep" timems="0.349" contextid="17" timestamp="2019-08-02T20:26:04.949" />
<gc-op id="23" type="compact" timems="3.556" contextid="17" timestamp="2019-08-02T20:26:04.953">
  <compact-info movecount="19835" movebytes="1525912" />
  <remembered-set-cleared processed="0" cleared="0" durationms="0.041" />
</gc-op>
<gc-end id="24" type="partial gc" contextid="17" durationms="7.237" usertimems="12.000" systemtimems="0.000" timestamp="2019-08-02T20:26:04.953" activeThreads="8">
  <mem-info id="25" free="6291456" total="8388608" percent="75">
    <mem type="eden" free="278000" total="1048576" percent="26" />
    <pending-finalizers system="1" default="0" reference="271" classloader="0" />
    <remembered-set count="1536" freebytes="328704" totalbytes="334848" percent="98" regionsoverflowed="0" regionsstable="0" regionsrebuilding="0"/>
  </mem-info>
</gc-end>
<cycle-end id="26" type="partial gc" contextid="17" timestamp="2019-08-02T20:26:04.953" />
  <attribute name="elasticGC enabled" value="1" />
  <attribute name= "numThreadsSpecified" value="0" />
  <attribute name="heapSize specified" value="0" />
  <attribute name= "numCores" value="8" />
  <attribute name ="GC Interval" value="0" />
  <attribute name ="Control flow" value="2" />
  <attribute name="GC Util Range Max" value="189" />
  <attribute name="Current GC Util" value="35" />
  <attribute name= "Current Time Running" value="518" />
<exclusive-end id="27" timestamp="2019-08-02T20:26:04.953" durationms="7.955" />

<exclusive-start id="28" timestamp="2019-08-02T20:26:05.122" intervalms="176.404">
  <response-info timems="0.037" idlems="0.037" threads="0" lastid="0000000001506A00" lastname="main" />
</exclusive-start>
<allocation-taxation id="29" taxation-threshold="3145728" timestamp="2019-08-02T20:26:05.122" intervalms="176.383" />
<cycle-start id="30" type="global mark phase" contextid="0" timestamp="2019-08-02T20:26:05.122" intervalms="2252.895" />
<gc-start id="31" type="global mark phase" contextid="30" timestamp="2019-08-02T20:26:05.122">
  <mem-info id="32" free="3145728" total="8388608" percent="37">
    <remembered-set count="1056" freebytes="330624" totalbytes="334848" percent="98" regionsoverflowed="0" regionsstable="0" regionsrebuilding="0"/>
  </mem-info>
</gc-start>
<gc-op id="33" type="mark increment" timems="0.871" contextid="30" timestamp="2019-08-02T20:26:05.123">
  <trace-info objectcount="132" scancount="0" scanbytes="0" />
</gc-op>
<gc-end id="34" type="global mark phase" contextid="30" durationms="0.984" usertimems="0.000" systemtimems="4.000" timestamp="2019-08-02T20:26:05.123" activeThreads="8">
  <mem-info id="35" free="3145728" total="8388608" percent="37">
    <remembered-set count="1056" freebytes="330624" totalbytes="334848" percent="98" regionsoverflowed="0" regionsstable="0" regionsrebuilding="0"/>
  </mem-info>
</gc-end>
<concurrent-start id="36" type="GMP work packet processing" contextid="30" timestamp="2019-08-02T20:26:05.123">
  <concurrent-mark-start scanTarget="18446744073709551615" />
</concurrent-start>
<exclusive-end id="37" timestamp="2019-08-02T20:26:05.123" durationms="1.473" />

<concurrent-end id="38" type="GMP work packet processing" contextid="30" timestamp="2019-08-02T20:26:05.125">
  <concurrent-mark-end bytesScanned="792616" reasonForTermination="Completed all work in GC phase" />
</concurrent-end>

<exclusive-start id="39" timestamp="2019-08-02T20:26:07.822" intervalms="2699.998">
  <response-info timems="0.021" idlems="0.021" threads="0" lastid="0000000001506A00" lastname="main" />
</exclusive-start>
<allocation-taxation id="40" taxation-threshold="3145728" timestamp="2019-08-02T20:26:07.822" intervalms="2700.001" />
<cycle-start id="41" type="partial gc" contextid="0" timestamp="2019-08-02T20:26:07.822" intervalms="2876.354" />
<gc-start id="42" type="partial gc" contextid="41" timestamp="2019-08-02T20:26:07.822">
  <mem-info id="43" free="0" total="8388608" percent="0">
    <mem type="eden" free="0" total="6291456" percent="0" />
    <remembered-set count="1056" freebytes="330624" totalbytes="334848" percent="98" regionsoverflowed="0" regionsstable="0" regionsrebuilding="0"/>
  </mem-info>
</gc-start>
<allocation-stats totalBytes="6283400" >
  <allocated-bytes non-tlh="308032" tlh="5975368" arrayletleaf="0"/>
  <largest-consumer threadName="main" threadId="0000000001506A00" bytes="3143096" />
</allocation-stats>
<gc-op id="44" type="mark" timems="2.275" contextid="41" timestamp="2019-08-02T20:26:07.825">
  <trace-info objectcount="19939" scancount="15885" scanbytes="532224" />
  <cardclean-info objects="640" bytes="29752" />
  <remembered-set-cleared processed="286" cleared="286" durationms="0.044" />
  <finalization candidates="49" enqueued="0" />
  <ownableSynchronizers candidates="17" cleared="0" />
  <references type="soft" candidates="385" cleared="0" enqueued="0" dynamicThreshold="12" maxThreshold="32" />
  <references type="weak" candidates="1244" cleared="147" enqueued="135" />
  <references type="phantom" candidates="41" cleared="5" enqueued="5" />
  <stringconstants candidates="4558" cleared="0"  />
  <warning details="Mark invoked due to insufficient free space for Copy-Forward" />
</gc-op>
<gc-op id="45" type="classunload" timems="0.002" contextid="41" timestamp="2019-08-02T20:26:07.825">
  <classunload-info classloadercandidates="10" classloadersunloaded="0" classesunloaded="0" anonymousclassesunloaded="0" quiescems="0.000" setupms="0.002" scanms="0.000" postms="0.000" />
</gc-op>
<gc-op id="46" type="sweep" timems="0.359" contextid="41" timestamp="2019-08-02T20:26:07.826" />
<gc-op id="47" type="compact" timems="2.729" contextid="41" timestamp="2019-08-02T20:26:07.828">
  <compact-info movecount="19904" movebytes="1361872" />
  <remembered-set-cleared processed="3378" cleared="3378" durationms="0.058" />
</gc-op>
<gc-end id="48" type="partial gc" contextid="41" durationms="6.520" usertimems="8.000" systemtimems="4.000" timestamp="2019-08-02T20:26:07.829" activeThreads="8">
  <mem-info id="49" free="5242880" total="8388608" percent="62">
    <mem type="eden" free="438920" total="1048576" percent="41" />
    <pending-finalizers system="0" default="0" reference="140" classloader="0" />
    <remembered-set count="3072" freebytes="322560" totalbytes="334848" percent="96" regionsoverflowed="0" regionsstable="0" regionsrebuilding="0"/>
  </mem-info>
</gc-end>
<cycle-end id="50" type="partial gc" contextid="41" timestamp="2019-08-02T20:26:07.829" />
  <attribute name="elasticGC enabled" value="1" />
  <attribute name= "numThreadsSpecified" value="0" />
  <attribute name="heapSize specified" value="0" />
  <attribute name= "numCores" value="8" />
  <attribute name ="GC Interval" value="0" />
  <attribute name ="Control flow" value="2" />
  <attribute name="GC Util Range Max" value="189" />
  <attribute name="Current GC Util" value="45" />
  <attribute name= "Current Time Running" value="3395" />
<exclusive-end id="51" timestamp="2019-08-02T20:26:07.829" durationms="7.332" />

<exclusive-start id="52" timestamp="2019-08-02T20:26:07.886" intervalms="64.266">
  <response-info timems="0.060" idlems="0.060" threads="0" lastid="0000000001506A00" lastname="main" />
</exclusive-start>
<allocation-taxation id="53" taxation-threshold="2097152" timestamp="2019-08-02T20:26:07.886" intervalms="64.264" />
<gc-start id="54" type="global mark phase" contextid="30" timestamp="2019-08-02T20:26:07.886">
  <mem-info id="55" free="3145728" total="8388608" percent="37">
    <remembered-set count="3072" freebytes="322560" totalbytes="334848" percent="96" regionsoverflowed="0" regionsstable="0" regionsrebuilding="0"/>
  </mem-info>
</gc-start>
<gc-op id="56" type="mark increment" timems="2.363" contextid="30" timestamp="2019-08-02T20:26:07.889">
  <trace-info objectcount="22787" scancount="18425" scanbytes="628280" />
  <cardclean-info objects="1055" bytes="51992" />
  <finalization candidates="65" enqueued="0" />
  <ownableSynchronizers candidates="17" cleared="0" />
  <references type="soft" candidates="586" cleared="0" enqueued="0" dynamicThreshold="20" maxThreshold="32" />
  <references type="weak" candidates="1426" cleared="13" enqueued="13" />
  <references type="phantom" candidates="93" cleared="0" enqueued="0" />
  <stringconstants candidates="4917" cleared="0"  />
</gc-op>
<gc-op id="57" type="classunload" timems="0.003" contextid="30" timestamp="2019-08-02T20:26:07.889">
  <classunload-info classloadercandidates="10" classloadersunloaded="0" classesunloaded="0" anonymousclassesunloaded="0" quiescems="0.000" setupms="0.002" scanms="0.000" postms="0.000" />
</gc-op>
<gc-end id="58" type="global mark phase" contextid="30" durationms="2.611" usertimems="4.000" systemtimems="0.000" timestamp="2019-08-02T20:26:07.889" activeThreads="8">
  <mem-info id="59" free="3145728" total="8388608" percent="37">
    <pending-finalizers system="0" default="0" reference="13" classloader="0" />
    <remembered-set count="3072" freebytes="322560" totalbytes="334848" percent="96" regionsoverflowed="0" regionsstable="0" regionsrebuilding="0"/>
  </mem-info>
</gc-end>
<cycle-end id="60" type="global mark phase" contextid="30" timestamp="2019-08-02T20:26:07.889" />
  <attribute name="elasticGC enabled" value="1" />
  <attribute name= "numThreadsSpecified" value="0" />
  <attribute name="heapSize specified" value="0" />
  <attribute name= "numCores" value="8" />
  <attribute name ="GC Interval" value="0" />
  <attribute name ="Control flow" value="2" />
  <attribute name="GC Util Range Max" value="189" />
  <attribute name="Current GC Util" value="91" />
  <attribute name= "Current Time Running" value="3457" />
<exclusive-end id="61" timestamp="2019-08-02T20:26:07.889" durationms="2.944" />

<exclusive-start id="62" timestamp="2019-08-02T20:26:07.935" intervalms="49.294">
  <response-info timems="0.060" idlems="0.060" threads="0" lastid="0000000001506A00" lastname="main" />
</exclusive-start>
<allocation-taxation id="63" taxation-threshold="2097152" timestamp="2019-08-02T20:26:07.935" intervalms="49.285" />
<cycle-start id="64" type="partial gc" contextid="0" timestamp="2019-08-02T20:26:07.936" intervalms="113.548" />
<gc-start id="65" type="partial gc" contextid="64" timestamp="2019-08-02T20:26:07.936">
  <mem-info id="66" free="1048576" total="8388608" percent="12">
    <mem type="eden" free="0" total="4194304" percent="0" />
    <remembered-set count="3072" freebytes="322560" totalbytes="334848" percent="96" regionsoverflowed="0" regionsstable="0" regionsrebuilding="0"/>
  </mem-info>
</gc-start>
<allocation-stats totalBytes="4182312" >
  <allocated-bytes non-tlh="85040" tlh="4097272" arrayletleaf="0"/>
  <largest-consumer threadName="main" threadId="0000000001506A00" bytes="2091168" />
</allocation-stats>
<gc-op id="67" type="sweep" timems="0.530" contextid="64" timestamp="2019-08-02T20:26:07.936" />
<gc-op id="68" type="copy forward" timems="4.358" contextid="64" timestamp="2019-08-02T20:26:07.941">
  <memory-copied type="eden" objects="1310" bytes="50704" bytesdiscarded="1681" />
  <memory-copied type="other" objects="19306" bytes="746848" bytesdiscarded="23695" />
  <memory-cardclean objects="627" bytes="33968" />
  <memory-traced type="eden" objects="765" bytes="52368" />
  <memory-traced type="other" objects="0" bytes="0" />
  <regions eden="2" other="3" evacuated="4" marked="1" />
  <remembered-set-cleared processed="1577" cleared="1375" durationms="0.055" />
  <finalization candidates="15" enqueued="0" />
  <references type="soft" candidates="561" cleared="0" enqueued="0" dynamicThreshold="12" maxThreshold="32" />
  <references type="weak" candidates="1171" cleared="0" enqueued="0" />
  <references type="phantom" candidates="7" cleared="0" enqueued="0" />
  <stringconstants candidates="5120" cleared="0"  />
  <heap-resize type="expand" space="default" amount="1048576" count="1" timems="0.243" reason="continue current collection" />
</gc-op>
<gc-op id="69" type="classunload" timems="0.001" contextid="64" timestamp="2019-08-02T20:26:07.942">
  <classunload-info classloadercandidates="10" classloadersunloaded="0" classesunloaded="0" anonymousclassesunloaded="0" quiescems="0.000" setupms="0.001" scanms="0.000" postms="0.000" />
</gc-op>
<gc-op id="70" type="compact" timems="1.317" contextid="64" timestamp="2019-08-02T20:26:07.943">
  <compact-info movecount="899" movebytes="92128" />
  <remembered-set-cleared processed="4625" cleared="2370" durationms="0.072" />
</gc-op>
<gc-end id="71" type="partial gc" contextid="64" durationms="7.543" usertimems="12.000" systemtimems="0.000" timestamp="2019-08-02T20:26:07.943" activeThreads="8">
  <mem-info id="72" free="4194304" total="9437184" percent="44">
    <mem type="eden" free="1788240" total="2097152" percent="85" />
    <remembered-set count="3968" freebytes="360832" totalbytes="376704" percent="95" regionsoverflowed="0" regionsstable="0" regionsrebuilding="0"/>
  </mem-info>
</gc-end>
<cycle-end id="73" type="partial gc" contextid="64" timestamp="2019-08-02T20:26:07.943" />
  <attribute name="elasticGC enabled" value="1" />
  <attribute name= "numThreadsSpecified" value="0" />
  <attribute name="heapSize specified" value="0" />
  <attribute name= "numCores" value="8" />
  <attribute name ="GC Interval" value="0" />
  <attribute name ="Control flow" value="2" />
  <attribute name="GC Util Range Max" value="189" />
  <attribute name="Current GC Util" value="135" />
  <attribute name= "Current Time Running" value="3511" />
<exclusive-end id="74" timestamp="2019-08-02T20:26:07.944" durationms="8.227" />

<exclusive-start id="75" timestamp="2019-08-02T20:26:08.000" intervalms="65.030">
  <response-info timems="0.065" idlems="0.065" threads="0" lastid="0000000001506A00" lastname="main" />
</exclusive-start>
<allocation-taxation id="76" taxation-threshold="2097152" timestamp="2019-08-02T20:26:08.000" intervalms="65.025" />
<cycle-start id="77" type="global mark phase" contextid="0" timestamp="2019-08-02T20:26:08.001" intervalms="2878.488" />
<gc-start id="78" type="global mark phase" contextid="77" timestamp="2019-08-02T20:26:08.001">
  <mem-info id="79" free="2097152" total="9437184" percent="22">
    <remembered-set count="3616" freebytes="362240" totalbytes="376704" percent="96" regionsoverflowed="0" regionsstable="0" regionsrebuilding="0"/>
  </mem-info>
</gc-start>
<gc-op id="80" type="mark increment" timems="0.640" contextid="77" timestamp="2019-08-02T20:26:08.002">
  <trace-info objectcount="142" scancount="0" scanbytes="0" />
</gc-op>
<gc-end id="81" type="global mark phase" contextid="77" durationms="0.887" usertimems="0.000" systemtimems="0.000" timestamp="2019-08-02T20:26:08.002" activeThreads="8">
  <mem-info id="82" free="2097152" total="9437184" percent="22">
    <remembered-set count="3616" freebytes="362240" totalbytes="376704" percent="96" regionsoverflowed="0" regionsstable="0" regionsrebuilding="0"/>
  </mem-info>
</gc-end>
<concurrent-start id="83" type="GMP work packet processing" contextid="77" timestamp="2019-08-02T20:26:08.002">
  <concurrent-mark-start scanTarget="18446744073709551615" />
</concurrent-start>
<exclusive-end id="84" timestamp="2019-08-02T20:26:08.002" durationms="1.479" />

<concurrent-end id="85" type="GMP work packet processing" contextid="77" timestamp="2019-08-02T20:26:08.004">
  <concurrent-mark-end bytesScanned="1187976" reasonForTermination="Completed all work in GC phase" />
</concurrent-end>

<exclusive-start id="86" timestamp="2019-08-02T20:26:08.065" intervalms="64.169">
  <response-info timems="0.065" idlems="0.065" threads="0" lastid="0000000001506A00" lastname="main" />
</exclusive-start>
<allocation-taxation id="87" taxation-threshold="2097152" timestamp="2019-08-02T20:26:08.065" intervalms="64.201" />
<cycle-start id="88" type="partial gc" contextid="0" timestamp="2019-08-02T20:26:08.065" intervalms="129.250" />
<gc-start id="89" type="partial gc" contextid="88" timestamp="2019-08-02T20:26:08.065">
  <mem-info id="90" free="0" total="9437184" percent="0">
    <mem type="eden" free="955592" total="5242880" percent="18" />
    <remembered-set count="3616" freebytes="362240" totalbytes="376704" percent="96" regionsoverflowed="0" regionsstable="0" regionsrebuilding="0"/>
  </mem-info>
</gc-start>
<allocation-stats totalBytes="4188520" >
  <allocated-bytes non-tlh="122792" tlh="4065728" arrayletleaf="0"/>
  <largest-consumer threadName="main" threadId="0000000001506A00" bytes="2034336" />
</allocation-stats>
<gc-op id="91" type="mark" timems="2.350" contextid="88" timestamp="2019-08-02T20:26:08.068">
  <trace-info objectcount="16207" scancount="13958" scanbytes="508268" />
  <cardclean-info objects="1709" bytes="83144" />
  <remembered-set-cleared processed="2258" cleared="1082" durationms="0.062" />
  <finalization candidates="18" enqueued="0" />
  <ownableSynchronizers candidates="4" cleared="0" />
  <references type="soft" candidates="431" cleared="0" enqueued="0" dynamicThreshold="7" maxThreshold="32" />
  <references type="weak" candidates="2249" cleared="461" enqueued="313" />
  <references type="phantom" candidates="5" cleared="2" enqueued="2" />
  <stringconstants candidates="6078" cleared="0"  />
  <warning details="Mark invoked due to insufficient free space for Copy-Forward" />
</gc-op>
<gc-op id="92" type="classunload" timems="0.002" contextid="88" timestamp="2019-08-02T20:26:08.068">
  <classunload-info classloadercandidates="11" classloadersunloaded="0" classesunloaded="0" anonymousclassesunloaded="0" quiescems="0.000" setupms="0.002" scanms="0.000" postms="0.000" />
</gc-op>
<gc-op id="93" type="sweep" timems="0.341" contextid="88" timestamp="2019-08-02T20:26:08.069" />
<gc-op id="94" type="compact" timems="2.690" contextid="88" timestamp="2019-08-02T20:26:08.072">
  <compact-info movecount="16115" movebytes="718328" />
  <remembered-set-cleared processed="11379" cleared="8986" durationms="0.076" />
</gc-op>
<gc-end id="95" type="partial gc" contextid="88" durationms="6.742" usertimems="8.000" systemtimems="0.000" timestamp="2019-08-02T20:26:08.072" activeThreads="8">
  <mem-info id="96" free="4194304" total="9437184" percent="44">
    <mem type="eden" free="578064" total="1048576" percent="55" />
    <pending-finalizers system="0" default="0" reference="315" classloader="0" />
    <remembered-set count="6112" freebytes="352256" totalbytes="376704" percent="93" regionsoverflowed="0" regionsstable="0" regionsrebuilding="0"/>
  </mem-info>
</gc-end>
<cycle-end id="97" type="partial gc" contextid="88" timestamp="2019-08-02T20:26:08.072" />
  <attribute name="elasticGC enabled" value="1" />
  <attribute name= "numThreadsSpecified" value="0" />
  <attribute name="heapSize specified" value="0" />
  <attribute name= "numCores" value="8" />
  <attribute name ="GC Interval" value="0" />
  <attribute name ="Control flow" value="2" />
  <attribute name="GC Util Range Max" value="189" />
  <attribute name="Current GC Util" value="41" />
  <attribute name= "Current Time Running" value="3638" />
<exclusive-end id="98" timestamp="2019-08-02T20:26:08.072" durationms="7.607" />

<exclusive-start id="99" timestamp="2019-08-02T20:26:08.109" intervalms="44.366">
  <response-info timems="0.030" idlems="0.030" threads="0" lastid="0000000001506A00" lastname="main" />
</exclusive-start>
<allocation-taxation id="100" taxation-threshold="2097152" timestamp="2019-08-02T20:26:08.109" intervalms="44.370" />
<gc-start id="101" type="global mark phase" contextid="77" timestamp="2019-08-02T20:26:08.109">
  <mem-info id="102" free="2097152" total="9437184" percent="22">
    <remembered-set count="6112" freebytes="352256" totalbytes="376704" percent="93" regionsoverflowed="0" regionsstable="0" regionsrebuilding="0"/>
  </mem-info>
</gc-start>
<gc-op id="103" type="mark increment" timems="2.024" contextid="77" timestamp="2019-08-02T20:26:08.111">
  <trace-info objectcount="17695" scancount="15257" scanbytes="557308" />
  <cardclean-info objects="2158" bytes="100880" />
  <finalization candidates="80" enqueued="0" />
  <ownableSynchronizers candidates="21" cleared="0" />
  <references type="soft" candidates="968" cleared="0" enqueued="0" dynamicThreshold="14" maxThreshold="32" />
  <references type="weak" candidates="2971" cleared="11" enqueued="11" />
  <references type="phantom" candidates="104" cleared="3" enqueued="3" />
  <stringconstants candidates="6231" cleared="0"  />
</gc-op>
<gc-op id="104" type="classunload" timems="0.005" contextid="77" timestamp="2019-08-02T20:26:08.111">
  <classunload-info classloadercandidates="11" classloadersunloaded="0" classesunloaded="0" anonymousclassesunloaded="0" quiescems="0.000" setupms="0.005" scanms="0.000" postms="0.000" />
</gc-op>
<gc-end id="105" type="global mark phase" contextid="77" durationms="2.439" usertimems="4.000" systemtimems="0.000" timestamp="2019-08-02T20:26:08.112" activeThreads="8">
  <mem-info id="106" free="2097152" total="9437184" percent="22">
    <pending-finalizers system="0" default="0" reference="14" classloader="0" />
    <remembered-set count="6112" freebytes="352256" totalbytes="376704" percent="93" regionsoverflowed="0" regionsstable="0" regionsrebuilding="0"/>
  </mem-info>
</gc-end>
<cycle-end id="107" type="global mark phase" contextid="77" timestamp="2019-08-02T20:26:08.112" />
  <attribute name="elasticGC enabled" value="1" />
  <attribute name= "numThreadsSpecified" value="0" />
  <attribute name="heapSize specified" value="0" />
  <attribute name= "numCores" value="8" />
  <attribute name ="GC Interval" value="0" />
  <attribute name ="Control flow" value="2" />
  <attribute name="GC Util Range Max" value="189" />
  <attribute name="Current GC Util" value="168" />
  <attribute name= "Current Time Running" value="3680" />
<exclusive-end id="108" timestamp="2019-08-02T20:26:08.112" durationms="2.978" />

<exclusive-start id="109" timestamp="2019-08-02T20:26:08.142" intervalms="33.051">
  <response-info timems="0.021" idlems="0.021" threads="0" lastid="0000000001506A00" lastname="main" />
</exclusive-start>
<allocation-taxation id="110" taxation-threshold="2097152" timestamp="2019-08-02T20:26:08.142" intervalms="33.042" />
<cycle-start id="111" type="partial gc" contextid="0" timestamp="2019-08-02T20:26:08.142" intervalms="77.398" />
<gc-start id="112" type="partial gc" contextid="111" timestamp="2019-08-02T20:26:08.142">
  <mem-info id="113" free="0" total="9437184" percent="0">
    <mem type="eden" free="578064" total="5242880" percent="11" />
    <remembered-set count="6112" freebytes="352256" totalbytes="376704" percent="93" regionsoverflowed="0" regionsstable="0" regionsrebuilding="0"/>
  </mem-info>
</gc-start>
<allocation-stats totalBytes="4029488" >
  <allocated-bytes non-tlh="1459904" tlh="2569584" arrayletleaf="0"/>
  <largest-consumer threadName="main" threadId="0000000001506A00" bytes="2011080" />
</allocation-stats>
<gc-op id="114" type="sweep" timems="0.448" contextid="111" timestamp="2019-08-02T20:26:08.143" />
<gc-op id="115" type="mark" timems="2.053" contextid="111" timestamp="2019-08-02T20:26:08.146">
  <trace-info objectcount="13170" scancount="11122" scanbytes="414140" />
  <cardclean-info objects="1151" bytes="67660" />
  <remembered-set-cleared processed="3870" cleared="1896" durationms="0.075" />
  <finalization candidates="15" enqueued="0" />
  <ownableSynchronizers candidates="4" cleared="0" />
  <references type="soft" candidates="339" cleared="0" enqueued="0" dynamicThreshold="7" maxThreshold="32" />
  <references type="weak" candidates="1440" cleared="1" enqueued="1" />
  <references type="phantom" candidates="6" cleared="0" enqueued="0" />
  <stringconstants candidates="6446" cleared="0"  />
  <warning details="Mark invoked due to insufficient free space for Copy-Forward" />
</gc-op>
<gc-op id="116" type="classunload" timems="0.003" contextid="111" timestamp="2019-08-02T20:26:08.146">
  <classunload-info classloadercandidates="11" classloadersunloaded="0" classesunloaded="0" anonymousclassesunloaded="0" quiescems="0.000" setupms="0.002" scanms="0.000" postms="0.000" />
</gc-op>
<gc-op id="117" type="sweep" timems="1.068" contextid="111" timestamp="2019-08-02T20:26:08.147" />
<gc-op id="118" type="compact" timems="3.354" contextid="111" timestamp="2019-08-02T20:26:08.151">
  <compact-info movecount="12973" movebytes="1387240" />
  <remembered-set-cleared processed="11686" cleared="7718" durationms="0.078" />
</gc-op>
<heap-resize id="119" type="expand" space="default" amount="2097152" count="1" timems="0.062" reason="insufficient free space following gc" timestamp="2019-08-02T20:26:08.151" />
<gc-end id="120" type="partial gc" contextid="111" durationms="8.821" usertimems="12.000" systemtimems="0.000" timestamp="2019-08-02T20:26:08.151" activeThreads="8">
  <mem-info id="121" free="5242880" total="11534336" percent="45">
    <mem type="eden" free="703600" total="2097152" percent="33" />
    <pending-finalizers system="0" default="0" reference="1" classloader="0" />
    <remembered-set count="6592" freebytes="434048" totalbytes="460416" percent="94" regionsoverflowed="0" regionsstable="0" regionsrebuilding="0"/>
  </mem-info>
</gc-end>
<cycle-end id="122" type="partial gc" contextid="111" timestamp="2019-08-02T20:26:08.151" />
  <attribute name="elasticGC enabled" value="1" />
  <attribute name= "numThreadsSpecified" value="0" />
  <attribute name="heapSize specified" value="0" />
  <attribute name= "numCores" value="8" />
  <attribute name ="GC Interval" value="0" />
  <attribute name ="Control flow" value="2" />
  <attribute name="GC Util Range Max" value="189" />
  <attribute name="Current GC Util" value="112" />
  <attribute name= "Current Time Running" value="3716" />
<exclusive-end id="123" timestamp="2019-08-02T20:26:08.152" durationms="9.626" />

<exclusive-start id="124" timestamp="2019-08-02T20:26:08.222" intervalms="79.924">
  <response-info timems="0.030" idlems="0.030" threads="0" lastid="0000000001506A00" lastname="main" />
</exclusive-start>
<allocation-taxation id="125" taxation-threshold="2097152" timestamp="2019-08-02T20:26:08.222" intervalms="79.898" />
<cycle-start id="126" type="global mark phase" contextid="0" timestamp="2019-08-02T20:26:08.222" intervalms="221.487" />
<gc-start id="127" type="global mark phase" contextid="126" timestamp="2019-08-02T20:26:08.222">
  <mem-info id="128" free="3145728" total="11534336" percent="27">
    <remembered-set count="6208" freebytes="435584" totalbytes="460416" percent="94" regionsoverflowed="0" regionsstable="0" regionsrebuilding="0"/>
  </mem-info>
</gc-start>
<gc-op id="129" type="mark increment" timems="1.689" contextid="126" timestamp="2019-08-02T20:26:08.224">
  <trace-info objectcount="185" scancount="0" scanbytes="0" />
</gc-op>
<gc-end id="130" type="global mark phase" contextid="126" durationms="1.808" usertimems="4.000" systemtimems="0.000" timestamp="2019-08-02T20:26:08.224" activeThreads="8">
  <mem-info id="131" free="3145728" total="11534336" percent="27">
    <remembered-set count="6208" freebytes="435584" totalbytes="460416" percent="94" regionsoverflowed="0" regionsstable="0" regionsrebuilding="0"/>
  </mem-info>
</gc-end>
<concurrent-start id="132" type="GMP work packet processing" contextid="126" timestamp="2019-08-02T20:26:08.224">
  <concurrent-mark-start scanTarget="18446744073709551615" />
</concurrent-start>
<exclusive-end id="133" timestamp="2019-08-02T20:26:08.224" durationms="2.184" />

<concurrent-end id="134" type="GMP work packet processing" contextid="126" timestamp="2019-08-02T20:26:08.228">
  <concurrent-mark-end bytesScanned="1731056" reasonForTermination="Completed all work in GC phase" />
</concurrent-end>

<exclusive-start id="135" timestamp="2019-08-02T20:26:08.271" intervalms="49.225">
  <response-info timems="0.035" idlems="0.035" threads="0" lastid="0000000001506A00" lastname="main" />
</exclusive-start>
<allocation-taxation id="136" taxation-threshold="2097152" timestamp="2019-08-02T20:26:08.271" intervalms="49.225" />
<cycle-start id="137" type="partial gc" contextid="0" timestamp="2019-08-02T20:26:08.271" intervalms="129.109" />
<gc-start id="138" type="partial gc" contextid="137" timestamp="2019-08-02T20:26:08.272">
  <mem-info id="139" free="1048576" total="11534336" percent="9">
    <mem type="eden" free="0" total="4194304" percent="0" />
    <remembered-set count="6208" freebytes="435584" totalbytes="460416" percent="94" regionsoverflowed="0" regionsstable="0" regionsrebuilding="0"/>
  </mem-info>
</gc-start>
<allocation-stats totalBytes="4189944" >
  <allocated-bytes non-tlh="70816" tlh="4119128" arrayletleaf="0"/>
  <largest-consumer threadName="main" threadId="0000000001506A00" bytes="2095184" />
</allocation-stats>
<gc-op id="140" type="copy forward" timems="8.129" contextid="137" timestamp="2019-08-02T20:26:08.281">
  <memory-copied type="eden" objects="8376" bytes="370416" bytesdiscarded="22512" />
  <memory-copied type="other" objects="2518" bytes="904136" bytesdiscarded="97824" />
  <memory-cardclean objects="724" bytes="49480" />
  <regions eden="4" other="1" />
  <remembered-set-cleared processed="4312" cleared="581" durationms="0.071" />
  <references type="soft" candidates="143" cleared="0" enqueued="0" dynamicThreshold="8" maxThreshold="32" />
  <references type="weak" candidates="291" cleared="0" enqueued="0" />
  <references type="phantom" candidates="4" cleared="0" enqueued="0" />
  <stringconstants candidates="7097" cleared="0"  />
  <heap-resize type="expand" space="default" amount="1048576" count="1" timems="0.055" reason="continue current collection" />
</gc-op>
<gc-op id="141" type="classunload" timems="0.002" contextid="137" timestamp="2019-08-02T20:26:08.281">
  <classunload-info classloadercandidates="11" classloadersunloaded="0" classesunloaded="0" anonymousclassesunloaded="0" quiescems="0.000" setupms="0.002" scanms="0.000" postms="0.000" />
</gc-op>
<gc-op id="142" type="compact" timems="2.581" contextid="137" timestamp="2019-08-02T20:26:08.284">
  <compact-info movecount="0" movebytes="0" />
  <remembered-set-cleared processed="9836" cleared="581" durationms="0.081" />
</gc-op>
<gc-end id="143" type="partial gc" contextid="137" durationms="12.415" usertimems="24.000" systemtimems="0.000" timestamp="2019-08-02T20:26:08.284" activeThreads="8">
  <mem-info id="144" free="5242880" total="12582912" percent="41">
    <mem type="eden" free="655320" total="1048576" percent="62" />
    <remembered-set count="7392" freebytes="472704" totalbytes="502272" percent="94" regionsoverflowed="0" regionsstable="0" regionsrebuilding="0"/>
  </mem-info>
</gc-end>
<cycle-end id="145" type="partial gc" contextid="137" timestamp="2019-08-02T20:26:08.284" />
  <attribute name="elasticGC enabled" value="1" />
  <attribute name= "numThreadsSpecified" value="0" />
  <attribute name="heapSize specified" value="0" />
  <attribute name= "numCores" value="8" />
  <attribute name ="GC Interval" value="0" />
  <attribute name ="Control flow" value="2" />
  <attribute name="GC Util Range Max" value="189" />
  <attribute name="Current GC Util" value="159" />
  <attribute name= "Current Time Running" value="3850" />
<exclusive-end id="146" timestamp="2019-08-02T20:26:08.284" durationms="13.186" />

<exclusive-start id="147" timestamp="2019-08-02T20:26:08.329" intervalms="57.494">
  <response-info timems="0.058" idlems="0.058" threads="0" lastid="0000000001506A00" lastname="main" />
</exclusive-start>
<allocation-taxation id="148" taxation-threshold="2097152" timestamp="2019-08-02T20:26:08.329" intervalms="57.496" />
<gc-start id="149" type="global mark phase" contextid="126" timestamp="2019-08-02T20:26:08.329">
  <mem-info id="150" free="3145728" total="12582912" percent="25">
    <remembered-set count="7392" freebytes="472704" totalbytes="502272" percent="94" regionsoverflowed="0" regionsstable="0" regionsrebuilding="0"/>
  </mem-info>
</gc-start>
<gc-op id="151" type="mark increment" timems="4.534" contextid="126" timestamp="2019-08-02T20:26:08.333">
  <trace-info objectcount="3538" scancount="3057" scanbytes="115408" />
  <cardclean-info objects="2571" bytes="116296" />
  <finalization candidates="80" enqueued="0" />
  <ownableSynchronizers candidates="21" cleared="0" />
  <references type="soft" candidates="1022" cleared="0" enqueued="0" dynamicThreshold="13" maxThreshold="32" />
  <references type="weak" candidates="3509" cleared="2" enqueued="2" />
  <references type="phantom" candidates="100" cleared="0" enqueued="0" />
  <stringconstants candidates="7244" cleared="0"  />
</gc-op>
<gc-op id="152" type="classunload" timems="0.004" contextid="126" timestamp="2019-08-02T20:26:08.334">
  <classunload-info classloadercandidates="11" classloadersunloaded="0" classesunloaded="0" anonymousclassesunloaded="0" quiescems="0.000" setupms="0.004" scanms="0.000" postms="0.000" />
</gc-op>
<gc-end id="153" type="global mark phase" contextid="126" durationms="5.089" usertimems="8.000" systemtimems="0.000" timestamp="2019-08-02T20:26:08.334" activeThreads="8">
  <mem-info id="154" free="3145728" total="12582912" percent="25">
    <pending-finalizers system="0" default="0" reference="2" classloader="0" />
    <remembered-set count="7392" freebytes="472704" totalbytes="502272" percent="94" regionsoverflowed="0" regionsstable="0" regionsrebuilding="0"/>
  </mem-info>
</gc-end>
<cycle-end id="155" type="global mark phase" contextid="126" timestamp="2019-08-02T20:26:08.334" />
  <attribute name="elasticGC enabled" value="1" />
  <attribute name= "numThreadsSpecified" value="0" />
  <attribute name="heapSize specified" value="0" />
  <attribute name= "numCores" value="8" />
  <attribute name ="GC Interval" value="0" />
  <attribute name ="Control flow" value="2" />
  <attribute name="GC Util Range Max" value="189" />
  <attribute name="Current GC Util" value="144" />
  <attribute name= "Current Time Running" value="3900" />
<exclusive-end id="156" timestamp="2019-08-02T20:26:08.334" durationms="5.491" />

<exclusive-start id="157" timestamp="2019-08-02T20:26:08.375" intervalms="46.597">
  <response-info timems="0.032" idlems="0.032" threads="0" lastid="0000000001506A00" lastname="main" />
</exclusive-start>
<allocation-taxation id="158" taxation-threshold="2097152" timestamp="2019-08-02T20:26:08.375" intervalms="46.595" />
<cycle-start id="159" type="partial gc" contextid="0" timestamp="2019-08-02T20:26:08.375" intervalms="104.123" />
<gc-start id="160" type="partial gc" contextid="159" timestamp="2019-08-02T20:26:08.376">
  <mem-info id="161" free="1048576" total="12582912" percent="8">
    <mem type="eden" free="0" total="4194304" percent="0" />
    <remembered-set count="7392" freebytes="472704" totalbytes="502272" percent="94" regionsoverflowed="0" regionsstable="0" regionsrebuilding="0"/>
  </mem-info>
</gc-start>
<allocation-stats totalBytes="4189840" >
  <allocated-bytes non-tlh="73336" tlh="4116504" arrayletleaf="0"/>
  <largest-consumer threadName="main" threadId="0000000001506A00" bytes="2094168" />
</allocation-stats>
<gc-op id="162" type="sweep" timems="2.059" contextid="159" timestamp="2019-08-02T20:26:08.378" />
<gc-op id="163" type="copy forward" timems="4.961" contextid="159" timestamp="2019-08-02T20:26:08.384">
  <memory-copied type="eden" objects="1057" bytes="40984" bytesdiscarded="4735" />
  <memory-copied type="other" objects="10275" bytes="447832" bytesdiscarded="34689" />
  <memory-cardclean objects="618" bytes="30728" />
  <memory-traced type="eden" objects="938" bytes="57432" />
  <memory-traced type="other" objects="0" bytes="0" />
  <regions eden="2" other="3" evacuated="4" marked="1" />
  <remembered-set-cleared processed="5499" cleared="1331" durationms="0.098" />
  <references type="soft" candidates="54" cleared="0" enqueued="0" dynamicThreshold="8" maxThreshold="32" />
  <references type="weak" candidates="736" cleared="0" enqueued="0" />
  <stringconstants candidates="7386" cleared="0"  />
  <heap-resize type="expand" space="default" amount="1048576" count="1" timems="0.069" reason="continue current collection" />
</gc-op>
<gc-op id="164" type="classunload" timems="0.003" contextid="159" timestamp="2019-08-02T20:26:08.384">
  <classunload-info classloadercandidates="11" classloadersunloaded="0" classesunloaded="0" anonymousclassesunloaded="0" quiescems="0.000" setupms="0.002" scanms="0.000" postms="0.000" />
</gc-op>
<gc-op id="165" type="compact" timems="3.463" contextid="159" timestamp="2019-08-02T20:26:08.388">
  <compact-info movecount="1163" movebytes="92152" />
  <remembered-set-cleared processed="12477" cleared="2208" durationms="0.098" />
</gc-op>
<heap-resize id="166" type="expand" space="default" amount="2097152" count="1" timems="0.061" reason="insufficient free space following gc" timestamp="2019-08-02T20:26:08.388" />
<gc-end id="167" type="partial gc" contextid="159" durationms="12.440" usertimems="20.000" systemtimems="0.000" timestamp="2019-08-02T20:26:08.388" activeThreads="8">
  <mem-info id="168" free="6291456" total="15728640" percent="40">
    <mem type="eden" free="1865288" total="2097152" percent="88" />
    <remembered-set count="9056" freebytes="591616" totalbytes="627840" percent="94" regionsoverflowed="0" regionsstable="0" regionsrebuilding="0"/>
  </mem-info>
</gc-end>
<cycle-end id="169" type="partial gc" contextid="159" timestamp="2019-08-02T20:26:08.388" />
  <attribute name="elasticGC enabled" value="1" />
  <attribute name= "numThreadsSpecified" value="0" />
  <attribute name="heapSize specified" value="0" />
  <attribute name= "numCores" value="8" />
  <attribute name ="GC Interval" value="0" />
  <attribute name ="Control flow" value="2" />
  <attribute name="GC Util Range Max" value="189" />
  <attribute name="Current GC Util" value="167" />
  <attribute name= "Current Time Running" value="3953" />
<exclusive-end id="170" timestamp="2019-08-02T20:26:08.389" durationms="13.261" />

<exclusive-start id="171" timestamp="2019-08-02T20:26:08.474" intervalms="98.335">
  <response-info timems="0.057" idlems="0.029" threads="1" lastid="000000000150A600" lastname="JIT Compilation Thread-0" />
</exclusive-start>
<allocation-taxation id="172" taxation-threshold="6291456" timestamp="2019-08-02T20:26:08.474" intervalms="98.350" />
<cycle-start id="173" type="partial gc" contextid="0" timestamp="2019-08-02T20:26:08.474" intervalms="98.327" />
<gc-start id="174" type="partial gc" contextid="173" timestamp="2019-08-02T20:26:08.474">
  <mem-info id="175" free="0" total="15728640" percent="0">
    <mem type="eden" free="952840" total="7340032" percent="12" />
    <remembered-set count="8640" freebytes="593280" totalbytes="627840" percent="94" regionsoverflowed="0" regionsstable="0" regionsrebuilding="0"/>
  </mem-info>
</gc-start>
<allocation-stats totalBytes="6275936" >
  <allocated-bytes non-tlh="34048" tlh="6241888" arrayletleaf="0"/>
  <largest-consumer threadName="main" threadId="0000000001506A00" bytes="6275936" />
</allocation-stats>
<gc-op id="176" type="mark" timems="4.725" contextid="173" timestamp="2019-08-02T20:26:08.480">
  <trace-info objectcount="13063" scancount="11539" scanbytes="431324" />
  <cardclean-info objects="3175" bytes="155932" />
  <remembered-set-cleared processed="6482" cleared="1653" durationms="0.106" />
  <references type="soft" candidates="2" cleared="0" enqueued="0" dynamicThreshold="12" maxThreshold="32" />
  <references type="weak" candidates="672" cleared="2" enqueued="2" />
  <stringconstants candidates="7594" cleared="0"  />
  <warning details="Mark invoked due to insufficient free space for Copy-Forward" />
</gc-op>
<gc-op id="177" type="classunload" timems="0.003" contextid="173" timestamp="2019-08-02T20:26:08.480">
  <classunload-info classloadercandidates="11" classloadersunloaded="0" classesunloaded="0" anonymousclassesunloaded="0" quiescems="0.000" setupms="0.003" scanms="0.000" postms="0.000" />
</gc-op>
<gc-op id="178" type="sweep" timems="1.909" contextid="173" timestamp="2019-08-02T20:26:08.482" />
<gc-op id="179" type="compact" timems="4.429" contextid="173" timestamp="2019-08-02T20:26:08.487">
  <compact-info movecount="12808" movebytes="607784" />
  <remembered-set-cleared processed="16781" cleared="7103" durationms="0.106" />
</gc-op>
<heap-resize id="180" type="expand" space="default" amount="3145728" count="1" timems="0.068" reason="excessive time being spent in gc" timestamp="2019-08-02T20:26:08.487" />
<gc-end id="181" type="partial gc" contextid="173" durationms="13.365" usertimems="20.000" systemtimems="0.000" timestamp="2019-08-02T20:26:08.487" activeThreads="8">
  <mem-info id="182" free="9437184" total="18874368" percent="50">
    <mem type="eden" free="1477920" total="2097152" percent="70" />
    <pending-finalizers system="0" default="0" reference="2" classloader="0" />
    <remembered-set count="10816" freebytes="710144" totalbytes="753408" percent="94" regionsoverflowed="0" regionsstable="0" regionsrebuilding="0"/>
  </mem-info>
</gc-end>
<cycle-end id="183" type="partial gc" contextid="173" timestamp="2019-08-02T20:26:08.488" />
  <attribute name="elasticGC enabled" value="1" />
  <attribute name= "numThreadsSpecified" value="0" />
  <attribute name="heapSize specified" value="0" />
  <attribute name= "numCores" value="8" />
  <attribute name ="GC Interval" value="0" />
  <attribute name ="Control flow" value="2" />
  <attribute name="GC Util Range Max" value="189" />
  <attribute name="Current GC Util" value="108" />
  <attribute name= "Current Time Running" value="4052" />
<exclusive-end id="184" timestamp="2019-08-02T20:26:08.488" durationms="14.249" />

<exclusive-start id="185" timestamp="2019-08-02T20:26:08.601" intervalms="127.294">
  <response-info timems="0.022" idlems="0.022" threads="0" lastid="0000000001506A00" lastname="main" />
</exclusive-start>
<allocation-taxation id="186" taxation-threshold="9437184" timestamp="2019-08-02T20:26:08.601" intervalms="127.331" />
<cycle-start id="187" type="partial gc" contextid="0" timestamp="2019-08-02T20:26:08.601" intervalms="127.373" />
<gc-start id="188" type="partial gc" contextid="187" timestamp="2019-08-02T20:26:08.601">
  <mem-info id="189" free="0" total="18874368" percent="0">
    <mem type="eden" free="0" total="9437184" percent="0" />
    <remembered-set count="10400" freebytes="711808" totalbytes="753408" percent="94" regionsoverflowed="0" regionsstable="0" regionsrebuilding="0"/>
  </mem-info>
</gc-start>
<allocation-stats totalBytes="9433336" >
  <allocated-bytes non-tlh="362704" tlh="9070632" arrayletleaf="0"/>
  <largest-consumer threadName="main" threadId="0000000001506A00" bytes="9433336" />
</allocation-stats>
<gc-op id="190" type="mark" timems="4.858" contextid="187" timestamp="2019-08-02T20:26:08.607">
  <trace-info objectcount="20601" scancount="18317" scanbytes="763224" />
  <cardclean-info objects="2660" bytes="139424" />
  <remembered-set-cleared processed="7763" cleared="1863" durationms="0.115" />
  <references type="soft" candidates="73" cleared="0" enqueued="0" dynamicThreshold="16" maxThreshold="32" />
  <references type="weak" candidates="287" cleared="3" enqueued="3" />
  <references type="phantom" candidates="1" cleared="0" enqueued="0" />
  <stringconstants candidates="7846" cleared="0"  />
  <warning details="Mark invoked due to insufficient free space for Copy-Forward" />
</gc-op>
<gc-op id="191" type="classunload" timems="0.002" contextid="187" timestamp="2019-08-02T20:26:08.608">
  <classunload-info classloadercandidates="12" classloadersunloaded="0" classesunloaded="0" anonymousclassesunloaded="0" quiescems="0.000" setupms="0.002" scanms="0.000" postms="0.000" />
</gc-op>
<gc-op id="192" type="sweep" timems="2.001" contextid="187" timestamp="2019-08-02T20:26:08.610" />
<gc-op id="193" type="compact" timems="4.311" contextid="187" timestamp="2019-08-02T20:26:08.615">
  <compact-info movecount="13128" movebytes="943792" />
  <remembered-set-cleared processed="19783" cleared="7941" durationms="0.115" />
</gc-op>
<gc-end id="194" type="partial gc" contextid="187" durationms="13.462" usertimems="12.000" systemtimems="8.000" timestamp="2019-08-02T20:26:08.615" activeThreads="8">
  <mem-info id="195" free="8388608" total="18874368" percent="44">
    <mem type="eden" free="118928" total="1048576" percent="11" />
    <pending-finalizers system="0" default="0" reference="3" classloader="0" />
    <remembered-set count="11808" freebytes="706176" totalbytes="753408" percent="93" regionsoverflowed="0" regionsstable="0" regionsrebuilding="0"/>
  </mem-info>
</gc-end>
<cycle-end id="196" type="partial gc" contextid="187" timestamp="2019-08-02T20:26:08.615" />
  <attribute name="elasticGC enabled" value="1" />
  <attribute name= "numThreadsSpecified" value="0" />
  <attribute name="heapSize specified" value="0" />
  <attribute name= "numCores" value="8" />
  <attribute name ="GC Interval" value="0" />
  <attribute name ="Control flow" value="2" />
  <attribute name="GC Util Range Max" value="189" />
  <attribute name="Current GC Util" value="138" />
  <attribute name= "Current Time Running" value="4179" />
<exclusive-end id="197" timestamp="2019-08-02T20:26:08.615" durationms="14.526" />

<exclusive-start id="198" timestamp="2019-08-02T20:26:08.711" intervalms="109.693">
  <response-info timems="0.027" idlems="0.027" threads="0" lastid="0000000001506A00" lastname="main" />
</exclusive-start>
<allocation-taxation id="199" taxation-threshold="8388608" timestamp="2019-08-02T20:26:08.711" intervalms="109.636" />
<cycle-start id="200" type="partial gc" contextid="0" timestamp="2019-08-02T20:26:08.711" intervalms="109.590" />
<gc-start id="201" type="partial gc" contextid="200" timestamp="2019-08-02T20:26:08.711">
  <mem-info id="202" free="0" total="18874368" percent="0">
    <mem type="eden" free="0" total="8388608" percent="0" />
    <remembered-set count="11808" freebytes="706176" totalbytes="753408" percent="93" regionsoverflowed="0" regionsstable="0" regionsrebuilding="0"/>
  </mem-info>
</gc-start>
<allocation-stats totalBytes="8370336" >
  <allocated-bytes non-tlh="58872" tlh="8311464" arrayletleaf="0"/>
  <largest-consumer threadName="main" threadId="0000000001506A00" bytes="8370336" />
</allocation-stats>
<gc-op id="203" type="mark" timems="5.686" contextid="200" timestamp="2019-08-02T20:26:08.718">
  <trace-info objectcount="7701" scancount="6895" scanbytes="235792" />
  <cardclean-info objects="1360" bytes="80396" />
  <remembered-set-cleared processed="9207" cleared="1803" durationms="0.120" />
  <references type="soft" candidates="295" cleared="0" enqueued="0" dynamicThreshold="14" maxThreshold="32" />
  <references type="weak" candidates="508" cleared="8" enqueued="7" />
  <references type="phantom" candidates="1" cleared="0" enqueued="0" />
  <stringconstants candidates="8295" cleared="0"  />
  <warning details="Mark invoked due to insufficient free space for Copy-Forward" />
</gc-op>
<gc-op id="204" type="classunload" timems="0.003" contextid="200" timestamp="2019-08-02T20:26:08.718">
  <classunload-info classloadercandidates="14" classloadersunloaded="0" classesunloaded="0" anonymousclassesunloaded="0" quiescems="0.000" setupms="0.003" scanms="0.000" postms="0.000" />
</gc-op>
<gc-op id="205" type="sweep" timems="1.922" contextid="200" timestamp="2019-08-02T20:26:08.720" />
<gc-op id="206" type="compact" timems="4.663" contextid="200" timestamp="2019-08-02T20:26:08.725">
  <compact-info movecount="7686" movebytes="373872" />
  <remembered-set-cleared processed="21275" cleared="6440" durationms="0.120" />
</gc-op>
<heap-resize id="207" type="expand" space="default" amount="1048576" count="1" timems="0.057" reason="insufficient free space following gc" timestamp="2019-08-02T20:26:08.725" />
<gc-end id="208" type="partial gc" contextid="200" durationms="14.328" usertimems="20.000" systemtimems="0.000" timestamp="2019-08-02T20:26:08.725" activeThreads="8">
  <mem-info id="209" free="8388608" total="19922944" percent="42">
    <mem type="eden" free="788944" total="1048576" percent="75" />
    <pending-finalizers system="0" default="0" reference="7" classloader="0" />
    <remembered-set count="11968" freebytes="747392" totalbytes="795264" percent="93" regionsoverflowed="0" regionsstable="0" regionsrebuilding="0"/>
  </mem-info>
</gc-end>
<cycle-end id="210" type="partial gc" contextid="200" timestamp="2019-08-02T20:26:08.725" />
  <attribute name="elasticGC enabled" value="1" />
  <attribute name= "numThreadsSpecified" value="0" />
  <attribute name="heapSize specified" value="0" />
  <attribute name= "numCores" value="8" />
  <attribute name ="GC Interval" value="0" />
  <attribute name ="Control flow" value="2" />
  <attribute name="GC Util Range Max" value="189" />
  <attribute name="Current GC Util" value="122" />
  <attribute name= "Current Time Running" value="4289" />
<exclusive-end id="211" timestamp="2019-08-02T20:26:08.726" durationms="15.201" />

<exclusive-start id="212" timestamp="2019-08-02T20:26:08.773" intervalms="62.732">
  <response-info timems="0.076" idlems="0.076" threads="0" lastid="0000000001506A00" lastname="main" />
</exclusive-start>
<allocation-taxation id="213" taxation-threshold="8388608" timestamp="2019-08-02T20:26:08.773" intervalms="62.787" />
<cycle-start id="214" type="partial gc" contextid="0" timestamp="2019-08-02T20:26:08.774" intervalms="62.815" />
<gc-start id="215" type="partial gc" contextid="214" timestamp="2019-08-02T20:26:08.774">
  <mem-info id="216" free="0" total="19922944" percent="0">
    <mem type="eden" free="0" total="8388608" percent="0" />
    <remembered-set count="11616" freebytes="748800" totalbytes="795264" percent="94" regionsoverflowed="0" regionsstable="0" regionsrebuilding="0"/>
  </mem-info>
</gc-start>
<allocation-stats totalBytes="8386880" >
  <allocated-bytes non-tlh="268136" tlh="8118744" arrayletleaf="0"/>
  <largest-consumer threadName="main" threadId="0000000001506A00" bytes="8386880" />
</allocation-stats>
<gc-op id="217" type="mark" timems="7.409" contextid="214" timestamp="2019-08-02T20:26:08.782">
  <trace-info objectcount="10804" scancount="8498" scanbytes="335760" />
  <cardclean-info objects="597" bytes="46952" />
  <remembered-set-cleared processed="9554" cleared="1271" durationms="0.334" />
  <references type="soft" candidates="224" cleared="0" enqueued="0" dynamicThreshold="13" maxThreshold="32" />
  <references type="weak" candidates="420" cleared="0" enqueued="0" />
  <stringconstants candidates="8310" cleared="0"  />
  <warning details="Mark invoked due to insufficient free space for Copy-Forward" />
</gc-op>
<gc-op id="218" type="classunload" timems="0.003" contextid="214" timestamp="2019-08-02T20:26:08.783">
  <classunload-info classloadercandidates="14" classloadersunloaded="0" classesunloaded="0" anonymousclassesunloaded="0" quiescems="0.000" setupms="0.002" scanms="0.000" postms="0.000" />
</gc-op>
<gc-op id="219" type="sweep" timems="2.450" contextid="214" timestamp="2019-08-02T20:26:08.785" />
<gc-op id="220" type="compact" timems="4.998" contextid="214" timestamp="2019-08-02T20:26:08.790">
  <compact-info movecount="6717" movebytes="341504" />
  <remembered-set-cleared processed="21112" cleared="4519" durationms="0.334" />
</gc-op>
<heap-resize id="221" type="expand" space="default" amount="2097152" count="1" timems="0.061" reason="insufficient free space following gc" timestamp="2019-08-02T20:26:08.791" />
<gc-end id="222" type="partial gc" contextid="214" durationms="17.214" usertimems="28.000" systemtimems="0.000" timestamp="2019-08-02T20:26:08.791" activeThreads="8">
  <mem-info id="223" free="9437184" total="22020096" percent="42">
    <mem type="eden" free="764224" total="1048576" percent="72" />
    <remembered-set count="12544" freebytes="828800" totalbytes="878976" percent="94" regionsoverflowed="0" regionsstable="0" regionsrebuilding="0"/>
  </mem-info>
</gc-end>
<cycle-end id="224" type="partial gc" contextid="214" timestamp="2019-08-02T20:26:08.791" />
  <attribute name="elasticGC enabled" value="1" />
  <attribute name= "numThreadsSpecified" value="0" />
  <attribute name="heapSize specified" value="0" />
  <attribute name= "numCores" value="8" />
  <attribute name ="GC Interval" value="0" />
  <attribute name ="Control flow" value="2" />
  <attribute name="GC Util Range Max" value="189" />
  <attribute name="Current GC Util" value="148" />
  <attribute name= "Current Time Running" value="4355" />
<exclusive-end id="225" timestamp="2019-08-02T20:26:08.792" durationms="18.221" />

<exclusive-start id="226" timestamp="2019-08-02T20:26:08.867" intervalms="94.039">
  <response-info timems="0.025" idlems="0.025" threads="0" lastid="0000000001506A00" lastname="main" />
</exclusive-start>
<sys-start reason="explicit" id="227" timestamp="2019-08-02T20:26:08.867" intervalms="5998.209" />
<cycle-start id="228" type="global garbage collect" contextid="0" timestamp="2019-08-02T20:26:08.867" intervalms="5998.283" />
<gc-start id="229" type="global garbage collect" contextid="228" timestamp="2019-08-02T20:26:08.868">
  <mem-info id="230" free="5561360" total="22020096" percent="25">
    <mem type="eden" free="318480" total="4194304" percent="7" />
    <remembered-set count="12160" freebytes="830336" totalbytes="878976" percent="94" regionsoverflowed="0" regionsstable="0" regionsrebuilding="0"/>
  </mem-info>
</gc-start>
<allocation-stats totalBytes="3874992" >
  <allocated-bytes non-tlh="439712" tlh="3435280" arrayletleaf="0"/>
  <largest-consumer threadName="main" threadId="0000000001506A00" bytes="3874992" />
</allocation-stats>
<gc-op id="231" type="global mark" timems="8.976" contextid="228" timestamp="2019-08-02T20:26:08.877">
  <trace-info objectcount="74590" scancount="60844" scanbytes="2101364" />
  <finalization candidates="80" enqueued="0" />
  <ownableSynchronizers candidates="21" cleared="0" />
  <references type="soft" candidates="1640" cleared="0" enqueued="0" dynamicThreshold="13" maxThreshold="32" />
  <references type="weak" candidates="4517" cleared="32" enqueued="30" />
  <references type="phantom" candidates="101" cleared="2" enqueued="2" />
  <stringconstants candidates="8680" cleared="15"  />
</gc-op>
<gc-op id="232" type="classunload" timems="0.391" contextid="228" timestamp="2019-08-02T20:26:08.877">
  <classunload-info classloadercandidates="17" classloadersunloaded="1" classesunloaded="1" anonymousclassesunloaded="0" quiescems="0.000" setupms="0.380" scanms="0.007" postms="0.004" />
</gc-op>
<gc-op id="233" type="sweep" timems="2.397" contextid="228" timestamp="2019-08-02T20:26:08.880" />
<gc-op id="234" type="compact" timems="10.789" contextid="228" timestamp="2019-08-02T20:26:08.891">
  <compact-info movecount="73138" movebytes="4197368" />
  <remembered-set-cleared processed="24668" cleared="24668" durationms="0.181" />
</gc-op>
<gc-end id="235" type="global garbage collect" contextid="228" durationms="23.911" usertimems="40.000" systemtimems="0.000" timestamp="2019-08-02T20:26:08.892" activeThreads="8">
  <mem-info id="236" free="8388608" total="22020096" percent="38">
    <pending-finalizers system="0" default="0" reference="32" classloader="0" />
    <remembered-set count="11776" freebytes="831872" totalbytes="878976" percent="94" regionsoverflowed="0" regionsstable="0" regionsrebuilding="0"/>
  </mem-info>
</gc-end>
<cycle-end id="237" type="global garbage collect" contextid="228" timestamp="2019-08-02T20:26:08.892" />
  <attribute name="elasticGC enabled" value="1" />
  <attribute name= "numThreadsSpecified" value="0" />
  <attribute name="heapSize specified" value="0" />
  <attribute name= "numCores" value="8" />
  <attribute name ="GC Interval" value="0" />
  <attribute name ="Control flow" value="2" />
  <attribute name="GC Util Range Max" value="189" />
  <attribute name="Current GC Util" value="102" />
  <attribute name= "Current Time Running" value="4450" />
<sys-end id="238" timestamp="2019-08-02T20:26:08.892" />
<exclusive-end id="239" timestamp="2019-08-02T20:26:08.892" durationms="24.853" />

<exclusive-start id="240" timestamp="2019-08-02T20:26:09.080" intervalms="212.329">
  <response-info timems="0.072" idlems="0.072" threads="0" lastid="0000000001506A00" lastname="main" />
</exclusive-start>
<allocation-taxation id="241" taxation-threshold="8388608" timestamp="2019-08-02T20:26:09.080" intervalms="306.423" />
<cycle-start id="242" type="partial gc" contextid="0" timestamp="2019-08-02T20:26:09.080" intervalms="306.481" />
<gc-start id="243" type="partial gc" contextid="242" timestamp="2019-08-02T20:26:09.080">
  <mem-info id="244" free="0" total="22020096" percent="0">
    <mem type="eden" free="0" total="8388608" percent="0" />
    <remembered-set count="11584" freebytes="832640" totalbytes="878976" percent="94" regionsoverflowed="0" regionsstable="0" regionsrebuilding="0"/>
  </mem-info>
</gc-start>
<allocation-stats totalBytes="8388000" >
  <allocated-bytes non-tlh="463952" tlh="7924048" arrayletleaf="0"/>
  <largest-consumer threadName="main" threadId="0000000001506A00" bytes="8379752" />
</allocation-stats>
<gc-op id="245" type="mark" timems="3.275" contextid="242" timestamp="2019-08-02T20:26:09.085">
  <trace-info objectcount="599" scancount="552" scanbytes="52812" />
  <cardclean-info objects="679" bytes="38052" />
  <remembered-set-cleared processed="8853" cleared="147" durationms="0.135" />
  <references type="soft" candidates="34" cleared="0" enqueued="0" dynamicThreshold="12" maxThreshold="32" />
  <references type="weak" candidates="22" cleared="11" enqueued="11" />
  <references type="phantom" candidates="5" cleared="2" enqueued="2" />
  <stringconstants candidates="8698" cleared="12"  />
  <warning details="Mark invoked due to insufficient free space for Copy-Forward" />
</gc-op>
<gc-op id="246" type="classunload" timems="0.003" contextid="242" timestamp="2019-08-02T20:26:09.085">
  <classunload-info classloadercandidates="17" classloadersunloaded="0" classesunloaded="0" anonymousclassesunloaded="0" quiescems="0.000" setupms="0.003" scanms="0.000" postms="0.000" />
</gc-op>
<gc-op id="247" type="sweep" timems="0.972" contextid="242" timestamp="2019-08-02T20:26:09.087" />
<gc-op id="248" type="compact" timems="1.686" contextid="242" timestamp="2019-08-02T20:26:09.088">
  <compact-info movecount="599" movebytes="333624" />
  <remembered-set-cleared processed="18020" cleared="572" durationms="0.135" />
</gc-op>
<heap-resize id="249" type="expand" space="default" amount="1048576" count="1" timems="0.059" reason="insufficient free space following gc" timestamp="2019-08-02T20:26:09.089" />
<gc-end id="250" type="partial gc" contextid="242" durationms="8.638" usertimems="16.000" systemtimems="0.000" timestamp="2019-08-02T20:26:09.089" activeThreads="8">
  <mem-info id="251" free="8388608" total="23068672" percent="36">
    <mem type="eden" free="714952" total="1048576" percent="68" />
    <pending-finalizers system="0" default="0" reference="13" classloader="0" />
    <remembered-set count="12160" freebytes="872192" totalbytes="920832" percent="94" regionsoverflowed="0" regionsstable="0" regionsrebuilding="0"/>
  </mem-info>
</gc-end>
<cycle-end id="252" type="partial gc" contextid="242" timestamp="2019-08-02T20:26:09.089" />
  <attribute name="elasticGC enabled" value="1" />
  <attribute name= "numThreadsSpecified" value="0" />
  <attribute name="heapSize specified" value="0" />
  <attribute name= "numCores" value="8" />
  <attribute name ="GC Interval" value="0" />
  <attribute name ="Control flow" value="2" />
  <attribute name="GC Util Range Max" value="189" />
  <attribute name="Current GC Util" value="147" />
  <attribute name= "Current Time Running" value="4656" />
<exclusive-end id="253" timestamp="2019-08-02T20:26:09.089" durationms="9.780" />

<exclusive-start id="254" timestamp="2019-08-02T20:26:09.143" intervalms="63.009">
  <response-info timems="0.083" idlems="0.083" threads="0" lastid="0000000001506A00" lastname="main" />
</exclusive-start>
<allocation-taxation id="255" taxation-threshold="8388608" timestamp="2019-08-02T20:26:09.143" intervalms="63.027" />
<cycle-start id="256" type="partial gc" contextid="0" timestamp="2019-08-02T20:26:09.143" intervalms="63.081" />
<gc-start id="257" type="partial gc" contextid="256" timestamp="2019-08-02T20:26:09.143">
  <mem-info id="258" free="0" total="23068672" percent="0">
    <mem type="eden" free="714952" total="9437184" percent="7" />
    <remembered-set count="12160" freebytes="872192" totalbytes="920832" percent="94" regionsoverflowed="0" regionsstable="0" regionsrebuilding="0"/>
  </mem-info>
</gc-start>
<allocation-stats totalBytes="8388088" >
  <allocated-bytes non-tlh="0" tlh="8388088" arrayletleaf="0"/>
  <largest-consumer threadName="main" threadId="0000000001506A00" bytes="8383992" />
</allocation-stats>
<gc-op id="259" type="mark" timems="1.921" contextid="256" timestamp="2019-08-02T20:26:09.146">
  <trace-info objectcount="568" scancount="525" scanbytes="52068" />
  <cardclean-info objects="188" bytes="21856" />
  <remembered-set-cleared processed="9030" cleared="229" durationms="0.101" />
  <references type="soft" candidates="34" cleared="0" enqueued="0" dynamicThreshold="11" maxThreshold="32" />
  <references type="weak" candidates="10" cleared="0" enqueued="0" />
  <references type="phantom" candidates="3" cleared="0" enqueued="0" />
  <stringconstants candidates="8686" cleared="0"  />
  <warning details="Mark invoked due to insufficient free space for Copy-Forward" />
</gc-op>
<gc-op id="260" type="classunload" timems="0.002" contextid="256" timestamp="2019-08-02T20:26:09.146">
  <classunload-info classloadercandidates="17" classloadersunloaded="0" classesunloaded="0" anonymousclassesunloaded="0" quiescems="0.000" setupms="0.002" scanms="0.000" postms="0.000" />
</gc-op>
<gc-op id="261" type="sweep" timems="0.870" contextid="256" timestamp="2019-08-02T20:26:09.147" />
<gc-op id="262" type="compact" timems="1.731" contextid="256" timestamp="2019-08-02T20:26:09.149">
  <compact-info movecount="568" movebytes="332656" />
  <remembered-set-cleared processed="18209" cleared="595" durationms="0.116" />
</gc-op>
<heap-resize id="263" type="expand" space="default" amount="1048576" count="1" timems="0.062" reason="insufficient free space following gc" timestamp="2019-08-02T20:26:09.150" />
<gc-end id="264" type="partial gc" contextid="256" durationms="6.515" usertimems="8.000" systemtimems="0.000" timestamp="2019-08-02T20:26:09.150" activeThreads="8">
  <mem-info id="265" free="8388608" total="24117248" percent="34">
    <mem type="eden" free="1764496" total="2097152" percent="84" />
    <remembered-set count="12448" freebytes="912896" totalbytes="962688" percent="94" regionsoverflowed="0" regionsstable="0" regionsrebuilding="0"/>
  </mem-info>
</gc-end>
<cycle-end id="266" type="partial gc" contextid="256" timestamp="2019-08-02T20:26:09.150" />
  <attribute name="elasticGC enabled" value="1" />
  <attribute name= "numThreadsSpecified" value="0" />
  <attribute name="heapSize specified" value="0" />
  <attribute name= "numCores" value="8" />
  <attribute name ="GC Interval" value="0" />
  <attribute name ="Control flow" value="2" />
  <attribute name="GC Util Range Max" value="189" />
  <attribute name="Current GC Util" value="148" />
  <attribute name= "Current Time Running" value="4717" />
<exclusive-end id="267" timestamp="2019-08-02T20:26:09.150" durationms="7.605" />

<exclusive-start id="268" timestamp="2019-08-02T20:26:09.185" intervalms="41.843">
  <response-info timems="0.085" idlems="0.085" threads="0" lastid="0000000001506A00" lastname="main" />
</exclusive-start>
<allocation-taxation id="269" taxation-threshold="8388608" timestamp="2019-08-02T20:26:09.185" intervalms="41.829" />
<cycle-start id="270" type="partial gc" contextid="0" timestamp="2019-08-02T20:26:09.185" intervalms="41.828" />
<gc-start id="271" type="partial gc" contextid="270" timestamp="2019-08-02T20:26:09.185">
  <mem-info id="272" free="0" total="24117248" percent="0">
    <mem type="eden" free="1015616" total="9437184" percent="10" />
    <remembered-set count="12448" freebytes="912896" totalbytes="962688" percent="94" regionsoverflowed="0" regionsstable="0" regionsrebuilding="0"/>
  </mem-info>
</gc-start>
<allocation-stats totalBytes="8357680" >
  <allocated-bytes non-tlh="0" tlh="8357680" arrayletleaf="0"/>
  <largest-consumer threadName="main" threadId="0000000001506A00" bytes="8357680" />
</allocation-stats>
<gc-op id="273" type="mark" timems="3.437" contextid="270" timestamp="2019-08-02T20:26:09.189">
  <trace-info objectcount="14" scancount="14" scanbytes="33056" />
  <cardclean-info objects="15" bytes="504" />
  <remembered-set-cleared processed="9137" cleared="9" durationms="0.086" />
  <stringconstants candidates="8686" cleared="0"  />
  <warning details="Mark invoked due to insufficient free space for Copy-Forward" />
</gc-op>
<gc-op id="274" type="classunload" timems="0.002" contextid="270" timestamp="2019-08-02T20:26:09.190">
  <classunload-info classloadercandidates="17" classloadersunloaded="0" classesunloaded="0" anonymousclassesunloaded="0" quiescems="0.000" setupms="0.002" scanms="0.000" postms="0.000" />
</gc-op>
<gc-op id="275" type="sweep" timems="1.164" contextid="270" timestamp="2019-08-02T20:26:09.191" />
<gc-op id="276" type="compact" timems="1.692" contextid="270" timestamp="2019-08-02T20:26:09.193">
  <compact-info movecount="14" movebytes="33072" />
  <remembered-set-cleared processed="18276" cleared="20" durationms="0.118" />
</gc-op>
<heap-resize id="277" type="expand" space="default" amount="2097152" count="1" timems="0.057" reason="insufficient free space following gc" timestamp="2019-08-02T20:26:09.193" />
<gc-end id="278" type="partial gc" contextid="270" durationms="8.122" usertimems="12.000" systemtimems="0.000" timestamp="2019-08-02T20:26:09.193" activeThreads="8">
  <mem-info id="279" free="10485760" total="26214400" percent="40">
    <mem type="eden" free="1015504" total="1048576" percent="96" />
    <remembered-set count="12448" freebytes="996608" totalbytes="1046400" percent="95" regionsoverflowed="0" regionsstable="0" regionsrebuilding="0"/>
  </mem-info>
</gc-end>
<cycle-end id="280" type="partial gc" contextid="270" timestamp="2019-08-02T20:26:09.194" />
  <attribute name="elasticGC enabled" value="1" />
  <attribute name= "numThreadsSpecified" value="0" />
  <attribute name="heapSize specified" value="0" />
  <attribute name= "numCores" value="8" />
  <attribute name ="GC Interval" value="0" />
  <attribute name ="Control flow" value="2" />
  <attribute name="GC Util Range Max" value="189" />
  <attribute name="Current GC Util" value="123" />
  <attribute name= "Current Time Running" value="4760" />
<exclusive-end id="281" timestamp="2019-08-02T20:26:09.194" durationms="9.274" />

<exclusive-start id="282" timestamp="2019-08-02T20:26:09.257" intervalms="72.906">
  <response-info timems="0.030" idlems="0.030" threads="0" lastid="0000000001506A00" lastname="main" />
</exclusive-start>
<allocation-taxation id="283" taxation-threshold="10485760" timestamp="2019-08-02T20:26:09.258" intervalms="72.798" />
<cycle-start id="284" type="partial gc" contextid="0" timestamp="2019-08-02T20:26:09.258" intervalms="72.650" />
<gc-start id="285" type="partial gc" contextid="284" timestamp="2019-08-02T20:26:09.258">
  <mem-info id="286" free="0" total="26214400" percent="0">
    <mem type="eden" free="1015504" total="11534336" percent="8" />
    <remembered-set count="12448" freebytes="996608" totalbytes="1046400" percent="95" regionsoverflowed="0" regionsstable="0" regionsrebuilding="0"/>
  </mem-info>
</gc-start>
<allocation-stats totalBytes="10477320" >
  <allocated-bytes non-tlh="68048" tlh="10409272" arrayletleaf="0"/>
  <largest-consumer threadName="main" threadId="0000000001506A00" bytes="10477320" />
</allocation-stats>
<gc-op id="287" type="mark" timems="3.367" contextid="284" timestamp="2019-08-02T20:26:09.262">
  <trace-info objectcount="2183" scancount="1602" scanbytes="78568" />
  <cardclean-info objects="302" bytes="15964" />
  <remembered-set-cleared processed="9210" cleared="155" durationms="0.100" />
  <references type="soft" candidates="3" cleared="0" enqueued="0" dynamicThreshold="12" maxThreshold="32" />
  <references type="weak" candidates="27" cleared="17" enqueued="17" />
  <references type="phantom" candidates="4" cleared="2" enqueued="2" />
  <stringconstants candidates="9087" cleared="0"  />
  <warning details="Mark invoked due to insufficient free space for Copy-Forward" />
</gc-op>
<gc-op id="288" type="classunload" timems="0.003" contextid="284" timestamp="2019-08-02T20:26:09.262">
  <classunload-info classloadercandidates="17" classloadersunloaded="0" classesunloaded="0" anonymousclassesunloaded="0" quiescems="0.000" setupms="0.003" scanms="0.000" postms="0.000" />
</gc-op>
<gc-op id="289" type="sweep" timems="1.241" contextid="284" timestamp="2019-08-02T20:26:09.263" />
<gc-op id="290" type="compact" timems="3.014" contextid="284" timestamp="2019-08-02T20:26:09.267">
  <compact-info movecount="2183" movebytes="113384" />
  <remembered-set-cleared processed="18550" cleared="404" durationms="0.118" />
</gc-op>
<heap-resize id="291" type="expand" space="default" amount="5242880" count="1" timems="0.079" reason="excessive time being spent in gc" timestamp="2019-08-02T20:26:09.267" />
<gc-end id="292" type="partial gc" contextid="284" durationms="9.526" usertimems="12.000" systemtimems="0.000" timestamp="2019-08-02T20:26:09.267" activeThreads="8">
  <mem-info id="293" free="15728640" total="31457280" percent="50">
    <mem type="eden" free="935192" total="1048576" percent="89" />
    <pending-finalizers system="0" default="0" reference="19" classloader="0" />
    <remembered-set count="13024" freebytes="1203584" totalbytes="1255680" percent="95" regionsoverflowed="0" regionsstable="0" regionsrebuilding="0"/>
  </mem-info>
</gc-end>
<cycle-end id="294" type="partial gc" contextid="284" timestamp="2019-08-02T20:26:09.268" />
  <attribute name="elasticGC enabled" value="1" />
  <attribute name= "numThreadsSpecified" value="0" />
  <attribute name="heapSize specified" value="0" />
  <attribute name= "numCores" value="8" />
  <attribute name ="GC Interval" value="0" />
  <attribute name ="Control flow" value="2" />
  <attribute name="GC Util Range Max" value="189" />
  <attribute name="Current GC Util" value="115" />
  <attribute name= "Current Time Running" value="4833" />
<exclusive-end id="295" timestamp="2019-08-02T20:26:09.268" durationms="10.364" />

</verbosegc>

