<?xml version="1.0" ?>

<verbosegc xmlns="http://www.ibm.com/j9/verbosegc" version="10b4217_CMPRSS">

<initialized id="1" timestamp="2019-06-15T18:56:40.207">
  <attribute name="gcPolicy" value="-Xgcpolicy:balanced" />
  <attribute name="elasticGC enabled" value="1" />
  <attribute name= "numThreadsSpecified" value="0" />
  <attribute name="heapSize specified" value="0" />
  <attribute name="Current GC Util" value="0" />
  <attribute name= "Current Time Running" value="0" />
  <attribute name ="GC Interval" value="0" />
  <attribute name="ProportionalT" value="0.000000" />
  <attribute name="ProportionalI" value="0.000000" />
  <attribute name="ProportionalH" value="0.000000" />
  <attribute name="IntegralT" value="0.000000" />
  <attribute name="IntegralI" value="0.000000" />
  <attribute name="IntegralH" value="0.000000" />
  <attribute name="DerivativeT" value="0.000000" />
  <attribute name="DerivativeI" value="0.000000" />
  <attribute name="DerivativeH" value="0.000000" />
  <attribute name="Target GC Util Change" value ="0.000000" />
  <attribute name="Current GC Util Change" value="0.000000"/>
  <attribute name="Current Error" value="0.000000" />
  <attribute name="Loop Time for DT" value="0.000000" />
  <attribute name="Output H" value="0"/>
  <attribute name="Output I" value="0"/>
  <attribute name="Output T" value="0"/>
  <attribute name="GC Util currently" value="0" />
  <attribute name="CPU Util currently" value="0" />
  <attribute name="maxHeapSize" value="0x7cb00000" />
  <attribute name="initialHeapSize" value="0x800000" />
  <attribute name="compressedRefs" value="true" />
  <attribute name="compressedRefsDisplacement" value="0x0" />
  <attribute name="compressedRefsShift" value="0x0" />
  <attribute name="pageSize" value="0x1000" />
  <attribute name="pageType" value="not used" />
  <attribute name="requestedPageSize" value="0x1000" />
  <attribute name="requestedPageType" value="not used" />
  <attribute name="gcthreads" value="4" />
  <attribute name="packetListSplit" value="4" />
  <attribute name="cacheListSplit" value="4" />
  <attribute name="splitFreeListSplitAmount" value="1" />
  <attribute name="numaNodes" value="0" />
  <region>
    <attribute name="regionSize" value="1048576" />
    <attribute name="regionCount" value="1995" />
    <attribute name="arrayletLeafSize" value="1048576" />
  </region>
  <system>
    <attribute name="physicalMemory" value="8370962432" />
    <attribute name="numCPUs" value="4" />
    <attribute name="architecture" value="amd64" />
    <attribute name="os" value="Linux" />
    <attribute name="osVersion" value="4.4.0-148-generic" />
  </system>
  <vmargs>
    <vmarg name="-Xoptionsfile=/vagrant/jdk/lib/options.default" />
    <vmarg name="-Xlockword:mode=default,noLockword=java/lang/String,noLockword=java/util/MapEntry,noLockword=java/util/HashMap$Entry,noLockword..." />
    <vmarg name="-Xjcl:jclse29" />
    <vmarg name="-Dcom.ibm.oti.vm.bootstrap.library.path=/vagrant/jdk/lib/compressedrefs:/vagrant/jdk/lib" />
    <vmarg name="-Dsun.boot.library.path=/vagrant/jdk/lib/compressedrefs:/vagrant/jdk/lib" />
    <vmarg name="-Djava.library.path=/vagrant/jdk/lib/compressedrefs:/vagrant/jdk/lib:/usr/lib64:/usr/lib" />
    <vmarg name="-Djava.home=/vagrant/jdk" />
    <vmarg name="-Duser.dir=/vagrant" />
    <vmarg name="-Xgcpolicy:balanced" />
    <vmarg name="-Xgcelastic" />
    <vmarg name="-Xcheck:gc:::elasticGC" />
    <vmarg name="-verbose:gc" />
    <vmarg name="-Xloggc:small-Balanced-jdk-1.5-1-0.5-verbose10xalan.txt" />
    <vmarg name="-Djava.class.path=dacapo-9.12-MR1-bach.jar" />
    <vmarg name="-Dsun.java.command=dacapo-9.12-MR1-bach.jar xalan --size=small" />
    <vmarg name="-Dsun.java.launcher=SUN_STANDARD" />
    <vmarg name="-Dsun.java.launcher.pid=6900" />
  </vmargs>
</initialized>

<exclusive-start id="2" timestamp="2019-06-15T18:56:40.783" intervalms="575.776">
  <response-info timems="0.053" idlems="0.053" threads="0" lastid="0000000000EFD700" lastname="main" />
</exclusive-start>
<allocation-taxation id="3" taxation-threshold="8388608" timestamp="2019-06-15T18:56:40.783" intervalms="576.013" />
<cycle-start id="4" type="partial gc" contextid="0" timestamp="2019-06-15T18:56:40.783" intervalms="576.250" />
<gc-start id="5" type="partial gc" contextid="4" timestamp="2019-06-15T18:56:40.783">
  <mem-info id="6" free="0" total="8388608" percent="0">
    <mem type="eden" free="80" total="8388608" percent="0" />
    <remembered-set count="0" freebytes="334848" totalbytes="334848" percent="100" regionsoverflowed="0" regionsstable="0" regionsrebuilding="0"/>
  </mem-info>
</gc-start>
<allocation-stats totalBytes="8378344" >
  <allocated-bytes non-tlh="706664" tlh="7671680" arrayletleaf="0"/>
  <largest-consumer threadName="main" threadId="0000000000EFD700" bytes="8302488" />
</allocation-stats>
<gc-op id="7" type="mark" timems="3.497" contextid="4" timestamp="2019-06-15T18:56:40.788">
  <trace-info objectcount="21834" scancount="17124" scanbytes="570176" />
  <remembered-set-cleared processed="0" cleared="0" durationms="0.269" />
  <finalization candidates="15" enqueued="1" />
  <references type="soft" candidates="74" cleared="0" enqueued="0" dynamicThreshold="32" maxThreshold="32" />
  <references type="weak" candidates="580" cleared="437" enqueued="398" />
  <references type="phantom" candidates="127" cleared="44" enqueued="44" />
  <stringconstants candidates="2981" cleared="0"  />
  <warning details="Mark for calibration purposes" />
</gc-op>
<gc-op id="8" type="classunload" timems="0.033" contextid="4" timestamp="2019-06-15T18:56:40.788">
  <classunload-info classloadercandidates="6" classloadersunloaded="0" classesunloaded="0" anonymousclassesunloaded="0" quiescems="0.000" setupms="0.033" scanms="0.000" postms="0.000" />
</gc-op>
<gc-op id="9" type="sweep" timems="0.565" contextid="4" timestamp="2019-06-15T18:56:40.789" />
<gc-op id="10" type="compact" timems="4.598" contextid="4" timestamp="2019-06-15T18:56:40.794">
  <compact-info movecount="21802" movebytes="1517120" />
  <remembered-set-cleared processed="0" cleared="0" durationms="0.269" />
</gc-op>
<gc-end id="11" type="partial gc" contextid="4" durationms="11.254" usertimems="12.000" systemtimems="0.000" timestamp="2019-06-15T18:56:40.795" activeThreads="4">
  <mem-info id="12" free="6291456" total="8388608" percent="75">
    <mem type="eden" free="577416" total="2097152" percent="27" />
    <pending-finalizers system="1" default="0" reference="442" classloader="0" />
    <remembered-set count="2048" freebytes="326656" totalbytes="334848" percent="97" regionsoverflowed="0" regionsstable="0" regionsrebuilding="0"/>
  </mem-info>
</gc-end>
<cycle-end id="13" type="partial gc" contextid="4" timestamp="2019-06-15T18:56:40.795" />
  <attribute name="elasticGC enabled" value="1" />
  <attribute name= "numThreadsSpecified" value="4" />
  <attribute name="heapSize specified" value="0" />
  <attribute name="Current GC Util" value="32" />
  <attribute name= "Current Time Running" value="467" />
  <attribute name ="GC Interval" value="0" />
  <attribute name="ProportionalT" value="18.000000" />
  <attribute name="ProportionalI" value="18.000000" />
  <attribute name="ProportionalH" value="18.000000" />
  <attribute name="Current Error" value="12.000000" />
  <attribute name="IntegralT" value="-8814.000000" />
  <attribute name="IntegralI" value="-8814.000000" />
  <attribute name="IntegralH" value="-8814.000000" />
  <attribute name="DerivativeT" value="-25.000000" />
  <attribute name="DerivativeI" value="-25.000000" />
  <attribute name="DerivativeH" value="-25.000000" />
  <attribute name="Loop Time for DT" value="1.000000" />
  <attribute name="Output H" value="2091843584"/>
  <attribute name="Output I" value="200"/>
  <attribute name="Output T" value="4"/>
  <attribute name="Target GC Util Change" value ="20.000000" />
  <attribute name="Current GC Util Change" value="32.000000"/>
  <attribute name="GC Util currently" value="32" />
  <attribute name="CPU Util currently" value="4918712022784" />
<exclusive-end id="14" timestamp="2019-06-15T18:56:40.795" durationms="12.436" />

<exclusive-start id="15" timestamp="2019-06-15T18:56:40.981" intervalms="198.155">
  <response-info timems="0.040" idlems="0.040" threads="0" lastid="0000000000EFD700" lastname="main" />
</exclusive-start>
<sys-start reason="explicit" id="16" timestamp="2019-06-15T18:56:40.981" intervalms="774.028" />
<cycle-start id="17" type="global garbage collect" contextid="0" timestamp="2019-06-15T18:56:40.981" intervalms="774.197" />
<gc-start id="18" type="global garbage collect" contextid="17" timestamp="2019-06-15T18:56:40.981">
  <mem-info id="19" free="639416" total="8388608" percent="7">
    <mem type="eden" free="639416" total="6291456" percent="10" />
    <remembered-set count="1760" freebytes="327808" totalbytes="334848" percent="97" regionsoverflowed="0" regionsstable="0" regionsrebuilding="0"/>
  </mem-info>
</gc-start>
<allocation-stats totalBytes="5616264" >
  <allocated-bytes non-tlh="192896" tlh="5423368" arrayletleaf="0"/>
  <largest-consumer threadName="main" threadId="0000000000EFD700" bytes="5587856" />
</allocation-stats>
<gc-op id="20" type="global mark" timems="2.933" contextid="17" timestamp="2019-06-15T18:56:40.984">
  <trace-info objectcount="29701" scancount="23268" scanbytes="871920" />
  <finalization candidates="15" enqueued="0" />
  <references type="soft" candidates="133" cleared="0" enqueued="0" dynamicThreshold="24" maxThreshold="32" />
  <references type="weak" candidates="174" cleared="28" enqueued="28" />
  <references type="phantom" candidates="86" cleared="2" enqueued="2" />
  <stringconstants candidates="3535" cleared="22"  />
</gc-op>
<gc-op id="21" type="classunload" timems="0.002" contextid="17" timestamp="2019-06-15T18:56:40.984">
  <classunload-info classloadercandidates="19" classloadersunloaded="0" classesunloaded="0" anonymousclassesunloaded="0" quiescems="0.000" setupms="0.002" scanms="0.000" postms="0.000" />
</gc-op>
<gc-op id="22" type="sweep" timems="0.393" contextid="17" timestamp="2019-06-15T18:56:40.985" />
<gc-op id="23" type="compact" timems="3.721" contextid="17" timestamp="2019-06-15T18:56:40.989">
  <compact-info movecount="29654" movebytes="1960592" />
  <remembered-set-cleared processed="9238" cleared="9238" durationms="0.095" />
</gc-op>
<gc-end id="24" type="global garbage collect" contextid="17" durationms="8.173" usertimems="8.000" systemtimems="4.000" timestamp="2019-06-15T18:56:40.989" activeThreads="4">
  <mem-info id="25" free="5242880" total="8388608" percent="62">
    <pending-finalizers system="0" default="0" reference="30" classloader="0" />
    <remembered-set count="3072" freebytes="322560" totalbytes="334848" percent="96" regionsoverflowed="0" regionsstable="0" regionsrebuilding="0"/>
  </mem-info>
</gc-end>
<cycle-end id="26" type="global garbage collect" contextid="17" timestamp="2019-06-15T18:56:40.990" />
  <attribute name="elasticGC enabled" value="1" />
  <attribute name= "numThreadsSpecified" value="4" />
  <attribute name="heapSize specified" value="0" />
  <attribute name="Current GC Util" value="26" />
  <attribute name= "Current Time Running" value="663" />
  <attribute name ="GC Interval" value="0" />
  <attribute name="ProportionalT" value="9.000000" />
  <attribute name="ProportionalI" value="9.000000" />
  <attribute name="ProportionalH" value="9.000000" />
  <attribute name="Current Error" value="6.000000" />
  <attribute name="IntegralT" value="6.000000" />
  <attribute name="IntegralI" value="6.000000" />
  <attribute name="IntegralH" value="6.000000" />
  <attribute name="DerivativeT" value="-49.500000" />
  <attribute name="DerivativeI" value="-49.500000" />
  <attribute name="DerivativeH" value="-49.500000" />
  <attribute name="Loop Time for DT" value="1.000000" />
  <attribute name="Output H" value="2091843584"/>
  <attribute name="Output I" value="200"/>
  <attribute name="Output T" value="4"/>
  <attribute name="Target GC Util Change" value ="20.000000" />
  <attribute name="Current GC Util Change" value="26.000000"/>
  <attribute name="GC Util currently" value="26" />
  <attribute name="CPU Util currently" value="6391953820152" />
<sys-end id="27" timestamp="2019-06-15T18:56:40.990" />
<exclusive-end id="28" timestamp="2019-06-15T18:56:40.990" durationms="9.306" />

<exclusive-start id="29" timestamp="2019-06-15T18:56:41.158" intervalms="177.670">
  <response-info timems="0.140" idlems="0.077" threads="1" lastid="0000000001236100" lastname="Thread-5" />
</exclusive-start>
<allocation-taxation id="30" taxation-threshold="5242880" timestamp="2019-06-15T18:56:41.158" intervalms="375.673" />
<cycle-start id="31" type="partial gc" contextid="0" timestamp="2019-06-15T18:56:41.158" intervalms="375.505" />
<gc-start id="32" type="partial gc" contextid="31" timestamp="2019-06-15T18:56:41.159">
  <mem-info id="33" free="0" total="8388608" percent="0">
    <mem type="eden" free="552" total="5242880" percent="0" />
    <remembered-set count="2720" freebytes="323968" totalbytes="334848" percent="96" regionsoverflowed="0" regionsstable="0" regionsrebuilding="0"/>
  </mem-info>
</gc-start>
<allocation-stats totalBytes="5218112" >
  <allocated-bytes non-tlh="344808" tlh="4873304" arrayletleaf="0"/>
  <largest-consumer threadName="Thread-3" threadId="000000000122E900" bytes="1798784" />
</allocation-stats>
<gc-op id="34" type="mark" timems="1.906" contextid="31" timestamp="2019-06-15T18:56:41.161">
  <trace-info objectcount="11067" scancount="8511" scanbytes="750732" />
  <cardclean-info objects="1463" bytes="66516" />
  <remembered-set-cleared processed="1974" cleared="210" durationms="0.078" />
  <finalization candidates="11" enqueued="1" />
  <references type="soft" candidates="31" cleared="0" enqueued="0" dynamicThreshold="20" maxThreshold="32" />
  <references type="weak" candidates="146" cleared="27" enqueued="25" />
  <references type="phantom" candidates="10" cleared="0" enqueued="0" />
  <stringconstants candidates="3942" cleared="0"  />
  <warning details="Mark invoked due to insufficient free space for Copy-Forward" />
</gc-op>
<gc-op id="35" type="classunload" timems="0.269" contextid="31" timestamp="2019-06-15T18:56:41.162">
  <classunload-info classloadercandidates="19" classloadersunloaded="0" classesunloaded="1" anonymousclassesunloaded="1" quiescems="0.000" setupms="0.264" scanms="0.002" postms="0.003" />
</gc-op>
<gc-op id="36" type="sweep" timems="0.410" contextid="31" timestamp="2019-06-15T18:56:41.162" />
<gc-op id="37" type="compact" timems="3.016" contextid="31" timestamp="2019-06-15T18:56:41.166">
  <compact-info movecount="11067" movebytes="1310648" />
  <remembered-set-cleared processed="5320" cleared="1752" durationms="0.078" />
</gc-op>
<heap-resize id="38" type="expand" space="default" amount="1048576" count="1" timems="0.069" reason="insufficient free space following gc" timestamp="2019-06-15T18:56:41.166" />
<gc-end id="39" type="partial gc" contextid="31" durationms="7.338" usertimems="8.000" systemtimems="0.000" timestamp="2019-06-15T18:56:41.166" activeThreads="4">
  <mem-info id="40" free="4194304" total="9437184" percent="44">
    <mem type="eden" free="782616" total="2097152" percent="37" />
    <pending-finalizers system="1" default="0" reference="25" classloader="0" />
    <remembered-set count="4000" freebytes="360704" totalbytes="376704" percent="95" regionsoverflowed="0" regionsstable="0" regionsrebuilding="0"/>
  </mem-info>
</gc-end>
<cycle-end id="41" type="partial gc" contextid="31" timestamp="2019-06-15T18:56:41.166" />
  <attribute name="elasticGC enabled" value="1" />
  <attribute name= "numThreadsSpecified" value="4" />
  <attribute name="heapSize specified" value="0" />
  <attribute name="Current GC Util" value="28" />
  <attribute name= "Current Time Running" value="840" />
  <attribute name ="GC Interval" value="0" />
  <attribute name="ProportionalT" value="12.000000" />
  <attribute name="ProportionalI" value="12.000000" />
  <attribute name="ProportionalH" value="12.000000" />
  <attribute name="Current Error" value="8.000000" />
  <attribute name="IntegralT" value="8.000000" />
  <attribute name="IntegralI" value="8.000000" />
  <attribute name="IntegralH" value="8.000000" />
  <attribute name="DerivativeT" value="4.000000" />
  <attribute name="DerivativeI" value="4.000000" />
  <attribute name="DerivativeH" value="4.000000" />
  <attribute name="Loop Time for DT" value="1.000000" />
  <attribute name="Output H" value="8388608"/>
  <attribute name="Output I" value="200"/>
  <attribute name="Output T" value="4"/>
  <attribute name="Target GC Util Change" value ="20.000000" />
  <attribute name="Current GC Util Change" value="28.000000"/>
  <attribute name="GC Util currently" value="28" />
  <attribute name="CPU Util currently" value="7007991687566" />
<exclusive-end id="42" timestamp="2019-06-15T18:56:41.166" durationms="8.112" />

<exclusive-start id="43" timestamp="2019-06-15T18:56:41.211" intervalms="52.975">
  <response-info timems="0.056" idlems="0.056" threads="0" lastid="0000000001239D00" lastname="Thread-6" />
</exclusive-start>
<allocation-taxation id="44" taxation-threshold="2097152" timestamp="2019-06-15T18:56:41.211" intervalms="52.967" />
<cycle-start id="45" type="global mark phase" contextid="0" timestamp="2019-06-15T18:56:41.211" intervalms="1004.723" />
<gc-start id="46" type="global mark phase" contextid="45" timestamp="2019-06-15T18:56:41.212">
  <mem-info id="47" free="2097152" total="9437184" percent="22">
    <remembered-set count="4000" freebytes="360704" totalbytes="376704" percent="95" regionsoverflowed="0" regionsstable="0" regionsrebuilding="0"/>
  </mem-info>
</gc-start>
<gc-op id="48" type="mark increment" timems="0.579" contextid="45" timestamp="2019-06-15T18:56:41.212">
  <trace-info objectcount="214" scancount="0" scanbytes="0" />
</gc-op>
<gc-end id="49" type="global mark phase" contextid="45" durationms="0.705" usertimems="0.000" systemtimems="0.000" timestamp="2019-06-15T18:56:41.212" activeThreads="1">
  <mem-info id="50" free="2097152" total="9437184" percent="22">
    <remembered-set count="4000" freebytes="360704" totalbytes="376704" percent="95" regionsoverflowed="0" regionsstable="0" regionsrebuilding="0"/>
  </mem-info>
</gc-end>
<concurrent-start id="51" type="GMP work packet processing" contextid="45" timestamp="2019-06-15T18:56:41.212">
  <concurrent-mark-start scanTarget="18446744073709551615" />
</concurrent-start>
<exclusive-end id="52" timestamp="2019-06-15T18:56:41.212" durationms="1.073" />

<concurrent-end id="53" type="GMP work packet processing" contextid="45" timestamp="2019-06-15T18:56:41.214">
  <concurrent-mark-end bytesScanned="1609896" reasonForTermination="Completed all work in GC phase" />
</concurrent-end>

<exclusive-start id="54" timestamp="2019-06-15T18:56:41.261" intervalms="49.621">
  <response-info timems="0.035" idlems="0.035" threads="0" lastid="0000000001236100" lastname="Thread-5" />
</exclusive-start>
<allocation-taxation id="55" taxation-threshold="2097152" timestamp="2019-06-15T18:56:41.261" intervalms="49.738" />
<cycle-start id="56" type="partial gc" contextid="0" timestamp="2019-06-15T18:56:41.261" intervalms="102.876" />
<gc-start id="57" type="partial gc" contextid="56" timestamp="2019-06-15T18:56:41.262">
  <mem-info id="58" free="0" total="9437184" percent="0">
    <mem type="eden" free="0" total="4194304" percent="0" />
    <remembered-set count="4000" freebytes="360704" totalbytes="376704" percent="95" regionsoverflowed="0" regionsstable="0" regionsrebuilding="0"/>
  </mem-info>
</gc-start>
<allocation-stats totalBytes="4160824" >
  <allocated-bytes non-tlh="1088" tlh="4159736" arrayletleaf="0"/>
  <largest-consumer threadName="Thread-6" threadId="0000000001239D00" bytes="964856" />
</allocation-stats>
<gc-op id="59" type="mark" timems="1.415" contextid="56" timestamp="2019-06-15T18:56:41.263">
  <trace-info objectcount="10592" scancount="8131" scanbytes="756684" />
  <cardclean-info objects="906" bytes="49068" />
  <remembered-set-cleared processed="2706" cleared="958" durationms="0.066" />
  <finalization candidates="10" enqueued="0" />
  <references type="soft" candidates="31" cleared="0" enqueued="0" dynamicThreshold="7" maxThreshold="32" />
  <references type="weak" candidates="121" cleared="1" enqueued="1" />
  <references type="phantom" candidates="11" cleared="0" enqueued="0" />
  <stringconstants candidates="3960" cleared="0"  />
  <warning details="Mark invoked due to insufficient free space for Copy-Forward" />
</gc-op>
<gc-op id="60" type="classunload" timems="0.002" contextid="56" timestamp="2019-06-15T18:56:41.264">
  <classunload-info classloadercandidates="20" classloadersunloaded="0" classesunloaded="0" anonymousclassesunloaded="0" quiescems="0.000" setupms="0.002" scanms="0.000" postms="0.000" />
</gc-op>
<gc-op id="61" type="sweep" timems="0.274" contextid="56" timestamp="2019-06-15T18:56:41.264" />
<gc-op id="62" type="compact" timems="1.682" contextid="56" timestamp="2019-06-15T18:56:41.266">
  <compact-info movecount="10592" movebytes="1422616" />
  <remembered-set-cleared processed="6157" cleared="2655" durationms="0.066" />
</gc-op>
<heap-resize id="63" type="expand" space="default" amount="2097152" count="1" timems="0.064" reason="insufficient free space following gc" timestamp="2019-06-15T18:56:41.266" />
<gc-end id="64" type="partial gc" contextid="56" durationms="4.629" usertimems="4.000" systemtimems="4.000" timestamp="2019-06-15T18:56:41.266" activeThreads="4">
  <mem-info id="65" free="6291456" total="11534336" percent="54">
    <mem type="eden" free="41312" total="1048576" percent="3" />
    <pending-finalizers system="0" default="0" reference="1" classloader="0" />
    <remembered-set count="4480" freebytes="442496" totalbytes="460416" percent="96" regionsoverflowed="0" regionsstable="0" regionsrebuilding="0"/>
  </mem-info>
</gc-end>
<cycle-end id="66" type="partial gc" contextid="56" timestamp="2019-06-15T18:56:41.266" />
  <attribute name="elasticGC enabled" value="1" />
  <attribute name= "numThreadsSpecified" value="4" />
  <attribute name="heapSize specified" value="0" />
  <attribute name="Current GC Util" value="38" />
  <attribute name= "Current Time Running" value="942" />
  <attribute name ="GC Interval" value="0" />
  <attribute name="ProportionalT" value="27.000000" />
  <attribute name="ProportionalI" value="27.000000" />
  <attribute name="ProportionalH" value="27.000000" />
  <attribute name="Current Error" value="18.000000" />
  <attribute name="IntegralT" value="18.000000" />
  <attribute name="IntegralI" value="18.000000" />
  <attribute name="IntegralH" value="18.000000" />
  <attribute name="DerivativeT" value="-53.000000" />
  <attribute name="DerivativeI" value="-53.000000" />
  <attribute name="DerivativeH" value="-53.000000" />
  <attribute name="Loop Time for DT" value="1.000000" />
  <attribute name="Output H" value="2091843584"/>
  <attribute name="Output I" value="200"/>
  <attribute name="Output T" value="4"/>
  <attribute name="Target GC Util Change" value ="20.000000" />
  <attribute name="Current GC Util Change" value="38.000000"/>
  <attribute name="GC Util currently" value="38" />
  <attribute name="CPU Util currently" value="10011018987004" />
<exclusive-end id="67" timestamp="2019-06-15T18:56:41.266" durationms="5.482" />

<exclusive-start id="68" timestamp="2019-06-15T18:56:41.301" intervalms="40.242">
  <response-info timems="0.042" idlems="0.042" threads="0" lastid="0000000001232500" lastname="Thread-4" />
</exclusive-start>
<allocation-taxation id="69" taxation-threshold="3145728" timestamp="2019-06-15T18:56:41.301" intervalms="40.127" />
<gc-start id="70" type="global mark phase" contextid="45" timestamp="2019-06-15T18:56:41.301">
  <mem-info id="71" free="3145728" total="11534336" percent="27">
    <remembered-set count="4480" freebytes="442496" totalbytes="460416" percent="96" regionsoverflowed="0" regionsstable="0" regionsrebuilding="0"/>
  </mem-info>
</gc-start>
<gc-op id="72" type="mark increment" timems="1.644" contextid="45" timestamp="2019-06-15T18:56:41.303">
  <trace-info objectcount="10413" scancount="7993" scanbytes="753124" />
  <cardclean-info objects="1643" bytes="80760" />
  <finalization candidates="25" enqueued="0" />
  <references type="soft" candidates="164" cleared="0" enqueued="0" dynamicThreshold="17" maxThreshold="32" />
  <references type="weak" candidates="265" cleared="0" enqueued="0" />
  <references type="phantom" candidates="95" cleared="2" enqueued="2" />
  <stringconstants candidates="3962" cleared="0"  />
</gc-op>
<gc-op id="73" type="classunload" timems="0.003" contextid="45" timestamp="2019-06-15T18:56:41.303">
  <classunload-info classloadercandidates="20" classloadersunloaded="0" classesunloaded="0" anonymousclassesunloaded="0" quiescems="0.000" setupms="0.003" scanms="0.000" postms="0.000" />
</gc-op>
<gc-end id="74" type="global mark phase" contextid="45" durationms="1.878" usertimems="4.000" systemtimems="0.000" timestamp="2019-06-15T18:56:41.303" activeThreads="4">
  <mem-info id="75" free="3145728" total="11534336" percent="27">
    <pending-finalizers system="0" default="0" reference="2" classloader="0" />
    <remembered-set count="4480" freebytes="442496" totalbytes="460416" percent="96" regionsoverflowed="0" regionsstable="0" regionsrebuilding="0"/>
  </mem-info>
</gc-end>
<cycle-end id="76" type="global mark phase" contextid="45" timestamp="2019-06-15T18:56:41.303" />
  <attribute name="elasticGC enabled" value="1" />
  <attribute name= "numThreadsSpecified" value="4" />
  <attribute name="heapSize specified" value="0" />
  <attribute name="Current GC Util" value="0" />
  <attribute name= "Current Time Running" value="980" />
  <attribute name ="GC Interval" value="0" />
  <attribute name="ProportionalT" value="-30.000000" />
  <attribute name="ProportionalI" value="-30.000000" />
  <attribute name="ProportionalH" value="-30.000000" />
  <attribute name="Current Error" value="-20.000000" />
  <attribute name="IntegralT" value="-20.000000" />
  <attribute name="IntegralI" value="-20.000000" />
  <attribute name="IntegralH" value="-20.000000" />
  <attribute name="DerivativeT" value="-70.000000" />
  <attribute name="DerivativeI" value="-70.000000" />
  <attribute name="DerivativeH" value="-70.000000" />
  <attribute name="Loop Time for DT" value="1.000000" />
  <attribute name="Output H" value="2091843584"/>
  <attribute name="Output I" value="200"/>
  <attribute name="Output T" value="4"/>
  <attribute name="Target GC Util Change" value ="20.000000" />
  <attribute name="Current GC Util Change" value="0.000000"/>
  <attribute name="GC Util currently" value="0" />
  <attribute name="CPU Util currently" value="6529506568789" />
<exclusive-end id="77" timestamp="2019-06-15T18:56:41.303" durationms="2.208" />

<exclusive-start id="78" timestamp="2019-06-15T18:56:41.355" intervalms="54.213">
  <response-info timems="0.053" idlems="0.053" threads="0" lastid="000000000122E900" lastname="Thread-3" />
</exclusive-start>
<allocation-taxation id="79" taxation-threshold="3145728" timestamp="2019-06-15T18:56:41.355" intervalms="54.199" />
<cycle-start id="80" type="partial gc" contextid="0" timestamp="2019-06-15T18:56:41.355" intervalms="94.144" />
<gc-start id="81" type="partial gc" contextid="80" timestamp="2019-06-15T18:56:41.356">
  <mem-info id="82" free="0" total="11534336" percent="0">
    <mem type="eden" free="0" total="6291456" percent="0" />
    <remembered-set count="4480" freebytes="442496" totalbytes="460416" percent="96" regionsoverflowed="0" regionsstable="0" regionsrebuilding="0"/>
  </mem-info>
</gc-start>
<allocation-stats totalBytes="6188256" >
  <allocated-bytes non-tlh="32880" tlh="6155376" arrayletleaf="0"/>
  <largest-consumer threadName="Thread-6" threadId="0000000001239D00" bytes="1572104" />
</allocation-stats>
<gc-op id="83" type="sweep" timems="0.334" contextid="80" timestamp="2019-06-15T18:56:41.356" />
<gc-op id="84" type="mark" timems="0.928" contextid="80" timestamp="2019-06-15T18:56:41.357">
  <trace-info objectcount="2544" scancount="1979" scanbytes="389008" />
  <cardclean-info objects="1213" bytes="57884" />
  <remembered-set-cleared processed="3063" cleared="769" durationms="0.076" />
  <stringconstants candidates="3963" cleared="0"  />
  <warning details="Mark invoked due to insufficient free space for Copy-Forward" />
</gc-op>
<gc-op id="85" type="classunload" timems="0.001" contextid="80" timestamp="2019-06-15T18:56:41.357">
  <classunload-info classloadercandidates="20" classloadersunloaded="0" classesunloaded="0" anonymousclassesunloaded="0" quiescems="0.000" setupms="0.001" scanms="0.000" postms="0.000" />
</gc-op>
<gc-op id="86" type="sweep" timems="0.367" contextid="80" timestamp="2019-06-15T18:56:41.358" />
<gc-op id="87" type="compact" timems="1.056" contextid="80" timestamp="2019-06-15T18:56:41.359">
  <compact-info movecount="2493" movebytes="941096" />
  <remembered-set-cleared processed="6328" cleared="1645" durationms="0.076" />
</gc-op>
<heap-resize id="88" type="expand" space="default" amount="1048576" count="1" timems="0.070" reason="insufficient free space following gc" timestamp="2019-06-15T18:56:41.360" />
<gc-end id="89" type="partial gc" contextid="80" durationms="4.113" usertimems="8.000" systemtimems="0.000" timestamp="2019-06-15T18:56:41.360" activeThreads="4">
  <mem-info id="90" free="6291456" total="12582912" percent="50">
    <mem type="eden" free="120784" total="1048576" percent="11" />
    <remembered-set count="4704" freebytes="483456" totalbytes="502272" percent="96" regionsoverflowed="0" regionsstable="0" regionsrebuilding="0"/>
  </mem-info>
</gc-end>
<cycle-end id="91" type="partial gc" contextid="80" timestamp="2019-06-15T18:56:41.360" />
  <attribute name="elasticGC enabled" value="1" />
  <attribute name= "numThreadsSpecified" value="4" />
  <attribute name="heapSize specified" value="0" />
  <attribute name="Current GC Util" value="28" />
  <attribute name= "Current Time Running" value="1036" />
  <attribute name ="GC Interval" value="0" />
  <attribute name="ProportionalT" value="12.000000" />
  <attribute name="ProportionalI" value="12.000000" />
  <attribute name="ProportionalH" value="12.000000" />
  <attribute name="Current Error" value="8.000000" />
  <attribute name="IntegralT" value="8.000000" />
  <attribute name="IntegralI" value="8.000000" />
  <attribute name="IntegralH" value="8.000000" />
  <attribute name="DerivativeT" value="4.000000" />
  <attribute name="DerivativeI" value="4.000000" />
  <attribute name="DerivativeH" value="4.000000" />
  <attribute name="Loop Time for DT" value="1.000000" />
  <attribute name="Output H" value="8388608"/>
  <attribute name="Output I" value="200"/>
  <attribute name="Output T" value="4"/>
  <attribute name="Target GC Util Change" value ="20.000000" />
  <attribute name="Current GC Util Change" value="28.000000"/>
  <attribute name="GC Util currently" value="28" />
  <attribute name="CPU Util currently" value="7735041717665" />
<exclusive-end id="92" timestamp="2019-06-15T18:56:41.360" durationms="4.697" />

<exclusive-start id="93" timestamp="2019-06-15T18:56:41.425" intervalms="69.752">
  <response-info timems="0.031" idlems="0.031" threads="0" lastid="0000000001236100" lastname="Thread-5" />
</exclusive-start>
<allocation-taxation id="94" taxation-threshold="6291456" timestamp="2019-06-15T18:56:41.425" intervalms="69.771" />
<cycle-start id="95" type="partial gc" contextid="0" timestamp="2019-06-15T18:56:41.425" intervalms="69.790" />
<gc-start id="96" type="partial gc" contextid="95" timestamp="2019-06-15T18:56:41.426">
  <mem-info id="97" free="0" total="12582912" percent="0">
    <mem type="eden" free="0" total="6291456" percent="0" />
    <remembered-set count="4256" freebytes="485248" totalbytes="502272" percent="96" regionsoverflowed="0" regionsstable="0" regionsrebuilding="0"/>
  </mem-info>
</gc-start>
<allocation-stats totalBytes="6257104" >
  <allocated-bytes non-tlh="32776" tlh="6224328" arrayletleaf="0"/>
  <largest-consumer threadName="Thread-6" threadId="0000000001239D00" bytes="2229728" />
</allocation-stats>
<gc-op id="98" type="mark" timems="1.081" contextid="95" timestamp="2019-06-15T18:56:41.427">
  <trace-info objectcount="1750" scancount="1329" scanbytes="254452" />
  <cardclean-info objects="1128" bytes="54820" />
  <remembered-set-cleared processed="3142" cleared="643" durationms="0.074" />
  <references type="weak" candidates="1" cleared="0" enqueued="0" />
  <references type="phantom" candidates="1" cleared="0" enqueued="0" />
  <stringconstants candidates="3963" cleared="0"  />
  <warning details="Mark invoked due to insufficient free space for Copy-Forward" />
</gc-op>
<gc-op id="99" type="classunload" timems="0.002" contextid="95" timestamp="2019-06-15T18:56:41.427">
  <classunload-info classloadercandidates="20" classloadersunloaded="0" classesunloaded="0" anonymousclassesunloaded="0" quiescems="0.000" setupms="0.002" scanms="0.000" postms="0.000" />
</gc-op>
<gc-op id="100" type="sweep" timems="0.302" contextid="95" timestamp="2019-06-15T18:56:41.428" />
<gc-op id="101" type="compact" timems="1.828" contextid="95" timestamp="2019-06-15T18:56:41.430">
  <compact-info movecount="6984" movebytes="890928" />
  <remembered-set-cleared processed="5515" cleared="2396" durationms="0.080" />
</gc-op>
<heap-resize id="102" type="expand" space="default" amount="1048576" count="1" timems="0.064" reason="insufficient free space following gc" timestamp="2019-06-15T18:56:41.430" />
<gc-end id="103" type="partial gc" contextid="95" durationms="4.445" usertimems="4.000" systemtimems="4.000" timestamp="2019-06-15T18:56:41.430" activeThreads="4">
  <mem-info id="104" free="6291456" total="13631488" percent="46">
    <mem type="eden" free="517512" total="1048576" percent="49" />
    <remembered-set count="4480" freebytes="526208" totalbytes="544128" percent="96" regionsoverflowed="0" regionsstable="0" regionsrebuilding="0"/>
  </mem-info>
</gc-end>
<cycle-end id="105" type="partial gc" contextid="95" timestamp="2019-06-15T18:56:41.430" />
  <attribute name="elasticGC enabled" value="1" />
  <attribute name= "numThreadsSpecified" value="4" />
  <attribute name="heapSize specified" value="0" />
  <attribute name="Current GC Util" value="31" />
  <attribute name= "Current Time Running" value="1105" />
  <attribute name ="GC Interval" value="0" />
  <attribute name="ProportionalT" value="16.500000" />
  <attribute name="ProportionalI" value="16.500000" />
  <attribute name="ProportionalH" value="16.500000" />
  <attribute name="Current Error" value="11.000000" />
  <attribute name="IntegralT" value="0.000000" />
  <attribute name="IntegralI" value="0.000000" />
  <attribute name="IntegralH" value="0.000000" />
  <attribute name="DerivativeT" value="-inf" />
  <attribute name="DerivativeI" value="-inf" />
  <attribute name="DerivativeH" value="-inf" />
  <attribute name="Loop Time for DT" value="0.000000" />
  <attribute name="Output H" value="2091843584"/>
  <attribute name="Output I" value="200"/>
  <attribute name="Output T" value="4"/>
  <attribute name="Target GC Util Change" value ="20.000000" />
  <attribute name="Current GC Util Change" value="31.000000"/>
  <attribute name="GC Util currently" value="31" />
  <attribute name="CPU Util currently" value="8666855884350" />
<exclusive-end id="106" timestamp="2019-06-15T18:56:41.430" durationms="5.044" />

<exclusive-start id="107" timestamp="2019-06-15T18:56:41.507" intervalms="81.989">
  <response-info timems="0.093" idlems="0.044" threads="2" lastid="000000000122E900" lastname="Thread-3" />
</exclusive-start>
<allocation-taxation id="108" taxation-threshold="6291456" timestamp="2019-06-15T18:56:41.507" intervalms="81.991" />
<cycle-start id="109" type="partial gc" contextid="0" timestamp="2019-06-15T18:56:41.507" intervalms="81.987" />
<gc-start id="110" type="partial gc" contextid="109" timestamp="2019-06-15T18:56:41.508">
  <mem-info id="111" free="0" total="13631488" percent="0">
    <mem type="eden" free="0" total="6291456" percent="0" />
    <remembered-set count="4032" freebytes="528000" totalbytes="544128" percent="97" regionsoverflowed="0" regionsstable="0" regionsrebuilding="0"/>
  </mem-info>
</gc-start>
<allocation-stats totalBytes="6197208" >
  <allocated-bytes non-tlh="0" tlh="6197208" arrayletleaf="0"/>
  <largest-consumer threadName="Thread-5" threadId="0000000001236100" bytes="2207216" />
</allocation-stats>
<gc-op id="112" type="mark" timems="1.144" contextid="109" timestamp="2019-06-15T18:56:41.509">
  <trace-info objectcount="2716" scancount="2056" scanbytes="418128" />
  <cardclean-info objects="1162" bytes="106836" />
  <remembered-set-cleared processed="3005" cleared="570" durationms="0.074" />
  <stringconstants candidates="3963" cleared="0"  />
  <warning details="Mark invoked due to insufficient free space for Copy-Forward" />
</gc-op>
<gc-op id="113" type="classunload" timems="0.002" contextid="109" timestamp="2019-06-15T18:56:41.509">
  <classunload-info classloadercandidates="20" classloadersunloaded="0" classesunloaded="0" anonymousclassesunloaded="0" quiescems="0.000" setupms="0.002" scanms="0.000" postms="0.000" />
</gc-op>
<gc-op id="114" type="sweep" timems="0.354" contextid="109" timestamp="2019-06-15T18:56:41.510" />
<gc-op id="115" type="compact" timems="1.216" contextid="109" timestamp="2019-06-15T18:56:41.511">
  <compact-info movecount="2716" movebytes="1039664" />
  <remembered-set-cleared processed="6416" cleared="1374" durationms="0.074" />
</gc-op>
<heap-resize id="116" type="expand" space="default" amount="2097152" count="1" timems="0.070" reason="insufficient free space following gc" timestamp="2019-06-15T18:56:41.511" />
<gc-end id="117" type="partial gc" contextid="109" durationms="3.924" usertimems="4.000" systemtimems="0.000" timestamp="2019-06-15T18:56:41.511" activeThreads="4">
  <mem-info id="118" free="7340032" total="15728640" percent="46">
    <mem type="eden" free="150856" total="1048576" percent="14" />
    <remembered-set count="4576" freebytes="609536" totalbytes="627840" percent="97" regionsoverflowed="0" regionsstable="0" regionsrebuilding="0"/>
  </mem-info>
</gc-end>
<cycle-end id="119" type="partial gc" contextid="109" timestamp="2019-06-15T18:56:41.512" />
  <attribute name="elasticGC enabled" value="1" />
  <attribute name= "numThreadsSpecified" value="4" />
  <attribute name="heapSize specified" value="0" />
  <attribute name="Current GC Util" value="32" />
  <attribute name= "Current Time Running" value="1187" />
  <attribute name ="GC Interval" value="0" />
  <attribute name="ProportionalT" value="18.000000" />
  <attribute name="ProportionalI" value="18.000000" />
  <attribute name="ProportionalH" value="18.000000" />
  <attribute name="Current Error" value="12.000000" />
  <attribute name="IntegralT" value="0.000000" />
  <attribute name="IntegralI" value="0.000000" />
  <attribute name="IntegralH" value="0.000000" />
  <attribute name="DerivativeT" value="-inf" />
  <attribute name="DerivativeI" value="-inf" />
  <attribute name="DerivativeH" value="-inf" />
  <attribute name="Loop Time for DT" value="0.000000" />
  <attribute name="Output H" value="2091843584"/>
  <attribute name="Output I" value="200"/>
  <attribute name="Output T" value="4"/>
  <attribute name="Target GC Util Change" value ="20.000000" />
  <attribute name="Current GC Util Change" value="32.000000"/>
  <attribute name="GC Util currently" value="32" />
  <attribute name="CPU Util currently" value="8199923217414" />
<exclusive-end id="120" timestamp="2019-06-15T18:56:41.512" durationms="4.611" />

<exclusive-start id="121" timestamp="2019-06-15T18:56:41.573" intervalms="65.763">
  <response-info timems="0.038" idlems="0.038" threads="0" lastid="0000000001239D00" lastname="Thread-6" />
</exclusive-start>
<allocation-taxation id="122" taxation-threshold="7340032" timestamp="2019-06-15T18:56:41.573" intervalms="65.759" />
<cycle-start id="123" type="partial gc" contextid="0" timestamp="2019-06-15T18:56:41.573" intervalms="65.766" />
<gc-start id="124" type="partial gc" contextid="123" timestamp="2019-06-15T18:56:41.573">
  <mem-info id="125" free="0" total="15728640" percent="0">
    <mem type="eden" free="0" total="7340032" percent="0" />
    <remembered-set count="4576" freebytes="609536" totalbytes="627840" percent="97" regionsoverflowed="0" regionsstable="0" regionsrebuilding="0"/>
  </mem-info>
</gc-start>
<allocation-stats totalBytes="7308616" >
  <allocated-bytes non-tlh="73752" tlh="7234864" arrayletleaf="0"/>
  <largest-consumer threadName="Thread-6" threadId="0000000001239D00" bytes="2002248" />
</allocation-stats>
<gc-op id="126" type="mark" timems="0.923" contextid="123" timestamp="2019-06-15T18:56:41.575">
  <trace-info objectcount="2533" scancount="2029" scanbytes="452048" />
  <cardclean-info objects="1156" bytes="58068" />
  <remembered-set-cleared processed="3285" cleared="706" durationms="0.081" />
  <references type="phantom" candidates="2" cleared="0" enqueued="0" />
  <stringconstants candidates="3963" cleared="0"  />
  <warning details="Mark invoked due to insufficient free space for Copy-Forward" />
</gc-op>
<gc-op id="127" type="classunload" timems="0.002" contextid="123" timestamp="2019-06-15T18:56:41.575">
  <classunload-info classloadercandidates="20" classloadersunloaded="0" classesunloaded="0" anonymousclassesunloaded="0" quiescems="0.000" setupms="0.001" scanms="0.000" postms="0.000" />
</gc-op>
<gc-op id="128" type="sweep" timems="0.421" contextid="123" timestamp="2019-06-15T18:56:41.575" />
<gc-op id="129" type="compact" timems="1.071" contextid="123" timestamp="2019-06-15T18:56:41.576">
  <compact-info movecount="2533" movebytes="1029080" />
  <remembered-set-cleared processed="6767" cleared="1437" durationms="0.081" />
</gc-op>
<gc-end id="130" type="partial gc" contextid="123" durationms="3.315" usertimems="4.000" systemtimems="0.000" timestamp="2019-06-15T18:56:41.577" activeThreads="4">
  <mem-info id="131" free="6291456" total="15728640" percent="40">
    <mem type="eden" free="60080" total="1048576" percent="5" />
    <remembered-set count="4768" freebytes="608768" totalbytes="627840" percent="96" regionsoverflowed="0" regionsstable="0" regionsrebuilding="0"/>
  </mem-info>
</gc-end>
<cycle-end id="132" type="partial gc" contextid="123" timestamp="2019-06-15T18:56:41.577" />
  <attribute name="elasticGC enabled" value="1" />
  <attribute name= "numThreadsSpecified" value="4" />
  <attribute name="heapSize specified" value="0" />
  <attribute name="Current GC Util" value="33" />
  <attribute name= "Current Time Running" value="1253" />
  <attribute name ="GC Interval" value="0" />
  <attribute name="ProportionalT" value="19.500000" />
  <attribute name="ProportionalI" value="19.500000" />
  <attribute name="ProportionalH" value="19.500000" />
  <attribute name="Current Error" value="13.000000" />
  <attribute name="IntegralT" value="13.000000" />
  <attribute name="IntegralI" value="13.000000" />
  <attribute name="IntegralH" value="13.000000" />
  <attribute name="DerivativeT" value="6.500000" />
  <attribute name="DerivativeI" value="6.500000" />
  <attribute name="DerivativeH" value="6.500000" />
  <attribute name="Loop Time for DT" value="1.000000" />
  <attribute name="Output H" value="8388608"/>
  <attribute name="Output I" value="200"/>
  <attribute name="Output T" value="4"/>
  <attribute name="Target GC Util Change" value ="20.000000" />
  <attribute name="Current GC Util Change" value="33.000000"/>
  <attribute name="GC Util currently" value="33" />
  <attribute name="CPU Util currently" value="7972392099839" />
<exclusive-end id="133" timestamp="2019-06-15T18:56:41.577" durationms="3.949" />

<exclusive-start id="134" timestamp="2019-06-15T18:56:41.638" intervalms="65.304">
  <response-info timems="0.037" idlems="0.037" threads="0" lastid="0000000001232500" lastname="Thread-4" />
</exclusive-start>
<allocation-taxation id="135" taxation-threshold="6291456" timestamp="2019-06-15T18:56:41.638" intervalms="65.307" />
<cycle-start id="136" type="partial gc" contextid="0" timestamp="2019-06-15T18:56:41.638" intervalms="65.304" />
<gc-start id="137" type="partial gc" contextid="136" timestamp="2019-06-15T18:56:41.639">
  <mem-info id="138" free="0" total="15728640" percent="0">
    <mem type="eden" free="0" total="6291456" percent="0" />
    <remembered-set count="4768" freebytes="608768" totalbytes="627840" percent="96" regionsoverflowed="0" regionsstable="0" regionsrebuilding="0"/>
  </mem-info>
</gc-start>
<allocation-stats totalBytes="6239456" >
  <allocated-bytes non-tlh="0" tlh="6239456" arrayletleaf="0"/>
  <largest-consumer threadName="Thread-5" threadId="0000000001236100" bytes="3031416" />
</allocation-stats>
<gc-op id="139" type="mark" timems="1.051" contextid="136" timestamp="2019-06-15T18:56:41.640">
  <trace-info objectcount="2473" scancount="1993" scanbytes="416724" />
  <cardclean-info objects="1136" bytes="56908" />
  <remembered-set-cleared processed="3352" cleared="701" durationms="0.076" />
  <references type="phantom" candidates="1" cleared="0" enqueued="0" />
  <stringconstants candidates="3963" cleared="0"  />
  <warning details="Mark invoked due to insufficient free space for Copy-Forward" />
</gc-op>
<gc-op id="140" type="classunload" timems="0.001" contextid="136" timestamp="2019-06-15T18:56:41.640">
  <classunload-info classloadercandidates="20" classloadersunloaded="0" classesunloaded="0" anonymousclassesunloaded="0" quiescems="0.000" setupms="0.001" scanms="0.000" postms="0.000" />
</gc-op>
<gc-op id="141" type="sweep" timems="0.289" contextid="136" timestamp="2019-06-15T18:56:41.640" />
<gc-op id="142" type="compact" timems="1.091" contextid="136" timestamp="2019-06-15T18:56:41.642">
  <compact-info movecount="2466" movebytes="993000" />
  <remembered-set-cleared processed="6917" cleared="1412" durationms="0.076" />
</gc-op>
<heap-resize id="143" type="expand" space="default" amount="3145728" count="1" timems="0.068" reason="insufficient free space following gc" timestamp="2019-06-15T18:56:41.642" />
<gc-end id="144" type="partial gc" contextid="136" durationms="3.476" usertimems="4.000" systemtimems="0.000" timestamp="2019-06-15T18:56:41.642" activeThreads="4">
  <mem-info id="145" free="8388608" total="18874368" percent="44">
    <mem type="eden" free="25880" total="1048576" percent="2" />
    <remembered-set count="4960" freebytes="733568" totalbytes="753408" percent="97" regionsoverflowed="0" regionsstable="0" regionsrebuilding="0"/>
  </mem-info>
</gc-end>
<cycle-end id="146" type="partial gc" contextid="136" timestamp="2019-06-15T18:56:41.642" />
  <attribute name="elasticGC enabled" value="1" />
  <attribute name= "numThreadsSpecified" value="4" />
  <attribute name="heapSize specified" value="0" />
  <attribute name="Current GC Util" value="37" />
  <attribute name= "Current Time Running" value="1318" />
  <attribute name ="GC Interval" value="0" />
  <attribute name="ProportionalT" value="25.500000" />
  <attribute name="ProportionalI" value="25.500000" />
  <attribute name="ProportionalH" value="25.500000" />
  <attribute name="Current Error" value="17.000000" />
  <attribute name="IntegralT" value="0.000000" />
  <attribute name="IntegralI" value="0.000000" />
  <attribute name="IntegralH" value="0.000000" />
  <attribute name="DerivativeT" value="-inf" />
  <attribute name="DerivativeI" value="-inf" />
  <attribute name="DerivativeH" value="-inf" />
  <attribute name="Loop Time for DT" value="0.000000" />
  <attribute name="Output H" value="2091843584"/>
  <attribute name="Output I" value="200"/>
  <attribute name="Output T" value="4"/>
  <attribute name="Target GC Util Change" value ="20.000000" />
  <attribute name="Current GC Util Change" value="37.000000"/>
  <attribute name="GC Util currently" value="37" />
  <attribute name="CPU Util currently" value="10321889438914" />
<exclusive-end id="147" timestamp="2019-06-15T18:56:41.642" durationms="4.054" />

<exclusive-start id="148" timestamp="2019-06-15T18:56:41.679" intervalms="41.212">
  <response-info timems="0.031" idlems="0.031" threads="0" lastid="0000000001239D00" lastname="Thread-6" />
</exclusive-start>
<allocation-taxation id="149" taxation-threshold="4194304" timestamp="2019-06-15T18:56:41.679" intervalms="41.206" />
<cycle-start id="150" type="global mark phase" contextid="0" timestamp="2019-06-15T18:56:41.680" intervalms="468.106" />
<gc-start id="151" type="global mark phase" contextid="150" timestamp="2019-06-15T18:56:41.680">
  <mem-info id="152" free="4194304" total="18874368" percent="22">
    <remembered-set count="4960" freebytes="733568" totalbytes="753408" percent="97" regionsoverflowed="0" regionsstable="0" regionsrebuilding="0"/>
  </mem-info>
</gc-start>
<gc-op id="153" type="mark increment" timems="0.526" contextid="150" timestamp="2019-06-15T18:56:41.680">
  <trace-info objectcount="261" scancount="0" scanbytes="0" />
</gc-op>
<gc-end id="154" type="global mark phase" contextid="150" durationms="0.619" usertimems="0.000" systemtimems="0.000" timestamp="2019-06-15T18:56:41.680" activeThreads="4">
  <mem-info id="155" free="4194304" total="18874368" percent="22">
    <remembered-set count="4960" freebytes="733568" totalbytes="753408" percent="97" regionsoverflowed="0" regionsstable="0" regionsrebuilding="0"/>
  </mem-info>
</gc-end>
<concurrent-start id="156" type="GMP work packet processing" contextid="150" timestamp="2019-06-15T18:56:41.680">
  <concurrent-mark-start scanTarget="18446744073709551615" />
</concurrent-start>
<exclusive-end id="157" timestamp="2019-06-15T18:56:41.680" durationms="0.967" />

<concurrent-end id="158" type="GMP work packet processing" contextid="150" timestamp="2019-06-15T18:56:41.685">
  <concurrent-mark-end bytesScanned="1631280" reasonForTermination="Completed all work in GC phase" />
</concurrent-end>

<exclusive-start id="159" timestamp="2019-06-15T18:56:41.709" intervalms="29.955">
  <response-info timems="0.029" idlems="0.029" threads="0" lastid="0000000001239D00" lastname="Thread-6" />
</exclusive-start>
<allocation-taxation id="160" taxation-threshold="4194304" timestamp="2019-06-15T18:56:41.709" intervalms="29.955" />
<cycle-start id="161" type="partial gc" contextid="0" timestamp="2019-06-15T18:56:41.709" intervalms="71.162" />
<gc-start id="162" type="partial gc" contextid="161" timestamp="2019-06-15T18:56:41.710">
  <mem-info id="163" free="0" total="18874368" percent="0">
    <mem type="eden" free="0" total="8388608" percent="0" />
    <remembered-set count="4960" freebytes="733568" totalbytes="753408" percent="97" regionsoverflowed="0" regionsstable="0" regionsrebuilding="0"/>
  </mem-info>
</gc-start>
<allocation-stats totalBytes="8264456" >
  <allocated-bytes non-tlh="16392" tlh="8248064" arrayletleaf="0"/>
  <largest-consumer threadName="Thread-6" threadId="0000000001239D00" bytes="1924488" />
</allocation-stats>
<gc-op id="164" type="mark" timems="1.088" contextid="161" timestamp="2019-06-15T18:56:41.711">
  <trace-info objectcount="2454" scancount="1973" scanbytes="412904" />
  <cardclean-info objects="1162" bytes="57532" />
  <remembered-set-cleared processed="3426" cleared="720" durationms="0.081" />
  <references type="phantom" candidates="1" cleared="0" enqueued="0" />
  <stringconstants candidates="3963" cleared="0"  />
  <warning details="Mark invoked due to insufficient free space for Copy-Forward" />
</gc-op>
<gc-op id="165" type="classunload" timems="0.002" contextid="161" timestamp="2019-06-15T18:56:41.711">
  <classunload-info classloadercandidates="20" classloadersunloaded="0" classesunloaded="0" anonymousclassesunloaded="0" quiescems="0.000" setupms="0.001" scanms="0.000" postms="0.000" />
</gc-op>
<gc-op id="166" type="sweep" timems="0.396" contextid="161" timestamp="2019-06-15T18:56:41.712" />
<gc-op id="167" type="compact" timems="1.118" contextid="161" timestamp="2019-06-15T18:56:41.713">
  <compact-info movecount="2454" movebytes="987088" />
  <remembered-set-cleared processed="7036" cleared="1408" durationms="0.081" />
</gc-op>
<heap-resize id="168" type="expand" space="default" amount="1048576" count="1" timems="0.056" reason="insufficient free space following gc" timestamp="2019-06-15T18:56:41.713" />
<gc-end id="169" type="partial gc" contextid="161" durationms="3.705" usertimems="8.000" systemtimems="0.000" timestamp="2019-06-15T18:56:41.713" activeThreads="4">
  <mem-info id="170" free="8388608" total="19922944" percent="42">
    <mem type="eden" free="62144" total="1048576" percent="5" />
    <remembered-set count="5056" freebytes="775040" totalbytes="795264" percent="97" regionsoverflowed="0" regionsstable="0" regionsrebuilding="0"/>
  </mem-info>
</gc-end>
<cycle-end id="171" type="partial gc" contextid="161" timestamp="2019-06-15T18:56:41.713" />
  <attribute name="elasticGC enabled" value="1" />
  <attribute name= "numThreadsSpecified" value="4" />
  <attribute name="heapSize specified" value="0" />
  <attribute name="Current GC Util" value="28" />
  <attribute name= "Current Time Running" value="1390" />
  <attribute name ="GC Interval" value="0" />
  <attribute name="ProportionalT" value="12.000000" />
  <attribute name="ProportionalI" value="12.000000" />
  <attribute name="ProportionalH" value="12.000000" />
  <attribute name="Current Error" value="8.000000" />
  <attribute name="IntegralT" value="8.000000" />
  <attribute name="IntegralI" value="8.000000" />
  <attribute name="IntegralH" value="8.000000" />
  <attribute name="DerivativeT" value="-48.500000" />
  <attribute name="DerivativeI" value="-48.500000" />
  <attribute name="DerivativeH" value="-48.500000" />
  <attribute name="Loop Time for DT" value="1.000000" />
  <attribute name="Output H" value="2091843584"/>
  <attribute name="Output I" value="200"/>
  <attribute name="Output T" value="4"/>
  <attribute name="Target GC Util Change" value ="20.000000" />
  <attribute name="Current GC Util Change" value="28.000000"/>
  <attribute name="GC Util currently" value="28" />
  <attribute name="CPU Util currently" value="7792945681949" />
<exclusive-end id="172" timestamp="2019-06-15T18:56:41.714" durationms="4.309" />

<exclusive-start id="173" timestamp="2019-06-15T18:56:41.753" intervalms="43.288">
  <response-info timems="0.047" idlems="0.047" threads="0" lastid="000000000122E900" lastname="Thread-3" />
</exclusive-start>
<allocation-taxation id="174" taxation-threshold="4194304" timestamp="2019-06-15T18:56:41.753" intervalms="43.281" />
<gc-start id="175" type="global mark phase" contextid="150" timestamp="2019-06-15T18:56:41.753">
  <mem-info id="176" free="4194304" total="19922944" percent="21">
    <remembered-set count="5056" freebytes="775040" totalbytes="795264" percent="97" regionsoverflowed="0" regionsstable="0" regionsrebuilding="0"/>
  </mem-info>
</gc-start>
<gc-op id="177" type="mark increment" timems="1.109" contextid="150" timestamp="2019-06-15T18:56:41.754">
  <trace-info objectcount="2625" scancount="2090" scanbytes="468312" />
  <cardclean-info objects="1398" bytes="152444" />
  <finalization candidates="25" enqueued="0" />
  <references type="soft" candidates="164" cleared="0" enqueued="0" dynamicThreshold="13" maxThreshold="32" />
  <references type="weak" candidates="265" cleared="0" enqueued="0" />
  <references type="phantom" candidates="93" cleared="0" enqueued="0" />
  <stringconstants candidates="3963" cleared="0"  />
</gc-op>
<gc-op id="178" type="classunload" timems="0.003" contextid="150" timestamp="2019-06-15T18:56:41.754">
  <classunload-info classloadercandidates="20" classloadersunloaded="0" classesunloaded="0" anonymousclassesunloaded="0" quiescems="0.000" setupms="0.003" scanms="0.000" postms="0.000" />
</gc-op>
<gc-end id="179" type="global mark phase" contextid="150" durationms="1.293" usertimems="0.000" systemtimems="0.000" timestamp="2019-06-15T18:56:41.754" activeThreads="4">
  <mem-info id="180" free="4194304" total="19922944" percent="21">
    <remembered-set count="5056" freebytes="775040" totalbytes="795264" percent="97" regionsoverflowed="0" regionsstable="0" regionsrebuilding="0"/>
  </mem-info>
</gc-end>
<cycle-end id="181" type="global mark phase" contextid="150" timestamp="2019-06-15T18:56:41.754" />
  <attribute name="elasticGC enabled" value="1" />
  <attribute name= "numThreadsSpecified" value="4" />
  <attribute name="heapSize specified" value="0" />
  <attribute name="Current GC Util" value="109" />
  <attribute name= "Current Time Running" value="1431" />
  <attribute name ="GC Interval" value="0" />
  <attribute name="ProportionalT" value="133.500000" />
  <attribute name="ProportionalI" value="133.500000" />
  <attribute name="ProportionalH" value="133.500000" />
  <attribute name="Current Error" value="89.000000" />
  <attribute name="IntegralT" value="0.000000" />
  <attribute name="IntegralI" value="0.000000" />
  <attribute name="IntegralH" value="0.000000" />
  <attribute name="DerivativeT" value="-inf" />
  <attribute name="DerivativeI" value="-inf" />
  <attribute name="DerivativeH" value="-inf" />
  <attribute name="Loop Time for DT" value="0.000000" />
  <attribute name="Output H" value="2091843584"/>
  <attribute name="Output I" value="200"/>
  <attribute name="Output T" value="4"/>
  <attribute name="Target GC Util Change" value ="20.000000" />
  <attribute name="Current GC Util Change" value="109.000000"/>
  <attribute name="GC Util currently" value="109" />
  <attribute name="CPU Util currently" value="19922869297861" />
<exclusive-end id="182" timestamp="2019-06-15T18:56:41.754" durationms="1.586" />

<exclusive-start id="183" timestamp="2019-06-15T18:56:41.797" intervalms="43.988">
  <response-info timems="0.026" idlems="0.026" threads="0" lastid="0000000001239D00" lastname="Thread-6" />
</exclusive-start>
<allocation-taxation id="184" taxation-threshold="4194304" timestamp="2019-06-15T18:56:41.797" intervalms="43.999" />
<cycle-start id="185" type="partial gc" contextid="0" timestamp="2019-06-15T18:56:41.797" intervalms="87.281" />
<gc-start id="186" type="partial gc" contextid="185" timestamp="2019-06-15T18:56:41.797">
  <mem-info id="187" free="0" total="19922944" percent="0">
    <mem type="eden" free="0" total="8388608" percent="0" />
    <remembered-set count="5056" freebytes="775040" totalbytes="795264" percent="97" regionsoverflowed="0" regionsstable="0" regionsrebuilding="0"/>
  </mem-info>
</gc-start>
<allocation-stats totalBytes="8308792" >
  <allocated-bytes non-tlh="49168" tlh="8259624" arrayletleaf="0"/>
  <largest-consumer threadName="Thread-3" threadId="000000000122E900" bytes="1822864" />
</allocation-stats>
<gc-op id="188" type="sweep" timems="0.391" contextid="185" timestamp="2019-06-15T18:56:41.798" />
<gc-op id="189" type="mark" timems="0.933" contextid="185" timestamp="2019-06-15T18:56:41.799">
  <trace-info objectcount="2559" scancount="2037" scanbytes="416956" />
  <cardclean-info objects="1144" bytes="56280" />
  <remembered-set-cleared processed="3463" cleared="705" durationms="0.071" />
  <references type="phantom" candidates="1" cleared="0" enqueued="0" />
  <stringconstants candidates="3963" cleared="0"  />
  <warning details="Mark invoked due to insufficient free space for Copy-Forward" />
</gc-op>
<gc-op id="190" type="classunload" timems="0.001" contextid="185" timestamp="2019-06-15T18:56:41.799">
  <classunload-info classloadercandidates="20" classloadersunloaded="0" classesunloaded="0" anonymousclassesunloaded="0" quiescems="0.000" setupms="0.001" scanms="0.000" postms="0.000" />
</gc-op>
<gc-op id="191" type="sweep" timems="0.365" contextid="185" timestamp="2019-06-15T18:56:41.799" />
<gc-op id="192" type="compact" timems="1.103" contextid="185" timestamp="2019-06-15T18:56:41.801">
  <compact-info movecount="2558" movebytes="1044528" />
  <remembered-set-cleared processed="7100" cleared="1370" durationms="0.071" />
</gc-op>
<gc-end id="193" type="partial gc" contextid="185" durationms="3.927" usertimems="4.000" systemtimems="4.000" timestamp="2019-06-15T18:56:41.801" activeThreads="4">
  <mem-info id="194" free="7340032" total="19922944" percent="36">
    <mem type="eden" free="4512" total="1048576" percent="0" />
    <remembered-set count="5216" freebytes="774400" totalbytes="795264" percent="97" regionsoverflowed="0" regionsstable="0" regionsrebuilding="0"/>
  </mem-info>
</gc-end>
<cycle-end id="195" type="partial gc" contextid="185" timestamp="2019-06-15T18:56:41.801" />
  <attribute name="elasticGC enabled" value="1" />
  <attribute name= "numThreadsSpecified" value="4" />
  <attribute name="heapSize specified" value="0" />
  <attribute name="Current GC Util" value="28" />
  <attribute name= "Current Time Running" value="1477" />
  <attribute name ="GC Interval" value="0" />
  <attribute name="ProportionalT" value="12.000000" />
  <attribute name="ProportionalI" value="12.000000" />
  <attribute name="ProportionalH" value="12.000000" />
  <attribute name="Current Error" value="8.000000" />
  <attribute name="IntegralT" value="0.000000" />
  <attribute name="IntegralI" value="0.000000" />
  <attribute name="IntegralH" value="0.000000" />
  <attribute name="DerivativeT" value="-inf" />
  <attribute name="DerivativeI" value="-inf" />
  <attribute name="DerivativeH" value="-inf" />
  <attribute name="Loop Time for DT" value="0.000000" />
  <attribute name="Output H" value="2091843584"/>
  <attribute name="Output I" value="200"/>
  <attribute name="Output T" value="4"/>
  <attribute name="Target GC Util Change" value ="20.000000" />
  <attribute name="Current GC Util Change" value="28.000000"/>
  <attribute name="GC Util currently" value="28" />
  <attribute name="CPU Util currently" value="8089016844569" />
<exclusive-end id="196" timestamp="2019-06-15T18:56:41.801" durationms="4.592" />

<exclusive-start id="197" timestamp="2019-06-15T18:56:41.874" intervalms="77.870">
  <response-info timems="0.034" idlems="0.034" threads="0" lastid="0000000001236100" lastname="Thread-5" />
</exclusive-start>
<allocation-taxation id="198" taxation-threshold="7340032" timestamp="2019-06-15T18:56:41.875" intervalms="77.870" />
<cycle-start id="199" type="partial gc" contextid="0" timestamp="2019-06-15T18:56:41.875" intervalms="77.872" />
<gc-start id="200" type="partial gc" contextid="199" timestamp="2019-06-15T18:56:41.875">
  <mem-info id="201" free="0" total="19922944" percent="0">
    <mem type="eden" free="0" total="7340032" percent="0" />
    <remembered-set count="5216" freebytes="774400" totalbytes="795264" percent="97" regionsoverflowed="0" regionsstable="0" regionsrebuilding="0"/>
  </mem-info>
</gc-start>
<allocation-stats totalBytes="7311320" >
  <allocated-bytes non-tlh="0" tlh="7311320" arrayletleaf="0"/>
  <largest-consumer threadName="Thread-4" threadId="0000000001232500" bytes="2662456" />
</allocation-stats>
<gc-op id="202" type="mark" timems="0.933" contextid="199" timestamp="2019-06-15T18:56:41.876">
  <trace-info objectcount="2587" scancount="2092" scanbytes="418216" />
  <cardclean-info objects="1148" bytes="56044" />
  <remembered-set-cleared processed="3510" cleared="716" durationms="0.094" />
  <references type="phantom" candidates="1" cleared="0" enqueued="0" />
  <stringconstants candidates="3963" cleared="0"  />
  <warning details="Mark invoked due to insufficient free space for Copy-Forward" />
</gc-op>
<gc-op id="203" type="classunload" timems="0.002" contextid="199" timestamp="2019-06-15T18:56:41.876">
  <classunload-info classloadercandidates="20" classloadersunloaded="0" classesunloaded="0" anonymousclassesunloaded="0" quiescems="0.000" setupms="0.002" scanms="0.000" postms="0.000" />
</gc-op>
<gc-op id="204" type="sweep" timems="0.415" contextid="199" timestamp="2019-06-15T18:56:41.877" />
<gc-op id="205" type="compact" timems="1.458" contextid="199" timestamp="2019-06-15T18:56:41.878">
  <compact-info movecount="2587" movebytes="962160" />
  <remembered-set-cleared processed="6316" cleared="2769" durationms="0.094" />
</gc-op>
<heap-resize id="206" type="expand" space="default" amount="3145728" count="1" timems="0.073" reason="insufficient free space following gc" timestamp="2019-06-15T18:56:41.879" />
<gc-end id="207" type="partial gc" contextid="199" durationms="3.931" usertimems="8.000" systemtimems="0.000" timestamp="2019-06-15T18:56:41.879" activeThreads="4">
  <mem-info id="208" free="9437184" total="23068672" percent="40">
    <mem type="eden" free="86760" total="1048576" percent="8" />
    <remembered-set count="5408" freebytes="899200" totalbytes="920832" percent="97" regionsoverflowed="0" regionsstable="0" regionsrebuilding="0"/>
  </mem-info>
</gc-end>
<cycle-end id="209" type="partial gc" contextid="199" timestamp="2019-06-15T18:56:41.879" />
  <attribute name="elasticGC enabled" value="1" />
  <attribute name= "numThreadsSpecified" value="4" />
  <attribute name="heapSize specified" value="0" />
  <attribute name="Current GC Util" value="30" />
  <attribute name= "Current Time Running" value="1555" />
  <attribute name ="GC Interval" value="0" />
  <attribute name="ProportionalT" value="15.000000" />
  <attribute name="ProportionalI" value="15.000000" />
  <attribute name="ProportionalH" value="15.000000" />
  <attribute name="Current Error" value="10.000000" />
  <attribute name="IntegralT" value="10.000000" />
  <attribute name="IntegralI" value="10.000000" />
  <attribute name="IntegralH" value="10.000000" />
  <attribute name="DerivativeT" value="5.000000" />
  <attribute name="DerivativeI" value="5.000000" />
  <attribute name="DerivativeH" value="5.000000" />
  <attribute name="Loop Time for DT" value="1.000000" />
  <attribute name="Output H" value="8388608"/>
  <attribute name="Output I" value="200"/>
  <attribute name="Output T" value="4"/>
  <attribute name="Target GC Util Change" value ="20.000000" />
  <attribute name="Current GC Util Change" value="30.000000"/>
  <attribute name="GC Util currently" value="30" />
  <attribute name="CPU Util currently" value="7572841037118" />
<exclusive-end id="210" timestamp="2019-06-15T18:56:41.879" durationms="4.585" />

<exclusive-start id="211" timestamp="2019-06-15T18:56:41.971" intervalms="96.998">
  <response-info timems="0.039" idlems="0.039" threads="0" lastid="0000000001239D00" lastname="Thread-6" />
</exclusive-start>
<allocation-taxation id="212" taxation-threshold="9437184" timestamp="2019-06-15T18:56:41.972" intervalms="97.020" />
<cycle-start id="213" type="partial gc" contextid="0" timestamp="2019-06-15T18:56:41.972" intervalms="97.007" />
<gc-start id="214" type="partial gc" contextid="213" timestamp="2019-06-15T18:56:41.972">
  <mem-info id="215" free="0" total="23068672" percent="0">
    <mem type="eden" free="0" total="9437184" percent="0" />
    <remembered-set count="5408" freebytes="899200" totalbytes="920832" percent="97" regionsoverflowed="0" regionsstable="0" regionsrebuilding="0"/>
  </mem-info>
</gc-start>
<allocation-stats totalBytes="9432416" >
  <allocated-bytes non-tlh="16392" tlh="9416024" arrayletleaf="0"/>
  <largest-consumer threadName="Thread-6" threadId="0000000001239D00" bytes="3463920" />
</allocation-stats>
<gc-op id="216" type="mark" timems="0.900" contextid="213" timestamp="2019-06-15T18:56:41.973">
  <trace-info objectcount="2688" scancount="2159" scanbytes="420844" />
  <cardclean-info objects="1151" bytes="56584" />
  <remembered-set-cleared processed="3349" cleared="770" durationms="0.095" />
  <stringconstants candidates="3963" cleared="0"  />
  <warning details="Mark invoked due to insufficient free space for Copy-Forward" />
</gc-op>
<gc-op id="217" type="classunload" timems="0.001" contextid="213" timestamp="2019-06-15T18:56:41.973">
  <classunload-info classloadercandidates="20" classloadersunloaded="0" classesunloaded="0" anonymousclassesunloaded="0" quiescems="0.000" setupms="0.001" scanms="0.000" postms="0.000" />
</gc-op>
<gc-op id="218" type="sweep" timems="0.381" contextid="213" timestamp="2019-06-15T18:56:41.974" />
<gc-op id="219" type="compact" timems="1.267" contextid="213" timestamp="2019-06-15T18:56:41.975">
  <compact-info movecount="2688" movebytes="989872" />
  <remembered-set-cleared processed="6905" cleared="1514" durationms="0.095" />
</gc-op>
<gc-end id="220" type="partial gc" contextid="213" durationms="3.451" usertimems="4.000" systemtimems="0.000" timestamp="2019-06-15T18:56:41.975" activeThreads="1">
  <mem-info id="221" free="8388608" total="23068672" percent="36">
    <mem type="eden" free="59104" total="1048576" percent="5" />
    <remembered-set count="5888" freebytes="897280" totalbytes="920832" percent="97" regionsoverflowed="0" regionsstable="0" regionsrebuilding="0"/>
  </mem-info>
</gc-end>
<cycle-end id="222" type="partial gc" contextid="213" timestamp="2019-06-15T18:56:41.975" />
  <attribute name="elasticGC enabled" value="1" />
  <attribute name= "numThreadsSpecified" value="1" />
  <attribute name="heapSize specified" value="0" />
  <attribute name="Current GC Util" value="32" />
  <attribute name= "Current Time Running" value="1651" />
  <attribute name ="GC Interval" value="0" />
  <attribute name="ProportionalT" value="18.000000" />
  <attribute name="ProportionalI" value="18.000000" />
  <attribute name="ProportionalH" value="18.000000" />
  <attribute name="Current Error" value="12.000000" />
  <attribute name="IntegralT" value="0.000000" />
  <attribute name="IntegralI" value="0.000000" />
  <attribute name="IntegralH" value="0.000000" />
  <attribute name="DerivativeT" value="inf" />
  <attribute name="DerivativeI" value="inf" />
  <attribute name="DerivativeH" value="inf" />
  <attribute name="Loop Time for DT" value="0.000000" />
  <attribute name="Output H" value="8388608"/>
  <attribute name="Output I" value="200"/>
  <attribute name="Output T" value="1"/>
  <attribute name="Target GC Util Change" value ="20.000000" />
  <attribute name="Current GC Util Change" value="32.000000"/>
  <attribute name="GC Util currently" value="32" />
  <attribute name="CPU Util currently" value="8562501074316" />
<exclusive-end id="223" timestamp="2019-06-15T18:56:41.976" durationms="4.127" />

<exclusive-start id="224" timestamp="2019-06-15T18:56:42.064" intervalms="92.238">
  <response-info timems="0.055" idlems="0.055" threads="0" lastid="0000000001232500" lastname="Thread-4" />
</exclusive-start>
<allocation-taxation id="225" taxation-threshold="8388608" timestamp="2019-06-15T18:56:42.064" intervalms="92.234" />
<cycle-start id="226" type="partial gc" contextid="0" timestamp="2019-06-15T18:56:42.064" intervalms="92.236" />
<gc-start id="227" type="partial gc" contextid="226" timestamp="2019-06-15T18:56:42.064">
  <mem-info id="228" free="0" total="23068672" percent="0">
    <mem type="eden" free="0" total="8388608" percent="0" />
    <remembered-set count="5536" freebytes="898688" totalbytes="920832" percent="97" regionsoverflowed="0" regionsstable="0" regionsrebuilding="0"/>
  </mem-info>
</gc-start>
<allocation-stats totalBytes="8384592" >
  <allocated-bytes non-tlh="16392" tlh="8368200" arrayletleaf="0"/>
  <largest-consumer threadName="Thread-5" threadId="0000000001236100" bytes="2665184" />
</allocation-stats>
<gc-op id="229" type="mark" timems="0.914" contextid="226" timestamp="2019-06-15T18:56:42.065">
  <trace-info objectcount="2616" scancount="2124" scanbytes="420524" />
  <cardclean-info objects="1134" bytes="55708" />
  <remembered-set-cleared processed="3418" cleared="779" durationms="0.096" />
  <stringconstants candidates="3963" cleared="0"  />
  <warning details="Mark invoked due to insufficient free space for Copy-Forward" />
</gc-op>
<gc-op id="230" type="classunload" timems="0.002" contextid="226" timestamp="2019-06-15T18:56:42.065">
  <classunload-info classloadercandidates="20" classloadersunloaded="0" classesunloaded="0" anonymousclassesunloaded="0" quiescems="0.000" setupms="0.001" scanms="0.000" postms="0.000" />
</gc-op>
<gc-op id="231" type="sweep" timems="0.384" contextid="226" timestamp="2019-06-15T18:56:42.066" />
<gc-op id="232" type="compact" timems="1.048" contextid="226" timestamp="2019-06-15T18:56:42.067">
  <compact-info movecount="2615" movebytes="967720" />
  <remembered-set-cleared processed="7000" cleared="1501" durationms="0.096" />
</gc-op>
<heap-resize id="233" type="expand" space="default" amount="3145728" count="1" timems="0.065" reason="insufficient free space following gc" timestamp="2019-06-15T18:56:42.067" />
<gc-end id="234" type="partial gc" contextid="226" durationms="3.402" usertimems="4.000" systemtimems="0.000" timestamp="2019-06-15T18:56:42.067" activeThreads="4">
  <mem-info id="235" free="10485760" total="26214400" percent="40">
    <mem type="eden" free="81104" total="1048576" percent="7" />
    <remembered-set count="5280" freebytes="1025280" totalbytes="1046400" percent="97" regionsoverflowed="0" regionsstable="0" regionsrebuilding="0"/>
  </mem-info>
</gc-end>
<cycle-end id="236" type="partial gc" contextid="226" timestamp="2019-06-15T18:56:42.068" />
  <attribute name="elasticGC enabled" value="1" />
  <attribute name= "numThreadsSpecified" value="4" />
  <attribute name="heapSize specified" value="0" />
  <attribute name="Current GC Util" value="32" />
  <attribute name= "Current Time Running" value="1744" />
  <attribute name ="GC Interval" value="0" />
  <attribute name="ProportionalT" value="18.000000" />
  <attribute name="ProportionalI" value="18.000000" />
  <attribute name="ProportionalH" value="18.000000" />
  <attribute name="Current Error" value="12.000000" />
  <attribute name="IntegralT" value="12.000000" />
  <attribute name="IntegralI" value="12.000000" />
  <attribute name="IntegralH" value="12.000000" />
  <attribute name="DerivativeT" value="6.000000" />
  <attribute name="DerivativeI" value="6.000000" />
  <attribute name="DerivativeH" value="6.000000" />
  <attribute name="Loop Time for DT" value="1.000000" />
  <attribute name="Output H" value="8388608"/>
  <attribute name="Output I" value="200"/>
  <attribute name="Output T" value="4"/>
  <attribute name="Target GC Util Change" value ="20.000000" />
  <attribute name="Current GC Util Change" value="32.000000"/>
  <attribute name="GC Util currently" value="32" />
  <attribute name="CPU Util currently" value="8515857554691" />
<exclusive-end id="237" timestamp="2019-06-15T18:56:42.068" durationms="4.052" />

<exclusive-start id="238" timestamp="2019-06-15T18:56:42.169" intervalms="105.658">
  <response-info timems="0.042" idlems="0.042" threads="0" lastid="0000000001239D00" lastname="Thread-6" />
</exclusive-start>
<allocation-taxation id="239" taxation-threshold="10485760" timestamp="2019-06-15T18:56:42.169" intervalms="105.669" />
<cycle-start id="240" type="partial gc" contextid="0" timestamp="2019-06-15T18:56:42.170" intervalms="105.667" />
<gc-start id="241" type="partial gc" contextid="240" timestamp="2019-06-15T18:56:42.170">
  <mem-info id="242" free="0" total="26214400" percent="0">
    <mem type="eden" free="0" total="10485760" percent="0" />
    <remembered-set count="5280" freebytes="1025280" totalbytes="1046400" percent="97" regionsoverflowed="0" regionsstable="0" regionsrebuilding="0"/>
  </mem-info>
</gc-start>
<allocation-stats totalBytes="10466208" >
  <allocated-bytes non-tlh="32776" tlh="10433432" arrayletleaf="0"/>
  <largest-consumer threadName="Thread-5" threadId="0000000001236100" bytes="3480008" />
</allocation-stats>
<gc-op id="243" type="mark" timems="0.916" contextid="240" timestamp="2019-06-15T18:56:42.171">
  <trace-info objectcount="2692" scancount="2165" scanbytes="421116" />
  <cardclean-info objects="1163" bytes="57468" />
  <remembered-set-cleared processed="3439" cleared="780" durationms="0.099" />
  <stringconstants candidates="3963" cleared="0"  />
  <warning details="Mark invoked due to insufficient free space for Copy-Forward" />
</gc-op>
<gc-op id="244" type="classunload" timems="0.002" contextid="240" timestamp="2019-06-15T18:56:42.171">
  <classunload-info classloadercandidates="20" classloadersunloaded="0" classesunloaded="0" anonymousclassesunloaded="0" quiescems="0.000" setupms="0.002" scanms="0.000" postms="0.000" />
</gc-op>
<gc-op id="245" type="sweep" timems="0.385" contextid="240" timestamp="2019-06-15T18:56:42.172" />
<gc-op id="246" type="compact" timems="1.283" contextid="240" timestamp="2019-06-15T18:56:42.173">
  <compact-info movecount="2692" movebytes="991760" />
  <remembered-set-cleared processed="7090" cleared="1535" durationms="0.099" />
</gc-op>
<gc-end id="247" type="partial gc" contextid="240" durationms="3.583" usertimems="4.000" systemtimems="0.000" timestamp="2019-06-15T18:56:42.173" activeThreads="1">
  <mem-info id="248" free="10485760" total="26214400" percent="40">
    <mem type="eden" free="56816" total="1048576" percent="5" />
    <remembered-set count="5568" freebytes="1024128" totalbytes="1046400" percent="97" regionsoverflowed="0" regionsstable="0" regionsrebuilding="0"/>
  </mem-info>
</gc-end>
<cycle-end id="249" type="partial gc" contextid="240" timestamp="2019-06-15T18:56:42.173" />
  <attribute name="elasticGC enabled" value="1" />
  <attribute name= "numThreadsSpecified" value="1" />
  <attribute name="heapSize specified" value="0" />
  <attribute name="Current GC Util" value="28" />
  <attribute name= "Current Time Running" value="1849" />
  <attribute name ="GC Interval" value="0" />
  <attribute name="ProportionalT" value="12.000000" />
  <attribute name="ProportionalI" value="12.000000" />
  <attribute name="ProportionalH" value="12.000000" />
  <attribute name="Current Error" value="8.000000" />
  <attribute name="IntegralT" value="0.000000" />
  <attribute name="IntegralI" value="0.000000" />
  <attribute name="IntegralH" value="0.000000" />
  <attribute name="DerivativeT" value="inf" />
  <attribute name="DerivativeI" value="inf" />
  <attribute name="DerivativeH" value="inf" />
  <attribute name="Loop Time for DT" value="0.000000" />
  <attribute name="Output H" value="8388608"/>
  <attribute name="Output I" value="200"/>
  <attribute name="Output T" value="1"/>
  <attribute name="Target GC Util Change" value ="20.000000" />
  <attribute name="Current GC Util Change" value="28.000000"/>
  <attribute name="GC Util currently" value="28" />
  <attribute name="CPU Util currently" value="7597693544174" />
<exclusive-end id="250" timestamp="2019-06-15T18:56:42.174" durationms="4.337" />

</verbosegc>

