<?xml version="1.0" ?>

<verbosegc xmlns="http://www.ibm.com/j9/verbosegc" version="10b4217_CMPRSS">

<initialized id="1" timestamp="2019-06-14T23:34:01.361">
  <attribute name="gcPolicy" value="-Xgcpolicy:optthruput" />
  <attribute name="elasticGC enabled" value="1" />
  <attribute name= "numThreadsSpecified" value="0" />
  <attribute name="heapSize specified" value="0" />
  <attribute name="Current GC Util" value="0" />
  <attribute name= "Current Time Running" value="0" />
  <attribute name ="GC Interval" value="0" />
  <attribute name="ProportionalT" value="0.000000" />
  <attribute name="ProportionalI" value="0.000000" />
  <attribute name="ProportionalH" value="0.000000" />
  <attribute name="IntegralT" value="0.000000" />
  <attribute name="IntegralI" value="0.000000" />
  <attribute name="IntegralH" value="0.000000" />
  <attribute name="DerivativeT" value="0.000000" />
  <attribute name="DerivativeI" value="0.000000" />
  <attribute name="DerivativeH" value="0.000000" />
  <attribute name="Target GC Util Change" value ="0.000000" />
  <attribute name="Current GC Util Change" value="0.000000"/>
  <attribute name="Current Error" value="0.000000" />
  <attribute name="Loop Time for DT" value="0.000000" />
  <attribute name="Output H" value="0"/>
  <attribute name="Output I" value="0"/>
  <attribute name="Output T" value="0"/>
  <attribute name="GC Util currently" value="0" />
  <attribute name="CPU Util currently" value="0" />
  <attribute name="maxHeapSize" value="0x7cbc0000" />
  <attribute name="initialHeapSize" value="0x800000" />
  <attribute name="compressedRefs" value="true" />
  <attribute name="compressedRefsDisplacement" value="0x0" />
  <attribute name="compressedRefsShift" value="0x0" />
  <attribute name="pageSize" value="0x1000" />
  <attribute name="pageType" value="not used" />
  <attribute name="requestedPageSize" value="0x1000" />
  <attribute name="requestedPageType" value="not used" />
  <attribute name="gcthreads" value="4" />
  <attribute name="packetListSplit" value="4" />
  <attribute name="cacheListSplit" value="4" />
  <attribute name="splitFreeListSplitAmount" value="1" />
  <attribute name="numaNodes" value="0" />
  <system>
    <attribute name="physicalMemory" value="8370962432" />
    <attribute name="numCPUs" value="4" />
    <attribute name="architecture" value="amd64" />
    <attribute name="os" value="Linux" />
    <attribute name="osVersion" value="4.4.0-148-generic" />
  </system>
  <vmargs>
    <vmarg name="-Xoptionsfile=/vagrant/jdk/lib/options.default" />
    <vmarg name="-Xlockword:mode=default,noLockword=java/lang/String,noLockword=java/util/MapEntry,noLockword=java/util/HashMap$Entry,noLockword..." />
    <vmarg name="-Xjcl:jclse29" />
    <vmarg name="-Dcom.ibm.oti.vm.bootstrap.library.path=/vagrant/jdk/lib/compressedrefs:/vagrant/jdk/lib" />
    <vmarg name="-Dsun.boot.library.path=/vagrant/jdk/lib/compressedrefs:/vagrant/jdk/lib" />
    <vmarg name="-Djava.library.path=/vagrant/jdk/lib/compressedrefs:/vagrant/jdk/lib:/usr/lib64:/usr/lib" />
    <vmarg name="-Djava.home=/vagrant/jdk" />
    <vmarg name="-Duser.dir=/vagrant" />
    <vmarg name="-Xgcpolicy:optthruput" />
    <vmarg name="-Xgcelastic" />
    <vmarg name="-Xcheck:gc:::elasticGC" />
    <vmarg name="-verbose:gc" />
    <vmarg name="-Xloggc:large-OPTTHRUPUT-jdk0.5-1-0.5-verbose16jython.txt" />
    <vmarg name="-Djava.class.path=dacapo-9.12-MR1-bach.jar" />
    <vmarg name="-Dsun.java.command=dacapo-9.12-MR1-bach.jar jython --size=large" />
    <vmarg name="-Dsun.java.launcher=SUN_STANDARD" />
    <vmarg name="-Dsun.java.launcher.pid=28319" />
  </vmargs>
</initialized>

<exclusive-start id="2" timestamp="2019-06-14T23:34:03.050" intervalms="1689.212">
  <response-info timems="0.023" idlems="0.023" threads="0" lastid="00000000023E3700" lastname="main" />
</exclusive-start>
<af-start id="3" threadId="00000000023E4088" totalBytesRequested="2056" timestamp="2019-06-14T23:34:03.050" intervalms="1689.433" />
<cycle-start id="4" type="global" contextid="0" timestamp="2019-06-14T23:34:03.050" intervalms="1689.662" />
<gc-start id="5" type="global" contextid="4" timestamp="2019-06-14T23:34:03.051">
  <mem-info id="6" free="418816" total="8388608" percent="4">
    <mem type="tenure" free="418816" total="8388608" percent="4">
      <mem type="soa" free="0" total="7969792" percent="0" />
      <mem type="loa" free="418816" total="418816" percent="100" />
    </mem>
  </mem-info>
</gc-start>
<allocation-stats totalBytes="7929696" >
  <allocated-bytes non-tlh="357688" tlh="7572008" />
  <largest-consumer threadName="main" threadId="00000000023E3700" bytes="7856688" />
</allocation-stats>
<gc-op id="7" type="mark" timems="2.305" contextid="4" timestamp="2019-06-14T23:34:03.053">
  <trace-info objectcount="17668" scancount="14612" scanbytes="460792" />
  <finalization candidates="14" enqueued="1" />
  <references type="soft" candidates="63" cleared="0" enqueued="0" dynamicThreshold="32" maxThreshold="32" />
  <references type="weak" candidates="544" cleared="401" enqueued="362" />
  <references type="phantom" candidates="105" cleared="44" enqueued="44" />
  <stringconstants candidates="2406" cleared="0"  />
</gc-op>
<gc-op id="8" type="classunload" timems="0.080" contextid="4" timestamp="2019-06-14T23:34:03.053">
  <classunload-info classloadercandidates="5" classloadersunloaded="0" classesunloaded="0" anonymousclassesunloaded="0" quiescems="0.000" setupms="0.079" scanms="0.001" postms="0.000" />
</gc-op>
<gc-op id="9" type="sweep" timems="0.694" contextid="4" timestamp="2019-06-14T23:34:03.054" />
<mem-info id="10" free="7186248" total="8388608" percent="85">
  <mem type="tenure" free="7186248" total="8388608" percent="85" micro-fragmented="171392" macro-fragmented="0">
    <mem type="soa" free="6767432" total="7969792" percent="84" />
    <mem type="loa" free="418816" total="418816" percent="100" />
  </mem>
  <pending-finalizers system="1" default="0" reference="406" classloader="0" />
</mem-info>
<gc-op id="11" type="compact" timems="3.856" contextid="4" timestamp="2019-06-14T23:34:03.058">
  <compact-info movecount="17667" movebytes="963240" reason="compact to aid heap contraction" />
</gc-op>
<heap-resize id="12" type="expand" space="tenure" amount="2084241408" count="1" timems="0.083" reason="satisfy allocation request" timestamp="2019-06-14T23:34:03.059" />
<gc-end id="13" type="global" contextid="4" durationms="8.113" usertimems="0.000" systemtimems="8.000" timestamp="2019-06-14T23:34:03.059" activeThreads="4">
  <mem-info id="14" free="2091601152" total="2092630016" percent="99">
    <mem type="tenure" free="2091601152" total="2092630016" percent="99">
      <mem type="soa" free="1986969856" total="1987998720" percent="99" />
      <mem type="loa" free="104631296" total="104631296" percent="100" />
    </mem>
    <pending-finalizers system="1" default="0" reference="406" classloader="0" />
  </mem-info>
</gc-end>
<cycle-end id="15" type="global" contextid="4" timestamp="2019-06-14T23:34:03.059" />
  <attribute name="elasticGC enabled" value="1" />
  <attribute name= "numThreadsSpecified" value="4" />
  <attribute name="heapSize specified" value="8388608" />
  <attribute name="Current GC Util" value="31" />
  <attribute name= "Current Time Running" value="1546" />
  <attribute name ="GC Interval" value="0" />
  <attribute name="ProportionalT" value="5.500000" />
  <attribute name="ProportionalI" value="5.500000" />
  <attribute name="ProportionalH" value="5.500000" />
  <attribute name="Current Error" value="11.000000" />
  <attribute name="IntegralT" value="-30546.000000" />
  <attribute name="IntegralI" value="-30546.000000" />
  <attribute name="IntegralH" value="-30546.000000" />
  <attribute name="DerivativeT" value="1.375000" />
  <attribute name="DerivativeI" value="1.375000" />
  <attribute name="DerivativeH" value="1.375000" />
  <attribute name="Loop Time for DT" value="4.000000" />
  <attribute name="Output H" value="2092630016"/>
  <attribute name="Output I" value="200"/>
  <attribute name="Output T" value="4"/>
  <attribute name="Target GC Util Change" value ="20.000000" />
  <attribute name="Current GC Util Change" value="31.000000"/>
  <attribute name="GC Util currently" value="31" />
  <attribute name="CPU Util currently" value="42" />
<allocation-satisfied id="16" threadId="00000000023E3700" bytesRequested="2056" />
<af-end id="17" timestamp="2019-06-14T23:34:03.059" threadId="00000000023E4088" success="true" />
<exclusive-end id="18" timestamp="2019-06-14T23:34:03.059" durationms="9.103" />

<exclusive-start id="19" timestamp="2019-06-14T23:34:07.832" intervalms="4782.455">
  <response-info timems="0.020" idlems="0.020" threads="0" lastid="00000000023E3700" lastname="main" />
</exclusive-start>
<sys-start reason="explicit" id="20" timestamp="2019-06-14T23:34:07.833" intervalms="6471.810" />
<cycle-start id="21" type="global" contextid="0" timestamp="2019-06-14T23:34:07.833" intervalms="4782.268" />
<gc-start id="22" type="global" contextid="21" timestamp="2019-06-14T23:34:07.833">
  <mem-info id="23" free="2021455448" total="2092630016" percent="96">
    <mem type="tenure" free="2021455448" total="2092630016" percent="96">
      <mem type="soa" free="1916824152" total="1987998720" percent="96" />
      <mem type="loa" free="104631296" total="104631296" percent="100" />
    </mem>
  </mem-info>
</gc-start>
<allocation-stats totalBytes="70173120" >
  <allocated-bytes non-tlh="3401384" tlh="66771736" />
  <largest-consumer threadName="main" threadId="00000000023E3700" bytes="70099152" />
</allocation-stats>
<gc-op id="24" type="mark" timems="10.798" contextid="21" timestamp="2019-06-14T23:34:07.844">
  <trace-info objectcount="75488" scancount="63025" scanbytes="2110636" />
  <finalization candidates="81" enqueued="1" />
  <ownableSynchronizers candidates="22" cleared="0" />
  <references type="soft" candidates="1640" cleared="0" enqueued="0" dynamicThreshold="31" maxThreshold="32" />
  <references type="weak" candidates="5225" cleared="734" enqueued="570" />
  <references type="phantom" candidates="115" cleared="15" enqueued="15" />
  <stringconstants candidates="8680" cleared="15"  />
</gc-op>
<gc-op id="25" type="classunload" timems="0.484" contextid="21" timestamp="2019-06-14T23:34:07.844">
  <classunload-info classloadercandidates="17" classloadersunloaded="1" classesunloaded="1" anonymousclassesunloaded="0" quiescems="0.000" setupms="0.473" scanms="0.008" postms="0.003" />
</gc-op>
<gc-op id="26" type="sweep" timems="1.786" contextid="21" timestamp="2019-06-14T23:34:07.846" />
<mem-info id="27" free="2087402888" total="2092630016" percent="99">
  <mem type="tenure" free="2087402888" total="2092630016" percent="99" micro-fragmented="843997" macro-fragmented="0">
    <mem type="soa" free="1982771592" total="1987998720" percent="99" />
    <mem type="loa" free="104631296" total="104631296" percent="100" />
  </mem>
  <pending-finalizers system="1" default="0" reference="585" classloader="0" />
</mem-info>
<gc-op id="28" type="compact" timems="19.987" contextid="21" timestamp="2019-06-14T23:34:07.867">
  <compact-info movecount="74821" movebytes="4257144" reason="compact to aid heap contraction" />
</gc-op>
<gc-end id="29" type="global" contextid="21" durationms="34.229" usertimems="44.000" systemtimems="12.000" timestamp="2019-06-14T23:34:07.867" activeThreads="4">
  <mem-info id="30" free="2088354352" total="2092630016" percent="99">
    <mem type="tenure" free="2088354352" total="2092630016" percent="99">
      <mem type="soa" free="1983723056" total="1987998720" percent="99" />
      <mem type="loa" free="104631296" total="104631296" percent="100" />
    </mem>
    <pending-finalizers system="1" default="0" reference="585" classloader="0" />
  </mem-info>
</gc-end>
<cycle-end id="31" type="global" contextid="21" timestamp="2019-06-14T23:34:07.867" />
  <attribute name="elasticGC enabled" value="1" />
  <attribute name= "numThreadsSpecified" value="4" />
  <attribute name="heapSize specified" value="2092630016" />
  <attribute name="Current GC Util" value="67" />
  <attribute name= "Current Time Running" value="6354" />
  <attribute name ="GC Interval" value="0" />
  <attribute name="ProportionalT" value="23.500000" />
  <attribute name="ProportionalI" value="23.500000" />
  <attribute name="ProportionalH" value="23.500000" />
  <attribute name="Current Error" value="47.000000" />
  <attribute name="IntegralT" value="940.000000" />
  <attribute name="IntegralI" value="940.000000" />
  <attribute name="IntegralH" value="940.000000" />
  <attribute name="DerivativeT" value="-0.175000" />
  <attribute name="DerivativeI" value="-0.175000" />
  <attribute name="DerivativeH" value="-0.175000" />
  <attribute name="Loop Time for DT" value="20.000000" />
  <attribute name="Output H" value="8388608"/>
  <attribute name="Output I" value="968"/>
  <attribute name="Output T" value="4"/>
  <attribute name="Target GC Util Change" value ="20.000000" />
  <attribute name="Current GC Util Change" value="67.000000"/>
  <attribute name="GC Util currently" value="67" />
  <attribute name="CPU Util currently" value="7" />
<sys-end id="32" timestamp="2019-06-14T23:34:07.867" />
<exclusive-end id="33" timestamp="2019-06-14T23:34:07.867" durationms="35.047" />

<exclusive-start id="34" timestamp="2019-06-14T23:34:12.474" intervalms="4641.792">
  <response-info timems="0.056" idlems="0.056" threads="0" lastid="00000000023E3700" lastname="main" />
</exclusive-start>
<af-start id="35" threadId="00000000023E4088" totalBytesRequested="16" timestamp="2019-06-14T23:34:12.474" intervalms="9424.285" />
<cycle-start id="36" type="global" contextid="0" timestamp="2019-06-14T23:34:12.475" intervalms="4642.042" />
<gc-start id="37" type="global" contextid="36" timestamp="2019-06-14T23:34:12.475">
  <mem-info id="38" free="104631296" total="2092630016" percent="4">
    <mem type="tenure" free="104631296" total="2092630016" percent="4">
      <mem type="soa" free="0" total="1987998720" percent="0" />
      <mem type="loa" free="104631296" total="104631296" percent="100" />
    </mem>
  </mem-info>
</gc-start>
<allocation-stats totalBytes="1981171928" >
  <allocated-bytes non-tlh="14583208" tlh="1966588720" />
  <largest-consumer threadName="main" threadId="00000000023E3700" bytes="1981144048" />
</allocation-stats>
<gc-op id="39" type="mark" timems="21.517" contextid="36" timestamp="2019-06-14T23:34:12.497">
  <trace-info objectcount="608100" scancount="528738" scanbytes="13645160" />
  <finalization candidates="85" enqueued="5" />
  <ownableSynchronizers candidates="22" cleared="0" />
  <references type="soft" candidates="4854" cleared="0" enqueued="0" dynamicThreshold="31" maxThreshold="32" />
  <references type="weak" candidates="5685" cleared="80" enqueued="73" />
  <references type="phantom" candidates="107" cleared="5" enqueued="5" />
  <stringconstants candidates="13790" cleared="24"  />
</gc-op>
<gc-op id="40" type="classunload" timems="0.403" contextid="36" timestamp="2019-06-14T23:34:12.497">
  <classunload-info classloadercandidates="59" classloadersunloaded="3" classesunloaded="3" anonymousclassesunloaded="0" quiescems="0.000" setupms="0.387" scanms="0.012" postms="0.004" />
</gc-op>
<gc-op id="41" type="sweep" timems="5.099" contextid="36" timestamp="2019-06-14T23:34:12.503" />
<mem-info id="42" free="2063135968" total="2092630016" percent="98">
  <mem type="tenure" free="2063135968" total="2092630016" percent="98" micro-fragmented="1595202" macro-fragmented="0">
    <mem type="soa" free="1958504672" total="1987998720" percent="98" />
    <mem type="loa" free="104631296" total="104631296" percent="100" />
  </mem>
  <pending-finalizers system="0" default="5" reference="78" classloader="0" />
</mem-info>
<gc-op id="43" type="compact" timems="56.614" contextid="36" timestamp="2019-06-14T23:34:12.560">
  <compact-info movecount="606224" movebytes="18069720" reason="compact to aid heap contraction" />
</gc-op>
<gc-end id="44" type="global" contextid="36" durationms="85.102" usertimems="132.000" systemtimems="12.000" timestamp="2019-06-14T23:34:12.560" activeThreads="4">
  <mem-info id="45" free="2074395352" total="2092630016" percent="99">
    <mem type="tenure" free="2074395352" total="2092630016" percent="99">
      <mem type="soa" free="1969764056" total="1987998720" percent="99" />
      <mem type="loa" free="104631296" total="104631296" percent="100" />
    </mem>
    <pending-finalizers system="0" default="5" reference="78" classloader="0" />
  </mem-info>
</gc-end>
<cycle-end id="46" type="global" contextid="36" timestamp="2019-06-14T23:34:12.560" />
  <attribute name="elasticGC enabled" value="1" />
  <attribute name= "numThreadsSpecified" value="4" />
  <attribute name="heapSize specified" value="2092630016" />
  <attribute name="Current GC Util" value="98" />
  <attribute name= "Current Time Running" value="11047" />
  <attribute name ="GC Interval" value="0" />
  <attribute name="ProportionalT" value="39.000000" />
  <attribute name="ProportionalI" value="39.000000" />
  <attribute name="ProportionalH" value="39.000000" />
  <attribute name="Current Error" value="78.000000" />
  <attribute name="IntegralT" value="4446.000000" />
  <attribute name="IntegralI" value="4446.000000" />
  <attribute name="IntegralH" value="4446.000000" />
  <attribute name="DerivativeT" value="0.078947" />
  <attribute name="DerivativeI" value="0.078947" />
  <attribute name="DerivativeH" value="0.078947" />
  <attribute name="Loop Time for DT" value="57.000000" />
  <attribute name="Output H" value="8388608"/>
  <attribute name="Output I" value="4000"/>
  <attribute name="Output T" value="4"/>
  <attribute name="Target GC Util Change" value ="20.000000" />
  <attribute name="Current GC Util Change" value="98.000000"/>
  <attribute name="GC Util currently" value="98" />
  <attribute name="CPU Util currently" value="81036262484" />
<allocation-satisfied id="47" threadId="00000000023E3700" bytesRequested="16" />
<af-end id="48" timestamp="2019-06-14T23:34:12.561" threadId="00000000023E4088" success="true" />
<exclusive-end id="49" timestamp="2019-06-14T23:34:12.561" durationms="86.579" />

<exclusive-start id="50" timestamp="2019-06-14T23:34:19.410" intervalms="6935.454">
  <response-info timems="0.095" idlems="0.095" threads="0" lastid="00000000023E3700" lastname="main" />
</exclusive-start>
<af-start id="51" threadId="00000000023E4088" totalBytesRequested="1168" timestamp="2019-06-14T23:34:19.410" intervalms="6935.537" />
<cycle-start id="52" type="global" contextid="0" timestamp="2019-06-14T23:34:19.410" intervalms="6935.521" />
<gc-start id="53" type="global" contextid="52" timestamp="2019-06-14T23:34:19.410">
  <mem-info id="54" free="104631296" total="2092630016" percent="4">
    <mem type="tenure" free="104631296" total="2092630016" percent="4">
      <mem type="soa" free="0" total="1987998720" percent="0" />
      <mem type="loa" free="104631296" total="104631296" percent="100" />
    </mem>
  </mem-info>
</gc-start>
<allocation-stats totalBytes="1967768904" >
  <allocated-bytes non-tlh="29440" tlh="1967739464" />
  <largest-consumer threadName="main" threadId="00000000023E3700" bytes="1967756496" />
</allocation-stats>
<gc-op id="55" type="mark" timems="13.580" contextid="52" timestamp="2019-06-14T23:34:19.424">
  <trace-info objectcount="610275" scancount="530279" scanbytes="13684388" />
  <finalization candidates="80" enqueued="0" />
  <ownableSynchronizers candidates="22" cleared="0" />
  <references type="soft" candidates="4867" cleared="0" enqueued="0" dynamicThreshold="31" maxThreshold="32" />
  <references type="weak" candidates="5718" cleared="12" enqueued="9" />
  <references type="phantom" candidates="102" cleared="1" enqueued="1" />
  <stringconstants candidates="13843" cleared="0"  />
</gc-op>
<gc-op id="56" type="sweep" timems="2.473" contextid="52" timestamp="2019-06-14T23:34:19.427" />
<mem-info id="57" free="2074253264" total="2092630016" percent="99">
  <mem type="tenure" free="2074253264" total="2092630016" percent="99" micro-fragmented="0" macro-fragmented="0">
    <mem type="soa" free="1969621968" total="1987998720" percent="99" />
    <mem type="loa" free="104631296" total="104631296" percent="100" />
  </mem>
  <pending-finalizers system="0" default="0" reference="10" classloader="0" />
</mem-info>
<gc-op id="58" type="compact" timems="111.818" contextid="52" timestamp="2019-06-14T23:34:19.539">
  <compact-info movecount="591342" movebytes="17565440" reason="compact to aid heap contraction" />
</gc-op>
<gc-end id="59" type="global" contextid="52" durationms="129.238" usertimems="184.000" systemtimems="16.000" timestamp="2019-06-14T23:34:19.540" activeThreads="4">
  <mem-info id="60" free="2074223712" total="2092630016" percent="99">
    <mem type="tenure" free="2074223712" total="2092630016" percent="99">
      <mem type="soa" free="1969592416" total="1987998720" percent="99" />
      <mem type="loa" free="104631296" total="104631296" percent="100" />
    </mem>
    <pending-finalizers system="0" default="0" reference="10" classloader="0" />
  </mem-info>
</gc-end>
<cycle-end id="61" type="global" contextid="52" timestamp="2019-06-14T23:34:19.540" />
  <attribute name="elasticGC enabled" value="1" />
  <attribute name= "numThreadsSpecified" value="4" />
  <attribute name="heapSize specified" value="2092630016" />
  <attribute name="Current GC Util" value="112" />
  <attribute name= "Current Time Running" value="18027" />
  <attribute name ="GC Interval" value="0" />
  <attribute name="ProportionalT" value="46.000000" />
  <attribute name="ProportionalI" value="46.000000" />
  <attribute name="ProportionalH" value="46.000000" />
  <attribute name="Current Error" value="92.000000" />
  <attribute name="IntegralT" value="10304.000000" />
  <attribute name="IntegralI" value="10304.000000" />
  <attribute name="IntegralH" value="10304.000000" />
  <attribute name="DerivativeT" value="0.142857" />
  <attribute name="DerivativeI" value="0.142857" />
  <attribute name="DerivativeH" value="0.142857" />
  <attribute name="Loop Time for DT" value="112.000000" />
  <attribute name="Output H" value="8388608"/>
  <attribute name="Output I" value="4000"/>
  <attribute name="Output T" value="4"/>
  <attribute name="Target GC Util Change" value ="20.000000" />
  <attribute name="Current GC Util Change" value="112.000000"/>
  <attribute name="GC Util currently" value="112" />
  <attribute name="CPU Util currently" value="41154525251" />
<allocation-satisfied id="62" threadId="00000000023E3700" bytesRequested="1168" />
<af-end id="63" timestamp="2019-06-14T23:34:19.540" threadId="00000000023E4088" success="true" />
<exclusive-end id="64" timestamp="2019-06-14T23:34:19.540" durationms="130.793" />

<exclusive-start id="65" timestamp="2019-06-14T23:34:20.658" intervalms="1248.399">
  <response-info timems="0.104" idlems="0.104" threads="0" lastid="00000000023E3700" lastname="main" />
</exclusive-start>
<af-start id="66" threadId="00000000023E4088" totalBytesRequested="16" timestamp="2019-06-14T23:34:20.658" intervalms="1248.299" />
<cycle-start id="67" type="global" contextid="0" timestamp="2019-06-14T23:34:20.658" intervalms="1248.235" />
<gc-start id="68" type="global" contextid="67" timestamp="2019-06-14T23:34:20.659">
  <mem-info id="69" free="104631296" total="2092630016" percent="4">
    <mem type="tenure" free="104631296" total="2092630016" percent="4">
      <mem type="soa" free="0" total="1987998720" percent="0" />
      <mem type="loa" free="104631296" total="104631296" percent="100" />
    </mem>
  </mem-info>
</gc-start>
<allocation-stats totalBytes="1967991784" >
  <allocated-bytes non-tlh="0" tlh="1967991784" />
  <largest-consumer threadName="main" threadId="00000000023E3700" bytes="1967991784" />
</allocation-stats>
<gc-op id="70" type="mark" timems="9.602" contextid="67" timestamp="2019-06-14T23:34:20.669">
  <trace-info objectcount="610320" scancount="530326" scanbytes="13685804" />
  <finalization candidates="80" enqueued="0" />
  <ownableSynchronizers candidates="22" cleared="0" />
  <references type="soft" candidates="4867" cleared="0" enqueued="0" dynamicThreshold="31" maxThreshold="32" />
  <references type="weak" candidates="5737" cleared="7" enqueued="3" />
  <references type="phantom" candidates="101" cleared="0" enqueued="0" />
  <stringconstants candidates="13843" cleared="0"  />
</gc-op>
<gc-op id="71" type="sweep" timems="1.535" contextid="67" timestamp="2019-06-14T23:34:20.670" />
<mem-info id="72" free="2074277320" total="2092630016" percent="99">
  <mem type="tenure" free="2074277320" total="2092630016" percent="99" micro-fragmented="8487" macro-fragmented="0">
    <mem type="soa" free="1969646024" total="1987998720" percent="99" />
    <mem type="loa" free="104631296" total="104631296" percent="100" />
  </mem>
  <pending-finalizers system="0" default="0" reference="3" classloader="0" />
</mem-info>
<gc-op id="73" type="compact" timems="41.651" contextid="67" timestamp="2019-06-14T23:34:20.712">
  <compact-info movecount="300081" movebytes="8641448" reason="compact to aid heap contraction" />
</gc-op>
<gc-end id="74" type="global" contextid="67" durationms="54.138" usertimems="120.000" systemtimems="0.000" timestamp="2019-06-14T23:34:20.713" activeThreads="4">
  <mem-info id="75" free="2074222712" total="2092630016" percent="99">
    <mem type="tenure" free="2074222712" total="2092630016" percent="99">
      <mem type="soa" free="1969591416" total="1987998720" percent="99" />
      <mem type="loa" free="104631296" total="104631296" percent="100" />
    </mem>
    <pending-finalizers system="0" default="0" reference="3" classloader="0" />
  </mem-info>
</gc-end>
<cycle-end id="76" type="global" contextid="67" timestamp="2019-06-14T23:34:20.713" />
  <attribute name="elasticGC enabled" value="1" />
  <attribute name= "numThreadsSpecified" value="4" />
  <attribute name="heapSize specified" value="2092630016" />
  <attribute name="Current GC Util" value="155" />
  <attribute name= "Current Time Running" value="19200" />
  <attribute name ="GC Interval" value="0" />
  <attribute name="ProportionalT" value="67.500000" />
  <attribute name="ProportionalI" value="67.500000" />
  <attribute name="ProportionalH" value="67.500000" />
  <attribute name="Current Error" value="135.000000" />
  <attribute name="IntegralT" value="5670.000000" />
  <attribute name="IntegralI" value="5670.000000" />
  <attribute name="IntegralH" value="5670.000000" />
  <attribute name="DerivativeT" value="0.250000" />
  <attribute name="DerivativeI" value="0.250000" />
  <attribute name="DerivativeH" value="0.250000" />
  <attribute name="Loop Time for DT" value="42.000000" />
  <attribute name="Output H" value="8388608"/>
  <attribute name="Output I" value="4000"/>
  <attribute name="Output T" value="4"/>
  <attribute name="Target GC Util Change" value ="20.000000" />
  <attribute name="Current GC Util Change" value="155.000000"/>
  <attribute name="GC Util currently" value="155" />
  <attribute name="CPU Util currently" value="110029589001" />
<allocation-satisfied id="77" threadId="00000000023E3700" bytesRequested="16" />
<af-end id="78" timestamp="2019-06-14T23:34:20.714" threadId="00000000023E4088" success="true" />
<exclusive-end id="79" timestamp="2019-06-14T23:34:20.714" durationms="55.609" />

<exclusive-start id="80" timestamp="2019-06-14T23:34:21.616" intervalms="958.383">
  <response-info timems="0.064" idlems="0.064" threads="0" lastid="00000000023E3700" lastname="main" />
</exclusive-start>
<af-start id="81" threadId="00000000023E4088" totalBytesRequested="288" timestamp="2019-06-14T23:34:21.617" intervalms="958.394" />
<cycle-start id="82" type="global" contextid="0" timestamp="2019-06-14T23:34:21.617" intervalms="958.412" />
<gc-start id="83" type="global" contextid="82" timestamp="2019-06-14T23:34:21.617">
  <mem-info id="84" free="104631296" total="2092630016" percent="4">
    <mem type="tenure" free="104631296" total="2092630016" percent="4">
      <mem type="soa" free="0" total="1987998720" percent="0" />
      <mem type="loa" free="104631296" total="104631296" percent="100" />
    </mem>
  </mem-info>
</gc-start>
<allocation-stats totalBytes="1966775904" >
  <allocated-bytes non-tlh="0" tlh="1966775904" />
  <largest-consumer threadName="main" threadId="00000000023E3700" bytes="1966775904" />
</allocation-stats>
<gc-op id="85" type="mark" timems="9.801" contextid="82" timestamp="2019-06-14T23:34:21.627">
  <trace-info objectcount="610365" scancount="530408" scanbytes="13687156" />
  <finalization candidates="80" enqueued="0" />
  <ownableSynchronizers candidates="22" cleared="0" />
  <references type="soft" candidates="4867" cleared="0" enqueued="0" dynamicThreshold="31" maxThreshold="32" />
  <references type="weak" candidates="5757" cleared="7" enqueued="3" />
  <references type="phantom" candidates="101" cleared="0" enqueued="0" />
  <stringconstants candidates="13843" cleared="0"  />
</gc-op>
<gc-op id="86" type="sweep" timems="1.820" contextid="82" timestamp="2019-06-14T23:34:21.629" />
<mem-info id="87" free="2074279896" total="2092630016" percent="99">
  <mem type="tenure" free="2074279896" total="2092630016" percent="99" micro-fragmented="0" macro-fragmented="0">
    <mem type="soa" free="1969648600" total="1987998720" percent="99" />
    <mem type="loa" free="104631296" total="104631296" percent="100" />
  </mem>
  <pending-finalizers system="0" default="0" reference="3" classloader="0" />
</mem-info>
<gc-op id="88" type="compact" timems="24.386" contextid="82" timestamp="2019-06-14T23:34:21.654">
  <compact-info movecount="147255" movebytes="4544968" reason="compact to aid heap contraction" />
</gc-op>
<gc-end id="89" type="global" contextid="82" durationms="37.156" usertimems="96.000" systemtimems="0.000" timestamp="2019-06-14T23:34:21.654" activeThreads="4">
  <mem-info id="90" free="2074222176" total="2092630016" percent="99">
    <mem type="tenure" free="2074222176" total="2092630016" percent="99">
      <mem type="soa" free="1969590880" total="1987998720" percent="99" />
      <mem type="loa" free="104631296" total="104631296" percent="100" />
    </mem>
    <pending-finalizers system="0" default="0" reference="3" classloader="0" />
  </mem-info>
</gc-end>
<cycle-end id="91" type="global" contextid="82" timestamp="2019-06-14T23:34:21.654" />
  <attribute name="elasticGC enabled" value="1" />
  <attribute name= "numThreadsSpecified" value="4" />
  <attribute name="heapSize specified" value="2092630016" />
  <attribute name="Current GC Util" value="155" />
  <attribute name= "Current Time Running" value="20141" />
  <attribute name ="GC Interval" value="0" />
  <attribute name="ProportionalT" value="67.500000" />
  <attribute name="ProportionalI" value="67.500000" />
  <attribute name="ProportionalH" value="67.500000" />
  <attribute name="Current Error" value="135.000000" />
  <attribute name="IntegralT" value="3240.000000" />
  <attribute name="IntegralI" value="3240.000000" />
  <attribute name="IntegralH" value="3240.000000" />
  <attribute name="DerivativeT" value="0.041667" />
  <attribute name="DerivativeI" value="0.041667" />
  <attribute name="DerivativeH" value="0.041667" />
  <attribute name="Loop Time for DT" value="24.000000" />
  <attribute name="Output H" value="8388608"/>
  <attribute name="Output I" value="3312"/>
  <attribute name="Output T" value="4"/>
  <attribute name="Target GC Util Change" value ="20.000000" />
  <attribute name="Current GC Util Change" value="155.000000"/>
  <attribute name="GC Util currently" value="155" />
  <attribute name="CPU Util currently" value="187369806000" />
<allocation-satisfied id="92" threadId="00000000023E3700" bytesRequested="288" />
<af-end id="93" timestamp="2019-06-14T23:34:21.655" threadId="00000000023E4088" success="true" />
<exclusive-end id="94" timestamp="2019-06-14T23:34:21.655" durationms="38.203" />

<exclusive-start id="95" timestamp="2019-06-14T23:34:23.322" intervalms="1705.316">
  <response-info timems="0.119" idlems="0.119" threads="0" lastid="00000000023E3700" lastname="main" />
</exclusive-start>
<af-start id="96" threadId="00000000023E4088" totalBytesRequested="1168" timestamp="2019-06-14T23:34:23.322" intervalms="1705.352" />
<cycle-start id="97" type="global" contextid="0" timestamp="2019-06-14T23:34:23.322" intervalms="1705.360" />
<gc-start id="98" type="global" contextid="97" timestamp="2019-06-14T23:34:23.323">
  <mem-info id="99" free="104631296" total="2092630016" percent="4">
    <mem type="tenure" free="104631296" total="2092630016" percent="4">
      <mem type="soa" free="0" total="1987998720" percent="0" />
      <mem type="loa" free="104631296" total="104631296" percent="100" />
    </mem>
  </mem-info>
</gc-start>
<allocation-stats totalBytes="1968041896" >
  <allocated-bytes non-tlh="0" tlh="1968041896" />
  <largest-consumer threadName="main" threadId="00000000023E3700" bytes="1968041896" />
</allocation-stats>
<gc-op id="100" type="mark" timems="13.264" contextid="97" timestamp="2019-06-14T23:34:23.336">
  <trace-info objectcount="610418" scancount="530426" scanbytes="13688596" />
  <finalization candidates="80" enqueued="0" />
  <ownableSynchronizers candidates="22" cleared="0" />
  <references type="soft" candidates="4867" cleared="0" enqueued="0" dynamicThreshold="31" maxThreshold="32" />
  <references type="weak" candidates="5750" cleared="0" enqueued="0" />
  <references type="phantom" candidates="101" cleared="0" enqueued="0" />
  <stringconstants candidates="13843" cleared="0"  />
</gc-op>
<gc-op id="101" type="sweep" timems="2.148" contextid="97" timestamp="2019-06-14T23:34:23.338" />
<mem-info id="102" free="2074274496" total="2092630016" percent="99">
  <mem type="tenure" free="2074274496" total="2092630016" percent="99" micro-fragmented="0" macro-fragmented="0">
    <mem type="soa" free="1969643200" total="1987998720" percent="99" />
    <mem type="loa" free="104631296" total="104631296" percent="100" />
  </mem>
</mem-info>
<gc-op id="103" type="compact" timems="24.113" contextid="97" timestamp="2019-06-14T23:34:23.363">
  <compact-info movecount="63926" movebytes="1569856" reason="compact to aid heap contraction" />
</gc-op>
<gc-end id="104" type="global" contextid="97" durationms="40.948" usertimems="72.000" systemtimems="0.000" timestamp="2019-06-14T23:34:23.364" activeThreads="4">
  <mem-info id="105" free="2074220168" total="2092630016" percent="99">
    <mem type="tenure" free="2074220168" total="2092630016" percent="99">
      <mem type="soa" free="1969588872" total="1987998720" percent="99" />
      <mem type="loa" free="104631296" total="104631296" percent="100" />
    </mem>
  </mem-info>
</gc-end>
<cycle-end id="106" type="global" contextid="97" timestamp="2019-06-14T23:34:23.364" />
  <attribute name="elasticGC enabled" value="1" />
  <attribute name= "numThreadsSpecified" value="4" />
  <attribute name="heapSize specified" value="2092630016" />
  <attribute name="Current GC Util" value="152" />
  <attribute name= "Current Time Running" value="21851" />
  <attribute name ="GC Interval" value="0" />
  <attribute name="ProportionalT" value="66.000000" />
  <attribute name="ProportionalI" value="66.000000" />
  <attribute name="ProportionalH" value="66.000000" />
  <attribute name="Current Error" value="132.000000" />
  <attribute name="IntegralT" value="3300.000000" />
  <attribute name="IntegralI" value="3300.000000" />
  <attribute name="IntegralH" value="3300.000000" />
  <attribute name="DerivativeT" value="0.740000" />
  <attribute name="DerivativeI" value="0.740000" />
  <attribute name="DerivativeH" value="0.740000" />
  <attribute name="Loop Time for DT" value="25.000000" />
  <attribute name="Output H" value="8388608"/>
  <attribute name="Output I" value="3368"/>
  <attribute name="Output T" value="4"/>
  <attribute name="Target GC Util Change" value ="20.000000" />
  <attribute name="Current GC Util Change" value="152.000000"/>
  <attribute name="GC Util currently" value="152" />
  <attribute name="CPU Util currently" value="189781840251" />
<allocation-satisfied id="107" threadId="00000000023E3700" bytesRequested="1168" />
<af-end id="108" timestamp="2019-06-14T23:34:23.364" threadId="00000000023E4088" success="true" />
<exclusive-end id="109" timestamp="2019-06-14T23:34:23.364" durationms="42.661" />

<exclusive-start id="110" timestamp="2019-06-14T23:34:24.376" intervalms="1054.327">
  <response-info timems="0.062" idlems="0.062" threads="0" lastid="00000000023E3700" lastname="main" />
</exclusive-start>
<af-start id="111" threadId="00000000023E4088" totalBytesRequested="208" timestamp="2019-06-14T23:34:24.376" intervalms="1054.319" />
<cycle-start id="112" type="global" contextid="0" timestamp="2019-06-14T23:34:24.537" intervalms="1215.065" />
<gc-start id="113" type="global" contextid="112" timestamp="2019-06-14T23:34:24.538">
  <mem-info id="114" free="104631296" total="2092630016" percent="4">
    <mem type="tenure" free="104631296" total="2092630016" percent="4">
      <mem type="soa" free="0" total="1987998720" percent="0" />
      <mem type="loa" free="104631296" total="104631296" percent="100" />
    </mem>
  </mem-info>
</gc-start>
<allocation-stats totalBytes="1967689840" >
  <allocated-bytes non-tlh="0" tlh="1967689840" />
  <largest-consumer threadName="main" threadId="00000000023E3700" bytes="1967689840" />
</allocation-stats>
<gc-op id="115" type="mark" timems="16.481" contextid="112" timestamp="2019-06-14T23:34:24.555">
  <trace-info objectcount="610477" scancount="530506" scanbytes="13690160" />
  <finalization candidates="80" enqueued="0" />
  <ownableSynchronizers candidates="22" cleared="0" />
  <references type="soft" candidates="4867" cleared="0" enqueued="0" dynamicThreshold="31" maxThreshold="32" />
  <references type="weak" candidates="5767" cleared="7" enqueued="3" />
  <references type="phantom" candidates="101" cleared="0" enqueued="0" />
  <stringconstants candidates="13843" cleared="0"  />
</gc-op>
<gc-op id="116" type="sweep" timems="1.824" contextid="112" timestamp="2019-06-14T23:34:24.557" />
<mem-info id="117" free="2074273176" total="2092630016" percent="99">
  <mem type="tenure" free="2074273176" total="2092630016" percent="99" micro-fragmented="7191" macro-fragmented="0">
    <mem type="soa" free="1969641880" total="1987998720" percent="99" />
    <mem type="loa" free="104631296" total="104631296" percent="100" />
  </mem>
  <pending-finalizers system="0" default="0" reference="3" classloader="0" />
</mem-info>
<gc-op id="118" type="compact" timems="38.364" contextid="112" timestamp="2019-06-14T23:34:24.596">
  <compact-info movecount="147465" movebytes="4569984" reason="compact to aid heap contraction" />
</gc-op>
<gc-end id="119" type="global" contextid="112" durationms="58.565" usertimems="76.000" systemtimems="20.000" timestamp="2019-06-14T23:34:24.596" activeThreads="4">
  <mem-info id="120" free="2074219536" total="2092630016" percent="99">
    <mem type="tenure" free="2074219536" total="2092630016" percent="99">
      <mem type="soa" free="1969588240" total="1987998720" percent="99" />
      <mem type="loa" free="104631296" total="104631296" percent="100" />
    </mem>
    <pending-finalizers system="0" default="0" reference="3" classloader="0" />
  </mem-info>
</gc-end>
<cycle-end id="121" type="global" contextid="112" timestamp="2019-06-14T23:34:24.597" />
  <attribute name="elasticGC enabled" value="1" />
  <attribute name= "numThreadsSpecified" value="4" />
  <attribute name="heapSize specified" value="2092630016" />
  <attribute name="Current GC Util" value="131" />
  <attribute name= "Current Time Running" value="23083" />
  <attribute name ="GC Interval" value="0" />
  <attribute name="ProportionalT" value="55.500000" />
  <attribute name="ProportionalI" value="55.500000" />
  <attribute name="ProportionalH" value="55.500000" />
  <attribute name="Current Error" value="111.000000" />
  <attribute name="IntegralT" value="4218.000000" />
  <attribute name="IntegralI" value="4218.000000" />
  <attribute name="IntegralH" value="4218.000000" />
  <attribute name="DerivativeT" value="0.671053" />
  <attribute name="DerivativeI" value="0.671053" />
  <attribute name="DerivativeH" value="0.671053" />
  <attribute name="Loop Time for DT" value="38.000000" />
  <attribute name="Output H" value="8388608"/>
  <attribute name="Output I" value="4000"/>
  <attribute name="Output T" value="4"/>
  <attribute name="Target GC Util Change" value ="20.000000" />
  <attribute name="Current GC Util Change" value="131.000000"/>
  <attribute name="GC Util currently" value="131" />
  <attribute name="CPU Util currently" value="119393501855" />
<allocation-satisfied id="122" threadId="00000000023E3700" bytesRequested="208" />
<af-end id="123" timestamp="2019-06-14T23:34:24.597" threadId="00000000023E4088" success="true" />
<exclusive-end id="124" timestamp="2019-06-14T23:34:24.597" durationms="221.239" />

</verbosegc>

