<?xml version="1.0" ?>

<verbosegc xmlns="http://www.ibm.com/j9/verbosegc" version="6fe7bac_CMPRSS">

<initialized id="1" timestamp="2019-09-21T21:27:02.863">
  <attribute name="gcPolicy" value="-Xgcpolicy:balanced" />
  <attribute name="elasticGC enabled" value="1" />
  <attribute name= "numThreadsSpecified" value="0" />
  <attribute name="heapSize specified" value="0" />
  <attribute name="Current GC Util" value="0" />
  <attribute name= "Current Time Running" value="0" />
  <attribute name ="GC Interval" value="0" />
  <attribute name="Target GC Util Change" value ="0.000000" />
  <attribute name="Current GC Util Change" value="0.000000"/>
  <attribute name="Current Error" value="0.000000" />
  <attribute name="Output H" value="0"/>
  <attribute name="Output I" value="0"/>
  <attribute name="Output T" value="0"/>
  <attribute name= "Current Time Running" value="0" />
  <attribute name="GC Util currently" value="0" />
  <attribute name="CPU Util currently" value="0" />
  <attribute name="maxHeapSize" value="0x7cb00000" />
  <attribute name="initialHeapSize" value="0x800000" />
  <attribute name="compressedRefs" value="true" />
  <attribute name="compressedRefsDisplacement" value="0x0" />
  <attribute name="compressedRefsShift" value="0x0" />
  <attribute name="pageSize" value="0x1000" />
  <attribute name="pageType" value="not used" />
  <attribute name="requestedPageSize" value="0x1000" />
  <attribute name="requestedPageType" value="not used" />
  <attribute name="gcthreads" value="8" />
  <attribute name="packetListSplit" value="8" />
  <attribute name="cacheListSplit" value="8" />
  <attribute name="splitFreeListSplitAmount" value="1" />
  <attribute name="numaNodes" value="0" />
  <region>
    <attribute name="regionSize" value="1048576" />
    <attribute name="regionCount" value="1995" />
    <attribute name="arrayletLeafSize" value="1048576" />
  </region>
  <system>
    <attribute name="physicalMemory" value="8370393088" />
    <attribute name="numCPUs" value="8" />
    <attribute name="architecture" value="amd64" />
    <attribute name="os" value="Linux" />
    <attribute name="osVersion" value="4.4.0-157-generic" />
  </system>
  <vmargs>
    <vmarg name="-Xoptionsfile=/vagrant/jdk/lib/options.default" />
    <vmarg name="-Xlockword:mode=default,noLockword=java/lang/String,noLockword=java/util/MapEntry,noLockword=java/util/HashMap$Entry,noLockword..." />
    <vmarg name="-Xjcl:jclse29" />
    <vmarg name="-Dcom.ibm.oti.vm.bootstrap.library.path=/vagrant/jdk/lib/compressedrefs:/vagrant/jdk/lib" />
    <vmarg name="-Dsun.boot.library.path=/vagrant/jdk/lib/compressedrefs:/vagrant/jdk/lib" />
    <vmarg name="-Djava.library.path=/vagrant/jdk/lib/compressedrefs:/vagrant/jdk/lib:/usr/lib64:/usr/lib" />
    <vmarg name="-Djava.home=/vagrant/jdk" />
    <vmarg name="-Duser.dir=/vagrant" />
    <vmarg name="-Xgcpolicy:balanced" />
    <vmarg name="-Xgcelastic" />
    <vmarg name="-Xcheck:gc:::elasticGC" />
    <vmarg name="-verbose:gc" />
    <vmarg name="-Xloggc:large-Balanced-JDK1-1-3-8core-verbose10xalan.txt" />
    <vmarg name="-Djava.class.path=dacapo-9.12-MR1-bach.jar" />
    <vmarg name="-Dsun.java.command=dacapo-9.12-MR1-bach.jar xalan --size=large" />
    <vmarg name="-Dsun.java.launcher=SUN_STANDARD" />
    <vmarg name="-Dsun.java.launcher.pid=14073" />
  </vmargs>
</initialized>

<exclusive-start id="2" timestamp="2019-09-21T21:27:03.406" intervalms="542.888">
  <response-info timems="0.056" idlems="0.037" threads="1" lastid="0000000002003600" lastname="JIT Compilation Thread-0" />
</exclusive-start>
<allocation-taxation id="3" taxation-threshold="8388608" timestamp="2019-09-21T21:27:03.406" intervalms="543.108" />
<cycle-start id="4" type="partial gc" contextid="0" timestamp="2019-09-21T21:27:03.406" intervalms="543.386" />
<gc-start id="5" type="partial gc" contextid="4" timestamp="2019-09-21T21:27:03.407">
  <mem-info id="6" free="0" total="8388608" percent="0">
    <mem type="eden" free="264" total="8388608" percent="0" />
    <remembered-set count="0" freebytes="334848" totalbytes="334848" percent="100" regionsoverflowed="0" regionsstable="0" regionsrebuilding="0"/>
  </mem-info>
</gc-start>
<allocation-stats totalBytes="8377944" >
  <allocated-bytes non-tlh="707224" tlh="7670720" arrayletleaf="0"/>
  <largest-consumer threadName="main" threadId="0000000001FFFA00" bytes="8284992" />
</allocation-stats>
<gc-op id="7" type="mark" timems="3.135" contextid="4" timestamp="2019-09-21T21:27:03.411">
  <trace-info objectcount="21912" scancount="17181" scanbytes="572332" />
  <remembered-set-cleared processed="0" cleared="0" durationms="0.124" />
  <finalization candidates="15" enqueued="1" />
  <references type="soft" candidates="74" cleared="0" enqueued="0" dynamicThreshold="32" maxThreshold="32" />
  <references type="weak" candidates="580" cleared="437" enqueued="398" />
  <references type="phantom" candidates="127" cleared="44" enqueued="44" />
  <stringconstants candidates="2984" cleared="0"  />
  <warning details="Mark for calibration purposes" />
</gc-op>
<gc-op id="8" type="classunload" timems="0.081" contextid="4" timestamp="2019-09-21T21:27:03.411">
  <classunload-info classloadercandidates="6" classloadersunloaded="0" classesunloaded="0" anonymousclassesunloaded="0" quiescems="0.000" setupms="0.081" scanms="0.000" postms="0.000" />
</gc-op>
<gc-op id="9" type="sweep" timems="0.704" contextid="4" timestamp="2019-09-21T21:27:03.412" />
<gc-op id="10" type="compact" timems="5.250" contextid="4" timestamp="2019-09-21T21:27:03.418">
  <compact-info movecount="21885" movebytes="1514328" />
  <remembered-set-cleared processed="0" cleared="0" durationms="0.124" />
</gc-op>
<gc-end id="11" type="partial gc" contextid="4" durationms="12.501" usertimems="16.000" systemtimems="0.000" timestamp="2019-09-21T21:27:03.419" activeThreads="8">
  <mem-info id="12" free="6291456" total="8388608" percent="75">
    <mem type="eden" free="577712" total="2097152" percent="27" />
    <pending-finalizers system="1" default="0" reference="442" classloader="0" />
    <remembered-set count="3072" freebytes="322560" totalbytes="334848" percent="96" regionsoverflowed="0" regionsstable="0" regionsrebuilding="0"/>
  </mem-info>
</gc-end>
<cycle-end id="13" type="partial gc" contextid="4" timestamp="2019-09-21T21:27:03.419" />
  <attribute name="elasticGC enabled" value="1" />
  <attribute name= "numThreadsSpecified" value="8" />
  <attribute name="heapSize specified" value="0" />
  <attribute name="Current GC Util" value="48" />
  <attribute name= "Current Time Running" value="431" />
  <attribute name ="GC Interval" value="0" />
  <attribute name="Target GC Util Change" value ="40.000000" />
  <attribute name="Current GC Util Change" value="48.000000"/>
  <attribute name="Current Error" value="-113.000000" />
  <attribute name="Output H" value="8426384"/>
  <attribute name="Output I" value="1936"/>
  <attribute name="Output T" value="8"/>
  <attribute name= "Current Time Running" value="431" />
  <attribute name="GC Util currently" value="48" />
  <attribute name="CPU Util currently" value="2093605813417" />
<exclusive-end id="14" timestamp="2019-09-21T21:27:03.419" durationms="13.679" />

<exclusive-start id="15" timestamp="2019-09-21T21:27:03.593" intervalms="187.496">
  <response-info timems="0.142" idlems="0.133" threads="1" lastid="0000000002343800" lastname="Thread-4" />
</exclusive-start>
<sys-start reason="explicit" id="16" timestamp="2019-09-21T21:27:03.593" intervalms="730.515" />
<cycle-start id="17" type="global garbage collect" contextid="0" timestamp="2019-09-21T21:27:03.594" intervalms="730.652" />
<gc-start id="18" type="global garbage collect" contextid="17" timestamp="2019-09-21T21:27:03.594">
  <mem-info id="19" free="750216" total="8388608" percent="8">
    <mem type="eden" free="750216" total="6291456" percent="11" />
    <remembered-set count="2816" freebytes="323584" totalbytes="334848" percent="96" regionsoverflowed="0" regionsstable="0" regionsrebuilding="0"/>
  </mem-info>
</gc-start>
<allocation-stats totalBytes="5523680" >
  <allocated-bytes non-tlh="126792" tlh="5396888" arrayletleaf="0"/>
  <largest-consumer threadName="main" threadId="0000000001FFFA00" bytes="5475264" />
</allocation-stats>
<gc-op id="20" type="global mark" timems="3.148" contextid="17" timestamp="2019-09-21T21:27:03.597">
  <trace-info objectcount="29799" scancount="23344" scanbytes="875088" />
  <finalization candidates="15" enqueued="0" />
  <references type="soft" candidates="133" cleared="0" enqueued="0" dynamicThreshold="24" maxThreshold="32" />
  <references type="weak" candidates="179" cleared="28" enqueued="28" />
  <references type="phantom" candidates="88" cleared="2" enqueued="2" />
  <stringconstants candidates="3535" cleared="22"  />
</gc-op>
<gc-op id="21" type="classunload" timems="0.002" contextid="17" timestamp="2019-09-21T21:27:03.597">
  <classunload-info classloadercandidates="19" classloadersunloaded="0" classesunloaded="0" anonymousclassesunloaded="0" quiescems="0.000" setupms="0.002" scanms="0.000" postms="0.000" />
</gc-op>
<gc-op id="22" type="sweep" timems="0.585" contextid="17" timestamp="2019-09-21T21:27:03.598" />
<gc-op id="23" type="compact" timems="4.498" contextid="17" timestamp="2019-09-21T21:27:03.603">
  <compact-info movecount="29101" movebytes="1940616" />
  <remembered-set-cleared processed="5903" cleared="5559" durationms="0.070" />
</gc-op>
<gc-end id="24" type="global garbage collect" contextid="17" durationms="9.692" usertimems="12.000" systemtimems="0.000" timestamp="2019-09-21T21:27:03.603" activeThreads="8">
  <mem-info id="25" free="4194304" total="8388608" percent="50">
    <pending-finalizers system="0" default="0" reference="30" classloader="0" />
    <remembered-set count="3424" freebytes="321152" totalbytes="334848" percent="95" regionsoverflowed="0" regionsstable="0" regionsrebuilding="0"/>
  </mem-info>
</gc-end>
<cycle-end id="26" type="global garbage collect" contextid="17" timestamp="2019-09-21T21:27:03.604" />
  <attribute name="elasticGC enabled" value="1" />
  <attribute name= "numThreadsSpecified" value="8" />
  <attribute name="heapSize specified" value="0" />
  <attribute name="Current GC Util" value="38" />
  <attribute name= "Current Time Running" value="616" />
  <attribute name ="GC Interval" value="0" />
  <attribute name="Target GC Util Change" value ="40.000000" />
  <attribute name="Current GC Util Change" value="38.000000"/>
  <attribute name="Current Error" value="-78.000000" />
  <attribute name="Output H" value="8426408"/>
  <attribute name="Output I" value="1960"/>
  <attribute name="Output T" value="8"/>
  <attribute name= "Current Time Running" value="616" />
  <attribute name="GC Util currently" value="38" />
  <attribute name="CPU Util currently" value="2386477304110" />
<sys-end id="27" timestamp="2019-09-21T21:27:03.604" />
<exclusive-end id="28" timestamp="2019-09-21T21:27:03.604" durationms="10.765" />

<exclusive-start id="29" timestamp="2019-09-21T21:27:03.659" intervalms="65.802">
  <response-info timems="0.298" idlems="0.213" threads="2" lastid="000000000233FC00" lastname="Thread-3" />
</exclusive-start>
<allocation-taxation id="30" taxation-threshold="4194304" timestamp="2019-09-21T21:27:03.659" intervalms="253.234" />
<cycle-start id="31" type="partial gc" contextid="0" timestamp="2019-09-21T21:27:03.659" intervalms="253.078" />
<gc-start id="32" type="partial gc" contextid="31" timestamp="2019-09-21T21:27:03.660">
  <mem-info id="33" free="0" total="8388608" percent="0">
    <mem type="eden" free="0" total="4194304" percent="0" />
    <remembered-set count="3072" freebytes="322560" totalbytes="334848" percent="96" regionsoverflowed="0" regionsstable="0" regionsrebuilding="0"/>
  </mem-info>
</gc-start>
<allocation-stats totalBytes="4043688" >
  <allocated-bytes non-tlh="691168" tlh="3352520" arrayletleaf="0"/>
  <largest-consumer threadName="Thread-3" threadId="000000000233FC00" bytes="1247848" />
</allocation-stats>
<gc-op id="34" type="mark" timems="3.098" contextid="31" timestamp="2019-09-21T21:27:03.663">
  <trace-info objectcount="20282" scancount="19717" scanbytes="1317800" />
  <cardclean-info objects="622" bytes="29608" />
  <remembered-set-cleared processed="1972" cleared="133" durationms="0.065" />
  <finalization candidates="12" enqueued="2" />
  <references type="soft" candidates="26" cleared="0" enqueued="0" dynamicThreshold="16" maxThreshold="32" />
  <references type="weak" candidates="101" cleared="10" enqueued="10" />
  <references type="phantom" candidates="23" cleared="0" enqueued="0" />
  <stringconstants candidates="3778" cleared="0"  />
  <warning details="Mark invoked due to insufficient free space for Copy-Forward" />
</gc-op>
<gc-op id="35" type="classunload" timems="0.002" contextid="31" timestamp="2019-09-21T21:27:03.663">
  <classunload-info classloadercandidates="19" classloadersunloaded="0" classesunloaded="0" anonymousclassesunloaded="0" quiescems="0.000" setupms="0.002" scanms="0.000" postms="0.000" />
</gc-op>
<gc-op id="36" type="sweep" timems="0.458" contextid="31" timestamp="2019-09-21T21:27:03.664" />
<gc-op id="37" type="compact" timems="3.533" contextid="31" timestamp="2019-09-21T21:27:03.668">
  <compact-info movecount="20273" movebytes="1765408" />
  <remembered-set-cleared processed="4391" cleared="689" durationms="0.065" />
</gc-op>
<heap-resize id="38" type="expand" space="default" amount="3145728" count="1" timems="0.078" reason="insufficient free space following gc" timestamp="2019-09-21T21:27:03.668" />
<gc-end id="39" type="partial gc" contextid="31" durationms="8.816" usertimems="12.000" systemtimems="0.000" timestamp="2019-09-21T21:27:03.668" activeThreads="8">
  <mem-info id="40" free="5242880" total="11534336" percent="45">
    <mem type="eden" free="265800" total="2097152" percent="12" />
    <pending-finalizers system="2" default="0" reference="10" classloader="0" />
    <remembered-set count="4224" freebytes="443520" totalbytes="460416" percent="96" regionsoverflowed="0" regionsstable="0" regionsrebuilding="0"/>
  </mem-info>
</gc-end>
<cycle-end id="41" type="partial gc" contextid="31" timestamp="2019-09-21T21:27:03.669" />
  <attribute name="elasticGC enabled" value="1" />
  <attribute name= "numThreadsSpecified" value="8" />
  <attribute name="heapSize specified" value="0" />
  <attribute name="Current GC Util" value="43" />
  <attribute name= "Current Time Running" value="682" />
  <attribute name ="GC Interval" value="0" />
  <attribute name="Target GC Util Change" value ="40.000000" />
  <attribute name="Current GC Util Change" value="43.000000"/>
  <attribute name="Current Error" value="-116.000000" />
  <attribute name="Output H" value="8426384"/>
  <attribute name="Output I" value="1936"/>
  <attribute name="Output T" value="8"/>
  <attribute name= "Current Time Running" value="682" />
  <attribute name="GC Util currently" value="43" />
  <attribute name="CPU Util currently" value="3393101218501" />
<exclusive-end id="42" timestamp="2019-09-21T21:27:03.669" durationms="9.712" />

<exclusive-start id="43" timestamp="2019-09-21T21:27:03.729" intervalms="70.225">
  <response-info timems="0.040" idlems="0.040" threads="0" lastid="0000000002343800" lastname="Thread-4" />
</exclusive-start>
<allocation-taxation id="44" taxation-threshold="2097152" timestamp="2019-09-21T21:27:03.729" intervalms="70.192" />
<cycle-start id="45" type="global mark phase" contextid="0" timestamp="2019-09-21T21:27:03.730" intervalms="866.787" />
<gc-start id="46" type="global mark phase" contextid="45" timestamp="2019-09-21T21:27:03.730">
  <mem-info id="47" free="3145728" total="11534336" percent="27">
    <remembered-set count="3808" freebytes="445184" totalbytes="460416" percent="96" regionsoverflowed="0" regionsstable="0" regionsrebuilding="0"/>
  </mem-info>
</gc-start>
<gc-op id="48" type="mark increment" timems="0.848" contextid="45" timestamp="2019-09-21T21:27:03.731">
  <trace-info objectcount="192" scancount="0" scanbytes="0" />
</gc-op>
<gc-end id="49" type="global mark phase" contextid="45" durationms="0.993" usertimems="0.000" systemtimems="0.000" timestamp="2019-09-21T21:27:03.731" activeThreads="8">
  <mem-info id="50" free="3145728" total="11534336" percent="27">
    <remembered-set count="3808" freebytes="445184" totalbytes="460416" percent="96" regionsoverflowed="0" regionsstable="0" regionsrebuilding="0"/>
  </mem-info>
</gc-end>
<concurrent-start id="51" type="GMP work packet processing" contextid="45" timestamp="2019-09-21T21:27:03.731">
  <concurrent-mark-start scanTarget="18446744073709551615" />
</concurrent-start>
<exclusive-end id="52" timestamp="2019-09-21T21:27:03.732" durationms="2.703" />

<concurrent-end id="53" type="GMP work packet processing" contextid="45" timestamp="2019-09-21T21:27:03.734">
  <concurrent-mark-end bytesScanned="2340364" reasonForTermination="Completed all work in GC phase" />
</concurrent-end>

<exclusive-start id="54" timestamp="2019-09-21T21:27:03.801" intervalms="71.466">
  <response-info timems="0.062" idlems="0.062" threads="0" lastid="0000000002356300" lastname="Thread-9" />
</exclusive-start>
<allocation-taxation id="55" taxation-threshold="2097152" timestamp="2019-09-21T21:27:03.801" intervalms="71.430" />
<cycle-start id="56" type="partial gc" contextid="0" timestamp="2019-09-21T21:27:03.801" intervalms="141.610" />
<gc-start id="57" type="partial gc" contextid="56" timestamp="2019-09-21T21:27:03.801">
  <mem-info id="58" free="1048576" total="11534336" percent="9">
    <mem type="eden" free="0" total="5242880" percent="0" />
    <remembered-set count="3808" freebytes="445184" totalbytes="460416" percent="96" regionsoverflowed="0" regionsstable="0" regionsrebuilding="0"/>
  </mem-info>
</gc-start>
<allocation-stats totalBytes="4177816" >
  <allocated-bytes non-tlh="23208" tlh="4154608" arrayletleaf="0"/>
  <largest-consumer threadName="Thread-7" threadId="000000000234EB00" bytes="432936" />
</allocation-stats>
<gc-op id="59" type="copy forward" timems="8.053" contextid="56" timestamp="2019-09-21T21:27:03.810">
  <memory-copied type="eden" objects="13018" bytes="1023808" bytesdiscarded="82232" />
  <memory-copied type="other" objects="19977" bytes="1739416" bytesdiscarded="295288" />
  <memory-cardclean objects="1343" bytes="63824" />
  <regions eden="4" other="2" />
  <remembered-set-cleared processed="2219" cleared="523" durationms="0.070" />
  <finalization candidates="10" enqueued="0" />
  <references type="soft" candidates="35" cleared="0" enqueued="0" dynamicThreshold="8" maxThreshold="32" />
  <references type="weak" candidates="146" cleared="0" enqueued="0" />
  <references type="phantom" candidates="16" cleared="0" enqueued="0" />
  <stringconstants candidates="3957" cleared="0"  />
  <heap-resize type="expand" space="default" amount="3145728" count="3" timems="1.443" reason="continue current collection" />
</gc-op>
<gc-op id="60" type="classunload" timems="0.306" contextid="56" timestamp="2019-09-21T21:27:03.811">
  <classunload-info classloadercandidates="20" classloadersunloaded="0" classesunloaded="2" anonymousclassesunloaded="2" quiescems="0.000" setupms="0.299" scanms="0.004" postms="0.003" />
</gc-op>
<gc-op id="61" type="compact" timems="1.734" contextid="56" timestamp="2019-09-21T21:27:03.813">
  <compact-info movecount="0" movebytes="0" />
  <remembered-set-cleared processed="5502" cleared="523" durationms="0.070" />
</gc-op>
<gc-end id="62" type="partial gc" contextid="56" durationms="11.608" usertimems="4.000" systemtimems="12.000" timestamp="2019-09-21T21:27:03.813" activeThreads="8">
  <mem-info id="63" free="6291456" total="14680064" percent="42">
    <mem type="eden" free="990848" total="2097152" percent="47" />
    <remembered-set count="4928" freebytes="566272" totalbytes="585984" percent="96" regionsoverflowed="0" regionsstable="0" regionsrebuilding="0"/>
  </mem-info>
</gc-end>
<cycle-end id="64" type="partial gc" contextid="56" timestamp="2019-09-21T21:27:03.813" />
  <attribute name="elasticGC enabled" value="1" />
  <attribute name= "numThreadsSpecified" value="8" />
  <attribute name="heapSize specified" value="0" />
  <attribute name="Current GC Util" value="112" />
  <attribute name= "Current Time Running" value="828" />
  <attribute name ="GC Interval" value="0" />
  <attribute name="Target GC Util Change" value ="40.000000" />
  <attribute name="Current GC Util Change" value="112.000000"/>
  <attribute name="Current Error" value="-146.000000" />
  <attribute name="Output H" value="14717824"/>
  <attribute name="Output I" value="1920"/>
  <attribute name="Output T" value="8"/>
  <attribute name= "Current Time Running" value="828" />
  <attribute name="GC Util currently" value="112" />
  <attribute name="CPU Util currently" value="268940046161" />
<exclusive-end id="65" timestamp="2019-09-21T21:27:03.813" durationms="12.500" />

<exclusive-start id="66" timestamp="2019-09-21T21:27:03.907" intervalms="106.467">
  <response-info timems="0.042" idlems="0.042" threads="0" lastid="0000000002352700" lastname="Thread-8" />
</exclusive-start>
<allocation-taxation id="67" taxation-threshold="3145728" timestamp="2019-09-21T21:27:03.907" intervalms="106.539" />
<gc-start id="68" type="global mark phase" contextid="45" timestamp="2019-09-21T21:27:03.907">
  <mem-info id="69" free="3145728" total="14680064" percent="21">
    <remembered-set count="3392" freebytes="572416" totalbytes="585984" percent="97" regionsoverflowed="0" regionsstable="1" regionsrebuilding="0"/>
  </mem-info>
</gc-start>
<gc-op id="70" type="mark increment" timems="2.612" contextid="45" timestamp="2019-09-21T21:27:03.910">
  <trace-info objectcount="7338" scancount="5737" scanbytes="852848" />
  <cardclean-info objects="4159" bytes="724512" />
  <finalization candidates="25" enqueued="0" />
  <references type="soft" candidates="168" cleared="0" enqueued="0" dynamicThreshold="13" maxThreshold="32" />
  <references type="weak" candidates="296" cleared="16" enqueued="15" />
  <references type="phantom" candidates="102" cleared="2" enqueued="2" />
  <stringconstants candidates="3961" cleared="0"  />
</gc-op>
<gc-op id="71" type="classunload" timems="0.004" contextid="45" timestamp="2019-09-21T21:27:03.910">
  <classunload-info classloadercandidates="20" classloadersunloaded="0" classesunloaded="0" anonymousclassesunloaded="0" quiescems="0.000" setupms="0.003" scanms="0.000" postms="0.000" />
</gc-op>
<gc-end id="72" type="global mark phase" contextid="45" durationms="3.034" usertimems="4.000" systemtimems="0.000" timestamp="2019-09-21T21:27:03.910" activeThreads="8">
  <mem-info id="73" free="3145728" total="14680064" percent="21">
    <pending-finalizers system="0" default="0" reference="17" classloader="0" />
    <remembered-set count="3392" freebytes="572416" totalbytes="585984" percent="97" regionsoverflowed="0" regionsstable="1" regionsrebuilding="0"/>
  </mem-info>
</gc-end>
<cycle-end id="74" type="global mark phase" contextid="45" timestamp="2019-09-21T21:27:03.911" />
  <attribute name="elasticGC enabled" value="1" />
  <attribute name= "numThreadsSpecified" value="8" />
  <attribute name="heapSize specified" value="0" />
  <attribute name="Current GC Util" value="147" />
  <attribute name= "Current Time Running" value="926" />
  <attribute name ="GC Interval" value="0" />
  <attribute name="Target GC Util Change" value ="40.000000" />
  <attribute name="Current GC Util Change" value="147.000000"/>
  <attribute name="Current Error" value="-183.000000" />
  <attribute name="Output H" value="14717800"/>
  <attribute name="Output I" value="1896"/>
  <attribute name="Output T" value="8"/>
  <attribute name= "Current Time Running" value="926" />
  <attribute name="GC Util currently" value="147" />
  <attribute name="CPU Util currently" value="6614296597931" />
<exclusive-end id="75" timestamp="2019-09-21T21:27:03.911" durationms="3.653" />

<exclusive-start id="76" timestamp="2019-09-21T21:27:03.955" intervalms="47.822">
  <response-info timems="0.069" idlems="0.069" threads="0" lastid="0000000002347300" lastname="Thread-5" />
</exclusive-start>
<allocation-taxation id="77" taxation-threshold="3145728" timestamp="2019-09-21T21:27:03.955" intervalms="47.758" />
<cycle-start id="78" type="partial gc" contextid="0" timestamp="2019-09-21T21:27:03.955" intervalms="154.255" />
<gc-start id="79" type="partial gc" contextid="78" timestamp="2019-09-21T21:27:03.956">
  <mem-info id="80" free="0" total="14680064" percent="0">
    <mem type="eden" free="0" total="6291456" percent="0" />
    <remembered-set count="3392" freebytes="572416" totalbytes="585984" percent="97" regionsoverflowed="0" regionsstable="1" regionsrebuilding="0"/>
  </mem-info>
</gc-start>
<allocation-stats totalBytes="6123960" >
  <allocated-bytes non-tlh="410328" tlh="5713632" arrayletleaf="0"/>
  <largest-consumer threadName="Thread-10" threadId="0000000002359F00" bytes="791152" />
</allocation-stats>
<gc-op id="81" type="sweep" timems="0.541" contextid="78" timestamp="2019-09-21T21:27:03.956" />
<gc-op id="82" type="mark" timems="2.964" contextid="78" timestamp="2019-09-21T21:27:03.960">
  <trace-info objectcount="12672" scancount="9668" scanbytes="1295480" />
  <cardclean-info objects="1192" bytes="597412" />
  <remembered-set-cleared processed="1614" cleared="702" durationms="0.061" />
  <references type="soft" candidates="9" cleared="0" enqueued="0" dynamicThreshold="6" maxThreshold="32" />
  <references type="weak" candidates="41" cleared="0" enqueued="0" />
  <references type="phantom" candidates="1" cleared="0" enqueued="0" />
  <stringconstants candidates="3963" cleared="0"  />
  <warning details="Mark invoked due to insufficient free space for Copy-Forward" />
</gc-op>
<gc-op id="83" type="classunload" timems="0.003" contextid="78" timestamp="2019-09-21T21:27:03.960">
  <classunload-info classloadercandidates="20" classloadersunloaded="0" classesunloaded="0" anonymousclassesunloaded="0" quiescems="0.000" setupms="0.003" scanms="0.000" postms="0.000" />
</gc-op>
<gc-op id="84" type="sweep" timems="0.479" contextid="78" timestamp="2019-09-21T21:27:03.960" />
<gc-op id="85" type="compact" timems="2.941" contextid="78" timestamp="2019-09-21T21:27:03.964">
  <compact-info movecount="12656" movebytes="2491240" />
  <remembered-set-cleared processed="3593" cleared="1759" durationms="0.070" />
</gc-op>
<heap-resize id="86" type="expand" space="default" amount="2097152" count="1" timems="0.064" reason="insufficient free space following gc" timestamp="2019-09-21T21:27:03.964" />
<gc-end id="87" type="partial gc" contextid="78" durationms="8.756" usertimems="12.000" systemtimems="0.000" timestamp="2019-09-21T21:27:03.964" activeThreads="8">
  <mem-info id="88" free="7340032" total="16777216" percent="43">
    <mem type="eden" free="262560" total="2097152" percent="12" />
    <remembered-set count="4832" freebytes="650368" totalbytes="669696" percent="97" regionsoverflowed="0" regionsstable="1" regionsrebuilding="0"/>
  </mem-info>
</gc-end>
<cycle-end id="89" type="partial gc" contextid="78" timestamp="2019-09-21T21:27:03.964" />
  <attribute name="elasticGC enabled" value="1" />
  <attribute name= "numThreadsSpecified" value="8" />
  <attribute name="heapSize specified" value="0" />
  <attribute name="Current GC Util" value="44" />
  <attribute name= "Current Time Running" value="978" />
  <attribute name ="GC Interval" value="0" />
  <attribute name="Target GC Util Change" value ="40.000000" />
  <attribute name="Current GC Util Change" value="44.000000"/>
  <attribute name="Current Error" value="-62.000000" />
  <attribute name="Output H" value="14717872"/>
  <attribute name="Output I" value="1968"/>
  <attribute name="Output T" value="8"/>
  <attribute name= "Current Time Running" value="978" />
  <attribute name="GC Util currently" value="44" />
  <attribute name="CPU Util currently" value="3212625961904" />
<exclusive-end id="90" timestamp="2019-09-21T21:27:03.965" durationms="9.586" />

<exclusive-start id="91" timestamp="2019-09-21T21:27:04.086" intervalms="130.602">
  <response-info timems="0.082" idlems="0.048" threads="1" lastid="000000000234AF00" lastname="Thread-6" />
</exclusive-start>
<allocation-taxation id="92" taxation-threshold="7340032" timestamp="2019-09-21T21:27:04.086" intervalms="130.600" />
<cycle-start id="93" type="partial gc" contextid="0" timestamp="2019-09-21T21:27:04.086" intervalms="130.611" />
<gc-start id="94" type="partial gc" contextid="93" timestamp="2019-09-21T21:27:04.086">
  <mem-info id="95" free="0" total="16777216" percent="0">
    <mem type="eden" free="262560" total="8388608" percent="3" />
    <remembered-set count="4800" freebytes="650496" totalbytes="669696" percent="97" regionsoverflowed="0" regionsstable="1" regionsrebuilding="0"/>
  </mem-info>
</gc-start>
<allocation-stats totalBytes="7269288" >
  <allocated-bytes non-tlh="114720" tlh="7154568" arrayletleaf="0"/>
  <largest-consumer threadName="Thread-5" threadId="0000000002347300" bytes="1563688" />
</allocation-stats>
<gc-op id="96" type="mark" timems="2.080" contextid="93" timestamp="2019-09-21T21:27:04.089">
  <trace-info objectcount="5412" scancount="4303" scanbytes="1205468" />
  <cardclean-info objects="1691" bytes="264396" />
  <remembered-set-cleared processed="2106" cleared="772" durationms="0.067" />
  <references type="phantom" candidates="1" cleared="0" enqueued="0" />
  <stringconstants candidates="3963" cleared="0"  />
  <warning details="Mark invoked due to insufficient free space for Copy-Forward" />
</gc-op>
<gc-op id="97" type="classunload" timems="0.002" contextid="93" timestamp="2019-09-21T21:27:04.089">
  <classunload-info classloadercandidates="20" classloadersunloaded="0" classesunloaded="0" anonymousclassesunloaded="0" quiescems="0.000" setupms="0.002" scanms="0.000" postms="0.000" />
</gc-op>
<gc-op id="98" type="sweep" timems="0.466" contextid="93" timestamp="2019-09-21T21:27:04.089" />
<gc-op id="99" type="compact" timems="2.601" contextid="93" timestamp="2019-09-21T21:27:04.092">
  <compact-info movecount="6013" movebytes="2201840" />
  <remembered-set-cleared processed="3975" cleared="2100" durationms="0.067" />
</gc-op>
<heap-resize id="100" type="expand" space="default" amount="2097152" count="1" timems="0.067" reason="insufficient free space following gc" timestamp="2019-09-21T21:27:04.093" />
<gc-end id="101" type="partial gc" contextid="93" durationms="6.608" usertimems="4.000" systemtimems="4.000" timestamp="2019-09-21T21:27:04.093" activeThreads="8">
  <mem-info id="102" free="8388608" total="18874368" percent="44">
    <mem type="eden" free="950592" total="3145728" percent="30" />
    <remembered-set count="4224" freebytes="736512" totalbytes="753408" percent="97" regionsoverflowed="0" regionsstable="1" regionsrebuilding="0"/>
  </mem-info>
</gc-end>
<cycle-end id="103" type="partial gc" contextid="93" timestamp="2019-09-21T21:27:04.093" />
  <attribute name="elasticGC enabled" value="1" />
  <attribute name= "numThreadsSpecified" value="8" />
  <attribute name="heapSize specified" value="0" />
  <attribute name="Current GC Util" value="47" />
  <attribute name= "Current Time Running" value="1107" />
  <attribute name ="GC Interval" value="0" />
  <attribute name="Target GC Util Change" value ="40.000000" />
  <attribute name="Current GC Util Change" value="47.000000"/>
  <attribute name="Current Error" value="-149.000000" />
  <attribute name="Output H" value="16814976"/>
  <attribute name="Output I" value="1920"/>
  <attribute name="Output T" value="8"/>
  <attribute name= "Current Time Running" value="1107" />
  <attribute name="GC Util currently" value="47" />
  <attribute name="CPU Util currently" value="3270527657786" />
<exclusive-end id="104" timestamp="2019-09-21T21:27:04.093" durationms="7.271" />

<exclusive-start id="105" timestamp="2019-09-21T21:27:04.210" intervalms="124.223">
  <response-info timems="0.169" idlems="0.076" threads="3" lastid="000000000234AF00" lastname="Thread-6" />
</exclusive-start>
<allocation-taxation id="106" taxation-threshold="8388608" timestamp="2019-09-21T21:27:04.210" intervalms="124.225" />
<cycle-start id="107" type="partial gc" contextid="0" timestamp="2019-09-21T21:27:04.210" intervalms="124.215" />
<gc-start id="108" type="partial gc" contextid="107" timestamp="2019-09-21T21:27:04.210">
  <mem-info id="109" free="0" total="18874368" percent="0">
    <mem type="eden" free="0" total="8388608" percent="0" />
    <remembered-set count="3904" freebytes="737792" totalbytes="753408" percent="97" regionsoverflowed="0" regionsstable="1" regionsrebuilding="0"/>
  </mem-info>
</gc-start>
<allocation-stats totalBytes="8282120" >
  <allocated-bytes non-tlh="65552" tlh="8216568" arrayletleaf="0"/>
  <largest-consumer threadName="Thread-3" threadId="000000000233FC00" bytes="1515280" />
</allocation-stats>
<gc-op id="110" type="mark" timems="1.971" contextid="107" timestamp="2019-09-21T21:27:04.213">
  <trace-info objectcount="4197" scancount="3365" scanbytes="773228" />
  <cardclean-info objects="1700" bytes="196168" />
  <remembered-set-cleared processed="2257" cleared="731" durationms="0.079" />
  <stringconstants candidates="3963" cleared="0"  />
  <warning details="Mark invoked due to insufficient free space for Copy-Forward" />
</gc-op>
<gc-op id="111" type="classunload" timems="0.002" contextid="107" timestamp="2019-09-21T21:27:04.213">
  <classunload-info classloadercandidates="20" classloadersunloaded="0" classesunloaded="0" anonymousclassesunloaded="0" quiescems="0.000" setupms="0.002" scanms="0.000" postms="0.000" />
</gc-op>
<gc-op id="112" type="sweep" timems="0.437" contextid="107" timestamp="2019-09-21T21:27:04.213" />
<gc-op id="113" type="compact" timems="2.157" contextid="107" timestamp="2019-09-21T21:27:04.216">
  <compact-info movecount="4983" movebytes="1531128" />
  <remembered-set-cleared processed="4556" cleared="1742" durationms="0.079" />
</gc-op>
<heap-resize id="114" type="expand" space="default" amount="1048576" count="1" timems="0.055" reason="insufficient free space following gc" timestamp="2019-09-21T21:27:04.216" />
<gc-end id="115" type="partial gc" contextid="107" durationms="5.807" usertimems="4.000" systemtimems="8.000" timestamp="2019-09-21T21:27:04.216" activeThreads="8">
  <mem-info id="116" free="8388608" total="19922944" percent="42">
    <mem type="eden" free="642512" total="2097152" percent="30" />
    <remembered-set count="4448" freebytes="777472" totalbytes="795264" percent="97" regionsoverflowed="0" regionsstable="1" regionsrebuilding="0"/>
  </mem-info>
</gc-end>
<cycle-end id="117" type="partial gc" contextid="107" timestamp="2019-09-21T21:27:04.216" />
  <attribute name="elasticGC enabled" value="1" />
  <attribute name= "numThreadsSpecified" value="8" />
  <attribute name="heapSize specified" value="0" />
  <attribute name="Current GC Util" value="42" />
  <attribute name= "Current Time Running" value="1231" />
  <attribute name ="GC Interval" value="0" />
  <attribute name="Target GC Util Change" value ="40.000000" />
  <attribute name="Current GC Util Change" value="42.000000"/>
  <attribute name="Current Error" value="-72.000000" />
  <attribute name="Output H" value="18912168"/>
  <attribute name="Output I" value="1960"/>
  <attribute name="Output T" value="8"/>
  <attribute name= "Current Time Running" value="1231" />
  <attribute name="GC Util currently" value="42" />
  <attribute name="CPU Util currently" value="3540582052566" />
<exclusive-end id="118" timestamp="2019-09-21T21:27:04.216" durationms="6.446" />

<exclusive-start id="119" timestamp="2019-09-21T21:27:04.322" intervalms="111.978">
  <response-info timems="0.044" idlems="0.044" threads="0" lastid="000000000233FC00" lastname="Thread-3" />
</exclusive-start>
<allocation-taxation id="120" taxation-threshold="8388608" timestamp="2019-09-21T21:27:04.322" intervalms="112.057" />
<cycle-start id="121" type="partial gc" contextid="0" timestamp="2019-09-21T21:27:04.322" intervalms="112.066" />
<gc-start id="122" type="partial gc" contextid="121" timestamp="2019-09-21T21:27:04.322">
  <mem-info id="123" free="0" total="19922944" percent="0">
    <mem type="eden" free="0" total="8388608" percent="0" />
    <remembered-set count="4192" freebytes="778496" totalbytes="795264" percent="97" regionsoverflowed="0" regionsstable="1" regionsrebuilding="0"/>
  </mem-info>
</gc-start>
<allocation-stats totalBytes="8382840" >
  <allocated-bytes non-tlh="81944" tlh="8300896" arrayletleaf="0"/>
  <largest-consumer threadName="Thread-8" threadId="0000000002352700" bytes="1624496" />
</allocation-stats>
<gc-op id="124" type="mark" timems="1.819" contextid="121" timestamp="2019-09-21T21:27:04.325">
  <trace-info objectcount="5538" scancount="4404" scanbytes="897652" />
  <cardclean-info objects="1698" bytes="96624" />
  <remembered-set-cleared processed="2299" cleared="693" durationms="0.066" />
  <references type="weak" candidates="1" cleared="0" enqueued="0" />
  <references type="phantom" candidates="1" cleared="0" enqueued="0" />
  <stringconstants candidates="3963" cleared="0"  />
  <warning details="Mark invoked due to insufficient free space for Copy-Forward" />
</gc-op>
<gc-op id="125" type="classunload" timems="0.002" contextid="121" timestamp="2019-09-21T21:27:04.325">
  <classunload-info classloadercandidates="20" classloadersunloaded="0" classesunloaded="0" anonymousclassesunloaded="0" quiescems="0.000" setupms="0.002" scanms="0.000" postms="0.000" />
</gc-op>
<gc-op id="126" type="sweep" timems="0.496" contextid="121" timestamp="2019-09-21T21:27:04.325" />
<gc-op id="127" type="compact" timems="2.065" contextid="121" timestamp="2019-09-21T21:27:04.328">
  <compact-info movecount="5530" movebytes="2093488" />
  <remembered-set-cleared processed="5164" cleared="1816" durationms="0.069" />
</gc-op>
<gc-end id="128" type="partial gc" contextid="121" durationms="5.618" usertimems="4.000" systemtimems="4.000" timestamp="2019-09-21T21:27:04.328" activeThreads="8">
  <mem-info id="129" free="7340032" total="19922944" percent="36">
    <mem type="eden" free="63816" total="2097152" percent="3" />
    <remembered-set count="4448" freebytes="777472" totalbytes="795264" percent="97" regionsoverflowed="0" regionsstable="1" regionsrebuilding="0"/>
  </mem-info>
</gc-end>
<cycle-end id="130" type="partial gc" contextid="121" timestamp="2019-09-21T21:27:04.328" />
  <attribute name="elasticGC enabled" value="1" />
  <attribute name= "numThreadsSpecified" value="8" />
  <attribute name="heapSize specified" value="0" />
  <attribute name="Current GC Util" value="42" />
  <attribute name= "Current Time Running" value="1343" />
  <attribute name ="GC Interval" value="0" />
  <attribute name="Target GC Util Change" value ="40.000000" />
  <attribute name="Current GC Util Change" value="42.000000"/>
  <attribute name="Current Error" value="-80.000000" />
  <attribute name="Output H" value="19960744"/>
  <attribute name="Output I" value="1960"/>
  <attribute name="Output T" value="8"/>
  <attribute name= "Current Time Running" value="1343" />
  <attribute name="GC Util currently" value="42" />
  <attribute name="CPU Util currently" value="3100651649158" />
<exclusive-end id="131" timestamp="2019-09-21T21:27:04.328" durationms="6.466" />

<exclusive-start id="132" timestamp="2019-09-21T21:27:04.443" intervalms="121.052">
  <response-info timems="0.064" idlems="0.064" threads="0" lastid="0000000002359F00" lastname="Thread-10" />
</exclusive-start>
<allocation-taxation id="133" taxation-threshold="7340032" timestamp="2019-09-21T21:27:04.443" intervalms="121.154" />
<cycle-start id="134" type="partial gc" contextid="0" timestamp="2019-09-21T21:27:04.443" intervalms="121.172" />
<gc-start id="135" type="partial gc" contextid="134" timestamp="2019-09-21T21:27:04.444">
  <mem-info id="136" free="0" total="19922944" percent="0">
    <mem type="eden" free="0" total="7340032" percent="0" />
    <remembered-set count="4320" freebytes="777984" totalbytes="795264" percent="97" regionsoverflowed="0" regionsstable="1" regionsrebuilding="0"/>
  </mem-info>
</gc-start>
<allocation-stats totalBytes="7250480" >
  <allocated-bytes non-tlh="32776" tlh="7217704" arrayletleaf="0"/>
  <largest-consumer threadName="Thread-10" threadId="0000000002359F00" bytes="1457552" />
</allocation-stats>
<gc-op id="137" type="mark" timems="1.867" contextid="134" timestamp="2019-09-21T21:27:04.446">
  <trace-info objectcount="4906" scancount="3864" scanbytes="875556" />
  <cardclean-info objects="1622" bytes="111036" />
  <remembered-set-cleared processed="2577" cleared="917" durationms="0.066" />
  <references type="weak" candidates="1" cleared="0" enqueued="0" />
  <references type="phantom" candidates="1" cleared="0" enqueued="0" />
  <stringconstants candidates="3963" cleared="0"  />
  <warning details="Mark invoked due to insufficient free space for Copy-Forward" />
</gc-op>
<gc-op id="138" type="classunload" timems="0.003" contextid="134" timestamp="2019-09-21T21:27:04.446">
  <classunload-info classloadercandidates="20" classloadersunloaded="0" classesunloaded="0" anonymousclassesunloaded="0" quiescems="0.000" setupms="0.003" scanms="0.000" postms="0.000" />
</gc-op>
<gc-op id="139" type="sweep" timems="0.463" contextid="134" timestamp="2019-09-21T21:27:04.447" />
<gc-op id="140" type="compact" timems="2.227" contextid="134" timestamp="2019-09-21T21:27:04.449">
  <compact-info movecount="4906" movebytes="2119144" />
  <remembered-set-cleared processed="5315" cleared="1830" durationms="0.070" />
</gc-op>
<heap-resize id="141" type="expand" space="default" amount="3145728" count="1" timems="0.082" reason="insufficient free space following gc" timestamp="2019-09-21T21:27:04.450" />
<gc-end id="142" type="partial gc" contextid="134" durationms="6.377" usertimems="12.000" systemtimems="0.000" timestamp="2019-09-21T21:27:04.450" activeThreads="8">
  <mem-info id="143" free="9437184" total="23068672" percent="40">
    <mem type="eden" free="369136" total="2097152" percent="17" />
    <remembered-set count="5856" freebytes="897408" totalbytes="920832" percent="97" regionsoverflowed="0" regionsstable="1" regionsrebuilding="0"/>
  </mem-info>
</gc-end>
<cycle-end id="144" type="partial gc" contextid="134" timestamp="2019-09-21T21:27:04.450" />
  <attribute name="elasticGC enabled" value="1" />
  <attribute name= "numThreadsSpecified" value="8" />
  <attribute name="heapSize specified" value="0" />
  <attribute name="Current GC Util" value="38" />
  <attribute name= "Current Time Running" value="1465" />
  <attribute name ="GC Interval" value="0" />
  <attribute name="Target GC Util Change" value ="40.000000" />
  <attribute name="Current GC Util Change" value="38.000000"/>
  <attribute name="Current Error" value="-137.000000" />
  <attribute name="Output H" value="19960712"/>
  <attribute name="Output I" value="1928"/>
  <attribute name="Output T" value="8"/>
  <attribute name= "Current Time Running" value="1465" />
  <attribute name="GC Util currently" value="38" />
  <attribute name="CPU Util currently" value="3167701814486" />
<exclusive-end id="145" timestamp="2019-09-21T21:27:04.450" durationms="7.439" />

<exclusive-start id="146" timestamp="2019-09-21T21:27:04.586" intervalms="143.355">
  <response-info timems="0.093" idlems="0.092" threads="1" lastid="0000000002352700" lastname="Thread-8" />
</exclusive-start>
<allocation-taxation id="147" taxation-threshold="9437184" timestamp="2019-09-21T21:27:04.586" intervalms="143.214" />
<cycle-start id="148" type="partial gc" contextid="0" timestamp="2019-09-21T21:27:04.586" intervalms="143.192" />
<gc-start id="149" type="partial gc" contextid="148" timestamp="2019-09-21T21:27:04.587">
  <mem-info id="150" free="0" total="23068672" percent="0">
    <mem type="eden" free="0" total="9437184" percent="0" />
    <remembered-set count="5696" freebytes="898048" totalbytes="920832" percent="97" regionsoverflowed="0" regionsstable="1" regionsrebuilding="0"/>
  </mem-info>
</gc-start>
<allocation-stats totalBytes="9373104" >
  <allocated-bytes non-tlh="65552" tlh="9307552" arrayletleaf="0"/>
  <largest-consumer threadName="Thread-10" threadId="0000000002359F00" bytes="1601112" />
</allocation-stats>
<gc-op id="151" type="mark" timems="1.660" contextid="148" timestamp="2019-09-21T21:27:04.589">
  <trace-info objectcount="4901" scancount="3900" scanbytes="864060" />
  <cardclean-info objects="1748" bytes="165648" />
  <remembered-set-cleared processed="2538" cleared="769" durationms="0.065" />
  <stringconstants candidates="3963" cleared="0"  />
  <warning details="Mark invoked due to insufficient free space for Copy-Forward" />
</gc-op>
<gc-op id="152" type="classunload" timems="0.003" contextid="148" timestamp="2019-09-21T21:27:04.589">
  <classunload-info classloadercandidates="20" classloadersunloaded="0" classesunloaded="0" anonymousclassesunloaded="0" quiescems="0.000" setupms="0.003" scanms="0.000" postms="0.000" />
</gc-op>
<gc-op id="153" type="sweep" timems="0.501" contextid="148" timestamp="2019-09-21T21:27:04.590" />
<gc-op id="154" type="compact" timems="2.118" contextid="148" timestamp="2019-09-21T21:27:04.592">
  <compact-info movecount="4901" movebytes="1957592" />
  <remembered-set-cleared processed="5481" cleared="1764" durationms="0.065" />
</gc-op>
<heap-resize id="155" type="expand" space="default" amount="1048576" count="1" timems="0.057" reason="insufficient free space following gc" timestamp="2019-09-21T21:27:04.592" />
<gc-end id="156" type="partial gc" contextid="148" durationms="5.620" usertimems="12.000" systemtimems="0.000" timestamp="2019-09-21T21:27:04.592" activeThreads="8">
  <mem-info id="157" free="9437184" total="24117248" percent="39">
    <mem type="eden" free="462576" total="2097152" percent="22" />
    <remembered-set count="4704" freebytes="943872" totalbytes="962688" percent="98" regionsoverflowed="0" regionsstable="1" regionsrebuilding="0"/>
  </mem-info>
</gc-end>
<cycle-end id="158" type="partial gc" contextid="148" timestamp="2019-09-21T21:27:04.592" />
  <attribute name="elasticGC enabled" value="1" />
  <attribute name= "numThreadsSpecified" value="8" />
  <attribute name="heapSize specified" value="0" />
  <attribute name="Current GC Util" value="45" />
  <attribute name= "Current Time Running" value="1607" />
  <attribute name ="GC Interval" value="0" />
  <attribute name="Target GC Util Change" value ="40.000000" />
  <attribute name="Current GC Util Change" value="45.000000"/>
  <attribute name="Current Error" value="-81.000000" />
  <attribute name="Output H" value="23106472"/>
  <attribute name="Output I" value="1960"/>
  <attribute name="Output T" value="8"/>
  <attribute name= "Current Time Running" value="1607" />
  <attribute name="GC Util currently" value="45" />
  <attribute name="CPU Util currently" value="3415643717576" />
<exclusive-end id="159" timestamp="2019-09-21T21:27:04.593" durationms="6.380" />

<exclusive-start id="160" timestamp="2019-09-21T21:27:04.733" intervalms="146.284">
  <response-info timems="0.070" idlems="0.070" threads="0" lastid="000000000234AF00" lastname="Thread-6" />
</exclusive-start>
<allocation-taxation id="161" taxation-threshold="9437184" timestamp="2019-09-21T21:27:04.733" intervalms="146.300" />
<cycle-start id="162" type="partial gc" contextid="0" timestamp="2019-09-21T21:27:04.733" intervalms="146.303" />
<gc-start id="163" type="partial gc" contextid="162" timestamp="2019-09-21T21:27:04.733">
  <mem-info id="164" free="0" total="24117248" percent="0">
    <mem type="eden" free="0" total="9437184" percent="0" />
    <remembered-set count="4672" freebytes="944000" totalbytes="962688" percent="98" regionsoverflowed="0" regionsstable="1" regionsrebuilding="0"/>
  </mem-info>
</gc-start>
<allocation-stats totalBytes="9364752" >
  <allocated-bytes non-tlh="32776" tlh="9331976" arrayletleaf="0"/>
  <largest-consumer threadName="Thread-7" threadId="000000000234EB00" bytes="2447936" />
</allocation-stats>
<gc-op id="165" type="mark" timems="2.470" contextid="162" timestamp="2019-09-21T21:27:04.736">
  <trace-info objectcount="5477" scancount="4381" scanbytes="967820" />
  <cardclean-info objects="1710" bytes="180844" />
  <remembered-set-cleared processed="2710" cleared="821" durationms="0.202" />
  <stringconstants candidates="3963" cleared="0"  />
  <warning details="Mark invoked due to insufficient free space for Copy-Forward" />
</gc-op>
<gc-op id="166" type="classunload" timems="0.002" contextid="162" timestamp="2019-09-21T21:27:04.736">
  <classunload-info classloadercandidates="20" classloadersunloaded="0" classesunloaded="0" anonymousclassesunloaded="0" quiescems="0.000" setupms="0.002" scanms="0.000" postms="0.000" />
</gc-op>
<gc-op id="167" type="sweep" timems="0.447" contextid="162" timestamp="2019-09-21T21:27:04.737" />
<gc-op id="168" type="compact" timems="2.318" contextid="162" timestamp="2019-09-21T21:27:04.739">
  <compact-info movecount="5380" movebytes="2133072" />
  <remembered-set-cleared processed="5893" cleared="1931" durationms="0.202" />
</gc-op>
<heap-resize id="169" type="expand" space="default" amount="2097152" count="1" timems="0.070" reason="insufficient free space following gc" timestamp="2019-09-21T21:27:04.740" />
<gc-end id="170" type="partial gc" contextid="162" durationms="6.846" usertimems="8.000" systemtimems="0.000" timestamp="2019-09-21T21:27:04.740" activeThreads="8">
  <mem-info id="171" free="10485760" total="26214400" percent="40">
    <mem type="eden" free="277936" total="2097152" percent="13" />
    <remembered-set count="5600" freebytes="1024000" totalbytes="1046400" percent="97" regionsoverflowed="0" regionsstable="1" regionsrebuilding="0"/>
  </mem-info>
</gc-end>
<cycle-end id="172" type="partial gc" contextid="162" timestamp="2019-09-21T21:27:04.740" />
  <attribute name="elasticGC enabled" value="1" />
  <attribute name= "numThreadsSpecified" value="8" />
  <attribute name="heapSize specified" value="0" />
  <attribute name="Current GC Util" value="39" />
  <attribute name= "Current Time Running" value="1755" />
  <attribute name ="GC Interval" value="0" />
  <attribute name="Target GC Util Change" value ="40.000000" />
  <attribute name="Current GC Util Change" value="39.000000"/>
  <attribute name="Current Error" value="-53.000000" />
  <attribute name="Output H" value="24155064"/>
  <attribute name="Output I" value="1976"/>
  <attribute name="Output T" value="8"/>
  <attribute name= "Current Time Running" value="1755" />
  <attribute name="GC Util currently" value="39" />
  <attribute name="CPU Util currently" value="3318944037130" />
<exclusive-end id="173" timestamp="2019-09-21T21:27:04.740" durationms="7.765" />

<exclusive-start id="174" timestamp="2019-09-21T21:27:04.875" intervalms="142.613">
  <response-info timems="0.076" idlems="0.076" threads="0" lastid="000000000234AF00" lastname="Thread-6" />
</exclusive-start>
<allocation-taxation id="175" taxation-threshold="10485760" timestamp="2019-09-21T21:27:04.875" intervalms="142.640" />
<cycle-start id="176" type="partial gc" contextid="0" timestamp="2019-09-21T21:27:04.875" intervalms="142.653" />
<gc-start id="177" type="partial gc" contextid="176" timestamp="2019-09-21T21:27:04.876">
  <mem-info id="178" free="0" total="26214400" percent="0">
    <mem type="eden" free="0" total="10485760" percent="0" />
    <remembered-set count="5472" freebytes="1024512" totalbytes="1046400" percent="97" regionsoverflowed="0" regionsstable="1" regionsrebuilding="0"/>
  </mem-info>
</gc-start>
<allocation-stats totalBytes="10430624" >
  <allocated-bytes non-tlh="65552" tlh="10365072" arrayletleaf="0"/>
  <largest-consumer threadName="Thread-10" threadId="0000000002359F00" bytes="2247944" />
</allocation-stats>
<gc-op id="179" type="mark" timems="1.806" contextid="176" timestamp="2019-09-21T21:27:04.878">
  <trace-info objectcount="4925" scancount="3907" scanbytes="877764" />
  <cardclean-info objects="1720" bytes="179784" />
  <remembered-set-cleared processed="2906" cleared="845" durationms="0.071" />
  <references type="weak" candidates="1" cleared="0" enqueued="0" />
  <references type="phantom" candidates="3" cleared="0" enqueued="0" />
  <stringconstants candidates="3963" cleared="0"  />
  <warning details="Mark invoked due to insufficient free space for Copy-Forward" />
</gc-op>
<gc-op id="180" type="classunload" timems="0.002" contextid="176" timestamp="2019-09-21T21:27:04.878">
  <classunload-info classloadercandidates="20" classloadersunloaded="0" classesunloaded="0" anonymousclassesunloaded="0" quiescems="0.000" setupms="0.002" scanms="0.000" postms="0.000" />
</gc-op>
<gc-op id="181" type="sweep" timems="0.445" contextid="176" timestamp="2019-09-21T21:27:04.879" />
<gc-op id="182" type="compact" timems="2.113" contextid="176" timestamp="2019-09-21T21:27:04.881">
  <compact-info movecount="4925" movebytes="1969488" />
  <remembered-set-cleared processed="6125" cleared="1836" durationms="0.071" />
</gc-op>
<heap-resize id="183" type="expand" space="default" amount="1048576" count="1" timems="0.067" reason="insufficient free space following gc" timestamp="2019-09-21T21:27:04.881" />
<gc-end id="184" type="partial gc" contextid="176" durationms="5.968" usertimems="0.000" systemtimems="8.000" timestamp="2019-09-21T21:27:04.882" activeThreads="8">
  <mem-info id="185" free="10485760" total="27262976" percent="38">
    <mem type="eden" free="470896" total="2097152" percent="22" />
    <remembered-set count="5792" freebytes="1065088" totalbytes="1088256" percent="97" regionsoverflowed="0" regionsstable="1" regionsrebuilding="0"/>
  </mem-info>
</gc-end>
<cycle-end id="186" type="partial gc" contextid="176" timestamp="2019-09-21T21:27:04.882" />
  <attribute name="elasticGC enabled" value="1" />
  <attribute name= "numThreadsSpecified" value="8" />
  <attribute name="heapSize specified" value="0" />
  <attribute name="Current GC Util" value="41" />
  <attribute name= "Current Time Running" value="1897" />
  <attribute name ="GC Interval" value="0" />
  <attribute name="Target GC Util Change" value ="40.000000" />
  <attribute name="Current GC Util Change" value="41.000000"/>
  <attribute name="Current Error" value="-120.000000" />
  <attribute name="Output H" value="26252176"/>
  <attribute name="Output I" value="1936"/>
  <attribute name="Output T" value="8"/>
  <attribute name= "Current Time Running" value="1897" />
  <attribute name="GC Util currently" value="41" />
  <attribute name="CPU Util currently" value="3339797581705" />
<exclusive-end id="187" timestamp="2019-09-21T21:27:04.882" durationms="6.855" />

<exclusive-start id="188" timestamp="2019-09-21T21:27:05.054" intervalms="179.035">
  <response-info timems="0.044" idlems="0.044" threads="0" lastid="0000000002359F00" lastname="Thread-10" />
</exclusive-start>
<allocation-taxation id="189" taxation-threshold="10485760" timestamp="2019-09-21T21:27:05.054" intervalms="179.078" />
<cycle-start id="190" type="partial gc" contextid="0" timestamp="2019-09-21T21:27:05.055" intervalms="179.070" />
<gc-start id="191" type="partial gc" contextid="190" timestamp="2019-09-21T21:27:05.055">
  <mem-info id="192" free="0" total="27262976" percent="0">
    <mem type="eden" free="0" total="10485760" percent="0" />
    <remembered-set count="5568" freebytes="1065984" totalbytes="1088256" percent="97" regionsoverflowed="0" regionsstable="1" regionsrebuilding="0"/>
  </mem-info>
</gc-start>
<allocation-stats totalBytes="10440312" >
  <allocated-bytes non-tlh="65552" tlh="10374760" arrayletleaf="0"/>
  <largest-consumer threadName="Thread-3" threadId="000000000233FC00" bytes="1915760" />
</allocation-stats>
<gc-op id="193" type="mark" timems="2.003" contextid="190" timestamp="2019-09-21T21:27:05.057">
  <trace-info objectcount="4741" scancount="3831" scanbytes="861376" />
  <cardclean-info objects="1735" bytes="168552" />
  <remembered-set-cleared processed="3011" cleared="832" durationms="0.083" />
  <references type="phantom" candidates="2" cleared="0" enqueued="0" />
  <stringconstants candidates="3963" cleared="0"  />
  <warning details="Mark invoked due to insufficient free space for Copy-Forward" />
</gc-op>
<gc-op id="194" type="classunload" timems="0.002" contextid="190" timestamp="2019-09-21T21:27:05.057">
  <classunload-info classloadercandidates="20" classloadersunloaded="0" classesunloaded="0" anonymousclassesunloaded="0" quiescems="0.000" setupms="0.002" scanms="0.000" postms="0.000" />
</gc-op>
<gc-op id="195" type="sweep" timems="0.401" contextid="190" timestamp="2019-09-21T21:27:05.058" />
<gc-op id="196" type="compact" timems="2.148" contextid="190" timestamp="2019-09-21T21:27:05.060">
  <compact-info movecount="4741" movebytes="1870080" />
  <remembered-set-cleared processed="6365" cleared="1821" durationms="0.083" />
</gc-op>
<heap-resize id="197" type="expand" space="default" amount="2097152" count="1" timems="0.063" reason="insufficient free space following gc" timestamp="2019-09-21T21:27:05.061" />
<gc-end id="198" type="partial gc" contextid="190" durationms="6.004" usertimems="12.000" systemtimems="4.000" timestamp="2019-09-21T21:27:05.061" activeThreads="8">
  <mem-info id="199" free="11534336" total="29360128" percent="39">
    <mem type="eden" free="266392" total="2097152" percent="12" />
    <remembered-set count="5920" freebytes="1148288" totalbytes="1171968" percent="97" regionsoverflowed="0" regionsstable="1" regionsrebuilding="0"/>
  </mem-info>
</gc-end>
<cycle-end id="200" type="partial gc" contextid="190" timestamp="2019-09-21T21:27:05.061" />
  <attribute name="elasticGC enabled" value="1" />
  <attribute name= "numThreadsSpecified" value="8" />
  <attribute name="heapSize specified" value="0" />
  <attribute name="Current GC Util" value="44" />
  <attribute name= "Current Time Running" value="2076" />
  <attribute name ="GC Interval" value="0" />
  <attribute name="Target GC Util Change" value ="40.000000" />
  <attribute name="Current GC Util Change" value="44.000000"/>
  <attribute name="Current Error" value="-67.000000" />
  <attribute name="Output H" value="27300784"/>
  <attribute name="Output I" value="1968"/>
  <attribute name="Output T" value="8"/>
  <attribute name= "Current Time Running" value="2076" />
  <attribute name="GC Util currently" value="44" />
  <attribute name="CPU Util currently" value="3671712840830" />
<exclusive-end id="201" timestamp="2019-09-21T21:27:05.061" durationms="6.810" />

<exclusive-start id="202" timestamp="2019-09-21T21:27:05.223" intervalms="169.243">
  <response-info timems="0.050" idlems="0.050" threads="0" lastid="0000000002356300" lastname="Thread-9" />
</exclusive-start>
<allocation-taxation id="203" taxation-threshold="11534336" timestamp="2019-09-21T21:27:05.224" intervalms="169.222" />
<cycle-start id="204" type="partial gc" contextid="0" timestamp="2019-09-21T21:27:05.224" intervalms="169.230" />
<gc-start id="205" type="partial gc" contextid="204" timestamp="2019-09-21T21:27:05.224">
  <mem-info id="206" free="0" total="29360128" percent="0">
    <mem type="eden" free="0" total="11534336" percent="0" />
    <remembered-set count="5792" freebytes="1148800" totalbytes="1171968" percent="98" regionsoverflowed="0" regionsstable="1" regionsrebuilding="0"/>
  </mem-info>
</gc-start>
<allocation-stats totalBytes="11453280" >
  <allocated-bytes non-tlh="98328" tlh="11354952" arrayletleaf="0"/>
  <largest-consumer threadName="Thread-9" threadId="0000000002356300" bytes="1878096" />
</allocation-stats>
<gc-op id="207" type="mark" timems="2.223" contextid="204" timestamp="2019-09-21T21:27:05.227">
  <trace-info objectcount="5290" scancount="4257" scanbytes="909528" />
  <cardclean-info objects="1781" bytes="116624" />
  <remembered-set-cleared processed="3133" cleared="894" durationms="0.095" />
  <references type="phantom" candidates="1" cleared="0" enqueued="0" />
  <stringconstants candidates="3963" cleared="0"  />
  <warning details="Mark invoked due to insufficient free space for Copy-Forward" />
</gc-op>
<gc-op id="208" type="classunload" timems="0.003" contextid="204" timestamp="2019-09-21T21:27:05.227">
  <classunload-info classloadercandidates="20" classloadersunloaded="0" classesunloaded="0" anonymousclassesunloaded="0" quiescems="0.000" setupms="0.002" scanms="0.000" postms="0.000" />
</gc-op>
<gc-op id="209" type="sweep" timems="0.487" contextid="204" timestamp="2019-09-21T21:27:05.227" />
<gc-op id="210" type="compact" timems="2.465" contextid="204" timestamp="2019-09-21T21:27:05.230">
  <compact-info movecount="5290" movebytes="2032576" />
  <remembered-set-cleared processed="6610" cleared="1951" durationms="0.095" />
</gc-op>
<gc-end id="211" type="partial gc" contextid="204" durationms="6.439" usertimems="8.000" systemtimems="4.000" timestamp="2019-09-21T21:27:05.230" activeThreads="8">
  <mem-info id="212" free="10485760" total="29360128" percent="35">
    <mem type="eden" free="93864" total="2097152" percent="4" />
    <remembered-set count="5952" freebytes="1148160" totalbytes="1171968" percent="97" regionsoverflowed="0" regionsstable="1" regionsrebuilding="0"/>
  </mem-info>
</gc-end>
<cycle-end id="213" type="partial gc" contextid="204" timestamp="2019-09-21T21:27:05.231" />
  <attribute name="elasticGC enabled" value="1" />
  <attribute name= "numThreadsSpecified" value="8" />
  <attribute name="heapSize specified" value="0" />
  <attribute name="Current GC Util" value="44" />
  <attribute name= "Current Time Running" value="2245" />
  <attribute name ="GC Interval" value="0" />
  <attribute name="Target GC Util Change" value ="40.000000" />
  <attribute name="Current GC Util Change" value="44.000000"/>
  <attribute name="Current Error" value="-74.000000" />
  <attribute name="Output H" value="29397928"/>
  <attribute name="Output I" value="1960"/>
  <attribute name="Output T" value="8"/>
  <attribute name= "Current Time Running" value="2245" />
  <attribute name="GC Util currently" value="44" />
  <attribute name="CPU Util currently" value="3242510159696" />
<exclusive-end id="214" timestamp="2019-09-21T21:27:05.231" durationms="7.266" />

<exclusive-start id="215" timestamp="2019-09-21T21:27:05.368" intervalms="144.462">
  <response-info timems="0.052" idlems="0.052" threads="0" lastid="0000000002347300" lastname="Thread-5" />
</exclusive-start>
<allocation-taxation id="216" taxation-threshold="10485760" timestamp="2019-09-21T21:27:05.368" intervalms="144.389" />
<cycle-start id="217" type="partial gc" contextid="0" timestamp="2019-09-21T21:27:05.368" intervalms="144.378" />
<gc-start id="218" type="partial gc" contextid="217" timestamp="2019-09-21T21:27:05.368">
  <mem-info id="219" free="0" total="29360128" percent="0">
    <mem type="eden" free="0" total="10485760" percent="0" />
    <remembered-set count="5792" freebytes="1148800" totalbytes="1171968" percent="98" regionsoverflowed="0" regionsstable="1" regionsrebuilding="0"/>
  </mem-info>
</gc-start>
<allocation-stats totalBytes="10351248" >
  <allocated-bytes non-tlh="32784" tlh="10318464" arrayletleaf="0"/>
  <largest-consumer threadName="Thread-10" threadId="0000000002359F00" bytes="1673440" />
</allocation-stats>
<gc-op id="220" type="mark" timems="1.889" contextid="217" timestamp="2019-09-21T21:27:05.371">
  <trace-info objectcount="4612" scancount="3695" scanbytes="786692" />
  <cardclean-info objects="1749" bytes="99724" />
  <remembered-set-cleared processed="3205" cleared="889" durationms="0.088" />
  <stringconstants candidates="3963" cleared="0"  />
  <warning details="Mark invoked due to insufficient free space for Copy-Forward" />
</gc-op>
<gc-op id="221" type="classunload" timems="0.003" contextid="217" timestamp="2019-09-21T21:27:05.371">
  <classunload-info classloadercandidates="20" classloadersunloaded="0" classesunloaded="0" anonymousclassesunloaded="0" quiescems="0.000" setupms="0.003" scanms="0.000" postms="0.000" />
</gc-op>
<gc-op id="222" type="sweep" timems="0.403" contextid="217" timestamp="2019-09-21T21:27:05.371" />
<gc-op id="223" type="compact" timems="1.829" contextid="217" timestamp="2019-09-21T21:27:05.373">
  <compact-info movecount="4612" movebytes="1850136" />
  <remembered-set-cleared processed="6589" cleared="1743" durationms="0.088" />
</gc-op>
<heap-resize id="224" type="expand" space="default" amount="3145728" count="1" timems="0.070" reason="insufficient free space following gc" timestamp="2019-09-21T21:27:05.374" />
<gc-end id="225" type="partial gc" contextid="217" durationms="5.549" usertimems="8.000" systemtimems="0.000" timestamp="2019-09-21T21:27:05.374" activeThreads="8">
  <mem-info id="226" free="12582912" total="32505856" percent="38">
    <mem type="eden" free="248008" total="2097152" percent="11" />
    <remembered-set count="6496" freebytes="1271552" totalbytes="1297536" percent="97" regionsoverflowed="0" regionsstable="1" regionsrebuilding="0"/>
  </mem-info>
</gc-end>
<cycle-end id="227" type="partial gc" contextid="217" timestamp="2019-09-21T21:27:05.374" />
  <attribute name="elasticGC enabled" value="1" />
  <attribute name= "numThreadsSpecified" value="8" />
  <attribute name="heapSize specified" value="0" />
  <attribute name="Current GC Util" value="41" />
  <attribute name= "Current Time Running" value="2389" />
  <attribute name ="GC Interval" value="0" />
  <attribute name="Target GC Util Change" value ="40.000000" />
  <attribute name="Current GC Util Change" value="41.000000"/>
  <attribute name="Current Error" value="-132.000000" />
  <attribute name="Output H" value="29397896"/>
  <attribute name="Output I" value="1928"/>
  <attribute name="Output T" value="8"/>
  <attribute name= "Current Time Running" value="2389" />
  <attribute name="GC Util currently" value="41" />
  <attribute name="CPU Util currently" value="3624969355826" />
<exclusive-end id="228" timestamp="2019-09-21T21:27:05.374" durationms="6.278" />

<exclusive-start id="229" timestamp="2019-09-21T21:27:05.521" intervalms="152.972">
  <response-info timems="0.066" idlems="0.066" threads="0" lastid="0000000002359F00" lastname="Thread-10" />
</exclusive-start>
<allocation-taxation id="230" taxation-threshold="12582912" timestamp="2019-09-21T21:27:05.521" intervalms="152.957" />
<cycle-start id="231" type="partial gc" contextid="0" timestamp="2019-09-21T21:27:05.521" intervalms="152.996" />
<gc-start id="232" type="partial gc" contextid="231" timestamp="2019-09-21T21:27:05.521">
  <mem-info id="233" free="0" total="32505856" percent="0">
    <mem type="eden" free="0" total="12582912" percent="0" />
    <remembered-set count="6208" freebytes="1272704" totalbytes="1297536" percent="98" regionsoverflowed="0" regionsstable="1" regionsrebuilding="0"/>
  </mem-info>
</gc-start>
<allocation-stats totalBytes="12476496" >
  <allocated-bytes non-tlh="8200" tlh="12468296" arrayletleaf="0"/>
  <largest-consumer threadName="Thread-8" threadId="0000000002352700" bytes="2871072" />
</allocation-stats>
<gc-op id="234" type="mark" timems="1.964" contextid="231" timestamp="2019-09-21T21:27:05.524">
  <trace-info objectcount="4407" scancount="3562" scanbytes="747664" />
  <cardclean-info objects="1767" bytes="99788" />
  <remembered-set-cleared processed="3149" cleared="814" durationms="0.080" />
  <stringconstants candidates="3963" cleared="0"  />
  <warning details="Mark invoked due to insufficient free space for Copy-Forward" />
</gc-op>
<gc-op id="235" type="classunload" timems="0.003" contextid="231" timestamp="2019-09-21T21:27:05.524">
  <classunload-info classloadercandidates="20" classloadersunloaded="0" classesunloaded="0" anonymousclassesunloaded="0" quiescems="0.000" setupms="0.002" scanms="0.000" postms="0.000" />
</gc-op>
<gc-op id="236" type="sweep" timems="0.481" contextid="231" timestamp="2019-09-21T21:27:05.525" />
<gc-op id="237" type="compact" timems="2.254" contextid="231" timestamp="2019-09-21T21:27:05.527">
  <compact-info movecount="4407" movebytes="1750048" />
  <remembered-set-cleared processed="6543" cleared="1647" durationms="0.081" />
</gc-op>
<heap-resize id="238" type="expand" space="default" amount="1048576" count="1" timems="0.053" reason="insufficient free space following gc" timestamp="2019-09-21T21:27:05.527" />
<gc-end id="239" type="partial gc" contextid="231" durationms="6.186" usertimems="0.000" systemtimems="8.000" timestamp="2019-09-21T21:27:05.528" activeThreads="8">
  <mem-info id="240" free="12582912" total="33554432" percent="37">
    <mem type="eden" free="347400" total="2097152" percent="16" />
    <remembered-set count="5984" freebytes="1315456" totalbytes="1339392" percent="98" regionsoverflowed="0" regionsstable="1" regionsrebuilding="0"/>
  </mem-info>
</gc-end>
<cycle-end id="241" type="partial gc" contextid="231" timestamp="2019-09-21T21:27:05.528" />
  <attribute name="elasticGC enabled" value="1" />
  <attribute name= "numThreadsSpecified" value="8" />
  <attribute name="heapSize specified" value="0" />
  <attribute name="Current GC Util" value="47" />
  <attribute name= "Current Time Running" value="2542" />
  <attribute name ="GC Interval" value="0" />
  <attribute name="Target GC Util Change" value ="40.000000" />
  <attribute name="Current GC Util Change" value="47.000000"/>
  <attribute name="Current Error" value="-68.000000" />
  <attribute name="Output H" value="32543664"/>
  <attribute name="Output I" value="1968"/>
  <attribute name="Output T" value="8"/>
  <attribute name= "Current Time Running" value="2542" />
  <attribute name="GC Util currently" value="47" />
  <attribute name="CPU Util currently" value="3305162061633" />
<exclusive-end id="242" timestamp="2019-09-21T21:27:05.528" durationms="7.081" />

<exclusive-start id="243" timestamp="2019-09-21T21:27:05.683" intervalms="162.086">
  <response-info timems="0.032" idlems="0.032" threads="0" lastid="0000000002356300" lastname="Thread-9" />
</exclusive-start>
<allocation-taxation id="244" taxation-threshold="12582912" timestamp="2019-09-21T21:27:05.683" intervalms="162.219" />
<cycle-start id="245" type="partial gc" contextid="0" timestamp="2019-09-21T21:27:05.683" intervalms="162.221" />
<gc-start id="246" type="partial gc" contextid="245" timestamp="2019-09-21T21:27:05.684">
  <mem-info id="247" free="0" total="33554432" percent="0">
    <mem type="eden" free="0" total="13631488" percent="0" />
    <remembered-set count="5856" freebytes="1315968" totalbytes="1339392" percent="98" regionsoverflowed="0" regionsstable="1" regionsrebuilding="0"/>
  </mem-info>
</gc-start>
<allocation-stats totalBytes="12559568" >
  <allocated-bytes non-tlh="24592" tlh="12534976" arrayletleaf="0"/>
  <largest-consumer threadName="Thread-10" threadId="0000000002359F00" bytes="2623912" />
</allocation-stats>
<gc-op id="248" type="mark" timems="2.021" contextid="245" timestamp="2019-09-21T21:27:05.686">
  <trace-info objectcount="5116" scancount="4096" scanbytes="850868" />
  <cardclean-info objects="1768" bytes="99908" />
  <remembered-set-cleared processed="3163" cleared="789" durationms="0.083" />
  <references type="phantom" candidates="1" cleared="0" enqueued="0" />
  <stringconstants candidates="3963" cleared="0"  />
  <warning details="Mark invoked due to insufficient free space for Copy-Forward" />
</gc-op>
<gc-op id="249" type="classunload" timems="0.002" contextid="245" timestamp="2019-09-21T21:27:05.686">
  <classunload-info classloadercandidates="20" classloadersunloaded="0" classesunloaded="0" anonymousclassesunloaded="0" quiescems="0.000" setupms="0.002" scanms="0.000" postms="0.000" />
</gc-op>
<gc-op id="250" type="sweep" timems="0.440" contextid="245" timestamp="2019-09-21T21:27:05.687" />
<gc-op id="251" type="compact" timems="2.875" contextid="245" timestamp="2019-09-21T21:27:05.690">
  <compact-info movecount="5116" movebytes="2039520" />
  <remembered-set-cleared processed="6704" cleared="1765" durationms="0.083" />
</gc-op>
<gc-end id="252" type="partial gc" contextid="245" durationms="6.865" usertimems="8.000" systemtimems="0.000" timestamp="2019-09-21T21:27:05.690" activeThreads="8">
  <mem-info id="253" free="11534336" total="33554432" percent="34">
    <mem type="eden" free="1087832" total="3145728" percent="34" />
    <remembered-set count="6592" freebytes="1313024" totalbytes="1339392" percent="98" regionsoverflowed="0" regionsstable="1" regionsrebuilding="0"/>
  </mem-info>
</gc-end>
<cycle-end id="254" type="partial gc" contextid="245" timestamp="2019-09-21T21:27:05.691" />
  <attribute name="elasticGC enabled" value="1" />
  <attribute name= "numThreadsSpecified" value="8" />
  <attribute name="heapSize specified" value="0" />
  <attribute name="Current GC Util" value="40" />
  <attribute name= "Current Time Running" value="2705" />
  <attribute name ="GC Interval" value="0" />
  <attribute name="Target GC Util Change" value ="40.000000" />
  <attribute name="Current GC Util Change" value="40.000000"/>
  <attribute name="Current Error" value="-64.000000" />
  <attribute name="Output H" value="33592240"/>
  <attribute name="Output I" value="1968"/>
  <attribute name="Output T" value="8"/>
  <attribute name= "Current Time Running" value="2705" />
  <attribute name="GC Util currently" value="40" />
  <attribute name="CPU Util currently" value="3369933074699" />
<exclusive-end id="255" timestamp="2019-09-21T21:27:05.691" durationms="8.000" />

<exclusive-start id="256" timestamp="2019-09-21T21:27:05.837" intervalms="153.828">
  <response-info timems="0.062" idlems="0.062" threads="0" lastid="0000000002347300" lastname="Thread-5" />
</exclusive-start>
<allocation-taxation id="257" taxation-threshold="11534336" timestamp="2019-09-21T21:27:05.837" intervalms="153.721" />
<cycle-start id="258" type="partial gc" contextid="0" timestamp="2019-09-21T21:27:05.837" intervalms="153.680" />
<gc-start id="259" type="partial gc" contextid="258" timestamp="2019-09-21T21:27:05.837">
  <mem-info id="260" free="0" total="33554432" percent="0">
    <mem type="eden" free="0" total="11534336" percent="0" />
    <remembered-set count="6304" freebytes="1314176" totalbytes="1339392" percent="98" regionsoverflowed="0" regionsstable="1" regionsrebuilding="0"/>
  </mem-info>
</gc-start>
<allocation-stats totalBytes="11475200" >
  <allocated-bytes non-tlh="0" tlh="11475200" arrayletleaf="0"/>
  <largest-consumer threadName="Thread-9" threadId="0000000002356300" bytes="2005880" />
</allocation-stats>
<gc-op id="261" type="mark" timems="2.017" contextid="258" timestamp="2019-09-21T21:27:05.840">
  <trace-info objectcount="4651" scancount="3746" scanbytes="770868" />
  <cardclean-info objects="1747" bytes="98576" />
  <remembered-set-cleared processed="3298" cleared="898" durationms="0.223" />
  <references type="weak" candidates="2" cleared="0" enqueued="0" />
  <references type="phantom" candidates="2" cleared="0" enqueued="0" />
  <stringconstants candidates="3963" cleared="0"  />
  <warning details="Mark invoked due to insufficient free space for Copy-Forward" />
</gc-op>
<gc-op id="262" type="classunload" timems="0.002" contextid="258" timestamp="2019-09-21T21:27:05.840">
  <classunload-info classloadercandidates="20" classloadersunloaded="0" classesunloaded="0" anonymousclassesunloaded="0" quiescems="0.000" setupms="0.002" scanms="0.000" postms="0.000" />
</gc-op>
<gc-op id="263" type="sweep" timems="0.432" contextid="258" timestamp="2019-09-21T21:27:05.840" />
<gc-op id="264" type="compact" timems="2.235" contextid="258" timestamp="2019-09-21T21:27:05.843">
  <compact-info movecount="4651" movebytes="1825240" />
  <remembered-set-cleared processed="6803" cleared="1812" durationms="0.223" />
</gc-op>
<heap-resize id="265" type="expand" space="default" amount="3145728" count="1" timems="0.081" reason="insufficient free space following gc" timestamp="2019-09-21T21:27:05.843" />
<gc-end id="266" type="partial gc" contextid="258" durationms="6.396" usertimems="8.000" systemtimems="0.000" timestamp="2019-09-21T21:27:05.844" activeThreads="8">
  <mem-info id="267" free="13631488" total="36700160" percent="37">
    <mem type="eden" free="271520" total="2097152" percent="12" />
    <remembered-set count="7328" freebytes="1435648" totalbytes="1464960" percent="97" regionsoverflowed="0" regionsstable="1" regionsrebuilding="0"/>
  </mem-info>
</gc-end>
<cycle-end id="268" type="partial gc" contextid="258" timestamp="2019-09-21T21:27:05.844" />
  <attribute name="elasticGC enabled" value="1" />
  <attribute name= "numThreadsSpecified" value="8" />
  <attribute name="heapSize specified" value="0" />
  <attribute name="Current GC Util" value="37" />
  <attribute name= "Current Time Running" value="2858" />
  <attribute name ="GC Interval" value="0" />
  <attribute name="Target GC Util Change" value ="40.000000" />
  <attribute name="Current GC Util Change" value="37.000000"/>
  <attribute name="Current Error" value="-121.000000" />
  <attribute name="Output H" value="33592208"/>
  <attribute name="Output I" value="1936"/>
  <attribute name="Output T" value="8"/>
  <attribute name= "Current Time Running" value="2858" />
  <attribute name="GC Util currently" value="37" />
  <attribute name="CPU Util currently" value="3045339833300" />
<exclusive-end id="269" timestamp="2019-09-21T21:27:05.844" durationms="7.187" />

<exclusive-start id="270" timestamp="2019-09-21T21:27:05.990" intervalms="153.307">
  <response-info timems="0.053" idlems="0.053" threads="0" lastid="0000000002356300" lastname="Thread-9" />
</exclusive-start>
<allocation-taxation id="271" taxation-threshold="13631488" timestamp="2019-09-21T21:27:05.990" intervalms="153.304" />
<cycle-start id="272" type="partial gc" contextid="0" timestamp="2019-09-21T21:27:05.990" intervalms="153.306" />
<gc-start id="273" type="partial gc" contextid="272" timestamp="2019-09-21T21:27:05.991">
  <mem-info id="274" free="0" total="36700160" percent="0">
    <mem type="eden" free="0" total="13631488" percent="0" />
    <remembered-set count="7328" freebytes="1435648" totalbytes="1464960" percent="97" regionsoverflowed="0" regionsstable="1" regionsrebuilding="0"/>
  </mem-info>
</gc-start>
<allocation-stats totalBytes="13529344" >
  <allocated-bytes non-tlh="0" tlh="13529344" arrayletleaf="0"/>
  <largest-consumer threadName="Thread-3" threadId="000000000233FC00" bytes="2641000" />
</allocation-stats>
<gc-op id="275" type="mark" timems="1.852" contextid="272" timestamp="2019-09-21T21:27:05.993">
  <trace-info objectcount="4178" scancount="3397" scanbytes="821924" />
  <cardclean-info objects="1748" bytes="100096" />
  <remembered-set-cleared processed="3263" cleared="844" durationms="0.084" />
  <references type="phantom" candidates="3" cleared="0" enqueued="0" />
  <stringconstants candidates="3963" cleared="0"  />
  <warning details="Mark invoked due to insufficient free space for Copy-Forward" />
</gc-op>
<gc-op id="276" type="classunload" timems="0.003" contextid="272" timestamp="2019-09-21T21:27:05.993">
  <classunload-info classloadercandidates="20" classloadersunloaded="0" classesunloaded="0" anonymousclassesunloaded="0" quiescems="0.000" setupms="0.002" scanms="0.000" postms="0.000" />
</gc-op>
<gc-op id="277" type="sweep" timems="0.472" contextid="272" timestamp="2019-09-21T21:27:05.994" />
<gc-op id="278" type="compact" timems="1.967" contextid="272" timestamp="2019-09-21T21:27:05.996">
  <compact-info movecount="4172" movebytes="1814048" />
  <remembered-set-cleared processed="6671" cleared="1630" durationms="0.084" />
</gc-op>
<heap-resize id="279" type="expand" space="default" amount="1048576" count="1" timems="0.056" reason="insufficient free space following gc" timestamp="2019-09-21T21:27:05.996" />
<gc-end id="280" type="partial gc" contextid="272" durationms="5.693" usertimems="8.000" systemtimems="0.000" timestamp="2019-09-21T21:27:05.996" activeThreads="8">
  <mem-info id="281" free="13631488" total="37748736" percent="36">
    <mem type="eden" free="274344" total="2097152" percent="13" />
    <remembered-set count="6144" freebytes="1482240" totalbytes="1506816" percent="98" regionsoverflowed="0" regionsstable="1" regionsrebuilding="0"/>
  </mem-info>
</gc-end>
<cycle-end id="282" type="partial gc" contextid="272" timestamp="2019-09-21T21:27:05.996" />
  <attribute name="elasticGC enabled" value="1" />
  <attribute name= "numThreadsSpecified" value="8" />
  <attribute name="heapSize specified" value="0" />
  <attribute name="Current GC Util" value="44" />
  <attribute name= "Current Time Running" value="3011" />
  <attribute name ="GC Interval" value="0" />
  <attribute name="Target GC Util Change" value ="40.000000" />
  <attribute name="Current GC Util Change" value="44.000000"/>
  <attribute name="Current Error" value="-71.000000" />
  <attribute name="Output H" value="36737960"/>
  <attribute name="Output I" value="1960"/>
  <attribute name="Output T" value="8"/>
  <attribute name= "Current Time Running" value="3011" />
  <attribute name="GC Util currently" value="44" />
  <attribute name="CPU Util currently" value="3516864876407" />
<exclusive-end id="283" timestamp="2019-09-21T21:27:05.997" durationms="6.423" />

<exclusive-start id="284" timestamp="2019-09-21T21:27:06.173" intervalms="182.524">
  <response-info timems="0.037" idlems="0.037" threads="0" lastid="0000000002347300" lastname="Thread-5" />
</exclusive-start>
<allocation-taxation id="285" taxation-threshold="13631488" timestamp="2019-09-21T21:27:06.173" intervalms="182.539" />
<cycle-start id="286" type="partial gc" contextid="0" timestamp="2019-09-21T21:27:06.173" intervalms="182.529" />
<gc-start id="287" type="partial gc" contextid="286" timestamp="2019-09-21T21:27:06.173">
  <mem-info id="288" free="0" total="37748736" percent="0">
    <mem type="eden" free="0" total="13631488" percent="0" />
    <remembered-set count="6048" freebytes="1482624" totalbytes="1506816" percent="98" regionsoverflowed="0" regionsstable="1" regionsrebuilding="0"/>
  </mem-info>
</gc-start>
<allocation-stats totalBytes="13600056" >
  <allocated-bytes non-tlh="16392" tlh="13583664" arrayletleaf="0"/>
  <largest-consumer threadName="Thread-3" threadId="000000000233FC00" bytes="2820616" />
</allocation-stats>
<gc-op id="289" type="mark" timems="2.076" contextid="286" timestamp="2019-09-21T21:27:06.176">
  <trace-info objectcount="5252" scancount="4234" scanbytes="856672" />
  <cardclean-info objects="1757" bytes="100204" />
  <remembered-set-cleared processed="3223" cleared="788" durationms="0.107" />
  <references type="phantom" candidates="1" cleared="0" enqueued="0" />
  <stringconstants candidates="3963" cleared="0"  />
  <warning details="Mark invoked due to insufficient free space for Copy-Forward" />
</gc-op>
<gc-op id="290" type="classunload" timems="0.002" contextid="286" timestamp="2019-09-21T21:27:06.176">
  <classunload-info classloadercandidates="20" classloadersunloaded="0" classesunloaded="0" anonymousclassesunloaded="0" quiescems="0.000" setupms="0.002" scanms="0.000" postms="0.000" />
</gc-op>
<gc-op id="291" type="sweep" timems="0.448" contextid="286" timestamp="2019-09-21T21:27:06.176" />
<gc-op id="292" type="compact" timems="2.408" contextid="286" timestamp="2019-09-21T21:27:06.179">
  <compact-info movecount="5240" movebytes="1992768" />
  <remembered-set-cleared processed="6899" cleared="1836" durationms="0.107" />
</gc-op>
<heap-resize id="293" type="expand" space="default" amount="2097152" count="1" timems="0.073" reason="insufficient free space following gc" timestamp="2019-09-21T21:27:06.179" />
<gc-end id="294" type="partial gc" contextid="286" durationms="6.437" usertimems="8.000" systemtimems="0.000" timestamp="2019-09-21T21:27:06.179" activeThreads="8">
  <mem-info id="295" free="14680064" total="39845888" percent="36">
    <mem type="eden" free="100896" total="2097152" percent="4" />
    <remembered-set count="6752" freebytes="1563520" totalbytes="1590528" percent="98" regionsoverflowed="0" regionsstable="1" regionsrebuilding="0"/>
  </mem-info>
</gc-end>
<cycle-end id="296" type="partial gc" contextid="286" timestamp="2019-09-21T21:27:06.180" />
  <attribute name="elasticGC enabled" value="1" />
  <attribute name= "numThreadsSpecified" value="8" />
  <attribute name="heapSize specified" value="0" />
  <attribute name="Current GC Util" value="52" />
  <attribute name= "Current Time Running" value="3194" />
  <attribute name ="GC Interval" value="0" />
  <attribute name="Target GC Util Change" value ="40.000000" />
  <attribute name="Current GC Util Change" value="52.000000"/>
  <attribute name="Current Error" value="-98.000000" />
  <attribute name="Output H" value="37786520"/>
  <attribute name="Output I" value="1944"/>
  <attribute name="Output T" value="8"/>
  <attribute name= "Current Time Running" value="3194" />
  <attribute name="GC Util currently" value="52" />
  <attribute name="CPU Util currently" value="3653903028213" />
<exclusive-end id="297" timestamp="2019-09-21T21:27:06.180" durationms="7.259" />

<exclusive-start id="298" timestamp="2019-09-21T21:27:06.374" intervalms="201.373">
  <response-info timems="0.064" idlems="0.064" threads="0" lastid="0000000002347300" lastname="Thread-5" />
</exclusive-start>
<allocation-taxation id="299" taxation-threshold="14680064" timestamp="2019-09-21T21:27:06.374" intervalms="201.364" />
<cycle-start id="300" type="partial gc" contextid="0" timestamp="2019-09-21T21:27:06.374" intervalms="201.364" />
<gc-start id="301" type="partial gc" contextid="300" timestamp="2019-09-21T21:27:06.374">
  <mem-info id="302" free="0" total="39845888" percent="0">
    <mem type="eden" free="0" total="14680064" percent="0" />
    <remembered-set count="6624" freebytes="1564032" totalbytes="1590528" percent="98" regionsoverflowed="0" regionsstable="1" regionsrebuilding="0"/>
  </mem-info>
</gc-start>
<allocation-stats totalBytes="14571392" >
  <allocated-bytes non-tlh="65560" tlh="14505832" arrayletleaf="0"/>
  <largest-consumer threadName="Thread-4" threadId="0000000002343800" bytes="2797040" />
</allocation-stats>
<gc-op id="303" type="mark" timems="2.085" contextid="300" timestamp="2019-09-21T21:27:06.377">
  <trace-info objectcount="4601" scancount="3672" scanbytes="751508" />
  <cardclean-info objects="1768" bytes="101324" />
  <remembered-set-cleared processed="3426" cleared="970" durationms="0.089" />
  <stringconstants candidates="3963" cleared="0"  />
  <warning details="Mark invoked due to insufficient free space for Copy-Forward" />
</gc-op>
<gc-op id="304" type="classunload" timems="0.002" contextid="300" timestamp="2019-09-21T21:27:06.377">
  <classunload-info classloadercandidates="20" classloadersunloaded="0" classesunloaded="0" anonymousclassesunloaded="0" quiescems="0.000" setupms="0.002" scanms="0.000" postms="0.000" />
</gc-op>
<gc-op id="305" type="sweep" timems="0.406" contextid="300" timestamp="2019-09-21T21:27:06.378" />
<gc-op id="306" type="compact" timems="2.538" contextid="300" timestamp="2019-09-21T21:27:06.380">
  <compact-info movecount="4584" movebytes="1841696" />
  <remembered-set-cleared processed="6999" cleared="1883" durationms="0.089" />
</gc-op>
<heap-resize id="307" type="expand" space="default" amount="1048576" count="1" timems="0.054" reason="insufficient free space following gc" timestamp="2019-09-21T21:27:06.381" />
<gc-end id="308" type="partial gc" contextid="300" durationms="6.539" usertimems="8.000" systemtimems="0.000" timestamp="2019-09-21T21:27:06.381" activeThreads="8">
  <mem-info id="309" free="14680064" total="40894464" percent="35">
    <mem type="eden" free="254528" total="2097152" percent="12" />
    <remembered-set count="6304" freebytes="1607168" totalbytes="1632384" percent="98" regionsoverflowed="0" regionsstable="1" regionsrebuilding="0"/>
  </mem-info>
</gc-end>
<cycle-end id="310" type="partial gc" contextid="300" timestamp="2019-09-21T21:27:06.381" />
  <attribute name="elasticGC enabled" value="1" />
  <attribute name= "numThreadsSpecified" value="8" />
  <attribute name="heapSize specified" value="0" />
  <attribute name="Current GC Util" value="45" />
  <attribute name= "Current Time Running" value="3396" />
  <attribute name ="GC Interval" value="0" />
  <attribute name="Target GC Util Change" value ="40.000000" />
  <attribute name="Current GC Util Change" value="45.000000"/>
  <attribute name="Current Error" value="-171.000000" />
  <attribute name="Output H" value="39883632"/>
  <attribute name="Output I" value="1904"/>
  <attribute name="Output T" value="8"/>
  <attribute name= "Current Time Running" value="3396" />
  <attribute name="GC Util currently" value="45" />
  <attribute name="CPU Util currently" value="3644737226863" />
<exclusive-end id="311" timestamp="2019-09-21T21:27:06.381" durationms="7.423" />

<exclusive-start id="312" timestamp="2019-09-21T21:27:06.571" intervalms="196.721">
  <response-info timems="0.037" idlems="0.037" threads="0" lastid="0000000002356300" lastname="Thread-9" />
</exclusive-start>
<allocation-taxation id="313" taxation-threshold="14680064" timestamp="2019-09-21T21:27:06.571" intervalms="196.775" />
<cycle-start id="314" type="partial gc" contextid="0" timestamp="2019-09-21T21:27:06.571" intervalms="196.777" />
<gc-start id="315" type="partial gc" contextid="314" timestamp="2019-09-21T21:27:06.571">
  <mem-info id="316" free="0" total="40894464" percent="0">
    <mem type="eden" free="0" total="14680064" percent="0" />
    <remembered-set count="6112" freebytes="1607936" totalbytes="1632384" percent="98" regionsoverflowed="0" regionsstable="1" regionsrebuilding="0"/>
  </mem-info>
</gc-start>
<allocation-stats totalBytes="14634856" >
  <allocated-bytes non-tlh="57368" tlh="14577488" arrayletleaf="0"/>
  <largest-consumer threadName="Thread-6" threadId="000000000234AF00" bytes="2739144" />
</allocation-stats>
<gc-op id="317" type="mark" timems="2.424" contextid="314" timestamp="2019-09-21T21:27:06.574">
  <trace-info objectcount="5137" scancount="4000" scanbytes="812572" />
  <cardclean-info objects="1845" bytes="103812" />
  <remembered-set-cleared processed="3323" cleared="938" durationms="0.088" />
  <stringconstants candidates="3963" cleared="0"  />
  <warning details="Mark invoked due to insufficient free space for Copy-Forward" />
</gc-op>
<gc-op id="318" type="classunload" timems="0.002" contextid="314" timestamp="2019-09-21T21:27:06.574">
  <classunload-info classloadercandidates="20" classloadersunloaded="0" classesunloaded="0" anonymousclassesunloaded="0" quiescems="0.000" setupms="0.002" scanms="0.000" postms="0.000" />
</gc-op>
<gc-op id="319" type="sweep" timems="0.529" contextid="314" timestamp="2019-09-21T21:27:06.575" />
<gc-op id="320" type="compact" timems="2.600" contextid="314" timestamp="2019-09-21T21:27:06.578">
  <compact-info movecount="5051" movebytes="1885384" />
  <remembered-set-cleared processed="6990" cleared="2025" durationms="0.088" />
</gc-op>
<heap-resize id="321" type="expand" space="default" amount="2097152" count="1" timems="0.060" reason="insufficient free space following gc" timestamp="2019-09-21T21:27:06.578" />
<gc-end id="322" type="partial gc" contextid="314" durationms="7.260" usertimems="12.000" systemtimems="0.000" timestamp="2019-09-21T21:27:06.578" activeThreads="8">
  <mem-info id="323" free="15728640" total="42991616" percent="36">
    <mem type="eden" free="217880" total="2097152" percent="10" />
    <remembered-set count="7040" freebytes="1687936" totalbytes="1716096" percent="98" regionsoverflowed="0" regionsstable="1" regionsrebuilding="0"/>
  </mem-info>
</gc-end>
<cycle-end id="324" type="partial gc" contextid="314" timestamp="2019-09-21T21:27:06.579" />
  <attribute name="elasticGC enabled" value="1" />
  <attribute name= "numThreadsSpecified" value="8" />
  <attribute name="heapSize specified" value="0" />
  <attribute name="Current GC Util" value="52" />
  <attribute name= "Current Time Running" value="3593" />
  <attribute name ="GC Interval" value="0" />
  <attribute name="Target GC Util Change" value ="40.000000" />
  <attribute name="Current GC Util Change" value="52.000000"/>
  <attribute name="Current Error" value="-64.000000" />
  <attribute name="Output H" value="40932272"/>
  <attribute name="Output I" value="1968"/>
  <attribute name="Output T" value="8"/>
  <attribute name= "Current Time Running" value="3593" />
  <attribute name="GC Util currently" value="52" />
  <attribute name="CPU Util currently" value="2947510049135" />
<exclusive-end id="325" timestamp="2019-09-21T21:27:06.579" durationms="8.236" />

<exclusive-start id="326" timestamp="2019-09-21T21:27:06.761" intervalms="190.120">
  <response-info timems="0.051" idlems="0.051" threads="0" lastid="000000000233FC00" lastname="Thread-3" />
</exclusive-start>
<allocation-taxation id="327" taxation-threshold="15728640" timestamp="2019-09-21T21:27:06.761" intervalms="190.030" />
<cycle-start id="328" type="partial gc" contextid="0" timestamp="2019-09-21T21:27:06.761" intervalms="190.035" />
<gc-start id="329" type="partial gc" contextid="328" timestamp="2019-09-21T21:27:06.761">
  <mem-info id="330" free="0" total="42991616" percent="0">
    <mem type="eden" free="0" total="15728640" percent="0" />
    <remembered-set count="6848" freebytes="1688704" totalbytes="1716096" percent="98" regionsoverflowed="0" regionsstable="1" regionsrebuilding="0"/>
  </mem-info>
</gc-start>
<allocation-stats totalBytes="15696096" >
  <allocated-bytes non-tlh="32776" tlh="15663320" arrayletleaf="0"/>
  <largest-consumer threadName="Thread-8" threadId="0000000002352700" bytes="2366616" />
</allocation-stats>
<gc-op id="331" type="mark" timems="1.879" contextid="328" timestamp="2019-09-21T21:27:06.764">
  <trace-info objectcount="5112" scancount="4098" scanbytes="850232" />
  <cardclean-info objects="1789" bytes="101432" />
  <remembered-set-cleared processed="3417" cleared="915" durationms="0.089" />
  <references type="weak" candidates="1" cleared="0" enqueued="0" />
  <references type="phantom" candidates="2" cleared="0" enqueued="0" />
  <stringconstants candidates="3963" cleared="0"  />
  <warning details="Mark invoked due to insufficient free space for Copy-Forward" />
</gc-op>
<gc-op id="332" type="classunload" timems="0.003" contextid="328" timestamp="2019-09-21T21:27:06.764">
  <classunload-info classloadercandidates="20" classloadersunloaded="0" classesunloaded="0" anonymousclassesunloaded="0" quiescems="0.000" setupms="0.003" scanms="0.000" postms="0.000" />
</gc-op>
<gc-op id="333" type="sweep" timems="0.458" contextid="328" timestamp="2019-09-21T21:27:06.764" />
<gc-op id="334" type="compact" timems="2.248" contextid="328" timestamp="2019-09-21T21:27:06.767">
  <compact-info movecount="5081" movebytes="2037560" />
  <remembered-set-cleared processed="7132" cleared="1896" durationms="0.089" />
</gc-op>
<heap-resize id="335" type="expand" space="default" amount="1048576" count="1" timems="0.063" reason="insufficient free space following gc" timestamp="2019-09-21T21:27:06.767" />
<gc-end id="336" type="partial gc" contextid="328" durationms="6.083" usertimems="8.000" systemtimems="0.000" timestamp="2019-09-21T21:27:06.767" activeThreads="8">
  <mem-info id="337" free="15728640" total="44040192" percent="35">
    <mem type="eden" free="60376" total="2097152" percent="2" />
    <remembered-set count="6976" freebytes="1730048" totalbytes="1757952" percent="98" regionsoverflowed="0" regionsstable="1" regionsrebuilding="0"/>
  </mem-info>
</gc-end>
<cycle-end id="338" type="partial gc" contextid="328" timestamp="2019-09-21T21:27:06.768" />
  <attribute name="elasticGC enabled" value="1" />
  <attribute name= "numThreadsSpecified" value="8" />
  <attribute name="heapSize specified" value="0" />
  <attribute name="Current GC Util" value="43" />
  <attribute name= "Current Time Running" value="3782" />
  <attribute name ="GC Interval" value="0" />
  <attribute name="Target GC Util Change" value ="40.000000" />
  <attribute name="Current GC Util Change" value="43.000000"/>
  <attribute name="Current Error" value="-74.000000" />
  <attribute name="Output H" value="43029416"/>
  <attribute name="Output I" value="1960"/>
  <attribute name="Output T" value="8"/>
  <attribute name= "Current Time Running" value="3782" />
  <attribute name="GC Util currently" value="43" />
  <attribute name="CPU Util currently" value="3497999824540" />
<exclusive-end id="339" timestamp="2019-09-21T21:27:06.768" durationms="7.000" />

<exclusive-start id="340" timestamp="2019-09-21T21:27:06.955" intervalms="194.036">
  <response-info timems="0.047" idlems="0.047" threads="0" lastid="0000000002359F00" lastname="Thread-10" />
</exclusive-start>
<allocation-taxation id="341" taxation-threshold="15728640" timestamp="2019-09-21T21:27:06.955" intervalms="194.094" />
<cycle-start id="342" type="partial gc" contextid="0" timestamp="2019-09-21T21:27:06.955" intervalms="194.103" />
<gc-start id="343" type="partial gc" contextid="342" timestamp="2019-09-21T21:27:06.955">
  <mem-info id="344" free="0" total="44040192" percent="0">
    <mem type="eden" free="0" total="15728640" percent="0" />
    <remembered-set count="6816" freebytes="1730688" totalbytes="1757952" percent="98" regionsoverflowed="0" regionsstable="1" regionsrebuilding="0"/>
  </mem-info>
</gc-start>
<allocation-stats totalBytes="15617992" >
  <allocated-bytes non-tlh="16392" tlh="15601600" arrayletleaf="0"/>
  <largest-consumer threadName="Thread-3" threadId="000000000233FC00" bytes="2760832" />
</allocation-stats>
<gc-op id="345" type="mark" timems="2.116" contextid="342" timestamp="2019-09-21T21:27:06.958">
  <trace-info objectcount="5387" scancount="4293" scanbytes="928676" />
  <cardclean-info objects="1864" bytes="153248" />
  <remembered-set-cleared processed="3411" cleared="1003" durationms="0.090" />
  <stringconstants candidates="3963" cleared="0"  />
  <warning details="Mark invoked due to insufficient free space for Copy-Forward" />
</gc-op>
<gc-op id="346" type="classunload" timems="0.003" contextid="342" timestamp="2019-09-21T21:27:06.958">
  <classunload-info classloadercandidates="20" classloadersunloaded="0" classesunloaded="0" anonymousclassesunloaded="0" quiescems="0.000" setupms="0.001" scanms="0.000" postms="0.000" />
</gc-op>
<gc-op id="347" type="sweep" timems="0.411" contextid="342" timestamp="2019-09-21T21:27:06.959" />
<gc-op id="348" type="compact" timems="2.352" contextid="342" timestamp="2019-09-21T21:27:06.961">
  <compact-info movecount="5213" movebytes="2025608" />
  <remembered-set-cleared processed="7171" cleared="2195" durationms="0.095" />
</gc-op>
<gc-end id="349" type="partial gc" contextid="342" durationms="6.297" usertimems="8.000" systemtimems="4.000" timestamp="2019-09-21T21:27:06.962" activeThreads="8">
  <mem-info id="350" free="14680064" total="44040192" percent="33">
    <mem type="eden" free="22816" total="2097152" percent="1" />
    <remembered-set count="6752" freebytes="1730944" totalbytes="1757952" percent="98" regionsoverflowed="0" regionsstable="1" regionsrebuilding="0"/>
  </mem-info>
</gc-end>
<cycle-end id="351" type="partial gc" contextid="342" timestamp="2019-09-21T21:27:06.962" />
  <attribute name="elasticGC enabled" value="1" />
  <attribute name= "numThreadsSpecified" value="8" />
  <attribute name="heapSize specified" value="0" />
  <attribute name="Current GC Util" value="45" />
  <attribute name= "Current Time Running" value="3977" />
  <attribute name ="GC Interval" value="0" />
  <attribute name="Target GC Util Change" value ="40.000000" />
  <attribute name="Current GC Util Change" value="45.000000"/>
  <attribute name="Current Error" value="-135.000000" />
  <attribute name="Output H" value="44077960"/>
  <attribute name="Output I" value="1928"/>
  <attribute name="Output T" value="8"/>
  <attribute name= "Current Time Running" value="3977" />
  <attribute name="GC Util currently" value="45" />
  <attribute name="CPU Util currently" value="3539196284092" />
<exclusive-end id="352" timestamp="2019-09-21T21:27:06.962" durationms="7.213" />

<exclusive-start id="353" timestamp="2019-09-21T21:27:07.139" intervalms="184.309">
  <response-info timems="0.044" idlems="0.044" threads="0" lastid="0000000002356300" lastname="Thread-9" />
</exclusive-start>
<allocation-taxation id="354" taxation-threshold="14680064" timestamp="2019-09-21T21:27:07.139" intervalms="184.348" />
<cycle-start id="355" type="partial gc" contextid="0" timestamp="2019-09-21T21:27:07.139" intervalms="184.337" />
<gc-start id="356" type="partial gc" contextid="355" timestamp="2019-09-21T21:27:07.140">
  <mem-info id="357" free="0" total="44040192" percent="0">
    <mem type="eden" free="0" total="14680064" percent="0" />
    <remembered-set count="6528" freebytes="1731840" totalbytes="1757952" percent="98" regionsoverflowed="0" regionsstable="1" regionsrebuilding="0"/>
  </mem-info>
</gc-start>
<allocation-stats totalBytes="14572016" >
  <allocated-bytes non-tlh="32776" tlh="14539240" arrayletleaf="0"/>
  <largest-consumer threadName="Thread-10" threadId="0000000002359F00" bytes="2425256" />
</allocation-stats>
<gc-op id="358" type="mark" timems="2.555" contextid="355" timestamp="2019-09-21T21:27:07.143">
  <trace-info objectcount="6813" scancount="5679" scanbytes="1305044" />
  <cardclean-info objects="2317" bytes="241344" />
  <remembered-set-cleared processed="3232" cleared="1397" durationms="0.097" />
  <references type="weak" candidates="1" cleared="0" enqueued="0" />
  <references type="phantom" candidates="16" cleared="0" enqueued="0" />
  <stringconstants candidates="3963" cleared="0"  />
  <warning details="Mark invoked due to insufficient free space for Copy-Forward" />
</gc-op>
<gc-op id="359" type="classunload" timems="0.002" contextid="355" timestamp="2019-09-21T21:27:07.143">
  <classunload-info classloadercandidates="20" classloadersunloaded="0" classesunloaded="0" anonymousclassesunloaded="0" quiescems="0.000" setupms="0.002" scanms="0.000" postms="0.000" />
</gc-op>
<gc-op id="360" type="sweep" timems="0.451" contextid="355" timestamp="2019-09-21T21:27:07.143" />
<gc-op id="361" type="compact" timems="2.427" contextid="355" timestamp="2019-09-21T21:27:07.146">
  <compact-info movecount="6802" movebytes="2686064" />
  <remembered-set-cleared processed="6541" cleared="2702" durationms="0.097" />
</gc-op>
<heap-resize id="362" type="expand" space="default" amount="3145728" count="1" timems="0.071" reason="insufficient free space following gc" timestamp="2019-09-21T21:27:07.146" />
<gc-end id="363" type="partial gc" contextid="355" durationms="6.850" usertimems="8.000" systemtimems="4.000" timestamp="2019-09-21T21:27:07.147" activeThreads="8">
  <mem-info id="364" free="16777216" total="47185920" percent="35">
    <mem type="eden" free="101464" total="2097152" percent="4" />
    <remembered-set count="7936" freebytes="1851776" totalbytes="1883520" percent="98" regionsoverflowed="0" regionsstable="1" regionsrebuilding="0"/>
  </mem-info>
</gc-end>
<cycle-end id="365" type="partial gc" contextid="355" timestamp="2019-09-21T21:27:07.147" />
  <attribute name="elasticGC enabled" value="1" />
  <attribute name= "numThreadsSpecified" value="8" />
  <attribute name="heapSize specified" value="0" />
  <attribute name="Current GC Util" value="48" />
  <attribute name= "Current Time Running" value="4161" />
  <attribute name ="GC Interval" value="0" />
  <attribute name="Target GC Util Change" value ="40.000000" />
  <attribute name="Current GC Util Change" value="48.000000"/>
  <attribute name="Current Error" value="-67.000000" />
  <attribute name="Output H" value="44078000"/>
  <attribute name="Output I" value="1968"/>
  <attribute name="Output T" value="8"/>
  <attribute name= "Current Time Running" value="4161" />
  <attribute name="GC Util currently" value="48" />
  <attribute name="CPU Util currently" value="3673731044355" />
<exclusive-end id="366" timestamp="2019-09-21T21:27:07.147" durationms="7.749" />

<exclusive-start id="367" timestamp="2019-09-21T21:27:07.347" intervalms="207.426">
  <response-info timems="0.055" idlems="0.055" threads="0" lastid="000000000234AF00" lastname="Thread-6" />
</exclusive-start>
<allocation-taxation id="368" taxation-threshold="16777216" timestamp="2019-09-21T21:27:07.347" intervalms="207.368" />
<cycle-start id="369" type="partial gc" contextid="0" timestamp="2019-09-21T21:27:07.347" intervalms="207.368" />
<gc-start id="370" type="partial gc" contextid="369" timestamp="2019-09-21T21:27:07.347">
  <mem-info id="371" free="0" total="47185920" percent="0">
    <mem type="eden" free="101464" total="17825792" percent="0" />
    <remembered-set count="7840" freebytes="1852160" totalbytes="1883520" percent="98" regionsoverflowed="0" regionsstable="1" regionsrebuilding="0"/>
  </mem-info>
</gc-start>
<allocation-stats totalBytes="16738928" >
  <allocated-bytes non-tlh="49168" tlh="16689760" arrayletleaf="0"/>
  <largest-consumer threadName="Thread-3" threadId="000000000233FC00" bytes="2530768" />
</allocation-stats>
<gc-op id="372" type="mark" timems="2.149" contextid="369" timestamp="2019-09-21T21:27:07.350">
  <trace-info objectcount="6276" scancount="5196" scanbytes="1235368" />
  <cardclean-info objects="2343" bytes="242784" />
  <remembered-set-cleared processed="3025" cleared="1185" durationms="0.086" />
  <references type="phantom" candidates="16" cleared="0" enqueued="0" />
  <stringconstants candidates="3963" cleared="0"  />
  <warning details="Mark invoked due to insufficient free space for Copy-Forward" />
</gc-op>
<gc-op id="373" type="classunload" timems="0.003" contextid="369" timestamp="2019-09-21T21:27:07.350">
  <classunload-info classloadercandidates="20" classloadersunloaded="0" classesunloaded="0" anonymousclassesunloaded="0" quiescems="0.000" setupms="0.003" scanms="0.000" postms="0.000" />
</gc-op>
<gc-op id="374" type="sweep" timems="0.654" contextid="369" timestamp="2019-09-21T21:27:07.351" />
<gc-op id="375" type="compact" timems="2.428" contextid="369" timestamp="2019-09-21T21:27:07.354">
  <compact-info movecount="4631" movebytes="1883480" />
  <remembered-set-cleared processed="6249" cleared="2384" durationms="0.091" />
</gc-op>
<heap-resize id="376" type="expand" space="default" amount="1048576" count="1" timems="0.051" reason="insufficient free space following gc" timestamp="2019-09-21T21:27:07.354" />
<gc-end id="377" type="partial gc" contextid="369" durationms="6.939" usertimems="4.000" systemtimems="4.000" timestamp="2019-09-21T21:27:07.354" activeThreads="8">
  <mem-info id="378" free="16777216" total="48234496" percent="34">
    <mem type="eden" free="213168" total="2097152" percent="10" />
    <remembered-set count="7264" freebytes="1896320" totalbytes="1925376" percent="98" regionsoverflowed="0" regionsstable="1" regionsrebuilding="0"/>
  </mem-info>
</gc-end>
<cycle-end id="379" type="partial gc" contextid="369" timestamp="2019-09-21T21:27:07.354" />
  <attribute name="elasticGC enabled" value="1" />
  <attribute name= "numThreadsSpecified" value="8" />
  <attribute name="heapSize specified" value="0" />
  <attribute name="Current GC Util" value="44" />
  <attribute name= "Current Time Running" value="4369" />
  <attribute name ="GC Interval" value="0" />
  <attribute name="Target GC Util Change" value ="40.000000" />
  <attribute name="Current GC Util Change" value="44.000000"/>
  <attribute name="Current Error" value="-71.000000" />
  <attribute name="Output H" value="47223720"/>
  <attribute name="Output I" value="1960"/>
  <attribute name="Output T" value="8"/>
  <attribute name= "Current Time Running" value="4369" />
  <attribute name="GC Util currently" value="44" />
  <attribute name="CPU Util currently" value="2473424967828" />
<exclusive-end id="380" timestamp="2019-09-21T21:27:07.354" durationms="7.823" />

<exclusive-start id="381" timestamp="2019-09-21T21:27:07.546" intervalms="199.177">
  <response-info timems="0.038" idlems="0.038" threads="0" lastid="0000000002352700" lastname="Thread-8" />
</exclusive-start>
<allocation-taxation id="382" taxation-threshold="16777216" timestamp="2019-09-21T21:27:07.546" intervalms="199.289" />
<cycle-start id="383" type="partial gc" contextid="0" timestamp="2019-09-21T21:27:07.546" intervalms="199.287" />
<gc-start id="384" type="partial gc" contextid="383" timestamp="2019-09-21T21:27:07.546">
  <mem-info id="385" free="0" total="48234496" percent="0">
    <mem type="eden" free="0" total="16777216" percent="0" />
    <remembered-set count="7232" freebytes="1896448" totalbytes="1925376" percent="98" regionsoverflowed="0" regionsstable="1" regionsrebuilding="0"/>
  </mem-info>
</gc-start>
<allocation-stats totalBytes="16684224" >
  <allocated-bytes non-tlh="32776" tlh="16651448" arrayletleaf="0"/>
  <largest-consumer threadName="Thread-4" threadId="0000000002343800" bytes="2574480" />
</allocation-stats>
<gc-op id="386" type="mark" timems="1.966" contextid="383" timestamp="2019-09-21T21:27:07.549">
  <trace-info objectcount="3982" scancount="3200" scanbytes="697992" />
  <cardclean-info objects="1810" bytes="116960" />
  <remembered-set-cleared processed="3197" cleared="847" durationms="0.097" />
  <references type="weak" candidates="1" cleared="0" enqueued="0" />
  <references type="phantom" candidates="1" cleared="0" enqueued="0" />
  <stringconstants candidates="3963" cleared="0"  />
  <warning details="Mark invoked due to insufficient free space for Copy-Forward" />
</gc-op>
<gc-op id="387" type="classunload" timems="0.002" contextid="383" timestamp="2019-09-21T21:27:07.549">
  <classunload-info classloadercandidates="20" classloadersunloaded="0" classesunloaded="0" anonymousclassesunloaded="0" quiescems="0.000" setupms="0.002" scanms="0.000" postms="0.000" />
</gc-op>
<gc-op id="388" type="sweep" timems="0.486" contextid="383" timestamp="2019-09-21T21:27:07.549" />
<gc-op id="389" type="compact" timems="2.195" contextid="383" timestamp="2019-09-21T21:27:07.552">
  <compact-info movecount="3980" movebytes="1589632" />
  <remembered-set-cleared processed="6529" cleared="1591" durationms="0.140" />
</gc-op>
<heap-resize id="390" type="expand" space="default" amount="2097152" count="1" timems="0.065" reason="insufficient free space following gc" timestamp="2019-09-21T21:27:07.552" />
<gc-end id="391" type="partial gc" contextid="383" durationms="6.033" usertimems="8.000" systemtimems="0.000" timestamp="2019-09-21T21:27:07.552" activeThreads="8">
  <mem-info id="392" free="17825792" total="50331648" percent="35">
    <mem type="eden" free="475264" total="2097152" percent="22" />
    <remembered-set count="6944" freebytes="1981312" totalbytes="2009088" percent="98" regionsoverflowed="0" regionsstable="1" regionsrebuilding="0"/>
  </mem-info>
</gc-end>
<cycle-end id="393" type="partial gc" contextid="383" timestamp="2019-09-21T21:27:07.553" />
  <attribute name="elasticGC enabled" value="1" />
  <attribute name= "numThreadsSpecified" value="8" />
  <attribute name="heapSize specified" value="0" />
  <attribute name="Current GC Util" value="49" />
  <attribute name= "Current Time Running" value="4567" />
  <attribute name ="GC Interval" value="0" />
  <attribute name="Target GC Util Change" value ="40.000000" />
  <attribute name="Current GC Util Change" value="49.000000"/>
  <attribute name="Current Error" value="-152.000000" />
  <attribute name="Output H" value="48272256"/>
  <attribute name="Output I" value="1920"/>
  <attribute name="Output T" value="8"/>
  <attribute name= "Current Time Running" value="4567" />
  <attribute name="GC Util currently" value="49" />
  <attribute name="CPU Util currently" value="3456253540588" />
<exclusive-end id="394" timestamp="2019-09-21T21:27:07.553" durationms="7.044" />

<exclusive-start id="395" timestamp="2019-09-21T21:27:07.786" intervalms="240.305">
  <response-info timems="0.040" idlems="0.040" threads="0" lastid="0000000002356300" lastname="Thread-9" />
</exclusive-start>
<allocation-taxation id="396" taxation-threshold="17825792" timestamp="2019-09-21T21:27:07.786" intervalms="240.298" />
<cycle-start id="397" type="partial gc" contextid="0" timestamp="2019-09-21T21:27:07.786" intervalms="240.304" />
<gc-start id="398" type="partial gc" contextid="397" timestamp="2019-09-21T21:27:07.787">
  <mem-info id="399" free="0" total="50331648" percent="0">
    <mem type="eden" free="0" total="17825792" percent="0" />
    <remembered-set count="6656" freebytes="1982464" totalbytes="2009088" percent="98" regionsoverflowed="0" regionsstable="1" regionsrebuilding="0"/>
  </mem-info>
</gc-start>
<allocation-stats totalBytes="17787392" >
  <allocated-bytes non-tlh="0" tlh="17787392" arrayletleaf="0"/>
  <largest-consumer threadName="Thread-3" threadId="000000000233FC00" bytes="2985080" />
</allocation-stats>
<gc-op id="400" type="mark" timems="1.852" contextid="397" timestamp="2019-09-21T21:27:07.789">
  <trace-info objectcount="5064" scancount="4084" scanbytes="869132" />
  <cardclean-info objects="1820" bytes="116112" />
  <remembered-set-cleared processed="3140" cleared="766" durationms="0.086" />
  <references type="weak" candidates="1" cleared="0" enqueued="0" />
  <references type="phantom" candidates="1" cleared="0" enqueued="0" />
  <stringconstants candidates="3963" cleared="0"  />
  <warning details="Mark invoked due to insufficient free space for Copy-Forward" />
</gc-op>
<gc-op id="401" type="classunload" timems="0.002" contextid="397" timestamp="2019-09-21T21:27:07.789">
  <classunload-info classloadercandidates="20" classloadersunloaded="0" classesunloaded="0" anonymousclassesunloaded="0" quiescems="0.000" setupms="0.002" scanms="0.000" postms="0.000" />
</gc-op>
<gc-op id="402" type="sweep" timems="0.590" contextid="397" timestamp="2019-09-21T21:27:07.790" />
<gc-op id="403" type="compact" timems="2.387" contextid="397" timestamp="2019-09-21T21:27:07.792">
  <compact-info movecount="5064" movebytes="2045800" />
  <remembered-set-cleared processed="6674" cleared="1694" durationms="0.092" />
</gc-op>
<heap-resize id="404" type="expand" space="default" amount="1048576" count="1" timems="0.084" reason="insufficient free space following gc" timestamp="2019-09-21T21:27:07.793" />
<gc-end id="405" type="partial gc" contextid="397" durationms="6.536" usertimems="8.000" systemtimems="4.000" timestamp="2019-09-21T21:27:07.793" activeThreads="8">
  <mem-info id="406" free="17825792" total="51380224" percent="34">
    <mem type="eden" free="21280" total="2097152" percent="1" />
    <remembered-set count="7616" freebytes="2020480" totalbytes="2050944" percent="98" regionsoverflowed="0" regionsstable="1" regionsrebuilding="0"/>
  </mem-info>
</gc-end>
<cycle-end id="407" type="partial gc" contextid="397" timestamp="2019-09-21T21:27:07.794" />
  <attribute name="elasticGC enabled" value="1" />
  <attribute name= "numThreadsSpecified" value="8" />
  <attribute name="heapSize specified" value="0" />
  <attribute name="Current GC Util" value="38" />
  <attribute name= "Current Time Running" value="4808" />
  <attribute name ="GC Interval" value="0" />
  <attribute name="Target GC Util Change" value ="40.000000" />
  <attribute name="Current GC Util Change" value="38.000000"/>
  <attribute name="Current Error" value="-64.000000" />
  <attribute name="Output H" value="50369456"/>
  <attribute name="Output I" value="1968"/>
  <attribute name="Output T" value="8"/>
  <attribute name= "Current Time Running" value="4808" />
  <attribute name="GC Util currently" value="38" />
  <attribute name="CPU Util currently" value="2580856492753" />
<exclusive-end id="408" timestamp="2019-09-21T21:27:07.794" durationms="7.739" />

<exclusive-start id="409" timestamp="2019-09-21T21:27:08.026" intervalms="239.443">
  <response-info timems="0.060" idlems="0.060" threads="0" lastid="0000000002347300" lastname="Thread-5" />
</exclusive-start>
<allocation-taxation id="410" taxation-threshold="17825792" timestamp="2019-09-21T21:27:08.026" intervalms="239.289" />
<cycle-start id="411" type="partial gc" contextid="0" timestamp="2019-09-21T21:27:08.026" intervalms="239.285" />
<gc-start id="412" type="partial gc" contextid="411" timestamp="2019-09-21T21:27:08.026">
  <mem-info id="413" free="0" total="51380224" percent="0">
    <mem type="eden" free="0" total="17825792" percent="0" />
    <remembered-set count="7360" freebytes="2021504" totalbytes="2050944" percent="98" regionsoverflowed="0" regionsstable="1" regionsrebuilding="0"/>
  </mem-info>
</gc-start>
<allocation-stats totalBytes="17713632" >
  <allocated-bytes non-tlh="32776" tlh="17680856" arrayletleaf="0"/>
  <largest-consumer threadName="Thread-3" threadId="000000000233FC00" bytes="3395328" />
</allocation-stats>
<gc-op id="414" type="mark" timems="1.987" contextid="411" timestamp="2019-09-21T21:27:08.028">
  <trace-info objectcount="4365" scancount="3539" scanbytes="812620" />
  <cardclean-info objects="1809" bytes="116848" />
  <remembered-set-cleared processed="3295" cleared="899" durationms="0.096" />
  <references type="phantom" candidates="2" cleared="0" enqueued="0" />
  <stringconstants candidates="3963" cleared="0"  />
  <warning details="Mark invoked due to insufficient free space for Copy-Forward" />
</gc-op>
<gc-op id="415" type="classunload" timems="0.003" contextid="411" timestamp="2019-09-21T21:27:08.028">
  <classunload-info classloadercandidates="20" classloadersunloaded="0" classesunloaded="0" anonymousclassesunloaded="0" quiescems="0.000" setupms="0.003" scanms="0.000" postms="0.000" />
</gc-op>
<gc-op id="416" type="sweep" timems="0.410" contextid="411" timestamp="2019-09-21T21:27:08.029" />
<gc-op id="417" type="compact" timems="2.125" contextid="411" timestamp="2019-09-21T21:27:08.031">
  <compact-info movecount="4365" movebytes="1833104" />
  <remembered-set-cleared processed="6705" cleared="1672" durationms="0.096" />
</gc-op>
<heap-resize id="418" type="expand" space="default" amount="2097152" count="1" timems="0.056" reason="insufficient free space following gc" timestamp="2019-09-21T21:27:08.032" />
<gc-end id="419" type="partial gc" contextid="411" durationms="5.961" usertimems="8.000" systemtimems="0.000" timestamp="2019-09-21T21:27:08.032" activeThreads="8">
  <mem-info id="420" free="18874368" total="53477376" percent="35">
    <mem type="eden" free="252384" total="2097152" percent="12" />
    <remembered-set count="7072" freebytes="2106368" totalbytes="2134656" percent="98" regionsoverflowed="0" regionsstable="1" regionsrebuilding="0"/>
  </mem-info>
</gc-end>
<cycle-end id="421" type="partial gc" contextid="411" timestamp="2019-09-21T21:27:08.032" />
  <attribute name="elasticGC enabled" value="1" />
  <attribute name= "numThreadsSpecified" value="8" />
  <attribute name="heapSize specified" value="0" />
  <attribute name="Current GC Util" value="47" />
  <attribute name= "Current Time Running" value="5047" />
  <attribute name ="GC Interval" value="0" />
  <attribute name="Target GC Util Change" value ="40.000000" />
  <attribute name="Current GC Util Change" value="47.000000"/>
  <attribute name="Current Error" value="-68.000000" />
  <attribute name="Output H" value="51418032"/>
  <attribute name="Output I" value="1968"/>
  <attribute name="Output T" value="8"/>
  <attribute name= "Current Time Running" value="5047" />
  <attribute name="GC Util currently" value="47" />
  <attribute name="CPU Util currently" value="3669533329021" />
<exclusive-end id="422" timestamp="2019-09-21T21:27:08.032" durationms="6.758" />

<exclusive-start id="423" timestamp="2019-09-21T21:27:08.291" intervalms="265.517">
  <response-info timems="0.049" idlems="0.049" threads="0" lastid="000000000234EB00" lastname="Thread-7" />
</exclusive-start>
<allocation-taxation id="424" taxation-threshold="18874368" timestamp="2019-09-21T21:27:08.291" intervalms="265.515" />
<cycle-start id="425" type="partial gc" contextid="0" timestamp="2019-09-21T21:27:08.291" intervalms="265.515" />
<gc-start id="426" type="partial gc" contextid="425" timestamp="2019-09-21T21:27:08.291">
  <mem-info id="427" free="0" total="53477376" percent="0">
    <mem type="eden" free="0" total="18874368" percent="0" />
    <remembered-set count="6848" freebytes="2107264" totalbytes="2134656" percent="98" regionsoverflowed="0" regionsstable="1" regionsrebuilding="0"/>
  </mem-info>
</gc-start>
<allocation-stats totalBytes="18747552" >
  <allocated-bytes non-tlh="32776" tlh="18714776" arrayletleaf="0"/>
  <largest-consumer threadName="Thread-6" threadId="000000000234AF00" bytes="2693872" />
</allocation-stats>
<gc-op id="428" type="mark" timems="2.110" contextid="425" timestamp="2019-09-21T21:27:08.294">
  <trace-info objectcount="4389" scancount="3563" scanbytes="780032" />
  <cardclean-info objects="1808" bytes="117036" />
  <remembered-set-cleared processed="3227" cleared="814" durationms="0.095" />
  <references type="weak" candidates="1" cleared="0" enqueued="0" />
  <references type="phantom" candidates="3" cleared="0" enqueued="0" />
  <stringconstants candidates="3963" cleared="0"  />
  <warning details="Mark invoked due to insufficient free space for Copy-Forward" />
</gc-op>
<gc-op id="429" type="classunload" timems="0.003" contextid="425" timestamp="2019-09-21T21:27:08.294">
  <classunload-info classloadercandidates="20" classloadersunloaded="0" classesunloaded="0" anonymousclassesunloaded="0" quiescems="0.000" setupms="0.003" scanms="0.000" postms="0.000" />
</gc-op>
<gc-op id="430" type="sweep" timems="0.574" contextid="425" timestamp="2019-09-21T21:27:08.295" />
<gc-op id="431" type="compact" timems="2.305" contextid="425" timestamp="2019-09-21T21:27:08.298">
  <compact-info movecount="4389" movebytes="1746456" />
  <remembered-set-cleared processed="6688" cleared="1623" durationms="0.098" />
</gc-op>
<heap-resize id="432" type="expand" space="default" amount="1048576" count="1" timems="0.079" reason="insufficient free space following gc" timestamp="2019-09-21T21:27:08.298" />
<gc-end id="433" type="partial gc" contextid="425" durationms="6.783" usertimems="4.000" systemtimems="4.000" timestamp="2019-09-21T21:27:08.298" activeThreads="8">
  <mem-info id="434" free="18874368" total="54525952" percent="34">
    <mem type="eden" free="349248" total="2097152" percent="16" />
    <remembered-set count="6880" freebytes="2148992" totalbytes="2176512" percent="98" regionsoverflowed="0" regionsstable="1" regionsrebuilding="0"/>
  </mem-info>
</gc-end>
<cycle-end id="435" type="partial gc" contextid="425" timestamp="2019-09-21T21:27:08.298" />
  <attribute name="elasticGC enabled" value="1" />
  <attribute name= "numThreadsSpecified" value="8" />
  <attribute name="heapSize specified" value="0" />
  <attribute name="Current GC Util" value="39" />
  <attribute name= "Current Time Running" value="5313" />
  <attribute name ="GC Interval" value="0" />
  <attribute name="Target GC Util Change" value ="40.000000" />
  <attribute name="Current GC Util Change" value="39.000000"/>
  <attribute name="Current Error" value="-117.000000" />
  <attribute name="Output H" value="53515152"/>
  <attribute name="Output I" value="1936"/>
  <attribute name="Output T" value="8"/>
  <attribute name= "Current Time Running" value="5313" />
  <attribute name="GC Util currently" value="39" />
  <attribute name="CPU Util currently" value="2584382592576" />
<exclusive-end id="436" timestamp="2019-09-21T21:27:08.299" durationms="7.609" />

<exclusive-start id="437" timestamp="2019-09-21T21:27:08.530" intervalms="239.428">
  <response-info timems="0.048" idlems="0.048" threads="0" lastid="000000000234EB00" lastname="Thread-7" />
</exclusive-start>
<allocation-taxation id="438" taxation-threshold="18874368" timestamp="2019-09-21T21:27:08.531" intervalms="239.540" />
<cycle-start id="439" type="partial gc" contextid="0" timestamp="2019-09-21T21:27:08.531" intervalms="239.541" />
<gc-start id="440" type="partial gc" contextid="439" timestamp="2019-09-21T21:27:08.531">
  <mem-info id="441" free="0" total="54525952" percent="0">
    <mem type="eden" free="0" total="18874368" percent="0" />
    <remembered-set count="6624" freebytes="2150016" totalbytes="2176512" percent="98" regionsoverflowed="0" regionsstable="1" regionsrebuilding="0"/>
  </mem-info>
</gc-start>
<allocation-stats totalBytes="18768792" >
  <allocated-bytes non-tlh="57368" tlh="18711424" arrayletleaf="0"/>
  <largest-consumer threadName="Thread-5" threadId="0000000002347300" bytes="3026824" />
</allocation-stats>
<gc-op id="442" type="mark" timems="2.191" contextid="439" timestamp="2019-09-21T21:27:08.534">
  <trace-info objectcount="4644" scancount="3721" scanbytes="821112" />
  <cardclean-info objects="1813" bytes="118124" />
  <remembered-set-cleared processed="3253" cleared="820" durationms="0.094" />
  <stringconstants candidates="3963" cleared="0"  />
  <warning details="Mark invoked due to insufficient free space for Copy-Forward" />
</gc-op>
<gc-op id="443" type="classunload" timems="0.002" contextid="439" timestamp="2019-09-21T21:27:08.534">
  <classunload-info classloadercandidates="20" classloadersunloaded="0" classesunloaded="0" anonymousclassesunloaded="0" quiescems="0.000" setupms="0.002" scanms="0.000" postms="0.000" />
</gc-op>
<gc-op id="444" type="sweep" timems="0.600" contextid="439" timestamp="2019-09-21T21:27:08.535" />
<gc-op id="445" type="compact" timems="2.564" contextid="439" timestamp="2019-09-21T21:27:08.538">
  <compact-info movecount="4644" movebytes="1916368" />
  <remembered-set-cleared processed="6794" cleared="1707" durationms="0.094" />
</gc-op>
<heap-resize id="446" type="expand" space="default" amount="1048576" count="1" timems="0.067" reason="insufficient free space following gc" timestamp="2019-09-21T21:27:08.538" />
<gc-end id="447" type="partial gc" contextid="439" durationms="7.172" usertimems="4.000" systemtimems="8.000" timestamp="2019-09-21T21:27:08.538" activeThreads="8">
  <mem-info id="448" free="18874368" total="55574528" percent="33">
    <mem type="eden" free="180136" total="2097152" percent="8" />
    <remembered-set count="7552" freebytes="2188160" totalbytes="2218368" percent="98" regionsoverflowed="0" regionsstable="1" regionsrebuilding="0"/>
  </mem-info>
</gc-end>
<cycle-end id="449" type="partial gc" contextid="439" timestamp="2019-09-21T21:27:08.538" />
  <attribute name="elasticGC enabled" value="1" />
  <attribute name= "numThreadsSpecified" value="8" />
  <attribute name="heapSize specified" value="0" />
  <attribute name="Current GC Util" value="42" />
  <attribute name= "Current Time Running" value="5553" />
  <attribute name ="GC Interval" value="0" />
  <attribute name="Target GC Util Change" value ="40.000000" />
  <attribute name="Current GC Util Change" value="42.000000"/>
  <attribute name="Current Error" value="-54.000000" />
  <attribute name="Output H" value="54563768"/>
  <attribute name="Output I" value="1976"/>
  <attribute name="Output T" value="8"/>
  <attribute name= "Current Time Running" value="5553" />
  <attribute name="GC Util currently" value="42" />
  <attribute name="CPU Util currently" value="2644130405320" />
<exclusive-end id="450" timestamp="2019-09-21T21:27:08.539" durationms="8.178" />

<exclusive-start id="451" timestamp="2019-09-21T21:27:08.788" intervalms="257.648">
  <response-info timems="0.058" idlems="0.058" threads="0" lastid="000000000234EB00" lastname="Thread-7" />
</exclusive-start>
<allocation-taxation id="452" taxation-threshold="18874368" timestamp="2019-09-21T21:27:08.788" intervalms="257.570" />
<cycle-start id="453" type="partial gc" contextid="0" timestamp="2019-09-21T21:27:08.788" intervalms="257.567" />
<gc-start id="454" type="partial gc" contextid="453" timestamp="2019-09-21T21:27:08.789">
  <mem-info id="455" free="0" total="55574528" percent="0">
    <mem type="eden" free="0" total="18874368" percent="0" />
    <remembered-set count="7264" freebytes="2189312" totalbytes="2218368" percent="98" regionsoverflowed="0" regionsstable="1" regionsrebuilding="0"/>
  </mem-info>
</gc-start>
<allocation-stats totalBytes="18840632" >
  <allocated-bytes non-tlh="65560" tlh="18775072" arrayletleaf="0"/>
  <largest-consumer threadName="Thread-4" threadId="0000000002343800" bytes="3486608" />
</allocation-stats>
<gc-op id="456" type="mark" timems="2.053" contextid="453" timestamp="2019-09-21T21:27:08.791">
  <trace-info objectcount="4928" scancount="4008" scanbytes="866252" />
  <cardclean-info objects="1797" bytes="116776" />
  <remembered-set-cleared processed="3323" cleared="848" durationms="0.089" />
  <references type="weak" candidates="1" cleared="0" enqueued="0" />
  <references type="phantom" candidates="2" cleared="0" enqueued="0" />
  <stringconstants candidates="3963" cleared="0"  />
  <warning details="Mark invoked due to insufficient free space for Copy-Forward" />
</gc-op>
<gc-op id="457" type="classunload" timems="0.002" contextid="453" timestamp="2019-09-21T21:27:08.791">
  <classunload-info classloadercandidates="20" classloadersunloaded="0" classesunloaded="0" anonymousclassesunloaded="0" quiescems="0.000" setupms="0.002" scanms="0.000" postms="0.000" />
</gc-op>
<gc-op id="458" type="sweep" timems="0.422" contextid="453" timestamp="2019-09-21T21:27:08.792" />
<gc-op id="459" type="compact" timems="2.192" contextid="453" timestamp="2019-09-21T21:27:08.794">
  <compact-info movecount="4928" movebytes="1974312" />
  <remembered-set-cleared processed="6936" cleared="1760" durationms="0.095" />
</gc-op>
<heap-resize id="460" type="expand" space="default" amount="2097152" count="1" timems="0.060" reason="insufficient free space following gc" timestamp="2019-09-21T21:27:08.794" />
<gc-end id="461" type="partial gc" contextid="453" durationms="5.965" usertimems="8.000" systemtimems="0.000" timestamp="2019-09-21T21:27:08.794" activeThreads="8">
  <mem-info id="462" free="19922944" total="57671680" percent="34">
    <mem type="eden" free="107744" total="2097152" percent="5" />
    <remembered-set count="8032" freebytes="2269952" totalbytes="2302080" percent="98" regionsoverflowed="0" regionsstable="1" regionsrebuilding="0"/>
  </mem-info>
</gc-end>
<cycle-end id="463" type="partial gc" contextid="453" timestamp="2019-09-21T21:27:08.795" />
  <attribute name="elasticGC enabled" value="1" />
  <attribute name= "numThreadsSpecified" value="8" />
  <attribute name="heapSize specified" value="0" />
  <attribute name="Current GC Util" value="47" />
  <attribute name= "Current Time Running" value="5810" />
  <attribute name ="GC Interval" value="0" />
  <attribute name="Target GC Util Change" value ="40.000000" />
  <attribute name="Current GC Util Change" value="47.000000"/>
  <attribute name="Current Error" value="-74.000000" />
  <attribute name="Output H" value="55612328"/>
  <attribute name="Output I" value="1960"/>
  <attribute name="Output T" value="8"/>
  <attribute name= "Current Time Running" value="5810" />
  <attribute name="GC Util currently" value="47" />
  <attribute name="CPU Util currently" value="3724869160763" />
<exclusive-end id="464" timestamp="2019-09-21T21:27:08.795" durationms="6.642" />

<exclusive-start id="465" timestamp="2019-09-21T21:27:09.037" intervalms="249.221">
  <response-info timems="0.051" idlems="0.051" threads="0" lastid="000000000234EB00" lastname="Thread-7" />
</exclusive-start>
<allocation-taxation id="466" taxation-threshold="19922944" timestamp="2019-09-21T21:27:09.038" intervalms="249.451" />
<cycle-start id="467" type="partial gc" contextid="0" timestamp="2019-09-21T21:27:09.038" intervalms="249.505" />
<gc-start id="468" type="partial gc" contextid="467" timestamp="2019-09-21T21:27:09.038">
  <mem-info id="469" free="0" total="57671680" percent="0">
    <mem type="eden" free="0" total="19922944" percent="0" />
    <remembered-set count="7840" freebytes="2270720" totalbytes="2302080" percent="98" regionsoverflowed="0" regionsstable="1" regionsrebuilding="0"/>
  </mem-info>
</gc-start>
<allocation-stats totalBytes="19874704" >
  <allocated-bytes non-tlh="57384" tlh="19817320" arrayletleaf="0"/>
  <largest-consumer threadName="Thread-8" threadId="0000000002352700" bytes="3213616" />
</allocation-stats>
<gc-op id="470" type="mark" timems="1.955" contextid="467" timestamp="2019-09-21T21:27:09.041">
  <trace-info objectcount="4941" scancount="4032" scanbytes="867332" />
  <cardclean-info objects="1802" bytes="116688" />
  <remembered-set-cleared processed="3372" cleared="868" durationms="0.106" />
  <references type="phantom" candidates="1" cleared="0" enqueued="0" />
  <stringconstants candidates="3963" cleared="0"  />
  <warning details="Mark invoked due to insufficient free space for Copy-Forward" />
</gc-op>
<gc-op id="471" type="classunload" timems="0.002" contextid="467" timestamp="2019-09-21T21:27:09.041">
  <classunload-info classloadercandidates="20" classloadersunloaded="0" classesunloaded="0" anonymousclassesunloaded="0" quiescems="0.000" setupms="0.002" scanms="0.000" postms="0.000" />
</gc-op>
<gc-op id="472" type="sweep" timems="0.445" contextid="467" timestamp="2019-09-21T21:27:09.041" />
<gc-op id="473" type="compact" timems="2.434" contextid="467" timestamp="2019-09-21T21:27:09.044">
  <compact-info movecount="4936" movebytes="1963264" />
  <remembered-set-cleared processed="7025" cleared="1813" durationms="0.148" />
</gc-op>
<gc-end id="474" type="partial gc" contextid="467" durationms="6.185" usertimems="8.000" systemtimems="4.000" timestamp="2019-09-21T21:27:09.044" activeThreads="8">
  <mem-info id="475" free="18874368" total="57671680" percent="32">
    <mem type="eden" free="126000" total="2097152" percent="6" />
    <remembered-set count="7808" freebytes="2270848" totalbytes="2302080" percent="98" regionsoverflowed="0" regionsstable="1" regionsrebuilding="0"/>
  </mem-info>
</gc-end>
<cycle-end id="476" type="partial gc" contextid="467" timestamp="2019-09-21T21:27:09.045" />
  <attribute name="elasticGC enabled" value="1" />
  <attribute name= "numThreadsSpecified" value="8" />
  <attribute name="heapSize specified" value="0" />
  <attribute name="Current GC Util" value="41" />
  <attribute name= "Current Time Running" value="6059" />
  <attribute name ="GC Interval" value="0" />
  <attribute name="Target GC Util Change" value ="40.000000" />
  <attribute name="Current GC Util Change" value="41.000000"/>
  <attribute name="Current Error" value="-141.000000" />
  <attribute name="Output H" value="57709440"/>
  <attribute name="Output I" value="1920"/>
  <attribute name="Output T" value="8"/>
  <attribute name= "Current Time Running" value="6059" />
  <attribute name="GC Util currently" value="41" />
  <attribute name="CPU Util currently" value="3238839227131" />
<exclusive-end id="477" timestamp="2019-09-21T21:27:09.045" durationms="7.363" />

<exclusive-start id="478" timestamp="2019-09-21T21:27:09.277" intervalms="239.965">
  <response-info timems="0.046" idlems="0.046" threads="0" lastid="000000000234EB00" lastname="Thread-7" />
</exclusive-start>
<allocation-taxation id="479" taxation-threshold="18874368" timestamp="2019-09-21T21:27:09.277" intervalms="239.787" />
<cycle-start id="480" type="partial gc" contextid="0" timestamp="2019-09-21T21:27:09.278" intervalms="239.738" />
<gc-start id="481" type="partial gc" contextid="480" timestamp="2019-09-21T21:27:09.278">
  <mem-info id="482" free="0" total="57671680" percent="0">
    <mem type="eden" free="0" total="18874368" percent="0" />
    <remembered-set count="7584" freebytes="2271744" totalbytes="2302080" percent="98" regionsoverflowed="0" regionsstable="1" regionsrebuilding="0"/>
  </mem-info>
</gc-start>
<allocation-stats totalBytes="18789656" >
  <allocated-bytes non-tlh="49168" tlh="18740488" arrayletleaf="0"/>
  <largest-consumer threadName="Thread-9" threadId="0000000002356300" bytes="3275336" />
</allocation-stats>
<gc-op id="483" type="mark" timems="2.239" contextid="480" timestamp="2019-09-21T21:27:09.281">
  <trace-info objectcount="5099" scancount="4104" scanbytes="868976" />
  <cardclean-info objects="1826" bytes="117464" />
  <remembered-set-cleared processed="3403" cleared="875" durationms="0.106" />
  <references type="phantom" candidates="1" cleared="0" enqueued="0" />
  <stringconstants candidates="3963" cleared="0"  />
  <warning details="Mark invoked due to insufficient free space for Copy-Forward" />
</gc-op>
<gc-op id="484" type="classunload" timems="0.003" contextid="480" timestamp="2019-09-21T21:27:09.281">
  <classunload-info classloadercandidates="20" classloadersunloaded="0" classesunloaded="0" anonymousclassesunloaded="0" quiescems="0.000" setupms="0.003" scanms="0.000" postms="0.000" />
</gc-op>
<gc-op id="485" type="sweep" timems="0.468" contextid="480" timestamp="2019-09-21T21:27:09.281" />
<gc-op id="486" type="compact" timems="2.361" contextid="480" timestamp="2019-09-21T21:27:09.284">
  <compact-info movecount="5099" movebytes="2036152" />
  <remembered-set-cleared processed="7100" cleared="1815" durationms="0.106" />
</gc-op>
<heap-resize id="487" type="expand" space="default" amount="3145728" count="1" timems="0.073" reason="insufficient free space following gc" timestamp="2019-09-21T21:27:09.284" />
<gc-end id="488" type="partial gc" contextid="480" durationms="6.488" usertimems="8.000" systemtimems="0.000" timestamp="2019-09-21T21:27:09.284" activeThreads="8">
  <mem-info id="489" free="20971520" total="60817408" percent="34">
    <mem type="eden" free="61184" total="2097152" percent="2" />
    <remembered-set count="7584" freebytes="2397312" totalbytes="2427648" percent="98" regionsoverflowed="0" regionsstable="1" regionsrebuilding="0"/>
  </mem-info>
</gc-end>
<cycle-end id="490" type="partial gc" contextid="480" timestamp="2019-09-21T21:27:09.284" />
  <attribute name="elasticGC enabled" value="1" />
  <attribute name= "numThreadsSpecified" value="8" />
  <attribute name="heapSize specified" value="0" />
  <attribute name="Current GC Util" value="43" />
  <attribute name= "Current Time Running" value="6299" />
  <attribute name ="GC Interval" value="0" />
  <attribute name="Target GC Util Change" value ="40.000000" />
  <attribute name="Current GC Util Change" value="43.000000"/>
  <attribute name="Current Error" value="-59.000000" />
  <attribute name="Output H" value="57709488"/>
  <attribute name="Output I" value="1968"/>
  <attribute name="Output T" value="8"/>
  <attribute name= "Current Time Running" value="6299" />
  <attribute name="GC Util currently" value="43" />
  <attribute name="CPU Util currently" value="3336014197177" />
<exclusive-end id="491" timestamp="2019-09-21T21:27:09.285" durationms="7.233" />

<exclusive-start id="492" timestamp="2019-09-21T21:27:09.548" intervalms="270.539">
  <response-info timems="0.065" idlems="0.065" threads="0" lastid="000000000234EB00" lastname="Thread-7" />
</exclusive-start>
<allocation-taxation id="493" taxation-threshold="20971520" timestamp="2019-09-21T21:27:09.548" intervalms="270.531" />
<cycle-start id="494" type="partial gc" contextid="0" timestamp="2019-09-21T21:27:09.548" intervalms="270.535" />
<gc-start id="495" type="partial gc" contextid="494" timestamp="2019-09-21T21:27:09.548">
  <mem-info id="496" free="0" total="60817408" percent="0">
    <mem type="eden" free="0" total="20971520" percent="0" />
    <remembered-set count="7456" freebytes="2397824" totalbytes="2427648" percent="98" regionsoverflowed="0" regionsstable="1" regionsrebuilding="0"/>
  </mem-info>
</gc-start>
<allocation-stats totalBytes="20898680" >
  <allocated-bytes non-tlh="40976" tlh="20857704" arrayletleaf="0"/>
  <largest-consumer threadName="Thread-4" threadId="0000000002343800" bytes="3474224" />
</allocation-stats>
<gc-op id="497" type="mark" timems="1.630" contextid="494" timestamp="2019-09-21T21:27:09.550">
  <trace-info objectcount="5392" scancount="4302" scanbytes="875196" />
  <cardclean-info objects="1803" bytes="115736" />
  <remembered-set-cleared processed="3452" cleared="897" durationms="0.095" />
  <stringconstants candidates="3963" cleared="0"  />
  <warning details="Mark invoked due to insufficient free space for Copy-Forward" />
</gc-op>
<gc-op id="498" type="classunload" timems="0.002" contextid="494" timestamp="2019-09-21T21:27:09.551">
  <classunload-info classloadercandidates="20" classloadersunloaded="0" classesunloaded="0" anonymousclassesunloaded="0" quiescems="0.000" setupms="0.002" scanms="0.000" postms="0.000" />
</gc-op>
<gc-op id="499" type="sweep" timems="0.379" contextid="494" timestamp="2019-09-21T21:27:09.551" />
<gc-op id="500" type="compact" timems="1.689" contextid="494" timestamp="2019-09-21T21:27:09.553">
  <compact-info movecount="5392" movebytes="2080144" />
  <remembered-set-cleared processed="7252" cleared="1916" durationms="0.095" />
</gc-op>
<gc-end id="501" type="partial gc" contextid="494" durationms="5.032" usertimems="8.000" systemtimems="0.000" timestamp="2019-09-21T21:27:09.553" activeThreads="8">
  <mem-info id="502" free="19922944" total="60817408" percent="32">
    <mem type="eden" free="16656" total="2097152" percent="0" />
    <remembered-set count="7520" freebytes="2397568" totalbytes="2427648" percent="98" regionsoverflowed="0" regionsstable="1" regionsrebuilding="0"/>
  </mem-info>
</gc-end>
<cycle-end id="503" type="partial gc" contextid="494" timestamp="2019-09-21T21:27:09.554" />
  <attribute name="elasticGC enabled" value="1" />
  <attribute name= "numThreadsSpecified" value="8" />
  <attribute name="heapSize specified" value="0" />
  <attribute name="Current GC Util" value="45" />
  <attribute name= "Current Time Running" value="6569" />
  <attribute name ="GC Interval" value="0" />
  <attribute name="Target GC Util Change" value ="40.000000" />
  <attribute name="Current GC Util Change" value="45.000000"/>
  <attribute name="Current Error" value="-87.000000" />
  <attribute name="Output H" value="60855200"/>
  <attribute name="Output I" value="1952"/>
  <attribute name="Output T" value="8"/>
  <attribute name= "Current Time Running" value="6569" />
  <attribute name="GC Util currently" value="45" />
  <attribute name="CPU Util currently" value="3651125901062" />
<exclusive-end id="504" timestamp="2019-09-21T21:27:09.554" durationms="6.033" />

<exclusive-start id="505" timestamp="2019-09-21T21:27:09.819" intervalms="271.311">
  <response-info timems="0.047" idlems="0.047" threads="0" lastid="0000000002343800" lastname="Thread-4" />
</exclusive-start>
<allocation-taxation id="506" taxation-threshold="19922944" timestamp="2019-09-21T21:27:09.819" intervalms="271.285" />
<cycle-start id="507" type="partial gc" contextid="0" timestamp="2019-09-21T21:27:09.819" intervalms="271.280" />
<gc-start id="508" type="partial gc" contextid="507" timestamp="2019-09-21T21:27:09.820">
  <mem-info id="509" free="0" total="60817408" percent="0">
    <mem type="eden" free="0" total="19922944" percent="0" />
    <remembered-set count="7360" freebytes="2398208" totalbytes="2427648" percent="98" regionsoverflowed="0" regionsstable="1" regionsrebuilding="0"/>
  </mem-info>
</gc-start>
<allocation-stats totalBytes="19873624" >
  <allocated-bytes non-tlh="49168" tlh="19824456" arrayletleaf="0"/>
  <largest-consumer threadName="Thread-10" threadId="0000000002359F00" bytes="3313696" />
</allocation-stats>
<gc-op id="510" type="mark" timems="1.469" contextid="507" timestamp="2019-09-21T21:27:09.822">
  <trace-info objectcount="5345" scancount="4273" scanbytes="876828" />
  <cardclean-info objects="1830" bytes="117600" />
  <remembered-set-cleared processed="3510" cleared="940" durationms="0.093" />
  <stringconstants candidates="3963" cleared="0"  />
  <warning details="Mark invoked due to insufficient free space for Copy-Forward" />
</gc-op>
<gc-op id="511" type="classunload" timems="0.002" contextid="507" timestamp="2019-09-21T21:27:09.822">
  <classunload-info classloadercandidates="20" classloadersunloaded="0" classesunloaded="0" anonymousclassesunloaded="0" quiescems="0.000" setupms="0.002" scanms="0.000" postms="0.000" />
</gc-op>
<gc-op id="512" type="sweep" timems="0.395" contextid="507" timestamp="2019-09-21T21:27:09.822" />
<gc-op id="513" type="compact" timems="1.714" contextid="507" timestamp="2019-09-21T21:27:09.824">
  <compact-info movecount="5345" movebytes="2079968" />
  <remembered-set-cleared processed="7320" cleared="1929" durationms="0.093" />
</gc-op>
<heap-resize id="514" type="expand" space="default" amount="3145728" count="1" timems="0.076" reason="insufficient free space following gc" timestamp="2019-09-21T21:27:09.824" />
<gc-end id="515" type="partial gc" contextid="507" durationms="4.927" usertimems="4.000" systemtimems="4.000" timestamp="2019-09-21T21:27:09.825" activeThreads="8">
  <mem-info id="516" free="22020096" total="63963136" percent="34">
    <mem type="eden" free="5480" total="2097152" percent="0" />
    <remembered-set count="8128" freebytes="2520704" totalbytes="2553216" percent="98" regionsoverflowed="0" regionsstable="1" regionsrebuilding="0"/>
  </mem-info>
</gc-end>
<cycle-end id="517" type="partial gc" contextid="507" timestamp="2019-09-21T21:27:09.825" />
  <attribute name="elasticGC enabled" value="1" />
  <attribute name= "numThreadsSpecified" value="8" />
  <attribute name="heapSize specified" value="0" />
  <attribute name="Current GC Util" value="49" />
  <attribute name= "Current Time Running" value="6840" />
  <attribute name ="GC Interval" value="0" />
  <attribute name="Target GC Util Change" value ="40.000000" />
  <attribute name="Current GC Util Change" value="49.000000"/>
  <attribute name="Current Error" value="-202.000000" />
  <attribute name="Output H" value="60855136"/>
  <attribute name="Output I" value="1888"/>
  <attribute name="Output T" value="8"/>
  <attribute name= "Current Time Running" value="6840" />
  <attribute name="GC Util currently" value="49" />
  <attribute name="CPU Util currently" value="3570604775510" />
<exclusive-end id="518" timestamp="2019-09-21T21:27:09.825" durationms="5.561" />

<exclusive-start id="519" timestamp="2019-09-21T21:27:10.072" intervalms="252.454">
  <response-info timems="0.040" idlems="0.040" threads="0" lastid="000000000233FC00" lastname="Thread-3" />
</exclusive-start>
<allocation-taxation id="520" taxation-threshold="22020096" timestamp="2019-09-21T21:27:10.072" intervalms="252.498" />
<cycle-start id="521" type="partial gc" contextid="0" timestamp="2019-09-21T21:27:10.072" intervalms="252.491" />
<gc-start id="522" type="partial gc" contextid="521" timestamp="2019-09-21T21:27:10.072">
  <mem-info id="523" free="0" total="63963136" percent="0">
    <mem type="eden" free="0" total="22020096" percent="0" />
    <remembered-set count="7968" freebytes="2521344" totalbytes="2553216" percent="98" regionsoverflowed="0" regionsstable="1" regionsrebuilding="0"/>
  </mem-info>
</gc-start>
<allocation-stats totalBytes="21964688" >
  <allocated-bytes non-tlh="32784" tlh="21931904" arrayletleaf="0"/>
  <largest-consumer threadName="Thread-6" threadId="000000000234AF00" bytes="3803544" />
</allocation-stats>
<gc-op id="524" type="mark" timems="1.668" contextid="521" timestamp="2019-09-21T21:27:10.074">
  <trace-info objectcount="4141" scancount="3307" scanbytes="736188" />
  <cardclean-info objects="1851" bytes="118432" />
  <remembered-set-cleared processed="3523" cleared="939" durationms="0.110" />
  <references type="weak" candidates="1" cleared="0" enqueued="0" />
  <references type="phantom" candidates="1" cleared="0" enqueued="0" />
  <stringconstants candidates="3963" cleared="0"  />
  <warning details="Mark invoked due to insufficient free space for Copy-Forward" />
</gc-op>
<gc-op id="525" type="classunload" timems="0.002" contextid="521" timestamp="2019-09-21T21:27:10.074">
  <classunload-info classloadercandidates="20" classloadersunloaded="0" classesunloaded="0" anonymousclassesunloaded="0" quiescems="0.000" setupms="0.002" scanms="0.000" postms="0.000" />
</gc-op>
<gc-op id="526" type="sweep" timems="0.414" contextid="521" timestamp="2019-09-21T21:27:10.075" />
<gc-op id="527" type="compact" timems="1.941" contextid="521" timestamp="2019-09-21T21:27:10.077">
  <compact-info movecount="4141" movebytes="1718824" />
  <remembered-set-cleared processed="7109" cleared="1701" durationms="0.110" />
</gc-op>
<heap-resize id="528" type="expand" space="default" amount="1048576" count="1" timems="0.052" reason="insufficient free space following gc" timestamp="2019-09-21T21:27:10.077" />
<gc-end id="529" type="partial gc" contextid="521" durationms="5.497" usertimems="8.000" systemtimems="0.000" timestamp="2019-09-21T21:27:10.078" activeThreads="8">
  <mem-info id="530" free="22020096" total="65011712" percent="33">
    <mem type="eden" free="377792" total="2097152" percent="18" />
    <remembered-set count="7936" freebytes="2563328" totalbytes="2595072" percent="98" regionsoverflowed="0" regionsstable="1" regionsrebuilding="0"/>
  </mem-info>
</gc-end>
<cycle-end id="531" type="partial gc" contextid="521" timestamp="2019-09-21T21:27:10.078" />
  <attribute name="elasticGC enabled" value="1" />
  <attribute name= "numThreadsSpecified" value="8" />
  <attribute name="heapSize specified" value="0" />
  <attribute name="Current GC Util" value="48" />
  <attribute name= "Current Time Running" value="7093" />
  <attribute name ="GC Interval" value="0" />
  <attribute name="Target GC Util Change" value ="40.000000" />
  <attribute name="Current GC Util Change" value="48.000000"/>
  <attribute name="Current Error" value="-104.000000" />
  <attribute name="Output H" value="64000920"/>
  <attribute name="Output I" value="1944"/>
  <attribute name="Output T" value="8"/>
  <attribute name= "Current Time Running" value="7093" />
  <attribute name="GC Util currently" value="48" />
  <attribute name="CPU Util currently" value="3494077400324" />
<exclusive-end id="532" timestamp="2019-09-21T21:27:10.078" durationms="6.423" />

<exclusive-start id="533" timestamp="2019-09-21T21:27:10.350" intervalms="278.222">
  <response-info timems="0.058" idlems="0.058" threads="0" lastid="0000000002359F00" lastname="Thread-10" />
</exclusive-start>
<allocation-taxation id="534" taxation-threshold="22020096" timestamp="2019-09-21T21:27:10.350" intervalms="278.203" />
<cycle-start id="535" type="partial gc" contextid="0" timestamp="2019-09-21T21:27:10.350" intervalms="278.215" />
<gc-start id="536" type="partial gc" contextid="535" timestamp="2019-09-21T21:27:10.350">
  <mem-info id="537" free="0" total="65011712" percent="0">
    <mem type="eden" free="0" total="22020096" percent="0" />
    <remembered-set count="7936" freebytes="2563328" totalbytes="2595072" percent="98" regionsoverflowed="0" regionsstable="1" regionsrebuilding="0"/>
  </mem-info>
</gc-start>
<allocation-stats totalBytes="21996480" >
  <allocated-bytes non-tlh="16392" tlh="21980088" arrayletleaf="0"/>
  <largest-consumer threadName="Thread-7" threadId="000000000234EB00" bytes="3812152" />
</allocation-stats>
<gc-op id="538" type="mark" timems="1.500" contextid="535" timestamp="2019-09-21T21:27:10.352">
  <trace-info objectcount="4803" scancount="3821" scanbytes="807392" />
  <cardclean-info objects="1833" bytes="117784" />
  <remembered-set-cleared processed="3401" cleared="789" durationms="0.094" />
  <stringconstants candidates="3963" cleared="0"  />
  <warning details="Mark invoked due to insufficient free space for Copy-Forward" />
</gc-op>
<gc-op id="539" type="classunload" timems="0.002" contextid="535" timestamp="2019-09-21T21:27:10.352">
  <classunload-info classloadercandidates="20" classloadersunloaded="0" classesunloaded="0" anonymousclassesunloaded="0" quiescems="0.000" setupms="0.002" scanms="0.000" postms="0.000" />
</gc-op>
<gc-op id="540" type="sweep" timems="0.402" contextid="535" timestamp="2019-09-21T21:27:10.353" />
<gc-op id="541" type="compact" timems="1.954" contextid="535" timestamp="2019-09-21T21:27:10.355">
  <compact-info movecount="4803" movebytes="1906488" />
  <remembered-set-cleared processed="7150" cleared="1687" durationms="0.114" />
</gc-op>
<heap-resize id="542" type="expand" space="default" amount="1048576" count="1" timems="0.054" reason="insufficient free space following gc" timestamp="2019-09-21T21:27:10.355" />
<gc-end id="543" type="partial gc" contextid="535" durationms="5.250" usertimems="8.000" systemtimems="0.000" timestamp="2019-09-21T21:27:10.356" activeThreads="8">
  <mem-info id="544" free="22020096" total="66060288" percent="33">
    <mem type="eden" free="190864" total="2097152" percent="9" />
    <remembered-set count="8256" freebytes="2603904" totalbytes="2636928" percent="98" regionsoverflowed="0" regionsstable="1" regionsrebuilding="0"/>
  </mem-info>
</gc-end>
<cycle-end id="545" type="partial gc" contextid="535" timestamp="2019-09-21T21:27:10.356" />
  <attribute name="elasticGC enabled" value="1" />
  <attribute name= "numThreadsSpecified" value="8" />
  <attribute name="heapSize specified" value="0" />
  <attribute name="Current GC Util" value="48" />
  <attribute name= "Current Time Running" value="7371" />
  <attribute name ="GC Interval" value="0" />
  <attribute name="Target GC Util Change" value ="40.000000" />
  <attribute name="Current GC Util Change" value="48.000000"/>
  <attribute name="Current Error" value="-111.000000" />
  <attribute name="Output H" value="65049488"/>
  <attribute name="Output I" value="1936"/>
  <attribute name="Output T" value="8"/>
  <attribute name= "Current Time Running" value="7371" />
  <attribute name="GC Util currently" value="48" />
  <attribute name="CPU Util currently" value="3656510418592" />
<exclusive-end id="546" timestamp="2019-09-21T21:27:10.356" durationms="6.189" />

<exclusive-start id="547" timestamp="2019-09-21T21:27:10.638" intervalms="288.544">
  <response-info timems="0.056" idlems="0.056" threads="0" lastid="0000000002347300" lastname="Thread-5" />
</exclusive-start>
<allocation-taxation id="548" taxation-threshold="22020096" timestamp="2019-09-21T21:27:10.639" intervalms="288.520" />
<cycle-start id="549" type="partial gc" contextid="0" timestamp="2019-09-21T21:27:10.639" intervalms="288.510" />
<gc-start id="550" type="partial gc" contextid="549" timestamp="2019-09-21T21:27:10.639">
  <mem-info id="551" free="0" total="66060288" percent="0">
    <mem type="eden" free="0" total="22020096" percent="0" />
    <remembered-set count="8000" freebytes="2604928" totalbytes="2636928" percent="98" regionsoverflowed="0" regionsstable="1" regionsrebuilding="0"/>
  </mem-info>
</gc-start>
<allocation-stats totalBytes="21910488" >
  <allocated-bytes non-tlh="65552" tlh="21844936" arrayletleaf="0"/>
  <largest-consumer threadName="Thread-10" threadId="0000000002359F00" bytes="3283232" />
</allocation-stats>
<gc-op id="552" type="mark" timems="1.537" contextid="549" timestamp="2019-09-21T21:27:10.641">
  <trace-info objectcount="5050" scancount="4081" scanbytes="865836" />
  <cardclean-info objects="1848" bytes="117088" />
  <remembered-set-cleared processed="3506" cleared="869" durationms="0.105" />
  <references type="phantom" candidates="1" cleared="0" enqueued="0" />
  <stringconstants candidates="3963" cleared="0"  />
  <warning details="Mark invoked due to insufficient free space for Copy-Forward" />
</gc-op>
<gc-op id="553" type="classunload" timems="0.002" contextid="549" timestamp="2019-09-21T21:27:10.641">
  <classunload-info classloadercandidates="20" classloadersunloaded="0" classesunloaded="0" anonymousclassesunloaded="0" quiescems="0.000" setupms="0.002" scanms="0.000" postms="0.000" />
</gc-op>
<gc-op id="554" type="sweep" timems="0.372" contextid="549" timestamp="2019-09-21T21:27:10.641" />
<gc-op id="555" type="compact" timems="1.914" contextid="549" timestamp="2019-09-21T21:27:10.643">
  <compact-info movecount="5047" movebytes="1900184" />
  <remembered-set-cleared processed="7300" cleared="1804" durationms="0.171" />
</gc-op>
<heap-resize id="556" type="expand" space="default" amount="2097152" count="1" timems="0.069" reason="insufficient free space following gc" timestamp="2019-09-21T21:27:10.644" />
<gc-end id="557" type="partial gc" contextid="549" durationms="5.174" usertimems="12.000" systemtimems="0.000" timestamp="2019-09-21T21:27:10.644" activeThreads="8">
  <mem-info id="558" free="23068672" total="68157440" percent="33">
    <mem type="eden" free="147472" total="2097152" percent="7" />
    <remembered-set count="7808" freebytes="2689408" totalbytes="2720640" percent="98" regionsoverflowed="0" regionsstable="1" regionsrebuilding="0"/>
  </mem-info>
</gc-end>
<cycle-end id="559" type="partial gc" contextid="549" timestamp="2019-09-21T21:27:10.644" />
  <attribute name="elasticGC enabled" value="1" />
  <attribute name= "numThreadsSpecified" value="8" />
  <attribute name="heapSize specified" value="0" />
  <attribute name="Current GC Util" value="53" />
  <attribute name= "Current Time Running" value="7659" />
  <attribute name ="GC Interval" value="0" />
  <attribute name="Target GC Util Change" value ="40.000000" />
  <attribute name="Current GC Util Change" value="53.000000"/>
  <attribute name="Current Error" value="-229.000000" />
  <attribute name="Output H" value="66098000"/>
  <attribute name="Output I" value="1872"/>
  <attribute name="Output T" value="8"/>
  <attribute name= "Current Time Running" value="7659" />
  <attribute name="GC Util currently" value="53" />
  <attribute name="CPU Util currently" value="4161931087886" />
<exclusive-end id="560" timestamp="2019-09-21T21:27:10.644" durationms="5.968" />

<exclusive-start id="561" timestamp="2019-09-21T21:27:10.931" intervalms="292.997">
  <response-info timems="0.045" idlems="0.045" threads="0" lastid="0000000002347300" lastname="Thread-5" />
</exclusive-start>
<allocation-taxation id="562" taxation-threshold="23068672" timestamp="2019-09-21T21:27:10.931" intervalms="292.974" />
<cycle-start id="563" type="partial gc" contextid="0" timestamp="2019-09-21T21:27:10.932" intervalms="292.973" />
<gc-start id="564" type="partial gc" contextid="563" timestamp="2019-09-21T21:27:10.932">
  <mem-info id="565" free="0" total="68157440" percent="0">
    <mem type="eden" free="0" total="23068672" percent="0" />
    <remembered-set count="7744" freebytes="2689664" totalbytes="2720640" percent="98" regionsoverflowed="0" regionsstable="1" regionsrebuilding="0"/>
  </mem-info>
</gc-start>
<allocation-stats totalBytes="22998360" >
  <allocated-bytes non-tlh="32784" tlh="22965576" arrayletleaf="0"/>
  <largest-consumer threadName="Thread-7" threadId="000000000234EB00" bytes="3819592" />
</allocation-stats>
<gc-op id="566" type="mark" timems="1.402" contextid="563" timestamp="2019-09-21T21:27:10.934">
  <trace-info objectcount="4798" scancount="3929" scanbytes="863792" />
  <cardclean-info objects="1838" bytes="116752" />
  <remembered-set-cleared processed="3534" cleared="873" durationms="0.176" />
  <references type="phantom" candidates="1" cleared="0" enqueued="0" />
  <stringconstants candidates="3963" cleared="0"  />
  <warning details="Mark invoked due to insufficient free space for Copy-Forward" />
</gc-op>
<gc-op id="567" type="classunload" timems="0.002" contextid="563" timestamp="2019-09-21T21:27:10.934">
  <classunload-info classloadercandidates="20" classloadersunloaded="0" classesunloaded="0" anonymousclassesunloaded="0" quiescems="0.000" setupms="0.002" scanms="0.000" postms="0.000" />
</gc-op>
<gc-op id="568" type="sweep" timems="0.521" contextid="563" timestamp="2019-09-21T21:27:10.934" />
<gc-op id="569" type="compact" timems="2.106" contextid="563" timestamp="2019-09-21T21:27:10.937">
  <compact-info movecount="4797" movebytes="1949192" />
  <remembered-set-cleared processed="7308" cleared="1750" durationms="0.176" />
</gc-op>
<heap-resize id="570" type="expand" space="default" amount="1048576" count="1" timems="0.061" reason="insufficient free space following gc" timestamp="2019-09-21T21:27:10.937" />
<gc-end id="571" type="partial gc" contextid="563" durationms="5.510" usertimems="0.000" systemtimems="8.000" timestamp="2019-09-21T21:27:10.937" activeThreads="8">
  <mem-info id="572" free="23068672" total="69206016" percent="33">
    <mem type="eden" free="147936" total="2097152" percent="7" />
    <remembered-set count="8160" freebytes="2729856" totalbytes="2762496" percent="98" regionsoverflowed="0" regionsstable="1" regionsrebuilding="0"/>
  </mem-info>
</gc-end>
<cycle-end id="573" type="partial gc" contextid="563" timestamp="2019-09-21T21:27:10.937" />
  <attribute name="elasticGC enabled" value="1" />
  <attribute name= "numThreadsSpecified" value="8" />
  <attribute name="heapSize specified" value="0" />
  <attribute name="Current GC Util" value="49" />
  <attribute name= "Current Time Running" value="7952" />
  <attribute name ="GC Interval" value="0" />
  <attribute name="Target GC Util Change" value ="40.000000" />
  <attribute name="Current GC Util Change" value="49.000000"/>
  <attribute name="Current Error" value="18.000000" />
  <attribute name="Output H" value="68195296"/>
  <attribute name="Output I" value="2016"/>
  <attribute name="Output T" value="8"/>
  <attribute name= "Current Time Running" value="7952" />
  <attribute name="GC Util currently" value="49" />
  <attribute name="CPU Util currently" value="3051352498247" />
<exclusive-end id="574" timestamp="2019-09-21T21:27:10.938" durationms="6.260" />

<exclusive-start id="575" timestamp="2019-09-21T21:27:11.238" intervalms="306.306">
  <response-info timems="0.045" idlems="0.045" threads="0" lastid="0000000002347300" lastname="Thread-5" />
</exclusive-start>
<allocation-taxation id="576" taxation-threshold="23068672" timestamp="2019-09-21T21:27:11.238" intervalms="306.295" />
<cycle-start id="577" type="partial gc" contextid="0" timestamp="2019-09-21T21:27:11.238" intervalms="306.296" />
<gc-start id="578" type="partial gc" contextid="577" timestamp="2019-09-21T21:27:11.238">
  <mem-info id="579" free="0" total="69206016" percent="0">
    <mem type="eden" free="0" total="23068672" percent="0" />
    <remembered-set count="8128" freebytes="2729984" totalbytes="2762496" percent="98" regionsoverflowed="0" regionsstable="1" regionsrebuilding="0"/>
  </mem-info>
</gc-start>
<allocation-stats totalBytes="23036120" >
  <allocated-bytes non-tlh="49168" tlh="22986952" arrayletleaf="0"/>
  <largest-consumer threadName="Thread-9" threadId="0000000002356300" bytes="3811088" />
</allocation-stats>
<gc-op id="580" type="mark" timems="1.715" contextid="577" timestamp="2019-09-21T21:27:11.240">
  <trace-info objectcount="4595" scancount="3711" scanbytes="852452" />
  <cardclean-info objects="1859" bytes="117520" />
  <remembered-set-cleared processed="3542" cleared="862" durationms="0.099" />
  <references type="phantom" candidates="2" cleared="0" enqueued="0" />
  <stringconstants candidates="3963" cleared="0"  />
  <warning details="Mark invoked due to insufficient free space for Copy-Forward" />
</gc-op>
<gc-op id="581" type="classunload" timems="0.002" contextid="577" timestamp="2019-09-21T21:27:11.240">
  <classunload-info classloadercandidates="20" classloadersunloaded="0" classesunloaded="0" anonymousclassesunloaded="0" quiescems="0.000" setupms="0.002" scanms="0.000" postms="0.000" />
</gc-op>
<gc-op id="582" type="sweep" timems="0.403" contextid="577" timestamp="2019-09-21T21:27:11.241" />
<gc-op id="583" type="compact" timems="1.872" contextid="577" timestamp="2019-09-21T21:27:11.243">
  <compact-info movecount="4593" movebytes="1904048" />
  <remembered-set-cleared processed="7313" cleared="1723" durationms="0.112" />
</gc-op>
<heap-resize id="584" type="expand" space="default" amount="2097152" count="1" timems="0.073" reason="insufficient free space following gc" timestamp="2019-09-21T21:27:11.243" />
<gc-end id="585" type="partial gc" contextid="577" durationms="5.402" usertimems="8.000" systemtimems="0.000" timestamp="2019-09-21T21:27:11.243" activeThreads="8">
  <mem-info id="586" free="24117248" total="71303168" percent="33">
    <mem type="eden" free="180408" total="2097152" percent="8" />
    <remembered-set count="7552" freebytes="2816000" totalbytes="2846208" percent="98" regionsoverflowed="0" regionsstable="1" regionsrebuilding="0"/>
  </mem-info>
</gc-end>
<cycle-end id="587" type="partial gc" contextid="577" timestamp="2019-09-21T21:27:11.244" />
  <attribute name="elasticGC enabled" value="1" />
  <attribute name= "numThreadsSpecified" value="8" />
  <attribute name="heapSize specified" value="0" />
  <attribute name="Current GC Util" value="49" />
  <attribute name= "Current Time Running" value="8259" />
  <attribute name ="GC Interval" value="0" />
  <attribute name="Target GC Util Change" value ="40.000000" />
  <attribute name="Current GC Util Change" value="49.000000"/>
  <attribute name="Current Error" value="-106.000000" />
  <attribute name="Output H" value="69243800"/>
  <attribute name="Output I" value="1944"/>
  <attribute name="Output T" value="8"/>
  <attribute name= "Current Time Running" value="8259" />
  <attribute name="GC Util currently" value="49" />
  <attribute name="CPU Util currently" value="3692485942893" />
<exclusive-end id="588" timestamp="2019-09-21T21:27:11.244" durationms="6.272" />

<exclusive-start id="589" timestamp="2019-09-21T21:27:11.531" intervalms="293.665">
  <response-info timems="0.041" idlems="0.041" threads="0" lastid="000000000234EB00" lastname="Thread-7" />
</exclusive-start>
<allocation-taxation id="590" taxation-threshold="24117248" timestamp="2019-09-21T21:27:11.532" intervalms="293.730" />
<cycle-start id="591" type="partial gc" contextid="0" timestamp="2019-09-21T21:27:11.532" intervalms="293.732" />
<gc-start id="592" type="partial gc" contextid="591" timestamp="2019-09-21T21:27:11.532">
  <mem-info id="593" free="0" total="71303168" percent="0">
    <mem type="eden" free="0" total="24117248" percent="0" />
    <remembered-set count="7360" freebytes="2816768" totalbytes="2846208" percent="98" regionsoverflowed="0" regionsstable="1" regionsrebuilding="0"/>
  </mem-info>
</gc-start>
<allocation-stats totalBytes="24038984" >
  <allocated-bytes non-tlh="32776" tlh="24006208" arrayletleaf="0"/>
  <largest-consumer threadName="Thread-4" threadId="0000000002343800" bytes="3578656" />
</allocation-stats>
<gc-op id="594" type="mark" timems="1.778" contextid="591" timestamp="2019-09-21T21:27:11.534">
  <trace-info objectcount="4870" scancount="3978" scanbytes="863436" />
  <cardclean-info objects="1863" bytes="118920" />
  <remembered-set-cleared processed="3548" cleared="849" durationms="0.131" />
  <references type="phantom" candidates="1" cleared="0" enqueued="0" />
  <stringconstants candidates="3963" cleared="0"  />
  <warning details="Mark invoked due to insufficient free space for Copy-Forward" />
</gc-op>
<gc-op id="595" type="classunload" timems="0.003" contextid="591" timestamp="2019-09-21T21:27:11.534">
  <classunload-info classloadercandidates="20" classloadersunloaded="0" classesunloaded="0" anonymousclassesunloaded="0" quiescems="0.000" setupms="0.003" scanms="0.000" postms="0.000" />
</gc-op>
<gc-op id="596" type="sweep" timems="0.402" contextid="591" timestamp="2019-09-21T21:27:11.535" />
<gc-op id="597" type="compact" timems="1.842" contextid="591" timestamp="2019-09-21T21:27:11.537">
  <compact-info movecount="4870" movebytes="1942960" />
  <remembered-set-cleared processed="7407" cleared="1777" durationms="0.131" />
</gc-op>
<heap-resize id="598" type="expand" space="default" amount="1048576" count="1" timems="0.057" reason="insufficient free space following gc" timestamp="2019-09-21T21:27:11.537" />
<gc-end id="599" type="partial gc" contextid="591" durationms="5.646" usertimems="8.000" systemtimems="0.000" timestamp="2019-09-21T21:27:11.537" activeThreads="8">
  <mem-info id="600" free="24117248" total="72351744" percent="33">
    <mem type="eden" free="153520" total="2097152" percent="7" />
    <remembered-set count="8384" freebytes="2854528" totalbytes="2888064" percent="98" regionsoverflowed="0" regionsstable="1" regionsrebuilding="0"/>
  </mem-info>
</gc-end>
<cycle-end id="601" type="partial gc" contextid="591" timestamp="2019-09-21T21:27:11.538" />
  <attribute name="elasticGC enabled" value="1" />
  <attribute name= "numThreadsSpecified" value="8" />
  <attribute name="heapSize specified" value="0" />
  <attribute name="Current GC Util" value="47" />
  <attribute name= "Current Time Running" value="8553" />
  <attribute name ="GC Interval" value="0" />
  <attribute name="Target GC Util Change" value ="40.000000" />
  <attribute name="Current GC Util Change" value="47.000000"/>
  <attribute name="Current Error" value="-204.000000" />
  <attribute name="Output H" value="71340896"/>
  <attribute name="Output I" value="1888"/>
  <attribute name="Output T" value="8"/>
  <attribute name= "Current Time Running" value="8553" />
  <attribute name="GC Util currently" value="47" />
  <attribute name="CPU Util currently" value="3482336441604" />
<exclusive-end id="602" timestamp="2019-09-21T21:27:11.538" durationms="6.599" />

<exclusive-start id="603" timestamp="2019-09-21T21:27:11.827" intervalms="296.133">
  <response-info timems="0.038" idlems="0.038" threads="0" lastid="0000000002359F00" lastname="Thread-10" />
</exclusive-start>
<allocation-taxation id="604" taxation-threshold="24117248" timestamp="2019-09-21T21:27:11.828" intervalms="296.130" />
<cycle-start id="605" type="partial gc" contextid="0" timestamp="2019-09-21T21:27:11.828" intervalms="296.138" />
<gc-start id="606" type="partial gc" contextid="605" timestamp="2019-09-21T21:27:11.828">
  <mem-info id="607" free="0" total="72351744" percent="0">
    <mem type="eden" free="0" total="24117248" percent="0" />
    <remembered-set count="8128" freebytes="2855552" totalbytes="2888064" percent="98" regionsoverflowed="0" regionsstable="1" regionsrebuilding="0"/>
  </mem-info>
</gc-start>
<allocation-stats totalBytes="24042792" >
  <allocated-bytes non-tlh="32776" tlh="24010016" arrayletleaf="0"/>
  <largest-consumer threadName="Thread-8" threadId="0000000002352700" bytes="3837040" />
</allocation-stats>
<gc-op id="608" type="mark" timems="1.649" contextid="605" timestamp="2019-09-21T21:27:11.830">
  <trace-info objectcount="5127" scancount="4103" scanbytes="866368" />
  <cardclean-info objects="1866" bytes="118824" />
  <remembered-set-cleared processed="3615" cleared="890" durationms="0.120" />
  <references type="phantom" candidates="1" cleared="0" enqueued="0" />
  <stringconstants candidates="3963" cleared="0"  />
  <warning details="Mark invoked due to insufficient free space for Copy-Forward" />
</gc-op>
<gc-op id="609" type="classunload" timems="0.002" contextid="605" timestamp="2019-09-21T21:27:11.830">
  <classunload-info classloadercandidates="20" classloadersunloaded="0" classesunloaded="0" anonymousclassesunloaded="0" quiescems="0.000" setupms="0.002" scanms="0.000" postms="0.000" />
</gc-op>
<gc-op id="610" type="sweep" timems="0.489" contextid="605" timestamp="2019-09-21T21:27:11.831" />
<gc-op id="611" type="compact" timems="1.765" contextid="605" timestamp="2019-09-21T21:27:11.833">
  <compact-info movecount="5127" movebytes="2023048" />
  <remembered-set-cleared processed="7515" cleared="1815" durationms="0.120" />
</gc-op>
<heap-resize id="612" type="expand" space="default" amount="2097152" count="1" timems="0.063" reason="insufficient free space following gc" timestamp="2019-09-21T21:27:11.833" />
<gc-end id="613" type="partial gc" contextid="605" durationms="5.360" usertimems="8.000" systemtimems="4.000" timestamp="2019-09-21T21:27:11.833" activeThreads="8">
  <mem-info id="614" free="25165824" total="74448896" percent="33">
    <mem type="eden" free="73376" total="2097152" percent="3" />
    <remembered-set count="8000" freebytes="2939776" totalbytes="2971776" percent="98" regionsoverflowed="0" regionsstable="1" regionsrebuilding="0"/>
  </mem-info>
</gc-end>
<cycle-end id="615" type="partial gc" contextid="605" timestamp="2019-09-21T21:27:11.834" />
  <attribute name="elasticGC enabled" value="1" />
  <attribute name= "numThreadsSpecified" value="8" />
  <attribute name="heapSize specified" value="0" />
  <attribute name="Current GC Util" value="57" />
  <attribute name= "Current Time Running" value="8849" />
  <attribute name ="GC Interval" value="0" />
  <attribute name="Target GC Util Change" value ="40.000000" />
  <attribute name="Current GC Util Change" value="57.000000"/>
  <attribute name="Current Error" value="-118.000000" />
  <attribute name="Output H" value="72389520"/>
  <attribute name="Output I" value="1936"/>
  <attribute name="Output T" value="8"/>
  <attribute name= "Current Time Running" value="8849" />
  <attribute name="GC Util currently" value="57" />
  <attribute name="CPU Util currently" value="3267080020614" />
<exclusive-end id="616" timestamp="2019-09-21T21:27:11.834" durationms="6.438" />

<exclusive-start id="617" timestamp="2019-09-21T21:27:12.127" intervalms="299.499">
  <response-info timems="0.054" idlems="0.054" threads="0" lastid="0000000002359F00" lastname="Thread-10" />
</exclusive-start>
<allocation-taxation id="618" taxation-threshold="25165824" timestamp="2019-09-21T21:27:12.127" intervalms="299.511" />
<cycle-start id="619" type="partial gc" contextid="0" timestamp="2019-09-21T21:27:12.127" intervalms="299.541" />
<gc-start id="620" type="partial gc" contextid="619" timestamp="2019-09-21T21:27:12.128">
  <mem-info id="621" free="0" total="74448896" percent="0">
    <mem type="eden" free="0" total="25165824" percent="0" />
    <remembered-set count="7872" freebytes="2940288" totalbytes="2971776" percent="98" regionsoverflowed="0" regionsstable="1" regionsrebuilding="0"/>
  </mem-info>
</gc-start>
<allocation-stats totalBytes="25150752" >
  <allocated-bytes non-tlh="40976" tlh="25109776" arrayletleaf="0"/>
  <largest-consumer threadName="Thread-10" threadId="0000000002359F00" bytes="4309872" />
</allocation-stats>
<gc-op id="622" type="mark" timems="2.042" contextid="619" timestamp="2019-09-21T21:27:12.130">
  <trace-info objectcount="5487" scancount="4366" scanbytes="877612" />
  <cardclean-info objects="1836" bytes="117624" />
  <remembered-set-cleared processed="3645" cleared="890" durationms="0.120" />
  <stringconstants candidates="3963" cleared="0"  />
  <warning details="Mark invoked due to insufficient free space for Copy-Forward" />
</gc-op>
<gc-op id="623" type="classunload" timems="0.002" contextid="619" timestamp="2019-09-21T21:27:12.130">
  <classunload-info classloadercandidates="20" classloadersunloaded="0" classesunloaded="0" anonymousclassesunloaded="0" quiescems="0.000" setupms="0.002" scanms="0.000" postms="0.000" />
</gc-op>
<gc-op id="624" type="sweep" timems="0.419" contextid="619" timestamp="2019-09-21T21:27:12.131" />
<gc-op id="625" type="compact" timems="2.067" contextid="619" timestamp="2019-09-21T21:27:12.133">
  <compact-info movecount="5487" movebytes="2101808" />
  <remembered-set-cleared processed="7662" cleared="1927" durationms="0.133" />
</gc-op>
<heap-resize id="626" type="expand" space="default" amount="1048576" count="1" timems="0.054" reason="insufficient free space following gc" timestamp="2019-09-21T21:27:12.134" />
<gc-end id="627" type="partial gc" contextid="619" durationms="6.259" usertimems="8.000" systemtimems="4.000" timestamp="2019-09-21T21:27:12.134" activeThreads="8">
  <mem-info id="628" free="24117248" total="75497472" percent="31">
    <mem type="eden" free="1041400" total="3145728" percent="33" />
    <remembered-set count="8000" freebytes="2981632" totalbytes="3013632" percent="98" regionsoverflowed="0" regionsstable="1" regionsrebuilding="0"/>
  </mem-info>
</gc-end>
<cycle-end id="629" type="partial gc" contextid="619" timestamp="2019-09-21T21:27:12.134" />
  <attribute name="elasticGC enabled" value="1" />
  <attribute name= "numThreadsSpecified" value="8" />
  <attribute name="heapSize specified" value="0" />
  <attribute name="Current GC Util" value="49" />
  <attribute name= "Current Time Running" value="9149" />
  <attribute name ="GC Interval" value="0" />
  <attribute name="Target GC Util Change" value ="40.000000" />
  <attribute name="Current GC Util Change" value="49.000000"/>
  <attribute name="Current Error" value="-98.000000" />
  <attribute name="Output H" value="74486680"/>
  <attribute name="Output I" value="1944"/>
  <attribute name="Output T" value="8"/>
  <attribute name= "Current Time Running" value="9149" />
  <attribute name="GC Util currently" value="49" />
  <attribute name="CPU Util currently" value="3493749163106" />
<exclusive-end id="630" timestamp="2019-09-21T21:27:12.134" durationms="7.278" />

<exclusive-start id="631" timestamp="2019-09-21T21:27:12.416" intervalms="289.182">
  <response-info timems="0.159" idlems="0.159" threads="0" lastid="0000000002352700" lastname="Thread-8" />
</exclusive-start>
<allocation-taxation id="632" taxation-threshold="24117248" timestamp="2019-09-21T21:27:12.416" intervalms="289.102" />
<cycle-start id="633" type="partial gc" contextid="0" timestamp="2019-09-21T21:27:12.416" intervalms="289.062" />
<gc-start id="634" type="partial gc" contextid="633" timestamp="2019-09-21T21:27:12.417">
  <mem-info id="635" free="0" total="75497472" percent="0">
    <mem type="eden" free="0" total="24117248" percent="0" />
    <remembered-set count="7808" freebytes="2982400" totalbytes="3013632" percent="98" regionsoverflowed="0" regionsstable="1" regionsrebuilding="0"/>
  </mem-info>
</gc-start>
<allocation-stats totalBytes="24031272" >
  <allocated-bytes non-tlh="90144" tlh="23941128" arrayletleaf="0"/>
  <largest-consumer threadName="Thread-10" threadId="0000000002359F00" bytes="4521904" />
</allocation-stats>
<gc-op id="636" type="mark" timems="1.494" contextid="633" timestamp="2019-09-21T21:27:12.419">
  <trace-info objectcount="4588" scancount="3681" scanbytes="852220" />
  <cardclean-info objects="1846" bytes="118168" />
  <remembered-set-cleared processed="3739" cleared="964" durationms="0.104" />
  <references type="weak" candidates="1" cleared="0" enqueued="0" />
  <references type="phantom" candidates="1" cleared="0" enqueued="0" />
  <stringconstants candidates="3963" cleared="0"  />
  <warning details="Mark invoked due to insufficient free space for Copy-Forward" />
</gc-op>
<gc-op id="637" type="classunload" timems="0.002" contextid="633" timestamp="2019-09-21T21:27:12.419">
  <classunload-info classloadercandidates="20" classloadersunloaded="0" classesunloaded="0" anonymousclassesunloaded="0" quiescems="0.000" setupms="0.002" scanms="0.000" postms="0.000" />
</gc-op>
<gc-op id="638" type="sweep" timems="0.380" contextid="633" timestamp="2019-09-21T21:27:12.419" />
<gc-op id="639" type="compact" timems="1.476" contextid="633" timestamp="2019-09-21T21:27:12.421">
  <compact-info movecount="4588" movebytes="1973104" />
  <remembered-set-cleared processed="7595" cleared="1796" durationms="0.104" />
</gc-op>
<heap-resize id="640" type="expand" space="default" amount="1048576" count="1" timems="0.056" reason="insufficient free space following gc" timestamp="2019-09-21T21:27:12.421" />
<gc-end id="641" type="partial gc" contextid="633" durationms="4.616" usertimems="0.000" systemtimems="8.000" timestamp="2019-09-21T21:27:12.421" activeThreads="8">
  <mem-info id="642" free="25165824" total="76546048" percent="32">
    <mem type="eden" free="119312" total="2097152" percent="5" />
    <remembered-set count="8448" freebytes="3021696" totalbytes="3055488" percent="98" regionsoverflowed="0" regionsstable="1" regionsrebuilding="0"/>
  </mem-info>
</gc-end>
<cycle-end id="643" type="partial gc" contextid="633" timestamp="2019-09-21T21:27:12.421" />
  <attribute name="elasticGC enabled" value="1" />
  <attribute name= "numThreadsSpecified" value="8" />
  <attribute name="heapSize specified" value="0" />
  <attribute name="Current GC Util" value="50" />
  <attribute name= "Current Time Running" value="9437" />
  <attribute name ="GC Interval" value="0" />
  <attribute name="Target GC Util Change" value ="40.000000" />
  <attribute name="Current GC Util Change" value="50.000000"/>
  <attribute name="Current Error" value="-210.000000" />
  <attribute name="Output H" value="75535192"/>
  <attribute name="Output I" value="1880"/>
  <attribute name="Output T" value="8"/>
  <attribute name= "Current Time Running" value="9437" />
  <attribute name="GC Util currently" value="50" />
  <attribute name="CPU Util currently" value="3941335741916" />
<exclusive-end id="644" timestamp="2019-09-21T21:27:12.421" durationms="5.337" />

<exclusive-start id="645" timestamp="2019-09-21T21:27:12.749" intervalms="332.456">
  <response-info timems="0.036" idlems="0.036" threads="0" lastid="0000000002352700" lastname="Thread-8" />
</exclusive-start>
<allocation-taxation id="646" taxation-threshold="25165824" timestamp="2019-09-21T21:27:12.749" intervalms="332.587" />
<cycle-start id="647" type="partial gc" contextid="0" timestamp="2019-09-21T21:27:12.749" intervalms="332.588" />
<gc-start id="648" type="partial gc" contextid="647" timestamp="2019-09-21T21:27:12.749">
  <mem-info id="649" free="0" total="76546048" percent="0">
    <mem type="eden" free="0" total="25165824" percent="0" />
    <remembered-set count="8160" freebytes="3022848" totalbytes="3055488" percent="98" regionsoverflowed="0" regionsstable="1" regionsrebuilding="0"/>
  </mem-info>
</gc-start>
<allocation-stats totalBytes="25069920" >
  <allocated-bytes non-tlh="49168" tlh="25020752" arrayletleaf="0"/>
  <largest-consumer threadName="Thread-9" threadId="0000000002356300" bytes="4274144" />
</allocation-stats>
<gc-op id="650" type="mark" timems="1.411" contextid="647" timestamp="2019-09-21T21:27:12.751">
  <trace-info objectcount="4634" scancount="3694" scanbytes="783312" />
  <cardclean-info objects="1839" bytes="117672" />
  <remembered-set-cleared processed="3648" cleared="845" durationms="0.194" />
  <references type="phantom" candidates="1" cleared="0" enqueued="0" />
  <stringconstants candidates="3963" cleared="0"  />
  <warning details="Mark invoked due to insufficient free space for Copy-Forward" />
</gc-op>
<gc-op id="651" type="classunload" timems="0.002" contextid="647" timestamp="2019-09-21T21:27:12.751">
  <classunload-info classloadercandidates="20" classloadersunloaded="0" classesunloaded="0" anonymousclassesunloaded="0" quiescems="0.000" setupms="0.002" scanms="0.000" postms="0.000" />
</gc-op>
<gc-op id="652" type="sweep" timems="0.525" contextid="647" timestamp="2019-09-21T21:27:12.752" />
<gc-op id="653" type="compact" timems="1.939" contextid="647" timestamp="2019-09-21T21:27:12.754">
  <compact-info movecount="4634" movebytes="1807864" />
  <remembered-set-cleared processed="7512" cleared="1671" durationms="0.194" />
</gc-op>
<gc-end id="654" type="partial gc" contextid="647" durationms="5.279" usertimems="8.000" systemtimems="0.000" timestamp="2019-09-21T21:27:12.754" activeThreads="8">
  <mem-info id="655" free="24117248" total="76546048" percent="31">
    <mem type="eden" free="287984" total="2097152" percent="13" />
    <remembered-set count="8032" freebytes="3023360" totalbytes="3055488" percent="98" regionsoverflowed="0" regionsstable="1" regionsrebuilding="0"/>
  </mem-info>
</gc-end>
<cycle-end id="656" type="partial gc" contextid="647" timestamp="2019-09-21T21:27:12.755" />
  <attribute name="elasticGC enabled" value="1" />
  <attribute name= "numThreadsSpecified" value="8" />
  <attribute name="heapSize specified" value="0" />
  <attribute name="Current GC Util" value="48" />
  <attribute name= "Current Time Running" value="9770" />
  <attribute name ="GC Interval" value="0" />
  <attribute name="Target GC Util Change" value ="40.000000" />
  <attribute name="Current GC Util Change" value="48.000000"/>
  <attribute name="Current Error" value="20.000000" />
  <attribute name="Output H" value="76583904"/>
  <attribute name="Output I" value="2016"/>
  <attribute name="Output T" value="8"/>
  <attribute name= "Current Time Running" value="9770" />
  <attribute name="GC Util currently" value="48" />
  <attribute name="CPU Util currently" value="3028437206488" />
<exclusive-end id="657" timestamp="2019-09-21T21:27:12.755" durationms="6.363" />

<exclusive-start id="658" timestamp="2019-09-21T21:27:13.049" intervalms="300.270">
  <response-info timems="0.062" idlems="0.062" threads="0" lastid="000000000234AF00" lastname="Thread-6" />
</exclusive-start>
<allocation-taxation id="659" taxation-threshold="24117248" timestamp="2019-09-21T21:27:13.049" intervalms="300.175" />
<cycle-start id="660" type="partial gc" contextid="0" timestamp="2019-09-21T21:27:13.049" intervalms="300.178" />
<gc-start id="661" type="partial gc" contextid="660" timestamp="2019-09-21T21:27:13.049">
  <mem-info id="662" free="0" total="76546048" percent="0">
    <mem type="eden" free="0" total="24117248" percent="0" />
    <remembered-set count="7808" freebytes="3024256" totalbytes="3055488" percent="98" regionsoverflowed="0" regionsstable="1" regionsrebuilding="0"/>
  </mem-info>
</gc-start>
<allocation-stats totalBytes="24104432" >
  <allocated-bytes non-tlh="65552" tlh="24038880" arrayletleaf="0"/>
  <largest-consumer threadName="Thread-4" threadId="0000000002343800" bytes="3786360" />
</allocation-stats>
<gc-op id="663" type="mark" timems="1.498" contextid="660" timestamp="2019-09-21T21:27:13.051">
  <trace-info objectcount="5370" scancount="4287" scanbytes="875156" />
  <cardclean-info objects="1825" bytes="116128" />
  <remembered-set-cleared processed="3629" cleared="807" durationms="0.117" />
  <stringconstants candidates="3963" cleared="0"  />
  <warning details="Mark invoked due to insufficient free space for Copy-Forward" />
</gc-op>
<gc-op id="664" type="classunload" timems="0.002" contextid="660" timestamp="2019-09-21T21:27:13.051">
  <classunload-info classloadercandidates="20" classloadersunloaded="0" classesunloaded="0" anonymousclassesunloaded="0" quiescems="0.000" setupms="0.002" scanms="0.000" postms="0.000" />
</gc-op>
<gc-op id="665" type="sweep" timems="0.385" contextid="660" timestamp="2019-09-21T21:27:13.052" />
<gc-op id="666" type="compact" timems="2.050" contextid="660" timestamp="2019-09-21T21:27:13.054">
  <compact-info movecount="5370" movebytes="2077632" />
  <remembered-set-cleared processed="7677" cleared="1823" durationms="0.117" />
</gc-op>
<heap-resize id="667" type="expand" space="default" amount="2097152" count="1" timems="0.061" reason="insufficient free space following gc" timestamp="2019-09-21T21:27:13.054" />
<gc-end id="668" type="partial gc" contextid="660" durationms="5.263" usertimems="12.000" systemtimems="0.000" timestamp="2019-09-21T21:27:13.055" activeThreads="8">
  <mem-info id="669" free="25165824" total="78643200" percent="32">
    <mem type="eden" free="18984" total="2097152" percent="0" />
    <remembered-set count="8352" freebytes="3105792" totalbytes="3139200" percent="98" regionsoverflowed="0" regionsstable="1" regionsrebuilding="0"/>
  </mem-info>
</gc-end>
<cycle-end id="670" type="partial gc" contextid="660" timestamp="2019-09-21T21:27:13.055" />
  <attribute name="elasticGC enabled" value="1" />
  <attribute name= "numThreadsSpecified" value="8" />
  <attribute name="heapSize specified" value="0" />
  <attribute name="Current GC Util" value="52" />
  <attribute name= "Current Time Running" value="10070" />
  <attribute name ="GC Interval" value="0" />
  <attribute name="Target GC Util Change" value ="40.000000" />
  <attribute name="Current GC Util Change" value="52.000000"/>
  <attribute name="Current Error" value="-114.000000" />
  <attribute name="Output H" value="76583824"/>
  <attribute name="Output I" value="1936"/>
  <attribute name="Output T" value="8"/>
  <attribute name= "Current Time Running" value="10070" />
  <attribute name="GC Util currently" value="52" />
  <attribute name="CPU Util currently" value="4072682737590" />
<exclusive-end id="671" timestamp="2019-09-21T21:27:13.055" durationms="6.119" />

<exclusive-start id="672" timestamp="2019-09-21T21:27:13.345" intervalms="295.938">
  <response-info timems="0.052" idlems="0.052" threads="0" lastid="0000000002347300" lastname="Thread-5" />
</exclusive-start>
<allocation-taxation id="673" taxation-threshold="25165824" timestamp="2019-09-21T21:27:13.345" intervalms="295.984" />
<cycle-start id="674" type="partial gc" contextid="0" timestamp="2019-09-21T21:27:13.345" intervalms="295.983" />
<gc-start id="675" type="partial gc" contextid="674" timestamp="2019-09-21T21:27:13.345">
  <mem-info id="676" free="0" total="78643200" percent="0">
    <mem type="eden" free="0" total="25165824" percent="0" />
    <remembered-set count="7904" freebytes="3107584" totalbytes="3139200" percent="98" regionsoverflowed="0" regionsstable="1" regionsrebuilding="0"/>
  </mem-info>
</gc-start>
<allocation-stats totalBytes="25041632" >
  <allocated-bytes non-tlh="32784" tlh="25008848" arrayletleaf="0"/>
  <largest-consumer threadName="Thread-3" threadId="000000000233FC00" bytes="3918520" />
</allocation-stats>
<gc-op id="677" type="mark" timems="3.223" contextid="674" timestamp="2019-09-21T21:27:13.349">
  <trace-info objectcount="4123" scancount="3351" scanbytes="837812" />
  <cardclean-info objects="1815" bytes="116752" />
  <remembered-set-cleared processed="3790" cleared="949" durationms="0.122" />
  <references type="phantom" candidates="3" cleared="0" enqueued="0" />
  <stringconstants candidates="3963" cleared="0"  />
  <warning details="Mark invoked due to insufficient free space for Copy-Forward" />
</gc-op>
<gc-op id="678" type="classunload" timems="0.002" contextid="674" timestamp="2019-09-21T21:27:13.349">
  <classunload-info classloadercandidates="20" classloadersunloaded="0" classesunloaded="0" anonymousclassesunloaded="0" quiescems="0.000" setupms="0.002" scanms="0.000" postms="0.000" />
</gc-op>
<gc-op id="679" type="sweep" timems="0.620" contextid="674" timestamp="2019-09-21T21:27:13.350" />
<gc-op id="680" type="compact" timems="3.510" contextid="674" timestamp="2019-09-21T21:27:13.354">
  <compact-info movecount="4123" movebytes="1821152" />
  <remembered-set-cleared processed="7605" cleared="1678" durationms="0.135" />
</gc-op>
<heap-resize id="681" type="expand" space="default" amount="3145728" count="1" timems="0.066" reason="insufficient free space following gc" timestamp="2019-09-21T21:27:13.354" />
<gc-end id="682" type="partial gc" contextid="674" durationms="8.805" usertimems="16.000" systemtimems="0.000" timestamp="2019-09-21T21:27:13.354" activeThreads="8">
  <mem-info id="683" free="27262976" total="81788928" percent="33">
    <mem type="eden" free="250544" total="2097152" percent="11" />
    <remembered-set count="8032" freebytes="3232640" totalbytes="3264768" percent="99" regionsoverflowed="0" regionsstable="1" regionsrebuilding="0"/>
  </mem-info>
</gc-end>
<cycle-end id="684" type="partial gc" contextid="674" timestamp="2019-09-21T21:27:13.354" />
  <attribute name="elasticGC enabled" value="1" />
  <attribute name= "numThreadsSpecified" value="8" />
  <attribute name="heapSize specified" value="0" />
  <attribute name="Current GC Util" value="81" />
  <attribute name= "Current Time Running" value="10368" />
  <attribute name ="GC Interval" value="0" />
  <attribute name="Target GC Util Change" value ="40.000000" />
  <attribute name="Current GC Util Change" value="81.000000"/>
  <attribute name="Current Error" value="-277.000000" />
  <attribute name="Output H" value="78680888"/>
  <attribute name="Output I" value="1848"/>
  <attribute name="Output T" value="8"/>
  <attribute name= "Current Time Running" value="10368" />
  <attribute name="GC Util currently" value="81" />
  <attribute name="CPU Util currently" value="2696655852917" />
<exclusive-end id="685" timestamp="2019-09-21T21:27:13.354" durationms="9.666" />

<exclusive-start id="686" timestamp="2019-09-21T21:27:13.705" intervalms="360.345">
  <response-info timems="0.041" idlems="0.041" threads="0" lastid="0000000002356300" lastname="Thread-9" />
</exclusive-start>
<allocation-taxation id="687" taxation-threshold="27262976" timestamp="2019-09-21T21:27:13.705" intervalms="360.402" />
<cycle-start id="688" type="partial gc" contextid="0" timestamp="2019-09-21T21:27:13.705" intervalms="360.407" />
<gc-start id="689" type="partial gc" contextid="688" timestamp="2019-09-21T21:27:13.706">
  <mem-info id="690" free="0" total="81788928" percent="0">
    <mem type="eden" free="0" total="27262976" percent="0" />
    <remembered-set count="7904" freebytes="3233152" totalbytes="3264768" percent="99" regionsoverflowed="0" regionsstable="1" regionsrebuilding="0"/>
  </mem-info>
</gc-start>
<allocation-stats totalBytes="27203664" >
  <allocated-bytes non-tlh="0" tlh="27203664" arrayletleaf="0"/>
  <largest-consumer threadName="Thread-10" threadId="0000000002359F00" bytes="4883512" />
</allocation-stats>
<gc-op id="691" type="mark" timems="4.252" contextid="688" timestamp="2019-09-21T21:27:13.710">
  <trace-info objectcount="4686" scancount="3729" scanbytes="786416" />
  <cardclean-info objects="1835" bytes="117912" />
  <remembered-set-cleared processed="3618" cleared="759" durationms="0.116" />
  <stringconstants candidates="3963" cleared="0"  />
  <warning details="Mark invoked due to insufficient free space for Copy-Forward" />
</gc-op>
<gc-op id="692" type="classunload" timems="0.003" contextid="688" timestamp="2019-09-21T21:27:13.711">
  <classunload-info classloadercandidates="20" classloadersunloaded="0" classesunloaded="0" anonymousclassesunloaded="0" quiescems="0.000" setupms="0.002" scanms="0.000" postms="0.000" />
</gc-op>
<gc-op id="693" type="sweep" timems="1.182" contextid="688" timestamp="2019-09-21T21:27:13.712" />
<gc-op id="694" type="compact" timems="3.425" contextid="688" timestamp="2019-09-21T21:27:13.716">
  <compact-info movecount="4686" movebytes="1903696" />
  <remembered-set-cleared processed="7595" cleared="1640" durationms="0.187" />
</gc-op>
<gc-end id="695" type="partial gc" contextid="688" durationms="10.108" usertimems="28.000" systemtimems="0.000" timestamp="2019-09-21T21:27:13.716" activeThreads="8">
  <mem-info id="696" free="26214400" total="81788928" percent="32">
    <mem type="eden" free="193112" total="2097152" percent="9" />
    <remembered-set count="8800" freebytes="3229568" totalbytes="3264768" percent="98" regionsoverflowed="0" regionsstable="1" regionsrebuilding="0"/>
  </mem-info>
</gc-end>
<cycle-end id="697" type="partial gc" contextid="688" timestamp="2019-09-21T21:27:13.716" />
  <attribute name="elasticGC enabled" value="1" />
  <attribute name= "numThreadsSpecified" value="8" />
  <attribute name="heapSize specified" value="0" />
  <attribute name="Current GC Util" value="113" />
  <attribute name= "Current Time Running" value="10730" />
  <attribute name ="GC Interval" value="0" />
  <attribute name="Target GC Util Change" value ="40.000000" />
  <attribute name="Current GC Util Change" value="113.000000"/>
  <attribute name="Current Error" value="-179.000000" />
  <attribute name="Output H" value="81826672"/>
  <attribute name="Output I" value="1904"/>
  <attribute name="Output T" value="8"/>
  <attribute name= "Current Time Running" value="10730" />
  <attribute name="GC Util currently" value="113" />
  <attribute name="CPU Util currently" value="1659235579423" />
<exclusive-end id="698" timestamp="2019-09-21T21:27:13.716" durationms="10.922" />

<exclusive-start id="699" timestamp="2019-09-21T21:27:14.053" intervalms="348.169">
  <response-info timems="0.048" idlems="0.048" threads="0" lastid="000000000233FC00" lastname="Thread-3" />
</exclusive-start>
<allocation-taxation id="700" taxation-threshold="26214400" timestamp="2019-09-21T21:27:14.054" intervalms="348.127" />
<cycle-start id="701" type="partial gc" contextid="0" timestamp="2019-09-21T21:27:14.054" intervalms="348.125" />
<gc-start id="702" type="partial gc" contextid="701" timestamp="2019-09-21T21:27:14.054">
  <mem-info id="703" free="0" total="81788928" percent="0">
    <mem type="eden" free="0" total="26214400" percent="0" />
    <remembered-set count="8736" freebytes="3229824" totalbytes="3264768" percent="98" regionsoverflowed="0" regionsstable="1" regionsrebuilding="0"/>
  </mem-info>
</gc-start>
<allocation-stats totalBytes="26151016" >
  <allocated-bytes non-tlh="65552" tlh="26085464" arrayletleaf="0"/>
  <largest-consumer threadName="Thread-4" threadId="0000000002343800" bytes="4537880" />
</allocation-stats>
<gc-op id="704" type="mark" timems="4.473" contextid="701" timestamp="2019-09-21T21:27:14.059">
  <trace-info objectcount="5213" scancount="4172" scanbytes="873852" />
  <cardclean-info objects="1841" bytes="118040" />
  <remembered-set-cleared processed="3736" cleared="855" durationms="0.110" />
  <references type="weak" candidates="1" cleared="0" enqueued="0" />
  <references type="phantom" candidates="1" cleared="0" enqueued="0" />
  <stringconstants candidates="3963" cleared="0"  />
  <warning details="Mark invoked due to insufficient free space for Copy-Forward" />
</gc-op>
<gc-op id="705" type="classunload" timems="0.002" contextid="701" timestamp="2019-09-21T21:27:14.059">
  <classunload-info classloadercandidates="20" classloadersunloaded="0" classesunloaded="0" anonymousclassesunloaded="0" quiescems="0.000" setupms="0.002" scanms="0.000" postms="0.000" />
</gc-op>
<gc-op id="706" type="sweep" timems="0.599" contextid="701" timestamp="2019-09-21T21:27:14.060" />
<gc-op id="707" type="compact" timems="3.906" contextid="701" timestamp="2019-09-21T21:27:14.064">
  <compact-info movecount="5213" movebytes="2080400" />
  <remembered-set-cleared processed="7788" cleared="1784" durationms="0.182" />
</gc-op>
<heap-resize id="708" type="expand" space="default" amount="3145728" count="1" timems="0.075" reason="insufficient free space following gc" timestamp="2019-09-21T21:27:14.064" />
<gc-end id="709" type="partial gc" contextid="701" durationms="10.470" usertimems="20.000" systemtimems="0.000" timestamp="2019-09-21T21:27:14.064" activeThreads="8">
  <mem-info id="710" free="28311552" total="84934656" percent="33">
    <mem type="eden" free="8960" total="2097152" percent="0" />
    <remembered-set count="8256" freebytes="3357312" totalbytes="3390336" percent="99" regionsoverflowed="0" regionsstable="1" regionsrebuilding="0"/>
  </mem-info>
</gc-end>
<cycle-end id="711" type="partial gc" contextid="701" timestamp="2019-09-21T21:27:14.064" />
  <attribute name="elasticGC enabled" value="1" />
  <attribute name= "numThreadsSpecified" value="8" />
  <attribute name="heapSize specified" value="0" />
  <attribute name="Current GC Util" value="46" />
  <attribute name= "Current Time Running" value="11078" />
  <attribute name ="GC Interval" value="0" />
  <attribute name="Target GC Util Change" value ="40.000000" />
  <attribute name="Current GC Util Change" value="46.000000"/>
  <attribute name="Current Error" value="-101.000000" />
  <attribute name="Output H" value="81826712"/>
  <attribute name="Output I" value="1944"/>
  <attribute name="Output T" value="8"/>
  <attribute name= "Current Time Running" value="11078" />
  <attribute name="GC Util currently" value="46" />
  <attribute name="CPU Util currently" value="2561999387755" />
<exclusive-end id="712" timestamp="2019-09-21T21:27:14.065" durationms="11.269" />

<exclusive-start id="713" timestamp="2019-09-21T21:27:14.411" intervalms="357.202">
  <response-info timems="0.117" idlems="0.117" threads="0" lastid="0000000002356300" lastname="Thread-9" />
</exclusive-start>
<allocation-taxation id="714" taxation-threshold="28311552" timestamp="2019-09-21T21:27:14.411" intervalms="357.147" />
<cycle-start id="715" type="partial gc" contextid="0" timestamp="2019-09-21T21:27:14.411" intervalms="357.149" />
<gc-start id="716" type="partial gc" contextid="715" timestamp="2019-09-21T21:27:14.411">
  <mem-info id="717" free="0" total="84934656" percent="0">
    <mem type="eden" free="0" total="28311552" percent="0" />
    <remembered-set count="8256" freebytes="3357312" totalbytes="3390336" percent="99" regionsoverflowed="0" regionsstable="1" regionsrebuilding="0"/>
  </mem-info>
</gc-start>
<allocation-stats totalBytes="28162016" >
  <allocated-bytes non-tlh="0" tlh="28162016" arrayletleaf="0"/>
  <largest-consumer threadName="Thread-4" threadId="0000000002343800" bytes="4810616" />
</allocation-stats>
<gc-op id="718" type="mark" timems="1.732" contextid="715" timestamp="2019-09-21T21:27:14.413">
  <trace-info objectcount="4044" scancount="3262" scanbytes="784796" />
  <cardclean-info objects="1847" bytes="118080" />
  <remembered-set-cleared processed="3788" cleared="886" durationms="0.128" />
  <stringconstants candidates="3963" cleared="0"  />
  <warning details="Mark invoked due to insufficient free space for Copy-Forward" />
</gc-op>
<gc-op id="719" type="classunload" timems="0.002" contextid="715" timestamp="2019-09-21T21:27:14.413">
  <classunload-info classloadercandidates="20" classloadersunloaded="0" classesunloaded="0" anonymousclassesunloaded="0" quiescems="0.000" setupms="0.002" scanms="0.000" postms="0.000" />
</gc-op>
<gc-op id="720" type="sweep" timems="0.497" contextid="715" timestamp="2019-09-21T21:27:14.414" />
<gc-op id="721" type="compact" timems="1.875" contextid="715" timestamp="2019-09-21T21:27:14.416">
  <compact-info movecount="4043" movebytes="1646600" />
  <remembered-set-cleared processed="7651" cleared="1607" durationms="0.128" />
</gc-op>
<heap-resize id="722" type="expand" space="default" amount="1048576" count="1" timems="0.065" reason="insufficient free space following gc" timestamp="2019-09-21T21:27:14.417" />
<gc-end id="723" type="partial gc" contextid="715" durationms="5.626" usertimems="12.000" systemtimems="4.000" timestamp="2019-09-21T21:27:14.417" activeThreads="8">
  <mem-info id="724" free="28311552" total="85983232" percent="32">
    <mem type="eden" free="449864" total="2097152" percent="21" />
    <remembered-set count="8416" freebytes="3398528" totalbytes="3432192" percent="99" regionsoverflowed="0" regionsstable="1" regionsrebuilding="0"/>
  </mem-info>
</gc-end>
<cycle-end id="725" type="partial gc" contextid="715" timestamp="2019-09-21T21:27:14.417" />
  <attribute name="elasticGC enabled" value="1" />
  <attribute name= "numThreadsSpecified" value="8" />
  <attribute name="heapSize specified" value="0" />
  <attribute name="Current GC Util" value="49" />
  <attribute name= "Current Time Running" value="11432" />
  <attribute name ="GC Interval" value="0" />
  <attribute name="Target GC Util Change" value ="40.000000" />
  <attribute name="Current GC Util Change" value="49.000000"/>
  <attribute name="Current Error" value="-203.000000" />
  <attribute name="Output H" value="84972384"/>
  <attribute name="Output I" value="1888"/>
  <attribute name="Output T" value="8"/>
  <attribute name= "Current Time Running" value="11432" />
  <attribute name="GC Util currently" value="49" />
  <attribute name="CPU Util currently" value="3200221786473" />
<exclusive-end id="726" timestamp="2019-09-21T21:27:14.417" durationms="6.371" />

<exclusive-start id="727" timestamp="2019-09-21T21:27:14.812" intervalms="401.238">
  <response-info timems="0.133" idlems="0.073" threads="1" lastid="000000000234EB00" lastname="Thread-7" />
</exclusive-start>
<allocation-taxation id="728" taxation-threshold="28311552" timestamp="2019-09-21T21:27:14.812" intervalms="401.191" />
<cycle-start id="729" type="partial gc" contextid="0" timestamp="2019-09-21T21:27:14.812" intervalms="401.183" />
<gc-start id="730" type="partial gc" contextid="729" timestamp="2019-09-21T21:27:14.812">
  <mem-info id="731" free="0" total="85983232" percent="0">
    <mem type="eden" free="0" total="28311552" percent="0" />
    <remembered-set count="8128" freebytes="3399680" totalbytes="3432192" percent="99" regionsoverflowed="0" regionsstable="1" regionsrebuilding="0"/>
  </mem-info>
</gc-start>
<allocation-stats totalBytes="28209952" >
  <allocated-bytes non-tlh="81952" tlh="28128000" arrayletleaf="0"/>
  <largest-consumer threadName="Thread-9" threadId="0000000002356300" bytes="4643552" />
</allocation-stats>
<gc-op id="732" type="mark" timems="1.568" contextid="729" timestamp="2019-09-21T21:27:14.814">
  <trace-info objectcount="4592" scancount="3698" scanbytes="851748" />
  <cardclean-info objects="1849" bytes="118192" />
  <remembered-set-cleared processed="3684" cleared="763" durationms="0.132" />
  <references type="phantom" candidates="1" cleared="0" enqueued="0" />
  <stringconstants candidates="3963" cleared="0"  />
  <warning details="Mark invoked due to insufficient free space for Copy-Forward" />
</gc-op>
<gc-op id="733" type="classunload" timems="0.002" contextid="729" timestamp="2019-09-21T21:27:14.814">
  <classunload-info classloadercandidates="20" classloadersunloaded="0" classesunloaded="0" anonymousclassesunloaded="0" quiescems="0.000" setupms="0.002" scanms="0.000" postms="0.000" />
</gc-op>
<gc-op id="734" type="sweep" timems="0.371" contextid="729" timestamp="2019-09-21T21:27:14.815" />
<gc-op id="735" type="compact" timems="1.692" contextid="729" timestamp="2019-09-21T21:27:14.817">
  <compact-info movecount="4592" movebytes="1911136" />
  <remembered-set-cleared processed="7674" cleared="1591" durationms="0.132" />
</gc-op>
<gc-end id="736" type="partial gc" contextid="729" durationms="4.831" usertimems="4.000" systemtimems="8.000" timestamp="2019-09-21T21:27:14.817" activeThreads="8">
  <mem-info id="737" free="27262976" total="85983232" percent="31">
    <mem type="eden" free="185856" total="2097152" percent="8" />
    <remembered-set count="8800" freebytes="3396992" totalbytes="3432192" percent="98" regionsoverflowed="0" regionsstable="1" regionsrebuilding="0"/>
  </mem-info>
</gc-end>
<cycle-end id="738" type="partial gc" contextid="729" timestamp="2019-09-21T21:27:14.817" />
  <attribute name="elasticGC enabled" value="1" />
  <attribute name= "numThreadsSpecified" value="8" />
  <attribute name="heapSize specified" value="0" />
  <attribute name="Current GC Util" value="51" />
  <attribute name= "Current Time Running" value="11833" />
  <attribute name ="GC Interval" value="0" />
  <attribute name="Target GC Util Change" value ="40.000000" />
  <attribute name="Current GC Util Change" value="51.000000"/>
  <attribute name="Current Error" value="-122.000000" />
  <attribute name="Output H" value="86021008"/>
  <attribute name="Output I" value="1936"/>
  <attribute name="Output T" value="8"/>
  <attribute name= "Current Time Running" value="11833" />
  <attribute name="GC Util currently" value="51" />
  <attribute name="CPU Util currently" value="3806893493303" />
<exclusive-end id="739" timestamp="2019-09-21T21:27:14.817" durationms="5.510" />

<exclusive-start id="740" timestamp="2019-09-21T21:27:15.147" intervalms="334.823">
  <response-info timems="0.044" idlems="0.044" threads="0" lastid="0000000002359F00" lastname="Thread-10" />
</exclusive-start>
<allocation-taxation id="741" taxation-threshold="27262976" timestamp="2019-09-21T21:27:15.147" intervalms="334.929" />
<cycle-start id="742" type="partial gc" contextid="0" timestamp="2019-09-21T21:27:15.147" intervalms="334.961" />
<gc-start id="743" type="partial gc" contextid="742" timestamp="2019-09-21T21:27:15.147">
  <mem-info id="744" free="0" total="85983232" percent="0">
    <mem type="eden" free="0" total="27262976" percent="0" />
    <remembered-set count="8576" freebytes="3397888" totalbytes="3432192" percent="99" regionsoverflowed="0" regionsstable="1" regionsrebuilding="0"/>
  </mem-info>
</gc-start>
<allocation-stats totalBytes="27145120" >
  <allocated-bytes non-tlh="0" tlh="27145120" arrayletleaf="0"/>
  <largest-consumer threadName="Thread-3" threadId="000000000233FC00" bytes="4065704" />
</allocation-stats>
<gc-op id="745" type="mark" timems="1.486" contextid="742" timestamp="2019-09-21T21:27:15.149">
  <trace-info objectcount="4054" scancount="3259" scanbytes="834384" />
  <cardclean-info objects="1840" bytes="117904" />
  <remembered-set-cleared processed="3781" cleared="837" durationms="0.108" />
  <stringconstants candidates="3963" cleared="0"  />
  <warning details="Mark invoked due to insufficient free space for Copy-Forward" />
</gc-op>
<gc-op id="746" type="classunload" timems="0.002" contextid="742" timestamp="2019-09-21T21:27:15.149">
  <classunload-info classloadercandidates="20" classloadersunloaded="0" classesunloaded="0" anonymousclassesunloaded="0" quiescems="0.000" setupms="0.002" scanms="0.000" postms="0.000" />
</gc-op>
<gc-op id="747" type="sweep" timems="0.372" contextid="742" timestamp="2019-09-21T21:27:15.150" />
<gc-op id="748" type="compact" timems="1.725" contextid="742" timestamp="2019-09-21T21:27:15.152">
  <compact-info movecount="4054" movebytes="1833392" />
  <remembered-set-cleared processed="7712" cleared="1567" durationms="0.108" />
</gc-op>
<heap-resize id="749" type="expand" space="default" amount="3145728" count="1" timems="0.066" reason="insufficient free space following gc" timestamp="2019-09-21T21:27:15.152" />
<gc-end id="750" type="partial gc" contextid="742" durationms="4.963" usertimems="8.000" systemtimems="0.000" timestamp="2019-09-21T21:27:15.152" activeThreads="8">
  <mem-info id="751" free="29360128" total="89128960" percent="32">
    <mem type="eden" free="246944" total="2097152" percent="11" />
    <remembered-set count="9120" freebytes="3521280" totalbytes="3557760" percent="98" regionsoverflowed="0" regionsstable="1" regionsrebuilding="0"/>
  </mem-info>
</gc-end>
<cycle-end id="752" type="partial gc" contextid="742" timestamp="2019-09-21T21:27:15.152" />
  <attribute name="elasticGC enabled" value="1" />
  <attribute name= "numThreadsSpecified" value="8" />
  <attribute name="heapSize specified" value="0" />
  <attribute name="Current GC Util" value="50" />
  <attribute name= "Current Time Running" value="12168" />
  <attribute name ="GC Interval" value="0" />
  <attribute name="Target GC Util Change" value ="40.000000" />
  <attribute name="Current GC Util Change" value="50.000000"/>
  <attribute name="Current Error" value="-108.000000" />
  <attribute name="Output H" value="86021016"/>
  <attribute name="Output I" value="1944"/>
  <attribute name="Output T" value="8"/>
  <attribute name= "Current Time Running" value="12168" />
  <attribute name="GC Util currently" value="50" />
  <attribute name="CPU Util currently" value="3861846682244" />
<exclusive-end id="753" timestamp="2019-09-21T21:27:15.152" durationms="5.762" />

<exclusive-start id="754" timestamp="2019-09-21T21:27:15.502" intervalms="355.451">
  <response-info timems="0.054" idlems="0.054" threads="0" lastid="0000000002343800" lastname="Thread-4" />
</exclusive-start>
<allocation-taxation id="755" taxation-threshold="28311552" timestamp="2019-09-21T21:27:15.502" intervalms="355.389" />
<cycle-start id="756" type="partial gc" contextid="0" timestamp="2019-09-21T21:27:15.502" intervalms="355.369" />
<gc-start id="757" type="partial gc" contextid="756" timestamp="2019-09-21T21:27:15.503">
  <mem-info id="758" free="1048576" total="89128960" percent="1">
    <mem type="eden" free="0" total="28311552" percent="0" />
    <remembered-set count="8768" freebytes="3522688" totalbytes="3557760" percent="99" regionsoverflowed="0" regionsstable="1" regionsrebuilding="0"/>
  </mem-info>
</gc-start>
<allocation-stats totalBytes="28273032" >
  <allocated-bytes non-tlh="32776" tlh="28240256" arrayletleaf="0"/>
  <largest-consumer threadName="Thread-4" threadId="0000000002343800" bytes="4217424" />
</allocation-stats>
<gc-op id="759" type="copy forward" timems="3.076" contextid="756" timestamp="2019-09-21T21:27:15.506">
  <memory-copied type="eden" objects="4320" bytes="1766792" bytesdiscarded="255800" />
  <memory-copied type="other" objects="8" bytes="288" bytesdiscarded="0" />
  <memory-cardclean objects="1827" bytes="149144" />
  <regions eden="27" other="2" />
  <remembered-set-cleared processed="3745" cleared="776" durationms="0.123" />
  <references type="phantom" candidates="2" cleared="0" enqueued="0" />
  <stringconstants candidates="3963" cleared="0"  />
  <heap-resize type="expand" space="default" amount="4194304" count="4" timems="0.500" reason="continue current collection" />
</gc-op>
<gc-op id="760" type="classunload" timems="0.002" contextid="756" timestamp="2019-09-21T21:27:15.506">
  <classunload-info classloadercandidates="20" classloadersunloaded="0" classesunloaded="0" anonymousclassesunloaded="0" quiescems="0.000" setupms="0.002" scanms="0.000" postms="0.000" />
</gc-op>
<gc-op id="761" type="compact" timems="1.497" contextid="756" timestamp="2019-09-21T21:27:15.508">
  <compact-info movecount="0" movebytes="0" />
  <remembered-set-cleared processed="7576" cleared="776" durationms="0.123" />
</gc-op>
<gc-end id="762" type="partial gc" contextid="756" durationms="5.938" usertimems="4.000" systemtimems="4.000" timestamp="2019-09-21T21:27:15.508" activeThreads="8">
  <mem-info id="763" free="30408704" total="93323264" percent="32">
    <mem type="eden" free="2171568" total="4194304" percent="51" />
    <remembered-set count="7744" freebytes="3694208" totalbytes="3725184" percent="99" regionsoverflowed="0" regionsstable="1" regionsrebuilding="0"/>
  </mem-info>
</gc-end>
<cycle-end id="764" type="partial gc" contextid="756" timestamp="2019-09-21T21:27:15.509" />
  <attribute name="elasticGC enabled" value="1" />
  <attribute name= "numThreadsSpecified" value="8" />
  <attribute name="heapSize specified" value="0" />
  <attribute name="Current GC Util" value="140" />
  <attribute name= "Current Time Running" value="12524" />
  <attribute name ="GC Interval" value="0" />
  <attribute name="Target GC Util Change" value ="40.000000" />
  <attribute name="Current GC Util Change" value="140.000000"/>
  <attribute name="Current Error" value="-206.000000" />
  <attribute name="Output H" value="93360992"/>
  <attribute name="Output I" value="1888"/>
  <attribute name="Output T" value="8"/>
  <attribute name= "Current Time Running" value="12524" />
  <attribute name="GC Util currently" value="140" />
  <attribute name="CPU Util currently" value="656953857797" />
<exclusive-end id="765" timestamp="2019-09-21T21:27:15.509" durationms="7.022" />

<exclusive-start id="766" timestamp="2019-09-21T21:27:15.851" intervalms="348.859">
  <response-info timems="0.058" idlems="0.058" threads="0" lastid="000000000234AF00" lastname="Thread-6" />
</exclusive-start>
<allocation-taxation id="767" taxation-threshold="29360128" timestamp="2019-09-21T21:27:15.851" intervalms="348.879" />
<cycle-start id="768" type="partial gc" contextid="0" timestamp="2019-09-21T21:27:15.851" intervalms="348.893" />
<gc-start id="769" type="partial gc" contextid="768" timestamp="2019-09-21T21:27:15.851">
  <mem-info id="770" free="1048576" total="93323264" percent="1">
    <mem type="eden" free="0" total="29360128" percent="0" />
    <remembered-set count="7744" freebytes="3694208" totalbytes="3725184" percent="99" regionsoverflowed="0" regionsstable="1" regionsrebuilding="0"/>
  </mem-info>
</gc-start>
<allocation-stats totalBytes="29245944" >
  <allocated-bytes non-tlh="245824" tlh="29000120" arrayletleaf="0"/>
  <largest-consumer threadName="Thread-8" threadId="0000000002352700" bytes="5040552" />
</allocation-stats>
<gc-op id="771" type="copy forward" timems="2.485" contextid="768" timestamp="2019-09-21T21:27:15.854">
  <memory-copied type="eden" objects="4887" bytes="1980568" bytesdiscarded="324416" />
  <memory-copied type="other" objects="12" bytes="432" bytesdiscarded="0" />
  <memory-cardclean objects="1820" bytes="149840" />
  <regions eden="28" other="4" />
  <remembered-set-cleared processed="3677" cleared="678" durationms="0.121" />
  <references type="phantom" candidates="1" cleared="0" enqueued="0" />
  <stringconstants candidates="3963" cleared="0"  />
  <heap-resize type="expand" space="default" amount="4194304" count="4" timems="0.316" reason="continue current collection" />
</gc-op>
<gc-op id="772" type="classunload" timems="0.003" contextid="768" timestamp="2019-09-21T21:27:15.855">
  <classunload-info classloadercandidates="20" classloadersunloaded="0" classesunloaded="0" anonymousclassesunloaded="0" quiescems="0.000" setupms="0.003" scanms="0.000" postms="0.000" />
</gc-op>
<gc-op id="773" type="compact" timems="1.260" contextid="768" timestamp="2019-09-21T21:27:15.856">
  <compact-info movecount="0" movebytes="0" />
  <remembered-set-cleared processed="7603" cleared="678" durationms="0.121" />
</gc-op>
<gc-end id="774" type="partial gc" contextid="768" durationms="5.032" usertimems="8.000" systemtimems="0.000" timestamp="2019-09-21T21:27:15.856" activeThreads="8">
  <mem-info id="775" free="33554432" total="97517568" percent="34">
    <mem type="eden" free="1889184" total="4194304" percent="45" />
    <remembered-set count="8320" freebytes="3859328" totalbytes="3892608" percent="99" regionsoverflowed="0" regionsstable="1" regionsrebuilding="0"/>
  </mem-info>
</gc-end>
<cycle-end id="776" type="partial gc" contextid="768" timestamp="2019-09-21T21:27:15.857" />
  <attribute name="elasticGC enabled" value="1" />
  <attribute name= "numThreadsSpecified" value="8" />
  <attribute name="heapSize specified" value="0" />
  <attribute name="Current GC Util" value="135" />
  <attribute name= "Current Time Running" value="12873" />
  <attribute name ="GC Interval" value="0" />
  <attribute name="Target GC Util Change" value ="40.000000" />
  <attribute name="Current GC Util Change" value="135.000000"/>
  <attribute name="Current Error" value="-141.000000" />
  <attribute name="Output H" value="97555328"/>
  <attribute name="Output I" value="1920"/>
  <attribute name="Output T" value="8"/>
  <attribute name= "Current Time Running" value="12873" />
  <attribute name="GC Util currently" value="135" />
  <attribute name="CPU Util currently" value="795199167653" />
<exclusive-end id="777" timestamp="2019-09-21T21:27:15.857" durationms="5.841" />

<exclusive-start id="778" timestamp="2019-09-21T21:27:16.219" intervalms="367.939">
  <response-info timems="0.041" idlems="0.041" threads="0" lastid="0000000002343800" lastname="Thread-4" />
</exclusive-start>
<allocation-taxation id="779" taxation-threshold="30408704" timestamp="2019-09-21T21:27:16.219" intervalms="367.999" />
<cycle-start id="780" type="partial gc" contextid="0" timestamp="2019-09-21T21:27:16.219" intervalms="367.979" />
<gc-start id="781" type="partial gc" contextid="780" timestamp="2019-09-21T21:27:16.219">
  <mem-info id="782" free="3145728" total="97517568" percent="3">
    <mem type="eden" free="0" total="30408704" percent="0" />
    <remembered-set count="8320" freebytes="3859328" totalbytes="3892608" percent="99" regionsoverflowed="0" regionsstable="1" regionsrebuilding="0"/>
  </mem-info>
</gc-start>
<allocation-stats totalBytes="30337576" >
  <allocated-bytes non-tlh="237632" tlh="30099944" arrayletleaf="0"/>
  <largest-consumer threadName="Thread-10" threadId="0000000002359F00" bytes="4879008" />
</allocation-stats>
<gc-op id="783" type="copy forward" timems="2.051" contextid="780" timestamp="2019-09-21T21:27:16.222">
  <memory-copied type="eden" objects="5370" bytes="2076640" bytesdiscarded="272216" />
  <memory-copied type="other" objects="8" bytes="288" bytesdiscarded="0" />
  <memory-cardclean objects="1839" bytes="149544" />
  <regions eden="29" other="4" />
  <remembered-set-cleared processed="3767" cleared="753" durationms="0.119" />
  <stringconstants candidates="3963" cleared="0"  />
  <heap-resize type="expand" space="default" amount="2097152" count="2" timems="0.117" reason="continue current collection" />
</gc-op>
<gc-op id="784" type="classunload" timems="0.003" contextid="780" timestamp="2019-09-21T21:27:16.222">
  <classunload-info classloadercandidates="20" classloadersunloaded="0" classesunloaded="0" anonymousclassesunloaded="0" quiescems="0.000" setupms="0.003" scanms="0.000" postms="0.000" />
</gc-op>
<gc-end id="785" type="partial gc" contextid="780" durationms="2.941" usertimems="4.000" systemtimems="0.000" timestamp="2019-09-21T21:27:16.222" activeThreads="8">
  <mem-info id="786" free="34603008" total="99614720" percent="34">
    <mem type="eden" free="1845320" total="4194304" percent="43" />
    <remembered-set count="10016" freebytes="3936256" totalbytes="3976320" percent="98" regionsoverflowed="0" regionsstable="1" regionsrebuilding="0"/>
  </mem-info>
</gc-end>
<cycle-end id="787" type="partial gc" contextid="780" timestamp="2019-09-21T21:27:16.223" />
  <attribute name="elasticGC enabled" value="1" />
  <attribute name= "numThreadsSpecified" value="8" />
  <attribute name="heapSize specified" value="0" />
  <attribute name="Current GC Util" value="85" />
  <attribute name= "Current Time Running" value="13238" />
  <attribute name ="GC Interval" value="0" />
  <attribute name="Target GC Util Change" value ="40.000000" />
  <attribute name="Current GC Util Change" value="85.000000"/>
  <attribute name="Current Error" value="-147.000000" />
  <attribute name="Output H" value="97555328"/>
  <attribute name="Output I" value="1920"/>
  <attribute name="Output T" value="8"/>
  <attribute name= "Current Time Running" value="13238" />
  <attribute name="GC Util currently" value="85" />
  <attribute name="CPU Util currently" value="8978649926618" />
<exclusive-end id="788" timestamp="2019-09-21T21:27:16.223" durationms="4.091" />

<exclusive-start id="789" timestamp="2019-09-21T21:27:16.595" intervalms="376.485">
  <response-info timems="0.084" idlems="0.084" threads="0" lastid="000000000233FC00" lastname="Thread-3" />
</exclusive-start>
<allocation-taxation id="790" taxation-threshold="31457280" timestamp="2019-09-21T21:27:16.596" intervalms="376.456" />
<cycle-start id="791" type="partial gc" contextid="0" timestamp="2019-09-21T21:27:16.596" intervalms="376.471" />
<gc-start id="792" type="partial gc" contextid="791" timestamp="2019-09-21T21:27:16.596">
  <mem-info id="793" free="3145728" total="99614720" percent="3">
    <mem type="eden" free="0" total="31457280" percent="0" />
    <remembered-set count="9888" freebytes="3936768" totalbytes="3976320" percent="99" regionsoverflowed="0" regionsstable="1" regionsrebuilding="0"/>
  </mem-info>
</gc-start>
<allocation-stats totalBytes="31389360" >
  <allocated-bytes non-tlh="8200" tlh="31381160" arrayletleaf="0"/>
  <largest-consumer threadName="Thread-9" threadId="0000000002356300" bytes="5569120" />
</allocation-stats>
<gc-op id="794" type="copy forward" timems="2.331" contextid="791" timestamp="2019-09-21T21:27:16.599">
  <memory-copied type="eden" objects="4819" bytes="1877944" bytesdiscarded="325912" />
  <memory-copied type="other" objects="16" bytes="576" bytesdiscarded="0" />
  <memory-cardclean objects="1842" bytes="150432" />
  <regions eden="30" other="5" />
  <remembered-set-cleared processed="3805" cleared="801" durationms="0.122" />
  <stringconstants candidates="3963" cleared="0"  />
  <heap-resize type="expand" space="default" amount="2097152" count="2" timems="0.109" reason="continue current collection" />
</gc-op>
<gc-op id="795" type="classunload" timems="0.003" contextid="791" timestamp="2019-09-21T21:27:16.599">
  <classunload-info classloadercandidates="20" classloadersunloaded="0" classesunloaded="0" anonymousclassesunloaded="0" quiescems="0.000" setupms="0.002" scanms="0.000" postms="0.000" />
</gc-op>
<heap-resize id="796" type="contract" space="default" amount="1048576" count="1" timems="0.156" reason="insufficient time being spent in gc" timestamp="2019-09-21T21:27:16.599" />
<gc-end id="797" type="partial gc" contextid="791" durationms="3.675" usertimems="4.000" systemtimems="4.000" timestamp="2019-09-21T21:27:16.600" activeThreads="8">
  <mem-info id="798" free="35651584" total="100663296" percent="35">
    <mem type="eden" free="941744" total="3145728" percent="29" />
    <remembered-set count="10432" freebytes="4018304" totalbytes="4060032" percent="98" regionsoverflowed="0" regionsstable="1" regionsrebuilding="0"/>
  </mem-info>
</gc-end>
<cycle-end id="799" type="partial gc" contextid="791" timestamp="2019-09-21T21:27:16.600" />
  <attribute name="elasticGC enabled" value="1" />
  <attribute name= "numThreadsSpecified" value="8" />
  <attribute name="heapSize specified" value="0" />
  <attribute name="Current GC Util" value="81" />
  <attribute name= "Current Time Running" value="13614" />
  <attribute name ="GC Interval" value="0" />
  <attribute name="Target GC Util Change" value ="40.000000" />
  <attribute name="Current GC Util Change" value="81.000000"/>
  <attribute name="Current Error" value="-149.000000" />
  <attribute name="Output H" value="99652480"/>
  <attribute name="Output I" value="1920"/>
  <attribute name="Output T" value="8"/>
  <attribute name= "Current Time Running" value="13614" />
  <attribute name="GC Util currently" value="81" />
  <attribute name="CPU Util currently" value="8277605872198" />
<exclusive-end id="800" timestamp="2019-09-21T21:27:16.600" durationms="4.628" />

<exclusive-start id="801" timestamp="2019-09-21T21:27:16.965" intervalms="370.119">
  <response-info timems="0.164" idlems="0.086" threads="1" lastid="0000000002347300" lastname="Thread-5" />
</exclusive-start>
<allocation-taxation id="802" taxation-threshold="31457280" timestamp="2019-09-21T21:27:16.966" intervalms="370.038" />
<cycle-start id="803" type="partial gc" contextid="0" timestamp="2019-09-21T21:27:16.966" intervalms="370.019" />
<gc-start id="804" type="partial gc" contextid="803" timestamp="2019-09-21T21:27:16.966">
  <mem-info id="805" free="4194304" total="100663296" percent="4">
    <mem type="eden" free="0" total="31457280" percent="0" />
    <remembered-set count="10208" freebytes="4019200" totalbytes="4060032" percent="98" regionsoverflowed="0" regionsstable="1" regionsrebuilding="0"/>
  </mem-info>
</gc-start>
<allocation-stats totalBytes="31367240" >
  <allocated-bytes non-tlh="16392" tlh="31350848" arrayletleaf="0"/>
  <largest-consumer threadName="Thread-4" threadId="0000000002343800" bytes="5203704" />
</allocation-stats>
<gc-op id="806" type="copy forward" timems="2.503" contextid="803" timestamp="2019-09-21T21:27:16.969">
  <memory-copied type="eden" objects="4861" bytes="1954688" bytesdiscarded="131080" />
  <memory-copied type="other" objects="4" bytes="144" bytesdiscarded="0" />
  <memory-cardclean objects="1856" bytes="153384" />
  <regions eden="30" other="3" />
  <remembered-set-cleared processed="3731" cleared="899" durationms="0.134" />
  <references type="weak" candidates="1" cleared="0" enqueued="0" />
  <references type="phantom" candidates="2" cleared="0" enqueued="0" />
  <stringconstants candidates="3963" cleared="0"  />
</gc-op>
<gc-op id="807" type="classunload" timems="0.002" contextid="803" timestamp="2019-09-21T21:27:16.969">
  <classunload-info classloadercandidates="20" classloadersunloaded="0" classesunloaded="0" anonymousclassesunloaded="0" quiescems="0.000" setupms="0.002" scanms="0.000" postms="0.000" />
</gc-op>
<gc-end id="808" type="partial gc" contextid="803" durationms="3.721" usertimems="0.000" systemtimems="8.000" timestamp="2019-09-21T21:27:16.970" activeThreads="8">
  <mem-info id="809" free="34603008" total="100663296" percent="34">
    <mem type="eden" free="1059824" total="3145728" percent="33" />
    <remembered-set count="10240" freebytes="3977216" totalbytes="4018176" percent="98" regionsoverflowed="0" regionsstable="1" regionsrebuilding="0"/>
  </mem-info>
</gc-end>
<cycle-end id="810" type="partial gc" contextid="803" timestamp="2019-09-21T21:27:16.970" />
  <attribute name="elasticGC enabled" value="1" />
  <attribute name= "numThreadsSpecified" value="8" />
  <attribute name="heapSize specified" value="0" />
  <attribute name="Current GC Util" value="39" />
  <attribute name= "Current Time Running" value="13984" />
  <attribute name ="GC Interval" value="0" />
  <attribute name="Target GC Util Change" value ="40.000000" />
  <attribute name="Current GC Util Change" value="39.000000"/>
  <attribute name="Current Error" value="40.000000" />
  <attribute name="Output H" value="100701160"/>
  <attribute name="Output I" value="2024"/>
  <attribute name="Output T" value="8"/>
  <attribute name= "Current Time Running" value="13984" />
  <attribute name="GC Util currently" value="39" />
  <attribute name="CPU Util currently" value="4165103596590" />
<exclusive-end id="811" timestamp="2019-09-21T21:27:16.970" durationms="4.454" />

<exclusive-start id="812" timestamp="2019-09-21T21:27:17.366" intervalms="400.087">
  <response-info timems="0.038" idlems="0.038" threads="0" lastid="0000000002343800" lastname="Thread-4" />
</exclusive-start>
<allocation-taxation id="813" taxation-threshold="31457280" timestamp="2019-09-21T21:27:17.366" intervalms="400.171" />
<cycle-start id="814" type="partial gc" contextid="0" timestamp="2019-09-21T21:27:17.366" intervalms="400.187" />
<gc-start id="815" type="partial gc" contextid="814" timestamp="2019-09-21T21:27:17.366">
  <mem-info id="816" free="3145728" total="100663296" percent="3">
    <mem type="eden" free="0" total="31457280" percent="0" />
    <remembered-set count="10176" freebytes="3977472" totalbytes="4018176" percent="98" regionsoverflowed="0" regionsstable="1" regionsrebuilding="0"/>
  </mem-info>
</gc-start>
<allocation-stats totalBytes="31445400" >
  <allocated-bytes non-tlh="32784" tlh="31412616" arrayletleaf="0"/>
  <largest-consumer threadName="Thread-4" threadId="0000000002343800" bytes="5449280" />
</allocation-stats>
<gc-op id="817" type="copy forward" timems="2.308" contextid="814" timestamp="2019-09-21T21:27:17.369">
  <memory-copied type="eden" objects="5518" bytes="2103672" bytesdiscarded="211104" />
  <memory-copied type="other" objects="4" bytes="144" bytesdiscarded="0" />
  <memory-cardclean objects="1829" bytes="150784" />
  <regions eden="30" other="3" />
  <remembered-set-cleared processed="3630" cleared="778" durationms="0.134" />
  <stringconstants candidates="3963" cleared="0"  />
  <heap-resize type="expand" space="default" amount="1048576" count="1" timems="0.056" reason="continue current collection" />
</gc-op>
<gc-op id="818" type="classunload" timems="0.002" contextid="814" timestamp="2019-09-21T21:27:17.369">
  <classunload-info classloadercandidates="20" classloadersunloaded="0" classesunloaded="0" anonymousclassesunloaded="0" quiescems="0.000" setupms="0.002" scanms="0.000" postms="0.000" />
</gc-op>
<gc-end id="819" type="partial gc" contextid="814" durationms="3.254" usertimems="4.000" systemtimems="0.000" timestamp="2019-09-21T21:27:17.369" activeThreads="8">
  <mem-info id="820" free="34603008" total="101711872" percent="34">
    <mem type="eden" free="830824" total="3145728" percent="26" />
    <remembered-set count="9216" freebytes="4023168" totalbytes="4060032" percent="99" regionsoverflowed="0" regionsstable="1" regionsrebuilding="0"/>
  </mem-info>
</gc-end>
<cycle-end id="821" type="partial gc" contextid="814" timestamp="2019-09-21T21:27:17.370" />
  <attribute name="elasticGC enabled" value="1" />
  <attribute name= "numThreadsSpecified" value="8" />
  <attribute name="heapSize specified" value="0" />
  <attribute name="Current GC Util" value="73" />
  <attribute name= "Current Time Running" value="14384" />
  <attribute name ="GC Interval" value="0" />
  <attribute name="Target GC Util Change" value ="40.000000" />
  <attribute name="Current GC Util Change" value="73.000000"/>
  <attribute name="Current Error" value="46.000000" />
  <attribute name="Output H" value="100701168"/>
  <attribute name="Output I" value="2032"/>
  <attribute name="Output T" value="8"/>
  <attribute name= "Current Time Running" value="14384" />
  <attribute name="GC Util currently" value="73" />
  <attribute name="CPU Util currently" value="7364110775866" />
<exclusive-end id="822" timestamp="2019-09-21T21:27:17.370" durationms="4.289" />

<exclusive-start id="823" timestamp="2019-09-21T21:27:17.685" intervalms="319.728">
  <response-info timems="0.050" idlems="0.050" threads="0" lastid="0000000002356300" lastname="Thread-9" />
</exclusive-start>
<allocation-taxation id="824" taxation-threshold="31457280" timestamp="2019-09-21T21:27:17.685" intervalms="319.675" />
<cycle-start id="825" type="partial gc" contextid="0" timestamp="2019-09-21T21:27:17.685" intervalms="319.659" />
<gc-start id="826" type="partial gc" contextid="825" timestamp="2019-09-21T21:27:17.686">
  <mem-info id="827" free="3145728" total="101711872" percent="3">
    <mem type="eden" free="0" total="31457280" percent="0" />
    <remembered-set count="9088" freebytes="4023680" totalbytes="4060032" percent="99" regionsoverflowed="0" regionsstable="1" regionsrebuilding="0"/>
  </mem-info>
</gc-start>
<allocation-stats totalBytes="31311000" >
  <allocated-bytes non-tlh="24592" tlh="31286408" arrayletleaf="0"/>
  <largest-consumer threadName="Thread-3" threadId="000000000233FC00" bytes="4945016" />
</allocation-stats>
<gc-op id="828" type="copy forward" timems="2.256" contextid="825" timestamp="2019-09-21T21:27:17.689">
  <memory-copied type="eden" objects="4696" bytes="1862576" bytesdiscarded="222192" />
  <memory-copied type="other" objects="12" bytes="432" bytesdiscarded="0" />
  <memory-cardclean objects="1836" bytes="151040" />
  <regions eden="30" other="3" />
  <remembered-set-cleared processed="3655" cleared="797" durationms="0.139" />
  <stringconstants candidates="3963" cleared="0"  />
  <heap-resize type="expand" space="default" amount="1048576" count="1" timems="0.072" reason="continue current collection" />
</gc-op>
<gc-op id="829" type="classunload" timems="0.002" contextid="825" timestamp="2019-09-21T21:27:17.689">
  <classunload-info classloadercandidates="20" classloadersunloaded="0" classesunloaded="0" anonymousclassesunloaded="0" quiescems="0.000" setupms="0.002" scanms="0.000" postms="0.000" />
</gc-op>
<gc-end id="830" type="partial gc" contextid="825" durationms="3.117" usertimems="8.000" systemtimems="0.000" timestamp="2019-09-21T21:27:17.689" activeThreads="8">
  <mem-info id="831" free="34603008" total="102760448" percent="33">
    <mem type="eden" free="1060832" total="3145728" percent="33" />
    <remembered-set count="9216" freebytes="4065024" totalbytes="4101888" percent="99" regionsoverflowed="0" regionsstable="1" regionsrebuilding="0"/>
  </mem-info>
</gc-end>
<cycle-end id="832" type="partial gc" contextid="825" timestamp="2019-09-21T21:27:17.689" />
  <attribute name="elasticGC enabled" value="1" />
  <attribute name= "numThreadsSpecified" value="8" />
  <attribute name="heapSize specified" value="0" />
  <attribute name="Current GC Util" value="79" />
  <attribute name= "Current Time Running" value="14704" />
  <attribute name ="GC Interval" value="0" />
  <attribute name="Target GC Util Change" value ="40.000000" />
  <attribute name="Current GC Util Change" value="79.000000"/>
  <attribute name="Current Error" value="46.000000" />
  <attribute name="Output H" value="101749744"/>
  <attribute name="Output I" value="2032"/>
  <attribute name="Output T" value="8"/>
  <attribute name= "Current Time Running" value="14704" />
  <attribute name="GC Util currently" value="79" />
  <attribute name="CPU Util currently" value="7715694450005" />
<exclusive-end id="833" timestamp="2019-09-21T21:27:17.689" durationms="3.859" />

<exclusive-start id="834" timestamp="2019-09-21T21:27:18.066" intervalms="381.203">
  <response-info timems="0.050" idlems="0.050" threads="0" lastid="0000000002359F00" lastname="Thread-10" />
</exclusive-start>
<allocation-taxation id="835" taxation-threshold="32505856" timestamp="2019-09-21T21:27:18.067" intervalms="381.234" />
<cycle-start id="836" type="partial gc" contextid="0" timestamp="2019-09-21T21:27:18.067" intervalms="381.239" />
<gc-start id="837" type="partial gc" contextid="836" timestamp="2019-09-21T21:27:18.067">
  <mem-info id="838" free="2097152" total="102760448" percent="2">
    <mem type="eden" free="1022160" total="33554432" percent="3" />
    <remembered-set count="9056" freebytes="4065664" totalbytes="4101888" percent="99" regionsoverflowed="0" regionsstable="1" regionsrebuilding="0"/>
  </mem-info>
</gc-start>
<allocation-stats totalBytes="32453624" >
  <allocated-bytes non-tlh="32792" tlh="32420832" arrayletleaf="0"/>
  <largest-consumer threadName="Thread-7" threadId="000000000234EB00" bytes="5841768" />
</allocation-stats>
<gc-op id="839" type="copy forward" timems="3.005" contextid="836" timestamp="2019-09-21T21:27:18.071">
  <memory-copied type="eden" objects="5445" bytes="2083064" bytesdiscarded="341272" />
  <memory-copied type="other" objects="20" bytes="720" bytesdiscarded="0" />
  <memory-cardclean objects="1838" bytes="151344" />
  <regions eden="31" other="4" />
  <remembered-set-cleared processed="3578" cleared="725" durationms="0.132" />
  <stringconstants candidates="3963" cleared="0"  />
  <heap-resize type="expand" space="default" amount="4194304" count="4" timems="0.388" reason="continue current collection" />
</gc-op>
<gc-op id="840" type="classunload" timems="0.003" contextid="836" timestamp="2019-09-21T21:27:18.071">
  <classunload-info classloadercandidates="20" classloadersunloaded="0" classesunloaded="0" anonymousclassesunloaded="0" quiescems="0.000" setupms="0.002" scanms="0.000" postms="0.000" />
</gc-op>
<gc-end id="841" type="partial gc" contextid="836" durationms="4.023" usertimems="0.000" systemtimems="4.000" timestamp="2019-09-21T21:27:18.071" activeThreads="8">
  <mem-info id="842" free="36700160" total="106954752" percent="34">
    <mem type="eden" free="1769840" total="4194304" percent="42" />
    <remembered-set count="9728" freebytes="4230400" totalbytes="4269312" percent="99" regionsoverflowed="0" regionsstable="1" regionsrebuilding="0"/>
  </mem-info>
</gc-end>
<cycle-end id="843" type="partial gc" contextid="836" timestamp="2019-09-21T21:27:18.071" />
  <attribute name="elasticGC enabled" value="1" />
  <attribute name= "numThreadsSpecified" value="8" />
  <attribute name="heapSize specified" value="0" />
  <attribute name="Current GC Util" value="83" />
  <attribute name= "Current Time Running" value="15085" />
  <attribute name ="GC Interval" value="0" />
  <attribute name="Target GC Util Change" value ="40.000000" />
  <attribute name="Current GC Util Change" value="83.000000"/>
  <attribute name="Current Error" value="-4.000000" />
  <attribute name="Output H" value="102798288"/>
  <attribute name="Output I" value="2000"/>
  <attribute name="Output T" value="8"/>
  <attribute name= "Current Time Running" value="15085" />
  <attribute name="GC Util currently" value="83" />
  <attribute name="CPU Util currently" value="7663612319376" />
<exclusive-end id="844" timestamp="2019-09-21T21:27:18.071" durationms="5.002" />

<exclusive-start id="845" timestamp="2019-09-21T21:27:18.448" intervalms="381.436">
  <response-info timems="0.048" idlems="0.048" threads="0" lastid="0000000002359F00" lastname="Thread-10" />
</exclusive-start>
<allocation-taxation id="846" taxation-threshold="33554432" timestamp="2019-09-21T21:27:18.448" intervalms="381.442" />
<cycle-start id="847" type="partial gc" contextid="0" timestamp="2019-09-21T21:27:18.448" intervalms="381.437" />
<gc-start id="848" type="partial gc" contextid="847" timestamp="2019-09-21T21:27:18.448">
  <mem-info id="849" free="3145728" total="106954752" percent="2">
    <mem type="eden" free="1048456" total="34603008" percent="3" />
    <remembered-set count="9632" freebytes="4230784" totalbytes="4269312" percent="99" regionsoverflowed="0" regionsstable="1" regionsrebuilding="0"/>
  </mem-info>
</gc-start>
<allocation-stats totalBytes="33455976" >
  <allocated-bytes non-tlh="0" tlh="33455976" arrayletleaf="0"/>
  <largest-consumer threadName="Thread-7" threadId="000000000234EB00" bytes="5467200" />
</allocation-stats>
<gc-op id="850" type="copy forward" timems="2.007" contextid="847" timestamp="2019-09-21T21:27:18.451">
  <memory-copied type="eden" objects="4474" bytes="1770904" bytesdiscarded="257752" />
  <memory-copied type="other" objects="12" bytes="432" bytesdiscarded="0" />
  <memory-cardclean objects="1849" bytes="151776" />
  <regions eden="32" other="5" />
  <remembered-set-cleared processed="3653" cleared="804" durationms="0.127" />
  <references type="weak" candidates="1" cleared="0" enqueued="0" />
  <references type="phantom" candidates="1" cleared="0" enqueued="0" />
  <stringconstants candidates="3963" cleared="0"  />
  <heap-resize type="expand" space="default" amount="1048576" count="1" timems="0.064" reason="continue current collection" />
</gc-op>
<gc-op id="851" type="classunload" timems="0.003" contextid="847" timestamp="2019-09-21T21:27:18.451">
  <classunload-info classloadercandidates="20" classloadersunloaded="0" classesunloaded="0" anonymousclassesunloaded="0" quiescems="0.000" setupms="0.002" scanms="0.000" postms="0.000" />
</gc-op>
<gc-end id="852" type="partial gc" contextid="847" durationms="3.031" usertimems="4.000" systemtimems="4.000" timestamp="2019-09-21T21:27:18.451" activeThreads="8">
  <mem-info id="853" free="38797312" total="108003328" percent="35">
    <mem type="eden" free="1116952" total="3145728" percent="35" />
    <remembered-set count="10240" freebytes="4270208" totalbytes="4311168" percent="99" regionsoverflowed="0" regionsstable="1" regionsrebuilding="0"/>
  </mem-info>
</gc-end>
<cycle-end id="854" type="partial gc" contextid="847" timestamp="2019-09-21T21:27:18.452" />
  <attribute name="elasticGC enabled" value="1" />
  <attribute name= "numThreadsSpecified" value="8" />
  <attribute name="heapSize specified" value="0" />
  <attribute name="Current GC Util" value="71" />
  <attribute name= "Current Time Running" value="15467" />
  <attribute name ="GC Interval" value="0" />
  <attribute name="Target GC Util Change" value ="40.000000" />
  <attribute name="Current GC Util Change" value="71.000000"/>
  <attribute name="Current Error" value="4.000000" />
  <attribute name="Output H" value="106992600"/>
  <attribute name="Output I" value="2008"/>
  <attribute name="Output T" value="8"/>
  <attribute name= "Current Time Running" value="15467" />
  <attribute name="GC Util currently" value="71" />
  <attribute name="CPU Util currently" value="7253747453612" />
<exclusive-end id="855" timestamp="2019-09-21T21:27:18.452" durationms="4.092" />

<exclusive-start id="856" timestamp="2019-09-21T21:27:18.867" intervalms="419.359">
  <response-info timems="0.058" idlems="0.058" threads="0" lastid="0000000002347300" lastname="Thread-5" />
</exclusive-start>
<allocation-taxation id="857" taxation-threshold="33554432" timestamp="2019-09-21T21:27:18.867" intervalms="419.309" />
<cycle-start id="858" type="partial gc" contextid="0" timestamp="2019-09-21T21:27:18.867" intervalms="419.312" />
<gc-start id="859" type="partial gc" contextid="858" timestamp="2019-09-21T21:27:18.868">
  <mem-info id="860" free="5242880" total="108003328" percent="4">
    <mem type="eden" free="0" total="33554432" percent="0" />
    <remembered-set count="10016" freebytes="4271104" totalbytes="4311168" percent="99" regionsoverflowed="0" regionsstable="1" regionsrebuilding="0"/>
  </mem-info>
</gc-start>
<allocation-stats totalBytes="33496680" >
  <allocated-bytes non-tlh="16392" tlh="33480288" arrayletleaf="0"/>
  <largest-consumer threadName="Thread-10" threadId="0000000002359F00" bytes="5047640" />
</allocation-stats>
<gc-op id="861" type="copy forward" timems="2.107" contextid="858" timestamp="2019-09-21T21:27:18.870">
  <memory-copied type="eden" objects="5337" bytes="2070208" bytesdiscarded="250368" />
  <memory-copied type="other" objects="16" bytes="576" bytesdiscarded="0" />
  <memory-cardclean objects="1849" bytes="151776" />
  <regions eden="32" other="4" />
  <remembered-set-cleared processed="3578" cleared="729" durationms="0.128" />
  <references type="phantom" candidates="1" cleared="0" enqueued="0" />
  <stringconstants candidates="3963" cleared="0"  />
</gc-op>
<gc-op id="862" type="classunload" timems="0.002" contextid="858" timestamp="2019-09-21T21:27:18.871">
  <classunload-info classloadercandidates="20" classloadersunloaded="0" classesunloaded="0" anonymousclassesunloaded="0" quiescems="0.000" setupms="0.002" scanms="0.000" postms="0.000" />
</gc-op>
<gc-end id="863" type="partial gc" contextid="858" durationms="3.096" usertimems="0.000" systemtimems="4.000" timestamp="2019-09-21T21:27:18.871" activeThreads="8">
  <mem-info id="864" free="37748736" total="108003328" percent="34">
    <mem type="eden" free="825016" total="3145728" percent="26" />
    <remembered-set count="9728" freebytes="4272256" totalbytes="4311168" percent="99" regionsoverflowed="0" regionsstable="1" regionsrebuilding="0"/>
  </mem-info>
</gc-end>
<cycle-end id="865" type="partial gc" contextid="858" timestamp="2019-09-21T21:27:18.872" />
  <attribute name="elasticGC enabled" value="1" />
  <attribute name= "numThreadsSpecified" value="8" />
  <attribute name="heapSize specified" value="0" />
  <attribute name="Current GC Util" value="83" />
  <attribute name= "Current Time Running" value="15886" />
  <attribute name ="GC Interval" value="0" />
  <attribute name="Target GC Util Change" value ="40.000000" />
  <attribute name="Current GC Util Change" value="83.000000"/>
  <attribute name="Current Error" value="0.000000" />
  <attribute name="Output H" value="108041168"/>
  <attribute name="Output I" value="2000"/>
  <attribute name="Output T" value="8"/>
  <attribute name= "Current Time Running" value="15886" />
  <attribute name="GC Util currently" value="83" />
  <attribute name="CPU Util currently" value="8546141564753" />
<exclusive-end id="866" timestamp="2019-09-21T21:27:18.873" durationms="5.318" />

<exclusive-start id="867" timestamp="2019-09-21T21:27:19.279" intervalms="411.738">
  <response-info timems="0.055" idlems="0.055" threads="0" lastid="0000000002356300" lastname="Thread-9" />
</exclusive-start>
<allocation-taxation id="868" taxation-threshold="33554432" timestamp="2019-09-21T21:27:19.279" intervalms="411.825" />
<cycle-start id="869" type="partial gc" contextid="0" timestamp="2019-09-21T21:27:19.279" intervalms="411.825" />
<gc-start id="870" type="partial gc" contextid="869" timestamp="2019-09-21T21:27:19.280">
  <mem-info id="871" free="4194304" total="108003328" percent="3">
    <mem type="eden" free="0" total="33554432" percent="0" />
    <remembered-set count="9600" freebytes="4272768" totalbytes="4311168" percent="99" regionsoverflowed="0" regionsstable="1" regionsrebuilding="0"/>
  </mem-info>
</gc-start>
<allocation-stats totalBytes="33456704" >
  <allocated-bytes non-tlh="40976" tlh="33415728" arrayletleaf="0"/>
  <largest-consumer threadName="Thread-4" threadId="0000000002343800" bytes="6071160" />
</allocation-stats>
<gc-op id="872" type="copy forward" timems="1.848" contextid="869" timestamp="2019-09-21T21:27:19.282">
  <memory-copied type="eden" objects="4806" bytes="1962072" bytesdiscarded="342304" />
  <memory-copied type="other" objects="22" bytes="760" bytesdiscarded="0" />
  <memory-cardclean objects="1834" bytes="149768" />
  <regions eden="32" other="4" />
  <remembered-set-cleared processed="3633" cleared="774" durationms="0.124" />
  <stringconstants candidates="3963" cleared="0"  />
  <heap-resize type="expand" space="default" amount="1048576" count="1" timems="0.064" reason="continue current collection" />
</gc-op>
<gc-op id="873" type="classunload" timems="0.003" contextid="869" timestamp="2019-09-21T21:27:19.282">
  <classunload-info classloadercandidates="20" classloadersunloaded="0" classesunloaded="0" anonymousclassesunloaded="0" quiescems="0.000" setupms="0.003" scanms="0.000" postms="0.000" />
</gc-op>
<gc-end id="874" type="partial gc" contextid="869" durationms="2.676" usertimems="0.000" systemtimems="4.000" timestamp="2019-09-21T21:27:19.282" activeThreads="8">
  <mem-info id="875" free="37748736" total="109051904" percent="34">
    <mem type="eden" free="841224" total="3145728" percent="26" />
    <remembered-set count="9728" freebytes="4314112" totalbytes="4353024" percent="99" regionsoverflowed="0" regionsstable="1" regionsrebuilding="0"/>
  </mem-info>
</gc-end>
<cycle-end id="876" type="partial gc" contextid="869" timestamp="2019-09-21T21:27:19.283" />
  <attribute name="elasticGC enabled" value="1" />
  <attribute name= "numThreadsSpecified" value="8" />
  <attribute name="heapSize specified" value="0" />
  <attribute name="Current GC Util" value="83" />
  <attribute name= "Current Time Running" value="16298" />
  <attribute name ="GC Interval" value="0" />
  <attribute name="Target GC Util Change" value ="40.000000" />
  <attribute name="Current GC Util Change" value="83.000000"/>
  <attribute name="Current Error" value="-4.000000" />
  <attribute name="Output H" value="108041168"/>
  <attribute name="Output I" value="2000"/>
  <attribute name="Output T" value="8"/>
  <attribute name= "Current Time Running" value="16298" />
  <attribute name="GC Util currently" value="83" />
  <attribute name="CPU Util currently" value="8825179889923" />
<exclusive-end id="877" timestamp="2019-09-21T21:27:19.283" durationms="3.956" />

<exclusive-start id="878" timestamp="2019-09-21T21:27:19.683" intervalms="403.687">
  <response-info timems="0.035" idlems="0.035" threads="0" lastid="0000000002343800" lastname="Thread-4" />
</exclusive-start>
<allocation-taxation id="879" taxation-threshold="33554432" timestamp="2019-09-21T21:27:19.683" intervalms="403.646" />
<cycle-start id="880" type="partial gc" contextid="0" timestamp="2019-09-21T21:27:19.683" intervalms="403.658" />
<gc-start id="881" type="partial gc" contextid="880" timestamp="2019-09-21T21:27:19.683">
  <mem-info id="882" free="4194304" total="109051904" percent="3">
    <mem type="eden" free="0" total="33554432" percent="0" />
    <remembered-set count="9536" freebytes="4314880" totalbytes="4353024" percent="99" regionsoverflowed="0" regionsstable="1" regionsrebuilding="0"/>
  </mem-info>
</gc-start>
<allocation-stats totalBytes="33476712" >
  <allocated-bytes non-tlh="32784" tlh="33443928" arrayletleaf="0"/>
  <largest-consumer threadName="Thread-6" threadId="000000000234AF00" bytes="5697296" />
</allocation-stats>
<gc-op id="883" type="copy forward" timems="2.161" contextid="880" timestamp="2019-09-21T21:27:19.686">
  <memory-copied type="eden" objects="4891" bytes="1998760" bytesdiscarded="372592" />
  <memory-copied type="other" objects="12" bytes="432" bytesdiscarded="0" />
  <memory-cardclean objects="1804" bytes="148464" />
  <regions eden="32" other="4" />
  <remembered-set-cleared processed="3590" cleared="723" durationms="0.142" />
  <references type="phantom" candidates="2" cleared="0" enqueued="0" />
  <stringconstants candidates="3963" cleared="0"  />
  <heap-resize type="expand" space="default" amount="1048576" count="1" timems="0.071" reason="continue current collection" />
</gc-op>
<gc-op id="884" type="classunload" timems="0.003" contextid="880" timestamp="2019-09-21T21:27:19.686">
  <classunload-info classloadercandidates="20" classloadersunloaded="0" classesunloaded="0" anonymousclassesunloaded="0" quiescems="0.000" setupms="0.003" scanms="0.000" postms="0.000" />
</gc-op>
<gc-end id="885" type="partial gc" contextid="880" durationms="3.187" usertimems="4.000" systemtimems="4.000" timestamp="2019-09-21T21:27:19.686" activeThreads="8">
  <mem-info id="886" free="37748736" total="110100480" percent="34">
    <mem type="eden" free="774232" total="3145728" percent="24" />
    <remembered-set count="9728" freebytes="4355968" totalbytes="4394880" percent="99" regionsoverflowed="0" regionsstable="1" regionsrebuilding="0"/>
  </mem-info>
</gc-end>
<cycle-end id="887" type="partial gc" contextid="880" timestamp="2019-09-21T21:27:19.687" />
  <attribute name="elasticGC enabled" value="1" />
  <attribute name= "numThreadsSpecified" value="8" />
  <attribute name="heapSize specified" value="0" />
  <attribute name="Current GC Util" value="73" />
  <attribute name= "Current Time Running" value="16701" />
  <attribute name ="GC Interval" value="0" />
  <attribute name="Target GC Util Change" value ="40.000000" />
  <attribute name="Current GC Util Change" value="73.000000"/>
  <attribute name="Current Error" value="2.000000" />
  <attribute name="Output H" value="109089752"/>
  <attribute name="Output I" value="2008"/>
  <attribute name="Output T" value="8"/>
  <attribute name= "Current Time Running" value="16701" />
  <attribute name="GC Util currently" value="73" />
  <attribute name="CPU Util currently" value="8353807478249" />
<exclusive-end id="888" timestamp="2019-09-21T21:27:19.687" durationms="4.406" />

<exclusive-start id="889" timestamp="2019-09-21T21:27:20.084" intervalms="401.389">
  <response-info timems="0.055" idlems="0.031" threads="1" lastid="0000000002356300" lastname="Thread-9" />
</exclusive-start>
<allocation-taxation id="890" taxation-threshold="33554432" timestamp="2019-09-21T21:27:20.084" intervalms="401.368" />
<cycle-start id="891" type="partial gc" contextid="0" timestamp="2019-09-21T21:27:20.084" intervalms="401.359" />
<gc-start id="892" type="partial gc" contextid="891" timestamp="2019-09-21T21:27:20.085">
  <mem-info id="893" free="4194304" total="110100480" percent="3">
    <mem type="eden" free="0" total="33554432" percent="0" />
    <remembered-set count="9600" freebytes="4356480" totalbytes="4394880" percent="99" regionsoverflowed="0" regionsstable="1" regionsrebuilding="0"/>
  </mem-info>
</gc-start>
<allocation-stats totalBytes="33485240" >
  <allocated-bytes non-tlh="0" tlh="33485240" arrayletleaf="0"/>
  <largest-consumer threadName="Thread-3" threadId="000000000233FC00" bytes="5179272" />
</allocation-stats>
<gc-op id="894" type="copy forward" timems="2.239" contextid="891" timestamp="2019-09-21T21:27:20.087">
  <memory-copied type="eden" objects="5139" bytes="2010264" bytesdiscarded="309624" />
  <memory-copied type="other" objects="16" bytes="576" bytesdiscarded="0" />
  <memory-cardclean objects="1816" bytes="150192" />
  <regions eden="32" other="4" />
  <remembered-set-cleared processed="3601" cleared="738" durationms="0.133" />
  <references type="weak" candidates="1" cleared="0" enqueued="0" />
  <references type="phantom" candidates="1" cleared="0" enqueued="0" />
  <stringconstants candidates="3963" cleared="0"  />
  <heap-resize type="expand" space="default" amount="1048576" count="1" timems="0.062" reason="continue current collection" />
</gc-op>
<gc-op id="895" type="classunload" timems="0.003" contextid="891" timestamp="2019-09-21T21:27:20.088">
  <classunload-info classloadercandidates="20" classloadersunloaded="0" classesunloaded="0" anonymousclassesunloaded="0" quiescems="0.000" setupms="0.002" scanms="0.000" postms="0.000" />
</gc-op>
<gc-end id="896" type="partial gc" contextid="891" durationms="3.294" usertimems="8.000" systemtimems="0.000" timestamp="2019-09-21T21:27:20.088" activeThreads="8">
  <mem-info id="897" free="37748736" total="111149056" percent="33">
    <mem type="eden" free="825712" total="3145728" percent="26" />
    <remembered-set count="9728" freebytes="4397824" totalbytes="4436736" percent="99" regionsoverflowed="0" regionsstable="1" regionsrebuilding="0"/>
  </mem-info>
</gc-end>
<cycle-end id="898" type="partial gc" contextid="891" timestamp="2019-09-21T21:27:20.088" />
  <attribute name="elasticGC enabled" value="1" />
  <attribute name= "numThreadsSpecified" value="8" />
  <attribute name="heapSize specified" value="0" />
  <attribute name="Current GC Util" value="80" />
  <attribute name= "Current Time Running" value="17103" />
  <attribute name ="GC Interval" value="0" />
  <attribute name="Target GC Util Change" value ="40.000000" />
  <attribute name="Current GC Util Change" value="80.000000"/>
  <attribute name="Current Error" value="1.000000" />
  <attribute name="Output H" value="110138320"/>
  <attribute name="Output I" value="2000"/>
  <attribute name="Output T" value="8"/>
  <attribute name= "Current Time Running" value="17103" />
  <attribute name="GC Util currently" value="80" />
  <attribute name="CPU Util currently" value="7265861679227" />
<exclusive-end id="899" timestamp="2019-09-21T21:27:20.088" durationms="4.296" />

<exclusive-start id="900" timestamp="2019-09-21T21:27:20.489" intervalms="405.229">
  <response-info timems="0.039" idlems="0.039" threads="0" lastid="0000000002343800" lastname="Thread-4" />
</exclusive-start>
<allocation-taxation id="901" taxation-threshold="34603008" timestamp="2019-09-21T21:27:20.490" intervalms="405.299" />
<cycle-start id="902" type="partial gc" contextid="0" timestamp="2019-09-21T21:27:20.490" intervalms="405.301" />
<gc-start id="903" type="partial gc" contextid="902" timestamp="2019-09-21T21:27:20.490">
  <mem-info id="904" free="3145728" total="111149056" percent="2">
    <mem type="eden" free="0" total="34603008" percent="0" />
    <remembered-set count="9696" freebytes="4397952" totalbytes="4436736" percent="99" regionsoverflowed="0" regionsstable="1" regionsrebuilding="0"/>
  </mem-info>
</gc-start>
<allocation-stats totalBytes="34541416" >
  <allocated-bytes non-tlh="24592" tlh="34516824" arrayletleaf="0"/>
  <largest-consumer threadName="Thread-6" threadId="000000000234AF00" bytes="5342664" />
</allocation-stats>
<gc-op id="905" type="copy forward" timems="1.985" contextid="902" timestamp="2019-09-21T21:27:20.492">
  <memory-copied type="eden" objects="4304" bytes="1702696" bytesdiscarded="273488" />
  <memory-copied type="other" objects="16" bytes="576" bytesdiscarded="0" />
  <memory-cardclean objects="1859" bytes="151632" />
  <regions eden="33" other="4" />
  <remembered-set-cleared processed="3624" cleared="783" durationms="0.124" />
  <references type="weak" candidates="1" cleared="0" enqueued="0" />
  <references type="phantom" candidates="1" cleared="0" enqueued="0" />
  <stringconstants candidates="3963" cleared="0"  />
  <heap-resize type="expand" space="default" amount="1048576" count="1" timems="0.069" reason="continue current collection" />
</gc-op>
<gc-op id="906" type="classunload" timems="0.003" contextid="902" timestamp="2019-09-21T21:27:20.493">
  <classunload-info classloadercandidates="20" classloadersunloaded="0" classesunloaded="0" anonymousclassesunloaded="0" quiescems="0.000" setupms="0.002" scanms="0.000" postms="0.000" />
</gc-op>
<gc-end id="907" type="partial gc" contextid="902" durationms="2.823" usertimems="4.000" systemtimems="0.000" timestamp="2019-09-21T21:27:20.493" activeThreads="8">
  <mem-info id="908" free="38797312" total="112197632" percent="34">
    <mem type="eden" free="120856" total="2097152" percent="5" />
    <remembered-set count="10240" freebytes="4437632" totalbytes="4478592" percent="99" regionsoverflowed="0" regionsstable="1" regionsrebuilding="0"/>
  </mem-info>
</gc-end>
<cycle-end id="909" type="partial gc" contextid="902" timestamp="2019-09-21T21:27:20.493" />
  <attribute name="elasticGC enabled" value="1" />
  <attribute name= "numThreadsSpecified" value="8" />
  <attribute name="heapSize specified" value="0" />
  <attribute name="Current GC Util" value="80" />
  <attribute name= "Current Time Running" value="17508" />
  <attribute name ="GC Interval" value="0" />
  <attribute name="Target GC Util Change" value ="40.000000" />
  <attribute name="Current GC Util Change" value="80.000000"/>
  <attribute name="Current Error" value="-1.000000" />
  <attribute name="Output H" value="111186896"/>
  <attribute name="Output I" value="2000"/>
  <attribute name="Output T" value="8"/>
  <attribute name= "Current Time Running" value="17508" />
  <attribute name="GC Util currently" value="80" />
  <attribute name="CPU Util currently" value="8409868596565" />
<exclusive-end id="910" timestamp="2019-09-21T21:27:20.493" durationms="3.999" />

<exclusive-start id="911" timestamp="2019-09-21T21:27:20.881" intervalms="391.397">
  <response-info timems="0.072" idlems="0.072" threads="0" lastid="000000000234AF00" lastname="Thread-6" />
</exclusive-start>
<allocation-taxation id="912" taxation-threshold="34603008" timestamp="2019-09-21T21:27:20.881" intervalms="391.314" />
<cycle-start id="913" type="partial gc" contextid="0" timestamp="2019-09-21T21:27:20.881" intervalms="391.307" />
<gc-start id="914" type="partial gc" contextid="913" timestamp="2019-09-21T21:27:20.881">
  <mem-info id="915" free="4194304" total="112197632" percent="3">
    <mem type="eden" free="0" total="34603008" percent="0" />
    <remembered-set count="9952" freebytes="4438784" totalbytes="4478592" percent="99" regionsoverflowed="0" regionsstable="1" regionsrebuilding="0"/>
  </mem-info>
</gc-start>
<allocation-stats totalBytes="34523368" >
  <allocated-bytes non-tlh="98336" tlh="34425032" arrayletleaf="0"/>
  <largest-consumer threadName="Thread-5" threadId="0000000002347300" bytes="4839224" />
</allocation-stats>
<gc-op id="916" type="copy forward" timems="1.873" contextid="913" timestamp="2019-09-21T21:27:20.884">
  <memory-copied type="eden" objects="4982" bytes="1982288" bytesdiscarded="280192" />
  <memory-copied type="other" objects="12" bytes="432" bytesdiscarded="0" />
  <memory-cardclean objects="1856" bytes="151616" />
  <regions eden="33" other="3" />
  <remembered-set-cleared processed="3551" cleared="710" durationms="0.126" />
  <references type="phantom" candidates="1" cleared="0" enqueued="0" />
  <stringconstants candidates="3963" cleared="0"  />
  <heap-resize type="expand" space="default" amount="1048576" count="1" timems="0.064" reason="continue current collection" />
</gc-op>
<gc-op id="917" type="classunload" timems="0.002" contextid="913" timestamp="2019-09-21T21:27:20.884">
  <classunload-info classloadercandidates="20" classloadersunloaded="0" classesunloaded="0" anonymousclassesunloaded="0" quiescems="0.000" setupms="0.002" scanms="0.000" postms="0.000" />
</gc-op>
<gc-end id="918" type="partial gc" contextid="913" durationms="2.704" usertimems="4.000" systemtimems="0.000" timestamp="2019-09-21T21:27:20.884" activeThreads="8">
  <mem-info id="919" free="37748736" total="113246208" percent="33">
    <mem type="eden" free="883112" total="3145728" percent="28" />
    <remembered-set count="10240" freebytes="4479488" totalbytes="4520448" percent="99" regionsoverflowed="0" regionsstable="1" regionsrebuilding="0"/>
  </mem-info>
</gc-end>
<cycle-end id="920" type="partial gc" contextid="913" timestamp="2019-09-21T21:27:20.884" />
  <attribute name="elasticGC enabled" value="1" />
  <attribute name= "numThreadsSpecified" value="8" />
  <attribute name="heapSize specified" value="0" />
  <attribute name="Current GC Util" value="83" />
  <attribute name= "Current Time Running" value="17899" />
  <attribute name ="GC Interval" value="0" />
  <attribute name="Target GC Util Change" value ="40.000000" />
  <attribute name="Current GC Util Change" value="83.000000"/>
  <attribute name="Current Error" value="-5.000000" />
  <attribute name="Output H" value="112235472"/>
  <attribute name="Output I" value="2000"/>
  <attribute name="Output T" value="8"/>
  <attribute name= "Current Time Running" value="17899" />
  <attribute name="GC Util currently" value="83" />
  <attribute name="CPU Util currently" value="8716589492291" />
<exclusive-end id="921" timestamp="2019-09-21T21:27:20.884" durationms="3.561" />

<exclusive-start id="922" timestamp="2019-09-21T21:27:21.296" intervalms="415.789">
  <response-info timems="0.036" idlems="0.036" threads="0" lastid="0000000002356300" lastname="Thread-9" />
</exclusive-start>
<allocation-taxation id="923" taxation-threshold="34603008" timestamp="2019-09-21T21:27:21.297" intervalms="415.827" />
<cycle-start id="924" type="partial gc" contextid="0" timestamp="2019-09-21T21:27:21.297" intervalms="415.833" />
<gc-start id="925" type="partial gc" contextid="924" timestamp="2019-09-21T21:27:21.297">
  <mem-info id="926" free="3145728" total="113246208" percent="2">
    <mem type="eden" free="0" total="34603008" percent="0" />
    <remembered-set count="10112" freebytes="4480000" totalbytes="4520448" percent="99" regionsoverflowed="0" regionsstable="1" regionsrebuilding="0"/>
  </mem-info>
</gc-start>
<allocation-stats totalBytes="34568184" >
  <allocated-bytes non-tlh="16392" tlh="34551792" arrayletleaf="0"/>
  <largest-consumer threadName="Thread-4" threadId="0000000002343800" bytes="6109152" />
</allocation-stats>
<gc-op id="927" type="copy forward" timems="2.066" contextid="924" timestamp="2019-09-21T21:27:21.300">
  <memory-copied type="eden" objects="4724" bytes="1909720" bytesdiscarded="288912" />
  <memory-copied type="other" objects="8" bytes="288" bytesdiscarded="0" />
  <memory-cardclean objects="1866" bytes="151696" />
  <regions eden="33" other="4" />
  <remembered-set-cleared processed="3616" cleared="776" durationms="0.128" />
  <references type="weak" candidates="1" cleared="0" enqueued="0" />
  <references type="phantom" candidates="1" cleared="0" enqueued="0" />
  <stringconstants candidates="3963" cleared="0"  />
  <heap-resize type="expand" space="default" amount="2097152" count="2" timems="0.131" reason="continue current collection" />
</gc-op>
<gc-op id="928" type="classunload" timems="0.002" contextid="924" timestamp="2019-09-21T21:27:21.300">
  <classunload-info classloadercandidates="20" classloadersunloaded="0" classesunloaded="0" anonymousclassesunloaded="0" quiescems="0.000" setupms="0.002" scanms="0.000" postms="0.000" />
</gc-op>
<gc-end id="929" type="partial gc" contextid="924" durationms="2.983" usertimems="8.000" systemtimems="0.000" timestamp="2019-09-21T21:27:21.300" activeThreads="8">
  <mem-info id="930" free="38797312" total="115343360" percent="33">
    <mem type="eden" free="946976" total="3145728" percent="30" />
    <remembered-set count="10240" freebytes="4563200" totalbytes="4604160" percent="99" regionsoverflowed="0" regionsstable="1" regionsrebuilding="0"/>
  </mem-info>
</gc-end>
<cycle-end id="931" type="partial gc" contextid="924" timestamp="2019-09-21T21:27:21.300" />
  <attribute name="elasticGC enabled" value="1" />
  <attribute name= "numThreadsSpecified" value="8" />
  <attribute name="heapSize specified" value="0" />
  <attribute name="Current GC Util" value="81" />
  <attribute name= "Current Time Running" value="18315" />
  <attribute name ="GC Interval" value="0" />
  <attribute name="Target GC Util Change" value ="40.000000" />
  <attribute name="Current GC Util Change" value="81.000000"/>
  <attribute name="Current Error" value="-7.000000" />
  <attribute name="Output H" value="113284048"/>
  <attribute name="Output I" value="2000"/>
  <attribute name="Output T" value="8"/>
  <attribute name= "Current Time Running" value="18315" />
  <attribute name="GC Util currently" value="81" />
  <attribute name="CPU Util currently" value="8633399983809" />
<exclusive-end id="932" timestamp="2019-09-21T21:27:21.301" durationms="4.100" />

<exclusive-start id="933" timestamp="2019-09-21T21:27:21.700" intervalms="403.560">
  <response-info timems="0.059" idlems="0.059" threads="0" lastid="000000000234AF00" lastname="Thread-6" />
</exclusive-start>
<allocation-taxation id="934" taxation-threshold="35651584" timestamp="2019-09-21T21:27:21.700" intervalms="403.506" />
<cycle-start id="935" type="partial gc" contextid="0" timestamp="2019-09-21T21:27:21.700" intervalms="403.504" />
<gc-start id="936" type="partial gc" contextid="935" timestamp="2019-09-21T21:27:21.700">
  <mem-info id="937" free="3145728" total="115343360" percent="2">
    <mem type="eden" free="0" total="35651584" percent="0" />
    <remembered-set count="10112" freebytes="4563712" totalbytes="4604160" percent="99" regionsoverflowed="0" regionsstable="1" regionsrebuilding="0"/>
  </mem-info>
</gc-start>
<allocation-stats totalBytes="35620672" >
  <allocated-bytes non-tlh="16392" tlh="35604280" arrayletleaf="0"/>
  <largest-consumer threadName="Thread-7" threadId="000000000234EB00" bytes="6752072" />
</allocation-stats>
<gc-op id="938" type="copy forward" timems="2.447" contextid="935" timestamp="2019-09-21T21:27:21.704">
  <memory-copied type="eden" objects="5295" bytes="2072640" bytesdiscarded="290416" />
  <memory-copied type="other" objects="8" bytes="288" bytesdiscarded="0" />
  <memory-cardclean objects="1834" bytes="150656" />
  <regions eden="34" other="4" />
  <remembered-set-cleared processed="3592" cleared="744" durationms="0.152" />
  <references type="phantom" candidates="1" cleared="0" enqueued="0" />
  <stringconstants candidates="3963" cleared="0"  />
  <heap-resize type="expand" space="default" amount="1048576" count="1" timems="0.076" reason="continue current collection" />
</gc-op>
<gc-op id="939" type="classunload" timems="0.002" contextid="935" timestamp="2019-09-21T21:27:21.704">
  <classunload-info classloadercandidates="20" classloadersunloaded="0" classesunloaded="0" anonymousclassesunloaded="0" quiescems="0.000" setupms="0.002" scanms="0.000" postms="0.000" />
</gc-op>
<gc-end id="940" type="partial gc" contextid="935" durationms="3.387" usertimems="4.000" systemtimems="0.000" timestamp="2019-09-21T21:27:21.704" activeThreads="8">
  <mem-info id="941" free="39845888" total="116391936" percent="34">
    <mem type="eden" free="782536" total="3145728" percent="24" />
    <remembered-set count="10336" freebytes="4604672" totalbytes="4646016" percent="99" regionsoverflowed="0" regionsstable="1" regionsrebuilding="0"/>
  </mem-info>
</gc-end>
<cycle-end id="942" type="partial gc" contextid="935" timestamp="2019-09-21T21:27:21.704" />
  <attribute name="elasticGC enabled" value="1" />
  <attribute name= "numThreadsSpecified" value="8" />
  <attribute name="heapSize specified" value="0" />
  <attribute name="Current GC Util" value="75" />
  <attribute name= "Current Time Running" value="18719" />
  <attribute name ="GC Interval" value="0" />
  <attribute name="Target GC Util Change" value ="40.000000" />
  <attribute name="Current GC Util Change" value="75.000000"/>
  <attribute name="Current Error" value="4.000000" />
  <attribute name="Output H" value="115381208"/>
  <attribute name="Output I" value="2008"/>
  <attribute name="Output T" value="8"/>
  <attribute name= "Current Time Running" value="18719" />
  <attribute name="GC Util currently" value="75" />
  <attribute name="CPU Util currently" value="8503342938180" />
<exclusive-end id="943" timestamp="2019-09-21T21:27:21.704" durationms="4.359" />

<exclusive-start id="944" timestamp="2019-09-21T21:27:22.123" intervalms="422.851">
  <response-info timems="0.055" idlems="0.055" threads="0" lastid="0000000002347300" lastname="Thread-5" />
</exclusive-start>
<allocation-taxation id="945" taxation-threshold="35651584" timestamp="2019-09-21T21:27:22.123" intervalms="422.860" />
<cycle-start id="946" type="partial gc" contextid="0" timestamp="2019-09-21T21:27:22.123" intervalms="422.854" />
<gc-start id="947" type="partial gc" contextid="946" timestamp="2019-09-21T21:27:22.123">
  <mem-info id="948" free="4194304" total="116391936" percent="3">
    <mem type="eden" free="0" total="35651584" percent="0" />
    <remembered-set count="10080" freebytes="4605696" totalbytes="4646016" percent="99" regionsoverflowed="0" regionsstable="1" regionsrebuilding="0"/>
  </mem-info>
</gc-start>
<allocation-stats totalBytes="35636960" >
  <allocated-bytes non-tlh="32792" tlh="35604168" arrayletleaf="0"/>
  <largest-consumer threadName="Thread-10" threadId="0000000002359F00" bytes="5580928" />
</allocation-stats>
<gc-op id="949" type="copy forward" timems="2.313" contextid="946" timestamp="2019-09-21T21:27:22.126">
  <memory-copied type="eden" objects="5348" bytes="2079096" bytesdiscarded="300584" />
  <memory-copied type="other" objects="16" bytes="576" bytesdiscarded="0" />
  <memory-cardclean objects="1843" bytes="150944" />
  <regions eden="34" other="4" />
  <remembered-set-cleared processed="3641" cleared="800" durationms="0.130" />
  <references type="phantom" candidates="1" cleared="0" enqueued="0" />
  <stringconstants candidates="3963" cleared="0"  />
  <heap-resize type="expand" space="default" amount="2097152" count="2" timems="0.113" reason="continue current collection" />
</gc-op>
<gc-op id="950" type="classunload" timems="0.002" contextid="946" timestamp="2019-09-21T21:27:22.126">
  <classunload-info classloadercandidates="20" classloadersunloaded="0" classesunloaded="0" anonymousclassesunloaded="0" quiescems="0.000" setupms="0.002" scanms="0.000" postms="0.000" />
</gc-op>
<gc-end id="951" type="partial gc" contextid="946" durationms="3.168" usertimems="4.000" systemtimems="0.000" timestamp="2019-09-21T21:27:22.126" activeThreads="8">
  <mem-info id="952" free="39845888" total="118489088" percent="33">
    <mem type="eden" free="1814488" total="4194304" percent="43" />
    <remembered-set count="10240" freebytes="4688768" totalbytes="4729728" percent="99" regionsoverflowed="0" regionsstable="1" regionsrebuilding="0"/>
  </mem-info>
</gc-end>
<cycle-end id="953" type="partial gc" contextid="946" timestamp="2019-09-21T21:27:22.127" />
  <attribute name="elasticGC enabled" value="1" />
  <attribute name= "numThreadsSpecified" value="8" />
  <attribute name="heapSize specified" value="0" />
  <attribute name="Current GC Util" value="83" />
  <attribute name= "Current Time Running" value="19142" />
  <attribute name ="GC Interval" value="0" />
  <attribute name="Target GC Util Change" value ="40.000000" />
  <attribute name="Current GC Util Change" value="83.000000"/>
  <attribute name="Current Error" value="0.000000" />
  <attribute name="Output H" value="116429776"/>
  <attribute name="Output I" value="2000"/>
  <attribute name="Output T" value="8"/>
  <attribute name= "Current Time Running" value="19142" />
  <attribute name="GC Util currently" value="83" />
  <attribute name="CPU Util currently" value="8851502674142" />
<exclusive-end id="954" timestamp="2019-09-21T21:27:22.127" durationms="3.935" />

<exclusive-start id="955" timestamp="2019-09-21T21:27:22.545" intervalms="421.850">
  <response-info timems="0.052" idlems="0.052" threads="0" lastid="000000000234AF00" lastname="Thread-6" />
</exclusive-start>
<allocation-taxation id="956" taxation-threshold="35651584" timestamp="2019-09-21T21:27:22.545" intervalms="421.868" />
<cycle-start id="957" type="partial gc" contextid="0" timestamp="2019-09-21T21:27:22.545" intervalms="421.879" />
<gc-start id="958" type="partial gc" contextid="957" timestamp="2019-09-21T21:27:22.545">
  <mem-info id="959" free="4194304" total="118489088" percent="3">
    <mem type="eden" free="0" total="35651584" percent="0" />
    <remembered-set count="10016" freebytes="4689664" totalbytes="4729728" percent="99" regionsoverflowed="0" regionsstable="1" regionsrebuilding="0"/>
  </mem-info>
</gc-start>
<allocation-stats totalBytes="35616832" >
  <allocated-bytes non-tlh="65560" tlh="35551272" arrayletleaf="0"/>
  <largest-consumer threadName="Thread-4" threadId="0000000002343800" bytes="6726992" />
</allocation-stats>
<gc-op id="960" type="copy forward" timems="2.156" contextid="957" timestamp="2019-09-21T21:27:22.548">
  <memory-copied type="eden" objects="5367" bytes="2094672" bytesdiscarded="265680" />
  <memory-copied type="other" objects="18" bytes="608" bytesdiscarded="0" />
  <memory-cardclean objects="1837" bytes="149656" />
  <regions eden="34" other="5" />
  <remembered-set-cleared processed="3628" cleared="779" durationms="0.166" />
  <references type="weak" candidates="1" cleared="0" enqueued="0" />
  <references type="phantom" candidates="1" cleared="0" enqueued="0" />
  <stringconstants candidates="3963" cleared="0"  />
  <heap-resize type="expand" space="default" amount="1048576" count="1" timems="0.069" reason="continue current collection" />
</gc-op>
<gc-op id="961" type="classunload" timems="0.003" contextid="957" timestamp="2019-09-21T21:27:22.548">
  <classunload-info classloadercandidates="20" classloadersunloaded="0" classesunloaded="0" anonymousclassesunloaded="0" quiescems="0.000" setupms="0.003" scanms="0.000" postms="0.000" />
</gc-op>
<gc-end id="962" type="partial gc" contextid="957" durationms="3.088" usertimems="4.000" systemtimems="0.000" timestamp="2019-09-21T21:27:22.548" activeThreads="8">
  <mem-info id="963" free="40894464" total="119537664" percent="34">
    <mem type="eden" free="785248" total="3145728" percent="24" />
    <remembered-set count="10272" freebytes="4730496" totalbytes="4771584" percent="99" regionsoverflowed="0" regionsstable="1" regionsrebuilding="0"/>
  </mem-info>
</gc-end>
<cycle-end id="964" type="partial gc" contextid="957" timestamp="2019-09-21T21:27:22.548" />
  <attribute name="elasticGC enabled" value="1" />
  <attribute name= "numThreadsSpecified" value="8" />
  <attribute name="heapSize specified" value="0" />
  <attribute name="Current GC Util" value="75" />
  <attribute name= "Current Time Running" value="19563" />
  <attribute name ="GC Interval" value="0" />
  <attribute name="Target GC Util Change" value ="40.000000" />
  <attribute name="Current GC Util Change" value="75.000000"/>
  <attribute name="Current Error" value="4.000000" />
  <attribute name="Output H" value="118526936"/>
  <attribute name="Output I" value="2008"/>
  <attribute name="Output T" value="8"/>
  <attribute name= "Current Time Running" value="19563" />
  <attribute name="GC Util currently" value="75" />
  <attribute name="CPU Util currently" value="8276684797106" />
<exclusive-end id="965" timestamp="2019-09-21T21:27:22.549" durationms="3.891" />

<exclusive-start id="966" timestamp="2019-09-21T21:27:22.977" intervalms="431.825">
  <response-info timems="0.051" idlems="0.051" threads="0" lastid="0000000002359F00" lastname="Thread-10" />
</exclusive-start>
<allocation-taxation id="967" taxation-threshold="36700160" timestamp="2019-09-21T21:27:22.977" intervalms="431.805" />
<cycle-start id="968" type="partial gc" contextid="0" timestamp="2019-09-21T21:27:22.977" intervalms="431.800" />
<gc-start id="969" type="partial gc" contextid="968" timestamp="2019-09-21T21:27:22.977">
  <mem-info id="970" free="4194304" total="119537664" percent="3">
    <mem type="eden" free="0" total="36700160" percent="0" />
    <remembered-set count="10112" freebytes="4731136" totalbytes="4771584" percent="99" regionsoverflowed="0" regionsstable="1" regionsrebuilding="0"/>
  </mem-info>
</gc-start>
<allocation-stats totalBytes="36670560" >
  <allocated-bytes non-tlh="49176" tlh="36621384" arrayletleaf="0"/>
  <largest-consumer threadName="Thread-7" threadId="000000000234EB00" bytes="6030816" />
</allocation-stats>
<gc-op id="971" type="copy forward" timems="2.270" contextid="968" timestamp="2019-09-21T21:27:22.980">
  <memory-copied type="eden" objects="5309" bytes="2083832" bytesdiscarded="325384" />
  <memory-copied type="other" objects="12" bytes="432" bytesdiscarded="0" />
  <memory-cardclean objects="1822" bytes="150120" />
  <regions eden="35" other="4" />
  <remembered-set-cleared processed="3666" cleared="818" durationms="0.135" />
  <stringconstants candidates="3963" cleared="0"  />
  <heap-resize type="expand" space="default" amount="1048576" count="1" timems="0.064" reason="continue current collection" />
</gc-op>
<gc-op id="972" type="classunload" timems="0.003" contextid="968" timestamp="2019-09-21T21:27:22.980">
  <classunload-info classloadercandidates="20" classloadersunloaded="0" classesunloaded="0" anonymousclassesunloaded="0" quiescems="0.000" setupms="0.003" scanms="0.000" postms="0.000" />
</gc-op>
<gc-end id="973" type="partial gc" contextid="968" durationms="3.151" usertimems="4.000" systemtimems="0.000" timestamp="2019-09-21T21:27:22.980" activeThreads="8">
  <mem-info id="974" free="40894464" total="120586240" percent="33">
    <mem type="eden" free="736376" total="3145728" percent="23" />
    <remembered-set count="9760" freebytes="4774400" totalbytes="4813440" percent="99" regionsoverflowed="0" regionsstable="1" regionsrebuilding="0"/>
  </mem-info>
</gc-end>
<cycle-end id="975" type="partial gc" contextid="968" timestamp="2019-09-21T21:27:22.980" />
  <attribute name="elasticGC enabled" value="1" />
  <attribute name= "numThreadsSpecified" value="8" />
  <attribute name="heapSize specified" value="0" />
  <attribute name="Current GC Util" value="77" />
  <attribute name= "Current Time Running" value="19995" />
  <attribute name ="GC Interval" value="0" />
  <attribute name="Target GC Util Change" value ="40.000000" />
  <attribute name="Current GC Util Change" value="77.000000"/>
  <attribute name="Current Error" value="2.000000" />
  <attribute name="Output H" value="119575512"/>
  <attribute name="Output I" value="2008"/>
  <attribute name="Output T" value="8"/>
  <attribute name= "Current Time Running" value="19995" />
  <attribute name="GC Util currently" value="77" />
  <attribute name="CPU Util currently" value="8052055582426" />
<exclusive-end id="976" timestamp="2019-09-21T21:27:22.980" durationms="3.796" />

<exclusive-start id="977" timestamp="2019-09-21T21:27:23.569" intervalms="592.026">
  <response-info timems="0.067" idlems="0.067" threads="0" lastid="000000000233FC00" lastname="Thread-3" />
</exclusive-start>
<allocation-taxation id="978" taxation-threshold="36700160" timestamp="2019-09-21T21:27:23.569" intervalms="592.032" />
<cycle-start id="979" type="partial gc" contextid="0" timestamp="2019-09-21T21:27:23.569" intervalms="592.074" />
<gc-start id="980" type="partial gc" contextid="979" timestamp="2019-09-21T21:27:23.569">
  <mem-info id="981" free="4194304" total="120586240" percent="3">
    <mem type="eden" free="0" total="36700160" percent="0" />
    <remembered-set count="9600" freebytes="4775040" totalbytes="4813440" percent="99" regionsoverflowed="0" regionsstable="1" regionsrebuilding="0"/>
  </mem-info>
</gc-start>
<allocation-stats totalBytes="36524176" >
  <allocated-bytes non-tlh="49168" tlh="36475008" arrayletleaf="0"/>
  <largest-consumer threadName="Thread-4" threadId="0000000002343800" bytes="6138240" />
</allocation-stats>
<gc-op id="982" type="copy forward" timems="2.191" contextid="979" timestamp="2019-09-21T21:27:23.572">
  <memory-copied type="eden" objects="4653" bytes="1917224" bytesdiscarded="228184" />
  <memory-copied type="other" objects="14" bytes="728" bytesdiscarded="0" />
  <memory-cardclean objects="1839" bytes="149824" />
  <regions eden="35" other="4" />
  <remembered-set-cleared processed="3643" cleared="802" durationms="0.160" />
  <references type="phantom" candidates="1" cleared="0" enqueued="0" />
  <stringconstants candidates="3963" cleared="0"  />
  <heap-resize type="expand" space="default" amount="1048576" count="1" timems="0.067" reason="continue current collection" />
</gc-op>
<gc-op id="983" type="classunload" timems="0.002" contextid="979" timestamp="2019-09-21T21:27:23.572">
  <classunload-info classloadercandidates="20" classloadersunloaded="0" classesunloaded="0" anonymousclassesunloaded="0" quiescems="0.000" setupms="0.002" scanms="0.000" postms="0.000" />
</gc-op>
<gc-end id="984" type="partial gc" contextid="979" durationms="3.281" usertimems="4.000" systemtimems="0.000" timestamp="2019-09-21T21:27:23.572" activeThreads="8">
  <mem-info id="985" free="40894464" total="121634816" percent="33">
    <mem type="eden" free="1000184" total="3145728" percent="31" />
    <remembered-set count="9760" freebytes="4816256" totalbytes="4855296" percent="99" regionsoverflowed="0" regionsstable="1" regionsrebuilding="0"/>
  </mem-info>
</gc-end>
<cycle-end id="986" type="partial gc" contextid="979" timestamp="2019-09-21T21:27:23.573" />
  <attribute name="elasticGC enabled" value="1" />
  <attribute name= "numThreadsSpecified" value="8" />
  <attribute name="heapSize specified" value="0" />
  <attribute name="Current GC Util" value="77" />
  <attribute name= "Current Time Running" value="20588" />
  <attribute name ="GC Interval" value="0" />
  <attribute name="Target GC Util Change" value ="40.000000" />
  <attribute name="Current GC Util Change" value="77.000000"/>
  <attribute name="Current Error" value="5.000000" />
  <attribute name="Output H" value="120624088"/>
  <attribute name="Output I" value="2008"/>
  <attribute name="Output T" value="8"/>
  <attribute name= "Current Time Running" value="20588" />
  <attribute name="GC Util currently" value="77" />
  <attribute name="CPU Util currently" value="8538072178290" />
<exclusive-end id="987" timestamp="2019-09-21T21:27:23.573" durationms="4.420" />

<exclusive-start id="988" timestamp="2019-09-21T21:27:24.014" intervalms="445.405">
  <response-info timems="0.034" idlems="0.034" threads="0" lastid="000000000233FC00" lastname="Thread-3" />
</exclusive-start>
<allocation-taxation id="989" taxation-threshold="36700160" timestamp="2019-09-21T21:27:24.014" intervalms="445.516" />
<cycle-start id="990" type="partial gc" contextid="0" timestamp="2019-09-21T21:27:24.014" intervalms="445.473" />
<gc-start id="991" type="partial gc" contextid="990" timestamp="2019-09-21T21:27:24.015">
  <mem-info id="992" free="4194304" total="121634816" percent="3">
    <mem type="eden" free="0" total="36700160" percent="0" />
    <remembered-set count="9632" freebytes="4816768" totalbytes="4855296" percent="99" regionsoverflowed="0" regionsstable="1" regionsrebuilding="0"/>
  </mem-info>
</gc-start>
<allocation-stats totalBytes="36609048" >
  <allocated-bytes non-tlh="65552" tlh="36543496" arrayletleaf="0"/>
  <largest-consumer threadName="Thread-10" threadId="0000000002359F00" bytes="5719432" />
</allocation-stats>
<gc-op id="993" type="copy forward" timems="2.353" contextid="990" timestamp="2019-09-21T21:27:24.018">
  <memory-copied type="eden" objects="4519" bytes="1845016" bytesdiscarded="249480" />
  <memory-copied type="other" objects="12" bytes="432" bytesdiscarded="0" />
  <memory-cardclean objects="1853" bytes="149888" />
  <regions eden="35" other="4" />
  <remembered-set-cleared processed="3594" cleared="751" durationms="0.161" />
  <references type="phantom" candidates="1" cleared="0" enqueued="0" />
  <stringconstants candidates="3963" cleared="0"  />
  <heap-resize type="expand" space="default" amount="1048576" count="1" timems="0.076" reason="continue current collection" />
</gc-op>
<gc-op id="994" type="classunload" timems="0.003" contextid="990" timestamp="2019-09-21T21:27:24.018">
  <classunload-info classloadercandidates="20" classloadersunloaded="0" classesunloaded="0" anonymousclassesunloaded="0" quiescems="0.000" setupms="0.003" scanms="0.000" postms="0.000" />
</gc-op>
<gc-end id="995" type="partial gc" contextid="990" durationms="3.317" usertimems="4.000" systemtimems="4.000" timestamp="2019-09-21T21:27:24.018" activeThreads="8">
  <mem-info id="996" free="40894464" total="122683392" percent="33">
    <mem type="eden" free="1051096" total="3145728" percent="33" />
    <remembered-set count="10304" freebytes="4855936" totalbytes="4897152" percent="99" regionsoverflowed="0" regionsstable="1" regionsrebuilding="0"/>
  </mem-info>
</gc-end>
<cycle-end id="997" type="partial gc" contextid="990" timestamp="2019-09-21T21:27:24.018" />
  <attribute name="elasticGC enabled" value="1" />
  <attribute name= "numThreadsSpecified" value="8" />
  <attribute name="heapSize specified" value="0" />
  <attribute name="Current GC Util" value="76" />
  <attribute name= "Current Time Running" value="21033" />
  <attribute name ="GC Interval" value="0" />
  <attribute name="Target GC Util Change" value ="40.000000" />
  <attribute name="Current GC Util Change" value="76.000000"/>
  <attribute name="Current Error" value="8.000000" />
  <attribute name="Output H" value="121672664"/>
  <attribute name="Output I" value="2008"/>
  <attribute name="Output T" value="8"/>
  <attribute name= "Current Time Running" value="21033" />
  <attribute name="GC Util currently" value="76" />
  <attribute name="CPU Util currently" value="8301416668137" />
<exclusive-end id="998" timestamp="2019-09-21T21:27:24.018" durationms="4.276" />

<exclusive-start id="999" timestamp="2019-09-21T21:27:24.437" intervalms="422.685">
  <response-info timems="0.037" idlems="0.037" threads="0" lastid="0000000002356300" lastname="Thread-9" />
</exclusive-start>
<allocation-taxation id="1000" taxation-threshold="36700160" timestamp="2019-09-21T21:27:24.437" intervalms="422.621" />
<cycle-start id="1001" type="partial gc" contextid="0" timestamp="2019-09-21T21:27:24.437" intervalms="422.614" />
<gc-start id="1002" type="partial gc" contextid="1001" timestamp="2019-09-21T21:27:24.437">
  <mem-info id="1003" free="4194304" total="122683392" percent="3">
    <mem type="eden" free="0" total="36700160" percent="0" />
    <remembered-set count="10272" freebytes="4856064" totalbytes="4897152" percent="99" regionsoverflowed="0" regionsstable="1" regionsrebuilding="0"/>
  </mem-info>
</gc-start>
<allocation-stats totalBytes="36596584" >
  <allocated-bytes non-tlh="65552" tlh="36531032" arrayletleaf="0"/>
  <largest-consumer threadName="Thread-7" threadId="000000000234EB00" bytes="6104560" />
</allocation-stats>
<gc-op id="1004" type="copy forward" timems="2.395" contextid="1001" timestamp="2019-09-21T21:27:24.440">
  <memory-copied type="eden" objects="4776" bytes="1920544" bytesdiscarded="154424" />
  <memory-copied type="other" objects="8" bytes="288" bytesdiscarded="0" />
  <memory-cardclean objects="1855" bytes="150024" />
  <regions eden="35" other="4" />
  <remembered-set-cleared processed="3572" cleared="729" durationms="0.313" />
  <references type="phantom" candidates="1" cleared="0" enqueued="0" />
  <stringconstants candidates="3963" cleared="0"  />
  <heap-resize type="expand" space="default" amount="1048576" count="1" timems="0.064" reason="continue current collection" />
</gc-op>
<gc-op id="1005" type="classunload" timems="0.002" contextid="1001" timestamp="2019-09-21T21:27:24.440">
  <classunload-info classloadercandidates="20" classloadersunloaded="0" classesunloaded="0" anonymousclassesunloaded="0" quiescems="0.000" setupms="0.002" scanms="0.000" postms="0.000" />
</gc-op>
<gc-end id="1006" type="partial gc" contextid="1001" durationms="3.328" usertimems="4.000" systemtimems="0.000" timestamp="2019-09-21T21:27:24.440" activeThreads="8">
  <mem-info id="1007" free="40894464" total="123731968" percent="33">
    <mem type="eden" free="1070624" total="3145728" percent="34" />
    <remembered-set count="10336" freebytes="4897664" totalbytes="4939008" percent="99" regionsoverflowed="0" regionsstable="1" regionsrebuilding="0"/>
  </mem-info>
</gc-end>
<cycle-end id="1008" type="partial gc" contextid="1001" timestamp="2019-09-21T21:27:24.441" />
  <attribute name="elasticGC enabled" value="1" />
  <attribute name= "numThreadsSpecified" value="8" />
  <attribute name="heapSize specified" value="0" />
  <attribute name="Current GC Util" value="73" />
  <attribute name= "Current Time Running" value="21455" />
  <attribute name ="GC Interval" value="0" />
  <attribute name="Target GC Util Change" value ="40.000000" />
  <attribute name="Current GC Util Change" value="73.000000"/>
  <attribute name="Current Error" value="6.000000" />
  <attribute name="Output H" value="122721240"/>
  <attribute name="Output I" value="2008"/>
  <attribute name="Output T" value="8"/>
  <attribute name= "Current Time Running" value="21455" />
  <attribute name="GC Util currently" value="73" />
  <attribute name="CPU Util currently" value="7502555795506" />
<exclusive-end id="1009" timestamp="2019-09-21T21:27:24.441" durationms="4.145" />

<exclusive-start id="1010" timestamp="2019-09-21T21:27:24.934" intervalms="497.233">
  <response-info timems="0.047" idlems="0.047" threads="0" lastid="0000000002359F00" lastname="Thread-10" />
</exclusive-start>
<allocation-taxation id="1011" taxation-threshold="37748736" timestamp="2019-09-21T21:27:24.934" intervalms="497.201" />
<cycle-start id="1012" type="partial gc" contextid="0" timestamp="2019-09-21T21:27:24.934" intervalms="497.205" />
<gc-start id="1013" type="partial gc" contextid="1012" timestamp="2019-09-21T21:27:24.934">
  <mem-info id="1014" free="3145728" total="123731968" percent="2">
    <mem type="eden" free="1048456" total="38797312" percent="2" />
    <remembered-set count="10112" freebytes="4898560" totalbytes="4939008" percent="99" regionsoverflowed="0" regionsstable="1" regionsrebuilding="0"/>
  </mem-info>
</gc-start>
<allocation-stats totalBytes="37652312" >
  <allocated-bytes non-tlh="0" tlh="37652312" arrayletleaf="0"/>
  <largest-consumer threadName="Thread-10" threadId="0000000002359F00" bytes="5213216" />
</allocation-stats>
<gc-op id="1015" type="copy forward" timems="2.461" contextid="1012" timestamp="2019-09-21T21:27:24.937">
  <memory-copied type="eden" objects="5184" bytes="2039904" bytesdiscarded="345816" />
  <memory-copied type="other" objects="9" bytes="392" bytesdiscarded="0" />
  <memory-cardclean objects="1858" bytes="150488" />
  <regions eden="36" other="4" />
  <remembered-set-cleared processed="3594" cleared="758" durationms="0.149" />
  <references type="phantom" candidates="1" cleared="0" enqueued="0" />
  <stringconstants candidates="3963" cleared="0"  />
  <heap-resize type="expand" space="default" amount="3145728" count="3" timems="0.178" reason="continue current collection" />
</gc-op>
<gc-op id="1016" type="classunload" timems="0.002" contextid="1012" timestamp="2019-09-21T21:27:24.938">
  <classunload-info classloadercandidates="20" classloadersunloaded="0" classesunloaded="0" anonymousclassesunloaded="0" quiescems="0.000" setupms="0.002" scanms="0.000" postms="0.000" />
</gc-op>
<gc-end id="1017" type="partial gc" contextid="1012" durationms="3.416" usertimems="4.000" systemtimems="4.000" timestamp="2019-09-21T21:27:24.938" activeThreads="8">
  <mem-info id="1018" free="41943040" total="126877696" percent="33">
    <mem type="eden" free="1808448" total="4194304" percent="43" />
    <remembered-set count="10336" freebytes="5023232" totalbytes="5064576" percent="99" regionsoverflowed="0" regionsstable="1" regionsrebuilding="0"/>
  </mem-info>
</gc-end>
<cycle-end id="1019" type="partial gc" contextid="1012" timestamp="2019-09-21T21:27:24.938" />
  <attribute name="elasticGC enabled" value="1" />
  <attribute name= "numThreadsSpecified" value="8" />
  <attribute name="heapSize specified" value="0" />
  <attribute name="Current GC Util" value="77" />
  <attribute name= "Current Time Running" value="21953" />
  <attribute name ="GC Interval" value="0" />
  <attribute name="Target GC Util Change" value ="40.000000" />
  <attribute name="Current GC Util Change" value="77.000000"/>
  <attribute name="Current Error" value="8.000000" />
  <attribute name="Output H" value="123769816"/>
  <attribute name="Output I" value="2008"/>
  <attribute name="Output T" value="8"/>
  <attribute name= "Current Time Running" value="21953" />
  <attribute name="GC Util currently" value="77" />
  <attribute name="CPU Util currently" value="7642732614339" />
<exclusive-end id="1020" timestamp="2019-09-21T21:27:24.938" durationms="4.200" />

<exclusive-start id="1021" timestamp="2019-09-21T21:27:25.367" intervalms="433.129">
  <response-info timems="0.047" idlems="0.047" threads="0" lastid="0000000002343800" lastname="Thread-4" />
</exclusive-start>
<allocation-taxation id="1022" taxation-threshold="37748736" timestamp="2019-09-21T21:27:25.367" intervalms="433.179" />
<cycle-start id="1023" type="partial gc" contextid="0" timestamp="2019-09-21T21:27:25.367" intervalms="433.199" />
<gc-start id="1024" type="partial gc" contextid="1023" timestamp="2019-09-21T21:27:25.368">
  <mem-info id="1025" free="4194304" total="126877696" percent="3">
    <mem type="eden" free="1048456" total="38797312" percent="2" />
    <remembered-set count="10272" freebytes="5023488" totalbytes="5064576" percent="99" regionsoverflowed="0" regionsstable="1" regionsrebuilding="0"/>
  </mem-info>
</gc-start>
<allocation-stats totalBytes="37688240" >
  <allocated-bytes non-tlh="0" tlh="37688240" arrayletleaf="0"/>
  <largest-consumer threadName="Thread-3" threadId="000000000233FC00" bytes="5814680" />
</allocation-stats>
<gc-op id="1026" type="copy forward" timems="2.021" contextid="1023" timestamp="2019-09-21T21:27:25.370">
  <memory-copied type="eden" objects="5124" bytes="2036752" bytesdiscarded="271800" />
  <memory-copied type="other" objects="13" bytes="536" bytesdiscarded="0" />
  <memory-cardclean objects="1835" bytes="149552" />
  <regions eden="36" other="5" />
  <remembered-set-cleared processed="3628" cleared="789" durationms="0.137" />
  <references type="phantom" candidates="1" cleared="0" enqueued="0" />
  <stringconstants candidates="3963" cleared="0"  />
  <heap-resize type="expand" space="default" amount="1048576" count="1" timems="0.062" reason="continue current collection" />
</gc-op>
<gc-op id="1027" type="classunload" timems="0.002" contextid="1023" timestamp="2019-09-21T21:27:25.370">
  <classunload-info classloadercandidates="20" classloadersunloaded="0" classesunloaded="0" anonymousclassesunloaded="0" quiescems="0.000" setupms="0.002" scanms="0.000" postms="0.000" />
</gc-op>
<gc-end id="1028" type="partial gc" contextid="1023" durationms="3.073" usertimems="4.000" systemtimems="0.000" timestamp="2019-09-21T21:27:25.371" activeThreads="8">
  <mem-info id="1029" free="42991616" total="127926272" percent="33">
    <mem type="eden" free="837040" total="3145728" percent="26" />
    <remembered-set count="10336" freebytes="5065088" totalbytes="5106432" percent="99" regionsoverflowed="0" regionsstable="1" regionsrebuilding="0"/>
  </mem-info>
</gc-end>
<cycle-end id="1030" type="partial gc" contextid="1023" timestamp="2019-09-21T21:27:25.371" />
  <attribute name="elasticGC enabled" value="1" />
  <attribute name= "numThreadsSpecified" value="8" />
  <attribute name="heapSize specified" value="0" />
  <attribute name="Current GC Util" value="80" />
  <attribute name= "Current Time Running" value="22386" />
  <attribute name ="GC Interval" value="0" />
  <attribute name="Target GC Util Change" value ="40.000000" />
  <attribute name="Current GC Util Change" value="80.000000"/>
  <attribute name="Current Error" value="7.000000" />
  <attribute name="Output H" value="126915544"/>
  <attribute name="Output I" value="2008"/>
  <attribute name="Output T" value="8"/>
  <attribute name= "Current Time Running" value="22386" />
  <attribute name="GC Util currently" value="80" />
  <attribute name="CPU Util currently" value="8383237475537" />
<exclusive-end id="1031" timestamp="2019-09-21T21:27:25.371" durationms="4.230" />

<exclusive-start id="1032" timestamp="2019-09-21T21:27:25.810" intervalms="443.419">
  <response-info timems="0.050" idlems="0.050" threads="0" lastid="0000000002359F00" lastname="Thread-10" />
</exclusive-start>
<allocation-taxation id="1033" taxation-threshold="38797312" timestamp="2019-09-21T21:27:25.811" intervalms="443.369" />
<cycle-start id="1034" type="partial gc" contextid="0" timestamp="2019-09-21T21:27:25.811" intervalms="443.350" />
<gc-start id="1035" type="partial gc" contextid="1034" timestamp="2019-09-21T21:27:25.811">
  <mem-info id="1036" free="4194304" total="127926272" percent="3">
    <mem type="eden" free="0" total="38797312" percent="0" />
    <remembered-set count="10176" freebytes="5065728" totalbytes="5106432" percent="99" regionsoverflowed="0" regionsstable="1" regionsrebuilding="0"/>
  </mem-info>
</gc-start>
<allocation-stats totalBytes="38721496" >
  <allocated-bytes non-tlh="16392" tlh="38705104" arrayletleaf="0"/>
  <largest-consumer threadName="Thread-5" threadId="0000000002347300" bytes="6010712" />
</allocation-stats>
<gc-op id="1037" type="copy forward" timems="1.933" contextid="1034" timestamp="2019-09-21T21:27:25.813">
  <memory-copied type="eden" objects="5148" bytes="1976488" bytesdiscarded="312608" />
  <memory-copied type="other" objects="8" bytes="288" bytesdiscarded="0" />
  <memory-cardclean objects="1826" bytes="149792" />
  <regions eden="37" other="4" />
  <remembered-set-cleared processed="3616" cleared="771" durationms="0.135" />
  <references type="phantom" candidates="1" cleared="0" enqueued="0" />
  <stringconstants candidates="3963" cleared="0"  />
  <heap-resize type="expand" space="default" amount="1048576" count="1" timems="0.079" reason="continue current collection" />
</gc-op>
<gc-op id="1038" type="classunload" timems="0.003" contextid="1034" timestamp="2019-09-21T21:27:25.814">
  <classunload-info classloadercandidates="20" classloadersunloaded="0" classesunloaded="0" anonymousclassesunloaded="0" quiescems="0.000" setupms="0.002" scanms="0.000" postms="0.000" />
</gc-op>
<gc-end id="1039" type="partial gc" contextid="1034" durationms="2.866" usertimems="4.000" systemtimems="0.000" timestamp="2019-09-21T21:27:25.814" activeThreads="8">
  <mem-info id="1040" free="42991616" total="128974848" percent="33">
    <mem type="eden" free="1905072" total="4194304" percent="45" />
    <remembered-set count="10336" freebytes="5106944" totalbytes="5148288" percent="99" regionsoverflowed="0" regionsstable="1" regionsrebuilding="0"/>
  </mem-info>
</gc-end>
<cycle-end id="1041" type="partial gc" contextid="1034" timestamp="2019-09-21T21:27:25.814" />
  <attribute name="elasticGC enabled" value="1" />
  <attribute name= "numThreadsSpecified" value="8" />
  <attribute name="heapSize specified" value="0" />
  <attribute name="Current GC Util" value="74" />
  <attribute name= "Current Time Running" value="22829" />
  <attribute name ="GC Interval" value="0" />
  <attribute name="Target GC Util Change" value ="40.000000" />
  <attribute name="Current GC Util Change" value="74.000000"/>
  <attribute name="Current Error" value="5.000000" />
  <attribute name="Output H" value="127964120"/>
  <attribute name="Output I" value="2008"/>
  <attribute name="Output T" value="8"/>
  <attribute name= "Current Time Running" value="22829" />
  <attribute name="GC Util currently" value="74" />
  <attribute name="CPU Util currently" value="8357198518816" />
<exclusive-end id="1042" timestamp="2019-09-21T21:27:25.814" durationms="3.684" />

<exclusive-start id="1043" timestamp="2019-09-21T21:27:26.293" intervalms="482.888">
  <response-info timems="0.076" idlems="0.076" threads="0" lastid="000000000234AF00" lastname="Thread-6" />
</exclusive-start>
<allocation-taxation id="1044" taxation-threshold="38797312" timestamp="2019-09-21T21:27:26.294" intervalms="482.919" />
<cycle-start id="1045" type="partial gc" contextid="0" timestamp="2019-09-21T21:27:26.294" intervalms="482.946" />
<gc-start id="1046" type="partial gc" contextid="1045" timestamp="2019-09-21T21:27:26.294">
  <mem-info id="1047" free="4194304" total="128974848" percent="3">
    <mem type="eden" free="0" total="38797312" percent="0" />
    <remembered-set count="10176" freebytes="5107584" totalbytes="5148288" percent="99" regionsoverflowed="0" regionsstable="1" regionsrebuilding="0"/>
  </mem-info>
</gc-start>
<allocation-stats totalBytes="38688120" >
  <allocated-bytes non-tlh="24592" tlh="38663528" arrayletleaf="0"/>
  <largest-consumer threadName="Thread-10" threadId="0000000002359F00" bytes="5606584" />
</allocation-stats>
<gc-op id="1048" type="copy forward" timems="1.992" contextid="1045" timestamp="2019-09-21T21:27:26.297">
  <memory-copied type="eden" objects="4686" bytes="1814072" bytesdiscarded="248144" />
  <memory-copied type="other" objects="12" bytes="432" bytesdiscarded="0" />
  <memory-cardclean objects="1885" bytes="152968" />
  <regions eden="37" other="5" />
  <remembered-set-cleared processed="3615" cleared="783" durationms="0.138" />
  <references type="phantom" candidates="1" cleared="0" enqueued="0" />
  <stringconstants candidates="3963" cleared="0"  />
</gc-op>
<gc-op id="1049" type="classunload" timems="0.002" contextid="1045" timestamp="2019-09-21T21:27:26.297">
  <classunload-info classloadercandidates="20" classloadersunloaded="0" classesunloaded="0" anonymousclassesunloaded="0" quiescems="0.000" setupms="0.002" scanms="0.000" postms="0.000" />
</gc-op>
<gc-end id="1050" type="partial gc" contextid="1045" durationms="3.062" usertimems="0.000" systemtimems="4.000" timestamp="2019-09-21T21:27:26.297" activeThreads="8">
  <mem-info id="1051" free="44040192" total="128974848" percent="34">
    <mem type="eden" free="34808" total="2097152" percent="1" />
    <remembered-set count="10272" freebytes="5107200" totalbytes="5148288" percent="99" regionsoverflowed="0" regionsstable="1" regionsrebuilding="0"/>
  </mem-info>
</gc-end>
<cycle-end id="1052" type="partial gc" contextid="1045" timestamp="2019-09-21T21:27:26.297" />
  <attribute name="elasticGC enabled" value="1" />
  <attribute name= "numThreadsSpecified" value="8" />
  <attribute name="heapSize specified" value="0" />
  <attribute name="Current GC Util" value="72" />
  <attribute name= "Current Time Running" value="23312" />
  <attribute name ="GC Interval" value="0" />
  <attribute name="Target GC Util Change" value ="40.000000" />
  <attribute name="Current GC Util Change" value="72.000000"/>
  <attribute name="Current Error" value="12.000000" />
  <attribute name="Output H" value="129012696"/>
  <attribute name="Output I" value="2008"/>
  <attribute name="Output T" value="8"/>
  <attribute name= "Current Time Running" value="23312" />
  <attribute name="GC Util currently" value="72" />
  <attribute name="CPU Util currently" value="8392665928254" />
<exclusive-end id="1053" timestamp="2019-09-21T21:27:26.297" durationms="3.987" />

<exclusive-start id="1054" timestamp="2019-09-21T21:27:26.743" intervalms="450.073">
  <response-info timems="0.085" idlems="0.085" threads="0" lastid="0000000002356300" lastname="Thread-9" />
</exclusive-start>
<allocation-taxation id="1055" taxation-threshold="38797312" timestamp="2019-09-21T21:27:26.744" intervalms="450.021" />
<cycle-start id="1056" type="partial gc" contextid="0" timestamp="2019-09-21T21:27:26.744" intervalms="449.990" />
<gc-start id="1057" type="partial gc" contextid="1056" timestamp="2019-09-21T21:27:26.744">
  <mem-info id="1058" free="5242880" total="128974848" percent="4">
    <mem type="eden" free="0" total="38797312" percent="0" />
    <remembered-set count="10080" freebytes="5107968" totalbytes="5148288" percent="99" regionsoverflowed="0" regionsstable="1" regionsrebuilding="0"/>
  </mem-info>
</gc-start>
<allocation-stats totalBytes="38735472" >
  <allocated-bytes non-tlh="65552" tlh="38669920" arrayletleaf="0"/>
  <largest-consumer threadName="Thread-7" threadId="000000000234EB00" bytes="6903000" />
</allocation-stats>
<gc-op id="1059" type="copy forward" timems="2.127" contextid="1056" timestamp="2019-09-21T21:27:26.747">
  <memory-copied type="eden" objects="5248" bytes="1995808" bytesdiscarded="332936" />
  <memory-copied type="other" objects="12" bytes="432" bytesdiscarded="0" />
  <memory-cardclean objects="1877" bytes="152936" />
  <regions eden="37" other="3" />
  <remembered-set-cleared processed="3573" cleared="747" durationms="0.141" />
  <stringconstants candidates="3963" cleared="0"  />
</gc-op>
<gc-op id="1060" type="classunload" timems="0.003" contextid="1056" timestamp="2019-09-21T21:27:26.747">
  <classunload-info classloadercandidates="20" classloadersunloaded="0" classesunloaded="0" anonymousclassesunloaded="0" quiescems="0.000" setupms="0.002" scanms="0.000" postms="0.000" />
</gc-op>
<gc-end id="1061" type="partial gc" contextid="1056" durationms="3.157" usertimems="4.000" systemtimems="0.000" timestamp="2019-09-21T21:27:26.747" activeThreads="8">
  <mem-info id="1062" free="41943040" total="128974848" percent="32">
    <mem type="eden" free="816856" total="3145728" percent="25" />
    <remembered-set count="9248" freebytes="5111296" totalbytes="5148288" percent="99" regionsoverflowed="0" regionsstable="1" regionsrebuilding="0"/>
  </mem-info>
</gc-end>
<cycle-end id="1063" type="partial gc" contextid="1056" timestamp="2019-09-21T21:27:26.747" />
  <attribute name="elasticGC enabled" value="1" />
  <attribute name= "numThreadsSpecified" value="8" />
  <attribute name="heapSize specified" value="0" />
  <attribute name="Current GC Util" value="83" />
  <attribute name= "Current Time Running" value="23762" />
  <attribute name ="GC Interval" value="0" />
  <attribute name="Target GC Util Change" value ="40.000000" />
  <attribute name="Current GC Util Change" value="83.000000"/>
  <attribute name="Current Error" value="8.000000" />
  <attribute name="Output H" value="129012696"/>
  <attribute name="Output I" value="2008"/>
  <attribute name="Output T" value="8"/>
  <attribute name= "Current Time Running" value="23762" />
  <attribute name="GC Util currently" value="83" />
  <attribute name="CPU Util currently" value="8741770387379" />
<exclusive-end id="1064" timestamp="2019-09-21T21:27:26.747" durationms="4.038" />

<exclusive-start id="1065" timestamp="2019-09-21T21:27:27.164" intervalms="420.494">
  <response-info timems="0.039" idlems="0.039" threads="0" lastid="000000000233FC00" lastname="Thread-3" />
</exclusive-start>
<allocation-taxation id="1066" taxation-threshold="38797312" timestamp="2019-09-21T21:27:27.164" intervalms="420.550" />
<cycle-start id="1067" type="partial gc" contextid="0" timestamp="2019-09-21T21:27:27.164" intervalms="420.559" />
<gc-start id="1068" type="partial gc" contextid="1067" timestamp="2019-09-21T21:27:27.164">
  <mem-info id="1069" free="3145728" total="128974848" percent="2">
    <mem type="eden" free="0" total="38797312" percent="0" />
    <remembered-set count="9152" freebytes="5111680" totalbytes="5148288" percent="99" regionsoverflowed="0" regionsstable="1" regionsrebuilding="0"/>
  </mem-info>
</gc-start>
<allocation-stats totalBytes="38655760" >
  <allocated-bytes non-tlh="65560" tlh="38590200" arrayletleaf="0"/>
  <largest-consumer threadName="Thread-7" threadId="000000000234EB00" bytes="6464800" />
</allocation-stats>
<gc-op id="1070" type="copy forward" timems="2.644" contextid="1067" timestamp="2019-09-21T21:27:27.168">
  <memory-copied type="eden" objects="4370" bytes="1864048" bytesdiscarded="259896" />
  <memory-copied type="other" objects="12" bytes="432" bytesdiscarded="0" />
  <memory-cardclean objects="1889" bytes="153096" />
  <regions eden="37" other="4" />
  <remembered-set-cleared processed="3628" cleared="795" durationms="0.144" />
  <references type="weak" candidates="1" cleared="0" enqueued="0" />
  <references type="phantom" candidates="2" cleared="0" enqueued="0" />
  <stringconstants candidates="3963" cleared="0"  />
  <heap-resize type="expand" space="default" amount="2097152" count="2" timems="0.138" reason="continue current collection" />
</gc-op>
<gc-op id="1071" type="classunload" timems="0.003" contextid="1067" timestamp="2019-09-21T21:27:27.168">
  <classunload-info classloadercandidates="20" classloadersunloaded="0" classesunloaded="0" anonymousclassesunloaded="0" quiescems="0.000" setupms="0.003" scanms="0.000" postms="0.000" />
</gc-op>
<gc-end id="1072" type="partial gc" contextid="1067" durationms="3.650" usertimems="8.000" systemtimems="0.000" timestamp="2019-09-21T21:27:27.168" activeThreads="8">
  <mem-info id="1073" free="42991616" total="131072000" percent="32">
    <mem type="eden" free="1021640" total="3145728" percent="32" />
    <remembered-set count="10368" freebytes="5190528" totalbytes="5232000" percent="99" regionsoverflowed="0" regionsstable="1" regionsrebuilding="0"/>
  </mem-info>
</gc-end>
<cycle-end id="1074" type="partial gc" contextid="1067" timestamp="2019-09-21T21:27:27.168" />
  <attribute name="elasticGC enabled" value="1" />
  <attribute name= "numThreadsSpecified" value="8" />
  <attribute name="heapSize specified" value="0" />
  <attribute name="Current GC Util" value="82" />
  <attribute name= "Current Time Running" value="24183" />
  <attribute name ="GC Interval" value="0" />
  <attribute name="Target GC Util Change" value ="40.000000" />
  <attribute name="Current GC Util Change" value="82.000000"/>
  <attribute name="Current Error" value="-3.000000" />
  <attribute name="Output H" value="129012688"/>
  <attribute name="Output I" value="2000"/>
  <attribute name="Output T" value="8"/>
  <attribute name= "Current Time Running" value="24183" />
  <attribute name="GC Util currently" value="82" />
  <attribute name="CPU Util currently" value="7006405251573" />
<exclusive-end id="1075" timestamp="2019-09-21T21:27:27.169" durationms="4.598" />

<exclusive-start id="1076" timestamp="2019-09-21T21:27:27.625" intervalms="461.131">
  <response-info timems="0.043" idlems="0.043" threads="0" lastid="0000000002359F00" lastname="Thread-10" />
</exclusive-start>
<allocation-taxation id="1077" taxation-threshold="38797312" timestamp="2019-09-21T21:27:27.625" intervalms="461.158" />
<cycle-start id="1078" type="partial gc" contextid="0" timestamp="2019-09-21T21:27:27.625" intervalms="461.163" />
<gc-start id="1079" type="partial gc" contextid="1078" timestamp="2019-09-21T21:27:27.626">
  <mem-info id="1080" free="4194304" total="131072000" percent="3">
    <mem type="eden" free="0" total="38797312" percent="0" />
    <remembered-set count="10112" freebytes="5191552" totalbytes="5232000" percent="99" regionsoverflowed="0" regionsstable="1" regionsrebuilding="0"/>
  </mem-info>
</gc-start>
<allocation-stats totalBytes="38724648" >
  <allocated-bytes non-tlh="32784" tlh="38691864" arrayletleaf="0"/>
  <largest-consumer threadName="Thread-8" threadId="0000000002352700" bytes="6216016" />
</allocation-stats>
<gc-op id="1081" type="copy forward" timems="2.111" contextid="1078" timestamp="2019-09-21T21:27:27.628">
  <memory-copied type="eden" objects="5278" bytes="2068272" bytesdiscarded="367152" />
  <memory-copied type="other" objects="12" bytes="432" bytesdiscarded="0" />
  <memory-cardclean objects="1891" bytes="153168" />
  <regions eden="37" other="4" />
  <remembered-set-cleared processed="3568" cleared="740" durationms="0.136" />
  <stringconstants candidates="3963" cleared="0"  />
</gc-op>
<gc-op id="1082" type="classunload" timems="0.003" contextid="1078" timestamp="2019-09-21T21:27:27.628">
  <classunload-info classloadercandidates="20" classloadersunloaded="0" classesunloaded="0" anonymousclassesunloaded="0" quiescems="0.000" setupms="0.002" scanms="0.000" postms="0.000" />
</gc-op>
<gc-end id="1083" type="partial gc" contextid="1078" durationms="2.988" usertimems="0.000" systemtimems="8.000" timestamp="2019-09-21T21:27:27.629" activeThreads="8">
  <mem-info id="1084" free="42991616" total="131072000" percent="32">
    <mem type="eden" free="710176" total="3145728" percent="22" />
    <remembered-set count="9760" freebytes="5192960" totalbytes="5232000" percent="99" regionsoverflowed="0" regionsstable="1" regionsrebuilding="0"/>
  </mem-info>
</gc-end>
<cycle-end id="1085" type="partial gc" contextid="1078" timestamp="2019-09-21T21:27:27.629" />
  <attribute name="elasticGC enabled" value="1" />
  <attribute name= "numThreadsSpecified" value="8" />
  <attribute name="heapSize specified" value="0" />
  <attribute name="Current GC Util" value="82" />
  <attribute name= "Current Time Running" value="24644" />
  <attribute name ="GC Interval" value="0" />
  <attribute name="Target GC Util Change" value ="40.000000" />
  <attribute name="Current GC Util Change" value="82.000000"/>
  <attribute name="Current Error" value="-6.000000" />
  <attribute name="Output H" value="131109840"/>
  <attribute name="Output I" value="2000"/>
  <attribute name="Output T" value="8"/>
  <attribute name= "Current Time Running" value="24644" />
  <attribute name="GC Util currently" value="82" />
  <attribute name="CPU Util currently" value="8638445574719" />
<exclusive-end id="1086" timestamp="2019-09-21T21:27:27.629" durationms="3.801" />

<exclusive-start id="1087" timestamp="2019-09-21T21:27:28.101" intervalms="476.054">
  <response-info timems="0.040" idlems="0.040" threads="0" lastid="0000000002356300" lastname="Thread-9" />
</exclusive-start>
<allocation-taxation id="1088" taxation-threshold="38797312" timestamp="2019-09-21T21:27:28.101" intervalms="476.029" />
<cycle-start id="1089" type="partial gc" contextid="0" timestamp="2019-09-21T21:27:28.101" intervalms="476.014" />
<gc-start id="1090" type="partial gc" contextid="1089" timestamp="2019-09-21T21:27:28.102">
  <mem-info id="1091" free="4194304" total="131072000" percent="3">
    <mem type="eden" free="0" total="38797312" percent="0" />
    <remembered-set count="9664" freebytes="5193344" totalbytes="5232000" percent="99" regionsoverflowed="0" regionsstable="1" regionsrebuilding="0"/>
  </mem-info>
</gc-start>
<allocation-stats totalBytes="38753544" >
  <allocated-bytes non-tlh="0" tlh="38753544" arrayletleaf="0"/>
  <largest-consumer threadName="Thread-3" threadId="000000000233FC00" bytes="6289576" />
</allocation-stats>
<gc-op id="1092" type="copy forward" timems="8.439" contextid="1089" timestamp="2019-09-21T21:27:28.111">
  <memory-copied type="eden" objects="4901" bytes="1920112" bytesdiscarded="50392" />
  <memory-copied type="other" objects="18" bytes="608" bytesdiscarded="0" />
  <memory-cardclean objects="1869" bytes="152408" />
  <regions eden="37" other="4" />
  <remembered-set-cleared processed="3631" cleared="791" durationms="0.166" />
  <references type="weak" candidates="1" cleared="0" enqueued="0" />
  <references type="phantom" candidates="1" cleared="0" enqueued="0" />
  <stringconstants candidates="3963" cleared="0"  />
</gc-op>
<gc-op id="1093" type="classunload" timems="0.002" contextid="1089" timestamp="2019-09-21T21:27:28.111">
  <classunload-info classloadercandidates="20" classloadersunloaded="0" classesunloaded="0" anonymousclassesunloaded="0" quiescems="0.000" setupms="0.002" scanms="0.000" postms="0.000" />
</gc-op>
<gc-end id="1094" type="partial gc" contextid="1089" durationms="9.551" usertimems="12.000" systemtimems="0.000" timestamp="2019-09-21T21:27:28.111" activeThreads="8">
  <mem-info id="1095" free="42991616" total="131072000" percent="32">
    <mem type="eden" free="126520" total="2097152" percent="6" />
    <remembered-set count="9856" freebytes="5192576" totalbytes="5232000" percent="99" regionsoverflowed="0" regionsstable="1" regionsrebuilding="0"/>
  </mem-info>
</gc-end>
<cycle-end id="1096" type="partial gc" contextid="1089" timestamp="2019-09-21T21:27:28.111" />
  <attribute name="elasticGC enabled" value="1" />
  <attribute name= "numThreadsSpecified" value="8" />
  <attribute name="heapSize specified" value="0" />
  <attribute name="Current GC Util" value="77" />
  <attribute name= "Current Time Running" value="25120" />
  <attribute name ="GC Interval" value="0" />
  <attribute name="Target GC Util Change" value ="40.000000" />
  <attribute name="Current GC Util Change" value="77.000000"/>
  <attribute name="Current Error" value="-4.000000" />
  <attribute name="Output H" value="131109840"/>
  <attribute name="Output I" value="2000"/>
  <attribute name="Output T" value="8"/>
  <attribute name= "Current Time Running" value="25120" />
  <attribute name="GC Util currently" value="77" />
  <attribute name="CPU Util currently" value="7813635825557" />
<exclusive-end id="1097" timestamp="2019-09-21T21:27:28.112" durationms="10.527" />

<exclusive-start id="1098" timestamp="2019-09-21T21:27:28.563" intervalms="461.391">
  <response-info timems="0.086" idlems="0.086" threads="0" lastid="000000000233FC00" lastname="Thread-3" />
</exclusive-start>
<allocation-taxation id="1099" taxation-threshold="38797312" timestamp="2019-09-21T21:27:28.563" intervalms="461.370" />
<cycle-start id="1100" type="partial gc" contextid="0" timestamp="2019-09-21T21:27:28.563" intervalms="461.384" />
<gc-start id="1101" type="partial gc" contextid="1100" timestamp="2019-09-21T21:27:28.563">
  <mem-info id="1102" free="4194304" total="131072000" percent="3">
    <mem type="eden" free="0" total="38797312" percent="0" />
    <remembered-set count="9568" freebytes="5193728" totalbytes="5232000" percent="99" regionsoverflowed="0" regionsstable="1" regionsrebuilding="0"/>
  </mem-info>
</gc-start>
<allocation-stats totalBytes="38740336" >
  <allocated-bytes non-tlh="16392" tlh="38723944" arrayletleaf="0"/>
  <largest-consumer threadName="Thread-6" threadId="000000000234AF00" bytes="5915400" />
</allocation-stats>
<gc-op id="1103" type="copy forward" timems="2.371" contextid="1100" timestamp="2019-09-21T21:27:28.566">
  <memory-copied type="eden" objects="4822" bytes="1875056" bytesdiscarded="229488" />
  <memory-copied type="other" objects="8" bytes="288" bytesdiscarded="0" />
  <memory-cardclean objects="1884" bytes="152600" />
  <regions eden="37" other="3" />
  <remembered-set-cleared processed="3602" cleared="763" durationms="0.141" />
  <stringconstants candidates="3963" cleared="0"  />
</gc-op>
<gc-op id="1104" type="classunload" timems="0.003" contextid="1100" timestamp="2019-09-21T21:27:28.566">
  <classunload-info classloadercandidates="20" classloadersunloaded="0" classesunloaded="0" anonymousclassesunloaded="0" quiescems="0.000" setupms="0.003" scanms="0.000" postms="0.000" />
</gc-op>
<gc-end id="1105" type="partial gc" contextid="1100" durationms="3.450" usertimems="8.000" systemtimems="0.000" timestamp="2019-09-21T21:27:28.566" activeThreads="8">
  <mem-info id="1106" free="41943040" total="131072000" percent="32">
    <mem type="eden" free="1041064" total="3145728" percent="33" />
    <remembered-set count="9824" freebytes="5192704" totalbytes="5232000" percent="99" regionsoverflowed="0" regionsstable="1" regionsrebuilding="0"/>
  </mem-info>
</gc-end>
<cycle-end id="1107" type="partial gc" contextid="1100" timestamp="2019-09-21T21:27:28.567" />
  <attribute name="elasticGC enabled" value="1" />
  <attribute name= "numThreadsSpecified" value="8" />
  <attribute name="heapSize specified" value="0" />
  <attribute name="Current GC Util" value="77" />
  <attribute name= "Current Time Running" value="25581" />
  <attribute name ="GC Interval" value="0" />
  <attribute name="Target GC Util Change" value ="40.000000" />
  <attribute name="Current GC Util Change" value="77.000000"/>
  <attribute name="Current Error" value="1.000000" />
  <attribute name="Output H" value="131109840"/>
  <attribute name="Output I" value="2000"/>
  <attribute name="Output T" value="8"/>
  <attribute name= "Current Time Running" value="25581" />
  <attribute name="GC Util currently" value="77" />
  <attribute name="CPU Util currently" value="8167306588861" />
<exclusive-end id="1108" timestamp="2019-09-21T21:27:28.567" durationms="4.744" />

<exclusive-start id="1109" timestamp="2019-09-21T21:27:29.012" intervalms="449.683">
  <response-info timems="0.080" idlems="0.080" threads="0" lastid="0000000002359F00" lastname="Thread-10" />
</exclusive-start>
<allocation-taxation id="1110" taxation-threshold="38797312" timestamp="2019-09-21T21:27:29.012" intervalms="449.682" />
<cycle-start id="1111" type="partial gc" contextid="0" timestamp="2019-09-21T21:27:29.012" intervalms="449.675" />
<gc-start id="1112" type="partial gc" contextid="1111" timestamp="2019-09-21T21:27:29.013">
  <mem-info id="1113" free="3145728" total="131072000" percent="2">
    <mem type="eden" free="0" total="38797312" percent="0" />
    <remembered-set count="9568" freebytes="5193728" totalbytes="5232000" percent="99" regionsoverflowed="0" regionsstable="1" regionsrebuilding="0"/>
  </mem-info>
</gc-start>
<allocation-stats totalBytes="38691912" >
  <allocated-bytes non-tlh="57368" tlh="38634544" arrayletleaf="0"/>
  <largest-consumer threadName="Thread-10" threadId="0000000002359F00" bytes="6775640" />
</allocation-stats>
<gc-op id="1114" type="copy forward" timems="2.180" contextid="1111" timestamp="2019-09-21T21:27:29.016">
  <memory-copied type="eden" objects="3844" bytes="1640288" bytesdiscarded="252112" />
  <memory-copied type="other" objects="20" bytes="720" bytesdiscarded="0" />
  <memory-cardclean objects="1852" bytes="150264" />
  <regions eden="37" other="4" />
  <remembered-set-cleared processed="3580" cleared="734" durationms="0.140" />
  <references type="phantom" candidates="1" cleared="0" enqueued="0" />
  <stringconstants candidates="3963" cleared="0"  />
  <heap-resize type="expand" space="default" amount="1048576" count="1" timems="0.069" reason="continue current collection" />
</gc-op>
<gc-op id="1115" type="classunload" timems="0.002" contextid="1111" timestamp="2019-09-21T21:27:29.016">
  <classunload-info classloadercandidates="20" classloadersunloaded="0" classesunloaded="0" anonymousclassesunloaded="0" quiescems="0.000" setupms="0.002" scanms="0.000" postms="0.000" />
</gc-op>
<gc-end id="1116" type="partial gc" contextid="1111" durationms="3.168" usertimems="8.000" systemtimems="0.000" timestamp="2019-09-21T21:27:29.016" activeThreads="8">
  <mem-info id="1117" free="42991616" total="132120576" percent="32">
    <mem type="eden" free="204600" total="2097152" percent="9" />
    <remembered-set count="9792" freebytes="5234688" totalbytes="5273856" percent="99" regionsoverflowed="0" regionsstable="1" regionsrebuilding="0"/>
  </mem-info>
</gc-end>
<cycle-end id="1118" type="partial gc" contextid="1111" timestamp="2019-09-21T21:27:29.016" />
  <attribute name="elasticGC enabled" value="1" />
  <attribute name= "numThreadsSpecified" value="8" />
  <attribute name="heapSize specified" value="0" />
  <attribute name="Current GC Util" value="77" />
  <attribute name= "Current Time Running" value="26031" />
  <attribute name ="GC Interval" value="0" />
  <attribute name="Target GC Util Change" value ="40.000000" />
  <attribute name="Current GC Util Change" value="77.000000"/>
  <attribute name="Current Error" value="3.000000" />
  <attribute name="Output H" value="131109848"/>
  <attribute name="Output I" value="2008"/>
  <attribute name="Output T" value="8"/>
  <attribute name= "Current Time Running" value="26031" />
  <attribute name="GC Util currently" value="77" />
  <attribute name="CPU Util currently" value="7959554013464" />
<exclusive-end id="1119" timestamp="2019-09-21T21:27:29.016" durationms="4.219" />

<exclusive-start id="1120" timestamp="2019-09-21T21:27:29.475" intervalms="462.497">
  <response-info timems="0.055" idlems="0.055" threads="0" lastid="000000000233FC00" lastname="Thread-3" />
</exclusive-start>
<allocation-taxation id="1121" taxation-threshold="39845888" timestamp="2019-09-21T21:27:29.475" intervalms="462.513" />
<cycle-start id="1122" type="partial gc" contextid="0" timestamp="2019-09-21T21:27:29.475" intervalms="462.519" />
<gc-start id="1123" type="partial gc" contextid="1122" timestamp="2019-09-21T21:27:29.475">
  <mem-info id="1124" free="3145728" total="132120576" percent="2">
    <mem type="eden" free="0" total="39845888" percent="0" />
    <remembered-set count="9472" freebytes="5235968" totalbytes="5273856" percent="99" regionsoverflowed="0" regionsstable="1" regionsrebuilding="0"/>
  </mem-info>
</gc-start>
<allocation-stats totalBytes="39757752" >
  <allocated-bytes non-tlh="49168" tlh="39708584" arrayletleaf="0"/>
  <largest-consumer threadName="Thread-8" threadId="0000000002352700" bytes="7423736" />
</allocation-stats>
<gc-op id="1125" type="copy forward" timems="3.042" contextid="1122" timestamp="2019-09-21T21:27:29.479">
  <memory-copied type="eden" objects="5048" bytes="1992800" bytesdiscarded="249456" />
  <memory-copied type="other" objects="16" bytes="576" bytesdiscarded="0" />
  <memory-cardclean objects="1858" bytes="150952" />
  <regions eden="38" other="3" />
  <remembered-set-cleared processed="3498" cleared="661" durationms="0.167" />
  <stringconstants candidates="3963" cleared="0"  />
  <heap-resize type="expand" space="default" amount="2097152" count="2" timems="0.120" reason="continue current collection" />
</gc-op>
<gc-op id="1126" type="classunload" timems="0.003" contextid="1122" timestamp="2019-09-21T21:27:29.479">
  <classunload-info classloadercandidates="20" classloadersunloaded="0" classesunloaded="0" anonymousclassesunloaded="0" quiescems="0.000" setupms="0.003" scanms="0.000" postms="0.000" />
</gc-op>
<gc-end id="1127" type="partial gc" contextid="1122" durationms="4.053" usertimems="0.000" systemtimems="4.000" timestamp="2019-09-21T21:27:29.479" activeThreads="8">
  <mem-info id="1128" free="42991616" total="134217728" percent="32">
    <mem type="eden" free="903344" total="3145728" percent="28" />
    <remembered-set count="10272" freebytes="5316480" totalbytes="5357568" percent="99" regionsoverflowed="0" regionsstable="1" regionsrebuilding="0"/>
  </mem-info>
</gc-end>
<cycle-end id="1129" type="partial gc" contextid="1122" timestamp="2019-09-21T21:27:29.479" />
  <attribute name="elasticGC enabled" value="1" />
  <attribute name= "numThreadsSpecified" value="8" />
  <attribute name="heapSize specified" value="0" />
  <attribute name="Current GC Util" value="70" />
  <attribute name= "Current Time Running" value="26493" />
  <attribute name ="GC Interval" value="0" />
  <attribute name="Target GC Util Change" value ="40.000000" />
  <attribute name="Current GC Util Change" value="70.000000"/>
  <attribute name="Current Error" value="12.000000" />
  <attribute name="Output H" value="132158424"/>
  <attribute name="Output I" value="2008"/>
  <attribute name="Output T" value="8"/>
  <attribute name= "Current Time Running" value="26493" />
  <attribute name="GC Util currently" value="70" />
  <attribute name="CPU Util currently" value="7870039932628" />
<exclusive-end id="1130" timestamp="2019-09-21T21:27:29.480" durationms="5.016" />

<exclusive-start id="1131" timestamp="2019-09-21T21:27:29.924" intervalms="449.461">
  <response-info timems="0.034" idlems="0.034" threads="0" lastid="0000000002352700" lastname="Thread-8" />
</exclusive-start>
<allocation-taxation id="1132" taxation-threshold="39845888" timestamp="2019-09-21T21:27:29.924" intervalms="449.458" />
<cycle-start id="1133" type="partial gc" contextid="0" timestamp="2019-09-21T21:27:29.924" intervalms="449.454" />
<gc-start id="1134" type="partial gc" contextid="1133" timestamp="2019-09-21T21:27:29.925">
  <mem-info id="1135" free="3145728" total="134217728" percent="2">
    <mem type="eden" free="0" total="39845888" percent="0" />
    <remembered-set count="9984" freebytes="5317632" totalbytes="5357568" percent="99" regionsoverflowed="0" regionsstable="1" regionsrebuilding="0"/>
  </mem-info>
</gc-start>
<allocation-stats totalBytes="39791784" >
  <allocated-bytes non-tlh="0" tlh="39791784" arrayletleaf="0"/>
  <largest-consumer threadName="Thread-4" threadId="0000000002343800" bytes="6042496" />
</allocation-stats>
<gc-op id="1136" type="copy forward" timems="2.298" contextid="1133" timestamp="2019-09-21T21:27:29.928">
  <memory-copied type="eden" objects="5349" bytes="2064192" bytesdiscarded="345488" />
  <memory-copied type="other" objects="9" bytes="392" bytesdiscarded="664" />
  <memory-cardclean objects="1867" bytes="152280" />
  <regions eden="38" other="4" />
  <remembered-set-cleared processed="3638" cleared="801" durationms="0.149" />
  <references type="phantom" candidates="1" cleared="0" enqueued="0" />
  <stringconstants candidates="3963" cleared="0"  />
  <heap-resize type="expand" space="default" amount="1048576" count="1" timems="0.073" reason="continue current collection" />
</gc-op>
<gc-op id="1137" type="classunload" timems="0.003" contextid="1133" timestamp="2019-09-21T21:27:29.928">
  <classunload-info classloadercandidates="20" classloadersunloaded="0" classesunloaded="0" anonymousclassesunloaded="0" quiescems="0.000" setupms="0.002" scanms="0.000" postms="0.000" />
</gc-op>
<gc-end id="1138" type="partial gc" contextid="1133" durationms="3.252" usertimems="8.000" systemtimems="0.000" timestamp="2019-09-21T21:27:29.928" activeThreads="8">
  <mem-info id="1139" free="44040192" total="135266304" percent="32">
    <mem type="eden" free="735912" total="3145728" percent="23" />
    <remembered-set count="10240" freebytes="5358464" totalbytes="5399424" percent="99" regionsoverflowed="0" regionsstable="1" regionsrebuilding="0"/>
  </mem-info>
</gc-end>
<cycle-end id="1140" type="partial gc" contextid="1133" timestamp="2019-09-21T21:27:29.928" />
  <attribute name="elasticGC enabled" value="1" />
  <attribute name= "numThreadsSpecified" value="8" />
  <attribute name="heapSize specified" value="0" />
  <attribute name="Current GC Util" value="78" />
  <attribute name= "Current Time Running" value="26943" />
  <attribute name ="GC Interval" value="0" />
  <attribute name="Target GC Util Change" value ="40.000000" />
  <attribute name="Current GC Util Change" value="78.000000"/>
  <attribute name="Current Error" value="1.000000" />
  <attribute name="Output H" value="134255568"/>
  <attribute name="Output I" value="2000"/>
  <attribute name="Output T" value="8"/>
  <attribute name= "Current Time Running" value="26943" />
  <attribute name="GC Util currently" value="78" />
  <attribute name="CPU Util currently" value="7234993268966" />
<exclusive-end id="1141" timestamp="2019-09-21T21:27:29.928" durationms="4.213" />

<exclusive-start id="1142" timestamp="2019-09-21T21:27:30.384" intervalms="459.777">
  <response-info timems="0.048" idlems="0.048" threads="0" lastid="0000000002359F00" lastname="Thread-10" />
</exclusive-start>
<allocation-taxation id="1143" taxation-threshold="39845888" timestamp="2019-09-21T21:27:30.384" intervalms="459.765" />
<cycle-start id="1144" type="partial gc" contextid="0" timestamp="2019-09-21T21:27:30.384" intervalms="459.773" />
<gc-start id="1145" type="partial gc" contextid="1144" timestamp="2019-09-21T21:27:30.384">
  <mem-info id="1146" free="4194304" total="135266304" percent="3">
    <mem type="eden" free="0" total="39845888" percent="0" />
    <remembered-set count="10176" freebytes="5358720" totalbytes="5399424" percent="99" regionsoverflowed="0" regionsstable="1" regionsrebuilding="0"/>
  </mem-info>
</gc-start>
<allocation-stats totalBytes="39738424" >
  <allocated-bytes non-tlh="73768" tlh="39664656" arrayletleaf="0"/>
  <largest-consumer threadName="Thread-3" threadId="000000000233FC00" bytes="6669288" />
</allocation-stats>
<gc-op id="1147" type="copy forward" timems="2.098" contextid="1144" timestamp="2019-09-21T21:27:30.387">
  <memory-copied type="eden" objects="3983" bytes="1710192" bytesdiscarded="220920" />
  <memory-copied type="other" objects="13" bytes="536" bytesdiscarded="480" />
  <memory-cardclean objects="1865" bytes="152008" />
  <regions eden="38" other="4" />
  <remembered-set-cleared processed="3640" cleared="799" durationms="0.143" />
  <stringconstants candidates="3963" cleared="0"  />
</gc-op>
<gc-op id="1148" type="classunload" timems="0.003" contextid="1144" timestamp="2019-09-21T21:27:30.387">
  <classunload-info classloadercandidates="20" classloadersunloaded="0" classesunloaded="0" anonymousclassesunloaded="0" quiescems="0.000" setupms="0.002" scanms="0.000" postms="0.000" />
</gc-op>
<gc-end id="1149" type="partial gc" contextid="1144" durationms="3.125" usertimems="4.000" systemtimems="0.000" timestamp="2019-09-21T21:27:30.388" activeThreads="8">
  <mem-info id="1150" free="44040192" total="135266304" percent="32">
    <mem type="eden" free="165912" total="2097152" percent="7" />
    <remembered-set count="9728" freebytes="5360512" totalbytes="5399424" percent="99" regionsoverflowed="0" regionsstable="1" regionsrebuilding="0"/>
  </mem-info>
</gc-end>
<cycle-end id="1151" type="partial gc" contextid="1144" timestamp="2019-09-21T21:27:30.388" />
  <attribute name="elasticGC enabled" value="1" />
  <attribute name= "numThreadsSpecified" value="8" />
  <attribute name="heapSize specified" value="0" />
  <attribute name="Current GC Util" value="83" />
  <attribute name= "Current Time Running" value="27403" />
  <attribute name ="GC Interval" value="0" />
  <attribute name="Target GC Util Change" value ="40.000000" />
  <attribute name="Current GC Util Change" value="83.000000"/>
  <attribute name="Current Error" value="-3.000000" />
  <attribute name="Output H" value="135304144"/>
  <attribute name="Output I" value="2000"/>
  <attribute name="Output T" value="8"/>
  <attribute name= "Current Time Running" value="27403" />
  <attribute name="GC Util currently" value="83" />
  <attribute name="CPU Util currently" value="8354352275125" />
<exclusive-end id="1152" timestamp="2019-09-21T21:27:30.388" durationms="4.046" />

<exclusive-start id="1153" timestamp="2019-09-21T21:27:30.816" intervalms="432.320">
  <response-info timems="0.075" idlems="0.075" threads="0" lastid="000000000234AF00" lastname="Thread-6" />
</exclusive-start>
<allocation-taxation id="1154" taxation-threshold="39845888" timestamp="2019-09-21T21:27:30.816" intervalms="432.275" />
<cycle-start id="1155" type="partial gc" contextid="0" timestamp="2019-09-21T21:27:30.816" intervalms="432.255" />
<gc-start id="1156" type="partial gc" contextid="1155" timestamp="2019-09-21T21:27:30.817">
  <mem-info id="1157" free="4194304" total="135266304" percent="3">
    <mem type="eden" free="0" total="39845888" percent="0" />
    <remembered-set count="9408" freebytes="5361792" totalbytes="5399424" percent="99" regionsoverflowed="0" regionsstable="1" regionsrebuilding="0"/>
  </mem-info>
</gc-start>
<allocation-stats totalBytes="39726376" >
  <allocated-bytes non-tlh="32776" tlh="39693600" arrayletleaf="0"/>
  <largest-consumer threadName="Thread-4" threadId="0000000002343800" bytes="6350440" />
</allocation-stats>
<gc-op id="1158" type="copy forward" timems="2.293" contextid="1155" timestamp="2019-09-21T21:27:30.820">
  <memory-copied type="eden" objects="4919" bytes="1973856" bytesdiscarded="278968" />
  <memory-copied type="other" objects="12" bytes="432" bytesdiscarded="0" />
  <memory-cardclean objects="1884" bytes="153048" />
  <regions eden="38" other="3" />
  <remembered-set-cleared processed="3520" cleared="684" durationms="0.143" />
  <references type="phantom" candidates="1" cleared="0" enqueued="0" />
  <stringconstants candidates="3963" cleared="0"  />
  <heap-resize type="expand" space="default" amount="1048576" count="1" timems="0.074" reason="continue current collection" />
</gc-op>
<gc-op id="1159" type="classunload" timems="0.003" contextid="1155" timestamp="2019-09-21T21:27:30.820">
  <classunload-info classloadercandidates="20" classloadersunloaded="0" classesunloaded="0" anonymousclassesunloaded="0" quiescems="0.000" setupms="0.002" scanms="0.000" postms="0.000" />
</gc-op>
<gc-end id="1160" type="partial gc" contextid="1155" durationms="3.270" usertimems="4.000" systemtimems="0.000" timestamp="2019-09-21T21:27:30.820" activeThreads="8">
  <mem-info id="1161" free="42991616" total="136314880" percent="31">
    <mem type="eden" free="892760" total="3145728" percent="28" />
    <remembered-set count="10336" freebytes="5399936" totalbytes="5441280" percent="99" regionsoverflowed="0" regionsstable="1" regionsrebuilding="0"/>
  </mem-info>
</gc-end>
<cycle-end id="1162" type="partial gc" contextid="1155" timestamp="2019-09-21T21:27:30.820" />
  <attribute name="elasticGC enabled" value="1" />
  <attribute name= "numThreadsSpecified" value="8" />
  <attribute name="heapSize specified" value="0" />
  <attribute name="Current GC Util" value="83" />
  <attribute name= "Current Time Running" value="27835" />
  <attribute name ="GC Interval" value="0" />
  <attribute name="Target GC Util Change" value ="40.000000" />
  <attribute name="Current GC Util Change" value="83.000000"/>
  <attribute name="Current Error" value="-7.000000" />
  <attribute name="Output H" value="135304144"/>
  <attribute name="Output I" value="2000"/>
  <attribute name="Output T" value="8"/>
  <attribute name= "Current Time Running" value="27835" />
  <attribute name="GC Util currently" value="83" />
  <attribute name="CPU Util currently" value="8745417444345" />
<exclusive-end id="1163" timestamp="2019-09-21T21:27:30.820" durationms="4.079" />

<exclusive-start id="1164" timestamp="2019-09-21T21:27:31.265" intervalms="448.932">
  <response-info timems="0.043" idlems="0.043" threads="0" lastid="0000000002352700" lastname="Thread-8" />
</exclusive-start>
<allocation-taxation id="1165" taxation-threshold="40894464" timestamp="2019-09-21T21:27:31.265" intervalms="448.954" />
<cycle-start id="1166" type="partial gc" contextid="0" timestamp="2019-09-21T21:27:31.265" intervalms="448.963" />
<gc-start id="1167" type="partial gc" contextid="1166" timestamp="2019-09-21T21:27:31.266">
  <mem-info id="1168" free="2097152" total="136314880" percent="1">
    <mem type="eden" free="0" total="40894464" percent="0" />
    <remembered-set count="10272" freebytes="5400192" totalbytes="5441280" percent="99" regionsoverflowed="0" regionsstable="1" regionsrebuilding="0"/>
  </mem-info>
</gc-start>
<allocation-stats totalBytes="40845968" >
  <allocated-bytes non-tlh="32784" tlh="40813184" arrayletleaf="0"/>
  <largest-consumer threadName="Thread-8" threadId="0000000002352700" bytes="6198736" />
</allocation-stats>
<gc-op id="1169" type="copy forward" timems="2.538" contextid="1166" timestamp="2019-09-21T21:27:31.269">
  <memory-copied type="eden" objects="4910" bytes="1943912" bytesdiscarded="287000" />
  <memory-copied type="other" objects="12" bytes="432" bytesdiscarded="0" />
  <memory-cardclean objects="1867" bytes="152456" />
  <regions eden="39" other="4" />
  <remembered-set-cleared processed="3619" cleared="784" durationms="0.145" />
  <stringconstants candidates="3963" cleared="0"  />
  <heap-resize type="expand" space="default" amount="3145728" count="3" timems="0.181" reason="continue current collection" />
</gc-op>
<gc-op id="1170" type="classunload" timems="0.003" contextid="1166" timestamp="2019-09-21T21:27:31.269">
  <classunload-info classloadercandidates="20" classloadersunloaded="0" classesunloaded="0" anonymousclassesunloaded="0" quiescems="0.000" setupms="0.002" scanms="0.000" postms="0.000" />
</gc-op>
<gc-end id="1171" type="partial gc" contextid="1166" durationms="3.530" usertimems="8.000" systemtimems="0.000" timestamp="2019-09-21T21:27:31.269" activeThreads="8">
  <mem-info id="1172" free="45088768" total="139460608" percent="32">
    <mem type="eden" free="914688" total="3145728" percent="29" />
    <remembered-set count="9792" freebytes="5527680" totalbytes="5566848" percent="99" regionsoverflowed="0" regionsstable="1" regionsrebuilding="0"/>
  </mem-info>
</gc-end>
<cycle-end id="1173" type="partial gc" contextid="1166" timestamp="2019-09-21T21:27:31.269" />
  <attribute name="elasticGC enabled" value="1" />
  <attribute name= "numThreadsSpecified" value="8" />
  <attribute name="heapSize specified" value="0" />
  <attribute name="Current GC Util" value="74" />
  <attribute name= "Current Time Running" value="28284" />
  <attribute name ="GC Interval" value="0" />
  <attribute name="Target GC Util Change" value ="40.000000" />
  <attribute name="Current GC Util Change" value="74.000000"/>
  <attribute name="Current Error" value="5.000000" />
  <attribute name="Output H" value="136352728"/>
  <attribute name="Output I" value="2008"/>
  <attribute name="Output T" value="8"/>
  <attribute name= "Current Time Running" value="28284" />
  <attribute name="GC Util currently" value="74" />
  <attribute name="CPU Util currently" value="7427230090883" />
<exclusive-end id="1174" timestamp="2019-09-21T21:27:31.270" durationms="4.324" />

<exclusive-start id="1175" timestamp="2019-09-21T21:27:31.749" intervalms="483.620">
  <response-info timems="0.063" idlems="0.063" threads="0" lastid="000000000234EB00" lastname="Thread-7" />
</exclusive-start>
<allocation-taxation id="1176" taxation-threshold="40894464" timestamp="2019-09-21T21:27:31.749" intervalms="483.576" />
<cycle-start id="1177" type="partial gc" contextid="0" timestamp="2019-09-21T21:27:31.749" intervalms="483.576" />
<gc-start id="1178" type="partial gc" contextid="1177" timestamp="2019-09-21T21:27:31.749">
  <mem-info id="1179" free="4194304" total="139460608" percent="3">
    <mem type="eden" free="0" total="40894464" percent="0" />
    <remembered-set count="9536" freebytes="5528704" totalbytes="5566848" percent="99" regionsoverflowed="0" regionsstable="1" regionsrebuilding="0"/>
  </mem-info>
</gc-start>
<allocation-stats totalBytes="40806656" >
  <allocated-bytes non-tlh="57368" tlh="40749288" arrayletleaf="0"/>
  <largest-consumer threadName="Thread-8" threadId="0000000002352700" bytes="6832536" />
</allocation-stats>
<gc-op id="1180" type="copy forward" timems="2.524" contextid="1177" timestamp="2019-09-21T21:27:31.752">
  <memory-copied type="eden" objects="4095" bytes="1846904" bytesdiscarded="419288" />
  <memory-copied type="other" objects="12" bytes="432" bytesdiscarded="0" />
  <memory-cardclean objects="1848" bytes="151544" />
  <regions eden="39" other="4" />
  <remembered-set-cleared processed="3593" cleared="747" durationms="0.188" />
  <references type="weak" candidates="1" cleared="0" enqueued="0" />
  <references type="phantom" candidates="2" cleared="0" enqueued="0" />
  <stringconstants candidates="3963" cleared="0"  />
  <heap-resize type="expand" space="default" amount="1048576" count="1" timems="0.063" reason="continue current collection" />
</gc-op>
<gc-op id="1181" type="classunload" timems="0.002" contextid="1177" timestamp="2019-09-21T21:27:31.752">
  <classunload-info classloadercandidates="20" classloadersunloaded="0" classesunloaded="0" anonymousclassesunloaded="0" quiescems="0.000" setupms="0.002" scanms="0.000" postms="0.000" />
</gc-op>
<gc-end id="1182" type="partial gc" contextid="1177" durationms="3.454" usertimems="4.000" systemtimems="0.000" timestamp="2019-09-21T21:27:31.753" activeThreads="8">
  <mem-info id="1183" free="45088768" total="140509184" percent="32">
    <mem type="eden" free="879392" total="3145728" percent="27" />
    <remembered-set count="10368" freebytes="5567232" totalbytes="5608704" percent="99" regionsoverflowed="0" regionsstable="1" regionsrebuilding="0"/>
  </mem-info>
</gc-end>
<cycle-end id="1184" type="partial gc" contextid="1177" timestamp="2019-09-21T21:27:31.753" />
  <attribute name="elasticGC enabled" value="1" />
  <attribute name= "numThreadsSpecified" value="8" />
  <attribute name="heapSize specified" value="0" />
  <attribute name="Current GC Util" value="77" />
  <attribute name= "Current Time Running" value="28767" />
  <attribute name ="GC Interval" value="0" />
  <attribute name="Target GC Util Change" value ="40.000000" />
  <attribute name="Current GC Util Change" value="77.000000"/>
  <attribute name="Current Error" value="7.000000" />
  <attribute name="Output H" value="139498456"/>
  <attribute name="Output I" value="2008"/>
  <attribute name="Output T" value="8"/>
  <attribute name= "Current Time Running" value="28767" />
  <attribute name="GC Util currently" value="77" />
  <attribute name="CPU Util currently" value="7658674220071" />
<exclusive-end id="1185" timestamp="2019-09-21T21:27:31.753" durationms="4.129" />

<exclusive-start id="1186" timestamp="2019-09-21T21:27:32.277" intervalms="528.223">
  <response-info timems="0.056" idlems="0.056" threads="0" lastid="000000000233FC00" lastname="Thread-3" />
</exclusive-start>
<allocation-taxation id="1187" taxation-threshold="41943040" timestamp="2019-09-21T21:27:32.277" intervalms="528.290" />
<cycle-start id="1188" type="partial gc" contextid="0" timestamp="2019-09-21T21:27:32.277" intervalms="528.295" />
<gc-start id="1189" type="partial gc" contextid="1188" timestamp="2019-09-21T21:27:32.278">
  <mem-info id="1190" free="3145728" total="140509184" percent="2">
    <mem type="eden" free="0" total="41943040" percent="0" />
    <remembered-set count="10240" freebytes="5567744" totalbytes="5608704" percent="99" regionsoverflowed="0" regionsstable="1" regionsrebuilding="0"/>
  </mem-info>
</gc-start>
<allocation-stats totalBytes="41870584" >
  <allocated-bytes non-tlh="0" tlh="41870584" arrayletleaf="0"/>
  <largest-consumer threadName="Thread-9" threadId="0000000002356300" bytes="6302520" />
</allocation-stats>
<gc-op id="1191" type="copy forward" timems="2.711" contextid="1188" timestamp="2019-09-21T21:27:32.281">
  <memory-copied type="eden" objects="5184" bytes="2050992" bytesdiscarded="356552" />
  <memory-copied type="other" objects="18" bytes="608" bytesdiscarded="336" />
  <memory-cardclean objects="1863" bytes="152416" />
  <regions eden="40" other="4" />
  <remembered-set-cleared processed="3545" cleared="703" durationms="0.143" />
  <references type="phantom" candidates="1" cleared="0" enqueued="0" />
  <stringconstants candidates="3963" cleared="0"  />
  <heap-resize type="expand" space="default" amount="2097152" count="2" timems="0.108" reason="continue current collection" />
</gc-op>
<gc-op id="1192" type="classunload" timems="0.003" contextid="1188" timestamp="2019-09-21T21:27:32.281">
  <classunload-info classloadercandidates="20" classloadersunloaded="0" classesunloaded="0" anonymousclassesunloaded="0" quiescems="0.000" setupms="0.003" scanms="0.000" postms="0.000" />
</gc-op>
<gc-end id="1193" type="partial gc" contextid="1188" durationms="3.739" usertimems="8.000" systemtimems="0.000" timestamp="2019-09-21T21:27:32.281" activeThreads="8">
  <mem-info id="1194" free="46137344" total="142606336" percent="32">
    <mem type="eden" free="738040" total="3145728" percent="23" />
    <remembered-set count="10304" freebytes="5651200" totalbytes="5692416" percent="99" regionsoverflowed="0" regionsstable="1" regionsrebuilding="0"/>
  </mem-info>
</gc-end>
<cycle-end id="1195" type="partial gc" contextid="1188" timestamp="2019-09-21T21:27:32.281" />
  <attribute name="elasticGC enabled" value="1" />
  <attribute name= "numThreadsSpecified" value="8" />
  <attribute name="heapSize specified" value="0" />
  <attribute name="Current GC Util" value="85" />
  <attribute name= "Current Time Running" value="29296" />
  <attribute name ="GC Interval" value="0" />
  <attribute name="Target GC Util Change" value ="40.000000" />
  <attribute name="Current GC Util Change" value="85.000000"/>
  <attribute name="Current Error" value="1.000000" />
  <attribute name="Output H" value="140547024"/>
  <attribute name="Output I" value="2000"/>
  <attribute name="Output T" value="8"/>
  <attribute name= "Current Time Running" value="29296" />
  <attribute name="GC Util currently" value="85" />
  <attribute name="CPU Util currently" value="7099335891818" />
<exclusive-end id="1196" timestamp="2019-09-21T21:27:32.282" durationms="4.600" />

<exclusive-start id="1197" timestamp="2019-09-21T21:27:32.723" intervalms="445.934">
  <response-info timems="0.039" idlems="0.039" threads="0" lastid="000000000233FC00" lastname="Thread-3" />
</exclusive-start>
<allocation-taxation id="1198" taxation-threshold="41943040" timestamp="2019-09-21T21:27:32.723" intervalms="445.953" />
<cycle-start id="1199" type="partial gc" contextid="0" timestamp="2019-09-21T21:27:32.723" intervalms="445.958" />
<gc-start id="1200" type="partial gc" contextid="1199" timestamp="2019-09-21T21:27:32.723">
  <mem-info id="1201" free="4194304" total="142606336" percent="2">
    <mem type="eden" free="0" total="41943040" percent="0" />
    <remembered-set count="10208" freebytes="5651584" totalbytes="5692416" percent="99" regionsoverflowed="0" regionsstable="1" regionsrebuilding="0"/>
  </mem-info>
</gc-start>
<allocation-stats totalBytes="41732576" >
  <allocated-bytes non-tlh="32784" tlh="41699792" arrayletleaf="0"/>
  <largest-consumer threadName="Thread-8" threadId="0000000002352700" bytes="6519048" />
</allocation-stats>
<gc-op id="1202" type="copy forward" timems="2.223" contextid="1199" timestamp="2019-09-21T21:27:32.726">
  <memory-copied type="eden" objects="3594" bytes="1533392" bytesdiscarded="277904" />
  <memory-copied type="other" objects="14" bytes="464" bytesdiscarded="480" />
  <memory-cardclean objects="1852" bytes="151992" />
  <regions eden="40" other="4" />
  <remembered-set-cleared processed="3608" cleared="769" durationms="0.148" />
  <references type="weak" candidates="2" cleared="0" enqueued="0" />
  <references type="phantom" candidates="2" cleared="0" enqueued="0" />
  <stringconstants candidates="3963" cleared="0"  />
  <heap-resize type="expand" space="default" amount="1048576" count="1" timems="0.067" reason="continue current collection" />
</gc-op>
<gc-op id="1203" type="classunload" timems="0.003" contextid="1199" timestamp="2019-09-21T21:27:32.726">
  <classunload-info classloadercandidates="20" classloadersunloaded="0" classesunloaded="0" anonymousclassesunloaded="0" quiescems="0.000" setupms="0.003" scanms="0.000" postms="0.000" />
</gc-op>
<gc-end id="1204" type="partial gc" contextid="1199" durationms="3.238" usertimems="4.000" systemtimems="4.000" timestamp="2019-09-21T21:27:32.727" activeThreads="8">
  <mem-info id="1205" free="46137344" total="143654912" percent="32">
    <mem type="eden" free="1334304" total="3145728" percent="42" />
    <remembered-set count="10240" freebytes="5693312" totalbytes="5734272" percent="99" regionsoverflowed="0" regionsstable="1" regionsrebuilding="0"/>
  </mem-info>
</gc-end>
<cycle-end id="1206" type="partial gc" contextid="1199" timestamp="2019-09-21T21:27:32.727" />
  <attribute name="elasticGC enabled" value="1" />
  <attribute name= "numThreadsSpecified" value="8" />
  <attribute name="heapSize specified" value="0" />
  <attribute name="Current GC Util" value="76" />
  <attribute name= "Current Time Running" value="29742" />
  <attribute name ="GC Interval" value="0" />
  <attribute name="Target GC Util Change" value ="40.000000" />
  <attribute name="Current GC Util Change" value="76.000000"/>
  <attribute name="Current Error" value="3.000000" />
  <attribute name="Output H" value="142644184"/>
  <attribute name="Output I" value="2008"/>
  <attribute name="Output T" value="8"/>
  <attribute name= "Current Time Running" value="29742" />
  <attribute name="GC Util currently" value="76" />
  <attribute name="CPU Util currently" value="7767913567928" />
<exclusive-end id="1207" timestamp="2019-09-21T21:27:32.727" durationms="4.094" />

<exclusive-start id="1208" timestamp="2019-09-21T21:27:33.190" intervalms="467.102">
  <response-info timems="0.072" idlems="0.072" threads="0" lastid="0000000002356300" lastname="Thread-9" />
</exclusive-start>
<allocation-taxation id="1209" taxation-threshold="41943040" timestamp="2019-09-21T21:27:33.190" intervalms="467.030" />
<cycle-start id="1210" type="partial gc" contextid="0" timestamp="2019-09-21T21:27:33.190" intervalms="467.022" />
<gc-start id="1211" type="partial gc" contextid="1210" timestamp="2019-09-21T21:27:33.190">
  <mem-info id="1212" free="4194304" total="143654912" percent="2">
    <mem type="eden" free="0" total="41943040" percent="0" />
    <remembered-set count="9920" freebytes="5694592" totalbytes="5734272" percent="99" regionsoverflowed="0" regionsstable="1" regionsrebuilding="0"/>
  </mem-info>
</gc-start>
<allocation-stats totalBytes="41842040" >
  <allocated-bytes non-tlh="49168" tlh="41792872" arrayletleaf="0"/>
  <largest-consumer threadName="Thread-4" threadId="0000000002343800" bytes="6710640" />
</allocation-stats>
<gc-op id="1213" type="copy forward" timems="6.157" contextid="1210" timestamp="2019-09-21T21:27:33.197">
  <memory-copied type="eden" objects="5442" bytes="2082448" bytesdiscarded="80" />
  <memory-copied type="other" objects="8" bytes="288" bytesdiscarded="0" />
  <memory-cardclean objects="1896" bytes="153768" />
  <regions eden="40" other="4" />
  <remembered-set-cleared processed="3484" cleared="656" durationms="0.175" />
  <stringconstants candidates="3963" cleared="0"  />
</gc-op>
<gc-op id="1214" type="classunload" timems="0.002" contextid="1210" timestamp="2019-09-21T21:27:33.197">
  <classunload-info classloadercandidates="20" classloadersunloaded="0" classesunloaded="0" anonymousclassesunloaded="0" quiescems="0.000" setupms="0.002" scanms="0.000" postms="0.000" />
</gc-op>
<gc-end id="1215" type="partial gc" contextid="1210" durationms="7.151" usertimems="12.000" systemtimems="0.000" timestamp="2019-09-21T21:27:33.198" activeThreads="8">
  <mem-info id="1216" free="46137344" total="143654912" percent="32">
    <mem type="eden" free="1063072" total="3145728" percent="33" />
    <remembered-set count="9728" freebytes="5695360" totalbytes="5734272" percent="99" regionsoverflowed="0" regionsstable="1" regionsrebuilding="0"/>
  </mem-info>
</gc-end>
<cycle-end id="1217" type="partial gc" contextid="1210" timestamp="2019-09-21T21:27:33.198" />
  <attribute name="elasticGC enabled" value="1" />
  <attribute name= "numThreadsSpecified" value="8" />
  <attribute name="heapSize specified" value="0" />
  <attribute name="Current GC Util" value="82" />
  <attribute name= "Current Time Running" value="30209" />
  <attribute name ="GC Interval" value="0" />
  <attribute name="Target GC Util Change" value ="40.000000" />
  <attribute name="Current GC Util Change" value="82.000000"/>
  <attribute name="Current Error" value="0.000000" />
  <attribute name="Output H" value="143692752"/>
  <attribute name="Output I" value="2000"/>
  <attribute name="Output T" value="8"/>
  <attribute name= "Current Time Running" value="30209" />
  <attribute name="GC Util currently" value="82" />
  <attribute name="CPU Util currently" value="8346791910598" />
<exclusive-end id="1218" timestamp="2019-09-21T21:27:33.198" durationms="7.905" />

<exclusive-start id="1219" timestamp="2019-09-21T21:27:33.637" intervalms="447.123">
  <response-info timems="0.038" idlems="0.038" threads="0" lastid="0000000002343800" lastname="Thread-4" />
</exclusive-start>
<allocation-taxation id="1220" taxation-threshold="41943040" timestamp="2019-09-21T21:27:33.637" intervalms="447.206" />
<cycle-start id="1221" type="partial gc" contextid="0" timestamp="2019-09-21T21:27:33.637" intervalms="447.210" />
<gc-start id="1222" type="partial gc" contextid="1221" timestamp="2019-09-21T21:27:33.638">
  <mem-info id="1223" free="4194304" total="143654912" percent="2">
    <mem type="eden" free="1048456" total="42991616" percent="2" />
    <remembered-set count="9408" freebytes="5696640" totalbytes="5734272" percent="99" regionsoverflowed="0" regionsstable="1" regionsrebuilding="0"/>
  </mem-info>
</gc-start>
<allocation-stats totalBytes="41811584" >
  <allocated-bytes non-tlh="32776" tlh="41778808" arrayletleaf="0"/>
  <largest-consumer threadName="Thread-4" threadId="0000000002343800" bytes="5942000" />
</allocation-stats>
<gc-op id="1224" type="copy forward" timems="5.844" contextid="1221" timestamp="2019-09-21T21:27:33.644">
  <memory-copied type="eden" objects="4525" bytes="1866904" bytesdiscarded="24872" />
  <memory-copied type="other" objects="12" bytes="432" bytesdiscarded="0" />
  <memory-cardclean objects="1914" bytes="154408" />
  <regions eden="40" other="4" />
  <remembered-set-cleared processed="3646" cleared="818" durationms="0.148" />
  <references type="phantom" candidates="1" cleared="0" enqueued="0" />
  <stringconstants candidates="3963" cleared="0"  />
</gc-op>
<gc-op id="1225" type="classunload" timems="0.002" contextid="1221" timestamp="2019-09-21T21:27:33.644">
  <classunload-info classloadercandidates="20" classloadersunloaded="0" classesunloaded="0" anonymousclassesunloaded="0" quiescems="0.000" setupms="0.002" scanms="0.000" postms="0.000" />
</gc-op>
<gc-end id="1226" type="partial gc" contextid="1221" durationms="6.819" usertimems="8.000" systemtimems="0.000" timestamp="2019-09-21T21:27:33.645" activeThreads="8">
  <mem-info id="1227" free="46137344" total="143654912" percent="32">
    <mem type="eden" free="205232" total="2097152" percent="9" />
    <remembered-set count="9216" freebytes="5697408" totalbytes="5734272" percent="99" regionsoverflowed="0" regionsstable="1" regionsrebuilding="0"/>
  </mem-info>
</gc-end>
<cycle-end id="1228" type="partial gc" contextid="1221" timestamp="2019-09-21T21:27:33.645" />
  <attribute name="elasticGC enabled" value="1" />
  <attribute name= "numThreadsSpecified" value="8" />
  <attribute name="heapSize specified" value="0" />
  <attribute name="Current GC Util" value="85" />
  <attribute name= "Current Time Running" value="30656" />
  <attribute name ="GC Interval" value="0" />
  <attribute name="Target GC Util Change" value ="40.000000" />
  <attribute name="Current GC Util Change" value="85.000000"/>
  <attribute name="Current Error" value="-7.000000" />
  <attribute name="Output H" value="143692752"/>
  <attribute name="Output I" value="2000"/>
  <attribute name="Output T" value="8"/>
  <attribute name= "Current Time Running" value="30656" />
  <attribute name="GC Util currently" value="85" />
  <attribute name="CPU Util currently" value="8760635242936" />
<exclusive-end id="1229" timestamp="2019-09-21T21:27:33.645" durationms="7.850" />

<exclusive-start id="1230" timestamp="2019-09-21T21:27:34.086" intervalms="448.867">
  <response-info timems="0.060" idlems="0.060" threads="0" lastid="0000000002347300" lastname="Thread-5" />
</exclusive-start>
<allocation-taxation id="1231" taxation-threshold="41943040" timestamp="2019-09-21T21:27:34.086" intervalms="448.767" />
<cycle-start id="1232" type="partial gc" contextid="0" timestamp="2019-09-21T21:27:34.086" intervalms="448.757" />
<gc-start id="1233" type="partial gc" contextid="1232" timestamp="2019-09-21T21:27:34.086">
  <mem-info id="1234" free="4194304" total="143654912" percent="2">
    <mem type="eden" free="0" total="41943040" percent="0" />
    <remembered-set count="8928" freebytes="5698560" totalbytes="5734272" percent="99" regionsoverflowed="0" regionsstable="1" regionsrebuilding="0"/>
  </mem-info>
</gc-start>
<allocation-stats totalBytes="41898176" >
  <allocated-bytes non-tlh="0" tlh="41898176" arrayletleaf="0"/>
  <largest-consumer threadName="Thread-3" threadId="000000000233FC00" bytes="6357184" />
</allocation-stats>
<gc-op id="1235" type="copy forward" timems="2.255" contextid="1232" timestamp="2019-09-21T21:27:34.089">
  <memory-copied type="eden" objects="5152" bytes="1983656" bytesdiscarded="744" />
  <memory-copied type="other" objects="9" bytes="400" bytesdiscarded="0" />
  <memory-cardclean objects="1896" bytes="153456" />
  <regions eden="40" other="3" />
  <remembered-set-cleared processed="3555" cleared="723" durationms="0.285" />
  <references type="phantom" candidates="1" cleared="0" enqueued="0" />
  <stringconstants candidates="3963" cleared="0"  />
</gc-op>
<gc-op id="1236" type="classunload" timems="0.002" contextid="1232" timestamp="2019-09-21T21:27:34.089">
  <classunload-info classloadercandidates="20" classloadersunloaded="0" classesunloaded="0" anonymousclassesunloaded="0" quiescems="0.000" setupms="0.002" scanms="0.000" postms="0.000" />
</gc-op>
<heap-resize id="1237" type="expand" space="default" amount="1048576" count="1" timems="0.057" reason="insufficient free space following gc" timestamp="2019-09-21T21:27:34.090" />
<gc-end id="1238" type="partial gc" contextid="1232" durationms="3.439" usertimems="0.000" systemtimems="4.000" timestamp="2019-09-21T21:27:34.090" activeThreads="1">
  <mem-info id="1239" free="46137344" total="144703488" percent="31">
    <mem type="eden" free="112616" total="2097152" percent="5" />
    <remembered-set count="8480" freebytes="5742208" totalbytes="5776128" percent="99" regionsoverflowed="0" regionsstable="1" regionsrebuilding="0"/>
  </mem-info>
</gc-end>
<cycle-end id="1240" type="partial gc" contextid="1232" timestamp="2019-09-21T21:27:34.090" />
  <attribute name="elasticGC enabled" value="1" />
  <attribute name= "numThreadsSpecified" value="1" />
  <attribute name="heapSize specified" value="0" />
  <attribute name="Current GC Util" value="91" />
  <attribute name= "Current Time Running" value="31105" />
  <attribute name ="GC Interval" value="0" />
  <attribute name="Target GC Util Change" value ="40.000000" />
  <attribute name="Current GC Util Change" value="91.000000"/>
  <attribute name="Current Error" value="-13.000000" />
  <attribute name="Output H" value="143692752"/>
  <attribute name="Output I" value="2000"/>
  <attribute name="Output T" value="1"/>
  <attribute name= "Current Time Running" value="31105" />
  <attribute name="GC Util currently" value="91" />
  <attribute name="CPU Util currently" value="8575573196704" />
<exclusive-end id="1241" timestamp="2019-09-21T21:27:34.090" durationms="4.285" />

<exclusive-start id="1242" timestamp="2019-09-21T21:27:34.542" intervalms="455.493">
  <response-info timems="0.037" idlems="0.037" threads="0" lastid="000000000234AF00" lastname="Thread-6" />
</exclusive-start>
<allocation-taxation id="1243" taxation-threshold="42991616" timestamp="2019-09-21T21:27:34.542" intervalms="455.605" />
<cycle-start id="1244" type="partial gc" contextid="0" timestamp="2019-09-21T21:27:34.542" intervalms="455.611" />
<gc-start id="1245" type="partial gc" contextid="1244" timestamp="2019-09-21T21:27:34.542">
  <mem-info id="1246" free="3145728" total="144703488" percent="2">
    <mem type="eden" free="0" total="42991616" percent="0" />
    <remembered-set count="8480" freebytes="5742208" totalbytes="5776128" percent="99" regionsoverflowed="0" regionsstable="1" regionsrebuilding="0"/>
  </mem-info>
</gc-start>
<allocation-stats totalBytes="42939408" >
  <allocated-bytes non-tlh="40984" tlh="42898424" arrayletleaf="0"/>
  <largest-consumer threadName="Thread-10" threadId="0000000002359F00" bytes="6407768" />
</allocation-stats>
<gc-op id="1247" type="copy forward" timems="4.527" contextid="1244" timestamp="2019-09-21T21:27:34.547">
  <memory-copied type="eden" objects="4776" bytes="1920264" bytesdiscarded="155560" />
  <memory-copied type="other" objects="9" bytes="400" bytesdiscarded="0" />
  <memory-cardclean objects="1905" bytes="152776" />
  <regions eden="41" other="3" />
  <remembered-set-cleared processed="3651" cleared="823" durationms="0.151" />
  <references type="phantom" candidates="1" cleared="0" enqueued="0" />
  <stringconstants candidates="3963" cleared="0"  />
  <heap-resize type="expand" space="default" amount="1048576" count="1" timems="0.059" reason="continue current collection" />
</gc-op>
<gc-op id="1248" type="classunload" timems="0.003" contextid="1244" timestamp="2019-09-21T21:27:34.547">
  <classunload-info classloadercandidates="20" classloadersunloaded="0" classesunloaded="0" anonymousclassesunloaded="0" quiescems="0.000" setupms="0.003" scanms="0.000" postms="0.000" />
</gc-op>
<gc-end id="1249" type="partial gc" contextid="1244" durationms="5.462" usertimems="8.000" systemtimems="4.000" timestamp="2019-09-21T21:27:34.548" activeThreads="8">
  <mem-info id="1250" free="46137344" total="145752064" percent="31">
    <mem type="eden" free="21192" total="2097152" percent="1" />
    <remembered-set count="9728" freebytes="5779072" totalbytes="5817984" percent="99" regionsoverflowed="0" regionsstable="1" regionsrebuilding="0"/>
  </mem-info>
</gc-end>
<cycle-end id="1251" type="partial gc" contextid="1244" timestamp="2019-09-21T21:27:34.548" />
  <attribute name="elasticGC enabled" value="1" />
  <attribute name= "numThreadsSpecified" value="8" />
  <attribute name="heapSize specified" value="0" />
  <attribute name="Current GC Util" value="88" />
  <attribute name= "Current Time Running" value="31560" />
  <attribute name ="GC Interval" value="0" />
  <attribute name="Target GC Util Change" value ="40.000000" />
  <attribute name="Current GC Util Change" value="88.000000"/>
  <attribute name="Current Error" value="-21.000000" />
  <attribute name="Output H" value="144741320"/>
  <attribute name="Output I" value="1992"/>
  <attribute name="Output T" value="8"/>
  <attribute name= "Current Time Running" value="31560" />
  <attribute name="GC Util currently" value="88" />
  <attribute name="CPU Util currently" value="8326386979301" />
<exclusive-end id="1252" timestamp="2019-09-21T21:27:34.548" durationms="6.319" />

<exclusive-start id="1253" timestamp="2019-09-21T21:27:34.998" intervalms="456.477">
  <response-info timems="0.045" idlems="0.045" threads="0" lastid="000000000233FC00" lastname="Thread-3" />
</exclusive-start>
<allocation-taxation id="1254" taxation-threshold="42991616" timestamp="2019-09-21T21:27:34.998" intervalms="456.442" />
<cycle-start id="1255" type="partial gc" contextid="0" timestamp="2019-09-21T21:27:34.998" intervalms="456.451" />
<gc-start id="1256" type="partial gc" contextid="1255" timestamp="2019-09-21T21:27:34.999">
  <mem-info id="1257" free="3145728" total="145752064" percent="2">
    <mem type="eden" free="0" total="42991616" percent="0" />
    <remembered-set count="9408" freebytes="5780352" totalbytes="5817984" percent="99" regionsoverflowed="0" regionsstable="1" regionsrebuilding="0"/>
  </mem-info>
</gc-start>
<allocation-stats totalBytes="42950384" >
  <allocated-bytes non-tlh="49176" tlh="42901208" arrayletleaf="0"/>
  <largest-consumer threadName="Thread-6" threadId="000000000234AF00" bytes="6628032" />
</allocation-stats>
<gc-op id="1258" type="copy forward" timems="4.937" contextid="1255" timestamp="2019-09-21T21:27:35.004">
  <memory-copied type="eden" objects="4736" bytes="2002512" bytesdiscarded="23920" />
  <memory-copied type="other" objects="22" bytes="760" bytesdiscarded="0" />
  <memory-cardclean objects="1886" bytes="153368" />
  <regions eden="41" other="3" />
  <remembered-set-cleared processed="3614" cleared="791" durationms="0.151" />
  <stringconstants candidates="3963" cleared="0"  />
  <heap-resize type="expand" space="default" amount="1048576" count="1" timems="0.064" reason="continue current collection" />
</gc-op>
<gc-op id="1259" type="classunload" timems="0.003" contextid="1255" timestamp="2019-09-21T21:27:35.004">
  <classunload-info classloadercandidates="20" classloadersunloaded="0" classesunloaded="0" anonymousclassesunloaded="0" quiescems="0.000" setupms="0.002" scanms="0.000" postms="0.000" />
</gc-op>
<gc-end id="1260" type="partial gc" contextid="1255" durationms="5.872" usertimems="4.000" systemtimems="4.000" timestamp="2019-09-21T21:27:35.004" activeThreads="8">
  <mem-info id="1261" free="46137344" total="146800640" percent="31">
    <mem type="eden" free="70584" total="2097152" percent="3" />
    <remembered-set count="10240" freebytes="5818880" totalbytes="5859840" percent="99" regionsoverflowed="0" regionsstable="1" regionsrebuilding="0"/>
  </mem-info>
</gc-end>
<cycle-end id="1262" type="partial gc" contextid="1255" timestamp="2019-09-21T21:27:35.005" />
  <attribute name="elasticGC enabled" value="1" />
  <attribute name= "numThreadsSpecified" value="8" />
  <attribute name="heapSize specified" value="0" />
  <attribute name="Current GC Util" value="82" />
  <attribute name= "Current Time Running" value="32017" />
  <attribute name ="GC Interval" value="0" />
  <attribute name="Target GC Util Change" value ="40.000000" />
  <attribute name="Current GC Util Change" value="82.000000"/>
  <attribute name="Current Error" value="-25.000000" />
  <attribute name="Output H" value="145789896"/>
  <attribute name="Output I" value="1992"/>
  <attribute name="Output T" value="8"/>
  <attribute name= "Current Time Running" value="32017" />
  <attribute name="GC Util currently" value="82" />
  <attribute name="CPU Util currently" value="8483383425847" />
<exclusive-end id="1263" timestamp="2019-09-21T21:27:35.005" durationms="6.668" />

<exclusive-start id="1264" timestamp="2019-09-21T21:27:35.461" intervalms="463.068">
  <response-info timems="0.053" idlems="0.053" threads="0" lastid="000000000234AF00" lastname="Thread-6" />
</exclusive-start>
<allocation-taxation id="1265" taxation-threshold="42991616" timestamp="2019-09-21T21:27:35.461" intervalms="463.089" />
<cycle-start id="1266" type="partial gc" contextid="0" timestamp="2019-09-21T21:27:35.461" intervalms="463.082" />
<gc-start id="1267" type="partial gc" contextid="1266" timestamp="2019-09-21T21:27:35.462">
  <mem-info id="1268" free="3145728" total="146800640" percent="2">
    <mem type="eden" free="0" total="42991616" percent="0" />
    <remembered-set count="9792" freebytes="5820672" totalbytes="5859840" percent="99" regionsoverflowed="0" regionsstable="1" regionsrebuilding="0"/>
  </mem-info>
</gc-start>
<allocation-stats totalBytes="42915400" >
  <allocated-bytes non-tlh="16392" tlh="42899008" arrayletleaf="0"/>
  <largest-consumer threadName="Thread-8" threadId="0000000002352700" bytes="6996288" />
</allocation-stats>
<gc-op id="1269" type="copy forward" timems="4.615" contextid="1266" timestamp="2019-09-21T21:27:35.467">
  <memory-copied type="eden" objects="4902" bytes="1959456" bytesdiscarded="23456" />
  <memory-copied type="other" objects="12" bytes="432" bytesdiscarded="0" />
  <memory-cardclean objects="1861" bytes="152096" />
  <regions eden="41" other="3" />
  <remembered-set-cleared processed="3600" cleared="762" durationms="0.151" />
  <stringconstants candidates="3963" cleared="0"  />
</gc-op>
<gc-op id="1270" type="classunload" timems="0.003" contextid="1266" timestamp="2019-09-21T21:27:35.467">
  <classunload-info classloadercandidates="20" classloadersunloaded="0" classesunloaded="0" anonymousclassesunloaded="0" quiescems="0.000" setupms="0.002" scanms="0.000" postms="0.000" />
</gc-op>
<gc-end id="1271" type="partial gc" contextid="1266" durationms="5.506" usertimems="4.000" systemtimems="4.000" timestamp="2019-09-21T21:27:35.467" activeThreads="8">
  <mem-info id="1272" free="46137344" total="146800640" percent="31">
    <mem type="eden" free="114112" total="2097152" percent="5" />
    <remembered-set count="9792" freebytes="5820672" totalbytes="5859840" percent="99" regionsoverflowed="0" regionsstable="1" regionsrebuilding="0"/>
  </mem-info>
</gc-end>
<cycle-end id="1273" type="partial gc" contextid="1266" timestamp="2019-09-21T21:27:35.467" />
  <attribute name="elasticGC enabled" value="1" />
  <attribute name= "numThreadsSpecified" value="8" />
  <attribute name="heapSize specified" value="0" />
  <attribute name="Current GC Util" value="80" />
  <attribute name= "Current Time Running" value="32480" />
  <attribute name ="GC Interval" value="0" />
  <attribute name="Target GC Util Change" value ="40.000000" />
  <attribute name="Current GC Util Change" value="80.000000"/>
  <attribute name="Current Error" value="-2.000000" />
  <attribute name="Output H" value="146838480"/>
  <attribute name="Output I" value="2000"/>
  <attribute name="Output T" value="8"/>
  <attribute name= "Current Time Running" value="32480" />
  <attribute name="GC Util currently" value="80" />
  <attribute name="CPU Util currently" value="8281797835334" />
<exclusive-end id="1274" timestamp="2019-09-21T21:27:35.467" durationms="6.395" />

<exclusive-start id="1275" timestamp="2019-09-21T21:27:35.925" intervalms="463.994">
  <response-info timems="0.058" idlems="0.030" threads="1" lastid="0000000002347300" lastname="Thread-5" />
</exclusive-start>
<allocation-taxation id="1276" taxation-threshold="42991616" timestamp="2019-09-21T21:27:35.925" intervalms="463.958" />
<cycle-start id="1277" type="partial gc" contextid="0" timestamp="2019-09-21T21:27:35.925" intervalms="463.950" />
<gc-start id="1278" type="partial gc" contextid="1277" timestamp="2019-09-21T21:27:35.926">
  <mem-info id="1279" free="3145728" total="146800640" percent="2">
    <mem type="eden" free="0" total="42991616" percent="0" />
    <remembered-set count="9440" freebytes="5822080" totalbytes="5859840" percent="99" regionsoverflowed="0" regionsstable="1" regionsrebuilding="0"/>
  </mem-info>
</gc-start>
<allocation-stats totalBytes="42917432" >
  <allocated-bytes non-tlh="16392" tlh="42901040" arrayletleaf="0"/>
  <largest-consumer threadName="Thread-8" threadId="0000000002352700" bytes="6788344" />
</allocation-stats>
<gc-op id="1280" type="copy forward" timems="3.558" contextid="1277" timestamp="2019-09-21T21:27:35.930">
  <memory-copied type="eden" objects="4010" bytes="1742112" bytesdiscarded="123480" />
  <memory-copied type="other" objects="8" bytes="288" bytesdiscarded="0" />
  <memory-cardclean objects="1865" bytes="151968" />
  <regions eden="41" other="3" />
  <remembered-set-cleared processed="3608" cleared="767" durationms="0.150" />
  <stringconstants candidates="3963" cleared="0"  />
</gc-op>
<gc-op id="1281" type="classunload" timems="0.002" contextid="1277" timestamp="2019-09-21T21:27:35.930">
  <classunload-info classloadercandidates="20" classloadersunloaded="0" classesunloaded="0" anonymousclassesunloaded="0" quiescems="0.000" setupms="0.002" scanms="0.000" postms="0.000" />
</gc-op>
<gc-end id="1282" type="partial gc" contextid="1277" durationms="4.559" usertimems="8.000" systemtimems="0.000" timestamp="2019-09-21T21:27:35.930" activeThreads="8">
  <mem-info id="1283" free="46137344" total="146800640" percent="31">
    <mem type="eden" free="231424" total="2097152" percent="11" />
    <remembered-set count="9344" freebytes="5822464" totalbytes="5859840" percent="99" regionsoverflowed="0" regionsstable="1" regionsrebuilding="0"/>
  </mem-info>
</gc-end>
<cycle-end id="1284" type="partial gc" contextid="1277" timestamp="2019-09-21T21:27:35.930" />
  <attribute name="elasticGC enabled" value="1" />
  <attribute name= "numThreadsSpecified" value="8" />
  <attribute name="heapSize specified" value="0" />
  <attribute name="Current GC Util" value="86" />
  <attribute name= "Current Time Running" value="32944" />
  <attribute name ="GC Interval" value="0" />
  <attribute name="Target GC Util Change" value ="40.000000" />
  <attribute name="Current GC Util Change" value="86.000000"/>
  <attribute name="Current Error" value="-9.000000" />
  <attribute name="Output H" value="146838480"/>
  <attribute name="Output I" value="2000"/>
  <attribute name="Output T" value="8"/>
  <attribute name= "Current Time Running" value="32944" />
  <attribute name="GC Util currently" value="86" />
  <attribute name="CPU Util currently" value="8048598550452" />
<exclusive-end id="1285" timestamp="2019-09-21T21:27:35.930" durationms="5.375" />

<exclusive-start id="1286" timestamp="2019-09-21T21:27:36.434" intervalms="509.378">
  <response-info timems="0.032" idlems="0.032" threads="0" lastid="000000000233FC00" lastname="Thread-3" />
</exclusive-start>
<allocation-taxation id="1287" taxation-threshold="42991616" timestamp="2019-09-21T21:27:36.435" intervalms="509.645" />
<cycle-start id="1288" type="partial gc" contextid="0" timestamp="2019-09-21T21:27:36.435" intervalms="509.691" />
<gc-start id="1289" type="partial gc" contextid="1288" timestamp="2019-09-21T21:27:36.435">
  <mem-info id="1290" free="3145728" total="146800640" percent="2">
    <mem type="eden" free="0" total="42991616" percent="0" />
    <remembered-set count="8960" freebytes="5824000" totalbytes="5859840" percent="99" regionsoverflowed="0" regionsstable="1" regionsrebuilding="0"/>
  </mem-info>
</gc-start>
<allocation-stats totalBytes="42873800" >
  <allocated-bytes non-tlh="0" tlh="42873800" arrayletleaf="0"/>
  <largest-consumer threadName="Thread-3" threadId="000000000233FC00" bytes="6550232" />
</allocation-stats>
<gc-op id="1291" type="copy forward" timems="6.034" contextid="1288" timestamp="2019-09-21T21:27:36.442">
  <memory-copied type="eden" objects="5298" bytes="2071768" bytesdiscarded="327928" />
  <memory-copied type="other" objects="12" bytes="432" bytesdiscarded="0" />
  <memory-cardclean objects="1847" bytes="151368" />
  <regions eden="41" other="3" />
  <remembered-set-cleared processed="3545" cleared="702" durationms="0.170" />
  <references type="weak" candidates="1" cleared="0" enqueued="0" />
  <references type="phantom" candidates="1" cleared="0" enqueued="0" />
  <stringconstants candidates="3963" cleared="0"  />
  <heap-resize type="expand" space="default" amount="2097152" count="2" timems="0.107" reason="continue current collection" />
</gc-op>
<gc-op id="1292" type="classunload" timems="0.002" contextid="1288" timestamp="2019-09-21T21:27:36.442">
  <classunload-info classloadercandidates="20" classloadersunloaded="0" classesunloaded="0" anonymousclassesunloaded="0" quiescems="0.000" setupms="0.002" scanms="0.000" postms="0.000" />
</gc-op>
<heap-resize id="1293" type="expand" space="default" amount="1048576" count="1" timems="0.048" reason="insufficient free space following gc" timestamp="2019-09-21T21:27:36.443" />
<gc-end id="1294" type="partial gc" contextid="1288" durationms="7.534" usertimems="8.000" systemtimems="4.000" timestamp="2019-09-21T21:27:36.443" activeThreads="8">
  <mem-info id="1295" free="47185920" total="149946368" percent="31">
    <mem type="eden" free="745904" total="3145728" percent="23" />
    <remembered-set count="10368" freebytes="5943936" totalbytes="5985408" percent="99" regionsoverflowed="0" regionsstable="1" regionsrebuilding="0"/>
  </mem-info>
</gc-end>
<cycle-end id="1296" type="partial gc" contextid="1288" timestamp="2019-09-21T21:27:36.443" />
  <attribute name="elasticGC enabled" value="1" />
  <attribute name= "numThreadsSpecified" value="8" />
  <attribute name="heapSize specified" value="0" />
  <attribute name="Current GC Util" value="75" />
  <attribute name= "Current Time Running" value="33454" />
  <attribute name ="GC Interval" value="0" />
  <attribute name="Target GC Util Change" value ="40.000000" />
  <attribute name="Current GC Util Change" value="75.000000"/>
  <attribute name="Current Error" value="-5.000000" />
  <attribute name="Output H" value="146838480"/>
  <attribute name="Output I" value="2000"/>
  <attribute name="Output T" value="8"/>
  <attribute name= "Current Time Running" value="33454" />
  <attribute name="GC Util currently" value="75" />
  <attribute name="CPU Util currently" value="7581468519599" />
<exclusive-end id="1297" timestamp="2019-09-21T21:27:36.443" durationms="8.845" />

<exclusive-start id="1298" timestamp="2019-09-21T21:27:36.939" intervalms="504.082">
  <response-info timems="0.057" idlems="0.057" threads="0" lastid="0000000002359F00" lastname="Thread-10" />
</exclusive-start>
<allocation-taxation id="1299" taxation-threshold="44040192" timestamp="2019-09-21T21:27:36.939" intervalms="503.865" />
<cycle-start id="1300" type="partial gc" contextid="0" timestamp="2019-09-21T21:27:36.939" intervalms="503.828" />
<gc-start id="1301" type="partial gc" contextid="1300" timestamp="2019-09-21T21:27:36.939">
  <mem-info id="1302" free="3145728" total="149946368" percent="2">
    <mem type="eden" free="0" total="44040192" percent="0" />
    <remembered-set count="10368" freebytes="5943936" totalbytes="5985408" percent="99" regionsoverflowed="0" regionsstable="1" regionsrebuilding="0"/>
  </mem-info>
</gc-start>
<allocation-stats totalBytes="43968936" >
  <allocated-bytes non-tlh="16392" tlh="43952544" arrayletleaf="0"/>
  <largest-consumer threadName="Thread-4" threadId="0000000002343800" bytes="6477920" />
</allocation-stats>
<gc-op id="1303" type="copy forward" timems="6.599" contextid="1300" timestamp="2019-09-21T21:27:36.946">
  <memory-copied type="eden" objects="4749" bytes="1832216" bytesdiscarded="346928" />
  <memory-copied type="other" objects="12" bytes="432" bytesdiscarded="0" />
  <memory-cardclean objects="1851" bytes="151416" />
  <regions eden="42" other="4" />
  <remembered-set-cleared processed="3652" cleared="806" durationms="0.151" />
  <stringconstants candidates="3963" cleared="0"  />
  <heap-resize type="expand" space="default" amount="1048576" count="1" timems="0.060" reason="continue current collection" />
</gc-op>
<gc-op id="1304" type="classunload" timems="0.003" contextid="1300" timestamp="2019-09-21T21:27:36.946">
  <classunload-info classloadercandidates="20" classloadersunloaded="0" classesunloaded="0" anonymousclassesunloaded="0" quiescems="0.000" setupms="0.002" scanms="0.000" postms="0.000" />
</gc-op>
<gc-end id="1305" type="partial gc" contextid="1300" durationms="7.641" usertimems="8.000" systemtimems="4.000" timestamp="2019-09-21T21:27:36.947" activeThreads="8">
  <mem-info id="1306" free="48234496" total="150994944" percent="31">
    <mem type="eden" free="966456" total="3145728" percent="30" />
    <remembered-set count="9856" freebytes="5987840" totalbytes="6027264" percent="99" regionsoverflowed="0" regionsstable="1" regionsrebuilding="0"/>
  </mem-info>
</gc-end>
<cycle-end id="1307" type="partial gc" contextid="1300" timestamp="2019-09-21T21:27:36.947" />
  <attribute name="elasticGC enabled" value="1" />
  <attribute name= "numThreadsSpecified" value="8" />
  <attribute name="heapSize specified" value="0" />
  <attribute name="Current GC Util" value="79" />
  <attribute name= "Current Time Running" value="33957" />
  <attribute name ="GC Interval" value="0" />
  <attribute name="Target GC Util Change" value ="40.000000" />
  <attribute name="Current GC Util Change" value="79.000000"/>
  <attribute name="Current Error" value="-1.000000" />
  <attribute name="Output H" value="149984208"/>
  <attribute name="Output I" value="2000"/>
  <attribute name="Output T" value="8"/>
  <attribute name= "Current Time Running" value="33957" />
  <attribute name="GC Util currently" value="79" />
  <attribute name="CPU Util currently" value="8265233110256" />
<exclusive-end id="1308" timestamp="2019-09-21T21:27:36.947" durationms="8.535" />

<exclusive-start id="1309" timestamp="2019-09-21T21:27:37.456" intervalms="517.512">
  <response-info timems="0.036" idlems="0.036" threads="0" lastid="0000000002352700" lastname="Thread-8" />
</exclusive-start>
<allocation-taxation id="1310" taxation-threshold="44040192" timestamp="2019-09-21T21:27:37.456" intervalms="517.521" />
<cycle-start id="1311" type="partial gc" contextid="0" timestamp="2019-09-21T21:27:37.456" intervalms="517.521" />
<gc-start id="1312" type="partial gc" contextid="1311" timestamp="2019-09-21T21:27:37.457">
  <mem-info id="1313" free="4194304" total="150994944" percent="2">
    <mem type="eden" free="0" total="44040192" percent="0" />
    <remembered-set count="9632" freebytes="5988736" totalbytes="6027264" percent="99" regionsoverflowed="0" regionsstable="1" regionsrebuilding="0"/>
  </mem-info>
</gc-start>
<allocation-stats totalBytes="43982552" >
  <allocated-bytes non-tlh="16392" tlh="43966160" arrayletleaf="0"/>
  <largest-consumer threadName="Thread-10" threadId="0000000002359F00" bytes="6972512" />
</allocation-stats>
<gc-op id="1314" type="copy forward" timems="5.785" contextid="1311" timestamp="2019-09-21T21:27:37.463">
  <memory-copied type="eden" objects="4774" bytes="1910488" bytesdiscarded="237528" />
  <memory-copied type="other" objects="16" bytes="576" bytesdiscarded="0" />
  <memory-cardclean objects="1835" bytes="151056" />
  <regions eden="42" other="4" />
  <remembered-set-cleared processed="3595" cleared="745" durationms="0.181" />
  <stringconstants candidates="3963" cleared="0"  />
  <heap-resize type="expand" space="default" amount="1048576" count="1" timems="0.072" reason="continue current collection" />
</gc-op>
<gc-op id="1315" type="classunload" timems="0.002" contextid="1311" timestamp="2019-09-21T21:27:37.463">
  <classunload-info classloadercandidates="20" classloadersunloaded="0" classesunloaded="0" anonymousclassesunloaded="0" quiescems="0.000" setupms="0.002" scanms="0.000" postms="0.000" />
</gc-op>
<gc-end id="1316" type="partial gc" contextid="1311" durationms="6.949" usertimems="12.000" systemtimems="0.000" timestamp="2019-09-21T21:27:37.464" activeThreads="8">
  <mem-info id="1317" free="48234496" total="152043520" percent="31">
    <mem type="eden" free="997584" total="3145728" percent="31" />
    <remembered-set count="9856" freebytes="6029696" totalbytes="6069120" percent="99" regionsoverflowed="0" regionsstable="1" regionsrebuilding="0"/>
  </mem-info>
</gc-end>
<cycle-end id="1318" type="partial gc" contextid="1311" timestamp="2019-09-21T21:27:37.464" />
  <attribute name="elasticGC enabled" value="1" />
  <attribute name= "numThreadsSpecified" value="8" />
  <attribute name="heapSize specified" value="0" />
  <attribute name="Current GC Util" value="85" />
  <attribute name= "Current Time Running" value="34475" />
  <attribute name ="GC Interval" value="0" />
  <attribute name="Target GC Util Change" value ="40.000000" />
  <attribute name="Current GC Util Change" value="85.000000"/>
  <attribute name="Current Error" value="-8.000000" />
  <attribute name="Output H" value="151032784"/>
  <attribute name="Output I" value="2000"/>
  <attribute name="Output T" value="8"/>
  <attribute name= "Current Time Running" value="34475" />
  <attribute name="GC Util currently" value="85" />
  <attribute name="CPU Util currently" value="8579880923468" />
<exclusive-end id="1319" timestamp="2019-09-21T21:27:37.464" durationms="8.085" />

<exclusive-start id="1320" timestamp="2019-09-21T21:27:37.921" intervalms="465.100">
  <response-info timems="0.039" idlems="0.039" threads="0" lastid="000000000234EB00" lastname="Thread-7" />
</exclusive-start>
<allocation-taxation id="1321" taxation-threshold="44040192" timestamp="2019-09-21T21:27:37.921" intervalms="464.995" />
<cycle-start id="1322" type="partial gc" contextid="0" timestamp="2019-09-21T21:27:37.921" intervalms="464.983" />
<gc-start id="1323" type="partial gc" contextid="1322" timestamp="2019-09-21T21:27:37.922">
  <mem-info id="1324" free="4194304" total="152043520" percent="2">
    <mem type="eden" free="0" total="44040192" percent="0" />
    <remembered-set count="9472" freebytes="6031232" totalbytes="6069120" percent="99" regionsoverflowed="0" regionsstable="1" regionsrebuilding="0"/>
  </mem-info>
</gc-start>
<allocation-stats totalBytes="43973824" >
  <allocated-bytes non-tlh="0" tlh="43973824" arrayletleaf="0"/>
  <largest-consumer threadName="Thread-4" threadId="0000000002343800" bytes="6554056" />
</allocation-stats>
<gc-op id="1325" type="copy forward" timems="6.013" contextid="1322" timestamp="2019-09-21T21:27:37.928">
  <memory-copied type="eden" objects="5083" bytes="1998008" bytesdiscarded="141056" />
  <memory-copied type="other" objects="12" bytes="432" bytesdiscarded="0" />
  <memory-cardclean objects="1900" bytes="153736" />
  <regions eden="42" other="4" />
  <remembered-set-cleared processed="3596" cleared="766" durationms="0.179" />
  <stringconstants candidates="3963" cleared="0"  />
  <heap-resize type="expand" space="default" amount="1048576" count="1" timems="0.075" reason="continue current collection" />
</gc-op>
<gc-op id="1326" type="classunload" timems="0.002" contextid="1322" timestamp="2019-09-21T21:27:37.928">
  <classunload-info classloadercandidates="20" classloadersunloaded="0" classesunloaded="0" anonymousclassesunloaded="0" quiescems="0.000" setupms="0.002" scanms="0.000" postms="0.000" />
</gc-op>
<gc-end id="1327" type="partial gc" contextid="1322" durationms="6.934" usertimems="12.000" systemtimems="0.000" timestamp="2019-09-21T21:27:37.928" activeThreads="8">
  <mem-info id="1328" free="48234496" total="153092096" percent="31">
    <mem type="eden" free="1006536" total="3145728" percent="31" />
    <remembered-set count="9280" freebytes="6073856" totalbytes="6110976" percent="99" regionsoverflowed="0" regionsstable="1" regionsrebuilding="0"/>
  </mem-info>
</gc-end>
<cycle-end id="1329" type="partial gc" contextid="1322" timestamp="2019-09-21T21:27:37.929" />
  <attribute name="elasticGC enabled" value="1" />
  <attribute name= "numThreadsSpecified" value="8" />
  <attribute name="heapSize specified" value="0" />
  <attribute name="Current GC Util" value="90" />
  <attribute name= "Current Time Running" value="34940" />
  <attribute name ="GC Interval" value="0" />
  <attribute name="Target GC Util Change" value ="40.000000" />
  <attribute name="Current GC Util Change" value="90.000000"/>
  <attribute name="Current Error" value="-20.000000" />
  <attribute name="Output H" value="152081352"/>
  <attribute name="Output I" value="1992"/>
  <attribute name="Output T" value="8"/>
  <attribute name= "Current Time Running" value="34940" />
  <attribute name="GC Util currently" value="90" />
  <attribute name="CPU Util currently" value="8183771172963" />
<exclusive-end id="1330" timestamp="2019-09-21T21:27:37.929" durationms="8.032" />

<exclusive-start id="1331" timestamp="2019-09-21T21:27:38.459" intervalms="537.454">
  <response-info timems="0.054" idlems="0.054" threads="0" lastid="0000000002347300" lastname="Thread-5" />
</exclusive-start>
<allocation-taxation id="1332" taxation-threshold="45088768" timestamp="2019-09-21T21:27:38.459" intervalms="537.522" />
<cycle-start id="1333" type="partial gc" contextid="0" timestamp="2019-09-21T21:27:38.459" intervalms="537.532" />
<gc-start id="1334" type="partial gc" contextid="1333" timestamp="2019-09-21T21:27:38.459">
  <mem-info id="1335" free="3145728" total="153092096" percent="2">
    <mem type="eden" free="0" total="45088768" percent="0" />
    <remembered-set count="9056" freebytes="6074752" totalbytes="6110976" percent="99" regionsoverflowed="0" regionsstable="1" regionsrebuilding="0"/>
  </mem-info>
</gc-start>
<allocation-stats totalBytes="45020984" >
  <allocated-bytes non-tlh="8200" tlh="45012784" arrayletleaf="0"/>
  <largest-consumer threadName="Thread-6" threadId="000000000234AF00" bytes="8194880" />
</allocation-stats>
<gc-op id="1336" type="copy forward" timems="3.629" contextid="1333" timestamp="2019-09-21T21:27:38.463">
  <memory-copied type="eden" objects="5307" bytes="2100000" bytesdiscarded="410784" />
  <memory-copied type="other" objects="12" bytes="432" bytesdiscarded="0" />
  <memory-cardclean objects="1861" bytes="152096" />
  <regions eden="43" other="4" />
  <remembered-set-cleared processed="3626" cleared="787" durationms="0.153" />
  <references type="weak" candidates="1" cleared="0" enqueued="0" />
  <references type="phantom" candidates="1" cleared="0" enqueued="0" />
  <stringconstants candidates="3963" cleared="0"  />
  <heap-resize type="expand" space="default" amount="2097152" count="2" timems="0.106" reason="continue current collection" />
</gc-op>
<gc-op id="1337" type="classunload" timems="0.003" contextid="1333" timestamp="2019-09-21T21:27:38.463">
  <classunload-info classloadercandidates="20" classloadersunloaded="0" classesunloaded="0" anonymousclassesunloaded="0" quiescems="0.000" setupms="0.003" scanms="0.000" postms="0.000" />
</gc-op>
<gc-end id="1338" type="partial gc" contextid="1333" durationms="4.547" usertimems="4.000" systemtimems="4.000" timestamp="2019-09-21T21:27:38.464" activeThreads="8">
  <mem-info id="1339" free="49283072" total="155189248" percent="31">
    <mem type="eden" free="634816" total="3145728" percent="20" />
    <remembered-set count="10304" freebytes="6153472" totalbytes="6194688" percent="99" regionsoverflowed="0" regionsstable="1" regionsrebuilding="0"/>
  </mem-info>
</gc-end>
<cycle-end id="1340" type="partial gc" contextid="1333" timestamp="2019-09-21T21:27:38.464" />
  <attribute name="elasticGC enabled" value="1" />
  <attribute name= "numThreadsSpecified" value="8" />
  <attribute name="heapSize specified" value="0" />
  <attribute name="Current GC Util" value="81" />
  <attribute name= "Current Time Running" value="35477" />
  <attribute name ="GC Interval" value="0" />
  <attribute name="Target GC Util Change" value ="40.000000" />
  <attribute name="Current GC Util Change" value="81.000000"/>
  <attribute name="Current Error" value="-3.000000" />
  <attribute name="Output H" value="153129936"/>
  <attribute name="Output I" value="2000"/>
  <attribute name="Output T" value="8"/>
  <attribute name= "Current Time Running" value="35477" />
  <attribute name="GC Util currently" value="81" />
  <attribute name="CPU Util currently" value="8536333709217" />
<exclusive-end id="1341" timestamp="2019-09-21T21:27:38.464" durationms="5.297" />

<exclusive-start id="1342" timestamp="2019-09-21T21:27:38.977" intervalms="518.081">
  <response-info timems="0.041" idlems="0.041" threads="0" lastid="0000000002347300" lastname="Thread-5" />
</exclusive-start>
<allocation-taxation id="1343" taxation-threshold="45088768" timestamp="2019-09-21T21:27:38.977" intervalms="518.123" />
<cycle-start id="1344" type="partial gc" contextid="0" timestamp="2019-09-21T21:27:38.977" intervalms="518.119" />
<gc-start id="1345" type="partial gc" contextid="1344" timestamp="2019-09-21T21:27:38.977">
  <mem-info id="1346" free="4194304" total="155189248" percent="2">
    <mem type="eden" free="0" total="45088768" percent="0" />
    <remembered-set count="10272" freebytes="6153600" totalbytes="6194688" percent="99" regionsoverflowed="0" regionsstable="1" regionsrebuilding="0"/>
  </mem-info>
</gc-start>
<allocation-stats totalBytes="44991560" >
  <allocated-bytes non-tlh="65560" tlh="44926000" arrayletleaf="0"/>
  <largest-consumer threadName="Thread-7" threadId="000000000234EB00" bytes="7885912" />
</allocation-stats>
<gc-op id="1347" type="copy forward" timems="5.597" contextid="1344" timestamp="2019-09-21T21:27:38.983">
  <memory-copied type="eden" objects="4040" bytes="1755112" bytesdiscarded="151720" />
  <memory-copied type="other" objects="8" bytes="288" bytesdiscarded="0" />
  <memory-cardclean objects="1889" bytes="153368" />
  <regions eden="43" other="4" />
  <remembered-set-cleared processed="3642" cleared="809" durationms="0.197" />
  <references type="phantom" candidates="1" cleared="0" enqueued="0" />
  <stringconstants candidates="3963" cleared="0"  />
</gc-op>
<gc-op id="1348" type="classunload" timems="0.003" contextid="1344" timestamp="2019-09-21T21:27:38.984">
  <classunload-info classloadercandidates="20" classloadersunloaded="0" classesunloaded="0" anonymousclassesunloaded="0" quiescems="0.000" setupms="0.002" scanms="0.000" postms="0.000" />
</gc-op>
<gc-end id="1349" type="partial gc" contextid="1344" durationms="6.588" usertimems="12.000" systemtimems="0.000" timestamp="2019-09-21T21:27:38.984" activeThreads="8">
  <mem-info id="1350" free="50331648" total="155189248" percent="32">
    <mem type="eden" free="190184" total="2097152" percent="9" />
    <remembered-set count="9280" freebytes="6157568" totalbytes="6194688" percent="99" regionsoverflowed="0" regionsstable="1" regionsrebuilding="0"/>
  </mem-info>
</gc-end>
<cycle-end id="1351" type="partial gc" contextid="1344" timestamp="2019-09-21T21:27:38.984" />
  <attribute name="elasticGC enabled" value="1" />
  <attribute name= "numThreadsSpecified" value="8" />
  <attribute name="heapSize specified" value="0" />
  <attribute name="Current GC Util" value="74" />
  <attribute name= "Current Time Running" value="35996" />
  <attribute name ="GC Interval" value="0" />
  <attribute name="Target GC Util Change" value ="40.000000" />
  <attribute name="Current GC Util Change" value="74.000000"/>
  <attribute name="Current Error" value="2.000000" />
  <attribute name="Output H" value="155227096"/>
  <attribute name="Output I" value="2008"/>
  <attribute name="Output T" value="8"/>
  <attribute name= "Current Time Running" value="35996" />
  <attribute name="GC Util currently" value="74" />
  <attribute name="CPU Util currently" value="8309733420875" />
<exclusive-end id="1352" timestamp="2019-09-21T21:27:38.984" durationms="7.372" />

<exclusive-start id="1353" timestamp="2019-09-21T21:27:39.471" intervalms="493.909">
  <response-info timems="0.037" idlems="0.037" threads="0" lastid="000000000234AF00" lastname="Thread-6" />
</exclusive-start>
<allocation-taxation id="1354" taxation-threshold="45088768" timestamp="2019-09-21T21:27:39.471" intervalms="493.961" />
<cycle-start id="1355" type="partial gc" contextid="0" timestamp="2019-09-21T21:27:39.471" intervalms="493.961" />
<gc-start id="1356" type="partial gc" contextid="1355" timestamp="2019-09-21T21:27:39.471">
  <mem-info id="1357" free="5242880" total="155189248" percent="3">
    <mem type="eden" free="0" total="45088768" percent="0" />
    <remembered-set count="8992" freebytes="6158720" totalbytes="6194688" percent="99" regionsoverflowed="0" regionsstable="1" regionsrebuilding="0"/>
  </mem-info>
</gc-start>
<allocation-stats totalBytes="45020208" >
  <allocated-bytes non-tlh="65552" tlh="44954656" arrayletleaf="0"/>
  <largest-consumer threadName="Thread-6" threadId="000000000234AF00" bytes="8191216" />
</allocation-stats>
<gc-op id="1358" type="copy forward" timems="5.577" contextid="1355" timestamp="2019-09-21T21:27:39.477">
  <memory-copied type="eden" objects="5581" bytes="2163992" bytesdiscarded="170296" />
  <memory-copied type="other" objects="12" bytes="432" bytesdiscarded="0" />
  <memory-cardclean objects="1885" bytes="152984" />
  <regions eden="43" other="3" />
  <remembered-set-cleared processed="3525" cleared="691" durationms="0.152" />
  <references type="weak" candidates="1" cleared="0" enqueued="0" />
  <references type="phantom" candidates="1" cleared="0" enqueued="0" />
  <stringconstants candidates="3963" cleared="0"  />
</gc-op>
<gc-op id="1359" type="classunload" timems="0.003" contextid="1355" timestamp="2019-09-21T21:27:39.478">
  <classunload-info classloadercandidates="20" classloadersunloaded="0" classesunloaded="0" anonymousclassesunloaded="0" quiescems="0.000" setupms="0.003" scanms="0.000" postms="0.000" />
</gc-op>
<heap-resize id="1360" type="expand" space="default" amount="1048576" count="1" timems="0.058" reason="insufficient free space following gc" timestamp="2019-09-21T21:27:39.478" />
<gc-end id="1361" type="partial gc" contextid="1355" durationms="6.904" usertimems="8.000" systemtimems="4.000" timestamp="2019-09-21T21:27:39.478" activeThreads="8">
  <mem-info id="1362" free="49283072" total="156237824" percent="31">
    <mem type="eden" free="811312" total="3145728" percent="25" />
    <remembered-set count="9792" freebytes="6197376" totalbytes="6236544" percent="99" regionsoverflowed="0" regionsstable="1" regionsrebuilding="0"/>
  </mem-info>
</gc-end>
<cycle-end id="1363" type="partial gc" contextid="1355" timestamp="2019-09-21T21:27:39.478" />
  <attribute name="elasticGC enabled" value="1" />
  <attribute name= "numThreadsSpecified" value="8" />
  <attribute name="heapSize specified" value="0" />
  <attribute name="Current GC Util" value="83" />
  <attribute name= "Current Time Running" value="36489" />
  <attribute name ="GC Interval" value="0" />
  <attribute name="Target GC Util Change" value ="40.000000" />
  <attribute name="Current GC Util Change" value="83.000000"/>
  <attribute name="Current Error" value="-3.000000" />
  <attribute name="Output H" value="155227088"/>
  <attribute name="Output I" value="2000"/>
  <attribute name="Output T" value="8"/>
  <attribute name= "Current Time Running" value="36489" />
  <attribute name="GC Util currently" value="83" />
  <attribute name="CPU Util currently" value="8690570494598" />
<exclusive-end id="1364" timestamp="2019-09-21T21:27:39.479" durationms="7.948" />

<exclusive-start id="1365" timestamp="2019-09-21T21:27:39.957" intervalms="486.859">
  <response-info timems="0.044" idlems="0.044" threads="0" lastid="0000000002352700" lastname="Thread-8" />
</exclusive-start>
<allocation-taxation id="1366" taxation-threshold="45088768" timestamp="2019-09-21T21:27:39.958" intervalms="486.780" />
<cycle-start id="1367" type="partial gc" contextid="0" timestamp="2019-09-21T21:27:39.958" intervalms="486.790" />
<gc-start id="1368" type="partial gc" contextid="1367" timestamp="2019-09-21T21:27:39.958">
  <mem-info id="1369" free="4194304" total="156237824" percent="2">
    <mem type="eden" free="0" total="45088768" percent="0" />
    <remembered-set count="9472" freebytes="6198656" totalbytes="6236544" percent="99" regionsoverflowed="0" regionsstable="1" regionsrebuilding="0"/>
  </mem-info>
</gc-start>
<allocation-stats totalBytes="45027472" >
  <allocated-bytes non-tlh="0" tlh="45027472" arrayletleaf="0"/>
  <largest-consumer threadName="Thread-8" threadId="0000000002352700" bytes="6735520" />
</allocation-stats>
<gc-op id="1370" type="copy forward" timems="4.536" contextid="1367" timestamp="2019-09-21T21:27:39.963">
  <memory-copied type="eden" objects="4618" bytes="1798208" bytesdiscarded="213664" />
  <memory-copied type="other" objects="16" bytes="576" bytesdiscarded="0" />
  <memory-cardclean objects="1852" bytes="150952" />
  <regions eden="43" other="4" />
  <remembered-set-cleared processed="3665" cleared="815" durationms="0.152" />
  <references type="weak" candidates="1" cleared="0" enqueued="0" />
  <references type="phantom" candidates="1" cleared="0" enqueued="0" />
  <stringconstants candidates="3963" cleared="0"  />
</gc-op>
<gc-op id="1371" type="classunload" timems="0.003" contextid="1367" timestamp="2019-09-21T21:27:39.963">
  <classunload-info classloadercandidates="20" classloadersunloaded="0" classesunloaded="0" anonymousclassesunloaded="0" quiescems="0.000" setupms="0.003" scanms="0.000" postms="0.000" />
</gc-op>
<gc-end id="1372" type="partial gc" contextid="1367" durationms="5.591" usertimems="8.000" systemtimems="4.000" timestamp="2019-09-21T21:27:39.964" activeThreads="8">
  <mem-info id="1373" free="49283072" total="156237824" percent="31">
    <mem type="eden" free="85160" total="2097152" percent="4" />
    <remembered-set count="9792" freebytes="6197376" totalbytes="6236544" percent="99" regionsoverflowed="0" regionsstable="1" regionsrebuilding="0"/>
  </mem-info>
</gc-end>
<cycle-end id="1374" type="partial gc" contextid="1367" timestamp="2019-09-21T21:27:39.964" />
  <attribute name="elasticGC enabled" value="1" />
  <attribute name= "numThreadsSpecified" value="8" />
  <attribute name="heapSize specified" value="0" />
  <attribute name="Current GC Util" value="85" />
  <attribute name= "Current Time Running" value="36976" />
  <attribute name ="GC Interval" value="0" />
  <attribute name="Target GC Util Change" value ="40.000000" />
  <attribute name="Current GC Util Change" value="85.000000"/>
  <attribute name="Current Error" value="-7.000000" />
  <attribute name="Output H" value="156275664"/>
  <attribute name="Output I" value="2000"/>
  <attribute name="Output T" value="8"/>
  <attribute name= "Current Time Running" value="36976" />
  <attribute name="GC Util currently" value="85" />
  <attribute name="CPU Util currently" value="8263603970405" />
<exclusive-end id="1375" timestamp="2019-09-21T21:27:39.964" durationms="6.445" />

<exclusive-start id="1376" timestamp="2019-09-21T21:27:40.433" intervalms="475.739">
  <response-info timems="0.056" idlems="0.056" threads="0" lastid="0000000002343800" lastname="Thread-4" />
</exclusive-start>
<allocation-taxation id="1377" taxation-threshold="45088768" timestamp="2019-09-21T21:27:40.433" intervalms="475.759" />
<cycle-start id="1378" type="partial gc" contextid="0" timestamp="2019-09-21T21:27:40.433" intervalms="475.752" />
<gc-start id="1379" type="partial gc" contextid="1378" timestamp="2019-09-21T21:27:40.434">
  <mem-info id="1380" free="4194304" total="156237824" percent="2">
    <mem type="eden" free="0" total="45088768" percent="0" />
    <remembered-set count="9440" freebytes="6198784" totalbytes="6236544" percent="99" regionsoverflowed="0" regionsstable="1" regionsrebuilding="0"/>
  </mem-info>
</gc-start>
<allocation-stats totalBytes="45058344" >
  <allocated-bytes non-tlh="32776" tlh="45025568" arrayletleaf="0"/>
  <largest-consumer threadName="Thread-10" threadId="0000000002359F00" bytes="7271936" />
</allocation-stats>
<gc-op id="1381" type="copy forward" timems="2.305" contextid="1378" timestamp="2019-09-21T21:27:40.437">
  <memory-copied type="eden" objects="5455" bytes="2083144" bytesdiscarded="0" />
  <memory-copied type="other" objects="16" bytes="576" bytesdiscarded="0" />
  <memory-cardclean objects="1861" bytes="152072" />
  <regions eden="43" other="3" />
  <remembered-set-cleared processed="3599" cleared="760" durationms="0.304" />
  <stringconstants candidates="3963" cleared="0"  />
</gc-op>
<gc-op id="1382" type="classunload" timems="0.003" contextid="1378" timestamp="2019-09-21T21:27:40.437">
  <classunload-info classloadercandidates="20" classloadersunloaded="0" classesunloaded="0" anonymousclassesunloaded="0" quiescems="0.000" setupms="0.002" scanms="0.000" postms="0.000" />
</gc-op>
<heap-resize id="1383" type="expand" space="default" amount="2097152" count="1" timems="0.066" reason="insufficient free space following gc" timestamp="2019-09-21T21:27:40.437" />
<gc-end id="1384" type="partial gc" contextid="1378" durationms="3.474" usertimems="0.000" systemtimems="0.000" timestamp="2019-09-21T21:27:40.437" activeThreads="1">
  <mem-info id="1385" free="50331648" total="158334976" percent="31">
    <mem type="eden" free="13880" total="2097152" percent="0" />
    <remembered-set count="9728" freebytes="6281344" totalbytes="6320256" percent="99" regionsoverflowed="0" regionsstable="1" regionsrebuilding="0"/>
  </mem-info>
</gc-end>
<cycle-end id="1386" type="partial gc" contextid="1378" timestamp="2019-09-21T21:27:40.437" />
  <attribute name="elasticGC enabled" value="1" />
  <attribute name= "numThreadsSpecified" value="1" />
  <attribute name="heapSize specified" value="0" />
  <attribute name="Current GC Util" value="83" />
  <attribute name= "Current Time Running" value="37452" />
  <attribute name ="GC Interval" value="0" />
  <attribute name="Target GC Util Change" value ="40.000000" />
  <attribute name="Current GC Util Change" value="83.000000"/>
  <attribute name="Current Error" value="-12.000000" />
  <attribute name="Output H" value="156275664"/>
  <attribute name="Output I" value="2000"/>
  <attribute name="Output T" value="1"/>
  <attribute name= "Current Time Running" value="37452" />
  <attribute name="GC Util currently" value="83" />
  <attribute name="CPU Util currently" value="8616430616798" />
<exclusive-end id="1387" timestamp="2019-09-21T21:27:40.438" durationms="4.335" />

<exclusive-start id="1388" timestamp="2019-09-21T21:27:40.912" intervalms="479.187">
  <response-info timems="0.045" idlems="0.045" threads="0" lastid="000000000233FC00" lastname="Thread-3" />
</exclusive-start>
<allocation-taxation id="1389" taxation-threshold="46137344" timestamp="2019-09-21T21:27:40.913" intervalms="479.112" />
<cycle-start id="1390" type="partial gc" contextid="0" timestamp="2019-09-21T21:27:40.913" intervalms="479.111" />
<gc-start id="1391" type="partial gc" contextid="1390" timestamp="2019-09-21T21:27:40.913">
  <mem-info id="1392" free="4194304" total="158334976" percent="2">
    <mem type="eden" free="0" total="46137344" percent="0" />
    <remembered-set count="9312" freebytes="6283008" totalbytes="6320256" percent="99" regionsoverflowed="0" regionsstable="1" regionsrebuilding="0"/>
  </mem-info>
</gc-start>
<allocation-stats totalBytes="46100704" >
  <allocated-bytes non-tlh="65560" tlh="46035144" arrayletleaf="0"/>
  <largest-consumer threadName="Thread-7" threadId="000000000234EB00" bytes="7660072" />
</allocation-stats>
<gc-op id="1393" type="copy forward" timems="2.314" contextid="1390" timestamp="2019-09-21T21:27:40.916">
  <memory-copied type="eden" objects="5449" bytes="2082328" bytesdiscarded="64" />
  <memory-copied type="other" objects="8" bytes="288" bytesdiscarded="0" />
  <memory-cardclean objects="1860" bytes="151816" />
  <regions eden="44" other="3" />
  <remembered-set-cleared processed="3664" cleared="818" durationms="0.305" />
  <stringconstants candidates="3963" cleared="0"  />
</gc-op>
<gc-op id="1394" type="classunload" timems="0.003" contextid="1390" timestamp="2019-09-21T21:27:40.916">
  <classunload-info classloadercandidates="20" classloadersunloaded="0" classesunloaded="0" anonymousclassesunloaded="0" quiescems="0.000" setupms="0.003" scanms="0.000" postms="0.000" />
</gc-op>
<gc-end id="1395" type="partial gc" contextid="1390" durationms="3.282" usertimems="4.000" systemtimems="0.000" timestamp="2019-09-21T21:27:40.916" activeThreads="1">
  <mem-info id="1396" free="49283072" total="158334976" percent="31">
    <mem type="eden" free="14632" total="2097152" percent="0" />
    <remembered-set count="9728" freebytes="6281344" totalbytes="6320256" percent="99" regionsoverflowed="0" regionsstable="1" regionsrebuilding="0"/>
  </mem-info>
</gc-end>
<cycle-end id="1397" type="partial gc" contextid="1390" timestamp="2019-09-21T21:27:40.916" />
  <attribute name="elasticGC enabled" value="1" />
  <attribute name= "numThreadsSpecified" value="1" />
  <attribute name="heapSize specified" value="0" />
  <attribute name="Current GC Util" value="80" />
  <attribute name= "Current Time Running" value="37931" />
  <attribute name ="GC Interval" value="0" />
  <attribute name="Target GC Util Change" value ="40.000000" />
  <attribute name="Current GC Util Change" value="80.000000"/>
  <attribute name="Current Error" value="-12.000000" />
  <attribute name="Output H" value="158372816"/>
  <attribute name="Output I" value="2000"/>
  <attribute name="Output T" value="1"/>
  <attribute name= "Current Time Running" value="37931" />
  <attribute name="GC Util currently" value="80" />
  <attribute name="CPU Util currently" value="7591902507921" />
<exclusive-end id="1398" timestamp="2019-09-21T21:27:40.916" durationms="3.959" />

<exclusive-start id="1399" timestamp="2019-09-21T21:27:41.458" intervalms="545.715">
  <response-info timems="0.048" idlems="0.048" threads="0" lastid="000000000234AF00" lastname="Thread-6" />
</exclusive-start>
<allocation-taxation id="1400" taxation-threshold="46137344" timestamp="2019-09-21T21:27:41.458" intervalms="545.711" />
<cycle-start id="1401" type="partial gc" contextid="0" timestamp="2019-09-21T21:27:41.458" intervalms="545.713" />
<gc-start id="1402" type="partial gc" contextid="1401" timestamp="2019-09-21T21:27:41.459">
  <mem-info id="1403" free="3145728" total="158334976" percent="1">
    <mem type="eden" free="0" total="46137344" percent="0" />
    <remembered-set count="9312" freebytes="6283008" totalbytes="6320256" percent="99" regionsoverflowed="0" regionsstable="1" regionsrebuilding="0"/>
  </mem-info>
</gc-start>
<allocation-stats totalBytes="46088880" >
  <allocated-bytes non-tlh="24592" tlh="46064288" arrayletleaf="0"/>
  <largest-consumer threadName="Thread-8" threadId="0000000002352700" bytes="7644112" />
</allocation-stats>
<gc-op id="1404" type="copy forward" timems="5.791" contextid="1401" timestamp="2019-09-21T21:27:41.465">
  <memory-copied type="eden" objects="5256" bytes="2053176" bytesdiscarded="174336" />
  <memory-copied type="other" objects="8" bytes="288" bytesdiscarded="0" />
  <memory-cardclean objects="1859" bytes="152352" />
  <regions eden="44" other="3" />
  <remembered-set-cleared processed="3663" cleared="823" durationms="0.157" />
  <references type="phantom" candidates="1" cleared="0" enqueued="0" />
  <stringconstants candidates="3963" cleared="0"  />
  <heap-resize type="expand" space="default" amount="1048576" count="1" timems="0.078" reason="continue current collection" />
</gc-op>
<gc-op id="1405" type="classunload" timems="0.003" contextid="1401" timestamp="2019-09-21T21:27:41.465">
  <classunload-info classloadercandidates="20" classloadersunloaded="0" classesunloaded="0" anonymousclassesunloaded="0" quiescems="0.000" setupms="0.002" scanms="0.000" postms="0.000" />
</gc-op>
<gc-end id="1406" type="partial gc" contextid="1401" durationms="6.930" usertimems="8.000" systemtimems="4.000" timestamp="2019-09-21T21:27:41.465" activeThreads="8">
  <mem-info id="1407" free="49283072" total="159383552" percent="30">
    <mem type="eden" free="918080" total="3145728" percent="29" />
    <remembered-set count="9792" freebytes="6322944" totalbytes="6362112" percent="99" regionsoverflowed="0" regionsstable="1" regionsrebuilding="0"/>
  </mem-info>
</gc-end>
<cycle-end id="1408" type="partial gc" contextid="1401" timestamp="2019-09-21T21:27:41.466" />
  <attribute name="elasticGC enabled" value="1" />
  <attribute name= "numThreadsSpecified" value="8" />
  <attribute name="heapSize specified" value="0" />
  <attribute name="Current GC Util" value="86" />
  <attribute name= "Current Time Running" value="38477" />
  <attribute name ="GC Interval" value="0" />
  <attribute name="Target GC Util Change" value ="40.000000" />
  <attribute name="Current GC Util Change" value="86.000000"/>
  <attribute name="Current Error" value="-6.000000" />
  <attribute name="Output H" value="158372816"/>
  <attribute name="Output I" value="2000"/>
  <attribute name="Output T" value="8"/>
  <attribute name= "Current Time Running" value="38477" />
  <attribute name="GC Util currently" value="86" />
  <attribute name="CPU Util currently" value="8115622042742" />
<exclusive-end id="1409" timestamp="2019-09-21T21:27:41.466" durationms="7.763" />

<exclusive-start id="1410" timestamp="2019-09-21T21:27:42.018" intervalms="559.568">
  <response-info timems="0.043" idlems="0.043" threads="0" lastid="000000000233FC00" lastname="Thread-3" />
</exclusive-start>
<allocation-taxation id="1411" taxation-threshold="46137344" timestamp="2019-09-21T21:27:42.018" intervalms="559.625" />
<cycle-start id="1412" type="partial gc" contextid="0" timestamp="2019-09-21T21:27:42.018" intervalms="559.629" />
<gc-start id="1413" type="partial gc" contextid="1412" timestamp="2019-09-21T21:27:42.018">
  <mem-info id="1414" free="3145728" total="159383552" percent="1">
    <mem type="eden" free="0" total="46137344" percent="0" />
    <remembered-set count="9504" freebytes="6324096" totalbytes="6362112" percent="99" regionsoverflowed="0" regionsstable="1" regionsrebuilding="0"/>
  </mem-info>
</gc-start>
<allocation-stats totalBytes="46077976" >
  <allocated-bytes non-tlh="16400" tlh="46061576" arrayletleaf="0"/>
  <largest-consumer threadName="Thread-7" threadId="000000000234EB00" bytes="8307224" />
</allocation-stats>
<gc-op id="1415" type="copy forward" timems="2.424" contextid="1412" timestamp="2019-09-21T21:27:42.021">
  <memory-copied type="eden" objects="5424" bytes="2081224" bytesdiscarded="0" />
  <memory-copied type="other" objects="20" bytes="720" bytesdiscarded="0" />
  <memory-cardclean objects="1849" bytes="151960" />
  <regions eden="44" other="4" />
  <remembered-set-cleared processed="3629" cleared="781" durationms="0.310" />
  <stringconstants candidates="3963" cleared="0"  />
  <heap-resize type="expand" space="default" amount="1048576" count="1" timems="0.062" reason="continue current collection" />
</gc-op>
<gc-op id="1416" type="classunload" timems="0.003" contextid="1412" timestamp="2019-09-21T21:27:42.021">
  <classunload-info classloadercandidates="20" classloadersunloaded="0" classesunloaded="0" anonymousclassesunloaded="0" quiescems="0.000" setupms="0.003" scanms="0.000" postms="0.000" />
</gc-op>
<gc-end id="1417" type="partial gc" contextid="1412" durationms="3.312" usertimems="4.000" systemtimems="0.000" timestamp="2019-09-21T21:27:42.021" activeThreads="1">
  <mem-info id="1418" free="50331648" total="160432128" percent="31">
    <mem type="eden" free="15800" total="2097152" percent="0" />
    <remembered-set count="9568" freebytes="6365696" totalbytes="6403968" percent="99" regionsoverflowed="0" regionsstable="1" regionsrebuilding="0"/>
  </mem-info>
</gc-end>
<cycle-end id="1419" type="partial gc" contextid="1412" timestamp="2019-09-21T21:27:42.022" />
  <attribute name="elasticGC enabled" value="1" />
  <attribute name= "numThreadsSpecified" value="1" />
  <attribute name="heapSize specified" value="0" />
  <attribute name="Current GC Util" value="84" />
  <attribute name= "Current Time Running" value="39036" />
  <attribute name ="GC Interval" value="0" />
  <attribute name="Target GC Util Change" value ="40.000000" />
  <attribute name="Current GC Util Change" value="84.000000"/>
  <attribute name="Current Error" value="-11.000000" />
  <attribute name="Output H" value="159421392"/>
  <attribute name="Output I" value="2000"/>
  <attribute name="Output T" value="1"/>
  <attribute name= "Current Time Running" value="39036" />
  <attribute name="GC Util currently" value="84" />
  <attribute name="CPU Util currently" value="8261916268558" />
<exclusive-end id="1420" timestamp="2019-09-21T21:27:42.022" durationms="4.034" />

<exclusive-start id="1421" timestamp="2019-09-21T21:27:42.556" intervalms="538.009">
  <response-info timems="0.052" idlems="0.052" threads="0" lastid="0000000002359F00" lastname="Thread-10" />
</exclusive-start>
<allocation-taxation id="1422" taxation-threshold="46137344" timestamp="2019-09-21T21:27:42.556" intervalms="537.956" />
<cycle-start id="1423" type="partial gc" contextid="0" timestamp="2019-09-21T21:27:42.556" intervalms="537.947" />
<gc-start id="1424" type="partial gc" contextid="1423" timestamp="2019-09-21T21:27:42.556">
  <mem-info id="1425" free="4194304" total="160432128" percent="2">
    <mem type="eden" free="0" total="46137344" percent="0" />
    <remembered-set count="9152" freebytes="6367360" totalbytes="6403968" percent="99" regionsoverflowed="0" regionsstable="1" regionsrebuilding="0"/>
  </mem-info>
</gc-start>
<allocation-stats totalBytes="46040584" >
  <allocated-bytes non-tlh="24592" tlh="46015992" arrayletleaf="0"/>
  <largest-consumer threadName="Thread-7" threadId="000000000234EB00" bytes="6544352" />
</allocation-stats>
<gc-op id="1426" type="copy forward" timems="6.129" contextid="1423" timestamp="2019-09-21T21:27:42.563">
  <memory-copied type="eden" objects="4656" bytes="1812688" bytesdiscarded="289456" />
  <memory-copied type="other" objects="16" bytes="576" bytesdiscarded="0" />
  <memory-cardclean objects="1856" bytes="151056" />
  <regions eden="44" other="3" />
  <remembered-set-cleared processed="3668" cleared="829" durationms="0.164" />
  <references type="phantom" candidates="1" cleared="0" enqueued="0" />
  <stringconstants candidates="3963" cleared="0"  />
  <heap-resize type="expand" space="default" amount="1048576" count="1" timems="0.072" reason="continue current collection" />
</gc-op>
<gc-op id="1427" type="classunload" timems="0.002" contextid="1423" timestamp="2019-09-21T21:27:42.563">
  <classunload-info classloadercandidates="20" classloadersunloaded="0" classesunloaded="0" anonymousclassesunloaded="0" quiescems="0.000" setupms="0.002" scanms="0.000" postms="0.000" />
</gc-op>
<heap-resize id="1428" type="expand" space="default" amount="2097152" count="1" timems="0.065" reason="insufficient free space following gc" timestamp="2019-09-21T21:27:42.563" />
<gc-end id="1429" type="partial gc" contextid="1423" durationms="7.421" usertimems="12.000" systemtimems="0.000" timestamp="2019-09-21T21:27:42.564" activeThreads="8">
  <mem-info id="1430" free="51380224" total="163577856" percent="31">
    <mem type="eden" free="1043448" total="3145728" percent="33" />
    <remembered-set count="10304" freebytes="6488320" totalbytes="6529536" percent="99" regionsoverflowed="0" regionsstable="1" regionsrebuilding="0"/>
  </mem-info>
</gc-end>
<cycle-end id="1431" type="partial gc" contextid="1423" timestamp="2019-09-21T21:27:42.564" />
  <attribute name="elasticGC enabled" value="1" />
  <attribute name= "numThreadsSpecified" value="8" />
  <attribute name="heapSize specified" value="0" />
  <attribute name="Current GC Util" value="85" />
  <attribute name= "Current Time Running" value="39574" />
  <attribute name ="GC Interval" value="0" />
  <attribute name="Target GC Util Change" value ="40.000000" />
  <attribute name="Current GC Util Change" value="85.000000"/>
  <attribute name="Current Error" value="-16.000000" />
  <attribute name="Output H" value="160469960"/>
  <attribute name="Output I" value="1992"/>
  <attribute name="Output T" value="8"/>
  <attribute name= "Current Time Running" value="39574" />
  <attribute name="GC Util currently" value="85" />
  <attribute name="CPU Util currently" value="7839217102947" />
<exclusive-end id="1432" timestamp="2019-09-21T21:27:42.564" durationms="8.503" />

<exclusive-start id="1433" timestamp="2019-09-21T21:27:43.114" intervalms="558.315">
  <response-info timems="0.096" idlems="0.050" threads="1" lastid="0000000002356300" lastname="Thread-9" />
</exclusive-start>
<allocation-taxation id="1434" taxation-threshold="47185920" timestamp="2019-09-21T21:27:43.114" intervalms="558.263" />
<cycle-start id="1435" type="partial gc" contextid="0" timestamp="2019-09-21T21:27:43.114" intervalms="558.263" />
<gc-start id="1436" type="partial gc" contextid="1435" timestamp="2019-09-21T21:27:43.114">
  <mem-info id="1437" free="4194304" total="163577856" percent="2">
    <mem type="eden" free="0" total="47185920" percent="0" />
    <remembered-set count="10048" freebytes="6489344" totalbytes="6529536" percent="99" regionsoverflowed="0" regionsstable="1" regionsrebuilding="0"/>
  </mem-info>
</gc-start>
<allocation-stats totalBytes="47139112" >
  <allocated-bytes non-tlh="57368" tlh="47081744" arrayletleaf="0"/>
  <largest-consumer threadName="Thread-3" threadId="000000000233FC00" bytes="7374520" />
</allocation-stats>
<gc-op id="1438" type="copy forward" timems="4.530" contextid="1435" timestamp="2019-09-21T21:27:43.120">
  <memory-copied type="eden" objects="5339" bytes="2026568" bytesdiscarded="215264" />
  <memory-copied type="other" objects="4" bytes="144" bytesdiscarded="0" />
  <memory-cardclean objects="1899" bytes="153896" />
  <regions eden="45" other="4" />
  <remembered-set-cleared processed="3586" cleared="758" durationms="0.160" />
  <stringconstants candidates="3963" cleared="0"  />
</gc-op>
<gc-op id="1439" type="classunload" timems="0.003" contextid="1435" timestamp="2019-09-21T21:27:43.120">
  <classunload-info classloadercandidates="20" classloadersunloaded="0" classesunloaded="0" anonymousclassesunloaded="0" quiescems="0.000" setupms="0.003" scanms="0.000" postms="0.000" />
</gc-op>
<gc-end id="1440" type="partial gc" contextid="1435" durationms="5.436" usertimems="4.000" systemtimems="8.000" timestamp="2019-09-21T21:27:43.120" activeThreads="8">
  <mem-info id="1441" free="51380224" total="163577856" percent="31">
    <mem type="eden" free="903760" total="3145728" percent="28" />
    <remembered-set count="9792" freebytes="6490368" totalbytes="6529536" percent="99" regionsoverflowed="0" regionsstable="1" regionsrebuilding="0"/>
  </mem-info>
</gc-end>
<cycle-end id="1442" type="partial gc" contextid="1435" timestamp="2019-09-21T21:27:43.120" />
  <attribute name="elasticGC enabled" value="1" />
  <attribute name= "numThreadsSpecified" value="8" />
  <attribute name="heapSize specified" value="0" />
  <attribute name="Current GC Util" value="80" />
  <attribute name= "Current Time Running" value="40133" />
  <attribute name ="GC Interval" value="0" />
  <attribute name="Target GC Util Change" value ="40.000000" />
  <attribute name="Current GC Util Change" value="80.000000"/>
  <attribute name="Current Error" value="-2.000000" />
  <attribute name="Output H" value="163615696"/>
  <attribute name="Output I" value="2000"/>
  <attribute name="Output T" value="8"/>
  <attribute name= "Current Time Running" value="40133" />
  <attribute name="GC Util currently" value="80" />
  <attribute name="CPU Util currently" value="8193542071787" />
<exclusive-end id="1443" timestamp="2019-09-21T21:27:43.120" durationms="6.157" />

<exclusive-start id="1444" timestamp="2019-09-21T21:27:43.648" intervalms="534.375">
  <response-info timems="0.073" idlems="0.073" threads="0" lastid="000000000234EB00" lastname="Thread-7" />
</exclusive-start>
<allocation-taxation id="1445" taxation-threshold="47185920" timestamp="2019-09-21T21:27:43.649" intervalms="534.456" />
<cycle-start id="1446" type="partial gc" contextid="0" timestamp="2019-09-21T21:27:43.649" intervalms="534.458" />
<gc-start id="1447" type="partial gc" contextid="1446" timestamp="2019-09-21T21:27:43.649">
  <mem-info id="1448" free="4194304" total="163577856" percent="2">
    <mem type="eden" free="0" total="47185920" percent="0" />
    <remembered-set count="9472" freebytes="6491648" totalbytes="6529536" percent="99" regionsoverflowed="0" regionsstable="1" regionsrebuilding="0"/>
  </mem-info>
</gc-start>
<allocation-stats totalBytes="47119320" >
  <allocated-bytes non-tlh="49168" tlh="47070152" arrayletleaf="0"/>
  <largest-consumer threadName="Thread-5" threadId="0000000002347300" bytes="6982160" />
</allocation-stats>
<gc-op id="1449" type="copy forward" timems="2.553" contextid="1446" timestamp="2019-09-21T21:27:43.652">
  <memory-copied type="eden" objects="5498" bytes="2142344" bytesdiscarded="0" />
  <memory-copied type="other" objects="8" bytes="288" bytesdiscarded="0" />
  <memory-cardclean objects="1882" bytes="152880" />
  <regions eden="45" other="4" />
  <remembered-set-cleared processed="3638" cleared="806" durationms="0.314" />
  <references type="phantom" candidates="1" cleared="0" enqueued="0" />
  <stringconstants candidates="3963" cleared="0"  />
  <heap-resize type="expand" space="default" amount="1048576" count="1" timems="0.082" reason="continue current collection" />
</gc-op>
<gc-op id="1450" type="classunload" timems="0.003" contextid="1446" timestamp="2019-09-21T21:27:43.652">
  <classunload-info classloadercandidates="20" classloadersunloaded="0" classesunloaded="0" anonymousclassesunloaded="0" quiescems="0.000" setupms="0.003" scanms="0.000" postms="0.000" />
</gc-op>
<heap-resize id="1451" type="expand" space="default" amount="1048576" count="1" timems="0.093" reason="insufficient free space following gc" timestamp="2019-09-21T21:27:43.652" />
<gc-end id="1452" type="partial gc" contextid="1446" durationms="3.733" usertimems="8.000" systemtimems="0.000" timestamp="2019-09-21T21:27:43.653" activeThreads="1">
  <mem-info id="1453" free="52428800" total="165675008" percent="31">
    <mem type="eden" free="1003248" total="3145728" percent="31" />
    <remembered-set count="9568" freebytes="6574976" totalbytes="6613248" percent="99" regionsoverflowed="0" regionsstable="1" regionsrebuilding="0"/>
  </mem-info>
</gc-end>
<cycle-end id="1454" type="partial gc" contextid="1446" timestamp="2019-09-21T21:27:43.653" />
  <attribute name="elasticGC enabled" value="1" />
  <attribute name= "numThreadsSpecified" value="1" />
  <attribute name="heapSize specified" value="0" />
  <attribute name="Current GC Util" value="87" />
  <attribute name= "Current Time Running" value="40667" />
  <attribute name ="GC Interval" value="0" />
  <attribute name="Target GC Util Change" value ="40.000000" />
  <attribute name="Current GC Util Change" value="87.000000"/>
  <attribute name="Current Error" value="-11.000000" />
  <attribute name="Output H" value="163615696"/>
  <attribute name="Output I" value="2000"/>
  <attribute name="Output T" value="1"/>
  <attribute name= "Current Time Running" value="40667" />
  <attribute name="GC Util currently" value="87" />
  <attribute name="CPU Util currently" value="8566493282248" />
<exclusive-end id="1455" timestamp="2019-09-21T21:27:43.653" durationms="4.594" />

<exclusive-start id="1456" timestamp="2019-09-21T21:27:44.189" intervalms="540.838">
  <response-info timems="0.038" idlems="0.038" threads="0" lastid="0000000002352700" lastname="Thread-8" />
</exclusive-start>
<allocation-taxation id="1457" taxation-threshold="47185920" timestamp="2019-09-21T21:27:44.189" intervalms="540.879" />
<cycle-start id="1458" type="partial gc" contextid="0" timestamp="2019-09-21T21:27:44.190" intervalms="540.886" />
<gc-start id="1459" type="partial gc" contextid="1458" timestamp="2019-09-21T21:27:44.190">
  <mem-info id="1460" free="5242880" total="165675008" percent="3">
    <mem type="eden" free="0" total="47185920" percent="0" />
    <remembered-set count="9152" freebytes="6576640" totalbytes="6613248" percent="99" regionsoverflowed="0" regionsstable="1" regionsrebuilding="0"/>
  </mem-info>
</gc-start>
<allocation-stats totalBytes="47054800" >
  <allocated-bytes non-tlh="65552" tlh="46989248" arrayletleaf="0"/>
  <largest-consumer threadName="Thread-3" threadId="000000000233FC00" bytes="8101280" />
</allocation-stats>
<gc-op id="1461" type="copy forward" timems="5.779" contextid="1458" timestamp="2019-09-21T21:27:44.196">
  <memory-copied type="eden" objects="5023" bytes="1974752" bytesdiscarded="52232" />
  <memory-copied type="other" objects="16" bytes="576" bytesdiscarded="0" />
  <memory-cardclean objects="1856" bytes="152120" />
  <regions eden="45" other="4" />
  <remembered-set-cleared processed="3661" cleared="823" durationms="0.156" />
  <references type="weak" candidates="1" cleared="0" enqueued="0" />
  <references type="phantom" candidates="3" cleared="0" enqueued="0" />
  <stringconstants candidates="3963" cleared="0"  />
</gc-op>
<gc-op id="1462" type="classunload" timems="0.002" contextid="1458" timestamp="2019-09-21T21:27:44.196">
  <classunload-info classloadercandidates="20" classloadersunloaded="0" classesunloaded="0" anonymousclassesunloaded="0" quiescems="0.000" setupms="0.002" scanms="0.000" postms="0.000" />
</gc-op>
<gc-end id="1463" type="partial gc" contextid="1458" durationms="6.835" usertimems="8.000" systemtimems="4.000" timestamp="2019-09-21T21:27:44.197" activeThreads="8">
  <mem-info id="1464" free="53477376" total="165675008" percent="32">
    <mem type="eden" free="70024" total="2097152" percent="3" />
    <remembered-set count="9280" freebytes="6576128" totalbytes="6613248" percent="99" regionsoverflowed="0" regionsstable="1" regionsrebuilding="0"/>
  </mem-info>
</gc-end>
<cycle-end id="1465" type="partial gc" contextid="1458" timestamp="2019-09-21T21:27:44.197" />
  <attribute name="elasticGC enabled" value="1" />
  <attribute name= "numThreadsSpecified" value="8" />
  <attribute name="heapSize specified" value="0" />
  <attribute name="Current GC Util" value="86" />
  <attribute name= "Current Time Running" value="41208" />
  <attribute name ="GC Interval" value="0" />
  <attribute name="Target GC Util Change" value ="40.000000" />
  <attribute name="Current GC Util Change" value="86.000000"/>
  <attribute name="Current Error" value="-17.000000" />
  <attribute name="Output H" value="165712840"/>
  <attribute name="Output I" value="1992"/>
  <attribute name="Output T" value="8"/>
  <attribute name= "Current Time Running" value="41208" />
  <attribute name="GC Util currently" value="86" />
  <attribute name="CPU Util currently" value="8156039972035" />
<exclusive-end id="1466" timestamp="2019-09-21T21:27:44.197" durationms="7.854" />

<exclusive-start id="1467" timestamp="2019-09-21T21:27:44.729" intervalms="540.117">
  <response-info timems="0.037" idlems="0.037" threads="0" lastid="000000000234AF00" lastname="Thread-6" />
</exclusive-start>
<allocation-taxation id="1468" taxation-threshold="47185920" timestamp="2019-09-21T21:27:44.730" intervalms="540.094" />
<cycle-start id="1469" type="partial gc" contextid="0" timestamp="2019-09-21T21:27:44.730" intervalms="540.096" />
<gc-start id="1470" type="partial gc" contextid="1469" timestamp="2019-09-21T21:27:44.730">
  <mem-info id="1471" free="6291456" total="165675008" percent="3">
    <mem type="eden" free="0" total="47185920" percent="0" />
    <remembered-set count="8992" freebytes="6577280" totalbytes="6613248" percent="99" regionsoverflowed="0" regionsstable="1" regionsrebuilding="0"/>
  </mem-info>
</gc-start>
<allocation-stats totalBytes="47081848" >
  <allocated-bytes non-tlh="65568" tlh="47016280" arrayletleaf="0"/>
  <largest-consumer threadName="Thread-10" threadId="0000000002359F00" bytes="7071464" />
</allocation-stats>
<gc-op id="1472" type="copy forward" timems="5.627" contextid="1469" timestamp="2019-09-21T21:27:44.736">
  <memory-copied type="eden" objects="4896" bytes="1946880" bytesdiscarded="23176" />
  <memory-copied type="other" objects="12" bytes="432" bytesdiscarded="0" />
  <memory-cardclean objects="1884" bytes="151912" />
  <regions eden="45" other="3" />
  <remembered-set-cleared processed="3611" cleared="776" durationms="0.164" />
  <references type="phantom" candidates="2" cleared="0" enqueued="0" />
  <stringconstants candidates="3963" cleared="0"  />
</gc-op>
<gc-op id="1473" type="classunload" timems="0.003" contextid="1469" timestamp="2019-09-21T21:27:44.736">
  <classunload-info classloadercandidates="20" classloadersunloaded="0" classesunloaded="0" anonymousclassesunloaded="0" quiescems="0.000" setupms="0.003" scanms="0.000" postms="0.000" />
</gc-op>
<gc-end id="1474" type="partial gc" contextid="1469" durationms="6.823" usertimems="8.000" systemtimems="0.000" timestamp="2019-09-21T21:27:44.737" activeThreads="8">
  <mem-info id="1475" free="52428800" total="165675008" percent="31">
    <mem type="eden" free="126952" total="2097152" percent="6" />
    <remembered-set count="9792" freebytes="6574080" totalbytes="6613248" percent="99" regionsoverflowed="0" regionsstable="1" regionsrebuilding="0"/>
  </mem-info>
</gc-end>
<cycle-end id="1476" type="partial gc" contextid="1469" timestamp="2019-09-21T21:27:44.737" />
  <attribute name="elasticGC enabled" value="1" />
  <attribute name= "numThreadsSpecified" value="8" />
  <attribute name="heapSize specified" value="0" />
  <attribute name="Current GC Util" value="80" />
  <attribute name= "Current Time Running" value="41748" />
  <attribute name ="GC Interval" value="0" />
  <attribute name="Target GC Util Change" value ="40.000000" />
  <attribute name="Current GC Util Change" value="80.000000"/>
  <attribute name="Current Error" value="-2.000000" />
  <attribute name="Output H" value="165712848"/>
  <attribute name="Output I" value="2000"/>
  <attribute name="Output T" value="8"/>
  <attribute name= "Current Time Running" value="41748" />
  <attribute name="GC Util currently" value="80" />
  <attribute name="CPU Util currently" value="6976853172266" />
<exclusive-end id="1477" timestamp="2019-09-21T21:27:44.737" durationms="7.762" />

<exclusive-start id="1478" timestamp="2019-09-21T21:27:45.258" intervalms="528.292">
  <response-info timems="0.058" idlems="0.058" threads="0" lastid="0000000002352700" lastname="Thread-8" />
</exclusive-start>
<allocation-taxation id="1479" taxation-threshold="47185920" timestamp="2019-09-21T21:27:45.258" intervalms="528.306" />
<cycle-start id="1480" type="partial gc" contextid="0" timestamp="2019-09-21T21:27:45.258" intervalms="528.305" />
<gc-start id="1481" type="partial gc" contextid="1480" timestamp="2019-09-21T21:27:45.258">
  <mem-info id="1482" free="5242880" total="165675008" percent="3">
    <mem type="eden" free="0" total="47185920" percent="0" />
    <remembered-set count="9408" freebytes="6575616" totalbytes="6613248" percent="99" regionsoverflowed="0" regionsstable="1" regionsrebuilding="0"/>
  </mem-info>
</gc-start>
<allocation-stats totalBytes="47085448" >
  <allocated-bytes non-tlh="32776" tlh="47052672" arrayletleaf="0"/>
  <largest-consumer threadName="Thread-10" threadId="0000000002359F00" bytes="7014096" />
</allocation-stats>
<gc-op id="1483" type="copy forward" timems="4.950" contextid="1480" timestamp="2019-09-21T21:27:45.264">
  <memory-copied type="eden" objects="4475" bytes="1777272" bytesdiscarded="342952" />
  <memory-copied type="other" objects="12" bytes="432" bytesdiscarded="0" />
  <memory-cardclean objects="1856" bytes="150944" />
  <regions eden="45" other="3" />
  <remembered-set-cleared processed="3603" cleared="762" durationms="0.159" />
  <references type="weak" candidates="1" cleared="0" enqueued="0" />
  <references type="phantom" candidates="2" cleared="0" enqueued="0" />
  <stringconstants candidates="3963" cleared="0"  />
</gc-op>
<gc-op id="1484" type="classunload" timems="0.002" contextid="1480" timestamp="2019-09-21T21:27:45.264">
  <classunload-info classloadercandidates="20" classloadersunloaded="0" classesunloaded="0" anonymousclassesunloaded="0" quiescems="0.000" setupms="0.002" scanms="0.000" postms="0.000" />
</gc-op>
<heap-resize id="1485" type="expand" space="default" amount="3145728" count="1" timems="0.072" reason="insufficient free space following gc" timestamp="2019-09-21T21:27:45.264" />
<gc-end id="1486" type="partial gc" contextid="1480" durationms="6.152" usertimems="12.000" systemtimems="4.000" timestamp="2019-09-21T21:27:45.264" activeThreads="8">
  <mem-info id="1487" free="53477376" total="168820736" percent="31">
    <mem type="eden" free="1025376" total="3145728" percent="32" />
    <remembered-set count="9792" freebytes="6699648" totalbytes="6738816" percent="99" regionsoverflowed="0" regionsstable="1" regionsrebuilding="0"/>
  </mem-info>
</gc-end>
<cycle-end id="1488" type="partial gc" contextid="1480" timestamp="2019-09-21T21:27:45.264" />
  <attribute name="elasticGC enabled" value="1" />
  <attribute name= "numThreadsSpecified" value="8" />
  <attribute name="heapSize specified" value="0" />
  <attribute name="Current GC Util" value="76" />
  <attribute name= "Current Time Running" value="42276" />
  <attribute name ="GC Interval" value="0" />
  <attribute name="Target GC Util Change" value ="40.000000" />
  <attribute name="Current GC Util Change" value="76.000000"/>
  <attribute name="Current Error" value="0.000000" />
  <attribute name="Output H" value="165712848"/>
  <attribute name="Output I" value="2000"/>
  <attribute name="Output T" value="8"/>
  <attribute name= "Current Time Running" value="42276" />
  <attribute name="GC Util currently" value="76" />
  <attribute name="CPU Util currently" value="7840549883846" />
<exclusive-end id="1489" timestamp="2019-09-21T21:27:45.265" durationms="7.109" />

<exclusive-start id="1490" timestamp="2019-09-21T21:27:45.794" intervalms="535.940">
  <response-info timems="0.036" idlems="0.036" threads="0" lastid="000000000233FC00" lastname="Thread-3" />
</exclusive-start>
<allocation-taxation id="1491" taxation-threshold="48234496" timestamp="2019-09-21T21:27:45.794" intervalms="535.928" />
<cycle-start id="1492" type="partial gc" contextid="0" timestamp="2019-09-21T21:27:45.794" intervalms="535.920" />
<gc-start id="1493" type="partial gc" contextid="1492" timestamp="2019-09-21T21:27:45.794">
  <mem-info id="1494" free="5242880" total="168820736" percent="3">
    <mem type="eden" free="0" total="48234496" percent="0" />
    <remembered-set count="9536" freebytes="6700672" totalbytes="6738816" percent="99" regionsoverflowed="0" regionsstable="1" regionsrebuilding="0"/>
  </mem-info>
</gc-start>
<allocation-stats totalBytes="48195352" >
  <allocated-bytes non-tlh="32784" tlh="48162568" arrayletleaf="0"/>
  <largest-consumer threadName="Thread-5" threadId="0000000002347300" bytes="7461248" />
</allocation-stats>
<gc-op id="1495" type="copy forward" timems="4.905" contextid="1492" timestamp="2019-09-21T21:27:45.800">
  <memory-copied type="eden" objects="4762" bytes="2000984" bytesdiscarded="221184" />
  <memory-copied type="other" objects="8" bytes="288" bytesdiscarded="0" />
  <memory-cardclean objects="1899" bytes="153736" />
  <regions eden="46" other="4" />
  <remembered-set-cleared processed="3570" cleared="739" durationms="0.194" />
  <references type="weak" candidates="1" cleared="0" enqueued="0" />
  <references type="phantom" candidates="2" cleared="0" enqueued="0" />
  <stringconstants candidates="3963" cleared="0"  />
</gc-op>
<gc-op id="1496" type="classunload" timems="0.003" contextid="1492" timestamp="2019-09-21T21:27:45.800">
  <classunload-info classloadercandidates="20" classloadersunloaded="0" classesunloaded="0" anonymousclassesunloaded="0" quiescems="0.000" setupms="0.003" scanms="0.000" postms="0.000" />
</gc-op>
<gc-end id="1497" type="partial gc" contextid="1492" durationms="5.951" usertimems="4.000" systemtimems="8.000" timestamp="2019-09-21T21:27:45.800" activeThreads="8">
  <mem-info id="1498" free="53477376" total="168820736" percent="31">
    <mem type="eden" free="923416" total="3145728" percent="29" />
    <remembered-set count="10304" freebytes="6697600" totalbytes="6738816" percent="99" regionsoverflowed="0" regionsstable="1" regionsrebuilding="0"/>
  </mem-info>
</gc-end>
<cycle-end id="1499" type="partial gc" contextid="1492" timestamp="2019-09-21T21:27:45.800" />
  <attribute name="elasticGC enabled" value="1" />
  <attribute name= "numThreadsSpecified" value="8" />
  <attribute name="heapSize specified" value="0" />
  <attribute name="Current GC Util" value="77" />
  <attribute name= "Current Time Running" value="42812" />
  <attribute name ="GC Interval" value="0" />
  <attribute name="Target GC Util Change" value ="40.000000" />
  <attribute name="Current GC Util Change" value="77.000000"/>
  <attribute name="Current Error" value="1.000000" />
  <attribute name="Output H" value="168858576"/>
  <attribute name="Output I" value="2000"/>
  <attribute name="Output T" value="8"/>
  <attribute name= "Current Time Running" value="42812" />
  <attribute name="GC Util currently" value="77" />
  <attribute name="CPU Util currently" value="7435684675511" />
<exclusive-end id="1500" timestamp="2019-09-21T21:27:45.801" durationms="7.209" />

<exclusive-start id="1501" timestamp="2019-09-21T21:27:46.306" intervalms="512.591">
  <response-info timems="0.041" idlems="0.041" threads="0" lastid="0000000002343800" lastname="Thread-4" />
</exclusive-start>
<allocation-taxation id="1502" taxation-threshold="48234496" timestamp="2019-09-21T21:27:46.306" intervalms="512.544" />
<cycle-start id="1503" type="partial gc" contextid="0" timestamp="2019-09-21T21:27:46.306" intervalms="512.545" />
<gc-start id="1504" type="partial gc" contextid="1503" timestamp="2019-09-21T21:27:46.307">
  <mem-info id="1505" free="5242880" total="168820736" percent="3">
    <mem type="eden" free="0" total="48234496" percent="0" />
    <remembered-set count="10208" freebytes="6697984" totalbytes="6738816" percent="99" regionsoverflowed="0" regionsstable="1" regionsrebuilding="0"/>
  </mem-info>
</gc-start>
<allocation-stats totalBytes="48069968" >
  <allocated-bytes non-tlh="65552" tlh="48004416" arrayletleaf="0"/>
  <largest-consumer threadName="Thread-3" threadId="000000000233FC00" bytes="8147664" />
</allocation-stats>
<gc-op id="1506" type="copy forward" timems="5.137" contextid="1503" timestamp="2019-09-21T21:27:46.312">
  <memory-copied type="eden" objects="4916" bytes="1984640" bytesdiscarded="48520" />
  <memory-copied type="other" objects="12" bytes="432" bytesdiscarded="0" />
  <memory-cardclean objects="1913" bytes="154200" />
  <regions eden="46" other="4" />
  <remembered-set-cleared processed="3583" cleared="761" durationms="0.160" />
  <references type="phantom" candidates="1" cleared="0" enqueued="0" />
  <stringconstants candidates="3963" cleared="0"  />
</gc-op>
<gc-op id="1507" type="classunload" timems="0.002" contextid="1503" timestamp="2019-09-21T21:27:46.313">
  <classunload-info classloadercandidates="20" classloadersunloaded="0" classesunloaded="0" anonymousclassesunloaded="0" quiescems="0.000" setupms="0.002" scanms="0.000" postms="0.000" />
</gc-op>
<gc-end id="1508" type="partial gc" contextid="1503" durationms="6.209" usertimems="8.000" systemtimems="0.000" timestamp="2019-09-21T21:27:46.313" activeThreads="8">
  <mem-info id="1509" free="53477376" total="168820736" percent="31">
    <mem type="eden" free="63856" total="2097152" percent="3" />
    <remembered-set count="9728" freebytes="6699904" totalbytes="6738816" percent="99" regionsoverflowed="0" regionsstable="1" regionsrebuilding="0"/>
  </mem-info>
</gc-end>
<cycle-end id="1510" type="partial gc" contextid="1503" timestamp="2019-09-21T21:27:46.313" />
  <attribute name="elasticGC enabled" value="1" />
  <attribute name= "numThreadsSpecified" value="8" />
  <attribute name="heapSize specified" value="0" />
  <attribute name="Current GC Util" value="84" />
  <attribute name= "Current Time Running" value="43325" />
  <attribute name ="GC Interval" value="0" />
  <attribute name="Target GC Util Change" value ="40.000000" />
  <attribute name="Current GC Util Change" value="84.000000"/>
  <attribute name="Current Error" value="-6.000000" />
  <attribute name="Output H" value="168858576"/>
  <attribute name="Output I" value="2000"/>
  <attribute name="Output T" value="8"/>
  <attribute name= "Current Time Running" value="43325" />
  <attribute name="GC Util currently" value="84" />
  <attribute name="CPU Util currently" value="8783494576208" />
<exclusive-end id="1511" timestamp="2019-09-21T21:27:46.313" durationms="7.117" />

<exclusive-start id="1512" timestamp="2019-09-21T21:27:46.823" intervalms="517.036">
  <response-info timems="0.033" idlems="0.033" threads="0" lastid="0000000002359F00" lastname="Thread-10" />
</exclusive-start>
<allocation-taxation id="1513" taxation-threshold="48234496" timestamp="2019-09-21T21:27:46.823" intervalms="517.071" />
<cycle-start id="1514" type="partial gc" contextid="0" timestamp="2019-09-21T21:27:46.823" intervalms="517.072" />
<gc-start id="1515" type="partial gc" contextid="1514" timestamp="2019-09-21T21:27:46.824">
  <mem-info id="1516" free="5242880" total="168820736" percent="3">
    <mem type="eden" free="0" total="48234496" percent="0" />
    <remembered-set count="9472" freebytes="6700928" totalbytes="6738816" percent="99" regionsoverflowed="0" regionsstable="1" regionsrebuilding="0"/>
  </mem-info>
</gc-start>
<allocation-stats totalBytes="48179336" >
  <allocated-bytes non-tlh="16392" tlh="48162944" arrayletleaf="0"/>
  <largest-consumer threadName="Thread-10" threadId="0000000002359F00" bytes="7088568" />
</allocation-stats>
<gc-op id="1517" type="copy forward" timems="5.632" contextid="1514" timestamp="2019-09-21T21:27:46.830">
  <memory-copied type="eden" objects="5082" bytes="2022912" bytesdiscarded="49376" />
  <memory-copied type="other" objects="16" bytes="576" bytesdiscarded="0" />
  <memory-cardclean objects="1890" bytes="153560" />
  <regions eden="46" other="3" />
  <remembered-set-cleared processed="3610" cleared="776" durationms="0.159" />
  <references type="phantom" candidates="1" cleared="0" enqueued="0" />
  <stringconstants candidates="3963" cleared="0"  />
</gc-op>
<gc-op id="1518" type="classunload" timems="0.003" contextid="1514" timestamp="2019-09-21T21:27:46.830">
  <classunload-info classloadercandidates="20" classloadersunloaded="0" classesunloaded="0" anonymousclassesunloaded="0" quiescems="0.000" setupms="0.003" scanms="0.000" postms="0.000" />
</gc-op>
<heap-resize id="1519" type="expand" space="default" amount="1048576" count="1" timems="0.057" reason="insufficient free space following gc" timestamp="2019-09-21T21:27:46.830" />
<gc-end id="1520" type="partial gc" contextid="1514" durationms="6.870" usertimems="4.000" systemtimems="4.000" timestamp="2019-09-21T21:27:46.831" activeThreads="8">
  <mem-info id="1521" free="53477376" total="169869312" percent="31">
    <mem type="eden" free="24728" total="2097152" percent="1" />
    <remembered-set count="10272" freebytes="6739584" totalbytes="6780672" percent="99" regionsoverflowed="0" regionsstable="1" regionsrebuilding="0"/>
  </mem-info>
</gc-end>
<cycle-end id="1522" type="partial gc" contextid="1514" timestamp="2019-09-21T21:27:46.831" />
  <attribute name="elasticGC enabled" value="1" />
  <attribute name= "numThreadsSpecified" value="8" />
  <attribute name="heapSize specified" value="0" />
  <attribute name="Current GC Util" value="82" />
  <attribute name= "Current Time Running" value="43842" />
  <attribute name ="GC Interval" value="0" />
  <attribute name="Target GC Util Change" value ="40.000000" />
  <attribute name="Current GC Util Change" value="82.000000"/>
  <attribute name="Current Error" value="-9.000000" />
  <attribute name="Output H" value="168858576"/>
  <attribute name="Output I" value="2000"/>
  <attribute name="Output T" value="8"/>
  <attribute name= "Current Time Running" value="43842" />
  <attribute name="GC Util currently" value="82" />
  <attribute name="CPU Util currently" value="8373009172553" />
<exclusive-end id="1523" timestamp="2019-09-21T21:27:46.831" durationms="7.792" />

<exclusive-start id="1524" timestamp="2019-09-21T21:27:47.336" intervalms="513.104">
  <response-info timems="0.045" idlems="0.045" threads="0" lastid="000000000233FC00" lastname="Thread-3" />
</exclusive-start>
<allocation-taxation id="1525" taxation-threshold="48234496" timestamp="2019-09-21T21:27:47.336" intervalms="513.133" />
<cycle-start id="1526" type="partial gc" contextid="0" timestamp="2019-09-21T21:27:47.337" intervalms="513.192" />
<gc-start id="1527" type="partial gc" contextid="1526" timestamp="2019-09-21T21:27:47.337">
  <mem-info id="1528" free="5242880" total="169869312" percent="3">
    <mem type="eden" free="0" total="48234496" percent="0" />
    <remembered-set count="9888" freebytes="6741120" totalbytes="6780672" percent="99" regionsoverflowed="0" regionsstable="1" regionsrebuilding="0"/>
  </mem-info>
</gc-start>
<allocation-stats totalBytes="48188264" >
  <allocated-bytes non-tlh="8200" tlh="48180064" arrayletleaf="0"/>
  <largest-consumer threadName="Thread-5" threadId="0000000002347300" bytes="6890560" />
</allocation-stats>
<gc-op id="1529" type="copy forward" timems="4.768" contextid="1526" timestamp="2019-09-21T21:27:47.343">
  <memory-copied type="eden" objects="4141" bytes="1589360" bytesdiscarded="50336" />
  <memory-copied type="other" objects="12" bytes="432" bytesdiscarded="0" />
  <memory-cardclean objects="1885" bytes="152192" />
  <regions eden="46" other="3" />
  <remembered-set-cleared processed="3623" cleared="787" durationms="0.164" />
  <stringconstants candidates="3963" cleared="0"  />
</gc-op>
<gc-op id="1530" type="classunload" timems="0.002" contextid="1526" timestamp="2019-09-21T21:27:47.343">
  <classunload-info classloadercandidates="20" classloadersunloaded="0" classesunloaded="0" anonymousclassesunloaded="0" quiescems="0.000" setupms="0.002" scanms="0.000" postms="0.000" />
</gc-op>
<heap-resize id="1531" type="expand" space="default" amount="1048576" count="1" timems="0.067" reason="insufficient free space following gc" timestamp="2019-09-21T21:27:47.343" />
<gc-end id="1532" type="partial gc" contextid="1526" durationms="6.039" usertimems="4.000" systemtimems="4.000" timestamp="2019-09-21T21:27:47.343" activeThreads="8">
  <mem-info id="1533" free="53477376" total="170917888" percent="31">
    <mem type="eden" free="457336" total="2097152" percent="21" />
    <remembered-set count="9248" freebytes="6785536" totalbytes="6822528" percent="99" regionsoverflowed="0" regionsstable="1" regionsrebuilding="0"/>
  </mem-info>
</gc-end>
<cycle-end id="1534" type="partial gc" contextid="1526" timestamp="2019-09-21T21:27:47.343" />
  <attribute name="elasticGC enabled" value="1" />
  <attribute name= "numThreadsSpecified" value="8" />
  <attribute name="heapSize specified" value="0" />
  <attribute name="Current GC Util" value="71" />
  <attribute name= "Current Time Running" value="44355" />
  <attribute name ="GC Interval" value="0" />
  <attribute name="Target GC Util Change" value ="40.000000" />
  <attribute name="Current GC Util Change" value="71.000000"/>
  <attribute name="Current Error" value="-1.000000" />
  <attribute name="Output H" value="169907152"/>
  <attribute name="Output I" value="2000"/>
  <attribute name="Output T" value="8"/>
  <attribute name= "Current Time Running" value="44355" />
  <attribute name="GC Util currently" value="71" />
  <attribute name="CPU Util currently" value="6572012027380" />
<exclusive-end id="1535" timestamp="2019-09-21T21:27:47.343" durationms="7.043" />

<exclusive-start id="1536" timestamp="2019-09-21T21:27:47.849" intervalms="512.550">
  <response-info timems="0.039" idlems="0.039" threads="0" lastid="000000000234AF00" lastname="Thread-6" />
</exclusive-start>
<allocation-taxation id="1537" taxation-threshold="49283072" timestamp="2019-09-21T21:27:47.849" intervalms="512.529" />
<cycle-start id="1538" type="partial gc" contextid="0" timestamp="2019-09-21T21:27:47.849" intervalms="512.471" />
<gc-start id="1539" type="partial gc" contextid="1538" timestamp="2019-09-21T21:27:47.849">
  <mem-info id="1540" free="4194304" total="170917888" percent="2">
    <mem type="eden" free="0" total="49283072" percent="0" />
    <remembered-set count="8864" freebytes="6787072" totalbytes="6822528" percent="99" regionsoverflowed="0" regionsstable="1" regionsrebuilding="0"/>
  </mem-info>
</gc-start>
<allocation-stats totalBytes="49170744" >
  <allocated-bytes non-tlh="106528" tlh="49064216" arrayletleaf="0"/>
  <largest-consumer threadName="Thread-5" threadId="0000000002347300" bytes="7828464" />
</allocation-stats>
<gc-op id="1541" type="copy forward" timems="3.915" contextid="1538" timestamp="2019-09-21T21:27:47.854">
  <memory-copied type="eden" objects="5087" bytes="1963232" bytesdiscarded="272416" />
  <memory-copied type="other" objects="4" bytes="144" bytesdiscarded="0" />
  <memory-cardclean objects="1867" bytes="151592" />
  <regions eden="47" other="3" />
  <remembered-set-cleared processed="3541" cleared="703" durationms="0.200" />
  <references type="phantom" candidates="2" cleared="0" enqueued="0" />
  <stringconstants candidates="3963" cleared="0"  />
</gc-op>
<gc-op id="1542" type="classunload" timems="0.003" contextid="1538" timestamp="2019-09-21T21:27:47.854">
  <classunload-info classloadercandidates="20" classloadersunloaded="0" classesunloaded="0" anonymousclassesunloaded="0" quiescems="0.000" setupms="0.002" scanms="0.000" postms="0.000" />
</gc-op>
<heap-resize id="1543" type="expand" space="default" amount="2097152" count="1" timems="0.057" reason="insufficient free space following gc" timestamp="2019-09-21T21:27:47.854" />
<gc-end id="1544" type="partial gc" contextid="1538" durationms="4.958" usertimems="0.000" systemtimems="8.000" timestamp="2019-09-21T21:27:47.854" activeThreads="8">
  <mem-info id="1545" free="54525952" total="173015040" percent="31">
    <mem type="eden" free="909936" total="3145728" percent="28" />
    <remembered-set count="9792" freebytes="6867072" totalbytes="6906240" percent="99" regionsoverflowed="0" regionsstable="1" regionsrebuilding="0"/>
  </mem-info>
</gc-end>
<cycle-end id="1546" type="partial gc" contextid="1538" timestamp="2019-09-21T21:27:47.854" />
  <attribute name="elasticGC enabled" value="1" />
  <attribute name= "numThreadsSpecified" value="8" />
  <attribute name="heapSize specified" value="0" />
  <attribute name="Current GC Util" value="75" />
  <attribute name= "Current Time Running" value="44868" />
  <attribute name ="GC Interval" value="0" />
  <attribute name="Target GC Util Change" value ="40.000000" />
  <attribute name="Current GC Util Change" value="75.000000"/>
  <attribute name="Current Error" value="4.000000" />
  <attribute name="Output H" value="170955736"/>
  <attribute name="Output I" value="2008"/>
  <attribute name="Output T" value="8"/>
  <attribute name= "Current Time Running" value="44868" />
  <attribute name="GC Util currently" value="75" />
  <attribute name="CPU Util currently" value="8452472666125" />
<exclusive-end id="1547" timestamp="2019-09-21T21:27:47.855" durationms="5.757" />

<exclusive-start id="1548" timestamp="2019-09-21T21:27:48.396" intervalms="547.105">
  <response-info timems="0.053" idlems="0.053" threads="0" lastid="000000000234AF00" lastname="Thread-6" />
</exclusive-start>
<allocation-taxation id="1549" taxation-threshold="49283072" timestamp="2019-09-21T21:27:48.396" intervalms="547.122" />
<cycle-start id="1550" type="partial gc" contextid="0" timestamp="2019-09-21T21:27:48.396" intervalms="547.124" />
<gc-start id="1551" type="partial gc" contextid="1550" timestamp="2019-09-21T21:27:48.396">
  <mem-info id="1552" free="5242880" total="173015040" percent="3">
    <mem type="eden" free="0" total="49283072" percent="0" />
    <remembered-set count="9664" freebytes="6867584" totalbytes="6906240" percent="99" regionsoverflowed="0" regionsstable="1" regionsrebuilding="0"/>
  </mem-info>
</gc-start>
<allocation-stats totalBytes="49228904" >
  <allocated-bytes non-tlh="49176" tlh="49179728" arrayletleaf="0"/>
  <largest-consumer threadName="Thread-6" threadId="000000000234AF00" bytes="8019568" />
</allocation-stats>
<gc-op id="1553" type="copy forward" timems="3.020" contextid="1550" timestamp="2019-09-21T21:27:48.400">
  <memory-copied type="eden" objects="5221" bytes="2076432" bytesdiscarded="344344" />
  <memory-copied type="other" objects="16" bytes="576" bytesdiscarded="0" />
  <memory-cardclean objects="1890" bytes="152344" />
  <regions eden="47" other="4" />
  <remembered-set-cleared processed="3620" cleared="782" durationms="0.163" />
  <stringconstants candidates="3963" cleared="0"  />
</gc-op>
<gc-op id="1554" type="classunload" timems="0.002" contextid="1550" timestamp="2019-09-21T21:27:48.400">
  <classunload-info classloadercandidates="20" classloadersunloaded="0" classesunloaded="0" anonymousclassesunloaded="0" quiescems="0.000" setupms="0.002" scanms="0.000" postms="0.000" />
</gc-op>
<gc-end id="1555" type="partial gc" contextid="1550" durationms="3.928" usertimems="8.000" systemtimems="0.000" timestamp="2019-09-21T21:27:48.400" activeThreads="8">
  <mem-info id="1556" free="54525952" total="173015040" percent="31">
    <mem type="eden" free="724816" total="3145728" percent="23" />
    <remembered-set count="10272" freebytes="6865152" totalbytes="6906240" percent="99" regionsoverflowed="0" regionsstable="1" regionsrebuilding="0"/>
  </mem-info>
</gc-end>
<cycle-end id="1557" type="partial gc" contextid="1550" timestamp="2019-09-21T21:27:48.401" />
  <attribute name="elasticGC enabled" value="1" />
  <attribute name= "numThreadsSpecified" value="8" />
  <attribute name="heapSize specified" value="0" />
  <attribute name="Current GC Util" value="83" />
  <attribute name= "Current Time Running" value="45415" />
  <attribute name ="GC Interval" value="0" />
  <attribute name="Target GC Util Change" value ="40.000000" />
  <attribute name="Current GC Util Change" value="83.000000"/>
  <attribute name="Current Error" value="0.000000" />
  <attribute name="Output H" value="173052880"/>
  <attribute name="Output I" value="2000"/>
  <attribute name="Output T" value="8"/>
  <attribute name= "Current Time Running" value="45415" />
  <attribute name="GC Util currently" value="83" />
  <attribute name="CPU Util currently" value="8289598454372" />
<exclusive-end id="1558" timestamp="2019-09-21T21:27:48.401" durationms="4.798" />

<exclusive-start id="1559" timestamp="2019-09-21T21:27:48.950" intervalms="554.224">
  <response-info timems="0.046" idlems="0.046" threads="0" lastid="000000000233FC00" lastname="Thread-3" />
</exclusive-start>
<allocation-taxation id="1560" taxation-threshold="49283072" timestamp="2019-09-21T21:27:48.950" intervalms="554.253" />
<cycle-start id="1561" type="partial gc" contextid="0" timestamp="2019-09-21T21:27:48.950" intervalms="554.253" />
<gc-start id="1562" type="partial gc" contextid="1561" timestamp="2019-09-21T21:27:48.951">
  <mem-info id="1563" free="5242880" total="173015040" percent="3">
    <mem type="eden" free="0" total="49283072" percent="0" />
    <remembered-set count="10144" freebytes="6865664" totalbytes="6906240" percent="99" regionsoverflowed="0" regionsstable="1" regionsrebuilding="0"/>
  </mem-info>
</gc-start>
<allocation-stats totalBytes="49235624" >
  <allocated-bytes non-tlh="98328" tlh="49137296" arrayletleaf="0"/>
  <largest-consumer threadName="Thread-8" threadId="0000000002352700" bytes="7948184" />
</allocation-stats>
<gc-op id="1564" type="copy forward" timems="2.563" contextid="1561" timestamp="2019-09-21T21:27:48.954">
  <memory-copied type="eden" objects="5337" bytes="2085664" bytesdiscarded="323912" />
  <memory-copied type="other" objects="16" bytes="576" bytesdiscarded="0" />
  <memory-cardclean objects="1851" bytes="151136" />
  <regions eden="47" other="4" />
  <remembered-set-cleared processed="3641" cleared="792" durationms="0.163" />
  <stringconstants candidates="3963" cleared="0"  />
</gc-op>
<gc-op id="1565" type="classunload" timems="0.003" contextid="1561" timestamp="2019-09-21T21:27:48.954">
  <classunload-info classloadercandidates="20" classloadersunloaded="0" classesunloaded="0" anonymousclassesunloaded="0" quiescems="0.000" setupms="0.002" scanms="0.000" postms="0.000" />
</gc-op>
<heap-resize id="1566" type="expand" space="default" amount="1048576" count="1" timems="0.054" reason="insufficient free space following gc" timestamp="2019-09-21T21:27:48.954" />
<gc-end id="1567" type="partial gc" contextid="1561" durationms="3.727" usertimems="4.000" systemtimems="4.000" timestamp="2019-09-21T21:27:48.954" activeThreads="8">
  <mem-info id="1568" free="54525952" total="174063616" percent="31">
    <mem type="eden" free="736016" total="3145728" percent="23" />
    <remembered-set count="10272" freebytes="6907008" totalbytes="6948096" percent="99" regionsoverflowed="0" regionsstable="1" regionsrebuilding="0"/>
  </mem-info>
</gc-end>
<cycle-end id="1569" type="partial gc" contextid="1561" timestamp="2019-09-21T21:27:48.955" />
  <attribute name="elasticGC enabled" value="1" />
  <attribute name= "numThreadsSpecified" value="8" />
  <attribute name="heapSize specified" value="0" />
  <attribute name="Current GC Util" value="78" />
  <attribute name= "Current Time Running" value="45969" />
  <attribute name ="GC Interval" value="0" />
  <attribute name="Target GC Util Change" value ="40.000000" />
  <attribute name="Current GC Util Change" value="78.000000"/>
  <attribute name="Current Error" value="1.000000" />
  <attribute name="Output H" value="173052880"/>
  <attribute name="Output I" value="2000"/>
  <attribute name="Output T" value="8"/>
  <attribute name= "Current Time Running" value="45969" />
  <attribute name="GC Util currently" value="78" />
  <attribute name="CPU Util currently" value="7086550297869" />
<exclusive-end id="1570" timestamp="2019-09-21T21:27:48.955" durationms="4.599" />

<exclusive-start id="1571" timestamp="2019-09-21T21:27:49.518" intervalms="568.065">
  <response-info timems="0.056" idlems="0.056" threads="0" lastid="0000000002356300" lastname="Thread-9" />
</exclusive-start>
<allocation-taxation id="1572" taxation-threshold="49283072" timestamp="2019-09-21T21:27:49.518" intervalms="567.925" />
<cycle-start id="1573" type="partial gc" contextid="0" timestamp="2019-09-21T21:27:49.518" intervalms="567.923" />
<gc-start id="1574" type="partial gc" contextid="1573" timestamp="2019-09-21T21:27:49.519">
  <mem-info id="1575" free="5242880" total="174063616" percent="3">
    <mem type="eden" free="0" total="49283072" percent="0" />
    <remembered-set count="10176" freebytes="6907392" totalbytes="6948096" percent="99" regionsoverflowed="0" regionsstable="1" regionsrebuilding="0"/>
  </mem-info>
</gc-start>
<allocation-stats totalBytes="49240408" >
  <allocated-bytes non-tlh="32784" tlh="49207624" arrayletleaf="0"/>
  <largest-consumer threadName="Thread-10" threadId="0000000002359F00" bytes="7562512" />
</allocation-stats>
<gc-op id="1576" type="copy forward" timems="4.081" contextid="1573" timestamp="2019-09-21T21:27:49.523">
  <memory-copied type="eden" objects="4968" bytes="1941408" bytesdiscarded="359216" />
  <memory-copied type="other" objects="16" bytes="576" bytesdiscarded="0" />
  <memory-cardclean objects="1858" bytes="151040" />
  <regions eden="47" other="4" />
  <remembered-set-cleared processed="3647" cleared="802" durationms="0.164" />
  <stringconstants candidates="3963" cleared="0"  />
</gc-op>
<gc-op id="1577" type="classunload" timems="0.002" contextid="1573" timestamp="2019-09-21T21:27:49.523">
  <classunload-info classloadercandidates="20" classloadersunloaded="0" classesunloaded="0" anonymousclassesunloaded="0" quiescems="0.000" setupms="0.002" scanms="0.000" postms="0.000" />
</gc-op>
<heap-resize id="1578" type="expand" space="default" amount="2097152" count="1" timems="0.068" reason="insufficient free space following gc" timestamp="2019-09-21T21:27:49.524" />
<gc-end id="1579" type="partial gc" contextid="1573" durationms="5.359" usertimems="4.000" systemtimems="4.000" timestamp="2019-09-21T21:27:49.524" activeThreads="8">
  <mem-info id="1580" free="55574528" total="176160768" percent="31">
    <mem type="eden" free="844976" total="3145728" percent="26" />
    <remembered-set count="9760" freebytes="6992768" totalbytes="7031808" percent="99" regionsoverflowed="0" regionsstable="1" regionsrebuilding="0"/>
  </mem-info>
</gc-end>
<cycle-end id="1581" type="partial gc" contextid="1573" timestamp="2019-09-21T21:27:49.524" />
  <attribute name="elasticGC enabled" value="1" />
  <attribute name= "numThreadsSpecified" value="8" />
  <attribute name="heapSize specified" value="0" />
  <attribute name="Current GC Util" value="78" />
  <attribute name= "Current Time Running" value="46537" />
  <attribute name ="GC Interval" value="0" />
  <attribute name="Target GC Util Change" value ="40.000000" />
  <attribute name="Current GC Util Change" value="78.000000"/>
  <attribute name="Current Error" value="1.000000" />
  <attribute name="Output H" value="174101456"/>
  <attribute name="Output I" value="2000"/>
  <attribute name="Output T" value="8"/>
  <attribute name= "Current Time Running" value="46537" />
  <attribute name="GC Util currently" value="78" />
  <attribute name="CPU Util currently" value="8394468576829" />
<exclusive-end id="1582" timestamp="2019-09-21T21:27:49.524" durationms="6.051" />

<exclusive-start id="1583" timestamp="2019-09-21T21:27:50.095" intervalms="576.614">
  <response-info timems="0.043" idlems="0.043" threads="0" lastid="000000000233FC00" lastname="Thread-3" />
</exclusive-start>
<allocation-taxation id="1584" taxation-threshold="50331648" timestamp="2019-09-21T21:27:50.095" intervalms="576.697" />
<cycle-start id="1585" type="partial gc" contextid="0" timestamp="2019-09-21T21:27:50.095" intervalms="576.705" />
<gc-start id="1586" type="partial gc" contextid="1585" timestamp="2019-09-21T21:27:50.095">
  <mem-info id="1587" free="5242880" total="176160768" percent="2">
    <mem type="eden" free="0" total="50331648" percent="0" />
    <remembered-set count="9568" freebytes="6993536" totalbytes="7031808" percent="99" regionsoverflowed="0" regionsstable="1" regionsrebuilding="0"/>
  </mem-info>
</gc-start>
<allocation-stats totalBytes="50243584" >
  <allocated-bytes non-tlh="57376" tlh="50186208" arrayletleaf="0"/>
  <largest-consumer threadName="Thread-8" threadId="0000000002352700" bytes="8491712" />
</allocation-stats>
<gc-op id="1588" type="copy forward" timems="4.519" contextid="1585" timestamp="2019-09-21T21:27:50.101">
  <memory-copied type="eden" objects="5151" bytes="1979784" bytesdiscarded="282248" />
  <memory-copied type="other" objects="8" bytes="288" bytesdiscarded="0" />
  <memory-cardclean objects="1865" bytes="151520" />
  <regions eden="48" other="4" />
  <remembered-set-cleared processed="3606" cleared="762" durationms="0.178" />
  <references type="phantom" candidates="1" cleared="0" enqueued="0" />
  <stringconstants candidates="3963" cleared="0"  />
</gc-op>
<gc-op id="1589" type="classunload" timems="0.002" contextid="1585" timestamp="2019-09-21T21:27:50.101">
  <classunload-info classloadercandidates="20" classloadersunloaded="0" classesunloaded="0" anonymousclassesunloaded="0" quiescems="0.000" setupms="0.002" scanms="0.000" postms="0.000" />
</gc-op>
<gc-end id="1590" type="partial gc" contextid="1585" durationms="5.643" usertimems="0.000" systemtimems="8.000" timestamp="2019-09-21T21:27:50.101" activeThreads="8">
  <mem-info id="1591" free="55574528" total="176160768" percent="31">
    <mem type="eden" free="883560" total="3145728" percent="28" />
    <remembered-set count="9888" freebytes="6992256" totalbytes="7031808" percent="99" regionsoverflowed="0" regionsstable="1" regionsrebuilding="0"/>
  </mem-info>
</gc-end>
<cycle-end id="1592" type="partial gc" contextid="1585" timestamp="2019-09-21T21:27:50.101" />
  <attribute name="elasticGC enabled" value="1" />
  <attribute name= "numThreadsSpecified" value="8" />
  <attribute name="heapSize specified" value="0" />
  <attribute name="Current GC Util" value="82" />
  <attribute name= "Current Time Running" value="47114" />
  <attribute name ="GC Interval" value="0" />
  <attribute name="Target GC Util Change" value ="40.000000" />
  <attribute name="Current GC Util Change" value="82.000000"/>
  <attribute name="Current Error" value="-2.000000" />
  <attribute name="Output H" value="176198608"/>
  <attribute name="Output I" value="2000"/>
  <attribute name="Output T" value="8"/>
  <attribute name= "Current Time Running" value="47114" />
  <attribute name="GC Util currently" value="82" />
  <attribute name="CPU Util currently" value="8005287444059" />
<exclusive-end id="1593" timestamp="2019-09-21T21:27:50.101" durationms="6.627" />

<exclusive-start id="1594" timestamp="2019-09-21T21:27:50.719" intervalms="624.168">
  <response-info timems="0.053" idlems="0.027" threads="1" lastid="0000000002343800" lastname="Thread-4" />
</exclusive-start>
<allocation-taxation id="1595" taxation-threshold="50331648" timestamp="2019-09-21T21:27:50.719" intervalms="624.138" />
<cycle-start id="1596" type="partial gc" contextid="0" timestamp="2019-09-21T21:27:50.719" intervalms="624.124" />
<gc-start id="1597" type="partial gc" contextid="1596" timestamp="2019-09-21T21:27:50.719">
  <mem-info id="1598" free="5242880" total="176160768" percent="2">
    <mem type="eden" free="0" total="50331648" percent="0" />
    <remembered-set count="9824" freebytes="6992512" totalbytes="7031808" percent="99" regionsoverflowed="0" regionsstable="1" regionsrebuilding="0"/>
  </mem-info>
</gc-start>
<allocation-stats totalBytes="50260408" >
  <allocated-bytes non-tlh="98336" tlh="50162072" arrayletleaf="0"/>
  <largest-consumer threadName="Thread-7" threadId="000000000234EB00" bytes="7757648" />
</allocation-stats>
<gc-op id="1599" type="copy forward" timems="2.747" contextid="1596" timestamp="2019-09-21T21:27:50.723">
  <memory-copied type="eden" objects="4273" bytes="1706696" bytesdiscarded="342376" />
  <memory-copied type="other" objects="8" bytes="288" bytesdiscarded="0" />
  <memory-cardclean objects="1853" bytes="150648" />
  <regions eden="48" other="4" />
  <remembered-set-cleared processed="3643" cleared="797" durationms="0.174" />
  <references type="weak" candidates="1" cleared="0" enqueued="0" />
  <references type="phantom" candidates="1" cleared="0" enqueued="0" />
  <stringconstants candidates="3963" cleared="0"  />
</gc-op>
<gc-op id="1600" type="classunload" timems="0.003" contextid="1596" timestamp="2019-09-21T21:27:50.723">
  <classunload-info classloadercandidates="20" classloadersunloaded="0" classesunloaded="0" anonymousclassesunloaded="0" quiescems="0.000" setupms="0.003" scanms="0.000" postms="0.000" />
</gc-op>
<gc-end id="1601" type="partial gc" contextid="1596" durationms="3.624" usertimems="0.000" systemtimems="4.000" timestamp="2019-09-21T21:27:50.723" activeThreads="8">
  <mem-info id="1602" free="56623104" total="176160768" percent="32">
    <mem type="eden" free="47968" total="2097152" percent="2" />
    <remembered-set count="10336" freebytes="6990464" totalbytes="7031808" percent="99" regionsoverflowed="0" regionsstable="1" regionsrebuilding="0"/>
  </mem-info>
</gc-end>
<cycle-end id="1603" type="partial gc" contextid="1596" timestamp="2019-09-21T21:27:50.723" />
  <attribute name="elasticGC enabled" value="1" />
  <attribute name= "numThreadsSpecified" value="8" />
  <attribute name="heapSize specified" value="0" />
  <attribute name="Current GC Util" value="85" />
  <attribute name= "Current Time Running" value="47738" />
  <attribute name ="GC Interval" value="0" />
  <attribute name="Target GC Util Change" value ="40.000000" />
  <attribute name="Current GC Util Change" value="85.000000"/>
  <attribute name="Current Error" value="-8.000000" />
  <attribute name="Output H" value="176198608"/>
  <attribute name="Output I" value="2000"/>
  <attribute name="Output T" value="8"/>
  <attribute name= "Current Time Running" value="47738" />
  <attribute name="GC Util currently" value="85" />
  <attribute name="CPU Util currently" value="8573022494629" />
<exclusive-end id="1604" timestamp="2019-09-21T21:27:50.723" durationms="4.337" />

<exclusive-start id="1605" timestamp="2019-09-21T21:27:51.317" intervalms="598.119">
  <response-info timems="0.049" idlems="0.049" threads="0" lastid="000000000234AF00" lastname="Thread-6" />
</exclusive-start>
<allocation-taxation id="1606" taxation-threshold="50331648" timestamp="2019-09-21T21:27:51.317" intervalms="598.131" />
<cycle-start id="1607" type="partial gc" contextid="0" timestamp="2019-09-21T21:27:51.317" intervalms="598.137" />
<gc-start id="1608" type="partial gc" contextid="1607" timestamp="2019-09-21T21:27:51.318">
  <mem-info id="1609" free="6291456" total="176160768" percent="3">
    <mem type="eden" free="0" total="50331648" percent="0" />
    <remembered-set count="10112" freebytes="6991360" totalbytes="7031808" percent="99" regionsoverflowed="0" regionsstable="1" regionsrebuilding="0"/>
  </mem-info>
</gc-start>
<allocation-stats totalBytes="50266848" >
  <allocated-bytes non-tlh="65560" tlh="50201288" arrayletleaf="0"/>
  <largest-consumer threadName="Thread-6" threadId="000000000234AF00" bytes="8383480" />
</allocation-stats>
<gc-op id="1610" type="copy forward" timems="3.573" contextid="1607" timestamp="2019-09-21T21:27:51.322">
  <memory-copied type="eden" objects="5358" bytes="2086984" bytesdiscarded="333168" />
  <memory-copied type="other" objects="8" bytes="288" bytesdiscarded="0" />
  <memory-cardclean objects="1848" bytes="150320" />
  <regions eden="48" other="3" />
  <remembered-set-cleared processed="3538" cleared="693" durationms="0.164" />
  <stringconstants candidates="3963" cleared="0"  />
</gc-op>
<gc-op id="1611" type="classunload" timems="0.003" contextid="1607" timestamp="2019-09-21T21:27:51.322">
  <classunload-info classloadercandidates="20" classloadersunloaded="0" classesunloaded="0" anonymousclassesunloaded="0" quiescems="0.000" setupms="0.003" scanms="0.000" postms="0.000" />
</gc-op>
<heap-resize id="1612" type="expand" space="default" amount="1048576" count="1" timems="0.067" reason="insufficient free space following gc" timestamp="2019-09-21T21:27:51.322" />
<gc-end id="1613" type="partial gc" contextid="1607" durationms="4.777" usertimems="0.000" systemtimems="8.000" timestamp="2019-09-21T21:27:51.322" activeThreads="8">
  <mem-info id="1614" free="55574528" total="177209344" percent="31">
    <mem type="eden" free="725448" total="3145728" percent="23" />
    <remembered-set count="10336" freebytes="7032320" totalbytes="7073664" percent="99" regionsoverflowed="0" regionsstable="1" regionsrebuilding="0"/>
  </mem-info>
</gc-end>
<cycle-end id="1615" type="partial gc" contextid="1607" timestamp="2019-09-21T21:27:51.323" />
  <attribute name="elasticGC enabled" value="1" />
  <attribute name= "numThreadsSpecified" value="8" />
  <attribute name="heapSize specified" value="0" />
  <attribute name="Current GC Util" value="69" />
  <attribute name= "Current Time Running" value="48336" />
  <attribute name ="GC Interval" value="0" />
  <attribute name="Target GC Util Change" value ="40.000000" />
  <attribute name="Current GC Util Change" value="69.000000"/>
  <attribute name="Current Error" value="10.000000" />
  <attribute name="Output H" value="176198616"/>
  <attribute name="Output I" value="2008"/>
  <attribute name="Output T" value="8"/>
  <attribute name= "Current Time Running" value="48336" />
  <attribute name="GC Util currently" value="69" />
  <attribute name="CPU Util currently" value="7801343151154" />
<exclusive-end id="1616" timestamp="2019-09-21T21:27:51.323" durationms="5.664" />

<exclusive-start id="1617" timestamp="2019-09-21T21:27:51.904" intervalms="586.491">
  <response-info timems="0.053" idlems="0.053" threads="0" lastid="0000000002352700" lastname="Thread-8" />
</exclusive-start>
<allocation-taxation id="1618" taxation-threshold="50331648" timestamp="2019-09-21T21:27:51.904" intervalms="586.472" />
<cycle-start id="1619" type="partial gc" contextid="0" timestamp="2019-09-21T21:27:51.904" intervalms="586.468" />
<gc-start id="1620" type="partial gc" contextid="1619" timestamp="2019-09-21T21:27:51.904">
  <mem-info id="1621" free="5242880" total="177209344" percent="2">
    <mem type="eden" free="0" total="50331648" percent="0" />
    <remembered-set count="10176" freebytes="7032960" totalbytes="7073664" percent="99" regionsoverflowed="0" regionsstable="1" regionsrebuilding="0"/>
  </mem-info>
</gc-start>
<allocation-stats totalBytes="50218096" >
  <allocated-bytes non-tlh="16392" tlh="50201704" arrayletleaf="0"/>
  <largest-consumer threadName="Thread-8" threadId="0000000002352700" bytes="7132288" />
</allocation-stats>
<gc-op id="1622" type="copy forward" timems="3.790" contextid="1619" timestamp="2019-09-21T21:27:51.908">
  <memory-copied type="eden" objects="5083" bytes="2011176" bytesdiscarded="324976" />
  <memory-copied type="other" objects="4" bytes="144" bytesdiscarded="0" />
  <memory-cardclean objects="1877" bytes="151296" />
  <regions eden="48" other="4" />
  <remembered-set-cleared processed="3642" cleared="801" durationms="0.198" />
  <stringconstants candidates="3963" cleared="0"  />
</gc-op>
<gc-op id="1623" type="classunload" timems="0.003" contextid="1619" timestamp="2019-09-21T21:27:51.909">
  <classunload-info classloadercandidates="20" classloadersunloaded="0" classesunloaded="0" anonymousclassesunloaded="0" quiescems="0.000" setupms="0.003" scanms="0.000" postms="0.000" />
</gc-op>
<gc-end id="1624" type="partial gc" contextid="1619" durationms="4.852" usertimems="8.000" systemtimems="4.000" timestamp="2019-09-21T21:27:51.909" activeThreads="8">
  <mem-info id="1625" free="55574528" total="177209344" percent="31">
    <mem type="eden" free="809448" total="3145728" percent="25" />
    <remembered-set count="9824" freebytes="7034368" totalbytes="7073664" percent="99" regionsoverflowed="0" regionsstable="1" regionsrebuilding="0"/>
  </mem-info>
</gc-end>
<cycle-end id="1626" type="partial gc" contextid="1619" timestamp="2019-09-21T21:27:51.909" />
  <attribute name="elasticGC enabled" value="1" />
  <attribute name= "numThreadsSpecified" value="8" />
  <attribute name="heapSize specified" value="0" />
  <attribute name="Current GC Util" value="82" />
  <attribute name= "Current Time Running" value="48922" />
  <attribute name ="GC Interval" value="0" />
  <attribute name="Target GC Util Change" value ="40.000000" />
  <attribute name="Current GC Util Change" value="82.000000"/>
  <attribute name="Current Error" value="7.000000" />
  <attribute name="Output H" value="177247192"/>
  <attribute name="Output I" value="2008"/>
  <attribute name="Output T" value="8"/>
  <attribute name= "Current Time Running" value="48922" />
  <attribute name="GC Util currently" value="82" />
  <attribute name="CPU Util currently" value="8168087719352" />
<exclusive-end id="1627" timestamp="2019-09-21T21:27:51.909" durationms="5.589" />

<exclusive-start id="1628" timestamp="2019-09-21T21:27:52.434" intervalms="529.882">
  <response-info timems="0.059" idlems="0.059" threads="0" lastid="0000000002359F00" lastname="Thread-10" />
</exclusive-start>
<allocation-taxation id="1629" taxation-threshold="50331648" timestamp="2019-09-21T21:27:52.434" intervalms="529.903" />
<cycle-start id="1630" type="partial gc" contextid="0" timestamp="2019-09-21T21:27:52.434" intervalms="529.903" />
<gc-start id="1631" type="partial gc" contextid="1630" timestamp="2019-09-21T21:27:52.434">
  <mem-info id="1632" free="5242880" total="177209344" percent="2">
    <mem type="eden" free="0" total="50331648" percent="0" />
    <remembered-set count="9824" freebytes="7034368" totalbytes="7073664" percent="99" regionsoverflowed="0" regionsstable="1" regionsrebuilding="0"/>
  </mem-info>
</gc-start>
<allocation-stats totalBytes="50271208" >
  <allocated-bytes non-tlh="0" tlh="50271208" arrayletleaf="0"/>
  <largest-consumer threadName="Thread-8" threadId="0000000002352700" bytes="7909728" />
</allocation-stats>
<gc-op id="1633" type="copy forward" timems="3.056" contextid="1630" timestamp="2019-09-21T21:27:52.438">
  <memory-copied type="eden" objects="5181" bytes="1985272" bytesdiscarded="197504" />
  <memory-copied type="other" objects="12" bytes="432" bytesdiscarded="0" />
  <memory-cardclean objects="1853" bytes="149696" />
  <regions eden="48" other="4" />
  <remembered-set-cleared processed="3644" cleared="797" durationms="0.196" />
  <references type="phantom" candidates="1" cleared="0" enqueued="0" />
  <stringconstants candidates="3963" cleared="0"  />
</gc-op>
<gc-op id="1634" type="classunload" timems="0.002" contextid="1630" timestamp="2019-09-21T21:27:52.438">
  <classunload-info classloadercandidates="20" classloadersunloaded="0" classesunloaded="0" anonymousclassesunloaded="0" quiescems="0.000" setupms="0.002" scanms="0.000" postms="0.000" />
</gc-op>
<gc-end id="1635" type="partial gc" contextid="1630" durationms="3.947" usertimems="4.000" systemtimems="4.000" timestamp="2019-09-21T21:27:52.438" activeThreads="8">
  <mem-info id="1636" free="55574528" total="177209344" percent="31">
    <mem type="eden" free="962816" total="3145728" percent="30" />
    <remembered-set count="10368" freebytes="7032192" totalbytes="7073664" percent="99" regionsoverflowed="0" regionsstable="1" regionsrebuilding="0"/>
  </mem-info>
</gc-end>
<cycle-end id="1637" type="partial gc" contextid="1630" timestamp="2019-09-21T21:27:52.438" />
  <attribute name="elasticGC enabled" value="1" />
  <attribute name= "numThreadsSpecified" value="8" />
  <attribute name="heapSize specified" value="0" />
  <attribute name="Current GC Util" value="85" />
  <attribute name= "Current Time Running" value="49452" />
  <attribute name ="GC Interval" value="0" />
  <attribute name="Target GC Util Change" value ="40.000000" />
  <attribute name="Current GC Util Change" value="85.000000"/>
  <attribute name="Current Error" value="1.000000" />
  <attribute name="Output H" value="177247184"/>
  <attribute name="Output I" value="2000"/>
  <attribute name="Output T" value="8"/>
  <attribute name= "Current Time Running" value="49452" />
  <attribute name="GC Util currently" value="85" />
  <attribute name="CPU Util currently" value="8389215503875" />
<exclusive-end id="1638" timestamp="2019-09-21T21:27:52.438" durationms="4.778" />

<exclusive-start id="1639" timestamp="2019-09-21T21:27:52.949" intervalms="515.503">
  <response-info timems="0.043" idlems="0.043" threads="0" lastid="0000000002343800" lastname="Thread-4" />
</exclusive-start>
<allocation-taxation id="1640" taxation-threshold="50331648" timestamp="2019-09-21T21:27:52.949" intervalms="515.454" />
<cycle-start id="1641" type="partial gc" contextid="0" timestamp="2019-09-21T21:27:52.949" intervalms="515.451" />
<gc-start id="1642" type="partial gc" contextid="1641" timestamp="2019-09-21T21:27:52.949">
  <mem-info id="1643" free="5242880" total="177209344" percent="2">
    <mem type="eden" free="0" total="50331648" percent="0" />
    <remembered-set count="10144" freebytes="7033088" totalbytes="7073664" percent="99" regionsoverflowed="0" regionsstable="1" regionsrebuilding="0"/>
  </mem-info>
</gc-start>
<allocation-stats totalBytes="50236496" >
  <allocated-bytes non-tlh="0" tlh="50236496" arrayletleaf="0"/>
  <largest-consumer threadName="Thread-6" threadId="000000000234AF00" bytes="7305080" />
</allocation-stats>
<gc-op id="1644" type="copy forward" timems="3.584" contextid="1641" timestamp="2019-09-21T21:27:52.954">
  <memory-copied type="eden" objects="4364" bytes="1831192" bytesdiscarded="239504" />
  <memory-copied type="other" objects="12" bytes="432" bytesdiscarded="0" />
  <memory-cardclean objects="1881" bytes="151792" />
  <regions eden="48" other="4" />
  <remembered-set-cleared processed="3643" cleared="805" durationms="0.216" />
  <references type="weak" candidates="1" cleared="0" enqueued="0" />
  <references type="phantom" candidates="3" cleared="0" enqueued="0" />
  <stringconstants candidates="3963" cleared="0"  />
</gc-op>
<gc-op id="1645" type="classunload" timems="0.002" contextid="1641" timestamp="2019-09-21T21:27:52.954">
  <classunload-info classloadercandidates="20" classloadersunloaded="0" classesunloaded="0" anonymousclassesunloaded="0" quiescems="0.000" setupms="0.002" scanms="0.000" postms="0.000" />
</gc-op>
<gc-end id="1646" type="partial gc" contextid="1641" durationms="4.713" usertimems="8.000" systemtimems="0.000" timestamp="2019-09-21T21:27:52.954" activeThreads="8">
  <mem-info id="1647" free="55574528" total="177209344" percent="31">
    <mem type="eden" free="1074888" total="3145728" percent="34" />
    <remembered-set count="10272" freebytes="7032576" totalbytes="7073664" percent="99" regionsoverflowed="0" regionsstable="1" regionsrebuilding="0"/>
  </mem-info>
</gc-end>
<cycle-end id="1648" type="partial gc" contextid="1641" timestamp="2019-09-21T21:27:52.954" />
  <attribute name="elasticGC enabled" value="1" />
  <attribute name= "numThreadsSpecified" value="8" />
  <attribute name="heapSize specified" value="0" />
  <attribute name="Current GC Util" value="78" />
  <attribute name= "Current Time Running" value="49968" />
  <attribute name ="GC Interval" value="0" />
  <attribute name="Target GC Util Change" value ="40.000000" />
  <attribute name="Current GC Util Change" value="78.000000"/>
  <attribute name="Current Error" value="1.000000" />
  <attribute name="Output H" value="177247184"/>
  <attribute name="Output I" value="2000"/>
  <attribute name="Output T" value="8"/>
  <attribute name= "Current Time Running" value="49968" />
  <attribute name="GC Util currently" value="78" />
  <attribute name="CPU Util currently" value="7185393260320" />
<exclusive-end id="1649" timestamp="2019-09-21T21:27:52.955" durationms="5.592" />

<exclusive-start id="1650" timestamp="2019-09-21T21:27:53.508" intervalms="558.880">
  <response-info timems="0.043" idlems="0.043" threads="0" lastid="0000000002343800" lastname="Thread-4" />
</exclusive-start>
<allocation-taxation id="1651" taxation-threshold="50331648" timestamp="2019-09-21T21:27:53.508" intervalms="558.904" />
<cycle-start id="1652" type="partial gc" contextid="0" timestamp="2019-09-21T21:27:53.508" intervalms="558.914" />
<gc-start id="1653" type="partial gc" contextid="1652" timestamp="2019-09-21T21:27:53.508">
  <mem-info id="1654" free="5242880" total="177209344" percent="2">
    <mem type="eden" free="0" total="50331648" percent="0" />
    <remembered-set count="10080" freebytes="7033344" totalbytes="7073664" percent="99" regionsoverflowed="0" regionsstable="1" regionsrebuilding="0"/>
  </mem-info>
</gc-start>
<allocation-stats totalBytes="50225592" >
  <allocated-bytes non-tlh="65560" tlh="50160032" arrayletleaf="0"/>
  <largest-consumer threadName="Thread-8" threadId="0000000002352700" bytes="8523784" />
</allocation-stats>
<gc-op id="1655" type="copy forward" timems="4.098" contextid="1652" timestamp="2019-09-21T21:27:53.513">
  <memory-copied type="eden" objects="5330" bytes="2083512" bytesdiscarded="260360" />
  <memory-copied type="other" objects="16" bytes="576" bytesdiscarded="0" />
  <memory-cardclean objects="1864" bytes="151104" />
  <regions eden="48" other="4" />
  <remembered-set-cleared processed="3532" cleared="689" durationms="0.165" />
  <stringconstants candidates="3963" cleared="0"  />
</gc-op>
<gc-op id="1656" type="classunload" timems="0.003" contextid="1652" timestamp="2019-09-21T21:27:53.513">
  <classunload-info classloadercandidates="20" classloadersunloaded="0" classesunloaded="0" anonymousclassesunloaded="0" quiescems="0.000" setupms="0.002" scanms="0.000" postms="0.000" />
</gc-op>
<gc-end id="1657" type="partial gc" contextid="1652" durationms="5.075" usertimems="12.000" systemtimems="0.000" timestamp="2019-09-21T21:27:53.513" activeThreads="8">
  <mem-info id="1658" free="54525952" total="177209344" percent="30">
    <mem type="eden" free="801728" total="3145728" percent="25" />
    <remembered-set count="9760" freebytes="7034624" totalbytes="7073664" percent="99" regionsoverflowed="0" regionsstable="1" regionsrebuilding="0"/>
  </mem-info>
</gc-end>
<cycle-end id="1659" type="partial gc" contextid="1652" timestamp="2019-09-21T21:27:53.514" />
  <attribute name="elasticGC enabled" value="1" />
  <attribute name= "numThreadsSpecified" value="8" />
  <attribute name="heapSize specified" value="0" />
  <attribute name="Current GC Util" value="80" />
  <attribute name= "Current Time Running" value="50527" />
  <attribute name ="GC Interval" value="0" />
  <attribute name="Target GC Util Change" value ="40.000000" />
  <attribute name="Current GC Util Change" value="80.000000"/>
  <attribute name="Current Error" value="0.000000" />
  <attribute name="Output H" value="177247184"/>
  <attribute name="Output I" value="2000"/>
  <attribute name="Output T" value="8"/>
  <attribute name= "Current Time Running" value="50527" />
  <attribute name="GC Util currently" value="80" />
  <attribute name="CPU Util currently" value="7848288965939" />
<exclusive-end id="1660" timestamp="2019-09-21T21:27:53.514" durationms="5.899" />

<exclusive-start id="1661" timestamp="2019-09-21T21:27:54.219" intervalms="710.987">
  <response-info timems="0.053" idlems="0.053" threads="0" lastid="000000000233FC00" lastname="Thread-3" />
</exclusive-start>
<allocation-taxation id="1662" taxation-threshold="50331648" timestamp="2019-09-21T21:27:54.219" intervalms="711.116" />
<cycle-start id="1663" type="partial gc" contextid="0" timestamp="2019-09-21T21:27:54.219" intervalms="711.153" />
<gc-start id="1664" type="partial gc" contextid="1663" timestamp="2019-09-21T21:27:54.220">
  <mem-info id="1665" free="4194304" total="177209344" percent="2">
    <mem type="eden" free="0" total="50331648" percent="0" />
    <remembered-set count="9696" freebytes="7034880" totalbytes="7073664" percent="99" regionsoverflowed="0" regionsstable="1" regionsrebuilding="0"/>
  </mem-info>
</gc-start>
<allocation-stats totalBytes="50261336" >
  <allocated-bytes non-tlh="16392" tlh="50244944" arrayletleaf="0"/>
  <largest-consumer threadName="Thread-8" threadId="0000000002352700" bytes="8022168" />
</allocation-stats>
<gc-op id="1666" type="copy forward" timems="3.912" contextid="1663" timestamp="2019-09-21T21:27:54.224">
  <memory-copied type="eden" objects="5337" bytes="2001064" bytesdiscarded="353944" />
  <memory-copied type="other" objects="20" bytes="720" bytesdiscarded="0" />
  <memory-cardclean objects="1847" bytes="149424" />
  <regions eden="48" other="4" />
  <remembered-set-cleared processed="3657" cleared="810" durationms="0.293" />
  <stringconstants candidates="3963" cleared="0"  />
  <heap-resize type="expand" space="default" amount="2097152" count="2" timems="0.166" reason="continue current collection" />
</gc-op>
<gc-op id="1667" type="classunload" timems="0.004" contextid="1663" timestamp="2019-09-21T21:27:54.225">
  <classunload-info classloadercandidates="20" classloadersunloaded="0" classesunloaded="0" anonymousclassesunloaded="0" quiescems="0.000" setupms="0.004" scanms="0.000" postms="0.000" />
</gc-op>
<heap-resize id="1668" type="expand" space="default" amount="1048576" count="1" timems="0.075" reason="insufficient free space following gc" timestamp="2019-09-21T21:27:54.225" />
<gc-end id="1669" type="partial gc" contextid="1663" durationms="5.578" usertimems="12.000" systemtimems="0.000" timestamp="2019-09-21T21:27:54.225" activeThreads="8">
  <mem-info id="1670" free="55574528" total="180355072" percent="30">
    <mem type="eden" free="1839168" total="4194304" percent="43" />
    <remembered-set count="10784" freebytes="7156096" totalbytes="7199232" percent="99" regionsoverflowed="0" regionsstable="1" regionsrebuilding="0"/>
  </mem-info>
</gc-end>
<cycle-end id="1671" type="partial gc" contextid="1663" timestamp="2019-09-21T21:27:54.225" />
  <attribute name="elasticGC enabled" value="1" />
  <attribute name= "numThreadsSpecified" value="8" />
  <attribute name="heapSize specified" value="0" />
  <attribute name="Current GC Util" value="76" />
  <attribute name= "Current Time Running" value="51238" />
  <attribute name ="GC Interval" value="0" />
  <attribute name="Target GC Util Change" value ="40.000000" />
  <attribute name="Current GC Util Change" value="76.000000"/>
  <attribute name="Current Error" value="3.000000" />
  <attribute name="Output H" value="177247192"/>
  <attribute name="Output I" value="2008"/>
  <attribute name="Output T" value="8"/>
  <attribute name= "Current Time Running" value="51238" />
  <attribute name="GC Util currently" value="76" />
  <attribute name="CPU Util currently" value="5044018940772" />
<exclusive-end id="1672" timestamp="2019-09-21T21:27:54.226" durationms="6.747" />

<exclusive-start id="1673" timestamp="2019-09-21T21:27:54.772" intervalms="553.220">
  <response-info timems="0.039" idlems="0.039" threads="0" lastid="0000000002356300" lastname="Thread-9" />
</exclusive-start>
<allocation-taxation id="1674" taxation-threshold="51380224" timestamp="2019-09-21T21:27:54.772" intervalms="553.147" />
<cycle-start id="1675" type="partial gc" contextid="0" timestamp="2019-09-21T21:27:54.772" intervalms="553.113" />
<gc-start id="1676" type="partial gc" contextid="1675" timestamp="2019-09-21T21:27:54.773">
  <mem-info id="1677" free="4194304" total="180355072" percent="2">
    <mem type="eden" free="0" total="51380224" percent="0" />
    <remembered-set count="10336" freebytes="7157888" totalbytes="7199232" percent="99" regionsoverflowed="0" regionsstable="1" regionsrebuilding="0"/>
  </mem-info>
</gc-start>
<allocation-stats totalBytes="51332424" >
  <allocated-bytes non-tlh="16392" tlh="51316032" arrayletleaf="0"/>
  <largest-consumer threadName="Thread-3" threadId="000000000233FC00" bytes="7448976" />
</allocation-stats>
<gc-op id="1678" type="copy forward" timems="2.649" contextid="1675" timestamp="2019-09-21T21:27:54.776">
  <memory-copied type="eden" objects="5033" bytes="1990856" bytesdiscarded="335592" />
  <memory-copied type="other" objects="20" bytes="720" bytesdiscarded="0" />
  <memory-cardclean objects="1890" bytes="152072" />
  <regions eden="49" other="5" />
  <remembered-set-cleared processed="3640" cleared="808" durationms="0.207" />
  <stringconstants candidates="3963" cleared="0"  />
  <heap-resize type="expand" space="default" amount="1048576" count="1" timems="0.067" reason="continue current collection" />
</gc-op>
<gc-op id="1679" type="classunload" timems="0.002" contextid="1675" timestamp="2019-09-21T21:27:54.776">
  <classunload-info classloadercandidates="20" classloadersunloaded="0" classesunloaded="0" anonymousclassesunloaded="0" quiescems="0.000" setupms="0.002" scanms="0.000" postms="0.000" />
</gc-op>
<gc-end id="1680" type="partial gc" contextid="1675" durationms="3.934" usertimems="8.000" systemtimems="0.000" timestamp="2019-09-21T21:27:54.777" activeThreads="8">
  <mem-info id="1681" free="56623104" total="181403648" percent="31">
    <mem type="eden" free="819152" total="3145728" percent="26" />
    <remembered-set count="10272" freebytes="7200000" totalbytes="7241088" percent="99" regionsoverflowed="0" regionsstable="1" regionsrebuilding="0"/>
  </mem-info>
</gc-end>
<cycle-end id="1682" type="partial gc" contextid="1675" timestamp="2019-09-21T21:27:54.777" />
  <attribute name="elasticGC enabled" value="1" />
  <attribute name= "numThreadsSpecified" value="8" />
  <attribute name="heapSize specified" value="0" />
  <attribute name="Current GC Util" value="69" />
  <attribute name= "Current Time Running" value="51791" />
  <attribute name ="GC Interval" value="0" />
  <attribute name="Target GC Util Change" value ="40.000000" />
  <attribute name="Current GC Util Change" value="69.000000"/>
  <attribute name="Current Error" value="10.000000" />
  <attribute name="Output H" value="180392920"/>
  <attribute name="Output I" value="2008"/>
  <attribute name="Output T" value="8"/>
  <attribute name= "Current Time Running" value="51791" />
  <attribute name="GC Util currently" value="69" />
  <attribute name="CPU Util currently" value="6550132075488" />
<exclusive-end id="1683" timestamp="2019-09-21T21:27:54.777" durationms="4.974" />

<exclusive-start id="1684" timestamp="2019-09-21T21:27:55.386" intervalms="613.434">
  <response-info timems="0.040" idlems="0.040" threads="0" lastid="000000000234EB00" lastname="Thread-7" />
</exclusive-start>
<allocation-taxation id="1685" taxation-threshold="51380224" timestamp="2019-09-21T21:27:55.386" intervalms="613.453" />
<cycle-start id="1686" type="partial gc" contextid="0" timestamp="2019-09-21T21:27:55.386" intervalms="613.439" />
<gc-start id="1687" type="partial gc" contextid="1686" timestamp="2019-09-21T21:27:55.386">
  <mem-info id="1688" free="5242880" total="181403648" percent="2">
    <mem type="eden" free="0" total="51380224" percent="0" />
    <remembered-set count="10144" freebytes="7200512" totalbytes="7241088" percent="99" regionsoverflowed="0" regionsstable="1" regionsrebuilding="0"/>
  </mem-info>
</gc-start>
<allocation-stats totalBytes="51329256" >
  <allocated-bytes non-tlh="0" tlh="51329256" arrayletleaf="0"/>
  <largest-consumer threadName="Thread-7" threadId="000000000234EB00" bytes="8909064" />
</allocation-stats>
<gc-op id="1689" type="copy forward" timems="2.121" contextid="1686" timestamp="2019-09-21T21:27:55.389">
  <memory-copied type="eden" objects="5506" bytes="2115200" bytesdiscarded="332928" />
  <memory-copied type="other" objects="8" bytes="288" bytesdiscarded="0" />
  <memory-cardclean objects="1913" bytes="153016" />
  <regions eden="49" other="4" />
  <remembered-set-cleared processed="3644" cleared="817" durationms="0.168" />
  <references type="weak" candidates="1" cleared="0" enqueued="0" />
  <references type="phantom" candidates="1" cleared="0" enqueued="0" />
  <stringconstants candidates="3963" cleared="0"  />
</gc-op>
<gc-op id="1690" type="classunload" timems="0.003" contextid="1686" timestamp="2019-09-21T21:27:55.389">
  <classunload-info classloadercandidates="20" classloadersunloaded="0" classesunloaded="0" anonymousclassesunloaded="0" quiescems="0.000" setupms="0.002" scanms="0.000" postms="0.000" />
</gc-op>
<gc-end id="1691" type="partial gc" contextid="1686" durationms="3.089" usertimems="4.000" systemtimems="0.000" timestamp="2019-09-21T21:27:55.389" activeThreads="8">
  <mem-info id="1692" free="56623104" total="181403648" percent="31">
    <mem type="eden" free="697472" total="3145728" percent="22" />
    <remembered-set count="10240" freebytes="7200128" totalbytes="7241088" percent="99" regionsoverflowed="0" regionsstable="1" regionsrebuilding="0"/>
  </mem-info>
</gc-end>
<cycle-end id="1693" type="partial gc" contextid="1686" timestamp="2019-09-21T21:27:55.389" />
  <attribute name="elasticGC enabled" value="1" />
  <attribute name= "numThreadsSpecified" value="8" />
  <attribute name="heapSize specified" value="0" />
  <attribute name="Current GC Util" value="86" />
  <attribute name= "Current Time Running" value="52404" />
  <attribute name ="GC Interval" value="0" />
  <attribute name="Target GC Util Change" value ="40.000000" />
  <attribute name="Current GC Util Change" value="86.000000"/>
  <attribute name="Current Error" value="3.000000" />
  <attribute name="Output H" value="181441496"/>
  <attribute name="Output I" value="2008"/>
  <attribute name="Output T" value="8"/>
  <attribute name= "Current Time Running" value="52404" />
  <attribute name="GC Util currently" value="86" />
  <attribute name="CPU Util currently" value="8943650368853" />
<exclusive-end id="1694" timestamp="2019-09-21T21:27:55.389" durationms="3.941" />

<exclusive-start id="1695" timestamp="2019-09-21T21:27:55.930" intervalms="544.876">
  <response-info timems="0.085" idlems="0.085" threads="0" lastid="0000000002359F00" lastname="Thread-10" />
</exclusive-start>
<allocation-taxation id="1696" taxation-threshold="51380224" timestamp="2019-09-21T21:27:55.931" intervalms="544.875" />
<cycle-start id="1697" type="partial gc" contextid="0" timestamp="2019-09-21T21:27:55.931" intervalms="544.923" />
<gc-start id="1698" type="partial gc" contextid="1697" timestamp="2019-09-21T21:27:55.931">
  <mem-info id="1699" free="5242880" total="181403648" percent="2">
    <mem type="eden" free="0" total="51380224" percent="0" />
    <remembered-set count="10112" freebytes="7200640" totalbytes="7241088" percent="99" regionsoverflowed="0" regionsstable="1" regionsrebuilding="0"/>
  </mem-info>
</gc-start>
<allocation-stats totalBytes="51233776" >
  <allocated-bytes non-tlh="32784" tlh="51200992" arrayletleaf="0"/>
  <largest-consumer threadName="Thread-5" threadId="0000000002347300" bytes="7237248" />
</allocation-stats>
<gc-op id="1700" type="copy forward" timems="1.990" contextid="1697" timestamp="2019-09-21T21:27:55.934">
  <memory-copied type="eden" objects="4510" bytes="1901664" bytesdiscarded="269024" />
  <memory-copied type="other" objects="16" bytes="576" bytesdiscarded="0" />
  <memory-cardclean objects="1879" bytes="150792" />
  <regions eden="49" other="4" />
  <remembered-set-cleared processed="3653" cleared="814" durationms="0.166" />
  <references type="phantom" candidates="1" cleared="0" enqueued="0" />
  <stringconstants candidates="3963" cleared="0"  />
</gc-op>
<gc-op id="1701" type="classunload" timems="0.003" contextid="1697" timestamp="2019-09-21T21:27:55.934">
  <classunload-info classloadercandidates="20" classloadersunloaded="0" classesunloaded="0" anonymousclassesunloaded="0" quiescems="0.000" setupms="0.003" scanms="0.000" postms="0.000" />
</gc-op>
<heap-resize id="1702" type="expand" space="default" amount="2097152" count="1" timems="0.075" reason="insufficient free space following gc" timestamp="2019-09-21T21:27:55.934" />
<gc-end id="1703" type="partial gc" contextid="1697" durationms="3.224" usertimems="0.000" systemtimems="4.000" timestamp="2019-09-21T21:27:55.934" activeThreads="8">
  <mem-info id="1704" free="57671680" total="183500800" percent="31">
    <mem type="eden" free="2023480" total="4194304" percent="48" />
    <remembered-set count="10272" freebytes="7283712" totalbytes="7324800" percent="99" regionsoverflowed="0" regionsstable="1" regionsrebuilding="0"/>
  </mem-info>
</gc-end>
<cycle-end id="1705" type="partial gc" contextid="1697" timestamp="2019-09-21T21:27:55.934" />
  <attribute name="elasticGC enabled" value="1" />
  <attribute name= "numThreadsSpecified" value="8" />
  <attribute name="heapSize specified" value="0" />
  <attribute name="Current GC Util" value="85" />
  <attribute name= "Current Time Running" value="52949" />
  <attribute name ="GC Interval" value="0" />
  <attribute name="Target GC Util Change" value ="40.000000" />
  <attribute name="Current GC Util Change" value="85.000000"/>
  <attribute name="Current Error" value="-3.000000" />
  <attribute name="Output H" value="181441488"/>
  <attribute name="Output I" value="2000"/>
  <attribute name="Output T" value="8"/>
  <attribute name= "Current Time Running" value="52949" />
  <attribute name="GC Util currently" value="85" />
  <attribute name="CPU Util currently" value="8679677009621" />
<exclusive-end id="1706" timestamp="2019-09-21T21:27:55.935" durationms="4.196" />

<exclusive-start id="1707" timestamp="2019-09-21T21:27:56.501" intervalms="570.628">
  <response-info timems="0.037" idlems="0.037" threads="0" lastid="0000000002356300" lastname="Thread-9" />
</exclusive-start>
<allocation-taxation id="1708" taxation-threshold="52428800" timestamp="2019-09-21T21:27:56.501" intervalms="570.672" />
<cycle-start id="1709" type="partial gc" contextid="0" timestamp="2019-09-21T21:27:56.501" intervalms="570.649" />
<gc-start id="1710" type="partial gc" contextid="1709" timestamp="2019-09-21T21:27:56.502">
  <mem-info id="1711" free="5242880" total="183500800" percent="2">
    <mem type="eden" free="0" total="52428800" percent="0" />
    <remembered-set count="10048" freebytes="7284608" totalbytes="7324800" percent="99" regionsoverflowed="0" regionsstable="1" regionsrebuilding="0"/>
  </mem-info>
</gc-start>
<allocation-stats totalBytes="52374304" >
  <allocated-bytes non-tlh="32784" tlh="52341520" arrayletleaf="0"/>
  <largest-consumer threadName="Thread-4" threadId="0000000002343800" bytes="8258928" />
</allocation-stats>
<gc-op id="1712" type="copy forward" timems="2.182" contextid="1709" timestamp="2019-09-21T21:27:56.504">
  <memory-copied type="eden" objects="4240" bytes="1690800" bytesdiscarded="274952" />
  <memory-copied type="other" objects="13" bytes="544" bytesdiscarded="0" />
  <memory-cardclean objects="1878" bytes="151760" />
  <regions eden="50" other="5" />
  <remembered-set-cleared processed="3590" cleared="745" durationms="0.201" />
  <stringconstants candidates="3963" cleared="0"  />
</gc-op>
<gc-op id="1713" type="classunload" timems="0.003" contextid="1709" timestamp="2019-09-21T21:27:56.504">
  <classunload-info classloadercandidates="20" classloadersunloaded="0" classesunloaded="0" anonymousclassesunloaded="0" quiescems="0.000" setupms="0.002" scanms="0.000" postms="0.000" />
</gc-op>
<gc-end id="1714" type="partial gc" contextid="1709" durationms="3.048" usertimems="4.000" systemtimems="4.000" timestamp="2019-09-21T21:27:56.505" activeThreads="8">
  <mem-info id="1715" free="58720256" total="183500800" percent="32">
    <mem type="eden" free="131280" total="2097152" percent="6" />
    <remembered-set count="9760" freebytes="7285760" totalbytes="7324800" percent="99" regionsoverflowed="0" regionsstable="1" regionsrebuilding="0"/>
  </mem-info>
</gc-end>
<cycle-end id="1716" type="partial gc" contextid="1709" timestamp="2019-09-21T21:27:56.505" />
  <attribute name="elasticGC enabled" value="1" />
  <attribute name= "numThreadsSpecified" value="8" />
  <attribute name="heapSize specified" value="0" />
  <attribute name="Current GC Util" value="74" />
  <attribute name= "Current Time Running" value="53520" />
  <attribute name ="GC Interval" value="0" />
  <attribute name="Target GC Util Change" value ="40.000000" />
  <attribute name="Current GC Util Change" value="74.000000"/>
  <attribute name="Current Error" value="6.000000" />
  <attribute name="Output H" value="183538648"/>
  <attribute name="Output I" value="2008"/>
  <attribute name="Output T" value="8"/>
  <attribute name= "Current Time Running" value="53520" />
  <attribute name="GC Util currently" value="74" />
  <attribute name="CPU Util currently" value="8115650596509" />
<exclusive-end id="1717" timestamp="2019-09-21T21:27:56.505" durationms="3.840" />

<exclusive-start id="1718" timestamp="2019-09-21T21:27:57.073" intervalms="572.299">
  <response-info timems="0.049" idlems="0.049" threads="0" lastid="0000000002356300" lastname="Thread-9" />
</exclusive-start>
<allocation-taxation id="1719" taxation-threshold="52428800" timestamp="2019-09-21T21:27:57.073" intervalms="572.198" />
<cycle-start id="1720" type="partial gc" contextid="0" timestamp="2019-09-21T21:27:57.074" intervalms="572.188" />
<gc-start id="1721" type="partial gc" contextid="1720" timestamp="2019-09-21T21:27:57.074">
  <mem-info id="1722" free="6291456" total="183500800" percent="3">
    <mem type="eden" free="0" total="52428800" percent="0" />
    <remembered-set count="9568" freebytes="7286528" totalbytes="7324800" percent="99" regionsoverflowed="0" regionsstable="1" regionsrebuilding="0"/>
  </mem-info>
</gc-start>
<allocation-stats totalBytes="52373088" >
  <allocated-bytes non-tlh="131120" tlh="52241968" arrayletleaf="0"/>
  <largest-consumer threadName="Thread-5" threadId="0000000002347300" bytes="7821696" />
</allocation-stats>
<gc-op id="1723" type="copy forward" timems="2.473" contextid="1720" timestamp="2019-09-21T21:27:57.077">
  <memory-copied type="eden" objects="4912" bytes="1970360" bytesdiscarded="259776" />
  <memory-copied type="other" objects="5" bytes="256" bytesdiscarded="0" />
  <memory-cardclean objects="1890" bytes="152312" />
  <regions eden="50" other="3" />
  <remembered-set-cleared processed="3540" cleared="703" durationms="0.199" />
  <stringconstants candidates="3963" cleared="0"  />
</gc-op>
<gc-op id="1724" type="classunload" timems="0.003" contextid="1720" timestamp="2019-09-21T21:27:57.077">
  <classunload-info classloadercandidates="20" classloadersunloaded="0" classesunloaded="0" anonymousclassesunloaded="0" quiescems="0.000" setupms="0.002" scanms="0.000" postms="0.000" />
</gc-op>
<gc-end id="1725" type="partial gc" contextid="1720" durationms="3.481" usertimems="4.000" systemtimems="0.000" timestamp="2019-09-21T21:27:57.077" activeThreads="8">
  <mem-info id="1726" free="57671680" total="183500800" percent="31">
    <mem type="eden" free="915464" total="3145728" percent="29" />
    <remembered-set count="9760" freebytes="7285760" totalbytes="7324800" percent="99" regionsoverflowed="0" regionsstable="1" regionsrebuilding="0"/>
  </mem-info>
</gc-end>
<cycle-end id="1727" type="partial gc" contextid="1720" timestamp="2019-09-21T21:27:57.077" />
  <attribute name="elasticGC enabled" value="1" />
  <attribute name= "numThreadsSpecified" value="8" />
  <attribute name="heapSize specified" value="0" />
  <attribute name="Current GC Util" value="77" />
  <attribute name= "Current Time Running" value="54092" />
  <attribute name ="GC Interval" value="0" />
  <attribute name="Target GC Util Change" value ="40.000000" />
  <attribute name="Current GC Util Change" value="77.000000"/>
  <attribute name="Current Error" value="8.000000" />
  <attribute name="Output H" value="183538648"/>
  <attribute name="Output I" value="2008"/>
  <attribute name="Output T" value="8"/>
  <attribute name= "Current Time Running" value="54092" />
  <attribute name="GC Util currently" value="77" />
  <attribute name="CPU Util currently" value="7852725804164" />
<exclusive-end id="1728" timestamp="2019-09-21T21:27:57.078" durationms="4.186" />

<exclusive-start id="1729" timestamp="2019-09-21T21:27:57.648" intervalms="574.692">
  <response-info timems="0.051" idlems="0.051" threads="0" lastid="0000000002343800" lastname="Thread-4" />
</exclusive-start>
<allocation-taxation id="1730" taxation-threshold="52428800" timestamp="2019-09-21T21:27:57.648" intervalms="574.711" />
<cycle-start id="1731" type="partial gc" contextid="0" timestamp="2019-09-21T21:27:57.648" intervalms="574.696" />
<gc-start id="1732" type="partial gc" contextid="1731" timestamp="2019-09-21T21:27:57.648">
  <mem-info id="1733" free="5242880" total="183500800" percent="2">
    <mem type="eden" free="0" total="52428800" percent="0" />
    <remembered-set count="9728" freebytes="7285888" totalbytes="7324800" percent="99" regionsoverflowed="0" regionsstable="1" regionsrebuilding="0"/>
  </mem-info>
</gc-start>
<allocation-stats totalBytes="52320616" >
  <allocated-bytes non-tlh="0" tlh="52320616" arrayletleaf="0"/>
  <largest-consumer threadName="Thread-5" threadId="0000000002347300" bytes="7666744" />
</allocation-stats>
<gc-op id="1734" type="copy forward" timems="2.513" contextid="1731" timestamp="2019-09-21T21:27:57.652">
  <memory-copied type="eden" objects="5210" bytes="2073880" bytesdiscarded="255728" />
  <memory-copied type="other" objects="9" bytes="400" bytesdiscarded="0" />
  <memory-cardclean objects="1861" bytes="151192" />
  <regions eden="50" other="4" />
  <remembered-set-cleared processed="3607" cleared="772" durationms="0.170" />
  <references type="weak" candidates="1" cleared="0" enqueued="0" />
  <references type="phantom" candidates="1" cleared="0" enqueued="0" />
  <stringconstants candidates="3963" cleared="0"  />
</gc-op>
<gc-op id="1735" type="classunload" timems="0.003" contextid="1731" timestamp="2019-09-21T21:27:57.652">
  <classunload-info classloadercandidates="20" classloadersunloaded="0" classesunloaded="0" anonymousclassesunloaded="0" quiescems="0.000" setupms="0.002" scanms="0.000" postms="0.000" />
</gc-op>
<heap-resize id="1736" type="expand" space="default" amount="1048576" count="1" timems="0.057" reason="insufficient free space following gc" timestamp="2019-09-21T21:27:57.652" />
<gc-end id="1737" type="partial gc" contextid="1731" durationms="3.634" usertimems="8.000" systemtimems="0.000" timestamp="2019-09-21T21:27:57.652" activeThreads="8">
  <mem-info id="1738" free="57671680" total="184549376" percent="31">
    <mem type="eden" free="815992" total="3145728" percent="25" />
    <remembered-set count="10304" freebytes="7325440" totalbytes="7366656" percent="99" regionsoverflowed="0" regionsstable="1" regionsrebuilding="0"/>
  </mem-info>
</gc-end>
<cycle-end id="1739" type="partial gc" contextid="1731" timestamp="2019-09-21T21:27:57.652" />
  <attribute name="elasticGC enabled" value="1" />
  <attribute name= "numThreadsSpecified" value="8" />
  <attribute name="heapSize specified" value="0" />
  <attribute name="Current GC Util" value="76" />
  <attribute name= "Current Time Running" value="54667" />
  <attribute name ="GC Interval" value="0" />
  <attribute name="Target GC Util Change" value ="40.000000" />
  <attribute name="Current GC Util Change" value="76.000000"/>
  <attribute name="Current Error" value="11.000000" />
  <attribute name="Output H" value="183538648"/>
  <attribute name="Output I" value="2008"/>
  <attribute name="Output T" value="8"/>
  <attribute name= "Current Time Running" value="54667" />
  <attribute name="GC Util currently" value="76" />
  <attribute name="CPU Util currently" value="7712313765214" />
<exclusive-end id="1740" timestamp="2019-09-21T21:27:57.652" durationms="4.384" />

<exclusive-start id="1741" timestamp="2019-09-21T21:27:58.221" intervalms="573.257">
  <response-info timems="0.054" idlems="0.054" threads="0" lastid="0000000002347300" lastname="Thread-5" />
</exclusive-start>
<allocation-taxation id="1742" taxation-threshold="52428800" timestamp="2019-09-21T21:27:58.221" intervalms="573.236" />
<cycle-start id="1743" type="partial gc" contextid="0" timestamp="2019-09-21T21:27:58.222" intervalms="573.240" />
<gc-start id="1744" type="partial gc" contextid="1743" timestamp="2019-09-21T21:27:58.222">
  <mem-info id="1745" free="5242880" total="184549376" percent="2">
    <mem type="eden" free="0" total="52428800" percent="0" />
    <remembered-set count="10048" freebytes="7326464" totalbytes="7366656" percent="99" regionsoverflowed="0" regionsstable="1" regionsrebuilding="0"/>
  </mem-info>
</gc-start>
<allocation-stats totalBytes="52347224" >
  <allocated-bytes non-tlh="0" tlh="52347224" arrayletleaf="0"/>
  <largest-consumer threadName="Thread-9" threadId="0000000002356300" bytes="7177928" />
</allocation-stats>
<gc-op id="1746" type="copy forward" timems="2.290" contextid="1743" timestamp="2019-09-21T21:27:58.225">
  <memory-copied type="eden" objects="4802" bytes="1920584" bytesdiscarded="253152" />
  <memory-copied type="other" objects="8" bytes="288" bytesdiscarded="0" />
  <memory-cardclean objects="1874" bytes="151512" />
  <regions eden="50" other="4" />
  <remembered-set-cleared processed="3649" cleared="806" durationms="0.172" />
  <references type="phantom" candidates="1" cleared="0" enqueued="0" />
  <stringconstants candidates="3963" cleared="0"  />
</gc-op>
<gc-op id="1747" type="classunload" timems="0.003" contextid="1743" timestamp="2019-09-21T21:27:58.225">
  <classunload-info classloadercandidates="20" classloadersunloaded="0" classesunloaded="0" anonymousclassesunloaded="0" quiescems="0.000" setupms="0.002" scanms="0.000" postms="0.000" />
</gc-op>
<heap-resize id="1748" type="expand" space="default" amount="2097152" count="1" timems="0.063" reason="insufficient free space following gc" timestamp="2019-09-21T21:27:58.225" />
<gc-end id="1749" type="partial gc" contextid="1743" durationms="3.572" usertimems="0.000" systemtimems="8.000" timestamp="2019-09-21T21:27:58.225" activeThreads="8">
  <mem-info id="1750" free="58720256" total="186646528" percent="31">
    <mem type="eden" free="971856" total="3145728" percent="30" />
    <remembered-set count="10752" freebytes="7407360" totalbytes="7450368" percent="99" regionsoverflowed="0" regionsstable="1" regionsrebuilding="0"/>
  </mem-info>
</gc-end>
<cycle-end id="1751" type="partial gc" contextid="1743" timestamp="2019-09-21T21:27:58.226" />
  <attribute name="elasticGC enabled" value="1" />
  <attribute name= "numThreadsSpecified" value="8" />
  <attribute name="heapSize specified" value="0" />
  <attribute name="Current GC Util" value="74" />
  <attribute name= "Current Time Running" value="55240" />
  <attribute name ="GC Interval" value="0" />
  <attribute name="Target GC Util Change" value ="40.000000" />
  <attribute name="Current GC Util Change" value="74.000000"/>
  <attribute name="Current Error" value="5.000000" />
  <attribute name="Output H" value="184587224"/>
  <attribute name="Output I" value="2008"/>
  <attribute name="Output T" value="8"/>
  <attribute name= "Current Time Running" value="55240" />
  <attribute name="GC Util currently" value="74" />
  <attribute name="CPU Util currently" value="7779418541905" />
<exclusive-end id="1752" timestamp="2019-09-21T21:27:58.226" durationms="4.467" />

<exclusive-start id="1753" timestamp="2019-09-21T21:27:58.779" intervalms="557.797">
  <response-info timems="0.045" idlems="0.045" threads="0" lastid="0000000002359F00" lastname="Thread-10" />
</exclusive-start>
<allocation-taxation id="1754" taxation-threshold="52428800" timestamp="2019-09-21T21:27:58.779" intervalms="557.803" />
<cycle-start id="1755" type="partial gc" contextid="0" timestamp="2019-09-21T21:27:58.779" intervalms="557.808" />
<gc-start id="1756" type="partial gc" contextid="1755" timestamp="2019-09-21T21:27:58.780">
  <mem-info id="1757" free="6291456" total="186646528" percent="3">
    <mem type="eden" free="0" total="52428800" percent="0" />
    <remembered-set count="10560" freebytes="7408128" totalbytes="7450368" percent="99" regionsoverflowed="0" regionsstable="1" regionsrebuilding="0"/>
  </mem-info>
</gc-start>
<allocation-stats totalBytes="52382896" >
  <allocated-bytes non-tlh="49168" tlh="52333728" arrayletleaf="0"/>
  <largest-consumer threadName="Thread-7" threadId="000000000234EB00" bytes="8765080" />
</allocation-stats>
<gc-op id="1758" type="copy forward" timems="2.427" contextid="1755" timestamp="2019-09-21T21:27:58.783">
  <memory-copied type="eden" objects="5330" bytes="2082808" bytesdiscarded="274384" />
  <memory-copied type="other" objects="12" bytes="432" bytesdiscarded="0" />
  <memory-cardclean objects="1862" bytes="150528" />
  <regions eden="50" other="4" />
  <remembered-set-cleared processed="3598" cleared="751" durationms="0.175" />
  <stringconstants candidates="3963" cleared="0"  />
</gc-op>
<gc-op id="1759" type="classunload" timems="0.002" contextid="1755" timestamp="2019-09-21T21:27:58.783">
  <classunload-info classloadercandidates="20" classloadersunloaded="0" classesunloaded="0" anonymousclassesunloaded="0" quiescems="0.000" setupms="0.002" scanms="0.000" postms="0.000" />
</gc-op>
<gc-end id="1760" type="partial gc" contextid="1755" durationms="3.452" usertimems="0.000" systemtimems="8.000" timestamp="2019-09-21T21:27:58.783" activeThreads="8">
  <mem-info id="1761" free="57671680" total="186646528" percent="30">
    <mem type="eden" free="788408" total="3145728" percent="25" />
    <remembered-set count="10272" freebytes="7409280" totalbytes="7450368" percent="99" regionsoverflowed="0" regionsstable="1" regionsrebuilding="0"/>
  </mem-info>
</gc-end>
<cycle-end id="1762" type="partial gc" contextid="1755" timestamp="2019-09-21T21:27:58.783" />
  <attribute name="elasticGC enabled" value="1" />
  <attribute name= "numThreadsSpecified" value="8" />
  <attribute name="heapSize specified" value="0" />
  <attribute name="Current GC Util" value="79" />
  <attribute name= "Current Time Running" value="55798" />
  <attribute name ="GC Interval" value="0" />
  <attribute name="Target GC Util Change" value ="40.000000" />
  <attribute name="Current GC Util Change" value="79.000000"/>
  <attribute name="Current Error" value="5.000000" />
  <attribute name="Output H" value="186684376"/>
  <attribute name="Output I" value="2008"/>
  <attribute name="Output T" value="8"/>
  <attribute name= "Current Time Running" value="55798" />
  <attribute name="GC Util currently" value="79" />
  <attribute name="CPU Util currently" value="8082906237523" />
<exclusive-end id="1763" timestamp="2019-09-21T21:27:58.783" durationms="4.330" />

<exclusive-start id="1764" timestamp="2019-09-21T21:27:59.661" intervalms="882.256">
  <response-info timems="0.057" idlems="0.057" threads="0" lastid="0000000002359F00" lastname="Thread-10" />
</exclusive-start>
<allocation-taxation id="1765" taxation-threshold="52428800" timestamp="2019-09-21T21:27:59.662" intervalms="882.284" />
<cycle-start id="1766" type="partial gc" contextid="0" timestamp="2019-09-21T21:27:59.662" intervalms="882.283" />
<gc-start id="1767" type="partial gc" contextid="1766" timestamp="2019-09-21T21:27:59.662">
  <mem-info id="1768" free="5242880" total="186646528" percent="2">
    <mem type="eden" free="0" total="52428800" percent="0" />
    <remembered-set count="10112" freebytes="7409920" totalbytes="7450368" percent="99" regionsoverflowed="0" regionsstable="1" regionsrebuilding="0"/>
  </mem-info>
</gc-start>
<allocation-stats totalBytes="52299512" >
  <allocated-bytes non-tlh="57368" tlh="52242144" arrayletleaf="0"/>
  <largest-consumer threadName="Thread-5" threadId="0000000002347300" bytes="8627120" />
</allocation-stats>
<gc-op id="1769" type="copy forward" timems="2.309" contextid="1766" timestamp="2019-09-21T21:27:59.665">
  <memory-copied type="eden" objects="5183" bytes="2015280" bytesdiscarded="333808" />
  <memory-copied type="other" objects="8" bytes="288" bytesdiscarded="0" />
  <memory-cardclean objects="1853" bytes="149392" />
  <regions eden="50" other="4" />
  <remembered-set-cleared processed="3649" cleared="805" durationms="0.202" />
  <references type="weak" candidates="1" cleared="0" enqueued="0" />
  <references type="phantom" candidates="1" cleared="0" enqueued="0" />
  <stringconstants candidates="3963" cleared="0"  />
</gc-op>
<gc-op id="1770" type="classunload" timems="0.003" contextid="1766" timestamp="2019-09-21T21:27:59.665">
  <classunload-info classloadercandidates="20" classloadersunloaded="0" classesunloaded="0" anonymousclassesunloaded="0" quiescems="0.000" setupms="0.003" scanms="0.000" postms="0.000" />
</gc-op>
<heap-resize id="1771" type="expand" space="default" amount="1048576" count="1" timems="0.060" reason="insufficient free space following gc" timestamp="2019-09-21T21:27:59.665" />
<gc-end id="1772" type="partial gc" contextid="1766" durationms="3.455" usertimems="4.000" systemtimems="0.000" timestamp="2019-09-21T21:27:59.665" activeThreads="8">
  <mem-info id="1773" free="58720256" total="187695104" percent="31">
    <mem type="eden" free="796504" total="3145728" percent="25" />
    <remembered-set count="10784" freebytes="7449088" totalbytes="7492224" percent="99" regionsoverflowed="0" regionsstable="1" regionsrebuilding="0"/>
  </mem-info>
</gc-end>
<cycle-end id="1774" type="partial gc" contextid="1766" timestamp="2019-09-21T21:27:59.665" />
  <attribute name="elasticGC enabled" value="1" />
  <attribute name= "numThreadsSpecified" value="8" />
  <attribute name="heapSize specified" value="0" />
  <attribute name="Current GC Util" value="85" />
  <attribute name= "Current Time Running" value="56680" />
  <attribute name ="GC Interval" value="0" />
  <attribute name="Target GC Util Change" value ="40.000000" />
  <attribute name="Current GC Util Change" value="85.000000"/>
  <attribute name="Current Error" value="0.000000" />
  <attribute name="Output H" value="186684368"/>
  <attribute name="Output I" value="2000"/>
  <attribute name="Output T" value="8"/>
  <attribute name= "Current Time Running" value="56680" />
  <attribute name="GC Util currently" value="85" />
  <attribute name="CPU Util currently" value="8584672352671" />
<exclusive-end id="1775" timestamp="2019-09-21T21:27:59.666" durationms="4.334" />

<exclusive-start id="1776" timestamp="2019-09-21T21:28:00.275" intervalms="613.865">
  <response-info timems="0.056" idlems="0.056" threads="0" lastid="0000000002356300" lastname="Thread-9" />
</exclusive-start>
<allocation-taxation id="1777" taxation-threshold="53477376" timestamp="2019-09-21T21:28:00.275" intervalms="613.785" />
<cycle-start id="1778" type="partial gc" contextid="0" timestamp="2019-09-21T21:28:00.275" intervalms="613.789" />
<gc-start id="1779" type="partial gc" contextid="1778" timestamp="2019-09-21T21:28:00.276">
  <mem-info id="1780" free="5242880" total="187695104" percent="2">
    <mem type="eden" free="0" total="53477376" percent="0" />
    <remembered-set count="10304" freebytes="7451008" totalbytes="7492224" percent="99" regionsoverflowed="0" regionsstable="1" regionsrebuilding="0"/>
  </mem-info>
</gc-start>
<allocation-stats totalBytes="53392152" >
  <allocated-bytes non-tlh="32776" tlh="53359376" arrayletleaf="0"/>
  <largest-consumer threadName="Thread-10" threadId="0000000002359F00" bytes="7566920" />
</allocation-stats>
<gc-op id="1781" type="copy forward" timems="2.275" contextid="1778" timestamp="2019-09-21T21:28:00.279">
  <memory-copied type="eden" objects="5088" bytes="1980432" bytesdiscarded="271648" />
  <memory-copied type="other" objects="8" bytes="288" bytesdiscarded="0" />
  <memory-cardclean objects="1851" bytes="150216" />
  <regions eden="51" other="4" />
  <remembered-set-cleared processed="3622" cleared="773" durationms="0.169" />
  <references type="phantom" candidates="1" cleared="0" enqueued="0" />
  <stringconstants candidates="3963" cleared="0"  />
</gc-op>
<gc-op id="1782" type="classunload" timems="0.002" contextid="1778" timestamp="2019-09-21T21:28:00.279">
  <classunload-info classloadercandidates="20" classloadersunloaded="0" classesunloaded="0" anonymousclassesunloaded="0" quiescems="0.000" setupms="0.002" scanms="0.000" postms="0.000" />
</gc-op>
<gc-end id="1783" type="partial gc" contextid="1778" durationms="3.304" usertimems="4.000" systemtimems="0.000" timestamp="2019-09-21T21:28:00.279" activeThreads="8">
  <mem-info id="1784" free="58720256" total="187695104" percent="31">
    <mem type="eden" free="893512" total="3145728" percent="28" />
    <remembered-set count="10304" freebytes="7451008" totalbytes="7492224" percent="99" regionsoverflowed="0" regionsstable="1" regionsrebuilding="0"/>
  </mem-info>
</gc-end>
<cycle-end id="1785" type="partial gc" contextid="1778" timestamp="2019-09-21T21:28:00.279" />
  <attribute name="elasticGC enabled" value="1" />
  <attribute name= "numThreadsSpecified" value="8" />
  <attribute name="heapSize specified" value="0" />
  <attribute name="Current GC Util" value="77" />
  <attribute name= "Current Time Running" value="57294" />
  <attribute name ="GC Interval" value="0" />
  <attribute name="Target GC Util Change" value ="40.000000" />
  <attribute name="Current GC Util Change" value="77.000000"/>
  <attribute name="Current Error" value="3.000000" />
  <attribute name="Output H" value="187732952"/>
  <attribute name="Output I" value="2008"/>
  <attribute name="Output T" value="8"/>
  <attribute name= "Current Time Running" value="57294" />
  <attribute name="GC Util currently" value="77" />
  <attribute name="CPU Util currently" value="7708549496699" />
<exclusive-end id="1786" timestamp="2019-09-21T21:28:00.279" durationms="4.097" />

<exclusive-start id="1787" timestamp="2019-09-21T21:28:00.855" intervalms="579.347">
  <response-info timems="0.041" idlems="0.041" threads="0" lastid="000000000234AF00" lastname="Thread-6" />
</exclusive-start>
<allocation-taxation id="1788" taxation-threshold="53477376" timestamp="2019-09-21T21:28:00.855" intervalms="579.488" />
<cycle-start id="1789" type="partial gc" contextid="0" timestamp="2019-09-21T21:28:00.855" intervalms="579.484" />
<gc-start id="1790" type="partial gc" contextid="1789" timestamp="2019-09-21T21:28:00.855">
  <mem-info id="1791" free="5242880" total="187695104" percent="2">
    <mem type="eden" free="0" total="53477376" percent="0" />
    <remembered-set count="10240" freebytes="7451264" totalbytes="7492224" percent="99" regionsoverflowed="0" regionsstable="1" regionsrebuilding="0"/>
  </mem-info>
</gc-start>
<allocation-stats totalBytes="53405040" >
  <allocated-bytes non-tlh="32784" tlh="53372256" arrayletleaf="0"/>
  <largest-consumer threadName="Thread-8" threadId="0000000002352700" bytes="7928376" />
</allocation-stats>
<gc-op id="1792" type="copy forward" timems="2.437" contextid="1789" timestamp="2019-09-21T21:28:00.858">
  <memory-copied type="eden" objects="4724" bytes="1871480" bytesdiscarded="217240" />
  <memory-copied type="other" objects="20" bytes="720" bytesdiscarded="0" />
  <memory-cardclean objects="1849" bytes="150264" />
  <regions eden="51" other="4" />
  <remembered-set-cleared processed="3631" cleared="779" durationms="0.206" />
  <stringconstants candidates="3963" cleared="0"  />
</gc-op>
<gc-op id="1793" type="classunload" timems="0.002" contextid="1789" timestamp="2019-09-21T21:28:00.858">
  <classunload-info classloadercandidates="20" classloadersunloaded="0" classesunloaded="0" anonymousclassesunloaded="0" quiescems="0.000" setupms="0.001" scanms="0.000" postms="0.000" />
</gc-op>
<gc-end id="1794" type="partial gc" contextid="1789" durationms="3.498" usertimems="0.000" systemtimems="8.000" timestamp="2019-09-21T21:28:00.859" activeThreads="8">
  <mem-info id="1795" free="58720256" total="187695104" percent="31">
    <mem type="eden" free="8312" total="2097152" percent="0" />
    <remembered-set count="9824" freebytes="7452928" totalbytes="7492224" percent="99" regionsoverflowed="0" regionsstable="1" regionsrebuilding="0"/>
  </mem-info>
</gc-end>
<cycle-end id="1796" type="partial gc" contextid="1789" timestamp="2019-09-21T21:28:00.859" />
  <attribute name="elasticGC enabled" value="1" />
  <attribute name= "numThreadsSpecified" value="8" />
  <attribute name="heapSize specified" value="0" />
  <attribute name="Current GC Util" value="84" />
  <attribute name= "Current Time Running" value="57873" />
  <attribute name ="GC Interval" value="0" />
  <attribute name="Target GC Util Change" value ="40.000000" />
  <attribute name="Current GC Util Change" value="84.000000"/>
  <attribute name="Current Error" value="-1.000000" />
  <attribute name="Output H" value="187732944"/>
  <attribute name="Output I" value="2000"/>
  <attribute name="Output T" value="8"/>
  <attribute name= "Current Time Running" value="57873" />
  <attribute name="GC Util currently" value="84" />
  <attribute name="CPU Util currently" value="8682030038163" />
<exclusive-end id="1797" timestamp="2019-09-21T21:28:00.859" durationms="4.425" />

<exclusive-start id="1798" timestamp="2019-09-21T21:28:01.399" intervalms="544.786">
  <response-info timems="0.051" idlems="0.051" threads="0" lastid="0000000002347300" lastname="Thread-5" />
</exclusive-start>
<allocation-taxation id="1799" taxation-threshold="53477376" timestamp="2019-09-21T21:28:01.399" intervalms="544.667" />
<cycle-start id="1800" type="partial gc" contextid="0" timestamp="2019-09-21T21:28:01.400" intervalms="544.706" />
<gc-start id="1801" type="partial gc" contextid="1800" timestamp="2019-09-21T21:28:01.400">
  <mem-info id="1802" free="5242880" total="187695104" percent="2">
    <mem type="eden" free="0" total="53477376" percent="0" />
    <remembered-set count="9696" freebytes="7453440" totalbytes="7492224" percent="99" regionsoverflowed="0" regionsstable="1" regionsrebuilding="0"/>
  </mem-info>
</gc-start>
<allocation-stats totalBytes="53431616" >
  <allocated-bytes non-tlh="49168" tlh="53382448" arrayletleaf="0"/>
  <largest-consumer threadName="Thread-10" threadId="0000000002359F00" bytes="9379728" />
</allocation-stats>
<gc-op id="1803" type="copy forward" timems="2.392" contextid="1800" timestamp="2019-09-21T21:28:01.403">
  <memory-copied type="eden" objects="5083" bytes="1997632" bytesdiscarded="313496" />
  <memory-copied type="other" objects="4" bytes="144" bytesdiscarded="0" />
  <memory-cardclean objects="1847" bytes="150096" />
  <regions eden="51" other="3" />
  <remembered-set-cleared processed="3578" cleared="724" durationms="0.197" />
  <stringconstants candidates="3963" cleared="0"  />
</gc-op>
<gc-op id="1804" type="classunload" timems="0.003" contextid="1800" timestamp="2019-09-21T21:28:01.403">
  <classunload-info classloadercandidates="20" classloadersunloaded="0" classesunloaded="0" anonymousclassesunloaded="0" quiescems="0.000" setupms="0.003" scanms="0.000" postms="0.000" />
</gc-op>
<gc-end id="1805" type="partial gc" contextid="1800" durationms="3.494" usertimems="4.000" systemtimems="0.000" timestamp="2019-09-21T21:28:01.403" activeThreads="8">
  <mem-info id="1806" free="57671680" total="187695104" percent="30">
    <mem type="eden" free="834472" total="3145728" percent="26" />
    <remembered-set count="10336" freebytes="7450880" totalbytes="7492224" percent="99" regionsoverflowed="0" regionsstable="1" regionsrebuilding="0"/>
  </mem-info>
</gc-end>
<cycle-end id="1807" type="partial gc" contextid="1800" timestamp="2019-09-21T21:28:01.403" />
  <attribute name="elasticGC enabled" value="1" />
  <attribute name= "numThreadsSpecified" value="8" />
  <attribute name="heapSize specified" value="0" />
  <attribute name="Current GC Util" value="74" />
  <attribute name= "Current Time Running" value="58418" />
  <attribute name ="GC Interval" value="0" />
  <attribute name="Target GC Util Change" value ="40.000000" />
  <attribute name="Current GC Util Change" value="74.000000"/>
  <attribute name="Current Error" value="4.000000" />
  <attribute name="Output H" value="187732952"/>
  <attribute name="Output I" value="2008"/>
  <attribute name="Output T" value="8"/>
  <attribute name= "Current Time Running" value="58418" />
  <attribute name="GC Util currently" value="74" />
  <attribute name="CPU Util currently" value="7524320264504" />
<exclusive-end id="1808" timestamp="2019-09-21T21:28:01.404" durationms="4.360" />

<exclusive-start id="1809" timestamp="2019-09-21T21:28:01.961" intervalms="561.367">
  <response-info timems="0.051" idlems="0.051" threads="0" lastid="0000000002343800" lastname="Thread-4" />
</exclusive-start>
<allocation-taxation id="1810" taxation-threshold="53477376" timestamp="2019-09-21T21:28:01.961" intervalms="561.396" />
<cycle-start id="1811" type="partial gc" contextid="0" timestamp="2019-09-21T21:28:01.961" intervalms="561.353" />
<gc-start id="1812" type="partial gc" contextid="1811" timestamp="2019-09-21T21:28:01.961">
  <mem-info id="1813" free="4194304" total="187695104" percent="2">
    <mem type="eden" free="0" total="53477376" percent="0" />
    <remembered-set count="9856" freebytes="7452800" totalbytes="7492224" percent="99" regionsoverflowed="0" regionsstable="1" regionsrebuilding="0"/>
  </mem-info>
</gc-start>
<allocation-stats totalBytes="53370344" >
  <allocated-bytes non-tlh="16392" tlh="53353952" arrayletleaf="0"/>
  <largest-consumer threadName="Thread-9" threadId="0000000002356300" bytes="8335032" />
</allocation-stats>
<gc-op id="1814" type="copy forward" timems="1.890" contextid="1811" timestamp="2019-09-21T21:28:01.964">
  <memory-copied type="eden" objects="4379" bytes="1788288" bytesdiscarded="183368" />
  <memory-copied type="other" objects="4" bytes="144" bytesdiscarded="0" />
  <memory-cardclean objects="1857" bytes="151024" />
  <regions eden="51" other="4" />
  <remembered-set-cleared processed="3630" cleared="778" durationms="0.190" />
  <references type="weak" candidates="1" cleared="0" enqueued="0" />
  <references type="phantom" candidates="2" cleared="0" enqueued="0" />
  <stringconstants candidates="3963" cleared="0"  />
</gc-op>
<gc-op id="1815" type="classunload" timems="0.002" contextid="1811" timestamp="2019-09-21T21:28:01.964">
  <classunload-info classloadercandidates="20" classloadersunloaded="0" classesunloaded="0" anonymousclassesunloaded="0" quiescems="0.000" setupms="0.002" scanms="0.000" postms="0.000" />
</gc-op>
<gc-end id="1816" type="partial gc" contextid="1811" durationms="2.857" usertimems="4.000" systemtimems="0.000" timestamp="2019-09-21T21:28:01.964" activeThreads="8">
  <mem-info id="1817" free="58720256" total="187695104" percent="31">
    <mem type="eden" free="125368" total="2097152" percent="5" />
    <remembered-set count="10336" freebytes="7450880" totalbytes="7492224" percent="99" regionsoverflowed="0" regionsstable="1" regionsrebuilding="0"/>
  </mem-info>
</gc-end>
<cycle-end id="1818" type="partial gc" contextid="1811" timestamp="2019-09-21T21:28:01.964" />
  <attribute name="elasticGC enabled" value="1" />
  <attribute name= "numThreadsSpecified" value="8" />
  <attribute name="heapSize specified" value="0" />
  <attribute name="Current GC Util" value="83" />
  <attribute name= "Current Time Running" value="58979" />
  <attribute name ="GC Interval" value="0" />
  <attribute name="Target GC Util Change" value ="40.000000" />
  <attribute name="Current GC Util Change" value="83.000000"/>
  <attribute name="Current Error" value="-4.000000" />
  <attribute name="Output H" value="187732944"/>
  <attribute name="Output I" value="2000"/>
  <attribute name="Output T" value="8"/>
  <attribute name= "Current Time Running" value="58979" />
  <attribute name="GC Util currently" value="83" />
  <attribute name="CPU Util currently" value="8668550094243" />
<exclusive-end id="1819" timestamp="2019-09-21T21:28:01.964" durationms="3.561" />

<exclusive-start id="1820" timestamp="2019-09-21T21:28:02.528" intervalms="566.988">
  <response-info timems="0.047" idlems="0.047" threads="0" lastid="0000000002356300" lastname="Thread-9" />
</exclusive-start>
<allocation-taxation id="1821" taxation-threshold="53477376" timestamp="2019-09-21T21:28:02.528" intervalms="567.052" />
<cycle-start id="1822" type="partial gc" contextid="0" timestamp="2019-09-21T21:28:02.528" intervalms="567.055" />
<gc-start id="1823" type="partial gc" contextid="1822" timestamp="2019-09-21T21:28:02.528">
  <mem-info id="1824" free="5242880" total="187695104" percent="2">
    <mem type="eden" free="0" total="53477376" percent="0" />
    <remembered-set count="10016" freebytes="7452160" totalbytes="7492224" percent="99" regionsoverflowed="0" regionsstable="1" regionsrebuilding="0"/>
  </mem-info>
</gc-start>
<allocation-stats totalBytes="53430704" >
  <allocated-bytes non-tlh="32776" tlh="53397928" arrayletleaf="0"/>
  <largest-consumer threadName="Thread-8" threadId="0000000002352700" bytes="8029760" />
</allocation-stats>
<gc-op id="1825" type="copy forward" timems="2.271" contextid="1822" timestamp="2019-09-21T21:28:02.531">
  <memory-copied type="eden" objects="4753" bytes="1814424" bytesdiscarded="252768" />
  <memory-copied type="other" objects="8" bytes="288" bytesdiscarded="0" />
  <memory-cardclean objects="1860" bytes="151064" />
  <regions eden="51" other="3" />
  <remembered-set-cleared processed="3559" cleared="714" durationms="0.205" />
  <references type="weak" candidates="1" cleared="0" enqueued="0" />
  <references type="phantom" candidates="1" cleared="0" enqueued="0" />
  <stringconstants candidates="3963" cleared="0"  />
</gc-op>
<gc-op id="1826" type="classunload" timems="0.002" contextid="1822" timestamp="2019-09-21T21:28:02.531">
  <classunload-info classloadercandidates="20" classloadersunloaded="0" classesunloaded="0" anonymousclassesunloaded="0" quiescems="0.000" setupms="0.002" scanms="0.000" postms="0.000" />
</gc-op>
<heap-resize id="1827" type="expand" space="default" amount="2097152" count="1" timems="0.066" reason="insufficient free space following gc" timestamp="2019-09-21T21:28:02.531" />
<gc-end id="1828" type="partial gc" contextid="1822" durationms="3.345" usertimems="0.000" systemtimems="8.000" timestamp="2019-09-21T21:28:02.532" activeThreads="8">
  <mem-info id="1829" free="59768832" total="189792256" percent="31">
    <mem type="eden" free="29840" total="2097152" percent="1" />
    <remembered-set count="9824" freebytes="7536640" totalbytes="7575936" percent="99" regionsoverflowed="0" regionsstable="1" regionsrebuilding="0"/>
  </mem-info>
</gc-end>
<cycle-end id="1830" type="partial gc" contextid="1822" timestamp="2019-09-21T21:28:02.532" />
  <attribute name="elasticGC enabled" value="1" />
  <attribute name= "numThreadsSpecified" value="8" />
  <attribute name="heapSize specified" value="0" />
  <attribute name="Current GC Util" value="76" />
  <attribute name= "Current Time Running" value="59546" />
  <attribute name ="GC Interval" value="0" />
  <attribute name="Target GC Util Change" value ="40.000000" />
  <attribute name="Current GC Util Change" value="76.000000"/>
  <attribute name="Current Error" value="0.000000" />
  <attribute name="Output H" value="187732944"/>
  <attribute name="Output I" value="2000"/>
  <attribute name="Output T" value="8"/>
  <attribute name= "Current Time Running" value="59546" />
  <attribute name="GC Util currently" value="76" />
  <attribute name="CPU Util currently" value="8620682798406" />
<exclusive-end id="1831" timestamp="2019-09-21T21:28:02.532" durationms="4.310" />

<exclusive-start id="1832" timestamp="2019-09-21T21:28:03.131" intervalms="603.075">
  <response-info timems="0.036" idlems="0.036" threads="0" lastid="000000000233FC00" lastname="Thread-3" />
</exclusive-start>
<allocation-taxation id="1833" taxation-threshold="53477376" timestamp="2019-09-21T21:28:03.131" intervalms="603.039" />
<cycle-start id="1834" type="partial gc" contextid="0" timestamp="2019-09-21T21:28:03.131" intervalms="603.031" />
<gc-start id="1835" type="partial gc" contextid="1834" timestamp="2019-09-21T21:28:03.131">
  <mem-info id="1836" free="6291456" total="189792256" percent="3">
    <mem type="eden" free="0" total="53477376" percent="0" />
    <remembered-set count="9760" freebytes="7536896" totalbytes="7575936" percent="99" regionsoverflowed="0" regionsstable="1" regionsrebuilding="0"/>
  </mem-info>
</gc-start>
<allocation-stats totalBytes="53410536" >
  <allocated-bytes non-tlh="0" tlh="53410536" arrayletleaf="0"/>
  <largest-consumer threadName="Thread-9" threadId="0000000002356300" bytes="8823120" />
</allocation-stats>
<gc-op id="1837" type="copy forward" timems="2.074" contextid="1834" timestamp="2019-09-21T21:28:03.134">
  <memory-copied type="eden" objects="5370" bytes="2085504" bytesdiscarded="308720" />
  <memory-copied type="other" objects="9" bytes="392" bytesdiscarded="0" />
  <memory-cardclean objects="1848" bytes="150368" />
  <regions eden="51" other="3" />
  <remembered-set-cleared processed="3610" cleared="770" durationms="0.187" />
  <stringconstants candidates="3963" cleared="0"  />
</gc-op>
<gc-op id="1838" type="classunload" timems="0.002" contextid="1834" timestamp="2019-09-21T21:28:03.134">
  <classunload-info classloadercandidates="20" classloadersunloaded="0" classesunloaded="0" anonymousclassesunloaded="0" quiescems="0.000" setupms="0.002" scanms="0.000" postms="0.000" />
</gc-op>
<gc-end id="1839" type="partial gc" contextid="1834" durationms="3.111" usertimems="0.000" systemtimems="4.000" timestamp="2019-09-21T21:28:03.134" activeThreads="8">
  <mem-info id="1840" free="58720256" total="189792256" percent="30">
    <mem type="eden" free="751376" total="3145728" percent="23" />
    <remembered-set count="9792" freebytes="7536768" totalbytes="7575936" percent="99" regionsoverflowed="0" regionsstable="1" regionsrebuilding="0"/>
  </mem-info>
</gc-end>
<cycle-end id="1841" type="partial gc" contextid="1834" timestamp="2019-09-21T21:28:03.135" />
  <attribute name="elasticGC enabled" value="1" />
  <attribute name= "numThreadsSpecified" value="8" />
  <attribute name="heapSize specified" value="0" />
  <attribute name="Current GC Util" value="78" />
  <attribute name= "Current Time Running" value="60150" />
  <attribute name ="GC Interval" value="0" />
  <attribute name="Target GC Util Change" value ="40.000000" />
  <attribute name="Current GC Util Change" value="78.000000"/>
  <attribute name="Current Error" value="1.000000" />
  <attribute name="Output H" value="189830096"/>
  <attribute name="Output I" value="2000"/>
  <attribute name="Output T" value="8"/>
  <attribute name= "Current Time Running" value="60150" />
  <attribute name="GC Util currently" value="78" />
  <attribute name="CPU Util currently" value="8008874247498" />
<exclusive-end id="1842" timestamp="2019-09-21T21:28:03.135" durationms="4.058" />

<exclusive-start id="1843" timestamp="2019-09-21T21:28:03.732" intervalms="601.426">
  <response-info timems="0.036" idlems="0.036" threads="0" lastid="0000000002347300" lastname="Thread-5" />
</exclusive-start>
<allocation-taxation id="1844" taxation-threshold="53477376" timestamp="2019-09-21T21:28:03.732" intervalms="601.444" />
<cycle-start id="1845" type="partial gc" contextid="0" timestamp="2019-09-21T21:28:03.733" intervalms="601.504" />
<gc-start id="1846" type="partial gc" contextid="1845" timestamp="2019-09-21T21:28:03.733">
  <mem-info id="1847" free="5242880" total="189792256" percent="2">
    <mem type="eden" free="0" total="53477376" percent="0" />
    <remembered-set count="9760" freebytes="7536896" totalbytes="7575936" percent="99" regionsoverflowed="0" regionsstable="1" regionsrebuilding="0"/>
  </mem-info>
</gc-start>
<allocation-stats totalBytes="53329656" >
  <allocated-bytes non-tlh="0" tlh="53329656" arrayletleaf="0"/>
  <largest-consumer threadName="Thread-8" threadId="0000000002352700" bytes="9324840" />
</allocation-stats>
<gc-op id="1848" type="copy forward" timems="2.498" contextid="1845" timestamp="2019-09-21T21:28:03.736">
  <memory-copied type="eden" objects="5080" bytes="2055120" bytesdiscarded="324608" />
  <memory-copied type="other" objects="13" bytes="536" bytesdiscarded="0" />
  <memory-cardclean objects="1865" bytes="150856" />
  <regions eden="51" other="4" />
  <remembered-set-cleared processed="3661" cleared="811" durationms="0.172" />
  <references type="phantom" candidates="1" cleared="0" enqueued="0" />
  <stringconstants candidates="3963" cleared="0"  />
</gc-op>
<gc-op id="1849" type="classunload" timems="0.003" contextid="1845" timestamp="2019-09-21T21:28:03.736">
  <classunload-info classloadercandidates="20" classloadersunloaded="0" classesunloaded="0" anonymousclassesunloaded="0" quiescems="0.000" setupms="0.003" scanms="0.000" postms="0.000" />
</gc-op>
<heap-resize id="1850" type="expand" space="default" amount="2097152" count="1" timems="0.061" reason="insufficient free space following gc" timestamp="2019-09-21T21:28:03.736" />
<gc-end id="1851" type="partial gc" contextid="1845" durationms="3.715" usertimems="8.000" systemtimems="0.000" timestamp="2019-09-21T21:28:03.736" activeThreads="8">
  <mem-info id="1852" free="59768832" total="191889408" percent="31">
    <mem type="eden" free="765856" total="3145728" percent="24" />
    <remembered-set count="10304" freebytes="7618432" totalbytes="7659648" percent="99" regionsoverflowed="0" regionsstable="1" regionsrebuilding="0"/>
  </mem-info>
</gc-end>
<cycle-end id="1853" type="partial gc" contextid="1845" timestamp="2019-09-21T21:28:03.737" />
  <attribute name="elasticGC enabled" value="1" />
  <attribute name= "numThreadsSpecified" value="8" />
  <attribute name="heapSize specified" value="0" />
  <attribute name="Current GC Util" value="74" />
  <attribute name= "Current Time Running" value="60751" />
  <attribute name ="GC Interval" value="0" />
  <attribute name="Target GC Util Change" value ="40.000000" />
  <attribute name="Current GC Util Change" value="74.000000"/>
  <attribute name="Current Error" value="6.000000" />
  <attribute name="Output H" value="189830104"/>
  <attribute name="Output I" value="2008"/>
  <attribute name="Output T" value="8"/>
  <attribute name= "Current Time Running" value="60751" />
  <attribute name="GC Util currently" value="74" />
  <attribute name="CPU Util currently" value="7693991182340" />
<exclusive-end id="1854" timestamp="2019-09-21T21:28:03.737" durationms="4.684" />

<exclusive-start id="1855" timestamp="2019-09-21T21:28:04.309" intervalms="577.112">
  <response-info timems="0.069" idlems="0.069" threads="0" lastid="0000000002356300" lastname="Thread-9" />
</exclusive-start>
<allocation-taxation id="1856" taxation-threshold="54525952" timestamp="2019-09-21T21:28:04.309" intervalms="577.067" />
<cycle-start id="1857" type="partial gc" contextid="0" timestamp="2019-09-21T21:28:04.310" intervalms="577.005" />
<gc-start id="1858" type="partial gc" contextid="1857" timestamp="2019-09-21T21:28:04.310">
  <mem-info id="1859" free="5242880" total="191889408" percent="2">
    <mem type="eden" free="0" total="54525952" percent="0" />
    <remembered-set count="10272" freebytes="7618560" totalbytes="7659648" percent="99" regionsoverflowed="0" regionsstable="1" regionsrebuilding="0"/>
  </mem-info>
</gc-start>
<allocation-stats totalBytes="54412024" >
  <allocated-bytes non-tlh="16392" tlh="54395632" arrayletleaf="0"/>
  <largest-consumer threadName="Thread-10" threadId="0000000002359F00" bytes="8397824" />
</allocation-stats>
<gc-op id="1860" type="copy forward" timems="1.888" contextid="1857" timestamp="2019-09-21T21:28:04.312">
  <memory-copied type="eden" objects="4040" bytes="1590128" bytesdiscarded="232376" />
  <memory-copied type="other" objects="16" bytes="576" bytesdiscarded="0" />
  <memory-cardclean objects="1848" bytes="150928" />
  <regions eden="52" other="4" />
  <remembered-set-cleared processed="3621" cleared="773" durationms="0.171" />
  <references type="phantom" candidates="1" cleared="0" enqueued="0" />
  <stringconstants candidates="3963" cleared="0"  />
</gc-op>
<gc-op id="1861" type="classunload" timems="0.002" contextid="1857" timestamp="2019-09-21T21:28:04.312">
  <classunload-info classloadercandidates="20" classloadersunloaded="0" classesunloaded="0" anonymousclassesunloaded="0" quiescems="0.000" setupms="0.002" scanms="0.000" postms="0.000" />
</gc-op>
<gc-end id="1862" type="partial gc" contextid="1857" durationms="2.830" usertimems="4.000" systemtimems="4.000" timestamp="2019-09-21T21:28:04.313" activeThreads="8">
  <mem-info id="1863" free="59768832" total="191889408" percent="31">
    <mem type="eden" free="274528" total="2097152" percent="13" />
    <remembered-set count="9792" freebytes="7620480" totalbytes="7659648" percent="99" regionsoverflowed="0" regionsstable="1" regionsrebuilding="0"/>
  </mem-info>
</gc-end>
<cycle-end id="1864" type="partial gc" contextid="1857" timestamp="2019-09-21T21:28:04.313" />
  <attribute name="elasticGC enabled" value="1" />
  <attribute name= "numThreadsSpecified" value="8" />
  <attribute name="heapSize specified" value="0" />
  <attribute name="Current GC Util" value="80" />
  <attribute name= "Current Time Running" value="61328" />
  <attribute name ="GC Interval" value="0" />
  <attribute name="Target GC Util Change" value ="40.000000" />
  <attribute name="Current GC Util Change" value="80.000000"/>
  <attribute name="Current Error" value="6.000000" />
  <attribute name="Output H" value="191927256"/>
  <attribute name="Output I" value="2008"/>
  <attribute name="Output T" value="8"/>
  <attribute name= "Current Time Running" value="61328" />
  <attribute name="GC Util currently" value="80" />
  <attribute name="CPU Util currently" value="8397739788279" />
<exclusive-end id="1865" timestamp="2019-09-21T21:28:04.313" durationms="3.678" />

<exclusive-start id="1866" timestamp="2019-09-21T21:28:04.888" intervalms="578.404">
  <response-info timems="0.051" idlems="0.051" threads="0" lastid="0000000002356300" lastname="Thread-9" />
</exclusive-start>
<allocation-taxation id="1867" taxation-threshold="54525952" timestamp="2019-09-21T21:28:04.888" intervalms="578.451" />
<cycle-start id="1868" type="partial gc" contextid="0" timestamp="2019-09-21T21:28:04.888" intervalms="578.462" />
<gc-start id="1869" type="partial gc" contextid="1868" timestamp="2019-09-21T21:28:04.888">
  <mem-info id="1870" free="5242880" total="191889408" percent="2">
    <mem type="eden" free="0" total="54525952" percent="0" />
    <remembered-set count="9632" freebytes="7621120" totalbytes="7659648" percent="99" regionsoverflowed="0" regionsstable="1" regionsrebuilding="0"/>
  </mem-info>
</gc-start>
<allocation-stats totalBytes="54461568" >
  <allocated-bytes non-tlh="16392" tlh="54445176" arrayletleaf="0"/>
  <largest-consumer threadName="Thread-8" threadId="0000000002352700" bytes="8049064" />
</allocation-stats>
<gc-op id="1871" type="copy forward" timems="1.958" contextid="1868" timestamp="2019-09-21T21:28:04.891">
  <memory-copied type="eden" objects="4591" bytes="1776672" bytesdiscarded="236776" />
  <memory-copied type="other" objects="12" bytes="432" bytesdiscarded="0" />
  <memory-cardclean objects="1846" bytes="150656" />
  <regions eden="52" other="3" />
  <remembered-set-cleared processed="3522" cleared="670" durationms="0.173" />
  <references type="phantom" candidates="1" cleared="0" enqueued="0" />
  <stringconstants candidates="3963" cleared="0"  />
</gc-op>
<gc-op id="1872" type="classunload" timems="0.003" contextid="1868" timestamp="2019-09-21T21:28:04.891">
  <classunload-info classloadercandidates="20" classloadersunloaded="0" classesunloaded="0" anonymousclassesunloaded="0" quiescems="0.000" setupms="0.002" scanms="0.000" postms="0.000" />
</gc-op>
<heap-resize id="1873" type="expand" space="default" amount="3145728" count="1" timems="0.065" reason="insufficient free space following gc" timestamp="2019-09-21T21:28:04.891" />
<gc-end id="1874" type="partial gc" contextid="1868" durationms="3.205" usertimems="4.000" systemtimems="0.000" timestamp="2019-09-21T21:28:04.891" activeThreads="8">
  <mem-info id="1875" free="60817408" total="195035136" percent="31">
    <mem type="eden" free="1132152" total="3145728" percent="35" />
    <remembered-set count="10336" freebytes="7743872" totalbytes="7785216" percent="99" regionsoverflowed="0" regionsstable="1" regionsrebuilding="0"/>
  </mem-info>
</gc-end>
<cycle-end id="1876" type="partial gc" contextid="1868" timestamp="2019-09-21T21:28:04.892" />
  <attribute name="elasticGC enabled" value="1" />
  <attribute name= "numThreadsSpecified" value="8" />
  <attribute name="heapSize specified" value="0" />
  <attribute name="Current GC Util" value="81" />
  <attribute name= "Current Time Running" value="61906" />
  <attribute name ="GC Interval" value="0" />
  <attribute name="Target GC Util Change" value ="40.000000" />
  <attribute name="Current GC Util Change" value="81.000000"/>
  <attribute name="Current Error" value="5.000000" />
  <attribute name="Output H" value="191927256"/>
  <attribute name="Output I" value="2008"/>
  <attribute name="Output T" value="8"/>
  <attribute name= "Current Time Running" value="61906" />
  <attribute name="GC Util currently" value="81" />
  <attribute name="CPU Util currently" value="8415823238374" />
<exclusive-end id="1877" timestamp="2019-09-21T21:28:04.892" durationms="4.134" />

<exclusive-start id="1878" timestamp="2019-09-21T21:28:05.474" intervalms="586.388">
  <response-info timems="0.037" idlems="0.037" threads="0" lastid="000000000233FC00" lastname="Thread-3" />
</exclusive-start>
<allocation-taxation id="1879" taxation-threshold="54525952" timestamp="2019-09-21T21:28:05.474" intervalms="586.389" />
<cycle-start id="1880" type="partial gc" contextid="0" timestamp="2019-09-21T21:28:05.474" intervalms="586.396" />
<gc-start id="1881" type="partial gc" contextid="1880" timestamp="2019-09-21T21:28:05.475">
  <mem-info id="1882" free="6291456" total="195035136" percent="3">
    <mem type="eden" free="0" total="54525952" percent="0" />
    <remembered-set count="10336" freebytes="7743872" totalbytes="7785216" percent="99" regionsoverflowed="0" regionsstable="1" regionsrebuilding="0"/>
  </mem-info>
</gc-start>
<allocation-stats totalBytes="54456152" >
  <allocated-bytes non-tlh="49168" tlh="54406984" arrayletleaf="0"/>
  <largest-consumer threadName="Thread-9" threadId="0000000002356300" bytes="8973104" />
</allocation-stats>
<gc-op id="1883" type="copy forward" timems="2.980" contextid="1880" timestamp="2019-09-21T21:28:05.478">
  <memory-copied type="eden" objects="4843" bytes="1991144" bytesdiscarded="238512" />
  <memory-copied type="other" objects="12" bytes="432" bytesdiscarded="0" />
  <memory-cardclean objects="1856" bytes="152184" />
  <regions eden="52" other="4" />
  <remembered-set-cleared processed="3584" cleared="737" durationms="0.171" />
  <references type="phantom" candidates="2" cleared="0" enqueued="0" />
  <stringconstants candidates="3963" cleared="0"  />
</gc-op>
<gc-op id="1884" type="classunload" timems="0.002" contextid="1880" timestamp="2019-09-21T21:28:05.478">
  <classunload-info classloadercandidates="20" classloadersunloaded="0" classesunloaded="0" anonymousclassesunloaded="0" quiescems="0.000" setupms="0.002" scanms="0.000" postms="0.000" />
</gc-op>
<heap-resize id="1885" type="expand" space="default" amount="3145728" count="1" timems="0.073" reason="insufficient free space following gc" timestamp="2019-09-21T21:28:05.479" />
<gc-end id="1886" type="partial gc" contextid="1880" durationms="4.054" usertimems="0.000" systemtimems="4.000" timestamp="2019-09-21T21:28:05.479" activeThreads="8">
  <mem-info id="1887" free="61865984" total="198180864" percent="31">
    <mem type="eden" free="1964504" total="4194304" percent="46" />
    <remembered-set count="9856" freebytes="7871360" totalbytes="7910784" percent="99" regionsoverflowed="0" regionsstable="1" regionsrebuilding="0"/>
  </mem-info>
</gc-end>
<cycle-end id="1888" type="partial gc" contextid="1880" timestamp="2019-09-21T21:28:05.479" />
  <attribute name="elasticGC enabled" value="1" />
  <attribute name= "numThreadsSpecified" value="8" />
  <attribute name="heapSize specified" value="0" />
  <attribute name="Current GC Util" value="81" />
  <attribute name= "Current Time Running" value="62493" />
  <attribute name ="GC Interval" value="0" />
  <attribute name="Target GC Util Change" value ="40.000000" />
  <attribute name="Current GC Util Change" value="81.000000"/>
  <attribute name="Current Error" value="-1.000000" />
  <attribute name="Output H" value="195072976"/>
  <attribute name="Output I" value="2000"/>
  <attribute name="Output T" value="8"/>
  <attribute name= "Current Time Running" value="62493" />
  <attribute name="GC Util currently" value="81" />
  <attribute name="CPU Util currently" value="8018649997174" />
<exclusive-end id="1889" timestamp="2019-09-21T21:28:05.479" durationms="4.932" />

<exclusive-start id="1890" timestamp="2019-09-21T21:28:06.098" intervalms="623.660">
  <response-info timems="0.038" idlems="0.038" threads="0" lastid="000000000234AF00" lastname="Thread-6" />
</exclusive-start>
<allocation-taxation id="1891" taxation-threshold="55574528" timestamp="2019-09-21T21:28:06.098" intervalms="623.657" />
<cycle-start id="1892" type="partial gc" contextid="0" timestamp="2019-09-21T21:28:06.098" intervalms="623.649" />
<gc-start id="1893" type="partial gc" contextid="1892" timestamp="2019-09-21T21:28:06.098">
  <mem-info id="1894" free="6291456" total="198180864" percent="3">
    <mem type="eden" free="912264" total="56623104" percent="1" />
    <remembered-set count="9824" freebytes="7871488" totalbytes="7910784" percent="99" regionsoverflowed="0" regionsstable="1" regionsrebuilding="0"/>
  </mem-info>
</gc-start>
<allocation-stats totalBytes="55509296" >
  <allocated-bytes non-tlh="65552" tlh="55443744" arrayletleaf="0"/>
  <largest-consumer threadName="Thread-8" threadId="0000000002352700" bytes="8846544" />
</allocation-stats>
<gc-op id="1895" type="copy forward" timems="3.251" contextid="1892" timestamp="2019-09-21T21:28:06.102">
  <memory-copied type="eden" objects="5051" bytes="1961504" bytesdiscarded="351800" />
  <memory-copied type="other" objects="8" bytes="288" bytesdiscarded="0" />
  <memory-cardclean objects="1864" bytes="150048" />
  <regions eden="53" other="5" />
  <remembered-set-cleared processed="3611" cleared="757" durationms="0.175" />
  <references type="phantom" candidates="1" cleared="0" enqueued="0" />
  <stringconstants candidates="3963" cleared="0"  />
</gc-op>
<gc-op id="1896" type="classunload" timems="0.003" contextid="1892" timestamp="2019-09-21T21:28:06.102">
  <classunload-info classloadercandidates="20" classloadersunloaded="0" classesunloaded="0" anonymousclassesunloaded="0" quiescems="0.000" setupms="0.002" scanms="0.000" postms="0.000" />
</gc-op>
<gc-end id="1897" type="partial gc" contextid="1892" durationms="4.233" usertimems="4.000" systemtimems="4.000" timestamp="2019-09-21T21:28:06.102" activeThreads="8">
  <mem-info id="1898" free="61865984" total="198180864" percent="31">
    <mem type="eden" free="1880864" total="4194304" percent="44" />
    <remembered-set count="10368" freebytes="7869312" totalbytes="7910784" percent="99" regionsoverflowed="0" regionsstable="1" regionsrebuilding="0"/>
  </mem-info>
</gc-end>
<cycle-end id="1899" type="partial gc" contextid="1892" timestamp="2019-09-21T21:28:06.103" />
  <attribute name="elasticGC enabled" value="1" />
  <attribute name= "numThreadsSpecified" value="8" />
  <attribute name="heapSize specified" value="0" />
  <attribute name="Current GC Util" value="81" />
  <attribute name= "Current Time Running" value="63117" />
  <attribute name ="GC Interval" value="0" />
  <attribute name="Target GC Util Change" value ="40.000000" />
  <attribute name="Current GC Util Change" value="81.000000"/>
  <attribute name="Current Error" value="-3.000000" />
  <attribute name="Output H" value="198218704"/>
  <attribute name="Output I" value="2000"/>
  <attribute name="Output T" value="8"/>
  <attribute name= "Current Time Running" value="63117" />
  <attribute name="GC Util currently" value="81" />
  <attribute name="CPU Util currently" value="8342865904808" />
<exclusive-end id="1900" timestamp="2019-09-21T21:28:06.103" durationms="5.061" />

<exclusive-start id="1901" timestamp="2019-09-21T21:28:06.707" intervalms="609.397">
  <response-info timems="0.062" idlems="0.062" threads="0" lastid="0000000002359F00" lastname="Thread-10" />
</exclusive-start>
<allocation-taxation id="1902" taxation-threshold="55574528" timestamp="2019-09-21T21:28:06.707" intervalms="609.356" />
<cycle-start id="1903" type="partial gc" contextid="0" timestamp="2019-09-21T21:28:06.707" intervalms="609.357" />
<gc-start id="1904" type="partial gc" contextid="1903" timestamp="2019-09-21T21:28:06.708">
  <mem-info id="1905" free="6291456" total="198180864" percent="3">
    <mem type="eden" free="0" total="55574528" percent="0" />
    <remembered-set count="10176" freebytes="7870080" totalbytes="7910784" percent="99" regionsoverflowed="0" regionsstable="1" regionsrebuilding="0"/>
  </mem-info>
</gc-start>
<allocation-stats totalBytes="55491528" >
  <allocated-bytes non-tlh="40976" tlh="55450552" arrayletleaf="0"/>
  <largest-consumer threadName="Thread-3" threadId="000000000233FC00" bytes="8487864" />
</allocation-stats>
<gc-op id="1906" type="copy forward" timems="7.252" contextid="1903" timestamp="2019-09-21T21:28:06.716">
  <memory-copied type="eden" objects="5198" bytes="2032776" bytesdiscarded="23216" />
  <memory-copied type="other" objects="12" bytes="432" bytesdiscarded="0" />
  <memory-cardclean objects="1855" bytes="149752" />
  <regions eden="53" other="5" />
  <remembered-set-cleared processed="3622" cleared="771" durationms="0.176" />
  <references type="phantom" candidates="1" cleared="0" enqueued="0" />
  <stringconstants candidates="3963" cleared="0"  />
</gc-op>
<gc-op id="1907" type="classunload" timems="0.003" contextid="1903" timestamp="2019-09-21T21:28:06.716">
  <classunload-info classloadercandidates="20" classloadersunloaded="0" classesunloaded="0" anonymousclassesunloaded="0" quiescems="0.000" setupms="0.003" scanms="0.000" postms="0.000" />
</gc-op>
<gc-end id="1908" type="partial gc" contextid="1903" durationms="8.341" usertimems="8.000" systemtimems="4.000" timestamp="2019-09-21T21:28:06.716" activeThreads="8">
  <mem-info id="1909" free="63963136" total="198180864" percent="32">
    <mem type="eden" free="41024" total="2097152" percent="1" />
    <remembered-set count="9856" freebytes="7871360" totalbytes="7910784" percent="99" regionsoverflowed="0" regionsstable="1" regionsrebuilding="0"/>
  </mem-info>
</gc-end>
<cycle-end id="1910" type="partial gc" contextid="1903" timestamp="2019-09-21T21:28:06.716" />
  <attribute name="elasticGC enabled" value="1" />
  <attribute name= "numThreadsSpecified" value="8" />
  <attribute name="heapSize specified" value="0" />
  <attribute name="Current GC Util" value="78" />
  <attribute name= "Current Time Running" value="63726" />
  <attribute name ="GC Interval" value="0" />
  <attribute name="Target GC Util Change" value ="40.000000" />
  <attribute name="Current GC Util Change" value="78.000000"/>
  <attribute name="Current Error" value="-2.000000" />
  <attribute name="Output H" value="198218704"/>
  <attribute name="Output I" value="2000"/>
  <attribute name="Output T" value="8"/>
  <attribute name= "Current Time Running" value="63726" />
  <attribute name="GC Util currently" value="78" />
  <attribute name="CPU Util currently" value="8030658562335" />
<exclusive-end id="1911" timestamp="2019-09-21T21:28:06.716" durationms="9.194" />

<exclusive-start id="1912" timestamp="2019-09-21T21:28:07.313" intervalms="605.529">
  <response-info timems="0.038" idlems="0.038" threads="0" lastid="0000000002356300" lastname="Thread-9" />
</exclusive-start>
<allocation-taxation id="1913" taxation-threshold="55574528" timestamp="2019-09-21T21:28:07.313" intervalms="605.559" />
<cycle-start id="1914" type="partial gc" contextid="0" timestamp="2019-09-21T21:28:07.313" intervalms="605.565" />
<gc-start id="1915" type="partial gc" contextid="1914" timestamp="2019-09-21T21:28:07.313">
  <mem-info id="1916" free="8388608" total="198180864" percent="4">
    <mem type="eden" free="0" total="55574528" percent="0" />
    <remembered-set count="9536" freebytes="7872640" totalbytes="7910784" percent="99" regionsoverflowed="0" regionsstable="1" regionsrebuilding="0"/>
  </mem-info>
</gc-start>
<allocation-stats totalBytes="55513488" >
  <allocated-bytes non-tlh="49168" tlh="55464320" arrayletleaf="0"/>
  <largest-consumer threadName="Thread-9" threadId="0000000002356300" bytes="8920192" />
</allocation-stats>
<gc-op id="1917" type="copy forward" timems="2.570" contextid="1914" timestamp="2019-09-21T21:28:07.316">
  <memory-copied type="eden" objects="4940" bytes="1995800" bytesdiscarded="211400" />
  <memory-copied type="other" objects="8" bytes="288" bytesdiscarded="0" />
  <memory-cardclean objects="1857" bytes="149984" />
  <regions eden="53" other="3" />
  <remembered-set-cleared processed="3642" cleared="796" durationms="0.187" />
  <references type="phantom" candidates="2" cleared="0" enqueued="0" />
  <stringconstants candidates="3963" cleared="0"  />
</gc-op>
<gc-op id="1918" type="classunload" timems="0.002" contextid="1914" timestamp="2019-09-21T21:28:07.316">
  <classunload-info classloadercandidates="20" classloadersunloaded="0" classesunloaded="0" anonymousclassesunloaded="0" quiescems="0.000" setupms="0.002" scanms="0.000" postms="0.000" />
</gc-op>
<gc-end id="1919" type="partial gc" contextid="1914" durationms="3.532" usertimems="8.000" systemtimems="0.000" timestamp="2019-09-21T21:28:07.317" activeThreads="8">
  <mem-info id="1920" free="62914560" total="198180864" percent="31">
    <mem type="eden" free="938384" total="3145728" percent="29" />
    <remembered-set count="10304" freebytes="7869568" totalbytes="7910784" percent="99" regionsoverflowed="0" regionsstable="1" regionsrebuilding="0"/>
  </mem-info>
</gc-end>
<cycle-end id="1921" type="partial gc" contextid="1914" timestamp="2019-09-21T21:28:07.317" />
  <attribute name="elasticGC enabled" value="1" />
  <attribute name= "numThreadsSpecified" value="8" />
  <attribute name="heapSize specified" value="0" />
  <attribute name="Current GC Util" value="81" />
  <attribute name= "Current Time Running" value="64331" />
  <attribute name ="GC Interval" value="0" />
  <attribute name="Target GC Util Change" value ="40.000000" />
  <attribute name="Current GC Util Change" value="81.000000"/>
  <attribute name="Current Error" value="-2.000000" />
  <attribute name="Output H" value="198218704"/>
  <attribute name="Output I" value="2000"/>
  <attribute name="Output T" value="8"/>
  <attribute name= "Current Time Running" value="64331" />
  <attribute name="GC Util currently" value="81" />
  <attribute name="CPU Util currently" value="8626197566333" />
<exclusive-end id="1922" timestamp="2019-09-21T21:28:07.317" durationms="4.436" />

<exclusive-start id="1923" timestamp="2019-09-21T21:28:07.947" intervalms="634.812">
  <response-info timems="0.065" idlems="0.065" threads="0" lastid="000000000234EB00" lastname="Thread-7" />
</exclusive-start>
<allocation-taxation id="1924" taxation-threshold="55574528" timestamp="2019-09-21T21:28:07.948" intervalms="634.785" />
<cycle-start id="1925" type="partial gc" contextid="0" timestamp="2019-09-21T21:28:07.948" intervalms="634.778" />
<gc-start id="1926" type="partial gc" contextid="1925" timestamp="2019-09-21T21:28:07.948">
  <mem-info id="1927" free="7340032" total="198180864" percent="3">
    <mem type="eden" free="0" total="55574528" percent="0" />
    <remembered-set count="10304" freebytes="7869568" totalbytes="7910784" percent="99" regionsoverflowed="0" regionsstable="1" regionsrebuilding="0"/>
  </mem-info>
</gc-start>
<allocation-stats totalBytes="55494656" >
  <allocated-bytes non-tlh="0" tlh="55494656" arrayletleaf="0"/>
  <largest-consumer threadName="Thread-3" threadId="000000000233FC00" bytes="8883848" />
</allocation-stats>
<gc-op id="1928" type="copy forward" timems="2.114" contextid="1925" timestamp="2019-09-21T21:28:07.951">
  <memory-copied type="eden" objects="4810" bytes="1961192" bytesdiscarded="295448" />
  <memory-copied type="other" objects="8" bytes="288" bytesdiscarded="0" />
  <memory-cardclean objects="1830" bytes="148936" />
  <regions eden="53" other="4" />
  <remembered-set-cleared processed="3612" cleared="758" durationms="0.176" />
  <stringconstants candidates="3963" cleared="0"  />
</gc-op>
<gc-op id="1929" type="classunload" timems="0.003" contextid="1925" timestamp="2019-09-21T21:28:07.951">
  <classunload-info classloadercandidates="20" classloadersunloaded="0" classesunloaded="0" anonymousclassesunloaded="0" quiescems="0.000" setupms="0.002" scanms="0.000" postms="0.000" />
</gc-op>
<gc-end id="1930" type="partial gc" contextid="1925" durationms="3.013" usertimems="4.000" systemtimems="4.000" timestamp="2019-09-21T21:28:07.951" activeThreads="8">
  <mem-info id="1931" free="62914560" total="198180864" percent="31">
    <mem type="eden" free="888960" total="3145728" percent="28" />
    <remembered-set count="10368" freebytes="7869312" totalbytes="7910784" percent="99" regionsoverflowed="0" regionsstable="1" regionsrebuilding="0"/>
  </mem-info>
</gc-end>
<cycle-end id="1932" type="partial gc" contextid="1925" timestamp="2019-09-21T21:28:07.951" />
  <attribute name="elasticGC enabled" value="1" />
  <attribute name= "numThreadsSpecified" value="8" />
  <attribute name="heapSize specified" value="0" />
  <attribute name="Current GC Util" value="83" />
  <attribute name= "Current Time Running" value="64966" />
  <attribute name ="GC Interval" value="0" />
  <attribute name="Target GC Util Change" value ="40.000000" />
  <attribute name="Current GC Util Change" value="83.000000"/>
  <attribute name="Current Error" value="-5.000000" />
  <attribute name="Output H" value="198218704"/>
  <attribute name="Output I" value="2000"/>
  <attribute name="Output T" value="8"/>
  <attribute name= "Current Time Running" value="64966" />
  <attribute name="GC Util currently" value="83" />
  <attribute name="CPU Util currently" value="8591549426341" />
<exclusive-end id="1933" timestamp="2019-09-21T21:28:07.951" durationms="3.827" />

<exclusive-start id="1934" timestamp="2019-09-21T21:28:08.597" intervalms="649.903">
  <response-info timems="0.116" idlems="0.116" threads="0" lastid="0000000002356300" lastname="Thread-9" />
</exclusive-start>
<allocation-taxation id="1935" taxation-threshold="55574528" timestamp="2019-09-21T21:28:08.598" intervalms="649.863" />
<cycle-start id="1936" type="partial gc" contextid="0" timestamp="2019-09-21T21:28:08.598" intervalms="649.890" />
<gc-start id="1937" type="partial gc" contextid="1936" timestamp="2019-09-21T21:28:08.598">
  <mem-info id="1938" free="7340032" total="198180864" percent="3">
    <mem type="eden" free="0" total="55574528" percent="0" />
    <remembered-set count="10208" freebytes="7869952" totalbytes="7910784" percent="99" regionsoverflowed="0" regionsstable="1" regionsrebuilding="0"/>
  </mem-info>
</gc-start>
<allocation-stats totalBytes="55525560" >
  <allocated-bytes non-tlh="0" tlh="55525560" arrayletleaf="0"/>
  <largest-consumer threadName="Thread-9" threadId="0000000002356300" bytes="7823400" />
</allocation-stats>
<gc-op id="1939" type="copy forward" timems="2.272" contextid="1936" timestamp="2019-09-21T21:28:08.601">
  <memory-copied type="eden" objects="5353" bytes="2084184" bytesdiscarded="373128" />
  <memory-copied type="other" objects="18" bytes="608" bytesdiscarded="480" />
  <memory-cardclean objects="1838" bytes="150384" />
  <regions eden="53" other="4" />
  <remembered-set-cleared processed="3605" cleared="750" durationms="0.174" />
  <stringconstants candidates="3963" cleared="0"  />
</gc-op>
<gc-op id="1940" type="classunload" timems="0.003" contextid="1936" timestamp="2019-09-21T21:28:08.601">
  <classunload-info classloadercandidates="20" classloadersunloaded="0" classesunloaded="0" anonymousclassesunloaded="0" quiescems="0.000" setupms="0.003" scanms="0.000" postms="0.000" />
</gc-op>
<gc-end id="1941" type="partial gc" contextid="1936" durationms="3.247" usertimems="4.000" systemtimems="4.000" timestamp="2019-09-21T21:28:08.601" activeThreads="8">
  <mem-info id="1942" free="61865984" total="198180864" percent="31">
    <mem type="eden" free="688288" total="3145728" percent="21" />
    <remembered-set count="10464" freebytes="7868928" totalbytes="7910784" percent="99" regionsoverflowed="0" regionsstable="1" regionsrebuilding="0"/>
  </mem-info>
</gc-end>
<cycle-end id="1943" type="partial gc" contextid="1936" timestamp="2019-09-21T21:28:08.601" />
  <attribute name="elasticGC enabled" value="1" />
  <attribute name= "numThreadsSpecified" value="8" />
  <attribute name="heapSize specified" value="0" />
  <attribute name="Current GC Util" value="91" />
  <attribute name= "Current Time Running" value="65616" />
  <attribute name ="GC Interval" value="0" />
  <attribute name="Target GC Util Change" value ="40.000000" />
  <attribute name="Current GC Util Change" value="91.000000"/>
  <attribute name="Current Error" value="-16.000000" />
  <attribute name="Output H" value="198218696"/>
  <attribute name="Output I" value="1992"/>
  <attribute name="Output T" value="8"/>
  <attribute name= "Current Time Running" value="65616" />
  <attribute name="GC Util currently" value="91" />
  <attribute name="CPU Util currently" value="8683141631142" />
<exclusive-end id="1944" timestamp="2019-09-21T21:28:08.602" durationms="4.129" />

<exclusive-start id="1945" timestamp="2019-09-21T21:28:09.213" intervalms="615.396">
  <response-info timems="0.040" idlems="0.040" threads="0" lastid="0000000002359F00" lastname="Thread-10" />
</exclusive-start>
<allocation-taxation id="1946" taxation-threshold="55574528" timestamp="2019-09-21T21:28:09.213" intervalms="615.400" />
<cycle-start id="1947" type="partial gc" contextid="0" timestamp="2019-09-21T21:28:09.213" intervalms="615.377" />
<gc-start id="1948" type="partial gc" contextid="1947" timestamp="2019-09-21T21:28:09.213">
  <mem-info id="1949" free="6291456" total="198180864" percent="3">
    <mem type="eden" free="0" total="55574528" percent="0" />
    <remembered-set count="9984" freebytes="7870848" totalbytes="7910784" percent="99" regionsoverflowed="0" regionsstable="1" regionsrebuilding="0"/>
  </mem-info>
</gc-start>
<allocation-stats totalBytes="55481160" >
  <allocated-bytes non-tlh="16392" tlh="55464768" arrayletleaf="0"/>
  <largest-consumer threadName="Thread-10" threadId="0000000002359F00" bytes="8324072" />
</allocation-stats>
<gc-op id="1950" type="copy forward" timems="2.077" contextid="1947" timestamp="2019-09-21T21:28:09.216">
  <memory-copied type="eden" objects="5122" bytes="1993048" bytesdiscarded="363624" />
  <memory-copied type="other" objects="5" bytes="160" bytesdiscarded="0" />
  <memory-cardclean objects="1848" bytes="150896" />
  <regions eden="53" other="4" />
  <remembered-set-cleared processed="3658" cleared="804" durationms="0.188" />
  <references type="phantom" candidates="1" cleared="0" enqueued="0" />
  <stringconstants candidates="3963" cleared="0"  />
</gc-op>
<gc-op id="1951" type="classunload" timems="0.003" contextid="1947" timestamp="2019-09-21T21:28:09.216">
  <classunload-info classloadercandidates="20" classloadersunloaded="0" classesunloaded="0" anonymousclassesunloaded="0" quiescems="0.000" setupms="0.002" scanms="0.000" postms="0.000" />
</gc-op>
<gc-end id="1952" type="partial gc" contextid="1947" durationms="3.140" usertimems="8.000" systemtimems="0.000" timestamp="2019-09-21T21:28:09.216" activeThreads="8">
  <mem-info id="1953" free="60817408" total="198180864" percent="30">
    <mem type="eden" free="788920" total="3145728" percent="25" />
    <remembered-set count="9952" freebytes="7870976" totalbytes="7910784" percent="99" regionsoverflowed="0" regionsstable="1" regionsrebuilding="0"/>
  </mem-info>
</gc-end>
<cycle-end id="1954" type="partial gc" contextid="1947" timestamp="2019-09-21T21:28:09.216" />
  <attribute name="elasticGC enabled" value="1" />
  <attribute name= "numThreadsSpecified" value="8" />
  <attribute name="heapSize specified" value="0" />
  <attribute name="Current GC Util" value="85" />
  <attribute name= "Current Time Running" value="66232" />
  <attribute name ="GC Interval" value="0" />
  <attribute name="Target GC Util Change" value ="40.000000" />
  <attribute name="Current GC Util Change" value="85.000000"/>
  <attribute name="Current Error" value="-5.000000" />
  <attribute name="Output H" value="198218704"/>
  <attribute name="Output I" value="2000"/>
  <attribute name="Output T" value="8"/>
  <attribute name= "Current Time Running" value="66232" />
  <attribute name="GC Util currently" value="85" />
  <attribute name="CPU Util currently" value="8376567962129" />
<exclusive-end id="1955" timestamp="2019-09-21T21:28:09.217" durationms="3.859" />

<exclusive-start id="1956" timestamp="2019-09-21T21:28:09.810" intervalms="597.470">
  <response-info timems="0.041" idlems="0.041" threads="0" lastid="0000000002359F00" lastname="Thread-10" />
</exclusive-start>
<allocation-taxation id="1957" taxation-threshold="55574528" timestamp="2019-09-21T21:28:09.810" intervalms="597.448" />
<cycle-start id="1958" type="partial gc" contextid="0" timestamp="2019-09-21T21:28:09.810" intervalms="597.448" />
<gc-start id="1959" type="partial gc" contextid="1958" timestamp="2019-09-21T21:28:09.811">
  <mem-info id="1960" free="5242880" total="198180864" percent="2">
    <mem type="eden" free="0" total="55574528" percent="0" />
    <remembered-set count="9952" freebytes="7870976" totalbytes="7910784" percent="99" regionsoverflowed="0" regionsstable="1" regionsrebuilding="0"/>
  </mem-info>
</gc-start>
<allocation-stats totalBytes="55513256" >
  <allocated-bytes non-tlh="32784" tlh="55480472" arrayletleaf="0"/>
  <largest-consumer threadName="Thread-3" threadId="000000000233FC00" bytes="7849632" />
</allocation-stats>
<gc-op id="1961" type="copy forward" timems="2.509" contextid="1958" timestamp="2019-09-21T21:28:09.814">
  <memory-copied type="eden" objects="4615" bytes="1799728" bytesdiscarded="275384" />
  <memory-copied type="other" objects="9" bytes="304" bytesdiscarded="480" />
  <memory-cardclean objects="1859" bytes="150960" />
  <regions eden="53" other="4" />
  <remembered-set-cleared processed="3640" cleared="785" durationms="0.177" />
  <stringconstants candidates="3963" cleared="0"  />
</gc-op>
<gc-op id="1962" type="classunload" timems="0.002" contextid="1958" timestamp="2019-09-21T21:28:09.814">
  <classunload-info classloadercandidates="20" classloadersunloaded="0" classesunloaded="0" anonymousclassesunloaded="0" quiescems="0.000" setupms="0.002" scanms="0.000" postms="0.000" />
</gc-op>
<heap-resize id="1963" type="expand" space="default" amount="2097152" count="1" timems="0.061" reason="insufficient free space following gc" timestamp="2019-09-21T21:28:09.814" />
<gc-end id="1964" type="partial gc" contextid="1958" durationms="3.792" usertimems="0.000" systemtimems="4.000" timestamp="2019-09-21T21:28:09.814" activeThreads="8">
  <mem-info id="1965" free="62914560" total="200278016" percent="31">
    <mem type="eden" free="1070488" total="3145728" percent="34" />
    <remembered-set count="9888" freebytes="7954944" totalbytes="7994496" percent="99" regionsoverflowed="0" regionsstable="1" regionsrebuilding="0"/>
  </mem-info>
</gc-end>
<cycle-end id="1966" type="partial gc" contextid="1958" timestamp="2019-09-21T21:28:09.815" />
  <attribute name="elasticGC enabled" value="1" />
  <attribute name= "numThreadsSpecified" value="8" />
  <attribute name="heapSize specified" value="0" />
  <attribute name="Current GC Util" value="81" />
  <attribute name= "Current Time Running" value="66829" />
  <attribute name ="GC Interval" value="0" />
  <attribute name="Target GC Util Change" value ="40.000000" />
  <attribute name="Current GC Util Change" value="81.000000"/>
  <attribute name="Current Error" value="-6.000000" />
  <attribute name="Output H" value="198218704"/>
  <attribute name="Output I" value="2000"/>
  <attribute name="Output T" value="8"/>
  <attribute name= "Current Time Running" value="66829" />
  <attribute name="GC Util currently" value="81" />
  <attribute name="CPU Util currently" value="8219302033815" />
<exclusive-end id="1967" timestamp="2019-09-21T21:28:09.815" durationms="4.779" />

<exclusive-start id="1968" timestamp="2019-09-21T21:28:10.453" intervalms="642.628">
  <response-info timems="0.047" idlems="0.043" threads="1" lastid="000000000234AF00" lastname="Thread-6" />
</exclusive-start>
<allocation-taxation id="1969" taxation-threshold="56623104" timestamp="2019-09-21T21:28:10.453" intervalms="642.656" />
<cycle-start id="1970" type="partial gc" contextid="0" timestamp="2019-09-21T21:28:10.453" intervalms="642.645" />
<gc-start id="1971" type="partial gc" contextid="1970" timestamp="2019-09-21T21:28:10.453">
  <mem-info id="1972" free="6291456" total="200278016" percent="3">
    <mem type="eden" free="0" total="56623104" percent="0" />
    <remembered-set count="9664" freebytes="7955840" totalbytes="7994496" percent="99" regionsoverflowed="0" regionsstable="1" regionsrebuilding="0"/>
  </mem-info>
</gc-start>
<allocation-stats totalBytes="56541224" >
  <allocated-bytes non-tlh="8200" tlh="56533024" arrayletleaf="0"/>
  <largest-consumer threadName="Thread-6" threadId="000000000234AF00" bytes="8192448" />
</allocation-stats>
<gc-op id="1973" type="copy forward" timems="2.473" contextid="1970" timestamp="2019-09-21T21:28:10.456">
  <memory-copied type="eden" objects="5332" bytes="2094280" bytesdiscarded="338336" />
  <memory-copied type="other" objects="11" bytes="344" bytesdiscarded="624" />
  <memory-cardclean objects="1833" bytes="150072" />
  <regions eden="54" other="4" />
  <remembered-set-cleared processed="3612" cleared="753" durationms="0.176" />
  <references type="weak" candidates="1" cleared="0" enqueued="0" />
  <references type="phantom" candidates="1" cleared="0" enqueued="0" />
  <stringconstants candidates="3963" cleared="0"  />
</gc-op>
<gc-op id="1974" type="classunload" timems="0.002" contextid="1970" timestamp="2019-09-21T21:28:10.457">
  <classunload-info classloadercandidates="20" classloadersunloaded="0" classesunloaded="0" anonymousclassesunloaded="0" quiescems="0.000" setupms="0.002" scanms="0.000" postms="0.000" />
</gc-op>
<heap-resize id="1975" type="expand" space="default" amount="1048576" count="1" timems="0.053" reason="insufficient free space following gc" timestamp="2019-09-21T21:28:10.457" />
<gc-end id="1976" type="partial gc" contextid="1970" durationms="3.736" usertimems="4.000" systemtimems="4.000" timestamp="2019-09-21T21:28:10.457" activeThreads="8">
  <mem-info id="1977" free="62914560" total="201326592" percent="31">
    <mem type="eden" free="712976" total="3145728" percent="22" />
    <remembered-set count="10432" freebytes="7994624" totalbytes="8036352" percent="99" regionsoverflowed="0" regionsstable="1" regionsrebuilding="0"/>
  </mem-info>
</gc-end>
<cycle-end id="1978" type="partial gc" contextid="1970" timestamp="2019-09-21T21:28:10.457" />
  <attribute name="elasticGC enabled" value="1" />
  <attribute name= "numThreadsSpecified" value="8" />
  <attribute name="heapSize specified" value="0" />
  <attribute name="Current GC Util" value="79" />
  <attribute name= "Current Time Running" value="67472" />
  <attribute name ="GC Interval" value="0" />
  <attribute name="Target GC Util Change" value ="40.000000" />
  <attribute name="Current GC Util Change" value="79.000000"/>
  <attribute name="Current Error" value="-5.000000" />
  <attribute name="Output H" value="200315856"/>
  <attribute name="Output I" value="2000"/>
  <attribute name="Output T" value="8"/>
  <attribute name= "Current Time Running" value="67472" />
  <attribute name="GC Util currently" value="79" />
  <attribute name="CPU Util currently" value="8308206416728" />
<exclusive-end id="1979" timestamp="2019-09-21T21:28:10.458" durationms="4.620" />

<exclusive-start id="1980" timestamp="2019-09-21T21:28:11.063" intervalms="610.504">
  <response-info timems="0.043" idlems="0.043" threads="0" lastid="0000000002356300" lastname="Thread-9" />
</exclusive-start>
<allocation-taxation id="1981" taxation-threshold="56623104" timestamp="2019-09-21T21:28:11.064" intervalms="610.579" />
<cycle-start id="1982" type="partial gc" contextid="0" timestamp="2019-09-21T21:28:11.064" intervalms="610.591" />
<gc-start id="1983" type="partial gc" contextid="1982" timestamp="2019-09-21T21:28:11.064">
  <mem-info id="1984" free="6291456" total="201326592" percent="3">
    <mem type="eden" free="0" total="56623104" percent="0" />
    <remembered-set count="10272" freebytes="7995264" totalbytes="8036352" percent="99" regionsoverflowed="0" regionsstable="1" regionsrebuilding="0"/>
  </mem-info>
</gc-start>
<allocation-stats totalBytes="56488856" >
  <allocated-bytes non-tlh="32784" tlh="56456072" arrayletleaf="0"/>
  <largest-consumer threadName="Thread-9" threadId="0000000002356300" bytes="8015752" />
</allocation-stats>
<gc-op id="1985" type="copy forward" timems="2.237" contextid="1982" timestamp="2019-09-21T21:28:11.067">
  <memory-copied type="eden" objects="5049" bytes="2046984" bytesdiscarded="237104" />
  <memory-copied type="other" objects="8" bytes="288" bytesdiscarded="0" />
  <memory-cardclean objects="1849" bytes="151080" />
  <regions eden="54" other="4" />
  <remembered-set-cleared processed="3659" cleared="809" durationms="0.177" />
  <references type="weak" candidates="1" cleared="0" enqueued="0" />
  <references type="phantom" candidates="3" cleared="0" enqueued="0" />
  <stringconstants candidates="3963" cleared="0"  />
</gc-op>
<gc-op id="1986" type="classunload" timems="0.003" contextid="1982" timestamp="2019-09-21T21:28:11.067">
  <classunload-info classloadercandidates="20" classloadersunloaded="0" classesunloaded="0" anonymousclassesunloaded="0" quiescems="0.000" setupms="0.003" scanms="0.000" postms="0.000" />
</gc-op>
<heap-resize id="1987" type="expand" space="default" amount="1048576" count="1" timems="0.054" reason="insufficient free space following gc" timestamp="2019-09-21T21:28:11.067" />
<gc-end id="1988" type="partial gc" contextid="1982" durationms="3.461" usertimems="0.000" systemtimems="8.000" timestamp="2019-09-21T21:28:11.067" activeThreads="8">
  <mem-info id="1989" free="62914560" total="202375168" percent="31">
    <mem type="eden" free="861496" total="3145728" percent="27" />
    <remembered-set count="10400" freebytes="8036608" totalbytes="8078208" percent="99" regionsoverflowed="0" regionsstable="1" regionsrebuilding="0"/>
  </mem-info>
</gc-end>
<cycle-end id="1990" type="partial gc" contextid="1982" timestamp="2019-09-21T21:28:11.068" />
  <attribute name="elasticGC enabled" value="1" />
  <attribute name= "numThreadsSpecified" value="8" />
  <attribute name="heapSize specified" value="0" />
  <attribute name="Current GC Util" value="83" />
  <attribute name= "Current Time Running" value="68082" />
  <attribute name ="GC Interval" value="0" />
  <attribute name="Target GC Util Change" value ="40.000000" />
  <attribute name="Current GC Util Change" value="83.000000"/>
  <attribute name="Current Error" value="-3.000000" />
  <attribute name="Output H" value="201364432"/>
  <attribute name="Output I" value="2000"/>
  <attribute name="Output T" value="8"/>
  <attribute name= "Current Time Running" value="68082" />
  <attribute name="GC Util currently" value="83" />
  <attribute name="CPU Util currently" value="8353292973511" />
<exclusive-end id="1991" timestamp="2019-09-21T21:28:11.068" durationms="4.327" />

<exclusive-start id="1992" timestamp="2019-09-21T21:28:11.683" intervalms="619.228">
  <response-info timems="0.071" idlems="0.071" threads="0" lastid="0000000002347300" lastname="Thread-5" />
</exclusive-start>
<allocation-taxation id="1993" taxation-threshold="56623104" timestamp="2019-09-21T21:28:11.683" intervalms="619.192" />
<cycle-start id="1994" type="partial gc" contextid="0" timestamp="2019-09-21T21:28:11.683" intervalms="619.186" />
<gc-start id="1995" type="partial gc" contextid="1994" timestamp="2019-09-21T21:28:11.683">
  <mem-info id="1996" free="6291456" total="202375168" percent="3">
    <mem type="eden" free="0" total="56623104" percent="0" />
    <remembered-set count="10240" freebytes="8037248" totalbytes="8078208" percent="99" regionsoverflowed="0" regionsstable="1" regionsrebuilding="0"/>
  </mem-info>
</gc-start>
<allocation-stats totalBytes="56515896" >
  <allocated-bytes non-tlh="65560" tlh="56450336" arrayletleaf="0"/>
  <largest-consumer threadName="Thread-7" threadId="000000000234EB00" bytes="8631416" />
</allocation-stats>
<gc-op id="1997" type="copy forward" timems="2.016" contextid="1994" timestamp="2019-09-21T21:28:11.686">
  <memory-copied type="eden" objects="4655" bytes="1916176" bytesdiscarded="284888" />
  <memory-copied type="other" objects="8" bytes="288" bytesdiscarded="0" />
  <memory-cardclean objects="1849" bytes="150880" />
  <regions eden="54" other="4" />
  <remembered-set-cleared processed="3628" cleared="774" durationms="0.199" />
  <references type="phantom" candidates="1" cleared="0" enqueued="0" />
  <stringconstants candidates="3963" cleared="0"  />
</gc-op>
<gc-op id="1998" type="classunload" timems="0.003" contextid="1994" timestamp="2019-09-21T21:28:11.686">
  <classunload-info classloadercandidates="20" classloadersunloaded="0" classesunloaded="0" anonymousclassesunloaded="0" quiescems="0.000" setupms="0.003" scanms="0.000" postms="0.000" />
</gc-op>
<heap-resize id="1999" type="expand" space="default" amount="2097152" count="1" timems="0.062" reason="insufficient free space following gc" timestamp="2019-09-21T21:28:11.686" />
<gc-end id="2000" type="partial gc" contextid="1994" durationms="3.286" usertimems="4.000" systemtimems="0.000" timestamp="2019-09-21T21:28:11.686" activeThreads="8">
  <mem-info id="2001" free="63963136" total="204472320" percent="31">
    <mem type="eden" free="944528" total="3145728" percent="30" />
    <remembered-set count="10912" freebytes="8118272" totalbytes="8161920" percent="99" regionsoverflowed="0" regionsstable="1" regionsrebuilding="0"/>
  </mem-info>
</gc-end>
<cycle-end id="2002" type="partial gc" contextid="1994" timestamp="2019-09-21T21:28:11.687" />
  <attribute name="elasticGC enabled" value="1" />
  <attribute name= "numThreadsSpecified" value="8" />
  <attribute name="heapSize specified" value="0" />
  <attribute name="Current GC Util" value="84" />
  <attribute name= "Current Time Running" value="68701" />
  <attribute name ="GC Interval" value="0" />
  <attribute name="Target GC Util Change" value ="40.000000" />
  <attribute name="Current GC Util Change" value="84.000000"/>
  <attribute name="Current Error" value="-7.000000" />
  <attribute name="Output H" value="202413008"/>
  <attribute name="Output I" value="2000"/>
  <attribute name="Output T" value="8"/>
  <attribute name= "Current Time Running" value="68701" />
  <attribute name="GC Util currently" value="84" />
  <attribute name="CPU Util currently" value="8109656608031" />
<exclusive-end id="2003" timestamp="2019-09-21T21:28:11.687" durationms="4.344" />

<exclusive-start id="2004" timestamp="2019-09-21T21:28:12.333" intervalms="650.118">
  <response-info timems="0.046" idlems="0.046" threads="0" lastid="000000000234AF00" lastname="Thread-6" />
</exclusive-start>
<allocation-taxation id="2005" taxation-threshold="57671680" timestamp="2019-09-21T21:28:12.333" intervalms="650.105" />
<cycle-start id="2006" type="partial gc" contextid="0" timestamp="2019-09-21T21:28:12.333" intervalms="650.112" />
<gc-start id="2007" type="partial gc" contextid="2006" timestamp="2019-09-21T21:28:12.333">
  <mem-info id="2008" free="6291456" total="204472320" percent="3">
    <mem type="eden" free="0" total="57671680" percent="0" />
    <remembered-set count="10464" freebytes="8120064" totalbytes="8161920" percent="99" regionsoverflowed="0" regionsstable="1" regionsrebuilding="0"/>
  </mem-info>
</gc-start>
<allocation-stats totalBytes="57650704" >
  <allocated-bytes non-tlh="32776" tlh="57617928" arrayletleaf="0"/>
  <largest-consumer threadName="Thread-5" threadId="0000000002347300" bytes="8462760" />
</allocation-stats>
<gc-op id="2009" type="copy forward" timems="2.041" contextid="2006" timestamp="2019-09-21T21:28:12.336">
  <memory-copied type="eden" objects="5485" bytes="2101016" bytesdiscarded="322592" />
  <memory-copied type="other" objects="8" bytes="288" bytesdiscarded="0" />
  <memory-cardclean objects="1882" bytes="152776" />
  <regions eden="55" other="4" />
  <remembered-set-cleared processed="3583" cleared="747" durationms="0.178" />
  <stringconstants candidates="3963" cleared="0"  />
</gc-op>
<gc-op id="2010" type="classunload" timems="0.003" contextid="2006" timestamp="2019-09-21T21:28:12.336">
  <classunload-info classloadercandidates="20" classloadersunloaded="0" classesunloaded="0" anonymousclassesunloaded="0" quiescems="0.000" setupms="0.002" scanms="0.000" postms="0.000" />
</gc-op>
<heap-resize id="2011" type="expand" space="default" amount="1048576" count="1" timems="0.056" reason="insufficient free space following gc" timestamp="2019-09-21T21:28:12.336" />
<gc-end id="2012" type="partial gc" contextid="2006" durationms="3.295" usertimems="8.000" systemtimems="0.000" timestamp="2019-09-21T21:28:12.337" activeThreads="8">
  <mem-info id="2013" free="63963136" total="205520896" percent="31">
    <mem type="eden" free="721992" total="3145728" percent="22" />
    <remembered-set count="9888" freebytes="8164224" totalbytes="8203776" percent="99" regionsoverflowed="0" regionsstable="1" regionsrebuilding="0"/>
  </mem-info>
</gc-end>
<cycle-end id="2014" type="partial gc" contextid="2006" timestamp="2019-09-21T21:28:12.337" />
  <attribute name="elasticGC enabled" value="1" />
  <attribute name= "numThreadsSpecified" value="8" />
  <attribute name="heapSize specified" value="0" />
  <attribute name="Current GC Util" value="73" />
  <attribute name= "Current Time Running" value="69352" />
  <attribute name ="GC Interval" value="0" />
  <attribute name="Target GC Util Change" value ="40.000000" />
  <attribute name="Current GC Util Change" value="73.000000"/>
  <attribute name="Current Error" value="0.000000" />
  <attribute name="Output H" value="204510160"/>
  <attribute name="Output I" value="2000"/>
  <attribute name="Output T" value="8"/>
  <attribute name= "Current Time Running" value="69352" />
  <attribute name="GC Util currently" value="73" />
  <attribute name="CPU Util currently" value="7506170363192" />
<exclusive-end id="2015" timestamp="2019-09-21T21:28:12.337" durationms="4.173" />

<exclusive-start id="2016" timestamp="2019-09-21T21:28:12.963" intervalms="629.825">
  <response-info timems="0.057" idlems="0.057" threads="0" lastid="0000000002356300" lastname="Thread-9" />
</exclusive-start>
<allocation-taxation id="2017" taxation-threshold="57671680" timestamp="2019-09-21T21:28:12.963" intervalms="629.812" />
<cycle-start id="2018" type="partial gc" contextid="0" timestamp="2019-09-21T21:28:12.963" intervalms="629.813" />
<gc-start id="2019" type="partial gc" contextid="2018" timestamp="2019-09-21T21:28:12.963">
  <mem-info id="2020" free="6291456" total="205520896" percent="3">
    <mem type="eden" free="0" total="57671680" percent="0" />
    <remembered-set count="9760" freebytes="8164736" totalbytes="8203776" percent="99" regionsoverflowed="0" regionsstable="1" regionsrebuilding="0"/>
  </mem-info>
</gc-start>
<allocation-stats totalBytes="57588896" >
  <allocated-bytes non-tlh="49168" tlh="57539728" arrayletleaf="0"/>
  <largest-consumer threadName="Thread-5" threadId="0000000002347300" bytes="8445664" />
</allocation-stats>
<gc-op id="2021" type="copy forward" timems="2.315" contextid="2018" timestamp="2019-09-21T21:28:12.966">
  <memory-copied type="eden" objects="4977" bytes="1899608" bytesdiscarded="167064" />
  <memory-copied type="other" objects="12" bytes="432" bytesdiscarded="0" />
  <memory-cardclean objects="1872" bytes="152792" />
  <regions eden="55" other="4" />
  <remembered-set-cleared processed="3662" cleared="829" durationms="0.242" />
  <stringconstants candidates="3963" cleared="0"  />
</gc-op>
<gc-op id="2022" type="classunload" timems="0.002" contextid="2018" timestamp="2019-09-21T21:28:12.966">
  <classunload-info classloadercandidates="20" classloadersunloaded="0" classesunloaded="0" anonymousclassesunloaded="0" quiescems="0.000" setupms="0.002" scanms="0.000" postms="0.000" />
</gc-op>
<gc-end id="2023" type="partial gc" contextid="2018" durationms="3.428" usertimems="4.000" systemtimems="4.000" timestamp="2019-09-21T21:28:12.966" activeThreads="8">
  <mem-info id="2024" free="65011712" total="205520896" percent="31">
    <mem type="eden" free="30352" total="2097152" percent="1" />
    <remembered-set count="9376" freebytes="8166272" totalbytes="8203776" percent="99" regionsoverflowed="0" regionsstable="1" regionsrebuilding="0"/>
  </mem-info>
</gc-end>
<cycle-end id="2025" type="partial gc" contextid="2018" timestamp="2019-09-21T21:28:12.967" />
  <attribute name="elasticGC enabled" value="1" />
  <attribute name= "numThreadsSpecified" value="8" />
  <attribute name="heapSize specified" value="0" />
  <attribute name="Current GC Util" value="75" />
  <attribute name= "Current Time Running" value="69981" />
  <attribute name ="GC Interval" value="0" />
  <attribute name="Target GC Util Change" value ="40.000000" />
  <attribute name="Current GC Util Change" value="75.000000"/>
  <attribute name="Current Error" value="5.000000" />
  <attribute name="Output H" value="205558744"/>
  <attribute name="Output I" value="2008"/>
  <attribute name="Output T" value="8"/>
  <attribute name= "Current Time Running" value="69981" />
  <attribute name="GC Util currently" value="75" />
  <attribute name="CPU Util currently" value="8238390053872" />
<exclusive-end id="2026" timestamp="2019-09-21T21:28:12.967" durationms="4.306" />

<exclusive-start id="2027" timestamp="2019-09-21T21:28:13.591" intervalms="628.347">
  <response-info timems="0.037" idlems="0.037" threads="0" lastid="0000000002343800" lastname="Thread-4" />
</exclusive-start>
<allocation-taxation id="2028" taxation-threshold="57671680" timestamp="2019-09-21T21:28:13.591" intervalms="628.365" />
<cycle-start id="2029" type="partial gc" contextid="0" timestamp="2019-09-21T21:28:13.591" intervalms="628.348" />
<gc-start id="2030" type="partial gc" contextid="2029" timestamp="2019-09-21T21:28:13.591">
  <mem-info id="2031" free="7340032" total="205520896" percent="3">
    <mem type="eden" free="0" total="57671680" percent="0" />
    <remembered-set count="9280" freebytes="8166656" totalbytes="8203776" percent="99" regionsoverflowed="0" regionsstable="1" regionsrebuilding="0"/>
  </mem-info>
</gc-start>
<allocation-stats totalBytes="57548272" >
  <allocated-bytes non-tlh="32776" tlh="57515496" arrayletleaf="0"/>
  <largest-consumer threadName="Thread-10" threadId="0000000002359F00" bytes="8654416" />
</allocation-stats>
<gc-op id="2032" type="copy forward" timems="2.765" contextid="2029" timestamp="2019-09-21T21:28:13.595">
  <memory-copied type="eden" objects="5117" bytes="2030616" bytesdiscarded="204576" />
  <memory-copied type="other" objects="12" bytes="432" bytesdiscarded="0" />
  <memory-cardclean objects="1880" bytes="153080" />
  <regions eden="55" other="3" />
  <remembered-set-cleared processed="3607" cleared="773" durationms="0.185" />
  <references type="weak" candidates="1" cleared="0" enqueued="0" />
  <references type="phantom" candidates="1" cleared="0" enqueued="0" />
  <stringconstants candidates="3963" cleared="0"  />
</gc-op>
<gc-op id="2033" type="classunload" timems="0.003" contextid="2029" timestamp="2019-09-21T21:28:13.595">
  <classunload-info classloadercandidates="20" classloadersunloaded="0" classesunloaded="0" anonymousclassesunloaded="0" quiescems="0.000" setupms="0.003" scanms="0.000" postms="0.000" />
</gc-op>
<heap-resize id="2034" type="expand" space="default" amount="2097152" count="1" timems="0.072" reason="insufficient free space following gc" timestamp="2019-09-21T21:28:13.595" />
<gc-end id="2035" type="partial gc" contextid="2029" durationms="4.110" usertimems="4.000" systemtimems="0.000" timestamp="2019-09-21T21:28:13.595" activeThreads="8">
  <mem-info id="2036" free="65011712" total="207618048" percent="31">
    <mem type="eden" free="910400" total="3145728" percent="28" />
    <remembered-set count="10400" freebytes="8245888" totalbytes="8287488" percent="99" regionsoverflowed="0" regionsstable="1" regionsrebuilding="0"/>
  </mem-info>
</gc-end>
<cycle-end id="2037" type="partial gc" contextid="2029" timestamp="2019-09-21T21:28:13.596" />
  <attribute name="elasticGC enabled" value="1" />
  <attribute name= "numThreadsSpecified" value="8" />
  <attribute name="heapSize specified" value="0" />
  <attribute name="Current GC Util" value="68" />
  <attribute name= "Current Time Running" value="70610" />
  <attribute name ="GC Interval" value="0" />
  <attribute name="Target GC Util Change" value ="40.000000" />
  <attribute name="Current GC Util Change" value="68.000000"/>
  <attribute name="Current Error" value="17.000000" />
  <attribute name="Output H" value="205558752"/>
  <attribute name="Output I" value="2016"/>
  <attribute name="Output T" value="8"/>
  <attribute name= "Current Time Running" value="70610" />
  <attribute name="GC Util currently" value="68" />
  <attribute name="CPU Util currently" value="6483096668536" />
<exclusive-end id="2038" timestamp="2019-09-21T21:28:13.596" durationms="4.895" />

<exclusive-start id="2039" timestamp="2019-09-21T21:28:14.189" intervalms="597.809">
  <response-info timems="0.052" idlems="0.052" threads="0" lastid="0000000002352700" lastname="Thread-8" />
</exclusive-start>
<allocation-taxation id="2040" taxation-threshold="57671680" timestamp="2019-09-21T21:28:14.189" intervalms="597.824" />
<cycle-start id="2041" type="partial gc" contextid="0" timestamp="2019-09-21T21:28:14.189" intervalms="597.833" />
<gc-start id="2042" type="partial gc" contextid="2041" timestamp="2019-09-21T21:28:14.189">
  <mem-info id="2043" free="7340032" total="207618048" percent="3">
    <mem type="eden" free="0" total="57671680" percent="0" />
    <remembered-set count="10208" freebytes="8246656" totalbytes="8287488" percent="99" regionsoverflowed="0" regionsstable="1" regionsrebuilding="0"/>
  </mem-info>
</gc-start>
<allocation-stats totalBytes="57501480" >
  <allocated-bytes non-tlh="0" tlh="57501480" arrayletleaf="0"/>
  <largest-consumer threadName="Thread-6" threadId="000000000234AF00" bytes="8892688" />
</allocation-stats>
<gc-op id="2044" type="copy forward" timems="2.413" contextid="2041" timestamp="2019-09-21T21:28:14.192">
  <memory-copied type="eden" objects="4423" bytes="1756808" bytesdiscarded="246528" />
  <memory-copied type="other" objects="12" bytes="432" bytesdiscarded="0" />
  <memory-cardclean objects="1897" bytes="153568" />
  <regions eden="55" other="4" />
  <remembered-set-cleared processed="3638" cleared="805" durationms="0.193" />
  <references type="phantom" candidates="1" cleared="0" enqueued="0" />
  <stringconstants candidates="3963" cleared="0"  />
</gc-op>
<gc-op id="2045" type="classunload" timems="0.003" contextid="2041" timestamp="2019-09-21T21:28:14.192">
  <classunload-info classloadercandidates="20" classloadersunloaded="0" classesunloaded="0" anonymousclassesunloaded="0" quiescems="0.000" setupms="0.003" scanms="0.000" postms="0.000" />
</gc-op>
<heap-resize id="2046" type="expand" space="default" amount="1048576" count="1" timems="0.055" reason="insufficient free space following gc" timestamp="2019-09-21T21:28:14.193" />
<gc-end id="2047" type="partial gc" contextid="2041" durationms="3.519" usertimems="8.000" systemtimems="0.000" timestamp="2019-09-21T21:28:14.193" activeThreads="8">
  <mem-info id="2048" free="65011712" total="208666624" percent="31">
    <mem type="eden" free="1142264" total="3145728" percent="36" />
    <remembered-set count="9888" freebytes="8289792" totalbytes="8329344" percent="99" regionsoverflowed="0" regionsstable="1" regionsrebuilding="0"/>
  </mem-info>
</gc-end>
<cycle-end id="2049" type="partial gc" contextid="2041" timestamp="2019-09-21T21:28:14.193" />
  <attribute name="elasticGC enabled" value="1" />
  <attribute name= "numThreadsSpecified" value="8" />
  <attribute name="heapSize specified" value="0" />
  <attribute name="Current GC Util" value="75" />
  <attribute name= "Current Time Running" value="71208" />
  <attribute name ="GC Interval" value="0" />
  <attribute name="Target GC Util Change" value ="40.000000" />
  <attribute name="Current GC Util Change" value="75.000000"/>
  <attribute name="Current Error" value="21.000000" />
  <attribute name="Output H" value="207655904"/>
  <attribute name="Output I" value="2016"/>
  <attribute name="Output T" value="8"/>
  <attribute name= "Current Time Running" value="71208" />
  <attribute name="GC Util currently" value="75" />
  <attribute name="CPU Util currently" value="7616754671665" />
<exclusive-end id="2050" timestamp="2019-09-21T21:28:14.193" durationms="4.306" />

<exclusive-start id="2051" timestamp="2019-09-21T21:28:14.833" intervalms="644.244">
  <response-info timems="0.072" idlems="0.072" threads="0" lastid="0000000002343800" lastname="Thread-4" />
</exclusive-start>
<allocation-taxation id="2052" taxation-threshold="58720256" timestamp="2019-09-21T21:28:14.833" intervalms="644.242" />
<cycle-start id="2053" type="partial gc" contextid="0" timestamp="2019-09-21T21:28:14.833" intervalms="644.235" />
<gc-start id="2054" type="partial gc" contextid="2053" timestamp="2019-09-21T21:28:14.833">
  <mem-info id="2055" free="6291456" total="208666624" percent="3">
    <mem type="eden" free="0" total="58720256" percent="0" />
    <remembered-set count="9568" freebytes="8291072" totalbytes="8329344" percent="99" regionsoverflowed="0" regionsstable="1" regionsrebuilding="0"/>
  </mem-info>
</gc-start>
<allocation-stats totalBytes="58663880" >
  <allocated-bytes non-tlh="32784" tlh="58631096" arrayletleaf="0"/>
  <largest-consumer threadName="Thread-9" threadId="0000000002356300" bytes="9500400" />
</allocation-stats>
<gc-op id="2056" type="copy forward" timems="2.193" contextid="2053" timestamp="2019-09-21T21:28:14.836">
  <memory-copied type="eden" objects="4096" bytes="1732952" bytesdiscarded="208328" />
  <memory-copied type="other" objects="12" bytes="432" bytesdiscarded="0" />
  <memory-cardclean objects="1862" bytes="152352" />
  <regions eden="56" other="4" />
  <remembered-set-cleared processed="3566" cleared="721" durationms="0.179" />
  <references type="weak" candidates="1" cleared="0" enqueued="0" />
  <references type="phantom" candidates="2" cleared="0" enqueued="0" />
  <stringconstants candidates="3963" cleared="0"  />
</gc-op>
<gc-op id="2057" type="classunload" timems="0.003" contextid="2053" timestamp="2019-09-21T21:28:14.836">
  <classunload-info classloadercandidates="20" classloadersunloaded="0" classesunloaded="0" anonymousclassesunloaded="0" quiescems="0.000" setupms="0.003" scanms="0.000" postms="0.000" />
</gc-op>
<gc-end id="2058" type="partial gc" contextid="2053" durationms="3.293" usertimems="4.000" systemtimems="0.000" timestamp="2019-09-21T21:28:14.837" activeThreads="8">
  <mem-info id="2059" free="65011712" total="208666624" percent="31">
    <mem type="eden" free="155744" total="2097152" percent="7" />
    <remembered-set count="10336" freebytes="8288000" totalbytes="8329344" percent="99" regionsoverflowed="0" regionsstable="1" regionsrebuilding="0"/>
  </mem-info>
</gc-end>
<cycle-end id="2060" type="partial gc" contextid="2053" timestamp="2019-09-21T21:28:14.837" />
  <attribute name="elasticGC enabled" value="1" />
  <attribute name= "numThreadsSpecified" value="8" />
  <attribute name="heapSize specified" value="0" />
  <attribute name="Current GC Util" value="76" />
  <attribute name= "Current Time Running" value="71852" />
  <attribute name ="GC Interval" value="0" />
  <attribute name="Target GC Util Change" value ="40.000000" />
  <attribute name="Current GC Util Change" value="76.000000"/>
  <attribute name="Current Error" value="4.000000" />
  <attribute name="Output H" value="208704472"/>
  <attribute name="Output I" value="2008"/>
  <attribute name="Output T" value="8"/>
  <attribute name= "Current Time Running" value="71852" />
  <attribute name="GC Util currently" value="76" />
  <attribute name="CPU Util currently" value="7391991331833" />
<exclusive-end id="2061" timestamp="2019-09-21T21:28:14.837" durationms="4.149" />

<exclusive-start id="2062" timestamp="2019-09-21T21:28:15.490" intervalms="657.386">
  <response-info timems="0.064" idlems="0.064" threads="0" lastid="000000000234EB00" lastname="Thread-7" />
</exclusive-start>
<allocation-taxation id="2063" taxation-threshold="58720256" timestamp="2019-09-21T21:28:15.490" intervalms="657.359" />
<cycle-start id="2064" type="partial gc" contextid="0" timestamp="2019-09-21T21:28:15.491" intervalms="657.366" />
<gc-start id="2065" type="partial gc" contextid="2064" timestamp="2019-09-21T21:28:15.491">
  <mem-info id="2066" free="6291456" total="208666624" percent="3">
    <mem type="eden" free="0" total="58720256" percent="0" />
    <remembered-set count="10208" freebytes="8288512" totalbytes="8329344" percent="99" regionsoverflowed="0" regionsstable="1" regionsrebuilding="0"/>
  </mem-info>
</gc-start>
<allocation-stats totalBytes="58653456" >
  <allocated-bytes non-tlh="49168" tlh="58604288" arrayletleaf="0"/>
  <largest-consumer threadName="Thread-10" threadId="0000000002359F00" bytes="8974016" />
</allocation-stats>
<gc-op id="2067" type="copy forward" timems="2.280" contextid="2064" timestamp="2019-09-21T21:28:15.494">
  <memory-copied type="eden" objects="4834" bytes="1995344" bytesdiscarded="291080" />
  <memory-copied type="other" objects="13" bytes="536" bytesdiscarded="0" />
  <memory-cardclean objects="1857" bytes="152280" />
  <regions eden="56" other="3" />
  <remembered-set-cleared processed="3553" cleared="713" durationms="0.179" />
  <references type="phantom" candidates="1" cleared="0" enqueued="0" />
  <stringconstants candidates="3963" cleared="0"  />
</gc-op>
<gc-op id="2068" type="classunload" timems="0.002" contextid="2064" timestamp="2019-09-21T21:28:15.494">
  <classunload-info classloadercandidates="20" classloadersunloaded="0" classesunloaded="0" anonymousclassesunloaded="0" quiescems="0.000" setupms="0.002" scanms="0.000" postms="0.000" />
</gc-op>
<heap-resize id="2069" type="expand" space="default" amount="2097152" count="1" timems="0.074" reason="insufficient free space following gc" timestamp="2019-09-21T21:28:15.494" />
<gc-end id="2070" type="partial gc" contextid="2064" durationms="3.470" usertimems="4.000" systemtimems="0.000" timestamp="2019-09-21T21:28:15.494" activeThreads="8">
  <mem-info id="2071" free="65011712" total="210763776" percent="30">
    <mem type="eden" free="859160" total="3145728" percent="27" />
    <remembered-set count="10368" freebytes="8371584" totalbytes="8413056" percent="99" regionsoverflowed="0" regionsstable="1" regionsrebuilding="0"/>
  </mem-info>
</gc-end>
<cycle-end id="2072" type="partial gc" contextid="2064" timestamp="2019-09-21T21:28:15.494" />
  <attribute name="elasticGC enabled" value="1" />
  <attribute name= "numThreadsSpecified" value="8" />
  <attribute name="heapSize specified" value="0" />
  <attribute name="Current GC Util" value="80" />
  <attribute name= "Current Time Running" value="72509" />
  <attribute name ="GC Interval" value="0" />
  <attribute name="Target GC Util Change" value ="40.000000" />
  <attribute name="Current GC Util Change" value="80.000000"/>
  <attribute name="Current Error" value="4.000000" />
  <attribute name="Output H" value="208704472"/>
  <attribute name="Output I" value="2008"/>
  <attribute name="Output T" value="8"/>
  <attribute name= "Current Time Running" value="72509" />
  <attribute name="GC Util currently" value="80" />
  <attribute name="CPU Util currently" value="7933428265274" />
<exclusive-end id="2073" timestamp="2019-09-21T21:28:15.495" durationms="4.248" />

<exclusive-start id="2074" timestamp="2019-09-21T21:28:16.124" intervalms="633.800">
  <response-info timems="0.056" idlems="0.056" threads="0" lastid="0000000002356300" lastname="Thread-9" />
</exclusive-start>
<allocation-taxation id="2075" taxation-threshold="58720256" timestamp="2019-09-21T21:28:16.124" intervalms="633.833" />
<cycle-start id="2076" type="partial gc" contextid="0" timestamp="2019-09-21T21:28:16.124" intervalms="633.840" />
<gc-start id="2077" type="partial gc" contextid="2076" timestamp="2019-09-21T21:28:16.125">
  <mem-info id="2078" free="6291456" total="210763776" percent="2">
    <mem type="eden" free="0" total="58720256" percent="0" />
    <remembered-set count="10336" freebytes="8371712" totalbytes="8413056" percent="99" regionsoverflowed="0" regionsstable="1" regionsrebuilding="0"/>
  </mem-info>
</gc-start>
<allocation-stats totalBytes="58650040" >
  <allocated-bytes non-tlh="16392" tlh="58633648" arrayletleaf="0"/>
  <largest-consumer threadName="Thread-5" threadId="0000000002347300" bytes="9058080" />
</allocation-stats>
<gc-op id="2079" type="copy forward" timems="2.409" contextid="2076" timestamp="2019-09-21T21:28:16.128">
  <memory-copied type="eden" objects="5356" bytes="2002088" bytesdiscarded="153208" />
  <memory-copied type="other" objects="13" bytes="536" bytesdiscarded="0" />
  <memory-cardclean objects="1851" bytes="151880" />
  <regions eden="56" other="4" />
  <remembered-set-cleared processed="3614" cleared="771" durationms="0.180" />
  <stringconstants candidates="3963" cleared="0"  />
</gc-op>
<gc-op id="2080" type="classunload" timems="0.003" contextid="2076" timestamp="2019-09-21T21:28:16.128">
  <classunload-info classloadercandidates="20" classloadersunloaded="0" classesunloaded="0" anonymousclassesunloaded="0" quiescems="0.000" setupms="0.003" scanms="0.000" postms="0.000" />
</gc-op>
<heap-resize id="2081" type="expand" space="default" amount="1048576" count="1" timems="0.057" reason="insufficient free space following gc" timestamp="2019-09-21T21:28:16.128" />
<gc-end id="2082" type="partial gc" contextid="2076" durationms="3.559" usertimems="8.000" systemtimems="0.000" timestamp="2019-09-21T21:28:16.128" activeThreads="8">
  <mem-info id="2083" free="65011712" total="211812352" percent="30">
    <mem type="eden" free="990304" total="3145728" percent="31" />
    <remembered-set count="9856" freebytes="8415488" totalbytes="8454912" percent="99" regionsoverflowed="0" regionsstable="1" regionsrebuilding="0"/>
  </mem-info>
</gc-end>
<cycle-end id="2084" type="partial gc" contextid="2076" timestamp="2019-09-21T21:28:16.128" />
  <attribute name="elasticGC enabled" value="1" />
  <attribute name= "numThreadsSpecified" value="8" />
  <attribute name="heapSize specified" value="0" />
  <attribute name="Current GC Util" value="68" />
  <attribute name= "Current Time Running" value="73143" />
  <attribute name ="GC Interval" value="0" />
  <attribute name="Target GC Util Change" value ="40.000000" />
  <attribute name="Current GC Util Change" value="68.000000"/>
  <attribute name="Current Error" value="16.000000" />
  <attribute name="Output H" value="210801632"/>
  <attribute name="Output I" value="2016"/>
  <attribute name="Output T" value="8"/>
  <attribute name= "Current Time Running" value="73143" />
  <attribute name="GC Util currently" value="68" />
  <attribute name="CPU Util currently" value="7580820440681" />
<exclusive-end id="2085" timestamp="2019-09-21T21:28:16.129" durationms="4.451" />

<exclusive-start id="2086" timestamp="2019-09-21T21:28:16.731" intervalms="606.416">
  <response-info timems="0.037" idlems="0.037" threads="0" lastid="000000000233FC00" lastname="Thread-3" />
</exclusive-start>
<allocation-taxation id="2087" taxation-threshold="58720256" timestamp="2019-09-21T21:28:16.731" intervalms="606.425" />
<cycle-start id="2088" type="partial gc" contextid="0" timestamp="2019-09-21T21:28:16.731" intervalms="606.432" />
<gc-start id="2089" type="partial gc" contextid="2088" timestamp="2019-09-21T21:28:16.731">
  <mem-info id="2090" free="6291456" total="211812352" percent="2">
    <mem type="eden" free="0" total="58720256" percent="0" />
    <remembered-set count="9824" freebytes="8415616" totalbytes="8454912" percent="99" regionsoverflowed="0" regionsstable="1" regionsrebuilding="0"/>
  </mem-info>
</gc-start>
<allocation-stats totalBytes="58656488" >
  <allocated-bytes non-tlh="32776" tlh="58623712" arrayletleaf="0"/>
  <largest-consumer threadName="Thread-3" threadId="000000000233FC00" bytes="8663312" />
</allocation-stats>
<gc-op id="2091" type="copy forward" timems="2.329" contextid="2088" timestamp="2019-09-21T21:28:16.734">
  <memory-copied type="eden" objects="4640" bytes="1909824" bytesdiscarded="240552" />
  <memory-copied type="other" objects="8" bytes="288" bytesdiscarded="0" />
  <memory-cardclean objects="1879" bytes="153024" />
  <regions eden="56" other="4" />
  <remembered-set-cleared processed="3651" cleared="816" durationms="0.194" />
  <references type="weak" candidates="1" cleared="0" enqueued="0" />
  <references type="phantom" candidates="1" cleared="0" enqueued="0" />
  <stringconstants candidates="3963" cleared="0"  />
</gc-op>
<gc-op id="2092" type="classunload" timems="0.002" contextid="2088" timestamp="2019-09-21T21:28:16.734">
  <classunload-info classloadercandidates="20" classloadersunloaded="0" classesunloaded="0" anonymousclassesunloaded="0" quiescems="0.000" setupms="0.002" scanms="0.000" postms="0.000" />
</gc-op>
<heap-resize id="2093" type="expand" space="default" amount="1048576" count="1" timems="0.057" reason="insufficient free space following gc" timestamp="2019-09-21T21:28:16.734" />
<gc-end id="2094" type="partial gc" contextid="2088" durationms="3.602" usertimems="8.000" systemtimems="0.000" timestamp="2019-09-21T21:28:16.735" activeThreads="8">
  <mem-info id="2095" free="66060288" total="212860928" percent="31">
    <mem type="eden" free="995224" total="3145728" percent="31" />
    <remembered-set count="10336" freebytes="8455424" totalbytes="8496768" percent="99" regionsoverflowed="0" regionsstable="1" regionsrebuilding="0"/>
  </mem-info>
</gc-end>
<cycle-end id="2096" type="partial gc" contextid="2088" timestamp="2019-09-21T21:28:16.735" />
  <attribute name="elasticGC enabled" value="1" />
  <attribute name= "numThreadsSpecified" value="8" />
  <attribute name="heapSize specified" value="0" />
  <attribute name="Current GC Util" value="73" />
  <attribute name= "Current Time Running" value="73749" />
  <attribute name ="GC Interval" value="0" />
  <attribute name="Target GC Util Change" value ="40.000000" />
  <attribute name="Current GC Util Change" value="73.000000"/>
  <attribute name="Current Error" value="7.000000" />
  <attribute name="Output H" value="211850200"/>
  <attribute name="Output I" value="2008"/>
  <attribute name="Output T" value="8"/>
  <attribute name= "Current Time Running" value="73749" />
  <attribute name="GC Util currently" value="73" />
  <attribute name="CPU Util currently" value="7783882929073" />
<exclusive-end id="2097" timestamp="2019-09-21T21:28:16.735" durationms="4.676" />

<exclusive-start id="2098" timestamp="2019-09-21T21:28:17.409" intervalms="678.262">
  <response-info timems="0.047" idlems="0.047" threads="0" lastid="0000000002343800" lastname="Thread-4" />
</exclusive-start>
<allocation-taxation id="2099" taxation-threshold="59768832" timestamp="2019-09-21T21:28:17.409" intervalms="678.308" />
<cycle-start id="2100" type="partial gc" contextid="0" timestamp="2019-09-21T21:28:17.409" intervalms="678.301" />
<gc-start id="2101" type="partial gc" contextid="2100" timestamp="2019-09-21T21:28:17.409">
  <mem-info id="2102" free="6291456" total="212860928" percent="2">
    <mem type="eden" free="0" total="59768832" percent="0" />
    <remembered-set count="10080" freebytes="8456448" totalbytes="8496768" percent="99" regionsoverflowed="0" regionsstable="1" regionsrebuilding="0"/>
  </mem-info>
</gc-start>
<allocation-stats totalBytes="59668968" >
  <allocated-bytes non-tlh="98336" tlh="59570632" arrayletleaf="0"/>
  <largest-consumer threadName="Thread-5" threadId="0000000002347300" bytes="10745112" />
</allocation-stats>
<gc-op id="2103" type="copy forward" timems="2.301" contextid="2100" timestamp="2019-09-21T21:28:17.412">
  <memory-copied type="eden" objects="5317" bytes="2081896" bytesdiscarded="359600" />
  <memory-copied type="other" objects="8" bytes="288" bytesdiscarded="0" />
  <memory-cardclean objects="1861" bytes="151072" />
  <regions eden="57" other="4" />
  <remembered-set-cleared processed="3593" cleared="748" durationms="0.185" />
  <stringconstants candidates="3963" cleared="0"  />
</gc-op>
<gc-op id="2104" type="classunload" timems="0.003" contextid="2100" timestamp="2019-09-21T21:28:17.412">
  <classunload-info classloadercandidates="20" classloadersunloaded="0" classesunloaded="0" anonymousclassesunloaded="0" quiescems="0.000" setupms="0.003" scanms="0.000" postms="0.000" />
</gc-op>
<gc-end id="2105" type="partial gc" contextid="2100" durationms="3.342" usertimems="4.000" systemtimems="0.000" timestamp="2019-09-21T21:28:17.413" activeThreads="8">
  <mem-info id="2106" free="65011712" total="212860928" percent="30">
    <mem type="eden" free="704104" total="3145728" percent="22" />
    <remembered-set count="10400" freebytes="8455168" totalbytes="8496768" percent="99" regionsoverflowed="0" regionsstable="1" regionsrebuilding="0"/>
  </mem-info>
</gc-end>
<cycle-end id="2107" type="partial gc" contextid="2100" timestamp="2019-09-21T21:28:17.413" />
  <attribute name="elasticGC enabled" value="1" />
  <attribute name= "numThreadsSpecified" value="8" />
  <attribute name="heapSize specified" value="0" />
  <attribute name="Current GC Util" value="67" />
  <attribute name= "Current Time Running" value="74428" />
  <attribute name ="GC Interval" value="0" />
  <attribute name="Target GC Util Change" value ="40.000000" />
  <attribute name="Current GC Util Change" value="67.000000"/>
  <attribute name="Current Error" value="20.000000" />
  <attribute name="Output H" value="212898784"/>
  <attribute name="Output I" value="2016"/>
  <attribute name="Output T" value="8"/>
  <attribute name= "Current Time Running" value="74428" />
  <attribute name="GC Util currently" value="67" />
  <attribute name="CPU Util currently" value="7282268684680" />
<exclusive-end id="2108" timestamp="2019-09-21T21:28:17.413" durationms="4.493" />

<exclusive-start id="2109" timestamp="2019-09-21T21:28:18.074" intervalms="665.406">
  <response-info timems="0.036" idlems="0.036" threads="0" lastid="0000000002343800" lastname="Thread-4" />
</exclusive-start>
<allocation-taxation id="2110" taxation-threshold="59768832" timestamp="2019-09-21T21:28:18.074" intervalms="665.384" />
<cycle-start id="2111" type="partial gc" contextid="0" timestamp="2019-09-21T21:28:18.075" intervalms="665.379" />
<gc-start id="2112" type="partial gc" contextid="2111" timestamp="2019-09-21T21:28:18.075">
  <mem-info id="2113" free="5242880" total="212860928" percent="2">
    <mem type="eden" free="0" total="59768832" percent="0" />
    <remembered-set count="9984" freebytes="8456832" totalbytes="8496768" percent="99" regionsoverflowed="0" regionsstable="1" regionsrebuilding="0"/>
  </mem-info>
</gc-start>
<allocation-stats totalBytes="59734560" >
  <allocated-bytes non-tlh="40976" tlh="59693584" arrayletleaf="0"/>
  <largest-consumer threadName="Thread-7" threadId="000000000234EB00" bytes="9749592" />
</allocation-stats>
<gc-op id="2114" type="copy forward" timems="2.079" contextid="2111" timestamp="2019-09-21T21:28:18.077">
  <memory-copied type="eden" objects="4173" bytes="1715400" bytesdiscarded="305616" />
  <memory-copied type="other" objects="8" bytes="288" bytesdiscarded="0" />
  <memory-cardclean objects="1869" bytes="151256" />
  <regions eden="57" other="4" />
  <remembered-set-cleared processed="3655" cleared="809" durationms="0.183" />
  <stringconstants candidates="3963" cleared="0"  />
</gc-op>
<gc-op id="2115" type="classunload" timems="0.003" contextid="2111" timestamp="2019-09-21T21:28:18.078">
  <classunload-info classloadercandidates="20" classloadersunloaded="0" classesunloaded="0" anonymousclassesunloaded="0" quiescems="0.000" setupms="0.002" scanms="0.000" postms="0.000" />
</gc-op>
<gc-end id="2116" type="partial gc" contextid="2111" durationms="3.050" usertimems="0.000" systemtimems="8.000" timestamp="2019-09-21T21:28:18.078" activeThreads="8">
  <mem-info id="2117" free="66060288" total="212860928" percent="31">
    <mem type="eden" free="76008" total="2097152" percent="3" />
    <remembered-set count="10464" freebytes="8454912" totalbytes="8496768" percent="99" regionsoverflowed="0" regionsstable="1" regionsrebuilding="0"/>
  </mem-info>
</gc-end>
<cycle-end id="2118" type="partial gc" contextid="2111" timestamp="2019-09-21T21:28:18.078" />
  <attribute name="elasticGC enabled" value="1" />
  <attribute name= "numThreadsSpecified" value="8" />
  <attribute name="heapSize specified" value="0" />
  <attribute name="Current GC Util" value="77" />
  <attribute name= "Current Time Running" value="75093" />
  <attribute name ="GC Interval" value="0" />
  <attribute name="Target GC Util Change" value ="40.000000" />
  <attribute name="Current GC Util Change" value="77.000000"/>
  <attribute name="Current Error" value="23.000000" />
  <attribute name="Output H" value="212898784"/>
  <attribute name="Output I" value="2016"/>
  <attribute name="Output T" value="8"/>
  <attribute name= "Current Time Running" value="75093" />
  <attribute name="GC Util currently" value="77" />
  <attribute name="CPU Util currently" value="8072775429854" />
<exclusive-end id="2119" timestamp="2019-09-21T21:28:18.078" durationms="4.004" />

<exclusive-start id="2120" timestamp="2019-09-21T21:28:18.765" intervalms="690.480">
  <response-info timems="0.062" idlems="0.062" threads="0" lastid="0000000002359F00" lastname="Thread-10" />
</exclusive-start>
<allocation-taxation id="2121" taxation-threshold="59768832" timestamp="2019-09-21T21:28:18.765" intervalms="690.399" />
<cycle-start id="2122" type="partial gc" contextid="0" timestamp="2019-09-21T21:28:18.765" intervalms="690.398" />
<gc-start id="2123" type="partial gc" contextid="2122" timestamp="2019-09-21T21:28:18.765">
  <mem-info id="2124" free="6291456" total="212860928" percent="2">
    <mem type="eden" free="0" total="59768832" percent="0" />
    <remembered-set count="10432" freebytes="8455040" totalbytes="8496768" percent="99" regionsoverflowed="0" regionsstable="1" regionsrebuilding="0"/>
  </mem-info>
</gc-start>
<allocation-stats totalBytes="59661608" >
  <allocated-bytes non-tlh="65552" tlh="59596056" arrayletleaf="0"/>
  <largest-consumer threadName="Thread-9" threadId="0000000002356300" bytes="9571776" />
</allocation-stats>
<gc-op id="2125" type="copy forward" timems="2.309" contextid="2122" timestamp="2019-09-21T21:28:18.768">
  <memory-copied type="eden" objects="4720" bytes="1971408" bytesdiscarded="318448" />
  <memory-copied type="other" objects="16" bytes="576" bytesdiscarded="0" />
  <memory-cardclean objects="1837" bytes="151152" />
  <regions eden="57" other="3" />
  <remembered-set-cleared processed="3569" cleared="712" durationms="0.198" />
  <references type="phantom" candidates="2" cleared="0" enqueued="0" />
  <stringconstants candidates="3963" cleared="0"  />
</gc-op>
<gc-op id="2126" type="classunload" timems="0.002" contextid="2122" timestamp="2019-09-21T21:28:18.768">
  <classunload-info classloadercandidates="20" classloadersunloaded="0" classesunloaded="0" anonymousclassesunloaded="0" quiescems="0.000" setupms="0.002" scanms="0.000" postms="0.000" />
</gc-op>
<heap-resize id="2127" type="expand" space="default" amount="2097152" count="1" timems="0.061" reason="insufficient free space following gc" timestamp="2019-09-21T21:28:18.769" />
<gc-end id="2128" type="partial gc" contextid="2122" durationms="3.545" usertimems="4.000" systemtimems="0.000" timestamp="2019-09-21T21:28:18.769" activeThreads="8">
  <mem-info id="2129" free="67108864" total="214958080" percent="31">
    <mem type="eden" free="855728" total="3145728" percent="27" />
    <remembered-set count="10560" freebytes="8538240" totalbytes="8580480" percent="99" regionsoverflowed="0" regionsstable="1" regionsrebuilding="0"/>
  </mem-info>
</gc-end>
<cycle-end id="2130" type="partial gc" contextid="2122" timestamp="2019-09-21T21:28:18.769" />
  <attribute name="elasticGC enabled" value="1" />
  <attribute name= "numThreadsSpecified" value="8" />
  <attribute name="heapSize specified" value="0" />
  <attribute name="Current GC Util" value="77" />
  <attribute name= "Current Time Running" value="75783" />
  <attribute name ="GC Interval" value="0" />
  <attribute name="Target GC Util Change" value ="40.000000" />
  <attribute name="Current GC Util Change" value="77.000000"/>
  <attribute name="Current Error" value="3.000000" />
  <attribute name="Output H" value="212898776"/>
  <attribute name="Output I" value="2008"/>
  <attribute name="Output T" value="8"/>
  <attribute name= "Current Time Running" value="75783" />
  <attribute name="GC Util currently" value="77" />
  <attribute name="CPU Util currently" value="8168608554995" />
<exclusive-end id="2131" timestamp="2019-09-21T21:28:18.769" durationms="4.402" />

<exclusive-start id="2132" timestamp="2019-09-21T21:28:19.417" intervalms="652.693">
  <response-info timems="0.059" idlems="0.059" threads="0" lastid="0000000002343800" lastname="Thread-4" />
</exclusive-start>
<allocation-taxation id="2133" taxation-threshold="59768832" timestamp="2019-09-21T21:28:19.418" intervalms="652.699" />
<cycle-start id="2134" type="partial gc" contextid="0" timestamp="2019-09-21T21:28:19.418" intervalms="652.705" />
<gc-start id="2135" type="partial gc" contextid="2134" timestamp="2019-09-21T21:28:19.418">
  <mem-info id="2136" free="7340032" total="214958080" percent="3">
    <mem type="eden" free="0" total="59768832" percent="0" />
    <remembered-set count="10528" freebytes="8538368" totalbytes="8580480" percent="99" regionsoverflowed="0" regionsstable="1" regionsrebuilding="0"/>
  </mem-info>
</gc-start>
<allocation-stats totalBytes="59746488" >
  <allocated-bytes non-tlh="163896" tlh="59582592" arrayletleaf="0"/>
  <largest-consumer threadName="Thread-5" threadId="0000000002347300" bytes="8742776" />
</allocation-stats>
<gc-op id="2137" type="copy forward" timems="2.384" contextid="2134" timestamp="2019-09-21T21:28:19.421">
  <memory-copied type="eden" objects="5310" bytes="2071784" bytesdiscarded="248272" />
  <memory-copied type="other" objects="20" bytes="720" bytesdiscarded="0" />
  <memory-cardclean objects="1835" bytes="150984" />
  <regions eden="57" other="4" />
  <remembered-set-cleared processed="3600" cleared="749" durationms="0.186" />
  <stringconstants candidates="3963" cleared="0"  />
</gc-op>
<gc-op id="2138" type="classunload" timems="0.002" contextid="2134" timestamp="2019-09-21T21:28:19.421">
  <classunload-info classloadercandidates="20" classloadersunloaded="0" classesunloaded="0" anonymousclassesunloaded="0" quiescems="0.000" setupms="0.002" scanms="0.000" postms="0.000" />
</gc-op>
<heap-resize id="2139" type="expand" space="default" amount="1048576" count="1" timems="0.054" reason="insufficient free space following gc" timestamp="2019-09-21T21:28:19.421" />
<gc-end id="2140" type="partial gc" contextid="2134" durationms="3.632" usertimems="4.000" systemtimems="0.000" timestamp="2019-09-21T21:28:19.421" activeThreads="8">
  <mem-info id="2141" free="67108864" total="216006656" percent="31">
    <mem type="eden" free="825544" total="3145728" percent="26" />
    <remembered-set count="9984" freebytes="8582400" totalbytes="8622336" percent="99" regionsoverflowed="0" regionsstable="1" regionsrebuilding="0"/>
  </mem-info>
</gc-end>
<cycle-end id="2142" type="partial gc" contextid="2134" timestamp="2019-09-21T21:28:19.422" />
  <attribute name="elasticGC enabled" value="1" />
  <attribute name= "numThreadsSpecified" value="8" />
  <attribute name="heapSize specified" value="0" />
  <attribute name="Current GC Util" value="68" />
  <attribute name= "Current Time Running" value="76436" />
  <attribute name ="GC Interval" value="0" />
  <attribute name="Target GC Util Change" value ="40.000000" />
  <attribute name="Current GC Util Change" value="68.000000"/>
  <attribute name="Current Error" value="15.000000" />
  <attribute name="Output H" value="214995928"/>
  <attribute name="Output I" value="2008"/>
  <attribute name="Output T" value="8"/>
  <attribute name= "Current Time Running" value="76436" />
  <attribute name="GC Util currently" value="68" />
  <attribute name="CPU Util currently" value="6856424519009" />
<exclusive-end id="2143" timestamp="2019-09-21T21:28:19.422" durationms="4.411" />

<exclusive-start id="2144" timestamp="2019-09-21T21:28:20.098" intervalms="680.261">
  <response-info timems="0.039" idlems="0.039" threads="0" lastid="0000000002352700" lastname="Thread-8" />
</exclusive-start>
<allocation-taxation id="2145" taxation-threshold="59768832" timestamp="2019-09-21T21:28:20.098" intervalms="680.298" />
<cycle-start id="2146" type="partial gc" contextid="0" timestamp="2019-09-21T21:28:20.098" intervalms="680.298" />
<gc-start id="2147" type="partial gc" contextid="2146" timestamp="2019-09-21T21:28:20.098">
  <mem-info id="2148" free="7340032" total="216006656" percent="3">
    <mem type="eden" free="0" total="59768832" percent="0" />
    <remembered-set count="9984" freebytes="8582400" totalbytes="8622336" percent="99" regionsoverflowed="0" regionsstable="1" regionsrebuilding="0"/>
  </mem-info>
</gc-start>
<allocation-stats totalBytes="59691944" >
  <allocated-bytes non-tlh="98328" tlh="59593616" arrayletleaf="0"/>
  <largest-consumer threadName="Thread-4" threadId="0000000002343800" bytes="8987736" />
</allocation-stats>
<gc-op id="2149" type="copy forward" timems="2.553" contextid="2146" timestamp="2019-09-21T21:28:20.101">
  <memory-copied type="eden" objects="5254" bytes="1999640" bytesdiscarded="343048" />
  <memory-copied type="other" objects="8" bytes="288" bytesdiscarded="0" />
  <memory-cardclean objects="1871" bytes="152488" />
  <regions eden="57" other="4" />
  <remembered-set-cleared processed="3666" cleared="815" durationms="0.191" />
  <references type="phantom" candidates="1" cleared="0" enqueued="0" />
  <stringconstants candidates="3963" cleared="0"  />
</gc-op>
<gc-op id="2150" type="classunload" timems="0.003" contextid="2146" timestamp="2019-09-21T21:28:20.101">
  <classunload-info classloadercandidates="20" classloadersunloaded="0" classesunloaded="0" anonymousclassesunloaded="0" quiescems="0.000" setupms="0.003" scanms="0.000" postms="0.000" />
</gc-op>
<gc-end id="2151" type="partial gc" contextid="2146" durationms="3.527" usertimems="4.000" systemtimems="4.000" timestamp="2019-09-21T21:28:20.102" activeThreads="8">
  <mem-info id="2152" free="67108864" total="216006656" percent="31">
    <mem type="eden" free="802904" total="3145728" percent="25" />
    <remembered-set count="11104" freebytes="8577920" totalbytes="8622336" percent="99" regionsoverflowed="0" regionsstable="1" regionsrebuilding="0"/>
  </mem-info>
</gc-end>
<cycle-end id="2153" type="partial gc" contextid="2146" timestamp="2019-09-21T21:28:20.102" />
  <attribute name="elasticGC enabled" value="1" />
  <attribute name= "numThreadsSpecified" value="8" />
  <attribute name="heapSize specified" value="0" />
  <attribute name="Current GC Util" value="72" />
  <attribute name= "Current Time Running" value="77117" />
  <attribute name ="GC Interval" value="0" />
  <attribute name="Target GC Util Change" value ="40.000000" />
  <attribute name="Current GC Util Change" value="72.000000"/>
  <attribute name="Current Error" value="23.000000" />
  <attribute name="Output H" value="216044512"/>
  <attribute name="Output I" value="2016"/>
  <attribute name="Output T" value="8"/>
  <attribute name= "Current Time Running" value="77117" />
  <attribute name="GC Util currently" value="72" />
  <attribute name="CPU Util currently" value="7602565764909" />
<exclusive-end id="2154" timestamp="2019-09-21T21:28:20.102" durationms="4.419" />

<exclusive-start id="2155" timestamp="2019-09-21T21:28:20.775" intervalms="677.561">
  <response-info timems="0.070" idlems="0.070" threads="0" lastid="000000000234AF00" lastname="Thread-6" />
</exclusive-start>
<allocation-taxation id="2156" taxation-threshold="59768832" timestamp="2019-09-21T21:28:20.775" intervalms="677.534" />
<cycle-start id="2157" type="partial gc" contextid="0" timestamp="2019-09-21T21:28:20.775" intervalms="677.517" />
<gc-start id="2158" type="partial gc" contextid="2157" timestamp="2019-09-21T21:28:20.776">
  <mem-info id="2159" free="7340032" total="216006656" percent="3">
    <mem type="eden" free="0" total="59768832" percent="0" />
    <remembered-set count="10624" freebytes="8579840" totalbytes="8622336" percent="99" regionsoverflowed="0" regionsstable="1" regionsrebuilding="0"/>
  </mem-info>
</gc-start>
<allocation-stats totalBytes="59670800" >
  <allocated-bytes non-tlh="16392" tlh="59654408" arrayletleaf="0"/>
  <largest-consumer threadName="Thread-5" threadId="0000000002347300" bytes="8147328" />
</allocation-stats>
<gc-op id="2160" type="copy forward" timems="2.580" contextid="2157" timestamp="2019-09-21T21:28:20.779">
  <memory-copied type="eden" objects="4895" bytes="1967976" bytesdiscarded="266744" />
  <memory-copied type="other" objects="8" bytes="288" bytesdiscarded="0" />
  <memory-cardclean objects="1866" bytes="152432" />
  <regions eden="57" other="4" />
  <remembered-set-cleared processed="3644" cleared="791" durationms="0.235" />
  <references type="phantom" candidates="2" cleared="0" enqueued="0" />
  <stringconstants candidates="3963" cleared="0"  />
</gc-op>
<gc-op id="2161" type="classunload" timems="0.003" contextid="2157" timestamp="2019-09-21T21:28:20.779">
  <classunload-info classloadercandidates="20" classloadersunloaded="0" classesunloaded="0" anonymousclassesunloaded="0" quiescems="0.000" setupms="0.003" scanms="0.000" postms="0.000" />
</gc-op>
<heap-resize id="2162" type="expand" space="default" amount="2097152" count="1" timems="0.064" reason="insufficient free space following gc" timestamp="2019-09-21T21:28:20.779" />
<gc-end id="2163" type="partial gc" contextid="2157" durationms="3.727" usertimems="0.000" systemtimems="8.000" timestamp="2019-09-21T21:28:20.779" activeThreads="8">
  <mem-info id="2164" free="68157440" total="218103808" percent="31">
    <mem type="eden" free="910864" total="3145728" percent="28" />
    <remembered-set count="10560" freebytes="8663808" totalbytes="8706048" percent="99" regionsoverflowed="0" regionsstable="1" regionsrebuilding="0"/>
  </mem-info>
</gc-end>
<cycle-end id="2165" type="partial gc" contextid="2157" timestamp="2019-09-21T21:28:20.780" />
  <attribute name="elasticGC enabled" value="1" />
  <attribute name= "numThreadsSpecified" value="8" />
  <attribute name="heapSize specified" value="0" />
  <attribute name="Current GC Util" value="72" />
  <attribute name= "Current Time Running" value="77794" />
  <attribute name ="GC Interval" value="0" />
  <attribute name="Target GC Util Change" value ="40.000000" />
  <attribute name="Current GC Util Change" value="72.000000"/>
  <attribute name="Current Error" value="8.000000" />
  <attribute name="Output H" value="216044504"/>
  <attribute name="Output I" value="2008"/>
  <attribute name="Output T" value="8"/>
  <attribute name= "Current Time Running" value="77794" />
  <attribute name="GC Util currently" value="72" />
  <attribute name="CPU Util currently" value="7802610266887" />
<exclusive-end id="2166" timestamp="2019-09-21T21:28:20.780" durationms="4.587" />

<exclusive-start id="2167" timestamp="2019-09-21T21:28:21.434" intervalms="658.819">
  <response-info timems="0.046" idlems="0.046" threads="0" lastid="000000000234EB00" lastname="Thread-7" />
</exclusive-start>
<allocation-taxation id="2168" taxation-threshold="60817408" timestamp="2019-09-21T21:28:21.434" intervalms="658.817" />
<cycle-start id="2169" type="partial gc" contextid="0" timestamp="2019-09-21T21:28:21.434" intervalms="658.847" />
<gc-start id="2170" type="partial gc" contextid="2169" timestamp="2019-09-21T21:28:21.435">
  <mem-info id="2171" free="7340032" total="218103808" percent="3">
    <mem type="eden" free="0" total="60817408" percent="0" />
    <remembered-set count="10304" freebytes="8664832" totalbytes="8706048" percent="99" regionsoverflowed="0" regionsstable="1" regionsrebuilding="0"/>
  </mem-info>
</gc-start>
<allocation-stats totalBytes="60755560" >
  <allocated-bytes non-tlh="49168" tlh="60706392" arrayletleaf="0"/>
  <largest-consumer threadName="Thread-8" threadId="0000000002352700" bytes="8989944" />
</allocation-stats>
<gc-op id="2172" type="copy forward" timems="2.777" contextid="2169" timestamp="2019-09-21T21:28:21.438">
  <memory-copied type="eden" objects="4672" bytes="1809472" bytesdiscarded="233160" />
  <memory-copied type="other" objects="9" bytes="400" bytesdiscarded="0" />
  <memory-cardclean objects="1846" bytes="150464" />
  <regions eden="58" other="4" />
  <remembered-set-cleared processed="3618" cleared="770" durationms="0.186" />
  <references type="weak" candidates="1" cleared="0" enqueued="0" />
  <references type="phantom" candidates="2" cleared="0" enqueued="0" />
  <stringconstants candidates="3963" cleared="0"  />
</gc-op>
<gc-op id="2173" type="classunload" timems="0.003" contextid="2169" timestamp="2019-09-21T21:28:21.438">
  <classunload-info classloadercandidates="20" classloadersunloaded="0" classesunloaded="0" anonymousclassesunloaded="0" quiescems="0.000" setupms="0.003" scanms="0.000" postms="0.000" />
</gc-op>
<gc-end id="2174" type="partial gc" contextid="2169" durationms="3.895" usertimems="4.000" systemtimems="0.000" timestamp="2019-09-21T21:28:21.438" activeThreads="8">
  <mem-info id="2175" free="68157440" total="218103808" percent="31">
    <mem type="eden" free="1102968" total="3145728" percent="35" />
    <remembered-set count="10592" freebytes="8663680" totalbytes="8706048" percent="99" regionsoverflowed="0" regionsstable="1" regionsrebuilding="0"/>
  </mem-info>
</gc-end>
<cycle-end id="2176" type="partial gc" contextid="2169" timestamp="2019-09-21T21:28:21.439" />
  <attribute name="elasticGC enabled" value="1" />
  <attribute name= "numThreadsSpecified" value="8" />
  <attribute name="heapSize specified" value="0" />
  <attribute name="Current GC Util" value="75" />
  <attribute name= "Current Time Running" value="78453" />
  <attribute name ="GC Interval" value="0" />
  <attribute name="Target GC Util Change" value ="40.000000" />
  <attribute name="Current GC Util Change" value="75.000000"/>
  <attribute name="Current Error" value="13.000000" />
  <attribute name="Output H" value="218141656"/>
  <attribute name="Output I" value="2008"/>
  <attribute name="Output T" value="8"/>
  <attribute name= "Current Time Running" value="78453" />
  <attribute name="GC Util currently" value="75" />
  <attribute name="CPU Util currently" value="7566020124513" />
<exclusive-end id="2177" timestamp="2019-09-21T21:28:21.439" durationms="4.687" />

<exclusive-start id="2178" timestamp="2019-09-21T21:28:22.057" intervalms="623.282">
  <response-info timems="0.052" idlems="0.052" threads="0" lastid="0000000002352700" lastname="Thread-8" />
</exclusive-start>
<allocation-taxation id="2179" taxation-threshold="60817408" timestamp="2019-09-21T21:28:22.057" intervalms="623.278" />
<cycle-start id="2180" type="partial gc" contextid="0" timestamp="2019-09-21T21:28:22.058" intervalms="623.257" />
<gc-start id="2181" type="partial gc" contextid="2180" timestamp="2019-09-21T21:28:22.058">
  <mem-info id="2182" free="7340032" total="218103808" percent="3">
    <mem type="eden" free="1048416" total="61865984" percent="1" />
    <remembered-set count="10400" freebytes="8664448" totalbytes="8706048" percent="99" regionsoverflowed="0" regionsstable="1" regionsrebuilding="0"/>
  </mem-info>
</gc-start>
<allocation-stats totalBytes="60677376" >
  <allocated-bytes non-tlh="49168" tlh="60628208" arrayletleaf="0"/>
  <largest-consumer threadName="Thread-7" threadId="000000000234EB00" bytes="8705352" />
</allocation-stats>
<gc-op id="2183" type="copy forward" timems="2.711" contextid="2180" timestamp="2019-09-21T21:28:22.061">
  <memory-copied type="eden" objects="4961" bytes="1977888" bytesdiscarded="200560" />
  <memory-copied type="other" objects="13" bytes="544" bytesdiscarded="0" />
  <memory-cardclean objects="1858" bytes="150656" />
  <regions eden="58" other="4" />
  <remembered-set-cleared processed="3604" cleared="764" durationms="0.221" />
  <references type="phantom" candidates="2" cleared="0" enqueued="0" />
  <stringconstants candidates="3963" cleared="0"  />
</gc-op>
<gc-op id="2184" type="classunload" timems="0.002" contextid="2180" timestamp="2019-09-21T21:28:22.061">
  <classunload-info classloadercandidates="20" classloadersunloaded="0" classesunloaded="0" anonymousclassesunloaded="0" quiescems="0.000" setupms="0.002" scanms="0.000" postms="0.000" />
</gc-op>
<heap-resize id="2185" type="expand" space="default" amount="1048576" count="1" timems="0.058" reason="insufficient free space following gc" timestamp="2019-09-21T21:28:22.062" />
<gc-end id="2186" type="partial gc" contextid="2180" durationms="4.094" usertimems="8.000" systemtimems="0.000" timestamp="2019-09-21T21:28:22.062" activeThreads="8">
  <mem-info id="2187" free="68157440" total="219152384" percent="31">
    <mem type="eden" free="967136" total="3145728" percent="30" />
    <remembered-set count="10336" freebytes="8706560" totalbytes="8747904" percent="99" regionsoverflowed="0" regionsstable="1" regionsrebuilding="0"/>
  </mem-info>
</gc-end>
<cycle-end id="2188" type="partial gc" contextid="2180" timestamp="2019-09-21T21:28:22.062" />
  <attribute name="elasticGC enabled" value="1" />
  <attribute name= "numThreadsSpecified" value="8" />
  <attribute name="heapSize specified" value="0" />
  <attribute name="Current GC Util" value="65" />
  <attribute name= "Current Time Running" value="79076" />
  <attribute name ="GC Interval" value="0" />
  <attribute name="Target GC Util Change" value ="40.000000" />
  <attribute name="Current GC Util Change" value="65.000000"/>
  <attribute name="Current Error" value="28.000000" />
  <attribute name="Output H" value="218141664"/>
  <attribute name="Output I" value="2016"/>
  <attribute name="Output T" value="8"/>
  <attribute name= "Current Time Running" value="79076" />
  <attribute name="GC Util currently" value="65" />
  <attribute name="CPU Util currently" value="7243220377664" />
<exclusive-end id="2189" timestamp="2019-09-21T21:28:22.062" durationms="4.991" />

<exclusive-start id="2190" timestamp="2019-09-21T21:28:22.700" intervalms="643.162">
  <response-info timems="0.052" idlems="0.052" threads="0" lastid="0000000002359F00" lastname="Thread-10" />
</exclusive-start>
<allocation-taxation id="2191" taxation-threshold="60817408" timestamp="2019-09-21T21:28:22.701" intervalms="643.160" />
<cycle-start id="2192" type="partial gc" contextid="0" timestamp="2019-09-21T21:28:22.701" intervalms="643.160" />
<gc-start id="2193" type="partial gc" contextid="2192" timestamp="2019-09-21T21:28:22.701">
  <mem-info id="2194" free="7340032" total="219152384" percent="3">
    <mem type="eden" free="0" total="60817408" percent="0" />
    <remembered-set count="10304" freebytes="8706688" totalbytes="8747904" percent="99" regionsoverflowed="0" regionsstable="1" regionsrebuilding="0"/>
  </mem-info>
</gc-start>
<allocation-stats totalBytes="60761464" >
  <allocated-bytes non-tlh="16392" tlh="60745072" arrayletleaf="0"/>
  <largest-consumer threadName="Thread-10" threadId="0000000002359F00" bytes="8426320" />
</allocation-stats>
<gc-op id="2195" type="copy forward" timems="2.755" contextid="2192" timestamp="2019-09-21T21:28:22.704">
  <memory-copied type="eden" objects="4903" bytes="1953600" bytesdiscarded="237160" />
  <memory-copied type="other" objects="8" bytes="288" bytesdiscarded="0" />
  <memory-cardclean objects="1883" bytes="152016" />
  <regions eden="58" other="4" />
  <remembered-set-cleared processed="3620" cleared="786" durationms="0.226" />
  <stringconstants candidates="3963" cleared="0"  />
</gc-op>
<gc-op id="2196" type="classunload" timems="0.002" contextid="2192" timestamp="2019-09-21T21:28:22.704">
  <classunload-info classloadercandidates="20" classloadersunloaded="0" classesunloaded="0" anonymousclassesunloaded="0" quiescems="0.000" setupms="0.002" scanms="0.000" postms="0.000" />
</gc-op>
<heap-resize id="2197" type="expand" space="default" amount="2097152" count="1" timems="0.059" reason="insufficient free space following gc" timestamp="2019-09-21T21:28:22.705" />
<gc-end id="2198" type="partial gc" contextid="2192" durationms="4.052" usertimems="8.000" systemtimems="0.000" timestamp="2019-09-21T21:28:22.705" activeThreads="8">
  <mem-info id="2199" free="69206016" total="221249536" percent="31">
    <mem type="eden" free="954840" total="3145728" percent="30" />
    <remembered-set count="10304" freebytes="8790400" totalbytes="8831616" percent="99" regionsoverflowed="0" regionsstable="1" regionsrebuilding="0"/>
  </mem-info>
</gc-end>
<cycle-end id="2200" type="partial gc" contextid="2192" timestamp="2019-09-21T21:28:22.705" />
  <attribute name="elasticGC enabled" value="1" />
  <attribute name= "numThreadsSpecified" value="8" />
  <attribute name="heapSize specified" value="0" />
  <attribute name="Current GC Util" value="66" />
  <attribute name= "Current Time Running" value="79719" />
  <attribute name ="GC Interval" value="0" />
  <attribute name="Target GC Util Change" value ="40.000000" />
  <attribute name="Current GC Util Change" value="66.000000"/>
  <attribute name="Current Error" value="13.000000" />
  <attribute name="Output H" value="219190232"/>
  <attribute name="Output I" value="2008"/>
  <attribute name="Output T" value="8"/>
  <attribute name= "Current Time Running" value="79719" />
  <attribute name="GC Util currently" value="66" />
  <attribute name="CPU Util currently" value="6918511401751" />
<exclusive-end id="2201" timestamp="2019-09-21T21:28:22.705" durationms="4.878" />

<exclusive-start id="2202" timestamp="2019-09-21T21:28:23.397" intervalms="696.927">
  <response-info timems="0.050" idlems="0.050" threads="0" lastid="0000000002347300" lastname="Thread-5" />
</exclusive-start>
<allocation-taxation id="2203" taxation-threshold="61865984" timestamp="2019-09-21T21:28:23.398" intervalms="696.971" />
<cycle-start id="2204" type="partial gc" contextid="0" timestamp="2019-09-21T21:28:23.398" intervalms="696.974" />
<gc-start id="2205" type="partial gc" contextid="2204" timestamp="2019-09-21T21:28:23.398">
  <mem-info id="2206" free="7340032" total="221249536" percent="3">
    <mem type="eden" free="0" total="61865984" percent="0" />
    <remembered-set count="10048" freebytes="8791424" totalbytes="8831616" percent="99" regionsoverflowed="0" regionsstable="1" regionsrebuilding="0"/>
  </mem-info>
</gc-start>
<allocation-stats totalBytes="61734352" >
  <allocated-bytes non-tlh="98328" tlh="61636024" arrayletleaf="0"/>
  <largest-consumer threadName="Thread-10" threadId="0000000002359F00" bytes="9216400" />
</allocation-stats>
<gc-op id="2207" type="copy forward" timems="2.739" contextid="2204" timestamp="2019-09-21T21:28:23.401">
  <memory-copied type="eden" objects="5001" bytes="1993608" bytesdiscarded="403584" />
  <memory-copied type="other" objects="12" bytes="432" bytesdiscarded="0" />
  <memory-cardclean objects="1880" bytes="152672" />
  <regions eden="59" other="4" />
  <remembered-set-cleared processed="3604" cleared="772" durationms="0.187" />
  <references type="phantom" candidates="2" cleared="0" enqueued="0" />
  <stringconstants candidates="3963" cleared="0"  />
</gc-op>
<gc-op id="2208" type="classunload" timems="0.002" contextid="2204" timestamp="2019-09-21T21:28:23.401">
  <classunload-info classloadercandidates="20" classloadersunloaded="0" classesunloaded="0" anonymousclassesunloaded="0" quiescems="0.000" setupms="0.002" scanms="0.000" postms="0.000" />
</gc-op>
<heap-resize id="2209" type="expand" space="default" amount="1048576" count="1" timems="0.050" reason="insufficient free space following gc" timestamp="2019-09-21T21:28:23.402" />
<gc-end id="2210" type="partial gc" contextid="2204" durationms="4.148" usertimems="0.000" systemtimems="4.000" timestamp="2019-09-21T21:28:23.402" activeThreads="8">
  <mem-info id="2211" free="69206016" total="222298112" percent="31">
    <mem type="eden" free="748392" total="3145728" percent="23" />
    <remembered-set count="10336" freebytes="8832128" totalbytes="8873472" percent="99" regionsoverflowed="0" regionsstable="1" regionsrebuilding="0"/>
  </mem-info>
</gc-end>
<cycle-end id="2212" type="partial gc" contextid="2204" timestamp="2019-09-21T21:28:23.402" />
  <attribute name="elasticGC enabled" value="1" />
  <attribute name= "numThreadsSpecified" value="8" />
  <attribute name="heapSize specified" value="0" />
  <attribute name="Current GC Util" value="74" />
  <attribute name= "Current Time Running" value="80416" />
  <attribute name ="GC Interval" value="0" />
  <attribute name="Target GC Util Change" value ="40.000000" />
  <attribute name="Current GC Util Change" value="74.000000"/>
  <attribute name="Current Error" value="19.000000" />
  <attribute name="Output H" value="221287392"/>
  <attribute name="Output I" value="2016"/>
  <attribute name="Output T" value="8"/>
  <attribute name= "Current Time Running" value="80416" />
  <attribute name="GC Util currently" value="74" />
  <attribute name="CPU Util currently" value="7705381071271" />
<exclusive-end id="2213" timestamp="2019-09-21T21:28:23.403" durationms="5.160" />

<exclusive-start id="2214" timestamp="2019-09-21T21:28:24.060" intervalms="662.747">
  <response-info timems="0.061" idlems="0.061" threads="0" lastid="0000000002359F00" lastname="Thread-10" />
</exclusive-start>
<allocation-taxation id="2215" taxation-threshold="61865984" timestamp="2019-09-21T21:28:24.060" intervalms="662.686" />
<cycle-start id="2216" type="partial gc" contextid="0" timestamp="2019-09-21T21:28:24.060" intervalms="662.690" />
<gc-start id="2217" type="partial gc" contextid="2216" timestamp="2019-09-21T21:28:24.061">
  <mem-info id="2218" free="7340032" total="222298112" percent="3">
    <mem type="eden" free="0" total="61865984" percent="0" />
    <remembered-set count="10304" freebytes="8832256" totalbytes="8873472" percent="99" regionsoverflowed="0" regionsstable="1" regionsrebuilding="0"/>
  </mem-info>
</gc-start>
<allocation-stats totalBytes="61762232" >
  <allocated-bytes non-tlh="32776" tlh="61729456" arrayletleaf="0"/>
  <largest-consumer threadName="Thread-9" threadId="0000000002356300" bytes="8366832" />
</allocation-stats>
<gc-op id="2219" type="copy forward" timems="2.536" contextid="2216" timestamp="2019-09-21T21:28:24.064">
  <memory-copied type="eden" objects="4755" bytes="1814304" bytesdiscarded="259120" />
  <memory-copied type="other" objects="12" bytes="432" bytesdiscarded="0" />
  <memory-cardclean objects="1913" bytes="153928" />
  <regions eden="59" other="4" />
  <remembered-set-cleared processed="3619" cleared="792" durationms="0.183" />
  <references type="weak" candidates="1" cleared="0" enqueued="0" />
  <references type="phantom" candidates="1" cleared="0" enqueued="0" />
  <stringconstants candidates="3963" cleared="0"  />
</gc-op>
<gc-op id="2220" type="classunload" timems="0.003" contextid="2216" timestamp="2019-09-21T21:28:24.064">
  <classunload-info classloadercandidates="20" classloadersunloaded="0" classesunloaded="0" anonymousclassesunloaded="0" quiescems="0.000" setupms="0.003" scanms="0.000" postms="0.000" />
</gc-op>
<heap-resize id="2221" type="expand" space="default" amount="1048576" count="1" timems="0.071" reason="insufficient free space following gc" timestamp="2019-09-21T21:28:24.064" />
<gc-end id="2222" type="partial gc" contextid="2216" durationms="3.831" usertimems="8.000" systemtimems="0.000" timestamp="2019-09-21T21:28:24.064" activeThreads="8">
  <mem-info id="2223" free="69206016" total="223346688" percent="30">
    <mem type="eden" free="1072184" total="3145728" percent="34" />
    <remembered-set count="10816" freebytes="8872064" totalbytes="8915328" percent="99" regionsoverflowed="0" regionsstable="1" regionsrebuilding="0"/>
  </mem-info>
</gc-end>
<cycle-end id="2224" type="partial gc" contextid="2216" timestamp="2019-09-21T21:28:24.065" />
  <attribute name="elasticGC enabled" value="1" />
  <attribute name= "numThreadsSpecified" value="8" />
  <attribute name="heapSize specified" value="0" />
  <attribute name="Current GC Util" value="73" />
  <attribute name= "Current Time Running" value="81079" />
  <attribute name ="GC Interval" value="0" />
  <attribute name="Target GC Util Change" value ="40.000000" />
  <attribute name="Current GC Util Change" value="73.000000"/>
  <attribute name="Current Error" value="26.000000" />
  <attribute name="Output H" value="222335968"/>
  <attribute name="Output I" value="2016"/>
  <attribute name="Output T" value="8"/>
  <attribute name= "Current Time Running" value="81079" />
  <attribute name="GC Util currently" value="73" />
  <attribute name="CPU Util currently" value="7638959993377" />
<exclusive-end id="2225" timestamp="2019-09-21T21:28:24.065" durationms="4.664" />

<exclusive-start id="2226" timestamp="2019-09-21T21:28:24.765" intervalms="705.147">
  <response-info timems="0.089" idlems="0.089" threads="0" lastid="0000000002343800" lastname="Thread-4" />
</exclusive-start>
<allocation-taxation id="2227" taxation-threshold="61865984" timestamp="2019-09-21T21:28:24.765" intervalms="705.183" />
<cycle-start id="2228" type="partial gc" contextid="0" timestamp="2019-09-21T21:28:24.766" intervalms="705.168" />
<gc-start id="2229" type="partial gc" contextid="2228" timestamp="2019-09-21T21:28:24.766">
  <mem-info id="2230" free="7340032" total="223346688" percent="3">
    <mem type="eden" free="1048456" total="62914560" percent="1" />
    <remembered-set count="10368" freebytes="8873856" totalbytes="8915328" percent="99" regionsoverflowed="0" regionsstable="1" regionsrebuilding="0"/>
  </mem-info>
</gc-start>
<allocation-stats totalBytes="61816368" >
  <allocated-bytes non-tlh="32784" tlh="61783584" arrayletleaf="0"/>
  <largest-consumer threadName="Thread-8" threadId="0000000002352700" bytes="10921232" />
</allocation-stats>
<gc-op id="2231" type="copy forward" timems="2.334" contextid="2228" timestamp="2019-09-21T21:28:24.769">
  <memory-copied type="eden" objects="4022" bytes="1622728" bytesdiscarded="261200" />
  <memory-copied type="other" objects="12" bytes="432" bytesdiscarded="0" />
  <memory-cardclean objects="1892" bytes="152744" />
  <regions eden="59" other="4" />
  <remembered-set-cleared processed="3623" cleared="794" durationms="0.189" />
  <stringconstants candidates="3963" cleared="0"  />
</gc-op>
<gc-op id="2232" type="classunload" timems="0.002" contextid="2228" timestamp="2019-09-21T21:28:24.769">
  <classunload-info classloadercandidates="20" classloadersunloaded="0" classesunloaded="0" anonymousclassesunloaded="0" quiescems="0.000" setupms="0.002" scanms="0.000" postms="0.000" />
</gc-op>
<gc-end id="2233" type="partial gc" contextid="2228" durationms="3.419" usertimems="4.000" systemtimems="0.000" timestamp="2019-09-21T21:28:24.769" activeThreads="8">
  <mem-info id="2234" free="69206016" total="223346688" percent="30">
    <mem type="eden" free="213104" total="2097152" percent="10" />
    <remembered-set count="10912" freebytes="8871680" totalbytes="8915328" percent="99" regionsoverflowed="0" regionsstable="1" regionsrebuilding="0"/>
  </mem-info>
</gc-end>
<cycle-end id="2235" type="partial gc" contextid="2228" timestamp="2019-09-21T21:28:24.769" />
  <attribute name="elasticGC enabled" value="1" />
  <attribute name= "numThreadsSpecified" value="8" />
  <attribute name="heapSize specified" value="0" />
  <attribute name="Current GC Util" value="68" />
  <attribute name= "Current Time Running" value="81784" />
  <attribute name ="GC Interval" value="0" />
  <attribute name="Target GC Util Change" value ="40.000000" />
  <attribute name="Current GC Util Change" value="68.000000"/>
  <attribute name="Current Error" value="12.000000" />
  <attribute name="Output H" value="223384536"/>
  <attribute name="Output I" value="2008"/>
  <attribute name="Output T" value="8"/>
  <attribute name= "Current Time Running" value="81784" />
  <attribute name="GC Util currently" value="68" />
  <attribute name="CPU Util currently" value="7779234812610" />
<exclusive-end id="2236" timestamp="2019-09-21T21:28:24.769" durationms="4.186" />

<exclusive-start id="2237" timestamp="2019-09-21T21:28:25.555" intervalms="789.408">
  <response-info timems="0.052" idlems="0.052" threads="0" lastid="0000000002356300" lastname="Thread-9" />
</exclusive-start>
<allocation-taxation id="2238" taxation-threshold="61865984" timestamp="2019-09-21T21:28:25.555" intervalms="789.457" />
<cycle-start id="2239" type="partial gc" contextid="0" timestamp="2019-09-21T21:28:25.555" intervalms="789.469" />
<gc-start id="2240" type="partial gc" contextid="2239" timestamp="2019-09-21T21:28:25.555">
  <mem-info id="2241" free="7340032" total="223346688" percent="3">
    <mem type="eden" free="0" total="61865984" percent="0" />
    <remembered-set count="10432" freebytes="8873600" totalbytes="8915328" percent="99" regionsoverflowed="0" regionsstable="1" regionsrebuilding="0"/>
  </mem-info>
</gc-start>
<allocation-stats totalBytes="61776424" >
  <allocated-bytes non-tlh="32784" tlh="61743640" arrayletleaf="0"/>
  <largest-consumer threadName="Thread-9" threadId="0000000002356300" bytes="9679056" />
</allocation-stats>
<gc-op id="2242" type="copy forward" timems="2.220" contextid="2239" timestamp="2019-09-21T21:28:25.558">
  <memory-copied type="eden" objects="5409" bytes="2071328" bytesdiscarded="325024" />
  <memory-copied type="other" objects="8" bytes="288" bytesdiscarded="0" />
  <memory-cardclean objects="1863" bytes="151192" />
  <regions eden="59" other="3" />
  <remembered-set-cleared processed="3539" cleared="697" durationms="0.188" />
  <stringconstants candidates="3963" cleared="0"  />
</gc-op>
<gc-op id="2243" type="classunload" timems="0.002" contextid="2239" timestamp="2019-09-21T21:28:25.558">
  <classunload-info classloadercandidates="20" classloadersunloaded="0" classesunloaded="0" anonymousclassesunloaded="0" quiescems="0.000" setupms="0.002" scanms="0.000" postms="0.000" />
</gc-op>
<gc-end id="2244" type="partial gc" contextid="2239" durationms="3.273" usertimems="4.000" systemtimems="0.000" timestamp="2019-09-21T21:28:25.558" activeThreads="8">
  <mem-info id="2245" free="68157440" total="223346688" percent="30">
    <mem type="eden" free="749248" total="3145728" percent="23" />
    <remembered-set count="10976" freebytes="8871424" totalbytes="8915328" percent="99" regionsoverflowed="0" regionsstable="1" regionsrebuilding="0"/>
  </mem-info>
</gc-end>
<cycle-end id="2246" type="partial gc" contextid="2239" timestamp="2019-09-21T21:28:25.559" />
  <attribute name="elasticGC enabled" value="1" />
  <attribute name= "numThreadsSpecified" value="8" />
  <attribute name="heapSize specified" value="0" />
  <attribute name="Current GC Util" value="79" />
  <attribute name= "Current Time Running" value="82574" />
  <attribute name ="GC Interval" value="0" />
  <attribute name="Target GC Util Change" value ="40.000000" />
  <attribute name="Current GC Util Change" value="79.000000"/>
  <attribute name="Current Error" value="13.000000" />
  <attribute name="Output H" value="223384536"/>
  <attribute name="Output I" value="2008"/>
  <attribute name="Output T" value="8"/>
  <attribute name= "Current Time Running" value="82574" />
  <attribute name="GC Util currently" value="79" />
  <attribute name="CPU Util currently" value="7507661170878" />
<exclusive-end id="2247" timestamp="2019-09-21T21:28:25.559" durationms="4.169" />

<exclusive-start id="2248" timestamp="2019-09-21T21:28:26.223" intervalms="668.630">
  <response-info timems="0.040" idlems="0.040" threads="0" lastid="000000000233FC00" lastname="Thread-3" />
</exclusive-start>
<allocation-taxation id="2249" taxation-threshold="61865984" timestamp="2019-09-21T21:28:26.224" intervalms="668.586" />
<cycle-start id="2250" type="partial gc" contextid="0" timestamp="2019-09-21T21:28:26.224" intervalms="668.586" />
<gc-start id="2251" type="partial gc" contextid="2250" timestamp="2019-09-21T21:28:26.224">
  <mem-info id="2252" free="6291456" total="223346688" percent="2">
    <mem type="eden" free="0" total="61865984" percent="0" />
    <remembered-set count="10496" freebytes="8873344" totalbytes="8915328" percent="99" regionsoverflowed="0" regionsstable="1" regionsrebuilding="0"/>
  </mem-info>
</gc-start>
<allocation-stats totalBytes="61840320" >
  <allocated-bytes non-tlh="24592" tlh="61815728" arrayletleaf="0"/>
  <largest-consumer threadName="Thread-5" threadId="0000000002347300" bytes="9335336" />
</allocation-stats>
<gc-op id="2253" type="copy forward" timems="2.851" contextid="2250" timestamp="2019-09-21T21:28:26.227">
  <memory-copied type="eden" objects="4821" bytes="1887744" bytesdiscarded="273616" />
  <memory-copied type="other" objects="12" bytes="432" bytesdiscarded="0" />
  <memory-cardclean objects="1869" bytes="152176" />
  <regions eden="59" other="4" />
  <remembered-set-cleared processed="3669" cleared="830" durationms="0.240" />
  <stringconstants candidates="3963" cleared="0"  />
</gc-op>
<gc-op id="2254" type="classunload" timems="0.003" contextid="2250" timestamp="2019-09-21T21:28:26.228">
  <classunload-info classloadercandidates="20" classloadersunloaded="0" classesunloaded="0" anonymousclassesunloaded="0" quiescems="0.000" setupms="0.003" scanms="0.000" postms="0.000" />
</gc-op>
<heap-resize id="2255" type="expand" space="default" amount="5242880" count="1" timems="0.122" reason="insufficient free space following gc" timestamp="2019-09-21T21:28:26.228" />
<gc-end id="2256" type="partial gc" contextid="2250" durationms="4.192" usertimems="4.000" systemtimems="0.000" timestamp="2019-09-21T21:28:26.228" activeThreads="8">
  <mem-info id="2257" free="71303168" total="228589568" percent="31">
    <mem type="eden" free="2032824" total="4194304" percent="48" />
    <remembered-set count="10400" freebytes="9083008" totalbytes="9124608" percent="99" regionsoverflowed="0" regionsstable="1" regionsrebuilding="0"/>
  </mem-info>
</gc-end>
<cycle-end id="2258" type="partial gc" contextid="2250" timestamp="2019-09-21T21:28:26.228" />
  <attribute name="elasticGC enabled" value="1" />
  <attribute name= "numThreadsSpecified" value="8" />
  <attribute name="heapSize specified" value="0" />
  <attribute name="Current GC Util" value="73" />
  <attribute name= "Current Time Running" value="83242" />
  <attribute name ="GC Interval" value="0" />
  <attribute name="Target GC Util Change" value ="40.000000" />
  <attribute name="Current GC Util Change" value="73.000000"/>
  <attribute name="Current Error" value="20.000000" />
  <attribute name="Output H" value="223384544"/>
  <attribute name="Output I" value="2016"/>
  <attribute name="Output T" value="8"/>
  <attribute name= "Current Time Running" value="83242" />
  <attribute name="GC Util currently" value="73" />
  <attribute name="CPU Util currently" value="7835567575881" />
<exclusive-end id="2259" timestamp="2019-09-21T21:28:26.229" durationms="5.158" />

<exclusive-start id="2260" timestamp="2019-09-21T21:28:26.893" intervalms="669.577">
  <response-info timems="0.033" idlems="0.033" threads="0" lastid="0000000002359F00" lastname="Thread-10" />
</exclusive-start>
<allocation-taxation id="2261" taxation-threshold="62914560" timestamp="2019-09-21T21:28:26.893" intervalms="669.658" />
<cycle-start id="2262" type="partial gc" contextid="0" timestamp="2019-09-21T21:28:26.893" intervalms="669.657" />
<gc-start id="2263" type="partial gc" contextid="2262" timestamp="2019-09-21T21:28:26.893">
  <mem-info id="2264" free="8388608" total="228589568" percent="3">
    <mem type="eden" free="0" total="62914560" percent="0" />
    <remembered-set count="10208" freebytes="9083776" totalbytes="9124608" percent="99" regionsoverflowed="0" regionsstable="1" regionsrebuilding="0"/>
  </mem-info>
</gc-start>
<allocation-stats totalBytes="62780224" >
  <allocated-bytes non-tlh="65552" tlh="62714672" arrayletleaf="0"/>
  <largest-consumer threadName="Thread-6" threadId="000000000234AF00" bytes="10117184" />
</allocation-stats>
<gc-op id="2265" type="copy forward" timems="2.518" contextid="2262" timestamp="2019-09-21T21:28:26.897">
  <memory-copied type="eden" objects="4033" bytes="1633592" bytesdiscarded="205832" />
  <memory-copied type="other" objects="13" bytes="544" bytesdiscarded="0" />
  <memory-cardclean objects="1883" bytes="152496" />
  <regions eden="60" other="5" />
  <remembered-set-cleared processed="3615" cleared="774" durationms="0.189" />
  <references type="phantom" candidates="2" cleared="0" enqueued="0" />
  <stringconstants candidates="3963" cleared="0"  />
</gc-op>
<gc-op id="2266" type="classunload" timems="0.002" contextid="2262" timestamp="2019-09-21T21:28:26.897">
  <classunload-info classloadercandidates="20" classloadersunloaded="0" classesunloaded="0" anonymousclassesunloaded="0" quiescems="0.000" setupms="0.002" scanms="0.000" postms="0.000" />
</gc-op>
<gc-end id="2267" type="partial gc" contextid="2262" durationms="3.523" usertimems="4.000" systemtimems="0.000" timestamp="2019-09-21T21:28:26.897" activeThreads="8">
  <mem-info id="2268" free="72351744" total="228589568" percent="31">
    <mem type="eden" free="257592" total="2097152" percent="12" />
    <remembered-set count="10400" freebytes="9083008" totalbytes="9124608" percent="99" regionsoverflowed="0" regionsstable="1" regionsrebuilding="0"/>
  </mem-info>
</gc-end>
<cycle-end id="2269" type="partial gc" contextid="2262" timestamp="2019-09-21T21:28:26.897" />
  <attribute name="elasticGC enabled" value="1" />
  <attribute name= "numThreadsSpecified" value="8" />
  <attribute name="heapSize specified" value="0" />
  <attribute name="Current GC Util" value="79" />
  <attribute name= "Current Time Running" value="83912" />
  <attribute name ="GC Interval" value="0" />
  <attribute name="Target GC Util Change" value ="40.000000" />
  <attribute name="Current GC Util Change" value="79.000000"/>
  <attribute name="Current Error" value="0.000000" />
  <attribute name="Output H" value="228627408"/>
  <attribute name="Output I" value="2000"/>
  <attribute name="Output T" value="8"/>
  <attribute name= "Current Time Running" value="83912" />
  <attribute name="GC Util currently" value="79" />
  <attribute name="CPU Util currently" value="7410592761479" />
<exclusive-end id="2270" timestamp="2019-09-21T21:28:26.897" durationms="4.448" />

<exclusive-start id="2271" timestamp="2019-09-21T21:28:27.558" intervalms="665.393">
  <response-info timems="0.049" idlems="0.049" threads="0" lastid="000000000234AF00" lastname="Thread-6" />
</exclusive-start>
<allocation-taxation id="2272" taxation-threshold="62914560" timestamp="2019-09-21T21:28:27.559" intervalms="665.357" />
<cycle-start id="2273" type="partial gc" contextid="0" timestamp="2019-09-21T21:28:27.559" intervalms="665.349" />
<gc-start id="2274" type="partial gc" contextid="2273" timestamp="2019-09-21T21:28:27.559">
  <mem-info id="2275" free="9437184" total="228589568" percent="4">
    <mem type="eden" free="0" total="62914560" percent="0" />
    <remembered-set count="10144" freebytes="9084032" totalbytes="9124608" percent="99" regionsoverflowed="0" regionsstable="1" regionsrebuilding="0"/>
  </mem-info>
</gc-start>
<allocation-stats totalBytes="62784376" >
  <allocated-bytes non-tlh="49184" tlh="62735192" arrayletleaf="0"/>
  <largest-consumer threadName="Thread-10" threadId="0000000002359F00" bytes="10100568" />
</allocation-stats>
<gc-op id="2276" type="copy forward" timems="2.775" contextid="2273" timestamp="2019-09-21T21:28:27.562">
  <memory-copied type="eden" objects="5213" bytes="1997040" bytesdiscarded="309024" />
  <memory-copied type="other" objects="9" bytes="400" bytesdiscarded="0" />
  <memory-cardclean objects="1873" bytes="152504" />
  <regions eden="60" other="3" />
  <remembered-set-cleared processed="3540" cleared="704" durationms="0.199" />
  <references type="phantom" candidates="1" cleared="0" enqueued="0" />
  <stringconstants candidates="3963" cleared="0"  />
</gc-op>
<gc-op id="2277" type="classunload" timems="0.003" contextid="2273" timestamp="2019-09-21T21:28:27.562">
  <classunload-info classloadercandidates="20" classloadersunloaded="0" classesunloaded="0" anonymousclassesunloaded="0" quiescems="0.000" setupms="0.003" scanms="0.000" postms="0.000" />
</gc-op>
<heap-resize id="2278" type="expand" space="default" amount="1048576" count="1" timems="0.061" reason="insufficient free space following gc" timestamp="2019-09-21T21:28:27.563" />
<gc-end id="2279" type="partial gc" contextid="2273" durationms="4.103" usertimems="4.000" systemtimems="0.000" timestamp="2019-09-21T21:28:27.563" activeThreads="8">
  <mem-info id="2280" free="71303168" total="229638144" percent="31">
    <mem type="eden" free="839528" total="3145728" percent="26" />
    <remembered-set count="10848" freebytes="9123072" totalbytes="9166464" percent="99" regionsoverflowed="0" regionsstable="1" regionsrebuilding="0"/>
  </mem-info>
</gc-end>
<cycle-end id="2281" type="partial gc" contextid="2273" timestamp="2019-09-21T21:28:27.563" />
  <attribute name="elasticGC enabled" value="1" />
  <attribute name= "numThreadsSpecified" value="8" />
  <attribute name="heapSize specified" value="0" />
  <attribute name="Current GC Util" value="67" />
  <attribute name= "Current Time Running" value="84577" />
  <attribute name ="GC Interval" value="0" />
  <attribute name="Target GC Util Change" value ="40.000000" />
  <attribute name="Current GC Util Change" value="67.000000"/>
  <attribute name="Current Error" value="13.000000" />
  <attribute name="Output H" value="228627416"/>
  <attribute name="Output I" value="2008"/>
  <attribute name="Output T" value="8"/>
  <attribute name= "Current Time Running" value="84577" />
  <attribute name="GC Util currently" value="67" />
  <attribute name="CPU Util currently" value="6611679298819" />
<exclusive-end id="2282" timestamp="2019-09-21T21:28:27.563" durationms="4.942" />

<exclusive-start id="2283" timestamp="2019-09-21T21:28:28.242" intervalms="683.667">
  <response-info timems="0.061" idlems="0.061" threads="0" lastid="000000000233FC00" lastname="Thread-3" />
</exclusive-start>
<allocation-taxation id="2284" taxation-threshold="63963136" timestamp="2019-09-21T21:28:28.242" intervalms="683.610" />
<cycle-start id="2285" type="partial gc" contextid="0" timestamp="2019-09-21T21:28:28.242" intervalms="683.618" />
<gc-start id="2286" type="partial gc" contextid="2285" timestamp="2019-09-21T21:28:28.242">
  <mem-info id="2287" free="7340032" total="229638144" percent="3">
    <mem type="eden" free="0" total="63963136" percent="0" />
    <remembered-set count="10432" freebytes="9124736" totalbytes="9166464" percent="99" regionsoverflowed="0" regionsstable="1" regionsrebuilding="0"/>
  </mem-info>
</gc-start>
<allocation-stats totalBytes="63887624" >
  <allocated-bytes non-tlh="65552" tlh="63822072" arrayletleaf="0"/>
  <largest-consumer threadName="Thread-7" threadId="000000000234EB00" bytes="10030560" />
</allocation-stats>
<gc-op id="2288" type="copy forward" timems="2.813" contextid="2285" timestamp="2019-09-21T21:28:28.246">
  <memory-copied type="eden" objects="5443" bytes="2082280" bytesdiscarded="318888" />
  <memory-copied type="other" objects="16" bytes="576" bytesdiscarded="0" />
  <memory-cardclean objects="1870" bytes="152336" />
  <regions eden="61" other="4" />
  <remembered-set-cleared processed="3648" cleared="810" durationms="0.195" />
  <stringconstants candidates="3963" cleared="0"  />
</gc-op>
<gc-op id="2289" type="classunload" timems="0.002" contextid="2285" timestamp="2019-09-21T21:28:28.246">
  <classunload-info classloadercandidates="20" classloadersunloaded="0" classesunloaded="0" anonymousclassesunloaded="0" quiescems="0.000" setupms="0.002" scanms="0.000" postms="0.000" />
</gc-op>
<heap-resize id="2290" type="expand" space="default" amount="2097152" count="1" timems="0.060" reason="insufficient free space following gc" timestamp="2019-09-21T21:28:28.246" />
<gc-end id="2291" type="partial gc" contextid="2285" durationms="3.983" usertimems="4.000" systemtimems="4.000" timestamp="2019-09-21T21:28:28.246" activeThreads="8">
  <mem-info id="2292" free="71303168" total="231735296" percent="30">
    <mem type="eden" free="1793008" total="4194304" percent="42" />
    <remembered-set count="10336" freebytes="9208832" totalbytes="9250176" percent="99" regionsoverflowed="0" regionsstable="1" regionsrebuilding="0"/>
  </mem-info>
</gc-end>
<cycle-end id="2293" type="partial gc" contextid="2285" timestamp="2019-09-21T21:28:28.247" />
  <attribute name="elasticGC enabled" value="1" />
  <attribute name= "numThreadsSpecified" value="8" />
  <attribute name="heapSize specified" value="0" />
  <attribute name="Current GC Util" value="75" />
  <attribute name= "Current Time Running" value="85261" />
  <attribute name ="GC Interval" value="0" />
  <attribute name="Target GC Util Change" value ="40.000000" />
  <attribute name="Current GC Util Change" value="75.000000"/>
  <attribute name="Current Error" value="18.000000" />
  <attribute name="Output H" value="229676000"/>
  <attribute name="Output I" value="2016"/>
  <attribute name="Output T" value="8"/>
  <attribute name= "Current Time Running" value="85261" />
  <attribute name="GC Util currently" value="75" />
  <attribute name="CPU Util currently" value="7695069582120" />
<exclusive-end id="2294" timestamp="2019-09-21T21:28:28.247" durationms="4.794" />

<exclusive-start id="2295" timestamp="2019-09-21T21:28:28.970" intervalms="728.092">
  <response-info timems="0.033" idlems="0.033" threads="0" lastid="0000000002352700" lastname="Thread-8" />
</exclusive-start>
<allocation-taxation id="2296" taxation-threshold="63963136" timestamp="2019-09-21T21:28:28.970" intervalms="728.219" />
<cycle-start id="2297" type="partial gc" contextid="0" timestamp="2019-09-21T21:28:28.970" intervalms="728.221" />
<gc-start id="2298" type="partial gc" contextid="2297" timestamp="2019-09-21T21:28:28.971">
  <mem-info id="2299" free="7340032" total="231735296" percent="3">
    <mem type="eden" free="1048456" total="65011712" percent="1" />
    <remembered-set count="9920" freebytes="9210496" totalbytes="9250176" percent="99" regionsoverflowed="0" regionsstable="1" regionsrebuilding="0"/>
  </mem-info>
</gc-start>
<allocation-stats totalBytes="63839168" >
  <allocated-bytes non-tlh="16392" tlh="63822776" arrayletleaf="0"/>
  <largest-consumer threadName="Thread-6" threadId="000000000234AF00" bytes="10494824" />
</allocation-stats>
<gc-op id="2300" type="copy forward" timems="3.044" contextid="2297" timestamp="2019-09-21T21:28:28.974">
  <memory-copied type="eden" objects="5044" bytes="1989208" bytesdiscarded="338584" />
  <memory-copied type="other" objects="8" bytes="288" bytesdiscarded="0" />
  <memory-cardclean objects="1853" bytes="151320" />
  <regions eden="61" other="5" />
  <remembered-set-cleared processed="3667" cleared="813" durationms="0.191" />
  <references type="phantom" candidates="1" cleared="0" enqueued="0" />
  <stringconstants candidates="3963" cleared="0"  />
</gc-op>
<gc-op id="2301" type="classunload" timems="0.002" contextid="2297" timestamp="2019-09-21T21:28:28.975">
  <classunload-info classloadercandidates="20" classloadersunloaded="0" classesunloaded="0" anonymousclassesunloaded="0" quiescems="0.000" setupms="0.002" scanms="0.000" postms="0.000" />
</gc-op>
<heap-resize id="2302" type="expand" space="default" amount="1048576" count="1" timems="0.054" reason="insufficient free space following gc" timestamp="2019-09-21T21:28:28.975" />
<gc-end id="2303" type="partial gc" contextid="2297" durationms="4.317" usertimems="8.000" systemtimems="0.000" timestamp="2019-09-21T21:28:28.975" activeThreads="8">
  <mem-info id="2304" free="72351744" total="232783872" percent="31">
    <mem type="eden" free="817800" total="3145728" percent="25" />
    <remembered-set count="10368" freebytes="9250560" totalbytes="9292032" percent="99" regionsoverflowed="0" regionsstable="1" regionsrebuilding="0"/>
  </mem-info>
</gc-end>
<cycle-end id="2305" type="partial gc" contextid="2297" timestamp="2019-09-21T21:28:28.975" />
  <attribute name="elasticGC enabled" value="1" />
  <attribute name= "numThreadsSpecified" value="8" />
  <attribute name="heapSize specified" value="0" />
  <attribute name="Current GC Util" value="76" />
  <attribute name= "Current Time Running" value="85989" />
  <attribute name ="GC Interval" value="0" />
  <attribute name="Target GC Util Change" value ="40.000000" />
  <attribute name="Current GC Util Change" value="76.000000"/>
  <attribute name="Current Error" value="4.000000" />
  <attribute name="Output H" value="231773144"/>
  <attribute name="Output I" value="2008"/>
  <attribute name="Output T" value="8"/>
  <attribute name= "Current Time Running" value="85989" />
  <attribute name="GC Util currently" value="76" />
  <attribute name="CPU Util currently" value="7487354051082" />
<exclusive-end id="2306" timestamp="2019-09-21T21:28:28.975" durationms="5.183" />

<exclusive-start id="2307" timestamp="2019-09-21T21:28:29.650" intervalms="680.301">
  <response-info timems="0.037" idlems="0.037" threads="0" lastid="000000000234EB00" lastname="Thread-7" />
</exclusive-start>
<allocation-taxation id="2308" taxation-threshold="63963136" timestamp="2019-09-21T21:28:29.651" intervalms="680.219" />
<cycle-start id="2309" type="partial gc" contextid="0" timestamp="2019-09-21T21:28:29.651" intervalms="680.216" />
<gc-start id="2310" type="partial gc" contextid="2309" timestamp="2019-09-21T21:28:29.651">
  <mem-info id="2311" free="8388608" total="232783872" percent="3">
    <mem type="eden" free="0" total="63963136" percent="0" />
    <remembered-set count="10240" freebytes="9251072" totalbytes="9292032" percent="99" regionsoverflowed="0" regionsstable="1" regionsrebuilding="0"/>
  </mem-info>
</gc-start>
<allocation-stats totalBytes="63870808" >
  <allocated-bytes non-tlh="49168" tlh="63821640" arrayletleaf="0"/>
  <largest-consumer threadName="Thread-9" threadId="0000000002356300" bytes="9585928" />
</allocation-stats>
<gc-op id="2312" type="copy forward" timems="3.704" contextid="2309" timestamp="2019-09-21T21:28:29.655">
  <memory-copied type="eden" objects="4409" bytes="1764208" bytesdiscarded="329912" />
  <memory-copied type="other" objects="0" bytes="0" bytesdiscarded="0" />
  <memory-cardclean objects="1878" bytes="152160" />
  <regions eden="61" other="4" />
  <remembered-set-cleared processed="3642" cleared="803" durationms="0.202" />
  <references type="phantom" candidates="1" cleared="0" enqueued="0" />
  <stringconstants candidates="3963" cleared="0"  />
</gc-op>
<gc-op id="2313" type="classunload" timems="0.002" contextid="2309" timestamp="2019-09-21T21:28:29.655">
  <classunload-info classloadercandidates="20" classloadersunloaded="0" classesunloaded="0" anonymousclassesunloaded="0" quiescems="0.000" setupms="0.002" scanms="0.000" postms="0.000" />
</gc-op>
<gc-end id="2314" type="partial gc" contextid="2309" durationms="4.705" usertimems="8.000" systemtimems="0.000" timestamp="2019-09-21T21:28:29.656" activeThreads="8">
  <mem-info id="2315" free="73400320" total="232783872" percent="31">
    <mem type="eden" free="1051480" total="3145728" percent="33" />
    <remembered-set count="10368" freebytes="9250560" totalbytes="9292032" percent="99" regionsoverflowed="0" regionsstable="1" regionsrebuilding="0"/>
  </mem-info>
</gc-end>
<cycle-end id="2316" type="partial gc" contextid="2309" timestamp="2019-09-21T21:28:29.656" />
  <attribute name="elasticGC enabled" value="1" />
  <attribute name= "numThreadsSpecified" value="8" />
  <attribute name="heapSize specified" value="0" />
  <attribute name="Current GC Util" value="75" />
  <attribute name= "Current Time Running" value="86669" />
  <attribute name ="GC Interval" value="0" />
  <attribute name="Target GC Util Change" value ="40.000000" />
  <attribute name="Current GC Util Change" value="75.000000"/>
  <attribute name="Current Error" value="9.000000" />
  <attribute name="Output H" value="232821720"/>
  <attribute name="Output I" value="2008"/>
  <attribute name="Output T" value="8"/>
  <attribute name= "Current Time Running" value="86669" />
  <attribute name="GC Util currently" value="75" />
  <attribute name="CPU Util currently" value="7228461230606" />
<exclusive-end id="2317" timestamp="2019-09-21T21:28:29.656" durationms="5.548" />

<exclusive-start id="2318" timestamp="2019-09-21T21:28:30.392" intervalms="741.813">
  <response-info timems="0.036" idlems="0.036" threads="0" lastid="000000000234AF00" lastname="Thread-6" />
</exclusive-start>
<allocation-taxation id="2319" taxation-threshold="63963136" timestamp="2019-09-21T21:28:30.392" intervalms="741.783" />
<cycle-start id="2320" type="partial gc" contextid="0" timestamp="2019-09-21T21:28:30.392" intervalms="741.778" />
<gc-start id="2321" type="partial gc" contextid="2320" timestamp="2019-09-21T21:28:30.393">
  <mem-info id="2322" free="9437184" total="232783872" percent="4">
    <mem type="eden" free="0" total="63963136" percent="0" />
    <remembered-set count="9920" freebytes="9252352" totalbytes="9292032" percent="99" regionsoverflowed="0" regionsstable="1" regionsrebuilding="0"/>
  </mem-info>
</gc-start>
<allocation-stats totalBytes="63869456" >
  <allocated-bytes non-tlh="81944" tlh="63787512" arrayletleaf="0"/>
  <largest-consumer threadName="Thread-4" threadId="0000000002343800" bytes="11417496" />
</allocation-stats>
<gc-op id="2323" type="copy forward" timems="4.285" contextid="2320" timestamp="2019-09-21T21:28:30.398">
  <memory-copied type="eden" objects="4237" bytes="1636416" bytesdiscarded="243224" />
  <memory-copied type="other" objects="12" bytes="432" bytesdiscarded="0" />
  <memory-cardclean objects="1859" bytes="150728" />
  <regions eden="61" other="4" />
  <remembered-set-cleared processed="3568" cleared="724" durationms="0.188" />
  <references type="weak" candidates="1" cleared="0" enqueued="0" />
  <references type="phantom" candidates="1" cleared="0" enqueued="0" />
  <stringconstants candidates="3963" cleared="0"  />
</gc-op>
<gc-op id="2324" type="classunload" timems="0.003" contextid="2320" timestamp="2019-09-21T21:28:30.398">
  <classunload-info classloadercandidates="20" classloadersunloaded="0" classesunloaded="0" anonymousclassesunloaded="0" quiescems="0.000" setupms="0.002" scanms="0.000" postms="0.000" />
</gc-op>
<gc-end id="2325" type="partial gc" contextid="2320" durationms="5.332" usertimems="8.000" systemtimems="0.000" timestamp="2019-09-21T21:28:30.398" activeThreads="8">
  <mem-info id="2326" free="73400320" total="232783872" percent="31">
    <mem type="eden" free="217392" total="2097152" percent="10" />
    <remembered-set count="10368" freebytes="9250560" totalbytes="9292032" percent="99" regionsoverflowed="0" regionsstable="1" regionsrebuilding="0"/>
  </mem-info>
</gc-end>
<cycle-end id="2327" type="partial gc" contextid="2320" timestamp="2019-09-21T21:28:30.398" />
  <attribute name="elasticGC enabled" value="1" />
  <attribute name= "numThreadsSpecified" value="8" />
  <attribute name="heapSize specified" value="0" />
  <attribute name="Current GC Util" value="69" />
  <attribute name= "Current Time Running" value="87411" />
  <attribute name ="GC Interval" value="0" />
  <attribute name="Target GC Util Change" value ="40.000000" />
  <attribute name="Current GC Util Change" value="69.000000"/>
  <attribute name="Current Error" value="20.000000" />
  <attribute name="Output H" value="232821728"/>
  <attribute name="Output I" value="2016"/>
  <attribute name="Output T" value="8"/>
  <attribute name= "Current Time Running" value="87411" />
  <attribute name="GC Util currently" value="69" />
  <attribute name="CPU Util currently" value="8286053579715" />
<exclusive-end id="2328" timestamp="2019-09-21T21:28:30.398" durationms="6.246" />

<exclusive-start id="2329" timestamp="2019-09-21T21:28:31.179" intervalms="786.547">
  <response-info timems="0.064" idlems="0.064" threads="0" lastid="0000000002347300" lastname="Thread-5" />
</exclusive-start>
<allocation-taxation id="2330" taxation-threshold="63963136" timestamp="2019-09-21T21:28:31.179" intervalms="786.561" />
<cycle-start id="2331" type="partial gc" contextid="0" timestamp="2019-09-21T21:28:31.179" intervalms="786.571" />
<gc-start id="2332" type="partial gc" contextid="2331" timestamp="2019-09-21T21:28:31.179">
  <mem-info id="2333" free="9437184" total="232783872" percent="4">
    <mem type="eden" free="0" total="63963136" percent="0" />
    <remembered-set count="10368" freebytes="9250560" totalbytes="9292032" percent="99" regionsoverflowed="0" regionsstable="1" regionsrebuilding="0"/>
  </mem-info>
</gc-start>
<allocation-stats totalBytes="63890976" >
  <allocated-bytes non-tlh="0" tlh="63890976" arrayletleaf="0"/>
  <largest-consumer threadName="Thread-5" threadId="0000000002347300" bytes="10941984" />
</allocation-stats>
<gc-op id="2334" type="copy forward" timems="4.839" contextid="2331" timestamp="2019-09-21T21:28:31.185">
  <memory-copied type="eden" objects="4939" bytes="1907152" bytesdiscarded="212016" />
  <memory-copied type="other" objects="8" bytes="288" bytesdiscarded="0" />
  <memory-cardclean objects="1874" bytes="152576" />
  <regions eden="61" other="3" />
  <remembered-set-cleared processed="3558" cleared="722" durationms="0.197" />
  <stringconstants candidates="3963" cleared="0"  />
</gc-op>
<gc-op id="2335" type="classunload" timems="0.002" contextid="2331" timestamp="2019-09-21T21:28:31.185">
  <classunload-info classloadercandidates="20" classloadersunloaded="0" classesunloaded="0" anonymousclassesunloaded="0" quiescems="0.000" setupms="0.002" scanms="0.000" postms="0.000" />
</gc-op>
<heap-resize id="2336" type="expand" space="default" amount="1048576" count="1" timems="0.059" reason="insufficient free space following gc" timestamp="2019-09-21T21:28:31.185" />
<gc-end id="2337" type="partial gc" contextid="2331" durationms="6.090" usertimems="8.000" systemtimems="4.000" timestamp="2019-09-21T21:28:31.185" activeThreads="8">
  <mem-info id="2338" free="72351744" total="233832448" percent="30">
    <mem type="eden" free="1026432" total="3145728" percent="32" />
    <remembered-set count="10464" freebytes="9292032" totalbytes="9333888" percent="99" regionsoverflowed="0" regionsstable="1" regionsrebuilding="0"/>
  </mem-info>
</gc-end>
<cycle-end id="2339" type="partial gc" contextid="2331" timestamp="2019-09-21T21:28:31.185" />
  <attribute name="elasticGC enabled" value="1" />
  <attribute name= "numThreadsSpecified" value="8" />
  <attribute name="heapSize specified" value="0" />
  <attribute name="Current GC Util" value="71" />
  <attribute name= "Current Time Running" value="88198" />
  <attribute name ="GC Interval" value="0" />
  <attribute name="Target GC Util Change" value ="40.000000" />
  <attribute name="Current GC Util Change" value="71.000000"/>
  <attribute name="Current Error" value="8.000000" />
  <attribute name="Output H" value="232821720"/>
  <attribute name="Output I" value="2008"/>
  <attribute name="Output T" value="8"/>
  <attribute name= "Current Time Running" value="88198" />
  <attribute name="GC Util currently" value="71" />
  <attribute name="CPU Util currently" value="7664249095267" />
<exclusive-end id="2340" timestamp="2019-09-21T21:28:31.186" durationms="6.975" />

<exclusive-start id="2341" timestamp="2019-09-21T21:28:31.914" intervalms="734.943">
  <response-info timems="0.125" idlems="0.100" threads="1" lastid="0000000002352700" lastname="Thread-8" />
</exclusive-start>
<allocation-taxation id="2342" taxation-threshold="65011712" timestamp="2019-09-21T21:28:31.914" intervalms="734.861" />
<cycle-start id="2343" type="partial gc" contextid="0" timestamp="2019-09-21T21:28:31.914" intervalms="734.856" />
<gc-start id="2344" type="partial gc" contextid="2343" timestamp="2019-09-21T21:28:31.914">
  <mem-info id="2345" free="7340032" total="233832448" percent="3">
    <mem type="eden" free="0" total="65011712" percent="0" />
    <remembered-set count="10208" freebytes="9293056" totalbytes="9333888" percent="99" regionsoverflowed="0" regionsstable="1" regionsrebuilding="0"/>
  </mem-info>
</gc-start>
<allocation-stats totalBytes="64958928" >
  <allocated-bytes non-tlh="81952" tlh="64876976" arrayletleaf="0"/>
  <largest-consumer threadName="Thread-5" threadId="0000000002347300" bytes="10956280" />
</allocation-stats>
<gc-op id="2346" type="copy forward" timems="4.022" contextid="2343" timestamp="2019-09-21T21:28:31.919">
  <memory-copied type="eden" objects="4868" bytes="1886856" bytesdiscarded="301600" />
  <memory-copied type="other" objects="17" bytes="680" bytesdiscarded="0" />
  <memory-cardclean objects="1887" bytes="152944" />
  <regions eden="62" other="4" />
  <remembered-set-cleared processed="3612" cleared="772" durationms="0.196" />
  <stringconstants candidates="3963" cleared="0"  />
</gc-op>
<gc-op id="2347" type="classunload" timems="0.003" contextid="2343" timestamp="2019-09-21T21:28:31.919">
  <classunload-info classloadercandidates="20" classloadersunloaded="0" classesunloaded="0" anonymousclassesunloaded="0" quiescems="0.000" setupms="0.002" scanms="0.000" postms="0.000" />
</gc-op>
<heap-resize id="2348" type="expand" space="default" amount="2097152" count="1" timems="0.059" reason="insufficient free space following gc" timestamp="2019-09-21T21:28:31.919" />
<gc-end id="2349" type="partial gc" contextid="2343" durationms="5.198" usertimems="4.000" systemtimems="4.000" timestamp="2019-09-21T21:28:31.919" activeThreads="8">
  <mem-info id="2350" free="73400320" total="235929600" percent="31">
    <mem type="eden" free="957144" total="3145728" percent="30" />
    <remembered-set count="10464" freebytes="9375744" totalbytes="9417600" percent="99" regionsoverflowed="0" regionsstable="1" regionsrebuilding="0"/>
  </mem-info>
</gc-end>
<cycle-end id="2351" type="partial gc" contextid="2343" timestamp="2019-09-21T21:28:31.919" />
  <attribute name="elasticGC enabled" value="1" />
  <attribute name= "numThreadsSpecified" value="8" />
  <attribute name="heapSize specified" value="0" />
  <attribute name="Current GC Util" value="74" />
  <attribute name= "Current Time Running" value="88932" />
  <attribute name ="GC Interval" value="0" />
  <attribute name="Target GC Util Change" value ="40.000000" />
  <attribute name="Current GC Util Change" value="74.000000"/>
  <attribute name="Current Error" value="13.000000" />
  <attribute name="Output H" value="233870296"/>
  <attribute name="Output I" value="2008"/>
  <attribute name="Output T" value="8"/>
  <attribute name= "Current Time Running" value="88932" />
  <attribute name="GC Util currently" value="74" />
  <attribute name="CPU Util currently" value="7832559953849" />
<exclusive-end id="2352" timestamp="2019-09-21T21:28:31.920" durationms="5.907" />

<exclusive-start id="2353" timestamp="2019-09-21T21:28:32.636" intervalms="722.288">
  <response-info timems="0.062" idlems="0.062" threads="0" lastid="000000000234EB00" lastname="Thread-7" />
</exclusive-start>
<allocation-taxation id="2354" taxation-threshold="65011712" timestamp="2019-09-21T21:28:32.636" intervalms="722.346" />
<cycle-start id="2355" type="partial gc" contextid="0" timestamp="2019-09-21T21:28:32.636" intervalms="722.338" />
<gc-start id="2356" type="partial gc" contextid="2355" timestamp="2019-09-21T21:28:32.636">
  <mem-info id="2357" free="8388608" total="235929600" percent="3">
    <mem type="eden" free="0" total="65011712" percent="0" />
    <remembered-set count="10016" freebytes="9377536" totalbytes="9417600" percent="99" regionsoverflowed="0" regionsstable="1" regionsrebuilding="0"/>
  </mem-info>
</gc-start>
<allocation-stats totalBytes="64936800" >
  <allocated-bytes non-tlh="24592" tlh="64912208" arrayletleaf="0"/>
  <largest-consumer threadName="Thread-3" threadId="000000000233FC00" bytes="9716704" />
</allocation-stats>
<gc-op id="2358" type="copy forward" timems="3.271" contextid="2355" timestamp="2019-09-21T21:28:32.640">
  <memory-copied type="eden" objects="4615" bytes="1916280" bytesdiscarded="189696" />
  <memory-copied type="other" objects="9" bytes="392" bytesdiscarded="0" />
  <memory-cardclean objects="1901" bytes="152344" />
  <regions eden="62" other="4" />
  <remembered-set-cleared processed="3599" cleared="762" durationms="0.198" />
  <references type="phantom" candidates="2" cleared="0" enqueued="0" />
  <stringconstants candidates="3963" cleared="0"  />
</gc-op>
<gc-op id="2359" type="classunload" timems="0.002" contextid="2355" timestamp="2019-09-21T21:28:32.640">
  <classunload-info classloadercandidates="20" classloadersunloaded="0" classesunloaded="0" anonymousclassesunloaded="0" quiescems="0.000" setupms="0.002" scanms="0.000" postms="0.000" />
</gc-op>
<heap-resize id="2360" type="expand" space="default" amount="1048576" count="1" timems="0.056" reason="insufficient free space following gc" timestamp="2019-09-21T21:28:32.641" />
<gc-end id="2361" type="partial gc" contextid="2355" durationms="4.474" usertimems="8.000" systemtimems="0.000" timestamp="2019-09-21T21:28:32.641" activeThreads="8">
  <mem-info id="2362" free="73400320" total="236978176" percent="30">
    <mem type="eden" free="1039608" total="3145728" percent="33" />
    <remembered-set count="10880" freebytes="9415936" totalbytes="9459456" percent="99" regionsoverflowed="0" regionsstable="1" regionsrebuilding="0"/>
  </mem-info>
</gc-end>
<cycle-end id="2363" type="partial gc" contextid="2355" timestamp="2019-09-21T21:28:32.641" />
  <attribute name="elasticGC enabled" value="1" />
  <attribute name= "numThreadsSpecified" value="8" />
  <attribute name="heapSize specified" value="0" />
  <attribute name="Current GC Util" value="75" />
  <attribute name= "Current Time Running" value="89655" />
  <attribute name ="GC Interval" value="0" />
  <attribute name="Target GC Util Change" value ="40.000000" />
  <attribute name="Current GC Util Change" value="75.000000"/>
  <attribute name="Current Error" value="17.000000" />
  <attribute name="Output H" value="235967456"/>
  <attribute name="Output I" value="2016"/>
  <attribute name="Output T" value="8"/>
  <attribute name= "Current Time Running" value="89655" />
  <attribute name="GC Util currently" value="75" />
  <attribute name="CPU Util currently" value="7687937151438" />
<exclusive-end id="2364" timestamp="2019-09-21T21:28:32.641" durationms="5.272" />

<exclusive-start id="2365" timestamp="2019-09-21T21:28:33.356" intervalms="720.228">
  <response-info timems="0.066" idlems="0.066" threads="0" lastid="000000000234AF00" lastname="Thread-6" />
</exclusive-start>
<allocation-taxation id="2366" taxation-threshold="65011712" timestamp="2019-09-21T21:28:33.356" intervalms="720.197" />
<cycle-start id="2367" type="partial gc" contextid="0" timestamp="2019-09-21T21:28:33.356" intervalms="720.202" />
<gc-start id="2368" type="partial gc" contextid="2367" timestamp="2019-09-21T21:28:33.357">
  <mem-info id="2369" free="8388608" total="236978176" percent="3">
    <mem type="eden" free="0" total="65011712" percent="0" />
    <remembered-set count="10400" freebytes="9417856" totalbytes="9459456" percent="99" regionsoverflowed="0" regionsstable="1" regionsrebuilding="0"/>
  </mem-info>
</gc-start>
<allocation-stats totalBytes="64941192" >
  <allocated-bytes non-tlh="8200" tlh="64932992" arrayletleaf="0"/>
  <largest-consumer threadName="Thread-5" threadId="0000000002347300" bytes="10178880" />
</allocation-stats>
<gc-op id="2370" type="copy forward" timems="5.078" contextid="2367" timestamp="2019-09-21T21:28:33.363">
  <memory-copied type="eden" objects="5358" bytes="2084744" bytesdiscarded="302352" />
  <memory-copied type="other" objects="12" bytes="432" bytesdiscarded="0" />
  <memory-cardclean objects="1856" bytes="150520" />
  <regions eden="62" other="4" />
  <remembered-set-cleared processed="3596" cleared="744" durationms="0.198" />
  <stringconstants candidates="3963" cleared="0"  />
</gc-op>
<gc-op id="2371" type="classunload" timems="0.004" contextid="2367" timestamp="2019-09-21T21:28:33.363">
  <classunload-info classloadercandidates="20" classloadersunloaded="0" classesunloaded="0" anonymousclassesunloaded="0" quiescems="0.000" setupms="0.004" scanms="0.000" postms="0.000" />
</gc-op>
<gc-end id="2372" type="partial gc" contextid="2367" durationms="6.184" usertimems="4.000" systemtimems="4.000" timestamp="2019-09-21T21:28:33.363" activeThreads="8">
  <mem-info id="2373" free="72351744" total="236978176" percent="30">
    <mem type="eden" free="758504" total="3145728" percent="24" />
    <remembered-set count="10432" freebytes="9417728" totalbytes="9459456" percent="99" regionsoverflowed="0" regionsstable="1" regionsrebuilding="0"/>
  </mem-info>
</gc-end>
<cycle-end id="2374" type="partial gc" contextid="2367" timestamp="2019-09-21T21:28:33.363" />
  <attribute name="elasticGC enabled" value="1" />
  <attribute name= "numThreadsSpecified" value="8" />
  <attribute name="heapSize specified" value="0" />
  <attribute name="Current GC Util" value="66" />
  <attribute name= "Current Time Running" value="90375" />
  <attribute name ="GC Interval" value="0" />
  <attribute name="Target GC Util Change" value ="40.000000" />
  <attribute name="Current GC Util Change" value="66.000000"/>
  <attribute name="Current Error" value="13.000000" />
  <attribute name="Output H" value="237016024"/>
  <attribute name="Output I" value="2008"/>
  <attribute name="Output T" value="8"/>
  <attribute name= "Current Time Running" value="90375" />
  <attribute name="GC Util currently" value="66" />
  <attribute name="CPU Util currently" value="6878616634902" />
<exclusive-end id="2375" timestamp="2019-09-21T21:28:33.363" durationms="6.877" />

<exclusive-start id="2376" timestamp="2019-09-21T21:28:34.095" intervalms="738.645">
  <response-info timems="0.048" idlems="0.048" threads="0" lastid="0000000002347300" lastname="Thread-5" />
</exclusive-start>
<allocation-taxation id="2377" taxation-threshold="65011712" timestamp="2019-09-21T21:28:34.095" intervalms="738.696" />
<cycle-start id="2378" type="partial gc" contextid="0" timestamp="2019-09-21T21:28:34.095" intervalms="738.696" />
<gc-start id="2379" type="partial gc" contextid="2378" timestamp="2019-09-21T21:28:34.095">
  <mem-info id="2380" free="7340032" total="236978176" percent="3">
    <mem type="eden" free="0" total="65011712" percent="0" />
    <remembered-set count="10048" freebytes="9419264" totalbytes="9459456" percent="99" regionsoverflowed="0" regionsstable="1" regionsrebuilding="0"/>
  </mem-info>
</gc-start>
<allocation-stats totalBytes="64896656" >
  <allocated-bytes non-tlh="16392" tlh="64880264" arrayletleaf="0"/>
  <largest-consumer threadName="Thread-9" threadId="0000000002356300" bytes="10762072" />
</allocation-stats>
<gc-op id="2381" type="copy forward" timems="5.095" contextid="2378" timestamp="2019-09-21T21:28:34.101">
  <memory-copied type="eden" objects="4563" bytes="1878048" bytesdiscarded="201224" />
  <memory-copied type="other" objects="16" bytes="576" bytesdiscarded="0" />
  <memory-cardclean objects="1871" bytes="152328" />
  <regions eden="62" other="4" />
  <remembered-set-cleared processed="3664" cleared="818" durationms="0.237" />
  <references type="phantom" candidates="1" cleared="0" enqueued="0" />
  <stringconstants candidates="3963" cleared="0"  />
</gc-op>
<gc-op id="2382" type="classunload" timems="0.003" contextid="2378" timestamp="2019-09-21T21:28:34.101">
  <classunload-info classloadercandidates="20" classloadersunloaded="0" classesunloaded="0" anonymousclassesunloaded="0" quiescems="0.000" setupms="0.002" scanms="0.000" postms="0.000" />
</gc-op>
<heap-resize id="2383" type="expand" space="default" amount="3145728" count="1" timems="0.068" reason="insufficient free space following gc" timestamp="2019-09-21T21:28:34.102" />
<gc-end id="2384" type="partial gc" contextid="2378" durationms="6.397" usertimems="12.000" systemtimems="0.000" timestamp="2019-09-21T21:28:34.102" activeThreads="8">
  <mem-info id="2385" free="74448896" total="240123904" percent="31">
    <mem type="eden" free="1066320" total="3145728" percent="33" />
    <remembered-set count="10944" freebytes="9541248" totalbytes="9585024" percent="99" regionsoverflowed="0" regionsstable="1" regionsrebuilding="0"/>
  </mem-info>
</gc-end>
<cycle-end id="2386" type="partial gc" contextid="2378" timestamp="2019-09-21T21:28:34.102" />
  <attribute name="elasticGC enabled" value="1" />
  <attribute name= "numThreadsSpecified" value="8" />
  <attribute name="heapSize specified" value="0" />
  <attribute name="Current GC Util" value="68" />
  <attribute name= "Current Time Running" value="91114" />
  <attribute name ="GC Interval" value="0" />
  <attribute name="Target GC Util Change" value ="40.000000" />
  <attribute name="Current GC Util Change" value="68.000000"/>
  <attribute name="Current Error" value="24.000000" />
  <attribute name="Output H" value="237016032"/>
  <attribute name="Output I" value="2016"/>
  <attribute name="Output T" value="8"/>
  <attribute name= "Current Time Running" value="91114" />
  <attribute name="GC Util currently" value="68" />
  <attribute name="CPU Util currently" value="6856893459975" />
<exclusive-end id="2387" timestamp="2019-09-21T21:28:34.102" durationms="7.288" />

<exclusive-start id="2388" timestamp="2019-09-21T21:28:34.833" intervalms="737.730">
  <response-info timems="0.038" idlems="0.038" threads="0" lastid="000000000233FC00" lastname="Thread-3" />
</exclusive-start>
<allocation-taxation id="2389" taxation-threshold="66060288" timestamp="2019-09-21T21:28:34.833" intervalms="737.763" />
<cycle-start id="2390" type="partial gc" contextid="0" timestamp="2019-09-21T21:28:34.833" intervalms="737.765" />
<gc-start id="2391" type="partial gc" contextid="2390" timestamp="2019-09-21T21:28:34.833">
  <mem-info id="2392" free="8388608" total="240123904" percent="3">
    <mem type="eden" free="0" total="66060288" percent="0" />
    <remembered-set count="10592" freebytes="9542656" totalbytes="9585024" percent="99" regionsoverflowed="0" regionsstable="1" regionsrebuilding="0"/>
  </mem-info>
</gc-start>
<allocation-stats totalBytes="65975352" >
  <allocated-bytes non-tlh="0" tlh="65975352" arrayletleaf="0"/>
  <largest-consumer threadName="Thread-5" threadId="0000000002347300" bytes="10286448" />
</allocation-stats>
<gc-op id="2393" type="copy forward" timems="3.363" contextid="2390" timestamp="2019-09-21T21:28:34.837">
  <memory-copied type="eden" objects="4634" bytes="1822776" bytesdiscarded="259192" />
  <memory-copied type="other" objects="8" bytes="288" bytesdiscarded="0" />
  <memory-cardclean objects="1884" bytes="152568" />
  <regions eden="63" other="4" />
  <remembered-set-cleared processed="3589" cleared="743" durationms="0.207" />
  <references type="weak" candidates="1" cleared="0" enqueued="0" />
  <references type="phantom" candidates="1" cleared="0" enqueued="0" />
  <stringconstants candidates="3963" cleared="0"  />
</gc-op>
<gc-op id="2394" type="classunload" timems="0.003" contextid="2390" timestamp="2019-09-21T21:28:34.837">
  <classunload-info classloadercandidates="20" classloadersunloaded="0" classesunloaded="0" anonymousclassesunloaded="0" quiescems="0.000" setupms="0.003" scanms="0.000" postms="0.000" />
</gc-op>
<gc-end id="2395" type="partial gc" contextid="2390" durationms="4.451" usertimems="8.000" systemtimems="0.000" timestamp="2019-09-21T21:28:34.838" activeThreads="8">
  <mem-info id="2396" free="74448896" total="240123904" percent="31">
    <mem type="eden" free="1063640" total="3145728" percent="33" />
    <remembered-set count="11008" freebytes="9540992" totalbytes="9585024" percent="99" regionsoverflowed="0" regionsstable="1" regionsrebuilding="0"/>
  </mem-info>
</gc-end>
<cycle-end id="2397" type="partial gc" contextid="2390" timestamp="2019-09-21T21:28:34.838" />
  <attribute name="elasticGC enabled" value="1" />
  <attribute name= "numThreadsSpecified" value="8" />
  <attribute name="heapSize specified" value="0" />
  <attribute name="Current GC Util" value="75" />
  <attribute name= "Current Time Running" value="91851" />
  <attribute name ="GC Interval" value="0" />
  <attribute name="Target GC Util Change" value ="40.000000" />
  <attribute name="Current GC Util Change" value="75.000000"/>
  <attribute name="Current Error" value="28.000000" />
  <attribute name="Output H" value="240161760"/>
  <attribute name="Output I" value="2016"/>
  <attribute name="Output T" value="8"/>
  <attribute name= "Current Time Running" value="91851" />
  <attribute name="GC Util currently" value="75" />
  <attribute name="CPU Util currently" value="7772574324713" />
<exclusive-end id="2398" timestamp="2019-09-21T21:28:34.838" durationms="5.379" />

<exclusive-start id="2399" timestamp="2019-09-21T21:28:35.545" intervalms="712.210">
  <response-info timems="0.041" idlems="0.041" threads="0" lastid="0000000002343800" lastname="Thread-4" />
</exclusive-start>
<allocation-taxation id="2400" taxation-threshold="66060288" timestamp="2019-09-21T21:28:35.545" intervalms="712.187" />
<cycle-start id="2401" type="partial gc" contextid="0" timestamp="2019-09-21T21:28:35.545" intervalms="712.192" />
<gc-start id="2402" type="partial gc" contextid="2401" timestamp="2019-09-21T21:28:35.545">
  <mem-info id="2403" free="8388608" total="240123904" percent="3">
    <mem type="eden" free="1048456" total="67108864" percent="1" />
    <remembered-set count="10528" freebytes="9542912" totalbytes="9585024" percent="99" regionsoverflowed="0" regionsstable="1" regionsrebuilding="0"/>
  </mem-info>
</gc-start>
<allocation-stats totalBytes="65994376" >
  <allocated-bytes non-tlh="16392" tlh="65977984" arrayletleaf="0"/>
  <largest-consumer threadName="Thread-7" threadId="000000000234EB00" bytes="9473624" />
</allocation-stats>
<gc-op id="2404" type="copy forward" timems="5.536" contextid="2401" timestamp="2019-09-21T21:28:35.551">
  <memory-copied type="eden" objects="5168" bytes="2030224" bytesdiscarded="298784" />
  <memory-copied type="other" objects="16" bytes="576" bytesdiscarded="0" />
  <memory-cardclean objects="1896" bytes="152520" />
  <regions eden="63" other="4" />
  <remembered-set-cleared processed="3616" cleared="781" durationms="0.202" />
  <references type="phantom" candidates="1" cleared="0" enqueued="0" />
  <stringconstants candidates="3963" cleared="0"  />
</gc-op>
<gc-op id="2405" type="classunload" timems="0.002" contextid="2401" timestamp="2019-09-21T21:28:35.552">
  <classunload-info classloadercandidates="20" classloadersunloaded="0" classesunloaded="0" anonymousclassesunloaded="0" quiescems="0.000" setupms="0.002" scanms="0.000" postms="0.000" />
</gc-op>
<gc-end id="2406" type="partial gc" contextid="2401" durationms="6.591" usertimems="0.000" systemtimems="8.000" timestamp="2019-09-21T21:28:35.552" activeThreads="8">
  <mem-info id="2407" free="73400320" total="240123904" percent="30">
    <mem type="eden" free="816584" total="3145728" percent="25" />
    <remembered-set count="10336" freebytes="9543680" totalbytes="9585024" percent="99" regionsoverflowed="0" regionsstable="1" regionsrebuilding="0"/>
  </mem-info>
</gc-end>
<cycle-end id="2408" type="partial gc" contextid="2401" timestamp="2019-09-21T21:28:35.552" />
  <attribute name="elasticGC enabled" value="1" />
  <attribute name= "numThreadsSpecified" value="8" />
  <attribute name="heapSize specified" value="0" />
  <attribute name="Current GC Util" value="78" />
  <attribute name= "Current Time Running" value="92564" />
  <attribute name ="GC Interval" value="0" />
  <attribute name="Target GC Util Change" value ="40.000000" />
  <attribute name="Current GC Util Change" value="78.000000"/>
  <attribute name="Current Error" value="2.000000" />
  <attribute name="Output H" value="240161752"/>
  <attribute name="Output I" value="2008"/>
  <attribute name="Output T" value="8"/>
  <attribute name= "Current Time Running" value="92564" />
  <attribute name="GC Util currently" value="78" />
  <attribute name="CPU Util currently" value="8028896906871" />
<exclusive-end id="2409" timestamp="2019-09-21T21:28:35.552" durationms="7.441" />

<exclusive-start id="2410" timestamp="2019-09-21T21:28:36.283" intervalms="738.326">
  <response-info timems="0.061" idlems="0.061" threads="0" lastid="0000000002343800" lastname="Thread-4" />
</exclusive-start>
<allocation-taxation id="2411" taxation-threshold="66060288" timestamp="2019-09-21T21:28:36.283" intervalms="738.272" />
<cycle-start id="2412" type="partial gc" contextid="0" timestamp="2019-09-21T21:28:36.283" intervalms="738.268" />
<gc-start id="2413" type="partial gc" contextid="2412" timestamp="2019-09-21T21:28:36.284">
  <mem-info id="2414" free="7340032" total="240123904" percent="3">
    <mem type="eden" free="0" total="66060288" percent="0" />
    <remembered-set count="9952" freebytes="9545216" totalbytes="9585024" percent="99" regionsoverflowed="0" regionsstable="1" regionsrebuilding="0"/>
  </mem-info>
</gc-start>
<allocation-stats totalBytes="65917344" >
  <allocated-bytes non-tlh="73760" tlh="65843584" arrayletleaf="0"/>
  <largest-consumer threadName="Thread-6" threadId="000000000234AF00" bytes="10166080" />
</allocation-stats>
<gc-op id="2415" type="copy forward" timems="4.553" contextid="2412" timestamp="2019-09-21T21:28:36.289">
  <memory-copied type="eden" objects="5185" bytes="2040648" bytesdiscarded="358144" />
  <memory-copied type="other" objects="12" bytes="432" bytesdiscarded="0" />
  <memory-cardclean objects="1908" bytes="153792" />
  <regions eden="63" other="4" />
  <remembered-set-cleared processed="3667" cleared="834" durationms="0.199" />
  <references type="phantom" candidates="1" cleared="0" enqueued="0" />
  <stringconstants candidates="3963" cleared="0"  />
</gc-op>
<gc-op id="2416" type="classunload" timems="0.015" contextid="2412" timestamp="2019-09-21T21:28:36.289">
  <classunload-info classloadercandidates="20" classloadersunloaded="0" classesunloaded="0" anonymousclassesunloaded="0" quiescems="0.000" setupms="0.015" scanms="0.000" postms="0.000" />
</gc-op>
<heap-resize id="2417" type="expand" space="default" amount="3145728" count="1" timems="0.067" reason="insufficient free space following gc" timestamp="2019-09-21T21:28:36.289" />
<gc-end id="2418" type="partial gc" contextid="2412" durationms="5.975" usertimems="8.000" systemtimems="4.000" timestamp="2019-09-21T21:28:36.290" activeThreads="8">
  <mem-info id="2419" free="75497472" total="243269632" percent="31">
    <mem type="eden" free="746800" total="3145728" percent="23" />
    <remembered-set count="10848" freebytes="9667200" totalbytes="9710592" percent="99" regionsoverflowed="0" regionsstable="1" regionsrebuilding="0"/>
  </mem-info>
</gc-end>
<cycle-end id="2420" type="partial gc" contextid="2412" timestamp="2019-09-21T21:28:36.290" />
  <attribute name="elasticGC enabled" value="1" />
  <attribute name= "numThreadsSpecified" value="8" />
  <attribute name="heapSize specified" value="0" />
  <attribute name="Current GC Util" value="77" />
  <attribute name= "Current Time Running" value="93302" />
  <attribute name ="GC Interval" value="0" />
  <attribute name="Target GC Util Change" value ="40.000000" />
  <attribute name="Current GC Util Change" value="77.000000"/>
  <attribute name="Current Error" value="4.000000" />
  <attribute name="Output H" value="240161752"/>
  <attribute name="Output I" value="2008"/>
  <attribute name="Output T" value="8"/>
  <attribute name= "Current Time Running" value="93302" />
  <attribute name="GC Util currently" value="77" />
  <attribute name="CPU Util currently" value="8052421091513" />
<exclusive-end id="2421" timestamp="2019-09-21T21:28:36.290" durationms="6.821" />

<exclusive-start id="2422" timestamp="2019-09-21T21:28:36.977" intervalms="694.096">
  <response-info timems="0.049" idlems="0.020" threads="2" lastid="000000000234AF00" lastname="Thread-6" />
</exclusive-start>
<allocation-taxation id="2423" taxation-threshold="67108864" timestamp="2019-09-21T21:28:36.977" intervalms="694.100" />
<cycle-start id="2424" type="partial gc" contextid="0" timestamp="2019-09-21T21:28:36.977" intervalms="694.109" />
<gc-start id="2425" type="partial gc" contextid="2424" timestamp="2019-09-21T21:28:36.978">
  <mem-info id="2426" free="8388608" total="243269632" percent="3">
    <mem type="eden" free="0" total="67108864" percent="0" />
    <remembered-set count="10464" freebytes="9668736" totalbytes="9710592" percent="99" regionsoverflowed="0" regionsstable="1" regionsrebuilding="0"/>
  </mem-info>
</gc-start>
<allocation-stats totalBytes="66957424" >
  <allocated-bytes non-tlh="0" tlh="66957424" arrayletleaf="0"/>
  <largest-consumer threadName="Thread-9" threadId="0000000002356300" bytes="9529344" />
</allocation-stats>
<gc-op id="2427" type="copy forward" timems="4.534" contextid="2424" timestamp="2019-09-21T21:28:36.983">
  <memory-copied type="eden" objects="4230" bytes="1785760" bytesdiscarded="292712" />
  <memory-copied type="other" objects="8" bytes="288" bytesdiscarded="0" />
  <memory-cardclean objects="1908" bytes="153848" />
  <regions eden="64" other="5" />
  <remembered-set-cleared processed="3654" cleared="820" durationms="0.191" />
  <references type="phantom" candidates="1" cleared="0" enqueued="0" />
  <stringconstants candidates="3963" cleared="0"  />
</gc-op>
<gc-op id="2428" type="classunload" timems="0.003" contextid="2424" timestamp="2019-09-21T21:28:36.983">
  <classunload-info classloadercandidates="20" classloadersunloaded="0" classesunloaded="0" anonymousclassesunloaded="0" quiescems="0.000" setupms="0.002" scanms="0.000" postms="0.000" />
</gc-op>
<gc-end id="2429" type="partial gc" contextid="2424" durationms="5.589" usertimems="8.000" systemtimems="0.000" timestamp="2019-09-21T21:28:36.983" activeThreads="8">
  <mem-info id="2430" free="75497472" total="243269632" percent="31">
    <mem type="eden" free="1067120" total="3145728" percent="33" />
    <remembered-set count="10336" freebytes="9669248" totalbytes="9710592" percent="99" regionsoverflowed="0" regionsstable="1" regionsrebuilding="0"/>
  </mem-info>
</gc-end>
<cycle-end id="2431" type="partial gc" contextid="2424" timestamp="2019-09-21T21:28:36.983" />
  <attribute name="elasticGC enabled" value="1" />
  <attribute name= "numThreadsSpecified" value="8" />
  <attribute name="heapSize specified" value="0" />
  <attribute name="Current GC Util" value="67" />
  <attribute name= "Current Time Running" value="93996" />
  <attribute name ="GC Interval" value="0" />
  <attribute name="Target GC Util Change" value ="40.000000" />
  <attribute name="Current GC Util Change" value="67.000000"/>
  <attribute name="Current Error" value="16.000000" />
  <attribute name="Output H" value="243307488"/>
  <attribute name="Output I" value="2016"/>
  <attribute name="Output T" value="8"/>
  <attribute name= "Current Time Running" value="93996" />
  <attribute name="GC Util currently" value="67" />
  <attribute name="CPU Util currently" value="7492584854983" />
<exclusive-end id="2432" timestamp="2019-09-21T21:28:36.984" durationms="6.354" />

<exclusive-start id="2433" timestamp="2019-09-21T21:28:37.684" intervalms="707.176">
  <response-info timems="0.038" idlems="0.038" threads="0" lastid="000000000234AF00" lastname="Thread-6" />
</exclusive-start>
<allocation-taxation id="2434" taxation-threshold="67108864" timestamp="2019-09-21T21:28:37.685" intervalms="707.224" />
<cycle-start id="2435" type="partial gc" contextid="0" timestamp="2019-09-21T21:28:37.685" intervalms="707.218" />
<gc-start id="2436" type="partial gc" contextid="2435" timestamp="2019-09-21T21:28:37.685">
  <mem-info id="2437" free="8388608" total="243269632" percent="3">
    <mem type="eden" free="1022544" total="68157440" percent="1" />
    <remembered-set count="9920" freebytes="9670912" totalbytes="9710592" percent="99" regionsoverflowed="0" regionsstable="1" regionsrebuilding="0"/>
  </mem-info>
</gc-start>
<allocation-stats totalBytes="66992736" >
  <allocated-bytes non-tlh="16392" tlh="66976344" arrayletleaf="0"/>
  <largest-consumer threadName="Thread-5" threadId="0000000002347300" bytes="9825600" />
</allocation-stats>
<gc-op id="2438" type="copy forward" timems="4.299" contextid="2435" timestamp="2019-09-21T21:28:37.690">
  <memory-copied type="eden" objects="5246" bytes="2050960" bytesdiscarded="313184" />
  <memory-copied type="other" objects="8" bytes="288" bytesdiscarded="0" />
  <memory-cardclean objects="1881" bytes="152632" />
  <regions eden="64" other="5" />
  <remembered-set-cleared processed="3563" cleared="724" durationms="0.201" />
  <references type="weak" candidates="1" cleared="0" enqueued="0" />
  <references type="phantom" candidates="2" cleared="0" enqueued="0" />
  <stringconstants candidates="3963" cleared="0"  />
</gc-op>
<gc-op id="2439" type="classunload" timems="0.003" contextid="2435" timestamp="2019-09-21T21:28:37.690">
  <classunload-info classloadercandidates="20" classloadersunloaded="0" classesunloaded="0" anonymousclassesunloaded="0" quiescems="0.000" setupms="0.003" scanms="0.000" postms="0.000" />
</gc-op>
<gc-end id="2440" type="partial gc" contextid="2435" durationms="5.497" usertimems="8.000" systemtimems="4.000" timestamp="2019-09-21T21:28:37.690" activeThreads="8">
  <mem-info id="2441" free="75497472" total="243269632" percent="31">
    <mem type="eden" free="781448" total="3145728" percent="24" />
    <remembered-set count="10368" freebytes="9669120" totalbytes="9710592" percent="99" regionsoverflowed="0" regionsstable="1" regionsrebuilding="0"/>
  </mem-info>
</gc-end>
<cycle-end id="2442" type="partial gc" contextid="2435" timestamp="2019-09-21T21:28:37.691" />
  <attribute name="elasticGC enabled" value="1" />
  <attribute name= "numThreadsSpecified" value="8" />
  <attribute name="heapSize specified" value="0" />
  <attribute name="Current GC Util" value="77" />
  <attribute name= "Current Time Running" value="94703" />
  <attribute name ="GC Interval" value="0" />
  <attribute name="Target GC Util Change" value ="40.000000" />
  <attribute name="Current GC Util Change" value="77.000000"/>
  <attribute name="Current Error" value="2.000000" />
  <attribute name="Output H" value="243307480"/>
  <attribute name="Output I" value="2008"/>
  <attribute name="Output T" value="8"/>
  <attribute name= "Current Time Running" value="94703" />
  <attribute name="GC Util currently" value="77" />
  <attribute name="CPU Util currently" value="7329257326608" />
<exclusive-end id="2443" timestamp="2019-09-21T21:28:37.691" durationms="6.563" />

<exclusive-start id="2444" timestamp="2019-09-21T21:28:38.451" intervalms="766.136">
  <response-info timems="0.031" idlems="0.031" threads="0" lastid="0000000002343800" lastname="Thread-4" />
</exclusive-start>
<allocation-taxation id="2445" taxation-threshold="67108864" timestamp="2019-09-21T21:28:38.451" intervalms="766.119" />
<cycle-start id="2446" type="partial gc" contextid="0" timestamp="2019-09-21T21:28:38.451" intervalms="766.104" />
<gc-start id="2447" type="partial gc" contextid="2446" timestamp="2019-09-21T21:28:38.451">
  <mem-info id="2448" free="8388608" total="243269632" percent="3">
    <mem type="eden" free="0" total="67108864" percent="0" />
    <remembered-set count="9984" freebytes="9670656" totalbytes="9710592" percent="99" regionsoverflowed="0" regionsstable="1" regionsrebuilding="0"/>
  </mem-info>
</gc-start>
<allocation-stats totalBytes="67049928" >
  <allocated-bytes non-tlh="32784" tlh="67017144" arrayletleaf="0"/>
  <largest-consumer threadName="Thread-5" threadId="0000000002347300" bytes="10708696" />
</allocation-stats>
<gc-op id="2449" type="copy forward" timems="4.985" contextid="2446" timestamp="2019-09-21T21:28:38.457">
  <memory-copied type="eden" objects="4795" bytes="1888016" bytesdiscarded="369768" />
  <memory-copied type="other" objects="4" bytes="144" bytesdiscarded="0" />
  <memory-cardclean objects="1886" bytes="152584" />
  <regions eden="64" other="5" />
  <remembered-set-cleared processed="3653" cleared="814" durationms="0.200" />
  <stringconstants candidates="3963" cleared="0"  />
</gc-op>
<gc-op id="2450" type="classunload" timems="0.003" contextid="2446" timestamp="2019-09-21T21:28:38.457">
  <classunload-info classloadercandidates="20" classloadersunloaded="0" classesunloaded="0" anonymousclassesunloaded="0" quiescems="0.000" setupms="0.002" scanms="0.000" postms="0.000" />
</gc-op>
<gc-end id="2451" type="partial gc" contextid="2446" durationms="6.115" usertimems="8.000" systemtimems="0.000" timestamp="2019-09-21T21:28:38.457" activeThreads="8">
  <mem-info id="2452" free="76546048" total="243269632" percent="31">
    <mem type="eden" free="887816" total="3145728" percent="28" />
    <remembered-set count="10880" freebytes="9667072" totalbytes="9710592" percent="99" regionsoverflowed="0" regionsstable="1" regionsrebuilding="0"/>
  </mem-info>
</gc-end>
<cycle-end id="2453" type="partial gc" contextid="2446" timestamp="2019-09-21T21:28:38.457" />
  <attribute name="elasticGC enabled" value="1" />
  <attribute name= "numThreadsSpecified" value="8" />
  <attribute name="heapSize specified" value="0" />
  <attribute name="Current GC Util" value="80" />
  <attribute name= "Current Time Running" value="95469" />
  <attribute name ="GC Interval" value="0" />
  <attribute name="Target GC Util Change" value ="40.000000" />
  <attribute name="Current GC Util Change" value="80.000000"/>
  <attribute name="Current Error" value="1.000000" />
  <attribute name="Output H" value="243307472"/>
  <attribute name="Output I" value="2000"/>
  <attribute name="Output T" value="8"/>
  <attribute name= "Current Time Running" value="95469" />
  <attribute name="GC Util currently" value="80" />
  <attribute name="CPU Util currently" value="7438683105010" />
<exclusive-end id="2454" timestamp="2019-09-21T21:28:38.458" durationms="7.046" />

<exclusive-start id="2455" timestamp="2019-09-21T21:28:39.178" intervalms="727.474">
  <response-info timems="0.054" idlems="0.054" threads="0" lastid="000000000233FC00" lastname="Thread-3" />
</exclusive-start>
<allocation-taxation id="2456" taxation-threshold="67108864" timestamp="2019-09-21T21:28:39.178" intervalms="727.500" />
<cycle-start id="2457" type="partial gc" contextid="0" timestamp="2019-09-21T21:28:39.178" intervalms="727.513" />
<gc-start id="2458" type="partial gc" contextid="2457" timestamp="2019-09-21T21:28:39.178">
  <mem-info id="2459" free="9437184" total="243269632" percent="3">
    <mem type="eden" free="0" total="67108864" percent="0" />
    <remembered-set count="10432" freebytes="9668864" totalbytes="9710592" percent="99" regionsoverflowed="0" regionsstable="1" regionsrebuilding="0"/>
  </mem-info>
</gc-start>
<allocation-stats totalBytes="67010192" >
  <allocated-bytes non-tlh="81944" tlh="66928248" arrayletleaf="0"/>
  <largest-consumer threadName="Thread-3" threadId="000000000233FC00" bytes="10067336" />
</allocation-stats>
<gc-op id="2460" type="copy forward" timems="4.396" contextid="2457" timestamp="2019-09-21T21:28:39.184">
  <memory-copied type="eden" objects="5153" bytes="2050376" bytesdiscarded="367160" />
  <memory-copied type="other" objects="12" bytes="432" bytesdiscarded="0" />
  <memory-cardclean objects="1883" bytes="152696" />
  <regions eden="64" other="5" />
  <remembered-set-cleared processed="3606" cleared="765" durationms="0.241" />
  <references type="weak" candidates="1" cleared="0" enqueued="0" />
  <references type="phantom" candidates="2" cleared="0" enqueued="0" />
  <stringconstants candidates="3963" cleared="0"  />
</gc-op>
<gc-op id="2461" type="classunload" timems="0.002" contextid="2457" timestamp="2019-09-21T21:28:39.184">
  <classunload-info classloadercandidates="20" classloadersunloaded="0" classesunloaded="0" anonymousclassesunloaded="0" quiescems="0.000" setupms="0.002" scanms="0.000" postms="0.000" />
</gc-op>
<gc-end id="2462" type="partial gc" contextid="2457" durationms="5.497" usertimems="12.000" systemtimems="0.000" timestamp="2019-09-21T21:28:39.184" activeThreads="8">
  <mem-info id="2463" free="76546048" total="243269632" percent="31">
    <mem type="eden" free="728056" total="3145728" percent="23" />
    <remembered-set count="10880" freebytes="9667072" totalbytes="9710592" percent="99" regionsoverflowed="0" regionsstable="1" regionsrebuilding="0"/>
  </mem-info>
</gc-end>
<cycle-end id="2464" type="partial gc" contextid="2457" timestamp="2019-09-21T21:28:39.184" />
  <attribute name="elasticGC enabled" value="1" />
  <attribute name= "numThreadsSpecified" value="8" />
  <attribute name="heapSize specified" value="0" />
  <attribute name="Current GC Util" value="76" />
  <attribute name= "Current Time Running" value="96197" />
  <attribute name ="GC Interval" value="0" />
  <attribute name="Target GC Util Change" value ="40.000000" />
  <attribute name="Current GC Util Change" value="76.000000"/>
  <attribute name="Current Error" value="4.000000" />
  <attribute name="Output H" value="243307480"/>
  <attribute name="Output I" value="2008"/>
  <attribute name="Output T" value="8"/>
  <attribute name= "Current Time Running" value="96197" />
  <attribute name="GC Util currently" value="76" />
  <attribute name="CPU Util currently" value="7854544735044" />
<exclusive-end id="2465" timestamp="2019-09-21T21:28:39.184" durationms="6.472" />

<exclusive-start id="2466" timestamp="2019-09-21T21:28:39.917" intervalms="738.532">
  <response-info timems="0.045" idlems="0.045" threads="0" lastid="000000000233FC00" lastname="Thread-3" />
</exclusive-start>
<allocation-taxation id="2467" taxation-threshold="67108864" timestamp="2019-09-21T21:28:39.917" intervalms="738.555" />
<cycle-start id="2468" type="partial gc" contextid="0" timestamp="2019-09-21T21:28:39.917" intervalms="738.558" />
<gc-start id="2469" type="partial gc" contextid="2468" timestamp="2019-09-21T21:28:39.917">
  <mem-info id="2470" free="9437184" total="243269632" percent="3">
    <mem type="eden" free="0" total="67108864" percent="0" />
    <remembered-set count="10496" freebytes="9668608" totalbytes="9710592" percent="99" regionsoverflowed="0" regionsstable="1" regionsrebuilding="0"/>
  </mem-info>
</gc-start>
<allocation-stats totalBytes="66981792" >
  <allocated-bytes non-tlh="16392" tlh="66965400" arrayletleaf="0"/>
  <largest-consumer threadName="Thread-9" threadId="0000000002356300" bytes="10205592" />
</allocation-stats>
<gc-op id="2471" type="copy forward" timems="4.305" contextid="2468" timestamp="2019-09-21T21:28:39.922">
  <memory-copied type="eden" objects="4240" bytes="1764952" bytesdiscarded="316224" />
  <memory-copied type="other" objects="12" bytes="432" bytesdiscarded="0" />
  <memory-cardclean objects="1900" bytes="153280" />
  <regions eden="64" other="5" />
  <remembered-set-cleared processed="3627" cleared="794" durationms="0.209" />
  <references type="phantom" candidates="1" cleared="0" enqueued="0" />
  <stringconstants candidates="3963" cleared="0"  />
</gc-op>
<gc-op id="2472" type="classunload" timems="0.003" contextid="2468" timestamp="2019-09-21T21:28:39.922">
  <classunload-info classloadercandidates="20" classloadersunloaded="0" classesunloaded="0" anonymousclassesunloaded="0" quiescems="0.000" setupms="0.003" scanms="0.000" postms="0.000" />
</gc-op>
<gc-end id="2473" type="partial gc" contextid="2468" durationms="5.293" usertimems="8.000" systemtimems="0.000" timestamp="2019-09-21T21:28:39.922" activeThreads="8">
  <mem-info id="2474" free="76546048" total="243269632" percent="31">
    <mem type="eden" free="15832" total="2097152" percent="0" />
    <remembered-set count="10336" freebytes="9669248" totalbytes="9710592" percent="99" regionsoverflowed="0" regionsstable="1" regionsrebuilding="0"/>
  </mem-info>
</gc-end>
<cycle-end id="2475" type="partial gc" contextid="2468" timestamp="2019-09-21T21:28:39.922" />
  <attribute name="elasticGC enabled" value="1" />
  <attribute name= "numThreadsSpecified" value="8" />
  <attribute name="heapSize specified" value="0" />
  <attribute name="Current GC Util" value="76" />
  <attribute name= "Current Time Running" value="96935" />
  <attribute name ="GC Interval" value="0" />
  <attribute name="Target GC Util Change" value ="40.000000" />
  <attribute name="Current GC Util Change" value="76.000000"/>
  <attribute name="Current Error" value="3.000000" />
  <attribute name="Output H" value="243307480"/>
  <attribute name="Output I" value="2008"/>
  <attribute name="Output T" value="8"/>
  <attribute name= "Current Time Running" value="96935" />
  <attribute name="GC Util currently" value="76" />
  <attribute name="CPU Util currently" value="7951977917297" />
<exclusive-end id="2476" timestamp="2019-09-21T21:28:39.923" durationms="6.106" />

<exclusive-start id="2477" timestamp="2019-09-21T21:28:40.684" intervalms="767.714">
  <response-info timems="0.054" idlems="0.054" threads="0" lastid="0000000002352700" lastname="Thread-8" />
</exclusive-start>
<allocation-taxation id="2478" taxation-threshold="67108864" timestamp="2019-09-21T21:28:40.684" intervalms="767.663" />
<cycle-start id="2479" type="partial gc" contextid="0" timestamp="2019-09-21T21:28:40.684" intervalms="767.663" />
<gc-start id="2480" type="partial gc" contextid="2479" timestamp="2019-09-21T21:28:40.685">
  <mem-info id="2481" free="9437184" total="243269632" percent="3">
    <mem type="eden" free="0" total="67108864" percent="0" />
    <remembered-set count="9920" freebytes="9670912" totalbytes="9710592" percent="99" regionsoverflowed="0" regionsstable="1" regionsrebuilding="0"/>
  </mem-info>
</gc-start>
<allocation-stats totalBytes="67000440" >
  <allocated-bytes non-tlh="8200" tlh="66992240" arrayletleaf="0"/>
  <largest-consumer threadName="Thread-10" threadId="0000000002359F00" bytes="10336512" />
</allocation-stats>
<gc-op id="2482" type="copy forward" timems="4.833" contextid="2479" timestamp="2019-09-21T21:28:40.690">
  <memory-copied type="eden" objects="5076" bytes="1998144" bytesdiscarded="288176" />
  <memory-copied type="other" objects="12" bytes="432" bytesdiscarded="0" />
  <memory-cardclean objects="1850" bytes="150160" />
  <regions eden="64" other="3" />
  <remembered-set-cleared processed="3571" cleared="722" durationms="0.195" />
  <stringconstants candidates="3963" cleared="0"  />
</gc-op>
<gc-op id="2483" type="classunload" timems="0.003" contextid="2479" timestamp="2019-09-21T21:28:40.690">
  <classunload-info classloadercandidates="20" classloadersunloaded="0" classesunloaded="0" anonymousclassesunloaded="0" quiescems="0.000" setupms="0.002" scanms="0.000" postms="0.000" />
</gc-op>
<gc-end id="2484" type="partial gc" contextid="2479" durationms="5.925" usertimems="8.000" systemtimems="0.000" timestamp="2019-09-21T21:28:40.691" activeThreads="8">
  <mem-info id="2485" free="74448896" total="243269632" percent="30">
    <mem type="eden" free="859280" total="3145728" percent="27" />
    <remembered-set count="10336" freebytes="9669248" totalbytes="9710592" percent="99" regionsoverflowed="0" regionsstable="1" regionsrebuilding="0"/>
  </mem-info>
</gc-end>
<cycle-end id="2486" type="partial gc" contextid="2479" timestamp="2019-09-21T21:28:40.691" />
  <attribute name="elasticGC enabled" value="1" />
  <attribute name= "numThreadsSpecified" value="8" />
  <attribute name="heapSize specified" value="0" />
  <attribute name="Current GC Util" value="66" />
  <attribute name= "Current Time Running" value="97703" />
  <attribute name ="GC Interval" value="0" />
  <attribute name="Target GC Util Change" value ="40.000000" />
  <attribute name="Current GC Util Change" value="66.000000"/>
  <attribute name="Current Error" value="16.000000" />
  <attribute name="Output H" value="243307488"/>
  <attribute name="Output I" value="2016"/>
  <attribute name="Output T" value="8"/>
  <attribute name= "Current Time Running" value="97703" />
  <attribute name="GC Util currently" value="66" />
  <attribute name="CPU Util currently" value="7313542674389" />
<exclusive-end id="2487" timestamp="2019-09-21T21:28:40.691" durationms="6.770" />

<exclusive-start id="2488" timestamp="2019-09-21T21:28:41.389" intervalms="705.021">
  <response-info timems="0.032" idlems="0.032" threads="0" lastid="0000000002352700" lastname="Thread-8" />
</exclusive-start>
<allocation-taxation id="2489" taxation-threshold="67108864" timestamp="2019-09-21T21:28:41.389" intervalms="705.045" />
<cycle-start id="2490" type="partial gc" contextid="0" timestamp="2019-09-21T21:28:41.390" intervalms="705.053" />
<gc-start id="2491" type="partial gc" contextid="2490" timestamp="2019-09-21T21:28:41.390">
  <mem-info id="2492" free="7340032" total="243269632" percent="3">
    <mem type="eden" free="0" total="67108864" percent="0" />
    <remembered-set count="9920" freebytes="9670912" totalbytes="9710592" percent="99" regionsoverflowed="0" regionsstable="1" regionsrebuilding="0"/>
  </mem-info>
</gc-start>
<allocation-stats totalBytes="67006024" >
  <allocated-bytes non-tlh="0" tlh="67006024" arrayletleaf="0"/>
  <largest-consumer threadName="Thread-3" threadId="000000000233FC00" bytes="9872248" />
</allocation-stats>
<gc-op id="2493" type="copy forward" timems="4.541" contextid="2490" timestamp="2019-09-21T21:28:41.395">
  <memory-copied type="eden" objects="4540" bytes="1776440" bytesdiscarded="233168" />
  <memory-copied type="other" objects="16" bytes="576" bytesdiscarded="0" />
  <memory-cardclean objects="1854" bytes="150616" />
  <regions eden="64" other="5" />
  <remembered-set-cleared processed="3650" cleared="802" durationms="0.243" />
  <stringconstants candidates="3963" cleared="0"  />
</gc-op>
<gc-op id="2494" type="classunload" timems="0.003" contextid="2490" timestamp="2019-09-21T21:28:41.395">
  <classunload-info classloadercandidates="20" classloadersunloaded="0" classesunloaded="0" anonymousclassesunloaded="0" quiescems="0.000" setupms="0.003" scanms="0.000" postms="0.000" />
</gc-op>
<heap-resize id="2495" type="expand" space="default" amount="3145728" count="1" timems="0.067" reason="insufficient free space following gc" timestamp="2019-09-21T21:28:41.395" />
<gc-end id="2496" type="partial gc" contextid="2490" durationms="5.729" usertimems="12.000" systemtimems="0.000" timestamp="2019-09-21T21:28:41.395" activeThreads="8">
  <mem-info id="2497" free="76546048" total="246415360" percent="31">
    <mem type="eden" free="1136000" total="3145728" percent="36" />
    <remembered-set count="10368" freebytes="9794688" totalbytes="9836160" percent="99" regionsoverflowed="0" regionsstable="1" regionsrebuilding="0"/>
  </mem-info>
</gc-end>
<cycle-end id="2498" type="partial gc" contextid="2490" timestamp="2019-09-21T21:28:41.396" />
  <attribute name="elasticGC enabled" value="1" />
  <attribute name= "numThreadsSpecified" value="8" />
  <attribute name="heapSize specified" value="0" />
  <attribute name="Current GC Util" value="75" />
  <attribute name= "Current Time Running" value="98408" />
  <attribute name ="GC Interval" value="0" />
  <attribute name="Target GC Util Change" value ="40.000000" />
  <attribute name="Current GC Util Change" value="75.000000"/>
  <attribute name="Current Error" value="20.000000" />
  <attribute name="Output H" value="243307488"/>
  <attribute name="Output I" value="2016"/>
  <attribute name="Output T" value="8"/>
  <attribute name= "Current Time Running" value="98408" />
  <attribute name="GC Util currently" value="75" />
  <attribute name="CPU Util currently" value="7838470912869" />
<exclusive-end id="2499" timestamp="2019-09-21T21:28:41.396" durationms="6.698" />

<exclusive-start id="2500" timestamp="2019-09-21T21:28:42.183" intervalms="793.570">
  <response-info timems="0.056" idlems="0.056" threads="0" lastid="000000000234EB00" lastname="Thread-7" />
</exclusive-start>
<allocation-taxation id="2501" taxation-threshold="67108864" timestamp="2019-09-21T21:28:42.183" intervalms="793.524" />
<cycle-start id="2502" type="partial gc" contextid="0" timestamp="2019-09-21T21:28:42.183" intervalms="793.505" />
<gc-start id="2503" type="partial gc" contextid="2502" timestamp="2019-09-21T21:28:42.183">
  <mem-info id="2504" free="9437184" total="246415360" percent="3">
    <mem type="eden" free="1048456" total="68157440" percent="1" />
    <remembered-set count="9952" freebytes="9796352" totalbytes="9836160" percent="99" regionsoverflowed="0" regionsstable="1" regionsrebuilding="0"/>
  </mem-info>
</gc-start>
<allocation-stats totalBytes="67057800" >
  <allocated-bytes non-tlh="40984" tlh="67016816" arrayletleaf="0"/>
  <largest-consumer threadName="Thread-10" threadId="0000000002359F00" bytes="11875904" />
</allocation-stats>
<gc-op id="2505" type="copy forward" timems="2.977" contextid="2502" timestamp="2019-09-21T21:28:42.187">
  <memory-copied type="eden" objects="5118" bytes="2055592" bytesdiscarded="404680" />
  <memory-copied type="other" objects="16" bytes="576" bytesdiscarded="0" />
  <memory-cardclean objects="1830" bytes="149632" />
  <regions eden="64" other="5" />
  <remembered-set-cleared processed="3592" cleared="730" durationms="0.237" />
  <references type="phantom" candidates="1" cleared="0" enqueued="0" />
  <stringconstants candidates="3963" cleared="0"  />
</gc-op>
<gc-op id="2506" type="classunload" timems="0.002" contextid="2502" timestamp="2019-09-21T21:28:42.187">
  <classunload-info classloadercandidates="20" classloadersunloaded="0" classesunloaded="0" anonymousclassesunloaded="0" quiescems="0.000" setupms="0.002" scanms="0.000" postms="0.000" />
</gc-op>
<gc-end id="2507" type="partial gc" contextid="2502" durationms="4.062" usertimems="8.000" systemtimems="0.000" timestamp="2019-09-21T21:28:42.187" activeThreads="8">
  <mem-info id="2508" free="76546048" total="246415360" percent="31">
    <mem type="eden" free="685320" total="3145728" percent="21" />
    <remembered-set count="10944" freebytes="9792384" totalbytes="9836160" percent="99" regionsoverflowed="0" regionsstable="1" regionsrebuilding="0"/>
  </mem-info>
</gc-end>
<cycle-end id="2509" type="partial gc" contextid="2502" timestamp="2019-09-21T21:28:42.187" />
  <attribute name="elasticGC enabled" value="1" />
  <attribute name= "numThreadsSpecified" value="8" />
  <attribute name="heapSize specified" value="0" />
  <attribute name="Current GC Util" value="61" />
  <attribute name= "Current Time Running" value="99202" />
  <attribute name ="GC Interval" value="0" />
  <attribute name="Target GC Util Change" value ="40.000000" />
  <attribute name="Current GC Util Change" value="61.000000"/>
  <attribute name="Current Error" value="18.000000" />
  <attribute name="Output H" value="246453216"/>
  <attribute name="Output I" value="2016"/>
  <attribute name="Output T" value="8"/>
  <attribute name= "Current Time Running" value="99202" />
  <attribute name="GC Util currently" value="61" />
  <attribute name="CPU Util currently" value="6746432685595" />
<exclusive-end id="2510" timestamp="2019-09-21T21:28:42.188" durationms="4.844" />

<exclusive-start id="2511" timestamp="2019-09-21T21:28:42.877" intervalms="694.041">
  <response-info timems="0.090" idlems="0.090" threads="0" lastid="0000000002356300" lastname="Thread-9" />
</exclusive-start>
<allocation-taxation id="2512" taxation-threshold="67108864" timestamp="2019-09-21T21:28:42.877" intervalms="693.992" />
<cycle-start id="2513" type="partial gc" contextid="0" timestamp="2019-09-21T21:28:42.877" intervalms="693.994" />
<gc-start id="2514" type="partial gc" contextid="2513" timestamp="2019-09-21T21:28:42.877">
  <mem-info id="2515" free="9437184" total="246415360" percent="3">
    <mem type="eden" free="0" total="67108864" percent="0" />
    <remembered-set count="10624" freebytes="9793664" totalbytes="9836160" percent="99" regionsoverflowed="0" regionsstable="1" regionsrebuilding="0"/>
  </mem-info>
</gc-start>
<allocation-stats totalBytes="67015424" >
  <allocated-bytes non-tlh="49168" tlh="66966256" arrayletleaf="0"/>
  <largest-consumer threadName="Thread-10" threadId="0000000002359F00" bytes="10026792" />
</allocation-stats>
<gc-op id="2516" type="copy forward" timems="5.567" contextid="2513" timestamp="2019-09-21T21:28:42.884">
  <memory-copied type="eden" objects="5175" bytes="2031096" bytesdiscarded="393360" />
  <memory-copied type="other" objects="17" bytes="592" bytesdiscarded="336" />
  <memory-cardclean objects="1863" bytes="150688" />
  <regions eden="64" other="5" />
  <remembered-set-cleared processed="3635" cleared="774" durationms="0.210" />
  <references type="phantom" candidates="1" cleared="0" enqueued="0" />
  <stringconstants candidates="3963" cleared="0"  />
</gc-op>
<gc-op id="2517" type="classunload" timems="0.002" contextid="2513" timestamp="2019-09-21T21:28:42.884">
  <classunload-info classloadercandidates="20" classloadersunloaded="0" classesunloaded="0" anonymousclassesunloaded="0" quiescems="0.000" setupms="0.002" scanms="0.000" postms="0.000" />
</gc-op>
<gc-end id="2518" type="partial gc" contextid="2513" durationms="6.702" usertimems="12.000" systemtimems="0.000" timestamp="2019-09-21T21:28:42.884" activeThreads="8">
  <mem-info id="2519" free="76546048" total="246415360" percent="31">
    <mem type="eden" free="721136" total="3145728" percent="22" />
    <remembered-set count="11072" freebytes="9791872" totalbytes="9836160" percent="99" regionsoverflowed="0" regionsstable="1" regionsrebuilding="0"/>
  </mem-info>
</gc-end>
<cycle-end id="2520" type="partial gc" contextid="2513" timestamp="2019-09-21T21:28:42.884" />
  <attribute name="elasticGC enabled" value="1" />
  <attribute name= "numThreadsSpecified" value="8" />
  <attribute name="heapSize specified" value="0" />
  <attribute name="Current GC Util" value="78" />
  <attribute name= "Current Time Running" value="99896" />
  <attribute name ="GC Interval" value="0" />
  <attribute name="Target GC Util Change" value ="40.000000" />
  <attribute name="Current GC Util Change" value="78.000000"/>
  <attribute name="Current Error" value="19.000000" />
  <attribute name="Output H" value="246453216"/>
  <attribute name="Output I" value="2016"/>
  <attribute name="Output T" value="8"/>
  <attribute name= "Current Time Running" value="99896" />
  <attribute name="GC Util currently" value="78" />
  <attribute name="CPU Util currently" value="7962907412696" />
<exclusive-end id="2521" timestamp="2019-09-21T21:28:42.884" durationms="7.520" />

<exclusive-start id="2522" timestamp="2019-09-21T21:28:43.638" intervalms="760.638">
  <response-info timems="0.047" idlems="0.047" threads="0" lastid="0000000002347300" lastname="Thread-5" />
</exclusive-start>
<allocation-taxation id="2523" taxation-threshold="67108864" timestamp="2019-09-21T21:28:43.638" intervalms="760.758" />
<cycle-start id="2524" type="partial gc" contextid="0" timestamp="2019-09-21T21:28:43.638" intervalms="760.761" />
<gc-start id="2525" type="partial gc" contextid="2524" timestamp="2019-09-21T21:28:43.638">
  <mem-info id="2526" free="9437184" total="246415360" percent="3">
    <mem type="eden" free="0" total="67108864" percent="0" />
    <remembered-set count="10656" freebytes="9793536" totalbytes="9836160" percent="99" regionsoverflowed="0" regionsstable="1" regionsrebuilding="0"/>
  </mem-info>
</gc-start>
<allocation-stats totalBytes="67009344" >
  <allocated-bytes non-tlh="0" tlh="67009344" arrayletleaf="0"/>
  <largest-consumer threadName="Thread-3" threadId="000000000233FC00" bytes="10959192" />
</allocation-stats>
<gc-op id="2527" type="copy forward" timems="3.049" contextid="2524" timestamp="2019-09-21T21:28:43.642">
  <memory-copied type="eden" objects="4789" bytes="1899552" bytesdiscarded="356360" />
  <memory-copied type="other" objects="9" bytes="304" bytesdiscarded="752" />
  <memory-cardclean objects="1838" bytes="148736" />
  <regions eden="64" other="5" />
  <remembered-set-cleared processed="3653" cleared="787" durationms="0.200" />
  <stringconstants candidates="3963" cleared="0"  />
</gc-op>
<gc-op id="2528" type="classunload" timems="0.003" contextid="2524" timestamp="2019-09-21T21:28:43.642">
  <classunload-info classloadercandidates="20" classloadersunloaded="0" classesunloaded="0" anonymousclassesunloaded="0" quiescems="0.000" setupms="0.002" scanms="0.000" postms="0.000" />
</gc-op>
<gc-end id="2529" type="partial gc" contextid="2524" durationms="4.168" usertimems="0.000" systemtimems="4.000" timestamp="2019-09-21T21:28:43.642" activeThreads="8">
  <mem-info id="2530" free="76546048" total="246415360" percent="31">
    <mem type="eden" free="889688" total="3145728" percent="28" />
    <remembered-set count="9984" freebytes="9796224" totalbytes="9836160" percent="99" regionsoverflowed="0" regionsstable="1" regionsrebuilding="0"/>
  </mem-info>
</gc-end>
<cycle-end id="2531" type="partial gc" contextid="2524" timestamp="2019-09-21T21:28:43.642" />
  <attribute name="elasticGC enabled" value="1" />
  <attribute name= "numThreadsSpecified" value="8" />
  <attribute name="heapSize specified" value="0" />
  <attribute name="Current GC Util" value="78" />
  <attribute name= "Current Time Running" value="100656" />
  <attribute name ="GC Interval" value="0" />
  <attribute name="Target GC Util Change" value ="40.000000" />
  <attribute name="Current GC Util Change" value="78.000000"/>
  <attribute name="Current Error" value="20.000000" />
  <attribute name="Output H" value="246453216"/>
  <attribute name="Output I" value="2016"/>
  <attribute name="Output T" value="8"/>
  <attribute name= "Current Time Running" value="100656" />
  <attribute name="GC Util currently" value="78" />
  <attribute name="CPU Util currently" value="7936896304192" />
<exclusive-end id="2532" timestamp="2019-09-21T21:28:43.643" durationms="5.160" />

<exclusive-start id="2533" timestamp="2019-09-21T21:28:44.400" intervalms="762.920">
  <response-info timems="0.050" idlems="0.050" threads="0" lastid="000000000234EB00" lastname="Thread-7" />
</exclusive-start>
<allocation-taxation id="2534" taxation-threshold="67108864" timestamp="2019-09-21T21:28:44.401" intervalms="762.932" />
<cycle-start id="2535" type="partial gc" contextid="0" timestamp="2019-09-21T21:28:44.401" intervalms="762.956" />
<gc-start id="2536" type="partial gc" contextid="2535" timestamp="2019-09-21T21:28:44.401">
  <mem-info id="2537" free="9437184" total="246415360" percent="3">
    <mem type="eden" free="0" total="67108864" percent="0" />
    <remembered-set count="9536" freebytes="9798016" totalbytes="9836160" percent="99" regionsoverflowed="0" regionsstable="1" regionsrebuilding="0"/>
  </mem-info>
</gc-start>
<allocation-stats totalBytes="67011168" >
  <allocated-bytes non-tlh="0" tlh="67011168" arrayletleaf="0"/>
  <largest-consumer threadName="Thread-8" threadId="0000000002352700" bytes="9663776" />
</allocation-stats>
<gc-op id="2538" type="copy forward" timems="2.641" contextid="2535" timestamp="2019-09-21T21:28:44.404">
  <memory-copied type="eden" objects="4242" bytes="1743704" bytesdiscarded="236992" />
  <memory-copied type="other" objects="9" bytes="304" bytesdiscarded="0" />
  <memory-cardclean objects="1868" bytes="150984" />
  <regions eden="64" other="5" />
  <remembered-set-cleared processed="3620" cleared="761" durationms="0.254" />
  <references type="weak" candidates="1" cleared="0" enqueued="0" />
  <references type="phantom" candidates="1" cleared="0" enqueued="0" />
  <stringconstants candidates="3963" cleared="0"  />
</gc-op>
<gc-op id="2539" type="classunload" timems="0.002" contextid="2535" timestamp="2019-09-21T21:28:44.404">
  <classunload-info classloadercandidates="20" classloadersunloaded="0" classesunloaded="0" anonymousclassesunloaded="0" quiescems="0.000" setupms="0.002" scanms="0.000" postms="0.000" />
</gc-op>
<gc-end id="2540" type="partial gc" contextid="2535" durationms="3.805" usertimems="8.000" systemtimems="0.000" timestamp="2019-09-21T21:28:44.405" activeThreads="8">
  <mem-info id="2541" free="77594624" total="246415360" percent="31">
    <mem type="eden" free="116328" total="2097152" percent="5" />
    <remembered-set count="10976" freebytes="9792256" totalbytes="9836160" percent="99" regionsoverflowed="0" regionsstable="1" regionsrebuilding="0"/>
  </mem-info>
</gc-end>
<cycle-end id="2542" type="partial gc" contextid="2535" timestamp="2019-09-21T21:28:44.405" />
  <attribute name="elasticGC enabled" value="1" />
  <attribute name= "numThreadsSpecified" value="8" />
  <attribute name="heapSize specified" value="0" />
  <attribute name="Current GC Util" value="69" />
  <attribute name= "Current Time Running" value="101419" />
  <attribute name ="GC Interval" value="0" />
  <attribute name="Target GC Util Change" value ="40.000000" />
  <attribute name="Current GC Util Change" value="69.000000"/>
  <attribute name="Current Error" value="11.000000" />
  <attribute name="Output H" value="246453208"/>
  <attribute name="Output I" value="2008"/>
  <attribute name="Output T" value="8"/>
  <attribute name= "Current Time Running" value="101419" />
  <attribute name="GC Util currently" value="69" />
  <attribute name="CPU Util currently" value="7040784945270" />
<exclusive-end id="2543" timestamp="2019-09-21T21:28:44.405" durationms="4.656" />

<exclusive-start id="2544" timestamp="2019-09-21T21:28:45.168" intervalms="768.005">
  <response-info timems="0.039" idlems="0.039" threads="0" lastid="0000000002347300" lastname="Thread-5" />
</exclusive-start>
<allocation-taxation id="2545" taxation-threshold="67108864" timestamp="2019-09-21T21:28:45.169" intervalms="768.021" />
<cycle-start id="2546" type="partial gc" contextid="0" timestamp="2019-09-21T21:28:45.169" intervalms="768.004" />
<gc-start id="2547" type="partial gc" contextid="2546" timestamp="2019-09-21T21:28:45.169">
  <mem-info id="2548" free="10485760" total="246415360" percent="4">
    <mem type="eden" free="0" total="67108864" percent="0" />
    <remembered-set count="10560" freebytes="9793920" totalbytes="9836160" percent="99" regionsoverflowed="0" regionsstable="1" regionsrebuilding="0"/>
  </mem-info>
</gc-start>
<allocation-stats totalBytes="67039576" >
  <allocated-bytes non-tlh="40976" tlh="66998600" arrayletleaf="0"/>
  <largest-consumer threadName="Thread-3" threadId="000000000233FC00" bytes="10335208" />
</allocation-stats>
<gc-op id="2549" type="copy forward" timems="2.716" contextid="2546" timestamp="2019-09-21T21:28:45.172">
  <memory-copied type="eden" objects="5513" bytes="2098992" bytesdiscarded="265360" />
  <memory-copied type="other" objects="12" bytes="432" bytesdiscarded="0" />
  <memory-cardclean objects="1839" bytes="149728" />
  <regions eden="64" other="3" />
  <remembered-set-cleared processed="3584" cleared="719" durationms="0.202" />
  <references type="weak" candidates="1" cleared="0" enqueued="0" />
  <references type="phantom" candidates="1" cleared="0" enqueued="0" />
  <stringconstants candidates="3963" cleared="0"  />
</gc-op>
<gc-op id="2550" type="classunload" timems="0.003" contextid="2546" timestamp="2019-09-21T21:28:45.173">
  <classunload-info classloadercandidates="20" classloadersunloaded="0" classesunloaded="0" anonymousclassesunloaded="0" quiescems="0.000" setupms="0.003" scanms="0.000" postms="0.000" />
</gc-op>
<heap-resize id="2551" type="expand" space="default" amount="1048576" count="1" timems="0.062" reason="insufficient free space following gc" timestamp="2019-09-21T21:28:45.173" />
<gc-end id="2552" type="partial gc" contextid="2546" durationms="3.899" usertimems="4.000" systemtimems="0.000" timestamp="2019-09-21T21:28:45.173" activeThreads="8">
  <mem-info id="2553" free="76546048" total="247463936" percent="30">
    <mem type="eden" free="781248" total="3145728" percent="24" />
    <remembered-set count="10944" freebytes="9834240" totalbytes="9878016" percent="99" regionsoverflowed="0" regionsstable="1" regionsrebuilding="0"/>
  </mem-info>
</gc-end>
<cycle-end id="2554" type="partial gc" contextid="2546" timestamp="2019-09-21T21:28:45.173" />
  <attribute name="elasticGC enabled" value="1" />
  <attribute name= "numThreadsSpecified" value="8" />
  <attribute name="heapSize specified" value="0" />
  <attribute name="Current GC Util" value="73" />
  <attribute name= "Current Time Running" value="102187" />
  <attribute name ="GC Interval" value="0" />
  <attribute name="Target GC Util Change" value ="40.000000" />
  <attribute name="Current GC Util Change" value="73.000000"/>
  <attribute name="Current Error" value="18.000000" />
  <attribute name="Output H" value="246453216"/>
  <attribute name="Output I" value="2016"/>
  <attribute name="Output T" value="8"/>
  <attribute name= "Current Time Running" value="102187" />
  <attribute name="GC Util currently" value="73" />
  <attribute name="CPU Util currently" value="7818113041220" />
<exclusive-end id="2555" timestamp="2019-09-21T21:28:45.173" durationms="4.805" />

<exclusive-start id="2556" timestamp="2019-09-21T21:28:45.882" intervalms="713.410">
  <response-info timems="0.050" idlems="0.050" threads="0" lastid="0000000002356300" lastname="Thread-9" />
</exclusive-start>
<allocation-taxation id="2557" taxation-threshold="68157440" timestamp="2019-09-21T21:28:45.882" intervalms="713.338" />
<cycle-start id="2558" type="partial gc" contextid="0" timestamp="2019-09-21T21:28:45.882" intervalms="713.341" />
<gc-start id="2559" type="partial gc" contextid="2558" timestamp="2019-09-21T21:28:45.882">
  <mem-info id="2560" free="8388608" total="247463936" percent="3">
    <mem type="eden" free="0" total="68157440" percent="0" />
    <remembered-set count="10528" freebytes="9835904" totalbytes="9878016" percent="99" regionsoverflowed="0" regionsstable="1" regionsrebuilding="0"/>
  </mem-info>
</gc-start>
<allocation-stats totalBytes="68089360" >
  <allocated-bytes non-tlh="0" tlh="68089360" arrayletleaf="0"/>
  <largest-consumer threadName="Thread-9" threadId="0000000002356300" bytes="11410872" />
</allocation-stats>
<gc-op id="2561" type="copy forward" timems="2.639" contextid="2558" timestamp="2019-09-21T21:28:45.886">
  <memory-copied type="eden" objects="4316" bytes="1785112" bytesdiscarded="301944" />
  <memory-copied type="other" objects="20" bytes="720" bytesdiscarded="0" />
  <memory-cardclean objects="1854" bytes="150152" />
  <regions eden="65" other="5" />
  <remembered-set-cleared processed="3669" cleared="811" durationms="0.202" />
  <references type="weak" candidates="1" cleared="0" enqueued="0" />
  <references type="phantom" candidates="1" cleared="0" enqueued="0" />
  <stringconstants candidates="3963" cleared="0"  />
</gc-op>
<gc-op id="2562" type="classunload" timems="0.002" contextid="2558" timestamp="2019-09-21T21:28:45.886">
  <classunload-info classloadercandidates="20" classloadersunloaded="0" classesunloaded="0" anonymousclassesunloaded="0" quiescems="0.000" setupms="0.002" scanms="0.000" postms="0.000" />
</gc-op>
<gc-end id="2563" type="partial gc" contextid="2558" durationms="3.613" usertimems="4.000" systemtimems="4.000" timestamp="2019-09-21T21:28:45.886" activeThreads="8">
  <mem-info id="2564" free="77594624" total="247463936" percent="31">
    <mem type="eden" free="9976" total="2097152" percent="0" />
    <remembered-set count="10848" freebytes="9834624" totalbytes="9878016" percent="99" regionsoverflowed="0" regionsstable="1" regionsrebuilding="0"/>
  </mem-info>
</gc-end>
<cycle-end id="2565" type="partial gc" contextid="2558" timestamp="2019-09-21T21:28:45.886" />
  <attribute name="elasticGC enabled" value="1" />
  <attribute name= "numThreadsSpecified" value="8" />
  <attribute name="heapSize specified" value="0" />
  <attribute name="Current GC Util" value="70" />
  <attribute name= "Current Time Running" value="102901" />
  <attribute name ="GC Interval" value="0" />
  <attribute name="Target GC Util Change" value ="40.000000" />
  <attribute name="Current GC Util Change" value="70.000000"/>
  <attribute name="Current Error" value="28.000000" />
  <attribute name="Output H" value="247501792"/>
  <attribute name="Output I" value="2016"/>
  <attribute name="Output T" value="8"/>
  <attribute name= "Current Time Running" value="102901" />
  <attribute name="GC Util currently" value="70" />
  <attribute name="CPU Util currently" value="7513116226132" />
<exclusive-end id="2566" timestamp="2019-09-21T21:28:45.886" durationms="4.318" />

<exclusive-start id="2567" timestamp="2019-09-21T21:28:46.588" intervalms="706.350">
  <response-info timems="0.036" idlems="0.036" threads="0" lastid="0000000002343800" lastname="Thread-4" />
</exclusive-start>
<allocation-taxation id="2568" taxation-threshold="68157440" timestamp="2019-09-21T21:28:46.588" intervalms="706.350" />
<cycle-start id="2569" type="partial gc" contextid="0" timestamp="2019-09-21T21:28:46.588" intervalms="706.342" />
<gc-start id="2570" type="partial gc" contextid="2569" timestamp="2019-09-21T21:28:46.589">
  <mem-info id="2571" free="9437184" total="247463936" percent="3">
    <mem type="eden" free="0" total="68157440" percent="0" />
    <remembered-set count="10368" freebytes="9836544" totalbytes="9878016" percent="99" regionsoverflowed="0" regionsstable="1" regionsrebuilding="0"/>
  </mem-info>
</gc-start>
<allocation-stats totalBytes="68072928" >
  <allocated-bytes non-tlh="49168" tlh="68023760" arrayletleaf="0"/>
  <largest-consumer threadName="Thread-7" threadId="000000000234EB00" bytes="11031240" />
</allocation-stats>
<gc-op id="2572" type="copy forward" timems="2.558" contextid="2569" timestamp="2019-09-21T21:28:46.592">
  <memory-copied type="eden" objects="4999" bytes="2015688" bytesdiscarded="207096" />
  <memory-copied type="other" objects="17" bytes="592" bytesdiscarded="480" />
  <memory-cardclean objects="1832" bytes="149560" />
  <regions eden="65" other="4" />
  <remembered-set-cleared processed="3576" cleared="711" durationms="0.203" />
  <references type="phantom" candidates="2" cleared="0" enqueued="0" />
  <stringconstants candidates="3963" cleared="0"  />
</gc-op>
<gc-op id="2573" type="classunload" timems="0.003" contextid="2569" timestamp="2019-09-21T21:28:46.592">
  <classunload-info classloadercandidates="20" classloadersunloaded="0" classesunloaded="0" anonymousclassesunloaded="0" quiescems="0.000" setupms="0.002" scanms="0.000" postms="0.000" />
</gc-op>
<heap-resize id="2574" type="expand" space="default" amount="2097152" count="1" timems="0.070" reason="insufficient free space following gc" timestamp="2019-09-21T21:28:46.592" />
<gc-end id="2575" type="partial gc" contextid="2569" durationms="3.813" usertimems="8.000" systemtimems="0.000" timestamp="2019-09-21T21:28:46.592" activeThreads="8">
  <mem-info id="2576" free="76546048" total="249561088" percent="30">
    <mem type="eden" free="1971376" total="4194304" percent="47" />
    <remembered-set count="10400" freebytes="9920128" totalbytes="9961728" percent="99" regionsoverflowed="0" regionsstable="1" regionsrebuilding="0"/>
  </mem-info>
</gc-end>
<cycle-end id="2577" type="partial gc" contextid="2569" timestamp="2019-09-21T21:28:46.593" />
  <attribute name="elasticGC enabled" value="1" />
  <attribute name= "numThreadsSpecified" value="8" />
  <attribute name="heapSize specified" value="0" />
  <attribute name="Current GC Util" value="74" />
  <attribute name= "Current Time Running" value="103607" />
  <attribute name ="GC Interval" value="0" />
  <attribute name="Target GC Util Change" value ="40.000000" />
  <attribute name="Current GC Util Change" value="74.000000"/>
  <attribute name="Current Error" value="6.000000" />
  <attribute name="Output H" value="247501784"/>
  <attribute name="Output I" value="2008"/>
  <attribute name="Output T" value="8"/>
  <attribute name= "Current Time Running" value="103607" />
  <attribute name="GC Util currently" value="74" />
  <attribute name="CPU Util currently" value="7843937161814" />
<exclusive-end id="2578" timestamp="2019-09-21T21:28:46.593" durationms="4.594" />

<exclusive-start id="2579" timestamp="2019-09-21T21:28:47.324" intervalms="735.368">
  <response-info timems="0.063" idlems="0.063" threads="0" lastid="0000000002352700" lastname="Thread-8" />
</exclusive-start>
<allocation-taxation id="2580" taxation-threshold="68157440" timestamp="2019-09-21T21:28:47.324" intervalms="735.372" />
<cycle-start id="2581" type="partial gc" contextid="0" timestamp="2019-09-21T21:28:47.324" intervalms="735.378" />
<gc-start id="2582" type="partial gc" contextid="2581" timestamp="2019-09-21T21:28:47.324">
  <mem-info id="2583" free="8388608" total="249561088" percent="3">
    <mem type="eden" free="1048336" total="69206016" percent="1" />
    <remembered-set count="10208" freebytes="9920896" totalbytes="9961728" percent="99" regionsoverflowed="0" regionsstable="1" regionsrebuilding="0"/>
  </mem-info>
</gc-start>
<allocation-stats totalBytes="68049064" >
  <allocated-bytes non-tlh="16392" tlh="68032672" arrayletleaf="0"/>
  <largest-consumer threadName="Thread-10" threadId="0000000002359F00" bytes="10069872" />
</allocation-stats>
<gc-op id="2584" type="copy forward" timems="2.555" contextid="2581" timestamp="2019-09-21T21:28:47.327">
  <memory-copied type="eden" objects="4998" bytes="1989296" bytesdiscarded="303944" />
  <memory-copied type="other" objects="9" bytes="304" bytesdiscarded="480" />
  <memory-cardclean objects="1841" bytes="149928" />
  <regions eden="65" other="6" />
  <remembered-set-cleared processed="3632" cleared="773" durationms="0.204" />
  <stringconstants candidates="3963" cleared="0"  />
</gc-op>
<gc-op id="2585" type="classunload" timems="0.002" contextid="2581" timestamp="2019-09-21T21:28:47.327">
  <classunload-info classloadercandidates="20" classloadersunloaded="0" classesunloaded="0" anonymousclassesunloaded="0" quiescems="0.000" setupms="0.002" scanms="0.000" postms="0.000" />
</gc-op>
<gc-end id="2586" type="partial gc" contextid="2581" durationms="3.510" usertimems="8.000" systemtimems="0.000" timestamp="2019-09-21T21:28:47.328" activeThreads="8">
  <mem-info id="2587" free="78643200" total="249561088" percent="31">
    <mem type="eden" free="852360" total="3145728" percent="27" />
    <remembered-set count="10336" freebytes="9920384" totalbytes="9961728" percent="99" regionsoverflowed="0" regionsstable="1" regionsrebuilding="0"/>
  </mem-info>
</gc-end>
<cycle-end id="2588" type="partial gc" contextid="2581" timestamp="2019-09-21T21:28:47.328" />
  <attribute name="elasticGC enabled" value="1" />
  <attribute name= "numThreadsSpecified" value="8" />
  <attribute name="heapSize specified" value="0" />
  <attribute name="Current GC Util" value="70" />
  <attribute name= "Current Time Running" value="104342" />
  <attribute name ="GC Interval" value="0" />
  <attribute name="Target GC Util Change" value ="40.000000" />
  <attribute name="Current GC Util Change" value="70.000000"/>
  <attribute name="Current Error" value="16.000000" />
  <attribute name="Output H" value="249598944"/>
  <attribute name="Output I" value="2016"/>
  <attribute name="Output T" value="8"/>
  <attribute name= "Current Time Running" value="104342" />
  <attribute name="GC Util currently" value="70" />
  <attribute name="CPU Util currently" value="7672128870252" />
<exclusive-end id="2589" timestamp="2019-09-21T21:28:47.328" durationms="4.427" />

<exclusive-start id="2590" timestamp="2019-09-21T21:28:48.082" intervalms="758.700">
  <response-info timems="0.047" idlems="0.047" threads="0" lastid="0000000002347300" lastname="Thread-5" />
</exclusive-start>
<allocation-taxation id="2591" taxation-threshold="68157440" timestamp="2019-09-21T21:28:48.082" intervalms="758.664" />
<cycle-start id="2592" type="partial gc" contextid="0" timestamp="2019-09-21T21:28:48.082" intervalms="758.665" />
<gc-start id="2593" type="partial gc" contextid="2592" timestamp="2019-09-21T21:28:48.083">
  <mem-info id="2594" free="10485760" total="249561088" percent="4">
    <mem type="eden" free="0" total="68157440" percent="0" />
    <remembered-set count="9888" freebytes="9922176" totalbytes="9961728" percent="99" regionsoverflowed="0" regionsstable="1" regionsrebuilding="0"/>
  </mem-info>
</gc-start>
<allocation-stats totalBytes="68093952" >
  <allocated-bytes non-tlh="49168" tlh="68044784" arrayletleaf="0"/>
  <largest-consumer threadName="Thread-9" threadId="0000000002356300" bytes="9725456" />
</allocation-stats>
<gc-op id="2595" type="copy forward" timems="2.572" contextid="2592" timestamp="2019-09-21T21:28:48.086">
  <memory-copied type="eden" objects="5268" bytes="2069496" bytesdiscarded="267576" />
  <memory-copied type="other" objects="14" bytes="560" bytesdiscarded="0" />
  <memory-cardclean objects="1884" bytes="151576" />
  <regions eden="65" other="5" />
  <remembered-set-cleared processed="3653" cleared="804" durationms="0.249" />
  <references type="phantom" candidates="1" cleared="0" enqueued="0" />
  <stringconstants candidates="3963" cleared="0"  />
</gc-op>
<gc-op id="2596" type="classunload" timems="0.003" contextid="2592" timestamp="2019-09-21T21:28:48.086">
  <classunload-info classloadercandidates="20" classloadersunloaded="0" classesunloaded="0" anonymousclassesunloaded="0" quiescems="0.000" setupms="0.002" scanms="0.000" postms="0.000" />
</gc-op>
<gc-end id="2597" type="partial gc" contextid="2592" durationms="3.647" usertimems="4.000" systemtimems="0.000" timestamp="2019-09-21T21:28:48.086" activeThreads="8">
  <mem-info id="2598" free="78643200" total="249561088" percent="31">
    <mem type="eden" free="808520" total="3145728" percent="25" />
    <remembered-set count="10880" freebytes="9918208" totalbytes="9961728" percent="99" regionsoverflowed="0" regionsstable="1" regionsrebuilding="0"/>
  </mem-info>
</gc-end>
<cycle-end id="2599" type="partial gc" contextid="2592" timestamp="2019-09-21T21:28:48.087" />
  <attribute name="elasticGC enabled" value="1" />
  <attribute name= "numThreadsSpecified" value="8" />
  <attribute name="heapSize specified" value="0" />
  <attribute name="Current GC Util" value="70" />
  <attribute name= "Current Time Running" value="105101" />
  <attribute name ="GC Interval" value="0" />
  <attribute name="Target GC Util Change" value ="40.000000" />
  <attribute name="Current GC Util Change" value="70.000000"/>
  <attribute name="Current Error" value="26.000000" />
  <attribute name="Output H" value="249598944"/>
  <attribute name="Output I" value="2016"/>
  <attribute name="Output T" value="8"/>
  <attribute name= "Current Time Running" value="105101" />
  <attribute name="GC Util currently" value="70" />
  <attribute name="CPU Util currently" value="7737468499789" />
<exclusive-end id="2600" timestamp="2019-09-21T21:28:48.087" durationms="4.483" />

<exclusive-start id="2601" timestamp="2019-09-21T21:28:48.846" intervalms="764.144">
  <response-info timems="0.074" idlems="0.074" threads="0" lastid="0000000002356300" lastname="Thread-9" />
</exclusive-start>
<allocation-taxation id="2602" taxation-threshold="68157440" timestamp="2019-09-21T21:28:48.847" intervalms="764.209" />
<cycle-start id="2603" type="partial gc" contextid="0" timestamp="2019-09-21T21:28:48.847" intervalms="764.210" />
<gc-start id="2604" type="partial gc" contextid="2603" timestamp="2019-09-21T21:28:48.847">
  <mem-info id="2605" free="10485760" total="249561088" percent="4">
    <mem type="eden" free="0" total="68157440" percent="0" />
    <remembered-set count="10432" freebytes="9920000" totalbytes="9961728" percent="99" regionsoverflowed="0" regionsstable="1" regionsrebuilding="0"/>
  </mem-info>
</gc-start>
<allocation-stats totalBytes="68117656" >
  <allocated-bytes non-tlh="49168" tlh="68068488" arrayletleaf="0"/>
  <largest-consumer threadName="Thread-9" threadId="0000000002356300" bytes="10695008" />
</allocation-stats>
<gc-op id="2606" type="copy forward" timems="2.157" contextid="2603" timestamp="2019-09-21T21:28:48.850">
  <memory-copied type="eden" objects="4915" bytes="1943848" bytesdiscarded="325896" />
  <memory-copied type="other" objects="10" bytes="416" bytesdiscarded="0" />
  <memory-cardclean objects="1874" bytes="151256" />
  <regions eden="65" other="5" />
  <remembered-set-cleared processed="3661" cleared="809" durationms="0.197" />
  <stringconstants candidates="3963" cleared="0"  />
</gc-op>
<gc-op id="2607" type="classunload" timems="0.002" contextid="2603" timestamp="2019-09-21T21:28:48.850">
  <classunload-info classloadercandidates="20" classloadersunloaded="0" classesunloaded="0" anonymousclassesunloaded="0" quiescems="0.000" setupms="0.002" scanms="0.000" postms="0.000" />
</gc-op>
<heap-resize id="2608" type="expand" space="default" amount="1048576" count="1" timems="0.054" reason="insufficient free space following gc" timestamp="2019-09-21T21:28:48.850" />
<gc-end id="2609" type="partial gc" contextid="2603" durationms="3.381" usertimems="0.000" systemtimems="8.000" timestamp="2019-09-21T21:28:48.850" activeThreads="8">
  <mem-info id="2610" free="77594624" total="250609664" percent="30">
    <mem type="eden" free="1924432" total="4194304" percent="45" />
    <remembered-set count="10368" freebytes="9962112" totalbytes="10003584" percent="99" regionsoverflowed="0" regionsstable="1" regionsrebuilding="0"/>
  </mem-info>
</gc-end>
<cycle-end id="2611" type="partial gc" contextid="2603" timestamp="2019-09-21T21:28:48.850" />
  <attribute name="elasticGC enabled" value="1" />
  <attribute name= "numThreadsSpecified" value="8" />
  <attribute name="heapSize specified" value="0" />
  <attribute name="Current GC Util" value="82" />
  <attribute name= "Current Time Running" value="105865" />
  <attribute name ="GC Interval" value="0" />
  <attribute name="Target GC Util Change" value ="40.000000" />
  <attribute name="Current GC Util Change" value="82.000000"/>
  <attribute name="Current Error" value="-2.000000" />
  <attribute name="Output H" value="249598928"/>
  <attribute name="Output I" value="2000"/>
  <attribute name="Output T" value="8"/>
  <attribute name= "Current Time Running" value="105865" />
  <attribute name="GC Util currently" value="82" />
  <attribute name="CPU Util currently" value="7827880107614" />
<exclusive-end id="2612" timestamp="2019-09-21T21:28:48.851" durationms="4.222" />

<exclusive-start id="2613" timestamp="2019-09-21T21:28:49.590" intervalms="743.424">
  <response-info timems="0.050" idlems="0.050" threads="0" lastid="0000000002352700" lastname="Thread-8" />
</exclusive-start>
<allocation-taxation id="2614" taxation-threshold="68157440" timestamp="2019-09-21T21:28:49.590" intervalms="743.411" />
<cycle-start id="2615" type="partial gc" contextid="0" timestamp="2019-09-21T21:28:49.590" intervalms="743.409" />
<gc-start id="2616" type="partial gc" contextid="2615" timestamp="2019-09-21T21:28:49.590">
  <mem-info id="2617" free="9437184" total="250609664" percent="3">
    <mem type="eden" free="1048456" total="69206016" percent="1" />
    <remembered-set count="9952" freebytes="9963776" totalbytes="10003584" percent="99" regionsoverflowed="0" regionsstable="1" regionsrebuilding="0"/>
  </mem-info>
</gc-start>
<allocation-stats totalBytes="68080616" >
  <allocated-bytes non-tlh="16392" tlh="68064224" arrayletleaf="0"/>
  <largest-consumer threadName="Thread-7" threadId="000000000234EB00" bytes="10056104" />
</allocation-stats>
<gc-op id="2618" type="copy forward" timems="4.450" contextid="2615" timestamp="2019-09-21T21:28:49.596">
  <memory-copied type="eden" objects="4945" bytes="1919216" bytesdiscarded="372384" />
  <memory-copied type="other" objects="13" bytes="544" bytesdiscarded="0" />
  <memory-cardclean objects="1877" bytes="151400" />
  <regions eden="65" other="6" />
  <remembered-set-cleared processed="3612" cleared="768" durationms="0.202" />
  <references type="weak" candidates="1" cleared="0" enqueued="0" />
  <references type="phantom" candidates="1" cleared="0" enqueued="0" />
  <stringconstants candidates="3963" cleared="0"  />
</gc-op>
<gc-op id="2619" type="classunload" timems="0.002" contextid="2615" timestamp="2019-09-21T21:28:49.596">
  <classunload-info classloadercandidates="20" classloadersunloaded="0" classesunloaded="0" anonymousclassesunloaded="0" quiescems="0.000" setupms="0.002" scanms="0.000" postms="0.000" />
</gc-op>
<gc-end id="2620" type="partial gc" contextid="2615" durationms="5.658" usertimems="0.000" systemtimems="8.000" timestamp="2019-09-21T21:28:49.596" activeThreads="8">
  <mem-info id="2621" free="78643200" total="250609664" percent="31">
    <mem type="eden" free="854008" total="3145728" percent="27" />
    <remembered-set count="10368" freebytes="9962112" totalbytes="10003584" percent="99" regionsoverflowed="0" regionsstable="1" regionsrebuilding="0"/>
  </mem-info>
</gc-end>
<cycle-end id="2622" type="partial gc" contextid="2615" timestamp="2019-09-21T21:28:49.596" />
  <attribute name="elasticGC enabled" value="1" />
  <attribute name= "numThreadsSpecified" value="8" />
  <attribute name="heapSize specified" value="0" />
  <attribute name="Current GC Util" value="74" />
  <attribute name= "Current Time Running" value="106609" />
  <attribute name ="GC Interval" value="0" />
  <attribute name="Target GC Util Change" value ="40.000000" />
  <attribute name="Current GC Util Change" value="74.000000"/>
  <attribute name="Current Error" value="4.000000" />
  <attribute name="Output H" value="250647512"/>
  <attribute name="Output I" value="2008"/>
  <attribute name="Output T" value="8"/>
  <attribute name= "Current Time Running" value="106609" />
  <attribute name="GC Util currently" value="74" />
  <attribute name="CPU Util currently" value="7741442999383" />
<exclusive-end id="2623" timestamp="2019-09-21T21:28:49.596" durationms="6.587" />

<exclusive-start id="2624" timestamp="2019-09-21T21:28:50.367" intervalms="777.414">
  <response-info timems="0.068" idlems="0.068" threads="0" lastid="0000000002359F00" lastname="Thread-10" />
</exclusive-start>
<allocation-taxation id="2625" taxation-threshold="68157440" timestamp="2019-09-21T21:28:50.367" intervalms="777.387" />
<cycle-start id="2626" type="partial gc" contextid="0" timestamp="2019-09-21T21:28:50.367" intervalms="777.386" />
<gc-start id="2627" type="partial gc" contextid="2626" timestamp="2019-09-21T21:28:50.368">
  <mem-info id="2628" free="10485760" total="250609664" percent="4">
    <mem type="eden" free="0" total="68157440" percent="0" />
    <remembered-set count="9952" freebytes="9963776" totalbytes="10003584" percent="99" regionsoverflowed="0" regionsstable="1" regionsrebuilding="0"/>
  </mem-info>
</gc-start>
<allocation-stats totalBytes="68114784" >
  <allocated-bytes non-tlh="0" tlh="68114784" arrayletleaf="0"/>
  <largest-consumer threadName="Thread-3" threadId="000000000233FC00" bytes="10412168" />
</allocation-stats>
<gc-op id="2629" type="copy forward" timems="6.260" contextid="2626" timestamp="2019-09-21T21:28:50.375">
  <memory-copied type="eden" objects="4975" bytes="2089096" bytesdiscarded="373760" />
  <memory-copied type="other" objects="13" bytes="544" bytesdiscarded="0" />
  <memory-cardclean objects="1884" bytes="151936" />
  <regions eden="65" other="5" />
  <remembered-set-cleared processed="3614" cleared="772" durationms="0.244" />
  <references type="phantom" candidates="2" cleared="0" enqueued="0" />
  <stringconstants candidates="3963" cleared="0"  />
</gc-op>
<gc-op id="2630" type="classunload" timems="0.002" contextid="2626" timestamp="2019-09-21T21:28:50.375">
  <classunload-info classloadercandidates="20" classloadersunloaded="0" classesunloaded="0" anonymousclassesunloaded="0" quiescems="0.000" setupms="0.002" scanms="0.000" postms="0.000" />
</gc-op>
<gc-end id="2631" type="partial gc" contextid="2626" durationms="7.382" usertimems="12.000" systemtimems="0.000" timestamp="2019-09-21T21:28:50.375" activeThreads="8">
  <mem-info id="2632" free="77594624" total="250609664" percent="30">
    <mem type="eden" free="682728" total="3145728" percent="21" />
    <remembered-set count="10848" freebytes="9960192" totalbytes="10003584" percent="99" regionsoverflowed="0" regionsstable="1" regionsrebuilding="0"/>
  </mem-info>
</gc-end>
<cycle-end id="2633" type="partial gc" contextid="2626" timestamp="2019-09-21T21:28:50.375" />
  <attribute name="elasticGC enabled" value="1" />
  <attribute name= "numThreadsSpecified" value="8" />
  <attribute name="heapSize specified" value="0" />
  <attribute name="Current GC Util" value="73" />
  <attribute name= "Current Time Running" value="107386" />
  <attribute name ="GC Interval" value="0" />
  <attribute name="Target GC Util Change" value ="40.000000" />
  <attribute name="Current GC Util Change" value="73.000000"/>
  <attribute name="Current Error" value="10.000000" />
  <attribute name="Output H" value="250647512"/>
  <attribute name="Output I" value="2008"/>
  <attribute name="Output T" value="8"/>
  <attribute name= "Current Time Running" value="107386" />
  <attribute name="GC Util currently" value="73" />
  <attribute name="CPU Util currently" value="7507881166036" />
<exclusive-end id="2634" timestamp="2019-09-21T21:28:50.375" durationms="8.201" />

</verbosegc>

