<?xml version="1.0" ?>

<verbosegc xmlns="http://www.ibm.com/j9/verbosegc" version="25b0271_CMPRSS">

<initialized id="1" timestamp="2019-07-02T19:09:39.443">
  <attribute name="gcPolicy" value="-Xgcpolicy:optthruput" />
  <attribute name="GC Util" value="0" />
  <attribute name="CPU Util" value="0" />
  <attribute name="Time Running"value="0"/>
  <attribute name="Number of cores"value="0"/>
  <attribute name="maxHeapSize" value="0x7cbc0000" />
  <attribute name="initialHeapSize" value="0x800000" />
  <attribute name="compressedRefs" value="true" />
  <attribute name="compressedRefsDisplacement" value="0x0" />
  <attribute name="compressedRefsShift" value="0x0" />
  <attribute name="pageSize" value="0x1000" />
  <attribute name="pageType" value="not used" />
  <attribute name="requestedPageSize" value="0x1000" />
  <attribute name="requestedPageType" value="not used" />
  <attribute name="gcthreads" value="4" />
  <attribute name="packetListSplit" value="4" />
  <attribute name="cacheListSplit" value="4" />
  <attribute name="splitFreeListSplitAmount" value="1" />
  <attribute name="numaNodes" value="0" />
  <system>
    <attribute name="physicalMemory" value="8370962432" />
    <attribute name="numCPUs" value="4" />
    <attribute name="architecture" value="amd64" />
    <attribute name="os" value="Linux" />
    <attribute name="osVersion" value="4.4.0-148-generic" />
  </system>
  <vmargs>
    <vmarg name="-Xoptionsfile=/vagrant/jdk/lib/options.default" />
    <vmarg name="-Xlockword:mode=default,noLockword=java/lang/String,noLockword=java/util/MapEntry,noLockword=java/util/HashMap$Entry,noLockword..." />
    <vmarg name="-Xjcl:jclse11_29" />
    <vmarg name="-Dcom.ibm.oti.vm.bootstrap.library.path=/vagrant/jdk/lib/compressedrefs:/vagrant/jdk/lib" />
    <vmarg name="-Dsun.boot.library.path=/vagrant/jdk/lib/compressedrefs:/vagrant/jdk/lib" />
    <vmarg name="-Djava.library.path=/vagrant/jdk/lib/compressedrefs:/vagrant/jdk/lib:/usr/lib64:/usr/lib" />
    <vmarg name="-Djava.home=/vagrant/jdk" />
    <vmarg name="-Duser.dir=/vagrant" />
    <vmarg name="-Xgcpolicy:optthruput" />
    <vmarg name="-verbose:gc" />
    <vmarg name="-Xloggc:small-OPTTHRUPUT-jdkF-verbose1jython.txt" />
    <vmarg name="-Djava.class.path=dacapo-9.12-MR1-bach.jar" />
    <vmarg name="-Dsun.java.command=dacapo-9.12-MR1-bach.jar jython --size=small" />
    <vmarg name="-Dsun.java.launcher=SUN_STANDARD" />
    <vmarg name="-Dsun.java.launcher.pid=7724" />
  </vmargs>
</initialized>

<exclusive-start id="2" timestamp="2019-07-02T19:09:40.998" intervalms="1554.445">
  <response-info timems="0.022" idlems="0.022" threads="0" lastid="0000000001902700" lastname="main" />
</exclusive-start>
<af-start id="3" threadId="0000000001903088" totalBytesRequested="2056" timestamp="2019-07-02T19:09:40.998" intervalms="1554.658" />
<cycle-start id="4" type="global" contextid="0" timestamp="2019-07-02T19:09:40.998" intervalms="1555.006" />
  <attribute name="GC Util" value="0" />
  <attribute name="CPU Util" value="64" />
  <attribute name="Time Running"value="0"/>
  <attribute name="Number of cores"value="4"/>
<gc-start id="5" type="global" contextid="4" timestamp="2019-07-02T19:09:40.998">
  <mem-info id="6" free="418816" total="8388608" percent="4">
    <mem type="tenure" free="418816" total="8388608" percent="4">
      <mem type="soa" free="0" total="7969792" percent="0" />
      <mem type="loa" free="418816" total="418816" percent="100" />
    </mem>
  </mem-info>
</gc-start>
<allocation-stats totalBytes="7924184" >
  <allocated-bytes non-tlh="314600" tlh="7609584" />
  <largest-consumer threadName="main" threadId="0000000001902700" bytes="7885200" />
</allocation-stats>
<gc-op id="7" type="mark" timems="1.577" contextid="4" timestamp="2019-07-02T19:09:41.000">
  <trace-info objectcount="17600" scancount="14564" scanbytes="458828" />
  <finalization candidates="19" enqueued="1" />
  <references type="soft" candidates="63" cleared="0" enqueued="0" dynamicThreshold="32" maxThreshold="32" />
  <references type="weak" candidates="567" cleared="402" enqueued="362" />
  <references type="phantom" candidates="105" cleared="44" enqueued="44" />
  <stringconstants candidates="2393" cleared="0"  />
</gc-op>
<gc-op id="8" type="classunload" timems="0.045" contextid="4" timestamp="2019-07-02T19:09:41.000">
  <classunload-info classloadercandidates="5" classloadersunloaded="0" classesunloaded="0" anonymousclassesunloaded="0" quiescems="0.000" setupms="0.044" scanms="0.000" postms="0.001" />
</gc-op>
<gc-op id="9" type="sweep" timems="0.359" contextid="4" timestamp="2019-07-02T19:09:41.001" />
<gc-end id="10" type="global" contextid="4" durationms="2.306" usertimems="4.000" systemtimems="0.000" timestamp="2019-07-02T19:09:41.001" activeThreads="4">
  <mem-info id="11" free="7186056" total="8388608" percent="85">
    <mem type="tenure" free="7186056" total="8388608" percent="85" micro-fragmented="182926" macro-fragmented="0">
      <mem type="soa" free="6767240" total="7969792" percent="84" />
      <mem type="loa" free="418816" total="418816" percent="100" />
    </mem>
    <pending-finalizers system="1" default="0" reference="406" classloader="0" />
  </mem-info>
</gc-end>
<cycle-end id="12" type="global" contextid="4" timestamp="2019-07-02T19:09:41.001">
  <attribute name="GC Util" value="84" />
  <attribute name="CPU Util" value="10431118194719" />
  <attribute name="Time Running"value="1457"/>
  <attribute name="Number of cores"value="4"/>
</cycle-end>
<allocation-satisfied id="13" threadId="0000000001902700" bytesRequested="2056" />
<af-end id="14" timestamp="2019-07-02T19:09:41.001" threadId="0000000001903088" success="true" />
<exclusive-end id="15" timestamp="2019-07-02T19:09:41.001" durationms="3.346" />

<exclusive-start id="16" timestamp="2019-07-02T19:09:41.633" intervalms="635.564">
  <response-info timems="0.010" idlems="0.010" threads="0" lastid="0000000001902700" lastname="main" />
</exclusive-start>
<af-start id="17" threadId="0000000001903088" totalBytesRequested="88" timestamp="2019-07-02T19:09:41.633" intervalms="635.450" />
<cycle-start id="18" type="global" contextid="0" timestamp="2019-07-02T19:09:41.633" intervalms="635.170" />
  <attribute name="GC Util" value="84" />
  <attribute name="CPU Util" value="10431118194719" />
  <attribute name="Time Running"value="1457"/>
  <attribute name="Number of cores"value="4"/>
<gc-start id="19" type="global" contextid="18" timestamp="2019-07-02T19:09:41.633">
  <mem-info id="20" free="418816" total="8388608" percent="4">
    <mem type="tenure" free="418816" total="8388608" percent="4">
      <mem type="soa" free="0" total="7969792" percent="0" />
      <mem type="loa" free="418816" total="418816" percent="100" />
    </mem>
  </mem-info>
</gc-start>
<allocation-stats totalBytes="6531944" >
  <allocated-bytes non-tlh="720320" tlh="5811624" />
  <largest-consumer threadName="main" threadId="0000000001902700" bytes="6524488" />
</allocation-stats>
<gc-op id="21" type="mark" timems="0.933" contextid="18" timestamp="2019-07-02T19:09:41.634">
  <trace-info objectcount="17672" scancount="14534" scanbytes="468088" />
  <finalization candidates="18" enqueued="0" />
  <references type="soft" candidates="66" cleared="0" enqueued="0" dynamicThreshold="27" maxThreshold="32" />
  <references type="weak" candidates="196" cleared="32" enqueued="32" />
  <references type="phantom" candidates="86" cleared="1" enqueued="1" />
  <stringconstants candidates="2501" cleared="0"  />
</gc-op>
<gc-op id="22" type="sweep" timems="0.197" contextid="18" timestamp="2019-07-02T19:09:41.635" />
<gc-end id="23" type="global" contextid="18" durationms="1.381" usertimems="0.000" systemtimems="0.000" timestamp="2019-07-02T19:09:41.635" activeThreads="4">
  <mem-info id="24" free="6654568" total="8388608" percent="79">
    <mem type="tenure" free="6654568" total="8388608" percent="79" micro-fragmented="194721" macro-fragmented="0">
      <mem type="soa" free="6235752" total="7969792" percent="78" />
      <mem type="loa" free="418816" total="418816" percent="100" />
    </mem>
    <pending-finalizers system="0" default="0" reference="33" classloader="0" />
  </mem-info>
</gc-end>
<cycle-end id="25" type="global" contextid="18" timestamp="2019-07-02T19:09:41.635">
  <attribute name="GC Util" value="75" />
  <attribute name="CPU Util" value="18742005630020" />
  <attribute name="Time Running"value="2092"/>
  <attribute name="Number of cores"value="4"/>
</cycle-end>
<allocation-satisfied id="26" threadId="0000000001902700" bytesRequested="88" />
<af-end id="27" timestamp="2019-07-02T19:09:41.635" threadId="0000000001903088" success="true" />
<exclusive-end id="28" timestamp="2019-07-02T19:09:41.635" durationms="1.835" />

<exclusive-start id="29" timestamp="2019-07-02T19:09:41.772" intervalms="138.401">
  <response-info timems="0.029" idlems="0.029" threads="0" lastid="0000000001902700" lastname="main" />
</exclusive-start>
<af-start id="30" threadId="0000000001903088" totalBytesRequested="16" timestamp="2019-07-02T19:09:41.772" intervalms="138.407" />
<cycle-start id="31" type="global" contextid="0" timestamp="2019-07-02T19:09:41.772" intervalms="138.412" />
  <attribute name="GC Util" value="75" />
  <attribute name="CPU Util" value="18742005630020" />
  <attribute name="Time Running"value="2092"/>
  <attribute name="Number of cores"value="4"/>
<gc-start id="32" type="global" contextid="31" timestamp="2019-07-02T19:09:41.772">
  <mem-info id="33" free="418816" total="8388608" percent="4">
    <mem type="tenure" free="418816" total="8388608" percent="4">
      <mem type="soa" free="0" total="7969792" percent="0" />
      <mem type="loa" free="418816" total="418816" percent="100" />
    </mem>
  </mem-info>
</gc-start>
<allocation-stats totalBytes="6170320" >
  <allocated-bytes non-tlh="993456" tlh="5176864" />
  <largest-consumer threadName="main" threadId="0000000001902700" bytes="6167952" />
</allocation-stats>
<gc-op id="34" type="mark" timems="1.505" contextid="31" timestamp="2019-07-02T19:09:41.773">
  <trace-info objectcount="35317" scancount="28520" scanbytes="937632" />
  <finalization candidates="64" enqueued="1" />
  <ownableSynchronizers candidates="17" cleared="0" />
  <references type="soft" candidates="402" cleared="0" enqueued="0" dynamicThreshold="25" maxThreshold="32" />
  <references type="weak" candidates="1651" cleared="478" enqueued="356" />
  <references type="phantom" candidates="99" cleared="5" enqueued="5" />
  <stringconstants candidates="4444" cleared="0"  />
</gc-op>
<gc-op id="35" type="sweep" timems="0.259" contextid="31" timestamp="2019-07-02T19:09:41.774" />
<gc-end id="36" type="global" contextid="31" durationms="2.011" usertimems="4.000" systemtimems="0.000" timestamp="2019-07-02T19:09:41.774" activeThreads="4">
  <mem-info id="37" free="5777656" total="8388608" percent="68">
    <mem type="tenure" free="5777656" total="8388608" percent="68" micro-fragmented="410874" macro-fragmented="0">
      <mem type="soa" free="5358840" total="7969792" percent="67" />
      <mem type="loa" free="418816" total="418816" percent="100" />
    </mem>
    <pending-finalizers system="1" default="0" reference="361" classloader="0" />
  </mem-info>
</gc-end>
<cycle-end id="38" type="global" contextid="31" timestamp="2019-07-02T19:09:41.774">
  <attribute name="GC Util" value="87" />
  <attribute name="CPU Util" value="232" />
  <attribute name="Time Running"value="2231"/>
  <attribute name="Number of cores"value="4"/>
</cycle-end>
<allocation-satisfied id="39" threadId="0000000001902700" bytesRequested="16" />
<af-end id="40" timestamp="2019-07-02T19:09:41.774" threadId="0000000001903088" success="true" />
<exclusive-end id="41" timestamp="2019-07-02T19:09:41.774" durationms="2.453" />

<exclusive-start id="42" timestamp="2019-07-02T19:09:44.534" intervalms="2762.065">
  <response-info timems="0.010" idlems="0.010" threads="0" lastid="0000000001902700" lastname="main" />
</exclusive-start>
<af-start id="43" threadId="0000000001903088" totalBytesRequested="88" timestamp="2019-07-02T19:09:44.534" intervalms="2762.062" />
<cycle-start id="44" type="global" contextid="0" timestamp="2019-07-02T19:09:44.534" intervalms="2762.075" />
  <attribute name="GC Util" value="87" />
  <attribute name="CPU Util" value="232" />
  <attribute name="Time Running"value="2231"/>
  <attribute name="Number of cores"value="4"/>
<gc-start id="45" type="global" contextid="44" timestamp="2019-07-02T19:09:44.534">
  <mem-info id="46" free="418816" total="8388608" percent="4">
    <mem type="tenure" free="418816" total="8388608" percent="4">
      <mem type="soa" free="0" total="7969792" percent="0" />
      <mem type="loa" free="418816" total="418816" percent="100" />
    </mem>
  </mem-info>
</gc-start>
<allocation-stats totalBytes="5186992" >
  <allocated-bytes non-tlh="1726904" tlh="3460088" />
  <largest-consumer threadName="main" threadId="0000000001902700" bytes="5178128" />
</allocation-stats>
<gc-op id="47" type="mark" timems="2.702" contextid="44" timestamp="2019-07-02T19:09:44.537">
  <trace-info objectcount="41629" scancount="33805" scanbytes="1124288" />
  <finalization candidates="66" enqueued="0" />
  <ownableSynchronizers candidates="17" cleared="0" />
  <references type="soft" candidates="629" cleared="0" enqueued="0" dynamicThreshold="22" maxThreshold="32" />
  <references type="weak" candidates="1783" cleared="37" enqueued="37" />
  <references type="phantom" candidates="98" cleared="3" enqueued="3" />
  <stringconstants candidates="5191" cleared="0"  />
</gc-op>
<gc-op id="48" type="classunload" timems="0.002" contextid="44" timestamp="2019-07-02T19:09:44.537">
  <classunload-info classloadercandidates="10" classloadersunloaded="0" classesunloaded="0" anonymousclassesunloaded="0" quiescems="0.000" setupms="0.002" scanms="0.000" postms="0.000" />
</gc-op>
<gc-op id="49" type="sweep" timems="0.352" contextid="44" timestamp="2019-07-02T19:09:44.537" />
<gc-end id="50" type="global" contextid="44" durationms="3.466" usertimems="4.000" systemtimems="0.000" timestamp="2019-07-02T19:09:44.537" activeThreads="4">
  <mem-info id="51" free="5265120" total="8388608" percent="62">
    <mem type="tenure" free="5265120" total="8388608" percent="62" micro-fragmented="455482" macro-fragmented="0">
      <mem type="soa" free="4846304" total="7969792" percent="60" />
      <mem type="loa" free="418816" total="418816" percent="100" />
    </mem>
    <pending-finalizers system="0" default="0" reference="40" classloader="0" />
  </mem-info>
</gc-end>
<cycle-end id="52" type="global" contextid="44" timestamp="2019-07-02T19:09:44.538">
  <attribute name="GC Util" value="78" />
  <attribute name="CPU Util" value="6465357293372" />
  <attribute name="Time Running"value="4994"/>
  <attribute name="Number of cores"value="4"/>
</cycle-end>
<allocation-satisfied id="53" threadId="0000000001902700" bytesRequested="88" />
<af-end id="54" timestamp="2019-07-02T19:09:44.538" threadId="0000000001903088" success="true" />
<exclusive-end id="55" timestamp="2019-07-02T19:09:44.538" durationms="4.294" />

<exclusive-start id="56" timestamp="2019-07-02T19:09:44.637" intervalms="103.574">
  <response-info timems="0.133" idlems="0.133" threads="0" lastid="0000000001902700" lastname="main" />
</exclusive-start>
<af-start id="57" threadId="0000000001903088" totalBytesRequested="31752" timestamp="2019-07-02T19:09:44.637" intervalms="103.597" />
<cycle-start id="58" type="global" contextid="0" timestamp="2019-07-02T19:09:44.637" intervalms="103.617" />
  <attribute name="GC Util" value="78" />
  <attribute name="CPU Util" value="6465357293372" />
  <attribute name="Time Running"value="4994"/>
  <attribute name="Number of cores"value="4"/>
<gc-start id="59" type="global" contextid="58" timestamp="2019-07-02T19:09:44.638">
  <mem-info id="60" free="1057344" total="8388608" percent="12">
    <mem type="tenure" free="1057344" total="8388608" percent="12">
      <mem type="soa" free="900680" total="7969792" percent="11" />
      <mem type="loa" free="156664" total="418816" percent="37" />
    </mem>
  </mem-info>
</gc-start>
<allocation-stats totalBytes="4066776" >
  <allocated-bytes non-tlh="1382840" tlh="2683936" />
  <largest-consumer threadName="main" threadId="0000000001902700" bytes="4015064" />
</allocation-stats>
<gc-op id="61" type="mark" timems="3.392" contextid="58" timestamp="2019-07-02T19:09:44.641">
  <trace-info objectcount="52225" scancount="43121" scanbytes="1463212" />
  <finalization candidates="80" enqueued="0" />
  <ownableSynchronizers candidates="21" cleared="0" />
  <references type="soft" candidates="956" cleared="0" enqueued="0" dynamicThreshold="20" maxThreshold="32" />
  <references type="weak" candidates="3388" cleared="449" enqueued="301" />
  <references type="phantom" candidates="101" cleared="2" enqueued="2" />
  <stringconstants candidates="6145" cleared="0"  />
</gc-op>
<gc-op id="62" type="classunload" timems="0.003" contextid="58" timestamp="2019-07-02T19:09:44.641">
  <classunload-info classloadercandidates="11" classloadersunloaded="0" classesunloaded="0" anonymousclassesunloaded="0" quiescems="0.000" setupms="0.003" scanms="0.000" postms="0.000" />
</gc-op>
<gc-op id="63" type="sweep" timems="0.430" contextid="58" timestamp="2019-07-02T19:09:44.642" />
<gc-end id="64" type="global" contextid="58" durationms="4.363" usertimems="4.000" systemtimems="0.000" timestamp="2019-07-02T19:09:44.642" activeThreads="4">
  <mem-info id="65" free="4125928" total="8388608" percent="49">
    <mem type="tenure" free="4125928" total="8388608" percent="49" micro-fragmented="825059" macro-fragmented="0">
      <mem type="soa" free="3969264" total="7969792" percent="49" />
      <mem type="loa" free="156664" total="418816" percent="37" />
    </mem>
    <pending-finalizers system="0" default="0" reference="303" classloader="0" />
  </mem-info>
</gc-end>
<cycle-end id="66" type="global" contextid="58" timestamp="2019-07-02T19:09:44.642">
  <attribute name="GC Util" value="71" />
  <attribute name="CPU Util" value="5114341390313" />
  <attribute name="Time Running"value="5099"/>
  <attribute name="Number of cores"value="4"/>
</cycle-end>
<allocation-satisfied id="67" threadId="0000000001902700" bytesRequested="31752" />
<af-end id="68" timestamp="2019-07-02T19:09:44.642" threadId="0000000001903088" success="true" />
<exclusive-end id="69" timestamp="2019-07-02T19:09:44.642" durationms="5.154" />

<exclusive-start id="70" timestamp="2019-07-02T19:09:44.660" intervalms="22.947">
  <response-info timems="0.022" idlems="0.022" threads="0" lastid="0000000001902700" lastname="main" />
</exclusive-start>
<af-start id="71" threadId="0000000001903088" totalBytesRequested="200008" timestamp="2019-07-02T19:09:44.660" intervalms="22.935" />
<cycle-start id="72" type="global" contextid="0" timestamp="2019-07-02T19:09:44.660" intervalms="22.912" />
  <attribute name="GC Util" value="71" />
  <attribute name="CPU Util" value="5114341390313" />
  <attribute name="Time Running"value="5099"/>
  <attribute name="Number of cores"value="4"/>
<gc-start id="73" type="global" contextid="72" timestamp="2019-07-02T19:09:44.660">
  <mem-info id="74" free="3367368" total="8388608" percent="40">
    <mem type="tenure" free="3367368" total="8388608" percent="40">
      <mem type="soa" free="3210704" total="7969792" percent="40" />
      <mem type="loa" free="156664" total="418816" percent="37" />
    </mem>
  </mem-info>
</gc-start>
<allocation-stats totalBytes="757472" >
  <allocated-bytes non-tlh="474864" tlh="282608" />
  <largest-consumer threadName="main" threadId="0000000001902700" bytes="752280" />
</allocation-stats>
<heap-resize id="75" type="loa expand" space="tenure" amount="83968" count="1" timems="0.000" reason="expand on failed allocate" timestamp="2019-07-02T19:09:44.661" />
<gc-op id="76" type="mark" timems="3.671" contextid="72" timestamp="2019-07-02T19:09:44.664">
  <trace-info objectcount="52578" scancount="43395" scanbytes="1476036" />
  <finalization candidates="80" enqueued="0" />
  <ownableSynchronizers candidates="21" cleared="0" />
  <references type="soft" candidates="968" cleared="0" enqueued="0" dynamicThreshold="15" maxThreshold="32" />
  <references type="weak" candidates="2972" cleared="7" enqueued="7" />
  <references type="phantom" candidates="103" cleared="2" enqueued="2" />
  <stringconstants candidates="6204" cleared="0"  />
</gc-op>
<gc-op id="77" type="sweep" timems="0.785" contextid="72" timestamp="2019-07-02T19:09:44.665" />
<mem-info id="78" free="4074320" total="8388608" percent="48">
  <mem type="tenure" free="4074320" total="8388608" percent="48" micro-fragmented="851520" macro-fragmented="0">
    <mem type="soa" free="3917656" total="7885824" percent="49" />
    <mem type="loa" free="156664" total="502784" percent="31" />
  </mem>
  <pending-finalizers system="0" default="0" reference="9" classloader="0" />
</mem-info>
<gc-op id="79" type="compact" timems="13.580" contextid="72" timestamp="2019-07-02T19:09:44.679">
  <compact-info movecount="52577" movebytes="3167120" reason="compact to meet allocation" />
</gc-op>
<gc-end id="80" type="global" contextid="72" durationms="18.713" usertimems="24.000" systemtimems="0.000" timestamp="2019-07-02T19:09:44.679" activeThreads="4">
  <mem-info id="81" free="5021392" total="8388608" percent="59">
    <mem type="tenure" free="5021392" total="8388608" percent="59">
      <mem type="soa" free="4518608" total="7885824" percent="57" />
      <mem type="loa" free="502784" total="502784" percent="100" />
    </mem>
    <pending-finalizers system="0" default="0" reference="9" classloader="0" />
  </mem-info>
</gc-end>
<cycle-end id="82" type="global" contextid="72" timestamp="2019-07-02T19:09:44.679">
  <attribute name="GC Util" value="48" />
  <attribute name="CPU Util" value="18486934667310" />
  <attribute name="Time Running"value="5123"/>
  <attribute name="Number of cores"value="4"/>
</cycle-end>
<allocation-satisfied id="83" threadId="0000000001902700" bytesRequested="200008" />
<af-end id="84" timestamp="2019-07-02T19:09:44.679" threadId="0000000001903088" success="true" />
<exclusive-end id="85" timestamp="2019-07-02T19:09:44.679" durationms="19.371" />

<exclusive-start id="86" timestamp="2019-07-02T19:09:44.783" intervalms="122.719">
  <response-info timems="0.010" idlems="0.010" threads="0" lastid="0000000001902700" lastname="main" />
</exclusive-start>
<af-start id="87" threadId="0000000001903088" totalBytesRequested="88" timestamp="2019-07-02T19:09:44.783" intervalms="122.704" />
<cycle-start id="88" type="global" contextid="0" timestamp="2019-07-02T19:09:44.783" intervalms="122.702" />
  <attribute name="GC Util" value="48" />
  <attribute name="CPU Util" value="18486934667310" />
  <attribute name="Time Running"value="5123"/>
  <attribute name="Number of cores"value="4"/>
<gc-start id="89" type="global" contextid="88" timestamp="2019-07-02T19:09:44.783">
  <mem-info id="90" free="502784" total="8388608" percent="5">
    <mem type="tenure" free="502784" total="8388608" percent="5">
      <mem type="soa" free="0" total="7885824" percent="0" />
      <mem type="loa" free="502784" total="502784" percent="100" />
    </mem>
  </mem-info>
</gc-start>
<allocation-stats totalBytes="4713224" >
  <allocated-bytes non-tlh="1287240" tlh="3425984" />
  <largest-consumer threadName="main" threadId="0000000001902700" bytes="4700936" />
</allocation-stats>
<gc-op id="91" type="mark" timems="5.068" contextid="88" timestamp="2019-07-02T19:09:44.788">
  <trace-info objectcount="60396" scancount="49808" scanbytes="1729100" />
  <finalization candidates="80" enqueued="0" />
  <ownableSynchronizers candidates="21" cleared="0" />
  <references type="soft" candidates="1022" cleared="0" enqueued="0" dynamicThreshold="19" maxThreshold="32" />
  <references type="weak" candidates="3056" cleared="3" enqueued="3" />
  <references type="phantom" candidates="101" cleared="0" enqueued="0" />
  <stringconstants candidates="6886" cleared="0"  />
</gc-op>
<gc-op id="92" type="sweep" timems="0.683" contextid="88" timestamp="2019-07-02T19:09:44.789" />
<gc-end id="93" type="global" contextid="88" durationms="6.114" usertimems="8.000" systemtimems="0.000" timestamp="2019-07-02T19:09:44.789" activeThreads="4">
  <mem-info id="94" free="4265832" total="8388608" percent="50">
    <mem type="tenure" free="4265832" total="8388608" percent="50" micro-fragmented="37076" macro-fragmented="0">
      <mem type="soa" free="3763048" total="7885824" percent="47" />
      <mem type="loa" free="502784" total="502784" percent="100" />
    </mem>
    <pending-finalizers system="0" default="0" reference="3" classloader="0" />
  </mem-info>
</gc-end>
<cycle-end id="95" type="global" contextid="88" timestamp="2019-07-02T19:09:44.789">
  <attribute name="GC Util" value="94" />
  <attribute name="CPU Util" value="3572407483728" />
  <attribute name="Time Running"value="5246"/>
  <attribute name="Number of cores"value="4"/>
</cycle-end>
<allocation-satisfied id="96" threadId="0000000001902700" bytesRequested="88" />
<af-end id="97" timestamp="2019-07-02T19:09:44.790" threadId="0000000001903088" success="true" />
<exclusive-end id="98" timestamp="2019-07-02T19:09:44.790" durationms="6.737" />

<exclusive-start id="99" timestamp="2019-07-02T19:09:44.872" intervalms="89.370">
  <response-info timems="0.018" idlems="0.018" threads="0" lastid="0000000001902700" lastname="main" />
</exclusive-start>
<af-start id="100" threadId="0000000001903088" totalBytesRequested="88" timestamp="2019-07-02T19:09:44.872" intervalms="89.369" />
<cycle-start id="101" type="global" contextid="0" timestamp="2019-07-02T19:09:44.872" intervalms="89.370" />
  <attribute name="GC Util" value="94" />
  <attribute name="CPU Util" value="3572407483728" />
  <attribute name="Time Running"value="5246"/>
  <attribute name="Number of cores"value="4"/>
<gc-start id="102" type="global" contextid="101" timestamp="2019-07-02T19:09:44.872">
  <mem-info id="103" free="502784" total="8388608" percent="5">
    <mem type="tenure" free="502784" total="8388608" percent="5">
      <mem type="soa" free="0" total="7885824" percent="0" />
      <mem type="loa" free="502784" total="502784" percent="100" />
    </mem>
  </mem-info>
</gc-start>
<allocation-stats totalBytes="3730240" >
  <allocated-bytes non-tlh="717064" tlh="3013176" />
  <largest-consumer threadName="main" threadId="0000000001902700" bytes="3730240" />
</allocation-stats>
<gc-op id="104" type="mark" timems="5.601" contextid="101" timestamp="2019-07-02T19:09:44.878">
  <trace-info objectcount="63656" scancount="52594" scanbytes="1833876" />
  <finalization candidates="80" enqueued="0" />
  <ownableSynchronizers candidates="21" cleared="0" />
  <references type="soft" candidates="1022" cleared="0" enqueued="0" dynamicThreshold="16" maxThreshold="32" />
  <references type="weak" candidates="3411" cleared="0" enqueued="0" />
  <references type="phantom" candidates="101" cleared="0" enqueued="0" />
  <stringconstants candidates="7226" cleared="0"  />
</gc-op>
<gc-op id="105" type="sweep" timems="0.660" contextid="101" timestamp="2019-07-02T19:09:44.879" />
<gc-end id="106" type="global" contextid="101" durationms="6.538" usertimems="8.000" systemtimems="0.000" timestamp="2019-07-02T19:09:44.879" activeThreads="4">
  <mem-info id="107" free="4071240" total="8388608" percent="48">
    <mem type="tenure" free="4071240" total="8388608" percent="48" micro-fragmented="38621" macro-fragmented="0">
      <mem type="soa" free="3568456" total="7885824" percent="45" />
      <mem type="loa" free="502784" total="502784" percent="100" />
    </mem>
  </mem-info>
</gc-end>
<cycle-end id="108" type="global" contextid="101" timestamp="2019-07-02T19:09:44.879">
  <attribute name="GC Util" value="95" />
  <attribute name="CPU Util" value="3266214628172" />
  <attribute name="Time Running"value="5336"/>
  <attribute name="Number of cores"value="4"/>
</cycle-end>
<allocation-satisfied id="109" threadId="0000000001902700" bytesRequested="88" />
<af-end id="110" timestamp="2019-07-02T19:09:44.879" threadId="0000000001903088" success="true" />
<exclusive-end id="111" timestamp="2019-07-02T19:09:44.879" durationms="7.189" />

<exclusive-start id="112" timestamp="2019-07-02T19:09:44.930" intervalms="57.642">
  <response-info timems="0.055" idlems="0.055" threads="0" lastid="0000000001902700" lastname="main" />
</exclusive-start>
<af-start id="113" threadId="0000000001903088" totalBytesRequested="32" timestamp="2019-07-02T19:09:44.930" intervalms="57.700" />
<cycle-start id="114" type="global" contextid="0" timestamp="2019-07-02T19:09:44.930" intervalms="57.759" />
  <attribute name="GC Util" value="95" />
  <attribute name="CPU Util" value="3266214628172" />
  <attribute name="Time Running"value="5336"/>
  <attribute name="Number of cores"value="4"/>
<gc-start id="115" type="global" contextid="114" timestamp="2019-07-02T19:09:44.930">
  <mem-info id="116" free="502784" total="8388608" percent="5">
    <mem type="tenure" free="502784" total="8388608" percent="5">
      <mem type="soa" free="0" total="7885824" percent="0" />
      <mem type="loa" free="502784" total="502784" percent="100" />
    </mem>
  </mem-info>
</gc-start>
<allocation-stats totalBytes="3539024" >
  <allocated-bytes non-tlh="551888" tlh="2987136" />
  <largest-consumer threadName="main" threadId="0000000001902700" bytes="3539024" />
</allocation-stats>
<gc-op id="117" type="mark" timems="6.250" contextid="114" timestamp="2019-07-02T19:09:44.937">
  <trace-info objectcount="68107" scancount="56491" scanbytes="1978444" />
  <finalization candidates="80" enqueued="0" />
  <ownableSynchronizers candidates="21" cleared="0" />
  <references type="soft" candidates="1022" cleared="0" enqueued="0" dynamicThreshold="15" maxThreshold="32" />
  <references type="weak" candidates="3579" cleared="0" enqueued="0" />
  <references type="phantom" candidates="101" cleared="0" enqueued="0" />
  <stringconstants candidates="7371" cleared="0"  />
</gc-op>
<gc-op id="118" type="sweep" timems="0.676" contextid="114" timestamp="2019-07-02T19:09:44.938" />
<gc-end id="119" type="global" contextid="114" durationms="7.503" usertimems="8.000" systemtimems="0.000" timestamp="2019-07-02T19:09:44.938" activeThreads="4">
  <mem-info id="120" free="3744608" total="8388608" percent="44">
    <mem type="tenure" free="3744608" total="8388608" percent="44" micro-fragmented="198696" macro-fragmented="0">
      <mem type="soa" free="3241824" total="7885824" percent="41" />
      <mem type="loa" free="502784" total="502784" percent="100" />
    </mem>
  </mem-info>
</gc-end>
<cycle-end id="121" type="global" contextid="114" timestamp="2019-07-02T19:09:44.938">
  <attribute name="GC Util" value="91" />
  <attribute name="CPU Util" value="2885302220658" />
  <attribute name="Time Running"value="5394"/>
  <attribute name="Number of cores"value="4"/>
</cycle-end>
<allocation-satisfied id="122" threadId="0000000001902700" bytesRequested="32" />
<af-end id="123" timestamp="2019-07-02T19:09:44.938" threadId="0000000001903088" success="true" />
<exclusive-end id="124" timestamp="2019-07-02T19:09:44.938" durationms="8.472" />

<exclusive-start id="125" timestamp="2019-07-02T19:09:44.974" intervalms="44.569">
  <response-info timems="0.011" idlems="0.011" threads="0" lastid="0000000001902700" lastname="main" />
</exclusive-start>
<af-start id="126" threadId="0000000001903088" totalBytesRequested="23280" timestamp="2019-07-02T19:09:44.975" intervalms="44.492" />
<cycle-start id="127" type="global" contextid="0" timestamp="2019-07-02T19:09:44.975" intervalms="44.419" />
  <attribute name="GC Util" value="91" />
  <attribute name="CPU Util" value="2885302220658" />
  <attribute name="Time Running"value="5394"/>
  <attribute name="Number of cores"value="4"/>
<gc-start id="128" type="global" contextid="127" timestamp="2019-07-02T19:09:44.975">
  <mem-info id="129" free="1520936" total="8388608" percent="18">
    <mem type="tenure" free="1520936" total="8388608" percent="18">
      <mem type="soa" free="1018152" total="7885824" percent="12" />
      <mem type="loa" free="502784" total="502784" percent="100" />
    </mem>
  </mem-info>
</gc-start>
<allocation-stats totalBytes="2179008" >
  <allocated-bytes non-tlh="468832" tlh="1710176" />
  <largest-consumer threadName="main" threadId="0000000001902700" bytes="2179008" />
</allocation-stats>
<gc-op id="130" type="mark" timems="4.295" contextid="127" timestamp="2019-07-02T19:09:44.979">
  <trace-info objectcount="70914" scancount="58952" scanbytes="2070860" />
  <finalization candidates="80" enqueued="0" />
  <ownableSynchronizers candidates="21" cleared="0" />
  <references type="soft" candidates="1022" cleared="0" enqueued="0" dynamicThreshold="14" maxThreshold="32" />
  <references type="weak" candidates="3719" cleared="0" enqueued="0" />
  <references type="phantom" candidates="101" cleared="0" enqueued="0" />
  <stringconstants candidates="7478" cleared="0"  />
</gc-op>
<gc-op id="131" type="sweep" timems="0.677" contextid="127" timestamp="2019-07-02T19:09:44.980" />
<gc-end id="132" type="global" contextid="127" durationms="5.345" usertimems="8.000" systemtimems="0.000" timestamp="2019-07-02T19:09:44.980" activeThreads="4">
  <mem-info id="133" free="3500752" total="8388608" percent="41">
    <mem type="tenure" free="3500752" total="8388608" percent="41" micro-fragmented="312397" macro-fragmented="0">
      <mem type="soa" free="2997968" total="7885824" percent="38" />
      <mem type="loa" free="502784" total="502784" percent="100" />
    </mem>
  </mem-info>
</gc-end>
<cycle-end id="134" type="global" contextid="127" timestamp="2019-07-02T19:09:44.980">
  <attribute name="GC Util" value="88" />
  <attribute name="CPU Util" value="4174383828353" />
  <attribute name="Time Running"value="5436"/>
  <attribute name="Number of cores"value="4"/>
</cycle-end>
<allocation-satisfied id="135" threadId="0000000001902700" bytesRequested="23280" />
<af-end id="136" timestamp="2019-07-02T19:09:44.980" threadId="0000000001903088" success="true" />
<exclusive-end id="137" timestamp="2019-07-02T19:09:44.980" durationms="5.973" />

<exclusive-start id="138" timestamp="2019-07-02T19:09:45.009" intervalms="34.664">
  <response-info timems="0.039" idlems="0.039" threads="0" lastid="0000000001902700" lastname="main" />
</exclusive-start>
<af-start id="139" threadId="0000000001903088" totalBytesRequested="56936" timestamp="2019-07-02T19:09:45.009" intervalms="34.670" />
<cycle-start id="140" type="global" contextid="0" timestamp="2019-07-02T19:09:45.009" intervalms="34.673" />
  <attribute name="GC Util" value="88" />
  <attribute name="CPU Util" value="4174383828353" />
  <attribute name="Time Running"value="5436"/>
  <attribute name="Number of cores"value="4"/>
<gc-start id="141" type="global" contextid="140" timestamp="2019-07-02T19:09:45.009">
  <mem-info id="142" free="1160560" total="8388608" percent="13">
    <mem type="tenure" free="1160560" total="8388608" percent="13">
      <mem type="soa" free="657776" total="7885824" percent="8" />
      <mem type="loa" free="502784" total="502784" percent="100" />
    </mem>
  </mem-info>
</gc-start>
<allocation-stats totalBytes="2317552" >
  <allocated-bytes non-tlh="568448" tlh="1749104" />
  <largest-consumer threadName="main" threadId="0000000001902700" bytes="2317552" />
</allocation-stats>
<gc-op id="143" type="mark" timems="4.130" contextid="140" timestamp="2019-07-02T19:09:45.014">
  <trace-info objectcount="71347" scancount="59521" scanbytes="2039328" />
  <finalization candidates="80" enqueued="0" />
  <ownableSynchronizers candidates="21" cleared="0" />
  <references type="soft" candidates="1024" cleared="0" enqueued="0" dynamicThreshold="13" maxThreshold="32" />
  <references type="weak" candidates="3763" cleared="2" enqueued="2" />
  <references type="phantom" candidates="100" cleared="0" enqueued="0" />
  <stringconstants candidates="7576" cleared="0"  />
</gc-op>
<gc-op id="144" type="sweep" timems="0.341" contextid="140" timestamp="2019-07-02T19:09:45.014" />
<heap-resize id="145" type="expand" space="tenure" amount="1441792" count="1" timems="0.030" reason="excessive time being spent in gc" timestamp="2019-07-02T19:09:45.014" />
<gc-end id="146" type="global" contextid="140" durationms="4.996" usertimems="4.000" systemtimems="4.000" timestamp="2019-07-02T19:09:45.014" activeThreads="4">
  <mem-info id="147" free="4993296" total="9830400" percent="50">
    <mem type="tenure" free="4993296" total="9830400" percent="50" micro-fragmented="395395" macro-fragmented="0">
      <mem type="soa" free="4403472" total="9240576" percent="47" />
      <mem type="loa" free="589824" total="589824" percent="100" />
    </mem>
    <pending-finalizers system="0" default="0" reference="2" classloader="0" />
  </mem-info>
</gc-end>
<cycle-end id="148" type="global" contextid="140" timestamp="2019-07-02T19:09:45.014">
  <attribute name="GC Util" value="92" />
  <attribute name="CPU Util" value="4360945805678" />
  <attribute name="Time Running"value="5471"/>
  <attribute name="Number of cores"value="4"/>
</cycle-end>
<allocation-satisfied id="149" threadId="0000000001902700" bytesRequested="56936" />
<af-end id="150" timestamp="2019-07-02T19:09:45.015" threadId="0000000001903088" success="true" />
<exclusive-end id="151" timestamp="2019-07-02T19:09:45.015" durationms="5.705" />

<exclusive-start id="152" timestamp="2019-07-02T19:09:45.067" intervalms="58.343">
  <response-info timems="0.024" idlems="0.024" threads="0" lastid="0000000001902700" lastname="main" />
</exclusive-start>
<af-start id="153" threadId="0000000001903088" totalBytesRequested="8200" timestamp="2019-07-02T19:09:45.068" intervalms="58.430" />
<cycle-start id="154" type="global" contextid="0" timestamp="2019-07-02T19:09:45.068" intervalms="58.515" />
  <attribute name="GC Util" value="92" />
  <attribute name="CPU Util" value="4360945805678" />
  <attribute name="Time Running"value="5471"/>
  <attribute name="Number of cores"value="4"/>
<gc-start id="155" type="global" contextid="154" timestamp="2019-07-02T19:09:45.068">
  <mem-info id="156" free="589824" total="9830400" percent="6">
    <mem type="tenure" free="589824" total="9830400" percent="6">
      <mem type="soa" free="0" total="9240576" percent="0" />
      <mem type="loa" free="589824" total="589824" percent="100" />
    </mem>
  </mem-info>
</gc-start>
<allocation-stats totalBytes="4347800" >
  <allocated-bytes non-tlh="856928" tlh="3490872" />
  <largest-consumer threadName="main" threadId="0000000001902700" bytes="4347800" />
</allocation-stats>
<gc-op id="157" type="mark" timems="3.650" contextid="154" timestamp="2019-07-02T19:09:45.072">
  <trace-info objectcount="62512" scancount="51290" scanbytes="1724392" />
  <finalization candidates="80" enqueued="0" />
  <ownableSynchronizers candidates="21" cleared="0" />
  <references type="soft" candidates="1095" cleared="0" enqueued="0" dynamicThreshold="16" maxThreshold="32" />
  <references type="weak" candidates="3786" cleared="4" enqueued="4" />
  <references type="phantom" candidates="101" cleared="0" enqueued="0" />
  <stringconstants candidates="7772" cleared="12"  />
</gc-op>
<gc-op id="158" type="sweep" timems="0.882" contextid="154" timestamp="2019-07-02T19:09:45.073" />
<heap-resize id="159" type="expand" space="tenure" amount="1048576" count="1" timems="0.026" reason="excessive time being spent in gc" timestamp="2019-07-02T19:09:45.073" />
<gc-end id="160" type="global" contextid="154" durationms="5.194" usertimems="8.000" systemtimems="0.000" timestamp="2019-07-02T19:09:45.073" activeThreads="4">
  <mem-info id="161" free="6584808" total="10878976" percent="60">
    <mem type="tenure" free="6584808" total="10878976" percent="60" micro-fragmented="114634" macro-fragmented="0">
      <mem type="soa" free="5932520" total="10226688" percent="58" />
      <mem type="loa" free="652288" total="652288" percent="100" />
    </mem>
    <pending-finalizers system="0" default="0" reference="4" classloader="0" />
  </mem-info>
</gc-end>
<cycle-end id="162" type="global" contextid="154" timestamp="2019-07-02T19:09:45.073">
  <attribute name="GC Util" value="89" />
  <attribute name="CPU Util" value="4914254189847" />
  <attribute name="Time Running"value="5529"/>
  <attribute name="Number of cores"value="4"/>
</cycle-end>
<allocation-satisfied id="163" threadId="0000000001902700" bytesRequested="8200" />
<af-end id="164" timestamp="2019-07-02T19:09:45.073" threadId="0000000001903088" success="true" />
<exclusive-end id="165" timestamp="2019-07-02T19:09:45.074" durationms="6.098" />

<exclusive-start id="166" timestamp="2019-07-02T19:09:45.141" intervalms="73.223">
  <response-info timems="0.024" idlems="0.024" threads="0" lastid="0000000001902700" lastname="main" />
</exclusive-start>
<af-start id="167" threadId="0000000001903088" totalBytesRequested="24" timestamp="2019-07-02T19:09:45.141" intervalms="73.242" />
<cycle-start id="168" type="global" contextid="0" timestamp="2019-07-02T19:09:45.141" intervalms="73.234" />
  <attribute name="GC Util" value="89" />
  <attribute name="CPU Util" value="4914254189847" />
  <attribute name="Time Running"value="5529"/>
  <attribute name="Number of cores"value="4"/>
<gc-start id="169" type="global" contextid="168" timestamp="2019-07-02T19:09:45.141">
  <mem-info id="170" free="652288" total="10878976" percent="5">
    <mem type="tenure" free="652288" total="10878976" percent="5">
      <mem type="soa" free="0" total="10226688" percent="0" />
      <mem type="loa" free="652288" total="652288" percent="100" />
    </mem>
  </mem-info>
</gc-start>
<allocation-stats totalBytes="5911864" >
  <allocated-bytes non-tlh="385696" tlh="5526168" />
  <largest-consumer threadName="main" threadId="0000000001902700" bytes="5908480" />
</allocation-stats>
<gc-op id="171" type="mark" timems="4.853" contextid="168" timestamp="2019-07-02T19:09:45.146">
  <trace-info objectcount="75564" scancount="63102" scanbytes="2247824" />
  <finalization candidates="80" enqueued="0" />
  <ownableSynchronizers candidates="21" cleared="0" />
  <references type="soft" candidates="1097" cleared="0" enqueued="0" dynamicThreshold="19" maxThreshold="32" />
  <references type="weak" candidates="3863" cleared="4" enqueued="4" />
  <references type="phantom" candidates="101" cleared="0" enqueued="0" />
  <stringconstants candidates="7829" cleared="0"  />
</gc-op>
<gc-op id="172" type="sweep" timems="0.716" contextid="168" timestamp="2019-07-02T19:09:45.147" />
<gc-end id="173" type="global" contextid="168" durationms="6.121" usertimems="8.000" systemtimems="0.000" timestamp="2019-07-02T19:09:45.147" activeThreads="4">
  <mem-info id="174" free="5650592" total="10878976" percent="51">
    <mem type="tenure" free="5650592" total="10878976" percent="51" micro-fragmented="349235" macro-fragmented="0">
      <mem type="soa" free="4998304" total="10226688" percent="48" />
      <mem type="loa" free="652288" total="652288" percent="100" />
    </mem>
    <pending-finalizers system="0" default="0" reference="4" classloader="0" />
  </mem-info>
</gc-end>
<cycle-end id="175" type="global" contextid="168" timestamp="2019-07-02T19:09:45.147">
  <attribute name="GC Util" value="87" />
  <attribute name="CPU Util" value="3727651927454" />
  <attribute name="Time Running"value="5604"/>
  <attribute name="Number of cores"value="4"/>
</cycle-end>
<allocation-satisfied id="176" threadId="0000000001902700" bytesRequested="24" />
<af-end id="177" timestamp="2019-07-02T19:09:45.148" threadId="0000000001903088" success="true" />
<exclusive-end id="178" timestamp="2019-07-02T19:09:45.148" durationms="7.159" />

<exclusive-start id="179" timestamp="2019-07-02T19:09:45.184" intervalms="43.435">
  <response-info timems="0.028" idlems="0.028" threads="0" lastid="0000000001902700" lastname="main" />
</exclusive-start>
<af-start id="180" threadId="0000000001903088" totalBytesRequested="56" timestamp="2019-07-02T19:09:45.184" intervalms="43.408" />
<cycle-start id="181" type="global" contextid="0" timestamp="2019-07-02T19:09:45.184" intervalms="43.391" />
  <attribute name="GC Util" value="87" />
  <attribute name="CPU Util" value="3727651927454" />
  <attribute name="Time Running"value="5604"/>
  <attribute name="Number of cores"value="4"/>
<gc-start id="182" type="global" contextid="181" timestamp="2019-07-02T19:09:45.185">
  <mem-info id="183" free="652288" total="10878976" percent="5">
    <mem type="tenure" free="652288" total="10878976" percent="5">
      <mem type="soa" free="0" total="10226688" percent="0" />
      <mem type="loa" free="652288" total="652288" percent="100" />
    </mem>
  </mem-info>
</gc-start>
<allocation-stats totalBytes="4970832" >
  <allocated-bytes non-tlh="71280" tlh="4899552" />
  <largest-consumer threadName="main" threadId="0000000001902700" bytes="4970832" />
</allocation-stats>
<gc-op id="184" type="mark" timems="6.295" contextid="181" timestamp="2019-07-02T19:09:45.191">
  <trace-info objectcount="81927" scancount="68665" scanbytes="2407220" />
  <finalization candidates="80" enqueued="0" />
  <ownableSynchronizers candidates="21" cleared="0" />
  <references type="soft" candidates="1097" cleared="0" enqueued="0" dynamicThreshold="16" maxThreshold="32" />
  <references type="weak" candidates="3875" cleared="0" enqueued="0" />
  <references type="phantom" candidates="100" cleared="0" enqueued="0" />
  <stringconstants candidates="7845" cleared="0"  />
</gc-op>
<gc-op id="185" type="sweep" timems="1.226" contextid="181" timestamp="2019-07-02T19:09:45.192" />
<gc-end id="186" type="global" contextid="181" durationms="7.974" usertimems="8.000" systemtimems="0.000" timestamp="2019-07-02T19:09:45.192" activeThreads="4">
  <mem-info id="187" free="5167896" total="10878976" percent="47">
    <mem type="tenure" free="5167896" total="10878976" percent="47" micro-fragmented="608312" macro-fragmented="0">
      <mem type="soa" free="4515608" total="10226688" percent="44" />
      <mem type="loa" free="652288" total="652288" percent="100" />
    </mem>
  </mem-info>
</gc-end>
<cycle-end id="188" type="global" contextid="181" timestamp="2019-07-02T19:09:45.193">
  <attribute name="GC Util" value="114" />
  <attribute name="CPU Util" value="2886134652951" />
  <attribute name="Time Running"value="5648"/>
  <attribute name="Number of cores"value="4"/>
</cycle-end>
<allocation-satisfied id="189" threadId="0000000001902700" bytesRequested="56" />
<af-end id="190" timestamp="2019-07-02T19:09:45.193" threadId="0000000001903088" success="true" />
<exclusive-end id="191" timestamp="2019-07-02T19:09:45.193" durationms="8.639" />

<exclusive-start id="192" timestamp="2019-07-02T19:09:45.207" intervalms="22.578">
  <response-info timems="0.105" idlems="0.105" threads="0" lastid="0000000001902700" lastname="main" />
</exclusive-start>
<af-start id="193" threadId="0000000001903088" totalBytesRequested="47576" timestamp="2019-07-02T19:09:45.207" intervalms="22.485" />
<cycle-start id="194" type="global" contextid="0" timestamp="2019-07-02T19:09:45.207" intervalms="22.454" />
  <attribute name="GC Util" value="114" />
  <attribute name="CPU Util" value="2886134652951" />
  <attribute name="Time Running"value="5648"/>
  <attribute name="Number of cores"value="4"/>
<gc-start id="195" type="global" contextid="194" timestamp="2019-07-02T19:09:45.207">
  <mem-info id="196" free="3637232" total="10878976" percent="33">
    <mem type="tenure" free="3637232" total="10878976" percent="33">
      <mem type="soa" free="2984944" total="10226688" percent="29" />
      <mem type="loa" free="652288" total="652288" percent="100" />
    </mem>
  </mem-info>
</gc-start>
<allocation-stats totalBytes="1495728" >
  <allocated-bytes non-tlh="212432" tlh="1283296" />
  <largest-consumer threadName="main" threadId="0000000001902700" bytes="1495728" />
</allocation-stats>
<gc-op id="197" type="mark" timems="3.962" contextid="194" timestamp="2019-07-02T19:09:45.211">
  <trace-info objectcount="62989" scancount="51702" scanbytes="1739968" />
  <finalization candidates="80" enqueued="0" />
  <ownableSynchronizers candidates="21" cleared="0" />
  <references type="soft" candidates="1097" cleared="0" enqueued="0" dynamicThreshold="15" maxThreshold="32" />
  <references type="weak" candidates="3875" cleared="1" enqueued="1" />
  <references type="phantom" candidates="100" cleared="0" enqueued="0" />
  <stringconstants candidates="7845" cleared="12"  />
</gc-op>
<gc-op id="198" type="sweep" timems="1.347" contextid="194" timestamp="2019-07-02T19:09:45.213" />
<heap-resize id="199" type="contract" space="tenure" amount="393216" count="1" timems="0.076" reason="excess free space following gc" timestamp="2019-07-02T19:09:45.213" />
<gc-end id="200" type="global" contextid="194" durationms="5.850" usertimems="8.000" systemtimems="0.000" timestamp="2019-07-02T19:09:45.213" activeThreads="4">
  <mem-info id="201" free="6398600" total="10485760" percent="61">
    <mem type="tenure" free="6398600" total="10485760" percent="61" micro-fragmented="90993" macro-fragmented="0">
      <mem type="soa" free="5769864" total="9857024" percent="58" />
      <mem type="loa" free="628736" total="628736" percent="100" />
    </mem>
    <pending-finalizers system="0" default="0" reference="1" classloader="0" />
  </mem-info>
</gc-end>
<cycle-end id="202" type="global" contextid="194" timestamp="2019-07-02T19:09:45.213">
  <attribute name="GC Util" value="161" />
  <attribute name="CPU Util" value="4548641839871" />
  <attribute name="Time Running"value="5668"/>
  <attribute name="Number of cores"value="4"/>
</cycle-end>
<allocation-satisfied id="203" threadId="0000000001902700" bytesRequested="47576" />
<af-end id="204" timestamp="2019-07-02T19:09:45.213" threadId="0000000001903088" success="true" />
<exclusive-end id="205" timestamp="2019-07-02T19:09:45.213" durationms="6.355" />

<exclusive-start id="206" timestamp="2019-07-02T19:09:45.274" intervalms="66.894">
  <response-info timems="0.011" idlems="0.011" threads="0" lastid="0000000001902700" lastname="main" />
</exclusive-start>
<af-start id="207" threadId="0000000001903088" totalBytesRequested="88" timestamp="2019-07-02T19:09:45.274" intervalms="66.919" />
<cycle-start id="208" type="global" contextid="0" timestamp="2019-07-02T19:09:45.274" intervalms="66.918" />
  <attribute name="GC Util" value="161" />
  <attribute name="CPU Util" value="4548641839871" />
  <attribute name="Time Running"value="5668"/>
  <attribute name="Number of cores"value="4"/>
<gc-start id="209" type="global" contextid="208" timestamp="2019-07-02T19:09:45.274">
  <mem-info id="210" free="628736" total="10485760" percent="5">
    <mem type="tenure" free="628736" total="10485760" percent="5">
      <mem type="soa" free="0" total="9857024" percent="0" />
      <mem type="loa" free="628736" total="628736" percent="100" />
    </mem>
  </mem-info>
</gc-start>
<allocation-stats totalBytes="5775912" >
  <allocated-bytes non-tlh="814352" tlh="4961560" />
  <largest-consumer threadName="main" threadId="0000000001902700" bytes="5775112" />
</allocation-stats>
<gc-op id="211" type="mark" timems="6.622" contextid="208" timestamp="2019-07-02T19:09:45.281">
  <trace-info objectcount="78686" scancount="65770" scanbytes="2309644" />
  <finalization candidates="80" enqueued="0" />
  <ownableSynchronizers candidates="21" cleared="0" />
  <references type="soft" candidates="1321" cleared="0" enqueued="0" dynamicThreshold="19" maxThreshold="32" />
  <references type="weak" candidates="4269" cleared="8" enqueued="7" />
  <references type="phantom" candidates="101" cleared="0" enqueued="0" />
  <stringconstants candidates="8291" cleared="0"  />
</gc-op>
<gc-op id="212" type="classunload" timems="0.003" contextid="208" timestamp="2019-07-02T19:09:45.281">
  <classunload-info classloadercandidates="14" classloadersunloaded="0" classesunloaded="0" anonymousclassesunloaded="0" quiescems="0.000" setupms="0.002" scanms="0.001" postms="0.000" />
</gc-op>
<gc-op id="213" type="sweep" timems="1.390" contextid="208" timestamp="2019-07-02T19:09:45.282" />
<heap-resize id="214" type="expand" space="tenure" amount="1835008" count="1" timems="0.037" reason="excessive time being spent in gc" timestamp="2019-07-02T19:09:45.282" />
<gc-end id="215" type="global" contextid="208" durationms="8.514" usertimems="12.000" systemtimems="0.000" timestamp="2019-07-02T19:09:45.282" activeThreads="4">
  <mem-info id="216" free="6899320" total="12320768" percent="55">
    <mem type="tenure" free="6899320" total="12320768" percent="55" micro-fragmented="401517" macro-fragmented="0">
      <mem type="soa" free="6161016" total="11582464" percent="53" />
      <mem type="loa" free="738304" total="738304" percent="100" />
    </mem>
    <pending-finalizers system="0" default="0" reference="7" classloader="0" />
  </mem-info>
</gc-end>
<cycle-end id="217" type="global" contextid="208" timestamp="2019-07-02T19:09:45.282">
  <attribute name="GC Util" value="149" />
  <attribute name="CPU Util" value="2726497223633" />
  <attribute name="Time Running"value="5738"/>
  <attribute name="Number of cores"value="4"/>
</cycle-end>
<allocation-satisfied id="218" threadId="0000000001902700" bytesRequested="88" />
<af-end id="219" timestamp="2019-07-02T19:09:45.283" threadId="0000000001903088" success="true" />
<exclusive-end id="220" timestamp="2019-07-02T19:09:45.283" durationms="9.145" />

<exclusive-start id="221" timestamp="2019-07-02T19:09:45.402" intervalms="128.841">
  <response-info timems="0.029" idlems="0.029" threads="0" lastid="0000000001902700" lastname="main" />
</exclusive-start>
<af-start id="222" threadId="0000000001903088" totalBytesRequested="88" timestamp="2019-07-02T19:09:45.403" intervalms="128.859" />
<cycle-start id="223" type="global" contextid="0" timestamp="2019-07-02T19:09:45.403" intervalms="128.897" />
  <attribute name="GC Util" value="149" />
  <attribute name="CPU Util" value="2726497223633" />
  <attribute name="Time Running"value="5738"/>
  <attribute name="Number of cores"value="4"/>
<gc-start id="224" type="global" contextid="223" timestamp="2019-07-02T19:09:45.403">
  <mem-info id="225" free="738304" total="12320768" percent="5">
    <mem type="tenure" free="738304" total="12320768" percent="5">
      <mem type="soa" free="0" total="11582464" percent="0" />
      <mem type="loa" free="738304" total="738304" percent="100" />
    </mem>
  </mem-info>
</gc-start>
<allocation-stats totalBytes="6128464" >
  <allocated-bytes non-tlh="538280" tlh="5590184" />
  <largest-consumer threadName="main" threadId="0000000001902700" bytes="6128464" />
</allocation-stats>
<gc-op id="226" type="mark" timems="5.851" contextid="223" timestamp="2019-07-02T19:09:45.409">
  <trace-info objectcount="69592" scancount="57626" scanbytes="1937228" />
  <finalization candidates="80" enqueued="0" />
  <ownableSynchronizers candidates="21" cleared="0" />
  <references type="soft" candidates="1323" cleared="0" enqueued="0" dynamicThreshold="17" maxThreshold="32" />
  <references type="weak" candidates="4283" cleared="1" enqueued="1" />
  <references type="phantom" candidates="100" cleared="0" enqueued="0" />
  <stringconstants candidates="8455" cleared="12"  />
</gc-op>
<gc-op id="227" type="sweep" timems="1.573" contextid="223" timestamp="2019-07-02T19:09:45.410" />
<gc-end id="228" type="global" contextid="223" durationms="7.911" usertimems="16.000" systemtimems="0.000" timestamp="2019-07-02T19:09:45.411" activeThreads="4">
  <mem-info id="229" free="7929000" total="12320768" percent="64">
    <mem type="tenure" free="7929000" total="12320768" percent="64" micro-fragmented="245783" macro-fragmented="0">
      <mem type="soa" free="7190696" total="11582464" percent="62" />
      <mem type="loa" free="738304" total="738304" percent="100" />
    </mem>
    <pending-finalizers system="0" default="0" reference="1" classloader="0" />
  </mem-info>
</gc-end>
<cycle-end id="230" type="global" contextid="223" timestamp="2019-07-02T19:09:45.411">
  <attribute name="GC Util" value="163" />
  <attribute name="CPU Util" value="3082384723048" />
  <attribute name="Time Running"value="5866"/>
  <attribute name="Number of cores"value="4"/>
</cycle-end>
<allocation-satisfied id="231" threadId="0000000001902700" bytesRequested="88" />
<af-end id="232" timestamp="2019-07-02T19:09:45.411" threadId="0000000001903088" success="true" />
<exclusive-end id="233" timestamp="2019-07-02T19:09:45.411" durationms="8.923" />

<exclusive-start id="234" timestamp="2019-07-02T19:09:45.465" intervalms="62.104">
  <response-info timems="0.020" idlems="0.020" threads="0" lastid="0000000001902700" lastname="main" />
</exclusive-start>
<sys-start reason="explicit" id="235" timestamp="2019-07-02T19:09:45.465" intervalms="6021.490" />
<cycle-start id="236" type="global" contextid="0" timestamp="2019-07-02T19:09:45.465" intervalms="62.037" />
  <attribute name="GC Util" value="163" />
  <attribute name="CPU Util" value="3082384723048" />
  <attribute name="Time Running"value="5866"/>
  <attribute name="Number of cores"value="4"/>
<gc-start id="237" type="global" contextid="236" timestamp="2019-07-02T19:09:45.465">
  <mem-info id="238" free="6263744" total="12320768" percent="50">
    <mem type="tenure" free="6263744" total="12320768" percent="50">
      <mem type="soa" free="5525440" total="11582464" percent="47" />
      <mem type="loa" free="738304" total="738304" percent="100" />
    </mem>
  </mem-info>
</gc-start>
<allocation-stats totalBytes="1643240" >
  <allocated-bytes non-tlh="345216" tlh="1298024" />
  <largest-consumer threadName="main" threadId="0000000001902700" bytes="1641224" />
</allocation-stats>
<gc-op id="239" type="mark" timems="6.708" contextid="236" timestamp="2019-07-02T19:09:45.472">
  <trace-info objectcount="74380" scancount="62142" scanbytes="2098712" />
  <finalization candidates="80" enqueued="0" />
  <ownableSynchronizers candidates="21" cleared="0" />
  <references type="soft" candidates="1642" cleared="0" enqueued="0" dynamicThreshold="20" maxThreshold="32" />
  <references type="weak" candidates="4541" cleared="32" enqueued="30" />
  <references type="phantom" candidates="102" cleared="2" enqueued="2" />
  <stringconstants candidates="8663" cleared="15"  />
</gc-op>
<gc-op id="240" type="classunload" timems="0.508" contextid="236" timestamp="2019-07-02T19:09:45.472">
  <classunload-info classloadercandidates="17" classloadersunloaded="1" classesunloaded="1" anonymousclassesunloaded="0" quiescems="0.000" setupms="0.500" scanms="0.006" postms="0.002" />
</gc-op>
<gc-op id="241" type="sweep" timems="1.420" contextid="236" timestamp="2019-07-02T19:09:45.474" />
<mem-info id="242" free="7626376" total="12320768" percent="61">
  <mem type="tenure" free="7626376" total="12320768" percent="61" micro-fragmented="456891" macro-fragmented="0">
    <mem type="soa" free="6888072" total="11582464" percent="59" />
    <mem type="loa" free="738304" total="738304" percent="100" />
  </mem>
  <pending-finalizers system="0" default="0" reference="32" classloader="0" />
</mem-info>
<gc-op id="243" type="compact" timems="22.454" contextid="236" timestamp="2019-07-02T19:09:45.497">
  <compact-info movecount="72561" movebytes="4132704" reason="compact on aggressive collection" />
</gc-op>
<gc-end id="244" type="global" contextid="236" durationms="31.962" usertimems="40.000" systemtimems="0.000" timestamp="2019-07-02T19:09:45.497" activeThreads="4">
  <mem-info id="245" free="8072520" total="12320768" percent="65">
    <mem type="tenure" free="8072520" total="12320768" percent="65">
      <mem type="soa" free="7334216" total="11582464" percent="63" />
      <mem type="loa" free="738304" total="738304" percent="100" />
    </mem>
    <pending-finalizers system="0" default="0" reference="32" classloader="0" />
  </mem-info>
</gc-end>
<cycle-end id="246" type="global" contextid="236" timestamp="2019-07-02T19:09:45.497">
  <attribute name="GC Util" value="97" />
  <attribute name="CPU Util" value="11191816736765" />
  <attribute name="Time Running"value="5931"/>
  <attribute name="Number of cores"value="4"/>
</cycle-end>
<sys-end id="247" timestamp="2019-07-02T19:09:45.497" />
<exclusive-end id="248" timestamp="2019-07-02T19:09:45.497" durationms="32.692" />

<exclusive-start id="249" timestamp="2019-07-02T19:09:45.671" intervalms="206.064">
  <response-info timems="0.057" idlems="0.057" threads="0" lastid="0000000001902700" lastname="main" />
</exclusive-start>
<af-start id="250" threadId="0000000001903088" totalBytesRequested="24" timestamp="2019-07-02T19:09:45.671" intervalms="268.282" />
<cycle-start id="251" type="global" contextid="0" timestamp="2019-07-02T19:09:45.671" intervalms="206.298" />
  <attribute name="GC Util" value="97" />
  <attribute name="CPU Util" value="11191816736765" />
  <attribute name="Time Running"value="5931"/>
  <attribute name="Number of cores"value="4"/>
<gc-start id="252" type="global" contextid="251" timestamp="2019-07-02T19:09:45.671">
  <mem-info id="253" free="738304" total="12320768" percent="5">
    <mem type="tenure" free="738304" total="12320768" percent="5">
      <mem type="soa" free="0" total="11582464" percent="0" />
      <mem type="loa" free="738304" total="738304" percent="100" />
    </mem>
  </mem-info>
</gc-start>
<allocation-stats totalBytes="7333656" >
  <allocated-bytes non-tlh="463896" tlh="6869760" />
  <largest-consumer threadName="main" threadId="0000000001902700" bytes="7329560" />
</allocation-stats>
<gc-op id="254" type="mark" timems="4.510" contextid="251" timestamp="2019-07-02T19:09:45.676">
  <trace-info objectcount="74785" scancount="62529" scanbytes="2146368" />
  <finalization candidates="80" enqueued="0" />
  <ownableSynchronizers candidates="21" cleared="0" />
  <references type="soft" candidates="1674" cleared="0" enqueued="0" dynamicThreshold="20" maxThreshold="32" />
  <references type="weak" candidates="4526" cleared="7" enqueued="7" />
  <references type="phantom" candidates="105" cleared="5" enqueued="5" />
  <stringconstants candidates="8680" cleared="12"  />
</gc-op>
<gc-op id="255" type="sweep" timems="1.441" contextid="251" timestamp="2019-07-02T19:09:45.678" />
<heap-resize id="256" type="contract" space="tenure" amount="655360" count="1" timems="0.085" reason="excess free space following gc" timestamp="2019-07-02T19:09:45.678" />
<gc-end id="257" type="global" contextid="251" durationms="6.835" usertimems="8.000" systemtimems="4.000" timestamp="2019-07-02T19:09:45.678" activeThreads="4">
  <mem-info id="258" free="7334288" total="11665408" percent="62">
    <mem type="tenure" free="7334288" total="11665408" percent="62" micro-fragmented="16976" macro-fragmented="0">
      <mem type="soa" free="6668016" total="10966016" percent="60" />
      <mem type="loa" free="666272" total="699392" percent="95" />
    </mem>
    <pending-finalizers system="0" default="0" reference="12" classloader="0" />
  </mem-info>
</gc-end>
<cycle-end id="259" type="global" contextid="251" timestamp="2019-07-02T19:09:45.678">
  <attribute name="GC Util" value="158" />
  <attribute name="CPU Util" value="3948707839452" />
  <attribute name="Time Running"value="6133"/>
  <attribute name="Number of cores"value="4"/>
</cycle-end>
<allocation-satisfied id="260" threadId="0000000001902700" bytesRequested="24" />
<af-end id="261" timestamp="2019-07-02T19:09:45.678" threadId="0000000001903088" success="true" />
<exclusive-end id="262" timestamp="2019-07-02T19:09:45.679" durationms="7.980" />

<exclusive-start id="263" timestamp="2019-07-02T19:09:45.818" intervalms="147.257">
  <response-info timems="0.092" idlems="0.092" threads="0" lastid="0000000001902700" lastname="main" />
</exclusive-start>
<af-start id="264" threadId="0000000001903088" totalBytesRequested="24" timestamp="2019-07-02T19:09:45.818" intervalms="147.258" />
<cycle-start id="265" type="global" contextid="0" timestamp="2019-07-02T19:09:45.818" intervalms="147.239" />
  <attribute name="GC Util" value="158" />
  <attribute name="CPU Util" value="3948707839452" />
  <attribute name="Time Running"value="6133"/>
  <attribute name="Number of cores"value="4"/>
<gc-start id="266" type="global" contextid="265" timestamp="2019-07-02T19:09:45.818">
  <mem-info id="267" free="666272" total="11665408" percent="5">
    <mem type="tenure" free="666272" total="11665408" percent="5">
      <mem type="soa" free="0" total="10966016" percent="0" />
      <mem type="loa" free="666272" total="699392" percent="95" />
    </mem>
  </mem-info>
</gc-start>
<allocation-stats totalBytes="6675440" >
  <allocated-bytes non-tlh="65568" tlh="6609872" />
  <largest-consumer threadName="main" threadId="0000000001902700" bytes="6671344" />
</allocation-stats>
<gc-op id="268" type="mark" timems="4.158" contextid="265" timestamp="2019-07-02T19:09:45.823">
  <trace-info objectcount="74763" scancount="62509" scanbytes="2145736" />
  <finalization candidates="80" enqueued="0" />
  <ownableSynchronizers candidates="21" cleared="0" />
  <references type="soft" candidates="1674" cleared="0" enqueued="0" dynamicThreshold="20" maxThreshold="32" />
  <references type="weak" candidates="4518" cleared="0" enqueued="0" />
  <references type="phantom" candidates="100" cleared="0" enqueued="0" />
  <stringconstants candidates="8668" cleared="0"  />
</gc-op>
<gc-op id="269" type="sweep" timems="1.357" contextid="265" timestamp="2019-07-02T19:09:45.824" />
<heap-resize id="270" type="contract" space="tenure" amount="524288" count="1" timems="0.092" reason="excess free space following gc" timestamp="2019-07-02T19:09:45.825" />
<gc-end id="271" type="global" contextid="265" durationms="6.449" usertimems="8.000" systemtimems="0.000" timestamp="2019-07-02T19:09:45.825" activeThreads="4">
  <mem-info id="272" free="6811040" total="11141120" percent="61">
    <mem type="tenure" free="6811040" total="11141120" percent="61" micro-fragmented="27769" macro-fragmented="0">
      <mem type="soa" free="6176512" total="10473472" percent="58" />
      <mem type="loa" free="634528" total="667648" percent="95" />
    </mem>
  </mem-info>
</gc-end>
<cycle-end id="273" type="global" contextid="265" timestamp="2019-07-02T19:09:45.825">
  <attribute name="GC Util" value="158" />
  <attribute name="CPU Util" value="4269930392427" />
  <attribute name="Time Running"value="6280"/>
  <attribute name="Number of cores"value="4"/>
</cycle-end>
<allocation-satisfied id="274" threadId="0000000001902700" bytesRequested="24" />
<af-end id="275" timestamp="2019-07-02T19:09:45.825" threadId="0000000001903088" success="true" />
<exclusive-end id="276" timestamp="2019-07-02T19:09:45.825" durationms="7.532" />

<exclusive-start id="277" timestamp="2019-07-02T19:09:45.954" intervalms="136.514">
  <response-info timems="0.055" idlems="0.055" threads="0" lastid="0000000001902700" lastname="main" />
</exclusive-start>
<af-start id="278" threadId="0000000001903088" totalBytesRequested="24" timestamp="2019-07-02T19:09:45.955" intervalms="136.490" />
<cycle-start id="279" type="global" contextid="0" timestamp="2019-07-02T19:09:45.955" intervalms="136.493" />
  <attribute name="GC Util" value="158" />
  <attribute name="CPU Util" value="4269930392427" />
  <attribute name="Time Running"value="6280"/>
  <attribute name="Number of cores"value="4"/>
<gc-start id="280" type="global" contextid="279" timestamp="2019-07-02T19:09:45.955">
  <mem-info id="281" free="634528" total="11141120" percent="5">
    <mem type="tenure" free="634528" total="11141120" percent="5">
      <mem type="soa" free="0" total="10473472" percent="0" />
      <mem type="loa" free="634528" total="667648" percent="95" />
    </mem>
  </mem-info>
</gc-start>
<allocation-stats totalBytes="6183984" >
  <allocated-bytes non-tlh="65568" tlh="6118416" />
  <largest-consumer threadName="main" threadId="0000000001902700" bytes="6183984" />
</allocation-stats>
<gc-op id="282" type="mark" timems="3.036" contextid="279" timestamp="2019-07-02T19:09:45.958">
  <trace-info objectcount="74744" scancount="62495" scanbytes="2145088" />
  <finalization candidates="80" enqueued="0" />
  <ownableSynchronizers candidates="21" cleared="0" />
  <references type="soft" candidates="1674" cleared="11" enqueued="11" dynamicThreshold="19" maxThreshold="32" />
  <references type="weak" candidates="4518" cleared="0" enqueued="0" />
  <references type="phantom" candidates="100" cleared="0" enqueued="0" />
  <stringconstants candidates="8668" cleared="0"  />
</gc-op>
<gc-op id="283" type="sweep" timems="0.240" contextid="279" timestamp="2019-07-02T19:09:45.959" />
<gc-end id="284" type="global" contextid="279" durationms="4.104" usertimems="4.000" systemtimems="0.000" timestamp="2019-07-02T19:09:45.959" activeThreads="4">
  <mem-info id="285" free="6810904" total="11141120" percent="61">
    <mem type="tenure" free="6810904" total="11141120" percent="61" micro-fragmented="27769" macro-fragmented="0">
      <mem type="soa" free="6143256" total="10473472" percent="58" />
      <mem type="loa" free="667648" total="667648" percent="100" />
    </mem>
    <pending-finalizers system="0" default="0" reference="11" classloader="0" />
  </mem-info>
</gc-end>
<cycle-end id="286" type="global" contextid="279" timestamp="2019-07-02T19:09:45.959">
  <attribute name="GC Util" value="153" />
  <attribute name="CPU Util" value="5458380434306" />
  <attribute name="Time Running"value="6416"/>
  <attribute name="Number of cores"value="4"/>
</cycle-end>
<allocation-satisfied id="287" threadId="0000000001902700" bytesRequested="24" />
<af-end id="288" timestamp="2019-07-02T19:09:45.959" threadId="0000000001903088" success="true" />
<exclusive-end id="289" timestamp="2019-07-02T19:09:45.960" durationms="5.228" />

<exclusive-start id="290" timestamp="2019-07-02T19:09:45.997" intervalms="42.712">
  <response-info timems="0.093" idlems="0.093" threads="0" lastid="0000000001902700" lastname="main" />
</exclusive-start>
<af-start id="291" threadId="0000000001903088" totalBytesRequested="24" timestamp="2019-07-02T19:09:45.997" intervalms="42.721" />
<cycle-start id="292" type="global" contextid="0" timestamp="2019-07-02T19:09:45.997" intervalms="42.758" />
  <attribute name="GC Util" value="153" />
  <attribute name="CPU Util" value="5458380434306" />
  <attribute name="Time Running"value="6416"/>
  <attribute name="Number of cores"value="4"/>
<gc-start id="293" type="global" contextid="292" timestamp="2019-07-02T19:09:45.998">
  <mem-info id="294" free="667648" total="11141120" percent="5">
    <mem type="tenure" free="667648" total="11141120" percent="5">
      <mem type="soa" free="0" total="10473472" percent="0" />
      <mem type="loa" free="667648" total="667648" percent="100" />
    </mem>
  </mem-info>
</gc-start>
<allocation-stats totalBytes="6150744" >
  <allocated-bytes non-tlh="32784" tlh="6117960" />
  <largest-consumer threadName="main" threadId="0000000001902700" bytes="6150744" />
</allocation-stats>
<heap-resize id="295" type="loa contract" space="tenure" amount="110592" count="1" timems="0.092" reason="contract underutilized loa" timestamp="2019-07-02T19:09:45.998" />
<gc-op id="296" type="mark" timems="4.229" contextid="292" timestamp="2019-07-02T19:09:46.002">
  <trace-info objectcount="74219" scancount="61973" scanbytes="2123400" />
  <finalization candidates="80" enqueued="0" />
  <ownableSynchronizers candidates="21" cleared="0" />
  <references type="soft" candidates="1663" cleared="31" enqueued="29" dynamicThreshold="19" maxThreshold="32" />
  <references type="weak" candidates="4518" cleared="0" enqueued="0" />
  <references type="phantom" candidates="100" cleared="0" enqueued="0" />
  <stringconstants candidates="8668" cleared="0"  />
</gc-op>
<gc-op id="297" type="sweep" timems="1.305" contextid="292" timestamp="2019-07-02T19:09:46.004" />
<gc-end id="298" type="global" contextid="292" durationms="6.273" usertimems="8.000" systemtimems="0.000" timestamp="2019-07-02T19:09:46.004" activeThreads="4">
  <mem-info id="299" free="6824336" total="11141120" percent="61">
    <mem type="tenure" free="6824336" total="11141120" percent="61" micro-fragmented="15705" macro-fragmented="0">
      <mem type="soa" free="6267280" total="10584064" percent="59" />
      <mem type="loa" free="557056" total="557056" percent="100" />
    </mem>
    <pending-finalizers system="0" default="0" reference="29" classloader="0" />
  </mem-info>
</gc-end>
<cycle-end id="300" type="global" contextid="292" timestamp="2019-07-02T19:09:46.004">
  <attribute name="GC Util" value="158" />
  <attribute name="CPU Util" value="4197623032712" />
  <attribute name="Time Running"value="6460"/>
  <attribute name="Number of cores"value="4"/>
</cycle-end>
<allocation-satisfied id="301" threadId="0000000001902700" bytesRequested="24" />
<af-end id="302" timestamp="2019-07-02T19:09:46.004" threadId="0000000001903088" success="true" />
<exclusive-end id="303" timestamp="2019-07-02T19:09:46.004" durationms="7.429" />

<exclusive-start id="304" timestamp="2019-07-02T19:09:46.031" intervalms="34.062">
  <response-info timems="0.075" idlems="0.075" threads="0" lastid="0000000001902700" lastname="main" />
</exclusive-start>
<af-start id="305" threadId="0000000001903088" totalBytesRequested="32784" timestamp="2019-07-02T19:09:46.031" intervalms="34.021" />
<cycle-start id="306" type="global" contextid="0" timestamp="2019-07-02T19:09:46.031" intervalms="33.943" />
  <attribute name="GC Util" value="158" />
  <attribute name="CPU Util" value="4197623032712" />
  <attribute name="Time Running"value="6460"/>
  <attribute name="Number of cores"value="4"/>
<gc-start id="307" type="global" contextid="306" timestamp="2019-07-02T19:09:46.032">
  <mem-info id="308" free="557056" total="11141120" percent="5">
    <mem type="tenure" free="557056" total="11141120" percent="5">
      <mem type="soa" free="0" total="10584064" percent="0" />
      <mem type="loa" free="557056" total="557056" percent="100" />
    </mem>
  </mem-info>
</gc-start>
<allocation-stats totalBytes="6252624" >
  <allocated-bytes non-tlh="0" tlh="6252624" />
  <largest-consumer threadName="main" threadId="0000000001902700" bytes="6248528" />
</allocation-stats>
<heap-resize id="309" type="loa contract" space="tenure" amount="111616" count="1" timems="0.092" reason="contract underutilized loa" timestamp="2019-07-02T19:09:46.032" />
<gc-op id="310" type="mark" timems="4.448" contextid="306" timestamp="2019-07-02T19:09:46.036">
  <trace-info objectcount="73401" scancount="61450" scanbytes="2138952" />
  <finalization candidates="80" enqueued="0" />
  <ownableSynchronizers candidates="21" cleared="0" />
  <references type="soft" candidates="1632" cleared="54" enqueued="52" dynamicThreshold="19" maxThreshold="32" />
  <references type="weak" candidates="4518" cleared="0" enqueued="0" />
  <references type="phantom" candidates="100" cleared="0" enqueued="0" />
  <stringconstants candidates="8668" cleared="0"  />
</gc-op>
<gc-op id="311" type="sweep" timems="1.392" contextid="306" timestamp="2019-07-02T19:09:46.038" />
<gc-end id="312" type="global" contextid="306" durationms="6.524" usertimems="8.000" systemtimems="0.000" timestamp="2019-07-02T19:09:46.038" activeThreads="4">
  <mem-info id="313" free="6827080" total="11141120" percent="61">
    <mem type="tenure" free="6827080" total="11141120" percent="61" micro-fragmented="3336" macro-fragmented="0">
      <mem type="soa" free="6381640" total="10695680" percent="59" />
      <mem type="loa" free="445440" total="445440" percent="100" />
    </mem>
    <pending-finalizers system="0" default="0" reference="52" classloader="0" />
  </mem-info>
</gc-end>
<cycle-end id="314" type="global" contextid="306" timestamp="2019-07-02T19:09:46.038">
  <attribute name="GC Util" value="154" />
  <attribute name="CPU Util" value="3991726914293" />
  <attribute name="Time Running"value="6494"/>
  <attribute name="Number of cores"value="4"/>
</cycle-end>
<allocation-satisfied id="315" threadId="0000000001902700" bytesRequested="32784" />
<af-end id="316" timestamp="2019-07-02T19:09:46.038" threadId="0000000001903088" success="true" />
<exclusive-end id="317" timestamp="2019-07-02T19:09:46.039" durationms="7.464" />

</verbosegc>

