<?xml version="1.0" ?>

<verbosegc xmlns="http://www.ibm.com/j9/verbosegc" version="08cc62e_CMPRSS">

<initialized id="1" timestamp="2019-08-02T21:38:55.976">
  <attribute name="gcPolicy" value="-Xgcpolicy:optavgpause" />
  <attribute name="elasticGC enabled" value="1" />
  <attribute name= "numThreadsSpecified" value="0" />
  <attribute name="heapSize specified" value="0" />
  <attribute name= "numCores" value="0" />
  <attribute name ="GC Interval" value="0" />
  <attribute name="GC Util Range Max" value="0" />
  <attribute name="Current GC Util" value="0" />
  <attribute name= "Current Time Running" value="0" />
  <attribute name="maxHeapSize" value="0x7cba0000" />
  <attribute name="initialHeapSize" value="0x800000" />
  <attribute name="compressedRefs" value="true" />
  <attribute name="compressedRefsDisplacement" value="0x0" />
  <attribute name="compressedRefsShift" value="0x0" />
  <attribute name="pageSize" value="0x1000" />
  <attribute name="pageType" value="not used" />
  <attribute name="requestedPageSize" value="0x1000" />
  <attribute name="requestedPageType" value="not used" />
  <attribute name="gcthreads" value="8" />
  <attribute name="packetListSplit" value="8" />
  <attribute name="cacheListSplit" value="8" />
  <attribute name="splitFreeListSplitAmount" value="1" />
  <attribute name="numaNodes" value="0" />
  <system>
    <attribute name="physicalMemory" value="8370401280" />
    <attribute name="numCPUs" value="8" />
    <attribute name="architecture" value="amd64" />
    <attribute name="os" value="Linux" />
    <attribute name="osVersion" value="4.4.0-154-generic" />
  </system>
  <vmargs>
    <vmarg name="-Xoptionsfile=/vagrant/jdk/lib/options.default" />
    <vmarg name="-Xlockword:mode=default,noLockword=java/lang/String,noLockword=java/util/MapEntry,noLockword=java/util/HashMap$Entry,noLockword..." />
    <vmarg name="-Xjcl:jclse29" />
    <vmarg name="-Dcom.ibm.oti.vm.bootstrap.library.path=/vagrant/jdk/lib/compressedrefs:/vagrant/jdk/lib" />
    <vmarg name="-Dsun.boot.library.path=/vagrant/jdk/lib/compressedrefs:/vagrant/jdk/lib" />
    <vmarg name="-Djava.library.path=/vagrant/jdk/lib/compressedrefs:/vagrant/jdk/lib:/usr/lib64:/usr/lib" />
    <vmarg name="-Djava.home=/vagrant/jdk" />
    <vmarg name="-Duser.dir=/vagrant" />
    <vmarg name="-Xgcpolicy:optavgpause" />
    <vmarg name="-Xgcelastic" />
    <vmarg name="-Xcheck:gc:::elasticGC" />
    <vmarg name="-verbose:gc" />
    <vmarg name="-Xloggc:jdkD-small-OAP-8core-verbose7sunflow.txt" />
    <vmarg name="-Djava.class.path=dacapo-9.12-MR1-bach.jar" />
    <vmarg name="-Dsun.java.command=dacapo-9.12-MR1-bach.jar sunflow --size=small" />
    <vmarg name="-Dsun.java.launcher=SUN_STANDARD" />
    <vmarg name="-Dsun.java.launcher.pid=28853" />
  </vmargs>
</initialized>

<exclusive-start id="2" timestamp="2019-08-02T21:38:56.430" intervalms="454.272">
  <response-info timems="0.029" idlems="0.029" threads="0" lastid="0000000001142A00" lastname="main" />
</exclusive-start>
<sys-start reason="explicit" id="3" timestamp="2019-08-02T21:38:56.431" intervalms="454.744" />
<cycle-start id="4" type="global" contextid="0" timestamp="2019-08-02T21:38:56.431" intervalms="455.118" />
<gc-start id="5" type="global" contextid="4" timestamp="2019-08-02T21:38:56.431">
  <mem-info id="6" free="4192016" total="8388608" percent="49">
    <mem type="tenure" free="4192016" total="8388608" percent="49">
      <mem type="soa" free="3773200" total="7969792" percent="47" />
      <mem type="loa" free="418816" total="418816" percent="100" />
    </mem>
  </mem-info>
</gc-start>
<allocation-stats totalBytes="4194256" >
  <allocated-bytes non-tlh="502000" tlh="3692256" />
  <largest-consumer threadName="main" threadId="0000000001142A00" bytes="4101960" />
</allocation-stats>
<gc-op id="7" type="mark" timems="3.356" contextid="4" timestamp="2019-08-02T21:38:56.435">
  <trace-info objectcount="30265" scancount="24312" scanbytes="766076" />
  <finalization candidates="125" enqueued="1" />
  <ownableSynchronizers candidates="3" cleared="0" />
  <references type="soft" candidates="131" cleared="0" enqueued="0" dynamicThreshold="32" maxThreshold="32" />
  <references type="weak" candidates="1322" cleared="569" enqueued="479" />
  <references type="phantom" candidates="106" cleared="42" enqueued="42" />
  <stringconstants candidates="3958" cleared="0"  />
</gc-op>
<gc-op id="8" type="classunload" timems="0.075" contextid="4" timestamp="2019-08-02T21:38:56.435">
  <classunload-info classloadercandidates="7" classloadersunloaded="0" classesunloaded="0" anonymousclassesunloaded="0" quiescems="0.000" setupms="0.074" scanms="0.000" postms="0.001" />
</gc-op>
<gc-op id="9" type="sweep" timems="0.724" contextid="4" timestamp="2019-08-02T21:38:56.436" />
<gc-end id="10" type="global" contextid="4" durationms="6.095" usertimems="0.000" systemtimems="8.000" timestamp="2019-08-02T21:38:56.437" activeThreads="8">
  <mem-info id="11" free="6531592" total="8388608" percent="77">
    <mem type="tenure" free="6531592" total="8388608" percent="77" micro-fragmented="439601">
      <mem type="soa" free="6112776" total="7969792" percent="76" />
      <mem type="loa" free="418816" total="418816" percent="100" />
    </mem>
    <pending-finalizers system="1" default="0" reference="521" classloader="0" />
  </mem-info>
</gc-end>
<cycle-end id="12" type="global" contextid="4" timestamp="2019-08-02T21:38:56.437" />
  <attribute name="elasticGC enabled" value="1" />
  <attribute name= "numThreadsSpecified" value="0" />
  <attribute name="heapSize specified" value="0" />
  <attribute name= "numCores" value="8" />
  <attribute name ="GC Interval" value="0" />
  <attribute name ="Control flow" value="1" />
  <attribute name="GC Util Range Max" value="88" />
  <attribute name="Current GC Util" value="18" />
  <attribute name= "Current Time Running" value="4" />
<sys-end id="13" timestamp="2019-08-02T21:38:56.437" />
<exclusive-end id="14" timestamp="2019-08-02T21:38:56.438" durationms="7.440" />

<concurrent-kickoff id="15" timestamp="2019-08-02T21:38:56.653">
  <kickoff reason="threshold reached" targetBytes="2489738" thresholdFreeBytes="343258" remainingFree="59784" tenureFreeBytes="59784" />
</concurrent-kickoff>
<exclusive-start id="16" timestamp="2019-08-02T21:38:56.653" intervalms="223.208">
  <response-info timems="0.087" idlems="0.087" threads="0" lastid="00000000014A6B00" lastname="Thread-4" />
</exclusive-start>
<cycle-start id="17" type="global" contextid="0" timestamp="2019-08-02T21:38:56.654" intervalms="222.974" />
<exclusive-end id="18" timestamp="2019-08-02T21:38:56.654" durationms="0.767" />

<exclusive-start id="19" timestamp="2019-08-02T21:38:56.654" intervalms="1.126">
  <response-info timems="0.022" idlems="0.022" threads="0" lastid="00000000014A6B00" lastname="Thread-4" />
</exclusive-start>
<af-start id="20" threadId="00000000014A7488" totalBytesRequested="98264" timestamp="2019-08-02T21:38:56.655" intervalms="678.765" />
<concurrent-aborted id="21" timestamp="2019-08-02T21:38:56.655">
  <reason value="insufficient progress made" />
</concurrent-aborted>
<cycle-end id="22" type="global" contextid="17" timestamp="2019-08-02T21:38:56.655" />
  <attribute name="elasticGC enabled" value="1" />
  <attribute name= "numThreadsSpecified" value="0" />
  <attribute name="heapSize specified" value="0" />
  <attribute name= "numCores" value="8" />
  <attribute name ="GC Interval" value="0" />
  <attribute name ="Control flow" value="1" />
  <attribute name="GC Util Range Max" value="88" />
  <attribute name="Current GC Util" value="18" />
  <attribute name= "Current Time Running" value="4" />
<cycle-start id="23" type="global" contextid="0" timestamp="2019-08-02T21:38:56.655" intervalms="0.910" />
<gc-start id="24" type="global" contextid="23" timestamp="2019-08-02T21:38:56.655">
  <mem-info id="25" free="59784" total="8388608" percent="0">
    <mem type="tenure" free="59784" total="8388608" percent="0">
      <mem type="soa" free="59784" total="7969792" percent="0" />
      <mem type="loa" free="0" total="418816" percent="0" />
    </mem>
  </mem-info>
</gc-start>
<allocation-stats totalBytes="6350240" >
  <allocated-bytes non-tlh="2438152" tlh="3912088" />
  <largest-consumer threadName="main" threadId="0000000001142A00" bytes="3022296" />
</allocation-stats>
<heap-resize id="26" type="loa expand" space="tenure" amount="83968" count="1" timems="0.000" reason="expand on failed allocate" timestamp="2019-08-02T21:38:56.655" />
<gc-op id="27" type="mark" timems="2.540" contextid="23" timestamp="2019-08-02T21:38:56.658">
  <trace-info objectcount="44532" scancount="36158" scanbytes="1206408" />
  <finalization candidates="124" enqueued="0" />
  <ownableSynchronizers candidates="3" cleared="0" />
  <references type="soft" candidates="148" cleared="0" enqueued="0" dynamicThreshold="24" maxThreshold="32" />
  <references type="weak" candidates="798" cleared="29" enqueued="28" />
  <references type="phantom" candidates="65" cleared="2" enqueued="2" />
  <stringconstants candidates="4534" cleared="1"  />
</gc-op>
<gc-op id="28" type="sweep" timems="0.194" contextid="23" timestamp="2019-08-02T21:38:56.658" />
<gc-end id="29" type="global" contextid="23" durationms="4.449" usertimems="4.000" systemtimems="0.000" timestamp="2019-08-02T21:38:56.659" activeThreads="2">
  <mem-info id="30" free="3804232" total="8388608" percent="45">
    <mem type="tenure" free="3804232" total="8388608" percent="45" micro-fragmented="1317475">
      <mem type="soa" free="3582032" total="7885824" percent="45" />
      <mem type="loa" free="222200" total="502784" percent="44" />
    </mem>
    <pending-finalizers system="0" default="0" reference="30" classloader="0" />
  </mem-info>
</gc-end>
<cycle-end id="31" type="global" contextid="23" timestamp="2019-08-02T21:38:56.660" />
  <attribute name="elasticGC enabled" value="1" />
  <attribute name= "numThreadsSpecified" value="2" />
  <attribute name="heapSize specified" value="0" />
  <attribute name= "numCores" value="8" />
  <attribute name ="GC Interval" value="0" />
  <attribute name ="Control flow" value="1" />
  <attribute name="GC Util Range Max" value="88" />
  <attribute name="Current GC Util" value="7" />
  <attribute name= "Current Time Running" value="226" />
<allocation-satisfied id="32" threadId="00000000014A6B00" bytesRequested="98264" />
<af-end id="33" timestamp="2019-08-02T21:38:56.660" threadId="00000000014A7488" success="true" />
<exclusive-end id="34" timestamp="2019-08-02T21:38:56.660" durationms="5.545" />

<concurrent-kickoff id="35" timestamp="2019-08-02T21:38:56.707">
  <kickoff reason="threshold reached" targetBytes="2489738" thresholdFreeBytes="343258" remainingFree="245016" tenureFreeBytes="245016" />
</concurrent-kickoff>
<exclusive-start id="36" timestamp="2019-08-02T21:38:56.708" intervalms="53.401">
  <response-info timems="0.313" idlems="0.313" threads="0" lastid="00000000014A6B00" lastname="Thread-4" />
</exclusive-start>
<cycle-start id="37" type="global" contextid="0" timestamp="2019-08-02T21:38:56.708" intervalms="53.084" />
<exclusive-end id="38" timestamp="2019-08-02T21:38:56.708" durationms="0.135" />

<exclusive-start id="39" timestamp="2019-08-02T21:38:56.709" intervalms="0.715">
  <response-info timems="0.018" idlems="0.018" threads="0" lastid="00000000014A6B00" lastname="Thread-4" />
</exclusive-start>
<af-start id="40" threadId="00000000014A7488" totalBytesRequested="46496" timestamp="2019-08-02T21:38:56.709" intervalms="54.067" />
<concurrent-aborted id="41" timestamp="2019-08-02T21:38:56.709">
  <reason value="insufficient progress made" />
</concurrent-aborted>
<cycle-end id="42" type="global" contextid="37" timestamp="2019-08-02T21:38:56.709" />
  <attribute name="elasticGC enabled" value="1" />
  <attribute name= "numThreadsSpecified" value="2" />
  <attribute name="heapSize specified" value="0" />
  <attribute name= "numCores" value="8" />
  <attribute name ="GC Interval" value="0" />
  <attribute name ="Control flow" value="1" />
  <attribute name="GC Util Range Max" value="88" />
  <attribute name="Current GC Util" value="10" />
  <attribute name= "Current Time Running" value="277" />
<cycle-start id="43" type="global" contextid="0" timestamp="2019-08-02T21:38:56.709" intervalms="1.087" />
<gc-start id="44" type="global" contextid="43" timestamp="2019-08-02T21:38:56.709">
  <mem-info id="45" free="232696" total="8388608" percent="2">
    <mem type="tenure" free="232696" total="8388608" percent="2">
      <mem type="soa" free="10496" total="7885824" percent="0" />
      <mem type="loa" free="222200" total="502784" percent="44" />
    </mem>
  </mem-info>
</gc-start>
<allocation-stats totalBytes="3549344" >
  <allocated-bytes non-tlh="740296" tlh="2809048" />
  <largest-consumer threadName="Thread-4" threadId="00000000014A6B00" bytes="3549344" />
</allocation-stats>
<gc-op id="46" type="mark" timems="1.611" contextid="43" timestamp="2019-08-02T21:38:56.711">
  <trace-info objectcount="44435" scancount="36082" scanbytes="1204504" />
  <finalization candidates="124" enqueued="0" />
  <ownableSynchronizers candidates="3" cleared="0" />
  <references type="soft" candidates="148" cleared="0" enqueued="0" dynamicThreshold="14" maxThreshold="32" />
  <references type="weak" candidates="769" cleared="0" enqueued="0" />
  <references type="phantom" candidates="63" cleared="0" enqueued="0" />
  <stringconstants candidates="4533" cleared="0"  />
</gc-op>
<gc-op id="47" type="sweep" timems="0.184" contextid="43" timestamp="2019-08-02T21:38:56.711" />
<gc-end id="48" type="global" contextid="43" durationms="2.701" usertimems="4.000" systemtimems="4.000" timestamp="2019-08-02T21:38:56.712" activeThreads="2">
  <mem-info id="49" free="3850736" total="8388608" percent="45">
    <mem type="tenure" free="3850736" total="8388608" percent="45" micro-fragmented="1271394">
      <mem type="soa" free="3576232" total="7885824" percent="45" />
      <mem type="loa" free="274504" total="502784" percent="54" />
    </mem>
  </mem-info>
</gc-end>
<cycle-end id="50" type="global" contextid="43" timestamp="2019-08-02T21:38:56.712" />
  <attribute name="elasticGC enabled" value="1" />
  <attribute name= "numThreadsSpecified" value="2" />
  <attribute name="heapSize specified" value="0" />
  <attribute name= "numCores" value="8" />
  <attribute name ="GC Interval" value="0" />
  <attribute name ="Control flow" value="1" />
  <attribute name="GC Util Range Max" value="88" />
  <attribute name="Current GC Util" value="6" />
  <attribute name= "Current Time Running" value="279" />
<allocation-satisfied id="51" threadId="00000000014A6B00" bytesRequested="46496" />
<af-end id="52" timestamp="2019-08-02T21:38:56.712" threadId="00000000014A7488" success="true" />
<exclusive-end id="53" timestamp="2019-08-02T21:38:56.712" durationms="3.479" />

<concurrent-kickoff id="54" timestamp="2019-08-02T21:38:56.771">
  <kickoff reason="threshold reached" targetBytes="2489738" thresholdFreeBytes="343258" remainingFree="274504" tenureFreeBytes="274504" />
</concurrent-kickoff>
<exclusive-start id="55" timestamp="2019-08-02T21:38:56.772" intervalms="63.163">
  <response-info timems="0.077" idlems="0.077" threads="0" lastid="00000000014B9700" lastname="Thread-11" />
</exclusive-start>
<cycle-start id="56" type="global" contextid="0" timestamp="2019-08-02T21:38:56.772" intervalms="62.817" />
<exclusive-end id="57" timestamp="2019-08-02T21:38:56.772" durationms="0.204" />

<exclusive-start id="58" timestamp="2019-08-02T21:38:56.776" intervalms="4.000">
  <response-info timems="0.021" idlems="0.021" threads="0" lastid="00000000014B9700" lastname="Thread-11" />
</exclusive-start>
<af-start id="59" threadId="00000000014BA088" totalBytesRequested="40" timestamp="2019-08-02T21:38:56.776" intervalms="67.171" />
<concurrent-aborted id="60" timestamp="2019-08-02T21:38:56.776">
  <reason value="insufficient progress made" />
</concurrent-aborted>
<cycle-end id="61" type="global" contextid="56" timestamp="2019-08-02T21:38:56.776" />
  <attribute name="elasticGC enabled" value="1" />
  <attribute name= "numThreadsSpecified" value="3" />
  <attribute name="heapSize specified" value="0" />
  <attribute name= "numCores" value="8" />
  <attribute name ="GC Interval" value="0" />
  <attribute name ="Control flow" value="1" />
  <attribute name="GC Util Range Max" value="88" />
  <attribute name="Current GC Util" value="4" />
  <attribute name= "Current Time Running" value="344" />
<cycle-start id="62" type="global" contextid="0" timestamp="2019-08-02T21:38:56.776" intervalms="4.422" />
<gc-start id="63" type="global" contextid="62" timestamp="2019-08-02T21:38:56.776">
  <mem-info id="64" free="502784" total="8388608" percent="5">
    <mem type="tenure" free="502784" total="8388608" percent="5">
      <mem type="soa" free="0" total="7885824" percent="0" />
      <mem type="loa" free="502784" total="502784" percent="100" />
    </mem>
  </mem-info>
</gc-start>
<allocation-stats totalBytes="3527072" >
  <allocated-bytes non-tlh="1024032" tlh="2503040" />
  <largest-consumer threadName="Thread-11" threadId="00000000014B9700" bytes="932528" />
</allocation-stats>
<gc-op id="65" type="mark" timems="2.034" contextid="62" timestamp="2019-08-02T21:38:56.779">
  <trace-info objectcount="48887" scancount="40483" scanbytes="1444584" />
  <finalization candidates="124" enqueued="0" />
  <ownableSynchronizers candidates="3" cleared="0" />
  <references type="soft" candidates="148" cleared="0" enqueued="0" dynamicThreshold="14" maxThreshold="32" />
  <references type="weak" candidates="769" cleared="0" enqueued="0" />
  <references type="phantom" candidates="63" cleared="0" enqueued="0" />
  <stringconstants candidates="4596" cleared="0"  />
</gc-op>
<gc-op id="66" type="sweep" timems="0.213" contextid="62" timestamp="2019-08-02T21:38:56.779" />
<gc-end id="67" type="global" contextid="62" durationms="3.758" usertimems="4.000" systemtimems="0.000" timestamp="2019-08-02T21:38:56.780" activeThreads="3">
  <mem-info id="68" free="4091632" total="8388608" percent="48">
    <mem type="tenure" free="4091632" total="8388608" percent="48" micro-fragmented="1372160">
      <mem type="soa" free="3702984" total="7885824" percent="46" />
      <mem type="loa" free="388648" total="502784" percent="77" />
    </mem>
  </mem-info>
</gc-end>
<cycle-end id="69" type="global" contextid="62" timestamp="2019-08-02T21:38:56.780" />
  <attribute name="elasticGC enabled" value="1" />
  <attribute name= "numThreadsSpecified" value="3" />
  <attribute name="heapSize specified" value="0" />
  <attribute name= "numCores" value="8" />
  <attribute name ="GC Interval" value="0" />
  <attribute name ="Control flow" value="1" />
  <attribute name="GC Util Range Max" value="88" />
  <attribute name="Current GC Util" value="10" />
  <attribute name= "Current Time Running" value="347" />
<allocation-satisfied id="70" threadId="00000000014B9700" bytesRequested="40" />
<af-end id="71" timestamp="2019-08-02T21:38:56.780" threadId="00000000014BA088" success="true" />
<exclusive-end id="72" timestamp="2019-08-02T21:38:56.781" durationms="4.833" />

<exclusive-start id="73" timestamp="2019-08-02T21:38:56.822" intervalms="46.494">
  <response-info timems="0.058" idlems="0.058" threads="0" lastid="00000000014B9700" lastname="Thread-11" />
</exclusive-start>
<af-start id="74" threadId="00000000014BA088" totalBytesRequested="40" timestamp="2019-08-02T21:38:56.822" intervalms="46.535" />
<cycle-start id="75" type="global" contextid="0" timestamp="2019-08-02T21:38:56.823" intervalms="46.346" />
<gc-start id="76" type="global" contextid="75" timestamp="2019-08-02T21:38:56.823">
  <mem-info id="77" free="502784" total="8388608" percent="5">
    <mem type="tenure" free="502784" total="8388608" percent="5">
      <mem type="soa" free="0" total="7885824" percent="0" />
      <mem type="loa" free="502784" total="502784" percent="100" />
    </mem>
  </mem-info>
</gc-start>
<allocation-stats totalBytes="3697112" >
  <allocated-bytes non-tlh="0" tlh="3697112" />
  <largest-consumer threadName="Thread-11" threadId="00000000014B9700" bytes="3697112" />
</allocation-stats>
<gc-op id="78" type="mark" timems="1.981" contextid="75" timestamp="2019-08-02T21:38:56.825">
  <trace-info objectcount="49160" scancount="40752" scanbytes="1451248" />
  <finalization candidates="124" enqueued="0" />
  <ownableSynchronizers candidates="3" cleared="0" />
  <references type="soft" candidates="148" cleared="0" enqueued="0" dynamicThreshold="15" maxThreshold="32" />
  <references type="weak" candidates="769" cleared="0" enqueued="0" />
  <references type="phantom" candidates="63" cleared="0" enqueued="0" />
  <stringconstants candidates="4596" cleared="0"  />
</gc-op>
<gc-op id="79" type="sweep" timems="0.319" contextid="75" timestamp="2019-08-02T21:38:56.825" />
<gc-end id="80" type="global" contextid="75" durationms="3.919" usertimems="4.000" systemtimems="4.000" timestamp="2019-08-02T21:38:56.827" activeThreads="4">
  <mem-info id="81" free="4096872" total="8388608" percent="48">
    <mem type="tenure" free="4096872" total="8388608" percent="48" micro-fragmented="1380557">
      <mem type="soa" free="3685400" total="7885824" percent="46" />
      <mem type="loa" free="411472" total="502784" percent="81" />
    </mem>
  </mem-info>
</gc-end>
<cycle-end id="82" type="global" contextid="75" timestamp="2019-08-02T21:38:56.827" />
  <attribute name="elasticGC enabled" value="1" />
  <attribute name= "numThreadsSpecified" value="4" />
  <attribute name="heapSize specified" value="0" />
  <attribute name= "numCores" value="8" />
  <attribute name ="GC Interval" value="0" />
  <attribute name ="Control flow" value="1" />
  <attribute name="GC Util Range Max" value="88" />
  <attribute name="Current GC Util" value="9" />
  <attribute name= "Current Time Running" value="394" />
<allocation-satisfied id="83" threadId="00000000014B9700" bytesRequested="40" />
<af-end id="84" timestamp="2019-08-02T21:38:56.827" threadId="00000000014BA088" success="true" />
<exclusive-end id="85" timestamp="2019-08-02T21:38:56.827" durationms="4.803" />

<exclusive-start id="86" timestamp="2019-08-02T21:38:56.855" intervalms="32.430">
  <response-info timems="0.059" idlems="0.059" threads="0" lastid="00000000014B9700" lastname="Thread-11" />
</exclusive-start>
<af-start id="87" threadId="00000000014BA088" totalBytesRequested="40" timestamp="2019-08-02T21:38:56.855" intervalms="32.439" />
<cycle-start id="88" type="global" contextid="0" timestamp="2019-08-02T21:38:56.855" intervalms="32.443" />
<gc-start id="89" type="global" contextid="88" timestamp="2019-08-02T21:38:56.855">
  <mem-info id="90" free="502784" total="8388608" percent="5">
    <mem type="tenure" free="502784" total="8388608" percent="5">
      <mem type="soa" free="0" total="7885824" percent="0" />
      <mem type="loa" free="502784" total="502784" percent="100" />
    </mem>
  </mem-info>
</gc-start>
<allocation-stats totalBytes="3677464" >
  <allocated-bytes non-tlh="0" tlh="3677464" />
  <largest-consumer threadName="Thread-11" threadId="00000000014B9700" bytes="3677464" />
</allocation-stats>
<gc-op id="91" type="mark" timems="3.285" contextid="88" timestamp="2019-08-02T21:38:56.859">
  <trace-info objectcount="49384" scancount="40968" scanbytes="1456624" />
  <finalization candidates="124" enqueued="0" />
  <ownableSynchronizers candidates="3" cleared="0" />
  <references type="soft" candidates="148" cleared="0" enqueued="0" dynamicThreshold="15" maxThreshold="32" />
  <references type="weak" candidates="769" cleared="0" enqueued="0" />
  <references type="phantom" candidates="63" cleared="0" enqueued="0" />
  <stringconstants candidates="4596" cleared="0"  />
</gc-op>
<gc-op id="92" type="sweep" timems="0.233" contextid="88" timestamp="2019-08-02T21:38:56.859" />
<gc-end id="93" type="global" contextid="88" durationms="5.137" usertimems="8.000" systemtimems="4.000" timestamp="2019-08-02T21:38:56.860" activeThreads="4">
  <mem-info id="94" free="4095048" total="8388608" percent="48">
    <mem type="tenure" free="4095048" total="8388608" percent="48" micro-fragmented="1386917">
      <mem type="soa" free="3665312" total="7885824" percent="46" />
      <mem type="loa" free="429736" total="502784" percent="85" />
    </mem>
  </mem-info>
</gc-end>
<cycle-end id="95" type="global" contextid="88" timestamp="2019-08-02T21:38:56.860" />
  <attribute name="elasticGC enabled" value="1" />
  <attribute name= "numThreadsSpecified" value="4" />
  <attribute name="heapSize specified" value="0" />
  <attribute name= "numCores" value="8" />
  <attribute name ="GC Interval" value="0" />
  <attribute name ="Control flow" value="1" />
  <attribute name="GC Util Range Max" value="88" />
  <attribute name="Current GC Util" value="8" />
  <attribute name= "Current Time Running" value="427" />
<allocation-satisfied id="96" threadId="00000000014B9700" bytesRequested="40" />
<af-end id="97" timestamp="2019-08-02T21:38:56.861" threadId="00000000014BA088" success="true" />
<exclusive-end id="98" timestamp="2019-08-02T21:38:56.861" durationms="6.011" />

<exclusive-start id="99" timestamp="2019-08-02T21:38:56.879" intervalms="23.968">
  <response-info timems="0.035" idlems="0.035" threads="0" lastid="00000000014B9700" lastname="Thread-11" />
</exclusive-start>
<af-start id="100" threadId="00000000014BA088" totalBytesRequested="40" timestamp="2019-08-02T21:38:56.879" intervalms="23.938" />
<cycle-start id="101" type="global" contextid="0" timestamp="2019-08-02T21:38:56.879" intervalms="23.926" />
<gc-start id="102" type="global" contextid="101" timestamp="2019-08-02T21:38:56.879">
  <mem-info id="103" free="502784" total="8388608" percent="5">
    <mem type="tenure" free="502784" total="8388608" percent="5">
      <mem type="soa" free="0" total="7885824" percent="0" />
      <mem type="loa" free="502784" total="502784" percent="100" />
    </mem>
  </mem-info>
</gc-start>
<allocation-stats totalBytes="3655664" >
  <allocated-bytes non-tlh="0" tlh="3655664" />
  <largest-consumer threadName="Thread-11" threadId="00000000014B9700" bytes="3655664" />
</allocation-stats>
<gc-op id="104" type="mark" timems="4.546" contextid="101" timestamp="2019-08-02T21:38:56.884">
  <trace-info objectcount="49550" scancount="41136" scanbytes="1460608" />
  <finalization candidates="124" enqueued="0" />
  <ownableSynchronizers candidates="3" cleared="0" />
  <references type="soft" candidates="148" cleared="0" enqueued="0" dynamicThreshold="15" maxThreshold="32" />
  <references type="weak" candidates="769" cleared="0" enqueued="0" />
  <references type="phantom" candidates="63" cleared="0" enqueued="0" />
  <stringconstants candidates="4596" cleared="0"  />
</gc-op>
<gc-op id="105" type="sweep" timems="0.245" contextid="101" timestamp="2019-08-02T21:38:56.884" />
<gc-end id="106" type="global" contextid="101" durationms="5.903" usertimems="8.000" systemtimems="0.000" timestamp="2019-08-02T21:38:56.885" activeThreads="4">
  <mem-info id="107" free="4083680" total="8388608" percent="48">
    <mem type="tenure" free="4083680" total="8388608" percent="48" micro-fragmented="1345057">
      <mem type="soa" free="3639336" total="7885824" percent="46" />
      <mem type="loa" free="444344" total="502784" percent="88" />
    </mem>
  </mem-info>
</gc-end>
<cycle-end id="108" type="global" contextid="101" timestamp="2019-08-02T21:38:56.885" />
  <attribute name="elasticGC enabled" value="1" />
  <attribute name= "numThreadsSpecified" value="4" />
  <attribute name="heapSize specified" value="0" />
  <attribute name= "numCores" value="8" />
  <attribute name ="GC Interval" value="0" />
  <attribute name ="Control flow" value="1" />
  <attribute name="GC Util Range Max" value="88" />
  <attribute name="Current GC Util" value="12" />
  <attribute name= "Current Time Running" value="452" />
<allocation-satisfied id="109" threadId="00000000014B9700" bytesRequested="40" />
<af-end id="110" timestamp="2019-08-02T21:38:56.885" threadId="00000000014BA088" success="true" />
<exclusive-end id="111" timestamp="2019-08-02T21:38:56.885" durationms="6.749" />

<exclusive-start id="112" timestamp="2019-08-02T21:38:56.899" intervalms="20.386">
  <response-info timems="0.075" idlems="0.075" threads="0" lastid="00000000014B9700" lastname="Thread-11" />
</exclusive-start>
<af-start id="113" threadId="00000000014BA088" totalBytesRequested="24" timestamp="2019-08-02T21:38:56.899" intervalms="20.365" />
<cycle-start id="114" type="global" contextid="0" timestamp="2019-08-02T21:38:56.899" intervalms="20.373" />
<gc-start id="115" type="global" contextid="114" timestamp="2019-08-02T21:38:56.899">
  <mem-info id="116" free="502784" total="8388608" percent="5">
    <mem type="tenure" free="502784" total="8388608" percent="5">
      <mem type="soa" free="0" total="7885824" percent="0" />
      <mem type="loa" free="502784" total="502784" percent="100" />
    </mem>
  </mem-info>
</gc-start>
<allocation-stats totalBytes="3628888" >
  <allocated-bytes non-tlh="0" tlh="3628888" />
  <largest-consumer threadName="Thread-11" threadId="00000000014B9700" bytes="3628888" />
</allocation-stats>
<gc-op id="117" type="mark" timems="1.743" contextid="114" timestamp="2019-08-02T21:38:56.901">
  <trace-info objectcount="49626" scancount="41218" scanbytes="1462160" />
  <finalization candidates="124" enqueued="0" />
  <ownableSynchronizers candidates="3" cleared="0" />
  <references type="soft" candidates="148" cleared="0" enqueued="0" dynamicThreshold="15" maxThreshold="32" />
  <references type="weak" candidates="769" cleared="0" enqueued="0" />
  <references type="phantom" candidates="63" cleared="0" enqueued="0" />
  <stringconstants candidates="4596" cleared="0"  />
</gc-op>
<gc-op id="118" type="sweep" timems="0.251" contextid="114" timestamp="2019-08-02T21:38:56.902" />
<gc-end id="119" type="global" contextid="114" durationms="3.118" usertimems="0.000" systemtimems="4.000" timestamp="2019-08-02T21:38:56.903" activeThreads="3">
  <mem-info id="120" free="4073592" total="8388608" percent="48">
    <mem type="tenure" free="4073592" total="8388608" percent="48" micro-fragmented="1446004">
      <mem type="soa" free="3617560" total="7885824" percent="45" />
      <mem type="loa" free="456032" total="502784" percent="90" />
    </mem>
  </mem-info>
</gc-end>
<cycle-end id="121" type="global" contextid="114" timestamp="2019-08-02T21:38:56.903" />
  <attribute name="elasticGC enabled" value="1" />
  <attribute name= "numThreadsSpecified" value="3" />
  <attribute name="heapSize specified" value="0" />
  <attribute name= "numCores" value="8" />
  <attribute name ="GC Interval" value="0" />
  <attribute name ="Control flow" value="1" />
  <attribute name="GC Util Range Max" value="88" />
  <attribute name="Current GC Util" value="9" />
  <attribute name= "Current Time Running" value="470" />
<allocation-satisfied id="122" threadId="00000000014B9700" bytesRequested="24" />
<af-end id="123" timestamp="2019-08-02T21:38:56.903" threadId="00000000014BA088" success="true" />
<exclusive-end id="124" timestamp="2019-08-02T21:38:56.903" durationms="3.951" />

<exclusive-start id="125" timestamp="2019-08-02T21:38:56.914" intervalms="15.346">
  <response-info timems="0.075" idlems="0.075" threads="0" lastid="00000000014B9700" lastname="Thread-11" />
</exclusive-start>
<af-start id="126" threadId="00000000014BA088" totalBytesRequested="40" timestamp="2019-08-02T21:38:56.914" intervalms="15.342" />
<cycle-start id="127" type="global" contextid="0" timestamp="2019-08-02T21:38:56.915" intervalms="15.339" />
<gc-start id="128" type="global" contextid="127" timestamp="2019-08-02T21:38:56.915">
  <mem-info id="129" free="502784" total="8388608" percent="5">
    <mem type="tenure" free="502784" total="8388608" percent="5">
      <mem type="soa" free="0" total="7885824" percent="0" />
      <mem type="loa" free="502784" total="502784" percent="100" />
    </mem>
  </mem-info>
</gc-start>
<allocation-stats totalBytes="3605464" >
  <allocated-bytes non-tlh="0" tlh="3605464" />
  <largest-consumer threadName="Thread-11" threadId="00000000014B9700" bytes="3605464" />
</allocation-stats>
<gc-op id="130" type="mark" timems="1.290" contextid="127" timestamp="2019-08-02T21:38:56.916">
  <trace-info objectcount="49854" scancount="41450" scanbytes="1467888" />
  <finalization candidates="124" enqueued="0" />
  <ownableSynchronizers candidates="3" cleared="0" />
  <references type="soft" candidates="148" cleared="0" enqueued="0" dynamicThreshold="15" maxThreshold="32" />
  <references type="weak" candidates="769" cleared="0" enqueued="0" />
  <references type="phantom" candidates="63" cleared="0" enqueued="0" />
  <stringconstants candidates="4596" cleared="0"  />
</gc-op>
<gc-op id="131" type="sweep" timems="0.252" contextid="127" timestamp="2019-08-02T21:38:56.916" />
<gc-end id="132" type="global" contextid="127" durationms="3.075" usertimems="8.000" systemtimems="0.000" timestamp="2019-08-02T21:38:56.918" activeThreads="2">
  <mem-info id="133" free="4048656" total="8388608" percent="48">
    <mem type="tenure" free="4048656" total="8388608" percent="48" micro-fragmented="1479861">
      <mem type="soa" free="3583272" total="7885824" percent="45" />
      <mem type="loa" free="465384" total="502784" percent="92" />
    </mem>
  </mem-info>
</gc-end>
<cycle-end id="134" type="global" contextid="127" timestamp="2019-08-02T21:38:56.918" />
  <attribute name="elasticGC enabled" value="1" />
  <attribute name= "numThreadsSpecified" value="2" />
  <attribute name="heapSize specified" value="0" />
  <attribute name= "numCores" value="8" />
  <attribute name ="GC Interval" value="0" />
  <attribute name ="Control flow" value="1" />
  <attribute name="GC Util Range Max" value="88" />
  <attribute name="Current GC Util" value="5" />
  <attribute name= "Current Time Running" value="485" />
<allocation-satisfied id="135" threadId="00000000014B9700" bytesRequested="40" />
<af-end id="136" timestamp="2019-08-02T21:38:56.918" threadId="00000000014BA088" success="true" />
<exclusive-end id="137" timestamp="2019-08-02T21:38:56.918" durationms="3.868" />

<exclusive-start id="138" timestamp="2019-08-02T21:38:56.930" intervalms="16.129">
  <response-info timems="0.071" idlems="0.071" threads="0" lastid="00000000014B9700" lastname="Thread-11" />
</exclusive-start>
<af-start id="139" threadId="00000000014BA088" totalBytesRequested="40" timestamp="2019-08-02T21:38:56.931" intervalms="16.127" />
<cycle-start id="140" type="global" contextid="0" timestamp="2019-08-02T21:38:56.931" intervalms="16.106" />
<gc-start id="141" type="global" contextid="140" timestamp="2019-08-02T21:38:56.931">
  <mem-info id="142" free="502784" total="8388608" percent="5">
    <mem type="tenure" free="502784" total="8388608" percent="5">
      <mem type="soa" free="0" total="7885824" percent="0" />
      <mem type="loa" free="502784" total="502784" percent="100" />
    </mem>
  </mem-info>
</gc-start>
<allocation-stats totalBytes="3569904" >
  <allocated-bytes non-tlh="0" tlh="3569904" />
  <largest-consumer threadName="Thread-11" threadId="00000000014B9700" bytes="3569904" />
</allocation-stats>
<gc-op id="143" type="mark" timems="1.273" contextid="140" timestamp="2019-08-02T21:38:56.932">
  <trace-info objectcount="49991" scancount="41581" scanbytes="1470920" />
  <finalization candidates="124" enqueued="0" />
  <ownableSynchronizers candidates="3" cleared="0" />
  <references type="soft" candidates="148" cleared="0" enqueued="0" dynamicThreshold="15" maxThreshold="32" />
  <references type="weak" candidates="769" cleared="0" enqueued="0" />
  <references type="phantom" candidates="63" cleared="0" enqueued="0" />
  <stringconstants candidates="4596" cleared="0"  />
</gc-op>
<gc-op id="144" type="sweep" timems="0.249" contextid="140" timestamp="2019-08-02T21:38:56.933" />
<gc-end id="145" type="global" contextid="140" durationms="3.096" usertimems="8.000" systemtimems="0.000" timestamp="2019-08-02T21:38:56.934" activeThreads="2">
  <mem-info id="146" free="4020672" total="8388608" percent="47">
    <mem type="tenure" free="4020672" total="8388608" percent="47" micro-fragmented="1499881">
      <mem type="soa" free="3547808" total="7885824" percent="44" />
      <mem type="loa" free="472864" total="502784" percent="94" />
    </mem>
  </mem-info>
</gc-end>
<cycle-end id="147" type="global" contextid="140" timestamp="2019-08-02T21:38:56.934" />
  <attribute name="elasticGC enabled" value="1" />
  <attribute name= "numThreadsSpecified" value="2" />
  <attribute name="heapSize specified" value="0" />
  <attribute name= "numCores" value="8" />
  <attribute name ="GC Interval" value="0" />
  <attribute name ="Control flow" value="1" />
  <attribute name="GC Util Range Max" value="88" />
  <attribute name="Current GC Util" value="5" />
  <attribute name= "Current Time Running" value="501" />
<allocation-satisfied id="148" threadId="00000000014B9700" bytesRequested="40" />
<af-end id="149" timestamp="2019-08-02T21:38:56.934" threadId="00000000014BA088" success="true" />
<exclusive-end id="150" timestamp="2019-08-02T21:38:56.934" durationms="3.903" />

<exclusive-start id="151" timestamp="2019-08-02T21:38:56.947" intervalms="16.286">
  <response-info timems="0.072" idlems="0.072" threads="0" lastid="00000000014B9700" lastname="Thread-11" />
</exclusive-start>
<af-start id="152" threadId="00000000014BA088" totalBytesRequested="24" timestamp="2019-08-02T21:38:56.947" intervalms="16.290" />
<cycle-start id="153" type="global" contextid="0" timestamp="2019-08-02T21:38:56.947" intervalms="16.287" />
<gc-start id="154" type="global" contextid="153" timestamp="2019-08-02T21:38:56.947">
  <mem-info id="155" free="502784" total="8388608" percent="5">
    <mem type="tenure" free="502784" total="8388608" percent="5">
      <mem type="soa" free="0" total="7885824" percent="0" />
      <mem type="loa" free="502784" total="502784" percent="100" />
    </mem>
  </mem-info>
</gc-start>
<allocation-stats totalBytes="3533280" >
  <allocated-bytes non-tlh="0" tlh="3533280" />
  <largest-consumer threadName="Thread-11" threadId="00000000014B9700" bytes="3533280" />
</allocation-stats>
<gc-op id="156" type="mark" timems="1.287" contextid="153" timestamp="2019-08-02T21:38:56.949">
  <trace-info objectcount="50251" scancount="41834" scanbytes="1477536" />
  <finalization candidates="124" enqueued="0" />
  <ownableSynchronizers candidates="3" cleared="0" />
  <references type="soft" candidates="148" cleared="0" enqueued="0" dynamicThreshold="15" maxThreshold="32" />
  <references type="weak" candidates="769" cleared="0" enqueued="0" />
  <references type="phantom" candidates="63" cleared="0" enqueued="0" />
  <stringconstants candidates="4596" cleared="0"  />
</gc-op>
<gc-op id="157" type="sweep" timems="0.256" contextid="153" timestamp="2019-08-02T21:38:56.949" />
<gc-end id="158" type="global" contextid="153" durationms="3.125" usertimems="8.000" systemtimems="0.000" timestamp="2019-08-02T21:38:56.950" activeThreads="2">
  <mem-info id="159" free="3971296" total="8388608" percent="47">
    <mem type="tenure" free="3971296" total="8388608" percent="47" micro-fragmented="1414285">
      <mem type="soa" free="3492448" total="7885824" percent="44" />
      <mem type="loa" free="478848" total="502784" percent="95" />
    </mem>
  </mem-info>
</gc-end>
<cycle-end id="160" type="global" contextid="153" timestamp="2019-08-02T21:38:56.950" />
  <attribute name="elasticGC enabled" value="1" />
  <attribute name= "numThreadsSpecified" value="2" />
  <attribute name="heapSize specified" value="0" />
  <attribute name= "numCores" value="8" />
  <attribute name ="GC Interval" value="0" />
  <attribute name ="Control flow" value="1" />
  <attribute name="GC Util Range Max" value="88" />
  <attribute name="Current GC Util" value="5" />
  <attribute name= "Current Time Running" value="517" />
<allocation-satisfied id="161" threadId="00000000014B9700" bytesRequested="24" />
<af-end id="162" timestamp="2019-08-02T21:38:56.951" threadId="00000000014BA088" success="true" />
<exclusive-end id="163" timestamp="2019-08-02T21:38:56.951" durationms="3.929" />

<exclusive-start id="164" timestamp="2019-08-02T21:38:56.962" intervalms="15.719">
  <response-info timems="0.062" idlems="0.062" threads="0" lastid="00000000014B9700" lastname="Thread-11" />
</exclusive-start>
<af-start id="165" threadId="00000000014BA088" totalBytesRequested="40" timestamp="2019-08-02T21:38:56.963" intervalms="15.724" />
<cycle-start id="166" type="global" contextid="0" timestamp="2019-08-02T21:38:56.963" intervalms="15.726" />
<gc-start id="167" type="global" contextid="166" timestamp="2019-08-02T21:38:56.963">
  <mem-info id="168" free="502784" total="8388608" percent="5">
    <mem type="tenure" free="502784" total="8388608" percent="5">
      <mem type="soa" free="0" total="7885824" percent="0" />
      <mem type="loa" free="502784" total="502784" percent="100" />
    </mem>
  </mem-info>
</gc-start>
<allocation-stats totalBytes="3476704" >
  <allocated-bytes non-tlh="0" tlh="3476704" />
  <largest-consumer threadName="Thread-11" threadId="00000000014B9700" bytes="3476704" />
</allocation-stats>
<gc-op id="169" type="mark" timems="1.277" contextid="166" timestamp="2019-08-02T21:38:56.964">
  <trace-info objectcount="50387" scancount="41976" scanbytes="1480504" />
  <finalization candidates="124" enqueued="0" />
  <ownableSynchronizers candidates="3" cleared="0" />
  <references type="soft" candidates="148" cleared="0" enqueued="0" dynamicThreshold="15" maxThreshold="32" />
  <references type="weak" candidates="769" cleared="0" enqueued="0" />
  <references type="phantom" candidates="63" cleared="0" enqueued="0" />
  <stringconstants candidates="4596" cleared="0"  />
</gc-op>
<gc-op id="170" type="sweep" timems="0.264" contextid="166" timestamp="2019-08-02T21:38:56.965" />
<gc-end id="171" type="global" contextid="166" durationms="2.656" usertimems="8.000" systemtimems="0.000" timestamp="2019-08-02T21:38:56.966" activeThreads="3">
  <mem-info id="172" free="3939368" total="8388608" percent="46">
    <mem type="tenure" free="3939368" total="8388608" percent="46" micro-fragmented="1415855">
      <mem type="soa" free="3455728" total="7885824" percent="43" />
      <mem type="loa" free="483640" total="502784" percent="96" />
    </mem>
  </mem-info>
</gc-end>
<cycle-end id="173" type="global" contextid="166" timestamp="2019-08-02T21:38:56.966" />
  <attribute name="elasticGC enabled" value="1" />
  <attribute name= "numThreadsSpecified" value="3" />
  <attribute name="heapSize specified" value="0" />
  <attribute name= "numCores" value="8" />
  <attribute name ="GC Interval" value="0" />
  <attribute name ="Control flow" value="1" />
  <attribute name="GC Util Range Max" value="88" />
  <attribute name="Current GC Util" value="4" />
  <attribute name= "Current Time Running" value="533" />
<allocation-satisfied id="174" threadId="00000000014B9700" bytesRequested="40" />
<af-end id="175" timestamp="2019-08-02T21:38:56.966" threadId="00000000014BA088" success="true" />
<exclusive-end id="176" timestamp="2019-08-02T21:38:56.966" durationms="3.446" />

<exclusive-start id="177" timestamp="2019-08-02T21:38:56.979" intervalms="16.570">
  <response-info timems="0.064" idlems="0.064" threads="0" lastid="00000000014B9700" lastname="Thread-11" />
</exclusive-start>
<af-start id="178" threadId="00000000014BA088" totalBytesRequested="40" timestamp="2019-08-02T21:38:56.979" intervalms="16.565" />
<cycle-start id="179" type="global" contextid="0" timestamp="2019-08-02T21:38:56.979" intervalms="16.579" />
<gc-start id="180" type="global" contextid="179" timestamp="2019-08-02T21:38:56.979">
  <mem-info id="181" free="502784" total="8388608" percent="5">
    <mem type="tenure" free="502784" total="8388608" percent="5">
      <mem type="soa" free="0" total="7885824" percent="0" />
      <mem type="loa" free="502784" total="502784" percent="100" />
    </mem>
  </mem-info>
</gc-start>
<allocation-stats totalBytes="3438672" >
  <allocated-bytes non-tlh="0" tlh="3438672" />
  <largest-consumer threadName="Thread-11" threadId="00000000014B9700" bytes="3438672" />
</allocation-stats>
<gc-op id="182" type="mark" timems="1.302" contextid="179" timestamp="2019-08-02T21:38:56.981">
  <trace-info objectcount="50623" scancount="42207" scanbytes="1486360" />
  <finalization candidates="124" enqueued="0" />
  <ownableSynchronizers candidates="3" cleared="0" />
  <references type="soft" candidates="148" cleared="0" enqueued="0" dynamicThreshold="15" maxThreshold="32" />
  <references type="weak" candidates="769" cleared="0" enqueued="0" />
  <references type="phantom" candidates="63" cleared="0" enqueued="0" />
  <stringconstants candidates="4596" cleared="0"  />
</gc-op>
<gc-op id="183" type="sweep" timems="0.261" contextid="179" timestamp="2019-08-02T21:38:56.981" />
<gc-end id="184" type="global" contextid="179" durationms="2.711" usertimems="8.000" systemtimems="0.000" timestamp="2019-08-02T21:38:56.982" activeThreads="3">
  <mem-info id="185" free="3901568" total="8388608" percent="46">
    <mem type="tenure" free="3901568" total="8388608" percent="46" micro-fragmented="1466869">
      <mem type="soa" free="3414104" total="7885824" percent="43" />
      <mem type="loa" free="487464" total="502784" percent="96" />
    </mem>
  </mem-info>
</gc-end>
<cycle-end id="186" type="global" contextid="179" timestamp="2019-08-02T21:38:56.982" />
  <attribute name="elasticGC enabled" value="1" />
  <attribute name= "numThreadsSpecified" value="3" />
  <attribute name="heapSize specified" value="0" />
  <attribute name= "numCores" value="8" />
  <attribute name ="GC Interval" value="0" />
  <attribute name ="Control flow" value="1" />
  <attribute name="GC Util Range Max" value="88" />
  <attribute name="Current GC Util" value="4" />
  <attribute name= "Current Time Running" value="550" />
<allocation-satisfied id="187" threadId="00000000014B9700" bytesRequested="40" />
<af-end id="188" timestamp="2019-08-02T21:38:56.983" threadId="00000000014BA088" success="true" />
<exclusive-end id="189" timestamp="2019-08-02T21:38:56.983" durationms="3.542" />

<exclusive-start id="190" timestamp="2019-08-02T21:38:56.997" intervalms="17.836">
  <response-info timems="0.065" idlems="0.065" threads="0" lastid="00000000014B9700" lastname="Thread-11" />
</exclusive-start>
<af-start id="191" threadId="00000000014BA088" totalBytesRequested="24" timestamp="2019-08-02T21:38:56.997" intervalms="17.840" />
<cycle-start id="192" type="global" contextid="0" timestamp="2019-08-02T21:38:56.997" intervalms="17.859" />
<gc-start id="193" type="global" contextid="192" timestamp="2019-08-02T21:38:56.997">
  <mem-info id="194" free="502784" total="8388608" percent="5">
    <mem type="tenure" free="502784" total="8388608" percent="5">
      <mem type="soa" free="0" total="7885824" percent="0" />
      <mem type="loa" free="502784" total="502784" percent="100" />
    </mem>
  </mem-info>
</gc-start>
<allocation-stats totalBytes="3395816" >
  <allocated-bytes non-tlh="0" tlh="3395816" />
  <largest-consumer threadName="Thread-11" threadId="00000000014B9700" bytes="3395816" />
</allocation-stats>
<gc-op id="195" type="mark" timems="2.352" contextid="192" timestamp="2019-08-02T21:38:57.000">
  <trace-info objectcount="50779" scancount="42380" scanbytes="1489896" />
  <finalization candidates="124" enqueued="0" />
  <ownableSynchronizers candidates="3" cleared="0" />
  <references type="soft" candidates="148" cleared="0" enqueued="0" dynamicThreshold="14" maxThreshold="32" />
  <references type="weak" candidates="769" cleared="0" enqueued="0" />
  <references type="phantom" candidates="63" cleared="0" enqueued="0" />
  <stringconstants candidates="4596" cleared="0"  />
</gc-op>
<gc-op id="196" type="sweep" timems="0.282" contextid="192" timestamp="2019-08-02T21:38:57.000" />
<gc-end id="197" type="global" contextid="192" durationms="3.791" usertimems="8.000" systemtimems="0.000" timestamp="2019-08-02T21:38:57.001" activeThreads="3">
  <mem-info id="198" free="3861480" total="8388608" percent="46">
    <mem type="tenure" free="3861480" total="8388608" percent="46" micro-fragmented="1417039">
      <mem type="soa" free="3370952" total="7885824" percent="42" />
      <mem type="loa" free="490528" total="502784" percent="97" />
    </mem>
  </mem-info>
</gc-end>
<cycle-end id="199" type="global" contextid="192" timestamp="2019-08-02T21:38:57.001" />
  <attribute name="elasticGC enabled" value="1" />
  <attribute name= "numThreadsSpecified" value="3" />
  <attribute name="heapSize specified" value="0" />
  <attribute name= "numCores" value="8" />
  <attribute name ="GC Interval" value="0" />
  <attribute name ="Control flow" value="1" />
  <attribute name="GC Util Range Max" value="88" />
  <attribute name="Current GC Util" value="11" />
  <attribute name= "Current Time Running" value="568" />
<allocation-satisfied id="200" threadId="00000000014B9700" bytesRequested="24" />
<af-end id="201" timestamp="2019-08-02T21:38:57.001" threadId="00000000014BA088" success="true" />
<exclusive-end id="202" timestamp="2019-08-02T21:38:57.002" durationms="4.635" />

<exclusive-start id="203" timestamp="2019-08-02T21:38:57.015" intervalms="18.503">
  <response-info timems="0.057" idlems="0.057" threads="0" lastid="00000000014B9700" lastname="Thread-11" />
</exclusive-start>
<af-start id="204" threadId="00000000014BA088" totalBytesRequested="40" timestamp="2019-08-02T21:38:57.015" intervalms="18.498" />
<cycle-start id="205" type="global" contextid="0" timestamp="2019-08-02T21:38:57.016" intervalms="18.483" />
<gc-start id="206" type="global" contextid="205" timestamp="2019-08-02T21:38:57.016">
  <mem-info id="207" free="502784" total="8388608" percent="5">
    <mem type="tenure" free="502784" total="8388608" percent="5">
      <mem type="soa" free="0" total="7885824" percent="0" />
      <mem type="loa" free="502784" total="502784" percent="100" />
    </mem>
  </mem-info>
</gc-start>
<allocation-stats totalBytes="3351272" >
  <allocated-bytes non-tlh="0" tlh="3351272" />
  <largest-consumer threadName="Thread-11" threadId="00000000014B9700" bytes="3351272" />
</allocation-stats>
<gc-op id="208" type="mark" timems="1.297" contextid="205" timestamp="2019-08-02T21:38:57.017">
  <trace-info objectcount="50460" scancount="42050" scanbytes="1478404" />
  <finalization candidates="124" enqueued="0" />
  <ownableSynchronizers candidates="3" cleared="0" />
  <references type="soft" candidates="148" cleared="47" enqueued="44" dynamicThreshold="14" maxThreshold="32" />
  <references type="weak" candidates="769" cleared="0" enqueued="0" />
  <references type="phantom" candidates="63" cleared="0" enqueued="0" />
  <stringconstants candidates="4596" cleared="0"  />
</gc-op>
<gc-op id="209" type="sweep" timems="0.297" contextid="205" timestamp="2019-08-02T21:38:57.018" />
<gc-end id="210" type="global" contextid="205" durationms="2.713" usertimems="8.000" systemtimems="0.000" timestamp="2019-08-02T21:38:57.019" activeThreads="3">
  <mem-info id="211" free="3843928" total="8388608" percent="45">
    <mem type="tenure" free="3843928" total="8388608" percent="45" micro-fragmented="1421710">
      <mem type="soa" free="3350944" total="7885824" percent="42" />
      <mem type="loa" free="492984" total="502784" percent="98" />
    </mem>
    <pending-finalizers system="0" default="0" reference="44" classloader="0" />
  </mem-info>
</gc-end>
<cycle-end id="212" type="global" contextid="205" timestamp="2019-08-02T21:38:57.019" />
  <attribute name="elasticGC enabled" value="1" />
  <attribute name= "numThreadsSpecified" value="3" />
  <attribute name="heapSize specified" value="0" />
  <attribute name= "numCores" value="8" />
  <attribute name ="GC Interval" value="0" />
  <attribute name ="Control flow" value="1" />
  <attribute name="GC Util Range Max" value="88" />
  <attribute name="Current GC Util" value="3" />
  <attribute name= "Current Time Running" value="586" />
<allocation-satisfied id="213" threadId="00000000014B9700" bytesRequested="40" />
<af-end id="214" timestamp="2019-08-02T21:38:57.019" threadId="00000000014BA088" success="true" />
<exclusive-end id="215" timestamp="2019-08-02T21:38:57.019" durationms="3.546" />

<exclusive-start id="216" timestamp="2019-08-02T21:38:57.032" intervalms="17.035">
  <response-info timems="0.058" idlems="0.058" threads="0" lastid="00000000014B9700" lastname="Thread-11" />
</exclusive-start>
<af-start id="217" threadId="00000000014BA088" totalBytesRequested="40" timestamp="2019-08-02T21:38:57.033" intervalms="17.034" />
<cycle-start id="218" type="global" contextid="0" timestamp="2019-08-02T21:38:57.033" intervalms="17.039" />
<gc-start id="219" type="global" contextid="218" timestamp="2019-08-02T21:38:57.033">
  <mem-info id="220" free="502784" total="8388608" percent="5">
    <mem type="tenure" free="502784" total="8388608" percent="5">
      <mem type="soa" free="0" total="7885824" percent="0" />
      <mem type="loa" free="502784" total="502784" percent="100" />
    </mem>
  </mem-info>
</gc-start>
<allocation-stats totalBytes="3330880" >
  <allocated-bytes non-tlh="0" tlh="3330880" />
  <largest-consumer threadName="Thread-11" threadId="00000000014B9700" bytes="3329520" />
</allocation-stats>
<gc-op id="221" type="mark" timems="2.409" contextid="218" timestamp="2019-08-02T21:38:57.035">
  <trace-info objectcount="46793" scancount="39208" scanbytes="1400976" />
  <finalization candidates="124" enqueued="0" />
  <ownableSynchronizers candidates="3" cleared="0" />
  <references type="soft" candidates="101" cleared="15" enqueued="13" dynamicThreshold="14" maxThreshold="32" />
  <references type="weak" candidates="769" cleared="0" enqueued="0" />
  <references type="phantom" candidates="63" cleared="0" enqueued="0" />
  <stringconstants candidates="4596" cleared="0"  />
</gc-op>
<gc-op id="222" type="sweep" timems="0.315" contextid="218" timestamp="2019-08-02T21:38:57.036" />
<gc-end id="223" type="global" contextid="218" durationms="3.878" usertimems="8.000" systemtimems="0.000" timestamp="2019-08-02T21:38:57.037" activeThreads="3">
  <mem-info id="224" free="4023304" total="8388608" percent="47">
    <mem type="tenure" free="4023304" total="8388608" percent="47" micro-fragmented="1447622">
      <mem type="soa" free="3528360" total="7885824" percent="44" />
      <mem type="loa" free="494944" total="502784" percent="98" />
    </mem>
    <pending-finalizers system="0" default="0" reference="13" classloader="0" />
  </mem-info>
</gc-end>
<cycle-end id="225" type="global" contextid="218" timestamp="2019-08-02T21:38:57.037" />
  <attribute name="elasticGC enabled" value="1" />
  <attribute name= "numThreadsSpecified" value="3" />
  <attribute name="heapSize specified" value="0" />
  <attribute name= "numCores" value="8" />
  <attribute name ="GC Interval" value="0" />
  <attribute name ="Control flow" value="1" />
  <attribute name="GC Util Range Max" value="88" />
  <attribute name="Current GC Util" value="8" />
  <attribute name= "Current Time Running" value="604" />
<allocation-satisfied id="226" threadId="00000000014B9700" bytesRequested="40" />
<af-end id="227" timestamp="2019-08-02T21:38:57.037" threadId="00000000014BA088" success="true" />
<exclusive-end id="228" timestamp="2019-08-02T21:38:57.037" durationms="4.705" />

<exclusive-start id="229" timestamp="2019-08-02T21:38:57.051" intervalms="18.992">
  <response-info timems="0.058" idlems="0.058" threads="0" lastid="00000000014B9700" lastname="Thread-11" />
</exclusive-start>
<af-start id="230" threadId="00000000014BA088" totalBytesRequested="24" timestamp="2019-08-02T21:38:57.052" intervalms="18.990" />
<cycle-start id="231" type="global" contextid="0" timestamp="2019-08-02T21:38:57.052" intervalms="18.995" />
<gc-start id="232" type="global" contextid="231" timestamp="2019-08-02T21:38:57.052">
  <mem-info id="233" free="502784" total="8388608" percent="5">
    <mem type="tenure" free="502784" total="8388608" percent="5">
      <mem type="soa" free="0" total="7885824" percent="0" />
      <mem type="loa" free="502784" total="502784" percent="100" />
    </mem>
  </mem-info>
</gc-start>
<allocation-stats totalBytes="3507528" >
  <allocated-bytes non-tlh="0" tlh="3507528" />
  <largest-consumer threadName="Thread-11" threadId="00000000014B9700" bytes="3507528" />
</allocation-stats>
<gc-op id="234" type="mark" timems="2.259" contextid="231" timestamp="2019-08-02T21:38:57.054">
  <trace-info objectcount="46971" scancount="39370" scanbytes="1404312" />
  <finalization candidates="124" enqueued="0" />
  <ownableSynchronizers candidates="3" cleared="0" />
  <references type="soft" candidates="86" cleared="0" enqueued="0" dynamicThreshold="15" maxThreshold="32" />
  <references type="weak" candidates="769" cleared="0" enqueued="0" />
  <references type="phantom" candidates="63" cleared="0" enqueued="0" />
  <stringconstants candidates="4596" cleared="0"  />
</gc-op>
<gc-op id="235" type="sweep" timems="0.287" contextid="231" timestamp="2019-08-02T21:38:57.055" />
<gc-end id="236" type="global" contextid="231" durationms="3.684" usertimems="4.000" systemtimems="4.000" timestamp="2019-08-02T21:38:57.056" activeThreads="3">
  <mem-info id="237" free="3966992" total="8388608" percent="47">
    <mem type="tenure" free="3966992" total="8388608" percent="47" micro-fragmented="1411441">
      <mem type="soa" free="3470480" total="7885824" percent="44" />
      <mem type="loa" free="496512" total="502784" percent="98" />
    </mem>
  </mem-info>
</gc-end>
<cycle-end id="238" type="global" contextid="231" timestamp="2019-08-02T21:38:57.056" />
  <attribute name="elasticGC enabled" value="1" />
  <attribute name= "numThreadsSpecified" value="3" />
  <attribute name="heapSize specified" value="0" />
  <attribute name= "numCores" value="8" />
  <attribute name ="GC Interval" value="0" />
  <attribute name ="Control flow" value="1" />
  <attribute name="GC Util Range Max" value="88" />
  <attribute name="Current GC Util" value="7" />
  <attribute name= "Current Time Running" value="623" />
<allocation-satisfied id="239" threadId="00000000014B9700" bytesRequested="24" />
<af-end id="240" timestamp="2019-08-02T21:38:57.056" threadId="00000000014BA088" success="true" />
<exclusive-end id="241" timestamp="2019-08-02T21:38:57.056" durationms="4.511" />

<exclusive-start id="242" timestamp="2019-08-02T21:38:57.070" intervalms="18.750">
  <response-info timems="0.059" idlems="0.059" threads="0" lastid="00000000014B9700" lastname="Thread-11" />
</exclusive-start>
<af-start id="243" threadId="00000000014BA088" totalBytesRequested="40" timestamp="2019-08-02T21:38:57.070" intervalms="18.758" />
<cycle-start id="244" type="global" contextid="0" timestamp="2019-08-02T21:38:57.070" intervalms="18.752" />
<gc-start id="245" type="global" contextid="244" timestamp="2019-08-02T21:38:57.071">
  <mem-info id="246" free="502784" total="8388608" percent="5">
    <mem type="tenure" free="502784" total="8388608" percent="5">
      <mem type="soa" free="0" total="7885824" percent="0" />
      <mem type="loa" free="502784" total="502784" percent="100" />
    </mem>
  </mem-info>
</gc-start>
<allocation-stats totalBytes="3447344" >
  <allocated-bytes non-tlh="0" tlh="3447344" />
  <largest-consumer threadName="Thread-11" threadId="00000000014B9700" bytes="3447344" />
</allocation-stats>
<heap-resize id="247" type="loa contract" space="tenure" amount="83968" count="1" timems="0.000" reason="contract underutilized loa" timestamp="2019-08-02T21:38:57.071" />
<gc-op id="248" type="mark" timems="1.245" contextid="244" timestamp="2019-08-02T21:38:57.072">
  <trace-info objectcount="47230" scancount="39665" scanbytes="1410544" />
  <finalization candidates="124" enqueued="0" />
  <ownableSynchronizers candidates="3" cleared="0" />
  <references type="soft" candidates="86" cleared="0" enqueued="0" dynamicThreshold="15" maxThreshold="32" />
  <references type="weak" candidates="769" cleared="0" enqueued="0" />
  <references type="phantom" candidates="63" cleared="0" enqueued="0" />
  <stringconstants candidates="4596" cleared="0"  />
</gc-op>
<gc-op id="249" type="sweep" timems="0.326" contextid="244" timestamp="2019-08-02T21:38:57.073" />
<gc-end id="250" type="global" contextid="244" durationms="2.938" usertimems="4.000" systemtimems="0.000" timestamp="2019-08-02T21:38:57.074" activeThreads="3">
  <mem-info id="251" free="3901904" total="8388608" percent="46">
    <mem type="tenure" free="3901904" total="8388608" percent="46" micro-fragmented="1462278">
      <mem type="soa" free="3487264" total="7969792" percent="43" />
      <mem type="loa" free="414640" total="418816" percent="99" />
    </mem>
  </mem-info>
</gc-end>
<cycle-end id="252" type="global" contextid="244" timestamp="2019-08-02T21:38:57.074" />
  <attribute name="elasticGC enabled" value="1" />
  <attribute name= "numThreadsSpecified" value="3" />
  <attribute name="heapSize specified" value="0" />
  <attribute name= "numCores" value="8" />
  <attribute name ="GC Interval" value="0" />
  <attribute name ="Control flow" value="1" />
  <attribute name="GC Util Range Max" value="88" />
  <attribute name="Current GC Util" value="6" />
  <attribute name= "Current Time Running" value="641" />
<allocation-satisfied id="253" threadId="00000000014B9700" bytesRequested="40" />
<af-end id="254" timestamp="2019-08-02T21:38:57.074" threadId="00000000014BA088" success="true" />
<exclusive-end id="255" timestamp="2019-08-02T21:38:57.074" durationms="3.786" />

<exclusive-start id="256" timestamp="2019-08-02T21:38:57.088" intervalms="18.104">
  <response-info timems="0.064" idlems="0.064" threads="0" lastid="00000000014B9700" lastname="Thread-11" />
</exclusive-start>
<af-start id="257" threadId="00000000014BA088" totalBytesRequested="40" timestamp="2019-08-02T21:38:57.088" intervalms="18.098" />
<cycle-start id="258" type="global" contextid="0" timestamp="2019-08-02T21:38:57.089" intervalms="18.099" />
<gc-start id="259" type="global" contextid="258" timestamp="2019-08-02T21:38:57.089">
  <mem-info id="260" free="418816" total="8388608" percent="4">
    <mem type="tenure" free="418816" total="8388608" percent="4">
      <mem type="soa" free="0" total="7969792" percent="0" />
      <mem type="loa" free="418816" total="418816" percent="100" />
    </mem>
  </mem-info>
</gc-start>
<allocation-stats totalBytes="3464408" >
  <allocated-bytes non-tlh="0" tlh="3464408" />
  <largest-consumer threadName="Thread-11" threadId="00000000014B9700" bytes="3464408" />
</allocation-stats>
<heap-resize id="261" type="loa contract" space="tenure" amount="83968" count="1" timems="0.000" reason="contract underutilized loa" timestamp="2019-08-02T21:38:57.089" />
<gc-op id="262" type="mark" timems="1.263" contextid="258" timestamp="2019-08-02T21:38:57.090">
  <trace-info objectcount="47446" scancount="39857" scanbytes="1415688" />
  <finalization candidates="124" enqueued="0" />
  <ownableSynchronizers candidates="3" cleared="0" />
  <references type="soft" candidates="86" cleared="2" enqueued="1" dynamicThreshold="14" maxThreshold="32" />
  <references type="weak" candidates="769" cleared="0" enqueued="0" />
  <references type="phantom" candidates="63" cleared="0" enqueued="0" />
  <stringconstants candidates="4596" cleared="0"  />
</gc-op>
<gc-op id="263" type="sweep" timems="0.328" contextid="258" timestamp="2019-08-02T21:38:57.091" />
<gc-end id="264" type="global" contextid="258" durationms="2.883" usertimems="4.000" systemtimems="0.000" timestamp="2019-08-02T21:38:57.092" activeThreads="3">
  <mem-info id="265" free="3842640" total="8388608" percent="45">
    <mem type="tenure" free="3842640" total="8388608" percent="45" micro-fragmented="1461469">
      <mem type="soa" free="3510464" total="8053760" percent="43" />
      <mem type="loa" free="332176" total="334848" percent="99" />
    </mem>
    <pending-finalizers system="0" default="0" reference="1" classloader="0" />
  </mem-info>
</gc-end>
<cycle-end id="266" type="global" contextid="258" timestamp="2019-08-02T21:38:57.092" />
  <attribute name="elasticGC enabled" value="1" />
  <attribute name= "numThreadsSpecified" value="3" />
  <attribute name="heapSize specified" value="0" />
  <attribute name= "numCores" value="8" />
  <attribute name ="GC Interval" value="0" />
  <attribute name ="Control flow" value="1" />
  <attribute name="GC Util Range Max" value="88" />
  <attribute name="Current GC Util" value="6" />
  <attribute name= "Current Time Running" value="659" />
<allocation-satisfied id="267" threadId="00000000014B9700" bytesRequested="40" />
<af-end id="268" timestamp="2019-08-02T21:38:57.092" threadId="00000000014BA088" success="true" />
<exclusive-end id="269" timestamp="2019-08-02T21:38:57.092" durationms="3.726" />

<concurrent-kickoff id="270" timestamp="2019-08-02T21:38:57.107">
  <kickoff reason="threshold reached" targetBytes="2489738" thresholdFreeBytes="343258" remainingFree="332176" tenureFreeBytes="332176" />
</concurrent-kickoff>
<exclusive-start id="271" timestamp="2019-08-02T21:38:57.107" intervalms="18.718">
  <response-info timems="0.063" idlems="0.063" threads="0" lastid="00000000014B9700" lastname="Thread-11" />
</exclusive-start>
<cycle-start id="272" type="global" contextid="0" timestamp="2019-08-02T21:38:57.107" intervalms="18.472" />
<exclusive-end id="273" timestamp="2019-08-02T21:38:57.107" durationms="0.187" />

<exclusive-start id="274" timestamp="2019-08-02T21:38:57.108" intervalms="0.641">
  <response-info timems="0.017" idlems="0.017" threads="0" lastid="00000000014B9700" lastname="Thread-11" />
</exclusive-start>
<af-start id="275" threadId="00000000014BA088" totalBytesRequested="40" timestamp="2019-08-02T21:38:57.108" intervalms="19.321" />
<concurrent-aborted id="276" timestamp="2019-08-02T21:38:57.108">
  <reason value="insufficient progress made" />
</concurrent-aborted>
<cycle-end id="277" type="global" contextid="272" timestamp="2019-08-02T21:38:57.108" />
  <attribute name="elasticGC enabled" value="1" />
  <attribute name= "numThreadsSpecified" value="3" />
  <attribute name="heapSize specified" value="0" />
  <attribute name= "numCores" value="8" />
  <attribute name ="GC Interval" value="0" />
  <attribute name ="Control flow" value="1" />
  <attribute name="GC Util Range Max" value="88" />
  <attribute name="Current GC Util" value="17" />
  <attribute name= "Current Time Running" value="676" />
<cycle-start id="278" type="global" contextid="0" timestamp="2019-08-02T21:38:57.108" intervalms="1.032" />
<gc-start id="279" type="global" contextid="278" timestamp="2019-08-02T21:38:57.108">
  <mem-info id="280" free="334848" total="8388608" percent="3">
    <mem type="tenure" free="334848" total="8388608" percent="3">
      <mem type="soa" free="0" total="8053760" percent="0" />
      <mem type="loa" free="334848" total="334848" percent="100" />
    </mem>
  </mem-info>
</gc-start>
<allocation-stats totalBytes="3486824" >
  <allocated-bytes non-tlh="0" tlh="3486824" />
  <largest-consumer threadName="Thread-11" threadId="00000000014B9700" bytes="3485896" />
</allocation-stats>
<heap-resize id="281" type="loa contract" space="tenure" amount="83968" count="1" timems="0.000" reason="contract underutilized loa" timestamp="2019-08-02T21:38:57.108" />
<gc-op id="282" type="mark" timems="1.215" contextid="278" timestamp="2019-08-02T21:38:57.110">
  <trace-info objectcount="47617" scancount="40040" scanbytes="1420512" />
  <finalization candidates="124" enqueued="0" />
  <ownableSynchronizers candidates="3" cleared="0" />
  <references type="soft" candidates="84" cleared="0" enqueued="0" dynamicThreshold="14" maxThreshold="32" />
  <references type="weak" candidates="769" cleared="0" enqueued="0" />
  <references type="phantom" candidates="63" cleared="0" enqueued="0" />
  <stringconstants candidates="4596" cleared="0"  />
</gc-op>
<gc-op id="283" type="sweep" timems="0.282" contextid="278" timestamp="2019-08-02T21:38:57.110" />
<gc-end id="284" type="global" contextid="278" durationms="2.523" usertimems="4.000" systemtimems="0.000" timestamp="2019-08-02T21:38:57.111" activeThreads="4">
  <mem-info id="285" free="3797576" total="8388608" percent="45">
    <mem type="tenure" free="3797576" total="8388608" percent="45" micro-fragmented="1521440">
      <mem type="soa" free="3548296" total="8137728" percent="43" />
      <mem type="loa" free="249280" total="250880" percent="99" />
    </mem>
  </mem-info>
</gc-end>
<cycle-end id="286" type="global" contextid="278" timestamp="2019-08-02T21:38:57.111" />
  <attribute name="elasticGC enabled" value="1" />
  <attribute name= "numThreadsSpecified" value="4" />
  <attribute name="heapSize specified" value="0" />
  <attribute name= "numCores" value="8" />
  <attribute name ="GC Interval" value="0" />
  <attribute name ="Control flow" value="1" />
  <attribute name="GC Util Range Max" value="88" />
  <attribute name="Current GC Util" value="4" />
  <attribute name= "Current Time Running" value="678" />
<allocation-satisfied id="287" threadId="00000000014B9700" bytesRequested="40" />
<af-end id="288" timestamp="2019-08-02T21:38:57.111" threadId="00000000014BA088" success="true" />
<exclusive-end id="289" timestamp="2019-08-02T21:38:57.111" durationms="3.442" />

<concurrent-kickoff id="290" timestamp="2019-08-02T21:38:57.123">
  <kickoff reason="threshold reached" targetBytes="2489738" thresholdFreeBytes="343258" remainingFree="334496" tenureFreeBytes="334496" />
</concurrent-kickoff>
<exclusive-start id="291" timestamp="2019-08-02T21:38:57.123" intervalms="15.567">
  <response-info timems="0.061" idlems="0.061" threads="0" lastid="00000000014B9700" lastname="Thread-11" />
</exclusive-start>
<cycle-start id="292" type="global" contextid="0" timestamp="2019-08-02T21:38:57.123" intervalms="15.185" />
<exclusive-end id="293" timestamp="2019-08-02T21:38:57.123" durationms="0.191" />

<exclusive-start id="294" timestamp="2019-08-02T21:38:57.124" intervalms="0.667">
  <response-info timems="0.016" idlems="0.016" threads="0" lastid="00000000014B9700" lastname="Thread-11" />
</exclusive-start>
<af-start id="295" threadId="00000000014BA088" totalBytesRequested="40" timestamp="2019-08-02T21:38:57.124" intervalms="16.236" />
<concurrent-aborted id="296" timestamp="2019-08-02T21:38:57.124">
  <reason value="insufficient progress made" />
</concurrent-aborted>
<cycle-end id="297" type="global" contextid="292" timestamp="2019-08-02T21:38:57.124" />
  <attribute name="elasticGC enabled" value="1" />
  <attribute name= "numThreadsSpecified" value="4" />
  <attribute name="heapSize specified" value="0" />
  <attribute name= "numCores" value="8" />
  <attribute name ="GC Interval" value="0" />
  <attribute name ="Control flow" value="1" />
  <attribute name="GC Util Range Max" value="88" />
  <attribute name="Current GC Util" value="25" />
  <attribute name= "Current Time Running" value="692" />
<cycle-start id="298" type="global" contextid="0" timestamp="2019-08-02T21:38:57.124" intervalms="1.068" />
<gc-start id="299" type="global" contextid="298" timestamp="2019-08-02T21:38:57.124">
  <mem-info id="300" free="250880" total="8388608" percent="2">
    <mem type="tenure" free="250880" total="8388608" percent="2">
      <mem type="soa" free="0" total="8137728" percent="0" />
      <mem type="loa" free="250880" total="250880" percent="100" />
    </mem>
  </mem-info>
</gc-start>
<allocation-stats totalBytes="3524560" >
  <allocated-bytes non-tlh="0" tlh="3524560" />
  <largest-consumer threadName="Thread-11" threadId="00000000014B9700" bytes="3524560" />
</allocation-stats>
<heap-resize id="301" type="loa contract" space="tenure" amount="83968" count="1" timems="0.000" reason="contract underutilized loa" timestamp="2019-08-02T21:38:57.125" />
<gc-op id="302" type="mark" timems="2.070" contextid="298" timestamp="2019-08-02T21:38:57.127">
  <trace-info objectcount="47754" scancount="40165" scanbytes="1423576" />
  <finalization candidates="124" enqueued="0" />
  <ownableSynchronizers candidates="3" cleared="0" />
  <references type="soft" candidates="84" cleared="0" enqueued="0" dynamicThreshold="14" maxThreshold="32" />
  <references type="weak" candidates="769" cleared="0" enqueued="0" />
  <references type="phantom" candidates="63" cleared="0" enqueued="0" />
  <stringconstants candidates="4596" cleared="0"  />
</gc-op>
<gc-op id="303" type="sweep" timems="0.306" contextid="298" timestamp="2019-08-02T21:38:57.127" />
<gc-end id="304" type="global" contextid="298" durationms="3.492" usertimems="8.000" systemtimems="0.000" timestamp="2019-08-02T21:38:57.128" activeThreads="4">
  <mem-info id="305" free="3744064" total="8388608" percent="44">
    <mem type="tenure" free="3744064" total="8388608" percent="44" micro-fragmented="1491250">
      <mem type="soa" free="3578000" total="8221696" percent="43" />
      <mem type="loa" free="166064" total="166912" percent="99" />
    </mem>
  </mem-info>
</gc-end>
<cycle-end id="306" type="global" contextid="298" timestamp="2019-08-02T21:38:57.128" />
  <attribute name="elasticGC enabled" value="1" />
  <attribute name= "numThreadsSpecified" value="4" />
  <attribute name="heapSize specified" value="0" />
  <attribute name= "numCores" value="8" />
  <attribute name ="GC Interval" value="0" />
  <attribute name ="Control flow" value="1" />
  <attribute name="GC Util Range Max" value="88" />
  <attribute name="Current GC Util" value="5" />
  <attribute name= "Current Time Running" value="695" />
<allocation-satisfied id="307" threadId="00000000014B9700" bytesRequested="40" />
<af-end id="308" timestamp="2019-08-02T21:38:57.128" threadId="00000000014BA088" success="true" />
<exclusive-end id="309" timestamp="2019-08-02T21:38:57.128" durationms="4.443" />

<concurrent-kickoff id="310" timestamp="2019-08-02T21:38:57.143">
  <kickoff reason="threshold reached" targetBytes="2489738" thresholdFreeBytes="343258" remainingFree="341328" tenureFreeBytes="341328" />
</concurrent-kickoff>
<exclusive-start id="311" timestamp="2019-08-02T21:38:57.143" intervalms="18.837">
  <response-info timems="0.067" idlems="0.067" threads="0" lastid="00000000014B9700" lastname="Thread-11" />
</exclusive-start>
<cycle-start id="312" type="global" contextid="0" timestamp="2019-08-02T21:38:57.143" intervalms="18.443" />
<exclusive-end id="313" timestamp="2019-08-02T21:38:57.143" durationms="0.200" />

<exclusive-start id="314" timestamp="2019-08-02T21:38:57.144" intervalms="1.524">
  <response-info timems="0.025" idlems="0.025" threads="0" lastid="00000000014B9700" lastname="Thread-11" />
</exclusive-start>
<af-start id="315" threadId="00000000014BA088" totalBytesRequested="40" timestamp="2019-08-02T21:38:57.144" intervalms="20.370" />
<gc-start id="316" type="global" contextid="312" timestamp="2019-08-02T21:38:57.145">
  <mem-info id="317" free="166912" total="8388608" percent="1">
    <mem type="tenure" free="166912" total="8388608" percent="1">
      <mem type="soa" free="0" total="8221696" percent="0" />
      <mem type="loa" free="166912" total="166912" percent="100" />
    </mem>
  </mem-info>
</gc-start>
<allocation-stats totalBytes="3553688" >
  <allocated-bytes non-tlh="0" tlh="3553688" />
  <largest-consumer threadName="Thread-11" threadId="00000000014B9700" bytes="3553688" />
</allocation-stats>
<heap-resize id="318" type="loa contract" space="tenure" amount="83968" count="1" timems="0.000" reason="contract underutilized loa" timestamp="2019-08-02T21:38:57.145" />
<concurrent-halted id="319" timestamp="2019-08-02T21:38:57.145">
  <halted state="Complete" status="trace only" />
  <traced bytesTarget="2489738" bytesTotal="287828" bytesByMutator="262192" bytesByHelper="25636" percent="11" />
  <cards cleaned="0" thresholdBytes="135222" />
</concurrent-halted>
<gc-op id="320" type="card-cleaning" timems="0.317" contextid="312" timestamp="2019-08-02T21:38:57.145">
  <card-cleaning cardsCleaned="17" bytesTraced="6968" workStackOverflowCount="0" />
</gc-op>
<gc-op id="321" type="mark" timems="1.106" contextid="312" timestamp="2019-08-02T21:38:57.146">
  <trace-info objectcount="36463" scancount="31044" scanbytes="1135284" />
  <finalization candidates="124" enqueued="0" />
  <ownableSynchronizers candidates="3" cleared="0" />
  <references type="soft" candidates="84" cleared="0" enqueued="0" dynamicThreshold="14" maxThreshold="32" />
  <references type="weak" candidates="769" cleared="0" enqueued="0" />
  <references type="phantom" candidates="63" cleared="0" enqueued="0" />
  <stringconstants candidates="4596" cleared="0"  />
</gc-op>
<gc-op id="322" type="sweep" timems="0.309" contextid="312" timestamp="2019-08-02T21:38:57.147" />
<gc-end id="323" type="global" contextid="312" durationms="3.528" usertimems="8.000" systemtimems="0.000" timestamp="2019-08-02T21:38:57.148" activeThreads="2">
  <mem-info id="324" free="3695840" total="8388608" percent="44">
    <mem type="tenure" free="3695840" total="8388608" percent="44" micro-fragmented="1532531">
      <mem type="soa" free="3613232" total="8305664" percent="43" />
      <mem type="loa" free="82608" total="82944" percent="99" />
    </mem>
  </mem-info>
</gc-end>
<cycle-end id="325" type="global" contextid="312" timestamp="2019-08-02T21:38:57.148" />
  <attribute name="elasticGC enabled" value="1" />
  <attribute name= "numThreadsSpecified" value="2" />
  <attribute name="heapSize specified" value="0" />
  <attribute name= "numCores" value="8" />
  <attribute name ="GC Interval" value="0" />
  <attribute name ="Control flow" value="1" />
  <attribute name="GC Util Range Max" value="88" />
  <attribute name="Current GC Util" value="5" />
  <attribute name= "Current Time Running" value="715" />
<allocation-satisfied id="326" threadId="00000000014B9700" bytesRequested="40" />
<af-end id="327" timestamp="2019-08-02T21:38:57.148" threadId="00000000014BA088" success="true" />
<exclusive-end id="328" timestamp="2019-08-02T21:38:57.148" durationms="4.129" />

<concurrent-kickoff id="329" timestamp="2019-08-02T21:38:57.160">
  <kickoff reason="threshold reached" targetBytes="2121578" thresholdFreeBytes="289483" remainingFree="284384" tenureFreeBytes="284384" />
</concurrent-kickoff>
<exclusive-start id="330" timestamp="2019-08-02T21:38:57.160" intervalms="15.905">
  <response-info timems="0.058" idlems="0.058" threads="0" lastid="00000000014B9700" lastname="Thread-11" />
</exclusive-start>
<cycle-start id="331" type="global" contextid="0" timestamp="2019-08-02T21:38:57.160" intervalms="17.426" />
<exclusive-end id="332" timestamp="2019-08-02T21:38:57.160" durationms="0.193" />

<exclusive-start id="333" timestamp="2019-08-02T21:38:57.163" intervalms="2.666">
  <response-info timems="0.047" idlems="0.030" threads="1" lastid="0000000001146600" lastname="JIT Compilation Thread-0" />
</exclusive-start>
<af-start id="334" threadId="00000000014BA088" totalBytesRequested="40" timestamp="2019-08-02T21:38:57.163" intervalms="18.598" />
<gc-start id="335" type="global" contextid="331" timestamp="2019-08-02T21:38:57.163">
  <mem-info id="336" free="82944" total="8388608" percent="0">
    <mem type="tenure" free="82944" total="8388608" percent="0">
      <mem type="soa" free="0" total="8305664" percent="0" />
      <mem type="loa" free="82944" total="82944" percent="100" />
    </mem>
  </mem-info>
</gc-start>
<allocation-stats totalBytes="3588488" >
  <allocated-bytes non-tlh="0" tlh="3588488" />
  <largest-consumer threadName="Thread-11" threadId="00000000014B9700" bytes="3588488" />
</allocation-stats>
<concurrent-halted id="337" timestamp="2019-08-02T21:38:57.163">
  <halted state="Class scanning incomplete" status="clean trace" />
  <traced bytesTarget="2121578" bytesTotal="943604" bytesByMutator="157512" bytesByHelper="786092" percent="44" />
  <cards cleaned="10" thresholdBytes="114038" />
</concurrent-halted>
<gc-op id="338" type="card-cleaning" timems="0.089" contextid="331" timestamp="2019-08-02T21:38:57.163">
  <card-cleaning cardsCleaned="3" bytesTraced="680" workStackOverflowCount="0" />
</gc-op>
<gc-op id="339" type="mark" timems="0.806" contextid="331" timestamp="2019-08-02T21:38:57.164">
  <trace-info objectcount="14835" scancount="14175" scanbytes="501432" />
  <finalization candidates="124" enqueued="0" />
  <ownableSynchronizers candidates="3" cleared="0" />
  <references type="soft" candidates="84" cleared="0" enqueued="0" dynamicThreshold="14" maxThreshold="32" />
  <references type="weak" candidates="769" cleared="0" enqueued="0" />
  <references type="phantom" candidates="63" cleared="0" enqueued="0" />
  <stringconstants candidates="4596" cleared="0"  />
</gc-op>
<gc-op id="340" type="sweep" timems="0.333" contextid="331" timestamp="2019-08-02T21:38:57.165" />
<gc-end id="341" type="global" contextid="331" durationms="2.613" usertimems="4.000" systemtimems="0.000" timestamp="2019-08-02T21:38:57.166" activeThreads="3">
  <mem-info id="342" free="3626696" total="8388608" percent="43">
    <mem type="tenure" free="3626696" total="8388608" percent="43" micro-fragmented="1598381">
      <mem type="soa" free="3544024" total="8305664" percent="42" />
      <mem type="loa" free="82672" total="82944" percent="99" />
    </mem>
  </mem-info>
</gc-end>
<cycle-end id="343" type="global" contextid="331" timestamp="2019-08-02T21:38:57.166" />
  <attribute name="elasticGC enabled" value="1" />
  <attribute name= "numThreadsSpecified" value="3" />
  <attribute name="heapSize specified" value="0" />
  <attribute name= "numCores" value="8" />
  <attribute name ="GC Interval" value="0" />
  <attribute name ="Control flow" value="1" />
  <attribute name="GC Util Range Max" value="88" />
  <attribute name="Current GC Util" value="3" />
  <attribute name= "Current Time Running" value="733" />
<allocation-satisfied id="344" threadId="00000000014B9700" bytesRequested="40" />
<af-end id="345" timestamp="2019-08-02T21:38:57.166" threadId="00000000014BA088" success="true" />
<exclusive-end id="346" timestamp="2019-08-02T21:38:57.166" durationms="3.318" />

<concurrent-kickoff id="347" timestamp="2019-08-02T21:38:57.176">
  <kickoff reason="threshold reached" targetBytes="944284" thresholdFreeBytes="132341" remainingFree="103640" tenureFreeBytes="103640" />
</concurrent-kickoff>
<exclusive-start id="348" timestamp="2019-08-02T21:38:57.177" intervalms="13.735">
  <response-info timems="0.033" idlems="0.033" threads="0" lastid="00000000014B9700" lastname="Thread-11" />
</exclusive-start>
<cycle-start id="349" type="global" contextid="0" timestamp="2019-08-02T21:38:57.177" intervalms="16.401" />
<exclusive-end id="350" timestamp="2019-08-02T21:38:57.177" durationms="0.199" />

<exclusive-start id="351" timestamp="2019-08-02T21:38:57.177" intervalms="0.509">
  <response-info timems="0.019" idlems="0.019" threads="0" lastid="00000000014B9700" lastname="Thread-11" />
</exclusive-start>
<af-start id="352" threadId="00000000014BA088" totalBytesRequested="40" timestamp="2019-08-02T21:38:57.177" intervalms="14.207" />
<concurrent-aborted id="353" timestamp="2019-08-02T21:38:57.177">
  <reason value="insufficient progress made" />
</concurrent-aborted>
<cycle-end id="354" type="global" contextid="349" timestamp="2019-08-02T21:38:57.177" />
  <attribute name="elasticGC enabled" value="1" />
  <attribute name= "numThreadsSpecified" value="3" />
  <attribute name="heapSize specified" value="0" />
  <attribute name= "numCores" value="8" />
  <attribute name ="GC Interval" value="0" />
  <attribute name ="Control flow" value="1" />
  <attribute name="GC Util Range Max" value="88" />
  <attribute name="Current GC Util" value="28" />
  <attribute name= "Current Time Running" value="745" />
<cycle-start id="355" type="global" contextid="0" timestamp="2019-08-02T21:38:57.178" intervalms="0.897" />
<gc-start id="356" type="global" contextid="355" timestamp="2019-08-02T21:38:57.178">
  <mem-info id="357" free="82944" total="8388608" percent="0">
    <mem type="tenure" free="82944" total="8388608" percent="0">
      <mem type="soa" free="0" total="8305664" percent="0" />
      <mem type="loa" free="82944" total="82944" percent="100" />
    </mem>
  </mem-info>
</gc-start>
<allocation-stats totalBytes="3519184" >
  <allocated-bytes non-tlh="0" tlh="3519184" />
  <largest-consumer threadName="Thread-11" threadId="00000000014B9700" bytes="3519184" />
</allocation-stats>
<gc-op id="358" type="mark" timems="2.947" contextid="355" timestamp="2019-08-02T21:38:57.181">
  <trace-info objectcount="48376" scancount="40792" scanbytes="1438744" />
  <finalization candidates="124" enqueued="0" />
  <ownableSynchronizers candidates="3" cleared="0" />
  <references type="soft" candidates="84" cleared="0" enqueued="0" dynamicThreshold="13" maxThreshold="32" />
  <references type="weak" candidates="769" cleared="0" enqueued="0" />
  <references type="phantom" candidates="63" cleared="0" enqueued="0" />
  <stringconstants candidates="4596" cleared="0"  />
</gc-op>
<gc-op id="359" type="sweep" timems="0.318" contextid="355" timestamp="2019-08-02T21:38:57.181" />
<gc-end id="360" type="global" contextid="355" durationms="4.503" usertimems="8.000" systemtimems="0.000" timestamp="2019-08-02T21:38:57.182" activeThreads="4">
  <mem-info id="361" free="3563368" total="8388608" percent="42">
    <mem type="tenure" free="3563368" total="8388608" percent="42" micro-fragmented="1641043">
      <mem type="soa" free="3480640" total="8305664" percent="41" />
      <mem type="loa" free="82728" total="82944" percent="99" />
    </mem>
  </mem-info>
</gc-end>
<cycle-end id="362" type="global" contextid="355" timestamp="2019-08-02T21:38:57.182" />
  <attribute name="elasticGC enabled" value="1" />
  <attribute name= "numThreadsSpecified" value="4" />
  <attribute name="heapSize specified" value="0" />
  <attribute name= "numCores" value="8" />
  <attribute name ="GC Interval" value="0" />
  <attribute name ="Control flow" value="1" />
  <attribute name="GC Util Range Max" value="88" />
  <attribute name="Current GC Util" value="4" />
  <attribute name= "Current Time Running" value="749" />
<allocation-satisfied id="363" threadId="00000000014B9700" bytesRequested="40" />
<af-end id="364" timestamp="2019-08-02T21:38:57.182" threadId="00000000014BA088" success="true" />
<exclusive-end id="365" timestamp="2019-08-02T21:38:57.183" durationms="5.498" />

<concurrent-kickoff id="366" timestamp="2019-08-02T21:38:57.192">
  <kickoff reason="threshold reached" targetBytes="1889361" thresholdFreeBytes="258074" remainingFree="256224" tenureFreeBytes="256224" />
</concurrent-kickoff>
<exclusive-start id="367" timestamp="2019-08-02T21:38:57.192" intervalms="15.187">
  <response-info timems="0.057" idlems="0.057" threads="0" lastid="00000000014B9700" lastname="Thread-11" />
</exclusive-start>
<cycle-start id="368" type="global" contextid="0" timestamp="2019-08-02T21:38:57.192" intervalms="14.767" />
<exclusive-end id="369" timestamp="2019-08-02T21:38:57.192" durationms="0.129" />

<exclusive-start id="370" timestamp="2019-08-02T21:38:57.194" intervalms="2.155">
  <response-info timems="0.026" idlems="0.026" threads="0" lastid="00000000014B9700" lastname="Thread-11" />
</exclusive-start>
<af-start id="371" threadId="00000000014BA088" totalBytesRequested="40" timestamp="2019-08-02T21:38:57.194" intervalms="17.341" />
<gc-start id="372" type="global" contextid="368" timestamp="2019-08-02T21:38:57.195">
  <mem-info id="373" free="82944" total="8388608" percent="0">
    <mem type="tenure" free="82944" total="8388608" percent="0">
      <mem type="soa" free="0" total="8305664" percent="0" />
      <mem type="loa" free="82944" total="82944" percent="100" />
    </mem>
  </mem-info>
</gc-start>
<allocation-stats totalBytes="3456032" >
  <allocated-bytes non-tlh="0" tlh="3456032" />
  <largest-consumer threadName="Thread-11" threadId="00000000014B9700" bytes="3456032" />
</allocation-stats>
<concurrent-halted id="374" timestamp="2019-08-02T21:38:57.195">
  <halted state="Complete" status="exhausted" />
  <traced bytesTarget="1889361" bytesTotal="741100" bytesByMutator="124800" bytesByHelper="616300" percent="39" />
  <cards cleaned="14" thresholdBytes="101665" />
</concurrent-halted>
<gc-op id="375" type="card-cleaning" timems="0.070" contextid="368" timestamp="2019-08-02T21:38:57.195">
  <card-cleaning cardsCleaned="4" bytesTraced="680" workStackOverflowCount="0" />
</gc-op>
<gc-op id="376" type="mark" timems="0.883" contextid="368" timestamp="2019-08-02T21:38:57.196">
  <trace-info objectcount="19320" scancount="18654" scanbytes="723360" />
  <finalization candidates="124" enqueued="0" />
  <ownableSynchronizers candidates="3" cleared="0" />
  <references type="soft" candidates="84" cleared="0" enqueued="0" dynamicThreshold="13" maxThreshold="32" />
  <references type="weak" candidates="769" cleared="0" enqueued="0" />
  <references type="phantom" candidates="63" cleared="0" enqueued="0" />
  <stringconstants candidates="4596" cleared="0"  />
</gc-op>
<gc-op id="377" type="sweep" timems="0.315" contextid="368" timestamp="2019-08-02T21:38:57.196" />
<gc-end id="378" type="global" contextid="368" durationms="2.564" usertimems="0.000" systemtimems="4.000" timestamp="2019-08-02T21:38:57.197" activeThreads="4">
  <mem-info id="379" free="3515832" total="8388608" percent="41">
    <mem type="tenure" free="3515832" total="8388608" percent="41" micro-fragmented="1605968">
      <mem type="soa" free="3433056" total="8305664" percent="41" />
      <mem type="loa" free="82776" total="82944" percent="99" />
    </mem>
  </mem-info>
</gc-end>
<cycle-end id="380" type="global" contextid="368" timestamp="2019-08-02T21:38:57.197" />
  <attribute name="elasticGC enabled" value="1" />
  <attribute name= "numThreadsSpecified" value="4" />
  <attribute name="heapSize specified" value="0" />
  <attribute name= "numCores" value="8" />
  <attribute name ="GC Interval" value="0" />
  <attribute name ="Control flow" value="1" />
  <attribute name="GC Util Range Max" value="88" />
  <attribute name="Current GC Util" value="6" />
  <attribute name= "Current Time Running" value="764" />
<allocation-satisfied id="381" threadId="00000000014B9700" bytesRequested="40" />
<af-end id="382" timestamp="2019-08-02T21:38:57.198" threadId="00000000014BA088" success="true" />
<exclusive-end id="383" timestamp="2019-08-02T21:38:57.198" durationms="3.273" />

<concurrent-kickoff id="384" timestamp="2019-08-02T21:38:57.206">
  <kickoff reason="threshold reached" targetBytes="1637769" thresholdFreeBytes="224703" remainingFree="216560" tenureFreeBytes="216560" />
</concurrent-kickoff>
<exclusive-start id="385" timestamp="2019-08-02T21:38:57.206" intervalms="11.762">
  <response-info timems="0.056" idlems="0.056" threads="0" lastid="00000000014B9700" lastname="Thread-11" />
</exclusive-start>
<cycle-start id="386" type="global" contextid="0" timestamp="2019-08-02T21:38:57.206" intervalms="13.948" />
<exclusive-end id="387" timestamp="2019-08-02T21:38:57.206" durationms="0.180" />

<exclusive-start id="388" timestamp="2019-08-02T21:38:57.208" intervalms="1.965">
  <response-info timems="0.023" idlems="0.023" threads="0" lastid="00000000014B9700" lastname="Thread-11" />
</exclusive-start>
<af-start id="389" threadId="00000000014BA088" totalBytesRequested="24" timestamp="2019-08-02T21:38:57.208" intervalms="13.723" />
<gc-start id="390" type="global" contextid="386" timestamp="2019-08-02T21:38:57.208">
  <mem-info id="391" free="82944" total="8388608" percent="0">
    <mem type="tenure" free="82944" total="8388608" percent="0">
      <mem type="soa" free="0" total="8305664" percent="0" />
      <mem type="loa" free="82944" total="82944" percent="100" />
    </mem>
  </mem-info>
</gc-start>
<allocation-stats totalBytes="3407744" >
  <allocated-bytes non-tlh="0" tlh="3407744" />
  <largest-consumer threadName="Thread-11" threadId="00000000014B9700" bytes="3407744" />
</allocation-stats>
<concurrent-halted id="392" timestamp="2019-08-02T21:38:57.209">
  <halted state="Class scanning incomplete" status="clean trace" />
  <traced bytesTarget="1637769" bytesTotal="732148" bytesByMutator="111120" bytesByHelper="621028" percent="44" />
  <cards cleaned="11" thresholdBytes="88519" />
</concurrent-halted>
<gc-op id="393" type="card-cleaning" timems="0.108" contextid="386" timestamp="2019-08-02T21:38:57.209">
  <card-cleaning cardsCleaned="5" bytesTraced="776" workStackOverflowCount="0" />
</gc-op>
<gc-op id="394" type="mark" timems="0.898" contextid="386" timestamp="2019-08-02T21:38:57.210">
  <trace-info objectcount="19681" scancount="19015" scanbytes="732136" />
  <finalization candidates="124" enqueued="0" />
  <ownableSynchronizers candidates="3" cleared="0" />
  <references type="soft" candidates="84" cleared="0" enqueued="0" dynamicThreshold="13" maxThreshold="32" />
  <references type="weak" candidates="769" cleared="0" enqueued="0" />
  <references type="phantom" candidates="63" cleared="0" enqueued="0" />
  <stringconstants candidates="4596" cleared="0"  />
</gc-op>
<gc-op id="395" type="sweep" timems="0.314" contextid="386" timestamp="2019-08-02T21:38:57.210" />
<gc-end id="396" type="global" contextid="386" durationms="2.797" usertimems="4.000" systemtimems="0.000" timestamp="2019-08-02T21:38:57.211" activeThreads="4">
  <mem-info id="397" free="3436632" total="8388608" percent="40">
    <mem type="tenure" free="3436632" total="8388608" percent="40" micro-fragmented="1584221">
      <mem type="soa" free="3353824" total="8305664" percent="40" />
      <mem type="loa" free="82808" total="82944" percent="99" />
    </mem>
  </mem-info>
</gc-end>
<cycle-end id="398" type="global" contextid="386" timestamp="2019-08-02T21:38:57.211" />
  <attribute name="elasticGC enabled" value="1" />
  <attribute name= "numThreadsSpecified" value="4" />
  <attribute name="heapSize specified" value="0" />
  <attribute name= "numCores" value="8" />
  <attribute name ="GC Interval" value="0" />
  <attribute name ="Control flow" value="1" />
  <attribute name="GC Util Range Max" value="88" />
  <attribute name="Current GC Util" value="5" />
  <attribute name= "Current Time Running" value="778" />
<allocation-satisfied id="399" threadId="00000000014B9700" bytesRequested="24" />
<af-end id="400" timestamp="2019-08-02T21:38:57.211" threadId="00000000014BA088" success="true" />
<exclusive-end id="401" timestamp="2019-08-02T21:38:57.212" durationms="3.456" />

<exclusive-start id="402" timestamp="2019-08-02T21:38:57.242" intervalms="34.192">
  <response-info timems="0.063" idlems="0.063" threads="0" lastid="0000000001142A00" lastname="main" />
</exclusive-start>
<af-start id="403" threadId="0000000001143388" totalBytesRequested="16392" timestamp="2019-08-02T21:38:57.242" intervalms="34.279" />
<cycle-start id="404" type="global" contextid="0" timestamp="2019-08-02T21:38:57.243" intervalms="36.451" />
<gc-start id="405" type="global" contextid="404" timestamp="2019-08-02T21:38:57.243">
  <mem-info id="406" free="1294432" total="8388608" percent="15">
    <mem type="tenure" free="1294432" total="8388608" percent="15">
      <mem type="soa" free="1211488" total="8305664" percent="14" />
      <mem type="loa" free="82944" total="82944" percent="100" />
    </mem>
  </mem-info>
</gc-start>
<allocation-stats totalBytes="2115560" >
  <allocated-bytes non-tlh="52464" tlh="2063096" />
  <largest-consumer threadName="main" threadId="0000000001142A00" bytes="77592" />
</allocation-stats>
<gc-op id="407" type="mark" timems="1.349" contextid="404" timestamp="2019-08-02T21:38:57.244">
  <trace-info objectcount="35020" scancount="27425" scanbytes="866968" />
  <finalization candidates="124" enqueued="0" />
  <ownableSynchronizers candidates="3" cleared="0" />
  <references type="soft" candidates="96" cleared="0" enqueued="0" dynamicThreshold="13" maxThreshold="32" />
  <references type="weak" candidates="789" cleared="20" enqueued="20" />
  <references type="phantom" candidates="65" cleared="3" enqueued="3" />
  <stringconstants candidates="4602" cleared="0"  />
</gc-op>
<gc-op id="408" type="sweep" timems="0.181" contextid="404" timestamp="2019-08-02T21:38:57.245" />
<gc-end id="409" type="global" contextid="404" durationms="2.485" usertimems="4.000" systemtimems="0.000" timestamp="2019-08-02T21:38:57.245" activeThreads="4">
  <mem-info id="410" free="5692656" total="8388608" percent="67">
    <mem type="tenure" free="5692656" total="8388608" percent="67" micro-fragmented="746752">
      <mem type="soa" free="5609824" total="8305664" percent="67" />
      <mem type="loa" free="82832" total="82944" percent="99" />
    </mem>
    <pending-finalizers system="0" default="0" reference="23" classloader="0" />
  </mem-info>
</gc-end>
<cycle-end id="411" type="global" contextid="404" timestamp="2019-08-02T21:38:57.245" />
  <attribute name="elasticGC enabled" value="1" />
  <attribute name= "numThreadsSpecified" value="4" />
  <attribute name="heapSize specified" value="0" />
  <attribute name= "numCores" value="8" />
  <attribute name ="GC Interval" value="0" />
  <attribute name ="Control flow" value="1" />
  <attribute name="GC Util Range Max" value="88" />
  <attribute name="Current GC Util" value="8" />
  <attribute name= "Current Time Running" value="813" />
<allocation-satisfied id="412" threadId="0000000001142A00" bytesRequested="16392" />
<af-end id="413" timestamp="2019-08-02T21:38:57.246" threadId="0000000001143388" success="true" />
<exclusive-end id="414" timestamp="2019-08-02T21:38:57.246" durationms="3.494" />

</verbosegc>

