
<?xml version="1.0" ?>

<verbosegc xmlns="http://www.ibm.com/j9/verbosegc" version="25b0271_CMPRSS">

<initialized id="1" timestamp="2019-08-04T20:34:19.669">
  <attribute name="gcPolicy" value="-Xgcpolicy:optavgpause" />
  <attribute name="GC Util" value="0" />
  <attribute name="CPU Util" value="0" />
  <attribute name="Time Running"value="0"/>
  <attribute name="Number of cores"value="0"/>
  <attribute name="maxHeapSize" value="0xfa900000" />
  <attribute name="initialHeapSize" value="0x800000" />
  <attribute name="compressedRefs" value="true" />
  <attribute name="compressedRefsDisplacement" value="0x0" />
  <attribute name="compressedRefsShift" value="0x3" />
  <attribute name="pageSize" value="0x1000" />
  <attribute name="pageType" value="not used" />
  <attribute name="requestedPageSize" value="0x1000" />
  <attribute name="requestedPageType" value="not used" />
  <attribute name="gcthreads" value="16" />
  <attribute name="packetListSplit" value="16" />
  <attribute name="cacheListSplit" value="16" />
  <attribute name="splitFreeListSplitAmount" value="2" />
  <attribute name="numaNodes" value="0" />
  <system>
    <attribute name="physicalMemory" value="16815001600" />
    <attribute name="numCPUs" value="16" />
    <attribute name="architecture" value="amd64" />
    <attribute name="os" value="Linux" />
    <attribute name="osVersion" value="4.15.0" />
  </system>
  <vmargs>
    <vmarg name="-Xoptionsfile=/jdk/lib/options.default" />
    <vmarg name="-Xlockword:mode=default,noLockword=java/lang/String,noLockword=java/util/MapEntry,noLockword=java/util/HashMap$Entry,noLockword..." />
    <vmarg name="-Xjcl:jclse11_29" />
    <vmarg name="-Dcom.ibm.oti.vm.bootstrap.library.path=/jdk/lib/compressedrefs:/jdk/lib" />
    <vmarg name="-Dsun.boot.library.path=/jdk/lib/compressedrefs:/jdk/lib" />
    <vmarg name="-Djava.library.path=/jdk/lib/compressedrefs:/jdk/lib:/usr/lib64:/usr/lib" />
    <vmarg name="-Djava.home=/jdk" />
    <vmarg name="-Duser.dir=/" />
    <vmarg name="-Xgcpolicy:optavgpause" />
    <vmarg name="-verbose:gc" />
    <vmarg name="-Djava.class.path=dacapo-9.12-MR1-bach.jar" />
    <vmarg name="-Dsun.java.command=dacapo-9.12-MR1-bach.jar avrora jython pmd sunflow xalan --size=large" />
    <vmarg name="-Dsun.java.launcher=SUN_STANDARD" />
    <vmarg name="-Dsun.java.launcher.pid=1" />
  </vmargs>
</initialized>

<exclusive-start id="2" timestamp="2019-08-04T20:34:19.966" intervalms="296.902">
  <response-info timems="0.013" idlems="0.013" threads="0" lastid="0000000000968F00" lastname="main" />
</exclusive-start>
<sys-start reason="explicit" id="3" timestamp="2019-08-04T20:34:19.966" intervalms="296.953" />
<cycle-start id="4" type="global" contextid="0" timestamp="2019-08-04T20:34:19.966" intervalms="296.965" />
  <attribute name="GC Util" value="0" />
  <attribute name="CPU Util" value="148" />
  <attribute name="Time Running"value="0"/>
  <attribute name="Number of cores"value="16"/>
<gc-start id="5" type="global" contextid="4" timestamp="2019-08-04T20:34:19.966">
  <mem-info id="6" free="2355816" total="8388608" percent="28">
    <mem type="tenure" free="2355816" total="8388608" percent="28">
      <mem type="soa" free="1937000" total="7969792" percent="24" />
      <mem type="loa" free="418816" total="418816" percent="100" />
    </mem>
  </mem-info>
</gc-start>
<allocation-stats totalBytes="6001664" >
  <allocated-bytes non-tlh="454040" tlh="5547624" />
  <largest-consumer threadName="main" threadId="0000000000968F00" bytes="5921240" />
</allocation-stats>
<gc-op id="7" type="mark" timems="1.729" contextid="4" timestamp="2019-08-04T20:34:19.968">
  <trace-info objectcount="17861" scancount="14751" scanbytes="465576" />
  <finalization candidates="19" enqueued="1" />
  <references type="soft" candidates="66" cleared="0" enqueued="0" dynamicThreshold="32" maxThreshold="32" />
  <references type="weak" candidates="576" cleared="412" enqueued="372" />
  <references type="phantom" candidates="99" cleared="41" enqueued="41" />
  <stringconstants candidates="2442" cleared="0"  />
</gc-op>
<gc-op id="8" type="classunload" timems="0.002" contextid="4" timestamp="2019-08-04T20:34:19.968">
  <classunload-info classloadercandidates="6" classloadersunloaded="0" classesunloaded="0" anonymousclassesunloaded="0" quiescems="0.000" setupms="0.002" scanms="0.000" postms="0.000" />
</gc-op>
<gc-op id="9" type="sweep" timems="0.556" contextid="4" timestamp="2019-08-04T20:34:19.968" />
<gc-end id="10" type="global" contextid="4" durationms="2.375" usertimems="1.131" systemtimems="2.472" timestamp="2019-08-04T20:34:19.968" activeThreads="4">
  <mem-info id="11" free="7118488" total="8388608" percent="84">
    <mem type="tenure" free="7118488" total="8388608" percent="84" micro-fragmented="174889">
      <mem type="soa" free="6699672" total="7969792" percent="84" />
      <mem type="loa" free="418816" total="418816" percent="100" />
    </mem>
    <pending-finalizers system="1" default="0" reference="413" classloader="0" />
  </mem-info>
</gc-end>
<cycle-end id="12" type="global" contextid="4" timestamp="2019-08-04T20:34:19.968">
  <attribute name="GC Util" value="28" />
  <attribute name="CPU Util" value="58221742710781" />
  <attribute name="Time Running"value="214"/>
  <attribute name="Number of cores"value="16"/>
</cycle-end>
<sys-end id="13" timestamp="2019-08-04T20:34:19.968" />
<exclusive-end id="14" timestamp="2019-08-04T20:34:19.968" durationms="2.478" />

===== DaCapo 9.12-MR1 avrora starting =====
<exclusive-start id="15" timestamp="2019-08-04T20:34:20.142" intervalms="176.211">
  <response-info timems="0.013" idlems="0.013" threads="0" lastid="0000000000968F00" lastname="main" />
</exclusive-start>
<af-start id="16" threadId="0000000000969888" totalBytesRequested="47328" timestamp="2019-08-04T20:34:20.142" intervalms="473.158" />
<cycle-start id="17" type="global" contextid="0" timestamp="2019-08-04T20:34:20.142" intervalms="176.217" />
  <attribute name="GC Util" value="28" />
  <attribute name="CPU Util" value="58221742710781" />
  <attribute name="Time Running"value="214"/>
  <attribute name="Number of cores"value="16"/>
<gc-start id="18" type="global" contextid="17" timestamp="2019-08-04T20:34:20.142">
  <mem-info id="19" free="418816" total="8388608" percent="4">
    <mem type="tenure" free="418816" total="8388608" percent="4">
      <mem type="soa" free="0" total="7969792" percent="0" />
      <mem type="loa" free="418816" total="418816" percent="100" />
    </mem>
  </mem-info>
</gc-start>
<allocation-stats totalBytes="6582840" >
  <allocated-bytes non-tlh="568496" tlh="6014344" />
  <largest-consumer threadName="main" threadId="0000000000968F00" bytes="6574720" />
</allocation-stats>
<gc-op id="20" type="mark" timems="4.197" contextid="17" timestamp="2019-08-04T20:34:20.146">
  <trace-info objectcount="95197" scancount="88860" scanbytes="2662524" />
  <finalization candidates="18" enqueued="0" />
  <references type="soft" candidates="66" cleared="0" enqueued="0" dynamicThreshold="27" maxThreshold="32" />
  <references type="weak" candidates="206" cleared="40" enqueued="40" />
  <references type="phantom" candidates="71" cleared="13" enqueued="13" />
  <stringconstants candidates="3541" cleared="0"  />
</gc-op>
<gc-op id="21" type="sweep" timems="0.393" contextid="17" timestamp="2019-08-04T20:34:20.147" />
<gc-end id="22" type="global" contextid="17" durationms="4.716" usertimems="8.084" systemtimems="1.419" timestamp="2019-08-04T20:34:20.147" activeThreads="4">
  <mem-info id="23" free="3718760" total="8388608" percent="44">
    <mem type="tenure" free="3718760" total="8388608" percent="44" micro-fragmented="646935">
      <mem type="soa" free="3446528" total="7969792" percent="43" />
      <mem type="loa" free="272232" total="418816" percent="65" />
    </mem>
    <pending-finalizers system="0" default="0" reference="53" classloader="0" />
  </mem-info>
</gc-end>
<cycle-end id="24" type="global" contextid="17" timestamp="2019-08-04T20:34:20.147">
  <attribute name="GC Util" value="124" />
  <attribute name="CPU Util" value="4357648201034" />
  <attribute name="Time Running"value="392"/>
  <attribute name="Number of cores"value="16"/>
</cycle-end>
<allocation-satisfied id="25" threadId="0000000000968F00" bytesRequested="47328" />
<af-end id="26" timestamp="2019-08-04T20:34:20.147" threadId="0000000000969888" success="true" />
<exclusive-end id="27" timestamp="2019-08-04T20:34:20.147" durationms="4.869" />

<exclusive-start id="28" timestamp="2019-08-04T20:34:20.300" intervalms="157.641">
  <response-info timems="0.037" idlems="0.037" threads="0" lastid="0000000000968F00" lastname="main" />
</exclusive-start>
<af-start id="29" threadId="0000000000969888" totalBytesRequested="61032" timestamp="2019-08-04T20:34:20.300" intervalms="157.637" />
<cycle-start id="30" type="global" contextid="0" timestamp="2019-08-04T20:34:20.300" intervalms="157.935" />
  <attribute name="GC Util" value="2" />
  <attribute name="CPU Util" value="141" />
  <attribute name="Time Running"value="546"/>
  <attribute name="Number of cores"value="16"/>
<gc-start id="31" type="global" contextid="30" timestamp="2019-08-04T20:34:20.300">
  <mem-info id="32" free="815352" total="8388608" percent="9">
    <mem type="tenure" free="815352" total="8388608" percent="9">
      <mem type="soa" free="396536" total="7969792" percent="4" />
      <mem type="loa" free="418816" total="418816" percent="100" />
    </mem>
  </mem-info>
</gc-start>
<allocation-stats totalBytes="3039416" >
  <allocated-bytes non-tlh="736432" tlh="2302984" />
  <largest-consumer threadName="main" threadId="0000000000968F00" bytes="3039416" />
</allocation-stats>
<gc-op id="33" type="mark" timems="4.353" contextid="30" timestamp="2019-08-04T20:34:20.305">
  <trace-info objectcount="114894" scancount="107044" scanbytes="3606172" />
  <finalization candidates="18" enqueued="0" />
  <references type="soft" candidates="66" cleared="0" enqueued="0" dynamicThreshold="14" maxThreshold="32" />
  <references type="weak" candidates="167" cleared="2" enqueued="2" />
  <references type="phantom" candidates="57" cleared="0" enqueued="0" />
  <stringconstants candidates="3810" cleared="0"  />
</gc-op>
<gc-op id="34" type="sweep" timems="0.589" contextid="30" timestamp="2019-08-04T20:34:20.305" />
<heap-resize id="35" type="expand" space="tenure" amount="1048576" count="1" timems="0.027" reason="insufficient free space following gc" timestamp="2019-08-04T20:34:20.305" />
<gc-end id="36" type="global" contextid="30" durationms="5.092" usertimems="10.262" systemtimems="2.063" timestamp="2019-08-04T20:34:20.305" activeThreads="4">
  <mem-info id="37" free="3476488" total="9437184" percent="36">
    <mem type="tenure" free="3476488" total="9437184" percent="36" micro-fragmented="1010473">
      <mem type="soa" free="3005448" total="8966144" percent="33" />
      <mem type="loa" free="471040" total="471040" percent="100" />
    </mem>
    <pending-finalizers system="0" default="0" reference="2" classloader="0" />
  </mem-info>
</gc-end>
<cycle-end id="38" type="global" contextid="30" timestamp="2019-08-04T20:34:20.305">
  <attribute name="GC Util" value="14" />
  <attribute name="CPU Util" value="50068246166680" />
  <attribute name="Time Running"value="551"/>
  <attribute name="Number of cores"value="16"/>
</cycle-end>
<allocation-satisfied id="39" threadId="0000000000968F00" bytesRequested="61032" />
<af-end id="40" timestamp="2019-08-04T20:34:20.305" threadId="0000000000969888" success="true" />
<exclusive-end id="41" timestamp="2019-08-04T20:34:20.305" durationms="5.515" />

<exclusive-start id="42" timestamp="2019-08-04T20:34:20.956" intervalms="655.999">
  <response-info timems="0.080" idlems="0.080" threads="0" lastid="0000000000C62B00" lastname="node-2" />
</exclusive-start>
<af-start id="43" threadId="0000000000C63488" totalBytesRequested="16" timestamp="2019-08-04T20:34:20.956" intervalms="656.017" />
<cycle-start id="44" type="global" contextid="0" timestamp="2019-08-04T20:34:20.956" intervalms="655.713" />
  <attribute name="GC Util" value="14" />
  <attribute name="CPU Util" value="50068246166680" />
  <attribute name="Time Running"value="551"/>
  <attribute name="Number of cores"value="16"/>
<gc-start id="45" type="global" contextid="44" timestamp="2019-08-04T20:34:20.956">
  <mem-info id="46" free="471040" total="9437184" percent="4">
    <mem type="tenure" free="471040" total="9437184" percent="4">
      <mem type="soa" free="0" total="8966144" percent="0" />
      <mem type="loa" free="471040" total="471040" percent="100" />
    </mem>
  </mem-info>
</gc-start>
<allocation-stats totalBytes="3047784" >
  <allocated-bytes non-tlh="1097688" tlh="1950096" />
  <largest-consumer threadName="main" threadId="0000000000968F00" bytes="2443536" />
</allocation-stats>
<gc-op id="47" type="mark" timems="3.735" contextid="44" timestamp="2019-08-04T20:34:20.960">
  <trace-info objectcount="145895" scancount="136353" scanbytes="5331516" />
  <finalization candidates="18" enqueued="0" />
  <references type="soft" candidates="66" cleared="0" enqueued="0" dynamicThreshold="11" maxThreshold="32" />
  <references type="weak" candidates="167" cleared="2" enqueued="2" />
  <references type="phantom" candidates="57" cleared="0" enqueued="0" />
  <stringconstants candidates="3824" cleared="0"  />
</gc-op>
<gc-op id="48" type="sweep" timems="0.715" contextid="44" timestamp="2019-08-04T20:34:20.960" />
<heap-resize id="49" type="expand" space="tenure" amount="2555904" count="1" timems="0.019" reason="insufficient free space following gc" timestamp="2019-08-04T20:34:20.960" />
<gc-end id="50" type="global" contextid="44" durationms="4.591" usertimems="7.330" systemtimems="3.458" timestamp="2019-08-04T20:34:20.960" activeThreads="4">
  <mem-info id="51" free="3610728" total="11993088" percent="30">
    <mem type="tenure" free="3610728" total="11993088" percent="30" micro-fragmented="1433654">
      <mem type="soa" free="3011688" total="11394048" percent="26" />
      <mem type="loa" free="599040" total="599040" percent="100" />
    </mem>
    <pending-finalizers system="0" default="0" reference="2" classloader="0" />
  </mem-info>
</gc-end>
<cycle-end id="52" type="global" contextid="44" timestamp="2019-08-04T20:34:20.961">
  <attribute name="GC Util" value="60" />
  <attribute name="CPU Util" value="40493791110902" />
  <attribute name="Time Running"value="1206"/>
  <attribute name="Number of cores"value="16"/>
</cycle-end>
<allocation-satisfied id="53" threadId="0000000000C62B00" bytesRequested="16" />
<af-end id="54" timestamp="2019-08-04T20:34:20.961" threadId="0000000000C63488" success="true" />
<exclusive-end id="55" timestamp="2019-08-04T20:34:20.961" durationms="4.751" />

<exclusive-start id="56" timestamp="2019-08-04T20:34:23.860" intervalms="2904.325">
  <response-info timems="0.119" idlems="0.119" threads="0" lastid="0000000000C66700" lastname="node-7" />
</exclusive-start>
<af-start id="57" threadId="0000000000C67088" totalBytesRequested="368" timestamp="2019-08-04T20:34:23.860" intervalms="2904.486" />
<cycle-start id="58" type="global" contextid="0" timestamp="2019-08-04T20:34:23.860" intervalms="2904.505" />
  <attribute name="GC Util" value="60" />
  <attribute name="CPU Util" value="40493791110902" />
  <attribute name="Time Running"value="1206"/>
  <attribute name="Number of cores"value="16"/>
<gc-start id="59" type="global" contextid="58" timestamp="2019-08-04T20:34:23.860">
  <mem-info id="60" free="599040" total="11993088" percent="4">
    <mem type="tenure" free="599040" total="11993088" percent="4">
      <mem type="soa" free="0" total="11394048" percent="0" />
      <mem type="loa" free="599040" total="599040" percent="100" />
    </mem>
  </mem-info>
</gc-start>
<allocation-stats totalBytes="3005400" >
  <allocated-bytes non-tlh="0" tlh="3005400" />
  <largest-consumer threadName="node-2" threadId="0000000000C62B00" bytes="429176" />
</allocation-stats>
<gc-op id="61" type="mark" timems="3.694" contextid="58" timestamp="2019-08-04T20:34:23.864">
  <trace-info objectcount="145761" scancount="136220" scanbytes="5327788" />
  <finalization candidates="18" enqueued="0" />
  <references type="soft" candidates="66" cleared="0" enqueued="0" dynamicThreshold="9" maxThreshold="32" />
  <references type="weak" candidates="165" cleared="0" enqueued="0" />
  <references type="phantom" candidates="57" cleared="0" enqueued="0" />
  <stringconstants candidates="3824" cleared="0"  />
</gc-op>
<gc-op id="62" type="sweep" timems="1.118" contextid="58" timestamp="2019-08-04T20:34:23.865" />
<gc-end id="63" type="global" contextid="58" durationms="4.945" usertimems="14.863" systemtimems="0.877" timestamp="2019-08-04T20:34:23.865" activeThreads="5">
  <mem-info id="64" free="3608096" total="11993088" percent="30">
    <mem type="tenure" free="3608096" total="11993088" percent="30" micro-fragmented="1433442">
      <mem type="soa" free="3009056" total="11394048" percent="26" />
      <mem type="loa" free="599040" total="599040" percent="100" />
    </mem>
  </mem-info>
</gc-end>
<cycle-end id="65" type="global" contextid="58" timestamp="2019-08-04T20:34:23.866">
  <attribute name="GC Util" value="74" />
  <attribute name="CPU Util" value="32792171276994" />
  <attribute name="Time Running"value="4110"/>
  <attribute name="Number of cores"value="16"/>
</cycle-end>
<allocation-satisfied id="66" threadId="0000000000C66700" bytesRequested="368" />
<af-end id="67" timestamp="2019-08-04T20:34:23.866" threadId="0000000000C67088" success="true" />
<exclusive-end id="68" timestamp="2019-08-04T20:34:23.866" durationms="5.507" />

<exclusive-start id="69" timestamp="2019-08-04T20:34:24.980" intervalms="1119.798">
  <response-info timems="0.309" idlems="0.309" threads="0" lastid="0000000000C80A00" lastname="node-9" />
</exclusive-start>
<af-start id="70" threadId="0000000000C81388" totalBytesRequested="32" timestamp="2019-08-04T20:34:24.980" intervalms="1119.644" />
<cycle-start id="71" type="global" contextid="0" timestamp="2019-08-04T20:34:24.980" intervalms="1119.624" />
  <attribute name="GC Util" value="74" />
  <attribute name="CPU Util" value="32792171276994" />
  <attribute name="Time Running"value="4110"/>
  <attribute name="Number of cores"value="16"/>
<gc-start id="72" type="global" contextid="71" timestamp="2019-08-04T20:34:24.980">
  <mem-info id="73" free="599040" total="11993088" percent="4">
    <mem type="tenure" free="599040" total="11993088" percent="4">
      <mem type="soa" free="0" total="11394048" percent="0" />
      <mem type="loa" free="599040" total="599040" percent="100" />
    </mem>
  </mem-info>
</gc-start>
<allocation-stats totalBytes="3003152" >
  <allocated-bytes non-tlh="0" tlh="3003152" />
  <largest-consumer threadName="node-2" threadId="0000000000C62B00" bytes="307416" />
</allocation-stats>
<gc-op id="74" type="mark" timems="3.649" contextid="71" timestamp="2019-08-04T20:34:24.984">
  <trace-info objectcount="145671" scancount="136140" scanbytes="5325260" />
  <finalization candidates="18" enqueued="0" />
  <references type="soft" candidates="66" cleared="0" enqueued="0" dynamicThreshold="9" maxThreshold="32" />
  <references type="weak" candidates="165" cleared="0" enqueued="0" />
  <references type="phantom" candidates="57" cleared="0" enqueued="0" />
  <stringconstants candidates="3824" cleared="0"  />
</gc-op>
<gc-op id="75" type="sweep" timems="0.844" contextid="71" timestamp="2019-08-04T20:34:24.985" />
<gc-end id="76" type="global" contextid="71" durationms="4.599" usertimems="10.950" systemtimems="2.883" timestamp="2019-08-04T20:34:24.985" activeThreads="5">
  <mem-info id="77" free="3611976" total="11993088" percent="30">
    <mem type="tenure" free="3611976" total="11993088" percent="30" micro-fragmented="1417389">
      <mem type="soa" free="3012936" total="11394048" percent="26" />
      <mem type="loa" free="599040" total="599040" percent="100" />
    </mem>
  </mem-info>
</gc-end>
<cycle-end id="78" type="global" contextid="71" timestamp="2019-08-04T20:34:24.985">
  <attribute name="GC Util" value="77" />
  <attribute name="CPU Util" value="31029214776913" />
  <attribute name="Time Running"value="5230"/>
  <attribute name="Number of cores"value="16"/>
</cycle-end>
<allocation-satisfied id="79" threadId="0000000000C80A00" bytesRequested="32" />
<af-end id="80" timestamp="2019-08-04T20:34:24.985" threadId="0000000000C81388" success="true" />
<exclusive-end id="81" timestamp="2019-08-04T20:34:24.985" durationms="5.112" />

<exclusive-start id="82" timestamp="2019-08-04T20:34:26.080" intervalms="1100.084">
  <response-info timems="0.164" idlems="0.164" threads="0" lastid="0000000000C5B300" lastname="node-8" />
</exclusive-start>
<af-start id="83" threadId="0000000000C5BC88" totalBytesRequested="24" timestamp="2019-08-04T20:34:26.080" intervalms="1100.158" />
<cycle-start id="84" type="global" contextid="0" timestamp="2019-08-04T20:34:26.080" intervalms="1100.167" />
  <attribute name="GC Util" value="77" />
  <attribute name="CPU Util" value="31029214776913" />
  <attribute name="Time Running"value="5230"/>
  <attribute name="Number of cores"value="16"/>
<gc-start id="85" type="global" contextid="84" timestamp="2019-08-04T20:34:26.080">
  <mem-info id="86" free="599040" total="11993088" percent="4">
    <mem type="tenure" free="599040" total="11993088" percent="4">
      <mem type="soa" free="0" total="11394048" percent="0" />
      <mem type="loa" free="599040" total="599040" percent="100" />
    </mem>
  </mem-info>
</gc-start>
<allocation-stats totalBytes="3001048" >
  <allocated-bytes non-tlh="0" tlh="3001048" />
  <largest-consumer threadName="node-12" threadId="0000000000C84600" bytes="232352" />
</allocation-stats>
<gc-op id="87" type="mark" timems="3.234" contextid="84" timestamp="2019-08-04T20:34:26.083">
  <trace-info objectcount="145612" scancount="136083" scanbytes="5323708" />
  <finalization candidates="18" enqueued="0" />
  <references type="soft" candidates="66" cleared="0" enqueued="0" dynamicThreshold="9" maxThreshold="32" />
  <references type="weak" candidates="165" cleared="0" enqueued="0" />
  <references type="phantom" candidates="57" cleared="0" enqueued="0" />
  <stringconstants candidates="3824" cleared="0"  />
</gc-op>
<gc-op id="88" type="sweep" timems="1.063" contextid="84" timestamp="2019-08-04T20:34:26.085" />
<gc-end id="89" type="global" contextid="84" durationms="4.440" usertimems="11.962" systemtimems="1.461" timestamp="2019-08-04T20:34:26.085" activeThreads="5">
  <mem-info id="90" free="3626024" total="11993088" percent="30">
    <mem type="tenure" free="3626024" total="11993088" percent="30" micro-fragmented="1434665">
      <mem type="soa" free="3026984" total="11394048" percent="26" />
      <mem type="loa" free="599040" total="599040" percent="100" />
    </mem>
  </mem-info>
</gc-end>
<cycle-end id="91" type="global" contextid="84" timestamp="2019-08-04T20:34:26.085">
  <attribute name="GC Util" value="82" />
  <attribute name="CPU Util" value="28069588448294" />
  <attribute name="Time Running"value="6330"/>
  <attribute name="Number of cores"value="16"/>
</cycle-end>
<allocation-satisfied id="92" threadId="0000000000C5B300" bytesRequested="24" />
<af-end id="93" timestamp="2019-08-04T20:34:26.085" threadId="0000000000C5BC88" success="true" />
<exclusive-end id="94" timestamp="2019-08-04T20:34:26.085" durationms="4.813" />

<exclusive-start id="95" timestamp="2019-08-04T20:34:27.137" intervalms="1056.716">
  <response-info timems="0.283" idlems="0.283" threads="0" lastid="0000000000C84600" lastname="node-12" />
</exclusive-start>
<af-start id="96" threadId="0000000000C84F88" totalBytesRequested="24" timestamp="2019-08-04T20:34:27.137" intervalms="1056.709" />
<cycle-start id="97" type="global" contextid="0" timestamp="2019-08-04T20:34:27.137" intervalms="1056.781" />
  <attribute name="GC Util" value="82" />
  <attribute name="CPU Util" value="28069588448294" />
  <attribute name="Time Running"value="6330"/>
  <attribute name="Number of cores"value="16"/>
<gc-start id="98" type="global" contextid="97" timestamp="2019-08-04T20:34:27.138">
  <mem-info id="99" free="599040" total="11993088" percent="4">
    <mem type="tenure" free="599040" total="11993088" percent="4">
      <mem type="soa" free="0" total="11394048" percent="0" />
      <mem type="loa" free="599040" total="599040" percent="100" />
    </mem>
  </mem-info>
</gc-start>
<allocation-stats totalBytes="3013496" >
  <allocated-bytes non-tlh="0" tlh="3013496" />
  <largest-consumer threadName="node-19" threadId="0000000000C8BE00" bytes="204224" />
</allocation-stats>
<gc-op id="100" type="mark" timems="3.908" contextid="97" timestamp="2019-08-04T20:34:27.142">
  <trace-info objectcount="145563" scancount="136036" scanbytes="5322364" />
  <finalization candidates="18" enqueued="0" />
  <references type="soft" candidates="66" cleared="0" enqueued="0" dynamicThreshold="9" maxThreshold="32" />
  <references type="weak" candidates="165" cleared="0" enqueued="0" />
  <references type="phantom" candidates="57" cleared="0" enqueued="0" />
  <stringconstants candidates="3824" cleared="0"  />
</gc-op>
<gc-op id="101" type="sweep" timems="0.890" contextid="97" timestamp="2019-08-04T20:34:27.143" />
<gc-end id="102" type="global" contextid="97" durationms="5.737" usertimems="13.280" systemtimems="1.100" timestamp="2019-08-04T20:34:27.143" activeThreads="5">
  <mem-info id="103" free="3629112" total="11993088" percent="30">
    <mem type="tenure" free="3629112" total="11993088" percent="30" micro-fragmented="1411882">
      <mem type="soa" free="3030072" total="11394048" percent="26" />
      <mem type="loa" free="599040" total="599040" percent="100" />
    </mem>
  </mem-info>
</gc-end>
<cycle-end id="104" type="global" contextid="97" timestamp="2019-08-04T20:34:27.143">
  <attribute name="GC Util" value="79" />
  <attribute name="CPU Util" value="32328961988055" />
  <attribute name="Time Running"value="7388"/>
  <attribute name="Number of cores"value="16"/>
</cycle-end>
<allocation-satisfied id="105" threadId="0000000000C84600" bytesRequested="24" />
<af-end id="106" timestamp="2019-08-04T20:34:27.143" threadId="0000000000C84F88" success="true" />
<exclusive-end id="107" timestamp="2019-08-04T20:34:27.143" durationms="6.180" />

<exclusive-start id="108" timestamp="2019-08-04T20:34:27.975" intervalms="838.394">
  <response-info timems="0.122" idlems="0.122" threads="0" lastid="0000000000C6DF00" lastname="node-15" />
</exclusive-start>
<af-start id="109" threadId="0000000000C6E888" totalBytesRequested="24" timestamp="2019-08-04T20:34:27.975" intervalms="838.328" />
<cycle-start id="110" type="global" contextid="0" timestamp="2019-08-04T20:34:27.975" intervalms="838.345" />
  <attribute name="GC Util" value="79" />
  <attribute name="CPU Util" value="32328961988055" />
  <attribute name="Time Running"value="7388"/>
  <attribute name="Number of cores"value="16"/>
<gc-start id="111" type="global" contextid="110" timestamp="2019-08-04T20:34:27.975">
  <mem-info id="112" free="599040" total="11993088" percent="4">
    <mem type="tenure" free="599040" total="11993088" percent="4">
      <mem type="soa" free="0" total="11394048" percent="0" />
      <mem type="loa" free="599040" total="599040" percent="100" />
    </mem>
  </mem-info>
</gc-start>
<allocation-stats totalBytes="3021240" >
  <allocated-bytes non-tlh="0" tlh="3021240" />
  <largest-consumer threadName="node-6" threadId="0000000000CA2500" bytes="184160" />
</allocation-stats>
<gc-op id="113" type="mark" timems="4.485" contextid="110" timestamp="2019-08-04T20:34:27.980">
  <trace-info objectcount="145537" scancount="136004" scanbytes="5321420" />
  <finalization candidates="18" enqueued="0" />
  <references type="soft" candidates="66" cleared="0" enqueued="0" dynamicThreshold="9" maxThreshold="32" />
  <references type="weak" candidates="165" cleared="0" enqueued="0" />
  <references type="phantom" candidates="57" cleared="0" enqueued="0" />
  <stringconstants candidates="3824" cleared="0"  />
</gc-op>
<gc-op id="114" type="sweep" timems="0.722" contextid="110" timestamp="2019-08-04T20:34:27.981" />
<gc-end id="115" type="global" contextid="110" durationms="5.318" usertimems="18.865" systemtimems="0.361" timestamp="2019-08-04T20:34:27.981" activeThreads="5">
  <mem-info id="116" free="3626968" total="11993088" percent="30">
    <mem type="tenure" free="3626968" total="11993088" percent="30" micro-fragmented="1411740">
      <mem type="soa" free="3027928" total="11394048" percent="26" />
      <mem type="loa" free="599040" total="599040" percent="100" />
    </mem>
  </mem-info>
</gc-end>
<cycle-end id="117" type="global" contextid="110" timestamp="2019-08-04T20:34:27.981">
  <attribute name="GC Util" value="67" />
  <attribute name="CPU Util" value="35878206636069" />
  <attribute name="Time Running"value="8226"/>
  <attribute name="Number of cores"value="16"/>
</cycle-end>
<allocation-satisfied id="118" threadId="0000000000C6DF00" bytesRequested="24" />
<af-end id="119" timestamp="2019-08-04T20:34:27.981" threadId="0000000000C6E888" success="true" />
<exclusive-end id="120" timestamp="2019-08-04T20:34:27.981" durationms="5.605" />

<exclusive-start id="121" timestamp="2019-08-04T20:34:28.649" intervalms="673.685">
  <response-info timems="0.501" idlems="0.501" threads="0" lastid="0000000000C97200" lastname="node-0" />
</exclusive-start>
<af-start id="122" threadId="0000000000C97B88" totalBytesRequested="24" timestamp="2019-08-04T20:34:28.649" intervalms="673.677" />
<cycle-start id="123" type="global" contextid="0" timestamp="2019-08-04T20:34:28.649" intervalms="673.583" />
  <attribute name="GC Util" value="67" />
  <attribute name="CPU Util" value="35878206636069" />
  <attribute name="Time Running"value="8226"/>
  <attribute name="Number of cores"value="16"/>
<gc-start id="124" type="global" contextid="123" timestamp="2019-08-04T20:34:28.649">
  <mem-info id="125" free="599040" total="11993088" percent="4">
    <mem type="tenure" free="599040" total="11993088" percent="4">
      <mem type="soa" free="0" total="11394048" percent="0" />
      <mem type="loa" free="599040" total="599040" percent="100" />
    </mem>
  </mem-info>
</gc-start>
<allocation-stats totalBytes="3020432" >
  <allocated-bytes non-tlh="0" tlh="3020432" />
  <largest-consumer threadName="node-13" threadId="0000000000C79200" bytes="191808" />
</allocation-stats>
<gc-op id="126" type="mark" timems="3.703" contextid="123" timestamp="2019-08-04T20:34:28.653">
  <trace-info objectcount="145411" scancount="135911" scanbytes="5318608" />
  <finalization candidates="18" enqueued="0" />
  <references type="soft" candidates="66" cleared="20" enqueued="16" dynamicThreshold="9" maxThreshold="32" />
  <references type="weak" candidates="165" cleared="0" enqueued="0" />
  <references type="phantom" candidates="57" cleared="0" enqueued="0" />
  <stringconstants candidates="3824" cleared="0"  />
</gc-op>
<gc-op id="127" type="sweep" timems="0.932" contextid="123" timestamp="2019-08-04T20:34:28.654" />
<gc-end id="128" type="global" contextid="123" durationms="4.784" usertimems="13.385" systemtimems="1.168" timestamp="2019-08-04T20:34:28.654" activeThreads="5">
  <mem-info id="129" free="3635296" total="11993088" percent="30">
    <mem type="tenure" free="3635296" total="11993088" percent="30" micro-fragmented="1508725">
      <mem type="soa" free="3036256" total="11394048" percent="26" />
      <mem type="loa" free="599040" total="599040" percent="100" />
    </mem>
    <pending-finalizers system="0" default="0" reference="16" classloader="0" />
  </mem-info>
</gc-end>
<cycle-end id="130" type="global" contextid="123" timestamp="2019-08-04T20:34:28.654">
  <attribute name="GC Util" value="61" />
  <attribute name="CPU Util" value="27639836652849" />
  <attribute name="Time Running"value="8899"/>
  <attribute name="Number of cores"value="16"/>
</cycle-end>
<allocation-satisfied id="131" threadId="0000000000C97200" bytesRequested="24" />
<af-end id="132" timestamp="2019-08-04T20:34:28.654" threadId="0000000000C97B88" success="true" />
<exclusive-end id="133" timestamp="2019-08-04T20:34:28.654" durationms="4.994" />

<exclusive-start id="134" timestamp="2019-08-04T20:34:29.165" intervalms="515.861">
  <response-info timems="0.065" idlems="0.065" threads="0" lastid="0000000000C62B00" lastname="node-2" />
</exclusive-start>
<af-start id="135" threadId="0000000000C63488" totalBytesRequested="24" timestamp="2019-08-04T20:34:29.165" intervalms="515.865" />
<cycle-start id="136" type="global" contextid="0" timestamp="2019-08-04T20:34:29.165" intervalms="515.864" />
  <attribute name="GC Util" value="61" />
  <attribute name="CPU Util" value="27639836652849" />
  <attribute name="Time Running"value="8899"/>
  <attribute name="Number of cores"value="16"/>
<gc-start id="137" type="global" contextid="136" timestamp="2019-08-04T20:34:29.165">
  <mem-info id="138" free="599040" total="11993088" percent="4">
    <mem type="tenure" free="599040" total="11993088" percent="4">
      <mem type="soa" free="0" total="11394048" percent="0" />
      <mem type="loa" free="599040" total="599040" percent="100" />
    </mem>
  </mem-info>
</gc-start>
<allocation-stats totalBytes="3030632" >
  <allocated-bytes non-tlh="0" tlh="3030632" />
  <largest-consumer threadName="node-8" threadId="0000000000C5B300" bytes="192520" />
</allocation-stats>
<gc-op id="139" type="mark" timems="2.931" contextid="136" timestamp="2019-08-04T20:34:29.168">
  <trace-info objectcount="145341" scancount="135821" scanbytes="5315644" />
  <finalization candidates="18" enqueued="0" />
  <references type="soft" candidates="46" cleared="0" enqueued="0" dynamicThreshold="9" maxThreshold="32" />
  <references type="weak" candidates="165" cleared="0" enqueued="0" />
  <references type="phantom" candidates="57" cleared="0" enqueued="0" />
  <stringconstants candidates="3824" cleared="0"  />
</gc-op>
<gc-op id="140" type="sweep" timems="1.003" contextid="136" timestamp="2019-08-04T20:34:29.169" />
<gc-end id="141" type="global" contextid="136" durationms="4.026" usertimems="8.704" systemtimems="3.728" timestamp="2019-08-04T20:34:29.169" activeThreads="5">
  <mem-info id="142" free="3637376" total="11993088" percent="30">
    <mem type="tenure" free="3637376" total="11993088" percent="30" micro-fragmented="1462422">
      <mem type="soa" free="3038336" total="11394048" percent="26" />
      <mem type="loa" free="599040" total="599040" percent="100" />
    </mem>
  </mem-info>
</gc-end>
<cycle-end id="143" type="global" contextid="136" timestamp="2019-08-04T20:34:29.169">
  <attribute name="GC Util" value="71" />
  <attribute name="CPU Util" value="26108230372392" />
  <attribute name="Time Running"value="9414"/>
  <attribute name="Number of cores"value="16"/>
</cycle-end>
<allocation-satisfied id="144" threadId="0000000000C62B00" bytesRequested="24" />
<af-end id="145" timestamp="2019-08-04T20:34:29.169" threadId="0000000000C63488" success="true" />
<exclusive-end id="146" timestamp="2019-08-04T20:34:29.169" durationms="4.219" />

<exclusive-start id="147" timestamp="2019-08-04T20:34:29.774" intervalms="609.203">
  <response-info timems="0.094" idlems="0.093" threads="1" lastid="0000000000CA9D00" lastname="node-25" />
</exclusive-start>
<af-start id="148" threadId="0000000000C93F88" totalBytesRequested="32" timestamp="2019-08-04T20:34:29.774" intervalms="609.199" />
<cycle-start id="149" type="global" contextid="0" timestamp="2019-08-04T20:34:29.774" intervalms="609.197" />
  <attribute name="GC Util" value="71" />
  <attribute name="CPU Util" value="26108230372392" />
  <attribute name="Time Running"value="9414"/>
  <attribute name="Number of cores"value="16"/>
<gc-start id="150" type="global" contextid="149" timestamp="2019-08-04T20:34:29.774">
  <mem-info id="151" free="599040" total="11993088" percent="4">
    <mem type="tenure" free="599040" total="11993088" percent="4">
      <mem type="soa" free="0" total="11394048" percent="0" />
      <mem type="loa" free="599040" total="599040" percent="100" />
    </mem>
  </mem-info>
</gc-start>
<allocation-stats totalBytes="3027736" >
  <allocated-bytes non-tlh="0" tlh="3027736" />
  <largest-consumer threadName="node-10" threadId="0000000000C4C400" bytes="216696" />
</allocation-stats>
<gc-op id="152" type="mark" timems="4.078" contextid="149" timestamp="2019-08-04T20:34:29.778">
  <trace-info objectcount="145307" scancount="135787" scanbytes="5314764" />
  <finalization candidates="18" enqueued="0" />
  <references type="soft" candidates="46" cleared="0" enqueued="0" dynamicThreshold="9" maxThreshold="32" />
  <references type="weak" candidates="165" cleared="0" enqueued="0" />
  <references type="phantom" candidates="57" cleared="0" enqueued="0" />
  <stringconstants candidates="3824" cleared="0"  />
</gc-op>
<gc-op id="153" type="sweep" timems="0.852" contextid="149" timestamp="2019-08-04T20:34:29.779" />
<gc-end id="154" type="global" contextid="149" durationms="5.069" usertimems="17.432" systemtimems="1.345" timestamp="2019-08-04T20:34:29.779" activeThreads="5">
  <mem-info id="155" free="3628808" total="11993088" percent="30">
    <mem type="tenure" free="3628808" total="11993088" percent="30" micro-fragmented="1462422">
      <mem type="soa" free="3029768" total="11394048" percent="26" />
      <mem type="loa" free="599040" total="599040" percent="100" />
    </mem>
  </mem-info>
</gc-end>
<cycle-end id="156" type="global" contextid="149" timestamp="2019-08-04T20:34:29.779">
  <attribute name="GC Util" value="79" />
  <attribute name="CPU Util" value="31591867314390" />
  <attribute name="Time Running"value="10024"/>
  <attribute name="Number of cores"value="16"/>
</cycle-end>
<allocation-satisfied id="157" threadId="0000000000C93600" bytesRequested="32" />
<af-end id="158" timestamp="2019-08-04T20:34:29.779" threadId="0000000000C93F88" success="true" />
<exclusive-end id="159" timestamp="2019-08-04T20:34:29.779" durationms="5.367" />

<exclusive-start id="160" timestamp="2019-08-04T20:34:30.330" intervalms="556.473">
  <response-info timems="0.507" idlems="0.507" threads="0" lastid="0000000000CA2500" lastname="node-6" />
</exclusive-start>
<af-start id="161" threadId="0000000000CA2E88" totalBytesRequested="24" timestamp="2019-08-04T20:34:30.330" intervalms="556.474" />
<cycle-start id="162" type="global" contextid="0" timestamp="2019-08-04T20:34:30.330" intervalms="556.475" />
  <attribute name="GC Util" value="79" />
  <attribute name="CPU Util" value="31591867314390" />
  <attribute name="Time Running"value="10024"/>
  <attribute name="Number of cores"value="16"/>
<gc-start id="163" type="global" contextid="162" timestamp="2019-08-04T20:34:30.330">
  <mem-info id="164" free="599040" total="11993088" percent="4">
    <mem type="tenure" free="599040" total="11993088" percent="4">
      <mem type="soa" free="0" total="11394048" percent="0" />
      <mem type="loa" free="599040" total="599040" percent="100" />
    </mem>
  </mem-info>
</gc-start>
<allocation-stats totalBytes="3016816" >
  <allocated-bytes non-tlh="0" tlh="3016816" />
  <largest-consumer threadName="node-9" threadId="0000000000C80A00" bytes="223664" />
</allocation-stats>
<gc-op id="165" type="mark" timems="3.237" contextid="162" timestamp="2019-08-04T20:34:30.334">
  <trace-info objectcount="145266" scancount="135750" scanbytes="5313740" />
  <finalization candidates="18" enqueued="0" />
  <references type="soft" candidates="46" cleared="1" enqueued="0" dynamicThreshold="9" maxThreshold="32" />
  <references type="weak" candidates="165" cleared="0" enqueued="0" />
  <references type="phantom" candidates="57" cleared="0" enqueued="0" />
  <stringconstants candidates="3824" cleared="0"  />
</gc-op>
<gc-op id="166" type="sweep" timems="0.811" contextid="162" timestamp="2019-08-04T20:34:30.335" />
<gc-end id="167" type="global" contextid="162" durationms="4.170" usertimems="13.389" systemtimems="0.879" timestamp="2019-08-04T20:34:30.335" activeThreads="5">
  <mem-info id="168" free="3636552" total="11993088" percent="30">
    <mem type="tenure" free="3636552" total="11993088" percent="30" micro-fragmented="1463191">
      <mem type="soa" free="3037512" total="11394048" percent="26" />
      <mem type="loa" free="599040" total="599040" percent="100" />
    </mem>
  </mem-info>
</gc-end>
<cycle-end id="169" type="global" contextid="162" timestamp="2019-08-04T20:34:30.335">
  <attribute name="GC Util" value="70" />
  <attribute name="CPU Util" value="33440853732397" />
  <attribute name="Time Running"value="10580"/>
  <attribute name="Number of cores"value="16"/>
</cycle-end>
<allocation-satisfied id="170" threadId="0000000000CA2500" bytesRequested="24" />
<af-end id="171" timestamp="2019-08-04T20:34:30.335" threadId="0000000000CA2E88" success="true" />
<exclusive-end id="172" timestamp="2019-08-04T20:34:30.335" durationms="4.346" />

<exclusive-start id="173" timestamp="2019-08-04T20:34:30.978" intervalms="648.010">
  <response-info timems="0.063" idlems="0.063" threads="0" lastid="0000000000CA2500" lastname="node-6" />
</exclusive-start>
<af-start id="174" threadId="0000000000CA2E88" totalBytesRequested="32" timestamp="2019-08-04T20:34:30.978" intervalms="648.017" />
<cycle-start id="175" type="global" contextid="0" timestamp="2019-08-04T20:34:30.978" intervalms="648.016" />
  <attribute name="GC Util" value="70" />
  <attribute name="CPU Util" value="33440853732397" />
  <attribute name="Time Running"value="10580"/>
  <attribute name="Number of cores"value="16"/>
<gc-start id="176" type="global" contextid="175" timestamp="2019-08-04T20:34:30.978">
  <mem-info id="177" free="599040" total="11993088" percent="4">
    <mem type="tenure" free="599040" total="11993088" percent="4">
      <mem type="soa" free="0" total="11394048" percent="0" />
      <mem type="loa" free="599040" total="599040" percent="100" />
    </mem>
  </mem-info>
</gc-start>
<allocation-stats totalBytes="3026336" >
  <allocated-bytes non-tlh="0" tlh="3026336" />
  <largest-consumer threadName="node-9" threadId="0000000000C80A00" bytes="209912" />
</allocation-stats>
<gc-op id="178" type="mark" timems="4.814" contextid="175" timestamp="2019-08-04T20:34:30.983">
  <trace-info objectcount="145222" scancount="135727" scanbytes="5313172" />
  <finalization candidates="18" enqueued="0" />
  <references type="soft" candidates="45" cleared="0" enqueued="0" dynamicThreshold="9" maxThreshold="32" />
  <references type="weak" candidates="165" cleared="0" enqueued="0" />
  <references type="phantom" candidates="57" cleared="0" enqueued="0" />
  <stringconstants candidates="3824" cleared="0"  />
</gc-op>
<gc-op id="179" type="sweep" timems="1.368" contextid="175" timestamp="2019-08-04T20:34:30.985" />
<gc-end id="180" type="global" contextid="175" durationms="6.317" usertimems="15.666" systemtimems="1.787" timestamp="2019-08-04T20:34:30.985" activeThreads="5">
  <mem-info id="181" free="3642416" total="11993088" percent="30">
    <mem type="tenure" free="3642416" total="11993088" percent="30" micro-fragmented="1485031">
      <mem type="soa" free="3043376" total="11394048" percent="26" />
      <mem type="loa" free="599040" total="599040" percent="100" />
    </mem>
  </mem-info>
</gc-end>
<cycle-end id="182" type="global" contextid="175" timestamp="2019-08-04T20:34:30.985">
  <attribute name="GC Util" value="30" />
  <attribute name="CPU Util" value="29871866838429" />
  <attribute name="Time Running"value="11230"/>
  <attribute name="Number of cores"value="16"/>
</cycle-end>
<allocation-satisfied id="183" threadId="0000000000CA2500" bytesRequested="32" />
<af-end id="184" timestamp="2019-08-04T20:34:30.985" threadId="0000000000CA2E88" success="true" />
<exclusive-end id="185" timestamp="2019-08-04T20:34:30.985" durationms="6.689" />

<exclusive-start id="186" timestamp="2019-08-04T20:34:31.553" intervalms="574.489">
  <response-info timems="0.076" idlems="0.076" threads="0" lastid="0000000000C5EF00" lastname="node-23" />
</exclusive-start>
<af-start id="187" threadId="0000000000C5F888" totalBytesRequested="24" timestamp="2019-08-04T20:34:31.553" intervalms="574.483" />
<cycle-start id="188" type="global" contextid="0" timestamp="2019-08-04T20:34:31.553" intervalms="574.483" />
  <attribute name="GC Util" value="30" />
  <attribute name="CPU Util" value="29871866838429" />
  <attribute name="Time Running"value="11230"/>
  <attribute name="Number of cores"value="16"/>
<gc-start id="189" type="global" contextid="188" timestamp="2019-08-04T20:34:31.553">
  <mem-info id="190" free="599040" total="11993088" percent="4">
    <mem type="tenure" free="599040" total="11993088" percent="4">
      <mem type="soa" free="0" total="11394048" percent="0" />
      <mem type="loa" free="599040" total="599040" percent="100" />
    </mem>
  </mem-info>
</gc-start>
<allocation-stats totalBytes="3037728" >
  <allocated-bytes non-tlh="0" tlh="3037728" />
  <largest-consumer threadName="node-9" threadId="0000000000C80A00" bytes="208440" />
</allocation-stats>
<gc-op id="191" type="mark" timems="5.121" contextid="188" timestamp="2019-08-04T20:34:31.558">
  <trace-info objectcount="145231" scancount="135734" scanbytes="5312940" />
  <finalization candidates="18" enqueued="0" />
  <references type="soft" candidates="45" cleared="0" enqueued="0" dynamicThreshold="9" maxThreshold="32" />
  <references type="weak" candidates="165" cleared="0" enqueued="0" />
  <references type="phantom" candidates="57" cleared="0" enqueued="0" />
  <stringconstants candidates="3824" cleared="0"  />
</gc-op>
<gc-op id="192" type="sweep" timems="2.324" contextid="188" timestamp="2019-08-04T20:34:31.560" />
<gc-end id="193" type="global" contextid="188" durationms="7.568" usertimems="20.012" systemtimems="7.350" timestamp="2019-08-04T20:34:31.560" activeThreads="5">
  <mem-info id="194" free="3631440" total="11993088" percent="30">
    <mem type="tenure" free="3631440" total="11993088" percent="30" micro-fragmented="1463191">
      <mem type="soa" free="3032400" total="11394048" percent="26" />
      <mem type="loa" free="599040" total="599040" percent="100" />
    </mem>
  </mem-info>
</gc-end>
<cycle-end id="195" type="global" contextid="188" timestamp="2019-08-04T20:34:31.561">
  <attribute name="GC Util" value="68" />
  <attribute name="CPU Util" value="16730147292242" />
  <attribute name="Time Running"value="11805"/>
  <attribute name="Number of cores"value="16"/>
</cycle-end>
<allocation-satisfied id="196" threadId="0000000000C5EF00" bytesRequested="24" />
<af-end id="197" timestamp="2019-08-04T20:34:31.561" threadId="0000000000C5F888" success="true" />
<exclusive-end id="198" timestamp="2019-08-04T20:34:31.561" durationms="7.757" />

<exclusive-start id="199" timestamp="2019-08-04T20:34:32.089" intervalms="536.416">
  <response-info timems="0.781" idlems="0.781" threads="0" lastid="0000000000C6DF00" lastname="node-15" />
</exclusive-start>
<af-start id="200" threadId="0000000000C6E888" totalBytesRequested="16" timestamp="2019-08-04T20:34:32.089" intervalms="536.431" />
<cycle-start id="201" type="global" contextid="0" timestamp="2019-08-04T20:34:32.089" intervalms="536.435" />
  <attribute name="GC Util" value="68" />
  <attribute name="CPU Util" value="16730147292242" />
  <attribute name="Time Running"value="11805"/>
  <attribute name="Number of cores"value="16"/>
<gc-start id="202" type="global" contextid="201" timestamp="2019-08-04T20:34:32.089">
  <mem-info id="203" free="599040" total="11993088" percent="4">
    <mem type="tenure" free="599040" total="11993088" percent="4">
      <mem type="soa" free="0" total="11394048" percent="0" />
      <mem type="loa" free="599040" total="599040" percent="100" />
    </mem>
  </mem-info>
</gc-start>
<allocation-stats totalBytes="3026744" >
  <allocated-bytes non-tlh="0" tlh="3026744" />
  <largest-consumer threadName="node-16" threadId="0000000000C88200" bytes="201792" />
</allocation-stats>
<heap-resize id="204" type="loa contract" space="tenure" amount="119808" count="1" timems="0.000" reason="contract underutilized loa" timestamp="2019-08-04T20:34:32.089" />
<gc-op id="205" type="mark" timems="4.482" contextid="201" timestamp="2019-08-04T20:34:32.094">
  <trace-info objectcount="145200" scancount="135681" scanbytes="5312132" />
  <finalization candidates="18" enqueued="0" />
  <references type="soft" candidates="45" cleared="0" enqueued="0" dynamicThreshold="9" maxThreshold="32" />
  <references type="weak" candidates="165" cleared="0" enqueued="0" />
  <references type="phantom" candidates="57" cleared="0" enqueued="0" />
  <stringconstants candidates="3824" cleared="0"  />
</gc-op>
<gc-op id="206" type="sweep" timems="1.455" contextid="201" timestamp="2019-08-04T20:34:32.095" />
<heap-resize id="207" type="loa contract" space="tenure" amount="359424" count="1" timems="0.000" reason="contract to meet minimum soa" timestamp="2019-08-04T20:34:32.095" />
<gc-end id="208" type="global" contextid="201" durationms="6.111" usertimems="18.985" systemtimems="1.200" timestamp="2019-08-04T20:34:32.095" activeThreads="5">
  <mem-info id="209" free="3634616" total="11993088" percent="30">
    <mem type="tenure" free="3634616" total="11993088" percent="30" micro-fragmented="1463191">
      <mem type="soa" free="3514808" total="11873280" percent="29" />
      <mem type="loa" free="119808" total="119808" percent="100" />
    </mem>
  </mem-info>
</gc-end>
<cycle-end id="210" type="global" contextid="201" timestamp="2019-08-04T20:34:32.097">
  <attribute name="GC Util" value="129" />
  <attribute name="CPU Util" value="22831146008234" />
  <attribute name="Time Running"value="12340"/>
  <attribute name="Number of cores"value="16"/>
</cycle-end>
<allocation-satisfied id="211" threadId="0000000000C6DF00" bytesRequested="16" />
<af-end id="212" timestamp="2019-08-04T20:34:32.097" threadId="0000000000C6E888" success="true" />
<exclusive-end id="213" timestamp="2019-08-04T20:34:32.097" durationms="7.555" />

<concurrent-kickoff id="214" timestamp="2019-08-04T20:34:32.687">
  <kickoff reason="threshold reached" targetBytes="3559547" thresholdFreeBytes="490750" remainingFree="397392" tenureFreeBytes="397392" />
</concurrent-kickoff>
<exclusive-start id="215" timestamp="2019-08-04T20:34:32.688" intervalms="598.670">
  <response-info timems="0.786" idlems="0.786" threads="0" lastid="0000000000CA9D00" lastname="node-25" />
</exclusive-start>
<cycle-start id="216" type="global" contextid="0" timestamp="2019-08-04T20:34:32.688" intervalms="598.591" />
  <attribute name="GC Util" value="129" />
  <attribute name="CPU Util" value="22831146008234" />
  <attribute name="Time Running"value="12340"/>
  <attribute name="Number of cores"value="16"/>
<exclusive-end id="217" timestamp="2019-08-04T20:34:32.688" durationms="0.030" />

<exclusive-start id="218" timestamp="2019-08-04T20:34:32.702" intervalms="14.122">
  <response-info timems="0.058" idlems="0.058" threads="0" lastid="0000000000C79200" lastname="node-13" />
</exclusive-start>
<af-start id="219" threadId="0000000000C79B88" totalBytesRequested="32" timestamp="2019-08-04T20:34:32.702" intervalms="612.773" />
<concurrent-aborted id="220" timestamp="2019-08-04T20:34:32.702">
  <reason value="insufficient progress made" />
</concurrent-aborted>
<cycle-end id="221" type="global" contextid="216" timestamp="2019-08-04T20:34:32.702">
  <attribute name="GC Util" value="129" />
  <attribute name="CPU Util" value="22831146008234" />
  <attribute name="Time Running"value="12340"/>
  <attribute name="Number of cores"value="16"/>
</cycle-end>
<cycle-start id="222" type="global" contextid="0" timestamp="2019-08-04T20:34:32.702" intervalms="14.193" />
  <attribute name="GC Util" value="129" />
  <attribute name="CPU Util" value="22831146008234" />
  <attribute name="Time Running"value="12340"/>
  <attribute name="Number of cores"value="16"/>
<gc-start id="223" type="global" contextid="222" timestamp="2019-08-04T20:34:32.702">
  <mem-info id="224" free="119808" total="11993088" percent="0">
    <mem type="tenure" free="119808" total="11993088" percent="0">
      <mem type="soa" free="0" total="11873280" percent="0" />
      <mem type="loa" free="119808" total="119808" percent="100" />
    </mem>
  </mem-info>
</gc-start>
<allocation-stats totalBytes="3504360" >
  <allocated-bytes non-tlh="0" tlh="3504360" />
  <largest-consumer threadName="node-23" threadId="0000000000C5EF00" bytes="219304" />
</allocation-stats>
<gc-op id="225" type="mark" timems="6.215" contextid="222" timestamp="2019-08-04T20:34:32.709">
  <trace-info objectcount="145155" scancount="135678" scanbytes="5311572" />
  <finalization candidates="18" enqueued="0" />
  <references type="soft" candidates="45" cleared="0" enqueued="0" dynamicThreshold="9" maxThreshold="32" />
  <references type="weak" candidates="165" cleared="0" enqueued="0" />
  <references type="phantom" candidates="57" cleared="0" enqueued="0" />
  <stringconstants candidates="3824" cleared="0"  />
</gc-op>
<gc-op id="226" type="sweep" timems="1.245" contextid="222" timestamp="2019-08-04T20:34:32.710" />
<gc-end id="227" type="global" contextid="222" durationms="7.575" usertimems="16.850" systemtimems="1.582" timestamp="2019-08-04T20:34:32.710" activeThreads="5">
  <mem-info id="228" free="3642720" total="11993088" percent="30">
    <mem type="tenure" free="3642720" total="11993088" percent="30" micro-fragmented="1463191">
      <mem type="soa" free="3522912" total="11873280" percent="29" />
      <mem type="loa" free="119808" total="119808" percent="100" />
    </mem>
  </mem-info>
</gc-end>
<cycle-end id="229" type="global" contextid="222" timestamp="2019-08-04T20:34:32.710">
  <attribute name="GC Util" value="70" />
  <attribute name="CPU Util" value="21292189698603" />
  <attribute name="Time Running"value="12955"/>
  <attribute name="Number of cores"value="16"/>
</cycle-end>
<allocation-satisfied id="230" threadId="0000000000C79200" bytesRequested="32" />
<af-end id="231" timestamp="2019-08-04T20:34:32.710" threadId="0000000000C79B88" success="true" />
<exclusive-end id="232" timestamp="2019-08-04T20:34:32.710" durationms="8.436" />

<concurrent-kickoff id="233" timestamp="2019-08-04T20:34:33.347">
  <kickoff reason="threshold reached" targetBytes="3559547" thresholdFreeBytes="490750" remainingFree="401120" tenureFreeBytes="401120" />
</concurrent-kickoff>
<exclusive-start id="234" timestamp="2019-08-04T20:34:33.347" intervalms="645.467">
  <response-info timems="0.441" idlems="0.441" threads="0" lastid="0000000000C66700" lastname="node-7" />
</exclusive-start>
<cycle-start id="235" type="global" contextid="0" timestamp="2019-08-04T20:34:33.348" intervalms="645.385" />
  <attribute name="GC Util" value="70" />
  <attribute name="CPU Util" value="21292189698603" />
  <attribute name="Time Running"value="12955"/>
  <attribute name="Number of cores"value="16"/>
<exclusive-end id="236" timestamp="2019-08-04T20:34:33.348" durationms="0.016" />

<exclusive-start id="237" timestamp="2019-08-04T20:34:33.358" intervalms="10.989">
  <response-info timems="0.381" idlems="0.381" threads="0" lastid="0000000000C71B00" lastname="node-5" />
</exclusive-start>
<af-start id="238" threadId="0000000000C72488" totalBytesRequested="24" timestamp="2019-08-04T20:34:33.359" intervalms="656.453" />
<gc-start id="239" type="global" contextid="235" timestamp="2019-08-04T20:34:33.359">
  <mem-info id="240" free="119808" total="11993088" percent="0">
    <mem type="tenure" free="119808" total="11993088" percent="0">
      <mem type="soa" free="0" total="11873280" percent="0" />
      <mem type="loa" free="119808" total="119808" percent="100" />
    </mem>
  </mem-info>
</gc-start>
<allocation-stats totalBytes="3516232" >
  <allocated-bytes non-tlh="0" tlh="3516232" />
  <largest-consumer threadName="node-11" threadId="0000000000C8FA00" bytes="222608" />
</allocation-stats>
<concurrent-halted id="241" timestamp="2019-08-04T20:34:33.359">
  <halted state="Class scanning incomplete" status="clean trace" />
  <traced bytesTarget="3559547" bytesTotal="2689044" bytesByMutator="0" bytesByHelper="2689044" percent="75" />
  <cards cleaned="0" thresholdBytes="193325" />
</concurrent-halted>
<gc-op id="242" type="tracing" timems="2.162" contextid="235" timestamp="2019-08-04T20:34:33.361">
  <trace bytesTraced="2579928" workStackOverflowCount="0" />
</gc-op>
<gc-op id="243" type="card-cleaning" timems="1.301" contextid="235" timestamp="2019-08-04T20:34:33.362">
  <card-cleaning cardsCleaned="158" bytesTraced="94500" workStackOverflowCount="0" />
</gc-op>
<gc-op id="244" type="mark" timems="1.187" contextid="235" timestamp="2019-08-04T20:34:33.363">
  <trace-info objectcount="1844" scancount="1355" scanbytes="39128" />
  <finalization candidates="18" enqueued="0" />
  <references type="soft" candidates="45" cleared="0" enqueued="0" dynamicThreshold="9" maxThreshold="32" />
  <references type="weak" candidates="165" cleared="0" enqueued="0" />
  <references type="phantom" candidates="57" cleared="0" enqueued="0" />
  <stringconstants candidates="3824" cleared="0"  />
</gc-op>
<gc-op id="245" type="sweep" timems="2.624" contextid="235" timestamp="2019-08-04T20:34:33.366" />
<gc-end id="246" type="global" contextid="235" durationms="7.429" usertimems="13.974" systemtimems="1.369" timestamp="2019-08-04T20:34:33.366" activeThreads="5">
  <mem-info id="247" free="3638112" total="11993088" percent="30">
    <mem type="tenure" free="3638112" total="11993088" percent="30" micro-fragmented="1468087">
      <mem type="soa" free="3518304" total="11873280" percent="29" />
      <mem type="loa" free="119808" total="119808" percent="100" />
    </mem>
  </mem-info>
</gc-end>
<cycle-end id="248" type="global" contextid="235" timestamp="2019-08-04T20:34:33.366">
  <attribute name="GC Util" value="47" />
  <attribute name="CPU Util" value="13526802499354" />
  <attribute name="Time Running"value="13610"/>
  <attribute name="Number of cores"value="16"/>
</cycle-end>
<allocation-satisfied id="249" threadId="0000000000C71B00" bytesRequested="24" />
<af-end id="250" timestamp="2019-08-04T20:34:33.366" threadId="0000000000C72488" success="true" />
<exclusive-end id="251" timestamp="2019-08-04T20:34:33.366" durationms="7.801" />

<concurrent-kickoff id="252" timestamp="2019-08-04T20:34:33.812">
  <kickoff reason="threshold reached" targetBytes="5363472" thresholdFreeBytes="740775" remainingFree="667816" tenureFreeBytes="667816" />
</concurrent-kickoff>
<exclusive-start id="253" timestamp="2019-08-04T20:34:33.813" intervalms="454.127">
  <response-info timems="0.573" idlems="0.573" threads="0" lastid="0000000000C5B300" lastname="node-8" />
</exclusive-start>
<cycle-start id="254" type="global" contextid="0" timestamp="2019-08-04T20:34:33.813" intervalms="465.125" />
  <attribute name="GC Util" value="47" />
  <attribute name="CPU Util" value="13526802499354" />
  <attribute name="Time Running"value="13610"/>
  <attribute name="Number of cores"value="16"/>
<exclusive-end id="255" timestamp="2019-08-04T20:34:33.813" durationms="0.028" />

<exclusive-start id="256" timestamp="2019-08-04T20:34:33.822" intervalms="9.846">
  <response-info timems="0.029" idlems="0.029" threads="0" lastid="0000000000CA6100" lastname="node-21" />
</exclusive-start>
<af-start id="257" threadId="0000000000CA6A88" totalBytesRequested="24" timestamp="2019-08-04T20:34:33.823" intervalms="463.972" />
<gc-start id="258" type="global" contextid="254" timestamp="2019-08-04T20:34:33.823">
  <mem-info id="259" free="119808" total="11993088" percent="0">
    <mem type="tenure" free="119808" total="11993088" percent="0">
      <mem type="soa" free="0" total="11873280" percent="0" />
      <mem type="loa" free="119808" total="119808" percent="100" />
    </mem>
  </mem-info>
</gc-start>
<allocation-stats totalBytes="3507448" >
  <allocated-bytes non-tlh="0" tlh="3507448" />
  <largest-consumer threadName="node-7" threadId="0000000000C66700" bytes="227776" />
</allocation-stats>
<concurrent-halted id="260" timestamp="2019-08-04T20:34:33.823">
  <halted state="Complete" status="exhausted" />
  <traced bytesTarget="5363472" bytesTotal="3384296" bytesByMutator="1905972" bytesByHelper="1478324" percent="63" />
  <cards cleaned="179" thresholdBytes="291820" />
</concurrent-halted>
<gc-op id="261" type="card-cleaning" timems="0.810" contextid="254" timestamp="2019-08-04T20:34:33.823">
  <card-cleaning cardsCleaned="164" bytesTraced="31700" workStackOverflowCount="0" />
</gc-op>
<gc-op id="262" type="mark" timems="2.230" contextid="254" timestamp="2019-08-04T20:34:33.826">
  <trace-info objectcount="38292" scancount="40515" scanbytes="1979904" />
  <finalization candidates="18" enqueued="0" />
  <references type="soft" candidates="45" cleared="0" enqueued="0" dynamicThreshold="9" maxThreshold="32" />
  <references type="weak" candidates="165" cleared="0" enqueued="0" />
  <references type="phantom" candidates="57" cleared="0" enqueued="0" />
  <stringconstants candidates="3824" cleared="0"  />
</gc-op>
<gc-op id="263" type="sweep" timems="0.893" contextid="254" timestamp="2019-08-04T20:34:33.827" />
<gc-end id="264" type="global" contextid="254" durationms="4.081" usertimems="7.133" systemtimems="4.691" timestamp="2019-08-04T20:34:33.827" activeThreads="5">
  <mem-info id="265" free="3637880" total="11993088" percent="30">
    <mem type="tenure" free="3637880" total="11993088" percent="30" micro-fragmented="1467111">
      <mem type="soa" free="3518072" total="11873280" percent="29" />
      <mem type="loa" free="119808" total="119808" percent="100" />
    </mem>
  </mem-info>
</gc-end>
<cycle-end id="266" type="global" contextid="254" timestamp="2019-08-04T20:34:33.827">
  <attribute name="GC Util" value="78" />
  <attribute name="CPU Util" value="28880347016267" />
  <attribute name="Time Running"value="14072"/>
  <attribute name="Number of cores"value="16"/>
</cycle-end>
<allocation-satisfied id="267" threadId="0000000000CA6100" bytesRequested="24" />
<af-end id="268" timestamp="2019-08-04T20:34:33.827" threadId="0000000000CA6A88" success="true" />
<exclusive-end id="269" timestamp="2019-08-04T20:34:33.827" durationms="4.309" />

<concurrent-kickoff id="270" timestamp="2019-08-04T20:34:34.491">
  <kickoff reason="threshold reached" targetBytes="4965585" thresholdFreeBytes="685886" remainingFree="666424" tenureFreeBytes="666424" />
</concurrent-kickoff>
<exclusive-start id="271" timestamp="2019-08-04T20:34:34.491" intervalms="668.163">
  <response-info timems="0.020" idlems="0.020" threads="0" lastid="0000000000C93600" lastname="node-14" />
</exclusive-start>
<cycle-start id="272" type="global" contextid="0" timestamp="2019-08-04T20:34:34.491" intervalms="677.998" />
  <attribute name="GC Util" value="78" />
  <attribute name="CPU Util" value="28880347016267" />
  <attribute name="Time Running"value="14072"/>
  <attribute name="Number of cores"value="16"/>
<exclusive-end id="273" timestamp="2019-08-04T20:34:34.491" durationms="0.012" />

<exclusive-start id="274" timestamp="2019-08-04T20:34:34.502" intervalms="10.905">
  <response-info timems="0.073" idlems="0.073" threads="0" lastid="0000000000C5B300" lastname="node-8" />
</exclusive-start>
<concurrent-collection-start id="275" timestamp="2019-08-04T20:34:34.502" intervalms="14832.600" >
  <concurrent-trace-info reason="card cleaning threshold reached" tracedByMutators="1422648" tracedByHelpers="1916864" cardsCleaned="164" workStackOverflowCount="0" />
</concurrent-collection-start>
<gc-start id="276" type="global" contextid="272" timestamp="2019-08-04T20:34:34.502">
  <mem-info id="277" free="119808" total="11993088" percent="0">
    <mem type="tenure" free="119808" total="11993088" percent="0">
      <mem type="soa" free="0" total="11873280" percent="0" />
      <mem type="loa" free="119808" total="119808" percent="100" />
    </mem>
  </mem-info>
</gc-start>
<allocation-stats totalBytes="3509168" >
  <allocated-bytes non-tlh="0" tlh="3509168" />
  <largest-consumer threadName="node-15" threadId="0000000000C6DF00" bytes="212632" />
</allocation-stats>
<gc-op id="278" type="card-cleaning" timems="0.769" contextid="272" timestamp="2019-08-04T20:34:34.503">
  <card-cleaning cardsCleaned="162" bytesTraced="69628" workStackOverflowCount="0" />
</gc-op>
<gc-op id="279" type="mark" timems="3.094" contextid="272" timestamp="2019-08-04T20:34:34.506">
  <trace-info objectcount="38648" scancount="40911" scanbytes="1982288" />
  <finalization candidates="18" enqueued="0" />
  <references type="soft" candidates="45" cleared="0" enqueued="0" dynamicThreshold="9" maxThreshold="32" />
  <references type="weak" candidates="165" cleared="0" enqueued="0" />
  <references type="phantom" candidates="57" cleared="0" enqueued="0" />
  <stringconstants candidates="3824" cleared="0"  />
</gc-op>
<gc-op id="280" type="sweep" timems="1.642" contextid="272" timestamp="2019-08-04T20:34:34.507" />
<gc-end id="281" type="global" contextid="272" durationms="5.805" usertimems="11.490" systemtimems="2.315" timestamp="2019-08-04T20:34:34.508" activeThreads="5">
  <mem-info id="282" free="3636472" total="11993088" percent="30">
    <mem type="tenure" free="3636472" total="11993088" percent="30" micro-fragmented="1467951">
      <mem type="soa" free="3516664" total="11873280" percent="29" />
      <mem type="loa" free="119808" total="119808" percent="100" />
    </mem>
  </mem-info>
</gc-end>
<cycle-end id="283" type="global" contextid="272" timestamp="2019-08-04T20:34:34.508">
  <attribute name="GC Util" value="138" />
  <attribute name="CPU Util" value="25471680777307" />
  <attribute name="Time Running"value="14752"/>
  <attribute name="Number of cores"value="16"/>
</cycle-end>
<concurrent-collection-end id="284" timestamp="2019-08-04T20:34:34.508" />
<exclusive-end id="285" timestamp="2019-08-04T20:34:34.508" durationms="6.192" />

<concurrent-kickoff id="286" timestamp="2019-08-04T20:34:35.056">
  <kickoff reason="threshold reached" targetBytes="4638889" thresholdFreeBytes="641088" remainingFree="592128" tenureFreeBytes="496936" />
</concurrent-kickoff>
<exclusive-start id="287" timestamp="2019-08-04T20:34:35.056" intervalms="554.344">
  <response-info timems="0.037" idlems="0.022" threads="1" lastid="0000000000C79200" lastname="node-13" />
</exclusive-start>
<cycle-start id="288" type="global" contextid="0" timestamp="2019-08-04T20:34:35.056" intervalms="565.251" />
  <attribute name="GC Util" value="138" />
  <attribute name="CPU Util" value="25471680777307" />
  <attribute name="Time Running"value="14752"/>
  <attribute name="Number of cores"value="16"/>
<exclusive-end id="289" timestamp="2019-08-04T20:34:35.056" durationms="0.016" />

<exclusive-start id="290" timestamp="2019-08-04T20:34:35.069" intervalms="12.783">
  <response-info timems="0.221" idlems="0.221" threads="0" lastid="0000000000C66700" lastname="node-7" />
</exclusive-start>
<af-start id="291" threadId="0000000000C67088" totalBytesRequested="16" timestamp="2019-08-04T20:34:35.069" intervalms="1246.204" />
<gc-start id="292" type="global" contextid="288" timestamp="2019-08-04T20:34:35.069">
  <mem-info id="293" free="119808" total="11993088" percent="0">
    <mem type="tenure" free="119808" total="11993088" percent="0">
      <mem type="soa" free="0" total="11873280" percent="0" />
      <mem type="loa" free="119808" total="119808" percent="100" />
    </mem>
  </mem-info>
</gc-start>
<allocation-stats totalBytes="3506008" >
  <allocated-bytes non-tlh="0" tlh="3506008" />
  <largest-consumer threadName="node-24" threadId="0000000000C7CE00" bytes="217360" />
</allocation-stats>
<concurrent-halted id="294" timestamp="2019-08-04T20:34:35.069">
  <halted state="Tracing incomplete" status="clean trace" />
  <traced bytesTarget="4638889" bytesTotal="3319080" bytesByMutator="504796" bytesByHelper="2814284" percent="71" />
  <cards cleaned="146" thresholdBytes="252549" />
</concurrent-halted>
<gc-op id="295" type="tracing" timems="1.498" contextid="288" timestamp="2019-08-04T20:34:35.070">
  <trace bytesTraced="2024216" workStackOverflowCount="0" />
</gc-op>
<gc-op id="296" type="card-cleaning" timems="0.362" contextid="288" timestamp="2019-08-04T20:34:35.071">
  <card-cleaning cardsCleaned="181" bytesTraced="86824" workStackOverflowCount="0" />
</gc-op>
<gc-op id="297" type="mark" timems="1.180" contextid="288" timestamp="2019-08-04T20:34:35.072">
  <trace-info objectcount="288" scancount="240" scanbytes="6148" />
  <finalization candidates="18" enqueued="0" />
  <references type="soft" candidates="45" cleared="0" enqueued="0" dynamicThreshold="9" maxThreshold="32" />
  <references type="weak" candidates="165" cleared="0" enqueued="0" />
  <references type="phantom" candidates="57" cleared="0" enqueued="0" />
  <stringconstants candidates="3824" cleared="0"  />
</gc-op>
<gc-op id="298" type="sweep" timems="0.866" contextid="288" timestamp="2019-08-04T20:34:35.073" />
<gc-end id="299" type="global" contextid="288" durationms="4.055" usertimems="8.913" systemtimems="2.771" timestamp="2019-08-04T20:34:35.073" activeThreads="5">
  <mem-info id="300" free="3636152" total="11993088" percent="30">
    <mem type="tenure" free="3636152" total="11993088" percent="30" micro-fragmented="1463338">
      <mem type="soa" free="3516344" total="11873280" percent="29" />
      <mem type="loa" free="119808" total="119808" percent="100" />
    </mem>
  </mem-info>
</gc-end>
<cycle-end id="301" type="global" contextid="288" timestamp="2019-08-04T20:34:35.073">
  <attribute name="GC Util" value="74" />
  <attribute name="CPU Util" value="31358414374704" />
  <attribute name="Time Running"value="15318"/>
  <attribute name="Number of cores"value="16"/>
</cycle-end>
<allocation-satisfied id="302" threadId="0000000000C66700" bytesRequested="16" />
<af-end id="303" timestamp="2019-08-04T20:34:35.073" threadId="0000000000C67088" success="true" />
<exclusive-end id="304" timestamp="2019-08-04T20:34:35.073" durationms="4.392" />

<concurrent-kickoff id="305" timestamp="2019-08-04T20:34:35.605">
  <kickoff reason="threshold reached" targetBytes="5430120" thresholdFreeBytes="749432" remainingFree="749264" tenureFreeBytes="749264" />
</concurrent-kickoff>
<exclusive-start id="306" timestamp="2019-08-04T20:34:35.605" intervalms="536.178">
  <response-info timems="0.090" idlems="0.090" threads="0" lastid="0000000000C88200" lastname="node-16" />
</exclusive-start>
<cycle-start id="307" type="global" contextid="0" timestamp="2019-08-04T20:34:35.605" intervalms="549.006" />
  <attribute name="GC Util" value="74" />
  <attribute name="CPU Util" value="31358414374704" />
  <attribute name="Time Running"value="15318"/>
  <attribute name="Number of cores"value="16"/>
<exclusive-end id="308" timestamp="2019-08-04T20:34:35.605" durationms="0.068" />

<exclusive-start id="309" timestamp="2019-08-04T20:34:35.632" intervalms="27.575">
  <response-info timems="0.100" idlems="0.100" threads="0" lastid="0000000000C80A00" lastname="node-9" />
</exclusive-start>
<concurrent-collection-start id="310" timestamp="2019-08-04T20:34:35.632" intervalms="1130.842" >
  <concurrent-trace-info reason="card cleaning threshold reached" tracedByMutators="103524" tracedByHelpers="3297424" cardsCleaned="359" workStackOverflowCount="0" />
</concurrent-collection-start>
<gc-start id="311" type="global" contextid="307" timestamp="2019-08-04T20:34:35.633">
  <mem-info id="312" free="200192" total="11993088" percent="1">
    <mem type="tenure" free="200192" total="11993088" percent="1">
      <mem type="soa" free="80384" total="11873280" percent="0" />
      <mem type="loa" free="119808" total="119808" percent="100" />
    </mem>
  </mem-info>
</gc-start>
<allocation-stats totalBytes="3425800" >
  <allocated-bytes non-tlh="0" tlh="3425800" />
  <largest-consumer threadName="node-14" threadId="0000000000C93600" bytes="214928" />
</allocation-stats>
<gc-op id="313" type="card-cleaning" timems="0.649" contextid="307" timestamp="2019-08-04T20:34:35.633">
  <card-cleaning cardsCleaned="63" bytesTraced="234108" workStackOverflowCount="0" />
</gc-op>
<gc-op id="314" type="mark" timems="2.190" contextid="307" timestamp="2019-08-04T20:34:35.635">
  <trace-info objectcount="33570" scancount="36122" scanbytes="1805932" />
  <finalization candidates="18" enqueued="0" />
  <references type="soft" candidates="45" cleared="0" enqueued="0" dynamicThreshold="9" maxThreshold="32" />
  <references type="weak" candidates="165" cleared="0" enqueued="0" />
  <references type="phantom" candidates="57" cleared="0" enqueued="0" />
  <stringconstants candidates="3824" cleared="0"  />
</gc-op>
<gc-op id="315" type="sweep" timems="0.784" contextid="307" timestamp="2019-08-04T20:34:35.636" />
<gc-end id="316" type="global" contextid="307" durationms="3.780" usertimems="9.384" systemtimems="1.865" timestamp="2019-08-04T20:34:35.636" activeThreads="5">
  <mem-info id="317" free="3622368" total="11993088" percent="30">
    <mem type="tenure" free="3622368" total="11993088" percent="30" micro-fragmented="1468903">
      <mem type="soa" free="3502560" total="11873280" percent="29" />
      <mem type="loa" free="119808" total="119808" percent="100" />
    </mem>
  </mem-info>
</gc-end>
<cycle-end id="318" type="global" contextid="307" timestamp="2019-08-04T20:34:35.636">
  <attribute name="GC Util" value="34" />
  <attribute name="CPU Util" value="37829930186028" />
  <attribute name="Time Running"value="15882"/>
  <attribute name="Number of cores"value="16"/>
</cycle-end>
<concurrent-collection-end id="319" timestamp="2019-08-04T20:34:35.636" />
<exclusive-end id="320" timestamp="2019-08-04T20:34:35.636" durationms="4.022" />

<concurrent-kickoff id="321" timestamp="2019-08-04T20:34:36.150">
  <kickoff reason="threshold reached" targetBytes="5023263" thresholdFreeBytes="693294" remainingFree="670736" tenureFreeBytes="670736" />
</concurrent-kickoff>
<exclusive-start id="322" timestamp="2019-08-04T20:34:36.150" intervalms="517.894">
  <response-info timems="0.020" idlems="0.020" threads="0" lastid="0000000000C8BE00" lastname="node-19" />
</exclusive-start>
<cycle-start id="323" type="global" contextid="0" timestamp="2019-08-04T20:34:36.150" intervalms="545.422" />
  <attribute name="GC Util" value="34" />
  <attribute name="CPU Util" value="37829930186028" />
  <attribute name="Time Running"value="15882"/>
  <attribute name="Number of cores"value="16"/>
<exclusive-end id="324" timestamp="2019-08-04T20:34:36.150" durationms="0.013" />

<exclusive-start id="325" timestamp="2019-08-04T20:34:36.167" intervalms="16.497">
  <response-info timems="0.111" idlems="0.076" threads="2" lastid="0000000000CA9D00" lastname="node-25" />
</exclusive-start>
<af-start id="326" threadId="0000000000C5F888" totalBytesRequested="16" timestamp="2019-08-04T20:34:36.167" intervalms="1098.137" />
<gc-start id="327" type="global" contextid="323" timestamp="2019-08-04T20:34:36.167">
  <mem-info id="328" free="119808" total="11993088" percent="0">
    <mem type="tenure" free="119808" total="11993088" percent="0">
      <mem type="soa" free="0" total="11873280" percent="0" />
      <mem type="loa" free="119808" total="119808" percent="100" />
    </mem>
  </mem-info>
</gc-start>
<allocation-stats totalBytes="3492896" >
  <allocated-bytes non-tlh="0" tlh="3492896" />
  <largest-consumer threadName="node-14" threadId="0000000000C93600" bytes="221896" />
</allocation-stats>
<concurrent-halted id="329" timestamp="2019-08-04T20:34:36.167">
  <halted state="Complete" status="exhausted" />
  <traced bytesTarget="5023263" bytesTotal="3359400" bytesByMutator="1620144" bytesByHelper="1739256" percent="66" />
  <cards cleaned="186" thresholdBytes="273115" />
</concurrent-halted>
<gc-op id="330" type="card-cleaning" timems="0.803" contextid="323" timestamp="2019-08-04T20:34:36.168">
  <card-cleaning cardsCleaned="54" bytesTraced="53908" workStackOverflowCount="0" />
</gc-op>
<gc-op id="331" type="mark" timems="3.852" contextid="323" timestamp="2019-08-04T20:34:36.172">
  <trace-info objectcount="38654" scancount="40912" scanbytes="1982200" />
  <finalization candidates="18" enqueued="0" />
  <references type="soft" candidates="45" cleared="0" enqueued="0" dynamicThreshold="9" maxThreshold="32" />
  <references type="weak" candidates="165" cleared="0" enqueued="0" />
  <references type="phantom" candidates="57" cleared="0" enqueued="0" />
  <stringconstants candidates="3824" cleared="0"  />
</gc-op>
<gc-op id="332" type="sweep" timems="1.222" contextid="323" timestamp="2019-08-04T20:34:36.173" />
<gc-end id="333" type="global" contextid="323" durationms="6.034" usertimems="8.686" systemtimems="3.806" timestamp="2019-08-04T20:34:36.173" activeThreads="5">
  <mem-info id="334" free="3622232" total="11993088" percent="30">
    <mem type="tenure" free="3622232" total="11993088" percent="30" micro-fragmented="1463191">
      <mem type="soa" free="3502424" total="11873280" percent="29" />
      <mem type="loa" free="119808" total="119808" percent="100" />
    </mem>
  </mem-info>
</gc-end>
<cycle-end id="335" type="global" contextid="323" timestamp="2019-08-04T20:34:36.173">
  <attribute name="GC Util" value="62" />
  <attribute name="CPU Util" value="34422695831027" />
  <attribute name="Time Running"value="16418"/>
  <attribute name="Number of cores"value="16"/>
</cycle-end>
<allocation-satisfied id="336" threadId="0000000000C5EF00" bytesRequested="16" />
<af-end id="337" timestamp="2019-08-04T20:34:36.173" threadId="0000000000C5F888" success="true" />
<exclusive-end id="338" timestamp="2019-08-04T20:34:36.173" durationms="6.414" />

<concurrent-kickoff id="339" timestamp="2019-08-04T20:34:36.690">
  <kickoff reason="threshold reached" targetBytes="4687320" thresholdFreeBytes="642494" remainingFree="574856" tenureFreeBytes="572216" />
</concurrent-kickoff>
<exclusive-start id="340" timestamp="2019-08-04T20:34:36.691" intervalms="523.873">
  <response-info timems="0.615" idlems="0.252" threads="2" lastid="0000000000C66700" lastname="node-7" />
</exclusive-start>
<cycle-start id="341" type="global" contextid="0" timestamp="2019-08-04T20:34:36.691" intervalms="540.379" />
  <attribute name="GC Util" value="62" />
  <attribute name="CPU Util" value="34422695831027" />
  <attribute name="Time Running"value="16418"/>
  <attribute name="Number of cores"value="16"/>
<exclusive-end id="342" timestamp="2019-08-04T20:34:36.691" durationms="0.023" />

<exclusive-start id="343" timestamp="2019-08-04T20:34:36.733" intervalms="42.554">
  <response-info timems="0.015" idlems="0.015" threads="0" lastid="0000000000C93600" lastname="node-14" />
</exclusive-start>
<concurrent-collection-start id="344" timestamp="2019-08-04T20:34:36.733" intervalms="1100.857" >
  <concurrent-trace-info reason="card cleaning threshold reached" tracedByMutators="983260" tracedByHelpers="2389688" cardsCleaned="302" workStackOverflowCount="0" />
</concurrent-collection-start>
<gc-start id="345" type="global" contextid="341" timestamp="2019-08-04T20:34:36.733">
  <mem-info id="346" free="120576" total="11993088" percent="1">
    <mem type="tenure" free="120576" total="11993088" percent="1">
      <mem type="soa" free="768" total="11873280" percent="0" />
      <mem type="loa" free="119808" total="119808" percent="100" />
    </mem>
  </mem-info>
</gc-start>
<allocation-stats totalBytes="3493552" >
  <allocated-bytes non-tlh="0" tlh="3493552" />
  <largest-consumer threadName="node-25" threadId="0000000000CA9D00" bytes="204752" />
</allocation-stats>
<gc-op id="347" type="card-cleaning" timems="0.789" contextid="341" timestamp="2019-08-04T20:34:36.734">
  <card-cleaning cardsCleaned="34" bytesTraced="228992" workStackOverflowCount="0" />
</gc-op>
<gc-op id="348" type="mark" timems="1.961" contextid="341" timestamp="2019-08-04T20:34:36.736">
  <trace-info objectcount="33594" scancount="36157" scanbytes="1806676" />
  <finalization candidates="18" enqueued="0" />
  <references type="soft" candidates="45" cleared="0" enqueued="0" dynamicThreshold="9" maxThreshold="32" />
  <references type="weak" candidates="165" cleared="0" enqueued="0" />
  <references type="phantom" candidates="57" cleared="0" enqueued="0" />
  <stringconstants candidates="3824" cleared="0"  />
</gc-op>
<gc-op id="349" type="sweep" timems="0.820" contextid="341" timestamp="2019-08-04T20:34:36.737" />
<heap-resize id="350" type="expand" space="tenure" amount="1048576" count="1" timems="0.025" reason="insufficient free space following gc" timestamp="2019-08-04T20:34:36.737" />
<gc-end id="351" type="global" contextid="341" durationms="3.907" usertimems="10.133" systemtimems="2.509" timestamp="2019-08-04T20:34:36.737" activeThreads="5">
  <mem-info id="352" free="4633312" total="13041664" percent="35">
    <mem type="tenure" free="4633312" total="13041664" percent="35" micro-fragmented="1463191">
      <mem type="soa" free="4503264" total="12911616" percent="34" />
      <mem type="loa" free="130048" total="130048" percent="100" />
    </mem>
  </mem-info>
</gc-end>
<cycle-end id="353" type="global" contextid="341" timestamp="2019-08-04T20:34:36.737">
  <attribute name="GC Util" value="79" />
  <attribute name="CPU Util" value="36068881325696" />
  <attribute name="Time Running"value="16983"/>
  <attribute name="Number of cores"value="16"/>
</cycle-end>
<concurrent-collection-end id="354" timestamp="2019-08-04T20:34:36.737" />
<exclusive-end id="355" timestamp="2019-08-04T20:34:36.737" durationms="4.256" />

<concurrent-kickoff id="356" timestamp="2019-08-04T20:34:37.297">
  <kickoff reason="threshold reached" targetBytes="3668855" thresholdFreeBytes="503052" remainingFree="392432" tenureFreeBytes="392432" />
</concurrent-kickoff>
<exclusive-start id="357" timestamp="2019-08-04T20:34:37.297" intervalms="563.837">
  <response-info timems="0.415" idlems="0.222" threads="1" lastid="0000000000CA9D00" lastname="node-25" />
</exclusive-start>
<cycle-start id="358" type="global" contextid="0" timestamp="2019-08-04T20:34:37.297" intervalms="606.394" />
  <attribute name="GC Util" value="79" />
  <attribute name="CPU Util" value="36068881325696" />
  <attribute name="Time Running"value="16983"/>
  <attribute name="Number of cores"value="16"/>
<exclusive-end id="359" timestamp="2019-08-04T20:34:37.297" durationms="0.029" />

<exclusive-start id="360" timestamp="2019-08-04T20:34:37.408" intervalms="110.775">
  <response-info timems="0.822" idlems="0.822" threads="0" lastid="0000000000C5EF00" lastname="node-23" />
</exclusive-start>
<af-start id="361" threadId="0000000000C5F888" totalBytesRequested="16" timestamp="2019-08-04T20:34:37.408" intervalms="1241.044" />
<concurrent-aborted id="362" timestamp="2019-08-04T20:34:37.408">
  <reason value="insufficient progress made" />
</concurrent-aborted>
<cycle-end id="363" type="global" contextid="358" timestamp="2019-08-04T20:34:37.408">
  <attribute name="GC Util" value="79" />
  <attribute name="CPU Util" value="36068881325696" />
  <attribute name="Time Running"value="16983"/>
  <attribute name="Number of cores"value="16"/>
</cycle-end>
<cycle-start id="364" type="global" contextid="0" timestamp="2019-08-04T20:34:37.408" intervalms="110.846" />
  <attribute name="GC Util" value="79" />
  <attribute name="CPU Util" value="36068881325696" />
  <attribute name="Time Running"value="16983"/>
  <attribute name="Number of cores"value="16"/>
<gc-start id="365" type="global" contextid="364" timestamp="2019-08-04T20:34:37.408">
  <mem-info id="366" free="130048" total="13041664" percent="0">
    <mem type="tenure" free="130048" total="13041664" percent="0">
      <mem type="soa" free="0" total="12911616" percent="0" />
      <mem type="loa" free="130048" total="130048" percent="100" />
    </mem>
  </mem-info>
</gc-start>
<allocation-stats totalBytes="4496352" >
  <allocated-bytes non-tlh="0" tlh="4496352" />
  <largest-consumer threadName="node-12" threadId="0000000000C84600" bytes="249200" />
</allocation-stats>
<gc-op id="367" type="mark" timems="3.347" contextid="364" timestamp="2019-08-04T20:34:37.411">
  <trace-info objectcount="144996" scancount="135475" scanbytes="5307124" />
  <finalization candidates="18" enqueued="0" />
  <references type="soft" candidates="45" cleared="0" enqueued="0" dynamicThreshold="11" maxThreshold="32" />
  <references type="weak" candidates="165" cleared="0" enqueued="0" />
  <references type="phantom" candidates="57" cleared="0" enqueued="0" />
  <stringconstants candidates="3824" cleared="0"  />
</gc-op>
<gc-op id="368" type="sweep" timems="0.739" contextid="364" timestamp="2019-08-04T20:34:37.412" />
<gc-end id="369" type="global" contextid="364" durationms="4.197" usertimems="9.592" systemtimems="1.825" timestamp="2019-08-04T20:34:37.412" activeThreads="6">
  <mem-info id="370" free="4692352" total="13041664" percent="35">
    <mem type="tenure" free="4692352" total="13041664" percent="35" micro-fragmented="1463191">
      <mem type="soa" free="4562304" total="12911616" percent="35" />
      <mem type="loa" free="130048" total="130048" percent="100" />
    </mem>
  </mem-info>
</gc-end>
<cycle-end id="371" type="global" contextid="364" timestamp="2019-08-04T20:34:37.412">
  <attribute name="GC Util" value="70" />
  <attribute name="CPU Util" value="37167262141118" />
  <attribute name="Time Running"value="17658"/>
  <attribute name="Number of cores"value="16"/>
</cycle-end>
<allocation-satisfied id="372" threadId="0000000000C5EF00" bytesRequested="16" />
<af-end id="373" timestamp="2019-08-04T20:34:37.412" threadId="0000000000C5F888" success="true" />
<exclusive-end id="374" timestamp="2019-08-04T20:34:37.412" durationms="4.395" />

<concurrent-kickoff id="375" timestamp="2019-08-04T20:34:38.188">
  <kickoff reason="threshold reached" targetBytes="3668855" thresholdFreeBytes="503052" remainingFree="385824" tenureFreeBytes="385824" />
</concurrent-kickoff>
<exclusive-start id="376" timestamp="2019-08-04T20:34:38.188" intervalms="780.648">
  <response-info timems="0.146" idlems="0.146" threads="0" lastid="0000000000C71B00" lastname="node-5" />
</exclusive-start>
<cycle-start id="377" type="global" contextid="0" timestamp="2019-08-04T20:34:38.189" intervalms="780.576" />
  <attribute name="GC Util" value="70" />
  <attribute name="CPU Util" value="37167262141118" />
  <attribute name="Time Running"value="17658"/>
  <attribute name="Number of cores"value="16"/>
<exclusive-end id="378" timestamp="2019-08-04T20:34:38.189" durationms="0.025" />

<exclusive-start id="379" timestamp="2019-08-04T20:34:38.213" intervalms="24.906">
  <response-info timems="1.150" idlems="0.861" threads="1" lastid="0000000000C80A00" lastname="node-9" />
</exclusive-start>
<af-start id="380" threadId="0000000000C6E888" totalBytesRequested="16" timestamp="2019-08-04T20:34:38.213" intervalms="805.596" />
<gc-start id="381" type="global" contextid="377" timestamp="2019-08-04T20:34:38.214">
  <mem-info id="382" free="130048" total="13041664" percent="0">
    <mem type="tenure" free="130048" total="13041664" percent="0">
      <mem type="soa" free="0" total="12911616" percent="0" />
      <mem type="loa" free="130048" total="130048" percent="100" />
    </mem>
  </mem-info>
</gc-start>
<allocation-stats totalBytes="4551224" >
  <allocated-bytes non-tlh="0" tlh="4551224" />
  <largest-consumer threadName="node-5" threadId="0000000000C71B00" bytes="261520" />
</allocation-stats>
<concurrent-halted id="383" timestamp="2019-08-04T20:34:38.214">
  <halted state="Complete" status="trace only" />
  <traced bytesTarget="3668855" bytesTotal="2975480" bytesByMutator="16828" bytesByHelper="2958652" percent="81" />
  <cards cleaned="0" thresholdBytes="198172" />
</concurrent-halted>
<gc-op id="384" type="card-cleaning" timems="1.032" contextid="377" timestamp="2019-08-04T20:34:38.215">
  <card-cleaning cardsCleaned="188" bytesTraced="1120372" workStackOverflowCount="0" />
</gc-op>
<gc-op id="385" type="mark" timems="1.474" contextid="377" timestamp="2019-08-04T20:34:38.216">
  <trace-info objectcount="25407" scancount="27276" scanbytes="1273140" />
  <finalization candidates="18" enqueued="0" />
  <references type="soft" candidates="45" cleared="0" enqueued="0" dynamicThreshold="11" maxThreshold="32" />
  <references type="weak" candidates="165" cleared="0" enqueued="0" />
  <references type="phantom" candidates="57" cleared="0" enqueued="0" />
  <stringconstants candidates="3824" cleared="0"  />
</gc-op>
<gc-op id="386" type="sweep" timems="0.675" contextid="377" timestamp="2019-08-04T20:34:38.217" />
<gc-end id="387" type="global" contextid="377" durationms="3.306" usertimems="7.209" systemtimems="0.000" timestamp="2019-08-04T20:34:38.217" activeThreads="6">
  <mem-info id="388" free="4666416" total="13041664" percent="35">
    <mem type="tenure" free="4666416" total="13041664" percent="35" micro-fragmented="1486591">
      <mem type="soa" free="4536368" total="12911616" percent="35" />
      <mem type="loa" free="130048" total="130048" percent="100" />
    </mem>
  </mem-info>
</gc-end>
<cycle-end id="389" type="global" contextid="377" timestamp="2019-08-04T20:34:38.217">
  <attribute name="GC Util" value="59" />
  <attribute name="CPU Util" value="37697038151849" />
  <attribute name="Time Running"value="18462"/>
  <attribute name="Number of cores"value="16"/>
</cycle-end>
<allocation-satisfied id="390" threadId="0000000000C6DF00" bytesRequested="16" />
<af-end id="391" timestamp="2019-08-04T20:34:38.217" threadId="0000000000C6E888" success="true" />
<exclusive-end id="392" timestamp="2019-08-04T20:34:38.217" durationms="3.498" />

<concurrent-kickoff id="393" timestamp="2019-08-04T20:34:39.037">
  <kickoff reason="threshold reached" targetBytes="4092290" thresholdFreeBytes="554658" remainingFree="511920" tenureFreeBytes="511920" />
</concurrent-kickoff>
<exclusive-start id="394" timestamp="2019-08-04T20:34:39.037" intervalms="823.596">
  <response-info timems="0.366" idlems="0.366" threads="0" lastid="0000000000C71B00" lastname="node-5" />
</exclusive-start>
<cycle-start id="395" type="global" contextid="0" timestamp="2019-08-04T20:34:39.037" intervalms="848.524" />
  <attribute name="GC Util" value="59" />
  <attribute name="CPU Util" value="37697038151849" />
  <attribute name="Time Running"value="18462"/>
  <attribute name="Number of cores"value="16"/>
<exclusive-end id="396" timestamp="2019-08-04T20:34:39.037" durationms="0.051" />

<exclusive-start id="397" timestamp="2019-08-04T20:34:39.110" intervalms="72.894">
  <response-info timems="0.191" idlems="0.191" threads="0" lastid="0000000000C62B00" lastname="node-2" />
</exclusive-start>
<af-start id="398" threadId="0000000000C63488" totalBytesRequested="24" timestamp="2019-08-04T20:34:39.110" intervalms="896.449" />
<gc-start id="399" type="global" contextid="395" timestamp="2019-08-04T20:34:39.110">
  <mem-info id="400" free="130048" total="13041664" percent="0">
    <mem type="tenure" free="130048" total="13041664" percent="0">
      <mem type="soa" free="0" total="12911616" percent="0" />
      <mem type="loa" free="130048" total="130048" percent="100" />
    </mem>
  </mem-info>
</gc-start>
<allocation-stats totalBytes="4522112" >
  <allocated-bytes non-tlh="12000" tlh="4510112" />
  <largest-consumer threadName="node-4" threadId="0000000000C4FF00" bytes="266744" />
</allocation-stats>
<concurrent-halted id="401" timestamp="2019-08-04T20:34:39.110">
  <halted state="Complete" status="clean trace" />
  <traced bytesTarget="4092290" bytesTotal="3349940" bytesByMutator="147448" bytesByHelper="3202492" percent="81" />
  <cards cleaned="204" thresholdBytes="218501" />
</concurrent-halted>
<gc-op id="402" type="card-cleaning" timems="0.798" contextid="395" timestamp="2019-08-04T20:34:39.111">
  <card-cleaning cardsCleaned="135" bytesTraced="330724" workStackOverflowCount="0" />
</gc-op>
<gc-op id="403" type="mark" timems="1.987" contextid="395" timestamp="2019-08-04T20:34:39.113">
  <trace-info objectcount="32983" scancount="35577" scanbytes="1745968" />
  <finalization candidates="18" enqueued="0" />
  <references type="soft" candidates="45" cleared="0" enqueued="0" dynamicThreshold="11" maxThreshold="32" />
  <references type="weak" candidates="165" cleared="0" enqueued="0" />
  <references type="phantom" candidates="57" cleared="0" enqueued="0" />
  <stringconstants candidates="3824" cleared="0"  />
</gc-op>
<gc-op id="404" type="sweep" timems="1.199" contextid="395" timestamp="2019-08-04T20:34:39.114" />
<gc-end id="405" type="global" contextid="395" durationms="4.151" usertimems="6.190" systemtimems="4.511" timestamp="2019-08-04T20:34:39.114" activeThreads="6">
  <mem-info id="406" free="4621136" total="13041664" percent="35">
    <mem type="tenure" free="4621136" total="13041664" percent="35" micro-fragmented="1490071">
      <mem type="soa" free="4491088" total="12911616" percent="34" />
      <mem type="loa" free="130048" total="130048" percent="100" />
    </mem>
  </mem-info>
</gc-end>
<cycle-end id="407" type="global" contextid="395" timestamp="2019-08-04T20:34:39.114">
  <attribute name="GC Util" value="41" />
  <attribute name="CPU Util" value="19787420963516" />
  <attribute name="Time Running"value="19359"/>
  <attribute name="Number of cores"value="16"/>
</cycle-end>
<allocation-satisfied id="408" threadId="0000000000C62B00" bytesRequested="24" />
<af-end id="409" timestamp="2019-08-04T20:34:39.114" threadId="0000000000C63488" success="true" />
<exclusive-end id="410" timestamp="2019-08-04T20:34:39.114" durationms="4.353" />

<concurrent-kickoff id="411" timestamp="2019-08-04T20:34:39.938">
  <kickoff reason="threshold reached" targetBytes="3680664" thresholdFreeBytes="505554" remainingFree="504040" tenureFreeBytes="504040" />
</concurrent-kickoff>
<exclusive-start id="412" timestamp="2019-08-04T20:34:39.939" intervalms="829.326">
  <response-info timems="0.037" idlems="0.037" threads="0" lastid="0000000000C4FF00" lastname="node-4" />
</exclusive-start>
<cycle-start id="413" type="global" contextid="0" timestamp="2019-08-04T20:34:39.939" intervalms="902.222" />
  <attribute name="GC Util" value="41" />
  <attribute name="CPU Util" value="19787420963516" />
  <attribute name="Time Running"value="19359"/>
  <attribute name="Number of cores"value="16"/>
<exclusive-end id="414" timestamp="2019-08-04T20:34:39.939" durationms="0.060" />

<exclusive-start id="415" timestamp="2019-08-04T20:34:39.963" intervalms="24.120">
  <response-info timems="0.205" idlems="0.205" threads="0" lastid="0000000000C57700" lastname="node-1" />
</exclusive-start>
<af-start id="416" threadId="0000000000C58088" totalBytesRequested="32" timestamp="2019-08-04T20:34:39.963" intervalms="853.451" />
<gc-start id="417" type="global" contextid="413" timestamp="2019-08-04T20:34:39.963">
  <mem-info id="418" free="130048" total="13041664" percent="0">
    <mem type="tenure" free="130048" total="13041664" percent="0">
      <mem type="soa" free="0" total="12911616" percent="0" />
      <mem type="loa" free="130048" total="130048" percent="100" />
    </mem>
  </mem-info>
</gc-start>
<allocation-stats totalBytes="4480008" >
  <allocated-bytes non-tlh="0" tlh="4480008" />
  <largest-consumer threadName="node-5" threadId="0000000000C71B00" bytes="269096" />
</allocation-stats>
<concurrent-halted id="419" timestamp="2019-08-04T20:34:39.963">
  <halted state="Complete" status="trace only" />
  <traced bytesTarget="3680664" bytesTotal="3072712" bytesByMutator="17916" bytesByHelper="3054796" percent="83" />
  <cards cleaned="0" thresholdBytes="199157" />
</concurrent-halted>
<gc-op id="420" type="card-cleaning" timems="2.246" contextid="413" timestamp="2019-08-04T20:34:39.966">
  <card-cleaning cardsCleaned="221" bytesTraced="888164" workStackOverflowCount="0" />
</gc-op>
<gc-op id="421" type="mark" timems="2.454" contextid="413" timestamp="2019-08-04T20:34:39.968">
  <trace-info objectcount="29289" scancount="31391" scanbytes="1416968" />
  <finalization candidates="18" enqueued="0" />
  <references type="soft" candidates="45" cleared="0" enqueued="0" dynamicThreshold="11" maxThreshold="32" />
  <references type="weak" candidates="165" cleared="0" enqueued="0" />
  <references type="phantom" candidates="57" cleared="0" enqueued="0" />
  <stringconstants candidates="3824" cleared="0"  />
</gc-op>
<gc-op id="422" type="sweep" timems="1.602" contextid="413" timestamp="2019-08-04T20:34:39.970" />
<gc-end id="423" type="global" contextid="413" durationms="6.453" usertimems="11.013" systemtimems="3.198" timestamp="2019-08-04T20:34:39.970" activeThreads="6">
  <mem-info id="424" free="4662840" total="13041664" percent="35">
    <mem type="tenure" free="4662840" total="13041664" percent="35" micro-fragmented="1479271">
      <mem type="soa" free="4532792" total="12911616" percent="35" />
      <mem type="loa" free="130048" total="130048" percent="100" />
    </mem>
  </mem-info>
</gc-end>
<cycle-end id="425" type="global" contextid="413" timestamp="2019-08-04T20:34:39.970">
  <attribute name="GC Util" value="79" />
  <attribute name="CPU Util" value="15335264816291" />
  <attribute name="Time Running"value="20215"/>
  <attribute name="Number of cores"value="16"/>
</cycle-end>
<allocation-satisfied id="426" threadId="0000000000C57700" bytesRequested="32" />
<af-end id="427" timestamp="2019-08-04T20:34:39.970" threadId="0000000000C58088" success="true" />
<exclusive-end id="428" timestamp="2019-08-04T20:34:39.970" durationms="6.639" />

<concurrent-kickoff id="429" timestamp="2019-08-04T20:34:40.645">
  <kickoff reason="threshold reached" targetBytes="4357313" thresholdFreeBytes="586503" remainingFree="584672" tenureFreeBytes="584672" />
</concurrent-kickoff>
<exclusive-start id="430" timestamp="2019-08-04T20:34:40.646" intervalms="682.266">
  <response-info timems="0.456" idlems="0.456" threads="0" lastid="0000000000CA2500" lastname="node-6" />
</exclusive-start>
<cycle-start id="431" type="global" contextid="0" timestamp="2019-08-04T20:34:40.646" intervalms="706.363" />
  <attribute name="GC Util" value="79" />
  <attribute name="CPU Util" value="15335264816291" />
  <attribute name="Time Running"value="20215"/>
  <attribute name="Number of cores"value="16"/>
<exclusive-end id="432" timestamp="2019-08-04T20:34:40.646" durationms="0.029" />

<exclusive-start id="433" timestamp="2019-08-04T20:34:40.676" intervalms="30.137">
  <response-info timems="0.188" idlems="0.188" threads="0" lastid="0000000000C9E900" lastname="node-3" />
</exclusive-start>
<af-start id="434" threadId="0000000000C9F288" totalBytesRequested="32" timestamp="2019-08-04T20:34:40.676" intervalms="712.385" />
<gc-start id="435" type="global" contextid="431" timestamp="2019-08-04T20:34:40.676">
  <mem-info id="436" free="130048" total="13041664" percent="0">
    <mem type="tenure" free="130048" total="13041664" percent="0">
      <mem type="soa" free="0" total="12911616" percent="0" />
      <mem type="loa" free="130048" total="130048" percent="100" />
    </mem>
  </mem-info>
</gc-start>
<allocation-stats totalBytes="4524680" >
  <allocated-bytes non-tlh="0" tlh="4524680" />
  <largest-consumer threadName="node-8" threadId="0000000000C5B300" bytes="275928" />
</allocation-stats>
<concurrent-halted id="437" timestamp="2019-08-04T20:34:40.676">
  <halted state="Complete" status="exhausted" />
  <traced bytesTarget="4357313" bytesTotal="3396300" bytesByMutator="2254992" bytesByHelper="1141308" percent="77" />
  <cards cleaned="333" thresholdBytes="231046" />
</concurrent-halted>
<gc-op id="438" type="card-cleaning" timems="0.617" contextid="431" timestamp="2019-08-04T20:34:40.676">
  <card-cleaning cardsCleaned="85" bytesTraced="257188" workStackOverflowCount="0" />
</gc-op>
<gc-op id="439" type="mark" timems="1.561" contextid="431" timestamp="2019-08-04T20:34:40.678">
  <trace-info objectcount="32240" scancount="34767" scanbytes="1782860" />
  <finalization candidates="18" enqueued="0" />
  <references type="soft" candidates="45" cleared="0" enqueued="0" dynamicThreshold="11" maxThreshold="32" />
  <references type="weak" candidates="165" cleared="0" enqueued="0" />
  <references type="phantom" candidates="57" cleared="0" enqueued="0" />
  <stringconstants candidates="3824" cleared="0"  />
</gc-op>
<gc-op id="440" type="sweep" timems="0.676" contextid="431" timestamp="2019-08-04T20:34:40.679" />
<gc-end id="441" type="global" contextid="431" durationms="2.974" usertimems="5.902" systemtimems="0.614" timestamp="2019-08-04T20:34:40.679" activeThreads="6">
  <mem-info id="442" free="4663832" total="13041664" percent="35">
    <mem type="tenure" free="4663832" total="13041664" percent="35" micro-fragmented="1469591">
      <mem type="soa" free="4533784" total="12911616" percent="35" />
      <mem type="loa" free="130048" total="130048" percent="100" />
    </mem>
  </mem-info>
</gc-end>
<cycle-end id="443" type="global" contextid="431" timestamp="2019-08-04T20:34:40.679">
  <attribute name="GC Util" value="56" />
  <attribute name="CPU Util" value="39362458957923" />
  <attribute name="Time Running"value="20924"/>
  <attribute name="Number of cores"value="16"/>
</cycle-end>
<allocation-satisfied id="444" threadId="0000000000C9E900" bytesRequested="32" />
<af-end id="445" timestamp="2019-08-04T20:34:40.679" threadId="0000000000C9F288" success="true" />
<exclusive-end id="446" timestamp="2019-08-04T20:34:40.679" durationms="3.155" />

<concurrent-kickoff id="447" timestamp="2019-08-04T20:34:41.552">
  <kickoff reason="threshold reached" targetBytes="4108031" thresholdFreeBytes="556499" remainingFree="497888" tenureFreeBytes="497888" />
</concurrent-kickoff>
<exclusive-start id="448" timestamp="2019-08-04T20:34:41.553" intervalms="876.857">
  <response-info timems="0.134" idlems="0.057" threads="2" lastid="0000000000C8FA00" lastname="node-11" />
</exclusive-start>
<cycle-start id="449" type="global" contextid="0" timestamp="2019-08-04T20:34:41.553" intervalms="906.989" />
  <attribute name="GC Util" value="56" />
  <attribute name="CPU Util" value="39362458957923" />
  <attribute name="Time Running"value="20924"/>
  <attribute name="Number of cores"value="16"/>
<exclusive-end id="450" timestamp="2019-08-04T20:34:41.553" durationms="0.022" />

<exclusive-start id="451" timestamp="2019-08-04T20:34:41.592" intervalms="39.778">
  <response-info timems="0.028" idlems="0.028" threads="0" lastid="0000000000C79200" lastname="node-13" />
</exclusive-start>
<af-start id="452" threadId="0000000000C79B88" totalBytesRequested="32" timestamp="2019-08-04T20:34:41.593" intervalms="916.833" />
<gc-start id="453" type="global" contextid="449" timestamp="2019-08-04T20:34:41.593">
  <mem-info id="454" free="130048" total="13041664" percent="0">
    <mem type="tenure" free="130048" total="13041664" percent="0">
      <mem type="soa" free="0" total="12911616" percent="0" />
      <mem type="loa" free="130048" total="130048" percent="100" />
    </mem>
  </mem-info>
</gc-start>
<allocation-stats totalBytes="4523984" >
  <allocated-bytes non-tlh="0" tlh="4523984" />
  <largest-consumer threadName="node-9" threadId="0000000000C80A00" bytes="268808" />
</allocation-stats>
<concurrent-halted id="455" timestamp="2019-08-04T20:34:41.593">
  <halted state="Complete" status="trace only" />
  <traced bytesTarget="4108031" bytesTotal="2975532" bytesByMutator="15168" bytesByHelper="2960364" percent="72" />
  <cards cleaned="0" thresholdBytes="219226" />
</concurrent-halted>
<gc-op id="456" type="card-cleaning" timems="2.064" contextid="449" timestamp="2019-08-04T20:34:41.595">
  <card-cleaning cardsCleaned="228" bytesTraced="1119320" workStackOverflowCount="0" />
</gc-op>
<gc-op id="457" type="mark" timems="1.990" contextid="449" timestamp="2019-08-04T20:34:41.597">
  <trace-info objectcount="25449" scancount="27315" scanbytes="1274188" />
  <finalization candidates="18" enqueued="0" />
  <references type="soft" candidates="45" cleared="0" enqueued="0" dynamicThreshold="11" maxThreshold="32" />
  <references type="weak" candidates="165" cleared="0" enqueued="0" />
  <references type="phantom" candidates="57" cleared="0" enqueued="0" />
  <stringconstants candidates="3824" cleared="0"  />
</gc-op>
<gc-op id="458" type="sweep" timems="0.738" contextid="449" timestamp="2019-08-04T20:34:41.597" />
<gc-end id="459" type="global" contextid="449" durationms="4.909" usertimems="10.596" systemtimems="0.000" timestamp="2019-08-04T20:34:41.598" activeThreads="6">
  <mem-info id="460" free="4668536" total="13041664" percent="35">
    <mem type="tenure" free="4668536" total="13041664" percent="35" micro-fragmented="1493515">
      <mem type="soa" free="4538488" total="12911616" percent="35" />
      <mem type="loa" free="130048" total="130048" percent="100" />
    </mem>
  </mem-info>
</gc-end>
<cycle-end id="461" type="global" contextid="449" timestamp="2019-08-04T20:34:41.598">
  <attribute name="GC Util" value="70" />
  <attribute name="CPU Util" value="39045934254350" />
  <attribute name="Time Running"value="21843"/>
  <attribute name="Number of cores"value="16"/>
</cycle-end>
<allocation-satisfied id="462" threadId="0000000000C79200" bytesRequested="32" />
<af-end id="463" timestamp="2019-08-04T20:34:41.598" threadId="0000000000C79B88" success="true" />
<exclusive-end id="464" timestamp="2019-08-04T20:34:41.598" durationms="5.243" />

<concurrent-kickoff id="465" timestamp="2019-08-04T20:34:42.416">
  <kickoff reason="threshold reached" targetBytes="4400452" thresholdFreeBytes="592366" remainingFree="589464" tenureFreeBytes="589464" />
</concurrent-kickoff>
<exclusive-start id="466" timestamp="2019-08-04T20:34:42.427" intervalms="834.809">
  <response-info timems="0.344" idlems="0.344" threads="0" lastid="0000000000C7CE00" lastname="node-24" />
</exclusive-start>
<cycle-start id="467" type="global" contextid="0" timestamp="2019-08-04T20:34:42.427" intervalms="874.592" />
  <attribute name="GC Util" value="70" />
  <attribute name="CPU Util" value="39045934254350" />
  <attribute name="Time Running"value="21843"/>
  <attribute name="Number of cores"value="16"/>
<exclusive-end id="468" timestamp="2019-08-04T20:34:42.427" durationms="0.028" />

<exclusive-start id="469" timestamp="2019-08-04T20:34:42.461" intervalms="34.178">
  <response-info timems="0.320" idlems="0.172" threads="1" lastid="0000000000C9E900" lastname="node-3" />
</exclusive-start>
<af-start id="470" threadId="0000000000CAA688" totalBytesRequested="24" timestamp="2019-08-04T20:34:42.461" intervalms="868.789" />
<gc-start id="471" type="global" contextid="467" timestamp="2019-08-04T20:34:42.461">
  <mem-info id="472" free="130048" total="13041664" percent="0">
    <mem type="tenure" free="130048" total="13041664" percent="0">
      <mem type="soa" free="0" total="12911616" percent="0" />
      <mem type="loa" free="130048" total="130048" percent="100" />
    </mem>
  </mem-info>
</gc-start>
<allocation-stats totalBytes="4529304" >
  <allocated-bytes non-tlh="0" tlh="4529304" />
  <largest-consumer threadName="node-21" threadId="0000000000CA6100" bytes="270880" />
</allocation-stats>
<concurrent-halted id="473" timestamp="2019-08-04T20:34:42.461">
  <halted state="Complete" status="clean trace" />
  <traced bytesTarget="4400452" bytesTotal="3331836" bytesByMutator="334764" bytesByHelper="2997072" percent="75" />
  <cards cleaned="192" thresholdBytes="233356" />
</concurrent-halted>
<gc-op id="474" type="card-cleaning" timems="0.472" contextid="467" timestamp="2019-08-04T20:34:42.462">
  <card-cleaning cardsCleaned="132" bytesTraced="247016" workStackOverflowCount="0" />
</gc-op>
<gc-op id="475" type="mark" timems="1.789" contextid="467" timestamp="2019-08-04T20:34:42.464">
  <trace-info objectcount="34234" scancount="36685" scanbytes="1823448" />
  <finalization candidates="18" enqueued="0" />
  <references type="soft" candidates="45" cleared="0" enqueued="0" dynamicThreshold="11" maxThreshold="32" />
  <references type="weak" candidates="165" cleared="0" enqueued="0" />
  <references type="phantom" candidates="57" cleared="0" enqueued="0" />
  <stringconstants candidates="3824" cleared="0"  />
</gc-op>
<gc-op id="476" type="sweep" timems="0.842" contextid="467" timestamp="2019-08-04T20:34:42.465" />
<gc-end id="477" type="global" contextid="467" durationms="3.212" usertimems="7.870" systemtimems="0.179" timestamp="2019-08-04T20:34:42.465" activeThreads="6">
  <mem-info id="478" free="4686368" total="13041664" percent="35">
    <mem type="tenure" free="4686368" total="13041664" percent="35" micro-fragmented="1463191">
      <mem type="soa" free="4556320" total="12911616" percent="35" />
      <mem type="loa" free="130048" total="130048" percent="100" />
    </mem>
  </mem-info>
</gc-end>
<cycle-end id="479" type="global" contextid="467" timestamp="2019-08-04T20:34:42.465">
  <attribute name="GC Util" value="60" />
  <attribute name="CPU Util" value="28406045688111" />
  <attribute name="Time Running"value="22710"/>
  <attribute name="Number of cores"value="16"/>
</cycle-end>
<allocation-satisfied id="480" threadId="0000000000CA9D00" bytesRequested="24" />
<af-end id="481" timestamp="2019-08-04T20:34:42.465" threadId="0000000000CAA688" success="true" />
<exclusive-end id="482" timestamp="2019-08-04T20:34:42.465" durationms="3.347" />

<concurrent-kickoff id="483" timestamp="2019-08-04T20:34:43.452">
  <kickoff reason="threshold reached" targetBytes="3578852" thresholdFreeBytes="493496" remainingFree="484368" tenureFreeBytes="484368" />
</concurrent-kickoff>
<exclusive-start id="484" timestamp="2019-08-04T20:34:43.452" intervalms="991.087">
  <response-info timems="0.448" idlems="0.448" threads="0" lastid="0000000000C84600" lastname="node-12" />
</exclusive-start>
<cycle-start id="485" type="global" contextid="0" timestamp="2019-08-04T20:34:43.452" intervalms="1025.267" />
  <attribute name="GC Util" value="60" />
  <attribute name="CPU Util" value="28406045688111" />
  <attribute name="Time Running"value="22710"/>
  <attribute name="Number of cores"value="16"/>
<exclusive-end id="486" timestamp="2019-08-04T20:34:43.452" durationms="0.032" />

<exclusive-start id="487" timestamp="2019-08-04T20:34:43.463" intervalms="10.582">
  <response-info timems="0.242" idlems="0.242" threads="0" lastid="0000000000C6DF00" lastname="node-15" />
</exclusive-start>
<af-start id="488" threadId="0000000000C6E888" totalBytesRequested="24" timestamp="2019-08-04T20:34:43.463" intervalms="1001.699" />
<gc-start id="489" type="global" contextid="485" timestamp="2019-08-04T20:34:43.463">
  <mem-info id="490" free="130048" total="13041664" percent="0">
    <mem type="tenure" free="130048" total="13041664" percent="0">
      <mem type="soa" free="0" total="12911616" percent="0" />
      <mem type="loa" free="130048" total="130048" percent="100" />
    </mem>
  </mem-info>
</gc-start>
<allocation-stats totalBytes="4549560" >
  <allocated-bytes non-tlh="0" tlh="4549560" />
  <largest-consumer threadName="node-14" threadId="0000000000C93600" bytes="273240" />
</allocation-stats>
<concurrent-halted id="491" timestamp="2019-08-04T20:34:43.463">
  <halted state="Complete" status="trace only" />
  <traced bytesTarget="3578852" bytesTotal="2964764" bytesByMutator="10660" bytesByHelper="2954104" percent="82" />
  <cards cleaned="0" thresholdBytes="194407" />
</concurrent-halted>
<gc-op id="492" type="card-cleaning" timems="2.473" contextid="485" timestamp="2019-08-04T20:34:43.466">
  <card-cleaning cardsCleaned="174" bytesTraced="1094928" workStackOverflowCount="0" />
</gc-op>
<gc-op id="493" type="mark" timems="4.495" contextid="485" timestamp="2019-08-04T20:34:43.470">
  <trace-info objectcount="25498" scancount="27358" scanbytes="1283700" />
  <finalization candidates="18" enqueued="0" />
  <references type="soft" candidates="45" cleared="0" enqueued="0" dynamicThreshold="11" maxThreshold="32" />
  <references type="weak" candidates="165" cleared="0" enqueued="0" />
  <references type="phantom" candidates="57" cleared="0" enqueued="0" />
  <stringconstants candidates="3824" cleared="0"  />
</gc-op>
<gc-op id="494" type="sweep" timems="3.591" contextid="485" timestamp="2019-08-04T20:34:43.474" />
<gc-end id="495" type="global" contextid="485" durationms="10.705" usertimems="17.151" systemtimems="4.188" timestamp="2019-08-04T20:34:43.474" activeThreads="6">
  <mem-info id="496" free="4691672" total="13041664" percent="35">
    <mem type="tenure" free="4691672" total="13041664" percent="35" micro-fragmented="1463191">
      <mem type="soa" free="4561624" total="12911616" percent="35" />
      <mem type="loa" free="130048" total="130048" percent="100" />
    </mem>
  </mem-info>
</gc-end>
<cycle-end id="497" type="global" contextid="485" timestamp="2019-08-04T20:34:43.474">
  <attribute name="GC Util" value="82" />
  <attribute name="CPU Util" value="7379311574480" />
  <attribute name="Time Running"value="23718"/>
  <attribute name="Number of cores"value="16"/>
</cycle-end>
<allocation-satisfied id="498" threadId="0000000000C6DF00" bytesRequested="24" />
<af-end id="499" timestamp="2019-08-04T20:34:43.474" threadId="0000000000C6E888" success="true" />
<exclusive-end id="500" timestamp="2019-08-04T20:34:43.474" durationms="10.994" />

<concurrent-kickoff id="501" timestamp="2019-08-04T20:34:44.290">
  <kickoff reason="threshold reached" targetBytes="4577537" thresholdFreeBytes="613631" remainingFree="603208" tenureFreeBytes="603208" />
</concurrent-kickoff>
<exclusive-start id="502" timestamp="2019-08-04T20:34:44.290" intervalms="827.444">
  <response-info timems="0.504" idlems="0.209" threads="2" lastid="0000000000CA9D00" lastname="node-25" />
</exclusive-start>
<cycle-start id="503" type="global" contextid="0" timestamp="2019-08-04T20:34:44.290" intervalms="838.021" />
  <attribute name="GC Util" value="82" />
  <attribute name="CPU Util" value="7379311574480" />
  <attribute name="Time Running"value="23718"/>
  <attribute name="Number of cores"value="16"/>
<exclusive-end id="504" timestamp="2019-08-04T20:34:44.290" durationms="0.025" />

<exclusive-start id="505" timestamp="2019-08-04T20:34:44.320" intervalms="29.557">
  <response-info timems="0.116" idlems="0.116" threads="0" lastid="0000000000C66700" lastname="node-7" />
</exclusive-start>
<af-start id="506" threadId="0000000000C67088" totalBytesRequested="32" timestamp="2019-08-04T20:34:44.320" intervalms="857.045" />
<gc-start id="507" type="global" contextid="503" timestamp="2019-08-04T20:34:44.320">
  <mem-info id="508" free="130048" total="13041664" percent="0">
    <mem type="tenure" free="130048" total="13041664" percent="0">
      <mem type="soa" free="0" total="12911616" percent="0" />
      <mem type="loa" free="130048" total="130048" percent="100" />
    </mem>
  </mem-info>
</gc-start>
<allocation-stats totalBytes="4548832" >
  <allocated-bytes non-tlh="0" tlh="4548832" />
  <largest-consumer threadName="node-25" threadId="0000000000CA9D00" bytes="277048" />
</allocation-stats>
<concurrent-halted id="509" timestamp="2019-08-04T20:34:44.320">
  <halted state="Complete" status="exhausted" />
  <traced bytesTarget="4577537" bytesTotal="3387828" bytesByMutator="534532" bytesByHelper="2853296" percent="74" />
  <cards cleaned="329" thresholdBytes="241733" />
</concurrent-halted>
<gc-op id="510" type="card-cleaning" timems="0.553" contextid="503" timestamp="2019-08-04T20:34:44.321">
  <card-cleaning cardsCleaned="123" bytesTraced="242820" workStackOverflowCount="0" />
</gc-op>
<gc-op id="511" type="mark" timems="2.694" contextid="503" timestamp="2019-08-04T20:34:44.324">
  <trace-info objectcount="33221" scancount="35783" scanbytes="1797716" />
  <finalization candidates="18" enqueued="0" />
  <references type="soft" candidates="45" cleared="0" enqueued="0" dynamicThreshold="11" maxThreshold="32" />
  <references type="weak" candidates="165" cleared="0" enqueued="0" />
  <references type="phantom" candidates="57" cleared="0" enqueued="0" />
  <stringconstants candidates="3824" cleared="0"  />
</gc-op>
<gc-op id="512" type="sweep" timems="0.821" contextid="503" timestamp="2019-08-04T20:34:44.325" />
<gc-end id="513" type="global" contextid="503" durationms="4.379" usertimems="4.728" systemtimems="5.061" timestamp="2019-08-04T20:34:44.325" activeThreads="6">
  <mem-info id="514" free="4684424" total="13041664" percent="35">
    <mem type="tenure" free="4684424" total="13041664" percent="35" micro-fragmented="1463191">
      <mem type="soa" free="4554376" total="12911616" percent="35" />
      <mem type="loa" free="130048" total="130048" percent="100" />
    </mem>
  </mem-info>
</gc-end>
<cycle-end id="515" type="global" contextid="503" timestamp="2019-08-04T20:34:44.325">
  <attribute name="GC Util" value="89" />
  <attribute name="CPU Util" value="34613821773056" />
  <attribute name="Time Running"value="24570"/>
  <attribute name="Number of cores"value="16"/>
</cycle-end>
<allocation-satisfied id="516" threadId="0000000000C66700" bytesRequested="32" />
<af-end id="517" timestamp="2019-08-04T20:34:44.325" threadId="0000000000C67088" success="true" />
<exclusive-end id="518" timestamp="2019-08-04T20:34:44.325" durationms="4.743" />

<concurrent-kickoff id="519" timestamp="2019-08-04T20:34:45.285">
  <kickoff reason="threshold reached" targetBytes="4262968" thresholdFreeBytes="575768" remainingFree="568400" tenureFreeBytes="568400" />
</concurrent-kickoff>
<exclusive-start id="520" timestamp="2019-08-04T20:34:45.286" intervalms="965.531">
  <response-info timems="0.124" idlems="0.124" threads="0" lastid="0000000000C88200" lastname="node-16" />
</exclusive-start>
<cycle-start id="521" type="global" contextid="0" timestamp="2019-08-04T20:34:45.286" intervalms="995.087" />
  <attribute name="GC Util" value="89" />
  <attribute name="CPU Util" value="34613821773056" />
  <attribute name="Time Running"value="24570"/>
  <attribute name="Number of cores"value="16"/>
<exclusive-end id="522" timestamp="2019-08-04T20:34:45.286" durationms="0.022" />

<exclusive-start id="523" timestamp="2019-08-04T20:34:45.296" intervalms="10.136">
  <response-info timems="0.088" idlems="0.088" threads="0" lastid="0000000000C8FA00" lastname="node-11" />
</exclusive-start>
<af-start id="524" threadId="0000000000C90388" totalBytesRequested="24" timestamp="2019-08-04T20:34:45.296" intervalms="975.611" />
<gc-start id="525" type="global" contextid="521" timestamp="2019-08-04T20:34:45.296">
  <mem-info id="526" free="130048" total="13041664" percent="0">
    <mem type="tenure" free="130048" total="13041664" percent="0">
      <mem type="soa" free="0" total="12911616" percent="0" />
      <mem type="loa" free="130048" total="130048" percent="100" />
    </mem>
  </mem-info>
</gc-start>
<allocation-stats totalBytes="4544776" >
  <allocated-bytes non-tlh="0" tlh="4544776" />
  <largest-consumer threadName="node-3" threadId="0000000000C9E900" bytes="288448" />
</allocation-stats>
<concurrent-halted id="527" timestamp="2019-08-04T20:34:45.296">
  <halted state="Complete" status="exhausted" />
  <traced bytesTarget="4262968" bytesTotal="3340228" bytesByMutator="500092" bytesByHelper="2840136" percent="78" />
  <cards cleaned="132" thresholdBytes="226817" />
</concurrent-halted>
<gc-op id="528" type="card-cleaning" timems="0.619" contextid="521" timestamp="2019-08-04T20:34:45.296">
  <card-cleaning cardsCleaned="149" bytesTraced="70196" workStackOverflowCount="0" />
</gc-op>
<gc-op id="529" type="mark" timems="2.312" contextid="521" timestamp="2019-08-04T20:34:45.299">
  <trace-info objectcount="38216" scancount="40492" scanbytes="1972072" />
  <finalization candidates="18" enqueued="0" />
  <references type="soft" candidates="45" cleared="0" enqueued="0" dynamicThreshold="11" maxThreshold="32" />
  <references type="weak" candidates="165" cleared="0" enqueued="0" />
  <references type="phantom" candidates="57" cleared="0" enqueued="0" />
  <stringconstants candidates="3824" cleared="0"  />
</gc-op>
<gc-op id="530" type="sweep" timems="1.027" contextid="521" timestamp="2019-08-04T20:34:45.300" />
<gc-end id="531" type="global" contextid="521" durationms="4.101" usertimems="8.398" systemtimems="1.640" timestamp="2019-08-04T20:34:45.300" activeThreads="6">
  <mem-info id="532" free="4696104" total="13041664" percent="36">
    <mem type="tenure" free="4696104" total="13041664" percent="36" micro-fragmented="1463191">
      <mem type="soa" free="4566056" total="12911616" percent="35" />
      <mem type="loa" free="130048" total="130048" percent="100" />
    </mem>
  </mem-info>
</gc-end>
<cycle-end id="533" type="global" contextid="521" timestamp="2019-08-04T20:34:45.300">
  <attribute name="GC Util" value="81" />
  <attribute name="CPU Util" value="27292483605472" />
  <attribute name="Time Running"value="25545"/>
  <attribute name="Number of cores"value="16"/>
</cycle-end>
<allocation-satisfied id="534" threadId="0000000000C8FA00" bytesRequested="24" />
<af-end id="535" timestamp="2019-08-04T20:34:45.300" threadId="0000000000C90388" success="true" />
<exclusive-end id="536" timestamp="2019-08-04T20:34:45.300" durationms="4.276" />

<concurrent-kickoff id="537" timestamp="2019-08-04T20:34:46.239">
  <kickoff reason="threshold reached" targetBytes="4022943" thresholdFreeBytes="546640" remainingFree="495392" tenureFreeBytes="495392" />
</concurrent-kickoff>
<exclusive-start id="538" timestamp="2019-08-04T20:34:46.239" intervalms="943.705">
  <response-info timems="0.071" idlems="0.071" threads="0" lastid="0000000000C79200" lastname="node-13" />
</exclusive-start>
<cycle-start id="539" type="global" contextid="0" timestamp="2019-08-04T20:34:46.239" intervalms="953.841" />
  <attribute name="GC Util" value="81" />
  <attribute name="CPU Util" value="27292483605472" />
  <attribute name="Time Running"value="25545"/>
  <attribute name="Number of cores"value="16"/>
<exclusive-end id="540" timestamp="2019-08-04T20:34:46.239" durationms="0.022" />

<exclusive-start id="541" timestamp="2019-08-04T20:34:46.259" intervalms="20.052">
  <response-info timems="0.074" idlems="0.074" threads="0" lastid="0000000000C4FF00" lastname="node-4" />
</exclusive-start>
<af-start id="542" threadId="0000000000C50888" totalBytesRequested="32" timestamp="2019-08-04T20:34:46.260" intervalms="963.758" />
<gc-start id="543" type="global" contextid="539" timestamp="2019-08-04T20:34:46.260">
  <mem-info id="544" free="130048" total="13041664" percent="0">
    <mem type="tenure" free="130048" total="13041664" percent="0">
      <mem type="soa" free="0" total="12911616" percent="0" />
      <mem type="loa" free="130048" total="130048" percent="100" />
    </mem>
  </mem-info>
</gc-start>
<allocation-stats totalBytes="4558440" >
  <allocated-bytes non-tlh="0" tlh="4558440" />
  <largest-consumer threadName="node-16" threadId="0000000000C88200" bytes="267368" />
</allocation-stats>
<concurrent-halted id="545" timestamp="2019-08-04T20:34:46.260">
  <halted state="Class scanning incomplete" status="clean trace" />
  <traced bytesTarget="4022943" bytesTotal="3324184" bytesByMutator="385632" bytesByHelper="2938552" percent="82" />
  <cards cleaned="166" thresholdBytes="215342" />
</concurrent-halted>
<gc-op id="546" type="card-cleaning" timems="0.691" contextid="539" timestamp="2019-08-04T20:34:46.260">
  <card-cleaning cardsCleaned="140" bytesTraced="232168" workStackOverflowCount="0" />
</gc-op>
<gc-op id="547" type="mark" timems="2.097" contextid="539" timestamp="2019-08-04T20:34:46.262">
  <trace-info objectcount="33428" scancount="35946" scanbytes="1811276" />
  <finalization candidates="18" enqueued="0" />
  <references type="soft" candidates="45" cleared="0" enqueued="0" dynamicThreshold="11" maxThreshold="32" />
  <references type="weak" candidates="165" cleared="0" enqueued="0" />
  <references type="phantom" candidates="57" cleared="0" enqueued="0" />
  <stringconstants candidates="3824" cleared="0"  />
</gc-op>
<gc-op id="548" type="sweep" timems="0.904" contextid="539" timestamp="2019-08-04T20:34:46.263" />
<gc-end id="549" type="global" contextid="539" durationms="3.853" usertimems="8.209" systemtimems="2.471" timestamp="2019-08-04T20:34:46.263" activeThreads="6">
  <mem-info id="550" free="4691032" total="13041664" percent="35">
    <mem type="tenure" free="4691032" total="13041664" percent="35" micro-fragmented="1463191">
      <mem type="soa" free="4560984" total="12911616" percent="35" />
      <mem type="loa" free="130048" total="130048" percent="100" />
    </mem>
  </mem-info>
</gc-end>
<cycle-end id="551" type="global" contextid="539" timestamp="2019-08-04T20:34:46.264">
  <attribute name="GC Util" value="89" />
  <attribute name="CPU Util" value="35319374202036" />
  <attribute name="Time Running"value="26509"/>
  <attribute name="Number of cores"value="16"/>
</cycle-end>
<allocation-satisfied id="552" threadId="0000000000C4FF00" bytesRequested="32" />
<af-end id="553" timestamp="2019-08-04T20:34:46.264" threadId="0000000000C50888" success="true" />
<exclusive-end id="554" timestamp="2019-08-04T20:34:46.264" durationms="4.088" />

<concurrent-kickoff id="555" timestamp="2019-08-04T20:34:47.239">
  <kickoff reason="threshold reached" targetBytes="3556352" thresholdFreeBytes="490942" remainingFree="398904" tenureFreeBytes="398904" />
</concurrent-kickoff>
<exclusive-start id="556" timestamp="2019-08-04T20:34:47.239" intervalms="979.558">
  <response-info timems="0.032" idlems="0.032" threads="0" lastid="0000000000C4C400" lastname="node-10" />
</exclusive-start>
<cycle-start id="557" type="global" contextid="0" timestamp="2019-08-04T20:34:47.239" intervalms="999.604" />
  <attribute name="GC Util" value="89" />
  <attribute name="CPU Util" value="35319374202036" />
  <attribute name="Time Running"value="26509"/>
  <attribute name="Number of cores"value="16"/>
<exclusive-end id="558" timestamp="2019-08-04T20:34:47.239" durationms="0.129" />

<exclusive-start id="559" timestamp="2019-08-04T20:34:47.245" intervalms="6.451">
  <response-info timems="0.022" idlems="0.022" threads="0" lastid="0000000000C75700" lastname="node-20" />
</exclusive-start>
<af-start id="560" threadId="0000000000C76088" totalBytesRequested="32" timestamp="2019-08-04T20:34:47.246" intervalms="985.998" />
<concurrent-aborted id="561" timestamp="2019-08-04T20:34:47.246">
  <reason value="insufficient progress made" />
</concurrent-aborted>
<cycle-end id="562" type="global" contextid="557" timestamp="2019-08-04T20:34:47.246">
  <attribute name="GC Util" value="89" />
  <attribute name="CPU Util" value="35319374202036" />
  <attribute name="Time Running"value="26509"/>
  <attribute name="Number of cores"value="16"/>
</cycle-end>
<cycle-start id="563" type="global" contextid="0" timestamp="2019-08-04T20:34:47.246" intervalms="6.529" />
  <attribute name="GC Util" value="89" />
  <attribute name="CPU Util" value="35319374202036" />
  <attribute name="Time Running"value="26509"/>
  <attribute name="Number of cores"value="16"/>
<gc-start id="564" type="global" contextid="563" timestamp="2019-08-04T20:34:47.246">
  <mem-info id="565" free="130048" total="13041664" percent="0">
    <mem type="tenure" free="130048" total="13041664" percent="0">
      <mem type="soa" free="0" total="12911616" percent="0" />
      <mem type="loa" free="130048" total="130048" percent="100" />
    </mem>
  </mem-info>
</gc-start>
<allocation-stats totalBytes="4552776" >
  <allocated-bytes non-tlh="0" tlh="4552776" />
  <largest-consumer threadName="node-12" threadId="0000000000C84600" bytes="265992" />
</allocation-stats>
<gc-op id="566" type="mark" timems="3.875" contextid="563" timestamp="2019-08-04T20:34:47.249">
  <trace-info objectcount="144629" scancount="135111" scanbytes="5298452" />
  <finalization candidates="18" enqueued="0" />
  <references type="soft" candidates="45" cleared="0" enqueued="0" dynamicThreshold="11" maxThreshold="32" />
  <references type="weak" candidates="165" cleared="0" enqueued="0" />
  <references type="phantom" candidates="57" cleared="0" enqueued="0" />
  <stringconstants candidates="3824" cleared="0"  />
</gc-op>
<gc-op id="567" type="sweep" timems="1.485" contextid="563" timestamp="2019-08-04T20:34:47.251" />
<gc-end id="568" type="global" contextid="563" durationms="5.463" usertimems="13.876" systemtimems="2.585" timestamp="2019-08-04T20:34:47.251" activeThreads="6">
  <mem-info id="569" free="4695288" total="13041664" percent="36">
    <mem type="tenure" free="4695288" total="13041664" percent="36" micro-fragmented="1463191">
      <mem type="soa" free="4565240" total="12911616" percent="35" />
      <mem type="loa" free="130048" total="130048" percent="100" />
    </mem>
  </mem-info>
</gc-end>
<cycle-end id="570" type="global" contextid="563" timestamp="2019-08-04T20:34:47.251">
  <attribute name="GC Util" value="147" />
  <attribute name="CPU Util" value="15510941587090" />
  <attribute name="Time Running"value="27496"/>
  <attribute name="Number of cores"value="16"/>
</cycle-end>
<allocation-satisfied id="571" threadId="0000000000C75700" bytesRequested="32" />
<af-end id="572" timestamp="2019-08-04T20:34:47.251" threadId="0000000000C76088" success="true" />
<exclusive-end id="573" timestamp="2019-08-04T20:34:47.251" durationms="5.637" />

<concurrent-kickoff id="574" timestamp="2019-08-04T20:34:48.139">
  <kickoff reason="threshold reached" targetBytes="3982763" thresholdFreeBytes="541544" remainingFree="466024" tenureFreeBytes="466024" />
</concurrent-kickoff>
<exclusive-start id="575" timestamp="2019-08-04T20:34:48.139" intervalms="893.540">
  <response-info timems="0.018" idlems="0.018" threads="0" lastid="0000000000C8FA00" lastname="node-11" />
</exclusive-start>
<cycle-start id="576" type="global" contextid="0" timestamp="2019-08-04T20:34:48.139" intervalms="893.461" />
  <attribute name="GC Util" value="147" />
  <attribute name="CPU Util" value="15510941587090" />
  <attribute name="Time Running"value="27496"/>
  <attribute name="Number of cores"value="16"/>
<exclusive-end id="577" timestamp="2019-08-04T20:34:48.139" durationms="0.014" />

<exclusive-start id="578" timestamp="2019-08-04T20:34:48.144" intervalms="4.698">
  <response-info timems="0.316" idlems="0.316" threads="0" lastid="0000000000CA2500" lastname="node-6" />
</exclusive-start>
<af-start id="579" threadId="0000000000CA2E88" totalBytesRequested="24" timestamp="2019-08-04T20:34:48.144" intervalms="898.228" />
<gc-start id="580" type="global" contextid="576" timestamp="2019-08-04T20:34:48.144">
  <mem-info id="581" free="130048" total="13041664" percent="0">
    <mem type="tenure" free="130048" total="13041664" percent="0">
      <mem type="soa" free="0" total="12911616" percent="0" />
      <mem type="loa" free="130048" total="130048" percent="100" />
    </mem>
  </mem-info>
</gc-start>
<allocation-stats totalBytes="4551040" >
  <allocated-bytes non-tlh="0" tlh="4551040" />
  <largest-consumer threadName="node-8" threadId="0000000000C5B300" bytes="296200" />
</allocation-stats>
<concurrent-halted id="582" timestamp="2019-08-04T20:34:48.144">
  <halted state="Class scanning incomplete" status="clean trace" />
  <traced bytesTarget="3982763" bytesTotal="892248" bytesByMutator="0" bytesByHelper="892248" percent="22" />
  <cards cleaned="0" thresholdBytes="213335" />
</concurrent-halted>
<gc-op id="583" type="tracing" timems="2.154" contextid="576" timestamp="2019-08-04T20:34:48.146">
  <trace bytesTraced="3562388" workStackOverflowCount="0" />
</gc-op>
<gc-op id="584" type="card-cleaning" timems="0.612" contextid="576" timestamp="2019-08-04T20:34:48.147">
  <card-cleaning cardsCleaned="174" bytesTraced="332084" workStackOverflowCount="0" />
</gc-op>
<gc-op id="585" type="mark" timems="1.416" contextid="576" timestamp="2019-08-04T20:34:48.148">
  <trace-info objectcount="10181" scancount="10500" scanbytes="536296" />
  <finalization candidates="18" enqueued="0" />
  <references type="soft" candidates="45" cleared="0" enqueued="0" dynamicThreshold="11" maxThreshold="32" />
  <references type="weak" candidates="165" cleared="0" enqueued="0" />
  <references type="phantom" candidates="57" cleared="0" enqueued="0" />
  <stringconstants candidates="3824" cleared="0"  />
</gc-op>
<gc-op id="586" type="sweep" timems="0.966" contextid="576" timestamp="2019-08-04T20:34:48.149" />
<gc-end id="587" type="global" contextid="576" durationms="5.280" usertimems="10.825" systemtimems="2.603" timestamp="2019-08-04T20:34:48.149" activeThreads="6">
  <mem-info id="588" free="4689984" total="13041664" percent="35">
    <mem type="tenure" free="4689984" total="13041664" percent="35" micro-fragmented="1463191">
      <mem type="soa" free="4559936" total="12911616" percent="35" />
      <mem type="loa" free="130048" total="130048" percent="100" />
    </mem>
  </mem-info>
</gc-end>
<cycle-end id="589" type="global" contextid="576" timestamp="2019-08-04T20:34:48.149">
  <attribute name="GC Util" value="72" />
  <attribute name="CPU Util" value="29300126010034" />
  <attribute name="Time Running"value="28394"/>
  <attribute name="Number of cores"value="16"/>
</cycle-end>
<allocation-satisfied id="590" threadId="0000000000CA2500" bytesRequested="24" />
<af-end id="591" timestamp="2019-08-04T20:34:48.149" threadId="0000000000CA2E88" success="true" />
<exclusive-end id="592" timestamp="2019-08-04T20:34:48.149" durationms="5.396" />

<concurrent-kickoff id="593" timestamp="2019-08-04T20:34:48.940">
  <kickoff reason="threshold reached" targetBytes="4786720" thresholdFreeBytes="660090" remainingFree="657920" tenureFreeBytes="657920" />
</concurrent-kickoff>
<exclusive-start id="594" timestamp="2019-08-04T20:34:48.942" intervalms="798.378">
  <response-info timems="0.331" idlems="0.331" threads="0" lastid="0000000000C62B00" lastname="node-2" />
</exclusive-start>
<cycle-start id="595" type="global" contextid="0" timestamp="2019-08-04T20:34:48.942" intervalms="803.090" />
  <attribute name="GC Util" value="72" />
  <attribute name="CPU Util" value="29300126010034" />
  <attribute name="Time Running"value="28394"/>
  <attribute name="Number of cores"value="16"/>
<exclusive-end id="596" timestamp="2019-08-04T20:34:48.942" durationms="0.031" />

<exclusive-start id="597" timestamp="2019-08-04T20:34:48.963" intervalms="20.552">
  <response-info timems="0.024" idlems="0.024" threads="0" lastid="0000000000C5EF00" lastname="node-23" />
</exclusive-start>
<af-start id="598" threadId="0000000000C5F888" totalBytesRequested="32" timestamp="2019-08-04T20:34:48.963" intervalms="819.014" />
<gc-start id="599" type="global" contextid="595" timestamp="2019-08-04T20:34:48.963">
  <mem-info id="600" free="130048" total="13041664" percent="0">
    <mem type="tenure" free="130048" total="13041664" percent="0">
      <mem type="soa" free="0" total="12911616" percent="0" />
      <mem type="loa" free="130048" total="130048" percent="100" />
    </mem>
  </mem-info>
</gc-start>
<allocation-stats totalBytes="4553984" >
  <allocated-bytes non-tlh="0" tlh="4553984" />
  <largest-consumer threadName="node-8" threadId="0000000000C5B300" bytes="296120" />
</allocation-stats>
<concurrent-halted id="601" timestamp="2019-08-04T20:34:48.963">
  <halted state="Complete" status="trace only" />
  <traced bytesTarget="4786720" bytesTotal="3000792" bytesByMutator="17444" bytesByHelper="2983348" percent="62" />
  <cards cleaned="0" thresholdBytes="260035" />
</concurrent-halted>
<gc-op id="602" type="card-cleaning" timems="0.979" contextid="595" timestamp="2019-08-04T20:34:48.964">
  <card-cleaning cardsCleaned="207" bytesTraced="960488" workStackOverflowCount="0" />
</gc-op>
<gc-op id="603" type="mark" timems="3.730" contextid="595" timestamp="2019-08-04T20:34:48.968">
  <trace-info objectcount="27845" scancount="29776" scanbytes="1390800" />
  <finalization candidates="18" enqueued="0" />
  <references type="soft" candidates="45" cleared="0" enqueued="0" dynamicThreshold="11" maxThreshold="32" />
  <references type="weak" candidates="165" cleared="0" enqueued="0" />
  <references type="phantom" candidates="57" cleared="0" enqueued="0" />
  <stringconstants candidates="3824" cleared="0"  />
</gc-op>
<gc-op id="604" type="sweep" timems="1.676" contextid="595" timestamp="2019-08-04T20:34:48.969" />
<gc-end id="605" type="global" contextid="595" durationms="6.672" usertimems="8.645" systemtimems="5.178" timestamp="2019-08-04T20:34:48.969" activeThreads="6">
  <mem-info id="606" free="4692216" total="13041664" percent="35">
    <mem type="tenure" free="4692216" total="13041664" percent="35" micro-fragmented="1463191">
      <mem type="soa" free="4562168" total="12911616" percent="35" />
      <mem type="loa" free="130048" total="130048" percent="100" />
    </mem>
  </mem-info>
</gc-end>
<cycle-end id="607" type="global" contextid="595" timestamp="2019-08-04T20:34:48.970">
  <attribute name="GC Util" value="64" />
  <attribute name="CPU Util" value="21995235351434" />
  <attribute name="Time Running"value="29214"/>
  <attribute name="Number of cores"value="16"/>
</cycle-end>
<allocation-satisfied id="608" threadId="0000000000C5EF00" bytesRequested="32" />
<af-end id="609" timestamp="2019-08-04T20:34:48.970" threadId="0000000000C5F888" success="true" />
<exclusive-end id="610" timestamp="2019-08-04T20:34:48.970" durationms="7.013" />

<concurrent-kickoff id="611" timestamp="2019-08-04T20:34:49.924">
  <kickoff reason="threshold reached" targetBytes="3826003" thresholdFreeBytes="516716" remainingFree="467032" tenureFreeBytes="467032" />
</concurrent-kickoff>
<exclusive-start id="612" timestamp="2019-08-04T20:34:49.924" intervalms="961.496">
  <response-info timems="0.174" idlems="0.174" threads="0" lastid="0000000000C79200" lastname="node-13" />
</exclusive-start>
<cycle-start id="613" type="global" contextid="0" timestamp="2019-08-04T20:34:49.924" intervalms="982.052" />
  <attribute name="GC Util" value="64" />
  <attribute name="CPU Util" value="21995235351434" />
  <attribute name="Time Running"value="29214"/>
  <attribute name="Number of cores"value="16"/>
<exclusive-end id="614" timestamp="2019-08-04T20:34:49.924" durationms="0.035" />

<exclusive-start id="615" timestamp="2019-08-04T20:34:49.939" intervalms="14.668">
  <response-info timems="0.079" idlems="0.079" threads="0" lastid="0000000000C8FA00" lastname="node-11" />
</exclusive-start>
<concurrent-collection-start id="616" timestamp="2019-08-04T20:34:49.939" intervalms="13205.518" >
  <concurrent-trace-info reason="card cleaning threshold reached" tracedByMutators="316876" tracedByHelpers="2960688" cardsCleaned="153" workStackOverflowCount="0" />
</concurrent-collection-start>
<gc-start id="617" type="global" contextid="613" timestamp="2019-08-04T20:34:49.939">
  <mem-info id="618" free="137744" total="13041664" percent="1">
    <mem type="tenure" free="137744" total="13041664" percent="1">
      <mem type="soa" free="7696" total="12911616" percent="0" />
      <mem type="loa" free="130048" total="130048" percent="100" />
    </mem>
  </mem-info>
</gc-start>
<allocation-stats totalBytes="4541048" >
  <allocated-bytes non-tlh="0" tlh="4541048" />
  <largest-consumer threadName="node-13" threadId="0000000000C79200" bytes="275616" />
</allocation-stats>
<gc-op id="619" type="card-cleaning" timems="0.752" contextid="613" timestamp="2019-08-04T20:34:49.940">
  <card-cleaning cardsCleaned="139" bytesTraced="132356" workStackOverflowCount="0" />
</gc-op>
<gc-op id="620" type="mark" timems="1.963" contextid="613" timestamp="2019-08-04T20:34:49.942">
  <trace-info objectcount="40237" scancount="42200" scanbytes="1963524" />
  <finalization candidates="18" enqueued="0" />
  <references type="soft" candidates="45" cleared="0" enqueued="0" dynamicThreshold="11" maxThreshold="32" />
  <references type="weak" candidates="165" cleared="0" enqueued="0" />
  <references type="phantom" candidates="57" cleared="0" enqueued="0" />
  <stringconstants candidates="3824" cleared="0"  />
</gc-op>
<gc-op id="621" type="sweep" timems="0.726" contextid="613" timestamp="2019-08-04T20:34:49.942" />
<gc-end id="622" type="global" contextid="613" durationms="3.555" usertimems="12.450" systemtimems="0.000" timestamp="2019-08-04T20:34:49.942" activeThreads="6">
  <mem-info id="623" free="4653312" total="13041664" percent="35">
    <mem type="tenure" free="4653312" total="13041664" percent="35" micro-fragmented="0">
      <mem type="soa" free="4523264" total="12911616" percent="35" />
      <mem type="loa" free="130048" total="130048" percent="100" />
    </mem>
  </mem-info>
</gc-end>
<cycle-end id="624" type="global" contextid="613" timestamp="2019-08-04T20:34:49.942">
  <attribute name="GC Util" value="215" />
  <attribute name="CPU Util" value="9297594714746" />
  <attribute name="Time Running"value="30187"/>
  <attribute name="Number of cores"value="16"/>
</cycle-end>
<concurrent-collection-end id="625" timestamp="2019-08-04T20:34:49.942" />
<exclusive-end id="626" timestamp="2019-08-04T20:34:49.942" durationms="3.697" />

<concurrent-kickoff id="627" timestamp="2019-08-04T20:34:50.817">
  <kickoff reason="threshold reached" targetBytes="3663303" thresholdFreeBytes="498245" remainingFree="464696" tenureFreeBytes="373464" />
</concurrent-kickoff>
<exclusive-start id="628" timestamp="2019-08-04T20:34:50.818" intervalms="878.854">
  <response-info timems="0.190" idlems="0.068" threads="2" lastid="0000000000CA6100" lastname="node-21" />
</exclusive-start>
<cycle-start id="629" type="global" contextid="0" timestamp="2019-08-04T20:34:50.818" intervalms="893.507" />
  <attribute name="GC Util" value="215" />
  <attribute name="CPU Util" value="9297594714746" />
  <attribute name="Time Running"value="30187"/>
  <attribute name="Number of cores"value="16"/>
<exclusive-end id="630" timestamp="2019-08-04T20:34:50.818" durationms="0.021" />

<exclusive-start id="631" timestamp="2019-08-04T20:34:50.824" intervalms="6.571">
  <response-info timems="0.053" idlems="0.053" threads="0" lastid="0000000000C62B00" lastname="node-2" />
</exclusive-start>
<af-start id="632" threadId="0000000000C63488" totalBytesRequested="376" timestamp="2019-08-04T20:34:50.824" intervalms="1861.513" />
<gc-start id="633" type="global" contextid="629" timestamp="2019-08-04T20:34:50.825">
  <mem-info id="634" free="130048" total="13041664" percent="0">
    <mem type="tenure" free="130048" total="13041664" percent="0">
      <mem type="soa" free="0" total="12911616" percent="0" />
      <mem type="loa" free="130048" total="130048" percent="100" />
    </mem>
  </mem-info>
</gc-start>
<allocation-stats totalBytes="4557432" >
  <allocated-bytes non-tlh="0" tlh="4557432" />
  <largest-consumer threadName="node-21" threadId="0000000000CA6100" bytes="267240" />
</allocation-stats>
<concurrent-halted id="635" timestamp="2019-08-04T20:34:50.825">
  <halted state="Tracing incomplete" status="clean trace" />
  <traced bytesTarget="3663303" bytesTotal="2816124" bytesByMutator="1944704" bytesByHelper="871420" percent="76" />
  <cards cleaned="0" thresholdBytes="196278" />
</concurrent-halted>
<gc-op id="636" type="tracing" timems="0.378" contextid="629" timestamp="2019-08-04T20:34:50.825">
  <trace bytesTraced="91464" workStackOverflowCount="0" />
</gc-op>
<gc-op id="637" type="card-cleaning" timems="0.737" contextid="629" timestamp="2019-08-04T20:34:50.826">
  <card-cleaning cardsCleaned="134" bytesTraced="163568" workStackOverflowCount="0" />
</gc-op>
<gc-op id="638" type="mark" timems="2.103" contextid="629" timestamp="2019-08-04T20:34:50.828">
  <trace-info objectcount="51923" scancount="50453" scanbytes="2259584" />
  <finalization candidates="18" enqueued="0" />
  <references type="soft" candidates="45" cleared="0" enqueued="0" dynamicThreshold="11" maxThreshold="32" />
  <references type="weak" candidates="165" cleared="0" enqueued="0" />
  <references type="phantom" candidates="57" cleared="0" enqueued="0" />
  <stringconstants candidates="3824" cleared="0"  />
</gc-op>
<gc-op id="639" type="sweep" timems="0.998" contextid="629" timestamp="2019-08-04T20:34:50.829" />
<gc-end id="640" type="global" contextid="629" durationms="4.377" usertimems="3.576" systemtimems="6.686" timestamp="2019-08-04T20:34:50.829" activeThreads="6">
  <mem-info id="641" free="4677584" total="13041664" percent="35">
    <mem type="tenure" free="4677584" total="13041664" percent="35" micro-fragmented="1470924">
      <mem type="soa" free="4547536" total="12911616" percent="35" />
      <mem type="loa" free="130048" total="130048" percent="100" />
    </mem>
  </mem-info>
</gc-end>
<cycle-end id="642" type="global" contextid="629" timestamp="2019-08-04T20:34:50.829">
  <attribute name="GC Util" value="69" />
  <attribute name="CPU Util" value="28827722052235" />
  <attribute name="Time Running"value="31074"/>
  <attribute name="Number of cores"value="16"/>
</cycle-end>
<allocation-satisfied id="643" threadId="0000000000C62B00" bytesRequested="376" />
<af-end id="644" timestamp="2019-08-04T20:34:50.829" threadId="0000000000C63488" success="true" />
<exclusive-end id="645" timestamp="2019-08-04T20:34:50.829" durationms="4.930" />

<concurrent-kickoff id="646" timestamp="2019-08-04T20:34:51.608">
  <kickoff reason="threshold reached" targetBytes="3071156" thresholdFreeBytes="425230" remainingFree="367096" tenureFreeBytes="367096" />
</concurrent-kickoff>
<exclusive-start id="647" timestamp="2019-08-04T20:34:51.609" intervalms="784.636">
  <response-info timems="0.363" idlems="0.363" threads="0" lastid="0000000000C88200" lastname="node-16" />
</exclusive-start>
<cycle-start id="648" type="global" contextid="0" timestamp="2019-08-04T20:34:51.609" intervalms="791.237" />
  <attribute name="GC Util" value="69" />
  <attribute name="CPU Util" value="28827722052235" />
  <attribute name="Time Running"value="31074"/>
  <attribute name="Number of cores"value="16"/>
<exclusive-end id="649" timestamp="2019-08-04T20:34:51.609" durationms="0.064" />

<exclusive-start id="650" timestamp="2019-08-04T20:34:51.619" intervalms="10.117">
  <response-info timems="0.020" idlems="0.020" threads="0" lastid="0000000000C84600" lastname="node-12" />
</exclusive-start>
<af-start id="651" threadId="0000000000C84F88" totalBytesRequested="32" timestamp="2019-08-04T20:34:51.619" intervalms="794.757" />
<gc-start id="652" type="global" contextid="648" timestamp="2019-08-04T20:34:51.619">
  <mem-info id="653" free="130048" total="13041664" percent="0">
    <mem type="tenure" free="130048" total="13041664" percent="0">
      <mem type="soa" free="0" total="12911616" percent="0" />
      <mem type="loa" free="130048" total="130048" percent="100" />
    </mem>
  </mem-info>
</gc-start>
<allocation-stats totalBytes="4537720" >
  <allocated-bytes non-tlh="832" tlh="4536888" />
  <largest-consumer threadName="node-20" threadId="0000000000C75700" bytes="262008" />
</allocation-stats>
<concurrent-halted id="654" timestamp="2019-08-04T20:34:51.619">
  <halted state="Class scanning incomplete" status="clean trace" />
  <traced bytesTarget="3071156" bytesTotal="3035296" bytesByMutator="0" bytesByHelper="3035296" percent="98" />
  <cards cleaned="0" thresholdBytes="167514" />
</concurrent-halted>
<gc-op id="655" type="card-cleaning" timems="1.391" contextid="648" timestamp="2019-08-04T20:34:51.620">
  <card-cleaning cardsCleaned="174" bytesTraced="836788" workStackOverflowCount="0" />
</gc-op>
<gc-op id="656" type="mark" timems="2.019" contextid="648" timestamp="2019-08-04T20:34:51.623">
  <trace-info objectcount="30523" scancount="32263" scanbytes="1471888" />
  <finalization candidates="18" enqueued="0" />
  <references type="soft" candidates="45" cleared="0" enqueued="0" dynamicThreshold="11" maxThreshold="32" />
  <references type="weak" candidates="165" cleared="0" enqueued="0" />
  <references type="phantom" candidates="57" cleared="0" enqueued="0" />
  <stringconstants candidates="3824" cleared="0"  />
</gc-op>
<gc-op id="657" type="sweep" timems="0.893" contextid="648" timestamp="2019-08-04T20:34:51.623" />
<gc-end id="658" type="global" contextid="648" durationms="4.443" usertimems="6.487" systemtimems="4.550" timestamp="2019-08-04T20:34:51.623" activeThreads="6">
  <mem-info id="659" free="4679744" total="13041664" percent="35">
    <mem type="tenure" free="4679744" total="13041664" percent="35" micro-fragmented="1463191">
      <mem type="soa" free="4549696" total="12911616" percent="35" />
      <mem type="loa" free="130048" total="130048" percent="100" />
    </mem>
  </mem-info>
</gc-end>
<cycle-end id="660" type="global" contextid="648" timestamp="2019-08-04T20:34:51.624">
  <attribute name="GC Util" value="75" />
  <attribute name="CPU Util" value="31988222145355" />
  <attribute name="Time Running"value="31869"/>
  <attribute name="Number of cores"value="16"/>
</cycle-end>
<allocation-satisfied id="661" threadId="0000000000C84600" bytesRequested="32" />
<af-end id="662" timestamp="2019-08-04T20:34:51.624" threadId="0000000000C84F88" success="true" />
<exclusive-end id="663" timestamp="2019-08-04T20:34:51.624" durationms="4.580" />

<concurrent-kickoff id="664" timestamp="2019-08-04T20:34:52.411">
  <kickoff reason="threshold reached" targetBytes="3872084" thresholdFreeBytes="535141" remainingFree="467832" tenureFreeBytes="467832" />
</concurrent-kickoff>
<exclusive-start id="665" timestamp="2019-08-04T20:34:52.412" intervalms="792.656">
  <response-info timems="0.449" idlems="0.241" threads="1" lastid="0000000000C93600" lastname="node-14" />
</exclusive-start>
<cycle-start id="666" type="global" contextid="0" timestamp="2019-08-04T20:34:52.412" intervalms="802.757" />
  <attribute name="GC Util" value="75" />
  <attribute name="CPU Util" value="31988222145355" />
  <attribute name="Time Running"value="31869"/>
  <attribute name="Number of cores"value="16"/>
<exclusive-end id="667" timestamp="2019-08-04T20:34:52.412" durationms="0.033" />

<exclusive-start id="668" timestamp="2019-08-04T20:34:52.413" intervalms="1.421">
  <response-info timems="0.367" idlems="0.367" threads="0" lastid="0000000000C7CE00" lastname="node-24" />
</exclusive-start>
<af-start id="669" threadId="0000000000C7D788" totalBytesRequested="16" timestamp="2019-08-04T20:34:52.413" intervalms="794.066" />
<gc-start id="670" type="global" contextid="666" timestamp="2019-08-04T20:34:52.413">
  <mem-info id="671" free="130048" total="13041664" percent="0">
    <mem type="tenure" free="130048" total="13041664" percent="0">
      <mem type="soa" free="0" total="12911616" percent="0" />
      <mem type="loa" free="130048" total="130048" percent="100" />
    </mem>
  </mem-info>
</gc-start>
<allocation-stats totalBytes="4541008" >
  <allocated-bytes non-tlh="0" tlh="4541008" />
  <largest-consumer threadName="node-21" threadId="0000000000CA6100" bytes="296216" />
</allocation-stats>
<concurrent-halted id="672" timestamp="2019-08-04T20:34:52.413">
  <halted state="Class scanning incomplete" status="clean trace" />
  <traced bytesTarget="3872084" bytesTotal="39396" bytesByMutator="31424" bytesByHelper="7972" percent="1" />
  <cards cleaned="0" thresholdBytes="210813" />
</concurrent-halted>
<gc-op id="673" type="tracing" timems="3.104" contextid="666" timestamp="2019-08-04T20:34:52.416">
  <trace bytesTraced="4883120" workStackOverflowCount="0" />
</gc-op>
<gc-op id="674" type="card-cleaning" timems="0.501" contextid="666" timestamp="2019-08-04T20:34:52.417">
  <card-cleaning cardsCleaned="90" bytesTraced="13404" workStackOverflowCount="0" />
</gc-op>
<gc-op id="675" type="mark" timems="1.594" contextid="666" timestamp="2019-08-04T20:34:52.418">
  <trace-info objectcount="12218" scancount="10071" scanbytes="368724" />
  <finalization candidates="18" enqueued="0" />
  <references type="soft" candidates="45" cleared="0" enqueued="0" dynamicThreshold="11" maxThreshold="32" />
  <references type="weak" candidates="165" cleared="0" enqueued="0" />
  <references type="phantom" candidates="57" cleared="0" enqueued="0" />
  <stringconstants candidates="3824" cleared="0"  />
</gc-op>
<gc-op id="676" type="sweep" timems="0.915" contextid="666" timestamp="2019-08-04T20:34:52.419" />
<gc-end id="677" type="global" contextid="666" durationms="6.261" usertimems="15.936" systemtimems="4.235" timestamp="2019-08-04T20:34:52.419" activeThreads="6">
  <mem-info id="678" free="4690952" total="13041664" percent="35">
    <mem type="tenure" free="4690952" total="13041664" percent="35" micro-fragmented="1479151">
      <mem type="soa" free="4560904" total="12911616" percent="35" />
      <mem type="loa" free="130048" total="130048" percent="100" />
    </mem>
  </mem-info>
</gc-end>
<cycle-end id="679" type="global" contextid="666" timestamp="2019-08-04T20:34:52.419">
  <attribute name="GC Util" value="81" />
  <attribute name="CPU Util" value="33170676671195" />
  <attribute name="Time Running"value="32665"/>
  <attribute name="Number of cores"value="16"/>
</cycle-end>
<allocation-satisfied id="680" threadId="0000000000C7CE00" bytesRequested="16" />
<af-end id="681" timestamp="2019-08-04T20:34:52.419" threadId="0000000000C7D788" success="true" />
<exclusive-end id="682" timestamp="2019-08-04T20:34:52.419" durationms="6.406" />

<concurrent-kickoff id="683" timestamp="2019-08-04T20:34:53.369">
  <kickoff reason="threshold reached" targetBytes="4935920" thresholdFreeBytes="681297" remainingFree="680576" tenureFreeBytes="680576" />
</concurrent-kickoff>
<exclusive-start id="684" timestamp="2019-08-04T20:34:53.378" intervalms="964.576">
  <response-info timems="0.066" idlems="0.066" threads="0" lastid="0000000000C8FA00" lastname="node-11" />
</exclusive-start>
<cycle-start id="685" type="global" contextid="0" timestamp="2019-08-04T20:34:53.378" intervalms="966.003" />
  <attribute name="GC Util" value="81" />
  <attribute name="CPU Util" value="33170676671195" />
  <attribute name="Time Running"value="32665"/>
  <attribute name="Number of cores"value="16"/>
<exclusive-end id="686" timestamp="2019-08-04T20:34:53.378" durationms="0.044" />

<exclusive-start id="687" timestamp="2019-08-04T20:34:53.408" intervalms="30.600">
  <response-info timems="0.164" idlems="0.164" threads="0" lastid="0000000000CA6100" lastname="node-21" />
</exclusive-start>
<af-start id="688" threadId="0000000000CA6A88" totalBytesRequested="24" timestamp="2019-08-04T20:34:53.408" intervalms="995.270" />
<gc-start id="689" type="global" contextid="685" timestamp="2019-08-04T20:34:53.408">
  <mem-info id="690" free="130048" total="13041664" percent="0">
    <mem type="tenure" free="130048" total="13041664" percent="0">
      <mem type="soa" free="0" total="12911616" percent="0" />
      <mem type="loa" free="130048" total="130048" percent="100" />
    </mem>
  </mem-info>
</gc-start>
<allocation-stats totalBytes="4548080" >
  <allocated-bytes non-tlh="832" tlh="4547248" />
  <largest-consumer threadName="node-6" threadId="0000000000CA2500" bytes="285944" />
</allocation-stats>
<concurrent-halted id="691" timestamp="2019-08-04T20:34:53.408">
  <halted state="Complete" status="trace only" />
  <traced bytesTarget="4935920" bytesTotal="2956820" bytesByMutator="16724" bytesByHelper="2940096" percent="59" />
  <cards cleaned="0" thresholdBytes="268389" />
</concurrent-halted>
<gc-op id="692" type="card-cleaning" timems="1.043" contextid="685" timestamp="2019-08-04T20:34:53.409">
  <card-cleaning cardsCleaned="266" bytesTraced="1127576" workStackOverflowCount="0" />
</gc-op>
<gc-op id="693" type="mark" timems="2.425" contextid="685" timestamp="2019-08-04T20:34:53.412">
  <trace-info objectcount="25342" scancount="27200" scanbytes="1271468" />
  <finalization candidates="18" enqueued="0" />
  <references type="soft" candidates="45" cleared="0" enqueued="0" dynamicThreshold="11" maxThreshold="32" />
  <references type="weak" candidates="165" cleared="0" enqueued="0" />
  <references type="phantom" candidates="57" cleared="0" enqueued="0" />
  <stringconstants candidates="3824" cleared="0"  />
</gc-op>
<gc-op id="694" type="sweep" timems="1.095" contextid="685" timestamp="2019-08-04T20:34:53.413" />
<gc-end id="695" type="global" contextid="685" durationms="4.691" usertimems="6.535" systemtimems="5.954" timestamp="2019-08-04T20:34:53.413" activeThreads="6">
  <mem-info id="696" free="4692072" total="13041664" percent="35">
    <mem type="tenure" free="4692072" total="13041664" percent="35" micro-fragmented="1468231">
      <mem type="soa" free="4562024" total="12911616" percent="35" />
      <mem type="loa" free="130048" total="130048" percent="100" />
    </mem>
  </mem-info>
</gc-end>
<cycle-end id="697" type="global" contextid="685" timestamp="2019-08-04T20:34:53.413">
  <attribute name="GC Util" value="76" />
  <attribute name="CPU Util" value="26330411537089" />
  <attribute name="Time Running"value="33658"/>
  <attribute name="Number of cores"value="16"/>
</cycle-end>
<allocation-satisfied id="698" threadId="0000000000CA6100" bytesRequested="24" />
<af-end id="699" timestamp="2019-08-04T20:34:53.413" threadId="0000000000CA6A88" success="true" />
<exclusive-end id="700" timestamp="2019-08-04T20:34:53.413" durationms="4.952" />

<concurrent-kickoff id="701" timestamp="2019-08-04T20:34:54.415">
  <kickoff reason="threshold reached" targetBytes="3467820" thresholdFreeBytes="468662" remainingFree="455704" tenureFreeBytes="455704" />
</concurrent-kickoff>
<exclusive-start id="702" timestamp="2019-08-04T20:34:54.415" intervalms="1007.271">
  <response-info timems="0.436" idlems="0.436" threads="0" lastid="0000000000C8BE00" lastname="node-19" />
</exclusive-start>
<cycle-start id="703" type="global" contextid="0" timestamp="2019-08-04T20:34:54.416" intervalms="1037.861" />
  <attribute name="GC Util" value="76" />
  <attribute name="CPU Util" value="26330411537089" />
  <attribute name="Time Running"value="33658"/>
  <attribute name="Number of cores"value="16"/>
<exclusive-end id="704" timestamp="2019-08-04T20:34:54.416" durationms="0.031" />

<exclusive-start id="705" timestamp="2019-08-04T20:34:54.424" intervalms="8.374">
  <response-info timems="0.060" idlems="0.060" threads="0" lastid="0000000000C5EF00" lastname="node-23" />
</exclusive-start>
<af-start id="706" threadId="0000000000C5F888" totalBytesRequested="24" timestamp="2019-08-04T20:34:54.424" intervalms="1015.560" />
<gc-start id="707" type="global" contextid="703" timestamp="2019-08-04T20:34:54.424">
  <mem-info id="708" free="130048" total="13041664" percent="0">
    <mem type="tenure" free="130048" total="13041664" percent="0">
      <mem type="soa" free="0" total="12911616" percent="0" />
      <mem type="loa" free="130048" total="130048" percent="100" />
    </mem>
  </mem-info>
</gc-start>
<allocation-stats totalBytes="4545960" >
  <allocated-bytes non-tlh="0" tlh="4545960" />
  <largest-consumer threadName="node-24" threadId="0000000000C7CE00" bytes="280264" />
</allocation-stats>
<concurrent-halted id="709" timestamp="2019-08-04T20:34:54.424">
  <halted state="Class scanning incomplete" status="clean trace" />
  <traced bytesTarget="3467820" bytesTotal="2908476" bytesByMutator="0" bytesByHelper="2908476" percent="83" />
  <cards cleaned="0" thresholdBytes="184624" />
</concurrent-halted>
<gc-op id="710" type="tracing" timems="0.494" contextid="703" timestamp="2019-08-04T20:34:54.424">
  <trace bytesTraced="155616" workStackOverflowCount="0" />
</gc-op>
<gc-op id="711" type="card-cleaning" timems="1.076" contextid="703" timestamp="2019-08-04T20:34:54.426">
  <card-cleaning cardsCleaned="152" bytesTraced="712596" workStackOverflowCount="0" />
</gc-op>
<gc-op id="712" type="mark" timems="2.070" contextid="703" timestamp="2019-08-04T20:34:54.428">
  <trace-info objectcount="32355" scancount="33995" scanbytes="1555248" />
  <finalization candidates="18" enqueued="0" />
  <references type="soft" candidates="45" cleared="0" enqueued="0" dynamicThreshold="11" maxThreshold="32" />
  <references type="weak" candidates="165" cleared="0" enqueued="0" />
  <references type="phantom" candidates="57" cleared="0" enqueued="0" />
  <stringconstants candidates="3824" cleared="0"  />
</gc-op>
<gc-op id="713" type="sweep" timems="1.032" contextid="703" timestamp="2019-08-04T20:34:54.429" />
<gc-end id="714" type="global" contextid="703" durationms="4.817" usertimems="8.870" systemtimems="2.169" timestamp="2019-08-04T20:34:54.429" activeThreads="6">
  <mem-info id="715" free="4699808" total="13041664" percent="36">
    <mem type="tenure" free="4699808" total="13041664" percent="36" micro-fragmented="1468359">
      <mem type="soa" free="4569760" total="12911616" percent="35" />
      <mem type="loa" free="130048" total="130048" percent="100" />
    </mem>
  </mem-info>
</gc-end>
<cycle-end id="716" type="global" contextid="703" timestamp="2019-08-04T20:34:54.429">
  <attribute name="GC Util" value="87" />
  <attribute name="CPU Util" value="27762593236342" />
  <attribute name="Time Running"value="34674"/>
  <attribute name="Number of cores"value="16"/>
</cycle-end>
<allocation-satisfied id="717" threadId="0000000000C5EF00" bytesRequested="24" />
<af-end id="718" timestamp="2019-08-04T20:34:54.429" threadId="0000000000C5F888" success="true" />
<exclusive-end id="719" timestamp="2019-08-04T20:34:54.429" durationms="4.994" />

<concurrent-kickoff id="720" timestamp="2019-08-04T20:34:55.230">
  <kickoff reason="threshold reached" targetBytes="3776688" thresholdFreeBytes="522304" remainingFree="497752" tenureFreeBytes="497752" />
</concurrent-kickoff>
<exclusive-start id="721" timestamp="2019-08-04T20:34:55.231" intervalms="807.143">
  <response-info timems="0.449" idlems="0.449" threads="0" lastid="0000000000C93600" lastname="node-14" />
</exclusive-start>
<cycle-start id="722" type="global" contextid="0" timestamp="2019-08-04T20:34:55.231" intervalms="815.514" />
  <attribute name="GC Util" value="87" />
  <attribute name="CPU Util" value="27762593236342" />
  <attribute name="Time Running"value="34674"/>
  <attribute name="Number of cores"value="16"/>
<exclusive-end id="723" timestamp="2019-08-04T20:34:55.231" durationms="0.027" />

<exclusive-start id="724" timestamp="2019-08-04T20:34:55.252" intervalms="21.025">
  <response-info timems="0.264" idlems="0.264" threads="0" lastid="0000000000C8BE00" lastname="node-19" />
</exclusive-start>
<af-start id="725" threadId="0000000000C8C788" totalBytesRequested="32" timestamp="2019-08-04T20:34:55.252" intervalms="828.180" />
<gc-start id="726" type="global" contextid="722" timestamp="2019-08-04T20:34:55.252">
  <mem-info id="727" free="130048" total="13041664" percent="0">
    <mem type="tenure" free="130048" total="13041664" percent="0">
      <mem type="soa" free="0" total="12911616" percent="0" />
      <mem type="loa" free="130048" total="130048" percent="100" />
    </mem>
  </mem-info>
</gc-start>
<allocation-stats totalBytes="4560720" >
  <allocated-bytes non-tlh="0" tlh="4560720" />
  <largest-consumer threadName="node-7" threadId="0000000000C66700" bytes="272808" />
</allocation-stats>
<concurrent-halted id="728" timestamp="2019-08-04T20:34:55.252">
  <halted state="Complete" status="exhausted" />
  <traced bytesTarget="3776688" bytesTotal="3281256" bytesByMutator="441520" bytesByHelper="2839736" percent="86" />
  <cards cleaned="137" thresholdBytes="205756" />
</concurrent-halted>
<gc-op id="729" type="card-cleaning" timems="0.737" contextid="722" timestamp="2019-08-04T20:34:55.253">
  <card-cleaning cardsCleaned="143" bytesTraced="189760" workStackOverflowCount="0" />
</gc-op>
<gc-op id="730" type="mark" timems="2.388" contextid="722" timestamp="2019-08-04T20:34:55.255">
  <trace-info objectcount="37889" scancount="39887" scanbytes="1900972" />
  <finalization candidates="18" enqueued="0" />
  <references type="soft" candidates="45" cleared="0" enqueued="0" dynamicThreshold="11" maxThreshold="32" />
  <references type="weak" candidates="165" cleared="0" enqueued="0" />
  <references type="phantom" candidates="57" cleared="0" enqueued="0" />
  <stringconstants candidates="3824" cleared="0"  />
</gc-op>
<gc-op id="731" type="sweep" timems="3.119" contextid="722" timestamp="2019-08-04T20:34:55.259" />
<gc-end id="732" type="global" contextid="722" durationms="6.597" usertimems="11.238" systemtimems="5.464" timestamp="2019-08-04T20:34:55.259" activeThreads="6">
  <mem-info id="733" free="4708680" total="13041664" percent="36">
    <mem type="tenure" free="4708680" total="13041664" percent="36" micro-fragmented="1479751">
      <mem type="soa" free="4578632" total="12911616" percent="35" />
      <mem type="loa" free="130048" total="130048" percent="100" />
    </mem>
  </mem-info>
</gc-end>
<cycle-end id="734" type="global" contextid="722" timestamp="2019-08-04T20:34:55.259">
  <attribute name="GC Util" value="113" />
  <attribute name="CPU Util" value="6931509864532" />
  <attribute name="Time Running"value="35504"/>
  <attribute name="Number of cores"value="16"/>
</cycle-end>
<allocation-satisfied id="735" threadId="0000000000C8BE00" bytesRequested="32" />
<af-end id="736" timestamp="2019-08-04T20:34:55.259" threadId="0000000000C8C788" success="true" />
<exclusive-end id="737" timestamp="2019-08-04T20:34:55.259" durationms="6.770" />

<concurrent-kickoff id="738" timestamp="2019-08-04T20:34:56.171">
  <kickoff reason="threshold reached" targetBytes="3677336" thresholdFreeBytes="508838" remainingFree="497232" tenureFreeBytes="497232" />
</concurrent-kickoff>
<exclusive-start id="739" timestamp="2019-08-04T20:34:56.171" intervalms="919.398">
  <response-info timems="0.068" idlems="0.068" threads="0" lastid="0000000000C79200" lastname="node-13" />
</exclusive-start>
<cycle-start id="740" type="global" contextid="0" timestamp="2019-08-04T20:34:56.171" intervalms="940.446" />
  <attribute name="GC Util" value="113" />
  <attribute name="CPU Util" value="6931509864532" />
  <attribute name="Time Running"value="35504"/>
  <attribute name="Number of cores"value="16"/>
<exclusive-end id="741" timestamp="2019-08-04T20:34:56.171" durationms="0.054" />

<exclusive-start id="742" timestamp="2019-08-04T20:34:56.190" intervalms="18.367">
  <response-info timems="0.025" idlems="0.025" threads="0" lastid="0000000000C84600" lastname="node-12" />
</exclusive-start>
<af-start id="743" threadId="0000000000C84F88" totalBytesRequested="32" timestamp="2019-08-04T20:34:56.190" intervalms="937.762" />
<gc-start id="744" type="global" contextid="740" timestamp="2019-08-04T20:34:56.190">
  <mem-info id="745" free="130048" total="13041664" percent="0">
    <mem type="tenure" free="130048" total="13041664" percent="0">
      <mem type="soa" free="0" total="12911616" percent="0" />
      <mem type="loa" free="130048" total="130048" percent="100" />
    </mem>
  </mem-info>
</gc-start>
<allocation-stats totalBytes="4573328" >
  <allocated-bytes non-tlh="832" tlh="4572496" />
  <largest-consumer threadName="node-8" threadId="0000000000C5B300" bytes="270336" />
</allocation-stats>
<concurrent-halted id="746" timestamp="2019-08-04T20:34:56.190">
  <halted state="Complete" status="exhausted" />
  <traced bytesTarget="3677336" bytesTotal="3324148" bytesByMutator="203048" bytesByHelper="3121100" percent="90" />
  <cards cleaned="266" thresholdBytes="200451" />
</concurrent-halted>
<gc-op id="747" type="card-cleaning" timems="0.665" contextid="740" timestamp="2019-08-04T20:34:56.191">
  <card-cleaning cardsCleaned="149" bytesTraced="167812" workStackOverflowCount="0" />
</gc-op>
<gc-op id="748" type="mark" timems="3.662" contextid="740" timestamp="2019-08-04T20:34:56.194">
  <trace-info objectcount="37750" scancount="39868" scanbytes="1896304" />
  <finalization candidates="18" enqueued="0" />
  <references type="soft" candidates="45" cleared="0" enqueued="0" dynamicThreshold="11" maxThreshold="32" />
  <references type="weak" candidates="165" cleared="0" enqueued="0" />
  <references type="phantom" candidates="57" cleared="0" enqueued="0" />
  <stringconstants candidates="3824" cleared="0"  />
</gc-op>
<gc-op id="749" type="sweep" timems="1.257" contextid="740" timestamp="2019-08-04T20:34:56.196" />
<gc-end id="750" type="global" contextid="740" durationms="5.740" usertimems="10.391" systemtimems="0.910" timestamp="2019-08-04T20:34:56.196" activeThreads="6">
  <mem-info id="751" free="4703904" total="13041664" percent="36">
    <mem type="tenure" free="4703904" total="13041664" percent="36" micro-fragmented="1463191">
      <mem type="soa" free="4573856" total="12911616" percent="35" />
      <mem type="loa" free="130048" total="130048" percent="100" />
    </mem>
  </mem-info>
</gc-end>
<cycle-end id="752" type="global" contextid="740" timestamp="2019-08-04T20:34:56.196">
  <attribute name="GC Util" value="50" />
  <attribute name="CPU Util" value="23921704541828" />
  <attribute name="Time Running"value="36441"/>
  <attribute name="Number of cores"value="16"/>
</cycle-end>
<allocation-satisfied id="753" threadId="0000000000C84600" bytesRequested="32" />
<af-end id="754" timestamp="2019-08-04T20:34:56.196" threadId="0000000000C84F88" success="true" />
<exclusive-end id="755" timestamp="2019-08-04T20:34:56.196" durationms="5.933" />

<concurrent-kickoff id="756" timestamp="2019-08-04T20:34:57.086">
  <kickoff reason="threshold reached" targetBytes="3608132" thresholdFreeBytes="499114" remainingFree="498864" tenureFreeBytes="498864" />
</concurrent-kickoff>
<exclusive-start id="757" timestamp="2019-08-04T20:34:57.087" intervalms="896.799">
  <response-info timems="0.517" idlems="0.517" threads="0" lastid="0000000000CA9D00" lastname="node-25" />
</exclusive-start>
<cycle-start id="758" type="global" contextid="0" timestamp="2019-08-04T20:34:57.087" intervalms="915.152" />
  <attribute name="GC Util" value="50" />
  <attribute name="CPU Util" value="23921704541828" />
  <attribute name="Time Running"value="36441"/>
  <attribute name="Number of cores"value="16"/>
<exclusive-end id="759" timestamp="2019-08-04T20:34:57.087" durationms="0.037" />

<exclusive-start id="760" timestamp="2019-08-04T20:34:57.095" intervalms="8.288">
  <response-info timems="0.039" idlems="0.019" threads="2" lastid="0000000000C75700" lastname="node-20" />
</exclusive-start>
<af-start id="761" threadId="0000000000C5BC88" totalBytesRequested="32" timestamp="2019-08-04T20:34:57.095" intervalms="905.080" />
<gc-start id="762" type="global" contextid="758" timestamp="2019-08-04T20:34:57.095">
  <mem-info id="763" free="130048" total="13041664" percent="0">
    <mem type="tenure" free="130048" total="13041664" percent="0">
      <mem type="soa" free="0" total="12911616" percent="0" />
      <mem type="loa" free="130048" total="130048" percent="100" />
    </mem>
  </mem-info>
</gc-start>
<allocation-stats totalBytes="4561312" >
  <allocated-bytes non-tlh="0" tlh="4561312" />
  <largest-consumer threadName="node-11" threadId="0000000000C8FA00" bytes="283576" />
</allocation-stats>
<concurrent-halted id="764" timestamp="2019-08-04T20:34:57.095">
  <halted state="Class scanning incomplete" status="clean trace" />
  <traced bytesTarget="3608132" bytesTotal="3053256" bytesByMutator="0" bytesByHelper="3053256" percent="84" />
  <cards cleaned="0" thresholdBytes="196620" />
</concurrent-halted>
<gc-op id="765" type="tracing" timems="0.732" contextid="758" timestamp="2019-08-04T20:34:57.096">
  <trace bytesTraced="366236" workStackOverflowCount="0" />
</gc-op>
<gc-op id="766" type="card-cleaning" timems="1.138" contextid="758" timestamp="2019-08-04T20:34:57.097">
  <card-cleaning cardsCleaned="154" bytesTraced="524376" workStackOverflowCount="0" />
</gc-op>
<gc-op id="767" type="mark" timems="3.392" contextid="758" timestamp="2019-08-04T20:34:57.100">
  <trace-info objectcount="31984" scancount="33539" scanbytes="1443352" />
  <finalization candidates="18" enqueued="0" />
  <references type="soft" candidates="45" cleared="0" enqueued="0" dynamicThreshold="11" maxThreshold="32" />
  <references type="weak" candidates="165" cleared="0" enqueued="0" />
  <references type="phantom" candidates="57" cleared="0" enqueued="0" />
  <stringconstants candidates="3824" cleared="0"  />
</gc-op>
<gc-op id="768" type="sweep" timems="1.610" contextid="758" timestamp="2019-08-04T20:34:57.102" />
<gc-end id="769" type="global" contextid="758" durationms="7.111" usertimems="3.919" systemtimems="9.451" timestamp="2019-08-04T20:34:57.102" activeThreads="6">
  <mem-info id="770" free="4693312" total="13041664" percent="35">
    <mem type="tenure" free="4693312" total="13041664" percent="35" micro-fragmented="1466791">
      <mem type="soa" free="4563264" total="12911616" percent="35" />
      <mem type="loa" free="130048" total="130048" percent="100" />
    </mem>
  </mem-info>
</gc-end>
<cycle-end id="771" type="global" contextid="758" timestamp="2019-08-04T20:34:57.102">
  <attribute name="GC Util" value="52" />
  <attribute name="CPU Util" value="17196666727762" />
  <attribute name="Time Running"value="37347"/>
  <attribute name="Number of cores"value="16"/>
</cycle-end>
<allocation-satisfied id="772" threadId="0000000000C5B300" bytesRequested="32" />
<af-end id="773" timestamp="2019-08-04T20:34:57.102" threadId="0000000000C5BC88" success="true" />
<exclusive-end id="774" timestamp="2019-08-04T20:34:57.102" durationms="7.295" />

<concurrent-kickoff id="775" timestamp="2019-08-04T20:34:58.046">
  <kickoff reason="threshold reached" targetBytes="3943868" thresholdFreeBytes="545088" remainingFree="491576" tenureFreeBytes="491576" />
</concurrent-kickoff>
<exclusive-start id="776" timestamp="2019-08-04T20:34:58.046" intervalms="950.692">
  <response-info timems="0.024" idlems="0.024" threads="0" lastid="0000000000C5B300" lastname="node-8" />
</exclusive-start>
<cycle-start id="777" type="global" contextid="0" timestamp="2019-08-04T20:34:58.046" intervalms="958.961" />
  <attribute name="GC Util" value="52" />
  <attribute name="CPU Util" value="17196666727762" />
  <attribute name="Time Running"value="37347"/>
  <attribute name="Number of cores"value="16"/>
<exclusive-end id="778" timestamp="2019-08-04T20:34:58.046" durationms="0.018" />

<exclusive-start id="779" timestamp="2019-08-04T20:34:58.053" intervalms="7.259">
  <response-info timems="0.175" idlems="0.175" threads="0" lastid="0000000000C88200" lastname="node-16" />
</exclusive-start>
<af-start id="780" threadId="0000000000C88B88" totalBytesRequested="720" timestamp="2019-08-04T20:34:58.053" intervalms="957.939" />
<gc-start id="781" type="global" contextid="777" timestamp="2019-08-04T20:34:58.053">
  <mem-info id="782" free="130048" total="13041664" percent="0">
    <mem type="tenure" free="130048" total="13041664" percent="0">
      <mem type="soa" free="0" total="12911616" percent="0" />
      <mem type="loa" free="130048" total="130048" percent="100" />
    </mem>
  </mem-info>
</gc-start>
<allocation-stats totalBytes="4554272" >
  <allocated-bytes non-tlh="0" tlh="4554272" />
  <largest-consumer threadName="node-9" threadId="0000000000C80A00" bytes="293960" />
</allocation-stats>
<concurrent-halted id="783" timestamp="2019-08-04T20:34:58.053">
  <halted state="Class scanning incomplete" status="clean trace" />
  <traced bytesTarget="3943868" bytesTotal="2717692" bytesByMutator="29236" bytesByHelper="2688456" percent="68" />
  <cards cleaned="149" thresholdBytes="214731" />
</concurrent-halted>
<gc-op id="784" type="tracing" timems="0.988" contextid="777" timestamp="2019-08-04T20:34:58.054">
  <trace bytesTraced="1110304" workStackOverflowCount="0" />
</gc-op>
<gc-op id="785" type="card-cleaning" timems="0.677" contextid="777" timestamp="2019-08-04T20:34:58.055">
  <card-cleaning cardsCleaned="20" bytesTraced="63756" workStackOverflowCount="0" />
</gc-op>
<gc-op id="786" type="mark" timems="2.088" contextid="777" timestamp="2019-08-04T20:34:58.057">
  <trace-info objectcount="34888" scancount="34252" scanbytes="1499320" />
  <finalization candidates="18" enqueued="0" />
  <references type="soft" candidates="45" cleared="0" enqueued="0" dynamicThreshold="11" maxThreshold="32" />
  <references type="weak" candidates="165" cleared="0" enqueued="0" />
  <references type="phantom" candidates="57" cleared="0" enqueued="0" />
  <stringconstants candidates="3824" cleared="0"  />
</gc-op>
<gc-op id="787" type="sweep" timems="1.008" contextid="777" timestamp="2019-08-04T20:34:58.058" />
<gc-end id="788" type="global" contextid="777" durationms="4.907" usertimems="8.245" systemtimems="2.420" timestamp="2019-08-04T20:34:58.058" activeThreads="6">
  <mem-info id="789" free="4705208" total="13041664" percent="36">
    <mem type="tenure" free="4705208" total="13041664" percent="36" micro-fragmented="1463191">
      <mem type="soa" free="4575160" total="12911616" percent="35" />
      <mem type="loa" free="130048" total="130048" percent="100" />
    </mem>
  </mem-info>
</gc-end>
<cycle-end id="790" type="global" contextid="777" timestamp="2019-08-04T20:34:58.058">
  <attribute name="GC Util" value="68" />
  <attribute name="CPU Util" value="28796176100088" />
  <attribute name="Time Running"value="38303"/>
  <attribute name="Number of cores"value="16"/>
</cycle-end>
<allocation-satisfied id="791" threadId="0000000000C88200" bytesRequested="720" />
<af-end id="792" timestamp="2019-08-04T20:34:58.058" threadId="0000000000C88B88" success="true" />
<exclusive-end id="793" timestamp="2019-08-04T20:34:58.058" durationms="5.049" />

<concurrent-kickoff id="794" timestamp="2019-08-04T20:34:58.954">
  <kickoff reason="threshold reached" targetBytes="3891752" thresholdFreeBytes="538154" remainingFree="493824" tenureFreeBytes="493824" />
</concurrent-kickoff>
<exclusive-start id="795" timestamp="2019-08-04T20:34:58.954" intervalms="901.586">
  <response-info timems="0.029" idlems="0.029" threads="0" lastid="0000000000C9E900" lastname="node-3" />
</exclusive-start>
<cycle-start id="796" type="global" contextid="0" timestamp="2019-08-04T20:34:58.954" intervalms="908.846" />
  <attribute name="GC Util" value="68" />
  <attribute name="CPU Util" value="28796176100088" />
  <attribute name="Time Running"value="38303"/>
  <attribute name="Number of cores"value="16"/>
<exclusive-end id="797" timestamp="2019-08-04T20:34:58.954" durationms="0.017" />

<exclusive-start id="798" timestamp="2019-08-04T20:34:58.966" intervalms="11.645">
  <response-info timems="0.023" idlems="0.023" threads="0" lastid="0000000000C80A00" lastname="node-9" />
</exclusive-start>
<af-start id="799" threadId="0000000000C81388" totalBytesRequested="32" timestamp="2019-08-04T20:34:58.966" intervalms="913.248" />
<gc-start id="800" type="global" contextid="796" timestamp="2019-08-04T20:34:58.966">
  <mem-info id="801" free="130048" total="13041664" percent="0">
    <mem type="tenure" free="130048" total="13041664" percent="0">
      <mem type="soa" free="0" total="12911616" percent="0" />
      <mem type="loa" free="130048" total="130048" percent="100" />
    </mem>
  </mem-info>
</gc-start>
<allocation-stats totalBytes="4565712" >
  <allocated-bytes non-tlh="0" tlh="4565712" />
  <largest-consumer threadName="node-14" threadId="0000000000C93600" bytes="291744" />
</allocation-stats>
<concurrent-halted id="802" timestamp="2019-08-04T20:34:58.966">
  <halted state="Complete" status="trace only" />
  <traced bytesTarget="3891752" bytesTotal="2959616" bytesByMutator="7848" bytesByHelper="2951768" percent="76" />
  <cards cleaned="0" thresholdBytes="212000" />
</concurrent-halted>
<gc-op id="803" type="card-cleaning" timems="1.445" contextid="796" timestamp="2019-08-04T20:34:58.968">
  <card-cleaning cardsCleaned="179" bytesTraced="1086592" workStackOverflowCount="0" />
</gc-op>
<gc-op id="804" type="mark" timems="1.935" contextid="796" timestamp="2019-08-04T20:34:58.970">
  <trace-info objectcount="25675" scancount="27511" scanbytes="1283952" />
  <finalization candidates="18" enqueued="0" />
  <references type="soft" candidates="45" cleared="0" enqueued="0" dynamicThreshold="11" maxThreshold="32" />
  <references type="weak" candidates="165" cleared="0" enqueued="0" />
  <references type="phantom" candidates="57" cleared="0" enqueued="0" />
  <stringconstants candidates="3824" cleared="0"  />
</gc-op>
<gc-op id="805" type="sweep" timems="8.867" contextid="796" timestamp="2019-08-04T20:34:58.979" />
<gc-end id="806" type="global" contextid="796" durationms="12.444" usertimems="6.487" systemtimems="5.131" timestamp="2019-08-04T20:34:58.979" activeThreads="6">
  <mem-info id="807" free="4708464" total="13041664" percent="36">
    <mem type="tenure" free="4708464" total="13041664" percent="36" micro-fragmented="1463191">
      <mem type="soa" free="4578416" total="12911616" percent="35" />
      <mem type="loa" free="130048" total="130048" percent="100" />
    </mem>
  </mem-info>
</gc-end>
<cycle-end id="808" type="global" contextid="796" timestamp="2019-08-04T20:34:58.979">
  <attribute name="GC Util" value="14" />
  <attribute name="CPU Util" value="2213426099394" />
  <attribute name="Time Running"value="39224"/>
  <attribute name="Number of cores"value="16"/>
</cycle-end>
<allocation-satisfied id="809" threadId="0000000000C80A00" bytesRequested="32" />
<af-end id="810" timestamp="2019-08-04T20:34:58.979" threadId="0000000000C81388" success="true" />
<exclusive-end id="811" timestamp="2019-08-04T20:34:58.979" durationms="12.656" />

<concurrent-kickoff id="812" timestamp="2019-08-04T20:34:59.886">
  <kickoff reason="threshold reached" targetBytes="3823508" thresholdFreeBytes="517786" remainingFree="494328" tenureFreeBytes="494328" />
</concurrent-kickoff>
<exclusive-start id="813" timestamp="2019-08-04T20:34:59.886" intervalms="920.187">
  <response-info timems="0.518" idlems="0.518" threads="0" lastid="0000000000C5B300" lastname="node-8" />
</exclusive-start>
<cycle-start id="814" type="global" contextid="0" timestamp="2019-08-04T20:34:59.886" intervalms="931.838" />
  <attribute name="GC Util" value="14" />
  <attribute name="CPU Util" value="2213426099394" />
  <attribute name="Time Running"value="39224"/>
  <attribute name="Number of cores"value="16"/>
<exclusive-end id="815" timestamp="2019-08-04T20:34:59.886" durationms="0.023" />

<exclusive-start id="816" timestamp="2019-08-04T20:34:59.904" intervalms="17.730">
  <response-info timems="0.027" idlems="0.027" threads="0" lastid="0000000000C79200" lastname="node-13" />
</exclusive-start>
<af-start id="817" threadId="0000000000C79B88" totalBytesRequested="32" timestamp="2019-08-04T20:34:59.904" intervalms="937.903" />
<gc-start id="818" type="global" contextid="814" timestamp="2019-08-04T20:34:59.904">
  <mem-info id="819" free="130048" total="13041664" percent="0">
    <mem type="tenure" free="130048" total="13041664" percent="0">
      <mem type="soa" free="0" total="12911616" percent="0" />
      <mem type="loa" free="130048" total="130048" percent="100" />
    </mem>
  </mem-info>
</gc-start>
<allocation-stats totalBytes="4559360" >
  <allocated-bytes non-tlh="2832" tlh="4556528" />
  <largest-consumer threadName="node-14" threadId="0000000000C93600" bytes="290768" />
</allocation-stats>
<concurrent-halted id="820" timestamp="2019-08-04T20:34:59.904">
  <halted state="Complete" status="exhausted" />
  <traced bytesTarget="3823508" bytesTotal="3379092" bytesByMutator="605140" bytesByHelper="2773952" percent="88" />
  <cards cleaned="315" thresholdBytes="203976" />
</concurrent-halted>
<gc-op id="821" type="card-cleaning" timems="0.690" contextid="814" timestamp="2019-08-04T20:34:59.905">
  <card-cleaning cardsCleaned="129" bytesTraced="243960" workStackOverflowCount="0" />
</gc-op>
<gc-op id="822" type="mark" timems="1.949" contextid="814" timestamp="2019-08-04T20:34:59.907">
  <trace-info objectcount="31890" scancount="34446" scanbytes="1765620" />
  <finalization candidates="18" enqueued="0" />
  <references type="soft" candidates="45" cleared="0" enqueued="0" dynamicThreshold="11" maxThreshold="32" />
  <references type="weak" candidates="165" cleared="0" enqueued="0" />
  <references type="phantom" candidates="57" cleared="0" enqueued="0" />
  <stringconstants candidates="3824" cleared="0"  />
</gc-op>
<gc-op id="823" type="sweep" timems="1.105" contextid="814" timestamp="2019-08-04T20:34:59.908" />
<gc-end id="824" type="global" contextid="814" durationms="3.864" usertimems="10.813" systemtimems="0.000" timestamp="2019-08-04T20:34:59.908" activeThreads="6">
  <mem-info id="825" free="4695232" total="13041664" percent="36">
    <mem type="tenure" free="4695232" total="13041664" percent="36" micro-fragmented="1490087">
      <mem type="soa" free="4565184" total="12911616" percent="35" />
      <mem type="loa" free="130048" total="130048" percent="100" />
    </mem>
  </mem-info>
</gc-end>
<cycle-end id="826" type="global" contextid="814" timestamp="2019-08-04T20:34:59.908">
  <attribute name="GC Util" value="47" />
  <attribute name="CPU Util" value="26926840974047" />
  <attribute name="Time Running"value="40153"/>
  <attribute name="Number of cores"value="16"/>
</cycle-end>
<allocation-satisfied id="827" threadId="0000000000C79200" bytesRequested="32" />
<af-end id="828" timestamp="2019-08-04T20:34:59.908" threadId="0000000000C79B88" success="true" />
<exclusive-end id="829" timestamp="2019-08-04T20:34:59.908" durationms="3.986" />

<concurrent-kickoff id="830" timestamp="2019-08-04T20:35:00.828">
  <kickoff reason="threshold reached" targetBytes="3687978" thresholdFreeBytes="502178" remainingFree="490736" tenureFreeBytes="490736" />
</concurrent-kickoff>
<exclusive-start id="831" timestamp="2019-08-04T20:35:00.828" intervalms="923.682">
  <response-info timems="0.033" idlems="0.033" threads="0" lastid="0000000000C88200" lastname="node-16" />
</exclusive-start>
<cycle-start id="832" type="global" contextid="0" timestamp="2019-08-04T20:35:00.828" intervalms="941.409" />
  <attribute name="GC Util" value="47" />
  <attribute name="CPU Util" value="26926840974047" />
  <attribute name="Time Running"value="40153"/>
  <attribute name="Number of cores"value="16"/>
<exclusive-end id="833" timestamp="2019-08-04T20:35:00.828" durationms="0.021" />

<exclusive-start id="834" timestamp="2019-08-04T20:35:00.857" intervalms="29.262">
  <response-info timems="0.087" idlems="0.087" threads="0" lastid="0000000000C62B00" lastname="node-2" />
</exclusive-start>
<concurrent-collection-start id="835" timestamp="2019-08-04T20:35:00.857" intervalms="10918.144" >
  <concurrent-trace-info reason="card cleaning threshold reached" tracedByMutators="253984" tracedByHelpers="3031140" cardsCleaned="151" workStackOverflowCount="0" />
</concurrent-collection-start>
<gc-start id="836" type="global" contextid="832" timestamp="2019-08-04T20:35:00.857">
  <mem-info id="837" free="130048" total="13041664" percent="0">
    <mem type="tenure" free="130048" total="13041664" percent="0">
      <mem type="soa" free="0" total="12911616" percent="0" />
      <mem type="loa" free="130048" total="130048" percent="100" />
    </mem>
  </mem-info>
</gc-start>
<allocation-stats totalBytes="4558048" >
  <allocated-bytes non-tlh="0" tlh="4558048" />
  <largest-consumer threadName="node-9" threadId="0000000000C80A00" bytes="296832" />
</allocation-stats>
<gc-op id="838" type="card-cleaning" timems="1.112" contextid="832" timestamp="2019-08-04T20:35:00.858">
  <card-cleaning cardsCleaned="141" bytesTraced="270856" workStackOverflowCount="0" />
</gc-op>
<gc-op id="839" type="mark" timems="3.349" contextid="832" timestamp="2019-08-04T20:35:00.862">
  <trace-info objectcount="36354" scancount="38484" scanbytes="1816276" />
  <finalization candidates="18" enqueued="0" />
  <references type="soft" candidates="45" cleared="0" enqueued="0" dynamicThreshold="11" maxThreshold="32" />
  <references type="weak" candidates="165" cleared="0" enqueued="0" />
  <references type="phantom" candidates="57" cleared="0" enqueued="0" />
  <stringconstants candidates="3824" cleared="0"  />
</gc-op>
<gc-op id="840" type="sweep" timems="0.947" contextid="832" timestamp="2019-08-04T20:35:00.863" />
<gc-end id="841" type="global" contextid="832" durationms="5.575" usertimems="14.546" systemtimems="0.000" timestamp="2019-08-04T20:35:00.863" activeThreads="6">
  <mem-info id="842" free="4697208" total="13041664" percent="36">
    <mem type="tenure" free="4697208" total="13041664" percent="36" micro-fragmented="0">
      <mem type="soa" free="4567160" total="12911616" percent="35" />
      <mem type="loa" free="130048" total="130048" percent="100" />
    </mem>
  </mem-info>
</gc-end>
<cycle-end id="843" type="global" contextid="832" timestamp="2019-08-04T20:35:00.863">
  <attribute name="GC Util" value="110" />
  <attribute name="CPU Util" value="5456725415981" />
  <attribute name="Time Running"value="41107"/>
  <attribute name="Number of cores"value="16"/>
</cycle-end>
<concurrent-collection-end id="844" timestamp="2019-08-04T20:35:00.863" />
<exclusive-end id="845" timestamp="2019-08-04T20:35:00.863" durationms="5.737" />

<concurrent-kickoff id="846" timestamp="2019-08-04T20:35:01.573">
  <kickoff reason="threshold reached" targetBytes="3572608" thresholdFreeBytes="488946" remainingFree="382768" tenureFreeBytes="382768" />
</concurrent-kickoff>
<exclusive-start id="847" timestamp="2019-08-04T20:35:01.574" intervalms="716.824">
  <response-info timems="0.615" idlems="0.615" threads="0" lastid="0000000000C75700" lastname="node-20" />
</exclusive-start>
<cycle-start id="848" type="global" contextid="0" timestamp="2019-08-04T20:35:01.574" intervalms="746.094" />
  <attribute name="GC Util" value="110" />
  <attribute name="CPU Util" value="5456725415981" />
  <attribute name="Time Running"value="41107"/>
  <attribute name="Number of cores"value="16"/>
<exclusive-end id="849" timestamp="2019-08-04T20:35:01.574" durationms="0.030" />

<exclusive-start id="850" timestamp="2019-08-04T20:35:01.608" intervalms="33.935">
  <response-info timems="0.091" idlems="0.091" threads="0" lastid="0000000000C8BE00" lastname="node-19" />
</exclusive-start>
<af-start id="851" threadId="0000000000C8C788" totalBytesRequested="24" timestamp="2019-08-04T20:35:01.608" intervalms="1703.730" />
<gc-start id="852" type="global" contextid="848" timestamp="2019-08-04T20:35:01.608">
  <mem-info id="853" free="130048" total="13041664" percent="0">
    <mem type="tenure" free="130048" total="13041664" percent="0">
      <mem type="soa" free="0" total="12911616" percent="0" />
      <mem type="loa" free="130048" total="130048" percent="100" />
    </mem>
  </mem-info>
</gc-start>
<allocation-stats totalBytes="4549944" >
  <allocated-bytes non-tlh="0" tlh="4549944" />
  <largest-consumer threadName="node-20" threadId="0000000000C75700" bytes="274976" />
</allocation-stats>
<concurrent-halted id="854" timestamp="2019-08-04T20:35:01.608">
  <halted state="Class scanning incomplete" status="clean trace" />
  <traced bytesTarget="3572608" bytesTotal="3037156" bytesByMutator="298792" bytesByHelper="2738364" percent="85" />
  <cards cleaned="127" thresholdBytes="192614" />
</concurrent-halted>
<gc-op id="855" type="tracing" timems="0.918" contextid="848" timestamp="2019-08-04T20:35:01.609">
  <trace bytesTraced="707480" workStackOverflowCount="0" />
</gc-op>
<gc-op id="856" type="card-cleaning" timems="0.590" contextid="848" timestamp="2019-08-04T20:35:01.610">
  <card-cleaning cardsCleaned="120" bytesTraced="137948" workStackOverflowCount="0" />
</gc-op>
<gc-op id="857" type="mark" timems="2.093" contextid="848" timestamp="2019-08-04T20:35:01.612">
  <trace-info objectcount="28834" scancount="30865" scanbytes="1464244" />
  <finalization candidates="18" enqueued="0" />
  <references type="soft" candidates="45" cleared="0" enqueued="0" dynamicThreshold="11" maxThreshold="32" />
  <references type="weak" candidates="165" cleared="0" enqueued="0" />
  <references type="phantom" candidates="57" cleared="0" enqueued="0" />
  <stringconstants candidates="3824" cleared="0"  />
</gc-op>
<gc-op id="858" type="sweep" timems="1.211" contextid="848" timestamp="2019-08-04T20:35:01.613" />
<gc-end id="859" type="global" contextid="848" durationms="4.963" usertimems="5.908" systemtimems="3.707" timestamp="2019-08-04T20:35:01.613" activeThreads="6">
  <mem-info id="860" free="4700272" total="13041664" percent="36">
    <mem type="tenure" free="4700272" total="13041664" percent="36" micro-fragmented="1478591">
      <mem type="soa" free="4570224" total="12911616" percent="35" />
      <mem type="loa" free="130048" total="130048" percent="100" />
    </mem>
  </mem-info>
</gc-end>
<cycle-end id="861" type="global" contextid="848" timestamp="2019-08-04T20:35:01.613">
  <attribute name="GC Util" value="76" />
  <attribute name="CPU Util" value="28580018061236" />
  <attribute name="Time Running"value="41858"/>
  <attribute name="Number of cores"value="16"/>
</cycle-end>
<allocation-satisfied id="862" threadId="0000000000C8BE00" bytesRequested="24" />
<af-end id="863" timestamp="2019-08-04T20:35:01.613" threadId="0000000000C8C788" success="true" />
<exclusive-end id="864" timestamp="2019-08-04T20:35:01.613" durationms="5.753" />

<concurrent-kickoff id="865" timestamp="2019-08-04T20:35:02.376">
  <kickoff reason="threshold reached" targetBytes="3882584" thresholdFreeBytes="536893" remainingFree="485928" tenureFreeBytes="485928" />
</concurrent-kickoff>
<exclusive-start id="866" timestamp="2019-08-04T20:35:02.378" intervalms="769.912">
  <response-info timems="1.003" idlems="1.003" threads="0" lastid="0000000000C84600" lastname="node-12" />
</exclusive-start>
<cycle-start id="867" type="global" contextid="0" timestamp="2019-08-04T20:35:02.378" intervalms="803.843" />
  <attribute name="GC Util" value="76" />
  <attribute name="CPU Util" value="28580018061236" />
  <attribute name="Time Running"value="41858"/>
  <attribute name="Number of cores"value="16"/>
<exclusive-end id="868" timestamp="2019-08-04T20:35:02.378" durationms="0.023" />

<exclusive-start id="869" timestamp="2019-08-04T20:35:02.403" intervalms="25.239">
  <response-info timems="0.270" idlems="0.270" threads="0" lastid="0000000000C97200" lastname="node-0" />
</exclusive-start>
<af-start id="870" threadId="0000000000C97B88" totalBytesRequested="32" timestamp="2019-08-04T20:35:02.403" intervalms="795.138" />
<gc-start id="871" type="global" contextid="867" timestamp="2019-08-04T20:35:02.403">
  <mem-info id="872" free="130048" total="13041664" percent="0">
    <mem type="tenure" free="130048" total="13041664" percent="0">
      <mem type="soa" free="0" total="12911616" percent="0" />
      <mem type="loa" free="130048" total="130048" percent="100" />
    </mem>
  </mem-info>
</gc-start>
<allocation-stats totalBytes="4566352" >
  <allocated-bytes non-tlh="0" tlh="4566352" />
  <largest-consumer threadName="node-9" threadId="0000000000C80A00" bytes="285512" />
</allocation-stats>
<concurrent-halted id="873" timestamp="2019-08-04T20:35:02.403">
  <halted state="Complete" status="exhausted" />
  <traced bytesTarget="3882584" bytesTotal="3307260" bytesByMutator="1275796" bytesByHelper="2031464" percent="85" />
  <cards cleaned="79" thresholdBytes="211503" />
</concurrent-halted>
<gc-op id="874" type="card-cleaning" timems="0.665" contextid="867" timestamp="2019-08-04T20:35:02.404">
  <card-cleaning cardsCleaned="153" bytesTraced="185472" workStackOverflowCount="0" />
</gc-op>
<gc-op id="875" type="mark" timems="2.185" contextid="867" timestamp="2019-08-04T20:35:02.406">
  <trace-info objectcount="36880" scancount="39015" scanbytes="1875464" />
  <finalization candidates="18" enqueued="0" />
  <references type="soft" candidates="45" cleared="0" enqueued="0" dynamicThreshold="11" maxThreshold="32" />
  <references type="weak" candidates="165" cleared="0" enqueued="0" />
  <references type="phantom" candidates="57" cleared="0" enqueued="0" />
  <stringconstants candidates="3824" cleared="0"  />
</gc-op>
<gc-op id="876" type="sweep" timems="1.149" contextid="867" timestamp="2019-08-04T20:35:02.407" />
<gc-end id="877" type="global" contextid="867" durationms="4.141" usertimems="11.350" systemtimems="0.910" timestamp="2019-08-04T20:35:02.407" activeThreads="6">
  <mem-info id="878" free="4696080" total="13041664" percent="36">
    <mem type="tenure" free="4696080" total="13041664" percent="36" micro-fragmented="1463191">
      <mem type="soa" free="4566032" total="12911616" percent="35" />
      <mem type="loa" free="130048" total="130048" percent="100" />
    </mem>
  </mem-info>
</gc-end>
<cycle-end id="879" type="global" contextid="867" timestamp="2019-08-04T20:35:02.407">
  <attribute name="GC Util" value="46" />
  <attribute name="CPU Util" value="24149283335493" />
  <attribute name="Time Running"value="42652"/>
  <attribute name="Number of cores"value="16"/>
</cycle-end>
<allocation-satisfied id="880" threadId="0000000000C97200" bytesRequested="32" />
<af-end id="881" timestamp="2019-08-04T20:35:02.407" threadId="0000000000C97B88" success="true" />
<exclusive-end id="882" timestamp="2019-08-04T20:35:02.407" durationms="4.297" />

<concurrent-kickoff id="883" timestamp="2019-08-04T20:35:03.206">
  <kickoff reason="threshold reached" targetBytes="3765362" thresholdFreeBytes="517045" remainingFree="482904" tenureFreeBytes="481632" />
</concurrent-kickoff>
<exclusive-start id="884" timestamp="2019-08-04T20:35:03.207" intervalms="803.807">
  <response-info timems="0.301" idlems="0.202" threads="2" lastid="0000000000C6DF00" lastname="node-15" />
</exclusive-start>
<cycle-start id="885" type="global" contextid="0" timestamp="2019-08-04T20:35:03.207" intervalms="829.050" />
  <attribute name="GC Util" value="46" />
  <attribute name="CPU Util" value="24149283335493" />
  <attribute name="Time Running"value="42652"/>
  <attribute name="Number of cores"value="16"/>
<exclusive-end id="886" timestamp="2019-08-04T20:35:03.207" durationms="0.039" />

<exclusive-start id="887" timestamp="2019-08-04T20:35:03.216" intervalms="9.750">
  <response-info timems="0.016" idlems="0.016" threads="0" lastid="0000000000C75700" lastname="node-20" />
</exclusive-start>
<af-start id="888" threadId="0000000000C76088" totalBytesRequested="376" timestamp="2019-08-04T20:35:03.216" intervalms="813.542" />
<gc-start id="889" type="global" contextid="885" timestamp="2019-08-04T20:35:03.216">
  <mem-info id="890" free="130048" total="13041664" percent="0">
    <mem type="tenure" free="130048" total="13041664" percent="0">
      <mem type="soa" free="0" total="12911616" percent="0" />
      <mem type="loa" free="130048" total="130048" percent="100" />
    </mem>
  </mem-info>
</gc-start>
<allocation-stats totalBytes="4555464" >
  <allocated-bytes non-tlh="0" tlh="4555464" />
  <largest-consumer threadName="node-19" threadId="0000000000C8BE00" bytes="279488" />
</allocation-stats>
<concurrent-halted id="891" timestamp="2019-08-04T20:35:03.216">
  <halted state="Class scanning incomplete" status="clean trace" />
  <traced bytesTarget="3765362" bytesTotal="3160528" bytesByMutator="18180" bytesByHelper="3142348" percent="83" />
  <cards cleaned="37" thresholdBytes="203684" />
</concurrent-halted>
<gc-op id="892" type="tracing" timems="0.503" contextid="885" timestamp="2019-08-04T20:35:03.217">
  <trace bytesTraced="399936" workStackOverflowCount="0" />
</gc-op>
<gc-op id="893" type="card-cleaning" timems="0.635" contextid="885" timestamp="2019-08-04T20:35:03.218">
  <card-cleaning cardsCleaned="64" bytesTraced="10100" workStackOverflowCount="0" />
</gc-op>
<gc-op id="894" type="mark" timems="2.247" contextid="885" timestamp="2019-08-04T20:35:03.220">
  <trace-info objectcount="33909" scancount="35700" scanbytes="1758496" />
  <finalization candidates="18" enqueued="0" />
  <references type="soft" candidates="45" cleared="0" enqueued="0" dynamicThreshold="11" maxThreshold="32" />
  <references type="weak" candidates="165" cleared="0" enqueued="0" />
  <references type="phantom" candidates="57" cleared="0" enqueued="0" />
  <stringconstants candidates="3824" cleared="0"  />
</gc-op>
<gc-op id="895" type="sweep" timems="1.005" contextid="885" timestamp="2019-08-04T20:35:03.221" />
<gc-end id="896" type="global" contextid="885" durationms="4.520" usertimems="7.224" systemtimems="2.814" timestamp="2019-08-04T20:35:03.221" activeThreads="6">
  <mem-info id="897" free="4694960" total="13041664" percent="35">
    <mem type="tenure" free="4694960" total="13041664" percent="35" micro-fragmented="1463191">
      <mem type="soa" free="4564912" total="12911616" percent="35" />
      <mem type="loa" free="130048" total="130048" percent="100" />
    </mem>
  </mem-info>
</gc-end>
<cycle-end id="898" type="global" contextid="885" timestamp="2019-08-04T20:35:03.221">
  <attribute name="GC Util" value="61" />
  <attribute name="CPU Util" value="27122539081877" />
  <attribute name="Time Running"value="43466"/>
  <attribute name="Number of cores"value="16"/>
</cycle-end>
<allocation-satisfied id="899" threadId="0000000000C75700" bytesRequested="376" />
<af-end id="900" timestamp="2019-08-04T20:35:03.221" threadId="0000000000C76088" success="true" />
<exclusive-end id="901" timestamp="2019-08-04T20:35:03.221" durationms="4.636" />

<concurrent-kickoff id="902" timestamp="2019-08-04T20:35:03.926">
  <kickoff reason="threshold reached" targetBytes="3570564" thresholdFreeBytes="490177" remainingFree="483848" tenureFreeBytes="483848" />
</concurrent-kickoff>
<exclusive-start id="903" timestamp="2019-08-04T20:35:03.926" intervalms="709.838">
  <response-info timems="0.017" idlems="0.017" threads="0" lastid="0000000000C57700" lastname="node-1" />
</exclusive-start>
<cycle-start id="904" type="global" contextid="0" timestamp="2019-08-04T20:35:03.926" intervalms="719.577" />
  <attribute name="GC Util" value="61" />
  <attribute name="CPU Util" value="27122539081877" />
  <attribute name="Time Running"value="43466"/>
  <attribute name="Number of cores"value="16"/>
<exclusive-end id="905" timestamp="2019-08-04T20:35:03.926" durationms="0.015" />

<exclusive-start id="906" timestamp="2019-08-04T20:35:03.941" intervalms="14.941">
  <response-info timems="0.064" idlems="0.064" threads="0" lastid="0000000000C88200" lastname="node-16" />
</exclusive-start>
<af-start id="907" threadId="0000000000C88B88" totalBytesRequested="24" timestamp="2019-08-04T20:35:03.941" intervalms="724.800" />
<gc-start id="908" type="global" contextid="904" timestamp="2019-08-04T20:35:03.941">
  <mem-info id="909" free="130048" total="13041664" percent="0">
    <mem type="tenure" free="130048" total="13041664" percent="0">
      <mem type="soa" free="0" total="12911616" percent="0" />
      <mem type="loa" free="130048" total="130048" percent="100" />
    </mem>
  </mem-info>
</gc-start>
<allocation-stats totalBytes="4555664" >
  <allocated-bytes non-tlh="0" tlh="4555664" />
  <largest-consumer threadName="node-10" threadId="0000000000C4C400" bytes="268616" />
</allocation-stats>
<concurrent-halted id="910" timestamp="2019-08-04T20:35:03.941">
  <halted state="Complete" status="trace only" />
  <traced bytesTarget="3570564" bytesTotal="2957228" bytesByMutator="16648" bytesByHelper="2940580" percent="82" />
  <cards cleaned="0" thresholdBytes="193099" />
</concurrent-halted>
<gc-op id="911" type="card-cleaning" timems="0.972" contextid="904" timestamp="2019-08-04T20:35:03.942">
  <card-cleaning cardsCleaned="159" bytesTraced="1017300" workStackOverflowCount="0" />
</gc-op>
<gc-op id="912" type="mark" timems="2.036" contextid="904" timestamp="2019-08-04T20:35:03.944">
  <trace-info objectcount="26928" scancount="28644" scanbytes="1364888" />
  <finalization candidates="18" enqueued="0" />
  <references type="soft" candidates="45" cleared="0" enqueued="0" dynamicThreshold="11" maxThreshold="32" />
  <references type="weak" candidates="165" cleared="0" enqueued="0" />
  <references type="phantom" candidates="57" cleared="0" enqueued="0" />
  <stringconstants candidates="3824" cleared="0"  />
</gc-op>
<gc-op id="913" type="sweep" timems="1.694" contextid="904" timestamp="2019-08-04T20:35:03.946" />
<gc-end id="914" type="global" contextid="904" durationms="4.823" usertimems="9.634" systemtimems="2.435" timestamp="2019-08-04T20:35:03.946" activeThreads="6">
  <mem-info id="915" free="4699760" total="13041664" percent="36">
    <mem type="tenure" free="4699760" total="13041664" percent="36" micro-fragmented="1463191">
      <mem type="soa" free="4569712" total="12911616" percent="35" />
      <mem type="loa" free="130048" total="130048" percent="100" />
    </mem>
  </mem-info>
</gc-end>
<cycle-end id="916" type="global" contextid="904" timestamp="2019-08-04T20:35:03.946">
  <attribute name="GC Util" value="84" />
  <attribute name="CPU Util" value="38165387741295" />
  <attribute name="Time Running"value="44190"/>
  <attribute name="Number of cores"value="16"/>
</cycle-end>
<allocation-satisfied id="917" threadId="0000000000C88200" bytesRequested="24" />
<af-end id="918" timestamp="2019-08-04T20:35:03.946" threadId="0000000000C88B88" success="true" />
<exclusive-end id="919" timestamp="2019-08-04T20:35:03.946" durationms="4.960" />

<concurrent-kickoff id="920" timestamp="2019-08-04T20:35:04.790">
  <kickoff reason="threshold reached" targetBytes="3837925" thresholdFreeBytes="518205" remainingFree="484096" tenureFreeBytes="484096" />
</concurrent-kickoff>
<exclusive-start id="921" timestamp="2019-08-04T20:35:04.790" intervalms="849.093">
  <response-info timems="0.221" idlems="0.221" threads="0" lastid="0000000000CA9D00" lastname="node-25" />
</exclusive-start>
<cycle-start id="922" type="global" contextid="0" timestamp="2019-08-04T20:35:04.790" intervalms="864.042" />
  <attribute name="GC Util" value="84" />
  <attribute name="CPU Util" value="38165387741295" />
  <attribute name="Time Running"value="44190"/>
  <attribute name="Number of cores"value="16"/>
<exclusive-end id="923" timestamp="2019-08-04T20:35:04.790" durationms="0.025" />

<exclusive-start id="924" timestamp="2019-08-04T20:35:04.805" intervalms="15.176">
  <response-info timems="0.121" idlems="0.121" threads="0" lastid="0000000000C79200" lastname="node-13" />
</exclusive-start>
<af-start id="925" threadId="0000000000C79B88" totalBytesRequested="32" timestamp="2019-08-04T20:35:04.806" intervalms="864.331" />
<gc-start id="926" type="global" contextid="922" timestamp="2019-08-04T20:35:04.806">
  <mem-info id="927" free="130048" total="13041664" percent="0">
    <mem type="tenure" free="130048" total="13041664" percent="0">
      <mem type="soa" free="0" total="12911616" percent="0" />
      <mem type="loa" free="130048" total="130048" percent="100" />
    </mem>
  </mem-info>
</gc-start>
<allocation-stats totalBytes="4560080" >
  <allocated-bytes non-tlh="0" tlh="4560080" />
  <largest-consumer threadName="node-16" threadId="0000000000C88200" bytes="275280" />
</allocation-stats>
<concurrent-halted id="928" timestamp="2019-08-04T20:35:04.806">
  <halted state="Complete" status="trace only" />
  <traced bytesTarget="3837925" bytesTotal="2983608" bytesByMutator="17132" bytesByHelper="2966476" percent="77" />
  <cards cleaned="0" thresholdBytes="204141" />
</concurrent-halted>
<gc-op id="929" type="card-cleaning" timems="1.447" contextid="922" timestamp="2019-08-04T20:35:04.807">
  <card-cleaning cardsCleaned="169" bytesTraced="995060" workStackOverflowCount="0" />
</gc-op>
<gc-op id="930" type="mark" timems="1.613" contextid="922" timestamp="2019-08-04T20:35:04.809">
  <trace-info objectcount="26681" scancount="28544" scanbytes="1360852" />
  <finalization candidates="18" enqueued="0" />
  <references type="soft" candidates="45" cleared="0" enqueued="0" dynamicThreshold="11" maxThreshold="32" />
  <references type="weak" candidates="165" cleared="0" enqueued="0" />
  <references type="phantom" candidates="57" cleared="0" enqueued="0" />
  <stringconstants candidates="3824" cleared="0"  />
</gc-op>
<gc-op id="931" type="sweep" timems="1.429" contextid="922" timestamp="2019-08-04T20:35:04.810" />
<gc-end id="932" type="global" contextid="922" durationms="4.824" usertimems="15.676" systemtimems="0.000" timestamp="2019-08-04T20:35:04.810" activeThreads="6">
  <mem-info id="933" free="4703968" total="13041664" percent="36">
    <mem type="tenure" free="4703968" total="13041664" percent="36" micro-fragmented="1463191">
      <mem type="soa" free="4573920" total="12911616" percent="35" />
      <mem type="loa" free="130048" total="130048" percent="100" />
    </mem>
  </mem-info>
</gc-end>
<cycle-end id="934" type="global" contextid="922" timestamp="2019-08-04T20:35:04.811">
  <attribute name="GC Util" value="104" />
  <attribute name="CPU Util" value="20412419154496" />
  <attribute name="Time Running"value="45055"/>
  <attribute name="Number of cores"value="16"/>
</cycle-end>
<allocation-satisfied id="935" threadId="0000000000C79200" bytesRequested="32" />
<af-end id="936" timestamp="2019-08-04T20:35:04.811" threadId="0000000000C79B88" success="true" />
<exclusive-end id="937" timestamp="2019-08-04T20:35:04.811" durationms="5.110" />

<concurrent-kickoff id="938" timestamp="2019-08-04T20:35:05.802">
  <kickoff reason="threshold reached" targetBytes="4147512" thresholdFreeBytes="556891" remainingFree="484872" tenureFreeBytes="484872" />
</concurrent-kickoff>
<exclusive-start id="939" timestamp="2019-08-04T20:35:05.802" intervalms="996.904">
  <response-info timems="0.597" idlems="0.597" threads="0" lastid="0000000000C79200" lastname="node-13" />
</exclusive-start>
<cycle-start id="940" type="global" contextid="0" timestamp="2019-08-04T20:35:05.802" intervalms="1012.079" />
  <attribute name="GC Util" value="104" />
  <attribute name="CPU Util" value="20412419154496" />
  <attribute name="Time Running"value="45055"/>
  <attribute name="Number of cores"value="16"/>
<exclusive-end id="941" timestamp="2019-08-04T20:35:05.802" durationms="0.023" />

<exclusive-start id="942" timestamp="2019-08-04T20:35:05.809" intervalms="6.746">
  <response-info timems="0.057" idlems="0.057" threads="0" lastid="0000000000C8BE00" lastname="node-19" />
</exclusive-start>
<af-start id="943" threadId="0000000000C8C788" totalBytesRequested="32" timestamp="2019-08-04T20:35:05.809" intervalms="1003.695" />
<gc-start id="944" type="global" contextid="940" timestamp="2019-08-04T20:35:05.809">
  <mem-info id="945" free="130048" total="13041664" percent="0">
    <mem type="tenure" free="130048" total="13041664" percent="0">
      <mem type="soa" free="0" total="12911616" percent="0" />
      <mem type="loa" free="130048" total="130048" percent="100" />
    </mem>
  </mem-info>
</gc-start>
<allocation-stats totalBytes="4563544" >
  <allocated-bytes non-tlh="0" tlh="4563544" />
  <largest-consumer threadName="node-25" threadId="0000000000CA9D00" bytes="271304" />
</allocation-stats>
<concurrent-halted id="946" timestamp="2019-08-04T20:35:05.809">
  <halted state="Complete" status="clean trace" />
  <traced bytesTarget="4147512" bytesTotal="3337528" bytesByMutator="1428844" bytesByHelper="1908684" percent="80" />
  <cards cleaned="168" thresholdBytes="219381" />
</concurrent-halted>
<gc-op id="947" type="card-cleaning" timems="0.449" contextid="940" timestamp="2019-08-04T20:35:05.810">
  <card-cleaning cardsCleaned="122" bytesTraced="64372" workStackOverflowCount="0" />
</gc-op>
<gc-op id="948" type="mark" timems="2.062" contextid="940" timestamp="2019-08-04T20:35:05.812">
  <trace-info objectcount="37465" scancount="39734" scanbytes="1954024" />
  <finalization candidates="18" enqueued="0" />
  <references type="soft" candidates="45" cleared="0" enqueued="0" dynamicThreshold="11" maxThreshold="32" />
  <references type="weak" candidates="165" cleared="0" enqueued="0" />
  <references type="phantom" candidates="57" cleared="0" enqueued="0" />
  <stringconstants candidates="3824" cleared="0"  />
</gc-op>
<gc-op id="949" type="sweep" timems="1.088" contextid="940" timestamp="2019-08-04T20:35:05.813" />
<gc-end id="950" type="global" contextid="940" durationms="3.862" usertimems="3.806" systemtimems="5.022" timestamp="2019-08-04T20:35:05.813" activeThreads="6">
  <mem-info id="951" free="4718448" total="13041664" percent="36">
    <mem type="tenure" free="4718448" total="13041664" percent="36" micro-fragmented="1463191">
      <mem type="soa" free="4588400" total="12911616" percent="35" />
      <mem type="loa" free="130048" total="130048" percent="100" />
    </mem>
  </mem-info>
</gc-end>
<cycle-end id="952" type="global" contextid="940" timestamp="2019-08-04T20:35:05.813">
  <attribute name="GC Util" value="26" />
  <attribute name="CPU Util" value="37344610926072" />
  <attribute name="Time Running"value="46058"/>
  <attribute name="Number of cores"value="16"/>
</cycle-end>
<allocation-satisfied id="953" threadId="0000000000C8BE00" bytesRequested="32" />
<af-end id="954" timestamp="2019-08-04T20:35:05.813" threadId="0000000000C8C788" success="true" />
<exclusive-end id="955" timestamp="2019-08-04T20:35:05.813" durationms="4.257" />

<concurrent-kickoff id="956" timestamp="2019-08-04T20:35:06.544">
  <kickoff reason="threshold reached" targetBytes="3401900" thresholdFreeBytes="468437" remainingFree="384160" tenureFreeBytes="384160" />
</concurrent-kickoff>
<exclusive-start id="957" timestamp="2019-08-04T20:35:06.544" intervalms="735.310">
  <response-info timems="0.832" idlems="0.832" threads="0" lastid="0000000000C93600" lastname="node-14" />
</exclusive-start>
<cycle-start id="958" type="global" contextid="0" timestamp="2019-08-04T20:35:06.544" intervalms="742.056" />
  <attribute name="GC Util" value="26" />
  <attribute name="CPU Util" value="37344610926072" />
  <attribute name="Time Running"value="46058"/>
  <attribute name="Number of cores"value="16"/>
<exclusive-end id="959" timestamp="2019-08-04T20:35:06.544" durationms="0.023" />

<exclusive-start id="960" timestamp="2019-08-04T20:35:06.566" intervalms="21.258">
  <response-info timems="0.303" idlems="0.303" threads="0" lastid="0000000000C8BE00" lastname="node-19" />
</exclusive-start>
<af-start id="961" threadId="0000000000C8C788" totalBytesRequested="24" timestamp="2019-08-04T20:35:06.566" intervalms="756.458" />
<gc-start id="962" type="global" contextid="958" timestamp="2019-08-04T20:35:06.566">
  <mem-info id="963" free="130048" total="13041664" percent="0">
    <mem type="tenure" free="130048" total="13041664" percent="0">
      <mem type="soa" free="0" total="12911616" percent="0" />
      <mem type="loa" free="130048" total="130048" percent="100" />
    </mem>
  </mem-info>
</gc-start>
<allocation-stats totalBytes="4579696" >
  <allocated-bytes non-tlh="0" tlh="4579696" />
  <largest-consumer threadName="node-0" threadId="0000000000C97200" bytes="280120" />
</allocation-stats>
<concurrent-halted id="964" timestamp="2019-08-04T20:35:06.566">
  <halted state="Class scanning incomplete" status="clean trace" />
  <traced bytesTarget="3401900" bytesTotal="2958620" bytesByMutator="0" bytesByHelper="2958620" percent="86" />
  <cards cleaned="0" thresholdBytes="184535" />
</concurrent-halted>
<gc-op id="965" type="card-cleaning" timems="2.012" contextid="958" timestamp="2019-08-04T20:35:06.568">
  <card-cleaning cardsCleaned="169" bytesTraced="1096320" workStackOverflowCount="0" />
</gc-op>
<gc-op id="966" type="mark" timems="1.417" contextid="958" timestamp="2019-08-04T20:35:06.569">
  <trace-info objectcount="25376" scancount="27244" scanbytes="1272444" />
  <finalization candidates="18" enqueued="0" />
  <references type="soft" candidates="45" cleared="0" enqueued="0" dynamicThreshold="11" maxThreshold="32" />
  <references type="weak" candidates="165" cleared="0" enqueued="0" />
  <references type="phantom" candidates="57" cleared="0" enqueued="0" />
  <stringconstants candidates="3824" cleared="0"  />
</gc-op>
<gc-op id="967" type="sweep" timems="2.375" contextid="958" timestamp="2019-08-04T20:35:06.572" />
<gc-end id="968" type="global" contextid="958" durationms="5.943" usertimems="12.751" systemtimems="1.897" timestamp="2019-08-04T20:35:06.572" activeThreads="6">
  <mem-info id="969" free="4700880" total="13041664" percent="36">
    <mem type="tenure" free="4700880" total="13041664" percent="36" micro-fragmented="1463191">
      <mem type="soa" free="4570832" total="12911616" percent="35" />
      <mem type="loa" free="130048" total="130048" percent="100" />
    </mem>
  </mem-info>
</gc-end>
<cycle-end id="970" type="global" contextid="958" timestamp="2019-08-04T20:35:06.572">
  <attribute name="GC Util" value="72" />
  <attribute name="CPU Util" value="14064874542951" />
  <attribute name="Time Running"value="46816"/>
  <attribute name="Number of cores"value="16"/>
</cycle-end>
<allocation-satisfied id="971" threadId="0000000000C8BE00" bytesRequested="24" />
<af-end id="972" timestamp="2019-08-04T20:35:06.572" threadId="0000000000C8C788" success="true" />
<exclusive-end id="973" timestamp="2019-08-04T20:35:06.572" durationms="6.215" />

<concurrent-kickoff id="974" timestamp="2019-08-04T20:35:07.379">
  <kickoff reason="threshold reached" targetBytes="4054940" thresholdFreeBytes="557906" remainingFree="480744" tenureFreeBytes="480744" />
</concurrent-kickoff>
<exclusive-start id="975" timestamp="2019-08-04T20:35:07.380" intervalms="813.917">
  <response-info timems="0.588" idlems="0.370" threads="1" lastid="0000000000CA6100" lastname="node-21" />
</exclusive-start>
<cycle-start id="976" type="global" contextid="0" timestamp="2019-08-04T20:35:07.380" intervalms="835.218" />
  <attribute name="GC Util" value="72" />
  <attribute name="CPU Util" value="14064874542951" />
  <attribute name="Time Running"value="46816"/>
  <attribute name="Number of cores"value="16"/>
<exclusive-end id="977" timestamp="2019-08-04T20:35:07.380" durationms="0.070" />

<exclusive-start id="978" timestamp="2019-08-04T20:35:07.390" intervalms="10.035">
  <response-info timems="0.314" idlems="0.314" threads="0" lastid="0000000000C97200" lastname="node-0" />
</exclusive-start>
<concurrent-collection-start id="979" timestamp="2019-08-04T20:35:07.390" intervalms="6532.685" >
  <concurrent-trace-info reason="card cleaning threshold reached" tracedByMutators="413348" tracedByHelpers="2933224" cardsCleaned="200" workStackOverflowCount="0" />
</concurrent-collection-start>
<gc-start id="980" type="global" contextid="976" timestamp="2019-08-04T20:35:07.390">
  <mem-info id="981" free="130048" total="13041664" percent="0">
    <mem type="tenure" free="130048" total="13041664" percent="0">
      <mem type="soa" free="0" total="12911616" percent="0" />
      <mem type="loa" free="130048" total="130048" percent="100" />
    </mem>
  </mem-info>
</gc-start>
<allocation-stats totalBytes="4560536" >
  <allocated-bytes non-tlh="0" tlh="4560536" />
  <largest-consumer threadName="node-24" threadId="0000000000C7CE00" bytes="277872" />
</allocation-stats>
<gc-op id="982" type="card-cleaning" timems="0.608" contextid="976" timestamp="2019-08-04T20:35:07.390">
  <card-cleaning cardsCleaned="137" bytesTraced="30692" workStackOverflowCount="0" />
</gc-op>
<gc-op id="983" type="mark" timems="2.123" contextid="976" timestamp="2019-08-04T20:35:07.392">
  <trace-info objectcount="38704" scancount="40955" scanbytes="1990256" />
  <finalization candidates="18" enqueued="0" />
  <references type="soft" candidates="45" cleared="0" enqueued="0" dynamicThreshold="11" maxThreshold="32" />
  <references type="weak" candidates="165" cleared="0" enqueued="0" />
  <references type="phantom" candidates="57" cleared="0" enqueued="0" />
  <stringconstants candidates="3824" cleared="0"  />
</gc-op>
<gc-op id="984" type="sweep" timems="0.602" contextid="976" timestamp="2019-08-04T20:35:07.393" />
<gc-end id="985" type="global" contextid="976" durationms="3.489" usertimems="6.375" systemtimems="2.262" timestamp="2019-08-04T20:35:07.393" activeThreads="6">
  <mem-info id="986" free="4702736" total="13041664" percent="36">
    <mem type="tenure" free="4702736" total="13041664" percent="36" micro-fragmented="0">
      <mem type="soa" free="4572688" total="12911616" percent="35" />
      <mem type="loa" free="130048" total="130048" percent="100" />
    </mem>
  </mem-info>
</gc-end>
<cycle-end id="987" type="global" contextid="976" timestamp="2019-08-04T20:35:07.393">
  <attribute name="GC Util" value="185" />
  <attribute name="CPU Util" value="8640213740119" />
  <attribute name="Time Running"value="47638"/>
  <attribute name="Number of cores"value="16"/>
</cycle-end>
<concurrent-collection-end id="988" timestamp="2019-08-04T20:35:07.393" />
<exclusive-end id="989" timestamp="2019-08-04T20:35:07.393" durationms="3.660" />

<concurrent-kickoff id="990" timestamp="2019-08-04T20:35:08.288">
  <kickoff reason="threshold reached" targetBytes="3913601" thresholdFreeBytes="539001" remainingFree="525824" tenureFreeBytes="525824" />
</concurrent-kickoff>
<exclusive-start id="991" timestamp="2019-08-04T20:35:08.289" intervalms="899.310">
  <response-info timems="0.745" idlems="0.745" threads="0" lastid="0000000000CA2500" lastname="node-6" />
</exclusive-start>
<cycle-start id="992" type="global" contextid="0" timestamp="2019-08-04T20:35:08.289" intervalms="909.305" />
  <attribute name="GC Util" value="185" />
  <attribute name="CPU Util" value="8640213740119" />
  <attribute name="Time Running"value="47638"/>
  <attribute name="Number of cores"value="16"/>
<exclusive-end id="993" timestamp="2019-08-04T20:35:08.289" durationms="0.028" />

<exclusive-start id="994" timestamp="2019-08-04T20:35:08.305" intervalms="16.116">
  <response-info timems="0.506" idlems="0.278" threads="1" lastid="0000000000C7CE00" lastname="node-24" />
</exclusive-start>
<af-start id="995" threadId="0000000000C63488" totalBytesRequested="24" timestamp="2019-08-04T20:35:08.305" intervalms="1739.373" />
<gc-start id="996" type="global" contextid="992" timestamp="2019-08-04T20:35:08.306">
  <mem-info id="997" free="130048" total="13041664" percent="0">
    <mem type="tenure" free="130048" total="13041664" percent="0">
      <mem type="soa" free="0" total="12911616" percent="0" />
      <mem type="loa" free="130048" total="130048" percent="100" />
    </mem>
  </mem-info>
</gc-start>
<allocation-stats totalBytes="4577032" >
  <allocated-bytes non-tlh="0" tlh="4577032" />
  <largest-consumer threadName="node-9" threadId="0000000000C80A00" bytes="274920" />
</allocation-stats>
<concurrent-halted id="998" timestamp="2019-08-04T20:35:08.306">
  <halted state="Class scanning incomplete" status="clean trace" />
  <traced bytesTarget="3913601" bytesTotal="3330972" bytesByMutator="563708" bytesByHelper="2767264" percent="85" />
  <cards cleaned="139" thresholdBytes="212333" />
</concurrent-halted>
<gc-op id="999" type="card-cleaning" timems="0.416" contextid="992" timestamp="2019-08-04T20:35:08.306">
  <card-cleaning cardsCleaned="119" bytesTraced="64288" workStackOverflowCount="0" />
</gc-op>
<gc-op id="1000" type="mark" timems="2.900" contextid="992" timestamp="2019-08-04T20:35:08.309">
  <trace-info objectcount="37410" scancount="39686" scanbytes="1952864" />
  <finalization candidates="18" enqueued="0" />
  <references type="soft" candidates="45" cleared="0" enqueued="0" dynamicThreshold="11" maxThreshold="32" />
  <references type="weak" candidates="165" cleared="0" enqueued="0" />
  <references type="phantom" candidates="57" cleared="0" enqueued="0" />
  <stringconstants candidates="3824" cleared="0"  />
</gc-op>
<gc-op id="1001" type="sweep" timems="1.636" contextid="992" timestamp="2019-08-04T20:35:08.311" />
<gc-end id="1002" type="global" contextid="992" durationms="5.086" usertimems="5.501" systemtimems="3.399" timestamp="2019-08-04T20:35:08.311" activeThreads="6">
  <mem-info id="1003" free="4721096" total="13041664" percent="36">
    <mem type="tenure" free="4721096" total="13041664" percent="36" micro-fragmented="1463191">
      <mem type="soa" free="4591048" total="12911616" percent="35" />
      <mem type="loa" free="130048" total="130048" percent="100" />
    </mem>
  </mem-info>
</gc-end>
<cycle-end id="1004" type="global" contextid="992" timestamp="2019-08-04T20:35:08.311">
  <attribute name="GC Util" value="51" />
  <attribute name="CPU Util" value="26515828951576" />
  <attribute name="Time Running"value="48555"/>
  <attribute name="Number of cores"value="16"/>
</cycle-end>
<allocation-satisfied id="1005" threadId="0000000000C62B00" bytesRequested="24" />
<af-end id="1006" timestamp="2019-08-04T20:35:08.311" threadId="0000000000C63488" success="true" />
<exclusive-end id="1007" timestamp="2019-08-04T20:35:08.311" durationms="5.813" />

<concurrent-kickoff id="1008" timestamp="2019-08-04T20:35:09.296">
  <kickoff reason="threshold reached" targetBytes="3395260" thresholdFreeBytes="468078" remainingFree="415152" tenureFreeBytes="415152" />
</concurrent-kickoff>
<exclusive-start id="1009" timestamp="2019-08-04T20:35:09.297" intervalms="991.620">
  <response-info timems="0.236" idlems="0.236" threads="0" lastid="0000000000C5B300" lastname="node-8" />
</exclusive-start>
<cycle-start id="1010" type="global" contextid="0" timestamp="2019-08-04T20:35:09.297" intervalms="1007.733" />
  <attribute name="GC Util" value="51" />
  <attribute name="CPU Util" value="26515828951576" />
  <attribute name="Time Running"value="48555"/>
  <attribute name="Number of cores"value="16"/>
<exclusive-end id="1011" timestamp="2019-08-04T20:35:09.297" durationms="0.022" />

<exclusive-start id="1012" timestamp="2019-08-04T20:35:09.297" intervalms="0.690">
  <response-info timems="0.272" idlems="0.139" threads="1" lastid="0000000000CA9D00" lastname="node-25" />
</exclusive-start>
<af-start id="1013" threadId="0000000000C6E888" totalBytesRequested="16" timestamp="2019-08-04T20:35:09.297" intervalms="992.314" />
<concurrent-aborted id="1014" timestamp="2019-08-04T20:35:09.297">
  <reason value="insufficient progress made" />
</concurrent-aborted>
<cycle-end id="1015" type="global" contextid="1010" timestamp="2019-08-04T20:35:09.297">
  <attribute name="GC Util" value="51" />
  <attribute name="CPU Util" value="26515828951576" />
  <attribute name="Time Running"value="48555"/>
  <attribute name="Number of cores"value="16"/>
</cycle-end>
<cycle-start id="1016" type="global" contextid="0" timestamp="2019-08-04T20:35:09.298" intervalms="0.850" />
  <attribute name="GC Util" value="51" />
  <attribute name="CPU Util" value="26515828951576" />
  <attribute name="Time Running"value="48555"/>
  <attribute name="Number of cores"value="16"/>
<gc-start id="1017" type="global" contextid="1016" timestamp="2019-08-04T20:35:09.298">
  <mem-info id="1018" free="130048" total="13041664" percent="0">
    <mem type="tenure" free="130048" total="13041664" percent="0">
      <mem type="soa" free="0" total="12911616" percent="0" />
      <mem type="loa" free="130048" total="130048" percent="100" />
    </mem>
  </mem-info>
</gc-start>
<allocation-stats totalBytes="4579048" >
  <allocated-bytes non-tlh="0" tlh="4579048" />
  <largest-consumer threadName="node-8" threadId="0000000000C5B300" bytes="293224" />
</allocation-stats>
<gc-op id="1019" type="mark" timems="4.023" contextid="1016" timestamp="2019-08-04T20:35:09.302">
  <trace-info objectcount="143803" scancount="134253" scanbytes="5278092" />
  <finalization candidates="18" enqueued="0" />
  <references type="soft" candidates="45" cleared="0" enqueued="0" dynamicThreshold="11" maxThreshold="32" />
  <references type="weak" candidates="165" cleared="0" enqueued="0" />
  <references type="phantom" candidates="57" cleared="0" enqueued="0" />
  <stringconstants candidates="3824" cleared="0"  />
</gc-op>
<gc-op id="1020" type="sweep" timems="3.163" contextid="1016" timestamp="2019-08-04T20:35:09.305" />
<gc-end id="1021" type="global" contextid="1016" durationms="7.280" usertimems="17.186" systemtimems="0.000" timestamp="2019-08-04T20:35:09.305" activeThreads="6">
  <mem-info id="1022" free="4704000" total="13041664" percent="36">
    <mem type="tenure" free="4704000" total="13041664" percent="36" micro-fragmented="1463191">
      <mem type="soa" free="4573952" total="12911616" percent="35" />
      <mem type="loa" free="130048" total="130048" percent="100" />
    </mem>
  </mem-info>
</gc-end>
<cycle-end id="1023" type="global" contextid="1016" timestamp="2019-08-04T20:35:09.305">
  <attribute name="GC Util" value="70" />
  <attribute name="CPU Util" value="10140761021244" />
  <attribute name="Time Running"value="49549"/>
  <attribute name="Number of cores"value="16"/>
</cycle-end>
<allocation-satisfied id="1024" threadId="0000000000C6DF00" bytesRequested="16" />
<af-end id="1025" timestamp="2019-08-04T20:35:09.305" threadId="0000000000C6E888" success="true" />
<exclusive-end id="1026" timestamp="2019-08-04T20:35:09.305" durationms="7.610" />

<concurrent-kickoff id="1027" timestamp="2019-08-04T20:35:10.179">
  <kickoff reason="threshold reached" targetBytes="3957116" thresholdFreeBytes="535412" remainingFree="522864" tenureFreeBytes="522864" />
</concurrent-kickoff>
<exclusive-start id="1028" timestamp="2019-08-04T20:35:10.180" intervalms="882.519">
  <response-info timems="1.002" idlems="0.629" threads="1" lastid="0000000000C71B00" lastname="node-5" />
</exclusive-start>
<cycle-start id="1029" type="global" contextid="0" timestamp="2019-08-04T20:35:10.180" intervalms="882.380" />
  <attribute name="GC Util" value="70" />
  <attribute name="CPU Util" value="10140761021244" />
  <attribute name="Time Running"value="49549"/>
  <attribute name="Number of cores"value="16"/>
<exclusive-end id="1030" timestamp="2019-08-04T20:35:10.180" durationms="0.047" />

<exclusive-start id="1031" timestamp="2019-08-04T20:35:10.189" intervalms="8.784">
  <response-info timems="0.288" idlems="0.146" threads="1" lastid="0000000000C84600" lastname="node-12" />
</exclusive-start>
<af-start id="1032" threadId="0000000000CA2E88" totalBytesRequested="24" timestamp="2019-08-04T20:35:10.189" intervalms="891.299" />
<gc-start id="1033" type="global" contextid="1029" timestamp="2019-08-04T20:35:10.189">
  <mem-info id="1034" free="130048" total="13041664" percent="0">
    <mem type="tenure" free="130048" total="13041664" percent="0">
      <mem type="soa" free="0" total="12911616" percent="0" />
      <mem type="loa" free="130048" total="130048" percent="100" />
    </mem>
  </mem-info>
</gc-start>
<allocation-stats totalBytes="4561768" >
  <allocated-bytes non-tlh="0" tlh="4561768" />
  <largest-consumer threadName="node-5" threadId="0000000000C71B00" bytes="282512" />
</allocation-stats>
<concurrent-halted id="1035" timestamp="2019-08-04T20:35:10.189">
  <halted state="Class scanning incomplete" status="clean trace" />
  <traced bytesTarget="3957116" bytesTotal="3334544" bytesByMutator="548396" bytesByHelper="2786148" percent="84" />
  <cards cleaned="136" thresholdBytes="210919" />
</concurrent-halted>
<gc-op id="1036" type="card-cleaning" timems="0.564" contextid="1029" timestamp="2019-08-04T20:35:10.189">
  <card-cleaning cardsCleaned="71" bytesTraced="60300" workStackOverflowCount="0" />
</gc-op>
<gc-op id="1037" type="mark" timems="2.036" contextid="1029" timestamp="2019-08-04T20:35:10.191">
  <trace-info objectcount="37263" scancount="39539" scanbytes="1949192" />
  <finalization candidates="18" enqueued="0" />
  <references type="soft" candidates="45" cleared="0" enqueued="0" dynamicThreshold="11" maxThreshold="32" />
  <references type="weak" candidates="165" cleared="0" enqueued="0" />
  <references type="phantom" candidates="57" cleared="0" enqueued="0" />
  <stringconstants candidates="3824" cleared="0"  />
</gc-op>
<gc-op id="1038" type="sweep" timems="1.039" contextid="1029" timestamp="2019-08-04T20:35:10.192" />
<gc-end id="1039" type="global" contextid="1029" durationms="3.764" usertimems="4.965" systemtimems="3.417" timestamp="2019-08-04T20:35:10.192" activeThreads="6">
  <mem-info id="1040" free="4712936" total="13041664" percent="36">
    <mem type="tenure" free="4712936" total="13041664" percent="36" micro-fragmented="1463191">
      <mem type="soa" free="4582888" total="12911616" percent="35" />
      <mem type="loa" free="130048" total="130048" percent="100" />
    </mem>
  </mem-info>
</gc-end>
<cycle-end id="1041" type="global" contextid="1029" timestamp="2019-08-04T20:35:10.193">
  <attribute name="GC Util" value="57" />
  <attribute name="CPU Util" value="28670857975063" />
  <attribute name="Time Running"value="50438"/>
  <attribute name="Number of cores"value="16"/>
</cycle-end>
<allocation-satisfied id="1042" threadId="0000000000CA2500" bytesRequested="24" />
<af-end id="1043" timestamp="2019-08-04T20:35:10.193" threadId="0000000000CA2E88" success="true" />
<exclusive-end id="1044" timestamp="2019-08-04T20:35:10.193" durationms="4.077" />

<concurrent-kickoff id="1045" timestamp="2019-08-04T20:35:11.000">
  <kickoff reason="threshold reached" targetBytes="3394844" thresholdFreeBytes="468096" remainingFree="421320" tenureFreeBytes="421320" />
</concurrent-kickoff>
<exclusive-start id="1046" timestamp="2019-08-04T20:35:11.001" intervalms="812.310">
  <response-info timems="0.469" idlems="0.293" threads="1" lastid="0000000000C4FF00" lastname="node-4" />
</exclusive-start>
<cycle-start id="1047" type="global" contextid="0" timestamp="2019-08-04T20:35:11.001" intervalms="821.087" />
  <attribute name="GC Util" value="57" />
  <attribute name="CPU Util" value="28670857975063" />
  <attribute name="Time Running"value="50438"/>
  <attribute name="Number of cores"value="16"/>
<exclusive-end id="1048" timestamp="2019-08-04T20:35:11.001" durationms="0.042" />

<exclusive-start id="1049" timestamp="2019-08-04T20:35:11.017" intervalms="15.603">
  <response-info timems="0.555" idlems="0.555" threads="0" lastid="0000000000C7CE00" lastname="node-24" />
</exclusive-start>
<af-start id="1050" threadId="0000000000C7D788" totalBytesRequested="32" timestamp="2019-08-04T20:35:11.017" intervalms="827.916" />
<gc-start id="1051" type="global" contextid="1047" timestamp="2019-08-04T20:35:11.017">
  <mem-info id="1052" free="130048" total="13041664" percent="0">
    <mem type="tenure" free="130048" total="13041664" percent="0">
      <mem type="soa" free="0" total="12911616" percent="0" />
      <mem type="loa" free="130048" total="130048" percent="100" />
    </mem>
  </mem-info>
</gc-start>
<allocation-stats totalBytes="4575800" >
  <allocated-bytes non-tlh="1000" tlh="4574800" />
  <largest-consumer threadName="node-11" threadId="0000000000C8FA00" bytes="297152" />
</allocation-stats>
<concurrent-halted id="1053" timestamp="2019-08-04T20:35:11.017">
  <halted state="Complete" status="exhausted" />
  <traced bytesTarget="3394844" bytesTotal="3264280" bytesByMutator="817868" bytesByHelper="2446412" percent="96" />
  <cards cleaned="157" thresholdBytes="184401" />
</concurrent-halted>
<gc-op id="1054" type="card-cleaning" timems="0.844" contextid="1047" timestamp="2019-08-04T20:35:11.018">
  <card-cleaning cardsCleaned="131" bytesTraced="430332" workStackOverflowCount="0" />
</gc-op>
<gc-op id="1055" type="mark" timems="1.849" contextid="1047" timestamp="2019-08-04T20:35:11.019">
  <trace-info objectcount="31547" scancount="33922" scanbytes="1645680" />
  <finalization candidates="18" enqueued="0" />
  <references type="soft" candidates="45" cleared="0" enqueued="0" dynamicThreshold="11" maxThreshold="32" />
  <references type="weak" candidates="165" cleared="0" enqueued="0" />
  <references type="phantom" candidates="57" cleared="0" enqueued="0" />
  <stringconstants candidates="3824" cleared="0"  />
</gc-op>
<gc-op id="1056" type="sweep" timems="0.981" contextid="1047" timestamp="2019-08-04T20:35:11.020" />
<gc-end id="1057" type="global" contextid="1047" durationms="3.801" usertimems="7.848" systemtimems="1.545" timestamp="2019-08-04T20:35:11.020" activeThreads="6">
  <mem-info id="1058" free="4713240" total="13041664" percent="36">
    <mem type="tenure" free="4713240" total="13041664" percent="36" micro-fragmented="1463191">
      <mem type="soa" free="4583192" total="12911616" percent="35" />
      <mem type="loa" free="130048" total="130048" percent="100" />
    </mem>
  </mem-info>
</gc-end>
<cycle-end id="1059" type="global" contextid="1047" timestamp="2019-08-04T20:35:11.020">
  <attribute name="GC Util" value="67" />
  <attribute name="CPU Util" value="28730068805138" />
  <attribute name="Time Running"value="51266"/>
  <attribute name="Number of cores"value="16"/>
</cycle-end>
<allocation-satisfied id="1060" threadId="0000000000C7CE00" bytesRequested="32" />
<af-end id="1061" timestamp="2019-08-04T20:35:11.021" threadId="0000000000C7D788" success="true" />
<exclusive-end id="1062" timestamp="2019-08-04T20:35:11.021" durationms="3.946" />

<concurrent-kickoff id="1063" timestamp="2019-08-04T20:35:11.898">
  <kickoff reason="threshold reached" targetBytes="3367705" thresholdFreeBytes="464938" remainingFree="439632" tenureFreeBytes="439632" />
</concurrent-kickoff>
<exclusive-start id="1064" timestamp="2019-08-04T20:35:11.899" intervalms="882.087">
  <response-info timems="0.073" idlems="0.073" threads="0" lastid="0000000000C4FF00" lastname="node-4" />
</exclusive-start>
<cycle-start id="1065" type="global" contextid="0" timestamp="2019-08-04T20:35:11.899" intervalms="897.669" />
  <attribute name="GC Util" value="67" />
  <attribute name="CPU Util" value="28730068805138" />
  <attribute name="Time Running"value="51266"/>
  <attribute name="Number of cores"value="16"/>
<exclusive-end id="1066" timestamp="2019-08-04T20:35:11.899" durationms="0.018" />

<exclusive-start id="1067" timestamp="2019-08-04T20:35:11.904" intervalms="5.329">
  <response-info timems="0.037" idlems="0.037" threads="0" lastid="0000000000C5B300" lastname="node-8" />
</exclusive-start>
<af-start id="1068" threadId="0000000000C5BC88" totalBytesRequested="32" timestamp="2019-08-04T20:35:11.904" intervalms="887.408" />
<gc-start id="1069" type="global" contextid="1065" timestamp="2019-08-04T20:35:11.904">
  <mem-info id="1070" free="130048" total="13041664" percent="0">
    <mem type="tenure" free="130048" total="13041664" percent="0">
      <mem type="soa" free="0" total="12911616" percent="0" />
      <mem type="loa" free="130048" total="130048" percent="100" />
    </mem>
  </mem-info>
</gc-start>
<allocation-stats totalBytes="4573504" >
  <allocated-bytes non-tlh="0" tlh="4573504" />
  <largest-consumer threadName="node-19" threadId="0000000000C8BE00" bytes="297648" />
</allocation-stats>
<concurrent-halted id="1071" timestamp="2019-08-04T20:35:11.904">
  <halted state="Class scanning incomplete" status="clean trace" />
  <traced bytesTarget="3367705" bytesTotal="2378064" bytesByMutator="672636" bytesByHelper="1705428" percent="70" />
  <cards cleaned="0" thresholdBytes="183157" />
</concurrent-halted>
<gc-op id="1072" type="tracing" timems="2.246" contextid="1065" timestamp="2019-08-04T20:35:11.906">
  <trace bytesTraced="1876336" workStackOverflowCount="0" />
</gc-op>
<gc-op id="1073" type="card-cleaning" timems="0.871" contextid="1065" timestamp="2019-08-04T20:35:11.907">
  <card-cleaning cardsCleaned="155" bytesTraced="109632" workStackOverflowCount="0" />
</gc-op>
<gc-op id="1074" type="mark" timems="1.397" contextid="1065" timestamp="2019-08-04T20:35:11.909">
  <trace-info objectcount="20819" scancount="21778" scanbytes="1000308" />
  <finalization candidates="18" enqueued="0" />
  <references type="soft" candidates="45" cleared="0" enqueued="0" dynamicThreshold="11" maxThreshold="32" />
  <references type="weak" candidates="165" cleared="0" enqueued="0" />
  <references type="phantom" candidates="57" cleared="0" enqueued="0" />
  <stringconstants candidates="3824" cleared="0"  />
</gc-op>
<gc-op id="1075" type="sweep" timems="0.894" contextid="1065" timestamp="2019-08-04T20:35:11.910" />
<gc-end id="1076" type="global" contextid="1065" durationms="5.552" usertimems="3.819" systemtimems="6.015" timestamp="2019-08-04T20:35:11.910" activeThreads="6">
  <mem-info id="1077" free="4711096" total="13041664" percent="36">
    <mem type="tenure" free="4711096" total="13041664" percent="36" micro-fragmented="1463191">
      <mem type="soa" free="4581048" total="12911616" percent="35" />
      <mem type="loa" free="130048" total="130048" percent="100" />
    </mem>
  </mem-info>
</gc-end>
<cycle-end id="1078" type="global" contextid="1065" timestamp="2019-08-04T20:35:11.910">
  <attribute name="GC Util" value="62" />
  <attribute name="CPU Util" value="33377441566328" />
  <attribute name="Time Running"value="52155"/>
  <attribute name="Number of cores"value="16"/>
</cycle-end>
<allocation-satisfied id="1079" threadId="0000000000C5B300" bytesRequested="32" />
<af-end id="1080" timestamp="2019-08-04T20:35:11.910" threadId="0000000000C5BC88" success="true" />
<exclusive-end id="1081" timestamp="2019-08-04T20:35:11.910" durationms="5.696" />

<concurrent-kickoff id="1082" timestamp="2019-08-04T20:35:13.082">
  <kickoff reason="threshold reached" targetBytes="4364032" thresholdFreeBytes="601174" remainingFree="536184" tenureFreeBytes="536184" />
</concurrent-kickoff>
<exclusive-start id="1083" timestamp="2019-08-04T20:35:13.082" intervalms="1178.001">
  <response-info timems="0.141" idlems="0.141" threads="0" lastid="0000000000CA9D00" lastname="node-25" />
</exclusive-start>
<cycle-start id="1084" type="global" contextid="0" timestamp="2019-08-04T20:35:13.082" intervalms="1183.329" />
  <attribute name="GC Util" value="62" />
  <attribute name="CPU Util" value="33377441566328" />
  <attribute name="Time Running"value="52155"/>
  <attribute name="Number of cores"value="16"/>
<exclusive-end id="1085" timestamp="2019-08-04T20:35:13.082" durationms="0.014" />

<exclusive-start id="1086" timestamp="2019-08-04T20:35:13.097" intervalms="15.498">
  <response-info timems="0.056" idlems="0.056" threads="0" lastid="0000000000C97200" lastname="node-0" />
</exclusive-start>
<af-start id="1087" threadId="0000000000C97B88" totalBytesRequested="24" timestamp="2019-08-04T20:35:13.098" intervalms="1193.503" />
<gc-start id="1088" type="global" contextid="1084" timestamp="2019-08-04T20:35:13.098">
  <mem-info id="1089" free="130048" total="13041664" percent="0">
    <mem type="tenure" free="130048" total="13041664" percent="0">
      <mem type="soa" free="0" total="12911616" percent="0" />
      <mem type="loa" free="130048" total="130048" percent="100" />
    </mem>
  </mem-info>
</gc-start>
<allocation-stats totalBytes="4573960" >
  <allocated-bytes non-tlh="0" tlh="4573960" />
  <largest-consumer threadName="node-25" threadId="0000000000CA9D00" bytes="267192" />
</allocation-stats>
<concurrent-halted id="1090" timestamp="2019-08-04T20:35:13.098">
  <halted state="Complete" status="clean trace" />
  <traced bytesTarget="4364032" bytesTotal="3325508" bytesByMutator="293608" bytesByHelper="3031900" percent="76" />
  <cards cleaned="142" thresholdBytes="236826" />
</concurrent-halted>
<gc-op id="1091" type="card-cleaning" timems="0.684" contextid="1084" timestamp="2019-08-04T20:35:13.098">
  <card-cleaning cardsCleaned="105" bytesTraced="109896" workStackOverflowCount="0" />
</gc-op>
<gc-op id="1092" type="mark" timems="2.493" contextid="1084" timestamp="2019-08-04T20:35:13.101">
  <trace-info objectcount="37962" scancount="40190" scanbytes="1925436" />
  <finalization candidates="18" enqueued="0" />
  <references type="soft" candidates="45" cleared="0" enqueued="0" dynamicThreshold="11" maxThreshold="32" />
  <references type="weak" candidates="165" cleared="0" enqueued="0" />
  <references type="phantom" candidates="57" cleared="0" enqueued="0" />
  <stringconstants candidates="3824" cleared="0"  />
</gc-op>
<gc-op id="1093" type="sweep" timems="0.995" contextid="1084" timestamp="2019-08-04T20:35:13.102" />
<gc-end id="1094" type="global" contextid="1084" durationms="4.320" usertimems="7.671" systemtimems="2.207" timestamp="2019-08-04T20:35:13.102" activeThreads="6">
  <mem-info id="1095" free="4721968" total="13041664" percent="36">
    <mem type="tenure" free="4721968" total="13041664" percent="36" micro-fragmented="1463191">
      <mem type="soa" free="4591920" total="12911616" percent="35" />
      <mem type="loa" free="130048" total="130048" percent="100" />
    </mem>
  </mem-info>
</gc-end>
<cycle-end id="1096" type="global" contextid="1084" timestamp="2019-08-04T20:35:13.102">
  <attribute name="GC Util" value="79" />
  <attribute name="CPU Util" value="27553509556634" />
  <attribute name="Time Running"value="53347"/>
  <attribute name="Number of cores"value="16"/>
</cycle-end>
<allocation-satisfied id="1097" threadId="0000000000C97200" bytesRequested="24" />
<af-end id="1098" timestamp="2019-08-04T20:35:13.102" threadId="0000000000C97B88" success="true" />
<exclusive-end id="1099" timestamp="2019-08-04T20:35:13.102" durationms="4.544" />

<concurrent-kickoff id="1100" timestamp="2019-08-04T20:35:13.812">
  <kickoff reason="threshold reached" targetBytes="3435404" thresholdFreeBytes="474052" remainingFree="440680" tenureFreeBytes="440680" />
</concurrent-kickoff>
<exclusive-start id="1101" timestamp="2019-08-04T20:35:13.812" intervalms="714.834">
  <response-info timems="0.027" idlems="0.027" threads="0" lastid="0000000000C6DF00" lastname="node-15" />
</exclusive-start>
<cycle-start id="1102" type="global" contextid="0" timestamp="2019-08-04T20:35:13.812" intervalms="730.343" />
  <attribute name="GC Util" value="79" />
  <attribute name="CPU Util" value="27553509556634" />
  <attribute name="Time Running"value="53347"/>
  <attribute name="Number of cores"value="16"/>
<exclusive-end id="1103" timestamp="2019-08-04T20:35:13.812" durationms="0.026" />

<exclusive-start id="1104" timestamp="2019-08-04T20:35:13.822" intervalms="10.105">
  <response-info timems="0.523" idlems="0.523" threads="0" lastid="0000000000C7CE00" lastname="node-24" />
</exclusive-start>
<af-start id="1105" threadId="0000000000C7D788" totalBytesRequested="16" timestamp="2019-08-04T20:35:13.823" intervalms="724.989" />
<gc-start id="1106" type="global" contextid="1102" timestamp="2019-08-04T20:35:13.823">
  <mem-info id="1107" free="130048" total="13041664" percent="0">
    <mem type="tenure" free="130048" total="13041664" percent="0">
      <mem type="soa" free="0" total="12911616" percent="0" />
      <mem type="loa" free="130048" total="130048" percent="100" />
    </mem>
  </mem-info>
</gc-start>
<allocation-stats totalBytes="4578080" >
  <allocated-bytes non-tlh="0" tlh="4578080" />
  <largest-consumer threadName="node-5" threadId="0000000000C71B00" bytes="290960" />
</allocation-stats>
<concurrent-halted id="1108" timestamp="2019-08-04T20:35:13.823">
  <halted state="Class scanning incomplete" status="clean trace" />
  <traced bytesTarget="3435404" bytesTotal="2713272" bytesByMutator="0" bytesByHelper="2713272" percent="78" />
  <cards cleaned="0" thresholdBytes="186747" />
</concurrent-halted>
<gc-op id="1109" type="tracing" timems="1.309" contextid="1102" timestamp="2019-08-04T20:35:13.824">
  <trace bytesTraced="2288096" workStackOverflowCount="0" />
</gc-op>
<gc-op id="1110" type="card-cleaning" timems="0.598" contextid="1102" timestamp="2019-08-04T20:35:13.825">
  <card-cleaning cardsCleaned="181" bytesTraced="95508" workStackOverflowCount="0" />
</gc-op>
<gc-op id="1111" type="mark" timems="1.146" contextid="1102" timestamp="2019-08-04T20:35:13.826">
  <trace-info objectcount="10810" scancount="8692" scanbytes="269500" />
  <finalization candidates="18" enqueued="0" />
  <references type="soft" candidates="45" cleared="0" enqueued="0" dynamicThreshold="11" maxThreshold="32" />
  <references type="weak" candidates="165" cleared="0" enqueued="0" />
  <references type="phantom" candidates="57" cleared="0" enqueued="0" />
  <stringconstants candidates="3824" cleared="0"  />
</gc-op>
<gc-op id="1112" type="sweep" timems="0.948" contextid="1102" timestamp="2019-08-04T20:35:13.827" />
<gc-end id="1113" type="global" contextid="1102" durationms="4.204" usertimems="8.246" systemtimems="1.900" timestamp="2019-08-04T20:35:13.827" activeThreads="6">
  <mem-info id="1114" free="4712648" total="13041664" percent="36">
    <mem type="tenure" free="4712648" total="13041664" percent="36" micro-fragmented="1468359">
      <mem type="soa" free="4582600" total="12911616" percent="35" />
      <mem type="loa" free="130048" total="130048" percent="100" />
    </mem>
  </mem-info>
</gc-end>
<cycle-end id="1115" type="global" contextid="1102" timestamp="2019-08-04T20:35:13.827">
  <attribute name="GC Util" value="66" />
  <attribute name="CPU Util" value="32521092205504" />
  <attribute name="Time Running"value="54072"/>
  <attribute name="Number of cores"value="16"/>
</cycle-end>
<allocation-satisfied id="1116" threadId="0000000000C7CE00" bytesRequested="16" />
<af-end id="1117" timestamp="2019-08-04T20:35:13.827" threadId="0000000000C7D788" success="true" />
<exclusive-end id="1118" timestamp="2019-08-04T20:35:13.827" durationms="4.460" />

<concurrent-kickoff id="1119" timestamp="2019-08-04T20:35:14.610">
  <kickoff reason="threshold reached" targetBytes="5096876" thresholdFreeBytes="701531" remainingFree="699632" tenureFreeBytes="699632" />
</concurrent-kickoff>
<exclusive-start id="1120" timestamp="2019-08-04T20:35:14.611" intervalms="789.005">
  <response-info timems="1.378" idlems="0.921" threads="2" lastid="0000000000C6DF00" lastname="node-15" />
</exclusive-start>
<cycle-start id="1121" type="global" contextid="0" timestamp="2019-08-04T20:35:14.611" intervalms="799.114" />
  <attribute name="GC Util" value="66" />
  <attribute name="CPU Util" value="32521092205504" />
  <attribute name="Time Running"value="54072"/>
  <attribute name="Number of cores"value="16"/>
<exclusive-end id="1122" timestamp="2019-08-04T20:35:14.611" durationms="0.049" />

<exclusive-start id="1123" timestamp="2019-08-04T20:35:14.641" intervalms="29.122">
  <response-info timems="0.024" idlems="0.024" threads="0" lastid="0000000000C4C400" lastname="node-10" />
</exclusive-start>
<af-start id="1124" threadId="0000000000C4CD88" totalBytesRequested="32" timestamp="2019-08-04T20:35:14.641" intervalms="818.124" />
<gc-start id="1125" type="global" contextid="1121" timestamp="2019-08-04T20:35:14.641">
  <mem-info id="1126" free="130048" total="13041664" percent="0">
    <mem type="tenure" free="130048" total="13041664" percent="0">
      <mem type="soa" free="0" total="12911616" percent="0" />
      <mem type="loa" free="130048" total="130048" percent="100" />
    </mem>
  </mem-info>
</gc-start>
<allocation-stats totalBytes="4571904" >
  <allocated-bytes non-tlh="0" tlh="4571904" />
  <largest-consumer threadName="node-3" threadId="0000000000C9E900" bytes="297728" />
</allocation-stats>
<concurrent-halted id="1127" timestamp="2019-08-04T20:35:14.641">
  <halted state="Complete" status="trace only" />
  <traced bytesTarget="5096876" bytesTotal="2936572" bytesByMutator="178028" bytesByHelper="2758544" percent="57" />
  <cards cleaned="0" thresholdBytes="276360" />
</concurrent-halted>
<gc-op id="1128" type="card-cleaning" timems="0.866" contextid="1121" timestamp="2019-08-04T20:35:14.642">
  <card-cleaning cardsCleaned="264" bytesTraced="718408" workStackOverflowCount="0" />
</gc-op>
<gc-op id="1129" type="mark" timems="2.689" contextid="1121" timestamp="2019-08-04T20:35:14.644">
  <trace-info objectcount="37693" scancount="36921" scanbytes="1676628" />
  <finalization candidates="18" enqueued="0" />
  <references type="soft" candidates="45" cleared="0" enqueued="0" dynamicThreshold="11" maxThreshold="32" />
  <references type="weak" candidates="165" cleared="0" enqueued="0" />
  <references type="phantom" candidates="57" cleared="0" enqueued="0" />
  <stringconstants candidates="3824" cleared="0"  />
</gc-op>
<gc-op id="1130" type="sweep" timems="1.042" contextid="1121" timestamp="2019-08-04T20:35:14.645" />
<gc-end id="1131" type="global" contextid="1121" durationms="4.818" usertimems="7.853" systemtimems="3.845" timestamp="2019-08-04T20:35:14.646" activeThreads="6">
  <mem-info id="1132" free="4701192" total="13041664" percent="36">
    <mem type="tenure" free="4701192" total="13041664" percent="36" micro-fragmented="1463191">
      <mem type="soa" free="4571144" total="12911616" percent="35" />
      <mem type="loa" free="130048" total="130048" percent="100" />
    </mem>
  </mem-info>
</gc-end>
<cycle-end id="1133" type="global" contextid="1121" timestamp="2019-08-04T20:35:14.646">
  <attribute name="GC Util" value="81" />
  <attribute name="CPU Util" value="28946239940225" />
  <attribute name="Time Running"value="54891"/>
  <attribute name="Number of cores"value="16"/>
</cycle-end>
<allocation-satisfied id="1134" threadId="0000000000C4C400" bytesRequested="32" />
<af-end id="1135" timestamp="2019-08-04T20:35:14.646" threadId="0000000000C4CD88" success="true" />
<exclusive-end id="1136" timestamp="2019-08-04T20:35:14.646" durationms="5.073" />

<concurrent-kickoff id="1137" timestamp="2019-08-04T20:35:15.666">
  <kickoff reason="threshold reached" targetBytes="3768010" thresholdFreeBytes="509224" remainingFree="439216" tenureFreeBytes="439216" />
</concurrent-kickoff>
<exclusive-start id="1138" timestamp="2019-08-04T20:35:15.666" intervalms="1025.853">
  <response-info timems="0.514" idlems="0.514" threads="0" lastid="0000000000C62B00" lastname="node-2" />
</exclusive-start>
<cycle-start id="1139" type="global" contextid="0" timestamp="2019-08-04T20:35:15.666" intervalms="1054.970" />
  <attribute name="GC Util" value="81" />
  <attribute name="CPU Util" value="28946239940225" />
  <attribute name="Time Running"value="54891"/>
  <attribute name="Number of cores"value="16"/>
<exclusive-end id="1140" timestamp="2019-08-04T20:35:15.666" durationms="0.027" />

<exclusive-start id="1141" timestamp="2019-08-04T20:35:15.673" intervalms="6.522">
  <response-info timems="0.019" idlems="0.019" threads="0" lastid="0000000000C71B00" lastname="node-5" />
</exclusive-start>
<af-start id="1142" threadId="0000000000C72488" totalBytesRequested="32" timestamp="2019-08-04T20:35:15.673" intervalms="1032.318" />
<gc-start id="1143" type="global" contextid="1139" timestamp="2019-08-04T20:35:15.673">
  <mem-info id="1144" free="130048" total="13041664" percent="0">
    <mem type="tenure" free="130048" total="13041664" percent="0">
      <mem type="soa" free="0" total="12911616" percent="0" />
      <mem type="loa" free="130048" total="130048" percent="100" />
    </mem>
  </mem-info>
</gc-start>
<allocation-stats totalBytes="4557880" >
  <allocated-bytes non-tlh="0" tlh="4557880" />
  <largest-consumer threadName="node-24" threadId="0000000000C7CE00" bytes="282128" />
</allocation-stats>
<concurrent-halted id="1145" timestamp="2019-08-04T20:35:15.673">
  <halted state="Tracing incomplete" status="clean trace" />
  <traced bytesTarget="3768010" bytesTotal="2806592" bytesByMutator="186324" bytesByHelper="2620268" percent="74" />
  <cards cleaned="84" thresholdBytes="200603" />
</concurrent-halted>
<gc-op id="1146" type="tracing" timems="1.283" contextid="1139" timestamp="2019-08-04T20:35:15.674">
  <trace bytesTraced="1242172" workStackOverflowCount="0" />
</gc-op>
<gc-op id="1147" type="card-cleaning" timems="0.498" contextid="1139" timestamp="2019-08-04T20:35:15.675">
  <card-cleaning cardsCleaned="120" bytesTraced="82844" workStackOverflowCount="0" />
</gc-op>
<gc-op id="1148" type="mark" timems="2.264" contextid="1139" timestamp="2019-08-04T20:35:15.677">
  <trace-info objectcount="25210" scancount="26934" scanbytes="1263796" />
  <finalization candidates="18" enqueued="0" />
  <references type="soft" candidates="45" cleared="0" enqueued="0" dynamicThreshold="11" maxThreshold="32" />
  <references type="weak" candidates="165" cleared="0" enqueued="0" />
  <references type="phantom" candidates="57" cleared="0" enqueued="0" />
  <stringconstants candidates="3824" cleared="0"  />
</gc-op>
<gc-op id="1149" type="sweep" timems="0.939" contextid="1139" timestamp="2019-08-04T20:35:15.678" />
<gc-end id="1150" type="global" contextid="1139" durationms="5.109" usertimems="4.674" systemtimems="3.905" timestamp="2019-08-04T20:35:15.678" activeThreads="6">
  <mem-info id="1151" free="4719872" total="13041664" percent="36">
    <mem type="tenure" free="4719872" total="13041664" percent="36" micro-fragmented="1485511">
      <mem type="soa" free="4589824" total="12911616" percent="35" />
      <mem type="loa" free="130048" total="130048" percent="100" />
    </mem>
  </mem-info>
</gc-end>
<cycle-end id="1152" type="global" contextid="1139" timestamp="2019-08-04T20:35:15.678">
  <attribute name="GC Util" value="35" />
  <attribute name="CPU Util" value="31948333290196" />
  <attribute name="Time Running"value="55923"/>
  <attribute name="Number of cores"value="16"/>
</cycle-end>
<allocation-satisfied id="1153" threadId="0000000000C71B00" bytesRequested="32" />
<af-end id="1154" timestamp="2019-08-04T20:35:15.678" threadId="0000000000C72488" success="true" />
<exclusive-end id="1155" timestamp="2019-08-04T20:35:15.678" durationms="5.255" />

<concurrent-kickoff id="1156" timestamp="2019-08-04T20:35:17.581">
  <kickoff reason="threshold reached" targetBytes="4131608" thresholdFreeBytes="569708" remainingFree="535456" tenureFreeBytes="535456" />
</concurrent-kickoff>
<exclusive-start id="1157" timestamp="2019-08-04T20:35:17.581" intervalms="1908.394">
  <response-info timems="0.418" idlems="0.221" threads="1" lastid="0000000000C7CE00" lastname="node-24" />
</exclusive-start>
<cycle-start id="1158" type="global" contextid="0" timestamp="2019-08-04T20:35:17.581" intervalms="1914.916" />
  <attribute name="GC Util" value="35" />
  <attribute name="CPU Util" value="31948333290196" />
  <attribute name="Time Running"value="55923"/>
  <attribute name="Number of cores"value="16"/>
<exclusive-end id="1159" timestamp="2019-08-04T20:35:17.581" durationms="0.027" />

<exclusive-start id="1160" timestamp="2019-08-04T20:35:17.586" intervalms="4.214">
  <response-info timems="3.015" idlems="3.015" threads="0" lastid="0000000000CA6100" lastname="node-21" />
</exclusive-start>
<af-start id="1161" threadId="0000000000CA6A88" totalBytesRequested="368" timestamp="2019-08-04T20:35:17.586" intervalms="1912.616" />
<gc-start id="1162" type="global" contextid="1158" timestamp="2019-08-04T20:35:17.586">
  <mem-info id="1163" free="130048" total="13041664" percent="0">
    <mem type="tenure" free="130048" total="13041664" percent="0">
      <mem type="soa" free="0" total="12911616" percent="0" />
      <mem type="loa" free="130048" total="130048" percent="100" />
    </mem>
  </mem-info>
</gc-start>
<allocation-stats totalBytes="4576968" >
  <allocated-bytes non-tlh="10000" tlh="4566968" />
  <largest-consumer threadName="node-19" threadId="0000000000C8BE00" bytes="267640" />
</allocation-stats>
<concurrent-halted id="1164" timestamp="2019-08-04T20:35:17.586">
  <halted state="Class scanning incomplete" status="clean trace" />
  <traced bytesTarget="4131608" bytesTotal="2051348" bytesByMutator="1096784" bytesByHelper="954564" percent="49" />
  <cards cleaned="47" thresholdBytes="224430" />
</concurrent-halted>
<gc-op id="1165" type="tracing" timems="1.861" contextid="1158" timestamp="2019-08-04T20:35:17.588">
  <trace bytesTraced="1912832" workStackOverflowCount="0" />
</gc-op>
<gc-op id="1166" type="card-cleaning" timems="0.601" contextid="1158" timestamp="2019-08-04T20:35:17.588">
  <card-cleaning cardsCleaned="54" bytesTraced="8400" workStackOverflowCount="0" />
</gc-op>
<gc-op id="1167" type="mark" timems="1.654" contextid="1158" timestamp="2019-08-04T20:35:17.590">
  <trace-info objectcount="25233" scancount="26405" scanbytes="1319760" />
  <finalization candidates="18" enqueued="0" />
  <references type="soft" candidates="45" cleared="0" enqueued="0" dynamicThreshold="11" maxThreshold="32" />
  <references type="weak" candidates="165" cleared="0" enqueued="0" />
  <references type="phantom" candidates="57" cleared="0" enqueued="0" />
  <stringconstants candidates="3824" cleared="0"  />
</gc-op>
<gc-op id="1168" type="sweep" timems="1.694" contextid="1158" timestamp="2019-08-04T20:35:17.592" />
<gc-end id="1169" type="global" contextid="1158" durationms="5.990" usertimems="8.500" systemtimems="4.968" timestamp="2019-08-04T20:35:17.592" activeThreads="6">
  <mem-info id="1170" free="4719088" total="13041664" percent="36">
    <mem type="tenure" free="4719088" total="13041664" percent="36" micro-fragmented="1463191">
      <mem type="soa" free="4589040" total="12911616" percent="35" />
      <mem type="loa" free="130048" total="130048" percent="100" />
    </mem>
  </mem-info>
</gc-end>
<cycle-end id="1171" type="global" contextid="1158" timestamp="2019-08-04T20:35:17.592">
  <attribute name="GC Util" value="68" />
  <attribute name="CPU Util" value="18668979534706" />
  <attribute name="Time Running"value="57837"/>
  <attribute name="Number of cores"value="16"/>
</cycle-end>
<allocation-satisfied id="1172" threadId="0000000000CA6100" bytesRequested="368" />
<af-end id="1173" timestamp="2019-08-04T20:35:17.592" threadId="0000000000CA6A88" success="true" />
<exclusive-end id="1174" timestamp="2019-08-04T20:35:17.592" durationms="6.269" />

<concurrent-kickoff id="1175" timestamp="2019-08-04T20:35:18.640">
  <kickoff reason="threshold reached" targetBytes="3972580" thresholdFreeBytes="548384" remainingFree="537288" tenureFreeBytes="537288" />
</concurrent-kickoff>
<exclusive-start id="1176" timestamp="2019-08-04T20:35:18.640" intervalms="1054.314">
  <response-info timems="0.187" idlems="0.097" threads="1" lastid="0000000000C57700" lastname="node-1" />
</exclusive-start>
<cycle-start id="1177" type="global" contextid="0" timestamp="2019-08-04T20:35:18.640" intervalms="1058.525" />
  <attribute name="GC Util" value="68" />
  <attribute name="CPU Util" value="18668979534706" />
  <attribute name="Time Running"value="57837"/>
  <attribute name="Number of cores"value="16"/>
<exclusive-end id="1178" timestamp="2019-08-04T20:35:18.640" durationms="0.022" />

<exclusive-start id="1179" timestamp="2019-08-04T20:35:18.657" intervalms="17.603">
  <response-info timems="0.589" idlems="0.589" threads="0" lastid="0000000000C88200" lastname="node-16" />
</exclusive-start>
<af-start id="1180" threadId="0000000000C88B88" totalBytesRequested="32" timestamp="2019-08-04T20:35:18.657" intervalms="1071.911" />
<gc-start id="1181" type="global" contextid="1177" timestamp="2019-08-04T20:35:18.658">
  <mem-info id="1182" free="130048" total="13041664" percent="0">
    <mem type="tenure" free="130048" total="13041664" percent="0">
      <mem type="soa" free="0" total="12911616" percent="0" />
      <mem type="loa" free="130048" total="130048" percent="100" />
    </mem>
  </mem-info>
</gc-start>
<allocation-stats totalBytes="4579288" >
  <allocated-bytes non-tlh="0" tlh="4579288" />
  <largest-consumer threadName="node-7" threadId="0000000000C66700" bytes="276616" />
</allocation-stats>
<concurrent-halted id="1183" timestamp="2019-08-04T20:35:18.658">
  <halted state="Complete" status="exhausted" />
  <traced bytesTarget="3972580" bytesTotal="3327540" bytesByMutator="603492" bytesByHelper="2724048" percent="83" />
  <cards cleaned="166" thresholdBytes="216030" />
</concurrent-halted>
<gc-op id="1184" type="card-cleaning" timems="0.527" contextid="1177" timestamp="2019-08-04T20:35:18.658">
  <card-cleaning cardsCleaned="128" bytesTraced="116032" workStackOverflowCount="0" />
</gc-op>
<gc-op id="1185" type="mark" timems="2.014" contextid="1177" timestamp="2019-08-04T20:35:18.660">
  <trace-info objectcount="37719" scancount="39989" scanbytes="1920188" />
  <finalization candidates="18" enqueued="0" />
  <references type="soft" candidates="45" cleared="0" enqueued="0" dynamicThreshold="11" maxThreshold="32" />
  <references type="weak" candidates="165" cleared="0" enqueued="0" />
  <references type="phantom" candidates="57" cleared="0" enqueued="0" />
  <stringconstants candidates="3824" cleared="0"  />
</gc-op>
<gc-op id="1186" type="sweep" timems="1.027" contextid="1177" timestamp="2019-08-04T20:35:18.661" />
<gc-end id="1187" type="global" contextid="1177" durationms="3.702" usertimems="4.253" systemtimems="5.509" timestamp="2019-08-04T20:35:18.661" activeThreads="6">
  <mem-info id="1188" free="4708648" total="13041664" percent="36">
    <mem type="tenure" free="4708648" total="13041664" percent="36" micro-fragmented="1483927">
      <mem type="soa" free="4578600" total="12911616" percent="35" />
      <mem type="loa" free="130048" total="130048" percent="100" />
    </mem>
  </mem-info>
</gc-end>
<cycle-end id="1189" type="global" contextid="1177" timestamp="2019-08-04T20:35:18.661">
  <attribute name="GC Util" value="75" />
  <attribute name="CPU Util" value="26789621513292" />
  <attribute name="Time Running"value="58906"/>
  <attribute name="Number of cores"value="16"/>
</cycle-end>
<allocation-satisfied id="1190" threadId="0000000000C88200" bytesRequested="32" />
<af-end id="1191" timestamp="2019-08-04T20:35:18.661" threadId="0000000000C88B88" success="true" />
<exclusive-end id="1192" timestamp="2019-08-04T20:35:18.661" durationms="3.839" />

<concurrent-kickoff id="1193" timestamp="2019-08-04T20:35:19.646">
  <kickoff reason="threshold reached" targetBytes="3844392" thresholdFreeBytes="531130" remainingFree="528208" tenureFreeBytes="528208" />
</concurrent-kickoff>
<exclusive-start id="1194" timestamp="2019-08-04T20:35:19.647" intervalms="989.223">
  <response-info timems="0.786" idlems="0.416" threads="1" lastid="0000000000C97200" lastname="node-0" />
</exclusive-start>
<cycle-start id="1195" type="global" contextid="0" timestamp="2019-08-04T20:35:19.647" intervalms="1006.832" />
  <attribute name="GC Util" value="75" />
  <attribute name="CPU Util" value="26789621513292" />
  <attribute name="Time Running"value="58906"/>
  <attribute name="Number of cores"value="16"/>
<exclusive-end id="1196" timestamp="2019-08-04T20:35:19.647" durationms="0.033" />

<exclusive-start id="1197" timestamp="2019-08-04T20:35:19.650" intervalms="3.072">
  <response-info timems="0.209" idlems="0.127" threads="1" lastid="0000000000C75700" lastname="node-20" />
</exclusive-start>
<af-start id="1198" threadId="0000000000CAA688" totalBytesRequested="16" timestamp="2019-08-04T20:35:19.650" intervalms="992.335" />
<gc-start id="1199" type="global" contextid="1195" timestamp="2019-08-04T20:35:19.650">
  <mem-info id="1200" free="130048" total="13041664" percent="0">
    <mem type="tenure" free="130048" total="13041664" percent="0">
      <mem type="soa" free="0" total="12911616" percent="0" />
      <mem type="loa" free="130048" total="130048" percent="100" />
    </mem>
  </mem-info>
</gc-start>
<allocation-stats totalBytes="4571720" >
  <allocated-bytes non-tlh="0" tlh="4571720" />
  <largest-consumer threadName="node-8" threadId="0000000000C5B300" bytes="280952" />
</allocation-stats>
<concurrent-halted id="1201" timestamp="2019-08-04T20:35:19.650">
  <halted state="Class scanning incomplete" status="clean trace" />
  <traced bytesTarget="3844392" bytesTotal="622120" bytesByMutator="44960" bytesByHelper="577160" percent="16" />
  <cards cleaned="0" thresholdBytes="209232" />
</concurrent-halted>
<gc-op id="1202" type="tracing" timems="2.920" contextid="1195" timestamp="2019-08-04T20:35:19.653">
  <trace bytesTraced="4481028" workStackOverflowCount="0" />
</gc-op>
<gc-op id="1203" type="card-cleaning" timems="0.446" contextid="1195" timestamp="2019-08-04T20:35:19.654">
  <card-cleaning cardsCleaned="48" bytesTraced="7176" workStackOverflowCount="0" />
</gc-op>
<gc-op id="1204" type="mark" timems="1.200" contextid="1195" timestamp="2019-08-04T20:35:19.655">
  <trace-info objectcount="4107" scancount="4433" scanbytes="170068" />
  <finalization candidates="18" enqueued="0" />
  <references type="soft" candidates="45" cleared="0" enqueued="0" dynamicThreshold="11" maxThreshold="32" />
  <references type="weak" candidates="165" cleared="0" enqueued="0" />
  <references type="phantom" candidates="57" cleared="0" enqueued="0" />
  <stringconstants candidates="3824" cleared="0"  />
</gc-op>
<gc-op id="1205" type="sweep" timems="1.139" contextid="1195" timestamp="2019-08-04T20:35:19.656" />
<gc-end id="1206" type="global" contextid="1195" durationms="6.141" usertimems="11.775" systemtimems="3.683" timestamp="2019-08-04T20:35:19.656" activeThreads="6">
  <mem-info id="1207" free="4712488" total="13041664" percent="36">
    <mem type="tenure" free="4712488" total="13041664" percent="36" micro-fragmented="1463191">
      <mem type="soa" free="4582440" total="12911616" percent="35" />
      <mem type="loa" free="130048" total="130048" percent="100" />
    </mem>
  </mem-info>
</gc-end>
<cycle-end id="1208" type="global" contextid="1195" timestamp="2019-08-04T20:35:19.656">
  <attribute name="GC Util" value="64" />
  <attribute name="CPU Util" value="26327968806455" />
  <attribute name="Time Running"value="59901"/>
  <attribute name="Number of cores"value="16"/>
</cycle-end>
<allocation-satisfied id="1209" threadId="0000000000CA9D00" bytesRequested="16" />
<af-end id="1210" timestamp="2019-08-04T20:35:19.656" threadId="0000000000CAA688" success="true" />
<exclusive-end id="1211" timestamp="2019-08-04T20:35:19.656" durationms="6.556" />

===== DaCapo 9.12-MR1 avrora PASSED in 59809 msec =====
<concurrent-kickoff id="1212" timestamp="2019-08-04T20:35:19.939">
  <kickoff reason="threshold reached" targetBytes="5110324" thresholdFreeBytes="704794" remainingFree="700784" tenureFreeBytes="700784" />
</concurrent-kickoff>
<exclusive-start id="1213" timestamp="2019-08-04T20:35:19.939" intervalms="289.033">
  <response-info timems="0.020" idlems="0.020" threads="0" lastid="0000000000968F00" lastname="main" />
</exclusive-start>
<cycle-start id="1214" type="global" contextid="0" timestamp="2019-08-04T20:35:19.939" intervalms="292.091" />
  <attribute name="GC Util" value="64" />
  <attribute name="CPU Util" value="26327968806455" />
  <attribute name="Time Running"value="59901"/>
  <attribute name="Number of cores"value="16"/>
<exclusive-end id="1215" timestamp="2019-08-04T20:35:19.939" durationms="0.013" />

<exclusive-start id="1216" timestamp="2019-08-04T20:35:19.958" intervalms="19.093">
  <response-info timems="0.018" idlems="0.018" threads="0" lastid="0000000000968F00" lastname="main" />
</exclusive-start>
<concurrent-collection-start id="1217" timestamp="2019-08-04T20:35:19.958" intervalms="12568.235" >
  <concurrent-trace-info reason="card cleaning threshold reached" tracedByMutators="36088" tracedByHelpers="495816" cardsCleaned="27" workStackOverflowCount="0" />
</concurrent-collection-start>
<gc-start id="1218" type="global" contextid="1214" timestamp="2019-08-04T20:35:19.958">
  <mem-info id="1219" free="130048" total="13041664" percent="0">
    <mem type="tenure" free="130048" total="13041664" percent="0">
      <mem type="soa" free="0" total="12911616" percent="0" />
      <mem type="loa" free="130048" total="130048" percent="100" />
    </mem>
  </mem-info>
</gc-start>
<allocation-stats totalBytes="4490264" >
  <allocated-bytes non-tlh="112032" tlh="4378232" />
  <largest-consumer threadName="main" threadId="0000000000968F00" bytes="2426072" />
</allocation-stats>
<gc-op id="1220" type="card-cleaning" timems="1.042" contextid="1214" timestamp="2019-08-04T20:35:19.959">
  <card-cleaning cardsCleaned="121" bytesTraced="6792" workStackOverflowCount="0" />
</gc-op>
<gc-op id="1221" type="mark" timems="2.272" contextid="1214" timestamp="2019-08-04T20:35:19.961">
  <trace-info objectcount="2704" scancount="2813" scanbytes="82820" />
  <finalization candidates="19" enqueued="1" />
  <references type="soft" candidates="56" cleared="2" enqueued="2" dynamicThreshold="11" maxThreshold="32" />
  <references type="weak" candidates="182" cleared="16" enqueued="16" />
  <references type="phantom" candidates="71" cleared="12" enqueued="12" />
  <stringconstants candidates="3836" cleared="0"  />
</gc-op>
<gc-op id="1222" type="sweep" timems="1.125" contextid="1214" timestamp="2019-08-04T20:35:19.962" />
<gc-end id="1223" type="global" contextid="1214" durationms="4.546" usertimems="4.016" systemtimems="5.371" timestamp="2019-08-04T20:35:19.962" activeThreads="6">
  <mem-info id="1224" free="4713344" total="13041664" percent="36">
    <mem type="tenure" free="4713344" total="13041664" percent="36" micro-fragmented="0">
      <mem type="soa" free="4583296" total="12911616" percent="35" />
      <mem type="loa" free="130048" total="130048" percent="100" />
    </mem>
    <pending-finalizers system="1" default="0" reference="30" classloader="0" />
  </mem-info>
</gc-end>
<cycle-end id="1225" type="global" contextid="1214" timestamp="2019-08-04T20:35:19.963">
  <attribute name="GC Util" value="108" />
  <attribute name="CPU Util" value="8018238735902" />
  <attribute name="Time Running"value="60207"/>
  <attribute name="Number of cores"value="16"/>
</cycle-end>
<concurrent-collection-end id="1226" timestamp="2019-08-04T20:35:19.963" />
<exclusive-end id="1227" timestamp="2019-08-04T20:35:19.963" durationms="4.821" />

<concurrent-kickoff id="1228" timestamp="2019-08-04T20:35:20.293">
  <kickoff reason="threshold reached" targetBytes="4194078" thresholdFreeBytes="579186" remainingFree="557576" tenureFreeBytes="557576" />
</concurrent-kickoff>
<exclusive-start id="1229" timestamp="2019-08-04T20:35:20.293" intervalms="334.892">
  <response-info timems="0.050" idlems="0.050" threads="0" lastid="0000000000968F00" lastname="main" />
</exclusive-start>
<cycle-start id="1230" type="global" contextid="0" timestamp="2019-08-04T20:35:20.293" intervalms="353.993" />
  <attribute name="GC Util" value="108" />
  <attribute name="CPU Util" value="8018238735902" />
  <attribute name="Time Running"value="60207"/>
  <attribute name="Number of cores"value="16"/>
<exclusive-end id="1231" timestamp="2019-08-04T20:35:20.293" durationms="0.021" />

<exclusive-start id="1232" timestamp="2019-08-04T20:35:20.302" intervalms="8.872">
  <response-info timems="0.039" idlems="0.039" threads="0" lastid="0000000000968F00" lastname="main" />
</exclusive-start>
<concurrent-collection-start id="1233" timestamp="2019-08-04T20:35:20.302" intervalms="343.762" >
  <concurrent-trace-info reason="card cleaning threshold reached" tracedByMutators="13176" tracedByHelpers="517196" cardsCleaned="15" workStackOverflowCount="0" />
</concurrent-collection-start>
<gc-start id="1234" type="global" contextid="1230" timestamp="2019-08-04T20:35:20.302">
  <mem-info id="1235" free="224544" total="13041664" percent="1">
    <mem type="tenure" free="224544" total="13041664" percent="1">
      <mem type="soa" free="94496" total="12911616" percent="0" />
      <mem type="loa" free="130048" total="130048" percent="100" />
    </mem>
  </mem-info>
</gc-start>
<allocation-stats totalBytes="10364336" >
  <allocated-bytes non-tlh="1433464" tlh="8930872" />
  <largest-consumer threadName="main" threadId="0000000000968F00" bytes="10364336" />
</allocation-stats>
<gc-op id="1236" type="card-cleaning" timems="0.577" contextid="1230" timestamp="2019-08-04T20:35:20.303">
  <card-cleaning cardsCleaned="20" bytesTraced="25056" workStackOverflowCount="0" />
</gc-op>
<gc-op id="1237" type="mark" timems="4.053" contextid="1230" timestamp="2019-08-04T20:35:20.307">
  <trace-info objectcount="2849" scancount="2987" scanbytes="89636" />
  <finalization candidates="18" enqueued="0" />
  <references type="soft" candidates="58" cleared="0" enqueued="0" dynamicThreshold="11" maxThreshold="32" />
  <references type="weak" candidates="211" cleared="46" enqueued="46" />
  <references type="phantom" candidates="87" cleared="2" enqueued="2" />
  <stringconstants candidates="3989" cleared="0"  />
</gc-op>
<gc-op id="1238" type="sweep" timems="0.760" contextid="1230" timestamp="2019-08-04T20:35:20.308" />
<gc-end id="1239" type="global" contextid="1230" durationms="5.550" usertimems="4.122" systemtimems="6.290" timestamp="2019-08-04T20:35:20.308" activeThreads="6">
  <mem-info id="1240" free="5995616" total="13041664" percent="45">
    <mem type="tenure" free="5995616" total="13041664" percent="45" micro-fragmented="0">
      <mem type="soa" free="5865568" total="12911616" percent="45" />
      <mem type="loa" free="130048" total="130048" percent="100" />
    </mem>
    <pending-finalizers system="0" default="0" reference="48" classloader="0" />
  </mem-info>
</gc-end>
<cycle-end id="1241" type="global" contextid="1230" timestamp="2019-08-04T20:35:20.308">
  <attribute name="GC Util" value="169" />
  <attribute name="CPU Util" value="4470253872439" />
  <attribute name="Time Running"value="60552"/>
  <attribute name="Number of cores"value="16"/>
</cycle-end>
<concurrent-collection-end id="1242" timestamp="2019-08-04T20:35:20.308" />
<exclusive-end id="1243" timestamp="2019-08-04T20:35:20.308" durationms="6.236" />

WARNING: An illegal reflective access operation has occurred
WARNING: Illegal reflective access by com.google.common.base.internal.Finalizer (file:/./scratch/jar/guava-r07.jar) to field java.lang.Thread.inheritableThreadLocals
WARNING: Please consider reporting this to the maintainers of com.google.common.base.internal.Finalizer
WARNING: Use --illegal-access=warn to enable warnings of further illegal reflective access operations
WARNING: All illegal access operations will be denied in a future release
<concurrent-kickoff id="1244" timestamp="2019-08-04T20:35:21.260">
  <kickoff reason="threshold reached" targetBytes="3460970" thresholdFreeBytes="478681" remainingFree="478448" tenureFreeBytes="478448" />
</concurrent-kickoff>
<exclusive-start id="1245" timestamp="2019-08-04T20:35:21.260" intervalms="958.458">
  <response-info timems="0.049" idlems="0.049" threads="0" lastid="0000000000968F00" lastname="main" />
</exclusive-start>
<cycle-start id="1246" type="global" contextid="0" timestamp="2019-08-04T20:35:21.260" intervalms="967.330" />
  <attribute name="GC Util" value="169" />
  <attribute name="CPU Util" value="4470253872439" />
  <attribute name="Time Running"value="60552"/>
  <attribute name="Number of cores"value="16"/>
<exclusive-end id="1247" timestamp="2019-08-04T20:35:21.260" durationms="0.022" />

<exclusive-start id="1248" timestamp="2019-08-04T20:35:21.274" intervalms="13.595">
  <response-info timems="0.038" idlems="0.038" threads="0" lastid="0000000000968F00" lastname="main" />
</exclusive-start>
<af-start id="1249" threadId="0000000000969888" totalBytesRequested="88" timestamp="2019-08-04T20:35:21.274" intervalms="1623.895" />
<gc-start id="1250" type="global" contextid="1246" timestamp="2019-08-04T20:35:21.274">
  <mem-info id="1251" free="130048" total="13041664" percent="0">
    <mem type="tenure" free="130048" total="13041664" percent="0">
      <mem type="soa" free="0" total="12911616" percent="0" />
      <mem type="loa" free="130048" total="130048" percent="100" />
    </mem>
  </mem-info>
</gc-start>
<allocation-stats totalBytes="10330728" >
  <allocated-bytes non-tlh="1908416" tlh="8422312" />
  <largest-consumer threadName="main" threadId="0000000000968F00" bytes="10328256" />
</allocation-stats>
<concurrent-halted id="1252" timestamp="2019-08-04T20:35:21.274">
  <halted state="Complete" status="exhausted" />
  <traced bytesTarget="3460970" bytesTotal="1000644" bytesByMutator="51036" bytesByHelper="949608" percent="28" />
  <cards cleaned="87" thresholdBytes="188571" />
</concurrent-halted>
<gc-op id="1253" type="card-cleaning" timems="0.811" contextid="1246" timestamp="2019-08-04T20:35:21.275">
  <card-cleaning cardsCleaned="71" bytesTraced="26748" workStackOverflowCount="0" />
</gc-op>
<gc-op id="1254" type="mark" timems="2.180" contextid="1246" timestamp="2019-08-04T20:35:21.277">
  <trace-info objectcount="8740" scancount="8651" scanbytes="283108" />
  <finalization candidates="67" enqueued="1" />
  <ownableSynchronizers candidates="17" cleared="0" />
  <references type="soft" candidates="620" cleared="0" enqueued="0" dynamicThreshold="14" maxThreshold="32" />
  <references type="weak" candidates="2032" cleared="499" enqueued="377" />
  <references type="phantom" candidates="100" cleared="7" enqueued="7" />
  <stringconstants candidates="6492" cleared="0"  />
</gc-op>
<gc-op id="1255" type="sweep" timems="1.223" contextid="1246" timestamp="2019-08-04T20:35:21.278" />
<heap-resize id="1256" type="contract" space="tenure" amount="65536" count="1" timems="0.049" reason="insufficient time being spent in gc" timestamp="2019-08-04T20:35:21.278" />
<gc-end id="1257" type="global" contextid="1246" durationms="4.418" usertimems="11.112" systemtimems="0.000" timestamp="2019-08-04T20:35:21.278" activeThreads="6">
  <mem-info id="1258" free="9108776" total="12976128" percent="70">
    <mem type="tenure" free="9108776" total="12976128" percent="70" micro-fragmented="591908">
      <mem type="soa" free="9108776" total="12847104" percent="70" />
      <mem type="loa" free="0" total="129024" percent="0" />
    </mem>
    <pending-finalizers system="1" default="0" reference="384" classloader="0" />
  </mem-info>
</gc-end>
<cycle-end id="1259" type="global" contextid="1246" timestamp="2019-08-04T20:35:21.279">
  <attribute name="GC Util" value="127" />
  <attribute name="CPU Util" value="23222789288146" />
  <attribute name="Time Running"value="61524"/>
  <attribute name="Number of cores"value="16"/>
</cycle-end>
<allocation-satisfied id="1260" threadId="0000000000968F00" bytesRequested="88" />
<af-end id="1261" timestamp="2019-08-04T20:35:21.279" threadId="0000000000969888" success="true" />
<exclusive-end id="1262" timestamp="2019-08-04T20:35:21.279" durationms="5.040" />

<exclusive-start id="1263" timestamp="2019-08-04T20:35:21.400" intervalms="126.254">
  <response-info timems="0.013" idlems="0.013" threads="0" lastid="0000000000968F00" lastname="main" />
</exclusive-start>
<af-start id="1264" threadId="0000000000969888" totalBytesRequested="262152" timestamp="2019-08-04T20:35:21.400" intervalms="126.260" />
<cycle-start id="1265" type="global" contextid="0" timestamp="2019-08-04T20:35:21.400" intervalms="139.900" />
  <attribute name="GC Util" value="127" />
  <attribute name="CPU Util" value="23222789288146" />
  <attribute name="Time Running"value="61524"/>
  <attribute name="Number of cores"value="16"/>
<gc-start id="1266" type="global" contextid="1265" timestamp="2019-08-04T20:35:21.400">
  <mem-info id="1267" free="4576704" total="12976128" percent="35">
    <mem type="tenure" free="4576704" total="12976128" percent="35">
      <mem type="soa" free="4576704" total="12847104" percent="35" />
      <mem type="loa" free="0" total="129024" percent="0" />
    </mem>
  </mem-info>
</gc-start>
<allocation-stats totalBytes="4377488" >
  <allocated-bytes non-tlh="955520" tlh="3421968" />
  <largest-consumer threadName="main" threadId="0000000000968F00" bytes="4315040" />
</allocation-stats>
<heap-resize id="1268" type="loa expand" space="tenure" amount="130048" count="1" timems="0.049" reason="expand on failed allocate" timestamp="2019-08-04T20:35:21.400" />
<gc-op id="1269" type="mark" timems="11.794" contextid="1265" timestamp="2019-08-04T20:35:21.412">
  <trace-info objectcount="52438" scancount="43018" scanbytes="1449244" />
  <finalization candidates="80" enqueued="0" />
  <ownableSynchronizers candidates="21" cleared="0" />
  <references type="soft" candidates="869" cleared="0" enqueued="0" dynamicThreshold="22" maxThreshold="32" />
  <references type="weak" candidates="3377" cleared="449" enqueued="301" />
  <references type="phantom" candidates="97" cleared="2" enqueued="2" />
  <stringconstants candidates="7529" cleared="1393"  />
</gc-op>
<gc-op id="1270" type="classunload" timems="5.611" contextid="1265" timestamp="2019-08-04T20:35:21.419">
  <classunload-info classloadercandidates="12" classloadersunloaded="1" classesunloaded="508" anonymousclassesunloaded="0" quiescems="0.000" setupms="1.838" scanms="3.769" postms="0.004" />
</gc-op>
<gc-op id="1271" type="sweep" timems="4.451" contextid="1265" timestamp="2019-08-04T20:35:21.424" />
<mem-info id="1272" free="8886184" total="12976128" percent="68">
  <mem type="tenure" free="8886184" total="12976128" percent="68" micro-fragmented="706161">
    <mem type="soa" free="8726736" total="12717056" percent="68" />
    <mem type="loa" free="159448" total="259072" percent="61" />
  </mem>
  <pending-finalizers system="0" default="0" reference="303" classloader="0" />
</mem-info>
<gc-op id="1273" type="compact" timems="15.697" contextid="1265" timestamp="2019-08-04T20:35:21.439">
  <compact-info movecount="52437" movebytes="3089048" reason="compact to meet allocation" />
</gc-op>
<heap-resize id="1274" type="contract" space="tenure" amount="196608" count="1" timems="0.029" reason="insufficient time being spent in gc" timestamp="2019-08-04T20:35:21.439" />
<gc-end id="1275" type="global" contextid="1265" durationms="39.390" usertimems="48.801" systemtimems="0.000" timestamp="2019-08-04T20:35:21.439" activeThreads="6">
  <mem-info id="1276" free="9365768" total="12779520" percent="73">
    <mem type="tenure" free="9365768" total="12779520" percent="73">
      <mem type="soa" free="9173256" total="12524544" percent="73" />
      <mem type="loa" free="192512" total="254976" percent="75" />
    </mem>
    <pending-finalizers system="0" default="0" reference="303" classloader="0" />
  </mem-info>
</gc-end>
<cycle-end id="1277" type="global" contextid="1265" timestamp="2019-08-04T20:35:21.440">
  <attribute name="GC Util" value="11" />
  <attribute name="CPU Util" value="10296470113053" />
  <attribute name="Time Running"value="61669"/>
  <attribute name="Number of cores"value="16"/>
</cycle-end>
<allocation-satisfied id="1278" threadId="0000000000968F00" bytesRequested="262152" />
<af-end id="1279" timestamp="2019-08-04T20:35:21.440" threadId="0000000000969888" success="true" />
<exclusive-end id="1280" timestamp="2019-08-04T20:35:21.440" durationms="40.205" />

<concurrent-kickoff id="1281" timestamp="2019-08-04T20:35:21.685">
  <kickoff reason="threshold reached" targetBytes="1688968" thresholdFreeBytes="234451" remainingFree="192512" tenureFreeBytes="192512" />
</concurrent-kickoff>
<exclusive-start id="1282" timestamp="2019-08-04T20:35:21.685" intervalms="285.294">
  <response-info timems="0.237" idlems="0.237" threads="0" lastid="0000000000968F00" lastname="main" />
</exclusive-start>
<cycle-start id="1283" type="global" contextid="0" timestamp="2019-08-04T20:35:21.685" intervalms="285.236" />
  <attribute name="GC Util" value="11" />
  <attribute name="CPU Util" value="10296470113053" />
  <attribute name="Time Running"value="61669"/>
  <attribute name="Number of cores"value="16"/>
<exclusive-end id="1284" timestamp="2019-08-04T20:35:21.685" durationms="0.016" />

<exclusive-start id="1285" timestamp="2019-08-04T20:35:21.688" intervalms="2.482">
  <response-info timems="0.043" idlems="0.043" threads="0" lastid="0000000000968F00" lastname="main" />
</exclusive-start>
<af-start id="1286" threadId="0000000000969888" totalBytesRequested="88" timestamp="2019-08-04T20:35:21.688" intervalms="287.773" />
<concurrent-aborted id="1287" timestamp="2019-08-04T20:35:21.688">
  <reason value="insufficient progress made" />
</concurrent-aborted>
<cycle-end id="1288" type="global" contextid="1283" timestamp="2019-08-04T20:35:21.688">
  <attribute name="GC Util" value="11" />
  <attribute name="CPU Util" value="10296470113053" />
  <attribute name="Time Running"value="61669"/>
  <attribute name="Number of cores"value="16"/>
</cycle-end>
<cycle-start id="1289" type="global" contextid="0" timestamp="2019-08-04T20:35:21.688" intervalms="2.552" />
  <attribute name="GC Util" value="11" />
  <attribute name="CPU Util" value="10296470113053" />
  <attribute name="Time Running"value="61669"/>
  <attribute name="Number of cores"value="16"/>
<gc-start id="1290" type="global" contextid="1289" timestamp="2019-08-04T20:35:21.688">
  <mem-info id="1291" free="192512" total="12779520" percent="1">
    <mem type="tenure" free="192512" total="12779520" percent="1">
      <mem type="soa" free="0" total="12524544" percent="0" />
      <mem type="loa" free="192512" total="254976" percent="75" />
    </mem>
  </mem-info>
</gc-start>
<allocation-stats totalBytes="9426864" >
  <allocated-bytes non-tlh="1547384" tlh="7879480" />
  <largest-consumer threadName="main" threadId="0000000000968F00" bytes="9410480" />
</allocation-stats>
<gc-op id="1292" type="mark" timems="3.087" contextid="1289" timestamp="2019-08-04T20:35:21.691">
  <trace-info objectcount="64496" scancount="53115" scanbytes="1839868" />
  <finalization candidates="80" enqueued="0" />
  <ownableSynchronizers candidates="21" cleared="0" />
  <references type="soft" candidates="1012" cleared="0" enqueued="0" dynamicThreshold="23" maxThreshold="32" />
  <references type="weak" candidates="3375" cleared="11" enqueued="11" />
  <references type="phantom" candidates="97" cleared="2" enqueued="2" />
  <stringconstants candidates="7220" cleared="0"  />
</gc-op>
<gc-op id="1293" type="sweep" timems="1.131" contextid="1289" timestamp="2019-08-04T20:35:21.692" />
<gc-end id="1294" type="global" contextid="1289" durationms="4.341" usertimems="12.606" systemtimems="0.000" timestamp="2019-08-04T20:35:21.692" activeThreads="6">
  <mem-info id="1295" free="6798736" total="12779520" percent="53">
    <mem type="tenure" free="6798736" total="12779520" percent="53" micro-fragmented="51233">
      <mem type="soa" free="6563368" total="12524544" percent="52" />
      <mem type="loa" free="235368" total="254976" percent="92" />
    </mem>
    <pending-finalizers system="0" default="0" reference="13" classloader="0" />
  </mem-info>
</gc-end>
<cycle-end id="1296" type="global" contextid="1289" timestamp="2019-08-04T20:35:21.692">
  <attribute name="GC Util" value="266" />
  <attribute name="CPU Util" value="5921900579506" />
  <attribute name="Time Running"value="61937"/>
  <attribute name="Number of cores"value="16"/>
</cycle-end>
<allocation-satisfied id="1297" threadId="0000000000968F00" bytesRequested="88" />
<af-end id="1298" timestamp="2019-08-04T20:35:21.692" threadId="0000000000969888" success="true" />
<exclusive-end id="1299" timestamp="2019-08-04T20:35:21.692" durationms="4.495" />

<exclusive-start id="1300" timestamp="2019-08-04T20:35:21.816" intervalms="128.712">
  <response-info timems="0.017" idlems="0.017" threads="0" lastid="0000000000968F00" lastname="main" />
</exclusive-start>
<af-start id="1301" threadId="0000000000969888" totalBytesRequested="88" timestamp="2019-08-04T20:35:21.816" intervalms="128.723" />
<cycle-start id="1302" type="global" contextid="0" timestamp="2019-08-04T20:35:21.817" intervalms="129.688" />
  <attribute name="GC Util" value="1" />
  <attribute name="CPU Util" value="146954818613" />
  <attribute name="Time Running"value="62062"/>
  <attribute name="Number of cores"value="16"/>
<gc-start id="1303" type="global" contextid="1302" timestamp="2019-08-04T20:35:21.818">
  <mem-info id="1304" free="254976" total="12779520" percent="1">
    <mem type="tenure" free="254976" total="12779520" percent="1">
      <mem type="soa" free="0" total="12524544" percent="0" />
      <mem type="loa" free="254976" total="254976" percent="100" />
    </mem>
  </mem-info>
</gc-start>
<allocation-stats totalBytes="8077096" >
  <allocated-bytes non-tlh="965136" tlh="7111960" />
  <largest-consumer threadName="main" threadId="0000000000968F00" bytes="8068904" />
</allocation-stats>
<gc-op id="1305" type="mark" timems="4.345" contextid="1302" timestamp="2019-08-04T20:35:21.822">
  <trace-info objectcount="71474" scancount="59092" scanbytes="2012752" />
  <finalization candidates="80" enqueued="0" />
  <ownableSynchronizers candidates="21" cleared="0" />
  <references type="soft" candidates="1012" cleared="0" enqueued="0" dynamicThreshold="17" maxThreshold="32" />
  <references type="weak" candidates="3760" cleared="0" enqueued="0" />
  <references type="phantom" candidates="94" cleared="0" enqueued="0" />
  <stringconstants candidates="7565" cleared="0"  />
</gc-op>
<gc-op id="1306" type="sweep" timems="0.893" contextid="1302" timestamp="2019-08-04T20:35:21.823" />
<gc-end id="1307" type="global" contextid="1302" durationms="5.350" usertimems="13.960" systemtimems="0.000" timestamp="2019-08-04T20:35:21.823" activeThreads="6">
  <mem-info id="1308" free="6941736" total="12779520" percent="54">
    <mem type="tenure" free="6941736" total="12779520" percent="54" micro-fragmented="226616">
      <mem type="soa" free="6702448" total="12524544" percent="53" />
      <mem type="loa" free="239288" total="254976" percent="93" />
    </mem>
  </mem-info>
</gc-end>
<cycle-end id="1309" type="global" contextid="1302" timestamp="2019-08-04T20:35:21.823">
  <attribute name="GC Util" value="240" />
  <attribute name="CPU Util" value="4188253562905" />
  <attribute name="Time Running"value="62068"/>
  <attribute name="Number of cores"value="16"/>
</cycle-end>
<allocation-satisfied id="1310" threadId="0000000000968F00" bytesRequested="88" />
<af-end id="1311" timestamp="2019-08-04T20:35:21.823" threadId="0000000000969888" success="true" />
<exclusive-end id="1312" timestamp="2019-08-04T20:35:21.823" durationms="6.581" />

<concurrent-kickoff id="1313" timestamp="2019-08-04T20:35:21.953">
  <kickoff reason="threshold reached" targetBytes="1688968" thresholdFreeBytes="234451" remainingFree="209840" tenureFreeBytes="209840" />
</concurrent-kickoff>
<exclusive-start id="1314" timestamp="2019-08-04T20:35:21.953" intervalms="136.288">
  <response-info timems="0.046" idlems="0.046" threads="0" lastid="0000000000968F00" lastname="main" />
</exclusive-start>
<cycle-start id="1315" type="global" contextid="0" timestamp="2019-08-04T20:35:21.953" intervalms="135.242" />
  <attribute name="GC Util" value="240" />
  <attribute name="CPU Util" value="4188253562905" />
  <attribute name="Time Running"value="62068"/>
  <attribute name="Number of cores"value="16"/>
<exclusive-end id="1316" timestamp="2019-08-04T20:35:21.953" durationms="0.015" />

<exclusive-start id="1317" timestamp="2019-08-04T20:35:21.959" intervalms="6.117">
  <response-info timems="0.065" idlems="0.065" threads="0" lastid="0000000000968F00" lastname="main" />
</exclusive-start>
<af-start id="1318" threadId="0000000000969888" totalBytesRequested="23272" timestamp="2019-08-04T20:35:21.959" intervalms="142.403" />
<gc-start id="1319" type="global" contextid="1315" timestamp="2019-08-04T20:35:21.961">
  <mem-info id="1320" free="41456" total="12779520" percent="0">
    <mem type="tenure" free="41456" total="12779520" percent="0">
      <mem type="soa" free="41456" total="12524544" percent="0" />
      <mem type="loa" free="0" total="254976" percent="0" />
    </mem>
  </mem-info>
</gc-start>
<allocation-stats totalBytes="7859424" >
  <allocated-bytes non-tlh="1658312" tlh="6201112" />
  <largest-consumer threadName="main" threadId="0000000000968F00" bytes="7859424" />
</allocation-stats>
<concurrent-halted id="1321" timestamp="2019-08-04T20:35:21.961">
  <halted state="Complete" status="trace only" />
  <traced bytesTarget="1688968" bytesTotal="1281364" bytesByMutator="77164" bytesByHelper="1204200" percent="75" />
  <cards cleaned="0" thresholdBytes="92359" />
</concurrent-halted>
<gc-op id="1322" type="card-cleaning" timems="0.498" contextid="1315" timestamp="2019-08-04T20:35:21.962">
  <card-cleaning cardsCleaned="106" bytesTraced="58580" workStackOverflowCount="0" />
</gc-op>
<gc-op id="1323" type="mark" timems="4.930" contextid="1315" timestamp="2019-08-04T20:35:21.967">
  <trace-info objectcount="23235" scancount="22858" scanbytes="836940" />
  <finalization candidates="80" enqueued="0" />
  <ownableSynchronizers candidates="21" cleared="0" />
  <references type="soft" candidates="1085" cleared="0" enqueued="0" dynamicThreshold="17" maxThreshold="32" />
  <references type="weak" candidates="3840" cleared="5" enqueued="5" />
  <references type="phantom" candidates="96" cleared="0" enqueued="0" />
  <stringconstants candidates="7839" cleared="0"  />
</gc-op>
<gc-op id="1324" type="sweep" timems="1.885" contextid="1315" timestamp="2019-08-04T20:35:21.969" />
<gc-end id="1325" type="global" contextid="1315" durationms="7.513" usertimems="11.806" systemtimems="0.000" timestamp="2019-08-04T20:35:21.969" activeThreads="6">
  <mem-info id="1326" free="7021024" total="12779520" percent="54">
    <mem type="tenure" free="7021024" total="12779520" percent="54" micro-fragmented="94772">
      <mem type="soa" free="6778592" total="12524544" percent="54" />
      <mem type="loa" free="242432" total="254976" percent="95" />
    </mem>
    <pending-finalizers system="0" default="0" reference="5" classloader="0" />
  </mem-info>
</gc-end>
<cycle-end id="1327" type="global" contextid="1315" timestamp="2019-08-04T20:35:21.969">
  <attribute name="GC Util" value="152" />
  <attribute name="CPU Util" value="3699044734107" />
  <attribute name="Time Running"value="62213"/>
  <attribute name="Number of cores"value="16"/>
</cycle-end>
<allocation-satisfied id="1328" threadId="0000000000968F00" bytesRequested="23272" />
<af-end id="1329" timestamp="2019-08-04T20:35:21.969" threadId="0000000000969888" success="true" />
<exclusive-end id="1330" timestamp="2019-08-04T20:35:21.969" durationms="10.089" />

<exclusive-start id="1331" timestamp="2019-08-04T20:35:22.062" intervalms="103.039">
  <response-info timems="0.123" idlems="0.123" threads="0" lastid="0000000000968F00" lastname="main" />
</exclusive-start>
<af-start id="1332" threadId="0000000000969888" totalBytesRequested="536" timestamp="2019-08-04T20:35:22.062" intervalms="103.034" />
<cycle-start id="1333" type="global" contextid="0" timestamp="2019-08-04T20:35:22.062" intervalms="109.710" />
  <attribute name="GC Util" value="4" />
  <attribute name="CPU Util" value="194111041747" />
  <attribute name="Time Running"value="62308"/>
  <attribute name="Number of cores"value="16"/>
<gc-start id="1334" type="global" contextid="1333" timestamp="2019-08-04T20:35:22.062">
  <mem-info id="1335" free="0" total="12779520" percent="0">
    <mem type="tenure" free="0" total="12779520" percent="0">
      <mem type="soa" free="0" total="12524544" percent="0" />
      <mem type="loa" free="0" total="254976" percent="0" />
    </mem>
  </mem-info>
</gc-start>
<allocation-stats totalBytes="7600232" >
  <allocated-bytes non-tlh="157008" tlh="7443224" />
  <largest-consumer threadName="main" threadId="0000000000968F00" bytes="7600232" />
</allocation-stats>
<gc-op id="1336" type="mark" timems="3.757" contextid="1333" timestamp="2019-08-04T20:35:22.066">
  <trace-info objectcount="83456" scancount="69723" scanbytes="2438468" />
  <finalization candidates="80" enqueued="0" />
  <ownableSynchronizers candidates="21" cleared="0" />
  <references type="soft" candidates="1085" cleared="0" enqueued="0" dynamicThreshold="17" maxThreshold="32" />
  <references type="weak" candidates="3874" cleared="0" enqueued="0" />
  <references type="phantom" candidates="94" cleared="0" enqueued="0" />
  <stringconstants candidates="7868" cleared="0"  />
</gc-op>
<gc-op id="1337" type="sweep" timems="0.756" contextid="1333" timestamp="2019-08-04T20:35:22.067" />
<gc-end id="1338" type="global" contextid="1333" durationms="4.621" usertimems="11.238" systemtimems="0.000" timestamp="2019-08-04T20:35:22.067" activeThreads="6">
  <mem-info id="1339" free="6651896" total="12779520" percent="52">
    <mem type="tenure" free="6651896" total="12779520" percent="52" micro-fragmented="273542">
      <mem type="soa" free="6457952" total="12524544" percent="51" />
      <mem type="loa" free="193944" total="254976" percent="76" />
    </mem>
  </mem-info>
</gc-end>
<cycle-end id="1340" type="global" contextid="1333" timestamp="2019-08-04T20:35:22.067">
  <attribute name="GC Util" value="194" />
  <attribute name="CPU Util" value="4801567588750" />
  <attribute name="Time Running"value="62312"/>
  <attribute name="Number of cores"value="16"/>
</cycle-end>
<allocation-satisfied id="1341" threadId="0000000000968F00" bytesRequested="536" />
<af-end id="1342" timestamp="2019-08-04T20:35:22.067" threadId="0000000000969888" success="true" />
<exclusive-end id="1343" timestamp="2019-08-04T20:35:22.067" durationms="5.530" />

<exclusive-start id="1344" timestamp="2019-08-04T20:35:22.083" intervalms="21.041">
  <response-info timems="0.041" idlems="0.041" threads="0" lastid="0000000000968F00" lastname="main" />
</exclusive-start>
<af-start id="1345" threadId="0000000000969888" totalBytesRequested="47568" timestamp="2019-08-04T20:35:22.083" intervalms="21.033" />
<cycle-start id="1346" type="global" contextid="0" timestamp="2019-08-04T20:35:22.084" intervalms="21.147" />
  <attribute name="GC Util" value="13" />
  <attribute name="CPU Util" value="1109556561697" />
  <attribute name="Time Running"value="62329"/>
  <attribute name="Number of cores"value="16"/>
<gc-start id="1347" type="global" contextid="1346" timestamp="2019-08-04T20:35:22.084">
  <mem-info id="1348" free="5615664" total="12779520" percent="43">
    <mem type="tenure" free="5615664" total="12779520" percent="43">
      <mem type="soa" free="5360688" total="12524544" percent="42" />
      <mem type="loa" free="254976" total="254976" percent="100" />
    </mem>
  </mem-info>
</gc-start>
<allocation-stats totalBytes="1299344" >
  <allocated-bytes non-tlh="152504" tlh="1146840" />
  <largest-consumer threadName="main" threadId="0000000000968F00" bytes="1299344" />
</allocation-stats>
<gc-op id="1349" type="mark" timems="3.287" contextid="1346" timestamp="2019-08-04T20:35:22.087">
  <trace-info objectcount="64035" scancount="52402" scanbytes="1754144" />
  <finalization candidates="80" enqueued="0" />
  <ownableSynchronizers candidates="21" cleared="0" />
  <references type="soft" candidates="1085" cleared="0" enqueued="0" dynamicThreshold="16" maxThreshold="32" />
  <references type="weak" candidates="3874" cleared="1" enqueued="1" />
  <references type="phantom" candidates="94" cleared="0" enqueued="0" />
  <stringconstants candidates="7868" cleared="12"  />
</gc-op>
<gc-op id="1350" type="sweep" timems="0.992" contextid="1346" timestamp="2019-08-04T20:35:22.088" />
<gc-end id="1351" type="global" contextid="1346" durationms="4.376" usertimems="11.363" systemtimems="0.000" timestamp="2019-08-04T20:35:22.088" activeThreads="6">
  <mem-info id="1352" free="7153896" total="12779520" percent="55">
    <mem type="tenure" free="7153896" total="12779520" percent="55" micro-fragmented="55018">
      <mem type="soa" free="6947744" total="12524544" percent="55" />
      <mem type="loa" free="206152" total="254976" percent="80" />
    </mem>
    <pending-finalizers system="0" default="0" reference="1" classloader="0" />
  </mem-info>
</gc-end>
<cycle-end id="1353" type="global" contextid="1346" timestamp="2019-08-04T20:35:22.088">
  <attribute name="GC Util" value="210" />
  <attribute name="CPU Util" value="5548957661099" />
  <attribute name="Time Running"value="62333"/>
  <attribute name="Number of cores"value="16"/>
</cycle-end>
<allocation-satisfied id="1354" threadId="0000000000968F00" bytesRequested="47568" />
<af-end id="1355" timestamp="2019-08-04T20:35:22.088" threadId="0000000000969888" success="true" />
<exclusive-end id="1356" timestamp="2019-08-04T20:35:22.088" durationms="5.138" />

<concurrent-kickoff id="1357" timestamp="2019-08-04T20:35:22.178">
  <kickoff reason="threshold reached" targetBytes="1750449" thresholdFreeBytes="240183" remainingFree="230024" tenureFreeBytes="230024" />
</concurrent-kickoff>
<exclusive-start id="1358" timestamp="2019-08-04T20:35:22.178" intervalms="94.841">
  <response-info timems="0.021" idlems="0.021" threads="0" lastid="0000000000968F00" lastname="main" />
</exclusive-start>
<cycle-start id="1359" type="global" contextid="0" timestamp="2019-08-04T20:35:22.178" intervalms="94.181" />
  <attribute name="GC Util" value="210" />
  <attribute name="CPU Util" value="5548957661099" />
  <attribute name="Time Running"value="62333"/>
  <attribute name="Number of cores"value="16"/>
<exclusive-end id="1360" timestamp="2019-08-04T20:35:22.178" durationms="0.017" />

<exclusive-start id="1361" timestamp="2019-08-04T20:35:22.185" intervalms="7.258">
  <response-info timems="0.023" idlems="0.023" threads="0" lastid="0000000000968F00" lastname="main" />
</exclusive-start>
<af-start id="1362" threadId="0000000000969888" totalBytesRequested="48" timestamp="2019-08-04T20:35:22.185" intervalms="102.113" />
<gc-start id="1363" type="global" contextid="1359" timestamp="2019-08-04T20:35:22.186">
  <mem-info id="1364" free="0" total="12779520" percent="0">
    <mem type="tenure" free="0" total="12779520" percent="0">
      <mem type="soa" free="0" total="12524544" percent="0" />
      <mem type="loa" free="0" total="254976" percent="0" />
    </mem>
  </mem-info>
</gc-start>
<allocation-stats totalBytes="8577832" >
  <allocated-bytes non-tlh="738216" tlh="7839616" />
  <largest-consumer threadName="main" threadId="0000000000968F00" bytes="8571888" />
</allocation-stats>
<concurrent-halted id="1365" timestamp="2019-08-04T20:35:22.186">
  <halted state="Complete" status="exhausted" />
  <traced bytesTarget="1750449" bytesTotal="1782644" bytesByMutator="200484" bytesByHelper="1582160" percent="101" />
  <cards cleaned="199" thresholdBytes="94617" />
</concurrent-halted>
<gc-op id="1366" type="card-cleaning" timems="0.577" contextid="1359" timestamp="2019-08-04T20:35:22.186">
  <card-cleaning cardsCleaned="45" bytesTraced="19232" workStackOverflowCount="0" />
</gc-op>
<gc-op id="1367" type="mark" timems="4.205" contextid="1359" timestamp="2019-08-04T20:35:22.190">
  <trace-info objectcount="20341" scancount="20531" scanbytes="669008" />
  <finalization candidates="80" enqueued="0" />
  <ownableSynchronizers candidates="21" cleared="0" />
  <references type="soft" candidates="1311" cleared="0" enqueued="0" dynamicThreshold="17" maxThreshold="32" />
  <references type="weak" candidates="4278" cleared="12" enqueued="11" />
  <references type="phantom" candidates="94" cleared="0" enqueued="0" />
  <stringconstants candidates="8317" cleared="0"  />
</gc-op>
<gc-op id="1368" type="classunload" timems="0.004" contextid="1359" timestamp="2019-08-04T20:35:22.190">
  <classunload-info classloadercandidates="14" classloadersunloaded="0" classesunloaded="0" anonymousclassesunloaded="0" quiescems="0.000" setupms="0.003" scanms="0.001" postms="0.000" />
</gc-op>
<gc-op id="1369" type="sweep" timems="1.145" contextid="1359" timestamp="2019-08-04T20:35:22.192" />
<gc-end id="1370" type="global" contextid="1359" durationms="6.150" usertimems="10.041" systemtimems="0.000" timestamp="2019-08-04T20:35:22.192" activeThreads="6">
  <mem-info id="1371" free="6378472" total="12779520" percent="49">
    <mem type="tenure" free="6378472" total="12779520" percent="49" micro-fragmented="250023">
      <mem type="soa" free="6162552" total="12524544" percent="49" />
      <mem type="loa" free="215920" total="254976" percent="84" />
    </mem>
    <pending-finalizers system="0" default="0" reference="11" classloader="0" />
  </mem-info>
</gc-end>
<cycle-end id="1372" type="global" contextid="1359" timestamp="2019-08-04T20:35:22.192">
  <attribute name="GC Util" value="121" />
  <attribute name="CPU Util" value="4226472603991" />
  <attribute name="Time Running"value="62436"/>
  <attribute name="Number of cores"value="16"/>
</cycle-end>
<allocation-satisfied id="1373" threadId="0000000000968F00" bytesRequested="48" />
<af-end id="1374" timestamp="2019-08-04T20:35:22.192" threadId="0000000000969888" success="true" />
<exclusive-end id="1375" timestamp="2019-08-04T20:35:22.192" durationms="6.733" />

<exclusive-start id="1376" timestamp="2019-08-04T20:35:22.254" intervalms="68.803">
  <response-info timems="0.014" idlems="0.014" threads="0" lastid="0000000000968F00" lastname="main" />
</exclusive-start>
<af-start id="1377" threadId="0000000000969888" totalBytesRequested="200008" timestamp="2019-08-04T20:35:22.254" intervalms="68.791" />
<cycle-start id="1378" type="global" contextid="0" timestamp="2019-08-04T20:35:22.255" intervalms="76.764" />
  <attribute name="GC Util" value="6" />
  <attribute name="CPU Util" value="291456663610" />
  <attribute name="Time Running"value="62500"/>
  <attribute name="Number of cores"value="16"/>
<gc-start id="1379" type="global" contextid="1378" timestamp="2019-08-04T20:35:22.255">
  <mem-info id="1380" free="2506224" total="12779520" percent="19">
    <mem type="tenure" free="2506224" total="12779520" percent="19">
      <mem type="soa" free="2506224" total="12524544" percent="20" />
      <mem type="loa" free="0" total="254976" percent="0" />
    </mem>
  </mem-info>
</gc-start>
<allocation-stats totalBytes="4553192" >
  <allocated-bytes non-tlh="632288" tlh="3920904" />
  <largest-consumer threadName="main" threadId="0000000000968F00" bytes="4553192" />
</allocation-stats>
<heap-resize id="1381" type="loa expand" space="tenure" amount="128000" count="1" timems="0.029" reason="expand on failed allocate" timestamp="2019-08-04T20:35:22.255" />
<gc-op id="1382" type="mark" timems="4.812" contextid="1378" timestamp="2019-08-04T20:35:22.259">
  <trace-info objectcount="75367" scancount="62792" scanbytes="2111828" />
  <finalization candidates="80" enqueued="0" />
  <ownableSynchronizers candidates="21" cleared="0" />
  <references type="soft" candidates="1632" cleared="0" enqueued="0" dynamicThreshold="15" maxThreshold="32" />
  <references type="weak" candidates="4534" cleared="22" enqueued="20" />
  <references type="phantom" candidates="95" cleared="0" enqueued="0" />
  <stringconstants candidates="8671" cleared="12"  />
</gc-op>
<gc-op id="1383" type="classunload" timems="0.003" contextid="1378" timestamp="2019-08-04T20:35:22.259">
  <classunload-info classloadercandidates="16" classloadersunloaded="0" classesunloaded="0" anonymousclassesunloaded="0" quiescems="0.000" setupms="0.002" scanms="0.001" postms="0.000" />
</gc-op>
<gc-op id="1384" type="sweep" timems="0.687" contextid="1378" timestamp="2019-08-04T20:35:22.260" />
<gc-end id="1385" type="global" contextid="1378" durationms="5.635" usertimems="11.812" systemtimems="0.000" timestamp="2019-08-04T20:35:22.260" activeThreads="6">
  <mem-info id="1386" free="7696296" total="12779520" percent="60">
    <mem type="tenure" free="7696296" total="12779520" percent="60" micro-fragmented="278518">
      <mem type="soa" free="7587184" total="12396544" percent="61" />
      <mem type="loa" free="109112" total="382976" percent="28" />
    </mem>
    <pending-finalizers system="0" default="0" reference="20" classloader="0" />
  </mem-info>
</gc-end>
<cycle-end id="1387" type="global" contextid="1378" timestamp="2019-08-04T20:35:22.260">
  <attribute name="GC Util" value="163" />
  <attribute name="CPU Util" value="3787376711118" />
  <attribute name="Time Running"value="62505"/>
  <attribute name="Number of cores"value="16"/>
</cycle-end>
<allocation-satisfied id="1388" threadId="0000000000968F00" bytesRequested="200008" />
<af-end id="1389" timestamp="2019-08-04T20:35:22.260" threadId="0000000000969888" success="true" />
<exclusive-end id="1390" timestamp="2019-08-04T20:35:22.260" durationms="6.475" />

<exclusive-start id="1391" timestamp="2019-08-04T20:35:22.264" intervalms="10.408">
  <response-info timems="0.039" idlems="0.039" threads="0" lastid="0000000000968F00" lastname="main" />
</exclusive-start>
<sys-start reason="explicit" id="1392" timestamp="2019-08-04T20:35:22.264" intervalms="62298.263" />
<cycle-start id="1393" type="global" contextid="0" timestamp="2019-08-04T20:35:22.265" intervalms="10.146" />
  <attribute name="GC Util" value="74" />
  <attribute name="CPU Util" value="3855877998457" />
  <attribute name="Time Running"value="62510"/>
  <attribute name="Number of cores"value="16"/>
<gc-start id="1394" type="global" contextid="1393" timestamp="2019-08-04T20:35:22.265">
  <mem-info id="1395" free="7474512" total="12779520" percent="58">
    <mem type="tenure" free="7474512" total="12779520" percent="58">
      <mem type="soa" free="7365400" total="12396544" percent="59" />
      <mem type="loa" free="109112" total="382976" percent="28" />
    </mem>
  </mem-info>
</gc-start>
<allocation-stats totalBytes="416048" >
  <allocated-bytes non-tlh="269720" tlh="146328" />
  <largest-consumer threadName="main" threadId="0000000000968F00" bytes="413936" />
</allocation-stats>
<gc-op id="1396" type="mark" timems="4.608" contextid="1393" timestamp="2019-08-04T20:35:22.269">
  <trace-info objectcount="75299" scancount="62734" scanbytes="2110392" />
  <finalization candidates="80" enqueued="0" />
  <ownableSynchronizers candidates="21" cleared="0" />
  <references type="soft" candidates="1632" cleared="0" enqueued="0" dynamicThreshold="19" maxThreshold="32" />
  <references type="weak" candidates="4517" cleared="1" enqueued="1" />
  <references type="phantom" candidates="94" cleared="0" enqueued="0" />
  <stringconstants candidates="8681" cleared="15"  />
</gc-op>
<gc-op id="1397" type="classunload" timems="0.334" contextid="1393" timestamp="2019-08-04T20:35:22.270">
  <classunload-info classloadercandidates="17" classloadersunloaded="1" classesunloaded="1" anonymousclassesunloaded="0" quiescems="0.000" setupms="0.326" scanms="0.006" postms="0.002" />
</gc-op>
<gc-op id="1398" type="sweep" timems="1.025" contextid="1393" timestamp="2019-08-04T20:35:22.271" />
<mem-info id="1399" free="7937000" total="12779520" percent="62">
  <mem type="tenure" free="7937000" total="12779520" percent="62" micro-fragmented="427032">
    <mem type="soa" free="7627880" total="12396544" percent="61" />
    <mem type="loa" free="309120" total="382976" percent="80" />
  </mem>
  <pending-finalizers system="0" default="0" reference="1" classloader="0" />
</mem-info>
<gc-op id="1400" type="compact" timems="18.051" contextid="1393" timestamp="2019-08-04T20:35:22.289">
  <compact-info movecount="71983" movebytes="4152952" reason="compact on aggressive collection" />
</gc-op>
<heap-resize id="1401" type="contract" space="tenure" amount="327680" count="1" timems="0.027" reason="excess free space following gc" timestamp="2019-08-04T20:35:22.289" />
<gc-end id="1402" type="global" contextid="1393" durationms="24.189" usertimems="35.592" systemtimems="0.000" timestamp="2019-08-04T20:35:22.289" activeThreads="6">
  <mem-info id="1403" free="8070288" total="12451840" percent="64">
    <mem type="tenure" free="8070288" total="12451840" percent="64">
      <mem type="soa" free="7752848" total="12079104" percent="64" />
      <mem type="loa" free="317440" total="372736" percent="85" />
    </mem>
    <pending-finalizers system="0" default="0" reference="1" classloader="0" />
  </mem-info>
</gc-end>
<cycle-end id="1404" type="global" contextid="1393" timestamp="2019-08-04T20:35:22.289">
  <attribute name="GC Util" value="19" />
  <attribute name="CPU Util" value="37126792732871" />
  <attribute name="Time Running"value="62516"/>
  <attribute name="Number of cores"value="16"/>
</cycle-end>
<sys-end id="1405" timestamp="2019-08-04T20:35:22.289" />
<exclusive-end id="1406" timestamp="2019-08-04T20:35:22.289" durationms="24.710" />

===== DaCapo 9.12-MR1 jython starting =====
<exclusive-start id="1407" timestamp="2019-08-04T20:35:22.351" intervalms="86.819">
  <response-info timems="0.017" idlems="0.017" threads="0" lastid="0000000000968F00" lastname="main" />
</exclusive-start>
<af-start id="1408" threadId="0000000000969888" totalBytesRequested="32" timestamp="2019-08-04T20:35:22.351" intervalms="97.229" />
<cycle-start id="1409" type="global" contextid="0" timestamp="2019-08-04T20:35:22.351" intervalms="86.432" />
  <attribute name="GC Util" value="19" />
  <attribute name="CPU Util" value="37126792732871" />
  <attribute name="Time Running"value="62516"/>
  <attribute name="Number of cores"value="16"/>
<gc-start id="1410" type="global" contextid="1409" timestamp="2019-08-04T20:35:22.351">
  <mem-info id="1411" free="317440" total="12451840" percent="2">
    <mem type="tenure" free="317440" total="12451840" percent="2">
      <mem type="soa" free="0" total="12079104" percent="0" />
      <mem type="loa" free="317440" total="372736" percent="85" />
    </mem>
  </mem-info>
</gc-start>
<allocation-stats totalBytes="7751736" >
  <allocated-bytes non-tlh="528488" tlh="7223248" />
  <largest-consumer threadName="main" threadId="0000000000968F00" bytes="7747640" />
</allocation-stats>
<gc-op id="1412" type="mark" timems="3.120" contextid="1409" timestamp="2019-08-04T20:35:22.354">
  <trace-info objectcount="92154" scancount="77946" scanbytes="2777740" />
  <finalization candidates="80" enqueued="0" />
  <ownableSynchronizers candidates="21" cleared="0" />
  <references type="soft" candidates="1632" cleared="0" enqueued="0" dynamicThreshold="20" maxThreshold="32" />
  <references type="weak" candidates="4517" cleared="0" enqueued="0" />
  <references type="phantom" candidates="99" cleared="2" enqueued="2" />
  <stringconstants candidates="8679" cleared="0"  />
</gc-op>
<gc-op id="1413" type="sweep" timems="0.646" contextid="1409" timestamp="2019-08-04T20:35:22.355" />
<gc-end id="1414" type="global" contextid="1409" durationms="3.861" usertimems="10.949" systemtimems="0.000" timestamp="2019-08-04T20:35:22.355" activeThreads="5">
  <mem-info id="1415" free="5580464" total="12451840" percent="44">
    <mem type="tenure" free="5580464" total="12451840" percent="44" micro-fragmented="134420">
      <mem type="soa" free="5262840" total="12079104" percent="43" />
      <mem type="loa" free="317624" total="372736" percent="85" />
    </mem>
    <pending-finalizers system="0" default="0" reference="2" classloader="0" />
  </mem-info>
</gc-end>
<cycle-end id="1416" type="global" contextid="1409" timestamp="2019-08-04T20:35:22.355">
  <attribute name="GC Util" value="236" />
  <attribute name="CPU Util" value="5927405539618" />
  <attribute name="Time Running"value="62600"/>
  <attribute name="Number of cores"value="16"/>
</cycle-end>
<allocation-satisfied id="1417" threadId="0000000000968F00" bytesRequested="32" />
<af-end id="1418" timestamp="2019-08-04T20:35:22.355" threadId="0000000000969888" success="true" />
<exclusive-end id="1419" timestamp="2019-08-04T20:35:22.355" durationms="4.069" />

<exclusive-start id="1420" timestamp="2019-08-04T20:35:22.380" intervalms="29.441">
  <response-info timems="0.037" idlems="0.037" threads="0" lastid="0000000000968F00" lastname="main" />
</exclusive-start>
<af-start id="1421" threadId="0000000000969888" totalBytesRequested="160" timestamp="2019-08-04T20:35:22.381" intervalms="29.438" />
<cycle-start id="1422" type="global" contextid="0" timestamp="2019-08-04T20:35:22.381" intervalms="29.966" />
  <attribute name="GC Util" value="11" />
  <attribute name="CPU Util" value="703362942260" />
  <attribute name="Time Running"value="62626"/>
  <attribute name="Number of cores"value="16"/>
<gc-start id="1423" type="global" contextid="1422" timestamp="2019-08-04T20:35:22.381">
  <mem-info id="1424" free="372736" total="12451840" percent="2">
    <mem type="tenure" free="372736" total="12451840" percent="2">
      <mem type="soa" free="0" total="12079104" percent="0" />
      <mem type="loa" free="372736" total="372736" percent="100" />
    </mem>
  </mem-info>
</gc-start>
<allocation-stats totalBytes="6307176" >
  <allocated-bytes non-tlh="12320" tlh="6294856" />
  <largest-consumer threadName="main" threadId="0000000000968F00" bytes="6307176" />
</allocation-stats>
<gc-op id="1425" type="mark" timems="3.099" contextid="1422" timestamp="2019-08-04T20:35:22.384">
  <trace-info objectcount="96294" scancount="81732" scanbytes="2851236" />
  <finalization candidates="80" enqueued="0" />
  <ownableSynchronizers candidates="21" cleared="0" />
  <references type="soft" candidates="1632" cleared="0" enqueued="0" dynamicThreshold="14" maxThreshold="32" />
  <references type="weak" candidates="4517" cleared="0" enqueued="0" />
  <references type="phantom" candidates="96" cleared="0" enqueued="0" />
  <stringconstants candidates="8679" cleared="0"  />
</gc-op>
<gc-op id="1426" type="sweep" timems="0.668" contextid="1422" timestamp="2019-08-04T20:35:22.385" />
<gc-end id="1427" type="global" contextid="1422" durationms="3.861" usertimems="11.692" systemtimems="0.000" timestamp="2019-08-04T20:35:22.385" activeThreads="5">
  <mem-info id="1428" free="5731776" total="12451840" percent="46">
    <mem type="tenure" free="5731776" total="12451840" percent="46" micro-fragmented="373114">
      <mem type="soa" free="5403128" total="12079104" percent="44" />
      <mem type="loa" free="328648" total="372736" percent="88" />
    </mem>
  </mem-info>
</gc-end>
<cycle-end id="1429" type="global" contextid="1422" timestamp="2019-08-04T20:35:22.385">
  <attribute name="GC Util" value="246" />
  <attribute name="CPU Util" value="6045658837901" />
  <attribute name="Time Running"value="62630"/>
  <attribute name="Number of cores"value="16"/>
</cycle-end>
<allocation-satisfied id="1430" threadId="0000000000968F00" bytesRequested="160" />
<af-end id="1431" timestamp="2019-08-04T20:35:22.385" threadId="0000000000969888" success="true" />
<exclusive-end id="1432" timestamp="2019-08-04T20:35:22.385" durationms="4.571" />

<exclusive-start id="1433" timestamp="2019-08-04T20:35:22.395" intervalms="14.218">
  <response-info timems="0.018" idlems="0.018" threads="0" lastid="0000000000968F00" lastname="main" />
</exclusive-start>
<af-start id="1434" threadId="0000000000969888" totalBytesRequested="32776" timestamp="2019-08-04T20:35:22.395" intervalms="14.219" />
<cycle-start id="1435" type="global" contextid="0" timestamp="2019-08-04T20:35:22.396" intervalms="14.547" />
  <attribute name="GC Util" value="33" />
  <attribute name="CPU Util" value="1756014457442" />
  <attribute name="Time Running"value="62640"/>
  <attribute name="Number of cores"value="16"/>
<gc-start id="1436" type="global" contextid="1435" timestamp="2019-08-04T20:35:22.396">
  <mem-info id="1437" free="5236376" total="12451840" percent="42">
    <mem type="tenure" free="5236376" total="12451840" percent="42">
      <mem type="soa" free="4863640" total="12079104" percent="40" />
      <mem type="loa" free="372736" total="372736" percent="100" />
    </mem>
  </mem-info>
</gc-start>
<allocation-stats totalBytes="995136" >
  <allocated-bytes non-tlh="28728" tlh="966408" />
  <largest-consumer threadName="main" threadId="0000000000968F00" bytes="995136" />
</allocation-stats>
<gc-op id="1438" type="mark" timems="3.138" contextid="1435" timestamp="2019-08-04T20:35:22.399">
  <trace-info objectcount="98838" scancount="83685" scanbytes="2941452" />
  <finalization candidates="80" enqueued="0" />
  <ownableSynchronizers candidates="21" cleared="0" />
  <references type="soft" candidates="1632" cleared="1" enqueued="1" dynamicThreshold="14" maxThreshold="32" />
  <references type="weak" candidates="4517" cleared="0" enqueued="0" />
  <references type="phantom" candidates="96" cleared="0" enqueued="0" />
  <stringconstants candidates="8679" cleared="0"  />
</gc-op>
<gc-op id="1439" type="sweep" timems="1.310" contextid="1435" timestamp="2019-08-04T20:35:22.400" />
<mem-info id="1440" free="5870480" total="12451840" percent="47">
  <mem type="tenure" free="5870480" total="12451840" percent="47" micro-fragmented="772867">
    <mem type="soa" free="5497744" total="12079104" percent="45" />
    <mem type="loa" free="372736" total="372736" percent="100" />
  </mem>
  <pending-finalizers system="0" default="0" reference="1" classloader="0" />
</mem-info>
<gc-op id="1441" type="compact" timems="15.723" contextid="1435" timestamp="2019-08-04T20:35:22.416">
  <compact-info movecount="61969" movebytes="3780272" reason="compact to meet allocation" />
</gc-op>
<gc-end id="1442" type="global" contextid="1435" durationms="20.331" usertimems="32.212" systemtimems="0.000" timestamp="2019-08-04T20:35:22.416" activeThreads="5">
  <mem-info id="1443" free="7034072" total="12451840" percent="56">
    <mem type="tenure" free="7034072" total="12451840" percent="56">
      <mem type="soa" free="6661336" total="12079104" percent="55" />
      <mem type="loa" free="372736" total="372736" percent="100" />
    </mem>
    <pending-finalizers system="0" default="0" reference="1" classloader="0" />
  </mem-info>
</gc-end>
<cycle-end id="1444" type="global" contextid="1435" timestamp="2019-08-04T20:35:22.416">
  <attribute name="GC Util" value="19" />
  <attribute name="CPU Util" value="41739247651313" />
  <attribute name="Time Running"value="62646"/>
  <attribute name="Number of cores"value="16"/>
</cycle-end>
<allocation-satisfied id="1445" threadId="0000000000968F00" bytesRequested="32776" />
<af-end id="1446" timestamp="2019-08-04T20:35:22.416" threadId="0000000000969888" success="true" />
<exclusive-end id="1447" timestamp="2019-08-04T20:35:22.416" durationms="21.336" />

<exclusive-start id="1448" timestamp="2019-08-04T20:35:22.561" intervalms="166.040">
  <response-info timems="0.060" idlems="0.060" threads="0" lastid="0000000000968F00" lastname="main" />
</exclusive-start>
<af-start id="1449" threadId="0000000000969888" totalBytesRequested="56" timestamp="2019-08-04T20:35:22.561" intervalms="166.044" />
<cycle-start id="1450" type="global" contextid="0" timestamp="2019-08-04T20:35:22.561" intervalms="165.189" />
  <attribute name="GC Util" value="19" />
  <attribute name="CPU Util" value="41739247651313" />
  <attribute name="Time Running"value="62646"/>
  <attribute name="Number of cores"value="16"/>
<gc-start id="1451" type="global" contextid="1450" timestamp="2019-08-04T20:35:22.561">
  <mem-info id="1452" free="372736" total="12451840" percent="2">
    <mem type="tenure" free="372736" total="12451840" percent="2">
      <mem type="soa" free="0" total="12079104" percent="0" />
      <mem type="loa" free="372736" total="372736" percent="100" />
    </mem>
  </mem-info>
</gc-start>
<allocation-stats totalBytes="6692536" >
  <allocated-bytes non-tlh="619984" tlh="6072552" />
  <largest-consumer threadName="main" threadId="0000000000968F00" bytes="6692536" />
</allocation-stats>
<gc-op id="1453" type="mark" timems="3.220" contextid="1450" timestamp="2019-08-04T20:35:22.564">
  <trace-info objectcount="97059" scancount="80269" scanbytes="2671168" />
  <finalization candidates="80" enqueued="0" />
  <ownableSynchronizers candidates="21" cleared="0" />
  <references type="soft" candidates="1688" cleared="0" enqueued="0" dynamicThreshold="18" maxThreshold="32" />
  <references type="weak" candidates="4638" cleared="17" enqueued="14" />
  <references type="phantom" candidates="96" cleared="0" enqueued="0" />
  <stringconstants candidates="10888" cleared="0"  />
</gc-op>
<gc-op id="1454" type="sweep" timems="1.307" contextid="1450" timestamp="2019-08-04T20:35:22.565" />
<heap-resize id="1455" type="expand" space="tenure" amount="1638400" count="1" timems="0.045" reason="excessive time being spent in gc" timestamp="2019-08-04T20:35:22.566" />
<gc-end id="1456" type="global" contextid="1450" durationms="4.736" usertimems="11.983" systemtimems="0.000" timestamp="2019-08-04T20:35:22.566" activeThreads="5">
  <mem-info id="1457" free="8473464" total="14090240" percent="60">
    <mem type="tenure" free="8473464" total="14090240" percent="60" micro-fragmented="247348">
      <mem type="soa" free="8051576" total="13668352" percent="58" />
      <mem type="loa" free="421888" total="421888" percent="100" />
    </mem>
    <pending-finalizers system="0" default="0" reference="14" classloader="0" />
  </mem-info>
</gc-end>
<cycle-end id="1458" type="global" contextid="1450" timestamp="2019-08-04T20:35:22.566">
  <attribute name="GC Util" value="50" />
  <attribute name="CPU Util" value="25314071996594" />
  <attribute name="Time Running"value="62811"/>
  <attribute name="Number of cores"value="16"/>
</cycle-end>
<allocation-satisfied id="1459" threadId="0000000000968F00" bytesRequested="56" />
<af-end id="1460" timestamp="2019-08-04T20:35:22.566" threadId="0000000000969888" success="true" />
<exclusive-end id="1461" timestamp="2019-08-04T20:35:22.566" durationms="4.947" />

<exclusive-start id="1462" timestamp="2019-08-04T20:35:22.613" intervalms="52.261">
  <response-info timems="0.035" idlems="0.035" threads="0" lastid="0000000000968F00" lastname="main" />
</exclusive-start>
<af-start id="1463" threadId="0000000000969888" totalBytesRequested="16392" timestamp="2019-08-04T20:35:22.613" intervalms="52.259" />
<cycle-start id="1464" type="global" contextid="0" timestamp="2019-08-04T20:35:22.613" intervalms="52.258" />
  <attribute name="GC Util" value="50" />
  <attribute name="CPU Util" value="25314071996594" />
  <attribute name="Time Running"value="62811"/>
  <attribute name="Number of cores"value="16"/>
<gc-start id="1465" type="global" contextid="1464" timestamp="2019-08-04T20:35:22.613">
  <mem-info id="1466" free="356344" total="14090240" percent="2">
    <mem type="tenure" free="356344" total="14090240" percent="2">
      <mem type="soa" free="0" total="13668352" percent="0" />
      <mem type="loa" free="356344" total="421888" percent="84" />
    </mem>
  </mem-info>
</gc-start>
<allocation-stats totalBytes="8072976" >
  <allocated-bytes non-tlh="890104" tlh="7182872" />
  <largest-consumer threadName="main" threadId="0000000000968F00" bytes="8072976" />
</allocation-stats>
<gc-op id="1467" type="mark" timems="4.428" contextid="1464" timestamp="2019-08-04T20:35:22.618">
  <trace-info objectcount="88594" scancount="72259" scanbytes="2357948" />
  <finalization candidates="80" enqueued="0" />
  <ownableSynchronizers candidates="21" cleared="0" />
  <references type="soft" candidates="1721" cleared="0" enqueued="0" dynamicThreshold="19" maxThreshold="32" />
  <references type="weak" candidates="4627" cleared="3" enqueued="3" />
  <references type="phantom" candidates="97" cleared="0" enqueued="0" />
  <stringconstants candidates="11045" cleared="12"  />
</gc-op>
<gc-op id="1468" type="sweep" timems="1.724" contextid="1464" timestamp="2019-08-04T20:35:22.619" />
<gc-end id="1469" type="global" contextid="1464" durationms="6.303" usertimems="22.059" systemtimems="0.000" timestamp="2019-08-04T20:35:22.619" activeThreads="6">
  <mem-info id="1470" free="8840392" total="14090240" percent="62">
    <mem type="tenure" free="8840392" total="14090240" percent="62" micro-fragmented="64397">
      <mem type="soa" free="8484048" total="13668352" percent="62" />
      <mem type="loa" free="356344" total="421888" percent="84" />
    </mem>
    <pending-finalizers system="0" default="0" reference="3" classloader="0" />
  </mem-info>
</gc-end>
<cycle-end id="1471" type="global" contextid="1464" timestamp="2019-08-04T20:35:22.619">
  <attribute name="GC Util" value="68" />
  <attribute name="CPU Util" value="15621726563384" />
  <attribute name="Time Running"value="62865"/>
  <attribute name="Number of cores"value="16"/>
</cycle-end>
<allocation-satisfied id="1472" threadId="0000000000968F00" bytesRequested="16392" />
<af-end id="1473" timestamp="2019-08-04T20:35:22.619" threadId="0000000000969888" success="true" />
<exclusive-end id="1474" timestamp="2019-08-04T20:35:22.619" durationms="6.470" />

<exclusive-start id="1475" timestamp="2019-08-04T20:35:22.647" intervalms="33.819">
  <response-info timems="0.044" idlems="0.044" threads="0" lastid="0000000000968F00" lastname="main" />
</exclusive-start>
<af-start id="1476" threadId="0000000000969888" totalBytesRequested="32" timestamp="2019-08-04T20:35:22.647" intervalms="33.822" />
<cycle-start id="1477" type="global" contextid="0" timestamp="2019-08-04T20:35:22.647" intervalms="33.822" />
  <attribute name="GC Util" value="68" />
  <attribute name="CPU Util" value="15621726563384" />
  <attribute name="Time Running"value="62865"/>
  <attribute name="Number of cores"value="16"/>
<gc-start id="1478" type="global" contextid="1477" timestamp="2019-08-04T20:35:22.647">
  <mem-info id="1479" free="356344" total="14090240" percent="2">
    <mem type="tenure" free="356344" total="14090240" percent="2">
      <mem type="soa" free="0" total="13668352" percent="0" />
      <mem type="loa" free="356344" total="421888" percent="84" />
    </mem>
  </mem-info>
</gc-start>
<allocation-stats totalBytes="8484280" >
  <allocated-bytes non-tlh="19552" tlh="8464728" />
  <largest-consumer threadName="main" threadId="0000000000968F00" bytes="8482872" />
</allocation-stats>
<gc-op id="1480" type="mark" timems="3.557" contextid="1477" timestamp="2019-08-04T20:35:22.651">
  <trace-info objectcount="100955" scancount="83607" scanbytes="2879500" />
  <finalization candidates="80" enqueued="0" />
  <ownableSynchronizers candidates="21" cleared="0" />
  <references type="soft" candidates="1721" cleared="0" enqueued="0" dynamicThreshold="20" maxThreshold="32" />
  <references type="weak" candidates="4643" cleared="0" enqueued="0" />
  <references type="phantom" candidates="97" cleared="0" enqueued="0" />
  <stringconstants candidates="11060" cleared="0"  />
</gc-op>
<gc-op id="1481" type="sweep" timems="0.831" contextid="1477" timestamp="2019-08-04T20:35:22.651" />
<gc-end id="1482" type="global" contextid="1477" durationms="4.494" usertimems="16.470" systemtimems="0.000" timestamp="2019-08-04T20:35:22.651" activeThreads="6">
  <mem-info id="1483" free="6246376" total="14090240" percent="44">
    <mem type="tenure" free="6246376" total="14090240" percent="44" micro-fragmented="111150">
      <mem type="soa" free="5858032" total="13668352" percent="42" />
      <mem type="loa" free="388344" total="421888" percent="92" />
    </mem>
  </mem-info>
</gc-end>
<cycle-end id="1484" type="global" contextid="1477" timestamp="2019-08-04T20:35:22.651">
  <attribute name="GC Util" value="260" />
  <attribute name="CPU Util" value="5150415602461" />
  <attribute name="Time Running"value="62896"/>
  <attribute name="Number of cores"value="16"/>
</cycle-end>
<allocation-satisfied id="1485" threadId="0000000000968F00" bytesRequested="32" />
<af-end id="1486" timestamp="2019-08-04T20:35:22.651" threadId="0000000000969888" success="true" />
<exclusive-end id="1487" timestamp="2019-08-04T20:35:22.651" durationms="4.671" />

<exclusive-start id="1488" timestamp="2019-08-04T20:35:22.678" intervalms="31.548">
  <response-info timems="0.075" idlems="0.075" threads="0" lastid="0000000000968F00" lastname="main" />
</exclusive-start>
<af-start id="1489" threadId="0000000000969888" totalBytesRequested="16" timestamp="2019-08-04T20:35:22.678" intervalms="31.550" />
<cycle-start id="1490" type="global" contextid="0" timestamp="2019-08-04T20:35:22.680" intervalms="32.981" />
  <attribute name="GC Util" value="12" />
  <attribute name="CPU Util" value="661462979725" />
  <attribute name="Time Running"value="62924"/>
  <attribute name="Number of cores"value="16"/>
<gc-start id="1491" type="global" contextid="1490" timestamp="2019-08-04T20:35:22.680">
  <mem-info id="1492" free="356344" total="14090240" percent="2">
    <mem type="tenure" free="356344" total="14090240" percent="2">
      <mem type="soa" free="0" total="13668352" percent="0" />
      <mem type="loa" free="356344" total="421888" percent="84" />
    </mem>
  </mem-info>
</gc-start>
<allocation-stats totalBytes="7703736" >
  <allocated-bytes non-tlh="168" tlh="7703568" />
  <largest-consumer threadName="main" threadId="0000000000968F00" bytes="7703736" />
</allocation-stats>
<gc-op id="1493" type="mark" timems="11.107" contextid="1490" timestamp="2019-08-04T20:35:22.691">
  <trace-info objectcount="104290" scancount="87126" scanbytes="2941256" />
  <finalization candidates="80" enqueued="0" />
  <ownableSynchronizers candidates="21" cleared="0" />
  <references type="soft" candidates="1721" cleared="193" enqueued="186" dynamicThreshold="14" maxThreshold="32" />
  <references type="weak" candidates="4643" cleared="0" enqueued="0" />
  <references type="phantom" candidates="96" cleared="0" enqueued="0" />
  <stringconstants candidates="11061" cleared="0"  />
</gc-op>
<gc-op id="1494" type="classunload" timems="0.004" contextid="1490" timestamp="2019-08-04T20:35:22.691">
  <classunload-info classloadercandidates="19" classloadersunloaded="0" classesunloaded="0" anonymousclassesunloaded="0" quiescems="0.000" setupms="0.003" scanms="0.001" postms="0.000" />
</gc-op>
<gc-op id="1495" type="sweep" timems="1.736" contextid="1490" timestamp="2019-08-04T20:35:22.693" />
<heap-resize id="1496" type="expand" space="tenure" amount="1638400" count="1" timems="0.146" reason="excessive time being spent in gc" timestamp="2019-08-04T20:35:22.693" />
<gc-end id="1497" type="global" contextid="1490" durationms="13.151" usertimems="24.790" systemtimems="0.000" timestamp="2019-08-04T20:35:22.693" activeThreads="6">
  <mem-info id="1498" free="9443224" total="15728640" percent="60">
    <mem type="tenure" free="9443224" total="15728640" percent="60" micro-fragmented="504529">
      <mem type="soa" free="8972184" total="15257600" percent="58" />
      <mem type="loa" free="471040" total="471040" percent="100" />
    </mem>
    <pending-finalizers system="0" default="0" reference="186" classloader="0" />
  </mem-info>
</gc-end>
<cycle-end id="1499" type="global" contextid="1490" timestamp="2019-08-04T20:35:22.693">
  <attribute name="GC Util" value="68" />
  <attribute name="CPU Util" value="19166882062922" />
  <attribute name="Time Running"value="62938"/>
  <attribute name="Number of cores"value="16"/>
</cycle-end>
<allocation-satisfied id="1500" threadId="0000000000968F00" bytesRequested="16" />
<af-end id="1501" timestamp="2019-08-04T20:35:22.693" threadId="0000000000969888" success="true" />
<exclusive-end id="1502" timestamp="2019-08-04T20:35:22.693" durationms="14.779" />

<exclusive-start id="1503" timestamp="2019-08-04T20:35:22.772" intervalms="93.444">
  <response-info timems="0.021" idlems="0.021" threads="0" lastid="0000000000968F00" lastname="main" />
</exclusive-start>
<af-start id="1504" threadId="0000000000969888" totalBytesRequested="34160" timestamp="2019-08-04T20:35:22.772" intervalms="93.448" />
<cycle-start id="1505" type="global" contextid="0" timestamp="2019-08-04T20:35:22.772" intervalms="92.020" />
  <attribute name="GC Util" value="68" />
  <attribute name="CPU Util" value="19166882062922" />
  <attribute name="Time Running"value="62938"/>
  <attribute name="Number of cores"value="16"/>
<gc-start id="1506" type="global" contextid="1505" timestamp="2019-08-04T20:35:22.772">
  <mem-info id="1507" free="471040" total="15728640" percent="2">
    <mem type="tenure" free="471040" total="15728640" percent="2">
      <mem type="soa" free="0" total="15257600" percent="0" />
      <mem type="loa" free="471040" total="471040" percent="100" />
    </mem>
  </mem-info>
</gc-start>
<allocation-stats totalBytes="8870048" >
  <allocated-bytes non-tlh="1865360" tlh="7004688" />
  <largest-consumer threadName="main" threadId="0000000000968F00" bytes="8865952" />
</allocation-stats>
<gc-op id="1508" type="mark" timems="4.380" contextid="1505" timestamp="2019-08-04T20:35:22.776">
  <trace-info objectcount="97390" scancount="80498" scanbytes="2780444" />
  <finalization candidates="80" enqueued="0" />
  <ownableSynchronizers candidates="21" cleared="0" />
  <references type="soft" candidates="1539" cleared="0" enqueued="0" dynamicThreshold="19" maxThreshold="32" />
  <references type="weak" candidates="4828" cleared="1" enqueued="1" />
  <references type="phantom" candidates="97" cleared="0" enqueued="0" />
  <stringconstants candidates="11310" cleared="34"  />
</gc-op>
<gc-op id="1509" type="sweep" timems="1.508" contextid="1505" timestamp="2019-08-04T20:35:22.778" />
<gc-end id="1510" type="global" contextid="1505" durationms="6.031" usertimems="17.403" systemtimems="0.000" timestamp="2019-08-04T20:35:22.778" activeThreads="7">
  <mem-info id="1511" free="9821040" total="15728640" percent="62">
    <mem type="tenure" free="9821040" total="15728640" percent="62" micro-fragmented="185483">
      <mem type="soa" free="9350000" total="15257600" percent="61" />
      <mem type="loa" free="471040" total="471040" percent="100" />
    </mem>
    <pending-finalizers system="0" default="0" reference="1" classloader="0" />
  </mem-info>
</gc-end>
<cycle-end id="1512" type="global" contextid="1505" timestamp="2019-08-04T20:35:22.778">
  <attribute name="GC Util" value="69" />
  <attribute name="CPU Util" value="18607099955358" />
  <attribute name="Time Running"value="63023"/>
  <attribute name="Number of cores"value="16"/>
</cycle-end>
<allocation-satisfied id="1513" threadId="0000000000968F00" bytesRequested="34160" />
<af-end id="1514" timestamp="2019-08-04T20:35:22.778" threadId="0000000000969888" success="true" />
<exclusive-end id="1515" timestamp="2019-08-04T20:35:22.778" durationms="6.209" />

<exclusive-start id="1516" timestamp="2019-08-04T20:35:22.819" intervalms="47.296">
  <response-info timems="0.013" idlems="0.013" threads="0" lastid="0000000000968F00" lastname="main" />
</exclusive-start>
<af-start id="1517" threadId="0000000000969888" totalBytesRequested="32" timestamp="2019-08-04T20:35:22.819" intervalms="47.326" />
<cycle-start id="1518" type="global" contextid="0" timestamp="2019-08-04T20:35:22.819" intervalms="47.324" />
  <attribute name="GC Util" value="69" />
  <attribute name="CPU Util" value="18607099955358" />
  <attribute name="Time Running"value="63023"/>
  <attribute name="Number of cores"value="16"/>
<gc-start id="1519" type="global" contextid="1518" timestamp="2019-08-04T20:35:22.819">
  <mem-info id="1520" free="471040" total="15728640" percent="2">
    <mem type="tenure" free="471040" total="15728640" percent="2">
      <mem type="soa" free="0" total="15257600" percent="0" />
      <mem type="loa" free="471040" total="471040" percent="100" />
    </mem>
  </mem-info>
</gc-start>
<allocation-stats totalBytes="9345912" >
  <allocated-bytes non-tlh="34736" tlh="9311176" />
  <largest-consumer threadName="main" threadId="0000000000968F00" bytes="9345032" />
</allocation-stats>
<gc-op id="1521" type="mark" timems="3.472" contextid="1518" timestamp="2019-08-04T20:35:22.823">
  <trace-info objectcount="111468" scancount="93107" scanbytes="3271632" />
  <finalization candidates="80" enqueued="0" />
  <ownableSynchronizers candidates="21" cleared="0" />
  <references type="soft" candidates="1539" cleared="0" enqueued="0" dynamicThreshold="19" maxThreshold="32" />
  <references type="weak" candidates="4828" cleared="0" enqueued="0" />
  <references type="phantom" candidates="97" cleared="0" enqueued="0" />
  <stringconstants candidates="11288" cleared="0"  />
</gc-op>
<gc-op id="1522" type="sweep" timems="1.608" contextid="1518" timestamp="2019-08-04T20:35:22.824" />
<heap-resize id="1523" type="expand" space="tenure" amount="1376256" count="1" timems="0.057" reason="excessive time being spent in gc" timestamp="2019-08-04T20:35:22.825" />
<gc-end id="1524" type="global" contextid="1518" durationms="5.253" usertimems="16.477" systemtimems="0.000" timestamp="2019-08-04T20:35:22.825" activeThreads="7">
  <mem-info id="1525" free="10264352" total="17104896" percent="60">
    <mem type="tenure" free="10264352" total="17104896" percent="60" micro-fragmented="482043">
      <mem type="soa" free="9751328" total="16591872" percent="58" />
      <mem type="loa" free="513024" total="513024" percent="100" />
    </mem>
  </mem-info>
</gc-end>
<cycle-end id="1526" type="global" contextid="1518" timestamp="2019-08-04T20:35:22.825">
  <attribute name="GC Util" value="70" />
  <attribute name="CPU Util" value="22975860458174" />
  <attribute name="Time Running"value="63069"/>
  <attribute name="Number of cores"value="16"/>
</cycle-end>
<allocation-satisfied id="1527" threadId="0000000000968F00" bytesRequested="32" />
<af-end id="1528" timestamp="2019-08-04T20:35:22.825" threadId="0000000000969888" success="true" />
<exclusive-end id="1529" timestamp="2019-08-04T20:35:22.825" durationms="5.627" />

<exclusive-start id="1530" timestamp="2019-08-04T20:35:22.901" intervalms="81.456">
  <response-info timems="0.031" idlems="0.031" threads="0" lastid="0000000000968F00" lastname="main" />
</exclusive-start>
<af-start id="1531" threadId="0000000000969888" totalBytesRequested="88" timestamp="2019-08-04T20:35:22.901" intervalms="81.421" />
<cycle-start id="1532" type="global" contextid="0" timestamp="2019-08-04T20:35:22.901" intervalms="81.420" />
  <attribute name="GC Util" value="70" />
  <attribute name="CPU Util" value="22975860458174" />
  <attribute name="Time Running"value="63069"/>
  <attribute name="Number of cores"value="16"/>
<gc-start id="1533" type="global" contextid="1532" timestamp="2019-08-04T20:35:22.901">
  <mem-info id="1534" free="513024" total="17104896" percent="2">
    <mem type="tenure" free="513024" total="17104896" percent="2">
      <mem type="soa" free="0" total="16591872" percent="0" />
      <mem type="loa" free="513024" total="513024" percent="100" />
    </mem>
  </mem-info>
</gc-start>
<allocation-stats totalBytes="9721288" >
  <allocated-bytes non-tlh="22440" tlh="9698848" />
  <largest-consumer threadName="main" threadId="0000000000968F00" bytes="9721288" />
</allocation-stats>
<gc-op id="1535" type="mark" timems="3.624" contextid="1532" timestamp="2019-08-04T20:35:22.904">
  <trace-info objectcount="89570" scancount="73183" scanbytes="2375760" />
  <finalization candidates="80" enqueued="0" />
  <ownableSynchronizers candidates="21" cleared="0" />
  <references type="soft" candidates="1540" cleared="0" enqueued="0" dynamicThreshold="19" maxThreshold="32" />
  <references type="weak" candidates="4832" cleared="3" enqueued="3" />
  <references type="phantom" candidates="96" cleared="0" enqueued="0" />
  <stringconstants candidates="11408" cleared="12"  />
</gc-op>
<gc-op id="1536" type="sweep" timems="1.026" contextid="1532" timestamp="2019-08-04T20:35:22.905" />
<gc-end id="1537" type="global" contextid="1532" durationms="4.767" usertimems="13.575" systemtimems="0.000" timestamp="2019-08-04T20:35:22.905" activeThreads="8">
  <mem-info id="1538" free="7655624" total="17104896" percent="44">
    <mem type="tenure" free="7655624" total="17104896" percent="44" micro-fragmented="56043">
      <mem type="soa" free="7177672" total="16591872" percent="43" />
      <mem type="loa" free="477952" total="513024" percent="93" />
    </mem>
    <pending-finalizers system="0" default="0" reference="3" classloader="0" />
  </mem-info>
</gc-end>
<cycle-end id="1539" type="global" contextid="1532" timestamp="2019-08-04T20:35:22.905">
  <attribute name="GC Util" value="615" />
  <attribute name="CPU Util" value="5049725709824" />
  <attribute name="Time Running"value="63150"/>
  <attribute name="Number of cores"value="16"/>
</cycle-end>
<allocation-satisfied id="1540" threadId="0000000000968F00" bytesRequested="88" />
<af-end id="1541" timestamp="2019-08-04T20:35:22.906" threadId="0000000000969888" success="true" />
<exclusive-end id="1542" timestamp="2019-08-04T20:35:22.906" durationms="4.948" />

<exclusive-start id="1543" timestamp="2019-08-04T20:35:22.994" intervalms="93.311">
  <response-info timems="0.044" idlems="0.044" threads="0" lastid="0000000000968F00" lastname="main" />
</exclusive-start>
<af-start id="1544" threadId="0000000000969888" totalBytesRequested="40" timestamp="2019-08-04T20:35:22.994" intervalms="93.311" />
<cycle-start id="1545" type="global" contextid="0" timestamp="2019-08-04T20:35:22.995" intervalms="94.058" />
  <attribute name="GC Util" value="3" />
  <attribute name="CPU Util" value="205902030622" />
  <attribute name="Time Running"value="63240"/>
  <attribute name="Number of cores"value="16"/>
<gc-start id="1546" type="global" contextid="1545" timestamp="2019-08-04T20:35:22.995">
  <mem-info id="1547" free="513024" total="17104896" percent="2">
    <mem type="tenure" free="513024" total="17104896" percent="2">
      <mem type="soa" free="0" total="16591872" percent="0" />
      <mem type="loa" free="513024" total="513024" percent="100" />
    </mem>
  </mem-info>
</gc-start>
<allocation-stats totalBytes="11563936" >
  <allocated-bytes non-tlh="826824" tlh="10737112" />
  <largest-consumer threadName="main" threadId="0000000000968F00" bytes="11561408" />
</allocation-stats>
<gc-op id="1548" type="mark" timems="4.220" contextid="1545" timestamp="2019-08-04T20:35:22.999">
  <trace-info objectcount="100611" scancount="83122" scanbytes="2802972" />
  <finalization candidates="81" enqueued="1" />
  <ownableSynchronizers candidates="21" cleared="0" />
  <references type="soft" candidates="1565" cleared="13" enqueued="12" dynamicThreshold="14" maxThreshold="32" />
  <references type="weak" candidates="5135" cleared="13" enqueued="13" />
  <references type="phantom" candidates="97" cleared="0" enqueued="0" />
  <stringconstants candidates="11637" cleared="0"  />
</gc-op>
<gc-op id="1549" type="sweep" timems="1.354" contextid="1545" timestamp="2019-08-04T20:35:23.000" />
<gc-end id="1550" type="global" contextid="1545" durationms="5.691" usertimems="22.265" systemtimems="0.000" timestamp="2019-08-04T20:35:23.000" activeThreads="8">
  <mem-info id="1551" free="7779744" total="17104896" percent="45">
    <mem type="tenure" free="7779744" total="17104896" percent="45" micro-fragmented="68476">
      <mem type="soa" free="7294776" total="16591872" percent="43" />
      <mem type="loa" free="484968" total="513024" percent="94" />
    </mem>
    <pending-finalizers system="0" default="1" reference="25" classloader="0" />
  </mem-info>
</gc-end>
<cycle-end id="1552" type="global" contextid="1545" timestamp="2019-08-04T20:35:23.000">
  <attribute name="GC Util" value="301" />
  <attribute name="CPU Util" value="4295134572772" />
  <attribute name="Time Running"value="63245"/>
  <attribute name="Number of cores"value="16"/>
</cycle-end>
<allocation-satisfied id="1553" threadId="0000000000968F00" bytesRequested="40" />
<af-end id="1554" timestamp="2019-08-04T20:35:23.000" threadId="0000000000969888" success="true" />
<exclusive-end id="1555" timestamp="2019-08-04T20:35:23.000" durationms="6.623" />

<exclusive-start id="1556" timestamp="2019-08-04T20:35:23.069" intervalms="75.395">
  <response-info timems="0.016" idlems="0.016" threads="0" lastid="0000000000968F00" lastname="main" />
</exclusive-start>
<af-start id="1557" threadId="0000000000969888" totalBytesRequested="57904" timestamp="2019-08-04T20:35:23.069" intervalms="75.394" />
<cycle-start id="1558" type="global" contextid="0" timestamp="2019-08-04T20:35:23.070" intervalms="75.088" />
  <attribute name="GC Util" value="7" />
  <attribute name="CPU Util" value="262456543334" />
  <attribute name="Time Running"value="63315"/>
  <attribute name="Number of cores"value="16"/>
<gc-start id="1559" type="global" contextid="1558" timestamp="2019-08-04T20:35:23.070">
  <mem-info id="1560" free="1392776" total="17104896" percent="8">
    <mem type="tenure" free="1392776" total="17104896" percent="8">
      <mem type="soa" free="1145304" total="16591872" percent="6" />
      <mem type="loa" free="247472" total="513024" percent="48" />
    </mem>
  </mem-info>
</gc-start>
<allocation-stats totalBytes="9596088" >
  <allocated-bytes non-tlh="752784" tlh="8843304" />
  <largest-consumer threadName="main" threadId="0000000000968F00" bytes="9587776" />
</allocation-stats>
<gc-op id="1561" type="mark" timems="7.530" contextid="1558" timestamp="2019-08-04T20:35:23.077">
  <trace-info objectcount="94483" scancount="77481" scanbytes="2555716" />
  <finalization candidates="80" enqueued="0" />
  <ownableSynchronizers candidates="21" cleared="0" />
  <references type="soft" candidates="1576" cleared="105" enqueued="104" dynamicThreshold="14" maxThreshold="32" />
  <references type="weak" candidates="5129" cleared="2" enqueued="2" />
  <references type="phantom" candidates="98" cleared="0" enqueued="0" />
  <stringconstants candidates="11764" cleared="6"  />
</gc-op>
<gc-op id="1562" type="classunload" timems="0.488" contextid="1558" timestamp="2019-08-04T20:35:23.078">
  <classunload-info classloadercandidates="28" classloadersunloaded="1" classesunloaded="1" anonymousclassesunloaded="0" quiescems="0.000" setupms="0.476" scanms="0.010" postms="0.002" />
</gc-op>
<gc-op id="1563" type="sweep" timems="1.143" contextid="1558" timestamp="2019-08-04T20:35:23.079" />
<gc-end id="1564" type="global" contextid="1558" durationms="9.317" usertimems="19.437" systemtimems="1.264" timestamp="2019-08-04T20:35:23.079" activeThreads="8">
  <mem-info id="1565" free="7805416" total="17104896" percent="45">
    <mem type="tenure" free="7805416" total="17104896" percent="45" micro-fragmented="123192">
      <mem type="soa" free="7314840" total="16591872" percent="44" />
      <mem type="loa" free="490576" total="513024" percent="95" />
    </mem>
    <pending-finalizers system="0" default="0" reference="106" classloader="0" />
  </mem-info>
</gc-end>
<cycle-end id="1566" type="global" contextid="1558" timestamp="2019-08-04T20:35:23.079">
  <attribute name="GC Util" value="185" />
  <attribute name="CPU Util" value="2274150995280" />
  <attribute name="Time Running"value="63324"/>
  <attribute name="Number of cores"value="16"/>
</cycle-end>
<allocation-satisfied id="1567" threadId="0000000000968F00" bytesRequested="57904" />
<af-end id="1568" timestamp="2019-08-04T20:35:23.079" threadId="0000000000969888" success="true" />
<exclusive-end id="1569" timestamp="2019-08-04T20:35:23.079" durationms="9.993" />

<exclusive-start id="1570" timestamp="2019-08-04T20:35:23.110" intervalms="40.725">
  <response-info timems="0.015" idlems="0.015" threads="0" lastid="0000000000968F00" lastname="main" />
</exclusive-start>
<af-start id="1571" threadId="0000000000969888" totalBytesRequested="16" timestamp="2019-08-04T20:35:23.110" intervalms="40.724" />
<cycle-start id="1572" type="global" contextid="0" timestamp="2019-08-04T20:35:23.111" intervalms="40.809" />
  <attribute name="GC Util" value="16" />
  <attribute name="CPU Util" value="574635383682" />
  <attribute name="Time Running"value="63356"/>
  <attribute name="Number of cores"value="16"/>
<gc-start id="1573" type="global" contextid="1572" timestamp="2019-08-04T20:35:23.111">
  <mem-info id="1574" free="447480" total="17104896" percent="2">
    <mem type="tenure" free="447480" total="17104896" percent="2">
      <mem type="soa" free="0" total="16591872" percent="0" />
      <mem type="loa" free="447480" total="513024" percent="87" />
    </mem>
  </mem-info>
</gc-start>
<allocation-stats totalBytes="10958432" >
  <allocated-bytes non-tlh="1058648" tlh="9899784" />
  <largest-consumer threadName="main" threadId="0000000000968F00" bytes="10958432" />
</allocation-stats>
<gc-op id="1575" type="mark" timems="3.630" contextid="1572" timestamp="2019-08-04T20:35:23.114">
  <trace-info objectcount="113569" scancount="95315" scanbytes="3243468" />
  <finalization candidates="80" enqueued="0" />
  <ownableSynchronizers candidates="21" cleared="0" />
  <references type="soft" candidates="1471" cleared="76" enqueued="75" dynamicThreshold="14" maxThreshold="32" />
  <references type="weak" candidates="5127" cleared="0" enqueued="0" />
  <references type="phantom" candidates="97" cleared="0" enqueued="0" />
  <stringconstants candidates="11760" cleared="55"  />
</gc-op>
<gc-op id="1576" type="sweep" timems="0.948" contextid="1572" timestamp="2019-08-04T20:35:23.115" />
<gc-end id="1577" type="global" contextid="1572" durationms="4.691" usertimems="14.961" systemtimems="0.891" timestamp="2019-08-04T20:35:23.115" activeThreads="8">
  <mem-info id="1578" free="8341568" total="17104896" percent="48">
    <mem type="tenure" free="8341568" total="17104896" percent="48" micro-fragmented="388060">
      <mem type="soa" free="7859608" total="16591872" percent="47" />
      <mem type="loa" free="481960" total="513024" percent="93" />
    </mem>
    <pending-finalizers system="0" default="0" reference="75" classloader="0" />
  </mem-info>
</gc-end>
<cycle-end id="1579" type="global" contextid="1572" timestamp="2019-08-04T20:35:23.115">
  <attribute name="GC Util" value="293" />
  <attribute name="CPU Util" value="5010919745799" />
  <attribute name="Time Running"value="63360"/>
  <attribute name="Number of cores"value="16"/>
</cycle-end>
<allocation-satisfied id="1580" threadId="0000000000968F00" bytesRequested="16" />
<af-end id="1581" timestamp="2019-08-04T20:35:23.115" threadId="0000000000969888" success="true" />
<exclusive-end id="1582" timestamp="2019-08-04T20:35:23.115" durationms="5.382" />

<exclusive-start id="1583" timestamp="2019-08-04T20:35:23.128" intervalms="18.058">
  <response-info timems="0.017" idlems="0.017" threads="0" lastid="0000000000968F00" lastname="main" />
</exclusive-start>
<af-start id="1584" threadId="0000000000969888" totalBytesRequested="57856" timestamp="2019-08-04T20:35:23.128" intervalms="18.054" />
<cycle-start id="1585" type="global" contextid="0" timestamp="2019-08-04T20:35:23.129" intervalms="18.136" />
  <attribute name="GC Util" value="33" />
  <attribute name="CPU Util" value="1337997880007" />
  <attribute name="Time Running"value="63374"/>
  <attribute name="Number of cores"value="16"/>
<gc-start id="1586" type="global" contextid="1585" timestamp="2019-08-04T20:35:23.129">
  <mem-info id="1587" free="7336272" total="17104896" percent="42">
    <mem type="tenure" free="7336272" total="17104896" percent="42">
      <mem type="soa" free="6823248" total="16591872" percent="41" />
      <mem type="loa" free="513024" total="513024" percent="100" />
    </mem>
  </mem-info>
</gc-start>
<allocation-stats totalBytes="2420136" >
  <allocated-bytes non-tlh="74776" tlh="2345360" />
  <largest-consumer threadName="main" threadId="0000000000968F00" bytes="2420136" />
</allocation-stats>
<gc-op id="1588" type="mark" timems="4.297" contextid="1585" timestamp="2019-08-04T20:35:23.133">
  <trace-info objectcount="101036" scancount="81542" scanbytes="2731984" />
  <finalization candidates="80" enqueued="0" />
  <ownableSynchronizers candidates="21" cleared="0" />
  <references type="soft" candidates="1395" cleared="0" enqueued="0" dynamicThreshold="15" maxThreshold="32" />
  <references type="weak" candidates="5127" cleared="0" enqueued="0" />
  <references type="phantom" candidates="97" cleared="0" enqueued="0" />
  <stringconstants candidates="11705" cleared="8"  />
</gc-op>
<gc-op id="1589" type="sweep" timems="1.664" contextid="1585" timestamp="2019-08-04T20:35:23.135" />
<heap-resize id="1590" type="contract" space="tenure" amount="327680" count="1" timems="0.067" reason="excess free space following gc" timestamp="2019-08-04T20:35:23.135" />
<gc-end id="1591" type="global" contextid="1585" durationms="6.171" usertimems="11.333" systemtimems="6.218" timestamp="2019-08-04T20:35:23.135" activeThreads="8">
  <mem-info id="1592" free="10058608" total="16777216" percent="59">
    <mem type="tenure" free="10058608" total="16777216" percent="59" micro-fragmented="455479">
      <mem type="soa" free="9873264" total="16274432" percent="60" />
      <mem type="loa" free="185344" total="502784" percent="36" />
    </mem>
  </mem-info>
</gc-end>
<cycle-end id="1593" type="global" contextid="1585" timestamp="2019-08-04T20:35:23.135">
  <attribute name="GC Util" value="85" />
  <attribute name="CPU Util" value="16625053696901" />
  <attribute name="Time Running"value="63380"/>
  <attribute name="Number of cores"value="16"/>
</cycle-end>
<allocation-satisfied id="1594" threadId="0000000000968F00" bytesRequested="57856" />
<af-end id="1595" timestamp="2019-08-04T20:35:23.135" threadId="0000000000969888" success="true" />
<exclusive-end id="1596" timestamp="2019-08-04T20:35:23.135" durationms="6.964" />

<exclusive-start id="1597" timestamp="2019-08-04T20:35:23.173" intervalms="44.828">
  <response-info timems="0.015" idlems="0.015" threads="0" lastid="0000000000968F00" lastname="main" />
</exclusive-start>
<af-start id="1598" threadId="0000000000969888" totalBytesRequested="200008" timestamp="2019-08-04T20:35:23.173" intervalms="44.859" />
<cycle-start id="1599" type="global" contextid="0" timestamp="2019-08-04T20:35:23.173" intervalms="44.254" />
  <attribute name="GC Util" value="85" />
  <attribute name="CPU Util" value="16625053696901" />
  <attribute name="Time Running"value="63380"/>
  <attribute name="Number of cores"value="16"/>
<gc-start id="1600" type="global" contextid="1599" timestamp="2019-08-04T20:35:23.173">
  <mem-info id="1601" free="2423640" total="16777216" percent="14">
    <mem type="tenure" free="2423640" total="16777216" percent="14">
      <mem type="soa" free="2238296" total="16274432" percent="13" />
      <mem type="loa" free="185344" total="502784" percent="36" />
    </mem>
  </mem-info>
</gc-start>
<allocation-stats totalBytes="7623768" >
  <allocated-bytes non-tlh="1008032" tlh="6615736" />
  <largest-consumer threadName="main" threadId="0000000000968F00" bytes="7623768" />
</allocation-stats>
<heap-resize id="1602" type="loa expand" space="tenure" amount="167936" count="1" timems="0.067" reason="expand on failed allocate" timestamp="2019-08-04T20:35:23.173" />
<gc-op id="1603" type="mark" timems="4.611" contextid="1599" timestamp="2019-08-04T20:35:23.178">
  <trace-info objectcount="98030" scancount="80756" scanbytes="2647664" />
  <finalization candidates="80" enqueued="0" />
  <ownableSynchronizers candidates="21" cleared="0" />
  <references type="soft" candidates="1490" cleared="0" enqueued="0" dynamicThreshold="19" maxThreshold="32" />
  <references type="weak" candidates="5299" cleared="9" enqueued="9" />
  <references type="phantom" candidates="98" cleared="0" enqueued="0" />
  <stringconstants candidates="12156" cleared="1"  />
</gc-op>
<gc-op id="1604" type="sweep" timems="1.063" contextid="1599" timestamp="2019-08-04T20:35:23.179" />
<gc-end id="1605" type="global" contextid="1599" durationms="5.852" usertimems="15.924" systemtimems="0.000" timestamp="2019-08-04T20:35:23.179" activeThreads="8">
  <mem-info id="1606" free="7237128" total="16777216" percent="43">
    <mem type="tenure" free="7237128" total="16777216" percent="43" micro-fragmented="165911">
      <mem type="soa" free="6719344" total="16106496" percent="41" />
      <mem type="loa" free="517784" total="670720" percent="77" />
    </mem>
    <pending-finalizers system="0" default="0" reference="9" classloader="0" />
  </mem-info>
</gc-end>
<cycle-end id="1607" type="global" contextid="1599" timestamp="2019-08-04T20:35:23.179">
  <attribute name="GC Util" value="241" />
  <attribute name="CPU Util" value="4061415915557" />
  <attribute name="Time Running"value="63423"/>
  <attribute name="Number of cores"value="16"/>
</cycle-end>
<allocation-satisfied id="1608" threadId="0000000000968F00" bytesRequested="200008" />
<af-end id="1609" timestamp="2019-08-04T20:35:23.179" threadId="0000000000969888" success="true" />
<exclusive-end id="1610" timestamp="2019-08-04T20:35:23.179" durationms="6.125" />

<exclusive-start id="1611" timestamp="2019-08-04T20:35:23.226" intervalms="52.673">
  <response-info timems="0.019" idlems="0.019" threads="0" lastid="0000000000968F00" lastname="main" />
</exclusive-start>
<af-start id="1612" threadId="0000000000969888" totalBytesRequested="32" timestamp="2019-08-04T20:35:23.226" intervalms="52.645" />
<cycle-start id="1613" type="global" contextid="0" timestamp="2019-08-04T20:35:23.226" intervalms="53.074" />
  <attribute name="GC Util" value="8" />
  <attribute name="CPU Util" value="385490879908" />
  <attribute name="Time Running"value="63471"/>
  <attribute name="Number of cores"value="16"/>
<gc-start id="1614" type="global" contextid="1613" timestamp="2019-08-04T20:35:23.226">
  <mem-info id="1615" free="517784" total="16777216" percent="3">
    <mem type="tenure" free="517784" total="16777216" percent="3">
      <mem type="soa" free="0" total="16106496" percent="0" />
      <mem type="loa" free="517784" total="670720" percent="77" />
    </mem>
  </mem-info>
</gc-start>
<allocation-stats totalBytes="10237520" >
  <allocated-bytes non-tlh="1053360" tlh="9184160" />
  <largest-consumer threadName="main" threadId="0000000000968F00" bytes="10237520" />
</allocation-stats>
<gc-op id="1616" type="mark" timems="5.541" contextid="1613" timestamp="2019-08-04T20:35:23.232">
  <trace-info objectcount="100068" scancount="82507" scanbytes="2727360" />
  <finalization candidates="80" enqueued="0" />
  <ownableSynchronizers candidates="21" cleared="0" />
  <references type="soft" candidates="1494" cleared="3" enqueued="2" dynamicThreshold="13" maxThreshold="32" />
  <references type="weak" candidates="5334" cleared="1" enqueued="1" />
  <references type="phantom" candidates="97" cleared="0" enqueued="0" />
  <stringconstants candidates="12221" cleared="2"  />
</gc-op>
<gc-op id="1617" type="classunload" timems="0.441" contextid="1613" timestamp="2019-08-04T20:35:23.232">
  <classunload-info classloadercandidates="34" classloadersunloaded="1" classesunloaded="1" anonymousclassesunloaded="0" quiescems="0.000" setupms="0.430" scanms="0.008" postms="0.003" />
</gc-op>
<gc-op id="1618" type="sweep" timems="1.850" contextid="1613" timestamp="2019-08-04T20:35:23.234" />
<heap-resize id="1619" type="contract" space="tenure" amount="196608" count="1" timems="0.043" reason="excess free space following gc" timestamp="2019-08-04T20:35:23.234" />
<gc-end id="1620" type="global" contextid="1613" durationms="8.024" usertimems="18.094" systemtimems="1.778" timestamp="2019-08-04T20:35:23.234" activeThreads="8">
  <mem-info id="1621" free="10303072" total="16580608" percent="62">
    <mem type="tenure" free="10303072" total="16580608" percent="62" micro-fragmented="298886">
      <mem type="soa" free="9988144" total="15918080" percent="62" />
      <mem type="loa" free="314928" total="662528" percent="47" />
    </mem>
    <pending-finalizers system="0" default="0" reference="3" classloader="0" />
  </mem-info>
</gc-end>
<cycle-end id="1622" type="global" contextid="1613" timestamp="2019-08-04T20:35:23.234">
  <attribute name="GC Util" value="78" />
  <attribute name="CPU Util" value="15786065719667" />
  <attribute name="Time Running"value="63479"/>
  <attribute name="Number of cores"value="16"/>
</cycle-end>
<allocation-satisfied id="1623" threadId="0000000000968F00" bytesRequested="32" />
<af-end id="1624" timestamp="2019-08-04T20:35:23.234" threadId="0000000000969888" success="true" />
<exclusive-end id="1625" timestamp="2019-08-04T20:35:23.234" durationms="8.653" />

<exclusive-start id="1626" timestamp="2019-08-04T20:35:23.274" intervalms="48.800">
  <response-info timems="0.018" idlems="0.018" threads="0" lastid="0000000000968F00" lastname="main" />
</exclusive-start>
<af-start id="1627" threadId="0000000000969888" totalBytesRequested="200008" timestamp="2019-08-04T20:35:23.274" intervalms="48.795" />
<cycle-start id="1628" type="global" contextid="0" timestamp="2019-08-04T20:35:23.274" intervalms="48.363" />
  <attribute name="GC Util" value="78" />
  <attribute name="CPU Util" value="15786065719667" />
  <attribute name="Time Running"value="63479"/>
  <attribute name="Number of cores"value="16"/>
<gc-start id="1629" type="global" contextid="1628" timestamp="2019-08-04T20:35:23.274">
  <mem-info id="1630" free="665800" total="16580608" percent="4">
    <mem type="tenure" free="665800" total="16580608" percent="4">
      <mem type="soa" free="350872" total="15918080" percent="2" />
      <mem type="loa" free="314928" total="662528" percent="47" />
    </mem>
  </mem-info>
</gc-start>
<allocation-stats totalBytes="9616592" >
  <allocated-bytes non-tlh="527824" tlh="9088768" />
  <largest-consumer threadName="main" threadId="0000000000968F00" bytes="9616592" />
</allocation-stats>
<heap-resize id="1631" type="loa expand" space="tenure" amount="165888" count="1" timems="0.043" reason="expand on failed allocate" timestamp="2019-08-04T20:35:23.274" />
<gc-op id="1632" type="mark" timems="3.025" contextid="1628" timestamp="2019-08-04T20:35:23.278">
  <trace-info objectcount="98235" scancount="80872" scanbytes="2615144" />
  <finalization candidates="80" enqueued="0" />
  <ownableSynchronizers candidates="21" cleared="0" />
  <references type="soft" candidates="1526" cleared="0" enqueued="0" dynamicThreshold="19" maxThreshold="32" />
  <references type="weak" candidates="5402" cleared="3" enqueued="3" />
  <references type="phantom" candidates="97" cleared="0" enqueued="0" />
  <stringconstants candidates="12373" cleared="12"  />
</gc-op>
<gc-op id="1633" type="sweep" timems="0.754" contextid="1628" timestamp="2019-08-04T20:35:23.278" />
<gc-end id="1634" type="global" contextid="1628" durationms="3.892" usertimems="12.927" systemtimems="0.000" timestamp="2019-08-04T20:35:23.278" activeThreads="7">
  <mem-info id="1635" free="8173704" total="16580608" percent="49">
    <mem type="tenure" free="8173704" total="16580608" percent="49" micro-fragmented="240291">
      <mem type="soa" free="7504472" total="15752192" percent="47" />
      <mem type="loa" free="669232" total="828416" percent="80" />
    </mem>
    <pending-finalizers system="0" default="0" reference="3" classloader="0" />
  </mem-info>
</gc-end>
<cycle-end id="1636" type="global" contextid="1628" timestamp="2019-08-04T20:35:23.278">
  <attribute name="GC Util" value="299" />
  <attribute name="CPU Util" value="6085505709708" />
  <attribute name="Time Running"value="63523"/>
  <attribute name="Number of cores"value="16"/>
</cycle-end>
<allocation-satisfied id="1637" threadId="0000000000968F00" bytesRequested="200008" />
<af-end id="1638" timestamp="2019-08-04T20:35:23.278" threadId="0000000000969888" success="true" />
<exclusive-end id="1639" timestamp="2019-08-04T20:35:23.278" durationms="4.035" />

<exclusive-start id="1640" timestamp="2019-08-04T20:35:23.305" intervalms="30.939">
  <response-info timems="0.020" idlems="0.020" threads="0" lastid="0000000000968F00" lastname="main" />
</exclusive-start>
<af-start id="1641" threadId="0000000000969888" totalBytesRequested="32" timestamp="2019-08-04T20:35:23.305" intervalms="30.968" />
<cycle-start id="1642" type="global" contextid="0" timestamp="2019-08-04T20:35:23.306" intervalms="31.802" />
  <attribute name="GC Util" value="11" />
  <attribute name="CPU Util" value="661706873588" />
  <attribute name="Time Running"value="63551"/>
  <attribute name="Number of cores"value="16"/>
<gc-start id="1643" type="global" contextid="1642" timestamp="2019-08-04T20:35:23.306">
  <mem-info id="1644" free="669232" total="16580608" percent="4">
    <mem type="tenure" free="669232" total="16580608" percent="4">
      <mem type="soa" free="0" total="15752192" percent="0" />
      <mem type="loa" free="669232" total="828416" percent="80" />
    </mem>
  </mem-info>
</gc-start>
<allocation-stats totalBytes="10145400" >
  <allocated-bytes non-tlh="815736" tlh="9329664" />
  <largest-consumer threadName="main" threadId="0000000000968F00" bytes="10144520" />
</allocation-stats>
<gc-op id="1645" type="mark" timems="4.187" contextid="1642" timestamp="2019-08-04T20:35:23.311">
  <trace-info objectcount="114486" scancount="95606" scanbytes="3304256" />
  <finalization candidates="80" enqueued="0" />
  <ownableSynchronizers candidates="21" cleared="0" />
  <references type="soft" candidates="1527" cleared="0" enqueued="0" dynamicThreshold="15" maxThreshold="32" />
  <references type="weak" candidates="5398" cleared="0" enqueued="0" />
  <references type="phantom" candidates="97" cleared="0" enqueued="0" />
  <stringconstants candidates="12378" cleared="0"  />
</gc-op>
<gc-op id="1646" type="sweep" timems="1.276" contextid="1642" timestamp="2019-08-04T20:35:23.312" />
<heap-resize id="1647" type="expand" space="tenure" amount="1048576" count="1" timems="0.060" reason="excessive time being spent in gc" timestamp="2019-08-04T20:35:23.312" />
<gc-end id="1648" type="global" contextid="1642" durationms="5.664" usertimems="10.747" systemtimems="5.581" timestamp="2019-08-04T20:35:23.312" activeThreads="7">
  <mem-info id="1649" free="10665392" total="17629184" percent="60">
    <mem type="tenure" free="10665392" total="17629184" percent="60" micro-fragmented="435257">
      <mem type="soa" free="9784752" total="16748544" percent="58" />
      <mem type="loa" free="880640" total="880640" percent="100" />
    </mem>
  </mem-info>
</gc-end>
<cycle-end id="1650" type="global" contextid="1642" timestamp="2019-08-04T20:35:23.312">
  <attribute name="GC Util" value="79" />
  <attribute name="CPU Util" value="22585655699137" />
  <attribute name="Time Running"value="63557"/>
  <attribute name="Number of cores"value="16"/>
</cycle-end>
<allocation-satisfied id="1651" threadId="0000000000968F00" bytesRequested="32" />
<af-end id="1652" timestamp="2019-08-04T20:35:23.312" threadId="0000000000969888" success="true" />
<exclusive-end id="1653" timestamp="2019-08-04T20:35:23.312" durationms="6.715" />

<exclusive-start id="1654" timestamp="2019-08-04T20:35:23.346" intervalms="41.181">
  <response-info timems="0.026" idlems="0.026" threads="0" lastid="0000000000968F00" lastname="main" />
</exclusive-start>
<af-start id="1655" threadId="0000000000969888" totalBytesRequested="32776" timestamp="2019-08-04T20:35:23.347" intervalms="41.174" />
<cycle-start id="1656" type="global" contextid="0" timestamp="2019-08-04T20:35:23.347" intervalms="40.366" />
  <attribute name="GC Util" value="79" />
  <attribute name="CPU Util" value="22585655699137" />
  <attribute name="Time Running"value="63557"/>
  <attribute name="Number of cores"value="16"/>
<gc-start id="1657" type="global" contextid="1656" timestamp="2019-08-04T20:35:23.347">
  <mem-info id="1658" free="680632" total="17629184" percent="3">
    <mem type="tenure" free="680632" total="17629184" percent="3">
      <mem type="soa" free="0" total="16748544" percent="0" />
      <mem type="loa" free="680632" total="880640" percent="77" />
    </mem>
  </mem-info>
</gc-start>
<allocation-stats totalBytes="9944296" >
  <allocated-bytes non-tlh="204872" tlh="9739424" />
  <largest-consumer threadName="main" threadId="0000000000968F00" bytes="9944296" />
</allocation-stats>
<gc-op id="1659" type="mark" timems="4.678" contextid="1656" timestamp="2019-08-04T20:35:23.351">
  <trace-info objectcount="98478" scancount="81093" scanbytes="2622540" />
  <finalization candidates="80" enqueued="0" />
  <ownableSynchronizers candidates="21" cleared="0" />
  <references type="soft" candidates="1528" cleared="0" enqueued="0" dynamicThreshold="19" maxThreshold="32" />
  <references type="weak" candidates="5398" cleared="1" enqueued="1" />
  <references type="phantom" candidates="97" cleared="0" enqueued="0" />
  <stringconstants candidates="12389" cleared="12"  />
</gc-op>
<gc-op id="1660" type="sweep" timems="1.676" contextid="1656" timestamp="2019-08-04T20:35:23.353" />
<gc-end id="1661" type="global" contextid="1656" durationms="6.512" usertimems="11.031" systemtimems="8.168" timestamp="2019-08-04T20:35:23.353" activeThreads="8">
  <mem-info id="1662" free="11777016" total="17629184" percent="66">
    <mem type="tenure" free="11777016" total="17629184" percent="66" micro-fragmented="347551">
      <mem type="soa" free="11096384" total="16748544" percent="66" />
      <mem type="loa" free="680632" total="880640" percent="77" />
    </mem>
    <pending-finalizers system="0" default="0" reference="1" classloader="0" />
  </mem-info>
</gc-end>
<cycle-end id="1663" type="global" contextid="1656" timestamp="2019-08-04T20:35:23.353">
  <attribute name="GC Util" value="54" />
  <attribute name="CPU Util" value="15363414251527" />
  <attribute name="Time Running"value="63598"/>
  <attribute name="Number of cores"value="16"/>
</cycle-end>
<allocation-satisfied id="1664" threadId="0000000000968F00" bytesRequested="32776" />
<af-end id="1665" timestamp="2019-08-04T20:35:23.353" threadId="0000000000969888" success="true" />
<exclusive-end id="1666" timestamp="2019-08-04T20:35:23.353" durationms="6.789" />

<exclusive-start id="1667" timestamp="2019-08-04T20:35:23.379" intervalms="32.450">
  <response-info timems="0.019" idlems="0.019" threads="0" lastid="0000000000968F00" lastname="main" />
</exclusive-start>
<af-start id="1668" threadId="0000000000969888" totalBytesRequested="48" timestamp="2019-08-04T20:35:23.379" intervalms="32.441" />
<cycle-start id="1669" type="global" contextid="0" timestamp="2019-08-04T20:35:23.379" intervalms="32.419" />
  <attribute name="GC Util" value="54" />
  <attribute name="CPU Util" value="15363414251527" />
  <attribute name="Time Running"value="63598"/>
  <attribute name="Number of cores"value="16"/>
<gc-start id="1670" type="global" contextid="1669" timestamp="2019-08-04T20:35:23.379">
  <mem-info id="1671" free="680632" total="17629184" percent="3">
    <mem type="tenure" free="680632" total="17629184" percent="3">
      <mem type="soa" free="0" total="16748544" percent="0" />
      <mem type="loa" free="680632" total="880640" percent="77" />
    </mem>
  </mem-info>
</gc-start>
<allocation-stats totalBytes="11085632" >
  <allocated-bytes non-tlh="405784" tlh="10679848" />
  <largest-consumer threadName="main" threadId="0000000000968F00" bytes="11073576" />
</allocation-stats>
<gc-op id="1672" type="mark" timems="5.934" contextid="1669" timestamp="2019-08-04T20:35:23.385">
  <trace-info objectcount="120687" scancount="101016" scanbytes="3465920" />
  <finalization candidates="80" enqueued="0" />
  <ownableSynchronizers candidates="21" cleared="0" />
  <references type="soft" candidates="1528" cleared="0" enqueued="0" dynamicThreshold="21" maxThreshold="32" />
  <references type="weak" candidates="5399" cleared="1" enqueued="1" />
  <references type="phantom" candidates="97" cleared="0" enqueued="0" />
  <stringconstants candidates="12390" cleared="0"  />
</gc-op>
<gc-op id="1673" type="sweep" timems="1.755" contextid="1669" timestamp="2019-08-04T20:35:23.387" />
<heap-resize id="1674" type="expand" space="tenure" amount="1048576" count="1" timems="0.146" reason="excessive time being spent in gc" timestamp="2019-08-04T20:35:23.387" />
<gc-end id="1675" type="global" contextid="1669" durationms="7.979" usertimems="13.995" systemtimems="7.068" timestamp="2019-08-04T20:35:23.387" activeThreads="8">
  <mem-info id="1676" free="11243392" total="18677760" percent="60">
    <mem type="tenure" free="11243392" total="18677760" percent="60" micro-fragmented="622460">
      <mem type="soa" free="10309504" total="17743872" percent="58" />
      <mem type="loa" free="933888" total="933888" percent="100" />
    </mem>
    <pending-finalizers system="0" default="0" reference="1" classloader="0" />
  </mem-info>
</gc-end>
<cycle-end id="1677" type="global" contextid="1669" timestamp="2019-08-04T20:35:23.387">
  <attribute name="GC Util" value="89" />
  <attribute name="CPU Util" value="16883670604968" />
  <attribute name="Time Running"value="63632"/>
  <attribute name="Number of cores"value="16"/>
</cycle-end>
<allocation-satisfied id="1678" threadId="0000000000968F00" bytesRequested="48" />
<af-end id="1679" timestamp="2019-08-04T20:35:23.387" threadId="0000000000969888" success="true" />
<exclusive-end id="1680" timestamp="2019-08-04T20:35:23.387" durationms="8.185" />

<exclusive-start id="1681" timestamp="2019-08-04T20:35:23.417" intervalms="38.451">
  <response-info timems="0.034" idlems="0.034" threads="0" lastid="0000000000968F00" lastname="main" />
</exclusive-start>
<af-start id="1682" threadId="0000000000969888" totalBytesRequested="32" timestamp="2019-08-04T20:35:23.417" intervalms="38.441" />
<cycle-start id="1683" type="global" contextid="0" timestamp="2019-08-04T20:35:23.417" intervalms="38.437" />
  <attribute name="GC Util" value="89" />
  <attribute name="CPU Util" value="16883670604968" />
  <attribute name="Time Running"value="63632"/>
  <attribute name="Number of cores"value="16"/>
<gc-start id="1684" type="global" contextid="1683" timestamp="2019-08-04T20:35:23.417">
  <mem-info id="1685" free="933888" total="18677760" percent="5">
    <mem type="tenure" free="933888" total="18677760" percent="5">
      <mem type="soa" free="0" total="17743872" percent="0" />
      <mem type="loa" free="933888" total="933888" percent="100" />
    </mem>
  </mem-info>
</gc-start>
<allocation-stats totalBytes="10271816" >
  <allocated-bytes non-tlh="673792" tlh="9598024" />
  <largest-consumer threadName="main" threadId="0000000000968F00" bytes="10271816" />
</allocation-stats>
<gc-op id="1686" type="mark" timems="8.163" contextid="1683" timestamp="2019-08-04T20:35:23.426">
  <trace-info objectcount="107460" scancount="89159" scanbytes="2982880" />
  <finalization candidates="80" enqueued="0" />
  <ownableSynchronizers candidates="21" cleared="0" />
  <references type="soft" candidates="1529" cleared="0" enqueued="0" dynamicThreshold="19" maxThreshold="32" />
  <references type="weak" candidates="5408" cleared="0" enqueued="0" />
  <references type="phantom" candidates="97" cleared="0" enqueued="0" />
  <stringconstants candidates="12395" cleared="0"  />
</gc-op>
<gc-op id="1687" type="classunload" timems="0.005" contextid="1683" timestamp="2019-08-04T20:35:23.426">
  <classunload-info classloadercandidates="39" classloadersunloaded="0" classesunloaded="0" anonymousclassesunloaded="0" quiescems="0.000" setupms="0.004" scanms="0.001" postms="0.000" />
</gc-op>
<gc-op id="1688" type="sweep" timems="3.581" contextid="1683" timestamp="2019-08-04T20:35:23.429" />
<gc-end id="1689" type="global" contextid="1683" durationms="11.877" usertimems="24.879" systemtimems="2.825" timestamp="2019-08-04T20:35:23.429" activeThreads="8">
  <mem-info id="1690" free="12285232" total="18677760" percent="65">
    <mem type="tenure" free="12285232" total="18677760" percent="65" micro-fragmented="445549">
      <mem type="soa" free="11351344" total="17743872" percent="63" />
      <mem type="loa" free="933888" total="933888" percent="100" />
    </mem>
  </mem-info>
</gc-end>
<cycle-end id="1691" type="global" contextid="1683" timestamp="2019-08-04T20:35:23.429">
  <attribute name="GC Util" value="93" />
  <attribute name="CPU Util" value="6298409497332" />
  <attribute name="Time Running"value="63674"/>
  <attribute name="Number of cores"value="16"/>
</cycle-end>
<allocation-satisfied id="1692" threadId="0000000000968F00" bytesRequested="32" />
<af-end id="1693" timestamp="2019-08-04T20:35:23.429" threadId="0000000000969888" success="true" />
<exclusive-end id="1694" timestamp="2019-08-04T20:35:23.429" durationms="12.113" />

<exclusive-start id="1695" timestamp="2019-08-04T20:35:23.459" intervalms="41.151">
  <response-info timems="0.033" idlems="0.033" threads="0" lastid="0000000000968F00" lastname="main" />
</exclusive-start>
<af-start id="1696" threadId="0000000000969888" totalBytesRequested="32" timestamp="2019-08-04T20:35:23.459" intervalms="41.163" />
<cycle-start id="1697" type="global" contextid="0" timestamp="2019-08-04T20:35:23.459" intervalms="41.164" />
  <attribute name="GC Util" value="93" />
  <attribute name="CPU Util" value="6298409497332" />
  <attribute name="Time Running"value="63674"/>
  <attribute name="Number of cores"value="16"/>
<gc-start id="1698" type="global" contextid="1697" timestamp="2019-08-04T20:35:23.459">
  <mem-info id="1699" free="933888" total="18677760" percent="5">
    <mem type="tenure" free="933888" total="18677760" percent="5">
      <mem type="soa" free="0" total="17743872" percent="0" />
      <mem type="loa" free="933888" total="933888" percent="100" />
    </mem>
  </mem-info>
</gc-start>
<allocation-stats totalBytes="11330536" >
  <allocated-bytes non-tlh="634224" tlh="10696312" />
  <largest-consumer threadName="main" threadId="0000000000968F00" bytes="11330536" />
</allocation-stats>
<gc-op id="1700" type="mark" timems="3.727" contextid="1697" timestamp="2019-08-04T20:35:23.462">
  <trace-info objectcount="107437" scancount="89317" scanbytes="3006804" />
  <finalization candidates="80" enqueued="0" />
  <ownableSynchronizers candidates="21" cleared="0" />
  <references type="soft" candidates="1530" cleared="0" enqueued="0" dynamicThreshold="21" maxThreshold="32" />
  <references type="weak" candidates="5410" cleared="0" enqueued="0" />
  <references type="phantom" candidates="97" cleared="0" enqueued="0" />
  <stringconstants candidates="12408" cleared="0"  />
</gc-op>
<gc-op id="1701" type="sweep" timems="1.335" contextid="1697" timestamp="2019-08-04T20:35:23.464" />
<gc-end id="1702" type="global" contextid="1697" durationms="5.181" usertimems="16.391" systemtimems="0.307" timestamp="2019-08-04T20:35:23.464" activeThreads="8">
  <mem-info id="1703" free="12130064" total="18677760" percent="64">
    <mem type="tenure" free="12130064" total="18677760" percent="64" micro-fragmented="503997">
      <mem type="soa" free="11196176" total="17743872" percent="63" />
      <mem type="loa" free="933888" total="933888" percent="100" />
    </mem>
  </mem-info>
</gc-end>
<cycle-end id="1704" type="global" contextid="1697" timestamp="2019-08-04T20:35:23.464">
  <attribute name="GC Util" value="115" />
  <attribute name="CPU Util" value="20681736475495" />
  <attribute name="Time Running"value="63709"/>
  <attribute name="Number of cores"value="16"/>
</cycle-end>
<allocation-satisfied id="1705" threadId="0000000000968F00" bytesRequested="32" />
<af-end id="1706" timestamp="2019-08-04T20:35:23.464" threadId="0000000000969888" success="true" />
<exclusive-end id="1707" timestamp="2019-08-04T20:35:23.464" durationms="5.369" />

<exclusive-start id="1708" timestamp="2019-08-04T20:35:23.495" intervalms="36.359">
  <response-info timems="0.040" idlems="0.040" threads="0" lastid="0000000000968F00" lastname="main" />
</exclusive-start>
<af-start id="1709" threadId="0000000000969888" totalBytesRequested="32" timestamp="2019-08-04T20:35:23.495" intervalms="36.347" />
<cycle-start id="1710" type="global" contextid="0" timestamp="2019-08-04T20:35:23.495" intervalms="36.346" />
  <attribute name="GC Util" value="115" />
  <attribute name="CPU Util" value="20681736475495" />
  <attribute name="Time Running"value="63709"/>
  <attribute name="Number of cores"value="16"/>
<gc-start id="1711" type="global" contextid="1710" timestamp="2019-08-04T20:35:23.495">
  <mem-info id="1712" free="933888" total="18677760" percent="5">
    <mem type="tenure" free="933888" total="18677760" percent="5">
      <mem type="soa" free="0" total="17743872" percent="0" />
      <mem type="loa" free="933888" total="933888" percent="100" />
    </mem>
  </mem-info>
</gc-start>
<allocation-stats totalBytes="11183032" >
  <allocated-bytes non-tlh="233232" tlh="10949800" />
  <largest-consumer threadName="main" threadId="0000000000968F00" bytes="11183032" />
</allocation-stats>
<gc-op id="1713" type="mark" timems="3.579" contextid="1710" timestamp="2019-08-04T20:35:23.499">
  <trace-info objectcount="109993" scancount="91518" scanbytes="3099676" />
  <finalization candidates="80" enqueued="0" />
  <ownableSynchronizers candidates="21" cleared="0" />
  <references type="soft" candidates="1531" cleared="0" enqueued="0" dynamicThreshold="20" maxThreshold="32" />
  <references type="weak" candidates="5416" cleared="0" enqueued="0" />
  <references type="phantom" candidates="97" cleared="0" enqueued="0" />
  <stringconstants candidates="12414" cleared="0"  />
</gc-op>
<gc-op id="1714" type="sweep" timems="1.442" contextid="1710" timestamp="2019-08-04T20:35:23.500" />
<heap-resize id="1715" type="contract" space="tenure" amount="917504" count="1" timems="0.067" reason="excess free space following gc" timestamp="2019-08-04T20:35:23.500" />
<gc-end id="1716" type="global" contextid="1710" durationms="5.238" usertimems="17.915" systemtimems="0.028" timestamp="2019-08-04T20:35:23.500" activeThreads="8">
  <mem-info id="1717" free="10394328" total="17760256" percent="58">
    <mem type="tenure" free="10394328" total="17760256" percent="58" micro-fragmented="375215">
      <mem type="soa" free="10394328" total="16872448" percent="61" />
      <mem type="loa" free="0" total="887808" percent="0" />
    </mem>
  </mem-info>
</gc-end>
<cycle-end id="1718" type="global" contextid="1710" timestamp="2019-08-04T20:35:23.500">
  <attribute name="GC Util" value="103" />
  <attribute name="CPU Util" value="19559586620720" />
  <attribute name="Time Running"value="63745"/>
  <attribute name="Number of cores"value="16"/>
</cycle-end>
<allocation-satisfied id="1719" threadId="0000000000968F00" bytesRequested="32" />
<af-end id="1720" timestamp="2019-08-04T20:35:23.500" threadId="0000000000969888" success="true" />
<exclusive-end id="1721" timestamp="2019-08-04T20:35:23.500" durationms="5.413" />

<concurrent-kickoff id="1722" timestamp="2019-08-04T20:35:23.521">
  <kickoff reason="threshold reached" targetBytes="2426190" thresholdFreeBytes="334571" remainingFree="332912" tenureFreeBytes="332912" />
</concurrent-kickoff>
<exclusive-start id="1723" timestamp="2019-08-04T20:35:23.521" intervalms="26.483">
  <response-info timems="0.020" idlems="0.020" threads="0" lastid="0000000000968F00" lastname="main" />
</exclusive-start>
<cycle-start id="1724" type="global" contextid="0" timestamp="2019-08-04T20:35:23.521" intervalms="26.429" />
  <attribute name="GC Util" value="103" />
  <attribute name="CPU Util" value="19559586620720" />
  <attribute name="Time Running"value="63745"/>
  <attribute name="Number of cores"value="16"/>
<exclusive-end id="1725" timestamp="2019-08-04T20:35:23.521" durationms="0.012" />

<exclusive-start id="1726" timestamp="2019-08-04T20:35:23.526" intervalms="4.802">
  <response-info timems="0.102" idlems="0.102" threads="0" lastid="0000000000968F00" lastname="main" />
</exclusive-start>
<af-start id="1727" threadId="0000000000969888" totalBytesRequested="48" timestamp="2019-08-04T20:35:23.526" intervalms="31.313" />
<gc-start id="1728" type="global" contextid="1724" timestamp="2019-08-04T20:35:23.526">
  <mem-info id="1729" free="0" total="17760256" percent="0">
    <mem type="tenure" free="0" total="17760256" percent="0">
      <mem type="soa" free="0" total="16872448" percent="0" />
      <mem type="loa" free="0" total="887808" percent="0" />
    </mem>
  </mem-info>
</gc-start>
<allocation-stats totalBytes="10384336" >
  <allocated-bytes non-tlh="2456" tlh="10381880" />
  <largest-consumer threadName="main" threadId="0000000000968F00" bytes="10384336" />
</allocation-stats>
<concurrent-halted id="1730" timestamp="2019-08-04T20:35:23.526">
  <halted state="Class scanning incomplete" status="clean trace" />
  <traced bytesTarget="2426190" bytesTotal="2427608" bytesByMutator="745376" bytesByHelper="1682232" percent="100" />
  <cards cleaned="157" thresholdBytes="131800" />
</concurrent-halted>
<gc-op id="1731" type="card-cleaning" timems="0.607" contextid="1724" timestamp="2019-08-04T20:35:23.527">
  <card-cleaning cardsCleaned="37" bytesTraced="12040" workStackOverflowCount="0" />
</gc-op>
<gc-op id="1732" type="mark" timems="3.106" contextid="1724" timestamp="2019-08-04T20:35:23.530">
  <trace-info objectcount="32443" scancount="30583" scanbytes="1037784" />
  <finalization candidates="80" enqueued="0" />
  <ownableSynchronizers candidates="21" cleared="0" />
  <references type="soft" candidates="1531" cleared="33" enqueued="31" dynamicThreshold="18" maxThreshold="32" />
  <references type="weak" candidates="5416" cleared="0" enqueued="0" />
  <references type="phantom" candidates="97" cleared="0" enqueued="0" />
  <stringconstants candidates="12414" cleared="0"  />
</gc-op>
<gc-op id="1733" type="sweep" timems="1.396" contextid="1724" timestamp="2019-08-04T20:35:23.531" />
<heap-resize id="1734" type="expand" space="tenure" amount="2162688" count="1" timems="0.106" reason="excessive time being spent in gc" timestamp="2019-08-04T20:35:23.532" />
<gc-end id="1735" type="global" contextid="1724" durationms="5.363" usertimems="3.397" systemtimems="8.608" timestamp="2019-08-04T20:35:23.532" activeThreads="8">
  <mem-info id="1736" free="11961280" total="19922944" percent="60">
    <mem type="tenure" free="11961280" total="19922944" percent="60" micro-fragmented="488763">
      <mem type="soa" free="10965952" total="18927616" percent="57" />
      <mem type="loa" free="995328" total="995328" percent="100" />
    </mem>
    <pending-finalizers system="0" default="0" reference="31" classloader="0" />
  </mem-info>
</gc-end>
<cycle-end id="1737" type="global" contextid="1724" timestamp="2019-08-04T20:35:23.532">
  <attribute name="GC Util" value="118" />
  <attribute name="CPU Util" value="19869948898642" />
  <attribute name="Time Running"value="63777"/>
  <attribute name="Number of cores"value="16"/>
</cycle-end>
<allocation-satisfied id="1738" threadId="0000000000968F00" bytesRequested="48" />
<af-end id="1739" timestamp="2019-08-04T20:35:23.532" threadId="0000000000969888" success="true" />
<exclusive-end id="1740" timestamp="2019-08-04T20:35:23.532" durationms="5.535" />

<exclusive-start id="1741" timestamp="2019-08-04T20:35:23.560" intervalms="34.135">
  <response-info timems="0.069" idlems="0.069" threads="0" lastid="0000000000968F00" lastname="main" />
</exclusive-start>
<af-start id="1742" threadId="0000000000969888" totalBytesRequested="1488" timestamp="2019-08-04T20:35:23.560" intervalms="34.121" />
<cycle-start id="1743" type="global" contextid="0" timestamp="2019-08-04T20:35:23.560" intervalms="39.011" />
  <attribute name="GC Util" value="118" />
  <attribute name="CPU Util" value="19869948898642" />
  <attribute name="Time Running"value="63777"/>
  <attribute name="Number of cores"value="16"/>
<gc-start id="1744" type="global" contextid="1743" timestamp="2019-08-04T20:35:23.560">
  <mem-info id="1745" free="995328" total="19922944" percent="4">
    <mem type="tenure" free="995328" total="19922944" percent="4">
      <mem type="soa" free="0" total="18927616" percent="0" />
      <mem type="loa" free="995328" total="995328" percent="100" />
    </mem>
  </mem-info>
</gc-start>
<allocation-stats totalBytes="10924376" >
  <allocated-bytes non-tlh="792952" tlh="10131424" />
  <largest-consumer threadName="main" threadId="0000000000968F00" bytes="10923000" />
</allocation-stats>
<gc-op id="1746" type="mark" timems="3.492" contextid="1743" timestamp="2019-08-04T20:35:23.564">
  <trace-info objectcount="98985" scancount="81559" scanbytes="2633020" />
  <finalization candidates="80" enqueued="0" />
  <ownableSynchronizers candidates="21" cleared="0" />
  <references type="soft" candidates="1500" cleared="0" enqueued="0" dynamicThreshold="19" maxThreshold="32" />
  <references type="weak" candidates="5424" cleared="1" enqueued="1" />
  <references type="phantom" candidates="96" cleared="0" enqueued="0" />
  <stringconstants candidates="12437" cleared="12"  />
</gc-op>
<gc-op id="1747" type="sweep" timems="1.505" contextid="1743" timestamp="2019-08-04T20:35:23.566" />
<gc-end id="1748" type="global" contextid="1743" durationms="5.124" usertimems="15.591" systemtimems="0.000" timestamp="2019-08-04T20:35:23.566" activeThreads="9">
  <mem-info id="1749" free="14240096" total="19922944" percent="71">
    <mem type="tenure" free="14240096" total="19922944" percent="71" micro-fragmented="370687">
      <mem type="soa" free="13244768" total="18927616" percent="69" />
      <mem type="loa" free="995328" total="995328" percent="100" />
    </mem>
    <pending-finalizers system="0" default="0" reference="1" classloader="0" />
  </mem-info>
</gc-end>
<cycle-end id="1750" type="global" contextid="1743" timestamp="2019-08-04T20:35:23.566">
  <attribute name="GC Util" value="83" />
  <attribute name="CPU Util" value="18498224494908" />
  <attribute name="Time Running"value="63811"/>
  <attribute name="Number of cores"value="16"/>
</cycle-end>
<allocation-satisfied id="1751" threadId="0000000000968F00" bytesRequested="1488" />
<af-end id="1752" timestamp="2019-08-04T20:35:23.566" threadId="0000000000969888" success="true" />
<exclusive-end id="1753" timestamp="2019-08-04T20:35:23.566" durationms="5.321" />

<exclusive-start id="1754" timestamp="2019-08-04T20:35:23.614" intervalms="54.124">
  <response-info timems="0.025" idlems="0.025" threads="0" lastid="0000000000968F00" lastname="main" />
</exclusive-start>
<af-start id="1755" threadId="0000000000969888" totalBytesRequested="32" timestamp="2019-08-04T20:35:23.614" intervalms="54.112" />
<cycle-start id="1756" type="global" contextid="0" timestamp="2019-08-04T20:35:23.614" intervalms="54.107" />
  <attribute name="GC Util" value="83" />
  <attribute name="CPU Util" value="18498224494908" />
  <attribute name="Time Running"value="63811"/>
  <attribute name="Number of cores"value="16"/>
<gc-start id="1757" type="global" contextid="1756" timestamp="2019-08-04T20:35:23.615">
  <mem-info id="1758" free="995328" total="19922944" percent="4">
    <mem type="tenure" free="995328" total="19922944" percent="4">
      <mem type="soa" free="0" total="18927616" percent="0" />
      <mem type="loa" free="995328" total="995328" percent="100" />
    </mem>
  </mem-info>
</gc-start>
<allocation-stats totalBytes="13233624" >
  <allocated-bytes non-tlh="681768" tlh="12551856" />
  <largest-consumer threadName="main" threadId="0000000000968F00" bytes="13232296" />
</allocation-stats>
<gc-op id="1759" type="mark" timems="6.890" contextid="1756" timestamp="2019-08-04T20:35:23.621">
  <trace-info objectcount="105651" scancount="87605" scanbytes="2927712" />
  <finalization candidates="80" enqueued="0" />
  <ownableSynchronizers candidates="21" cleared="0" />
  <references type="soft" candidates="1502" cleared="0" enqueued="0" dynamicThreshold="22" maxThreshold="32" />
  <references type="weak" candidates="5431" cleared="0" enqueued="0" />
  <references type="phantom" candidates="97" cleared="0" enqueued="0" />
  <stringconstants candidates="12447" cleared="0"  />
</gc-op>
<gc-op id="1760" type="classunload" timems="0.004" contextid="1756" timestamp="2019-08-04T20:35:23.622">
  <classunload-info classloadercandidates="45" classloadersunloaded="0" classesunloaded="0" anonymousclassesunloaded="0" quiescems="0.000" setupms="0.004" scanms="0.000" postms="0.000" />
</gc-op>
<gc-op id="1761" type="sweep" timems="1.028" contextid="1756" timestamp="2019-08-04T20:35:23.623" />
<gc-end id="1762" type="global" contextid="1756" durationms="8.056" usertimems="17.980" systemtimems="2.369" timestamp="2019-08-04T20:35:23.623" activeThreads="9">
  <mem-info id="1763" free="13605008" total="19922944" percent="68">
    <mem type="tenure" free="13605008" total="19922944" percent="68" micro-fragmented="470654">
      <mem type="soa" free="12609680" total="18927616" percent="66" />
      <mem type="loa" free="995328" total="995328" percent="100" />
    </mem>
  </mem-info>
</gc-end>
<cycle-end id="1764" type="global" contextid="1756" timestamp="2019-08-04T20:35:23.623">
  <attribute name="GC Util" value="82" />
  <attribute name="CPU Util" value="28849903871628" />
  <attribute name="Time Running"value="63868"/>
  <attribute name="Number of cores"value="16"/>
</cycle-end>
<allocation-satisfied id="1765" threadId="0000000000968F00" bytesRequested="32" />
<af-end id="1766" timestamp="2019-08-04T20:35:23.623" threadId="0000000000969888" success="true" />
<exclusive-end id="1767" timestamp="2019-08-04T20:35:23.623" durationms="8.226" />

<exclusive-start id="1768" timestamp="2019-08-04T20:35:23.644" intervalms="29.706">
  <response-info timems="0.019" idlems="0.019" threads="0" lastid="0000000000968F00" lastname="main" />
</exclusive-start>
<af-start id="1769" threadId="0000000000969888" totalBytesRequested="19824" timestamp="2019-08-04T20:35:23.644" intervalms="29.728" />
<cycle-start id="1770" type="global" contextid="0" timestamp="2019-08-04T20:35:23.644" intervalms="29.748" />
  <attribute name="GC Util" value="82" />
  <attribute name="CPU Util" value="28849903871628" />
  <attribute name="Time Running"value="63868"/>
  <attribute name="Number of cores"value="16"/>
<gc-start id="1771" type="global" contextid="1770" timestamp="2019-08-04T20:35:23.644">
  <mem-info id="1772" free="2192864" total="19922944" percent="11">
    <mem type="tenure" free="2192864" total="19922944" percent="11">
      <mem type="soa" free="1197536" total="18927616" percent="6" />
      <mem type="loa" free="995328" total="995328" percent="100" />
    </mem>
  </mem-info>
</gc-start>
<allocation-stats totalBytes="11398680" >
  <allocated-bytes non-tlh="0" tlh="11398680" />
  <largest-consumer threadName="main" threadId="0000000000968F00" bytes="11398680" />
</allocation-stats>
<gc-op id="1773" type="mark" timems="4.554" contextid="1770" timestamp="2019-08-04T20:35:23.649">
  <trace-info objectcount="100360" scancount="82624" scanbytes="2676768" />
  <finalization candidates="80" enqueued="0" />
  <ownableSynchronizers candidates="21" cleared="0" />
  <references type="soft" candidates="1502" cleared="0" enqueued="0" dynamicThreshold="21" maxThreshold="32" />
  <references type="weak" candidates="5431" cleared="1" enqueued="1" />
  <references type="phantom" candidates="96" cleared="0" enqueued="0" />
  <stringconstants candidates="12447" cleared="12"  />
</gc-op>
<gc-op id="1774" type="sweep" timems="1.665" contextid="1770" timestamp="2019-08-04T20:35:23.651" />
<heap-resize id="1775" type="contract" space="tenure" amount="917504" count="1" timems="0.033" reason="excess free space following gc" timestamp="2019-08-04T20:35:23.651" />
<gc-end id="1776" type="global" contextid="1770" durationms="6.404" usertimems="15.722" systemtimems="3.775" timestamp="2019-08-04T20:35:23.651" activeThreads="9">
  <mem-info id="1777" free="13111592" total="19005440" percent="68">
    <mem type="tenure" free="13111592" total="19005440" percent="68" micro-fragmented="411812">
      <mem type="soa" free="12206016" total="18055168" percent="67" />
      <mem type="loa" free="905576" total="950272" percent="95" />
    </mem>
    <pending-finalizers system="0" default="0" reference="1" classloader="0" />
  </mem-info>
</gc-end>
<cycle-end id="1778" type="global" contextid="1770" timestamp="2019-08-04T20:35:23.651">
  <attribute name="GC Util" value="54" />
  <attribute name="CPU Util" value="15037219760961" />
  <attribute name="Time Running"value="63896"/>
  <attribute name="Number of cores"value="16"/>
</cycle-end>
<allocation-satisfied id="1779" threadId="0000000000968F00" bytesRequested="19824" />
<af-end id="1780" timestamp="2019-08-04T20:35:23.651" threadId="0000000000969888" success="true" />
<exclusive-end id="1781" timestamp="2019-08-04T20:35:23.651" durationms="6.616" />

<exclusive-start id="1782" timestamp="2019-08-04T20:35:23.673" intervalms="29.264">
  <response-info timems="0.037" idlems="0.037" threads="0" lastid="0000000000968F00" lastname="main" />
</exclusive-start>
<af-start id="1783" threadId="0000000000969888" totalBytesRequested="24" timestamp="2019-08-04T20:35:23.673" intervalms="29.243" />
<cycle-start id="1784" type="global" contextid="0" timestamp="2019-08-04T20:35:23.673" intervalms="29.222" />
  <attribute name="GC Util" value="54" />
  <attribute name="CPU Util" value="15037219760961" />
  <attribute name="Time Running"value="63896"/>
  <attribute name="Number of cores"value="16"/>
<gc-start id="1785" type="global" contextid="1784" timestamp="2019-08-04T20:35:23.674">
  <mem-info id="1786" free="905576" total="19005440" percent="4">
    <mem type="tenure" free="905576" total="19005440" percent="4">
      <mem type="soa" free="0" total="18055168" percent="0" />
      <mem type="loa" free="905576" total="950272" percent="95" />
    </mem>
  </mem-info>
</gc-start>
<allocation-stats totalBytes="12211048" >
  <allocated-bytes non-tlh="577192" tlh="11633856" />
  <largest-consumer threadName="main" threadId="0000000000968F00" bytes="12208688" />
</allocation-stats>
<gc-op id="1787" type="mark" timems="3.863" contextid="1784" timestamp="2019-08-04T20:35:23.677">
  <trace-info objectcount="112114" scancount="93443" scanbytes="3145280" />
  <finalization candidates="80" enqueued="0" />
  <ownableSynchronizers candidates="21" cleared="0" />
  <references type="soft" candidates="1503" cleared="0" enqueued="0" dynamicThreshold="22" maxThreshold="32" />
  <references type="weak" candidates="5435" cleared="0" enqueued="0" />
  <references type="phantom" candidates="97" cleared="0" enqueued="0" />
  <stringconstants candidates="12452" cleared="0"  />
</gc-op>
<gc-op id="1788" type="sweep" timems="1.455" contextid="1784" timestamp="2019-08-04T20:35:23.679" />
<mem-info id="1789" free="12279488" total="19005440" percent="64">
  <mem type="tenure" free="12279488" total="19005440" percent="64" micro-fragmented="500832">
    <mem type="soa" free="11370944" total="18055168" percent="62" />
    <mem type="loa" free="908544" total="950272" percent="95" />
  </mem>
</mem-info>
<gc-op id="1790" type="compact" timems="25.949" contextid="1784" timestamp="2019-08-04T20:35:23.705">
  <compact-info movecount="99539" movebytes="5503152" reason="compact to aid heap contraction" />
</gc-op>
<heap-resize id="1791" type="contract" space="tenure" amount="917504" count="1" timems="0.045" reason="excess free space following gc" timestamp="2019-08-04T20:35:23.705" />
<gc-end id="1792" type="global" contextid="1784" durationms="31.485" usertimems="53.514" systemtimems="0.000" timestamp="2019-08-04T20:35:23.705" activeThreads="9">
  <mem-info id="1793" free="11947200" total="18087936" percent="66">
    <mem type="tenure" free="11947200" total="18087936" percent="66">
      <mem type="soa" free="11075776" total="17183744" percent="64" />
      <mem type="loa" free="871424" total="904192" percent="96" />
    </mem>
  </mem-info>
</gc-end>
<cycle-end id="1794" type="global" contextid="1784" timestamp="2019-08-04T20:35:23.705">
  <attribute name="GC Util" value="54" />
  <attribute name="CPU Util" value="37734360347057" />
  <attribute name="Time Running"value="63925"/>
  <attribute name="Number of cores"value="16"/>
</cycle-end>
<allocation-satisfied id="1795" threadId="0000000000968F00" bytesRequested="24" />
<af-end id="1796" timestamp="2019-08-04T20:35:23.705" threadId="0000000000969888" success="true" />
<exclusive-end id="1797" timestamp="2019-08-04T20:35:23.705" durationms="31.650" />

<exclusive-start id="1798" timestamp="2019-08-04T20:35:23.735" intervalms="62.041">
  <response-info timems="0.096" idlems="0.096" threads="0" lastid="0000000000968F00" lastname="main" />
</exclusive-start>
<af-start id="1799" threadId="0000000000969888" totalBytesRequested="32" timestamp="2019-08-04T20:35:23.736" intervalms="62.765" />
<cycle-start id="1800" type="global" contextid="0" timestamp="2019-08-04T20:35:23.736" intervalms="62.771" />
  <attribute name="GC Util" value="54" />
  <attribute name="CPU Util" value="37734360347057" />
  <attribute name="Time Running"value="63925"/>
  <attribute name="Number of cores"value="16"/>
<gc-start id="1801" type="global" contextid="1800" timestamp="2019-08-04T20:35:23.736">
  <mem-info id="1802" free="871424" total="18087936" percent="4">
    <mem type="tenure" free="871424" total="18087936" percent="4">
      <mem type="soa" free="0" total="17183744" percent="0" />
      <mem type="loa" free="871424" total="904192" percent="96" />
    </mem>
  </mem-info>
</gc-start>
<allocation-stats totalBytes="11138928" >
  <allocated-bytes non-tlh="401304" tlh="10737624" />
  <largest-consumer threadName="main" threadId="0000000000968F00" bytes="11138928" />
</allocation-stats>
<gc-op id="1803" type="mark" timems="5.449" contextid="1800" timestamp="2019-08-04T20:35:23.742">
  <trace-info objectcount="100714" scancount="83136" scanbytes="2699788" />
  <finalization candidates="80" enqueued="0" />
  <ownableSynchronizers candidates="21" cleared="0" />
  <references type="soft" candidates="1505" cleared="5" enqueued="5" dynamicThreshold="21" maxThreshold="32" />
  <references type="weak" candidates="5445" cleared="1" enqueued="1" />
  <references type="phantom" candidates="97" cleared="0" enqueued="0" />
  <stringconstants candidates="12475" cleared="12"  />
</gc-op>
<gc-op id="1804" type="sweep" timems="1.052" contextid="1800" timestamp="2019-08-04T20:35:23.743" />
<gc-end id="1805" type="global" contextid="1800" durationms="6.659" usertimems="31.923" systemtimems="0.000" timestamp="2019-08-04T20:35:23.743" activeThreads="8">
  <mem-info id="1806" free="7218840" total="18087936" percent="39">
    <mem type="tenure" free="7218840" total="18087936" percent="39" micro-fragmented="45465">
      <mem type="soa" free="6422416" total="17183744" percent="37" />
      <mem type="loa" free="796424" total="904192" percent="88" />
    </mem>
    <pending-finalizers system="0" default="0" reference="6" classloader="0" />
  </mem-info>
</gc-end>
<cycle-end id="1807" type="global" contextid="1800" timestamp="2019-08-04T20:35:23.743">
  <attribute name="GC Util" value="307" />
  <attribute name="CPU Util" value="3362554856770" />
  <attribute name="Time Running"value="63988"/>
  <attribute name="Number of cores"value="16"/>
</cycle-end>
<allocation-satisfied id="1808" threadId="0000000000968F00" bytesRequested="32" />
<af-end id="1809" timestamp="2019-08-04T20:35:23.743" threadId="0000000000969888" success="true" />
<exclusive-end id="1810" timestamp="2019-08-04T20:35:23.743" durationms="7.554" />

<exclusive-start id="1811" timestamp="2019-08-04T20:35:23.767" intervalms="31.474">
  <response-info timems="0.052" idlems="0.052" threads="0" lastid="0000000000968F00" lastname="main" />
</exclusive-start>
<af-start id="1812" threadId="0000000000969888" totalBytesRequested="32" timestamp="2019-08-04T20:35:23.767" intervalms="30.748" />
<cycle-start id="1813" type="global" contextid="0" timestamp="2019-08-04T20:35:23.768" intervalms="31.531" />
  <attribute name="GC Util" value="19" />
  <attribute name="CPU Util" value="734406969604" />
  <attribute name="Time Running"value="64013"/>
  <attribute name="Number of cores"value="16"/>
<gc-start id="1814" type="global" contextid="1813" timestamp="2019-08-04T20:35:23.768">
  <mem-info id="1815" free="904192" total="18087936" percent="4">
    <mem type="tenure" free="904192" total="18087936" percent="4">
      <mem type="soa" free="0" total="17183744" percent="0" />
      <mem type="loa" free="904192" total="904192" percent="100" />
    </mem>
  </mem-info>
</gc-start>
<allocation-stats totalBytes="11582880" >
  <allocated-bytes non-tlh="604688" tlh="10978192" />
  <largest-consumer threadName="main" threadId="0000000000968F00" bytes="11581824" />
</allocation-stats>
<gc-op id="1816" type="mark" timems="3.354" contextid="1813" timestamp="2019-08-04T20:35:23.771">
  <trace-info objectcount="112513" scancount="93810" scanbytes="3155996" />
  <finalization candidates="80" enqueued="0" />
  <ownableSynchronizers candidates="21" cleared="0" />
  <references type="soft" candidates="1503" cleared="60" enqueued="59" dynamicThreshold="12" maxThreshold="32" />
  <references type="weak" candidates="5449" cleared="0" enqueued="0" />
  <references type="phantom" candidates="97" cleared="0" enqueued="0" />
  <stringconstants candidates="12487" cleared="5"  />
</gc-op>
<gc-op id="1817" type="sweep" timems="0.868" contextid="1813" timestamp="2019-08-04T20:35:23.772" />
<gc-end id="1818" type="global" contextid="1813" durationms="4.339" usertimems="15.450" systemtimems="0.000" timestamp="2019-08-04T20:35:23.772" activeThreads="8">
  <mem-info id="1819" free="9052240" total="18087936" percent="50">
    <mem type="tenure" free="9052240" total="18087936" percent="50" micro-fragmented="70519">
      <mem type="soa" free="8234264" total="17183744" percent="47" />
      <mem type="loa" free="817976" total="904192" percent="90" />
    </mem>
    <pending-finalizers system="0" default="0" reference="59" classloader="0" />
  </mem-info>
</gc-end>
<cycle-end id="1820" type="global" contextid="1813" timestamp="2019-08-04T20:35:23.772">
  <attribute name="GC Util" value="306" />
  <attribute name="CPU Util" value="5393620756675" />
  <attribute name="Time Running"value="64017"/>
  <attribute name="Number of cores"value="16"/>
</cycle-end>
<allocation-satisfied id="1821" threadId="0000000000968F00" bytesRequested="32" />
<af-end id="1822" timestamp="2019-08-04T20:35:23.772" threadId="0000000000969888" success="true" />
<exclusive-end id="1823" timestamp="2019-08-04T20:35:23.772" durationms="5.330" />

<exclusive-start id="1824" timestamp="2019-08-04T20:35:23.800" intervalms="32.971">
  <response-info timems="0.045" idlems="0.045" threads="0" lastid="0000000000968F00" lastname="main" />
</exclusive-start>
<af-start id="1825" threadId="0000000000969888" totalBytesRequested="48" timestamp="2019-08-04T20:35:23.800" intervalms="32.971" />
<cycle-start id="1826" type="global" contextid="0" timestamp="2019-08-04T20:35:23.800" intervalms="32.683" />
  <attribute name="GC Util" value="13" />
  <attribute name="CPU Util" value="642596005809" />
  <attribute name="Time Running"value="64046"/>
  <attribute name="Number of cores"value="16"/>
<gc-start id="1827" type="global" contextid="1826" timestamp="2019-08-04T20:35:23.801">
  <mem-info id="1828" free="838648" total="18087936" percent="4">
    <mem type="tenure" free="838648" total="18087936" percent="4">
      <mem type="soa" free="0" total="17183744" percent="0" />
      <mem type="loa" free="838648" total="904192" percent="92" />
    </mem>
  </mem-info>
</gc-start>
<allocation-stats totalBytes="10851888" >
  <allocated-bytes non-tlh="772752" tlh="10079136" />
  <largest-consumer threadName="main" threadId="0000000000968F00" bytes="10851888" />
</allocation-stats>
<gc-op id="1829" type="mark" timems="5.807" contextid="1826" timestamp="2019-08-04T20:35:23.806">
  <trace-info objectcount="109519" scancount="90945" scanbytes="3069660" />
  <finalization candidates="80" enqueued="0" />
  <ownableSynchronizers candidates="21" cleared="0" />
  <references type="soft" candidates="1442" cleared="0" enqueued="0" dynamicThreshold="16" maxThreshold="32" />
  <references type="weak" candidates="5457" cleared="0" enqueued="0" />
  <references type="phantom" candidates="97" cleared="0" enqueued="0" />
  <stringconstants candidates="12505" cleared="7"  />
</gc-op>
<gc-op id="1830" type="classunload" timems="0.459" contextid="1826" timestamp="2019-08-04T20:35:23.807">
  <classunload-info classloadercandidates="52" classloadersunloaded="2" classesunloaded="2" anonymousclassesunloaded="0" quiescems="0.000" setupms="0.445" scanms="0.011" postms="0.003" />
</gc-op>
<gc-op id="1831" type="sweep" timems="0.663" contextid="1826" timestamp="2019-08-04T20:35:23.808" />
<gc-end id="1832" type="global" contextid="1826" durationms="7.070" usertimems="17.527" systemtimems="0.000" timestamp="2019-08-04T20:35:23.808" activeThreads="8">
  <mem-info id="1833" free="8430296" total="18087936" percent="46">
    <mem type="tenure" free="8430296" total="18087936" percent="46" micro-fragmented="90158">
      <mem type="soa" free="7595072" total="17183744" percent="44" />
      <mem type="loa" free="835224" total="904192" percent="92" />
    </mem>
  </mem-info>
</gc-end>
<cycle-end id="1834" type="global" contextid="1826" timestamp="2019-08-04T20:35:23.808">
  <attribute name="GC Util" value="203" />
  <attribute name="CPU Util" value="2918367463855" />
  <attribute name="Time Running"value="64053"/>
  <attribute name="Number of cores"value="16"/>
</cycle-end>
<allocation-satisfied id="1835" threadId="0000000000968F00" bytesRequested="48" />
<af-end id="1836" timestamp="2019-08-04T20:35:23.808" threadId="0000000000969888" success="true" />
<exclusive-end id="1837" timestamp="2019-08-04T20:35:23.808" durationms="7.743" />

<exclusive-start id="1838" timestamp="2019-08-04T20:35:23.828" intervalms="27.781">
  <response-info timems="0.044" idlems="0.044" threads="0" lastid="0000000000968F00" lastname="main" />
</exclusive-start>
<af-start id="1839" threadId="0000000000969888" totalBytesRequested="32" timestamp="2019-08-04T20:35:23.828" intervalms="27.781" />
<cycle-start id="1840" type="global" contextid="0" timestamp="2019-08-04T20:35:23.828" intervalms="27.981" />
  <attribute name="GC Util" value="21" />
  <attribute name="CPU Util" value="883821704726" />
  <attribute name="Time Running"value="64073"/>
  <attribute name="Number of cores"value="16"/>
<gc-start id="1841" type="global" contextid="1840" timestamp="2019-08-04T20:35:23.828">
  <mem-info id="1842" free="838648" total="18087936" percent="4">
    <mem type="tenure" free="838648" total="18087936" percent="4">
      <mem type="soa" free="0" total="17183744" percent="0" />
      <mem type="loa" free="838648" total="904192" percent="92" />
    </mem>
  </mem-info>
</gc-start>
<allocation-stats totalBytes="10948624" >
  <allocated-bytes non-tlh="0" tlh="10948624" />
  <largest-consumer threadName="main" threadId="0000000000968F00" bytes="10948624" />
</allocation-stats>
<gc-op id="1843" type="mark" timems="4.279" contextid="1840" timestamp="2019-08-04T20:35:23.833">
  <trace-info objectcount="118736" scancount="99411" scanbytes="3386320" />
  <finalization candidates="80" enqueued="0" />
  <ownableSynchronizers candidates="21" cleared="0" />
  <references type="soft" candidates="1442" cleared="0" enqueued="0" dynamicThreshold="14" maxThreshold="32" />
  <references type="weak" candidates="5457" cleared="0" enqueued="0" />
  <references type="phantom" candidates="97" cleared="0" enqueued="0" />
  <stringconstants candidates="12498" cleared="0"  />
</gc-op>
<gc-op id="1844" type="sweep" timems="1.709" contextid="1840" timestamp="2019-08-04T20:35:23.835" />
<gc-end id="1845" type="global" contextid="1840" durationms="6.099" usertimems="24.116" systemtimems="0.000" timestamp="2019-08-04T20:35:23.835" activeThreads="8">
  <mem-info id="1846" free="11087720" total="18087936" percent="61">
    <mem type="tenure" free="11087720" total="18087936" percent="61" micro-fragmented="378517">
      <mem type="soa" free="10249072" total="17183744" percent="59" />
      <mem type="loa" free="838648" total="904192" percent="92" />
    </mem>
  </mem-info>
</gc-end>
<cycle-end id="1847" type="global" contextid="1840" timestamp="2019-08-04T20:35:23.835">
  <attribute name="GC Util" value="73" />
  <attribute name="CPU Util" value="17354030062958" />
  <attribute name="Time Running"value="64080"/>
  <attribute name="Number of cores"value="16"/>
</cycle-end>
<allocation-satisfied id="1848" threadId="0000000000968F00" bytesRequested="32" />
<af-end id="1849" timestamp="2019-08-04T20:35:23.835" threadId="0000000000969888" success="true" />
<exclusive-end id="1850" timestamp="2019-08-04T20:35:23.835" durationms="6.985" />

<exclusive-start id="1851" timestamp="2019-08-04T20:35:23.854" intervalms="26.654">
  <response-info timems="0.064" idlems="0.064" threads="0" lastid="0000000000968F00" lastname="main" />
</exclusive-start>
<af-start id="1852" threadId="0000000000969888" totalBytesRequested="25392" timestamp="2019-08-04T20:35:23.854" intervalms="26.664" />
<cycle-start id="1853" type="global" contextid="0" timestamp="2019-08-04T20:35:23.854" intervalms="25.967" />
  <attribute name="GC Util" value="73" />
  <attribute name="CPU Util" value="17354030062958" />
  <attribute name="Time Running"value="64080"/>
  <attribute name="Number of cores"value="16"/>
<gc-start id="1854" type="global" contextid="1853" timestamp="2019-08-04T20:35:23.854">
  <mem-info id="1855" free="6443520" total="18087936" percent="35">
    <mem type="tenure" free="6443520" total="18087936" percent="35">
      <mem type="soa" free="5604872" total="17183744" percent="32" />
      <mem type="loa" free="838648" total="904192" percent="92" />
    </mem>
  </mem-info>
</gc-start>
<allocation-stats totalBytes="4632472" >
  <allocated-bytes non-tlh="14368" tlh="4618104" />
  <largest-consumer threadName="main" threadId="0000000000968F00" bytes="4632472" />
</allocation-stats>
<gc-op id="1856" type="mark" timems="3.979" contextid="1853" timestamp="2019-08-04T20:35:23.858">
  <trace-info objectcount="100902" scancount="83019" scanbytes="2688256" />
  <finalization candidates="80" enqueued="0" />
  <ownableSynchronizers candidates="21" cleared="0" />
  <references type="soft" candidates="1442" cleared="0" enqueued="0" dynamicThreshold="19" maxThreshold="32" />
  <references type="weak" candidates="5457" cleared="1" enqueued="1" />
  <references type="phantom" candidates="96" cleared="0" enqueued="0" />
  <stringconstants candidates="12498" cleared="12"  />
</gc-op>
<gc-op id="1857" type="sweep" timems="1.420" contextid="1853" timestamp="2019-08-04T20:35:23.860" />
<heap-resize id="1858" type="contract" space="tenure" amount="851968" count="1" timems="0.188" reason="excess free space following gc" timestamp="2019-08-04T20:35:23.860" />
<gc-end id="1859" type="global" contextid="1853" durationms="5.775" usertimems="23.224" systemtimems="0.357" timestamp="2019-08-04T20:35:23.860" activeThreads="8">
  <mem-info id="1860" free="11638968" total="17235968" percent="67">
    <mem type="tenure" free="11638968" total="17235968" percent="67" micro-fragmented="85776">
      <mem type="soa" free="10870368" total="16374784" percent="66" />
      <mem type="loa" free="768600" total="861184" percent="89" />
    </mem>
    <pending-finalizers system="0" default="0" reference="1" classloader="0" />
  </mem-info>
</gc-end>
<cycle-end id="1861" type="global" contextid="1853" timestamp="2019-08-04T20:35:23.860">
  <attribute name="GC Util" value="53" />
  <attribute name="CPU Util" value="19452393771395" />
  <attribute name="Time Running"value="64105"/>
  <attribute name="Number of cores"value="16"/>
</cycle-end>
<allocation-satisfied id="1862" threadId="0000000000968F00" bytesRequested="25392" />
<af-end id="1863" timestamp="2019-08-04T20:35:23.860" threadId="0000000000969888" success="true" />
<exclusive-end id="1864" timestamp="2019-08-04T20:35:23.860" durationms="5.966" />

<exclusive-start id="1865" timestamp="2019-08-04T20:35:23.887" intervalms="32.807">
  <response-info timems="0.066" idlems="0.066" threads="0" lastid="0000000000968F00" lastname="main" />
</exclusive-start>
<af-start id="1866" threadId="0000000000969888" totalBytesRequested="48" timestamp="2019-08-04T20:35:23.887" intervalms="32.806" />
<cycle-start id="1867" type="global" contextid="0" timestamp="2019-08-04T20:35:23.887" intervalms="32.848" />
  <attribute name="GC Util" value="53" />
  <attribute name="CPU Util" value="19452393771395" />
  <attribute name="Time Running"value="64105"/>
  <attribute name="Number of cores"value="16"/>
<gc-start id="1868" type="global" contextid="1867" timestamp="2019-08-04T20:35:23.887">
  <mem-info id="1869" free="768600" total="17235968" percent="4">
    <mem type="tenure" free="768600" total="17235968" percent="4">
      <mem type="soa" free="0" total="16374784" percent="0" />
      <mem type="loa" free="768600" total="861184" percent="89" />
    </mem>
  </mem-info>
</gc-start>
<allocation-stats totalBytes="10880752" >
  <allocated-bytes non-tlh="591160" tlh="10289592" />
  <largest-consumer threadName="main" threadId="0000000000968F00" bytes="10876656" />
</allocation-stats>
<gc-op id="1870" type="mark" timems="5.800" contextid="1867" timestamp="2019-08-04T20:35:23.893">
  <trace-info objectcount="114890" scancount="95937" scanbytes="3237136" />
  <finalization candidates="80" enqueued="0" />
  <ownableSynchronizers candidates="21" cleared="0" />
  <references type="soft" candidates="1443" cleared="0" enqueued="0" dynamicThreshold="21" maxThreshold="32" />
  <references type="weak" candidates="5459" cleared="0" enqueued="0" />
  <references type="phantom" candidates="97" cleared="0" enqueued="0" />
  <stringconstants candidates="12508" cleared="0"  />
</gc-op>
<gc-op id="1871" type="sweep" timems="2.142" contextid="1867" timestamp="2019-08-04T20:35:23.895" />
<heap-resize id="1872" type="contract" space="tenure" amount="196608" count="1" timems="0.159" reason="excess free space following gc" timestamp="2019-08-04T20:35:23.896" />
<gc-end id="1873" type="global" contextid="1867" durationms="8.319" usertimems="26.293" systemtimems="7.000" timestamp="2019-08-04T20:35:23.896" activeThreads="8">
  <mem-info id="1874" free="10253048" total="17039360" percent="60">
    <mem type="tenure" free="10253048" total="17039360" percent="60" micro-fragmented="304721">
      <mem type="soa" free="9628832" total="16187392" percent="59" />
      <mem type="loa" free="624216" total="851968" percent="73" />
    </mem>
  </mem-info>
</gc-end>
<cycle-end id="1875" type="global" contextid="1867" timestamp="2019-08-04T20:35:23.896">
  <attribute name="GC Util" value="101" />
  <attribute name="CPU Util" value="16432307357084" />
  <attribute name="Time Running"value="64140"/>
  <attribute name="Number of cores"value="16"/>
</cycle-end>
<allocation-satisfied id="1876" threadId="0000000000968F00" bytesRequested="48" />
<af-end id="1877" timestamp="2019-08-04T20:35:23.896" threadId="0000000000969888" success="true" />
<exclusive-end id="1878" timestamp="2019-08-04T20:35:23.896" durationms="8.564" />

<exclusive-start id="1879" timestamp="2019-08-04T20:35:23.919" intervalms="32.257">
  <response-info timems="0.049" idlems="0.049" threads="0" lastid="0000000000968F00" lastname="main" />
</exclusive-start>
<af-start id="1880" threadId="0000000000969888" totalBytesRequested="232" timestamp="2019-08-04T20:35:23.919" intervalms="32.255" />
<cycle-start id="1881" type="global" contextid="0" timestamp="2019-08-04T20:35:23.919" intervalms="32.213" />
  <attribute name="GC Util" value="101" />
  <attribute name="CPU Util" value="16432307357084" />
  <attribute name="Time Running"value="64140"/>
  <attribute name="Number of cores"value="16"/>
<gc-start id="1882" type="global" contextid="1881" timestamp="2019-08-04T20:35:23.920">
  <mem-info id="1883" free="424208" total="17039360" percent="2">
    <mem type="tenure" free="424208" total="17039360" percent="2">
      <mem type="soa" free="0" total="16187392" percent="0" />
      <mem type="loa" free="424208" total="851968" percent="49" />
    </mem>
  </mem-info>
</gc-start>
<allocation-stats totalBytes="9805344" >
  <allocated-bytes non-tlh="567680" tlh="9237664" />
  <largest-consumer threadName="main" threadId="0000000000968F00" bytes="9805344" />
</allocation-stats>
<gc-op id="1884" type="mark" timems="3.106" contextid="1881" timestamp="2019-08-04T20:35:23.923">
  <trace-info objectcount="108618" scancount="90428" scanbytes="2968388" />
  <finalization candidates="80" enqueued="0" />
  <ownableSynchronizers candidates="21" cleared="0" />
  <references type="soft" candidates="1444" cleared="0" enqueued="0" dynamicThreshold="19" maxThreshold="32" />
  <references type="weak" candidates="5459" cleared="0" enqueued="0" />
  <references type="phantom" candidates="96" cleared="0" enqueued="0" />
  <stringconstants candidates="12528" cleared="0"  />
</gc-op>
<gc-op id="1885" type="sweep" timems="1.440" contextid="1881" timestamp="2019-08-04T20:35:23.924" />
<heap-resize id="1886" type="contract" space="tenure" amount="196608" count="1" timems="0.081" reason="excess free space following gc" timestamp="2019-08-04T20:35:23.924" />
<gc-end id="1887" type="global" contextid="1881" durationms="4.763" usertimems="13.754" systemtimems="0.000" timestamp="2019-08-04T20:35:23.924" activeThreads="8">
  <mem-info id="1888" free="10648280" total="16842752" percent="63">
    <mem type="tenure" free="10648280" total="16842752" percent="63" micro-fragmented="302923">
      <mem type="soa" free="10048240" total="16001024" percent="62" />
      <mem type="loa" free="600040" total="841728" percent="71" />
    </mem>
  </mem-info>
</gc-end>
<cycle-end id="1889" type="global" contextid="1881" timestamp="2019-08-04T20:35:23.924">
  <attribute name="GC Util" value="65" />
  <attribute name="CPU Util" value="17873193146345" />
  <attribute name="Time Running"value="64169"/>
  <attribute name="Number of cores"value="16"/>
</cycle-end>
<allocation-satisfied id="1890" threadId="0000000000968F00" bytesRequested="232" />
<af-end id="1891" timestamp="2019-08-04T20:35:23.924" threadId="0000000000969888" success="true" />
<exclusive-end id="1892" timestamp="2019-08-04T20:35:23.924" durationms="4.942" />

<exclusive-start id="1893" timestamp="2019-08-04T20:35:23.970" intervalms="50.166">
  <response-info timems="0.050" idlems="0.050" threads="0" lastid="0000000000968F00" lastname="main" />
</exclusive-start>
<af-start id="1894" threadId="0000000000969888" totalBytesRequested="32" timestamp="2019-08-04T20:35:23.970" intervalms="50.165" />
<cycle-start id="1895" type="global" contextid="0" timestamp="2019-08-04T20:35:23.970" intervalms="50.162" />
  <attribute name="GC Util" value="65" />
  <attribute name="CPU Util" value="17873193146345" />
  <attribute name="Time Running"value="64169"/>
  <attribute name="Number of cores"value="16"/>
<gc-start id="1896" type="global" contextid="1895" timestamp="2019-08-04T20:35:23.970">
  <mem-info id="1897" free="600040" total="16842752" percent="3">
    <mem type="tenure" free="600040" total="16842752" percent="3">
      <mem type="soa" free="0" total="16001024" percent="0" />
      <mem type="loa" free="600040" total="841728" percent="71" />
    </mem>
  </mem-info>
</gc-start>
<allocation-stats totalBytes="10030872" >
  <allocated-bytes non-tlh="638048" tlh="9392824" />
  <largest-consumer threadName="main" threadId="0000000000968F00" bytes="10030872" />
</allocation-stats>
<gc-op id="1898" type="mark" timems="3.616" contextid="1895" timestamp="2019-08-04T20:35:23.973">
  <trace-info objectcount="119738" scancount="100437" scanbytes="3392848" />
  <finalization candidates="80" enqueued="0" />
  <ownableSynchronizers candidates="21" cleared="0" />
  <references type="soft" candidates="2077" cleared="0" enqueued="0" dynamicThreshold="20" maxThreshold="32" />
  <references type="weak" candidates="5514" cleared="19" enqueued="19" />
  <references type="phantom" candidates="97" cleared="0" enqueued="0" />
  <stringconstants candidates="13020" cleared="0"  />
</gc-op>
<gc-op id="1899" type="sweep" timems="1.052" contextid="1895" timestamp="2019-08-04T20:35:23.974" />
<heap-resize id="1900" type="expand" space="tenure" amount="1048576" count="1" timems="0.050" reason="excessive time being spent in gc" timestamp="2019-08-04T20:35:23.974" />
<gc-end id="1901" type="global" contextid="1895" durationms="4.834" usertimems="15.239" systemtimems="0.000" timestamp="2019-08-04T20:35:23.974" activeThreads="8">
  <mem-info id="1902" free="10974944" total="17891328" percent="61">
    <mem type="tenure" free="10974944" total="17891328" percent="61" micro-fragmented="310328">
      <mem type="soa" free="10080992" total="16997376" percent="59" />
      <mem type="loa" free="893952" total="893952" percent="100" />
    </mem>
    <pending-finalizers system="0" default="0" reference="19" classloader="0" />
  </mem-info>
</gc-end>
<cycle-end id="1903" type="global" contextid="1895" timestamp="2019-08-04T20:35:23.975">
  <attribute name="GC Util" value="89" />
  <attribute name="CPU Util" value="30892031150207" />
  <attribute name="Time Running"value="64220"/>
  <attribute name="Number of cores"value="16"/>
</cycle-end>
<allocation-satisfied id="1904" threadId="0000000000968F00" bytesRequested="32" />
<af-end id="1905" timestamp="2019-08-04T20:35:23.975" threadId="0000000000969888" success="true" />
<exclusive-end id="1906" timestamp="2019-08-04T20:35:23.975" durationms="5.020" />

<exclusive-start id="1907" timestamp="2019-08-04T20:35:24.024" intervalms="54.944">
  <response-info timems="0.023" idlems="0.023" threads="0" lastid="0000000000968F00" lastname="main" />
</exclusive-start>
<af-start id="1908" threadId="0000000000969888" totalBytesRequested="32" timestamp="2019-08-04T20:35:24.025" intervalms="54.941" />
<cycle-start id="1909" type="global" contextid="0" timestamp="2019-08-04T20:35:24.025" intervalms="54.940" />
  <attribute name="GC Util" value="89" />
  <attribute name="CPU Util" value="30892031150207" />
  <attribute name="Time Running"value="64220"/>
  <attribute name="Number of cores"value="16"/>
<gc-start id="1910" type="global" contextid="1909" timestamp="2019-08-04T20:35:24.025">
  <mem-info id="1911" free="893952" total="17891328" percent="4">
    <mem type="tenure" free="893952" total="17891328" percent="4">
      <mem type="soa" free="0" total="16997376" percent="0" />
      <mem type="loa" free="893952" total="893952" percent="100" />
    </mem>
  </mem-info>
</gc-start>
<allocation-stats totalBytes="10048128" >
  <allocated-bytes non-tlh="751728" tlh="9296400" />
  <largest-consumer threadName="main" threadId="0000000000968F00" bytes="10048128" />
</allocation-stats>
<gc-op id="1912" type="mark" timems="3.748" contextid="1909" timestamp="2019-08-04T20:35:24.028">
  <trace-info objectcount="116507" scancount="97584" scanbytes="3221412" />
  <finalization candidates="80" enqueued="0" />
  <ownableSynchronizers candidates="21" cleared="0" />
  <references type="soft" candidates="2222" cleared="0" enqueued="0" dynamicThreshold="19" maxThreshold="32" />
  <references type="weak" candidates="5529" cleared="2" enqueued="2" />
  <references type="phantom" candidates="97" cleared="1" enqueued="1" />
  <stringconstants candidates="13163" cleared="0"  />
</gc-op>
<gc-op id="1913" type="sweep" timems="1.592" contextid="1909" timestamp="2019-08-04T20:35:24.030" />
<gc-end id="1914" type="global" contextid="1909" durationms="5.452" usertimems="18.305" systemtimems="0.000" timestamp="2019-08-04T20:35:24.030" activeThreads="8">
  <mem-info id="1915" free="11456192" total="17891328" percent="64">
    <mem type="tenure" free="11456192" total="17891328" percent="64" micro-fragmented="292796">
      <mem type="soa" free="10562240" total="16997376" percent="62" />
      <mem type="loa" free="893952" total="893952" percent="100" />
    </mem>
    <pending-finalizers system="0" default="0" reference="3" classloader="0" />
  </mem-info>
</gc-end>
<cycle-end id="1916" type="global" contextid="1909" timestamp="2019-08-04T20:35:24.030">
  <attribute name="GC Util" value="74" />
  <attribute name="CPU Util" value="18803081102211" />
  <attribute name="Time Running"value="64275"/>
  <attribute name="Number of cores"value="16"/>
</cycle-end>
<allocation-satisfied id="1917" threadId="0000000000968F00" bytesRequested="32" />
<af-end id="1918" timestamp="2019-08-04T20:35:24.030" threadId="0000000000969888" success="true" />
<exclusive-end id="1919" timestamp="2019-08-04T20:35:24.030" durationms="5.792" />

<exclusive-start id="1920" timestamp="2019-08-04T20:35:24.041" intervalms="16.566">
  <response-info timems="0.017" idlems="0.017" threads="0" lastid="0000000000968F00" lastname="main" />
</exclusive-start>
<af-start id="1921" threadId="0000000000969888" totalBytesRequested="966384" timestamp="2019-08-04T20:35:24.041" intervalms="16.563" />
<cycle-start id="1922" type="global" contextid="0" timestamp="2019-08-04T20:35:24.041" intervalms="16.563" />
  <attribute name="GC Util" value="74" />
  <attribute name="CPU Util" value="18803081102211" />
  <attribute name="Time Running"value="64275"/>
  <attribute name="Number of cores"value="16"/>
<gc-start id="1923" type="global" contextid="1922" timestamp="2019-08-04T20:35:24.041">
  <mem-info id="1924" free="10102664" total="17891328" percent="56">
    <mem type="tenure" free="10102664" total="17891328" percent="56">
      <mem type="soa" free="9208712" total="16997376" percent="54" />
      <mem type="loa" free="893952" total="893952" percent="100" />
    </mem>
  </mem-info>
</gc-start>
<allocation-stats totalBytes="1352224" >
  <allocated-bytes non-tlh="32320" tlh="1319904" />
  <largest-consumer threadName="main" threadId="0000000000968F00" bytes="1352224" />
</allocation-stats>
<heap-resize id="1925" type="loa expand" space="tenure" amount="179200" count="1" timems="0.081" reason="expand on failed allocate" timestamp="2019-08-04T20:35:24.041" />
<gc-op id="1926" type="mark" timems="8.347" contextid="1922" timestamp="2019-08-04T20:35:24.050">
  <trace-info objectcount="109437" scancount="91161" scanbytes="2971840" />
  <finalization candidates="83" enqueued="1" />
  <ownableSynchronizers candidates="21" cleared="0" />
  <references type="soft" candidates="2223" cleared="0" enqueued="0" dynamicThreshold="20" maxThreshold="32" />
  <references type="weak" candidates="5554" cleared="4" enqueued="4" />
  <references type="phantom" candidates="98" cleared="0" enqueued="0" />
  <stringconstants candidates="13211" cleared="12"  />
</gc-op>
<gc-op id="1927" type="classunload" timems="0.006" contextid="1922" timestamp="2019-08-04T20:35:24.050">
  <classunload-info classloadercandidates="56" classloadersunloaded="0" classesunloaded="0" anonymousclassesunloaded="0" quiescems="0.000" setupms="0.005" scanms="0.000" postms="0.001" />
</gc-op>
<gc-op id="1928" type="sweep" timems="0.789" contextid="1922" timestamp="2019-08-04T20:35:24.050" />
<gc-end id="1929" type="global" contextid="1922" durationms="9.529" usertimems="17.021" systemtimems="3.920" timestamp="2019-08-04T20:35:24.051" activeThreads="8">
  <mem-info id="1930" free="9661280" total="17891328" percent="53">
    <mem type="tenure" free="9661280" total="17891328" percent="53" micro-fragmented="185869">
      <mem type="soa" free="8597744" total="16818176" percent="51" />
      <mem type="loa" free="1063536" total="1073152" percent="99" />
    </mem>
    <pending-finalizers system="0" default="1" reference="4" classloader="0" />
  </mem-info>
</gc-end>
<cycle-end id="1931" type="global" contextid="1922" timestamp="2019-08-04T20:35:24.051">
  <attribute name="GC Util" value="193" />
  <attribute name="CPU Util" value="2194400627342" />
  <attribute name="Time Running"value="64295"/>
  <attribute name="Number of cores"value="16"/>
</cycle-end>
<allocation-satisfied id="1932" threadId="0000000000968F00" bytesRequested="966384" />
<af-end id="1933" timestamp="2019-08-04T20:35:24.051" threadId="0000000000969888" success="true" />
<exclusive-end id="1934" timestamp="2019-08-04T20:35:24.051" durationms="9.759" />

<exclusive-start id="1935" timestamp="2019-08-04T20:35:24.052" intervalms="11.129">
  <response-info timems="0.045" idlems="0.045" threads="0" lastid="0000000000968F00" lastname="main" />
</exclusive-start>
<af-start id="1936" threadId="0000000000969888" totalBytesRequested="1932752" timestamp="2019-08-04T20:35:24.052" intervalms="11.124" />
<cycle-start id="1937" type="global" contextid="0" timestamp="2019-08-04T20:35:24.053" intervalms="11.546" />
  <attribute name="GC Util" value="158" />
  <attribute name="CPU Util" value="7042612812717" />
  <attribute name="Time Running"value="64298"/>
  <attribute name="Number of cores"value="16"/>
<gc-start id="1938" type="global" contextid="1937" timestamp="2019-08-04T20:35:24.053">
  <mem-info id="1939" free="11028128" total="17891328" percent="61">
    <mem type="tenure" free="11028128" total="17891328" percent="61">
      <mem type="soa" free="9964592" total="16818176" percent="59" />
      <mem type="loa" free="1063536" total="1073152" percent="99" />
    </mem>
  </mem-info>
</gc-start>
<allocation-stats totalBytes="978080" >
  <allocated-bytes non-tlh="966784" tlh="11296" />
  <largest-consumer threadName="main" threadId="0000000000968F00" bytes="972304" />
</allocation-stats>
<heap-resize id="1940" type="loa expand" space="tenure" amount="179200" count="1" timems="0.081" reason="expand on failed allocate" timestamp="2019-08-04T20:35:24.053" />
<gc-op id="1941" type="mark" timems="3.681" contextid="1937" timestamp="2019-08-04T20:35:24.056">
  <trace-info objectcount="109414" scancount="91142" scanbytes="2975160" />
  <finalization candidates="82" enqueued="0" />
  <ownableSynchronizers candidates="21" cleared="0" />
  <references type="soft" candidates="2223" cleared="3" enqueued="3" dynamicThreshold="17" maxThreshold="32" />
  <references type="weak" candidates="5550" cleared="0" enqueued="0" />
  <references type="phantom" candidates="99" cleared="0" enqueued="0" />
  <stringconstants candidates="13201" cleared="0"  />
</gc-op>
<gc-op id="1942" type="sweep" timems="1.348" contextid="1937" timestamp="2019-08-04T20:35:24.058" />
<mem-info id="1943" free="11014720" total="17891328" percent="61">
  <mem type="tenure" free="11014720" total="17891328" percent="61" micro-fragmented="216567">
    <mem type="soa" free="9802728" total="16638976" percent="58" />
    <mem type="loa" free="1211992" total="1252352" percent="96" />
  </mem>
  <pending-finalizers system="0" default="0" reference="3" classloader="0" />
</mem-info>
<gc-op id="1944" type="compact" timems="29.604" contextid="1937" timestamp="2019-08-04T20:35:24.087">
  <compact-info movecount="106036" movebytes="6447648" reason="compact to meet allocation" />
</gc-op>
<gc-end id="1945" type="global" contextid="1937" durationms="34.802" usertimems="48.646" systemtimems="6.925" timestamp="2019-08-04T20:35:24.088" activeThreads="8">
  <mem-info id="1946" free="9335400" total="17891328" percent="52">
    <mem type="tenure" free="9335400" total="17891328" percent="52">
      <mem type="soa" free="8083048" total="16638976" percent="48" />
      <mem type="loa" free="1252352" total="1252352" percent="100" />
    </mem>
    <pending-finalizers system="0" default="0" reference="3" classloader="0" />
  </mem-info>
</gc-end>
<cycle-end id="1947" type="global" contextid="1937" timestamp="2019-08-04T20:35:24.088">
  <attribute name="GC Util" value="27" />
  <attribute name="CPU Util" value="24160195185516" />
  <attribute name="Time Running"value="64303"/>
  <attribute name="Number of cores"value="16"/>
</cycle-end>
<allocation-satisfied id="1948" threadId="0000000000968F00" bytesRequested="1932752" />
<af-end id="1949" timestamp="2019-08-04T20:35:24.088" threadId="0000000000969888" success="true" />
<exclusive-end id="1950" timestamp="2019-08-04T20:35:24.088" durationms="35.463" />

<exclusive-start id="1951" timestamp="2019-08-04T20:35:24.292" intervalms="239.826">
  <response-info timems="0.080" idlems="0.080" threads="0" lastid="0000000000968F00" lastname="main" />
</exclusive-start>
<af-start id="1952" threadId="0000000000969888" totalBytesRequested="712" timestamp="2019-08-04T20:35:24.292" intervalms="239.840" />
<cycle-start id="1953" type="global" contextid="0" timestamp="2019-08-04T20:35:24.292" intervalms="239.422" />
  <attribute name="GC Util" value="27" />
  <attribute name="CPU Util" value="24160195185516" />
  <attribute name="Time Running"value="64303"/>
  <attribute name="Number of cores"value="16"/>
<gc-start id="1954" type="global" contextid="1953" timestamp="2019-08-04T20:35:24.292">
  <mem-info id="1955" free="1252352" total="17891328" percent="6">
    <mem type="tenure" free="1252352" total="17891328" percent="6">
      <mem type="soa" free="0" total="16638976" percent="0" />
      <mem type="loa" free="1252352" total="1252352" percent="100" />
    </mem>
  </mem-info>
</gc-start>
<allocation-stats totalBytes="10005504" >
  <allocated-bytes non-tlh="1933520" tlh="8071984" />
  <largest-consumer threadName="main" threadId="0000000000968F00" bytes="10005504" />
</allocation-stats>
<gc-op id="1956" type="mark" timems="4.407" contextid="1953" timestamp="2019-08-04T20:35:24.297">
  <trace-info objectcount="124080" scancount="103692" scanbytes="3279868" />
  <finalization candidates="82" enqueued="1" />
  <ownableSynchronizers candidates="21" cleared="0" />
  <references type="soft" candidates="2229" cleared="1" enqueued="1" dynamicThreshold="16" maxThreshold="32" />
  <references type="weak" candidates="5561" cleared="3" enqueued="3" />
  <references type="phantom" candidates="98" cleared="0" enqueued="0" />
  <stringconstants candidates="13213" cleared="0"  />
</gc-op>
<gc-op id="1957" type="sweep" timems="1.698" contextid="1953" timestamp="2019-08-04T20:35:24.298" />
<heap-resize id="1958" type="expand" space="tenure" amount="2424832" count="1" timems="0.078" reason="excessive time being spent in gc" timestamp="2019-08-04T20:35:24.298" />
<gc-end id="1959" type="global" contextid="1953" durationms="6.350" usertimems="16.964" systemtimems="0.000" timestamp="2019-08-04T20:35:24.298" activeThreads="8">
  <mem-info id="1960" free="12145160" total="20316160" percent="59">
    <mem type="tenure" free="12145160" total="20316160" percent="59" micro-fragmented="36234">
      <mem type="soa" free="10723848" total="18894848" percent="56" />
      <mem type="loa" free="1421312" total="1421312" percent="100" />
    </mem>
    <pending-finalizers system="0" default="1" reference="4" classloader="0" />
  </mem-info>
</gc-end>
<cycle-end id="1961" type="global" contextid="1953" timestamp="2019-08-04T20:35:24.299">
  <attribute name="GC Util" value="65" />
  <attribute name="CPU Util" value="14342729597822" />
  <attribute name="Time Running"value="64544"/>
  <attribute name="Number of cores"value="16"/>
</cycle-end>
<allocation-satisfied id="1962" threadId="0000000000968F00" bytesRequested="712" />
<af-end id="1963" timestamp="2019-08-04T20:35:24.299" threadId="0000000000969888" success="true" />
<exclusive-end id="1964" timestamp="2019-08-04T20:35:24.299" durationms="6.547" />

<exclusive-start id="1965" timestamp="2019-08-04T20:35:24.438" intervalms="145.630">
  <response-info timems="0.077" idlems="0.077" threads="0" lastid="0000000000968F00" lastname="main" />
</exclusive-start>
<af-start id="1966" threadId="0000000000969888" totalBytesRequested="664" timestamp="2019-08-04T20:35:24.438" intervalms="145.626" />
<cycle-start id="1967" type="global" contextid="0" timestamp="2019-08-04T20:35:24.438" intervalms="145.623" />
  <attribute name="GC Util" value="65" />
  <attribute name="CPU Util" value="14342729597822" />
  <attribute name="Time Running"value="64544"/>
  <attribute name="Number of cores"value="16"/>
<gc-start id="1968" type="global" contextid="1967" timestamp="2019-08-04T20:35:24.438">
  <mem-info id="1969" free="1421312" total="20316160" percent="6">
    <mem type="tenure" free="1421312" total="20316160" percent="6">
      <mem type="soa" free="0" total="18894848" percent="0" />
      <mem type="loa" free="1421312" total="1421312" percent="100" />
    </mem>
  </mem-info>
</gc-start>
<allocation-stats totalBytes="10603120" >
  <allocated-bytes non-tlh="8200" tlh="10594920" />
  <largest-consumer threadName="main" threadId="0000000000968F00" bytes="10603120" />
</allocation-stats>
<gc-op id="1970" type="mark" timems="4.709" contextid="1967" timestamp="2019-08-04T20:35:24.442">
  <trace-info objectcount="143843" scancount="120615" scanbytes="3684812" />
  <finalization candidates="81" enqueued="0" />
  <ownableSynchronizers candidates="21" cleared="0" />
  <references type="soft" candidates="2228" cleared="0" enqueued="0" dynamicThreshold="19" maxThreshold="32" />
  <references type="weak" candidates="5558" cleared="0" enqueued="0" />
  <references type="phantom" candidates="98" cleared="0" enqueued="0" />
  <stringconstants candidates="13213" cleared="0"  />
</gc-op>
<gc-op id="1971" type="sweep" timems="1.280" contextid="1967" timestamp="2019-08-04T20:35:24.444" />
<gc-end id="1972" type="global" contextid="1967" durationms="6.096" usertimems="23.625" systemtimems="0.000" timestamp="2019-08-04T20:35:24.444" activeThreads="9">
  <mem-info id="1973" free="8577112" total="20316160" percent="42">
    <mem type="tenure" free="8577112" total="20316160" percent="42" micro-fragmented="3081">
      <mem type="soa" free="7198176" total="18894848" percent="38" />
      <mem type="loa" free="1378936" total="1421312" percent="97" />
    </mem>
  </mem-info>
</gc-end>
<cycle-end id="1974" type="global" contextid="1967" timestamp="2019-08-04T20:35:24.444">
  <attribute name="GC Util" value="367" />
  <attribute name="CPU Util" value="3886344472856" />
  <attribute name="Time Running"value="64688"/>
  <attribute name="Number of cores"value="16"/>
</cycle-end>
<allocation-satisfied id="1975" threadId="0000000000968F00" bytesRequested="664" />
<af-end id="1976" timestamp="2019-08-04T20:35:24.444" threadId="0000000000969888" success="true" />
<exclusive-end id="1977" timestamp="2019-08-04T20:35:24.444" durationms="6.265" />

<exclusive-start id="1978" timestamp="2019-08-04T20:35:24.462" intervalms="24.718">
  <response-info timems="0.136" idlems="0.136" threads="0" lastid="0000000000968F00" lastname="main" />
</exclusive-start>
<af-start id="1979" threadId="0000000000969888" totalBytesRequested="16392" timestamp="2019-08-04T20:35:24.462" intervalms="24.720" />
<cycle-start id="1980" type="global" contextid="0" timestamp="2019-08-04T20:35:24.463" intervalms="25.576" />
  <attribute name="GC Util" value="29" />
  <attribute name="CPU Util" value="927026233112" />
  <attribute name="Time Running"value="64708"/>
  <attribute name="Number of cores"value="16"/>
<gc-start id="1981" type="global" contextid="1980" timestamp="2019-08-04T20:35:24.463">
  <mem-info id="1982" free="10104416" total="20316160" percent="49">
    <mem type="tenure" free="10104416" total="20316160" percent="49">
      <mem type="soa" free="8683104" total="18894848" percent="45" />
      <mem type="loa" free="1421312" total="1421312" percent="100" />
    </mem>
  </mem-info>
</gc-start>
<allocation-stats totalBytes="1184424" >
  <allocated-bytes non-tlh="0" tlh="1184424" />
  <largest-consumer threadName="main" threadId="0000000000968F00" bytes="1184424" />
</allocation-stats>
<gc-op id="1983" type="mark" timems="4.897" contextid="1980" timestamp="2019-08-04T20:35:24.468">
  <trace-info objectcount="146358" scancount="122718" scanbytes="3733760" />
  <finalization candidates="81" enqueued="0" />
  <ownableSynchronizers candidates="21" cleared="0" />
  <references type="soft" candidates="2228" cleared="7" enqueued="7" dynamicThreshold="13" maxThreshold="32" />
  <references type="weak" candidates="5558" cleared="0" enqueued="0" />
  <references type="phantom" candidates="98" cleared="0" enqueued="0" />
  <stringconstants candidates="13213" cleared="0"  />
</gc-op>
<gc-op id="1984" type="sweep" timems="1.412" contextid="1980" timestamp="2019-08-04T20:35:24.470" />
<mem-info id="1985" free="11174560" total="20316160" percent="55">
  <mem type="tenure" free="11174560" total="20316160" percent="55" micro-fragmented="233448">
    <mem type="soa" free="9753248" total="18894848" percent="51" />
    <mem type="loa" free="1421312" total="1421312" percent="100" />
  </mem>
  <pending-finalizers system="0" default="0" reference="7" classloader="0" />
</mem-info>
<gc-op id="1986" type="compact" timems="34.977" contextid="1980" timestamp="2019-08-04T20:35:24.505">
  <compact-info movecount="128521" movebytes="7715712" reason="compact to meet allocation" />
</gc-op>
<gc-end id="1987" type="global" contextid="1980" durationms="41.465" usertimems="71.647" systemtimems="0.000" timestamp="2019-08-04T20:35:24.505" activeThreads="9">
  <mem-info id="1988" free="11786152" total="20316160" percent="58">
    <mem type="tenure" free="11786152" total="20316160" percent="58">
      <mem type="soa" free="10364840" total="18894848" percent="54" />
      <mem type="loa" free="1421312" total="1421312" percent="100" />
    </mem>
    <pending-finalizers system="0" default="0" reference="7" classloader="0" />
  </mem-info>
</gc-end>
<cycle-end id="1989" type="global" contextid="1980" timestamp="2019-08-04T20:35:24.505">
  <attribute name="GC Util" value="38" />
  <attribute name="CPU Util" value="41562540466334" />
  <attribute name="Time Running"value="64715"/>
  <attribute name="Number of cores"value="16"/>
</cycle-end>
<allocation-satisfied id="1990" threadId="0000000000968F00" bytesRequested="16392" />
<af-end id="1991" timestamp="2019-08-04T20:35:24.505" threadId="0000000000969888" success="true" />
<exclusive-end id="1992" timestamp="2019-08-04T20:35:24.505" durationms="42.517" />

<exclusive-start id="1993" timestamp="2019-08-04T20:35:24.581" intervalms="118.395">
  <response-info timems="0.079" idlems="0.079" threads="0" lastid="0000000000968F00" lastname="main" />
</exclusive-start>
<af-start id="1994" threadId="0000000000969888" totalBytesRequested="664" timestamp="2019-08-04T20:35:24.581" intervalms="118.389" />
<cycle-start id="1995" type="global" contextid="0" timestamp="2019-08-04T20:35:24.581" intervalms="117.531" />
  <attribute name="GC Util" value="38" />
  <attribute name="CPU Util" value="41562540466334" />
  <attribute name="Time Running"value="64715"/>
  <attribute name="Number of cores"value="16"/>
<gc-start id="1996" type="global" contextid="1995" timestamp="2019-08-04T20:35:24.581">
  <mem-info id="1997" free="1421312" total="20316160" percent="6">
    <mem type="tenure" free="1421312" total="20316160" percent="6">
      <mem type="soa" free="0" total="18894848" percent="0" />
      <mem type="loa" free="1421312" total="1421312" percent="100" />
    </mem>
  </mem-info>
</gc-start>
<allocation-stats totalBytes="10373368" >
  <allocated-bytes non-tlh="16392" tlh="10356976" />
  <largest-consumer threadName="main" threadId="0000000000968F00" bytes="10373368" />
</allocation-stats>
<gc-op id="1998" type="mark" timems="3.835" contextid="1995" timestamp="2019-08-04T20:35:24.585">
  <trace-info objectcount="168377" scancount="141632" scanbytes="4192832" />
  <finalization candidates="81" enqueued="0" />
  <ownableSynchronizers candidates="21" cleared="0" />
  <references type="soft" candidates="2221" cleared="0" enqueued="0" dynamicThreshold="18" maxThreshold="32" />
  <references type="weak" candidates="5558" cleared="0" enqueued="0" />
  <references type="phantom" candidates="98" cleared="0" enqueued="0" />
  <stringconstants candidates="13213" cleared="0"  />
</gc-op>
<gc-op id="1999" type="sweep" timems="1.528" contextid="1995" timestamp="2019-08-04T20:35:24.586" />
<heap-resize id="2000" type="expand" space="tenure" amount="3473408" count="1" timems="0.118" reason="excessive time being spent in gc" timestamp="2019-08-04T20:35:24.586" />
<gc-end id="2001" type="global" contextid="1995" durationms="5.610" usertimems="24.173" systemtimems="0.000" timestamp="2019-08-04T20:35:24.586" activeThreads="9">
  <mem-info id="2002" free="14279360" total="23789568" percent="60">
    <mem type="tenure" free="14279360" total="23789568" percent="60" micro-fragmented="51597">
      <mem type="soa" free="12614336" total="22124544" percent="57" />
      <mem type="loa" free="1665024" total="1665024" percent="100" />
    </mem>
  </mem-info>
</gc-end>
<cycle-end id="2003" type="global" contextid="1995" timestamp="2019-08-04T20:35:24.587">
  <attribute name="GC Util" value="101" />
  <attribute name="CPU Util" value="17033334802768" />
  <attribute name="Time Running"value="64832"/>
  <attribute name="Number of cores"value="16"/>
</cycle-end>
<allocation-satisfied id="2004" threadId="0000000000968F00" bytesRequested="664" />
<af-end id="2005" timestamp="2019-08-04T20:35:24.587" threadId="0000000000969888" success="true" />
<exclusive-end id="2006" timestamp="2019-08-04T20:35:24.587" durationms="5.778" />

<exclusive-start id="2007" timestamp="2019-08-04T20:35:24.683" intervalms="102.179">
  <response-info timems="0.042" idlems="0.042" threads="0" lastid="0000000000968F00" lastname="main" />
</exclusive-start>
<af-start id="2008" threadId="0000000000969888" totalBytesRequested="704" timestamp="2019-08-04T20:35:24.683" intervalms="102.176" />
<cycle-start id="2009" type="global" contextid="0" timestamp="2019-08-04T20:35:24.683" intervalms="102.177" />
  <attribute name="GC Util" value="101" />
  <attribute name="CPU Util" value="17033334802768" />
  <attribute name="Time Running"value="64832"/>
  <attribute name="Number of cores"value="16"/>
<gc-start id="2010" type="global" contextid="2009" timestamp="2019-08-04T20:35:24.683">
  <mem-info id="2011" free="1665024" total="23789568" percent="6">
    <mem type="tenure" free="1665024" total="23789568" percent="6">
      <mem type="soa" free="0" total="22124544" percent="0" />
      <mem type="loa" free="1665024" total="1665024" percent="100" />
    </mem>
  </mem-info>
</gc-start>
<allocation-stats totalBytes="12317912" >
  <allocated-bytes non-tlh="65552" tlh="12252360" />
  <largest-consumer threadName="main" threadId="0000000000968F00" bytes="12317912" />
</allocation-stats>
<gc-op id="2012" type="mark" timems="4.698" contextid="2009" timestamp="2019-08-04T20:35:24.688">
  <trace-info objectcount="193570" scancount="163537" scanbytes="4738888" />
  <finalization candidates="81" enqueued="0" />
  <ownableSynchronizers candidates="21" cleared="0" />
  <references type="soft" candidates="2221" cleared="0" enqueued="0" dynamicThreshold="19" maxThreshold="32" />
  <references type="weak" candidates="5558" cleared="0" enqueued="0" />
  <references type="phantom" candidates="98" cleared="0" enqueued="0" />
  <stringconstants candidates="13213" cleared="0"  />
</gc-op>
<gc-op id="2013" type="sweep" timems="2.653" contextid="2009" timestamp="2019-08-04T20:35:24.690" />
<heap-resize id="2014" type="expand" space="tenure" amount="3735552" count="1" timems="0.359" reason="excessive time being spent in gc" timestamp="2019-08-04T20:35:24.691" />
<gc-end id="2015" type="global" contextid="2009" durationms="7.860" usertimems="33.611" systemtimems="0.000" timestamp="2019-08-04T20:35:24.691" activeThreads="11">
  <mem-info id="2016" free="16528536" total="27525120" percent="60">
    <mem type="tenure" free="16528536" total="27525120" percent="60" micro-fragmented="489065">
      <mem type="soa" free="14602392" total="25598976" percent="57" />
      <mem type="loa" free="1926144" total="1926144" percent="100" />
    </mem>
  </mem-info>
</gc-end>
<cycle-end id="2017" type="global" contextid="2009" timestamp="2019-08-04T20:35:24.691">
  <attribute name="GC Util" value="80" />
  <attribute name="CPU Util" value="9282945243997" />
  <attribute name="Time Running"value="64935"/>
  <attribute name="Number of cores"value="16"/>
</cycle-end>
<allocation-satisfied id="2018" threadId="0000000000968F00" bytesRequested="704" />
<af-end id="2019" timestamp="2019-08-04T20:35:24.691" threadId="0000000000969888" success="true" />
<exclusive-end id="2020" timestamp="2019-08-04T20:35:24.691" durationms="8.048" />

<exclusive-start id="2021" timestamp="2019-08-04T20:35:24.752" intervalms="69.548">
  <response-info timems="0.077" idlems="0.077" threads="0" lastid="0000000000968F00" lastname="main" />
</exclusive-start>
<af-start id="2022" threadId="0000000000969888" totalBytesRequested="656" timestamp="2019-08-04T20:35:24.753" intervalms="69.551" />
<cycle-start id="2023" type="global" contextid="0" timestamp="2019-08-04T20:35:24.753" intervalms="69.551" />
  <attribute name="GC Util" value="80" />
  <attribute name="CPU Util" value="9282945243997" />
  <attribute name="Time Running"value="64935"/>
  <attribute name="Number of cores"value="16"/>
<gc-start id="2024" type="global" contextid="2023" timestamp="2019-08-04T20:35:24.753">
  <mem-info id="2025" free="1926144" total="27525120" percent="6">
    <mem type="tenure" free="1926144" total="27525120" percent="6">
      <mem type="soa" free="0" total="25598976" percent="0" />
      <mem type="loa" free="1926144" total="1926144" percent="100" />
    </mem>
  </mem-info>
</gc-start>
<allocation-stats totalBytes="14134744" >
  <allocated-bytes non-tlh="0" tlh="14134744" />
  <largest-consumer threadName="main" threadId="0000000000968F00" bytes="14134744" />
</allocation-stats>
<gc-op id="2026" type="mark" timems="6.748" contextid="2023" timestamp="2019-08-04T20:35:24.759">
  <trace-info objectcount="221736" scancount="188174" scanbytes="5316036" />
  <finalization candidates="81" enqueued="0" />
  <ownableSynchronizers candidates="21" cleared="0" />
  <references type="soft" candidates="2221" cleared="0" enqueued="0" dynamicThreshold="19" maxThreshold="32" />
  <references type="weak" candidates="5558" cleared="0" enqueued="0" />
  <references type="phantom" candidates="98" cleared="0" enqueued="0" />
  <stringconstants candidates="13213" cleared="0"  />
</gc-op>
<gc-op id="2027" type="sweep" timems="1.990" contextid="2023" timestamp="2019-08-04T20:35:24.761" />
<heap-resize id="2028" type="expand" space="tenure" amount="4653056" count="1" timems="0.262" reason="excessive time being spent in gc" timestamp="2019-08-04T20:35:24.762" />
<gc-end id="2029" type="global" contextid="2023" durationms="9.134" usertimems="33.010" systemtimems="0.000" timestamp="2019-08-04T20:35:24.762" activeThreads="13">
  <mem-info id="2030" free="19311384" total="32178176" percent="60">
    <mem type="tenure" free="19311384" total="32178176" percent="60" micro-fragmented="1059804">
      <mem type="soa" free="17059608" total="29926400" percent="57" />
      <mem type="loa" free="2251776" total="2251776" percent="100" />
    </mem>
  </mem-info>
</gc-end>
<cycle-end id="2031" type="global" contextid="2023" timestamp="2019-08-04T20:35:24.762">
  <attribute name="GC Util" value="219" />
  <attribute name="CPU Util" value="12993537922971" />
  <attribute name="Time Running"value="65007"/>
  <attribute name="Number of cores"value="16"/>
</cycle-end>
<allocation-satisfied id="2032" threadId="0000000000968F00" bytesRequested="656" />
<af-end id="2033" timestamp="2019-08-04T20:35:24.762" threadId="0000000000969888" success="true" />
<exclusive-end id="2034" timestamp="2019-08-04T20:35:24.762" durationms="9.311" />

<exclusive-start id="2035" timestamp="2019-08-04T20:35:24.804" intervalms="51.992">
  <response-info timems="0.033" idlems="0.033" threads="0" lastid="0000000000968F00" lastname="main" />
</exclusive-start>
<af-start id="2036" threadId="0000000000969888" totalBytesRequested="40" timestamp="2019-08-04T20:35:24.805" intervalms="51.996" />
<cycle-start id="2037" type="global" contextid="0" timestamp="2019-08-04T20:35:24.805" intervalms="51.997" />
  <attribute name="GC Util" value="219" />
  <attribute name="CPU Util" value="12993537922971" />
  <attribute name="Time Running"value="65007"/>
  <attribute name="Number of cores"value="16"/>
<gc-start id="2038" type="global" contextid="2037" timestamp="2019-08-04T20:35:24.805">
  <mem-info id="2039" free="2251776" total="32178176" percent="6">
    <mem type="tenure" free="2251776" total="32178176" percent="6">
      <mem type="soa" free="0" total="29926400" percent="0" />
      <mem type="loa" free="2251776" total="2251776" percent="100" />
    </mem>
  </mem-info>
</gc-start>
<allocation-stats totalBytes="16422176" >
  <allocated-bytes non-tlh="0" tlh="16422176" />
  <largest-consumer threadName="main" threadId="0000000000968F00" bytes="16422176" />
</allocation-stats>
<gc-op id="2040" type="mark" timems="8.381" contextid="2037" timestamp="2019-08-04T20:35:24.813">
  <trace-info objectcount="255940" scancount="217316" scanbytes="5998820" />
  <finalization candidates="81" enqueued="0" />
  <ownableSynchronizers candidates="21" cleared="0" />
  <references type="soft" candidates="2221" cleared="0" enqueued="0" dynamicThreshold="19" maxThreshold="32" />
  <references type="weak" candidates="5558" cleared="0" enqueued="0" />
  <references type="phantom" candidates="98" cleared="0" enqueued="0" />
  <stringconstants candidates="13213" cleared="0"  />
</gc-op>
<gc-op id="2041" type="sweep" timems="1.055" contextid="2037" timestamp="2019-08-04T20:35:24.814" />
<gc-end id="2042" type="global" contextid="2037" durationms="9.539" usertimems="34.662" systemtimems="0.000" timestamp="2019-08-04T20:35:24.814" activeThreads="15">
  <mem-info id="2043" free="13772968" total="32178176" percent="42">
    <mem type="tenure" free="13772968" total="32178176" percent="42" micro-fragmented="10006">
      <mem type="soa" free="11543192" total="29926400" percent="38" />
      <mem type="loa" free="2229776" total="2251776" percent="99" />
    </mem>
  </mem-info>
</gc-end>
<cycle-end id="2044" type="global" contextid="2037" timestamp="2019-08-04T20:35:24.814">
  <attribute name="GC Util" value="681" />
  <attribute name="CPU Util" value="2199402619719" />
  <attribute name="Time Running"value="65059"/>
  <attribute name="Number of cores"value="16"/>
</cycle-end>
<allocation-satisfied id="2045" threadId="0000000000968F00" bytesRequested="40" />
<af-end id="2046" timestamp="2019-08-04T20:35:24.814" threadId="0000000000969888" success="true" />
<exclusive-end id="2047" timestamp="2019-08-04T20:35:24.814" durationms="9.751" />

<exclusive-start id="2048" timestamp="2019-08-04T20:35:24.851" intervalms="46.047">
  <response-info timems="0.045" idlems="0.045" threads="0" lastid="0000000000968F00" lastname="main" />
</exclusive-start>
<af-start id="2049" threadId="0000000000969888" totalBytesRequested="32" timestamp="2019-08-04T20:35:24.851" intervalms="46.053" />
<cycle-start id="2050" type="global" contextid="0" timestamp="2019-08-04T20:35:24.851" intervalms="46.594" />
  <attribute name="GC Util" value="15" />
  <attribute name="CPU Util" value="491109518539" />
  <attribute name="Time Running"value="65096"/>
  <attribute name="Number of cores"value="16"/>
<gc-start id="2051" type="global" contextid="2050" timestamp="2019-08-04T20:35:24.851">
  <mem-info id="2052" free="2120688" total="32178176" percent="6">
    <mem type="tenure" free="2120688" total="32178176" percent="6">
      <mem type="soa" free="0" total="29926400" percent="0" />
      <mem type="loa" free="2120688" total="2251776" percent="94" />
    </mem>
  </mem-info>
</gc-start>
<allocation-stats totalBytes="14179576" >
  <allocated-bytes non-tlh="131088" tlh="14048488" />
  <largest-consumer threadName="main" threadId="0000000000968F00" bytes="14179576" />
</allocation-stats>
<gc-op id="2053" type="mark" timems="10.036" contextid="2050" timestamp="2019-08-04T20:35:24.861">
  <trace-info objectcount="285497" scancount="242034" scanbytes="6629688" />
  <finalization candidates="81" enqueued="0" />
  <ownableSynchronizers candidates="21" cleared="0" />
  <references type="soft" candidates="2221" cleared="311" enqueued="311" dynamicThreshold="13" maxThreshold="32" />
  <references type="weak" candidates="5558" cleared="0" enqueued="0" />
  <references type="phantom" candidates="98" cleared="0" enqueued="0" />
  <stringconstants candidates="13213" cleared="0"  />
</gc-op>
<gc-op id="2054" type="sweep" timems="2.969" contextid="2050" timestamp="2019-08-04T20:35:24.864" />
<heap-resize id="2055" type="expand" space="tenure" amount="5505024" count="1" timems="0.526" reason="excessive time being spent in gc" timestamp="2019-08-04T20:35:24.865" />
<gc-end id="2056" type="global" contextid="2050" durationms="13.690" usertimems="48.379" systemtimems="0.000" timestamp="2019-08-04T20:35:24.865" activeThreads="15">
  <mem-info id="2057" free="20283216" total="37683200" percent="53">
    <mem type="tenure" free="20283216" total="37683200" percent="53" micro-fragmented="3012573">
      <mem type="soa" free="17645392" total="35045376" percent="50" />
      <mem type="loa" free="2637824" total="2637824" percent="100" />
    </mem>
    <pending-finalizers system="0" default="0" reference="311" classloader="0" />
  </mem-info>
</gc-end>
<cycle-end id="2058" type="global" contextid="2050" timestamp="2019-08-04T20:35:24.865">
  <attribute name="GC Util" value="165" />
  <attribute name="CPU Util" value="12590044171308" />
  <attribute name="Time Running"value="65109"/>
  <attribute name="Number of cores"value="16"/>
</cycle-end>
<allocation-satisfied id="2059" threadId="0000000000968F00" bytesRequested="32" />
<af-end id="2060" timestamp="2019-08-04T20:35:24.865" threadId="0000000000969888" success="true" />
<exclusive-end id="2061" timestamp="2019-08-04T20:35:24.865" durationms="14.500" />

<exclusive-start id="2062" timestamp="2019-08-04T20:35:24.909" intervalms="58.411">
  <response-info timems="0.014" idlems="0.014" threads="0" lastid="0000000000968F00" lastname="main" />
</exclusive-start>
<af-start id="2063" threadId="0000000000969888" totalBytesRequested="656" timestamp="2019-08-04T20:35:24.909" intervalms="58.407" />
<cycle-start id="2064" type="global" contextid="0" timestamp="2019-08-04T20:35:24.909" intervalms="57.866" />
  <attribute name="GC Util" value="165" />
  <attribute name="CPU Util" value="12590044171308" />
  <attribute name="Time Running"value="65109"/>
  <attribute name="Number of cores"value="16"/>
<gc-start id="2065" type="global" contextid="2064" timestamp="2019-08-04T20:35:24.909">
  <mem-info id="2066" free="2637824" total="37683200" percent="7">
    <mem type="tenure" free="2637824" total="37683200" percent="7">
      <mem type="soa" free="0" total="35045376" percent="0" />
      <mem type="loa" free="2637824" total="2637824" percent="100" />
    </mem>
  </mem-info>
</gc-start>
<allocation-stats totalBytes="16841840" >
  <allocated-bytes non-tlh="0" tlh="16841840" />
  <largest-consumer threadName="main" threadId="0000000000968F00" bytes="16841840" />
</allocation-stats>
<gc-op id="2067" type="mark" timems="8.995" contextid="2064" timestamp="2019-08-04T20:35:24.918">
  <trace-info objectcount="318582" scancount="270066" scanbytes="7283960" />
  <finalization candidates="81" enqueued="0" />
  <ownableSynchronizers candidates="21" cleared="0" />
  <references type="soft" candidates="1910" cleared="0" enqueued="0" dynamicThreshold="17" maxThreshold="32" />
  <references type="weak" candidates="5558" cleared="0" enqueued="0" />
  <references type="phantom" candidates="98" cleared="0" enqueued="0" />
  <stringconstants candidates="13213" cleared="84"  />
</gc-op>
<gc-op id="2068" type="sweep" timems="3.611" contextid="2064" timestamp="2019-08-04T20:35:24.922" />
<heap-resize id="2069" type="expand" space="tenure" amount="6422528" count="1" timems="0.580" reason="excessive time being spent in gc" timestamp="2019-08-04T20:35:24.922" />
<gc-end id="2070" type="global" contextid="2064" durationms="13.326" usertimems="44.063" systemtimems="0.000" timestamp="2019-08-04T20:35:24.922" activeThreads="16">
  <mem-info id="2071" free="24279440" total="44105728" percent="55">
    <mem type="tenure" free="24279440" total="44105728" percent="55" micro-fragmented="4080320">
      <mem type="soa" free="21192080" total="41018368" percent="51" />
      <mem type="loa" free="3087360" total="3087360" percent="100" />
    </mem>
  </mem-info>
</gc-end>
<cycle-end id="2072" type="global" contextid="2064" timestamp="2019-08-04T20:35:24.922">
  <attribute name="GC Util" value="211" />
  <attribute name="CPU Util" value="6410182996877" />
  <attribute name="Time Running"value="65167"/>
  <attribute name="Number of cores"value="16"/>
</cycle-end>
<allocation-satisfied id="2073" threadId="0000000000968F00" bytesRequested="656" />
<af-end id="2074" timestamp="2019-08-04T20:35:24.922" threadId="0000000000969888" success="true" />
<exclusive-end id="2075" timestamp="2019-08-04T20:35:24.922" durationms="13.521" />

<exclusive-start id="2076" timestamp="2019-08-04T20:35:24.972" intervalms="63.558">
  <response-info timems="0.020" idlems="0.020" threads="0" lastid="0000000000968F00" lastname="main" />
</exclusive-start>
<af-start id="2077" threadId="0000000000969888" totalBytesRequested="32" timestamp="2019-08-04T20:35:24.973" intervalms="63.554" />
<cycle-start id="2078" type="global" contextid="0" timestamp="2019-08-04T20:35:24.973" intervalms="63.553" />
  <attribute name="GC Util" value="211" />
  <attribute name="CPU Util" value="6410182996877" />
  <attribute name="Time Running"value="65167"/>
  <attribute name="Number of cores"value="16"/>
<gc-start id="2079" type="global" contextid="2078" timestamp="2019-08-04T20:35:24.973">
  <mem-info id="2080" free="3087360" total="44105728" percent="6">
    <mem type="tenure" free="3087360" total="44105728" percent="6">
      <mem type="soa" free="0" total="41018368" percent="0" />
      <mem type="loa" free="3087360" total="3087360" percent="100" />
    </mem>
  </mem-info>
</gc-start>
<allocation-stats totalBytes="20259856" >
  <allocated-bytes non-tlh="0" tlh="20259856" />
  <largest-consumer threadName="main" threadId="0000000000968F00" bytes="20259856" />
</allocation-stats>
<gc-op id="2081" type="mark" timems="7.101" contextid="2078" timestamp="2019-08-04T20:35:24.980">
  <trace-info objectcount="360438" scancount="305435" scanbytes="8112616" />
  <finalization candidates="81" enqueued="0" />
  <ownableSynchronizers candidates="21" cleared="0" />
  <references type="soft" candidates="1910" cleared="0" enqueued="0" dynamicThreshold="17" maxThreshold="32" />
  <references type="weak" candidates="5558" cleared="0" enqueued="0" />
  <references type="phantom" candidates="98" cleared="0" enqueued="0" />
  <stringconstants candidates="13129" cleared="0"  />
</gc-op>
<gc-op id="2082" type="sweep" timems="1.750" contextid="2078" timestamp="2019-08-04T20:35:24.982" />
<heap-resize id="2083" type="expand" space="tenure" amount="7536640" count="1" timems="0.621" reason="excessive time being spent in gc" timestamp="2019-08-04T20:35:24.982" />
<gc-end id="2084" type="global" contextid="2078" durationms="9.617" usertimems="47.373" systemtimems="0.000" timestamp="2019-08-04T20:35:24.982" activeThreads="16">
  <mem-info id="2085" free="28972296" total="51642368" percent="56">
    <mem type="tenure" free="28972296" total="51642368" percent="56" micro-fragmented="5367407">
      <mem type="soa" free="25357576" total="48027648" percent="52" />
      <mem type="loa" free="3614720" total="3614720" percent="100" />
    </mem>
  </mem-info>
</gc-end>
<cycle-end id="2086" type="global" contextid="2078" timestamp="2019-08-04T20:35:24.982">
  <attribute name="GC Util" value="224" />
  <attribute name="CPU Util" value="13622549527207" />
  <attribute name="Time Running"value="65227"/>
  <attribute name="Number of cores"value="16"/>
</cycle-end>
<allocation-satisfied id="2087" threadId="0000000000968F00" bytesRequested="32" />
<af-end id="2088" timestamp="2019-08-04T20:35:24.982" threadId="0000000000969888" success="true" />
<exclusive-end id="2089" timestamp="2019-08-04T20:35:24.982" durationms="9.789" />

<exclusive-start id="2090" timestamp="2019-08-04T20:35:25.042" intervalms="69.389">
  <response-info timems="0.021" idlems="0.021" threads="0" lastid="0000000000968F00" lastname="main" />
</exclusive-start>
<af-start id="2091" threadId="0000000000969888" totalBytesRequested="48" timestamp="2019-08-04T20:35:25.042" intervalms="69.394" />
<cycle-start id="2092" type="global" contextid="0" timestamp="2019-08-04T20:35:25.042" intervalms="69.395" />
  <attribute name="GC Util" value="224" />
  <attribute name="CPU Util" value="13622549527207" />
  <attribute name="Time Running"value="65227"/>
  <attribute name="Number of cores"value="16"/>
<gc-start id="2093" type="global" contextid="2092" timestamp="2019-08-04T20:35:25.042">
  <mem-info id="2094" free="3614720" total="51642368" percent="6">
    <mem type="tenure" free="3614720" total="51642368" percent="6">
      <mem type="soa" free="0" total="48027648" percent="0" />
      <mem type="loa" free="3614720" total="3614720" percent="100" />
    </mem>
  </mem-info>
</gc-start>
<allocation-stats totalBytes="24244736" >
  <allocated-bytes non-tlh="0" tlh="24244736" />
  <largest-consumer threadName="main" threadId="0000000000968F00" bytes="24244736" />
</allocation-stats>
<heap-resize id="2095" type="loa contract" space="tenure" amount="517120" count="1" timems="0.081" reason="contract underutilized loa" timestamp="2019-08-04T20:35:25.042" />
<gc-op id="2096" type="mark" timems="11.206" contextid="2092" timestamp="2019-08-04T20:35:25.053">
  <trace-info objectcount="409330" scancount="347204" scanbytes="9091264" />
  <finalization candidates="81" enqueued="0" />
  <ownableSynchronizers candidates="21" cleared="0" />
  <references type="soft" candidates="1910" cleared="0" enqueued="0" dynamicThreshold="17" maxThreshold="32" />
  <references type="weak" candidates="5558" cleared="0" enqueued="0" />
  <references type="phantom" candidates="98" cleared="0" enqueued="0" />
  <stringconstants candidates="13129" cleared="0"  />
</gc-op>
<gc-op id="2097" type="sweep" timems="2.187" contextid="2092" timestamp="2019-08-04T20:35:25.055" />
<heap-resize id="2098" type="expand" space="tenure" amount="8781824" count="1" timems="0.810" reason="excessive time being spent in gc" timestamp="2019-08-04T20:35:25.056" />
<gc-end id="2099" type="global" contextid="2092" durationms="14.347" usertimems="60.135" systemtimems="0.000" timestamp="2019-08-04T20:35:25.056" activeThreads="16">
  <mem-info id="2100" free="34432992" total="60424192" percent="56">
    <mem type="tenure" free="34432992" total="60424192" percent="56" micro-fragmented="6891307">
      <mem type="soa" free="30808032" total="56799232" percent="54" />
      <mem type="loa" free="3624960" total="3624960" percent="100" />
    </mem>
  </mem-info>
</gc-end>
<cycle-end id="2101" type="global" contextid="2092" timestamp="2019-08-04T20:35:25.056">
  <attribute name="GC Util" value="251" />
  <attribute name="CPU Util" value="11094137503821" />
  <attribute name="Time Running"value="65301"/>
  <attribute name="Number of cores"value="16"/>
</cycle-end>
<allocation-satisfied id="2102" threadId="0000000000968F00" bytesRequested="48" />
<af-end id="2103" timestamp="2019-08-04T20:35:25.056" threadId="0000000000969888" success="true" />
<exclusive-end id="2104" timestamp="2019-08-04T20:35:25.056" durationms="14.580" />

<exclusive-start id="2105" timestamp="2019-08-04T20:35:25.150" intervalms="107.807">
  <response-info timems="0.020" idlems="0.020" threads="0" lastid="0000000000968F00" lastname="main" />
</exclusive-start>
<af-start id="2106" threadId="0000000000969888" totalBytesRequested="88" timestamp="2019-08-04T20:35:25.150" intervalms="107.801" />
<cycle-start id="2107" type="global" contextid="0" timestamp="2019-08-04T20:35:25.150" intervalms="107.800" />
  <attribute name="GC Util" value="251" />
  <attribute name="CPU Util" value="11094137503821" />
  <attribute name="Time Running"value="65301"/>
  <attribute name="Number of cores"value="16"/>
<gc-start id="2108" type="global" contextid="2107" timestamp="2019-08-04T20:35:25.150">
  <mem-info id="2109" free="3624960" total="60424192" percent="5">
    <mem type="tenure" free="3624960" total="60424192" percent="5">
      <mem type="soa" free="0" total="56799232" percent="0" />
      <mem type="loa" free="3624960" total="3624960" percent="100" />
    </mem>
  </mem-info>
</gc-start>
<allocation-stats totalBytes="29551144" >
  <allocated-bytes non-tlh="262160" tlh="29288984" />
  <largest-consumer threadName="main" threadId="0000000000968F00" bytes="29551144" />
</allocation-stats>
<heap-resize id="2110" type="loa contract" space="tenure" amount="604160" count="1" timems="0.081" reason="contract underutilized loa" timestamp="2019-08-04T20:35:25.150" />
<gc-op id="2111" type="mark" timems="9.052" contextid="2107" timestamp="2019-08-04T20:35:25.159">
  <trace-info objectcount="470061" scancount="398684" scanbytes="10428388" />
  <finalization candidates="81" enqueued="0" />
  <ownableSynchronizers candidates="21" cleared="0" />
  <references type="soft" candidates="1910" cleared="0" enqueued="0" dynamicThreshold="18" maxThreshold="32" />
  <references type="weak" candidates="5558" cleared="0" enqueued="0" />
  <references type="phantom" candidates="98" cleared="0" enqueued="0" />
  <stringconstants candidates="13129" cleared="0"  />
</gc-op>
<gc-op id="2112" type="sweep" timems="1.943" contextid="2107" timestamp="2019-08-04T20:35:25.161" />
<heap-resize id="2113" type="expand" space="tenure" amount="10289152" count="1" timems="0.758" reason="excessive time being spent in gc" timestamp="2019-08-04T20:35:25.162" />
<gc-end id="2114" type="global" contextid="2107" durationms="11.907" usertimems="65.202" systemtimems="0.000" timestamp="2019-08-04T20:35:25.162" activeThreads="16">
  <mem-info id="2115" free="40427144" total="70713344" percent="57">
    <mem type="tenure" free="40427144" total="70713344" percent="57" micro-fragmented="8758890">
      <mem type="soa" free="36892296" total="67178496" percent="54" />
      <mem type="loa" free="3534848" total="3534848" percent="100" />
    </mem>
  </mem-info>
</gc-end>
<cycle-end id="2116" type="global" contextid="2107" timestamp="2019-08-04T20:35:25.162">
  <attribute name="GC Util" value="257" />
  <attribute name="CPU Util" value="12473253061436" />
  <attribute name="Time Running"value="65406"/>
  <attribute name="Number of cores"value="16"/>
</cycle-end>
<allocation-satisfied id="2117" threadId="0000000000968F00" bytesRequested="88" />
<af-end id="2118" timestamp="2019-08-04T20:35:25.162" threadId="0000000000969888" success="true" />
<exclusive-end id="2119" timestamp="2019-08-04T20:35:25.162" durationms="12.576" />

<exclusive-start id="2120" timestamp="2019-08-04T20:35:25.296" intervalms="146.343">
  <response-info timems="0.043" idlems="0.043" threads="0" lastid="0000000000968F00" lastname="main" />
</exclusive-start>
<af-start id="2121" threadId="0000000000969888" totalBytesRequested="16" timestamp="2019-08-04T20:35:25.296" intervalms="146.343" />
<cycle-start id="2122" type="global" contextid="0" timestamp="2019-08-04T20:35:25.296" intervalms="146.343" />
  <attribute name="GC Util" value="257" />
  <attribute name="CPU Util" value="12473253061436" />
  <attribute name="Time Running"value="65406"/>
  <attribute name="Number of cores"value="16"/>
<gc-start id="2123" type="global" contextid="2122" timestamp="2019-08-04T20:35:25.296">
  <mem-info id="2124" free="3534848" total="70713344" percent="4">
    <mem type="tenure" free="3534848" total="70713344" percent="4">
      <mem type="soa" free="0" total="67178496" percent="0" />
      <mem type="loa" free="3534848" total="3534848" percent="100" />
    </mem>
  </mem-info>
</gc-start>
<allocation-stats totalBytes="35561472" >
  <allocated-bytes non-tlh="1902736" tlh="33658736" />
  <largest-consumer threadName="main" threadId="0000000000968F00" bytes="35561472" />
</allocation-stats>
<heap-resize id="2125" type="loa contract" space="tenure" amount="706560" count="1" timems="0.081" reason="contract underutilized loa" timestamp="2019-08-04T20:35:25.296" />
<gc-op id="2126" type="mark" timems="9.461" contextid="2122" timestamp="2019-08-04T20:35:25.306">
  <trace-info objectcount="545083" scancount="467138" scanbytes="12060828" />
  <finalization candidates="82" enqueued="1" />
  <ownableSynchronizers candidates="21" cleared="0" />
  <references type="soft" candidates="1910" cleared="0" enqueued="0" dynamicThreshold="18" maxThreshold="32" />
  <references type="weak" candidates="5564" cleared="0" enqueued="0" />
  <references type="phantom" candidates="98" cleared="0" enqueued="0" />
  <stringconstants candidates="13129" cleared="0"  />
</gc-op>
<gc-op id="2127" type="sweep" timems="1.669" contextid="2122" timestamp="2019-08-04T20:35:25.307" />
<gc-end id="2128" type="global" contextid="2122" durationms="11.285" usertimems="68.783" systemtimems="0.000" timestamp="2019-08-04T20:35:25.307" activeThreads="16">
  <mem-info id="2129" free="33202552" total="70713344" percent="46">
    <mem type="tenure" free="33202552" total="70713344" percent="46" micro-fragmented="34381">
      <mem type="soa" free="30394992" total="67885056" percent="44" />
      <mem type="loa" free="2807560" total="2828288" percent="99" />
    </mem>
    <pending-finalizers system="0" default="1" reference="0" classloader="0" />
  </mem-info>
</gc-end>
<cycle-end id="2130" type="global" contextid="2122" timestamp="2019-08-04T20:35:25.307">
  <attribute name="GC Util" value="585" />
  <attribute name="CPU Util" value="1942967354200" />
  <attribute name="Time Running"value="65551"/>
  <attribute name="Number of cores"value="16"/>
</cycle-end>
<allocation-satisfied id="2131" threadId="0000000000968F00" bytesRequested="16" />
<af-end id="2132" timestamp="2019-08-04T20:35:25.308" threadId="0000000000969888" success="true" />
<exclusive-end id="2133" timestamp="2019-08-04T20:35:25.308" durationms="11.484" />

-------------------------------------------------------------------------------
PYBENCH 2.0
-------------------------------------------------------------------------------
* using Python 2.5.2
* system check interval set to maximum: 2147483647
* using timer: time.time

Calibrating tests. Please wait...

Running 4 round(s) of the suite at warp factor 10:

<exclusive-start id="2134" timestamp="2019-08-04T20:35:25.500" intervalms="204.016">
  <response-info timems="0.045" idlems="0.045" threads="0" lastid="0000000000968F00" lastname="main" />
</exclusive-start>
<af-start id="2135" threadId="0000000000969888" totalBytesRequested="16" timestamp="2019-08-04T20:35:25.500" intervalms="204.015" />
<cycle-start id="2136" type="global" contextid="0" timestamp="2019-08-04T20:35:25.501" intervalms="204.508" />
  <attribute name="GC Util" value="6" />
  <attribute name="CPU Util" value="94889511735" />
  <attribute name="Time Running"value="65746"/>
  <attribute name="Number of cores"value="16"/>
<gc-start id="2137" type="global" contextid="2136" timestamp="2019-08-04T20:35:25.501">
  <mem-info id="2138" free="2828288" total="70713344" percent="3">
    <mem type="tenure" free="2828288" total="70713344" percent="3">
      <mem type="soa" free="0" total="67885056" percent="0" />
      <mem type="loa" free="2828288" total="2828288" percent="100" />
    </mem>
  </mem-info>
</gc-start>
<allocation-stats totalBytes="32321024" >
  <allocated-bytes non-tlh="177424" tlh="32143600" />
  <largest-consumer threadName="main" threadId="0000000000968F00" bytes="32321024" />
</allocation-stats>
<heap-resize id="2139" type="loa contract" space="tenure" amount="707584" count="1" timems="0.081" reason="contract underutilized loa" timestamp="2019-08-04T20:35:25.501" />
<gc-op id="2140" type="mark" timems="11.563" contextid="2136" timestamp="2019-08-04T20:35:25.512">
  <trace-info objectcount="603060" scancount="523911" scanbytes="13458216" />
  <finalization candidates="81" enqueued="1" />
  <ownableSynchronizers candidates="21" cleared="0" />
  <references type="soft" candidates="4262" cleared="71" enqueued="67" dynamicThreshold="15" maxThreshold="32" />
  <references type="weak" candidates="5624" cleared="4" enqueued="3" />
  <references type="phantom" candidates="98" cleared="0" enqueued="0" />
  <stringconstants candidates="13639" cleared="10"  />
</gc-op>
<gc-op id="2141" type="sweep" timems="1.773" contextid="2136" timestamp="2019-08-04T20:35:25.514" />
<gc-end id="2142" type="global" contextid="2136" durationms="13.475" usertimems="79.051" systemtimems="0.000" timestamp="2019-08-04T20:35:25.514" activeThreads="16">
  <mem-info id="2143" free="32595768" total="70713344" percent="46">
    <mem type="tenure" free="32595768" total="70713344" percent="46" micro-fragmented="110415">
      <mem type="soa" free="30487496" total="68592640" percent="44" />
      <mem type="loa" free="2108272" total="2120704" percent="99" />
    </mem>
    <pending-finalizers system="0" default="1" reference="70" classloader="0" />
  </mem-info>
</gc-end>
<cycle-end id="2144" type="global" contextid="2136" timestamp="2019-08-04T20:35:25.514">
  <attribute name="GC Util" value="572" />
  <attribute name="CPU Util" value="1588082769068" />
  <attribute name="Time Running"value="65758"/>
  <attribute name="Number of cores"value="16"/>
</cycle-end>
<allocation-satisfied id="2145" threadId="0000000000968F00" bytesRequested="16" />
<af-end id="2146" timestamp="2019-08-04T20:35:25.514" threadId="0000000000969888" success="true" />
<exclusive-end id="2147" timestamp="2019-08-04T20:35:25.514" durationms="14.186" />

<exclusive-start id="2148" timestamp="2019-08-04T20:35:25.697" intervalms="196.544">
  <response-info timems="0.036" idlems="0.036" threads="0" lastid="0000000000968F00" lastname="main" />
</exclusive-start>
<af-start id="2149" threadId="0000000000969888" totalBytesRequested="32" timestamp="2019-08-04T20:35:25.697" intervalms="196.544" />
<cycle-start id="2150" type="global" contextid="0" timestamp="2019-08-04T20:35:25.699" intervalms="198.686" />
  <attribute name="GC Util" value="6" />
  <attribute name="CPU Util" value="100075676409" />
  <attribute name="Time Running"value="65942"/>
  <attribute name="Number of cores"value="16"/>
<gc-start id="2151" type="global" contextid="2150" timestamp="2019-08-04T20:35:25.699">
  <mem-info id="2152" free="2120704" total="70713344" percent="2">
    <mem type="tenure" free="2120704" total="70713344" percent="2">
      <mem type="soa" free="0" total="68592640" percent="0" />
      <mem type="loa" free="2120704" total="2120704" percent="100" />
    </mem>
  </mem-info>
</gc-start>
<allocation-stats totalBytes="27680880" >
  <allocated-bytes non-tlh="0" tlh="27680880" />
  <largest-consumer threadName="main" threadId="0000000000968F00" bytes="27680880" />
</allocation-stats>
<heap-resize id="2153" type="loa contract" space="tenure" amount="706560" count="1" timems="0.081" reason="contract underutilized loa" timestamp="2019-08-04T20:35:25.699" />
<gc-op id="2154" type="mark" timems="9.816" contextid="2150" timestamp="2019-08-04T20:35:25.709">
  <trace-info objectcount="602439" scancount="523290" scanbytes="13438472" />
  <finalization candidates="80" enqueued="0" />
  <ownableSynchronizers candidates="21" cleared="0" />
  <references type="soft" candidates="4191" cleared="10" enqueued="10" dynamicThreshold="14" maxThreshold="32" />
  <references type="weak" candidates="5620" cleared="0" enqueued="0" />
  <references type="phantom" candidates="98" cleared="1" enqueued="1" />
  <stringconstants candidates="13629" cleared="0"  />
</gc-op>
<gc-op id="2155" type="sweep" timems="4.592" contextid="2150" timestamp="2019-08-04T20:35:25.714" />
<gc-end id="2156" type="global" contextid="2150" durationms="14.919" usertimems="85.328" systemtimems="0.000" timestamp="2019-08-04T20:35:25.714" activeThreads="16">
  <mem-info id="2157" free="31374016" total="70713344" percent="44">
    <mem type="tenure" free="31374016" total="70713344" percent="44" micro-fragmented="116135">
      <mem type="soa" free="29966504" total="69299200" percent="43" />
      <mem type="loa" free="1407512" total="1414144" percent="99" />
    </mem>
    <pending-finalizers system="0" default="0" reference="11" classloader="0" />
  </mem-info>
</gc-end>
<cycle-end id="2158" type="global" contextid="2150" timestamp="2019-08-04T20:35:25.714">
  <attribute name="GC Util" value="592" />
  <attribute name="CPU Util" value="1805371799779" />
  <attribute name="Time Running"value="65955"/>
  <attribute name="Number of cores"value="16"/>
</cycle-end>
<allocation-satisfied id="2159" threadId="0000000000968F00" bytesRequested="32" />
<af-end id="2160" timestamp="2019-08-04T20:35:25.714" threadId="0000000000969888" success="true" />
<exclusive-end id="2161" timestamp="2019-08-04T20:35:25.714" durationms="17.788" />

<exclusive-start id="2162" timestamp="2019-08-04T20:35:27.394" intervalms="1697.709">
  <response-info timems="0.036" idlems="0.036" threads="0" lastid="0000000000968F00" lastname="main" />
</exclusive-start>
<af-start id="2163" threadId="0000000000969888" totalBytesRequested="1168" timestamp="2019-08-04T20:35:27.394" intervalms="1697.720" />
<cycle-start id="2164" type="global" contextid="0" timestamp="2019-08-04T20:35:27.395" intervalms="1695.785" />
  <attribute name="GC Util" value="1" />
  <attribute name="CPU Util" value="59" />
  <attribute name="Time Running"value="67640"/>
  <attribute name="Number of cores"value="16"/>
<gc-start id="2165" type="global" contextid="2164" timestamp="2019-08-04T20:35:27.395">
  <mem-info id="2166" free="1414144" total="70713344" percent="1">
    <mem type="tenure" free="1414144" total="70713344" percent="1">
      <mem type="soa" free="0" total="69299200" percent="0" />
      <mem type="loa" free="1414144" total="1414144" percent="100" />
    </mem>
  </mem-info>
</gc-start>
<allocation-stats totalBytes="26300480" >
  <allocated-bytes non-tlh="64" tlh="26300416" />
  <largest-consumer threadName="main" threadId="0000000000968F00" bytes="26300480" />
</allocation-stats>
<heap-resize id="2167" type="loa contract" space="tenure" amount="707584" count="1" timems="0.081" reason="contract underutilized loa" timestamp="2019-08-04T20:35:27.395" />
<gc-op id="2168" type="mark" timems="10.335" contextid="2164" timestamp="2019-08-04T20:35:27.405">
  <trace-info objectcount="602466" scancount="523311" scanbytes="13438480" />
  <finalization candidates="80" enqueued="0" />
  <ownableSynchronizers candidates="21" cleared="0" />
  <references type="soft" candidates="4181" cleared="0" enqueued="0" dynamicThreshold="14" maxThreshold="32" />
  <references type="weak" candidates="5620" cleared="0" enqueued="0" />
  <references type="phantom" candidates="97" cleared="0" enqueued="0" />
  <stringconstants candidates="13630" cleared="0"  />
</gc-op>
<gc-op id="2169" type="sweep" timems="3.471" contextid="2164" timestamp="2019-08-04T20:35:27.409" />
<heap-resize id="2170" type="contract" space="tenure" amount="655360" count="1" timems="0.982" reason="insufficient time being spent in gc" timestamp="2019-08-04T20:35:27.410" />
<gc-end id="2171" type="global" contextid="2164" durationms="14.925" usertimems="83.187" systemtimems="0.000" timestamp="2019-08-04T20:35:27.410" activeThreads="16">
  <mem-info id="2172" free="29274464" total="70057984" percent="41">
    <mem type="tenure" free="29274464" total="70057984" percent="41" micro-fragmented="14432310">
      <mem type="soa" free="28625248" total="69357568" percent="41" />
      <mem type="loa" free="649216" total="700416" percent="92" />
    </mem>
  </mem-info>
</gc-end>
<cycle-end id="2173" type="global" contextid="2164" timestamp="2019-08-04T20:35:27.410">
  <attribute name="GC Util" value="172" />
  <attribute name="CPU Util" value="6862002464017" />
  <attribute name="Time Running"value="67654"/>
  <attribute name="Number of cores"value="16"/>
</cycle-end>
<allocation-satisfied id="2174" threadId="0000000000968F00" bytesRequested="1168" />
<af-end id="2175" timestamp="2019-08-04T20:35:27.410" threadId="0000000000969888" success="true" />
<exclusive-end id="2176" timestamp="2019-08-04T20:35:27.410" durationms="15.818" />

<concurrent-kickoff id="2177" timestamp="2019-08-04T20:35:27.426">
  <kickoff reason="threshold reached" targetBytes="9793858" thresholdFreeBytes="1350082" remainingFree="1256848" tenureFreeBytes="1256848" />
</concurrent-kickoff>
<exclusive-start id="2178" timestamp="2019-08-04T20:35:27.426" intervalms="32.191">
  <response-info timems="0.049" idlems="0.049" threads="0" lastid="0000000000968F00" lastname="main" />
</exclusive-start>
<cycle-start id="2179" type="global" contextid="0" timestamp="2019-08-04T20:35:27.426" intervalms="31.424" />
  <attribute name="GC Util" value="172" />
  <attribute name="CPU Util" value="6862002464017" />
  <attribute name="Time Running"value="67654"/>
  <attribute name="Number of cores"value="16"/>
<exclusive-end id="2180" timestamp="2019-08-04T20:35:27.426" durationms="0.013" />

<exclusive-start id="2181" timestamp="2019-08-04T20:35:27.444" intervalms="17.623">
  <response-info timems="0.037" idlems="0.037" threads="0" lastid="0000000000968F00" lastname="main" />
</exclusive-start>
<af-start id="2182" threadId="0000000000969888" totalBytesRequested="1168" timestamp="2019-08-04T20:35:27.444" intervalms="49.816" />
<gc-start id="2183" type="global" contextid="2179" timestamp="2019-08-04T20:35:27.444">
  <mem-info id="2184" free="649216" total="70057984" percent="0">
    <mem type="tenure" free="649216" total="70057984" percent="0">
      <mem type="soa" free="0" total="69357568" percent="0" />
      <mem type="loa" free="649216" total="700416" percent="92" />
    </mem>
  </mem-info>
</gc-start>
<allocation-stats totalBytes="17862768" >
  <allocated-bytes non-tlh="7012672" tlh="10850096" />
  <largest-consumer threadName="main" threadId="0000000000968F00" bytes="17862768" />
</allocation-stats>
<concurrent-halted id="2185" timestamp="2019-08-04T20:35:27.444">
  <halted state="Tracing incomplete" status="trace only" />
  <traced bytesTarget="9793858" bytesTotal="7057628" bytesByMutator="522288" bytesByHelper="6535340" percent="72" />
  <cards cleaned="0" thresholdBytes="531850" />
</concurrent-halted>
<gc-op id="2186" type="tracing" timems="3.076" contextid="2179" timestamp="2019-08-04T20:35:27.447">
  <trace bytesTraced="5882112" workStackOverflowCount="0" />
</gc-op>
<gc-op id="2187" type="card-cleaning" timems="0.908" contextid="2179" timestamp="2019-08-04T20:35:27.448">
  <card-cleaning cardsCleaned="8" bytesTraced="72" workStackOverflowCount="0" />
</gc-op>
<gc-op id="2188" type="mark" timems="4.058" contextid="2179" timestamp="2019-08-04T20:35:27.452">
  <trace-info objectcount="18357" scancount="17060" scanbytes="520696" />
  <finalization candidates="80" enqueued="0" />
  <ownableSynchronizers candidates="21" cleared="0" />
  <references type="soft" candidates="4181" cleared="0" enqueued="0" dynamicThreshold="13" maxThreshold="32" />
  <references type="weak" candidates="5620" cleared="0" enqueued="0" />
  <references type="phantom" candidates="97" cleared="0" enqueued="0" />
  <stringconstants candidates="13630" cleared="0"  />
</gc-op>
<gc-op id="2189" type="sweep" timems="2.171" contextid="2179" timestamp="2019-08-04T20:35:27.455" />
<heap-resize id="2190" type="contract" space="tenure" amount="655360" count="1" timems="1.076" reason="insufficient time being spent in gc" timestamp="2019-08-04T20:35:27.456" />
<gc-end id="2191" type="global" contextid="2179" durationms="11.469" usertimems="51.384" systemtimems="0.000" timestamp="2019-08-04T20:35:27.456" activeThreads="16">
  <mem-info id="2192" free="28583184" total="69402624" percent="41">
    <mem type="tenure" free="28583184" total="69402624" percent="41" micro-fragmented="14432310">
      <mem type="soa" free="27977088" total="68709376" percent="40" />
      <mem type="loa" free="606096" total="693248" percent="87" />
    </mem>
  </mem-info>
</gc-end>
<cycle-end id="2193" type="global" contextid="2179" timestamp="2019-08-04T20:35:27.456">
  <attribute name="GC Util" value="234" />
  <attribute name="CPU Util" value="11402462259799" />
  <attribute name="Time Running"value="67700"/>
  <attribute name="Number of cores"value="16"/>
</cycle-end>
<allocation-satisfied id="2194" threadId="0000000000968F00" bytesRequested="1168" />
<af-end id="2195" timestamp="2019-08-04T20:35:27.456" threadId="0000000000969888" success="true" />
<exclusive-end id="2196" timestamp="2019-08-04T20:35:27.456" durationms="11.637" />

<concurrent-kickoff id="2197" timestamp="2019-08-04T20:35:27.477">
  <kickoff reason="threshold reached" targetBytes="9903264" thresholdFreeBytes="1352951" remainingFree="1352000" tenureFreeBytes="1352000" />
</concurrent-kickoff>
<exclusive-start id="2198" timestamp="2019-08-04T20:35:27.477" intervalms="33.223">
  <response-info timems="0.043" idlems="0.043" threads="0" lastid="0000000000968F00" lastname="main" />
</exclusive-start>
<cycle-start id="2199" type="global" contextid="0" timestamp="2019-08-04T20:35:27.477" intervalms="50.856" />
  <attribute name="GC Util" value="234" />
  <attribute name="CPU Util" value="11402462259799" />
  <attribute name="Time Running"value="67700"/>
  <attribute name="Number of cores"value="16"/>
<exclusive-end id="2200" timestamp="2019-08-04T20:35:27.477" durationms="0.023" />

<exclusive-start id="2201" timestamp="2019-08-04T20:35:27.490" intervalms="12.361">
  <response-info timems="0.031" idlems="0.031" threads="0" lastid="0000000000968F00" lastname="main" />
</exclusive-start>
<af-start id="2202" threadId="0000000000969888" totalBytesRequested="1168" timestamp="2019-08-04T20:35:27.490" intervalms="45.568" />
<gc-start id="2203" type="global" contextid="2199" timestamp="2019-08-04T20:35:27.490">
  <mem-info id="2204" free="606096" total="69402624" percent="0">
    <mem type="tenure" free="606096" total="69402624" percent="0">
      <mem type="soa" free="0" total="68709376" percent="0" />
      <mem type="loa" free="606096" total="693248" percent="87" />
    </mem>
  </mem-info>
</gc-start>
<allocation-stats totalBytes="17217200" >
  <allocated-bytes non-tlh="7012672" tlh="10204528" />
  <largest-consumer threadName="main" threadId="0000000000968F00" bytes="17217200" />
</allocation-stats>
<concurrent-halted id="2205" timestamp="2019-08-04T20:35:27.490">
  <halted state="Tracing incomplete" status="trace only" />
  <traced bytesTarget="9903264" bytesTotal="7525588" bytesByMutator="4772068" bytesByHelper="2753520" percent="75" />
  <cards cleaned="0" thresholdBytes="532980" />
</concurrent-halted>
<gc-op id="2206" type="tracing" timems="2.300" contextid="2199" timestamp="2019-08-04T20:35:27.492">
  <trace bytesTraced="3957192" workStackOverflowCount="0" />
</gc-op>
<gc-op id="2207" type="card-cleaning" timems="0.892" contextid="2199" timestamp="2019-08-04T20:35:27.493">
  <card-cleaning cardsCleaned="7" bytesTraced="152" workStackOverflowCount="0" />
</gc-op>
<gc-op id="2208" type="mark" timems="4.451" contextid="2199" timestamp="2019-08-04T20:35:27.498">
  <trace-info objectcount="75705" scancount="62754" scanbytes="1966940" />
  <finalization candidates="80" enqueued="0" />
  <ownableSynchronizers candidates="21" cleared="0" />
  <references type="soft" candidates="4181" cleared="0" enqueued="0" dynamicThreshold="13" maxThreshold="32" />
  <references type="weak" candidates="5620" cleared="0" enqueued="0" />
  <references type="phantom" candidates="97" cleared="0" enqueued="0" />
  <stringconstants candidates="13630" cleared="0"  />
</gc-op>
<gc-op id="2209" type="sweep" timems="2.631" contextid="2199" timestamp="2019-08-04T20:35:27.500" />
<heap-resize id="2210" type="contract" space="tenure" amount="655360" count="1" timems="1.034" reason="insufficient time being spent in gc" timestamp="2019-08-04T20:35:27.501" />
<gc-end id="2211" type="global" contextid="2199" durationms="11.486" usertimems="46.968" systemtimems="0.000" timestamp="2019-08-04T20:35:27.501" activeThreads="16">
  <mem-info id="2212" free="27976448" total="68747264" percent="40">
    <mem type="tenure" free="27976448" total="68747264" percent="40" micro-fragmented="14432310">
      <mem type="soa" free="27327872" total="68060160" percent="40" />
      <mem type="loa" free="648576" total="687104" percent="94" />
    </mem>
  </mem-info>
</gc-end>
<cycle-end id="2213" type="global" contextid="2199" timestamp="2019-08-04T20:35:27.501">
  <attribute name="GC Util" value="268" />
  <attribute name="CPU Util" value="9527381105517" />
  <attribute name="Time Running"value="67745"/>
  <attribute name="Number of cores"value="16"/>
</cycle-end>
<allocation-satisfied id="2214" threadId="0000000000968F00" bytesRequested="1168" />
<af-end id="2215" timestamp="2019-08-04T20:35:27.501" threadId="0000000000969888" success="true" />
<exclusive-end id="2216" timestamp="2019-08-04T20:35:27.501" durationms="11.628" />

<concurrent-kickoff id="2217" timestamp="2019-08-04T20:35:27.510">
  <kickoff reason="threshold reached" targetBytes="9980150" thresholdFreeBytes="1355567" remainingFree="1269552" tenureFreeBytes="1269552" />
</concurrent-kickoff>
<exclusive-start id="2218" timestamp="2019-08-04T20:35:27.510" intervalms="20.602">
  <response-info timems="0.039" idlems="0.039" threads="0" lastid="0000000000968F00" lastname="main" />
</exclusive-start>
<cycle-start id="2219" type="global" contextid="0" timestamp="2019-08-04T20:35:27.510" intervalms="32.964" />
  <attribute name="GC Util" value="268" />
  <attribute name="CPU Util" value="9527381105517" />
  <attribute name="Time Running"value="67745"/>
  <attribute name="Number of cores"value="16"/>
<exclusive-end id="2220" timestamp="2019-08-04T20:35:27.510" durationms="0.024" />

<exclusive-start id="2221" timestamp="2019-08-04T20:35:27.520" intervalms="10.093">
  <response-info timems="0.019" idlems="0.019" threads="0" lastid="0000000000968F00" lastname="main" />
</exclusive-start>
<af-start id="2222" threadId="0000000000969888" totalBytesRequested="1168" timestamp="2019-08-04T20:35:27.520" intervalms="30.694" />
<gc-start id="2223" type="global" contextid="2219" timestamp="2019-08-04T20:35:27.520">
  <mem-info id="2224" free="648576" total="68747264" percent="0">
    <mem type="tenure" free="648576" total="68747264" percent="0">
      <mem type="soa" free="0" total="68060160" percent="0" />
      <mem type="loa" free="648576" total="687104" percent="94" />
    </mem>
  </mem-info>
</gc-start>
<allocation-stats totalBytes="16572416" >
  <allocated-bytes non-tlh="7012672" tlh="9559744" />
  <largest-consumer threadName="main" threadId="0000000000968F00" bytes="16572416" />
</allocation-stats>
<concurrent-halted id="2225" timestamp="2019-08-04T20:35:27.520">
  <halted state="Tracing incomplete" status="trace only" />
  <traced bytesTarget="9980150" bytesTotal="5748228" bytesByMutator="3644164" bytesByHelper="2104064" percent="57" />
  <cards cleaned="0" thresholdBytes="534011" />
</concurrent-halted>
<gc-op id="2226" type="tracing" timems="3.248" contextid="2219" timestamp="2019-08-04T20:35:27.524">
  <trace bytesTraced="5797068" workStackOverflowCount="0" />
</gc-op>
<gc-op id="2227" type="card-cleaning" timems="1.115" contextid="2219" timestamp="2019-08-04T20:35:27.525">
  <card-cleaning cardsCleaned="6" bytesTraced="176" workStackOverflowCount="0" />
</gc-op>
<gc-op id="2228" type="mark" timems="4.904" contextid="2219" timestamp="2019-08-04T20:35:27.530">
  <trace-info objectcount="73939" scancount="61007" scanbytes="1900020" />
  <finalization candidates="80" enqueued="0" />
  <ownableSynchronizers candidates="21" cleared="0" />
  <references type="soft" candidates="4181" cleared="0" enqueued="0" dynamicThreshold="13" maxThreshold="32" />
  <references type="weak" candidates="5620" cleared="0" enqueued="0" />
  <references type="phantom" candidates="97" cleared="0" enqueued="0" />
  <stringconstants candidates="13630" cleared="0"  />
</gc-op>
<gc-op id="2229" type="sweep" timems="2.289" contextid="2219" timestamp="2019-08-04T20:35:27.532" />
<heap-resize id="2230" type="expand" space="tenure" amount="11730944" count="1" timems="0.990" reason="excessive time being spent in gc" timestamp="2019-08-04T20:35:27.533" />
<gc-end id="2231" type="global" contextid="2219" durationms="12.702" usertimems="56.867" systemtimems="0.000" timestamp="2019-08-04T20:35:27.533" activeThreads="16">
  <mem-info id="2232" free="39745320" total="80478208" percent="49">
    <mem type="tenure" free="39745320" total="80478208" percent="49" micro-fragmented="14432310">
      <mem type="soa" free="38941480" total="79674368" percent="48" />
      <mem type="loa" free="803840" total="803840" percent="100" />
    </mem>
  </mem-info>
</gc-end>
<cycle-end id="2233" type="global" contextid="2219" timestamp="2019-08-04T20:35:27.533">
  <attribute name="GC Util" value="316" />
  <attribute name="CPU Util" value="11347373218620" />
  <attribute name="Time Running"value="67777"/>
  <attribute name="Number of cores"value="16"/>
</cycle-end>
<allocation-satisfied id="2234" threadId="0000000000968F00" bytesRequested="1168" />
<af-end id="2235" timestamp="2019-08-04T20:35:27.533" threadId="0000000000969888" success="true" />
<exclusive-end id="2236" timestamp="2019-08-04T20:35:27.533" durationms="12.853" />

<concurrent-kickoff id="2237" timestamp="2019-08-04T20:35:27.547">
  <kickoff reason="threshold reached" targetBytes="11319217" thresholdFreeBytes="1532620" remainingFree="1408000" tenureFreeBytes="1408000" />
</concurrent-kickoff>
<exclusive-start id="2238" timestamp="2019-08-04T20:35:27.547" intervalms="26.530">
  <response-info timems="0.021" idlems="0.021" threads="0" lastid="0000000000968F00" lastname="main" />
</exclusive-start>
<cycle-start id="2239" type="global" contextid="0" timestamp="2019-08-04T20:35:27.547" intervalms="36.617" />
  <attribute name="GC Util" value="316" />
  <attribute name="CPU Util" value="11347373218620" />
  <attribute name="Time Running"value="67777"/>
  <attribute name="Number of cores"value="16"/>
<exclusive-end id="2240" timestamp="2019-08-04T20:35:27.547" durationms="0.017" />

<exclusive-start id="2241" timestamp="2019-08-04T20:35:27.555" intervalms="8.544">
  <response-info timems="0.035" idlems="0.035" threads="0" lastid="0000000000968F00" lastname="main" />
</exclusive-start>
<af-start id="2242" threadId="0000000000969888" totalBytesRequested="1168" timestamp="2019-08-04T20:35:27.556" intervalms="35.076" />
<gc-start id="2243" type="global" contextid="2239" timestamp="2019-08-04T20:35:27.556">
  <mem-info id="2244" free="803840" total="80478208" percent="0">
    <mem type="tenure" free="803840" total="80478208" percent="0">
      <mem type="soa" free="0" total="79674368" percent="0" />
      <mem type="loa" free="803840" total="803840" percent="100" />
    </mem>
  </mem-info>
</gc-start>
<allocation-stats totalBytes="28151056" >
  <allocated-bytes non-tlh="7012672" tlh="21138384" />
  <largest-consumer threadName="main" threadId="0000000000968F00" bytes="28151056" />
</allocation-stats>
<concurrent-halted id="2245" timestamp="2019-08-04T20:35:27.556">
  <halted state="Class scanning incomplete" status="trace only" />
  <traced bytesTarget="11319217" bytesTotal="5388012" bytesByMutator="2077032" bytesByHelper="3310980" percent="47" />
  <cards cleaned="0" thresholdBytes="603759" />
</concurrent-halted>
<gc-op id="2246" type="tracing" timems="5.753" contextid="2239" timestamp="2019-08-04T20:35:27.561">
  <trace bytesTraced="7445436" workStackOverflowCount="0" />
</gc-op>
<gc-op id="2247" type="card-cleaning" timems="1.083" contextid="2239" timestamp="2019-08-04T20:35:27.562">
  <card-cleaning cardsCleaned="74" bytesTraced="200" workStackOverflowCount="0" />
</gc-op>
<gc-op id="2248" type="mark" timems="5.003" contextid="2239" timestamp="2019-08-04T20:35:27.567">
  <trace-info objectcount="20653" scancount="19774" scanbytes="625280" />
  <finalization candidates="80" enqueued="0" />
  <ownableSynchronizers candidates="21" cleared="0" />
  <references type="soft" candidates="4181" cleared="0" enqueued="0" dynamicThreshold="15" maxThreshold="32" />
  <references type="weak" candidates="5620" cleared="0" enqueued="0" />
  <references type="phantom" candidates="97" cleared="0" enqueued="0" />
  <stringconstants candidates="13630" cleared="0"  />
</gc-op>
<gc-op id="2249" type="sweep" timems="2.337" contextid="2239" timestamp="2019-08-04T20:35:27.570" />
<heap-resize id="2250" type="expand" space="tenure" amount="13697024" count="1" timems="0.983" reason="excessive time being spent in gc" timestamp="2019-08-04T20:35:27.571" />
<gc-end id="2251" type="global" contextid="2239" durationms="15.321" usertimems="89.787" systemtimems="0.000" timestamp="2019-08-04T20:35:27.571" activeThreads="16">
  <mem-info id="2252" free="53442888" total="94175232" percent="56">
    <mem type="tenure" free="53442888" total="94175232" percent="56" micro-fragmented="14432310">
      <mem type="soa" free="52501832" total="93234176" percent="56" />
      <mem type="loa" free="941056" total="941056" percent="100" />
    </mem>
  </mem-info>
</gc-end>
<cycle-end id="2253" type="global" contextid="2239" timestamp="2019-08-04T20:35:27.571">
  <attribute name="GC Util" value="293" />
  <attribute name="CPU Util" value="10081328210033" />
  <attribute name="Time Running"value="67815"/>
  <attribute name="Number of cores"value="16"/>
</cycle-end>
<allocation-satisfied id="2254" threadId="0000000000968F00" bytesRequested="1168" />
<af-end id="2255" timestamp="2019-08-04T20:35:27.571" threadId="0000000000969888" success="true" />
<exclusive-end id="2256" timestamp="2019-08-04T20:35:27.571" durationms="15.462" />

<concurrent-kickoff id="2257" timestamp="2019-08-04T20:35:27.588">
  <kickoff reason="threshold reached" targetBytes="12301480" thresholdFreeBytes="1663593" remainingFree="1656808" tenureFreeBytes="1656808" />
</concurrent-kickoff>
<exclusive-start id="2258" timestamp="2019-08-04T20:35:27.589" intervalms="33.087">
  <response-info timems="0.047" idlems="0.047" threads="0" lastid="0000000000968F00" lastname="main" />
</exclusive-start>
<cycle-start id="2259" type="global" contextid="0" timestamp="2019-08-04T20:35:27.589" intervalms="41.631" />
  <attribute name="GC Util" value="293" />
  <attribute name="CPU Util" value="10081328210033" />
  <attribute name="Time Running"value="67815"/>
  <attribute name="Number of cores"value="16"/>
<exclusive-end id="2260" timestamp="2019-08-04T20:35:27.589" durationms="0.021" />

<exclusive-start id="2261" timestamp="2019-08-04T20:35:27.602" intervalms="13.298">
  <response-info timems="0.062" idlems="0.062" threads="0" lastid="0000000000968F00" lastname="main" />
</exclusive-start>
<af-start id="2262" threadId="0000000000969888" totalBytesRequested="1168" timestamp="2019-08-04T20:35:27.602" intervalms="46.384" />
<gc-start id="2263" type="global" contextid="2259" timestamp="2019-08-04T20:35:27.602">
  <mem-info id="2264" free="941056" total="94175232" percent="0">
    <mem type="tenure" free="941056" total="94175232" percent="0">
      <mem type="soa" free="0" total="93234176" percent="0" />
      <mem type="loa" free="941056" total="941056" percent="100" />
    </mem>
  </mem-info>
</gc-start>
<allocation-stats totalBytes="41667704" >
  <allocated-bytes non-tlh="7012672" tlh="34655032" />
  <largest-consumer threadName="main" threadId="0000000000968F00" bytes="41667704" />
</allocation-stats>
<concurrent-halted id="2265" timestamp="2019-08-04T20:35:27.602">
  <halted state="Class scanning incomplete" status="trace only" />
  <traced bytesTarget="12301480" bytesTotal="6534192" bytesByMutator="3077680" bytesByHelper="3456512" percent="53" />
  <cards cleaned="0" thresholdBytes="655354" />
</concurrent-halted>
<gc-op id="2266" type="tracing" timems="3.833" contextid="2259" timestamp="2019-08-04T20:35:27.606">
  <trace bytesTraced="6276752" workStackOverflowCount="0" />
</gc-op>
<gc-op id="2267" type="card-cleaning" timems="1.790" contextid="2259" timestamp="2019-08-04T20:35:27.608">
  <card-cleaning cardsCleaned="7" bytesTraced="176" workStackOverflowCount="0" />
</gc-op>
<gc-op id="2268" type="mark" timems="7.139" contextid="2259" timestamp="2019-08-04T20:35:27.615">
  <trace-info objectcount="21628" scancount="20843" scanbytes="657812" />
  <finalization candidates="80" enqueued="0" />
  <ownableSynchronizers candidates="21" cleared="0" />
  <references type="soft" candidates="4181" cleared="0" enqueued="0" dynamicThreshold="18" maxThreshold="32" />
  <references type="weak" candidates="5620" cleared="0" enqueued="0" />
  <references type="phantom" candidates="97" cleared="0" enqueued="0" />
  <stringconstants candidates="13630" cleared="0"  />
</gc-op>
<gc-op id="2269" type="sweep" timems="4.380" contextid="2259" timestamp="2019-08-04T20:35:27.619" />
<heap-resize id="2270" type="expand" space="tenure" amount="7667712" count="1" timems="1.426" reason="excessive time being spent in gc" timestamp="2019-08-04T20:35:27.621" />
<gc-end id="2271" type="global" contextid="2259" durationms="18.864" usertimems="66.185" systemtimems="0.000" timestamp="2019-08-04T20:35:27.621" activeThreads="16">
  <mem-info id="2272" free="61110600" total="101842944" percent="60">
    <mem type="tenure" free="61110600" total="101842944" percent="60" micro-fragmented="14432310">
      <mem type="soa" free="60092744" total="100825088" percent="59" />
      <mem type="loa" free="1017856" total="1017856" percent="100" />
    </mem>
  </mem-info>
</gc-end>
<cycle-end id="2273" type="global" contextid="2259" timestamp="2019-08-04T20:35:27.621">
  <attribute name="GC Util" value="347" />
  <attribute name="CPU Util" value="10385159708828" />
  <attribute name="Time Running"value="67862"/>
  <attribute name="Number of cores"value="16"/>
</cycle-end>
<allocation-satisfied id="2274" threadId="0000000000968F00" bytesRequested="1168" />
<af-end id="2275" timestamp="2019-08-04T20:35:27.621" threadId="0000000000969888" success="true" />
<exclusive-end id="2276" timestamp="2019-08-04T20:35:27.621" durationms="19.038" />

<concurrent-kickoff id="2277" timestamp="2019-08-04T20:35:27.639">
  <kickoff reason="threshold reached" targetBytes="12486888" thresholdFreeBytes="1687772" remainingFree="1661952" tenureFreeBytes="1661952" />
</concurrent-kickoff>
<exclusive-start id="2278" timestamp="2019-08-04T20:35:27.640" intervalms="37.782">
  <response-info timems="0.065" idlems="0.065" threads="0" lastid="0000000000968F00" lastname="main" />
</exclusive-start>
<cycle-start id="2279" type="global" contextid="0" timestamp="2019-08-04T20:35:27.640" intervalms="51.083" />
  <attribute name="GC Util" value="347" />
  <attribute name="CPU Util" value="10385159708828" />
  <attribute name="Time Running"value="67862"/>
  <attribute name="Number of cores"value="16"/>
<exclusive-end id="2280" timestamp="2019-08-04T20:35:27.640" durationms="0.022" />

<exclusive-start id="2281" timestamp="2019-08-04T20:35:27.650" intervalms="10.867">
  <response-info timems="0.040" idlems="0.040" threads="0" lastid="0000000000968F00" lastname="main" />
</exclusive-start>
<af-start id="2282" threadId="0000000000969888" totalBytesRequested="1168" timestamp="2019-08-04T20:35:27.651" intervalms="48.649" />
<gc-start id="2283" type="global" contextid="2279" timestamp="2019-08-04T20:35:27.651">
  <mem-info id="2284" free="1017856" total="101842944" percent="0">
    <mem type="tenure" free="1017856" total="101842944" percent="0">
      <mem type="soa" free="0" total="100825088" percent="0" />
      <mem type="loa" free="1017856" total="1017856" percent="100" />
    </mem>
  </mem-info>
</gc-start>
<allocation-stats totalBytes="49233856" >
  <allocated-bytes non-tlh="7012672" tlh="42221184" />
  <largest-consumer threadName="main" threadId="0000000000968F00" bytes="49233856" />
</allocation-stats>
<concurrent-halted id="2285" timestamp="2019-08-04T20:35:27.651">
  <halted state="Class scanning incomplete" status="trace only" />
  <traced bytesTarget="12486888" bytesTotal="6498228" bytesByMutator="2648196" bytesByHelper="3850032" percent="52" />
  <cards cleaned="0" thresholdBytes="664879" />
</concurrent-halted>
<gc-op id="2286" type="tracing" timems="6.368" contextid="2279" timestamp="2019-08-04T20:35:27.657">
  <trace bytesTraced="6301624" workStackOverflowCount="0" />
</gc-op>
<gc-op id="2287" type="card-cleaning" timems="0.778" contextid="2279" timestamp="2019-08-04T20:35:27.658">
  <card-cleaning cardsCleaned="6" bytesTraced="176" workStackOverflowCount="0" />
</gc-op>
<gc-op id="2288" type="mark" timems="4.075" contextid="2279" timestamp="2019-08-04T20:35:27.662">
  <trace-info objectcount="21722" scancount="20960" scanbytes="660316" />
  <finalization candidates="80" enqueued="0" />
  <ownableSynchronizers candidates="21" cleared="0" />
  <references type="soft" candidates="4181" cleared="0" enqueued="0" dynamicThreshold="19" maxThreshold="32" />
  <references type="weak" candidates="5620" cleared="0" enqueued="0" />
  <references type="phantom" candidates="97" cleared="0" enqueued="0" />
  <stringconstants candidates="13630" cleared="0"  />
</gc-op>
<gc-op id="2289" type="sweep" timems="9.405" contextid="2279" timestamp="2019-08-04T20:35:27.671" />
<gc-end id="2290" type="global" contextid="2279" durationms="20.823" usertimems="75.589" systemtimems="0.000" timestamp="2019-08-04T20:35:27.671" activeThreads="16">
  <mem-info id="2291" free="61110320" total="101842944" percent="60">
    <mem type="tenure" free="61110320" total="101842944" percent="60" micro-fragmented="14432310">
      <mem type="soa" free="60092464" total="100825088" percent="59" />
      <mem type="loa" free="1017856" total="1017856" percent="100" />
    </mem>
  </mem-info>
</gc-end>
<cycle-end id="2292" type="global" contextid="2279" timestamp="2019-08-04T20:35:27.671">
  <attribute name="GC Util" value="115" />
  <attribute name="CPU Util" value="3315043245222" />
  <attribute name="Time Running"value="67913"/>
  <attribute name="Number of cores"value="16"/>
</cycle-end>
<allocation-satisfied id="2293" threadId="0000000000968F00" bytesRequested="1168" />
<af-end id="2294" timestamp="2019-08-04T20:35:27.672" threadId="0000000000969888" success="true" />
<exclusive-end id="2295" timestamp="2019-08-04T20:35:27.672" durationms="21.014" />

<concurrent-kickoff id="2296" timestamp="2019-08-04T20:35:27.688">
  <kickoff reason="threshold reached" targetBytes="11663987" thresholdFreeBytes="1576799" remainingFree="1504352" tenureFreeBytes="1504352" />
</concurrent-kickoff>
<exclusive-start id="2297" timestamp="2019-08-04T20:35:27.688" intervalms="37.878">
  <response-info timems="0.030" idlems="0.030" threads="0" lastid="0000000000968F00" lastname="main" />
</exclusive-start>
<cycle-start id="2298" type="global" contextid="0" timestamp="2019-08-04T20:35:27.688" intervalms="48.741" />
  <attribute name="GC Util" value="115" />
  <attribute name="CPU Util" value="3315043245222" />
  <attribute name="Time Running"value="67913"/>
  <attribute name="Number of cores"value="16"/>
<exclusive-end id="2299" timestamp="2019-08-04T20:35:27.688" durationms="0.027" />

<exclusive-start id="2300" timestamp="2019-08-04T20:35:27.693" intervalms="4.695">
  <response-info timems="0.212" idlems="0.212" threads="0" lastid="0000000000968F00" lastname="main" />
</exclusive-start>
<af-start id="2301" threadId="0000000000969888" totalBytesRequested="1168" timestamp="2019-08-04T20:35:27.693" intervalms="42.577" />
<gc-start id="2302" type="global" contextid="2298" timestamp="2019-08-04T20:35:27.693">
  <mem-info id="2303" free="1017856" total="101842944" percent="0">
    <mem type="tenure" free="1017856" total="101842944" percent="0">
      <mem type="soa" free="0" total="100825088" percent="0" />
      <mem type="loa" free="1017856" total="1017856" percent="100" />
    </mem>
  </mem-info>
</gc-start>
<allocation-stats totalBytes="49233880" >
  <allocated-bytes non-tlh="7012672" tlh="42221208" />
  <largest-consumer threadName="main" threadId="0000000000968F00" bytes="49233880" />
</allocation-stats>
<concurrent-halted id="2304" timestamp="2019-08-04T20:35:27.693">
  <halted state="Tracing incomplete" status="trace only" />
  <traced bytesTarget="11663987" bytesTotal="3083040" bytesByMutator="1492508" bytesByHelper="1590532" percent="26" />
  <cards cleaned="0" thresholdBytes="621163" />
</concurrent-halted>
<gc-op id="2305" type="tracing" timems="5.272" contextid="2298" timestamp="2019-08-04T20:35:27.699">
  <trace bytesTraced="8461448" workStackOverflowCount="0" />
</gc-op>
<gc-op id="2306" type="card-cleaning" timems="1.336" contextid="2298" timestamp="2019-08-04T20:35:27.700">
  <card-cleaning cardsCleaned="34" bytesTraced="176" workStackOverflowCount="0" />
</gc-op>
<gc-op id="2307" type="mark" timems="8.808" contextid="2298" timestamp="2019-08-04T20:35:27.709">
  <trace-info objectcount="73950" scancount="61017" scanbytes="1900412" />
  <finalization candidates="80" enqueued="0" />
  <ownableSynchronizers candidates="21" cleared="0" />
  <references type="soft" candidates="4181" cleared="0" enqueued="0" dynamicThreshold="19" maxThreshold="32" />
  <references type="weak" candidates="5620" cleared="0" enqueued="0" />
  <references type="phantom" candidates="97" cleared="0" enqueued="0" />
  <stringconstants candidates="13630" cleared="0"  />
</gc-op>
<gc-op id="2308" type="sweep" timems="5.445" contextid="2298" timestamp="2019-08-04T20:35:27.714" />
<gc-end id="2309" type="global" contextid="2298" durationms="21.118" usertimems="94.238" systemtimems="0.000" timestamp="2019-08-04T20:35:27.714" activeThreads="16">
  <mem-info id="2310" free="61110600" total="101842944" percent="60">
    <mem type="tenure" free="61110600" total="101842944" percent="60" micro-fragmented="14432310">
      <mem type="soa" free="60092744" total="100825088" percent="59" />
      <mem type="loa" free="1017856" total="1017856" percent="100" />
    </mem>
  </mem-info>
</gc-end>
<cycle-end id="2311" type="global" contextid="2298" timestamp="2019-08-04T20:35:27.714">
  <attribute name="GC Util" value="347" />
  <attribute name="CPU Util" value="11632408863193" />
  <attribute name="Time Running"value="67956"/>
  <attribute name="Number of cores"value="16"/>
</cycle-end>
<allocation-satisfied id="2312" threadId="0000000000968F00" bytesRequested="1168" />
<af-end id="2313" timestamp="2019-08-04T20:35:27.714" threadId="0000000000969888" success="true" />
<exclusive-end id="2314" timestamp="2019-08-04T20:35:27.714" durationms="21.363" />

<concurrent-kickoff id="2315" timestamp="2019-08-04T20:35:27.734">
  <kickoff reason="threshold reached" targetBytes="9968009" thresholdFreeBytes="1350961" remainingFree="1242488" tenureFreeBytes="1242488" />
</concurrent-kickoff>
<exclusive-start id="2316" timestamp="2019-08-04T20:35:27.734" intervalms="41.308">
  <response-info timems="0.026" idlems="0.026" threads="0" lastid="0000000000968F00" lastname="main" />
</exclusive-start>
<cycle-start id="2317" type="global" contextid="0" timestamp="2019-08-04T20:35:27.734" intervalms="46.018" />
  <attribute name="GC Util" value="347" />
  <attribute name="CPU Util" value="11632408863193" />
  <attribute name="Time Running"value="67956"/>
  <attribute name="Number of cores"value="16"/>
<exclusive-end id="2318" timestamp="2019-08-04T20:35:27.734" durationms="0.033" />

<exclusive-start id="2319" timestamp="2019-08-04T20:35:27.738" intervalms="3.610">
  <response-info timems="0.126" idlems="0.126" threads="0" lastid="0000000000968F00" lastname="main" />
</exclusive-start>
<af-start id="2320" threadId="0000000000969888" totalBytesRequested="1168" timestamp="2019-08-04T20:35:27.738" intervalms="44.924" />
<gc-start id="2321" type="global" contextid="2317" timestamp="2019-08-04T20:35:27.738">
  <mem-info id="2322" free="1017856" total="101842944" percent="0">
    <mem type="tenure" free="1017856" total="101842944" percent="0">
      <mem type="soa" free="0" total="100825088" percent="0" />
      <mem type="loa" free="1017856" total="1017856" percent="100" />
    </mem>
  </mem-info>
</gc-start>
<allocation-stats totalBytes="49232648" >
  <allocated-bytes non-tlh="7012672" tlh="42219976" />
  <largest-consumer threadName="main" threadId="0000000000968F00" bytes="49232648" />
</allocation-stats>
<concurrent-halted id="2323" timestamp="2019-08-04T20:35:27.738">
  <halted state="Class scanning incomplete" status="trace only" />
  <traced bytesTarget="9968009" bytesTotal="1079632" bytesByMutator="0" bytesByHelper="1079632" percent="10" />
  <cards cleaned="0" thresholdBytes="532196" />
</concurrent-halted>
<gc-op id="2324" type="tracing" timems="20.325" contextid="2317" timestamp="2019-08-04T20:35:27.759">
  <trace bytesTraced="11987496" workStackOverflowCount="0" />
</gc-op>
<gc-op id="2325" type="card-cleaning" timems="0.927" contextid="2317" timestamp="2019-08-04T20:35:27.759">
  <card-cleaning cardsCleaned="7" bytesTraced="176" workStackOverflowCount="0" />
</gc-op>
<gc-op id="2326" type="mark" timems="4.478" contextid="2317" timestamp="2019-08-04T20:35:27.764">
  <trace-info objectcount="12064" scancount="11982" scanbytes="377216" />
  <finalization candidates="80" enqueued="0" />
  <ownableSynchronizers candidates="21" cleared="0" />
  <references type="soft" candidates="4181" cleared="0" enqueued="0" dynamicThreshold="19" maxThreshold="32" />
  <references type="weak" candidates="5620" cleared="0" enqueued="0" />
  <references type="phantom" candidates="97" cleared="0" enqueued="0" />
  <stringconstants candidates="13630" cleared="0"  />
</gc-op>
<gc-op id="2327" type="sweep" timems="11.311" contextid="2317" timestamp="2019-08-04T20:35:27.775" />
<gc-end id="2328" type="global" contextid="2317" durationms="37.232" usertimems="70.545" systemtimems="0.000" timestamp="2019-08-04T20:35:27.775" activeThreads="16">
  <mem-info id="2329" free="61110304" total="101842944" percent="60">
    <mem type="tenure" free="61110304" total="101842944" percent="60" micro-fragmented="14432310">
      <mem type="soa" free="60092448" total="100825088" percent="59" />
      <mem type="loa" free="1017856" total="1017856" percent="100" />
    </mem>
  </mem-info>
</gc-end>
<cycle-end id="2330" type="global" contextid="2317" timestamp="2019-08-04T20:35:27.775">
  <attribute name="GC Util" value="92" />
  <attribute name="CPU Util" value="2527145756035" />
  <attribute name="Time Running"value="68017"/>
  <attribute name="Number of cores"value="16"/>
</cycle-end>
<allocation-satisfied id="2331" threadId="0000000000968F00" bytesRequested="1168" />
<af-end id="2332" timestamp="2019-08-04T20:35:27.775" threadId="0000000000969888" success="true" />
<exclusive-end id="2333" timestamp="2019-08-04T20:35:27.775" durationms="37.496" />

<concurrent-kickoff id="2334" timestamp="2019-08-04T20:35:27.800">
  <kickoff reason="threshold reached" targetBytes="8072821" thresholdFreeBytes="1099376" remainingFree="1069600" tenureFreeBytes="1069600" />
</concurrent-kickoff>
<exclusive-start id="2335" timestamp="2019-08-04T20:35:27.800" intervalms="62.446">
  <response-info timems="0.100" idlems="0.100" threads="0" lastid="0000000000968F00" lastname="main" />
</exclusive-start>
<cycle-start id="2336" type="global" contextid="0" timestamp="2019-08-04T20:35:27.800" intervalms="66.054" />
  <attribute name="GC Util" value="92" />
  <attribute name="CPU Util" value="2527145756035" />
  <attribute name="Time Running"value="68017"/>
  <attribute name="Number of cores"value="16"/>
<exclusive-end id="2337" timestamp="2019-08-04T20:35:27.800" durationms="0.033" />

<exclusive-start id="2338" timestamp="2019-08-04T20:35:27.801" intervalms="0.072">
  <response-info timems="0.009" idlems="0.009" threads="0" lastid="0000000000968F00" lastname="main" />
</exclusive-start>
<af-start id="2339" threadId="0000000000969888" totalBytesRequested="1168" timestamp="2019-08-04T20:35:27.801" intervalms="62.494" />
<concurrent-aborted id="2340" timestamp="2019-08-04T20:35:27.801">
  <reason value="insufficient progress made" />
</concurrent-aborted>
<cycle-end id="2341" type="global" contextid="2336" timestamp="2019-08-04T20:35:27.801">
  <attribute name="GC Util" value="92" />
  <attribute name="CPU Util" value="2527145756035" />
  <attribute name="Time Running"value="68017"/>
  <attribute name="Number of cores"value="16"/>
</cycle-end>
<cycle-start id="2342" type="global" contextid="0" timestamp="2019-08-04T20:35:27.801" intervalms="0.122" />
  <attribute name="GC Util" value="92" />
  <attribute name="CPU Util" value="2527145756035" />
  <attribute name="Time Running"value="68017"/>
  <attribute name="Number of cores"value="16"/>
<gc-start id="2343" type="global" contextid="2342" timestamp="2019-08-04T20:35:27.801">
  <mem-info id="2344" free="1017856" total="101842944" percent="0">
    <mem type="tenure" free="1017856" total="101842944" percent="0">
      <mem type="soa" free="0" total="100825088" percent="0" />
      <mem type="loa" free="1017856" total="1017856" percent="100" />
    </mem>
  </mem-info>
</gc-start>
<allocation-stats totalBytes="49232648" >
  <allocated-bytes non-tlh="7012672" tlh="42219976" />
  <largest-consumer threadName="main" threadId="0000000000968F00" bytes="49232648" />
</allocation-stats>
<gc-op id="2345" type="mark" timems="12.516" contextid="2342" timestamp="2019-08-04T20:35:27.813">
  <trace-info objectcount="602467" scancount="523308" scanbytes="13438504" />
  <finalization candidates="80" enqueued="0" />
  <ownableSynchronizers candidates="21" cleared="0" />
  <references type="soft" candidates="4181" cleared="0" enqueued="0" dynamicThreshold="19" maxThreshold="32" />
  <references type="weak" candidates="5620" cleared="0" enqueued="0" />
  <references type="phantom" candidates="97" cleared="0" enqueued="0" />
  <stringconstants candidates="13630" cleared="0"  />
</gc-op>
<gc-op id="2346" type="sweep" timems="5.769" contextid="2342" timestamp="2019-08-04T20:35:27.819" />
<gc-end id="2347" type="global" contextid="2342" durationms="18.465" usertimems="91.197" systemtimems="0.000" timestamp="2019-08-04T20:35:27.819" activeThreads="16">
  <mem-info id="2348" free="61110600" total="101842944" percent="60">
    <mem type="tenure" free="61110600" total="101842944" percent="60" micro-fragmented="14432310">
      <mem type="soa" free="60092744" total="100825088" percent="59" />
      <mem type="loa" free="1017856" total="1017856" percent="100" />
    </mem>
  </mem-info>
</gc-end>
<cycle-end id="2349" type="global" contextid="2342" timestamp="2019-08-04T20:35:27.819">
  <attribute name="GC Util" value="294" />
  <attribute name="CPU Util" value="13825407682021" />
  <attribute name="Time Running"value="68060"/>
  <attribute name="Number of cores"value="16"/>
</cycle-end>
<allocation-satisfied id="2350" threadId="0000000000968F00" bytesRequested="1168" />
<af-end id="2351" timestamp="2019-08-04T20:35:27.819" threadId="0000000000969888" success="true" />
<exclusive-end id="2352" timestamp="2019-08-04T20:35:27.819" durationms="18.697" />

<concurrent-kickoff id="2353" timestamp="2019-08-04T20:35:27.836">
  <kickoff reason="threshold reached" targetBytes="8072821" thresholdFreeBytes="1099376" remainingFree="1070760" tenureFreeBytes="1070760" />
</concurrent-kickoff>
<exclusive-start id="2354" timestamp="2019-08-04T20:35:27.836" intervalms="35.596">
  <response-info timems="0.077" idlems="0.077" threads="0" lastid="0000000000968F00" lastname="main" />
</exclusive-start>
<cycle-start id="2355" type="global" contextid="0" timestamp="2019-08-04T20:35:27.836" intervalms="35.533" />
  <attribute name="GC Util" value="294" />
  <attribute name="CPU Util" value="13825407682021" />
  <attribute name="Time Running"value="68060"/>
  <attribute name="Number of cores"value="16"/>
<exclusive-end id="2356" timestamp="2019-08-04T20:35:27.836" durationms="0.018" />

<exclusive-start id="2357" timestamp="2019-08-04T20:35:27.836" intervalms="0.221">
  <response-info timems="0.030" idlems="0.030" threads="0" lastid="0000000000968F00" lastname="main" />
</exclusive-start>
<af-start id="2358" threadId="0000000000969888" totalBytesRequested="1168" timestamp="2019-08-04T20:35:27.836" intervalms="35.824" />
<concurrent-aborted id="2359" timestamp="2019-08-04T20:35:27.836">
  <reason value="insufficient progress made" />
</concurrent-aborted>
<cycle-end id="2360" type="global" contextid="2355" timestamp="2019-08-04T20:35:27.836">
  <attribute name="GC Util" value="294" />
  <attribute name="CPU Util" value="13825407682021" />
  <attribute name="Time Running"value="68060"/>
  <attribute name="Number of cores"value="16"/>
</cycle-end>
<cycle-start id="2361" type="global" contextid="0" timestamp="2019-08-04T20:35:27.836" intervalms="0.288" />
  <attribute name="GC Util" value="294" />
  <attribute name="CPU Util" value="13825407682021" />
  <attribute name="Time Running"value="68060"/>
  <attribute name="Number of cores"value="16"/>
<gc-start id="2362" type="global" contextid="2361" timestamp="2019-08-04T20:35:27.836">
  <mem-info id="2363" free="1017856" total="101842944" percent="0">
    <mem type="tenure" free="1017856" total="101842944" percent="0">
      <mem type="soa" free="0" total="100825088" percent="0" />
      <mem type="loa" free="1017856" total="1017856" percent="100" />
    </mem>
  </mem-info>
</gc-start>
<allocation-stats totalBytes="49232648" >
  <allocated-bytes non-tlh="7012672" tlh="42219976" />
  <largest-consumer threadName="main" threadId="0000000000968F00" bytes="49232648" />
</allocation-stats>
<gc-op id="2364" type="mark" timems="11.978" contextid="2361" timestamp="2019-08-04T20:35:27.849">
  <trace-info objectcount="602467" scancount="523311" scanbytes="13438504" />
  <finalization candidates="80" enqueued="0" />
  <ownableSynchronizers candidates="21" cleared="0" />
  <references type="soft" candidates="4181" cleared="0" enqueued="0" dynamicThreshold="19" maxThreshold="32" />
  <references type="weak" candidates="5620" cleared="0" enqueued="0" />
  <references type="phantom" candidates="97" cleared="0" enqueued="0" />
  <stringconstants candidates="13630" cleared="0"  />
</gc-op>
<gc-op id="2365" type="sweep" timems="5.361" contextid="2361" timestamp="2019-08-04T20:35:27.854" />
<gc-end id="2366" type="global" contextid="2361" durationms="17.550" usertimems="92.626" systemtimems="0.000" timestamp="2019-08-04T20:35:27.854" activeThreads="16">
  <mem-info id="2367" free="61110288" total="101842944" percent="60">
    <mem type="tenure" free="61110288" total="101842944" percent="60" micro-fragmented="14432310">
      <mem type="soa" free="60092432" total="100825088" percent="59" />
      <mem type="loa" free="1017856" total="1017856" percent="100" />
    </mem>
  </mem-info>
</gc-end>
<cycle-end id="2368" type="global" contextid="2361" timestamp="2019-08-04T20:35:27.854">
  <attribute name="GC Util" value="321" />
  <attribute name="CPU Util" value="11128545473242" />
  <attribute name="Time Running"value="68096"/>
  <attribute name="Number of cores"value="16"/>
</cycle-end>
<allocation-satisfied id="2369" threadId="0000000000968F00" bytesRequested="1168" />
<af-end id="2370" timestamp="2019-08-04T20:35:27.854" threadId="0000000000969888" success="true" />
<exclusive-end id="2371" timestamp="2019-08-04T20:35:27.854" durationms="17.785" />

<concurrent-kickoff id="2372" timestamp="2019-08-04T20:35:27.871">
  <kickoff reason="threshold reached" targetBytes="8072821" thresholdFreeBytes="1099376" remainingFree="1059744" tenureFreeBytes="1059744" />
</concurrent-kickoff>
<exclusive-start id="2373" timestamp="2019-08-04T20:35:27.871" intervalms="35.129">
  <response-info timems="0.051" idlems="0.051" threads="0" lastid="0000000000968F00" lastname="main" />
</exclusive-start>
<cycle-start id="2374" type="global" contextid="0" timestamp="2019-08-04T20:35:27.871" intervalms="35.060" />
  <attribute name="GC Util" value="321" />
  <attribute name="CPU Util" value="11128545473242" />
  <attribute name="Time Running"value="68096"/>
  <attribute name="Number of cores"value="16"/>
<exclusive-end id="2375" timestamp="2019-08-04T20:35:27.871" durationms="0.015" />

<exclusive-start id="2376" timestamp="2019-08-04T20:35:27.872" intervalms="0.073">
  <response-info timems="0.038" idlems="0.038" threads="0" lastid="0000000000968F00" lastname="main" />
</exclusive-start>
<af-start id="2377" threadId="0000000000969888" totalBytesRequested="1168" timestamp="2019-08-04T20:35:27.872" intervalms="35.192" />
<concurrent-aborted id="2378" timestamp="2019-08-04T20:35:27.872">
  <reason value="insufficient progress made" />
</concurrent-aborted>
<cycle-end id="2379" type="global" contextid="2374" timestamp="2019-08-04T20:35:27.872">
  <attribute name="GC Util" value="321" />
  <attribute name="CPU Util" value="11128545473242" />
  <attribute name="Time Running"value="68096"/>
  <attribute name="Number of cores"value="16"/>
</cycle-end>
<cycle-start id="2380" type="global" contextid="0" timestamp="2019-08-04T20:35:27.872" intervalms="0.115" />
  <attribute name="GC Util" value="321" />
  <attribute name="CPU Util" value="11128545473242" />
  <attribute name="Time Running"value="68096"/>
  <attribute name="Number of cores"value="16"/>
<gc-start id="2381" type="global" contextid="2380" timestamp="2019-08-04T20:35:27.872">
  <mem-info id="2382" free="1017856" total="101842944" percent="0">
    <mem type="tenure" free="1017856" total="101842944" percent="0">
      <mem type="soa" free="0" total="100825088" percent="0" />
      <mem type="loa" free="1017856" total="1017856" percent="100" />
    </mem>
  </mem-info>
</gc-start>
<allocation-stats totalBytes="49232648" >
  <allocated-bytes non-tlh="7012672" tlh="42219976" />
  <largest-consumer threadName="main" threadId="0000000000968F00" bytes="49232648" />
</allocation-stats>
<gc-op id="2383" type="mark" timems="11.361" contextid="2380" timestamp="2019-08-04T20:35:27.883">
  <trace-info objectcount="602467" scancount="523315" scanbytes="13438504" />
  <finalization candidates="80" enqueued="0" />
  <ownableSynchronizers candidates="21" cleared="0" />
  <references type="soft" candidates="4181" cleared="0" enqueued="0" dynamicThreshold="19" maxThreshold="32" />
  <references type="weak" candidates="5620" cleared="0" enqueued="0" />
  <references type="phantom" candidates="97" cleared="0" enqueued="0" />
  <stringconstants candidates="13630" cleared="0"  />
</gc-op>
<gc-op id="2384" type="sweep" timems="6.028" contextid="2380" timestamp="2019-08-04T20:35:27.889" />
<gc-end id="2385" type="global" contextid="2380" durationms="17.517" usertimems="105.028" systemtimems="0.000" timestamp="2019-08-04T20:35:27.889" activeThreads="16">
  <mem-info id="2386" free="61110600" total="101842944" percent="60">
    <mem type="tenure" free="61110600" total="101842944" percent="60" micro-fragmented="14432310">
      <mem type="soa" free="60092744" total="100825088" percent="59" />
      <mem type="loa" free="1017856" total="1017856" percent="100" />
    </mem>
  </mem-info>
</gc-end>
<cycle-end id="2387" type="global" contextid="2380" timestamp="2019-08-04T20:35:27.889">
  <attribute name="GC Util" value="427" />
  <attribute name="CPU Util" value="7442866918394" />
  <attribute name="Time Running"value="68131"/>
  <attribute name="Number of cores"value="16"/>
</cycle-end>
<allocation-satisfied id="2388" threadId="0000000000968F00" bytesRequested="1168" />
<af-end id="2389" timestamp="2019-08-04T20:35:27.889" threadId="0000000000969888" success="true" />
<exclusive-end id="2390" timestamp="2019-08-04T20:35:27.889" durationms="17.727" />

<concurrent-kickoff id="2391" timestamp="2019-08-04T20:35:27.907">
  <kickoff reason="threshold reached" targetBytes="8072821" thresholdFreeBytes="1099376" remainingFree="1060904" tenureFreeBytes="1060904" />
</concurrent-kickoff>
<exclusive-start id="2392" timestamp="2019-08-04T20:35:27.907" intervalms="35.518">
  <response-info timems="0.069" idlems="0.069" threads="0" lastid="0000000000968F00" lastname="main" />
</exclusive-start>
<cycle-start id="2393" type="global" contextid="0" timestamp="2019-08-04T20:35:27.907" intervalms="35.476" />
  <attribute name="GC Util" value="427" />
  <attribute name="CPU Util" value="7442866918394" />
  <attribute name="Time Running"value="68131"/>
  <attribute name="Number of cores"value="16"/>
<exclusive-end id="2394" timestamp="2019-08-04T20:35:27.907" durationms="0.016" />

<exclusive-start id="2395" timestamp="2019-08-04T20:35:27.907" intervalms="0.170">
  <response-info timems="0.051" idlems="0.051" threads="0" lastid="0000000000968F00" lastname="main" />
</exclusive-start>
<af-start id="2396" threadId="0000000000969888" totalBytesRequested="1168" timestamp="2019-08-04T20:35:27.907" intervalms="35.696" />
<concurrent-aborted id="2397" timestamp="2019-08-04T20:35:27.907">
  <reason value="insufficient progress made" />
</concurrent-aborted>
<cycle-end id="2398" type="global" contextid="2393" timestamp="2019-08-04T20:35:27.907">
  <attribute name="GC Util" value="427" />
  <attribute name="CPU Util" value="7442866918394" />
  <attribute name="Time Running"value="68131"/>
  <attribute name="Number of cores"value="16"/>
</cycle-end>
<cycle-start id="2399" type="global" contextid="0" timestamp="2019-08-04T20:35:27.907" intervalms="0.224" />
  <attribute name="GC Util" value="427" />
  <attribute name="CPU Util" value="7442866918394" />
  <attribute name="Time Running"value="68131"/>
  <attribute name="Number of cores"value="16"/>
<gc-start id="2400" type="global" contextid="2399" timestamp="2019-08-04T20:35:27.907">
  <mem-info id="2401" free="1017856" total="101842944" percent="0">
    <mem type="tenure" free="1017856" total="101842944" percent="0">
      <mem type="soa" free="0" total="100825088" percent="0" />
      <mem type="loa" free="1017856" total="1017856" percent="100" />
    </mem>
  </mem-info>
</gc-start>
<allocation-stats totalBytes="49232648" >
  <allocated-bytes non-tlh="7012672" tlh="42219976" />
  <largest-consumer threadName="main" threadId="0000000000968F00" bytes="49232648" />
</allocation-stats>
<gc-op id="2402" type="mark" timems="12.762" contextid="2399" timestamp="2019-08-04T20:35:27.920">
  <trace-info objectcount="602467" scancount="523317" scanbytes="13438504" />
  <finalization candidates="80" enqueued="0" />
  <ownableSynchronizers candidates="21" cleared="0" />
  <references type="soft" candidates="4181" cleared="0" enqueued="0" dynamicThreshold="19" maxThreshold="32" />
  <references type="weak" candidates="5620" cleared="0" enqueued="0" />
  <references type="phantom" candidates="97" cleared="0" enqueued="0" />
  <stringconstants candidates="13630" cleared="0"  />
</gc-op>
<gc-op id="2403" type="sweep" timems="5.278" contextid="2399" timestamp="2019-08-04T20:35:27.925" />
<gc-end id="2404" type="global" contextid="2399" durationms="18.155" usertimems="99.080" systemtimems="0.000" timestamp="2019-08-04T20:35:27.925" activeThreads="16">
  <mem-info id="2405" free="61110272" total="101842944" percent="60">
    <mem type="tenure" free="61110272" total="101842944" percent="60" micro-fragmented="14432310">
      <mem type="soa" free="60092416" total="100825088" percent="59" />
      <mem type="loa" free="1017856" total="1017856" percent="100" />
    </mem>
  </mem-info>
</gc-end>
<cycle-end id="2406" type="global" contextid="2399" timestamp="2019-08-04T20:35:27.926">
  <attribute name="GC Util" value="273" />
  <attribute name="CPU Util" value="9257736583807" />
  <attribute name="Time Running"value="68168"/>
  <attribute name="Number of cores"value="16"/>
</cycle-end>
<allocation-satisfied id="2407" threadId="0000000000968F00" bytesRequested="1168" />
<af-end id="2408" timestamp="2019-08-04T20:35:27.926" threadId="0000000000969888" success="true" />
<exclusive-end id="2409" timestamp="2019-08-04T20:35:27.926" durationms="18.355" />

<concurrent-kickoff id="2410" timestamp="2019-08-04T20:35:27.943">
  <kickoff reason="threshold reached" targetBytes="8072821" thresholdFreeBytes="1099376" remainingFree="1049888" tenureFreeBytes="1049888" />
</concurrent-kickoff>
<exclusive-start id="2411" timestamp="2019-08-04T20:35:27.943" intervalms="35.575">
  <response-info timems="0.022" idlems="0.022" threads="0" lastid="0000000000968F00" lastname="main" />
</exclusive-start>
<cycle-start id="2412" type="global" contextid="0" timestamp="2019-08-04T20:35:27.943" intervalms="35.522" />
  <attribute name="GC Util" value="273" />
  <attribute name="CPU Util" value="9257736583807" />
  <attribute name="Time Running"value="68168"/>
  <attribute name="Number of cores"value="16"/>
<exclusive-end id="2413" timestamp="2019-08-04T20:35:27.943" durationms="0.018" />

<exclusive-start id="2414" timestamp="2019-08-04T20:35:27.943" intervalms="0.215">
  <response-info timems="0.032" idlems="0.032" threads="0" lastid="0000000000968F00" lastname="main" />
</exclusive-start>
<af-start id="2415" threadId="0000000000969888" totalBytesRequested="1168" timestamp="2019-08-04T20:35:27.943" intervalms="35.791" />
<concurrent-aborted id="2416" timestamp="2019-08-04T20:35:27.943">
  <reason value="insufficient progress made" />
</concurrent-aborted>
<cycle-end id="2417" type="global" contextid="2412" timestamp="2019-08-04T20:35:27.943">
  <attribute name="GC Util" value="273" />
  <attribute name="CPU Util" value="9257736583807" />
  <attribute name="Time Running"value="68168"/>
  <attribute name="Number of cores"value="16"/>
</cycle-end>
<cycle-start id="2418" type="global" contextid="0" timestamp="2019-08-04T20:35:27.943" intervalms="0.266" />
  <attribute name="GC Util" value="273" />
  <attribute name="CPU Util" value="9257736583807" />
  <attribute name="Time Running"value="68168"/>
  <attribute name="Number of cores"value="16"/>
<gc-start id="2419" type="global" contextid="2418" timestamp="2019-08-04T20:35:27.943">
  <mem-info id="2420" free="1017856" total="101842944" percent="0">
    <mem type="tenure" free="1017856" total="101842944" percent="0">
      <mem type="soa" free="0" total="100825088" percent="0" />
      <mem type="loa" free="1017856" total="1017856" percent="100" />
    </mem>
  </mem-info>
</gc-start>
<allocation-stats totalBytes="49233880" >
  <allocated-bytes non-tlh="7012672" tlh="42221208" />
  <largest-consumer threadName="main" threadId="0000000000968F00" bytes="49233880" />
</allocation-stats>
<gc-op id="2421" type="mark" timems="10.898" contextid="2418" timestamp="2019-08-04T20:35:27.954">
  <trace-info objectcount="602467" scancount="523314" scanbytes="13438504" />
  <finalization candidates="80" enqueued="0" />
  <ownableSynchronizers candidates="21" cleared="0" />
  <references type="soft" candidates="4181" cleared="0" enqueued="0" dynamicThreshold="19" maxThreshold="32" />
  <references type="weak" candidates="5620" cleared="0" enqueued="0" />
  <references type="phantom" candidates="97" cleared="0" enqueued="0" />
  <stringconstants candidates="13630" cleared="0"  />
</gc-op>
<gc-op id="2422" type="sweep" timems="5.027" contextid="2418" timestamp="2019-08-04T20:35:27.959" />
<gc-end id="2423" type="global" contextid="2418" durationms="16.116" usertimems="84.447" systemtimems="0.000" timestamp="2019-08-04T20:35:27.959" activeThreads="16">
  <mem-info id="2424" free="61110600" total="101842944" percent="60">
    <mem type="tenure" free="61110600" total="101842944" percent="60" micro-fragmented="14432310">
      <mem type="soa" free="60092744" total="100825088" percent="59" />
      <mem type="loa" free="1017856" total="1017856" percent="100" />
    </mem>
  </mem-info>
</gc-end>
<cycle-end id="2425" type="global" contextid="2418" timestamp="2019-08-04T20:35:27.959">
  <attribute name="GC Util" value="359" />
  <attribute name="CPU Util" value="11740776277281" />
  <attribute name="Time Running"value="68201"/>
  <attribute name="Number of cores"value="16"/>
</cycle-end>
<allocation-satisfied id="2426" threadId="0000000000968F00" bytesRequested="1168" />
<af-end id="2427" timestamp="2019-08-04T20:35:27.959" threadId="0000000000969888" success="true" />
<exclusive-end id="2428" timestamp="2019-08-04T20:35:27.959" durationms="16.435" />

<concurrent-kickoff id="2429" timestamp="2019-08-04T20:35:27.977">
  <kickoff reason="threshold reached" targetBytes="8072821" thresholdFreeBytes="1099376" remainingFree="1051024" tenureFreeBytes="1051024" />
</concurrent-kickoff>
<exclusive-start id="2430" timestamp="2019-08-04T20:35:27.977" intervalms="34.338">
  <response-info timems="0.056" idlems="0.056" threads="0" lastid="0000000000968F00" lastname="main" />
</exclusive-start>
<cycle-start id="2431" type="global" contextid="0" timestamp="2019-08-04T20:35:27.977" intervalms="34.297" />
  <attribute name="GC Util" value="359" />
  <attribute name="CPU Util" value="11740776277281" />
  <attribute name="Time Running"value="68201"/>
  <attribute name="Number of cores"value="16"/>
<exclusive-end id="2432" timestamp="2019-08-04T20:35:27.977" durationms="0.027" />

<exclusive-start id="2433" timestamp="2019-08-04T20:35:27.978" intervalms="0.246">
  <response-info timems="0.059" idlems="0.059" threads="0" lastid="0000000000968F00" lastname="main" />
</exclusive-start>
<af-start id="2434" threadId="0000000000969888" totalBytesRequested="1168" timestamp="2019-08-04T20:35:27.978" intervalms="34.595" />
<concurrent-aborted id="2435" timestamp="2019-08-04T20:35:27.978">
  <reason value="insufficient progress made" />
</concurrent-aborted>
<cycle-end id="2436" type="global" contextid="2431" timestamp="2019-08-04T20:35:27.978">
  <attribute name="GC Util" value="359" />
  <attribute name="CPU Util" value="11740776277281" />
  <attribute name="Time Running"value="68201"/>
  <attribute name="Number of cores"value="16"/>
</cycle-end>
<cycle-start id="2437" type="global" contextid="0" timestamp="2019-08-04T20:35:27.978" intervalms="0.312" />
  <attribute name="GC Util" value="359" />
  <attribute name="CPU Util" value="11740776277281" />
  <attribute name="Time Running"value="68201"/>
  <attribute name="Number of cores"value="16"/>
<gc-start id="2438" type="global" contextid="2437" timestamp="2019-08-04T20:35:27.978">
  <mem-info id="2439" free="1017856" total="101842944" percent="0">
    <mem type="tenure" free="1017856" total="101842944" percent="0">
      <mem type="soa" free="0" total="100825088" percent="0" />
      <mem type="loa" free="1017856" total="1017856" percent="100" />
    </mem>
  </mem-info>
</gc-start>
<allocation-stats totalBytes="49233880" >
  <allocated-bytes non-tlh="7012672" tlh="42221208" />
  <largest-consumer threadName="main" threadId="0000000000968F00" bytes="49233880" />
</allocation-stats>
<gc-op id="2440" type="mark" timems="10.886" contextid="2437" timestamp="2019-08-04T20:35:27.989">
  <trace-info objectcount="602467" scancount="523310" scanbytes="13438504" />
  <finalization candidates="80" enqueued="0" />
  <ownableSynchronizers candidates="21" cleared="0" />
  <references type="soft" candidates="4181" cleared="0" enqueued="0" dynamicThreshold="19" maxThreshold="32" />
  <references type="weak" candidates="5620" cleared="0" enqueued="0" />
  <references type="phantom" candidates="97" cleared="0" enqueued="0" />
  <stringconstants candidates="13630" cleared="0"  />
</gc-op>
<gc-op id="2441" type="sweep" timems="4.890" contextid="2437" timestamp="2019-08-04T20:35:27.994" />
<gc-end id="2442" type="global" contextid="2437" durationms="15.903" usertimems="90.249" systemtimems="0.000" timestamp="2019-08-04T20:35:27.994" activeThreads="16">
  <mem-info id="2443" free="61110256" total="101842944" percent="60">
    <mem type="tenure" free="61110256" total="101842944" percent="60" micro-fragmented="14432310">
      <mem type="soa" free="60092400" total="100825088" percent="59" />
      <mem type="loa" free="1017856" total="1017856" percent="100" />
    </mem>
  </mem-info>
</gc-end>
<cycle-end id="2444" type="global" contextid="2437" timestamp="2019-08-04T20:35:27.994">
  <attribute name="GC Util" value="333" />
  <attribute name="CPU Util" value="11240221696458" />
  <attribute name="Time Running"value="68236"/>
  <attribute name="Number of cores"value="16"/>
</cycle-end>
<allocation-satisfied id="2445" threadId="0000000000968F00" bytesRequested="1168" />
<af-end id="2446" timestamp="2019-08-04T20:35:27.994" threadId="0000000000969888" success="true" />
<exclusive-end id="2447" timestamp="2019-08-04T20:35:27.994" durationms="16.126" />

<concurrent-kickoff id="2448" timestamp="2019-08-04T20:35:28.014">
  <kickoff reason="threshold reached" targetBytes="8072821" thresholdFreeBytes="1099376" remainingFree="1042496" tenureFreeBytes="1042496" />
</concurrent-kickoff>
<exclusive-start id="2449" timestamp="2019-08-04T20:35:28.015" intervalms="36.929">
  <response-info timems="0.127" idlems="0.127" threads="0" lastid="0000000000968F00" lastname="main" />
</exclusive-start>
<cycle-start id="2450" type="global" contextid="0" timestamp="2019-08-04T20:35:28.015" intervalms="36.871" />
  <attribute name="GC Util" value="333" />
  <attribute name="CPU Util" value="11240221696458" />
  <attribute name="Time Running"value="68236"/>
  <attribute name="Number of cores"value="16"/>
<exclusive-end id="2451" timestamp="2019-08-04T20:35:28.015" durationms="0.038" />

<exclusive-start id="2452" timestamp="2019-08-04T20:35:28.015" intervalms="0.607">
  <response-info timems="0.333" idlems="0.333" threads="0" lastid="0000000000968F00" lastname="main" />
</exclusive-start>
<af-start id="2453" threadId="0000000000969888" totalBytesRequested="1168" timestamp="2019-08-04T20:35:28.015" intervalms="37.539" />
<concurrent-aborted id="2454" timestamp="2019-08-04T20:35:28.015">
  <reason value="insufficient progress made" />
</concurrent-aborted>
<cycle-end id="2455" type="global" contextid="2450" timestamp="2019-08-04T20:35:28.015">
  <attribute name="GC Util" value="333" />
  <attribute name="CPU Util" value="11240221696458" />
  <attribute name="Time Running"value="68236"/>
  <attribute name="Number of cores"value="16"/>
</cycle-end>
<cycle-start id="2456" type="global" contextid="0" timestamp="2019-08-04T20:35:28.015" intervalms="0.706" />
  <attribute name="GC Util" value="333" />
  <attribute name="CPU Util" value="11240221696458" />
  <attribute name="Time Running"value="68236"/>
  <attribute name="Number of cores"value="16"/>
<gc-start id="2457" type="global" contextid="2456" timestamp="2019-08-04T20:35:28.015">
  <mem-info id="2458" free="1017856" total="101842944" percent="0">
    <mem type="tenure" free="1017856" total="101842944" percent="0">
      <mem type="soa" free="0" total="100825088" percent="0" />
      <mem type="loa" free="1017856" total="1017856" percent="100" />
    </mem>
  </mem-info>
</gc-start>
<allocation-stats totalBytes="49211808" >
  <allocated-bytes non-tlh="7012672" tlh="42199136" />
  <largest-consumer threadName="main" threadId="0000000000968F00" bytes="49211808" />
</allocation-stats>
<gc-op id="2459" type="mark" timems="10.158" contextid="2456" timestamp="2019-08-04T20:35:28.025">
  <trace-info objectcount="602473" scancount="523310" scanbytes="13438656" />
  <finalization candidates="80" enqueued="0" />
  <ownableSynchronizers candidates="21" cleared="0" />
  <references type="soft" candidates="4181" cleared="0" enqueued="0" dynamicThreshold="19" maxThreshold="32" />
  <references type="weak" candidates="5620" cleared="0" enqueued="0" />
  <references type="phantom" candidates="97" cleared="0" enqueued="0" />
  <stringconstants candidates="13630" cleared="0"  />
</gc-op>
<gc-op id="2460" type="sweep" timems="4.593" contextid="2456" timestamp="2019-08-04T20:35:28.030" />
<gc-end id="2461" type="global" contextid="2456" durationms="14.868" usertimems="73.163" systemtimems="0.000" timestamp="2019-08-04T20:35:28.030" activeThreads="16">
  <mem-info id="2462" free="61110272" total="101842944" percent="60">
    <mem type="tenure" free="61110272" total="101842944" percent="60" micro-fragmented="14431626">
      <mem type="soa" free="60092416" total="100825088" percent="59" />
      <mem type="loa" free="1017856" total="1017856" percent="100" />
    </mem>
  </mem-info>
</gc-end>
<cycle-end id="2463" type="global" contextid="2456" timestamp="2019-08-04T20:35:28.030">
  <attribute name="GC Util" value="260" />
  <attribute name="CPU Util" value="8518854100473" />
  <attribute name="Time Running"value="68273"/>
  <attribute name="Number of cores"value="16"/>
</cycle-end>
<allocation-satisfied id="2464" threadId="0000000000968F00" bytesRequested="1168" />
<af-end id="2465" timestamp="2019-08-04T20:35:28.030" threadId="0000000000969888" success="true" />
<exclusive-end id="2466" timestamp="2019-08-04T20:35:28.030" durationms="15.139" />

<concurrent-kickoff id="2467" timestamp="2019-08-04T20:35:28.055">
  <kickoff reason="threshold reached" targetBytes="8072821" thresholdFreeBytes="1099376" remainingFree="1051632" tenureFreeBytes="1051632" />
</concurrent-kickoff>
<exclusive-start id="2468" timestamp="2019-08-04T20:35:28.056" intervalms="40.422">
  <response-info timems="0.021" idlems="0.021" threads="0" lastid="0000000000968F00" lastname="main" />
</exclusive-start>
<cycle-start id="2469" type="global" contextid="0" timestamp="2019-08-04T20:35:28.056" intervalms="40.313" />
  <attribute name="GC Util" value="260" />
  <attribute name="CPU Util" value="8518854100473" />
  <attribute name="Time Running"value="68273"/>
  <attribute name="Number of cores"value="16"/>
<exclusive-end id="2470" timestamp="2019-08-04T20:35:28.056" durationms="0.024" />

<exclusive-start id="2471" timestamp="2019-08-04T20:35:28.056" intervalms="0.306">
  <response-info timems="0.063" idlems="0.063" threads="0" lastid="0000000000968F00" lastname="main" />
</exclusive-start>
<af-start id="2472" threadId="0000000000969888" totalBytesRequested="1168" timestamp="2019-08-04T20:35:28.056" intervalms="40.712" />
<concurrent-aborted id="2473" timestamp="2019-08-04T20:35:28.056">
  <reason value="insufficient progress made" />
</concurrent-aborted>
<cycle-end id="2474" type="global" contextid="2469" timestamp="2019-08-04T20:35:28.056">
  <attribute name="GC Util" value="260" />
  <attribute name="CPU Util" value="8518854100473" />
  <attribute name="Time Running"value="68273"/>
  <attribute name="Number of cores"value="16"/>
</cycle-end>
<cycle-start id="2475" type="global" contextid="0" timestamp="2019-08-04T20:35:28.056" intervalms="0.346" />
  <attribute name="GC Util" value="260" />
  <attribute name="CPU Util" value="8518854100473" />
  <attribute name="Time Running"value="68273"/>
  <attribute name="Number of cores"value="16"/>
<gc-start id="2476" type="global" contextid="2475" timestamp="2019-08-04T20:35:28.056">
  <mem-info id="2477" free="1017856" total="101842944" percent="0">
    <mem type="tenure" free="1017856" total="101842944" percent="0">
      <mem type="soa" free="0" total="100825088" percent="0" />
      <mem type="loa" free="1017856" total="1017856" percent="100" />
    </mem>
  </mem-info>
</gc-start>
<allocation-stats totalBytes="49200720" >
  <allocated-bytes non-tlh="7012672" tlh="42188048" />
  <largest-consumer threadName="main" threadId="0000000000968F00" bytes="49200720" />
</allocation-stats>
<gc-op id="2478" type="mark" timems="11.709" contextid="2475" timestamp="2019-08-04T20:35:28.068">
  <trace-info objectcount="602473" scancount="523319" scanbytes="13438656" />
  <finalization candidates="80" enqueued="0" />
  <ownableSynchronizers candidates="21" cleared="0" />
  <references type="soft" candidates="4181" cleared="0" enqueued="0" dynamicThreshold="19" maxThreshold="32" />
  <references type="weak" candidates="5620" cleared="0" enqueued="0" />
  <references type="phantom" candidates="97" cleared="0" enqueued="0" />
  <stringconstants candidates="13630" cleared="0"  />
</gc-op>
<gc-op id="2479" type="sweep" timems="4.238" contextid="2475" timestamp="2019-08-04T20:35:28.072" />
<gc-end id="2480" type="global" contextid="2475" durationms="16.182" usertimems="80.954" systemtimems="0.000" timestamp="2019-08-04T20:35:28.072" activeThreads="16">
  <mem-info id="2481" free="61110056" total="101842944" percent="60">
    <mem type="tenure" free="61110056" total="101842944" percent="60" micro-fragmented="14431626">
      <mem type="soa" free="60092200" total="100825088" percent="59" />
      <mem type="loa" free="1017856" total="1017856" percent="100" />
    </mem>
  </mem-info>
</gc-end>
<cycle-end id="2482" type="global" contextid="2475" timestamp="2019-08-04T20:35:28.072">
  <attribute name="GC Util" value="362" />
  <attribute name="CPU Util" value="11030491806871" />
  <attribute name="Time Running"value="68315"/>
  <attribute name="Number of cores"value="16"/>
</cycle-end>
<allocation-satisfied id="2483" threadId="0000000000968F00" bytesRequested="1168" />
<af-end id="2484" timestamp="2019-08-04T20:35:28.072" threadId="0000000000969888" success="true" />
<exclusive-end id="2485" timestamp="2019-08-04T20:35:28.072" durationms="16.569" />

<concurrent-kickoff id="2486" timestamp="2019-08-04T20:35:28.089">
  <kickoff reason="threshold reached" targetBytes="8072821" thresholdFreeBytes="1099376" remainingFree="1051416" tenureFreeBytes="1051416" />
</concurrent-kickoff>
<exclusive-start id="2487" timestamp="2019-08-04T20:35:28.090" intervalms="33.763">
  <response-info timems="0.020" idlems="0.020" threads="0" lastid="0000000000968F00" lastname="main" />
</exclusive-start>
<cycle-start id="2488" type="global" contextid="0" timestamp="2019-08-04T20:35:28.090" intervalms="33.723" />
  <attribute name="GC Util" value="362" />
  <attribute name="CPU Util" value="11030491806871" />
  <attribute name="Time Running"value="68315"/>
  <attribute name="Number of cores"value="16"/>
<exclusive-end id="2489" timestamp="2019-08-04T20:35:28.090" durationms="0.025" />

<exclusive-start id="2490" timestamp="2019-08-04T20:35:28.090" intervalms="0.240">
  <response-info timems="0.008" idlems="0.008" threads="0" lastid="0000000000968F00" lastname="main" />
</exclusive-start>
<af-start id="2491" threadId="0000000000969888" totalBytesRequested="1168" timestamp="2019-08-04T20:35:28.090" intervalms="34.005" />
<concurrent-aborted id="2492" timestamp="2019-08-04T20:35:28.090">
  <reason value="insufficient progress made" />
</concurrent-aborted>
<cycle-end id="2493" type="global" contextid="2488" timestamp="2019-08-04T20:35:28.090">
  <attribute name="GC Util" value="362" />
  <attribute name="CPU Util" value="11030491806871" />
  <attribute name="Time Running"value="68315"/>
  <attribute name="Number of cores"value="16"/>
</cycle-end>
<cycle-start id="2494" type="global" contextid="0" timestamp="2019-08-04T20:35:28.090" intervalms="0.282" />
  <attribute name="GC Util" value="362" />
  <attribute name="CPU Util" value="11030491806871" />
  <attribute name="Time Running"value="68315"/>
  <attribute name="Number of cores"value="16"/>
<gc-start id="2495" type="global" contextid="2494" timestamp="2019-08-04T20:35:28.090">
  <mem-info id="2496" free="1017856" total="101842944" percent="0">
    <mem type="tenure" free="1017856" total="101842944" percent="0">
      <mem type="soa" free="0" total="100825088" percent="0" />
      <mem type="loa" free="1017856" total="1017856" percent="100" />
    </mem>
  </mem-info>
</gc-start>
<allocation-stats totalBytes="49219704" >
  <allocated-bytes non-tlh="7012672" tlh="42207032" />
  <largest-consumer threadName="main" threadId="0000000000968F00" bytes="49219704" />
</allocation-stats>
<gc-op id="2497" type="mark" timems="9.672" contextid="2494" timestamp="2019-08-04T20:35:28.100">
  <trace-info objectcount="601353" scancount="522208" scanbytes="13399728" />
  <finalization candidates="80" enqueued="0" />
  <ownableSynchronizers candidates="21" cleared="0" />
  <references type="soft" candidates="4181" cleared="920" enqueued="920" dynamicThreshold="19" maxThreshold="32" />
  <references type="weak" candidates="5620" cleared="0" enqueued="0" />
  <references type="phantom" candidates="97" cleared="0" enqueued="0" />
  <stringconstants candidates="13630" cleared="0"  />
</gc-op>
<gc-op id="2498" type="sweep" timems="4.733" contextid="2494" timestamp="2019-08-04T20:35:28.105" />
<gc-end id="2499" type="global" contextid="2494" durationms="14.809" usertimems="76.480" systemtimems="0.000" timestamp="2019-08-04T20:35:28.105" activeThreads="16">
  <mem-info id="2500" free="61129056" total="101842944" percent="60">
    <mem type="tenure" free="61129056" total="101842944" percent="60" micro-fragmented="14344932">
      <mem type="soa" free="60111200" total="100825088" percent="59" />
      <mem type="loa" free="1017856" total="1017856" percent="100" />
    </mem>
    <pending-finalizers system="0" default="0" reference="920" classloader="0" />
  </mem-info>
</gc-end>
<cycle-end id="2501" type="global" contextid="2494" timestamp="2019-08-04T20:35:28.105">
  <attribute name="GC Util" value="226" />
  <attribute name="CPU Util" value="8651973861341" />
  <attribute name="Time Running"value="68348"/>
  <attribute name="Number of cores"value="16"/>
</cycle-end>
<allocation-satisfied id="2502" threadId="0000000000968F00" bytesRequested="1168" />
<af-end id="2503" timestamp="2019-08-04T20:35:28.105" threadId="0000000000969888" success="true" />
<exclusive-end id="2504" timestamp="2019-08-04T20:35:28.105" durationms="15.085" />

<concurrent-kickoff id="2505" timestamp="2019-08-04T20:35:28.123">
  <kickoff reason="threshold reached" targetBytes="8072821" thresholdFreeBytes="1099376" remainingFree="1052136" tenureFreeBytes="1052136" />
</concurrent-kickoff>
<exclusive-start id="2506" timestamp="2019-08-04T20:35:28.123" intervalms="33.550">
  <response-info timems="0.084" idlems="0.084" threads="0" lastid="0000000000968F00" lastname="main" />
</exclusive-start>
<cycle-start id="2507" type="global" contextid="0" timestamp="2019-08-04T20:35:28.123" intervalms="33.508" />
  <attribute name="GC Util" value="226" />
  <attribute name="CPU Util" value="8651973861341" />
  <attribute name="Time Running"value="68348"/>
  <attribute name="Number of cores"value="16"/>
<exclusive-end id="2508" timestamp="2019-08-04T20:35:28.123" durationms="0.024" />

<exclusive-start id="2509" timestamp="2019-08-04T20:35:28.124" intervalms="0.291">
  <response-info timems="0.032" idlems="0.032" threads="0" lastid="0000000000968F00" lastname="main" />
</exclusive-start>
<af-start id="2510" threadId="0000000000969888" totalBytesRequested="1168" timestamp="2019-08-04T20:35:28.124" intervalms="33.845" />
<concurrent-aborted id="2511" timestamp="2019-08-04T20:35:28.124">
  <reason value="insufficient progress made" />
</concurrent-aborted>
<cycle-end id="2512" type="global" contextid="2507" timestamp="2019-08-04T20:35:28.124">
  <attribute name="GC Util" value="226" />
  <attribute name="CPU Util" value="8651973861341" />
  <attribute name="Time Running"value="68348"/>
  <attribute name="Number of cores"value="16"/>
</cycle-end>
<cycle-start id="2513" type="global" contextid="0" timestamp="2019-08-04T20:35:28.124" intervalms="0.345" />
  <attribute name="GC Util" value="226" />
  <attribute name="CPU Util" value="8651973861341" />
  <attribute name="Time Running"value="68348"/>
  <attribute name="Number of cores"value="16"/>
<gc-start id="2514" type="global" contextid="2513" timestamp="2019-08-04T20:35:28.124">
  <mem-info id="2515" free="1017856" total="101842944" percent="0">
    <mem type="tenure" free="1017856" total="101842944" percent="0">
      <mem type="soa" free="0" total="100825088" percent="0" />
      <mem type="loa" free="1017856" total="1017856" percent="100" />
    </mem>
  </mem-info>
</gc-start>
<allocation-stats totalBytes="49232952" >
  <allocated-bytes non-tlh="7024064" tlh="42208888" />
  <largest-consumer threadName="main" threadId="0000000000968F00" bytes="49202392" />
</allocation-stats>
<gc-op id="2516" type="mark" timems="9.992" contextid="2513" timestamp="2019-08-04T20:35:28.134">
  <trace-info objectcount="600446" scancount="521347" scanbytes="13381080" />
  <finalization candidates="80" enqueued="0" />
  <ownableSynchronizers candidates="21" cleared="0" />
  <references type="soft" candidates="3261" cleared="0" enqueued="0" dynamicThreshold="19" maxThreshold="32" />
  <references type="weak" candidates="5620" cleared="0" enqueued="0" />
  <references type="phantom" candidates="97" cleared="0" enqueued="0" />
  <stringconstants candidates="13630" cleared="50"  />
</gc-op>
<gc-op id="2517" type="sweep" timems="4.900" contextid="2513" timestamp="2019-08-04T20:35:28.139" />
<gc-end id="2518" type="global" contextid="2513" durationms="15.022" usertimems="75.447" systemtimems="0.000" timestamp="2019-08-04T20:35:28.139" activeThreads="16">
  <mem-info id="2519" free="61159224" total="101842944" percent="60">
    <mem type="tenure" free="61159224" total="101842944" percent="60" micro-fragmented="14518395">
      <mem type="soa" free="60141368" total="100825088" percent="59" />
      <mem type="loa" free="1017856" total="1017856" percent="100" />
    </mem>
  </mem-info>
</gc-end>
<cycle-end id="2520" type="global" contextid="2513" timestamp="2019-08-04T20:35:28.139">
  <attribute name="GC Util" value="270" />
  <attribute name="CPU Util" value="9120564834471" />
  <attribute name="Time Running"value="68382"/>
  <attribute name="Number of cores"value="16"/>
</cycle-end>
<allocation-satisfied id="2521" threadId="0000000000968F00" bytesRequested="1168" />
<af-end id="2522" timestamp="2019-08-04T20:35:28.139" threadId="0000000000969888" success="true" />
<exclusive-end id="2523" timestamp="2019-08-04T20:35:28.139" durationms="15.253" />

<concurrent-kickoff id="2524" timestamp="2019-08-04T20:35:28.157">
  <kickoff reason="threshold reached" targetBytes="8072821" thresholdFreeBytes="1099376" remainingFree="1069856" tenureFreeBytes="1069856" />
</concurrent-kickoff>
<exclusive-start id="2525" timestamp="2019-08-04T20:35:28.158" intervalms="33.988">
  <response-info timems="0.174" idlems="0.174" threads="0" lastid="0000000000968F00" lastname="main" />
</exclusive-start>
<cycle-start id="2526" type="global" contextid="0" timestamp="2019-08-04T20:35:28.158" intervalms="33.933" />
  <attribute name="GC Util" value="270" />
  <attribute name="CPU Util" value="9120564834471" />
  <attribute name="Time Running"value="68382"/>
  <attribute name="Number of cores"value="16"/>
<exclusive-end id="2527" timestamp="2019-08-04T20:35:28.158" durationms="0.025" />

<exclusive-start id="2528" timestamp="2019-08-04T20:35:28.158" intervalms="0.377">
  <response-info timems="0.118" idlems="0.118" threads="0" lastid="0000000000968F00" lastname="main" />
</exclusive-start>
<af-start id="2529" threadId="0000000000969888" totalBytesRequested="1168" timestamp="2019-08-04T20:35:28.158" intervalms="34.361" />
<concurrent-aborted id="2530" timestamp="2019-08-04T20:35:28.158">
  <reason value="insufficient progress made" />
</concurrent-aborted>
<cycle-end id="2531" type="global" contextid="2526" timestamp="2019-08-04T20:35:28.158">
  <attribute name="GC Util" value="270" />
  <attribute name="CPU Util" value="9120564834471" />
  <attribute name="Time Running"value="68382"/>
  <attribute name="Number of cores"value="16"/>
</cycle-end>
<cycle-start id="2532" type="global" contextid="0" timestamp="2019-08-04T20:35:28.158" intervalms="0.421" />
  <attribute name="GC Util" value="270" />
  <attribute name="CPU Util" value="9120564834471" />
  <attribute name="Time Running"value="68382"/>
  <attribute name="Number of cores"value="16"/>
<gc-start id="2533" type="global" contextid="2532" timestamp="2019-08-04T20:35:28.158">
  <mem-info id="2534" free="1017856" total="101842944" percent="0">
    <mem type="tenure" free="1017856" total="101842944" percent="0">
      <mem type="soa" free="0" total="100825088" percent="0" />
      <mem type="loa" free="1017856" total="1017856" percent="100" />
    </mem>
  </mem-info>
</gc-start>
<allocation-stats totalBytes="49250776" >
  <allocated-bytes non-tlh="7023184" tlh="42227592" />
  <largest-consumer threadName="main" threadId="0000000000968F00" bytes="49250776" />
</allocation-stats>
<gc-op id="2535" type="mark" timems="9.750" contextid="2532" timestamp="2019-08-04T20:35:28.168">
  <trace-info objectcount="600446" scancount="521352" scanbytes="13381080" />
  <finalization candidates="80" enqueued="0" />
  <ownableSynchronizers candidates="21" cleared="0" />
  <references type="soft" candidates="3261" cleared="0" enqueued="0" dynamicThreshold="19" maxThreshold="32" />
  <references type="weak" candidates="5620" cleared="0" enqueued="0" />
  <references type="phantom" candidates="97" cleared="0" enqueued="0" />
  <stringconstants candidates="13580" cleared="0"  />
</gc-op>
<gc-op id="2536" type="sweep" timems="4.727" contextid="2532" timestamp="2019-08-04T20:35:28.173" />
<gc-end id="2537" type="global" contextid="2532" durationms="14.611" usertimems="74.235" systemtimems="0.000" timestamp="2019-08-04T20:35:28.173" activeThreads="16">
  <mem-info id="2538" free="61159224" total="101842944" percent="60">
    <mem type="tenure" free="61159224" total="101842944" percent="60" micro-fragmented="14518395">
      <mem type="soa" free="60141368" total="100825088" percent="59" />
      <mem type="loa" free="1017856" total="1017856" percent="100" />
    </mem>
  </mem-info>
</gc-end>
<cycle-end id="2539" type="global" contextid="2532" timestamp="2019-08-04T20:35:28.173">
  <attribute name="GC Util" value="324" />
  <attribute name="CPU Util" value="11331828509163" />
  <attribute name="Time Running"value="68416"/>
  <attribute name="Number of cores"value="16"/>
</cycle-end>
<allocation-satisfied id="2540" threadId="0000000000968F00" bytesRequested="1168" />
<af-end id="2541" timestamp="2019-08-04T20:35:28.173" threadId="0000000000969888" success="true" />
<exclusive-end id="2542" timestamp="2019-08-04T20:35:28.173" durationms="14.848" />

<concurrent-kickoff id="2543" timestamp="2019-08-04T20:35:28.196">
  <kickoff reason="threshold reached" targetBytes="8072821" thresholdFreeBytes="1099376" remainingFree="1072376" tenureFreeBytes="1072376" />
</concurrent-kickoff>
<exclusive-start id="2544" timestamp="2019-08-04T20:35:28.196" intervalms="37.844">
  <response-info timems="0.119" idlems="0.119" threads="0" lastid="0000000000968F00" lastname="main" />
</exclusive-start>
<cycle-start id="2545" type="global" contextid="0" timestamp="2019-08-04T20:35:28.196" intervalms="37.800" />
  <attribute name="GC Util" value="324" />
  <attribute name="CPU Util" value="11331828509163" />
  <attribute name="Time Running"value="68416"/>
  <attribute name="Number of cores"value="16"/>
<exclusive-end id="2546" timestamp="2019-08-04T20:35:28.196" durationms="0.024" />

<exclusive-start id="2547" timestamp="2019-08-04T20:35:28.196" intervalms="0.430">
  <response-info timems="0.030" idlems="0.030" threads="0" lastid="0000000000968F00" lastname="main" />
</exclusive-start>
<af-start id="2548" threadId="0000000000969888" totalBytesRequested="1168" timestamp="2019-08-04T20:35:28.196" intervalms="38.273" />
<concurrent-aborted id="2549" timestamp="2019-08-04T20:35:28.196">
  <reason value="insufficient progress made" />
</concurrent-aborted>
<cycle-end id="2550" type="global" contextid="2545" timestamp="2019-08-04T20:35:28.196">
  <attribute name="GC Util" value="324" />
  <attribute name="CPU Util" value="11331828509163" />
  <attribute name="Time Running"value="68416"/>
  <attribute name="Number of cores"value="16"/>
</cycle-end>
<cycle-start id="2551" type="global" contextid="0" timestamp="2019-08-04T20:35:28.196" intervalms="0.474" />
  <attribute name="GC Util" value="324" />
  <attribute name="CPU Util" value="11331828509163" />
  <attribute name="Time Running"value="68416"/>
  <attribute name="Number of cores"value="16"/>
<gc-start id="2552" type="global" contextid="2551" timestamp="2019-08-04T20:35:28.196">
  <mem-info id="2553" free="1017856" total="101842944" percent="0">
    <mem type="tenure" free="1017856" total="101842944" percent="0">
      <mem type="soa" free="0" total="100825088" percent="0" />
      <mem type="loa" free="1017856" total="1017856" percent="100" />
    </mem>
  </mem-info>
</gc-start>
<allocation-stats totalBytes="49250776" >
  <allocated-bytes non-tlh="7023184" tlh="42227592" />
  <largest-consumer threadName="main" threadId="0000000000968F00" bytes="49250776" />
</allocation-stats>
<gc-op id="2554" type="mark" timems="13.115" contextid="2551" timestamp="2019-08-04T20:35:28.210">
  <trace-info objectcount="600446" scancount="521347" scanbytes="13381080" />
  <finalization candidates="80" enqueued="0" />
  <ownableSynchronizers candidates="21" cleared="0" />
  <references type="soft" candidates="3261" cleared="0" enqueued="0" dynamicThreshold="19" maxThreshold="32" />
  <references type="weak" candidates="5620" cleared="0" enqueued="0" />
  <references type="phantom" candidates="97" cleared="0" enqueued="0" />
  <stringconstants candidates="13580" cleared="0"  />
</gc-op>
<gc-op id="2555" type="sweep" timems="4.575" contextid="2551" timestamp="2019-08-04T20:35:28.214" />
<gc-end id="2556" type="global" contextid="2551" durationms="17.839" usertimems="92.823" systemtimems="0.000" timestamp="2019-08-04T20:35:28.214" activeThreads="16">
  <mem-info id="2557" free="61159224" total="101842944" percent="60">
    <mem type="tenure" free="61159224" total="101842944" percent="60" micro-fragmented="14518395">
      <mem type="soa" free="60141368" total="100825088" percent="59" />
      <mem type="loa" free="1017856" total="1017856" percent="100" />
    </mem>
  </mem-info>
</gc-end>
<cycle-end id="2558" type="global" contextid="2551" timestamp="2019-08-04T20:35:28.214">
  <attribute name="GC Util" value="310" />
  <attribute name="CPU Util" value="9843523668159" />
  <attribute name="Time Running"value="68457"/>
  <attribute name="Number of cores"value="16"/>
</cycle-end>
<allocation-satisfied id="2559" threadId="0000000000968F00" bytesRequested="1168" />
<af-end id="2560" timestamp="2019-08-04T20:35:28.214" threadId="0000000000969888" success="true" />
<exclusive-end id="2561" timestamp="2019-08-04T20:35:28.214" durationms="18.017" />

<concurrent-kickoff id="2562" timestamp="2019-08-04T20:35:28.232">
  <kickoff reason="threshold reached" targetBytes="8072821" thresholdFreeBytes="1099376" remainingFree="1076808" tenureFreeBytes="1076808" />
</concurrent-kickoff>
<exclusive-start id="2563" timestamp="2019-08-04T20:35:28.233" intervalms="36.197">
  <response-info timems="0.049" idlems="0.049" threads="0" lastid="0000000000968F00" lastname="main" />
</exclusive-start>
<cycle-start id="2564" type="global" contextid="0" timestamp="2019-08-04T20:35:28.233" intervalms="36.152" />
  <attribute name="GC Util" value="310" />
  <attribute name="CPU Util" value="9843523668159" />
  <attribute name="Time Running"value="68457"/>
  <attribute name="Number of cores"value="16"/>
<exclusive-end id="2565" timestamp="2019-08-04T20:35:28.233" durationms="0.024" />

<exclusive-start id="2566" timestamp="2019-08-04T20:35:28.233" intervalms="0.292">
  <response-info timems="0.035" idlems="0.035" threads="0" lastid="0000000000968F00" lastname="main" />
</exclusive-start>
<af-start id="2567" threadId="0000000000969888" totalBytesRequested="1168" timestamp="2019-08-04T20:35:28.233" intervalms="36.491" />
<concurrent-aborted id="2568" timestamp="2019-08-04T20:35:28.233">
  <reason value="insufficient progress made" />
</concurrent-aborted>
<cycle-end id="2569" type="global" contextid="2564" timestamp="2019-08-04T20:35:28.233">
  <attribute name="GC Util" value="310" />
  <attribute name="CPU Util" value="9843523668159" />
  <attribute name="Time Running"value="68457"/>
  <attribute name="Number of cores"value="16"/>
</cycle-end>
<cycle-start id="2570" type="global" contextid="0" timestamp="2019-08-04T20:35:28.233" intervalms="0.340" />
  <attribute name="GC Util" value="310" />
  <attribute name="CPU Util" value="9843523668159" />
  <attribute name="Time Running"value="68457"/>
  <attribute name="Number of cores"value="16"/>
<gc-start id="2571" type="global" contextid="2570" timestamp="2019-08-04T20:35:28.233">
  <mem-info id="2572" free="1017856" total="101842944" percent="0">
    <mem type="tenure" free="1017856" total="101842944" percent="0">
      <mem type="soa" free="0" total="100825088" percent="0" />
      <mem type="loa" free="1017856" total="1017856" percent="100" />
    </mem>
  </mem-info>
</gc-start>
<allocation-stats totalBytes="49249536" >
  <allocated-bytes non-tlh="7023184" tlh="42226352" />
  <largest-consumer threadName="main" threadId="0000000000968F00" bytes="49249536" />
</allocation-stats>
<gc-op id="2573" type="mark" timems="13.612" contextid="2570" timestamp="2019-08-04T20:35:28.247">
  <trace-info objectcount="600446" scancount="521349" scanbytes="13381080" />
  <finalization candidates="80" enqueued="0" />
  <ownableSynchronizers candidates="21" cleared="0" />
  <references type="soft" candidates="3261" cleared="0" enqueued="0" dynamicThreshold="19" maxThreshold="32" />
  <references type="weak" candidates="5620" cleared="0" enqueued="0" />
  <references type="phantom" candidates="97" cleared="0" enqueued="0" />
  <stringconstants candidates="13580" cleared="0"  />
</gc-op>
<gc-op id="2574" type="sweep" timems="4.502" contextid="2570" timestamp="2019-08-04T20:35:28.251" />
<gc-end id="2575" type="global" contextid="2570" durationms="18.246" usertimems="96.921" systemtimems="0.000" timestamp="2019-08-04T20:35:28.251" activeThreads="16">
  <mem-info id="2576" free="61158552" total="101842944" percent="60">
    <mem type="tenure" free="61158552" total="101842944" percent="60" micro-fragmented="14518395">
      <mem type="soa" free="60140696" total="100825088" percent="59" />
      <mem type="loa" free="1017856" total="1017856" percent="100" />
    </mem>
  </mem-info>
</gc-end>
<cycle-end id="2577" type="global" contextid="2570" timestamp="2019-08-04T20:35:28.251">
  <attribute name="GC Util" value="288" />
  <attribute name="CPU Util" value="9788641398064" />
  <attribute name="Time Running"value="68494"/>
  <attribute name="Number of cores"value="16"/>
</cycle-end>
<allocation-satisfied id="2578" threadId="0000000000968F00" bytesRequested="1168" />
<af-end id="2579" timestamp="2019-08-04T20:35:28.251" threadId="0000000000969888" success="true" />
<exclusive-end id="2580" timestamp="2019-08-04T20:35:28.251" durationms="18.544" />

<concurrent-kickoff id="2581" timestamp="2019-08-04T20:35:28.269">
  <kickoff reason="threshold reached" targetBytes="8072821" thresholdFreeBytes="1099376" remainingFree="1079360" tenureFreeBytes="1079360" />
</concurrent-kickoff>
<exclusive-start id="2582" timestamp="2019-08-04T20:35:28.270" intervalms="36.854">
  <response-info timems="0.138" idlems="0.138" threads="0" lastid="0000000000968F00" lastname="main" />
</exclusive-start>
<cycle-start id="2583" type="global" contextid="0" timestamp="2019-08-04T20:35:28.270" intervalms="36.806" />
  <attribute name="GC Util" value="288" />
  <attribute name="CPU Util" value="9788641398064" />
  <attribute name="Time Running"value="68494"/>
  <attribute name="Number of cores"value="16"/>
<exclusive-end id="2584" timestamp="2019-08-04T20:35:28.270" durationms="0.024" />

<exclusive-start id="2585" timestamp="2019-08-04T20:35:28.270" intervalms="0.260">
  <response-info timems="0.031" idlems="0.031" threads="0" lastid="0000000000968F00" lastname="main" />
</exclusive-start>
<af-start id="2586" threadId="0000000000969888" totalBytesRequested="1168" timestamp="2019-08-04T20:35:28.270" intervalms="37.112" />
<concurrent-aborted id="2587" timestamp="2019-08-04T20:35:28.270">
  <reason value="insufficient progress made" />
</concurrent-aborted>
<cycle-end id="2588" type="global" contextid="2583" timestamp="2019-08-04T20:35:28.270">
  <attribute name="GC Util" value="288" />
  <attribute name="CPU Util" value="9788641398064" />
  <attribute name="Time Running"value="68494"/>
  <attribute name="Number of cores"value="16"/>
</cycle-end>
<cycle-start id="2589" type="global" contextid="0" timestamp="2019-08-04T20:35:28.270" intervalms="0.304" />
  <attribute name="GC Util" value="288" />
  <attribute name="CPU Util" value="9788641398064" />
  <attribute name="Time Running"value="68494"/>
  <attribute name="Number of cores"value="16"/>
<gc-start id="2590" type="global" contextid="2589" timestamp="2019-08-04T20:35:28.270">
  <mem-info id="2591" free="1017856" total="101842944" percent="0">
    <mem type="tenure" free="1017856" total="101842944" percent="0">
      <mem type="soa" free="0" total="100825088" percent="0" />
      <mem type="loa" free="1017856" total="1017856" percent="100" />
    </mem>
  </mem-info>
</gc-start>
<allocation-stats totalBytes="49248320" >
  <allocated-bytes non-tlh="7023184" tlh="42225136" />
  <largest-consumer threadName="main" threadId="0000000000968F00" bytes="49248320" />
</allocation-stats>
<gc-op id="2592" type="mark" timems="11.662" contextid="2589" timestamp="2019-08-04T20:35:28.282">
  <trace-info objectcount="600446" scancount="521344" scanbytes="13381080" />
  <finalization candidates="80" enqueued="0" />
  <ownableSynchronizers candidates="21" cleared="0" />
  <references type="soft" candidates="3261" cleared="0" enqueued="0" dynamicThreshold="19" maxThreshold="32" />
  <references type="weak" candidates="5620" cleared="0" enqueued="0" />
  <references type="phantom" candidates="97" cleared="0" enqueued="0" />
  <stringconstants candidates="13580" cleared="0"  />
</gc-op>
<gc-op id="2593" type="sweep" timems="4.539" contextid="2589" timestamp="2019-08-04T20:35:28.286" />
<gc-end id="2594" type="global" contextid="2589" durationms="16.347" usertimems="94.582" systemtimems="0.000" timestamp="2019-08-04T20:35:28.286" activeThreads="16">
  <mem-info id="2595" free="61159224" total="101842944" percent="60">
    <mem type="tenure" free="61159224" total="101842944" percent="60" micro-fragmented="14518395">
      <mem type="soa" free="60141368" total="100825088" percent="59" />
      <mem type="loa" free="1017856" total="1017856" percent="100" />
    </mem>
  </mem-info>
</gc-end>
<cycle-end id="2596" type="global" contextid="2589" timestamp="2019-08-04T20:35:28.286">
  <attribute name="GC Util" value="358" />
  <attribute name="CPU Util" value="10568722661076" />
  <attribute name="Time Running"value="68529"/>
  <attribute name="Number of cores"value="16"/>
</cycle-end>
<allocation-satisfied id="2597" threadId="0000000000968F00" bytesRequested="1168" />
<af-end id="2598" timestamp="2019-08-04T20:35:28.287" threadId="0000000000969888" success="true" />
<exclusive-end id="2599" timestamp="2019-08-04T20:35:28.287" durationms="16.588" />

<concurrent-kickoff id="2600" timestamp="2019-08-04T20:35:28.434">
  <kickoff reason="threshold reached" targetBytes="8072821" thresholdFreeBytes="1099376" remainingFree="1051608" tenureFreeBytes="1051608" />
</concurrent-kickoff>
<exclusive-start id="2601" timestamp="2019-08-04T20:35:28.435" intervalms="164.748">
  <response-info timems="0.136" idlems="0.136" threads="0" lastid="0000000000968F00" lastname="main" />
</exclusive-start>
<cycle-start id="2602" type="global" contextid="0" timestamp="2019-08-04T20:35:28.435" intervalms="164.706" />
  <attribute name="GC Util" value="358" />
  <attribute name="CPU Util" value="10568722661076" />
  <attribute name="Time Running"value="68529"/>
  <attribute name="Number of cores"value="16"/>
<exclusive-end id="2603" timestamp="2019-08-04T20:35:28.435" durationms="0.027" />

<exclusive-start id="2604" timestamp="2019-08-04T20:35:28.435" intervalms="0.660">
  <response-info timems="0.101" idlems="0.101" threads="0" lastid="0000000000968F00" lastname="main" />
</exclusive-start>
<af-start id="2605" threadId="0000000000969888" totalBytesRequested="64" timestamp="2019-08-04T20:35:28.435" intervalms="165.411" />
<concurrent-aborted id="2606" timestamp="2019-08-04T20:35:28.436">
  <reason value="insufficient progress made" />
</concurrent-aborted>
<cycle-end id="2607" type="global" contextid="2602" timestamp="2019-08-04T20:35:28.436">
  <attribute name="GC Util" value="358" />
  <attribute name="CPU Util" value="10568722661076" />
  <attribute name="Time Running"value="68529"/>
  <attribute name="Number of cores"value="16"/>
</cycle-end>
<cycle-start id="2608" type="global" contextid="0" timestamp="2019-08-04T20:35:28.436" intervalms="0.834" />
  <attribute name="GC Util" value="358" />
  <attribute name="CPU Util" value="10568722661076" />
  <attribute name="Time Running"value="68529"/>
  <attribute name="Number of cores"value="16"/>
<gc-start id="2609" type="global" contextid="2608" timestamp="2019-08-04T20:35:28.436">
  <mem-info id="2610" free="1017856" total="101842944" percent="0">
    <mem type="tenure" free="1017856" total="101842944" percent="0">
      <mem type="soa" free="0" total="100825088" percent="0" />
      <mem type="loa" free="1017856" total="1017856" percent="100" />
    </mem>
  </mem-info>
</gc-start>
<allocation-stats totalBytes="53141896" >
  <allocated-bytes non-tlh="7023184" tlh="46118712" />
  <largest-consumer threadName="main" threadId="0000000000968F00" bytes="53141896" />
</allocation-stats>
<gc-op id="2611" type="mark" timems="16.025" contextid="2608" timestamp="2019-08-04T20:35:28.452">
  <trace-info objectcount="600578" scancount="521484" scanbytes="13385460" />
  <finalization candidates="80" enqueued="0" />
  <ownableSynchronizers candidates="21" cleared="0" />
  <references type="soft" candidates="3261" cleared="0" enqueued="0" dynamicThreshold="19" maxThreshold="32" />
  <references type="weak" candidates="5620" cleared="0" enqueued="0" />
  <references type="phantom" candidates="97" cleared="0" enqueued="0" />
  <stringconstants candidates="13580" cleared="0"  />
</gc-op>
<gc-op id="2612" type="sweep" timems="7.346" contextid="2608" timestamp="2019-08-04T20:35:28.459" />
<gc-end id="2613" type="global" contextid="2608" durationms="23.516" usertimems="146.666" systemtimems="0.000" timestamp="2019-08-04T20:35:28.459" activeThreads="16">
  <mem-info id="2614" free="61153168" total="101842944" percent="60">
    <mem type="tenure" free="61153168" total="101842944" percent="60" micro-fragmented="14518395">
      <mem type="soa" free="60135312" total="100825088" percent="59" />
      <mem type="loa" free="1017856" total="1017856" percent="100" />
    </mem>
  </mem-info>
</gc-end>
<cycle-end id="2615" type="global" contextid="2608" timestamp="2019-08-04T20:35:28.459">
  <attribute name="GC Util" value="268" />
  <attribute name="CPU Util" value="11188598861239" />
  <attribute name="Time Running"value="68699"/>
  <attribute name="Number of cores"value="16"/>
</cycle-end>
<allocation-satisfied id="2616" threadId="0000000000968F00" bytesRequested="64" />
<af-end id="2617" timestamp="2019-08-04T20:35:28.459" threadId="0000000000969888" success="true" />
<exclusive-end id="2618" timestamp="2019-08-04T20:35:28.459" durationms="23.829" />

<concurrent-kickoff id="2619" timestamp="2019-08-04T20:35:28.633">
  <kickoff reason="threshold reached" targetBytes="8072821" thresholdFreeBytes="1099376" remainingFree="1018968" tenureFreeBytes="1018968" />
</concurrent-kickoff>
<exclusive-start id="2620" timestamp="2019-08-04T20:35:28.633" intervalms="197.567">
  <response-info timems="0.064" idlems="0.064" threads="0" lastid="0000000000968F00" lastname="main" />
</exclusive-start>
<cycle-start id="2621" type="global" contextid="0" timestamp="2019-08-04T20:35:28.633" intervalms="197.396" />
  <attribute name="GC Util" value="268" />
  <attribute name="CPU Util" value="11188598861239" />
  <attribute name="Time Running"value="68699"/>
  <attribute name="Number of cores"value="16"/>
<exclusive-end id="2622" timestamp="2019-08-04T20:35:28.633" durationms="0.030" />

<exclusive-start id="2623" timestamp="2019-08-04T20:35:28.633" intervalms="0.396">
  <response-info timems="0.061" idlems="0.061" threads="0" lastid="0000000000968F00" lastname="main" />
</exclusive-start>
<af-start id="2624" threadId="0000000000969888" totalBytesRequested="24" timestamp="2019-08-04T20:35:28.633" intervalms="197.960" />
<concurrent-aborted id="2625" timestamp="2019-08-04T20:35:28.633">
  <reason value="insufficient progress made" />
</concurrent-aborted>
<cycle-end id="2626" type="global" contextid="2621" timestamp="2019-08-04T20:35:28.633">
  <attribute name="GC Util" value="268" />
  <attribute name="CPU Util" value="11188598861239" />
  <attribute name="Time Running"value="68699"/>
  <attribute name="Number of cores"value="16"/>
</cycle-end>
<cycle-start id="2627" type="global" contextid="0" timestamp="2019-08-04T20:35:28.633" intervalms="0.436" />
  <attribute name="GC Util" value="268" />
  <attribute name="CPU Util" value="11188598861239" />
  <attribute name="Time Running"value="68699"/>
  <attribute name="Number of cores"value="16"/>
<gc-start id="2628" type="global" contextid="2627" timestamp="2019-08-04T20:35:28.633">
  <mem-info id="2629" free="1017856" total="101842944" percent="0">
    <mem type="tenure" free="1017856" total="101842944" percent="0">
      <mem type="soa" free="0" total="100825088" percent="0" />
      <mem type="loa" free="1017856" total="1017856" percent="100" />
    </mem>
  </mem-info>
</gc-start>
<allocation-stats totalBytes="59850624" >
  <allocated-bytes non-tlh="0" tlh="59850624" />
  <largest-consumer threadName="main" threadId="0000000000968F00" bytes="59850624" />
</allocation-stats>
<gc-op id="2630" type="mark" timems="11.206" contextid="2627" timestamp="2019-08-04T20:35:28.645">
  <trace-info objectcount="600656" scancount="521560" scanbytes="13387904" />
  <finalization candidates="80" enqueued="0" />
  <ownableSynchronizers candidates="21" cleared="0" />
  <references type="soft" candidates="3261" cleared="0" enqueued="0" dynamicThreshold="19" maxThreshold="32" />
  <references type="weak" candidates="5641" cleared="0" enqueued="0" />
  <references type="phantom" candidates="97" cleared="0" enqueued="0" />
  <stringconstants candidates="13580" cleared="0"  />
</gc-op>
<gc-op id="2631" type="sweep" timems="7.661" contextid="2627" timestamp="2019-08-04T20:35:28.652" />
<gc-end id="2632" type="global" contextid="2627" durationms="19.007" usertimems="85.233" systemtimems="0.000" timestamp="2019-08-04T20:35:28.652" activeThreads="16">
  <mem-info id="2633" free="61141128" total="101842944" percent="60">
    <mem type="tenure" free="61141128" total="101842944" percent="60" micro-fragmented="14663222">
      <mem type="soa" free="60123272" total="100825088" percent="59" />
      <mem type="loa" free="1017856" total="1017856" percent="100" />
    </mem>
  </mem-info>
</gc-end>
<cycle-end id="2634" type="global" contextid="2627" timestamp="2019-08-04T20:35:28.652">
  <attribute name="GC Util" value="314" />
  <attribute name="CPU Util" value="10723903254444" />
  <attribute name="Time Running"value="68892"/>
  <attribute name="Number of cores"value="16"/>
</cycle-end>
<allocation-satisfied id="2635" threadId="0000000000968F00" bytesRequested="24" />
<af-end id="2636" timestamp="2019-08-04T20:35:28.653" threadId="0000000000969888" success="true" />
<exclusive-end id="2637" timestamp="2019-08-04T20:35:28.653" durationms="19.297" />

<concurrent-kickoff id="2638" timestamp="2019-08-04T20:35:28.718">
  <kickoff reason="threshold reached" targetBytes="8072821" thresholdFreeBytes="1099376" remainingFree="1098688" tenureFreeBytes="1098688" />
</concurrent-kickoff>
<exclusive-start id="2639" timestamp="2019-08-04T20:35:28.718" intervalms="84.706">
  <response-info timems="0.044" idlems="0.044" threads="0" lastid="0000000000968F00" lastname="main" />
</exclusive-start>
<cycle-start id="2640" type="global" contextid="0" timestamp="2019-08-04T20:35:28.718" intervalms="84.654" />
  <attribute name="GC Util" value="314" />
  <attribute name="CPU Util" value="10723903254444" />
  <attribute name="Time Running"value="68892"/>
  <attribute name="Number of cores"value="16"/>
<exclusive-end id="2641" timestamp="2019-08-04T20:35:28.718" durationms="0.017" />

<exclusive-start id="2642" timestamp="2019-08-04T20:35:28.718" intervalms="0.434">
  <response-info timems="0.043" idlems="0.043" threads="0" lastid="0000000000968F00" lastname="main" />
</exclusive-start>
<af-start id="2643" threadId="0000000000969888" totalBytesRequested="16" timestamp="2019-08-04T20:35:28.718" intervalms="85.140" />
<concurrent-aborted id="2644" timestamp="2019-08-04T20:35:28.718">
  <reason value="insufficient progress made" />
</concurrent-aborted>
<cycle-end id="2645" type="global" contextid="2640" timestamp="2019-08-04T20:35:28.718">
  <attribute name="GC Util" value="314" />
  <attribute name="CPU Util" value="10723903254444" />
  <attribute name="Time Running"value="68892"/>
  <attribute name="Number of cores"value="16"/>
</cycle-end>
<cycle-start id="2646" type="global" contextid="0" timestamp="2019-08-04T20:35:28.719" intervalms="0.492" />
  <attribute name="GC Util" value="314" />
  <attribute name="CPU Util" value="10723903254444" />
  <attribute name="Time Running"value="68892"/>
  <attribute name="Number of cores"value="16"/>
<gc-start id="2647" type="global" contextid="2646" timestamp="2019-08-04T20:35:28.719">
  <mem-info id="2648" free="1017856" total="101842944" percent="0">
    <mem type="tenure" free="1017856" total="101842944" percent="0">
      <mem type="soa" free="0" total="100825088" percent="0" />
      <mem type="loa" free="1017856" total="1017856" percent="100" />
    </mem>
  </mem-info>
</gc-start>
<allocation-stats totalBytes="59137048" >
  <allocated-bytes non-tlh="0" tlh="59137048" />
  <largest-consumer threadName="main" threadId="0000000000968F00" bytes="59137048" />
</allocation-stats>
<gc-op id="2649" type="mark" timems="12.115" contextid="2646" timestamp="2019-08-04T20:35:28.731">
  <trace-info objectcount="600492" scancount="521391" scanbytes="13382204" />
  <finalization candidates="80" enqueued="0" />
  <ownableSynchronizers candidates="21" cleared="0" />
  <references type="soft" candidates="3261" cleared="0" enqueued="0" dynamicThreshold="19" maxThreshold="32" />
  <references type="weak" candidates="5641" cleared="7" enqueued="3" />
  <references type="phantom" candidates="97" cleared="0" enqueued="0" />
  <stringconstants candidates="13580" cleared="0"  />
</gc-op>
<gc-op id="2650" type="sweep" timems="6.065" contextid="2646" timestamp="2019-08-04T20:35:28.737" />
<gc-end id="2651" type="global" contextid="2646" durationms="18.547" usertimems="86.581" systemtimems="0.000" timestamp="2019-08-04T20:35:28.737" activeThreads="16">
  <mem-info id="2652" free="61153096" total="101842944" percent="60">
    <mem type="tenure" free="61153096" total="101842944" percent="60" micro-fragmented="14624108">
      <mem type="soa" free="60135240" total="100825088" percent="59" />
      <mem type="loa" free="1017856" total="1017856" percent="100" />
    </mem>
    <pending-finalizers system="0" default="0" reference="3" classloader="0" />
  </mem-info>
</gc-end>
<cycle-end id="2653" type="global" contextid="2646" timestamp="2019-08-04T20:35:28.737">
  <attribute name="GC Util" value="310" />
  <attribute name="CPU Util" value="8619019118976" />
  <attribute name="Time Running"value="68979"/>
  <attribute name="Number of cores"value="16"/>
</cycle-end>
<allocation-satisfied id="2654" threadId="0000000000968F00" bytesRequested="16" />
<af-end id="2655" timestamp="2019-08-04T20:35:28.737" threadId="0000000000969888" success="true" />
<exclusive-end id="2656" timestamp="2019-08-04T20:35:28.737" durationms="18.754" />

<concurrent-kickoff id="2657" timestamp="2019-08-04T20:35:28.792">
  <kickoff reason="threshold reached" targetBytes="8072821" thresholdFreeBytes="1099376" remainingFree="1037448" tenureFreeBytes="1037448" />
</concurrent-kickoff>
<exclusive-start id="2658" timestamp="2019-08-04T20:35:28.793" intervalms="74.133">
  <response-info timems="0.067" idlems="0.067" threads="0" lastid="0000000000968F00" lastname="main" />
</exclusive-start>
<cycle-start id="2659" type="global" contextid="0" timestamp="2019-08-04T20:35:28.793" intervalms="74.086" />
  <attribute name="GC Util" value="310" />
  <attribute name="CPU Util" value="8619019118976" />
  <attribute name="Time Running"value="68979"/>
  <attribute name="Number of cores"value="16"/>
<exclusive-end id="2660" timestamp="2019-08-04T20:35:28.793" durationms="0.030" />

<exclusive-start id="2661" timestamp="2019-08-04T20:35:28.793" intervalms="0.246">
  <response-info timems="0.022" idlems="0.022" threads="0" lastid="0000000000968F00" lastname="main" />
</exclusive-start>
<af-start id="2662" threadId="0000000000969888" totalBytesRequested="264" timestamp="2019-08-04T20:35:28.793" intervalms="74.382" />
<concurrent-aborted id="2663" timestamp="2019-08-04T20:35:28.793">
  <reason value="insufficient progress made" />
</concurrent-aborted>
<cycle-end id="2664" type="global" contextid="2659" timestamp="2019-08-04T20:35:28.793">
  <attribute name="GC Util" value="310" />
  <attribute name="CPU Util" value="8619019118976" />
  <attribute name="Time Running"value="68979"/>
  <attribute name="Number of cores"value="16"/>
</cycle-end>
<cycle-start id="2665" type="global" contextid="0" timestamp="2019-08-04T20:35:28.793" intervalms="0.297" />
  <attribute name="GC Util" value="310" />
  <attribute name="CPU Util" value="8619019118976" />
  <attribute name="Time Running"value="68979"/>
  <attribute name="Number of cores"value="16"/>
<gc-start id="2666" type="global" contextid="2665" timestamp="2019-08-04T20:35:28.793">
  <mem-info id="2667" free="1017856" total="101842944" percent="0">
    <mem type="tenure" free="1017856" total="101842944" percent="0">
      <mem type="soa" free="0" total="100825088" percent="0" />
      <mem type="loa" free="1017856" total="1017856" percent="100" />
    </mem>
  </mem-info>
</gc-start>
<allocation-stats totalBytes="58826824" >
  <allocated-bytes non-tlh="0" tlh="58826824" />
  <largest-consumer threadName="main" threadId="0000000000968F00" bytes="58825048" />
</allocation-stats>
<gc-op id="2668" type="mark" timems="12.967" contextid="2665" timestamp="2019-08-04T20:35:28.806">
  <trace-info objectcount="600491" scancount="521390" scanbytes="13382708" />
  <finalization candidates="80" enqueued="0" />
  <ownableSynchronizers candidates="21" cleared="0" />
  <references type="soft" candidates="3261" cleared="0" enqueued="0" dynamicThreshold="19" maxThreshold="32" />
  <references type="weak" candidates="5634" cleared="0" enqueued="0" />
  <references type="phantom" candidates="97" cleared="0" enqueued="0" />
  <stringconstants candidates="13580" cleared="0"  />
</gc-op>
<gc-op id="2669" type="sweep" timems="5.436" contextid="2665" timestamp="2019-08-04T20:35:28.811" />
<gc-end id="2670" type="global" contextid="2665" durationms="18.526" usertimems="90.093" systemtimems="0.000" timestamp="2019-08-04T20:35:28.811" activeThreads="16">
  <mem-info id="2671" free="61152920" total="101842944" percent="60">
    <mem type="tenure" free="61152920" total="101842944" percent="60" micro-fragmented="14624108">
      <mem type="soa" free="60135064" total="100825088" percent="59" />
      <mem type="loa" free="1017856" total="1017856" percent="100" />
    </mem>
  </mem-info>
</gc-end>
<cycle-end id="2672" type="global" contextid="2665" timestamp="2019-08-04T20:35:28.812">
  <attribute name="GC Util" value="331" />
  <attribute name="CPU Util" value="10885956768996" />
  <attribute name="Time Running"value="69053"/>
  <attribute name="Number of cores"value="16"/>
</cycle-end>
<allocation-satisfied id="2673" threadId="0000000000968F00" bytesRequested="264" />
<af-end id="2674" timestamp="2019-08-04T20:35:28.812" threadId="0000000000969888" success="true" />
<exclusive-end id="2675" timestamp="2019-08-04T20:35:28.812" durationms="18.725" />

<concurrent-kickoff id="2676" timestamp="2019-08-04T20:35:28.869">
  <kickoff reason="threshold reached" targetBytes="8072821" thresholdFreeBytes="1099376" remainingFree="1026520" tenureFreeBytes="1026520" />
</concurrent-kickoff>
<exclusive-start id="2677" timestamp="2019-08-04T20:35:28.869" intervalms="76.293">
  <response-info timems="0.049" idlems="0.049" threads="0" lastid="0000000000968F00" lastname="main" />
</exclusive-start>
<cycle-start id="2678" type="global" contextid="0" timestamp="2019-08-04T20:35:28.869" intervalms="76.231" />
  <attribute name="GC Util" value="331" />
  <attribute name="CPU Util" value="10885956768996" />
  <attribute name="Time Running"value="69053"/>
  <attribute name="Number of cores"value="16"/>
<exclusive-end id="2679" timestamp="2019-08-04T20:35:28.869" durationms="0.016" />

<exclusive-start id="2680" timestamp="2019-08-04T20:35:28.869" intervalms="0.283">
  <response-info timems="0.028" idlems="0.028" threads="0" lastid="0000000000968F00" lastname="main" />
</exclusive-start>
<af-start id="2681" threadId="0000000000969888" totalBytesRequested="264" timestamp="2019-08-04T20:35:28.869" intervalms="76.589" />
<concurrent-aborted id="2682" timestamp="2019-08-04T20:35:28.869">
  <reason value="insufficient progress made" />
</concurrent-aborted>
<cycle-end id="2683" type="global" contextid="2678" timestamp="2019-08-04T20:35:28.869">
  <attribute name="GC Util" value="331" />
  <attribute name="CPU Util" value="10885956768996" />
  <attribute name="Time Running"value="69053"/>
  <attribute name="Number of cores"value="16"/>
</cycle-end>
<cycle-start id="2684" type="global" contextid="0" timestamp="2019-08-04T20:35:28.869" intervalms="0.350" />
  <attribute name="GC Util" value="331" />
  <attribute name="CPU Util" value="10885956768996" />
  <attribute name="Time Running"value="69053"/>
  <attribute name="Number of cores"value="16"/>
<gc-start id="2685" type="global" contextid="2684" timestamp="2019-08-04T20:35:28.870">
  <mem-info id="2686" free="1017856" total="101842944" percent="0">
    <mem type="tenure" free="1017856" total="101842944" percent="0">
      <mem type="soa" free="0" total="100825088" percent="0" />
      <mem type="loa" free="1017856" total="1017856" percent="100" />
    </mem>
  </mem-info>
</gc-start>
<allocation-stats totalBytes="58827368" >
  <allocated-bytes non-tlh="0" tlh="58827368" />
  <largest-consumer threadName="main" threadId="0000000000968F00" bytes="58827368" />
</allocation-stats>
<gc-op id="2687" type="mark" timems="14.554" contextid="2684" timestamp="2019-08-04T20:35:28.884">
  <trace-info objectcount="600491" scancount="521394" scanbytes="13382708" />
  <finalization candidates="80" enqueued="0" />
  <ownableSynchronizers candidates="21" cleared="0" />
  <references type="soft" candidates="3261" cleared="0" enqueued="0" dynamicThreshold="19" maxThreshold="32" />
  <references type="weak" candidates="5634" cleared="0" enqueued="0" />
  <references type="phantom" candidates="97" cleared="0" enqueued="0" />
  <stringconstants candidates="13580" cleared="0"  />
</gc-op>
<gc-op id="2688" type="sweep" timems="6.809" contextid="2684" timestamp="2019-08-04T20:35:28.891" />
<gc-end id="2689" type="global" contextid="2684" durationms="21.502" usertimems="103.760" systemtimems="0.000" timestamp="2019-08-04T20:35:28.891" activeThreads="16">
  <mem-info id="2690" free="61152688" total="101842944" percent="60">
    <mem type="tenure" free="61152688" total="101842944" percent="60" micro-fragmented="14624108">
      <mem type="soa" free="60134832" total="100825088" percent="59" />
      <mem type="loa" free="1017856" total="1017856" percent="100" />
    </mem>
  </mem-info>
</gc-end>
<cycle-end id="2691" type="global" contextid="2684" timestamp="2019-08-04T20:35:28.891">
  <attribute name="GC Util" value="256" />
  <attribute name="CPU Util" value="7462875694472" />
  <attribute name="Time Running"value="69132"/>
  <attribute name="Number of cores"value="16"/>
</cycle-end>
<allocation-satisfied id="2692" threadId="0000000000968F00" bytesRequested="264" />
<af-end id="2693" timestamp="2019-08-04T20:35:28.891" threadId="0000000000969888" success="true" />
<exclusive-end id="2694" timestamp="2019-08-04T20:35:28.891" durationms="21.726" />

<concurrent-kickoff id="2695" timestamp="2019-08-04T20:35:28.946">
  <kickoff reason="threshold reached" targetBytes="8072821" thresholdFreeBytes="1099376" remainingFree="1026312" tenureFreeBytes="1026312" />
</concurrent-kickoff>
<exclusive-start id="2696" timestamp="2019-08-04T20:35:28.947" intervalms="77.113">
  <response-info timems="0.063" idlems="0.063" threads="0" lastid="0000000000968F00" lastname="main" />
</exclusive-start>
<cycle-start id="2697" type="global" contextid="0" timestamp="2019-08-04T20:35:28.947" intervalms="77.056" />
  <attribute name="GC Util" value="256" />
  <attribute name="CPU Util" value="7462875694472" />
  <attribute name="Time Running"value="69132"/>
  <attribute name="Number of cores"value="16"/>
<exclusive-end id="2698" timestamp="2019-08-04T20:35:28.947" durationms="0.027" />

<exclusive-start id="2699" timestamp="2019-08-04T20:35:28.947" intervalms="0.378">
  <response-info timems="0.045" idlems="0.045" threads="0" lastid="0000000000968F00" lastname="main" />
</exclusive-start>
<af-start id="2700" threadId="0000000000969888" totalBytesRequested="200" timestamp="2019-08-04T20:35:28.947" intervalms="77.475" />
<concurrent-aborted id="2701" timestamp="2019-08-04T20:35:28.947">
  <reason value="insufficient progress made" />
</concurrent-aborted>
<cycle-end id="2702" type="global" contextid="2697" timestamp="2019-08-04T20:35:28.947">
  <attribute name="GC Util" value="256" />
  <attribute name="CPU Util" value="7462875694472" />
  <attribute name="Time Running"value="69132"/>
  <attribute name="Number of cores"value="16"/>
</cycle-end>
<cycle-start id="2703" type="global" contextid="0" timestamp="2019-08-04T20:35:28.947" intervalms="0.426" />
  <attribute name="GC Util" value="256" />
  <attribute name="CPU Util" value="7462875694472" />
  <attribute name="Time Running"value="69132"/>
  <attribute name="Number of cores"value="16"/>
<gc-start id="2704" type="global" contextid="2703" timestamp="2019-08-04T20:35:28.947">
  <mem-info id="2705" free="1017856" total="101842944" percent="0">
    <mem type="tenure" free="1017856" total="101842944" percent="0">
      <mem type="soa" free="0" total="100825088" percent="0" />
      <mem type="loa" free="1017856" total="1017856" percent="100" />
    </mem>
  </mem-info>
</gc-start>
<allocation-stats totalBytes="58825912" >
  <allocated-bytes non-tlh="0" tlh="58825912" />
  <largest-consumer threadName="main" threadId="0000000000968F00" bytes="58825912" />
</allocation-stats>
<gc-op id="2706" type="mark" timems="11.834" contextid="2703" timestamp="2019-08-04T20:35:28.959">
  <trace-info objectcount="600497" scancount="521384" scanbytes="13382852" />
  <finalization candidates="80" enqueued="0" />
  <ownableSynchronizers candidates="21" cleared="0" />
  <references type="soft" candidates="3261" cleared="0" enqueued="0" dynamicThreshold="19" maxThreshold="32" />
  <references type="weak" candidates="5634" cleared="0" enqueued="0" />
  <references type="phantom" candidates="97" cleared="0" enqueued="0" />
  <stringconstants candidates="13580" cleared="0"  />
</gc-op>
<gc-op id="2707" type="sweep" timems="5.405" contextid="2703" timestamp="2019-08-04T20:35:28.964" />
<gc-end id="2708" type="global" contextid="2703" durationms="17.389" usertimems="89.200" systemtimems="0.000" timestamp="2019-08-04T20:35:28.964" activeThreads="16">
  <mem-info id="2709" free="61152176" total="101842944" percent="60">
    <mem type="tenure" free="61152176" total="101842944" percent="60" micro-fragmented="14675611">
      <mem type="soa" free="60134320" total="100825088" percent="59" />
      <mem type="loa" free="1017856" total="1017856" percent="100" />
    </mem>
  </mem-info>
</gc-end>
<cycle-end id="2710" type="global" contextid="2703" timestamp="2019-08-04T20:35:28.964">
  <attribute name="GC Util" value="346" />
  <attribute name="CPU Util" value="11700428581683" />
  <attribute name="Time Running"value="69206"/>
  <attribute name="Number of cores"value="16"/>
</cycle-end>
<allocation-satisfied id="2711" threadId="0000000000968F00" bytesRequested="200" />
<af-end id="2712" timestamp="2019-08-04T20:35:28.964" threadId="0000000000969888" success="true" />
<exclusive-end id="2713" timestamp="2019-08-04T20:35:28.964" durationms="17.586" />

<concurrent-kickoff id="2714" timestamp="2019-08-04T20:35:29.021">
  <kickoff reason="threshold reached" targetBytes="8072821" thresholdFreeBytes="1099376" remainingFree="1017856" tenureFreeBytes="1017856" />
</concurrent-kickoff>
<exclusive-start id="2715" timestamp="2019-08-04T20:35:29.021" intervalms="73.906">
  <response-info timems="0.099" idlems="0.099" threads="0" lastid="0000000000968F00" lastname="main" />
</exclusive-start>
<cycle-start id="2716" type="global" contextid="0" timestamp="2019-08-04T20:35:29.021" intervalms="73.855" />
  <attribute name="GC Util" value="346" />
  <attribute name="CPU Util" value="11700428581683" />
  <attribute name="Time Running"value="69206"/>
  <attribute name="Number of cores"value="16"/>
<exclusive-end id="2717" timestamp="2019-08-04T20:35:29.021" durationms="0.027" />

<exclusive-start id="2718" timestamp="2019-08-04T20:35:29.021" intervalms="0.183">
  <response-info timems="0.046" idlems="0.046" threads="0" lastid="0000000000968F00" lastname="main" />
</exclusive-start>
<af-start id="2719" threadId="0000000000969888" totalBytesRequested="40" timestamp="2019-08-04T20:35:29.021" intervalms="74.094" />
<concurrent-aborted id="2720" timestamp="2019-08-04T20:35:29.021">
  <reason value="insufficient progress made" />
</concurrent-aborted>
<cycle-end id="2721" type="global" contextid="2716" timestamp="2019-08-04T20:35:29.021">
  <attribute name="GC Util" value="346" />
  <attribute name="CPU Util" value="11700428581683" />
  <attribute name="Time Running"value="69206"/>
  <attribute name="Number of cores"value="16"/>
</cycle-end>
<cycle-start id="2722" type="global" contextid="0" timestamp="2019-08-04T20:35:29.021" intervalms="0.239" />
  <attribute name="GC Util" value="346" />
  <attribute name="CPU Util" value="11700428581683" />
  <attribute name="Time Running"value="69206"/>
  <attribute name="Number of cores"value="16"/>
<gc-start id="2723" type="global" contextid="2722" timestamp="2019-08-04T20:35:29.021">
  <mem-info id="2724" free="1017856" total="101842944" percent="0">
    <mem type="tenure" free="1017856" total="101842944" percent="0">
      <mem type="soa" free="0" total="100825088" percent="0" />
      <mem type="loa" free="1017856" total="1017856" percent="100" />
    </mem>
  </mem-info>
</gc-start>
<allocation-stats totalBytes="58928000" >
  <allocated-bytes non-tlh="0" tlh="58928000" />
  <largest-consumer threadName="main" threadId="0000000000968F00" bytes="58928000" />
</allocation-stats>
<gc-op id="2725" type="mark" timems="14.729" contextid="2722" timestamp="2019-08-04T20:35:29.036">
  <trace-info objectcount="600497" scancount="521397" scanbytes="13382836" />
  <finalization candidates="80" enqueued="0" />
  <ownableSynchronizers candidates="21" cleared="0" />
  <references type="soft" candidates="3261" cleared="0" enqueued="0" dynamicThreshold="19" maxThreshold="32" />
  <references type="weak" candidates="5634" cleared="0" enqueued="0" />
  <references type="phantom" candidates="97" cleared="0" enqueued="0" />
  <stringconstants candidates="13580" cleared="0"  />
</gc-op>
<gc-op id="2726" type="sweep" timems="6.025" contextid="2722" timestamp="2019-08-04T20:35:29.042" />
<gc-end id="2727" type="global" contextid="2722" durationms="20.996" usertimems="116.386" systemtimems="0.000" timestamp="2019-08-04T20:35:29.042" activeThreads="16">
  <mem-info id="2728" free="61153072" total="101842944" percent="60">
    <mem type="tenure" free="61153072" total="101842944" percent="60" micro-fragmented="14675611">
      <mem type="soa" free="60135216" total="100825088" percent="59" />
      <mem type="loa" free="1017856" total="1017856" percent="100" />
    </mem>
  </mem-info>
</gc-end>
<cycle-end id="2729" type="global" contextid="2722" timestamp="2019-08-04T20:35:29.042">
  <attribute name="GC Util" value="368" />
  <attribute name="CPU Util" value="10039524933134" />
  <attribute name="Time Running"value="69284"/>
  <attribute name="Number of cores"value="16"/>
</cycle-end>
<allocation-satisfied id="2730" threadId="0000000000968F00" bytesRequested="40" />
<af-end id="2731" timestamp="2019-08-04T20:35:29.042" threadId="0000000000969888" success="true" />
<exclusive-end id="2732" timestamp="2019-08-04T20:35:29.042" durationms="21.272" />

<concurrent-kickoff id="2733" timestamp="2019-08-04T20:35:29.165">
  <kickoff reason="threshold reached" targetBytes="8072821" thresholdFreeBytes="1099376" remainingFree="1020000" tenureFreeBytes="1020000" />
</concurrent-kickoff>
<exclusive-start id="2734" timestamp="2019-08-04T20:35:29.166" intervalms="144.565">
  <response-info timems="0.048" idlems="0.048" threads="0" lastid="0000000000968F00" lastname="main" />
</exclusive-start>
<cycle-start id="2735" type="global" contextid="0" timestamp="2019-08-04T20:35:29.166" intervalms="144.507" />
  <attribute name="GC Util" value="368" />
  <attribute name="CPU Util" value="10039524933134" />
  <attribute name="Time Running"value="69284"/>
  <attribute name="Number of cores"value="16"/>
<exclusive-end id="2736" timestamp="2019-08-04T20:35:29.166" durationms="0.021" />

<exclusive-start id="2737" timestamp="2019-08-04T20:35:29.166" intervalms="0.458">
  <response-info timems="0.033" idlems="0.033" threads="0" lastid="0000000000968F00" lastname="main" />
</exclusive-start>
<af-start id="2738" threadId="0000000000969888" totalBytesRequested="32" timestamp="2019-08-04T20:35:29.166" intervalms="145.020" />
<concurrent-aborted id="2739" timestamp="2019-08-04T20:35:29.166">
  <reason value="insufficient progress made" />
</concurrent-aborted>
<cycle-end id="2740" type="global" contextid="2735" timestamp="2019-08-04T20:35:29.166">
  <attribute name="GC Util" value="368" />
  <attribute name="CPU Util" value="10039524933134" />
  <attribute name="Time Running"value="69284"/>
  <attribute name="Number of cores"value="16"/>
</cycle-end>
<cycle-start id="2741" type="global" contextid="0" timestamp="2019-08-04T20:35:29.166" intervalms="0.505" />
  <attribute name="GC Util" value="368" />
  <attribute name="CPU Util" value="10039524933134" />
  <attribute name="Time Running"value="69284"/>
  <attribute name="Number of cores"value="16"/>
<gc-start id="2742" type="global" contextid="2741" timestamp="2019-08-04T20:35:29.166">
  <mem-info id="2743" free="1017856" total="101842944" percent="0">
    <mem type="tenure" free="1017856" total="101842944" percent="0">
      <mem type="soa" free="0" total="100825088" percent="0" />
      <mem type="loa" free="1017856" total="1017856" percent="100" />
    </mem>
  </mem-info>
</gc-start>
<allocation-stats totalBytes="58942232" >
  <allocated-bytes non-tlh="0" tlh="58942232" />
  <largest-consumer threadName="main" threadId="0000000000968F00" bytes="58942232" />
</allocation-stats>
<gc-op id="2744" type="mark" timems="21.245" contextid="2741" timestamp="2019-08-04T20:35:29.187">
  <trace-info objectcount="600518" scancount="521419" scanbytes="13383788" />
  <finalization candidates="80" enqueued="0" />
  <ownableSynchronizers candidates="21" cleared="0" />
  <references type="soft" candidates="3261" cleared="0" enqueued="0" dynamicThreshold="19" maxThreshold="32" />
  <references type="weak" candidates="5634" cleared="0" enqueued="0" />
  <references type="phantom" candidates="97" cleared="0" enqueued="0" />
  <stringconstants candidates="13580" cleared="0"  />
</gc-op>
<gc-op id="2745" type="sweep" timems="6.542" contextid="2741" timestamp="2019-08-04T20:35:29.194" />
<gc-end id="2746" type="global" contextid="2741" durationms="27.913" usertimems="201.874" systemtimems="0.000" timestamp="2019-08-04T20:35:29.194" activeThreads="16">
  <mem-info id="2747" free="61151704" total="101842944" percent="60">
    <mem type="tenure" free="61151704" total="101842944" percent="60" micro-fragmented="14675611">
      <mem type="soa" free="60133848" total="100825088" percent="59" />
      <mem type="loa" free="1017856" total="1017856" percent="100" />
    </mem>
  </mem-info>
</gc-end>
<cycle-end id="2748" type="global" contextid="2741" timestamp="2019-08-04T20:35:29.194">
  <attribute name="GC Util" value="322" />
  <attribute name="CPU Util" value="11360315242271" />
  <attribute name="Time Running"value="69435"/>
  <attribute name="Number of cores"value="16"/>
</cycle-end>
<allocation-satisfied id="2749" threadId="0000000000968F00" bytesRequested="32" />
<af-end id="2750" timestamp="2019-08-04T20:35:29.194" threadId="0000000000969888" success="true" />
<exclusive-end id="2751" timestamp="2019-08-04T20:35:29.194" durationms="28.116" />

<concurrent-kickoff id="2752" timestamp="2019-08-04T20:35:30.481">
  <kickoff reason="threshold reached" targetBytes="8072821" thresholdFreeBytes="1099376" remainingFree="1017856" tenureFreeBytes="1017856" />
</concurrent-kickoff>
<exclusive-start id="2753" timestamp="2019-08-04T20:35:30.481" intervalms="1314.919">
  <response-info timems="0.088" idlems="0.088" threads="0" lastid="0000000000968F00" lastname="main" />
</exclusive-start>
<cycle-start id="2754" type="global" contextid="0" timestamp="2019-08-04T20:35:30.481" intervalms="1314.866" />
  <attribute name="GC Util" value="322" />
  <attribute name="CPU Util" value="11360315242271" />
  <attribute name="Time Running"value="69435"/>
  <attribute name="Number of cores"value="16"/>
<exclusive-end id="2755" timestamp="2019-08-04T20:35:30.481" durationms="0.016" />

<exclusive-start id="2756" timestamp="2019-08-04T20:35:30.481" intervalms="0.389">
  <response-info timems="0.060" idlems="0.060" threads="0" lastid="0000000000968F00" lastname="main" />
</exclusive-start>
<af-start id="2757" threadId="0000000000969888" totalBytesRequested="8048" timestamp="2019-08-04T20:35:30.481" intervalms="1315.320" />
<concurrent-aborted id="2758" timestamp="2019-08-04T20:35:30.481">
  <reason value="insufficient progress made" />
</concurrent-aborted>
<cycle-end id="2759" type="global" contextid="2754" timestamp="2019-08-04T20:35:30.481">
  <attribute name="GC Util" value="322" />
  <attribute name="CPU Util" value="11360315242271" />
  <attribute name="Time Running"value="69435"/>
  <attribute name="Number of cores"value="16"/>
</cycle-end>
<cycle-start id="2760" type="global" contextid="0" timestamp="2019-08-04T20:35:30.481" intervalms="0.455" />
  <attribute name="GC Util" value="322" />
  <attribute name="CPU Util" value="11360315242271" />
  <attribute name="Time Running"value="69435"/>
  <attribute name="Number of cores"value="16"/>
<gc-start id="2761" type="global" contextid="2760" timestamp="2019-08-04T20:35:30.481">
  <mem-info id="2762" free="1017856" total="101842944" percent="0">
    <mem type="tenure" free="1017856" total="101842944" percent="0">
      <mem type="soa" free="0" total="100825088" percent="0" />
      <mem type="loa" free="1017856" total="1017856" percent="100" />
    </mem>
  </mem-info>
</gc-start>
<allocation-stats totalBytes="59458760" >
  <allocated-bytes non-tlh="0" tlh="59458760" />
  <largest-consumer threadName="main" threadId="0000000000968F00" bytes="59458760" />
</allocation-stats>
<gc-op id="2763" type="mark" timems="18.688" contextid="2760" timestamp="2019-08-04T20:35:30.500">
  <trace-info objectcount="600561" scancount="521461" scanbytes="13401588" />
  <finalization candidates="80" enqueued="0" />
  <ownableSynchronizers candidates="21" cleared="0" />
  <references type="soft" candidates="3261" cleared="0" enqueued="0" dynamicThreshold="19" maxThreshold="32" />
  <references type="weak" candidates="5634" cleared="0" enqueued="0" />
  <references type="phantom" candidates="97" cleared="0" enqueued="0" />
  <stringconstants candidates="13580" cleared="0"  />
</gc-op>
<gc-op id="2764" type="sweep" timems="7.527" contextid="2760" timestamp="2019-08-04T20:35:30.508" />
<heap-resize id="2765" type="contract" space="tenure" amount="983040" count="1" timems="1.507" reason="insufficient time being spent in gc" timestamp="2019-08-04T20:35:30.509" />
<gc-end id="2766" type="global" contextid="2760" durationms="27.889" usertimems="176.174" systemtimems="0.000" timestamp="2019-08-04T20:35:30.509" activeThreads="16">
  <mem-info id="2767" free="60059776" total="100859904" percent="59">
    <mem type="tenure" free="60059776" total="100859904" percent="59" micro-fragmented="14675611">
      <mem type="soa" free="59159840" total="99852288" percent="59" />
      <mem type="loa" free="899936" total="1007616" percent="89" />
    </mem>
  </mem-info>
</gc-end>
<cycle-end id="2768" type="global" contextid="2760" timestamp="2019-08-04T20:35:30.509">
  <attribute name="GC Util" value="234" />
  <attribute name="CPU Util" value="6581719623966" />
  <attribute name="Time Running"value="70749"/>
  <attribute name="Number of cores"value="16"/>
</cycle-end>
<allocation-satisfied id="2769" threadId="0000000000968F00" bytesRequested="8048" />
<af-end id="2770" timestamp="2019-08-04T20:35:30.509" threadId="0000000000969888" success="true" />
<exclusive-end id="2771" timestamp="2019-08-04T20:35:30.509" durationms="28.112" />

<exclusive-start id="2772" timestamp="2019-08-04T20:35:30.564" intervalms="82.478">
  <response-info timems="0.036" idlems="0.036" threads="0" lastid="0000000000968F00" lastname="main" />
</exclusive-start>
<af-start id="2773" threadId="0000000000969888" totalBytesRequested="12752" timestamp="2019-08-04T20:35:30.564" intervalms="82.478" />
<cycle-start id="2774" type="global" contextid="0" timestamp="2019-08-04T20:35:30.564" intervalms="82.473" />
  <attribute name="GC Util" value="234" />
  <attribute name="CPU Util" value="6581719623966" />
  <attribute name="Time Running"value="70749"/>
  <attribute name="Number of cores"value="16"/>
<gc-start id="2775" type="global" contextid="2774" timestamp="2019-08-04T20:35:30.564">
  <mem-info id="2776" free="20855104" total="100859904" percent="20">
    <mem type="tenure" free="20855104" total="100859904" percent="20">
      <mem type="soa" free="19955168" total="99852288" percent="19" />
      <mem type="loa" free="899936" total="1007616" percent="89" />
    </mem>
  </mem-info>
</gc-start>
<allocation-stats totalBytes="37131896" >
  <allocated-bytes non-tlh="34797104" tlh="2334792" />
  <largest-consumer threadName="main" threadId="0000000000968F00" bytes="37131896" />
</allocation-stats>
<gc-op id="2777" type="mark" timems="10.667" contextid="2774" timestamp="2019-08-04T20:35:30.575">
  <trace-info objectcount="600561" scancount="521463" scanbytes="13410784" />
  <finalization candidates="80" enqueued="0" />
  <ownableSynchronizers candidates="21" cleared="0" />
  <references type="soft" candidates="3261" cleared="0" enqueued="0" dynamicThreshold="19" maxThreshold="32" />
  <references type="weak" candidates="5634" cleared="0" enqueued="0" />
  <references type="phantom" candidates="97" cleared="0" enqueued="0" />
  <stringconstants candidates="13580" cleared="0"  />
</gc-op>
<gc-op id="2778" type="sweep" timems="1.866" contextid="2774" timestamp="2019-08-04T20:35:30.577" />
<gc-end id="2779" type="global" contextid="2774" durationms="13.524" usertimems="82.430" systemtimems="0.000" timestamp="2019-08-04T20:35:30.577" activeThreads="16">
  <mem-info id="2780" free="44677720" total="100859904" percent="44">
    <mem type="tenure" free="44677720" total="100859904" percent="44" micro-fragmented="14561595">
      <mem type="soa" free="43670104" total="99852288" percent="43" />
      <mem type="loa" free="1007616" total="1007616" percent="100" />
    </mem>
  </mem-info>
</gc-end>
<cycle-end id="2781" type="global" contextid="2774" timestamp="2019-08-04T20:35:30.578">
  <attribute name="GC Util" value="634" />
  <attribute name="CPU Util" value="1726505418050" />
  <attribute name="Time Running"value="70820"/>
  <attribute name="Number of cores"value="16"/>
</cycle-end>
<allocation-satisfied id="2782" threadId="0000000000968F00" bytesRequested="12752" />
<af-end id="2783" timestamp="2019-08-04T20:35:30.578" threadId="0000000000969888" success="true" />
<exclusive-end id="2784" timestamp="2019-08-04T20:35:30.578" durationms="13.804" />

<concurrent-kickoff id="2785" timestamp="2019-08-04T20:35:31.404">
  <kickoff reason="threshold reached" targetBytes="7994899" thresholdFreeBytes="1088765" remainingFree="1033920" tenureFreeBytes="1033920" />
</concurrent-kickoff>
<exclusive-start id="2786" timestamp="2019-08-04T20:35:31.405" intervalms="840.741">
  <response-info timems="0.076" idlems="0.076" threads="0" lastid="0000000000968F00" lastname="main" />
</exclusive-start>
<cycle-start id="2787" type="global" contextid="0" timestamp="2019-08-04T20:35:31.405" intervalms="840.688" />
  <attribute name="GC Util" value="634" />
  <attribute name="CPU Util" value="1726505418050" />
  <attribute name="Time Running"value="70820"/>
  <attribute name="Number of cores"value="16"/>
<exclusive-end id="2788" timestamp="2019-08-04T20:35:31.405" durationms="0.023" />

<exclusive-start id="2789" timestamp="2019-08-04T20:35:31.406" intervalms="1.137">
  <response-info timems="0.109" idlems="0.109" threads="0" lastid="0000000000968F00" lastname="main" />
</exclusive-start>
<af-start id="2790" threadId="0000000000969888" totalBytesRequested="32" timestamp="2019-08-04T20:35:31.406" intervalms="841.867" />
<concurrent-aborted id="2791" timestamp="2019-08-04T20:35:31.406">
  <reason value="insufficient progress made" />
</concurrent-aborted>
<cycle-end id="2792" type="global" contextid="2787" timestamp="2019-08-04T20:35:31.406">
  <attribute name="GC Util" value="1" />
  <attribute name="CPU Util" value="22198112460" />
  <attribute name="Time Running"value="71651"/>
  <attribute name="Number of cores"value="16"/>
</cycle-end>
<cycle-start id="2793" type="global" contextid="0" timestamp="2019-08-04T20:35:31.406" intervalms="1.764" />
  <attribute name="GC Util" value="1" />
  <attribute name="CPU Util" value="22198112460" />
  <attribute name="Time Running"value="71651"/>
  <attribute name="Number of cores"value="16"/>
<gc-start id="2794" type="global" contextid="2793" timestamp="2019-08-04T20:35:31.406">
  <mem-info id="2795" free="1007616" total="100859904" percent="0">
    <mem type="tenure" free="1007616" total="100859904" percent="0">
      <mem type="soa" free="0" total="99852288" percent="0" />
      <mem type="loa" free="1007616" total="1007616" percent="100" />
    </mem>
  </mem-info>
</gc-start>
<allocation-stats totalBytes="58109520" >
  <allocated-bytes non-tlh="27007240" tlh="31102280" />
  <largest-consumer threadName="main" threadId="0000000000968F00" bytes="58109520" />
</allocation-stats>
<gc-op id="2796" type="mark" timems="10.268" contextid="2793" timestamp="2019-08-04T20:35:31.417">
  <trace-info objectcount="600583" scancount="521486" scanbytes="13384964" />
  <finalization candidates="80" enqueued="0" />
  <ownableSynchronizers candidates="21" cleared="0" />
  <references type="soft" candidates="3261" cleared="0" enqueued="0" dynamicThreshold="14" maxThreshold="32" />
  <references type="weak" candidates="5634" cleared="0" enqueued="0" />
  <references type="phantom" candidates="97" cleared="0" enqueued="0" />
  <stringconstants candidates="13580" cleared="0"  />
</gc-op>
<gc-op id="2797" type="sweep" timems="2.909" contextid="2793" timestamp="2019-08-04T20:35:31.420" />
<heap-resize id="2798" type="contract" space="tenure" amount="983040" count="1" timems="1.488" reason="insufficient time being spent in gc" timestamp="2019-08-04T20:35:31.421" />
<gc-end id="2799" type="global" contextid="2793" durationms="14.853" usertimems="88.744" systemtimems="0.000" timestamp="2019-08-04T20:35:31.421" activeThreads="16">
  <mem-info id="2800" free="59153368" total="99876864" percent="59">
    <mem type="tenure" free="59153368" total="99876864" percent="59" micro-fragmented="14451175">
      <mem type="soa" free="58184512" total="98878464" percent="58" />
      <mem type="loa" free="968856" total="998400" percent="97" />
    </mem>
  </mem-info>
</gc-end>
<cycle-end id="2801" type="global" contextid="2793" timestamp="2019-08-04T20:35:31.421">
  <attribute name="GC Util" value="322" />
  <attribute name="CPU Util" value="9575908851555" />
  <attribute name="Time Running"value="71664"/>
  <attribute name="Number of cores"value="16"/>
</cycle-end>
<allocation-satisfied id="2802" threadId="0000000000968F00" bytesRequested="32" />
<af-end id="2803" timestamp="2019-08-04T20:35:31.421" threadId="0000000000969888" success="true" />
<exclusive-end id="2804" timestamp="2019-08-04T20:35:31.421" durationms="15.817" />

<concurrent-kickoff id="2805" timestamp="2019-08-04T20:35:31.725">
  <kickoff reason="threshold reached" targetBytes="7916975" thresholdFreeBytes="1078154" remainingFree="1008272" tenureFreeBytes="1008272" />
</concurrent-kickoff>
<exclusive-start id="2806" timestamp="2019-08-04T20:35:31.726" intervalms="320.098">
  <response-info timems="0.112" idlems="0.112" threads="0" lastid="0000000000968F00" lastname="main" />
</exclusive-start>
<cycle-start id="2807" type="global" contextid="0" timestamp="2019-08-04T20:35:31.726" intervalms="319.477" />
  <attribute name="GC Util" value="322" />
  <attribute name="CPU Util" value="9575908851555" />
  <attribute name="Time Running"value="71664"/>
  <attribute name="Number of cores"value="16"/>
<exclusive-end id="2808" timestamp="2019-08-04T20:35:31.726" durationms="0.032" />

<exclusive-start id="2809" timestamp="2019-08-04T20:35:31.727" intervalms="1.710">
  <response-info timems="0.123" idlems="0.123" threads="0" lastid="0000000000968F00" lastname="main" />
</exclusive-start>
<af-start id="2810" threadId="0000000000969888" totalBytesRequested="80" timestamp="2019-08-04T20:35:31.728" intervalms="321.815" />
<concurrent-aborted id="2811" timestamp="2019-08-04T20:35:31.728">
  <reason value="insufficient progress made" />
</concurrent-aborted>
<cycle-end id="2812" type="global" contextid="2807" timestamp="2019-08-04T20:35:31.728">
  <attribute name="GC Util" value="322" />
  <attribute name="CPU Util" value="9575908851555" />
  <attribute name="Time Running"value="71664"/>
  <attribute name="Number of cores"value="16"/>
</cycle-end>
<cycle-start id="2813" type="global" contextid="0" timestamp="2019-08-04T20:35:31.728" intervalms="1.786" />
  <attribute name="GC Util" value="322" />
  <attribute name="CPU Util" value="9575908851555" />
  <attribute name="Time Running"value="71664"/>
  <attribute name="Number of cores"value="16"/>
<gc-start id="2814" type="global" contextid="2813" timestamp="2019-08-04T20:35:31.728">
  <mem-info id="2815" free="968856" total="99876864" percent="0">
    <mem type="tenure" free="968856" total="99876864" percent="0">
      <mem type="soa" free="0" total="98878464" percent="0" />
      <mem type="loa" free="968856" total="998400" percent="97" />
    </mem>
  </mem-info>
</gc-start>
<allocation-stats totalBytes="57812448" >
  <allocated-bytes non-tlh="32" tlh="57812416" />
  <largest-consumer threadName="main" threadId="0000000000968F00" bytes="57812448" />
</allocation-stats>
<gc-op id="2816" type="mark" timems="39.356" contextid="2813" timestamp="2019-08-04T20:35:31.767">
  <trace-info objectcount="600614" scancount="521518" scanbytes="13385840" />
  <finalization candidates="80" enqueued="0" />
  <ownableSynchronizers candidates="21" cleared="0" />
  <references type="soft" candidates="3261" cleared="0" enqueued="0" dynamicThreshold="18" maxThreshold="32" />
  <references type="weak" candidates="5634" cleared="0" enqueued="0" />
  <references type="phantom" candidates="97" cleared="0" enqueued="0" />
  <stringconstants candidates="13581" cleared="0"  />
</gc-op>
<gc-op id="2817" type="sweep" timems="10.056" contextid="2813" timestamp="2019-08-04T20:35:31.777" />
<heap-resize id="2818" type="contract" space="tenure" amount="983040" count="1" timems="1.452" reason="insufficient time being spent in gc" timestamp="2019-08-04T20:35:31.779" />
<gc-end id="2819" type="global" contextid="2813" durationms="51.060" usertimems="307.989" systemtimems="0.000" timestamp="2019-08-04T20:35:31.779" activeThreads="16">
  <mem-info id="2820" free="58163264" total="98893824" percent="58">
    <mem type="tenure" free="58163264" total="98893824" percent="58" micro-fragmented="14451175">
      <mem type="soa" free="57208888" total="97905664" percent="58" />
      <mem type="loa" free="954376" total="988160" percent="96" />
    </mem>
  </mem-info>
</gc-end>
<cycle-end id="2821" type="global" contextid="2813" timestamp="2019-08-04T20:35:31.779">
  <attribute name="GC Util" value="96" />
  <attribute name="CPU Util" value="3152787737231" />
  <attribute name="Time Running"value="72019"/>
  <attribute name="Number of cores"value="16"/>
</cycle-end>
<allocation-satisfied id="2822" threadId="0000000000968F00" bytesRequested="80" />
<af-end id="2823" timestamp="2019-08-04T20:35:31.779" threadId="0000000000969888" success="true" />
<exclusive-end id="2824" timestamp="2019-08-04T20:35:31.779" durationms="51.371" />

<concurrent-kickoff id="2825" timestamp="2019-08-04T20:35:32.155">
  <kickoff reason="threshold reached" targetBytes="7839053" thresholdFreeBytes="1067541" remainingFree="1015960" tenureFreeBytes="1015960" />
</concurrent-kickoff>
<exclusive-start id="2826" timestamp="2019-08-04T20:35:32.156" intervalms="428.190">
  <response-info timems="0.045" idlems="0.045" threads="0" lastid="0000000000968F00" lastname="main" />
</exclusive-start>
<cycle-start id="2827" type="global" contextid="0" timestamp="2019-08-04T20:35:32.156" intervalms="428.108" />
  <attribute name="GC Util" value="96" />
  <attribute name="CPU Util" value="3152787737231" />
  <attribute name="Time Running"value="72019"/>
  <attribute name="Number of cores"value="16"/>
<exclusive-end id="2828" timestamp="2019-08-04T20:35:32.156" durationms="0.026" />

<exclusive-start id="2829" timestamp="2019-08-04T20:35:32.160" intervalms="4.249">
  <response-info timems="0.106" idlems="0.106" threads="0" lastid="0000000000968F00" lastname="main" />
</exclusive-start>
<af-start id="2830" threadId="0000000000969888" totalBytesRequested="32" timestamp="2019-08-04T20:35:32.160" intervalms="432.449" />
<concurrent-aborted id="2831" timestamp="2019-08-04T20:35:32.160">
  <reason value="insufficient progress made" />
</concurrent-aborted>
<cycle-end id="2832" type="global" contextid="2827" timestamp="2019-08-04T20:35:32.160">
  <attribute name="GC Util" value="96" />
  <attribute name="CPU Util" value="3152787737231" />
  <attribute name="Time Running"value="72019"/>
  <attribute name="Number of cores"value="16"/>
</cycle-end>
<cycle-start id="2833" type="global" contextid="0" timestamp="2019-08-04T20:35:32.160" intervalms="4.317" />
  <attribute name="GC Util" value="96" />
  <attribute name="CPU Util" value="3152787737231" />
  <attribute name="Time Running"value="72019"/>
  <attribute name="Number of cores"value="16"/>
<gc-start id="2834" type="global" contextid="2833" timestamp="2019-08-04T20:35:32.160">
  <mem-info id="2835" free="954376" total="98893824" percent="0">
    <mem type="tenure" free="954376" total="98893824" percent="0">
      <mem type="soa" free="0" total="97905664" percent="0" />
      <mem type="loa" free="954376" total="988160" percent="96" />
    </mem>
  </mem-info>
</gc-start>
<allocation-stats totalBytes="56703440" >
  <allocated-bytes non-tlh="0" tlh="56703440" />
  <largest-consumer threadName="main" threadId="0000000000968F00" bytes="56703440" />
</allocation-stats>
<gc-op id="2836" type="mark" timems="11.584" contextid="2833" timestamp="2019-08-04T20:35:32.172">
  <trace-info objectcount="600608" scancount="521505" scanbytes="13385480" />
  <finalization candidates="80" enqueued="0" />
  <ownableSynchronizers candidates="21" cleared="0" />
  <references type="soft" candidates="3261" cleared="0" enqueued="0" dynamicThreshold="18" maxThreshold="32" />
  <references type="weak" candidates="5634" cleared="0" enqueued="0" />
  <references type="phantom" candidates="97" cleared="0" enqueued="0" />
  <stringconstants candidates="13581" cleared="0"  />
</gc-op>
<gc-op id="2837" type="sweep" timems="1.836" contextid="2833" timestamp="2019-08-04T20:35:32.174" />
<gc-end id="2838" type="global" contextid="2833" durationms="13.621" usertimems="99.901" systemtimems="0.000" timestamp="2019-08-04T20:35:32.174" activeThreads="16">
  <mem-info id="2839" free="55814704" total="98893824" percent="56">
    <mem type="tenure" free="55814704" total="98893824" percent="56" micro-fragmented="120237">
      <mem type="soa" free="54826544" total="97905664" percent="55" />
      <mem type="loa" free="988160" total="988160" percent="100" />
    </mem>
  </mem-info>
</gc-end>
<cycle-end id="2840" type="global" contextid="2833" timestamp="2019-08-04T20:35:32.174">
  <attribute name="GC Util" value="639" />
  <attribute name="CPU Util" value="1587945076800" />
  <attribute name="Time Running"value="72418"/>
  <attribute name="Number of cores"value="16"/>
</cycle-end>
<allocation-satisfied id="2841" threadId="0000000000968F00" bytesRequested="32" />
<af-end id="2842" timestamp="2019-08-04T20:35:32.174" threadId="0000000000969888" success="true" />
<exclusive-end id="2843" timestamp="2019-08-04T20:35:32.174" durationms="13.893" />

<concurrent-kickoff id="2844" timestamp="2019-08-04T20:35:32.381">
  <kickoff reason="threshold reached" targetBytes="7839053" thresholdFreeBytes="1067541" remainingFree="1049704" tenureFreeBytes="1049704" />
</concurrent-kickoff>
<exclusive-start id="2845" timestamp="2019-08-04T20:35:32.382" intervalms="221.631">
  <response-info timems="0.015" idlems="0.015" threads="0" lastid="0000000000968F00" lastname="main" />
</exclusive-start>
<cycle-start id="2846" type="global" contextid="0" timestamp="2019-08-04T20:35:32.382" intervalms="222.044" />
  <attribute name="GC Util" value="639" />
  <attribute name="CPU Util" value="1587945076800" />
  <attribute name="Time Running"value="72418"/>
  <attribute name="Number of cores"value="16"/>
<exclusive-end id="2847" timestamp="2019-08-04T20:35:32.382" durationms="0.506" />

<exclusive-start id="2848" timestamp="2019-08-04T20:35:32.383" intervalms="1.102">
  <response-info timems="0.008" idlems="0.008" threads="0" lastid="0000000000968F00" lastname="main" />
</exclusive-start>
<af-start id="2849" threadId="0000000000969888" totalBytesRequested="16" timestamp="2019-08-04T20:35:32.383" intervalms="222.712" />
<concurrent-aborted id="2850" timestamp="2019-08-04T20:35:32.384">
  <reason value="insufficient progress made" />
</concurrent-aborted>
<cycle-end id="2851" type="global" contextid="2846" timestamp="2019-08-04T20:35:32.384">
  <attribute name="GC Util" value="6" />
  <attribute name="CPU Util" value="87466888616" />
  <attribute name="Time Running"value="72628"/>
  <attribute name="Number of cores"value="16"/>
</cycle-end>
<cycle-start id="2852" type="global" contextid="0" timestamp="2019-08-04T20:35:32.384" intervalms="1.531" />
  <attribute name="GC Util" value="6" />
  <attribute name="CPU Util" value="87466888616" />
  <attribute name="Time Running"value="72628"/>
  <attribute name="Number of cores"value="16"/>
<gc-start id="2853" type="global" contextid="2852" timestamp="2019-08-04T20:35:32.384">
  <mem-info id="2854" free="972280" total="98893824" percent="0">
    <mem type="tenure" free="972280" total="98893824" percent="0">
      <mem type="soa" free="0" total="97905664" percent="0" />
      <mem type="loa" free="972280" total="988160" percent="98" />
    </mem>
  </mem-info>
</gc-start>
<allocation-stats totalBytes="57015864" >
  <allocated-bytes non-tlh="0" tlh="57015864" />
  <largest-consumer threadName="main" threadId="0000000000968F00" bytes="57015864" />
</allocation-stats>
<gc-op id="2855" type="mark" timems="21.113" contextid="2852" timestamp="2019-08-04T20:35:32.405">
  <trace-info objectcount="600626" scancount="521528" scanbytes="13385856" />
  <finalization candidates="80" enqueued="0" />
  <ownableSynchronizers candidates="21" cleared="0" />
  <references type="soft" candidates="3261" cleared="0" enqueued="0" dynamicThreshold="18" maxThreshold="32" />
  <references type="weak" candidates="5634" cleared="0" enqueued="0" />
  <references type="phantom" candidates="97" cleared="0" enqueued="0" />
  <stringconstants candidates="13581" cleared="0"  />
</gc-op>
<gc-op id="2856" type="sweep" timems="2.031" contextid="2852" timestamp="2019-08-04T20:35:32.407" />
<gc-end id="2857" type="global" contextid="2852" durationms="23.266" usertimems="186.167" systemtimems="0.000" timestamp="2019-08-04T20:35:32.407" activeThreads="16">
  <mem-info id="2858" free="55648928" total="98893824" percent="56">
    <mem type="tenure" free="55648928" total="98893824" percent="56" micro-fragmented="120237">
      <mem type="soa" free="54663944" total="97905664" percent="55" />
      <mem type="loa" free="984984" total="988160" percent="99" />
    </mem>
  </mem-info>
</gc-end>
<cycle-end id="2859" type="global" contextid="2852" timestamp="2019-08-04T20:35:32.407">
  <attribute name="GC Util" value="793" />
  <attribute name="CPU Util" value="872473895379" />
  <attribute name="Time Running"value="72650"/>
  <attribute name="Number of cores"value="16"/>
</cycle-end>
<allocation-satisfied id="2860" threadId="0000000000968F00" bytesRequested="16" />
<af-end id="2861" timestamp="2019-08-04T20:35:32.407" threadId="0000000000969888" success="true" />
<exclusive-end id="2862" timestamp="2019-08-04T20:35:32.407" durationms="24.350" />

<concurrent-kickoff id="2863" timestamp="2019-08-04T20:35:32.586">
  <kickoff reason="threshold reached" targetBytes="7839053" thresholdFreeBytes="1067541" remainingFree="1046200" tenureFreeBytes="1046200" />
</concurrent-kickoff>
<exclusive-start id="2864" timestamp="2019-08-04T20:35:32.586" intervalms="203.334">
  <response-info timems="0.048" idlems="0.048" threads="0" lastid="0000000000968F00" lastname="main" />
</exclusive-start>
<cycle-start id="2865" type="global" contextid="0" timestamp="2019-08-04T20:35:32.586" intervalms="202.416" />
  <attribute name="GC Util" value="793" />
  <attribute name="CPU Util" value="872473895379" />
  <attribute name="Time Running"value="72650"/>
  <attribute name="Number of cores"value="16"/>
<exclusive-end id="2866" timestamp="2019-08-04T20:35:32.586" durationms="0.014" />

<exclusive-start id="2867" timestamp="2019-08-04T20:35:32.587" intervalms="1.254">
  <response-info timems="0.029" idlems="0.029" threads="0" lastid="0000000000968F00" lastname="main" />
</exclusive-start>
<af-start id="2868" threadId="0000000000969888" totalBytesRequested="32" timestamp="2019-08-04T20:35:32.587" intervalms="204.587" />
<concurrent-aborted id="2869" timestamp="2019-08-04T20:35:32.588">
  <reason value="insufficient progress made" />
</concurrent-aborted>
<cycle-end id="2870" type="global" contextid="2865" timestamp="2019-08-04T20:35:32.588">
  <attribute name="GC Util" value="10" />
  <attribute name="CPU Util" value="101086359498" />
  <attribute name="Time Running"value="72833"/>
  <attribute name="Number of cores"value="16"/>
</cycle-end>
<cycle-start id="2871" type="global" contextid="0" timestamp="2019-08-04T20:35:32.588" intervalms="1.888" />
  <attribute name="GC Util" value="10" />
  <attribute name="CPU Util" value="101086359498" />
  <attribute name="Time Running"value="72833"/>
  <attribute name="Number of cores"value="16"/>
<gc-start id="2872" type="global" contextid="2871" timestamp="2019-08-04T20:35:32.588">
  <mem-info id="2873" free="972280" total="98893824" percent="0">
    <mem type="tenure" free="972280" total="98893824" percent="0">
      <mem type="soa" free="0" total="97905664" percent="0" />
      <mem type="loa" free="972280" total="988160" percent="98" />
    </mem>
  </mem-info>
</gc-start>
<allocation-stats totalBytes="56950584" >
  <allocated-bytes non-tlh="0" tlh="56950584" />
  <largest-consumer threadName="main" threadId="0000000000968F00" bytes="56950584" />
</allocation-stats>
<gc-op id="2874" type="mark" timems="10.979" contextid="2871" timestamp="2019-08-04T20:35:32.599">
  <trace-info objectcount="600626" scancount="521530" scanbytes="13385840" />
  <finalization candidates="80" enqueued="0" />
  <ownableSynchronizers candidates="21" cleared="0" />
  <references type="soft" candidates="3261" cleared="0" enqueued="0" dynamicThreshold="18" maxThreshold="32" />
  <references type="weak" candidates="5634" cleared="0" enqueued="0" />
  <references type="phantom" candidates="97" cleared="0" enqueued="0" />
  <stringconstants candidates="13581" cleared="0"  />
</gc-op>
<gc-op id="2875" type="sweep" timems="7.739" contextid="2871" timestamp="2019-08-04T20:35:32.607" />
<gc-end id="2876" type="global" contextid="2871" durationms="18.832" usertimems="79.600" systemtimems="0.000" timestamp="2019-08-04T20:35:32.607" activeThreads="16">
  <mem-info id="2877" free="55516128" total="98893824" percent="56">
    <mem type="tenure" free="55516128" total="98893824" percent="56" micro-fragmented="120237">
      <mem type="soa" free="54533680" total="97905664" percent="55" />
      <mem type="loa" free="982448" total="988160" percent="99" />
    </mem>
  </mem-info>
</gc-end>
<cycle-end id="2878" type="global" contextid="2871" timestamp="2019-08-04T20:35:32.607">
  <attribute name="GC Util" value="583" />
  <attribute name="CPU Util" value="1672127206697" />
  <attribute name="Time Running"value="72845"/>
  <attribute name="Number of cores"value="16"/>
</cycle-end>
<allocation-satisfied id="2879" threadId="0000000000968F00" bytesRequested="32" />
<af-end id="2880" timestamp="2019-08-04T20:35:32.607" threadId="0000000000969888" success="true" />
<exclusive-end id="2881" timestamp="2019-08-04T20:35:32.607" durationms="19.584" />

<concurrent-kickoff id="2882" timestamp="2019-08-04T20:35:33.342">
  <kickoff reason="threshold reached" targetBytes="7839053" thresholdFreeBytes="1067541" remainingFree="1042688" tenureFreeBytes="1042688" />
</concurrent-kickoff>
<exclusive-start id="2883" timestamp="2019-08-04T20:35:33.343" intervalms="755.626">
  <response-info timems="0.357" idlems="0.357" threads="0" lastid="0000000000968F00" lastname="main" />
</exclusive-start>
<cycle-start id="2884" type="global" contextid="0" timestamp="2019-08-04T20:35:33.343" intervalms="755.077" />
  <attribute name="GC Util" value="583" />
  <attribute name="CPU Util" value="1672127206697" />
  <attribute name="Time Running"value="72845"/>
  <attribute name="Number of cores"value="16"/>
<exclusive-end id="2885" timestamp="2019-08-04T20:35:33.343" durationms="0.108" />

<exclusive-start id="2886" timestamp="2019-08-04T20:35:33.347" intervalms="3.796">
  <response-info timems="0.074" idlems="0.074" threads="0" lastid="0000000000968F00" lastname="main" />
</exclusive-start>
<af-start id="2887" threadId="0000000000969888" totalBytesRequested="24" timestamp="2019-08-04T20:35:33.347" intervalms="759.452" />
<concurrent-aborted id="2888" timestamp="2019-08-04T20:35:33.348">
  <reason value="insufficient progress made" />
</concurrent-aborted>
<cycle-end id="2889" type="global" contextid="2884" timestamp="2019-08-04T20:35:33.348">
  <attribute name="GC Util" value="2" />
  <attribute name="CPU Util" value="24667601131" />
  <attribute name="Time Running"value="73592"/>
  <attribute name="Number of cores"value="16"/>
</cycle-end>
<cycle-start id="2890" type="global" contextid="0" timestamp="2019-08-04T20:35:33.348" intervalms="4.615" />
  <attribute name="GC Util" value="2" />
  <attribute name="CPU Util" value="24667601131" />
  <attribute name="Time Running"value="73592"/>
  <attribute name="Number of cores"value="16"/>
<gc-start id="2891" type="global" contextid="2890" timestamp="2019-08-04T20:35:33.348">
  <mem-info id="2892" free="972280" total="98893824" percent="0">
    <mem type="tenure" free="972280" total="98893824" percent="0">
      <mem type="soa" free="0" total="97905664" percent="0" />
      <mem type="loa" free="972280" total="988160" percent="98" />
    </mem>
  </mem-info>
</gc-start>
<allocation-stats totalBytes="57008192" >
  <allocated-bytes non-tlh="0" tlh="57008192" />
  <largest-consumer threadName="main" threadId="0000000000968F00" bytes="57008192" />
</allocation-stats>
<gc-op id="2893" type="mark" timems="21.575" contextid="2890" timestamp="2019-08-04T20:35:33.369">
  <trace-info objectcount="600638" scancount="521540" scanbytes="13386072" />
  <finalization candidates="80" enqueued="0" />
  <ownableSynchronizers candidates="21" cleared="0" />
  <references type="soft" candidates="3261" cleared="0" enqueued="0" dynamicThreshold="17" maxThreshold="32" />
  <references type="weak" candidates="5634" cleared="0" enqueued="0" />
  <references type="phantom" candidates="97" cleared="0" enqueued="0" />
  <stringconstants candidates="13581" cleared="0"  />
</gc-op>
<gc-op id="2894" type="sweep" timems="12.058" contextid="2890" timestamp="2019-08-04T20:35:33.381" />
<heap-resize id="2895" type="contract" space="tenure" amount="917504" count="1" timems="2.523" reason="insufficient time being spent in gc" timestamp="2019-08-04T20:35:33.384" />
<gc-end id="2896" type="global" contextid="2890" durationms="36.361" usertimems="164.760" systemtimems="0.000" timestamp="2019-08-04T20:35:33.384" activeThreads="16">
  <mem-info id="2897" free="57206432" total="97976320" percent="58">
    <mem type="tenure" free="57206432" total="97976320" percent="58" micro-fragmented="14451175">
      <mem type="soa" free="56301000" total="96997376" percent="58" />
      <mem type="loa" free="905432" total="978944" percent="92" />
    </mem>
  </mem-info>
</gc-end>
<cycle-end id="2898" type="global" contextid="2890" timestamp="2019-08-04T20:35:33.384">
  <attribute name="GC Util" value="224" />
  <attribute name="CPU Util" value="3519450727301" />
  <attribute name="Time Running"value="73620"/>
  <attribute name="Number of cores"value="16"/>
</cycle-end>
<allocation-satisfied id="2899" threadId="0000000000968F00" bytesRequested="24" />
<af-end id="2900" timestamp="2019-08-04T20:35:33.384" threadId="0000000000969888" success="true" />
<exclusive-end id="2901" timestamp="2019-08-04T20:35:33.384" durationms="37.475" />

<concurrent-kickoff id="2902" timestamp="2019-08-04T20:35:34.646">
  <kickoff reason="threshold reached" targetBytes="7766324" thresholdFreeBytes="1057636" remainingFree="994224" tenureFreeBytes="994224" />
</concurrent-kickoff>
<exclusive-start id="2903" timestamp="2019-08-04T20:35:34.647" intervalms="1300.026">
  <response-info timems="0.168" idlems="0.168" threads="0" lastid="0000000000968F00" lastname="main" />
</exclusive-start>
<cycle-start id="2904" type="global" contextid="0" timestamp="2019-08-04T20:35:34.647" intervalms="1299.130" />
  <attribute name="GC Util" value="224" />
  <attribute name="CPU Util" value="3519450727301" />
  <attribute name="Time Running"value="73620"/>
  <attribute name="Number of cores"value="16"/>
<exclusive-end id="2905" timestamp="2019-08-04T20:35:34.647" durationms="0.024" />

<exclusive-start id="2906" timestamp="2019-08-04T20:35:34.648" intervalms="0.834">
  <response-info timems="0.059" idlems="0.059" threads="0" lastid="0000000000968F00" lastname="main" />
</exclusive-start>
<af-start id="2907" threadId="0000000000969888" totalBytesRequested="24" timestamp="2019-08-04T20:35:34.648" intervalms="1300.835" />
<concurrent-aborted id="2908" timestamp="2019-08-04T20:35:34.648">
  <reason value="insufficient progress made" />
</concurrent-aborted>
<cycle-end id="2909" type="global" contextid="2904" timestamp="2019-08-04T20:35:34.648">
  <attribute name="GC Util" value="224" />
  <attribute name="CPU Util" value="3519450727301" />
  <attribute name="Time Running"value="73620"/>
  <attribute name="Number of cores"value="16"/>
</cycle-end>
<cycle-start id="2910" type="global" contextid="0" timestamp="2019-08-04T20:35:34.648" intervalms="0.891" />
  <attribute name="GC Util" value="224" />
  <attribute name="CPU Util" value="3519450727301" />
  <attribute name="Time Running"value="73620"/>
  <attribute name="Number of cores"value="16"/>
<gc-start id="2911" type="global" contextid="2910" timestamp="2019-08-04T20:35:34.648">
  <mem-info id="2912" free="905432" total="97976320" percent="0">
    <mem type="tenure" free="905432" total="97976320" percent="0">
      <mem type="soa" free="0" total="96997376" percent="0" />
      <mem type="loa" free="905432" total="978944" percent="92" />
    </mem>
  </mem-info>
</gc-start>
<allocation-stats totalBytes="56152824" >
  <allocated-bytes non-tlh="141968" tlh="56010856" />
  <largest-consumer threadName="main" threadId="0000000000968F00" bytes="56152824" />
</allocation-stats>
<gc-op id="2913" type="mark" timems="12.767" contextid="2910" timestamp="2019-08-04T20:35:34.660">
  <trace-info objectcount="600672" scancount="521575" scanbytes="13386808" />
  <finalization candidates="80" enqueued="0" />
  <ownableSynchronizers candidates="21" cleared="0" />
  <references type="soft" candidates="3261" cleared="0" enqueued="0" dynamicThreshold="18" maxThreshold="32" />
  <references type="weak" candidates="5636" cleared="0" enqueued="0" />
  <references type="phantom" candidates="97" cleared="0" enqueued="0" />
  <stringconstants candidates="13581" cleared="0"  />
</gc-op>
<gc-op id="2914" type="sweep" timems="12.055" contextid="2910" timestamp="2019-08-04T20:35:34.673" />
<mem-info id="2915" free="57220592" total="97976320" percent="58">
  <mem type="tenure" free="57220592" total="97976320" percent="58" micro-fragmented="14408545">
    <mem type="soa" free="56297288" total="96997376" percent="58" />
    <mem type="loa" free="923304" total="978944" percent="94" />
  </mem>
</mem-info>
<gc-op id="2916" type="compact" timems="104.193" contextid="2910" timestamp="2019-08-04T20:35:34.777">
  <compact-info movecount="587527" movebytes="17415248" reason="compact to aid heap contraction" />
</gc-op>
<heap-resize id="2917" type="contract" space="tenure" amount="917504" count="1" timems="0.049" reason="insufficient time being spent in gc" timestamp="2019-08-04T20:35:34.777" />
<gc-end id="2918" type="global" contextid="2910" durationms="129.259" usertimems="252.466" systemtimems="0.000" timestamp="2019-08-04T20:35:34.777" activeThreads="16">
  <mem-info id="2919" free="78952976" total="97058816" percent="81">
    <mem type="tenure" free="78952976" total="97058816" percent="81">
      <mem type="soa" free="78044688" total="96089088" percent="81" />
      <mem type="loa" free="908288" total="969728" percent="93" />
    </mem>
  </mem-info>
</gc-end>
<cycle-end id="2920" type="global" contextid="2910" timestamp="2019-08-04T20:35:34.777">
  <attribute name="GC Util" value="26" />
  <attribute name="CPU Util" value="1860317944433" />
  <attribute name="Time Running"value="74918"/>
  <attribute name="Number of cores"value="16"/>
</cycle-end>
<allocation-satisfied id="2921" threadId="0000000000968F00" bytesRequested="24" />
<af-end id="2922" timestamp="2019-08-04T20:35:34.777" threadId="0000000000969888" success="true" />
<exclusive-end id="2923" timestamp="2019-08-04T20:35:34.777" durationms="129.487" />

<concurrent-kickoff id="2924" timestamp="2019-08-04T20:35:35.135">
  <kickoff reason="threshold reached" targetBytes="7693596" thresholdFreeBytes="1047733" remainingFree="944696" tenureFreeBytes="944696" />
</concurrent-kickoff>
<exclusive-start id="2925" timestamp="2019-08-04T20:35:35.136" intervalms="488.202">
  <response-info timems="0.082" idlems="0.082" threads="0" lastid="0000000000968F00" lastname="main" />
</exclusive-start>
<cycle-start id="2926" type="global" contextid="0" timestamp="2019-08-04T20:35:35.136" intervalms="488.137" />
  <attribute name="GC Util" value="26" />
  <attribute name="CPU Util" value="1860317944433" />
  <attribute name="Time Running"value="74918"/>
  <attribute name="Number of cores"value="16"/>
<exclusive-end id="2927" timestamp="2019-08-04T20:35:35.136" durationms="0.014" />

<exclusive-start id="2928" timestamp="2019-08-04T20:35:35.137" intervalms="1.145">
  <response-info timems="0.151" idlems="0.151" threads="0" lastid="0000000000968F00" lastname="main" />
</exclusive-start>
<af-start id="2929" threadId="0000000000969888" totalBytesRequested="32" timestamp="2019-08-04T20:35:35.137" intervalms="489.351" />
<concurrent-aborted id="2930" timestamp="2019-08-04T20:35:35.137">
  <reason value="insufficient progress made" />
</concurrent-aborted>
<cycle-end id="2931" type="global" contextid="2926" timestamp="2019-08-04T20:35:35.137">
  <attribute name="GC Util" value="26" />
  <attribute name="CPU Util" value="1860317944433" />
  <attribute name="Time Running"value="74918"/>
  <attribute name="Number of cores"value="16"/>
</cycle-end>
<cycle-start id="2932" type="global" contextid="0" timestamp="2019-08-04T20:35:35.137" intervalms="1.205" />
  <attribute name="GC Util" value="26" />
  <attribute name="CPU Util" value="1860317944433" />
  <attribute name="Time Running"value="74918"/>
  <attribute name="Number of cores"value="16"/>
<gc-start id="2933" type="global" contextid="2932" timestamp="2019-08-04T20:35:35.137">
  <mem-info id="2934" free="908288" total="97058816" percent="0">
    <mem type="tenure" free="908288" total="97058816" percent="0">
      <mem type="soa" free="0" total="96089088" percent="0" />
      <mem type="loa" free="908288" total="969728" percent="93" />
    </mem>
  </mem-info>
</gc-start>
<allocation-stats totalBytes="78104768" >
  <allocated-bytes non-tlh="0" tlh="78104768" />
  <largest-consumer threadName="main" threadId="0000000000968F00" bytes="78104768" />
</allocation-stats>
<gc-op id="2935" type="mark" timems="10.389" contextid="2932" timestamp="2019-08-04T20:35:35.147">
  <trace-info objectcount="600693" scancount="521597" scanbytes="13387344" />
  <finalization candidates="80" enqueued="0" />
  <ownableSynchronizers candidates="21" cleared="0" />
  <references type="soft" candidates="3261" cleared="0" enqueued="0" dynamicThreshold="26" maxThreshold="32" />
  <references type="weak" candidates="5636" cleared="0" enqueued="0" />
  <references type="phantom" candidates="97" cleared="0" enqueued="0" />
  <stringconstants candidates="13581" cleared="0"  />
</gc-op>
<gc-op id="2936" type="sweep" timems="1.566" contextid="2932" timestamp="2019-08-04T20:35:35.149" />
<gc-end id="2937" type="global" contextid="2932" durationms="12.076" usertimems="67.398" systemtimems="0.000" timestamp="2019-08-04T20:35:35.149" activeThreads="16">
  <mem-info id="2938" free="43340960" total="97058816" percent="44">
    <mem type="tenure" free="43340960" total="97058816" percent="44" micro-fragmented="0">
      <mem type="soa" free="42389616" total="96089088" percent="44" />
      <mem type="loa" free="951344" total="969728" percent="98" />
    </mem>
  </mem-info>
</gc-end>
<cycle-end id="2939" type="global" contextid="2932" timestamp="2019-08-04T20:35:35.149">
  <attribute name="GC Util" value="571" />
  <attribute name="CPU Util" value="1792102827422" />
  <attribute name="Time Running"value="75393"/>
  <attribute name="Number of cores"value="16"/>
</cycle-end>
<allocation-satisfied id="2940" threadId="0000000000968F00" bytesRequested="32" />
<af-end id="2941" timestamp="2019-08-04T20:35:35.149" threadId="0000000000969888" success="true" />
<exclusive-end id="2942" timestamp="2019-08-04T20:35:35.149" durationms="12.273" />

<concurrent-kickoff id="2943" timestamp="2019-08-04T20:35:36.049">
  <kickoff reason="threshold reached" targetBytes="7693596" thresholdFreeBytes="1047733" remainingFree="963088" tenureFreeBytes="963088" />
</concurrent-kickoff>
<exclusive-start id="2944" timestamp="2019-08-04T20:35:36.049" intervalms="911.922">
  <response-info timems="0.043" idlems="0.043" threads="0" lastid="0000000000968F00" lastname="main" />
</exclusive-start>
<cycle-start id="2945" type="global" contextid="0" timestamp="2019-08-04T20:35:36.049" intervalms="911.862" />
  <attribute name="GC Util" value="571" />
  <attribute name="CPU Util" value="1792102827422" />
  <attribute name="Time Running"value="75393"/>
  <attribute name="Number of cores"value="16"/>
<exclusive-end id="2946" timestamp="2019-08-04T20:35:36.049" durationms="0.014" />

<exclusive-start id="2947" timestamp="2019-08-04T20:35:36.049" intervalms="0.314">
  <response-info timems="0.026" idlems="0.026" threads="0" lastid="0000000000968F00" lastname="main" />
</exclusive-start>
<af-start id="2948" threadId="0000000000969888" totalBytesRequested="528" timestamp="2019-08-04T20:35:36.049" intervalms="912.231" />
<concurrent-aborted id="2949" timestamp="2019-08-04T20:35:36.050">
  <reason value="insufficient progress made" />
</concurrent-aborted>
<cycle-end id="2950" type="global" contextid="2945" timestamp="2019-08-04T20:35:36.050">
  <attribute name="GC Util" value="0" />
  <attribute name="CPU Util" value="20456991861" />
  <attribute name="Time Running"value="76295"/>
  <attribute name="Number of cores"value="16"/>
</cycle-end>
<cycle-start id="2951" type="global" contextid="0" timestamp="2019-08-04T20:35:36.050" intervalms="0.956" />
  <attribute name="GC Util" value="0" />
  <attribute name="CPU Util" value="20456991861" />
  <attribute name="Time Running"value="76295"/>
  <attribute name="Number of cores"value="16"/>
<gc-start id="2952" type="global" contextid="2951" timestamp="2019-08-04T20:35:36.050">
  <mem-info id="2953" free="969728" total="97058816" percent="0">
    <mem type="tenure" free="969728" total="97058816" percent="0">
      <mem type="soa" free="0" total="96089088" percent="0" />
      <mem type="loa" free="969728" total="969728" percent="100" />
    </mem>
  </mem-info>
</gc-start>
<allocation-stats totalBytes="78080520" >
  <allocated-bytes non-tlh="360" tlh="78080160" />
  <largest-consumer threadName="main" threadId="0000000000968F00" bytes="78080520" />
</allocation-stats>
<gc-op id="2954" type="mark" timems="14.479" contextid="2951" timestamp="2019-08-04T20:35:36.064">
  <trace-info objectcount="600734" scancount="521631" scanbytes="13387932" />
  <finalization candidates="80" enqueued="0" />
  <ownableSynchronizers candidates="21" cleared="0" />
  <references type="soft" candidates="3261" cleared="0" enqueued="0" dynamicThreshold="14" maxThreshold="32" />
  <references type="weak" candidates="5638" cleared="0" enqueued="0" />
  <references type="phantom" candidates="97" cleared="0" enqueued="0" />
  <stringconstants candidates="13587" cleared="0"  />
</gc-op>
<gc-op id="2955" type="sweep" timems="1.641" contextid="2951" timestamp="2019-08-04T20:35:36.066" />
<gc-end id="2956" type="global" contextid="2951" durationms="16.248" usertimems="82.305" systemtimems="0.000" timestamp="2019-08-04T20:35:36.066" activeThreads="16">
  <mem-info id="2957" free="46555192" total="97058816" percent="47">
    <mem type="tenure" free="46555192" total="97058816" percent="47" micro-fragmented="0">
      <mem type="soa" free="45600168" total="96089088" percent="47" />
      <mem type="loa" free="955024" total="969728" percent="98" />
    </mem>
  </mem-info>
</gc-end>
<cycle-end id="2958" type="global" contextid="2951" timestamp="2019-08-04T20:35:36.066">
  <attribute name="GC Util" value="420" />
  <attribute name="CPU Util" value="1268571236677" />
  <attribute name="Time Running"value="76310"/>
  <attribute name="Number of cores"value="16"/>
</cycle-end>
<allocation-satisfied id="2959" threadId="0000000000968F00" bytesRequested="528" />
<af-end id="2960" timestamp="2019-08-04T20:35:36.066" threadId="0000000000969888" success="true" />
<exclusive-end id="2961" timestamp="2019-08-04T20:35:36.066" durationms="17.096" />

<concurrent-kickoff id="2962" timestamp="2019-08-04T20:35:36.364">
  <kickoff reason="threshold reached" targetBytes="7693596" thresholdFreeBytes="1047733" remainingFree="967240" tenureFreeBytes="967240" />
</concurrent-kickoff>
<exclusive-start id="2963" timestamp="2019-08-04T20:35:36.365" intervalms="315.722">
  <response-info timems="0.097" idlems="0.097" threads="0" lastid="0000000000968F00" lastname="main" />
</exclusive-start>
<cycle-start id="2964" type="global" contextid="0" timestamp="2019-08-04T20:35:36.365" intervalms="315.093" />
  <attribute name="GC Util" value="420" />
  <attribute name="CPU Util" value="1268571236677" />
  <attribute name="Time Running"value="76310"/>
  <attribute name="Number of cores"value="16"/>
<exclusive-end id="2965" timestamp="2019-08-04T20:35:36.365" durationms="0.031" />

<exclusive-start id="2966" timestamp="2019-08-04T20:35:36.365" intervalms="0.396">
  <response-info timems="0.070" idlems="0.070" threads="0" lastid="0000000000968F00" lastname="main" />
</exclusive-start>
<af-start id="2967" threadId="0000000000969888" totalBytesRequested="24" timestamp="2019-08-04T20:35:36.365" intervalms="316.117" />
<concurrent-aborted id="2968" timestamp="2019-08-04T20:35:36.366">
  <reason value="insufficient progress made" />
</concurrent-aborted>
<cycle-end id="2969" type="global" contextid="2964" timestamp="2019-08-04T20:35:36.366">
  <attribute name="GC Util" value="3" />
  <attribute name="CPU Util" value="61303307289" />
  <attribute name="Time Running"value="76611"/>
  <attribute name="Number of cores"value="16"/>
</cycle-end>
<cycle-start id="2970" type="global" contextid="0" timestamp="2019-08-04T20:35:36.366" intervalms="0.954" />
  <attribute name="GC Util" value="3" />
  <attribute name="CPU Util" value="61303307289" />
  <attribute name="Time Running"value="76611"/>
  <attribute name="Number of cores"value="16"/>
<gc-start id="2971" type="global" contextid="2970" timestamp="2019-08-04T20:35:36.366">
  <mem-info id="2972" free="969728" total="97058816" percent="0">
    <mem type="tenure" free="969728" total="97058816" percent="0">
      <mem type="soa" free="0" total="96089088" percent="0" />
      <mem type="loa" free="969728" total="969728" percent="100" />
    </mem>
  </mem-info>
</gc-start>
<allocation-stats totalBytes="78070928" >
  <allocated-bytes non-tlh="0" tlh="78070928" />
  <largest-consumer threadName="main" threadId="0000000000968F00" bytes="78070928" />
</allocation-stats>
<gc-op id="2973" type="mark" timems="15.207" contextid="2970" timestamp="2019-08-04T20:35:36.381">
  <trace-info objectcount="600743" scancount="521635" scanbytes="13388288" />
  <finalization candidates="80" enqueued="0" />
  <ownableSynchronizers candidates="21" cleared="0" />
  <references type="soft" candidates="3261" cleared="0" enqueued="0" dynamicThreshold="15" maxThreshold="32" />
  <references type="weak" candidates="5646" cleared="0" enqueued="0" />
  <references type="phantom" candidates="97" cleared="0" enqueued="0" />
  <stringconstants candidates="13587" cleared="0"  />
</gc-op>
<gc-op id="2974" type="sweep" timems="1.113" contextid="2970" timestamp="2019-08-04T20:35:36.382" />
<gc-end id="2975" type="global" contextid="2970" durationms="16.429" usertimems="121.662" systemtimems="0.000" timestamp="2019-08-04T20:35:36.382" activeThreads="16">
  <mem-info id="2976" free="49126136" total="97058816" percent="50">
    <mem type="tenure" free="49126136" total="97058816" percent="50" micro-fragmented="0">
      <mem type="soa" free="48168168" total="96089088" percent="50" />
      <mem type="loa" free="957968" total="969728" percent="98" />
    </mem>
  </mem-info>
</gc-end>
<cycle-end id="2977" type="global" contextid="2970" timestamp="2019-08-04T20:35:36.382">
  <attribute name="GC Util" value="645" />
  <attribute name="CPU Util" value="1207447925219" />
  <attribute name="Time Running"value="76627"/>
  <attribute name="Number of cores"value="16"/>
</cycle-end>
<allocation-satisfied id="2978" threadId="0000000000968F00" bytesRequested="24" />
<af-end id="2979" timestamp="2019-08-04T20:35:36.382" threadId="0000000000969888" success="true" />
<exclusive-end id="2980" timestamp="2019-08-04T20:35:36.382" durationms="17.142" />

<concurrent-kickoff id="2981" timestamp="2019-08-04T20:35:36.435">
  <kickoff reason="threshold reached" targetBytes="7693596" thresholdFreeBytes="1047733" remainingFree="971208" tenureFreeBytes="971208" />
</concurrent-kickoff>
<exclusive-start id="2982" timestamp="2019-08-04T20:35:36.435" intervalms="70.067">
  <response-info timems="0.057" idlems="0.057" threads="0" lastid="0000000000968F00" lastname="main" />
</exclusive-start>
<cycle-start id="2983" type="global" contextid="0" timestamp="2019-08-04T20:35:36.435" intervalms="69.513" />
  <attribute name="GC Util" value="645" />
  <attribute name="CPU Util" value="1207447925219" />
  <attribute name="Time Running"value="76627"/>
  <attribute name="Number of cores"value="16"/>
<exclusive-end id="2984" timestamp="2019-08-04T20:35:36.435" durationms="0.036" />

<exclusive-start id="2985" timestamp="2019-08-04T20:35:36.436" intervalms="0.392">
  <response-info timems="0.096" idlems="0.096" threads="0" lastid="0000000000968F00" lastname="main" />
</exclusive-start>
<af-start id="2986" threadId="0000000000969888" totalBytesRequested="584" timestamp="2019-08-04T20:35:36.436" intervalms="70.451" />
<concurrent-aborted id="2987" timestamp="2019-08-04T20:35:36.436">
  <reason value="insufficient progress made" />
</concurrent-aborted>
<cycle-end id="2988" type="global" contextid="2983" timestamp="2019-08-04T20:35:36.436">
  <attribute name="GC Util" value="24" />
  <attribute name="CPU Util" value="337750060737" />
  <attribute name="Time Running"value="76681"/>
  <attribute name="Number of cores"value="16"/>
</cycle-end>
<cycle-start id="2989" type="global" contextid="0" timestamp="2019-08-04T20:35:36.436" intervalms="1.188" />
  <attribute name="GC Util" value="24" />
  <attribute name="CPU Util" value="337750060737" />
  <attribute name="Time Running"value="76681"/>
  <attribute name="Number of cores"value="16"/>
<gc-start id="2990" type="global" contextid="2989" timestamp="2019-08-04T20:35:36.437">
  <mem-info id="2991" free="969728" total="97058816" percent="0">
    <mem type="tenure" free="969728" total="97058816" percent="0">
      <mem type="soa" free="0" total="96089088" percent="0" />
      <mem type="loa" free="969728" total="969728" percent="100" />
    </mem>
  </mem-info>
</gc-start>
<allocation-stats totalBytes="77965528" >
  <allocated-bytes non-tlh="0" tlh="77965528" />
  <largest-consumer threadName="main" threadId="0000000000968F00" bytes="77965528" />
</allocation-stats>
<gc-op id="2992" type="mark" timems="11.396" contextid="2989" timestamp="2019-08-04T20:35:36.448">
  <trace-info objectcount="600744" scancount="521640" scanbytes="13388304" />
  <finalization candidates="80" enqueued="0" />
  <ownableSynchronizers candidates="21" cleared="0" />
  <references type="soft" candidates="3261" cleared="0" enqueued="0" dynamicThreshold="16" maxThreshold="32" />
  <references type="weak" candidates="5646" cleared="0" enqueued="0" />
  <references type="phantom" candidates="97" cleared="0" enqueued="0" />
  <stringconstants candidates="13587" cleared="0"  />
</gc-op>
<gc-op id="2993" type="sweep" timems="10.893" contextid="2989" timestamp="2019-08-04T20:35:36.459" />
<heap-resize id="2994" type="contract" space="tenure" amount="917504" count="1" timems="0.067" reason="insufficient time being spent in gc" timestamp="2019-08-04T20:35:36.459" />
<gc-end id="2995" type="global" contextid="2989" durationms="22.524" usertimems="87.426" systemtimems="0.000" timestamp="2019-08-04T20:35:36.459" activeThreads="16">
  <mem-info id="2996" free="78036032" total="96141312" percent="81">
    <mem type="tenure" free="78036032" total="96141312" percent="81" micro-fragmented="0">
      <mem type="soa" free="77131752" total="95180800" percent="81" />
      <mem type="loa" free="904280" total="960512" percent="94" />
    </mem>
  </mem-info>
</gc-end>
<cycle-end id="2997" type="global" contextid="2989" timestamp="2019-08-04T20:35:36.459">
  <attribute name="GC Util" value="255" />
  <attribute name="CPU Util" value="11690921996394" />
  <attribute name="Time Running"value="76695"/>
  <attribute name="Number of cores"value="16"/>
</cycle-end>
<allocation-satisfied id="2998" threadId="0000000000968F00" bytesRequested="584" />
<af-end id="2999" timestamp="2019-08-04T20:35:36.459" threadId="0000000000969888" success="true" />
<exclusive-end id="3000" timestamp="2019-08-04T20:35:36.459" durationms="23.509" />

<concurrent-kickoff id="3001" timestamp="2019-08-04T20:35:36.495">
  <kickoff reason="threshold reached" targetBytes="7620868" thresholdFreeBytes="1037829" remainingFree="966208" tenureFreeBytes="966208" />
</concurrent-kickoff>
<exclusive-start id="3002" timestamp="2019-08-04T20:35:36.495" intervalms="59.075">
  <response-info timems="0.071" idlems="0.071" threads="0" lastid="0000000000968F00" lastname="main" />
</exclusive-start>
<cycle-start id="3003" type="global" contextid="0" timestamp="2019-08-04T20:35:36.495" intervalms="58.265" />
  <attribute name="GC Util" value="255" />
  <attribute name="CPU Util" value="11690921996394" />
  <attribute name="Time Running"value="76695"/>
  <attribute name="Number of cores"value="16"/>
<exclusive-end id="3004" timestamp="2019-08-04T20:35:36.495" durationms="0.020" />

<exclusive-start id="3005" timestamp="2019-08-04T20:35:36.495" intervalms="0.310">
  <response-info timems="0.036" idlems="0.036" threads="0" lastid="0000000000968F00" lastname="main" />
</exclusive-start>
<af-start id="3006" threadId="0000000000969888" totalBytesRequested="24" timestamp="2019-08-04T20:35:36.495" intervalms="59.402" />
<concurrent-aborted id="3007" timestamp="2019-08-04T20:35:36.495">
  <reason value="insufficient progress made" />
</concurrent-aborted>
<cycle-end id="3008" type="global" contextid="3003" timestamp="2019-08-04T20:35:36.495">
  <attribute name="GC Util" value="255" />
  <attribute name="CPU Util" value="11690921996394" />
  <attribute name="Time Running"value="76695"/>
  <attribute name="Number of cores"value="16"/>
</cycle-end>
<cycle-start id="3009" type="global" contextid="0" timestamp="2019-08-04T20:35:36.495" intervalms="0.370" />
  <attribute name="GC Util" value="255" />
  <attribute name="CPU Util" value="11690921996394" />
  <attribute name="Time Running"value="76695"/>
  <attribute name="Number of cores"value="16"/>
<gc-start id="3010" type="global" contextid="3009" timestamp="2019-08-04T20:35:36.495">
  <mem-info id="3011" free="904280" total="96141312" percent="0">
    <mem type="tenure" free="904280" total="96141312" percent="0">
      <mem type="soa" free="0" total="95180800" percent="0" />
      <mem type="loa" free="904280" total="960512" percent="94" />
    </mem>
  </mem-info>
</gc-start>
<allocation-stats totalBytes="77060000" >
  <allocated-bytes non-tlh="0" tlh="77060000" />
  <largest-consumer threadName="main" threadId="0000000000968F00" bytes="77060000" />
</allocation-stats>
<gc-op id="3012" type="mark" timems="13.636" contextid="3009" timestamp="2019-08-04T20:35:36.509">
  <trace-info objectcount="600743" scancount="521635" scanbytes="13388288" />
  <finalization candidates="80" enqueued="0" />
  <ownableSynchronizers candidates="21" cleared="0" />
  <references type="soft" candidates="3261" cleared="0" enqueued="0" dynamicThreshold="25" maxThreshold="32" />
  <references type="weak" candidates="5646" cleared="0" enqueued="0" />
  <references type="phantom" candidates="97" cleared="0" enqueued="0" />
  <stringconstants candidates="13587" cleared="0"  />
</gc-op>
<gc-op id="3013" type="sweep" timems="3.340" contextid="3009" timestamp="2019-08-04T20:35:36.512" />
<gc-end id="3014" type="global" contextid="3009" durationms="17.095" usertimems="86.177" systemtimems="0.000" timestamp="2019-08-04T20:35:36.512" activeThreads="16">
  <mem-info id="3015" free="52165320" total="96141312" percent="54">
    <mem type="tenure" free="52165320" total="96141312" percent="54" micro-fragmented="0">
      <mem type="soa" free="51212264" total="95180800" percent="53" />
      <mem type="loa" free="953056" total="960512" percent="99" />
    </mem>
  </mem-info>
</gc-end>
<cycle-end id="3016" type="global" contextid="3009" timestamp="2019-08-04T20:35:36.512">
  <attribute name="GC Util" value="460" />
  <attribute name="CPU Util" value="1350604357576" />
  <attribute name="Time Running"value="76755"/>
  <attribute name="Number of cores"value="16"/>
</cycle-end>
<allocation-satisfied id="3017" threadId="0000000000968F00" bytesRequested="24" />
<af-end id="3018" timestamp="2019-08-04T20:35:36.512" threadId="0000000000969888" success="true" />
<exclusive-end id="3019" timestamp="2019-08-04T20:35:36.512" durationms="17.314" />

<concurrent-kickoff id="3020" timestamp="2019-08-04T20:35:36.752">
  <kickoff reason="threshold reached" targetBytes="7620868" thresholdFreeBytes="1037829" remainingFree="974736" tenureFreeBytes="974736" />
</concurrent-kickoff>
<exclusive-start id="3021" timestamp="2019-08-04T20:35:36.752" intervalms="257.214">
  <response-info timems="0.298" idlems="0.298" threads="0" lastid="0000000000968F00" lastname="main" />
</exclusive-start>
<cycle-start id="3022" type="global" contextid="0" timestamp="2019-08-04T20:35:36.752" intervalms="257.160" />
  <attribute name="GC Util" value="460" />
  <attribute name="CPU Util" value="1350604357576" />
  <attribute name="Time Running"value="76755"/>
  <attribute name="Number of cores"value="16"/>
<exclusive-end id="3023" timestamp="2019-08-04T20:35:36.752" durationms="0.025" />

<exclusive-start id="3024" timestamp="2019-08-04T20:35:36.753" intervalms="0.704">
  <response-info timems="0.108" idlems="0.108" threads="0" lastid="0000000000968F00" lastname="main" />
</exclusive-start>
<af-start id="3025" threadId="0000000000969888" totalBytesRequested="16" timestamp="2019-08-04T20:35:36.753" intervalms="257.906" />
<concurrent-aborted id="3026" timestamp="2019-08-04T20:35:36.754">
  <reason value="insufficient progress made" />
</concurrent-aborted>
<cycle-end id="3027" type="global" contextid="3022" timestamp="2019-08-04T20:35:36.754">
  <attribute name="GC Util" value="3" />
  <attribute name="CPU Util" value="75569637642" />
  <attribute name="Time Running"value="76999"/>
  <attribute name="Number of cores"value="16"/>
</cycle-end>
<cycle-start id="3028" type="global" contextid="0" timestamp="2019-08-04T20:35:36.754" intervalms="1.567" />
  <attribute name="GC Util" value="3" />
  <attribute name="CPU Util" value="75569637642" />
  <attribute name="Time Running"value="76999"/>
  <attribute name="Number of cores"value="16"/>
<gc-start id="3029" type="global" contextid="3028" timestamp="2019-08-04T20:35:36.754">
  <mem-info id="3030" free="960512" total="96141312" percent="0">
    <mem type="tenure" free="960512" total="96141312" percent="0">
      <mem type="soa" free="0" total="95180800" percent="0" />
      <mem type="loa" free="960512" total="960512" percent="100" />
    </mem>
  </mem-info>
</gc-start>
<allocation-stats totalBytes="77092904" >
  <allocated-bytes non-tlh="0" tlh="77092904" />
  <largest-consumer threadName="main" threadId="0000000000968F00" bytes="77092904" />
</allocation-stats>
<gc-op id="3031" type="mark" timems="13.452" contextid="3028" timestamp="2019-08-04T20:35:36.767">
  <trace-info objectcount="600765" scancount="521678" scanbytes="13388808" />
  <finalization candidates="80" enqueued="0" />
  <ownableSynchronizers candidates="21" cleared="0" />
  <references type="soft" candidates="3261" cleared="0" enqueued="0" dynamicThreshold="17" maxThreshold="32" />
  <references type="weak" candidates="5646" cleared="0" enqueued="0" />
  <references type="phantom" candidates="97" cleared="0" enqueued="0" />
  <stringconstants candidates="13587" cleared="0"  />
</gc-op>
<gc-op id="3032" type="sweep" timems="17.137" contextid="3028" timestamp="2019-08-04T20:35:36.786" />
<heap-resize id="3033" type="contract" space="tenure" amount="917504" count="1" timems="0.083" reason="excess free space following gc" timestamp="2019-08-04T20:35:36.786" />
<gc-end id="3034" type="global" contextid="3028" durationms="32.206" usertimems="110.455" systemtimems="0.000" timestamp="2019-08-04T20:35:36.786" activeThreads="16">
  <mem-info id="3035" free="77126832" total="95223808" percent="80">
    <mem type="tenure" free="77126832" total="95223808" percent="80" micro-fragmented="0">
      <mem type="soa" free="76223688" total="94272512" percent="80" />
      <mem type="loa" free="903144" total="951296" percent="94" />
    </mem>
  </mem-info>
</gc-end>
<cycle-end id="3036" type="global" contextid="3028" timestamp="2019-08-04T20:35:36.786">
  <attribute name="GC Util" value="57" />
  <attribute name="CPU Util" value="4270875333074" />
  <attribute name="Time Running"value="77019"/>
  <attribute name="Number of cores"value="16"/>
</cycle-end>
<allocation-satisfied id="3037" threadId="0000000000968F00" bytesRequested="16" />
<af-end id="3038" timestamp="2019-08-04T20:35:36.786" threadId="0000000000969888" success="true" />
<exclusive-end id="3039" timestamp="2019-08-04T20:35:36.786" durationms="33.309" />

<concurrent-kickoff id="3040" timestamp="2019-08-04T20:35:36.887">
  <kickoff reason="threshold reached" targetBytes="7548141" thresholdFreeBytes="1027924" remainingFree="1001592" tenureFreeBytes="1001592" />
</concurrent-kickoff>
<exclusive-start id="3041" timestamp="2019-08-04T20:35:36.887" intervalms="133.901">
  <response-info timems="0.147" idlems="0.147" threads="0" lastid="0000000000968F00" lastname="main" />
</exclusive-start>
<cycle-start id="3042" type="global" contextid="0" timestamp="2019-08-04T20:35:36.887" intervalms="133.038" />
  <attribute name="GC Util" value="57" />
  <attribute name="CPU Util" value="4270875333074" />
  <attribute name="Time Running"value="77019"/>
  <attribute name="Number of cores"value="16"/>
<exclusive-end id="3043" timestamp="2019-08-04T20:35:36.887" durationms="0.028" />

<exclusive-start id="3044" timestamp="2019-08-04T20:35:36.887" intervalms="0.538">
  <response-info timems="0.104" idlems="0.104" threads="0" lastid="0000000000968F00" lastname="main" />
</exclusive-start>
<af-start id="3045" threadId="0000000000969888" totalBytesRequested="32" timestamp="2019-08-04T20:35:36.887" intervalms="134.447" />
<concurrent-aborted id="3046" timestamp="2019-08-04T20:35:36.887">
  <reason value="insufficient progress made" />
</concurrent-aborted>
<cycle-end id="3047" type="global" contextid="3042" timestamp="2019-08-04T20:35:36.887">
  <attribute name="GC Util" value="57" />
  <attribute name="CPU Util" value="4270875333074" />
  <attribute name="Time Running"value="77019"/>
  <attribute name="Number of cores"value="16"/>
</cycle-end>
<cycle-start id="3048" type="global" contextid="0" timestamp="2019-08-04T20:35:36.888" intervalms="0.601" />
  <attribute name="GC Util" value="57" />
  <attribute name="CPU Util" value="4270875333074" />
  <attribute name="Time Running"value="77019"/>
  <attribute name="Number of cores"value="16"/>
<gc-start id="3049" type="global" contextid="3048" timestamp="2019-08-04T20:35:36.888">
  <mem-info id="3050" free="903144" total="95223808" percent="0">
    <mem type="tenure" free="903144" total="95223808" percent="0">
      <mem type="soa" free="0" total="94272512" percent="0" />
      <mem type="loa" free="903144" total="951296" percent="94" />
    </mem>
  </mem-info>
</gc-start>
<allocation-stats totalBytes="76228928" >
  <allocated-bytes non-tlh="0" tlh="76228928" />
  <largest-consumer threadName="main" threadId="0000000000968F00" bytes="76228928" />
</allocation-stats>
<gc-op id="3051" type="mark" timems="9.398" contextid="3048" timestamp="2019-08-04T20:35:36.897">
  <trace-info objectcount="600771" scancount="521676" scanbytes="13389816" />
  <finalization candidates="80" enqueued="0" />
  <ownableSynchronizers candidates="21" cleared="0" />
  <references type="soft" candidates="3261" cleared="0" enqueued="0" dynamicThreshold="25" maxThreshold="32" />
  <references type="weak" candidates="5646" cleared="0" enqueued="0" />
  <references type="phantom" candidates="97" cleared="0" enqueued="0" />
  <stringconstants candidates="13587" cleared="0"  />
</gc-op>
<gc-op id="3052" type="sweep" timems="7.307" contextid="3048" timestamp="2019-08-04T20:35:36.904" />
<heap-resize id="3053" type="contract" space="tenure" amount="917504" count="1" timems="0.169" reason="excess free space following gc" timestamp="2019-08-04T20:35:36.905" />
<gc-end id="3054" type="global" contextid="3048" durationms="17.065" usertimems="88.845" systemtimems="0.000" timestamp="2019-08-04T20:35:36.905" activeThreads="16">
  <mem-info id="3055" free="76222096" total="94306304" percent="80">
    <mem type="tenure" free="76222096" total="94306304" percent="80" micro-fragmented="0">
      <mem type="soa" free="75314376" total="93364224" percent="80" />
      <mem type="loa" free="907720" total="942080" percent="96" />
    </mem>
  </mem-info>
</gc-end>
<cycle-end id="3056" type="global" contextid="3048" timestamp="2019-08-04T20:35:36.905">
  <attribute name="GC Util" value="188" />
  <attribute name="CPU Util" value="13880867866023" />
  <attribute name="Time Running"value="77144"/>
  <attribute name="Number of cores"value="16"/>
</cycle-end>
<allocation-satisfied id="3057" threadId="0000000000968F00" bytesRequested="32" />
<af-end id="3058" timestamp="2019-08-04T20:35:36.905" threadId="0000000000969888" success="true" />
<exclusive-end id="3059" timestamp="2019-08-04T20:35:36.905" durationms="17.280" />

<concurrent-kickoff id="3060" timestamp="2019-08-04T20:35:37.284">
  <kickoff reason="threshold reached" targetBytes="7475411" thresholdFreeBytes="1018020" remainingFree="926432" tenureFreeBytes="926432" />
</concurrent-kickoff>
<exclusive-start id="3061" timestamp="2019-08-04T20:35:37.284" intervalms="396.959">
  <response-info timems="0.238" idlems="0.238" threads="0" lastid="0000000000968F00" lastname="main" />
</exclusive-start>
<cycle-start id="3062" type="global" contextid="0" timestamp="2019-08-04T20:35:37.284" intervalms="396.892" />
  <attribute name="GC Util" value="188" />
  <attribute name="CPU Util" value="13880867866023" />
  <attribute name="Time Running"value="77144"/>
  <attribute name="Number of cores"value="16"/>
<exclusive-end id="3063" timestamp="2019-08-04T20:35:37.284" durationms="0.022" />

<exclusive-start id="3064" timestamp="2019-08-04T20:35:37.285" intervalms="0.451">
  <response-info timems="0.033" idlems="0.033" threads="0" lastid="0000000000968F00" lastname="main" />
</exclusive-start>
<af-start id="3065" threadId="0000000000969888" totalBytesRequested="1016" timestamp="2019-08-04T20:35:37.285" intervalms="397.414" />
<concurrent-aborted id="3066" timestamp="2019-08-04T20:35:37.285">
  <reason value="insufficient progress made" />
</concurrent-aborted>
<cycle-end id="3067" type="global" contextid="3062" timestamp="2019-08-04T20:35:37.285">
  <attribute name="GC Util" value="188" />
  <attribute name="CPU Util" value="13880867866023" />
  <attribute name="Time Running"value="77144"/>
  <attribute name="Number of cores"value="16"/>
</cycle-end>
<cycle-start id="3068" type="global" contextid="0" timestamp="2019-08-04T20:35:37.285" intervalms="0.522" />
  <attribute name="GC Util" value="188" />
  <attribute name="CPU Util" value="13880867866023" />
  <attribute name="Time Running"value="77144"/>
  <attribute name="Number of cores"value="16"/>
<gc-start id="3069" type="global" contextid="3068" timestamp="2019-08-04T20:35:37.285">
  <mem-info id="3070" free="907720" total="94306304" percent="0">
    <mem type="tenure" free="907720" total="94306304" percent="0">
      <mem type="soa" free="0" total="93364224" percent="0" />
      <mem type="loa" free="907720" total="942080" percent="96" />
    </mem>
  </mem-info>
</gc-start>
<allocation-stats totalBytes="75269744" >
  <allocated-bytes non-tlh="3776" tlh="75265968" />
  <largest-consumer threadName="main" threadId="0000000000968F00" bytes="75269744" />
</allocation-stats>
<gc-op id="3071" type="mark" timems="9.629" contextid="3068" timestamp="2019-08-04T20:35:37.295">
  <trace-info objectcount="598857" scancount="519884" scanbytes="13342660" />
  <finalization candidates="80" enqueued="0" />
  <ownableSynchronizers candidates="21" cleared="0" />
  <references type="soft" candidates="3277" cleared="1422" enqueued="711" dynamicThreshold="25" maxThreshold="32" />
  <references type="weak" candidates="5706" cleared="10" enqueued="7" />
  <references type="phantom" candidates="97" cleared="0" enqueued="0" />
  <stringconstants candidates="13624" cleared="389"  />
</gc-op>
<gc-op id="3072" type="sweep" timems="7.211" contextid="3068" timestamp="2019-08-04T20:35:37.302" />
<heap-resize id="3073" type="contract" space="tenure" amount="917504" count="1" timems="0.096" reason="excess free space following gc" timestamp="2019-08-04T20:35:37.302" />
<gc-end id="3074" type="global" contextid="3068" durationms="17.292" usertimems="80.450" systemtimems="0.000" timestamp="2019-08-04T20:35:37.302" activeThreads="16">
  <mem-info id="3075" free="75309408" total="93388800" percent="80">
    <mem type="tenure" free="75309408" total="93388800" percent="80" micro-fragmented="70673">
      <mem type="soa" free="74405264" total="92454912" percent="80" />
      <mem type="loa" free="904144" total="933888" percent="96" />
    </mem>
    <pending-finalizers system="0" default="0" reference="718" classloader="0" />
  </mem-info>
</gc-end>
<cycle-end id="3076" type="global" contextid="3068" timestamp="2019-08-04T20:35:37.302">
  <attribute name="GC Util" value="185" />
  <attribute name="CPU Util" value="15294970065460" />
  <attribute name="Time Running"value="77542"/>
  <attribute name="Number of cores"value="16"/>
</cycle-end>
<allocation-satisfied id="3077" threadId="0000000000968F00" bytesRequested="1016" />
<af-end id="3078" timestamp="2019-08-04T20:35:37.302" threadId="0000000000969888" success="true" />
<exclusive-end id="3079" timestamp="2019-08-04T20:35:37.302" durationms="17.517" />

<concurrent-kickoff id="3080" timestamp="2019-08-04T20:35:37.820">
  <kickoff reason="threshold reached" targetBytes="7402684" thresholdFreeBytes="1008115" remainingFree="904144" tenureFreeBytes="904144" />
</concurrent-kickoff>
<exclusive-start id="3081" timestamp="2019-08-04T20:35:37.820" intervalms="535.151">
  <response-info timems="0.111" idlems="0.111" threads="0" lastid="0000000000968F00" lastname="main" />
</exclusive-start>
<cycle-start id="3082" type="global" contextid="0" timestamp="2019-08-04T20:35:37.820" intervalms="535.083" />
  <attribute name="GC Util" value="185" />
  <attribute name="CPU Util" value="15294970065460" />
  <attribute name="Time Running"value="77542"/>
  <attribute name="Number of cores"value="16"/>
<exclusive-end id="3083" timestamp="2019-08-04T20:35:37.820" durationms="0.027" />

<exclusive-start id="3084" timestamp="2019-08-04T20:35:37.821" intervalms="0.645">
  <response-info timems="0.110" idlems="0.110" threads="0" lastid="0000000000968F00" lastname="main" />
</exclusive-start>
<af-start id="3085" threadId="0000000000969888" totalBytesRequested="16" timestamp="2019-08-04T20:35:37.821" intervalms="535.799" />
<concurrent-aborted id="3086" timestamp="2019-08-04T20:35:37.821">
  <reason value="insufficient progress made" />
</concurrent-aborted>
<cycle-end id="3087" type="global" contextid="3082" timestamp="2019-08-04T20:35:37.821">
  <attribute name="GC Util" value="185" />
  <attribute name="CPU Util" value="15294970065460" />
  <attribute name="Time Running"value="77542"/>
  <attribute name="Number of cores"value="16"/>
</cycle-end>
<cycle-start id="3088" type="global" contextid="0" timestamp="2019-08-04T20:35:37.821" intervalms="0.711" />
  <attribute name="GC Util" value="185" />
  <attribute name="CPU Util" value="15294970065460" />
  <attribute name="Time Running"value="77542"/>
  <attribute name="Number of cores"value="16"/>
<gc-start id="3089" type="global" contextid="3088" timestamp="2019-08-04T20:35:37.821">
  <mem-info id="3090" free="904144" total="93388800" percent="0">
    <mem type="tenure" free="904144" total="93388800" percent="0">
      <mem type="soa" free="0" total="92454912" percent="0" />
      <mem type="loa" free="904144" total="933888" percent="96" />
    </mem>
  </mem-info>
</gc-start>
<allocation-stats totalBytes="74363680" >
  <allocated-bytes non-tlh="19160" tlh="74344520" />
  <largest-consumer threadName="main" threadId="0000000000968F00" bytes="74324288" />
</allocation-stats>
<gc-op id="3091" type="mark" timems="8.640" contextid="3088" timestamp="2019-08-04T20:35:37.829">
  <trace-info objectcount="598875" scancount="519905" scanbytes="13346584" />
  <finalization candidates="80" enqueued="0" />
  <ownableSynchronizers candidates="21" cleared="0" />
  <references type="soft" candidates="1855" cleared="0" enqueued="0" dynamicThreshold="25" maxThreshold="32" />
  <references type="weak" candidates="5718" cleared="0" enqueued="0" />
  <references type="phantom" candidates="97" cleared="0" enqueued="0" />
  <stringconstants candidates="13235" cleared="0"  />
</gc-op>
<gc-op id="3092" type="sweep" timems="9.514" contextid="3088" timestamp="2019-08-04T20:35:37.839" />
<heap-resize id="3093" type="contract" space="tenure" amount="917504" count="1" timems="0.126" reason="excess free space following gc" timestamp="2019-08-04T20:35:37.839" />
<gc-end id="3094" type="global" contextid="3088" durationms="18.467" usertimems="81.441" systemtimems="0.000" timestamp="2019-08-04T20:35:37.839" activeThreads="16">
  <mem-info id="3095" free="74385592" total="92471296" percent="80">
    <mem type="tenure" free="74385592" total="92471296" percent="80" micro-fragmented="70673">
      <mem type="soa" free="73495528" total="91546624" percent="80" />
      <mem type="loa" free="890064" total="924672" percent="96" />
    </mem>
  </mem-info>
</gc-end>
<cycle-end id="3096" type="global" contextid="3088" timestamp="2019-08-04T20:35:37.839">
  <attribute name="GC Util" value="178" />
  <attribute name="CPU Util" value="13571835170098" />
  <attribute name="Time Running"value="78077"/>
  <attribute name="Number of cores"value="16"/>
</cycle-end>
<allocation-satisfied id="3097" threadId="0000000000968F00" bytesRequested="16" />
<af-end id="3098" timestamp="2019-08-04T20:35:37.839" threadId="0000000000969888" success="true" />
<exclusive-end id="3099" timestamp="2019-08-04T20:35:37.839" durationms="18.721" />

<concurrent-kickoff id="3100" timestamp="2019-08-04T20:35:37.985">
  <kickoff reason="threshold reached" targetBytes="7329956" thresholdFreeBytes="998212" remainingFree="890064" tenureFreeBytes="890064" />
</concurrent-kickoff>
<exclusive-start id="3101" timestamp="2019-08-04T20:35:37.985" intervalms="164.791">
  <response-info timems="0.013" idlems="0.013" threads="0" lastid="0000000000968F00" lastname="main" />
</exclusive-start>
<cycle-start id="3102" type="global" contextid="0" timestamp="2019-08-04T20:35:37.985" intervalms="164.730" />
  <attribute name="GC Util" value="178" />
  <attribute name="CPU Util" value="13571835170098" />
  <attribute name="Time Running"value="78077"/>
  <attribute name="Number of cores"value="16"/>
<exclusive-end id="3103" timestamp="2019-08-04T20:35:37.985" durationms="0.027" />

<exclusive-start id="3104" timestamp="2019-08-04T20:35:37.986" intervalms="0.323">
  <response-info timems="0.007" idlems="0.007" threads="0" lastid="0000000000968F00" lastname="main" />
</exclusive-start>
<af-start id="3105" threadId="0000000000969888" totalBytesRequested="32" timestamp="2019-08-04T20:35:37.986" intervalms="165.099" />
<concurrent-aborted id="3106" timestamp="2019-08-04T20:35:37.986">
  <reason value="insufficient progress made" />
</concurrent-aborted>
<cycle-end id="3107" type="global" contextid="3102" timestamp="2019-08-04T20:35:37.986">
  <attribute name="GC Util" value="178" />
  <attribute name="CPU Util" value="13571835170098" />
  <attribute name="Time Running"value="78077"/>
  <attribute name="Number of cores"value="16"/>
</cycle-end>
<cycle-start id="3108" type="global" contextid="0" timestamp="2019-08-04T20:35:37.986" intervalms="0.360" />
  <attribute name="GC Util" value="178" />
  <attribute name="CPU Util" value="13571835170098" />
  <attribute name="Time Running"value="78077"/>
  <attribute name="Number of cores"value="16"/>
<gc-start id="3109" type="global" contextid="3108" timestamp="2019-08-04T20:35:37.986">
  <mem-info id="3110" free="890064" total="92471296" percent="0">
    <mem type="tenure" free="890064" total="92471296" percent="0">
      <mem type="soa" free="0" total="91546624" percent="0" />
      <mem type="loa" free="890064" total="924672" percent="96" />
    </mem>
  </mem-info>
</gc-start>
<allocation-stats totalBytes="73481488" >
  <allocated-bytes non-tlh="0" tlh="73481488" />
  <largest-consumer threadName="main" threadId="0000000000968F00" bytes="73481488" />
</allocation-stats>
<gc-op id="3111" type="mark" timems="11.018" contextid="3108" timestamp="2019-08-04T20:35:37.997">
  <trace-info objectcount="598873" scancount="519903" scanbytes="13346476" />
  <finalization candidates="80" enqueued="0" />
  <ownableSynchronizers candidates="21" cleared="0" />
  <references type="soft" candidates="1855" cleared="0" enqueued="0" dynamicThreshold="25" maxThreshold="32" />
  <references type="weak" candidates="5718" cleared="0" enqueued="0" />
  <references type="phantom" candidates="97" cleared="0" enqueued="0" />
  <stringconstants candidates="13235" cleared="0"  />
</gc-op>
<gc-op id="3112" type="sweep" timems="7.697" contextid="3108" timestamp="2019-08-04T20:35:38.005" />
<heap-resize id="3113" type="contract" space="tenure" amount="917504" count="1" timems="0.072" reason="insufficient time being spent in gc" timestamp="2019-08-04T20:35:38.005" />
<gc-end id="3114" type="global" contextid="3108" durationms="18.952" usertimems="77.991" systemtimems="0.000" timestamp="2019-08-04T20:35:38.005" activeThreads="16">
  <mem-info id="3115" free="73481528" total="91553792" percent="80">
    <mem type="tenure" free="73481528" total="91553792" percent="80" micro-fragmented="70673">
      <mem type="soa" free="72587240" total="90638336" percent="80" />
      <mem type="loa" free="894288" total="915456" percent="97" />
    </mem>
  </mem-info>
</gc-end>
<cycle-end id="3116" type="global" contextid="3108" timestamp="2019-08-04T20:35:38.005">
  <attribute name="GC Util" value="161" />
  <attribute name="CPU Util" value="12171416569777" />
  <attribute name="Time Running"value="78244"/>
  <attribute name="Number of cores"value="16"/>
</cycle-end>
<allocation-satisfied id="3117" threadId="0000000000968F00" bytesRequested="32" />
<af-end id="3118" timestamp="2019-08-04T20:35:38.005" threadId="0000000000969888" success="true" />
<exclusive-end id="3119" timestamp="2019-08-04T20:35:38.005" durationms="19.211" />

<concurrent-kickoff id="3120" timestamp="2019-08-04T20:35:38.154">
  <kickoff reason="threshold reached" targetBytes="7257227" thresholdFreeBytes="988308" remainingFree="897504" tenureFreeBytes="897504" />
</concurrent-kickoff>
<exclusive-start id="3121" timestamp="2019-08-04T20:35:38.154" intervalms="168.638">
  <response-info timems="0.028" idlems="0.028" threads="0" lastid="0000000000968F00" lastname="main" />
</exclusive-start>
<cycle-start id="3122" type="global" contextid="0" timestamp="2019-08-04T20:35:38.154" intervalms="168.592" />
  <attribute name="GC Util" value="161" />
  <attribute name="CPU Util" value="12171416569777" />
  <attribute name="Time Running"value="78244"/>
  <attribute name="Number of cores"value="16"/>
<exclusive-end id="3123" timestamp="2019-08-04T20:35:38.154" durationms="0.021" />

<exclusive-start id="3124" timestamp="2019-08-04T20:35:38.155" intervalms="0.498">
  <response-info timems="0.009" idlems="0.009" threads="0" lastid="0000000000968F00" lastname="main" />
</exclusive-start>
<af-start id="3125" threadId="0000000000969888" totalBytesRequested="80" timestamp="2019-08-04T20:35:38.155" intervalms="169.139" />
<concurrent-aborted id="3126" timestamp="2019-08-04T20:35:38.155">
  <reason value="insufficient progress made" />
</concurrent-aborted>
<cycle-end id="3127" type="global" contextid="3122" timestamp="2019-08-04T20:35:38.155">
  <attribute name="GC Util" value="161" />
  <attribute name="CPU Util" value="12171416569777" />
  <attribute name="Time Running"value="78244"/>
  <attribute name="Number of cores"value="16"/>
</cycle-end>
<cycle-start id="3128" type="global" contextid="0" timestamp="2019-08-04T20:35:38.155" intervalms="0.547" />
  <attribute name="GC Util" value="161" />
  <attribute name="CPU Util" value="12171416569777" />
  <attribute name="Time Running"value="78244"/>
  <attribute name="Number of cores"value="16"/>
<gc-start id="3129" type="global" contextid="3128" timestamp="2019-08-04T20:35:38.155">
  <mem-info id="3130" free="894288" total="91553792" percent="0">
    <mem type="tenure" free="894288" total="91553792" percent="0">
      <mem type="soa" free="0" total="90638336" percent="0" />
      <mem type="loa" free="894288" total="915456" percent="97" />
    </mem>
  </mem-info>
</gc-start>
<allocation-stats totalBytes="72574608" >
  <allocated-bytes non-tlh="0" tlh="72574608" />
  <largest-consumer threadName="main" threadId="0000000000968F00" bytes="72574608" />
</allocation-stats>
<gc-op id="3131" type="mark" timems="11.880" contextid="3128" timestamp="2019-08-04T20:35:38.167">
  <trace-info objectcount="598880" scancount="519912" scanbytes="13346672" />
  <finalization candidates="80" enqueued="0" />
  <ownableSynchronizers candidates="21" cleared="0" />
  <references type="soft" candidates="1855" cleared="0" enqueued="0" dynamicThreshold="25" maxThreshold="32" />
  <references type="weak" candidates="5718" cleared="0" enqueued="0" />
  <references type="phantom" candidates="97" cleared="0" enqueued="0" />
  <stringconstants candidates="13235" cleared="0"  />
</gc-op>
<gc-op id="3132" type="sweep" timems="6.789" contextid="3128" timestamp="2019-08-04T20:35:38.174" />
<heap-resize id="3133" type="contract" space="tenure" amount="851968" count="1" timems="0.056" reason="excess free space following gc" timestamp="2019-08-04T20:35:38.174" />
<gc-end id="3134" type="global" contextid="3128" durationms="18.880" usertimems="71.631" systemtimems="0.000" timestamp="2019-08-04T20:35:38.174" activeThreads="16">
  <mem-info id="3135" free="72569536" total="90701824" percent="80">
    <mem type="tenure" free="72569536" total="90701824" percent="80" micro-fragmented="70673">
      <mem type="soa" free="71744488" total="89795584" percent="79" />
      <mem type="loa" free="825048" total="906240" percent="91" />
    </mem>
  </mem-info>
</gc-end>
<cycle-end id="3136" type="global" contextid="3128" timestamp="2019-08-04T20:35:38.174">
  <attribute name="GC Util" value="196" />
  <attribute name="CPU Util" value="16172586567215" />
  <attribute name="Time Running"value="78414"/>
  <attribute name="Number of cores"value="16"/>
</cycle-end>
<allocation-satisfied id="3137" threadId="0000000000968F00" bytesRequested="80" />
<af-end id="3138" timestamp="2019-08-04T20:35:38.174" threadId="0000000000969888" success="true" />
<exclusive-end id="3139" timestamp="2019-08-04T20:35:38.174" durationms="19.077" />

<concurrent-kickoff id="3140" timestamp="2019-08-04T20:35:38.245">
  <kickoff reason="threshold reached" targetBytes="7189695" thresholdFreeBytes="979111" remainingFree="903016" tenureFreeBytes="903016" />
</concurrent-kickoff>
<exclusive-start id="3141" timestamp="2019-08-04T20:35:38.245" intervalms="90.003">
  <response-info timems="0.026" idlems="0.026" threads="0" lastid="0000000000968F00" lastname="main" />
</exclusive-start>
<cycle-start id="3142" type="global" contextid="0" timestamp="2019-08-04T20:35:38.245" intervalms="90.056" />
  <attribute name="GC Util" value="196" />
  <attribute name="CPU Util" value="16172586567215" />
  <attribute name="Time Running"value="78414"/>
  <attribute name="Number of cores"value="16"/>
<exclusive-end id="3143" timestamp="2019-08-04T20:35:38.245" durationms="0.124" />

<exclusive-start id="3144" timestamp="2019-08-04T20:35:38.246" intervalms="0.675">
  <response-info timems="0.033" idlems="0.033" threads="0" lastid="0000000000968F00" lastname="main" />
</exclusive-start>
<af-start id="3145" threadId="0000000000969888" totalBytesRequested="584" timestamp="2019-08-04T20:35:38.246" intervalms="90.696" />
<concurrent-aborted id="3146" timestamp="2019-08-04T20:35:38.246">
  <reason value="insufficient progress made" />
</concurrent-aborted>
<cycle-end id="3147" type="global" contextid="3142" timestamp="2019-08-04T20:35:38.246">
  <attribute name="GC Util" value="196" />
  <attribute name="CPU Util" value="16172586567215" />
  <attribute name="Time Running"value="78414"/>
  <attribute name="Number of cores"value="16"/>
</cycle-end>
<cycle-start id="3148" type="global" contextid="0" timestamp="2019-08-04T20:35:38.246" intervalms="0.642" />
  <attribute name="GC Util" value="196" />
  <attribute name="CPU Util" value="16172586567215" />
  <attribute name="Time Running"value="78414"/>
  <attribute name="Number of cores"value="16"/>
<gc-start id="3149" type="global" contextid="3148" timestamp="2019-08-04T20:35:38.246">
  <mem-info id="3150" free="825048" total="90701824" percent="0">
    <mem type="tenure" free="825048" total="90701824" percent="0">
      <mem type="soa" free="0" total="89795584" percent="0" />
      <mem type="loa" free="825048" total="906240" percent="91" />
    </mem>
  </mem-info>
</gc-start>
<allocation-stats totalBytes="71658344" >
  <allocated-bytes non-tlh="0" tlh="71658344" />
  <largest-consumer threadName="main" threadId="0000000000968F00" bytes="71658344" />
</allocation-stats>
<gc-op id="3151" type="mark" timems="10.714" contextid="3148" timestamp="2019-08-04T20:35:38.256">
  <trace-info objectcount="598879" scancount="519913" scanbytes="13346440" />
  <finalization candidates="80" enqueued="0" />
  <ownableSynchronizers candidates="21" cleared="0" />
  <references type="soft" candidates="1855" cleared="0" enqueued="0" dynamicThreshold="25" maxThreshold="32" />
  <references type="weak" candidates="5718" cleared="0" enqueued="0" />
  <references type="phantom" candidates="97" cleared="0" enqueued="0" />
  <stringconstants candidates="13235" cleared="0"  />
</gc-op>
<gc-op id="3152" type="sweep" timems="6.056" contextid="3148" timestamp="2019-08-04T20:35:38.263" />
<heap-resize id="3153" type="contract" space="tenure" amount="851968" count="1" timems="0.065" reason="excess free space following gc" timestamp="2019-08-04T20:35:38.263" />
<gc-end id="3154" type="global" contextid="3148" durationms="17.019" usertimems="69.004" systemtimems="0.000" timestamp="2019-08-04T20:35:38.263" activeThreads="16">
  <mem-info id="3155" free="71739232" total="89849856" percent="79">
    <mem type="tenure" free="71739232" total="89849856" percent="79" micro-fragmented="70673">
      <mem type="soa" free="70899944" total="88951808" percent="79" />
      <mem type="loa" free="839288" total="898048" percent="93" />
    </mem>
  </mem-info>
</gc-end>
<cycle-end id="3156" type="global" contextid="3148" timestamp="2019-08-04T20:35:38.263">
  <attribute name="GC Util" value="161" />
  <attribute name="CPU Util" value="9473680519016" />
  <attribute name="Time Running"value="78504"/>
  <attribute name="Number of cores"value="16"/>
</cycle-end>
<allocation-satisfied id="3157" threadId="0000000000968F00" bytesRequested="584" />
<af-end id="3158" timestamp="2019-08-04T20:35:38.263" threadId="0000000000969888" success="true" />
<exclusive-end id="3159" timestamp="2019-08-04T20:35:38.263" durationms="17.225" />

<concurrent-kickoff id="3160" timestamp="2019-08-04T20:35:38.316">
  <kickoff reason="threshold reached" targetBytes="7122162" thresholdFreeBytes="969914" remainingFree="859912" tenureFreeBytes="859912" />
</concurrent-kickoff>
<exclusive-start id="3161" timestamp="2019-08-04T20:35:38.316" intervalms="70.589">
  <response-info timems="0.107" idlems="0.107" threads="0" lastid="0000000000968F00" lastname="main" />
</exclusive-start>
<cycle-start id="3162" type="global" contextid="0" timestamp="2019-08-04T20:35:38.316" intervalms="70.521" />
  <attribute name="GC Util" value="161" />
  <attribute name="CPU Util" value="9473680519016" />
  <attribute name="Time Running"value="78504"/>
  <attribute name="Number of cores"value="16"/>
<exclusive-end id="3163" timestamp="2019-08-04T20:35:38.316" durationms="0.021" />

<exclusive-start id="3164" timestamp="2019-08-04T20:35:38.316" intervalms="0.327">
  <response-info timems="0.075" idlems="0.075" threads="0" lastid="0000000000968F00" lastname="main" />
</exclusive-start>
<af-start id="3165" threadId="0000000000969888" totalBytesRequested="16" timestamp="2019-08-04T20:35:38.317" intervalms="70.916" />
<concurrent-aborted id="3166" timestamp="2019-08-04T20:35:38.317">
  <reason value="insufficient progress made" />
</concurrent-aborted>
<cycle-end id="3167" type="global" contextid="3162" timestamp="2019-08-04T20:35:38.317">
  <attribute name="GC Util" value="161" />
  <attribute name="CPU Util" value="9473680519016" />
  <attribute name="Time Running"value="78504"/>
  <attribute name="Number of cores"value="16"/>
</cycle-end>
<cycle-start id="3168" type="global" contextid="0" timestamp="2019-08-04T20:35:38.317" intervalms="0.402" />
  <attribute name="GC Util" value="161" />
  <attribute name="CPU Util" value="9473680519016" />
  <attribute name="Time Running"value="78504"/>
  <attribute name="Number of cores"value="16"/>
<gc-start id="3169" type="global" contextid="3168" timestamp="2019-08-04T20:35:38.317">
  <mem-info id="3170" free="839288" total="89849856" percent="0">
    <mem type="tenure" free="839288" total="89849856" percent="0">
      <mem type="soa" free="0" total="88951808" percent="0" />
      <mem type="loa" free="839288" total="898048" percent="93" />
    </mem>
  </mem-info>
</gc-start>
<allocation-stats totalBytes="70797848" >
  <allocated-bytes non-tlh="0" tlh="70797848" />
  <largest-consumer threadName="main" threadId="0000000000968F00" bytes="70797848" />
</allocation-stats>
<gc-op id="3171" type="mark" timems="14.099" contextid="3168" timestamp="2019-08-04T20:35:38.331">
  <trace-info objectcount="598878" scancount="519911" scanbytes="13346424" />
  <finalization candidates="80" enqueued="0" />
  <ownableSynchronizers candidates="21" cleared="0" />
  <references type="soft" candidates="1855" cleared="0" enqueued="0" dynamicThreshold="25" maxThreshold="32" />
  <references type="weak" candidates="5718" cleared="0" enqueued="0" />
  <references type="phantom" candidates="97" cleared="0" enqueued="0" />
  <stringconstants candidates="13235" cleared="0"  />
</gc-op>
<gc-op id="3172" type="sweep" timems="5.705" contextid="3168" timestamp="2019-08-04T20:35:38.337" />
<heap-resize id="3173" type="contract" space="tenure" amount="851968" count="1" timems="0.052" reason="excess free space following gc" timestamp="2019-08-04T20:35:38.337" />
<gc-end id="3174" type="global" contextid="3168" durationms="20.010" usertimems="91.367" systemtimems="0.000" timestamp="2019-08-04T20:35:38.337" activeThreads="16">
  <mem-info id="3175" free="70896600" total="88997888" percent="79">
    <mem type="tenure" free="70896600" total="88997888" percent="79" micro-fragmented="70673">
      <mem type="soa" free="70056168" total="88108032" percent="79" />
      <mem type="loa" free="840432" total="889856" percent="94" />
    </mem>
  </mem-info>
</gc-end>
<cycle-end id="3176" type="global" contextid="3168" timestamp="2019-08-04T20:35:38.337">
  <attribute name="GC Util" value="181" />
  <attribute name="CPU Util" value="11099951699288" />
  <attribute name="Time Running"value="78578"/>
  <attribute name="Number of cores"value="16"/>
</cycle-end>
<allocation-satisfied id="3177" threadId="0000000000968F00" bytesRequested="16" />
<af-end id="3178" timestamp="2019-08-04T20:35:38.337" threadId="0000000000969888" success="true" />
<exclusive-end id="3179" timestamp="2019-08-04T20:35:38.337" durationms="20.250" />

* Round 1 done in 12.969 seconds.
<concurrent-kickoff id="3180" timestamp="2019-08-04T20:35:38.376">
  <kickoff reason="threshold reached" targetBytes="7054627" thresholdFreeBytes="960716" remainingFree="934784" tenureFreeBytes="934784" />
</concurrent-kickoff>
<exclusive-start id="3181" timestamp="2019-08-04T20:35:38.377" intervalms="60.187">
  <response-info timems="0.057" idlems="0.057" threads="0" lastid="0000000000968F00" lastname="main" />
</exclusive-start>
<cycle-start id="3182" type="global" contextid="0" timestamp="2019-08-04T20:35:38.377" intervalms="60.119" />
  <attribute name="GC Util" value="181" />
  <attribute name="CPU Util" value="11099951699288" />
  <attribute name="Time Running"value="78578"/>
  <attribute name="Number of cores"value="16"/>
<exclusive-end id="3183" timestamp="2019-08-04T20:35:38.377" durationms="0.027" />

<exclusive-start id="3184" timestamp="2019-08-04T20:35:38.377" intervalms="0.328">
  <response-info timems="0.033" idlems="0.033" threads="0" lastid="0000000000968F00" lastname="main" />
</exclusive-start>
<af-start id="3185" threadId="0000000000969888" totalBytesRequested="16" timestamp="2019-08-04T20:35:38.377" intervalms="60.492" />
<concurrent-aborted id="3186" timestamp="2019-08-04T20:35:38.377">
  <reason value="insufficient progress made" />
</concurrent-aborted>
<cycle-end id="3187" type="global" contextid="3182" timestamp="2019-08-04T20:35:38.377">
  <attribute name="GC Util" value="181" />
  <attribute name="CPU Util" value="11099951699288" />
  <attribute name="Time Running"value="78578"/>
  <attribute name="Number of cores"value="16"/>
</cycle-end>
<cycle-start id="3188" type="global" contextid="0" timestamp="2019-08-04T20:35:38.377" intervalms="0.373" />
  <attribute name="GC Util" value="181" />
  <attribute name="CPU Util" value="11099951699288" />
  <attribute name="Time Running"value="78578"/>
  <attribute name="Number of cores"value="16"/>
<gc-start id="3189" type="global" contextid="3188" timestamp="2019-08-04T20:35:38.377">
  <mem-info id="3190" free="840432" total="88997888" percent="0">
    <mem type="tenure" free="840432" total="88997888" percent="0">
      <mem type="soa" free="0" total="88108032" percent="0" />
      <mem type="loa" free="840432" total="889856" percent="94" />
    </mem>
  </mem-info>
</gc-start>
<allocation-stats totalBytes="69973352" >
  <allocated-bytes non-tlh="2800" tlh="69970552" />
  <largest-consumer threadName="main" threadId="0000000000968F00" bytes="69973352" />
</allocation-stats>
<gc-op id="3191" type="mark" timems="11.379" contextid="3188" timestamp="2019-08-04T20:35:38.388">
  <trace-info objectcount="596605" scancount="517595" scanbytes="13284216" />
  <finalization candidates="80" enqueued="0" />
  <ownableSynchronizers candidates="21" cleared="0" />
  <references type="soft" candidates="1863" cleared="0" enqueued="0" dynamicThreshold="25" maxThreshold="32" />
  <references type="weak" candidates="5734" cleared="4" enqueued="3" />
  <references type="phantom" candidates="97" cleared="0" enqueued="0" />
  <stringconstants candidates="13260" cleared="0"  />
</gc-op>
<gc-op id="3192" type="sweep" timems="4.823" contextid="3188" timestamp="2019-08-04T20:35:38.394" />
<heap-resize id="3193" type="contract" space="tenure" amount="851968" count="1" timems="0.052" reason="excess free space following gc" timestamp="2019-08-04T20:35:38.394" />
<gc-end id="3194" type="global" contextid="3188" durationms="16.664" usertimems="71.385" systemtimems="0.000" timestamp="2019-08-04T20:35:38.394" activeThreads="16">
  <mem-info id="3195" free="70115488" total="88145920" percent="79">
    <mem type="tenure" free="70115488" total="88145920" percent="79" micro-fragmented="76387">
      <mem type="soa" free="69273216" total="87265280" percent="79" />
      <mem type="loa" free="842272" total="880640" percent="95" />
    </mem>
    <pending-finalizers system="0" default="0" reference="3" classloader="0" />
  </mem-info>
</gc-end>
<cycle-end id="3196" type="global" contextid="3188" timestamp="2019-08-04T20:35:38.394">
  <attribute name="GC Util" value="119" />
  <attribute name="CPU Util" value="7986291166992" />
  <attribute name="Time Running"value="78637"/>
  <attribute name="Number of cores"value="16"/>
</cycle-end>
<allocation-satisfied id="3197" threadId="0000000000968F00" bytesRequested="16" />
<af-end id="3198" timestamp="2019-08-04T20:35:38.394" threadId="0000000000969888" success="true" />
<exclusive-end id="3199" timestamp="2019-08-04T20:35:38.394" durationms="16.837" />

<concurrent-kickoff id="3200" timestamp="2019-08-04T20:35:38.599">
  <kickoff reason="threshold reached" targetBytes="6987094" thresholdFreeBytes="951519" remainingFree="880304" tenureFreeBytes="880304" />
</concurrent-kickoff>
<exclusive-start id="3201" timestamp="2019-08-04T20:35:38.600" intervalms="222.643">
  <response-info timems="0.019" idlems="0.019" threads="0" lastid="0000000000968F00" lastname="main" />
</exclusive-start>
<cycle-start id="3202" type="global" contextid="0" timestamp="2019-08-04T20:35:38.600" intervalms="222.595" />
  <attribute name="GC Util" value="119" />
  <attribute name="CPU Util" value="7986291166992" />
  <attribute name="Time Running"value="78637"/>
  <attribute name="Number of cores"value="16"/>
<exclusive-end id="3203" timestamp="2019-08-04T20:35:38.600" durationms="0.024" />

<exclusive-start id="3204" timestamp="2019-08-04T20:35:38.600" intervalms="0.185">
  <response-info timems="0.008" idlems="0.008" threads="0" lastid="0000000000968F00" lastname="main" />
</exclusive-start>
<af-start id="3205" threadId="0000000000969888" totalBytesRequested="1168" timestamp="2019-08-04T20:35:38.600" intervalms="222.831" />
<concurrent-aborted id="3206" timestamp="2019-08-04T20:35:38.600">
  <reason value="insufficient progress made" />
</concurrent-aborted>
<cycle-end id="3207" type="global" contextid="3202" timestamp="2019-08-04T20:35:38.600">
  <attribute name="GC Util" value="119" />
  <attribute name="CPU Util" value="7986291166992" />
  <attribute name="Time Running"value="78637"/>
  <attribute name="Number of cores"value="16"/>
</cycle-end>
<cycle-start id="3208" type="global" contextid="0" timestamp="2019-08-04T20:35:38.600" intervalms="0.226" />
  <attribute name="GC Util" value="119" />
  <attribute name="CPU Util" value="7986291166992" />
  <attribute name="Time Running"value="78637"/>
  <attribute name="Number of cores"value="16"/>
<gc-start id="3209" type="global" contextid="3208" timestamp="2019-08-04T20:35:38.600">
  <mem-info id="3210" free="842272" total="88145920" percent="0">
    <mem type="tenure" free="842272" total="88145920" percent="0">
      <mem type="soa" free="0" total="87265280" percent="0" />
      <mem type="loa" free="842272" total="880640" percent="95" />
    </mem>
  </mem-info>
</gc-start>
<allocation-stats totalBytes="69163488" >
  <allocated-bytes non-tlh="2336" tlh="69161152" />
  <largest-consumer threadName="main" threadId="0000000000968F00" bytes="69163488" />
</allocation-stats>
<gc-op id="3211" type="mark" timems="9.786" contextid="3208" timestamp="2019-08-04T20:35:38.610">
  <trace-info objectcount="596613" scancount="517610" scanbytes="13284408" />
  <finalization candidates="80" enqueued="0" />
  <ownableSynchronizers candidates="21" cleared="0" />
  <references type="soft" candidates="1863" cleared="0" enqueued="0" dynamicThreshold="25" maxThreshold="32" />
  <references type="weak" candidates="5730" cleared="0" enqueued="0" />
  <references type="phantom" candidates="97" cleared="0" enqueued="0" />
  <stringconstants candidates="13260" cleared="0"  />
</gc-op>
<gc-op id="3212" type="sweep" timems="4.058" contextid="3208" timestamp="2019-08-04T20:35:38.614" />
<heap-resize id="3213" type="contract" space="tenure" amount="851968" count="1" timems="0.065" reason="excess free space following gc" timestamp="2019-08-04T20:35:38.614" />
<gc-end id="3214" type="global" contextid="3208" durationms="14.045" usertimems="67.196" systemtimems="0.000" timestamp="2019-08-04T20:35:38.614" activeThreads="16">
  <mem-info id="3215" free="69269680" total="87293952" percent="79">
    <mem type="tenure" free="69269680" total="87293952" percent="79" micro-fragmented="77523">
      <mem type="soa" free="68427008" total="86421504" percent="79" />
      <mem type="loa" free="842672" total="872448" percent="96" />
    </mem>
  </mem-info>
</gc-end>
<cycle-end id="3216" type="global" contextid="3208" timestamp="2019-08-04T20:35:38.614">
  <attribute name="GC Util" value="191" />
  <attribute name="CPU Util" value="12130213586092" />
  <attribute name="Time Running"value="78857"/>
  <attribute name="Number of cores"value="16"/>
</cycle-end>
<allocation-satisfied id="3217" threadId="0000000000968F00" bytesRequested="1168" />
<af-end id="3218" timestamp="2019-08-04T20:35:38.614" threadId="0000000000969888" success="true" />
<exclusive-end id="3219" timestamp="2019-08-04T20:35:38.614" durationms="14.235" />

<concurrent-kickoff id="3220" timestamp="2019-08-04T20:35:38.622">
  <kickoff reason="threshold reached" targetBytes="6919561" thresholdFreeBytes="942322" remainingFree="842672" tenureFreeBytes="842672" />
</concurrent-kickoff>
<exclusive-start id="3221" timestamp="2019-08-04T20:35:38.622" intervalms="22.303">
  <response-info timems="0.030" idlems="0.030" threads="0" lastid="0000000000968F00" lastname="main" />
</exclusive-start>
<cycle-start id="3222" type="global" contextid="0" timestamp="2019-08-04T20:35:38.622" intervalms="22.267" />
  <attribute name="GC Util" value="191" />
  <attribute name="CPU Util" value="12130213586092" />
  <attribute name="Time Running"value="78857"/>
  <attribute name="Number of cores"value="16"/>
<exclusive-end id="3223" timestamp="2019-08-04T20:35:38.622" durationms="0.033" />

<exclusive-start id="3224" timestamp="2019-08-04T20:35:38.622" intervalms="0.094">
  <response-info timems="0.010" idlems="0.010" threads="0" lastid="0000000000968F00" lastname="main" />
</exclusive-start>
<af-start id="3225" threadId="0000000000969888" totalBytesRequested="1168" timestamp="2019-08-04T20:35:38.622" intervalms="22.394" />
<concurrent-aborted id="3226" timestamp="2019-08-04T20:35:38.622">
  <reason value="insufficient progress made" />
</concurrent-aborted>
<cycle-end id="3227" type="global" contextid="3222" timestamp="2019-08-04T20:35:38.622">
  <attribute name="GC Util" value="191" />
  <attribute name="CPU Util" value="12130213586092" />
  <attribute name="Time Running"value="78857"/>
  <attribute name="Number of cores"value="16"/>
</cycle-end>
<cycle-start id="3228" type="global" contextid="0" timestamp="2019-08-04T20:35:38.622" intervalms="0.147" />
  <attribute name="GC Util" value="191" />
  <attribute name="CPU Util" value="12130213586092" />
  <attribute name="Time Running"value="78857"/>
  <attribute name="Number of cores"value="16"/>
<gc-start id="3229" type="global" contextid="3228" timestamp="2019-08-04T20:35:38.622">
  <mem-info id="3230" free="842672" total="87293952" percent="0">
    <mem type="tenure" free="842672" total="87293952" percent="0">
      <mem type="soa" free="0" total="86421504" percent="0" />
      <mem type="loa" free="842672" total="872448" percent="96" />
    </mem>
  </mem-info>
</gc-start>
<allocation-stats totalBytes="68123968" >
  <allocated-bytes non-tlh="40880" tlh="68083088" />
  <largest-consumer threadName="main" threadId="0000000000968F00" bytes="68123968" />
</allocation-stats>
<gc-op id="3231" type="mark" timems="9.891" contextid="3228" timestamp="2019-08-04T20:35:38.632">
  <trace-info objectcount="596614" scancount="517609" scanbytes="13284432" />
  <finalization candidates="80" enqueued="0" />
  <ownableSynchronizers candidates="21" cleared="0" />
  <references type="soft" candidates="1863" cleared="0" enqueued="0" dynamicThreshold="25" maxThreshold="32" />
  <references type="weak" candidates="5730" cleared="0" enqueued="0" />
  <references type="phantom" candidates="97" cleared="0" enqueued="0" />
  <stringconstants candidates="13260" cleared="0"  />
</gc-op>
<gc-op id="3232" type="sweep" timems="2.722" contextid="3228" timestamp="2019-08-04T20:35:38.635" />
<heap-resize id="3233" type="contract" space="tenure" amount="851968" count="1" timems="0.055" reason="excess free space following gc" timestamp="2019-08-04T20:35:38.635" />
<gc-end id="3234" type="global" contextid="3228" durationms="12.809" usertimems="67.703" systemtimems="0.000" timestamp="2019-08-04T20:35:38.635" activeThreads="16">
  <mem-info id="3235" free="68397784" total="86441984" percent="79">
    <mem type="tenure" free="68397784" total="86441984" percent="79" micro-fragmented="77523">
      <mem type="soa" free="67583232" total="85577728" percent="78" />
      <mem type="loa" free="814552" total="864256" percent="94" />
    </mem>
  </mem-info>
</gc-end>
<cycle-end id="3236" type="global" contextid="3228" timestamp="2019-08-04T20:35:38.635">
  <attribute name="GC Util" value="197" />
  <attribute name="CPU Util" value="14828309554947" />
  <attribute name="Time Running"value="78879"/>
  <attribute name="Number of cores"value="16"/>
</cycle-end>
<allocation-satisfied id="3237" threadId="0000000000968F00" bytesRequested="1168" />
<af-end id="3238" timestamp="2019-08-04T20:35:38.635" threadId="0000000000969888" success="true" />
<exclusive-end id="3239" timestamp="2019-08-04T20:35:38.635" durationms="13.031" />

<concurrent-kickoff id="3240" timestamp="2019-08-04T20:35:38.643">
  <kickoff reason="threshold reached" targetBytes="6852028" thresholdFreeBytes="933125" remainingFree="868968" tenureFreeBytes="868968" />
</concurrent-kickoff>
<exclusive-start id="3241" timestamp="2019-08-04T20:35:38.643" intervalms="20.723">
  <response-info timems="0.026" idlems="0.026" threads="0" lastid="0000000000968F00" lastname="main" />
</exclusive-start>
<cycle-start id="3242" type="global" contextid="0" timestamp="2019-08-04T20:35:38.643" intervalms="20.664" />
  <attribute name="GC Util" value="197" />
  <attribute name="CPU Util" value="14828309554947" />
  <attribute name="Time Running"value="78879"/>
  <attribute name="Number of cores"value="16"/>
<exclusive-end id="3243" timestamp="2019-08-04T20:35:38.643" durationms="0.022" />

<exclusive-start id="3244" timestamp="2019-08-04T20:35:38.643" intervalms="0.184">
  <response-info timems="0.008" idlems="0.008" threads="0" lastid="0000000000968F00" lastname="main" />
</exclusive-start>
<af-start id="3245" threadId="0000000000969888" totalBytesRequested="1168" timestamp="2019-08-04T20:35:38.643" intervalms="20.911" />
<concurrent-aborted id="3246" timestamp="2019-08-04T20:35:38.643">
  <reason value="insufficient progress made" />
</concurrent-aborted>
<cycle-end id="3247" type="global" contextid="3242" timestamp="2019-08-04T20:35:38.643">
  <attribute name="GC Util" value="197" />
  <attribute name="CPU Util" value="14828309554947" />
  <attribute name="Time Running"value="78879"/>
  <attribute name="Number of cores"value="16"/>
</cycle-end>
<cycle-start id="3248" type="global" contextid="0" timestamp="2019-08-04T20:35:38.643" intervalms="0.241" />
  <attribute name="GC Util" value="197" />
  <attribute name="CPU Util" value="14828309554947" />
  <attribute name="Time Running"value="78879"/>
  <attribute name="Number of cores"value="16"/>
<gc-start id="3249" type="global" contextid="3248" timestamp="2019-08-04T20:35:38.643">
  <mem-info id="3250" free="814552" total="86441984" percent="0">
    <mem type="tenure" free="814552" total="86441984" percent="0">
      <mem type="soa" free="0" total="85577728" percent="0" />
      <mem type="loa" free="814552" total="864256" percent="94" />
    </mem>
  </mem-info>
</gc-start>
<allocation-stats totalBytes="67295872" >
  <allocated-bytes non-tlh="40880" tlh="67254992" />
  <largest-consumer threadName="main" threadId="0000000000968F00" bytes="67295872" />
</allocation-stats>
<gc-op id="3251" type="mark" timems="9.156" contextid="3248" timestamp="2019-08-04T20:35:38.652">
  <trace-info objectcount="596614" scancount="517583" scanbytes="13284432" />
  <finalization candidates="80" enqueued="0" />
  <ownableSynchronizers candidates="21" cleared="0" />
  <references type="soft" candidates="1863" cleared="0" enqueued="0" dynamicThreshold="25" maxThreshold="32" />
  <references type="weak" candidates="5730" cleared="0" enqueued="0" />
  <references type="phantom" candidates="97" cleared="0" enqueued="0" />
  <stringconstants candidates="13260" cleared="0"  />
</gc-op>
<gc-op id="3252" type="sweep" timems="3.189" contextid="3248" timestamp="2019-08-04T20:35:38.656" />
<heap-resize id="3253" type="contract" space="tenure" amount="851968" count="1" timems="0.077" reason="excess free space following gc" timestamp="2019-08-04T20:35:38.656" />
<gc-end id="3254" type="global" contextid="3248" durationms="12.617" usertimems="64.803" systemtimems="0.000" timestamp="2019-08-04T20:35:38.656" activeThreads="16">
  <mem-info id="3255" free="67552192" total="85590016" percent="78">
    <mem type="tenure" free="67552192" total="85590016" percent="78" micro-fragmented="77523">
      <mem type="soa" free="66740480" total="84734976" percent="78" />
      <mem type="loa" free="811712" total="855040" percent="94" />
    </mem>
  </mem-info>
</gc-end>
<cycle-end id="3256" type="global" contextid="3248" timestamp="2019-08-04T20:35:38.656">
  <attribute name="GC Util" value="160" />
  <attribute name="CPU Util" value="14266413179340" />
  <attribute name="Time Running"value="78899"/>
  <attribute name="Number of cores"value="16"/>
</cycle-end>
<allocation-satisfied id="3257" threadId="0000000000968F00" bytesRequested="1168" />
<af-end id="3258" timestamp="2019-08-04T20:35:38.656" threadId="0000000000969888" success="true" />
<exclusive-end id="3259" timestamp="2019-08-04T20:35:38.656" durationms="12.853" />

<concurrent-kickoff id="3260" timestamp="2019-08-04T20:35:38.663">
  <kickoff reason="threshold reached" targetBytes="6784495" thresholdFreeBytes="923929" remainingFree="811712" tenureFreeBytes="811712" />
</concurrent-kickoff>
<exclusive-start id="3261" timestamp="2019-08-04T20:35:38.663" intervalms="20.273">
  <response-info timems="0.026" idlems="0.026" threads="0" lastid="0000000000968F00" lastname="main" />
</exclusive-start>
<cycle-start id="3262" type="global" contextid="0" timestamp="2019-08-04T20:35:38.663" intervalms="20.218" />
  <attribute name="GC Util" value="160" />
  <attribute name="CPU Util" value="14266413179340" />
  <attribute name="Time Running"value="78899"/>
  <attribute name="Number of cores"value="16"/>
<exclusive-end id="3263" timestamp="2019-08-04T20:35:38.663" durationms="0.024" />

<exclusive-start id="3264" timestamp="2019-08-04T20:35:38.663" intervalms="0.055">
  <response-info timems="0.006" idlems="0.006" threads="0" lastid="0000000000968F00" lastname="main" />
</exclusive-start>
<af-start id="3265" threadId="0000000000969888" totalBytesRequested="1168" timestamp="2019-08-04T20:35:38.663" intervalms="20.320" />
<concurrent-aborted id="3266" timestamp="2019-08-04T20:35:38.663">
  <reason value="insufficient progress made" />
</concurrent-aborted>
<cycle-end id="3267" type="global" contextid="3262" timestamp="2019-08-04T20:35:38.663">
  <attribute name="GC Util" value="160" />
  <attribute name="CPU Util" value="14266413179340" />
  <attribute name="Time Running"value="78899"/>
  <attribute name="Number of cores"value="16"/>
</cycle-end>
<cycle-start id="3268" type="global" contextid="0" timestamp="2019-08-04T20:35:38.664" intervalms="0.091" />
  <attribute name="GC Util" value="160" />
  <attribute name="CPU Util" value="14266413179340" />
  <attribute name="Time Running"value="78899"/>
  <attribute name="Number of cores"value="16"/>
<gc-start id="3269" type="global" contextid="3268" timestamp="2019-08-04T20:35:38.664">
  <mem-info id="3270" free="811712" total="85590016" percent="0">
    <mem type="tenure" free="811712" total="85590016" percent="0">
      <mem type="soa" free="0" total="84734976" percent="0" />
      <mem type="loa" free="811712" total="855040" percent="94" />
    </mem>
  </mem-info>
</gc-start>
<allocation-stats totalBytes="66455312" >
  <allocated-bytes non-tlh="40880" tlh="66414432" />
  <largest-consumer threadName="main" threadId="0000000000968F00" bytes="66455312" />
</allocation-stats>
<gc-op id="3271" type="mark" timems="12.772" contextid="3268" timestamp="2019-08-04T20:35:38.676">
  <trace-info objectcount="596614" scancount="517606" scanbytes="13284432" />
  <finalization candidates="80" enqueued="0" />
  <ownableSynchronizers candidates="21" cleared="0" />
  <references type="soft" candidates="1863" cleared="0" enqueued="0" dynamicThreshold="25" maxThreshold="32" />
  <references type="weak" candidates="5730" cleared="0" enqueued="0" />
  <references type="phantom" candidates="97" cleared="0" enqueued="0" />
  <stringconstants candidates="13260" cleared="0"  />
</gc-op>
<gc-op id="3272" type="sweep" timems="3.054" contextid="3268" timestamp="2019-08-04T20:35:38.679" />
<heap-resize id="3273" type="contract" space="tenure" amount="851968" count="1" timems="0.049" reason="excess free space following gc" timestamp="2019-08-04T20:35:38.680" />
<gc-end id="3274" type="global" contextid="3268" durationms="16.010" usertimems="99.470" systemtimems="0.000" timestamp="2019-08-04T20:35:38.680" activeThreads="16">
  <mem-info id="3275" free="66683992" total="84738048" percent="78">
    <mem type="tenure" free="66683992" total="84738048" percent="78" micro-fragmented="77523">
      <mem type="soa" free="65896704" total="83891200" percent="78" />
      <mem type="loa" free="787288" total="846848" percent="92" />
    </mem>
  </mem-info>
</gc-end>
<cycle-end id="3276" type="global" contextid="3268" timestamp="2019-08-04T20:35:38.680">
  <attribute name="GC Util" value="133" />
  <attribute name="CPU Util" value="13901820965068" />
  <attribute name="Time Running"value="78923"/>
  <attribute name="Number of cores"value="16"/>
</cycle-end>
<allocation-satisfied id="3277" threadId="0000000000968F00" bytesRequested="1168" />
<af-end id="3278" timestamp="2019-08-04T20:35:38.680" threadId="0000000000969888" success="true" />
<exclusive-end id="3279" timestamp="2019-08-04T20:35:38.680" durationms="16.191" />

<concurrent-kickoff id="3280" timestamp="2019-08-04T20:35:38.687">
  <kickoff reason="threshold reached" targetBytes="6716960" thresholdFreeBytes="914732" remainingFree="859112" tenureFreeBytes="859112" />
</concurrent-kickoff>
<exclusive-start id="3281" timestamp="2019-08-04T20:35:38.687" intervalms="23.939">
  <response-info timems="0.029" idlems="0.029" threads="0" lastid="0000000000968F00" lastname="main" />
</exclusive-start>
<cycle-start id="3282" type="global" contextid="0" timestamp="2019-08-04T20:35:38.687" intervalms="23.895" />
  <attribute name="GC Util" value="133" />
  <attribute name="CPU Util" value="13901820965068" />
  <attribute name="Time Running"value="78923"/>
  <attribute name="Number of cores"value="16"/>
<exclusive-end id="3283" timestamp="2019-08-04T20:35:38.687" durationms="0.016" />

<exclusive-start id="3284" timestamp="2019-08-04T20:35:38.688" intervalms="0.143">
  <response-info timems="0.007" idlems="0.007" threads="0" lastid="0000000000968F00" lastname="main" />
</exclusive-start>
<af-start id="3285" threadId="0000000000969888" totalBytesRequested="1168" timestamp="2019-08-04T20:35:38.688" intervalms="24.082" />
<concurrent-aborted id="3286" timestamp="2019-08-04T20:35:38.688">
  <reason value="insufficient progress made" />
</concurrent-aborted>
<cycle-end id="3287" type="global" contextid="3282" timestamp="2019-08-04T20:35:38.688">
  <attribute name="GC Util" value="133" />
  <attribute name="CPU Util" value="13901820965068" />
  <attribute name="Time Running"value="78923"/>
  <attribute name="Number of cores"value="16"/>
</cycle-end>
<cycle-start id="3288" type="global" contextid="0" timestamp="2019-08-04T20:35:38.688" intervalms="0.186" />
  <attribute name="GC Util" value="133" />
  <attribute name="CPU Util" value="13901820965068" />
  <attribute name="Time Running"value="78923"/>
  <attribute name="Number of cores"value="16"/>
<gc-start id="3289" type="global" contextid="3288" timestamp="2019-08-04T20:35:38.688">
  <mem-info id="3290" free="787288" total="84738048" percent="0">
    <mem type="tenure" free="787288" total="84738048" percent="0">
      <mem type="soa" free="0" total="83891200" percent="0" />
      <mem type="loa" free="787288" total="846848" percent="92" />
    </mem>
  </mem-info>
</gc-start>
<allocation-stats totalBytes="65613544" >
  <allocated-bytes non-tlh="40880" tlh="65572664" />
  <largest-consumer threadName="main" threadId="0000000000968F00" bytes="65613544" />
</allocation-stats>
<gc-op id="3291" type="mark" timems="11.187" contextid="3288" timestamp="2019-08-04T20:35:38.699">
  <trace-info objectcount="596614" scancount="517609" scanbytes="13284432" />
  <finalization candidates="80" enqueued="0" />
  <ownableSynchronizers candidates="21" cleared="0" />
  <references type="soft" candidates="1863" cleared="0" enqueued="0" dynamicThreshold="25" maxThreshold="32" />
  <references type="weak" candidates="5730" cleared="0" enqueued="0" />
  <references type="phantom" candidates="97" cleared="0" enqueued="0" />
  <stringconstants candidates="13260" cleared="0"  />
</gc-op>
<gc-op id="3292" type="sweep" timems="2.794" contextid="3288" timestamp="2019-08-04T20:35:38.702" />
<heap-resize id="3293" type="contract" space="tenure" amount="786432" count="1" timems="0.049" reason="excess free space following gc" timestamp="2019-08-04T20:35:38.702" />
<gc-end id="3294" type="global" contextid="3288" durationms="14.187" usertimems="79.473" systemtimems="0.000" timestamp="2019-08-04T20:35:38.702" activeThreads="16">
  <mem-info id="3295" free="65856880" total="83951616" percent="78">
    <mem type="tenure" free="65856880" total="83951616" percent="78" micro-fragmented="77523">
      <mem type="soa" free="65118464" total="83112960" percent="78" />
      <mem type="loa" free="738416" total="838656" percent="88" />
    </mem>
  </mem-info>
</gc-end>
<cycle-end id="3296" type="global" contextid="3288" timestamp="2019-08-04T20:35:38.702">
  <attribute name="GC Util" value="159" />
  <attribute name="CPU Util" value="14245106413114" />
  <attribute name="Time Running"value="78946"/>
  <attribute name="Number of cores"value="16"/>
</cycle-end>
<allocation-satisfied id="3297" threadId="0000000000968F00" bytesRequested="1168" />
<af-end id="3298" timestamp="2019-08-04T20:35:38.702" threadId="0000000000969888" success="true" />
<exclusive-end id="3299" timestamp="2019-08-04T20:35:38.702" durationms="14.364" />

<concurrent-kickoff id="3300" timestamp="2019-08-04T20:35:38.709">
  <kickoff reason="threshold reached" targetBytes="6654624" thresholdFreeBytes="906243" remainingFree="818432" tenureFreeBytes="818432" />
</concurrent-kickoff>
<exclusive-start id="3301" timestamp="2019-08-04T20:35:38.710" intervalms="22.122">
  <response-info timems="0.030" idlems="0.030" threads="0" lastid="0000000000968F00" lastname="main" />
</exclusive-start>
<cycle-start id="3302" type="global" contextid="0" timestamp="2019-08-04T20:35:38.710" intervalms="22.079" />
  <attribute name="GC Util" value="159" />
  <attribute name="CPU Util" value="14245106413114" />
  <attribute name="Time Running"value="78946"/>
  <attribute name="Number of cores"value="16"/>
<exclusive-end id="3303" timestamp="2019-08-04T20:35:38.710" durationms="0.019" />

<exclusive-start id="3304" timestamp="2019-08-04T20:35:38.710" intervalms="0.174">
  <response-info timems="0.008" idlems="0.008" threads="0" lastid="0000000000968F00" lastname="main" />
</exclusive-start>
<af-start id="3305" threadId="0000000000969888" totalBytesRequested="1168" timestamp="2019-08-04T20:35:38.710" intervalms="22.306" />
<concurrent-aborted id="3306" timestamp="2019-08-04T20:35:38.710">
  <reason value="insufficient progress made" />
</concurrent-aborted>
<cycle-end id="3307" type="global" contextid="3302" timestamp="2019-08-04T20:35:38.710">
  <attribute name="GC Util" value="159" />
  <attribute name="CPU Util" value="14245106413114" />
  <attribute name="Time Running"value="78946"/>
  <attribute name="Number of cores"value="16"/>
</cycle-end>
<cycle-start id="3308" type="global" contextid="0" timestamp="2019-08-04T20:35:38.710" intervalms="0.226" />
  <attribute name="GC Util" value="159" />
  <attribute name="CPU Util" value="14245106413114" />
  <attribute name="Time Running"value="78946"/>
  <attribute name="Number of cores"value="16"/>
<gc-start id="3309" type="global" contextid="3308" timestamp="2019-08-04T20:35:38.710">
  <mem-info id="3310" free="738416" total="83951616" percent="0">
    <mem type="tenure" free="738416" total="83951616" percent="0">
      <mem type="soa" free="0" total="83112960" percent="0" />
      <mem type="loa" free="738416" total="838656" percent="88" />
    </mem>
  </mem-info>
</gc-start>
<allocation-stats totalBytes="64837072" >
  <allocated-bytes non-tlh="40880" tlh="64796192" />
  <largest-consumer threadName="main" threadId="0000000000968F00" bytes="64837072" />
</allocation-stats>
<gc-op id="3311" type="mark" timems="9.475" contextid="3308" timestamp="2019-08-04T20:35:38.719">
  <trace-info objectcount="596614" scancount="517623" scanbytes="13284432" />
  <finalization candidates="80" enqueued="0" />
  <ownableSynchronizers candidates="21" cleared="0" />
  <references type="soft" candidates="1863" cleared="0" enqueued="0" dynamicThreshold="25" maxThreshold="32" />
  <references type="weak" candidates="5730" cleared="0" enqueued="0" />
  <references type="phantom" candidates="97" cleared="0" enqueued="0" />
  <stringconstants candidates="13260" cleared="0"  />
</gc-op>
<gc-op id="3312" type="sweep" timems="3.761" contextid="3308" timestamp="2019-08-04T20:35:38.723" />
<heap-resize id="3313" type="contract" space="tenure" amount="786432" count="1" timems="0.054" reason="excess free space following gc" timestamp="2019-08-04T20:35:38.723" />
<gc-end id="3314" type="global" contextid="3308" durationms="13.430" usertimems="60.891" systemtimems="0.000" timestamp="2019-08-04T20:35:38.723" activeThreads="16">
  <mem-info id="3315" free="65069216" total="83165184" percent="78">
    <mem type="tenure" free="65069216" total="83165184" percent="78" micro-fragmented="77523">
      <mem type="soa" free="64339200" total="82333696" percent="78" />
      <mem type="loa" free="730016" total="831488" percent="87" />
    </mem>
  </mem-info>
</gc-end>
<cycle-end id="3316" type="global" contextid="3308" timestamp="2019-08-04T20:35:38.723">
  <attribute name="GC Util" value="105" />
  <attribute name="CPU Util" value="8278430221603" />
  <attribute name="Time Running"value="78967"/>
  <attribute name="Number of cores"value="16"/>
</cycle-end>
<allocation-satisfied id="3317" threadId="0000000000968F00" bytesRequested="1168" />
<af-end id="3318" timestamp="2019-08-04T20:35:38.723" threadId="0000000000969888" success="true" />
<exclusive-end id="3319" timestamp="2019-08-04T20:35:38.723" durationms="13.625" />

<concurrent-kickoff id="3320" timestamp="2019-08-04T20:35:38.731">
  <kickoff reason="threshold reached" targetBytes="6592285" thresholdFreeBytes="897754" remainingFree="817200" tenureFreeBytes="817200" />
</concurrent-kickoff>
<exclusive-start id="3321" timestamp="2019-08-04T20:35:38.731" intervalms="21.019">
  <response-info timems="0.022" idlems="0.022" threads="0" lastid="0000000000968F00" lastname="main" />
</exclusive-start>
<cycle-start id="3322" type="global" contextid="0" timestamp="2019-08-04T20:35:38.731" intervalms="20.972" />
  <attribute name="GC Util" value="105" />
  <attribute name="CPU Util" value="8278430221603" />
  <attribute name="Time Running"value="78967"/>
  <attribute name="Number of cores"value="16"/>
<exclusive-end id="3323" timestamp="2019-08-04T20:35:38.731" durationms="0.021" />

<exclusive-start id="3324" timestamp="2019-08-04T20:35:38.731" intervalms="0.157">
  <response-info timems="0.008" idlems="0.008" threads="0" lastid="0000000000968F00" lastname="main" />
</exclusive-start>
<af-start id="3325" threadId="0000000000969888" totalBytesRequested="1168" timestamp="2019-08-04T20:35:38.731" intervalms="21.173" />
<concurrent-aborted id="3326" timestamp="2019-08-04T20:35:38.731">
  <reason value="insufficient progress made" />
</concurrent-aborted>
<cycle-end id="3327" type="global" contextid="3322" timestamp="2019-08-04T20:35:38.731">
  <attribute name="GC Util" value="105" />
  <attribute name="CPU Util" value="8278430221603" />
  <attribute name="Time Running"value="78967"/>
  <attribute name="Number of cores"value="16"/>
</cycle-end>
<cycle-start id="3328" type="global" contextid="0" timestamp="2019-08-04T20:35:38.731" intervalms="0.202" />
  <attribute name="GC Util" value="105" />
  <attribute name="CPU Util" value="8278430221603" />
  <attribute name="Time Running"value="78967"/>
  <attribute name="Number of cores"value="16"/>
<gc-start id="3329" type="global" contextid="3328" timestamp="2019-08-04T20:35:38.731">
  <mem-info id="3330" free="730016" total="83165184" percent="0">
    <mem type="tenure" free="730016" total="83165184" percent="0">
      <mem type="soa" free="0" total="82333696" percent="0" />
      <mem type="loa" free="730016" total="831488" percent="87" />
    </mem>
  </mem-info>
</gc-start>
<allocation-stats totalBytes="64061856" >
  <allocated-bytes non-tlh="40880" tlh="64020976" />
  <largest-consumer threadName="main" threadId="0000000000968F00" bytes="64061856" />
</allocation-stats>
<gc-op id="3331" type="mark" timems="9.713" contextid="3328" timestamp="2019-08-04T20:35:38.741">
  <trace-info objectcount="596614" scancount="517611" scanbytes="13284432" />
  <finalization candidates="80" enqueued="0" />
  <ownableSynchronizers candidates="21" cleared="0" />
  <references type="soft" candidates="1863" cleared="0" enqueued="0" dynamicThreshold="25" maxThreshold="32" />
  <references type="weak" candidates="5730" cleared="0" enqueued="0" />
  <references type="phantom" candidates="97" cleared="0" enqueued="0" />
  <stringconstants candidates="13260" cleared="0"  />
</gc-op>
<gc-op id="3332" type="sweep" timems="3.014" contextid="3328" timestamp="2019-08-04T20:35:38.744" />
<heap-resize id="3333" type="contract" space="tenure" amount="786432" count="1" timems="0.051" reason="excess free space following gc" timestamp="2019-08-04T20:35:38.744" />
<gc-end id="3334" type="global" contextid="3328" durationms="12.905" usertimems="64.459" systemtimems="0.000" timestamp="2019-08-04T20:35:38.744" activeThreads="16">
  <mem-info id="3335" free="64317304" total="82378752" percent="78">
    <mem type="tenure" free="64317304" total="82378752" percent="78" micro-fragmented="77523">
      <mem type="soa" free="63561176" total="81555456" percent="77" />
      <mem type="loa" free="756128" total="823296" percent="91" />
    </mem>
  </mem-info>
</gc-end>
<cycle-end id="3336" type="global" contextid="3328" timestamp="2019-08-04T20:35:38.744">
  <attribute name="GC Util" value="119" />
  <attribute name="CPU Util" value="10792119527260" />
  <attribute name="Time Running"value="78988"/>
  <attribute name="Number of cores"value="16"/>
</cycle-end>
<allocation-satisfied id="3337" threadId="0000000000968F00" bytesRequested="1168" />
<af-end id="3338" timestamp="2019-08-04T20:35:38.744" threadId="0000000000969888" success="true" />
<exclusive-end id="3339" timestamp="2019-08-04T20:35:38.744" durationms="13.097" />

<concurrent-kickoff id="3340" timestamp="2019-08-04T20:35:38.751">
  <kickoff reason="threshold reached" targetBytes="6529946" thresholdFreeBytes="889264" remainingFree="791648" tenureFreeBytes="791648" />
</concurrent-kickoff>
<exclusive-start id="3341" timestamp="2019-08-04T20:35:38.751" intervalms="20.192">
  <response-info timems="0.027" idlems="0.027" threads="0" lastid="0000000000968F00" lastname="main" />
</exclusive-start>
<cycle-start id="3342" type="global" contextid="0" timestamp="2019-08-04T20:35:38.751" intervalms="20.178" />
  <attribute name="GC Util" value="119" />
  <attribute name="CPU Util" value="10792119527260" />
  <attribute name="Time Running"value="78988"/>
  <attribute name="Number of cores"value="16"/>
<exclusive-end id="3343" timestamp="2019-08-04T20:35:38.751" durationms="0.052" />

<exclusive-start id="3344" timestamp="2019-08-04T20:35:38.751" intervalms="0.187">
  <response-info timems="0.008" idlems="0.008" threads="0" lastid="0000000000968F00" lastname="main" />
</exclusive-start>
<af-start id="3345" threadId="0000000000969888" totalBytesRequested="1168" timestamp="2019-08-04T20:35:38.751" intervalms="20.380" />
<concurrent-aborted id="3346" timestamp="2019-08-04T20:35:38.751">
  <reason value="insufficient progress made" />
</concurrent-aborted>
<cycle-end id="3347" type="global" contextid="3342" timestamp="2019-08-04T20:35:38.751">
  <attribute name="GC Util" value="119" />
  <attribute name="CPU Util" value="10792119527260" />
  <attribute name="Time Running"value="78988"/>
  <attribute name="Number of cores"value="16"/>
</cycle-end>
<cycle-start id="3348" type="global" contextid="0" timestamp="2019-08-04T20:35:38.751" intervalms="0.202" />
  <attribute name="GC Util" value="119" />
  <attribute name="CPU Util" value="10792119527260" />
  <attribute name="Time Running"value="78988"/>
  <attribute name="Number of cores"value="16"/>
<gc-start id="3349" type="global" contextid="3348" timestamp="2019-08-04T20:35:38.751">
  <mem-info id="3350" free="756128" total="82378752" percent="0">
    <mem type="tenure" free="756128" total="82378752" percent="0">
      <mem type="soa" free="0" total="81555456" percent="0" />
      <mem type="loa" free="756128" total="823296" percent="91" />
    </mem>
  </mem-info>
</gc-start>
<allocation-stats totalBytes="63287848" >
  <allocated-bytes non-tlh="40880" tlh="63246968" />
  <largest-consumer threadName="main" threadId="0000000000968F00" bytes="63287848" />
</allocation-stats>
<gc-op id="3351" type="mark" timems="9.324" contextid="3348" timestamp="2019-08-04T20:35:38.761">
  <trace-info objectcount="596614" scancount="517609" scanbytes="13284432" />
  <finalization candidates="80" enqueued="0" />
  <ownableSynchronizers candidates="21" cleared="0" />
  <references type="soft" candidates="1863" cleared="0" enqueued="0" dynamicThreshold="24" maxThreshold="32" />
  <references type="weak" candidates="5730" cleared="0" enqueued="0" />
  <references type="phantom" candidates="97" cleared="0" enqueued="0" />
  <stringconstants candidates="13260" cleared="0"  />
</gc-op>
<gc-op id="3352" type="sweep" timems="3.376" contextid="3348" timestamp="2019-08-04T20:35:38.764" />
<mem-info id="3353" free="64385912" total="82378752" percent="78">
  <mem type="tenure" free="64385912" total="82378752" percent="78" micro-fragmented="77523">
    <mem type="soa" free="63562832" total="81555456" percent="77" />
    <mem type="loa" free="823080" total="823296" percent="99" />
  </mem>
</mem-info>
<gc-op id="3354" type="compact" timems="156.736" contextid="3348" timestamp="2019-08-04T20:35:38.921">
  <compact-info movecount="564245" movebytes="16458984" reason="compact to aid heap contraction" />
</gc-op>
<heap-resize id="3355" type="contract" space="tenure" amount="786432" count="1" timems="0.052" reason="excess free space following gc" timestamp="2019-08-04T20:35:38.921" />
<gc-end id="3356" type="global" contextid="3348" durationms="169.665" usertimems="232.370" systemtimems="0.000" timestamp="2019-08-04T20:35:38.921" activeThreads="16">
  <mem-info id="3357" free="63590416" total="81592320" percent="77">
    <mem type="tenure" free="63590416" total="81592320" percent="77">
      <mem type="soa" free="62812176" total="80777216" percent="77" />
      <mem type="loa" free="778240" total="815104" percent="95" />
    </mem>
  </mem-info>
</gc-end>
<cycle-end id="3358" type="global" contextid="3348" timestamp="2019-08-04T20:35:38.921">
  <attribute name="GC Util" value="61" />
  <attribute name="CPU Util" value="11036127272383" />
  <attribute name="Time Running"value="79010"/>
  <attribute name="Number of cores"value="16"/>
</cycle-end>
<allocation-satisfied id="3359" threadId="0000000000968F00" bytesRequested="1168" />
<af-end id="3360" timestamp="2019-08-04T20:35:38.921" threadId="0000000000969888" success="true" />
<exclusive-end id="3361" timestamp="2019-08-04T20:35:38.921" durationms="169.983" />

<concurrent-kickoff id="3362" timestamp="2019-08-04T20:35:38.930">
  <kickoff reason="threshold reached" targetBytes="6467608" thresholdFreeBytes="880775" remainingFree="804552" tenureFreeBytes="804552" />
</concurrent-kickoff>
<exclusive-start id="3363" timestamp="2019-08-04T20:35:38.930" intervalms="178.428">
  <response-info timems="0.025" idlems="0.025" threads="0" lastid="0000000000968F00" lastname="main" />
</exclusive-start>
<cycle-start id="3364" type="global" contextid="0" timestamp="2019-08-04T20:35:38.930" intervalms="178.377" />
  <attribute name="GC Util" value="61" />
  <attribute name="CPU Util" value="11036127272383" />
  <attribute name="Time Running"value="79010"/>
  <attribute name="Number of cores"value="16"/>
<exclusive-end id="3365" timestamp="2019-08-04T20:35:38.930" durationms="0.018" />

<exclusive-start id="3366" timestamp="2019-08-04T20:35:38.930" intervalms="0.220">
  <response-info timems="0.011" idlems="0.011" threads="0" lastid="0000000000968F00" lastname="main" />
</exclusive-start>
<af-start id="3367" threadId="0000000000969888" totalBytesRequested="1168" timestamp="2019-08-04T20:35:38.930" intervalms="178.658" />
<concurrent-aborted id="3368" timestamp="2019-08-04T20:35:38.930">
  <reason value="insufficient progress made" />
</concurrent-aborted>
<cycle-end id="3369" type="global" contextid="3364" timestamp="2019-08-04T20:35:38.930">
  <attribute name="GC Util" value="61" />
  <attribute name="CPU Util" value="11036127272383" />
  <attribute name="Time Running"value="79010"/>
  <attribute name="Number of cores"value="16"/>
</cycle-end>
<cycle-start id="3370" type="global" contextid="0" timestamp="2019-08-04T20:35:38.930" intervalms="0.292" />
  <attribute name="GC Util" value="61" />
  <attribute name="CPU Util" value="11036127272383" />
  <attribute name="Time Running"value="79010"/>
  <attribute name="Number of cores"value="16"/>
<gc-start id="3371" type="global" contextid="3370" timestamp="2019-08-04T20:35:38.930">
  <mem-info id="3372" free="778240" total="81592320" percent="0">
    <mem type="tenure" free="778240" total="81592320" percent="0">
      <mem type="soa" free="0" total="80777216" percent="0" />
      <mem type="loa" free="778240" total="815104" percent="95" />
    </mem>
  </mem-info>
</gc-start>
<allocation-stats totalBytes="62667912" >
  <allocated-bytes non-tlh="0" tlh="62667912" />
  <largest-consumer threadName="main" threadId="0000000000968F00" bytes="62667912" />
</allocation-stats>
<gc-op id="3373" type="mark" timems="8.724" contextid="3370" timestamp="2019-08-04T20:35:38.939">
  <trace-info objectcount="596614" scancount="517612" scanbytes="13284432" />
  <finalization candidates="80" enqueued="0" />
  <ownableSynchronizers candidates="21" cleared="0" />
  <references type="soft" candidates="1863" cleared="0" enqueued="0" dynamicThreshold="24" maxThreshold="32" />
  <references type="weak" candidates="5730" cleared="0" enqueued="0" />
  <references type="phantom" candidates="97" cleared="0" enqueued="0" />
  <stringconstants candidates="13260" cleared="0"  />
</gc-op>
<gc-op id="3374" type="sweep" timems="6.923" contextid="3370" timestamp="2019-08-04T20:35:38.946" />
<heap-resize id="3375" type="contract" space="tenure" amount="786432" count="1" timems="0.053" reason="excess free space following gc" timestamp="2019-08-04T20:35:38.946" />
<gc-end id="3376" type="global" contextid="3370" durationms="15.857" usertimems="72.070" systemtimems="0.000" timestamp="2019-08-04T20:35:38.946" activeThreads="16">
  <mem-info id="3377" free="62794456" total="80805888" percent="77">
    <mem type="tenure" free="62794456" total="80805888" percent="77" micro-fragmented="0">
      <mem type="soa" free="62032912" total="79997952" percent="77" />
      <mem type="loa" free="761544" total="807936" percent="94" />
    </mem>
  </mem-info>
</gc-end>
<cycle-end id="3378" type="global" contextid="3370" timestamp="2019-08-04T20:35:38.946">
  <attribute name="GC Util" value="70" />
  <attribute name="CPU Util" value="5375828990616" />
  <attribute name="Time Running"value="79188"/>
  <attribute name="Number of cores"value="16"/>
</cycle-end>
<allocation-satisfied id="3379" threadId="0000000000968F00" bytesRequested="1168" />
<af-end id="3380" timestamp="2019-08-04T20:35:38.946" threadId="0000000000969888" success="true" />
<exclusive-end id="3381" timestamp="2019-08-04T20:35:38.946" durationms="16.092" />

<concurrent-kickoff id="3382" timestamp="2019-08-04T20:35:38.953">
  <kickoff reason="threshold reached" targetBytes="6405270" thresholdFreeBytes="872285" remainingFree="795024" tenureFreeBytes="795024" />
</concurrent-kickoff>
<exclusive-start id="3383" timestamp="2019-08-04T20:35:38.953" intervalms="23.024">
  <response-info timems="0.023" idlems="0.023" threads="0" lastid="0000000000968F00" lastname="main" />
</exclusive-start>
<cycle-start id="3384" type="global" contextid="0" timestamp="2019-08-04T20:35:38.953" intervalms="22.952" />
  <attribute name="GC Util" value="70" />
  <attribute name="CPU Util" value="5375828990616" />
  <attribute name="Time Running"value="79188"/>
  <attribute name="Number of cores"value="16"/>
<exclusive-end id="3385" timestamp="2019-08-04T20:35:38.953" durationms="0.019" />

<exclusive-start id="3386" timestamp="2019-08-04T20:35:38.953" intervalms="0.168">
  <response-info timems="0.010" idlems="0.010" threads="0" lastid="0000000000968F00" lastname="main" />
</exclusive-start>
<af-start id="3387" threadId="0000000000969888" totalBytesRequested="1168" timestamp="2019-08-04T20:35:38.953" intervalms="23.198" />
<concurrent-aborted id="3388" timestamp="2019-08-04T20:35:38.953">
  <reason value="insufficient progress made" />
</concurrent-aborted>
<cycle-end id="3389" type="global" contextid="3384" timestamp="2019-08-04T20:35:38.953">
  <attribute name="GC Util" value="70" />
  <attribute name="CPU Util" value="5375828990616" />
  <attribute name="Time Running"value="79188"/>
  <attribute name="Number of cores"value="16"/>
</cycle-end>
<cycle-start id="3390" type="global" contextid="0" timestamp="2019-08-04T20:35:38.953" intervalms="0.235" />
  <attribute name="GC Util" value="70" />
  <attribute name="CPU Util" value="5375828990616" />
  <attribute name="Time Running"value="79188"/>
  <attribute name="Number of cores"value="16"/>
<gc-start id="3391" type="global" contextid="3390" timestamp="2019-08-04T20:35:38.953">
  <mem-info id="3392" free="761544" total="80805888" percent="0">
    <mem type="tenure" free="761544" total="80805888" percent="0">
      <mem type="soa" free="0" total="79997952" percent="0" />
      <mem type="loa" free="761544" total="807936" percent="94" />
    </mem>
  </mem-info>
</gc-start>
<allocation-stats totalBytes="61891440" >
  <allocated-bytes non-tlh="0" tlh="61891440" />
  <largest-consumer threadName="main" threadId="0000000000968F00" bytes="61891440" />
</allocation-stats>
<gc-op id="3393" type="mark" timems="12.299" contextid="3390" timestamp="2019-08-04T20:35:38.966">
  <trace-info objectcount="596614" scancount="517591" scanbytes="13284432" />
  <finalization candidates="80" enqueued="0" />
  <ownableSynchronizers candidates="21" cleared="0" />
  <references type="soft" candidates="1863" cleared="0" enqueued="0" dynamicThreshold="24" maxThreshold="32" />
  <references type="weak" candidates="5730" cleared="0" enqueued="0" />
  <references type="phantom" candidates="97" cleared="0" enqueued="0" />
  <stringconstants candidates="13260" cleared="0"  />
</gc-op>
<gc-op id="3394" type="sweep" timems="5.828" contextid="3390" timestamp="2019-08-04T20:35:38.972" />
<heap-resize id="3395" type="contract" space="tenure" amount="786432" count="1" timems="0.046" reason="excess free space following gc" timestamp="2019-08-04T20:35:38.972" />
<gc-end id="3396" type="global" contextid="3390" durationms="18.295" usertimems="76.289" systemtimems="0.000" timestamp="2019-08-04T20:35:38.972" activeThreads="16">
  <mem-info id="3397" free="61994040" total="80019456" percent="77">
    <mem type="tenure" free="61994040" total="80019456" percent="77" micro-fragmented="0">
      <mem type="soa" free="61254672" total="79219712" percent="77" />
      <mem type="loa" free="739368" total="799744" percent="92" />
    </mem>
  </mem-info>
</gc-end>
<cycle-end id="3398" type="global" contextid="3390" timestamp="2019-08-04T20:35:38.972">
  <attribute name="GC Util" value="75" />
  <attribute name="CPU Util" value="7468135686971" />
  <attribute name="Time Running"value="79214"/>
  <attribute name="Number of cores"value="16"/>
</cycle-end>
<allocation-satisfied id="3399" threadId="0000000000968F00" bytesRequested="1168" />
<af-end id="3400" timestamp="2019-08-04T20:35:38.972" threadId="0000000000969888" success="true" />
<exclusive-end id="3401" timestamp="2019-08-04T20:35:38.972" durationms="18.507" />

<concurrent-kickoff id="3402" timestamp="2019-08-04T20:35:38.979">
  <kickoff reason="threshold reached" targetBytes="6342931" thresholdFreeBytes="863797" remainingFree="781040" tenureFreeBytes="781040" />
</concurrent-kickoff>
<exclusive-start id="3403" timestamp="2019-08-04T20:35:38.979" intervalms="25.682">
  <response-info timems="0.024" idlems="0.024" threads="0" lastid="0000000000968F00" lastname="main" />
</exclusive-start>
<cycle-start id="3404" type="global" contextid="0" timestamp="2019-08-04T20:35:38.979" intervalms="25.621" />
  <attribute name="GC Util" value="75" />
  <attribute name="CPU Util" value="7468135686971" />
  <attribute name="Time Running"value="79214"/>
  <attribute name="Number of cores"value="16"/>
<exclusive-end id="3405" timestamp="2019-08-04T20:35:38.979" durationms="0.022" />

<exclusive-start id="3406" timestamp="2019-08-04T20:35:38.979" intervalms="0.189">
  <response-info timems="0.008" idlems="0.008" threads="0" lastid="0000000000968F00" lastname="main" />
</exclusive-start>
<af-start id="3407" threadId="0000000000969888" totalBytesRequested="1168" timestamp="2019-08-04T20:35:38.979" intervalms="25.865" />
<concurrent-aborted id="3408" timestamp="2019-08-04T20:35:38.979">
  <reason value="insufficient progress made" />
</concurrent-aborted>
<cycle-end id="3409" type="global" contextid="3404" timestamp="2019-08-04T20:35:38.979">
  <attribute name="GC Util" value="75" />
  <attribute name="CPU Util" value="7468135686971" />
  <attribute name="Time Running"value="79214"/>
  <attribute name="Number of cores"value="16"/>
</cycle-end>
<cycle-start id="3410" type="global" contextid="0" timestamp="2019-08-04T20:35:38.979" intervalms="0.268" />
  <attribute name="GC Util" value="75" />
  <attribute name="CPU Util" value="7468135686971" />
  <attribute name="Time Running"value="79214"/>
  <attribute name="Number of cores"value="16"/>
<gc-start id="3411" type="global" contextid="3410" timestamp="2019-08-04T20:35:38.979">
  <mem-info id="3412" free="739368" total="80019456" percent="0">
    <mem type="tenure" free="739368" total="80019456" percent="0">
      <mem type="soa" free="0" total="79219712" percent="0" />
      <mem type="loa" free="739368" total="799744" percent="92" />
    </mem>
  </mem-info>
</gc-start>
<allocation-stats totalBytes="60927088" >
  <allocated-bytes non-tlh="0" tlh="60927088" />
  <largest-consumer threadName="main" threadId="0000000000968F00" bytes="60927088" />
</allocation-stats>
<gc-op id="3413" type="mark" timems="9.525" contextid="3410" timestamp="2019-08-04T20:35:38.989">
  <trace-info objectcount="596614" scancount="517612" scanbytes="13284460" />
  <finalization candidates="80" enqueued="0" />
  <ownableSynchronizers candidates="21" cleared="0" />
  <references type="soft" candidates="1863" cleared="0" enqueued="0" dynamicThreshold="24" maxThreshold="32" />
  <references type="weak" candidates="5730" cleared="0" enqueued="0" />
  <references type="phantom" candidates="97" cleared="0" enqueued="0" />
  <stringconstants candidates="13260" cleared="0"  />
</gc-op>
<gc-op id="3414" type="sweep" timems="1.334" contextid="3410" timestamp="2019-08-04T20:35:38.990" />
<gc-end id="3415" type="global" contextid="3410" durationms="10.987" usertimems="66.616" systemtimems="0.000" timestamp="2019-08-04T20:35:38.990" activeThreads="16">
  <mem-info id="3416" free="48497552" total="80019456" percent="60">
    <mem type="tenure" free="48497552" total="80019456" percent="60" micro-fragmented="0">
      <mem type="soa" free="47697904" total="79219712" percent="60" />
      <mem type="loa" free="799648" total="799744" percent="99" />
    </mem>
  </mem-info>
</gc-end>
<cycle-end id="3417" type="global" contextid="3410" timestamp="2019-08-04T20:35:38.990">
  <attribute name="GC Util" value="600" />
  <attribute name="CPU Util" value="1931398358668" />
  <attribute name="Time Running"value="79235"/>
  <attribute name="Number of cores"value="16"/>
</cycle-end>
<allocation-satisfied id="3418" threadId="0000000000968F00" bytesRequested="1168" />
<af-end id="3419" timestamp="2019-08-04T20:35:38.990" threadId="0000000000969888" success="true" />
<exclusive-end id="3420" timestamp="2019-08-04T20:35:38.990" durationms="11.218" />

<concurrent-kickoff id="3421" timestamp="2019-08-04T20:35:39.001">
  <kickoff reason="threshold reached" targetBytes="6342931" thresholdFreeBytes="863797" remainingFree="851080" tenureFreeBytes="851080" />
</concurrent-kickoff>
<exclusive-start id="3422" timestamp="2019-08-04T20:35:39.001" intervalms="21.736">
  <response-info timems="0.067" idlems="0.067" threads="0" lastid="0000000000968F00" lastname="main" />
</exclusive-start>
<cycle-start id="3423" type="global" contextid="0" timestamp="2019-08-04T20:35:39.001" intervalms="21.650" />
  <attribute name="GC Util" value="600" />
  <attribute name="CPU Util" value="1931398358668" />
  <attribute name="Time Running"value="79235"/>
  <attribute name="Number of cores"value="16"/>
<exclusive-end id="3424" timestamp="2019-08-04T20:35:39.001" durationms="0.016" />

<exclusive-start id="3425" timestamp="2019-08-04T20:35:39.001" intervalms="0.183">
  <response-info timems="0.010" idlems="0.010" threads="0" lastid="0000000000968F00" lastname="main" />
</exclusive-start>
<af-start id="3426" threadId="0000000000969888" totalBytesRequested="1168" timestamp="2019-08-04T20:35:39.001" intervalms="21.915" />
<concurrent-aborted id="3427" timestamp="2019-08-04T20:35:39.002">
  <reason value="insufficient progress made" />
</concurrent-aborted>
<cycle-end id="3428" type="global" contextid="3423" timestamp="2019-08-04T20:35:39.002">
  <attribute name="GC Util" value="73" />
  <attribute name="CPU Util" value="1502594549349" />
  <attribute name="Time Running"value="79247"/>
  <attribute name="Number of cores"value="16"/>
</cycle-end>
<cycle-start id="3429" type="global" contextid="0" timestamp="2019-08-04T20:35:39.002" intervalms="0.987" />
  <attribute name="GC Util" value="73" />
  <attribute name="CPU Util" value="1502594549349" />
  <attribute name="Time Running"value="79247"/>
  <attribute name="Number of cores"value="16"/>
<gc-start id="3430" type="global" contextid="3429" timestamp="2019-08-04T20:35:39.002">
  <mem-info id="3431" free="799744" total="80019456" percent="0">
    <mem type="tenure" free="799744" total="80019456" percent="0">
      <mem type="soa" free="0" total="79219712" percent="0" />
      <mem type="loa" free="799744" total="799744" percent="100" />
    </mem>
  </mem-info>
</gc-start>
<allocation-stats totalBytes="60934752" >
  <allocated-bytes non-tlh="0" tlh="60934752" />
  <largest-consumer threadName="main" threadId="0000000000968F00" bytes="60934752" />
</allocation-stats>
<gc-op id="3432" type="mark" timems="14.220" contextid="3429" timestamp="2019-08-04T20:35:39.016">
  <trace-info objectcount="596615" scancount="517610" scanbytes="13284484" />
  <finalization candidates="80" enqueued="0" />
  <ownableSynchronizers candidates="21" cleared="0" />
  <references type="soft" candidates="1863" cleared="0" enqueued="0" dynamicThreshold="19" maxThreshold="32" />
  <references type="weak" candidates="5730" cleared="0" enqueued="0" />
  <references type="phantom" candidates="97" cleared="0" enqueued="0" />
  <stringconstants candidates="13260" cleared="0"  />
</gc-op>
<gc-op id="3433" type="sweep" timems="1.477" contextid="3429" timestamp="2019-08-04T20:35:39.018" />
<gc-end id="3434" type="global" contextid="3429" durationms="15.810" usertimems="74.975" systemtimems="0.000" timestamp="2019-08-04T20:35:39.018" activeThreads="16">
  <mem-info id="3435" free="48405152" total="80019456" percent="60">
    <mem type="tenure" free="48405152" total="80019456" percent="60" micro-fragmented="0">
      <mem type="soa" free="47605480" total="79219712" percent="60" />
      <mem type="loa" free="799672" total="799744" percent="99" />
    </mem>
  </mem-info>
</gc-end>
<cycle-end id="3436" type="global" contextid="3429" timestamp="2019-08-04T20:35:39.018">
  <attribute name="GC Util" value="445" />
  <attribute name="CPU Util" value="1293734597983" />
  <attribute name="Time Running"value="79262"/>
  <attribute name="Number of cores"value="16"/>
</cycle-end>
<allocation-satisfied id="3437" threadId="0000000000968F00" bytesRequested="1168" />
<af-end id="3438" timestamp="2019-08-04T20:35:39.018" threadId="0000000000969888" success="true" />
<exclusive-end id="3439" timestamp="2019-08-04T20:35:39.018" durationms="16.747" />

<concurrent-kickoff id="3440" timestamp="2019-08-04T20:35:39.028">
  <kickoff reason="threshold reached" targetBytes="6342931" thresholdFreeBytes="863797" remainingFree="851832" tenureFreeBytes="851832" />
</concurrent-kickoff>
<exclusive-start id="3441" timestamp="2019-08-04T20:35:39.028" intervalms="26.675">
  <response-info timems="0.026" idlems="0.026" threads="0" lastid="0000000000968F00" lastname="main" />
</exclusive-start>
<cycle-start id="3442" type="global" contextid="0" timestamp="2019-08-04T20:35:39.028" intervalms="25.877" />
  <attribute name="GC Util" value="445" />
  <attribute name="CPU Util" value="1293734597983" />
  <attribute name="Time Running"value="79262"/>
  <attribute name="Number of cores"value="16"/>
<exclusive-end id="3443" timestamp="2019-08-04T20:35:39.028" durationms="0.021" />

<exclusive-start id="3444" timestamp="2019-08-04T20:35:39.028" intervalms="0.176">
  <response-info timems="0.008" idlems="0.008" threads="0" lastid="0000000000968F00" lastname="main" />
</exclusive-start>
<af-start id="3445" threadId="0000000000969888" totalBytesRequested="1168" timestamp="2019-08-04T20:35:39.028" intervalms="26.848" />
<concurrent-aborted id="3446" timestamp="2019-08-04T20:35:39.029">
  <reason value="insufficient progress made" />
</concurrent-aborted>
<cycle-end id="3447" type="global" contextid="3442" timestamp="2019-08-04T20:35:39.029">
  <attribute name="GC Util" value="96" />
  <attribute name="CPU Util" value="1569211352188" />
  <attribute name="Time Running"value="79274"/>
  <attribute name="Number of cores"value="16"/>
</cycle-end>
<cycle-start id="3448" type="global" contextid="0" timestamp="2019-08-04T20:35:39.029" intervalms="0.998" />
  <attribute name="GC Util" value="96" />
  <attribute name="CPU Util" value="1569211352188" />
  <attribute name="Time Running"value="79274"/>
  <attribute name="Number of cores"value="16"/>
<gc-start id="3449" type="global" contextid="3448" timestamp="2019-08-04T20:35:39.029">
  <mem-info id="3450" free="799744" total="80019456" percent="0">
    <mem type="tenure" free="799744" total="80019456" percent="0">
      <mem type="soa" free="0" total="79219712" percent="0" />
      <mem type="loa" free="799744" total="799744" percent="100" />
    </mem>
  </mem-info>
</gc-start>
<allocation-stats totalBytes="60936088" >
  <allocated-bytes non-tlh="0" tlh="60936088" />
  <largest-consumer threadName="main" threadId="0000000000968F00" bytes="60936088" />
</allocation-stats>
<gc-op id="3451" type="mark" timems="9.578" contextid="3448" timestamp="2019-08-04T20:35:39.038">
  <trace-info objectcount="596578" scancount="517573" scanbytes="13283372" />
  <finalization candidates="80" enqueued="0" />
  <ownableSynchronizers candidates="21" cleared="0" />
  <references type="soft" candidates="1863" cleared="12" enqueued="12" dynamicThreshold="19" maxThreshold="32" />
  <references type="weak" candidates="5730" cleared="0" enqueued="0" />
  <references type="phantom" candidates="97" cleared="0" enqueued="0" />
  <stringconstants candidates="13260" cleared="0"  />
</gc-op>
<gc-op id="3452" type="sweep" timems="1.213" contextid="3448" timestamp="2019-08-04T20:35:39.040" />
<gc-end id="3453" type="global" contextid="3448" durationms="11.091" usertimems="68.127" systemtimems="0.000" timestamp="2019-08-04T20:35:39.040" activeThreads="16">
  <mem-info id="3454" free="48331328" total="80019456" percent="60">
    <mem type="tenure" free="48331328" total="80019456" percent="60" micro-fragmented="0">
      <mem type="soa" free="47531640" total="79219712" percent="59" />
      <mem type="loa" free="799688" total="799744" percent="99" />
    </mem>
    <pending-finalizers system="0" default="0" reference="12" classloader="0" />
  </mem-info>
</gc-end>
<cycle-end id="3455" type="global" contextid="3448" timestamp="2019-08-04T20:35:39.040">
  <attribute name="GC Util" value="604" />
  <attribute name="CPU Util" value="1880672653223" />
  <attribute name="Time Running"value="79284"/>
  <attribute name="Number of cores"value="16"/>
</cycle-end>
<allocation-satisfied id="3456" threadId="0000000000968F00" bytesRequested="1168" />
<af-end id="3457" timestamp="2019-08-04T20:35:39.040" threadId="0000000000969888" success="true" />
<exclusive-end id="3458" timestamp="2019-08-04T20:35:39.040" durationms="12.061" />

<concurrent-kickoff id="3459" timestamp="2019-08-04T20:35:39.050">
  <kickoff reason="threshold reached" targetBytes="6342931" thresholdFreeBytes="863797" remainingFree="851728" tenureFreeBytes="851728" />
</concurrent-kickoff>
<exclusive-start id="3460" timestamp="2019-08-04T20:35:39.050" intervalms="21.987">
  <response-info timems="0.022" idlems="0.022" threads="0" lastid="0000000000968F00" lastname="main" />
</exclusive-start>
<cycle-start id="3461" type="global" contextid="0" timestamp="2019-08-04T20:35:39.050" intervalms="21.179" />
  <attribute name="GC Util" value="604" />
  <attribute name="CPU Util" value="1880672653223" />
  <attribute name="Time Running"value="79284"/>
  <attribute name="Number of cores"value="16"/>
<exclusive-end id="3462" timestamp="2019-08-04T20:35:39.050" durationms="0.036" />

<exclusive-start id="3463" timestamp="2019-08-04T20:35:39.050" intervalms="0.191">
  <response-info timems="0.007" idlems="0.007" threads="0" lastid="0000000000968F00" lastname="main" />
</exclusive-start>
<af-start id="3464" threadId="0000000000969888" totalBytesRequested="1168" timestamp="2019-08-04T20:35:39.050" intervalms="22.188" />
<concurrent-aborted id="3465" timestamp="2019-08-04T20:35:39.051">
  <reason value="insufficient progress made" />
</concurrent-aborted>
<cycle-end id="3466" type="global" contextid="3461" timestamp="2019-08-04T20:35:39.051">
  <attribute name="GC Util" value="80" />
  <attribute name="CPU Util" value="1600322516575" />
  <attribute name="Time Running"value="79296"/>
  <attribute name="Number of cores"value="16"/>
</cycle-end>
<cycle-start id="3467" type="global" contextid="0" timestamp="2019-08-04T20:35:39.051" intervalms="1.537" />
  <attribute name="GC Util" value="80" />
  <attribute name="CPU Util" value="1600322516575" />
  <attribute name="Time Running"value="79296"/>
  <attribute name="Number of cores"value="16"/>
<gc-start id="3468" type="global" contextid="3467" timestamp="2019-08-04T20:35:39.051">
  <mem-info id="3469" free="799744" total="80019456" percent="0">
    <mem type="tenure" free="799744" total="80019456" percent="0">
      <mem type="soa" free="0" total="79219712" percent="0" />
      <mem type="loa" free="799744" total="799744" percent="100" />
    </mem>
  </mem-info>
</gc-start>
<allocation-stats totalBytes="60935248" >
  <allocated-bytes non-tlh="0" tlh="60935248" />
  <largest-consumer threadName="main" threadId="0000000000968F00" bytes="60931152" />
</allocation-stats>
<gc-op id="3470" type="mark" timems="12.555" contextid="3467" timestamp="2019-08-04T20:35:39.064">
  <trace-info objectcount="596515" scancount="517523" scanbytes="13282100" />
  <finalization candidates="80" enqueued="0" />
  <ownableSynchronizers candidates="21" cleared="0" />
  <references type="soft" candidates="1851" cleared="1" enqueued="0" dynamicThreshold="19" maxThreshold="32" />
  <references type="weak" candidates="5730" cleared="0" enqueued="0" />
  <references type="phantom" candidates="97" cleared="0" enqueued="0" />
  <stringconstants candidates="13260" cleared="0"  />
</gc-op>
<gc-op id="3471" type="sweep" timems="1.993" contextid="3467" timestamp="2019-08-04T20:35:39.066" />
<gc-end id="3472" type="global" contextid="3467" durationms="14.730" usertimems="69.927" systemtimems="0.000" timestamp="2019-08-04T20:35:39.066" activeThreads="16">
  <mem-info id="3473" free="48355464" total="80019456" percent="60">
    <mem type="tenure" free="48355464" total="80019456" percent="60" micro-fragmented="0">
      <mem type="soa" free="47555768" total="79219712" percent="60" />
      <mem type="loa" free="799696" total="799744" percent="99" />
    </mem>
  </mem-info>
</gc-end>
<cycle-end id="3474" type="global" contextid="3467" timestamp="2019-08-04T20:35:39.066">
  <attribute name="GC Util" value="466" />
  <attribute name="CPU Util" value="1462617438299" />
  <attribute name="Time Running"value="79310"/>
  <attribute name="Number of cores"value="16"/>
</cycle-end>
<allocation-satisfied id="3475" threadId="0000000000968F00" bytesRequested="1168" />
<af-end id="3476" timestamp="2019-08-04T20:35:39.066" threadId="0000000000969888" success="true" />
<exclusive-end id="3477" timestamp="2019-08-04T20:35:39.066" durationms="16.244" />

<concurrent-kickoff id="3478" timestamp="2019-08-04T20:35:39.076">
  <kickoff reason="threshold reached" targetBytes="6342931" thresholdFreeBytes="863797" remainingFree="852640" tenureFreeBytes="852640" />
</concurrent-kickoff>
<exclusive-start id="3479" timestamp="2019-08-04T20:35:39.076" intervalms="26.148">
  <response-info timems="0.047" idlems="0.047" threads="0" lastid="0000000000968F00" lastname="main" />
</exclusive-start>
<cycle-start id="3480" type="global" contextid="0" timestamp="2019-08-04T20:35:39.076" intervalms="24.780" />
  <attribute name="GC Util" value="466" />
  <attribute name="CPU Util" value="1462617438299" />
  <attribute name="Time Running"value="79310"/>
  <attribute name="Number of cores"value="16"/>
<exclusive-end id="3481" timestamp="2019-08-04T20:35:39.076" durationms="0.014" />

<exclusive-start id="3482" timestamp="2019-08-04T20:35:39.076" intervalms="0.154">
  <response-info timems="0.008" idlems="0.008" threads="0" lastid="0000000000968F00" lastname="main" />
</exclusive-start>
<af-start id="3483" threadId="0000000000969888" totalBytesRequested="1168" timestamp="2019-08-04T20:35:39.076" intervalms="26.288" />
<concurrent-aborted id="3484" timestamp="2019-08-04T20:35:39.077">
  <reason value="insufficient progress made" />
</concurrent-aborted>
<cycle-end id="3485" type="global" contextid="3480" timestamp="2019-08-04T20:35:39.077">
  <attribute name="GC Util" value="94" />
  <attribute name="CPU Util" value="1501691692322" />
  <attribute name="Time Running"value="79322"/>
  <attribute name="Number of cores"value="16"/>
</cycle-end>
<cycle-start id="3486" type="global" contextid="0" timestamp="2019-08-04T20:35:39.077" intervalms="0.934" />
  <attribute name="GC Util" value="94" />
  <attribute name="CPU Util" value="1501691692322" />
  <attribute name="Time Running"value="79322"/>
  <attribute name="Number of cores"value="16"/>
<gc-start id="3487" type="global" contextid="3486" timestamp="2019-08-04T20:35:39.077">
  <mem-info id="3488" free="799744" total="80019456" percent="0">
    <mem type="tenure" free="799744" total="80019456" percent="0">
      <mem type="soa" free="0" total="79219712" percent="0" />
      <mem type="loa" free="799744" total="799744" percent="100" />
    </mem>
  </mem-info>
</gc-start>
<allocation-stats totalBytes="60952208" >
  <allocated-bytes non-tlh="1168" tlh="60951040" />
  <largest-consumer threadName="main" threadId="0000000000968F00" bytes="60952208" />
</allocation-stats>
<gc-op id="3489" type="mark" timems="8.674" contextid="3486" timestamp="2019-08-04T20:35:39.086">
  <trace-info objectcount="596515" scancount="517528" scanbytes="13282100" />
  <finalization candidates="80" enqueued="0" />
  <ownableSynchronizers candidates="21" cleared="0" />
  <references type="soft" candidates="1850" cleared="0" enqueued="0" dynamicThreshold="19" maxThreshold="32" />
  <references type="weak" candidates="5730" cleared="0" enqueued="0" />
  <references type="phantom" candidates="97" cleared="0" enqueued="0" />
  <stringconstants candidates="13260" cleared="0"  />
</gc-op>
<gc-op id="3490" type="sweep" timems="1.237" contextid="3486" timestamp="2019-08-04T20:35:39.087" />
<gc-end id="3491" type="global" contextid="3486" durationms="10.072" usertimems="55.535" systemtimems="0.000" timestamp="2019-08-04T20:35:39.087" activeThreads="16">
  <mem-info id="3492" free="48310784" total="80019456" percent="60">
    <mem type="tenure" free="48310784" total="80019456" percent="60" micro-fragmented="0">
      <mem type="soa" free="47511080" total="79219712" percent="59" />
      <mem type="loa" free="799704" total="799744" percent="99" />
    </mem>
  </mem-info>
</gc-end>
<cycle-end id="3493" type="global" contextid="3486" timestamp="2019-08-04T20:35:39.087">
  <attribute name="GC Util" value="582" />
  <attribute name="CPU Util" value="2108531286988" />
  <attribute name="Time Running"value="79332"/>
  <attribute name="Number of cores"value="16"/>
</cycle-end>
<allocation-satisfied id="3494" threadId="0000000000968F00" bytesRequested="1168" />
<af-end id="3495" timestamp="2019-08-04T20:35:39.087" threadId="0000000000969888" success="true" />
<exclusive-end id="3496" timestamp="2019-08-04T20:35:39.087" durationms="11.018" />

<concurrent-kickoff id="3497" timestamp="2019-08-04T20:35:39.097">
  <kickoff reason="threshold reached" targetBytes="6342931" thresholdFreeBytes="863797" remainingFree="857512" tenureFreeBytes="857512" />
</concurrent-kickoff>
<exclusive-start id="3498" timestamp="2019-08-04T20:35:39.097" intervalms="20.990">
  <response-info timems="0.028" idlems="0.028" threads="0" lastid="0000000000968F00" lastname="main" />
</exclusive-start>
<cycle-start id="3499" type="global" contextid="0" timestamp="2019-08-04T20:35:39.097" intervalms="20.213" />
  <attribute name="GC Util" value="582" />
  <attribute name="CPU Util" value="2108531286988" />
  <attribute name="Time Running"value="79332"/>
  <attribute name="Number of cores"value="16"/>
<exclusive-end id="3500" timestamp="2019-08-04T20:35:39.097" durationms="0.019" />

<exclusive-start id="3501" timestamp="2019-08-04T20:35:39.098" intervalms="0.193">
  <response-info timems="0.011" idlems="0.011" threads="0" lastid="0000000000968F00" lastname="main" />
</exclusive-start>
<af-start id="3502" threadId="0000000000969888" totalBytesRequested="1168" timestamp="2019-08-04T20:35:39.098" intervalms="21.188" />
<concurrent-aborted id="3503" timestamp="2019-08-04T20:35:39.098">
  <reason value="insufficient progress made" />
</concurrent-aborted>
<cycle-end id="3504" type="global" contextid="3499" timestamp="2019-08-04T20:35:39.098">
  <attribute name="GC Util" value="43" />
  <attribute name="CPU Util" value="1581924288902" />
  <attribute name="Time Running"value="79343"/>
  <attribute name="Number of cores"value="16"/>
</cycle-end>
<cycle-start id="3505" type="global" contextid="0" timestamp="2019-08-04T20:35:39.098" intervalms="1.144" />
  <attribute name="GC Util" value="43" />
  <attribute name="CPU Util" value="1581924288902" />
  <attribute name="Time Running"value="79343"/>
  <attribute name="Number of cores"value="16"/>
<gc-start id="3506" type="global" contextid="3505" timestamp="2019-08-04T20:35:39.099">
  <mem-info id="3507" free="799744" total="80019456" percent="0">
    <mem type="tenure" free="799744" total="80019456" percent="0">
      <mem type="soa" free="0" total="79219712" percent="0" />
      <mem type="loa" free="799744" total="799744" percent="100" />
    </mem>
  </mem-info>
</gc-start>
<allocation-stats totalBytes="60952232" >
  <allocated-bytes non-tlh="1168" tlh="60951064" />
  <largest-consumer threadName="main" threadId="0000000000968F00" bytes="60952232" />
</allocation-stats>
<gc-op id="3508" type="mark" timems="14.094" contextid="3505" timestamp="2019-08-04T20:35:39.113">
  <trace-info objectcount="596515" scancount="517516" scanbytes="13282100" />
  <finalization candidates="80" enqueued="0" />
  <ownableSynchronizers candidates="21" cleared="0" />
  <references type="soft" candidates="1850" cleared="0" enqueued="0" dynamicThreshold="19" maxThreshold="32" />
  <references type="weak" candidates="5730" cleared="0" enqueued="0" />
  <references type="phantom" candidates="97" cleared="0" enqueued="0" />
  <stringconstants candidates="13260" cleared="0"  />
</gc-op>
<gc-op id="3509" type="sweep" timems="1.975" contextid="3505" timestamp="2019-08-04T20:35:39.115" />
<gc-end id="3510" type="global" contextid="3505" durationms="16.196" usertimems="62.308" systemtimems="0.000" timestamp="2019-08-04T20:35:39.115" activeThreads="16">
  <mem-info id="3511" free="48275016" total="80019456" percent="60">
    <mem type="tenure" free="48275016" total="80019456" percent="60" micro-fragmented="0">
      <mem type="soa" free="47475304" total="79219712" percent="59" />
      <mem type="loa" free="799712" total="799744" percent="99" />
    </mem>
  </mem-info>
</gc-end>
<cycle-end id="3512" type="global" contextid="3505" timestamp="2019-08-04T20:35:39.115">
  <attribute name="GC Util" value="385" />
  <attribute name="CPU Util" value="1305142688956" />
  <attribute name="Time Running"value="79358"/>
  <attribute name="Number of cores"value="16"/>
</cycle-end>
<allocation-satisfied id="3513" threadId="0000000000968F00" bytesRequested="1168" />
<af-end id="3514" timestamp="2019-08-04T20:35:39.115" threadId="0000000000969888" success="true" />
<exclusive-end id="3515" timestamp="2019-08-04T20:35:39.115" durationms="17.282" />

<concurrent-kickoff id="3516" timestamp="2019-08-04T20:35:39.164">
  <kickoff reason="threshold reached" targetBytes="6342931" thresholdFreeBytes="863797" remainingFree="851872" tenureFreeBytes="851872" />
</concurrent-kickoff>
<exclusive-start id="3517" timestamp="2019-08-04T20:35:39.164" intervalms="66.453">
  <response-info timems="0.025" idlems="0.025" threads="0" lastid="0000000000968F00" lastname="main" />
</exclusive-start>
<cycle-start id="3518" type="global" contextid="0" timestamp="2019-08-04T20:35:39.164" intervalms="65.510" />
  <attribute name="GC Util" value="385" />
  <attribute name="CPU Util" value="1305142688956" />
  <attribute name="Time Running"value="79358"/>
  <attribute name="Number of cores"value="16"/>
<exclusive-end id="3519" timestamp="2019-08-04T20:35:39.164" durationms="0.028" />

<exclusive-start id="3520" timestamp="2019-08-04T20:35:39.165" intervalms="0.624">
  <response-info timems="0.029" idlems="0.029" threads="0" lastid="0000000000968F00" lastname="main" />
</exclusive-start>
<af-start id="3521" threadId="0000000000969888" totalBytesRequested="72" timestamp="2019-08-04T20:35:39.165" intervalms="67.077" />
<concurrent-aborted id="3522" timestamp="2019-08-04T20:35:39.165">
  <reason value="insufficient progress made" />
</concurrent-aborted>
<cycle-end id="3523" type="global" contextid="3518" timestamp="2019-08-04T20:35:39.165">
  <attribute name="GC Util" value="16" />
  <attribute name="CPU Util" value="355052044982" />
  <attribute name="Time Running"value="79410"/>
  <attribute name="Number of cores"value="16"/>
</cycle-end>
<cycle-start id="3524" type="global" contextid="0" timestamp="2019-08-04T20:35:39.165" intervalms="1.158" />
  <attribute name="GC Util" value="16" />
  <attribute name="CPU Util" value="355052044982" />
  <attribute name="Time Running"value="79410"/>
  <attribute name="Number of cores"value="16"/>
<gc-start id="3525" type="global" contextid="3524" timestamp="2019-08-04T20:35:39.165">
  <mem-info id="3526" free="799744" total="80019456" percent="0">
    <mem type="tenure" free="799744" total="80019456" percent="0">
      <mem type="soa" free="0" total="79219712" percent="0" />
      <mem type="loa" free="799744" total="799744" percent="100" />
    </mem>
  </mem-info>
</gc-start>
<allocation-stats totalBytes="61325440" >
  <allocated-bytes non-tlh="1168" tlh="61324272" />
  <largest-consumer threadName="main" threadId="0000000000968F00" bytes="61325440" />
</allocation-stats>
<gc-op id="3527" type="mark" timems="9.207" contextid="3524" timestamp="2019-08-04T20:35:39.174">
  <trace-info objectcount="596710" scancount="517716" scanbytes="13288636" />
  <finalization candidates="80" enqueued="0" />
  <ownableSynchronizers candidates="21" cleared="0" />
  <references type="soft" candidates="1850" cleared="0" enqueued="0" dynamicThreshold="19" maxThreshold="32" />
  <references type="weak" candidates="5753" cleared="0" enqueued="0" />
  <references type="phantom" candidates="97" cleared="0" enqueued="0" />
  <stringconstants candidates="13260" cleared="0"  />
</gc-op>
<gc-op id="3528" type="sweep" timems="2.485" contextid="3524" timestamp="2019-08-04T20:35:39.177" />
<gc-end id="3529" type="global" contextid="3524" durationms="11.822" usertimems="54.725" systemtimems="0.000" timestamp="2019-08-04T20:35:39.177" activeThreads="16">
  <mem-info id="3530" free="48191584" total="80019456" percent="60">
    <mem type="tenure" free="48191584" total="80019456" percent="60" micro-fragmented="0">
      <mem type="soa" free="47391864" total="79219712" percent="59" />
      <mem type="loa" free="799720" total="799744" percent="99" />
    </mem>
  </mem-info>
</gc-end>
<cycle-end id="3531" type="global" contextid="3524" timestamp="2019-08-04T20:35:39.177">
  <attribute name="GC Util" value="480" />
  <attribute name="CPU Util" value="1987804813496" />
  <attribute name="Time Running"value="79420"/>
  <attribute name="Number of cores"value="16"/>
</cycle-end>
<allocation-satisfied id="3532" threadId="0000000000968F00" bytesRequested="72" />
<af-end id="3533" timestamp="2019-08-04T20:35:39.177" threadId="0000000000969888" success="true" />
<exclusive-end id="3534" timestamp="2019-08-04T20:35:39.177" durationms="12.534" />

<concurrent-kickoff id="3535" timestamp="2019-08-04T20:35:39.235">
  <kickoff reason="threshold reached" targetBytes="6342931" thresholdFreeBytes="863797" remainingFree="799720" tenureFreeBytes="799720" />
</concurrent-kickoff>
<exclusive-start id="3536" timestamp="2019-08-04T20:35:39.235" intervalms="70.887">
  <response-info timems="0.020" idlems="0.020" threads="0" lastid="0000000000968F00" lastname="main" />
</exclusive-start>
<cycle-start id="3537" type="global" contextid="0" timestamp="2019-08-04T20:35:39.236" intervalms="70.350" />
  <attribute name="GC Util" value="480" />
  <attribute name="CPU Util" value="1987804813496" />
  <attribute name="Time Running"value="79420"/>
  <attribute name="Number of cores"value="16"/>
<exclusive-end id="3538" timestamp="2019-08-04T20:35:39.236" durationms="0.022" />

<exclusive-start id="3539" timestamp="2019-08-04T20:35:39.236" intervalms="0.064">
  <response-info timems="0.007" idlems="0.007" threads="0" lastid="0000000000968F00" lastname="main" />
</exclusive-start>
<af-start id="3540" threadId="0000000000969888" totalBytesRequested="312" timestamp="2019-08-04T20:35:39.236" intervalms="70.941" />
<concurrent-aborted id="3541" timestamp="2019-08-04T20:35:39.236">
  <reason value="insufficient progress made" />
</concurrent-aborted>
<cycle-end id="3542" type="global" contextid="3537" timestamp="2019-08-04T20:35:39.236">
  <attribute name="GC Util" value="16" />
  <attribute name="CPU Util" value="301908145874" />
  <attribute name="Time Running"value="79481"/>
  <attribute name="Number of cores"value="16"/>
</cycle-end>
<cycle-start id="3543" type="global" contextid="0" timestamp="2019-08-04T20:35:39.236" intervalms="0.787" />
  <attribute name="GC Util" value="16" />
  <attribute name="CPU Util" value="301908145874" />
  <attribute name="Time Running"value="79481"/>
  <attribute name="Number of cores"value="16"/>
<gc-start id="3544" type="global" contextid="3543" timestamp="2019-08-04T20:35:39.236">
  <mem-info id="3545" free="799744" total="80019456" percent="0">
    <mem type="tenure" free="799744" total="80019456" percent="0">
      <mem type="soa" free="0" total="79219712" percent="0" />
      <mem type="loa" free="799744" total="799744" percent="100" />
    </mem>
  </mem-info>
</gc-start>
<allocation-stats totalBytes="61304728" >
  <allocated-bytes non-tlh="0" tlh="61304728" />
  <largest-consumer threadName="main" threadId="0000000000968F00" bytes="61304728" />
</allocation-stats>
<gc-op id="3546" type="mark" timems="9.116" contextid="3543" timestamp="2019-08-04T20:35:39.245">
  <trace-info objectcount="596536" scancount="517540" scanbytes="13282748" />
  <finalization candidates="80" enqueued="0" />
  <ownableSynchronizers candidates="21" cleared="0" />
  <references type="soft" candidates="1850" cleared="0" enqueued="0" dynamicThreshold="19" maxThreshold="32" />
  <references type="weak" candidates="5753" cleared="7" enqueued="3" />
  <references type="phantom" candidates="97" cleared="0" enqueued="0" />
  <stringconstants candidates="13260" cleared="0"  />
</gc-op>
<gc-op id="3547" type="sweep" timems="1.114" contextid="3543" timestamp="2019-08-04T20:35:39.247" />
<gc-end id="3548" type="global" contextid="3543" durationms="10.525" usertimems="67.197" systemtimems="0.000" timestamp="2019-08-04T20:35:39.247" activeThreads="16">
  <mem-info id="3549" free="48166272" total="80019456" percent="60">
    <mem type="tenure" free="48166272" total="80019456" percent="60" micro-fragmented="0">
      <mem type="soa" free="47366544" total="79219712" percent="59" />
      <mem type="loa" free="799728" total="799744" percent="99" />
    </mem>
    <pending-finalizers system="0" default="0" reference="3" classloader="0" />
  </mem-info>
</gc-end>
<cycle-end id="3550" type="global" contextid="3543" timestamp="2019-08-04T20:35:39.247">
  <attribute name="GC Util" value="617" />
  <attribute name="CPU Util" value="1977675147912" />
  <attribute name="Time Running"value="79491"/>
  <attribute name="Number of cores"value="16"/>
</cycle-end>
<allocation-satisfied id="3551" threadId="0000000000968F00" bytesRequested="312" />
<af-end id="3552" timestamp="2019-08-04T20:35:39.247" threadId="0000000000969888" success="true" />
<exclusive-end id="3553" timestamp="2019-08-04T20:35:39.247" durationms="11.375" />

<concurrent-kickoff id="3554" timestamp="2019-08-04T20:35:39.267">
  <kickoff reason="threshold reached" targetBytes="6342931" thresholdFreeBytes="863797" remainingFree="821088" tenureFreeBytes="821088" />
</concurrent-kickoff>
<exclusive-start id="3555" timestamp="2019-08-04T20:35:39.267" intervalms="31.418">
  <response-info timems="0.019" idlems="0.019" threads="0" lastid="0000000000968F00" lastname="main" />
</exclusive-start>
<cycle-start id="3556" type="global" contextid="0" timestamp="2019-08-04T20:35:39.267" intervalms="30.689" />
  <attribute name="GC Util" value="617" />
  <attribute name="CPU Util" value="1977675147912" />
  <attribute name="Time Running"value="79491"/>
  <attribute name="Number of cores"value="16"/>
<exclusive-end id="3557" timestamp="2019-08-04T20:35:39.267" durationms="0.015" />

<exclusive-start id="3558" timestamp="2019-08-04T20:35:39.267" intervalms="0.371">
  <response-info timems="0.008" idlems="0.008" threads="0" lastid="0000000000968F00" lastname="main" />
</exclusive-start>
<af-start id="3559" threadId="0000000000969888" totalBytesRequested="288" timestamp="2019-08-04T20:35:39.267" intervalms="31.790" />
<concurrent-aborted id="3560" timestamp="2019-08-04T20:35:39.268">
  <reason value="insufficient progress made" />
</concurrent-aborted>
<cycle-end id="3561" type="global" contextid="3556" timestamp="2019-08-04T20:35:39.268">
  <attribute name="GC Util" value="44" />
  <attribute name="CPU Util" value="849819824069" />
  <attribute name="Time Running"value="79513"/>
  <attribute name="Number of cores"value="16"/>
</cycle-end>
<cycle-start id="3562" type="global" contextid="0" timestamp="2019-08-04T20:35:39.268" intervalms="1.387" />
  <attribute name="GC Util" value="44" />
  <attribute name="CPU Util" value="849819824069" />
  <attribute name="Time Running"value="79513"/>
  <attribute name="Number of cores"value="16"/>
<gc-start id="3563" type="global" contextid="3562" timestamp="2019-08-04T20:35:39.268">
  <mem-info id="3564" free="799744" total="80019456" percent="0">
    <mem type="tenure" free="799744" total="80019456" percent="0">
      <mem type="soa" free="0" total="79219712" percent="0" />
      <mem type="loa" free="799744" total="799744" percent="100" />
    </mem>
  </mem-info>
</gc-start>
<allocation-stats totalBytes="61300520" >
  <allocated-bytes non-tlh="0" tlh="61300520" />
  <largest-consumer threadName="main" threadId="0000000000968F00" bytes="61300520" />
</allocation-stats>
<gc-op id="3565" type="mark" timems="8.948" contextid="3562" timestamp="2019-08-04T20:35:39.277">
  <trace-info objectcount="596180" scancount="517188" scanbytes="13271296" />
  <finalization candidates="80" enqueued="0" />
  <ownableSynchronizers candidates="21" cleared="0" />
  <references type="soft" candidates="1850" cleared="7" enqueued="7" dynamicThreshold="19" maxThreshold="32" />
  <references type="weak" candidates="5746" cleared="0" enqueued="0" />
  <references type="phantom" candidates="97" cleared="0" enqueued="0" />
  <stringconstants candidates="13260" cleared="0"  />
</gc-op>
<gc-op id="3566" type="sweep" timems="1.220" contextid="3562" timestamp="2019-08-04T20:35:39.279" />
<gc-end id="3567" type="global" contextid="3562" durationms="10.503" usertimems="60.443" systemtimems="0.000" timestamp="2019-08-04T20:35:39.279" activeThreads="16">
  <mem-info id="3568" free="48147984" total="80019456" percent="60">
    <mem type="tenure" free="48147984" total="80019456" percent="60" micro-fragmented="0">
      <mem type="soa" free="47348256" total="79219712" percent="59" />
      <mem type="loa" free="799728" total="799744" percent="99" />
    </mem>
    <pending-finalizers system="0" default="0" reference="7" classloader="0" />
  </mem-info>
</gc-end>
<cycle-end id="3569" type="global" contextid="3562" timestamp="2019-08-04T20:35:39.279">
  <attribute name="GC Util" value="562" />
  <attribute name="CPU Util" value="2008737118842" />
  <attribute name="Time Running"value="79523"/>
  <attribute name="Number of cores"value="16"/>
</cycle-end>
<allocation-satisfied id="3570" threadId="0000000000968F00" bytesRequested="288" />
<af-end id="3571" timestamp="2019-08-04T20:35:39.279" threadId="0000000000969888" success="true" />
<exclusive-end id="3572" timestamp="2019-08-04T20:35:39.279" durationms="11.674" />

<concurrent-kickoff id="3573" timestamp="2019-08-04T20:35:39.297">
  <kickoff reason="threshold reached" targetBytes="6342931" thresholdFreeBytes="863797" remainingFree="809144" tenureFreeBytes="809144" />
</concurrent-kickoff>
<exclusive-start id="3574" timestamp="2019-08-04T20:35:39.297" intervalms="29.860">
  <response-info timems="0.032" idlems="0.032" threads="0" lastid="0000000000968F00" lastname="main" />
</exclusive-start>
<cycle-start id="3575" type="global" contextid="0" timestamp="2019-08-04T20:35:39.297" intervalms="28.845" />
  <attribute name="GC Util" value="562" />
  <attribute name="CPU Util" value="2008737118842" />
  <attribute name="Time Running"value="79523"/>
  <attribute name="Number of cores"value="16"/>
<exclusive-end id="3576" timestamp="2019-08-04T20:35:39.297" durationms="0.017" />

<exclusive-start id="3577" timestamp="2019-08-04T20:35:39.297" intervalms="0.163">
  <response-info timems="0.008" idlems="0.008" threads="0" lastid="0000000000968F00" lastname="main" />
</exclusive-start>
<af-start id="3578" threadId="0000000000969888" totalBytesRequested="208" timestamp="2019-08-04T20:35:39.297" intervalms="30.032" />
<concurrent-aborted id="3579" timestamp="2019-08-04T20:35:39.298">
  <reason value="insufficient progress made" />
</concurrent-aborted>
<cycle-end id="3580" type="global" contextid="3575" timestamp="2019-08-04T20:35:39.298">
  <attribute name="GC Util" value="46" />
  <attribute name="CPU Util" value="930901358237" />
  <attribute name="Time Running"value="79543"/>
  <attribute name="Number of cores"value="16"/>
</cycle-end>
<cycle-start id="3581" type="global" contextid="0" timestamp="2019-08-04T20:35:39.298" intervalms="0.800" />
  <attribute name="GC Util" value="46" />
  <attribute name="CPU Util" value="930901358237" />
  <attribute name="Time Running"value="79543"/>
  <attribute name="Number of cores"value="16"/>
<gc-start id="3582" type="global" contextid="3581" timestamp="2019-08-04T20:35:39.298">
  <mem-info id="3583" free="799744" total="80019456" percent="0">
    <mem type="tenure" free="799744" total="80019456" percent="0">
      <mem type="soa" free="0" total="79219712" percent="0" />
      <mem type="loa" free="799744" total="799744" percent="100" />
    </mem>
  </mem-info>
</gc-start>
<allocation-stats totalBytes="61312600" >
  <allocated-bytes non-tlh="0" tlh="61312600" />
  <largest-consumer threadName="main" threadId="0000000000968F00" bytes="61308504" />
</allocation-stats>
<gc-op id="3584" type="mark" timems="10.218" contextid="3581" timestamp="2019-08-04T20:35:39.308">
  <trace-info objectcount="596167" scancount="517172" scanbytes="13271288" />
  <finalization candidates="80" enqueued="0" />
  <ownableSynchronizers candidates="21" cleared="0" />
  <references type="soft" candidates="1843" cleared="0" enqueued="0" dynamicThreshold="19" maxThreshold="32" />
  <references type="weak" candidates="5746" cleared="0" enqueued="0" />
  <references type="phantom" candidates="97" cleared="0" enqueued="0" />
  <stringconstants candidates="13260" cleared="0"  />
</gc-op>
<gc-op id="3585" type="sweep" timems="2.152" contextid="3581" timestamp="2019-08-04T20:35:39.311" />
<gc-end id="3586" type="global" contextid="3581" durationms="12.492" usertimems="65.211" systemtimems="0.000" timestamp="2019-08-04T20:35:39.311" activeThreads="16">
  <mem-info id="3587" free="48134344" total="80019456" percent="60">
    <mem type="tenure" free="48134344" total="80019456" percent="60" micro-fragmented="0">
      <mem type="soa" free="47334608" total="79219712" percent="59" />
      <mem type="loa" free="799736" total="799744" percent="99" />
    </mem>
  </mem-info>
</gc-end>
<cycle-end id="3588" type="global" contextid="3581" timestamp="2019-08-04T20:35:39.311">
  <attribute name="GC Util" value="531" />
  <attribute name="CPU Util" value="1800033487033" />
  <attribute name="Time Running"value="79554"/>
  <attribute name="Number of cores"value="16"/>
</cycle-end>
<allocation-satisfied id="3589" threadId="0000000000968F00" bytesRequested="208" />
<af-end id="3590" timestamp="2019-08-04T20:35:39.311" threadId="0000000000969888" success="true" />
<exclusive-end id="3591" timestamp="2019-08-04T20:35:39.311" durationms="13.283" />

<concurrent-kickoff id="3592" timestamp="2019-08-04T20:35:39.328">
  <kickoff reason="threshold reached" targetBytes="6342931" thresholdFreeBytes="863797" remainingFree="805752" tenureFreeBytes="805752" />
</concurrent-kickoff>
<exclusive-start id="3593" timestamp="2019-08-04T20:35:39.328" intervalms="30.572">
  <response-info timems="0.020" idlems="0.020" threads="0" lastid="0000000000968F00" lastname="main" />
</exclusive-start>
<cycle-start id="3594" type="global" contextid="0" timestamp="2019-08-04T20:35:39.328" intervalms="29.942" />
  <attribute name="GC Util" value="531" />
  <attribute name="CPU Util" value="1800033487033" />
  <attribute name="Time Running"value="79554"/>
  <attribute name="Number of cores"value="16"/>
<exclusive-end id="3595" timestamp="2019-08-04T20:35:39.328" durationms="0.024" />

<exclusive-start id="3596" timestamp="2019-08-04T20:35:39.328" intervalms="0.312">
  <response-info timems="0.026" idlems="0.026" threads="0" lastid="0000000000968F00" lastname="main" />
</exclusive-start>
<af-start id="3597" threadId="0000000000969888" totalBytesRequested="200" timestamp="2019-08-04T20:35:39.328" intervalms="30.879" />
<concurrent-aborted id="3598" timestamp="2019-08-04T20:35:39.329">
  <reason value="insufficient progress made" />
</concurrent-aborted>
<cycle-end id="3599" type="global" contextid="3594" timestamp="2019-08-04T20:35:39.329">
  <attribute name="GC Util" value="54" />
  <attribute name="CPU Util" value="925808477438" />
  <attribute name="Time Running"value="79574"/>
  <attribute name="Number of cores"value="16"/>
</cycle-end>
<cycle-start id="3600" type="global" contextid="0" timestamp="2019-08-04T20:35:39.329" intervalms="0.975" />
  <attribute name="GC Util" value="54" />
  <attribute name="CPU Util" value="925808477438" />
  <attribute name="Time Running"value="79574"/>
  <attribute name="Number of cores"value="16"/>
<gc-start id="3601" type="global" contextid="3600" timestamp="2019-08-04T20:35:39.329">
  <mem-info id="3602" free="799744" total="80019456" percent="0">
    <mem type="tenure" free="799744" total="80019456" percent="0">
      <mem type="soa" free="0" total="79219712" percent="0" />
      <mem type="loa" free="799744" total="799744" percent="100" />
    </mem>
  </mem-info>
</gc-start>
<allocation-stats totalBytes="61312584" >
  <allocated-bytes non-tlh="0" tlh="61312584" />
  <largest-consumer threadName="main" threadId="0000000000968F00" bytes="61312584" />
</allocation-stats>
<gc-op id="3603" type="mark" timems="8.855" contextid="3600" timestamp="2019-08-04T20:35:39.338">
  <trace-info objectcount="596167" scancount="517178" scanbytes="13271288" />
  <finalization candidates="80" enqueued="0" />
  <ownableSynchronizers candidates="21" cleared="0" />
  <references type="soft" candidates="1843" cleared="0" enqueued="0" dynamicThreshold="19" maxThreshold="32" />
  <references type="weak" candidates="5746" cleared="0" enqueued="0" />
  <references type="phantom" candidates="97" cleared="0" enqueued="0" />
  <stringconstants candidates="13260" cleared="0"  />
</gc-op>
<gc-op id="3604" type="sweep" timems="1.240" contextid="3600" timestamp="2019-08-04T20:35:39.339" />
<gc-end id="3605" type="global" contextid="3600" durationms="10.211" usertimems="58.474" systemtimems="0.000" timestamp="2019-08-04T20:35:39.339" activeThreads="16">
  <mem-info id="3606" free="48123816" total="80019456" percent="60">
    <mem type="tenure" free="48123816" total="80019456" percent="60" micro-fragmented="0">
      <mem type="soa" free="47324080" total="79219712" percent="59" />
      <mem type="loa" free="799736" total="799744" percent="99" />
    </mem>
  </mem-info>
</gc-end>
<cycle-end id="3607" type="global" contextid="3600" timestamp="2019-08-04T20:35:39.339">
  <attribute name="GC Util" value="566" />
  <attribute name="CPU Util" value="2068125332011" />
  <attribute name="Time Running"value="79584"/>
  <attribute name="Number of cores"value="16"/>
</cycle-end>
<allocation-satisfied id="3608" threadId="0000000000968F00" bytesRequested="200" />
<af-end id="3609" timestamp="2019-08-04T20:35:39.339" threadId="0000000000969888" success="true" />
<exclusive-end id="3610" timestamp="2019-08-04T20:35:39.339" durationms="11.043" />

<concurrent-kickoff id="3611" timestamp="2019-08-04T20:35:39.357">
  <kickoff reason="threshold reached" targetBytes="6342931" thresholdFreeBytes="863797" remainingFree="804960" tenureFreeBytes="804960" />
</concurrent-kickoff>
<exclusive-start id="3612" timestamp="2019-08-04T20:35:39.357" intervalms="28.455">
  <response-info timems="0.027" idlems="0.027" threads="0" lastid="0000000000968F00" lastname="main" />
</exclusive-start>
<cycle-start id="3613" type="global" contextid="0" timestamp="2019-08-04T20:35:39.357" intervalms="27.795" />
  <attribute name="GC Util" value="566" />
  <attribute name="CPU Util" value="2068125332011" />
  <attribute name="Time Running"value="79584"/>
  <attribute name="Number of cores"value="16"/>
<exclusive-end id="3614" timestamp="2019-08-04T20:35:39.357" durationms="0.030" />

<exclusive-start id="3615" timestamp="2019-08-04T20:35:39.357" intervalms="0.230">
  <response-info timems="0.009" idlems="0.009" threads="0" lastid="0000000000968F00" lastname="main" />
</exclusive-start>
<af-start id="3616" threadId="0000000000969888" totalBytesRequested="192" timestamp="2019-08-04T20:35:39.357" intervalms="28.743" />
<concurrent-aborted id="3617" timestamp="2019-08-04T20:35:39.358">
  <reason value="insufficient progress made" />
</concurrent-aborted>
<cycle-end id="3618" type="global" contextid="3613" timestamp="2019-08-04T20:35:39.358">
  <attribute name="GC Util" value="43" />
  <attribute name="CPU Util" value="962259475498" />
  <attribute name="Time Running"value="79603"/>
  <attribute name="Number of cores"value="16"/>
</cycle-end>
<cycle-start id="3619" type="global" contextid="0" timestamp="2019-08-04T20:35:39.358" intervalms="1.418" />
  <attribute name="GC Util" value="43" />
  <attribute name="CPU Util" value="962259475498" />
  <attribute name="Time Running"value="79603"/>
  <attribute name="Number of cores"value="16"/>
<gc-start id="3620" type="global" contextid="3619" timestamp="2019-08-04T20:35:39.358">
  <mem-info id="3621" free="799744" total="80019456" percent="0">
    <mem type="tenure" free="799744" total="80019456" percent="0">
      <mem type="soa" free="0" total="79219712" percent="0" />
      <mem type="loa" free="799744" total="799744" percent="100" />
    </mem>
  </mem-info>
</gc-start>
<allocation-stats totalBytes="61304352" >
  <allocated-bytes non-tlh="0" tlh="61304352" />
  <largest-consumer threadName="main" threadId="0000000000968F00" bytes="61304352" />
</allocation-stats>
<gc-op id="3622" type="mark" timems="16.105" contextid="3619" timestamp="2019-08-04T20:35:39.374">
  <trace-info objectcount="596168" scancount="517174" scanbytes="13271332" />
  <finalization candidates="80" enqueued="0" />
  <ownableSynchronizers candidates="21" cleared="0" />
  <references type="soft" candidates="1843" cleared="0" enqueued="0" dynamicThreshold="19" maxThreshold="32" />
  <references type="weak" candidates="5746" cleared="0" enqueued="0" />
  <references type="phantom" candidates="97" cleared="0" enqueued="0" />
  <stringconstants candidates="13260" cleared="0"  />
</gc-op>
<gc-op id="3623" type="sweep" timems="2.342" contextid="3619" timestamp="2019-08-04T20:35:39.377" />
<gc-end id="3624" type="global" contextid="3619" durationms="18.571" usertimems="55.963" systemtimems="0.000" timestamp="2019-08-04T20:35:39.377" activeThreads="16">
  <mem-info id="3625" free="48115384" total="80019456" percent="60">
    <mem type="tenure" free="48115384" total="80019456" percent="60" micro-fragmented="0">
      <mem type="soa" free="47315648" total="79219712" percent="59" />
      <mem type="loa" free="799736" total="799744" percent="99" />
    </mem>
  </mem-info>
</gc-end>
<cycle-end id="3626" type="global" contextid="3619" timestamp="2019-08-04T20:35:39.377">
  <attribute name="GC Util" value="276" />
  <attribute name="CPU Util" value="1143492636189" />
  <attribute name="Time Running"value="79620"/>
  <attribute name="Number of cores"value="16"/>
</cycle-end>
<allocation-satisfied id="3627" threadId="0000000000968F00" bytesRequested="192" />
<af-end id="3628" timestamp="2019-08-04T20:35:39.377" threadId="0000000000969888" success="true" />
<exclusive-end id="3629" timestamp="2019-08-04T20:35:39.377" durationms="19.965" />

<concurrent-kickoff id="3630" timestamp="2019-08-04T20:35:39.393">
  <kickoff reason="threshold reached" targetBytes="6342931" thresholdFreeBytes="863797" remainingFree="804608" tenureFreeBytes="804608" />
</concurrent-kickoff>
<exclusive-start id="3631" timestamp="2019-08-04T20:35:39.393" intervalms="36.553">
  <response-info timems="0.027" idlems="0.027" threads="0" lastid="0000000000968F00" lastname="main" />
</exclusive-start>
<cycle-start id="3632" type="global" contextid="0" timestamp="2019-08-04T20:35:39.394" intervalms="35.378" />
  <attribute name="GC Util" value="276" />
  <attribute name="CPU Util" value="1143492636189" />
  <attribute name="Time Running"value="79620"/>
  <attribute name="Number of cores"value="16"/>
<exclusive-end id="3633" timestamp="2019-08-04T20:35:39.394" durationms="0.043" />

<exclusive-start id="3634" timestamp="2019-08-04T20:35:39.394" intervalms="0.203">
  <response-info timems="0.010" idlems="0.010" threads="0" lastid="0000000000968F00" lastname="main" />
</exclusive-start>
<af-start id="3635" threadId="0000000000969888" totalBytesRequested="16" timestamp="2019-08-04T20:35:39.394" intervalms="36.720" />
<concurrent-aborted id="3636" timestamp="2019-08-04T20:35:39.394">
  <reason value="insufficient progress made" />
</concurrent-aborted>
<cycle-end id="3637" type="global" contextid="3632" timestamp="2019-08-04T20:35:39.394">
  <attribute name="GC Util" value="60" />
  <attribute name="CPU Util" value="954740822757" />
  <attribute name="Time Running"value="79639"/>
  <attribute name="Number of cores"value="16"/>
</cycle-end>
<cycle-start id="3638" type="global" contextid="0" timestamp="2019-08-04T20:35:39.394" intervalms="0.851" />
  <attribute name="GC Util" value="60" />
  <attribute name="CPU Util" value="954740822757" />
  <attribute name="Time Running"value="79639"/>
  <attribute name="Number of cores"value="16"/>
<gc-start id="3639" type="global" contextid="3638" timestamp="2019-08-04T20:35:39.394">
  <mem-info id="3640" free="799744" total="80019456" percent="0">
    <mem type="tenure" free="799744" total="80019456" percent="0">
      <mem type="soa" free="0" total="79219712" percent="0" />
      <mem type="loa" free="799744" total="799744" percent="100" />
    </mem>
  </mem-info>
</gc-start>
<allocation-stats totalBytes="61291456" >
  <allocated-bytes non-tlh="0" tlh="61291456" />
  <largest-consumer threadName="main" threadId="0000000000968F00" bytes="61291456" />
</allocation-stats>
<gc-op id="3641" type="mark" timems="9.530" contextid="3638" timestamp="2019-08-04T20:35:39.404">
  <trace-info objectcount="596170" scancount="517165" scanbytes="13271348" />
  <finalization candidates="80" enqueued="0" />
  <ownableSynchronizers candidates="21" cleared="0" />
  <references type="soft" candidates="1843" cleared="0" enqueued="0" dynamicThreshold="19" maxThreshold="32" />
  <references type="weak" candidates="5746" cleared="0" enqueued="0" />
  <references type="phantom" candidates="97" cleared="0" enqueued="0" />
  <stringconstants candidates="13260" cleared="0"  />
</gc-op>
<gc-op id="3642" type="sweep" timems="1.097" contextid="3638" timestamp="2019-08-04T20:35:39.405" />
<gc-end id="3643" type="global" contextid="3638" durationms="10.735" usertimems="59.457" systemtimems="0.000" timestamp="2019-08-04T20:35:39.405" activeThreads="16">
  <mem-info id="3644" free="48108584" total="80019456" percent="60">
    <mem type="tenure" free="48108584" total="80019456" percent="60" micro-fragmented="0">
      <mem type="soa" free="47308840" total="79219712" percent="59" />
      <mem type="loa" free="799744" total="799744" percent="100" />
    </mem>
  </mem-info>
</gc-end>
<cycle-end id="3645" type="global" contextid="3638" timestamp="2019-08-04T20:35:39.405">
  <attribute name="GC Util" value="531" />
  <attribute name="CPU Util" value="1928212180006" />
  <attribute name="Time Running"value="79650"/>
  <attribute name="Number of cores"value="16"/>
</cycle-end>
<allocation-satisfied id="3646" threadId="0000000000968F00" bytesRequested="16" />
<af-end id="3647" timestamp="2019-08-04T20:35:39.405" threadId="0000000000969888" success="true" />
<exclusive-end id="3648" timestamp="2019-08-04T20:35:39.405" durationms="11.556" />

<concurrent-kickoff id="3649" timestamp="2019-08-04T20:35:39.429">
  <kickoff reason="threshold reached" targetBytes="6342931" thresholdFreeBytes="863797" remainingFree="799744" tenureFreeBytes="799744" />
</concurrent-kickoff>
<exclusive-start id="3650" timestamp="2019-08-04T20:35:39.429" intervalms="35.766">
  <response-info timems="0.014" idlems="0.014" threads="0" lastid="0000000000968F00" lastname="main" />
</exclusive-start>
<cycle-start id="3651" type="global" contextid="0" timestamp="2019-08-04T20:35:39.429" intervalms="35.100" />
  <attribute name="GC Util" value="531" />
  <attribute name="CPU Util" value="1928212180006" />
  <attribute name="Time Running"value="79650"/>
  <attribute name="Number of cores"value="16"/>
<exclusive-end id="3652" timestamp="2019-08-04T20:35:39.429" durationms="0.020" />

<exclusive-start id="3653" timestamp="2019-08-04T20:35:39.430" intervalms="0.086">
  <response-info timems="0.006" idlems="0.006" threads="0" lastid="0000000000968F00" lastname="main" />
</exclusive-start>
<af-start id="3654" threadId="0000000000969888" totalBytesRequested="136" timestamp="2019-08-04T20:35:39.430" intervalms="35.832" />
<concurrent-aborted id="3655" timestamp="2019-08-04T20:35:39.430">
  <reason value="insufficient progress made" />
</concurrent-aborted>
<cycle-end id="3656" type="global" contextid="3651" timestamp="2019-08-04T20:35:39.430">
  <attribute name="GC Util" value="33" />
  <attribute name="CPU Util" value="721217788258" />
  <attribute name="Time Running"value="79675"/>
  <attribute name="Number of cores"value="16"/>
</cycle-end>
<cycle-start id="3657" type="global" contextid="0" timestamp="2019-08-04T20:35:39.430" intervalms="0.842" />
  <attribute name="GC Util" value="33" />
  <attribute name="CPU Util" value="721217788258" />
  <attribute name="Time Running"value="79675"/>
  <attribute name="Number of cores"value="16"/>
<gc-start id="3658" type="global" contextid="3657" timestamp="2019-08-04T20:35:39.430">
  <mem-info id="3659" free="799744" total="80019456" percent="0">
    <mem type="tenure" free="799744" total="80019456" percent="0">
      <mem type="soa" free="0" total="79219712" percent="0" />
      <mem type="loa" free="799744" total="799744" percent="100" />
    </mem>
  </mem-info>
</gc-start>
<allocation-stats totalBytes="61330728" >
  <allocated-bytes non-tlh="0" tlh="61330728" />
  <largest-consumer threadName="main" threadId="0000000000968F00" bytes="61330728" />
</allocation-stats>
<gc-op id="3660" type="mark" timems="8.694" contextid="3657" timestamp="2019-08-04T20:35:39.439">
  <trace-info objectcount="596185" scancount="517194" scanbytes="13272240" />
  <finalization candidates="80" enqueued="0" />
  <ownableSynchronizers candidates="21" cleared="0" />
  <references type="soft" candidates="1843" cleared="0" enqueued="0" dynamicThreshold="19" maxThreshold="32" />
  <references type="weak" candidates="5746" cleared="0" enqueued="0" />
  <references type="phantom" candidates="97" cleared="0" enqueued="0" />
  <stringconstants candidates="13260" cleared="0"  />
</gc-op>
<gc-op id="3661" type="sweep" timems="2.097" contextid="3657" timestamp="2019-08-04T20:35:39.441" />
<gc-end id="3662" type="global" contextid="3657" durationms="10.899" usertimems="51.655" systemtimems="0.000" timestamp="2019-08-04T20:35:39.441" activeThreads="16">
  <mem-info id="3663" free="48102032" total="80019456" percent="60">
    <mem type="tenure" free="48102032" total="80019456" percent="60" micro-fragmented="0">
      <mem type="soa" free="47302288" total="79219712" percent="59" />
      <mem type="loa" free="799744" total="799744" percent="100" />
    </mem>
  </mem-info>
</gc-end>
<cycle-end id="3664" type="global" contextid="3657" timestamp="2019-08-04T20:35:39.441">
  <attribute name="GC Util" value="484" />
  <attribute name="CPU Util" value="2111934082060" />
  <attribute name="Time Running"value="79685"/>
  <attribute name="Number of cores"value="16"/>
</cycle-end>
<allocation-satisfied id="3665" threadId="0000000000968F00" bytesRequested="136" />
<af-end id="3666" timestamp="2019-08-04T20:35:39.441" threadId="0000000000969888" success="true" />
<exclusive-end id="3667" timestamp="2019-08-04T20:35:39.441" durationms="11.785" />

<concurrent-kickoff id="3668" timestamp="2019-08-04T20:35:39.628">
  <kickoff reason="threshold reached" targetBytes="6342931" thresholdFreeBytes="863797" remainingFree="809408" tenureFreeBytes="809408" />
</concurrent-kickoff>
<exclusive-start id="3669" timestamp="2019-08-04T20:35:39.629" intervalms="198.976">
  <response-info timems="0.022" idlems="0.022" threads="0" lastid="0000000000968F00" lastname="main" />
</exclusive-start>
<cycle-start id="3670" type="global" contextid="0" timestamp="2019-08-04T20:35:39.629" intervalms="198.220" />
  <attribute name="GC Util" value="484" />
  <attribute name="CPU Util" value="2111934082060" />
  <attribute name="Time Running"value="79685"/>
  <attribute name="Number of cores"value="16"/>
<exclusive-end id="3671" timestamp="2019-08-04T20:35:39.629" durationms="0.021" />

<exclusive-start id="3672" timestamp="2019-08-04T20:35:39.629" intervalms="0.147">
  <response-info timems="0.007" idlems="0.007" threads="0" lastid="0000000000968F00" lastname="main" />
</exclusive-start>
<af-start id="3673" threadId="0000000000969888" totalBytesRequested="7064" timestamp="2019-08-04T20:35:39.629" intervalms="199.121" />
<concurrent-aborted id="3674" timestamp="2019-08-04T20:35:39.629">
  <reason value="insufficient progress made" />
</concurrent-aborted>
<cycle-end id="3675" type="global" contextid="3670" timestamp="2019-08-04T20:35:39.629">
  <attribute name="GC Util" value="5" />
  <attribute name="CPU Util" value="97293078491" />
  <attribute name="Time Running"value="79874"/>
  <attribute name="Number of cores"value="16"/>
</cycle-end>
<cycle-start id="3676" type="global" contextid="0" timestamp="2019-08-04T20:35:39.629" intervalms="0.675" />
  <attribute name="GC Util" value="5" />
  <attribute name="CPU Util" value="97293078491" />
  <attribute name="Time Running"value="79874"/>
  <attribute name="Number of cores"value="16"/>
<gc-start id="3677" type="global" contextid="3676" timestamp="2019-08-04T20:35:39.629">
  <mem-info id="3678" free="799744" total="80019456" percent="0">
    <mem type="tenure" free="799744" total="80019456" percent="0">
      <mem type="soa" free="0" total="79219712" percent="0" />
      <mem type="loa" free="799744" total="799744" percent="100" />
    </mem>
  </mem-info>
</gc-start>
<allocation-stats totalBytes="58995560" >
  <allocated-bytes non-tlh="127872" tlh="58867688" />
  <largest-consumer threadName="main" threadId="0000000000968F00" bytes="58995560" />
</allocation-stats>
<gc-op id="3679" type="mark" timems="9.462" contextid="3676" timestamp="2019-08-04T20:35:39.639">
  <trace-info objectcount="596189" scancount="517196" scanbytes="13288392" />
  <finalization candidates="80" enqueued="0" />
  <ownableSynchronizers candidates="21" cleared="0" />
  <references type="soft" candidates="1843" cleared="0" enqueued="0" dynamicThreshold="19" maxThreshold="32" />
  <references type="weak" candidates="5746" cleared="0" enqueued="0" />
  <references type="phantom" candidates="97" cleared="0" enqueued="0" />
  <stringconstants candidates="13260" cleared="0"  />
</gc-op>
<gc-op id="3680" type="sweep" timems="2.392" contextid="3676" timestamp="2019-08-04T20:35:39.641" />
<gc-end id="3681" type="global" contextid="3676" durationms="11.974" usertimems="59.553" systemtimems="0.000" timestamp="2019-08-04T20:35:39.641" activeThreads="16">
  <mem-info id="3682" free="48098464" total="80019456" percent="60">
    <mem type="tenure" free="48098464" total="80019456" percent="60" micro-fragmented="0">
      <mem type="soa" free="47298720" total="79219712" percent="59" />
      <mem type="loa" free="799744" total="799744" percent="100" />
    </mem>
  </mem-info>
</gc-end>
<cycle-end id="3683" type="global" contextid="3676" timestamp="2019-08-04T20:35:39.641">
  <attribute name="GC Util" value="536" />
  <attribute name="CPU Util" value="1939295856118" />
  <attribute name="Time Running"value="79884"/>
  <attribute name="Number of cores"value="16"/>
</cycle-end>
<allocation-satisfied id="3684" threadId="0000000000968F00" bytesRequested="7064" />
<af-end id="3685" timestamp="2019-08-04T20:35:39.641" threadId="0000000000969888" success="true" />
<exclusive-end id="3686" timestamp="2019-08-04T20:35:39.641" durationms="12.643" />

<concurrent-kickoff id="3687" timestamp="2019-08-04T20:35:39.785">
  <kickoff reason="threshold reached" targetBytes="6342931" thresholdFreeBytes="863797" remainingFree="825720" tenureFreeBytes="825720" />
</concurrent-kickoff>
<exclusive-start id="3688" timestamp="2019-08-04T20:35:39.786" intervalms="156.849">
  <response-info timems="0.015" idlems="0.015" threads="0" lastid="0000000000968F00" lastname="main" />
</exclusive-start>
<cycle-start id="3689" type="global" contextid="0" timestamp="2019-08-04T20:35:39.786" intervalms="156.335" />
  <attribute name="GC Util" value="536" />
  <attribute name="CPU Util" value="1939295856118" />
  <attribute name="Time Running"value="79884"/>
  <attribute name="Number of cores"value="16"/>
<exclusive-end id="3690" timestamp="2019-08-04T20:35:39.786" durationms="0.035" />

<exclusive-start id="3691" timestamp="2019-08-04T20:35:39.786" intervalms="0.256">
  <response-info timems="0.008" idlems="0.008" threads="0" lastid="0000000000968F00" lastname="main" />
</exclusive-start>
<af-start id="3692" threadId="0000000000969888" totalBytesRequested="80" timestamp="2019-08-04T20:35:39.786" intervalms="157.104" />
<concurrent-aborted id="3693" timestamp="2019-08-04T20:35:39.786">
  <reason value="insufficient progress made" />
</concurrent-aborted>
<cycle-end id="3694" type="global" contextid="3689" timestamp="2019-08-04T20:35:39.787">
  <attribute name="GC Util" value="5" />
  <attribute name="CPU Util" value="125463980933" />
  <attribute name="Time Running"value="80031"/>
  <attribute name="Number of cores"value="16"/>
</cycle-end>
<cycle-start id="3695" type="global" contextid="0" timestamp="2019-08-04T20:35:39.787" intervalms="0.978" />
  <attribute name="GC Util" value="5" />
  <attribute name="CPU Util" value="125463980933" />
  <attribute name="Time Running"value="80031"/>
  <attribute name="Number of cores"value="16"/>
<gc-start id="3696" type="global" contextid="3695" timestamp="2019-08-04T20:35:39.787">
  <mem-info id="3697" free="799744" total="80019456" percent="0">
    <mem type="tenure" free="799744" total="80019456" percent="0">
      <mem type="soa" free="0" total="79219712" percent="0" />
      <mem type="loa" free="799744" total="799744" percent="100" />
    </mem>
  </mem-info>
</gc-start>
<allocation-stats totalBytes="61317376" >
  <allocated-bytes non-tlh="7064" tlh="61310312" />
  <largest-consumer threadName="main" threadId="0000000000968F00" bytes="61317376" />
</allocation-stats>
<gc-op id="3698" type="mark" timems="8.814" contextid="3695" timestamp="2019-08-04T20:35:39.795">
  <trace-info objectcount="596174" scancount="517180" scanbytes="13271524" />
  <finalization candidates="80" enqueued="0" />
  <ownableSynchronizers candidates="21" cleared="0" />
  <references type="soft" candidates="1843" cleared="0" enqueued="0" dynamicThreshold="19" maxThreshold="32" />
  <references type="weak" candidates="5746" cleared="0" enqueued="0" />
  <references type="phantom" candidates="97" cleared="0" enqueued="0" />
  <stringconstants candidates="13260" cleared="0"  />
</gc-op>
<gc-op id="3699" type="sweep" timems="1.422" contextid="3695" timestamp="2019-08-04T20:35:39.797" />
<gc-end id="3700" type="global" contextid="3695" durationms="10.351" usertimems="59.775" systemtimems="0.000" timestamp="2019-08-04T20:35:39.797" activeThreads="16">
  <mem-info id="3701" free="48092448" total="80019456" percent="60">
    <mem type="tenure" free="48092448" total="80019456" percent="60" micro-fragmented="768">
      <mem type="soa" free="47292704" total="79219712" percent="59" />
      <mem type="loa" free="799744" total="799744" percent="100" />
    </mem>
  </mem-info>
</gc-end>
<cycle-end id="3702" type="global" contextid="3695" timestamp="2019-08-04T20:35:39.797">
  <attribute name="GC Util" value="575" />
  <attribute name="CPU Util" value="2080735880237" />
  <attribute name="Time Running"value="80041"/>
  <attribute name="Number of cores"value="16"/>
</cycle-end>
<allocation-satisfied id="3703" threadId="0000000000968F00" bytesRequested="80" />
<af-end id="3704" timestamp="2019-08-04T20:35:39.797" threadId="0000000000969888" success="true" />
<exclusive-end id="3705" timestamp="2019-08-04T20:35:39.797" durationms="11.218" />

<concurrent-kickoff id="3706" timestamp="2019-08-04T20:35:39.849">
  <kickoff reason="threshold reached" targetBytes="6342931" thresholdFreeBytes="863797" remainingFree="802624" tenureFreeBytes="802624" />
</concurrent-kickoff>
<exclusive-start id="3707" timestamp="2019-08-04T20:35:39.850" intervalms="63.808">
  <response-info timems="0.020" idlems="0.020" threads="0" lastid="0000000000968F00" lastname="main" />
</exclusive-start>
<cycle-start id="3708" type="global" contextid="0" timestamp="2019-08-04T20:35:39.850" intervalms="63.067" />
  <attribute name="GC Util" value="575" />
  <attribute name="CPU Util" value="2080735880237" />
  <attribute name="Time Running"value="80041"/>
  <attribute name="Number of cores"value="16"/>
<exclusive-end id="3709" timestamp="2019-08-04T20:35:39.850" durationms="0.018" />

<exclusive-start id="3710" timestamp="2019-08-04T20:35:39.850" intervalms="0.503">
  <response-info timems="0.012" idlems="0.012" threads="0" lastid="0000000000968F00" lastname="main" />
</exclusive-start>
<af-start id="3711" threadId="0000000000969888" totalBytesRequested="80" timestamp="2019-08-04T20:35:39.850" intervalms="64.334" />
<concurrent-aborted id="3712" timestamp="2019-08-04T20:35:39.851">
  <reason value="insufficient progress made" />
</concurrent-aborted>
<cycle-end id="3713" type="global" contextid="3708" timestamp="2019-08-04T20:35:39.851">
  <attribute name="GC Util" value="16" />
  <attribute name="CPU Util" value="337052549758" />
  <attribute name="Time Running"value="80096"/>
  <attribute name="Number of cores"value="16"/>
</cycle-end>
<cycle-start id="3714" type="global" contextid="0" timestamp="2019-08-04T20:35:39.851" intervalms="1.255" />
  <attribute name="GC Util" value="16" />
  <attribute name="CPU Util" value="337052549758" />
  <attribute name="Time Running"value="80096"/>
  <attribute name="Number of cores"value="16"/>
<gc-start id="3715" type="global" contextid="3714" timestamp="2019-08-04T20:35:39.851">
  <mem-info id="3716" free="799744" total="80019456" percent="0">
    <mem type="tenure" free="799744" total="80019456" percent="0">
      <mem type="soa" free="0" total="79219712" percent="0" />
      <mem type="loa" free="799744" total="799744" percent="100" />
    </mem>
  </mem-info>
</gc-start>
<allocation-stats totalBytes="61334184" >
  <allocated-bytes non-tlh="0" tlh="61334184" />
  <largest-consumer threadName="main" threadId="0000000000968F00" bytes="61334184" />
</allocation-stats>
<gc-op id="3717" type="mark" timems="9.214" contextid="3714" timestamp="2019-08-04T20:35:39.860">
  <trace-info objectcount="596201" scancount="517209" scanbytes="13272420" />
  <finalization candidates="80" enqueued="0" />
  <ownableSynchronizers candidates="21" cleared="0" />
  <references type="soft" candidates="1843" cleared="0" enqueued="0" dynamicThreshold="19" maxThreshold="32" />
  <references type="weak" candidates="5746" cleared="0" enqueued="0" />
  <references type="phantom" candidates="97" cleared="0" enqueued="0" />
  <stringconstants candidates="13260" cleared="0"  />
</gc-op>
<gc-op id="3718" type="sweep" timems="1.658" contextid="3714" timestamp="2019-08-04T20:35:39.862" />
<gc-end id="3719" type="global" contextid="3714" durationms="11.026" usertimems="59.477" systemtimems="0.000" timestamp="2019-08-04T20:35:39.862" activeThreads="16">
  <mem-info id="3720" free="48089960" total="80019456" percent="60">
    <mem type="tenure" free="48089960" total="80019456" percent="60" micro-fragmented="768">
      <mem type="soa" free="47290216" total="79219712" percent="59" />
      <mem type="loa" free="799744" total="799744" percent="100" />
    </mem>
  </mem-info>
</gc-end>
<cycle-end id="3721" type="global" contextid="3714" timestamp="2019-08-04T20:35:39.862">
  <attribute name="GC Util" value="525" />
  <attribute name="CPU Util" value="1983619308189" />
  <attribute name="Time Running"value="80106"/>
  <attribute name="Number of cores"value="16"/>
</cycle-end>
<allocation-satisfied id="3722" threadId="0000000000968F00" bytesRequested="80" />
<af-end id="3723" timestamp="2019-08-04T20:35:39.862" threadId="0000000000969888" success="true" />
<exclusive-end id="3724" timestamp="2019-08-04T20:35:39.862" durationms="11.917" />

<concurrent-kickoff id="3725" timestamp="2019-08-04T20:35:39.917">
  <kickoff reason="threshold reached" targetBytes="6342931" thresholdFreeBytes="863797" remainingFree="807400" tenureFreeBytes="807400" />
</concurrent-kickoff>
<exclusive-start id="3726" timestamp="2019-08-04T20:35:39.917" intervalms="67.039">
  <response-info timems="0.021" idlems="0.021" threads="0" lastid="0000000000968F00" lastname="main" />
</exclusive-start>
<cycle-start id="3727" type="global" contextid="0" timestamp="2019-08-04T20:35:39.917" intervalms="66.294" />
  <attribute name="GC Util" value="525" />
  <attribute name="CPU Util" value="1983619308189" />
  <attribute name="Time Running"value="80106"/>
  <attribute name="Number of cores"value="16"/>
<exclusive-end id="3728" timestamp="2019-08-04T20:35:39.917" durationms="0.023" />

<exclusive-start id="3729" timestamp="2019-08-04T20:35:39.917" intervalms="0.335">
  <response-info timems="0.007" idlems="0.007" threads="0" lastid="0000000000968F00" lastname="main" />
</exclusive-start>
<af-start id="3730" threadId="0000000000969888" totalBytesRequested="16" timestamp="2019-08-04T20:35:39.917" intervalms="67.353" />
<concurrent-aborted id="3731" timestamp="2019-08-04T20:35:39.918">
  <reason value="insufficient progress made" />
</concurrent-aborted>
<cycle-end id="3732" type="global" contextid="3727" timestamp="2019-08-04T20:35:39.918">
  <attribute name="GC Util" value="19" />
  <attribute name="CPU Util" value="322206981995" />
  <attribute name="Time Running"value="80163"/>
  <attribute name="Number of cores"value="16"/>
</cycle-end>
<cycle-start id="3733" type="global" contextid="0" timestamp="2019-08-04T20:35:39.918" intervalms="0.991" />
  <attribute name="GC Util" value="19" />
  <attribute name="CPU Util" value="322206981995" />
  <attribute name="Time Running"value="80163"/>
  <attribute name="Number of cores"value="16"/>
<gc-start id="3734" type="global" contextid="3733" timestamp="2019-08-04T20:35:39.918">
  <mem-info id="3735" free="799744" total="80019456" percent="0">
    <mem type="tenure" free="799744" total="80019456" percent="0">
      <mem type="soa" free="0" total="79219712" percent="0" />
      <mem type="loa" free="799744" total="799744" percent="100" />
    </mem>
  </mem-info>
</gc-start>
<allocation-stats totalBytes="61318944" >
  <allocated-bytes non-tlh="0" tlh="61318944" />
  <largest-consumer threadName="main" threadId="0000000000968F00" bytes="61318944" />
</allocation-stats>
<gc-op id="3736" type="mark" timems="9.228" contextid="3733" timestamp="2019-08-04T20:35:39.927">
  <trace-info objectcount="596185" scancount="517193" scanbytes="13271868" />
  <finalization candidates="80" enqueued="0" />
  <ownableSynchronizers candidates="21" cleared="0" />
  <references type="soft" candidates="1843" cleared="0" enqueued="0" dynamicThreshold="19" maxThreshold="32" />
  <references type="weak" candidates="5746" cleared="0" enqueued="0" />
  <references type="phantom" candidates="97" cleared="0" enqueued="0" />
  <stringconstants candidates="13260" cleared="0"  />
</gc-op>
<gc-op id="3737" type="sweep" timems="2.074" contextid="3733" timestamp="2019-08-04T20:35:39.930" />
<heap-resize id="3738" type="contract" space="tenure" amount="786432" count="1" timems="0.051" reason="excess free space following gc" timestamp="2019-08-04T20:35:39.930" />
<gc-end id="3739" type="global" contextid="3733" durationms="11.471" usertimems="58.493" systemtimems="0.000" timestamp="2019-08-04T20:35:39.930" activeThreads="16">
  <mem-info id="3740" free="61334632" total="79233024" percent="77">
    <mem type="tenure" free="61334632" total="79233024" percent="77" micro-fragmented="768">
      <mem type="soa" free="60561600" total="78441472" percent="77" />
      <mem type="loa" free="773032" total="791552" percent="97" />
    </mem>
  </mem-info>
</gc-end>
<cycle-end id="3741" type="global" contextid="3733" timestamp="2019-08-04T20:35:39.930">
  <attribute name="GC Util" value="154" />
  <attribute name="CPU Util" value="12884053167017" />
  <attribute name="Time Running"value="80175"/>
  <attribute name="Number of cores"value="16"/>
</cycle-end>
<allocation-satisfied id="3742" threadId="0000000000968F00" bytesRequested="16" />
<af-end id="3743" timestamp="2019-08-04T20:35:39.930" threadId="0000000000969888" success="true" />
<exclusive-end id="3744" timestamp="2019-08-04T20:35:39.930" durationms="12.273" />

<concurrent-kickoff id="3745" timestamp="2019-08-04T20:35:40.026">
  <kickoff reason="threshold reached" targetBytes="6280592" thresholdFreeBytes="855306" remainingFree="833584" tenureFreeBytes="833584" />
</concurrent-kickoff>
<exclusive-start id="3746" timestamp="2019-08-04T20:35:40.027" intervalms="109.117">
  <response-info timems="0.055" idlems="0.055" threads="0" lastid="0000000000968F00" lastname="main" />
</exclusive-start>
<cycle-start id="3747" type="global" contextid="0" timestamp="2019-08-04T20:35:40.027" intervalms="108.468" />
  <attribute name="GC Util" value="154" />
  <attribute name="CPU Util" value="12884053167017" />
  <attribute name="Time Running"value="80175"/>
  <attribute name="Number of cores"value="16"/>
<exclusive-end id="3748" timestamp="2019-08-04T20:35:40.027" durationms="0.034" />

<exclusive-start id="3749" timestamp="2019-08-04T20:35:40.027" intervalms="0.631">
  <response-info timems="0.134" idlems="0.134" threads="0" lastid="0000000000968F00" lastname="main" />
</exclusive-start>
<af-start id="3750" threadId="0000000000969888" totalBytesRequested="16" timestamp="2019-08-04T20:35:40.027" intervalms="109.748" />
<concurrent-aborted id="3751" timestamp="2019-08-04T20:35:40.027">
  <reason value="insufficient progress made" />
</concurrent-aborted>
<cycle-end id="3752" type="global" contextid="3747" timestamp="2019-08-04T20:35:40.027">
  <attribute name="GC Util" value="154" />
  <attribute name="CPU Util" value="12884053167017" />
  <attribute name="Time Running"value="80175"/>
  <attribute name="Number of cores"value="16"/>
</cycle-end>
<cycle-start id="3753" type="global" contextid="0" timestamp="2019-08-04T20:35:40.027" intervalms="0.676" />
  <attribute name="GC Util" value="154" />
  <attribute name="CPU Util" value="12884053167017" />
  <attribute name="Time Running"value="80175"/>
  <attribute name="Number of cores"value="16"/>
<gc-start id="3754" type="global" contextid="3753" timestamp="2019-08-04T20:35:40.027">
  <mem-info id="3755" free="773032" total="79233024" percent="0">
    <mem type="tenure" free="773032" total="79233024" percent="0">
      <mem type="soa" free="0" total="78441472" percent="0" />
      <mem type="loa" free="773032" total="791552" percent="97" />
    </mem>
  </mem-info>
</gc-start>
<allocation-stats totalBytes="60556440" >
  <allocated-bytes non-tlh="0" tlh="60556440" />
  <largest-consumer threadName="main" threadId="0000000000968F00" bytes="60556440" />
</allocation-stats>
<gc-op id="3756" type="mark" timems="10.290" contextid="3753" timestamp="2019-08-04T20:35:40.038">
  <trace-info objectcount="596187" scancount="517197" scanbytes="13271916" />
  <finalization candidates="80" enqueued="0" />
  <ownableSynchronizers candidates="21" cleared="0" />
  <references type="soft" candidates="1843" cleared="0" enqueued="0" dynamicThreshold="24" maxThreshold="32" />
  <references type="weak" candidates="5746" cleared="0" enqueued="0" />
  <references type="phantom" candidates="97" cleared="0" enqueued="0" />
  <stringconstants candidates="13260" cleared="0"  />
</gc-op>
<gc-op id="3757" type="sweep" timems="2.730" contextid="3753" timestamp="2019-08-04T20:35:40.040" />
<heap-resize id="3758" type="contract" space="tenure" amount="786432" count="1" timems="0.048" reason="excess free space following gc" timestamp="2019-08-04T20:35:40.040" />
<gc-end id="3759" type="global" contextid="3753" durationms="13.206" usertimems="73.997" systemtimems="0.000" timestamp="2019-08-04T20:35:40.041" activeThreads="16">
  <mem-info id="3760" free="60560792" total="78446592" percent="77">
    <mem type="tenure" free="60560792" total="78446592" percent="77" micro-fragmented="768">
      <mem type="soa" free="59781712" total="77662208" percent="76" />
      <mem type="loa" free="779080" total="784384" percent="99" />
    </mem>
  </mem-info>
</gc-end>
<cycle-end id="3761" type="global" contextid="3753" timestamp="2019-08-04T20:35:40.041">
  <attribute name="GC Util" value="286" />
  <attribute name="CPU Util" value="9503428079805" />
  <attribute name="Time Running"value="80285"/>
  <attribute name="Number of cores"value="16"/>
</cycle-end>
<allocation-satisfied id="3762" threadId="0000000000968F00" bytesRequested="16" />
<af-end id="3763" timestamp="2019-08-04T20:35:40.041" threadId="0000000000969888" success="true" />
<exclusive-end id="3764" timestamp="2019-08-04T20:35:40.041" durationms="13.415" />

<concurrent-kickoff id="3765" timestamp="2019-08-04T20:35:40.105">
  <kickoff reason="threshold reached" targetBytes="6218254" thresholdFreeBytes="846817" remainingFree="779080" tenureFreeBytes="779080" />
</concurrent-kickoff>
<exclusive-start id="3766" timestamp="2019-08-04T20:35:40.105" intervalms="78.014">
  <response-info timems="0.022" idlems="0.022" threads="0" lastid="0000000000968F00" lastname="main" />
</exclusive-start>
<cycle-start id="3767" type="global" contextid="0" timestamp="2019-08-04T20:35:40.105" intervalms="77.963" />
  <attribute name="GC Util" value="286" />
  <attribute name="CPU Util" value="9503428079805" />
  <attribute name="Time Running"value="80285"/>
  <attribute name="Number of cores"value="16"/>
<exclusive-end id="3768" timestamp="2019-08-04T20:35:40.105" durationms="0.024" />

<exclusive-start id="3769" timestamp="2019-08-04T20:35:40.105" intervalms="0.107">
  <response-info timems="0.027" idlems="0.027" threads="0" lastid="0000000000968F00" lastname="main" />
</exclusive-start>
<af-start id="3770" threadId="0000000000969888" totalBytesRequested="32" timestamp="2019-08-04T20:35:40.105" intervalms="78.122" />
<concurrent-aborted id="3771" timestamp="2019-08-04T20:35:40.105">
  <reason value="insufficient progress made" />
</concurrent-aborted>
<cycle-end id="3772" type="global" contextid="3767" timestamp="2019-08-04T20:35:40.105">
  <attribute name="GC Util" value="286" />
  <attribute name="CPU Util" value="9503428079805" />
  <attribute name="Time Running"value="80285"/>
  <attribute name="Number of cores"value="16"/>
</cycle-end>
<cycle-start id="3773" type="global" contextid="0" timestamp="2019-08-04T20:35:40.105" intervalms="0.148" />
  <attribute name="GC Util" value="286" />
  <attribute name="CPU Util" value="9503428079805" />
  <attribute name="Time Running"value="80285"/>
  <attribute name="Number of cores"value="16"/>
<gc-start id="3774" type="global" contextid="3773" timestamp="2019-08-04T20:35:40.105">
  <mem-info id="3775" free="779080" total="78446592" percent="0">
    <mem type="tenure" free="779080" total="78446592" percent="0">
      <mem type="soa" free="0" total="77662208" percent="0" />
      <mem type="loa" free="779080" total="784384" percent="99" />
    </mem>
  </mem-info>
</gc-start>
<allocation-stats totalBytes="59777624" >
  <allocated-bytes non-tlh="0" tlh="59777624" />
  <largest-consumer threadName="main" threadId="0000000000968F00" bytes="59777624" />
</allocation-stats>
<gc-op id="3776" type="mark" timems="12.459" contextid="3773" timestamp="2019-08-04T20:35:40.118">
  <trace-info objectcount="596183" scancount="517194" scanbytes="13271800" />
  <finalization candidates="80" enqueued="0" />
  <ownableSynchronizers candidates="21" cleared="0" />
  <references type="soft" candidates="1843" cleared="0" enqueued="0" dynamicThreshold="24" maxThreshold="32" />
  <references type="weak" candidates="5746" cleared="0" enqueued="0" />
  <references type="phantom" candidates="97" cleared="0" enqueued="0" />
  <stringconstants candidates="13260" cleared="0"  />
</gc-op>
<gc-op id="3777" type="sweep" timems="1.449" contextid="3773" timestamp="2019-08-04T20:35:40.119" />
<gc-end id="3778" type="global" contextid="3773" durationms="14.017" usertimems="70.266" systemtimems="0.000" timestamp="2019-08-04T20:35:40.119" activeThreads="16">
  <mem-info id="3779" free="48039984" total="78446592" percent="61">
    <mem type="tenure" free="48039984" total="78446592" percent="61" micro-fragmented="768">
      <mem type="soa" free="47255600" total="77662208" percent="60" />
      <mem type="loa" free="784384" total="784384" percent="100" />
    </mem>
  </mem-info>
</gc-end>
<cycle-end id="3780" type="global" contextid="3773" timestamp="2019-08-04T20:35:40.119">
  <attribute name="GC Util" value="485" />
  <attribute name="CPU Util" value="1478147647234" />
  <attribute name="Time Running"value="80364"/>
  <attribute name="Number of cores"value="16"/>
</cycle-end>
<allocation-satisfied id="3781" threadId="0000000000968F00" bytesRequested="32" />
<af-end id="3782" timestamp="2019-08-04T20:35:40.120" threadId="0000000000969888" success="true" />
<exclusive-end id="3783" timestamp="2019-08-04T20:35:40.120" durationms="14.191" />

<concurrent-kickoff id="3784" timestamp="2019-08-04T20:35:40.259">
  <kickoff reason="threshold reached" targetBytes="6218254" thresholdFreeBytes="846817" remainingFree="784384" tenureFreeBytes="784384" />
</concurrent-kickoff>
<exclusive-start id="3785" timestamp="2019-08-04T20:35:40.259" intervalms="153.593">
  <response-info timems="0.017" idlems="0.017" threads="0" lastid="0000000000968F00" lastname="main" />
</exclusive-start>
<cycle-start id="3786" type="global" contextid="0" timestamp="2019-08-04T20:35:40.259" intervalms="153.550" />
  <attribute name="GC Util" value="485" />
  <attribute name="CPU Util" value="1478147647234" />
  <attribute name="Time Running"value="80364"/>
  <attribute name="Number of cores"value="16"/>
<exclusive-end id="3787" timestamp="2019-08-04T20:35:40.259" durationms="0.022" />

<exclusive-start id="3788" timestamp="2019-08-04T20:35:40.259" intervalms="0.077">
  <response-info timems="0.007" idlems="0.007" threads="0" lastid="0000000000968F00" lastname="main" />
</exclusive-start>
<af-start id="3789" threadId="0000000000969888" totalBytesRequested="24" timestamp="2019-08-04T20:35:40.259" intervalms="153.664" />
<concurrent-aborted id="3790" timestamp="2019-08-04T20:35:40.260">
  <reason value="insufficient progress made" />
</concurrent-aborted>
<cycle-end id="3791" type="global" contextid="3786" timestamp="2019-08-04T20:35:40.260">
  <attribute name="GC Util" value="6" />
  <attribute name="CPU Util" value="130721032822" />
  <attribute name="Time Running"value="80505"/>
  <attribute name="Number of cores"value="16"/>
</cycle-end>
<cycle-start id="3792" type="global" contextid="0" timestamp="2019-08-04T20:35:40.260" intervalms="0.787" />
  <attribute name="GC Util" value="6" />
  <attribute name="CPU Util" value="130721032822" />
  <attribute name="Time Running"value="80505"/>
  <attribute name="Number of cores"value="16"/>
<gc-start id="3793" type="global" contextid="3792" timestamp="2019-08-04T20:35:40.260">
  <mem-info id="3794" free="784384" total="78446592" percent="0">
    <mem type="tenure" free="784384" total="78446592" percent="0">
      <mem type="soa" free="0" total="77662208" percent="0" />
      <mem type="loa" free="784384" total="784384" percent="100" />
    </mem>
  </mem-info>
</gc-start>
<allocation-stats totalBytes="59779344" >
  <allocated-bytes non-tlh="0" tlh="59779344" />
  <largest-consumer threadName="main" threadId="0000000000968F00" bytes="59779344" />
</allocation-stats>
<gc-op id="3795" type="mark" timems="10.093" contextid="3792" timestamp="2019-08-04T20:35:40.270">
  <trace-info objectcount="596189" scancount="517195" scanbytes="13271920" />
  <finalization candidates="80" enqueued="0" />
  <ownableSynchronizers candidates="21" cleared="0" />
  <references type="soft" candidates="1843" cleared="0" enqueued="0" dynamicThreshold="19" maxThreshold="32" />
  <references type="weak" candidates="5746" cleared="0" enqueued="0" />
  <references type="phantom" candidates="97" cleared="0" enqueued="0" />
  <stringconstants candidates="13260" cleared="0"  />
</gc-op>
<gc-op id="3796" type="sweep" timems="1.327" contextid="3792" timestamp="2019-08-04T20:35:40.271" />
<gc-end id="3797" type="global" contextid="3792" durationms="11.543" usertimems="65.796" systemtimems="0.000" timestamp="2019-08-04T20:35:40.271" activeThreads="16">
  <mem-info id="3798" free="47995976" total="78446592" percent="61">
    <mem type="tenure" free="47995976" total="78446592" percent="61" micro-fragmented="768">
      <mem type="soa" free="47211592" total="77662208" percent="60" />
      <mem type="loa" free="784384" total="784384" percent="100" />
    </mem>
  </mem-info>
</gc-end>
<cycle-end id="3799" type="global" contextid="3792" timestamp="2019-08-04T20:35:40.271">
  <attribute name="GC Util" value="560" />
  <attribute name="CPU Util" value="1815847191667" />
  <attribute name="Time Running"value="80516"/>
  <attribute name="Number of cores"value="16"/>
</cycle-end>
<allocation-satisfied id="3800" threadId="0000000000968F00" bytesRequested="24" />
<af-end id="3801" timestamp="2019-08-04T20:35:40.271" threadId="0000000000969888" success="true" />
<exclusive-end id="3802" timestamp="2019-08-04T20:35:40.271" durationms="12.397" />

<concurrent-kickoff id="3803" timestamp="2019-08-04T20:35:40.306">
  <kickoff reason="threshold reached" targetBytes="6218254" thresholdFreeBytes="846817" remainingFree="787640" tenureFreeBytes="787640" />
</concurrent-kickoff>
<exclusive-start id="3804" timestamp="2019-08-04T20:35:40.306" intervalms="47.034">
  <response-info timems="0.027" idlems="0.027" threads="0" lastid="0000000000968F00" lastname="main" />
</exclusive-start>
<cycle-start id="3805" type="global" contextid="0" timestamp="2019-08-04T20:35:40.306" intervalms="46.329" />
  <attribute name="GC Util" value="560" />
  <attribute name="CPU Util" value="1815847191667" />
  <attribute name="Time Running"value="80516"/>
  <attribute name="Number of cores"value="16"/>
<exclusive-end id="3806" timestamp="2019-08-04T20:35:40.306" durationms="0.030" />

<exclusive-start id="3807" timestamp="2019-08-04T20:35:40.306" intervalms="0.321">
  <response-info timems="0.009" idlems="0.009" threads="0" lastid="0000000000968F00" lastname="main" />
</exclusive-start>
<af-start id="3808" threadId="0000000000969888" totalBytesRequested="24" timestamp="2019-08-04T20:35:40.306" intervalms="47.361" />
<concurrent-aborted id="3809" timestamp="2019-08-04T20:35:40.307">
  <reason value="insufficient progress made" />
</concurrent-aborted>
<cycle-end id="3810" type="global" contextid="3805" timestamp="2019-08-04T20:35:40.307">
  <attribute name="GC Util" value="24" />
  <attribute name="CPU Util" value="506180557094" />
  <attribute name="Time Running"value="80552"/>
  <attribute name="Number of cores"value="16"/>
</cycle-end>
<cycle-start id="3811" type="global" contextid="0" timestamp="2019-08-04T20:35:40.307" intervalms="0.969" />
  <attribute name="GC Util" value="24" />
  <attribute name="CPU Util" value="506180557094" />
  <attribute name="Time Running"value="80552"/>
  <attribute name="Number of cores"value="16"/>
<gc-start id="3812" type="global" contextid="3811" timestamp="2019-08-04T20:35:40.307">
  <mem-info id="3813" free="784384" total="78446592" percent="0">
    <mem type="tenure" free="784384" total="78446592" percent="0">
      <mem type="soa" free="0" total="77662208" percent="0" />
      <mem type="loa" free="784384" total="784384" percent="100" />
    </mem>
  </mem-info>
</gc-start>
<allocation-stats totalBytes="59777448" >
  <allocated-bytes non-tlh="0" tlh="59777448" />
  <largest-consumer threadName="main" threadId="0000000000968F00" bytes="59777448" />
</allocation-stats>
<gc-op id="3814" type="mark" timems="10.348" contextid="3811" timestamp="2019-08-04T20:35:40.317">
  <trace-info objectcount="596200" scancount="517209" scanbytes="13272228" />
  <finalization candidates="80" enqueued="0" />
  <ownableSynchronizers candidates="21" cleared="0" />
  <references type="soft" candidates="1843" cleared="0" enqueued="0" dynamicThreshold="19" maxThreshold="32" />
  <references type="weak" candidates="5746" cleared="0" enqueued="0" />
  <references type="phantom" candidates="97" cleared="0" enqueued="0" />
  <stringconstants candidates="13260" cleared="0"  />
</gc-op>
<gc-op id="3815" type="sweep" timems="2.394" contextid="3811" timestamp="2019-08-04T20:35:40.320" />
<gc-end id="3816" type="global" contextid="3811" durationms="12.868" usertimems="74.534" systemtimems="0.000" timestamp="2019-08-04T20:35:40.320" activeThreads="16">
  <mem-info id="3817" free="47960608" total="78446592" percent="61">
    <mem type="tenure" free="47960608" total="78446592" percent="61" micro-fragmented="768">
      <mem type="soa" free="47176224" total="77662208" percent="60" />
      <mem type="loa" free="784384" total="784384" percent="100" />
    </mem>
  </mem-info>
</gc-end>
<cycle-end id="3818" type="global" contextid="3811" timestamp="2019-08-04T20:35:40.320">
  <attribute name="GC Util" value="608" />
  <attribute name="CPU Util" value="1773812282967" />
  <attribute name="Time Running"value="80563"/>
  <attribute name="Number of cores"value="16"/>
</cycle-end>
<allocation-satisfied id="3819" threadId="0000000000968F00" bytesRequested="24" />
<af-end id="3820" timestamp="2019-08-04T20:35:40.320" threadId="0000000000969888" success="true" />
<exclusive-end id="3821" timestamp="2019-08-04T20:35:40.320" durationms="13.656" />

<concurrent-kickoff id="3822" timestamp="2019-08-04T20:35:40.371">
  <kickoff reason="threshold reached" targetBytes="6218254" thresholdFreeBytes="846817" remainingFree="788680" tenureFreeBytes="788680" />
</concurrent-kickoff>
<exclusive-start id="3823" timestamp="2019-08-04T20:35:40.371" intervalms="64.493">
  <response-info timems="0.022" idlems="0.022" threads="0" lastid="0000000000968F00" lastname="main" />
</exclusive-start>
<cycle-start id="3824" type="global" contextid="0" timestamp="2019-08-04T20:35:40.371" intervalms="63.831" />
  <attribute name="GC Util" value="608" />
  <attribute name="CPU Util" value="1773812282967" />
  <attribute name="Time Running"value="80563"/>
  <attribute name="Number of cores"value="16"/>
<exclusive-end id="3825" timestamp="2019-08-04T20:35:40.371" durationms="0.013" />

<exclusive-start id="3826" timestamp="2019-08-04T20:35:40.371" intervalms="0.260">
  <response-info timems="0.012" idlems="0.012" threads="0" lastid="0000000000968F00" lastname="main" />
</exclusive-start>
<af-start id="3827" threadId="0000000000969888" totalBytesRequested="32" timestamp="2019-08-04T20:35:40.371" intervalms="64.761" />
<concurrent-aborted id="3828" timestamp="2019-08-04T20:35:40.372">
  <reason value="insufficient progress made" />
</concurrent-aborted>
<cycle-end id="3829" type="global" contextid="3824" timestamp="2019-08-04T20:35:40.372">
  <attribute name="GC Util" value="20" />
  <attribute name="CPU Util" value="343743188666" />
  <attribute name="Time Running"value="80617"/>
  <attribute name="Number of cores"value="16"/>
</cycle-end>
<cycle-start id="3830" type="global" contextid="0" timestamp="2019-08-04T20:35:40.372" intervalms="0.926" />
  <attribute name="GC Util" value="20" />
  <attribute name="CPU Util" value="343743188666" />
  <attribute name="Time Running"value="80617"/>
  <attribute name="Number of cores"value="16"/>
<gc-start id="3831" type="global" contextid="3830" timestamp="2019-08-04T20:35:40.372">
  <mem-info id="3832" free="784384" total="78446592" percent="0">
    <mem type="tenure" free="784384" total="78446592" percent="0">
      <mem type="soa" free="0" total="77662208" percent="0" />
      <mem type="loa" free="784384" total="784384" percent="100" />
    </mem>
  </mem-info>
</gc-start>
<allocation-stats totalBytes="59776248" >
  <allocated-bytes non-tlh="0" tlh="59776248" />
  <largest-consumer threadName="main" threadId="0000000000968F00" bytes="59776248" />
</allocation-stats>
<gc-op id="3833" type="mark" timems="12.388" contextid="3830" timestamp="2019-08-04T20:35:40.384">
  <trace-info objectcount="596197" scancount="517203" scanbytes="13272200" />
  <finalization candidates="80" enqueued="0" />
  <ownableSynchronizers candidates="21" cleared="0" />
  <references type="soft" candidates="1843" cleared="0" enqueued="0" dynamicThreshold="19" maxThreshold="32" />
  <references type="weak" candidates="5746" cleared="0" enqueued="0" />
  <references type="phantom" candidates="97" cleared="0" enqueued="0" />
  <stringconstants candidates="13260" cleared="0"  />
</gc-op>
<gc-op id="3834" type="sweep" timems="1.319" contextid="3830" timestamp="2019-08-04T20:35:40.386" />
<gc-end id="3835" type="global" contextid="3830" durationms="13.815" usertimems="71.387" systemtimems="0.000" timestamp="2019-08-04T20:35:40.386" activeThreads="16">
  <mem-info id="3836" free="47932160" total="78446592" percent="61">
    <mem type="tenure" free="47932160" total="78446592" percent="61" micro-fragmented="768">
      <mem type="soa" free="47147776" total="77662208" percent="60" />
      <mem type="loa" free="784384" total="784384" percent="100" />
    </mem>
  </mem-info>
</gc-end>
<cycle-end id="3837" type="global" contextid="3830" timestamp="2019-08-04T20:35:40.386">
  <attribute name="GC Util" value="496" />
  <attribute name="CPU Util" value="1482424708358" />
  <attribute name="Time Running"value="80630"/>
  <attribute name="Number of cores"value="16"/>
</cycle-end>
<allocation-satisfied id="3838" threadId="0000000000968F00" bytesRequested="32" />
<af-end id="3839" timestamp="2019-08-04T20:35:40.386" threadId="0000000000969888" success="true" />
<exclusive-end id="3840" timestamp="2019-08-04T20:35:40.386" durationms="14.613" />

<concurrent-kickoff id="3841" timestamp="2019-08-04T20:35:40.480">
  <kickoff reason="threshold reached" targetBytes="6218254" thresholdFreeBytes="846817" remainingFree="786680" tenureFreeBytes="786680" />
</concurrent-kickoff>
<exclusive-start id="3842" timestamp="2019-08-04T20:35:40.480" intervalms="108.609">
  <response-info timems="0.037" idlems="0.037" threads="0" lastid="0000000000968F00" lastname="main" />
</exclusive-start>
<cycle-start id="3843" type="global" contextid="0" timestamp="2019-08-04T20:35:40.480" intervalms="107.944" />
  <attribute name="GC Util" value="496" />
  <attribute name="CPU Util" value="1482424708358" />
  <attribute name="Time Running"value="80630"/>
  <attribute name="Number of cores"value="16"/>
<exclusive-end id="3844" timestamp="2019-08-04T20:35:40.480" durationms="0.022" />

<exclusive-start id="3845" timestamp="2019-08-04T20:35:40.480" intervalms="0.235">
  <response-info timems="0.009" idlems="0.009" threads="0" lastid="0000000000968F00" lastname="main" />
</exclusive-start>
<af-start id="3846" threadId="0000000000969888" totalBytesRequested="48" timestamp="2019-08-04T20:35:40.480" intervalms="108.837" />
<concurrent-aborted id="3847" timestamp="2019-08-04T20:35:40.481">
  <reason value="insufficient progress made" />
</concurrent-aborted>
<cycle-end id="3848" type="global" contextid="3843" timestamp="2019-08-04T20:35:40.481">
  <attribute name="GC Util" value="10" />
  <attribute name="CPU Util" value="192701756207" />
  <attribute name="Time Running"value="80726"/>
  <attribute name="Number of cores"value="16"/>
</cycle-end>
<cycle-start id="3849" type="global" contextid="0" timestamp="2019-08-04T20:35:40.481" intervalms="1.237" />
  <attribute name="GC Util" value="10" />
  <attribute name="CPU Util" value="192701756207" />
  <attribute name="Time Running"value="80726"/>
  <attribute name="Number of cores"value="16"/>
<gc-start id="3850" type="global" contextid="3849" timestamp="2019-08-04T20:35:40.481">
  <mem-info id="3851" free="784384" total="78446592" percent="0">
    <mem type="tenure" free="784384" total="78446592" percent="0">
      <mem type="soa" free="0" total="77662208" percent="0" />
      <mem type="loa" free="784384" total="784384" percent="100" />
    </mem>
  </mem-info>
</gc-start>
<allocation-stats totalBytes="59759648" >
  <allocated-bytes non-tlh="0" tlh="59759648" />
  <largest-consumer threadName="main" threadId="0000000000968F00" bytes="59759648" />
</allocation-stats>
<gc-op id="3852" type="mark" timems="9.992" contextid="3849" timestamp="2019-08-04T20:35:40.491">
  <trace-info objectcount="596208" scancount="517212" scanbytes="13272304" />
  <finalization candidates="80" enqueued="0" />
  <ownableSynchronizers candidates="21" cleared="0" />
  <references type="soft" candidates="1843" cleared="0" enqueued="0" dynamicThreshold="19" maxThreshold="32" />
  <references type="weak" candidates="5746" cleared="0" enqueued="0" />
  <references type="phantom" candidates="97" cleared="0" enqueued="0" />
  <stringconstants candidates="13260" cleared="0"  />
</gc-op>
<gc-op id="3853" type="sweep" timems="1.143" contextid="3849" timestamp="2019-08-04T20:35:40.492" />
<gc-end id="3854" type="global" contextid="3849" durationms="11.253" usertimems="60.210" systemtimems="0.000" timestamp="2019-08-04T20:35:40.492" activeThreads="16">
  <mem-info id="3855" free="47909480" total="78446592" percent="61">
    <mem type="tenure" free="47909480" total="78446592" percent="61" micro-fragmented="4922">
      <mem type="soa" free="47125096" total="77662208" percent="60" />
      <mem type="loa" free="784384" total="784384" percent="100" />
    </mem>
  </mem-info>
</gc-end>
<cycle-end id="3856" type="global" contextid="3849" timestamp="2019-08-04T20:35:40.492">
  <attribute name="GC Util" value="509" />
  <attribute name="CPU Util" value="1836662419693" />
  <attribute name="Time Running"value="80737"/>
  <attribute name="Number of cores"value="16"/>
</cycle-end>
<allocation-satisfied id="3857" threadId="0000000000968F00" bytesRequested="48" />
<af-end id="3858" timestamp="2019-08-04T20:35:40.492" threadId="0000000000969888" success="true" />
<exclusive-end id="3859" timestamp="2019-08-04T20:35:40.492" durationms="12.378" />

<concurrent-kickoff id="3860" timestamp="2019-08-04T20:35:40.531">
  <kickoff reason="threshold reached" targetBytes="6218254" thresholdFreeBytes="846817" remainingFree="786680" tenureFreeBytes="786680" />
</concurrent-kickoff>
<exclusive-start id="3861" timestamp="2019-08-04T20:35:40.531" intervalms="51.131">
  <response-info timems="0.014" idlems="0.014" threads="0" lastid="0000000000968F00" lastname="main" />
</exclusive-start>
<cycle-start id="3862" type="global" contextid="0" timestamp="2019-08-04T20:35:40.531" intervalms="50.142" />
  <attribute name="GC Util" value="509" />
  <attribute name="CPU Util" value="1836662419693" />
  <attribute name="Time Running"value="80737"/>
  <attribute name="Number of cores"value="16"/>
<exclusive-end id="3863" timestamp="2019-08-04T20:35:40.531" durationms="0.027" />

<exclusive-start id="3864" timestamp="2019-08-04T20:35:40.531" intervalms="0.279">
  <response-info timems="0.008" idlems="0.008" threads="0" lastid="0000000000968F00" lastname="main" />
</exclusive-start>
<af-start id="3865" threadId="0000000000969888" totalBytesRequested="32" timestamp="2019-08-04T20:35:40.531" intervalms="51.406" />
<concurrent-aborted id="3866" timestamp="2019-08-04T20:35:40.532">
  <reason value="insufficient progress made" />
</concurrent-aborted>
<cycle-end id="3867" type="global" contextid="3862" timestamp="2019-08-04T20:35:40.532">
  <attribute name="GC Util" value="23" />
  <attribute name="CPU Util" value="457441481145" />
  <attribute name="Time Running"value="80777"/>
  <attribute name="Number of cores"value="16"/>
</cycle-end>
<cycle-start id="3868" type="global" contextid="0" timestamp="2019-08-04T20:35:40.532" intervalms="1.309" />
  <attribute name="GC Util" value="23" />
  <attribute name="CPU Util" value="457441481145" />
  <attribute name="Time Running"value="80777"/>
  <attribute name="Number of cores"value="16"/>
<gc-start id="3869" type="global" contextid="3868" timestamp="2019-08-04T20:35:40.532">
  <mem-info id="3870" free="784384" total="78446592" percent="0">
    <mem type="tenure" free="784384" total="78446592" percent="0">
      <mem type="soa" free="0" total="77662208" percent="0" />
      <mem type="loa" free="784384" total="784384" percent="100" />
    </mem>
  </mem-info>
</gc-start>
<allocation-stats totalBytes="59746432" >
  <allocated-bytes non-tlh="0" tlh="59746432" />
  <largest-consumer threadName="main" threadId="0000000000968F00" bytes="59746432" />
</allocation-stats>
<gc-op id="3871" type="mark" timems="9.254" contextid="3868" timestamp="2019-08-04T20:35:40.542">
  <trace-info objectcount="596198" scancount="517219" scanbytes="13272156" />
  <finalization candidates="80" enqueued="0" />
  <ownableSynchronizers candidates="21" cleared="0" />
  <references type="soft" candidates="1843" cleared="0" enqueued="0" dynamicThreshold="19" maxThreshold="32" />
  <references type="weak" candidates="5746" cleared="0" enqueued="0" />
  <references type="phantom" candidates="97" cleared="0" enqueued="0" />
  <stringconstants candidates="13260" cleared="0"  />
</gc-op>
<gc-op id="3872" type="sweep" timems="1.317" contextid="3868" timestamp="2019-08-04T20:35:40.543" />
<gc-end id="3873" type="global" contextid="3868" durationms="10.684" usertimems="57.695" systemtimems="0.000" timestamp="2019-08-04T20:35:40.543" activeThreads="16">
  <mem-info id="3874" free="47891184" total="78446592" percent="61">
    <mem type="tenure" free="47891184" total="78446592" percent="61" micro-fragmented="4922">
      <mem type="soa" free="47106800" total="77662208" percent="60" />
      <mem type="loa" free="784384" total="784384" percent="100" />
    </mem>
  </mem-info>
</gc-end>
<cycle-end id="3875" type="global" contextid="3868" timestamp="2019-08-04T20:35:40.543">
  <attribute name="GC Util" value="523" />
  <attribute name="CPU Util" value="1983177223394" />
  <attribute name="Time Running"value="80787"/>
  <attribute name="Number of cores"value="16"/>
</cycle-end>
<allocation-satisfied id="3876" threadId="0000000000968F00" bytesRequested="32" />
<af-end id="3877" timestamp="2019-08-04T20:35:40.543" threadId="0000000000969888" success="true" />
<exclusive-end id="3878" timestamp="2019-08-04T20:35:40.543" durationms="11.861" />

<concurrent-kickoff id="3879" timestamp="2019-08-04T20:35:40.582">
  <kickoff reason="threshold reached" targetBytes="6218254" thresholdFreeBytes="846817" remainingFree="784384" tenureFreeBytes="784384" />
</concurrent-kickoff>
<exclusive-start id="3880" timestamp="2019-08-04T20:35:40.582" intervalms="50.867">
  <response-info timems="0.021" idlems="0.021" threads="0" lastid="0000000000968F00" lastname="main" />
</exclusive-start>
<cycle-start id="3881" type="global" contextid="0" timestamp="2019-08-04T20:35:40.582" intervalms="49.832" />
  <attribute name="GC Util" value="523" />
  <attribute name="CPU Util" value="1983177223394" />
  <attribute name="Time Running"value="80787"/>
  <attribute name="Number of cores"value="16"/>
<exclusive-end id="3882" timestamp="2019-08-04T20:35:40.582" durationms="0.022" />

<exclusive-start id="3883" timestamp="2019-08-04T20:35:40.582" intervalms="0.060">
  <response-info timems="0.006" idlems="0.006" threads="0" lastid="0000000000968F00" lastname="main" />
</exclusive-start>
<af-start id="3884" threadId="0000000000969888" totalBytesRequested="584" timestamp="2019-08-04T20:35:40.582" intervalms="50.919" />
<concurrent-aborted id="3885" timestamp="2019-08-04T20:35:40.583">
  <reason value="insufficient progress made" />
</concurrent-aborted>
<cycle-end id="3886" type="global" contextid="3881" timestamp="2019-08-04T20:35:40.583">
  <attribute name="GC Util" value="23" />
  <attribute name="CPU Util" value="454889666626" />
  <attribute name="Time Running"value="80828"/>
  <attribute name="Number of cores"value="16"/>
</cycle-end>
<cycle-start id="3887" type="global" contextid="0" timestamp="2019-08-04T20:35:40.583" intervalms="0.742" />
  <attribute name="GC Util" value="23" />
  <attribute name="CPU Util" value="454889666626" />
  <attribute name="Time Running"value="80828"/>
  <attribute name="Number of cores"value="16"/>
<gc-start id="3888" type="global" contextid="3887" timestamp="2019-08-04T20:35:40.583">
  <mem-info id="3889" free="784384" total="78446592" percent="0">
    <mem type="tenure" free="784384" total="78446592" percent="0">
      <mem type="soa" free="0" total="77662208" percent="0" />
      <mem type="loa" free="784384" total="784384" percent="100" />
    </mem>
  </mem-info>
</gc-start>
<allocation-stats totalBytes="59722936" >
  <allocated-bytes non-tlh="0" tlh="59722936" />
  <largest-consumer threadName="main" threadId="0000000000968F00" bytes="59722936" />
</allocation-stats>
<gc-op id="3890" type="mark" timems="8.136" contextid="3887" timestamp="2019-08-04T20:35:40.591">
  <trace-info objectcount="596199" scancount="517206" scanbytes="13272172" />
  <finalization candidates="80" enqueued="0" />
  <ownableSynchronizers candidates="21" cleared="0" />
  <references type="soft" candidates="1843" cleared="0" enqueued="0" dynamicThreshold="19" maxThreshold="32" />
  <references type="weak" candidates="5746" cleared="0" enqueued="0" />
  <references type="phantom" candidates="97" cleared="0" enqueued="0" />
  <stringconstants candidates="13260" cleared="0"  />
</gc-op>
<gc-op id="3891" type="sweep" timems="1.756" contextid="3887" timestamp="2019-08-04T20:35:40.593" />
<gc-end id="3892" type="global" contextid="3887" durationms="10.017" usertimems="54.185" systemtimems="0.000" timestamp="2019-08-04T20:35:40.593" activeThreads="16">
  <mem-info id="3893" free="47876656" total="78446592" percent="61">
    <mem type="tenure" free="47876656" total="78446592" percent="61" micro-fragmented="4922">
      <mem type="soa" free="47092272" total="77662208" percent="60" />
      <mem type="loa" free="784384" total="784384" percent="100" />
    </mem>
  </mem-info>
</gc-end>
<cycle-end id="3894" type="global" contextid="3887" timestamp="2019-08-04T20:35:40.593">
  <attribute name="GC Util" value="574" />
  <attribute name="CPU Util" value="2251688921228" />
  <attribute name="Time Running"value="80837"/>
  <attribute name="Number of cores"value="16"/>
</cycle-end>
<allocation-satisfied id="3895" threadId="0000000000968F00" bytesRequested="584" />
<af-end id="3896" timestamp="2019-08-04T20:35:40.593" threadId="0000000000969888" success="true" />
<exclusive-end id="3897" timestamp="2019-08-04T20:35:40.593" durationms="10.825" />

<concurrent-kickoff id="3898" timestamp="2019-08-04T20:35:40.601">
  <kickoff reason="threshold reached" targetBytes="6218254" thresholdFreeBytes="846817" remainingFree="793192" tenureFreeBytes="793192" />
</concurrent-kickoff>
<exclusive-start id="3899" timestamp="2019-08-04T20:35:40.601" intervalms="18.661">
  <response-info timems="0.029" idlems="0.029" threads="0" lastid="0000000000968F00" lastname="main" />
</exclusive-start>
<cycle-start id="3900" type="global" contextid="0" timestamp="2019-08-04T20:35:40.601" intervalms="17.985" />
  <attribute name="GC Util" value="574" />
  <attribute name="CPU Util" value="2251688921228" />
  <attribute name="Time Running"value="80837"/>
  <attribute name="Number of cores"value="16"/>
<exclusive-end id="3901" timestamp="2019-08-04T20:35:40.601" durationms="0.028" />

<exclusive-start id="3902" timestamp="2019-08-04T20:35:40.601" intervalms="0.184">
  <response-info timems="0.008" idlems="0.008" threads="0" lastid="0000000000968F00" lastname="main" />
</exclusive-start>
<af-start id="3903" threadId="0000000000969888" totalBytesRequested="544" timestamp="2019-08-04T20:35:40.601" intervalms="18.845" />
<concurrent-aborted id="3904" timestamp="2019-08-04T20:35:40.602">
  <reason value="insufficient progress made" />
</concurrent-aborted>
<cycle-end id="3905" type="global" contextid="3900" timestamp="2019-08-04T20:35:40.602">
  <attribute name="GC Util" value="73" />
  <attribute name="CPU Util" value="1853273123498" />
  <attribute name="Time Running"value="80847"/>
  <attribute name="Number of cores"value="16"/>
</cycle-end>
<cycle-start id="3906" type="global" contextid="0" timestamp="2019-08-04T20:35:40.602" intervalms="0.976" />
  <attribute name="GC Util" value="73" />
  <attribute name="CPU Util" value="1853273123498" />
  <attribute name="Time Running"value="80847"/>
  <attribute name="Number of cores"value="16"/>
<gc-start id="3907" type="global" contextid="3906" timestamp="2019-08-04T20:35:40.602">
  <mem-info id="3908" free="784384" total="78446592" percent="0">
    <mem type="tenure" free="784384" total="78446592" percent="0">
      <mem type="soa" free="0" total="77662208" percent="0" />
      <mem type="loa" free="784384" total="784384" percent="100" />
    </mem>
  </mem-info>
</gc-start>
<allocation-stats totalBytes="59668112" >
  <allocated-bytes non-tlh="0" tlh="59668112" />
  <largest-consumer threadName="main" threadId="0000000000968F00" bytes="59668112" />
</allocation-stats>
<gc-op id="3909" type="mark" timems="8.186" contextid="3906" timestamp="2019-08-04T20:35:40.610">
  <trace-info objectcount="596199" scancount="517208" scanbytes="13272172" />
  <finalization candidates="80" enqueued="0" />
  <ownableSynchronizers candidates="21" cleared="0" />
  <references type="soft" candidates="1843" cleared="0" enqueued="0" dynamicThreshold="19" maxThreshold="32" />
  <references type="weak" candidates="5746" cleared="0" enqueued="0" />
  <references type="phantom" candidates="97" cleared="0" enqueued="0" />
  <stringconstants candidates="13260" cleared="0"  />
</gc-op>
<gc-op id="3910" type="sweep" timems="1.226" contextid="3906" timestamp="2019-08-04T20:35:40.611" />
<gc-end id="3911" type="global" contextid="3906" durationms="9.531" usertimems="49.643" systemtimems="0.000" timestamp="2019-08-04T20:35:40.612" activeThreads="16">
  <mem-info id="3912" free="47864920" total="78446592" percent="61">
    <mem type="tenure" free="47864920" total="78446592" percent="61" micro-fragmented="4922">
      <mem type="soa" free="47080536" total="77662208" percent="60" />
      <mem type="loa" free="784384" total="784384" percent="100" />
    </mem>
  </mem-info>
</gc-end>
<cycle-end id="3913" type="global" contextid="3906" timestamp="2019-08-04T20:35:40.612">
  <attribute name="GC Util" value="536" />
  <attribute name="CPU Util" value="2242396788944" />
  <attribute name="Time Running"value="80856"/>
  <attribute name="Number of cores"value="16"/>
</cycle-end>
<allocation-satisfied id="3914" threadId="0000000000968F00" bytesRequested="544" />
<af-end id="3915" timestamp="2019-08-04T20:35:40.612" threadId="0000000000969888" success="true" />
<exclusive-end id="3916" timestamp="2019-08-04T20:35:40.612" durationms="10.474" />

<concurrent-kickoff id="3917" timestamp="2019-08-04T20:35:40.619">
  <kickoff reason="threshold reached" targetBytes="6218254" thresholdFreeBytes="846817" remainingFree="793928" tenureFreeBytes="793928" />
</concurrent-kickoff>
<exclusive-start id="3918" timestamp="2019-08-04T20:35:40.619" intervalms="18.245">
  <response-info timems="0.025" idlems="0.025" threads="0" lastid="0000000000968F00" lastname="main" />
</exclusive-start>
<cycle-start id="3919" type="global" contextid="0" timestamp="2019-08-04T20:35:40.619" intervalms="17.455" />
  <attribute name="GC Util" value="536" />
  <attribute name="CPU Util" value="2242396788944" />
  <attribute name="Time Running"value="80856"/>
  <attribute name="Number of cores"value="16"/>
<exclusive-end id="3920" timestamp="2019-08-04T20:35:40.619" durationms="0.032" />

<exclusive-start id="3921" timestamp="2019-08-04T20:35:40.620" intervalms="0.170">
  <response-info timems="0.007" idlems="0.007" threads="0" lastid="0000000000968F00" lastname="main" />
</exclusive-start>
<af-start id="3922" threadId="0000000000969888" totalBytesRequested="32" timestamp="2019-08-04T20:35:40.620" intervalms="18.424" />
<concurrent-aborted id="3923" timestamp="2019-08-04T20:35:40.620">
  <reason value="insufficient progress made" />
</concurrent-aborted>
<cycle-end id="3924" type="global" contextid="3919" timestamp="2019-08-04T20:35:40.620">
  <attribute name="GC Util" value="62" />
  <attribute name="CPU Util" value="1974690918463" />
  <attribute name="Time Running"value="80865"/>
  <attribute name="Number of cores"value="16"/>
</cycle-end>
<cycle-start id="3925" type="global" contextid="0" timestamp="2019-08-04T20:35:40.620" intervalms="0.817" />
  <attribute name="GC Util" value="62" />
  <attribute name="CPU Util" value="1974690918463" />
  <attribute name="Time Running"value="80865"/>
  <attribute name="Number of cores"value="16"/>
<gc-start id="3926" type="global" contextid="3925" timestamp="2019-08-04T20:35:40.620">
  <mem-info id="3927" free="784384" total="78446592" percent="0">
    <mem type="tenure" free="784384" total="78446592" percent="0">
      <mem type="soa" free="0" total="77662208" percent="0" />
      <mem type="loa" free="784384" total="784384" percent="100" />
    </mem>
  </mem-info>
</gc-start>
<allocation-stats totalBytes="59667336" >
  <allocated-bytes non-tlh="0" tlh="59667336" />
  <largest-consumer threadName="main" threadId="0000000000968F00" bytes="59667336" />
</allocation-stats>
<gc-op id="3928" type="mark" timems="8.219" contextid="3925" timestamp="2019-08-04T20:35:40.629">
  <trace-info objectcount="596197" scancount="517203" scanbytes="13272124" />
  <finalization candidates="80" enqueued="0" />
  <ownableSynchronizers candidates="21" cleared="0" />
  <references type="soft" candidates="1843" cleared="0" enqueued="0" dynamicThreshold="19" maxThreshold="32" />
  <references type="weak" candidates="5746" cleared="0" enqueued="0" />
  <references type="phantom" candidates="97" cleared="0" enqueued="0" />
  <stringconstants candidates="13260" cleared="0"  />
</gc-op>
<gc-op id="3929" type="sweep" timems="1.215" contextid="3925" timestamp="2019-08-04T20:35:40.630" />
<gc-end id="3930" type="global" contextid="3925" durationms="9.541" usertimems="55.408" systemtimems="0.000" timestamp="2019-08-04T20:35:40.630" activeThreads="16">
  <mem-info id="3931" free="47855480" total="78446592" percent="61">
    <mem type="tenure" free="47855480" total="78446592" percent="61" micro-fragmented="4922">
      <mem type="soa" free="47071096" total="77662208" percent="60" />
      <mem type="loa" free="784384" total="784384" percent="100" />
    </mem>
  </mem-info>
</gc-end>
<cycle-end id="3932" type="global" contextid="3925" timestamp="2019-08-04T20:35:40.630">
  <attribute name="GC Util" value="571" />
  <attribute name="CPU Util" value="2231748281949" />
  <attribute name="Time Running"value="80874"/>
  <attribute name="Number of cores"value="16"/>
</cycle-end>
<allocation-satisfied id="3933" threadId="0000000000968F00" bytesRequested="32" />
<af-end id="3934" timestamp="2019-08-04T20:35:40.630" threadId="0000000000969888" success="true" />
<exclusive-end id="3935" timestamp="2019-08-04T20:35:40.630" durationms="10.323" />

<concurrent-kickoff id="3936" timestamp="2019-08-04T20:35:40.657">
  <kickoff reason="threshold reached" targetBytes="6218254" thresholdFreeBytes="846817" remainingFree="794504" tenureFreeBytes="794504" />
</concurrent-kickoff>
<exclusive-start id="3937" timestamp="2019-08-04T20:35:40.657" intervalms="37.244">
  <response-info timems="0.015" idlems="0.015" threads="0" lastid="0000000000968F00" lastname="main" />
</exclusive-start>
<cycle-start id="3938" type="global" contextid="0" timestamp="2019-08-04T20:35:40.657" intervalms="36.590" />
  <attribute name="GC Util" value="571" />
  <attribute name="CPU Util" value="2231748281949" />
  <attribute name="Time Running"value="80874"/>
  <attribute name="Number of cores"value="16"/>
<exclusive-end id="3939" timestamp="2019-08-04T20:35:40.657" durationms="0.023" />

<exclusive-start id="3940" timestamp="2019-08-04T20:35:40.657" intervalms="0.224">
  <response-info timems="0.008" idlems="0.008" threads="0" lastid="0000000000968F00" lastname="main" />
</exclusive-start>
<af-start id="3941" threadId="0000000000969888" totalBytesRequested="32" timestamp="2019-08-04T20:35:40.657" intervalms="37.459" />
<concurrent-aborted id="3942" timestamp="2019-08-04T20:35:40.658">
  <reason value="insufficient progress made" />
</concurrent-aborted>
<cycle-end id="3943" type="global" contextid="3938" timestamp="2019-08-04T20:35:40.658">
  <attribute name="GC Util" value="29" />
  <attribute name="CPU Util" value="647104831528" />
  <attribute name="Time Running"value="80903"/>
  <attribute name="Number of cores"value="16"/>
</cycle-end>
<cycle-start id="3944" type="global" contextid="0" timestamp="2019-08-04T20:35:40.658" intervalms="0.953" />
  <attribute name="GC Util" value="29" />
  <attribute name="CPU Util" value="647104831528" />
  <attribute name="Time Running"value="80903"/>
  <attribute name="Number of cores"value="16"/>
<gc-start id="3945" type="global" contextid="3944" timestamp="2019-08-04T20:35:40.658">
  <mem-info id="3946" free="784384" total="78446592" percent="0">
    <mem type="tenure" free="784384" total="78446592" percent="0">
      <mem type="soa" free="0" total="77662208" percent="0" />
      <mem type="loa" free="784384" total="784384" percent="100" />
    </mem>
  </mem-info>
</gc-start>
<allocation-stats totalBytes="59679960" >
  <allocated-bytes non-tlh="0" tlh="59679960" />
  <largest-consumer threadName="main" threadId="0000000000968F00" bytes="59679960" />
</allocation-stats>
<gc-op id="3947" type="mark" timems="7.698" contextid="3944" timestamp="2019-08-04T20:35:40.666">
  <trace-info objectcount="596203" scancount="517229" scanbytes="13272328" />
  <finalization candidates="80" enqueued="0" />
  <ownableSynchronizers candidates="21" cleared="0" />
  <references type="soft" candidates="1843" cleared="0" enqueued="0" dynamicThreshold="19" maxThreshold="32" />
  <references type="weak" candidates="5746" cleared="0" enqueued="0" />
  <references type="phantom" candidates="97" cleared="0" enqueued="0" />
  <stringconstants candidates="13260" cleared="0"  />
</gc-op>
<gc-op id="3948" type="sweep" timems="2.046" contextid="3944" timestamp="2019-08-04T20:35:40.668" />
<gc-end id="3949" type="global" contextid="3944" durationms="9.845" usertimems="53.077" systemtimems="0.000" timestamp="2019-08-04T20:35:40.668" activeThreads="16">
  <mem-info id="3950" free="47848016" total="78446592" percent="60">
    <mem type="tenure" free="47848016" total="78446592" percent="60" micro-fragmented="4922">
      <mem type="soa" free="47063632" total="77662208" percent="60" />
      <mem type="loa" free="784384" total="784384" percent="100" />
    </mem>
  </mem-info>
</gc-end>
<cycle-end id="3951" type="global" contextid="3944" timestamp="2019-08-04T20:35:40.668">
  <attribute name="GC Util" value="560" />
  <attribute name="CPU Util" value="2380424251986" />
  <attribute name="Time Running"value="80911"/>
  <attribute name="Number of cores"value="16"/>
</cycle-end>
<allocation-satisfied id="3952" threadId="0000000000968F00" bytesRequested="32" />
<af-end id="3953" timestamp="2019-08-04T20:35:40.668" threadId="0000000000969888" success="true" />
<exclusive-end id="3954" timestamp="2019-08-04T20:35:40.668" durationms="10.691" />

<concurrent-kickoff id="3955" timestamp="2019-08-04T20:35:40.733">
  <kickoff reason="threshold reached" targetBytes="6218254" thresholdFreeBytes="846817" remainingFree="787576" tenureFreeBytes="787576" />
</concurrent-kickoff>
<exclusive-start id="3956" timestamp="2019-08-04T20:35:40.733" intervalms="76.412">
  <response-info timems="0.014" idlems="0.014" threads="0" lastid="0000000000968F00" lastname="main" />
</exclusive-start>
<cycle-start id="3957" type="global" contextid="0" timestamp="2019-08-04T20:35:40.733" intervalms="75.685" />
  <attribute name="GC Util" value="560" />
  <attribute name="CPU Util" value="2380424251986" />
  <attribute name="Time Running"value="80911"/>
  <attribute name="Number of cores"value="16"/>
<exclusive-end id="3958" timestamp="2019-08-04T20:35:40.733" durationms="0.025" />

<exclusive-start id="3959" timestamp="2019-08-04T20:35:40.734" intervalms="0.143">
  <response-info timems="0.007" idlems="0.007" threads="0" lastid="0000000000968F00" lastname="main" />
</exclusive-start>
<af-start id="3960" threadId="0000000000969888" totalBytesRequested="112" timestamp="2019-08-04T20:35:40.734" intervalms="76.565" />
<concurrent-aborted id="3961" timestamp="2019-08-04T20:35:40.734">
  <reason value="insufficient progress made" />
</concurrent-aborted>
<cycle-end id="3962" type="global" contextid="3957" timestamp="2019-08-04T20:35:40.734">
  <attribute name="GC Util" value="14" />
  <attribute name="CPU Util" value="271076718727" />
  <attribute name="Time Running"value="80979"/>
  <attribute name="Number of cores"value="16"/>
</cycle-end>
<cycle-start id="3963" type="global" contextid="0" timestamp="2019-08-04T20:35:40.734" intervalms="1.056" />
  <attribute name="GC Util" value="14" />
  <attribute name="CPU Util" value="271076718727" />
  <attribute name="Time Running"value="80979"/>
  <attribute name="Number of cores"value="16"/>
<gc-start id="3964" type="global" contextid="3963" timestamp="2019-08-04T20:35:40.735">
  <mem-info id="3965" free="784384" total="78446592" percent="0">
    <mem type="tenure" free="784384" total="78446592" percent="0">
      <mem type="soa" free="0" total="77662208" percent="0" />
      <mem type="loa" free="784384" total="784384" percent="100" />
    </mem>
  </mem-info>
</gc-start>
<allocation-stats totalBytes="59729168" >
  <allocated-bytes non-tlh="0" tlh="59729168" />
  <largest-consumer threadName="main" threadId="0000000000968F00" bytes="59729168" />
</allocation-stats>
<gc-op id="3966" type="mark" timems="9.495" contextid="3963" timestamp="2019-08-04T20:35:40.744">
  <trace-info objectcount="596203" scancount="517230" scanbytes="13273032" />
  <finalization candidates="80" enqueued="0" />
  <ownableSynchronizers candidates="21" cleared="0" />
  <references type="soft" candidates="1843" cleared="0" enqueued="0" dynamicThreshold="19" maxThreshold="32" />
  <references type="weak" candidates="5746" cleared="0" enqueued="0" />
  <references type="phantom" candidates="97" cleared="0" enqueued="0" />
  <stringconstants candidates="13260" cleared="0"  />
</gc-op>
<gc-op id="3967" type="sweep" timems="1.062" contextid="3963" timestamp="2019-08-04T20:35:40.745" />
<gc-end id="3968" type="global" contextid="3963" durationms="10.669" usertimems="41.004" systemtimems="0.000" timestamp="2019-08-04T20:35:40.745" activeThreads="16">
  <mem-info id="3969" free="47841920" total="78446592" percent="60">
    <mem type="tenure" free="47841920" total="78446592" percent="60" micro-fragmented="4922">
      <mem type="soa" free="47057536" total="77662208" percent="60" />
      <mem type="loa" free="784384" total="784384" percent="100" />
    </mem>
  </mem-info>
</gc-end>
<cycle-end id="3970" type="global" contextid="3963" timestamp="2019-08-04T20:35:40.745">
  <attribute name="GC Util" value="333" />
  <attribute name="CPU Util" value="1931797806663" />
  <attribute name="Time Running"value="80990"/>
  <attribute name="Number of cores"value="16"/>
</cycle-end>
<allocation-satisfied id="3971" threadId="0000000000968F00" bytesRequested="112" />
<af-end id="3972" timestamp="2019-08-04T20:35:40.745" threadId="0000000000969888" success="true" />
<exclusive-end id="3973" timestamp="2019-08-04T20:35:40.745" durationms="11.700" />

<concurrent-kickoff id="3974" timestamp="2019-08-04T20:35:40.766">
  <kickoff reason="threshold reached" targetBytes="6218254" thresholdFreeBytes="846817" remainingFree="785544" tenureFreeBytes="785544" />
</concurrent-kickoff>
<exclusive-start id="3975" timestamp="2019-08-04T20:35:40.766" intervalms="32.164">
  <response-info timems="0.015" idlems="0.015" threads="0" lastid="0000000000968F00" lastname="main" />
</exclusive-start>
<cycle-start id="3976" type="global" contextid="0" timestamp="2019-08-04T20:35:40.766" intervalms="31.247" />
  <attribute name="GC Util" value="333" />
  <attribute name="CPU Util" value="1931797806663" />
  <attribute name="Time Running"value="80990"/>
  <attribute name="Number of cores"value="16"/>
<exclusive-end id="3977" timestamp="2019-08-04T20:35:40.766" durationms="0.021" />

<exclusive-start id="3978" timestamp="2019-08-04T20:35:40.766" intervalms="0.206">
  <response-info timems="0.007" idlems="0.007" threads="0" lastid="0000000000968F00" lastname="main" />
</exclusive-start>
<af-start id="3979" threadId="0000000000969888" totalBytesRequested="208" timestamp="2019-08-04T20:35:40.766" intervalms="32.368" />
<concurrent-aborted id="3980" timestamp="2019-08-04T20:35:40.767">
  <reason value="insufficient progress made" />
</concurrent-aborted>
<cycle-end id="3981" type="global" contextid="3976" timestamp="2019-08-04T20:35:40.767">
  <attribute name="GC Util" value="43" />
  <attribute name="CPU Util" value="843169829314" />
  <attribute name="Time Running"value="81012"/>
  <attribute name="Number of cores"value="16"/>
</cycle-end>
<cycle-start id="3982" type="global" contextid="0" timestamp="2019-08-04T20:35:40.767" intervalms="0.801" />
  <attribute name="GC Util" value="43" />
  <attribute name="CPU Util" value="843169829314" />
  <attribute name="Time Running"value="81012"/>
  <attribute name="Number of cores"value="16"/>
<gc-start id="3983" type="global" contextid="3982" timestamp="2019-08-04T20:35:40.767">
  <mem-info id="3984" free="784384" total="78446592" percent="0">
    <mem type="tenure" free="784384" total="78446592" percent="0">
      <mem type="soa" free="0" total="77662208" percent="0" />
      <mem type="loa" free="784384" total="784384" percent="100" />
    </mem>
  </mem-info>
</gc-start>
<allocation-stats totalBytes="59730976" >
  <allocated-bytes non-tlh="0" tlh="59730976" />
  <largest-consumer threadName="main" threadId="0000000000968F00" bytes="59730976" />
</allocation-stats>
<gc-op id="3985" type="mark" timems="7.894" contextid="3982" timestamp="2019-08-04T20:35:40.775">
  <trace-info objectcount="596250" scancount="517249" scanbytes="13273520" />
  <finalization candidates="80" enqueued="0" />
  <ownableSynchronizers candidates="21" cleared="0" />
  <references type="soft" candidates="1849" cleared="0" enqueued="0" dynamicThreshold="19" maxThreshold="32" />
  <references type="weak" candidates="5746" cleared="0" enqueued="0" />
  <references type="phantom" candidates="97" cleared="0" enqueued="0" />
  <stringconstants candidates="13260" cleared="0"  />
</gc-op>
<gc-op id="3986" type="sweep" timems="1.034" contextid="3982" timestamp="2019-08-04T20:35:40.776" />
<gc-end id="3987" type="global" contextid="3982" durationms="9.038" usertimems="45.530" systemtimems="0.000" timestamp="2019-08-04T20:35:40.776" activeThreads="16">
  <mem-info id="3988" free="47837840" total="78446592" percent="60">
    <mem type="tenure" free="47837840" total="78446592" percent="60" micro-fragmented="768">
      <mem type="soa" free="47053456" total="77662208" percent="60" />
      <mem type="loa" free="784384" total="784384" percent="100" />
    </mem>
  </mem-info>
</gc-end>
<cycle-end id="3989" type="global" contextid="3982" timestamp="2019-08-04T20:35:40.776">
  <attribute name="GC Util" value="481" />
  <attribute name="CPU Util" value="2322926554026" />
  <attribute name="Time Running"value="81020"/>
  <attribute name="Number of cores"value="16"/>
</cycle-end>
<allocation-satisfied id="3990" threadId="0000000000968F00" bytesRequested="208" />
<af-end id="3991" timestamp="2019-08-04T20:35:40.776" threadId="0000000000969888" success="true" />
<exclusive-end id="3992" timestamp="2019-08-04T20:35:40.776" durationms="9.734" />

<concurrent-kickoff id="3993" timestamp="2019-08-04T20:35:40.843">
  <kickoff reason="threshold reached" targetBytes="6218254" thresholdFreeBytes="846817" remainingFree="784384" tenureFreeBytes="784384" />
</concurrent-kickoff>
<exclusive-start id="3994" timestamp="2019-08-04T20:35:40.843" intervalms="76.867">
  <response-info timems="0.014" idlems="0.014" threads="0" lastid="0000000000968F00" lastname="main" />
</exclusive-start>
<cycle-start id="3995" type="global" contextid="0" timestamp="2019-08-04T20:35:40.843" intervalms="76.272" />
  <attribute name="GC Util" value="481" />
  <attribute name="CPU Util" value="2322926554026" />
  <attribute name="Time Running"value="81020"/>
  <attribute name="Number of cores"value="16"/>
<exclusive-end id="3996" timestamp="2019-08-04T20:35:40.843" durationms="0.021" />

<exclusive-start id="3997" timestamp="2019-08-04T20:35:40.843" intervalms="0.129">
  <response-info timems="0.007" idlems="0.007" threads="0" lastid="0000000000968F00" lastname="main" />
</exclusive-start>
<af-start id="3998" threadId="0000000000969888" totalBytesRequested="2016" timestamp="2019-08-04T20:35:40.843" intervalms="76.997" />
<concurrent-aborted id="3999" timestamp="2019-08-04T20:35:40.844">
  <reason value="insufficient progress made" />
</concurrent-aborted>
<cycle-end id="4000" type="global" contextid="3995" timestamp="2019-08-04T20:35:40.844">
  <attribute name="GC Util" value="11" />
  <attribute name="CPU Util" value="269417893693" />
  <attribute name="Time Running"value="81089"/>
  <attribute name="Number of cores"value="16"/>
</cycle-end>
<cycle-start id="4001" type="global" contextid="0" timestamp="2019-08-04T20:35:40.844" intervalms="0.785" />
  <attribute name="GC Util" value="11" />
  <attribute name="CPU Util" value="269417893693" />
  <attribute name="Time Running"value="81089"/>
  <attribute name="Number of cores"value="16"/>
<gc-start id="4002" type="global" contextid="4001" timestamp="2019-08-04T20:35:40.844">
  <mem-info id="4003" free="784384" total="78446592" percent="0">
    <mem type="tenure" free="784384" total="78446592" percent="0">
      <mem type="soa" free="0" total="77662208" percent="0" />
      <mem type="loa" free="784384" total="784384" percent="100" />
    </mem>
  </mem-info>
</gc-start>
<allocation-stats totalBytes="59657984" >
  <allocated-bytes non-tlh="7056" tlh="59650928" />
  <largest-consumer threadName="main" threadId="0000000000968F00" bytes="59657984" />
</allocation-stats>
<gc-op id="4004" type="mark" timems="9.957" contextid="4001" timestamp="2019-08-04T20:35:40.854">
  <trace-info objectcount="596249" scancount="517248" scanbytes="13273504" />
  <finalization candidates="80" enqueued="0" />
  <ownableSynchronizers candidates="21" cleared="0" />
  <references type="soft" candidates="1849" cleared="0" enqueued="0" dynamicThreshold="19" maxThreshold="32" />
  <references type="weak" candidates="5746" cleared="0" enqueued="0" />
  <references type="phantom" candidates="97" cleared="0" enqueued="0" />
  <stringconstants candidates="13260" cleared="0"  />
</gc-op>
<gc-op id="4005" type="sweep" timems="1.584" contextid="4001" timestamp="2019-08-04T20:35:40.855" />
<gc-end id="4006" type="global" contextid="4001" durationms="11.660" usertimems="60.082" systemtimems="0.000" timestamp="2019-08-04T20:35:40.855" activeThreads="16">
  <mem-info id="4007" free="47830768" total="78446592" percent="60">
    <mem type="tenure" free="47830768" total="78446592" percent="60" micro-fragmented="768">
      <mem type="soa" free="47046384" total="77662208" percent="60" />
      <mem type="loa" free="784384" total="784384" percent="100" />
    </mem>
  </mem-info>
</gc-end>
<cycle-end id="4008" type="global" contextid="4001" timestamp="2019-08-04T20:35:40.855">
  <attribute name="GC Util" value="518" />
  <attribute name="CPU Util" value="1844146878333" />
  <attribute name="Time Running"value="81099"/>
  <attribute name="Number of cores"value="16"/>
</cycle-end>
<allocation-satisfied id="4009" threadId="0000000000968F00" bytesRequested="2016" />
<af-end id="4010" timestamp="2019-08-04T20:35:40.855" threadId="0000000000969888" success="true" />
<exclusive-end id="4011" timestamp="2019-08-04T20:35:40.855" durationms="12.456" />

<concurrent-kickoff id="4012" timestamp="2019-08-04T20:35:40.956">
  <kickoff reason="threshold reached" targetBytes="6218254" thresholdFreeBytes="846817" remainingFree="800824" tenureFreeBytes="800824" />
</concurrent-kickoff>
<exclusive-start id="4013" timestamp="2019-08-04T20:35:40.956" intervalms="112.797">
  <response-info timems="0.021" idlems="0.021" threads="0" lastid="0000000000968F00" lastname="main" />
</exclusive-start>
<cycle-start id="4014" type="global" contextid="0" timestamp="2019-08-04T20:35:40.956" intervalms="112.133" />
  <attribute name="GC Util" value="518" />
  <attribute name="CPU Util" value="1844146878333" />
  <attribute name="Time Running"value="81099"/>
  <attribute name="Number of cores"value="16"/>
<exclusive-end id="4015" timestamp="2019-08-04T20:35:40.956" durationms="0.013" />

<exclusive-start id="4016" timestamp="2019-08-04T20:35:40.956" intervalms="0.282">
  <response-info timems="0.020" idlems="0.020" threads="0" lastid="0000000000968F00" lastname="main" />
</exclusive-start>
<af-start id="4017" threadId="0000000000969888" totalBytesRequested="32" timestamp="2019-08-04T20:35:40.956" intervalms="113.077" />
<concurrent-aborted id="4018" timestamp="2019-08-04T20:35:40.956">
  <reason value="insufficient progress made" />
</concurrent-aborted>
<cycle-end id="4019" type="global" contextid="4014" timestamp="2019-08-04T20:35:40.957">
  <attribute name="GC Util" value="8" />
  <attribute name="CPU Util" value="180169332499" />
  <attribute name="Time Running"value="81202"/>
  <attribute name="Number of cores"value="16"/>
</cycle-end>
<cycle-start id="4020" type="global" contextid="0" timestamp="2019-08-04T20:35:40.957" intervalms="0.793" />
  <attribute name="GC Util" value="8" />
  <attribute name="CPU Util" value="180169332499" />
  <attribute name="Time Running"value="81202"/>
  <attribute name="Number of cores"value="16"/>
<gc-start id="4021" type="global" contextid="4020" timestamp="2019-08-04T20:35:40.957">
  <mem-info id="4022" free="784384" total="78446592" percent="0">
    <mem type="tenure" free="784384" total="78446592" percent="0">
      <mem type="soa" free="0" total="77662208" percent="0" />
      <mem type="loa" free="784384" total="784384" percent="100" />
    </mem>
  </mem-info>
</gc-start>
<allocation-stats totalBytes="59728152" >
  <allocated-bytes non-tlh="4024" tlh="59724128" />
  <largest-consumer threadName="main" threadId="0000000000968F00" bytes="59728152" />
</allocation-stats>
<gc-op id="4023" type="mark" timems="9.045" contextid="4020" timestamp="2019-08-04T20:35:40.966">
  <trace-info objectcount="596245" scancount="517247" scanbytes="13273692" />
  <finalization candidates="80" enqueued="0" />
  <ownableSynchronizers candidates="21" cleared="0" />
  <references type="soft" candidates="1849" cleared="0" enqueued="0" dynamicThreshold="19" maxThreshold="32" />
  <references type="weak" candidates="5746" cleared="0" enqueued="0" />
  <references type="phantom" candidates="97" cleared="0" enqueued="0" />
  <stringconstants candidates="13260" cleared="0"  />
</gc-op>
<gc-op id="4024" type="sweep" timems="0.953" contextid="4020" timestamp="2019-08-04T20:35:40.967" />
<gc-end id="4025" type="global" contextid="4020" durationms="10.100" usertimems="52.787" systemtimems="0.000" timestamp="2019-08-04T20:35:40.967" activeThreads="16">
  <mem-info id="4026" free="47824888" total="78446592" percent="60">
    <mem type="tenure" free="47824888" total="78446592" percent="60" micro-fragmented="2842">
      <mem type="soa" free="47040504" total="77662208" percent="60" />
      <mem type="loa" free="784384" total="784384" percent="100" />
    </mem>
  </mem-info>
</gc-end>
<cycle-end id="4027" type="global" contextid="4020" timestamp="2019-08-04T20:35:40.967">
  <attribute name="GC Util" value="497" />
  <attribute name="CPU Util" value="2027042893314" />
  <attribute name="Time Running"value="81211"/>
  <attribute name="Number of cores"value="16"/>
</cycle-end>
<allocation-satisfied id="4028" threadId="0000000000968F00" bytesRequested="32" />
<af-end id="4029" timestamp="2019-08-04T20:35:40.967" threadId="0000000000969888" success="true" />
<exclusive-end id="4030" timestamp="2019-08-04T20:35:40.967" durationms="10.774" />

<concurrent-kickoff id="4031" timestamp="2019-08-04T20:35:41.057">
  <kickoff reason="threshold reached" targetBytes="6218254" thresholdFreeBytes="846817" remainingFree="793240" tenureFreeBytes="793240" />
</concurrent-kickoff>
<exclusive-start id="4032" timestamp="2019-08-04T20:35:41.057" intervalms="101.421">
  <response-info timems="0.013" idlems="0.013" threads="0" lastid="0000000000968F00" lastname="main" />
</exclusive-start>
<cycle-start id="4033" type="global" contextid="0" timestamp="2019-08-04T20:35:41.057" intervalms="100.910" />
  <attribute name="GC Util" value="497" />
  <attribute name="CPU Util" value="2027042893314" />
  <attribute name="Time Running"value="81211"/>
  <attribute name="Number of cores"value="16"/>
<exclusive-end id="4034" timestamp="2019-08-04T20:35:41.057" durationms="0.012" />

<exclusive-start id="4035" timestamp="2019-08-04T20:35:41.058" intervalms="0.218">
  <response-info timems="0.008" idlems="0.008" threads="0" lastid="0000000000968F00" lastname="main" />
</exclusive-start>
<af-start id="4036" threadId="0000000000969888" totalBytesRequested="80" timestamp="2019-08-04T20:35:41.058" intervalms="101.640" />
<concurrent-aborted id="4037" timestamp="2019-08-04T20:35:41.058">
  <reason value="insufficient progress made" />
</concurrent-aborted>
<cycle-end id="4038" type="global" contextid="4033" timestamp="2019-08-04T20:35:41.058">
  <attribute name="GC Util" value="8" />
  <attribute name="CPU Util" value="200488428657" />
  <attribute name="Time Running"value="81303"/>
  <attribute name="Number of cores"value="16"/>
</cycle-end>
<cycle-start id="4039" type="global" contextid="0" timestamp="2019-08-04T20:35:41.058" intervalms="0.777" />
  <attribute name="GC Util" value="8" />
  <attribute name="CPU Util" value="200488428657" />
  <attribute name="Time Running"value="81303"/>
  <attribute name="Number of cores"value="16"/>
<gc-start id="4040" type="global" contextid="4039" timestamp="2019-08-04T20:35:41.058">
  <mem-info id="4041" free="784384" total="78446592" percent="0">
    <mem type="tenure" free="784384" total="78446592" percent="0">
      <mem type="soa" free="0" total="77662208" percent="0" />
      <mem type="loa" free="784384" total="784384" percent="100" />
    </mem>
  </mem-info>
</gc-start>
<allocation-stats totalBytes="59747320" >
  <allocated-bytes non-tlh="0" tlh="59747320" />
  <largest-consumer threadName="main" threadId="0000000000968F00" bytes="59747320" />
</allocation-stats>
<gc-op id="4042" type="mark" timems="7.907" contextid="4039" timestamp="2019-08-04T20:35:41.066">
  <trace-info objectcount="596238" scancount="517241" scanbytes="13273424" />
  <finalization candidates="80" enqueued="0" />
  <ownableSynchronizers candidates="21" cleared="0" />
  <references type="soft" candidates="1849" cleared="0" enqueued="0" dynamicThreshold="19" maxThreshold="32" />
  <references type="weak" candidates="5746" cleared="0" enqueued="0" />
  <references type="phantom" candidates="97" cleared="0" enqueued="0" />
  <stringconstants candidates="13260" cleared="0"  />
</gc-op>
<gc-op id="4043" type="sweep" timems="1.869" contextid="4039" timestamp="2019-08-04T20:35:41.068" />
<gc-end id="4044" type="global" contextid="4039" durationms="9.871" usertimems="51.768" systemtimems="0.000" timestamp="2019-08-04T20:35:41.068" activeThreads="16">
  <mem-info id="4045" free="47820792" total="78446592" percent="60">
    <mem type="tenure" free="47820792" total="78446592" percent="60" micro-fragmented="2842">
      <mem type="soa" free="47036408" total="77662208" percent="60" />
      <mem type="loa" free="784384" total="784384" percent="100" />
    </mem>
  </mem-info>
</gc-end>
<cycle-end id="4046" type="global" contextid="4039" timestamp="2019-08-04T20:35:41.068">
  <attribute name="GC Util" value="539" />
  <attribute name="CPU Util" value="2316668962504" />
  <attribute name="Time Running"value="81312"/>
  <attribute name="Number of cores"value="16"/>
</cycle-end>
<allocation-satisfied id="4047" threadId="0000000000968F00" bytesRequested="80" />
<af-end id="4048" timestamp="2019-08-04T20:35:41.068" threadId="0000000000969888" success="true" />
<exclusive-end id="4049" timestamp="2019-08-04T20:35:41.068" durationms="10.552" />

<concurrent-kickoff id="4050" timestamp="2019-08-04T20:35:41.159">
  <kickoff reason="threshold reached" targetBytes="6218254" thresholdFreeBytes="846817" remainingFree="796000" tenureFreeBytes="796000" />
</concurrent-kickoff>
<exclusive-start id="4051" timestamp="2019-08-04T20:35:41.159" intervalms="101.223">
  <response-info timems="0.015" idlems="0.015" threads="0" lastid="0000000000968F00" lastname="main" />
</exclusive-start>
<cycle-start id="4052" type="global" contextid="0" timestamp="2019-08-04T20:35:41.159" intervalms="100.673" />
  <attribute name="GC Util" value="539" />
  <attribute name="CPU Util" value="2316668962504" />
  <attribute name="Time Running"value="81312"/>
  <attribute name="Number of cores"value="16"/>
<exclusive-end id="4053" timestamp="2019-08-04T20:35:41.159" durationms="0.022" />

<exclusive-start id="4054" timestamp="2019-08-04T20:35:41.159" intervalms="0.252">
  <response-info timems="0.007" idlems="0.007" threads="0" lastid="0000000000968F00" lastname="main" />
</exclusive-start>
<af-start id="4055" threadId="0000000000969888" totalBytesRequested="80" timestamp="2019-08-04T20:35:41.159" intervalms="101.473" />
<concurrent-aborted id="4056" timestamp="2019-08-04T20:35:41.160">
  <reason value="insufficient progress made" />
</concurrent-aborted>
<cycle-end id="4057" type="global" contextid="4052" timestamp="2019-08-04T20:35:41.160">
  <attribute name="GC Util" value="9" />
  <attribute name="CPU Util" value="198463046363" />
  <attribute name="Time Running"value="81405"/>
  <attribute name="Number of cores"value="16"/>
</cycle-end>
<cycle-start id="4058" type="global" contextid="0" timestamp="2019-08-04T20:35:41.160" intervalms="0.788" />
  <attribute name="GC Util" value="9" />
  <attribute name="CPU Util" value="198463046363" />
  <attribute name="Time Running"value="81405"/>
  <attribute name="Number of cores"value="16"/>
<gc-start id="4059" type="global" contextid="4058" timestamp="2019-08-04T20:35:41.160">
  <mem-info id="4060" free="784384" total="78446592" percent="0">
    <mem type="tenure" free="784384" total="78446592" percent="0">
      <mem type="soa" free="0" total="77662208" percent="0" />
      <mem type="loa" free="784384" total="784384" percent="100" />
    </mem>
  </mem-info>
</gc-start>
<allocation-stats totalBytes="59746312" >
  <allocated-bytes non-tlh="0" tlh="59746312" />
  <largest-consumer threadName="main" threadId="0000000000968F00" bytes="59746312" />
</allocation-stats>
<gc-op id="4061" type="mark" timems="8.489" contextid="4058" timestamp="2019-08-04T20:35:41.168">
  <trace-info objectcount="596238" scancount="517241" scanbytes="13273424" />
  <finalization candidates="80" enqueued="0" />
  <ownableSynchronizers candidates="21" cleared="0" />
  <references type="soft" candidates="1849" cleared="0" enqueued="0" dynamicThreshold="19" maxThreshold="32" />
  <references type="weak" candidates="5746" cleared="0" enqueued="0" />
  <references type="phantom" candidates="97" cleared="0" enqueued="0" />
  <stringconstants candidates="13260" cleared="0"  />
</gc-op>
<gc-op id="4062" type="sweep" timems="2.190" contextid="4058" timestamp="2019-08-04T20:35:41.170" />
<gc-end id="4063" type="global" contextid="4058" durationms="10.777" usertimems="60.976" systemtimems="0.000" timestamp="2019-08-04T20:35:41.170" activeThreads="16">
  <mem-info id="4064" free="47817496" total="78446592" percent="60">
    <mem type="tenure" free="47817496" total="78446592" percent="60" micro-fragmented="2842">
      <mem type="soa" free="47033112" total="77662208" percent="60" />
      <mem type="loa" free="784384" total="784384" percent="100" />
    </mem>
  </mem-info>
</gc-end>
<cycle-end id="4065" type="global" contextid="4058" timestamp="2019-08-04T20:35:41.171">
  <attribute name="GC Util" value="589" />
  <attribute name="CPU Util" value="2159560714259" />
  <attribute name="Time Running"value="81414"/>
  <attribute name="Number of cores"value="16"/>
</cycle-end>
<allocation-satisfied id="4066" threadId="0000000000968F00" bytesRequested="80" />
<af-end id="4067" timestamp="2019-08-04T20:35:41.171" threadId="0000000000969888" success="true" />
<exclusive-end id="4068" timestamp="2019-08-04T20:35:41.171" durationms="11.418" />

<concurrent-kickoff id="4069" timestamp="2019-08-04T20:35:41.257">
  <kickoff reason="threshold reached" targetBytes="6218254" thresholdFreeBytes="846817" remainingFree="796328" tenureFreeBytes="796328" />
</concurrent-kickoff>
<exclusive-start id="4070" timestamp="2019-08-04T20:35:41.258" intervalms="98.408">
  <response-info timems="0.013" idlems="0.013" threads="0" lastid="0000000000968F00" lastname="main" />
</exclusive-start>
<cycle-start id="4071" type="global" contextid="0" timestamp="2019-08-04T20:35:41.258" intervalms="97.875" />
  <attribute name="GC Util" value="589" />
  <attribute name="CPU Util" value="2159560714259" />
  <attribute name="Time Running"value="81414"/>
  <attribute name="Number of cores"value="16"/>
<exclusive-end id="4072" timestamp="2019-08-04T20:35:41.258" durationms="0.025" />

<exclusive-start id="4073" timestamp="2019-08-04T20:35:41.258" intervalms="0.208">
  <response-info timems="0.008" idlems="0.008" threads="0" lastid="0000000000968F00" lastname="main" />
</exclusive-start>
<af-start id="4074" threadId="0000000000969888" totalBytesRequested="544" timestamp="2019-08-04T20:35:41.258" intervalms="98.618" />
<concurrent-aborted id="4075" timestamp="2019-08-04T20:35:41.259">
  <reason value="insufficient progress made" />
</concurrent-aborted>
<cycle-end id="4076" type="global" contextid="4071" timestamp="2019-08-04T20:35:41.259">
  <attribute name="GC Util" value="11" />
  <attribute name="CPU Util" value="206066493846" />
  <attribute name="Time Running"value="81503"/>
  <attribute name="Number of cores"value="16"/>
</cycle-end>
<cycle-start id="4077" type="global" contextid="0" timestamp="2019-08-04T20:35:41.259" intervalms="0.992" />
  <attribute name="GC Util" value="11" />
  <attribute name="CPU Util" value="206066493846" />
  <attribute name="Time Running"value="81503"/>
  <attribute name="Number of cores"value="16"/>
<gc-start id="4078" type="global" contextid="4077" timestamp="2019-08-04T20:35:41.259">
  <mem-info id="4079" free="784384" total="78446592" percent="0">
    <mem type="tenure" free="784384" total="78446592" percent="0">
      <mem type="soa" free="0" total="77662208" percent="0" />
      <mem type="loa" free="784384" total="784384" percent="100" />
    </mem>
  </mem-info>
</gc-start>
<allocation-stats totalBytes="59742488" >
  <allocated-bytes non-tlh="0" tlh="59742488" />
  <largest-consumer threadName="main" threadId="0000000000968F00" bytes="59742488" />
</allocation-stats>
<gc-op id="4080" type="mark" timems="9.850" contextid="4077" timestamp="2019-08-04T20:35:41.268">
  <trace-info objectcount="596240" scancount="517246" scanbytes="13273376" />
  <finalization candidates="80" enqueued="0" />
  <ownableSynchronizers candidates="21" cleared="0" />
  <references type="soft" candidates="1849" cleared="0" enqueued="0" dynamicThreshold="19" maxThreshold="32" />
  <references type="weak" candidates="5746" cleared="0" enqueued="0" />
  <references type="phantom" candidates="97" cleared="0" enqueued="0" />
  <stringconstants candidates="13260" cleared="0"  />
</gc-op>
<gc-op id="4081" type="sweep" timems="1.237" contextid="4077" timestamp="2019-08-04T20:35:41.270" />
<gc-end id="4082" type="global" contextid="4077" durationms="11.189" usertimems="66.472" systemtimems="0.000" timestamp="2019-08-04T20:35:41.270" activeThreads="16">
  <mem-info id="4083" free="47814848" total="78446592" percent="60">
    <mem type="tenure" free="47814848" total="78446592" percent="60" micro-fragmented="2842">
      <mem type="soa" free="47030464" total="77662208" percent="60" />
      <mem type="loa" free="784384" total="784384" percent="100" />
    </mem>
  </mem-info>
</gc-end>
<cycle-end id="4084" type="global" contextid="4077" timestamp="2019-08-04T20:35:41.270">
  <attribute name="GC Util" value="591" />
  <attribute name="CPU Util" value="1863302858547" />
  <attribute name="Time Running"value="81514"/>
  <attribute name="Number of cores"value="16"/>
</cycle-end>
<allocation-satisfied id="4085" threadId="0000000000968F00" bytesRequested="544" />
<af-end id="4086" timestamp="2019-08-04T20:35:41.270" threadId="0000000000969888" success="true" />
<exclusive-end id="4087" timestamp="2019-08-04T20:35:41.270" durationms="12.095" />

<concurrent-kickoff id="4088" timestamp="2019-08-04T20:35:41.279">
  <kickoff reason="threshold reached" targetBytes="6218254" thresholdFreeBytes="846817" remainingFree="785272" tenureFreeBytes="785272" />
</concurrent-kickoff>
<exclusive-start id="4089" timestamp="2019-08-04T20:35:41.279" intervalms="21.466">
  <response-info timems="0.042" idlems="0.042" threads="0" lastid="0000000000968F00" lastname="main" />
</exclusive-start>
<cycle-start id="4090" type="global" contextid="0" timestamp="2019-08-04T20:35:41.279" intervalms="20.670" />
  <attribute name="GC Util" value="591" />
  <attribute name="CPU Util" value="1863302858547" />
  <attribute name="Time Running"value="81514"/>
  <attribute name="Number of cores"value="16"/>
<exclusive-end id="4091" timestamp="2019-08-04T20:35:41.279" durationms="0.013" />

<exclusive-start id="4092" timestamp="2019-08-04T20:35:41.279" intervalms="0.139">
  <response-info timems="0.007" idlems="0.007" threads="0" lastid="0000000000968F00" lastname="main" />
</exclusive-start>
<af-start id="4093" threadId="0000000000969888" totalBytesRequested="24" timestamp="2019-08-04T20:35:41.279" intervalms="21.606" />
<concurrent-aborted id="4094" timestamp="2019-08-04T20:35:41.280">
  <reason value="insufficient progress made" />
</concurrent-aborted>
<cycle-end id="4095" type="global" contextid="4090" timestamp="2019-08-04T20:35:41.280">
  <attribute name="GC Util" value="75" />
  <attribute name="CPU Util" value="1692846146991" />
  <attribute name="Time Running"value="81525"/>
  <attribute name="Number of cores"value="16"/>
</cycle-end>
<cycle-start id="4096" type="global" contextid="0" timestamp="2019-08-04T20:35:41.280" intervalms="0.782" />
  <attribute name="GC Util" value="75" />
  <attribute name="CPU Util" value="1692846146991" />
  <attribute name="Time Running"value="81525"/>
  <attribute name="Number of cores"value="16"/>
<gc-start id="4097" type="global" contextid="4096" timestamp="2019-08-04T20:35:41.280">
  <mem-info id="4098" free="784384" total="78446592" percent="0">
    <mem type="tenure" free="784384" total="78446592" percent="0">
      <mem type="soa" free="0" total="77662208" percent="0" />
      <mem type="loa" free="784384" total="784384" percent="100" />
    </mem>
  </mem-info>
</gc-start>
<allocation-stats totalBytes="59671720" >
  <allocated-bytes non-tlh="0" tlh="59671720" />
  <largest-consumer threadName="main" threadId="0000000000968F00" bytes="59671720" />
</allocation-stats>
<gc-op id="4099" type="mark" timems="9.418" contextid="4096" timestamp="2019-08-04T20:35:41.289">
  <trace-info objectcount="596241" scancount="517241" scanbytes="13273400" />
  <finalization candidates="80" enqueued="0" />
  <ownableSynchronizers candidates="21" cleared="0" />
  <references type="soft" candidates="1849" cleared="0" enqueued="0" dynamicThreshold="19" maxThreshold="32" />
  <references type="weak" candidates="5746" cleared="0" enqueued="0" />
  <references type="phantom" candidates="97" cleared="0" enqueued="0" />
  <stringconstants candidates="13260" cleared="0"  />
</gc-op>
<gc-op id="4100" type="sweep" timems="1.291" contextid="4096" timestamp="2019-08-04T20:35:41.291" />
<gc-end id="4101" type="global" contextid="4096" durationms="10.820" usertimems="59.487" systemtimems="0.000" timestamp="2019-08-04T20:35:41.291" activeThreads="16">
  <mem-info id="4102" free="47812720" total="78446592" percent="60">
    <mem type="tenure" free="47812720" total="78446592" percent="60" micro-fragmented="2842">
      <mem type="soa" free="47028336" total="77662208" percent="60" />
      <mem type="loa" free="784384" total="784384" percent="100" />
    </mem>
  </mem-info>
</gc-end>
<cycle-end id="4103" type="global" contextid="4096" timestamp="2019-08-04T20:35:41.291">
  <attribute name="GC Util" value="568" />
  <attribute name="CPU Util" value="1948205033892" />
  <attribute name="Time Running"value="81535"/>
  <attribute name="Number of cores"value="16"/>
</cycle-end>
<allocation-satisfied id="4104" threadId="0000000000968F00" bytesRequested="24" />
<af-end id="4105" timestamp="2019-08-04T20:35:41.291" threadId="0000000000969888" success="true" />
<exclusive-end id="4106" timestamp="2019-08-04T20:35:41.291" durationms="11.582" />

<concurrent-kickoff id="4107" timestamp="2019-08-04T20:35:41.300">
  <kickoff reason="threshold reached" targetBytes="6218254" thresholdFreeBytes="846817" remainingFree="790504" tenureFreeBytes="790504" />
</concurrent-kickoff>
<exclusive-start id="4108" timestamp="2019-08-04T20:35:41.300" intervalms="20.964">
  <response-info timems="0.022" idlems="0.022" threads="0" lastid="0000000000968F00" lastname="main" />
</exclusive-start>
<cycle-start id="4109" type="global" contextid="0" timestamp="2019-08-04T20:35:41.300" intervalms="20.321" />
  <attribute name="GC Util" value="568" />
  <attribute name="CPU Util" value="1948205033892" />
  <attribute name="Time Running"value="81535"/>
  <attribute name="Number of cores"value="16"/>
<exclusive-end id="4110" timestamp="2019-08-04T20:35:41.300" durationms="0.012" />

<exclusive-start id="4111" timestamp="2019-08-04T20:35:41.300" intervalms="0.136">
  <response-info timems="0.007" idlems="0.007" threads="0" lastid="0000000000968F00" lastname="main" />
</exclusive-start>
<af-start id="4112" threadId="0000000000969888" totalBytesRequested="40" timestamp="2019-08-04T20:35:41.300" intervalms="21.099" />
<concurrent-aborted id="4113" timestamp="2019-08-04T20:35:41.301">
  <reason value="insufficient progress made" />
</concurrent-aborted>
<cycle-end id="4114" type="global" contextid="4109" timestamp="2019-08-04T20:35:41.301">
  <attribute name="GC Util" value="53" />
  <attribute name="CPU Util" value="1683155808095" />
  <attribute name="Time Running"value="81546"/>
  <attribute name="Number of cores"value="16"/>
</cycle-end>
<cycle-start id="4115" type="global" contextid="0" timestamp="2019-08-04T20:35:41.301" intervalms="0.808" />
  <attribute name="GC Util" value="53" />
  <attribute name="CPU Util" value="1683155808095" />
  <attribute name="Time Running"value="81546"/>
  <attribute name="Number of cores"value="16"/>
<gc-start id="4116" type="global" contextid="4115" timestamp="2019-08-04T20:35:41.301">
  <mem-info id="4117" free="784384" total="78446592" percent="0">
    <mem type="tenure" free="784384" total="78446592" percent="0">
      <mem type="soa" free="0" total="77662208" percent="0" />
      <mem type="loa" free="784384" total="784384" percent="100" />
    </mem>
  </mem-info>
</gc-start>
<allocation-stats totalBytes="59675912" >
  <allocated-bytes non-tlh="0" tlh="59675912" />
  <largest-consumer threadName="main" threadId="0000000000968F00" bytes="59675912" />
</allocation-stats>
<gc-op id="4118" type="mark" timems="9.668" contextid="4115" timestamp="2019-08-04T20:35:41.311">
  <trace-info objectcount="596239" scancount="517240" scanbytes="13273344" />
  <finalization candidates="80" enqueued="0" />
  <ownableSynchronizers candidates="21" cleared="0" />
  <references type="soft" candidates="1849" cleared="0" enqueued="0" dynamicThreshold="19" maxThreshold="32" />
  <references type="weak" candidates="5746" cleared="0" enqueued="0" />
  <references type="phantom" candidates="97" cleared="0" enqueued="0" />
  <stringconstants candidates="13260" cleared="0"  />
</gc-op>
<gc-op id="4119" type="sweep" timems="1.161" contextid="4115" timestamp="2019-08-04T20:35:41.312" />
<gc-end id="4120" type="global" contextid="4115" durationms="10.944" usertimems="70.207" systemtimems="0.000" timestamp="2019-08-04T20:35:41.312" activeThreads="16">
  <mem-info id="4121" free="47811008" total="78446592" percent="60">
    <mem type="tenure" free="47811008" total="78446592" percent="60" micro-fragmented="2842">
      <mem type="soa" free="47026624" total="77662208" percent="60" />
      <mem type="loa" free="784384" total="784384" percent="100" />
    </mem>
  </mem-info>
</gc-end>
<cycle-end id="4122" type="global" contextid="4115" timestamp="2019-08-04T20:35:41.312">
  <attribute name="GC Util" value="632" />
  <attribute name="CPU Util" value="1897723061475" />
  <attribute name="Time Running"value="81557"/>
  <attribute name="Number of cores"value="16"/>
</cycle-end>
<allocation-satisfied id="4123" threadId="0000000000968F00" bytesRequested="40" />
<af-end id="4124" timestamp="2019-08-04T20:35:41.312" threadId="0000000000969888" success="true" />
<exclusive-end id="4125" timestamp="2019-08-04T20:35:41.312" durationms="11.782" />

<concurrent-kickoff id="4126" timestamp="2019-08-04T20:35:41.322">
  <kickoff reason="threshold reached" targetBytes="6218254" thresholdFreeBytes="846817" remainingFree="790392" tenureFreeBytes="790392" />
</concurrent-kickoff>
<exclusive-start id="4127" timestamp="2019-08-04T20:35:41.322" intervalms="21.253">
  <response-info timems="0.021" idlems="0.021" threads="0" lastid="0000000000968F00" lastname="main" />
</exclusive-start>
<cycle-start id="4128" type="global" contextid="0" timestamp="2019-08-04T20:35:41.322" intervalms="20.580" />
  <attribute name="GC Util" value="632" />
  <attribute name="CPU Util" value="1897723061475" />
  <attribute name="Time Running"value="81557"/>
  <attribute name="Number of cores"value="16"/>
<exclusive-end id="4129" timestamp="2019-08-04T20:35:41.322" durationms="0.012" />

<exclusive-start id="4130" timestamp="2019-08-04T20:35:41.322" intervalms="0.136">
  <response-info timems="0.008" idlems="0.008" threads="0" lastid="0000000000968F00" lastname="main" />
</exclusive-start>
<af-start id="4131" threadId="0000000000969888" totalBytesRequested="32" timestamp="2019-08-04T20:35:41.322" intervalms="21.389" />
<concurrent-aborted id="4132" timestamp="2019-08-04T20:35:41.323">
  <reason value="insufficient progress made" />
</concurrent-aborted>
<cycle-end id="4133" type="global" contextid="4128" timestamp="2019-08-04T20:35:41.323">
  <attribute name="GC Util" value="82" />
  <attribute name="CPU Util" value="1686924121281" />
  <attribute name="Time Running"value="81568"/>
  <attribute name="Number of cores"value="16"/>
</cycle-end>
<cycle-start id="4134" type="global" contextid="0" timestamp="2019-08-04T20:35:41.323" intervalms="1.014" />
  <attribute name="GC Util" value="82" />
  <attribute name="CPU Util" value="1686924121281" />
  <attribute name="Time Running"value="81568"/>
  <attribute name="Number of cores"value="16"/>
<gc-start id="4135" type="global" contextid="4134" timestamp="2019-08-04T20:35:41.323">
  <mem-info id="4136" free="784384" total="78446592" percent="0">
    <mem type="tenure" free="784384" total="78446592" percent="0">
      <mem type="soa" free="0" total="77662208" percent="0" />
      <mem type="loa" free="784384" total="784384" percent="100" />
    </mem>
  </mem-info>
</gc-start>
<allocation-stats totalBytes="59675912" >
  <allocated-bytes non-tlh="0" tlh="59675912" />
  <largest-consumer threadName="main" threadId="0000000000968F00" bytes="59675912" />
</allocation-stats>
<gc-op id="4137" type="mark" timems="8.775" contextid="4134" timestamp="2019-08-04T20:35:41.332">
  <trace-info objectcount="596238" scancount="517228" scanbytes="13273312" />
  <finalization candidates="80" enqueued="0" />
  <ownableSynchronizers candidates="21" cleared="0" />
  <references type="soft" candidates="1849" cleared="0" enqueued="0" dynamicThreshold="19" maxThreshold="32" />
  <references type="weak" candidates="5746" cleared="0" enqueued="0" />
  <references type="phantom" candidates="97" cleared="0" enqueued="0" />
  <stringconstants candidates="13260" cleared="0"  />
</gc-op>
<gc-op id="4138" type="sweep" timems="1.052" contextid="4134" timestamp="2019-08-04T20:35:41.333" />
<gc-end id="4139" type="global" contextid="4134" durationms="9.929" usertimems="61.614" systemtimems="0.000" timestamp="2019-08-04T20:35:41.333" activeThreads="16">
  <mem-info id="4140" free="47809632" total="78446592" percent="60">
    <mem type="tenure" free="47809632" total="78446592" percent="60" micro-fragmented="2842">
      <mem type="soa" free="47025248" total="77662208" percent="60" />
      <mem type="loa" free="784384" total="784384" percent="100" />
    </mem>
  </mem-info>
</gc-end>
<cycle-end id="4141" type="global" contextid="4134" timestamp="2019-08-04T20:35:41.333">
  <attribute name="GC Util" value="606" />
  <attribute name="CPU Util" value="2090552310438" />
  <attribute name="Time Running"value="81577"/>
  <attribute name="Number of cores"value="16"/>
</cycle-end>
<allocation-satisfied id="4142" threadId="0000000000968F00" bytesRequested="32" />
<af-end id="4143" timestamp="2019-08-04T20:35:41.333" threadId="0000000000969888" success="true" />
<exclusive-end id="4144" timestamp="2019-08-04T20:35:41.333" durationms="10.917" />

* Round 2 done in 2.962 seconds.
<concurrent-kickoff id="4145" timestamp="2019-08-04T20:35:41.531">
  <kickoff reason="threshold reached" targetBytes="6218254" thresholdFreeBytes="846817" remainingFree="790616" tenureFreeBytes="790616" />
</concurrent-kickoff>
<exclusive-start id="4146" timestamp="2019-08-04T20:35:41.531" intervalms="209.642">
  <response-info timems="0.013" idlems="0.013" threads="0" lastid="0000000000968F00" lastname="main" />
</exclusive-start>
<cycle-start id="4147" type="global" contextid="0" timestamp="2019-08-04T20:35:41.531" intervalms="208.774" />
  <attribute name="GC Util" value="606" />
  <attribute name="CPU Util" value="2090552310438" />
  <attribute name="Time Running"value="81577"/>
  <attribute name="Number of cores"value="16"/>
<exclusive-end id="4148" timestamp="2019-08-04T20:35:41.531" durationms="0.022" />

<exclusive-start id="4149" timestamp="2019-08-04T20:35:41.532" intervalms="0.118">
  <response-info timems="0.007" idlems="0.007" threads="0" lastid="0000000000968F00" lastname="main" />
</exclusive-start>
<af-start id="4150" threadId="0000000000969888" totalBytesRequested="1168" timestamp="2019-08-04T20:35:41.532" intervalms="209.759" />
<concurrent-aborted id="4151" timestamp="2019-08-04T20:35:41.532">
  <reason value="insufficient progress made" />
</concurrent-aborted>
<cycle-end id="4152" type="global" contextid="4147" timestamp="2019-08-04T20:35:41.532">
  <attribute name="GC Util" value="4" />
  <attribute name="CPU Util" value="92214935496" />
  <attribute name="Time Running"value="81777"/>
  <attribute name="Number of cores"value="16"/>
</cycle-end>
<cycle-start id="4153" type="global" contextid="0" timestamp="2019-08-04T20:35:41.532" intervalms="0.989" />
  <attribute name="GC Util" value="4" />
  <attribute name="CPU Util" value="92214935496" />
  <attribute name="Time Running"value="81777"/>
  <attribute name="Number of cores"value="16"/>
<gc-start id="4154" type="global" contextid="4153" timestamp="2019-08-04T20:35:41.533">
  <mem-info id="4155" free="784384" total="78446592" percent="0">
    <mem type="tenure" free="784384" total="78446592" percent="0">
      <mem type="soa" free="0" total="77662208" percent="0" />
      <mem type="loa" free="784384" total="784384" percent="100" />
    </mem>
  </mem-info>
</gc-start>
<allocation-stats totalBytes="59746168" >
  <allocated-bytes non-tlh="0" tlh="59746168" />
  <largest-consumer threadName="main" threadId="0000000000968F00" bytes="59746168" />
</allocation-stats>
<gc-op id="4156" type="mark" timems="9.745" contextid="4153" timestamp="2019-08-04T20:35:41.542">
  <trace-info objectcount="596626" scancount="517627" scanbytes="13285764" />
  <finalization candidates="80" enqueued="0" />
  <ownableSynchronizers candidates="21" cleared="0" />
  <references type="soft" candidates="1855" cleared="0" enqueued="0" dynamicThreshold="19" maxThreshold="32" />
  <references type="weak" candidates="5746" cleared="0" enqueued="0" />
  <references type="phantom" candidates="97" cleared="0" enqueued="0" />
  <stringconstants candidates="13260" cleared="0"  />
</gc-op>
<gc-op id="4157" type="sweep" timems="1.155" contextid="4153" timestamp="2019-08-04T20:35:41.543" />
<gc-end id="4158" type="global" contextid="4153" durationms="10.999" usertimems="59.307" systemtimems="0.000" timestamp="2019-08-04T20:35:41.544" activeThreads="16">
  <mem-info id="4159" free="47788048" total="78446592" percent="60">
    <mem type="tenure" free="47788048" total="78446592" percent="60" micro-fragmented="19488">
      <mem type="soa" free="47003664" total="77662208" percent="60" />
      <mem type="loa" free="784384" total="784384" percent="100" />
    </mem>
  </mem-info>
</gc-end>
<cycle-end id="4160" type="global" contextid="4153" timestamp="2019-08-04T20:35:41.544">
  <attribute name="GC Util" value="514" />
  <attribute name="CPU Util" value="1883470207026" />
  <attribute name="Time Running"value="81788"/>
  <attribute name="Number of cores"value="16"/>
</cycle-end>
<allocation-satisfied id="4161" threadId="0000000000968F00" bytesRequested="1168" />
<af-end id="4162" timestamp="2019-08-04T20:35:41.544" threadId="0000000000969888" success="true" />
<exclusive-end id="4163" timestamp="2019-08-04T20:35:41.544" durationms="12.005" />

<concurrent-kickoff id="4164" timestamp="2019-08-04T20:35:41.550">
  <kickoff reason="threshold reached" targetBytes="6218254" thresholdFreeBytes="846817" remainingFree="784384" tenureFreeBytes="784384" />
</concurrent-kickoff>
<exclusive-start id="4165" timestamp="2019-08-04T20:35:41.550" intervalms="18.095">
  <response-info timems="0.027" idlems="0.027" threads="0" lastid="0000000000968F00" lastname="main" />
</exclusive-start>
<cycle-start id="4166" type="global" contextid="0" timestamp="2019-08-04T20:35:41.550" intervalms="17.216" />
  <attribute name="GC Util" value="514" />
  <attribute name="CPU Util" value="1883470207026" />
  <attribute name="Time Running"value="81788"/>
  <attribute name="Number of cores"value="16"/>
<exclusive-end id="4167" timestamp="2019-08-04T20:35:41.550" durationms="0.014" />

<exclusive-start id="4168" timestamp="2019-08-04T20:35:41.550" intervalms="0.042">
  <response-info timems="0.006" idlems="0.006" threads="0" lastid="0000000000968F00" lastname="main" />
</exclusive-start>
<af-start id="4169" threadId="0000000000969888" totalBytesRequested="1168" timestamp="2019-08-04T20:35:41.550" intervalms="18.131" />
<concurrent-aborted id="4170" timestamp="2019-08-04T20:35:41.551">
  <reason value="insufficient progress made" />
</concurrent-aborted>
<cycle-end id="4171" type="global" contextid="4166" timestamp="2019-08-04T20:35:41.551">
  <attribute name="GC Util" value="124" />
  <attribute name="CPU Util" value="2478953461442" />
  <attribute name="Time Running"value="81795"/>
  <attribute name="Number of cores"value="16"/>
</cycle-end>
<cycle-start id="4172" type="global" contextid="0" timestamp="2019-08-04T20:35:41.551" intervalms="0.877" />
  <attribute name="GC Util" value="124" />
  <attribute name="CPU Util" value="2478953461442" />
  <attribute name="Time Running"value="81795"/>
  <attribute name="Number of cores"value="16"/>
<gc-start id="4173" type="global" contextid="4172" timestamp="2019-08-04T20:35:41.551">
  <mem-info id="4174" free="784384" total="78446592" percent="0">
    <mem type="tenure" free="784384" total="78446592" percent="0">
      <mem type="soa" free="0" total="77662208" percent="0" />
      <mem type="loa" free="784384" total="784384" percent="100" />
    </mem>
  </mem-info>
</gc-start>
<allocation-stats totalBytes="59491816" >
  <allocated-bytes non-tlh="4672" tlh="59487144" />
  <largest-consumer threadName="main" threadId="0000000000968F00" bytes="59491816" />
</allocation-stats>
<gc-op id="4175" type="mark" timems="7.985" contextid="4172" timestamp="2019-08-04T20:35:41.559">
  <trace-info objectcount="596627" scancount="517629" scanbytes="13285788" />
  <finalization candidates="80" enqueued="0" />
  <ownableSynchronizers candidates="21" cleared="0" />
  <references type="soft" candidates="1855" cleared="0" enqueued="0" dynamicThreshold="19" maxThreshold="32" />
  <references type="weak" candidates="5746" cleared="0" enqueued="0" />
  <references type="phantom" candidates="97" cleared="0" enqueued="0" />
  <stringconstants candidates="13260" cleared="0"  />
</gc-op>
<gc-op id="4176" type="sweep" timems="1.171" contextid="4172" timestamp="2019-08-04T20:35:41.560" />
<gc-end id="4177" type="global" contextid="4172" durationms="9.266" usertimems="56.689" systemtimems="0.000" timestamp="2019-08-04T20:35:41.560" activeThreads="16">
  <mem-info id="4178" free="47784088" total="78446592" percent="60">
    <mem type="tenure" free="47784088" total="78446592" percent="60" micro-fragmented="19488">
      <mem type="soa" free="46999704" total="77662208" percent="60" />
      <mem type="loa" free="784384" total="784384" percent="100" />
    </mem>
  </mem-info>
</gc-end>
<cycle-end id="4179" type="global" contextid="4172" timestamp="2019-08-04T20:35:41.560">
  <attribute name="GC Util" value="609" />
  <attribute name="CPU Util" value="2294790017341" />
  <attribute name="Time Running"value="81804"/>
  <attribute name="Number of cores"value="16"/>
</cycle-end>
<allocation-satisfied id="4180" threadId="0000000000968F00" bytesRequested="1168" />
<af-end id="4181" timestamp="2019-08-04T20:35:41.560" threadId="0000000000969888" success="true" />
<exclusive-end id="4182" timestamp="2019-08-04T20:35:41.560" durationms="10.232" />

<concurrent-kickoff id="4183" timestamp="2019-08-04T20:35:41.566">
  <kickoff reason="threshold reached" targetBytes="6218254" thresholdFreeBytes="846817" remainingFree="794240" tenureFreeBytes="794240" />
</concurrent-kickoff>
<exclusive-start id="4184" timestamp="2019-08-04T20:35:41.566" intervalms="16.661">
  <response-info timems="0.024" idlems="0.024" threads="0" lastid="0000000000968F00" lastname="main" />
</exclusive-start>
<cycle-start id="4185" type="global" contextid="0" timestamp="2019-08-04T20:35:41.566" intervalms="15.825" />
  <attribute name="GC Util" value="609" />
  <attribute name="CPU Util" value="2294790017341" />
  <attribute name="Time Running"value="81804"/>
  <attribute name="Number of cores"value="16"/>
<exclusive-end id="4186" timestamp="2019-08-04T20:35:41.566" durationms="0.013" />

<exclusive-start id="4187" timestamp="2019-08-04T20:35:41.567" intervalms="0.133">
  <response-info timems="0.008" idlems="0.008" threads="0" lastid="0000000000968F00" lastname="main" />
</exclusive-start>
<af-start id="4188" threadId="0000000000969888" totalBytesRequested="1168" timestamp="2019-08-04T20:35:41.567" intervalms="16.801" />
<concurrent-aborted id="4189" timestamp="2019-08-04T20:35:41.567">
  <reason value="insufficient progress made" />
</concurrent-aborted>
<cycle-end id="4190" type="global" contextid="4185" timestamp="2019-08-04T20:35:41.567">
  <attribute name="GC Util" value="100" />
  <attribute name="CPU Util" value="2339354417307" />
  <attribute name="Time Running"value="81812"/>
  <attribute name="Number of cores"value="16"/>
</cycle-end>
<cycle-start id="4191" type="global" contextid="0" timestamp="2019-08-04T20:35:41.567" intervalms="0.752" />
  <attribute name="GC Util" value="100" />
  <attribute name="CPU Util" value="2339354417307" />
  <attribute name="Time Running"value="81812"/>
  <attribute name="Number of cores"value="16"/>
<gc-start id="4192" type="global" contextid="4191" timestamp="2019-08-04T20:35:41.567">
  <mem-info id="4193" free="784384" total="78446592" percent="0">
    <mem type="tenure" free="784384" total="78446592" percent="0">
      <mem type="soa" free="0" total="77662208" percent="0" />
      <mem type="loa" free="784384" total="784384" percent="100" />
    </mem>
  </mem-info>
</gc-start>
<allocation-stats totalBytes="59512744" >
  <allocated-bytes non-tlh="4672" tlh="59508072" />
  <largest-consumer threadName="main" threadId="0000000000968F00" bytes="59512744" />
</allocation-stats>
<gc-op id="4194" type="mark" timems="8.460" contextid="4191" timestamp="2019-08-04T20:35:41.576">
  <trace-info objectcount="596627" scancount="517628" scanbytes="13285788" />
  <finalization candidates="80" enqueued="0" />
  <ownableSynchronizers candidates="21" cleared="0" />
  <references type="soft" candidates="1855" cleared="0" enqueued="0" dynamicThreshold="19" maxThreshold="32" />
  <references type="weak" candidates="5746" cleared="0" enqueued="0" />
  <references type="phantom" candidates="97" cleared="0" enqueued="0" />
  <stringconstants candidates="13260" cleared="0"  />
</gc-op>
<gc-op id="4195" type="sweep" timems="1.630" contextid="4191" timestamp="2019-08-04T20:35:41.577" />
<gc-end id="4196" type="global" contextid="4191" durationms="10.202" usertimems="61.251" systemtimems="0.000" timestamp="2019-08-04T20:35:41.577" activeThreads="16">
  <mem-info id="4197" free="47780888" total="78446592" percent="60">
    <mem type="tenure" free="47780888" total="78446592" percent="60" micro-fragmented="19488">
      <mem type="soa" free="46996504" total="77662208" percent="60" />
      <mem type="loa" free="784384" total="784384" percent="100" />
    </mem>
  </mem-info>
</gc-end>
<cycle-end id="4198" type="global" contextid="4191" timestamp="2019-08-04T20:35:41.577">
  <attribute name="GC Util" value="616" />
  <attribute name="CPU Util" value="2161148826060" />
  <attribute name="Time Running"value="81821"/>
  <attribute name="Number of cores"value="16"/>
</cycle-end>
<allocation-satisfied id="4199" threadId="0000000000968F00" bytesRequested="1168" />
<af-end id="4200" timestamp="2019-08-04T20:35:41.578" threadId="0000000000969888" success="true" />
<exclusive-end id="4201" timestamp="2019-08-04T20:35:41.578" durationms="10.980" />

<concurrent-kickoff id="4202" timestamp="2019-08-04T20:35:41.584">
  <kickoff reason="threshold reached" targetBytes="6218254" thresholdFreeBytes="846817" remainingFree="839792" tenureFreeBytes="839792" />
</concurrent-kickoff>
<exclusive-start id="4203" timestamp="2019-08-04T20:35:41.584" intervalms="17.293">
  <response-info timems="0.029" idlems="0.029" threads="0" lastid="0000000000968F00" lastname="main" />
</exclusive-start>
<cycle-start id="4204" type="global" contextid="0" timestamp="2019-08-04T20:35:41.584" intervalms="16.674" />
  <attribute name="GC Util" value="616" />
  <attribute name="CPU Util" value="2161148826060" />
  <attribute name="Time Running"value="81821"/>
  <attribute name="Number of cores"value="16"/>
<exclusive-end id="4205" timestamp="2019-08-04T20:35:41.584" durationms="0.013" />

<exclusive-start id="4206" timestamp="2019-08-04T20:35:41.584" intervalms="0.035">
  <response-info timems="0.006" idlems="0.006" threads="0" lastid="0000000000968F00" lastname="main" />
</exclusive-start>
<af-start id="4207" threadId="0000000000969888" totalBytesRequested="1168" timestamp="2019-08-04T20:35:41.584" intervalms="17.328" />
<concurrent-aborted id="4208" timestamp="2019-08-04T20:35:41.585">
  <reason value="insufficient progress made" />
</concurrent-aborted>
<cycle-end id="4209" type="global" contextid="4204" timestamp="2019-08-04T20:35:41.585">
  <attribute name="GC Util" value="105" />
  <attribute name="CPU Util" value="2258292546512" />
  <attribute name="Time Running"value="81830"/>
  <attribute name="Number of cores"value="16"/>
</cycle-end>
<cycle-start id="4210" type="global" contextid="0" timestamp="2019-08-04T20:35:41.585" intervalms="0.726" />
  <attribute name="GC Util" value="105" />
  <attribute name="CPU Util" value="2258292546512" />
  <attribute name="Time Running"value="81830"/>
  <attribute name="Number of cores"value="16"/>
<gc-start id="4211" type="global" contextid="4210" timestamp="2019-08-04T20:35:41.585">
  <mem-info id="4212" free="784384" total="78446592" percent="0">
    <mem type="tenure" free="784384" total="78446592" percent="0">
      <mem type="soa" free="0" total="77662208" percent="0" />
      <mem type="loa" free="784384" total="784384" percent="100" />
    </mem>
  </mem-info>
</gc-start>
<allocation-stats totalBytes="59511536" >
  <allocated-bytes non-tlh="4672" tlh="59506864" />
  <largest-consumer threadName="main" threadId="0000000000968F00" bytes="59511536" />
</allocation-stats>
<gc-op id="4213" type="mark" timems="9.488" contextid="4210" timestamp="2019-08-04T20:35:41.594">
  <trace-info objectcount="596627" scancount="517630" scanbytes="13285788" />
  <finalization candidates="80" enqueued="0" />
  <ownableSynchronizers candidates="21" cleared="0" />
  <references type="soft" candidates="1855" cleared="0" enqueued="0" dynamicThreshold="19" maxThreshold="32" />
  <references type="weak" candidates="5746" cleared="0" enqueued="0" />
  <references type="phantom" candidates="97" cleared="0" enqueued="0" />
  <stringconstants candidates="13260" cleared="0"  />
</gc-op>
<gc-op id="4214" type="sweep" timems="1.378" contextid="4210" timestamp="2019-08-04T20:35:41.596" />
<gc-end id="4215" type="global" contextid="4210" durationms="10.988" usertimems="62.206" systemtimems="0.000" timestamp="2019-08-04T20:35:41.596" activeThreads="16">
  <mem-info id="4216" free="47778312" total="78446592" percent="60">
    <mem type="tenure" free="47778312" total="78446592" percent="60" micro-fragmented="19488">
      <mem type="soa" free="46993928" total="77662208" percent="60" />
      <mem type="loa" free="784384" total="784384" percent="100" />
    </mem>
  </mem-info>
</gc-end>
<cycle-end id="4217" type="global" contextid="4210" timestamp="2019-08-04T20:35:41.596">
  <attribute name="GC Util" value="589" />
  <attribute name="CPU Util" value="1934501318736" />
  <attribute name="Time Running"value="81840"/>
  <attribute name="Number of cores"value="16"/>
</cycle-end>
<allocation-satisfied id="4218" threadId="0000000000968F00" bytesRequested="1168" />
<af-end id="4219" timestamp="2019-08-04T20:35:41.596" threadId="0000000000969888" success="true" />
<exclusive-end id="4220" timestamp="2019-08-04T20:35:41.596" durationms="11.832" />

<concurrent-kickoff id="4221" timestamp="2019-08-04T20:35:41.602">
  <kickoff reason="threshold reached" targetBytes="6218254" thresholdFreeBytes="846817" remainingFree="822968" tenureFreeBytes="822968" />
</concurrent-kickoff>
<exclusive-start id="4222" timestamp="2019-08-04T20:35:41.602" intervalms="18.089">
  <response-info timems="0.027" idlems="0.027" threads="0" lastid="0000000000968F00" lastname="main" />
</exclusive-start>
<cycle-start id="4223" type="global" contextid="0" timestamp="2019-08-04T20:35:41.602" intervalms="17.400" />
  <attribute name="GC Util" value="589" />
  <attribute name="CPU Util" value="1934501318736" />
  <attribute name="Time Running"value="81840"/>
  <attribute name="Number of cores"value="16"/>
<exclusive-end id="4224" timestamp="2019-08-04T20:35:41.602" durationms="0.017" />

<exclusive-start id="4225" timestamp="2019-08-04T20:35:41.602" intervalms="0.043">
  <response-info timems="0.007" idlems="0.007" threads="0" lastid="0000000000968F00" lastname="main" />
</exclusive-start>
<af-start id="4226" threadId="0000000000969888" totalBytesRequested="1168" timestamp="2019-08-04T20:35:41.602" intervalms="18.131" />
<concurrent-aborted id="4227" timestamp="2019-08-04T20:35:41.603">
  <reason value="insufficient progress made" />
</concurrent-aborted>
<cycle-end id="4228" type="global" contextid="4223" timestamp="2019-08-04T20:35:41.603">
  <attribute name="GC Util" value="78" />
  <attribute name="CPU Util" value="2345559646275" />
  <attribute name="Time Running"value="81848"/>
  <attribute name="Number of cores"value="16"/>
</cycle-end>
<cycle-start id="4229" type="global" contextid="0" timestamp="2019-08-04T20:35:41.603" intervalms="0.994" />
  <attribute name="GC Util" value="78" />
  <attribute name="CPU Util" value="2345559646275" />
  <attribute name="Time Running"value="81848"/>
  <attribute name="Number of cores"value="16"/>
<gc-start id="4230" type="global" contextid="4229" timestamp="2019-08-04T20:35:41.603">
  <mem-info id="4231" free="784384" total="78446592" percent="0">
    <mem type="tenure" free="784384" total="78446592" percent="0">
      <mem type="soa" free="0" total="77662208" percent="0" />
      <mem type="loa" free="784384" total="784384" percent="100" />
    </mem>
  </mem-info>
</gc-start>
<allocation-stats totalBytes="59512768" >
  <allocated-bytes non-tlh="5840" tlh="59506928" />
  <largest-consumer threadName="main" threadId="0000000000968F00" bytes="59512768" />
</allocation-stats>
<gc-op id="4232" type="mark" timems="8.862" contextid="4229" timestamp="2019-08-04T20:35:41.612">
  <trace-info objectcount="596627" scancount="517628" scanbytes="13285788" />
  <finalization candidates="80" enqueued="0" />
  <ownableSynchronizers candidates="21" cleared="0" />
  <references type="soft" candidates="1855" cleared="0" enqueued="0" dynamicThreshold="19" maxThreshold="32" />
  <references type="weak" candidates="5746" cleared="0" enqueued="0" />
  <references type="phantom" candidates="97" cleared="0" enqueued="0" />
  <stringconstants candidates="13260" cleared="0"  />
</gc-op>
<gc-op id="4233" type="sweep" timems="1.336" contextid="4229" timestamp="2019-08-04T20:35:41.613" />
<gc-end id="4234" type="global" contextid="4229" durationms="10.321" usertimems="64.686" systemtimems="0.000" timestamp="2019-08-04T20:35:41.613" activeThreads="16">
  <mem-info id="4235" free="47776312" total="78446592" percent="60">
    <mem type="tenure" free="47776312" total="78446592" percent="60" micro-fragmented="19488">
      <mem type="soa" free="46991928" total="77662208" percent="60" />
      <mem type="loa" free="784384" total="784384" percent="100" />
    </mem>
  </mem-info>
</gc-end>
<cycle-end id="4236" type="global" contextid="4229" timestamp="2019-08-04T20:35:41.613">
  <attribute name="GC Util" value="636" />
  <attribute name="CPU Util" value="2107386588151" />
  <attribute name="Time Running"value="81858"/>
  <attribute name="Number of cores"value="16"/>
</cycle-end>
<allocation-satisfied id="4237" threadId="0000000000968F00" bytesRequested="1168" />
<af-end id="4238" timestamp="2019-08-04T20:35:41.613" threadId="0000000000969888" success="true" />
<exclusive-end id="4239" timestamp="2019-08-04T20:35:41.613" durationms="11.423" />

<concurrent-kickoff id="4240" timestamp="2019-08-04T20:35:41.620">
  <kickoff reason="threshold reached" targetBytes="6218254" thresholdFreeBytes="846817" remainingFree="806560" tenureFreeBytes="806560" />
</concurrent-kickoff>
<exclusive-start id="4241" timestamp="2019-08-04T20:35:41.620" intervalms="17.833">
  <response-info timems="0.022" idlems="0.022" threads="0" lastid="0000000000968F00" lastname="main" />
</exclusive-start>
<cycle-start id="4242" type="global" contextid="0" timestamp="2019-08-04T20:35:41.620" intervalms="16.884" />
  <attribute name="GC Util" value="636" />
  <attribute name="CPU Util" value="2107386588151" />
  <attribute name="Time Running"value="81858"/>
  <attribute name="Number of cores"value="16"/>
<exclusive-end id="4243" timestamp="2019-08-04T20:35:41.620" durationms="0.019" />

<exclusive-start id="4244" timestamp="2019-08-04T20:35:41.620" intervalms="0.148">
  <response-info timems="0.007" idlems="0.007" threads="0" lastid="0000000000968F00" lastname="main" />
</exclusive-start>
<af-start id="4245" threadId="0000000000969888" totalBytesRequested="1168" timestamp="2019-08-04T20:35:41.620" intervalms="17.986" />
<concurrent-aborted id="4246" timestamp="2019-08-04T20:35:41.621">
  <reason value="insufficient progress made" />
</concurrent-aborted>
<cycle-end id="4247" type="global" contextid="4242" timestamp="2019-08-04T20:35:41.621">
  <attribute name="GC Util" value="114" />
  <attribute name="CPU Util" value="2283687674494" />
  <attribute name="Time Running"value="81866"/>
  <attribute name="Number of cores"value="16"/>
</cycle-end>
<cycle-start id="4248" type="global" contextid="0" timestamp="2019-08-04T20:35:41.621" intervalms="0.858" />
  <attribute name="GC Util" value="114" />
  <attribute name="CPU Util" value="2283687674494" />
  <attribute name="Time Running"value="81866"/>
  <attribute name="Number of cores"value="16"/>
<gc-start id="4249" type="global" contextid="4248" timestamp="2019-08-04T20:35:41.621">
  <mem-info id="4250" free="784384" total="78446592" percent="0">
    <mem type="tenure" free="784384" total="78446592" percent="0">
      <mem type="soa" free="0" total="77662208" percent="0" />
      <mem type="loa" free="784384" total="784384" percent="100" />
    </mem>
  </mem-info>
</gc-start>
<allocation-stats totalBytes="59511536" >
  <allocated-bytes non-tlh="4672" tlh="59506864" />
  <largest-consumer threadName="main" threadId="0000000000968F00" bytes="59511536" />
</allocation-stats>
<gc-op id="4251" type="mark" timems="9.090" contextid="4248" timestamp="2019-08-04T20:35:41.630">
  <trace-info objectcount="596627" scancount="517612" scanbytes="13285788" />
  <finalization candidates="80" enqueued="0" />
  <ownableSynchronizers candidates="21" cleared="0" />
  <references type="soft" candidates="1855" cleared="0" enqueued="0" dynamicThreshold="19" maxThreshold="32" />
  <references type="weak" candidates="5746" cleared="0" enqueued="0" />
  <references type="phantom" candidates="97" cleared="0" enqueued="0" />
  <stringconstants candidates="13260" cleared="0"  />
</gc-op>
<gc-op id="4252" type="sweep" timems="2.017" contextid="4248" timestamp="2019-08-04T20:35:41.632" />
<gc-end id="4253" type="global" contextid="4248" durationms="11.228" usertimems="65.662" systemtimems="0.000" timestamp="2019-08-04T20:35:41.632" activeThreads="16">
  <mem-info id="4254" free="47774656" total="78446592" percent="60">
    <mem type="tenure" free="47774656" total="78446592" percent="60" micro-fragmented="19488">
      <mem type="soa" free="46990272" total="77662208" percent="60" />
      <mem type="loa" free="784384" total="784384" percent="100" />
    </mem>
  </mem-info>
</gc-end>
<cycle-end id="4255" type="global" contextid="4248" timestamp="2019-08-04T20:35:41.632">
  <attribute name="GC Util" value="598" />
  <attribute name="CPU Util" value="2020361054977" />
  <attribute name="Time Running"value="81876"/>
  <attribute name="Number of cores"value="16"/>
</cycle-end>
<allocation-satisfied id="4256" threadId="0000000000968F00" bytesRequested="1168" />
<af-end id="4257" timestamp="2019-08-04T20:35:41.632" threadId="0000000000969888" success="true" />
<exclusive-end id="4258" timestamp="2019-08-04T20:35:41.632" durationms="12.071" />

<concurrent-kickoff id="4259" timestamp="2019-08-04T20:35:41.638">
  <kickoff reason="threshold reached" targetBytes="6218254" thresholdFreeBytes="846817" remainingFree="808088" tenureFreeBytes="808088" />
</concurrent-kickoff>
<exclusive-start id="4260" timestamp="2019-08-04T20:35:41.638" intervalms="18.354">
  <response-info timems="0.025" idlems="0.025" threads="0" lastid="0000000000968F00" lastname="main" />
</exclusive-start>
<cycle-start id="4261" type="global" contextid="0" timestamp="2019-08-04T20:35:41.638" intervalms="17.650" />
  <attribute name="GC Util" value="598" />
  <attribute name="CPU Util" value="2020361054977" />
  <attribute name="Time Running"value="81876"/>
  <attribute name="Number of cores"value="16"/>
<exclusive-end id="4262" timestamp="2019-08-04T20:35:41.638" durationms="0.025" />

<exclusive-start id="4263" timestamp="2019-08-04T20:35:41.639" intervalms="0.190">
  <response-info timems="0.010" idlems="0.010" threads="0" lastid="0000000000968F00" lastname="main" />
</exclusive-start>
<af-start id="4264" threadId="0000000000969888" totalBytesRequested="1168" timestamp="2019-08-04T20:35:41.639" intervalms="18.539" />
<concurrent-aborted id="4265" timestamp="2019-08-04T20:35:41.639">
  <reason value="insufficient progress made" />
</concurrent-aborted>
<cycle-end id="4266" type="global" contextid="4261" timestamp="2019-08-04T20:35:41.639">
  <attribute name="GC Util" value="129" />
  <attribute name="CPU Util" value="2127740853436" />
  <attribute name="Time Running"value="81884"/>
  <attribute name="Number of cores"value="16"/>
</cycle-end>
<cycle-start id="4267" type="global" contextid="0" timestamp="2019-08-04T20:35:41.639" intervalms="0.982" />
  <attribute name="GC Util" value="129" />
  <attribute name="CPU Util" value="2127740853436" />
  <attribute name="Time Running"value="81884"/>
  <attribute name="Number of cores"value="16"/>
<gc-start id="4268" type="global" contextid="4267" timestamp="2019-08-04T20:35:41.639">
  <mem-info id="4269" free="784384" total="78446592" percent="0">
    <mem type="tenure" free="784384" total="78446592" percent="0">
      <mem type="soa" free="0" total="77662208" percent="0" />
      <mem type="loa" free="784384" total="784384" percent="100" />
    </mem>
  </mem-info>
</gc-start>
<allocation-stats totalBytes="59512744" >
  <allocated-bytes non-tlh="4672" tlh="59508072" />
  <largest-consumer threadName="main" threadId="0000000000968F00" bytes="59512744" />
</allocation-stats>
<gc-op id="4270" type="mark" timems="15.426" contextid="4267" timestamp="2019-08-04T20:35:41.655">
  <trace-info objectcount="596627" scancount="517631" scanbytes="13285788" />
  <finalization candidates="80" enqueued="0" />
  <ownableSynchronizers candidates="21" cleared="0" />
  <references type="soft" candidates="1855" cleared="0" enqueued="0" dynamicThreshold="19" maxThreshold="32" />
  <references type="weak" candidates="5746" cleared="0" enqueued="0" />
  <references type="phantom" candidates="97" cleared="0" enqueued="0" />
  <stringconstants candidates="13260" cleared="0"  />
</gc-op>
<gc-op id="4271" type="sweep" timems="1.992" contextid="4267" timestamp="2019-08-04T20:35:41.657" />
<gc-end id="4272" type="global" contextid="4267" durationms="17.540" usertimems="130.007" systemtimems="0.000" timestamp="2019-08-04T20:35:41.657" activeThreads="16">
  <mem-info id="4273" free="47773384" total="78446592" percent="60">
    <mem type="tenure" free="47773384" total="78446592" percent="60" micro-fragmented="19488">
      <mem type="soa" free="46989000" total="77662208" percent="60" />
      <mem type="loa" free="784384" total="784384" percent="100" />
    </mem>
  </mem-info>
</gc-end>
<cycle-end id="4274" type="global" contextid="4267" timestamp="2019-08-04T20:35:41.657">
  <attribute name="GC Util" value="713" />
  <attribute name="CPU Util" value="1193238734129" />
  <attribute name="Time Running"value="81901"/>
  <attribute name="Number of cores"value="16"/>
</cycle-end>
<allocation-satisfied id="4275" threadId="0000000000968F00" bytesRequested="1168" />
<af-end id="4276" timestamp="2019-08-04T20:35:41.657" threadId="0000000000969888" success="true" />
<exclusive-end id="4277" timestamp="2019-08-04T20:35:41.657" durationms="18.481" />

<concurrent-kickoff id="4278" timestamp="2019-08-04T20:35:41.663">
  <kickoff reason="threshold reached" targetBytes="6218254" thresholdFreeBytes="846817" remainingFree="836072" tenureFreeBytes="836072" />
</concurrent-kickoff>
<exclusive-start id="4279" timestamp="2019-08-04T20:35:41.663" intervalms="24.936">
  <response-info timems="0.026" idlems="0.026" threads="0" lastid="0000000000968F00" lastname="main" />
</exclusive-start>
<cycle-start id="4280" type="global" contextid="0" timestamp="2019-08-04T20:35:41.663" intervalms="24.155" />
  <attribute name="GC Util" value="713" />
  <attribute name="CPU Util" value="1193238734129" />
  <attribute name="Time Running"value="81901"/>
  <attribute name="Number of cores"value="16"/>
<exclusive-end id="4281" timestamp="2019-08-04T20:35:41.663" durationms="0.036" />

<exclusive-start id="4282" timestamp="2019-08-04T20:35:41.664" intervalms="0.060">
  <response-info timems="0.009" idlems="0.009" threads="0" lastid="0000000000968F00" lastname="main" />
</exclusive-start>
<af-start id="4283" threadId="0000000000969888" totalBytesRequested="1168" timestamp="2019-08-04T20:35:41.664" intervalms="24.996" />
<concurrent-aborted id="4284" timestamp="2019-08-04T20:35:41.664">
  <reason value="insufficient progress made" />
</concurrent-aborted>
<cycle-end id="4285" type="global" contextid="4280" timestamp="2019-08-04T20:35:41.664">
  <attribute name="GC Util" value="197" />
  <attribute name="CPU Util" value="2121437448325" />
  <attribute name="Time Running"value="81909"/>
  <attribute name="Number of cores"value="16"/>
</cycle-end>
<cycle-start id="4286" type="global" contextid="0" timestamp="2019-08-04T20:35:41.664" intervalms="0.630" />
  <attribute name="GC Util" value="197" />
  <attribute name="CPU Util" value="2121437448325" />
  <attribute name="Time Running"value="81909"/>
  <attribute name="Number of cores"value="16"/>
<gc-start id="4287" type="global" contextid="4286" timestamp="2019-08-04T20:35:41.664">
  <mem-info id="4288" free="784384" total="78446592" percent="0">
    <mem type="tenure" free="784384" total="78446592" percent="0">
      <mem type="soa" free="0" total="77662208" percent="0" />
      <mem type="loa" free="784384" total="784384" percent="100" />
    </mem>
  </mem-info>
</gc-start>
<allocation-stats totalBytes="59510304" >
  <allocated-bytes non-tlh="4672" tlh="59505632" />
  <largest-consumer threadName="main" threadId="0000000000968F00" bytes="59510304" />
</allocation-stats>
<gc-op id="4289" type="mark" timems="11.846" contextid="4286" timestamp="2019-08-04T20:35:41.676">
  <trace-info objectcount="596627" scancount="517627" scanbytes="13285788" />
  <finalization candidates="80" enqueued="0" />
  <ownableSynchronizers candidates="21" cleared="0" />
  <references type="soft" candidates="1855" cleared="0" enqueued="0" dynamicThreshold="19" maxThreshold="32" />
  <references type="weak" candidates="5746" cleared="0" enqueued="0" />
  <references type="phantom" candidates="97" cleared="0" enqueued="0" />
  <stringconstants candidates="13260" cleared="0"  />
</gc-op>
<gc-op id="4290" type="sweep" timems="0.988" contextid="4286" timestamp="2019-08-04T20:35:41.677" />
<gc-end id="4291" type="global" contextid="4286" durationms="12.940" usertimems="83.386" systemtimems="0.000" timestamp="2019-08-04T20:35:41.677" activeThreads="16">
  <mem-info id="4292" free="47772312" total="78446592" percent="60">
    <mem type="tenure" free="47772312" total="78446592" percent="60" micro-fragmented="19488">
      <mem type="soa" free="46987928" total="77662208" percent="60" />
      <mem type="loa" free="784384" total="784384" percent="100" />
    </mem>
  </mem-info>
</gc-end>
<cycle-end id="4293" type="global" contextid="4286" timestamp="2019-08-04T20:35:41.677">
  <attribute name="GC Util" value="606" />
  <attribute name="CPU Util" value="1551278507949" />
  <attribute name="Time Running"value="81922"/>
  <attribute name="Number of cores"value="16"/>
</cycle-end>
<allocation-satisfied id="4294" threadId="0000000000968F00" bytesRequested="1168" />
<af-end id="4295" timestamp="2019-08-04T20:35:41.677" threadId="0000000000969888" success="true" />
<exclusive-end id="4296" timestamp="2019-08-04T20:35:41.677" durationms="13.672" />

<concurrent-kickoff id="4297" timestamp="2019-08-04T20:35:41.683">
  <kickoff reason="threshold reached" targetBytes="6218254" thresholdFreeBytes="846817" remainingFree="818008" tenureFreeBytes="818008" />
</concurrent-kickoff>
<exclusive-start id="4298" timestamp="2019-08-04T20:35:41.683" intervalms="19.861">
  <response-info timems="0.020" idlems="0.020" threads="0" lastid="0000000000968F00" lastname="main" />
</exclusive-start>
<cycle-start id="4299" type="global" contextid="0" timestamp="2019-08-04T20:35:41.683" intervalms="19.270" />
  <attribute name="GC Util" value="606" />
  <attribute name="CPU Util" value="1551278507949" />
  <attribute name="Time Running"value="81922"/>
  <attribute name="Number of cores"value="16"/>
<exclusive-end id="4300" timestamp="2019-08-04T20:35:41.683" durationms="0.013" />

<exclusive-start id="4301" timestamp="2019-08-04T20:35:41.684" intervalms="0.140">
  <response-info timems="0.009" idlems="0.009" threads="0" lastid="0000000000968F00" lastname="main" />
</exclusive-start>
<af-start id="4302" threadId="0000000000969888" totalBytesRequested="1168" timestamp="2019-08-04T20:35:41.684" intervalms="20.004" />
<concurrent-aborted id="4303" timestamp="2019-08-04T20:35:41.684">
  <reason value="insufficient progress made" />
</concurrent-aborted>
<cycle-end id="4304" type="global" contextid="4299" timestamp="2019-08-04T20:35:41.684">
  <attribute name="GC Util" value="152" />
  <attribute name="CPU Util" value="2461371058410" />
  <attribute name="Time Running"value="81929"/>
  <attribute name="Number of cores"value="16"/>
</cycle-end>
<cycle-start id="4305" type="global" contextid="0" timestamp="2019-08-04T20:35:41.684" intervalms="0.746" />
  <attribute name="GC Util" value="152" />
  <attribute name="CPU Util" value="2461371058410" />
  <attribute name="Time Running"value="81929"/>
  <attribute name="Number of cores"value="16"/>
<gc-start id="4306" type="global" contextid="4305" timestamp="2019-08-04T20:35:41.684">
  <mem-info id="4307" free="784384" total="78446592" percent="0">
    <mem type="tenure" free="784384" total="78446592" percent="0">
      <mem type="soa" free="0" total="77662208" percent="0" />
      <mem type="loa" free="784384" total="784384" percent="100" />
    </mem>
  </mem-info>
</gc-start>
<allocation-stats totalBytes="59514000" >
  <allocated-bytes non-tlh="4672" tlh="59509328" />
  <largest-consumer threadName="main" threadId="0000000000968F00" bytes="59514000" />
</allocation-stats>
<gc-op id="4308" type="mark" timems="9.461" contextid="4305" timestamp="2019-08-04T20:35:41.694">
  <trace-info objectcount="596627" scancount="517627" scanbytes="13285788" />
  <finalization candidates="80" enqueued="0" />
  <ownableSynchronizers candidates="21" cleared="0" />
  <references type="soft" candidates="1855" cleared="0" enqueued="0" dynamicThreshold="19" maxThreshold="32" />
  <references type="weak" candidates="5746" cleared="0" enqueued="0" />
  <references type="phantom" candidates="97" cleared="0" enqueued="0" />
  <stringconstants candidates="13260" cleared="0"  />
</gc-op>
<gc-op id="4309" type="sweep" timems="1.382" contextid="4305" timestamp="2019-08-04T20:35:41.695" />
<gc-end id="4310" type="global" contextid="4305" durationms="10.977" usertimems="58.532" systemtimems="0.000" timestamp="2019-08-04T20:35:41.695" activeThreads="16">
  <mem-info id="4311" free="47771504" total="78446592" percent="60">
    <mem type="tenure" free="47771504" total="78446592" percent="60" micro-fragmented="19488">
      <mem type="soa" free="46987120" total="77662208" percent="60" />
      <mem type="loa" free="784384" total="784384" percent="100" />
    </mem>
  </mem-info>
</gc-end>
<cycle-end id="4312" type="global" contextid="4305" timestamp="2019-08-04T20:35:41.695">
  <attribute name="GC Util" value="506" />
  <attribute name="CPU Util" value="1934712119694" />
  <attribute name="Time Running"value="81939"/>
  <attribute name="Number of cores"value="16"/>
</cycle-end>
<allocation-satisfied id="4313" threadId="0000000000968F00" bytesRequested="1168" />
<af-end id="4314" timestamp="2019-08-04T20:35:41.695" threadId="0000000000969888" success="true" />
<exclusive-end id="4315" timestamp="2019-08-04T20:35:41.695" durationms="11.774" />

<concurrent-kickoff id="4316" timestamp="2019-08-04T20:35:41.701">
  <kickoff reason="threshold reached" targetBytes="6218254" thresholdFreeBytes="846817" remainingFree="801640" tenureFreeBytes="801640" />
</concurrent-kickoff>
<exclusive-start id="4317" timestamp="2019-08-04T20:35:41.701" intervalms="17.937">
  <response-info timems="0.022" idlems="0.022" threads="0" lastid="0000000000968F00" lastname="main" />
</exclusive-start>
<cycle-start id="4318" type="global" contextid="0" timestamp="2019-08-04T20:35:41.701" intervalms="17.338" />
  <attribute name="GC Util" value="506" />
  <attribute name="CPU Util" value="1934712119694" />
  <attribute name="Time Running"value="81939"/>
  <attribute name="Number of cores"value="16"/>
<exclusive-end id="4319" timestamp="2019-08-04T20:35:41.701" durationms="0.025" />

<exclusive-start id="4320" timestamp="2019-08-04T20:35:41.702" intervalms="0.149">
  <response-info timems="0.007" idlems="0.007" threads="0" lastid="0000000000968F00" lastname="main" />
</exclusive-start>
<af-start id="4321" threadId="0000000000969888" totalBytesRequested="1168" timestamp="2019-08-04T20:35:41.702" intervalms="18.091" />
<concurrent-aborted id="4322" timestamp="2019-08-04T20:35:41.703">
  <reason value="insufficient progress made" />
</concurrent-aborted>
<cycle-end id="4323" type="global" contextid="4318" timestamp="2019-08-04T20:35:41.703">
  <attribute name="GC Util" value="131" />
  <attribute name="CPU Util" value="2338641138767" />
  <attribute name="Time Running"value="81947"/>
  <attribute name="Number of cores"value="16"/>
</cycle-end>
<cycle-start id="4324" type="global" contextid="0" timestamp="2019-08-04T20:35:41.703" intervalms="1.087" />
  <attribute name="GC Util" value="131" />
  <attribute name="CPU Util" value="2338641138767" />
  <attribute name="Time Running"value="81947"/>
  <attribute name="Number of cores"value="16"/>
<gc-start id="4325" type="global" contextid="4324" timestamp="2019-08-04T20:35:41.703">
  <mem-info id="4326" free="784384" total="78446592" percent="0">
    <mem type="tenure" free="784384" total="78446592" percent="0">
      <mem type="soa" free="0" total="77662208" percent="0" />
      <mem type="loa" free="784384" total="784384" percent="100" />
    </mem>
  </mem-info>
</gc-start>
<allocation-stats totalBytes="59511536" >
  <allocated-bytes non-tlh="4672" tlh="59506864" />
  <largest-consumer threadName="main" threadId="0000000000968F00" bytes="59511536" />
</allocation-stats>
<gc-op id="4327" type="mark" timems="8.938" contextid="4324" timestamp="2019-08-04T20:35:41.712">
  <trace-info objectcount="596627" scancount="517630" scanbytes="13285788" />
  <finalization candidates="80" enqueued="0" />
  <ownableSynchronizers candidates="21" cleared="0" />
  <references type="soft" candidates="1855" cleared="0" enqueued="0" dynamicThreshold="19" maxThreshold="32" />
  <references type="weak" candidates="5746" cleared="0" enqueued="0" />
  <references type="phantom" candidates="97" cleared="0" enqueued="0" />
  <stringconstants candidates="13260" cleared="0"  />
</gc-op>
<gc-op id="4328" type="sweep" timems="1.287" contextid="4324" timestamp="2019-08-04T20:35:41.713" />
<gc-end id="4329" type="global" contextid="4324" durationms="10.347" usertimems="62.916" systemtimems="0.000" timestamp="2019-08-04T20:35:41.713" activeThreads="16">
  <mem-info id="4330" free="47770816" total="78446592" percent="60">
    <mem type="tenure" free="47770816" total="78446592" percent="60" micro-fragmented="19488">
      <mem type="soa" free="46986432" total="77662208" percent="60" />
      <mem type="loa" free="784384" total="784384" percent="100" />
    </mem>
  </mem-info>
</gc-end>
<cycle-end id="4331" type="global" contextid="4324" timestamp="2019-08-04T20:35:41.713">
  <attribute name="GC Util" value="602" />
  <attribute name="CPU Util" value="2052171394714" />
  <attribute name="Time Running"value="81957"/>
  <attribute name="Number of cores"value="16"/>
</cycle-end>
<allocation-satisfied id="4332" threadId="0000000000968F00" bytesRequested="1168" />
<af-end id="4333" timestamp="2019-08-04T20:35:41.713" threadId="0000000000969888" success="true" />
<exclusive-end id="4334" timestamp="2019-08-04T20:35:41.713" durationms="11.436" />

<concurrent-kickoff id="4335" timestamp="2019-08-04T20:35:41.719">
  <kickoff reason="threshold reached" targetBytes="6218254" thresholdFreeBytes="846817" remainingFree="802752" tenureFreeBytes="802752" />
</concurrent-kickoff>
<exclusive-start id="4336" timestamp="2019-08-04T20:35:41.719" intervalms="17.568">
  <response-info timems="0.022" idlems="0.022" threads="0" lastid="0000000000968F00" lastname="main" />
</exclusive-start>
<cycle-start id="4337" type="global" contextid="0" timestamp="2019-08-04T20:35:41.719" intervalms="16.625" />
  <attribute name="GC Util" value="602" />
  <attribute name="CPU Util" value="2052171394714" />
  <attribute name="Time Running"value="81957"/>
  <attribute name="Number of cores"value="16"/>
<exclusive-end id="4338" timestamp="2019-08-04T20:35:41.719" durationms="0.038" />

<exclusive-start id="4339" timestamp="2019-08-04T20:35:41.719" intervalms="0.167">
  <response-info timems="0.007" idlems="0.007" threads="0" lastid="0000000000968F00" lastname="main" />
</exclusive-start>
<af-start id="4340" threadId="0000000000969888" totalBytesRequested="1168" timestamp="2019-08-04T20:35:41.719" intervalms="17.737" />
<concurrent-aborted id="4341" timestamp="2019-08-04T20:35:41.721">
  <reason value="insufficient progress made" />
</concurrent-aborted>
<cycle-end id="4342" type="global" contextid="4337" timestamp="2019-08-04T20:35:41.722">
  <attribute name="GC Util" value="118" />
  <attribute name="CPU Util" value="2368910670303" />
  <attribute name="Time Running"value="81965"/>
  <attribute name="Number of cores"value="16"/>
</cycle-end>
<cycle-start id="4343" type="global" contextid="0" timestamp="2019-08-04T20:35:41.722" intervalms="2.396" />
  <attribute name="GC Util" value="118" />
  <attribute name="CPU Util" value="2368910670303" />
  <attribute name="Time Running"value="81965"/>
  <attribute name="Number of cores"value="16"/>
<gc-start id="4344" type="global" contextid="4343" timestamp="2019-08-04T20:35:41.722">
  <mem-info id="4345" free="784384" total="78446592" percent="0">
    <mem type="tenure" free="784384" total="78446592" percent="0">
      <mem type="soa" free="0" total="77662208" percent="0" />
      <mem type="loa" free="784384" total="784384" percent="100" />
    </mem>
  </mem-info>
</gc-start>
<allocation-stats totalBytes="59511512" >
  <allocated-bytes non-tlh="4672" tlh="59506840" />
  <largest-consumer threadName="main" threadId="0000000000968F00" bytes="59511512" />
</allocation-stats>
<gc-op id="4346" type="mark" timems="8.448" contextid="4343" timestamp="2019-08-04T20:35:41.730">
  <trace-info objectcount="596609" scancount="517610" scanbytes="13285228" />
  <finalization candidates="80" enqueued="0" />
  <ownableSynchronizers candidates="21" cleared="0" />
  <references type="soft" candidates="1855" cleared="5" enqueued="5" dynamicThreshold="19" maxThreshold="32" />
  <references type="weak" candidates="5746" cleared="0" enqueued="0" />
  <references type="phantom" candidates="97" cleared="0" enqueued="0" />
  <stringconstants candidates="13260" cleared="0"  />
</gc-op>
<gc-op id="4347" type="sweep" timems="1.151" contextid="4343" timestamp="2019-08-04T20:35:41.732" />
<gc-end id="4348" type="global" contextid="4343" durationms="9.970" usertimems="49.741" systemtimems="0.000" timestamp="2019-08-04T20:35:41.732" activeThreads="16">
  <mem-info id="4349" free="47770256" total="78446592" percent="60">
    <mem type="tenure" free="47770256" total="78446592" percent="60" micro-fragmented="19488">
      <mem type="soa" free="46985872" total="77662208" percent="60" />
      <mem type="loa" free="784384" total="784384" percent="100" />
    </mem>
    <pending-finalizers system="0" default="0" reference="5" classloader="0" />
  </mem-info>
</gc-end>
<cycle-end id="4350" type="global" contextid="4343" timestamp="2019-08-04T20:35:41.732">
  <attribute name="GC Util" value="473" />
  <attribute name="CPU Util" value="2110035042276" />
  <attribute name="Time Running"value="81976"/>
  <attribute name="Number of cores"value="16"/>
</cycle-end>
<allocation-satisfied id="4351" threadId="0000000000968F00" bytesRequested="1168" />
<af-end id="4352" timestamp="2019-08-04T20:35:41.732" threadId="0000000000969888" success="true" />
<exclusive-end id="4353" timestamp="2019-08-04T20:35:41.732" durationms="12.328" />

<concurrent-kickoff id="4354" timestamp="2019-08-04T20:35:41.739">
  <kickoff reason="threshold reached" targetBytes="6218254" thresholdFreeBytes="846817" remainingFree="830320" tenureFreeBytes="830320" />
</concurrent-kickoff>
<exclusive-start id="4355" timestamp="2019-08-04T20:35:41.739" intervalms="19.584">
  <response-info timems="0.028" idlems="0.028" threads="0" lastid="0000000000968F00" lastname="main" />
</exclusive-start>
<cycle-start id="4356" type="global" contextid="0" timestamp="2019-08-04T20:35:41.739" intervalms="17.374" />
  <attribute name="GC Util" value="473" />
  <attribute name="CPU Util" value="2110035042276" />
  <attribute name="Time Running"value="81976"/>
  <attribute name="Number of cores"value="16"/>
<exclusive-end id="4357" timestamp="2019-08-04T20:35:41.739" durationms="0.037" />

<exclusive-start id="4358" timestamp="2019-08-04T20:35:41.739" intervalms="0.176">
  <response-info timems="0.007" idlems="0.007" threads="0" lastid="0000000000968F00" lastname="main" />
</exclusive-start>
<af-start id="4359" threadId="0000000000969888" totalBytesRequested="1168" timestamp="2019-08-04T20:35:41.739" intervalms="19.752" />
<concurrent-aborted id="4360" timestamp="2019-08-04T20:35:41.740">
  <reason value="insufficient progress made" />
</concurrent-aborted>
<cycle-end id="4361" type="global" contextid="4356" timestamp="2019-08-04T20:35:41.740">
  <attribute name="GC Util" value="95" />
  <attribute name="CPU Util" value="2105799060945" />
  <attribute name="Time Running"value="81985"/>
  <attribute name="Number of cores"value="16"/>
</cycle-end>
<cycle-start id="4362" type="global" contextid="0" timestamp="2019-08-04T20:35:41.740" intervalms="0.692" />
  <attribute name="GC Util" value="95" />
  <attribute name="CPU Util" value="2105799060945" />
  <attribute name="Time Running"value="81985"/>
  <attribute name="Number of cores"value="16"/>
<gc-start id="4363" type="global" contextid="4362" timestamp="2019-08-04T20:35:41.740">
  <mem-info id="4364" free="784384" total="78446592" percent="0">
    <mem type="tenure" free="784384" total="78446592" percent="0">
      <mem type="soa" free="0" total="77662208" percent="0" />
      <mem type="loa" free="784384" total="784384" percent="100" />
    </mem>
  </mem-info>
</gc-start>
<allocation-stats totalBytes="59385272" >
  <allocated-bytes non-tlh="5840" tlh="59379432" />
  <largest-consumer threadName="main" threadId="0000000000968F00" bytes="59385272" />
</allocation-stats>
<gc-op id="4365" type="mark" timems="7.758" contextid="4362" timestamp="2019-08-04T20:35:41.747">
  <trace-info objectcount="596595" scancount="517616" scanbytes="13284728" />
  <finalization candidates="80" enqueued="0" />
  <ownableSynchronizers candidates="21" cleared="0" />
  <references type="soft" candidates="1850" cleared="0" enqueued="0" dynamicThreshold="19" maxThreshold="32" />
  <references type="weak" candidates="5746" cleared="0" enqueued="0" />
  <references type="phantom" candidates="97" cleared="0" enqueued="0" />
  <stringconstants candidates="13260" cleared="0"  />
</gc-op>
<gc-op id="4366" type="sweep" timems="1.042" contextid="4362" timestamp="2019-08-04T20:35:41.749" />
<gc-end id="4367" type="global" contextid="4362" durationms="8.909" usertimems="49.041" systemtimems="0.000" timestamp="2019-08-04T20:35:41.749" activeThreads="16">
  <mem-info id="4368" free="47770152" total="78446592" percent="60">
    <mem type="tenure" free="47770152" total="78446592" percent="60" micro-fragmented="19488">
      <mem type="soa" free="46985768" total="77662208" percent="60" />
      <mem type="loa" free="784384" total="784384" percent="100" />
    </mem>
  </mem-info>
</gc-end>
<cycle-end id="4369" type="global" contextid="4362" timestamp="2019-08-04T20:35:41.749">
  <attribute name="GC Util" value="529" />
  <attribute name="CPU Util" value="2362383864631" />
  <attribute name="Time Running"value="81993"/>
  <attribute name="Number of cores"value="16"/>
</cycle-end>
<allocation-satisfied id="4370" threadId="0000000000968F00" bytesRequested="1168" />
<af-end id="4371" timestamp="2019-08-04T20:35:41.749" threadId="0000000000969888" success="true" />
<exclusive-end id="4372" timestamp="2019-08-04T20:35:41.749" durationms="9.592" />

<concurrent-kickoff id="4373" timestamp="2019-08-04T20:35:41.755">
  <kickoff reason="threshold reached" targetBytes="6218254" thresholdFreeBytes="846817" remainingFree="784384" tenureFreeBytes="784384" />
</concurrent-kickoff>
<exclusive-start id="4374" timestamp="2019-08-04T20:35:41.755" intervalms="15.967">
  <response-info timems="0.024" idlems="0.024" threads="0" lastid="0000000000968F00" lastname="main" />
</exclusive-start>
<cycle-start id="4375" type="global" contextid="0" timestamp="2019-08-04T20:35:41.755" intervalms="15.438" />
  <attribute name="GC Util" value="529" />
  <attribute name="CPU Util" value="2362383864631" />
  <attribute name="Time Running"value="81993"/>
  <attribute name="Number of cores"value="16"/>
<exclusive-end id="4376" timestamp="2019-08-04T20:35:41.755" durationms="0.021" />

<exclusive-start id="4377" timestamp="2019-08-04T20:35:41.755" intervalms="0.045">
  <response-info timems="0.006" idlems="0.006" threads="0" lastid="0000000000968F00" lastname="main" />
</exclusive-start>
<af-start id="4378" threadId="0000000000969888" totalBytesRequested="1168" timestamp="2019-08-04T20:35:41.755" intervalms="16.005" />
<concurrent-aborted id="4379" timestamp="2019-08-04T20:35:41.756">
  <reason value="insufficient progress made" />
</concurrent-aborted>
<cycle-end id="4380" type="global" contextid="4375" timestamp="2019-08-04T20:35:41.756">
  <attribute name="GC Util" value="102" />
  <attribute name="CPU Util" value="2399162487787" />
  <attribute name="Time Running"value="82001"/>
  <attribute name="Number of cores"value="16"/>
</cycle-end>
<cycle-start id="4381" type="global" contextid="0" timestamp="2019-08-04T20:35:41.756" intervalms="0.781" />
  <attribute name="GC Util" value="102" />
  <attribute name="CPU Util" value="2399162487787" />
  <attribute name="Time Running"value="82001"/>
  <attribute name="Number of cores"value="16"/>
<gc-start id="4382" type="global" contextid="4381" timestamp="2019-08-04T20:35:41.756">
  <mem-info id="4383" free="784384" total="78446592" percent="0">
    <mem type="tenure" free="784384" total="78446592" percent="0">
      <mem type="soa" free="0" total="77662208" percent="0" />
      <mem type="loa" free="784384" total="784384" percent="100" />
    </mem>
  </mem-info>
</gc-start>
<allocation-stats totalBytes="59343360" >
  <allocated-bytes non-tlh="5840" tlh="59337520" />
  <largest-consumer threadName="main" threadId="0000000000968F00" bytes="59343360" />
</allocation-stats>
<gc-op id="4384" type="mark" timems="8.979" contextid="4381" timestamp="2019-08-04T20:35:41.765">
  <trace-info objectcount="596585" scancount="517593" scanbytes="13284640" />
  <finalization candidates="80" enqueued="0" />
  <ownableSynchronizers candidates="21" cleared="0" />
  <references type="soft" candidates="1850" cleared="1" enqueued="0" dynamicThreshold="19" maxThreshold="32" />
  <references type="weak" candidates="5746" cleared="0" enqueued="0" />
  <references type="phantom" candidates="97" cleared="0" enqueued="0" />
  <stringconstants candidates="13260" cleared="0"  />
</gc-op>
<gc-op id="4385" type="sweep" timems="1.046" contextid="4381" timestamp="2019-08-04T20:35:41.766" />
<gc-end id="4386" type="global" contextid="4381" durationms="10.136" usertimems="51.431" systemtimems="0.000" timestamp="2019-08-04T20:35:41.766" activeThreads="16">
  <mem-info id="4387" free="47770080" total="78446592" percent="60">
    <mem type="tenure" free="47770080" total="78446592" percent="60" micro-fragmented="19488">
      <mem type="soa" free="46985696" total="77662208" percent="60" />
      <mem type="loa" free="784384" total="784384" percent="100" />
    </mem>
  </mem-info>
</gc-end>
<cycle-end id="4388" type="global" contextid="4381" timestamp="2019-08-04T20:35:41.766">
  <attribute name="GC Util" value="489" />
  <attribute name="CPU Util" value="2045603262637" />
  <attribute name="Time Running"value="82011"/>
  <attribute name="Number of cores"value="16"/>
</cycle-end>
<allocation-satisfied id="4389" threadId="0000000000968F00" bytesRequested="1168" />
<af-end id="4390" timestamp="2019-08-04T20:35:41.766" threadId="0000000000969888" success="true" />
<exclusive-end id="4391" timestamp="2019-08-04T20:35:41.766" durationms="11.019" />

<concurrent-kickoff id="4392" timestamp="2019-08-04T20:35:41.772">
  <kickoff reason="threshold reached" targetBytes="6218254" thresholdFreeBytes="846817" remainingFree="811568" tenureFreeBytes="811568" />
</concurrent-kickoff>
<exclusive-start id="4393" timestamp="2019-08-04T20:35:41.773" intervalms="17.477">
  <response-info timems="0.022" idlems="0.022" threads="0" lastid="0000000000968F00" lastname="main" />
</exclusive-start>
<cycle-start id="4394" type="global" contextid="0" timestamp="2019-08-04T20:35:41.773" intervalms="16.775" />
  <attribute name="GC Util" value="489" />
  <attribute name="CPU Util" value="2045603262637" />
  <attribute name="Time Running"value="82011"/>
  <attribute name="Number of cores"value="16"/>
<exclusive-end id="4395" timestamp="2019-08-04T20:35:41.773" durationms="0.059" />

<exclusive-start id="4396" timestamp="2019-08-04T20:35:41.773" intervalms="0.083">
  <response-info timems="0.008" idlems="0.008" threads="0" lastid="0000000000968F00" lastname="main" />
</exclusive-start>
<af-start id="4397" threadId="0000000000969888" totalBytesRequested="1168" timestamp="2019-08-04T20:35:41.773" intervalms="17.568" />
<concurrent-aborted id="4398" timestamp="2019-08-04T20:35:41.773">
  <reason value="insufficient progress made" />
</concurrent-aborted>
<cycle-end id="4399" type="global" contextid="4394" timestamp="2019-08-04T20:35:41.773">
  <attribute name="GC Util" value="96" />
  <attribute name="CPU Util" value="2373282656681" />
  <attribute name="Time Running"value="82018"/>
  <attribute name="Number of cores"value="16"/>
</cycle-end>
<cycle-start id="4400" type="global" contextid="0" timestamp="2019-08-04T20:35:41.773" intervalms="0.871" />
  <attribute name="GC Util" value="96" />
  <attribute name="CPU Util" value="2373282656681" />
  <attribute name="Time Running"value="82018"/>
  <attribute name="Number of cores"value="16"/>
<gc-start id="4401" type="global" contextid="4400" timestamp="2019-08-04T20:35:41.774">
  <mem-info id="4402" free="784384" total="78446592" percent="0">
    <mem type="tenure" free="784384" total="78446592" percent="0">
      <mem type="soa" free="0" total="77662208" percent="0" />
      <mem type="loa" free="784384" total="784384" percent="100" />
    </mem>
  </mem-info>
</gc-start>
<allocation-stats totalBytes="59364408" >
  <allocated-bytes non-tlh="5840" tlh="59358568" />
  <largest-consumer threadName="main" threadId="0000000000968F00" bytes="59364408" />
</allocation-stats>
<gc-op id="4403" type="mark" timems="8.791" contextid="4400" timestamp="2019-08-04T20:35:41.782">
  <trace-info objectcount="596585" scancount="517590" scanbytes="13284640" />
  <finalization candidates="80" enqueued="0" />
  <ownableSynchronizers candidates="21" cleared="0" />
  <references type="soft" candidates="1849" cleared="0" enqueued="0" dynamicThreshold="19" maxThreshold="32" />
  <references type="weak" candidates="5746" cleared="0" enqueued="0" />
  <references type="phantom" candidates="97" cleared="0" enqueued="0" />
  <stringconstants candidates="13260" cleared="0"  />
</gc-op>
<gc-op id="4404" type="sweep" timems="1.116" contextid="4400" timestamp="2019-08-04T20:35:41.784" />
<gc-end id="4405" type="global" contextid="4400" durationms="10.024" usertimems="58.738" systemtimems="0.000" timestamp="2019-08-04T20:35:41.784" activeThreads="16">
  <mem-info id="4406" free="47772520" total="78446592" percent="60">
    <mem type="tenure" free="47772520" total="78446592" percent="60" micro-fragmented="19488">
      <mem type="soa" free="46988136" total="77662208" percent="60" />
      <mem type="loa" free="784384" total="784384" percent="100" />
    </mem>
  </mem-info>
</gc-end>
<cycle-end id="4407" type="global" contextid="4400" timestamp="2019-08-04T20:35:41.784">
  <attribute name="GC Util" value="567" />
  <attribute name="CPU Util" value="2088743557771" />
  <attribute name="Time Running"value="82028"/>
  <attribute name="Number of cores"value="16"/>
</cycle-end>
<allocation-satisfied id="4408" threadId="0000000000968F00" bytesRequested="1168" />
<af-end id="4409" timestamp="2019-08-04T20:35:41.784" threadId="0000000000969888" success="true" />
<exclusive-end id="4410" timestamp="2019-08-04T20:35:41.784" durationms="10.981" />

<concurrent-kickoff id="4411" timestamp="2019-08-04T20:35:41.790">
  <kickoff reason="threshold reached" targetBytes="6218254" thresholdFreeBytes="846817" remainingFree="819008" tenureFreeBytes="819008" />
</concurrent-kickoff>
<exclusive-start id="4412" timestamp="2019-08-04T20:35:41.790" intervalms="17.399">
  <response-info timems="0.025" idlems="0.025" threads="0" lastid="0000000000968F00" lastname="main" />
</exclusive-start>
<cycle-start id="4413" type="global" contextid="0" timestamp="2019-08-04T20:35:41.790" intervalms="16.574" />
  <attribute name="GC Util" value="567" />
  <attribute name="CPU Util" value="2088743557771" />
  <attribute name="Time Running"value="82028"/>
  <attribute name="Number of cores"value="16"/>
<exclusive-end id="4414" timestamp="2019-08-04T20:35:41.790" durationms="0.021" />

<exclusive-start id="4415" timestamp="2019-08-04T20:35:41.790" intervalms="0.204">
  <response-info timems="0.009" idlems="0.009" threads="0" lastid="0000000000968F00" lastname="main" />
</exclusive-start>
<af-start id="4416" threadId="0000000000969888" totalBytesRequested="1168" timestamp="2019-08-04T20:35:41.790" intervalms="17.606" />
<concurrent-aborted id="4417" timestamp="2019-08-04T20:35:41.791">
  <reason value="insufficient progress made" />
</concurrent-aborted>
<cycle-end id="4418" type="global" contextid="4413" timestamp="2019-08-04T20:35:41.791">
  <attribute name="GC Util" value="111" />
  <attribute name="CPU Util" value="2338189078318" />
  <attribute name="Time Running"value="82036"/>
  <attribute name="Number of cores"value="16"/>
</cycle-end>
<cycle-start id="4419" type="global" contextid="0" timestamp="2019-08-04T20:35:41.791" intervalms="0.795" />
  <attribute name="GC Util" value="111" />
  <attribute name="CPU Util" value="2338189078318" />
  <attribute name="Time Running"value="82036"/>
  <attribute name="Number of cores"value="16"/>
<gc-start id="4420" type="global" contextid="4419" timestamp="2019-08-04T20:35:41.791">
  <mem-info id="4421" free="784384" total="78446592" percent="0">
    <mem type="tenure" free="784384" total="78446592" percent="0">
      <mem type="soa" free="0" total="77662208" percent="0" />
      <mem type="loa" free="784384" total="784384" percent="100" />
    </mem>
  </mem-info>
</gc-start>
<allocation-stats totalBytes="59366888" >
  <allocated-bytes non-tlh="5840" tlh="59361048" />
  <largest-consumer threadName="main" threadId="0000000000968F00" bytes="59366888" />
</allocation-stats>
<gc-op id="4422" type="mark" timems="9.647" contextid="4419" timestamp="2019-08-04T20:35:41.801">
  <trace-info objectcount="596585" scancount="517592" scanbytes="13284640" />
  <finalization candidates="80" enqueued="0" />
  <ownableSynchronizers candidates="21" cleared="0" />
  <references type="soft" candidates="1849" cleared="0" enqueued="0" dynamicThreshold="19" maxThreshold="32" />
  <references type="weak" candidates="5746" cleared="0" enqueued="0" />
  <references type="phantom" candidates="97" cleared="0" enqueued="0" />
  <stringconstants candidates="13260" cleared="0"  />
</gc-op>
<gc-op id="4423" type="sweep" timems="1.321" contextid="4419" timestamp="2019-08-04T20:35:41.802" />
<gc-end id="4424" type="global" contextid="4419" durationms="11.074" usertimems="70.257" systemtimems="0.000" timestamp="2019-08-04T20:35:41.802" activeThreads="16">
  <mem-info id="4425" free="47774472" total="78446592" percent="60">
    <mem type="tenure" free="47774472" total="78446592" percent="60" micro-fragmented="19488">
      <mem type="soa" free="46990088" total="77662208" percent="60" />
      <mem type="loa" free="784384" total="784384" percent="100" />
    </mem>
  </mem-info>
</gc-end>
<cycle-end id="4426" type="global" contextid="4419" timestamp="2019-08-04T20:35:41.802">
  <attribute name="GC Util" value="618" />
  <attribute name="CPU Util" value="1904097753614" />
  <attribute name="Time Running"value="82046"/>
  <attribute name="Number of cores"value="16"/>
</cycle-end>
<allocation-satisfied id="4427" threadId="0000000000968F00" bytesRequested="1168" />
<af-end id="4428" timestamp="2019-08-04T20:35:41.802" threadId="0000000000969888" success="true" />
<exclusive-end id="4429" timestamp="2019-08-04T20:35:41.802" durationms="11.803" />

<concurrent-kickoff id="4430" timestamp="2019-08-04T20:35:41.808">
  <kickoff reason="threshold reached" targetBytes="6218254" thresholdFreeBytes="846817" remainingFree="827728" tenureFreeBytes="827728" />
</concurrent-kickoff>
<exclusive-start id="4431" timestamp="2019-08-04T20:35:41.808" intervalms="18.201">
  <response-info timems="0.022" idlems="0.022" threads="0" lastid="0000000000968F00" lastname="main" />
</exclusive-start>
<cycle-start id="4432" type="global" contextid="0" timestamp="2019-08-04T20:35:41.808" intervalms="17.605" />
  <attribute name="GC Util" value="618" />
  <attribute name="CPU Util" value="1904097753614" />
  <attribute name="Time Running"value="82046"/>
  <attribute name="Number of cores"value="16"/>
<exclusive-end id="4433" timestamp="2019-08-04T20:35:41.808" durationms="0.015" />

<exclusive-start id="4434" timestamp="2019-08-04T20:35:41.808" intervalms="0.035">
  <response-info timems="0.006" idlems="0.006" threads="0" lastid="0000000000968F00" lastname="main" />
</exclusive-start>
<af-start id="4435" threadId="0000000000969888" totalBytesRequested="1168" timestamp="2019-08-04T20:35:41.809" intervalms="18.225" />
<concurrent-aborted id="4436" timestamp="2019-08-04T20:35:41.809">
  <reason value="insufficient progress made" />
</concurrent-aborted>
<cycle-end id="4437" type="global" contextid="4432" timestamp="2019-08-04T20:35:41.809">
  <attribute name="GC Util" value="123" />
  <attribute name="CPU Util" value="2321579689679" />
  <attribute name="Time Running"value="82054"/>
  <attribute name="Number of cores"value="16"/>
</cycle-end>
<cycle-start id="4438" type="global" contextid="0" timestamp="2019-08-04T20:35:41.809" intervalms="0.741" />
  <attribute name="GC Util" value="123" />
  <attribute name="CPU Util" value="2321579689679" />
  <attribute name="Time Running"value="82054"/>
  <attribute name="Number of cores"value="16"/>
<gc-start id="4439" type="global" contextid="4438" timestamp="2019-08-04T20:35:41.809">
  <mem-info id="4440" free="784384" total="78446592" percent="0">
    <mem type="tenure" free="784384" total="78446592" percent="0">
      <mem type="soa" free="0" total="77662208" percent="0" />
      <mem type="loa" free="784384" total="784384" percent="100" />
    </mem>
  </mem-info>
</gc-start>
<allocation-stats totalBytes="59365648" >
  <allocated-bytes non-tlh="5840" tlh="59359808" />
  <largest-consumer threadName="main" threadId="0000000000968F00" bytes="59365648" />
</allocation-stats>
<gc-op id="4441" type="mark" timems="8.767" contextid="4438" timestamp="2019-08-04T20:35:41.818">
  <trace-info objectcount="596585" scancount="517589" scanbytes="13284640" />
  <finalization candidates="80" enqueued="0" />
  <ownableSynchronizers candidates="21" cleared="0" />
  <references type="soft" candidates="1849" cleared="0" enqueued="0" dynamicThreshold="19" maxThreshold="32" />
  <references type="weak" candidates="5746" cleared="0" enqueued="0" />
  <references type="phantom" candidates="97" cleared="0" enqueued="0" />
  <stringconstants candidates="13260" cleared="0"  />
</gc-op>
<gc-op id="4442" type="sweep" timems="1.349" contextid="4438" timestamp="2019-08-04T20:35:41.819" />
<gc-end id="4443" type="global" contextid="4438" durationms="10.227" usertimems="60.210" systemtimems="0.000" timestamp="2019-08-04T20:35:41.819" activeThreads="16">
  <mem-info id="4444" free="47776032" total="78446592" percent="60">
    <mem type="tenure" free="47776032" total="78446592" percent="60" micro-fragmented="19488">
      <mem type="soa" free="46991648" total="77662208" percent="60" />
      <mem type="loa" free="784384" total="784384" percent="100" />
    </mem>
  </mem-info>
</gc-end>
<cycle-end id="4445" type="global" contextid="4438" timestamp="2019-08-04T20:35:41.820">
  <attribute name="GC Util" value="576" />
  <attribute name="CPU Util" value="2086384429280" />
  <attribute name="Time Running"value="82064"/>
  <attribute name="Number of cores"value="16"/>
</cycle-end>
<allocation-satisfied id="4446" threadId="0000000000968F00" bytesRequested="1168" />
<af-end id="4447" timestamp="2019-08-04T20:35:41.820" threadId="0000000000969888" success="true" />
<exclusive-end id="4448" timestamp="2019-08-04T20:35:41.820" durationms="11.078" />

<concurrent-kickoff id="4449" timestamp="2019-08-04T20:35:41.826">
  <kickoff reason="threshold reached" targetBytes="6218254" thresholdFreeBytes="846817" remainingFree="836408" tenureFreeBytes="836408" />
</concurrent-kickoff>
<exclusive-start id="4450" timestamp="2019-08-04T20:35:41.826" intervalms="17.514">
  <response-info timems="0.022" idlems="0.022" threads="0" lastid="0000000000968F00" lastname="main" />
</exclusive-start>
<cycle-start id="4451" type="global" contextid="0" timestamp="2019-08-04T20:35:41.826" intervalms="16.819" />
  <attribute name="GC Util" value="576" />
  <attribute name="CPU Util" value="2086384429280" />
  <attribute name="Time Running"value="82064"/>
  <attribute name="Number of cores"value="16"/>
<exclusive-end id="4452" timestamp="2019-08-04T20:35:41.826" durationms="0.024" />

<exclusive-start id="4453" timestamp="2019-08-04T20:35:41.826" intervalms="0.045">
  <response-info timems="0.006" idlems="0.006" threads="0" lastid="0000000000968F00" lastname="main" />
</exclusive-start>
<af-start id="4454" threadId="0000000000969888" totalBytesRequested="1168" timestamp="2019-08-04T20:35:41.826" intervalms="17.563" />
<concurrent-aborted id="4455" timestamp="2019-08-04T20:35:41.827">
  <reason value="insufficient progress made" />
</concurrent-aborted>
<cycle-end id="4456" type="global" contextid="4451" timestamp="2019-08-04T20:35:41.827">
  <attribute name="GC Util" value="118" />
  <attribute name="CPU Util" value="2290050103090" />
  <attribute name="Time Running"value="82072"/>
  <attribute name="Number of cores"value="16"/>
</cycle-end>
<cycle-start id="4457" type="global" contextid="0" timestamp="2019-08-04T20:35:41.827" intervalms="0.670" />
  <attribute name="GC Util" value="118" />
  <attribute name="CPU Util" value="2290050103090" />
  <attribute name="Time Running"value="82072"/>
  <attribute name="Number of cores"value="16"/>
<gc-start id="4458" type="global" contextid="4457" timestamp="2019-08-04T20:35:41.827">
  <mem-info id="4459" free="784384" total="78446592" percent="0">
    <mem type="tenure" free="784384" total="78446592" percent="0">
      <mem type="soa" free="0" total="77662208" percent="0" />
      <mem type="loa" free="784384" total="784384" percent="100" />
    </mem>
  </mem-info>
</gc-start>
<allocation-stats totalBytes="59363168" >
  <allocated-bytes non-tlh="7008" tlh="59356160" />
  <largest-consumer threadName="main" threadId="0000000000968F00" bytes="59363168" />
</allocation-stats>
<gc-op id="4460" type="mark" timems="9.152" contextid="4457" timestamp="2019-08-04T20:35:41.836">
  <trace-info objectcount="596585" scancount="517593" scanbytes="13284640" />
  <finalization candidates="80" enqueued="0" />
  <ownableSynchronizers candidates="21" cleared="0" />
  <references type="soft" candidates="1849" cleared="0" enqueued="0" dynamicThreshold="19" maxThreshold="32" />
  <references type="weak" candidates="5746" cleared="0" enqueued="0" />
  <references type="phantom" candidates="97" cleared="0" enqueued="0" />
  <stringconstants candidates="13260" cleared="0"  />
</gc-op>
<gc-op id="4461" type="sweep" timems="1.448" contextid="4457" timestamp="2019-08-04T20:35:41.837" />
<gc-end id="4462" type="global" contextid="4457" durationms="10.712" usertimems="61.818" systemtimems="0.000" timestamp="2019-08-04T20:35:41.837" activeThreads="16">
  <mem-info id="4463" free="47777280" total="78446592" percent="60">
    <mem type="tenure" free="47777280" total="78446592" percent="60" micro-fragmented="19488">
      <mem type="soa" free="46992896" total="77662208" percent="60" />
      <mem type="loa" free="784384" total="784384" percent="100" />
    </mem>
  </mem-info>
</gc-end>
<cycle-end id="4464" type="global" contextid="4457" timestamp="2019-08-04T20:35:41.838">
  <attribute name="GC Util" value="572" />
  <attribute name="CPU Util" value="2004154698475" />
  <attribute name="Time Running"value="82082"/>
  <attribute name="Number of cores"value="16"/>
</cycle-end>
<allocation-satisfied id="4465" threadId="0000000000968F00" bytesRequested="1168" />
<af-end id="4466" timestamp="2019-08-04T20:35:41.838" threadId="0000000000969888" success="true" />
<exclusive-end id="4467" timestamp="2019-08-04T20:35:41.838" durationms="11.484" />

<concurrent-kickoff id="4468" timestamp="2019-08-04T20:35:41.861">
  <kickoff reason="threshold reached" targetBytes="6218254" thresholdFreeBytes="846817" remainingFree="842680" tenureFreeBytes="842680" />
</concurrent-kickoff>
<exclusive-start id="4469" timestamp="2019-08-04T20:35:41.861" intervalms="35.027">
  <response-info timems="0.040" idlems="0.040" threads="0" lastid="0000000000968F00" lastname="main" />
</exclusive-start>
<cycle-start id="4470" type="global" contextid="0" timestamp="2019-08-04T20:35:41.861" intervalms="34.417" />
  <attribute name="GC Util" value="572" />
  <attribute name="CPU Util" value="2004154698475" />
  <attribute name="Time Running"value="82082"/>
  <attribute name="Number of cores"value="16"/>
<exclusive-end id="4471" timestamp="2019-08-04T20:35:41.861" durationms="0.040" />

<exclusive-start id="4472" timestamp="2019-08-04T20:35:41.861" intervalms="0.152">
  <response-info timems="0.007" idlems="0.007" threads="0" lastid="0000000000968F00" lastname="main" />
</exclusive-start>
<af-start id="4473" threadId="0000000000969888" totalBytesRequested="80" timestamp="2019-08-04T20:35:41.861" intervalms="35.185" />
<concurrent-aborted id="4474" timestamp="2019-08-04T20:35:41.862">
  <reason value="insufficient progress made" />
</concurrent-aborted>
<cycle-end id="4475" type="global" contextid="4470" timestamp="2019-08-04T20:35:41.862">
  <attribute name="GC Util" value="36" />
  <attribute name="CPU Util" value="728406635154" />
  <attribute name="Time Running"value="82107"/>
  <attribute name="Number of cores"value="16"/>
</cycle-end>
<cycle-start id="4476" type="global" contextid="0" timestamp="2019-08-04T20:35:41.862" intervalms="0.884" />
  <attribute name="GC Util" value="36" />
  <attribute name="CPU Util" value="728406635154" />
  <attribute name="Time Running"value="82107"/>
  <attribute name="Number of cores"value="16"/>
<gc-start id="4477" type="global" contextid="4476" timestamp="2019-08-04T20:35:41.862">
  <mem-info id="4478" free="784384" total="78446592" percent="0">
    <mem type="tenure" free="784384" total="78446592" percent="0">
      <mem type="soa" free="0" total="77662208" percent="0" />
      <mem type="loa" free="784384" total="784384" percent="100" />
    </mem>
  </mem-info>
</gc-start>
<allocation-stats totalBytes="59733504" >
  <allocated-bytes non-tlh="3504" tlh="59730000" />
  <largest-consumer threadName="main" threadId="0000000000968F00" bytes="59733504" />
</allocation-stats>
<gc-op id="4479" type="mark" timems="9.793" contextid="4476" timestamp="2019-08-04T20:35:41.872">
  <trace-info objectcount="596713" scancount="517716" scanbytes="13288984" />
  <finalization candidates="80" enqueued="0" />
  <ownableSynchronizers candidates="21" cleared="0" />
  <references type="soft" candidates="1849" cleared="0" enqueued="0" dynamicThreshold="19" maxThreshold="32" />
  <references type="weak" candidates="5746" cleared="0" enqueued="0" />
  <references type="phantom" candidates="97" cleared="0" enqueued="0" />
  <stringconstants candidates="13260" cleared="0"  />
</gc-op>
<gc-op id="4480" type="sweep" timems="1.364" contextid="4476" timestamp="2019-08-04T20:35:41.873" />
<gc-end id="4481" type="global" contextid="4476" durationms="11.267" usertimems="59.945" systemtimems="0.000" timestamp="2019-08-04T20:35:41.873" activeThreads="16">
  <mem-info id="4482" free="47778280" total="78446592" percent="60">
    <mem type="tenure" free="47778280" total="78446592" percent="60" micro-fragmented="19488">
      <mem type="soa" free="46993896" total="77662208" percent="60" />
      <mem type="loa" free="784384" total="784384" percent="100" />
    </mem>
  </mem-info>
</gc-end>
<cycle-end id="4483" type="global" contextid="4476" timestamp="2019-08-04T20:35:41.873">
  <attribute name="GC Util" value="515" />
  <attribute name="CPU Util" value="1881472887579" />
  <attribute name="Time Running"value="82118"/>
  <attribute name="Number of cores"value="16"/>
</cycle-end>
<allocation-satisfied id="4484" threadId="0000000000968F00" bytesRequested="80" />
<af-end id="4485" timestamp="2019-08-04T20:35:41.873" threadId="0000000000969888" success="true" />
<exclusive-end id="4486" timestamp="2019-08-04T20:35:41.873" durationms="12.145" />

<concurrent-kickoff id="4487" timestamp="2019-08-04T20:35:41.925">
  <kickoff reason="threshold reached" targetBytes="6218254" thresholdFreeBytes="846817" remainingFree="787376" tenureFreeBytes="787376" />
</concurrent-kickoff>
<exclusive-start id="4488" timestamp="2019-08-04T20:35:41.925" intervalms="64.229">
  <response-info timems="0.015" idlems="0.015" threads="0" lastid="0000000000968F00" lastname="main" />
</exclusive-start>
<cycle-start id="4489" type="global" contextid="0" timestamp="2019-08-04T20:35:41.925" intervalms="63.481" />
  <attribute name="GC Util" value="515" />
  <attribute name="CPU Util" value="1881472887579" />
  <attribute name="Time Running"value="82118"/>
  <attribute name="Number of cores"value="16"/>
<exclusive-end id="4490" timestamp="2019-08-04T20:35:41.925" durationms="0.023" />

<exclusive-start id="4491" timestamp="2019-08-04T20:35:41.926" intervalms="0.194">
  <response-info timems="0.007" idlems="0.007" threads="0" lastid="0000000000968F00" lastname="main" />
</exclusive-start>
<af-start id="4492" threadId="0000000000969888" totalBytesRequested="72" timestamp="2019-08-04T20:35:41.926" intervalms="64.416" />
<concurrent-aborted id="4493" timestamp="2019-08-04T20:35:41.926">
  <reason value="insufficient progress made" />
</concurrent-aborted>
<cycle-end id="4494" type="global" contextid="4489" timestamp="2019-08-04T20:35:41.926">
  <attribute name="GC Util" value="18" />
  <attribute name="CPU Util" value="342994492815" />
  <attribute name="Time Running"value="82171"/>
  <attribute name="Number of cores"value="16"/>
</cycle-end>
<cycle-start id="4495" type="global" contextid="0" timestamp="2019-08-04T20:35:41.926" intervalms="0.892" />
  <attribute name="GC Util" value="18" />
  <attribute name="CPU Util" value="342994492815" />
  <attribute name="Time Running"value="82171"/>
  <attribute name="Number of cores"value="16"/>
<gc-start id="4496" type="global" contextid="4495" timestamp="2019-08-04T20:35:41.926">
  <mem-info id="4497" free="784384" total="78446592" percent="0">
    <mem type="tenure" free="784384" total="78446592" percent="0">
      <mem type="soa" free="0" total="77662208" percent="0" />
      <mem type="loa" free="784384" total="784384" percent="100" />
    </mem>
  </mem-info>
</gc-start>
<allocation-stats totalBytes="59742392" >
  <allocated-bytes non-tlh="0" tlh="59742392" />
  <largest-consumer threadName="main" threadId="0000000000968F00" bytes="59742392" />
</allocation-stats>
<gc-op id="4498" type="mark" timems="9.026" contextid="4495" timestamp="2019-08-04T20:35:41.935">
  <trace-info objectcount="596775" scancount="517784" scanbytes="13290976" />
  <finalization candidates="80" enqueued="0" />
  <ownableSynchronizers candidates="21" cleared="0" />
  <references type="soft" candidates="1849" cleared="0" enqueued="0" dynamicThreshold="19" maxThreshold="32" />
  <references type="weak" candidates="5761" cleared="0" enqueued="0" />
  <references type="phantom" candidates="97" cleared="0" enqueued="0" />
  <stringconstants candidates="13260" cleared="0"  />
</gc-op>
<gc-op id="4499" type="sweep" timems="1.203" contextid="4495" timestamp="2019-08-04T20:35:41.937" />
<gc-end id="4500" type="global" contextid="4495" durationms="10.330" usertimems="59.896" systemtimems="0.000" timestamp="2019-08-04T20:35:41.937" activeThreads="16">
  <mem-info id="4501" free="47778272" total="78446592" percent="60">
    <mem type="tenure" free="47778272" total="78446592" percent="60" micro-fragmented="19488">
      <mem type="soa" free="46993888" total="77662208" percent="60" />
      <mem type="loa" free="784384" total="784384" percent="100" />
    </mem>
  </mem-info>
</gc-end>
<cycle-end id="4502" type="global" contextid="4495" timestamp="2019-08-04T20:35:41.937">
  <attribute name="GC Util" value="566" />
  <attribute name="CPU Util" value="2032302780247" />
  <attribute name="Time Running"value="82181"/>
  <attribute name="Number of cores"value="16"/>
</cycle-end>
<allocation-satisfied id="4503" threadId="0000000000968F00" bytesRequested="72" />
<af-end id="4504" timestamp="2019-08-04T20:35:41.937" threadId="0000000000969888" success="true" />
<exclusive-end id="4505" timestamp="2019-08-04T20:35:41.937" durationms="11.159" />

<concurrent-kickoff id="4506" timestamp="2019-08-04T20:35:41.958">
  <kickoff reason="threshold reached" targetBytes="6218254" thresholdFreeBytes="846817" remainingFree="843272" tenureFreeBytes="843272" />
</concurrent-kickoff>
<exclusive-start id="4507" timestamp="2019-08-04T20:35:41.958" intervalms="32.288">
  <response-info timems="0.014" idlems="0.014" threads="0" lastid="0000000000968F00" lastname="main" />
</exclusive-start>
<cycle-start id="4508" type="global" contextid="0" timestamp="2019-08-04T20:35:41.958" intervalms="31.603" />
  <attribute name="GC Util" value="566" />
  <attribute name="CPU Util" value="2032302780247" />
  <attribute name="Time Running"value="82181"/>
  <attribute name="Number of cores"value="16"/>
<exclusive-end id="4509" timestamp="2019-08-04T20:35:41.958" durationms="0.035" />

<exclusive-start id="4510" timestamp="2019-08-04T20:35:41.958" intervalms="0.259">
  <response-info timems="0.042" idlems="0.042" threads="0" lastid="0000000000968F00" lastname="main" />
</exclusive-start>
<af-start id="4511" threadId="0000000000969888" totalBytesRequested="16" timestamp="2019-08-04T20:35:41.958" intervalms="32.546" />
<concurrent-aborted id="4512" timestamp="2019-08-04T20:35:41.959">
  <reason value="insufficient progress made" />
</concurrent-aborted>
<cycle-end id="4513" type="global" contextid="4508" timestamp="2019-08-04T20:35:41.959">
  <attribute name="GC Util" value="38" />
  <attribute name="CPU Util" value="811203625919" />
  <attribute name="Time Running"value="82204"/>
  <attribute name="Number of cores"value="16"/>
</cycle-end>
<cycle-start id="4514" type="global" contextid="0" timestamp="2019-08-04T20:35:41.959" intervalms="0.947" />
  <attribute name="GC Util" value="38" />
  <attribute name="CPU Util" value="811203625919" />
  <attribute name="Time Running"value="82204"/>
  <attribute name="Number of cores"value="16"/>
<gc-start id="4515" type="global" contextid="4514" timestamp="2019-08-04T20:35:41.959">
  <mem-info id="4516" free="784384" total="78446592" percent="0">
    <mem type="tenure" free="784384" total="78446592" percent="0">
      <mem type="soa" free="0" total="77662208" percent="0" />
      <mem type="loa" free="784384" total="784384" percent="100" />
    </mem>
  </mem-info>
</gc-start>
<allocation-stats totalBytes="59706968" >
  <allocated-bytes non-tlh="0" tlh="59706968" />
  <largest-consumer threadName="main" threadId="0000000000968F00" bytes="59706968" />
</allocation-stats>
<gc-op id="4517" type="mark" timems="11.357" contextid="4514" timestamp="2019-08-04T20:35:41.970">
  <trace-info objectcount="596249" scancount="517256" scanbytes="13273700" />
  <finalization candidates="80" enqueued="0" />
  <ownableSynchronizers candidates="21" cleared="0" />
  <references type="soft" candidates="1849" cleared="6" enqueued="6" dynamicThreshold="19" maxThreshold="32" />
  <references type="weak" candidates="5761" cleared="7" enqueued="3" />
  <references type="phantom" candidates="97" cleared="0" enqueued="0" />
  <stringconstants candidates="13260" cleared="0"  />
</gc-op>
<gc-op id="4518" type="sweep" timems="1.086" contextid="4514" timestamp="2019-08-04T20:35:41.972" />
<gc-end id="4519" type="global" contextid="4514" durationms="12.745" usertimems="88.481" systemtimems="0.000" timestamp="2019-08-04T20:35:41.972" activeThreads="16">
  <mem-info id="4520" free="47793920" total="78446592" percent="60">
    <mem type="tenure" free="47793920" total="78446592" percent="60" micro-fragmented="2850">
      <mem type="soa" free="47009536" total="77662208" percent="60" />
      <mem type="loa" free="784384" total="784384" percent="100" />
    </mem>
    <pending-finalizers system="0" default="0" reference="9" classloader="0" />
  </mem-info>
</gc-end>
<cycle-end id="4521" type="global" contextid="4514" timestamp="2019-08-04T20:35:41.972">
  <attribute name="GC Util" value="677" />
  <attribute name="CPU Util" value="1591514193123" />
  <attribute name="Time Running"value="82216"/>
  <attribute name="Number of cores"value="16"/>
</cycle-end>
<allocation-satisfied id="4522" threadId="0000000000968F00" bytesRequested="16" />
<af-end id="4523" timestamp="2019-08-04T20:35:41.972" threadId="0000000000969888" success="true" />
<exclusive-end id="4524" timestamp="2019-08-04T20:35:41.972" durationms="13.585" />

<concurrent-kickoff id="4525" timestamp="2019-08-04T20:35:41.983">
  <kickoff reason="threshold reached" targetBytes="6218254" thresholdFreeBytes="846817" remainingFree="787856" tenureFreeBytes="787856" />
</concurrent-kickoff>
<exclusive-start id="4526" timestamp="2019-08-04T20:35:41.983" intervalms="24.700">
  <response-info timems="0.019" idlems="0.019" threads="0" lastid="0000000000968F00" lastname="main" />
</exclusive-start>
<cycle-start id="4527" type="global" contextid="0" timestamp="2019-08-04T20:35:41.983" intervalms="24.001" />
  <attribute name="GC Util" value="677" />
  <attribute name="CPU Util" value="1591514193123" />
  <attribute name="Time Running"value="82216"/>
  <attribute name="Number of cores"value="16"/>
<exclusive-end id="4528" timestamp="2019-08-04T20:35:41.983" durationms="0.027" />

<exclusive-start id="4529" timestamp="2019-08-04T20:35:41.983" intervalms="0.177">
  <response-info timems="0.010" idlems="0.010" threads="0" lastid="0000000000968F00" lastname="main" />
</exclusive-start>
<af-start id="4530" threadId="0000000000969888" totalBytesRequested="288" timestamp="2019-08-04T20:35:41.983" intervalms="24.873" />
<concurrent-aborted id="4531" timestamp="2019-08-04T20:35:41.984">
  <reason value="insufficient progress made" />
</concurrent-aborted>
<cycle-end id="4532" type="global" contextid="4527" timestamp="2019-08-04T20:35:41.984">
  <attribute name="GC Util" value="79" />
  <attribute name="CPU Util" value="1469663487428" />
  <attribute name="Time Running"value="82229"/>
  <attribute name="Number of cores"value="16"/>
</cycle-end>
<cycle-start id="4533" type="global" contextid="0" timestamp="2019-08-04T20:35:41.984" intervalms="0.782" />
  <attribute name="GC Util" value="79" />
  <attribute name="CPU Util" value="1469663487428" />
  <attribute name="Time Running"value="82229"/>
  <attribute name="Number of cores"value="16"/>
<gc-start id="4534" type="global" contextid="4533" timestamp="2019-08-04T20:35:41.984">
  <mem-info id="4535" free="784384" total="78446592" percent="0">
    <mem type="tenure" free="784384" total="78446592" percent="0">
      <mem type="soa" free="0" total="77662208" percent="0" />
      <mem type="loa" free="784384" total="784384" percent="100" />
    </mem>
  </mem-info>
</gc-start>
<allocation-stats totalBytes="59732416" >
  <allocated-bytes non-tlh="0" tlh="59732416" />
  <largest-consumer threadName="main" threadId="0000000000968F00" bytes="59732416" />
</allocation-stats>
<gc-op id="4536" type="mark" timems="9.002" contextid="4533" timestamp="2019-08-04T20:35:41.993">
  <trace-info objectcount="596233" scancount="517240" scanbytes="13273156" />
  <finalization candidates="80" enqueued="0" />
  <ownableSynchronizers candidates="21" cleared="0" />
  <references type="soft" candidates="1843" cleared="0" enqueued="0" dynamicThreshold="19" maxThreshold="32" />
  <references type="weak" candidates="5754" cleared="0" enqueued="0" />
  <references type="phantom" candidates="97" cleared="0" enqueued="0" />
  <stringconstants candidates="13260" cleared="0"  />
</gc-op>
<gc-op id="4537" type="sweep" timems="1.215" contextid="4533" timestamp="2019-08-04T20:35:41.994" />
<gc-end id="4538" type="global" contextid="4533" durationms="10.318" usertimems="65.151" systemtimems="0.000" timestamp="2019-08-04T20:35:41.994" activeThreads="16">
  <mem-info id="4539" free="47797784" total="78446592" percent="60">
    <mem type="tenure" free="47797784" total="78446592" percent="60" micro-fragmented="2848">
      <mem type="soa" free="47013400" total="77662208" percent="60" />
      <mem type="loa" free="784384" total="784384" percent="100" />
    </mem>
  </mem-info>
</gc-end>
<cycle-end id="4540" type="global" contextid="4533" timestamp="2019-08-04T20:35:41.994">
  <attribute name="GC Util" value="624" />
  <attribute name="CPU Util" value="2038622512051" />
  <attribute name="Time Running"value="82238"/>
  <attribute name="Number of cores"value="16"/>
</cycle-end>
<allocation-satisfied id="4541" threadId="0000000000968F00" bytesRequested="288" />
<af-end id="4542" timestamp="2019-08-04T20:35:41.994" threadId="0000000000969888" success="true" />
<exclusive-end id="4543" timestamp="2019-08-04T20:35:41.994" durationms="11.066" />

<concurrent-kickoff id="4544" timestamp="2019-08-04T20:35:42.005">
  <kickoff reason="threshold reached" targetBytes="6218254" thresholdFreeBytes="846817" remainingFree="793528" tenureFreeBytes="793528" />
</concurrent-kickoff>
<exclusive-start id="4545" timestamp="2019-08-04T20:35:42.005" intervalms="22.225">
  <response-info timems="0.019" idlems="0.019" threads="0" lastid="0000000000968F00" lastname="main" />
</exclusive-start>
<cycle-start id="4546" type="global" contextid="0" timestamp="2019-08-04T20:35:42.005" intervalms="21.611" />
  <attribute name="GC Util" value="624" />
  <attribute name="CPU Util" value="2038622512051" />
  <attribute name="Time Running"value="82238"/>
  <attribute name="Number of cores"value="16"/>
<exclusive-end id="4547" timestamp="2019-08-04T20:35:42.005" durationms="0.018" />

<exclusive-start id="4548" timestamp="2019-08-04T20:35:42.005" intervalms="0.169">
  <response-info timems="0.009" idlems="0.009" threads="0" lastid="0000000000968F00" lastname="main" />
</exclusive-start>
<af-start id="4549" threadId="0000000000969888" totalBytesRequested="168" timestamp="2019-08-04T20:35:42.006" intervalms="22.403" />
<concurrent-aborted id="4550" timestamp="2019-08-04T20:35:42.006">
  <reason value="insufficient progress made" />
</concurrent-aborted>
<cycle-end id="4551" type="global" contextid="4546" timestamp="2019-08-04T20:35:42.006">
  <attribute name="GC Util" value="69" />
  <attribute name="CPU Util" value="1449580188430" />
  <attribute name="Time Running"value="82251"/>
  <attribute name="Number of cores"value="16"/>
</cycle-end>
<cycle-start id="4552" type="global" contextid="0" timestamp="2019-08-04T20:35:42.006" intervalms="0.835" />
  <attribute name="GC Util" value="69" />
  <attribute name="CPU Util" value="1449580188430" />
  <attribute name="Time Running"value="82251"/>
  <attribute name="Number of cores"value="16"/>
<gc-start id="4553" type="global" contextid="4552" timestamp="2019-08-04T20:35:42.006">
  <mem-info id="4554" free="784384" total="78446592" percent="0">
    <mem type="tenure" free="784384" total="78446592" percent="0">
      <mem type="soa" free="0" total="77662208" percent="0" />
      <mem type="loa" free="784384" total="784384" percent="100" />
    </mem>
  </mem-info>
</gc-start>
<allocation-stats totalBytes="59732408" >
  <allocated-bytes non-tlh="0" tlh="59732408" />
  <largest-consumer threadName="main" threadId="0000000000968F00" bytes="59732408" />
</allocation-stats>
<gc-op id="4555" type="mark" timems="9.207" contextid="4552" timestamp="2019-08-04T20:35:42.015">
  <trace-info objectcount="596233" scancount="517241" scanbytes="13273156" />
  <finalization candidates="80" enqueued="0" />
  <ownableSynchronizers candidates="21" cleared="0" />
  <references type="soft" candidates="1843" cleared="0" enqueued="0" dynamicThreshold="19" maxThreshold="32" />
  <references type="weak" candidates="5754" cleared="0" enqueued="0" />
  <references type="phantom" candidates="97" cleared="0" enqueued="0" />
  <stringconstants candidates="13260" cleared="0"  />
</gc-op>
<gc-op id="4556" type="sweep" timems="1.220" contextid="4552" timestamp="2019-08-04T20:35:42.017" />
<gc-end id="4557" type="global" contextid="4552" durationms="10.537" usertimems="61.385" systemtimems="0.000" timestamp="2019-08-04T20:35:42.017" activeThreads="16">
  <mem-info id="4558" free="47800280" total="78446592" percent="60">
    <mem type="tenure" free="47800280" total="78446592" percent="60" micro-fragmented="2848">
      <mem type="soa" free="47015896" total="77662208" percent="60" />
      <mem type="loa" free="784384" total="784384" percent="100" />
    </mem>
  </mem-info>
</gc-end>
<cycle-end id="4559" type="global" contextid="4552" timestamp="2019-08-04T20:35:42.017">
  <attribute name="GC Util" value="571" />
  <attribute name="CPU Util" value="1993250586074" />
  <attribute name="Time Running"value="82261"/>
  <attribute name="Number of cores"value="16"/>
</cycle-end>
<allocation-satisfied id="4560" threadId="0000000000968F00" bytesRequested="168" />
<af-end id="4561" timestamp="2019-08-04T20:35:42.017" threadId="0000000000969888" success="true" />
<exclusive-end id="4562" timestamp="2019-08-04T20:35:42.017" durationms="11.350" />

<concurrent-kickoff id="4563" timestamp="2019-08-04T20:35:42.028">
  <kickoff reason="threshold reached" targetBytes="6218254" thresholdFreeBytes="846817" remainingFree="788848" tenureFreeBytes="788848" />
</concurrent-kickoff>
<exclusive-start id="4564" timestamp="2019-08-04T20:35:42.028" intervalms="22.301">
  <response-info timems="0.014" idlems="0.014" threads="0" lastid="0000000000968F00" lastname="main" />
</exclusive-start>
<cycle-start id="4565" type="global" contextid="0" timestamp="2019-08-04T20:35:42.028" intervalms="21.640" />
  <attribute name="GC Util" value="571" />
  <attribute name="CPU Util" value="1993250586074" />
  <attribute name="Time Running"value="82261"/>
  <attribute name="Number of cores"value="16"/>
<exclusive-end id="4566" timestamp="2019-08-04T20:35:42.028" durationms="0.020" />

<exclusive-start id="4567" timestamp="2019-08-04T20:35:42.028" intervalms="0.150">
  <response-info timems="0.010" idlems="0.010" threads="0" lastid="0000000000968F00" lastname="main" />
</exclusive-start>
<af-start id="4568" threadId="0000000000969888" totalBytesRequested="32" timestamp="2019-08-04T20:35:42.028" intervalms="22.452" />
<concurrent-aborted id="4569" timestamp="2019-08-04T20:35:42.029">
  <reason value="insufficient progress made" />
</concurrent-aborted>
<cycle-end id="4570" type="global" contextid="4565" timestamp="2019-08-04T20:35:42.029">
  <attribute name="GC Util" value="69" />
  <attribute name="CPU Util" value="1477480491071" />
  <attribute name="Time Running"value="82274"/>
  <attribute name="Number of cores"value="16"/>
</cycle-end>
<cycle-start id="4571" type="global" contextid="0" timestamp="2019-08-04T20:35:42.029" intervalms="0.765" />
  <attribute name="GC Util" value="69" />
  <attribute name="CPU Util" value="1477480491071" />
  <attribute name="Time Running"value="82274"/>
  <attribute name="Number of cores"value="16"/>
<gc-start id="4572" type="global" contextid="4571" timestamp="2019-08-04T20:35:42.029">
  <mem-info id="4573" free="784384" total="78446592" percent="0">
    <mem type="tenure" free="784384" total="78446592" percent="0">
      <mem type="soa" free="0" total="77662208" percent="0" />
      <mem type="loa" free="784384" total="784384" percent="100" />
    </mem>
  </mem-info>
</gc-start>
<allocation-stats totalBytes="59732568" >
  <allocated-bytes non-tlh="0" tlh="59732568" />
  <largest-consumer threadName="main" threadId="0000000000968F00" bytes="59732568" />
</allocation-stats>
<gc-op id="4574" type="mark" timems="8.519" contextid="4571" timestamp="2019-08-04T20:35:42.037">
  <trace-info objectcount="596232" scancount="517240" scanbytes="13273124" />
  <finalization candidates="80" enqueued="0" />
  <ownableSynchronizers candidates="21" cleared="0" />
  <references type="soft" candidates="1843" cleared="0" enqueued="0" dynamicThreshold="19" maxThreshold="32" />
  <references type="weak" candidates="5754" cleared="0" enqueued="0" />
  <references type="phantom" candidates="97" cleared="0" enqueued="0" />
  <stringconstants candidates="13260" cleared="0"  />
</gc-op>
<gc-op id="4575" type="sweep" timems="1.329" contextid="4571" timestamp="2019-08-04T20:35:42.039" />
<gc-end id="4576" type="global" contextid="4571" durationms="9.988" usertimems="58.642" systemtimems="0.000" timestamp="2019-08-04T20:35:42.039" activeThreads="16">
  <mem-info id="4577" free="47802360" total="78446592" percent="60">
    <mem type="tenure" free="47802360" total="78446592" percent="60" micro-fragmented="2848">
      <mem type="soa" free="47017976" total="77662208" percent="60" />
      <mem type="loa" free="784384" total="784384" percent="100" />
    </mem>
  </mem-info>
</gc-end>
<cycle-end id="4578" type="global" contextid="4571" timestamp="2019-08-04T20:35:42.039">
  <attribute name="GC Util" value="591" />
  <attribute name="CPU Util" value="2143612892491" />
  <attribute name="Time Running"value="82283"/>
  <attribute name="Number of cores"value="16"/>
</cycle-end>
<allocation-satisfied id="4579" threadId="0000000000968F00" bytesRequested="32" />
<af-end id="4580" timestamp="2019-08-04T20:35:42.039" threadId="0000000000969888" success="true" />
<exclusive-end id="4581" timestamp="2019-08-04T20:35:42.039" durationms="10.737" />

<concurrent-kickoff id="4582" timestamp="2019-08-04T20:35:42.051">
  <kickoff reason="threshold reached" targetBytes="6218254" thresholdFreeBytes="846817" remainingFree="794016" tenureFreeBytes="794016" />
</concurrent-kickoff>
<exclusive-start id="4583" timestamp="2019-08-04T20:35:42.051" intervalms="22.718">
  <response-info timems="0.014" idlems="0.014" threads="0" lastid="0000000000968F00" lastname="main" />
</exclusive-start>
<cycle-start id="4584" type="global" contextid="0" timestamp="2019-08-04T20:35:42.051" intervalms="22.111" />
  <attribute name="GC Util" value="591" />
  <attribute name="CPU Util" value="2143612892491" />
  <attribute name="Time Running"value="82283"/>
  <attribute name="Number of cores"value="16"/>
<exclusive-end id="4585" timestamp="2019-08-04T20:35:42.051" durationms="0.029" />

<exclusive-start id="4586" timestamp="2019-08-04T20:35:42.051" intervalms="0.149">
  <response-info timems="0.007" idlems="0.007" threads="0" lastid="0000000000968F00" lastname="main" />
</exclusive-start>
<af-start id="4587" threadId="0000000000969888" totalBytesRequested="288" timestamp="2019-08-04T20:35:42.051" intervalms="22.855" />
<concurrent-aborted id="4588" timestamp="2019-08-04T20:35:42.051">
  <reason value="insufficient progress made" />
</concurrent-aborted>
<cycle-end id="4589" type="global" contextid="4584" timestamp="2019-08-04T20:35:42.051">
  <attribute name="GC Util" value="58" />
  <attribute name="CPU Util" value="1354516188433" />
  <attribute name="Time Running"value="82297"/>
  <attribute name="Number of cores"value="16"/>
</cycle-end>
<cycle-start id="4590" type="global" contextid="0" timestamp="2019-08-04T20:35:42.051" intervalms="0.777" />
  <attribute name="GC Util" value="58" />
  <attribute name="CPU Util" value="1354516188433" />
  <attribute name="Time Running"value="82297"/>
  <attribute name="Number of cores"value="16"/>
<gc-start id="4591" type="global" contextid="4590" timestamp="2019-08-04T20:35:42.051">
  <mem-info id="4592" free="784384" total="78446592" percent="0">
    <mem type="tenure" free="784384" total="78446592" percent="0">
      <mem type="soa" free="0" total="77662208" percent="0" />
      <mem type="loa" free="784384" total="784384" percent="100" />
    </mem>
  </mem-info>
</gc-start>
<allocation-stats totalBytes="59727856" >
  <allocated-bytes non-tlh="0" tlh="59727856" />
  <largest-consumer threadName="main" threadId="0000000000968F00" bytes="59727856" />
</allocation-stats>
<gc-op id="4593" type="mark" timems="8.697" contextid="4590" timestamp="2019-08-04T20:35:42.060">
  <trace-info objectcount="596234" scancount="517243" scanbytes="13273200" />
  <finalization candidates="80" enqueued="0" />
  <ownableSynchronizers candidates="21" cleared="0" />
  <references type="soft" candidates="1843" cleared="0" enqueued="0" dynamicThreshold="19" maxThreshold="32" />
  <references type="weak" candidates="5754" cleared="0" enqueued="0" />
  <references type="phantom" candidates="97" cleared="0" enqueued="0" />
  <stringconstants candidates="13260" cleared="0"  />
</gc-op>
<gc-op id="4594" type="sweep" timems="1.315" contextid="4590" timestamp="2019-08-04T20:35:42.062" />
<gc-end id="4595" type="global" contextid="4590" durationms="10.127" usertimems="60.330" systemtimems="0.000" timestamp="2019-08-04T20:35:42.062" activeThreads="16">
  <mem-info id="4596" free="47802968" total="78446592" percent="60">
    <mem type="tenure" free="47802968" total="78446592" percent="60" micro-fragmented="2850">
      <mem type="soa" free="47018584" total="77662208" percent="60" />
      <mem type="loa" free="784384" total="784384" percent="100" />
    </mem>
  </mem-info>
</gc-end>
<cycle-end id="4597" type="global" contextid="4590" timestamp="2019-08-04T20:35:42.062">
  <attribute name="GC Util" value="593" />
  <attribute name="CPU Util" value="2105824293421" />
  <attribute name="Time Running"value="82306"/>
  <attribute name="Number of cores"value="16"/>
</cycle-end>
<allocation-satisfied id="4598" threadId="0000000000968F00" bytesRequested="288" />
<af-end id="4599" timestamp="2019-08-04T20:35:42.062" threadId="0000000000969888" success="true" />
<exclusive-end id="4600" timestamp="2019-08-04T20:35:42.062" durationms="10.877" />

<concurrent-kickoff id="4601" timestamp="2019-08-04T20:35:42.077">
  <kickoff reason="threshold reached" targetBytes="6218254" thresholdFreeBytes="846817" remainingFree="793824" tenureFreeBytes="793824" />
</concurrent-kickoff>
<exclusive-start id="4602" timestamp="2019-08-04T20:35:42.077" intervalms="26.560">
  <response-info timems="0.013" idlems="0.013" threads="0" lastid="0000000000968F00" lastname="main" />
</exclusive-start>
<cycle-start id="4603" type="global" contextid="0" timestamp="2019-08-04T20:35:42.077" intervalms="25.924" />
  <attribute name="GC Util" value="593" />
  <attribute name="CPU Util" value="2105824293421" />
  <attribute name="Time Running"value="82306"/>
  <attribute name="Number of cores"value="16"/>
<exclusive-end id="4604" timestamp="2019-08-04T20:35:42.077" durationms="0.020" />

<exclusive-start id="4605" timestamp="2019-08-04T20:35:42.077" intervalms="0.143">
  <response-info timems="0.006" idlems="0.006" threads="0" lastid="0000000000968F00" lastname="main" />
</exclusive-start>
<af-start id="4606" threadId="0000000000969888" totalBytesRequested="136" timestamp="2019-08-04T20:35:42.078" intervalms="26.709" />
<concurrent-aborted id="4607" timestamp="2019-08-04T20:35:42.078">
  <reason value="insufficient progress made" />
</concurrent-aborted>
<cycle-end id="4608" type="global" contextid="4603" timestamp="2019-08-04T20:35:42.078">
  <attribute name="GC Util" value="48" />
  <attribute name="CPU Util" value="1067425390295" />
  <attribute name="Time Running"value="82323"/>
  <attribute name="Number of cores"value="16"/>
</cycle-end>
<cycle-start id="4609" type="global" contextid="0" timestamp="2019-08-04T20:35:42.078" intervalms="0.985" />
  <attribute name="GC Util" value="48" />
  <attribute name="CPU Util" value="1067425390295" />
  <attribute name="Time Running"value="82323"/>
  <attribute name="Number of cores"value="16"/>
<gc-start id="4610" type="global" contextid="4609" timestamp="2019-08-04T20:35:42.078">
  <mem-info id="4611" free="784384" total="78446592" percent="0">
    <mem type="tenure" free="784384" total="78446592" percent="0">
      <mem type="soa" free="0" total="77662208" percent="0" />
      <mem type="loa" free="784384" total="784384" percent="100" />
    </mem>
  </mem-info>
</gc-start>
<allocation-stats totalBytes="59736800" >
  <allocated-bytes non-tlh="0" tlh="59736800" />
  <largest-consumer threadName="main" threadId="0000000000968F00" bytes="59736800" />
</allocation-stats>
<gc-op id="4612" type="mark" timems="9.480" contextid="4609" timestamp="2019-08-04T20:35:42.088">
  <trace-info objectcount="596259" scancount="517269" scanbytes="13274524" />
  <finalization candidates="80" enqueued="0" />
  <ownableSynchronizers candidates="21" cleared="0" />
  <references type="soft" candidates="1843" cleared="0" enqueued="0" dynamicThreshold="19" maxThreshold="32" />
  <references type="weak" candidates="5754" cleared="0" enqueued="0" />
  <references type="phantom" candidates="97" cleared="0" enqueued="0" />
  <stringconstants candidates="13260" cleared="0"  />
</gc-op>
<gc-op id="4613" type="sweep" timems="1.566" contextid="4609" timestamp="2019-08-04T20:35:42.089" />
<gc-end id="4614" type="global" contextid="4609" durationms="11.147" usertimems="60.975" systemtimems="0.000" timestamp="2019-08-04T20:35:42.090" activeThreads="16">
  <mem-info id="4615" free="47805216" total="78446592" percent="60">
    <mem type="tenure" free="47805216" total="78446592" percent="60" micro-fragmented="2848">
      <mem type="soa" free="47020832" total="77662208" percent="60" />
      <mem type="loa" free="784384" total="784384" percent="100" />
    </mem>
  </mem-info>
</gc-end>
<cycle-end id="4616" type="global" contextid="4609" timestamp="2019-08-04T20:35:42.090">
  <attribute name="GC Util" value="558" />
  <attribute name="CPU Util" value="1935577317126" />
  <attribute name="Time Running"value="82334"/>
  <attribute name="Number of cores"value="16"/>
</cycle-end>
<allocation-satisfied id="4617" threadId="0000000000968F00" bytesRequested="136" />
<af-end id="4618" timestamp="2019-08-04T20:35:42.090" threadId="0000000000969888" success="true" />
<exclusive-end id="4619" timestamp="2019-08-04T20:35:42.090" durationms="12.115" />

<concurrent-kickoff id="4620" timestamp="2019-08-04T20:35:42.296">
  <kickoff reason="threshold reached" targetBytes="6218254" thresholdFreeBytes="846817" remainingFree="792000" tenureFreeBytes="792000" />
</concurrent-kickoff>
<exclusive-start id="4621" timestamp="2019-08-04T20:35:42.297" intervalms="219.011">
  <response-info timems="0.022" idlems="0.022" threads="0" lastid="0000000000968F00" lastname="main" />
</exclusive-start>
<cycle-start id="4622" type="global" contextid="0" timestamp="2019-08-04T20:35:42.297" intervalms="218.175" />
  <attribute name="GC Util" value="558" />
  <attribute name="CPU Util" value="1935577317126" />
  <attribute name="Time Running"value="82334"/>
  <attribute name="Number of cores"value="16"/>
<exclusive-end id="4623" timestamp="2019-08-04T20:35:42.297" durationms="0.030" />

<exclusive-start id="4624" timestamp="2019-08-04T20:35:42.302" intervalms="5.708">
  <response-info timems="0.027" idlems="0.027" threads="0" lastid="0000000000968F00" lastname="main" />
</exclusive-start>
<af-start id="4625" threadId="0000000000969888" totalBytesRequested="2672" timestamp="2019-08-04T20:35:42.302" intervalms="224.737" />
<concurrent-aborted id="4626" timestamp="2019-08-04T20:35:42.303">
  <reason value="insufficient progress made" />
</concurrent-aborted>
<cycle-end id="4627" type="global" contextid="4622" timestamp="2019-08-04T20:35:42.303">
  <attribute name="GC Util" value="3" />
  <attribute name="CPU Util" value="86054192400" />
  <attribute name="Time Running"value="82548"/>
  <attribute name="Number of cores"value="16"/>
</cycle-end>
<cycle-start id="4628" type="global" contextid="0" timestamp="2019-08-04T20:35:42.303" intervalms="6.488" />
  <attribute name="GC Util" value="3" />
  <attribute name="CPU Util" value="86054192400" />
  <attribute name="Time Running"value="82548"/>
  <attribute name="Number of cores"value="16"/>
<gc-start id="4629" type="global" contextid="4628" timestamp="2019-08-04T20:35:42.303">
  <mem-info id="4630" free="784384" total="78446592" percent="0">
    <mem type="tenure" free="784384" total="78446592" percent="0">
      <mem type="soa" free="0" total="77662208" percent="0" />
      <mem type="loa" free="784384" total="784384" percent="100" />
    </mem>
  </mem-info>
</gc-start>
<allocation-stats totalBytes="59754200" >
  <allocated-bytes non-tlh="0" tlh="59754200" />
  <largest-consumer threadName="main" threadId="0000000000968F00" bytes="59754200" />
</allocation-stats>
<gc-op id="4631" type="mark" timems="9.953" contextid="4628" timestamp="2019-08-04T20:35:42.313">
  <trace-info objectcount="596253" scancount="517261" scanbytes="13277880" />
  <finalization candidates="80" enqueued="0" />
  <ownableSynchronizers candidates="21" cleared="0" />
  <references type="soft" candidates="1843" cleared="0" enqueued="0" dynamicThreshold="19" maxThreshold="32" />
  <references type="weak" candidates="5754" cleared="0" enqueued="0" />
  <references type="phantom" candidates="97" cleared="0" enqueued="0" />
  <stringconstants candidates="13260" cleared="0"  />
</gc-op>
<gc-op id="4632" type="sweep" timems="1.304" contextid="4628" timestamp="2019-08-04T20:35:42.314" />
<gc-end id="4633" type="global" contextid="4628" durationms="11.409" usertimems="70.420" systemtimems="0.000" timestamp="2019-08-04T20:35:42.314" activeThreads="16">
  <mem-info id="4634" free="47806120" total="78446592" percent="60">
    <mem type="tenure" free="47806120" total="78446592" percent="60" micro-fragmented="2848">
      <mem type="soa" free="47021736" total="77662208" percent="60" />
      <mem type="loa" free="784384" total="784384" percent="100" />
    </mem>
  </mem-info>
</gc-end>
<cycle-end id="4635" type="global" contextid="4628" timestamp="2019-08-04T20:35:42.315">
  <attribute name="GC Util" value="615" />
  <attribute name="CPU Util" value="1846282764570" />
  <attribute name="Time Running"value="82559"/>
  <attribute name="Number of cores"value="16"/>
</cycle-end>
<allocation-satisfied id="4636" threadId="0000000000968F00" bytesRequested="2672" />
<af-end id="4637" timestamp="2019-08-04T20:35:42.315" threadId="0000000000969888" success="true" />
<exclusive-end id="4638" timestamp="2019-08-04T20:35:42.315" durationms="12.325" />

<concurrent-kickoff id="4639" timestamp="2019-08-04T20:35:42.324">
  <kickoff reason="threshold reached" targetBytes="6218254" thresholdFreeBytes="846817" remainingFree="846392" tenureFreeBytes="846392" />
</concurrent-kickoff>
<exclusive-start id="4640" timestamp="2019-08-04T20:35:42.325" intervalms="22.412">
  <response-info timems="0.068" idlems="0.068" threads="0" lastid="0000000000968F00" lastname="main" />
</exclusive-start>
<cycle-start id="4641" type="global" contextid="0" timestamp="2019-08-04T20:35:42.325" intervalms="21.626" />
  <attribute name="GC Util" value="615" />
  <attribute name="CPU Util" value="1846282764570" />
  <attribute name="Time Running"value="82559"/>
  <attribute name="Number of cores"value="16"/>
<exclusive-end id="4642" timestamp="2019-08-04T20:35:42.325" durationms="0.021" />

<exclusive-start id="4643" timestamp="2019-08-04T20:35:42.325" intervalms="0.299">
  <response-info timems="0.157" idlems="0.157" threads="0" lastid="0000000000968F00" lastname="main" />
</exclusive-start>
<af-start id="4644" threadId="0000000000969888" totalBytesRequested="16472" timestamp="2019-08-04T20:35:42.325" intervalms="22.699" />
<concurrent-aborted id="4645" timestamp="2019-08-04T20:35:42.326">
  <reason value="insufficient progress made" />
</concurrent-aborted>
<cycle-end id="4646" type="global" contextid="4641" timestamp="2019-08-04T20:35:42.326">
  <attribute name="GC Util" value="77" />
  <attribute name="CPU Util" value="1556115006857" />
  <attribute name="Time Running"value="82571"/>
  <attribute name="Number of cores"value="16"/>
</cycle-end>
<cycle-start id="4647" type="global" contextid="0" timestamp="2019-08-04T20:35:42.326" intervalms="1.266" />
  <attribute name="GC Util" value="77" />
  <attribute name="CPU Util" value="1556115006857" />
  <attribute name="Time Running"value="82571"/>
  <attribute name="Number of cores"value="16"/>
<gc-start id="4648" type="global" contextid="4647" timestamp="2019-08-04T20:35:42.326">
  <mem-info id="4649" free="786336" total="78446592" percent="1">
    <mem type="tenure" free="786336" total="78446592" percent="1">
      <mem type="soa" free="1952" total="77662208" percent="0" />
      <mem type="loa" free="784384" total="784384" percent="100" />
    </mem>
  </mem-info>
</gc-start>
<allocation-stats totalBytes="56393384" >
  <allocated-bytes non-tlh="315144" tlh="56078240" />
  <largest-consumer threadName="main" threadId="0000000000968F00" bytes="56393384" />
</allocation-stats>
<gc-op id="4650" type="mark" timems="12.201" contextid="4647" timestamp="2019-08-04T20:35:42.338">
  <trace-info objectcount="596255" scancount="517264" scanbytes="13294456" />
  <finalization candidates="80" enqueued="0" />
  <ownableSynchronizers candidates="21" cleared="0" />
  <references type="soft" candidates="1843" cleared="0" enqueued="0" dynamicThreshold="19" maxThreshold="32" />
  <references type="weak" candidates="5754" cleared="0" enqueued="0" />
  <references type="phantom" candidates="97" cleared="0" enqueued="0" />
  <stringconstants candidates="13260" cleared="0"  />
</gc-op>
<gc-op id="4651" type="sweep" timems="1.546" contextid="4647" timestamp="2019-08-04T20:35:42.340" />
<gc-end id="4652" type="global" contextid="4647" durationms="13.890" usertimems="71.977" systemtimems="0.000" timestamp="2019-08-04T20:35:42.340" activeThreads="16">
  <mem-info id="4653" free="47790840" total="78446592" percent="60">
    <mem type="tenure" free="47790840" total="78446592" percent="60" micro-fragmented="2848">
      <mem type="soa" free="47006456" total="77662208" percent="60" />
      <mem type="loa" free="784384" total="784384" percent="100" />
    </mem>
  </mem-info>
</gc-end>
<cycle-end id="4654" type="global" contextid="4647" timestamp="2019-08-04T20:35:42.340">
  <attribute name="GC Util" value="496" />
  <attribute name="CPU Util" value="1503268848488" />
  <attribute name="Time Running"value="82584"/>
  <attribute name="Number of cores"value="16"/>
</cycle-end>
<allocation-satisfied id="4655" threadId="0000000000968F00" bytesRequested="16472" />
<af-end id="4656" timestamp="2019-08-04T20:35:42.340" threadId="0000000000969888" success="true" />
<exclusive-end id="4657" timestamp="2019-08-04T20:35:42.340" durationms="15.018" />

<concurrent-kickoff id="4658" timestamp="2019-08-04T20:35:42.493">
  <kickoff reason="threshold reached" targetBytes="6218254" thresholdFreeBytes="846817" remainingFree="830504" tenureFreeBytes="830504" />
</concurrent-kickoff>
<exclusive-start id="4659" timestamp="2019-08-04T20:35:42.493" intervalms="167.855">
  <response-info timems="0.019" idlems="0.019" threads="0" lastid="0000000000968F00" lastname="main" />
</exclusive-start>
<cycle-start id="4660" type="global" contextid="0" timestamp="2019-08-04T20:35:42.493" intervalms="166.888" />
  <attribute name="GC Util" value="496" />
  <attribute name="CPU Util" value="1503268848488" />
  <attribute name="Time Running"value="82584"/>
  <attribute name="Number of cores"value="16"/>
<exclusive-end id="4661" timestamp="2019-08-04T20:35:42.493" durationms="0.021" />

<exclusive-start id="4662" timestamp="2019-08-04T20:35:42.493" intervalms="0.253">
  <response-info timems="0.007" idlems="0.007" threads="0" lastid="0000000000968F00" lastname="main" />
</exclusive-start>
<af-start id="4663" threadId="0000000000969888" totalBytesRequested="80" timestamp="2019-08-04T20:35:42.493" intervalms="168.108" />
<concurrent-aborted id="4664" timestamp="2019-08-04T20:35:42.494">
  <reason value="insufficient progress made" />
</concurrent-aborted>
<cycle-end id="4665" type="global" contextid="4660" timestamp="2019-08-04T20:35:42.494">
  <attribute name="GC Util" value="7" />
  <attribute name="CPU Util" value="119144663046" />
  <attribute name="Time Running"value="82739"/>
  <attribute name="Number of cores"value="16"/>
</cycle-end>
<cycle-start id="4666" type="global" contextid="0" timestamp="2019-08-04T20:35:42.494" intervalms="0.918" />
  <attribute name="GC Util" value="7" />
  <attribute name="CPU Util" value="119144663046" />
  <attribute name="Time Running"value="82739"/>
  <attribute name="Number of cores"value="16"/>
<gc-start id="4667" type="global" contextid="4666" timestamp="2019-08-04T20:35:42.494">
  <mem-info id="4668" free="784384" total="78446592" percent="0">
    <mem type="tenure" free="784384" total="78446592" percent="0">
      <mem type="soa" free="0" total="77662208" percent="0" />
      <mem type="loa" free="784384" total="784384" percent="100" />
    </mem>
  </mem-info>
</gc-start>
<allocation-stats totalBytes="59738032" >
  <allocated-bytes non-tlh="96896" tlh="59641136" />
  <largest-consumer threadName="main" threadId="0000000000968F00" bytes="59738032" />
</allocation-stats>
<gc-op id="4669" type="mark" timems="9.666" contextid="4666" timestamp="2019-08-04T20:35:42.503">
  <trace-info objectcount="596240" scancount="517249" scanbytes="13273392" />
  <finalization candidates="80" enqueued="0" />
  <ownableSynchronizers candidates="21" cleared="0" />
  <references type="soft" candidates="1843" cleared="0" enqueued="0" dynamicThreshold="19" maxThreshold="32" />
  <references type="weak" candidates="5754" cleared="0" enqueued="0" />
  <references type="phantom" candidates="97" cleared="0" enqueued="0" />
  <stringconstants candidates="13260" cleared="0"  />
</gc-op>
<gc-op id="4670" type="sweep" timems="1.386" contextid="4666" timestamp="2019-08-04T20:35:42.505" />
<gc-end id="4671" type="global" contextid="4666" durationms="11.178" usertimems="63.914" systemtimems="0.000" timestamp="2019-08-04T20:35:42.505" activeThreads="16">
  <mem-info id="4672" free="47803992" total="78446592" percent="60">
    <mem type="tenure" free="47803992" total="78446592" percent="60" micro-fragmented="2847">
      <mem type="soa" free="47019608" total="77662208" percent="60" />
      <mem type="loa" free="784384" total="784384" percent="100" />
    </mem>
  </mem-info>
</gc-end>
<cycle-end id="4673" type="global" contextid="4666" timestamp="2019-08-04T20:35:42.505">
  <attribute name="GC Util" value="563" />
  <attribute name="CPU Util" value="1896321352003" />
  <attribute name="Time Running"value="82749"/>
  <attribute name="Number of cores"value="16"/>
</cycle-end>
<allocation-satisfied id="4674" threadId="0000000000968F00" bytesRequested="80" />
<af-end id="4675" timestamp="2019-08-04T20:35:42.505" threadId="0000000000969888" success="true" />
<exclusive-end id="4676" timestamp="2019-08-04T20:35:42.505" durationms="11.995" />

<concurrent-kickoff id="4677" timestamp="2019-08-04T20:35:42.559">
  <kickoff reason="threshold reached" targetBytes="6218254" thresholdFreeBytes="846817" remainingFree="803128" tenureFreeBytes="803128" />
</concurrent-kickoff>
<exclusive-start id="4678" timestamp="2019-08-04T20:35:42.559" intervalms="66.305">
  <response-info timems="0.015" idlems="0.015" threads="0" lastid="0000000000968F00" lastname="main" />
</exclusive-start>
<cycle-start id="4679" type="global" contextid="0" timestamp="2019-08-04T20:35:42.559" intervalms="65.642" />
  <attribute name="GC Util" value="563" />
  <attribute name="CPU Util" value="1896321352003" />
  <attribute name="Time Running"value="82749"/>
  <attribute name="Number of cores"value="16"/>
<exclusive-end id="4680" timestamp="2019-08-04T20:35:42.559" durationms="0.025" />

<exclusive-start id="4681" timestamp="2019-08-04T20:35:42.560" intervalms="0.211">
  <response-info timems="0.007" idlems="0.007" threads="0" lastid="0000000000968F00" lastname="main" />
</exclusive-start>
<af-start id="4682" threadId="0000000000969888" totalBytesRequested="16" timestamp="2019-08-04T20:35:42.560" intervalms="66.528" />
<concurrent-aborted id="4683" timestamp="2019-08-04T20:35:42.561">
  <reason value="insufficient progress made" />
</concurrent-aborted>
<cycle-end id="4684" type="global" contextid="4679" timestamp="2019-08-04T20:35:42.561">
  <attribute name="GC Util" value="16" />
  <attribute name="CPU Util" value="328863590743" />
  <attribute name="Time Running"value="82805"/>
  <attribute name="Number of cores"value="16"/>
</cycle-end>
<cycle-start id="4685" type="global" contextid="0" timestamp="2019-08-04T20:35:42.561" intervalms="1.598" />
  <attribute name="GC Util" value="16" />
  <attribute name="CPU Util" value="328863590743" />
  <attribute name="Time Running"value="82805"/>
  <attribute name="Number of cores"value="16"/>
<gc-start id="4686" type="global" contextid="4685" timestamp="2019-08-04T20:35:42.561">
  <mem-info id="4687" free="784384" total="78446592" percent="0">
    <mem type="tenure" free="784384" total="78446592" percent="0">
      <mem type="soa" free="0" total="77662208" percent="0" />
      <mem type="loa" free="784384" total="784384" percent="100" />
    </mem>
  </mem-info>
</gc-start>
<allocation-stats totalBytes="59759272" >
  <allocated-bytes non-tlh="0" tlh="59759272" />
  <largest-consumer threadName="main" threadId="0000000000968F00" bytes="59759272" />
</allocation-stats>
<gc-op id="4688" type="mark" timems="10.849" contextid="4685" timestamp="2019-08-04T20:35:42.572">
  <trace-info objectcount="596255" scancount="517256" scanbytes="13274080" />
  <finalization candidates="80" enqueued="0" />
  <ownableSynchronizers candidates="21" cleared="0" />
  <references type="soft" candidates="1843" cleared="0" enqueued="0" dynamicThreshold="19" maxThreshold="32" />
  <references type="weak" candidates="5754" cleared="0" enqueued="0" />
  <references type="phantom" candidates="97" cleared="0" enqueued="0" />
  <stringconstants candidates="13260" cleared="0"  />
</gc-op>
<gc-op id="4689" type="sweep" timems="1.239" contextid="4685" timestamp="2019-08-04T20:35:42.573" />
<gc-end id="4690" type="global" contextid="4685" durationms="12.199" usertimems="51.800" systemtimems="0.000" timestamp="2019-08-04T20:35:42.573" activeThreads="16">
  <mem-info id="4691" free="47805512" total="78446592" percent="60">
    <mem type="tenure" free="47805512" total="78446592" percent="60" micro-fragmented="2847">
      <mem type="soa" free="47021128" total="77662208" percent="60" />
      <mem type="loa" free="784384" total="784384" percent="100" />
    </mem>
  </mem-info>
</gc-end>
<cycle-end id="4692" type="global" contextid="4685" timestamp="2019-08-04T20:35:42.573">
  <attribute name="GC Util" value="383" />
  <attribute name="CPU Util" value="1692161149997" />
  <attribute name="Time Running"value="82818"/>
  <attribute name="Number of cores"value="16"/>
</cycle-end>
<allocation-satisfied id="4693" threadId="0000000000968F00" bytesRequested="16" />
<af-end id="4694" timestamp="2019-08-04T20:35:42.573" threadId="0000000000969888" success="true" />
<exclusive-end id="4695" timestamp="2019-08-04T20:35:42.573" durationms="13.750" />

<concurrent-kickoff id="4696" timestamp="2019-08-04T20:35:42.630">
  <kickoff reason="threshold reached" targetBytes="6218254" thresholdFreeBytes="846817" remainingFree="802472" tenureFreeBytes="802472" />
</concurrent-kickoff>
<exclusive-start id="4697" timestamp="2019-08-04T20:35:42.630" intervalms="70.928">
  <response-info timems="0.023" idlems="0.023" threads="0" lastid="0000000000968F00" lastname="main" />
</exclusive-start>
<cycle-start id="4698" type="global" contextid="0" timestamp="2019-08-04T20:35:42.631" intervalms="69.568" />
  <attribute name="GC Util" value="383" />
  <attribute name="CPU Util" value="1692161149997" />
  <attribute name="Time Running"value="82818"/>
  <attribute name="Number of cores"value="16"/>
<exclusive-end id="4699" timestamp="2019-08-04T20:35:42.631" durationms="0.054" />

<exclusive-start id="4700" timestamp="2019-08-04T20:35:42.631" intervalms="0.280">
  <response-info timems="0.008" idlems="0.008" threads="0" lastid="0000000000968F00" lastname="main" />
</exclusive-start>
<af-start id="4701" threadId="0000000000969888" totalBytesRequested="24" timestamp="2019-08-04T20:35:42.631" intervalms="71.199" />
<concurrent-aborted id="4702" timestamp="2019-08-04T20:35:42.632">
  <reason value="insufficient progress made" />
</concurrent-aborted>
<cycle-end id="4703" type="global" contextid="4698" timestamp="2019-08-04T20:35:42.632">
  <attribute name="GC Util" value="18" />
  <attribute name="CPU Util" value="313216295670" />
  <attribute name="Time Running"value="82876"/>
  <attribute name="Number of cores"value="16"/>
</cycle-end>
<cycle-start id="4704" type="global" contextid="0" timestamp="2019-08-04T20:35:42.632" intervalms="1.036" />
  <attribute name="GC Util" value="18" />
  <attribute name="CPU Util" value="313216295670" />
  <attribute name="Time Running"value="82876"/>
  <attribute name="Number of cores"value="16"/>
<gc-start id="4705" type="global" contextid="4704" timestamp="2019-08-04T20:35:42.632">
  <mem-info id="4706" free="784384" total="78446592" percent="0">
    <mem type="tenure" free="784384" total="78446592" percent="0">
      <mem type="soa" free="0" total="77662208" percent="0" />
      <mem type="loa" free="784384" total="784384" percent="100" />
    </mem>
  </mem-info>
</gc-start>
<allocation-stats totalBytes="59753800" >
  <allocated-bytes non-tlh="0" tlh="59753800" />
  <largest-consumer threadName="main" threadId="0000000000968F00" bytes="59753800" />
</allocation-stats>
<gc-op id="4707" type="mark" timems="9.020" contextid="4704" timestamp="2019-08-04T20:35:42.641">
  <trace-info objectcount="596253" scancount="517261" scanbytes="13273780" />
  <finalization candidates="80" enqueued="0" />
  <ownableSynchronizers candidates="21" cleared="0" />
  <references type="soft" candidates="1843" cleared="0" enqueued="0" dynamicThreshold="19" maxThreshold="32" />
  <references type="weak" candidates="5754" cleared="0" enqueued="0" />
  <references type="phantom" candidates="97" cleared="0" enqueued="0" />
  <stringconstants candidates="13260" cleared="0"  />
</gc-op>
<gc-op id="4708" type="sweep" timems="1.593" contextid="4704" timestamp="2019-08-04T20:35:42.642" />
<gc-end id="4709" type="global" contextid="4704" durationms="10.721" usertimems="59.515" systemtimems="0.000" timestamp="2019-08-04T20:35:42.642" activeThreads="16">
  <mem-info id="4710" free="47806512" total="78446592" percent="60">
    <mem type="tenure" free="47806512" total="78446592" percent="60" micro-fragmented="2847">
      <mem type="soa" free="47022128" total="77662208" percent="60" />
      <mem type="loa" free="784384" total="784384" percent="100" />
    </mem>
  </mem-info>
</gc-end>
<cycle-end id="4711" type="global" contextid="4704" timestamp="2019-08-04T20:35:42.642">
  <attribute name="GC Util" value="545" />
  <attribute name="CPU Util" value="2031316964194" />
  <attribute name="Time Running"value="82886"/>
  <attribute name="Number of cores"value="16"/>
</cycle-end>
<allocation-satisfied id="4712" threadId="0000000000968F00" bytesRequested="24" />
<af-end id="4713" timestamp="2019-08-04T20:35:42.642" threadId="0000000000969888" success="true" />
<exclusive-end id="4714" timestamp="2019-08-04T20:35:42.642" durationms="11.654" />

<concurrent-kickoff id="4715" timestamp="2019-08-04T20:35:42.722">
  <kickoff reason="threshold reached" targetBytes="6218254" thresholdFreeBytes="846817" remainingFree="802352" tenureFreeBytes="802352" />
</concurrent-kickoff>
<exclusive-start id="4716" timestamp="2019-08-04T20:35:42.723" intervalms="91.896">
  <response-info timems="0.018" idlems="0.018" threads="0" lastid="0000000000968F00" lastname="main" />
</exclusive-start>
<cycle-start id="4717" type="global" contextid="0" timestamp="2019-08-04T20:35:42.723" intervalms="91.104" />
  <attribute name="GC Util" value="545" />
  <attribute name="CPU Util" value="2031316964194" />
  <attribute name="Time Running"value="82886"/>
  <attribute name="Number of cores"value="16"/>
<exclusive-end id="4718" timestamp="2019-08-04T20:35:42.723" durationms="0.016" />

<exclusive-start id="4719" timestamp="2019-08-04T20:35:42.723" intervalms="0.387">
  <response-info timems="0.009" idlems="0.009" threads="0" lastid="0000000000968F00" lastname="main" />
</exclusive-start>
<af-start id="4720" threadId="0000000000969888" totalBytesRequested="48" timestamp="2019-08-04T20:35:42.723" intervalms="92.279" />
<concurrent-aborted id="4721" timestamp="2019-08-04T20:35:42.724">
  <reason value="insufficient progress made" />
</concurrent-aborted>
<cycle-end id="4722" type="global" contextid="4717" timestamp="2019-08-04T20:35:42.724">
  <attribute name="GC Util" value="12" />
  <attribute name="CPU Util" value="223507108544" />
  <attribute name="Time Running"value="82969"/>
  <attribute name="Number of cores"value="16"/>
</cycle-end>
<cycle-start id="4723" type="global" contextid="0" timestamp="2019-08-04T20:35:42.725" intervalms="1.860" />
  <attribute name="GC Util" value="12" />
  <attribute name="CPU Util" value="223507108544" />
  <attribute name="Time Running"value="82969"/>
  <attribute name="Number of cores"value="16"/>
<gc-start id="4724" type="global" contextid="4723" timestamp="2019-08-04T20:35:42.725">
  <mem-info id="4725" free="784384" total="78446592" percent="0">
    <mem type="tenure" free="784384" total="78446592" percent="0">
      <mem type="soa" free="0" total="77662208" percent="0" />
      <mem type="loa" free="784384" total="784384" percent="100" />
    </mem>
  </mem-info>
</gc-start>
<allocation-stats totalBytes="59761560" >
  <allocated-bytes non-tlh="0" tlh="59761560" />
  <largest-consumer threadName="main" threadId="0000000000968F00" bytes="59761560" />
</allocation-stats>
<gc-op id="4726" type="mark" timems="49.500" contextid="4723" timestamp="2019-08-04T20:35:42.774">
  <trace-info objectcount="596259" scancount="517265" scanbytes="13273864" />
  <finalization candidates="80" enqueued="0" />
  <ownableSynchronizers candidates="21" cleared="0" />
  <references type="soft" candidates="1843" cleared="0" enqueued="0" dynamicThreshold="19" maxThreshold="32" />
  <references type="weak" candidates="5754" cleared="0" enqueued="0" />
  <references type="phantom" candidates="97" cleared="0" enqueued="0" />
  <stringconstants candidates="13260" cleared="0"  />
</gc-op>
<gc-op id="4727" type="sweep" timems="3.878" contextid="4723" timestamp="2019-08-04T20:35:42.778" />
<gc-end id="4728" type="global" contextid="4723" durationms="53.623" usertimems="178.047" systemtimems="0.000" timestamp="2019-08-04T20:35:42.778" activeThreads="16">
  <mem-info id="4729" free="47806944" total="78446592" percent="60">
    <mem type="tenure" free="47806944" total="78446592" percent="60" micro-fragmented="2848">
      <mem type="soa" free="47022560" total="77662208" percent="60" />
      <mem type="loa" free="784384" total="784384" percent="100" />
    </mem>
  </mem-info>
</gc-end>
<cycle-end id="4730" type="global" contextid="4723" timestamp="2019-08-04T20:35:42.778">
  <attribute name="GC Util" value="314" />
  <attribute name="CPU Util" value="371338560233" />
  <attribute name="Time Running"value="83020"/>
  <attribute name="Number of cores"value="16"/>
</cycle-end>
<allocation-satisfied id="4731" threadId="0000000000968F00" bytesRequested="48" />
<af-end id="4732" timestamp="2019-08-04T20:35:42.778" threadId="0000000000969888" success="true" />
<exclusive-end id="4733" timestamp="2019-08-04T20:35:42.778" durationms="55.289" />

<concurrent-kickoff id="4734" timestamp="2019-08-04T20:35:42.841">
  <kickoff reason="threshold reached" targetBytes="6218254" thresholdFreeBytes="846817" remainingFree="802656" tenureFreeBytes="802656" />
</concurrent-kickoff>
<exclusive-start id="4735" timestamp="2019-08-04T20:35:42.841" intervalms="118.363">
  <response-info timems="0.023" idlems="0.023" threads="0" lastid="0000000000968F00" lastname="main" />
</exclusive-start>
<cycle-start id="4736" type="global" contextid="0" timestamp="2019-08-04T20:35:42.841" intervalms="116.892" />
  <attribute name="GC Util" value="314" />
  <attribute name="CPU Util" value="371338560233" />
  <attribute name="Time Running"value="83020"/>
  <attribute name="Number of cores"value="16"/>
<exclusive-end id="4737" timestamp="2019-08-04T20:35:42.841" durationms="0.019" />

<exclusive-start id="4738" timestamp="2019-08-04T20:35:42.842" intervalms="0.673">
  <response-info timems="0.086" idlems="0.086" threads="0" lastid="0000000000968F00" lastname="main" />
</exclusive-start>
<af-start id="4739" threadId="0000000000969888" totalBytesRequested="24" timestamp="2019-08-04T20:35:42.842" intervalms="119.057" />
<concurrent-aborted id="4740" timestamp="2019-08-04T20:35:42.844">
  <reason value="insufficient progress made" />
</concurrent-aborted>
<cycle-end id="4741" type="global" contextid="4736" timestamp="2019-08-04T20:35:42.844">
  <attribute name="GC Util" value="33" />
  <attribute name="CPU Util" value="271646362662" />
  <attribute name="Time Running"value="83088"/>
  <attribute name="Number of cores"value="16"/>
</cycle-end>
<cycle-start id="4742" type="global" contextid="0" timestamp="2019-08-04T20:35:42.844" intervalms="2.457" />
  <attribute name="GC Util" value="33" />
  <attribute name="CPU Util" value="271646362662" />
  <attribute name="Time Running"value="83088"/>
  <attribute name="Number of cores"value="16"/>
<gc-start id="4743" type="global" contextid="4742" timestamp="2019-08-04T20:35:42.844">
  <mem-info id="4744" free="784384" total="78446592" percent="0">
    <mem type="tenure" free="784384" total="78446592" percent="0">
      <mem type="soa" free="0" total="77662208" percent="0" />
      <mem type="loa" free="784384" total="784384" percent="100" />
    </mem>
  </mem-info>
</gc-start>
<allocation-stats totalBytes="59765296" >
  <allocated-bytes non-tlh="0" tlh="59765296" />
  <largest-consumer threadName="main" threadId="0000000000968F00" bytes="59765296" />
</allocation-stats>
<gc-op id="4745" type="mark" timems="35.272" contextid="4742" timestamp="2019-08-04T20:35:42.880">
  <trace-info objectcount="596251" scancount="517258" scanbytes="13273856" />
  <finalization candidates="80" enqueued="0" />
  <ownableSynchronizers candidates="21" cleared="0" />
  <references type="soft" candidates="1843" cleared="0" enqueued="0" dynamicThreshold="19" maxThreshold="32" />
  <references type="weak" candidates="5754" cleared="0" enqueued="0" />
  <references type="phantom" candidates="97" cleared="0" enqueued="0" />
  <stringconstants candidates="13260" cleared="0"  />
</gc-op>
<gc-op id="4746" type="sweep" timems="2.842" contextid="4742" timestamp="2019-08-04T20:35:42.883" />
<gc-end id="4747" type="global" contextid="4742" durationms="38.812" usertimems="161.646" systemtimems="0.000" timestamp="2019-08-04T20:35:42.883" activeThreads="16">
  <mem-info id="4748" free="47807448" total="78446592" percent="60">
    <mem type="tenure" free="47807448" total="78446592" percent="60" micro-fragmented="2848">
      <mem type="soa" free="47023064" total="77662208" percent="60" />
      <mem type="loa" free="784384" total="784384" percent="100" />
    </mem>
  </mem-info>
</gc-end>
<cycle-end id="4749" type="global" contextid="4742" timestamp="2019-08-04T20:35:42.883">
  <attribute name="GC Util" value="369" />
  <attribute name="CPU Util" value="522380281205" />
  <attribute name="Time Running"value="83126"/>
  <attribute name="Number of cores"value="16"/>
</cycle-end>
<allocation-satisfied id="4750" threadId="0000000000968F00" bytesRequested="24" />
<af-end id="4751" timestamp="2019-08-04T20:35:42.883" threadId="0000000000969888" success="true" />
<exclusive-end id="4752" timestamp="2019-08-04T20:35:42.883" durationms="40.782" />

<concurrent-kickoff id="4753" timestamp="2019-08-04T20:35:43.016">
  <kickoff reason="threshold reached" targetBytes="6218254" thresholdFreeBytes="846817" remainingFree="802544" tenureFreeBytes="802544" />
</concurrent-kickoff>
<exclusive-start id="4754" timestamp="2019-08-04T20:35:43.017" intervalms="174.474">
  <response-info timems="0.022" idlems="0.022" threads="0" lastid="0000000000968F00" lastname="main" />
</exclusive-start>
<cycle-start id="4755" type="global" contextid="0" timestamp="2019-08-04T20:35:43.017" intervalms="172.688" />
  <attribute name="GC Util" value="369" />
  <attribute name="CPU Util" value="522380281205" />
  <attribute name="Time Running"value="83126"/>
  <attribute name="Number of cores"value="16"/>
<exclusive-end id="4756" timestamp="2019-08-04T20:35:43.017" durationms="0.014" />

<exclusive-start id="4757" timestamp="2019-08-04T20:35:43.017" intervalms="0.171">
  <response-info timems="0.008" idlems="0.008" threads="0" lastid="0000000000968F00" lastname="main" />
</exclusive-start>
<af-start id="4758" threadId="0000000000969888" totalBytesRequested="24" timestamp="2019-08-04T20:35:43.017" intervalms="174.628" />
<concurrent-aborted id="4759" timestamp="2019-08-04T20:35:43.017">
  <reason value="insufficient progress made" />
</concurrent-aborted>
<cycle-end id="4760" type="global" contextid="4755" timestamp="2019-08-04T20:35:43.017">
  <attribute name="GC Util" value="23" />
  <attribute name="CPU Util" value="134760719443" />
  <attribute name="Time Running"value="83262"/>
  <attribute name="Number of cores"value="16"/>
</cycle-end>
<cycle-start id="4761" type="global" contextid="0" timestamp="2019-08-04T20:35:43.017" intervalms="0.864" />
  <attribute name="GC Util" value="23" />
  <attribute name="CPU Util" value="134760719443" />
  <attribute name="Time Running"value="83262"/>
  <attribute name="Number of cores"value="16"/>
<gc-start id="4762" type="global" contextid="4761" timestamp="2019-08-04T20:35:43.017">
  <mem-info id="4763" free="784384" total="78446592" percent="0">
    <mem type="tenure" free="784384" total="78446592" percent="0">
      <mem type="soa" free="0" total="77662208" percent="0" />
      <mem type="loa" free="784384" total="784384" percent="100" />
    </mem>
  </mem-info>
</gc-start>
<allocation-stats totalBytes="59766440" >
  <allocated-bytes non-tlh="0" tlh="59766440" />
  <largest-consumer threadName="main" threadId="0000000000968F00" bytes="59766440" />
</allocation-stats>
<gc-op id="4764" type="mark" timems="27.901" contextid="4761" timestamp="2019-08-04T20:35:43.045">
  <trace-info objectcount="596257" scancount="517263" scanbytes="13273828" />
  <finalization candidates="80" enqueued="0" />
  <ownableSynchronizers candidates="21" cleared="0" />
  <references type="soft" candidates="1843" cleared="0" enqueued="0" dynamicThreshold="19" maxThreshold="32" />
  <references type="weak" candidates="5754" cleared="0" enqueued="0" />
  <references type="phantom" candidates="97" cleared="0" enqueued="0" />
  <stringconstants candidates="13260" cleared="0"  />
</gc-op>
<gc-op id="4765" type="sweep" timems="1.427" contextid="4761" timestamp="2019-08-04T20:35:43.047" />
<gc-end id="4766" type="global" contextid="4761" durationms="29.450" usertimems="185.955" systemtimems="0.000" timestamp="2019-08-04T20:35:43.047" activeThreads="16">
  <mem-info id="4767" free="47807688" total="78446592" percent="60">
    <mem type="tenure" free="47807688" total="78446592" percent="60" micro-fragmented="2849">
      <mem type="soa" free="47023304" total="77662208" percent="60" />
      <mem type="loa" free="784384" total="784384" percent="100" />
    </mem>
  </mem-info>
</gc-end>
<cycle-end id="4768" type="global" contextid="4761" timestamp="2019-08-04T20:35:43.047">
  <attribute name="GC Util" value="568" />
  <attribute name="CPU Util" value="660301149725" />
  <attribute name="Time Running"value="83291"/>
  <attribute name="Number of cores"value="16"/>
</cycle-end>
<allocation-satisfied id="4769" threadId="0000000000968F00" bytesRequested="24" />
<af-end id="4770" timestamp="2019-08-04T20:35:43.047" threadId="0000000000969888" success="true" />
<exclusive-end id="4771" timestamp="2019-08-04T20:35:43.047" durationms="30.307" />

<concurrent-kickoff id="4772" timestamp="2019-08-04T20:35:43.091">
  <kickoff reason="threshold reached" targetBytes="6218254" thresholdFreeBytes="846817" remainingFree="802320" tenureFreeBytes="802320" />
</concurrent-kickoff>
<exclusive-start id="4773" timestamp="2019-08-04T20:35:43.091" intervalms="74.453">
  <response-info timems="0.023" idlems="0.023" threads="0" lastid="0000000000968F00" lastname="main" />
</exclusive-start>
<cycle-start id="4774" type="global" contextid="0" timestamp="2019-08-04T20:35:43.091" intervalms="73.797" />
  <attribute name="GC Util" value="568" />
  <attribute name="CPU Util" value="660301149725" />
  <attribute name="Time Running"value="83291"/>
  <attribute name="Number of cores"value="16"/>
<exclusive-end id="4775" timestamp="2019-08-04T20:35:43.091" durationms="0.052" />

<exclusive-start id="4776" timestamp="2019-08-04T20:35:43.091" intervalms="0.253">
  <response-info timems="0.007" idlems="0.007" threads="0" lastid="0000000000968F00" lastname="main" />
</exclusive-start>
<af-start id="4777" threadId="0000000000969888" totalBytesRequested="16" timestamp="2019-08-04T20:35:43.091" intervalms="74.704" />
<concurrent-aborted id="4778" timestamp="2019-08-04T20:35:43.092">
  <reason value="insufficient progress made" />
</concurrent-aborted>
<cycle-end id="4779" type="global" contextid="4774" timestamp="2019-08-04T20:35:43.092">
  <attribute name="GC Util" value="59" />
  <attribute name="CPU Util" value="400831729286" />
  <attribute name="Time Running"value="83337"/>
  <attribute name="Number of cores"value="16"/>
</cycle-end>
<cycle-start id="4780" type="global" contextid="0" timestamp="2019-08-04T20:35:43.093" intervalms="1.286" />
  <attribute name="GC Util" value="59" />
  <attribute name="CPU Util" value="400831729286" />
  <attribute name="Time Running"value="83337"/>
  <attribute name="Number of cores"value="16"/>
<gc-start id="4781" type="global" contextid="4780" timestamp="2019-08-04T20:35:43.093">
  <mem-info id="4782" free="784384" total="78446592" percent="0">
    <mem type="tenure" free="784384" total="78446592" percent="0">
      <mem type="soa" free="0" total="77662208" percent="0" />
      <mem type="loa" free="784384" total="784384" percent="100" />
    </mem>
  </mem-info>
</gc-start>
<allocation-stats totalBytes="59765704" >
  <allocated-bytes non-tlh="0" tlh="59765704" />
  <largest-consumer threadName="main" threadId="0000000000968F00" bytes="59765704" />
</allocation-stats>
<gc-op id="4783" type="mark" timems="8.154" contextid="4780" timestamp="2019-08-04T20:35:43.101">
  <trace-info objectcount="596266" scancount="517273" scanbytes="13274096" />
  <finalization candidates="80" enqueued="0" />
  <ownableSynchronizers candidates="21" cleared="0" />
  <references type="soft" candidates="1843" cleared="0" enqueued="0" dynamicThreshold="19" maxThreshold="32" />
  <references type="weak" candidates="5754" cleared="0" enqueued="0" />
  <references type="phantom" candidates="97" cleared="0" enqueued="0" />
  <stringconstants candidates="13260" cleared="0"  />
</gc-op>
<gc-op id="4784" type="sweep" timems="1.391" contextid="4780" timestamp="2019-08-04T20:35:43.102" />
<gc-end id="4785" type="global" contextid="4780" durationms="9.679" usertimems="54.348" systemtimems="0.000" timestamp="2019-08-04T20:35:43.102" activeThreads="16">
  <mem-info id="4786" free="47808024" total="78446592" percent="60">
    <mem type="tenure" free="47808024" total="78446592" percent="60" micro-fragmented="2849">
      <mem type="soa" free="47023640" total="77662208" percent="60" />
      <mem type="loa" free="784384" total="784384" percent="100" />
    </mem>
  </mem-info>
</gc-end>
<cycle-end id="4787" type="global" contextid="4780" timestamp="2019-08-04T20:35:43.102">
  <attribute name="GC Util" value="561" />
  <attribute name="CPU Util" value="2251098656187" />
  <attribute name="Time Running"value="83346"/>
  <attribute name="Number of cores"value="16"/>
</cycle-end>
<allocation-satisfied id="4788" threadId="0000000000968F00" bytesRequested="16" />
<af-end id="4789" timestamp="2019-08-04T20:35:43.102" threadId="0000000000969888" success="true" />
<exclusive-end id="4790" timestamp="2019-08-04T20:35:43.102" durationms="10.941" />

<concurrent-kickoff id="4791" timestamp="2019-08-04T20:35:43.147">
  <kickoff reason="threshold reached" targetBytes="6218254" thresholdFreeBytes="846817" remainingFree="802152" tenureFreeBytes="802152" />
</concurrent-kickoff>
<exclusive-start id="4792" timestamp="2019-08-04T20:35:43.147" intervalms="55.828">
  <response-info timems="0.024" idlems="0.024" threads="0" lastid="0000000000968F00" lastname="main" />
</exclusive-start>
<cycle-start id="4793" type="global" contextid="0" timestamp="2019-08-04T20:35:43.147" intervalms="54.783" />
  <attribute name="GC Util" value="561" />
  <attribute name="CPU Util" value="2251098656187" />
  <attribute name="Time Running"value="83346"/>
  <attribute name="Number of cores"value="16"/>
<exclusive-end id="4794" timestamp="2019-08-04T20:35:43.147" durationms="0.043" />

<exclusive-start id="4795" timestamp="2019-08-04T20:35:43.148" intervalms="0.273">
  <response-info timems="0.007" idlems="0.007" threads="0" lastid="0000000000968F00" lastname="main" />
</exclusive-start>
<af-start id="4796" threadId="0000000000969888" totalBytesRequested="24" timestamp="2019-08-04T20:35:43.148" intervalms="56.100" />
<concurrent-aborted id="4797" timestamp="2019-08-04T20:35:43.148">
  <reason value="insufficient progress made" />
</concurrent-aborted>
<cycle-end id="4798" type="global" contextid="4793" timestamp="2019-08-04T20:35:43.148">
  <attribute name="GC Util" value="18" />
  <attribute name="CPU Util" value="394022310541" />
  <attribute name="Time Running"value="83393"/>
  <attribute name="Number of cores"value="16"/>
</cycle-end>
<cycle-start id="4799" type="global" contextid="0" timestamp="2019-08-04T20:35:43.148" intervalms="0.952" />
  <attribute name="GC Util" value="18" />
  <attribute name="CPU Util" value="394022310541" />
  <attribute name="Time Running"value="83393"/>
  <attribute name="Number of cores"value="16"/>
<gc-start id="4800" type="global" contextid="4799" timestamp="2019-08-04T20:35:43.148">
  <mem-info id="4801" free="784384" total="78446592" percent="0">
    <mem type="tenure" free="784384" total="78446592" percent="0">
      <mem type="soa" free="0" total="77662208" percent="0" />
      <mem type="loa" free="784384" total="784384" percent="100" />
    </mem>
  </mem-info>
</gc-start>
<allocation-stats totalBytes="59765208" >
  <allocated-bytes non-tlh="0" tlh="59765208" />
  <largest-consumer threadName="main" threadId="0000000000968F00" bytes="59765208" />
</allocation-stats>
<gc-op id="4802" type="mark" timems="9.111" contextid="4799" timestamp="2019-08-04T20:35:43.157">
  <trace-info objectcount="596262" scancount="517270" scanbytes="13274048" />
  <finalization candidates="80" enqueued="0" />
  <ownableSynchronizers candidates="21" cleared="0" />
  <references type="soft" candidates="1843" cleared="0" enqueued="0" dynamicThreshold="19" maxThreshold="32" />
  <references type="weak" candidates="5754" cleared="0" enqueued="0" />
  <references type="phantom" candidates="97" cleared="0" enqueued="0" />
  <stringconstants candidates="13260" cleared="0"  />
</gc-op>
<gc-op id="4803" type="sweep" timems="1.557" contextid="4799" timestamp="2019-08-04T20:35:43.159" />
<gc-end id="4804" type="global" contextid="4799" durationms="10.796" usertimems="66.693" systemtimems="0.000" timestamp="2019-08-04T20:35:43.159" activeThreads="16">
  <mem-info id="4805" free="47808264" total="78446592" percent="60">
    <mem type="tenure" free="47808264" total="78446592" percent="60" micro-fragmented="2849">
      <mem type="soa" free="47023880" total="77662208" percent="60" />
      <mem type="loa" free="784384" total="784384" percent="100" />
    </mem>
  </mem-info>
</gc-end>
<cycle-end id="4806" type="global" contextid="4799" timestamp="2019-08-04T20:35:43.159">
  <attribute name="GC Util" value="625" />
  <attribute name="CPU Util" value="2006450571138" />
  <attribute name="Time Running"value="83403"/>
  <attribute name="Number of cores"value="16"/>
</cycle-end>
<allocation-satisfied id="4807" threadId="0000000000968F00" bytesRequested="24" />
<af-end id="4808" timestamp="2019-08-04T20:35:43.159" threadId="0000000000969888" success="true" />
<exclusive-end id="4809" timestamp="2019-08-04T20:35:43.159" durationms="11.707" />

<concurrent-kickoff id="4810" timestamp="2019-08-04T20:35:43.256">
  <kickoff reason="threshold reached" targetBytes="6218254" thresholdFreeBytes="846817" remainingFree="802080" tenureFreeBytes="802080" />
</concurrent-kickoff>
<exclusive-start id="4811" timestamp="2019-08-04T20:35:43.256" intervalms="108.796">
  <response-info timems="0.016" idlems="0.016" threads="0" lastid="0000000000968F00" lastname="main" />
</exclusive-start>
<cycle-start id="4812" type="global" contextid="0" timestamp="2019-08-04T20:35:43.256" intervalms="108.092" />
  <attribute name="GC Util" value="625" />
  <attribute name="CPU Util" value="2006450571138" />
  <attribute name="Time Running"value="83403"/>
  <attribute name="Number of cores"value="16"/>
<exclusive-end id="4813" timestamp="2019-08-04T20:35:43.256" durationms="0.014" />

<exclusive-start id="4814" timestamp="2019-08-04T20:35:43.257" intervalms="0.200">
  <response-info timems="0.010" idlems="0.010" threads="0" lastid="0000000000968F00" lastname="main" />
</exclusive-start>
<af-start id="4815" threadId="0000000000969888" totalBytesRequested="48" timestamp="2019-08-04T20:35:43.257" intervalms="109.000" />
<concurrent-aborted id="4816" timestamp="2019-08-04T20:35:43.258">
  <reason value="insufficient progress made" />
</concurrent-aborted>
<cycle-end id="4817" type="global" contextid="4812" timestamp="2019-08-04T20:35:43.258">
  <attribute name="GC Util" value="9" />
  <attribute name="CPU Util" value="186170348087" />
  <attribute name="Time Running"value="83502"/>
  <attribute name="Number of cores"value="16"/>
</cycle-end>
<cycle-start id="4818" type="global" contextid="0" timestamp="2019-08-04T20:35:43.258" intervalms="1.226" />
  <attribute name="GC Util" value="9" />
  <attribute name="CPU Util" value="186170348087" />
  <attribute name="Time Running"value="83502"/>
  <attribute name="Number of cores"value="16"/>
<gc-start id="4819" type="global" contextid="4818" timestamp="2019-08-04T20:35:43.258">
  <mem-info id="4820" free="784384" total="78446592" percent="0">
    <mem type="tenure" free="784384" total="78446592" percent="0">
      <mem type="soa" free="0" total="77662208" percent="0" />
      <mem type="loa" free="784384" total="784384" percent="100" />
    </mem>
  </mem-info>
</gc-start>
<allocation-stats totalBytes="59735888" >
  <allocated-bytes non-tlh="0" tlh="59735888" />
  <largest-consumer threadName="main" threadId="0000000000968F00" bytes="59735888" />
</allocation-stats>
<gc-op id="4821" type="mark" timems="21.464" contextid="4818" timestamp="2019-08-04T20:35:43.279">
  <trace-info objectcount="596276" scancount="517269" scanbytes="13274188" />
  <finalization candidates="80" enqueued="0" />
  <ownableSynchronizers candidates="21" cleared="0" />
  <references type="soft" candidates="1843" cleared="0" enqueued="0" dynamicThreshold="19" maxThreshold="32" />
  <references type="weak" candidates="5754" cleared="0" enqueued="0" />
  <references type="phantom" candidates="97" cleared="0" enqueued="0" />
  <stringconstants candidates="13260" cleared="0"  />
</gc-op>
<gc-op id="4822" type="sweep" timems="1.494" contextid="4818" timestamp="2019-08-04T20:35:43.281" />
<gc-end id="4823" type="global" contextid="4818" durationms="23.064" usertimems="158.078" systemtimems="0.000" timestamp="2019-08-04T20:35:43.281" activeThreads="16">
  <mem-info id="4824" free="47808440" total="78446592" percent="60">
    <mem type="tenure" free="47808440" total="78446592" percent="60" micro-fragmented="2849">
      <mem type="soa" free="47024056" total="77662208" percent="60" />
      <mem type="loa" free="784384" total="784384" percent="100" />
    </mem>
  </mem-info>
</gc-end>
<cycle-end id="4825" type="global" contextid="4818" timestamp="2019-08-04T20:35:43.281">
  <attribute name="GC Util" value="641" />
  <attribute name="CPU Util" value="857165234810" />
  <attribute name="Time Running"value="83525"/>
  <attribute name="Number of cores"value="16"/>
</cycle-end>
<allocation-satisfied id="4826" threadId="0000000000968F00" bytesRequested="48" />
<af-end id="4827" timestamp="2019-08-04T20:35:43.281" threadId="0000000000969888" success="true" />
<exclusive-end id="4828" timestamp="2019-08-04T20:35:43.281" durationms="24.216" />

<concurrent-kickoff id="4829" timestamp="2019-08-04T20:35:43.339">
  <kickoff reason="threshold reached" targetBytes="6218254" thresholdFreeBytes="846817" remainingFree="803032" tenureFreeBytes="803032" />
</concurrent-kickoff>
<exclusive-start id="4830" timestamp="2019-08-04T20:35:43.339" intervalms="82.616">
  <response-info timems="0.050" idlems="0.050" threads="0" lastid="0000000000968F00" lastname="main" />
</exclusive-start>
<cycle-start id="4831" type="global" contextid="0" timestamp="2019-08-04T20:35:43.339" intervalms="81.594" />
  <attribute name="GC Util" value="641" />
  <attribute name="CPU Util" value="857165234810" />
  <attribute name="Time Running"value="83525"/>
  <attribute name="Number of cores"value="16"/>
<exclusive-end id="4832" timestamp="2019-08-04T20:35:43.339" durationms="0.021" />

<exclusive-start id="4833" timestamp="2019-08-04T20:35:43.339" intervalms="0.339">
  <response-info timems="0.008" idlems="0.008" threads="0" lastid="0000000000968F00" lastname="main" />
</exclusive-start>
<af-start id="4834" threadId="0000000000969888" totalBytesRequested="32" timestamp="2019-08-04T20:35:43.340" intervalms="82.953" />
<concurrent-aborted id="4835" timestamp="2019-08-04T20:35:43.340">
  <reason value="insufficient progress made" />
</concurrent-aborted>
<cycle-end id="4836" type="global" contextid="4831" timestamp="2019-08-04T20:35:43.340">
  <attribute name="GC Util" value="33" />
  <attribute name="CPU Util" value="305408085271" />
  <attribute name="Time Running"value="83585"/>
  <attribute name="Number of cores"value="16"/>
</cycle-end>
<cycle-start id="4837" type="global" contextid="0" timestamp="2019-08-04T20:35:43.340" intervalms="0.980" />
  <attribute name="GC Util" value="33" />
  <attribute name="CPU Util" value="305408085271" />
  <attribute name="Time Running"value="83585"/>
  <attribute name="Number of cores"value="16"/>
<gc-start id="4838" type="global" contextid="4837" timestamp="2019-08-04T20:35:43.340">
  <mem-info id="4839" free="784384" total="78446592" percent="0">
    <mem type="tenure" free="784384" total="78446592" percent="0">
      <mem type="soa" free="0" total="77662208" percent="0" />
      <mem type="loa" free="784384" total="784384" percent="100" />
    </mem>
  </mem-info>
</gc-start>
<allocation-stats totalBytes="59737896" >
  <allocated-bytes non-tlh="0" tlh="59737896" />
  <largest-consumer threadName="main" threadId="0000000000968F00" bytes="59737896" />
</allocation-stats>
<gc-op id="4840" type="mark" timems="12.292" contextid="4837" timestamp="2019-08-04T20:35:43.353">
  <trace-info objectcount="596265" scancount="517272" scanbytes="13274048" />
  <finalization candidates="80" enqueued="0" />
  <ownableSynchronizers candidates="21" cleared="0" />
  <references type="soft" candidates="1843" cleared="0" enqueued="0" dynamicThreshold="19" maxThreshold="32" />
  <references type="weak" candidates="5754" cleared="0" enqueued="0" />
  <references type="phantom" candidates="97" cleared="0" enqueued="0" />
  <stringconstants candidates="13260" cleared="0"  />
</gc-op>
<gc-op id="4841" type="sweep" timems="1.026" contextid="4837" timestamp="2019-08-04T20:35:43.354" />
<gc-end id="4842" type="global" contextid="4837" durationms="13.427" usertimems="63.528" systemtimems="0.000" timestamp="2019-08-04T20:35:43.354" activeThreads="16">
  <mem-info id="4843" free="47808552" total="78446592" percent="60">
    <mem type="tenure" free="47808552" total="78446592" percent="60" micro-fragmented="2849">
      <mem type="soa" free="47024168" total="77662208" percent="60" />
      <mem type="loa" free="784384" total="784384" percent="100" />
    </mem>
  </mem-info>
</gc-end>
<cycle-end id="4844" type="global" contextid="4837" timestamp="2019-08-04T20:35:43.354">
  <attribute name="GC Util" value="427" />
  <attribute name="CPU Util" value="1494976172773" />
  <attribute name="Time Running"value="83598"/>
  <attribute name="Number of cores"value="16"/>
</cycle-end>
<allocation-satisfied id="4845" threadId="0000000000968F00" bytesRequested="32" />
<af-end id="4846" timestamp="2019-08-04T20:35:43.354" threadId="0000000000969888" success="true" />
<exclusive-end id="4847" timestamp="2019-08-04T20:35:43.354" durationms="14.223" />

<concurrent-kickoff id="4848" timestamp="2019-08-04T20:35:43.371">
  <kickoff reason="threshold reached" targetBytes="6218254" thresholdFreeBytes="846817" remainingFree="803104" tenureFreeBytes="803104" />
</concurrent-kickoff>
<exclusive-start id="4849" timestamp="2019-08-04T20:35:43.372" intervalms="32.160">
  <response-info timems="0.039" idlems="0.039" threads="0" lastid="0000000000968F00" lastname="main" />
</exclusive-start>
<cycle-start id="4850" type="global" contextid="0" timestamp="2019-08-04T20:35:43.372" intervalms="31.518" />
  <attribute name="GC Util" value="427" />
  <attribute name="CPU Util" value="1494976172773" />
  <attribute name="Time Running"value="83598"/>
  <attribute name="Number of cores"value="16"/>
<exclusive-end id="4851" timestamp="2019-08-04T20:35:43.372" durationms="0.020" />

<exclusive-start id="4852" timestamp="2019-08-04T20:35:43.372" intervalms="0.154">
  <response-info timems="0.007" idlems="0.007" threads="0" lastid="0000000000968F00" lastname="main" />
</exclusive-start>
<af-start id="4853" threadId="0000000000969888" totalBytesRequested="544" timestamp="2019-08-04T20:35:43.372" intervalms="32.315" />
<concurrent-aborted id="4854" timestamp="2019-08-04T20:35:43.372">
  <reason value="insufficient progress made" />
</concurrent-aborted>
<cycle-end id="4855" type="global" contextid="4850" timestamp="2019-08-04T20:35:43.372">
  <attribute name="GC Util" value="56" />
  <attribute name="CPU Util" value="955533714543" />
  <attribute name="Time Running"value="83618"/>
  <attribute name="Number of cores"value="16"/>
</cycle-end>
<cycle-start id="4856" type="global" contextid="0" timestamp="2019-08-04T20:35:43.372" intervalms="0.803" />
  <attribute name="GC Util" value="56" />
  <attribute name="CPU Util" value="955533714543" />
  <attribute name="Time Running"value="83618"/>
  <attribute name="Number of cores"value="16"/>
<gc-start id="4857" type="global" contextid="4856" timestamp="2019-08-04T20:35:43.373">
  <mem-info id="4858" free="784384" total="78446592" percent="0">
    <mem type="tenure" free="784384" total="78446592" percent="0">
      <mem type="soa" free="0" total="77662208" percent="0" />
      <mem type="loa" free="784384" total="784384" percent="100" />
    </mem>
  </mem-info>
</gc-start>
<allocation-stats totalBytes="59674096" >
  <allocated-bytes non-tlh="0" tlh="59674096" />
  <largest-consumer threadName="main" threadId="0000000000968F00" bytes="59674096" />
</allocation-stats>
<gc-op id="4859" type="mark" timems="10.124" contextid="4856" timestamp="2019-08-04T20:35:43.383">
  <trace-info objectcount="596265" scancount="517272" scanbytes="13274040" />
  <finalization candidates="80" enqueued="0" />
  <ownableSynchronizers candidates="21" cleared="0" />
  <references type="soft" candidates="1843" cleared="0" enqueued="0" dynamicThreshold="19" maxThreshold="32" />
  <references type="weak" candidates="5754" cleared="0" enqueued="0" />
  <references type="phantom" candidates="97" cleared="0" enqueued="0" />
  <stringconstants candidates="13260" cleared="0"  />
</gc-op>
<gc-op id="4860" type="sweep" timems="3.731" contextid="4856" timestamp="2019-08-04T20:35:43.386" />
<gc-end id="4861" type="global" contextid="4856" durationms="13.967" usertimems="61.586" systemtimems="0.000" timestamp="2019-08-04T20:35:43.386" activeThreads="16">
  <mem-info id="4862" free="47807064" total="78446592" percent="60">
    <mem type="tenure" free="47807064" total="78446592" percent="60" micro-fragmented="2818">
      <mem type="soa" free="47022680" total="77662208" percent="60" />
      <mem type="loa" free="784384" total="784384" percent="100" />
    </mem>
  </mem-info>
</gc-end>
<cycle-end id="4863" type="global" contextid="4856" timestamp="2019-08-04T20:35:43.387">
  <attribute name="GC Util" value="501" />
  <attribute name="CPU Util" value="1810411686595" />
  <attribute name="Time Running"value="83628"/>
  <attribute name="Number of cores"value="16"/>
</cycle-end>
<allocation-satisfied id="4864" threadId="0000000000968F00" bytesRequested="544" />
<af-end id="4865" timestamp="2019-08-04T20:35:43.387" threadId="0000000000969888" success="true" />
<exclusive-end id="4866" timestamp="2019-08-04T20:35:43.387" durationms="14.739" />

<concurrent-kickoff id="4867" timestamp="2019-08-04T20:35:43.395">
  <kickoff reason="threshold reached" targetBytes="6218254" thresholdFreeBytes="846817" remainingFree="802848" tenureFreeBytes="802848" />
</concurrent-kickoff>
<exclusive-start id="4868" timestamp="2019-08-04T20:35:43.395" intervalms="23.289">
  <response-info timems="0.023" idlems="0.023" threads="0" lastid="0000000000968F00" lastname="main" />
</exclusive-start>
<cycle-start id="4869" type="global" contextid="0" timestamp="2019-08-04T20:35:43.395" intervalms="22.637" />
  <attribute name="GC Util" value="501" />
  <attribute name="CPU Util" value="1810411686595" />
  <attribute name="Time Running"value="83628"/>
  <attribute name="Number of cores"value="16"/>
<exclusive-end id="4870" timestamp="2019-08-04T20:35:43.395" durationms="0.013" />

<exclusive-start id="4871" timestamp="2019-08-04T20:35:43.395" intervalms="0.187">
  <response-info timems="0.009" idlems="0.009" threads="0" lastid="0000000000968F00" lastname="main" />
</exclusive-start>
<af-start id="4872" threadId="0000000000969888" totalBytesRequested="32" timestamp="2019-08-04T20:35:43.395" intervalms="23.473" />
<concurrent-aborted id="4873" timestamp="2019-08-04T20:35:43.396">
  <reason value="insufficient progress made" />
</concurrent-aborted>
<cycle-end id="4874" type="global" contextid="4869" timestamp="2019-08-04T20:35:43.396">
  <attribute name="GC Util" value="85" />
  <attribute name="CPU Util" value="1461065873375" />
  <attribute name="Time Running"value="83641"/>
  <attribute name="Number of cores"value="16"/>
</cycle-end>
<cycle-start id="4875" type="global" contextid="0" timestamp="2019-08-04T20:35:43.396" intervalms="0.786" />
  <attribute name="GC Util" value="85" />
  <attribute name="CPU Util" value="1461065873375" />
  <attribute name="Time Running"value="83641"/>
  <attribute name="Number of cores"value="16"/>
<gc-start id="4876" type="global" contextid="4875" timestamp="2019-08-04T20:35:43.396">
  <mem-info id="4877" free="784384" total="78446592" percent="0">
    <mem type="tenure" free="784384" total="78446592" percent="0">
      <mem type="soa" free="0" total="77662208" percent="0" />
      <mem type="loa" free="784384" total="784384" percent="100" />
    </mem>
  </mem-info>
</gc-start>
<allocation-stats totalBytes="59649480" >
  <allocated-bytes non-tlh="0" tlh="59649480" />
  <largest-consumer threadName="main" threadId="0000000000968F00" bytes="59649480" />
</allocation-stats>
<gc-op id="4878" type="mark" timems="10.038" contextid="4875" timestamp="2019-08-04T20:35:43.406">
  <trace-info objectcount="596263" scancount="517290" scanbytes="13273992" />
  <finalization candidates="80" enqueued="0" />
  <ownableSynchronizers candidates="21" cleared="0" />
  <references type="soft" candidates="1843" cleared="0" enqueued="0" dynamicThreshold="19" maxThreshold="32" />
  <references type="weak" candidates="5754" cleared="0" enqueued="0" />
  <references type="phantom" candidates="97" cleared="0" enqueued="0" />
  <stringconstants candidates="13260" cleared="0"  />
</gc-op>
<gc-op id="4879" type="sweep" timems="1.462" contextid="4875" timestamp="2019-08-04T20:35:43.407" />
<gc-end id="4880" type="global" contextid="4875" durationms="11.611" usertimems="71.169" systemtimems="0.000" timestamp="2019-08-04T20:35:43.408" activeThreads="16">
  <mem-info id="4881" free="47807144" total="78446592" percent="60">
    <mem type="tenure" free="47807144" total="78446592" percent="60" micro-fragmented="2818">
      <mem type="soa" free="47022760" total="77662208" percent="60" />
      <mem type="loa" free="784384" total="784384" percent="100" />
    </mem>
  </mem-info>
</gc-end>
<cycle-end id="4882" type="global" contextid="4875" timestamp="2019-08-04T20:35:43.408">
  <attribute name="GC Util" value="612" />
  <attribute name="CPU Util" value="1825099710639" />
  <attribute name="Time Running"value="83652"/>
  <attribute name="Number of cores"value="16"/>
</cycle-end>
<allocation-satisfied id="4883" threadId="0000000000968F00" bytesRequested="32" />
<af-end id="4884" timestamp="2019-08-04T20:35:43.408" threadId="0000000000969888" success="true" />
<exclusive-end id="4885" timestamp="2019-08-04T20:35:43.408" durationms="12.342" />

<concurrent-kickoff id="4886" timestamp="2019-08-04T20:35:43.417">
  <kickoff reason="threshold reached" targetBytes="6218254" thresholdFreeBytes="846817" remainingFree="803128" tenureFreeBytes="803128" />
</concurrent-kickoff>
<exclusive-start id="4887" timestamp="2019-08-04T20:35:43.417" intervalms="21.561">
  <response-info timems="0.030" idlems="0.030" threads="0" lastid="0000000000968F00" lastname="main" />
</exclusive-start>
<cycle-start id="4888" type="global" contextid="0" timestamp="2019-08-04T20:35:43.417" intervalms="20.975" />
  <attribute name="GC Util" value="612" />
  <attribute name="CPU Util" value="1825099710639" />
  <attribute name="Time Running"value="83652"/>
  <attribute name="Number of cores"value="16"/>
<exclusive-end id="4889" timestamp="2019-08-04T20:35:43.417" durationms="0.028" />

<exclusive-start id="4890" timestamp="2019-08-04T20:35:43.417" intervalms="0.178">
  <response-info timems="0.009" idlems="0.009" threads="0" lastid="0000000000968F00" lastname="main" />
</exclusive-start>
<af-start id="4891" threadId="0000000000969888" totalBytesRequested="544" timestamp="2019-08-04T20:35:43.417" intervalms="21.748" />
<concurrent-aborted id="4892" timestamp="2019-08-04T20:35:43.418">
  <reason value="insufficient progress made" />
</concurrent-aborted>
<cycle-end id="4893" type="global" contextid="4888" timestamp="2019-08-04T20:35:43.418">
  <attribute name="GC Util" value="85" />
  <attribute name="CPU Util" value="1670460295032" />
  <attribute name="Time Running"value="83663"/>
  <attribute name="Number of cores"value="16"/>
</cycle-end>
<cycle-start id="4894" type="global" contextid="0" timestamp="2019-08-04T20:35:43.418" intervalms="0.738" />
  <attribute name="GC Util" value="85" />
  <attribute name="CPU Util" value="1670460295032" />
  <attribute name="Time Running"value="83663"/>
  <attribute name="Number of cores"value="16"/>
<gc-start id="4895" type="global" contextid="4894" timestamp="2019-08-04T20:35:43.418">
  <mem-info id="4896" free="784384" total="78446592" percent="0">
    <mem type="tenure" free="784384" total="78446592" percent="0">
      <mem type="soa" free="0" total="77662208" percent="0" />
      <mem type="loa" free="784384" total="784384" percent="100" />
    </mem>
  </mem-info>
</gc-start>
<allocation-stats totalBytes="59649648" >
  <allocated-bytes non-tlh="0" tlh="59649648" />
  <largest-consumer threadName="main" threadId="0000000000968F00" bytes="59649648" />
</allocation-stats>
<gc-op id="4897" type="mark" timems="12.548" contextid="4894" timestamp="2019-08-04T20:35:43.430">
  <trace-info objectcount="596265" scancount="517271" scanbytes="13274040" />
  <finalization candidates="80" enqueued="0" />
  <ownableSynchronizers candidates="21" cleared="0" />
  <references type="soft" candidates="1843" cleared="0" enqueued="0" dynamicThreshold="19" maxThreshold="32" />
  <references type="weak" candidates="5754" cleared="0" enqueued="0" />
  <references type="phantom" candidates="97" cleared="0" enqueued="0" />
  <stringconstants candidates="13260" cleared="0"  />
</gc-op>
<gc-op id="4898" type="sweep" timems="2.287" contextid="4894" timestamp="2019-08-04T20:35:43.433" />
<gc-end id="4899" type="global" contextid="4894" durationms="14.966" usertimems="75.610" systemtimems="0.000" timestamp="2019-08-04T20:35:43.433" activeThreads="16">
  <mem-info id="4900" free="47807240" total="78446592" percent="60">
    <mem type="tenure" free="47807240" total="78446592" percent="60" micro-fragmented="2818">
      <mem type="soa" free="47022856" total="77662208" percent="60" />
      <mem type="loa" free="784384" total="784384" percent="100" />
    </mem>
  </mem-info>
</gc-end>
<cycle-end id="4901" type="global" contextid="4894" timestamp="2019-08-04T20:35:43.433">
  <attribute name="GC Util" value="517" />
  <attribute name="CPU Util" value="1461930256390" />
  <attribute name="Time Running"value="83676"/>
  <attribute name="Number of cores"value="16"/>
</cycle-end>
<allocation-satisfied id="4902" threadId="0000000000968F00" bytesRequested="544" />
<af-end id="4903" timestamp="2019-08-04T20:35:43.433" threadId="0000000000969888" success="true" />
<exclusive-end id="4904" timestamp="2019-08-04T20:35:43.433" durationms="15.681" />

<concurrent-kickoff id="4905" timestamp="2019-08-04T20:35:43.483">
  <kickoff reason="threshold reached" targetBytes="6218254" thresholdFreeBytes="846817" remainingFree="802848" tenureFreeBytes="802848" />
</concurrent-kickoff>
<exclusive-start id="4906" timestamp="2019-08-04T20:35:43.483" intervalms="66.355">
  <response-info timems="0.021" idlems="0.021" threads="0" lastid="0000000000968F00" lastname="main" />
</exclusive-start>
<cycle-start id="4907" type="global" contextid="0" timestamp="2019-08-04T20:35:43.483" intervalms="65.781" />
  <attribute name="GC Util" value="517" />
  <attribute name="CPU Util" value="1461930256390" />
  <attribute name="Time Running"value="83676"/>
  <attribute name="Number of cores"value="16"/>
<exclusive-end id="4908" timestamp="2019-08-04T20:35:43.483" durationms="0.013" />

<exclusive-start id="4909" timestamp="2019-08-04T20:35:43.484" intervalms="0.230">
  <response-info timems="0.008" idlems="0.008" threads="0" lastid="0000000000968F00" lastname="main" />
</exclusive-start>
<af-start id="4910" threadId="0000000000969888" totalBytesRequested="440" timestamp="2019-08-04T20:35:43.484" intervalms="66.575" />
<concurrent-aborted id="4911" timestamp="2019-08-04T20:35:43.484">
  <reason value="insufficient progress made" />
</concurrent-aborted>
<cycle-end id="4912" type="global" contextid="4907" timestamp="2019-08-04T20:35:43.484">
  <attribute name="GC Util" value="19" />
  <attribute name="CPU Util" value="345584244851" />
  <attribute name="Time Running"value="83729"/>
  <attribute name="Number of cores"value="16"/>
</cycle-end>
<cycle-start id="4913" type="global" contextid="0" timestamp="2019-08-04T20:35:43.484" intervalms="1.116" />
  <attribute name="GC Util" value="19" />
  <attribute name="CPU Util" value="345584244851" />
  <attribute name="Time Running"value="83729"/>
  <attribute name="Number of cores"value="16"/>
<gc-start id="4914" type="global" contextid="4913" timestamp="2019-08-04T20:35:43.485">
  <mem-info id="4915" free="784384" total="78446592" percent="0">
    <mem type="tenure" free="784384" total="78446592" percent="0">
      <mem type="soa" free="0" total="77662208" percent="0" />
      <mem type="loa" free="784384" total="784384" percent="100" />
    </mem>
  </mem-info>
</gc-start>
<allocation-stats totalBytes="59680176" >
  <allocated-bytes non-tlh="0" tlh="59680176" />
  <largest-consumer threadName="main" threadId="0000000000968F00" bytes="59680176" />
</allocation-stats>
<gc-op id="4916" type="mark" timems="9.344" contextid="4913" timestamp="2019-08-04T20:35:43.494">
  <trace-info objectcount="596267" scancount="517273" scanbytes="13274176" />
  <finalization candidates="80" enqueued="0" />
  <ownableSynchronizers candidates="21" cleared="0" />
  <references type="soft" candidates="1843" cleared="0" enqueued="0" dynamicThreshold="19" maxThreshold="32" />
  <references type="weak" candidates="5754" cleared="0" enqueued="0" />
  <references type="phantom" candidates="97" cleared="0" enqueued="0" />
  <stringconstants candidates="13260" cleared="0"  />
</gc-op>
<gc-op id="4917" type="sweep" timems="1.647" contextid="4913" timestamp="2019-08-04T20:35:43.496" />
<gc-end id="4918" type="global" contextid="4913" durationms="11.112" usertimems="56.964" systemtimems="0.000" timestamp="2019-08-04T20:35:43.496" activeThreads="16">
  <mem-info id="4919" free="47808776" total="78446592" percent="60">
    <mem type="tenure" free="47808776" total="78446592" percent="60" micro-fragmented="2849">
      <mem type="soa" free="47024392" total="77662208" percent="60" />
      <mem type="loa" free="784384" total="784384" percent="100" />
    </mem>
  </mem-info>
</gc-end>
<cycle-end id="4920" type="global" contextid="4913" timestamp="2019-08-04T20:35:43.496">
  <attribute name="GC Util" value="496" />
  <attribute name="CPU Util" value="1960655053841" />
  <attribute name="Time Running"value="83740"/>
  <attribute name="Number of cores"value="16"/>
</cycle-end>
<allocation-satisfied id="4921" threadId="0000000000968F00" bytesRequested="440" />
<af-end id="4922" timestamp="2019-08-04T20:35:43.496" threadId="0000000000969888" success="true" />
<exclusive-end id="4923" timestamp="2019-08-04T20:35:43.496" durationms="12.120" />

<concurrent-kickoff id="4924" timestamp="2019-08-04T20:35:43.542">
  <kickoff reason="threshold reached" targetBytes="6218254" thresholdFreeBytes="846817" remainingFree="800992" tenureFreeBytes="800992" />
</concurrent-kickoff>
<exclusive-start id="4925" timestamp="2019-08-04T20:35:43.543" intervalms="59.005">
  <response-info timems="0.024" idlems="0.024" threads="0" lastid="0000000000968F00" lastname="main" />
</exclusive-start>
<cycle-start id="4926" type="global" contextid="0" timestamp="2019-08-04T20:35:43.543" intervalms="58.120" />
  <attribute name="GC Util" value="496" />
  <attribute name="CPU Util" value="1960655053841" />
  <attribute name="Time Running"value="83740"/>
  <attribute name="Number of cores"value="16"/>
<exclusive-end id="4927" timestamp="2019-08-04T20:35:43.543" durationms="0.014" />

<exclusive-start id="4928" timestamp="2019-08-04T20:35:43.543" intervalms="0.152">
  <response-info timems="0.007" idlems="0.007" threads="0" lastid="0000000000968F00" lastname="main" />
</exclusive-start>
<af-start id="4929" threadId="0000000000969888" totalBytesRequested="408" timestamp="2019-08-04T20:35:43.543" intervalms="59.149" />
<concurrent-aborted id="4930" timestamp="2019-08-04T20:35:43.544">
  <reason value="insufficient progress made" />
</concurrent-aborted>
<cycle-end id="4931" type="global" contextid="4926" timestamp="2019-08-04T20:35:43.544">
  <attribute name="GC Util" value="21" />
  <attribute name="CPU Util" value="377609990134" />
  <attribute name="Time Running"value="83788"/>
  <attribute name="Number of cores"value="16"/>
</cycle-end>
<cycle-start id="4932" type="global" contextid="0" timestamp="2019-08-04T20:35:43.544" intervalms="0.961" />
  <attribute name="GC Util" value="21" />
  <attribute name="CPU Util" value="377609990134" />
  <attribute name="Time Running"value="83788"/>
  <attribute name="Number of cores"value="16"/>
<gc-start id="4933" type="global" contextid="4932" timestamp="2019-08-04T20:35:43.544">
  <mem-info id="4934" free="784384" total="78446592" percent="0">
    <mem type="tenure" free="784384" total="78446592" percent="0">
      <mem type="soa" free="0" total="77662208" percent="0" />
      <mem type="loa" free="784384" total="784384" percent="100" />
    </mem>
  </mem-info>
</gc-start>
<allocation-stats totalBytes="59712888" >
  <allocated-bytes non-tlh="0" tlh="59712888" />
  <largest-consumer threadName="main" threadId="0000000000968F00" bytes="59712888" />
</allocation-stats>
<gc-op id="4935" type="mark" timems="12.179" contextid="4932" timestamp="2019-08-04T20:35:43.556">
  <trace-info objectcount="596273" scancount="517282" scanbytes="13275152" />
  <finalization candidates="80" enqueued="0" />
  <ownableSynchronizers candidates="21" cleared="0" />
  <references type="soft" candidates="1843" cleared="0" enqueued="0" dynamicThreshold="19" maxThreshold="32" />
  <references type="weak" candidates="5754" cleared="0" enqueued="0" />
  <references type="phantom" candidates="97" cleared="0" enqueued="0" />
  <stringconstants candidates="13260" cleared="0"  />
</gc-op>
<gc-op id="4936" type="sweep" timems="1.253" contextid="4932" timestamp="2019-08-04T20:35:43.557" />
<gc-end id="4937" type="global" contextid="4932" durationms="13.535" usertimems="63.683" systemtimems="0.000" timestamp="2019-08-04T20:35:43.557" activeThreads="16">
  <mem-info id="4938" free="47808640" total="78446592" percent="60">
    <mem type="tenure" free="47808640" total="78446592" percent="60" micro-fragmented="2849">
      <mem type="soa" free="47024256" total="77662208" percent="60" />
      <mem type="loa" free="784384" total="784384" percent="100" />
    </mem>
  </mem-info>
</gc-end>
<cycle-end id="4939" type="global" contextid="4932" timestamp="2019-08-04T20:35:43.557">
  <attribute name="GC Util" value="438" />
  <attribute name="CPU Util" value="1507552264849" />
  <attribute name="Time Running"value="83802"/>
  <attribute name="Number of cores"value="16"/>
</cycle-end>
<allocation-satisfied id="4940" threadId="0000000000968F00" bytesRequested="408" />
<af-end id="4941" timestamp="2019-08-04T20:35:43.557" threadId="0000000000969888" success="true" />
<exclusive-end id="4942" timestamp="2019-08-04T20:35:43.557" durationms="14.514" />

<concurrent-kickoff id="4943" timestamp="2019-08-04T20:35:43.603">
  <kickoff reason="threshold reached" targetBytes="6218254" thresholdFreeBytes="846817" remainingFree="802664" tenureFreeBytes="802664" />
</concurrent-kickoff>
<exclusive-start id="4944" timestamp="2019-08-04T20:35:43.603" intervalms="60.224">
  <response-info timems="0.021" idlems="0.021" threads="0" lastid="0000000000968F00" lastname="main" />
</exclusive-start>
<cycle-start id="4945" type="global" contextid="0" timestamp="2019-08-04T20:35:43.603" intervalms="59.416" />
  <attribute name="GC Util" value="438" />
  <attribute name="CPU Util" value="1507552264849" />
  <attribute name="Time Running"value="83802"/>
  <attribute name="Number of cores"value="16"/>
<exclusive-end id="4946" timestamp="2019-08-04T20:35:43.603" durationms="0.014" />

<exclusive-start id="4947" timestamp="2019-08-04T20:35:43.603" intervalms="0.292">
  <response-info timems="0.011" idlems="0.011" threads="0" lastid="0000000000968F00" lastname="main" />
</exclusive-start>
<af-start id="4948" threadId="0000000000969888" totalBytesRequested="1008" timestamp="2019-08-04T20:35:43.603" intervalms="60.528" />
<concurrent-aborted id="4949" timestamp="2019-08-04T20:35:43.604">
  <reason value="insufficient progress made" />
</concurrent-aborted>
<cycle-end id="4950" type="global" contextid="4945" timestamp="2019-08-04T20:35:43.604">
  <attribute name="GC Util" value="21" />
  <attribute name="CPU Util" value="388806775717" />
  <attribute name="Time Running"value="83849"/>
  <attribute name="Number of cores"value="16"/>
</cycle-end>
<cycle-start id="4951" type="global" contextid="0" timestamp="2019-08-04T20:35:43.604" intervalms="0.853" />
  <attribute name="GC Util" value="21" />
  <attribute name="CPU Util" value="388806775717" />
  <attribute name="Time Running"value="83849"/>
  <attribute name="Number of cores"value="16"/>
<gc-start id="4952" type="global" contextid="4951" timestamp="2019-08-04T20:35:43.604">
  <mem-info id="4953" free="784384" total="78446592" percent="0">
    <mem type="tenure" free="784384" total="78446592" percent="0">
      <mem type="soa" free="0" total="77662208" percent="0" />
      <mem type="loa" free="784384" total="784384" percent="100" />
    </mem>
  </mem-info>
</gc-start>
<allocation-stats totalBytes="59710032" >
  <allocated-bytes non-tlh="2008" tlh="59708024" />
  <largest-consumer threadName="main" threadId="0000000000968F00" bytes="59710032" />
</allocation-stats>
<gc-op id="4954" type="mark" timems="11.651" contextid="4951" timestamp="2019-08-04T20:35:43.616">
  <trace-info objectcount="596318" scancount="517332" scanbytes="13275412" />
  <finalization candidates="80" enqueued="0" />
  <ownableSynchronizers candidates="21" cleared="0" />
  <references type="soft" candidates="1849" cleared="0" enqueued="0" dynamicThreshold="19" maxThreshold="32" />
  <references type="weak" candidates="5754" cleared="0" enqueued="0" />
  <references type="phantom" candidates="97" cleared="0" enqueued="0" />
  <stringconstants candidates="13260" cleared="0"  />
</gc-op>
<gc-op id="4955" type="sweep" timems="1.224" contextid="4951" timestamp="2019-08-04T20:35:43.617" />
<gc-end id="4956" type="global" contextid="4951" durationms="12.983" usertimems="63.379" systemtimems="0.000" timestamp="2019-08-04T20:35:43.617" activeThreads="16">
  <mem-info id="4957" free="47809384" total="78446592" percent="60">
    <mem type="tenure" free="47809384" total="78446592" percent="60" micro-fragmented="2848">
      <mem type="soa" free="47025000" total="77662208" percent="60" />
      <mem type="loa" free="784384" total="784384" percent="100" />
    </mem>
  </mem-info>
</gc-end>
<cycle-end id="4958" type="global" contextid="4951" timestamp="2019-08-04T20:35:43.617">
  <attribute name="GC Util" value="462" />
  <attribute name="CPU Util" value="1573977655575" />
  <attribute name="Time Running"value="83861"/>
  <attribute name="Number of cores"value="16"/>
</cycle-end>
<allocation-satisfied id="4959" threadId="0000000000968F00" bytesRequested="1008" />
<af-end id="4960" timestamp="2019-08-04T20:35:43.617" threadId="0000000000969888" success="true" />
<exclusive-end id="4961" timestamp="2019-08-04T20:35:43.617" durationms="13.669" />

<concurrent-kickoff id="4962" timestamp="2019-08-04T20:35:43.689">
  <kickoff reason="threshold reached" targetBytes="6218254" thresholdFreeBytes="846817" remainingFree="801832" tenureFreeBytes="801832" />
</concurrent-kickoff>
<exclusive-start id="4963" timestamp="2019-08-04T20:35:43.689" intervalms="86.084">
  <response-info timems="0.067" idlems="0.067" threads="0" lastid="0000000000968F00" lastname="main" />
</exclusive-start>
<cycle-start id="4964" type="global" contextid="0" timestamp="2019-08-04T20:35:43.689" intervalms="85.527" />
  <attribute name="GC Util" value="462" />
  <attribute name="CPU Util" value="1573977655575" />
  <attribute name="Time Running"value="83861"/>
  <attribute name="Number of cores"value="16"/>
<exclusive-end id="4965" timestamp="2019-08-04T20:35:43.689" durationms="0.019" />

<exclusive-start id="4966" timestamp="2019-08-04T20:35:43.690" intervalms="0.319">
  <response-info timems="0.030" idlems="0.030" threads="0" lastid="0000000000968F00" lastname="main" />
</exclusive-start>
<af-start id="4967" threadId="0000000000969888" totalBytesRequested="32" timestamp="2019-08-04T20:35:43.690" intervalms="86.397" />
<concurrent-aborted id="4968" timestamp="2019-08-04T20:35:43.690">
  <reason value="insufficient progress made" />
</concurrent-aborted>
<cycle-end id="4969" type="global" contextid="4964" timestamp="2019-08-04T20:35:43.690">
  <attribute name="GC Util" value="12" />
  <attribute name="CPU Util" value="248716204667" />
  <attribute name="Time Running"value="83935"/>
  <attribute name="Number of cores"value="16"/>
</cycle-end>
<cycle-start id="4970" type="global" contextid="0" timestamp="2019-08-04T20:35:43.690" intervalms="1.106" />
  <attribute name="GC Util" value="12" />
  <attribute name="CPU Util" value="248716204667" />
  <attribute name="Time Running"value="83935"/>
  <attribute name="Number of cores"value="16"/>
<gc-start id="4971" type="global" contextid="4970" timestamp="2019-08-04T20:35:43.691">
  <mem-info id="4972" free="784384" total="78446592" percent="0">
    <mem type="tenure" free="784384" total="78446592" percent="0">
      <mem type="soa" free="0" total="77662208" percent="0" />
      <mem type="loa" free="784384" total="784384" percent="100" />
    </mem>
  </mem-info>
</gc-start>
<allocation-stats totalBytes="59666504" >
  <allocated-bytes non-tlh="12064" tlh="59654440" />
  <largest-consumer threadName="main" threadId="0000000000968F00" bytes="59666504" />
</allocation-stats>
<gc-op id="4973" type="mark" timems="12.026" contextid="4970" timestamp="2019-08-04T20:35:43.703">
  <trace-info objectcount="596306" scancount="517310" scanbytes="13275208" />
  <finalization candidates="80" enqueued="0" />
  <ownableSynchronizers candidates="21" cleared="0" />
  <references type="soft" candidates="1849" cleared="0" enqueued="0" dynamicThreshold="19" maxThreshold="32" />
  <references type="weak" candidates="5754" cleared="0" enqueued="0" />
  <references type="phantom" candidates="97" cleared="0" enqueued="0" />
  <stringconstants candidates="13260" cleared="0"  />
</gc-op>
<gc-op id="4974" type="sweep" timems="1.225" contextid="4970" timestamp="2019-08-04T20:35:43.704" />
<gc-end id="4975" type="global" contextid="4970" durationms="13.358" usertimems="73.671" systemtimems="0.000" timestamp="2019-08-04T20:35:43.704" activeThreads="16">
  <mem-info id="4976" free="47806160" total="78446592" percent="60">
    <mem type="tenure" free="47806160" total="78446592" percent="60" micro-fragmented="2848">
      <mem type="soa" free="47021776" total="77662208" percent="60" />
      <mem type="loa" free="784384" total="784384" percent="100" />
    </mem>
  </mem-info>
</gc-end>
<cycle-end id="4977" type="global" contextid="4970" timestamp="2019-08-04T20:35:43.704">
  <attribute name="GC Util" value="529" />
  <attribute name="CPU Util" value="1527051647374" />
  <attribute name="Time Running"value="83948"/>
  <attribute name="Number of cores"value="16"/>
</cycle-end>
<allocation-satisfied id="4978" threadId="0000000000968F00" bytesRequested="32" />
<af-end id="4979" timestamp="2019-08-04T20:35:43.704" threadId="0000000000969888" success="true" />
<exclusive-end id="4980" timestamp="2019-08-04T20:35:43.704" durationms="14.274" />

<concurrent-kickoff id="4981" timestamp="2019-08-04T20:35:43.855">
  <kickoff reason="threshold reached" targetBytes="6218254" thresholdFreeBytes="846817" remainingFree="803152" tenureFreeBytes="803152" />
</concurrent-kickoff>
<exclusive-start id="4982" timestamp="2019-08-04T20:35:43.856" intervalms="165.960">
  <response-info timems="0.023" idlems="0.023" threads="0" lastid="0000000000968F00" lastname="main" />
</exclusive-start>
<cycle-start id="4983" type="global" contextid="0" timestamp="2019-08-04T20:35:43.856" intervalms="165.171" />
  <attribute name="GC Util" value="529" />
  <attribute name="CPU Util" value="1527051647374" />
  <attribute name="Time Running"value="83948"/>
  <attribute name="Number of cores"value="16"/>
<exclusive-end id="4984" timestamp="2019-08-04T20:35:43.856" durationms="0.020" />

<exclusive-start id="4985" timestamp="2019-08-04T20:35:43.856" intervalms="0.393">
  <response-info timems="0.011" idlems="0.011" threads="0" lastid="0000000000968F00" lastname="main" />
</exclusive-start>
<af-start id="4986" threadId="0000000000969888" totalBytesRequested="80" timestamp="2019-08-04T20:35:43.856" intervalms="166.377" />
<concurrent-aborted id="4987" timestamp="2019-08-04T20:35:43.857">
  <reason value="insufficient progress made" />
</concurrent-aborted>
<cycle-end id="4988" type="global" contextid="4983" timestamp="2019-08-04T20:35:43.857">
  <attribute name="GC Util" value="6" />
  <attribute name="CPU Util" value="120134510052" />
  <attribute name="Time Running"value="84102"/>
  <attribute name="Number of cores"value="16"/>
</cycle-end>
<cycle-start id="4989" type="global" contextid="0" timestamp="2019-08-04T20:35:43.857" intervalms="1.082" />
  <attribute name="GC Util" value="6" />
  <attribute name="CPU Util" value="120134510052" />
  <attribute name="Time Running"value="84102"/>
  <attribute name="Number of cores"value="16"/>
<gc-start id="4990" type="global" contextid="4989" timestamp="2019-08-04T20:35:43.857">
  <mem-info id="4991" free="784384" total="78446592" percent="0">
    <mem type="tenure" free="784384" total="78446592" percent="0">
      <mem type="soa" free="0" total="77662208" percent="0" />
      <mem type="loa" free="784384" total="784384" percent="100" />
    </mem>
  </mem-info>
</gc-start>
<allocation-stats totalBytes="59739912" >
  <allocated-bytes non-tlh="0" tlh="59739912" />
  <largest-consumer threadName="main" threadId="0000000000968F00" bytes="59739912" />
</allocation-stats>
<gc-op id="4992" type="mark" timems="8.528" contextid="4989" timestamp="2019-08-04T20:35:43.865">
  <trace-info objectcount="596308" scancount="517312" scanbytes="13275428" />
  <finalization candidates="80" enqueued="0" />
  <ownableSynchronizers candidates="21" cleared="0" />
  <references type="soft" candidates="1849" cleared="0" enqueued="0" dynamicThreshold="19" maxThreshold="32" />
  <references type="weak" candidates="5754" cleared="0" enqueued="0" />
  <references type="phantom" candidates="97" cleared="0" enqueued="0" />
  <stringconstants candidates="13260" cleared="0"  />
</gc-op>
<gc-op id="4993" type="sweep" timems="1.652" contextid="4989" timestamp="2019-08-04T20:35:43.867" />
<gc-end id="4994" type="global" contextid="4989" durationms="10.296" usertimems="62.126" systemtimems="0.000" timestamp="2019-08-04T20:35:43.867" activeThreads="16">
  <mem-info id="4995" free="47804200" total="78446592" percent="60">
    <mem type="tenure" free="47804200" total="78446592" percent="60" micro-fragmented="2848">
      <mem type="soa" free="47019816" total="77662208" percent="60" />
      <mem type="loa" free="784384" total="784384" percent="100" />
    </mem>
  </mem-info>
</gc-end>
<cycle-end id="4996" type="global" contextid="4989" timestamp="2019-08-04T20:35:43.867">
  <attribute name="GC Util" value="591" />
  <attribute name="CPU Util" value="2153112095490" />
  <attribute name="Time Running"value="84111"/>
  <attribute name="Number of cores"value="16"/>
</cycle-end>
<allocation-satisfied id="4997" threadId="0000000000968F00" bytesRequested="80" />
<af-end id="4998" timestamp="2019-08-04T20:35:43.867" threadId="0000000000969888" success="true" />
<exclusive-end id="4999" timestamp="2019-08-04T20:35:43.867" durationms="11.133" />

<concurrent-kickoff id="5000" timestamp="2019-08-04T20:35:43.962">
  <kickoff reason="threshold reached" targetBytes="6218254" thresholdFreeBytes="846817" remainingFree="802848" tenureFreeBytes="802848" />
</concurrent-kickoff>
<exclusive-start id="5001" timestamp="2019-08-04T20:35:43.963" intervalms="106.551">
  <response-info timems="0.021" idlems="0.021" threads="0" lastid="0000000000968F00" lastname="main" />
</exclusive-start>
<cycle-start id="5002" type="global" contextid="0" timestamp="2019-08-04T20:35:43.963" intervalms="106.491" />
  <attribute name="GC Util" value="591" />
  <attribute name="CPU Util" value="2153112095490" />
  <attribute name="Time Running"value="84111"/>
  <attribute name="Number of cores"value="16"/>
<exclusive-end id="5003" timestamp="2019-08-04T20:35:43.963" durationms="0.652" />

<exclusive-start id="5004" timestamp="2019-08-04T20:35:43.964" intervalms="0.976">
  <response-info timems="0.008" idlems="0.008" threads="0" lastid="0000000000968F00" lastname="main" />
</exclusive-start>
<af-start id="5005" threadId="0000000000969888" totalBytesRequested="32" timestamp="2019-08-04T20:35:43.964" intervalms="107.521" />
<concurrent-aborted id="5006" timestamp="2019-08-04T20:35:43.964">
  <reason value="insufficient progress made" />
</concurrent-aborted>
<cycle-end id="5007" type="global" contextid="5002" timestamp="2019-08-04T20:35:43.964">
  <attribute name="GC Util" value="11" />
  <attribute name="CPU Util" value="187758665206" />
  <attribute name="Time Running"value="84209"/>
  <attribute name="Number of cores"value="16"/>
</cycle-end>
<cycle-start id="5008" type="global" contextid="0" timestamp="2019-08-04T20:35:43.964" intervalms="0.968" />
  <attribute name="GC Util" value="11" />
  <attribute name="CPU Util" value="187758665206" />
  <attribute name="Time Running"value="84209"/>
  <attribute name="Number of cores"value="16"/>
<gc-start id="5009" type="global" contextid="5008" timestamp="2019-08-04T20:35:43.964">
  <mem-info id="5010" free="784384" total="78446592" percent="0">
    <mem type="tenure" free="784384" total="78446592" percent="0">
      <mem type="soa" free="0" total="77662208" percent="0" />
      <mem type="loa" free="784384" total="784384" percent="100" />
    </mem>
  </mem-info>
</gc-start>
<allocation-stats totalBytes="59736448" >
  <allocated-bytes non-tlh="0" tlh="59736448" />
  <largest-consumer threadName="main" threadId="0000000000968F00" bytes="59736448" />
</allocation-stats>
<gc-op id="5011" type="mark" timems="11.737" contextid="5008" timestamp="2019-08-04T20:35:43.976">
  <trace-info objectcount="596308" scancount="517310" scanbytes="13275432" />
  <finalization candidates="80" enqueued="0" />
  <ownableSynchronizers candidates="21" cleared="0" />
  <references type="soft" candidates="1849" cleared="0" enqueued="0" dynamicThreshold="19" maxThreshold="32" />
  <references type="weak" candidates="5754" cleared="0" enqueued="0" />
  <references type="phantom" candidates="97" cleared="0" enqueued="0" />
  <stringconstants candidates="13260" cleared="0"  />
</gc-op>
<gc-op id="5012" type="sweep" timems="1.648" contextid="5008" timestamp="2019-08-04T20:35:43.978" />
<gc-end id="5013" type="global" contextid="5008" durationms="13.524" usertimems="75.328" systemtimems="0.000" timestamp="2019-08-04T20:35:43.978" activeThreads="16">
  <mem-info id="5014" free="47802600" total="78446592" percent="60">
    <mem type="tenure" free="47802600" total="78446592" percent="60" micro-fragmented="2848">
      <mem type="soa" free="47018216" total="77662208" percent="60" />
      <mem type="loa" free="784384" total="784384" percent="100" />
    </mem>
  </mem-info>
</gc-end>
<cycle-end id="5015" type="global" contextid="5008" timestamp="2019-08-04T20:35:43.978">
  <attribute name="GC Util" value="544" />
  <attribute name="CPU Util" value="1566039106706" />
  <attribute name="Time Running"value="84222"/>
  <attribute name="Number of cores"value="16"/>
</cycle-end>
<allocation-satisfied id="5016" threadId="0000000000968F00" bytesRequested="32" />
<af-end id="5017" timestamp="2019-08-04T20:35:43.978" threadId="0000000000969888" success="true" />
<exclusive-end id="5018" timestamp="2019-08-04T20:35:43.978" durationms="14.271" />

<concurrent-kickoff id="5019" timestamp="2019-08-04T20:35:44.073">
  <kickoff reason="threshold reached" targetBytes="6218254" thresholdFreeBytes="846817" remainingFree="802512" tenureFreeBytes="802512" />
</concurrent-kickoff>
<exclusive-start id="5020" timestamp="2019-08-04T20:35:44.073" intervalms="109.317">
  <response-info timems="0.018" idlems="0.018" threads="0" lastid="0000000000968F00" lastname="main" />
</exclusive-start>
<cycle-start id="5021" type="global" contextid="0" timestamp="2019-08-04T20:35:44.073" intervalms="108.694" />
  <attribute name="GC Util" value="544" />
  <attribute name="CPU Util" value="1566039106706" />
  <attribute name="Time Running"value="84222"/>
  <attribute name="Number of cores"value="16"/>
<exclusive-end id="5022" timestamp="2019-08-04T20:35:44.073" durationms="0.016" />

<exclusive-start id="5023" timestamp="2019-08-04T20:35:44.073" intervalms="0.406">
  <response-info timems="0.045" idlems="0.045" threads="0" lastid="0000000000968F00" lastname="main" />
</exclusive-start>
<af-start id="5024" threadId="0000000000969888" totalBytesRequested="40" timestamp="2019-08-04T20:35:44.073" intervalms="109.707" />
<concurrent-aborted id="5025" timestamp="2019-08-04T20:35:44.074">
  <reason value="insufficient progress made" />
</concurrent-aborted>
<cycle-end id="5026" type="global" contextid="5021" timestamp="2019-08-04T20:35:44.074">
  <attribute name="GC Util" value="11" />
  <attribute name="CPU Util" value="189658571335" />
  <attribute name="Time Running"value="84319"/>
  <attribute name="Number of cores"value="16"/>
</cycle-end>
<cycle-start id="5027" type="global" contextid="0" timestamp="2019-08-04T20:35:44.074" intervalms="1.076" />
  <attribute name="GC Util" value="11" />
  <attribute name="CPU Util" value="189658571335" />
  <attribute name="Time Running"value="84319"/>
  <attribute name="Number of cores"value="16"/>
<gc-start id="5028" type="global" contextid="5027" timestamp="2019-08-04T20:35:44.074">
  <mem-info id="5029" free="784384" total="78446592" percent="0">
    <mem type="tenure" free="784384" total="78446592" percent="0">
      <mem type="soa" free="0" total="77662208" percent="0" />
      <mem type="loa" free="784384" total="784384" percent="100" />
    </mem>
  </mem-info>
</gc-start>
<allocation-stats totalBytes="59736920" >
  <allocated-bytes non-tlh="0" tlh="59736920" />
  <largest-consumer threadName="main" threadId="0000000000968F00" bytes="59736920" />
</allocation-stats>
<gc-op id="5030" type="mark" timems="11.637" contextid="5027" timestamp="2019-08-04T20:35:44.086">
  <trace-info objectcount="596307" scancount="517309" scanbytes="13275396" />
  <finalization candidates="80" enqueued="0" />
  <ownableSynchronizers candidates="21" cleared="0" />
  <references type="soft" candidates="1849" cleared="0" enqueued="0" dynamicThreshold="19" maxThreshold="32" />
  <references type="weak" candidates="5754" cleared="0" enqueued="0" />
  <references type="phantom" candidates="97" cleared="0" enqueued="0" />
  <stringconstants candidates="13260" cleared="0"  />
</gc-op>
<gc-op id="5031" type="sweep" timems="1.423" contextid="5027" timestamp="2019-08-04T20:35:44.087" />
<gc-end id="5032" type="global" contextid="5027" durationms="13.200" usertimems="70.943" systemtimems="0.000" timestamp="2019-08-04T20:35:44.087" activeThreads="16">
  <mem-info id="5033" free="47801272" total="78446592" percent="60">
    <mem type="tenure" free="47801272" total="78446592" percent="60" micro-fragmented="2848">
      <mem type="soa" free="47016888" total="77662208" percent="60" />
      <mem type="loa" free="784384" total="784384" percent="100" />
    </mem>
  </mem-info>
</gc-end>
<cycle-end id="5034" type="global" contextid="5027" timestamp="2019-08-04T20:35:44.087">
  <attribute name="GC Util" value="526" />
  <attribute name="CPU Util" value="1577095962734" />
  <attribute name="Time Running"value="84331"/>
  <attribute name="Number of cores"value="16"/>
</cycle-end>
<allocation-satisfied id="5035" threadId="0000000000968F00" bytesRequested="40" />
<af-end id="5036" timestamp="2019-08-04T20:35:44.087" threadId="0000000000969888" success="true" />
<exclusive-end id="5037" timestamp="2019-08-04T20:35:44.087" durationms="14.009" />

<concurrent-kickoff id="5038" timestamp="2019-08-04T20:35:44.166">
  <kickoff reason="threshold reached" targetBytes="6218254" thresholdFreeBytes="846817" remainingFree="806928" tenureFreeBytes="806928" />
</concurrent-kickoff>
<exclusive-start id="5039" timestamp="2019-08-04T20:35:44.166" intervalms="92.541">
  <response-info timems="0.024" idlems="0.024" threads="0" lastid="0000000000968F00" lastname="main" />
</exclusive-start>
<cycle-start id="5040" type="global" contextid="0" timestamp="2019-08-04T20:35:44.166" intervalms="91.892" />
  <attribute name="GC Util" value="526" />
  <attribute name="CPU Util" value="1577095962734" />
  <attribute name="Time Running"value="84331"/>
  <attribute name="Number of cores"value="16"/>
<exclusive-end id="5041" timestamp="2019-08-04T20:35:44.166" durationms="0.039" />

<exclusive-start id="5042" timestamp="2019-08-04T20:35:44.166" intervalms="0.212">
  <response-info timems="0.010" idlems="0.010" threads="0" lastid="0000000000968F00" lastname="main" />
</exclusive-start>
<af-start id="5043" threadId="0000000000969888" totalBytesRequested="544" timestamp="2019-08-04T20:35:44.166" intervalms="92.760" />
<concurrent-aborted id="5044" timestamp="2019-08-04T20:35:44.167">
  <reason value="insufficient progress made" />
</concurrent-aborted>
<cycle-end id="5045" type="global" contextid="5040" timestamp="2019-08-04T20:35:44.167">
  <attribute name="GC Util" value="11" />
  <attribute name="CPU Util" value="229556309880" />
  <attribute name="Time Running"value="84412"/>
  <attribute name="Number of cores"value="16"/>
</cycle-end>
<cycle-start id="5046" type="global" contextid="0" timestamp="2019-08-04T20:35:44.167" intervalms="0.884" />
  <attribute name="GC Util" value="11" />
  <attribute name="CPU Util" value="229556309880" />
  <attribute name="Time Running"value="84412"/>
  <attribute name="Number of cores"value="16"/>
<gc-start id="5047" type="global" contextid="5046" timestamp="2019-08-04T20:35:44.167">
  <mem-info id="5048" free="784384" total="78446592" percent="0">
    <mem type="tenure" free="784384" total="78446592" percent="0">
      <mem type="soa" free="0" total="77662208" percent="0" />
      <mem type="loa" free="784384" total="784384" percent="100" />
    </mem>
  </mem-info>
</gc-start>
<allocation-stats totalBytes="59708688" >
  <allocated-bytes non-tlh="0" tlh="59708688" />
  <largest-consumer threadName="main" threadId="0000000000968F00" bytes="59708688" />
</allocation-stats>
<gc-op id="5049" type="mark" timems="12.656" contextid="5046" timestamp="2019-08-04T20:35:44.179">
  <trace-info objectcount="596309" scancount="517306" scanbytes="13275292" />
  <finalization candidates="80" enqueued="0" />
  <ownableSynchronizers candidates="21" cleared="0" />
  <references type="soft" candidates="1849" cleared="0" enqueued="0" dynamicThreshold="19" maxThreshold="32" />
  <references type="weak" candidates="5754" cleared="0" enqueued="0" />
  <references type="phantom" candidates="97" cleared="0" enqueued="0" />
  <stringconstants candidates="13260" cleared="0"  />
</gc-op>
<gc-op id="5050" type="sweep" timems="1.730" contextid="5046" timestamp="2019-08-04T20:35:44.181" />
<gc-end id="5051" type="global" contextid="5046" durationms="14.500" usertimems="76.464" systemtimems="0.000" timestamp="2019-08-04T20:35:44.181" activeThreads="16">
  <mem-info id="5052" free="47800184" total="78446592" percent="60">
    <mem type="tenure" free="47800184" total="78446592" percent="60" micro-fragmented="2848">
      <mem type="soa" free="47015800" total="77662208" percent="60" />
      <mem type="loa" free="784384" total="784384" percent="100" />
    </mem>
  </mem-info>
</gc-end>
<cycle-end id="5053" type="global" contextid="5046" timestamp="2019-08-04T20:35:44.181">
  <attribute name="GC Util" value="504" />
  <attribute name="CPU Util" value="1452565872680" />
  <attribute name="Time Running"value="84425"/>
  <attribute name="Number of cores"value="16"/>
</cycle-end>
<allocation-satisfied id="5054" threadId="0000000000968F00" bytesRequested="544" />
<af-end id="5055" timestamp="2019-08-04T20:35:44.181" threadId="0000000000969888" success="true" />
<exclusive-end id="5056" timestamp="2019-08-04T20:35:44.181" durationms="15.338" />

<concurrent-kickoff id="5057" timestamp="2019-08-04T20:35:44.192">
  <kickoff reason="threshold reached" targetBytes="6218254" thresholdFreeBytes="846817" remainingFree="803016" tenureFreeBytes="803016" />
</concurrent-kickoff>
<exclusive-start id="5058" timestamp="2019-08-04T20:35:44.192" intervalms="25.808">
  <response-info timems="0.021" idlems="0.021" threads="0" lastid="0000000000968F00" lastname="main" />
</exclusive-start>
<cycle-start id="5059" type="global" contextid="0" timestamp="2019-08-04T20:35:44.192" intervalms="25.128" />
  <attribute name="GC Util" value="504" />
  <attribute name="CPU Util" value="1452565872680" />
  <attribute name="Time Running"value="84425"/>
  <attribute name="Number of cores"value="16"/>
<exclusive-end id="5060" timestamp="2019-08-04T20:35:44.192" durationms="0.032" />

<exclusive-start id="5061" timestamp="2019-08-04T20:35:44.192" intervalms="0.236">
  <response-info timems="0.030" idlems="0.030" threads="0" lastid="0000000000968F00" lastname="main" />
</exclusive-start>
<af-start id="5062" threadId="0000000000969888" totalBytesRequested="544" timestamp="2019-08-04T20:35:44.192" intervalms="26.045" />
<concurrent-aborted id="5063" timestamp="2019-08-04T20:35:44.193">
  <reason value="insufficient progress made" />
</concurrent-aborted>
<cycle-end id="5064" type="global" contextid="5059" timestamp="2019-08-04T20:35:44.193">
  <attribute name="GC Util" value="97" />
  <attribute name="CPU Util" value="1449436202076" />
  <attribute name="Time Running"value="84438"/>
  <attribute name="Number of cores"value="16"/>
</cycle-end>
<cycle-start id="5065" type="global" contextid="0" timestamp="2019-08-04T20:35:44.193" intervalms="1.156" />
  <attribute name="GC Util" value="97" />
  <attribute name="CPU Util" value="1449436202076" />
  <attribute name="Time Running"value="84438"/>
  <attribute name="Number of cores"value="16"/>
<gc-start id="5066" type="global" contextid="5065" timestamp="2019-08-04T20:35:44.193">
  <mem-info id="5067" free="784384" total="78446592" percent="0">
    <mem type="tenure" free="784384" total="78446592" percent="0">
      <mem type="soa" free="0" total="77662208" percent="0" />
      <mem type="loa" free="784384" total="784384" percent="100" />
    </mem>
  </mem-info>
</gc-start>
<allocation-stats totalBytes="59655144" >
  <allocated-bytes non-tlh="0" tlh="59655144" />
  <largest-consumer threadName="main" threadId="0000000000968F00" bytes="59655144" />
</allocation-stats>
<gc-op id="5068" type="mark" timems="8.513" contextid="5065" timestamp="2019-08-04T20:35:44.202">
  <trace-info objectcount="596309" scancount="517309" scanbytes="13275292" />
  <finalization candidates="80" enqueued="0" />
  <ownableSynchronizers candidates="21" cleared="0" />
  <references type="soft" candidates="1849" cleared="0" enqueued="0" dynamicThreshold="19" maxThreshold="32" />
  <references type="weak" candidates="5754" cleared="0" enqueued="0" />
  <references type="phantom" candidates="97" cleared="0" enqueued="0" />
  <stringconstants candidates="13260" cleared="0"  />
</gc-op>
<gc-op id="5069" type="sweep" timems="1.573" contextid="5065" timestamp="2019-08-04T20:35:44.203" />
<gc-end id="5070" type="global" contextid="5065" durationms="10.253" usertimems="54.774" systemtimems="0.000" timestamp="2019-08-04T20:35:44.203" activeThreads="16">
  <mem-info id="5071" free="47799216" total="78446592" percent="60">
    <mem type="tenure" free="47799216" total="78446592" percent="60" micro-fragmented="2848">
      <mem type="soa" free="47014832" total="77662208" percent="60" />
      <mem type="loa" free="784384" total="784384" percent="100" />
    </mem>
  </mem-info>
</gc-end>
<cycle-end id="5072" type="global" contextid="5065" timestamp="2019-08-04T20:35:44.204">
  <attribute name="GC Util" value="539" />
  <attribute name="CPU Util" value="2156737080682" />
  <attribute name="Time Running"value="84448"/>
  <attribute name="Number of cores"value="16"/>
</cycle-end>
<allocation-satisfied id="5073" threadId="0000000000968F00" bytesRequested="544" />
<af-end id="5074" timestamp="2019-08-04T20:35:44.204" threadId="0000000000969888" success="true" />
<exclusive-end id="5075" timestamp="2019-08-04T20:35:44.204" durationms="11.473" />

<concurrent-kickoff id="5076" timestamp="2019-08-04T20:35:44.213">
  <kickoff reason="threshold reached" targetBytes="6218254" thresholdFreeBytes="846817" remainingFree="802512" tenureFreeBytes="802512" />
</concurrent-kickoff>
<exclusive-start id="5077" timestamp="2019-08-04T20:35:44.213" intervalms="21.346">
  <response-info timems="0.025" idlems="0.025" threads="0" lastid="0000000000968F00" lastname="main" />
</exclusive-start>
<cycle-start id="5078" type="global" contextid="0" timestamp="2019-08-04T20:35:44.213" intervalms="20.414" />
  <attribute name="GC Util" value="539" />
  <attribute name="CPU Util" value="2156737080682" />
  <attribute name="Time Running"value="84448"/>
  <attribute name="Number of cores"value="16"/>
<exclusive-end id="5079" timestamp="2019-08-04T20:35:44.213" durationms="0.017" />

<exclusive-start id="5080" timestamp="2019-08-04T20:35:44.214" intervalms="0.194">
  <response-info timems="0.009" idlems="0.009" threads="0" lastid="0000000000968F00" lastname="main" />
</exclusive-start>
<af-start id="5081" threadId="0000000000969888" totalBytesRequested="544" timestamp="2019-08-04T20:35:44.215" intervalms="22.650" />
<concurrent-aborted id="5082" timestamp="2019-08-04T20:35:44.215">
  <reason value="insufficient progress made" />
</concurrent-aborted>
<cycle-end id="5083" type="global" contextid="5078" timestamp="2019-08-04T20:35:44.215">
  <attribute name="GC Util" value="71" />
  <attribute name="CPU Util" value="1423122473820" />
  <attribute name="Time Running"value="84460"/>
  <attribute name="Number of cores"value="16"/>
</cycle-end>
<cycle-start id="5084" type="global" contextid="0" timestamp="2019-08-04T20:35:44.215" intervalms="1.782" />
  <attribute name="GC Util" value="71" />
  <attribute name="CPU Util" value="1423122473820" />
  <attribute name="Time Running"value="84460"/>
  <attribute name="Number of cores"value="16"/>
<gc-start id="5085" type="global" contextid="5084" timestamp="2019-08-04T20:35:44.215">
  <mem-info id="5086" free="784384" total="78446592" percent="0">
    <mem type="tenure" free="784384" total="78446592" percent="0">
      <mem type="soa" free="0" total="77662208" percent="0" />
      <mem type="loa" free="784384" total="784384" percent="100" />
    </mem>
  </mem-info>
</gc-start>
<allocation-stats totalBytes="59655120" >
  <allocated-bytes non-tlh="0" tlh="59655120" />
  <largest-consumer threadName="main" threadId="0000000000968F00" bytes="59655120" />
</allocation-stats>
<gc-op id="5087" type="mark" timems="10.124" contextid="5084" timestamp="2019-08-04T20:35:44.225">
  <trace-info objectcount="596309" scancount="517311" scanbytes="13275292" />
  <finalization candidates="80" enqueued="0" />
  <ownableSynchronizers candidates="21" cleared="0" />
  <references type="soft" candidates="1849" cleared="0" enqueued="0" dynamicThreshold="19" maxThreshold="32" />
  <references type="weak" candidates="5754" cleared="0" enqueued="0" />
  <references type="phantom" candidates="97" cleared="0" enqueued="0" />
  <stringconstants candidates="13260" cleared="0"  />
</gc-op>
<gc-op id="5088" type="sweep" timems="1.314" contextid="5084" timestamp="2019-08-04T20:35:44.227" />
<gc-end id="5089" type="global" contextid="5084" durationms="11.552" usertimems="71.859" systemtimems="0.000" timestamp="2019-08-04T20:35:44.227" activeThreads="16">
  <mem-info id="5090" free="47798384" total="78446592" percent="60">
    <mem type="tenure" free="47798384" total="78446592" percent="60" micro-fragmented="2848">
      <mem type="soa" free="47014000" total="77662208" percent="60" />
      <mem type="loa" free="784384" total="784384" percent="100" />
    </mem>
  </mem-info>
</gc-end>
<cycle-end id="5091" type="global" contextid="5084" timestamp="2019-08-04T20:35:44.227">
  <attribute name="GC Util" value="609" />
  <attribute name="CPU Util" value="1810503010148" />
  <attribute name="Time Running"value="84471"/>
  <attribute name="Number of cores"value="16"/>
</cycle-end>
<allocation-satisfied id="5092" threadId="0000000000968F00" bytesRequested="544" />
<af-end id="5093" timestamp="2019-08-04T20:35:44.227" threadId="0000000000969888" success="true" />
<exclusive-end id="5094" timestamp="2019-08-04T20:35:44.227" durationms="13.279" />

* Round 3 done in 2.899 seconds.
<concurrent-kickoff id="5095" timestamp="2019-08-04T20:35:44.246">
  <kickoff reason="threshold reached" targetBytes="6218254" thresholdFreeBytes="846817" remainingFree="802272" tenureFreeBytes="802272" />
</concurrent-kickoff>
<exclusive-start id="5096" timestamp="2019-08-04T20:35:44.246" intervalms="32.680">
  <response-info timems="0.020" idlems="0.020" threads="0" lastid="0000000000968F00" lastname="main" />
</exclusive-start>
<cycle-start id="5097" type="global" contextid="0" timestamp="2019-08-04T20:35:44.246" intervalms="31.090" />
  <attribute name="GC Util" value="609" />
  <attribute name="CPU Util" value="1810503010148" />
  <attribute name="Time Running"value="84471"/>
  <attribute name="Number of cores"value="16"/>
<exclusive-end id="5098" timestamp="2019-08-04T20:35:44.246" durationms="0.014" />

<exclusive-start id="5099" timestamp="2019-08-04T20:35:44.246" intervalms="0.173">
  <response-info timems="0.007" idlems="0.007" threads="0" lastid="0000000000968F00" lastname="main" />
</exclusive-start>
<af-start id="5100" threadId="0000000000969888" totalBytesRequested="16" timestamp="2019-08-04T20:35:44.247" intervalms="31.735" />
<concurrent-aborted id="5101" timestamp="2019-08-04T20:35:44.247">
  <reason value="insufficient progress made" />
</concurrent-aborted>
<cycle-end id="5102" type="global" contextid="5097" timestamp="2019-08-04T20:35:44.247">
  <attribute name="GC Util" value="48" />
  <attribute name="CPU Util" value="876266499845" />
  <attribute name="Time Running"value="84492"/>
  <attribute name="Number of cores"value="16"/>
</cycle-end>
<cycle-start id="5103" type="global" contextid="0" timestamp="2019-08-04T20:35:44.247" intervalms="0.774" />
  <attribute name="GC Util" value="48" />
  <attribute name="CPU Util" value="876266499845" />
  <attribute name="Time Running"value="84492"/>
  <attribute name="Number of cores"value="16"/>
<gc-start id="5104" type="global" contextid="5103" timestamp="2019-08-04T20:35:44.247">
  <mem-info id="5105" free="784384" total="78446592" percent="0">
    <mem type="tenure" free="784384" total="78446592" percent="0">
      <mem type="soa" free="0" total="77662208" percent="0" />
      <mem type="loa" free="784384" total="784384" percent="100" />
    </mem>
  </mem-info>
</gc-start>
<allocation-stats totalBytes="59678408" >
  <allocated-bytes non-tlh="0" tlh="59678408" />
  <largest-consumer threadName="main" threadId="0000000000968F00" bytes="59678408" />
</allocation-stats>
<gc-op id="5106" type="mark" timems="8.736" contextid="5103" timestamp="2019-08-04T20:35:44.256">
  <trace-info objectcount="596676" scancount="517677" scanbytes="13287252" />
  <finalization candidates="80" enqueued="0" />
  <ownableSynchronizers candidates="21" cleared="0" />
  <references type="soft" candidates="1855" cleared="0" enqueued="0" dynamicThreshold="19" maxThreshold="32" />
  <references type="weak" candidates="5754" cleared="0" enqueued="0" />
  <references type="phantom" candidates="97" cleared="0" enqueued="0" />
  <stringconstants candidates="13260" cleared="0"  />
</gc-op>
<gc-op id="5107" type="sweep" timems="1.253" contextid="5103" timestamp="2019-08-04T20:35:44.257" />
<gc-end id="5108" type="global" contextid="5103" durationms="10.092" usertimems="61.432" systemtimems="0.000" timestamp="2019-08-04T20:35:44.257" activeThreads="16">
  <mem-info id="5109" free="47798152" total="78446592" percent="60">
    <mem type="tenure" free="47798152" total="78446592" percent="60" micro-fragmented="2847">
      <mem type="soa" free="47013768" total="77662208" percent="60" />
      <mem type="loa" free="784384" total="784384" percent="100" />
    </mem>
  </mem-info>
</gc-end>
<cycle-end id="5110" type="global" contextid="5103" timestamp="2019-08-04T20:35:44.257">
  <attribute name="GC Util" value="603" />
  <attribute name="CPU Util" value="2103580415176" />
  <attribute name="Time Running"value="84502"/>
  <attribute name="Number of cores"value="16"/>
</cycle-end>
<allocation-satisfied id="5111" threadId="0000000000968F00" bytesRequested="16" />
<af-end id="5112" timestamp="2019-08-04T20:35:44.257" threadId="0000000000969888" success="true" />
<exclusive-end id="5113" timestamp="2019-08-04T20:35:44.257" durationms="10.827" />

<concurrent-kickoff id="5114" timestamp="2019-08-04T20:35:44.450">
  <kickoff reason="threshold reached" targetBytes="6218254" thresholdFreeBytes="846817" remainingFree="803128" tenureFreeBytes="803128" />
</concurrent-kickoff>
<exclusive-start id="5115" timestamp="2019-08-04T20:35:44.450" intervalms="203.776">
  <response-info timems="0.026" idlems="0.026" threads="0" lastid="0000000000968F00" lastname="main" />
</exclusive-start>
<cycle-start id="5116" type="global" contextid="0" timestamp="2019-08-04T20:35:44.450" intervalms="203.183" />
  <attribute name="GC Util" value="603" />
  <attribute name="CPU Util" value="2103580415176" />
  <attribute name="Time Running"value="84502"/>
  <attribute name="Number of cores"value="16"/>
<exclusive-end id="5117" timestamp="2019-08-04T20:35:44.450" durationms="0.023" />

<exclusive-start id="5118" timestamp="2019-08-04T20:35:44.450" intervalms="0.170">
  <response-info timems="0.010" idlems="0.010" threads="0" lastid="0000000000968F00" lastname="main" />
</exclusive-start>
<af-start id="5119" threadId="0000000000969888" totalBytesRequested="1168" timestamp="2019-08-04T20:35:44.450" intervalms="203.955" />
<concurrent-aborted id="5120" timestamp="2019-08-04T20:35:44.451">
  <reason value="insufficient progress made" />
</concurrent-aborted>
<cycle-end id="5121" type="global" contextid="5116" timestamp="2019-08-04T20:35:44.451">
  <attribute name="GC Util" value="4" />
  <attribute name="CPU Util" value="94815915109" />
  <attribute name="Time Running"value="84696"/>
  <attribute name="Number of cores"value="16"/>
</cycle-end>
<cycle-start id="5122" type="global" contextid="0" timestamp="2019-08-04T20:35:44.451" intervalms="0.766" />
  <attribute name="GC Util" value="4" />
  <attribute name="CPU Util" value="94815915109" />
  <attribute name="Time Running"value="84696"/>
  <attribute name="Number of cores"value="16"/>
<gc-start id="5123" type="global" contextid="5122" timestamp="2019-08-04T20:35:44.451">
  <mem-info id="5124" free="784384" total="78446592" percent="0">
    <mem type="tenure" free="784384" total="78446592" percent="0">
      <mem type="soa" free="0" total="77662208" percent="0" />
      <mem type="loa" free="784384" total="784384" percent="100" />
    </mem>
  </mem-info>
</gc-start>
<allocation-stats totalBytes="59641488" >
  <allocated-bytes non-tlh="2336" tlh="59639152" />
  <largest-consumer threadName="main" threadId="0000000000968F00" bytes="59641488" />
</allocation-stats>
<gc-op id="5125" type="mark" timems="8.417" contextid="5122" timestamp="2019-08-04T20:35:44.460">
  <trace-info objectcount="596694" scancount="517693" scanbytes="13287656" />
  <finalization candidates="80" enqueued="0" />
  <ownableSynchronizers candidates="21" cleared="0" />
  <references type="soft" candidates="1855" cleared="0" enqueued="0" dynamicThreshold="19" maxThreshold="32" />
  <references type="weak" candidates="5754" cleared="0" enqueued="0" />
  <references type="phantom" candidates="97" cleared="0" enqueued="0" />
  <stringconstants candidates="13260" cleared="0"  />
</gc-op>
<gc-op id="5126" type="sweep" timems="1.224" contextid="5122" timestamp="2019-08-04T20:35:44.461" />
<gc-end id="5127" type="global" contextid="5122" durationms="9.772" usertimems="56.871" systemtimems="0.000" timestamp="2019-08-04T20:35:44.461" activeThreads="16">
  <mem-info id="5128" free="47794984" total="78446592" percent="60">
    <mem type="tenure" free="47794984" total="78446592" percent="60" micro-fragmented="2848">
      <mem type="soa" free="47010600" total="77662208" percent="60" />
      <mem type="loa" free="784384" total="784384" percent="100" />
    </mem>
  </mem-info>
</gc-end>
<cycle-end id="5129" type="global" contextid="5122" timestamp="2019-08-04T20:35:44.461">
  <attribute name="GC Util" value="575" />
  <attribute name="CPU Util" value="2184379581119" />
  <attribute name="Time Running"value="84705"/>
  <attribute name="Number of cores"value="16"/>
</cycle-end>
<allocation-satisfied id="5130" threadId="0000000000968F00" bytesRequested="1168" />
<af-end id="5131" timestamp="2019-08-04T20:35:44.461" threadId="0000000000969888" success="true" />
<exclusive-end id="5132" timestamp="2019-08-04T20:35:44.461" durationms="10.515" />

<concurrent-kickoff id="5133" timestamp="2019-08-04T20:35:44.467">
  <kickoff reason="threshold reached" targetBytes="6218254" thresholdFreeBytes="846817" remainingFree="802592" tenureFreeBytes="802592" />
</concurrent-kickoff>
<exclusive-start id="5134" timestamp="2019-08-04T20:35:44.467" intervalms="16.616">
  <response-info timems="0.021" idlems="0.021" threads="0" lastid="0000000000968F00" lastname="main" />
</exclusive-start>
<cycle-start id="5135" type="global" contextid="0" timestamp="2019-08-04T20:35:44.467" intervalms="16.025" />
  <attribute name="GC Util" value="575" />
  <attribute name="CPU Util" value="2184379581119" />
  <attribute name="Time Running"value="84705"/>
  <attribute name="Number of cores"value="16"/>
<exclusive-end id="5136" timestamp="2019-08-04T20:35:44.467" durationms="0.027" />

<exclusive-start id="5137" timestamp="2019-08-04T20:35:44.467" intervalms="0.173">
  <response-info timems="0.010" idlems="0.010" threads="0" lastid="0000000000968F00" lastname="main" />
</exclusive-start>
<af-start id="5138" threadId="0000000000969888" totalBytesRequested="1168" timestamp="2019-08-04T20:35:44.467" intervalms="16.784" />
<concurrent-aborted id="5139" timestamp="2019-08-04T20:35:44.468">
  <reason value="insufficient progress made" />
</concurrent-aborted>
<cycle-end id="5140" type="global" contextid="5135" timestamp="2019-08-04T20:35:44.468">
  <attribute name="GC Util" value="108" />
  <attribute name="CPU Util" value="2401581575318" />
  <attribute name="Time Running"value="84713"/>
  <attribute name="Number of cores"value="16"/>
</cycle-end>
<cycle-start id="5141" type="global" contextid="0" timestamp="2019-08-04T20:35:44.468" intervalms="0.744" />
  <attribute name="GC Util" value="108" />
  <attribute name="CPU Util" value="2401581575318" />
  <attribute name="Time Running"value="84713"/>
  <attribute name="Number of cores"value="16"/>
<gc-start id="5142" type="global" contextid="5141" timestamp="2019-08-04T20:35:44.468">
  <mem-info id="5143" free="784384" total="78446592" percent="0">
    <mem type="tenure" free="784384" total="78446592" percent="0">
      <mem type="soa" free="0" total="77662208" percent="0" />
      <mem type="loa" free="784384" total="784384" percent="100" />
    </mem>
  </mem-info>
</gc-start>
<allocation-stats totalBytes="59469720" >
  <allocated-bytes non-tlh="4672" tlh="59465048" />
  <largest-consumer threadName="main" threadId="0000000000968F00" bytes="59469720" />
</allocation-stats>
<gc-op id="5144" type="mark" timems="9.015" contextid="5141" timestamp="2019-08-04T20:35:44.477">
  <trace-info objectcount="596695" scancount="517693" scanbytes="13287680" />
  <finalization candidates="80" enqueued="0" />
  <ownableSynchronizers candidates="21" cleared="0" />
  <references type="soft" candidates="1855" cleared="0" enqueued="0" dynamicThreshold="19" maxThreshold="32" />
  <references type="weak" candidates="5754" cleared="0" enqueued="0" />
  <references type="phantom" candidates="97" cleared="0" enqueued="0" />
  <stringconstants candidates="13260" cleared="0"  />
</gc-op>
<gc-op id="5145" type="sweep" timems="1.410" contextid="5141" timestamp="2019-08-04T20:35:44.478" />
<gc-end id="5146" type="global" contextid="5141" durationms="10.533" usertimems="61.235" systemtimems="0.000" timestamp="2019-08-04T20:35:44.478" activeThreads="16">
  <mem-info id="5147" free="47792328" total="78446592" percent="60">
    <mem type="tenure" free="47792328" total="78446592" percent="60" micro-fragmented="2848">
      <mem type="soa" free="47007944" total="77662208" percent="60" />
      <mem type="loa" free="784384" total="784384" percent="100" />
    </mem>
  </mem-info>
</gc-end>
<cycle-end id="5148" type="global" contextid="5141" timestamp="2019-08-04T20:35:44.478">
  <attribute name="GC Util" value="580" />
  <attribute name="CPU Util" value="2035194069203" />
  <attribute name="Time Running"value="84723"/>
  <attribute name="Number of cores"value="16"/>
</cycle-end>
<allocation-satisfied id="5149" threadId="0000000000968F00" bytesRequested="1168" />
<af-end id="5150" timestamp="2019-08-04T20:35:44.478" threadId="0000000000969888" success="true" />
<exclusive-end id="5151" timestamp="2019-08-04T20:35:44.478" durationms="11.243" />

<concurrent-kickoff id="5152" timestamp="2019-08-04T20:35:44.484">
  <kickoff reason="threshold reached" targetBytes="6218254" thresholdFreeBytes="846817" remainingFree="803096" tenureFreeBytes="803096" />
</concurrent-kickoff>
<exclusive-start id="5153" timestamp="2019-08-04T20:35:44.485" intervalms="17.350">
  <response-info timems="0.022" idlems="0.022" threads="0" lastid="0000000000968F00" lastname="main" />
</exclusive-start>
<cycle-start id="5154" type="global" contextid="0" timestamp="2019-08-04T20:35:44.485" intervalms="16.779" />
  <attribute name="GC Util" value="580" />
  <attribute name="CPU Util" value="2035194069203" />
  <attribute name="Time Running"value="84723"/>
  <attribute name="Number of cores"value="16"/>
<exclusive-end id="5155" timestamp="2019-08-04T20:35:44.485" durationms="0.027" />

<exclusive-start id="5156" timestamp="2019-08-04T20:35:44.485" intervalms="0.177">
  <response-info timems="0.008" idlems="0.008" threads="0" lastid="0000000000968F00" lastname="main" />
</exclusive-start>
<af-start id="5157" threadId="0000000000969888" totalBytesRequested="1168" timestamp="2019-08-04T20:35:44.485" intervalms="17.524" />
<concurrent-aborted id="5158" timestamp="2019-08-04T20:35:44.486">
  <reason value="insufficient progress made" />
</concurrent-aborted>
<cycle-end id="5159" type="global" contextid="5154" timestamp="2019-08-04T20:35:44.486">
  <attribute name="GC Util" value="110" />
  <attribute name="CPU Util" value="2348095632220" />
  <attribute name="Time Running"value="84730"/>
  <attribute name="Number of cores"value="16"/>
</cycle-end>
<cycle-start id="5160" type="global" contextid="0" timestamp="2019-08-04T20:35:44.486" intervalms="1.015" />
  <attribute name="GC Util" value="110" />
  <attribute name="CPU Util" value="2348095632220" />
  <attribute name="Time Running"value="84730"/>
  <attribute name="Number of cores"value="16"/>
<gc-start id="5161" type="global" contextid="5160" timestamp="2019-08-04T20:35:44.486">
  <mem-info id="5162" free="784384" total="78446592" percent="0">
    <mem type="tenure" free="784384" total="78446592" percent="0">
      <mem type="soa" free="0" total="77662208" percent="0" />
      <mem type="loa" free="784384" total="784384" percent="100" />
    </mem>
  </mem-info>
</gc-start>
<allocation-stats totalBytes="59481944" >
  <allocated-bytes non-tlh="4672" tlh="59477272" />
  <largest-consumer threadName="main" threadId="0000000000968F00" bytes="59481944" />
</allocation-stats>
<gc-op id="5163" type="mark" timems="9.703" contextid="5160" timestamp="2019-08-04T20:35:44.495">
  <trace-info objectcount="596695" scancount="517691" scanbytes="13287680" />
  <finalization candidates="80" enqueued="0" />
  <ownableSynchronizers candidates="21" cleared="0" />
  <references type="soft" candidates="1855" cleared="0" enqueued="0" dynamicThreshold="19" maxThreshold="32" />
  <references type="weak" candidates="5754" cleared="0" enqueued="0" />
  <references type="phantom" candidates="97" cleared="0" enqueued="0" />
  <stringconstants candidates="13260" cleared="0"  />
</gc-op>
<gc-op id="5164" type="sweep" timems="1.311" contextid="5160" timestamp="2019-08-04T20:35:44.497" />
<gc-end id="5165" type="global" contextid="5160" durationms="11.133" usertimems="67.378" systemtimems="0.000" timestamp="2019-08-04T20:35:44.497" activeThreads="16">
  <mem-info id="5166" free="47790280" total="78446592" percent="60">
    <mem type="tenure" free="47790280" total="78446592" percent="60" micro-fragmented="2848">
      <mem type="soa" free="47005896" total="77662208" percent="60" />
      <mem type="loa" free="784384" total="784384" percent="100" />
    </mem>
  </mem-info>
</gc-end>
<cycle-end id="5167" type="global" contextid="5160" timestamp="2019-08-04T20:35:44.497">
  <attribute name="GC Util" value="598" />
  <attribute name="CPU Util" value="1890782310386" />
  <attribute name="Time Running"value="84741"/>
  <attribute name="Number of cores"value="16"/>
</cycle-end>
<allocation-satisfied id="5168" threadId="0000000000968F00" bytesRequested="1168" />
<af-end id="5169" timestamp="2019-08-04T20:35:44.497" threadId="0000000000969888" success="true" />
<exclusive-end id="5170" timestamp="2019-08-04T20:35:44.497" durationms="12.119" />

<concurrent-kickoff id="5171" timestamp="2019-08-04T20:35:44.503">
  <kickoff reason="threshold reached" targetBytes="6218254" thresholdFreeBytes="846817" remainingFree="802832" tenureFreeBytes="802832" />
</concurrent-kickoff>
<exclusive-start id="5172" timestamp="2019-08-04T20:35:44.503" intervalms="18.239">
  <response-info timems="0.023" idlems="0.023" threads="0" lastid="0000000000968F00" lastname="main" />
</exclusive-start>
<cycle-start id="5173" type="global" contextid="0" timestamp="2019-08-04T20:35:44.503" intervalms="17.397" />
  <attribute name="GC Util" value="598" />
  <attribute name="CPU Util" value="1890782310386" />
  <attribute name="Time Running"value="84741"/>
  <attribute name="Number of cores"value="16"/>
<exclusive-end id="5174" timestamp="2019-08-04T20:35:44.503" durationms="0.023" />

<exclusive-start id="5175" timestamp="2019-08-04T20:35:44.503" intervalms="0.154">
  <response-info timems="0.007" idlems="0.007" threads="0" lastid="0000000000968F00" lastname="main" />
</exclusive-start>
<af-start id="5176" threadId="0000000000969888" totalBytesRequested="1168" timestamp="2019-08-04T20:35:44.503" intervalms="18.391" />
<concurrent-aborted id="5177" timestamp="2019-08-04T20:35:44.504">
  <reason value="insufficient progress made" />
</concurrent-aborted>
<cycle-end id="5178" type="global" contextid="5173" timestamp="2019-08-04T20:35:44.504">
  <attribute name="GC Util" value="119" />
  <attribute name="CPU Util" value="2376978052440" />
  <attribute name="Time Running"value="84749"/>
  <attribute name="Number of cores"value="16"/>
</cycle-end>
<cycle-start id="5179" type="global" contextid="0" timestamp="2019-08-04T20:35:44.504" intervalms="0.820" />
  <attribute name="GC Util" value="119" />
  <attribute name="CPU Util" value="2376978052440" />
  <attribute name="Time Running"value="84749"/>
  <attribute name="Number of cores"value="16"/>
<gc-start id="5180" type="global" contextid="5179" timestamp="2019-08-04T20:35:44.504">
  <mem-info id="5181" free="784384" total="78446592" percent="0">
    <mem type="tenure" free="784384" total="78446592" percent="0">
      <mem type="soa" free="0" total="77662208" percent="0" />
      <mem type="loa" free="784384" total="784384" percent="100" />
    </mem>
  </mem-info>
</gc-start>
<allocation-stats totalBytes="59481944" >
  <allocated-bytes non-tlh="4672" tlh="59477272" />
  <largest-consumer threadName="main" threadId="0000000000968F00" bytes="59481944" />
</allocation-stats>
<gc-op id="5182" type="mark" timems="10.004" contextid="5179" timestamp="2019-08-04T20:35:44.514">
  <trace-info objectcount="596695" scancount="517698" scanbytes="13287680" />
  <finalization candidates="80" enqueued="0" />
  <ownableSynchronizers candidates="21" cleared="0" />
  <references type="soft" candidates="1855" cleared="0" enqueued="0" dynamicThreshold="19" maxThreshold="32" />
  <references type="weak" candidates="5754" cleared="0" enqueued="0" />
  <references type="phantom" candidates="97" cleared="0" enqueued="0" />
  <stringconstants candidates="13260" cleared="0"  />
</gc-op>
<gc-op id="5183" type="sweep" timems="1.346" contextid="5179" timestamp="2019-08-04T20:35:44.515" />
<gc-end id="5184" type="global" contextid="5179" durationms="11.466" usertimems="59.052" systemtimems="0.000" timestamp="2019-08-04T20:35:44.515" activeThreads="16">
  <mem-info id="5185" free="47788600" total="78446592" percent="60">
    <mem type="tenure" free="47788600" total="78446592" percent="60" micro-fragmented="2848">
      <mem type="soa" free="47004216" total="77662208" percent="60" />
      <mem type="loa" free="784384" total="784384" percent="100" />
    </mem>
  </mem-info>
</gc-end>
<cycle-end id="5186" type="global" contextid="5179" timestamp="2019-08-04T20:35:44.515">
  <attribute name="GC Util" value="490" />
  <attribute name="CPU Util" value="1833086585963" />
  <attribute name="Time Running"value="84760"/>
  <attribute name="Number of cores"value="16"/>
</cycle-end>
<allocation-satisfied id="5187" threadId="0000000000968F00" bytesRequested="1168" />
<af-end id="5188" timestamp="2019-08-04T20:35:44.515" threadId="0000000000969888" success="true" />
<exclusive-end id="5189" timestamp="2019-08-04T20:35:44.515" durationms="12.272" />

<concurrent-kickoff id="5190" timestamp="2019-08-04T20:35:44.521">
  <kickoff reason="threshold reached" targetBytes="6218254" thresholdFreeBytes="846817" remainingFree="815184" tenureFreeBytes="815184" />
</concurrent-kickoff>
<exclusive-start id="5191" timestamp="2019-08-04T20:35:44.521" intervalms="18.329">
  <response-info timems="0.020" idlems="0.020" threads="0" lastid="0000000000968F00" lastname="main" />
</exclusive-start>
<cycle-start id="5192" type="global" contextid="0" timestamp="2019-08-04T20:35:44.521" intervalms="17.663" />
  <attribute name="GC Util" value="490" />
  <attribute name="CPU Util" value="1833086585963" />
  <attribute name="Time Running"value="84760"/>
  <attribute name="Number of cores"value="16"/>
<exclusive-end id="5193" timestamp="2019-08-04T20:35:44.521" durationms="0.023" />

<exclusive-start id="5194" timestamp="2019-08-04T20:35:44.522" intervalms="0.135">
  <response-info timems="0.007" idlems="0.007" threads="0" lastid="0000000000968F00" lastname="main" />
</exclusive-start>
<af-start id="5195" threadId="0000000000969888" totalBytesRequested="1168" timestamp="2019-08-04T20:35:44.522" intervalms="18.456" />
<concurrent-aborted id="5196" timestamp="2019-08-04T20:35:44.522">
  <reason value="insufficient progress made" />
</concurrent-aborted>
<cycle-end id="5197" type="global" contextid="5192" timestamp="2019-08-04T20:35:44.522">
  <attribute name="GC Util" value="127" />
  <attribute name="CPU Util" value="2400405914616" />
  <attribute name="Time Running"value="84767"/>
  <attribute name="Number of cores"value="16"/>
</cycle-end>
<cycle-start id="5198" type="global" contextid="0" timestamp="2019-08-04T20:35:44.522" intervalms="0.995" />
  <attribute name="GC Util" value="127" />
  <attribute name="CPU Util" value="2400405914616" />
  <attribute name="Time Running"value="84767"/>
  <attribute name="Number of cores"value="16"/>
<gc-start id="5199" type="global" contextid="5198" timestamp="2019-08-04T20:35:44.523">
  <mem-info id="5200" free="784384" total="78446592" percent="0">
    <mem type="tenure" free="784384" total="78446592" percent="0">
      <mem type="soa" free="0" total="77662208" percent="0" />
      <mem type="loa" free="784384" total="784384" percent="100" />
    </mem>
  </mem-info>
</gc-start>
<allocation-stats totalBytes="59483176" >
  <allocated-bytes non-tlh="4672" tlh="59478504" />
  <largest-consumer threadName="main" threadId="0000000000968F00" bytes="59483176" />
</allocation-stats>
<gc-op id="5201" type="mark" timems="9.208" contextid="5198" timestamp="2019-08-04T20:35:44.532">
  <trace-info objectcount="596695" scancount="517692" scanbytes="13287680" />
  <finalization candidates="80" enqueued="0" />
  <ownableSynchronizers candidates="21" cleared="0" />
  <references type="soft" candidates="1855" cleared="0" enqueued="0" dynamicThreshold="19" maxThreshold="32" />
  <references type="weak" candidates="5754" cleared="0" enqueued="0" />
  <references type="phantom" candidates="97" cleared="0" enqueued="0" />
  <stringconstants candidates="13260" cleared="0"  />
</gc-op>
<gc-op id="5202" type="sweep" timems="1.241" contextid="5198" timestamp="2019-08-04T20:35:44.533" />
<gc-end id="5203" type="global" contextid="5198" durationms="10.560" usertimems="60.991" systemtimems="0.000" timestamp="2019-08-04T20:35:44.533" activeThreads="16">
  <mem-info id="5204" free="47787256" total="78446592" percent="60">
    <mem type="tenure" free="47787256" total="78446592" percent="60" micro-fragmented="2848">
      <mem type="soa" free="47002872" total="77662208" percent="60" />
      <mem type="loa" free="784384" total="784384" percent="100" />
    </mem>
  </mem-info>
</gc-end>
<cycle-end id="5205" type="global" contextid="5198" timestamp="2019-08-04T20:35:44.533">
  <attribute name="GC Util" value="563" />
  <attribute name="CPU Util" value="1993115739192" />
  <attribute name="Time Running"value="84777"/>
  <attribute name="Number of cores"value="16"/>
</cycle-end>
<allocation-satisfied id="5206" threadId="0000000000968F00" bytesRequested="1168" />
<af-end id="5207" timestamp="2019-08-04T20:35:44.533" threadId="0000000000969888" success="true" />
<exclusive-end id="5208" timestamp="2019-08-04T20:35:44.533" durationms="11.564" />

<concurrent-kickoff id="5209" timestamp="2019-08-04T20:35:44.539">
  <kickoff reason="threshold reached" targetBytes="6218254" thresholdFreeBytes="846817" remainingFree="831528" tenureFreeBytes="831528" />
</concurrent-kickoff>
<exclusive-start id="5210" timestamp="2019-08-04T20:35:44.539" intervalms="17.577">
  <response-info timems="0.022" idlems="0.022" threads="0" lastid="0000000000968F00" lastname="main" />
</exclusive-start>
<cycle-start id="5211" type="global" contextid="0" timestamp="2019-08-04T20:35:44.539" intervalms="16.748" />
  <attribute name="GC Util" value="563" />
  <attribute name="CPU Util" value="1993115739192" />
  <attribute name="Time Running"value="84777"/>
  <attribute name="Number of cores"value="16"/>
<exclusive-end id="5212" timestamp="2019-08-04T20:35:44.539" durationms="0.054" />

<exclusive-start id="5213" timestamp="2019-08-04T20:35:44.539" intervalms="0.194">
  <response-info timems="0.010" idlems="0.010" threads="0" lastid="0000000000968F00" lastname="main" />
</exclusive-start>
<af-start id="5214" threadId="0000000000969888" totalBytesRequested="1168" timestamp="2019-08-04T20:35:44.539" intervalms="17.787" />
<concurrent-aborted id="5215" timestamp="2019-08-04T20:35:44.540">
  <reason value="insufficient progress made" />
</concurrent-aborted>
<cycle-end id="5216" type="global" contextid="5211" timestamp="2019-08-04T20:35:44.540">
  <attribute name="GC Util" value="116" />
  <attribute name="CPU Util" value="2420897806928" />
  <attribute name="Time Running"value="84785"/>
  <attribute name="Number of cores"value="16"/>
</cycle-end>
<cycle-start id="5217" type="global" contextid="0" timestamp="2019-08-04T20:35:44.540" intervalms="1.046" />
  <attribute name="GC Util" value="116" />
  <attribute name="CPU Util" value="2420897806928" />
  <attribute name="Time Running"value="84785"/>
  <attribute name="Number of cores"value="16"/>
<gc-start id="5218" type="global" contextid="5217" timestamp="2019-08-04T20:35:44.540">
  <mem-info id="5219" free="784384" total="78446592" percent="0">
    <mem type="tenure" free="784384" total="78446592" percent="0">
      <mem type="soa" free="0" total="77662208" percent="0" />
      <mem type="loa" free="784384" total="784384" percent="100" />
    </mem>
  </mem-info>
</gc-start>
<allocation-stats totalBytes="59484432" >
  <allocated-bytes non-tlh="5840" tlh="59478592" />
  <largest-consumer threadName="main" threadId="0000000000968F00" bytes="59484432" />
</allocation-stats>
<gc-op id="5220" type="mark" timems="8.079" contextid="5217" timestamp="2019-08-04T20:35:44.548">
  <trace-info objectcount="596695" scancount="517717" scanbytes="13287680" />
  <finalization candidates="80" enqueued="0" />
  <ownableSynchronizers candidates="21" cleared="0" />
  <references type="soft" candidates="1855" cleared="0" enqueued="0" dynamicThreshold="19" maxThreshold="32" />
  <references type="weak" candidates="5754" cleared="0" enqueued="0" />
  <references type="phantom" candidates="97" cleared="0" enqueued="0" />
  <stringconstants candidates="13260" cleared="0"  />
</gc-op>
<gc-op id="5221" type="sweep" timems="1.215" contextid="5217" timestamp="2019-08-04T20:35:44.550" />
<gc-end id="5222" type="global" contextid="5217" durationms="9.404" usertimems="55.625" systemtimems="0.000" timestamp="2019-08-04T20:35:44.550" activeThreads="16">
  <mem-info id="5223" free="47786216" total="78446592" percent="60">
    <mem type="tenure" free="47786216" total="78446592" percent="60" micro-fragmented="2848">
      <mem type="soa" free="47001832" total="77662208" percent="60" />
      <mem type="loa" free="784384" total="784384" percent="100" />
    </mem>
  </mem-info>
</gc-end>
<cycle-end id="5224" type="global" contextid="5217" timestamp="2019-08-04T20:35:44.550">
  <attribute name="GC Util" value="594" />
  <attribute name="CPU Util" value="2269020589363" />
  <attribute name="Time Running"value="84794"/>
  <attribute name="Number of cores"value="16"/>
</cycle-end>
<allocation-satisfied id="5225" threadId="0000000000968F00" bytesRequested="1168" />
<af-end id="5226" timestamp="2019-08-04T20:35:44.550" threadId="0000000000969888" success="true" />
<exclusive-end id="5227" timestamp="2019-08-04T20:35:44.550" durationms="10.434" />

<concurrent-kickoff id="5228" timestamp="2019-08-04T20:35:44.556">
  <kickoff reason="threshold reached" targetBytes="6218254" thresholdFreeBytes="846817" remainingFree="802832" tenureFreeBytes="802832" />
</concurrent-kickoff>
<exclusive-start id="5229" timestamp="2019-08-04T20:35:44.556" intervalms="16.449">
  <response-info timems="0.022" idlems="0.022" threads="0" lastid="0000000000968F00" lastname="main" />
</exclusive-start>
<cycle-start id="5230" type="global" contextid="0" timestamp="2019-08-04T20:35:44.556" intervalms="15.567" />
  <attribute name="GC Util" value="594" />
  <attribute name="CPU Util" value="2269020589363" />
  <attribute name="Time Running"value="84794"/>
  <attribute name="Number of cores"value="16"/>
<exclusive-end id="5231" timestamp="2019-08-04T20:35:44.556" durationms="0.024" />

<exclusive-start id="5232" timestamp="2019-08-04T20:35:44.556" intervalms="0.154">
  <response-info timems="0.007" idlems="0.007" threads="0" lastid="0000000000968F00" lastname="main" />
</exclusive-start>
<af-start id="5233" threadId="0000000000969888" totalBytesRequested="1168" timestamp="2019-08-04T20:35:44.556" intervalms="16.590" />
<concurrent-aborted id="5234" timestamp="2019-08-04T20:35:44.557">
  <reason value="insufficient progress made" />
</concurrent-aborted>
<cycle-end id="5235" type="global" contextid="5230" timestamp="2019-08-04T20:35:44.557">
  <attribute name="GC Util" value="102" />
  <attribute name="CPU Util" value="2442842951381" />
  <attribute name="Time Running"value="84802"/>
  <attribute name="Number of cores"value="16"/>
</cycle-end>
<cycle-start id="5236" type="global" contextid="0" timestamp="2019-08-04T20:35:44.557" intervalms="0.775" />
  <attribute name="GC Util" value="102" />
  <attribute name="CPU Util" value="2442842951381" />
  <attribute name="Time Running"value="84802"/>
  <attribute name="Number of cores"value="16"/>
<gc-start id="5237" type="global" contextid="5236" timestamp="2019-08-04T20:35:44.557">
  <mem-info id="5238" free="784384" total="78446592" percent="0">
    <mem type="tenure" free="784384" total="78446592" percent="0">
      <mem type="soa" free="0" total="77662208" percent="0" />
      <mem type="loa" free="784384" total="784384" percent="100" />
    </mem>
  </mem-info>
</gc-start>
<allocation-stats totalBytes="59481944" >
  <allocated-bytes non-tlh="4672" tlh="59477272" />
  <largest-consumer threadName="main" threadId="0000000000968F00" bytes="59481944" />
</allocation-stats>
<gc-op id="5239" type="mark" timems="9.268" contextid="5236" timestamp="2019-08-04T20:35:44.566">
  <trace-info objectcount="596695" scancount="517699" scanbytes="13287680" />
  <finalization candidates="80" enqueued="0" />
  <ownableSynchronizers candidates="21" cleared="0" />
  <references type="soft" candidates="1855" cleared="0" enqueued="0" dynamicThreshold="19" maxThreshold="32" />
  <references type="weak" candidates="5754" cleared="0" enqueued="0" />
  <references type="phantom" candidates="97" cleared="0" enqueued="0" />
  <stringconstants candidates="13260" cleared="0"  />
</gc-op>
<gc-op id="5240" type="sweep" timems="1.155" contextid="5236" timestamp="2019-08-04T20:35:44.567" />
<gc-end id="5241" type="global" contextid="5236" durationms="10.543" usertimems="62.982" systemtimems="0.000" timestamp="2019-08-04T20:35:44.567" activeThreads="16">
  <mem-info id="5242" free="47785344" total="78446592" percent="60">
    <mem type="tenure" free="47785344" total="78446592" percent="60" micro-fragmented="2848">
      <mem type="soa" free="47000960" total="77662208" percent="60" />
      <mem type="loa" free="784384" total="784384" percent="100" />
    </mem>
  </mem-info>
</gc-end>
<cycle-end id="5243" type="global" contextid="5236" timestamp="2019-08-04T20:35:44.567">
  <attribute name="GC Util" value="584" />
  <attribute name="CPU Util" value="1979209860294" />
  <attribute name="Time Running"value="84812"/>
  <attribute name="Number of cores"value="16"/>
</cycle-end>
<allocation-satisfied id="5244" threadId="0000000000968F00" bytesRequested="1168" />
<af-end id="5245" timestamp="2019-08-04T20:35:44.567" threadId="0000000000969888" success="true" />
<exclusive-end id="5246" timestamp="2019-08-04T20:35:44.567" durationms="11.328" />

<concurrent-kickoff id="5247" timestamp="2019-08-04T20:35:44.573">
  <kickoff reason="threshold reached" targetBytes="6218254" thresholdFreeBytes="846817" remainingFree="802800" tenureFreeBytes="802800" />
</concurrent-kickoff>
<exclusive-start id="5248" timestamp="2019-08-04T20:35:44.573" intervalms="17.403">
  <response-info timems="0.020" idlems="0.020" threads="0" lastid="0000000000968F00" lastname="main" />
</exclusive-start>
<cycle-start id="5249" type="global" contextid="0" timestamp="2019-08-04T20:35:44.573" intervalms="16.782" />
  <attribute name="GC Util" value="584" />
  <attribute name="CPU Util" value="1979209860294" />
  <attribute name="Time Running"value="84812"/>
  <attribute name="Number of cores"value="16"/>
<exclusive-end id="5250" timestamp="2019-08-04T20:35:44.573" durationms="0.023" />

<exclusive-start id="5251" timestamp="2019-08-04T20:35:44.574" intervalms="0.155">
  <response-info timems="0.007" idlems="0.007" threads="0" lastid="0000000000968F00" lastname="main" />
</exclusive-start>
<af-start id="5252" threadId="0000000000969888" totalBytesRequested="1168" timestamp="2019-08-04T20:35:44.574" intervalms="17.556" />
<concurrent-aborted id="5253" timestamp="2019-08-04T20:35:44.574">
  <reason value="insufficient progress made" />
</concurrent-aborted>
<cycle-end id="5254" type="global" contextid="5249" timestamp="2019-08-04T20:35:44.574">
  <attribute name="GC Util" value="111" />
  <attribute name="CPU Util" value="2439802624372" />
  <attribute name="Time Running"value="84819"/>
  <attribute name="Number of cores"value="16"/>
</cycle-end>
<cycle-start id="5255" type="global" contextid="0" timestamp="2019-08-04T20:35:44.574" intervalms="0.711" />
  <attribute name="GC Util" value="111" />
  <attribute name="CPU Util" value="2439802624372" />
  <attribute name="Time Running"value="84819"/>
  <attribute name="Number of cores"value="16"/>
<gc-start id="5256" type="global" contextid="5255" timestamp="2019-08-04T20:35:44.574">
  <mem-info id="5257" free="784384" total="78446592" percent="0">
    <mem type="tenure" free="784384" total="78446592" percent="0">
      <mem type="soa" free="0" total="77662208" percent="0" />
      <mem type="loa" free="784384" total="784384" percent="100" />
    </mem>
  </mem-info>
</gc-start>
<allocation-stats totalBytes="59481944" >
  <allocated-bytes non-tlh="4672" tlh="59477272" />
  <largest-consumer threadName="main" threadId="0000000000968F00" bytes="59481944" />
</allocation-stats>
<gc-op id="5258" type="mark" timems="8.564" contextid="5255" timestamp="2019-08-04T20:35:44.583">
  <trace-info objectcount="596695" scancount="517695" scanbytes="13287680" />
  <finalization candidates="80" enqueued="0" />
  <ownableSynchronizers candidates="21" cleared="0" />
  <references type="soft" candidates="1855" cleared="0" enqueued="0" dynamicThreshold="19" maxThreshold="32" />
  <references type="weak" candidates="5754" cleared="0" enqueued="0" />
  <references type="phantom" candidates="97" cleared="0" enqueued="0" />
  <stringconstants candidates="13260" cleared="0"  />
</gc-op>
<gc-op id="5259" type="sweep" timems="1.221" contextid="5255" timestamp="2019-08-04T20:35:44.584" />
<gc-end id="5260" type="global" contextid="5255" durationms="9.894" usertimems="52.573" systemtimems="0.000" timestamp="2019-08-04T20:35:44.584" activeThreads="16">
  <mem-info id="5261" free="47784648" total="78446592" percent="60">
    <mem type="tenure" free="47784648" total="78446592" percent="60" micro-fragmented="2848">
      <mem type="soa" free="47000264" total="77662208" percent="60" />
      <mem type="loa" free="784384" total="784384" percent="100" />
    </mem>
  </mem-info>
</gc-end>
<cycle-end id="5262" type="global" contextid="5255" timestamp="2019-08-04T20:35:44.584">
  <attribute name="GC Util" value="520" />
  <attribute name="CPU Util" value="2148695554735" />
  <attribute name="Time Running"value="84828"/>
  <attribute name="Number of cores"value="16"/>
</cycle-end>
<allocation-satisfied id="5263" threadId="0000000000968F00" bytesRequested="1168" />
<af-end id="5264" timestamp="2019-08-04T20:35:44.584" threadId="0000000000969888" success="true" />
<exclusive-end id="5265" timestamp="2019-08-04T20:35:44.584" durationms="10.599" />

<concurrent-kickoff id="5266" timestamp="2019-08-04T20:35:44.590">
  <kickoff reason="threshold reached" targetBytes="6218254" thresholdFreeBytes="846817" remainingFree="816744" tenureFreeBytes="816744" />
</concurrent-kickoff>
<exclusive-start id="5267" timestamp="2019-08-04T20:35:44.590" intervalms="16.670">
  <response-info timems="0.024" idlems="0.024" threads="0" lastid="0000000000968F00" lastname="main" />
</exclusive-start>
<cycle-start id="5268" type="global" contextid="0" timestamp="2019-08-04T20:35:44.590" intervalms="16.112" />
  <attribute name="GC Util" value="520" />
  <attribute name="CPU Util" value="2148695554735" />
  <attribute name="Time Running"value="84828"/>
  <attribute name="Number of cores"value="16"/>
<exclusive-end id="5269" timestamp="2019-08-04T20:35:44.590" durationms="0.022" />

<exclusive-start id="5270" timestamp="2019-08-04T20:35:44.590" intervalms="0.129">
  <response-info timems="0.006" idlems="0.006" threads="0" lastid="0000000000968F00" lastname="main" />
</exclusive-start>
<af-start id="5271" threadId="0000000000969888" totalBytesRequested="1168" timestamp="2019-08-04T20:35:44.590" intervalms="16.805" />
<concurrent-aborted id="5272" timestamp="2019-08-04T20:35:44.591">
  <reason value="insufficient progress made" />
</concurrent-aborted>
<cycle-end id="5273" type="global" contextid="5268" timestamp="2019-08-04T20:35:44.591">
  <attribute name="GC Util" value="103" />
  <attribute name="CPU Util" value="2428059499214" />
  <attribute name="Time Running"value="84836"/>
  <attribute name="Number of cores"value="16"/>
</cycle-end>
<cycle-start id="5274" type="global" contextid="0" timestamp="2019-08-04T20:35:44.591" intervalms="0.727" />
  <attribute name="GC Util" value="103" />
  <attribute name="CPU Util" value="2428059499214" />
  <attribute name="Time Running"value="84836"/>
  <attribute name="Number of cores"value="16"/>
<gc-start id="5275" type="global" contextid="5274" timestamp="2019-08-04T20:35:44.591">
  <mem-info id="5276" free="784384" total="78446592" percent="0">
    <mem type="tenure" free="784384" total="78446592" percent="0">
      <mem type="soa" free="0" total="77662208" percent="0" />
      <mem type="loa" free="784384" total="784384" percent="100" />
    </mem>
  </mem-info>
</gc-start>
<allocation-stats totalBytes="59483176" >
  <allocated-bytes non-tlh="5840" tlh="59477336" />
  <largest-consumer threadName="main" threadId="0000000000968F00" bytes="59483176" />
</allocation-stats>
<gc-op id="5277" type="mark" timems="7.945" contextid="5274" timestamp="2019-08-04T20:35:44.599">
  <trace-info objectcount="596695" scancount="517746" scanbytes="13287680" />
  <finalization candidates="80" enqueued="0" />
  <ownableSynchronizers candidates="21" cleared="0" />
  <references type="soft" candidates="1855" cleared="0" enqueued="0" dynamicThreshold="19" maxThreshold="32" />
  <references type="weak" candidates="5754" cleared="0" enqueued="0" />
  <references type="phantom" candidates="97" cleared="0" enqueued="0" />
  <stringconstants candidates="13260" cleared="0"  />
</gc-op>
<gc-op id="5278" type="sweep" timems="1.135" contextid="5274" timestamp="2019-08-04T20:35:44.600" />
<gc-end id="5279" type="global" contextid="5274" durationms="9.192" usertimems="54.853" systemtimems="0.000" timestamp="2019-08-04T20:35:44.600" activeThreads="16">
  <mem-info id="5280" free="47784136" total="78446592" percent="60">
    <mem type="tenure" free="47784136" total="78446592" percent="60" micro-fragmented="2848">
      <mem type="soa" free="46999752" total="77662208" percent="60" />
      <mem type="loa" free="784384" total="784384" percent="100" />
    </mem>
  </mem-info>
</gc-end>
<cycle-end id="5281" type="global" contextid="5274" timestamp="2019-08-04T20:35:44.600">
  <attribute name="GC Util" value="585" />
  <attribute name="CPU Util" value="2304744897871" />
  <attribute name="Time Running"value="84845"/>
  <attribute name="Number of cores"value="16"/>
</cycle-end>
<allocation-satisfied id="5282" threadId="0000000000968F00" bytesRequested="1168" />
<af-end id="5283" timestamp="2019-08-04T20:35:44.600" threadId="0000000000969888" success="true" />
<exclusive-end id="5284" timestamp="2019-08-04T20:35:44.600" durationms="9.929" />

<concurrent-kickoff id="5285" timestamp="2019-08-04T20:35:44.606">
  <kickoff reason="threshold reached" targetBytes="6218254" thresholdFreeBytes="846817" remainingFree="832504" tenureFreeBytes="832504" />
</concurrent-kickoff>
<exclusive-start id="5286" timestamp="2019-08-04T20:35:44.606" intervalms="16.034">
  <response-info timems="0.021" idlems="0.021" threads="0" lastid="0000000000968F00" lastname="main" />
</exclusive-start>
<cycle-start id="5287" type="global" contextid="0" timestamp="2019-08-04T20:35:44.606" intervalms="15.437" />
  <attribute name="GC Util" value="585" />
  <attribute name="CPU Util" value="2304744897871" />
  <attribute name="Time Running"value="84845"/>
  <attribute name="Number of cores"value="16"/>
<exclusive-end id="5288" timestamp="2019-08-04T20:35:44.606" durationms="0.024" />

<exclusive-start id="5289" timestamp="2019-08-04T20:35:44.607" intervalms="0.150">
  <response-info timems="0.007" idlems="0.007" threads="0" lastid="0000000000968F00" lastname="main" />
</exclusive-start>
<af-start id="5290" threadId="0000000000969888" totalBytesRequested="1168" timestamp="2019-08-04T20:35:44.607" intervalms="16.187" />
<concurrent-aborted id="5291" timestamp="2019-08-04T20:35:44.607">
  <reason value="insufficient progress made" />
</concurrent-aborted>
<cycle-end id="5292" type="global" contextid="5287" timestamp="2019-08-04T20:35:44.607">
  <attribute name="GC Util" value="108" />
  <attribute name="CPU Util" value="2440119871646" />
  <attribute name="Time Running"value="84852"/>
  <attribute name="Number of cores"value="16"/>
</cycle-end>
<cycle-start id="5293" type="global" contextid="0" timestamp="2019-08-04T20:35:44.607" intervalms="0.772" />
  <attribute name="GC Util" value="108" />
  <attribute name="CPU Util" value="2440119871646" />
  <attribute name="Time Running"value="84852"/>
  <attribute name="Number of cores"value="16"/>
<gc-start id="5294" type="global" contextid="5293" timestamp="2019-08-04T20:35:44.607">
  <mem-info id="5295" free="784384" total="78446592" percent="0">
    <mem type="tenure" free="784384" total="78446592" percent="0">
      <mem type="soa" free="0" total="77662208" percent="0" />
      <mem type="loa" free="784384" total="784384" percent="100" />
    </mem>
  </mem-info>
</gc-start>
<allocation-stats totalBytes="59483200" >
  <allocated-bytes non-tlh="4672" tlh="59478528" />
  <largest-consumer threadName="main" threadId="0000000000968F00" bytes="59483200" />
</allocation-stats>
<gc-op id="5296" type="mark" timems="8.388" contextid="5293" timestamp="2019-08-04T20:35:44.616">
  <trace-info objectcount="596695" scancount="517696" scanbytes="13287680" />
  <finalization candidates="80" enqueued="0" />
  <ownableSynchronizers candidates="21" cleared="0" />
  <references type="soft" candidates="1855" cleared="0" enqueued="0" dynamicThreshold="19" maxThreshold="32" />
  <references type="weak" candidates="5754" cleared="0" enqueued="0" />
  <references type="phantom" candidates="97" cleared="0" enqueued="0" />
  <stringconstants candidates="13260" cleared="0"  />
</gc-op>
<gc-op id="5297" type="sweep" timems="1.312" contextid="5293" timestamp="2019-08-04T20:35:44.617" />
<gc-end id="5298" type="global" contextid="5293" durationms="9.814" usertimems="56.753" systemtimems="0.000" timestamp="2019-08-04T20:35:44.617" activeThreads="16">
  <mem-info id="5299" free="47783680" total="78446592" percent="60">
    <mem type="tenure" free="47783680" total="78446592" percent="60" micro-fragmented="2848">
      <mem type="soa" free="46999296" total="77662208" percent="60" />
      <mem type="loa" free="784384" total="784384" percent="100" />
    </mem>
  </mem-info>
</gc-end>
<cycle-end id="5300" type="global" contextid="5293" timestamp="2019-08-04T20:35:44.617">
  <attribute name="GC Util" value="573" />
  <attribute name="CPU Util" value="2187093744846" />
  <attribute name="Time Running"value="84861"/>
  <attribute name="Number of cores"value="16"/>
</cycle-end>
<allocation-satisfied id="5301" threadId="0000000000968F00" bytesRequested="1168" />
<af-end id="5302" timestamp="2019-08-04T20:35:44.617" threadId="0000000000969888" success="true" />
<exclusive-end id="5303" timestamp="2019-08-04T20:35:44.617" durationms="10.575" />

<concurrent-kickoff id="5304" timestamp="2019-08-04T20:35:44.623">
  <kickoff reason="threshold reached" targetBytes="6218254" thresholdFreeBytes="846817" remainingFree="833872" tenureFreeBytes="833872" />
</concurrent-kickoff>
<exclusive-start id="5305" timestamp="2019-08-04T20:35:44.623" intervalms="16.703">
  <response-info timems="0.042" idlems="0.042" threads="0" lastid="0000000000968F00" lastname="main" />
</exclusive-start>
<cycle-start id="5306" type="global" contextid="0" timestamp="2019-08-04T20:35:44.623" intervalms="16.078" />
  <attribute name="GC Util" value="573" />
  <attribute name="CPU Util" value="2187093744846" />
  <attribute name="Time Running"value="84861"/>
  <attribute name="Number of cores"value="16"/>
<exclusive-end id="5307" timestamp="2019-08-04T20:35:44.623" durationms="0.022" />

<exclusive-start id="5308" timestamp="2019-08-04T20:35:44.623" intervalms="0.184">
  <response-info timems="0.008" idlems="0.008" threads="0" lastid="0000000000968F00" lastname="main" />
</exclusive-start>
<af-start id="5309" threadId="0000000000969888" totalBytesRequested="1168" timestamp="2019-08-04T20:35:44.623" intervalms="16.887" />
<concurrent-aborted id="5310" timestamp="2019-08-04T20:35:44.624">
  <reason value="insufficient progress made" />
</concurrent-aborted>
<cycle-end id="5311" type="global" contextid="5306" timestamp="2019-08-04T20:35:44.624">
  <attribute name="GC Util" value="110" />
  <attribute name="CPU Util" value="2369506117385" />
  <attribute name="Time Running"value="84869"/>
  <attribute name="Number of cores"value="16"/>
</cycle-end>
<cycle-start id="5312" type="global" contextid="0" timestamp="2019-08-04T20:35:44.624" intervalms="0.705" />
  <attribute name="GC Util" value="110" />
  <attribute name="CPU Util" value="2369506117385" />
  <attribute name="Time Running"value="84869"/>
  <attribute name="Number of cores"value="16"/>
<gc-start id="5313" type="global" contextid="5312" timestamp="2019-08-04T20:35:44.624">
  <mem-info id="5314" free="784384" total="78446592" percent="0">
    <mem type="tenure" free="784384" total="78446592" percent="0">
      <mem type="soa" free="0" total="77662208" percent="0" />
      <mem type="loa" free="784384" total="784384" percent="100" />
    </mem>
  </mem-info>
</gc-start>
<allocation-stats totalBytes="59481944" >
  <allocated-bytes non-tlh="4672" tlh="59477272" />
  <largest-consumer threadName="main" threadId="0000000000968F00" bytes="59481944" />
</allocation-stats>
<gc-op id="5315" type="mark" timems="8.835" contextid="5312" timestamp="2019-08-04T20:35:44.633">
  <trace-info objectcount="596677" scancount="517680" scanbytes="13287120" />
  <finalization candidates="80" enqueued="0" />
  <ownableSynchronizers candidates="21" cleared="0" />
  <references type="soft" candidates="1855" cleared="5" enqueued="5" dynamicThreshold="19" maxThreshold="32" />
  <references type="weak" candidates="5754" cleared="0" enqueued="0" />
  <references type="phantom" candidates="97" cleared="0" enqueued="0" />
  <stringconstants candidates="13260" cleared="0"  />
</gc-op>
<gc-op id="5316" type="sweep" timems="1.025" contextid="5312" timestamp="2019-08-04T20:35:44.634" />
<gc-end id="5317" type="global" contextid="5312" durationms="10.237" usertimems="49.817" systemtimems="0.000" timestamp="2019-08-04T20:35:44.634" activeThreads="16">
  <mem-info id="5318" free="47783360" total="78446592" percent="60">
    <mem type="tenure" free="47783360" total="78446592" percent="60" micro-fragmented="2848">
      <mem type="soa" free="46998976" total="77662208" percent="60" />
      <mem type="loa" free="784384" total="784384" percent="100" />
    </mem>
    <pending-finalizers system="0" default="0" reference="5" classloader="0" />
  </mem-info>
</gc-end>
<cycle-end id="5319" type="global" contextid="5312" timestamp="2019-08-04T20:35:44.634">
  <attribute name="GC Util" value="470" />
  <attribute name="CPU Util" value="2024374986473" />
  <attribute name="Time Running"value="84879"/>
  <attribute name="Number of cores"value="16"/>
</cycle-end>
<allocation-satisfied id="5320" threadId="0000000000968F00" bytesRequested="1168" />
<af-end id="5321" timestamp="2019-08-04T20:35:44.634" threadId="0000000000969888" success="true" />
<exclusive-end id="5322" timestamp="2019-08-04T20:35:44.634" durationms="10.894" />

<concurrent-kickoff id="5323" timestamp="2019-08-04T20:35:44.641">
  <kickoff reason="threshold reached" targetBytes="6218254" thresholdFreeBytes="846817" remainingFree="802800" tenureFreeBytes="802800" />
</concurrent-kickoff>
<exclusive-start id="5324" timestamp="2019-08-04T20:35:44.641" intervalms="17.957">
  <response-info timems="0.022" idlems="0.022" threads="0" lastid="0000000000968F00" lastname="main" />
</exclusive-start>
<cycle-start id="5325" type="global" contextid="0" timestamp="2019-08-04T20:35:44.641" intervalms="17.438" />
  <attribute name="GC Util" value="470" />
  <attribute name="CPU Util" value="2024374986473" />
  <attribute name="Time Running"value="84879"/>
  <attribute name="Number of cores"value="16"/>
<exclusive-end id="5326" timestamp="2019-08-04T20:35:44.641" durationms="0.022" />

<exclusive-start id="5327" timestamp="2019-08-04T20:35:44.642" intervalms="0.158">
  <response-info timems="0.007" idlems="0.007" threads="0" lastid="0000000000968F00" lastname="main" />
</exclusive-start>
<af-start id="5328" threadId="0000000000969888" totalBytesRequested="1168" timestamp="2019-08-04T20:35:44.642" intervalms="18.107" />
<concurrent-aborted id="5329" timestamp="2019-08-04T20:35:44.642">
  <reason value="insufficient progress made" />
</concurrent-aborted>
<cycle-end id="5330" type="global" contextid="5325" timestamp="2019-08-04T20:35:44.642">
  <attribute name="GC Util" value="80" />
  <attribute name="CPU Util" value="2192318796645" />
  <attribute name="Time Running"value="84887"/>
  <attribute name="Number of cores"value="16"/>
</cycle-end>
<cycle-start id="5331" type="global" contextid="0" timestamp="2019-08-04T20:35:44.642" intervalms="0.719" />
  <attribute name="GC Util" value="80" />
  <attribute name="CPU Util" value="2192318796645" />
  <attribute name="Time Running"value="84887"/>
  <attribute name="Number of cores"value="16"/>
<gc-start id="5332" type="global" contextid="5331" timestamp="2019-08-04T20:35:44.642">
  <mem-info id="5333" free="784384" total="78446592" percent="0">
    <mem type="tenure" free="784384" total="78446592" percent="0">
      <mem type="soa" free="0" total="77662208" percent="0" />
      <mem type="loa" free="784384" total="784384" percent="100" />
    </mem>
  </mem-info>
</gc-start>
<allocation-stats totalBytes="59317672" >
  <allocated-bytes non-tlh="5840" tlh="59311832" />
  <largest-consumer threadName="main" threadId="0000000000968F00" bytes="59317672" />
</allocation-stats>
<gc-op id="5334" type="mark" timems="8.637" contextid="5331" timestamp="2019-08-04T20:35:44.651">
  <trace-info objectcount="596652" scancount="517664" scanbytes="13286508" />
  <finalization candidates="80" enqueued="0" />
  <ownableSynchronizers candidates="21" cleared="0" />
  <references type="soft" candidates="1850" cleared="1" enqueued="0" dynamicThreshold="19" maxThreshold="32" />
  <references type="weak" candidates="5754" cleared="0" enqueued="0" />
  <references type="phantom" candidates="97" cleared="0" enqueued="0" />
  <stringconstants candidates="13260" cleared="0"  />
</gc-op>
<gc-op id="5335" type="sweep" timems="1.315" contextid="5331" timestamp="2019-08-04T20:35:44.652" />
<gc-end id="5336" type="global" contextid="5331" durationms="10.069" usertimems="55.814" systemtimems="0.000" timestamp="2019-08-04T20:35:44.652" activeThreads="16">
  <mem-info id="5337" free="47780688" total="78446592" percent="60">
    <mem type="tenure" free="47780688" total="78446592" percent="60" micro-fragmented="2850">
      <mem type="soa" free="46996304" total="77662208" percent="60" />
      <mem type="loa" free="784384" total="784384" percent="100" />
    </mem>
  </mem-info>
</gc-end>
<cycle-end id="5338" type="global" contextid="5331" timestamp="2019-08-04T20:35:44.652">
  <attribute name="GC Util" value="536" />
  <attribute name="CPU Util" value="2124637040365" />
  <attribute name="Time Running"value="84897"/>
  <attribute name="Number of cores"value="16"/>
</cycle-end>
<allocation-satisfied id="5339" threadId="0000000000968F00" bytesRequested="1168" />
<af-end id="5340" timestamp="2019-08-04T20:35:44.652" threadId="0000000000969888" success="true" />
<exclusive-end id="5341" timestamp="2019-08-04T20:35:44.652" durationms="10.784" />

<concurrent-kickoff id="5342" timestamp="2019-08-04T20:35:44.658">
  <kickoff reason="threshold reached" targetBytes="6218254" thresholdFreeBytes="846817" remainingFree="803112" tenureFreeBytes="803112" />
</concurrent-kickoff>
<exclusive-start id="5343" timestamp="2019-08-04T20:35:44.659" intervalms="17.054">
  <response-info timems="0.022" idlems="0.022" threads="0" lastid="0000000000968F00" lastname="main" />
</exclusive-start>
<cycle-start id="5344" type="global" contextid="0" timestamp="2019-08-04T20:35:44.659" intervalms="16.492" />
  <attribute name="GC Util" value="536" />
  <attribute name="CPU Util" value="2124637040365" />
  <attribute name="Time Running"value="84897"/>
  <attribute name="Number of cores"value="16"/>
<exclusive-end id="5345" timestamp="2019-08-04T20:35:44.659" durationms="0.023" />

<exclusive-start id="5346" timestamp="2019-08-04T20:35:44.659" intervalms="0.200">
  <response-info timems="0.008" idlems="0.008" threads="0" lastid="0000000000968F00" lastname="main" />
</exclusive-start>
<af-start id="5347" threadId="0000000000969888" totalBytesRequested="1168" timestamp="2019-08-04T20:35:44.659" intervalms="17.272" />
<concurrent-aborted id="5348" timestamp="2019-08-04T20:35:44.659">
  <reason value="insufficient progress made" />
</concurrent-aborted>
<cycle-end id="5349" type="global" contextid="5344" timestamp="2019-08-04T20:35:44.659">
  <attribute name="GC Util" value="118" />
  <attribute name="CPU Util" value="2302814616844" />
  <attribute name="Time Running"value="84905"/>
  <attribute name="Number of cores"value="16"/>
</cycle-end>
<cycle-start id="5350" type="global" contextid="0" timestamp="2019-08-04T20:35:44.659" intervalms="0.827" />
  <attribute name="GC Util" value="118" />
  <attribute name="CPU Util" value="2302814616844" />
  <attribute name="Time Running"value="84905"/>
  <attribute name="Number of cores"value="16"/>
<gc-start id="5351" type="global" contextid="5350" timestamp="2019-08-04T20:35:44.659">
  <mem-info id="5352" free="784384" total="78446592" percent="0">
    <mem type="tenure" free="784384" total="78446592" percent="0">
      <mem type="soa" free="0" total="77662208" percent="0" />
      <mem type="loa" free="784384" total="784384" percent="100" />
    </mem>
  </mem-info>
</gc-start>
<allocation-stats totalBytes="59343232" >
  <allocated-bytes non-tlh="5840" tlh="59337392" />
  <largest-consumer threadName="main" threadId="0000000000968F00" bytes="59343232" />
</allocation-stats>
<gc-op id="5353" type="mark" timems="8.112" contextid="5350" timestamp="2019-08-04T20:35:44.668">
  <trace-info objectcount="596653" scancount="517663" scanbytes="13286532" />
  <finalization candidates="80" enqueued="0" />
  <ownableSynchronizers candidates="21" cleared="0" />
  <references type="soft" candidates="1849" cleared="0" enqueued="0" dynamicThreshold="19" maxThreshold="32" />
  <references type="weak" candidates="5754" cleared="0" enqueued="0" />
  <references type="phantom" candidates="97" cleared="0" enqueued="0" />
  <stringconstants candidates="13260" cleared="0"  />
</gc-op>
<gc-op id="5354" type="sweep" timems="1.852" contextid="5350" timestamp="2019-08-04T20:35:44.669" />
<gc-end id="5355" type="global" contextid="5350" durationms="10.086" usertimems="50.524" systemtimems="0.000" timestamp="2019-08-04T20:35:44.670" activeThreads="16">
  <mem-info id="5356" free="47783288" total="78446592" percent="60">
    <mem type="tenure" free="47783288" total="78446592" percent="60" micro-fragmented="2850">
      <mem type="soa" free="46998904" total="77662208" percent="60" />
      <mem type="loa" free="784384" total="784384" percent="100" />
    </mem>
  </mem-info>
</gc-end>
<cycle-end id="5357" type="global" contextid="5350" timestamp="2019-08-04T20:35:44.670">
  <attribute name="GC Util" value="502" />
  <attribute name="CPU Util" value="2258449813324" />
  <attribute name="Time Running"value="84913"/>
  <attribute name="Number of cores"value="16"/>
</cycle-end>
<allocation-satisfied id="5358" threadId="0000000000968F00" bytesRequested="1168" />
<af-end id="5359" timestamp="2019-08-04T20:35:44.670" threadId="0000000000969888" success="true" />
<exclusive-end id="5360" timestamp="2019-08-04T20:35:44.670" durationms="10.862" />

<concurrent-kickoff id="5361" timestamp="2019-08-04T20:35:44.676">
  <kickoff reason="threshold reached" targetBytes="6218254" thresholdFreeBytes="846817" remainingFree="802904" tenureFreeBytes="802904" />
</concurrent-kickoff>
<exclusive-start id="5362" timestamp="2019-08-04T20:35:44.676" intervalms="17.659">
  <response-info timems="0.020" idlems="0.020" threads="0" lastid="0000000000968F00" lastname="main" />
</exclusive-start>
<cycle-start id="5363" type="global" contextid="0" timestamp="2019-08-04T20:35:44.676" intervalms="17.025" />
  <attribute name="GC Util" value="502" />
  <attribute name="CPU Util" value="2258449813324" />
  <attribute name="Time Running"value="84913"/>
  <attribute name="Number of cores"value="16"/>
<exclusive-end id="5364" timestamp="2019-08-04T20:35:44.676" durationms="0.015" />

<exclusive-start id="5365" timestamp="2019-08-04T20:35:44.677" intervalms="0.181">
  <response-info timems="0.008" idlems="0.008" threads="0" lastid="0000000000968F00" lastname="main" />
</exclusive-start>
<af-start id="5366" threadId="0000000000969888" totalBytesRequested="1168" timestamp="2019-08-04T20:35:44.677" intervalms="17.833" />
<concurrent-aborted id="5367" timestamp="2019-08-04T20:35:44.677">
  <reason value="insufficient progress made" />
</concurrent-aborted>
<cycle-end id="5368" type="global" contextid="5363" timestamp="2019-08-04T20:35:44.677">
  <attribute name="GC Util" value="107" />
  <attribute name="CPU Util" value="2040055014836" />
  <attribute name="Time Running"value="84922"/>
  <attribute name="Number of cores"value="16"/>
</cycle-end>
<cycle-start id="5369" type="global" contextid="0" timestamp="2019-08-04T20:35:44.677" intervalms="0.796" />
  <attribute name="GC Util" value="107" />
  <attribute name="CPU Util" value="2040055014836" />
  <attribute name="Time Running"value="84922"/>
  <attribute name="Number of cores"value="16"/>
<gc-start id="5370" type="global" contextid="5369" timestamp="2019-08-04T20:35:44.677">
  <mem-info id="5371" free="784384" total="78446592" percent="0">
    <mem type="tenure" free="784384" total="78446592" percent="0">
      <mem type="soa" free="0" total="77662208" percent="0" />
      <mem type="loa" free="784384" total="784384" percent="100" />
    </mem>
  </mem-info>
</gc-start>
<allocation-stats totalBytes="59344568" >
  <allocated-bytes non-tlh="5840" tlh="59338728" />
  <largest-consumer threadName="main" threadId="0000000000968F00" bytes="59344568" />
</allocation-stats>
<gc-op id="5372" type="mark" timems="7.697" contextid="5369" timestamp="2019-08-04T20:35:44.685">
  <trace-info objectcount="596653" scancount="517661" scanbytes="13286532" />
  <finalization candidates="80" enqueued="0" />
  <ownableSynchronizers candidates="21" cleared="0" />
  <references type="soft" candidates="1849" cleared="0" enqueued="0" dynamicThreshold="19" maxThreshold="32" />
  <references type="weak" candidates="5754" cleared="0" enqueued="0" />
  <references type="phantom" candidates="97" cleared="0" enqueued="0" />
  <stringconstants candidates="13260" cleared="0"  />
</gc-op>
<gc-op id="5373" type="sweep" timems="1.222" contextid="5369" timestamp="2019-08-04T20:35:44.686" />
<gc-end id="5374" type="global" contextid="5369" durationms="9.027" usertimems="51.100" systemtimems="0.000" timestamp="2019-08-04T20:35:44.686" activeThreads="16">
  <mem-info id="5375" free="47785336" total="78446592" percent="60">
    <mem type="tenure" free="47785336" total="78446592" percent="60" micro-fragmented="2850">
      <mem type="soa" free="47000952" total="77662208" percent="60" />
      <mem type="loa" free="784384" total="784384" percent="100" />
    </mem>
  </mem-info>
</gc-end>
<cycle-end id="5376" type="global" contextid="5369" timestamp="2019-08-04T20:35:44.686">
  <attribute name="GC Util" value="552" />
  <attribute name="CPU Util" value="2384187208943" />
  <attribute name="Time Running"value="84931"/>
  <attribute name="Number of cores"value="16"/>
</cycle-end>
<allocation-satisfied id="5377" threadId="0000000000968F00" bytesRequested="1168" />
<af-end id="5378" timestamp="2019-08-04T20:35:44.686" threadId="0000000000969888" success="true" />
<exclusive-end id="5379" timestamp="2019-08-04T20:35:44.686" durationms="9.764" />

<concurrent-kickoff id="5380" timestamp="2019-08-04T20:35:44.693">
  <kickoff reason="threshold reached" targetBytes="6218254" thresholdFreeBytes="846817" remainingFree="803128" tenureFreeBytes="803128" />
</concurrent-kickoff>
<exclusive-start id="5381" timestamp="2019-08-04T20:35:44.693" intervalms="16.079">
  <response-info timems="0.034" idlems="0.034" threads="0" lastid="0000000000968F00" lastname="main" />
</exclusive-start>
<cycle-start id="5382" type="global" contextid="0" timestamp="2019-08-04T20:35:44.693" intervalms="15.477" />
  <attribute name="GC Util" value="552" />
  <attribute name="CPU Util" value="2384187208943" />
  <attribute name="Time Running"value="84931"/>
  <attribute name="Number of cores"value="16"/>
<exclusive-end id="5383" timestamp="2019-08-04T20:35:44.693" durationms="0.027" />

<exclusive-start id="5384" timestamp="2019-08-04T20:35:44.693" intervalms="0.174">
  <response-info timems="0.008" idlems="0.008" threads="0" lastid="0000000000968F00" lastname="main" />
</exclusive-start>
<af-start id="5385" threadId="0000000000969888" totalBytesRequested="1168" timestamp="2019-08-04T20:35:44.693" intervalms="16.242" />
<concurrent-aborted id="5386" timestamp="2019-08-04T20:35:44.693">
  <reason value="insufficient progress made" />
</concurrent-aborted>
<cycle-end id="5387" type="global" contextid="5382" timestamp="2019-08-04T20:35:44.693">
  <attribute name="GC Util" value="108" />
  <attribute name="CPU Util" value="2346494962057" />
  <attribute name="Time Running"value="84939"/>
  <attribute name="Number of cores"value="16"/>
</cycle-end>
<cycle-start id="5388" type="global" contextid="0" timestamp="2019-08-04T20:35:44.693" intervalms="0.729" />
  <attribute name="GC Util" value="108" />
  <attribute name="CPU Util" value="2346494962057" />
  <attribute name="Time Running"value="84939"/>
  <attribute name="Number of cores"value="16"/>
<gc-start id="5389" type="global" contextid="5388" timestamp="2019-08-04T20:35:44.693">
  <mem-info id="5390" free="784384" total="78446592" percent="0">
    <mem type="tenure" free="784384" total="78446592" percent="0">
      <mem type="soa" free="0" total="77662208" percent="0" />
      <mem type="loa" free="784384" total="784384" percent="100" />
    </mem>
  </mem-info>
</gc-start>
<allocation-stats totalBytes="59343304" >
  <allocated-bytes non-tlh="5840" tlh="59337464" />
  <largest-consumer threadName="main" threadId="0000000000968F00" bytes="59343304" />
</allocation-stats>
<gc-op id="5391" type="mark" timems="8.116" contextid="5388" timestamp="2019-08-04T20:35:44.702">
  <trace-info objectcount="596653" scancount="517660" scanbytes="13286532" />
  <finalization candidates="80" enqueued="0" />
  <ownableSynchronizers candidates="21" cleared="0" />
  <references type="soft" candidates="1849" cleared="0" enqueued="0" dynamicThreshold="19" maxThreshold="32" />
  <references type="weak" candidates="5754" cleared="0" enqueued="0" />
  <references type="phantom" candidates="97" cleared="0" enqueued="0" />
  <stringconstants candidates="13260" cleared="0"  />
</gc-op>
<gc-op id="5392" type="sweep" timems="1.312" contextid="5388" timestamp="2019-08-04T20:35:44.703" />
<gc-end id="5393" type="global" contextid="5388" durationms="9.534" usertimems="53.462" systemtimems="0.000" timestamp="2019-08-04T20:35:44.703" activeThreads="16">
  <mem-info id="5394" free="47786888" total="78446592" percent="60">
    <mem type="tenure" free="47786888" total="78446592" percent="60" micro-fragmented="2850">
      <mem type="soa" free="47002504" total="77662208" percent="60" />
      <mem type="loa" free="784384" total="784384" percent="100" />
    </mem>
  </mem-info>
</gc-end>
<cycle-end id="5395" type="global" contextid="5388" timestamp="2019-08-04T20:35:44.703">
  <attribute name="GC Util" value="549" />
  <attribute name="CPU Util" value="2257832271168" />
  <attribute name="Time Running"value="84947"/>
  <attribute name="Number of cores"value="16"/>
</cycle-end>
<allocation-satisfied id="5396" threadId="0000000000968F00" bytesRequested="1168" />
<af-end id="5397" timestamp="2019-08-04T20:35:44.703" threadId="0000000000969888" success="true" />
<exclusive-end id="5398" timestamp="2019-08-04T20:35:44.703" durationms="10.236" />

<concurrent-kickoff id="5399" timestamp="2019-08-04T20:35:44.709">
  <kickoff reason="threshold reached" targetBytes="6218254" thresholdFreeBytes="846817" remainingFree="836112" tenureFreeBytes="836112" />
</concurrent-kickoff>
<exclusive-start id="5400" timestamp="2019-08-04T20:35:44.710" intervalms="16.670">
  <response-info timems="0.022" idlems="0.022" threads="0" lastid="0000000000968F00" lastname="main" />
</exclusive-start>
<cycle-start id="5401" type="global" contextid="0" timestamp="2019-08-04T20:35:44.710" intervalms="16.102" />
  <attribute name="GC Util" value="549" />
  <attribute name="CPU Util" value="2257832271168" />
  <attribute name="Time Running"value="84947"/>
  <attribute name="Number of cores"value="16"/>
<exclusive-end id="5402" timestamp="2019-08-04T20:35:44.710" durationms="0.014" />

<exclusive-start id="5403" timestamp="2019-08-04T20:35:44.710" intervalms="0.129">
  <response-info timems="0.007" idlems="0.007" threads="0" lastid="0000000000968F00" lastname="main" />
</exclusive-start>
<af-start id="5404" threadId="0000000000969888" totalBytesRequested="1168" timestamp="2019-08-04T20:35:44.710" intervalms="16.806" />
<concurrent-aborted id="5405" timestamp="2019-08-04T20:35:44.710">
  <reason value="insufficient progress made" />
</concurrent-aborted>
<cycle-end id="5406" type="global" contextid="5401" timestamp="2019-08-04T20:35:44.710">
  <attribute name="GC Util" value="109" />
  <attribute name="CPU Util" value="2292610156848" />
  <attribute name="Time Running"value="84955"/>
  <attribute name="Number of cores"value="16"/>
</cycle-end>
<cycle-start id="5407" type="global" contextid="0" timestamp="2019-08-04T20:35:44.710" intervalms="0.697" />
  <attribute name="GC Util" value="109" />
  <attribute name="CPU Util" value="2292610156848" />
  <attribute name="Time Running"value="84955"/>
  <attribute name="Number of cores"value="16"/>
<gc-start id="5408" type="global" contextid="5407" timestamp="2019-08-04T20:35:44.710">
  <mem-info id="5409" free="784384" total="78446592" percent="0">
    <mem type="tenure" free="784384" total="78446592" percent="0">
      <mem type="soa" free="0" total="77662208" percent="0" />
      <mem type="loa" free="784384" total="784384" percent="100" />
    </mem>
  </mem-info>
</gc-start>
<allocation-stats totalBytes="59343328" >
  <allocated-bytes non-tlh="5840" tlh="59337488" />
  <largest-consumer threadName="main" threadId="0000000000968F00" bytes="59343328" />
</allocation-stats>
<gc-op id="5410" type="mark" timems="14.856" contextid="5407" timestamp="2019-08-04T20:35:44.725">
  <trace-info objectcount="596653" scancount="517661" scanbytes="13286532" />
  <finalization candidates="80" enqueued="0" />
  <ownableSynchronizers candidates="21" cleared="0" />
  <references type="soft" candidates="1849" cleared="0" enqueued="0" dynamicThreshold="19" maxThreshold="32" />
  <references type="weak" candidates="5754" cleared="0" enqueued="0" />
  <references type="phantom" candidates="97" cleared="0" enqueued="0" />
  <stringconstants candidates="13260" cleared="0"  />
</gc-op>
<gc-op id="5411" type="sweep" timems="1.049" contextid="5407" timestamp="2019-08-04T20:35:44.726" />
<gc-end id="5412" type="global" contextid="5407" durationms="16.019" usertimems="126.772" systemtimems="0.000" timestamp="2019-08-04T20:35:44.726" activeThreads="16">
  <mem-info id="5413" free="47788216" total="78446592" percent="60">
    <mem type="tenure" free="47788216" total="78446592" percent="60" micro-fragmented="2850">
      <mem type="soa" free="47003832" total="77662208" percent="60" />
      <mem type="loa" free="784384" total="784384" percent="100" />
    </mem>
  </mem-info>
</gc-end>
<cycle-end id="5414" type="global" contextid="5407" timestamp="2019-08-04T20:35:44.726">
  <attribute name="GC Util" value="747" />
  <attribute name="CPU Util" value="1235641753978" />
  <attribute name="Time Running"value="84971"/>
  <attribute name="Number of cores"value="16"/>
</cycle-end>
<allocation-satisfied id="5415" threadId="0000000000968F00" bytesRequested="1168" />
<af-end id="5416" timestamp="2019-08-04T20:35:44.726" threadId="0000000000969888" success="true" />
<exclusive-end id="5417" timestamp="2019-08-04T20:35:44.726" durationms="16.733" />

<concurrent-kickoff id="5418" timestamp="2019-08-04T20:35:44.732">
  <kickoff reason="threshold reached" targetBytes="6218254" thresholdFreeBytes="846817" remainingFree="821824" tenureFreeBytes="821824" />
</concurrent-kickoff>
<exclusive-start id="5419" timestamp="2019-08-04T20:35:44.733" intervalms="23.017">
  <response-info timems="0.021" idlems="0.021" threads="0" lastid="0000000000968F00" lastname="main" />
</exclusive-start>
<cycle-start id="5420" type="global" contextid="0" timestamp="2019-08-04T20:35:44.733" intervalms="22.457" />
  <attribute name="GC Util" value="747" />
  <attribute name="CPU Util" value="1235641753978" />
  <attribute name="Time Running"value="84971"/>
  <attribute name="Number of cores"value="16"/>
<exclusive-end id="5421" timestamp="2019-08-04T20:35:44.733" durationms="0.023" />

<exclusive-start id="5422" timestamp="2019-08-04T20:35:44.733" intervalms="0.177">
  <response-info timems="0.010" idlems="0.010" threads="0" lastid="0000000000968F00" lastname="main" />
</exclusive-start>
<af-start id="5423" threadId="0000000000969888" totalBytesRequested="1168" timestamp="2019-08-04T20:35:44.733" intervalms="23.193" />
<concurrent-aborted id="5424" timestamp="2019-08-04T20:35:44.733">
  <reason value="insufficient progress made" />
</concurrent-aborted>
<cycle-end id="5425" type="global" contextid="5420" timestamp="2019-08-04T20:35:44.733">
  <attribute name="GC Util" value="198" />
  <attribute name="CPU Util" value="2399358096225" />
  <attribute name="Time Running"value="84979"/>
  <attribute name="Number of cores"value="16"/>
</cycle-end>
<cycle-start id="5426" type="global" contextid="0" timestamp="2019-08-04T20:35:44.733" intervalms="0.702" />
  <attribute name="GC Util" value="198" />
  <attribute name="CPU Util" value="2399358096225" />
  <attribute name="Time Running"value="84979"/>
  <attribute name="Number of cores"value="16"/>
<gc-start id="5427" type="global" contextid="5426" timestamp="2019-08-04T20:35:44.733">
  <mem-info id="5428" free="784384" total="78446592" percent="0">
    <mem type="tenure" free="784384" total="78446592" percent="0">
      <mem type="soa" free="0" total="77662208" percent="0" />
      <mem type="loa" free="784384" total="784384" percent="100" />
    </mem>
  </mem-info>
</gc-start>
<allocation-stats totalBytes="59344568" >
  <allocated-bytes non-tlh="5840" tlh="59338728" />
  <largest-consumer threadName="main" threadId="0000000000968F00" bytes="59344568" />
</allocation-stats>
<gc-op id="5429" type="mark" timems="7.916" contextid="5426" timestamp="2019-08-04T20:35:44.741">
  <trace-info objectcount="596653" scancount="517659" scanbytes="13286532" />
  <finalization candidates="80" enqueued="0" />
  <ownableSynchronizers candidates="21" cleared="0" />
  <references type="soft" candidates="1849" cleared="0" enqueued="0" dynamicThreshold="19" maxThreshold="32" />
  <references type="weak" candidates="5754" cleared="0" enqueued="0" />
  <references type="phantom" candidates="97" cleared="0" enqueued="0" />
  <stringconstants candidates="13260" cleared="0"  />
</gc-op>
<gc-op id="5430" type="sweep" timems="1.441" contextid="5426" timestamp="2019-08-04T20:35:44.743" />
<gc-end id="5431" type="global" contextid="5426" durationms="9.472" usertimems="53.835" systemtimems="0.000" timestamp="2019-08-04T20:35:44.743" activeThreads="16">
  <mem-info id="5432" free="47789192" total="78446592" percent="60">
    <mem type="tenure" free="47789192" total="78446592" percent="60" micro-fragmented="2850">
      <mem type="soa" free="47004808" total="77662208" percent="60" />
      <mem type="loa" free="784384" total="784384" percent="100" />
    </mem>
  </mem-info>
</gc-end>
<cycle-end id="5433" type="global" contextid="5426" timestamp="2019-08-04T20:35:44.743">
  <attribute name="GC Util" value="563" />
  <attribute name="CPU Util" value="2317550208886" />
  <attribute name="Time Running"value="84987"/>
  <attribute name="Number of cores"value="16"/>
</cycle-end>
<allocation-satisfied id="5434" threadId="0000000000968F00" bytesRequested="1168" />
<af-end id="5435" timestamp="2019-08-04T20:35:44.743" threadId="0000000000969888" success="true" />
<exclusive-end id="5436" timestamp="2019-08-04T20:35:44.743" durationms="10.173" />

<concurrent-kickoff id="5437" timestamp="2019-08-04T20:35:44.778">
  <kickoff reason="threshold reached" targetBytes="6218254" thresholdFreeBytes="846817" remainingFree="810136" tenureFreeBytes="810136" />
</concurrent-kickoff>
<exclusive-start id="5438" timestamp="2019-08-04T20:35:44.778" intervalms="45.055">
  <response-info timems="0.016" idlems="0.016" threads="0" lastid="0000000000968F00" lastname="main" />
</exclusive-start>
<cycle-start id="5439" type="global" contextid="0" timestamp="2019-08-04T20:35:44.778" intervalms="44.554" />
  <attribute name="GC Util" value="563" />
  <attribute name="CPU Util" value="2317550208886" />
  <attribute name="Time Running"value="84987"/>
  <attribute name="Number of cores"value="16"/>
<exclusive-end id="5440" timestamp="2019-08-04T20:35:44.778" durationms="0.049" />

<exclusive-start id="5441" timestamp="2019-08-04T20:35:44.778" intervalms="0.265">
  <response-info timems="0.007" idlems="0.007" threads="0" lastid="0000000000968F00" lastname="main" />
</exclusive-start>
<af-start id="5442" threadId="0000000000969888" totalBytesRequested="64" timestamp="2019-08-04T20:35:44.778" intervalms="45.336" />
<concurrent-aborted id="5443" timestamp="2019-08-04T20:35:44.779">
  <reason value="insufficient progress made" />
</concurrent-aborted>
<cycle-end id="5444" type="global" contextid="5439" timestamp="2019-08-04T20:35:44.779">
  <attribute name="GC Util" value="24" />
  <attribute name="CPU Util" value="501072335124" />
  <attribute name="Time Running"value="85024"/>
  <attribute name="Number of cores"value="16"/>
</cycle-end>
<cycle-start id="5445" type="global" contextid="0" timestamp="2019-08-04T20:35:44.779" intervalms="0.983" />
  <attribute name="GC Util" value="24" />
  <attribute name="CPU Util" value="501072335124" />
  <attribute name="Time Running"value="85024"/>
  <attribute name="Number of cores"value="16"/>
<gc-start id="5446" type="global" contextid="5445" timestamp="2019-08-04T20:35:44.779">
  <mem-info id="5447" free="784384" total="78446592" percent="0">
    <mem type="tenure" free="784384" total="78446592" percent="0">
      <mem type="soa" free="0" total="77662208" percent="0" />
      <mem type="loa" free="784384" total="784384" percent="100" />
    </mem>
  </mem-info>
</gc-start>
<allocation-stats totalBytes="59730072" >
  <allocated-bytes non-tlh="2336" tlh="59727736" />
  <largest-consumer threadName="main" threadId="0000000000968F00" bytes="59730072" />
</allocation-stats>
<gc-op id="5448" type="mark" timems="8.142" contextid="5445" timestamp="2019-08-04T20:35:44.787">
  <trace-info objectcount="596779" scancount="517791" scanbytes="13290784" />
  <finalization candidates="80" enqueued="0" />
  <ownableSynchronizers candidates="21" cleared="0" />
  <references type="soft" candidates="1849" cleared="0" enqueued="0" dynamicThreshold="19" maxThreshold="32" />
  <references type="weak" candidates="5754" cleared="0" enqueued="0" />
  <references type="phantom" candidates="97" cleared="0" enqueued="0" />
  <stringconstants candidates="13260" cleared="0"  />
</gc-op>
<gc-op id="5449" type="sweep" timems="1.046" contextid="5445" timestamp="2019-08-04T20:35:44.788" />
<gc-end id="5450" type="global" contextid="5445" durationms="9.294" usertimems="53.517" systemtimems="0.000" timestamp="2019-08-04T20:35:44.788" activeThreads="16">
  <mem-info id="5451" free="47792344" total="78446592" percent="60">
    <mem type="tenure" free="47792344" total="78446592" percent="60" micro-fragmented="2848">
      <mem type="soa" free="47007960" total="77662208" percent="60" />
      <mem type="loa" free="784384" total="784384" percent="100" />
    </mem>
  </mem-info>
</gc-end>
<cycle-end id="5452" type="global" contextid="5445" timestamp="2019-08-04T20:35:44.788">
  <attribute name="GC Util" value="554" />
  <attribute name="CPU Util" value="2250331083983" />
  <attribute name="Time Running"value="85033"/>
  <attribute name="Number of cores"value="16"/>
</cycle-end>
<allocation-satisfied id="5453" threadId="0000000000968F00" bytesRequested="64" />
<af-end id="5454" timestamp="2019-08-04T20:35:44.788" threadId="0000000000969888" success="true" />
<exclusive-end id="5455" timestamp="2019-08-04T20:35:44.788" durationms="10.180" />

<concurrent-kickoff id="5456" timestamp="2019-08-04T20:35:44.841">
  <kickoff reason="threshold reached" targetBytes="6218254" thresholdFreeBytes="846817" remainingFree="797656" tenureFreeBytes="797656" />
</concurrent-kickoff>
<exclusive-start id="5457" timestamp="2019-08-04T20:35:44.841" intervalms="63.299">
  <response-info timems="0.013" idlems="0.013" threads="0" lastid="0000000000968F00" lastname="main" />
</exclusive-start>
<cycle-start id="5458" type="global" contextid="0" timestamp="2019-08-04T20:35:44.841" intervalms="62.556" />
  <attribute name="GC Util" value="554" />
  <attribute name="CPU Util" value="2250331083983" />
  <attribute name="Time Running"value="85033"/>
  <attribute name="Number of cores"value="16"/>
<exclusive-end id="5459" timestamp="2019-08-04T20:35:44.841" durationms="0.021" />

<exclusive-start id="5460" timestamp="2019-08-04T20:35:44.842" intervalms="0.152">
  <response-info timems="0.007" idlems="0.007" threads="0" lastid="0000000000968F00" lastname="main" />
</exclusive-start>
<af-start id="5461" threadId="0000000000969888" totalBytesRequested="312" timestamp="2019-08-04T20:35:44.842" intervalms="63.428" />
<concurrent-aborted id="5462" timestamp="2019-08-04T20:35:44.842">
  <reason value="insufficient progress made" />
</concurrent-aborted>
<cycle-end id="5463" type="global" contextid="5458" timestamp="2019-08-04T20:35:44.842">
  <attribute name="GC Util" value="15" />
  <attribute name="CPU Util" value="338690288389" />
  <attribute name="Time Running"value="85087"/>
  <attribute name="Number of cores"value="16"/>
</cycle-end>
<cycle-start id="5464" type="global" contextid="0" timestamp="2019-08-04T20:35:44.842" intervalms="0.889" />
  <attribute name="GC Util" value="15" />
  <attribute name="CPU Util" value="338690288389" />
  <attribute name="Time Running"value="85087"/>
  <attribute name="Number of cores"value="16"/>
<gc-start id="5465" type="global" contextid="5464" timestamp="2019-08-04T20:35:44.842">
  <mem-info id="5466" free="784384" total="78446592" percent="0">
    <mem type="tenure" free="784384" total="78446592" percent="0">
      <mem type="soa" free="0" total="77662208" percent="0" />
      <mem type="loa" free="784384" total="784384" percent="100" />
    </mem>
  </mem-info>
</gc-start>
<allocation-stats totalBytes="59733632" >
  <allocated-bytes non-tlh="0" tlh="59733632" />
  <largest-consumer threadName="main" threadId="0000000000968F00" bytes="59733632" />
</allocation-stats>
<gc-op id="5467" type="mark" timems="11.455" contextid="5464" timestamp="2019-08-04T20:35:44.854">
  <trace-info objectcount="596322" scancount="517331" scanbytes="13275808" />
  <finalization candidates="80" enqueued="0" />
  <ownableSynchronizers candidates="21" cleared="0" />
  <references type="soft" candidates="1849" cleared="6" enqueued="6" dynamicThreshold="19" maxThreshold="32" />
  <references type="weak" candidates="5777" cleared="7" enqueued="3" />
  <references type="phantom" candidates="97" cleared="0" enqueued="0" />
  <stringconstants candidates="13260" cleared="0"  />
</gc-op>
<gc-op id="5468" type="sweep" timems="1.172" contextid="5464" timestamp="2019-08-04T20:35:44.855" />
<gc-end id="5469" type="global" contextid="5464" durationms="12.954" usertimems="54.184" systemtimems="0.000" timestamp="2019-08-04T20:35:44.855" activeThreads="16">
  <mem-info id="5470" free="47788112" total="78446592" percent="60">
    <mem type="tenure" free="47788112" total="78446592" percent="60" micro-fragmented="14365">
      <mem type="soa" free="47003728" total="77662208" percent="60" />
      <mem type="loa" free="784384" total="784384" percent="100" />
    </mem>
    <pending-finalizers system="0" default="0" reference="9" classloader="0" />
  </mem-info>
</gc-end>
<cycle-end id="5471" type="global" contextid="5464" timestamp="2019-08-04T20:35:44.855">
  <attribute name="GC Util" value="387" />
  <attribute name="CPU Util" value="1571186731807" />
  <attribute name="Time Running"value="85100"/>
  <attribute name="Number of cores"value="16"/>
</cycle-end>
<allocation-satisfied id="5472" threadId="0000000000968F00" bytesRequested="312" />
<af-end id="5473" timestamp="2019-08-04T20:35:44.855" threadId="0000000000969888" success="true" />
<exclusive-end id="5474" timestamp="2019-08-04T20:35:44.855" durationms="13.848" />

<concurrent-kickoff id="5475" timestamp="2019-08-04T20:35:44.867">
  <kickoff reason="threshold reached" targetBytes="6218254" thresholdFreeBytes="846817" remainingFree="802752" tenureFreeBytes="802752" />
</concurrent-kickoff>
<exclusive-start id="5476" timestamp="2019-08-04T20:35:44.867" intervalms="25.284">
  <response-info timems="0.015" idlems="0.015" threads="0" lastid="0000000000968F00" lastname="main" />
</exclusive-start>
<cycle-start id="5477" type="global" contextid="0" timestamp="2019-08-04T20:35:44.867" intervalms="24.552" />
  <attribute name="GC Util" value="387" />
  <attribute name="CPU Util" value="1571186731807" />
  <attribute name="Time Running"value="85100"/>
  <attribute name="Number of cores"value="16"/>
<exclusive-end id="5478" timestamp="2019-08-04T20:35:44.867" durationms="0.026" />

<exclusive-start id="5479" timestamp="2019-08-04T20:35:44.867" intervalms="0.208">
  <response-info timems="0.015" idlems="0.015" threads="0" lastid="0000000000968F00" lastname="main" />
</exclusive-start>
<af-start id="5480" threadId="0000000000969888" totalBytesRequested="160" timestamp="2019-08-04T20:35:44.867" intervalms="25.499" />
<concurrent-aborted id="5481" timestamp="2019-08-04T20:35:44.868">
  <reason value="insufficient progress made" />
</concurrent-aborted>
<cycle-end id="5482" type="global" contextid="5477" timestamp="2019-08-04T20:35:44.868">
  <attribute name="GC Util" value="67" />
  <attribute name="CPU Util" value="1418055292983" />
  <attribute name="Time Running"value="85113"/>
  <attribute name="Number of cores"value="16"/>
</cycle-end>
<cycle-start id="5483" type="global" contextid="0" timestamp="2019-08-04T20:35:44.868" intervalms="0.712" />
  <attribute name="GC Util" value="67" />
  <attribute name="CPU Util" value="1418055292983" />
  <attribute name="Time Running"value="85113"/>
  <attribute name="Number of cores"value="16"/>
<gc-start id="5484" type="global" contextid="5483" timestamp="2019-08-04T20:35:44.868">
  <mem-info id="5485" free="784384" total="78446592" percent="0">
    <mem type="tenure" free="784384" total="78446592" percent="0">
      <mem type="soa" free="0" total="77662208" percent="0" />
      <mem type="loa" free="784384" total="784384" percent="100" />
    </mem>
  </mem-info>
</gc-start>
<allocation-stats totalBytes="59723160" >
  <allocated-bytes non-tlh="0" tlh="59723160" />
  <largest-consumer threadName="main" threadId="0000000000968F00" bytes="59723160" />
</allocation-stats>
<gc-op id="5486" type="mark" timems="9.335" contextid="5483" timestamp="2019-08-04T20:35:44.877">
  <trace-info objectcount="596309" scancount="517314" scanbytes="13275304" />
  <finalization candidates="80" enqueued="0" />
  <ownableSynchronizers candidates="21" cleared="0" />
  <references type="soft" candidates="1843" cleared="0" enqueued="0" dynamicThreshold="19" maxThreshold="32" />
  <references type="weak" candidates="5770" cleared="0" enqueued="0" />
  <references type="phantom" candidates="97" cleared="0" enqueued="0" />
  <stringconstants candidates="13260" cleared="0"  />
</gc-op>
<gc-op id="5487" type="sweep" timems="1.242" contextid="5483" timestamp="2019-08-04T20:35:44.878" />
<gc-end id="5488" type="global" contextid="5483" durationms="10.689" usertimems="62.696" systemtimems="0.000" timestamp="2019-08-04T20:35:44.878" activeThreads="16">
  <mem-info id="5489" free="47790704" total="78446592" percent="60">
    <mem type="tenure" free="47790704" total="78446592" percent="60" micro-fragmented="14365">
      <mem type="soa" free="47006320" total="77662208" percent="60" />
      <mem type="loa" free="784384" total="784384" percent="100" />
    </mem>
  </mem-info>
</gc-end>
<cycle-end id="5490" type="global" contextid="5483" timestamp="2019-08-04T20:35:44.878">
  <attribute name="GC Util" value="581" />
  <attribute name="CPU Util" value="1963770237921" />
  <attribute name="Time Running"value="85123"/>
  <attribute name="Number of cores"value="16"/>
</cycle-end>
<allocation-satisfied id="5491" threadId="0000000000968F00" bytesRequested="160" />
<af-end id="5492" timestamp="2019-08-04T20:35:44.878" threadId="0000000000969888" success="true" />
<exclusive-end id="5493" timestamp="2019-08-04T20:35:44.878" durationms="11.359" />

<concurrent-kickoff id="5494" timestamp="2019-08-04T20:35:44.889">
  <kickoff reason="threshold reached" targetBytes="6218254" thresholdFreeBytes="846817" remainingFree="802784" tenureFreeBytes="802784" />
</concurrent-kickoff>
<exclusive-start id="5495" timestamp="2019-08-04T20:35:44.889" intervalms="22.265">
  <response-info timems="0.017" idlems="0.017" threads="0" lastid="0000000000968F00" lastname="main" />
</exclusive-start>
<cycle-start id="5496" type="global" contextid="0" timestamp="2019-08-04T20:35:44.889" intervalms="21.751" />
  <attribute name="GC Util" value="581" />
  <attribute name="CPU Util" value="1963770237921" />
  <attribute name="Time Running"value="85123"/>
  <attribute name="Number of cores"value="16"/>
<exclusive-end id="5497" timestamp="2019-08-04T20:35:44.889" durationms="0.017" />

<exclusive-start id="5498" timestamp="2019-08-04T20:35:44.890" intervalms="0.164">
  <response-info timems="0.008" idlems="0.008" threads="0" lastid="0000000000968F00" lastname="main" />
</exclusive-start>
<af-start id="5499" threadId="0000000000969888" totalBytesRequested="296" timestamp="2019-08-04T20:35:44.890" intervalms="22.436" />
<concurrent-aborted id="5500" timestamp="2019-08-04T20:35:44.890">
  <reason value="insufficient progress made" />
</concurrent-aborted>
<cycle-end id="5501" type="global" contextid="5496" timestamp="2019-08-04T20:35:44.890">
  <attribute name="GC Util" value="65" />
  <attribute name="CPU Util" value="1476201982115" />
  <attribute name="Time Running"value="85135"/>
  <attribute name="Number of cores"value="16"/>
</cycle-end>
<cycle-start id="5502" type="global" contextid="0" timestamp="2019-08-04T20:35:44.890" intervalms="0.816" />
  <attribute name="GC Util" value="65" />
  <attribute name="CPU Util" value="1476201982115" />
  <attribute name="Time Running"value="85135"/>
  <attribute name="Number of cores"value="16"/>
<gc-start id="5503" type="global" contextid="5502" timestamp="2019-08-04T20:35:44.890">
  <mem-info id="5504" free="784384" total="78446592" percent="0">
    <mem type="tenure" free="784384" total="78446592" percent="0">
      <mem type="soa" free="0" total="77662208" percent="0" />
      <mem type="loa" free="784384" total="784384" percent="100" />
    </mem>
  </mem-info>
</gc-start>
<allocation-stats totalBytes="59722280" >
  <allocated-bytes non-tlh="0" tlh="59722280" />
  <largest-consumer threadName="main" threadId="0000000000968F00" bytes="59722280" />
</allocation-stats>
<gc-op id="5505" type="mark" timems="11.140" contextid="5502" timestamp="2019-08-04T20:35:44.901">
  <trace-info objectcount="596309" scancount="517318" scanbytes="13275304" />
  <finalization candidates="80" enqueued="0" />
  <ownableSynchronizers candidates="21" cleared="0" />
  <references type="soft" candidates="1843" cleared="0" enqueued="0" dynamicThreshold="19" maxThreshold="32" />
  <references type="weak" candidates="5770" cleared="0" enqueued="0" />
  <references type="phantom" candidates="97" cleared="0" enqueued="0" />
  <stringconstants candidates="13260" cleared="0"  />
</gc-op>
<gc-op id="5506" type="sweep" timems="1.058" contextid="5502" timestamp="2019-08-04T20:35:44.902" />
<gc-end id="5507" type="global" contextid="5502" durationms="12.316" usertimems="61.931" systemtimems="0.000" timestamp="2019-08-04T20:35:44.903" activeThreads="16">
  <mem-info id="5508" free="47792928" total="78446592" percent="60">
    <mem type="tenure" free="47792928" total="78446592" percent="60" micro-fragmented="14365">
      <mem type="soa" free="47008544" total="77662208" percent="60" />
      <mem type="loa" free="784384" total="784384" percent="100" />
    </mem>
  </mem-info>
</gc-end>
<cycle-end id="5509" type="global" contextid="5502" timestamp="2019-08-04T20:35:44.903">
  <attribute name="GC Util" value="512" />
  <attribute name="CPU Util" value="1650161466220" />
  <attribute name="Time Running"value="85147"/>
  <attribute name="Number of cores"value="16"/>
</cycle-end>
<allocation-satisfied id="5510" threadId="0000000000968F00" bytesRequested="296" />
<af-end id="5511" timestamp="2019-08-04T20:35:44.903" threadId="0000000000969888" success="true" />
<exclusive-end id="5512" timestamp="2019-08-04T20:35:44.903" durationms="13.095" />

<concurrent-kickoff id="5513" timestamp="2019-08-04T20:35:44.914">
  <kickoff reason="threshold reached" targetBytes="6218254" thresholdFreeBytes="846817" remainingFree="802120" tenureFreeBytes="802120" />
</concurrent-kickoff>
<exclusive-start id="5514" timestamp="2019-08-04T20:35:44.914" intervalms="24.090">
  <response-info timems="0.015" idlems="0.015" threads="0" lastid="0000000000968F00" lastname="main" />
</exclusive-start>
<cycle-start id="5515" type="global" contextid="0" timestamp="2019-08-04T20:35:44.914" intervalms="23.443" />
  <attribute name="GC Util" value="512" />
  <attribute name="CPU Util" value="1650161466220" />
  <attribute name="Time Running"value="85147"/>
  <attribute name="Number of cores"value="16"/>
<exclusive-end id="5516" timestamp="2019-08-04T20:35:44.914" durationms="0.021" />

<exclusive-start id="5517" timestamp="2019-08-04T20:35:44.914" intervalms="0.159">
  <response-info timems="0.008" idlems="0.008" threads="0" lastid="0000000000968F00" lastname="main" />
</exclusive-start>
<af-start id="5518" threadId="0000000000969888" totalBytesRequested="256" timestamp="2019-08-04T20:35:44.914" intervalms="24.241" />
<concurrent-aborted id="5519" timestamp="2019-08-04T20:35:44.915">
  <reason value="insufficient progress made" />
</concurrent-aborted>
<cycle-end id="5520" type="global" contextid="5515" timestamp="2019-08-04T20:35:44.915">
  <attribute name="GC Util" value="39" />
  <attribute name="CPU Util" value="1491460948478" />
  <attribute name="Time Running"value="85159"/>
  <attribute name="Number of cores"value="16"/>
</cycle-end>
<cycle-start id="5521" type="global" contextid="0" timestamp="2019-08-04T20:35:44.915" intervalms="0.938" />
  <attribute name="GC Util" value="39" />
  <attribute name="CPU Util" value="1491460948478" />
  <attribute name="Time Running"value="85159"/>
  <attribute name="Number of cores"value="16"/>
<gc-start id="5522" type="global" contextid="5521" timestamp="2019-08-04T20:35:44.915">
  <mem-info id="5523" free="784384" total="78446592" percent="0">
    <mem type="tenure" free="784384" total="78446592" percent="0">
      <mem type="soa" free="0" total="77662208" percent="0" />
      <mem type="loa" free="784384" total="784384" percent="100" />
    </mem>
  </mem-info>
</gc-start>
<allocation-stats totalBytes="59724520" >
  <allocated-bytes non-tlh="0" tlh="59724520" />
  <largest-consumer threadName="main" threadId="0000000000968F00" bytes="59724520" />
</allocation-stats>
<gc-op id="5524" type="mark" timems="8.945" contextid="5521" timestamp="2019-08-04T20:35:44.924">
  <trace-info objectcount="596309" scancount="517317" scanbytes="13275304" />
  <finalization candidates="80" enqueued="0" />
  <ownableSynchronizers candidates="21" cleared="0" />
  <references type="soft" candidates="1843" cleared="0" enqueued="0" dynamicThreshold="19" maxThreshold="32" />
  <references type="weak" candidates="5770" cleared="0" enqueued="0" />
  <references type="phantom" candidates="97" cleared="0" enqueued="0" />
  <stringconstants candidates="13260" cleared="0"  />
</gc-op>
<gc-op id="5525" type="sweep" timems="1.244" contextid="5521" timestamp="2019-08-04T20:35:44.925" />
<gc-end id="5526" type="global" contextid="5521" durationms="10.291" usertimems="62.621" systemtimems="0.000" timestamp="2019-08-04T20:35:44.925" activeThreads="16">
  <mem-info id="5527" free="47794624" total="78446592" percent="60">
    <mem type="tenure" free="47794624" total="78446592" percent="60" micro-fragmented="14365">
      <mem type="soa" free="47010240" total="77662208" percent="60" />
      <mem type="loa" free="784384" total="784384" percent="100" />
    </mem>
  </mem-info>
</gc-end>
<cycle-end id="5528" type="global" contextid="5521" timestamp="2019-08-04T20:35:44.925">
  <attribute name="GC Util" value="608" />
  <attribute name="CPU Util" value="2050409691345" />
  <attribute name="Time Running"value="85169"/>
  <attribute name="Number of cores"value="16"/>
</cycle-end>
<allocation-satisfied id="5529" threadId="0000000000968F00" bytesRequested="256" />
<af-end id="5530" timestamp="2019-08-04T20:35:44.925" threadId="0000000000969888" success="true" />
<exclusive-end id="5531" timestamp="2019-08-04T20:35:44.925" durationms="11.187" />

<concurrent-kickoff id="5532" timestamp="2019-08-04T20:35:44.936">
  <kickoff reason="threshold reached" targetBytes="6218254" thresholdFreeBytes="846817" remainingFree="802784" tenureFreeBytes="802784" />
</concurrent-kickoff>
<exclusive-start id="5533" timestamp="2019-08-04T20:35:44.936" intervalms="22.562">
  <response-info timems="0.013" idlems="0.013" threads="0" lastid="0000000000968F00" lastname="main" />
</exclusive-start>
<cycle-start id="5534" type="global" contextid="0" timestamp="2019-08-04T20:35:44.936" intervalms="21.783" />
  <attribute name="GC Util" value="608" />
  <attribute name="CPU Util" value="2050409691345" />
  <attribute name="Time Running"value="85169"/>
  <attribute name="Number of cores"value="16"/>
<exclusive-end id="5535" timestamp="2019-08-04T20:35:44.936" durationms="0.020" />

<exclusive-start id="5536" timestamp="2019-08-04T20:35:44.936" intervalms="0.146">
  <response-info timems="0.007" idlems="0.007" threads="0" lastid="0000000000968F00" lastname="main" />
</exclusive-start>
<af-start id="5537" threadId="0000000000969888" totalBytesRequested="216" timestamp="2019-08-04T20:35:44.937" intervalms="22.696" />
<concurrent-aborted id="5538" timestamp="2019-08-04T20:35:44.937">
  <reason value="insufficient progress made" />
</concurrent-aborted>
<cycle-end id="5539" type="global" contextid="5534" timestamp="2019-08-04T20:35:44.937">
  <attribute name="GC Util" value="63" />
  <attribute name="CPU Util" value="1430124269173" />
  <attribute name="Time Running"value="85182"/>
  <attribute name="Number of cores"value="16"/>
</cycle-end>
<cycle-start id="5540" type="global" contextid="0" timestamp="2019-08-04T20:35:44.937" intervalms="0.723" />
  <attribute name="GC Util" value="63" />
  <attribute name="CPU Util" value="1430124269173" />
  <attribute name="Time Running"value="85182"/>
  <attribute name="Number of cores"value="16"/>
<gc-start id="5541" type="global" contextid="5540" timestamp="2019-08-04T20:35:44.937">
  <mem-info id="5542" free="784384" total="78446592" percent="0">
    <mem type="tenure" free="784384" total="78446592" percent="0">
      <mem type="soa" free="0" total="77662208" percent="0" />
      <mem type="loa" free="784384" total="784384" percent="100" />
    </mem>
  </mem-info>
</gc-start>
<allocation-stats totalBytes="59723832" >
  <allocated-bytes non-tlh="0" tlh="59723832" />
  <largest-consumer threadName="main" threadId="0000000000968F00" bytes="59723832" />
</allocation-stats>
<gc-op id="5543" type="mark" timems="9.553" contextid="5540" timestamp="2019-08-04T20:35:44.947">
  <trace-info objectcount="596310" scancount="517312" scanbytes="13275348" />
  <finalization candidates="80" enqueued="0" />
  <ownableSynchronizers candidates="21" cleared="0" />
  <references type="soft" candidates="1843" cleared="0" enqueued="0" dynamicThreshold="19" maxThreshold="32" />
  <references type="weak" candidates="5770" cleared="0" enqueued="0" />
  <references type="phantom" candidates="97" cleared="0" enqueued="0" />
  <stringconstants candidates="13260" cleared="0"  />
</gc-op>
<gc-op id="5544" type="sweep" timems="1.310" contextid="5540" timestamp="2019-08-04T20:35:44.948" />
<gc-end id="5545" type="global" contextid="5540" durationms="10.971" usertimems="66.146" systemtimems="0.000" timestamp="2019-08-04T20:35:44.948" activeThreads="16">
  <mem-info id="5546" free="47796240" total="78446592" percent="60">
    <mem type="tenure" free="47796240" total="78446592" percent="60" micro-fragmented="6665">
      <mem type="soa" free="47011856" total="77662208" percent="60" />
      <mem type="loa" free="784384" total="784384" percent="100" />
    </mem>
  </mem-info>
</gc-end>
<cycle-end id="5547" type="global" contextid="5540" timestamp="2019-08-04T20:35:44.948">
  <attribute name="GC Util" value="591" />
  <attribute name="CPU Util" value="1920468214847" />
  <attribute name="Time Running"value="85192"/>
  <attribute name="Number of cores"value="16"/>
</cycle-end>
<allocation-satisfied id="5548" threadId="0000000000968F00" bytesRequested="216" />
<af-end id="5549" timestamp="2019-08-04T20:35:44.948" threadId="0000000000969888" success="true" />
<exclusive-end id="5550" timestamp="2019-08-04T20:35:44.948" durationms="11.677" />

<concurrent-kickoff id="5551" timestamp="2019-08-04T20:35:44.960">
  <kickoff reason="threshold reached" targetBytes="6218254" thresholdFreeBytes="846817" remainingFree="802752" tenureFreeBytes="802752" />
</concurrent-kickoff>
<exclusive-start id="5552" timestamp="2019-08-04T20:35:44.960" intervalms="23.707">
  <response-info timems="0.036" idlems="0.036" threads="0" lastid="0000000000968F00" lastname="main" />
</exclusive-start>
<cycle-start id="5553" type="global" contextid="0" timestamp="2019-08-04T20:35:44.960" intervalms="23.142" />
  <attribute name="GC Util" value="591" />
  <attribute name="CPU Util" value="1920468214847" />
  <attribute name="Time Running"value="85192"/>
  <attribute name="Number of cores"value="16"/>
<exclusive-end id="5554" timestamp="2019-08-04T20:35:44.960" durationms="0.032" />

<exclusive-start id="5555" timestamp="2019-08-04T20:35:44.960" intervalms="0.164">
  <response-info timems="0.007" idlems="0.007" threads="0" lastid="0000000000968F00" lastname="main" />
</exclusive-start>
<af-start id="5556" threadId="0000000000969888" totalBytesRequested="296" timestamp="2019-08-04T20:35:44.960" intervalms="23.884" />
<concurrent-aborted id="5557" timestamp="2019-08-04T20:35:44.961">
  <reason value="insufficient progress made" />
</concurrent-aborted>
<cycle-end id="5558" type="global" contextid="5553" timestamp="2019-08-04T20:35:44.961">
  <attribute name="GC Util" value="69" />
  <attribute name="CPU Util" value="1350444804820" />
  <attribute name="Time Running"value="85206"/>
  <attribute name="Number of cores"value="16"/>
</cycle-end>
<cycle-start id="5559" type="global" contextid="0" timestamp="2019-08-04T20:35:44.961" intervalms="0.765" />
  <attribute name="GC Util" value="69" />
  <attribute name="CPU Util" value="1350444804820" />
  <attribute name="Time Running"value="85206"/>
  <attribute name="Number of cores"value="16"/>
<gc-start id="5560" type="global" contextid="5559" timestamp="2019-08-04T20:35:44.961">
  <mem-info id="5561" free="784384" total="78446592" percent="0">
    <mem type="tenure" free="784384" total="78446592" percent="0">
      <mem type="soa" free="0" total="77662208" percent="0" />
      <mem type="loa" free="784384" total="784384" percent="100" />
    </mem>
  </mem-info>
</gc-start>
<allocation-stats totalBytes="59717448" >
  <allocated-bytes non-tlh="0" tlh="59717448" />
  <largest-consumer threadName="main" threadId="0000000000968F00" bytes="59717448" />
</allocation-stats>
<gc-op id="5562" type="mark" timems="9.436" contextid="5559" timestamp="2019-08-04T20:35:44.970">
  <trace-info objectcount="596310" scancount="517320" scanbytes="13275348" />
  <finalization candidates="80" enqueued="0" />
  <ownableSynchronizers candidates="21" cleared="0" />
  <references type="soft" candidates="1843" cleared="0" enqueued="0" dynamicThreshold="19" maxThreshold="32" />
  <references type="weak" candidates="5770" cleared="0" enqueued="0" />
  <references type="phantom" candidates="97" cleared="0" enqueued="0" />
  <stringconstants candidates="13260" cleared="0"  />
</gc-op>
<gc-op id="5563" type="sweep" timems="2.006" contextid="5559" timestamp="2019-08-04T20:35:44.973" />
<gc-end id="5564" type="global" contextid="5559" durationms="11.553" usertimems="67.711" systemtimems="0.000" timestamp="2019-08-04T20:35:44.973" activeThreads="16">
  <mem-info id="5565" free="47797384" total="78446592" percent="60">
    <mem type="tenure" free="47797384" total="78446592" percent="60" micro-fragmented="6665">
      <mem type="soa" free="47013000" total="77662208" percent="60" />
      <mem type="loa" free="784384" total="784384" percent="100" />
    </mem>
  </mem-info>
</gc-end>
<cycle-end id="5566" type="global" contextid="5559" timestamp="2019-08-04T20:35:44.973">
  <attribute name="GC Util" value="602" />
  <attribute name="CPU Util" value="1949576885415" />
  <attribute name="Time Running"value="85216"/>
  <attribute name="Number of cores"value="16"/>
</cycle-end>
<allocation-satisfied id="5567" threadId="0000000000968F00" bytesRequested="296" />
<af-end id="5568" timestamp="2019-08-04T20:35:44.973" threadId="0000000000969888" success="true" />
<exclusive-end id="5569" timestamp="2019-08-04T20:35:44.973" durationms="12.309" />

<concurrent-kickoff id="5570" timestamp="2019-08-04T20:35:44.991">
  <kickoff reason="threshold reached" targetBytes="6218254" thresholdFreeBytes="846817" remainingFree="802128" tenureFreeBytes="802128" />
</concurrent-kickoff>
<exclusive-start id="5571" timestamp="2019-08-04T20:35:44.991" intervalms="30.333">
  <response-info timems="0.017" idlems="0.017" threads="0" lastid="0000000000968F00" lastname="main" />
</exclusive-start>
<cycle-start id="5572" type="global" contextid="0" timestamp="2019-08-04T20:35:44.991" intervalms="29.714" />
  <attribute name="GC Util" value="602" />
  <attribute name="CPU Util" value="1949576885415" />
  <attribute name="Time Running"value="85216"/>
  <attribute name="Number of cores"value="16"/>
<exclusive-end id="5573" timestamp="2019-08-04T20:35:44.991" durationms="0.016" />

<exclusive-start id="5574" timestamp="2019-08-04T20:35:44.991" intervalms="0.208">
  <response-info timems="0.007" idlems="0.007" threads="0" lastid="0000000000968F00" lastname="main" />
</exclusive-start>
<af-start id="5575" threadId="0000000000969888" totalBytesRequested="64" timestamp="2019-08-04T20:35:44.991" intervalms="30.537" />
<concurrent-aborted id="5576" timestamp="2019-08-04T20:35:44.992">
  <reason value="insufficient progress made" />
</concurrent-aborted>
<cycle-end id="5577" type="global" contextid="5572" timestamp="2019-08-04T20:35:44.992">
  <attribute name="GC Util" value="53" />
  <attribute name="CPU Util" value="903805716987" />
  <attribute name="Time Running"value="85237"/>
  <attribute name="Number of cores"value="16"/>
</cycle-end>
<cycle-start id="5578" type="global" contextid="0" timestamp="2019-08-04T20:35:44.992" intervalms="1.099" />
  <attribute name="GC Util" value="53" />
  <attribute name="CPU Util" value="903805716987" />
  <attribute name="Time Running"value="85237"/>
  <attribute name="Number of cores"value="16"/>
<gc-start id="5579" type="global" contextid="5578" timestamp="2019-08-04T20:35:44.992">
  <mem-info id="5580" free="784384" total="78446592" percent="0">
    <mem type="tenure" free="784384" total="78446592" percent="0">
      <mem type="soa" free="0" total="77662208" percent="0" />
      <mem type="loa" free="784384" total="784384" percent="100" />
    </mem>
  </mem-info>
</gc-start>
<allocation-stats totalBytes="59736928" >
  <allocated-bytes non-tlh="0" tlh="59736928" />
  <largest-consumer threadName="main" threadId="0000000000968F00" bytes="59736928" />
</allocation-stats>
<gc-op id="5581" type="mark" timems="25.724" contextid="5578" timestamp="2019-08-04T20:35:45.018">
  <trace-info objectcount="596325" scancount="517334" scanbytes="13276160" />
  <finalization candidates="80" enqueued="0" />
  <ownableSynchronizers candidates="21" cleared="0" />
  <references type="soft" candidates="1843" cleared="0" enqueued="0" dynamicThreshold="19" maxThreshold="32" />
  <references type="weak" candidates="5770" cleared="0" enqueued="0" />
  <references type="phantom" candidates="97" cleared="0" enqueued="0" />
  <stringconstants candidates="13260" cleared="0"  />
</gc-op>
<gc-op id="5582" type="sweep" timems="1.238" contextid="5578" timestamp="2019-08-04T20:35:45.019" />
<gc-end id="5583" type="global" contextid="5578" durationms="27.073" usertimems="159.529" systemtimems="0.000" timestamp="2019-08-04T20:35:45.019" activeThreads="16">
  <mem-info id="5584" free="47798216" total="78446592" percent="60">
    <mem type="tenure" free="47798216" total="78446592" percent="60" micro-fragmented="6665">
      <mem type="soa" free="47013832" total="77662208" percent="60" />
      <mem type="loa" free="784384" total="784384" percent="100" />
    </mem>
  </mem-info>
</gc-end>
<cycle-end id="5585" type="global" contextid="5578" timestamp="2019-08-04T20:35:45.019">
  <attribute name="GC Util" value="589" />
  <attribute name="CPU Util" value="715364946771" />
  <attribute name="Time Running"value="85263"/>
  <attribute name="Number of cores"value="16"/>
</cycle-end>
<allocation-satisfied id="5586" threadId="0000000000968F00" bytesRequested="64" />
<af-end id="5587" timestamp="2019-08-04T20:35:45.019" threadId="0000000000969888" success="true" />
<exclusive-end id="5588" timestamp="2019-08-04T20:35:45.019" durationms="28.110" />

<concurrent-kickoff id="5589" timestamp="2019-08-04T20:35:45.217">
  <kickoff reason="threshold reached" targetBytes="6218254" thresholdFreeBytes="846817" remainingFree="802216" tenureFreeBytes="802216" />
</concurrent-kickoff>
<exclusive-start id="5590" timestamp="2019-08-04T20:35:45.217" intervalms="226.037">
  <response-info timems="0.023" idlems="0.023" threads="0" lastid="0000000000968F00" lastname="main" />
</exclusive-start>
<cycle-start id="5591" type="global" contextid="0" timestamp="2019-08-04T20:35:45.217" intervalms="225.147" />
  <attribute name="GC Util" value="589" />
  <attribute name="CPU Util" value="715364946771" />
  <attribute name="Time Running"value="85263"/>
  <attribute name="Number of cores"value="16"/>
<exclusive-end id="5592" timestamp="2019-08-04T20:35:45.217" durationms="0.017" />

<exclusive-start id="5593" timestamp="2019-08-04T20:35:45.217" intervalms="0.158">
  <response-info timems="0.008" idlems="0.008" threads="0" lastid="0000000000968F00" lastname="main" />
</exclusive-start>
<af-start id="5594" threadId="0000000000969888" totalBytesRequested="7064" timestamp="2019-08-04T20:35:45.217" intervalms="226.233" />
<concurrent-aborted id="5595" timestamp="2019-08-04T20:35:45.218">
  <reason value="insufficient progress made" />
</concurrent-aborted>
<cycle-end id="5596" type="global" contextid="5591" timestamp="2019-08-04T20:35:45.218">
  <attribute name="GC Util" value="3" />
  <attribute name="CPU Util" value="92445565245" />
  <attribute name="Time Running"value="85463"/>
  <attribute name="Number of cores"value="16"/>
</cycle-end>
<cycle-start id="5597" type="global" contextid="0" timestamp="2019-08-04T20:35:45.218" intervalms="0.770" />
  <attribute name="GC Util" value="3" />
  <attribute name="CPU Util" value="92445565245" />
  <attribute name="Time Running"value="85463"/>
  <attribute name="Number of cores"value="16"/>
<gc-start id="5598" type="global" contextid="5597" timestamp="2019-08-04T20:35:45.218">
  <mem-info id="5599" free="784384" total="78446592" percent="0">
    <mem type="tenure" free="784384" total="78446592" percent="0">
      <mem type="soa" free="0" total="77662208" percent="0" />
      <mem type="loa" free="784384" total="784384" percent="100" />
    </mem>
  </mem-info>
</gc-start>
<allocation-stats totalBytes="58901728" >
  <allocated-bytes non-tlh="131432" tlh="58770296" />
  <largest-consumer threadName="main" threadId="0000000000968F00" bytes="58901728" />
</allocation-stats>
<gc-op id="5600" type="mark" timems="9.134" contextid="5597" timestamp="2019-08-04T20:35:45.227">
  <trace-info objectcount="596331" scancount="517341" scanbytes="13285372" />
  <finalization candidates="80" enqueued="0" />
  <ownableSynchronizers candidates="21" cleared="0" />
  <references type="soft" candidates="1843" cleared="0" enqueued="0" dynamicThreshold="19" maxThreshold="32" />
  <references type="weak" candidates="5770" cleared="0" enqueued="0" />
  <references type="phantom" candidates="97" cleared="0" enqueued="0" />
  <stringconstants candidates="13260" cleared="0"  />
</gc-op>
<gc-op id="5601" type="sweep" timems="1.629" contextid="5597" timestamp="2019-08-04T20:35:45.229" />
<gc-end id="5602" type="global" contextid="5597" durationms="10.874" usertimems="59.960" systemtimems="0.000" timestamp="2019-08-04T20:35:45.229" activeThreads="16">
  <mem-info id="5603" free="47798888" total="78446592" percent="60">
    <mem type="tenure" free="47798888" total="78446592" percent="60" micro-fragmented="6665">
      <mem type="soa" free="47014504" total="77662208" percent="60" />
      <mem type="loa" free="784384" total="784384" percent="100" />
    </mem>
  </mem-info>
</gc-end>
<cycle-end id="5604" type="global" contextid="5597" timestamp="2019-08-04T20:35:45.229">
  <attribute name="GC Util" value="547" />
  <attribute name="CPU Util" value="2006018950937" />
  <attribute name="Time Running"value="85473"/>
  <attribute name="Number of cores"value="16"/>
</cycle-end>
<allocation-satisfied id="5605" threadId="0000000000968F00" bytesRequested="7064" />
<af-end id="5606" timestamp="2019-08-04T20:35:45.229" threadId="0000000000969888" success="true" />
<exclusive-end id="5607" timestamp="2019-08-04T20:35:45.229" durationms="11.623" />

<concurrent-kickoff id="5608" timestamp="2019-08-04T20:35:45.283">
  <kickoff reason="threshold reached" targetBytes="6218254" thresholdFreeBytes="846817" remainingFree="814216" tenureFreeBytes="814216" />
</concurrent-kickoff>
<exclusive-start id="5609" timestamp="2019-08-04T20:35:45.283" intervalms="65.757">
  <response-info timems="0.083" idlems="0.083" threads="0" lastid="0000000000968F00" lastname="main" />
</exclusive-start>
<cycle-start id="5610" type="global" contextid="0" timestamp="2019-08-04T20:35:45.283" intervalms="65.144" />
  <attribute name="GC Util" value="547" />
  <attribute name="CPU Util" value="2006018950937" />
  <attribute name="Time Running"value="85473"/>
  <attribute name="Number of cores"value="16"/>
<exclusive-end id="5611" timestamp="2019-08-04T20:35:45.283" durationms="0.015" />

<exclusive-start id="5612" timestamp="2019-08-04T20:35:45.284" intervalms="1.180">
  <response-info timems="0.023" idlems="0.023" threads="0" lastid="0000000000968F00" lastname="main" />
</exclusive-start>
<af-start id="5613" threadId="0000000000969888" totalBytesRequested="32" timestamp="2019-08-04T20:35:45.284" intervalms="66.903" />
<concurrent-aborted id="5614" timestamp="2019-08-04T20:35:45.285">
  <reason value="insufficient progress made" />
</concurrent-aborted>
<cycle-end id="5615" type="global" contextid="5610" timestamp="2019-08-04T20:35:45.285">
  <attribute name="GC Util" value="17" />
  <attribute name="CPU Util" value="322924846304" />
  <attribute name="Time Running"value="85530"/>
  <attribute name="Number of cores"value="16"/>
</cycle-end>
<cycle-start id="5616" type="global" contextid="0" timestamp="2019-08-04T20:35:45.285" intervalms="1.933" />
  <attribute name="GC Util" value="17" />
  <attribute name="CPU Util" value="322924846304" />
  <attribute name="Time Running"value="85530"/>
  <attribute name="Number of cores"value="16"/>
<gc-start id="5617" type="global" contextid="5616" timestamp="2019-08-04T20:35:45.285">
  <mem-info id="5618" free="784384" total="78446592" percent="0">
    <mem type="tenure" free="784384" total="78446592" percent="0">
      <mem type="soa" free="0" total="77662208" percent="0" />
      <mem type="loa" free="784384" total="784384" percent="100" />
    </mem>
  </mem-info>
</gc-start>
<allocation-stats totalBytes="59731224" >
  <allocated-bytes non-tlh="442896" tlh="59288328" />
  <largest-consumer threadName="main" threadId="0000000000968F00" bytes="59731224" />
</allocation-stats>
<gc-op id="5619" type="mark" timems="15.814" contextid="5616" timestamp="2019-08-04T20:35:45.301">
  <trace-info objectcount="596426" scancount="517434" scanbytes="13282216" />
  <finalization candidates="80" enqueued="0" />
  <ownableSynchronizers candidates="21" cleared="0" />
  <references type="soft" candidates="1843" cleared="0" enqueued="0" dynamicThreshold="19" maxThreshold="32" />
  <references type="weak" candidates="5770" cleared="0" enqueued="0" />
  <references type="phantom" candidates="97" cleared="0" enqueued="0" />
  <stringconstants candidates="13260" cleared="0"  />
</gc-op>
<gc-op id="5620" type="sweep" timems="1.472" contextid="5616" timestamp="2019-08-04T20:35:45.302" />
<gc-end id="5621" type="global" contextid="5616" durationms="17.396" usertimems="76.295" systemtimems="0.000" timestamp="2019-08-04T20:35:45.302" activeThreads="16">
  <mem-info id="5622" free="47797976" total="78446592" percent="60">
    <mem type="tenure" free="47797976" total="78446592" percent="60" micro-fragmented="6665">
      <mem type="soa" free="47013592" total="77662208" percent="60" />
      <mem type="loa" free="784384" total="784384" percent="100" />
    </mem>
  </mem-info>
</gc-end>
<cycle-end id="5623" type="global" contextid="5616" timestamp="2019-08-04T20:35:45.302">
  <attribute name="GC Util" value="413" />
  <attribute name="CPU Util" value="1162623788887" />
  <attribute name="Time Running"value="85546"/>
  <attribute name="Number of cores"value="16"/>
</cycle-end>
<allocation-satisfied id="5624" threadId="0000000000968F00" bytesRequested="32" />
<af-end id="5625" timestamp="2019-08-04T20:35:45.302" threadId="0000000000969888" success="true" />
<exclusive-end id="5626" timestamp="2019-08-04T20:35:45.302" durationms="18.273" />

<concurrent-kickoff id="5627" timestamp="2019-08-04T20:35:45.418">
  <kickoff reason="threshold reached" targetBytes="6218254" thresholdFreeBytes="846817" remainingFree="803048" tenureFreeBytes="803048" />
</concurrent-kickoff>
<exclusive-start id="5628" timestamp="2019-08-04T20:35:45.418" intervalms="134.340">
  <response-info timems="0.027" idlems="0.027" threads="0" lastid="0000000000968F00" lastname="main" />
</exclusive-start>
<cycle-start id="5629" type="global" contextid="0" timestamp="2019-08-04T20:35:45.418" intervalms="133.588" />
  <attribute name="GC Util" value="413" />
  <attribute name="CPU Util" value="1162623788887" />
  <attribute name="Time Running"value="85546"/>
  <attribute name="Number of cores"value="16"/>
<exclusive-end id="5630" timestamp="2019-08-04T20:35:45.418" durationms="0.016" />

<exclusive-start id="5631" timestamp="2019-08-04T20:35:45.419" intervalms="0.280">
  <response-info timems="0.008" idlems="0.008" threads="0" lastid="0000000000968F00" lastname="main" />
</exclusive-start>
<af-start id="5632" threadId="0000000000969888" totalBytesRequested="32" timestamp="2019-08-04T20:35:45.419" intervalms="134.622" />
<concurrent-aborted id="5633" timestamp="2019-08-04T20:35:45.419">
  <reason value="insufficient progress made" />
</concurrent-aborted>
<cycle-end id="5634" type="global" contextid="5629" timestamp="2019-08-04T20:35:45.419">
  <attribute name="GC Util" value="9" />
  <attribute name="CPU Util" value="156347771273" />
  <attribute name="Time Running"value="85664"/>
  <attribute name="Number of cores"value="16"/>
</cycle-end>
<cycle-start id="5635" type="global" contextid="0" timestamp="2019-08-04T20:35:45.419" intervalms="1.106" />
  <attribute name="GC Util" value="9" />
  <attribute name="CPU Util" value="156347771273" />
  <attribute name="Time Running"value="85664"/>
  <attribute name="Number of cores"value="16"/>
<gc-start id="5636" type="global" contextid="5635" timestamp="2019-08-04T20:35:45.420">
  <mem-info id="5637" free="784384" total="78446592" percent="0">
    <mem type="tenure" free="784384" total="78446592" percent="0">
      <mem type="soa" free="0" total="77662208" percent="0" />
      <mem type="loa" free="784384" total="784384" percent="100" />
    </mem>
  </mem-info>
</gc-start>
<allocation-stats totalBytes="59747696" >
  <allocated-bytes non-tlh="0" tlh="59747696" />
  <largest-consumer threadName="main" threadId="0000000000968F00" bytes="59747696" />
</allocation-stats>
<gc-op id="5638" type="mark" timems="27.266" contextid="5635" timestamp="2019-08-04T20:35:45.447">
  <trace-info objectcount="596341" scancount="517351" scanbytes="13276380" />
  <finalization candidates="80" enqueued="0" />
  <ownableSynchronizers candidates="21" cleared="0" />
  <references type="soft" candidates="1843" cleared="0" enqueued="0" dynamicThreshold="19" maxThreshold="32" />
  <references type="weak" candidates="5770" cleared="0" enqueued="0" />
  <references type="phantom" candidates="97" cleared="0" enqueued="0" />
  <stringconstants candidates="13260" cleared="0"  />
</gc-op>
<gc-op id="5639" type="sweep" timems="1.733" contextid="5635" timestamp="2019-08-04T20:35:45.449" />
<gc-end id="5640" type="global" contextid="5635" durationms="29.130" usertimems="197.358" systemtimems="0.000" timestamp="2019-08-04T20:35:45.449" activeThreads="16">
  <mem-info id="5641" free="47796392" total="78446592" percent="60">
    <mem type="tenure" free="47796392" total="78446592" percent="60" micro-fragmented="6665">
      <mem type="soa" free="47012008" total="77662208" percent="60" />
      <mem type="loa" free="784384" total="784384" percent="100" />
    </mem>
  </mem-info>
</gc-end>
<cycle-end id="5642" type="global" contextid="5635" timestamp="2019-08-04T20:35:45.449">
  <attribute name="GC Util" value="637" />
  <attribute name="CPU Util" value="675657282766" />
  <attribute name="Time Running"value="85693"/>
  <attribute name="Number of cores"value="16"/>
</cycle-end>
<allocation-satisfied id="5643" threadId="0000000000968F00" bytesRequested="32" />
<af-end id="5644" timestamp="2019-08-04T20:35:45.449" threadId="0000000000969888" success="true" />
<exclusive-end id="5645" timestamp="2019-08-04T20:35:45.449" durationms="30.120" />

<concurrent-kickoff id="5646" timestamp="2019-08-04T20:35:45.504">
  <kickoff reason="threshold reached" targetBytes="6218254" thresholdFreeBytes="846817" remainingFree="803304" tenureFreeBytes="803304" />
</concurrent-kickoff>
<exclusive-start id="5647" timestamp="2019-08-04T20:35:45.504" intervalms="85.170">
  <response-info timems="0.028" idlems="0.028" threads="0" lastid="0000000000968F00" lastname="main" />
</exclusive-start>
<cycle-start id="5648" type="global" contextid="0" timestamp="2019-08-04T20:35:45.504" intervalms="84.344" />
  <attribute name="GC Util" value="637" />
  <attribute name="CPU Util" value="675657282766" />
  <attribute name="Time Running"value="85693"/>
  <attribute name="Number of cores"value="16"/>
<exclusive-end id="5649" timestamp="2019-08-04T20:35:45.504" durationms="0.017" />

<exclusive-start id="5650" timestamp="2019-08-04T20:35:45.504" intervalms="0.193">
  <response-info timems="0.008" idlems="0.008" threads="0" lastid="0000000000968F00" lastname="main" />
</exclusive-start>
<af-start id="5651" threadId="0000000000969888" totalBytesRequested="80" timestamp="2019-08-04T20:35:45.504" intervalms="85.365" />
<concurrent-aborted id="5652" timestamp="2019-08-04T20:35:45.505">
  <reason value="insufficient progress made" />
</concurrent-aborted>
<cycle-end id="5653" type="global" contextid="5648" timestamp="2019-08-04T20:35:45.505">
  <attribute name="GC Util" value="40" />
  <attribute name="CPU Util" value="322571267309" />
  <attribute name="Time Running"value="85750"/>
  <attribute name="Number of cores"value="16"/>
</cycle-end>
<cycle-start id="5654" type="global" contextid="0" timestamp="2019-08-04T20:35:45.505" intervalms="1.285" />
  <attribute name="GC Util" value="40" />
  <attribute name="CPU Util" value="322571267309" />
  <attribute name="Time Running"value="85750"/>
  <attribute name="Number of cores"value="16"/>
<gc-start id="5655" type="global" contextid="5654" timestamp="2019-08-04T20:35:45.505">
  <mem-info id="5656" free="784384" total="78446592" percent="0">
    <mem type="tenure" free="784384" total="78446592" percent="0">
      <mem type="soa" free="0" total="77662208" percent="0" />
      <mem type="loa" free="784384" total="784384" percent="100" />
    </mem>
  </mem-info>
</gc-start>
<allocation-stats totalBytes="59743768" >
  <allocated-bytes non-tlh="0" tlh="59743768" />
  <largest-consumer threadName="main" threadId="0000000000968F00" bytes="59743768" />
</allocation-stats>
<gc-op id="5657" type="mark" timems="11.043" contextid="5654" timestamp="2019-08-04T20:35:45.516">
  <trace-info objectcount="596336" scancount="517343" scanbytes="13276424" />
  <finalization candidates="80" enqueued="0" />
  <ownableSynchronizers candidates="21" cleared="0" />
  <references type="soft" candidates="1843" cleared="0" enqueued="0" dynamicThreshold="19" maxThreshold="32" />
  <references type="weak" candidates="5770" cleared="0" enqueued="0" />
  <references type="phantom" candidates="97" cleared="0" enqueued="0" />
  <stringconstants candidates="13260" cleared="0"  />
</gc-op>
<gc-op id="5658" type="sweep" timems="0.891" contextid="5654" timestamp="2019-08-04T20:35:45.517" />
<gc-end id="5659" type="global" contextid="5654" durationms="12.047" usertimems="58.720" systemtimems="0.000" timestamp="2019-08-04T20:35:45.517" activeThreads="16">
  <mem-info id="5660" free="47797064" total="78446592" percent="60">
    <mem type="tenure" free="47797064" total="78446592" percent="60" micro-fragmented="6665">
      <mem type="soa" free="47012680" total="77662208" percent="60" />
      <mem type="loa" free="784384" total="784384" percent="100" />
    </mem>
  </mem-info>
</gc-end>
<cycle-end id="5661" type="global" contextid="5654" timestamp="2019-08-04T20:35:45.517">
  <attribute name="GC Util" value="454" />
  <attribute name="CPU Util" value="1664921191764" />
  <attribute name="Time Running"value="85762"/>
  <attribute name="Number of cores"value="16"/>
</cycle-end>
<allocation-satisfied id="5662" threadId="0000000000968F00" bytesRequested="80" />
<af-end id="5663" timestamp="2019-08-04T20:35:45.517" threadId="0000000000969888" success="true" />
<exclusive-end id="5664" timestamp="2019-08-04T20:35:45.517" durationms="13.475" />

<concurrent-kickoff id="5665" timestamp="2019-08-04T20:35:45.582">
  <kickoff reason="threshold reached" targetBytes="6218254" thresholdFreeBytes="846817" remainingFree="802384" tenureFreeBytes="802384" />
</concurrent-kickoff>
<exclusive-start id="5666" timestamp="2019-08-04T20:35:45.582" intervalms="77.712">
  <response-info timems="0.016" idlems="0.016" threads="0" lastid="0000000000968F00" lastname="main" />
</exclusive-start>
<cycle-start id="5667" type="global" contextid="0" timestamp="2019-08-04T20:35:45.582" intervalms="76.620" />
  <attribute name="GC Util" value="454" />
  <attribute name="CPU Util" value="1664921191764" />
  <attribute name="Time Running"value="85762"/>
  <attribute name="Number of cores"value="16"/>
<exclusive-end id="5668" timestamp="2019-08-04T20:35:45.582" durationms="0.016" />

<exclusive-start id="5669" timestamp="2019-08-04T20:35:45.582" intervalms="0.305">
  <response-info timems="0.013" idlems="0.013" threads="0" lastid="0000000000968F00" lastname="main" />
</exclusive-start>
<af-start id="5670" threadId="0000000000969888" totalBytesRequested="24" timestamp="2019-08-04T20:35:45.583" intervalms="78.734" />
<concurrent-aborted id="5671" timestamp="2019-08-04T20:35:45.584">
  <reason value="insufficient progress made" />
</concurrent-aborted>
<cycle-end id="5672" type="global" contextid="5667" timestamp="2019-08-04T20:35:45.584">
  <attribute name="GC Util" value="13" />
  <attribute name="CPU Util" value="277560295027" />
  <attribute name="Time Running"value="85829"/>
  <attribute name="Number of cores"value="16"/>
</cycle-end>
<cycle-start id="5673" type="global" contextid="0" timestamp="2019-08-04T20:35:45.584" intervalms="1.920" />
  <attribute name="GC Util" value="13" />
  <attribute name="CPU Util" value="277560295027" />
  <attribute name="Time Running"value="85829"/>
  <attribute name="Number of cores"value="16"/>
<gc-start id="5674" type="global" contextid="5673" timestamp="2019-08-04T20:35:45.584">
  <mem-info id="5675" free="784384" total="78446592" percent="0">
    <mem type="tenure" free="784384" total="78446592" percent="0">
      <mem type="soa" free="0" total="77662208" percent="0" />
      <mem type="loa" free="784384" total="784384" percent="100" />
    </mem>
  </mem-info>
</gc-start>
<allocation-stats totalBytes="59751672" >
  <allocated-bytes non-tlh="0" tlh="59751672" />
  <largest-consumer threadName="main" threadId="0000000000968F00" bytes="59751672" />
</allocation-stats>
<gc-op id="5676" type="mark" timems="10.966" contextid="5673" timestamp="2019-08-04T20:35:45.595">
  <trace-info objectcount="596332" scancount="517340" scanbytes="13275968" />
  <finalization candidates="80" enqueued="0" />
  <ownableSynchronizers candidates="21" cleared="0" />
  <references type="soft" candidates="1843" cleared="0" enqueued="0" dynamicThreshold="19" maxThreshold="32" />
  <references type="weak" candidates="5770" cleared="0" enqueued="0" />
  <references type="phantom" candidates="97" cleared="0" enqueued="0" />
  <stringconstants candidates="13260" cleared="0"  />
</gc-op>
<gc-op id="5677" type="sweep" timems="1.273" contextid="5673" timestamp="2019-08-04T20:35:45.596" />
<gc-end id="5678" type="global" contextid="5673" durationms="12.381" usertimems="62.770" systemtimems="0.000" timestamp="2019-08-04T20:35:45.596" activeThreads="16">
  <mem-info id="5679" free="47797904" total="78446592" percent="60">
    <mem type="tenure" free="47797904" total="78446592" percent="60" micro-fragmented="6662">
      <mem type="soa" free="47013520" total="77662208" percent="60" />
      <mem type="loa" free="784384" total="784384" percent="100" />
    </mem>
  </mem-info>
</gc-end>
<cycle-end id="5680" type="global" contextid="5673" timestamp="2019-08-04T20:35:45.596">
  <attribute name="GC Util" value="486" />
  <attribute name="CPU Util" value="1674464885496" />
  <attribute name="Time Running"value="85840"/>
  <attribute name="Number of cores"value="16"/>
</cycle-end>
<allocation-satisfied id="5681" threadId="0000000000968F00" bytesRequested="24" />
<af-end id="5682" timestamp="2019-08-04T20:35:45.596" threadId="0000000000969888" success="true" />
<exclusive-end id="5683" timestamp="2019-08-04T20:35:45.596" durationms="14.243" />

<concurrent-kickoff id="5684" timestamp="2019-08-04T20:35:45.661">
  <kickoff reason="threshold reached" targetBytes="6218254" thresholdFreeBytes="846817" remainingFree="803016" tenureFreeBytes="803016" />
</concurrent-kickoff>
<exclusive-start id="5685" timestamp="2019-08-04T20:35:45.661" intervalms="79.121">
  <response-info timems="0.023" idlems="0.023" threads="0" lastid="0000000000968F00" lastname="main" />
</exclusive-start>
<cycle-start id="5686" type="global" contextid="0" timestamp="2019-08-04T20:35:45.661" intervalms="77.530" />
  <attribute name="GC Util" value="486" />
  <attribute name="CPU Util" value="1674464885496" />
  <attribute name="Time Running"value="85840"/>
  <attribute name="Number of cores"value="16"/>
<exclusive-end id="5687" timestamp="2019-08-04T20:35:45.661" durationms="0.041" />

<exclusive-start id="5688" timestamp="2019-08-04T20:35:45.661" intervalms="0.230">
  <response-info timems="0.007" idlems="0.007" threads="0" lastid="0000000000968F00" lastname="main" />
</exclusive-start>
<af-start id="5689" threadId="0000000000969888" totalBytesRequested="16" timestamp="2019-08-04T20:35:45.661" intervalms="78.633" />
<concurrent-aborted id="5690" timestamp="2019-08-04T20:35:45.662">
  <reason value="insufficient progress made" />
</concurrent-aborted>
<cycle-end id="5691" type="global" contextid="5686" timestamp="2019-08-04T20:35:45.662">
  <attribute name="GC Util" value="14" />
  <attribute name="CPU Util" value="276677939487" />
  <attribute name="Time Running"value="85907"/>
  <attribute name="Number of cores"value="16"/>
</cycle-end>
<cycle-start id="5692" type="global" contextid="0" timestamp="2019-08-04T20:35:45.662" intervalms="0.973" />
  <attribute name="GC Util" value="14" />
  <attribute name="CPU Util" value="276677939487" />
  <attribute name="Time Running"value="85907"/>
  <attribute name="Number of cores"value="16"/>
<gc-start id="5693" type="global" contextid="5692" timestamp="2019-08-04T20:35:45.662">
  <mem-info id="5694" free="784384" total="78446592" percent="0">
    <mem type="tenure" free="784384" total="78446592" percent="0">
      <mem type="soa" free="0" total="77662208" percent="0" />
      <mem type="loa" free="784384" total="784384" percent="100" />
    </mem>
  </mem-info>
</gc-start>
<allocation-stats totalBytes="59754464" >
  <allocated-bytes non-tlh="0" tlh="59754464" />
  <largest-consumer threadName="main" threadId="0000000000968F00" bytes="59754464" />
</allocation-stats>
<gc-op id="5695" type="mark" timems="9.560" contextid="5692" timestamp="2019-08-04T20:35:45.672">
  <trace-info objectcount="596334" scancount="517344" scanbytes="13275996" />
  <finalization candidates="80" enqueued="0" />
  <ownableSynchronizers candidates="21" cleared="0" />
  <references type="soft" candidates="1843" cleared="0" enqueued="0" dynamicThreshold="19" maxThreshold="32" />
  <references type="weak" candidates="5770" cleared="0" enqueued="0" />
  <references type="phantom" candidates="97" cleared="0" enqueued="0" />
  <stringconstants candidates="13260" cleared="0"  />
</gc-op>
<gc-op id="5696" type="sweep" timems="3.045" contextid="5692" timestamp="2019-08-04T20:35:45.675" />
<gc-end id="5697" type="global" contextid="5692" durationms="12.726" usertimems="68.184" systemtimems="0.000" timestamp="2019-08-04T20:35:45.675" activeThreads="16">
  <mem-info id="5698" free="47798368" total="78446592" percent="60">
    <mem type="tenure" free="47798368" total="78446592" percent="60" micro-fragmented="6662">
      <mem type="soa" free="47013984" total="77662208" percent="60" />
      <mem type="loa" free="784384" total="784384" percent="100" />
    </mem>
  </mem-info>
</gc-end>
<cycle-end id="5699" type="global" contextid="5692" timestamp="2019-08-04T20:35:45.675">
  <attribute name="GC Util" value="563" />
  <attribute name="CPU Util" value="1921984129900" />
  <attribute name="Time Running"value="85918"/>
  <attribute name="Number of cores"value="16"/>
</cycle-end>
<allocation-satisfied id="5700" threadId="0000000000968F00" bytesRequested="16" />
<af-end id="5701" timestamp="2019-08-04T20:35:45.675" threadId="0000000000969888" success="true" />
<exclusive-end id="5702" timestamp="2019-08-04T20:35:45.675" durationms="13.654" />

<concurrent-kickoff id="5703" timestamp="2019-08-04T20:35:45.751">
  <kickoff reason="threshold reached" targetBytes="6218254" thresholdFreeBytes="846817" remainingFree="802816" tenureFreeBytes="802816" />
</concurrent-kickoff>
<exclusive-start id="5704" timestamp="2019-08-04T20:35:45.751" intervalms="90.034">
  <response-info timems="0.017" idlems="0.017" threads="0" lastid="0000000000968F00" lastname="main" />
</exclusive-start>
<cycle-start id="5705" type="global" contextid="0" timestamp="2019-08-04T20:35:45.751" intervalms="89.273" />
  <attribute name="GC Util" value="563" />
  <attribute name="CPU Util" value="1921984129900" />
  <attribute name="Time Running"value="85918"/>
  <attribute name="Number of cores"value="16"/>
<exclusive-end id="5706" timestamp="2019-08-04T20:35:45.751" durationms="0.022" />

<exclusive-start id="5707" timestamp="2019-08-04T20:35:45.752" intervalms="0.236">
  <response-info timems="0.009" idlems="0.009" threads="0" lastid="0000000000968F00" lastname="main" />
</exclusive-start>
<af-start id="5708" threadId="0000000000969888" totalBytesRequested="24" timestamp="2019-08-04T20:35:45.752" intervalms="90.269" />
<concurrent-aborted id="5709" timestamp="2019-08-04T20:35:45.752">
  <reason value="insufficient progress made" />
</concurrent-aborted>
<cycle-end id="5710" type="global" contextid="5705" timestamp="2019-08-04T20:35:45.752">
  <attribute name="GC Util" value="18" />
  <attribute name="CPU Util" value="231080728173" />
  <attribute name="Time Running"value="85997"/>
  <attribute name="Number of cores"value="16"/>
</cycle-end>
<cycle-start id="5711" type="global" contextid="0" timestamp="2019-08-04T20:35:45.752" intervalms="1.016" />
  <attribute name="GC Util" value="18" />
  <attribute name="CPU Util" value="231080728173" />
  <attribute name="Time Running"value="85997"/>
  <attribute name="Number of cores"value="16"/>
<gc-start id="5712" type="global" contextid="5711" timestamp="2019-08-04T20:35:45.752">
  <mem-info id="5713" free="784384" total="78446592" percent="0">
    <mem type="tenure" free="784384" total="78446592" percent="0">
      <mem type="soa" free="0" total="77662208" percent="0" />
      <mem type="loa" free="784384" total="784384" percent="100" />
    </mem>
  </mem-info>
</gc-start>
<allocation-stats totalBytes="59758704" >
  <allocated-bytes non-tlh="0" tlh="59758704" />
  <largest-consumer threadName="main" threadId="0000000000968F00" bytes="59758704" />
</allocation-stats>
<gc-op id="5714" type="mark" timems="10.027" contextid="5711" timestamp="2019-08-04T20:35:45.763">
  <trace-info objectcount="596325" scancount="517332" scanbytes="13275800" />
  <finalization candidates="80" enqueued="0" />
  <ownableSynchronizers candidates="21" cleared="0" />
  <references type="soft" candidates="1843" cleared="0" enqueued="0" dynamicThreshold="19" maxThreshold="32" />
  <references type="weak" candidates="5770" cleared="0" enqueued="0" />
  <references type="phantom" candidates="97" cleared="0" enqueued="0" />
  <stringconstants candidates="13260" cleared="0"  />
</gc-op>
<gc-op id="5715" type="sweep" timems="1.602" contextid="5711" timestamp="2019-08-04T20:35:45.764" />
<gc-end id="5716" type="global" contextid="5711" durationms="11.753" usertimems="63.677" systemtimems="0.000" timestamp="2019-08-04T20:35:45.764" activeThreads="16">
  <mem-info id="5717" free="47798848" total="78446592" percent="60">
    <mem type="tenure" free="47798848" total="78446592" percent="60" micro-fragmented="6659">
      <mem type="soa" free="47014464" total="77662208" percent="60" />
      <mem type="loa" free="784384" total="784384" percent="100" />
    </mem>
  </mem-info>
</gc-end>
<cycle-end id="5718" type="global" contextid="5711" timestamp="2019-08-04T20:35:45.764">
  <attribute name="GC Util" value="523" />
  <attribute name="CPU Util" value="1830399139724" />
  <attribute name="Time Running"value="86008"/>
  <attribute name="Number of cores"value="16"/>
</cycle-end>
<allocation-satisfied id="5719" threadId="0000000000968F00" bytesRequested="24" />
<af-end id="5720" timestamp="2019-08-04T20:35:45.764" threadId="0000000000969888" success="true" />
<exclusive-end id="5721" timestamp="2019-08-04T20:35:45.764" durationms="12.673" />

<concurrent-kickoff id="5722" timestamp="2019-08-04T20:35:45.875">
  <kickoff reason="threshold reached" targetBytes="6218254" thresholdFreeBytes="846817" remainingFree="802776" tenureFreeBytes="802776" />
</concurrent-kickoff>
<exclusive-start id="5723" timestamp="2019-08-04T20:35:45.875" intervalms="123.153">
  <response-info timems="0.023" idlems="0.023" threads="0" lastid="0000000000968F00" lastname="main" />
</exclusive-start>
<cycle-start id="5724" type="global" contextid="0" timestamp="2019-08-04T20:35:45.875" intervalms="122.378" />
  <attribute name="GC Util" value="523" />
  <attribute name="CPU Util" value="1830399139724" />
  <attribute name="Time Running"value="86008"/>
  <attribute name="Number of cores"value="16"/>
<exclusive-end id="5725" timestamp="2019-08-04T20:35:45.875" durationms="0.027" />

<exclusive-start id="5726" timestamp="2019-08-04T20:35:45.875" intervalms="0.186">
  <response-info timems="0.007" idlems="0.007" threads="0" lastid="0000000000968F00" lastname="main" />
</exclusive-start>
<af-start id="5727" threadId="0000000000969888" totalBytesRequested="24" timestamp="2019-08-04T20:35:45.875" intervalms="123.355" />
<concurrent-aborted id="5728" timestamp="2019-08-04T20:35:45.876">
  <reason value="insufficient progress made" />
</concurrent-aborted>
<cycle-end id="5729" type="global" contextid="5724" timestamp="2019-08-04T20:35:45.876">
  <attribute name="GC Util" value="9" />
  <attribute name="CPU Util" value="163953915140" />
  <attribute name="Time Running"value="86121"/>
  <attribute name="Number of cores"value="16"/>
</cycle-end>
<cycle-start id="5730" type="global" contextid="0" timestamp="2019-08-04T20:35:45.876" intervalms="0.899" />
  <attribute name="GC Util" value="9" />
  <attribute name="CPU Util" value="163953915140" />
  <attribute name="Time Running"value="86121"/>
  <attribute name="Number of cores"value="16"/>
<gc-start id="5731" type="global" contextid="5730" timestamp="2019-08-04T20:35:45.876">
  <mem-info id="5732" free="784384" total="78446592" percent="0">
    <mem type="tenure" free="784384" total="78446592" percent="0">
      <mem type="soa" free="0" total="77662208" percent="0" />
      <mem type="loa" free="784384" total="784384" percent="100" />
    </mem>
  </mem-info>
</gc-start>
<allocation-stats totalBytes="59759280" >
  <allocated-bytes non-tlh="0" tlh="59759280" />
  <largest-consumer threadName="main" threadId="0000000000968F00" bytes="59759280" />
</allocation-stats>
<gc-op id="5733" type="mark" timems="10.699" contextid="5730" timestamp="2019-08-04T20:35:45.887">
  <trace-info objectcount="596332" scancount="517340" scanbytes="13275960" />
  <finalization candidates="80" enqueued="0" />
  <ownableSynchronizers candidates="21" cleared="0" />
  <references type="soft" candidates="1843" cleared="0" enqueued="0" dynamicThreshold="19" maxThreshold="32" />
  <references type="weak" candidates="5770" cleared="0" enqueued="0" />
  <references type="phantom" candidates="97" cleared="0" enqueued="0" />
  <stringconstants candidates="13260" cleared="0"  />
</gc-op>
<gc-op id="5734" type="sweep" timems="1.432" contextid="5730" timestamp="2019-08-04T20:35:45.888" />
<gc-end id="5735" type="global" contextid="5730" durationms="12.259" usertimems="69.614" systemtimems="0.000" timestamp="2019-08-04T20:35:45.888" activeThreads="16">
  <mem-info id="5736" free="47799176" total="78446592" percent="60">
    <mem type="tenure" free="47799176" total="78446592" percent="60" micro-fragmented="6659">
      <mem type="soa" free="47014792" total="77662208" percent="60" />
      <mem type="loa" free="784384" total="784384" percent="100" />
    </mem>
  </mem-info>
</gc-end>
<cycle-end id="5737" type="global" contextid="5730" timestamp="2019-08-04T20:35:45.888">
  <attribute name="GC Util" value="547" />
  <attribute name="CPU Util" value="1710261059706" />
  <attribute name="Time Running"value="86132"/>
  <attribute name="Number of cores"value="16"/>
</cycle-end>
<allocation-satisfied id="5738" threadId="0000000000968F00" bytesRequested="24" />
<af-end id="5739" timestamp="2019-08-04T20:35:45.888" threadId="0000000000969888" success="true" />
<exclusive-end id="5740" timestamp="2019-08-04T20:35:45.888" durationms="13.126" />

<concurrent-kickoff id="5741" timestamp="2019-08-04T20:35:45.940">
  <kickoff reason="threshold reached" targetBytes="6218254" thresholdFreeBytes="846817" remainingFree="802664" tenureFreeBytes="802664" />
</concurrent-kickoff>
<exclusive-start id="5742" timestamp="2019-08-04T20:35:45.940" intervalms="65.275">
  <response-info timems="0.018" idlems="0.018" threads="0" lastid="0000000000968F00" lastname="main" />
</exclusive-start>
<cycle-start id="5743" type="global" contextid="0" timestamp="2019-08-04T20:35:45.940" intervalms="64.566" />
  <attribute name="GC Util" value="547" />
  <attribute name="CPU Util" value="1710261059706" />
  <attribute name="Time Running"value="86132"/>
  <attribute name="Number of cores"value="16"/>
<exclusive-end id="5744" timestamp="2019-08-04T20:35:45.940" durationms="0.032" />

<exclusive-start id="5745" timestamp="2019-08-04T20:35:45.941" intervalms="0.291">
  <response-info timems="0.008" idlems="0.008" threads="0" lastid="0000000000968F00" lastname="main" />
</exclusive-start>
<af-start id="5746" threadId="0000000000969888" totalBytesRequested="24" timestamp="2019-08-04T20:35:45.941" intervalms="65.553" />
<concurrent-aborted id="5747" timestamp="2019-08-04T20:35:45.941">
  <reason value="insufficient progress made" />
</concurrent-aborted>
<cycle-end id="5748" type="global" contextid="5743" timestamp="2019-08-04T20:35:45.941">
  <attribute name="GC Util" value="19" />
  <attribute name="CPU Util" value="341341939627" />
  <attribute name="Time Running"value="86186"/>
  <attribute name="Number of cores"value="16"/>
</cycle-end>
<cycle-start id="5749" type="global" contextid="0" timestamp="2019-08-04T20:35:45.941" intervalms="0.955" />
  <attribute name="GC Util" value="19" />
  <attribute name="CPU Util" value="341341939627" />
  <attribute name="Time Running"value="86186"/>
  <attribute name="Number of cores"value="16"/>
<gc-start id="5750" type="global" contextid="5749" timestamp="2019-08-04T20:35:45.941">
  <mem-info id="5751" free="784384" total="78446592" percent="0">
    <mem type="tenure" free="784384" total="78446592" percent="0">
      <mem type="soa" free="0" total="77662208" percent="0" />
      <mem type="loa" free="784384" total="784384" percent="100" />
    </mem>
  </mem-info>
</gc-start>
<allocation-stats totalBytes="59758568" >
  <allocated-bytes non-tlh="0" tlh="59758568" />
  <largest-consumer threadName="main" threadId="0000000000968F00" bytes="59758568" />
</allocation-stats>
<gc-op id="5752" type="mark" timems="15.407" contextid="5749" timestamp="2019-08-04T20:35:45.957">
  <trace-info objectcount="596337" scancount="517347" scanbytes="13276172" />
  <finalization candidates="80" enqueued="0" />
  <ownableSynchronizers candidates="21" cleared="0" />
  <references type="soft" candidates="1843" cleared="0" enqueued="0" dynamicThreshold="19" maxThreshold="32" />
  <references type="weak" candidates="5770" cleared="0" enqueued="0" />
  <references type="phantom" candidates="97" cleared="0" enqueued="0" />
  <stringconstants candidates="13260" cleared="0"  />
</gc-op>
<gc-op id="5753" type="sweep" timems="2.859" contextid="5749" timestamp="2019-08-04T20:35:45.960" />
<gc-end id="5754" type="global" contextid="5749" durationms="18.387" usertimems="96.295" systemtimems="0.000" timestamp="2019-08-04T20:35:45.960" activeThreads="16">
  <mem-info id="5755" free="47799408" total="78446592" percent="60">
    <mem type="tenure" free="47799408" total="78446592" percent="60" micro-fragmented="6659">
      <mem type="soa" free="47015024" total="77662208" percent="60" />
      <mem type="loa" free="784384" total="784384" percent="100" />
    </mem>
  </mem-info>
</gc-end>
<cycle-end id="5756" type="global" contextid="5749" timestamp="2019-08-04T20:35:45.960">
  <attribute name="GC Util" value="486" />
  <attribute name="CPU Util" value="1193298827428" />
  <attribute name="Time Running"value="86202"/>
  <attribute name="Number of cores"value="16"/>
</cycle-end>
<allocation-satisfied id="5757" threadId="0000000000968F00" bytesRequested="24" />
<af-end id="5758" timestamp="2019-08-04T20:35:45.960" threadId="0000000000969888" success="true" />
<exclusive-end id="5759" timestamp="2019-08-04T20:35:45.960" durationms="19.202" />

<concurrent-kickoff id="5760" timestamp="2019-08-04T20:35:46.049">
  <kickoff reason="threshold reached" targetBytes="6218254" thresholdFreeBytes="846817" remainingFree="801448" tenureFreeBytes="801448" />
</concurrent-kickoff>
<exclusive-start id="5761" timestamp="2019-08-04T20:35:46.049" intervalms="108.221">
  <response-info timems="0.018" idlems="0.018" threads="0" lastid="0000000000968F00" lastname="main" />
</exclusive-start>
<cycle-start id="5762" type="global" contextid="0" timestamp="2019-08-04T20:35:46.049" intervalms="107.547" />
  <attribute name="GC Util" value="486" />
  <attribute name="CPU Util" value="1193298827428" />
  <attribute name="Time Running"value="86202"/>
  <attribute name="Number of cores"value="16"/>
<exclusive-end id="5763" timestamp="2019-08-04T20:35:46.049" durationms="0.022" />

<exclusive-start id="5764" timestamp="2019-08-04T20:35:46.049" intervalms="0.166">
  <response-info timems="0.007" idlems="0.007" threads="0" lastid="0000000000968F00" lastname="main" />
</exclusive-start>
<af-start id="5765" threadId="0000000000969888" totalBytesRequested="528" timestamp="2019-08-04T20:35:46.049" intervalms="108.373" />
<concurrent-aborted id="5766" timestamp="2019-08-04T20:35:46.050">
  <reason value="insufficient progress made" />
</concurrent-aborted>
<cycle-end id="5767" type="global" contextid="5762" timestamp="2019-08-04T20:35:46.050">
  <attribute name="GC Util" value="22" />
  <attribute name="CPU Util" value="200044830815" />
  <attribute name="Time Running"value="86295"/>
  <attribute name="Number of cores"value="16"/>
</cycle-end>
<cycle-start id="5768" type="global" contextid="0" timestamp="2019-08-04T20:35:46.050" intervalms="0.958" />
  <attribute name="GC Util" value="22" />
  <attribute name="CPU Util" value="200044830815" />
  <attribute name="Time Running"value="86295"/>
  <attribute name="Number of cores"value="16"/>
<gc-start id="5769" type="global" contextid="5768" timestamp="2019-08-04T20:35:46.050">
  <mem-info id="5770" free="784384" total="78446592" percent="0">
    <mem type="tenure" free="784384" total="78446592" percent="0">
      <mem type="soa" free="0" total="77662208" percent="0" />
      <mem type="loa" free="784384" total="784384" percent="100" />
    </mem>
  </mem-info>
</gc-start>
<allocation-stats totalBytes="59752768" >
  <allocated-bytes non-tlh="0" tlh="59752768" />
  <largest-consumer threadName="main" threadId="0000000000968F00" bytes="59752768" />
</allocation-stats>
<gc-op id="5771" type="mark" timems="17.142" contextid="5768" timestamp="2019-08-04T20:35:46.067">
  <trace-info objectcount="596350" scancount="517353" scanbytes="13276296" />
  <finalization candidates="80" enqueued="0" />
  <ownableSynchronizers candidates="21" cleared="0" />
  <references type="soft" candidates="1843" cleared="0" enqueued="0" dynamicThreshold="19" maxThreshold="32" />
  <references type="weak" candidates="5770" cleared="0" enqueued="0" />
  <references type="phantom" candidates="97" cleared="0" enqueued="0" />
  <stringconstants candidates="13260" cleared="0"  />
</gc-op>
<gc-op id="5772" type="sweep" timems="3.896" contextid="5768" timestamp="2019-08-04T20:35:46.071" />
<gc-end id="5773" type="global" contextid="5768" durationms="21.140" usertimems="112.893" systemtimems="0.000" timestamp="2019-08-04T20:35:46.071" activeThreads="16">
  <mem-info id="5774" free="47799416" total="78446592" percent="60">
    <mem type="tenure" free="47799416" total="78446592" percent="60" micro-fragmented="6659">
      <mem type="soa" free="47015032" total="77662208" percent="60" />
      <mem type="loa" free="784384" total="784384" percent="100" />
    </mem>
  </mem-info>
</gc-end>
<cycle-end id="5775" type="global" contextid="5768" timestamp="2019-08-04T20:35:46.071">
  <attribute name="GC Util" value="523" />
  <attribute name="CPU Util" value="1072515513475" />
  <attribute name="Time Running"value="86313"/>
  <attribute name="Number of cores"value="16"/>
</cycle-end>
<allocation-satisfied id="5776" threadId="0000000000968F00" bytesRequested="528" />
<af-end id="5777" timestamp="2019-08-04T20:35:46.071" threadId="0000000000969888" success="true" />
<exclusive-end id="5778" timestamp="2019-08-04T20:35:46.071" durationms="22.069" />

<concurrent-kickoff id="5779" timestamp="2019-08-04T20:35:46.111">
  <kickoff reason="threshold reached" targetBytes="6218254" thresholdFreeBytes="846817" remainingFree="802232" tenureFreeBytes="802232" />
</concurrent-kickoff>
<exclusive-start id="5780" timestamp="2019-08-04T20:35:46.111" intervalms="62.462">
  <response-info timems="0.022" idlems="0.022" threads="0" lastid="0000000000968F00" lastname="main" />
</exclusive-start>
<cycle-start id="5781" type="global" contextid="0" timestamp="2019-08-04T20:35:46.111" intervalms="61.676" />
  <attribute name="GC Util" value="523" />
  <attribute name="CPU Util" value="1072515513475" />
  <attribute name="Time Running"value="86313"/>
  <attribute name="Number of cores"value="16"/>
<exclusive-end id="5782" timestamp="2019-08-04T20:35:46.111" durationms="0.027" />

<exclusive-start id="5783" timestamp="2019-08-04T20:35:46.112" intervalms="0.211">
  <response-info timems="0.007" idlems="0.007" threads="0" lastid="0000000000968F00" lastname="main" />
</exclusive-start>
<af-start id="5784" threadId="0000000000969888" totalBytesRequested="528" timestamp="2019-08-04T20:35:46.112" intervalms="62.685" />
<concurrent-aborted id="5785" timestamp="2019-08-04T20:35:46.112">
  <reason value="insufficient progress made" />
</concurrent-aborted>
<cycle-end id="5786" type="global" contextid="5781" timestamp="2019-08-04T20:35:46.112">
  <attribute name="GC Util" value="51" />
  <attribute name="CPU Util" value="413169325533" />
  <attribute name="Time Running"value="86357"/>
  <attribute name="Number of cores"value="16"/>
</cycle-end>
<cycle-start id="5787" type="global" contextid="0" timestamp="2019-08-04T20:35:46.112" intervalms="0.920" />
  <attribute name="GC Util" value="51" />
  <attribute name="CPU Util" value="413169325533" />
  <attribute name="Time Running"value="86357"/>
  <attribute name="Number of cores"value="16"/>
<gc-start id="5788" type="global" contextid="5787" timestamp="2019-08-04T20:35:46.112">
  <mem-info id="5789" free="784384" total="78446592" percent="0">
    <mem type="tenure" free="784384" total="78446592" percent="0">
      <mem type="soa" free="0" total="77662208" percent="0" />
      <mem type="loa" free="784384" total="784384" percent="100" />
    </mem>
  </mem-info>
</gc-start>
<allocation-stats totalBytes="59709312" >
  <allocated-bytes non-tlh="0" tlh="59709312" />
  <largest-consumer threadName="main" threadId="0000000000968F00" bytes="59709312" />
</allocation-stats>
<gc-op id="5790" type="mark" timems="10.672" contextid="5787" timestamp="2019-08-04T20:35:46.123">
  <trace-info objectcount="596352" scancount="517359" scanbytes="13276320" />
  <finalization candidates="80" enqueued="0" />
  <ownableSynchronizers candidates="21" cleared="0" />
  <references type="soft" candidates="1843" cleared="0" enqueued="0" dynamicThreshold="19" maxThreshold="32" />
  <references type="weak" candidates="5770" cleared="0" enqueued="0" />
  <references type="phantom" candidates="97" cleared="0" enqueued="0" />
  <stringconstants candidates="13260" cleared="0"  />
</gc-op>
<gc-op id="5791" type="sweep" timems="1.557" contextid="5787" timestamp="2019-08-04T20:35:46.125" />
<gc-end id="5792" type="global" contextid="5787" durationms="12.354" usertimems="61.407" systemtimems="0.000" timestamp="2019-08-04T20:35:46.125" activeThreads="16">
  <mem-info id="5793" free="47799368" total="78446592" percent="60">
    <mem type="tenure" free="47799368" total="78446592" percent="60" micro-fragmented="6659">
      <mem type="soa" free="47014984" total="77662208" percent="60" />
      <mem type="loa" free="784384" total="784384" percent="100" />
    </mem>
  </mem-info>
</gc-end>
<cycle-end id="5794" type="global" contextid="5787" timestamp="2019-08-04T20:35:46.125">
  <attribute name="GC Util" value="486" />
  <attribute name="CPU Util" value="1717031808497" />
  <attribute name="Time Running"value="86369"/>
  <attribute name="Number of cores"value="16"/>
</cycle-end>
<allocation-satisfied id="5795" threadId="0000000000968F00" bytesRequested="528" />
<af-end id="5796" timestamp="2019-08-04T20:35:46.125" threadId="0000000000969888" success="true" />
<exclusive-end id="5797" timestamp="2019-08-04T20:35:46.125" durationms="13.207" />

<concurrent-kickoff id="5798" timestamp="2019-08-04T20:35:46.182">
  <kickoff reason="threshold reached" targetBytes="6218254" thresholdFreeBytes="846817" remainingFree="801320" tenureFreeBytes="801320" />
</concurrent-kickoff>
<exclusive-start id="5799" timestamp="2019-08-04T20:35:46.182" intervalms="70.803">
  <response-info timems="0.021" idlems="0.021" threads="0" lastid="0000000000968F00" lastname="main" />
</exclusive-start>
<cycle-start id="5800" type="global" contextid="0" timestamp="2019-08-04T20:35:46.182" intervalms="70.081" />
  <attribute name="GC Util" value="486" />
  <attribute name="CPU Util" value="1717031808497" />
  <attribute name="Time Running"value="86369"/>
  <attribute name="Number of cores"value="16"/>
<exclusive-end id="5801" timestamp="2019-08-04T20:35:46.182" durationms="0.014" />

<exclusive-start id="5802" timestamp="2019-08-04T20:35:46.183" intervalms="0.175">
  <response-info timems="0.009" idlems="0.009" threads="0" lastid="0000000000968F00" lastname="main" />
</exclusive-start>
<af-start id="5803" threadId="0000000000969888" totalBytesRequested="544" timestamp="2019-08-04T20:35:46.183" intervalms="70.990" />
<concurrent-aborted id="5804" timestamp="2019-08-04T20:35:46.183">
  <reason value="insufficient progress made" />
</concurrent-aborted>
<cycle-end id="5805" type="global" contextid="5800" timestamp="2019-08-04T20:35:46.183">
  <attribute name="GC Util" value="16" />
  <attribute name="CPU Util" value="309990563264" />
  <attribute name="Time Running"value="86428"/>
  <attribute name="Number of cores"value="16"/>
</cycle-end>
<cycle-start id="5806" type="global" contextid="0" timestamp="2019-08-04T20:35:46.184" intervalms="1.081" />
  <attribute name="GC Util" value="16" />
  <attribute name="CPU Util" value="309990563264" />
  <attribute name="Time Running"value="86428"/>
  <attribute name="Number of cores"value="16"/>
<gc-start id="5807" type="global" contextid="5806" timestamp="2019-08-04T20:35:46.184">
  <mem-info id="5808" free="784384" total="78446592" percent="0">
    <mem type="tenure" free="784384" total="78446592" percent="0">
      <mem type="soa" free="0" total="77662208" percent="0" />
      <mem type="loa" free="784384" total="784384" percent="100" />
    </mem>
  </mem-info>
</gc-start>
<allocation-stats totalBytes="59722616" >
  <allocated-bytes non-tlh="0" tlh="59722616" />
  <largest-consumer threadName="main" threadId="0000000000968F00" bytes="59722616" />
</allocation-stats>
<gc-op id="5809" type="mark" timems="12.558" contextid="5806" timestamp="2019-08-04T20:35:46.196">
  <trace-info objectcount="596341" scancount="517350" scanbytes="13276188" />
  <finalization candidates="80" enqueued="0" />
  <ownableSynchronizers candidates="21" cleared="0" />
  <references type="soft" candidates="1843" cleared="0" enqueued="0" dynamicThreshold="19" maxThreshold="32" />
  <references type="weak" candidates="5770" cleared="0" enqueued="0" />
  <references type="phantom" candidates="97" cleared="0" enqueued="0" />
  <stringconstants candidates="13260" cleared="0"  />
</gc-op>
<gc-op id="5810" type="sweep" timems="2.561" contextid="5806" timestamp="2019-08-04T20:35:46.199" />
<gc-end id="5811" type="global" contextid="5806" durationms="15.245" usertimems="72.852" systemtimems="0.000" timestamp="2019-08-04T20:35:46.199" activeThreads="16">
  <mem-info id="5812" free="47799384" total="78446592" percent="60">
    <mem type="tenure" free="47799384" total="78446592" percent="60" micro-fragmented="6659">
      <mem type="soa" free="47015000" total="77662208" percent="60" />
      <mem type="loa" free="784384" total="784384" percent="100" />
    </mem>
  </mem-info>
</gc-end>
<cycle-end id="5813" type="global" contextid="5806" timestamp="2019-08-04T20:35:46.199">
  <attribute name="GC Util" value="474" />
  <attribute name="CPU Util" value="1461447136817" />
  <attribute name="Time Running"value="86442"/>
  <attribute name="Number of cores"value="16"/>
</cycle-end>
<allocation-satisfied id="5814" threadId="0000000000968F00" bytesRequested="544" />
<af-end id="5815" timestamp="2019-08-04T20:35:46.199" threadId="0000000000969888" success="true" />
<exclusive-end id="5816" timestamp="2019-08-04T20:35:46.199" durationms="16.290" />

<concurrent-kickoff id="5817" timestamp="2019-08-04T20:35:46.207">
  <kickoff reason="threshold reached" targetBytes="6218254" thresholdFreeBytes="846817" remainingFree="803208" tenureFreeBytes="803208" />
</concurrent-kickoff>
<exclusive-start id="5818" timestamp="2019-08-04T20:35:46.207" intervalms="24.186">
  <response-info timems="0.023" idlems="0.023" threads="0" lastid="0000000000968F00" lastname="main" />
</exclusive-start>
<cycle-start id="5819" type="global" contextid="0" timestamp="2019-08-04T20:35:46.207" intervalms="23.280" />
  <attribute name="GC Util" value="474" />
  <attribute name="CPU Util" value="1461447136817" />
  <attribute name="Time Running"value="86442"/>
  <attribute name="Number of cores"value="16"/>
<exclusive-end id="5820" timestamp="2019-08-04T20:35:46.207" durationms="0.014" />

<exclusive-start id="5821" timestamp="2019-08-04T20:35:46.207" intervalms="0.154">
  <response-info timems="0.007" idlems="0.007" threads="0" lastid="0000000000968F00" lastname="main" />
</exclusive-start>
<af-start id="5822" threadId="0000000000969888" totalBytesRequested="544" timestamp="2019-08-04T20:35:46.207" intervalms="24.326" />
<concurrent-aborted id="5823" timestamp="2019-08-04T20:35:46.208">
  <reason value="insufficient progress made" />
</concurrent-aborted>
<cycle-end id="5824" type="global" contextid="5819" timestamp="2019-08-04T20:35:46.208">
  <attribute name="GC Util" value="109" />
  <attribute name="CPU Util" value="1710794473819" />
  <attribute name="Time Running"value="86453"/>
  <attribute name="Number of cores"value="16"/>
</cycle-end>
<cycle-start id="5825" type="global" contextid="0" timestamp="2019-08-04T20:35:46.208" intervalms="0.871" />
  <attribute name="GC Util" value="109" />
  <attribute name="CPU Util" value="1710794473819" />
  <attribute name="Time Running"value="86453"/>
  <attribute name="Number of cores"value="16"/>
<gc-start id="5826" type="global" contextid="5825" timestamp="2019-08-04T20:35:46.208">
  <mem-info id="5827" free="784384" total="78446592" percent="0">
    <mem type="tenure" free="784384" total="78446592" percent="0">
      <mem type="soa" free="0" total="77662208" percent="0" />
      <mem type="loa" free="784384" total="784384" percent="100" />
    </mem>
  </mem-info>
</gc-start>
<allocation-stats totalBytes="59639352" >
  <allocated-bytes non-tlh="0" tlh="59639352" />
  <largest-consumer threadName="main" threadId="0000000000968F00" bytes="59639352" />
</allocation-stats>
<gc-op id="5828" type="mark" timems="9.455" contextid="5825" timestamp="2019-08-04T20:35:46.217">
  <trace-info objectcount="596341" scancount="517351" scanbytes="13276188" />
  <finalization candidates="80" enqueued="0" />
  <ownableSynchronizers candidates="21" cleared="0" />
  <references type="soft" candidates="1843" cleared="0" enqueued="0" dynamicThreshold="19" maxThreshold="32" />
  <references type="weak" candidates="5770" cleared="0" enqueued="0" />
  <references type="phantom" candidates="97" cleared="0" enqueued="0" />
  <stringconstants candidates="13260" cleared="0"  />
</gc-op>
<gc-op id="5829" type="sweep" timems="1.340" contextid="5825" timestamp="2019-08-04T20:35:46.219" />
<gc-end id="5830" type="global" contextid="5825" durationms="10.912" usertimems="67.453" systemtimems="0.000" timestamp="2019-08-04T20:35:46.219" activeThreads="16">
  <mem-info id="5831" free="47799576" total="78446592" percent="60">
    <mem type="tenure" free="47799576" total="78446592" percent="60" micro-fragmented="6659">
      <mem type="soa" free="47015192" total="77662208" percent="60" />
      <mem type="loa" free="784384" total="784384" percent="100" />
    </mem>
  </mem-info>
</gc-end>
<cycle-end id="5832" type="global" contextid="5825" timestamp="2019-08-04T20:35:46.219">
  <attribute name="GC Util" value="609" />
  <attribute name="CPU Util" value="1939326762249" />
  <attribute name="Time Running"value="86463"/>
  <attribute name="Number of cores"value="16"/>
</cycle-end>
<allocation-satisfied id="5833" threadId="0000000000968F00" bytesRequested="544" />
<af-end id="5834" timestamp="2019-08-04T20:35:46.219" threadId="0000000000969888" success="true" />
<exclusive-end id="5835" timestamp="2019-08-04T20:35:46.219" durationms="11.776" />

<concurrent-kickoff id="5836" timestamp="2019-08-04T20:35:46.226">
  <kickoff reason="threshold reached" targetBytes="6218254" thresholdFreeBytes="846817" remainingFree="802992" tenureFreeBytes="802992" />
</concurrent-kickoff>
<exclusive-start id="5837" timestamp="2019-08-04T20:35:46.227" intervalms="19.610">
  <response-info timems="0.023" idlems="0.023" threads="0" lastid="0000000000968F00" lastname="main" />
</exclusive-start>
<cycle-start id="5838" type="global" contextid="0" timestamp="2019-08-04T20:35:46.227" intervalms="18.893" />
  <attribute name="GC Util" value="609" />
  <attribute name="CPU Util" value="1939326762249" />
  <attribute name="Time Running"value="86463"/>
  <attribute name="Number of cores"value="16"/>
<exclusive-end id="5839" timestamp="2019-08-04T20:35:46.227" durationms="0.015" />

<exclusive-start id="5840" timestamp="2019-08-04T20:35:46.227" intervalms="0.167">
  <response-info timems="0.009" idlems="0.009" threads="0" lastid="0000000000968F00" lastname="main" />
</exclusive-start>
<af-start id="5841" threadId="0000000000969888" totalBytesRequested="544" timestamp="2019-08-04T20:35:46.227" intervalms="19.785" />
<concurrent-aborted id="5842" timestamp="2019-08-04T20:35:46.227">
  <reason value="insufficient progress made" />
</concurrent-aborted>
<cycle-end id="5843" type="global" contextid="5838" timestamp="2019-08-04T20:35:46.227">
  <attribute name="GC Util" value="102" />
  <attribute name="CPU Util" value="1935152279109" />
  <attribute name="Time Running"value="86472"/>
  <attribute name="Number of cores"value="16"/>
</cycle-end>
<cycle-start id="5844" type="global" contextid="0" timestamp="2019-08-04T20:35:46.227" intervalms="0.915" />
  <attribute name="GC Util" value="102" />
  <attribute name="CPU Util" value="1935152279109" />
  <attribute name="Time Running"value="86472"/>
  <attribute name="Number of cores"value="16"/>
<gc-start id="5845" type="global" contextid="5844" timestamp="2019-08-04T20:35:46.228">
  <mem-info id="5846" free="784384" total="78446592" percent="0">
    <mem type="tenure" free="784384" total="78446592" percent="0">
      <mem type="soa" free="0" total="77662208" percent="0" />
      <mem type="loa" free="784384" total="784384" percent="100" />
    </mem>
  </mem-info>
</gc-start>
<allocation-stats totalBytes="59639376" >
  <allocated-bytes non-tlh="0" tlh="59639376" />
  <largest-consumer threadName="main" threadId="0000000000968F00" bytes="59639376" />
</allocation-stats>
<gc-op id="5847" type="mark" timems="8.891" contextid="5844" timestamp="2019-08-04T20:35:46.236">
  <trace-info objectcount="596341" scancount="517348" scanbytes="13276188" />
  <finalization candidates="80" enqueued="0" />
  <ownableSynchronizers candidates="21" cleared="0" />
  <references type="soft" candidates="1843" cleared="0" enqueued="0" dynamicThreshold="19" maxThreshold="32" />
  <references type="weak" candidates="5770" cleared="0" enqueued="0" />
  <references type="phantom" candidates="97" cleared="0" enqueued="0" />
  <stringconstants candidates="13260" cleared="0"  />
</gc-op>
<gc-op id="5848" type="sweep" timems="1.213" contextid="5844" timestamp="2019-08-04T20:35:46.238" />
<gc-end id="5849" type="global" contextid="5844" durationms="10.211" usertimems="61.711" systemtimems="0.000" timestamp="2019-08-04T20:35:46.238" activeThreads="16">
  <mem-info id="5850" free="47799696" total="78446592" percent="60">
    <mem type="tenure" free="47799696" total="78446592" percent="60" micro-fragmented="6659">
      <mem type="soa" free="47015312" total="77662208" percent="60" />
      <mem type="loa" free="784384" total="784384" percent="100" />
    </mem>
  </mem-info>
</gc-end>
<cycle-end id="5851" type="global" contextid="5844" timestamp="2019-08-04T20:35:46.238">
  <attribute name="GC Util" value="587" />
  <attribute name="CPU Util" value="2063457932833" />
  <attribute name="Time Running"value="86482"/>
  <attribute name="Number of cores"value="16"/>
</cycle-end>
<allocation-satisfied id="5852" threadId="0000000000968F00" bytesRequested="544" />
<af-end id="5853" timestamp="2019-08-04T20:35:46.238" threadId="0000000000969888" success="true" />
<exclusive-end id="5854" timestamp="2019-08-04T20:35:46.238" durationms="11.095" />

<concurrent-kickoff id="5855" timestamp="2019-08-04T20:35:46.245">
  <kickoff reason="threshold reached" targetBytes="6218254" thresholdFreeBytes="846817" remainingFree="802848" tenureFreeBytes="802848" />
</concurrent-kickoff>
<exclusive-start id="5856" timestamp="2019-08-04T20:35:46.246" intervalms="18.880">
  <response-info timems="0.021" idlems="0.021" threads="0" lastid="0000000000968F00" lastname="main" />
</exclusive-start>
<cycle-start id="5857" type="global" contextid="0" timestamp="2019-08-04T20:35:46.246" intervalms="18.131" />
  <attribute name="GC Util" value="587" />
  <attribute name="CPU Util" value="2063457932833" />
  <attribute name="Time Running"value="86482"/>
  <attribute name="Number of cores"value="16"/>
<exclusive-end id="5858" timestamp="2019-08-04T20:35:46.246" durationms="0.014" />

<exclusive-start id="5859" timestamp="2019-08-04T20:35:46.246" intervalms="0.166">
  <response-info timems="0.008" idlems="0.008" threads="0" lastid="0000000000968F00" lastname="main" />
</exclusive-start>
<af-start id="5860" threadId="0000000000969888" totalBytesRequested="32" timestamp="2019-08-04T20:35:46.246" intervalms="19.029" />
<concurrent-aborted id="5861" timestamp="2019-08-04T20:35:46.246">
  <reason value="insufficient progress made" />
</concurrent-aborted>
<cycle-end id="5862" type="global" contextid="5857" timestamp="2019-08-04T20:35:46.246">
  <attribute name="GC Util" value="100" />
  <attribute name="CPU Util" value="1979058861247" />
  <attribute name="Time Running"value="86491"/>
  <attribute name="Number of cores"value="16"/>
</cycle-end>
<cycle-start id="5863" type="global" contextid="0" timestamp="2019-08-04T20:35:46.246" intervalms="0.781" />
  <attribute name="GC Util" value="100" />
  <attribute name="CPU Util" value="1979058861247" />
  <attribute name="Time Running"value="86491"/>
  <attribute name="Number of cores"value="16"/>
<gc-start id="5864" type="global" contextid="5863" timestamp="2019-08-04T20:35:46.246">
  <mem-info id="5865" free="784384" total="78446592" percent="0">
    <mem type="tenure" free="784384" total="78446592" percent="0">
      <mem type="soa" free="0" total="77662208" percent="0" />
      <mem type="loa" free="784384" total="784384" percent="100" />
    </mem>
  </mem-info>
</gc-start>
<allocation-stats totalBytes="59639256" >
  <allocated-bytes non-tlh="0" tlh="59639256" />
  <largest-consumer threadName="main" threadId="0000000000968F00" bytes="59639256" />
</allocation-stats>
<gc-op id="5866" type="mark" timems="10.013" contextid="5863" timestamp="2019-08-04T20:35:46.256">
  <trace-info objectcount="596342" scancount="517350" scanbytes="13276188" />
  <finalization candidates="80" enqueued="0" />
  <ownableSynchronizers candidates="21" cleared="0" />
  <references type="soft" candidates="1843" cleared="0" enqueued="0" dynamicThreshold="19" maxThreshold="32" />
  <references type="weak" candidates="5770" cleared="0" enqueued="0" />
  <references type="phantom" candidates="97" cleared="0" enqueued="0" />
  <stringconstants candidates="13260" cleared="0"  />
</gc-op>
<gc-op id="5867" type="sweep" timems="1.410" contextid="5863" timestamp="2019-08-04T20:35:46.258" />
<gc-end id="5868" type="global" contextid="5863" durationms="11.525" usertimems="64.455" systemtimems="0.000" timestamp="2019-08-04T20:35:46.258" activeThreads="16">
  <mem-info id="5869" free="47799776" total="78446592" percent="60">
    <mem type="tenure" free="47799776" total="78446592" percent="60" micro-fragmented="6659">
      <mem type="soa" free="47015392" total="77662208" percent="60" />
      <mem type="loa" free="784384" total="784384" percent="100" />
    </mem>
  </mem-info>
</gc-end>
<cycle-end id="5870" type="global" contextid="5863" timestamp="2019-08-04T20:35:46.258">
  <attribute name="GC Util" value="546" />
  <attribute name="CPU Util" value="1830637091464" />
  <attribute name="Time Running"value="86502"/>
  <attribute name="Number of cores"value="16"/>
</cycle-end>
<allocation-satisfied id="5871" threadId="0000000000968F00" bytesRequested="32" />
<af-end id="5872" timestamp="2019-08-04T20:35:46.258" threadId="0000000000969888" success="true" />
<exclusive-end id="5873" timestamp="2019-08-04T20:35:46.258" durationms="12.268" />

<concurrent-kickoff id="5874" timestamp="2019-08-04T20:35:46.331">
  <kickoff reason="threshold reached" targetBytes="6218254" thresholdFreeBytes="846817" remainingFree="802168" tenureFreeBytes="802168" />
</concurrent-kickoff>
<exclusive-start id="5875" timestamp="2019-08-04T20:35:46.331" intervalms="85.315">
  <response-info timems="0.018" idlems="0.018" threads="0" lastid="0000000000968F00" lastname="main" />
</exclusive-start>
<cycle-start id="5876" type="global" contextid="0" timestamp="2019-08-04T20:35:46.331" intervalms="84.712" />
  <attribute name="GC Util" value="546" />
  <attribute name="CPU Util" value="1830637091464" />
  <attribute name="Time Running"value="86502"/>
  <attribute name="Number of cores"value="16"/>
<exclusive-end id="5877" timestamp="2019-08-04T20:35:46.331" durationms="0.028" />

<exclusive-start id="5878" timestamp="2019-08-04T20:35:46.331" intervalms="0.291">
  <response-info timems="0.007" idlems="0.007" threads="0" lastid="0000000000968F00" lastname="main" />
</exclusive-start>
<af-start id="5879" threadId="0000000000969888" totalBytesRequested="440" timestamp="2019-08-04T20:35:46.331" intervalms="85.614" />
<concurrent-aborted id="5880" timestamp="2019-08-04T20:35:46.332">
  <reason value="insufficient progress made" />
</concurrent-aborted>
<cycle-end id="5881" type="global" contextid="5876" timestamp="2019-08-04T20:35:46.332">
  <attribute name="GC Util" value="12" />
  <attribute name="CPU Util" value="246275270966" />
  <attribute name="Time Running"value="86577"/>
  <attribute name="Number of cores"value="16"/>
</cycle-end>
<cycle-start id="5882" type="global" contextid="0" timestamp="2019-08-04T20:35:46.332" intervalms="0.940" />
  <attribute name="GC Util" value="12" />
  <attribute name="CPU Util" value="246275270966" />
  <attribute name="Time Running"value="86577"/>
  <attribute name="Number of cores"value="16"/>
<gc-start id="5883" type="global" contextid="5882" timestamp="2019-08-04T20:35:46.332">
  <mem-info id="5884" free="784384" total="78446592" percent="0">
    <mem type="tenure" free="784384" total="78446592" percent="0">
      <mem type="soa" free="0" total="77662208" percent="0" />
      <mem type="loa" free="784384" total="784384" percent="100" />
    </mem>
  </mem-info>
</gc-start>
<allocation-stats totalBytes="59685520" >
  <allocated-bytes non-tlh="0" tlh="59685520" />
  <largest-consumer threadName="main" threadId="0000000000968F00" bytes="59685520" />
</allocation-stats>
<gc-op id="5885" type="mark" timems="7.997" contextid="5882" timestamp="2019-08-04T20:35:46.340">
  <trace-info objectcount="596351" scancount="517360" scanbytes="13276492" />
  <finalization candidates="80" enqueued="0" />
  <ownableSynchronizers candidates="21" cleared="0" />
  <references type="soft" candidates="1843" cleared="0" enqueued="0" dynamicThreshold="19" maxThreshold="32" />
  <references type="weak" candidates="5770" cleared="0" enqueued="0" />
  <references type="phantom" candidates="97" cleared="0" enqueued="0" />
  <stringconstants candidates="13260" cleared="0"  />
</gc-op>
<gc-op id="5886" type="sweep" timems="1.361" contextid="5882" timestamp="2019-08-04T20:35:46.342" />
<gc-end id="5887" type="global" contextid="5882" durationms="9.491" usertimems="52.839" systemtimems="0.000" timestamp="2019-08-04T20:35:46.342" activeThreads="16">
  <mem-info id="5888" free="47799744" total="78446592" percent="60">
    <mem type="tenure" free="47799744" total="78446592" percent="60" micro-fragmented="6659">
      <mem type="soa" free="47015360" total="77662208" percent="60" />
      <mem type="loa" free="784384" total="784384" percent="100" />
    </mem>
  </mem-info>
</gc-end>
<cycle-end id="5889" type="global" contextid="5882" timestamp="2019-08-04T20:35:46.342">
  <attribute name="GC Util" value="592" />
  <attribute name="CPU Util" value="2292755171592" />
  <attribute name="Time Running"value="86586"/>
  <attribute name="Number of cores"value="16"/>
</cycle-end>
<allocation-satisfied id="5890" threadId="0000000000968F00" bytesRequested="440" />
<af-end id="5891" timestamp="2019-08-04T20:35:46.342" threadId="0000000000969888" success="true" />
<exclusive-end id="5892" timestamp="2019-08-04T20:35:46.342" durationms="10.278" />

<concurrent-kickoff id="5893" timestamp="2019-08-04T20:35:46.365">
  <kickoff reason="threshold reached" targetBytes="6218254" thresholdFreeBytes="846817" remainingFree="802056" tenureFreeBytes="802056" />
</concurrent-kickoff>
<exclusive-start id="5894" timestamp="2019-08-04T20:35:46.365" intervalms="33.518">
  <response-info timems="0.018" idlems="0.018" threads="0" lastid="0000000000968F00" lastname="main" />
</exclusive-start>
<cycle-start id="5895" type="global" contextid="0" timestamp="2019-08-04T20:35:46.365" intervalms="32.868" />
  <attribute name="GC Util" value="592" />
  <attribute name="CPU Util" value="2292755171592" />
  <attribute name="Time Running"value="86586"/>
  <attribute name="Number of cores"value="16"/>
<exclusive-end id="5896" timestamp="2019-08-04T20:35:46.365" durationms="0.024" />

<exclusive-start id="5897" timestamp="2019-08-04T20:35:46.365" intervalms="0.169">
  <response-info timems="0.007" idlems="0.007" threads="0" lastid="0000000000968F00" lastname="main" />
</exclusive-start>
<af-start id="5898" threadId="0000000000969888" totalBytesRequested="16" timestamp="2019-08-04T20:35:46.365" intervalms="33.752" />
<concurrent-aborted id="5899" timestamp="2019-08-04T20:35:46.366">
  <reason value="insufficient progress made" />
</concurrent-aborted>
<cycle-end id="5900" type="global" contextid="5895" timestamp="2019-08-04T20:35:46.366">
  <attribute name="GC Util" value="21" />
  <attribute name="CPU Util" value="737642145185" />
  <attribute name="Time Running"value="86611"/>
  <attribute name="Number of cores"value="16"/>
</cycle-end>
<cycle-start id="5901" type="global" contextid="0" timestamp="2019-08-04T20:35:46.366" intervalms="0.751" />
  <attribute name="GC Util" value="21" />
  <attribute name="CPU Util" value="737642145185" />
  <attribute name="Time Running"value="86611"/>
  <attribute name="Number of cores"value="16"/>
<gc-start id="5902" type="global" contextid="5901" timestamp="2019-08-04T20:35:46.366">
  <mem-info id="5903" free="784384" total="78446592" percent="0">
    <mem type="tenure" free="784384" total="78446592" percent="0">
      <mem type="soa" free="0" total="77662208" percent="0" />
      <mem type="loa" free="784384" total="784384" percent="100" />
    </mem>
  </mem-info>
</gc-start>
<allocation-stats totalBytes="59709256" >
  <allocated-bytes non-tlh="0" tlh="59709256" />
  <largest-consumer threadName="main" threadId="0000000000968F00" bytes="59709256" />
</allocation-stats>
<gc-op id="5904" type="mark" timems="9.134" contextid="5901" timestamp="2019-08-04T20:35:46.375">
  <trace-info objectcount="596351" scancount="517359" scanbytes="13277736" />
  <finalization candidates="80" enqueued="0" />
  <ownableSynchronizers candidates="21" cleared="0" />
  <references type="soft" candidates="1843" cleared="0" enqueued="0" dynamicThreshold="19" maxThreshold="32" />
  <references type="weak" candidates="5770" cleared="0" enqueued="0" />
  <references type="phantom" candidates="97" cleared="0" enqueued="0" />
  <stringconstants candidates="13260" cleared="0"  />
</gc-op>
<gc-op id="5905" type="sweep" timems="1.335" contextid="5901" timestamp="2019-08-04T20:35:46.376" />
<gc-end id="5906" type="global" contextid="5901" durationms="10.577" usertimems="55.626" systemtimems="0.000" timestamp="2019-08-04T20:35:46.376" activeThreads="16">
  <mem-info id="5907" free="47805864" total="78446592" percent="60">
    <mem type="tenure" free="47805864" total="78446592" percent="60" micro-fragmented="6668">
      <mem type="soa" free="47021480" total="77662208" percent="60" />
      <mem type="loa" free="784384" total="784384" percent="100" />
    </mem>
  </mem-info>
</gc-end>
<cycle-end id="5908" type="global" contextid="5901" timestamp="2019-08-04T20:35:46.376">
  <attribute name="GC Util" value="548" />
  <attribute name="CPU Util" value="2008028342017" />
  <attribute name="Time Running"value="86621"/>
  <attribute name="Number of cores"value="16"/>
</cycle-end>
<allocation-satisfied id="5909" threadId="0000000000968F00" bytesRequested="16" />
<af-end id="5910" timestamp="2019-08-04T20:35:46.376" threadId="0000000000969888" success="true" />
<exclusive-end id="5911" timestamp="2019-08-04T20:35:46.376" durationms="11.292" />

<concurrent-kickoff id="5912" timestamp="2019-08-04T20:35:46.421">
  <kickoff reason="threshold reached" targetBytes="6218254" thresholdFreeBytes="846817" remainingFree="802352" tenureFreeBytes="802352" />
</concurrent-kickoff>
<exclusive-start id="5913" timestamp="2019-08-04T20:35:46.421" intervalms="56.374">
  <response-info timems="0.015" idlems="0.015" threads="0" lastid="0000000000968F00" lastname="main" />
</exclusive-start>
<cycle-start id="5914" type="global" contextid="0" timestamp="2019-08-04T20:35:46.421" intervalms="55.781" />
  <attribute name="GC Util" value="548" />
  <attribute name="CPU Util" value="2008028342017" />
  <attribute name="Time Running"value="86621"/>
  <attribute name="Number of cores"value="16"/>
<exclusive-end id="5915" timestamp="2019-08-04T20:35:46.421" durationms="0.013" />

<exclusive-start id="5916" timestamp="2019-08-04T20:35:46.422" intervalms="0.183">
  <response-info timems="0.007" idlems="0.007" threads="0" lastid="0000000000968F00" lastname="main" />
</exclusive-start>
<af-start id="5917" threadId="0000000000969888" totalBytesRequested="1016" timestamp="2019-08-04T20:35:46.422" intervalms="56.492" />
<concurrent-aborted id="5918" timestamp="2019-08-04T20:35:46.423">
  <reason value="insufficient progress made" />
</concurrent-aborted>
<cycle-end id="5919" type="global" contextid="5914" timestamp="2019-08-04T20:35:46.423">
  <attribute name="GC Util" value="11" />
  <attribute name="CPU Util" value="394461018685" />
  <attribute name="Time Running"value="86667"/>
  <attribute name="Number of cores"value="16"/>
</cycle-end>
<cycle-start id="5920" type="global" contextid="0" timestamp="2019-08-04T20:35:46.423" intervalms="1.121" />
  <attribute name="GC Util" value="11" />
  <attribute name="CPU Util" value="394461018685" />
  <attribute name="Time Running"value="86667"/>
  <attribute name="Number of cores"value="16"/>
<gc-start id="5921" type="global" contextid="5920" timestamp="2019-08-04T20:35:46.423">
  <mem-info id="5922" free="784384" total="78446592" percent="0">
    <mem type="tenure" free="784384" total="78446592" percent="0">
      <mem type="soa" free="0" total="77662208" percent="0" />
      <mem type="loa" free="784384" total="784384" percent="100" />
    </mem>
  </mem-info>
</gc-start>
<allocation-stats totalBytes="59685200" >
  <allocated-bytes non-tlh="12048" tlh="59673152" />
  <largest-consumer threadName="main" threadId="0000000000968F00" bytes="59685200" />
</allocation-stats>
<gc-op id="5923" type="mark" timems="10.379" contextid="5920" timestamp="2019-08-04T20:35:46.433">
  <trace-info objectcount="596393" scancount="517394" scanbytes="13277544" />
  <finalization candidates="80" enqueued="0" />
  <ownableSynchronizers candidates="21" cleared="0" />
  <references type="soft" candidates="1849" cleared="0" enqueued="0" dynamicThreshold="19" maxThreshold="32" />
  <references type="weak" candidates="5770" cleared="0" enqueued="0" />
  <references type="phantom" candidates="97" cleared="0" enqueued="0" />
  <stringconstants candidates="13260" cleared="0"  />
</gc-op>
<gc-op id="5924" type="sweep" timems="1.093" contextid="5920" timestamp="2019-08-04T20:35:46.434" />
<gc-end id="5925" type="global" contextid="5920" durationms="11.605" usertimems="71.053" systemtimems="0.000" timestamp="2019-08-04T20:35:46.434" activeThreads="16">
  <mem-info id="5926" free="47804808" total="78446592" percent="60">
    <mem type="tenure" free="47804808" total="78446592" percent="60" micro-fragmented="6659">
      <mem type="soa" free="47020424" total="77662208" percent="60" />
      <mem type="loa" free="784384" total="784384" percent="100" />
    </mem>
  </mem-info>
</gc-end>
<cycle-end id="5927" type="global" contextid="5920" timestamp="2019-08-04T20:35:46.434">
  <attribute name="GC Util" value="604" />
  <attribute name="CPU Util" value="1768977050327" />
  <attribute name="Time Running"value="86679"/>
  <attribute name="Number of cores"value="16"/>
</cycle-end>
<allocation-satisfied id="5928" threadId="0000000000968F00" bytesRequested="1016" />
<af-end id="5929" timestamp="2019-08-04T20:35:46.434" threadId="0000000000969888" success="true" />
<exclusive-end id="5930" timestamp="2019-08-04T20:35:46.434" durationms="12.682" />

<concurrent-kickoff id="5931" timestamp="2019-08-04T20:35:46.517">
  <kickoff reason="threshold reached" targetBytes="6218254" thresholdFreeBytes="846817" remainingFree="802216" tenureFreeBytes="802216" />
</concurrent-kickoff>
<exclusive-start id="5932" timestamp="2019-08-04T20:35:46.517" intervalms="95.735">
  <response-info timems="0.017" idlems="0.017" threads="0" lastid="0000000000968F00" lastname="main" />
</exclusive-start>
<cycle-start id="5933" type="global" contextid="0" timestamp="2019-08-04T20:35:46.517" intervalms="94.799" />
  <attribute name="GC Util" value="604" />
  <attribute name="CPU Util" value="1768977050327" />
  <attribute name="Time Running"value="86679"/>
  <attribute name="Number of cores"value="16"/>
<exclusive-end id="5934" timestamp="2019-08-04T20:35:46.517" durationms="0.017" />

<exclusive-start id="5935" timestamp="2019-08-04T20:35:46.518" intervalms="0.298">
  <response-info timems="0.008" idlems="0.008" threads="0" lastid="0000000000968F00" lastname="main" />
</exclusive-start>
<af-start id="5936" threadId="0000000000969888" totalBytesRequested="16" timestamp="2019-08-04T20:35:46.518" intervalms="96.034" />
<concurrent-aborted id="5937" timestamp="2019-08-04T20:35:46.519">
  <reason value="insufficient progress made" />
</concurrent-aborted>
<cycle-end id="5938" type="global" contextid="5933" timestamp="2019-08-04T20:35:46.519">
  <attribute name="GC Util" value="9" />
  <attribute name="CPU Util" value="217956770936" />
  <attribute name="Time Running"value="86763"/>
  <attribute name="Number of cores"value="16"/>
</cycle-end>
<cycle-start id="5939" type="global" contextid="0" timestamp="2019-08-04T20:35:46.519" intervalms="1.281" />
  <attribute name="GC Util" value="9" />
  <attribute name="CPU Util" value="217956770936" />
  <attribute name="Time Running"value="86763"/>
  <attribute name="Number of cores"value="16"/>
<gc-start id="5940" type="global" contextid="5939" timestamp="2019-08-04T20:35:46.519">
  <mem-info id="5941" free="784384" total="78446592" percent="0">
    <mem type="tenure" free="784384" total="78446592" percent="0">
      <mem type="soa" free="0" total="77662208" percent="0" />
      <mem type="loa" free="784384" total="784384" percent="100" />
    </mem>
  </mem-info>
</gc-start>
<allocation-stats totalBytes="59674984" >
  <allocated-bytes non-tlh="5048" tlh="59669936" />
  <largest-consumer threadName="main" threadId="0000000000968F00" bytes="59674984" />
</allocation-stats>
<gc-op id="5942" type="mark" timems="18.715" contextid="5939" timestamp="2019-08-04T20:35:46.537">
  <trace-info objectcount="596380" scancount="517382" scanbytes="13277424" />
  <finalization candidates="80" enqueued="0" />
  <ownableSynchronizers candidates="21" cleared="0" />
  <references type="soft" candidates="1849" cleared="0" enqueued="0" dynamicThreshold="19" maxThreshold="32" />
  <references type="weak" candidates="5770" cleared="0" enqueued="0" />
  <references type="phantom" candidates="97" cleared="0" enqueued="0" />
  <stringconstants candidates="13260" cleared="0"  />
</gc-op>
<gc-op id="5943" type="sweep" timems="1.755" contextid="5939" timestamp="2019-08-04T20:35:46.539" />
<gc-end id="5944" type="global" contextid="5939" durationms="20.605" usertimems="161.048" systemtimems="0.000" timestamp="2019-08-04T20:35:46.539" activeThreads="16">
  <mem-info id="5945" free="47801816" total="78446592" percent="60">
    <mem type="tenure" free="47801816" total="78446592" percent="60" micro-fragmented="6659">
      <mem type="soa" free="47017432" total="77662208" percent="60" />
      <mem type="loa" free="784384" total="784384" percent="100" />
    </mem>
  </mem-info>
</gc-end>
<cycle-end id="5946" type="global" contextid="5939" timestamp="2019-08-04T20:35:46.539">
  <attribute name="GC Util" value="765" />
  <attribute name="CPU Util" value="984370573845" />
  <attribute name="Time Running"value="86783"/>
  <attribute name="Number of cores"value="16"/>
</cycle-end>
<allocation-satisfied id="5947" threadId="0000000000968F00" bytesRequested="16" />
<af-end id="5948" timestamp="2019-08-04T20:35:46.539" threadId="0000000000969888" success="true" />
<exclusive-end id="5949" timestamp="2019-08-04T20:35:46.539" durationms="21.730" />

<concurrent-kickoff id="5950" timestamp="2019-08-04T20:35:46.637">
  <kickoff reason="threshold reached" targetBytes="6218254" thresholdFreeBytes="846817" remainingFree="803224" tenureFreeBytes="803224" />
</concurrent-kickoff>
<exclusive-start id="5951" timestamp="2019-08-04T20:35:46.637" intervalms="119.387">
  <response-info timems="0.023" idlems="0.023" threads="0" lastid="0000000000968F00" lastname="main" />
</exclusive-start>
<cycle-start id="5952" type="global" contextid="0" timestamp="2019-08-04T20:35:46.637" intervalms="118.402" />
  <attribute name="GC Util" value="765" />
  <attribute name="CPU Util" value="984370573845" />
  <attribute name="Time Running"value="86783"/>
  <attribute name="Number of cores"value="16"/>
<exclusive-end id="5953" timestamp="2019-08-04T20:35:46.637" durationms="0.013" />

<exclusive-start id="5954" timestamp="2019-08-04T20:35:46.637" intervalms="0.367">
  <response-info timems="0.011" idlems="0.011" threads="0" lastid="0000000000968F00" lastname="main" />
</exclusive-start>
<af-start id="5955" threadId="0000000000969888" totalBytesRequested="80" timestamp="2019-08-04T20:35:46.637" intervalms="119.759" />
<concurrent-aborted id="5956" timestamp="2019-08-04T20:35:46.639">
  <reason value="insufficient progress made" />
</concurrent-aborted>
<cycle-end id="5957" type="global" contextid="5952" timestamp="2019-08-04T20:35:46.639">
  <attribute name="GC Util" value="18" />
  <attribute name="CPU Util" value="184495772687" />
  <attribute name="Time Running"value="86883"/>
  <attribute name="Number of cores"value="16"/>
</cycle-end>
<cycle-start id="5958" type="global" contextid="0" timestamp="2019-08-04T20:35:46.639" intervalms="1.736" />
  <attribute name="GC Util" value="18" />
  <attribute name="CPU Util" value="184495772687" />
  <attribute name="Time Running"value="86883"/>
  <attribute name="Number of cores"value="16"/>
<gc-start id="5959" type="global" contextid="5958" timestamp="2019-08-04T20:35:46.639">
  <mem-info id="5960" free="784384" total="78446592" percent="0">
    <mem type="tenure" free="784384" total="78446592" percent="0">
      <mem type="soa" free="0" total="77662208" percent="0" />
      <mem type="loa" free="784384" total="784384" percent="100" />
    </mem>
  </mem-info>
</gc-start>
<allocation-stats totalBytes="59732272" >
  <allocated-bytes non-tlh="0" tlh="59732272" />
  <largest-consumer threadName="main" threadId="0000000000968F00" bytes="59732272" />
</allocation-stats>
<gc-op id="5961" type="mark" timems="11.589" contextid="5958" timestamp="2019-08-04T20:35:46.650">
  <trace-info objectcount="596380" scancount="517383" scanbytes="13277368" />
  <finalization candidates="80" enqueued="0" />
  <ownableSynchronizers candidates="21" cleared="0" />
  <references type="soft" candidates="1849" cleared="0" enqueued="0" dynamicThreshold="19" maxThreshold="32" />
  <references type="weak" candidates="5770" cleared="0" enqueued="0" />
  <references type="phantom" candidates="97" cleared="0" enqueued="0" />
  <stringconstants candidates="13260" cleared="0"  />
</gc-op>
<gc-op id="5962" type="sweep" timems="1.800" contextid="5958" timestamp="2019-08-04T20:35:46.652" />
<gc-end id="5963" type="global" contextid="5958" durationms="13.502" usertimems="66.426" systemtimems="0.000" timestamp="2019-08-04T20:35:46.652" activeThreads="16">
  <mem-info id="5964" free="47800120" total="78446592" percent="60">
    <mem type="tenure" free="47800120" total="78446592" percent="60" micro-fragmented="6659">
      <mem type="soa" free="47015736" total="77662208" percent="60" />
      <mem type="loa" free="784384" total="784384" percent="100" />
    </mem>
  </mem-info>
</gc-end>
<cycle-end id="5965" type="global" contextid="5958" timestamp="2019-08-04T20:35:46.652">
  <attribute name="GC Util" value="525" />
  <attribute name="CPU Util" value="1586819953958" />
  <attribute name="Time Running"value="86896"/>
  <attribute name="Number of cores"value="16"/>
</cycle-end>
<allocation-satisfied id="5966" threadId="0000000000968F00" bytesRequested="80" />
<af-end id="5967" timestamp="2019-08-04T20:35:46.652" threadId="0000000000969888" success="true" />
<exclusive-end id="5968" timestamp="2019-08-04T20:35:46.652" durationms="14.993" />

<concurrent-kickoff id="5969" timestamp="2019-08-04T20:35:46.748">
  <kickoff reason="threshold reached" targetBytes="6218254" thresholdFreeBytes="846817" remainingFree="803280" tenureFreeBytes="803280" />
</concurrent-kickoff>
<exclusive-start id="5970" timestamp="2019-08-04T20:35:46.748" intervalms="110.587">
  <response-info timems="0.019" idlems="0.019" threads="0" lastid="0000000000968F00" lastname="main" />
</exclusive-start>
<cycle-start id="5971" type="global" contextid="0" timestamp="2019-08-04T20:35:46.748" intervalms="109.218" />
  <attribute name="GC Util" value="525" />
  <attribute name="CPU Util" value="1586819953958" />
  <attribute name="Time Running"value="86896"/>
  <attribute name="Number of cores"value="16"/>
<exclusive-end id="5972" timestamp="2019-08-04T20:35:46.748" durationms="0.012" />

<exclusive-start id="5973" timestamp="2019-08-04T20:35:46.749" intervalms="1.296">
  <response-info timems="0.012" idlems="0.012" threads="0" lastid="0000000000968F00" lastname="main" />
</exclusive-start>
<af-start id="5974" threadId="0000000000969888" totalBytesRequested="32" timestamp="2019-08-04T20:35:46.749" intervalms="111.884" />
<concurrent-aborted id="5975" timestamp="2019-08-04T20:35:46.750">
  <reason value="insufficient progress made" />
</concurrent-aborted>
<cycle-end id="5976" type="global" contextid="5971" timestamp="2019-08-04T20:35:46.750">
  <attribute name="GC Util" value="5" />
  <attribute name="CPU Util" value="186557974863" />
  <attribute name="Time Running"value="86995"/>
  <attribute name="Number of cores"value="16"/>
</cycle-end>
<cycle-start id="5977" type="global" contextid="0" timestamp="2019-08-04T20:35:46.750" intervalms="2.153" />
  <attribute name="GC Util" value="5" />
  <attribute name="CPU Util" value="186557974863" />
  <attribute name="Time Running"value="86995"/>
  <attribute name="Number of cores"value="16"/>
<gc-start id="5978" type="global" contextid="5977" timestamp="2019-08-04T20:35:46.750">
  <mem-info id="5979" free="784384" total="78446592" percent="0">
    <mem type="tenure" free="784384" total="78446592" percent="0">
      <mem type="soa" free="0" total="77662208" percent="0" />
      <mem type="loa" free="784384" total="784384" percent="100" />
    </mem>
  </mem-info>
</gc-start>
<allocation-stats totalBytes="59731152" >
  <allocated-bytes non-tlh="0" tlh="59731152" />
  <largest-consumer threadName="main" threadId="0000000000968F00" bytes="59731152" />
</allocation-stats>
<gc-op id="5980" type="mark" timems="17.085" contextid="5977" timestamp="2019-08-04T20:35:46.767">
  <trace-info objectcount="596384" scancount="517388" scanbytes="13277580" />
  <finalization candidates="80" enqueued="0" />
  <ownableSynchronizers candidates="21" cleared="0" />
  <references type="soft" candidates="1849" cleared="0" enqueued="0" dynamicThreshold="19" maxThreshold="32" />
  <references type="weak" candidates="5770" cleared="0" enqueued="0" />
  <references type="phantom" candidates="97" cleared="0" enqueued="0" />
  <stringconstants candidates="13260" cleared="0"  />
</gc-op>
<gc-op id="5981" type="sweep" timems="2.303" contextid="5977" timestamp="2019-08-04T20:35:46.770" />
<gc-end id="5982" type="global" contextid="5977" durationms="19.507" usertimems="101.441" systemtimems="0.000" timestamp="2019-08-04T20:35:46.770" activeThreads="16">
  <mem-info id="5983" free="47798768" total="78446592" percent="60">
    <mem type="tenure" free="47798768" total="78446592" percent="60" micro-fragmented="6659">
      <mem type="soa" free="47014384" total="77662208" percent="60" />
      <mem type="loa" free="784384" total="784384" percent="100" />
    </mem>
  </mem-info>
</gc-end>
<cycle-end id="5984" type="global" contextid="5977" timestamp="2019-08-04T20:35:46.770">
  <attribute name="GC Util" value="522" />
  <attribute name="CPU Util" value="1076308288983" />
  <attribute name="Time Running"value="87013"/>
  <attribute name="Number of cores"value="16"/>
</cycle-end>
<allocation-satisfied id="5985" threadId="0000000000968F00" bytesRequested="32" />
<af-end id="5986" timestamp="2019-08-04T20:35:46.770" threadId="0000000000969888" success="true" />
<exclusive-end id="5987" timestamp="2019-08-04T20:35:46.770" durationms="20.541" />

<concurrent-kickoff id="5988" timestamp="2019-08-04T20:35:46.869">
  <kickoff reason="threshold reached" targetBytes="6218254" thresholdFreeBytes="846817" remainingFree="802944" tenureFreeBytes="802944" />
</concurrent-kickoff>
<exclusive-start id="5989" timestamp="2019-08-04T20:35:46.869" intervalms="119.974">
  <response-info timems="0.022" idlems="0.022" threads="0" lastid="0000000000968F00" lastname="main" />
</exclusive-start>
<cycle-start id="5990" type="global" contextid="0" timestamp="2019-08-04T20:35:46.869" intervalms="119.119" />
  <attribute name="GC Util" value="522" />
  <attribute name="CPU Util" value="1076308288983" />
  <attribute name="Time Running"value="87013"/>
  <attribute name="Number of cores"value="16"/>
<exclusive-end id="5991" timestamp="2019-08-04T20:35:46.869" durationms="0.015" />

<exclusive-start id="5992" timestamp="2019-08-04T20:35:46.869" intervalms="0.238">
  <response-info timems="0.009" idlems="0.009" threads="0" lastid="0000000000968F00" lastname="main" />
</exclusive-start>
<af-start id="5993" threadId="0000000000969888" totalBytesRequested="80" timestamp="2019-08-04T20:35:46.870" intervalms="120.211" />
<concurrent-aborted id="5994" timestamp="2019-08-04T20:35:46.871">
  <reason value="insufficient progress made" />
</concurrent-aborted>
<cycle-end id="5995" type="global" contextid="5990" timestamp="2019-08-04T20:35:46.871">
  <attribute name="GC Util" value="11" />
  <attribute name="CPU Util" value="180599003084" />
  <attribute name="Time Running"value="87115"/>
  <attribute name="Number of cores"value="16"/>
</cycle-end>
<cycle-start id="5996" type="global" contextid="0" timestamp="2019-08-04T20:35:46.871" intervalms="1.318" />
  <attribute name="GC Util" value="11" />
  <attribute name="CPU Util" value="180599003084" />
  <attribute name="Time Running"value="87115"/>
  <attribute name="Number of cores"value="16"/>
<gc-start id="5997" type="global" contextid="5996" timestamp="2019-08-04T20:35:46.871">
  <mem-info id="5998" free="784384" total="78446592" percent="0">
    <mem type="tenure" free="784384" total="78446592" percent="0">
      <mem type="soa" free="0" total="77662208" percent="0" />
      <mem type="loa" free="784384" total="784384" percent="100" />
    </mem>
  </mem-info>
</gc-start>
<allocation-stats totalBytes="59730712" >
  <allocated-bytes non-tlh="0" tlh="59730712" />
  <largest-consumer threadName="main" threadId="0000000000968F00" bytes="59730712" />
</allocation-stats>
<gc-op id="5999" type="mark" timems="9.154" contextid="5996" timestamp="2019-08-04T20:35:46.880">
  <trace-info objectcount="596380" scancount="517381" scanbytes="13277368" />
  <finalization candidates="80" enqueued="0" />
  <ownableSynchronizers candidates="21" cleared="0" />
  <references type="soft" candidates="1849" cleared="0" enqueued="0" dynamicThreshold="19" maxThreshold="32" />
  <references type="weak" candidates="5770" cleared="0" enqueued="0" />
  <references type="phantom" candidates="97" cleared="0" enqueued="0" />
  <stringconstants candidates="13260" cleared="0"  />
</gc-op>
<gc-op id="6000" type="sweep" timems="1.145" contextid="5996" timestamp="2019-08-04T20:35:46.881" />
<gc-end id="6001" type="global" contextid="5996" durationms="10.406" usertimems="65.252" systemtimems="0.000" timestamp="2019-08-04T20:35:46.881" activeThreads="16">
  <mem-info id="6002" free="47797640" total="78446592" percent="60">
    <mem type="tenure" free="47797640" total="78446592" percent="60" micro-fragmented="6659">
      <mem type="soa" free="47013256" total="77662208" percent="60" />
      <mem type="loa" free="784384" total="784384" percent="100" />
    </mem>
  </mem-info>
</gc-end>
<cycle-end id="6003" type="global" contextid="5996" timestamp="2019-08-04T20:35:46.881">
  <attribute name="GC Util" value="625" />
  <attribute name="CPU Util" value="2005776599626" />
  <attribute name="Time Running"value="87126"/>
  <attribute name="Number of cores"value="16"/>
</cycle-end>
<allocation-satisfied id="6004" threadId="0000000000968F00" bytesRequested="80" />
<af-end id="6005" timestamp="2019-08-04T20:35:46.881" threadId="0000000000969888" success="true" />
<exclusive-end id="6006" timestamp="2019-08-04T20:35:46.881" durationms="11.605" />

<concurrent-kickoff id="6007" timestamp="2019-08-04T20:35:46.925">
  <kickoff reason="threshold reached" targetBytes="6218254" thresholdFreeBytes="846817" remainingFree="803280" tenureFreeBytes="803280" />
</concurrent-kickoff>
<exclusive-start id="6008" timestamp="2019-08-04T20:35:46.925" intervalms="55.217">
  <response-info timems="0.025" idlems="0.025" threads="0" lastid="0000000000968F00" lastname="main" />
</exclusive-start>
<cycle-start id="6009" type="global" contextid="0" timestamp="2019-08-04T20:35:46.925" intervalms="54.135" />
  <attribute name="GC Util" value="625" />
  <attribute name="CPU Util" value="2005776599626" />
  <attribute name="Time Running"value="87126"/>
  <attribute name="Number of cores"value="16"/>
<exclusive-end id="6010" timestamp="2019-08-04T20:35:46.925" durationms="0.013" />

<exclusive-start id="6011" timestamp="2019-08-04T20:35:46.925" intervalms="0.259">
  <response-info timems="0.057" idlems="0.057" threads="0" lastid="0000000000968F00" lastname="main" />
</exclusive-start>
<af-start id="6012" threadId="0000000000969888" totalBytesRequested="40" timestamp="2019-08-04T20:35:46.925" intervalms="55.479" />
<concurrent-aborted id="6013" timestamp="2019-08-04T20:35:46.926">
  <reason value="insufficient progress made" />
</concurrent-aborted>
<cycle-end id="6014" type="global" contextid="6009" timestamp="2019-08-04T20:35:46.926">
  <attribute name="GC Util" value="17" />
  <attribute name="CPU Util" value="408296271962" />
  <attribute name="Time Running"value="87171"/>
  <attribute name="Number of cores"value="16"/>
</cycle-end>
<cycle-start id="6015" type="global" contextid="0" timestamp="2019-08-04T20:35:46.926" intervalms="1.443" />
  <attribute name="GC Util" value="17" />
  <attribute name="CPU Util" value="408296271962" />
  <attribute name="Time Running"value="87171"/>
  <attribute name="Number of cores"value="16"/>
<gc-start id="6016" type="global" contextid="6015" timestamp="2019-08-04T20:35:46.926">
  <mem-info id="6017" free="784384" total="78446592" percent="0">
    <mem type="tenure" free="784384" total="78446592" percent="0">
      <mem type="soa" free="0" total="77662208" percent="0" />
      <mem type="loa" free="784384" total="784384" percent="100" />
    </mem>
  </mem-info>
</gc-start>
<allocation-stats totalBytes="59675568" >
  <allocated-bytes non-tlh="0" tlh="59675568" />
  <largest-consumer threadName="main" threadId="0000000000968F00" bytes="59675568" />
</allocation-stats>
<gc-op id="6018" type="mark" timems="13.187" contextid="6015" timestamp="2019-08-04T20:35:46.939">
  <trace-info objectcount="596383" scancount="517382" scanbytes="13277384" />
  <finalization candidates="80" enqueued="0" />
  <ownableSynchronizers candidates="21" cleared="0" />
  <references type="soft" candidates="1849" cleared="0" enqueued="0" dynamicThreshold="19" maxThreshold="32" />
  <references type="weak" candidates="5770" cleared="0" enqueued="0" />
  <references type="phantom" candidates="97" cleared="0" enqueued="0" />
  <stringconstants candidates="13260" cleared="0"  />
</gc-op>
<gc-op id="6019" type="sweep" timems="1.258" contextid="6015" timestamp="2019-08-04T20:35:46.941" />
<gc-end id="6020" type="global" contextid="6015" durationms="14.564" usertimems="71.408" systemtimems="0.000" timestamp="2019-08-04T20:35:46.941" activeThreads="16">
  <mem-info id="6021" free="47796784" total="78446592" percent="60">
    <mem type="tenure" free="47796784" total="78446592" percent="60" micro-fragmented="6659">
      <mem type="soa" free="47012400" total="77662208" percent="60" />
      <mem type="loa" free="784384" total="784384" percent="100" />
    </mem>
  </mem-info>
</gc-end>
<cycle-end id="6022" type="global" contextid="6015" timestamp="2019-08-04T20:35:46.941">
  <attribute name="GC Util" value="464" />
  <attribute name="CPU Util" value="1391727159317" />
  <attribute name="Time Running"value="87185"/>
  <attribute name="Number of cores"value="16"/>
</cycle-end>
<allocation-satisfied id="6023" threadId="0000000000968F00" bytesRequested="40" />
<af-end id="6024" timestamp="2019-08-04T20:35:46.941" threadId="0000000000969888" success="true" />
<exclusive-end id="6025" timestamp="2019-08-04T20:35:46.941" durationms="15.956" />

<concurrent-kickoff id="6026" timestamp="2019-08-04T20:35:46.951">
  <kickoff reason="threshold reached" targetBytes="6218254" thresholdFreeBytes="846817" remainingFree="803200" tenureFreeBytes="803200" />
</concurrent-kickoff>
<exclusive-start id="6027" timestamp="2019-08-04T20:35:46.951" intervalms="25.876">
  <response-info timems="0.022" idlems="0.022" threads="0" lastid="0000000000968F00" lastname="main" />
</exclusive-start>
<cycle-start id="6028" type="global" contextid="0" timestamp="2019-08-04T20:35:46.951" intervalms="24.704" />
  <attribute name="GC Util" value="464" />
  <attribute name="CPU Util" value="1391727159317" />
  <attribute name="Time Running"value="87185"/>
  <attribute name="Number of cores"value="16"/>
<exclusive-end id="6029" timestamp="2019-08-04T20:35:46.951" durationms="0.027" />

<exclusive-start id="6030" timestamp="2019-08-04T20:35:46.951" intervalms="0.171">
  <response-info timems="0.008" idlems="0.008" threads="0" lastid="0000000000968F00" lastname="main" />
</exclusive-start>
<af-start id="6031" threadId="0000000000969888" totalBytesRequested="24" timestamp="2019-08-04T20:35:46.951" intervalms="26.040" />
<concurrent-aborted id="6032" timestamp="2019-08-04T20:35:46.952">
  <reason value="insufficient progress made" />
</concurrent-aborted>
<cycle-end id="6033" type="global" contextid="6028" timestamp="2019-08-04T20:35:46.952">
  <attribute name="GC Util" value="92" />
  <attribute name="CPU Util" value="1601802799190" />
  <attribute name="Time Running"value="87197"/>
  <attribute name="Number of cores"value="16"/>
</cycle-end>
<cycle-start id="6034" type="global" contextid="0" timestamp="2019-08-04T20:35:46.952" intervalms="0.902" />
  <attribute name="GC Util" value="92" />
  <attribute name="CPU Util" value="1601802799190" />
  <attribute name="Time Running"value="87197"/>
  <attribute name="Number of cores"value="16"/>
<gc-start id="6035" type="global" contextid="6034" timestamp="2019-08-04T20:35:46.952">
  <mem-info id="6036" free="784384" total="78446592" percent="0">
    <mem type="tenure" free="784384" total="78446592" percent="0">
      <mem type="soa" free="0" total="77662208" percent="0" />
      <mem type="loa" free="784384" total="784384" percent="100" />
    </mem>
  </mem-info>
</gc-start>
<allocation-stats totalBytes="59652496" >
  <allocated-bytes non-tlh="0" tlh="59652496" />
  <largest-consumer threadName="main" threadId="0000000000968F00" bytes="59652496" />
</allocation-stats>
<gc-op id="6037" type="mark" timems="8.734" contextid="6034" timestamp="2019-08-04T20:35:46.961">
  <trace-info objectcount="596383" scancount="517382" scanbytes="13277384" />
  <finalization candidates="80" enqueued="0" />
  <ownableSynchronizers candidates="21" cleared="0" />
  <references type="soft" candidates="1849" cleared="0" enqueued="0" dynamicThreshold="19" maxThreshold="32" />
  <references type="weak" candidates="5770" cleared="0" enqueued="0" />
  <references type="phantom" candidates="97" cleared="0" enqueued="0" />
  <stringconstants candidates="13260" cleared="0"  />
</gc-op>
<gc-op id="6038" type="sweep" timems="1.286" contextid="6034" timestamp="2019-08-04T20:35:46.962" />
<gc-end id="6039" type="global" contextid="6034" durationms="10.136" usertimems="59.805" systemtimems="0.000" timestamp="2019-08-04T20:35:46.962" activeThreads="16">
  <mem-info id="6040" free="47795904" total="78446592" percent="60">
    <mem type="tenure" free="47795904" total="78446592" percent="60" micro-fragmented="6659">
      <mem type="soa" free="47011520" total="77662208" percent="60" />
      <mem type="loa" free="784384" total="784384" percent="100" />
    </mem>
  </mem-info>
</gc-end>
<cycle-end id="6041" type="global" contextid="6034" timestamp="2019-08-04T20:35:46.962">
  <attribute name="GC Util" value="610" />
  <attribute name="CPU Util" value="2096853580253" />
  <attribute name="Time Running"value="87206"/>
  <attribute name="Number of cores"value="16"/>
</cycle-end>
<allocation-satisfied id="6042" threadId="0000000000968F00" bytesRequested="24" />
<af-end id="6043" timestamp="2019-08-04T20:35:46.962" threadId="0000000000969888" success="true" />
<exclusive-end id="6044" timestamp="2019-08-04T20:35:46.962" durationms="11.031" />

<concurrent-kickoff id="6045" timestamp="2019-08-04T20:35:46.972">
  <kickoff reason="threshold reached" targetBytes="6218254" thresholdFreeBytes="846817" remainingFree="803168" tenureFreeBytes="803168" />
</concurrent-kickoff>
<exclusive-start id="6046" timestamp="2019-08-04T20:35:46.972" intervalms="21.263">
  <response-info timems="0.029" idlems="0.029" threads="0" lastid="0000000000968F00" lastname="main" />
</exclusive-start>
<cycle-start id="6047" type="global" contextid="0" timestamp="2019-08-04T20:35:46.972" intervalms="20.525" />
  <attribute name="GC Util" value="610" />
  <attribute name="CPU Util" value="2096853580253" />
  <attribute name="Time Running"value="87206"/>
  <attribute name="Number of cores"value="16"/>
<exclusive-end id="6048" timestamp="2019-08-04T20:35:46.972" durationms="0.020" />

<exclusive-start id="6049" timestamp="2019-08-04T20:35:46.972" intervalms="0.201">
  <response-info timems="0.007" idlems="0.007" threads="0" lastid="0000000000968F00" lastname="main" />
</exclusive-start>
<af-start id="6050" threadId="0000000000969888" totalBytesRequested="32" timestamp="2019-08-04T20:35:46.973" intervalms="21.470" />
<concurrent-aborted id="6051" timestamp="2019-08-04T20:35:46.973">
  <reason value="insufficient progress made" />
</concurrent-aborted>
<cycle-end id="6052" type="global" contextid="6047" timestamp="2019-08-04T20:35:46.973">
  <attribute name="GC Util" value="54" />
  <attribute name="CPU Util" value="1545881593760" />
  <attribute name="Time Running"value="87218"/>
  <attribute name="Number of cores"value="16"/>
</cycle-end>
<cycle-start id="6053" type="global" contextid="0" timestamp="2019-08-04T20:35:46.973" intervalms="0.849" />
  <attribute name="GC Util" value="54" />
  <attribute name="CPU Util" value="1545881593760" />
  <attribute name="Time Running"value="87218"/>
  <attribute name="Number of cores"value="16"/>
<gc-start id="6054" type="global" contextid="6053" timestamp="2019-08-04T20:35:46.973">
  <mem-info id="6055" free="784384" total="78446592" percent="0">
    <mem type="tenure" free="784384" total="78446592" percent="0">
      <mem type="soa" free="0" total="77662208" percent="0" />
      <mem type="loa" free="784384" total="784384" percent="100" />
    </mem>
  </mem-info>
</gc-start>
<allocation-stats totalBytes="59649888" >
  <allocated-bytes non-tlh="0" tlh="59649888" />
  <largest-consumer threadName="main" threadId="0000000000968F00" bytes="59649888" />
</allocation-stats>
<gc-op id="6056" type="mark" timems="10.406" contextid="6053" timestamp="2019-08-04T20:35:46.984">
  <trace-info objectcount="596382" scancount="517381" scanbytes="13277352" />
  <finalization candidates="80" enqueued="0" />
  <ownableSynchronizers candidates="21" cleared="0" />
  <references type="soft" candidates="1849" cleared="0" enqueued="0" dynamicThreshold="19" maxThreshold="32" />
  <references type="weak" candidates="5770" cleared="0" enqueued="0" />
  <references type="phantom" candidates="97" cleared="0" enqueued="0" />
  <stringconstants candidates="13260" cleared="0"  />
</gc-op>
<gc-op id="6057" type="sweep" timems="2.321" contextid="6053" timestamp="2019-08-04T20:35:46.986" />
<gc-end id="6058" type="global" contextid="6053" durationms="12.860" usertimems="77.365" systemtimems="0.000" timestamp="2019-08-04T20:35:46.986" activeThreads="16">
  <mem-info id="6059" free="47795192" total="78446592" percent="60">
    <mem type="tenure" free="47795192" total="78446592" percent="60" micro-fragmented="6659">
      <mem type="soa" free="47010808" total="77662208" percent="60" />
      <mem type="loa" free="784384" total="784384" percent="100" />
    </mem>
  </mem-info>
</gc-end>
<cycle-end id="6060" type="global" contextid="6053" timestamp="2019-08-04T20:35:46.986">
  <attribute name="GC Util" value="623" />
  <attribute name="CPU Util" value="1766165519115" />
  <attribute name="Time Running"value="87229"/>
  <attribute name="Number of cores"value="16"/>
</cycle-end>
<allocation-satisfied id="6061" threadId="0000000000968F00" bytesRequested="32" />
<af-end id="6062" timestamp="2019-08-04T20:35:46.986" threadId="0000000000969888" success="true" />
<exclusive-end id="6063" timestamp="2019-08-04T20:35:46.986" durationms="13.752" />

* Round 4 done in 2.756 seconds.

-------------------------------------------------------------------------------
Benchmark: 2019-08-04 20:35:25
-------------------------------------------------------------------------------

    Rounds: 4
    Warp:   10
    Timer:  time.time

Test                             minimum  average  operation  overhead
-------------------------------------------------------------------------------
          BuiltinFunctionCalls:     14ms     59ms    0.12us    0.000ms
           BuiltinMethodLookup:     36ms     88ms    0.08us    0.000ms
                 CompareFloats:     15ms    106ms    0.09us    0.000ms
         CompareFloatsIntegers:     19ms     74ms    0.08us    0.000ms
               CompareIntegers:     21ms     65ms    0.04us    0.000ms
        CompareInternedStrings:     32ms    110ms    0.07us    0.000ms
                  CompareLongs:     16ms     42ms    0.04us    0.000ms
                CompareStrings:     25ms     66ms    0.07us    0.000ms
                CompareUnicode:     20ms     47ms    0.06us    0.000ms
                 ConcatStrings:    187ms    348ms    0.70us    0.000ms
                 ConcatUnicode:    107ms    163ms    0.54us    0.000ms
               CreateInstances:     37ms     78ms    0.70us    0.000ms
            CreateNewInstances:     51ms     93ms    1.11us    0.000ms
       CreateStringsWithConcat:     89ms    144ms    0.14us    0.000ms
       CreateUnicodeWithConcat:     29ms     67ms    0.17us    0.000ms
                  DictCreation:     40ms    104ms    0.26us    0.000ms
             DictWithFloatKeys:     15ms     84ms    0.09us    0.000ms
           DictWithIntegerKeys:     18ms     50ms    0.04us    0.000ms
            DictWithStringKeys:     19ms     52ms    0.04us    0.000ms
                      ForLoops:     98ms    130ms    5.18us    0.000ms
                    IfThenElse:     19ms    102ms    0.08us    0.000ms
                   ListSlicing:     21ms     59ms    4.20us    0.000ms
                NestedForLoops:     83ms    107ms    0.07us    0.000ms
          NormalClassAttribute:     22ms    102ms    0.08us    0.000ms
       NormalInstanceAttribute:     24ms     65ms    0.05us    0.000ms
           PythonFunctionCalls:     26ms     94ms    0.28us    0.000ms
             PythonMethodCalls:     31ms    101ms    0.45us    0.000ms
                     Recursion:     39ms    116ms    2.31us    0.000ms
                  SecondImport:     33ms     73ms    0.73us    0.000ms
           SecondPackageImport:     37ms     52ms    0.52us    0.000ms
         SecondSubmoduleImport:     70ms    108ms    1.08us    0.000ms
       SimpleComplexArithmetic:     21ms     76ms    0.09us    0.000ms
        SimpleDictManipulation:     27ms    123ms    0.10us    0.000ms
         SimpleFloatArithmetic:     19ms     97ms    0.07us    0.000ms
      SimpleIntFloatArithmetic:     18ms    102ms    0.08us    0.000ms
       SimpleIntegerArithmetic:     19ms     79ms    0.06us    0.000ms
        SimpleListManipulation:     42ms    127ms    0.11us    0.000ms
          SimpleLongArithmetic:     34ms    117ms    0.18us    0.000ms
                    SmallLists:     46ms     80ms    0.12us    0.000ms
                   SmallTuples:     59ms    135ms    0.25us    0.000ms
         SpecialClassAttribute:     24ms     67ms    0.06us    0.000ms
      SpecialInstanceAttribute:     23ms     65ms    0.05us    0.000ms
                StringMappings:     71ms    174ms    0.69us    0.000ms
              StringPredicates:     38ms     93ms    0.13us    0.000ms
                 StringSlicing:     59ms     97ms    0.17us    0.000ms
                     TryExcept:      2ms     24ms    0.01us    0.000ms
                TryRaiseExcept:     90ms    120ms    1.88us    0.000ms
                  TupleSlicing:     30ms     45ms    0.17us    0.000ms
               UnicodeMappings:     90ms    183ms    5.08us    0.000ms
             UnicodePredicates:     43ms     86ms    0.16us    0.000ms
             UnicodeProperties:    342ms    461ms    1.15us    0.000ms
                UnicodeSlicing:     73ms     95ms    0.19us    0.000ms
-------------------------------------------------------------------------------
Totals:                           2463ms   5397ms

===== DaCapo 9.12-MR1 jython PASSED in 24720 msec =====
<concurrent-kickoff id="6064" timestamp="2019-08-04T20:35:47.167">
  <kickoff reason="threshold reached" targetBytes="6218254" thresholdFreeBytes="846817" remainingFree="803280" tenureFreeBytes="803280" />
</concurrent-kickoff>
<exclusive-start id="6065" timestamp="2019-08-04T20:35:47.168" intervalms="195.212">
  <response-info timems="0.139" idlems="0.139" threads="0" lastid="0000000000968F00" lastname="main" />
</exclusive-start>
<cycle-start id="6066" type="global" contextid="0" timestamp="2019-08-04T20:35:47.168" intervalms="194.578" />
  <attribute name="GC Util" value="623" />
  <attribute name="CPU Util" value="1766165519115" />
  <attribute name="Time Running"value="87229"/>
  <attribute name="Number of cores"value="16"/>
<exclusive-end id="6067" timestamp="2019-08-04T20:35:47.168" durationms="0.037" />

<exclusive-start id="6068" timestamp="2019-08-04T20:35:47.168" intervalms="0.227">
  <response-info timems="0.091" idlems="0.091" threads="0" lastid="0000000000968F00" lastname="main" />
</exclusive-start>
<af-start id="6069" threadId="0000000000969888" totalBytesRequested="53480" timestamp="2019-08-04T20:35:47.168" intervalms="195.427" />
<concurrent-aborted id="6070" timestamp="2019-08-04T20:35:47.170">
  <reason value="insufficient progress made" />
</concurrent-aborted>
<cycle-end id="6071" type="global" contextid="6066" timestamp="2019-08-04T20:35:47.170">
  <attribute name="GC Util" value="6" />
  <attribute name="CPU Util" value="100085264328" />
  <attribute name="Time Running"value="87414"/>
  <attribute name="Number of cores"value="16"/>
</cycle-end>
<cycle-start id="6072" type="global" contextid="0" timestamp="2019-08-04T20:35:47.170" intervalms="2.052" />
  <attribute name="GC Util" value="6" />
  <attribute name="CPU Util" value="100085264328" />
  <attribute name="Time Running"value="87414"/>
  <attribute name="Number of cores"value="16"/>
<gc-start id="6073" type="global" contextid="6072" timestamp="2019-08-04T20:35:47.170">
  <mem-info id="6074" free="784384" total="78446592" percent="0">
    <mem type="tenure" free="784384" total="78446592" percent="0">
      <mem type="soa" free="0" total="77662208" percent="0" />
      <mem type="loa" free="784384" total="784384" percent="100" />
    </mem>
  </mem-info>
</gc-start>
<allocation-stats totalBytes="55849552" >
  <allocated-bytes non-tlh="1076280" tlh="54773272" />
  <largest-consumer threadName="main" threadId="0000000000968F00" bytes="55849552" />
</allocation-stats>
<gc-op id="6075" type="mark" timems="9.727" contextid="6072" timestamp="2019-08-04T20:35:47.180">
  <trace-info objectcount="599121" scancount="518842" scanbytes="13320332" />
  <finalization candidates="81" enqueued="1" />
  <ownableSynchronizers candidates="24" cleared="3" />
  <references type="soft" candidates="1869" cleared="11" enqueued="11" dynamicThreshold="19" maxThreshold="32" />
  <references type="weak" candidates="5836" cleared="60" enqueued="60" />
  <references type="phantom" candidates="133" cleared="11" enqueued="11" />
  <stringconstants candidates="13674" cleared="0"  />
</gc-op>
<gc-op id="6076" type="sweep" timems="3.786" contextid="6072" timestamp="2019-08-04T20:35:47.184" />
<heap-resize id="6077" type="contract" space="tenure" amount="720896" count="1" timems="0.060" reason="excess free space following gc" timestamp="2019-08-04T20:35:47.184" />
<gc-end id="6078" type="global" contextid="6072" durationms="13.963" usertimems="69.927" systemtimems="0.000" timestamp="2019-08-04T20:35:47.184" activeThreads="16">
  <mem-info id="6079" free="58800920" total="77725696" percent="75">
    <mem type="tenure" free="58800920" total="77725696" percent="75" micro-fragmented="227869">
      <mem type="soa" free="58181176" total="76948480" percent="75" />
      <mem type="loa" free="619744" total="777216" percent="79" />
    </mem>
    <pending-finalizers system="1" default="0" reference="82" classloader="0" />
  </mem-info>
</gc-end>
<cycle-end id="6080" type="global" contextid="6072" timestamp="2019-08-04T20:35:47.184">
  <attribute name="GC Util" value="230" />
  <attribute name="CPU Util" value="16007502938285" />
  <attribute name="Time Running"value="87427"/>
  <attribute name="Number of cores"value="16"/>
</cycle-end>
<allocation-satisfied id="6081" threadId="0000000000968F00" bytesRequested="53480" />
<af-end id="6082" timestamp="2019-08-04T20:35:47.184" threadId="0000000000969888" success="true" />
<exclusive-end id="6083" timestamp="2019-08-04T20:35:47.184" durationms="16.006" />

<concurrent-kickoff id="6084" timestamp="2019-08-04T20:35:47.189">
  <kickoff reason="threshold reached" targetBytes="6161110" thresholdFreeBytes="839034" remainingFree="729624" tenureFreeBytes="729624" />
</concurrent-kickoff>
<exclusive-start id="6085" timestamp="2019-08-04T20:35:47.189" intervalms="21.481">
  <response-info timems="0.062" idlems="0.062" threads="0" lastid="0000000000968F00" lastname="main" />
</exclusive-start>
<cycle-start id="6086" type="global" contextid="0" timestamp="2019-08-04T20:35:47.189" intervalms="19.655" />
  <attribute name="GC Util" value="230" />
  <attribute name="CPU Util" value="16007502938285" />
  <attribute name="Time Running"value="87427"/>
  <attribute name="Number of cores"value="16"/>
<exclusive-end id="6087" timestamp="2019-08-04T20:35:47.189" durationms="0.036" />

<exclusive-start id="6088" timestamp="2019-08-04T20:35:47.190" intervalms="0.269">
  <response-info timems="0.136" idlems="0.136" threads="0" lastid="0000000000968F00" lastname="main" />
</exclusive-start>
<af-start id="6089" threadId="0000000000969888" totalBytesRequested="49024" timestamp="2019-08-04T20:35:47.190" intervalms="21.761" />
<concurrent-aborted id="6090" timestamp="2019-08-04T20:35:47.190">
  <reason value="insufficient progress made" />
</concurrent-aborted>
<cycle-end id="6091" type="global" contextid="6086" timestamp="2019-08-04T20:35:47.190">
  <attribute name="GC Util" value="230" />
  <attribute name="CPU Util" value="16007502938285" />
  <attribute name="Time Running"value="87427"/>
  <attribute name="Number of cores"value="16"/>
</cycle-end>
<cycle-start id="6092" type="global" contextid="0" timestamp="2019-08-04T20:35:47.190" intervalms="0.316" />
  <attribute name="GC Util" value="230" />
  <attribute name="CPU Util" value="16007502938285" />
  <attribute name="Time Running"value="87427"/>
  <attribute name="Number of cores"value="16"/>
<gc-start id="6093" type="global" contextid="6092" timestamp="2019-08-04T20:35:47.190">
  <mem-info id="6094" free="619744" total="77725696" percent="0">
    <mem type="tenure" free="619744" total="77725696" percent="0">
      <mem type="soa" free="0" total="76948480" percent="0" />
      <mem type="loa" free="619744" total="777216" percent="79" />
    </mem>
  </mem-info>
</gc-start>
<allocation-stats totalBytes="51539408" >
  <allocated-bytes non-tlh="23039240" tlh="28500168" />
  <largest-consumer threadName="main" threadId="0000000000968F00" bytes="51536632" />
</allocation-stats>
<gc-op id="6095" type="mark" timems="15.305" contextid="6092" timestamp="2019-08-04T20:35:47.205">
  <trace-info objectcount="598803" scancount="518573" scanbytes="13312568" />
  <finalization candidates="80" enqueued="0" />
  <ownableSynchronizers candidates="21" cleared="0" />
  <references type="soft" candidates="1860" cleared="0" enqueued="0" dynamicThreshold="24" maxThreshold="32" />
  <references type="weak" candidates="5774" cleared="0" enqueued="0" />
  <references type="phantom" candidates="121" cleared="0" enqueued="0" />
  <stringconstants candidates="13674" cleared="5"  />
</gc-op>
<gc-op id="6096" type="classunload" timems="0.555" contextid="6092" timestamp="2019-08-04T20:35:47.206">
  <classunload-info classloadercandidates="57" classloadersunloaded="3" classesunloaded="3" anonymousclassesunloaded="0" quiescems="0.000" setupms="0.534" scanms="0.017" postms="0.004" />
</gc-op>
<gc-op id="6097" type="sweep" timems="1.901" contextid="6092" timestamp="2019-08-04T20:35:47.208" />
<heap-resize id="6098" type="contract" space="tenure" amount="720896" count="1" timems="0.056" reason="excess free space following gc" timestamp="2019-08-04T20:35:47.208" />
<gc-end id="6099" type="global" contextid="6092" durationms="17.968" usertimems="74.859" systemtimems="0.000" timestamp="2019-08-04T20:35:47.208" activeThreads="16">
  <mem-info id="6100" free="58088920" total="77004800" percent="75">
    <mem type="tenure" free="58088920" total="77004800" percent="75" micro-fragmented="225705">
      <mem type="soa" free="57615720" total="76234752" percent="75" />
      <mem type="loa" free="473200" total="770048" percent="61" />
    </mem>
  </mem-info>
</gc-end>
<cycle-end id="6101" type="global" contextid="6092" timestamp="2019-08-04T20:35:47.208">
  <attribute name="GC Util" value="164" />
  <attribute name="CPU Util" value="15394106342274" />
  <attribute name="Time Running"value="87453"/>
  <attribute name="Number of cores"value="16"/>
</cycle-end>
<allocation-satisfied id="6102" threadId="0000000000968F00" bytesRequested="49024" />
<af-end id="6103" timestamp="2019-08-04T20:35:47.208" threadId="0000000000969888" success="true" />
<exclusive-end id="6104" timestamp="2019-08-04T20:35:47.208" durationms="18.159" />

<concurrent-kickoff id="6105" timestamp="2019-08-04T20:35:47.212">
  <kickoff reason="threshold reached" targetBytes="6103967" thresholdFreeBytes="831253" remainingFree="800680" tenureFreeBytes="800680" />
</concurrent-kickoff>
<exclusive-start id="6106" timestamp="2019-08-04T20:35:47.213" intervalms="22.979">
  <response-info timems="0.064" idlems="0.064" threads="0" lastid="0000000000968F00" lastname="main" />
</exclusive-start>
<cycle-start id="6107" type="global" contextid="0" timestamp="2019-08-04T20:35:47.213" intervalms="22.923" />
  <attribute name="GC Util" value="164" />
  <attribute name="CPU Util" value="15394106342274" />
  <attribute name="Time Running"value="87453"/>
  <attribute name="Number of cores"value="16"/>
<exclusive-end id="6108" timestamp="2019-08-04T20:35:47.213" durationms="0.024" />

<exclusive-start id="6109" timestamp="2019-08-04T20:35:47.213" intervalms="0.363">
  <response-info timems="0.200" idlems="0.200" threads="0" lastid="0000000000968F00" lastname="main" />
</exclusive-start>
<af-start id="6110" threadId="0000000000969888" totalBytesRequested="65352" timestamp="2019-08-04T20:35:47.213" intervalms="23.342" />
<concurrent-aborted id="6111" timestamp="2019-08-04T20:35:47.213">
  <reason value="insufficient progress made" />
</concurrent-aborted>
<cycle-end id="6112" type="global" contextid="6107" timestamp="2019-08-04T20:35:47.213">
  <attribute name="GC Util" value="164" />
  <attribute name="CPU Util" value="15394106342274" />
  <attribute name="Time Running"value="87453"/>
  <attribute name="Number of cores"value="16"/>
</cycle-end>
<cycle-start id="6113" type="global" contextid="0" timestamp="2019-08-04T20:35:47.213" intervalms="0.413" />
  <attribute name="GC Util" value="164" />
  <attribute name="CPU Util" value="15394106342274" />
  <attribute name="Time Running"value="87453"/>
  <attribute name="Number of cores"value="16"/>
<gc-start id="6114" type="global" contextid="6113" timestamp="2019-08-04T20:35:47.213">
  <mem-info id="6115" free="342784" total="77004800" percent="0">
    <mem type="tenure" free="342784" total="77004800" percent="0">
      <mem type="soa" free="0" total="76234752" percent="0" />
      <mem type="loa" free="342784" total="770048" percent="44" />
    </mem>
  </mem-info>
</gc-start>
<allocation-stats totalBytes="54097672" >
  <allocated-bytes non-tlh="35516176" tlh="18581496" />
  <largest-consumer threadName="main" threadId="0000000000968F00" bytes="54097672" />
</allocation-stats>
<gc-op id="6116" type="mark" timems="10.886" contextid="6113" timestamp="2019-08-04T20:35:47.224">
  <trace-info objectcount="598804" scancount="518569" scanbytes="13312568" />
  <finalization candidates="80" enqueued="0" />
  <ownableSynchronizers candidates="21" cleared="0" />
  <references type="soft" candidates="1860" cleared="0" enqueued="0" dynamicThreshold="24" maxThreshold="32" />
  <references type="weak" candidates="5774" cleared="0" enqueued="0" />
  <references type="phantom" candidates="121" cleared="0" enqueued="0" />
  <stringconstants candidates="13669" cleared="0"  />
</gc-op>
<gc-op id="6117" type="sweep" timems="1.860" contextid="6113" timestamp="2019-08-04T20:35:47.226" />
<heap-resize id="6118" type="contract" space="tenure" amount="655360" count="1" timems="0.049" reason="excess free space following gc" timestamp="2019-08-04T20:35:47.226" />
<gc-end id="6119" type="global" contextid="6113" durationms="12.912" usertimems="65.750" systemtimems="0.000" timestamp="2019-08-04T20:35:47.226" activeThreads="16">
  <mem-info id="6120" free="57615240" total="76349440" percent="75">
    <mem type="tenure" free="57615240" total="76349440" percent="75" micro-fragmented="225705">
      <mem type="soa" free="56967528" total="75586560" percent="75" />
      <mem type="loa" free="647712" total="762880" percent="84" />
    </mem>
  </mem-info>
</gc-end>
<cycle-end id="6121" type="global" contextid="6113" timestamp="2019-08-04T20:35:47.226">
  <attribute name="GC Util" value="203" />
  <attribute name="CPU Util" value="15257510567786" />
  <attribute name="Time Running"value="87471"/>
  <attribute name="Number of cores"value="16"/>
</cycle-end>
<allocation-satisfied id="6122" threadId="0000000000968F00" bytesRequested="65352" />
<af-end id="6123" timestamp="2019-08-04T20:35:47.226" threadId="0000000000969888" success="true" />
<exclusive-end id="6124" timestamp="2019-08-04T20:35:47.226" durationms="13.113" />

<exclusive-start id="6125" timestamp="2019-08-04T20:35:47.229" intervalms="16.326">
  <response-info timems="0.051" idlems="0.051" threads="0" lastid="0000000000968F00" lastname="main" />
</exclusive-start>
<sys-start reason="explicit" id="6126" timestamp="2019-08-04T20:35:47.229" intervalms="24965.147" />
<cycle-start id="6127" type="global" contextid="0" timestamp="2019-08-04T20:35:47.229" intervalms="16.328" />
  <attribute name="GC Util" value="203" />
  <attribute name="CPU Util" value="15257510567786" />
  <attribute name="Time Running"value="87471"/>
  <attribute name="Number of cores"value="16"/>
<gc-start id="6128" type="global" contextid="6127" timestamp="2019-08-04T20:35:47.229">
  <mem-info id="6129" free="24322088" total="76349440" percent="31">
    <mem type="tenure" free="24322088" total="76349440" percent="31">
      <mem type="soa" free="23674376" total="75586560" percent="31" />
      <mem type="loa" free="647712" total="762880" percent="84" />
    </mem>
  </mem-info>
</gc-start>
<allocation-stats totalBytes="33293768" >
  <allocated-bytes non-tlh="33281552" tlh="12216" />
  <largest-consumer threadName="main" threadId="0000000000968F00" bytes="33293768" />
</allocation-stats>
<gc-op id="6130" type="mark" timems="16.494" contextid="6127" timestamp="2019-08-04T20:35:47.246">
  <trace-info objectcount="597123" scancount="517435" scanbytes="13286668" />
  <finalization candidates="80" enqueued="0" />
  <ownableSynchronizers candidates="21" cleared="0" />
  <references type="soft" candidates="1860" cleared="0" enqueued="0" dynamicThreshold="24" maxThreshold="32" />
  <references type="weak" candidates="5774" cleared="0" enqueued="0" />
  <references type="phantom" candidates="121" cleared="0" enqueued="0" />
  <stringconstants candidates="13669" cleared="0"  />
</gc-op>
<gc-op id="6131" type="classunload" timems="0.006" contextid="6127" timestamp="2019-08-04T20:35:47.246">
  <classunload-info classloadercandidates="54" classloadersunloaded="0" classesunloaded="0" anonymousclassesunloaded="0" quiescems="0.000" setupms="0.005" scanms="0.000" postms="0.001" />
</gc-op>
<gc-op id="6132" type="sweep" timems="2.016" contextid="6127" timestamp="2019-08-04T20:35:47.248" />
<mem-info id="6133" free="57847824" total="76349440" percent="75">
  <mem type="tenure" free="57847824" total="76349440" percent="75" micro-fragmented="146717">
    <mem type="soa" free="57085008" total="75586560" percent="75" />
    <mem type="loa" free="762816" total="762880" percent="99" />
  </mem>
</mem-info>
<gc-op id="6134" type="compact" timems="157.530" contextid="6127" timestamp="2019-08-04T20:35:47.406">
  <compact-info movecount="584072" movebytes="17753440" reason="compact on aggressive collection" />
</gc-op>
<heap-resize id="6135" type="contract" space="tenure" amount="720896" count="1" timems="0.054" reason="excess free space following gc" timestamp="2019-08-04T20:35:47.406" />
<gc-end id="6136" type="global" contextid="6127" durationms="176.294" usertimems="254.635" systemtimems="0.000" timestamp="2019-08-04T20:35:47.406" activeThreads="16">
  <mem-info id="6137" free="57271560" total="75628544" percent="75">
    <mem type="tenure" free="57271560" total="75628544" percent="75">
      <mem type="soa" free="56557832" total="74872832" percent="75" />
      <mem type="loa" free="713728" total="755712" percent="94" />
    </mem>
  </mem-info>
</gc-end>
<cycle-end id="6138" type="global" contextid="6127" timestamp="2019-08-04T20:35:47.406">
  <attribute name="GC Util" value="153" />
  <attribute name="CPU Util" value="24928973286878" />
  <attribute name="Time Running"value="87494"/>
  <attribute name="Number of cores"value="16"/>
</cycle-end>
<sys-end id="6139" timestamp="2019-08-04T20:35:47.406" />
<exclusive-end id="6140" timestamp="2019-08-04T20:35:47.406" durationms="176.469" />

===== DaCapo 9.12-MR1 pmd starting =====
<concurrent-kickoff id="6141" timestamp="2019-08-04T20:35:48.081">
  <kickoff reason="threshold reached" targetBytes="5994875" thresholdFreeBytes="816396" remainingFree="805984" tenureFreeBytes="805984" />
</concurrent-kickoff>
<exclusive-start id="6142" timestamp="2019-08-04T20:35:48.082" intervalms="852.191">
  <response-info timems="0.725" idlems="0.387" threads="1" lastid="0000000000974300" lastname="JIT Compilation Thread-2" />
</exclusive-start>
<af-start id="6143" threadId="0000000000C5F888" totalBytesRequested="16" timestamp="2019-08-04T20:35:48.082" intervalms="868.559" />
<concurrent-aborted id="6144" timestamp="2019-08-04T20:35:48.082">
  <reason value="insufficient progress made" />
</concurrent-aborted>
<cycle-end id="6145" type="global" contextid="0" timestamp="2019-08-04T20:35:48.082">
  <attribute name="GC Util" value="153" />
  <attribute name="CPU Util" value="24928973286878" />
  <attribute name="Time Running"value="87494"/>
  <attribute name="Number of cores"value="16"/>
</cycle-end>
<cycle-start id="6146" type="global" contextid="0" timestamp="2019-08-04T20:35:48.082" intervalms="852.248" />
  <attribute name="GC Util" value="153" />
  <attribute name="CPU Util" value="24928973286878" />
  <attribute name="Time Running"value="87494"/>
  <attribute name="Number of cores"value="16"/>
<gc-start id="6147" type="global" contextid="6146" timestamp="2019-08-04T20:35:48.082">
  <mem-info id="6148" free="713728" total="75628544" percent="0">
    <mem type="tenure" free="713728" total="75628544" percent="0">
      <mem type="soa" free="0" total="74872832" percent="0" />
      <mem type="loa" free="713728" total="755712" percent="94" />
    </mem>
  </mem-info>
</gc-start>
<allocation-stats totalBytes="56470192" >
  <allocated-bytes non-tlh="596200" tlh="55873992" />
  <largest-consumer threadName="main" threadId="0000000000968F00" bytes="8547216" />
</allocation-stats>
<gc-op id="6149" type="mark" timems="21.912" contextid="6146" timestamp="2019-08-04T20:35:48.104">
  <trace-info objectcount="784416" scancount="683934" scanbytes="18243880" />
  <finalization candidates="83" enqueued="1" />
  <ownableSynchronizers candidates="40" cleared="0" />
  <references type="soft" candidates="1996" cleared="0" enqueued="0" dynamicThreshold="24" maxThreshold="32" />
  <references type="weak" candidates="6491" cleared="506" enqueued="432" />
  <references type="phantom" candidates="201" cleared="36" enqueued="36" />
  <stringconstants candidates="15117" cleared="6"  />
</gc-op>
<gc-op id="6150" type="classunload" timems="0.560" contextid="6146" timestamp="2019-08-04T20:35:48.104">
  <classunload-info classloadercandidates="59" classloadersunloaded="2" classesunloaded="2" anonymousclassesunloaded="0" quiescems="0.000" setupms="0.541" scanms="0.016" postms="0.003" />
</gc-op>
<gc-op id="6151" type="sweep" timems="2.183" contextid="6146" timestamp="2019-08-04T20:35:48.107" />
<gc-end id="6152" type="global" contextid="6146" durationms="25.015" usertimems="100.338" systemtimems="33.575" timestamp="2019-08-04T20:35:48.107" activeThreads="16">
  <mem-info id="6153" free="38598496" total="75628544" percent="51">
    <mem type="tenure" free="38598496" total="75628544" percent="51" micro-fragmented="8155174">
      <mem type="soa" free="37842784" total="74872832" percent="50" />
      <mem type="loa" free="755712" total="755712" percent="100" />
    </mem>
    <pending-finalizers system="1" default="0" reference="468" classloader="0" />
  </mem-info>
</gc-end>
<cycle-end id="6154" type="global" contextid="6146" timestamp="2019-08-04T20:35:48.107">
  <attribute name="GC Util" value="339" />
  <attribute name="CPU Util" value="10926494759791" />
  <attribute name="Time Running"value="88352"/>
  <attribute name="Number of cores"value="16"/>
</cycle-end>
<allocation-satisfied id="6155" threadId="0000000000C5EF00" bytesRequested="16" />
<af-end id="6156" timestamp="2019-08-04T20:35:48.107" threadId="0000000000C5F888" success="true" />
<exclusive-end id="6157" timestamp="2019-08-04T20:35:48.107" durationms="25.312" />

<concurrent-kickoff id="6158" timestamp="2019-08-04T20:35:48.316">
  <kickoff reason="threshold reached" targetBytes="5994875" thresholdFreeBytes="816396" remainingFree="755712" tenureFreeBytes="755712" />
</concurrent-kickoff>
<exclusive-start id="6159" timestamp="2019-08-04T20:35:48.317" intervalms="235.166">
  <response-info timems="0.164" idlems="0.164" threads="0" lastid="0000000000C62B00" lastname="PmdThread 9" />
</exclusive-start>
<cycle-start id="6160" type="global" contextid="0" timestamp="2019-08-04T20:35:48.317" intervalms="235.057" />
  <attribute name="GC Util" value="339" />
  <attribute name="CPU Util" value="10926494759791" />
  <attribute name="Time Running"value="88352"/>
  <attribute name="Number of cores"value="16"/>
<exclusive-end id="6161" timestamp="2019-08-04T20:35:48.317" durationms="0.024" />

<exclusive-start id="6162" timestamp="2019-08-04T20:35:48.317" intervalms="0.400">
  <response-info timems="0.191" idlems="0.191" threads="0" lastid="0000000000C71B00" lastname="PmdThread 3" />
</exclusive-start>
<af-start id="6163" threadId="0000000000C72488" totalBytesRequested="56" timestamp="2019-08-04T20:35:48.317" intervalms="235.689" />
<concurrent-aborted id="6164" timestamp="2019-08-04T20:35:48.317">
  <reason value="insufficient progress made" />
</concurrent-aborted>
<cycle-end id="6165" type="global" contextid="6160" timestamp="2019-08-04T20:35:48.317">
  <attribute name="GC Util" value="339" />
  <attribute name="CPU Util" value="10926494759791" />
  <attribute name="Time Running"value="88352"/>
  <attribute name="Number of cores"value="16"/>
</cycle-end>
<cycle-start id="6166" type="global" contextid="0" timestamp="2019-08-04T20:35:48.317" intervalms="0.729" />
  <attribute name="GC Util" value="339" />
  <attribute name="CPU Util" value="10926494759791" />
  <attribute name="Time Running"value="88352"/>
  <attribute name="Number of cores"value="16"/>
<gc-start id="6167" type="global" contextid="6166" timestamp="2019-08-04T20:35:48.318">
  <mem-info id="6168" free="755712" total="75628544" percent="0">
    <mem type="tenure" free="755712" total="75628544" percent="0">
      <mem type="soa" free="0" total="74872832" percent="0" />
      <mem type="loa" free="755712" total="755712" percent="100" />
    </mem>
  </mem-info>
</gc-start>
<allocation-stats totalBytes="37434928" >
  <allocated-bytes non-tlh="3569688" tlh="33865240" />
  <largest-consumer threadName="PmdThread 5" threadId="0000000000C53B00" bytes="3720552" />
</allocation-stats>
<gc-op id="6169" type="mark" timems="21.451" contextid="6166" timestamp="2019-08-04T20:35:48.339">
  <trace-info objectcount="789112" scancount="687988" scanbytes="18283072" />
  <finalization candidates="84" enqueued="0" />
  <ownableSynchronizers candidates="40" cleared="0" />
  <references type="soft" candidates="1997" cleared="0" enqueued="0" dynamicThreshold="16" maxThreshold="32" />
  <references type="weak" candidates="6983" cleared="829" enqueued="755" />
  <references type="phantom" candidates="345" cleared="107" enqueued="107" />
  <stringconstants candidates="15163" cleared="0"  />
</gc-op>
<gc-op id="6170" type="sweep" timems="2.491" contextid="6166" timestamp="2019-08-04T20:35:48.342" />
<gc-end id="6171" type="global" contextid="6166" durationms="24.190" usertimems="161.444" systemtimems="39.208" timestamp="2019-08-04T20:35:48.342" activeThreads="16">
  <mem-info id="6172" free="37501064" total="75628544" percent="49">
    <mem type="tenure" free="37501064" total="75628544" percent="49" micro-fragmented="8256993">
      <mem type="soa" free="36745352" total="74872832" percent="49" />
      <mem type="loa" free="755712" total="755712" percent="100" />
    </mem>
    <pending-finalizers system="0" default="0" reference="862" classloader="0" />
  </mem-info>
</gc-end>
<cycle-end id="6173" type="global" contextid="6166" timestamp="2019-08-04T20:35:48.342">
  <attribute name="GC Util" value="317" />
  <attribute name="CPU Util" value="10115830078452" />
  <attribute name="Time Running"value="88587"/>
  <attribute name="Number of cores"value="16"/>
</cycle-end>
<allocation-satisfied id="6174" threadId="0000000000C71B00" bytesRequested="56" />
<af-end id="6175" timestamp="2019-08-04T20:35:48.342" threadId="0000000000C72488" success="true" />
<exclusive-end id="6176" timestamp="2019-08-04T20:35:48.342" durationms="24.745" />

<concurrent-kickoff id="6177" timestamp="2019-08-04T20:35:48.507">
  <kickoff reason="threshold reached" targetBytes="5994875" thresholdFreeBytes="816396" remainingFree="755712" tenureFreeBytes="755712" />
</concurrent-kickoff>
<exclusive-start id="6178" timestamp="2019-08-04T20:35:48.507" intervalms="190.025">
  <response-info timems="0.269" idlems="0.269" threads="0" lastid="0000000000C84600" lastname="PmdThread 8" />
</exclusive-start>
<af-start id="6179" threadId="0000000000C84F88" totalBytesRequested="64" timestamp="2019-08-04T20:35:48.507" intervalms="189.871" />
<concurrent-aborted id="6180" timestamp="2019-08-04T20:35:48.507">
  <reason value="insufficient progress made" />
</concurrent-aborted>
<cycle-end id="6181" type="global" contextid="6160" timestamp="2019-08-04T20:35:48.507">
  <attribute name="GC Util" value="317" />
  <attribute name="CPU Util" value="10115830078452" />
  <attribute name="Time Running"value="88587"/>
  <attribute name="Number of cores"value="16"/>
</cycle-end>
<cycle-start id="6182" type="global" contextid="0" timestamp="2019-08-04T20:35:48.507" intervalms="189.786" />
  <attribute name="GC Util" value="317" />
  <attribute name="CPU Util" value="10115830078452" />
  <attribute name="Time Running"value="88587"/>
  <attribute name="Number of cores"value="16"/>
<gc-start id="6183" type="global" contextid="6182" timestamp="2019-08-04T20:35:48.507">
  <mem-info id="6184" free="755712" total="75628544" percent="0">
    <mem type="tenure" free="755712" total="75628544" percent="0">
      <mem type="soa" free="0" total="74872832" percent="0" />
      <mem type="loa" free="755712" total="755712" percent="100" />
    </mem>
  </mem-info>
</gc-start>
<allocation-stats totalBytes="36376728" >
  <allocated-bytes non-tlh="3045432" tlh="33331296" />
  <largest-consumer threadName="PmdThread 8" threadId="0000000000C84600" bytes="5506264" />
</allocation-stats>
<gc-op id="6185" type="mark" timems="37.640" contextid="6182" timestamp="2019-08-04T20:35:48.545">
  <trace-info objectcount="898182" scancount="789841" scanbytes="22007044" />
  <finalization candidates="84" enqueued="0" />
  <ownableSynchronizers candidates="40" cleared="0" />
  <references type="soft" candidates="2013" cleared="0" enqueued="0" dynamicThreshold="15" maxThreshold="32" />
  <references type="weak" candidates="6749" cleared="595" enqueued="595" />
  <references type="phantom" candidates="297" cleared="58" enqueued="58" />
  <stringconstants candidates="15168" cleared="0"  />
</gc-op>
<gc-op id="6186" type="sweep" timems="1.585" contextid="6182" timestamp="2019-08-04T20:35:48.547" />
<gc-end id="6187" type="global" contextid="6182" durationms="39.347" usertimems="244.158" systemtimems="94.911" timestamp="2019-08-04T20:35:48.547" activeThreads="16">
  <mem-info id="6188" free="45058384" total="75628544" percent="59">
    <mem type="tenure" free="45058384" total="75628544" percent="59" micro-fragmented="0">
      <mem type="soa" free="44307560" total="74872832" percent="59" />
      <mem type="loa" free="750824" total="755712" percent="99" />
    </mem>
    <pending-finalizers system="0" default="0" reference="653" classloader="0" />
  </mem-info>
</gc-end>
<cycle-end id="6189" type="global" contextid="6182" timestamp="2019-08-04T20:35:48.547">
  <attribute name="GC Util" value="865" />
  <attribute name="CPU Util" value="489666586196" />
  <attribute name="Time Running"value="88791"/>
  <attribute name="Number of cores"value="16"/>
</cycle-end>
<allocation-satisfied id="6190" threadId="0000000000C84600" bytesRequested="64" />
<af-end id="6191" timestamp="2019-08-04T20:35:48.547" threadId="0000000000C84F88" success="true" />
<exclusive-end id="6192" timestamp="2019-08-04T20:35:48.547" durationms="39.747" />

<concurrent-kickoff id="6193" timestamp="2019-08-04T20:35:48.634">
  <kickoff reason="threshold reached" targetBytes="5994875" thresholdFreeBytes="816396" remainingFree="750824" tenureFreeBytes="750824" />
</concurrent-kickoff>
<exclusive-start id="6194" timestamp="2019-08-04T20:35:48.634" intervalms="127.176">
  <response-info timems="0.219" idlems="0.219" threads="0" lastid="0000000000CA6100" lastname="PmdThread 16" />
</exclusive-start>
<af-start id="6195" threadId="0000000000CA6A88" totalBytesRequested="16" timestamp="2019-08-04T20:35:48.634" intervalms="127.204" />
<concurrent-aborted id="6196" timestamp="2019-08-04T20:35:48.635">
  <reason value="insufficient progress made" />
</concurrent-aborted>
<cycle-end id="6197" type="global" contextid="6160" timestamp="2019-08-04T20:35:48.635">
  <attribute name="GC Util" value="9" />
  <attribute name="CPU Util" value="206290742207" />
  <attribute name="Time Running"value="88880"/>
  <attribute name="Number of cores"value="16"/>
</cycle-end>
<cycle-start id="6198" type="global" contextid="0" timestamp="2019-08-04T20:35:48.635" intervalms="127.798" />
  <attribute name="GC Util" value="9" />
  <attribute name="CPU Util" value="206290742207" />
  <attribute name="Time Running"value="88880"/>
  <attribute name="Number of cores"value="16"/>
<gc-start id="6199" type="global" contextid="6198" timestamp="2019-08-04T20:35:48.635">
  <mem-info id="6200" free="755712" total="75628544" percent="0">
    <mem type="tenure" free="755712" total="75628544" percent="0">
      <mem type="soa" free="0" total="74872832" percent="0" />
      <mem type="loa" free="755712" total="755712" percent="100" />
    </mem>
  </mem-info>
</gc-start>
<allocation-stats totalBytes="25788616" >
  <allocated-bytes non-tlh="1801096" tlh="23987520" />
  <largest-consumer threadName="PmdThread 12" threadId="0000000000CA2500" bytes="6359832" />
</allocation-stats>
<gc-op id="6201" type="mark" timems="20.434" contextid="6198" timestamp="2019-08-04T20:35:48.656">
  <trace-info objectcount="947693" scancount="838402" scanbytes="23761756" />
  <finalization candidates="84" enqueued="0" />
  <ownableSynchronizers candidates="40" cleared="0" />
  <references type="soft" candidates="2013" cleared="0" enqueued="0" dynamicThreshold="19" maxThreshold="32" />
  <references type="weak" candidates="6636" cleared="482" enqueued="482" />
  <references type="phantom" candidates="263" cleared="25" enqueued="25" />
  <stringconstants candidates="15211" cleared="0"  />
</gc-op>
<gc-op id="6202" type="sweep" timems="2.629" contextid="6198" timestamp="2019-08-04T20:35:48.658" />
<heap-resize id="6203" type="expand" space="tenure" amount="1966080" count="1" timems="0.795" reason="insufficient free space following gc" timestamp="2019-08-04T20:35:48.659" />
<gc-end id="6204" type="global" contextid="6198" durationms="24.029" usertimems="173.284" systemtimems="9.365" timestamp="2019-08-04T20:35:48.659" activeThreads="16">
  <mem-info id="6205" free="23305528" total="77594624" percent="30">
    <mem type="tenure" free="23305528" total="77594624" percent="30" micro-fragmented="16028776">
      <mem type="soa" free="22530360" total="76819456" percent="29" />
      <mem type="loa" free="775168" total="775168" percent="100" />
    </mem>
    <pending-finalizers system="0" default="0" reference="507" classloader="0" />
  </mem-info>
</gc-end>
<cycle-end id="6206" type="global" contextid="6198" timestamp="2019-08-04T20:35:48.659">
  <attribute name="GC Util" value="262" />
  <attribute name="CPU Util" value="8931580782427" />
  <attribute name="Time Running"value="88903"/>
  <attribute name="Number of cores"value="16"/>
</cycle-end>
<allocation-satisfied id="6207" threadId="0000000000CA6100" bytesRequested="16" />
<af-end id="6208" timestamp="2019-08-04T20:35:48.659" threadId="0000000000CA6A88" success="true" />
<exclusive-end id="6209" timestamp="2019-08-04T20:35:48.659" durationms="25.070" />

<concurrent-kickoff id="6210" timestamp="2019-08-04T20:35:48.715">
  <kickoff reason="threshold reached" targetBytes="6150720" thresholdFreeBytes="837621" remainingFree="775168" tenureFreeBytes="775168" />
</concurrent-kickoff>
<exclusive-start id="6211" timestamp="2019-08-04T20:35:48.716" intervalms="81.484">
  <response-info timems="0.652" idlems="0.652" threads="0" lastid="0000000000C9E900" lastname="PmdThread 2" />
</exclusive-start>
<cycle-start id="6212" type="global" contextid="0" timestamp="2019-08-04T20:35:48.716" intervalms="80.775" />
  <attribute name="GC Util" value="262" />
  <attribute name="CPU Util" value="8931580782427" />
  <attribute name="Time Running"value="88903"/>
  <attribute name="Number of cores"value="16"/>
<exclusive-end id="6213" timestamp="2019-08-04T20:35:48.716" durationms="0.028" />

<exclusive-start id="6214" timestamp="2019-08-04T20:35:48.719" intervalms="3.011">
  <response-info timems="2.129" idlems="2.129" threads="0" lastid="0000000000C9E900" lastname="PmdThread 2" />
</exclusive-start>
<af-start id="6215" threadId="0000000000C9F288" totalBytesRequested="40" timestamp="2019-08-04T20:35:48.719" intervalms="84.485" />
<concurrent-aborted id="6216" timestamp="2019-08-04T20:35:48.719">
  <reason value="insufficient progress made" />
</concurrent-aborted>
<cycle-end id="6217" type="global" contextid="6212" timestamp="2019-08-04T20:35:48.719">
  <attribute name="GC Util" value="262" />
  <attribute name="CPU Util" value="8931580782427" />
  <attribute name="Time Running"value="88903"/>
  <attribute name="Number of cores"value="16"/>
</cycle-end>
<cycle-start id="6218" type="global" contextid="0" timestamp="2019-08-04T20:35:48.719" intervalms="3.094" />
  <attribute name="GC Util" value="262" />
  <attribute name="CPU Util" value="8931580782427" />
  <attribute name="Time Running"value="88903"/>
  <attribute name="Number of cores"value="16"/>
<gc-start id="6219" type="global" contextid="6218" timestamp="2019-08-04T20:35:48.719">
  <mem-info id="6220" free="775168" total="77594624" percent="0">
    <mem type="tenure" free="775168" total="77594624" percent="0">
      <mem type="soa" free="0" total="76819456" percent="0" />
      <mem type="loa" free="775168" total="775168" percent="100" />
    </mem>
  </mem-info>
</gc-start>
<allocation-stats totalBytes="22142672" >
  <allocated-bytes non-tlh="1515120" tlh="20627552" />
  <largest-consumer threadName="PmdThread 16" threadId="0000000000CA6100" bytes="3899288" />
</allocation-stats>
<gc-op id="6221" type="mark" timems="16.985" contextid="6218" timestamp="2019-08-04T20:35:48.736">
  <trace-info objectcount="991500" scancount="879063" scanbytes="25158636" />
  <finalization candidates="84" enqueued="0" />
  <ownableSynchronizers candidates="40" cleared="0" />
  <references type="soft" candidates="2013" cleared="6" enqueued="5" dynamicThreshold="9" maxThreshold="32" />
  <references type="weak" candidates="6540" cleared="385" enqueued="385" />
  <references type="phantom" candidates="288" cleared="50" enqueued="50" />
  <stringconstants candidates="15254" cleared="0"  />
</gc-op>
<gc-op id="6222" type="sweep" timems="2.384" contextid="6218" timestamp="2019-08-04T20:35:48.738" />
<heap-resize id="6223" type="expand" space="tenure" amount="6356992" count="1" timems="0.773" reason="insufficient free space following gc" timestamp="2019-08-04T20:35:48.739" />
<gc-end id="6224" type="global" contextid="6218" durationms="20.304" usertimems="128.265" systemtimems="12.293" timestamp="2019-08-04T20:35:48.739" activeThreads="16">
  <mem-info id="6225" free="25213288" total="83951616" percent="30">
    <mem type="tenure" free="25213288" total="83951616" percent="30" micro-fragmented="19325483">
      <mem type="soa" free="24374632" total="83112960" percent="29" />
      <mem type="loa" free="838656" total="838656" percent="100" />
    </mem>
    <pending-finalizers system="0" default="0" reference="440" classloader="0" />
  </mem-info>
</gc-end>
<cycle-end id="6226" type="global" contextid="6218" timestamp="2019-08-04T20:35:48.739">
  <attribute name="GC Util" value="270" />
  <attribute name="CPU Util" value="10345999993169" />
  <attribute name="Time Running"value="88984"/>
  <attribute name="Number of cores"value="16"/>
</cycle-end>
<allocation-satisfied id="6227" threadId="0000000000C9E900" bytesRequested="40" />
<af-end id="6228" timestamp="2019-08-04T20:35:48.739" threadId="0000000000C9F288" success="true" />
<exclusive-end id="6229" timestamp="2019-08-04T20:35:48.739" durationms="20.551" />

<concurrent-kickoff id="6230" timestamp="2019-08-04T20:35:48.787">
  <kickoff reason="threshold reached" targetBytes="6654624" thresholdFreeBytes="906243" remainingFree="848288" tenureFreeBytes="848288" />
</concurrent-kickoff>
<exclusive-start id="6231" timestamp="2019-08-04T20:35:48.787" intervalms="68.694">
  <response-info timems="0.297" idlems="0.152" threads="1" lastid="0000000000C57700" lastname="PmdThread 10" />
</exclusive-start>
<cycle-start id="6232" type="global" contextid="0" timestamp="2019-08-04T20:35:48.788" intervalms="68.608" />
  <attribute name="GC Util" value="270" />
  <attribute name="CPU Util" value="10345999993169" />
  <attribute name="Time Running"value="88984"/>
  <attribute name="Number of cores"value="16"/>
<exclusive-end id="6233" timestamp="2019-08-04T20:35:48.788" durationms="0.024" />

<exclusive-start id="6234" timestamp="2019-08-04T20:35:48.790" intervalms="2.999">
  <response-info timems="2.782" idlems="1.821" threads="2" lastid="0000000000C66700" lastname="PmdThread 11" />
</exclusive-start>
<af-start id="6235" threadId="0000000000C93F88" totalBytesRequested="16" timestamp="2019-08-04T20:35:48.791" intervalms="71.687" />
<concurrent-aborted id="6236" timestamp="2019-08-04T20:35:48.791">
  <reason value="insufficient progress made" />
</concurrent-aborted>
<cycle-end id="6237" type="global" contextid="6232" timestamp="2019-08-04T20:35:48.791">
  <attribute name="GC Util" value="270" />
  <attribute name="CPU Util" value="10345999993169" />
  <attribute name="Time Running"value="88984"/>
  <attribute name="Number of cores"value="16"/>
</cycle-end>
<cycle-start id="6238" type="global" contextid="0" timestamp="2019-08-04T20:35:48.791" intervalms="3.089" />
  <attribute name="GC Util" value="270" />
  <attribute name="CPU Util" value="10345999993169" />
  <attribute name="Time Running"value="88984"/>
  <attribute name="Number of cores"value="16"/>
<gc-start id="6239" type="global" contextid="6238" timestamp="2019-08-04T20:35:48.791">
  <mem-info id="6240" free="838656" total="83951616" percent="0">
    <mem type="tenure" free="838656" total="83951616" percent="0">
      <mem type="soa" free="0" total="83112960" percent="0" />
      <mem type="loa" free="838656" total="838656" percent="100" />
    </mem>
  </mem-info>
</gc-start>
<allocation-stats totalBytes="24049440" >
  <allocated-bytes non-tlh="1149352" tlh="22900088" />
  <largest-consumer threadName="PmdThread 8" threadId="0000000000C84600" bytes="5975696" />
</allocation-stats>
<gc-op id="6241" type="mark" timems="18.895" contextid="6238" timestamp="2019-08-04T20:35:48.810">
  <trace-info objectcount="1033670" scancount="917293" scanbytes="26582948" />
  <finalization candidates="84" enqueued="0" />
  <ownableSynchronizers candidates="40" cleared="0" />
  <references type="soft" candidates="2007" cleared="7" enqueued="7" dynamicThreshold="9" maxThreshold="32" />
  <references type="weak" candidates="6431" cleared="275" enqueued="275" />
  <references type="phantom" candidates="256" cleared="16" enqueued="16" />
  <stringconstants candidates="15260" cleared="0"  />
</gc-op>
<gc-op id="6242" type="sweep" timems="3.083" contextid="6238" timestamp="2019-08-04T20:35:48.813" />
<heap-resize id="6243" type="expand" space="tenure" amount="5963776" count="1" timems="0.620" reason="insufficient free space following gc" timestamp="2019-08-04T20:35:48.813" />
<gc-end id="6244" type="global" contextid="6238" durationms="22.771" usertimems="155.356" systemtimems="19.305" timestamp="2019-08-04T20:35:48.813" activeThreads="16">
  <mem-info id="6245" free="27002136" total="89915392" percent="30">
    <mem type="tenure" free="27002136" total="89915392" percent="30" micro-fragmented="22060399">
      <mem type="soa" free="26103064" total="89016320" percent="29" />
      <mem type="loa" free="899072" total="899072" percent="100" />
    </mem>
    <pending-finalizers system="0" default="0" reference="298" classloader="0" />
  </mem-info>
</gc-end>
<cycle-end id="6246" type="global" contextid="6238" timestamp="2019-08-04T20:35:48.813">
  <attribute name="GC Util" value="396" />
  <attribute name="CPU Util" value="9485502917452" />
  <attribute name="Time Running"value="89057"/>
  <attribute name="Number of cores"value="16"/>
</cycle-end>
<allocation-satisfied id="6247" threadId="0000000000C93600" bytesRequested="16" />
<af-end id="6248" timestamp="2019-08-04T20:35:48.814" threadId="0000000000C93F88" success="true" />
<exclusive-end id="6249" timestamp="2019-08-04T20:35:48.814" durationms="23.048" />

<concurrent-kickoff id="6250" timestamp="2019-08-04T20:35:48.859">
  <kickoff reason="threshold reached" targetBytes="7127356" thresholdFreeBytes="970621" remainingFree="903904" tenureFreeBytes="903904" />
</concurrent-kickoff>
<exclusive-start id="6251" timestamp="2019-08-04T20:35:48.863" intervalms="72.956">
  <response-info timems="3.568" idlems="3.568" threads="0" lastid="0000000000C62B00" lastname="PmdThread 9" />
</exclusive-start>
<af-start id="6252" threadId="0000000000C63488" totalBytesRequested="40" timestamp="2019-08-04T20:35:48.864" intervalms="72.967" />
<concurrent-aborted id="6253" timestamp="2019-08-04T20:35:48.864">
  <reason value="insufficient progress made" />
</concurrent-aborted>
<cycle-end id="6254" type="global" contextid="6232" timestamp="2019-08-04T20:35:48.864">
  <attribute name="GC Util" value="396" />
  <attribute name="CPU Util" value="9485502917452" />
  <attribute name="Time Running"value="89057"/>
  <attribute name="Number of cores"value="16"/>
</cycle-end>
<cycle-start id="6255" type="global" contextid="0" timestamp="2019-08-04T20:35:48.864" intervalms="72.989" />
  <attribute name="GC Util" value="396" />
  <attribute name="CPU Util" value="9485502917452" />
  <attribute name="Time Running"value="89057"/>
  <attribute name="Number of cores"value="16"/>
<gc-start id="6256" type="global" contextid="6255" timestamp="2019-08-04T20:35:48.864">
  <mem-info id="6257" free="899072" total="89915392" percent="0">
    <mem type="tenure" free="899072" total="89915392" percent="0">
      <mem type="soa" free="0" total="89016320" percent="0" />
      <mem type="loa" free="899072" total="899072" percent="100" />
    </mem>
  </mem-info>
</gc-start>
<allocation-stats totalBytes="25876936" >
  <allocated-bytes non-tlh="557232" tlh="25319704" />
  <largest-consumer threadName="PmdThread 12" threadId="0000000000CA2500" bytes="6167392" />
</allocation-stats>
<gc-op id="6258" type="mark" timems="74.847" contextid="6255" timestamp="2019-08-04T20:35:48.939">
  <trace-info objectcount="1094171" scancount="974745" scanbytes="28713252" />
  <finalization candidates="84" enqueued="0" />
  <ownableSynchronizers candidates="40" cleared="0" />
  <references type="soft" candidates="2000" cleared="2" enqueued="2" dynamicThreshold="9" maxThreshold="32" />
  <references type="weak" candidates="6279" cleared="123" enqueued="123" />
  <references type="phantom" candidates="251" cleared="11" enqueued="11" />
  <stringconstants candidates="15280" cleared="0"  />
</gc-op>
<gc-op id="6259" type="sweep" timems="3.079" contextid="6255" timestamp="2019-08-04T20:35:48.942" />
<heap-resize id="6260" type="expand" space="tenure" amount="8585216" count="1" timems="0.726" reason="insufficient free space following gc" timestamp="2019-08-04T20:35:48.943" />
<gc-end id="6261" type="global" contextid="6255" durationms="78.817" usertimems="393.377" systemtimems="161.807" timestamp="2019-08-04T20:35:48.943" activeThreads="16">
  <mem-info id="6262" free="29589184" total="98500608" percent="30">
    <mem type="tenure" free="29589184" total="98500608" percent="30" micro-fragmented="25583629">
      <mem type="soa" free="28605120" total="97516544" percent="29" />
      <mem type="loa" free="984064" total="984064" percent="100" />
    </mem>
    <pending-finalizers system="0" default="0" reference="136" classloader="0" />
  </mem-info>
</gc-end>
<cycle-end id="6263" type="global" contextid="6255" timestamp="2019-08-04T20:35:48.943">
  <attribute name="GC Util" value="301" />
  <attribute name="CPU Util" value="8085353474536" />
  <attribute name="Time Running"value="89187"/>
  <attribute name="Number of cores"value="16"/>
</cycle-end>
<allocation-satisfied id="6264" threadId="0000000000C62B00" bytesRequested="40" />
<af-end id="6265" timestamp="2019-08-04T20:35:48.943" threadId="0000000000C63488" success="true" />
<exclusive-end id="6266" timestamp="2019-08-04T20:35:48.943" durationms="79.191" />

<concurrent-kickoff id="6267" timestamp="2019-08-04T20:35:49.041">
  <kickoff reason="threshold reached" targetBytes="7807883" thresholdFreeBytes="1063297" remainingFree="988408" tenureFreeBytes="988408" />
</concurrent-kickoff>
<exclusive-start id="6268" timestamp="2019-08-04T20:35:49.042" intervalms="178.295">
  <response-info timems="0.183" idlems="0.183" threads="0" lastid="0000000000C62B00" lastname="PmdThread 9" />
</exclusive-start>
<cycle-start id="6269" type="global" contextid="0" timestamp="2019-08-04T20:35:49.042" intervalms="178.178" />
  <attribute name="GC Util" value="301" />
  <attribute name="CPU Util" value="8085353474536" />
  <attribute name="Time Running"value="89187"/>
  <attribute name="Number of cores"value="16"/>
<exclusive-end id="6270" timestamp="2019-08-04T20:35:49.042" durationms="0.034" />

<exclusive-start id="6271" timestamp="2019-08-04T20:35:49.042" intervalms="0.662">
  <response-info timems="0.183" idlems="0.183" threads="0" lastid="0000000000C84600" lastname="PmdThread 8" />
</exclusive-start>
<af-start id="6272" threadId="0000000000C84F88" totalBytesRequested="72" timestamp="2019-08-04T20:35:49.042" intervalms="178.943" />
<concurrent-aborted id="6273" timestamp="2019-08-04T20:35:49.043">
  <reason value="insufficient progress made" />
</concurrent-aborted>
<cycle-end id="6274" type="global" contextid="6269" timestamp="2019-08-04T20:35:49.043">
  <attribute name="GC Util" value="301" />
  <attribute name="CPU Util" value="8085353474536" />
  <attribute name="Time Running"value="89187"/>
  <attribute name="Number of cores"value="16"/>
</cycle-end>
<cycle-start id="6275" type="global" contextid="0" timestamp="2019-08-04T20:35:49.043" intervalms="0.882" />
  <attribute name="GC Util" value="301" />
  <attribute name="CPU Util" value="8085353474536" />
  <attribute name="Time Running"value="89187"/>
  <attribute name="Number of cores"value="16"/>
<gc-start id="6276" type="global" contextid="6275" timestamp="2019-08-04T20:35:49.043">
  <mem-info id="6277" free="984064" total="98500608" percent="0">
    <mem type="tenure" free="984064" total="98500608" percent="0">
      <mem type="soa" free="0" total="97516544" percent="0" />
      <mem type="loa" free="984064" total="984064" percent="100" />
    </mem>
  </mem-info>
</gc-start>
<allocation-stats totalBytes="28264624" >
  <allocated-bytes non-tlh="1507264" tlh="26757360" />
  <largest-consumer threadName="PmdThread 11" threadId="0000000000C66700" bytes="3346008" />
</allocation-stats>
<gc-op id="6278" type="mark" timems="19.799" contextid="6275" timestamp="2019-08-04T20:35:49.063">
  <trace-info objectcount="1129500" scancount="1008913" scanbytes="29800436" />
  <finalization candidates="84" enqueued="0" />
  <ownableSynchronizers candidates="40" cleared="0" />
  <references type="soft" candidates="1998" cleared="0" enqueued="0" dynamicThreshold="9" maxThreshold="32" />
  <references type="weak" candidates="6448" cleared="292" enqueued="292" />
  <references type="phantom" candidates="269" cleared="33" enqueued="33" />
  <stringconstants candidates="15306" cleared="0"  />
</gc-op>
<gc-op id="6279" type="sweep" timems="2.952" contextid="6275" timestamp="2019-08-04T20:35:49.066" />
<heap-resize id="6280" type="expand" space="tenure" amount="4521984" count="1" timems="0.912" reason="insufficient free space following gc" timestamp="2019-08-04T20:35:49.067" />
<gc-end id="6281" type="global" contextid="6275" durationms="23.887" usertimems="153.302" systemtimems="24.782" timestamp="2019-08-04T20:35:49.067" activeThreads="16">
  <mem-info id="6282" free="30910800" total="103022592" percent="30">
    <mem type="tenure" free="30910800" total="103022592" percent="30" micro-fragmented="26070955">
      <mem type="soa" free="29880656" total="101992448" percent="29" />
      <mem type="loa" free="1030144" total="1030144" percent="100" />
    </mem>
    <pending-finalizers system="0" default="0" reference="325" classloader="0" />
  </mem-info>
</gc-end>
<cycle-end id="6283" type="global" contextid="6275" timestamp="2019-08-04T20:35:49.067">
  <attribute name="GC Util" value="337" />
  <attribute name="CPU Util" value="10727375932689" />
  <attribute name="Time Running"value="89310"/>
  <attribute name="Number of cores"value="16"/>
</cycle-end>
<allocation-satisfied id="6284" threadId="0000000000C84600" bytesRequested="72" />
<af-end id="6285" timestamp="2019-08-04T20:35:49.067" threadId="0000000000C84F88" success="true" />
<exclusive-end id="6286" timestamp="2019-08-04T20:35:49.067" durationms="24.407" />

<concurrent-kickoff id="6287" timestamp="2019-08-04T20:35:49.138">
  <kickoff reason="threshold reached" targetBytes="8166329" thresholdFreeBytes="1112111" remainingFree="1048304" tenureFreeBytes="1048304" />
</concurrent-kickoff>
<exclusive-start id="6288" timestamp="2019-08-04T20:35:49.139" intervalms="96.515">
  <response-info timems="0.230" idlems="0.230" threads="0" lastid="0000000000C62B00" lastname="PmdThread 9" />
</exclusive-start>
<cycle-start id="6289" type="global" contextid="0" timestamp="2019-08-04T20:35:49.139" intervalms="96.292" />
  <attribute name="GC Util" value="337" />
  <attribute name="CPU Util" value="10727375932689" />
  <attribute name="Time Running"value="89310"/>
  <attribute name="Number of cores"value="16"/>
<exclusive-end id="6290" timestamp="2019-08-04T20:35:49.139" durationms="0.030" />

<exclusive-start id="6291" timestamp="2019-08-04T20:35:49.140" intervalms="1.292">
  <response-info timems="0.332" idlems="0.332" threads="0" lastid="0000000000CA2500" lastname="PmdThread 12" />
</exclusive-start>
<af-start id="6292" threadId="0000000000CA2E88" totalBytesRequested="32" timestamp="2019-08-04T20:35:49.140" intervalms="97.794" />
<concurrent-aborted id="6293" timestamp="2019-08-04T20:35:49.140">
  <reason value="insufficient progress made" />
</concurrent-aborted>
<cycle-end id="6294" type="global" contextid="6289" timestamp="2019-08-04T20:35:49.140">
  <attribute name="GC Util" value="337" />
  <attribute name="CPU Util" value="10727375932689" />
  <attribute name="Time Running"value="89310"/>
  <attribute name="Number of cores"value="16"/>
</cycle-end>
<cycle-start id="6295" type="global" contextid="0" timestamp="2019-08-04T20:35:49.140" intervalms="1.352" />
  <attribute name="GC Util" value="337" />
  <attribute name="CPU Util" value="10727375932689" />
  <attribute name="Time Running"value="89310"/>
  <attribute name="Number of cores"value="16"/>
<gc-start id="6296" type="global" contextid="6295" timestamp="2019-08-04T20:35:49.140">
  <mem-info id="6297" free="1030144" total="103022592" percent="0">
    <mem type="tenure" free="1030144" total="103022592" percent="0">
      <mem type="soa" free="0" total="101992448" percent="0" />
      <mem type="loa" free="1030144" total="1030144" percent="100" />
    </mem>
  </mem-info>
</gc-start>
<allocation-stats totalBytes="29454584" >
  <allocated-bytes non-tlh="1364072" tlh="28090512" />
  <largest-consumer threadName="PmdThread 11" threadId="0000000000C66700" bytes="5405912" />
</allocation-stats>
<gc-op id="6298" type="mark" timems="18.213" contextid="6295" timestamp="2019-08-04T20:35:49.159">
  <trace-info objectcount="1072633" scancount="956564" scanbytes="27845296" />
  <finalization candidates="84" enqueued="0" />
  <ownableSynchronizers candidates="40" cleared="0" />
  <references type="soft" candidates="1998" cleared="0" enqueued="0" dynamicThreshold="9" maxThreshold="32" />
  <references type="weak" candidates="6537" cleared="380" enqueued="379" />
  <references type="phantom" candidates="270" cleared="34" enqueued="34" />
  <stringconstants candidates="15327" cleared="0"  />
</gc-op>
<gc-op id="6299" type="sweep" timems="1.967" contextid="6295" timestamp="2019-08-04T20:35:49.161" />
<heap-resize id="6300" type="expand" space="tenure" amount="17563648" count="1" timems="0.948" reason="excessive time being spent in gc" timestamp="2019-08-04T20:35:49.162" />
<gc-end id="6301" type="global" contextid="6295" durationms="21.276" usertimems="144.003" systemtimems="13.154" timestamp="2019-08-04T20:35:49.162" activeThreads="16">
  <mem-info id="6302" free="54622408" total="120586240" percent="45">
    <mem type="tenure" free="54622408" total="120586240" percent="45" micro-fragmented="22677499">
      <mem type="soa" free="53417160" total="119380992" percent="44" />
      <mem type="loa" free="1205248" total="1205248" percent="100" />
    </mem>
    <pending-finalizers system="0" default="0" reference="413" classloader="0" />
  </mem-info>
</gc-end>
<cycle-end id="6303" type="global" contextid="6295" timestamp="2019-08-04T20:35:49.162">
  <attribute name="GC Util" value="337" />
  <attribute name="CPU Util" value="12627982390267" />
  <attribute name="Time Running"value="89406"/>
  <attribute name="Number of cores"value="16"/>
</cycle-end>
<allocation-satisfied id="6304" threadId="0000000000CA2500" bytesRequested="32" />
<af-end id="6305" timestamp="2019-08-04T20:35:49.162" threadId="0000000000CA2E88" success="true" />
<exclusive-end id="6306" timestamp="2019-08-04T20:35:49.162" durationms="21.655" />

<concurrent-kickoff id="6307" timestamp="2019-08-04T20:35:49.272">
  <kickoff reason="threshold reached" targetBytes="9558554" thresholdFreeBytes="1301708" remainingFree="1240600" tenureFreeBytes="1240600" />
</concurrent-kickoff>
<exclusive-start id="6308" timestamp="2019-08-04T20:35:49.273" intervalms="132.491">
  <response-info timems="0.244" idlems="0.244" threads="0" lastid="0000000000C62B00" lastname="PmdThread 9" />
</exclusive-start>
<af-start id="6309" threadId="0000000000C63488" totalBytesRequested="64" timestamp="2019-08-04T20:35:49.273" intervalms="132.505" />
<concurrent-aborted id="6310" timestamp="2019-08-04T20:35:49.273">
  <reason value="insufficient progress made" />
</concurrent-aborted>
<cycle-end id="6311" type="global" contextid="6289" timestamp="2019-08-04T20:35:49.273">
  <attribute name="GC Util" value="337" />
  <attribute name="CPU Util" value="12627982390267" />
  <attribute name="Time Running"value="89406"/>
  <attribute name="Number of cores"value="16"/>
</cycle-end>
<cycle-start id="6312" type="global" contextid="0" timestamp="2019-08-04T20:35:49.273" intervalms="132.512" />
  <attribute name="GC Util" value="337" />
  <attribute name="CPU Util" value="12627982390267" />
  <attribute name="Time Running"value="89406"/>
  <attribute name="Number of cores"value="16"/>
<gc-start id="6313" type="global" contextid="6312" timestamp="2019-08-04T20:35:49.273">
  <mem-info id="6314" free="1205248" total="120586240" percent="0">
    <mem type="tenure" free="1205248" total="120586240" percent="0">
      <mem type="soa" free="0" total="119380992" percent="0" />
      <mem type="loa" free="1205248" total="1205248" percent="100" />
    </mem>
  </mem-info>
</gc-start>
<allocation-stats totalBytes="52905944" >
  <allocated-bytes non-tlh="3188032" tlh="49717912" />
  <largest-consumer threadName="PmdThread 11" threadId="0000000000C66700" bytes="10672480" />
</allocation-stats>
<gc-op id="6315" type="mark" timems="31.286" contextid="6312" timestamp="2019-08-04T20:35:49.304">
  <trace-info objectcount="1147142" scancount="1028336" scanbytes="30449876" />
  <finalization candidates="84" enqueued="0" />
  <ownableSynchronizers candidates="40" cleared="0" />
  <references type="soft" candidates="1998" cleared="0" enqueued="0" dynamicThreshold="14" maxThreshold="32" />
  <references type="weak" candidates="6630" cleared="473" enqueued="473" />
  <references type="phantom" candidates="297" cleared="59" enqueued="59" />
  <stringconstants candidates="15365" cleared="0"  />
</gc-op>
<gc-op id="6316" type="sweep" timems="2.517" contextid="6312" timestamp="2019-08-04T20:35:49.307" />
<heap-resize id="6317" type="expand" space="tenure" amount="20512768" count="1" timems="1.138" reason="excessive time being spent in gc" timestamp="2019-08-04T20:35:49.308" />
<gc-end id="6318" type="global" contextid="6312" durationms="35.099" usertimems="226.965" systemtimems="80.754" timestamp="2019-08-04T20:35:49.308" activeThreads="16">
  <mem-info id="6319" free="66551352" total="141099008" percent="47">
    <mem type="tenure" free="66551352" total="141099008" percent="47" micro-fragmented="27019898">
      <mem type="soa" free="65141304" total="139688960" percent="46" />
      <mem type="loa" free="1410048" total="1410048" percent="100" />
    </mem>
    <pending-finalizers system="0" default="0" reference="532" classloader="0" />
  </mem-info>
</gc-end>
<cycle-end id="6320" type="global" contextid="6312" timestamp="2019-08-04T20:35:49.308">
  <attribute name="GC Util" value="374" />
  <attribute name="CPU Util" value="10247005885745" />
  <attribute name="Time Running"value="89552"/>
  <attribute name="Number of cores"value="16"/>
</cycle-end>
<allocation-satisfied id="6321" threadId="0000000000C62B00" bytesRequested="64" />
<af-end id="6322" timestamp="2019-08-04T20:35:49.308" threadId="0000000000C63488" success="true" />
<exclusive-end id="6323" timestamp="2019-08-04T20:35:49.308" durationms="35.628" />

<concurrent-kickoff id="6324" timestamp="2019-08-04T20:35:49.426">
  <kickoff reason="threshold reached" targetBytes="11184547" thresholdFreeBytes="1523140" remainingFree="1433360" tenureFreeBytes="1433360" />
</concurrent-kickoff>
<exclusive-start id="6325" timestamp="2019-08-04T20:35:49.427" intervalms="154.432">
  <response-info timems="0.986" idlems="0.623" threads="1" lastid="0000000000C93600" lastname="PmdThread 13" />
</exclusive-start>
<cycle-start id="6326" type="global" contextid="0" timestamp="2019-08-04T20:35:49.427" intervalms="154.356" />
  <attribute name="GC Util" value="374" />
  <attribute name="CPU Util" value="10247005885745" />
  <attribute name="Time Running"value="89552"/>
  <attribute name="Number of cores"value="16"/>
<exclusive-end id="6327" timestamp="2019-08-04T20:35:49.427" durationms="0.036" />

<exclusive-start id="6328" timestamp="2019-08-04T20:35:49.428" intervalms="0.399">
  <response-info timems="0.227" idlems="0.227" threads="0" lastid="0000000000C53B00" lastname="PmdThread 5" />
</exclusive-start>
<af-start id="6329" threadId="0000000000C54488" totalBytesRequested="40" timestamp="2019-08-04T20:35:49.428" intervalms="154.861" />
<concurrent-aborted id="6330" timestamp="2019-08-04T20:35:49.428">
  <reason value="insufficient progress made" />
</concurrent-aborted>
<cycle-end id="6331" type="global" contextid="6326" timestamp="2019-08-04T20:35:49.428">
  <attribute name="GC Util" value="374" />
  <attribute name="CPU Util" value="10247005885745" />
  <attribute name="Time Running"value="89552"/>
  <attribute name="Number of cores"value="16"/>
</cycle-end>
<cycle-start id="6332" type="global" contextid="0" timestamp="2019-08-04T20:35:49.428" intervalms="0.495" />
  <attribute name="GC Util" value="374" />
  <attribute name="CPU Util" value="10247005885745" />
  <attribute name="Time Running"value="89552"/>
  <attribute name="Number of cores"value="16"/>
<gc-start id="6333" type="global" contextid="6332" timestamp="2019-08-04T20:35:49.428">
  <mem-info id="6334" free="1410048" total="141099008" percent="0">
    <mem type="tenure" free="1410048" total="141099008" percent="0">
      <mem type="soa" free="0" total="139688960" percent="0" />
      <mem type="loa" free="1410048" total="1410048" percent="100" />
    </mem>
  </mem-info>
</gc-start>
<allocation-stats totalBytes="64203568" >
  <allocated-bytes non-tlh="3553040" tlh="60650528" />
  <largest-consumer threadName="PmdThread 1" threadId="0000000000C5B300" bytes="9174000" />
</allocation-stats>
<gc-op id="6335" type="mark" timems="25.759" contextid="6332" timestamp="2019-08-04T20:35:49.454">
  <trace-info objectcount="1171517" scancount="1053608" scanbytes="31286992" />
  <finalization candidates="84" enqueued="0" />
  <ownableSynchronizers candidates="40" cleared="0" />
  <references type="soft" candidates="1998" cleared="0" enqueued="0" dynamicThreshold="15" maxThreshold="32" />
  <references type="weak" candidates="7133" cleared="970" enqueued="962" />
  <references type="phantom" candidates="332" cleared="95" enqueued="95" />
  <stringconstants candidates="15426" cleared="0"  />
</gc-op>
<gc-op id="6336" type="sweep" timems="2.400" contextid="6332" timestamp="2019-08-04T20:35:49.456" />
<heap-resize id="6337" type="expand" space="tenure" amount="24051712" count="1" timems="1.385" reason="excessive time being spent in gc" timestamp="2019-08-04T20:35:49.457" />
<gc-end id="6338" type="global" contextid="6332" durationms="29.698" usertimems="224.207" systemtimems="27.151" timestamp="2019-08-04T20:35:49.457" activeThreads="16">
  <mem-info id="6339" free="87265712" total="165150720" percent="52">
    <mem type="tenure" free="87265712" total="165150720" percent="52" micro-fragmented="27875798">
      <mem type="soa" free="85615024" total="163500032" percent="52" />
      <mem type="loa" free="1650688" total="1650688" percent="100" />
    </mem>
    <pending-finalizers system="0" default="0" reference="1057" classloader="0" />
  </mem-info>
</gc-end>
<cycle-end id="6340" type="global" contextid="6332" timestamp="2019-08-04T20:35:49.458">
  <attribute name="GC Util" value="378" />
  <attribute name="CPU Util" value="9529535903009" />
  <attribute name="Time Running"value="89701"/>
  <attribute name="Number of cores"value="16"/>
</cycle-end>
<allocation-satisfied id="6341" threadId="0000000000C53B00" bytesRequested="40" />
<af-end id="6342" timestamp="2019-08-04T20:35:49.458" threadId="0000000000C54488" success="true" />
<exclusive-end id="6343" timestamp="2019-08-04T20:35:49.458" durationms="30.176" />

<concurrent-kickoff id="6344" timestamp="2019-08-04T20:35:49.561">
  <kickoff reason="threshold reached" targetBytes="13091062" thresholdFreeBytes="1782774" remainingFree="1736240" tenureFreeBytes="1736240" />
</concurrent-kickoff>
<exclusive-start id="6345" timestamp="2019-08-04T20:35:49.561" intervalms="133.622">
  <response-info timems="0.427" idlems="0.336" threads="1" lastid="0000000000C5B300" lastname="PmdThread 1" />
</exclusive-start>
<af-start id="6346" threadId="0000000000C84F88" totalBytesRequested="40" timestamp="2019-08-04T20:35:49.561" intervalms="133.642" />
<concurrent-aborted id="6347" timestamp="2019-08-04T20:35:49.561">
  <reason value="insufficient progress made" />
</concurrent-aborted>
<cycle-end id="6348" type="global" contextid="6326" timestamp="2019-08-04T20:35:49.561">
  <attribute name="GC Util" value="378" />
  <attribute name="CPU Util" value="9529535903009" />
  <attribute name="Time Running"value="89701"/>
  <attribute name="Number of cores"value="16"/>
</cycle-end>
<cycle-start id="6349" type="global" contextid="0" timestamp="2019-08-04T20:35:49.561" intervalms="133.667" />
  <attribute name="GC Util" value="378" />
  <attribute name="CPU Util" value="9529535903009" />
  <attribute name="Time Running"value="89701"/>
  <attribute name="Number of cores"value="16"/>
<gc-start id="6350" type="global" contextid="6349" timestamp="2019-08-04T20:35:49.562">
  <mem-info id="6351" free="1650688" total="165150720" percent="0">
    <mem type="tenure" free="1650688" total="165150720" percent="0">
      <mem type="soa" free="0" total="163500032" percent="0" />
      <mem type="loa" free="1650688" total="1650688" percent="100" />
    </mem>
  </mem-info>
</gc-start>
<allocation-stats totalBytes="84639616" >
  <allocated-bytes non-tlh="4605160" tlh="80034456" />
  <largest-consumer threadName="PmdThread 7" threadId="0000000000C79200" bytes="11026040" />
</allocation-stats>
<gc-op id="6352" type="mark" timems="19.120" contextid="6349" timestamp="2019-08-04T20:35:49.581">
  <trace-info objectcount="1098612" scancount="985121" scanbytes="28838944" />
  <finalization candidates="84" enqueued="0" />
  <ownableSynchronizers candidates="40" cleared="0" />
  <references type="soft" candidates="1998" cleared="0" enqueued="0" dynamicThreshold="16" maxThreshold="32" />
  <references type="weak" candidates="7605" cleared="1441" enqueued="1435" />
  <references type="phantom" candidates="358" cleared="114" enqueued="114" />
  <stringconstants candidates="15503" cleared="0"  />
</gc-op>
<gc-op id="6353" type="sweep" timems="2.844" contextid="6349" timestamp="2019-08-04T20:35:49.584" />
<heap-resize id="6354" type="expand" space="tenure" amount="7536640" count="1" timems="1.572" reason="excessive time being spent in gc" timestamp="2019-08-04T20:35:49.585" />
<gc-end id="6355" type="global" contextid="6349" durationms="24.002" usertimems="181.086" systemtimems="15.941" timestamp="2019-08-04T20:35:49.586" activeThreads="16">
  <mem-info id="6356" free="103618800" total="172687360" percent="60">
    <mem type="tenure" free="103618800" total="172687360" percent="60" micro-fragmented="22928722">
      <mem type="soa" free="101892336" total="170960896" percent="59" />
      <mem type="loa" free="1726464" total="1726464" percent="100" />
    </mem>
    <pending-finalizers system="0" default="0" reference="1549" classloader="0" />
  </mem-info>
</gc-end>
<cycle-end id="6357" type="global" contextid="6349" timestamp="2019-08-04T20:35:49.586">
  <attribute name="GC Util" value="399" />
  <attribute name="CPU Util" value="8204659880557" />
  <attribute name="Time Running"value="89829"/>
  <attribute name="Number of cores"value="16"/>
</cycle-end>
<allocation-satisfied id="6358" threadId="0000000000C84600" bytesRequested="40" />
<af-end id="6359" timestamp="2019-08-04T20:35:49.586" threadId="0000000000C84F88" success="true" />
<exclusive-end id="6360" timestamp="2019-08-04T20:35:49.586" durationms="24.828" />

<concurrent-kickoff id="6361" timestamp="2019-08-04T20:35:49.795">
  <kickoff reason="threshold reached" targetBytes="13688473" thresholdFreeBytes="1864131" remainingFree="1801760" tenureFreeBytes="1801760" />
</concurrent-kickoff>
<exclusive-start id="6362" timestamp="2019-08-04T20:35:49.796" intervalms="234.427">
  <response-info timems="0.038" idlems="0.038" threads="0" lastid="0000000000C84600" lastname="PmdThread 8" />
</exclusive-start>
<cycle-start id="6363" type="global" contextid="0" timestamp="2019-08-04T20:35:49.796" intervalms="234.280" />
  <attribute name="GC Util" value="399" />
  <attribute name="CPU Util" value="8204659880557" />
  <attribute name="Time Running"value="89829"/>
  <attribute name="Number of cores"value="16"/>
<exclusive-end id="6364" timestamp="2019-08-04T20:35:49.796" durationms="0.025" />

<exclusive-start id="6365" timestamp="2019-08-04T20:35:49.796" intervalms="0.472">
  <response-info timems="0.031" idlems="0.031" threads="0" lastid="0000000000C84600" lastname="PmdThread 8" />
</exclusive-start>
<af-start id="6366" threadId="0000000000C84F88" totalBytesRequested="40" timestamp="2019-08-04T20:35:49.796" intervalms="234.823" />
<concurrent-aborted id="6367" timestamp="2019-08-04T20:35:49.796">
  <reason value="insufficient progress made" />
</concurrent-aborted>
<cycle-end id="6368" type="global" contextid="6363" timestamp="2019-08-04T20:35:49.796">
  <attribute name="GC Util" value="399" />
  <attribute name="CPU Util" value="8204659880557" />
  <attribute name="Time Running"value="89829"/>
  <attribute name="Number of cores"value="16"/>
</cycle-end>
<cycle-start id="6369" type="global" contextid="0" timestamp="2019-08-04T20:35:49.796" intervalms="0.514" />
  <attribute name="GC Util" value="399" />
  <attribute name="CPU Util" value="8204659880557" />
  <attribute name="Time Running"value="89829"/>
  <attribute name="Number of cores"value="16"/>
<gc-start id="6370" type="global" contextid="6369" timestamp="2019-08-04T20:35:49.796">
  <mem-info id="6371" free="1726464" total="172687360" percent="0">
    <mem type="tenure" free="1726464" total="172687360" percent="0">
      <mem type="soa" free="0" total="170960896" percent="0" />
      <mem type="loa" free="1726464" total="1726464" percent="100" />
    </mem>
  </mem-info>
</gc-start>
<allocation-stats totalBytes="100470360" >
  <allocated-bytes non-tlh="4172504" tlh="96297856" />
  <largest-consumer threadName="PmdThread 8" threadId="0000000000C84600" bytes="42201224" />
</allocation-stats>
<gc-op id="6372" type="mark" timems="33.653" contextid="6369" timestamp="2019-08-04T20:35:49.830">
  <trace-info objectcount="1037412" scancount="929813" scanbytes="26883808" />
  <finalization candidates="84" enqueued="0" />
  <ownableSynchronizers candidates="40" cleared="15" />
  <references type="soft" candidates="1985" cleared="0" enqueued="0" dynamicThreshold="19" maxThreshold="32" />
  <references type="weak" candidates="8240" cleared="2153" enqueued="2153" />
  <references type="phantom" candidates="336" cleared="95" enqueued="95" />
  <stringconstants candidates="15606" cleared="0"  />
</gc-op>
<gc-op id="6373" type="sweep" timems="3.301" contextid="6369" timestamp="2019-08-04T20:35:49.833" />
<gc-end id="6374" type="global" contextid="6369" durationms="37.272" usertimems="261.096" systemtimems="98.245" timestamp="2019-08-04T20:35:49.833" activeThreads="16">
  <mem-info id="6375" free="109747656" total="172687360" percent="63">
    <mem type="tenure" free="109747656" total="172687360" percent="63" micro-fragmented="21251110">
      <mem type="soa" free="108021192" total="170960896" percent="63" />
      <mem type="loa" free="1726464" total="1726464" percent="100" />
    </mem>
    <pending-finalizers system="0" default="0" reference="2248" classloader="0" />
  </mem-info>
</gc-end>
<cycle-end id="6376" type="global" contextid="6369" timestamp="2019-08-04T20:35:49.834">
  <attribute name="GC Util" value="332" />
  <attribute name="CPU Util" value="7085877135813" />
  <attribute name="Time Running"value="90078"/>
  <attribute name="Number of cores"value="16"/>
</cycle-end>
<allocation-satisfied id="6377" threadId="0000000000C84600" bytesRequested="40" />
<af-end id="6378" timestamp="2019-08-04T20:35:49.834" threadId="0000000000C84F88" success="true" />
<exclusive-end id="6379" timestamp="2019-08-04T20:35:49.834" durationms="37.541" />

===== DaCapo 9.12-MR1 pmd PASSED in 2665 msec =====
Using scaled threading model. 16 processors detected, 16 threads used to drive the workload, in a possible range of [1,512]
<exclusive-start id="6380" timestamp="2019-08-04T20:35:50.206" intervalms="409.587">
  <response-info timems="0.017" idlems="0.017" threads="0" lastid="0000000000968F00" lastname="main" />
</exclusive-start>
<sys-start reason="explicit" id="6381" timestamp="2019-08-04T20:35:50.206" intervalms="2976.294" />
<cycle-start id="6382" type="global" contextid="0" timestamp="2019-08-04T20:35:50.206" intervalms="409.593" />
  <attribute name="GC Util" value="332" />
  <attribute name="CPU Util" value="7085877135813" />
  <attribute name="Time Running"value="90078"/>
  <attribute name="Number of cores"value="16"/>
<gc-start id="6383" type="global" contextid="6382" timestamp="2019-08-04T20:35:50.206">
  <mem-info id="6384" free="72038080" total="172687360" percent="41">
    <mem type="tenure" free="72038080" total="172687360" percent="41">
      <mem type="soa" free="70311616" total="170960896" percent="41" />
      <mem type="loa" free="1726464" total="1726464" percent="100" />
    </mem>
  </mem-info>
</gc-start>
<allocation-stats totalBytes="37483688" >
  <allocated-bytes non-tlh="3604248" tlh="33879440" />
  <largest-consumer threadName="main" threadId="0000000000968F00" bytes="9644080" />
</allocation-stats>
<gc-op id="6385" type="mark" timems="20.292" contextid="6382" timestamp="2019-08-04T20:35:50.226">
  <trace-info objectcount="605289" scancount="524345" scanbytes="13538984" />
  <finalization candidates="152" enqueued="1" />
  <ownableSynchronizers candidates="27" cleared="4" />
  <references type="soft" candidates="1888" cleared="0" enqueued="0" dynamicThreshold="20" maxThreshold="32" />
  <references type="weak" candidates="6292" cleared="36" enqueued="33" />
  <references type="phantom" candidates="254" cleared="14" enqueued="14" />
  <stringconstants candidates="15803" cleared="1769"  />
</gc-op>
<gc-op id="6386" type="classunload" timems="12.708" contextid="6382" timestamp="2019-08-04T20:35:50.239">
  <classunload-info classloadercandidates="58" classloadersunloaded="4" classesunloaded="1006" anonymousclassesunloaded="0" quiescems="0.000" setupms="5.770" scanms="6.931" postms="0.007" />
</gc-op>
<gc-op id="6387" type="sweep" timems="2.935" contextid="6382" timestamp="2019-08-04T20:35:50.242" />
<mem-info id="6388" free="151708968" total="172687360" percent="87">
  <mem type="tenure" free="151708968" total="172687360" percent="87" micro-fragmented="54787">
    <mem type="soa" free="149982504" total="170960896" percent="87" />
    <mem type="loa" free="1726464" total="1726464" percent="100" />
  </mem>
  <pending-finalizers system="1" default="0" reference="47" classloader="0" />
</mem-info>
<gc-op id="6389" type="compact" timems="151.137" contextid="6382" timestamp="2019-08-04T20:35:50.393">
  <compact-info movecount="601910" movebytes="20607688" reason="compact on aggressive collection" />
</gc-op>
<gc-end id="6390" type="global" contextid="6382" durationms="187.514" usertimems="253.379" systemtimems="25.776" timestamp="2019-08-04T20:35:50.393" activeThreads="16">
  <mem-info id="6391" free="151903912" total="172687360" percent="87">
    <mem type="tenure" free="151903912" total="172687360" percent="87">
      <mem type="soa" free="150177448" total="170960896" percent="87" />
      <mem type="loa" free="1726464" total="1726464" percent="100" />
    </mem>
    <pending-finalizers system="1" default="0" reference="47" classloader="0" />
  </mem-info>
</gc-end>
<cycle-end id="6392" type="global" contextid="6382" timestamp="2019-08-04T20:35:50.395">
  <attribute name="GC Util" value="221" />
  <attribute name="CPU Util" value="22249947687801" />
  <attribute name="Time Running"value="90488"/>
  <attribute name="Number of cores"value="16"/>
</cycle-end>
<sys-end id="6393" timestamp="2019-08-04T20:35:50.395" />
<exclusive-end id="6394" timestamp="2019-08-04T20:35:50.395" durationms="189.223" />

===== DaCapo 9.12-MR1 sunflow starting =====
<concurrent-kickoff id="6395" timestamp="2019-08-04T20:35:50.825">
  <kickoff reason="threshold reached" targetBytes="13688473" thresholdFreeBytes="1864131" remainingFree="1829600" tenureFreeBytes="1829600" />
</concurrent-kickoff>
<exclusive-start id="6396" timestamp="2019-08-04T20:35:50.826" intervalms="620.590">
  <response-info timems="1.347" idlems="0.533" threads="2" lastid="0000000000C7CE00" lastname="Thread-21" />
</exclusive-start>
<af-start id="6397" threadId="0000000000C67088" totalBytesRequested="24" timestamp="2019-08-04T20:35:50.826" intervalms="1030.266" />
<concurrent-aborted id="6398" timestamp="2019-08-04T20:35:50.826">
  <reason value="insufficient progress made" />
</concurrent-aborted>
<cycle-end id="6399" type="global" contextid="0" timestamp="2019-08-04T20:35:50.826">
  <attribute name="GC Util" value="221" />
  <attribute name="CPU Util" value="22249947687801" />
  <attribute name="Time Running"value="90488"/>
  <attribute name="Number of cores"value="16"/>
</cycle-end>
<cycle-start id="6400" type="global" contextid="0" timestamp="2019-08-04T20:35:50.826" intervalms="620.681" />
  <attribute name="GC Util" value="221" />
  <attribute name="CPU Util" value="22249947687801" />
  <attribute name="Time Running"value="90488"/>
  <attribute name="Number of cores"value="16"/>
<gc-start id="6401" type="global" contextid="6400" timestamp="2019-08-04T20:35:50.827">
  <mem-info id="6402" free="1726464" total="172687360" percent="0">
    <mem type="tenure" free="1726464" total="172687360" percent="0">
      <mem type="soa" free="0" total="170960896" percent="0" />
      <mem type="loa" free="1726464" total="1726464" percent="100" />
    </mem>
  </mem-info>
</gc-start>
<allocation-stats totalBytes="150103904" >
  <allocated-bytes non-tlh="3310544" tlh="146793360" />
  <largest-consumer threadName="Thread-27" threadId="0000000000C84600" bytes="16758224" />
</allocation-stats>
<gc-op id="6403" type="mark" timems="11.246" contextid="6400" timestamp="2019-08-04T20:35:50.838">
  <trace-info objectcount="729717" scancount="646706" scanbytes="18830576" />
  <finalization candidates="151" enqueued="0" />
  <ownableSynchronizers candidates="23" cleared="0" />
  <references type="soft" candidates="1903" cleared="0" enqueued="0" dynamicThreshold="28" maxThreshold="32" />
  <references type="weak" candidates="6294" cleared="25" enqueued="25" />
  <references type="phantom" candidates="222" cleared="0" enqueued="0" />
  <stringconstants candidates="14592" cleared="1"  />
</gc-op>
<gc-op id="6404" type="sweep" timems="1.141" contextid="6400" timestamp="2019-08-04T20:35:50.839" />
<gc-end id="6405" type="global" contextid="6400" durationms="12.747" usertimems="70.976" systemtimems="6.944" timestamp="2019-08-04T20:35:50.839" activeThreads="16">
  <mem-info id="6406" free="85864656" total="172687360" percent="49">
    <mem type="tenure" free="85864656" total="172687360" percent="49" micro-fragmented="770035">
      <mem type="soa" free="84138960" total="170960896" percent="49" />
      <mem type="loa" free="1725696" total="1726464" percent="99" />
    </mem>
    <pending-finalizers system="0" default="0" reference="25" classloader="0" />
  </mem-info>
</gc-end>
<cycle-end id="6407" type="global" contextid="6400" timestamp="2019-08-04T20:35:50.839">
  <attribute name="GC Util" value="617" />
  <attribute name="CPU Util" value="1604075249846" />
  <attribute name="Time Running"value="91084"/>
  <attribute name="Number of cores"value="16"/>
</cycle-end>
<allocation-satisfied id="6408" threadId="0000000000C66700" bytesRequested="24" />
<af-end id="6409" timestamp="2019-08-04T20:35:50.839" threadId="0000000000C67088" success="true" />
<exclusive-end id="6410" timestamp="2019-08-04T20:35:50.839" durationms="13.253" />

<concurrent-kickoff id="6411" timestamp="2019-08-04T20:35:51.071">
  <kickoff reason="threshold reached" targetBytes="13688473" thresholdFreeBytes="1864131" remainingFree="1725696" tenureFreeBytes="1725696" />
</concurrent-kickoff>
<exclusive-start id="6412" timestamp="2019-08-04T20:35:51.072" intervalms="245.708">
  <response-info timems="0.546" idlems="0.546" threads="0" lastid="0000000000C84600" lastname="Thread-27" />
</exclusive-start>
<af-start id="6413" threadId="0000000000C84F88" totalBytesRequested="40" timestamp="2019-08-04T20:35:51.072" intervalms="245.754" />
<concurrent-aborted id="6414" timestamp="2019-08-04T20:35:51.073">
  <reason value="insufficient progress made" />
</concurrent-aborted>
<cycle-end id="6415" type="global" contextid="0" timestamp="2019-08-04T20:35:51.073">
  <attribute name="GC Util" value="2" />
  <attribute name="CPU Util" value="78717483943" />
  <attribute name="Time Running"value="91318"/>
  <attribute name="Number of cores"value="16"/>
</cycle-end>
<cycle-start id="6416" type="global" contextid="0" timestamp="2019-08-04T20:35:51.073" intervalms="246.545" />
  <attribute name="GC Util" value="2" />
  <attribute name="CPU Util" value="78717483943" />
  <attribute name="Time Running"value="91318"/>
  <attribute name="Number of cores"value="16"/>
<gc-start id="6417" type="global" contextid="6416" timestamp="2019-08-04T20:35:51.073">
  <mem-info id="6418" free="1726464" total="172687360" percent="0">
    <mem type="tenure" free="1726464" total="172687360" percent="0">
      <mem type="soa" free="0" total="170960896" percent="0" />
      <mem type="loa" free="1726464" total="1726464" percent="100" />
    </mem>
  </mem-info>
</gc-start>
<allocation-stats totalBytes="141939408" >
  <allocated-bytes non-tlh="114336" tlh="141825072" />
  <largest-consumer threadName="Thread-32" threadId="0000000000C66700" bytes="13237520" />
</allocation-stats>
<gc-op id="6419" type="mark" timems="9.689" contextid="6416" timestamp="2019-08-04T20:35:51.083">
  <trace-info objectcount="731727" scancount="648762" scanbytes="18878424" />
  <finalization candidates="151" enqueued="0" />
  <ownableSynchronizers candidates="23" cleared="0" />
  <references type="soft" candidates="1903" cleared="3" enqueued="3" dynamicThreshold="15" maxThreshold="32" />
  <references type="weak" candidates="6269" cleared="0" enqueued="0" />
  <references type="phantom" candidates="222" cleared="0" enqueued="0" />
  <stringconstants candidates="14591" cleared="0"  />
</gc-op>
<gc-op id="6420" type="sweep" timems="1.312" contextid="6416" timestamp="2019-08-04T20:35:51.084" />
<gc-end id="6421" type="global" contextid="6416" durationms="11.353" usertimems="60.114" systemtimems="3.772" timestamp="2019-08-04T20:35:51.084" activeThreads="16">
  <mem-info id="6422" free="94714832" total="172687360" percent="54">
    <mem type="tenure" free="94714832" total="172687360" percent="54" micro-fragmented="779610">
      <mem type="soa" free="92988976" total="170960896" percent="54" />
      <mem type="loa" free="1725856" total="1726464" percent="99" />
    </mem>
    <pending-finalizers system="0" default="0" reference="3" classloader="0" />
  </mem-info>
</gc-end>
<cycle-end id="6423" type="global" contextid="6416" timestamp="2019-08-04T20:35:51.084">
  <attribute name="GC Util" value="576" />
  <attribute name="CPU Util" value="1848525588363" />
  <attribute name="Time Running"value="91329"/>
  <attribute name="Number of cores"value="16"/>
</cycle-end>
<allocation-satisfied id="6424" threadId="0000000000C84600" bytesRequested="40" />
<af-end id="6425" timestamp="2019-08-04T20:35:51.084" threadId="0000000000C84F88" success="true" />
<exclusive-end id="6426" timestamp="2019-08-04T20:35:51.084" durationms="12.489" />

<concurrent-kickoff id="6427" timestamp="2019-08-04T20:35:51.336">
  <kickoff reason="threshold reached" targetBytes="13688473" thresholdFreeBytes="1864131" remainingFree="1725856" tenureFreeBytes="1725856" />
</concurrent-kickoff>
<exclusive-start id="6428" timestamp="2019-08-04T20:35:51.337" intervalms="265.198">
  <response-info timems="0.634" idlems="0.406" threads="5" lastid="0000000000C84600" lastname="Thread-27" />
</exclusive-start>
<af-start id="6429" threadId="0000000000C79B88" totalBytesRequested="136" timestamp="2019-08-04T20:35:51.337" intervalms="265.078" />
<concurrent-aborted id="6430" timestamp="2019-08-04T20:35:51.338">
  <reason value="insufficient progress made" />
</concurrent-aborted>
<cycle-end id="6431" type="global" contextid="0" timestamp="2019-08-04T20:35:51.338">
  <attribute name="GC Util" value="2" />
  <attribute name="CPU Util" value="72549715978" />
  <attribute name="Time Running"value="91583"/>
  <attribute name="Number of cores"value="16"/>
</cycle-end>
<cycle-start id="6432" type="global" contextid="0" timestamp="2019-08-04T20:35:51.338" intervalms="265.050" />
  <attribute name="GC Util" value="2" />
  <attribute name="CPU Util" value="72549715978" />
  <attribute name="Time Running"value="91583"/>
  <attribute name="Number of cores"value="16"/>
<gc-start id="6433" type="global" contextid="6432" timestamp="2019-08-04T20:35:51.338">
  <mem-info id="6434" free="1726464" total="172687360" percent="0">
    <mem type="tenure" free="1726464" total="172687360" percent="0">
      <mem type="soa" free="0" total="170960896" percent="0" />
      <mem type="loa" free="1726464" total="1726464" percent="100" />
    </mem>
  </mem-info>
</gc-start>
<allocation-stats totalBytes="141429896" >
  <allocated-bytes non-tlh="57168" tlh="141372728" />
  <largest-consumer threadName="Thread-29" threadId="0000000000C75700" bytes="14290928" />
</allocation-stats>
<gc-op id="6435" type="mark" timems="9.529" contextid="6432" timestamp="2019-08-04T20:35:51.348">
  <trace-info objectcount="727556" scancount="644565" scanbytes="18779328" />
  <finalization candidates="151" enqueued="0" />
  <ownableSynchronizers candidates="23" cleared="0" />
  <references type="soft" candidates="1900" cleared="0" enqueued="0" dynamicThreshold="17" maxThreshold="32" />
  <references type="weak" candidates="6269" cleared="0" enqueued="0" />
  <references type="phantom" candidates="222" cleared="0" enqueued="0" />
  <stringconstants candidates="14591" cleared="0"  />
</gc-op>
<gc-op id="6436" type="sweep" timems="1.363" contextid="6432" timestamp="2019-08-04T20:35:51.349" />
<gc-end id="6437" type="global" contextid="6432" durationms="11.008" usertimems="64.783" systemtimems="4.361" timestamp="2019-08-04T20:35:51.349" activeThreads="16">
  <mem-info id="6438" free="101422488" total="172687360" percent="58">
    <mem type="tenure" free="101422488" total="172687360" percent="58" micro-fragmented="803572">
      <mem type="soa" free="99696512" total="170960896" percent="58" />
      <mem type="loa" free="1725976" total="1726464" percent="99" />
    </mem>
  </mem-info>
</gc-end>
<cycle-end id="6439" type="global" contextid="6432" timestamp="2019-08-04T20:35:51.349">
  <attribute name="GC Util" value="558" />
  <attribute name="CPU Util" value="1935354442983" />
  <attribute name="Time Running"value="91593"/>
  <attribute name="Number of cores"value="16"/>
</cycle-end>
<allocation-satisfied id="6440" threadId="0000000000C79200" bytesRequested="136" />
<af-end id="6441" timestamp="2019-08-04T20:35:51.349" threadId="0000000000C79B88" success="true" />
<exclusive-end id="6442" timestamp="2019-08-04T20:35:51.349" durationms="12.315" />

<concurrent-kickoff id="6443" timestamp="2019-08-04T20:35:51.536">
  <kickoff reason="threshold reached" targetBytes="13688473" thresholdFreeBytes="1864131" remainingFree="1725976" tenureFreeBytes="1725976" />
</concurrent-kickoff>
<exclusive-start id="6444" timestamp="2019-08-04T20:35:51.536" intervalms="198.829">
  <response-info timems="0.367" idlems="0.187" threads="1" lastid="0000000000CA6100" lastname="Thread-34" />
</exclusive-start>
<af-start id="6445" threadId="0000000000C90388" totalBytesRequested="40" timestamp="2019-08-04T20:35:51.536" intervalms="198.825" />
<concurrent-aborted id="6446" timestamp="2019-08-04T20:35:51.537">
  <reason value="insufficient progress made" />
</concurrent-aborted>
<cycle-end id="6447" type="global" contextid="0" timestamp="2019-08-04T20:35:51.537">
  <attribute name="GC Util" value="6" />
  <attribute name="CPU Util" value="97898591826" />
  <attribute name="Time Running"value="91782"/>
  <attribute name="Number of cores"value="16"/>
</cycle-end>
<cycle-start id="6448" type="global" contextid="0" timestamp="2019-08-04T20:35:51.537" intervalms="199.088" />
  <attribute name="GC Util" value="6" />
  <attribute name="CPU Util" value="97898591826" />
  <attribute name="Time Running"value="91782"/>
  <attribute name="Number of cores"value="16"/>
<gc-start id="6449" type="global" contextid="6448" timestamp="2019-08-04T20:35:51.537">
  <mem-info id="6450" free="1726464" total="172687360" percent="0">
    <mem type="tenure" free="1726464" total="172687360" percent="0">
      <mem type="soa" free="0" total="170960896" percent="0" />
      <mem type="loa" free="1726464" total="1726464" percent="100" />
    </mem>
  </mem-info>
</gc-start>
<allocation-stats totalBytes="142145312" >
  <allocated-bytes non-tlh="19056" tlh="142126256" />
  <largest-consumer threadName="Thread-32" threadId="0000000000C66700" bytes="12802672" />
</allocation-stats>
<gc-op id="6451" type="mark" timems="12.135" contextid="6448" timestamp="2019-08-04T20:35:51.549">
  <trace-info objectcount="736466" scancount="653452" scanbytes="18993200" />
  <finalization candidates="151" enqueued="0" />
  <ownableSynchronizers candidates="23" cleared="0" />
  <references type="soft" candidates="1900" cleared="0" enqueued="0" dynamicThreshold="18" maxThreshold="32" />
  <references type="weak" candidates="6269" cleared="0" enqueued="0" />
  <references type="phantom" candidates="222" cleared="0" enqueued="0" />
  <stringconstants candidates="14591" cleared="0"  />
</gc-op>
<gc-op id="6452" type="sweep" timems="1.984" contextid="6448" timestamp="2019-08-04T20:35:51.551" />
<heap-resize id="6453" type="contract" space="tenure" amount="1703936" count="1" timems="1.040" reason="excess free space following gc" timestamp="2019-08-04T20:35:51.553" />
<gc-end id="6454" type="global" contextid="6448" durationms="15.473" usertimems="78.689" systemtimems="9.774" timestamp="2019-08-04T20:35:51.553" activeThreads="16">
  <mem-info id="6455" free="140699136" total="170983424" percent="82">
    <mem type="tenure" free="140699136" total="170983424" percent="82" micro-fragmented="1026702">
      <mem type="soa" free="140316552" total="169274368" percent="82" />
      <mem type="loa" free="382584" total="1709056" percent="22" />
    </mem>
  </mem-info>
</gc-end>
<cycle-end id="6456" type="global" contextid="6448" timestamp="2019-08-04T20:35:51.553">
  <attribute name="GC Util" value="315" />
  <attribute name="CPU Util" value="13096570245108" />
  <attribute name="Time Running"value="91797"/>
  <attribute name="Number of cores"value="16"/>
</cycle-end>
<allocation-satisfied id="6457" threadId="0000000000C8FA00" bytesRequested="40" />
<af-end id="6458" timestamp="2019-08-04T20:35:51.553" threadId="0000000000C90388" success="true" />
<exclusive-end id="6459" timestamp="2019-08-04T20:35:51.553" durationms="16.845" />

<concurrent-kickoff id="6460" timestamp="2019-08-04T20:35:51.772">
  <kickoff reason="threshold reached" targetBytes="13553405" thresholdFreeBytes="1845738" remainingFree="1842920" tenureFreeBytes="1842920" />
</concurrent-kickoff>
<exclusive-start id="6461" timestamp="2019-08-04T20:35:51.782" intervalms="246.035">
  <response-info timems="7.025" idlems="0.681" threads="11" lastid="0000000000C9E900" lastname="Thread-24" />
</exclusive-start>
<cycle-start id="6462" type="global" contextid="0" timestamp="2019-08-04T20:35:51.782" intervalms="244.950" />
  <attribute name="GC Util" value="315" />
  <attribute name="CPU Util" value="13096570245108" />
  <attribute name="Time Running"value="91797"/>
  <attribute name="Number of cores"value="16"/>
<exclusive-end id="6463" timestamp="2019-08-04T20:35:51.782" durationms="0.030" />

<exclusive-start id="6464" timestamp="2019-08-04T20:35:51.807" intervalms="24.938">
  <response-info timems="7.833" idlems="7.833" threads="0" lastid="0000000000C66700" lastname="Thread-32" />
</exclusive-start>
<af-start id="6465" threadId="0000000000C67088" totalBytesRequested="24" timestamp="2019-08-04T20:35:51.807" intervalms="270.972" />
<gc-start id="6466" type="global" contextid="6462" timestamp="2019-08-04T20:35:51.807">
  <mem-info id="6467" free="382584" total="170983424" percent="0">
    <mem type="tenure" free="382584" total="170983424" percent="0">
      <mem type="soa" free="0" total="169274368" percent="0" />
      <mem type="loa" free="382584" total="1709056" percent="22" />
    </mem>
  </mem-info>
</gc-start>
<allocation-stats totalBytes="140160472" >
  <allocated-bytes non-tlh="76224" tlh="140084248" />
  <largest-consumer threadName="Thread-21" threadId="0000000000C7CE00" bytes="14380360" />
</allocation-stats>
<concurrent-halted id="6468" timestamp="2019-08-04T20:35:51.807">
  <halted state="Class scanning incomplete" status="clean trace" />
  <traced bytesTarget="13553405" bytesTotal="11174812" bytesByMutator="10743904" bytesByHelper="430908" percent="82" />
  <cards cleaned="0" thresholdBytes="727108" />
</concurrent-halted>
<gc-op id="6469" type="tracing" timems="3.785" contextid="6462" timestamp="2019-08-04T20:35:51.811">
  <trace bytesTraced="6113468" workStackOverflowCount="0" />
</gc-op>
<gc-op id="6470" type="card-cleaning" timems="1.016" contextid="6462" timestamp="2019-08-04T20:35:51.812">
  <card-cleaning cardsCleaned="259" bytesTraced="157728" workStackOverflowCount="0" />
</gc-op>
<gc-op id="6471" type="mark" timems="4.361" contextid="6462" timestamp="2019-08-04T20:35:51.816">
  <trace-info objectcount="53497" scancount="47999" scanbytes="1619056" />
  <finalization candidates="151" enqueued="0" />
  <ownableSynchronizers candidates="23" cleared="0" />
  <references type="soft" candidates="1900" cleared="0" enqueued="0" dynamicThreshold="26" maxThreshold="32" />
  <references type="weak" candidates="6269" cleared="0" enqueued="0" />
  <references type="phantom" candidates="222" cleared="0" enqueued="0" />
  <stringconstants candidates="14591" cleared="0"  />
</gc-op>
<gc-op id="6472" type="sweep" timems="1.977" contextid="6462" timestamp="2019-08-04T20:35:51.818" />
<mem-info id="6473" free="141006224" total="170983424" percent="82">
  <mem type="tenure" free="141006224" total="170983424" percent="82" micro-fragmented="1014965">
    <mem type="soa" free="140290176" total="169274368" percent="82" />
    <mem type="loa" free="716048" total="1709056" percent="41" />
  </mem>
</mem-info>
<gc-op id="6474" type="compact" timems="167.795" contextid="6462" timestamp="2019-08-04T20:35:51.986">
  <compact-info movecount="727261" movebytes="27145304" reason="compact to aid heap contraction" />
</gc-op>
<heap-resize id="6475" type="contract" space="tenure" amount="1703936" count="1" timems="0.080" reason="excess free space following gc" timestamp="2019-08-04T20:35:51.986" />
<gc-end id="6476" type="global" contextid="6462" durationms="179.272" usertimems="281.898" systemtimems="0.000" timestamp="2019-08-04T20:35:51.986" activeThreads="16">
  <mem-info id="6477" free="141702072" total="169279488" percent="83">
    <mem type="tenure" free="141702072" total="169279488" percent="83">
      <mem type="soa" free="140014520" total="167586816" percent="83" />
      <mem type="loa" free="1687552" total="1692672" percent="99" />
    </mem>
  </mem-info>
</gc-end>
<cycle-end id="6478" type="global" contextid="6462" timestamp="2019-08-04T20:35:51.986">
  <attribute name="GC Util" value="192" />
  <attribute name="CPU Util" value="26397212743760" />
  <attribute name="Time Running"value="92064"/>
  <attribute name="Number of cores"value="16"/>
</cycle-end>
<allocation-satisfied id="6479" threadId="0000000000C66700" bytesRequested="24" />
<af-end id="6480" timestamp="2019-08-04T20:35:51.986" threadId="0000000000C67088" success="true" />
<exclusive-end id="6481" timestamp="2019-08-04T20:35:51.986" durationms="179.440" />

<concurrent-kickoff id="6482" timestamp="2019-08-04T20:35:52.135">
  <kickoff reason="threshold reached" targetBytes="16482964" thresholdFreeBytes="2233012" remainingFree="2190816" tenureFreeBytes="2190816" />
</concurrent-kickoff>
<exclusive-start id="6483" timestamp="2019-08-04T20:35:52.141" intervalms="334.482">
  <response-info timems="5.750" idlems="5.750" threads="0" lastid="0000000000C97200" lastname="Thread-31" />
</exclusive-start>
<cycle-start id="6484" type="global" contextid="0" timestamp="2019-08-04T20:35:52.141" intervalms="359.425" />
  <attribute name="GC Util" value="192" />
  <attribute name="CPU Util" value="26397212743760" />
  <attribute name="Time Running"value="92064"/>
  <attribute name="Number of cores"value="16"/>
<exclusive-end id="6485" timestamp="2019-08-04T20:35:52.141" durationms="0.072" />

<exclusive-start id="6486" timestamp="2019-08-04T20:35:52.142" intervalms="0.827">
  <response-info timems="0.293" idlems="0.201" threads="2" lastid="0000000000C66700" lastname="Thread-32" />
</exclusive-start>
<af-start id="6487" threadId="0000000000CA6A88" totalBytesRequested="40" timestamp="2019-08-04T20:35:52.142" intervalms="335.311" />
<concurrent-aborted id="6488" timestamp="2019-08-04T20:35:52.142">
  <reason value="insufficient progress made" />
</concurrent-aborted>
<cycle-end id="6489" type="global" contextid="6484" timestamp="2019-08-04T20:35:52.142">
  <attribute name="GC Util" value="192" />
  <attribute name="CPU Util" value="26397212743760" />
  <attribute name="Time Running"value="92064"/>
  <attribute name="Number of cores"value="16"/>
</cycle-end>
<cycle-start id="6490" type="global" contextid="0" timestamp="2019-08-04T20:35:52.142" intervalms="0.879" />
  <attribute name="GC Util" value="192" />
  <attribute name="CPU Util" value="26397212743760" />
  <attribute name="Time Running"value="92064"/>
  <attribute name="Number of cores"value="16"/>
<gc-start id="6491" type="global" contextid="6490" timestamp="2019-08-04T20:35:52.142">
  <mem-info id="6492" free="1687552" total="169279488" percent="0">
    <mem type="tenure" free="1687552" total="169279488" percent="0">
      <mem type="soa" free="0" total="167586816" percent="0" />
      <mem type="loa" free="1687552" total="1692672" percent="99" />
    </mem>
  </mem-info>
</gc-start>
<allocation-stats totalBytes="140066920" >
  <allocated-bytes non-tlh="0" tlh="140066920" />
  <largest-consumer threadName="Thread-26" threadId="0000000000C62B00" bytes="13728424" />
</allocation-stats>
<gc-op id="6493" type="mark" timems="10.660" contextid="6490" timestamp="2019-08-04T20:35:52.153">
  <trace-info objectcount="731580" scancount="648578" scanbytes="18876384" />
  <finalization candidates="151" enqueued="0" />
  <ownableSynchronizers candidates="23" cleared="0" />
  <references type="soft" candidates="1900" cleared="0" enqueued="0" dynamicThreshold="26" maxThreshold="32" />
  <references type="weak" candidates="6269" cleared="0" enqueued="0" />
  <references type="phantom" candidates="222" cleared="0" enqueued="0" />
  <stringconstants candidates="14591" cleared="0"  />
</gc-op>
<gc-op id="6494" type="sweep" timems="4.949" contextid="6490" timestamp="2019-08-04T20:35:52.158" />
<heap-resize id="6495" type="contract" space="tenure" amount="1638400" count="1" timems="0.837" reason="excess free space following gc" timestamp="2019-08-04T20:35:52.159" />
<gc-end id="6496" type="global" contextid="6490" durationms="16.608" usertimems="73.098" systemtimems="5.121" timestamp="2019-08-04T20:35:52.159" activeThreads="16">
  <mem-info id="6497" free="138690784" total="167641088" percent="82">
    <mem type="tenure" free="138690784" total="167641088" percent="82" micro-fragmented="455333">
      <mem type="soa" free="138106008" total="165964800" percent="83" />
      <mem type="loa" free="584776" total="1676288" percent="34" />
    </mem>
  </mem-info>
</gc-end>
<cycle-end id="6498" type="global" contextid="6490" timestamp="2019-08-04T20:35:52.159">
  <attribute name="GC Util" value="202" />
  <attribute name="CPU Util" value="4655940161278" />
  <attribute name="Time Running"value="92403"/>
  <attribute name="Number of cores"value="16"/>
</cycle-end>
<allocation-satisfied id="6499" threadId="0000000000CA6100" bytesRequested="40" />
<af-end id="6500" timestamp="2019-08-04T20:35:52.159" threadId="0000000000CA6A88" success="true" />
<exclusive-end id="6501" timestamp="2019-08-04T20:35:52.159" durationms="16.950" />

<concurrent-kickoff id="6502" timestamp="2019-08-04T20:35:52.377">
  <kickoff reason="threshold reached" targetBytes="16323429" thresholdFreeBytes="2211399" remainingFree="2203872" tenureFreeBytes="2181992" />
</concurrent-kickoff>
<exclusive-start id="6503" timestamp="2019-08-04T20:35:52.379" intervalms="236.620">
  <response-info timems="1.295" idlems="0.451" threads="2" lastid="0000000000C57700" lastname="Thread-36" />
</exclusive-start>
<cycle-start id="6504" type="global" contextid="0" timestamp="2019-08-04T20:35:52.379" intervalms="236.617" />
  <attribute name="GC Util" value="202" />
  <attribute name="CPU Util" value="4655940161278" />
  <attribute name="Time Running"value="92403"/>
  <attribute name="Number of cores"value="16"/>
<exclusive-end id="6505" timestamp="2019-08-04T20:35:52.379" durationms="0.098" />

<exclusive-start id="6506" timestamp="2019-08-04T20:35:52.403" intervalms="23.992">
  <response-info timems="6.297" idlems="6.297" threads="0" lastid="0000000000C84600" lastname="Thread-27" />
</exclusive-start>
<af-start id="6507" threadId="0000000000C84F88" totalBytesRequested="40" timestamp="2019-08-04T20:35:52.403" intervalms="260.683" />
<gc-start id="6508" type="global" contextid="6504" timestamp="2019-08-04T20:35:52.403">
  <mem-info id="6509" free="584776" total="167641088" percent="0">
    <mem type="tenure" free="584776" total="167641088" percent="0">
      <mem type="soa" free="0" total="165964800" percent="0" />
      <mem type="loa" free="584776" total="1676288" percent="34" />
    </mem>
  </mem-info>
</gc-start>
<allocation-stats totalBytes="138052600" >
  <allocated-bytes non-tlh="19056" tlh="138033544" />
  <largest-consumer threadName="Thread-31" threadId="0000000000C97200" bytes="14833864" />
</allocation-stats>
<concurrent-halted id="6510" timestamp="2019-08-04T20:35:52.403">
  <halted state="Class scanning incomplete" status="clean trace" />
  <traced bytesTarget="16323429" bytesTotal="12736036" bytesByMutator="11839000" bytesByHelper="897036" percent="78" />
  <cards cleaned="0" thresholdBytes="871157" />
</concurrent-halted>
<gc-op id="6511" type="tracing" timems="2.590" contextid="6504" timestamp="2019-08-04T20:35:52.406">
  <trace bytesTraced="4622068" workStackOverflowCount="0" />
</gc-op>
<gc-op id="6512" type="card-cleaning" timems="0.905" contextid="6504" timestamp="2019-08-04T20:35:52.407">
  <card-cleaning cardsCleaned="178" bytesTraced="150320" workStackOverflowCount="0" />
</gc-op>
<gc-op id="6513" type="mark" timems="5.508" contextid="6504" timestamp="2019-08-04T20:35:52.412">
  <trace-info objectcount="62329" scancount="52494" scanbytes="1674664" />
  <finalization candidates="151" enqueued="0" />
  <ownableSynchronizers candidates="23" cleared="0" />
  <references type="soft" candidates="1900" cleared="0" enqueued="0" dynamicThreshold="26" maxThreshold="32" />
  <references type="weak" candidates="6269" cleared="0" enqueued="0" />
  <references type="phantom" candidates="222" cleared="0" enqueued="0" />
  <stringconstants candidates="14591" cleared="0"  />
</gc-op>
<gc-op id="6514" type="sweep" timems="2.865" contextid="6504" timestamp="2019-08-04T20:35:52.415" />
<mem-info id="6515" free="138503792" total="167641088" percent="82">
  <mem type="tenure" free="138503792" total="167641088" percent="82" micro-fragmented="589363">
    <mem type="soa" free="137589448" total="165964800" percent="82" />
    <mem type="loa" free="914344" total="1676288" percent="54" />
  </mem>
</mem-info>
<gc-op id="6516" type="compact" timems="31.975" contextid="6504" timestamp="2019-08-04T20:35:52.447">
  <compact-info movecount="142145" movebytes="9550232" reason="compact to aid heap contraction" />
</gc-op>
<heap-resize id="6517" type="contract" space="tenure" amount="720896" count="1" timems="0.054" reason="excess free space following gc" timestamp="2019-08-04T20:35:52.447" />
<gc-end id="6518" type="global" contextid="6504" durationms="44.395" usertimems="100.438" systemtimems="7.004" timestamp="2019-08-04T20:35:52.447" activeThreads="16">
  <mem-info id="6519" free="139160808" total="166920192" percent="83">
    <mem type="tenure" free="139160808" total="166920192" percent="83">
      <mem type="soa" free="137555648" total="165251072" percent="83" />
      <mem type="loa" free="1605160" total="1669120" percent="96" />
    </mem>
  </mem-info>
</gc-end>
<cycle-end id="6520" type="global" contextid="6504" timestamp="2019-08-04T20:35:52.448">
  <attribute name="GC Util" value="72" />
  <attribute name="CPU Util" value="24605826133755" />
  <attribute name="Time Running"value="92661"/>
  <attribute name="Number of cores"value="16"/>
</cycle-end>
<allocation-satisfied id="6521" threadId="0000000000C84600" bytesRequested="40" />
<af-end id="6522" timestamp="2019-08-04T20:35:52.448" threadId="0000000000C84F88" success="true" />
<exclusive-end id="6523" timestamp="2019-08-04T20:35:52.448" durationms="44.893" />

<concurrent-kickoff id="6524" timestamp="2019-08-04T20:35:52.621">
  <kickoff reason="threshold reached" targetBytes="18521049" thresholdFreeBytes="2502083" remainingFree="2468944" tenureFreeBytes="2468944" />
</concurrent-kickoff>
<exclusive-start id="6525" timestamp="2019-08-04T20:35:52.629" intervalms="225.883">
  <response-info timems="5.622" idlems="2.517" threads="2" lastid="0000000000C8FA00" lastname="Thread-30" />
</exclusive-start>
<cycle-start id="6526" type="global" contextid="0" timestamp="2019-08-04T20:35:52.629" intervalms="249.823" />
  <attribute name="GC Util" value="72" />
  <attribute name="CPU Util" value="24605826133755" />
  <attribute name="Time Running"value="92661"/>
  <attribute name="Number of cores"value="16"/>
<exclusive-end id="6527" timestamp="2019-08-04T20:35:52.629" durationms="0.042" />

<exclusive-start id="6528" timestamp="2019-08-04T20:35:52.630" intervalms="0.860">
  <response-info timems="0.785" idlems="0.785" threads="0" lastid="0000000000C84600" lastname="Thread-27" />
</exclusive-start>
<af-start id="6529" threadId="0000000000C84F88" totalBytesRequested="40" timestamp="2019-08-04T20:35:52.630" intervalms="226.680" />
<concurrent-aborted id="6530" timestamp="2019-08-04T20:35:52.630">
  <reason value="insufficient progress made" />
</concurrent-aborted>
<cycle-end id="6531" type="global" contextid="6526" timestamp="2019-08-04T20:35:52.630">
  <attribute name="GC Util" value="72" />
  <attribute name="CPU Util" value="24605826133755" />
  <attribute name="Time Running"value="92661"/>
  <attribute name="Number of cores"value="16"/>
</cycle-end>
<cycle-start id="6532" type="global" contextid="0" timestamp="2019-08-04T20:35:52.630" intervalms="0.931" />
  <attribute name="GC Util" value="72" />
  <attribute name="CPU Util" value="24605826133755" />
  <attribute name="Time Running"value="92661"/>
  <attribute name="Number of cores"value="16"/>
<gc-start id="6533" type="global" contextid="6532" timestamp="2019-08-04T20:35:52.630">
  <mem-info id="6534" free="1605160" total="166920192" percent="0">
    <mem type="tenure" free="1605160" total="166920192" percent="0">
      <mem type="soa" free="0" total="165251072" percent="0" />
      <mem type="loa" free="1605160" total="1669120" percent="96" />
    </mem>
  </mem-info>
</gc-start>
<allocation-stats totalBytes="137605384" >
  <allocated-bytes non-tlh="0" tlh="137605384" />
  <largest-consumer threadName="Thread-24" threadId="0000000000C9E900" bytes="12030752" />
</allocation-stats>
<gc-op id="6535" type="mark" timems="11.241" contextid="6532" timestamp="2019-08-04T20:35:52.641">
  <trace-info objectcount="738364" scancount="655365" scanbytes="19039856" />
  <finalization candidates="151" enqueued="0" />
  <ownableSynchronizers candidates="23" cleared="0" />
  <references type="soft" candidates="1900" cleared="0" enqueued="0" dynamicThreshold="26" maxThreshold="32" />
  <references type="weak" candidates="6269" cleared="0" enqueued="0" />
  <references type="phantom" candidates="222" cleared="0" enqueued="0" />
  <stringconstants candidates="14591" cleared="0"  />
</gc-op>
<gc-op id="6536" type="sweep" timems="1.526" contextid="6532" timestamp="2019-08-04T20:35:52.643" />
<gc-end id="6537" type="global" contextid="6532" durationms="12.900" usertimems="73.263" systemtimems="6.756" timestamp="2019-08-04T20:35:52.643" activeThreads="16">
  <mem-info id="6538" free="138865544" total="166920192" percent="83">
    <mem type="tenure" free="138865544" total="166920192" percent="83" micro-fragmented="407934">
      <mem type="soa" free="137260288" total="165251072" percent="83" />
      <mem type="loa" free="1605256" total="1669120" percent="96" />
    </mem>
  </mem-info>
</gc-end>
<cycle-end id="6539" type="global" contextid="6532" timestamp="2019-08-04T20:35:52.643">
  <attribute name="GC Util" value="239" />
  <attribute name="CPU Util" value="17193170525259" />
  <attribute name="Time Running"value="92888"/>
  <attribute name="Number of cores"value="16"/>
</cycle-end>
<allocation-satisfied id="6540" threadId="0000000000C84600" bytesRequested="40" />
<af-end id="6541" timestamp="2019-08-04T20:35:52.643" threadId="0000000000C84F88" success="true" />
<exclusive-end id="6542" timestamp="2019-08-04T20:35:52.643" durationms="13.161" />

<concurrent-kickoff id="6543" timestamp="2019-08-04T20:35:52.781">
  <kickoff reason="threshold reached" targetBytes="18521049" thresholdFreeBytes="2502083" remainingFree="2432968" tenureFreeBytes="2432968" />
</concurrent-kickoff>
<exclusive-start id="6544" timestamp="2019-08-04T20:35:52.793" intervalms="163.210">
  <response-info timems="11.276" idlems="11.276" threads="0" lastid="0000000000C79200" lastname="Thread-35" />
</exclusive-start>
<cycle-start id="6545" type="global" contextid="0" timestamp="2019-08-04T20:35:52.793" intervalms="163.138" />
  <attribute name="GC Util" value="239" />
  <attribute name="CPU Util" value="17193170525259" />
  <attribute name="Time Running"value="92888"/>
  <attribute name="Number of cores"value="16"/>
<exclusive-end id="6546" timestamp="2019-08-04T20:35:52.793" durationms="0.455" />

<exclusive-start id="6547" timestamp="2019-08-04T20:35:52.797" intervalms="4.540">
  <response-info timems="3.705" idlems="3.705" threads="0" lastid="0000000000C57700" lastname="Thread-36" />
</exclusive-start>
<af-start id="6548" threadId="0000000000C58088" totalBytesRequested="40" timestamp="2019-08-04T20:35:52.797" intervalms="167.761" />
<concurrent-aborted id="6549" timestamp="2019-08-04T20:35:52.797">
  <reason value="insufficient progress made" />
</concurrent-aborted>
<cycle-end id="6550" type="global" contextid="6545" timestamp="2019-08-04T20:35:52.797">
  <attribute name="GC Util" value="239" />
  <attribute name="CPU Util" value="17193170525259" />
  <attribute name="Time Running"value="92888"/>
  <attribute name="Number of cores"value="16"/>
</cycle-end>
<cycle-start id="6551" type="global" contextid="0" timestamp="2019-08-04T20:35:52.797" intervalms="4.619" />
  <attribute name="GC Util" value="239" />
  <attribute name="CPU Util" value="17193170525259" />
  <attribute name="Time Running"value="92888"/>
  <attribute name="Number of cores"value="16"/>
<gc-start id="6552" type="global" contextid="6551" timestamp="2019-08-04T20:35:52.798">
  <mem-info id="6553" free="1605256" total="166920192" percent="0">
    <mem type="tenure" free="1605256" total="166920192" percent="0">
      <mem type="soa" free="0" total="165251072" percent="0" />
      <mem type="loa" free="1605256" total="1669120" percent="96" />
    </mem>
  </mem-info>
</gc-start>
<allocation-stats totalBytes="137227952" >
  <allocated-bytes non-tlh="0" tlh="137227952" />
  <largest-consumer threadName="Thread-34" threadId="0000000000CA6100" bytes="13099960" />
</allocation-stats>
<gc-op id="6554" type="mark" timems="26.243" contextid="6551" timestamp="2019-08-04T20:35:52.824">
  <trace-info objectcount="734952" scancount="651961" scanbytes="18819988" />
  <finalization candidates="151" enqueued="0" />
  <ownableSynchronizers candidates="23" cleared="0" />
  <references type="soft" candidates="1900" cleared="0" enqueued="0" dynamicThreshold="26" maxThreshold="32" />
  <references type="weak" candidates="6269" cleared="0" enqueued="0" />
  <references type="phantom" candidates="222" cleared="0" enqueued="0" />
  <stringconstants candidates="14591" cleared="0"  />
</gc-op>
<gc-op id="6555" type="sweep" timems="3.161" contextid="6551" timestamp="2019-08-04T20:35:52.827" />
<mem-info id="6556" free="139010512" total="166920192" percent="83">
  <mem type="tenure" free="139010512" total="166920192" percent="83" micro-fragmented="369225">
    <mem type="soa" free="137405136" total="165251072" percent="83" />
    <mem type="loa" free="1605376" total="1669120" percent="96" />
  </mem>
</mem-info>
<gc-op id="6557" type="compact" timems="43.125" contextid="6551" timestamp="2019-08-04T20:35:52.870">
  <compact-info movecount="136669" movebytes="9276072" reason="compact to aid heap contraction" />
</gc-op>
<heap-resize id="6558" type="contract" space="tenure" amount="1638400" count="1" timems="0.190" reason="excess free space following gc" timestamp="2019-08-04T20:35:52.870" />
<gc-end id="6559" type="global" contextid="6551" durationms="72.908" usertimems="160.696" systemtimems="40.123" timestamp="2019-08-04T20:35:52.870" activeThreads="16">
  <mem-info id="6560" free="137829104" total="165281792" percent="83">
    <mem type="tenure" free="137829104" total="165281792" percent="83">
      <mem type="soa" free="136207088" total="163629056" percent="83" />
      <mem type="loa" free="1622016" total="1652736" percent="98" />
    </mem>
  </mem-info>
</gc-end>
<cycle-end id="6561" type="global" contextid="6551" timestamp="2019-08-04T20:35:52.870">
  <attribute name="GC Util" value="60" />
  <attribute name="CPU Util" value="27426918169570" />
  <attribute name="Time Running"value="93073"/>
  <attribute name="Number of cores"value="16"/>
</cycle-end>
<allocation-satisfied id="6562" threadId="0000000000C57700" bytesRequested="40" />
<af-end id="6563" timestamp="2019-08-04T20:35:52.870" threadId="0000000000C58088" success="true" />
<exclusive-end id="6564" timestamp="2019-08-04T20:35:52.871" durationms="73.425" />

<concurrent-kickoff id="6565" timestamp="2019-08-04T20:35:53.045">
  <kickoff reason="threshold reached" targetBytes="18339257" thresholdFreeBytes="2477524" remainingFree="2366104" tenureFreeBytes="2366104" />
</concurrent-kickoff>
<exclusive-start id="6566" timestamp="2019-08-04T20:35:53.053" intervalms="255.579">
  <response-info timems="7.847" idlems="3.940" threads="1" lastid="0000000000C97200" lastname="Thread-31" />
</exclusive-start>
<cycle-start id="6567" type="global" contextid="0" timestamp="2019-08-04T20:35:53.053" intervalms="255.501" />
  <attribute name="GC Util" value="60" />
  <attribute name="CPU Util" value="27426918169570" />
  <attribute name="Time Running"value="93073"/>
  <attribute name="Number of cores"value="16"/>
<exclusive-end id="6568" timestamp="2019-08-04T20:35:53.053" durationms="0.034" />

<exclusive-start id="6569" timestamp="2019-08-04T20:35:53.059" intervalms="6.144">
  <response-info timems="4.936" idlems="4.936" threads="0" lastid="0000000000C75700" lastname="Thread-29" />
</exclusive-start>
<af-start id="6570" threadId="0000000000C76088" totalBytesRequested="40" timestamp="2019-08-04T20:35:53.059" intervalms="261.713" />
<gc-start id="6571" type="global" contextid="6567" timestamp="2019-08-04T20:35:53.059">
  <mem-info id="6572" free="1622016" total="165281792" percent="0">
    <mem type="tenure" free="1622016" total="165281792" percent="0">
      <mem type="soa" free="0" total="163629056" percent="0" />
      <mem type="loa" free="1622016" total="1652736" percent="98" />
    </mem>
  </mem-info>
</gc-start>
<allocation-stats totalBytes="136263864" >
  <allocated-bytes non-tlh="0" tlh="136263864" />
  <largest-consumer threadName="Thread-32" threadId="0000000000C66700" bytes="13204512" />
</allocation-stats>
<concurrent-halted id="6573" timestamp="2019-08-04T20:35:53.059">
  <halted state="Tracing incomplete" status="trace only" />
  <traced bytesTarget="18339257" bytesTotal="0" bytesByMutator="0" bytesByHelper="0" percent="0" />
  <cards cleaned="0" thresholdBytes="975994" />
</concurrent-halted>
<gc-op id="6574" type="tracing" timems="34.447" contextid="6567" timestamp="2019-08-04T20:35:53.094">
  <trace bytesTraced="16143768" workStackOverflowCount="0" />
</gc-op>
<gc-op id="6575" type="card-cleaning" timems="3.131" contextid="6567" timestamp="2019-08-04T20:35:53.097">
  <card-cleaning cardsCleaned="109" bytesTraced="43664" workStackOverflowCount="0" />
</gc-op>
<gc-op id="6576" type="mark" timems="7.670" contextid="6567" timestamp="2019-08-04T20:35:53.105">
  <trace-info objectcount="83535" scancount="70478" scanbytes="2586984" />
  <finalization candidates="151" enqueued="0" />
  <ownableSynchronizers candidates="23" cleared="0" />
  <references type="soft" candidates="1900" cleared="0" enqueued="0" dynamicThreshold="26" maxThreshold="32" />
  <references type="weak" candidates="6269" cleared="0" enqueued="0" />
  <references type="phantom" candidates="222" cleared="0" enqueued="0" />
  <stringconstants candidates="14591" cleared="0"  />
</gc-op>
<gc-op id="6577" type="sweep" timems="3.190" contextid="6567" timestamp="2019-08-04T20:35:53.108" />
<heap-resize id="6578" type="contract" space="tenure" amount="1638400" count="1" timems="0.617" reason="excess free space following gc" timestamp="2019-08-04T20:35:53.108" />
<gc-end id="6579" type="global" contextid="6567" durationms="49.300" usertimems="112.233" systemtimems="29.858" timestamp="2019-08-04T20:35:53.108" activeThreads="16">
  <mem-info id="6580" free="134856104" total="163643392" percent="82">
    <mem type="tenure" free="134856104" total="163643392" percent="82" micro-fragmented="316578">
      <mem type="soa" free="134354920" total="162007040" percent="82" />
      <mem type="loa" free="501184" total="1636352" percent="30" />
    </mem>
  </mem-info>
</gc-end>
<cycle-end id="6581" type="global" contextid="6567" timestamp="2019-08-04T20:35:53.109">
  <attribute name="GC Util" value="212" />
  <attribute name="CPU Util" value="8314695246754" />
  <attribute name="Time Running"value="93352"/>
  <attribute name="Number of cores"value="16"/>
</cycle-end>
<allocation-satisfied id="6582" threadId="0000000000C75700" bytesRequested="40" />
<af-end id="6583" timestamp="2019-08-04T20:35:53.109" threadId="0000000000C76088" success="true" />
<exclusive-end id="6584" timestamp="2019-08-04T20:35:53.109" durationms="49.652" />

<concurrent-kickoff id="6585" timestamp="2019-08-04T20:35:53.366">
  <kickoff reason="threshold reached" targetBytes="13034419" thresholdFreeBytes="1774174" remainingFree="1760320" tenureFreeBytes="1760320" />
</concurrent-kickoff>
<exclusive-start id="6586" timestamp="2019-08-04T20:35:53.376" intervalms="316.861">
  <response-info timems="8.235" idlems="8.235" threads="0" lastid="0000000000CA6100" lastname="Thread-34" />
</exclusive-start>
<cycle-start id="6587" type="global" contextid="0" timestamp="2019-08-04T20:35:53.376" intervalms="323.092" />
  <attribute name="GC Util" value="212" />
  <attribute name="CPU Util" value="8314695246754" />
  <attribute name="Time Running"value="93352"/>
  <attribute name="Number of cores"value="16"/>
<exclusive-end id="6588" timestamp="2019-08-04T20:35:53.376" durationms="0.121" />

<exclusive-start id="6589" timestamp="2019-08-04T20:35:53.384" intervalms="7.576">
  <response-info timems="2.995" idlems="2.995" threads="0" lastid="0000000000C5EF00" lastname="Thread-28" />
</exclusive-start>
<af-start id="6590" threadId="0000000000C5F888" totalBytesRequested="40" timestamp="2019-08-04T20:35:53.384" intervalms="324.438" />
<gc-start id="6591" type="global" contextid="6587" timestamp="2019-08-04T20:35:53.384">
  <mem-info id="6592" free="501184" total="163643392" percent="0">
    <mem type="tenure" free="501184" total="163643392" percent="0">
      <mem type="soa" free="0" total="162007040" percent="0" />
      <mem type="loa" free="501184" total="1636352" percent="30" />
    </mem>
  </mem-info>
</gc-start>
<allocation-stats totalBytes="134394200" >
  <allocated-bytes non-tlh="0" tlh="134394200" />
  <largest-consumer threadName="Thread-22" threadId="0000000000C9AE00" bytes="12962040" />
</allocation-stats>
<concurrent-halted id="6593" timestamp="2019-08-04T20:35:53.384">
  <halted state="Class scanning incomplete" status="clean trace" />
  <traced bytesTarget="13034419" bytesTotal="5685736" bytesByMutator="5560788" bytesByHelper="124948" percent="43" />
  <cards cleaned="0" thresholdBytes="698916" />
</concurrent-halted>
<gc-op id="6594" type="tracing" timems="5.207" contextid="6587" timestamp="2019-08-04T20:35:53.389">
  <trace bytesTraced="10975528" workStackOverflowCount="0" />
</gc-op>
<gc-op id="6595" type="card-cleaning" timems="1.599" contextid="6587" timestamp="2019-08-04T20:35:53.391">
  <card-cleaning cardsCleaned="90" bytesTraced="61944" workStackOverflowCount="0" />
</gc-op>
<gc-op id="6596" type="mark" timems="6.932" contextid="6587" timestamp="2019-08-04T20:35:53.398">
  <trace-info objectcount="75894" scancount="62932" scanbytes="2077588" />
  <finalization candidates="151" enqueued="0" />
  <ownableSynchronizers candidates="23" cleared="0" />
  <references type="soft" candidates="1900" cleared="0" enqueued="0" dynamicThreshold="26" maxThreshold="32" />
  <references type="weak" candidates="6269" cleared="0" enqueued="0" />
  <references type="phantom" candidates="222" cleared="0" enqueued="0" />
  <stringconstants candidates="14591" cleared="0"  />
</gc-op>
<gc-op id="6597" type="sweep" timems="2.946" contextid="6587" timestamp="2019-08-04T20:35:53.400" />
<mem-info id="6598" free="134920824" total="163643392" percent="82">
  <mem type="tenure" free="134920824" total="163643392" percent="82" micro-fragmented="327474">
    <mem type="soa" free="134194064" total="162007040" percent="82" />
    <mem type="loa" free="726760" total="1636352" percent="44" />
  </mem>
</mem-info>
<gc-op id="6599" type="compact" timems="30.903" contextid="6587" timestamp="2019-08-04T20:35:53.431">
  <compact-info movecount="117370" movebytes="8366416" reason="compact to aid heap contraction" />
</gc-op>
<heap-resize id="6600" type="contract" space="tenure" amount="1572864" count="1" timems="0.306" reason="excess free space following gc" timestamp="2019-08-04T20:35:53.432" />
<gc-end id="6601" type="global" contextid="6587" durationms="48.309" usertimems="135.783" systemtimems="23.009" timestamp="2019-08-04T20:35:53.432" activeThreads="16">
  <mem-info id="6602" free="134634728" total="162070528" percent="83">
    <mem type="tenure" free="134634728" total="162070528" percent="83">
      <mem type="soa" free="133078248" total="160450560" percent="82" />
      <mem type="loa" free="1556480" total="1619968" percent="96" />
    </mem>
  </mem-info>
</gc-end>
<cycle-end id="6603" type="global" contextid="6587" timestamp="2019-08-04T20:35:53.432">
  <attribute name="GC Util" value="191" />
  <attribute name="CPU Util" value="26313431549192" />
  <attribute name="Time Running"value="93646"/>
  <attribute name="Number of cores"value="16"/>
</cycle-end>
<allocation-satisfied id="6604" threadId="0000000000C5EF00" bytesRequested="40" />
<af-end id="6605" timestamp="2019-08-04T20:35:53.432" threadId="0000000000C5F888" success="true" />
<exclusive-end id="6606" timestamp="2019-08-04T20:35:53.432" durationms="48.646" />

<concurrent-kickoff id="6607" timestamp="2019-08-04T20:35:53.655">
  <kickoff reason="threshold reached" targetBytes="11864005" thresholdFreeBytes="1618828" remainingFree="1556480" tenureFreeBytes="1556480" />
</concurrent-kickoff>
<exclusive-start id="6608" timestamp="2019-08-04T20:35:53.658" intervalms="274.139">
  <response-info timems="2.264" idlems="1.688" threads="1" lastid="0000000000C84600" lastname="Thread-27" />
</exclusive-start>
<af-start id="6609" threadId="0000000000C76088" totalBytesRequested="40" timestamp="2019-08-04T20:35:53.658" intervalms="274.194" />
<concurrent-aborted id="6610" timestamp="2019-08-04T20:35:53.658">
  <reason value="insufficient progress made" />
</concurrent-aborted>
<cycle-end id="6611" type="global" contextid="6587" timestamp="2019-08-04T20:35:53.658">
  <attribute name="GC Util" value="191" />
  <attribute name="CPU Util" value="26313431549192" />
  <attribute name="Time Running"value="93646"/>
  <attribute name="Number of cores"value="16"/>
</cycle-end>
<cycle-start id="6612" type="global" contextid="0" timestamp="2019-08-04T20:35:53.658" intervalms="282.032" />
  <attribute name="GC Util" value="191" />
  <attribute name="CPU Util" value="26313431549192" />
  <attribute name="Time Running"value="93646"/>
  <attribute name="Number of cores"value="16"/>
<gc-start id="6613" type="global" contextid="6612" timestamp="2019-08-04T20:35:53.658">
  <mem-info id="6614" free="1556480" total="162070528" percent="0">
    <mem type="tenure" free="1556480" total="162070528" percent="0">
      <mem type="soa" free="0" total="160450560" percent="0" />
      <mem type="loa" free="1556480" total="1619968" percent="96" />
    </mem>
  </mem-info>
</gc-start>
<allocation-stats totalBytes="133130704" >
  <allocated-bytes non-tlh="0" tlh="133130704" />
  <largest-consumer threadName="Thread-27" threadId="0000000000C84600" bytes="14383760" />
</allocation-stats>
<gc-op id="6615" type="mark" timems="10.043" contextid="6612" timestamp="2019-08-04T20:35:53.668">
  <trace-info objectcount="732600" scancount="649610" scanbytes="18901464" />
  <finalization candidates="151" enqueued="0" />
  <ownableSynchronizers candidates="23" cleared="0" />
  <references type="soft" candidates="1900" cleared="0" enqueued="0" dynamicThreshold="26" maxThreshold="32" />
  <references type="weak" candidates="6269" cleared="0" enqueued="0" />
  <references type="phantom" candidates="222" cleared="0" enqueued="0" />
  <stringconstants candidates="14591" cleared="0"  />
</gc-op>
<gc-op id="6616" type="sweep" timems="1.693" contextid="6612" timestamp="2019-08-04T20:35:53.670" />
<heap-resize id="6617" type="contract" space="tenure" amount="1572864" count="1" timems="0.521" reason="excess free space following gc" timestamp="2019-08-04T20:35:53.671" />
<gc-end id="6618" type="global" contextid="6612" durationms="12.837" usertimems="71.709" systemtimems="3.829" timestamp="2019-08-04T20:35:53.671" activeThreads="16">
  <mem-info id="6619" free="131852400" total="160497664" percent="82">
    <mem type="tenure" free="131852400" total="160497664" percent="82" micro-fragmented="193759">
      <mem type="soa" free="131265224" total="158893056" percent="82" />
      <mem type="loa" free="587176" total="1604608" percent="36" />
    </mem>
  </mem-info>
</gc-end>
<cycle-end id="6620" type="global" contextid="6612" timestamp="2019-08-04T20:35:53.671">
  <attribute name="GC Util" value="265" />
  <attribute name="CPU Util" value="16752996980865" />
  <attribute name="Time Running"value="93915"/>
  <attribute name="Number of cores"value="16"/>
</cycle-end>
<allocation-satisfied id="6621" threadId="0000000000C75700" bytesRequested="40" />
<af-end id="6622" timestamp="2019-08-04T20:35:53.671" threadId="0000000000C76088" success="true" />
<exclusive-end id="6623" timestamp="2019-08-04T20:35:53.671" durationms="13.729" />

<concurrent-kickoff id="6624" timestamp="2019-08-04T20:35:53.874">
  <kickoff reason="threshold reached" targetBytes="11748867" thresholdFreeBytes="1603118" remainingFree="1574328" tenureFreeBytes="1574328" />
</concurrent-kickoff>
<exclusive-start id="6625" timestamp="2019-08-04T20:35:53.879" intervalms="221.269">
  <response-info timems="4.984" idlems="4.984" threads="0" lastid="0000000000C71B00" lastname="Thread-25" />
</exclusive-start>
<cycle-start id="6626" type="global" contextid="0" timestamp="2019-08-04T20:35:53.879" intervalms="220.868" />
  <attribute name="GC Util" value="265" />
  <attribute name="CPU Util" value="16752996980865" />
  <attribute name="Time Running"value="93915"/>
  <attribute name="Number of cores"value="16"/>
<exclusive-end id="6627" timestamp="2019-08-04T20:35:53.879" durationms="0.036" />

<exclusive-start id="6628" timestamp="2019-08-04T20:35:53.882" intervalms="3.411">
  <response-info timems="2.056" idlems="1.047" threads="1" lastid="0000000000C97200" lastname="Thread-31" />
</exclusive-start>
<af-start id="6629" threadId="0000000000C76088" totalBytesRequested="40" timestamp="2019-08-04T20:35:53.882" intervalms="224.622" />
<gc-start id="6630" type="global" contextid="6626" timestamp="2019-08-04T20:35:53.882">
  <mem-info id="6631" free="587176" total="160497664" percent="0">
    <mem type="tenure" free="587176" total="160497664" percent="0">
      <mem type="soa" free="0" total="158893056" percent="0" />
      <mem type="loa" free="587176" total="1604608" percent="36" />
    </mem>
  </mem-info>
</gc-start>
<allocation-stats totalBytes="131246872" >
  <allocated-bytes non-tlh="0" tlh="131246872" />
  <largest-consumer threadName="Thread-34" threadId="0000000000CA6100" bytes="13965560" />
</allocation-stats>
<concurrent-halted id="6632" timestamp="2019-08-04T20:35:53.883">
  <halted state="Class scanning incomplete" status="clean trace" />
  <traced bytesTarget="11748867" bytesTotal="1330120" bytesByMutator="1079328" bytesByHelper="250792" percent="11" />
  <cards cleaned="95" thresholdBytes="631531" />
</concurrent-halted>
<gc-op id="6633" type="tracing" timems="5.725" contextid="6626" timestamp="2019-08-04T20:35:53.888">
  <trace bytesTraced="11487292" workStackOverflowCount="0" />
</gc-op>
<gc-op id="6634" type="card-cleaning" timems="1.231" contextid="6626" timestamp="2019-08-04T20:35:53.890">
  <card-cleaning cardsCleaned="8" bytesTraced="0" workStackOverflowCount="0" />
</gc-op>
<gc-op id="6635" type="mark" timems="5.540" contextid="6626" timestamp="2019-08-04T20:35:53.895">
  <trace-info objectcount="155904" scancount="147636" scanbytes="5978036" />
  <finalization candidates="151" enqueued="0" />
  <ownableSynchronizers candidates="23" cleared="0" />
  <references type="soft" candidates="1900" cleared="0" enqueued="0" dynamicThreshold="26" maxThreshold="32" />
  <references type="weak" candidates="6269" cleared="0" enqueued="0" />
  <references type="phantom" candidates="222" cleared="0" enqueued="0" />
  <stringconstants candidates="14591" cleared="0"  />
</gc-op>
<gc-op id="6636" type="sweep" timems="1.975" contextid="6626" timestamp="2019-08-04T20:35:53.897" />
<mem-info id="6637" free="132126008" total="160497664" percent="82">
  <mem type="tenure" free="132126008" total="160497664" percent="82" micro-fragmented="259593">
    <mem type="soa" free="131165456" total="158893056" percent="82" />
    <mem type="loa" free="960552" total="1604608" percent="59" />
  </mem>
</mem-info>
<gc-op id="6638" type="compact" timems="26.815" contextid="6626" timestamp="2019-08-04T20:35:53.924">
  <compact-info movecount="118153" movebytes="8382472" reason="compact to aid heap contraction" />
</gc-op>
<heap-resize id="6639" type="contract" space="tenure" amount="1572864" count="1" timems="0.160" reason="excess free space following gc" timestamp="2019-08-04T20:35:53.924" />
<gc-end id="6640" type="global" contextid="6626" durationms="41.763" usertimems="155.056" systemtimems="6.709" timestamp="2019-08-04T20:35:53.924" activeThreads="16">
  <mem-info id="6641" free="131505192" total="158924800" percent="82">
    <mem type="tenure" free="131505192" total="158924800" percent="82">
      <mem type="soa" free="129947688" total="157335552" percent="82" />
      <mem type="loa" free="1557504" total="1589248" percent="98" />
    </mem>
  </mem-info>
</gc-end>
<cycle-end id="6642" type="global" contextid="6626" timestamp="2019-08-04T20:35:53.924">
  <attribute name="GC Util" value="88" />
  <attribute name="CPU Util" value="35402676723002" />
  <attribute name="Time Running"value="94143"/>
  <attribute name="Number of cores"value="16"/>
</cycle-end>
<allocation-satisfied id="6643" threadId="0000000000C75700" bytesRequested="40" />
<af-end id="6644" timestamp="2019-08-04T20:35:53.924" threadId="0000000000C76088" success="true" />
<exclusive-end id="6645" timestamp="2019-08-04T20:35:53.924" durationms="41.947" />

<exclusive-start id="6646" timestamp="2019-08-04T20:35:54.097" intervalms="214.504">
  <response-info timems="1.014" idlems="0.522" threads="1" lastid="0000000000C97200" lastname="Thread-31" />
</exclusive-start>
<af-start id="6647" threadId="0000000000C76088" totalBytesRequested="24" timestamp="2019-08-04T20:35:54.097" intervalms="214.517" />
<cycle-start id="6648" type="global" contextid="0" timestamp="2019-08-04T20:35:54.097" intervalms="217.977" />
  <attribute name="GC Util" value="88" />
  <attribute name="CPU Util" value="35402676723002" />
  <attribute name="Time Running"value="94143"/>
  <attribute name="Number of cores"value="16"/>
<gc-start id="6649" type="global" contextid="6648" timestamp="2019-08-04T20:35:54.097">
  <mem-info id="6650" free="1557504" total="158924800" percent="0">
    <mem type="tenure" free="1557504" total="158924800" percent="0">
      <mem type="soa" free="0" total="157335552" percent="0" />
      <mem type="loa" free="1557504" total="1589248" percent="98" />
    </mem>
  </mem-info>
</gc-start>
<allocation-stats totalBytes="130000616" >
  <allocated-bytes non-tlh="0" tlh="130000616" />
  <largest-consumer threadName="Thread-32" threadId="0000000000C66700" bytes="13238496" />
</allocation-stats>
<gc-op id="6651" type="mark" timems="23.172" contextid="6648" timestamp="2019-08-04T20:35:54.120">
  <trace-info objectcount="730243" scancount="647230" scanbytes="18845464" />
  <finalization candidates="151" enqueued="0" />
  <ownableSynchronizers candidates="23" cleared="0" />
  <references type="soft" candidates="1900" cleared="0" enqueued="0" dynamicThreshold="26" maxThreshold="32" />
  <references type="weak" candidates="6269" cleared="0" enqueued="0" />
  <references type="phantom" candidates="222" cleared="0" enqueued="0" />
  <stringconstants candidates="14591" cleared="0"  />
</gc-op>
<gc-op id="6652" type="sweep" timems="1.697" contextid="6648" timestamp="2019-08-04T20:35:54.122" />
<heap-resize id="6653" type="contract" space="tenure" amount="1572864" count="1" timems="0.688" reason="excess free space following gc" timestamp="2019-08-04T20:35:54.123" />
<gc-end id="6654" type="global" contextid="6648" durationms="25.771" usertimems="172.204" systemtimems="29.499" timestamp="2019-08-04T20:35:54.123" activeThreads="16">
  <mem-info id="6655" free="128703744" total="157351936" percent="81">
    <mem type="tenure" free="128703744" total="157351936" percent="81" micro-fragmented="299314">
      <mem type="soa" free="128160512" total="155779072" percent="82" />
      <mem type="loa" free="543232" total="1572864" percent="34" />
    </mem>
  </mem-info>
</gc-end>
<cycle-end id="6656" type="global" contextid="6648" timestamp="2019-08-04T20:35:54.123">
  <attribute name="GC Util" value="295" />
  <attribute name="CPU Util" value="14840619552086" />
  <attribute name="Time Running"value="94367"/>
  <attribute name="Number of cores"value="16"/>
</cycle-end>
<allocation-satisfied id="6657" threadId="0000000000C75700" bytesRequested="24" />
<af-end id="6658" timestamp="2019-08-04T20:35:54.123" threadId="0000000000C76088" success="true" />
<exclusive-end id="6659" timestamp="2019-08-04T20:35:54.123" durationms="26.020" />

<concurrent-kickoff id="6660" timestamp="2019-08-04T20:35:54.298">
  <kickoff reason="threshold reached" targetBytes="8988125" thresholdFreeBytes="1236862" remainingFree="1221680" tenureFreeBytes="1221680" />
</concurrent-kickoff>
<exclusive-start id="6661" timestamp="2019-08-04T20:35:54.305" intervalms="208.639">
  <response-info timems="5.164" idlems="5.164" threads="0" lastid="0000000000C66700" lastname="Thread-32" />
</exclusive-start>
<cycle-start id="6662" type="global" contextid="0" timestamp="2019-08-04T20:35:54.306" intervalms="208.597" />
  <attribute name="GC Util" value="295" />
  <attribute name="CPU Util" value="14840619552086" />
  <attribute name="Time Running"value="94367"/>
  <attribute name="Number of cores"value="16"/>
<exclusive-end id="6663" timestamp="2019-08-04T20:35:54.306" durationms="0.058" />

<exclusive-start id="6664" timestamp="2019-08-04T20:35:54.309" intervalms="3.938">
  <response-info timems="2.342" idlems="2.342" threads="0" lastid="0000000000C66700" lastname="Thread-32" />
</exclusive-start>
<af-start id="6665" threadId="0000000000C67088" totalBytesRequested="24" timestamp="2019-08-04T20:35:54.309" intervalms="212.564" />
<gc-start id="6666" type="global" contextid="6662" timestamp="2019-08-04T20:35:54.310">
  <mem-info id="6667" free="543232" total="157351936" percent="0">
    <mem type="tenure" free="543232" total="157351936" percent="0">
      <mem type="soa" free="0" total="155779072" percent="0" />
      <mem type="loa" free="543232" total="1572864" percent="34" />
    </mem>
  </mem-info>
</gc-start>
<allocation-stats totalBytes="128138936" >
  <allocated-bytes non-tlh="38112" tlh="128100824" />
  <largest-consumer threadName="Thread-33" threadId="0000000000C8BE00" bytes="14625000" />
</allocation-stats>
<concurrent-halted id="6668" timestamp="2019-08-04T20:35:54.310">
  <halted state="Tracing incomplete" status="trace only" />
  <traced bytesTarget="8988125" bytesTotal="881196" bytesByMutator="797072" bytesByHelper="84124" percent="9" />
  <cards cleaned="0" thresholdBytes="487248" />
</concurrent-halted>
<gc-op id="6669" type="tracing" timems="13.433" contextid="6662" timestamp="2019-08-04T20:35:54.323">
  <trace bytesTraced="14780696" workStackOverflowCount="0" />
</gc-op>
<gc-op id="6670" type="card-cleaning" timems="1.276" contextid="6662" timestamp="2019-08-04T20:35:54.324">
  <card-cleaning cardsCleaned="52" bytesTraced="28968" workStackOverflowCount="0" />
</gc-op>
<gc-op id="6671" type="mark" timems="5.984" contextid="6662" timestamp="2019-08-04T20:35:54.330">
  <trace-info objectcount="101082" scancount="87837" scanbytes="3205932" />
  <finalization candidates="151" enqueued="0" />
  <ownableSynchronizers candidates="23" cleared="0" />
  <references type="soft" candidates="1900" cleared="0" enqueued="0" dynamicThreshold="26" maxThreshold="32" />
  <references type="weak" candidates="6269" cleared="0" enqueued="0" />
  <references type="phantom" candidates="222" cleared="0" enqueued="0" />
  <stringconstants candidates="14591" cleared="0"  />
</gc-op>
<gc-op id="6672" type="sweep" timems="2.259" contextid="6662" timestamp="2019-08-04T20:35:54.333" />
<mem-info id="6673" free="128906128" total="157351936" percent="81">
  <mem type="tenure" free="128906128" total="157351936" percent="81" micro-fragmented="338304">
    <mem type="soa" free="127964024" total="155779072" percent="82" />
    <mem type="loa" free="942104" total="1572864" percent="59" />
  </mem>
</mem-info>
<gc-op id="6674" type="compact" timems="34.037" contextid="6662" timestamp="2019-08-04T20:35:54.367">
  <compact-info movecount="113333" movebytes="7147744" reason="compact to aid heap contraction" />
</gc-op>
<heap-resize id="6675" type="contract" space="tenure" amount="1507328" count="1" timems="0.099" reason="excess free space following gc" timestamp="2019-08-04T20:35:54.367" />
<gc-end id="6676" type="global" contextid="6662" durationms="57.348" usertimems="141.021" systemtimems="48.483" timestamp="2019-08-04T20:35:54.367" activeThreads="16">
  <mem-info id="6677" free="128366272" total="155844608" percent="82">
    <mem type="tenure" free="128366272" total="155844608" percent="82">
      <mem type="soa" free="126808768" total="154287104" percent="82" />
      <mem type="loa" free="1557504" total="1557504" percent="100" />
    </mem>
  </mem-info>
</gc-end>
<cycle-end id="6678" type="global" contextid="6662" timestamp="2019-08-04T20:35:54.367">
  <attribute name="GC Util" value="150" />
  <attribute name="CPU Util" value="22903627212872" />
  <attribute name="Time Running"value="94578"/>
  <attribute name="Number of cores"value="16"/>
</cycle-end>
<allocation-satisfied id="6679" threadId="0000000000C66700" bytesRequested="24" />
<af-end id="6680" timestamp="2019-08-04T20:35:54.367" threadId="0000000000C67088" success="true" />
<exclusive-end id="6681" timestamp="2019-08-04T20:35:54.367" durationms="57.553" />

<exclusive-start id="6682" timestamp="2019-08-04T20:35:54.530" intervalms="220.234">
  <response-info timems="4.945" idlems="4.945" threads="0" lastid="0000000000C9AE00" lastname="Thread-22" />
</exclusive-start>
<af-start id="6683" threadId="0000000000C9B788" totalBytesRequested="40" timestamp="2019-08-04T20:35:54.530" intervalms="220.238" />
<cycle-start id="6684" type="global" contextid="0" timestamp="2019-08-04T20:35:54.530" intervalms="224.204" />
  <attribute name="GC Util" value="150" />
  <attribute name="CPU Util" value="22903627212872" />
  <attribute name="Time Running"value="94578"/>
  <attribute name="Number of cores"value="16"/>
<gc-start id="6685" type="global" contextid="6684" timestamp="2019-08-04T20:35:54.530">
  <mem-info id="6686" free="1557504" total="155844608" percent="0">
    <mem type="tenure" free="1557504" total="155844608" percent="0">
      <mem type="soa" free="0" total="154287104" percent="0" />
      <mem type="loa" free="1557504" total="1557504" percent="100" />
    </mem>
  </mem-info>
</gc-start>
<allocation-stats totalBytes="126863616" >
  <allocated-bytes non-tlh="0" tlh="126863616" />
  <largest-consumer threadName="Thread-29" threadId="0000000000C75700" bytes="14429152" />
</allocation-stats>
<gc-op id="6687" type="mark" timems="13.628" contextid="6684" timestamp="2019-08-04T20:35:54.543">
  <trace-info objectcount="738255" scancount="655258" scanbytes="19037072" />
  <finalization candidates="151" enqueued="0" />
  <ownableSynchronizers candidates="23" cleared="0" />
  <references type="soft" candidates="1900" cleared="0" enqueued="0" dynamicThreshold="26" maxThreshold="32" />
  <references type="weak" candidates="6269" cleared="0" enqueued="0" />
  <references type="phantom" candidates="222" cleared="0" enqueued="0" />
  <stringconstants candidates="14591" cleared="0"  />
</gc-op>
<gc-op id="6688" type="sweep" timems="2.023" contextid="6684" timestamp="2019-08-04T20:35:54.545" />
<heap-resize id="6689" type="contract" space="tenure" amount="1507328" count="1" timems="0.452" reason="excess free space following gc" timestamp="2019-08-04T20:35:54.546" />
<gc-end id="6690" type="global" contextid="6684" durationms="16.245" usertimems="70.351" systemtimems="13.893" timestamp="2019-08-04T20:35:54.546" activeThreads="16">
  <mem-info id="6691" free="125408576" total="154337280" percent="81">
    <mem type="tenure" free="125408576" total="154337280" percent="81" micro-fragmented="214179">
      <mem type="soa" free="125013640" total="152794112" percent="81" />
      <mem type="loa" free="394936" total="1543168" percent="25" />
    </mem>
  </mem-info>
</gc-end>
<cycle-end id="6692" type="global" contextid="6684" timestamp="2019-08-04T20:35:54.546">
  <attribute name="GC Util" value="337" />
  <attribute name="CPU Util" value="12387288778174" />
  <attribute name="Time Running"value="94791"/>
  <attribute name="Number of cores"value="16"/>
</cycle-end>
<allocation-satisfied id="6693" threadId="0000000000C9AE00" bytesRequested="40" />
<af-end id="6694" timestamp="2019-08-04T20:35:54.546" threadId="0000000000C9B788" success="true" />
<exclusive-end id="6695" timestamp="2019-08-04T20:35:54.546" durationms="16.471" />

<concurrent-kickoff id="6696" timestamp="2019-08-04T20:35:54.666">
  <kickoff reason="threshold reached" targetBytes="6908722" thresholdFreeBytes="960564" remainingFree="902832" tenureFreeBytes="902832" />
</concurrent-kickoff>
<exclusive-start id="6697" timestamp="2019-08-04T20:35:54.672" intervalms="142.522">
  <response-info timems="4.744" idlems="4.744" threads="0" lastid="0000000000C8BE00" lastname="Thread-33" />
</exclusive-start>
<cycle-start id="6698" type="global" contextid="0" timestamp="2019-08-04T20:35:54.672" intervalms="142.530" />
  <attribute name="GC Util" value="337" />
  <attribute name="CPU Util" value="12387288778174" />
  <attribute name="Time Running"value="94791"/>
  <attribute name="Number of cores"value="16"/>
<exclusive-end id="6699" timestamp="2019-08-04T20:35:54.672" durationms="0.099" />

<exclusive-start id="6700" timestamp="2019-08-04T20:35:54.674" intervalms="1.467">
  <response-info timems="0.843" idlems="0.843" threads="0" lastid="0000000000C79200" lastname="Thread-35" />
</exclusive-start>
<af-start id="6701" threadId="0000000000C79B88" totalBytesRequested="40" timestamp="2019-08-04T20:35:54.674" intervalms="143.977" />
<gc-start id="6702" type="global" contextid="6698" timestamp="2019-08-04T20:35:54.674">
  <mem-info id="6703" free="394936" total="154337280" percent="0">
    <mem type="tenure" free="394936" total="154337280" percent="0">
      <mem type="soa" free="0" total="152794112" percent="0" />
      <mem type="loa" free="394936" total="1543168" percent="25" />
    </mem>
  </mem-info>
</gc-start>
<allocation-stats totalBytes="125058552" >
  <allocated-bytes non-tlh="0" tlh="125058552" />
  <largest-consumer threadName="Thread-33" threadId="0000000000C8BE00" bytes="15070840" />
</allocation-stats>
<concurrent-halted id="6704" timestamp="2019-08-04T20:35:54.674">
  <halted state="Tracing incomplete" status="trace only" />
  <traced bytesTarget="6908722" bytesTotal="445896" bytesByMutator="434160" bytesByHelper="11736" percent="6" />
  <cards cleaned="0" thresholdBytes="378404" />
</concurrent-halted>
<gc-op id="6705" type="tracing" timems="9.206" contextid="6698" timestamp="2019-08-04T20:35:54.683">
  <trace bytesTraced="15478592" workStackOverflowCount="0" />
</gc-op>
<gc-op id="6706" type="card-cleaning" timems="1.008" contextid="6698" timestamp="2019-08-04T20:35:54.684">
  <card-cleaning cardsCleaned="39" bytesTraced="35984" workStackOverflowCount="0" />
</gc-op>
<gc-op id="6707" type="mark" timems="4.787" contextid="6698" timestamp="2019-08-04T20:35:54.689">
  <trace-info objectcount="93990" scancount="80938" scanbytes="2984008" />
  <finalization candidates="151" enqueued="0" />
  <ownableSynchronizers candidates="23" cleared="0" />
  <references type="soft" candidates="1900" cleared="0" enqueued="0" dynamicThreshold="26" maxThreshold="32" />
  <references type="weak" candidates="6269" cleared="0" enqueued="0" />
  <references type="phantom" candidates="222" cleared="0" enqueued="0" />
  <stringconstants candidates="14591" cleared="0"  />
</gc-op>
<gc-op id="6708" type="sweep" timems="2.487" contextid="6698" timestamp="2019-08-04T20:35:54.691" />
<mem-info id="6709" free="125719024" total="154337280" percent="81">
  <mem type="tenure" free="125719024" total="154337280" percent="81" micro-fragmented="337178">
    <mem type="soa" free="124871104" total="152794112" percent="81" />
    <mem type="loa" free="847920" total="1543168" percent="54" />
  </mem>
</mem-info>
<gc-op id="6710" type="compact" timems="30.577" contextid="6698" timestamp="2019-08-04T20:35:54.722">
  <compact-info movecount="116684" movebytes="8170656" reason="compact to aid heap contraction" />
</gc-op>
<heap-resize id="6711" type="contract" space="tenure" amount="1507328" count="1" timems="0.099" reason="excess free space following gc" timestamp="2019-08-04T20:35:54.722" />
<gc-end id="6712" type="global" contextid="6698" durationms="48.475" usertimems="113.532" systemtimems="10.168" timestamp="2019-08-04T20:35:54.722" activeThreads="16">
  <mem-info id="6713" free="125259192" total="152829952" percent="81">
    <mem type="tenure" free="125259192" total="152829952" percent="81">
      <mem type="soa" free="123767224" total="151302144" percent="81" />
      <mem type="loa" free="1491968" total="1527808" percent="97" />
    </mem>
  </mem-info>
</gc-end>
<cycle-end id="6714" type="global" contextid="6698" timestamp="2019-08-04T20:35:54.722">
  <attribute name="GC Util" value="59" />
  <attribute name="CPU Util" value="31249350612172" />
  <attribute name="Time Running"value="94937"/>
  <attribute name="Number of cores"value="16"/>
</cycle-end>
<allocation-satisfied id="6715" threadId="0000000000C79200" bytesRequested="40" />
<af-end id="6716" timestamp="2019-08-04T20:35:54.722" threadId="0000000000C79B88" success="true" />
<exclusive-end id="6717" timestamp="2019-08-04T20:35:54.722" durationms="48.711" />

<exclusive-start id="6718" timestamp="2019-08-04T20:35:54.876" intervalms="202.142">
  <response-info timems="6.392" idlems="6.392" threads="0" lastid="0000000000C8BE00" lastname="Thread-33" />
</exclusive-start>
<af-start id="6719" threadId="0000000000C8C788" totalBytesRequested="40" timestamp="2019-08-04T20:35:54.876" intervalms="202.171" />
<cycle-start id="6720" type="global" contextid="0" timestamp="2019-08-04T20:35:54.876" intervalms="203.631" />
  <attribute name="GC Util" value="59" />
  <attribute name="CPU Util" value="31249350612172" />
  <attribute name="Time Running"value="94937"/>
  <attribute name="Number of cores"value="16"/>
<gc-start id="6721" type="global" contextid="6720" timestamp="2019-08-04T20:35:54.876">
  <mem-info id="6722" free="1491968" total="152829952" percent="0">
    <mem type="tenure" free="1491968" total="152829952" percent="0">
      <mem type="soa" free="0" total="151302144" percent="0" />
      <mem type="loa" free="1491968" total="1527808" percent="97" />
    </mem>
  </mem-info>
</gc-start>
<allocation-stats totalBytes="123817800" >
  <allocated-bytes non-tlh="0" tlh="123817800" />
  <largest-consumer threadName="Thread-33" threadId="0000000000C8BE00" bytes="13046560" />
</allocation-stats>
<gc-op id="6723" type="mark" timems="16.582" contextid="6720" timestamp="2019-08-04T20:35:54.893">
  <trace-info objectcount="737785" scancount="654789" scanbytes="19026680" />
  <finalization candidates="151" enqueued="0" />
  <ownableSynchronizers candidates="23" cleared="0" />
  <references type="soft" candidates="1900" cleared="0" enqueued="0" dynamicThreshold="26" maxThreshold="32" />
  <references type="weak" candidates="6269" cleared="0" enqueued="0" />
  <references type="phantom" candidates="222" cleared="0" enqueued="0" />
  <stringconstants candidates="14591" cleared="0"  />
</gc-op>
<gc-op id="6724" type="sweep" timems="2.130" contextid="6720" timestamp="2019-08-04T20:35:54.895" />
<heap-resize id="6725" type="contract" space="tenure" amount="1507328" count="1" timems="0.562" reason="excess free space following gc" timestamp="2019-08-04T20:35:54.895" />
<gc-end id="6726" type="global" contextid="6720" durationms="19.492" usertimems="87.828" systemtimems="21.220" timestamp="2019-08-04T20:35:54.895" activeThreads="16">
  <mem-info id="6727" free="122541616" total="151322624" percent="80">
    <mem type="tenure" free="122541616" total="151322624" percent="80" micro-fragmented="133075">
      <mem type="soa" free="122103640" total="149810176" percent="81" />
      <mem type="loa" free="437976" total="1512448" percent="28" />
    </mem>
  </mem-info>
</gc-end>
<cycle-end id="6728" type="global" contextid="6720" timestamp="2019-08-04T20:35:54.895">
  <attribute name="GC Util" value="183" />
  <attribute name="CPU Util" value="10787309572543" />
  <attribute name="Time Running"value="95140"/>
  <attribute name="Number of cores"value="16"/>
</cycle-end>
<allocation-satisfied id="6729" threadId="0000000000C8BE00" bytesRequested="40" />
<af-end id="6730" timestamp="2019-08-04T20:35:54.896" threadId="0000000000C8C788" success="true" />
<exclusive-end id="6731" timestamp="2019-08-04T20:35:54.896" durationms="19.781" />

<concurrent-kickoff id="6732" timestamp="2019-08-04T20:35:55.015">
  <kickoff reason="threshold reached" targetBytes="5284408" thresholdFreeBytes="744651" remainingFree="730952" tenureFreeBytes="730952" />
</concurrent-kickoff>
<exclusive-start id="6733" timestamp="2019-08-04T20:35:55.021" intervalms="145.293">
  <response-info timems="5.843" idlems="5.843" threads="0" lastid="0000000000C9AE00" lastname="Thread-22" />
</exclusive-start>
<cycle-start id="6734" type="global" contextid="0" timestamp="2019-08-04T20:35:55.021" intervalms="145.211" />
  <attribute name="GC Util" value="183" />
  <attribute name="CPU Util" value="10787309572543" />
  <attribute name="Time Running"value="95140"/>
  <attribute name="Number of cores"value="16"/>
<exclusive-end id="6735" timestamp="2019-08-04T20:35:55.021" durationms="0.050" />

<exclusive-start id="6736" timestamp="2019-08-04T20:35:55.022" intervalms="1.323">
  <response-info timems="0.333" idlems="0.330" threads="1" lastid="0000000000C9AE00" lastname="Thread-22" />
</exclusive-start>
<af-start id="6737" threadId="0000000000C97B88" totalBytesRequested="40" timestamp="2019-08-04T20:35:55.023" intervalms="146.685" />
<gc-start id="6738" type="global" contextid="6734" timestamp="2019-08-04T20:35:55.023">
  <mem-info id="6739" free="437976" total="151322624" percent="0">
    <mem type="tenure" free="437976" total="151322624" percent="0">
      <mem type="soa" free="0" total="149810176" percent="0" />
      <mem type="loa" free="437976" total="1512448" percent="28" />
    </mem>
  </mem-info>
</gc-start>
<allocation-stats totalBytes="122087048" >
  <allocated-bytes non-tlh="0" tlh="122087048" />
  <largest-consumer threadName="Thread-33" threadId="0000000000C8BE00" bytes="12945744" />
</allocation-stats>
<concurrent-halted id="6740" timestamp="2019-08-04T20:35:55.023">
  <halted state="Class scanning incomplete" status="trace only" />
  <traced bytesTarget="5284408" bytesTotal="37024" bytesByMutator="0" bytesByHelper="37024" percent="0" />
  <cards cleaned="0" thresholdBytes="293347" />
</concurrent-halted>
<gc-op id="6741" type="tracing" timems="8.658" contextid="6734" timestamp="2019-08-04T20:35:55.031">
  <trace bytesTraced="16054328" workStackOverflowCount="0" />
</gc-op>
<gc-op id="6742" type="card-cleaning" timems="1.134" contextid="6734" timestamp="2019-08-04T20:35:55.033">
  <card-cleaning cardsCleaned="39" bytesTraced="15776" workStackOverflowCount="0" />
</gc-op>
<gc-op id="6743" type="mark" timems="5.498" contextid="6734" timestamp="2019-08-04T20:35:55.038">
  <trace-info objectcount="90641" scancount="77992" scanbytes="2892548" />
  <finalization candidates="151" enqueued="0" />
  <ownableSynchronizers candidates="23" cleared="0" />
  <references type="soft" candidates="1900" cleared="0" enqueued="0" dynamicThreshold="25" maxThreshold="32" />
  <references type="weak" candidates="6269" cleared="0" enqueued="0" />
  <references type="phantom" candidates="222" cleared="0" enqueued="0" />
  <stringconstants candidates="14591" cleared="0"  />
</gc-op>
<gc-op id="6744" type="sweep" timems="4.439" contextid="6734" timestamp="2019-08-04T20:35:55.043" />
<mem-info id="6745" free="122618808" total="151322624" percent="81">
  <mem type="tenure" free="122618808" total="151322624" percent="81" micro-fragmented="357464">
    <mem type="soa" free="121791144" total="149810176" percent="81" />
    <mem type="loa" free="827664" total="1512448" percent="54" />
  </mem>
</mem-info>
<gc-op id="6746" type="compact" timems="36.794" contextid="6734" timestamp="2019-08-04T20:35:55.080">
  <compact-info movecount="113533" movebytes="7054824" reason="compact to aid heap contraction" />
</gc-op>
<heap-resize id="6747" type="contract" space="tenure" amount="1507328" count="1" timems="0.085" reason="excess free space following gc" timestamp="2019-08-04T20:35:55.080" />
<gc-end id="6748" type="global" contextid="6734" durationms="57.431" usertimems="139.935" systemtimems="4.419" timestamp="2019-08-04T20:35:55.080" activeThreads="16">
  <mem-info id="6749" free="122224432" total="149815296" percent="81">
    <mem type="tenure" free="122224432" total="149815296" percent="81">
      <mem type="soa" free="120731440" total="148317184" percent="81" />
      <mem type="loa" free="1492992" total="1498112" percent="99" />
    </mem>
  </mem-info>
</gc-end>
<cycle-end id="6750" type="global" contextid="6734" timestamp="2019-08-04T20:35:55.080">
  <attribute name="GC Util" value="161" />
  <attribute name="CPU Util" value="12044106608935" />
  <attribute name="Time Running"value="95288"/>
  <attribute name="Number of cores"value="16"/>
</cycle-end>
<allocation-satisfied id="6751" threadId="0000000000C97200" bytesRequested="40" />
<af-end id="6752" timestamp="2019-08-04T20:35:55.081" threadId="0000000000C97B88" success="true" />
<exclusive-end id="6753" timestamp="2019-08-04T20:35:55.081" durationms="58.314" />

<exclusive-start id="6754" timestamp="2019-08-04T20:35:55.271" intervalms="248.545">
  <response-info timems="5.587" idlems="5.587" threads="0" lastid="0000000000C62B00" lastname="Thread-26" />
</exclusive-start>
<af-start id="6755" threadId="0000000000C63488" totalBytesRequested="24" timestamp="2019-08-04T20:35:55.271" intervalms="248.544" />
<cycle-start id="6756" type="global" contextid="0" timestamp="2019-08-04T20:35:55.271" intervalms="250.159" />
  <attribute name="GC Util" value="161" />
  <attribute name="CPU Util" value="12044106608935" />
  <attribute name="Time Running"value="95288"/>
  <attribute name="Number of cores"value="16"/>
<gc-start id="6757" type="global" contextid="6756" timestamp="2019-08-04T20:35:55.271">
  <mem-info id="6758" free="1492992" total="149815296" percent="0">
    <mem type="tenure" free="1492992" total="149815296" percent="0">
      <mem type="soa" free="0" total="148317184" percent="0" />
      <mem type="loa" free="1492992" total="1498112" percent="99" />
    </mem>
  </mem-info>
</gc-start>
<allocation-stats totalBytes="120789320" >
  <allocated-bytes non-tlh="0" tlh="120789320" />
  <largest-consumer threadName="Thread-22" threadId="0000000000C9AE00" bytes="10845648" />
</allocation-stats>
<gc-op id="6759" type="mark" timems="9.091" contextid="6756" timestamp="2019-08-04T20:35:55.281">
  <trace-info objectcount="738100" scancount="655075" scanbytes="19034216" />
  <finalization candidates="151" enqueued="0" />
  <ownableSynchronizers candidates="23" cleared="0" />
  <references type="soft" candidates="1900" cleared="0" enqueued="0" dynamicThreshold="26" maxThreshold="32" />
  <references type="weak" candidates="6269" cleared="0" enqueued="0" />
  <references type="phantom" candidates="222" cleared="0" enqueued="0" />
  <stringconstants candidates="14591" cleared="0"  />
</gc-op>
<gc-op id="6760" type="sweep" timems="1.658" contextid="6756" timestamp="2019-08-04T20:35:55.283" />
<heap-resize id="6761" type="contract" space="tenure" amount="1441792" count="1" timems="0.428" reason="excess free space following gc" timestamp="2019-08-04T20:35:55.283" />
<gc-end id="6762" type="global" contextid="6756" durationms="11.856" usertimems="58.042" systemtimems="1.312" timestamp="2019-08-04T20:35:55.283" activeThreads="16">
  <mem-info id="6763" free="119807392" total="148373504" percent="80">
    <mem type="tenure" free="119807392" total="148373504" percent="80" micro-fragmented="182749">
      <mem type="soa" free="119055640" total="146890752" percent="81" />
      <mem type="loa" free="751752" total="1482752" percent="50" />
    </mem>
  </mem-info>
</gc-end>
<cycle-end id="6764" type="global" contextid="6756" timestamp="2019-08-04T20:35:55.283">
  <attribute name="GC Util" value="214" />
  <attribute name="CPU Util" value="14802083753758" />
  <attribute name="Time Running"value="95528"/>
  <attribute name="Number of cores"value="16"/>
</cycle-end>
<allocation-satisfied id="6765" threadId="0000000000C62B00" bytesRequested="24" />
<af-end id="6766" timestamp="2019-08-04T20:35:55.283" threadId="0000000000C63488" success="true" />
<exclusive-end id="6767" timestamp="2019-08-04T20:35:55.283" durationms="12.509" />

<exclusive-start id="6768" timestamp="2019-08-04T20:35:55.477" intervalms="206.377">
  <response-info timems="7.602" idlems="7.602" threads="0" lastid="0000000000C66700" lastname="Thread-32" />
</exclusive-start>
<af-start id="6769" threadId="0000000000C67088" totalBytesRequested="40" timestamp="2019-08-04T20:35:55.477" intervalms="206.293" />
<cycle-start id="6770" type="global" contextid="0" timestamp="2019-08-04T20:35:55.477" intervalms="206.145" />
  <attribute name="GC Util" value="214" />
  <attribute name="CPU Util" value="14802083753758" />
  <attribute name="Time Running"value="95528"/>
  <attribute name="Number of cores"value="16"/>
<gc-start id="6771" type="global" contextid="6770" timestamp="2019-08-04T20:35:55.477">
  <mem-info id="6772" free="751752" total="148373504" percent="0">
    <mem type="tenure" free="751752" total="148373504" percent="0">
      <mem type="soa" free="0" total="146890752" percent="0" />
      <mem type="loa" free="751752" total="1482752" percent="50" />
    </mem>
  </mem-info>
</gc-start>
<allocation-stats totalBytes="119107760" >
  <allocated-bytes non-tlh="0" tlh="119107760" />
  <largest-consumer threadName="Thread-21" threadId="0000000000C7CE00" bytes="13096608" />
</allocation-stats>
<gc-op id="6773" type="mark" timems="12.220" contextid="6770" timestamp="2019-08-04T20:35:55.490">
  <trace-info objectcount="740639" scancount="657642" scanbytes="19095304" />
  <finalization candidates="151" enqueued="0" />
  <ownableSynchronizers candidates="23" cleared="0" />
  <references type="soft" candidates="1900" cleared="0" enqueued="0" dynamicThreshold="25" maxThreshold="32" />
  <references type="weak" candidates="6269" cleared="0" enqueued="0" />
  <references type="phantom" candidates="222" cleared="0" enqueued="0" />
  <stringconstants candidates="14591" cleared="0"  />
</gc-op>
<gc-op id="6774" type="sweep" timems="1.807" contextid="6770" timestamp="2019-08-04T20:35:55.492" />
<mem-info id="6775" free="119899344" total="148373504" percent="80">
  <mem type="tenure" free="119899344" total="148373504" percent="80" micro-fragmented="222231">
    <mem type="soa" free="118776184" total="146890752" percent="80" />
    <mem type="loa" free="1123160" total="1482752" percent="75" />
  </mem>
</mem-info>
<gc-op id="6776" type="compact" timems="31.468" contextid="6770" timestamp="2019-08-04T20:35:55.523">
  <compact-info movecount="120713" movebytes="7267312" reason="compact to aid heap contraction" />
</gc-op>
<heap-resize id="6777" type="contract" space="tenure" amount="1441792" count="1" timems="0.286" reason="excess free space following gc" timestamp="2019-08-04T20:35:55.523" />
<gc-end id="6778" type="global" contextid="6770" durationms="46.025" usertimems="113.070" systemtimems="9.500" timestamp="2019-08-04T20:35:55.523" activeThreads="16">
  <mem-info id="6779" free="119193536" total="146931712" percent="81">
    <mem type="tenure" free="119193536" total="146931712" percent="81">
      <mem type="soa" free="117766080" total="145463296" percent="80" />
      <mem type="loa" free="1427456" total="1468416" percent="97" />
    </mem>
  </mem-info>
</gc-end>
<cycle-end id="6780" type="global" contextid="6770" timestamp="2019-08-04T20:35:55.524">
  <attribute name="GC Util" value="80" />
  <attribute name="CPU Util" value="41749066693273" />
  <attribute name="Time Running"value="95737"/>
  <attribute name="Number of cores"value="16"/>
</cycle-end>
<allocation-satisfied id="6781" threadId="0000000000C66700" bytesRequested="40" />
<af-end id="6782" timestamp="2019-08-04T20:35:55.524" threadId="0000000000C67088" success="true" />
<exclusive-end id="6783" timestamp="2019-08-04T20:35:55.524" durationms="46.275" />

<exclusive-start id="6784" timestamp="2019-08-04T20:35:55.646" intervalms="168.261">
  <response-info timems="5.996" idlems="5.996" threads="0" lastid="0000000000CA6100" lastname="Thread-34" />
</exclusive-start>
<af-start id="6785" threadId="0000000000CA6A88" totalBytesRequested="40" timestamp="2019-08-04T20:35:55.646" intervalms="168.260" />
<cycle-start id="6786" type="global" contextid="0" timestamp="2019-08-04T20:35:55.646" intervalms="168.254" />
  <attribute name="GC Util" value="80" />
  <attribute name="CPU Util" value="41749066693273" />
  <attribute name="Time Running"value="95737"/>
  <attribute name="Number of cores"value="16"/>
<gc-start id="6787" type="global" contextid="6786" timestamp="2019-08-04T20:35:55.646">
  <mem-info id="6788" free="1427456" total="146931712" percent="0">
    <mem type="tenure" free="1427456" total="146931712" percent="0">
      <mem type="soa" free="0" total="145463296" percent="0" />
      <mem type="loa" free="1427456" total="1468416" percent="97" />
    </mem>
  </mem-info>
</gc-start>
<allocation-stats totalBytes="117819344" >
  <allocated-bytes non-tlh="0" tlh="117819344" />
  <largest-consumer threadName="Thread-24" threadId="0000000000C9E900" bytes="13466120" />
</allocation-stats>
<gc-op id="6789" type="mark" timems="9.425" contextid="6786" timestamp="2019-08-04T20:35:55.655">
  <trace-info objectcount="741389" scancount="658378" scanbytes="19112192" />
  <finalization candidates="151" enqueued="0" />
  <ownableSynchronizers candidates="23" cleared="0" />
  <references type="soft" candidates="1900" cleared="0" enqueued="0" dynamicThreshold="25" maxThreshold="32" />
  <references type="weak" candidates="6269" cleared="0" enqueued="0" />
  <references type="phantom" candidates="222" cleared="0" enqueued="0" />
  <stringconstants candidates="14591" cleared="0"  />
</gc-op>
<gc-op id="6790" type="sweep" timems="1.657" contextid="6786" timestamp="2019-08-04T20:35:55.657" />
<heap-resize id="6791" type="contract" space="tenure" amount="1441792" count="1" timems="0.652" reason="excess free space following gc" timestamp="2019-08-04T20:35:55.658" />
<gc-end id="6792" type="global" contextid="6786" durationms="11.909" usertimems="56.188" systemtimems="3.541" timestamp="2019-08-04T20:35:55.658" activeThreads="16">
  <mem-info id="6793" free="116550376" total="145489920" percent="80">
    <mem type="tenure" free="116550376" total="145489920" percent="80" micro-fragmented="285914">
      <mem type="soa" free="116124584" total="144035840" percent="80" />
      <mem type="loa" free="425792" total="1454080" percent="29" />
    </mem>
  </mem-info>
</gc-end>
<cycle-end id="6794" type="global" contextid="6786" timestamp="2019-08-04T20:35:55.658">
  <attribute name="GC Util" value="178" />
  <attribute name="CPU Util" value="15182515878263" />
  <attribute name="Time Running"value="95902"/>
  <attribute name="Number of cores"value="16"/>
</cycle-end>
<allocation-satisfied id="6795" threadId="0000000000CA6100" bytesRequested="40" />
<af-end id="6796" timestamp="2019-08-04T20:35:55.658" threadId="0000000000CA6A88" success="true" />
<exclusive-end id="6797" timestamp="2019-08-04T20:35:55.658" durationms="12.156" />

<concurrent-kickoff id="6798" timestamp="2019-08-04T20:35:55.810">
  <kickoff reason="threshold reached" targetBytes="3904365" thresholdFreeBytes="560297" remainingFree="537136" tenureFreeBytes="522584" />
</concurrent-kickoff>
<exclusive-start id="6799" timestamp="2019-08-04T20:35:55.815" intervalms="169.311">
  <response-info timems="4.335" idlems="4.335" threads="0" lastid="0000000000C57700" lastname="Thread-36" />
</exclusive-start>
<af-start id="6800" threadId="0000000000C58088" totalBytesRequested="40" timestamp="2019-08-04T20:35:55.815" intervalms="169.317" />
<concurrent-aborted id="6801" timestamp="2019-08-04T20:35:55.815">
  <reason value="insufficient progress made" />
</concurrent-aborted>
<cycle-end id="6802" type="global" contextid="0" timestamp="2019-08-04T20:35:55.815">
  <attribute name="GC Util" value="178" />
  <attribute name="CPU Util" value="15182515878263" />
  <attribute name="Time Running"value="95902"/>
  <attribute name="Number of cores"value="16"/>
</cycle-end>
<cycle-start id="6803" type="global" contextid="0" timestamp="2019-08-04T20:35:55.815" intervalms="169.340" />
  <attribute name="GC Util" value="178" />
  <attribute name="CPU Util" value="15182515878263" />
  <attribute name="Time Running"value="95902"/>
  <attribute name="Number of cores"value="16"/>
<gc-start id="6804" type="global" contextid="6803" timestamp="2019-08-04T20:35:55.815">
  <mem-info id="6805" free="425792" total="145489920" percent="0">
    <mem type="tenure" free="425792" total="145489920" percent="0">
      <mem type="soa" free="0" total="144035840" percent="0" />
      <mem type="loa" free="425792" total="1454080" percent="29" />
    </mem>
  </mem-info>
</gc-start>
<allocation-stats totalBytes="116110192" >
  <allocated-bytes non-tlh="0" tlh="116110192" />
  <largest-consumer threadName="Thread-24" threadId="0000000000C9E900" bytes="12057016" />
</allocation-stats>
<gc-op id="6806" type="mark" timems="11.768" contextid="6803" timestamp="2019-08-04T20:35:55.827">
  <trace-info objectcount="741508" scancount="658512" scanbytes="19115240" />
  <finalization candidates="151" enqueued="0" />
  <ownableSynchronizers candidates="23" cleared="0" />
  <references type="soft" candidates="1900" cleared="0" enqueued="0" dynamicThreshold="25" maxThreshold="32" />
  <references type="weak" candidates="6269" cleared="0" enqueued="0" />
  <references type="phantom" candidates="222" cleared="0" enqueued="0" />
  <stringconstants candidates="14591" cleared="0"  />
</gc-op>
<gc-op id="6807" type="sweep" timems="2.002" contextid="6803" timestamp="2019-08-04T20:35:55.829" />
<mem-info id="6808" free="116917224" total="145489920" percent="80">
  <mem type="tenure" free="116917224" total="145489920" percent="80" micro-fragmented="441133">
    <mem type="soa" free="115778784" total="144035840" percent="80" />
    <mem type="loa" free="1138440" total="1454080" percent="78" />
  </mem>
</mem-info>
<gc-op id="6809" type="compact" timems="29.476" contextid="6803" timestamp="2019-08-04T20:35:55.858">
  <compact-info movecount="126571" movebytes="7544432" reason="compact to aid heap contraction" />
</gc-op>
<heap-resize id="6810" type="contract" space="tenure" amount="1441792" count="1" timems="0.072" reason="excess free space following gc" timestamp="2019-08-04T20:35:55.859" />
<gc-end id="6811" type="global" contextid="6803" durationms="43.553" usertimems="116.078" systemtimems="1.700" timestamp="2019-08-04T20:35:55.859" activeThreads="16">
  <mem-info id="6812" free="116318616" total="144048128" percent="80">
    <mem type="tenure" free="116318616" total="144048128" percent="80">
      <mem type="soa" free="114891160" total="142608384" percent="80" />
      <mem type="loa" free="1427456" total="1439744" percent="99" />
    </mem>
  </mem-info>
</gc-end>
<cycle-end id="6813" type="global" contextid="6803" timestamp="2019-08-04T20:35:55.859">
  <attribute name="GC Util" value="116" />
  <attribute name="CPU Util" value="50231162989638" />
  <attribute name="Time Running"value="96075"/>
  <attribute name="Number of cores"value="16"/>
</cycle-end>
<allocation-satisfied id="6814" threadId="0000000000C57700" bytesRequested="40" />
<af-end id="6815" timestamp="2019-08-04T20:35:55.859" threadId="0000000000C58088" success="true" />
<exclusive-end id="6816" timestamp="2019-08-04T20:35:55.859" durationms="43.908" />

<exclusive-start id="6817" timestamp="2019-08-04T20:35:55.985" intervalms="170.288">
  <response-info timems="2.576" idlems="2.576" threads="0" lastid="0000000000C97200" lastname="Thread-31" />
</exclusive-start>
<af-start id="6818" threadId="0000000000C97B88" totalBytesRequested="24" timestamp="2019-08-04T20:35:55.985" intervalms="170.513" />
<cycle-start id="6819" type="global" contextid="0" timestamp="2019-08-04T20:35:55.985" intervalms="170.513" />
  <attribute name="GC Util" value="116" />
  <attribute name="CPU Util" value="50231162989638" />
  <attribute name="Time Running"value="96075"/>
  <attribute name="Number of cores"value="16"/>
<gc-start id="6820" type="global" contextid="6819" timestamp="2019-08-04T20:35:55.986">
  <mem-info id="6821" free="1427456" total="144048128" percent="0">
    <mem type="tenure" free="1427456" total="144048128" percent="0">
      <mem type="soa" free="0" total="142608384" percent="0" />
      <mem type="loa" free="1427456" total="1439744" percent="99" />
    </mem>
  </mem-info>
</gc-start>
<allocation-stats totalBytes="114945920" >
  <allocated-bytes non-tlh="0" tlh="114945920" />
  <largest-consumer threadName="Thread-22" threadId="0000000000C9AE00" bytes="12145216" />
</allocation-stats>
<gc-op id="6822" type="mark" timems="11.155" contextid="6819" timestamp="2019-08-04T20:35:55.997">
  <trace-info objectcount="750293" scancount="667300" scanbytes="19326056" />
  <finalization candidates="151" enqueued="0" />
  <ownableSynchronizers candidates="23" cleared="0" />
  <references type="soft" candidates="1900" cleared="0" enqueued="0" dynamicThreshold="25" maxThreshold="32" />
  <references type="weak" candidates="6269" cleared="0" enqueued="0" />
  <references type="phantom" candidates="222" cleared="0" enqueued="0" />
  <stringconstants candidates="14591" cleared="0"  />
</gc-op>
<gc-op id="6823" type="sweep" timems="4.624" contextid="6819" timestamp="2019-08-04T20:35:56.001" />
<heap-resize id="6824" type="contract" space="tenure" amount="1376256" count="1" timems="0.636" reason="excess free space following gc" timestamp="2019-08-04T20:35:56.002" />
<gc-end id="6825" type="global" contextid="6819" durationms="16.610" usertimems="68.854" systemtimems="0.168" timestamp="2019-08-04T20:35:56.002" activeThreads="16">
  <mem-info id="6826" free="114059992" total="142671872" percent="79">
    <mem type="tenure" free="114059992" total="142671872" percent="79" micro-fragmented="174854">
      <mem type="soa" free="113167704" total="141245440" percent="80" />
      <mem type="loa" free="892288" total="1426432" percent="62" />
    </mem>
  </mem-info>
</gc-end>
<cycle-end id="6827" type="global" contextid="6819" timestamp="2019-08-04T20:35:56.002">
  <attribute name="GC Util" value="210" />
  <attribute name="CPU Util" value="5888683141409" />
  <attribute name="Time Running"value="96246"/>
  <attribute name="Number of cores"value="16"/>
</cycle-end>
<allocation-satisfied id="6828" threadId="0000000000C97200" bytesRequested="24" />
<af-end id="6829" timestamp="2019-08-04T20:35:56.002" threadId="0000000000C97B88" success="true" />
<exclusive-end id="6830" timestamp="2019-08-04T20:35:56.002" durationms="17.157" />

<exclusive-start id="6831" timestamp="2019-08-04T20:35:56.140" intervalms="154.925">
  <response-info timems="0.428" idlems="0.194" threads="4" lastid="0000000000C66700" lastname="Thread-32" />
</exclusive-start>
<af-start id="6832" threadId="0000000000C7D788" totalBytesRequested="40" timestamp="2019-08-04T20:35:56.140" intervalms="154.697" />
<cycle-start id="6833" type="global" contextid="0" timestamp="2019-08-04T20:35:56.140" intervalms="154.738" />
  <attribute name="GC Util" value="210" />
  <attribute name="CPU Util" value="5888683141409" />
  <attribute name="Time Running"value="96246"/>
  <attribute name="Number of cores"value="16"/>
<gc-start id="6834" type="global" contextid="6833" timestamp="2019-08-04T20:35:56.140">
  <mem-info id="6835" free="892288" total="142671872" percent="0">
    <mem type="tenure" free="892288" total="142671872" percent="0">
      <mem type="soa" free="0" total="141245440" percent="0" />
      <mem type="loa" free="892288" total="1426432" percent="62" />
    </mem>
  </mem-info>
</gc-start>
<allocation-stats totalBytes="113176416" >
  <allocated-bytes non-tlh="57168" tlh="113119248" />
  <largest-consumer threadName="Thread-22" threadId="0000000000C9AE00" bytes="11870888" />
</allocation-stats>
<gc-op id="6836" type="mark" timems="13.059" contextid="6833" timestamp="2019-08-04T20:35:56.153">
  <trace-info objectcount="734646" scancount="652376" scanbytes="18958288" />
  <finalization candidates="151" enqueued="0" />
  <ownableSynchronizers candidates="23" cleared="0" />
  <references type="soft" candidates="1900" cleared="30" enqueued="27" dynamicThreshold="25" maxThreshold="32" />
  <references type="weak" candidates="6269" cleared="0" enqueued="0" />
  <references type="phantom" candidates="222" cleared="0" enqueued="0" />
  <stringconstants candidates="14591" cleared="0"  />
</gc-op>
<gc-op id="6837" type="sweep" timems="1.726" contextid="6833" timestamp="2019-08-04T20:35:56.155" />
<mem-info id="6838" free="114495824" total="142671872" percent="80">
  <mem type="tenure" free="114495824" total="142671872" percent="80" micro-fragmented="418164">
    <mem type="soa" free="113166448" total="141245440" percent="80" />
    <mem type="loa" free="1329376" total="1426432" percent="93" />
  </mem>
  <pending-finalizers system="0" default="0" reference="27" classloader="0" />
</mem-info>
<gc-op id="6839" type="compact" timems="34.354" contextid="6833" timestamp="2019-08-04T20:35:56.190">
  <compact-info movecount="141331" movebytes="9632000" reason="compact to aid heap contraction" />
</gc-op>
<heap-resize id="6840" type="contract" space="tenure" amount="1376256" count="1" timems="0.090" reason="excess free space following gc" timestamp="2019-08-04T20:35:56.190" />
<gc-end id="6841" type="global" contextid="6833" durationms="49.707" usertimems="134.387" systemtimems="5.503" timestamp="2019-08-04T20:35:56.190" activeThreads="16">
  <mem-info id="6842" free="113767224" total="141295616" percent="80">
    <mem type="tenure" free="113767224" total="141295616" percent="80">
      <mem type="soa" free="112405304" total="139883520" percent="80" />
      <mem type="loa" free="1361920" total="1412096" percent="96" />
    </mem>
    <pending-finalizers system="0" default="0" reference="27" classloader="0" />
  </mem-info>
</gc-end>
<cycle-end id="6843" type="global" contextid="6833" timestamp="2019-08-04T20:35:56.190">
  <attribute name="GC Util" value="73" />
  <attribute name="CPU Util" value="33671276674890" />
  <attribute name="Time Running"value="96401"/>
  <attribute name="Number of cores"value="16"/>
</cycle-end>
<allocation-satisfied id="6844" threadId="0000000000C7CE00" bytesRequested="40" />
<af-end id="6845" timestamp="2019-08-04T20:35:56.190" threadId="0000000000C7D788" success="true" />
<exclusive-end id="6846" timestamp="2019-08-04T20:35:56.190" durationms="50.227" />

<exclusive-start id="6847" timestamp="2019-08-04T20:35:56.367" intervalms="226.505">
  <response-info timems="5.289" idlems="5.289" threads="0" lastid="0000000000C62B00" lastname="Thread-26" />
</exclusive-start>
<af-start id="6848" threadId="0000000000C63488" totalBytesRequested="24" timestamp="2019-08-04T20:35:56.367" intervalms="226.641" />
<cycle-start id="6849" type="global" contextid="0" timestamp="2019-08-04T20:35:56.367" intervalms="226.596" />
  <attribute name="GC Util" value="73" />
  <attribute name="CPU Util" value="33671276674890" />
  <attribute name="Time Running"value="96401"/>
  <attribute name="Number of cores"value="16"/>
<gc-start id="6850" type="global" contextid="6849" timestamp="2019-08-04T20:35:56.367">
  <mem-info id="6851" free="1361920" total="141295616" percent="0">
    <mem type="tenure" free="1361920" total="141295616" percent="0">
      <mem type="soa" free="0" total="139883520" percent="0" />
      <mem type="loa" free="1361920" total="1412096" percent="96" />
    </mem>
  </mem-info>
</gc-start>
<allocation-stats totalBytes="112463416" >
  <allocated-bytes non-tlh="0" tlh="112463416" />
  <largest-consumer threadName="Thread-23" threadId="0000000000C6DF00" bytes="9534928" />
</allocation-stats>
<gc-op id="6852" type="mark" timems="11.866" contextid="6849" timestamp="2019-08-04T20:35:56.379">
  <trace-info objectcount="727880" scancount="646422" scanbytes="18806280" />
  <finalization candidates="151" enqueued="0" />
  <ownableSynchronizers candidates="23" cleared="0" />
  <references type="soft" candidates="1870" cleared="15" enqueued="12" dynamicThreshold="25" maxThreshold="32" />
  <references type="weak" candidates="6269" cleared="0" enqueued="0" />
  <references type="phantom" candidates="222" cleared="0" enqueued="0" />
  <stringconstants candidates="14591" cleared="0"  />
</gc-op>
<gc-op id="6853" type="sweep" timems="1.712" contextid="6849" timestamp="2019-08-04T20:35:56.381" />
<heap-resize id="6854" type="contract" space="tenure" amount="1376256" count="1" timems="0.521" reason="excess free space following gc" timestamp="2019-08-04T20:35:56.381" />
<gc-end id="6855" type="global" contextid="6849" durationms="14.563" usertimems="82.987" systemtimems="2.068" timestamp="2019-08-04T20:35:56.381" activeThreads="16">
  <mem-info id="6856" free="111683528" total="139919360" percent="79">
    <mem type="tenure" free="111683528" total="139919360" percent="79" micro-fragmented="180059">
      <mem type="soa" free="111086080" total="138520576" percent="80" />
      <mem type="loa" free="597448" total="1398784" percent="42" />
    </mem>
    <pending-finalizers system="0" default="0" reference="12" classloader="0" />
  </mem-info>
</gc-end>
<cycle-end id="6857" type="global" contextid="6849" timestamp="2019-08-04T20:35:56.382">
  <attribute name="GC Util" value="240" />
  <attribute name="CPU Util" value="15549064549516" />
  <attribute name="Time Running"value="96626"/>
  <attribute name="Number of cores"value="16"/>
</cycle-end>
<allocation-satisfied id="6858" threadId="0000000000C62B00" bytesRequested="24" />
<af-end id="6859" timestamp="2019-08-04T20:35:56.382" threadId="0000000000C63488" success="true" />
<exclusive-end id="6860" timestamp="2019-08-04T20:35:56.382" durationms="14.969" />

<exclusive-start id="6861" timestamp="2019-08-04T20:35:56.605" intervalms="238.168">
  <response-info timems="3.632" idlems="3.632" threads="0" lastid="0000000000C71B00" lastname="Thread-25" />
</exclusive-start>
<af-start id="6862" threadId="0000000000C72488" totalBytesRequested="40" timestamp="2019-08-04T20:35:56.605" intervalms="238.026" />
<cycle-start id="6863" type="global" contextid="0" timestamp="2019-08-04T20:35:56.605" intervalms="238.006" />
  <attribute name="GC Util" value="240" />
  <attribute name="CPU Util" value="15549064549516" />
  <attribute name="Time Running"value="96626"/>
  <attribute name="Number of cores"value="16"/>
<gc-start id="6864" type="global" contextid="6863" timestamp="2019-08-04T20:35:56.605">
  <mem-info id="6865" free="597448" total="139919360" percent="0">
    <mem type="tenure" free="597448" total="139919360" percent="0">
      <mem type="soa" free="0" total="138520576" percent="0" />
      <mem type="loa" free="597448" total="1398784" percent="42" />
    </mem>
  </mem-info>
</gc-start>
<allocation-stats totalBytes="111076584" >
  <allocated-bytes non-tlh="0" tlh="111076584" />
  <largest-consumer threadName="Thread-27" threadId="0000000000C84600" bytes="11983856" />
</allocation-stats>
<gc-op id="6866" type="mark" timems="11.520" contextid="6863" timestamp="2019-08-04T20:35:56.616">
  <trace-info objectcount="720804" scancount="639337" scanbytes="18636264" />
  <finalization candidates="151" enqueued="0" />
  <ownableSynchronizers candidates="23" cleared="0" />
  <references type="soft" candidates="1855" cleared="0" enqueued="0" dynamicThreshold="25" maxThreshold="32" />
  <references type="weak" candidates="6269" cleared="0" enqueued="0" />
  <references type="phantom" candidates="222" cleared="0" enqueued="0" />
  <stringconstants candidates="14591" cleared="0"  />
</gc-op>
<gc-op id="6867" type="sweep" timems="3.183" contextid="6863" timestamp="2019-08-04T20:35:56.620" />
<mem-info id="6868" free="111920192" total="139919360" percent="79">
  <mem type="tenure" free="111920192" total="139919360" percent="79" micro-fragmented="349372">
    <mem type="soa" free="110935240" total="138520576" percent="80" />
    <mem type="loa" free="984952" total="1398784" percent="70" />
  </mem>
</mem-info>
<gc-op id="6869" type="compact" timems="30.091" contextid="6863" timestamp="2019-08-04T20:35:56.650">
  <compact-info movecount="127475" movebytes="9239984" reason="compact to aid heap contraction" />
</gc-op>
<heap-resize id="6870" type="contract" space="tenure" amount="1376256" count="1" timems="0.085" reason="excess free space following gc" timestamp="2019-08-04T20:35:56.650" />
<gc-end id="6871" type="global" contextid="6863" durationms="45.117" usertimems="146.605" systemtimems="0.000" timestamp="2019-08-04T20:35:56.650" activeThreads="16">
  <mem-info id="6872" free="111433888" total="138543104" percent="80">
    <mem type="tenure" free="111433888" total="138543104" percent="80">
      <mem type="soa" free="110071968" total="137158656" percent="80" />
      <mem type="loa" free="1361920" total="1384448" percent="98" />
    </mem>
  </mem-info>
</gc-end>
<cycle-end id="6873" type="global" contextid="6863" timestamp="2019-08-04T20:35:56.650">
  <attribute name="GC Util" value="111" />
  <attribute name="CPU Util" value="40128568023015" />
  <attribute name="Time Running"value="96865"/>
  <attribute name="Number of cores"value="16"/>
</cycle-end>
<allocation-satisfied id="6874" threadId="0000000000C71B00" bytesRequested="40" />
<af-end id="6875" timestamp="2019-08-04T20:35:56.650" threadId="0000000000C72488" success="true" />
<exclusive-end id="6876" timestamp="2019-08-04T20:35:56.650" durationms="45.308" />

<exclusive-start id="6877" timestamp="2019-08-04T20:35:56.782" intervalms="176.958">
  <response-info timems="5.152" idlems="5.152" threads="0" lastid="0000000000C71B00" lastname="Thread-25" />
</exclusive-start>
<af-start id="6878" threadId="0000000000C72488" totalBytesRequested="40" timestamp="2019-08-04T20:35:56.782" intervalms="176.974" />
<cycle-start id="6879" type="global" contextid="0" timestamp="2019-08-04T20:35:56.782" intervalms="176.996" />
  <attribute name="GC Util" value="111" />
  <attribute name="CPU Util" value="40128568023015" />
  <attribute name="Time Running"value="96865"/>
  <attribute name="Number of cores"value="16"/>
<gc-start id="6880" type="global" contextid="6879" timestamp="2019-08-04T20:35:56.782">
  <mem-info id="6881" free="1361920" total="138543104" percent="0">
    <mem type="tenure" free="1361920" total="138543104" percent="0">
      <mem type="soa" free="0" total="137158656" percent="0" />
      <mem type="loa" free="1361920" total="1384448" percent="98" />
    </mem>
  </mem-info>
</gc-start>
<allocation-stats totalBytes="110120200" >
  <allocated-bytes non-tlh="0" tlh="110120200" />
  <largest-consumer threadName="Thread-27" threadId="0000000000C84600" bytes="9927280" />
</allocation-stats>
<gc-op id="6882" type="mark" timems="10.451" contextid="6879" timestamp="2019-08-04T20:35:56.792">
  <trace-info objectcount="726706" scancount="645241" scanbytes="18777280" />
  <finalization candidates="151" enqueued="0" />
  <ownableSynchronizers candidates="23" cleared="0" />
  <references type="soft" candidates="1855" cleared="0" enqueued="0" dynamicThreshold="25" maxThreshold="32" />
  <references type="weak" candidates="6269" cleared="0" enqueued="0" />
  <references type="phantom" candidates="222" cleared="0" enqueued="0" />
  <stringconstants candidates="14591" cleared="0"  />
</gc-op>
<gc-op id="6883" type="sweep" timems="1.758" contextid="6879" timestamp="2019-08-04T20:35:56.794" />
<heap-resize id="6884" type="contract" space="tenure" amount="1376256" count="1" timems="0.432" reason="excess free space following gc" timestamp="2019-08-04T20:35:56.795" />
<gc-end id="6885" type="global" contextid="6879" durationms="12.786" usertimems="63.538" systemtimems="4.519" timestamp="2019-08-04T20:35:56.795" activeThreads="16">
  <mem-info id="6886" free="108697888" total="137166848" percent="79">
    <mem type="tenure" free="108697888" total="137166848" percent="79" micro-fragmented="112546">
      <mem type="soa" free="108254176" total="135795712" percent="79" />
      <mem type="loa" free="443712" total="1371136" percent="32" />
    </mem>
  </mem-info>
</gc-end>
<cycle-end id="6887" type="global" contextid="6879" timestamp="2019-08-04T20:35:56.795">
  <attribute name="GC Util" value="178" />
  <attribute name="CPU Util" value="13065994967206" />
  <attribute name="Time Running"value="97040"/>
  <attribute name="Number of cores"value="16"/>
</cycle-end>
<allocation-satisfied id="6888" threadId="0000000000C71B00" bytesRequested="40" />
<af-end id="6889" timestamp="2019-08-04T20:35:56.795" threadId="0000000000C72488" success="true" />
<exclusive-end id="6890" timestamp="2019-08-04T20:35:56.795" durationms="13.143" />

<concurrent-kickoff id="6891" timestamp="2019-08-04T20:35:57.031">
  <kickoff reason="threshold reached" targetBytes="3681007" thresholdFreeBytes="528243" remainingFree="526264" tenureFreeBytes="526264" />
</concurrent-kickoff>
<exclusive-start id="6892" timestamp="2019-08-04T20:35:57.032" intervalms="250.159">
  <response-info timems="1.080" idlems="0.744" threads="9" lastid="0000000000C57700" lastname="Thread-36" />
</exclusive-start>
<cycle-start id="6893" type="global" contextid="0" timestamp="2019-08-04T20:35:57.032" intervalms="250.106" />
  <attribute name="GC Util" value="178" />
  <attribute name="CPU Util" value="13065994967206" />
  <attribute name="Time Running"value="97040"/>
  <attribute name="Number of cores"value="16"/>
<exclusive-end id="6894" timestamp="2019-08-04T20:35:57.033" durationms="0.698" />

<exclusive-start id="6895" timestamp="2019-08-04T20:35:57.033" intervalms="1.376">
  <response-info timems="0.661" idlems="0.661" threads="0" lastid="0000000000C9AE00" lastname="Thread-22" />
</exclusive-start>
<af-start id="6896" threadId="0000000000C9B788" totalBytesRequested="40" timestamp="2019-08-04T20:35:57.033" intervalms="251.508" />
<concurrent-aborted id="6897" timestamp="2019-08-04T20:35:57.033">
  <reason value="insufficient progress made" />
</concurrent-aborted>
<cycle-end id="6898" type="global" contextid="6893" timestamp="2019-08-04T20:35:57.033">
  <attribute name="GC Util" value="178" />
  <attribute name="CPU Util" value="13065994967206" />
  <attribute name="Time Running"value="97040"/>
  <attribute name="Number of cores"value="16"/>
</cycle-end>
<cycle-start id="6899" type="global" contextid="0" timestamp="2019-08-04T20:35:57.033" intervalms="1.393" />
  <attribute name="GC Util" value="178" />
  <attribute name="CPU Util" value="13065994967206" />
  <attribute name="Time Running"value="97040"/>
  <attribute name="Number of cores"value="16"/>
<gc-start id="6900" type="global" contextid="6899" timestamp="2019-08-04T20:35:57.033">
  <mem-info id="6901" free="443712" total="137166848" percent="0">
    <mem type="tenure" free="443712" total="137166848" percent="0">
      <mem type="soa" free="0" total="135795712" percent="0" />
      <mem type="loa" free="443712" total="1371136" percent="32" />
    </mem>
  </mem-info>
</gc-start>
<allocation-stats totalBytes="108300440" >
  <allocated-bytes non-tlh="19056" tlh="108281384" />
  <largest-consumer threadName="Thread-26" threadId="0000000000C62B00" bytes="13274576" />
</allocation-stats>
<gc-op id="6902" type="mark" timems="9.821" contextid="6899" timestamp="2019-08-04T20:35:57.043">
  <trace-info objectcount="723890" scancount="642437" scanbytes="18709256" />
  <finalization candidates="151" enqueued="0" />
  <ownableSynchronizers candidates="23" cleared="0" />
  <references type="soft" candidates="1855" cleared="0" enqueued="0" dynamicThreshold="25" maxThreshold="32" />
  <references type="weak" candidates="6269" cleared="0" enqueued="0" />
  <references type="phantom" candidates="222" cleared="0" enqueued="0" />
  <stringconstants candidates="14591" cleared="0"  />
</gc-op>
<gc-op id="6903" type="sweep" timems="1.686" contextid="6899" timestamp="2019-08-04T20:35:57.045" />
<mem-info id="6904" free="108791728" total="137166848" percent="79">
  <mem type="tenure" free="108791728" total="137166848" percent="79" micro-fragmented="154003">
    <mem type="soa" free="108316464" total="135795712" percent="79" />
    <mem type="loa" free="475264" total="1371136" percent="34" />
  </mem>
</mem-info>
<gc-op id="6905" type="compact" timems="26.115" contextid="6899" timestamp="2019-08-04T20:35:57.071">
  <compact-info movecount="114530" movebytes="7192608" reason="compact to aid heap contraction" />
</gc-op>
<heap-resize id="6906" type="contract" space="tenure" amount="1310720" count="1" timems="0.130" reason="excess free space following gc" timestamp="2019-08-04T20:35:57.071" />
<gc-end id="6907" type="global" contextid="6899" durationms="37.970" usertimems="117.252" systemtimems="0.000" timestamp="2019-08-04T20:35:57.071" activeThreads="16">
  <mem-info id="6908" free="108636032" total="135856128" percent="79">
    <mem type="tenure" free="108636032" total="135856128" percent="79">
      <mem type="soa" free="107338624" total="134498304" percent="79" />
      <mem type="loa" free="1297408" total="1357824" percent="95" />
    </mem>
  </mem-info>
</gc-end>
<cycle-end id="6909" type="global" contextid="6899" timestamp="2019-08-04T20:35:57.072">
  <attribute name="GC Util" value="85" />
  <attribute name="CPU Util" value="38731201121857" />
  <attribute name="Time Running"value="97291"/>
  <attribute name="Number of cores"value="16"/>
</cycle-end>
<allocation-satisfied id="6910" threadId="0000000000C9AE00" bytesRequested="40" />
<af-end id="6911" timestamp="2019-08-04T20:35:57.072" threadId="0000000000C9B788" success="true" />
<exclusive-end id="6912" timestamp="2019-08-04T20:35:57.072" durationms="38.682" />

<exclusive-start id="6913" timestamp="2019-08-04T20:35:57.107" intervalms="73.565">
  <response-info timems="0.549" idlems="0.549" threads="0" lastid="0000000000C97200" lastname="Thread-31" />
</exclusive-start>
<af-start id="6914" threadId="0000000000C97B88" totalBytesRequested="24" timestamp="2019-08-04T20:35:57.107" intervalms="73.582" />
<cycle-start id="6915" type="global" contextid="0" timestamp="2019-08-04T20:35:57.107" intervalms="73.569" />
  <attribute name="GC Util" value="85" />
  <attribute name="CPU Util" value="38731201121857" />
  <attribute name="Time Running"value="97291"/>
  <attribute name="Number of cores"value="16"/>
<gc-start id="6916" type="global" contextid="6915" timestamp="2019-08-04T20:35:57.107">
  <mem-info id="6917" free="1297408" total="135856128" percent="0">
    <mem type="tenure" free="1297408" total="135856128" percent="0">
      <mem type="soa" free="0" total="134498304" percent="0" />
      <mem type="loa" free="1297408" total="1357824" percent="95" />
    </mem>
  </mem-info>
</gc-start>
<allocation-stats totalBytes="107387336" >
  <allocated-bytes non-tlh="0" tlh="107387336" />
  <largest-consumer threadName="Thread-29" threadId="0000000000C75700" bytes="14120864" />
</allocation-stats>
<gc-op id="6918" type="mark" timems="9.517" contextid="6915" timestamp="2019-08-04T20:35:57.117">
  <trace-info objectcount="722154" scancount="640706" scanbytes="18667776" />
  <finalization candidates="151" enqueued="0" />
  <ownableSynchronizers candidates="23" cleared="0" />
  <references type="soft" candidates="1855" cleared="0" enqueued="0" dynamicThreshold="25" maxThreshold="32" />
  <references type="weak" candidates="6269" cleared="0" enqueued="0" />
  <references type="phantom" candidates="222" cleared="0" enqueued="0" />
  <stringconstants candidates="14591" cleared="0"  />
</gc-op>
<gc-op id="6919" type="sweep" timems="1.455" contextid="6915" timestamp="2019-08-04T20:35:57.118" />
<heap-resize id="6920" type="contract" space="tenure" amount="1310720" count="1" timems="0.369" reason="excess free space following gc" timestamp="2019-08-04T20:35:57.118" />
<gc-end id="6921" type="global" contextid="6915" durationms="11.493" usertimems="64.424" systemtimems="0.000" timestamp="2019-08-04T20:35:57.118" activeThreads="16">
  <mem-info id="6922" free="106824160" total="134545408" percent="79">
    <mem type="tenure" free="106824160" total="134545408" percent="79" micro-fragmented="220572">
      <mem type="soa" free="106139920" total="133200896" percent="79" />
      <mem type="loa" free="684240" total="1344512" percent="50" />
    </mem>
  </mem-info>
</gc-end>
<cycle-end id="6923" type="global" contextid="6915" timestamp="2019-08-04T20:35:57.119">
  <attribute name="GC Util" value="225" />
  <attribute name="CPU Util" value="18490045220509" />
  <attribute name="Time Running"value="97363"/>
  <attribute name="Number of cores"value="16"/>
</cycle-end>
<allocation-satisfied id="6924" threadId="0000000000C97200" bytesRequested="24" />
<af-end id="6925" timestamp="2019-08-04T20:35:57.119" threadId="0000000000C97B88" success="true" />
<exclusive-end id="6926" timestamp="2019-08-04T20:35:57.119" durationms="11.848" />

<exclusive-start id="6927" timestamp="2019-08-04T20:35:57.259" intervalms="152.098">
  <response-info timems="9.335" idlems="4.699" threads="1" lastid="0000000000C62B00" lastname="Thread-26" />
</exclusive-start>
<af-start id="6928" threadId="0000000000C58088" totalBytesRequested="24" timestamp="2019-08-04T20:35:57.259" intervalms="152.097" />
<cycle-start id="6929" type="global" contextid="0" timestamp="2019-08-04T20:35:57.259" intervalms="152.103" />
  <attribute name="GC Util" value="225" />
  <attribute name="CPU Util" value="18490045220509" />
  <attribute name="Time Running"value="97363"/>
  <attribute name="Number of cores"value="16"/>
<gc-start id="6930" type="global" contextid="6929" timestamp="2019-08-04T20:35:57.259">
  <mem-info id="6931" free="684240" total="134545408" percent="0">
    <mem type="tenure" free="684240" total="134545408" percent="0">
      <mem type="soa" free="0" total="133200896" percent="0" />
      <mem type="loa" free="684240" total="1344512" percent="50" />
    </mem>
  </mem-info>
</gc-start>
<allocation-stats totalBytes="106119840" >
  <allocated-bytes non-tlh="0" tlh="106119840" />
  <largest-consumer threadName="Thread-24" threadId="0000000000C9E900" bytes="12365552" />
</allocation-stats>
<gc-op id="6932" type="mark" timems="14.946" contextid="6929" timestamp="2019-08-04T20:35:57.274">
  <trace-info objectcount="732067" scancount="650607" scanbytes="18904984" />
  <finalization candidates="151" enqueued="0" />
  <ownableSynchronizers candidates="23" cleared="0" />
  <references type="soft" candidates="1855" cleared="0" enqueued="0" dynamicThreshold="25" maxThreshold="32" />
  <references type="weak" candidates="6269" cleared="0" enqueued="0" />
  <references type="phantom" candidates="222" cleared="0" enqueued="0" />
  <stringconstants candidates="14591" cleared="0"  />
</gc-op>
<gc-op id="6933" type="sweep" timems="6.350" contextid="6929" timestamp="2019-08-04T20:35:57.280" />
<mem-info id="6934" free="106516056" total="134545408" percent="79">
  <mem type="tenure" free="106516056" total="134545408" percent="79" micro-fragmented="198117">
    <mem type="soa" free="105714824" total="133200896" percent="79" />
    <mem type="loa" free="801232" total="1344512" percent="59" />
  </mem>
</mem-info>
<gc-op id="6935" type="compact" timems="32.032" contextid="6929" timestamp="2019-08-04T20:35:57.313">
  <compact-info movecount="119701" movebytes="7216792" reason="compact to aid heap contraction" />
</gc-op>
<heap-resize id="6936" type="contract" space="tenure" amount="1310720" count="1" timems="0.081" reason="excess free space following gc" timestamp="2019-08-04T20:35:57.313" />
<gc-end id="6937" type="global" contextid="6929" durationms="53.655" usertimems="123.679" systemtimems="7.483" timestamp="2019-08-04T20:35:57.313" activeThreads="16">
  <mem-info id="6938" free="105845464" total="133234688" percent="79">
    <mem type="tenure" free="105845464" total="133234688" percent="79">
      <mem type="soa" free="104547032" total="131902464" percent="79" />
      <mem type="loa" free="1298432" total="1332224" percent="97" />
    </mem>
  </mem-info>
</gc-end>
<cycle-end id="6939" type="global" contextid="6929" timestamp="2019-08-04T20:35:57.313">
  <attribute name="GC Util" value="50" />
  <attribute name="CPU Util" value="7249615752551" />
  <attribute name="Time Running"value="97526"/>
  <attribute name="Number of cores"value="16"/>
</cycle-end>
<allocation-satisfied id="6940" threadId="0000000000C57700" bytesRequested="24" />
<af-end id="6941" timestamp="2019-08-04T20:35:57.313" threadId="0000000000C58088" success="true" />
<exclusive-end id="6942" timestamp="2019-08-04T20:35:57.313" durationms="53.975" />

<exclusive-start id="6943" timestamp="2019-08-04T20:35:57.438" intervalms="179.428">
  <response-info timems="14.296" idlems="14.296" threads="0" lastid="0000000000C97200" lastname="Thread-31" />
</exclusive-start>
<af-start id="6944" threadId="0000000000C97B88" totalBytesRequested="40" timestamp="2019-08-04T20:35:57.438" intervalms="179.439" />
<cycle-start id="6945" type="global" contextid="0" timestamp="2019-08-04T20:35:57.438" intervalms="179.438" />
  <attribute name="GC Util" value="50" />
  <attribute name="CPU Util" value="7249615752551" />
  <attribute name="Time Running"value="97526"/>
  <attribute name="Number of cores"value="16"/>
<gc-start id="6946" type="global" contextid="6945" timestamp="2019-08-04T20:35:57.439">
  <mem-info id="6947" free="1298432" total="133234688" percent="0">
    <mem type="tenure" free="1298432" total="133234688" percent="0">
      <mem type="soa" free="0" total="131902464" percent="0" />
      <mem type="loa" free="1298432" total="1332224" percent="97" />
    </mem>
  </mem-info>
</gc-start>
<allocation-stats totalBytes="104606320" >
  <allocated-bytes non-tlh="0" tlh="104606320" />
  <largest-consumer threadName="Thread-36" threadId="0000000000C57700" bytes="14477632" />
</allocation-stats>
<gc-op id="6948" type="mark" timems="19.495" contextid="6945" timestamp="2019-08-04T20:35:57.458">
  <trace-info objectcount="735311" scancount="653863" scanbytes="18982920" />
  <finalization candidates="151" enqueued="0" />
  <ownableSynchronizers candidates="23" cleared="0" />
  <references type="soft" candidates="1855" cleared="0" enqueued="0" dynamicThreshold="25" maxThreshold="32" />
  <references type="weak" candidates="6269" cleared="0" enqueued="0" />
  <references type="phantom" candidates="222" cleared="0" enqueued="0" />
  <stringconstants candidates="14591" cleared="0"  />
</gc-op>
<gc-op id="6949" type="sweep" timems="1.982" contextid="6945" timestamp="2019-08-04T20:35:57.460" />
<heap-resize id="6950" type="contract" space="tenure" amount="1310720" count="1" timems="0.510" reason="excess free space following gc" timestamp="2019-08-04T20:35:57.461" />
<gc-end id="6951" type="global" contextid="6945" durationms="22.146" usertimems="77.767" systemtimems="29.280" timestamp="2019-08-04T20:35:57.461" activeThreads="16">
  <mem-info id="6952" free="103336200" total="131923968" percent="78">
    <mem type="tenure" free="103336200" total="131923968" percent="78" micro-fragmented="175949">
      <mem type="soa" free="102988832" total="130605056" percent="78" />
      <mem type="loa" free="347368" total="1318912" percent="26" />
    </mem>
  </mem-info>
</gc-end>
<cycle-end id="6953" type="global" contextid="6945" timestamp="2019-08-04T20:35:57.461">
  <attribute name="GC Util" value="288" />
  <attribute name="CPU Util" value="13100104260022" />
  <attribute name="Time Running"value="97705"/>
  <attribute name="Number of cores"value="16"/>
</cycle-end>
<allocation-satisfied id="6954" threadId="0000000000C97200" bytesRequested="40" />
<af-end id="6955" timestamp="2019-08-04T20:35:57.461" threadId="0000000000C97B88" success="true" />
<exclusive-end id="6956" timestamp="2019-08-04T20:35:57.461" durationms="22.408" />

<concurrent-kickoff id="6957" timestamp="2019-08-04T20:35:57.572">
  <kickoff reason="threshold reached" targetBytes="3540309" thresholdFreeBytes="508051" remainingFree="456280" tenureFreeBytes="417240" />
</concurrent-kickoff>
<exclusive-start id="6958" timestamp="2019-08-04T20:35:57.573" intervalms="134.175">
  <response-info timems="0.751" idlems="0.558" threads="3" lastid="000000000097F600" lastname="JIT Compilation Thread-5" />
</exclusive-start>
<af-start id="6959" threadId="0000000000C58088" totalBytesRequested="40" timestamp="2019-08-04T20:35:57.573" intervalms="134.185" />
<concurrent-aborted id="6960" timestamp="2019-08-04T20:35:57.573">
  <reason value="insufficient progress made" />
</concurrent-aborted>
<cycle-end id="6961" type="global" contextid="0" timestamp="2019-08-04T20:35:57.573">
  <attribute name="GC Util" value="288" />
  <attribute name="CPU Util" value="13100104260022" />
  <attribute name="Time Running"value="97705"/>
  <attribute name="Number of cores"value="16"/>
</cycle-end>
<cycle-start id="6962" type="global" contextid="0" timestamp="2019-08-04T20:35:57.573" intervalms="134.208" />
  <attribute name="GC Util" value="288" />
  <attribute name="CPU Util" value="13100104260022" />
  <attribute name="Time Running"value="97705"/>
  <attribute name="Number of cores"value="16"/>
<gc-start id="6963" type="global" contextid="6962" timestamp="2019-08-04T20:35:57.573">
  <mem-info id="6964" free="347368" total="131923968" percent="0">
    <mem type="tenure" free="347368" total="131923968" percent="0">
      <mem type="soa" free="0" total="130605056" percent="0" />
      <mem type="loa" free="347368" total="1318912" percent="26" />
    </mem>
  </mem-info>
</gc-start>
<allocation-stats totalBytes="102962048" >
  <allocated-bytes non-tlh="38112" tlh="102923936" />
  <largest-consumer threadName="Thread-24" threadId="0000000000C9E900" bytes="15001480" />
</allocation-stats>
<gc-op id="6965" type="mark" timems="14.893" contextid="6962" timestamp="2019-08-04T20:35:57.588">
  <trace-info objectcount="737921" scancount="656478" scanbytes="19045256" />
  <finalization candidates="151" enqueued="0" />
  <ownableSynchronizers candidates="23" cleared="0" />
  <references type="soft" candidates="1855" cleared="0" enqueued="0" dynamicThreshold="25" maxThreshold="32" />
  <references type="weak" candidates="6269" cleared="0" enqueued="0" />
  <references type="phantom" candidates="222" cleared="0" enqueued="0" />
  <stringconstants candidates="14591" cleared="0"  />
</gc-op>
<gc-op id="6966" type="sweep" timems="2.838" contextid="6962" timestamp="2019-08-04T20:35:57.591" />
<mem-info id="6967" free="103395528" total="131923968" percent="78">
  <mem type="tenure" free="103395528" total="131923968" percent="78" micro-fragmented="256480">
    <mem type="soa" free="102649368" total="130605056" percent="78" />
    <mem type="loa" free="746160" total="1318912" percent="56" />
  </mem>
</mem-info>
<gc-op id="6968" type="compact" timems="39.270" contextid="6962" timestamp="2019-08-04T20:35:57.630">
  <compact-info movecount="141883" movebytes="9447928" reason="compact to aid heap contraction" />
</gc-op>
<heap-resize id="6969" type="contract" space="tenure" amount="1310720" count="1" timems="0.078" reason="excess free space following gc" timestamp="2019-08-04T20:35:57.630" />
<gc-end id="6970" type="global" contextid="6962" durationms="57.305" usertimems="145.349" systemtimems="23.498" timestamp="2019-08-04T20:35:57.630" activeThreads="16">
  <mem-info id="6971" free="103109352" total="130613248" percent="78">
    <mem type="tenure" free="103109352" total="130613248" percent="78">
      <mem type="soa" free="101811944" total="129307648" percent="78" />
      <mem type="loa" free="1297408" total="1305600" percent="99" />
    </mem>
  </mem-info>
</gc-end>
<cycle-end id="6972" type="global" contextid="6962" timestamp="2019-08-04T20:35:57.630">
  <attribute name="GC Util" value="236" />
  <attribute name="CPU Util" value="25912675715585" />
  <attribute name="Time Running"value="97836"/>
  <attribute name="Number of cores"value="16"/>
</cycle-end>
<allocation-satisfied id="6973" threadId="0000000000C57700" bytesRequested="40" />
<af-end id="6974" timestamp="2019-08-04T20:35:57.630" threadId="0000000000C58088" success="true" />
<exclusive-end id="6975" timestamp="2019-08-04T20:35:57.630" durationms="57.768" />

<exclusive-start id="6976" timestamp="2019-08-04T20:35:57.695" intervalms="122.470">
  <response-info timems="5.984" idlems="5.984" threads="0" lastid="0000000000C9E900" lastname="Thread-24" />
</exclusive-start>
<af-start id="6977" threadId="0000000000C9F288" totalBytesRequested="40" timestamp="2019-08-04T20:35:57.695" intervalms="122.493" />
<cycle-start id="6978" type="global" contextid="0" timestamp="2019-08-04T20:35:57.695" intervalms="122.488" />
  <attribute name="GC Util" value="236" />
  <attribute name="CPU Util" value="25912675715585" />
  <attribute name="Time Running"value="97836"/>
  <attribute name="Number of cores"value="16"/>
<gc-start id="6979" type="global" contextid="6978" timestamp="2019-08-04T20:35:57.695">
  <mem-info id="6980" free="1297408" total="130613248" percent="0">
    <mem type="tenure" free="1297408" total="130613248" percent="0">
      <mem type="soa" free="0" total="129307648" percent="0" />
      <mem type="loa" free="1297408" total="1305600" percent="99" />
    </mem>
  </mem-info>
</gc-start>
<allocation-stats totalBytes="101868704" >
  <allocated-bytes non-tlh="0" tlh="101868704" />
  <largest-consumer threadName="Thread-27" threadId="0000000000C84600" bytes="10790056" />
</allocation-stats>
<gc-op id="6981" type="mark" timems="12.402" contextid="6978" timestamp="2019-08-04T20:35:57.708">
  <trace-info objectcount="726449" scancount="644988" scanbytes="18770656" />
  <finalization candidates="151" enqueued="0" />
  <ownableSynchronizers candidates="23" cleared="0" />
  <references type="soft" candidates="1855" cleared="0" enqueued="0" dynamicThreshold="25" maxThreshold="32" />
  <references type="weak" candidates="6269" cleared="0" enqueued="0" />
  <references type="phantom" candidates="222" cleared="0" enqueued="0" />
  <stringconstants candidates="14591" cleared="0"  />
</gc-op>
<gc-op id="6982" type="sweep" timems="2.809" contextid="6978" timestamp="2019-08-04T20:35:57.711" />
<heap-resize id="6983" type="contract" space="tenure" amount="1245184" count="1" timems="0.534" reason="excess free space following gc" timestamp="2019-08-04T20:35:57.711" />
<gc-end id="6984" type="global" contextid="6978" durationms="15.896" usertimems="85.731" systemtimems="5.882" timestamp="2019-08-04T20:35:57.711" activeThreads="16">
  <mem-info id="6985" free="100697448" total="129368064" percent="77">
    <mem type="tenure" free="100697448" total="129368064" percent="77" micro-fragmented="405873">
      <mem type="soa" free="100408272" total="128074752" percent="78" />
      <mem type="loa" free="289176" total="1293312" percent="22" />
    </mem>
  </mem-info>
</gc-end>
<cycle-end id="6986" type="global" contextid="6978" timestamp="2019-08-04T20:35:57.711">
  <attribute name="GC Util" value="283" />
  <attribute name="CPU Util" value="8961959350820" />
  <attribute name="Time Running"value="97956"/>
  <attribute name="Number of cores"value="16"/>
</cycle-end>
<allocation-satisfied id="6987" threadId="0000000000C9E900" bytesRequested="40" />
<af-end id="6988" timestamp="2019-08-04T20:35:57.711" threadId="0000000000C9F288" success="true" />
<exclusive-end id="6989" timestamp="2019-08-04T20:35:57.711" durationms="16.292" />

<concurrent-kickoff id="6990" timestamp="2019-08-04T20:35:57.765">
  <kickoff reason="threshold reached" targetBytes="3471719" thresholdFreeBytes="498209" remainingFree="487760" tenureFreeBytes="487760" />
</concurrent-kickoff>
<exclusive-start id="6991" timestamp="2019-08-04T20:35:57.767" intervalms="72.443">
  <response-info timems="1.990" idlems="0.966" threads="3" lastid="0000000000C6DF00" lastname="Thread-23" />
</exclusive-start>
<cycle-start id="6992" type="global" contextid="0" timestamp="2019-08-04T20:35:57.767" intervalms="72.319" />
  <attribute name="GC Util" value="283" />
  <attribute name="CPU Util" value="8961959350820" />
  <attribute name="Time Running"value="97956"/>
  <attribute name="Number of cores"value="16"/>
<exclusive-end id="6993" timestamp="2019-08-04T20:35:57.768" durationms="0.129" />

<exclusive-start id="6994" timestamp="2019-08-04T20:35:57.769" intervalms="1.061">
  <response-info timems="0.798" idlems="0.798" threads="0" lastid="0000000000C7CE00" lastname="Thread-21" />
</exclusive-start>
<af-start id="6995" threadId="0000000000C7D788" totalBytesRequested="40" timestamp="2019-08-04T20:35:57.769" intervalms="73.446" />
<concurrent-aborted id="6996" timestamp="2019-08-04T20:35:57.769">
  <reason value="insufficient progress made" />
</concurrent-aborted>
<cycle-end id="6997" type="global" contextid="6992" timestamp="2019-08-04T20:35:57.769">
  <attribute name="GC Util" value="283" />
  <attribute name="CPU Util" value="8961959350820" />
  <attribute name="Time Running"value="97956"/>
  <attribute name="Number of cores"value="16"/>
</cycle-end>
<cycle-start id="6998" type="global" contextid="0" timestamp="2019-08-04T20:35:57.769" intervalms="1.127" />
  <attribute name="GC Util" value="283" />
  <attribute name="CPU Util" value="8961959350820" />
  <attribute name="Time Running"value="97956"/>
  <attribute name="Number of cores"value="16"/>
<gc-start id="6999" type="global" contextid="6998" timestamp="2019-08-04T20:35:57.769">
  <mem-info id="7000" free="289176" total="129368064" percent="0">
    <mem type="tenure" free="289176" total="129368064" percent="0">
      <mem type="soa" free="0" total="128074752" percent="0" />
      <mem type="loa" free="289176" total="1293312" percent="22" />
    </mem>
  </mem-info>
</gc-start>
<allocation-stats totalBytes="100384296" >
  <allocated-bytes non-tlh="0" tlh="100384296" />
  <largest-consumer threadName="Thread-30" threadId="0000000000C8FA00" bytes="10289728" />
</allocation-stats>
<gc-op id="7001" type="mark" timems="10.931" contextid="6998" timestamp="2019-08-04T20:35:57.780">
  <trace-info objectcount="725723" scancount="644255" scanbytes="18752808" />
  <finalization candidates="151" enqueued="0" />
  <ownableSynchronizers candidates="23" cleared="0" />
  <references type="soft" candidates="1855" cleared="0" enqueued="0" dynamicThreshold="24" maxThreshold="32" />
  <references type="weak" candidates="6269" cleared="0" enqueued="0" />
  <references type="phantom" candidates="222" cleared="0" enqueued="0" />
  <stringconstants candidates="14591" cleared="0"  />
</gc-op>
<gc-op id="7002" type="sweep" timems="4.174" contextid="6998" timestamp="2019-08-04T20:35:57.784" />
<mem-info id="7003" free="101085064" total="129368064" percent="78">
  <mem type="tenure" free="101085064" total="129368064" percent="78" micro-fragmented="397912">
    <mem type="soa" free="100289840" total="128074752" percent="78" />
    <mem type="loa" free="795224" total="1293312" percent="61" />
  </mem>
</mem-info>
<gc-op id="7004" type="compact" timems="40.105" contextid="6998" timestamp="2019-08-04T20:35:57.824">
  <compact-info movecount="129716" movebytes="9158576" reason="compact to aid heap contraction" />
</gc-op>
<heap-resize id="7005" type="contract" space="tenure" amount="1245184" count="1" timems="0.071" reason="excess free space following gc" timestamp="2019-08-04T20:35:57.824" />
<gc-end id="7006" type="global" contextid="6998" durationms="55.486" usertimems="147.593" systemtimems="17.950" timestamp="2019-08-04T20:35:57.824" activeThreads="16">
  <mem-info id="7007" free="100871520" total="128122880" percent="78">
    <mem type="tenure" free="100871520" total="128122880" percent="78">
      <mem type="soa" free="99638624" total="126841856" percent="78" />
      <mem type="loa" free="1232896" total="1281024" percent="96" />
    </mem>
  </mem-info>
</gc-end>
<cycle-end id="7008" type="global" contextid="6998" timestamp="2019-08-04T20:35:57.824">
  <attribute name="GC Util" value="80" />
  <attribute name="CPU Util" value="37583899183773" />
  <attribute name="Time Running"value="98030"/>
  <attribute name="Number of cores"value="16"/>
</cycle-end>
<allocation-satisfied id="7009" threadId="0000000000C7CE00" bytesRequested="40" />
<af-end id="7010" timestamp="2019-08-04T20:35:57.824" threadId="0000000000C7D788" success="true" />
<exclusive-end id="7011" timestamp="2019-08-04T20:35:57.825" durationms="56.198" />

<exclusive-start id="7012" timestamp="2019-08-04T20:35:57.851" intervalms="82.427">
  <response-info timems="25.993" idlems="25.993" threads="0" lastid="0000000000C75700" lastname="Thread-29" />
</exclusive-start>
<event id="7013" timestamp="2019-08-04T20:35:57.851">
  <warning details="exclusive access acquired to satisfy allocation" />
</event>
<exclusive-end id="7014" timestamp="2019-08-04T20:35:57.851" durationms="0.072" />

<exclusive-start id="7015" timestamp="2019-08-04T20:35:57.900" intervalms="49.493">
  <response-info timems="9.219" idlems="9.217" threads="1" lastid="0000000000C8BE00" lastname="Thread-33" />
</exclusive-start>
<af-start id="7016" threadId="0000000000C76088" totalBytesRequested="40" timestamp="2019-08-04T20:35:57.900" intervalms="131.932" />
<cycle-start id="7017" type="global" contextid="0" timestamp="2019-08-04T20:35:57.900" intervalms="131.911" />
  <attribute name="GC Util" value="80" />
  <attribute name="CPU Util" value="37583899183773" />
  <attribute name="Time Running"value="98030"/>
  <attribute name="Number of cores"value="16"/>
<gc-start id="7018" type="global" contextid="7017" timestamp="2019-08-04T20:35:57.901">
  <mem-info id="7019" free="1232896" total="128122880" percent="0">
    <mem type="tenure" free="1232896" total="128122880" percent="0">
      <mem type="soa" free="0" total="126841856" percent="0" />
      <mem type="loa" free="1232896" total="1281024" percent="96" />
    </mem>
  </mem-info>
</gc-start>
<allocation-stats totalBytes="99696120" >
  <allocated-bytes non-tlh="0" tlh="99696120" />
  <largest-consumer threadName="Thread-31" threadId="0000000000C97200" bytes="6159544" />
</allocation-stats>
<gc-op id="7020" type="mark" timems="14.316" contextid="7017" timestamp="2019-08-04T20:35:57.915">
  <trace-info objectcount="727115" scancount="645661" scanbytes="18787152" />
  <finalization candidates="151" enqueued="0" />
  <ownableSynchronizers candidates="23" cleared="0" />
  <references type="soft" candidates="1855" cleared="0" enqueued="0" dynamicThreshold="25" maxThreshold="32" />
  <references type="weak" candidates="6269" cleared="0" enqueued="0" />
  <references type="phantom" candidates="222" cleared="0" enqueued="0" />
  <stringconstants candidates="14591" cleared="0"  />
</gc-op>
<gc-op id="7021" type="sweep" timems="3.758" contextid="7017" timestamp="2019-08-04T20:35:57.919" />
<heap-resize id="7022" type="contract" space="tenure" amount="1245184" count="1" timems="0.590" reason="excess free space following gc" timestamp="2019-08-04T20:35:57.919" />
<gc-end id="7023" type="global" contextid="7017" durationms="18.851" usertimems="67.989" systemtimems="5.482" timestamp="2019-08-04T20:35:57.920" activeThreads="16">
  <mem-info id="7024" free="98613032" total="126877696" percent="77">
    <mem type="tenure" free="98613032" total="126877696" percent="77" micro-fragmented="281421">
      <mem type="soa" free="98237520" total="125608960" percent="78" />
      <mem type="loa" free="375512" total="1268736" percent="29" />
    </mem>
  </mem-info>
</gc-end>
<cycle-end id="7025" type="global" contextid="7017" timestamp="2019-08-04T20:35:57.920">
  <attribute name="GC Util" value="261" />
  <attribute name="CPU Util" value="11111885712886" />
  <attribute name="Time Running"value="98162"/>
  <attribute name="Number of cores"value="16"/>
</cycle-end>
<allocation-satisfied id="7026" threadId="0000000000C75700" bytesRequested="40" />
<af-end id="7027" timestamp="2019-08-04T20:35:57.920" threadId="0000000000C76088" success="true" />
<exclusive-end id="7028" timestamp="2019-08-04T20:35:57.920" durationms="19.423" />

<concurrent-kickoff id="7029" timestamp="2019-08-04T20:35:58.031">
  <kickoff reason="threshold reached" targetBytes="3404887" thresholdFreeBytes="488618" remainingFree="396976" tenureFreeBytes="396976" />
</concurrent-kickoff>
<exclusive-start id="7030" timestamp="2019-08-04T20:35:58.033" intervalms="132.415">
  <response-info timems="1.484" idlems="1.484" threads="0" lastid="0000000000C66700" lastname="Thread-32" />
</exclusive-start>
<af-start id="7031" threadId="0000000000C67088" totalBytesRequested="40" timestamp="2019-08-04T20:35:58.033" intervalms="132.406" />
<concurrent-aborted id="7032" timestamp="2019-08-04T20:35:58.033">
  <reason value="insufficient progress made" />
</concurrent-aborted>
<cycle-end id="7033" type="global" contextid="0" timestamp="2019-08-04T20:35:58.033">
  <attribute name="GC Util" value="261" />
  <attribute name="CPU Util" value="11111885712886" />
  <attribute name="Time Running"value="98162"/>
  <attribute name="Number of cores"value="16"/>
</cycle-end>
<cycle-start id="7034" type="global" contextid="0" timestamp="2019-08-04T20:35:58.033" intervalms="132.548" />
  <attribute name="GC Util" value="261" />
  <attribute name="CPU Util" value="11111885712886" />
  <attribute name="Time Running"value="98162"/>
  <attribute name="Number of cores"value="16"/>
<gc-start id="7035" type="global" contextid="7034" timestamp="2019-08-04T20:35:58.033">
  <mem-info id="7036" free="375512" total="126877696" percent="0">
    <mem type="tenure" free="375512" total="126877696" percent="0">
      <mem type="soa" free="0" total="125608960" percent="0" />
      <mem type="loa" free="375512" total="1268736" percent="29" />
    </mem>
  </mem-info>
</gc-start>
<allocation-stats totalBytes="98218248" >
  <allocated-bytes non-tlh="19056" tlh="98199192" />
  <largest-consumer threadName="Thread-25" threadId="0000000000C71B00" bytes="10676224" />
</allocation-stats>
<gc-op id="7037" type="mark" timems="15.275" contextid="7034" timestamp="2019-08-04T20:35:58.049">
  <trace-info objectcount="731854" scancount="650362" scanbytes="18900960" />
  <finalization candidates="151" enqueued="0" />
  <ownableSynchronizers candidates="23" cleared="0" />
  <references type="soft" candidates="1855" cleared="0" enqueued="0" dynamicThreshold="24" maxThreshold="32" />
  <references type="weak" candidates="6269" cleared="0" enqueued="0" />
  <references type="phantom" candidates="222" cleared="0" enqueued="0" />
  <stringconstants candidates="14591" cleared="0"  />
</gc-op>
<gc-op id="7038" type="sweep" timems="2.844" contextid="7034" timestamp="2019-08-04T20:35:58.051" />
<mem-info id="7039" free="98477280" total="126877696" percent="77">
  <mem type="tenure" free="98477280" total="126877696" percent="77" micro-fragmented="344241">
    <mem type="soa" free="97890920" total="125608960" percent="77" />
    <mem type="loa" free="586360" total="1268736" percent="46" />
  </mem>
</mem-info>
<gc-op id="7040" type="compact" timems="34.232" contextid="7034" timestamp="2019-08-04T20:35:58.086">
  <compact-info movecount="118858" movebytes="5075128" reason="compact to aid heap contraction" />
</gc-op>
<heap-resize id="7041" type="contract" space="tenure" amount="1245184" count="1" timems="0.074" reason="excess free space following gc" timestamp="2019-08-04T20:35:58.086" />
<gc-end id="7042" type="global" contextid="7034" durationms="52.753" usertimems="124.625" systemtimems="19.662" timestamp="2019-08-04T20:35:58.086" activeThreads="16">
  <mem-info id="7043" free="98257576" total="125632512" percent="78">
    <mem type="tenure" free="98257576" total="125632512" percent="78">
      <mem type="soa" free="97070648" total="124377088" percent="78" />
      <mem type="loa" free="1186928" total="1255424" percent="94" />
    </mem>
  </mem-info>
</gc-end>
<cycle-end id="7044" type="global" contextid="7034" timestamp="2019-08-04T20:35:58.086">
  <attribute name="GC Util" value="199" />
  <attribute name="CPU Util" value="11695123353710" />
  <attribute name="Time Running"value="98297"/>
  <attribute name="Number of cores"value="16"/>
</cycle-end>
<allocation-satisfied id="7045" threadId="0000000000C66700" bytesRequested="40" />
<af-end id="7046" timestamp="2019-08-04T20:35:58.086" threadId="0000000000C67088" success="true" />
<exclusive-end id="7047" timestamp="2019-08-04T20:35:58.086" durationms="53.154" />

<exclusive-start id="7048" timestamp="2019-08-04T20:35:58.165" intervalms="131.894">
  <response-info timems="3.256" idlems="1.634" threads="2" lastid="0000000000C7CE00" lastname="Thread-21" />
</exclusive-start>
<af-start id="7049" threadId="0000000000C9F288" totalBytesRequested="40" timestamp="2019-08-04T20:35:58.165" intervalms="131.967" />
<cycle-start id="7050" type="global" contextid="0" timestamp="2019-08-04T20:35:58.165" intervalms="131.930" />
  <attribute name="GC Util" value="199" />
  <attribute name="CPU Util" value="11695123353710" />
  <attribute name="Time Running"value="98297"/>
  <attribute name="Number of cores"value="16"/>
<gc-start id="7051" type="global" contextid="7050" timestamp="2019-08-04T20:35:58.165">
  <mem-info id="7052" free="1186928" total="125632512" percent="0">
    <mem type="tenure" free="1186928" total="125632512" percent="0">
      <mem type="soa" free="0" total="124377088" percent="0" />
      <mem type="loa" free="1186928" total="1255424" percent="94" />
    </mem>
  </mem-info>
</gc-start>
<allocation-stats totalBytes="97120384" >
  <allocated-bytes non-tlh="0" tlh="97120384" />
  <largest-consumer threadName="Thread-21" threadId="0000000000C7CE00" bytes="8747568" />
</allocation-stats>
<gc-op id="7053" type="mark" timems="10.649" contextid="7050" timestamp="2019-08-04T20:35:58.176">
  <trace-info objectcount="729070" scancount="647612" scanbytes="18834280" />
  <finalization candidates="151" enqueued="0" />
  <ownableSynchronizers candidates="23" cleared="0" />
  <references type="soft" candidates="1855" cleared="0" enqueued="0" dynamicThreshold="25" maxThreshold="32" />
  <references type="weak" candidates="6269" cleared="0" enqueued="0" />
  <references type="phantom" candidates="222" cleared="0" enqueued="0" />
  <stringconstants candidates="14591" cleared="0"  />
</gc-op>
<gc-op id="7054" type="sweep" timems="2.039" contextid="7050" timestamp="2019-08-04T20:35:58.178" />
<heap-resize id="7055" type="contract" space="tenure" amount="720896" count="1" timems="0.366" reason="excess free space following gc" timestamp="2019-08-04T20:35:58.179" />
<gc-end id="7056" type="global" contextid="7050" durationms="13.673" usertimems="76.925" systemtimems="5.796" timestamp="2019-08-04T20:35:58.179" activeThreads="16">
  <mem-info id="7057" free="96811352" total="124911616" percent="77">
    <mem type="tenure" free="96811352" total="124911616" percent="77" micro-fragmented="300736">
      <mem type="soa" free="96135856" total="123663360" percent="77" />
      <mem type="loa" free="675496" total="1248256" percent="54" />
    </mem>
  </mem-info>
</gc-end>
<cycle-end id="7058" type="global" contextid="7050" timestamp="2019-08-04T20:35:58.179">
  <attribute name="GC Util" value="304" />
  <attribute name="CPU Util" value="12305637605942" />
  <attribute name="Time Running"value="98423"/>
  <attribute name="Number of cores"value="16"/>
</cycle-end>
<allocation-satisfied id="7059" threadId="0000000000C9E900" bytesRequested="40" />
<af-end id="7060" timestamp="2019-08-04T20:35:58.179" threadId="0000000000C9F288" success="true" />
<exclusive-end id="7061" timestamp="2019-08-04T20:35:58.179" durationms="14.363" />

<exclusive-start id="7062" timestamp="2019-08-04T20:35:58.257" intervalms="91.934">
  <response-info timems="5.352" idlems="4.386" threads="4" lastid="0000000000C66700" lastname="Thread-32" />
</exclusive-start>
<af-start id="7063" threadId="0000000000C79B88" totalBytesRequested="40" timestamp="2019-08-04T20:35:58.257" intervalms="91.876" />
<cycle-start id="7064" type="global" contextid="0" timestamp="2019-08-04T20:35:58.257" intervalms="91.776" />
  <attribute name="GC Util" value="304" />
  <attribute name="CPU Util" value="12305637605942" />
  <attribute name="Time Running"value="98423"/>
  <attribute name="Number of cores"value="16"/>
<gc-start id="7065" type="global" contextid="7064" timestamp="2019-08-04T20:35:58.257">
  <mem-info id="7066" free="675496" total="124911616" percent="0">
    <mem type="tenure" free="675496" total="124911616" percent="0">
      <mem type="soa" free="0" total="123663360" percent="0" />
      <mem type="loa" free="675496" total="1248256" percent="54" />
    </mem>
  </mem-info>
</gc-start>
<allocation-stats totalBytes="96119624" >
  <allocated-bytes non-tlh="0" tlh="96119624" />
  <largest-consumer threadName="Thread-31" threadId="0000000000C97200" bytes="9810504" />
</allocation-stats>
<gc-op id="7067" type="mark" timems="15.658" contextid="7064" timestamp="2019-08-04T20:35:58.273">
  <trace-info objectcount="740998" scancount="659552" scanbytes="19120128" />
  <finalization candidates="151" enqueued="0" />
  <ownableSynchronizers candidates="23" cleared="0" />
  <references type="soft" candidates="1855" cleared="0" enqueued="0" dynamicThreshold="24" maxThreshold="32" />
  <references type="weak" candidates="6269" cleared="0" enqueued="0" />
  <references type="phantom" candidates="222" cleared="0" enqueued="0" />
  <stringconstants candidates="14591" cleared="0"  />
</gc-op>
<gc-op id="7068" type="sweep" timems="1.806" contextid="7064" timestamp="2019-08-04T20:35:58.274" />
<mem-info id="7069" free="96402440" total="124911616" percent="77">
  <mem type="tenure" free="96402440" total="124911616" percent="77" micro-fragmented="442122">
    <mem type="soa" free="95715336" total="123663360" percent="77" />
    <mem type="loa" free="687104" total="1248256" percent="55" />
  </mem>
</mem-info>
<gc-op id="7070" type="compact" timems="37.485" contextid="7064" timestamp="2019-08-04T20:35:58.312">
  <compact-info movecount="128422" movebytes="5304376" reason="compact to aid heap contraction" />
</gc-op>
<heap-resize id="7071" type="contract" space="tenure" amount="1245184" count="1" timems="0.074" reason="excess free space following gc" timestamp="2019-08-04T20:35:58.312" />
<gc-end id="7072" type="global" contextid="7064" durationms="55.238" usertimems="134.972" systemtimems="23.721" timestamp="2019-08-04T20:35:58.312" activeThreads="16">
  <mem-info id="7073" free="96092808" total="123666432" percent="77">
    <mem type="tenure" free="96092808" total="123666432" percent="77">
      <mem type="soa" free="94859912" total="122430464" percent="77" />
      <mem type="loa" free="1232896" total="1235968" percent="99" />
    </mem>
  </mem-info>
</gc-end>
<cycle-end id="7074" type="global" contextid="7064" timestamp="2019-08-04T20:35:58.313">
  <attribute name="GC Util" value="81" />
  <attribute name="CPU Util" value="33555941781974" />
  <attribute name="Time Running"value="98520"/>
  <attribute name="Number of cores"value="16"/>
</cycle-end>
<allocation-satisfied id="7075" threadId="0000000000C79200" bytesRequested="40" />
<af-end id="7076" timestamp="2019-08-04T20:35:58.313" threadId="0000000000C79B88" success="true" />
<exclusive-end id="7077" timestamp="2019-08-04T20:35:58.314" durationms="56.982" />

<exclusive-start id="7078" timestamp="2019-08-04T20:35:58.355" intervalms="98.209">
  <response-info timems="0.958" idlems="0.958" threads="0" lastid="0000000000C97200" lastname="Thread-31" />
</exclusive-start>
<af-start id="7079" threadId="0000000000C97B88" totalBytesRequested="40" timestamp="2019-08-04T20:35:58.355" intervalms="98.207" />
<cycle-start id="7080" type="global" contextid="0" timestamp="2019-08-04T20:35:58.355" intervalms="98.202" />
  <attribute name="GC Util" value="81" />
  <attribute name="CPU Util" value="33555941781974" />
  <attribute name="Time Running"value="98520"/>
  <attribute name="Number of cores"value="16"/>
<gc-start id="7081" type="global" contextid="7080" timestamp="2019-08-04T20:35:58.355">
  <mem-info id="7082" free="1232896" total="123666432" percent="0">
    <mem type="tenure" free="1232896" total="123666432" percent="0">
      <mem type="soa" free="0" total="122430464" percent="0" />
      <mem type="loa" free="1232896" total="1235968" percent="99" />
    </mem>
  </mem-info>
</gc-start>
<allocation-stats totalBytes="94912976" >
  <allocated-bytes non-tlh="0" tlh="94912976" />
  <largest-consumer threadName="Thread-21" threadId="0000000000C7CE00" bytes="9272144" />
</allocation-stats>
<gc-op id="7083" type="mark" timems="12.290" contextid="7080" timestamp="2019-08-04T20:35:58.367">
  <trace-info objectcount="727890" scancount="646432" scanbytes="18672988" />
  <finalization candidates="151" enqueued="0" />
  <ownableSynchronizers candidates="23" cleared="0" />
  <references type="soft" candidates="1855" cleared="0" enqueued="0" dynamicThreshold="24" maxThreshold="32" />
  <references type="weak" candidates="6269" cleared="0" enqueued="0" />
  <references type="phantom" candidates="222" cleared="0" enqueued="0" />
  <stringconstants candidates="14591" cleared="0"  />
</gc-op>
<gc-op id="7084" type="sweep" timems="3.539" contextid="7080" timestamp="2019-08-04T20:35:58.371" />
<heap-resize id="7085" type="contract" space="tenure" amount="1179648" count="1" timems="8.347" reason="excess free space following gc" timestamp="2019-08-04T20:35:58.379" />
<gc-end id="7086" type="global" contextid="7080" durationms="24.488" usertimems="85.884" systemtimems="16.447" timestamp="2019-08-04T20:35:58.380" activeThreads="16">
  <mem-info id="7087" free="94393720" total="122486784" percent="77">
    <mem type="tenure" free="94393720" total="122486784" percent="77" micro-fragmented="343622">
      <mem type="soa" free="93867312" total="121262080" percent="77" />
      <mem type="loa" free="526408" total="1224704" percent="42" />
    </mem>
  </mem-info>
</gc-end>
<cycle-end id="7088" type="global" contextid="7080" timestamp="2019-08-04T20:35:58.380">
  <attribute name="GC Util" value="224" />
  <attribute name="CPU Util" value="8051256684815" />
  <attribute name="Time Running"value="98615"/>
  <attribute name="Number of cores"value="16"/>
</cycle-end>
<allocation-satisfied id="7089" threadId="0000000000C97200" bytesRequested="40" />
<af-end id="7090" timestamp="2019-08-04T20:35:58.380" threadId="0000000000C97B88" success="true" />
<exclusive-end id="7091" timestamp="2019-08-04T20:35:58.380" durationms="24.790" />

<exclusive-start id="7092" timestamp="2019-08-04T20:35:58.519" intervalms="164.148">
  <response-info timems="2.162" idlems="2.044" threads="1" lastid="0000000000C8FA00" lastname="Thread-30" />
</exclusive-start>
<af-start id="7093" threadId="0000000000C76088" totalBytesRequested="40" timestamp="2019-08-04T20:35:58.519" intervalms="164.156" />
<cycle-start id="7094" type="global" contextid="0" timestamp="2019-08-04T20:35:58.519" intervalms="164.164" />
  <attribute name="GC Util" value="224" />
  <attribute name="CPU Util" value="8051256684815" />
  <attribute name="Time Running"value="98615"/>
  <attribute name="Number of cores"value="16"/>
<gc-start id="7095" type="global" contextid="7094" timestamp="2019-08-04T20:35:58.519">
  <mem-info id="7096" free="526408" total="122486784" percent="0">
    <mem type="tenure" free="526408" total="122486784" percent="0">
      <mem type="soa" free="0" total="121262080" percent="0" />
      <mem type="loa" free="526408" total="1224704" percent="42" />
    </mem>
  </mem-info>
</gc-start>
<allocation-stats totalBytes="93842920" >
  <allocated-bytes non-tlh="42216" tlh="93800704" />
  <largest-consumer threadName="Thread-34" threadId="0000000000CA6100" bytes="8639672" />
</allocation-stats>
<gc-op id="7097" type="mark" timems="13.853" contextid="7094" timestamp="2019-08-04T20:35:58.533">
  <trace-info objectcount="718014" scancount="636554" scanbytes="18568560" />
  <finalization candidates="151" enqueued="0" />
  <ownableSynchronizers candidates="23" cleared="0" />
  <references type="soft" candidates="1855" cleared="0" enqueued="0" dynamicThreshold="24" maxThreshold="32" />
  <references type="weak" candidates="6269" cleared="0" enqueued="0" />
  <references type="phantom" candidates="222" cleared="0" enqueued="0" />
  <stringconstants candidates="14591" cleared="0"  />
</gc-op>
<gc-op id="7098" type="sweep" timems="2.900" contextid="7094" timestamp="2019-08-04T20:35:58.536" />
<mem-info id="7099" free="94695120" total="122486784" percent="77">
  <mem type="tenure" free="94695120" total="122486784" percent="77" micro-fragmented="364561">
    <mem type="soa" free="93785704" total="121262080" percent="77" />
    <mem type="loa" free="909416" total="1224704" percent="74" />
  </mem>
</mem-info>
<gc-op id="7100" type="compact" timems="32.853" contextid="7094" timestamp="2019-08-04T20:35:58.569">
  <compact-info movecount="105373" movebytes="4749400" reason="compact to aid heap contraction" />
</gc-op>
<heap-resize id="7101" type="contract" space="tenure" amount="1179648" count="1" timems="0.072" reason="excess free space following gc" timestamp="2019-08-04T20:35:58.569" />
<gc-end id="7102" type="global" contextid="7094" durationms="49.888" usertimems="159.883" systemtimems="0.656" timestamp="2019-08-04T20:35:58.569" activeThreads="16">
  <mem-info id="7103" free="94243096" total="121307136" percent="77">
    <mem type="tenure" free="94243096" total="121307136" percent="77">
      <mem type="soa" free="93075736" total="120094720" percent="77" />
      <mem type="loa" free="1167360" total="1212416" percent="96" />
    </mem>
  </mem-info>
</gc-end>
<cycle-end id="7104" type="global" contextid="7094" timestamp="2019-08-04T20:35:58.569">
  <attribute name="GC Util" value="74" />
  <attribute name="CPU Util" value="28846967422216" />
  <attribute name="Time Running"value="98782"/>
  <attribute name="Number of cores"value="16"/>
</cycle-end>
<allocation-satisfied id="7105" threadId="0000000000C75700" bytesRequested="40" />
<af-end id="7106" timestamp="2019-08-04T20:35:58.569" threadId="0000000000C76088" success="true" />
<exclusive-end id="7107" timestamp="2019-08-04T20:35:58.570" durationms="51.065" />

<exclusive-start id="7108" timestamp="2019-08-04T20:35:58.621" intervalms="101.611">
  <response-info timems="0.825" idlems="0.825" threads="0" lastid="0000000000C9E900" lastname="Thread-24" />
</exclusive-start>
<af-start id="7109" threadId="0000000000C9F288" totalBytesRequested="40" timestamp="2019-08-04T20:35:58.621" intervalms="101.627" />
<cycle-start id="7110" type="global" contextid="0" timestamp="2019-08-04T20:35:58.621" intervalms="101.627" />
  <attribute name="GC Util" value="74" />
  <attribute name="CPU Util" value="28846967422216" />
  <attribute name="Time Running"value="98782"/>
  <attribute name="Number of cores"value="16"/>
<gc-start id="7111" type="global" contextid="7110" timestamp="2019-08-04T20:35:58.621">
  <mem-info id="7112" free="1167360" total="121307136" percent="0">
    <mem type="tenure" free="1167360" total="121307136" percent="0">
      <mem type="soa" free="0" total="120094720" percent="0" />
      <mem type="loa" free="1167360" total="1212416" percent="96" />
    </mem>
  </mem-info>
</gc-start>
<allocation-stats totalBytes="93129640" >
  <allocated-bytes non-tlh="0" tlh="93129640" />
  <largest-consumer threadName="Thread-31" threadId="0000000000C97200" bytes="8997376" />
</allocation-stats>
<gc-op id="7113" type="mark" timems="11.843" contextid="7110" timestamp="2019-08-04T20:35:58.633">
  <trace-info objectcount="723551" scancount="642090" scanbytes="18701984" />
  <finalization candidates="151" enqueued="0" />
  <ownableSynchronizers candidates="23" cleared="0" />
  <references type="soft" candidates="1855" cleared="0" enqueued="0" dynamicThreshold="24" maxThreshold="32" />
  <references type="weak" candidates="6269" cleared="0" enqueued="0" />
  <references type="phantom" candidates="222" cleared="0" enqueued="0" />
  <stringconstants candidates="14591" cleared="0"  />
</gc-op>
<gc-op id="7114" type="sweep" timems="1.859" contextid="7110" timestamp="2019-08-04T20:35:58.635" />
<heap-resize id="7115" type="contract" space="tenure" amount="1179648" count="1" timems="0.389" reason="excess free space following gc" timestamp="2019-08-04T20:35:58.635" />
<gc-end id="7116" type="global" contextid="7110" durationms="14.270" usertimems="62.885" systemtimems="13.946" timestamp="2019-08-04T20:35:58.635" activeThreads="16">
  <mem-info id="7117" free="92189664" total="120127488" percent="76">
    <mem type="tenure" free="92189664" total="120127488" percent="76" micro-fragmented="156685">
      <mem type="soa" free="91654632" total="118926336" percent="77" />
      <mem type="loa" free="535032" total="1201152" percent="44" />
    </mem>
  </mem-info>
</gc-end>
<cycle-end id="7118" type="global" contextid="7110" timestamp="2019-08-04T20:35:58.635">
  <attribute name="GC Util" value="294" />
  <attribute name="CPU Util" value="14000854163592" />
  <attribute name="Time Running"value="98880"/>
  <attribute name="Number of cores"value="16"/>
</cycle-end>
<allocation-satisfied id="7119" threadId="0000000000C9E900" bytesRequested="40" />
<af-end id="7120" timestamp="2019-08-04T20:35:58.635" threadId="0000000000C9F288" success="true" />
<exclusive-end id="7121" timestamp="2019-08-04T20:35:58.635" durationms="14.657" />

<exclusive-start id="7122" timestamp="2019-08-04T20:35:58.711" intervalms="90.303">
  <response-info timems="0.425" idlems="0.129" threads="4" lastid="0000000000C9E900" lastname="Thread-24" />
</exclusive-start>
<af-start id="7123" threadId="0000000000C6E888" totalBytesRequested="40" timestamp="2019-08-04T20:35:58.711" intervalms="90.279" />
<cycle-start id="7124" type="global" contextid="0" timestamp="2019-08-04T20:35:58.711" intervalms="90.271" />
  <attribute name="GC Util" value="294" />
  <attribute name="CPU Util" value="14000854163592" />
  <attribute name="Time Running"value="98880"/>
  <attribute name="Number of cores"value="16"/>
<gc-start id="7125" type="global" contextid="7124" timestamp="2019-08-04T20:35:58.711">
  <mem-info id="7126" free="535032" total="120127488" percent="0">
    <mem type="tenure" free="535032" total="120127488" percent="0">
      <mem type="soa" free="0" total="118926336" percent="0" />
      <mem type="loa" free="535032" total="1201152" percent="44" />
    </mem>
  </mem-info>
</gc-start>
<allocation-stats totalBytes="91634832" >
  <allocated-bytes non-tlh="57168" tlh="91577664" />
  <largest-consumer threadName="Thread-31" threadId="0000000000C97200" bytes="12197456" />
</allocation-stats>
<gc-op id="7127" type="mark" timems="14.910" contextid="7124" timestamp="2019-08-04T20:35:58.726">
  <trace-info objectcount="720976" scancount="639520" scanbytes="18638384" />
  <finalization candidates="151" enqueued="0" />
  <ownableSynchronizers candidates="23" cleared="0" />
  <references type="soft" candidates="1855" cleared="0" enqueued="0" dynamicThreshold="24" maxThreshold="32" />
  <references type="weak" candidates="6269" cleared="0" enqueued="0" />
  <references type="phantom" candidates="222" cleared="0" enqueued="0" />
  <stringconstants candidates="14591" cleared="0"  />
</gc-op>
<gc-op id="7128" type="sweep" timems="3.649" contextid="7124" timestamp="2019-08-04T20:35:58.730" />
<mem-info id="7129" free="92385264" total="120127488" percent="76">
  <mem type="tenure" free="92385264" total="120127488" percent="76" micro-fragmented="208038">
    <mem type="soa" free="91538056" total="118926336" percent="76" />
    <mem type="loa" free="847208" total="1201152" percent="70" />
  </mem>
</mem-info>
<gc-op id="7130" type="compact" timems="35.657" contextid="7124" timestamp="2019-08-04T20:35:58.765">
  <compact-info movecount="103455" movebytes="4547776" reason="compact to aid heap contraction" />
</gc-op>
<heap-resize id="7131" type="contract" space="tenure" amount="1179648" count="1" timems="0.065" reason="excess free space following gc" timestamp="2019-08-04T20:35:58.766" />
<gc-end id="7132" type="global" contextid="7124" durationms="54.474" usertimems="139.306" systemtimems="19.644" timestamp="2019-08-04T20:35:58.766" activeThreads="16">
  <mem-info id="7133" free="91837504" total="118947840" percent="77">
    <mem type="tenure" free="91837504" total="118947840" percent="77">
      <mem type="soa" free="90670144" total="117758976" percent="76" />
      <mem type="loa" free="1167360" total="1188864" percent="98" />
    </mem>
  </mem-info>
</gc-end>
<cycle-end id="7134" type="global" contextid="7124" timestamp="2019-08-04T20:35:58.766">
  <attribute name="GC Util" value="240" />
  <attribute name="CPU Util" value="12732788122725" />
  <attribute name="Time Running"value="98975"/>
  <attribute name="Number of cores"value="16"/>
</cycle-end>
<allocation-satisfied id="7135" threadId="0000000000C6DF00" bytesRequested="40" />
<af-end id="7136" timestamp="2019-08-04T20:35:58.766" threadId="0000000000C6E888" success="true" />
<exclusive-end id="7137" timestamp="2019-08-04T20:35:58.766" durationms="54.827" />

<exclusive-start id="7138" timestamp="2019-08-04T20:35:58.852" intervalms="141.034">
  <response-info timems="1.496" idlems="0.475" threads="9" lastid="0000000000C8BE00" lastname="Thread-33" />
</exclusive-start>
<af-start id="7139" threadId="0000000000C67088" totalBytesRequested="40" timestamp="2019-08-04T20:35:58.852" intervalms="141.027" />
<cycle-start id="7140" type="global" contextid="0" timestamp="2019-08-04T20:35:58.852" intervalms="141.026" />
  <attribute name="GC Util" value="240" />
  <attribute name="CPU Util" value="12732788122725" />
  <attribute name="Time Running"value="98975"/>
  <attribute name="Number of cores"value="16"/>
<gc-start id="7141" type="global" contextid="7140" timestamp="2019-08-04T20:35:58.852">
  <mem-info id="7142" free="1167360" total="118947840" percent="0">
    <mem type="tenure" free="1167360" total="118947840" percent="0">
      <mem type="soa" free="0" total="117758976" percent="0" />
      <mem type="loa" free="1167360" total="1188864" percent="98" />
    </mem>
  </mem-info>
</gc-start>
<allocation-stats totalBytes="90731112" >
  <allocated-bytes non-tlh="0" tlh="90731112" />
  <largest-consumer threadName="Thread-31" threadId="0000000000C97200" bytes="15957384" />
</allocation-stats>
<gc-op id="7143" type="mark" timems="11.821" contextid="7140" timestamp="2019-08-04T20:35:58.864">
  <trace-info objectcount="717071" scancount="635599" scanbytes="18546968" />
  <finalization candidates="151" enqueued="0" />
  <ownableSynchronizers candidates="23" cleared="0" />
  <references type="soft" candidates="1855" cleared="0" enqueued="0" dynamicThreshold="24" maxThreshold="32" />
  <references type="weak" candidates="6269" cleared="0" enqueued="0" />
  <references type="phantom" candidates="222" cleared="0" enqueued="0" />
  <stringconstants candidates="14591" cleared="0"  />
</gc-op>
<gc-op id="7144" type="sweep" timems="2.506" contextid="7140" timestamp="2019-08-04T20:35:58.867" />
<heap-resize id="7145" type="contract" space="tenure" amount="1179648" count="1" timems="0.346" reason="excess free space following gc" timestamp="2019-08-04T20:35:58.867" />
<gc-end id="7146" type="global" contextid="7140" durationms="14.885" usertimems="65.858" systemtimems="12.813" timestamp="2019-08-04T20:35:58.867" activeThreads="16">
  <mem-info id="7147" free="89457480" total="117768192" percent="75">
    <mem type="tenure" free="89457480" total="117768192" percent="75" micro-fragmented="182216">
      <mem type="soa" free="89382576" total="116590592" percent="76" />
      <mem type="loa" free="74904" total="1177600" percent="6" />
    </mem>
  </mem-info>
</gc-end>
<cycle-end id="7148" type="global" contextid="7140" timestamp="2019-08-04T20:35:58.867">
  <attribute name="GC Util" value="293" />
  <attribute name="CPU Util" value="9072182761809" />
  <attribute name="Time Running"value="99112"/>
  <attribute name="Number of cores"value="16"/>
</cycle-end>
<allocation-satisfied id="7149" threadId="0000000000C66700" bytesRequested="40" />
<af-end id="7150" timestamp="2019-08-04T20:35:58.867" threadId="0000000000C67088" success="true" />
<exclusive-end id="7151" timestamp="2019-08-04T20:35:58.867" durationms="15.499" />

<concurrent-kickoff id="7152" timestamp="2019-08-04T20:35:58.973">
  <kickoff reason="threshold reached" targetBytes="3160425" thresholdFreeBytes="453536" remainingFree="428992" tenureFreeBytes="403544" />
</concurrent-kickoff>
<exclusive-start id="7153" timestamp="2019-08-04T20:35:58.974" intervalms="121.737">
  <response-info timems="0.660" idlems="0.363" threads="1" lastid="0000000000C79200" lastname="Thread-35" />
</exclusive-start>
<cycle-start id="7154" type="global" contextid="0" timestamp="2019-08-04T20:35:58.974" intervalms="121.683" />
  <attribute name="GC Util" value="293" />
  <attribute name="CPU Util" value="9072182761809" />
  <attribute name="Time Running"value="99112"/>
  <attribute name="Number of cores"value="16"/>
<exclusive-end id="7155" timestamp="2019-08-04T20:35:58.974" durationms="0.041" />

<exclusive-start id="7156" timestamp="2019-08-04T20:35:58.974" intervalms="0.594">
  <response-info timems="0.310" idlems="0.310" threads="0" lastid="0000000000C8BE00" lastname="Thread-33" />
</exclusive-start>
<af-start id="7157" threadId="0000000000C8C788" totalBytesRequested="40" timestamp="2019-08-04T20:35:58.974" intervalms="122.369" />
<gc-start id="7158" type="global" contextid="7154" timestamp="2019-08-04T20:35:58.975">
  <mem-info id="7159" free="74904" total="117768192" percent="0">
    <mem type="tenure" free="74904" total="117768192" percent="0">
      <mem type="soa" free="0" total="116590592" percent="0" />
      <mem type="loa" free="74904" total="1177600" percent="6" />
    </mem>
  </mem-info>
</gc-start>
<allocation-stats totalBytes="89364200" >
  <allocated-bytes non-tlh="0" tlh="89364200" />
  <largest-consumer threadName="Thread-26" threadId="0000000000C62B00" bytes="10627848" />
</allocation-stats>
<concurrent-halted id="7160" timestamp="2019-08-04T20:35:58.975">
  <halted state="Tracing incomplete" status="clean trace" />
  <traced bytesTarget="3160425" bytesTotal="0" bytesByMutator="0" bytesByHelper="0" percent="0" />
  <cards cleaned="29" thresholdBytes="178665" />
</concurrent-halted>
<gc-op id="7161" type="tracing" timems="9.011" contextid="7154" timestamp="2019-08-04T20:35:58.984">
  <trace bytesTraced="14452572" workStackOverflowCount="0" />
</gc-op>
<gc-op id="7162" type="card-cleaning" timems="1.015" contextid="7154" timestamp="2019-08-04T20:35:58.985">
  <card-cleaning cardsCleaned="17" bytesTraced="4856" workStackOverflowCount="0" />
</gc-op>
<gc-op id="7163" type="mark" timems="6.068" contextid="7154" timestamp="2019-08-04T20:35:58.991">
  <trace-info objectcount="117195" scancount="104119" scanbytes="4079908" />
  <finalization candidates="151" enqueued="0" />
  <ownableSynchronizers candidates="23" cleared="0" />
  <references type="soft" candidates="1855" cleared="0" enqueued="0" dynamicThreshold="24" maxThreshold="32" />
  <references type="weak" candidates="6269" cleared="0" enqueued="0" />
  <references type="phantom" candidates="222" cleared="0" enqueued="0" />
  <stringconstants candidates="14591" cleared="0"  />
</gc-op>
<gc-op id="7164" type="sweep" timems="2.275" contextid="7154" timestamp="2019-08-04T20:35:58.993" />
<mem-info id="7165" free="89277048" total="117768192" percent="75">
  <mem type="tenure" free="89277048" total="117768192" percent="75" micro-fragmented="258083">
    <mem type="soa" free="89043816" total="116590592" percent="76" />
    <mem type="loa" free="233232" total="1177600" percent="19" />
  </mem>
</mem-info>
<gc-op id="7166" type="compact" timems="30.241" contextid="7154" timestamp="2019-08-04T20:35:59.024">
  <compact-info movecount="98579" movebytes="4432200" reason="compact to aid heap contraction" />
</gc-op>
<heap-resize id="7167" type="contract" space="tenure" amount="1114112" count="1" timems="0.081" reason="excess free space following gc" timestamp="2019-08-04T20:35:59.024" />
<gc-end id="7168" type="global" contextid="7154" durationms="49.443" usertimems="106.692" systemtimems="9.179" timestamp="2019-08-04T20:35:59.024" activeThreads="16">
  <mem-info id="7169" free="89607688" total="116654080" percent="76">
    <mem type="tenure" free="89607688" total="116654080" percent="76">
      <mem type="soa" free="88504840" total="115487744" percent="76" />
      <mem type="loa" free="1102848" total="1166336" percent="94" />
    </mem>
  </mem-info>
</gc-end>
<cycle-end id="7170" type="global" contextid="7154" timestamp="2019-08-04T20:35:59.024">
  <attribute name="GC Util" value="64" />
  <attribute name="CPU Util" value="26642702826203" />
  <attribute name="Time Running"value="99239"/>
  <attribute name="Number of cores"value="16"/>
</cycle-end>
<allocation-satisfied id="7171" threadId="0000000000C8BE00" bytesRequested="40" />
<af-end id="7172" timestamp="2019-08-04T20:35:59.024" threadId="0000000000C8C788" success="true" />
<exclusive-end id="7173" timestamp="2019-08-04T20:35:59.024" durationms="50.099" />

<exclusive-start id="7174" timestamp="2019-08-04T20:35:59.076" intervalms="101.215">
  <response-info timems="2.537" idlems="2.537" threads="0" lastid="0000000000C84600" lastname="Thread-27" />
</exclusive-start>
<af-start id="7175" threadId="0000000000C84F88" totalBytesRequested="40" timestamp="2019-08-04T20:35:59.076" intervalms="101.181" />
<cycle-start id="7176" type="global" contextid="0" timestamp="2019-08-04T20:35:59.076" intervalms="101.880" />
  <attribute name="GC Util" value="64" />
  <attribute name="CPU Util" value="26642702826203" />
  <attribute name="Time Running"value="99239"/>
  <attribute name="Number of cores"value="16"/>
<gc-start id="7177" type="global" contextid="7176" timestamp="2019-08-04T20:35:59.076">
  <mem-info id="7178" free="1102848" total="116654080" percent="0">
    <mem type="tenure" free="1102848" total="116654080" percent="0">
      <mem type="soa" free="0" total="115487744" percent="0" />
      <mem type="loa" free="1102848" total="1166336" percent="94" />
    </mem>
  </mem-info>
</gc-start>
<allocation-stats totalBytes="88554088" >
  <allocated-bytes non-tlh="0" tlh="88554088" />
  <largest-consumer threadName="Thread-31" threadId="0000000000C97200" bytes="9066128" />
</allocation-stats>
<gc-op id="7179" type="mark" timems="10.784" contextid="7176" timestamp="2019-08-04T20:35:59.086">
  <trace-info objectcount="723787" scancount="642350" scanbytes="18708568" />
  <finalization candidates="151" enqueued="0" />
  <ownableSynchronizers candidates="23" cleared="0" />
  <references type="soft" candidates="1855" cleared="0" enqueued="0" dynamicThreshold="24" maxThreshold="32" />
  <references type="weak" candidates="6269" cleared="0" enqueued="0" />
  <references type="phantom" candidates="222" cleared="0" enqueued="0" />
  <stringconstants candidates="14591" cleared="0"  />
</gc-op>
<gc-op id="7180" type="sweep" timems="2.548" contextid="7176" timestamp="2019-08-04T20:35:59.089" />
<heap-resize id="7181" type="contract" space="tenure" amount="1114112" count="1" timems="0.391" reason="excess free space following gc" timestamp="2019-08-04T20:35:59.090" />
<gc-end id="7182" type="global" contextid="7176" durationms="13.873" usertimems="69.022" systemtimems="6.013" timestamp="2019-08-04T20:35:59.090" activeThreads="16">
  <mem-info id="7183" free="87403208" total="115539968" percent="75">
    <mem type="tenure" free="87403208" total="115539968" percent="75" micro-fragmented="126955">
      <mem type="soa" free="86989568" total="114384896" percent="76" />
      <mem type="loa" free="413640" total="1155072" percent="35" />
    </mem>
  </mem-info>
</gc-end>
<cycle-end id="7184" type="global" contextid="7176" timestamp="2019-08-04T20:35:59.090">
  <attribute name="GC Util" value="262" />
  <attribute name="CPU Util" value="8822958359201" />
  <attribute name="Time Running"value="99334"/>
  <attribute name="Number of cores"value="16"/>
</cycle-end>
<allocation-satisfied id="7185" threadId="0000000000C84600" bytesRequested="40" />
<af-end id="7186" timestamp="2019-08-04T20:35:59.090" threadId="0000000000C84F88" success="true" />
<exclusive-end id="7187" timestamp="2019-08-04T20:35:59.090" durationms="14.172" />

<exclusive-start id="7188" timestamp="2019-08-04T20:35:59.126" intervalms="50.595">
  <response-info timems="1.925" idlems="1.925" threads="0" lastid="0000000000C8BE00" lastname="Thread-33" />
</exclusive-start>
<af-start id="7189" threadId="0000000000C8C788" totalBytesRequested="40" timestamp="2019-08-04T20:35:59.126" intervalms="50.676" />
<cycle-start id="7190" type="global" contextid="0" timestamp="2019-08-04T20:35:59.126" intervalms="50.718" />
  <attribute name="GC Util" value="262" />
  <attribute name="CPU Util" value="8822958359201" />
  <attribute name="Time Running"value="99334"/>
  <attribute name="Number of cores"value="16"/>
<gc-start id="7191" type="global" contextid="7190" timestamp="2019-08-04T20:35:59.127">
  <mem-info id="7192" free="413640" total="115539968" percent="0">
    <mem type="tenure" free="413640" total="115539968" percent="0">
      <mem type="soa" free="0" total="114384896" percent="0" />
      <mem type="loa" free="413640" total="1155072" percent="35" />
    </mem>
  </mem-info>
</gc-start>
<allocation-stats totalBytes="86972560" >
  <allocated-bytes non-tlh="0" tlh="86972560" />
  <largest-consumer threadName="Thread-31" threadId="0000000000C97200" bytes="11250712" />
</allocation-stats>
<gc-op id="7193" type="mark" timems="14.290" contextid="7190" timestamp="2019-08-04T20:35:59.141">
  <trace-info objectcount="727464" scancount="646058" scanbytes="18797168" />
  <finalization candidates="151" enqueued="0" />
  <ownableSynchronizers candidates="23" cleared="0" />
  <references type="soft" candidates="1855" cleared="0" enqueued="0" dynamicThreshold="24" maxThreshold="32" />
  <references type="weak" candidates="6269" cleared="0" enqueued="0" />
  <references type="phantom" candidates="222" cleared="0" enqueued="0" />
  <stringconstants candidates="14591" cleared="0"  />
</gc-op>
<gc-op id="7194" type="sweep" timems="1.937" contextid="7190" timestamp="2019-08-04T20:35:59.143" />
<mem-info id="7195" free="87256240" total="115539968" percent="75">
  <mem type="tenure" free="87256240" total="115539968" percent="75" micro-fragmented="238573">
    <mem type="soa" free="86398896" total="114384896" percent="75" />
    <mem type="loa" free="857344" total="1155072" percent="74" />
  </mem>
</mem-info>
<gc-op id="7196" type="compact" timems="32.989" contextid="7190" timestamp="2019-08-04T20:35:59.176">
  <compact-info movecount="86843" movebytes="3602632" reason="compact to aid heap contraction" />
</gc-op>
<heap-resize id="7197" type="contract" space="tenure" amount="1114112" count="1" timems="0.126" reason="excess free space following gc" timestamp="2019-08-04T20:35:59.176" />
<gc-end id="7198" type="global" contextid="7190" durationms="49.814" usertimems="133.660" systemtimems="0.000" timestamp="2019-08-04T20:35:59.176" activeThreads="16">
  <mem-info id="7199" free="87137304" total="114425856" percent="76">
    <mem type="tenure" free="87137304" total="114425856" percent="76">
      <mem type="soa" free="86034456" total="113282048" percent="75" />
      <mem type="loa" free="1102848" total="1143808" percent="96" />
    </mem>
  </mem-info>
</gc-end>
<cycle-end id="7200" type="global" contextid="7190" timestamp="2019-08-04T20:35:59.176">
  <attribute name="GC Util" value="98" />
  <attribute name="CPU Util" value="28585018412909" />
  <attribute name="Time Running"value="99389"/>
  <attribute name="Number of cores"value="16"/>
</cycle-end>
<allocation-satisfied id="7201" threadId="0000000000C8BE00" bytesRequested="40" />
<af-end id="7202" timestamp="2019-08-04T20:35:59.176" threadId="0000000000C8C788" success="true" />
<exclusive-end id="7203" timestamp="2019-08-04T20:35:59.177" durationms="50.464" />

<exclusive-start id="7204" timestamp="2019-08-04T20:35:59.213" intervalms="87.373">
  <response-info timems="0.925" idlems="0.925" threads="0" lastid="0000000000C79200" lastname="Thread-35" />
</exclusive-start>
<af-start id="7205" threadId="0000000000C79B88" totalBytesRequested="40" timestamp="2019-08-04T20:35:59.214" intervalms="87.309" />
<cycle-start id="7206" type="global" contextid="0" timestamp="2019-08-04T20:35:59.214" intervalms="87.263" />
  <attribute name="GC Util" value="98" />
  <attribute name="CPU Util" value="28585018412909" />
  <attribute name="Time Running"value="99389"/>
  <attribute name="Number of cores"value="16"/>
<gc-start id="7207" type="global" contextid="7206" timestamp="2019-08-04T20:35:59.214">
  <mem-info id="7208" free="1102848" total="114425856" percent="0">
    <mem type="tenure" free="1102848" total="114425856" percent="0">
      <mem type="soa" free="0" total="113282048" percent="0" />
      <mem type="loa" free="1102848" total="1143808" percent="96" />
    </mem>
  </mem-info>
</gc-start>
<allocation-stats totalBytes="86089128" >
  <allocated-bytes non-tlh="0" tlh="86089128" />
  <largest-consumer threadName="Thread-35" threadId="0000000000C79200" bytes="9534328" />
</allocation-stats>
<gc-op id="7209" type="mark" timems="10.362" contextid="7206" timestamp="2019-08-04T20:35:59.224">
  <trace-info objectcount="725068" scancount="643621" scanbytes="18739424" />
  <finalization candidates="151" enqueued="0" />
  <ownableSynchronizers candidates="23" cleared="0" />
  <references type="soft" candidates="1855" cleared="0" enqueued="0" dynamicThreshold="24" maxThreshold="32" />
  <references type="weak" candidates="6269" cleared="0" enqueued="0" />
  <references type="phantom" candidates="222" cleared="0" enqueued="0" />
  <stringconstants candidates="14591" cleared="0"  />
</gc-op>
<gc-op id="7210" type="sweep" timems="1.564" contextid="7206" timestamp="2019-08-04T20:35:59.226" />
<gc-end id="7211" type="global" contextid="7206" durationms="12.185" usertimems="58.420" systemtimems="4.939" timestamp="2019-08-04T20:35:59.226" activeThreads="16">
  <mem-info id="7212" free="69268680" total="114425856" percent="60">
    <mem type="tenure" free="69268680" total="114425856" percent="60" micro-fragmented="62330">
      <mem type="soa" free="68393392" total="113282048" percent="60" />
      <mem type="loa" free="875288" total="1143808" percent="76" />
    </mem>
  </mem-info>
</gc-end>
<cycle-end id="7213" type="global" contextid="7206" timestamp="2019-08-04T20:35:59.226">
  <attribute name="GC Util" value="532" />
  <attribute name="CPU Util" value="1765654221739" />
  <attribute name="Time Running"value="99470"/>
  <attribute name="Number of cores"value="16"/>
</cycle-end>
<allocation-satisfied id="7214" threadId="0000000000C79200" bytesRequested="40" />
<af-end id="7215" timestamp="2019-08-04T20:35:59.226" threadId="0000000000C79B88" success="true" />
<exclusive-end id="7216" timestamp="2019-08-04T20:35:59.226" durationms="12.973" />

<exclusive-start id="7217" timestamp="2019-08-04T20:35:59.277" intervalms="63.791">
  <response-info timems="5.596" idlems="5.596" threads="0" lastid="0000000000C9AE00" lastname="Thread-22" />
</exclusive-start>
<af-start id="7218" threadId="0000000000C9B788" totalBytesRequested="40" timestamp="2019-08-04T20:35:59.277" intervalms="63.771" />
<cycle-start id="7219" type="global" contextid="0" timestamp="2019-08-04T20:35:59.278" intervalms="64.342" />
  <attribute name="GC Util" value="14" />
  <attribute name="CPU Util" value="348723688178" />
  <attribute name="Time Running"value="99523"/>
  <attribute name="Number of cores"value="16"/>
<gc-start id="7220" type="global" contextid="7219" timestamp="2019-08-04T20:35:59.278">
  <mem-info id="7221" free="1143808" total="114425856" percent="0">
    <mem type="tenure" free="1143808" total="114425856" percent="0">
      <mem type="soa" free="0" total="113282048" percent="0" />
      <mem type="loa" free="1143808" total="1143808" percent="100" />
    </mem>
  </mem-info>
</gc-start>
<allocation-stats totalBytes="85710304" >
  <allocated-bytes non-tlh="19056" tlh="85691248" />
  <largest-consumer threadName="Thread-31" threadId="0000000000C97200" bytes="9915376" />
</allocation-stats>
<gc-op id="7222" type="mark" timems="12.381" contextid="7219" timestamp="2019-08-04T20:35:59.290">
  <trace-info objectcount="722450" scancount="640994" scanbytes="18677056" />
  <finalization candidates="151" enqueued="0" />
  <ownableSynchronizers candidates="23" cleared="0" />
  <references type="soft" candidates="1855" cleared="0" enqueued="0" dynamicThreshold="19" maxThreshold="32" />
  <references type="weak" candidates="6269" cleared="0" enqueued="0" />
  <references type="phantom" candidates="222" cleared="0" enqueued="0" />
  <stringconstants candidates="14591" cleared="0"  />
</gc-op>
<gc-op id="7223" type="sweep" timems="2.375" contextid="7219" timestamp="2019-08-04T20:35:59.293" />
<gc-end id="7224" type="global" contextid="7219" durationms="14.904" usertimems="66.010" systemtimems="7.377" timestamp="2019-08-04T20:35:59.293" activeThreads="16">
  <mem-info id="7225" free="69143232" total="114425856" percent="60">
    <mem type="tenure" free="69143232" total="114425856" percent="60" micro-fragmented="77633">
      <mem type="soa" free="68214240" total="113282048" percent="60" />
      <mem type="loa" free="928992" total="1143808" percent="81" />
    </mem>
  </mem-info>
</gc-end>
<cycle-end id="7226" type="global" contextid="7219" timestamp="2019-08-04T20:35:59.293">
  <attribute name="GC Util" value="543" />
  <attribute name="CPU Util" value="1488779226333" />
  <attribute name="Time Running"value="99536"/>
  <attribute name="Number of cores"value="16"/>
</cycle-end>
<allocation-satisfied id="7227" threadId="0000000000C9AE00" bytesRequested="40" />
<af-end id="7228" timestamp="2019-08-04T20:35:59.293" threadId="0000000000C9B788" success="true" />
<exclusive-end id="7229" timestamp="2019-08-04T20:35:59.293" durationms="15.724" />

<exclusive-start id="7230" timestamp="2019-08-04T20:35:59.340" intervalms="62.445">
  <response-info timems="0.373" idlems="0.255" threads="3" lastid="0000000000C57700" lastname="Thread-36" />
</exclusive-start>
<af-start id="7231" threadId="0000000000C84F88" totalBytesRequested="40" timestamp="2019-08-04T20:35:59.340" intervalms="62.453" />
<cycle-start id="7232" type="global" contextid="0" timestamp="2019-08-04T20:35:59.341" intervalms="62.969" />
  <attribute name="GC Util" value="13" />
  <attribute name="CPU Util" value="373629716355" />
  <attribute name="Time Running"value="99586"/>
  <attribute name="Number of cores"value="16"/>
<gc-start id="7233" type="global" contextid="7232" timestamp="2019-08-04T20:35:59.341">
  <mem-info id="7234" free="1143808" total="114425856" percent="0">
    <mem type="tenure" free="1143808" total="114425856" percent="0">
      <mem type="soa" free="0" total="113282048" percent="0" />
      <mem type="loa" free="1143808" total="1143808" percent="100" />
    </mem>
  </mem-info>
</gc-start>
<allocation-stats totalBytes="85455536" >
  <allocated-bytes non-tlh="19056" tlh="85436480" />
  <largest-consumer threadName="Thread-31" threadId="0000000000C97200" bytes="11199304" />
</allocation-stats>
<gc-op id="7235" type="mark" timems="11.607" contextid="7232" timestamp="2019-08-04T20:35:59.353">
  <trace-info objectcount="727208" scancount="645752" scanbytes="18790280" />
  <finalization candidates="151" enqueued="0" />
  <ownableSynchronizers candidates="23" cleared="0" />
  <references type="soft" candidates="1855" cleared="0" enqueued="0" dynamicThreshold="19" maxThreshold="32" />
  <references type="weak" candidates="6269" cleared="0" enqueued="0" />
  <references type="phantom" candidates="222" cleared="0" enqueued="0" />
  <stringconstants candidates="14591" cleared="0"  />
</gc-op>
<gc-op id="7236" type="sweep" timems="1.606" contextid="7232" timestamp="2019-08-04T20:35:59.354" />
<gc-end id="7237" type="global" contextid="7232" durationms="13.372" usertimems="81.555" systemtimems="2.562" timestamp="2019-08-04T20:35:59.354" activeThreads="16">
  <mem-info id="7238" free="69263688" total="114425856" percent="60">
    <mem type="tenure" free="69263688" total="114425856" percent="60" micro-fragmented="102989">
      <mem type="soa" free="68291728" total="113282048" percent="60" />
      <mem type="loa" free="971960" total="1143808" percent="84" />
    </mem>
  </mem-info>
</gc-end>
<cycle-end id="7239" type="global" contextid="7232" timestamp="2019-08-04T20:35:59.354">
  <attribute name="GC Util" value="657" />
  <attribute name="CPU Util" value="1581672654671" />
  <attribute name="Time Running"value="99598"/>
  <attribute name="Number of cores"value="16"/>
</cycle-end>
<allocation-satisfied id="7240" threadId="0000000000C84600" bytesRequested="40" />
<af-end id="7241" timestamp="2019-08-04T20:35:59.354" threadId="0000000000C84F88" success="true" />
<exclusive-end id="7242" timestamp="2019-08-04T20:35:59.354" durationms="14.777" />

<exclusive-start id="7243" timestamp="2019-08-04T20:35:59.404" intervalms="63.802">
  <response-info timems="0.387" idlems="0.184" threads="4" lastid="0000000000C57700" lastname="Thread-36" />
</exclusive-start>
<af-start id="7244" threadId="0000000000C67088" totalBytesRequested="24" timestamp="2019-08-04T20:35:59.404" intervalms="63.797" />
<cycle-start id="7245" type="global" contextid="0" timestamp="2019-08-04T20:35:59.404" intervalms="63.554" />
  <attribute name="GC Util" value="14" />
  <attribute name="CPU Util" value="362303428125" />
  <attribute name="Time Running"value="99649"/>
  <attribute name="Number of cores"value="16"/>
<gc-start id="7246" type="global" contextid="7245" timestamp="2019-08-04T20:35:59.405">
  <mem-info id="7247" free="1143808" total="114425856" percent="0">
    <mem type="tenure" free="1143808" total="114425856" percent="0">
      <mem type="soa" free="0" total="113282048" percent="0" />
      <mem type="loa" free="1143808" total="1143808" percent="100" />
    </mem>
  </mem-info>
</gc-start>
<allocation-stats totalBytes="84886864" >
  <allocated-bytes non-tlh="57168" tlh="84829696" />
  <largest-consumer threadName="Thread-26" threadId="0000000000C62B00" bytes="9631536" />
</allocation-stats>
<gc-op id="7248" type="mark" timems="17.974" contextid="7245" timestamp="2019-08-04T20:35:59.423">
  <trace-info objectcount="722079" scancount="640609" scanbytes="18667768" />
  <finalization candidates="151" enqueued="0" />
  <ownableSynchronizers candidates="23" cleared="0" />
  <references type="soft" candidates="1855" cleared="0" enqueued="0" dynamicThreshold="19" maxThreshold="32" />
  <references type="weak" candidates="6269" cleared="0" enqueued="0" />
  <references type="phantom" candidates="222" cleared="0" enqueued="0" />
  <stringconstants candidates="14591" cleared="0"  />
</gc-op>
<gc-op id="7249" type="sweep" timems="1.653" contextid="7245" timestamp="2019-08-04T20:35:59.424" />
<gc-end id="7250" type="global" contextid="7245" durationms="19.761" usertimems="104.157" systemtimems="33.182" timestamp="2019-08-04T20:35:59.424" activeThreads="16">
  <mem-info id="7251" free="69589216" total="114425856" percent="60">
    <mem type="tenure" free="69589216" total="114425856" percent="60" micro-fragmented="129182">
      <mem type="soa" free="68582888" total="113282048" percent="60" />
      <mem type="loa" free="1006328" total="1143808" percent="87" />
    </mem>
  </mem-info>
</gc-end>
<cycle-end id="7252" type="global" contextid="7245" timestamp="2019-08-04T20:35:59.424">
  <attribute name="GC Util" value="716" />
  <attribute name="CPU Util" value="1023861992335" />
  <attribute name="Time Running"value="99668"/>
  <attribute name="Number of cores"value="16"/>
</cycle-end>
<allocation-satisfied id="7253" threadId="0000000000C66700" bytesRequested="24" />
<af-end id="7254" timestamp="2019-08-04T20:35:59.424" threadId="0000000000C67088" success="true" />
<exclusive-end id="7255" timestamp="2019-08-04T20:35:59.425" durationms="20.998" />

<exclusive-start id="7256" timestamp="2019-08-04T20:35:59.506" intervalms="102.921">
  <response-info timems="0.618" idlems="0.258" threads="2" lastid="0000000000C8FA00" lastname="Thread-30" />
</exclusive-start>
<af-start id="7257" threadId="0000000000C6E888" totalBytesRequested="40" timestamp="2019-08-04T20:35:59.507" intervalms="102.952" />
<cycle-start id="7258" type="global" contextid="0" timestamp="2019-08-04T20:35:59.511" intervalms="106.742" />
  <attribute name="GC Util" value="9" />
  <attribute name="CPU Util" value="219688583682" />
  <attribute name="Time Running"value="99752"/>
  <attribute name="Number of cores"value="16"/>
<gc-start id="7259" type="global" contextid="7258" timestamp="2019-08-04T20:35:59.511">
  <mem-info id="7260" free="1143808" total="114425856" percent="0">
    <mem type="tenure" free="1143808" total="114425856" percent="0">
      <mem type="soa" free="0" total="113282048" percent="0" />
      <mem type="loa" free="1143808" total="1143808" percent="100" />
    </mem>
  </mem-info>
</gc-start>
<allocation-stats totalBytes="85022624" >
  <allocated-bytes non-tlh="19056" tlh="85003568" />
  <largest-consumer threadName="Thread-23" threadId="0000000000C6DF00" bytes="10374864" />
</allocation-stats>
<gc-op id="7261" type="mark" timems="9.785" contextid="7258" timestamp="2019-08-04T20:35:59.521">
  <trace-info objectcount="725728" scancount="644322" scanbytes="18755320" />
  <finalization candidates="151" enqueued="0" />
  <ownableSynchronizers candidates="23" cleared="0" />
  <references type="soft" candidates="1855" cleared="0" enqueued="0" dynamicThreshold="19" maxThreshold="32" />
  <references type="weak" candidates="6269" cleared="0" enqueued="0" />
  <references type="phantom" candidates="222" cleared="0" enqueued="0" />
  <stringconstants candidates="14591" cleared="0"  />
</gc-op>
<gc-op id="7262" type="sweep" timems="1.643" contextid="7258" timestamp="2019-08-04T20:35:59.523" />
<gc-end id="7263" type="global" contextid="7258" durationms="11.569" usertimems="67.175" systemtimems="5.760" timestamp="2019-08-04T20:35:59.523" activeThreads="16">
  <mem-info id="7264" free="69493936" total="114425856" percent="60">
    <mem type="tenure" free="69493936" total="114425856" percent="60" micro-fragmented="129024">
      <mem type="soa" free="68460112" total="113282048" percent="60" />
      <mem type="loa" free="1033824" total="1143808" percent="90" />
    </mem>
  </mem-info>
</gc-end>
<cycle-end id="7265" type="global" contextid="7258" timestamp="2019-08-04T20:35:59.523">
  <attribute name="GC Util" value="634" />
  <attribute name="CPU Util" value="1873946486486" />
  <attribute name="Time Running"value="99767"/>
  <attribute name="Number of cores"value="16"/>
</cycle-end>
<allocation-satisfied id="7266" threadId="0000000000C6DF00" bytesRequested="40" />
<af-end id="7267" timestamp="2019-08-04T20:35:59.523" threadId="0000000000C6E888" success="true" />
<exclusive-end id="7268" timestamp="2019-08-04T20:35:59.523" durationms="16.781" />

<exclusive-start id="7269" timestamp="2019-08-04T20:35:59.555" intervalms="48.468">
  <response-info timems="0.273" idlems="0.201" threads="3" lastid="0000000000C5EF00" lastname="Thread-28" />
</exclusive-start>
<af-start id="7270" threadId="0000000000C9B788" totalBytesRequested="40" timestamp="2019-08-04T20:35:59.555" intervalms="48.440" />
<cycle-start id="7271" type="global" contextid="0" timestamp="2019-08-04T20:35:59.556" intervalms="44.442" />
  <attribute name="GC Util" value="43" />
  <attribute name="CPU Util" value="545243628524" />
  <attribute name="Time Running"value="99801"/>
  <attribute name="Number of cores"value="16"/>
<gc-start id="7272" type="global" contextid="7271" timestamp="2019-08-04T20:35:59.556">
  <mem-info id="7273" free="1143808" total="114425856" percent="0">
    <mem type="tenure" free="1143808" total="114425856" percent="0">
      <mem type="soa" free="0" total="113282048" percent="0" />
      <mem type="loa" free="1143808" total="1143808" percent="100" />
    </mem>
  </mem-info>
</gc-start>
<allocation-stats totalBytes="84321304" >
  <allocated-bytes non-tlh="19056" tlh="84302248" />
  <largest-consumer threadName="Thread-26" threadId="0000000000C62B00" bytes="12202952" />
</allocation-stats>
<gc-op id="7274" type="mark" timems="17.059" contextid="7271" timestamp="2019-08-04T20:35:59.573">
  <trace-info objectcount="727124" scancount="645650" scanbytes="18789328" />
  <finalization candidates="151" enqueued="0" />
  <ownableSynchronizers candidates="23" cleared="0" />
  <references type="soft" candidates="1855" cleared="0" enqueued="0" dynamicThreshold="19" maxThreshold="32" />
  <references type="weak" candidates="6269" cleared="0" enqueued="0" />
  <references type="phantom" candidates="222" cleared="0" enqueued="0" />
  <stringconstants candidates="14591" cleared="0"  />
</gc-op>
<gc-op id="7275" type="sweep" timems="1.614" contextid="7271" timestamp="2019-08-04T20:35:59.574" />
<gc-end id="7276" type="global" contextid="7271" durationms="18.808" usertimems="106.359" systemtimems="0.000" timestamp="2019-08-04T20:35:59.575" activeThreads="16">
  <mem-info id="7277" free="69298808" total="114425856" percent="60">
    <mem type="tenure" free="69298808" total="114425856" percent="60" micro-fragmented="178915">
      <mem type="soa" free="68242984" total="113282048" percent="60" />
      <mem type="loa" free="1055824" total="1143808" percent="92" />
    </mem>
  </mem-info>
</gc-end>
<cycle-end id="7278" type="global" contextid="7271" timestamp="2019-08-04T20:35:59.575">
  <attribute name="GC Util" value="516" />
  <attribute name="CPU Util" value="1077979458127" />
  <attribute name="Time Running"value="99819"/>
  <attribute name="Number of cores"value="16"/>
</cycle-end>
<allocation-satisfied id="7279" threadId="0000000000C9AE00" bytesRequested="40" />
<af-end id="7280" timestamp="2019-08-04T20:35:59.575" threadId="0000000000C9B788" success="true" />
<exclusive-end id="7281" timestamp="2019-08-04T20:35:59.575" durationms="19.726" />

<exclusive-start id="7282" timestamp="2019-08-04T20:35:59.610" intervalms="54.751">
  <response-info timems="0.030" idlems="0.023" threads="5" lastid="0000000000C84600" lastname="Thread-27" />
</exclusive-start>
<af-start id="7283" threadId="0000000000C9F288" totalBytesRequested="24" timestamp="2019-08-04T20:35:59.610" intervalms="54.735" />
<cycle-start id="7284" type="global" contextid="0" timestamp="2019-08-04T20:35:59.610" intervalms="54.736" />
  <attribute name="GC Util" value="48" />
  <attribute name="CPU Util" value="499502394538" />
  <attribute name="Time Running"value="99855"/>
  <attribute name="Number of cores"value="16"/>
<gc-start id="7285" type="global" contextid="7284" timestamp="2019-08-04T20:35:59.610">
  <mem-info id="7286" free="1143808" total="114425856" percent="0">
    <mem type="tenure" free="1143808" total="114425856" percent="0">
      <mem type="soa" free="0" total="113282048" percent="0" />
      <mem type="loa" free="1143808" total="1143808" percent="100" />
    </mem>
  </mem-info>
</gc-start>
<allocation-stats totalBytes="83976728" >
  <allocated-bytes non-tlh="42216" tlh="83934512" />
  <largest-consumer threadName="Thread-24" threadId="0000000000C9E900" bytes="14003176" />
</allocation-stats>
<gc-op id="7287" type="mark" timems="9.658" contextid="7284" timestamp="2019-08-04T20:35:59.620">
  <trace-info objectcount="724854" scancount="643400" scanbytes="18735048" />
  <finalization candidates="151" enqueued="0" />
  <ownableSynchronizers candidates="23" cleared="0" />
  <references type="soft" candidates="1855" cleared="0" enqueued="0" dynamicThreshold="19" maxThreshold="32" />
  <references type="weak" candidates="6269" cleared="0" enqueued="0" />
  <references type="phantom" candidates="222" cleared="0" enqueued="0" />
  <stringconstants candidates="14591" cleared="0"  />
</gc-op>
<gc-op id="7288" type="sweep" timems="1.276" contextid="7284" timestamp="2019-08-04T20:35:59.621" />
<gc-end id="7289" type="global" contextid="7284" durationms="11.103" usertimems="67.365" systemtimems="0.000" timestamp="2019-08-04T20:35:59.622" activeThreads="16">
  <mem-info id="7290" free="69117208" total="114425856" percent="60">
    <mem type="tenure" free="69117208" total="114425856" percent="60" micro-fragmented="128208">
      <mem type="soa" free="68043784" total="113282048" percent="60" />
      <mem type="loa" free="1073424" total="1143808" percent="93" />
    </mem>
  </mem-info>
</gc-end>
<cycle-end id="7291" type="global" contextid="7284" timestamp="2019-08-04T20:35:59.622">
  <attribute name="GC Util" value="577" />
  <attribute name="CPU Util" value="1900134102834" />
  <attribute name="Time Running"value="99866"/>
  <attribute name="Number of cores"value="16"/>
</cycle-end>
<allocation-satisfied id="7292" threadId="0000000000C9E900" bytesRequested="24" />
<af-end id="7293" timestamp="2019-08-04T20:35:59.622" threadId="0000000000C9F288" success="true" />
<exclusive-end id="7294" timestamp="2019-08-04T20:35:59.622" durationms="12.178" />

<exclusive-start id="7295" timestamp="2019-08-04T20:35:59.655" intervalms="44.967">
  <response-info timems="0.489" idlems="0.482" threads="4" lastid="0000000000C8FA00" lastname="Thread-30" />
</exclusive-start>
<af-start id="7296" threadId="0000000000C72488" totalBytesRequested="40" timestamp="2019-08-04T20:35:59.655" intervalms="44.978" />
<cycle-start id="7297" type="global" contextid="0" timestamp="2019-08-04T20:35:59.655" intervalms="44.901" />
  <attribute name="GC Util" value="33" />
  <attribute name="CPU Util" value="535149577001" />
  <attribute name="Time Running"value="99900"/>
  <attribute name="Number of cores"value="16"/>
<gc-start id="7298" type="global" contextid="7297" timestamp="2019-08-04T20:35:59.655">
  <mem-info id="7299" free="1143808" total="114425856" percent="0">
    <mem type="tenure" free="1143808" total="114425856" percent="0">
      <mem type="soa" free="0" total="113282048" percent="0" />
      <mem type="loa" free="1143808" total="1143808" percent="100" />
    </mem>
  </mem-info>
</gc-start>
<allocation-stats totalBytes="84109016" >
  <allocated-bytes non-tlh="38112" tlh="84070904" />
  <largest-consumer threadName="Thread-36" threadId="0000000000C57700" bytes="8836152" />
</allocation-stats>
<gc-op id="7300" type="mark" timems="13.627" contextid="7297" timestamp="2019-08-04T20:35:59.669">
  <trace-info objectcount="715594" scancount="634145" scanbytes="18379444" />
  <finalization candidates="151" enqueued="0" />
  <ownableSynchronizers candidates="23" cleared="0" />
  <references type="soft" candidates="1855" cleared="0" enqueued="0" dynamicThreshold="19" maxThreshold="32" />
  <references type="weak" candidates="6269" cleared="0" enqueued="0" />
  <references type="phantom" candidates="222" cleared="0" enqueued="0" />
  <stringconstants candidates="14591" cleared="0"  />
</gc-op>
<gc-op id="7301" type="sweep" timems="1.656" contextid="7297" timestamp="2019-08-04T20:35:59.671" />
<gc-end id="7302" type="global" contextid="7297" durationms="15.403" usertimems="101.478" systemtimems="0.000" timestamp="2019-08-04T20:35:59.671" activeThreads="16">
  <mem-info id="7303" free="69280608" total="114425856" percent="60">
    <mem type="tenure" free="69280608" total="114425856" percent="60" micro-fragmented="96490">
      <mem type="soa" free="68193112" total="113282048" percent="60" />
      <mem type="loa" free="1087496" total="1143808" percent="95" />
    </mem>
  </mem-info>
</gc-end>
<cycle-end id="7304" type="global" contextid="7297" timestamp="2019-08-04T20:35:59.671">
  <attribute name="GC Util" value="674" />
  <attribute name="CPU Util" value="1348779842787" />
  <attribute name="Time Running"value="99915"/>
  <attribute name="Number of cores"value="16"/>
</cycle-end>
<allocation-satisfied id="7305" threadId="0000000000C71B00" bytesRequested="40" />
<af-end id="7306" timestamp="2019-08-04T20:35:59.671" threadId="0000000000C72488" success="true" />
<exclusive-end id="7307" timestamp="2019-08-04T20:35:59.671" durationms="16.378" />

<exclusive-start id="7308" timestamp="2019-08-04T20:35:59.706" intervalms="51.197">
  <response-info timems="1.649" idlems="1.647" threads="1" lastid="0000000000C57700" lastname="Thread-36" />
</exclusive-start>
<af-start id="7309" threadId="0000000000C97B88" totalBytesRequested="40" timestamp="2019-08-04T20:35:59.706" intervalms="51.188" />
<cycle-start id="7310" type="global" contextid="0" timestamp="2019-08-04T20:35:59.707" intervalms="51.392" />
  <attribute name="GC Util" value="25" />
  <attribute name="CPU Util" value="500391033227" />
  <attribute name="Time Running"value="99952"/>
  <attribute name="Number of cores"value="16"/>
<gc-start id="7311" type="global" contextid="7310" timestamp="2019-08-04T20:35:59.707">
  <mem-info id="7312" free="1143808" total="114425856" percent="0">
    <mem type="tenure" free="1143808" total="114425856" percent="0">
      <mem type="soa" free="0" total="113282048" percent="0" />
      <mem type="loa" free="1143808" total="1143808" percent="100" />
    </mem>
  </mem-info>
</gc-start>
<allocation-stats totalBytes="84568136" >
  <allocated-bytes non-tlh="38112" tlh="84530024" />
  <largest-consumer threadName="Thread-36" threadId="0000000000C57700" bytes="8304608" />
</allocation-stats>
<gc-op id="7313" type="mark" timems="10.923" contextid="7310" timestamp="2019-08-04T20:35:59.718">
  <trace-info objectcount="720786" scancount="639323" scanbytes="18638072" />
  <finalization candidates="151" enqueued="0" />
  <ownableSynchronizers candidates="23" cleared="0" />
  <references type="soft" candidates="1855" cleared="0" enqueued="0" dynamicThreshold="19" maxThreshold="32" />
  <references type="weak" candidates="6269" cleared="0" enqueued="0" />
  <references type="phantom" candidates="222" cleared="0" enqueued="0" />
  <stringconstants candidates="14591" cleared="0"  />
</gc-op>
<gc-op id="7314" type="sweep" timems="1.478" contextid="7310" timestamp="2019-08-04T20:35:59.719" />
<gc-end id="7315" type="global" contextid="7310" durationms="12.536" usertimems="76.074" systemtimems="0.000" timestamp="2019-08-04T20:35:59.719" activeThreads="16">
  <mem-info id="7316" free="69228336" total="114425856" percent="60">
    <mem type="tenure" free="69228336" total="114425856" percent="60" micro-fragmented="88536">
      <mem type="soa" free="68129576" total="113282048" percent="60" />
      <mem type="loa" free="1098760" total="1143808" percent="96" />
    </mem>
  </mem-info>
</gc-end>
<cycle-end id="7317" type="global" contextid="7310" timestamp="2019-08-04T20:35:59.719">
  <attribute name="GC Util" value="634" />
  <attribute name="CPU Util" value="1681074480275" />
  <attribute name="Time Running"value="99963"/>
  <attribute name="Number of cores"value="16"/>
</cycle-end>
<allocation-satisfied id="7318" threadId="0000000000C97200" bytesRequested="40" />
<af-end id="7319" timestamp="2019-08-04T20:35:59.719" threadId="0000000000C97B88" success="true" />
<exclusive-end id="7320" timestamp="2019-08-04T20:35:59.720" durationms="13.860" />

<exclusive-start id="7321" timestamp="2019-08-04T20:35:59.752" intervalms="46.588">
  <response-info timems="0.323" idlems="0.211" threads="2" lastid="0000000000C79200" lastname="Thread-35" />
</exclusive-start>
<af-start id="7322" threadId="0000000000C97B88" totalBytesRequested="40" timestamp="2019-08-04T20:35:59.752" intervalms="46.609" />
<cycle-start id="7323" type="global" contextid="0" timestamp="2019-08-04T20:35:59.753" intervalms="46.812" />
  <attribute name="GC Util" value="19" />
  <attribute name="CPU Util" value="530403035106" />
  <attribute name="Time Running"value="99998"/>
  <attribute name="Number of cores"value="16"/>
<gc-start id="7324" type="global" contextid="7323" timestamp="2019-08-04T20:35:59.754">
  <mem-info id="7325" free="1143808" total="114425856" percent="0">
    <mem type="tenure" free="1143808" total="114425856" percent="0">
      <mem type="soa" free="0" total="113282048" percent="0" />
      <mem type="loa" free="1143808" total="1143808" percent="100" />
    </mem>
  </mem-info>
</gc-start>
<allocation-stats totalBytes="84125800" >
  <allocated-bytes non-tlh="0" tlh="84125800" />
  <largest-consumer threadName="Thread-26" threadId="0000000000C62B00" bytes="8009344" />
</allocation-stats>
<gc-op id="7326" type="mark" timems="11.795" contextid="7323" timestamp="2019-08-04T20:35:59.765">
  <trace-info objectcount="714724" scancount="633270" scanbytes="18358540" />
  <finalization candidates="151" enqueued="0" />
  <ownableSynchronizers candidates="23" cleared="0" />
  <references type="soft" candidates="1855" cleared="0" enqueued="0" dynamicThreshold="19" maxThreshold="32" />
  <references type="weak" candidates="6269" cleared="0" enqueued="0" />
  <references type="phantom" candidates="222" cleared="0" enqueued="0" />
  <stringconstants candidates="14591" cleared="0"  />
</gc-op>
<gc-op id="7327" type="sweep" timems="1.209" contextid="7323" timestamp="2019-08-04T20:35:59.767" />
<gc-end id="7328" type="global" contextid="7323" durationms="13.126" usertimems="81.442" systemtimems="0.000" timestamp="2019-08-04T20:35:59.767" activeThreads="16">
  <mem-info id="7329" free="69447872" total="114425856" percent="60">
    <mem type="tenure" free="69447872" total="114425856" percent="60" micro-fragmented="57694">
      <mem type="soa" free="68340104" total="113282048" percent="60" />
      <mem type="loa" free="1107768" total="1143808" percent="96" />
    </mem>
  </mem-info>
</gc-end>
<cycle-end id="7330" type="global" contextid="7323" timestamp="2019-08-04T20:35:59.767">
  <attribute name="GC Util" value="634" />
  <attribute name="CPU Util" value="1559989332813" />
  <attribute name="Time Running"value="100011"/>
  <attribute name="Number of cores"value="16"/>
</cycle-end>
<allocation-satisfied id="7331" threadId="0000000000C97200" bytesRequested="40" />
<af-end id="7332" timestamp="2019-08-04T20:35:59.767" threadId="0000000000C97B88" success="true" />
<exclusive-end id="7333" timestamp="2019-08-04T20:35:59.767" durationms="14.473" />

<exclusive-start id="7334" timestamp="2019-08-04T20:35:59.803" intervalms="50.359">
  <response-info timems="1.352" idlems="1.345" threads="3" lastid="0000000000C84600" lastname="Thread-27" />
</exclusive-start>
<af-start id="7335" threadId="0000000000C76088" totalBytesRequested="40" timestamp="2019-08-04T20:35:59.803" intervalms="50.344" />
<cycle-start id="7336" type="global" contextid="0" timestamp="2019-08-04T20:35:59.803" intervalms="49.942" />
  <attribute name="GC Util" value="17" />
  <attribute name="CPU Util" value="492569269056" />
  <attribute name="Time Running"value="100049"/>
  <attribute name="Number of cores"value="16"/>
<gc-start id="7337" type="global" contextid="7336" timestamp="2019-08-04T20:35:59.803">
  <mem-info id="7338" free="1143808" total="114425856" percent="0">
    <mem type="tenure" free="1143808" total="114425856" percent="0">
      <mem type="soa" free="0" total="113282048" percent="0" />
      <mem type="loa" free="1143808" total="1143808" percent="100" />
    </mem>
  </mem-info>
</gc-start>
<allocation-stats totalBytes="84588128" >
  <allocated-bytes non-tlh="38112" tlh="84550016" />
  <largest-consumer threadName="Thread-33" threadId="0000000000C8BE00" bytes="9192744" />
</allocation-stats>
<gc-op id="7339" type="mark" timems="10.020" contextid="7336" timestamp="2019-08-04T20:35:59.814">
  <trace-info objectcount="722453" scancount="641011" scanbytes="18677320" />
  <finalization candidates="151" enqueued="0" />
  <ownableSynchronizers candidates="23" cleared="0" />
  <references type="soft" candidates="1855" cleared="0" enqueued="0" dynamicThreshold="19" maxThreshold="32" />
  <references type="weak" candidates="6269" cleared="0" enqueued="0" />
  <references type="phantom" candidates="222" cleared="0" enqueued="0" />
  <stringconstants candidates="14591" cleared="0"  />
</gc-op>
<gc-op id="7340" type="sweep" timems="1.618" contextid="7336" timestamp="2019-08-04T20:35:59.815" />
<gc-end id="7341" type="global" contextid="7336" durationms="11.751" usertimems="76.678" systemtimems="0.000" timestamp="2019-08-04T20:35:59.815" activeThreads="16">
  <mem-info id="7342" free="69171872" total="114425856" percent="60">
    <mem type="tenure" free="69171872" total="114425856" percent="60" micro-fragmented="21540">
      <mem type="soa" free="68056896" total="113282048" percent="60" />
      <mem type="loa" free="1114976" total="1143808" percent="97" />
    </mem>
  </mem-info>
</gc-end>
<cycle-end id="7343" type="global" contextid="7336" timestamp="2019-08-04T20:35:59.815">
  <attribute name="GC Util" value="693" />
  <attribute name="CPU Util" value="1831528330780" />
  <attribute name="Time Running"value="100059"/>
  <attribute name="Number of cores"value="16"/>
</cycle-end>
<allocation-satisfied id="7344" threadId="0000000000C75700" bytesRequested="40" />
<af-end id="7345" timestamp="2019-08-04T20:35:59.815" threadId="0000000000C76088" success="true" />
<exclusive-end id="7346" timestamp="2019-08-04T20:35:59.815" durationms="12.714" />

<exclusive-start id="7347" timestamp="2019-08-04T20:35:59.870" intervalms="67.470">
  <response-info timems="0.385" idlems="0.325" threads="6" lastid="0000000000C7CE00" lastname="Thread-21" />
</exclusive-start>
<af-start id="7348" threadId="0000000000C6E888" totalBytesRequested="40" timestamp="2019-08-04T20:35:59.870" intervalms="67.474" />
<cycle-start id="7349" type="global" contextid="0" timestamp="2019-08-04T20:35:59.871" intervalms="67.434" />
  <attribute name="GC Util" value="12" />
  <attribute name="CPU Util" value="325023334790" />
  <attribute name="Time Running"value="100116"/>
  <attribute name="Number of cores"value="16"/>
<gc-start id="7350" type="global" contextid="7349" timestamp="2019-08-04T20:35:59.871">
  <mem-info id="7351" free="1143808" total="114425856" percent="0">
    <mem type="tenure" free="1143808" total="114425856" percent="0">
      <mem type="soa" free="0" total="113282048" percent="0" />
      <mem type="loa" free="1143808" total="1143808" percent="100" />
    </mem>
  </mem-info>
</gc-start>
<allocation-stats totalBytes="84054784" >
  <allocated-bytes non-tlh="57168" tlh="83997616" />
  <largest-consumer threadName="Thread-22" threadId="0000000000C9AE00" bytes="7933728" />
</allocation-stats>
<gc-op id="7352" type="mark" timems="15.672" contextid="7349" timestamp="2019-08-04T20:35:59.887">
  <trace-info objectcount="715830" scancount="634362" scanbytes="18517648" />
  <finalization candidates="151" enqueued="0" />
  <ownableSynchronizers candidates="23" cleared="0" />
  <references type="soft" candidates="1855" cleared="0" enqueued="0" dynamicThreshold="19" maxThreshold="32" />
  <references type="weak" candidates="6269" cleared="0" enqueued="0" />
  <references type="phantom" candidates="222" cleared="0" enqueued="0" />
  <stringconstants candidates="14591" cleared="0"  />
</gc-op>
<gc-op id="7353" type="sweep" timems="1.590" contextid="7349" timestamp="2019-08-04T20:35:59.888" />
<gc-end id="7354" type="global" contextid="7349" durationms="17.385" usertimems="137.391" systemtimems="0.000" timestamp="2019-08-04T20:35:59.888" activeThreads="16">
  <mem-info id="7355" free="69136408" total="114425856" percent="60">
    <mem type="tenure" free="69136408" total="114425856" percent="60" micro-fragmented="19836">
      <mem type="soa" free="68015664" total="113282048" percent="60" />
      <mem type="loa" free="1120744" total="1143808" percent="97" />
    </mem>
  </mem-info>
</gc-end>
<cycle-end id="7356" type="global" contextid="7349" timestamp="2019-08-04T20:35:59.888">
  <attribute name="GC Util" value="752" />
  <attribute name="CPU Util" value="1174068951290" />
  <attribute name="Time Running"value="100132"/>
  <attribute name="Number of cores"value="16"/>
</cycle-end>
<allocation-satisfied id="7357" threadId="0000000000C6DF00" bytesRequested="40" />
<af-end id="7358" timestamp="2019-08-04T20:35:59.888" threadId="0000000000C6E888" success="true" />
<exclusive-end id="7359" timestamp="2019-08-04T20:35:59.889" durationms="18.527" />

<exclusive-start id="7360" timestamp="2019-08-04T20:35:59.921" intervalms="50.622">
  <response-info timems="0.745" idlems="0.744" threads="2" lastid="0000000000C8FA00" lastname="Thread-30" />
</exclusive-start>
<af-start id="7361" threadId="0000000000C5F888" totalBytesRequested="40" timestamp="2019-08-04T20:35:59.921" intervalms="50.642" />
<cycle-start id="7362" type="global" contextid="0" timestamp="2019-08-04T20:35:59.922" intervalms="51.041" />
  <attribute name="GC Util" value="56" />
  <attribute name="CPU Util" value="537324797580" />
  <attribute name="Time Running"value="100167"/>
  <attribute name="Number of cores"value="16"/>
<gc-start id="7363" type="global" contextid="7362" timestamp="2019-08-04T20:35:59.922">
  <mem-info id="7364" free="1143808" total="114425856" percent="0">
    <mem type="tenure" free="1143808" total="114425856" percent="0">
      <mem type="soa" free="0" total="113282048" percent="0" />
      <mem type="loa" free="1143808" total="1143808" percent="100" />
    </mem>
  </mem-info>
</gc-start>
<allocation-stats totalBytes="84941672" >
  <allocated-bytes non-tlh="19056" tlh="84922616" />
  <largest-consumer threadName="Thread-33" threadId="0000000000C8BE00" bytes="7812416" />
</allocation-stats>
<gc-op id="7365" type="mark" timems="11.128" contextid="7362" timestamp="2019-08-04T20:35:59.933">
  <trace-info objectcount="730893" scancount="649425" scanbytes="18878440" />
  <finalization candidates="151" enqueued="0" />
  <ownableSynchronizers candidates="23" cleared="0" />
  <references type="soft" candidates="1855" cleared="0" enqueued="0" dynamicThreshold="19" maxThreshold="32" />
  <references type="weak" candidates="6269" cleared="0" enqueued="0" />
  <references type="phantom" candidates="222" cleared="0" enqueued="0" />
  <stringconstants candidates="14591" cleared="0"  />
</gc-op>
<gc-op id="7366" type="sweep" timems="1.653" contextid="7362" timestamp="2019-08-04T20:35:59.935" />
<gc-end id="7367" type="global" contextid="7362" durationms="12.925" usertimems="73.799" systemtimems="0.000" timestamp="2019-08-04T20:35:59.935" activeThreads="16">
  <mem-info id="7368" free="69433920" total="114425856" percent="60">
    <mem type="tenure" free="69433920" total="114425856" percent="60" micro-fragmented="35445">
      <mem type="soa" free="68308560" total="113282048" percent="60" />
      <mem type="loa" free="1125360" total="1143808" percent="98" />
    </mem>
  </mem-info>
</gc-end>
<cycle-end id="7369" type="global" contextid="7362" timestamp="2019-08-04T20:35:59.935">
  <attribute name="GC Util" value="593" />
  <attribute name="CPU Util" value="1639292275716" />
  <attribute name="Time Running"value="100179"/>
  <attribute name="Number of cores"value="16"/>
</cycle-end>
<allocation-satisfied id="7370" threadId="0000000000C5EF00" bytesRequested="40" />
<af-end id="7371" timestamp="2019-08-04T20:35:59.935" threadId="0000000000C5F888" success="true" />
<exclusive-end id="7372" timestamp="2019-08-04T20:35:59.935" durationms="14.333" />

<exclusive-start id="7373" timestamp="2019-08-04T20:35:59.973" intervalms="52.352">
  <response-info timems="0.263" idlems="0.257" threads="1" lastid="0000000000C75700" lastname="Thread-29" />
</exclusive-start>
<af-start id="7374" threadId="0000000000C79B88" totalBytesRequested="40" timestamp="2019-08-04T20:35:59.973" intervalms="52.331" />
<cycle-start id="7375" type="global" contextid="0" timestamp="2019-08-04T20:35:59.974" intervalms="51.914" />
  <attribute name="GC Util" value="18" />
  <attribute name="CPU Util" value="461556331269" />
  <attribute name="Time Running"value="100219"/>
  <attribute name="Number of cores"value="16"/>
<gc-start id="7376" type="global" contextid="7375" timestamp="2019-08-04T20:35:59.974">
  <mem-info id="7377" free="1143808" total="114425856" percent="0">
    <mem type="tenure" free="1143808" total="114425856" percent="0">
      <mem type="soa" free="0" total="113282048" percent="0" />
      <mem type="loa" free="1143808" total="1143808" percent="100" />
    </mem>
  </mem-info>
</gc-start>
<allocation-stats totalBytes="84170848" >
  <allocated-bytes non-tlh="80328" tlh="84090520" />
  <largest-consumer threadName="Thread-30" threadId="0000000000C8FA00" bytes="8408224" />
</allocation-stats>
<gc-op id="7378" type="mark" timems="10.613" contextid="7375" timestamp="2019-08-04T20:35:59.985">
  <trace-info objectcount="728424" scancount="646982" scanbytes="18819480" />
  <finalization candidates="151" enqueued="0" />
  <ownableSynchronizers candidates="23" cleared="0" />
  <references type="soft" candidates="1855" cleared="0" enqueued="0" dynamicThreshold="19" maxThreshold="32" />
  <references type="weak" candidates="6269" cleared="0" enqueued="0" />
  <references type="phantom" candidates="222" cleared="0" enqueued="0" />
  <stringconstants candidates="14591" cleared="0"  />
</gc-op>
<gc-op id="7379" type="sweep" timems="1.719" contextid="7375" timestamp="2019-08-04T20:35:59.986" />
<gc-end id="7380" type="global" contextid="7375" durationms="12.456" usertimems="74.236" systemtimems="0.000" timestamp="2019-08-04T20:35:59.986" activeThreads="16">
  <mem-info id="7381" free="69365440" total="114425856" percent="60">
    <mem type="tenure" free="69365440" total="114425856" percent="60" micro-fragmented="24885">
      <mem type="soa" free="68236392" total="113282048" percent="60" />
      <mem type="loa" free="1129048" total="1143808" percent="98" />
    </mem>
  </mem-info>
</gc-end>
<cycle-end id="7382" type="global" contextid="7375" timestamp="2019-08-04T20:35:59.986">
  <attribute name="GC Util" value="629" />
  <attribute name="CPU Util" value="1728486957582" />
  <attribute name="Time Running"value="100230"/>
  <attribute name="Number of cores"value="16"/>
</cycle-end>
<allocation-satisfied id="7383" threadId="0000000000C79200" bytesRequested="40" />
<af-end id="7384" timestamp="2019-08-04T20:35:59.986" threadId="0000000000C79B88" success="true" />
<exclusive-end id="7385" timestamp="2019-08-04T20:35:59.987" durationms="13.457" />

<exclusive-start id="7386" timestamp="2019-08-04T20:36:00.025" intervalms="51.965">
  <response-info timems="0.407" idlems="0.237" threads="5" lastid="0000000000C9E900" lastname="Thread-24" />
</exclusive-start>
<af-start id="7387" threadId="0000000000C7D788" totalBytesRequested="24" timestamp="2019-08-04T20:36:00.025" intervalms="51.967" />
<cycle-start id="7388" type="global" contextid="0" timestamp="2019-08-04T20:36:00.026" intervalms="52.267" />
  <attribute name="GC Util" value="17" />
  <attribute name="CPU Util" value="453068148627" />
  <attribute name="Time Running"value="100271"/>
  <attribute name="Number of cores"value="16"/>
<gc-start id="7389" type="global" contextid="7388" timestamp="2019-08-04T20:36:00.026">
  <mem-info id="7390" free="1143808" total="114425856" percent="0">
    <mem type="tenure" free="1143808" total="114425856" percent="0">
      <mem type="soa" free="0" total="113282048" percent="0" />
      <mem type="loa" free="1143808" total="1143808" percent="100" />
    </mem>
  </mem-info>
</gc-start>
<allocation-stats totalBytes="84556432" >
  <allocated-bytes non-tlh="76224" tlh="84480208" />
  <largest-consumer threadName="Thread-22" threadId="0000000000C9AE00" bytes="7759000" />
</allocation-stats>
<gc-op id="7391" type="mark" timems="11.290" contextid="7388" timestamp="2019-08-04T20:36:00.038">
  <trace-info objectcount="724091" scancount="642638" scanbytes="18582204" />
  <finalization candidates="151" enqueued="0" />
  <ownableSynchronizers candidates="23" cleared="0" />
  <references type="soft" candidates="1855" cleared="0" enqueued="0" dynamicThreshold="19" maxThreshold="32" />
  <references type="weak" candidates="6269" cleared="0" enqueued="0" />
  <references type="phantom" candidates="222" cleared="0" enqueued="0" />
  <stringconstants candidates="14591" cleared="0"  />
</gc-op>
<gc-op id="7392" type="sweep" timems="1.740" contextid="7388" timestamp="2019-08-04T20:36:00.039" />
<gc-end id="7393" type="global" contextid="7388" durationms="13.200" usertimems="88.561" systemtimems="0.000" timestamp="2019-08-04T20:36:00.039" activeThreads="16">
  <mem-info id="7394" free="69356896" total="114425856" percent="60">
    <mem type="tenure" free="69356896" total="114425856" percent="60" micro-fragmented="24891">
      <mem type="soa" free="68224896" total="113282048" percent="60" />
      <mem type="loa" free="1132000" total="1143808" percent="98" />
    </mem>
  </mem-info>
</gc-end>
<cycle-end id="7395" type="global" contextid="7388" timestamp="2019-08-04T20:36:00.039">
  <attribute name="GC Util" value="702" />
  <attribute name="CPU Util" value="1628533380013" />
  <attribute name="Time Running"value="100283"/>
  <attribute name="Number of cores"value="16"/>
</cycle-end>
<allocation-satisfied id="7396" threadId="0000000000C7CE00" bytesRequested="24" />
<af-end id="7397" timestamp="2019-08-04T20:36:00.040" threadId="0000000000C7D788" success="true" />
<exclusive-end id="7398" timestamp="2019-08-04T20:36:00.040" durationms="14.456" />

<exclusive-start id="7399" timestamp="2019-08-04T20:36:00.072" intervalms="46.924">
  <response-info timems="0.260" idlems="0.211" threads="3" lastid="0000000000C66700" lastname="Thread-32" />
</exclusive-start>
<af-start id="7400" threadId="0000000000CA6A88" totalBytesRequested="48" timestamp="2019-08-04T20:36:00.072" intervalms="46.920" />
<cycle-start id="7401" type="global" contextid="0" timestamp="2019-08-04T20:36:00.073" intervalms="47.007" />
  <attribute name="GC Util" value="26" />
  <attribute name="CPU Util" value="532447551031" />
  <attribute name="Time Running"value="100318"/>
  <attribute name="Number of cores"value="16"/>
<gc-start id="7402" type="global" contextid="7401" timestamp="2019-08-04T20:36:00.075">
  <mem-info id="7403" free="1143808" total="114425856" percent="0">
    <mem type="tenure" free="1143808" total="114425856" percent="0">
      <mem type="soa" free="0" total="113282048" percent="0" />
      <mem type="loa" free="1143808" total="1143808" percent="100" />
    </mem>
  </mem-info>
</gc-start>
<allocation-stats totalBytes="84654680" >
  <allocated-bytes non-tlh="80328" tlh="84574352" />
  <largest-consumer threadName="Thread-34" threadId="0000000000CA6100" bytes="8283200" />
</allocation-stats>
<gc-op id="7404" type="mark" timems="18.938" contextid="7401" timestamp="2019-08-04T20:36:00.094">
  <trace-info objectcount="732753" scancount="651316" scanbytes="18914792" />
  <finalization candidates="151" enqueued="0" />
  <ownableSynchronizers candidates="23" cleared="0" />
  <references type="soft" candidates="1855" cleared="0" enqueued="0" dynamicThreshold="19" maxThreshold="32" />
  <references type="weak" candidates="6269" cleared="0" enqueued="0" />
  <references type="phantom" candidates="222" cleared="0" enqueued="0" />
  <stringconstants candidates="14591" cleared="0"  />
</gc-op>
<gc-op id="7405" type="sweep" timems="1.361" contextid="7401" timestamp="2019-08-04T20:36:00.095" />
<gc-end id="7406" type="global" contextid="7401" durationms="20.495" usertimems="128.152" systemtimems="0.000" timestamp="2019-08-04T20:36:00.095" activeThreads="16">
  <mem-info id="7407" free="69363688" total="114425856" percent="60">
    <mem type="tenure" free="69363688" total="114425856" percent="60" micro-fragmented="69881">
      <mem type="soa" free="68229328" total="113282048" percent="60" />
      <mem type="loa" free="1134360" total="1143808" percent="99" />
    </mem>
  </mem-info>
</gc-end>
<cycle-end id="7408" type="global" contextid="7401" timestamp="2019-08-04T20:36:00.095">
  <attribute name="GC Util" value="611" />
  <attribute name="CPU Util" value="976989925658" />
  <attribute name="Time Running"value="100340"/>
  <attribute name="Number of cores"value="16"/>
</cycle-end>
<allocation-satisfied id="7409" threadId="0000000000CA6100" bytesRequested="48" />
<af-end id="7410" timestamp="2019-08-04T20:36:00.095" threadId="0000000000CA6A88" success="true" />
<exclusive-end id="7411" timestamp="2019-08-04T20:36:00.096" durationms="23.426" />

<exclusive-start id="7412" timestamp="2019-08-04T20:36:00.130" intervalms="58.044">
  <response-info timems="0.166" idlems="0.111" threads="6" lastid="0000000000C5EF00" lastname="Thread-28" />
</exclusive-start>
<af-start id="7413" threadId="0000000000C63488" totalBytesRequested="40" timestamp="2019-08-04T20:36:00.130" intervalms="58.061" />
<cycle-start id="7414" type="global" contextid="0" timestamp="2019-08-04T20:36:00.131" intervalms="57.714" />
  <attribute name="GC Util" value="35" />
  <attribute name="CPU Util" value="506926003623" />
  <attribute name="Time Running"value="100376"/>
  <attribute name="Number of cores"value="16"/>
<gc-start id="7415" type="global" contextid="7414" timestamp="2019-08-04T20:36:00.131">
  <mem-info id="7416" free="1143808" total="114425856" percent="0">
    <mem type="tenure" free="1143808" total="114425856" percent="0">
      <mem type="soa" free="0" total="113282048" percent="0" />
      <mem type="loa" free="1143808" total="1143808" percent="100" />
    </mem>
  </mem-info>
</gc-start>
<allocation-stats totalBytes="84079576" >
  <allocated-bytes non-tlh="95280" tlh="83984296" />
  <largest-consumer threadName="Thread-23" threadId="0000000000C6DF00" bytes="8634872" />
</allocation-stats>
<gc-op id="7417" type="mark" timems="11.327" contextid="7414" timestamp="2019-08-04T20:36:00.142">
  <trace-info objectcount="725536" scancount="644100" scanbytes="18655848" />
  <finalization candidates="151" enqueued="0" />
  <ownableSynchronizers candidates="23" cleared="0" />
  <references type="soft" candidates="1855" cleared="0" enqueued="0" dynamicThreshold="19" maxThreshold="32" />
  <references type="weak" candidates="6269" cleared="0" enqueued="0" />
  <references type="phantom" candidates="222" cleared="0" enqueued="0" />
  <stringconstants candidates="14591" cleared="0"  />
</gc-op>
<gc-op id="7418" type="sweep" timems="1.607" contextid="7414" timestamp="2019-08-04T20:36:00.144" />
<gc-end id="7419" type="global" contextid="7414" durationms="13.062" usertimems="79.466" systemtimems="0.000" timestamp="2019-08-04T20:36:00.144" activeThreads="16">
  <mem-info id="7420" free="69551680" total="114425856" percent="60">
    <mem type="tenure" free="69551680" total="114425856" percent="60" micro-fragmented="0">
      <mem type="soa" free="68415424" total="113282048" percent="60" />
      <mem type="loa" free="1136256" total="1143808" percent="99" />
    </mem>
  </mem-info>
</gc-end>
<cycle-end id="7421" type="global" contextid="7414" timestamp="2019-08-04T20:36:00.144">
  <attribute name="GC Util" value="582" />
  <attribute name="CPU Util" value="1621072319662" />
  <attribute name="Time Running"value="100388"/>
  <attribute name="Number of cores"value="16"/>
</cycle-end>
<allocation-satisfied id="7422" threadId="0000000000C62B00" bytesRequested="40" />
<af-end id="7423" timestamp="2019-08-04T20:36:00.144" threadId="0000000000C63488" success="true" />
<exclusive-end id="7424" timestamp="2019-08-04T20:36:00.144" durationms="14.300" />

<exclusive-start id="7425" timestamp="2019-08-04T20:36:00.191" intervalms="60.631">
  <response-info timems="2.919" idlems="1.957" threads="12" lastid="0000000000C8BE00" lastname="Thread-33" />
</exclusive-start>
<af-start id="7426" threadId="0000000000C7D788" totalBytesRequested="40" timestamp="2019-08-04T20:36:00.191" intervalms="60.638" />
<cycle-start id="7427" type="global" contextid="0" timestamp="2019-08-04T20:36:00.192" intervalms="60.748" />
  <attribute name="GC Util" value="27" />
  <attribute name="CPU Util" value="379504167343" />
  <attribute name="Time Running"value="100437"/>
  <attribute name="Number of cores"value="16"/>
<gc-start id="7428" type="global" contextid="7427" timestamp="2019-08-04T20:36:00.192">
  <mem-info id="7429" free="1143808" total="114425856" percent="0">
    <mem type="tenure" free="1143808" total="114425856" percent="0">
      <mem type="soa" free="0" total="113282048" percent="0" />
      <mem type="loa" free="1143808" total="1143808" percent="100" />
    </mem>
  </mem-info>
</gc-start>
<allocation-stats totalBytes="84610448" >
  <allocated-bytes non-tlh="61272" tlh="84549176" />
  <largest-consumer threadName="Thread-27" threadId="0000000000C84600" bytes="11283648" />
</allocation-stats>
<gc-op id="7430" type="mark" timems="9.327" contextid="7427" timestamp="2019-08-04T20:36:00.201">
  <trace-info objectcount="735262" scancount="653806" scanbytes="18983496" />
  <finalization candidates="151" enqueued="0" />
  <ownableSynchronizers candidates="23" cleared="0" />
  <references type="soft" candidates="1855" cleared="0" enqueued="0" dynamicThreshold="19" maxThreshold="32" />
  <references type="weak" candidates="6269" cleared="0" enqueued="0" />
  <references type="phantom" candidates="222" cleared="0" enqueued="0" />
  <stringconstants candidates="14591" cleared="0"  />
</gc-op>
<gc-op id="7431" type="sweep" timems="1.433" contextid="7427" timestamp="2019-08-04T20:36:00.202" />
<gc-end id="7432" type="global" contextid="7427" durationms="10.888" usertimems="68.951" systemtimems="0.000" timestamp="2019-08-04T20:36:00.202" activeThreads="16">
  <mem-info id="7433" free="69381480" total="114425856" percent="60">
    <mem type="tenure" free="69381480" total="114425856" percent="60" micro-fragmented="42568">
      <mem type="soa" free="68243712" total="113282048" percent="60" />
      <mem type="loa" free="1137768" total="1143808" percent="99" />
    </mem>
  </mem-info>
</gc-end>
<cycle-end id="7434" type="global" contextid="7427" timestamp="2019-08-04T20:36:00.203">
  <attribute name="GC Util" value="665" />
  <attribute name="CPU Util" value="1966634358312" />
  <attribute name="Time Running"value="100447"/>
  <attribute name="Number of cores"value="16"/>
</cycle-end>
<allocation-satisfied id="7435" threadId="0000000000C7CE00" bytesRequested="40" />
<af-end id="7436" timestamp="2019-08-04T20:36:00.203" threadId="0000000000C7D788" success="true" />
<exclusive-end id="7437" timestamp="2019-08-04T20:36:00.203" durationms="11.999" />

<exclusive-start id="7438" timestamp="2019-08-04T20:36:00.361" intervalms="170.317">
  <response-info timems="0.364" idlems="0.201" threads="10" lastid="0000000000C71B00" lastname="Thread-25" />
</exclusive-start>
<af-start id="7439" threadId="0000000000C6E888" totalBytesRequested="40" timestamp="2019-08-04T20:36:00.361" intervalms="170.296" />
<cycle-start id="7440" type="global" contextid="0" timestamp="2019-08-04T20:36:00.362" intervalms="170.321" />
  <attribute name="GC Util" value="4" />
  <attribute name="CPU Util" value="115155229898" />
  <attribute name="Time Running"value="100607"/>
  <attribute name="Number of cores"value="16"/>
<gc-start id="7441" type="global" contextid="7440" timestamp="2019-08-04T20:36:00.362">
  <mem-info id="7442" free="1143808" total="114425856" percent="0">
    <mem type="tenure" free="1143808" total="114425856" percent="0">
      <mem type="soa" free="0" total="113282048" percent="0" />
      <mem type="loa" free="1143808" total="1143808" percent="100" />
    </mem>
  </mem-info>
</gc-start>
<allocation-stats totalBytes="84280848" >
  <allocated-bytes non-tlh="122544" tlh="84158304" />
  <largest-consumer threadName="Thread-31" threadId="0000000000C97200" bytes="8683144" />
</allocation-stats>
<gc-op id="7443" type="mark" timems="11.873" contextid="7440" timestamp="2019-08-04T20:36:00.374">
  <trace-info objectcount="726005" scancount="644514" scanbytes="18761056" />
  <finalization candidates="151" enqueued="0" />
  <ownableSynchronizers candidates="23" cleared="0" />
  <references type="soft" candidates="1855" cleared="0" enqueued="0" dynamicThreshold="19" maxThreshold="32" />
  <references type="weak" candidates="6269" cleared="0" enqueued="0" />
  <references type="phantom" candidates="222" cleared="0" enqueued="0" />
  <stringconstants candidates="14591" cleared="0"  />
</gc-op>
<gc-op id="7444" type="sweep" timems="1.696" contextid="7440" timestamp="2019-08-04T20:36:00.376" />
<gc-end id="7445" type="global" contextid="7440" durationms="13.709" usertimems="60.184" systemtimems="6.362" timestamp="2019-08-04T20:36:00.376" activeThreads="16">
  <mem-info id="7446" free="69611304" total="114425856" percent="60">
    <mem type="tenure" free="69611304" total="114425856" percent="60" micro-fragmented="1027">
      <mem type="soa" free="68472328" total="113282048" percent="60" />
      <mem type="loa" free="1138976" total="1143808" percent="99" />
    </mem>
  </mem-info>
</gc-end>
<cycle-end id="7447" type="global" contextid="7440" timestamp="2019-08-04T20:36:00.376">
  <attribute name="GC Util" value="485" />
  <attribute name="CPU Util" value="1547218434301" />
  <attribute name="Time Running"value="100620"/>
  <attribute name="Number of cores"value="16"/>
</cycle-end>
<allocation-satisfied id="7448" threadId="0000000000C6DF00" bytesRequested="40" />
<af-end id="7449" timestamp="2019-08-04T20:36:00.376" threadId="0000000000C6E888" success="true" />
<exclusive-end id="7450" timestamp="2019-08-04T20:36:00.376" durationms="14.657" />

<exclusive-start id="7451" timestamp="2019-08-04T20:36:00.436" intervalms="75.081">
  <response-info timems="3.200" idlems="3.198" threads="1" lastid="0000000000C84600" lastname="Thread-27" />
</exclusive-start>
<af-start id="7452" threadId="0000000000C72488" totalBytesRequested="24" timestamp="2019-08-04T20:36:00.436" intervalms="75.226" />
<cycle-start id="7453" type="global" contextid="0" timestamp="2019-08-04T20:36:00.439" intervalms="77.052" />
  <attribute name="GC Util" value="13" />
  <attribute name="CPU Util" value="295058728135" />
  <attribute name="Time Running"value="100682"/>
  <attribute name="Number of cores"value="16"/>
<gc-start id="7454" type="global" contextid="7453" timestamp="2019-08-04T20:36:00.439">
  <mem-info id="7455" free="1143808" total="114425856" percent="0">
    <mem type="tenure" free="1143808" total="114425856" percent="0">
      <mem type="soa" free="0" total="113282048" percent="0" />
      <mem type="loa" free="1143808" total="1143808" percent="100" />
    </mem>
  </mem-info>
</gc-start>
<allocation-stats totalBytes="85016376" >
  <allocated-bytes non-tlh="42216" tlh="84974160" />
  <largest-consumer threadName="Thread-31" threadId="0000000000C97200" bytes="8713736" />
</allocation-stats>
<gc-op id="7456" type="mark" timems="27.255" contextid="7453" timestamp="2019-08-04T20:36:00.466">
  <trace-info objectcount="728500" scancount="647045" scanbytes="18820944" />
  <finalization candidates="151" enqueued="0" />
  <ownableSynchronizers candidates="23" cleared="0" />
  <references type="soft" candidates="1855" cleared="0" enqueued="0" dynamicThreshold="19" maxThreshold="32" />
  <references type="weak" candidates="6269" cleared="0" enqueued="0" />
  <references type="phantom" candidates="222" cleared="0" enqueued="0" />
  <stringconstants candidates="14591" cleared="0"  />
</gc-op>
<gc-op id="7457" type="sweep" timems="1.592" contextid="7453" timestamp="2019-08-04T20:36:00.468" />
<gc-end id="7458" type="global" contextid="7453" durationms="28.985" usertimems="109.257" systemtimems="48.238" timestamp="2019-08-04T20:36:00.468" activeThreads="16">
  <mem-info id="7459" free="69625656" total="114425856" percent="60">
    <mem type="tenure" free="69625656" total="114425856" percent="60" micro-fragmented="512">
      <mem type="soa" free="68485712" total="113282048" percent="60" />
      <mem type="loa" free="1139944" total="1143808" percent="99" />
    </mem>
  </mem-info>
</gc-end>
<cycle-end id="7460" type="global" contextid="7453" timestamp="2019-08-04T20:36:00.468">
  <attribute name="GC Util" value="508" />
  <attribute name="CPU Util" value="696417958587" />
  <attribute name="Time Running"value="100712"/>
  <attribute name="Number of cores"value="16"/>
</cycle-end>
<allocation-satisfied id="7461" threadId="0000000000C71B00" bytesRequested="24" />
<af-end id="7462" timestamp="2019-08-04T20:36:00.468" threadId="0000000000C72488" success="true" />
<exclusive-end id="7463" timestamp="2019-08-04T20:36:00.468" durationms="32.250" />

<exclusive-start id="7464" timestamp="2019-08-04T20:36:00.532" intervalms="95.654">
  <response-info timems="4.491" idlems="4.491" threads="0" lastid="0000000000C8FA00" lastname="Thread-30" />
</exclusive-start>
<af-start id="7465" threadId="0000000000C90388" totalBytesRequested="40" timestamp="2019-08-04T20:36:00.532" intervalms="95.562" />
<cycle-start id="7466" type="global" contextid="0" timestamp="2019-08-04T20:36:00.532" intervalms="93.547" />
  <attribute name="GC Util" value="35" />
  <attribute name="CPU Util" value="281016154795" />
  <attribute name="Time Running"value="100778"/>
  <attribute name="Number of cores"value="16"/>
<gc-start id="7467" type="global" contextid="7466" timestamp="2019-08-04T20:36:00.533">
  <mem-info id="7468" free="1143808" total="114425856" percent="0">
    <mem type="tenure" free="1143808" total="114425856" percent="0">
      <mem type="soa" free="0" total="113282048" percent="0" />
      <mem type="loa" free="1143808" total="1143808" percent="100" />
    </mem>
  </mem-info>
</gc-start>
<allocation-stats totalBytes="84805688" >
  <allocated-bytes non-tlh="95280" tlh="84710408" />
  <largest-consumer threadName="Thread-30" threadId="0000000000C8FA00" bytes="9356624" />
</allocation-stats>
<gc-op id="7469" type="mark" timems="11.658" contextid="7466" timestamp="2019-08-04T20:36:00.544">
  <trace-info objectcount="726404" scancount="644947" scanbytes="18770696" />
  <finalization candidates="151" enqueued="0" />
  <ownableSynchronizers candidates="23" cleared="0" />
  <references type="soft" candidates="1855" cleared="0" enqueued="0" dynamicThreshold="19" maxThreshold="32" />
  <references type="weak" candidates="6269" cleared="0" enqueued="0" />
  <references type="phantom" candidates="222" cleared="0" enqueued="0" />
  <stringconstants candidates="14591" cleared="0"  />
</gc-op>
<gc-op id="7470" type="sweep" timems="1.739" contextid="7466" timestamp="2019-08-04T20:36:00.546" />
<gc-end id="7471" type="global" contextid="7466" durationms="13.660" usertimems="58.970" systemtimems="11.036" timestamp="2019-08-04T20:36:00.546" activeThreads="16">
  <mem-info id="7472" free="69422568" total="114425856" percent="60">
    <mem type="tenure" free="69422568" total="114425856" percent="60" micro-fragmented="5668">
      <mem type="soa" free="68281856" total="113282048" percent="60" />
      <mem type="loa" free="1140712" total="1143808" percent="99" />
    </mem>
  </mem-info>
</gc-end>
<cycle-end id="7473" type="global" contextid="7466" timestamp="2019-08-04T20:36:00.546">
  <attribute name="GC Util" value="535" />
  <attribute name="CPU Util" value="1569244816242" />
  <attribute name="Time Running"value="100790"/>
  <attribute name="Number of cores"value="16"/>
</cycle-end>
<allocation-satisfied id="7474" threadId="0000000000C8FA00" bytesRequested="40" />
<af-end id="7475" timestamp="2019-08-04T20:36:00.546" threadId="0000000000C90388" success="true" />
<exclusive-end id="7476" timestamp="2019-08-04T20:36:00.546" durationms="14.619" />

<exclusive-start id="7477" timestamp="2019-08-04T20:36:00.588" intervalms="56.229">
  <response-info timems="0.171" idlems="0.165" threads="2" lastid="0000000000C84600" lastname="Thread-27" />
</exclusive-start>
<af-start id="7478" threadId="0000000000C63488" totalBytesRequested="40" timestamp="2019-08-04T20:36:00.588" intervalms="56.174" />
<cycle-start id="7479" type="global" contextid="0" timestamp="2019-08-04T20:36:00.589" intervalms="56.222" />
  <attribute name="GC Util" value="16" />
  <attribute name="CPU Util" value="421611263911" />
  <attribute name="Time Running"value="100834"/>
  <attribute name="Number of cores"value="16"/>
<gc-start id="7480" type="global" contextid="7479" timestamp="2019-08-04T20:36:00.589">
  <mem-info id="7481" free="1143808" total="114425856" percent="0">
    <mem type="tenure" free="1143808" total="114425856" percent="0">
      <mem type="soa" free="0" total="113282048" percent="0" />
      <mem type="loa" free="1143808" total="1143808" percent="100" />
    </mem>
  </mem-info>
</gc-start>
<allocation-stats totalBytes="85167456" >
  <allocated-bytes non-tlh="57168" tlh="85110288" />
  <largest-consumer threadName="Thread-32" threadId="0000000000C66700" bytes="8175080" />
</allocation-stats>
<gc-op id="7482" type="mark" timems="11.647" contextid="7479" timestamp="2019-08-04T20:36:00.601">
  <trace-info objectcount="720229" scancount="638767" scanbytes="18621472" />
  <finalization candidates="151" enqueued="0" />
  <ownableSynchronizers candidates="23" cleared="0" />
  <references type="soft" candidates="1855" cleared="0" enqueued="0" dynamicThreshold="19" maxThreshold="32" />
  <references type="weak" candidates="6269" cleared="0" enqueued="0" />
  <references type="phantom" candidates="222" cleared="0" enqueued="0" />
  <stringconstants candidates="14591" cleared="0"  />
</gc-op>
<gc-op id="7483" type="sweep" timems="2.346" contextid="7479" timestamp="2019-08-04T20:36:00.603" />
<gc-end id="7484" type="global" contextid="7479" durationms="14.218" usertimems="80.476" systemtimems="0.000" timestamp="2019-08-04T20:36:00.603" activeThreads="16">
  <mem-info id="7485" free="69759520" total="114425856" percent="60">
    <mem type="tenure" free="69759520" total="114425856" percent="60" micro-fragmented="0">
      <mem type="soa" free="68618184" total="113282048" percent="60" />
      <mem type="loa" free="1141336" total="1143808" percent="99" />
    </mem>
  </mem-info>
</gc-end>
<cycle-end id="7486" type="global" contextid="7479" timestamp="2019-08-04T20:36:00.603">
  <attribute name="GC Util" value="616" />
  <attribute name="CPU Util" value="1579139718443" />
  <attribute name="Time Running"value="100846"/>
  <attribute name="Number of cores"value="16"/>
</cycle-end>
<allocation-satisfied id="7487" threadId="0000000000C62B00" bytesRequested="40" />
<af-end id="7488" timestamp="2019-08-04T20:36:00.603" threadId="0000000000C63488" success="true" />
<exclusive-end id="7489" timestamp="2019-08-04T20:36:00.603" durationms="15.381" />

<exclusive-start id="7490" timestamp="2019-08-04T20:36:00.640" intervalms="51.538">
  <response-info timems="0.226" idlems="0.222" threads="3" lastid="0000000000C79200" lastname="Thread-35" />
</exclusive-start>
<af-start id="7491" threadId="0000000000C9F288" totalBytesRequested="40" timestamp="2019-08-04T20:36:00.640" intervalms="51.543" />
<cycle-start id="7492" type="global" contextid="0" timestamp="2019-08-04T20:36:00.640" intervalms="51.642" />
  <attribute name="GC Util" value="22" />
  <attribute name="CPU Util" value="471393996255" />
  <attribute name="Time Running"value="100885"/>
  <attribute name="Number of cores"value="16"/>
<gc-start id="7493" type="global" contextid="7492" timestamp="2019-08-04T20:36:00.640">
  <mem-info id="7494" free="1143808" total="114425856" percent="0">
    <mem type="tenure" free="1143808" total="114425856" percent="0">
      <mem type="soa" free="0" total="113282048" percent="0" />
      <mem type="loa" free="1143808" total="1143808" percent="100" />
    </mem>
  </mem-info>
</gc-start>
<allocation-stats totalBytes="85474552" >
  <allocated-bytes non-tlh="76224" tlh="85398328" />
  <largest-consumer threadName="Thread-35" threadId="0000000000C79200" bytes="9113440" />
</allocation-stats>
<gc-op id="7495" type="mark" timems="11.989" contextid="7492" timestamp="2019-08-04T20:36:00.652">
  <trace-info objectcount="717935" scancount="636451" scanbytes="18565240" />
  <finalization candidates="151" enqueued="0" />
  <ownableSynchronizers candidates="23" cleared="0" />
  <references type="soft" candidates="1855" cleared="0" enqueued="0" dynamicThreshold="19" maxThreshold="32" />
  <references type="weak" candidates="6269" cleared="0" enqueued="0" />
  <references type="phantom" candidates="222" cleared="0" enqueued="0" />
  <stringconstants candidates="14591" cleared="0"  />
</gc-op>
<gc-op id="7496" type="sweep" timems="1.848" contextid="7492" timestamp="2019-08-04T20:36:00.654" />
<gc-end id="7497" type="global" contextid="7492" durationms="13.971" usertimems="75.627" systemtimems="0.000" timestamp="2019-08-04T20:36:00.654" activeThreads="16">
  <mem-info id="7498" free="70131784" total="114425856" percent="61">
    <mem type="tenure" free="70131784" total="114425856" percent="61" micro-fragmented="0">
      <mem type="soa" free="68989952" total="113282048" percent="60" />
      <mem type="loa" free="1141832" total="1143808" percent="99" />
    </mem>
  </mem-info>
</gc-end>
<cycle-end id="7499" type="global" contextid="7492" timestamp="2019-08-04T20:36:00.654">
  <attribute name="GC Util" value="568" />
  <attribute name="CPU Util" value="1532159915735" />
  <attribute name="Time Running"value="100898"/>
  <attribute name="Number of cores"value="16"/>
</cycle-end>
<allocation-satisfied id="7500" threadId="0000000000C9E900" bytesRequested="40" />
<af-end id="7501" timestamp="2019-08-04T20:36:00.654" threadId="0000000000C9F288" success="true" />
<exclusive-end id="7502" timestamp="2019-08-04T20:36:00.655" durationms="14.995" />

<exclusive-start id="7503" timestamp="2019-08-04T20:36:00.699" intervalms="59.067">
  <response-info timems="2.708" idlems="2.701" threads="1" lastid="0000000000C9E900" lastname="Thread-24" />
</exclusive-start>
<af-start id="7504" threadId="0000000000C79B88" totalBytesRequested="40" timestamp="2019-08-04T20:36:00.699" intervalms="59.078" />
<cycle-start id="7505" type="global" contextid="0" timestamp="2019-08-04T20:36:00.701" intervalms="60.518" />
  <attribute name="GC Util" value="15" />
  <attribute name="CPU Util" value="398349689645" />
  <attribute name="Time Running"value="100944"/>
  <attribute name="Number of cores"value="16"/>
<gc-start id="7506" type="global" contextid="7505" timestamp="2019-08-04T20:36:00.701">
  <mem-info id="7507" free="1143808" total="114425856" percent="0">
    <mem type="tenure" free="1143808" total="114425856" percent="0">
      <mem type="soa" free="0" total="113282048" percent="0" />
      <mem type="loa" free="1143808" total="1143808" percent="100" />
    </mem>
  </mem-info>
</gc-start>
<allocation-stats totalBytes="85168616" >
  <allocated-bytes non-tlh="19056" tlh="85149560" />
  <largest-consumer threadName="Thread-26" threadId="0000000000C62B00" bytes="9193392" />
</allocation-stats>
<gc-op id="7508" type="mark" timems="12.898" contextid="7505" timestamp="2019-08-04T20:36:00.714">
  <trace-info objectcount="728647" scancount="647180" scanbytes="18822104" />
  <finalization candidates="151" enqueued="0" />
  <ownableSynchronizers candidates="23" cleared="0" />
  <references type="soft" candidates="1855" cleared="0" enqueued="0" dynamicThreshold="19" maxThreshold="32" />
  <references type="weak" candidates="6269" cleared="0" enqueued="0" />
  <references type="phantom" candidates="222" cleared="0" enqueued="0" />
  <stringconstants candidates="14591" cleared="0"  />
</gc-op>
<gc-op id="7509" type="sweep" timems="1.309" contextid="7505" timestamp="2019-08-04T20:36:00.715" />
<gc-end id="7510" type="global" contextid="7505" durationms="14.362" usertimems="73.768" systemtimems="2.519" timestamp="2019-08-04T20:36:00.715" activeThreads="16">
  <mem-info id="7511" free="70143840" total="114425856" percent="61">
    <mem type="tenure" free="70143840" total="114425856" percent="61" micro-fragmented="24908">
      <mem type="soa" free="69001616" total="113282048" percent="60" />
      <mem type="loa" free="1142224" total="1143808" percent="99" />
    </mem>
  </mem-info>
</gc-end>
<cycle-end id="7512" type="global" contextid="7505" timestamp="2019-08-04T20:36:00.715">
  <attribute name="GC Util" value="545" />
  <attribute name="CPU Util" value="1428662573085" />
  <attribute name="Time Running"value="100960"/>
  <attribute name="Number of cores"value="16"/>
</cycle-end>
<allocation-satisfied id="7513" threadId="0000000000C79200" bytesRequested="40" />
<af-end id="7514" timestamp="2019-08-04T20:36:00.715" threadId="0000000000C79B88" success="true" />
<exclusive-end id="7515" timestamp="2019-08-04T20:36:00.715" durationms="16.758" />

<exclusive-start id="7516" timestamp="2019-08-04T20:36:00.839" intervalms="140.355">
  <response-info timems="1.013" idlems="0.628" threads="15" lastid="0000000000C97200" lastname="Thread-31" />
</exclusive-start>
<af-start id="7517" threadId="0000000000C76088" totalBytesRequested="40" timestamp="2019-08-04T20:36:00.839" intervalms="140.346" />
<cycle-start id="7518" type="global" contextid="0" timestamp="2019-08-04T20:36:00.840" intervalms="138.922" />
  <attribute name="GC Util" value="5" />
  <attribute name="CPU Util" value="147317116944" />
  <attribute name="Time Running"value="101085"/>
  <attribute name="Number of cores"value="16"/>
<gc-start id="7519" type="global" contextid="7518" timestamp="2019-08-04T20:36:00.840">
  <mem-info id="7520" free="1143808" total="114425856" percent="0">
    <mem type="tenure" free="1143808" total="114425856" percent="0">
      <mem type="soa" free="0" total="113282048" percent="0" />
      <mem type="loa" free="1143808" total="1143808" percent="100" />
    </mem>
  </mem-info>
</gc-start>
<allocation-stats totalBytes="84263096" >
  <allocated-bytes non-tlh="103488" tlh="84159608" />
  <largest-consumer threadName="Thread-35" threadId="0000000000C79200" bytes="9221008" />
</allocation-stats>
<gc-op id="7521" type="mark" timems="14.139" contextid="7518" timestamp="2019-08-04T20:36:00.854">
  <trace-info objectcount="725748" scancount="644280" scanbytes="18752960" />
  <finalization candidates="151" enqueued="0" />
  <ownableSynchronizers candidates="23" cleared="0" />
  <references type="soft" candidates="1855" cleared="0" enqueued="0" dynamicThreshold="19" maxThreshold="32" />
  <references type="weak" candidates="6269" cleared="0" enqueued="0" />
  <references type="phantom" candidates="222" cleared="0" enqueued="0" />
  <stringconstants candidates="14591" cleared="0"  />
</gc-op>
<gc-op id="7522" type="sweep" timems="1.986" contextid="7518" timestamp="2019-08-04T20:36:00.856" />
<gc-end id="7523" type="global" contextid="7518" durationms="16.259" usertimems="58.680" systemtimems="14.551" timestamp="2019-08-04T20:36:00.856" activeThreads="16">
  <mem-info id="7524" free="70030336" total="114425856" percent="61">
    <mem type="tenure" free="70030336" total="114425856" percent="61" micro-fragmented="0">
      <mem type="soa" free="68887792" total="113282048" percent="60" />
      <mem type="loa" free="1142544" total="1143808" percent="99" />
    </mem>
  </mem-info>
</gc-end>
<cycle-end id="7525" type="global" contextid="7518" timestamp="2019-08-04T20:36:00.856">
  <attribute name="GC Util" value="414" />
  <attribute name="CPU Util" value="1295718395740" />
  <attribute name="Time Running"value="101100"/>
  <attribute name="Number of cores"value="16"/>
</cycle-end>
<allocation-satisfied id="7526" threadId="0000000000C75700" bytesRequested="40" />
<af-end id="7527" timestamp="2019-08-04T20:36:00.856" threadId="0000000000C76088" success="true" />
<exclusive-end id="7528" timestamp="2019-08-04T20:36:00.857" durationms="17.518" />

<exclusive-start id="7529" timestamp="2019-08-04T20:36:00.911" intervalms="71.958">
  <response-info timems="0.845" idlems="0.399" threads="2" lastid="0000000000C79200" lastname="Thread-35" />
</exclusive-start>
<af-start id="7530" threadId="0000000000C97B88" totalBytesRequested="40" timestamp="2019-08-04T20:36:00.911" intervalms="71.966" />
<cycle-start id="7531" type="global" contextid="0" timestamp="2019-08-04T20:36:00.912" intervalms="72.314" />
  <attribute name="GC Util" value="25" />
  <attribute name="CPU Util" value="323310953277" />
  <attribute name="Time Running"value="101157"/>
  <attribute name="Number of cores"value="16"/>
<gc-start id="7532" type="global" contextid="7531" timestamp="2019-08-04T20:36:00.912">
  <mem-info id="7533" free="1143808" total="114425856" percent="0">
    <mem type="tenure" free="1143808" total="114425856" percent="0">
      <mem type="soa" free="0" total="113282048" percent="0" />
      <mem type="loa" free="1143808" total="1143808" percent="100" />
    </mem>
  </mem-info>
</gc-start>
<allocation-stats totalBytes="84449336" >
  <allocated-bytes non-tlh="103488" tlh="84345848" />
  <largest-consumer threadName="Thread-36" threadId="0000000000C57700" bytes="8678984" />
</allocation-stats>
<gc-op id="7534" type="mark" timems="10.741" contextid="7531" timestamp="2019-08-04T20:36:00.923">
  <trace-info objectcount="719989" scancount="638537" scanbytes="18615472" />
  <finalization candidates="151" enqueued="0" />
  <ownableSynchronizers candidates="23" cleared="0" />
  <references type="soft" candidates="1855" cleared="0" enqueued="0" dynamicThreshold="19" maxThreshold="32" />
  <references type="weak" candidates="6269" cleared="0" enqueued="0" />
  <references type="phantom" candidates="222" cleared="0" enqueued="0" />
  <stringconstants candidates="14591" cleared="0"  />
</gc-op>
<gc-op id="7535" type="sweep" timems="1.345" contextid="7531" timestamp="2019-08-04T20:36:00.924" />
<gc-end id="7536" type="global" contextid="7531" durationms="12.275" usertimems="75.305" systemtimems="0.620" timestamp="2019-08-04T20:36:00.924" activeThreads="16">
  <mem-info id="7537" free="69993736" total="114425856" percent="61">
    <mem type="tenure" free="69993736" total="114425856" percent="61" micro-fragmented="23360">
      <mem type="soa" free="68850936" total="113282048" percent="60" />
      <mem type="loa" free="1142800" total="1143808" percent="99" />
    </mem>
  </mem-info>
</gc-end>
<cycle-end id="7538" type="global" contextid="7531" timestamp="2019-08-04T20:36:00.925">
  <attribute name="GC Util" value="583" />
  <attribute name="CPU Util" value="1709856064895" />
  <attribute name="Time Running"value="101169"/>
  <attribute name="Number of cores"value="16"/>
</cycle-end>
<allocation-satisfied id="7539" threadId="0000000000C97200" bytesRequested="40" />
<af-end id="7540" timestamp="2019-08-04T20:36:00.925" threadId="0000000000C97B88" success="true" />
<exclusive-end id="7541" timestamp="2019-08-04T20:36:00.925" durationms="13.781" />

<exclusive-start id="7542" timestamp="2019-08-04T20:36:00.962" intervalms="50.704">
  <response-info timems="1.591" idlems="1.588" threads="2" lastid="0000000000C97200" lastname="Thread-31" />
</exclusive-start>
<af-start id="7543" threadId="0000000000C84F88" totalBytesRequested="40" timestamp="2019-08-04T20:36:00.962" intervalms="50.690" />
<cycle-start id="7544" type="global" contextid="0" timestamp="2019-08-04T20:36:00.963" intervalms="51.354" />
  <attribute name="GC Util" value="34" />
  <attribute name="CPU Util" value="476481598600" />
  <attribute name="Time Running"value="101207"/>
  <attribute name="Number of cores"value="16"/>
<gc-start id="7545" type="global" contextid="7544" timestamp="2019-08-04T20:36:00.964">
  <mem-info id="7546" free="1143808" total="114425856" percent="0">
    <mem type="tenure" free="1143808" total="114425856" percent="0">
      <mem type="soa" free="0" total="113282048" percent="0" />
      <mem type="loa" free="1143808" total="1143808" percent="100" />
    </mem>
  </mem-info>
</gc-start>
<allocation-stats totalBytes="85318408" >
  <allocated-bytes non-tlh="19056" tlh="85299352" />
  <largest-consumer threadName="Thread-35" threadId="0000000000C79200" bytes="9749304" />
</allocation-stats>
<gc-op id="7547" type="mark" timems="11.772" contextid="7544" timestamp="2019-08-04T20:36:00.975">
  <trace-info objectcount="727342" scancount="645884" scanbytes="18792200" />
  <finalization candidates="151" enqueued="0" />
  <ownableSynchronizers candidates="23" cleared="0" />
  <references type="soft" candidates="1855" cleared="0" enqueued="0" dynamicThreshold="19" maxThreshold="32" />
  <references type="weak" candidates="6269" cleared="0" enqueued="0" />
  <references type="phantom" candidates="222" cleared="0" enqueued="0" />
  <stringconstants candidates="14591" cleared="0"  />
</gc-op>
<gc-op id="7548" type="sweep" timems="1.513" contextid="7544" timestamp="2019-08-04T20:36:00.977" />
<gc-end id="7549" type="global" contextid="7544" durationms="13.421" usertimems="78.053" systemtimems="8.016" timestamp="2019-08-04T20:36:00.977" activeThreads="16">
  <mem-info id="7550" free="70078584" total="114425856" percent="61">
    <mem type="tenure" free="70078584" total="114425856" percent="61" micro-fragmented="774">
      <mem type="soa" free="68935584" total="113282048" percent="60" />
      <mem type="loa" free="1143000" total="1143808" percent="99" />
    </mem>
  </mem-info>
</gc-end>
<cycle-end id="7551" type="global" contextid="7544" timestamp="2019-08-04T20:36:00.977">
  <attribute name="GC Util" value="615" />
  <attribute name="CPU Util" value="1560770436919" />
  <attribute name="Time Running"value="101221"/>
  <attribute name="Number of cores"value="16"/>
</cycle-end>
<allocation-satisfied id="7552" threadId="0000000000C84600" bytesRequested="40" />
<af-end id="7553" timestamp="2019-08-04T20:36:00.977" threadId="0000000000C84F88" success="true" />
<exclusive-end id="7554" timestamp="2019-08-04T20:36:00.977" durationms="15.612" />

<exclusive-start id="7555" timestamp="2019-08-04T20:36:01.072" intervalms="110.433">
  <response-info timems="6.996" idlems="5.329" threads="2" lastid="0000000000CA6100" lastname="Thread-34" />
</exclusive-start>
<af-start id="7556" threadId="0000000000C72488" totalBytesRequested="40" timestamp="2019-08-04T20:36:01.073" intervalms="110.857" />
<cycle-start id="7557" type="global" contextid="0" timestamp="2019-08-04T20:36:01.080" intervalms="117.011" />
  <attribute name="GC Util" value="14" />
  <attribute name="CPU Util" value="189593141768" />
  <attribute name="Time Running"value="101318"/>
  <attribute name="Number of cores"value="16"/>
<gc-start id="7558" type="global" contextid="7557" timestamp="2019-08-04T20:36:01.081">
  <mem-info id="7559" free="1143808" total="114425856" percent="0">
    <mem type="tenure" free="1143808" total="114425856" percent="0">
      <mem type="soa" free="0" total="113282048" percent="0" />
      <mem type="loa" free="1143808" total="1143808" percent="100" />
    </mem>
  </mem-info>
</gc-start>
<allocation-stats totalBytes="84899136" >
  <allocated-bytes non-tlh="61272" tlh="84837864" />
  <largest-consumer threadName="Thread-21" threadId="0000000000C7CE00" bytes="8681264" />
</allocation-stats>
<gc-op id="7560" type="mark" timems="20.324" contextid="7557" timestamp="2019-08-04T20:36:01.101">
  <trace-info objectcount="729891" scancount="648435" scanbytes="18854024" />
  <finalization candidates="151" enqueued="0" />
  <ownableSynchronizers candidates="23" cleared="0" />
  <references type="soft" candidates="1855" cleared="0" enqueued="0" dynamicThreshold="19" maxThreshold="32" />
  <references type="weak" candidates="6269" cleared="0" enqueued="0" />
  <references type="phantom" candidates="222" cleared="0" enqueued="0" />
  <stringconstants candidates="14591" cleared="0"  />
</gc-op>
<gc-op id="7561" type="sweep" timems="1.397" contextid="7557" timestamp="2019-08-04T20:36:01.102" />
<gc-end id="7562" type="global" contextid="7557" durationms="21.867" usertimems="75.031" systemtimems="14.543" timestamp="2019-08-04T20:36:01.102" activeThreads="16">
  <mem-info id="7563" free="70073712" total="114425856" percent="61">
    <mem type="tenure" free="70073712" total="114425856" percent="61" micro-fragmented="0">
      <mem type="soa" free="68930552" total="113282048" percent="60" />
      <mem type="loa" free="1143160" total="1143808" percent="99" />
    </mem>
  </mem-info>
</gc-end>
<cycle-end id="7564" type="global" contextid="7557" timestamp="2019-08-04T20:36:01.103">
  <attribute name="GC Util" value="341" />
  <attribute name="CPU Util" value="907761492023" />
  <attribute name="Time Running"value="101347"/>
  <attribute name="Number of cores"value="16"/>
</cycle-end>
<allocation-satisfied id="7565" threadId="0000000000C71B00" bytesRequested="40" />
<af-end id="7566" timestamp="2019-08-04T20:36:01.103" threadId="0000000000C72488" success="true" />
<exclusive-end id="7567" timestamp="2019-08-04T20:36:01.103" durationms="30.692" />

<exclusive-start id="7568" timestamp="2019-08-04T20:36:01.153" intervalms="80.804">
  <response-info timems="1.463" idlems="1.463" threads="0" lastid="0000000000C75700" lastname="Thread-29" />
</exclusive-start>
<af-start id="7569" threadId="0000000000C76088" totalBytesRequested="40" timestamp="2019-08-04T20:36:01.153" intervalms="80.386" />
<cycle-start id="7570" type="global" contextid="0" timestamp="2019-08-04T20:36:01.155" intervalms="74.130" />
  <attribute name="GC Util" value="51" />
  <attribute name="CPU Util" value="354318905458" />
  <attribute name="Time Running"value="101399"/>
  <attribute name="Number of cores"value="16"/>
<gc-start id="7571" type="global" contextid="7570" timestamp="2019-08-04T20:36:01.155">
  <mem-info id="7572" free="1143808" total="114425856" percent="0">
    <mem type="tenure" free="1143808" total="114425856" percent="0">
      <mem type="soa" free="0" total="113282048" percent="0" />
      <mem type="loa" free="1143808" total="1143808" percent="100" />
    </mem>
  </mem-info>
</gc-start>
<allocation-stats totalBytes="84750872" >
  <allocated-bytes non-tlh="0" tlh="84750872" />
  <largest-consumer threadName="Thread-24" threadId="0000000000C9E900" bytes="9141688" />
</allocation-stats>
<gc-op id="7573" type="mark" timems="13.292" contextid="7570" timestamp="2019-08-04T20:36:01.168">
  <trace-info objectcount="705912" scancount="624469" scanbytes="17725400" />
  <finalization candidates="151" enqueued="0" />
  <ownableSynchronizers candidates="23" cleared="0" />
  <references type="soft" candidates="1855" cleared="0" enqueued="0" dynamicThreshold="19" maxThreshold="32" />
  <references type="weak" candidates="6269" cleared="0" enqueued="0" />
  <references type="phantom" candidates="222" cleared="0" enqueued="0" />
  <stringconstants candidates="14591" cleared="0"  />
</gc-op>
<gc-op id="7574" type="sweep" timems="1.765" contextid="7570" timestamp="2019-08-04T20:36:01.170" />
<heap-resize id="7575" type="contract" space="tenure" amount="1114112" count="1" timems="1.273" reason="excess free space following gc" timestamp="2019-08-04T20:36:01.171" />
<gc-end id="7576" type="global" contextid="7570" durationms="16.492" usertimems="95.248" systemtimems="6.104" timestamp="2019-08-04T20:36:01.171" activeThreads="16">
  <mem-info id="7577" free="85103144" total="113311744" percent="75">
    <mem type="tenure" free="85103144" total="113311744" percent="75" micro-fragmented="396128">
      <mem type="soa" free="85103144" total="112179200" percent="75" />
      <mem type="loa" free="0" total="1132544" percent="0" />
    </mem>
  </mem-info>
</gc-end>
<cycle-end id="7578" type="global" contextid="7570" timestamp="2019-08-04T20:36:01.171">
  <attribute name="GC Util" value="290" />
  <attribute name="CPU Util" value="14236804189613" />
  <attribute name="Time Running"value="101415"/>
  <attribute name="Number of cores"value="16"/>
</cycle-end>
<allocation-satisfied id="7579" threadId="0000000000C75700" bytesRequested="40" />
<af-end id="7580" timestamp="2019-08-04T20:36:01.171" threadId="0000000000C76088" success="true" />
<exclusive-end id="7581" timestamp="2019-08-04T20:36:01.171" durationms="18.303" />

<concurrent-kickoff id="7582" timestamp="2019-08-04T20:36:01.213">
  <kickoff reason="threshold reached" targetBytes="2447346" thresholdFreeBytes="357887" remainingFree="355728" tenureFreeBytes="355728" />
</concurrent-kickoff>
<exclusive-start id="7583" timestamp="2019-08-04T20:36:01.214" intervalms="60.691">
  <response-info timems="0.029" idlems="0.029" threads="1" lastid="0000000000C5EF00" lastname="Thread-28" />
</exclusive-start>
<cycle-start id="7584" type="global" contextid="0" timestamp="2019-08-04T20:36:01.214" intervalms="59.045" />
  <attribute name="GC Util" value="290" />
  <attribute name="CPU Util" value="14236804189613" />
  <attribute name="Time Running"value="101415"/>
  <attribute name="Number of cores"value="16"/>
<exclusive-end id="7585" timestamp="2019-08-04T20:36:01.214" durationms="0.199" />

<exclusive-start id="7586" timestamp="2019-08-04T20:36:01.216" intervalms="2.300">
  <response-info timems="0.050" idlems="0.050" threads="0" lastid="0000000000C5EF00" lastname="Thread-28" />
</exclusive-start>
<af-start id="7587" threadId="0000000000C5F888" totalBytesRequested="40" timestamp="2019-08-04T20:36:01.216" intervalms="62.973" />
<gc-start id="7588" type="global" contextid="7584" timestamp="2019-08-04T20:36:01.216">
  <mem-info id="7589" free="0" total="113311744" percent="0">
    <mem type="tenure" free="0" total="113311744" percent="0">
      <mem type="soa" free="0" total="112179200" percent="0" />
      <mem type="loa" free="0" total="1132544" percent="0" />
    </mem>
  </mem-info>
</gc-start>
<allocation-stats totalBytes="85062816" >
  <allocated-bytes non-tlh="0" tlh="85062816" />
  <largest-consumer threadName="Thread-24" threadId="0000000000C9E900" bytes="16414984" />
</allocation-stats>
<concurrent-halted id="7590" timestamp="2019-08-04T20:36:01.216">
  <halted state="Class scanning incomplete" status="clean trace" />
  <traced bytesTarget="2447346" bytesTotal="3045948" bytesByMutator="2334028" bytesByHelper="711920" percent="124" />
  <cards cleaned="0" thresholdBytes="140985" />
</concurrent-halted>
<gc-op id="7591" type="tracing" timems="6.644" contextid="7584" timestamp="2019-08-04T20:36:01.223">
  <trace bytesTraced="11158828" workStackOverflowCount="0" />
</gc-op>
<gc-op id="7592" type="card-cleaning" timems="0.939" contextid="7584" timestamp="2019-08-04T20:36:01.224">
  <card-cleaning cardsCleaned="43" bytesTraced="27564" workStackOverflowCount="0" />
</gc-op>
<gc-op id="7593" type="mark" timems="4.525" contextid="7584" timestamp="2019-08-04T20:36:01.228">
  <trace-info objectcount="43346" scancount="38373" scanbytes="1260288" />
  <finalization candidates="151" enqueued="0" />
  <ownableSynchronizers candidates="23" cleared="0" />
  <references type="soft" candidates="1855" cleared="0" enqueued="0" dynamicThreshold="24" maxThreshold="32" />
  <references type="weak" candidates="6269" cleared="0" enqueued="0" />
  <references type="phantom" candidates="222" cleared="0" enqueued="0" />
  <stringconstants candidates="14591" cleared="0"  />
</gc-op>
<gc-op id="7594" type="sweep" timems="2.516" contextid="7584" timestamp="2019-08-04T20:36:01.231" />
<mem-info id="7595" free="88312576" total="113311744" percent="77">
  <mem type="tenure" free="88312576" total="113311744" percent="77" micro-fragmented="139755">
    <mem type="soa" free="88245224" total="112179200" percent="78" />
    <mem type="loa" free="67352" total="1132544" percent="5" />
  </mem>
</mem-info>
<gc-op id="7596" type="compact" timems="27.319" contextid="7584" timestamp="2019-08-04T20:36:01.258">
  <compact-info movecount="46332" movebytes="4373688" reason="compact to aid heap contraction" />
</gc-op>
<heap-resize id="7597" type="contract" space="tenure" amount="1114112" count="1" timems="0.079" reason="excess free space following gc" timestamp="2019-08-04T20:36:01.258" />
<gc-end id="7598" type="global" contextid="7584" durationms="42.396" usertimems="94.867" systemtimems="0.000" timestamp="2019-08-04T20:36:01.258" activeThreads="16">
  <mem-info id="7599" free="88865928" total="112197632" percent="79">
    <mem type="tenure" free="88865928" total="112197632" percent="79">
      <mem type="soa" free="87763080" total="111076352" percent="79" />
      <mem type="loa" free="1102848" total="1121280" percent="98" />
    </mem>
  </mem-info>
</gc-end>
<cycle-end id="7600" type="global" contextid="7584" timestamp="2019-08-04T20:36:01.259">
  <attribute name="GC Util" value="274" />
  <attribute name="CPU Util" value="17386757412749" />
  <attribute name="Time Running"value="101477"/>
  <attribute name="Number of cores"value="16"/>
</cycle-end>
<allocation-satisfied id="7601" threadId="0000000000C5EF00" bytesRequested="40" />
<af-end id="7602" timestamp="2019-08-04T20:36:01.259" threadId="0000000000C5F888" success="true" />
<exclusive-end id="7603" timestamp="2019-08-04T20:36:01.259" durationms="42.635" />

===== DaCapo 9.12-MR1 sunflow PASSED in 10910 msec =====
Using scaled threading model. 16 processors detected, 16 threads used to drive the workload, in a possible range of [1,1000]
<exclusive-start id="7604" timestamp="2019-08-04T20:36:01.580" intervalms="363.722">
  <response-info timems="0.160" idlems="0.094" threads="1" lastid="0000000000C80A00" lastname="Thread-41" />
</exclusive-start>
<sys-start reason="explicit" id="7605" timestamp="2019-08-04T20:36:01.580" intervalms="11374.005" />
<cycle-start id="7606" type="global" contextid="0" timestamp="2019-08-04T20:36:01.580" intervalms="366.090" />
  <attribute name="GC Util" value="274" />
  <attribute name="CPU Util" value="17386757412749" />
  <attribute name="Time Running"value="101477"/>
  <attribute name="Number of cores"value="16"/>
<gc-start id="7607" type="global" contextid="7606" timestamp="2019-08-04T20:36:01.580">
  <mem-info id="7608" free="17765024" total="112197632" percent="15">
    <mem type="tenure" free="17765024" total="112197632" percent="15">
      <mem type="soa" free="16662176" total="111076352" percent="15" />
      <mem type="loa" free="1102848" total="1121280" percent="98" />
    </mem>
  </mem-info>
</gc-start>
<allocation-stats totalBytes="71101560" >
  <allocated-bytes non-tlh="493432" tlh="70608128" />
  <largest-consumer threadName="main" threadId="0000000000968F00" bytes="11414960" />
</allocation-stats>
<gc-op id="7609" type="mark" timems="15.385" contextid="7606" timestamp="2019-08-04T20:36:01.595">
  <trace-info objectcount="618947" scancount="534852" scanbytes="13988352" />
  <finalization candidates="154" enqueued="1" />
  <ownableSynchronizers candidates="23" cleared="0" />
  <references type="soft" candidates="1945" cleared="7" enqueued="7" dynamicThreshold="25" maxThreshold="32" />
  <references type="weak" candidates="6376" cleared="96" enqueued="96" />
  <references type="phantom" candidates="267" cleared="10" enqueued="10" />
  <stringconstants candidates="15589" cleared="22"  />
</gc-op>
<gc-op id="7610" type="classunload" timems="0.006" contextid="7606" timestamp="2019-08-04T20:36:01.595">
  <classunload-info classloadercandidates="67" classloadersunloaded="0" classesunloaded="0" anonymousclassesunloaded="0" quiescems="0.000" setupms="0.005" scanms="0.000" postms="0.001" />
</gc-op>
<gc-op id="7611" type="sweep" timems="12.841" contextid="7606" timestamp="2019-08-04T20:36:01.608" />
<gc-end id="7612" type="global" contextid="7606" durationms="28.549" usertimems="76.591" systemtimems="0.000" timestamp="2019-08-04T20:36:01.608" activeThreads="16">
  <mem-info id="7613" free="89680288" total="112197632" percent="79">
    <mem type="tenure" free="89680288" total="112197632" percent="79" micro-fragmented="244760">
      <mem type="soa" free="88559008" total="111076352" percent="79" />
      <mem type="loa" free="1121280" total="1121280" percent="100" />
    </mem>
    <pending-finalizers system="1" default="0" reference="113" classloader="0" />
  </mem-info>
</gc-end>
<cycle-end id="7614" type="global" contextid="7606" timestamp="2019-08-04T20:36:01.608">
  <attribute name="GC Util" value="148" />
  <attribute name="CPU Util" value="20341130930947" />
  <attribute name="Time Running"value="101842"/>
  <attribute name="Number of cores"value="16"/>
</cycle-end>
<sys-end id="7615" timestamp="2019-08-04T20:36:01.608" />
<exclusive-end id="7616" timestamp="2019-08-04T20:36:01.608" durationms="28.767" />

===== DaCapo 9.12-MR1 xalan starting =====
<exclusive-start id="7617" timestamp="2019-08-04T20:36:02.057" intervalms="477.230">
  <response-info timems="0.105" idlems="0.055" threads="1" lastid="0000000000C93600" lastname="Thread-39" />
</exclusive-start>
<af-start id="7618" threadId="0000000000C54488" totalBytesRequested="16392" timestamp="2019-08-04T20:36:02.057" intervalms="840.965" />
<cycle-start id="7619" type="global" contextid="0" timestamp="2019-08-04T20:36:02.057" intervalms="477.228" />
  <attribute name="GC Util" value="148" />
  <attribute name="CPU Util" value="20341130930947" />
  <attribute name="Time Running"value="101842"/>
  <attribute name="Number of cores"value="16"/>
<gc-start id="7620" type="global" contextid="7619" timestamp="2019-08-04T20:36:02.057">
  <mem-info id="7621" free="1121280" total="112197632" percent="0">
    <mem type="tenure" free="1121280" total="112197632" percent="0">
      <mem type="soa" free="0" total="111076352" percent="0" />
      <mem type="loa" free="1121280" total="1121280" percent="100" />
    </mem>
  </mem-info>
</gc-start>
<allocation-stats totalBytes="88127304" >
  <allocated-bytes non-tlh="4943064" tlh="83184240" />
  <largest-consumer threadName="Thread-43" threadId="0000000000C4C400" bytes="9648856" />
</allocation-stats>
<gc-op id="7622" type="mark" timems="11.860" contextid="7619" timestamp="2019-08-04T20:36:02.069">
  <trace-info objectcount="656666" scancount="568575" scanbytes="16439452" />
  <finalization candidates="155" enqueued="1" />
  <ownableSynchronizers candidates="23" cleared="0" />
  <references type="soft" candidates="1964" cleared="0" enqueued="0" dynamicThreshold="25" maxThreshold="32" />
  <references type="weak" candidates="6367" cleared="20" enqueued="19" />
  <references type="phantom" candidates="285" cleared="0" enqueued="0" />
  <stringconstants candidates="15947" cleared="0"  />
</gc-op>
<gc-op id="7623" type="sweep" timems="1.978" contextid="7619" timestamp="2019-08-04T20:36:02.071" />
<heap-resize id="7624" type="contract" space="tenure" amount="1048576" count="1" timems="0.222" reason="excess free space following gc" timestamp="2019-08-04T20:36:02.071" />
<gc-end id="7625" type="global" contextid="7619" durationms="14.447" usertimems="84.188" systemtimems="0.000" timestamp="2019-08-04T20:36:02.071" activeThreads="16">
  <mem-info id="7626" free="83181584" total="111149056" percent="74">
    <mem type="tenure" free="83181584" total="111149056" percent="74" micro-fragmented="564137">
      <mem type="soa" free="82785128" total="110038016" percent="75" />
      <mem type="loa" free="396456" total="1111040" percent="35" />
    </mem>
    <pending-finalizers system="1" default="0" reference="19" classloader="0" />
  </mem-info>
</gc-end>
<cycle-end id="7627" type="global" contextid="7619" timestamp="2019-08-04T20:36:02.072">
  <attribute name="GC Util" value="251" />
  <attribute name="CPU Util" value="13192602440427" />
  <attribute name="Time Running"value="102316"/>
  <attribute name="Number of cores"value="16"/>
</cycle-end>
<allocation-satisfied id="7628" threadId="0000000000C53B00" bytesRequested="16392" />
<af-end id="7629" timestamp="2019-08-04T20:36:02.072" threadId="0000000000C54488" success="true" />
<exclusive-end id="7630" timestamp="2019-08-04T20:36:02.072" durationms="14.707" />

<exclusive-start id="7631" timestamp="2019-08-04T20:36:02.240" intervalms="183.505">
  <response-info timems="0.275" idlems="0.275" threads="0" lastid="0000000000C71B00" lastname="Thread-52" />
</exclusive-start>
<af-start id="7632" threadId="0000000000C72488" totalBytesRequested="16392" timestamp="2019-08-04T20:36:02.240" intervalms="183.506" />
<cycle-start id="7633" type="global" contextid="0" timestamp="2019-08-04T20:36:02.240" intervalms="183.512" />
  <attribute name="GC Util" value="251" />
  <attribute name="CPU Util" value="13192602440427" />
  <attribute name="Time Running"value="102316"/>
  <attribute name="Number of cores"value="16"/>
<gc-start id="7634" type="global" contextid="7633" timestamp="2019-08-04T20:36:02.241">
  <mem-info id="7635" free="416400" total="111149056" percent="0">
    <mem type="tenure" free="416400" total="111149056" percent="0">
      <mem type="soa" free="19944" total="110038016" percent="0" />
      <mem type="loa" free="396456" total="1111040" percent="35" />
    </mem>
  </mem-info>
</gc-start>
<allocation-stats totalBytes="82334552" >
  <allocated-bytes non-tlh="10146584" tlh="72187968" />
  <largest-consumer threadName="Thread-42" threadId="0000000000C5B300" bytes="8937928" />
</allocation-stats>
<gc-op id="7636" type="mark" timems="11.139" contextid="7633" timestamp="2019-08-04T20:36:02.252">
  <trace-info objectcount="656489" scancount="568320" scanbytes="16425252" />
  <finalization candidates="154" enqueued="0" />
  <ownableSynchronizers candidates="23" cleared="0" />
  <references type="soft" candidates="1964" cleared="0" enqueued="0" dynamicThreshold="23" maxThreshold="32" />
  <references type="weak" candidates="6347" cleared="0" enqueued="0" />
  <references type="phantom" candidates="288" cleared="0" enqueued="0" />
  <stringconstants candidates="15947" cleared="0"  />
</gc-op>
<gc-op id="7637" type="sweep" timems="2.205" contextid="7633" timestamp="2019-08-04T20:36:02.254" />
<heap-resize id="7638" type="contract" space="tenure" amount="1048576" count="1" timems="0.227" reason="excess free space following gc" timestamp="2019-08-04T20:36:02.254" />
<gc-end id="7639" type="global" contextid="7633" durationms="13.732" usertimems="75.069" systemtimems="0.000" timestamp="2019-08-04T20:36:02.254" activeThreads="16">
  <mem-info id="7640" free="81820992" total="110100480" percent="74">
    <mem type="tenure" free="81820992" total="110100480" percent="74" micro-fragmented="627281">
      <mem type="soa" free="81623944" total="108999680" percent="74" />
      <mem type="loa" free="197048" total="1100800" percent="17" />
    </mem>
  </mem-info>
</gc-end>
<cycle-end id="7641" type="global" contextid="7633" timestamp="2019-08-04T20:36:02.254">
  <attribute name="GC Util" value="185" />
  <attribute name="CPU Util" value="14136376180827" />
  <attribute name="Time Running"value="102499"/>
  <attribute name="Number of cores"value="16"/>
</cycle-end>
<allocation-satisfied id="7642" threadId="0000000000C71B00" bytesRequested="16392" />
<af-end id="7643" timestamp="2019-08-04T20:36:02.254" threadId="0000000000C72488" success="true" />
<exclusive-end id="7644" timestamp="2019-08-04T20:36:02.254" durationms="13.984" />

<concurrent-kickoff id="7645" timestamp="2019-08-04T20:36:02.367">
  <kickoff reason="threshold reached" targetBytes="2698773" thresholdFreeBytes="390168" remainingFree="381944" tenureFreeBytes="381944" />
</concurrent-kickoff>
<exclusive-start id="7646" timestamp="2019-08-04T20:36:02.368" intervalms="127.593">
  <response-info timems="0.461" idlems="0.461" threads="0" lastid="0000000000CA6100" lastname="Thread-44" />
</exclusive-start>
<cycle-start id="7647" type="global" contextid="0" timestamp="2019-08-04T20:36:02.368" intervalms="127.527" />
  <attribute name="GC Util" value="185" />
  <attribute name="CPU Util" value="14136376180827" />
  <attribute name="Time Running"value="102499"/>
  <attribute name="Number of cores"value="16"/>
<exclusive-end id="7648" timestamp="2019-08-04T20:36:02.368" durationms="0.051" />

<exclusive-start id="7649" timestamp="2019-08-04T20:36:02.369" intervalms="0.990">
  <response-info timems="0.200" idlems="0.113" threads="1" lastid="0000000000C53B00" lastname="Thread-37" />
</exclusive-start>
<af-start id="7650" threadId="0000000000C7D788" totalBytesRequested="2008" timestamp="2019-08-04T20:36:02.369" intervalms="128.572" />
<gc-start id="7651" type="global" contextid="7647" timestamp="2019-08-04T20:36:02.369">
  <mem-info id="7652" free="197048" total="110100480" percent="0">
    <mem type="tenure" free="197048" total="110100480" percent="0">
      <mem type="soa" free="0" total="108999680" percent="0" />
      <mem type="loa" free="197048" total="1100800" percent="17" />
    </mem>
  </mem-info>
</gc-start>
<allocation-stats totalBytes="81077976" >
  <allocated-bytes non-tlh="10203992" tlh="70873984" />
  <largest-consumer threadName="Thread-51" threadId="0000000000C84600" bytes="9333384" />
</allocation-stats>
<concurrent-halted id="7653" timestamp="2019-08-04T20:36:02.369">
  <halted state="Tracing incomplete" status="trace only" />
  <traced bytesTarget="2698773" bytesTotal="28240" bytesByMutator="21832" bytesByHelper="6408" percent="1" />
  <cards cleaned="0" thresholdBytes="153702" />
</concurrent-halted>
<gc-op id="7654" type="tracing" timems="7.952" contextid="7647" timestamp="2019-08-04T20:36:02.377">
  <trace bytesTraced="13075084" workStackOverflowCount="0" />
</gc-op>
<gc-op id="7655" type="card-cleaning" timems="0.915" contextid="7647" timestamp="2019-08-04T20:36:02.378">
  <card-cleaning cardsCleaned="188" bytesTraced="32524" workStackOverflowCount="0" />
</gc-op>
<gc-op id="7656" type="mark" timems="5.948" contextid="7647" timestamp="2019-08-04T20:36:02.384">
  <trace-info objectcount="82501" scancount="64830" scanbytes="3319720" />
  <finalization candidates="154" enqueued="0" />
  <ownableSynchronizers candidates="23" cleared="0" />
  <references type="soft" candidates="1964" cleared="0" enqueued="0" dynamicThreshold="23" maxThreshold="32" />
  <references type="weak" candidates="6347" cleared="0" enqueued="0" />
  <references type="phantom" candidates="288" cleared="0" enqueued="0" />
  <stringconstants candidates="15947" cleared="0"  />
</gc-op>
<gc-op id="7657" type="sweep" timems="1.792" contextid="7647" timestamp="2019-08-04T20:36:02.386" />
<heap-resize id="7658" type="contract" space="tenure" amount="917504" count="1" timems="0.163" reason="excess free space following gc" timestamp="2019-08-04T20:36:02.386" />
<gc-end id="7659" type="global" contextid="7647" durationms="16.965" usertimems="58.576" systemtimems="9.503" timestamp="2019-08-04T20:36:02.386" activeThreads="16">
  <mem-info id="7660" free="80973496" total="109182976" percent="74">
    <mem type="tenure" free="80973496" total="109182976" percent="74" micro-fragmented="733211">
      <mem type="soa" free="80685008" total="108091392" percent="74" />
      <mem type="loa" free="288488" total="1091584" percent="26" />
    </mem>
  </mem-info>
</gc-end>
<cycle-end id="7661" type="global" contextid="7647" timestamp="2019-08-04T20:36:02.386">
  <attribute name="GC Util" value="178" />
  <attribute name="CPU Util" value="13485544191530" />
  <attribute name="Time Running"value="102631"/>
  <attribute name="Number of cores"value="16"/>
</cycle-end>
<allocation-satisfied id="7662" threadId="0000000000C7CE00" bytesRequested="2008" />
<af-end id="7663" timestamp="2019-08-04T20:36:02.386" threadId="0000000000C7D788" success="true" />
<exclusive-end id="7664" timestamp="2019-08-04T20:36:02.386" durationms="17.147" />

<concurrent-kickoff id="7665" timestamp="2019-08-04T20:36:02.542">
  <kickoff reason="threshold reached" targetBytes="2216741" thresholdFreeBytes="326119" remainingFree="307104" tenureFreeBytes="307104" />
</concurrent-kickoff>
<exclusive-start id="7666" timestamp="2019-08-04T20:36:02.542" intervalms="172.939">
  <response-info timems="0.305" idlems="0.305" threads="0" lastid="0000000000C71B00" lastname="Thread-52" />
</exclusive-start>
<af-start id="7667" threadId="0000000000C72488" totalBytesRequested="48" timestamp="2019-08-04T20:36:02.542" intervalms="172.937" />
<concurrent-aborted id="7668" timestamp="2019-08-04T20:36:02.542">
  <reason value="insufficient progress made" />
</concurrent-aborted>
<cycle-end id="7669" type="global" contextid="7647" timestamp="2019-08-04T20:36:02.542">
  <attribute name="GC Util" value="178" />
  <attribute name="CPU Util" value="13485544191530" />
  <attribute name="Time Running"value="102631"/>
  <attribute name="Number of cores"value="16"/>
</cycle-end>
<cycle-start id="7670" type="global" contextid="0" timestamp="2019-08-04T20:36:02.542" intervalms="173.988" />
  <attribute name="GC Util" value="178" />
  <attribute name="CPU Util" value="13485544191530" />
  <attribute name="Time Running"value="102631"/>
  <attribute name="Number of cores"value="16"/>
<gc-start id="7671" type="global" contextid="7670" timestamp="2019-08-04T20:36:02.542">
  <mem-info id="7672" free="288488" total="109182976" percent="0">
    <mem type="tenure" free="288488" total="109182976" percent="0">
      <mem type="soa" free="0" total="108091392" percent="0" />
      <mem type="loa" free="288488" total="1091584" percent="26" />
    </mem>
  </mem-info>
</gc-start>
<allocation-stats totalBytes="80273584" >
  <allocated-bytes non-tlh="9987872" tlh="70285712" />
  <largest-consumer threadName="Thread-44" threadId="0000000000CA6100" bytes="8362136" />
</allocation-stats>
<gc-op id="7673" type="mark" timems="13.117" contextid="7670" timestamp="2019-08-04T20:36:02.556">
  <trace-info objectcount="654985" scancount="566880" scanbytes="16378020" />
  <finalization candidates="154" enqueued="0" />
  <ownableSynchronizers candidates="23" cleared="0" />
  <references type="soft" candidates="1964" cleared="0" enqueued="0" dynamicThreshold="23" maxThreshold="32" />
  <references type="weak" candidates="6347" cleared="0" enqueued="0" />
  <references type="phantom" candidates="293" cleared="0" enqueued="0" />
  <stringconstants candidates="15947" cleared="0"  />
</gc-op>
<gc-op id="7674" type="sweep" timems="6.042" contextid="7670" timestamp="2019-08-04T20:36:02.562" />
<mem-info id="7675" free="81700736" total="109182976" percent="74">
  <mem type="tenure" free="81700736" total="109182976" percent="74" micro-fragmented="713543">
    <mem type="soa" free="80688744" total="108091392" percent="74" />
    <mem type="loa" free="1011992" total="1091584" percent="92" />
  </mem>
</mem-info>
<gc-op id="7676" type="compact" timems="180.802" contextid="7670" timestamp="2019-08-04T20:36:02.742">
  <compact-info movecount="651256" movebytes="26225992" reason="compact to aid heap contraction" />
</gc-op>
<heap-resize id="7677" type="contract" space="tenure" amount="1048576" count="1" timems="0.052" reason="excess free space following gc" timestamp="2019-08-04T20:36:02.743" />
<gc-end id="7678" type="global" contextid="7670" durationms="200.491" usertimems="288.034" systemtimems="0.000" timestamp="2019-08-04T20:36:02.743" activeThreads="16">
  <mem-info id="7679" free="81594832" total="108134400" percent="75">
    <mem type="tenure" free="81594832" total="108134400" percent="75">
      <mem type="soa" free="80556496" total="107053056" percent="75" />
      <mem type="loa" free="1038336" total="1081344" percent="96" />
    </mem>
  </mem-info>
</gc-end>
<cycle-end id="7680" type="global" contextid="7670" timestamp="2019-08-04T20:36:02.743">
  <attribute name="GC Util" value="184" />
  <attribute name="CPU Util" value="9162103531268" />
  <attribute name="Time Running"value="102807"/>
  <attribute name="Number of cores"value="16"/>
</cycle-end>
<allocation-satisfied id="7681" threadId="0000000000C71B00" bytesRequested="48" />
<af-end id="7682" timestamp="2019-08-04T20:36:02.743" threadId="0000000000C72488" success="true" />
<exclusive-end id="7683" timestamp="2019-08-04T20:36:02.743" durationms="201.078" />

<exclusive-start id="7684" timestamp="2019-08-04T20:36:02.849" intervalms="306.640">
  <response-info timems="4.577" idlems="4.577" threads="0" lastid="0000000000C8BE00" lastname="Thread-49" />
</exclusive-start>
<af-start id="7685" threadId="0000000000C8C788" totalBytesRequested="48" timestamp="2019-08-04T20:36:02.849" intervalms="306.799" />
<cycle-start id="7686" type="global" contextid="0" timestamp="2019-08-04T20:36:02.849" intervalms="306.793" />
  <attribute name="GC Util" value="184" />
  <attribute name="CPU Util" value="9162103531268" />
  <attribute name="Time Running"value="102807"/>
  <attribute name="Number of cores"value="16"/>
<gc-start id="7687" type="global" contextid="7686" timestamp="2019-08-04T20:36:02.849">
  <mem-info id="7688" free="1038336" total="108134400" percent="0">
    <mem type="tenure" free="1038336" total="108134400" percent="0">
      <mem type="soa" free="0" total="107053056" percent="0" />
      <mem type="loa" free="1038336" total="1081344" percent="96" />
    </mem>
  </mem-info>
</gc-start>
<allocation-stats totalBytes="80421320" >
  <allocated-bytes non-tlh="0" tlh="80421320" />
  <largest-consumer threadName="Thread-48" threadId="0000000000C7CE00" bytes="8221504" />
</allocation-stats>
<gc-op id="7689" type="mark" timems="22.184" contextid="7686" timestamp="2019-08-04T20:36:02.871">
  <trace-info objectcount="656892" scancount="568495" scanbytes="16421976" />
  <finalization candidates="154" enqueued="0" />
  <ownableSynchronizers candidates="23" cleared="0" />
  <references type="soft" candidates="1964" cleared="0" enqueued="0" dynamicThreshold="24" maxThreshold="32" />
  <references type="weak" candidates="6348" cleared="0" enqueued="0" />
  <references type="phantom" candidates="288" cleared="0" enqueued="0" />
  <stringconstants candidates="15947" cleared="0"  />
</gc-op>
<gc-op id="7690" type="sweep" timems="1.531" contextid="7686" timestamp="2019-08-04T20:36:02.873" />
<gc-end id="7691" type="global" contextid="7686" durationms="23.878" usertimems="64.356" systemtimems="13.488" timestamp="2019-08-04T20:36:02.873" activeThreads="16">
  <mem-info id="7692" free="62825416" total="108134400" percent="58">
    <mem type="tenure" free="62825416" total="108134400" percent="58" micro-fragmented="0">
      <mem type="soa" free="61827088" total="107053056" percent="57" />
      <mem type="loa" free="998328" total="1081344" percent="92" />
    </mem>
  </mem-info>
</gc-end>
<cycle-end id="7693" type="global" contextid="7686" timestamp="2019-08-04T20:36:02.873">
  <attribute name="GC Util" value="295" />
  <attribute name="CPU Util" value="824593048289" />
  <attribute name="Time Running"value="103117"/>
  <attribute name="Number of cores"value="16"/>
</cycle-end>
<allocation-satisfied id="7694" threadId="0000000000C8BE00" bytesRequested="48" />
<af-end id="7695" timestamp="2019-08-04T20:36:02.873" threadId="0000000000C8C788" success="true" />
<exclusive-end id="7696" timestamp="2019-08-04T20:36:02.873" durationms="24.268" />

<exclusive-start id="7697" timestamp="2019-08-04T20:36:03.077" intervalms="228.761">
  <response-info timems="0.329" idlems="0.126" threads="2" lastid="0000000000C93600" lastname="Thread-39" />
</exclusive-start>
<af-start id="7698" threadId="0000000000C79B88" totalBytesRequested="48" timestamp="2019-08-04T20:36:03.077" intervalms="228.613" />
<cycle-start id="7699" type="global" contextid="0" timestamp="2019-08-04T20:36:03.078" intervalms="228.998" />
  <attribute name="GC Util" value="1" />
  <attribute name="CPU Util" value="89494092838" />
  <attribute name="Time Running"value="103323"/>
  <attribute name="Number of cores"value="16"/>
<gc-start id="7700" type="global" contextid="7699" timestamp="2019-08-04T20:36:03.078">
  <mem-info id="7701" free="1081344" total="108134400" percent="1">
    <mem type="tenure" free="1081344" total="108134400" percent="1">
      <mem type="soa" free="0" total="107053056" percent="0" />
      <mem type="loa" free="1081344" total="1081344" percent="100" />
    </mem>
  </mem-info>
</gc-start>
<allocation-stats totalBytes="79834736" >
  <allocated-bytes non-tlh="2220264" tlh="77614472" />
  <largest-consumer threadName="Thread-50" threadId="0000000000C66700" bytes="10314200" />
</allocation-stats>
<gc-op id="7702" type="mark" timems="12.576" contextid="7699" timestamp="2019-08-04T20:36:03.090">
  <trace-info objectcount="655302" scancount="567074" scanbytes="16240544" />
  <finalization candidates="154" enqueued="0" />
  <ownableSynchronizers candidates="23" cleared="0" />
  <references type="soft" candidates="1964" cleared="0" enqueued="0" dynamicThreshold="18" maxThreshold="32" />
  <references type="weak" candidates="6347" cleared="0" enqueued="0" />
  <references type="phantom" candidates="287" cleared="0" enqueued="0" />
  <stringconstants candidates="15947" cleared="0"  />
</gc-op>
<gc-op id="7703" type="sweep" timems="1.333" contextid="7699" timestamp="2019-08-04T20:36:03.092" />
<gc-end id="7704" type="global" contextid="7699" durationms="14.045" usertimems="56.519" systemtimems="2.302" timestamp="2019-08-04T20:36:03.092" activeThreads="16">
  <mem-info id="7705" free="62727136" total="108134400" percent="58">
    <mem type="tenure" free="62727136" total="108134400" percent="58" micro-fragmented="0">
      <mem type="soa" free="61712208" total="107053056" percent="57" />
      <mem type="loa" free="1014928" total="1081344" percent="93" />
    </mem>
  </mem-info>
</gc-end>
<cycle-end id="7706" type="global" contextid="7699" timestamp="2019-08-04T20:36:03.092">
  <attribute name="GC Util" value="373" />
  <attribute name="CPU Util" value="1460321093839" />
  <attribute name="Time Running"value="103336"/>
  <attribute name="Number of cores"value="16"/>
</cycle-end>
<allocation-satisfied id="7707" threadId="0000000000C79200" bytesRequested="48" />
<af-end id="7708" timestamp="2019-08-04T20:36:03.092" threadId="0000000000C79B88" success="true" />
<exclusive-end id="7709" timestamp="2019-08-04T20:36:03.092" durationms="14.680" />

<exclusive-start id="7710" timestamp="2019-08-04T20:36:03.235" intervalms="157.711">
  <response-info timems="0.351" idlems="0.342" threads="1" lastid="0000000000C80A00" lastname="Thread-41" />
</exclusive-start>
<af-start id="7711" threadId="0000000000C67088" totalBytesRequested="16392" timestamp="2019-08-04T20:36:03.235" intervalms="157.734" />
<cycle-start id="7712" type="global" contextid="0" timestamp="2019-08-04T20:36:03.236" intervalms="158.242" />
  <attribute name="GC Util" value="7" />
  <attribute name="CPU Util" value="127501208497" />
  <attribute name="Time Running"value="103481"/>
  <attribute name="Number of cores"value="16"/>
<gc-start id="7713" type="global" contextid="7712" timestamp="2019-08-04T20:36:03.236">
  <mem-info id="7714" free="1081344" total="108134400" percent="1">
    <mem type="tenure" free="1081344" total="108134400" percent="1">
      <mem type="soa" free="0" total="107053056" percent="0" />
      <mem type="loa" free="1081344" total="1081344" percent="100" />
    </mem>
  </mem-info>
</gc-start>
<allocation-stats totalBytes="80263224" >
  <allocated-bytes non-tlh="1960992" tlh="78302232" />
  <largest-consumer threadName="Thread-47" threadId="0000000000C79200" bytes="8975624" />
</allocation-stats>
<gc-op id="7715" type="mark" timems="11.590" contextid="7712" timestamp="2019-08-04T20:36:03.248">
  <trace-info objectcount="653333" scancount="565268" scanbytes="15967088" />
  <finalization candidates="154" enqueued="0" />
  <ownableSynchronizers candidates="23" cleared="0" />
  <references type="soft" candidates="1964" cleared="0" enqueued="0" dynamicThreshold="18" maxThreshold="32" />
  <references type="weak" candidates="6348" cleared="0" enqueued="0" />
  <references type="phantom" candidates="290" cleared="0" enqueued="0" />
  <stringconstants candidates="15947" cleared="0"  />
</gc-op>
<gc-op id="7716" type="sweep" timems="1.670" contextid="7712" timestamp="2019-08-04T20:36:03.250" />
<heap-resize id="7717" type="contract" space="tenure" amount="1048576" count="1" timems="0.092" reason="excess free space following gc" timestamp="2019-08-04T20:36:03.250" />
<gc-end id="7718" type="global" contextid="7712" durationms="13.524" usertimems="57.029" systemtimems="0.000" timestamp="2019-08-04T20:36:03.250" activeThreads="16">
  <mem-info id="7719" free="80883816" total="107085824" percent="75">
    <mem type="tenure" free="80883816" total="107085824" percent="75" micro-fragmented="37312">
      <mem type="soa" free="80592288" total="106015744" percent="76" />
      <mem type="loa" free="291528" total="1070080" percent="27" />
    </mem>
  </mem-info>
</gc-end>
<cycle-end id="7720" type="global" contextid="7712" timestamp="2019-08-04T20:36:03.250">
  <attribute name="GC Util" value="125" />
  <attribute name="CPU Util" value="14353184166004" />
  <attribute name="Time Running"value="103495"/>
  <attribute name="Number of cores"value="16"/>
</cycle-end>
<allocation-satisfied id="7721" threadId="0000000000C66700" bytesRequested="16392" />
<af-end id="7722" timestamp="2019-08-04T20:36:03.250" threadId="0000000000C67088" success="true" />
<exclusive-end id="7723" timestamp="2019-08-04T20:36:03.250" durationms="14.887" />

<concurrent-kickoff id="7724" timestamp="2019-08-04T20:36:03.441">
  <kickoff reason="threshold reached" targetBytes="2174163" thresholdFreeBytes="319854" remainingFree="291528" tenureFreeBytes="291528" />
</concurrent-kickoff>
<exclusive-start id="7725" timestamp="2019-08-04T20:36:03.442" intervalms="207.368">
  <response-info timems="1.720" idlems="1.720" threads="0" lastid="0000000000C53B00" lastname="Thread-37" />
</exclusive-start>
<af-start id="7726" threadId="0000000000C54488" totalBytesRequested="8200" timestamp="2019-08-04T20:36:03.442" intervalms="207.358" />
<concurrent-aborted id="7727" timestamp="2019-08-04T20:36:03.442">
  <reason value="insufficient progress made" />
</concurrent-aborted>
<cycle-end id="7728" type="global" contextid="0" timestamp="2019-08-04T20:36:03.442">
  <attribute name="GC Util" value="125" />
  <attribute name="CPU Util" value="14353184166004" />
  <attribute name="Time Running"value="103495"/>
  <attribute name="Number of cores"value="16"/>
</cycle-end>
<cycle-start id="7729" type="global" contextid="0" timestamp="2019-08-04T20:36:03.442" intervalms="206.496" />
  <attribute name="GC Util" value="125" />
  <attribute name="CPU Util" value="14353184166004" />
  <attribute name="Time Running"value="103495"/>
  <attribute name="Number of cores"value="16"/>
<gc-start id="7730" type="global" contextid="7729" timestamp="2019-08-04T20:36:03.443">
  <mem-info id="7731" free="291528" total="107085824" percent="0">
    <mem type="tenure" free="291528" total="107085824" percent="0">
      <mem type="soa" free="0" total="106015744" percent="0" />
      <mem type="loa" free="291528" total="1070080" percent="27" />
    </mem>
  </mem-info>
</gc-start>
<allocation-stats totalBytes="80374192" >
  <allocated-bytes non-tlh="956872" tlh="79417320" />
  <largest-consumer threadName="Thread-37" threadId="0000000000C53B00" bytes="10966384" />
</allocation-stats>
<gc-op id="7732" type="mark" timems="12.794" contextid="7729" timestamp="2019-08-04T20:36:03.455">
  <trace-info objectcount="655504" scancount="567276" scanbytes="16451948" />
  <finalization candidates="154" enqueued="0" />
  <ownableSynchronizers candidates="23" cleared="0" />
  <references type="soft" candidates="1964" cleared="0" enqueued="0" dynamicThreshold="24" maxThreshold="32" />
  <references type="weak" candidates="6347" cleared="0" enqueued="0" />
  <references type="phantom" candidates="292" cleared="0" enqueued="0" />
  <stringconstants candidates="15947" cleared="0"  />
</gc-op>
<gc-op id="7733" type="sweep" timems="1.352" contextid="7729" timestamp="2019-08-04T20:36:03.457" />
<gc-end id="7734" type="global" contextid="7729" durationms="14.317" usertimems="61.486" systemtimems="8.096" timestamp="2019-08-04T20:36:03.457" activeThreads="16">
  <mem-info id="7735" free="62037768" total="107085824" percent="57">
    <mem type="tenure" free="62037768" total="107085824" percent="57" micro-fragmented="0">
      <mem type="soa" free="61009752" total="106015744" percent="57" />
      <mem type="loa" free="1028016" total="1070080" percent="96" />
    </mem>
  </mem-info>
</gc-end>
<cycle-end id="7736" type="global" contextid="7729" timestamp="2019-08-04T20:36:03.457">
  <attribute name="GC Util" value="446" />
  <attribute name="CPU Util" value="1439849251772" />
  <attribute name="Time Running"value="103701"/>
  <attribute name="Number of cores"value="16"/>
</cycle-end>
<allocation-satisfied id="7737" threadId="0000000000C53B00" bytesRequested="8200" />
<af-end id="7738" timestamp="2019-08-04T20:36:03.457" threadId="0000000000C54488" success="true" />
<exclusive-end id="7739" timestamp="2019-08-04T20:36:03.457" durationms="14.647" />

<exclusive-start id="7740" timestamp="2019-08-04T20:36:03.767" intervalms="324.437">
  <response-info timems="5.954" idlems="5.954" threads="0" lastid="0000000000C80A00" lastname="Thread-41" />
</exclusive-start>
<af-start id="7741" threadId="0000000000C81388" totalBytesRequested="48" timestamp="2019-08-04T20:36:03.767" intervalms="324.681" />
<cycle-start id="7742" type="global" contextid="0" timestamp="2019-08-04T20:36:03.768" intervalms="325.864" />
  <attribute name="GC Util" value="3" />
  <attribute name="CPU Util" value="59057253855" />
  <attribute name="Time Running"value="104013"/>
  <attribute name="Number of cores"value="16"/>
<gc-start id="7743" type="global" contextid="7742" timestamp="2019-08-04T20:36:03.768">
  <mem-info id="7744" free="1070080" total="107085824" percent="0">
    <mem type="tenure" free="1070080" total="107085824" percent="0">
      <mem type="soa" free="0" total="106015744" percent="0" />
      <mem type="loa" free="1070080" total="1070080" percent="100" />
    </mem>
  </mem-info>
</gc-start>
<allocation-stats totalBytes="79033312" >
  <allocated-bytes non-tlh="2348120" tlh="76685192" />
  <largest-consumer threadName="Thread-44" threadId="0000000000CA6100" bytes="8844880" />
</allocation-stats>
<gc-op id="7745" type="mark" timems="12.116" contextid="7742" timestamp="2019-08-04T20:36:03.781">
  <trace-info objectcount="655407" scancount="567156" scanbytes="16371952" />
  <finalization candidates="154" enqueued="0" />
  <ownableSynchronizers candidates="23" cleared="0" />
  <references type="soft" candidates="1964" cleared="0" enqueued="0" dynamicThreshold="18" maxThreshold="32" />
  <references type="weak" candidates="6347" cleared="0" enqueued="0" />
  <references type="phantom" candidates="289" cleared="0" enqueued="0" />
  <stringconstants candidates="15947" cleared="0"  />
</gc-op>
<gc-op id="7746" type="sweep" timems="1.101" contextid="7742" timestamp="2019-08-04T20:36:03.782" />
<gc-end id="7747" type="global" contextid="7742" durationms="13.389" usertimems="74.384" systemtimems="6.673" timestamp="2019-08-04T20:36:03.782" activeThreads="16">
  <mem-info id="7748" free="61935440" total="107085824" percent="57">
    <mem type="tenure" free="61935440" total="107085824" percent="57" micro-fragmented="0">
      <mem type="soa" free="60899008" total="106015744" percent="57" />
      <mem type="loa" free="1036432" total="1070080" percent="96" />
    </mem>
  </mem-info>
</gc-end>
<cycle-end id="7749" type="global" contextid="7742" timestamp="2019-08-04T20:36:03.782">
  <attribute name="GC Util" value="478" />
  <attribute name="CPU Util" value="1519919696931" />
  <attribute name="Time Running"value="104026"/>
  <attribute name="Number of cores"value="16"/>
</cycle-end>
<allocation-satisfied id="7750" threadId="0000000000C80A00" bytesRequested="48" />
<af-end id="7751" timestamp="2019-08-04T20:36:03.782" threadId="0000000000C81388" success="true" />
<exclusive-end id="7752" timestamp="2019-08-04T20:36:03.782" durationms="15.190" />

<exclusive-start id="7753" timestamp="2019-08-04T20:36:03.920" intervalms="152.776">
  <response-info timems="3.054" idlems="3.054" threads="0" lastid="0000000000CA2500" lastname="Thread-38" />
</exclusive-start>
<af-start id="7754" threadId="0000000000CA2E88" totalBytesRequested="2056" timestamp="2019-08-04T20:36:03.920" intervalms="152.522" />
<cycle-start id="7755" type="global" contextid="0" timestamp="2019-08-04T20:36:03.921" intervalms="152.726" />
  <attribute name="GC Util" value="7" />
  <attribute name="CPU Util" value="132739512047" />
  <attribute name="Time Running"value="104165"/>
  <attribute name="Number of cores"value="16"/>
<gc-start id="7756" type="global" contextid="7755" timestamp="2019-08-04T20:36:03.921">
  <mem-info id="7757" free="1070080" total="107085824" percent="0">
    <mem type="tenure" free="1070080" total="107085824" percent="0">
      <mem type="soa" free="0" total="106015744" percent="0" />
      <mem type="loa" free="1070080" total="1070080" percent="100" />
    </mem>
  </mem-info>
</gc-start>
<allocation-stats totalBytes="79122832" >
  <allocated-bytes non-tlh="2441304" tlh="76681528" />
  <largest-consumer threadName="Thread-41" threadId="0000000000C80A00" bytes="9124184" />
</allocation-stats>
<gc-op id="7758" type="mark" timems="12.348" contextid="7755" timestamp="2019-08-04T20:36:03.934">
  <trace-info objectcount="653578" scancount="565576" scanbytes="16157444" />
  <finalization candidates="154" enqueued="0" />
  <ownableSynchronizers candidates="23" cleared="0" />
  <references type="soft" candidates="1964" cleared="0" enqueued="0" dynamicThreshold="18" maxThreshold="32" />
  <references type="weak" candidates="6347" cleared="0" enqueued="0" />
  <references type="phantom" candidates="293" cleared="0" enqueued="0" />
  <stringconstants candidates="15947" cleared="0"  />
</gc-op>
<gc-op id="7759" type="sweep" timems="1.935" contextid="7755" timestamp="2019-08-04T20:36:03.936" />
<gc-end id="7760" type="global" contextid="7755" durationms="14.414" usertimems="88.681" systemtimems="2.495" timestamp="2019-08-04T20:36:03.936" activeThreads="16">
  <mem-info id="7761" free="61865824" total="107085824" percent="57">
    <mem type="tenure" free="61865824" total="107085824" percent="57" micro-fragmented="0">
      <mem type="soa" free="60822664" total="106015744" percent="57" />
      <mem type="loa" free="1043160" total="1070080" percent="97" />
    </mem>
  </mem-info>
</gc-end>
<cycle-end id="7762" type="global" contextid="7755" timestamp="2019-08-04T20:36:03.936">
  <attribute name="GC Util" value="495" />
  <attribute name="CPU Util" value="1489886525942" />
  <attribute name="Time Running"value="104179"/>
  <attribute name="Number of cores"value="16"/>
</cycle-end>
<allocation-satisfied id="7763" threadId="0000000000CA2500" bytesRequested="2056" />
<af-end id="7764" timestamp="2019-08-04T20:36:03.936" threadId="0000000000CA2E88" success="true" />
<exclusive-end id="7765" timestamp="2019-08-04T20:36:03.936" durationms="16.080" />

<exclusive-start id="7766" timestamp="2019-08-04T20:36:04.076" intervalms="156.894">
  <response-info timems="0.589" idlems="0.589" threads="0" lastid="0000000000C66700" lastname="Thread-50" />
</exclusive-start>
<af-start id="7767" threadId="0000000000C67088" totalBytesRequested="48" timestamp="2019-08-04T20:36:04.077" intervalms="156.924" />
<cycle-start id="7768" type="global" contextid="0" timestamp="2019-08-04T20:36:04.079" intervalms="157.881" />
  <attribute name="GC Util" value="4" />
  <attribute name="CPU Util" value="128944345591" />
  <attribute name="Time Running"value="104322"/>
  <attribute name="Number of cores"value="16"/>
<gc-start id="7769" type="global" contextid="7768" timestamp="2019-08-04T20:36:04.079">
  <mem-info id="7770" free="1070080" total="107085824" percent="0">
    <mem type="tenure" free="1070080" total="107085824" percent="0">
      <mem type="soa" free="0" total="106015744" percent="0" />
      <mem type="loa" free="1070080" total="1070080" percent="100" />
    </mem>
  </mem-info>
</gc-start>
<allocation-stats totalBytes="79660560" >
  <allocated-bytes non-tlh="2437264" tlh="77223296" />
  <largest-consumer threadName="Thread-50" threadId="0000000000C66700" bytes="9444120" />
</allocation-stats>
<gc-op id="7771" type="mark" timems="17.877" contextid="7768" timestamp="2019-08-04T20:36:04.098">
  <trace-info objectcount="655677" scancount="567337" scanbytes="16392084" />
  <finalization candidates="154" enqueued="0" />
  <ownableSynchronizers candidates="23" cleared="0" />
  <references type="soft" candidates="1964" cleared="0" enqueued="0" dynamicThreshold="18" maxThreshold="32" />
  <references type="weak" candidates="6347" cleared="0" enqueued="0" />
  <references type="phantom" candidates="292" cleared="0" enqueued="0" />
  <stringconstants candidates="15947" cleared="0"  />
</gc-op>
<gc-op id="7772" type="sweep" timems="2.100" contextid="7768" timestamp="2019-08-04T20:36:04.100" />
<gc-end id="7773" type="global" contextid="7768" durationms="21.102" usertimems="125.181" systemtimems="21.395" timestamp="2019-08-04T20:36:04.100" activeThreads="16">
  <mem-info id="7774" free="61916376" total="107085824" percent="57">
    <mem type="tenure" free="61916376" total="107085824" percent="57" micro-fragmented="0">
      <mem type="soa" free="60867832" total="106015744" percent="57" />
      <mem type="loa" free="1048544" total="1070080" percent="97" />
    </mem>
  </mem-info>
</gc-end>
<cycle-end id="7775" type="global" contextid="7768" timestamp="2019-08-04T20:36:04.100">
  <attribute name="GC Util" value="663" />
  <attribute name="CPU Util" value="1029339114211" />
  <attribute name="Time Running"value="104344"/>
  <attribute name="Number of cores"value="16"/>
</cycle-end>
<allocation-satisfied id="7776" threadId="0000000000C66700" bytesRequested="48" />
<af-end id="7777" timestamp="2019-08-04T20:36:04.100" threadId="0000000000C67088" success="true" />
<exclusive-end id="7778" timestamp="2019-08-04T20:36:04.100" durationms="23.929" />

<exclusive-start id="7779" timestamp="2019-08-04T20:36:04.247" intervalms="170.285">
  <response-info timems="0.286" idlems="0.107" threads="3" lastid="0000000000C93600" lastname="Thread-39" />
</exclusive-start>
<af-start id="7780" threadId="0000000000C4CD88" totalBytesRequested="16" timestamp="2019-08-04T20:36:04.247" intervalms="170.252" />
<cycle-start id="7781" type="global" contextid="0" timestamp="2019-08-04T20:36:04.248" intervalms="168.788" />
  <attribute name="GC Util" value="6" />
  <attribute name="CPU Util" value="123981248128" />
  <attribute name="Time Running"value="104493"/>
  <attribute name="Number of cores"value="16"/>
<gc-start id="7782" type="global" contextid="7781" timestamp="2019-08-04T20:36:04.248">
  <mem-info id="7783" free="1070080" total="107085824" percent="0">
    <mem type="tenure" free="1070080" total="107085824" percent="0">
      <mem type="soa" free="0" total="106015744" percent="0" />
      <mem type="loa" free="1070080" total="1070080" percent="100" />
    </mem>
  </mem-info>
</gc-start>
<allocation-stats totalBytes="78983696" >
  <allocated-bytes non-tlh="2657728" tlh="76325968" />
  <largest-consumer threadName="Thread-38" threadId="0000000000CA2500" bytes="10031392" />
</allocation-stats>
<gc-op id="7784" type="mark" timems="11.692" contextid="7781" timestamp="2019-08-04T20:36:04.260">
  <trace-info objectcount="654577" scancount="566350" scanbytes="16205880" />
  <finalization candidates="154" enqueued="0" />
  <ownableSynchronizers candidates="23" cleared="0" />
  <references type="soft" candidates="1964" cleared="0" enqueued="0" dynamicThreshold="18" maxThreshold="32" />
  <references type="weak" candidates="6348" cleared="0" enqueued="0" />
  <references type="phantom" candidates="294" cleared="0" enqueued="0" />
  <stringconstants candidates="15947" cleared="0"  />
</gc-op>
<gc-op id="7785" type="sweep" timems="1.539" contextid="7781" timestamp="2019-08-04T20:36:04.261" />
<gc-end id="7786" type="global" contextid="7781" durationms="13.419" usertimems="75.990" systemtimems="0.000" timestamp="2019-08-04T20:36:04.261" activeThreads="16">
  <mem-info id="7787" free="62970536" total="107085824" percent="58">
    <mem type="tenure" free="62970536" total="107085824" percent="58" micro-fragmented="0">
      <mem type="soa" free="61917680" total="106015744" percent="58" />
      <mem type="loa" free="1052856" total="1070080" percent="98" />
    </mem>
  </mem-info>
</gc-end>
<cycle-end id="7788" type="global" contextid="7781" timestamp="2019-08-04T20:36:04.262">
  <attribute name="GC Util" value="553" />
  <attribute name="CPU Util" value="1568068798704" />
  <attribute name="Time Running"value="104505"/>
  <attribute name="Number of cores"value="16"/>
</cycle-end>
<allocation-satisfied id="7789" threadId="0000000000C4C400" bytesRequested="16" />
<af-end id="7790" timestamp="2019-08-04T20:36:04.262" threadId="0000000000C4CD88" success="true" />
<exclusive-end id="7791" timestamp="2019-08-04T20:36:04.262" durationms="15.352" />

<exclusive-start id="7792" timestamp="2019-08-04T20:36:04.338" intervalms="91.557">
  <response-info timems="1.766" idlems="1.766" threads="0" lastid="0000000000CA9D00" lastname="Thread-40" />
</exclusive-start>
<af-start id="7793" threadId="0000000000CAA688" totalBytesRequested="48" timestamp="2019-08-04T20:36:04.338" intervalms="91.574" />
<cycle-start id="7794" type="global" contextid="0" timestamp="2019-08-04T20:36:04.340" intervalms="92.331" />
  <attribute name="GC Util" value="7" />
  <attribute name="CPU Util" value="233999966149" />
  <attribute name="Time Running"value="104584"/>
  <attribute name="Number of cores"value="16"/>
<gc-start id="7795" type="global" contextid="7794" timestamp="2019-08-04T20:36:04.340">
  <mem-info id="7796" free="1070080" total="107085824" percent="0">
    <mem type="tenure" free="1070080" total="107085824" percent="0">
      <mem type="soa" free="0" total="106015744" percent="0" />
      <mem type="loa" free="1070080" total="1070080" percent="100" />
    </mem>
  </mem-info>
</gc-start>
<allocation-stats totalBytes="79276576" >
  <allocated-bytes non-tlh="2091952" tlh="77184624" />
  <largest-consumer threadName="Thread-43" threadId="0000000000C4C400" bytes="10310424" />
</allocation-stats>
<gc-op id="7797" type="mark" timems="15.229" contextid="7794" timestamp="2019-08-04T20:36:04.355">
  <trace-info objectcount="655196" scancount="566913" scanbytes="16445828" />
  <finalization candidates="154" enqueued="0" />
  <ownableSynchronizers candidates="23" cleared="0" />
  <references type="soft" candidates="1964" cleared="0" enqueued="0" dynamicThreshold="18" maxThreshold="32" />
  <references type="weak" candidates="6347" cleared="0" enqueued="0" />
  <references type="phantom" candidates="296" cleared="0" enqueued="0" />
  <stringconstants candidates="15947" cleared="0"  />
</gc-op>
<gc-op id="7798" type="sweep" timems="1.346" contextid="7794" timestamp="2019-08-04T20:36:04.357" />
<gc-end id="7799" type="global" contextid="7794" durationms="16.734" usertimems="99.823" systemtimems="10.671" timestamp="2019-08-04T20:36:04.357" activeThreads="16">
  <mem-info id="7800" free="64808136" total="107085824" percent="60">
    <mem type="tenure" free="64808136" total="107085824" percent="60" micro-fragmented="0">
      <mem type="soa" free="63751840" total="106015744" percent="60" />
      <mem type="loa" free="1056296" total="1070080" percent="98" />
    </mem>
  </mem-info>
</gc-end>
<cycle-end id="7801" type="global" contextid="7794" timestamp="2019-08-04T20:36:04.357">
  <attribute name="GC Util" value="684" />
  <attribute name="CPU Util" value="1197748934920" />
  <attribute name="Time Running"value="104601"/>
  <attribute name="Number of cores"value="16"/>
</cycle-end>
<allocation-satisfied id="7802" threadId="0000000000CA9D00" bytesRequested="48" />
<af-end id="7803" timestamp="2019-08-04T20:36:04.357" threadId="0000000000CAA688" success="true" />
<exclusive-end id="7804" timestamp="2019-08-04T20:36:04.357" durationms="19.111" />

<exclusive-start id="7805" timestamp="2019-08-04T20:36:04.428" intervalms="89.547">
  <response-info timems="0.347" idlems="0.126" threads="3" lastid="0000000000CA6100" lastname="Thread-44" />
</exclusive-start>
<af-start id="7806" threadId="0000000000C79B88" totalBytesRequested="40" timestamp="2019-08-04T20:36:04.428" intervalms="89.533" />
<cycle-start id="7807" type="global" contextid="0" timestamp="2019-08-04T20:36:04.429" intervalms="88.643" />
  <attribute name="GC Util" value="6" />
  <attribute name="CPU Util" value="254969448120" />
  <attribute name="Time Running"value="104674"/>
  <attribute name="Number of cores"value="16"/>
<gc-start id="7808" type="global" contextid="7807" timestamp="2019-08-04T20:36:04.429">
  <mem-info id="7809" free="1070080" total="107085824" percent="0">
    <mem type="tenure" free="1070080" total="107085824" percent="0">
      <mem type="soa" free="0" total="106015744" percent="0" />
      <mem type="loa" free="1070080" total="1070080" percent="100" />
    </mem>
  </mem-info>
</gc-start>
<allocation-stats totalBytes="78885856" >
  <allocated-bytes non-tlh="1778656" tlh="77107200" />
  <largest-consumer threadName="Thread-40" threadId="0000000000CA9D00" bytes="10107320" />
</allocation-stats>
<gc-op id="7810" type="mark" timems="12.426" contextid="7807" timestamp="2019-08-04T20:36:04.441">
  <trace-info objectcount="655581" scancount="567171" scanbytes="16467632" />
  <finalization candidates="154" enqueued="0" />
  <ownableSynchronizers candidates="23" cleared="0" />
  <references type="soft" candidates="1964" cleared="0" enqueued="0" dynamicThreshold="19" maxThreshold="32" />
  <references type="weak" candidates="6347" cleared="0" enqueued="0" />
  <references type="phantom" candidates="292" cleared="0" enqueued="0" />
  <stringconstants candidates="15947" cleared="0"  />
</gc-op>
<gc-op id="7811" type="sweep" timems="1.536" contextid="7807" timestamp="2019-08-04T20:36:04.443" />
<gc-end id="7812" type="global" contextid="7807" durationms="14.089" usertimems="67.063" systemtimems="10.806" timestamp="2019-08-04T20:36:04.443" activeThreads="16">
  <mem-info id="7813" free="64749248" total="107085824" percent="60">
    <mem type="tenure" free="64749248" total="107085824" percent="60" micro-fragmented="0">
      <mem type="soa" free="63690192" total="106015744" percent="60" />
      <mem type="loa" free="1059056" total="1070080" percent="98" />
    </mem>
  </mem-info>
</gc-end>
<cycle-end id="7814" type="global" contextid="7807" timestamp="2019-08-04T20:36:04.443">
  <attribute name="GC Util" value="523" />
  <attribute name="CPU Util" value="1480286122351" />
  <attribute name="Time Running"value="104687"/>
  <attribute name="Number of cores"value="16"/>
</cycle-end>
<allocation-satisfied id="7815" threadId="0000000000C79200" bytesRequested="40" />
<af-end id="7816" timestamp="2019-08-04T20:36:04.443" threadId="0000000000C79B88" success="true" />
<exclusive-end id="7817" timestamp="2019-08-04T20:36:04.443" durationms="15.444" />

<exclusive-start id="7818" timestamp="2019-08-04T20:36:04.515" intervalms="87.029">
  <response-info timems="1.201" idlems="1.201" threads="0" lastid="0000000000C7CE00" lastname="Thread-48" />
</exclusive-start>
<af-start id="7819" threadId="0000000000C7D788" totalBytesRequested="2056" timestamp="2019-08-04T20:36:04.515" intervalms="87.037" />
<cycle-start id="7820" type="global" contextid="0" timestamp="2019-08-04T20:36:04.516" intervalms="87.236" />
  <attribute name="GC Util" value="15" />
  <attribute name="CPU Util" value="248671388279" />
  <attribute name="Time Running"value="104761"/>
  <attribute name="Number of cores"value="16"/>
<gc-start id="7821" type="global" contextid="7820" timestamp="2019-08-04T20:36:04.516">
  <mem-info id="7822" free="1070080" total="107085824" percent="0">
    <mem type="tenure" free="1070080" total="107085824" percent="0">
      <mem type="soa" free="0" total="106015744" percent="0" />
      <mem type="loa" free="1070080" total="1070080" percent="100" />
    </mem>
  </mem-info>
</gc-start>
<allocation-stats totalBytes="78779416" >
  <allocated-bytes non-tlh="1990648" tlh="76788768" />
  <largest-consumer threadName="Thread-38" threadId="0000000000CA2500" bytes="10174672" />
</allocation-stats>
<gc-op id="7823" type="mark" timems="12.624" contextid="7820" timestamp="2019-08-04T20:36:04.530">
  <trace-info objectcount="655953" scancount="567445" scanbytes="16467420" />
  <finalization candidates="154" enqueued="0" />
  <ownableSynchronizers candidates="23" cleared="0" />
  <references type="soft" candidates="1964" cleared="0" enqueued="0" dynamicThreshold="19" maxThreshold="32" />
  <references type="weak" candidates="6347" cleared="0" enqueued="0" />
  <references type="phantom" candidates="293" cleared="0" enqueued="0" />
  <stringconstants candidates="15947" cleared="0"  />
</gc-op>
<gc-op id="7824" type="sweep" timems="2.426" contextid="7820" timestamp="2019-08-04T20:36:04.532" />
<gc-end id="7825" type="global" contextid="7820" durationms="15.951" usertimems="81.986" systemtimems="5.131" timestamp="2019-08-04T20:36:04.532" activeThreads="16">
  <mem-info id="7826" free="64833960" total="107085824" percent="60">
    <mem type="tenure" free="64833960" total="107085824" percent="60" micro-fragmented="0">
      <mem type="soa" free="63772696" total="106015744" percent="60" />
      <mem type="loa" free="1061264" total="1070080" percent="99" />
    </mem>
  </mem-info>
</gc-end>
<cycle-end id="7827" type="global" contextid="7820" timestamp="2019-08-04T20:36:04.532">
  <attribute name="GC Util" value="591" />
  <attribute name="CPU Util" value="1456077568263" />
  <attribute name="Time Running"value="104775"/>
  <attribute name="Number of cores"value="16"/>
</cycle-end>
<allocation-satisfied id="7828" threadId="0000000000C7CE00" bytesRequested="2056" />
<af-end id="7829" timestamp="2019-08-04T20:36:04.533" threadId="0000000000C7D788" success="true" />
<exclusive-end id="7830" timestamp="2019-08-04T20:36:04.533" durationms="17.647" />

<exclusive-start id="7831" timestamp="2019-08-04T20:36:04.623" intervalms="107.731">
  <response-info timems="1.892" idlems="1.892" threads="0" lastid="0000000000C71B00" lastname="Thread-52" />
</exclusive-start>
<af-start id="7832" threadId="0000000000C72488" totalBytesRequested="32776" timestamp="2019-08-04T20:36:04.623" intervalms="107.723" />
<cycle-start id="7833" type="global" contextid="0" timestamp="2019-08-04T20:36:04.624" intervalms="108.337" />
  <attribute name="GC Util" value="8" />
  <attribute name="CPU Util" value="198070025498" />
  <attribute name="Time Running"value="104868"/>
  <attribute name="Number of cores"value="16"/>
<gc-start id="7834" type="global" contextid="7833" timestamp="2019-08-04T20:36:04.624">
  <mem-info id="7835" free="1088800" total="107085824" percent="1">
    <mem type="tenure" free="1088800" total="107085824" percent="1">
      <mem type="soa" free="18720" total="106015744" percent="0" />
      <mem type="loa" free="1070080" total="1070080" percent="100" />
    </mem>
  </mem-info>
</gc-start>
<allocation-stats totalBytes="78622264" >
  <allocated-bytes non-tlh="2226272" tlh="76395992" />
  <largest-consumer threadName="Thread-38" threadId="0000000000CA2500" bytes="8822328" />
</allocation-stats>
<gc-op id="7836" type="mark" timems="23.359" contextid="7833" timestamp="2019-08-04T20:36:04.648">
  <trace-info objectcount="654732" scancount="566391" scanbytes="16403480" />
  <finalization candidates="154" enqueued="0" />
  <ownableSynchronizers candidates="23" cleared="0" />
  <references type="soft" candidates="1964" cleared="0" enqueued="0" dynamicThreshold="19" maxThreshold="32" />
  <references type="weak" candidates="6347" cleared="0" enqueued="0" />
  <references type="phantom" candidates="292" cleared="0" enqueued="0" />
  <stringconstants candidates="15947" cleared="0"  />
</gc-op>
<gc-op id="7837" type="sweep" timems="2.679" contextid="7833" timestamp="2019-08-04T20:36:04.651" />
<gc-end id="7838" type="global" contextid="7833" durationms="26.194" usertimems="155.431" systemtimems="28.357" timestamp="2019-08-04T20:36:04.651" activeThreads="16">
  <mem-info id="7839" free="64587048" total="107085824" percent="60">
    <mem type="tenure" free="64587048" total="107085824" percent="60" micro-fragmented="0">
      <mem type="soa" free="63524024" total="106015744" percent="59" />
      <mem type="loa" free="1063024" total="1070080" percent="99" />
    </mem>
  </mem-info>
</gc-end>
<cycle-end id="7840" type="global" contextid="7833" timestamp="2019-08-04T20:36:04.651">
  <attribute name="GC Util" value="589" />
  <attribute name="CPU Util" value="788748624217" />
  <attribute name="Time Running"value="104894"/>
  <attribute name="Number of cores"value="16"/>
</cycle-end>
<allocation-satisfied id="7841" threadId="0000000000C71B00" bytesRequested="32776" />
<af-end id="7842" timestamp="2019-08-04T20:36:04.651" threadId="0000000000C72488" success="true" />
<exclusive-end id="7843" timestamp="2019-08-04T20:36:04.651" durationms="28.491" />

<exclusive-start id="7844" timestamp="2019-08-04T20:36:04.715" intervalms="92.160">
  <response-info timems="0.114" idlems="0.100" threads="6" lastid="0000000000C71B00" lastname="Thread-52" />
</exclusive-start>
<af-start id="7845" threadId="0000000000CA2E88" totalBytesRequested="2056" timestamp="2019-08-04T20:36:04.715" intervalms="92.156" />
<cycle-start id="7846" type="global" contextid="0" timestamp="2019-08-04T20:36:04.716" intervalms="91.490" />
  <attribute name="GC Util" value="37" />
  <attribute name="CPU Util" value="274958731208" />
  <attribute name="Time Running"value="104961"/>
  <attribute name="Number of cores"value="16"/>
<gc-start id="7847" type="global" contextid="7846" timestamp="2019-08-04T20:36:04.716">
  <mem-info id="7848" free="1070080" total="107085824" percent="0">
    <mem type="tenure" free="1070080" total="107085824" percent="0">
      <mem type="soa" free="0" total="106015744" percent="0" />
      <mem type="loa" free="1070080" total="1070080" percent="100" />
    </mem>
  </mem-info>
</gc-start>
<allocation-stats totalBytes="78826744" >
  <allocated-bytes non-tlh="2712800" tlh="76113944" />
  <largest-consumer threadName="Thread-38" threadId="0000000000CA2500" bytes="12604336" />
</allocation-stats>
<gc-op id="7849" type="mark" timems="17.919" contextid="7846" timestamp="2019-08-04T20:36:04.734">
  <trace-info objectcount="654328" scancount="566046" scanbytes="16432296" />
  <finalization candidates="154" enqueued="0" />
  <ownableSynchronizers candidates="23" cleared="0" />
  <references type="soft" candidates="1964" cleared="0" enqueued="0" dynamicThreshold="19" maxThreshold="32" />
  <references type="weak" candidates="6348" cleared="0" enqueued="0" />
  <references type="phantom" candidates="297" cleared="0" enqueued="0" />
  <stringconstants candidates="15947" cleared="0"  />
</gc-op>
<gc-op id="7850" type="sweep" timems="1.147" contextid="7846" timestamp="2019-08-04T20:36:04.735" />
<gc-end id="7851" type="global" contextid="7846" durationms="19.199" usertimems="89.698" systemtimems="26.354" timestamp="2019-08-04T20:36:04.735" activeThreads="16">
  <mem-info id="7852" free="64550728" total="107085824" percent="60">
    <mem type="tenure" free="64550728" total="107085824" percent="60" micro-fragmented="4633">
      <mem type="soa" free="63486288" total="106015744" percent="59" />
      <mem type="loa" free="1064440" total="1070080" percent="99" />
    </mem>
  </mem-info>
</gc-end>
<cycle-end id="7853" type="global" contextid="7846" timestamp="2019-08-04T20:36:04.736">
  <attribute name="GC Util" value="507" />
  <attribute name="CPU Util" value="1026463219507" />
  <attribute name="Time Running"value="104980"/>
  <attribute name="Number of cores"value="16"/>
</cycle-end>
<allocation-satisfied id="7854" threadId="0000000000CA2500" bytesRequested="2056" />
<af-end id="7855" timestamp="2019-08-04T20:36:04.736" threadId="0000000000CA2E88" success="true" />
<exclusive-end id="7856" timestamp="2019-08-04T20:36:04.736" durationms="21.095" />

<exclusive-start id="7857" timestamp="2019-08-04T20:36:04.801" intervalms="86.152">
  <response-info timems="3.595" idlems="2.761" threads="6" lastid="0000000000C62B00" lastname="Thread-46" />
</exclusive-start>
<af-start id="7858" threadId="0000000000C84F88" totalBytesRequested="16392" timestamp="2019-08-04T20:36:04.801" intervalms="86.246" />
<cycle-start id="7859" type="global" contextid="0" timestamp="2019-08-04T20:36:04.802" intervalms="86.166" />
  <attribute name="GC Util" value="21" />
  <attribute name="CPU Util" value="272857025351" />
  <attribute name="Time Running"value="105047"/>
  <attribute name="Number of cores"value="16"/>
<gc-start id="7860" type="global" contextid="7859" timestamp="2019-08-04T20:36:04.802">
  <mem-info id="7861" free="1070080" total="107085824" percent="0">
    <mem type="tenure" free="1070080" total="107085824" percent="0">
      <mem type="soa" free="0" total="106015744" percent="0" />
      <mem type="loa" free="1070080" total="1070080" percent="100" />
    </mem>
  </mem-info>
</gc-start>
<allocation-stats totalBytes="79000560" >
  <allocated-bytes non-tlh="2075512" tlh="76925048" />
  <largest-consumer threadName="Thread-37" threadId="0000000000C53B00" bytes="8866752" />
</allocation-stats>
<gc-op id="7862" type="mark" timems="13.981" contextid="7859" timestamp="2019-08-04T20:36:04.816">
  <trace-info objectcount="652503" scancount="564413" scanbytes="16067680" />
  <finalization candidates="154" enqueued="0" />
  <ownableSynchronizers candidates="23" cleared="0" />
  <references type="soft" candidates="1964" cleared="0" enqueued="0" dynamicThreshold="19" maxThreshold="32" />
  <references type="weak" candidates="6348" cleared="0" enqueued="0" />
  <references type="phantom" candidates="293" cleared="0" enqueued="0" />
  <stringconstants candidates="15947" cleared="0"  />
</gc-op>
<gc-op id="7863" type="sweep" timems="1.567" contextid="7859" timestamp="2019-08-04T20:36:04.818" />
<gc-end id="7864" type="global" contextid="7859" durationms="15.690" usertimems="68.135" systemtimems="4.890" timestamp="2019-08-04T20:36:04.818" activeThreads="16">
  <mem-info id="7865" free="64581664" total="107085824" percent="60">
    <mem type="tenure" free="64581664" total="107085824" percent="60" micro-fragmented="0">
      <mem type="soa" free="63516096" total="106015744" percent="59" />
      <mem type="loa" free="1065568" total="1070080" percent="99" />
    </mem>
  </mem-info>
</gc-end>
<cycle-end id="7866" type="global" contextid="7859" timestamp="2019-08-04T20:36:04.818">
  <attribute name="GC Util" value="438" />
  <attribute name="CPU Util" value="1323356753499" />
  <attribute name="Time Running"value="105062"/>
  <attribute name="Number of cores"value="16"/>
</cycle-end>
<allocation-satisfied id="7867" threadId="0000000000C84600" bytesRequested="16392" />
<af-end id="7868" timestamp="2019-08-04T20:36:04.818" threadId="0000000000C84F88" success="true" />
<exclusive-end id="7869" timestamp="2019-08-04T20:36:04.819" durationms="17.940" />

<exclusive-start id="7870" timestamp="2019-08-04T20:36:04.895" intervalms="94.471">
  <response-info timems="1.296" idlems="0.910" threads="3" lastid="0000000000C62B00" lastname="Thread-46" />
</exclusive-start>
<af-start id="7871" threadId="0000000000C58088" totalBytesRequested="2056" timestamp="2019-08-04T20:36:04.896" intervalms="94.429" />
<cycle-start id="7872" type="global" contextid="0" timestamp="2019-08-04T20:36:04.896" intervalms="93.982" />
  <attribute name="GC Util" value="12" />
  <attribute name="CPU Util" value="232259585101" />
  <attribute name="Time Running"value="105141"/>
  <attribute name="Number of cores"value="16"/>
<gc-start id="7873" type="global" contextid="7872" timestamp="2019-08-04T20:36:04.896">
  <mem-info id="7874" free="1070080" total="107085824" percent="0">
    <mem type="tenure" free="1070080" total="107085824" percent="0">
      <mem type="soa" free="0" total="106015744" percent="0" />
      <mem type="loa" free="1070080" total="1070080" percent="100" />
    </mem>
  </mem-info>
</gc-start>
<allocation-stats totalBytes="79733696" >
  <allocated-bytes non-tlh="2468936" tlh="77264760" />
  <largest-consumer threadName="Thread-47" threadId="0000000000C79200" bytes="9181264" />
</allocation-stats>
<gc-op id="7875" type="mark" timems="12.548" contextid="7872" timestamp="2019-08-04T20:36:04.909">
  <trace-info objectcount="652976" scancount="564865" scanbytes="16322248" />
  <finalization candidates="154" enqueued="0" />
  <ownableSynchronizers candidates="23" cleared="0" />
  <references type="soft" candidates="1964" cleared="76" enqueued="73" dynamicThreshold="19" maxThreshold="32" />
  <references type="weak" candidates="6349" cleared="0" enqueued="0" />
  <references type="phantom" candidates="297" cleared="0" enqueued="0" />
  <stringconstants candidates="15947" cleared="0"  />
</gc-op>
<gc-op id="7876" type="sweep" timems="2.106" contextid="7872" timestamp="2019-08-04T20:36:04.911" />
<gc-end id="7877" type="global" contextid="7872" durationms="15.100" usertimems="75.507" systemtimems="5.269" timestamp="2019-08-04T20:36:04.911" activeThreads="16">
  <mem-info id="7878" free="64658504" total="107085824" percent="60">
    <mem type="tenure" free="64658504" total="107085824" percent="60" micro-fragmented="2309">
      <mem type="soa" free="63592032" total="106015744" percent="59" />
      <mem type="loa" free="1066472" total="1070080" percent="99" />
    </mem>
    <pending-finalizers system="0" default="0" reference="73" classloader="0" />
  </mem-info>
</gc-end>
<cycle-end id="7879" type="global" contextid="7872" timestamp="2019-08-04T20:36:04.911">
  <attribute name="GC Util" value="457" />
  <attribute name="CPU Util" value="1439074530637" />
  <attribute name="Time Running"value="105155"/>
  <attribute name="Number of cores"value="16"/>
</cycle-end>
<allocation-satisfied id="7880" threadId="0000000000C57700" bytesRequested="2056" />
<af-end id="7881" timestamp="2019-08-04T20:36:04.911" threadId="0000000000C58088" success="true" />
<exclusive-end id="7882" timestamp="2019-08-04T20:36:04.912" durationms="16.200" />

<exclusive-start id="7883" timestamp="2019-08-04T20:36:04.983" intervalms="87.887">
  <response-info timems="0.987" idlems="0.508" threads="1" lastid="0000000000CA2500" lastname="Thread-38" />
</exclusive-start>
<af-start id="7884" threadId="0000000000C5BC88" totalBytesRequested="48" timestamp="2019-08-04T20:36:04.983" intervalms="87.851" />
<cycle-start id="7885" type="global" contextid="0" timestamp="2019-08-04T20:36:04.984" intervalms="88.023" />
  <attribute name="GC Util" value="8" />
  <attribute name="CPU Util" value="247839781275" />
  <attribute name="Time Running"value="105229"/>
  <attribute name="Number of cores"value="16"/>
<gc-start id="7886" type="global" contextid="7885" timestamp="2019-08-04T20:36:04.984">
  <mem-info id="7887" free="1070080" total="107085824" percent="0">
    <mem type="tenure" free="1070080" total="107085824" percent="0">
      <mem type="soa" free="0" total="106015744" percent="0" />
      <mem type="loa" free="1070080" total="1070080" percent="100" />
    </mem>
  </mem-info>
</gc-start>
<allocation-stats totalBytes="79161536" >
  <allocated-bytes non-tlh="1991680" tlh="77169856" />
  <largest-consumer threadName="Thread-45" threadId="0000000000C57700" bytes="8066288" />
</allocation-stats>
<gc-op id="7888" type="mark" timems="13.109" contextid="7885" timestamp="2019-08-04T20:36:04.997">
  <trace-info objectcount="651713" scancount="563944" scanbytes="16303924" />
  <finalization candidates="154" enqueued="0" />
  <ownableSynchronizers candidates="23" cleared="0" />
  <references type="soft" candidates="1888" cleared="11" enqueued="7" dynamicThreshold="19" maxThreshold="32" />
  <references type="weak" candidates="6347" cleared="0" enqueued="0" />
  <references type="phantom" candidates="291" cleared="0" enqueued="0" />
  <stringconstants candidates="15947" cleared="18"  />
</gc-op>
<gc-op id="7889" type="sweep" timems="1.289" contextid="7885" timestamp="2019-08-04T20:36:04.999" />
<gc-end id="7890" type="global" contextid="7885" durationms="14.860" usertimems="67.130" systemtimems="18.853" timestamp="2019-08-04T20:36:04.999" activeThreads="16">
  <mem-info id="7891" free="64678648" total="107085824" percent="60">
    <mem type="tenure" free="64678648" total="107085824" percent="60" micro-fragmented="11264">
      <mem type="soa" free="63611456" total="106015744" percent="60" />
      <mem type="loa" free="1067192" total="1070080" percent="99" />
    </mem>
    <pending-finalizers system="0" default="0" reference="7" classloader="0" />
  </mem-info>
</gc-end>
<cycle-end id="7892" type="global" contextid="7885" timestamp="2019-08-04T20:36:04.999">
  <attribute name="GC Util" value="522" />
  <attribute name="CPU Util" value="1400735275429" />
  <attribute name="Time Running"value="105243"/>
  <attribute name="Number of cores"value="16"/>
</cycle-end>
<allocation-satisfied id="7893" threadId="0000000000C5B300" bytesRequested="48" />
<af-end id="7894" timestamp="2019-08-04T20:36:04.999" threadId="0000000000C5BC88" success="true" />
<exclusive-end id="7895" timestamp="2019-08-04T20:36:04.999" durationms="15.972" />

<exclusive-start id="7896" timestamp="2019-08-04T20:36:05.077" intervalms="93.594">
  <response-info timems="1.604" idlems="1.604" threads="0" lastid="0000000000CA6100" lastname="Thread-44" />
</exclusive-start>
<af-start id="7897" threadId="0000000000CA6A88" totalBytesRequested="16392" timestamp="2019-08-04T20:36:05.077" intervalms="93.596" />
<cycle-start id="7898" type="global" contextid="0" timestamp="2019-08-04T20:36:05.078" intervalms="93.669" />
  <attribute name="GC Util" value="5" />
  <attribute name="CPU Util" value="232185827145" />
  <attribute name="Time Running"value="105323"/>
  <attribute name="Number of cores"value="16"/>
<gc-start id="7899" type="global" contextid="7898" timestamp="2019-08-04T20:36:05.078">
  <mem-info id="7900" free="1075728" total="107085824" percent="1">
    <mem type="tenure" free="1075728" total="107085824" percent="1">
      <mem type="soa" free="5648" total="106015744" percent="0" />
      <mem type="loa" free="1070080" total="1070080" percent="100" />
    </mem>
  </mem-info>
</gc-start>
<allocation-stats totalBytes="79008896" >
  <allocated-bytes non-tlh="2642280" tlh="76366616" />
  <largest-consumer threadName="Thread-44" threadId="0000000000CA6100" bytes="9012232" />
</allocation-stats>
<gc-op id="7901" type="mark" timems="13.640" contextid="7898" timestamp="2019-08-04T20:36:05.091">
  <trace-info objectcount="651420" scancount="563570" scanbytes="16207256" />
  <finalization candidates="154" enqueued="0" />
  <ownableSynchronizers candidates="23" cleared="0" />
  <references type="soft" candidates="1877" cleared="0" enqueued="0" dynamicThreshold="19" maxThreshold="32" />
  <references type="weak" candidates="6347" cleared="0" enqueued="0" />
  <references type="phantom" candidates="291" cleared="0" enqueued="0" />
  <stringconstants candidates="15929" cleared="0"  />
</gc-op>
<gc-op id="7902" type="sweep" timems="1.215" contextid="7898" timestamp="2019-08-04T20:36:05.093" />
<gc-end id="7903" type="global" contextid="7898" durationms="15.032" usertimems="84.982" systemtimems="5.388" timestamp="2019-08-04T20:36:05.093" activeThreads="16">
  <mem-info id="7904" free="64691648" total="107085824" percent="60">
    <mem type="tenure" free="64691648" total="107085824" percent="60" micro-fragmented="0">
      <mem type="soa" free="63623880" total="106015744" percent="60" />
      <mem type="loa" free="1067768" total="1070080" percent="99" />
    </mem>
  </mem-info>
</gc-end>
<cycle-end id="7905" type="global" contextid="7898" timestamp="2019-08-04T20:36:05.093">
  <attribute name="GC Util" value="458" />
  <attribute name="CPU Util" value="1345943676554" />
  <attribute name="Time Running"value="105337"/>
  <attribute name="Number of cores"value="16"/>
</cycle-end>
<allocation-satisfied id="7906" threadId="0000000000CA6100" bytesRequested="16392" />
<af-end id="7907" timestamp="2019-08-04T20:36:05.093" threadId="0000000000CA6A88" success="true" />
<exclusive-end id="7908" timestamp="2019-08-04T20:36:05.093" durationms="16.175" />

<exclusive-start id="7909" timestamp="2019-08-04T20:36:05.179" intervalms="102.082">
  <response-info timems="3.058" idlems="2.859" threads="7" lastid="0000000000CA2500" lastname="Thread-38" />
</exclusive-start>
<af-start id="7910" threadId="0000000000C67088" totalBytesRequested="2056" timestamp="2019-08-04T20:36:05.179" intervalms="102.084" />
<cycle-start id="7911" type="global" contextid="0" timestamp="2019-08-04T20:36:05.182" intervalms="104.729" />
  <attribute name="GC Util" value="11" />
  <attribute name="CPU Util" value="209994725216" />
  <attribute name="Time Running"value="105425"/>
  <attribute name="Number of cores"value="16"/>
<gc-start id="7912" type="global" contextid="7911" timestamp="2019-08-04T20:36:05.182">
  <mem-info id="7913" free="1070080" total="107085824" percent="0">
    <mem type="tenure" free="1070080" total="107085824" percent="0">
      <mem type="soa" free="0" total="106015744" percent="0" />
      <mem type="loa" free="1070080" total="1070080" percent="100" />
    </mem>
  </mem-info>
</gc-start>
<allocation-stats totalBytes="79143912" >
  <allocated-bytes non-tlh="1686368" tlh="77457544" />
  <largest-consumer threadName="Thread-47" threadId="0000000000C79200" bytes="9787976" />
</allocation-stats>
<gc-op id="7914" type="mark" timems="12.064" contextid="7911" timestamp="2019-08-04T20:36:05.195">
  <trace-info objectcount="651411" scancount="563560" scanbytes="16261392" />
  <finalization candidates="154" enqueued="0" />
  <ownableSynchronizers candidates="23" cleared="0" />
  <references type="soft" candidates="1877" cleared="0" enqueued="0" dynamicThreshold="19" maxThreshold="32" />
  <references type="weak" candidates="6349" cleared="0" enqueued="0" />
  <references type="phantom" candidates="293" cleared="0" enqueued="0" />
  <stringconstants candidates="15929" cleared="0"  />
</gc-op>
<gc-op id="7915" type="sweep" timems="1.609" contextid="7911" timestamp="2019-08-04T20:36:05.196" />
<gc-end id="7916" type="global" contextid="7911" durationms="13.809" usertimems="59.730" systemtimems="1.417" timestamp="2019-08-04T20:36:05.196" activeThreads="16">
  <mem-info id="7917" free="64635448" total="107085824" percent="60">
    <mem type="tenure" free="64635448" total="107085824" percent="60" micro-fragmented="0">
      <mem type="soa" free="63567216" total="106015744" percent="59" />
      <mem type="loa" free="1068232" total="1070080" percent="99" />
    </mem>
  </mem-info>
</gc-end>
<cycle-end id="7918" type="global" contextid="7911" timestamp="2019-08-04T20:36:05.196">
  <attribute name="GC Util" value="452" />
  <attribute name="CPU Util" value="1514477297035" />
  <attribute name="Time Running"value="105440"/>
  <attribute name="Number of cores"value="16"/>
</cycle-end>
<allocation-satisfied id="7919" threadId="0000000000C66700" bytesRequested="2056" />
<af-end id="7920" timestamp="2019-08-04T20:36:05.196" threadId="0000000000C67088" success="true" />
<exclusive-end id="7921" timestamp="2019-08-04T20:36:05.197" durationms="17.536" />

<exclusive-start id="7922" timestamp="2019-08-04T20:36:05.275" intervalms="95.543">
  <response-info timems="2.892" idlems="2.892" threads="0" lastid="0000000000C5B300" lastname="Thread-42" />
</exclusive-start>
<af-start id="7923" threadId="0000000000C5BC88" totalBytesRequested="16" timestamp="2019-08-04T20:36:05.275" intervalms="95.580" />
<cycle-start id="7924" type="global" contextid="0" timestamp="2019-08-04T20:36:05.277" intervalms="95.093" />
  <attribute name="GC Util" value="7" />
  <attribute name="CPU Util" value="230533394390" />
  <attribute name="Time Running"value="105520"/>
  <attribute name="Number of cores"value="16"/>
<gc-start id="7925" type="global" contextid="7924" timestamp="2019-08-04T20:36:05.278">
  <mem-info id="7926" free="1070080" total="107085824" percent="0">
    <mem type="tenure" free="1070080" total="107085824" percent="0">
      <mem type="soa" free="0" total="106015744" percent="0" />
      <mem type="loa" free="1070080" total="1070080" percent="100" />
    </mem>
  </mem-info>
</gc-start>
<allocation-stats totalBytes="78986112" >
  <allocated-bytes non-tlh="2795360" tlh="76190752" />
  <largest-consumer threadName="Thread-47" threadId="0000000000C79200" bytes="8057616" />
</allocation-stats>
<gc-op id="7927" type="mark" timems="13.732" contextid="7924" timestamp="2019-08-04T20:36:05.291">
  <trace-info objectcount="650579" scancount="562894" scanbytes="16268644" />
  <finalization candidates="154" enqueued="0" />
  <ownableSynchronizers candidates="23" cleared="0" />
  <references type="soft" candidates="1877" cleared="0" enqueued="0" dynamicThreshold="19" maxThreshold="32" />
  <references type="weak" candidates="6347" cleared="0" enqueued="0" />
  <references type="phantom" candidates="292" cleared="0" enqueued="0" />
  <stringconstants candidates="15929" cleared="0"  />
</gc-op>
<gc-op id="7928" type="sweep" timems="1.479" contextid="7924" timestamp="2019-08-04T20:36:05.293" />
<gc-end id="7929" type="global" contextid="7924" durationms="15.364" usertimems="83.570" systemtimems="7.283" timestamp="2019-08-04T20:36:05.293" activeThreads="16">
  <mem-info id="7930" free="64603728" total="107085824" percent="60">
    <mem type="tenure" free="64603728" total="107085824" percent="60" micro-fragmented="0">
      <mem type="soa" free="63535128" total="106015744" percent="59" />
      <mem type="loa" free="1068600" total="1070080" percent="99" />
    </mem>
  </mem-info>
</gc-end>
<cycle-end id="7931" type="global" contextid="7924" timestamp="2019-08-04T20:36:05.293">
  <attribute name="GC Util" value="469" />
  <attribute name="CPU Util" value="1337298589030" />
  <attribute name="Time Running"value="105537"/>
  <attribute name="Number of cores"value="16"/>
</cycle-end>
<allocation-satisfied id="7932" threadId="0000000000C5B300" bytesRequested="16" />
<af-end id="7933" timestamp="2019-08-04T20:36:05.293" threadId="0000000000C5BC88" success="true" />
<exclusive-end id="7934" timestamp="2019-08-04T20:36:05.293" durationms="18.495" />

<exclusive-start id="7935" timestamp="2019-08-04T20:36:05.428" intervalms="153.391">
  <response-info timems="1.438" idlems="1.438" threads="0" lastid="0000000000C93600" lastname="Thread-39" />
</exclusive-start>
<af-start id="7936" threadId="0000000000C93F88" totalBytesRequested="16392" timestamp="2019-08-04T20:36:05.428" intervalms="153.346" />
<cycle-start id="7937" type="global" contextid="0" timestamp="2019-08-04T20:36:05.429" intervalms="151.833" />
  <attribute name="GC Util" value="5" />
  <attribute name="CPU Util" value="134983419345" />
  <attribute name="Time Running"value="105674"/>
  <attribute name="Number of cores"value="16"/>
<gc-start id="7938" type="global" contextid="7937" timestamp="2019-08-04T20:36:05.429">
  <mem-info id="7939" free="1113800" total="107085824" percent="1">
    <mem type="tenure" free="1113800" total="107085824" percent="1">
      <mem type="soa" free="43720" total="106015744" percent="0" />
      <mem type="loa" free="1070080" total="1070080" percent="100" />
    </mem>
  </mem-info>
</gc-start>
<allocation-stats totalBytes="79072728" >
  <allocated-bytes non-tlh="2366616" tlh="76706112" />
  <largest-consumer threadName="Thread-42" threadId="0000000000C5B300" bytes="9427936" />
</allocation-stats>
<gc-op id="7940" type="mark" timems="13.220" contextid="7937" timestamp="2019-08-04T20:36:05.443">
  <trace-info objectcount="650257" scancount="562623" scanbytes="16266656" />
  <finalization candidates="154" enqueued="0" />
  <ownableSynchronizers candidates="23" cleared="0" />
  <references type="soft" candidates="1877" cleared="0" enqueued="0" dynamicThreshold="19" maxThreshold="32" />
  <references type="weak" candidates="6347" cleared="0" enqueued="0" />
  <references type="phantom" candidates="295" cleared="0" enqueued="0" />
  <stringconstants candidates="15929" cleared="0"  />
</gc-op>
<gc-op id="7941" type="sweep" timems="1.320" contextid="7937" timestamp="2019-08-04T20:36:05.444" />
<gc-end id="7942" type="global" contextid="7937" durationms="14.684" usertimems="65.661" systemtimems="16.252" timestamp="2019-08-04T20:36:05.444" activeThreads="16">
  <mem-info id="7943" free="64655792" total="107085824" percent="60">
    <mem type="tenure" free="64655792" total="107085824" percent="60" micro-fragmented="3075">
      <mem type="soa" free="63586896" total="106015744" percent="59" />
      <mem type="loa" free="1068896" total="1070080" percent="99" />
    </mem>
  </mem-info>
</gc-end>
<cycle-end id="7944" type="global" contextid="7937" timestamp="2019-08-04T20:36:05.444">
  <attribute name="GC Util" value="529" />
  <attribute name="CPU Util" value="1390149016989" />
  <attribute name="Time Running"value="105688"/>
  <attribute name="Number of cores"value="16"/>
</cycle-end>
<allocation-satisfied id="7945" threadId="0000000000C93600" bytesRequested="16392" />
<af-end id="7946" timestamp="2019-08-04T20:36:05.444" threadId="0000000000C93F88" success="true" />
<exclusive-end id="7947" timestamp="2019-08-04T20:36:05.444" durationms="16.255" />

<exclusive-start id="7948" timestamp="2019-08-04T20:36:05.527" intervalms="98.785">
  <response-info timems="3.976" idlems="3.972" threads="1" lastid="0000000000C66700" lastname="Thread-50" />
</exclusive-start>
<af-start id="7949" threadId="0000000000C93F88" totalBytesRequested="48" timestamp="2019-08-04T20:36:05.527" intervalms="98.782" />
<cycle-start id="7950" type="global" contextid="0" timestamp="2019-08-04T20:36:05.528" intervalms="98.229" />
  <attribute name="GC Util" value="14" />
  <attribute name="CPU Util" value="219308521904" />
  <attribute name="Time Running"value="105772"/>
  <attribute name="Number of cores"value="16"/>
<gc-start id="7951" type="global" contextid="7950" timestamp="2019-08-04T20:36:05.528">
  <mem-info id="7952" free="1070080" total="107085824" percent="0">
    <mem type="tenure" free="1070080" total="107085824" percent="0">
      <mem type="soa" free="0" total="106015744" percent="0" />
      <mem type="loa" free="1070080" total="1070080" percent="100" />
    </mem>
  </mem-info>
</gc-start>
<allocation-stats totalBytes="79381976" >
  <allocated-bytes non-tlh="2765176" tlh="76616800" />
  <largest-consumer threadName="Thread-43" threadId="0000000000C4C400" bytes="9353848" />
</allocation-stats>
<gc-op id="7953" type="mark" timems="11.452" contextid="7950" timestamp="2019-08-04T20:36:05.539">
  <trace-info objectcount="652154" scancount="564228" scanbytes="16390692" />
  <finalization candidates="154" enqueued="0" />
  <ownableSynchronizers candidates="23" cleared="0" />
  <references type="soft" candidates="1877" cleared="0" enqueued="0" dynamicThreshold="19" maxThreshold="32" />
  <references type="weak" candidates="6347" cleared="0" enqueued="0" />
  <references type="phantom" candidates="290" cleared="0" enqueued="0" />
  <stringconstants candidates="15929" cleared="0"  />
</gc-op>
<gc-op id="7954" type="sweep" timems="1.391" contextid="7950" timestamp="2019-08-04T20:36:05.540" />
<gc-end id="7955" type="global" contextid="7950" durationms="12.965" usertimems="76.731" systemtimems="0.658" timestamp="2019-08-04T20:36:05.541" activeThreads="16">
  <mem-info id="7956" free="64672048" total="107085824" percent="60">
    <mem type="tenure" free="64672048" total="107085824" percent="60" micro-fragmented="0">
      <mem type="soa" free="63602912" total="106015744" percent="59" />
      <mem type="loa" free="1069136" total="1070080" percent="99" />
    </mem>
  </mem-info>
</gc-end>
<cycle-end id="7957" type="global" contextid="7950" timestamp="2019-08-04T20:36:05.541">
  <attribute name="GC Util" value="534" />
  <attribute name="CPU Util" value="1602496204975" />
  <attribute name="Time Running"value="105785"/>
  <attribute name="Number of cores"value="16"/>
</cycle-end>
<allocation-satisfied id="7958" threadId="0000000000C93600" bytesRequested="48" />
<af-end id="7959" timestamp="2019-08-04T20:36:05.541" threadId="0000000000C93F88" success="true" />
<exclusive-end id="7960" timestamp="2019-08-04T20:36:05.541" durationms="13.950" />

<exclusive-start id="7961" timestamp="2019-08-04T20:36:05.752" intervalms="224.987">
  <response-info timems="0.412" idlems="0.157" threads="2" lastid="0000000000C80A00" lastname="Thread-41" />
</exclusive-start>
<af-start id="7962" threadId="0000000000C79B88" totalBytesRequested="48" timestamp="2019-08-04T20:36:05.752" intervalms="224.979" />
<cycle-start id="7963" type="global" contextid="0" timestamp="2019-08-04T20:36:05.753" intervalms="225.034" />
  <attribute name="GC Util" value="4" />
  <attribute name="CPU Util" value="86755850584" />
  <attribute name="Time Running"value="105997"/>
  <attribute name="Number of cores"value="16"/>
<gc-start id="7964" type="global" contextid="7963" timestamp="2019-08-04T20:36:05.753">
  <mem-info id="7965" free="1070080" total="107085824" percent="0">
    <mem type="tenure" free="1070080" total="107085824" percent="0">
      <mem type="soa" free="0" total="106015744" percent="0" />
      <mem type="loa" free="1070080" total="1070080" percent="100" />
    </mem>
  </mem-info>
</gc-start>
<allocation-stats totalBytes="78538144" >
  <allocated-bytes non-tlh="3430200" tlh="75107944" />
  <largest-consumer threadName="Thread-42" threadId="0000000000C5B300" bytes="7334608" />
</allocation-stats>
<gc-op id="7966" type="mark" timems="10.955" contextid="7963" timestamp="2019-08-04T20:36:05.764">
  <trace-info objectcount="651521" scancount="563708" scanbytes="16378316" />
  <finalization candidates="154" enqueued="0" />
  <ownableSynchronizers candidates="23" cleared="0" />
  <references type="soft" candidates="1877" cleared="0" enqueued="0" dynamicThreshold="19" maxThreshold="32" />
  <references type="weak" candidates="6347" cleared="0" enqueued="0" />
  <references type="phantom" candidates="290" cleared="0" enqueued="0" />
  <stringconstants candidates="15929" cleared="0"  />
</gc-op>
<gc-op id="7967" type="sweep" timems="1.833" contextid="7963" timestamp="2019-08-04T20:36:05.765" />
<gc-end id="7968" type="global" contextid="7963" durationms="12.916" usertimems="61.330" systemtimems="2.110" timestamp="2019-08-04T20:36:05.766" activeThreads="16">
  <mem-info id="7969" free="64054360" total="107085824" percent="59">
    <mem type="tenure" free="64054360" total="107085824" percent="59" micro-fragmented="0">
      <mem type="soa" free="62985032" total="106015744" percent="59" />
      <mem type="loa" free="1069328" total="1070080" percent="99" />
    </mem>
  </mem-info>
</gc-end>
<cycle-end id="7970" type="global" contextid="7963" timestamp="2019-08-04T20:36:05.766">
  <attribute name="GC Util" value="522" />
  <attribute name="CPU Util" value="1677424159999" />
  <attribute name="Time Running"value="106009"/>
  <attribute name="Number of cores"value="16"/>
</cycle-end>
<allocation-satisfied id="7971" threadId="0000000000C79200" bytesRequested="48" />
<af-end id="7972" timestamp="2019-08-04T20:36:05.766" threadId="0000000000C79B88" success="true" />
<exclusive-end id="7973" timestamp="2019-08-04T20:36:05.766" durationms="13.972" />

<exclusive-start id="7974" timestamp="2019-08-04T20:36:05.863" intervalms="111.240">
  <response-info timems="0.671" idlems="0.671" threads="0" lastid="0000000000C93600" lastname="Thread-39" />
</exclusive-start>
<af-start id="7975" threadId="0000000000C93F88" totalBytesRequested="16" timestamp="2019-08-04T20:36:05.863" intervalms="111.254" />
<cycle-start id="7976" type="global" contextid="0" timestamp="2019-08-04T20:36:05.864" intervalms="111.065" />
  <attribute name="GC Util" value="6" />
  <attribute name="CPU Util" value="185465450529" />
  <attribute name="Time Running"value="106109"/>
  <attribute name="Number of cores"value="16"/>
<gc-start id="7977" type="global" contextid="7976" timestamp="2019-08-04T20:36:05.864">
  <mem-info id="7978" free="1070080" total="107085824" percent="0">
    <mem type="tenure" free="1070080" total="107085824" percent="0">
      <mem type="soa" free="0" total="106015744" percent="0" />
      <mem type="loa" free="1070080" total="1070080" percent="100" />
    </mem>
  </mem-info>
</gc-start>
<allocation-stats totalBytes="78878576" >
  <allocated-bytes non-tlh="3240512" tlh="75638064" />
  <largest-consumer threadName="Thread-39" threadId="0000000000C93600" bytes="8827768" />
</allocation-stats>
<gc-op id="7979" type="mark" timems="14.403" contextid="7976" timestamp="2019-08-04T20:36:05.878">
  <trace-info objectcount="651228" scancount="563355" scanbytes="16366180" />
  <finalization candidates="154" enqueued="0" />
  <ownableSynchronizers candidates="23" cleared="0" />
  <references type="soft" candidates="1877" cleared="0" enqueued="0" dynamicThreshold="19" maxThreshold="32" />
  <references type="weak" candidates="6347" cleared="0" enqueued="0" />
  <references type="phantom" candidates="292" cleared="0" enqueued="0" />
  <stringconstants candidates="15929" cleared="0"  />
</gc-op>
<gc-op id="7980" type="sweep" timems="1.160" contextid="7976" timestamp="2019-08-04T20:36:05.879" />
<gc-end id="7981" type="global" contextid="7976" durationms="15.694" usertimems="85.580" systemtimems="14.945" timestamp="2019-08-04T20:36:05.879" activeThreads="16">
  <mem-info id="7982" free="62136480" total="107085824" percent="58">
    <mem type="tenure" free="62136480" total="107085824" percent="58" micro-fragmented="0">
      <mem type="soa" free="61067000" total="106015744" percent="57" />
      <mem type="loa" free="1069480" total="1070080" percent="99" />
    </mem>
  </mem-info>
</gc-end>
<cycle-end id="7983" type="global" contextid="7976" timestamp="2019-08-04T20:36:05.880">
  <attribute name="GC Util" value="480" />
  <attribute name="CPU Util" value="1275092100174" />
  <attribute name="Time Running"value="106124"/>
  <attribute name="Number of cores"value="16"/>
</cycle-end>
<allocation-satisfied id="7984" threadId="0000000000C93600" bytesRequested="16" />
<af-end id="7985" timestamp="2019-08-04T20:36:05.880" threadId="0000000000C93F88" success="true" />
<exclusive-end id="7986" timestamp="2019-08-04T20:36:05.880" durationms="16.799" />

<exclusive-start id="7987" timestamp="2019-08-04T20:36:05.966" intervalms="102.603">
  <response-info timems="0.729" idlems="0.236" threads="3" lastid="0000000000CA9D00" lastname="Thread-40" />
</exclusive-start>
<af-start id="7988" threadId="0000000000C84F88" totalBytesRequested="16392" timestamp="2019-08-04T20:36:05.966" intervalms="102.596" />
<cycle-start id="7989" type="global" contextid="0" timestamp="2019-08-04T20:36:05.966" intervalms="102.392" />
  <attribute name="GC Util" value="14" />
  <attribute name="CPU Util" value="211087600705" />
  <attribute name="Time Running"value="106211"/>
  <attribute name="Number of cores"value="16"/>
<gc-start id="7990" type="global" contextid="7989" timestamp="2019-08-04T20:36:05.966">
  <mem-info id="7991" free="1070080" total="107085824" percent="0">
    <mem type="tenure" free="1070080" total="107085824" percent="0">
      <mem type="soa" free="0" total="106015744" percent="0" />
      <mem type="loa" free="1070080" total="1070080" percent="100" />
    </mem>
  </mem-info>
</gc-start>
<allocation-stats totalBytes="78658528" >
  <allocated-bytes non-tlh="2733368" tlh="75925160" />
  <largest-consumer threadName="Thread-44" threadId="0000000000CA6100" bytes="10021048" />
</allocation-stats>
<gc-op id="7992" type="mark" timems="11.942" contextid="7989" timestamp="2019-08-04T20:36:05.978">
  <trace-info objectcount="649254" scancount="561680" scanbytes="16122948" />
  <finalization candidates="154" enqueued="0" />
  <ownableSynchronizers candidates="23" cleared="0" />
  <references type="soft" candidates="1877" cleared="0" enqueued="0" dynamicThreshold="18" maxThreshold="32" />
  <references type="weak" candidates="6347" cleared="0" enqueued="0" />
  <references type="phantom" candidates="294" cleared="0" enqueued="0" />
  <stringconstants candidates="15929" cleared="0"  />
</gc-op>
<gc-op id="7993" type="sweep" timems="1.422" contextid="7989" timestamp="2019-08-04T20:36:05.980" />
<gc-end id="7994" type="global" contextid="7989" durationms="13.506" usertimems="66.856" systemtimems="15.696" timestamp="2019-08-04T20:36:05.980" activeThreads="16">
  <mem-info id="7995" free="63439848" total="107085824" percent="59">
    <mem type="tenure" free="63439848" total="107085824" percent="59" micro-fragmented="2309">
      <mem type="soa" free="62370248" total="106015744" percent="58" />
      <mem type="loa" free="1069600" total="1070080" percent="99" />
    </mem>
  </mem-info>
</gc-end>
<cycle-end id="7996" type="global" contextid="7989" timestamp="2019-08-04T20:36:05.980">
  <attribute name="GC Util" value="623" />
  <attribute name="CPU Util" value="1547023380561" />
  <attribute name="Time Running"value="106224"/>
  <attribute name="Number of cores"value="16"/>
</cycle-end>
<allocation-satisfied id="7997" threadId="0000000000C84600" bytesRequested="16392" />
<af-end id="7998" timestamp="2019-08-04T20:36:05.980" threadId="0000000000C84F88" success="true" />
<exclusive-end id="7999" timestamp="2019-08-04T20:36:05.980" durationms="14.210" />

<exclusive-start id="8000" timestamp="2019-08-04T20:36:06.060" intervalms="94.731">
  <response-info timems="0.444" idlems="0.444" threads="0" lastid="0000000000C8BE00" lastname="Thread-49" />
</exclusive-start>
<af-start id="8001" threadId="0000000000C8C788" totalBytesRequested="2056" timestamp="2019-08-04T20:36:06.060" intervalms="94.757" />
<cycle-start id="8002" type="global" contextid="0" timestamp="2019-08-04T20:36:06.061" intervalms="95.094" />
  <attribute name="GC Util" value="5" />
  <attribute name="CPU Util" value="224367443075" />
  <attribute name="Time Running"value="106306"/>
  <attribute name="Number of cores"value="16"/>
<gc-start id="8003" type="global" contextid="8002" timestamp="2019-08-04T20:36:06.061">
  <mem-info id="8004" free="1070080" total="107085824" percent="0">
    <mem type="tenure" free="1070080" total="107085824" percent="0">
      <mem type="soa" free="0" total="106015744" percent="0" />
      <mem type="loa" free="1070080" total="1070080" percent="100" />
    </mem>
  </mem-info>
</gc-start>
<allocation-stats totalBytes="79410880" >
  <allocated-bytes non-tlh="2689416" tlh="76721464" />
  <largest-consumer threadName="Thread-45" threadId="0000000000C57700" bytes="9070808" />
</allocation-stats>
<gc-op id="8005" type="mark" timems="12.778" contextid="8002" timestamp="2019-08-04T20:36:06.074">
  <trace-info objectcount="650744" scancount="562920" scanbytes="16349868" />
  <finalization candidates="154" enqueued="0" />
  <ownableSynchronizers candidates="23" cleared="0" />
  <references type="soft" candidates="1877" cleared="0" enqueued="0" dynamicThreshold="18" maxThreshold="32" />
  <references type="weak" candidates="6347" cleared="0" enqueued="0" />
  <references type="phantom" candidates="292" cleared="0" enqueued="0" />
  <stringconstants candidates="15929" cleared="0"  />
</gc-op>
<gc-op id="8006" type="sweep" timems="2.649" contextid="8002" timestamp="2019-08-04T20:36:06.077" />
<heap-resize id="8007" type="contract" space="tenure" amount="1048576" count="1" timems="0.104" reason="excess free space following gc" timestamp="2019-08-04T20:36:06.077" />
<gc-end id="8008" type="global" contextid="8002" durationms="15.679" usertimems="68.556" systemtimems="3.123" timestamp="2019-08-04T20:36:06.077" activeThreads="16">
  <mem-info id="8009" free="78489080" total="106037248" percent="74">
    <mem type="tenure" free="78489080" total="106037248" percent="74" micro-fragmented="117450">
      <mem type="soa" free="78396088" total="104977408" percent="74" />
      <mem type="loa" free="92992" total="1059840" percent="8" />
    </mem>
  </mem-info>
</gc-end>
<cycle-end id="8010" type="global" contextid="8002" timestamp="2019-08-04T20:36:06.077">
  <attribute name="GC Util" value="213" />
  <attribute name="CPU Util" value="11773040025609" />
  <attribute name="Time Running"value="106321"/>
  <attribute name="Number of cores"value="16"/>
</cycle-end>
<allocation-satisfied id="8011" threadId="0000000000C8BE00" bytesRequested="2056" />
<af-end id="8012" timestamp="2019-08-04T20:36:06.077" threadId="0000000000C8C788" success="true" />
<exclusive-end id="8013" timestamp="2019-08-04T20:36:06.078" durationms="17.263" />

<concurrent-kickoff id="8014" timestamp="2019-08-04T20:36:06.157">
  <kickoff reason="threshold reached" targetBytes="2152873" thresholdFreeBytes="316723" remainingFree="269560" tenureFreeBytes="269560" />
</concurrent-kickoff>
<exclusive-start id="8015" timestamp="2019-08-04T20:36:06.159" intervalms="99.119">
  <response-info timems="2.013" idlems="0.707" threads="3" lastid="0000000000C8BE00" lastname="Thread-49" />
</exclusive-start>
<cycle-start id="8016" type="global" contextid="0" timestamp="2019-08-04T20:36:06.159" intervalms="98.294" />
  <attribute name="GC Util" value="213" />
  <attribute name="CPU Util" value="11773040025609" />
  <attribute name="Time Running"value="106321"/>
  <attribute name="Number of cores"value="16"/>
<exclusive-end id="8017" timestamp="2019-08-04T20:36:06.159" durationms="0.034" />

<exclusive-start id="8018" timestamp="2019-08-04T20:36:06.160" intervalms="0.769">
  <response-info timems="0.290" idlems="0.147" threads="1" lastid="0000000000C66700" lastname="Thread-50" />
</exclusive-start>
<af-start id="8019" threadId="0000000000C72488" totalBytesRequested="48" timestamp="2019-08-04T20:36:06.160" intervalms="99.925" />
<concurrent-aborted id="8020" timestamp="2019-08-04T20:36:06.160">
  <reason value="insufficient progress made" />
</concurrent-aborted>
<cycle-end id="8021" type="global" contextid="8016" timestamp="2019-08-04T20:36:06.160">
  <attribute name="GC Util" value="213" />
  <attribute name="CPU Util" value="11773040025609" />
  <attribute name="Time Running"value="106321"/>
  <attribute name="Number of cores"value="16"/>
</cycle-end>
<cycle-start id="8022" type="global" contextid="0" timestamp="2019-08-04T20:36:06.160" intervalms="0.911" />
  <attribute name="GC Util" value="213" />
  <attribute name="CPU Util" value="11773040025609" />
  <attribute name="Time Running"value="106321"/>
  <attribute name="Number of cores"value="16"/>
<gc-start id="8023" type="global" contextid="8022" timestamp="2019-08-04T20:36:06.160">
  <mem-info id="8024" free="92992" total="106037248" percent="0">
    <mem type="tenure" free="92992" total="106037248" percent="0">
      <mem type="soa" free="0" total="104977408" percent="0" />
      <mem type="loa" free="92992" total="1059840" percent="8" />
    </mem>
  </mem-info>
</gc-start>
<allocation-stats totalBytes="78211008" >
  <allocated-bytes non-tlh="2442456" tlh="75768552" />
  <largest-consumer threadName="Thread-37" threadId="0000000000C53B00" bytes="7500048" />
</allocation-stats>
<gc-op id="8025" type="mark" timems="16.885" contextid="8022" timestamp="2019-08-04T20:36:06.177">
  <trace-info objectcount="650808" scancount="562991" scanbytes="16360288" />
  <finalization candidates="154" enqueued="0" />
  <ownableSynchronizers candidates="23" cleared="0" />
  <references type="soft" candidates="1877" cleared="0" enqueued="0" dynamicThreshold="23" maxThreshold="32" />
  <references type="weak" candidates="6348" cleared="0" enqueued="0" />
  <references type="phantom" candidates="294" cleared="0" enqueued="0" />
  <stringconstants candidates="15929" cleared="0"  />
</gc-op>
<gc-op id="8026" type="sweep" timems="2.695" contextid="8022" timestamp="2019-08-04T20:36:06.180" />
<heap-resize id="8027" type="contract" space="tenure" amount="1048576" count="1" timems="0.125" reason="excess free space following gc" timestamp="2019-08-04T20:36:06.180" />
<gc-end id="8028" type="global" contextid="8022" durationms="19.862" usertimems="52.522" systemtimems="14.258" timestamp="2019-08-04T20:36:06.180" activeThreads="16">
  <mem-info id="8029" free="77570552" total="104988672" percent="73">
    <mem type="tenure" free="77570552" total="104988672" percent="73" micro-fragmented="80417">
      <mem type="soa" free="77267608" total="103939072" percent="74" />
      <mem type="loa" free="302944" total="1049600" percent="28" />
    </mem>
  </mem-info>
</gc-end>
<cycle-end id="8030" type="global" contextid="8022" timestamp="2019-08-04T20:36:06.181">
  <attribute name="GC Util" value="171" />
  <attribute name="CPU Util" value="18047141010897" />
  <attribute name="Time Running"value="106424"/>
  <attribute name="Number of cores"value="16"/>
</cycle-end>
<allocation-satisfied id="8031" threadId="0000000000C71B00" bytesRequested="48" />
<af-end id="8032" timestamp="2019-08-04T20:36:06.181" threadId="0000000000C72488" success="true" />
<exclusive-end id="8033" timestamp="2019-08-04T20:36:06.181" durationms="20.704" />

<exclusive-start id="8034" timestamp="2019-08-04T20:36:06.231" intervalms="70.907">
  <response-info timems="1.490" idlems="0.765" threads="1" lastid="0000000000C71B00" lastname="Thread-52" />
</exclusive-start>
<af-start id="8035" threadId="0000000000C81388" totalBytesRequested="32776" timestamp="2019-08-04T20:36:06.231" intervalms="70.855" />
<cycle-start id="8036" type="global" contextid="0" timestamp="2019-08-04T20:36:06.231" intervalms="70.843" />
  <attribute name="GC Util" value="171" />
  <attribute name="CPU Util" value="18047141010897" />
  <attribute name="Time Running"value="106424"/>
  <attribute name="Number of cores"value="16"/>
<gc-start id="8037" type="global" contextid="8036" timestamp="2019-08-04T20:36:06.232">
  <mem-info id="8038" free="413968" total="104988672" percent="0">
    <mem type="tenure" free="413968" total="104988672" percent="0">
      <mem type="soa" free="111024" total="103939072" percent="0" />
      <mem type="loa" free="302944" total="1049600" percent="28" />
    </mem>
  </mem-info>
</gc-start>
<allocation-stats totalBytes="76934920" >
  <allocated-bytes non-tlh="2757872" tlh="74177048" />
  <largest-consumer threadName="Thread-38" threadId="0000000000CA2500" bytes="9635128" />
</allocation-stats>
<gc-op id="8039" type="mark" timems="13.773" contextid="8036" timestamp="2019-08-04T20:36:06.246">
  <trace-info objectcount="650169" scancount="562436" scanbytes="16306796" />
  <finalization candidates="154" enqueued="0" />
  <ownableSynchronizers candidates="23" cleared="0" />
  <references type="soft" candidates="1877" cleared="0" enqueued="0" dynamicThreshold="23" maxThreshold="32" />
  <references type="weak" candidates="6347" cleared="0" enqueued="0" />
  <references type="phantom" candidates="292" cleared="0" enqueued="0" />
  <stringconstants candidates="15929" cleared="0"  />
</gc-op>
<gc-op id="8040" type="sweep" timems="1.727" contextid="8036" timestamp="2019-08-04T20:36:06.248" />
<heap-resize id="8041" type="contract" space="tenure" amount="983040" count="1" timems="0.099" reason="excess free space following gc" timestamp="2019-08-04T20:36:06.248" />
<gc-end id="8042" type="global" contextid="8036" durationms="15.760" usertimems="70.413" systemtimems="30.623" timestamp="2019-08-04T20:36:06.248" activeThreads="16">
  <mem-info id="8043" free="76921976" total="104005632" percent="73">
    <mem type="tenure" free="76921976" total="104005632" percent="73" micro-fragmented="88223">
      <mem type="soa" free="76237280" total="102966272" percent="74" />
      <mem type="loa" free="684696" total="1039360" percent="65" />
    </mem>
  </mem-info>
</gc-end>
<cycle-end id="8044" type="global" contextid="8036" timestamp="2019-08-04T20:36:06.248">
  <attribute name="GC Util" value="177" />
  <attribute name="CPU Util" value="15210796048893" />
  <attribute name="Time Running"value="106493"/>
  <attribute name="Number of cores"value="16"/>
</cycle-end>
<allocation-satisfied id="8045" threadId="0000000000C80A00" bytesRequested="32776" />
<af-end id="8046" timestamp="2019-08-04T20:36:06.248" threadId="0000000000C81388" success="true" />
<exclusive-end id="8047" timestamp="2019-08-04T20:36:06.248" durationms="17.357" />

<exclusive-start id="8048" timestamp="2019-08-04T20:36:06.338" intervalms="106.654">
  <response-info timems="1.046" idlems="0.274" threads="4" lastid="0000000000C71B00" lastname="Thread-52" />
</exclusive-start>
<af-start id="8049" threadId="0000000000C58088" totalBytesRequested="2056" timestamp="2019-08-04T20:36:06.338" intervalms="106.652" />
<cycle-start id="8050" type="global" contextid="0" timestamp="2019-08-04T20:36:06.338" intervalms="106.663" />
  <attribute name="GC Util" value="177" />
  <attribute name="CPU Util" value="15210796048893" />
  <attribute name="Time Running"value="106493"/>
  <attribute name="Number of cores"value="16"/>
<gc-start id="8051" type="global" contextid="8050" timestamp="2019-08-04T20:36:06.338">
  <mem-info id="8052" free="684696" total="104005632" percent="0">
    <mem type="tenure" free="684696" total="104005632" percent="0">
      <mem type="soa" free="0" total="102966272" percent="0" />
      <mem type="loa" free="684696" total="1039360" percent="65" />
    </mem>
  </mem-info>
</gc-start>
<allocation-stats totalBytes="75978152" >
  <allocated-bytes non-tlh="2548056" tlh="73430096" />
  <largest-consumer threadName="Thread-47" threadId="0000000000C79200" bytes="7536408" />
</allocation-stats>
<gc-op id="8053" type="mark" timems="11.766" contextid="8050" timestamp="2019-08-04T20:36:06.350">
  <trace-info objectcount="648636" scancount="561025" scanbytes="16286156" />
  <finalization candidates="154" enqueued="0" />
  <ownableSynchronizers candidates="23" cleared="0" />
  <references type="soft" candidates="1877" cleared="0" enqueued="0" dynamicThreshold="23" maxThreshold="32" />
  <references type="weak" candidates="6347" cleared="0" enqueued="0" />
  <references type="phantom" candidates="295" cleared="0" enqueued="0" />
  <stringconstants candidates="15929" cleared="0"  />
</gc-op>
<gc-op id="8054" type="sweep" timems="1.373" contextid="8050" timestamp="2019-08-04T20:36:06.351" />
<heap-resize id="8055" type="contract" space="tenure" amount="983040" count="1" timems="0.103" reason="excess free space following gc" timestamp="2019-08-04T20:36:06.351" />
<gc-end id="8056" type="global" contextid="8050" durationms="13.397" usertimems="52.928" systemtimems="22.623" timestamp="2019-08-04T20:36:06.351" activeThreads="16">
  <mem-info id="8057" free="75786576" total="103022592" percent="73">
    <mem type="tenure" free="75786576" total="103022592" percent="73" micro-fragmented="85140">
      <mem type="soa" free="75560912" total="101992448" percent="74" />
      <mem type="loa" free="225664" total="1030144" percent="21" />
    </mem>
  </mem-info>
</gc-end>
<cycle-end id="8058" type="global" contextid="8050" timestamp="2019-08-04T20:36:06.352">
  <attribute name="GC Util" value="189" />
  <attribute name="CPU Util" value="19411226397740" />
  <attribute name="Time Running"value="106596"/>
  <attribute name="Number of cores"value="16"/>
</cycle-end>
<allocation-satisfied id="8059" threadId="0000000000C57700" bytesRequested="2056" />
<af-end id="8060" timestamp="2019-08-04T20:36:06.352" threadId="0000000000C58088" success="true" />
<exclusive-end id="8061" timestamp="2019-08-04T20:36:06.352" durationms="13.932" />

<concurrent-kickoff id="8062" timestamp="2019-08-04T20:36:06.403">
  <kickoff reason="threshold reached" targetBytes="2091667" thresholdFreeBytes="307718" remainingFree="288208" tenureFreeBytes="288208" />
</concurrent-kickoff>
<exclusive-start id="8063" timestamp="2019-08-04T20:36:06.403" intervalms="65.647">
  <response-info timems="0.534" idlems="0.333" threads="1" lastid="0000000000C66700" lastname="Thread-50" />
</exclusive-start>
<af-start id="8064" threadId="0000000000C81388" totalBytesRequested="16" timestamp="2019-08-04T20:36:06.403" intervalms="65.665" />
<concurrent-aborted id="8065" timestamp="2019-08-04T20:36:06.403">
  <reason value="insufficient progress made" />
</concurrent-aborted>
<cycle-end id="8066" type="global" contextid="0" timestamp="2019-08-04T20:36:06.403">
  <attribute name="GC Util" value="189" />
  <attribute name="CPU Util" value="19411226397740" />
  <attribute name="Time Running"value="106596"/>
  <attribute name="Number of cores"value="16"/>
</cycle-end>
<cycle-start id="8067" type="global" contextid="0" timestamp="2019-08-04T20:36:06.403" intervalms="65.683" />
  <attribute name="GC Util" value="189" />
  <attribute name="CPU Util" value="19411226397740" />
  <attribute name="Time Running"value="106596"/>
  <attribute name="Number of cores"value="16"/>
<gc-start id="8068" type="global" contextid="8067" timestamp="2019-08-04T20:36:06.404">
  <mem-info id="8069" free="225664" total="103022592" percent="0">
    <mem type="tenure" free="225664" total="103022592" percent="0">
      <mem type="soa" free="0" total="101992448" percent="0" />
      <mem type="loa" free="225664" total="1030144" percent="21" />
    </mem>
  </mem-info>
</gc-start>
<allocation-stats totalBytes="75278896" >
  <allocated-bytes non-tlh="2437760" tlh="72841136" />
  <largest-consumer threadName="Thread-46" threadId="0000000000C62B00" bytes="9420568" />
</allocation-stats>
<gc-op id="8070" type="mark" timems="16.851" contextid="8067" timestamp="2019-08-04T20:36:06.421">
  <trace-info objectcount="650407" scancount="562554" scanbytes="16346768" />
  <finalization candidates="154" enqueued="0" />
  <ownableSynchronizers candidates="23" cleared="0" />
  <references type="soft" candidates="1877" cleared="0" enqueued="0" dynamicThreshold="23" maxThreshold="32" />
  <references type="weak" candidates="6347" cleared="0" enqueued="0" />
  <references type="phantom" candidates="293" cleared="0" enqueued="0" />
  <stringconstants candidates="15929" cleared="0"  />
</gc-op>
<gc-op id="8071" type="sweep" timems="2.608" contextid="8067" timestamp="2019-08-04T20:36:06.423" />
<heap-resize id="8072" type="contract" space="tenure" amount="983040" count="1" timems="0.159" reason="excess free space following gc" timestamp="2019-08-04T20:36:06.423" />
<gc-end id="8073" type="global" contextid="8067" durationms="19.827" usertimems="66.103" systemtimems="13.091" timestamp="2019-08-04T20:36:06.423" activeThreads="16">
  <mem-info id="8074" free="74621664" total="102039552" percent="73">
    <mem type="tenure" free="74621664" total="102039552" percent="73" micro-fragmented="64178">
      <mem type="soa" free="74342192" total="101019648" percent="73" />
      <mem type="loa" free="279472" total="1019904" percent="27" />
    </mem>
  </mem-info>
</gc-end>
<cycle-end id="8075" type="global" contextid="8067" timestamp="2019-08-04T20:36:06.424">
  <attribute name="GC Util" value="159" />
  <attribute name="CPU Util" value="11234832296408" />
  <attribute name="Time Running"value="106668"/>
  <attribute name="Number of cores"value="16"/>
</cycle-end>
<allocation-satisfied id="8076" threadId="0000000000C80A00" bytesRequested="16" />
<af-end id="8077" timestamp="2019-08-04T20:36:06.424" threadId="0000000000C81388" success="true" />
<exclusive-end id="8078" timestamp="2019-08-04T20:36:06.424" durationms="20.571" />

<concurrent-kickoff id="8079" timestamp="2019-08-04T20:36:06.459">
  <kickoff reason="threshold reached" targetBytes="2071708" thresholdFreeBytes="304782" remainingFree="289640" tenureFreeBytes="289640" />
</concurrent-kickoff>
<exclusive-start id="8080" timestamp="2019-08-04T20:36:06.461" intervalms="57.230">
  <response-info timems="1.479" idlems="1.479" threads="0" lastid="0000000000C4C400" lastname="Thread-43" />
</exclusive-start>
<af-start id="8081" threadId="0000000000C4CD88" totalBytesRequested="32776" timestamp="2019-08-04T20:36:06.461" intervalms="57.201" />
<concurrent-aborted id="8082" timestamp="2019-08-04T20:36:06.461">
  <reason value="insufficient progress made" />
</concurrent-aborted>
<cycle-end id="8083" type="global" contextid="0" timestamp="2019-08-04T20:36:06.461">
  <attribute name="GC Util" value="159" />
  <attribute name="CPU Util" value="11234832296408" />
  <attribute name="Time Running"value="106668"/>
  <attribute name="Number of cores"value="16"/>
</cycle-end>
<cycle-start id="8084" type="global" contextid="0" timestamp="2019-08-04T20:36:06.461" intervalms="57.224" />
  <attribute name="GC Util" value="159" />
  <attribute name="CPU Util" value="11234832296408" />
  <attribute name="Time Running"value="106668"/>
  <attribute name="Number of cores"value="16"/>
<gc-start id="8085" type="global" contextid="8084" timestamp="2019-08-04T20:36:06.461">
  <mem-info id="8086" free="289640" total="102039552" percent="0">
    <mem type="tenure" free="289640" total="102039552" percent="0">
      <mem type="soa" free="10168" total="101019648" percent="0" />
      <mem type="loa" free="279472" total="1019904" percent="27" />
    </mem>
  </mem-info>
</gc-start>
<allocation-stats totalBytes="74082664" >
  <allocated-bytes non-tlh="2399312" tlh="71683352" />
  <largest-consumer threadName="Thread-41" threadId="0000000000C80A00" bytes="8870752" />
</allocation-stats>
<gc-op id="8087" type="mark" timems="11.942" contextid="8084" timestamp="2019-08-04T20:36:06.473">
  <trace-info objectcount="649459" scancount="561750" scanbytes="16285316" />
  <finalization candidates="154" enqueued="0" />
  <ownableSynchronizers candidates="23" cleared="0" />
  <references type="soft" candidates="1877" cleared="0" enqueued="0" dynamicThreshold="23" maxThreshold="32" />
  <references type="weak" candidates="6347" cleared="0" enqueued="0" />
  <references type="phantom" candidates="294" cleared="0" enqueued="0" />
  <stringconstants candidates="15929" cleared="0"  />
</gc-op>
<gc-op id="8088" type="sweep" timems="2.765" contextid="8084" timestamp="2019-08-04T20:36:06.476" />
<heap-resize id="8089" type="contract" space="tenure" amount="983040" count="1" timems="0.094" reason="excess free space following gc" timestamp="2019-08-04T20:36:06.476" />
<gc-end id="8090" type="global" contextid="8084" durationms="14.950" usertimems="52.203" systemtimems="18.827" timestamp="2019-08-04T20:36:06.476" activeThreads="16">
  <mem-info id="8091" free="73768416" total="101056512" percent="72">
    <mem type="tenure" free="73768416" total="101056512" percent="72" micro-fragmented="37742">
      <mem type="soa" free="73468112" total="100046848" percent="73" />
      <mem type="loa" free="300304" total="1009664" percent="29" />
    </mem>
  </mem-info>
</gc-end>
<cycle-end id="8092" type="global" contextid="8084" timestamp="2019-08-04T20:36:06.476">
  <attribute name="GC Util" value="166" />
  <attribute name="CPU Util" value="8264631779217" />
  <attribute name="Time Running"value="106721"/>
  <attribute name="Number of cores"value="16"/>
</cycle-end>
<allocation-satisfied id="8093" threadId="0000000000C4C400" bytesRequested="32776" />
<af-end id="8094" timestamp="2019-08-04T20:36:06.476" threadId="0000000000C4CD88" success="true" />
<exclusive-end id="8095" timestamp="2019-08-04T20:36:06.476" durationms="15.273" />

<exclusive-start id="8096" timestamp="2019-08-04T20:36:06.531" intervalms="70.406">
  <response-info timems="1.668" idlems="0.581" threads="2" lastid="0000000000C53B00" lastname="Thread-37" />
</exclusive-start>
<af-start id="8097" threadId="0000000000C72488" totalBytesRequested="2056" timestamp="2019-08-04T20:36:06.531" intervalms="70.412" />
<cycle-start id="8098" type="global" contextid="0" timestamp="2019-08-04T20:36:06.531" intervalms="70.354" />
  <attribute name="GC Util" value="166" />
  <attribute name="CPU Util" value="8264631779217" />
  <attribute name="Time Running"value="106721"/>
  <attribute name="Number of cores"value="16"/>
<gc-start id="8099" type="global" contextid="8098" timestamp="2019-08-04T20:36:06.531">
  <mem-info id="8100" free="300304" total="101056512" percent="0">
    <mem type="tenure" free="300304" total="101056512" percent="0">
      <mem type="soa" free="0" total="100046848" percent="0" />
      <mem type="loa" free="300304" total="1009664" percent="29" />
    </mem>
  </mem-info>
</gc-start>
<allocation-stats totalBytes="73199856" >
  <allocated-bytes non-tlh="1916848" tlh="71283008" />
  <largest-consumer threadName="Thread-38" threadId="0000000000CA2500" bytes="7076536" />
</allocation-stats>
<gc-op id="8101" type="mark" timems="12.977" contextid="8098" timestamp="2019-08-04T20:36:06.544">
  <trace-info objectcount="649913" scancount="562166" scanbytes="16338996" />
  <finalization candidates="154" enqueued="0" />
  <ownableSynchronizers candidates="23" cleared="0" />
  <references type="soft" candidates="1877" cleared="0" enqueued="0" dynamicThreshold="23" maxThreshold="32" />
  <references type="weak" candidates="6347" cleared="0" enqueued="0" />
  <references type="phantom" candidates="292" cleared="0" enqueued="0" />
  <stringconstants candidates="15929" cleared="0"  />
</gc-op>
<gc-op id="8102" type="sweep" timems="2.110" contextid="8098" timestamp="2019-08-04T20:36:06.546" />
<mem-info id="8103" free="74082816" total="101056512" percent="73">
  <mem type="tenure" free="74082816" total="101056512" percent="73" micro-fragmented="70409">
    <mem type="soa" free="73073264" total="100046848" percent="73" />
    <mem type="loa" free="1009552" total="1009664" percent="99" />
  </mem>
</mem-info>
<gc-op id="8104" type="compact" timems="36.061" contextid="8098" timestamp="2019-08-04T20:36:06.582">
  <compact-info movecount="49359" movebytes="8429000" reason="compact to aid heap contraction" />
</gc-op>
<heap-resize id="8105" type="contract" space="tenure" amount="983040" count="1" timems="0.055" reason="excess free space following gc" timestamp="2019-08-04T20:36:06.582" />
<gc-end id="8106" type="global" contextid="8098" durationms="51.389" usertimems="127.549" systemtimems="19.499" timestamp="2019-08-04T20:36:06.583" activeThreads="16">
  <mem-info id="8107" free="73150480" total="100073472" percent="73">
    <mem type="tenure" free="73150480" total="100073472" percent="73">
      <mem type="soa" free="72176656" total="99073024" percent="72" />
      <mem type="loa" free="973824" total="1000448" percent="97" />
    </mem>
  </mem-info>
</gc-end>
<cycle-end id="8108" type="global" contextid="8098" timestamp="2019-08-04T20:36:06.583">
  <attribute name="GC Util" value="49" />
  <attribute name="CPU Util" value="25120847542514" />
  <attribute name="Time Running"value="106792"/>
  <attribute name="Number of cores"value="16"/>
</cycle-end>
<allocation-satisfied id="8109" threadId="0000000000C71B00" bytesRequested="2056" />
<af-end id="8110" timestamp="2019-08-04T20:36:06.583" threadId="0000000000C72488" success="true" />
<exclusive-end id="8111" timestamp="2019-08-04T20:36:06.583" durationms="51.621" />

<exclusive-start id="8112" timestamp="2019-08-04T20:36:06.666" intervalms="134.582">
  <response-info timems="13.173" idlems="2.351" threads="7" lastid="0000000000C66700" lastname="Thread-50" />
</exclusive-start>
<af-start id="8113" threadId="0000000000CAA688" totalBytesRequested="32776" timestamp="2019-08-04T20:36:06.666" intervalms="134.582" />
<cycle-start id="8114" type="global" contextid="0" timestamp="2019-08-04T20:36:06.666" intervalms="134.597" />
  <attribute name="GC Util" value="49" />
  <attribute name="CPU Util" value="25120847542514" />
  <attribute name="Time Running"value="106792"/>
  <attribute name="Number of cores"value="16"/>
<gc-start id="8115" type="global" contextid="8114" timestamp="2019-08-04T20:36:06.666">
  <mem-info id="8116" free="973824" total="100073472" percent="0">
    <mem type="tenure" free="973824" total="100073472" percent="0">
      <mem type="soa" free="0" total="99073024" percent="0" />
      <mem type="loa" free="973824" total="1000448" percent="97" />
    </mem>
  </mem-info>
</gc-start>
<allocation-stats totalBytes="72136192" >
  <allocated-bytes non-tlh="0" tlh="72136192" />
  <largest-consumer threadName="Thread-38" threadId="0000000000CA2500" bytes="9076224" />
</allocation-stats>
<gc-op id="8117" type="mark" timems="12.416" contextid="8114" timestamp="2019-08-04T20:36:06.678">
  <trace-info objectcount="649574" scancount="561759" scanbytes="16259300" />
  <finalization candidates="154" enqueued="0" />
  <ownableSynchronizers candidates="23" cleared="0" />
  <references type="soft" candidates="1877" cleared="0" enqueued="0" dynamicThreshold="23" maxThreshold="32" />
  <references type="weak" candidates="6347" cleared="0" enqueued="0" />
  <references type="phantom" candidates="292" cleared="0" enqueued="0" />
  <stringconstants candidates="15929" cleared="0"  />
</gc-op>
<gc-op id="8118" type="sweep" timems="2.431" contextid="8114" timestamp="2019-08-04T20:36:06.681" />
<gc-end id="8119" type="global" contextid="8114" durationms="15.018" usertimems="79.261" systemtimems="8.520" timestamp="2019-08-04T20:36:06.681" activeThreads="16">
  <mem-info id="8120" free="55901872" total="100073472" percent="55">
    <mem type="tenure" free="55901872" total="100073472" percent="55" micro-fragmented="0">
      <mem type="soa" free="54901520" total="99073024" percent="55" />
      <mem type="loa" free="1000352" total="1000448" percent="99" />
    </mem>
  </mem-info>
</gc-end>
<cycle-end id="8121" type="global" contextid="8114" timestamp="2019-08-04T20:36:06.681">
  <attribute name="GC Util" value="569" />
  <attribute name="CPU Util" value="1483042116199" />
  <attribute name="Time Running"value="106924"/>
  <attribute name="Number of cores"value="16"/>
</cycle-end>
<allocation-satisfied id="8122" threadId="0000000000CA9D00" bytesRequested="32776" />
<af-end id="8123" timestamp="2019-08-04T20:36:06.681" threadId="0000000000CAA688" success="true" />
<exclusive-end id="8124" timestamp="2019-08-04T20:36:06.681" durationms="15.684" />

<exclusive-start id="8125" timestamp="2019-08-04T20:36:06.765" intervalms="99.443">
  <response-info timems="1.893" idlems="0.719" threads="2" lastid="0000000000C4C400" lastname="Thread-43" />
</exclusive-start>
<af-start id="8126" threadId="0000000000C84F88" totalBytesRequested="16392" timestamp="2019-08-04T20:36:06.765" intervalms="99.426" />
<cycle-start id="8127" type="global" contextid="0" timestamp="2019-08-04T20:36:06.767" intervalms="101.261" />
  <attribute name="GC Util" value="10" />
  <attribute name="CPU Util" value="210863183355" />
  <attribute name="Time Running"value="107011"/>
  <attribute name="Number of cores"value="16"/>
<gc-start id="8128" type="global" contextid="8127" timestamp="2019-08-04T20:36:06.767">
  <mem-info id="8129" free="1000448" total="100073472" percent="0">
    <mem type="tenure" free="1000448" total="100073472" percent="0">
      <mem type="soa" free="0" total="99073024" percent="0" />
      <mem type="loa" free="1000448" total="1000448" percent="100" />
    </mem>
  </mem-info>
</gc-start>
<allocation-stats totalBytes="72173272" >
  <allocated-bytes non-tlh="1821000" tlh="70352272" />
  <largest-consumer threadName="Thread-52" threadId="0000000000C71B00" bytes="8057488" />
</allocation-stats>
<gc-op id="8130" type="mark" timems="21.560" contextid="8127" timestamp="2019-08-04T20:36:06.789">
  <trace-info objectcount="650529" scancount="562564" scanbytes="16351636" />
  <finalization candidates="154" enqueued="0" />
  <ownableSynchronizers candidates="23" cleared="0" />
  <references type="soft" candidates="1877" cleared="0" enqueued="0" dynamicThreshold="17" maxThreshold="32" />
  <references type="weak" candidates="6348" cleared="0" enqueued="0" />
  <references type="phantom" candidates="292" cleared="0" enqueued="0" />
  <stringconstants candidates="15929" cleared="0"  />
</gc-op>
<gc-op id="8131" type="sweep" timems="3.903" contextid="8127" timestamp="2019-08-04T20:36:06.793" />
<gc-end id="8132" type="global" contextid="8127" durationms="25.634" usertimems="122.503" systemtimems="30.788" timestamp="2019-08-04T20:36:06.793" activeThreads="16">
  <mem-info id="8133" free="55781800" total="100073472" percent="55">
    <mem type="tenure" free="55781800" total="100073472" percent="55" micro-fragmented="9270">
      <mem type="soa" free="54781424" total="99073024" percent="55" />
      <mem type="loa" free="1000376" total="1000448" percent="99" />
    </mem>
  </mem-info>
</gc-end>
<cycle-end id="8134" type="global" contextid="8127" timestamp="2019-08-04T20:36:06.793">
  <attribute name="GC Util" value="641" />
  <attribute name="CPU Util" value="854149275891" />
  <attribute name="Time Running"value="107034"/>
  <attribute name="Number of cores"value="16"/>
</cycle-end>
<allocation-satisfied id="8135" threadId="0000000000C84600" bytesRequested="16392" />
<af-end id="8136" timestamp="2019-08-04T20:36:06.793" threadId="0000000000C84F88" success="true" />
<exclusive-end id="8137" timestamp="2019-08-04T20:36:06.793" durationms="28.113" />

<exclusive-start id="8138" timestamp="2019-08-04T20:36:06.891" intervalms="125.813">
  <response-info timems="0.916" idlems="0.326" threads="2" lastid="0000000000C53B00" lastname="Thread-37" />
</exclusive-start>
<af-start id="8139" threadId="0000000000C7D788" totalBytesRequested="32776" timestamp="2019-08-04T20:36:06.891" intervalms="125.829" />
<cycle-start id="8140" type="global" contextid="0" timestamp="2019-08-04T20:36:06.892" intervalms="124.840" />
  <attribute name="GC Util" value="15" />
  <attribute name="CPU Util" value="180386084486" />
  <attribute name="Time Running"value="107137"/>
  <attribute name="Number of cores"value="16"/>
<gc-start id="8141" type="global" contextid="8140" timestamp="2019-08-04T20:36:06.892">
  <mem-info id="8142" free="1000448" total="100073472" percent="0">
    <mem type="tenure" free="1000448" total="100073472" percent="0">
      <mem type="soa" free="0" total="99073024" percent="0" />
      <mem type="loa" free="1000448" total="1000448" percent="100" />
    </mem>
  </mem-info>
</gc-start>
<allocation-stats totalBytes="71713768" >
  <allocated-bytes non-tlh="2327512" tlh="69386256" />
  <largest-consumer threadName="Thread-48" threadId="0000000000C7CE00" bytes="7249936" />
</allocation-stats>
<gc-op id="8143" type="mark" timems="12.017" contextid="8140" timestamp="2019-08-04T20:36:06.904">
  <trace-info objectcount="649103" scancount="561420" scanbytes="16250132" />
  <finalization candidates="154" enqueued="0" />
  <ownableSynchronizers candidates="23" cleared="0" />
  <references type="soft" candidates="1877" cleared="0" enqueued="0" dynamicThreshold="17" maxThreshold="32" />
  <references type="weak" candidates="6347" cleared="0" enqueued="0" />
  <references type="phantom" candidates="290" cleared="0" enqueued="0" />
  <stringconstants candidates="15929" cleared="0"  />
</gc-op>
<gc-op id="8144" type="sweep" timems="1.756" contextid="8140" timestamp="2019-08-04T20:36:06.906" />
<gc-end id="8145" type="global" contextid="8140" durationms="14.010" usertimems="62.747" systemtimems="12.821" timestamp="2019-08-04T20:36:06.906" activeThreads="16">
  <mem-info id="8146" free="55581712" total="100073472" percent="55">
    <mem type="tenure" free="55581712" total="100073472" percent="55" micro-fragmented="5658">
      <mem type="soa" free="54581320" total="99073024" percent="55" />
      <mem type="loa" free="1000392" total="1000448" percent="99" />
    </mem>
  </mem-info>
</gc-end>
<cycle-end id="8147" type="global" contextid="8140" timestamp="2019-08-04T20:36:06.906">
  <attribute name="GC Util" value="539" />
  <attribute name="CPU Util" value="1520960706024" />
  <attribute name="Time Running"value="107150"/>
  <attribute name="Number of cores"value="16"/>
</cycle-end>
<allocation-satisfied id="8148" threadId="0000000000C7CE00" bytesRequested="32776" />
<af-end id="8149" timestamp="2019-08-04T20:36:06.906" threadId="0000000000C7D788" success="true" />
<exclusive-end id="8150" timestamp="2019-08-04T20:36:06.906" durationms="15.515" />

<exclusive-start id="8151" timestamp="2019-08-04T20:36:06.946" intervalms="55.342">
  <response-info timems="0.105" idlems="0.054" threads="3" lastid="0000000000C8BE00" lastname="Thread-49" />
</exclusive-start>
<af-start id="8152" threadId="0000000000CA2E88" totalBytesRequested="1032" timestamp="2019-08-04T20:36:06.946" intervalms="55.466" />
<cycle-start id="8153" type="global" contextid="0" timestamp="2019-08-04T20:36:06.947" intervalms="55.261" />
  <attribute name="GC Util" value="21" />
  <attribute name="CPU Util" value="434512287507" />
  <attribute name="Time Running"value="107192"/>
  <attribute name="Number of cores"value="16"/>
<gc-start id="8154" type="global" contextid="8153" timestamp="2019-08-04T20:36:06.947">
  <mem-info id="8155" free="1000448" total="100073472" percent="0">
    <mem type="tenure" free="1000448" total="100073472" percent="0">
      <mem type="soa" free="0" total="99073024" percent="0" />
      <mem type="loa" free="1000448" total="1000448" percent="100" />
    </mem>
  </mem-info>
</gc-start>
<allocation-stats totalBytes="72135392" >
  <allocated-bytes non-tlh="1959000" tlh="70176392" />
  <largest-consumer threadName="Thread-51" threadId="0000000000C84600" bytes="9307656" />
</allocation-stats>
<gc-op id="8156" type="mark" timems="21.299" contextid="8153" timestamp="2019-08-04T20:36:06.969">
  <trace-info objectcount="649175" scancount="561386" scanbytes="16245820" />
  <finalization candidates="154" enqueued="0" />
  <ownableSynchronizers candidates="23" cleared="0" />
  <references type="soft" candidates="1877" cleared="0" enqueued="0" dynamicThreshold="17" maxThreshold="32" />
  <references type="weak" candidates="6348" cleared="0" enqueued="0" />
  <references type="phantom" candidates="295" cleared="0" enqueued="0" />
  <stringconstants candidates="15929" cleared="0"  />
</gc-op>
<gc-op id="8157" type="sweep" timems="3.003" contextid="8153" timestamp="2019-08-04T20:36:06.972" />
<heap-resize id="8158" type="contract" space="tenure" amount="983040" count="1" timems="0.110" reason="excess free space following gc" timestamp="2019-08-04T20:36:06.972" />
<gc-end id="8159" type="global" contextid="8153" durationms="25.090" usertimems="138.530" systemtimems="39.684" timestamp="2019-08-04T20:36:06.972" activeThreads="16">
  <mem-info id="8160" free="71983904" total="99090432" percent="72">
    <mem type="tenure" free="71983904" total="99090432" percent="72" micro-fragmented="51135">
      <mem type="soa" free="71649936" total="98100224" percent="73" />
      <mem type="loa" free="333968" total="990208" percent="33" />
    </mem>
  </mem-info>
</gc-end>
<cycle-end id="8161" type="global" contextid="8153" timestamp="2019-08-04T20:36:06.973">
  <attribute name="GC Util" value="117" />
  <attribute name="CPU Util" value="7549177860221" />
  <attribute name="Time Running"value="107217"/>
  <attribute name="Number of cores"value="16"/>
</cycle-end>
<allocation-satisfied id="8162" threadId="0000000000CA2500" bytesRequested="1032" />
<af-end id="8163" timestamp="2019-08-04T20:36:06.973" threadId="0000000000CA2E88" success="true" />
<exclusive-end id="8164" timestamp="2019-08-04T20:36:06.973" durationms="26.679" />

<exclusive-start id="8165" timestamp="2019-08-04T20:36:07.004" intervalms="57.715">
  <response-info timems="3.662" idlems="3.662" threads="0" lastid="0000000000C57700" lastname="Thread-45" />
</exclusive-start>
<af-start id="8166" threadId="0000000000C58088" totalBytesRequested="2056" timestamp="2019-08-04T20:36:07.004" intervalms="57.645" />
<cycle-start id="8167" type="global" contextid="0" timestamp="2019-08-04T20:36:07.004" intervalms="56.989" />
  <attribute name="GC Util" value="117" />
  <attribute name="CPU Util" value="7549177860221" />
  <attribute name="Time Running"value="107217"/>
  <attribute name="Number of cores"value="16"/>
<gc-start id="8168" type="global" contextid="8167" timestamp="2019-08-04T20:36:07.006">
  <mem-info id="8169" free="333968" total="99090432" percent="0">
    <mem type="tenure" free="333968" total="99090432" percent="0">
      <mem type="soa" free="0" total="98100224" percent="0" />
      <mem type="loa" free="333968" total="990208" percent="33" />
    </mem>
  </mem-info>
</gc-start>
<allocation-stats totalBytes="71372688" >
  <allocated-bytes non-tlh="2199704" tlh="69172984" />
  <largest-consumer threadName="Thread-42" threadId="0000000000C5B300" bytes="7831280" />
</allocation-stats>
<gc-op id="8170" type="mark" timems="12.284" contextid="8167" timestamp="2019-08-04T20:36:07.018">
  <trace-info objectcount="649431" scancount="561631" scanbytes="16325820" />
  <finalization candidates="154" enqueued="0" />
  <ownableSynchronizers candidates="23" cleared="0" />
  <references type="soft" candidates="1877" cleared="0" enqueued="0" dynamicThreshold="23" maxThreshold="32" />
  <references type="weak" candidates="6347" cleared="0" enqueued="0" />
  <references type="phantom" candidates="294" cleared="0" enqueued="0" />
  <stringconstants candidates="15929" cleared="0"  />
</gc-op>
<gc-op id="8171" type="sweep" timems="4.177" contextid="8167" timestamp="2019-08-04T20:36:07.022" />
<heap-resize id="8172" type="contract" space="tenure" amount="983040" count="1" timems="0.097" reason="excess free space following gc" timestamp="2019-08-04T20:36:07.022" />
<gc-end id="8173" type="global" contextid="8167" durationms="16.778" usertimems="67.554" systemtimems="14.026" timestamp="2019-08-04T20:36:07.022" activeThreads="16">
  <mem-info id="8174" free="70750352" total="98107392" percent="72">
    <mem type="tenure" free="70750352" total="98107392" percent="72" micro-fragmented="30557">
      <mem type="soa" free="70461216" total="97126400" percent="72" />
      <mem type="loa" free="289136" total="980992" percent="29" />
    </mem>
  </mem-info>
</gc-end>
<cycle-end id="8175" type="global" contextid="8167" timestamp="2019-08-04T20:36:07.022">
  <attribute name="GC Util" value="69" />
  <attribute name="CPU Util" value="6371678052537" />
  <attribute name="Time Running"value="107267"/>
  <attribute name="Number of cores"value="16"/>
</cycle-end>
<allocation-satisfied id="8176" threadId="0000000000C57700" bytesRequested="2056" />
<af-end id="8177" timestamp="2019-08-04T20:36:07.022" threadId="0000000000C58088" success="true" />
<exclusive-end id="8178" timestamp="2019-08-04T20:36:07.022" durationms="18.548" />

<exclusive-start id="8179" timestamp="2019-08-04T20:36:07.077" intervalms="72.825">
  <response-info timems="0.472" idlems="0.472" threads="0" lastid="0000000000C8BE00" lastname="Thread-49" />
</exclusive-start>
<af-start id="8180" threadId="0000000000C8C788" totalBytesRequested="32776" timestamp="2019-08-04T20:36:07.077" intervalms="72.819" />
<cycle-start id="8181" type="global" contextid="0" timestamp="2019-08-04T20:36:07.077" intervalms="72.844" />
  <attribute name="GC Util" value="69" />
  <attribute name="CPU Util" value="6371678052537" />
  <attribute name="Time Running"value="107267"/>
  <attribute name="Number of cores"value="16"/>
<gc-start id="8182" type="global" contextid="8181" timestamp="2019-08-04T20:36:07.077">
  <mem-info id="8183" free="435568" total="98107392" percent="0">
    <mem type="tenure" free="435568" total="98107392" percent="0">
      <mem type="soa" free="146432" total="97126400" percent="0" />
      <mem type="loa" free="289136" total="980992" percent="29" />
    </mem>
  </mem-info>
</gc-start>
<allocation-stats totalBytes="70170544" >
  <allocated-bytes non-tlh="1536856" tlh="68633688" />
  <largest-consumer threadName="Thread-45" threadId="0000000000C57700" bytes="8223304" />
</allocation-stats>
<gc-op id="8184" type="mark" timems="12.365" contextid="8181" timestamp="2019-08-04T20:36:07.089">
  <trace-info objectcount="649108" scancount="561261" scanbytes="16241572" />
  <finalization candidates="154" enqueued="0" />
  <ownableSynchronizers candidates="23" cleared="0" />
  <references type="soft" candidates="1877" cleared="0" enqueued="0" dynamicThreshold="23" maxThreshold="32" />
  <references type="weak" candidates="6347" cleared="0" enqueued="0" />
  <references type="phantom" candidates="292" cleared="0" enqueued="0" />
  <stringconstants candidates="15929" cleared="0"  />
</gc-op>
<gc-op id="8185" type="sweep" timems="2.615" contextid="8181" timestamp="2019-08-04T20:36:07.092" />
<heap-resize id="8186" type="contract" space="tenure" amount="917504" count="1" timems="0.088" reason="excess free space following gc" timestamp="2019-08-04T20:36:07.092" />
<gc-end id="8187" type="global" contextid="8181" durationms="15.555" usertimems="79.690" systemtimems="0.000" timestamp="2019-08-04T20:36:07.093" activeThreads="16">
  <mem-info id="8188" free="69962192" total="97189888" percent="71">
    <mem type="tenure" free="69962192" total="97189888" percent="71" micro-fragmented="21230">
      <mem type="soa" free="69414248" total="96218112" percent="72" />
      <mem type="loa" free="547944" total="971776" percent="56" />
    </mem>
  </mem-info>
</gc-end>
<cycle-end id="8189" type="global" contextid="8181" timestamp="2019-08-04T20:36:07.093">
  <attribute name="GC Util" value="208" />
  <attribute name="CPU Util" value="8517944036878" />
  <attribute name="Time Running"value="107337"/>
  <attribute name="Number of cores"value="16"/>
</cycle-end>
<allocation-satisfied id="8190" threadId="0000000000C8BE00" bytesRequested="32776" />
<af-end id="8191" timestamp="2019-08-04T20:36:07.093" threadId="0000000000C8C788" success="true" />
<exclusive-end id="8192" timestamp="2019-08-04T20:36:07.093" durationms="16.063" />

<exclusive-start id="8193" timestamp="2019-08-04T20:36:07.160" intervalms="83.058">
  <response-info timems="0.272" idlems="0.221" threads="1" lastid="0000000000CA2500" lastname="Thread-38" />
</exclusive-start>
<af-start id="8194" threadId="0000000000C67088" totalBytesRequested="2056" timestamp="2019-08-04T20:36:07.160" intervalms="83.064" />
<cycle-start id="8195" type="global" contextid="0" timestamp="2019-08-04T20:36:07.160" intervalms="83.113" />
  <attribute name="GC Util" value="208" />
  <attribute name="CPU Util" value="8517944036878" />
  <attribute name="Time Running"value="107337"/>
  <attribute name="Number of cores"value="16"/>
<gc-start id="8196" type="global" contextid="8195" timestamp="2019-08-04T20:36:07.161">
  <mem-info id="8197" free="547944" total="97189888" percent="0">
    <mem type="tenure" free="547944" total="97189888" percent="0">
      <mem type="soa" free="0" total="96218112" percent="0" />
      <mem type="loa" free="547944" total="971776" percent="56" />
    </mem>
  </mem-info>
</gc-start>
<allocation-stats totalBytes="69216696" >
  <allocated-bytes non-tlh="2628808" tlh="66587888" />
  <largest-consumer threadName="Thread-50" threadId="0000000000C66700" bytes="8549632" />
</allocation-stats>
<gc-op id="8198" type="mark" timems="13.481" contextid="8195" timestamp="2019-08-04T20:36:07.174">
  <trace-info objectcount="648741" scancount="560947" scanbytes="16301752" />
  <finalization candidates="154" enqueued="0" />
  <ownableSynchronizers candidates="23" cleared="0" />
  <references type="soft" candidates="1877" cleared="0" enqueued="0" dynamicThreshold="23" maxThreshold="32" />
  <references type="weak" candidates="6347" cleared="0" enqueued="0" />
  <references type="phantom" candidates="293" cleared="0" enqueued="0" />
  <stringconstants candidates="15929" cleared="0"  />
</gc-op>
<gc-op id="8199" type="sweep" timems="2.965" contextid="8195" timestamp="2019-08-04T20:36:07.177" />
<heap-resize id="8200" type="contract" space="tenure" amount="917504" count="1" timems="0.162" reason="excess free space following gc" timestamp="2019-08-04T20:36:07.177" />
<gc-end id="8201" type="global" contextid="8195" durationms="16.861" usertimems="80.464" systemtimems="10.456" timestamp="2019-08-04T20:36:07.177" activeThreads="16">
  <mem-info id="8202" free="68959504" total="96272384" percent="71">
    <mem type="tenure" free="68959504" total="96272384" percent="71" micro-fragmented="52145">
      <mem type="soa" free="68726696" total="95309824" percent="72" />
      <mem type="loa" free="232808" total="962560" percent="24" />
    </mem>
  </mem-info>
</gc-end>
<cycle-end id="8203" type="global" contextid="8195" timestamp="2019-08-04T20:36:07.178">
  <attribute name="GC Util" value="259" />
  <attribute name="CPU Util" value="8136701635824" />
  <attribute name="Time Running"value="107422"/>
  <attribute name="Number of cores"value="16"/>
</cycle-end>
<allocation-satisfied id="8204" threadId="0000000000C66700" bytesRequested="2056" />
<af-end id="8205" timestamp="2019-08-04T20:36:07.178" threadId="0000000000C67088" success="true" />
<exclusive-end id="8206" timestamp="2019-08-04T20:36:07.178" durationms="17.877" />

<concurrent-kickoff id="8207" timestamp="2019-08-04T20:36:07.207">
  <kickoff reason="threshold reached" targetBytes="1954618" thresholdFreeBytes="287555" remainingFree="287528" tenureFreeBytes="276120" />
</concurrent-kickoff>
<exclusive-start id="8208" timestamp="2019-08-04T20:36:07.208" intervalms="47.753">
  <response-info timems="0.406" idlems="0.406" threads="0" lastid="0000000000C71B00" lastname="Thread-52" />
</exclusive-start>
<cycle-start id="8209" type="global" contextid="0" timestamp="2019-08-04T20:36:07.208" intervalms="47.562" />
  <attribute name="GC Util" value="259" />
  <attribute name="CPU Util" value="8136701635824" />
  <attribute name="Time Running"value="107422"/>
  <attribute name="Number of cores"value="16"/>
<exclusive-end id="8210" timestamp="2019-08-04T20:36:07.208" durationms="0.118" />

<exclusive-start id="8211" timestamp="2019-08-04T20:36:07.208" intervalms="0.642">
  <response-info timems="0.377" idlems="0.209" threads="1" lastid="0000000000C4C400" lastname="Thread-43" />
</exclusive-start>
<af-start id="8212" threadId="0000000000C93F88" totalBytesRequested="2056" timestamp="2019-08-04T20:36:07.209" intervalms="49.196" />
<concurrent-aborted id="8213" timestamp="2019-08-04T20:36:07.209">
  <reason value="insufficient progress made" />
</concurrent-aborted>
<cycle-end id="8214" type="global" contextid="8209" timestamp="2019-08-04T20:36:07.209">
  <attribute name="GC Util" value="259" />
  <attribute name="CPU Util" value="8136701635824" />
  <attribute name="Time Running"value="107422"/>
  <attribute name="Number of cores"value="16"/>
</cycle-end>
<cycle-start id="8215" type="global" contextid="0" timestamp="2019-08-04T20:36:07.209" intervalms="1.585" />
  <attribute name="GC Util" value="259" />
  <attribute name="CPU Util" value="8136701635824" />
  <attribute name="Time Running"value="107422"/>
  <attribute name="Number of cores"value="16"/>
<gc-start id="8216" type="global" contextid="8215" timestamp="2019-08-04T20:36:07.209">
  <mem-info id="8217" free="232808" total="96272384" percent="0">
    <mem type="tenure" free="232808" total="96272384" percent="0">
      <mem type="soa" free="0" total="95309824" percent="0" />
      <mem type="loa" free="232808" total="962560" percent="24" />
    </mem>
  </mem-info>
</gc-start>
<allocation-stats totalBytes="68488056" >
  <allocated-bytes non-tlh="1882064" tlh="66605992" />
  <largest-consumer threadName="Thread-39" threadId="0000000000C93600" bytes="9049280" />
</allocation-stats>
<gc-op id="8218" type="mark" timems="34.399" contextid="8215" timestamp="2019-08-04T20:36:07.244">
  <trace-info objectcount="649420" scancount="561473" scanbytes="16322836" />
  <finalization candidates="154" enqueued="0" />
  <ownableSynchronizers candidates="23" cleared="0" />
  <references type="soft" candidates="1877" cleared="0" enqueued="0" dynamicThreshold="22" maxThreshold="32" />
  <references type="weak" candidates="6347" cleared="0" enqueued="0" />
  <references type="phantom" candidates="293" cleared="0" enqueued="0" />
  <stringconstants candidates="15929" cleared="0"  />
</gc-op>
<gc-op id="8219" type="sweep" timems="1.915" contextid="8215" timestamp="2019-08-04T20:36:07.246" />
<heap-resize id="8220" type="contract" space="tenure" amount="917504" count="1" timems="0.133" reason="excess free space following gc" timestamp="2019-08-04T20:36:07.246" />
<gc-end id="8221" type="global" contextid="8215" durationms="36.650" usertimems="158.878" systemtimems="43.848" timestamp="2019-08-04T20:36:07.246" activeThreads="16">
  <mem-info id="8222" free="67976000" total="95354880" percent="71">
    <mem type="tenure" free="67976000" total="95354880" percent="71" micro-fragmented="50805">
      <mem type="soa" free="67789808" total="94401536" percent="71" />
      <mem type="loa" free="186192" total="953344" percent="19" />
    </mem>
  </mem-info>
</gc-end>
<cycle-end id="8223" type="global" contextid="8215" timestamp="2019-08-04T20:36:07.246">
  <attribute name="GC Util" value="173" />
  <attribute name="CPU Util" value="12720767183211" />
  <attribute name="Time Running"value="107491"/>
  <attribute name="Number of cores"value="16"/>
</cycle-end>
<allocation-satisfied id="8224" threadId="0000000000C93600" bytesRequested="2056" />
<af-end id="8225" timestamp="2019-08-04T20:36:07.246" threadId="0000000000C93F88" success="true" />
<exclusive-end id="8226" timestamp="2019-08-04T20:36:07.246" durationms="37.800" />

<concurrent-kickoff id="8227" timestamp="2019-08-04T20:36:07.279">
  <kickoff reason="threshold reached" targetBytes="1935989" thresholdFreeBytes="284815" remainingFree="264088" tenureFreeBytes="264088" />
</concurrent-kickoff>
<exclusive-start id="8228" timestamp="2019-08-04T20:36:07.281" intervalms="72.506">
  <response-info timems="1.520" idlems="0.764" threads="1" lastid="0000000000C4C400" lastname="Thread-43" />
</exclusive-start>
<af-start id="8229" threadId="0000000000CA2E88" totalBytesRequested="48" timestamp="2019-08-04T20:36:07.281" intervalms="71.635" />
<concurrent-aborted id="8230" timestamp="2019-08-04T20:36:07.281">
  <reason value="insufficient progress made" />
</concurrent-aborted>
<cycle-end id="8231" type="global" contextid="8209" timestamp="2019-08-04T20:36:07.281">
  <attribute name="GC Util" value="173" />
  <attribute name="CPU Util" value="12720767183211" />
  <attribute name="Time Running"value="107491"/>
  <attribute name="Number of cores"value="16"/>
</cycle-end>
<cycle-start id="8232" type="global" contextid="0" timestamp="2019-08-04T20:36:07.281" intervalms="71.632" />
  <attribute name="GC Util" value="173" />
  <attribute name="CPU Util" value="12720767183211" />
  <attribute name="Time Running"value="107491"/>
  <attribute name="Number of cores"value="16"/>
<gc-start id="8233" type="global" contextid="8232" timestamp="2019-08-04T20:36:07.281">
  <mem-info id="8234" free="186192" total="95354880" percent="0">
    <mem type="tenure" free="186192" total="95354880" percent="0">
      <mem type="soa" free="0" total="94401536" percent="0" />
      <mem type="loa" free="186192" total="953344" percent="19" />
    </mem>
  </mem-info>
</gc-start>
<allocation-stats totalBytes="67485200" >
  <allocated-bytes non-tlh="1863096" tlh="65622104" />
  <largest-consumer threadName="Thread-41" threadId="0000000000C80A00" bytes="9653128" />
</allocation-stats>
<gc-op id="8235" type="mark" timems="14.889" contextid="8232" timestamp="2019-08-04T20:36:07.296">
  <trace-info objectcount="648111" scancount="560406" scanbytes="16291504" />
  <finalization candidates="154" enqueued="0" />
  <ownableSynchronizers candidates="23" cleared="0" />
  <references type="soft" candidates="1877" cleared="0" enqueued="0" dynamicThreshold="22" maxThreshold="32" />
  <references type="weak" candidates="6347" cleared="0" enqueued="0" />
  <references type="phantom" candidates="293" cleared="0" enqueued="0" />
  <stringconstants candidates="15929" cleared="0"  />
</gc-op>
<gc-op id="8236" type="sweep" timems="2.882" contextid="8232" timestamp="2019-08-04T20:36:07.299" />
<heap-resize id="8237" type="contract" space="tenure" amount="917504" count="1" timems="0.227" reason="excess free space following gc" timestamp="2019-08-04T20:36:07.299" />
<gc-end id="8238" type="global" contextid="8232" durationms="18.192" usertimems="87.146" systemtimems="14.457" timestamp="2019-08-04T20:36:07.299" activeThreads="16">
  <mem-info id="8239" free="67399024" total="94437376" percent="71">
    <mem type="tenure" free="67399024" total="94437376" percent="71" micro-fragmented="76691">
      <mem type="soa" free="67098552" total="93493248" percent="71" />
      <mem type="loa" free="300472" total="944128" percent="31" />
    </mem>
  </mem-info>
</gc-end>
<cycle-end id="8240" type="global" contextid="8232" timestamp="2019-08-04T20:36:07.299">
  <attribute name="GC Util" value="177" />
  <attribute name="CPU Util" value="8147770878040" />
  <attribute name="Time Running"value="107544"/>
  <attribute name="Number of cores"value="16"/>
</cycle-end>
<allocation-satisfied id="8241" threadId="0000000000CA2500" bytesRequested="48" />
<af-end id="8242" timestamp="2019-08-04T20:36:07.299" threadId="0000000000CA2E88" success="true" />
<exclusive-end id="8243" timestamp="2019-08-04T20:36:07.299" durationms="18.450" />

<exclusive-start id="8244" timestamp="2019-08-04T20:36:07.335" intervalms="54.368">
  <response-info timems="1.438" idlems="1.395" threads="1" lastid="0000000000C4C400" lastname="Thread-43" />
</exclusive-start>
<af-start id="8245" threadId="0000000000CA6A88" totalBytesRequested="2056" timestamp="2019-08-04T20:36:07.335" intervalms="54.378" />
<cycle-start id="8246" type="global" contextid="0" timestamp="2019-08-04T20:36:07.335" intervalms="54.362" />
  <attribute name="GC Util" value="177" />
  <attribute name="CPU Util" value="8147770878040" />
  <attribute name="Time Running"value="107544"/>
  <attribute name="Number of cores"value="16"/>
<gc-start id="8247" type="global" contextid="8246" timestamp="2019-08-04T20:36:07.335">
  <mem-info id="8248" free="300472" total="94437376" percent="0">
    <mem type="tenure" free="300472" total="94437376" percent="0">
      <mem type="soa" free="0" total="93493248" percent="0" />
      <mem type="loa" free="300472" total="944128" percent="31" />
    </mem>
  </mem-info>
</gc-start>
<allocation-stats totalBytes="66851216" >
  <allocated-bytes non-tlh="1903616" tlh="64947600" />
  <largest-consumer threadName="Thread-41" threadId="0000000000C80A00" bytes="9121720" />
</allocation-stats>
<gc-op id="8249" type="mark" timems="14.537" contextid="8246" timestamp="2019-08-04T20:36:07.350">
  <trace-info objectcount="648121" scancount="560352" scanbytes="16217444" />
  <finalization candidates="154" enqueued="0" />
  <ownableSynchronizers candidates="23" cleared="0" />
  <references type="soft" candidates="1877" cleared="0" enqueued="0" dynamicThreshold="22" maxThreshold="32" />
  <references type="weak" candidates="6347" cleared="0" enqueued="0" />
  <references type="phantom" candidates="293" cleared="0" enqueued="0" />
  <stringconstants candidates="15929" cleared="0"  />
</gc-op>
<gc-op id="8250" type="sweep" timems="1.937" contextid="8246" timestamp="2019-08-04T20:36:07.352" />
<heap-resize id="8251" type="contract" space="tenure" amount="917504" count="1" timems="0.181" reason="excess free space following gc" timestamp="2019-08-04T20:36:07.352" />
<gc-end id="8252" type="global" contextid="8246" durationms="16.944" usertimems="85.481" systemtimems="3.083" timestamp="2019-08-04T20:36:07.352" activeThreads="16">
  <mem-info id="8253" free="66242200" total="93519872" percent="70">
    <mem type="tenure" free="66242200" total="93519872" percent="70" micro-fragmented="137884">
      <mem type="soa" free="66126728" total="92584960" percent="71" />
      <mem type="loa" free="115472" total="934912" percent="12" />
    </mem>
  </mem-info>
</gc-end>
<cycle-end id="8254" type="global" contextid="8246" timestamp="2019-08-04T20:36:07.352">
  <attribute name="GC Util" value="153" />
  <attribute name="CPU Util" value="11899672012687" />
  <attribute name="Time Running"value="107597"/>
  <attribute name="Number of cores"value="16"/>
</cycle-end>
<allocation-satisfied id="8255" threadId="0000000000CA6100" bytesRequested="2056" />
<af-end id="8256" timestamp="2019-08-04T20:36:07.352" threadId="0000000000CA6A88" success="true" />
<exclusive-end id="8257" timestamp="2019-08-04T20:36:07.352" durationms="17.245" />

<concurrent-kickoff id="8258" timestamp="2019-08-04T20:36:07.396">
  <kickoff reason="threshold reached" targetBytes="1898734" thresholdFreeBytes="279334" remainingFree="278616" tenureFreeBytes="278616" />
</concurrent-kickoff>
<exclusive-start id="8259" timestamp="2019-08-04T20:36:07.397" intervalms="61.573">
  <response-info timems="0.210" idlems="0.095" threads="2" lastid="0000000000CA9D00" lastname="Thread-40" />
</exclusive-start>
<cycle-start id="8260" type="global" contextid="0" timestamp="2019-08-04T20:36:07.397" intervalms="61.508" />
  <attribute name="GC Util" value="153" />
  <attribute name="CPU Util" value="11899672012687" />
  <attribute name="Time Running"value="107597"/>
  <attribute name="Number of cores"value="16"/>
<exclusive-end id="8261" timestamp="2019-08-04T20:36:07.397" durationms="0.044" />

<exclusive-start id="8262" timestamp="2019-08-04T20:36:07.398" intervalms="1.041">
  <response-info timems="0.427" idlems="0.232" threads="1" lastid="0000000000CA9D00" lastname="Thread-40" />
</exclusive-start>
<af-start id="8263" threadId="0000000000C79B88" totalBytesRequested="8200" timestamp="2019-08-04T20:36:07.398" intervalms="62.603" />
<gc-start id="8264" type="global" contextid="8260" timestamp="2019-08-04T20:36:07.398">
  <mem-info id="8265" free="115472" total="93519872" percent="0">
    <mem type="tenure" free="115472" total="93519872" percent="0">
      <mem type="soa" free="0" total="92584960" percent="0" />
      <mem type="loa" free="115472" total="934912" percent="12" />
    </mem>
  </mem-info>
</gc-start>
<allocation-stats totalBytes="65957384" >
  <allocated-bytes non-tlh="2059368" tlh="63898016" />
  <largest-consumer threadName="Thread-41" threadId="0000000000C80A00" bytes="8416256" />
</allocation-stats>
<concurrent-halted id="8266" timestamp="2019-08-04T20:36:07.398">
  <halted state="Class scanning incomplete" status="trace only" />
  <traced bytesTarget="1898734" bytesTotal="160952" bytesByMutator="49624" bytesByHelper="111328" percent="8" />
  <cards cleaned="0" thresholdBytes="110040" />
</concurrent-halted>
<gc-op id="8267" type="tracing" timems="10.653" contextid="8260" timestamp="2019-08-04T20:36:07.408">
  <trace bytesTraced="13602396" workStackOverflowCount="0" />
</gc-op>
<gc-op id="8268" type="card-cleaning" timems="0.994" contextid="8260" timestamp="2019-08-04T20:36:07.409">
  <card-cleaning cardsCleaned="280" bytesTraced="693744" workStackOverflowCount="0" />
</gc-op>
<gc-op id="8269" type="mark" timems="6.043" contextid="8260" timestamp="2019-08-04T20:36:07.416">
  <trace-info objectcount="69006" scancount="53962" scanbytes="2280708" />
  <finalization candidates="154" enqueued="0" />
  <ownableSynchronizers candidates="23" cleared="0" />
  <references type="soft" candidates="1877" cleared="0" enqueued="0" dynamicThreshold="22" maxThreshold="32" />
  <references type="weak" candidates="6348" cleared="0" enqueued="0" />
  <references type="phantom" candidates="293" cleared="0" enqueued="0" />
  <stringconstants candidates="15929" cleared="0"  />
</gc-op>
<gc-op id="8270" type="sweep" timems="1.686" contextid="8260" timestamp="2019-08-04T20:36:07.417" />
<heap-resize id="8271" type="contract" space="tenure" amount="917504" count="1" timems="0.075" reason="excess free space following gc" timestamp="2019-08-04T20:36:07.417" />
<gc-end id="8272" type="global" contextid="8260" durationms="19.674" usertimems="62.243" systemtimems="16.592" timestamp="2019-08-04T20:36:07.417" activeThreads="16">
  <mem-info id="8273" free="65208480" total="92602368" percent="70">
    <mem type="tenure" free="65208480" total="92602368" percent="70" micro-fragmented="73226">
      <mem type="soa" free="65039960" total="91676672" percent="70" />
      <mem type="loa" free="168520" total="925696" percent="18" />
    </mem>
  </mem-info>
</gc-end>
<cycle-end id="8274" type="global" contextid="8260" timestamp="2019-08-04T20:36:07.418">
  <attribute name="GC Util" value="199" />
  <attribute name="CPU Util" value="16028267434343" />
  <attribute name="Time Running"value="107662"/>
  <attribute name="Number of cores"value="16"/>
</cycle-end>
<allocation-satisfied id="8275" threadId="0000000000C79200" bytesRequested="8200" />
<af-end id="8276" timestamp="2019-08-04T20:36:07.418" threadId="0000000000C79B88" success="true" />
<exclusive-end id="8277" timestamp="2019-08-04T20:36:07.418" durationms="20.073" />

<concurrent-kickoff id="8278" timestamp="2019-08-04T20:36:07.451">
  <kickoff reason="threshold reached" targetBytes="1751187" thresholdFreeBytes="259532" remainingFree="232320" tenureFreeBytes="232320" />
</concurrent-kickoff>
<exclusive-start id="8279" timestamp="2019-08-04T20:36:07.455" intervalms="56.893">
  <response-info timems="3.742" idlems="3.731" threads="1" lastid="0000000000C53B00" lastname="Thread-37" />
</exclusive-start>
<cycle-start id="8280" type="global" contextid="0" timestamp="2019-08-04T20:36:07.455" intervalms="57.935" />
  <attribute name="GC Util" value="199" />
  <attribute name="CPU Util" value="16028267434343" />
  <attribute name="Time Running"value="107662"/>
  <attribute name="Number of cores"value="16"/>
<exclusive-end id="8281" timestamp="2019-08-04T20:36:07.455" durationms="0.055" />

<exclusive-start id="8282" timestamp="2019-08-04T20:36:07.455" intervalms="0.325">
  <response-info timems="0.249" idlems="0.249" threads="0" lastid="0000000000C79200" lastname="Thread-47" />
</exclusive-start>
<af-start id="8283" threadId="0000000000C79B88" totalBytesRequested="16392" timestamp="2019-08-04T20:36:07.455" intervalms="57.485" />
<concurrent-aborted id="8284" timestamp="2019-08-04T20:36:07.455">
  <reason value="insufficient progress made" />
</concurrent-aborted>
<cycle-end id="8285" type="global" contextid="8280" timestamp="2019-08-04T20:36:07.455">
  <attribute name="GC Util" value="199" />
  <attribute name="CPU Util" value="16028267434343" />
  <attribute name="Time Running"value="107662"/>
  <attribute name="Number of cores"value="16"/>
</cycle-end>
<cycle-start id="8286" type="global" contextid="0" timestamp="2019-08-04T20:36:07.455" intervalms="0.681" />
  <attribute name="GC Util" value="199" />
  <attribute name="CPU Util" value="16028267434343" />
  <attribute name="Time Running"value="107662"/>
  <attribute name="Number of cores"value="16"/>
<gc-start id="8287" type="global" contextid="8286" timestamp="2019-08-04T20:36:07.455">
  <mem-info id="8288" free="168520" total="92602368" percent="0">
    <mem type="tenure" free="168520" total="92602368" percent="0">
      <mem type="soa" free="0" total="91676672" percent="0" />
      <mem type="loa" free="168520" total="925696" percent="18" />
    </mem>
  </mem-info>
</gc-start>
<allocation-stats totalBytes="64853456" >
  <allocated-bytes non-tlh="2003912" tlh="62849544" />
  <largest-consumer threadName="Thread-47" threadId="0000000000C79200" bytes="7754504" />
</allocation-stats>
<gc-op id="8289" type="mark" timems="15.369" contextid="8286" timestamp="2019-08-04T20:36:07.471">
  <trace-info objectcount="648626" scancount="560750" scanbytes="16252764" />
  <finalization candidates="154" enqueued="0" />
  <ownableSynchronizers candidates="23" cleared="0" />
  <references type="soft" candidates="1877" cleared="0" enqueued="0" dynamicThreshold="22" maxThreshold="32" />
  <references type="weak" candidates="6347" cleared="0" enqueued="0" />
  <references type="phantom" candidates="290" cleared="0" enqueued="0" />
  <stringconstants candidates="15929" cleared="0"  />
</gc-op>
<gc-op id="8290" type="sweep" timems="2.298" contextid="8286" timestamp="2019-08-04T20:36:07.473" />
<heap-resize id="8291" type="contract" space="tenure" amount="851968" count="1" timems="0.318" reason="excess free space following gc" timestamp="2019-08-04T20:36:07.473" />
<gc-end id="8292" type="global" contextid="8286" durationms="18.147" usertimems="96.772" systemtimems="18.019" timestamp="2019-08-04T20:36:07.473" activeThreads="16">
  <mem-info id="8293" free="64513712" total="91750400" percent="70">
    <mem type="tenure" free="64513712" total="91750400" percent="70" micro-fragmented="93096">
      <mem type="soa" free="64229312" total="90832896" percent="70" />
      <mem type="loa" free="284400" total="917504" percent="30" />
    </mem>
  </mem-info>
</gc-end>
<cycle-end id="8294" type="global" contextid="8286" timestamp="2019-08-04T20:36:07.474">
  <attribute name="GC Util" value="201" />
  <attribute name="CPU Util" value="10238496801099" />
  <attribute name="Time Running"value="107718"/>
  <attribute name="Number of cores"value="16"/>
</cycle-end>
<allocation-satisfied id="8295" threadId="0000000000C79200" bytesRequested="16392" />
<af-end id="8296" timestamp="2019-08-04T20:36:07.474" threadId="0000000000C79B88" success="true" />
<exclusive-end id="8297" timestamp="2019-08-04T20:36:07.474" durationms="18.727" />

<exclusive-start id="8298" timestamp="2019-08-04T20:36:07.498" intervalms="43.191">
  <response-info timems="1.407" idlems="1.407" threads="0" lastid="0000000000C5B300" lastname="Thread-42" />
</exclusive-start>
<af-start id="8299" threadId="0000000000C5BC88" totalBytesRequested="48" timestamp="2019-08-04T20:36:07.498" intervalms="42.935" />
<cycle-start id="8300" type="global" contextid="0" timestamp="2019-08-04T20:36:07.498" intervalms="43.123" />
  <attribute name="GC Util" value="201" />
  <attribute name="CPU Util" value="10238496801099" />
  <attribute name="Time Running"value="107718"/>
  <attribute name="Number of cores"value="16"/>
<gc-start id="8301" type="global" contextid="8300" timestamp="2019-08-04T20:36:07.498">
  <mem-info id="8302" free="284400" total="91750400" percent="0">
    <mem type="tenure" free="284400" total="91750400" percent="0">
      <mem type="soa" free="0" total="90832896" percent="0" />
      <mem type="loa" free="284400" total="917504" percent="30" />
    </mem>
  </mem-info>
</gc-start>
<allocation-stats totalBytes="63895720" >
  <allocated-bytes non-tlh="2869440" tlh="61026280" />
  <largest-consumer threadName="Thread-51" threadId="0000000000C84600" bytes="6027456" />
</allocation-stats>
<gc-op id="8303" type="mark" timems="15.728" contextid="8300" timestamp="2019-08-04T20:36:07.514">
  <trace-info objectcount="648612" scancount="560746" scanbytes="16305964" />
  <finalization candidates="154" enqueued="0" />
  <ownableSynchronizers candidates="23" cleared="0" />
  <references type="soft" candidates="1877" cleared="0" enqueued="0" dynamicThreshold="22" maxThreshold="32" />
  <references type="weak" candidates="6347" cleared="0" enqueued="0" />
  <references type="phantom" candidates="292" cleared="0" enqueued="0" />
  <stringconstants candidates="15929" cleared="0"  />
</gc-op>
<gc-op id="8304" type="sweep" timems="2.762" contextid="8300" timestamp="2019-08-04T20:36:07.517" />
<mem-info id="8305" free="64858192" total="91750400" percent="70">
  <mem type="tenure" free="64858192" total="91750400" percent="70" micro-fragmented="52526">
    <mem type="soa" free="63940976" total="90832896" percent="70" />
    <mem type="loa" free="917216" total="917504" percent="99" />
  </mem>
</mem-info>
<gc-op id="8306" type="compact" timems="38.110" contextid="8300" timestamp="2019-08-04T20:36:07.555">
  <compact-info movecount="47851" movebytes="8371480" reason="compact to aid heap contraction" />
</gc-op>
<heap-resize id="8307" type="contract" space="tenure" amount="851968" count="1" timems="0.049" reason="excess free space following gc" timestamp="2019-08-04T20:36:07.555" />
<gc-end id="8308" type="global" contextid="8300" durationms="57.004" usertimems="166.445" systemtimems="16.585" timestamp="2019-08-04T20:36:07.555" activeThreads="16">
  <mem-info id="8309" free="64034768" total="90898432" percent="70">
    <mem type="tenure" free="64034768" total="90898432" percent="70">
      <mem type="soa" free="63126480" total="89990144" percent="70" />
      <mem type="loa" free="908288" total="908288" percent="100" />
    </mem>
  </mem-info>
</gc-end>
<cycle-end id="8310" type="global" contextid="8300" timestamp="2019-08-04T20:36:07.556">
  <attribute name="GC Util" value="89" />
  <attribute name="CPU Util" value="39964860734699" />
  <attribute name="Time Running"value="107763"/>
  <attribute name="Number of cores"value="16"/>
</cycle-end>
<allocation-satisfied id="8311" threadId="0000000000C5B300" bytesRequested="48" />
<af-end id="8312" timestamp="2019-08-04T20:36:07.556" threadId="0000000000C5BC88" success="true" />
<exclusive-end id="8313" timestamp="2019-08-04T20:36:07.556" durationms="57.496" />

<exclusive-start id="8314" timestamp="2019-08-04T20:36:07.633" intervalms="135.370">
  <response-info timems="0.881" idlems="0.881" threads="0" lastid="0000000000C5B300" lastname="Thread-42" />
</exclusive-start>
<af-start id="8315" threadId="0000000000C5BC88" totalBytesRequested="48" timestamp="2019-08-04T20:36:07.634" intervalms="135.394" />
<cycle-start id="8316" type="global" contextid="0" timestamp="2019-08-04T20:36:07.634" intervalms="135.175" />
  <attribute name="GC Util" value="89" />
  <attribute name="CPU Util" value="39964860734699" />
  <attribute name="Time Running"value="107763"/>
  <attribute name="Number of cores"value="16"/>
<gc-start id="8317" type="global" contextid="8316" timestamp="2019-08-04T20:36:07.634">
  <mem-info id="8318" free="908288" total="90898432" percent="0">
    <mem type="tenure" free="908288" total="90898432" percent="0">
      <mem type="soa" free="0" total="89990144" percent="0" />
      <mem type="loa" free="908288" total="908288" percent="100" />
    </mem>
  </mem-info>
</gc-start>
<allocation-stats totalBytes="63074896" >
  <allocated-bytes non-tlh="0" tlh="63074896" />
  <largest-consumer threadName="Thread-37" threadId="0000000000C53B00" bytes="6015752" />
</allocation-stats>
<gc-op id="8319" type="mark" timems="47.661" contextid="8316" timestamp="2019-08-04T20:36:07.681">
  <trace-info objectcount="648462" scancount="560565" scanbytes="16292020" />
  <finalization candidates="154" enqueued="0" />
  <ownableSynchronizers candidates="23" cleared="0" />
  <references type="soft" candidates="1877" cleared="0" enqueued="0" dynamicThreshold="22" maxThreshold="32" />
  <references type="weak" candidates="6347" cleared="0" enqueued="0" />
  <references type="phantom" candidates="293" cleared="0" enqueued="0" />
  <stringconstants candidates="15929" cleared="0"  />
</gc-op>
<gc-op id="8320" type="sweep" timems="1.731" contextid="8316" timestamp="2019-08-04T20:36:07.683" />
<gc-end id="8321" type="global" contextid="8316" durationms="49.548" usertimems="249.495" systemtimems="102.740" timestamp="2019-08-04T20:36:07.683" activeThreads="16">
  <mem-info id="8322" free="47510840" total="90898432" percent="52">
    <mem type="tenure" free="47510840" total="90898432" percent="52" micro-fragmented="1793">
      <mem type="soa" free="46602608" total="89990144" percent="51" />
      <mem type="loa" free="908232" total="908288" percent="99" />
    </mem>
  </mem-info>
</gc-end>
<cycle-end id="8323" type="global" contextid="8316" timestamp="2019-08-04T20:36:07.683">
  <attribute name="GC Util" value="658" />
  <attribute name="CPU Util" value="387319595239" />
  <attribute name="Time Running"value="107927"/>
  <attribute name="Number of cores"value="16"/>
</cycle-end>
<allocation-satisfied id="8324" threadId="0000000000C5B300" bytesRequested="48" />
<af-end id="8325" timestamp="2019-08-04T20:36:07.683" threadId="0000000000C5BC88" success="true" />
<exclusive-end id="8326" timestamp="2019-08-04T20:36:07.683" durationms="49.932" />

<exclusive-start id="8327" timestamp="2019-08-04T20:36:07.734" intervalms="100.622">
  <response-info timems="0.094" idlems="0.094" threads="0" lastid="0000000000CA6100" lastname="Thread-44" />
</exclusive-start>
<af-start id="8328" threadId="0000000000CA6A88" totalBytesRequested="48" timestamp="2019-08-04T20:36:07.734" intervalms="100.614" />
<cycle-start id="8329" type="global" contextid="0" timestamp="2019-08-04T20:36:07.735" intervalms="101.191" />
  <attribute name="GC Util" value="21" />
  <attribute name="CPU Util" value="349930851846" />
  <attribute name="Time Running"value="107980"/>
  <attribute name="Number of cores"value="16"/>
<gc-start id="8330" type="global" contextid="8329" timestamp="2019-08-04T20:36:07.735">
  <mem-info id="8331" free="908288" total="90898432" percent="0">
    <mem type="tenure" free="908288" total="90898432" percent="0">
      <mem type="soa" free="0" total="89990144" percent="0" />
      <mem type="loa" free="908288" total="908288" percent="100" />
    </mem>
  </mem-info>
</gc-start>
<allocation-stats totalBytes="62646608" >
  <allocated-bytes non-tlh="2073672" tlh="60572936" />
  <largest-consumer threadName="Thread-44" threadId="0000000000CA6100" bytes="6477752" />
</allocation-stats>
<gc-op id="8332" type="mark" timems="10.612" contextid="8329" timestamp="2019-08-04T20:36:07.745">
  <trace-info objectcount="648430" scancount="560491" scanbytes="16226904" />
  <finalization candidates="154" enqueued="0" />
  <ownableSynchronizers candidates="23" cleared="0" />
  <references type="soft" candidates="1877" cleared="0" enqueued="0" dynamicThreshold="16" maxThreshold="32" />
  <references type="weak" candidates="6348" cleared="0" enqueued="0" />
  <references type="phantom" candidates="292" cleared="0" enqueued="0" />
  <stringconstants candidates="15929" cleared="0"  />
</gc-op>
<gc-op id="8333" type="sweep" timems="1.305" contextid="8329" timestamp="2019-08-04T20:36:07.747" />
<gc-end id="8334" type="global" contextid="8329" durationms="12.061" usertimems="65.969" systemtimems="2.593" timestamp="2019-08-04T20:36:07.747" activeThreads="16">
  <mem-info id="8335" free="47312488" total="90898432" percent="52">
    <mem type="tenure" free="47312488" total="90898432" percent="52" micro-fragmented="0">
      <mem type="soa" free="46404248" total="89990144" percent="51" />
      <mem type="loa" free="908240" total="908288" percent="99" />
    </mem>
  </mem-info>
</gc-end>
<cycle-end id="8336" type="global" contextid="8329" timestamp="2019-08-04T20:36:07.747">
  <attribute name="GC Util" value="559" />
  <attribute name="CPU Util" value="1730068929895" />
  <attribute name="Time Running"value="107991"/>
  <attribute name="Number of cores"value="16"/>
</cycle-end>
<allocation-satisfied id="8337" threadId="0000000000CA6100" bytesRequested="48" />
<af-end id="8338" timestamp="2019-08-04T20:36:07.747" threadId="0000000000CA6A88" success="true" />
<exclusive-end id="8339" timestamp="2019-08-04T20:36:07.747" durationms="12.973" />

<exclusive-start id="8340" timestamp="2019-08-04T20:36:07.771" intervalms="36.781">
  <response-info timems="0.124" idlems="0.116" threads="1" lastid="0000000000C5B300" lastname="Thread-42" />
</exclusive-start>
<af-start id="8341" threadId="0000000000C67088" totalBytesRequested="1032" timestamp="2019-08-04T20:36:07.771" intervalms="36.765" />
<cycle-start id="8342" type="global" contextid="0" timestamp="2019-08-04T20:36:07.772" intervalms="36.995" />
  <attribute name="GC Util" value="35" />
  <attribute name="CPU Util" value="726653323361" />
  <attribute name="Time Running"value="108017"/>
  <attribute name="Number of cores"value="16"/>
<gc-start id="8343" type="global" contextid="8342" timestamp="2019-08-04T20:36:07.772">
  <mem-info id="8344" free="908288" total="90898432" percent="0">
    <mem type="tenure" free="908288" total="90898432" percent="0">
      <mem type="soa" free="0" total="89990144" percent="0" />
      <mem type="loa" free="908288" total="908288" percent="100" />
    </mem>
  </mem-info>
</gc-start>
<allocation-stats totalBytes="62779112" >
  <allocated-bytes non-tlh="2242768" tlh="60536344" />
  <largest-consumer threadName="Thread-42" threadId="0000000000C5B300" bytes="6235312" />
</allocation-stats>
<gc-op id="8345" type="mark" timems="12.874" contextid="8342" timestamp="2019-08-04T20:36:07.785">
  <trace-info objectcount="647551" scancount="559818" scanbytes="16208984" />
  <finalization candidates="154" enqueued="0" />
  <ownableSynchronizers candidates="23" cleared="0" />
  <references type="soft" candidates="1877" cleared="0" enqueued="0" dynamicThreshold="16" maxThreshold="32" />
  <references type="weak" candidates="6347" cleared="0" enqueued="0" />
  <references type="phantom" candidates="294" cleared="0" enqueued="0" />
  <stringconstants candidates="15929" cleared="0"  />
</gc-op>
<gc-op id="8346" type="sweep" timems="2.034" contextid="8342" timestamp="2019-08-04T20:36:07.787" />
<gc-end id="8347" type="global" contextid="8342" durationms="15.048" usertimems="67.270" systemtimems="9.155" timestamp="2019-08-04T20:36:07.787" activeThreads="16">
  <mem-info id="8348" free="47169880" total="90898432" percent="51">
    <mem type="tenure" free="47169880" total="90898432" percent="51" micro-fragmented="0">
      <mem type="soa" free="46261632" total="89990144" percent="51" />
      <mem type="loa" free="908248" total="908288" percent="99" />
    </mem>
  </mem-info>
</gc-end>
<cycle-end id="8349" type="global" contextid="8342" timestamp="2019-08-04T20:36:07.787">
  <attribute name="GC Util" value="550" />
  <attribute name="CPU Util" value="1426108172297" />
  <attribute name="Time Running"value="108030"/>
  <attribute name="Number of cores"value="16"/>
</cycle-end>
<allocation-satisfied id="8350" threadId="0000000000C66700" bytesRequested="1032" />
<af-end id="8351" timestamp="2019-08-04T20:36:07.787" threadId="0000000000C67088" success="true" />
<exclusive-end id="8352" timestamp="2019-08-04T20:36:07.787" durationms="16.147" />

<exclusive-start id="8353" timestamp="2019-08-04T20:36:07.814" intervalms="43.357">
  <response-info timems="0.143" idlems="0.128" threads="1" lastid="0000000000C79200" lastname="Thread-47" />
</exclusive-start>
<af-start id="8354" threadId="0000000000C67088" totalBytesRequested="520" timestamp="2019-08-04T20:36:07.814" intervalms="43.360" />
<cycle-start id="8355" type="global" contextid="0" timestamp="2019-08-04T20:36:07.815" intervalms="42.917" />
  <attribute name="GC Util" value="18" />
  <attribute name="CPU Util" value="624694687176" />
  <attribute name="Time Running"value="108060"/>
  <attribute name="Number of cores"value="16"/>
<gc-start id="8356" type="global" contextid="8355" timestamp="2019-08-04T20:36:07.815">
  <mem-info id="8357" free="908288" total="90898432" percent="0">
    <mem type="tenure" free="908288" total="90898432" percent="0">
      <mem type="soa" free="0" total="89990144" percent="0" />
      <mem type="loa" free="908288" total="908288" percent="100" />
    </mem>
  </mem-info>
</gc-start>
<allocation-stats totalBytes="63103944" >
  <allocated-bytes non-tlh="1879024" tlh="61224920" />
  <largest-consumer threadName="Thread-44" threadId="0000000000CA6100" bytes="7192328" />
</allocation-stats>
<gc-op id="8358" type="mark" timems="13.813" contextid="8355" timestamp="2019-08-04T20:36:07.829">
  <trace-info objectcount="647348" scancount="559597" scanbytes="16204732" />
  <finalization candidates="154" enqueued="0" />
  <ownableSynchronizers candidates="23" cleared="0" />
  <references type="soft" candidates="1877" cleared="0" enqueued="0" dynamicThreshold="16" maxThreshold="32" />
  <references type="weak" candidates="6348" cleared="0" enqueued="0" />
  <references type="phantom" candidates="295" cleared="0" enqueued="0" />
  <stringconstants candidates="15929" cleared="0"  />
</gc-op>
<gc-op id="8359" type="sweep" timems="1.956" contextid="8355" timestamp="2019-08-04T20:36:07.831" />
<heap-resize id="8360" type="contract" space="tenure" amount="851968" count="1" timems="0.078" reason="excess free space following gc" timestamp="2019-08-04T20:36:07.831" />
<gc-end id="8361" type="global" contextid="8355" durationms="16.020" usertimems="63.601" systemtimems="18.569" timestamp="2019-08-04T20:36:07.831" activeThreads="16">
  <mem-info id="8362" free="62858744" total="90046464" percent="69">
    <mem type="tenure" free="62858744" total="90046464" percent="69" micro-fragmented="44557">
      <mem type="soa" free="62685328" total="89146368" percent="70" />
      <mem type="loa" free="173416" total="900096" percent="19" />
    </mem>
  </mem-info>
</gc-end>
<cycle-end id="8363" type="global" contextid="8355" timestamp="2019-08-04T20:36:07.831">
  <attribute name="GC Util" value="140" />
  <attribute name="CPU Util" value="13333540949979" />
  <attribute name="Time Running"value="108076"/>
  <attribute name="Number of cores"value="16"/>
</cycle-end>
<allocation-satisfied id="8364" threadId="0000000000C66700" bytesRequested="520" />
<af-end id="8365" timestamp="2019-08-04T20:36:07.831" threadId="0000000000C67088" success="true" />
<exclusive-end id="8366" timestamp="2019-08-04T20:36:07.831" durationms="16.717" />

<concurrent-kickoff id="8367" timestamp="2019-08-04T20:36:07.862">
  <kickoff reason="threshold reached" targetBytes="1702851" thresholdFreeBytes="252369" remainingFree="234504" tenureFreeBytes="234504" />
</concurrent-kickoff>
<exclusive-start id="8368" timestamp="2019-08-04T20:36:07.862" intervalms="48.250">
  <response-info timems="0.660" idlems="0.154" threads="5" lastid="0000000000CA6100" lastname="Thread-44" />
</exclusive-start>
<cycle-start id="8369" type="global" contextid="0" timestamp="2019-08-04T20:36:07.862" intervalms="47.809" />
  <attribute name="GC Util" value="140" />
  <attribute name="CPU Util" value="13333540949979" />
  <attribute name="Time Running"value="108076"/>
  <attribute name="Number of cores"value="16"/>
<exclusive-end id="8370" timestamp="2019-08-04T20:36:07.862" durationms="0.029" />

<exclusive-start id="8371" timestamp="2019-08-04T20:36:07.863" intervalms="0.453">
  <response-info timems="0.353" idlems="0.353" threads="0" lastid="0000000000C66700" lastname="Thread-50" />
</exclusive-start>
<af-start id="8372" threadId="0000000000C67088" totalBytesRequested="56" timestamp="2019-08-04T20:36:07.863" intervalms="48.698" />
<concurrent-aborted id="8373" timestamp="2019-08-04T20:36:07.863">
  <reason value="insufficient progress made" />
</concurrent-aborted>
<cycle-end id="8374" type="global" contextid="8369" timestamp="2019-08-04T20:36:07.863">
  <attribute name="GC Util" value="140" />
  <attribute name="CPU Util" value="13333540949979" />
  <attribute name="Time Running"value="108076"/>
  <attribute name="Number of cores"value="16"/>
</cycle-end>
<cycle-start id="8375" type="global" contextid="0" timestamp="2019-08-04T20:36:07.863" intervalms="0.527" />
  <attribute name="GC Util" value="140" />
  <attribute name="CPU Util" value="13333540949979" />
  <attribute name="Time Running"value="108076"/>
  <attribute name="Number of cores"value="16"/>
<gc-start id="8376" type="global" contextid="8375" timestamp="2019-08-04T20:36:07.863">
  <mem-info id="8377" free="173416" total="90046464" percent="0">
    <mem type="tenure" free="173416" total="90046464" percent="0">
      <mem type="soa" free="0" total="89146368" percent="0" />
      <mem type="loa" free="173416" total="900096" percent="19" />
    </mem>
  </mem-info>
</gc-start>
<allocation-stats totalBytes="62543328" >
  <allocated-bytes non-tlh="2202720" tlh="60340608" />
  <largest-consumer threadName="Thread-44" threadId="0000000000CA6100" bytes="8815976" />
</allocation-stats>
<gc-op id="8378" type="mark" timems="11.993" contextid="8375" timestamp="2019-08-04T20:36:07.875">
  <trace-info objectcount="647792" scancount="559989" scanbytes="16282920" />
  <finalization candidates="154" enqueued="0" />
  <ownableSynchronizers candidates="23" cleared="0" />
  <references type="soft" candidates="1877" cleared="0" enqueued="0" dynamicThreshold="22" maxThreshold="32" />
  <references type="weak" candidates="6347" cleared="0" enqueued="0" />
  <references type="phantom" candidates="292" cleared="0" enqueued="0" />
  <stringconstants candidates="15929" cleared="0"  />
</gc-op>
<gc-op id="8379" type="sweep" timems="3.086" contextid="8375" timestamp="2019-08-04T20:36:07.878" />
<heap-resize id="8380" type="contract" space="tenure" amount="851968" count="1" timems="0.095" reason="excess free space following gc" timestamp="2019-08-04T20:36:07.878" />
<gc-end id="8381" type="global" contextid="8375" durationms="15.322" usertimems="90.150" systemtimems="0.810" timestamp="2019-08-04T20:36:07.878" activeThreads="16">
  <mem-info id="8382" free="61953200" total="89194496" percent="69">
    <mem type="tenure" free="61953200" total="89194496" percent="69" micro-fragmented="54716">
      <mem type="soa" free="61815640" total="88302592" percent="70" />
      <mem type="loa" free="137560" total="891904" percent="15" />
    </mem>
  </mem-info>
</gc-end>
<cycle-end id="8383" type="global" contextid="8375" timestamp="2019-08-04T20:36:07.878">
  <attribute name="GC Util" value="101" />
  <attribute name="CPU Util" value="7771823010375" />
  <attribute name="Time Running"value="108123"/>
  <attribute name="Number of cores"value="16"/>
</cycle-end>
<allocation-satisfied id="8384" threadId="0000000000C66700" bytesRequested="56" />
<af-end id="8385" timestamp="2019-08-04T20:36:07.878" threadId="0000000000C67088" success="true" />
<exclusive-end id="8386" timestamp="2019-08-04T20:36:07.878" durationms="15.592" />

<concurrent-kickoff id="8387" timestamp="2019-08-04T20:36:07.915">
  <kickoff reason="threshold reached" targetBytes="1686741" thresholdFreeBytes="249980" remainingFree="246576" tenureFreeBytes="246576" />
</concurrent-kickoff>
<exclusive-start id="8388" timestamp="2019-08-04T20:36:07.915" intervalms="52.096">
  <response-info timems="0.269" idlems="0.154" threads="1" lastid="0000000000C4C400" lastname="Thread-43" />
</exclusive-start>
<cycle-start id="8389" type="global" contextid="0" timestamp="2019-08-04T20:36:07.915" intervalms="52.015" />
  <attribute name="GC Util" value="101" />
  <attribute name="CPU Util" value="7771823010375" />
  <attribute name="Time Running"value="108123"/>
  <attribute name="Number of cores"value="16"/>
<exclusive-end id="8390" timestamp="2019-08-04T20:36:07.916" durationms="1.334" />

<exclusive-start id="8391" timestamp="2019-08-04T20:36:07.917" intervalms="1.978">
  <response-info timems="0.217" idlems="0.217" threads="0" lastid="0000000000C5B300" lastname="Thread-42" />
</exclusive-start>
<af-start id="8392" threadId="0000000000C5BC88" totalBytesRequested="32776" timestamp="2019-08-04T20:36:07.917" intervalms="54.061" />
<gc-start id="8393" type="global" contextid="8389" timestamp="2019-08-04T20:36:07.917">
  <mem-info id="8394" free="137560" total="89194496" percent="0">
    <mem type="tenure" free="137560" total="89194496" percent="0">
      <mem type="soa" free="0" total="88302592" percent="0" />
      <mem type="loa" free="137560" total="891904" percent="15" />
    </mem>
  </mem-info>
</gc-start>
<allocation-stats totalBytes="61654576" >
  <allocated-bytes non-tlh="2157712" tlh="59496864" />
  <largest-consumer threadName="Thread-52" threadId="0000000000C71B00" bytes="6213264" />
</allocation-stats>
<concurrent-halted id="8395" timestamp="2019-08-04T20:36:07.918">
  <halted state="Tracing incomplete" status="trace only" />
  <traced bytesTarget="1686741" bytesTotal="0" bytesByMutator="0" bytesByHelper="0" percent="0" />
  <cards cleaned="0" thresholdBytes="98476" />
</concurrent-halted>
<gc-op id="8396" type="tracing" timems="9.039" contextid="8389" timestamp="2019-08-04T20:36:07.927">
  <trace bytesTraced="13927332" workStackOverflowCount="0" />
</gc-op>
<gc-op id="8397" type="card-cleaning" timems="2.032" contextid="8389" timestamp="2019-08-04T20:36:07.929">
  <card-cleaning cardsCleaned="219" bytesTraced="511608" workStackOverflowCount="0" />
</gc-op>
<gc-op id="8398" type="mark" timems="8.593" contextid="8389" timestamp="2019-08-04T20:36:07.938">
  <trace-info objectcount="68408" scancount="53059" scanbytes="2375660" />
  <finalization candidates="154" enqueued="0" />
  <ownableSynchronizers candidates="23" cleared="0" />
  <references type="soft" candidates="1877" cleared="0" enqueued="0" dynamicThreshold="22" maxThreshold="32" />
  <references type="weak" candidates="6347" cleared="0" enqueued="0" />
  <references type="phantom" candidates="290" cleared="0" enqueued="0" />
  <stringconstants candidates="15929" cleared="0"  />
</gc-op>
<gc-op id="8399" type="sweep" timems="4.678" contextid="8389" timestamp="2019-08-04T20:36:07.943" />
<heap-resize id="8400" type="contract" space="tenure" amount="851968" count="1" timems="0.085" reason="excess free space following gc" timestamp="2019-08-04T20:36:07.943" />
<gc-end id="8401" type="global" contextid="8389" durationms="25.882" usertimems="91.701" systemtimems="9.541" timestamp="2019-08-04T20:36:07.943" activeThreads="16">
  <mem-info id="8402" free="60823760" total="88342528" percent="68">
    <mem type="tenure" free="60823760" total="88342528" percent="68" micro-fragmented="47749">
      <mem type="soa" free="60583648" total="87459840" percent="69" />
      <mem type="loa" free="240112" total="882688" percent="27" />
    </mem>
  </mem-info>
</gc-end>
<cycle-end id="8403" type="global" contextid="8389" timestamp="2019-08-04T20:36:07.943">
  <attribute name="GC Util" value="189" />
  <attribute name="CPU Util" value="7751245903567" />
  <attribute name="Time Running"value="108186"/>
  <attribute name="Number of cores"value="16"/>
</cycle-end>
<allocation-satisfied id="8404" threadId="0000000000C5B300" bytesRequested="32776" />
<af-end id="8405" timestamp="2019-08-04T20:36:07.943" threadId="0000000000C5BC88" success="true" />
<exclusive-end id="8406" timestamp="2019-08-04T20:36:07.943" durationms="26.141" />

<exclusive-start id="8407" timestamp="2019-08-04T20:36:07.977" intervalms="60.025">
  <response-info timems="0.808" idlems="0.808" threads="0" lastid="0000000000C5B300" lastname="Thread-42" />
</exclusive-start>
<af-start id="8408" threadId="0000000000C5BC88" totalBytesRequested="8200" timestamp="2019-08-04T20:36:07.977" intervalms="60.036" />
<cycle-start id="8409" type="global" contextid="0" timestamp="2019-08-04T20:36:07.977" intervalms="62.072" />
  <attribute name="GC Util" value="189" />
  <attribute name="CPU Util" value="7751245903567" />
  <attribute name="Time Running"value="108186"/>
  <attribute name="Number of cores"value="16"/>
<gc-start id="8410" type="global" contextid="8409" timestamp="2019-08-04T20:36:07.977">
  <mem-info id="8411" free="240112" total="88342528" percent="0">
    <mem type="tenure" free="240112" total="88342528" percent="0">
      <mem type="soa" free="0" total="87459840" percent="0" />
      <mem type="loa" free="240112" total="882688" percent="27" />
    </mem>
  </mem-info>
</gc-start>
<allocation-stats totalBytes="60257088" >
  <allocated-bytes non-tlh="1987368" tlh="58269720" />
  <largest-consumer threadName="Thread-42" threadId="0000000000C5B300" bytes="6448360" />
</allocation-stats>
<gc-op id="8412" type="mark" timems="21.786" contextid="8409" timestamp="2019-08-04T20:36:07.999">
  <trace-info objectcount="647319" scancount="559442" scanbytes="16198020" />
  <finalization candidates="154" enqueued="0" />
  <ownableSynchronizers candidates="23" cleared="0" />
  <references type="soft" candidates="1877" cleared="0" enqueued="0" dynamicThreshold="22" maxThreshold="32" />
  <references type="weak" candidates="6347" cleared="0" enqueued="0" />
  <references type="phantom" candidates="293" cleared="0" enqueued="0" />
  <stringconstants candidates="15929" cleared="0"  />
</gc-op>
<gc-op id="8413" type="sweep" timems="2.067" contextid="8409" timestamp="2019-08-04T20:36:08.001" />
<heap-resize id="8414" type="contract" space="tenure" amount="851968" count="1" timems="0.079" reason="excess free space following gc" timestamp="2019-08-04T20:36:08.001" />
<gc-end id="8415" type="global" contextid="8409" durationms="24.080" usertimems="125.575" systemtimems="4.018" timestamp="2019-08-04T20:36:08.001" activeThreads="16">
  <mem-info id="8416" free="60264664" total="87490560" percent="68">
    <mem type="tenure" free="60264664" total="87490560" percent="68" micro-fragmented="77152">
      <mem type="soa" free="60056000" total="86616064" percent="69" />
      <mem type="loa" free="208664" total="874496" percent="23" />
    </mem>
  </mem-info>
</gc-end>
<cycle-end id="8417" type="global" contextid="8409" timestamp="2019-08-04T20:36:08.001">
  <attribute name="GC Util" value="155" />
  <attribute name="CPU Util" value="17077042214671" />
  <attribute name="Time Running"value="108246"/>
  <attribute name="Number of cores"value="16"/>
</cycle-end>
<allocation-satisfied id="8418" threadId="0000000000C5B300" bytesRequested="8200" />
<af-end id="8419" timestamp="2019-08-04T20:36:08.001" threadId="0000000000C5BC88" success="true" />
<exclusive-end id="8420" timestamp="2019-08-04T20:36:08.001" durationms="24.498" />

<concurrent-kickoff id="8421" timestamp="2019-08-04T20:36:08.035">
  <kickoff reason="threshold reached" targetBytes="1485344" thresholdFreeBytes="222828" remainingFree="222184" tenureFreeBytes="222184" />
</concurrent-kickoff>
<exclusive-start id="8422" timestamp="2019-08-04T20:36:08.036" intervalms="59.253">
  <response-info timems="1.046" idlems="1.046" threads="0" lastid="0000000000C5B300" lastname="Thread-42" />
</exclusive-start>
<af-start id="8423" threadId="0000000000C5BC88" totalBytesRequested="48" timestamp="2019-08-04T20:36:08.036" intervalms="59.243" />
<concurrent-aborted id="8424" timestamp="2019-08-04T20:36:08.036">
  <reason value="insufficient progress made" />
</concurrent-aborted>
<cycle-end id="8425" type="global" contextid="0" timestamp="2019-08-04T20:36:08.036">
  <attribute name="GC Util" value="155" />
  <attribute name="CPU Util" value="17077042214671" />
  <attribute name="Time Running"value="108246"/>
  <attribute name="Number of cores"value="16"/>
</cycle-end>
<cycle-start id="8426" type="global" contextid="0" timestamp="2019-08-04T20:36:08.036" intervalms="59.270" />
  <attribute name="GC Util" value="155" />
  <attribute name="CPU Util" value="17077042214671" />
  <attribute name="Time Running"value="108246"/>
  <attribute name="Number of cores"value="16"/>
<gc-start id="8427" type="global" contextid="8426" timestamp="2019-08-04T20:36:08.036">
  <mem-info id="8428" free="208664" total="87490560" percent="0">
    <mem type="tenure" free="208664" total="87490560" percent="0">
      <mem type="soa" free="0" total="86616064" percent="0" />
      <mem type="loa" free="208664" total="874496" percent="23" />
    </mem>
  </mem-info>
</gc-start>
<allocation-stats totalBytes="59812216" >
  <allocated-bytes non-tlh="1785632" tlh="58026584" />
  <largest-consumer threadName="Thread-37" threadId="0000000000C53B00" bytes="5334808" />
</allocation-stats>
<gc-op id="8429" type="mark" timems="39.975" contextid="8426" timestamp="2019-08-04T20:36:08.076">
  <trace-info objectcount="647938" scancount="560050" scanbytes="16291332" />
  <finalization candidates="154" enqueued="0" />
  <ownableSynchronizers candidates="23" cleared="0" />
  <references type="soft" candidates="1877" cleared="0" enqueued="0" dynamicThreshold="22" maxThreshold="32" />
  <references type="weak" candidates="6347" cleared="0" enqueued="0" />
  <references type="phantom" candidates="292" cleared="0" enqueued="0" />
  <stringconstants candidates="15929" cleared="0"  />
</gc-op>
<gc-op id="8430" type="sweep" timems="2.038" contextid="8426" timestamp="2019-08-04T20:36:08.079" />
<heap-resize id="8431" type="contract" space="tenure" amount="851968" count="1" timems="0.077" reason="excess free space following gc" timestamp="2019-08-04T20:36:08.079" />
<gc-end id="8432" type="global" contextid="8426" durationms="42.262" usertimems="187.926" systemtimems="57.177" timestamp="2019-08-04T20:36:08.079" activeThreads="16">
  <mem-info id="8433" free="59027984" total="86638592" percent="68">
    <mem type="tenure" free="59027984" total="86638592" percent="68" micro-fragmented="58091">
      <mem type="soa" free="59027984" total="85772288" percent="68" />
      <mem type="loa" free="0" total="866304" percent="0" />
    </mem>
  </mem-info>
</gc-end>
<cycle-end id="8434" type="global" contextid="8426" timestamp="2019-08-04T20:36:08.079">
  <attribute name="GC Util" value="146" />
  <attribute name="CPU Util" value="11959035509088" />
  <attribute name="Time Running"value="108324"/>
  <attribute name="Number of cores"value="16"/>
</cycle-end>
<allocation-satisfied id="8435" threadId="0000000000C5B300" bytesRequested="48" />
<af-end id="8436" timestamp="2019-08-04T20:36:08.079" threadId="0000000000C5BC88" success="true" />
<exclusive-end id="8437" timestamp="2019-08-04T20:36:08.079" durationms="42.508" />

<concurrent-kickoff id="8438" timestamp="2019-08-04T20:36:08.105">
  <kickoff reason="threshold reached" targetBytes="1470880" thresholdFreeBytes="220658" remainingFree="189384" tenureFreeBytes="110384" />
</concurrent-kickoff>
<exclusive-start id="8439" timestamp="2019-08-04T20:36:08.107" intervalms="71.137">
  <response-info timems="1.616" idlems="0.238" threads="7" lastid="0000000000C66700" lastname="Thread-50" />
</exclusive-start>
<af-start id="8440" threadId="0000000000C63488" totalBytesRequested="16392" timestamp="2019-08-04T20:36:08.107" intervalms="71.149" />
<concurrent-aborted id="8441" timestamp="2019-08-04T20:36:08.107">
  <reason value="insufficient progress made" />
</concurrent-aborted>
<cycle-end id="8442" type="global" contextid="0" timestamp="2019-08-04T20:36:08.107">
  <attribute name="GC Util" value="146" />
  <attribute name="CPU Util" value="11959035509088" />
  <attribute name="Time Running"value="108324"/>
  <attribute name="Number of cores"value="16"/>
</cycle-end>
<cycle-start id="8443" type="global" contextid="0" timestamp="2019-08-04T20:36:08.107" intervalms="71.141" />
  <attribute name="GC Util" value="146" />
  <attribute name="CPU Util" value="11959035509088" />
  <attribute name="Time Running"value="108324"/>
  <attribute name="Number of cores"value="16"/>
<gc-start id="8444" type="global" contextid="8443" timestamp="2019-08-04T20:36:08.108">
  <mem-info id="8445" free="0" total="86638592" percent="0">
    <mem type="tenure" free="0" total="86638592" percent="0">
      <mem type="soa" free="0" total="85772288" percent="0" />
      <mem type="loa" free="0" total="866304" percent="0" />
    </mem>
  </mem-info>
</gc-start>
<allocation-stats totalBytes="58843576" >
  <allocated-bytes non-tlh="1703880" tlh="57139696" />
  <largest-consumer threadName="Thread-46" threadId="0000000000C62B00" bytes="5778648" />
</allocation-stats>
<gc-op id="8446" type="mark" timems="11.520" contextid="8443" timestamp="2019-08-04T20:36:08.119">
  <trace-info objectcount="647233" scancount="559406" scanbytes="16204276" />
  <finalization candidates="154" enqueued="0" />
  <ownableSynchronizers candidates="23" cleared="0" />
  <references type="soft" candidates="1877" cleared="0" enqueued="0" dynamicThreshold="21" maxThreshold="32" />
  <references type="weak" candidates="6349" cleared="0" enqueued="0" />
  <references type="phantom" candidates="293" cleared="0" enqueued="0" />
  <stringconstants candidates="15929" cleared="0"  />
</gc-op>
<gc-op id="8447" type="sweep" timems="1.117" contextid="8443" timestamp="2019-08-04T20:36:08.120" />
<mem-info id="8448" free="59837712" total="86638592" percent="69">
  <mem type="tenure" free="59837712" total="86638592" percent="69" micro-fragmented="31450">
    <mem type="soa" free="58971600" total="85772288" percent="68" />
    <mem type="loa" free="866112" total="866304" percent="99" />
  </mem>
</mem-info>
<gc-op id="8449" type="compact" timems="31.361" contextid="8443" timestamp="2019-08-04T20:36:08.152">
  <compact-info movecount="46492" movebytes="8291088" reason="compact to aid heap contraction" />
</gc-op>
<heap-resize id="8450" type="contract" space="tenure" amount="786432" count="1" timems="0.072" reason="excess free space following gc" timestamp="2019-08-04T20:36:08.152" />
<gc-end id="8451" type="global" contextid="8443" durationms="44.260" usertimems="109.693" systemtimems="0.000" timestamp="2019-08-04T20:36:08.152" activeThreads="16">
  <mem-info id="8452" free="59086128" total="85852160" percent="68">
    <mem type="tenure" free="59086128" total="85852160" percent="68">
      <mem type="soa" free="58228016" total="84994048" percent="68" />
      <mem type="loa" free="858112" total="858112" percent="100" />
    </mem>
  </mem-info>
</gc-end>
<cycle-end id="8453" type="global" contextid="8443" timestamp="2019-08-04T20:36:08.152">
  <attribute name="GC Util" value="104" />
  <attribute name="CPU Util" value="57012688765151" />
  <attribute name="Time Running"value="108366"/>
  <attribute name="Number of cores"value="16"/>
</cycle-end>
<allocation-satisfied id="8454" threadId="0000000000C62B00" bytesRequested="16392" />
<af-end id="8455" timestamp="2019-08-04T20:36:08.152" threadId="0000000000C63488" success="true" />
<exclusive-end id="8456" timestamp="2019-08-04T20:36:08.152" durationms="44.572" />

<exclusive-start id="8457" timestamp="2019-08-04T20:36:08.175" intervalms="67.743">
  <response-info timems="0.149" idlems="0.148" threads="1" lastid="0000000000C79200" lastname="Thread-47" />
</exclusive-start>
<af-start id="8458" threadId="0000000000C81388" totalBytesRequested="32776" timestamp="2019-08-04T20:36:08.175" intervalms="67.980" />
<cycle-start id="8459" type="global" contextid="0" timestamp="2019-08-04T20:36:08.175" intervalms="67.963" />
  <attribute name="GC Util" value="104" />
  <attribute name="CPU Util" value="57012688765151" />
  <attribute name="Time Running"value="108366"/>
  <attribute name="Number of cores"value="16"/>
<gc-start id="8460" type="global" contextid="8459" timestamp="2019-08-04T20:36:08.176">
  <mem-info id="8461" free="858112" total="85852160" percent="0">
    <mem type="tenure" free="858112" total="85852160" percent="0">
      <mem type="soa" free="0" total="84994048" percent="0" />
      <mem type="loa" free="858112" total="858112" percent="100" />
    </mem>
  </mem-info>
</gc-start>
<allocation-stats totalBytes="58006992" >
  <allocated-bytes non-tlh="0" tlh="58006992" />
  <largest-consumer threadName="Thread-50" threadId="0000000000C66700" bytes="9807640" />
</allocation-stats>
<gc-op id="8462" type="mark" timems="15.931" contextid="8459" timestamp="2019-08-04T20:36:08.191">
  <trace-info objectcount="646492" scancount="558686" scanbytes="16191656" />
  <finalization candidates="154" enqueued="0" />
  <ownableSynchronizers candidates="23" cleared="0" />
  <references type="soft" candidates="1877" cleared="0" enqueued="0" dynamicThreshold="22" maxThreshold="32" />
  <references type="weak" candidates="6347" cleared="0" enqueued="0" />
  <references type="phantom" candidates="292" cleared="0" enqueued="0" />
  <stringconstants candidates="15929" cleared="0"  />
</gc-op>
<gc-op id="8463" type="sweep" timems="1.318" contextid="8459" timestamp="2019-08-04T20:36:08.193" />
<gc-end id="8464" type="global" contextid="8459" durationms="17.438" usertimems="85.354" systemtimems="14.989" timestamp="2019-08-04T20:36:08.193" activeThreads="16">
  <mem-info id="8465" free="42869480" total="85852160" percent="49">
    <mem type="tenure" free="42869480" total="85852160" percent="49" micro-fragmented="0">
      <mem type="soa" free="42011408" total="84994048" percent="49" />
      <mem type="loa" free="858072" total="858112" percent="99" />
    </mem>
  </mem-info>
</gc-end>
<cycle-end id="8466" type="global" contextid="8459" timestamp="2019-08-04T20:36:08.193">
  <attribute name="GC Util" value="609" />
  <attribute name="CPU Util" value="1161138075195" />
  <attribute name="Time Running"value="108437"/>
  <attribute name="Number of cores"value="16"/>
</cycle-end>
<allocation-satisfied id="8467" threadId="0000000000C80A00" bytesRequested="32776" />
<af-end id="8468" timestamp="2019-08-04T20:36:08.193" threadId="0000000000C81388" success="true" />
<exclusive-end id="8469" timestamp="2019-08-04T20:36:08.193" durationms="18.100" />

<exclusive-start id="8470" timestamp="2019-08-04T20:36:08.214" intervalms="39.330">
  <response-info timems="0.711" idlems="0.603" threads="1" lastid="0000000000CA9D00" lastname="Thread-40" />
</exclusive-start>
<af-start id="8471" threadId="0000000000C72488" totalBytesRequested="16392" timestamp="2019-08-04T20:36:08.215" intervalms="39.090" />
<cycle-start id="8472" type="global" contextid="0" timestamp="2019-08-04T20:36:08.215" intervalms="39.519" />
  <attribute name="GC Util" value="14" />
  <attribute name="CPU Util" value="802378998695" />
  <attribute name="Time Running"value="108460"/>
  <attribute name="Number of cores"value="16"/>
<gc-start id="8473" type="global" contextid="8472" timestamp="2019-08-04T20:36:08.215">
  <mem-info id="8474" free="858112" total="85852160" percent="0">
    <mem type="tenure" free="858112" total="85852160" percent="0">
      <mem type="soa" free="0" total="84994048" percent="0" />
      <mem type="loa" free="858112" total="858112" percent="100" />
    </mem>
  </mem-info>
</gc-start>
<allocation-stats totalBytes="58066600" >
  <allocated-bytes non-tlh="1684256" tlh="56382344" />
  <largest-consumer threadName="Thread-52" threadId="0000000000C71B00" bytes="6187968" />
</allocation-stats>
<gc-op id="8475" type="mark" timems="13.297" contextid="8472" timestamp="2019-08-04T20:36:08.229">
  <trace-info objectcount="645582" scancount="557947" scanbytes="16019244" />
  <finalization candidates="154" enqueued="0" />
  <ownableSynchronizers candidates="23" cleared="0" />
  <references type="soft" candidates="1877" cleared="0" enqueued="0" dynamicThreshold="15" maxThreshold="32" />
  <references type="weak" candidates="6348" cleared="0" enqueued="0" />
  <references type="phantom" candidates="293" cleared="0" enqueued="0" />
  <stringconstants candidates="15929" cleared="0"  />
</gc-op>
<gc-op id="8476" type="sweep" timems="1.152" contextid="8472" timestamp="2019-08-04T20:36:08.230" />
<gc-end id="8477" type="global" contextid="8472" durationms="14.794" usertimems="74.308" systemtimems="14.158" timestamp="2019-08-04T20:36:08.230" activeThreads="16">
  <mem-info id="8478" free="42676904" total="85852160" percent="49">
    <mem type="tenure" free="42676904" total="85852160" percent="49" micro-fragmented="0">
      <mem type="soa" free="41818824" total="84994048" percent="49" />
      <mem type="loa" free="858080" total="858112" percent="99" />
    </mem>
  </mem-info>
</gc-end>
<cycle-end id="8479" type="global" contextid="8472" timestamp="2019-08-04T20:36:08.230">
  <attribute name="GC Util" value="557" />
  <attribute name="CPU Util" value="1383237396624" />
  <attribute name="Time Running"value="108474"/>
  <attribute name="Number of cores"value="16"/>
</cycle-end>
<allocation-satisfied id="8480" threadId="0000000000C71B00" bytesRequested="16392" />
<af-end id="8481" timestamp="2019-08-04T20:36:08.230" threadId="0000000000C72488" success="true" />
<exclusive-end id="8482" timestamp="2019-08-04T20:36:08.230" durationms="15.505" />

<exclusive-start id="8483" timestamp="2019-08-04T20:36:08.286" intervalms="71.852">
  <response-info timems="0.308" idlems="0.297" threads="2" lastid="0000000000C7CE00" lastname="Thread-48" />
</exclusive-start>
<af-start id="8484" threadId="0000000000C58088" totalBytesRequested="16392" timestamp="2019-08-04T20:36:08.286" intervalms="71.847" />
<cycle-start id="8485" type="global" contextid="0" timestamp="2019-08-04T20:36:08.287" intervalms="72.165" />
  <attribute name="GC Util" value="20" />
  <attribute name="CPU Util" value="319591129100" />
  <attribute name="Time Running"value="108532"/>
  <attribute name="Number of cores"value="16"/>
<gc-start id="8486" type="global" contextid="8485" timestamp="2019-08-04T20:36:08.287">
  <mem-info id="8487" free="858112" total="85852160" percent="0">
    <mem type="tenure" free="858112" total="85852160" percent="0">
      <mem type="soa" free="0" total="84994048" percent="0" />
      <mem type="loa" free="858112" total="858112" percent="100" />
    </mem>
  </mem-info>
</gc-start>
<allocation-stats totalBytes="58505336" >
  <allocated-bytes non-tlh="1774416" tlh="56730920" />
  <largest-consumer threadName="Thread-38" threadId="0000000000CA2500" bytes="5853304" />
</allocation-stats>
<gc-op id="8488" type="mark" timems="15.196" contextid="8485" timestamp="2019-08-04T20:36:08.303">
  <trace-info objectcount="645362" scancount="557750" scanbytes="16081984" />
  <finalization candidates="154" enqueued="0" />
  <ownableSynchronizers candidates="23" cleared="0" />
  <references type="soft" candidates="1877" cleared="0" enqueued="0" dynamicThreshold="15" maxThreshold="32" />
  <references type="weak" candidates="6348" cleared="0" enqueued="0" />
  <references type="phantom" candidates="295" cleared="0" enqueued="0" />
  <stringconstants candidates="15929" cleared="0"  />
</gc-op>
<gc-op id="8489" type="sweep" timems="1.146" contextid="8485" timestamp="2019-08-04T20:36:08.304" />
<gc-end id="8490" type="global" contextid="8485" durationms="16.462" usertimems="104.154" systemtimems="13.830" timestamp="2019-08-04T20:36:08.304" activeThreads="16">
  <mem-info id="8491" free="43198160" total="85852160" percent="50">
    <mem type="tenure" free="43198160" total="85852160" percent="50" micro-fragmented="0">
      <mem type="soa" free="42340072" total="84994048" percent="49" />
      <mem type="loa" free="858088" total="858112" percent="99" />
    </mem>
  </mem-info>
</gc-end>
<cycle-end id="8492" type="global" contextid="8485" timestamp="2019-08-04T20:36:08.304">
  <attribute name="GC Util" value="748" />
  <attribute name="CPU Util" value="1209691894098" />
  <attribute name="Time Running"value="108548"/>
  <attribute name="Number of cores"value="16"/>
</cycle-end>
<allocation-satisfied id="8493" threadId="0000000000C57700" bytesRequested="16392" />
<af-end id="8494" timestamp="2019-08-04T20:36:08.304" threadId="0000000000C58088" success="true" />
<exclusive-end id="8495" timestamp="2019-08-04T20:36:08.304" durationms="17.589" />

<exclusive-start id="8496" timestamp="2019-08-04T20:36:08.326" intervalms="39.310">
  <response-info timems="2.018" idlems="1.673" threads="5" lastid="0000000000C80A00" lastname="Thread-41" />
</exclusive-start>
<af-start id="8497" threadId="0000000000C72488" totalBytesRequested="16392" timestamp="2019-08-04T20:36:08.326" intervalms="39.313" />
<cycle-start id="8498" type="global" contextid="0" timestamp="2019-08-04T20:36:08.326" intervalms="38.907" />
  <attribute name="GC Util" value="16" />
  <attribute name="CPU Util" value="798827231286" />
  <attribute name="Time Running"value="108571"/>
  <attribute name="Number of cores"value="16"/>
<gc-start id="8499" type="global" contextid="8498" timestamp="2019-08-04T20:36:08.326">
  <mem-info id="8500" free="858112" total="85852160" percent="0">
    <mem type="tenure" free="858112" total="85852160" percent="0">
      <mem type="soa" free="0" total="84994048" percent="0" />
      <mem type="loa" free="858112" total="858112" percent="100" />
    </mem>
  </mem-info>
</gc-start>
<allocation-stats totalBytes="58557472" >
  <allocated-bytes non-tlh="2089984" tlh="56467488" />
  <largest-consumer threadName="Thread-43" threadId="0000000000C4C400" bytes="6677976" />
</allocation-stats>
<gc-op id="8501" type="mark" timems="18.966" contextid="8498" timestamp="2019-08-04T20:36:08.345">
  <trace-info objectcount="645735" scancount="558097" scanbytes="16093660" />
  <finalization candidates="154" enqueued="0" />
  <ownableSynchronizers candidates="23" cleared="0" />
  <references type="soft" candidates="1877" cleared="0" enqueued="0" dynamicThreshold="16" maxThreshold="32" />
  <references type="weak" candidates="6349" cleared="0" enqueued="0" />
  <references type="phantom" candidates="295" cleared="0" enqueued="0" />
  <stringconstants candidates="15929" cleared="0"  />
</gc-op>
<gc-op id="8502" type="sweep" timems="1.704" contextid="8498" timestamp="2019-08-04T20:36:08.347" />
<heap-resize id="8503" type="contract" space="tenure" amount="786432" count="1" timems="0.081" reason="excess free space following gc" timestamp="2019-08-04T20:36:08.347" />
<gc-end id="8504" type="global" contextid="8498" durationms="20.895" usertimems="147.664" systemtimems="25.119" timestamp="2019-08-04T20:36:08.347" activeThreads="16">
  <mem-info id="8505" free="58420680" total="85065728" percent="68">
    <mem type="tenure" free="58420680" total="85065728" percent="68" micro-fragmented="54350">
      <mem type="soa" free="58005976" total="84215808" percent="68" />
      <mem type="loa" free="414704" total="849920" percent="48" />
    </mem>
  </mem-info>
</gc-end>
<cycle-end id="8506" type="global" contextid="8498" timestamp="2019-08-04T20:36:08.347">
  <attribute name="GC Util" value="208" />
  <attribute name="CPU Util" value="15780633921327" />
  <attribute name="Time Running"value="108592"/>
  <attribute name="Number of cores"value="16"/>
</cycle-end>
<allocation-satisfied id="8507" threadId="0000000000C71B00" bytesRequested="16392" />
<af-end id="8508" timestamp="2019-08-04T20:36:08.347" threadId="0000000000C72488" success="true" />
<exclusive-end id="8509" timestamp="2019-08-04T20:36:08.347" durationms="21.746" />

<exclusive-start id="8510" timestamp="2019-08-04T20:36:08.368" intervalms="42.712">
  <response-info timems="1.137" idlems="0.584" threads="1" lastid="0000000000C80A00" lastname="Thread-41" />
</exclusive-start>
<af-start id="8511" threadId="0000000000CA2E88" totalBytesRequested="48" timestamp="2019-08-04T20:36:08.368" intervalms="42.722" />
<cycle-start id="8512" type="global" contextid="0" timestamp="2019-08-04T20:36:08.368" intervalms="42.377" />
  <attribute name="GC Util" value="208" />
  <attribute name="CPU Util" value="15780633921327" />
  <attribute name="Time Running"value="108592"/>
  <attribute name="Number of cores"value="16"/>
<gc-start id="8513" type="global" contextid="8512" timestamp="2019-08-04T20:36:08.368">
  <mem-info id="8514" free="414704" total="85065728" percent="0">
    <mem type="tenure" free="414704" total="85065728" percent="0">
      <mem type="soa" free="0" total="84215808" percent="0" />
      <mem type="loa" free="414704" total="849920" percent="48" />
    </mem>
  </mem-info>
</gc-start>
<allocation-stats totalBytes="57891040" >
  <allocated-bytes non-tlh="1430200" tlh="56460840" />
  <largest-consumer threadName="Thread-39" threadId="0000000000C93600" bytes="8455096" />
</allocation-stats>
<gc-op id="8515" type="mark" timems="22.094" contextid="8512" timestamp="2019-08-04T20:36:08.391">
  <trace-info objectcount="647797" scancount="559775" scanbytes="16283532" />
  <finalization candidates="154" enqueued="0" />
  <ownableSynchronizers candidates="23" cleared="0" />
  <references type="soft" candidates="1877" cleared="0" enqueued="0" dynamicThreshold="21" maxThreshold="32" />
  <references type="weak" candidates="6347" cleared="0" enqueued="0" />
  <references type="phantom" candidates="290" cleared="0" enqueued="0" />
  <stringconstants candidates="15929" cleared="0"  />
</gc-op>
<gc-op id="8516" type="sweep" timems="1.410" contextid="8512" timestamp="2019-08-04T20:36:08.392" />
<mem-info id="8517" free="57919056" total="85065728" percent="68">
  <mem type="tenure" free="57919056" total="85065728" percent="68" micro-fragmented="70839">
    <mem type="soa" free="57090896" total="84215808" percent="67" />
    <mem type="loa" free="828160" total="849920" percent="97" />
  </mem>
</mem-info>
<gc-op id="8518" type="compact" timems="33.666" contextid="8512" timestamp="2019-08-04T20:36:08.426">
  <compact-info movecount="46981" movebytes="8604864" reason="compact to aid heap contraction" />
</gc-op>
<heap-resize id="8519" type="contract" space="tenure" amount="786432" count="1" timems="0.046" reason="excess free space following gc" timestamp="2019-08-04T20:36:08.426" />
<gc-end id="8520" type="global" contextid="8512" durationms="57.390" usertimems="183.588" systemtimems="35.853" timestamp="2019-08-04T20:36:08.426" activeThreads="16">
  <mem-info id="8521" free="57125904" total="84279296" percent="67">
    <mem type="tenure" free="57125904" total="84279296" percent="67">
      <mem type="soa" free="56346640" total="83436544" percent="67" />
      <mem type="loa" free="779264" total="842752" percent="92" />
    </mem>
  </mem-info>
</gc-end>
<cycle-end id="8522" type="global" contextid="8512" timestamp="2019-08-04T20:36:08.426">
  <attribute name="GC Util" value="143" />
  <attribute name="CPU Util" value="40498939475975" />
  <attribute name="Time Running"value="108638"/>
  <attribute name="Number of cores"value="16"/>
</cycle-end>
<allocation-satisfied id="8523" threadId="0000000000CA2500" bytesRequested="48" />
<af-end id="8524" timestamp="2019-08-04T20:36:08.426" threadId="0000000000CA2E88" success="true" />
<exclusive-end id="8525" timestamp="2019-08-04T20:36:08.426" durationms="57.623" />

<exclusive-start id="8526" timestamp="2019-08-04T20:36:08.452" intervalms="83.771">
  <response-info timems="2.198" idlems="1.847" threads="8" lastid="0000000000C80A00" lastname="Thread-41" />
</exclusive-start>
<af-start id="8527" threadId="0000000000C72488" totalBytesRequested="48" timestamp="2019-08-04T20:36:08.452" intervalms="83.935" />
<cycle-start id="8528" type="global" contextid="0" timestamp="2019-08-04T20:36:08.452" intervalms="83.953" />
  <attribute name="GC Util" value="143" />
  <attribute name="CPU Util" value="40498939475975" />
  <attribute name="Time Running"value="108638"/>
  <attribute name="Number of cores"value="16"/>
<gc-start id="8529" type="global" contextid="8528" timestamp="2019-08-04T20:36:08.452">
  <mem-info id="8530" free="779264" total="84279296" percent="0">
    <mem type="tenure" free="779264" total="84279296" percent="0">
      <mem type="soa" free="0" total="83436544" percent="0" />
      <mem type="loa" free="779264" total="842752" percent="92" />
    </mem>
  </mem-info>
</gc-start>
<allocation-stats totalBytes="56246664" >
  <allocated-bytes non-tlh="0" tlh="56246664" />
  <largest-consumer threadName="Thread-39" threadId="0000000000C93600" bytes="5527840" />
</allocation-stats>
<gc-op id="8531" type="mark" timems="13.589" contextid="8528" timestamp="2019-08-04T20:36:08.466">
  <trace-info objectcount="645909" scancount="558163" scanbytes="16164448" />
  <finalization candidates="154" enqueued="0" />
  <ownableSynchronizers candidates="23" cleared="0" />
  <references type="soft" candidates="1877" cleared="0" enqueued="0" dynamicThreshold="21" maxThreshold="32" />
  <references type="weak" candidates="6348" cleared="0" enqueued="0" />
  <references type="phantom" candidates="293" cleared="0" enqueued="0" />
  <stringconstants candidates="15929" cleared="0"  />
</gc-op>
<gc-op id="8532" type="sweep" timems="1.864" contextid="8528" timestamp="2019-08-04T20:36:08.468" />
<gc-end id="8533" type="global" contextid="8528" durationms="15.596" usertimems="73.445" systemtimems="10.333" timestamp="2019-08-04T20:36:08.468" activeThreads="16">
  <mem-info id="8534" free="41676624" total="84279296" percent="49">
    <mem type="tenure" free="41676624" total="84279296" percent="49" micro-fragmented="0">
      <mem type="soa" free="40838200" total="83436544" percent="48" />
      <mem type="loa" free="838424" total="842752" percent="99" />
    </mem>
  </mem-info>
</gc-end>
<cycle-end id="8535" type="global" contextid="8528" timestamp="2019-08-04T20:36:08.468">
  <attribute name="GC Util" value="465" />
  <attribute name="CPU Util" value="1358183158646" />
  <attribute name="Time Running"value="108712"/>
  <attribute name="Number of cores"value="16"/>
</cycle-end>
<allocation-satisfied id="8536" threadId="0000000000C71B00" bytesRequested="48" />
<af-end id="8537" timestamp="2019-08-04T20:36:08.468" threadId="0000000000C72488" success="true" />
<exclusive-end id="8538" timestamp="2019-08-04T20:36:08.468" durationms="16.223" />

<exclusive-start id="8539" timestamp="2019-08-04T20:36:08.501" intervalms="48.647">
  <response-info timems="0.093" idlems="0.082" threads="2" lastid="0000000000CA9D00" lastname="Thread-40" />
</exclusive-start>
<af-start id="8540" threadId="0000000000C93F88" totalBytesRequested="16392" timestamp="2019-08-04T20:36:08.501" intervalms="48.476" />
<cycle-start id="8541" type="global" contextid="0" timestamp="2019-08-04T20:36:08.502" intervalms="49.165" />
  <attribute name="GC Util" value="37" />
  <attribute name="CPU Util" value="531759076901" />
  <attribute name="Time Running"value="108746"/>
  <attribute name="Number of cores"value="16"/>
<gc-start id="8542" type="global" contextid="8541" timestamp="2019-08-04T20:36:08.502">
  <mem-info id="8543" free="842752" total="84279296" percent="0">
    <mem type="tenure" free="842752" total="84279296" percent="0">
      <mem type="soa" free="0" total="83436544" percent="0" />
      <mem type="loa" free="842752" total="842752" percent="100" />
    </mem>
  </mem-info>
</gc-start>
<allocation-stats totalBytes="56610608" >
  <allocated-bytes non-tlh="1717088" tlh="54893520" />
  <largest-consumer threadName="Thread-39" threadId="0000000000C93600" bytes="6339168" />
</allocation-stats>
<gc-op id="8544" type="mark" timems="14.515" contextid="8541" timestamp="2019-08-04T20:36:08.516">
  <trace-info objectcount="646085" scancount="558322" scanbytes="16194324" />
  <finalization candidates="154" enqueued="0" />
  <ownableSynchronizers candidates="23" cleared="0" />
  <references type="soft" candidates="1877" cleared="0" enqueued="0" dynamicThreshold="15" maxThreshold="32" />
  <references type="weak" candidates="6347" cleared="0" enqueued="0" />
  <references type="phantom" candidates="293" cleared="0" enqueued="0" />
  <stringconstants candidates="15929" cleared="0"  />
</gc-op>
<gc-op id="8545" type="sweep" timems="2.876" contextid="8541" timestamp="2019-08-04T20:36:08.519" />
<gc-end id="8546" type="global" contextid="8541" durationms="17.593" usertimems="86.485" systemtimems="7.667" timestamp="2019-08-04T20:36:08.519" activeThreads="16">
  <mem-info id="8547" free="41277024" total="84279296" percent="48">
    <mem type="tenure" free="41277024" total="84279296" percent="48" micro-fragmented="0">
      <mem type="soa" free="40437736" total="83436544" percent="48" />
      <mem type="loa" free="839288" total="842752" percent="99" />
    </mem>
  </mem-info>
</gc-end>
<cycle-end id="8548" type="global" contextid="8541" timestamp="2019-08-04T20:36:08.519">
  <attribute name="GC Util" value="538" />
  <attribute name="CPU Util" value="1262624743391" />
  <attribute name="Time Running"value="108762"/>
  <attribute name="Number of cores"value="16"/>
</cycle-end>
<allocation-satisfied id="8549" threadId="0000000000C93600" bytesRequested="16392" />
<af-end id="8550" timestamp="2019-08-04T20:36:08.519" threadId="0000000000C93F88" success="true" />
<exclusive-end id="8551" timestamp="2019-08-04T20:36:08.519" durationms="18.609" />

<exclusive-start id="8552" timestamp="2019-08-04T20:36:08.550" intervalms="49.527">
  <response-info timems="3.464" idlems="1.767" threads="1" lastid="0000000000C80A00" lastname="Thread-41" />
</exclusive-start>
<af-start id="8553" threadId="0000000000C72488" totalBytesRequested="40" timestamp="2019-08-04T20:36:08.550" intervalms="49.537" />
<cycle-start id="8554" type="global" contextid="0" timestamp="2019-08-04T20:36:08.551" intervalms="49.254" />
  <attribute name="GC Util" value="22" />
  <attribute name="CPU Util" value="540373800882" />
  <attribute name="Time Running"value="108796"/>
  <attribute name="Number of cores"value="16"/>
<gc-start id="8555" type="global" contextid="8554" timestamp="2019-08-04T20:36:08.551">
  <mem-info id="8556" free="842752" total="84279296" percent="0">
    <mem type="tenure" free="842752" total="84279296" percent="0">
      <mem type="soa" free="0" total="83436544" percent="0" />
      <mem type="loa" free="842752" total="842752" percent="100" />
    </mem>
  </mem-info>
</gc-start>
<allocation-stats totalBytes="56516200" >
  <allocated-bytes non-tlh="2051136" tlh="54465064" />
  <largest-consumer threadName="Thread-47" threadId="0000000000C79200" bytes="6577456" />
</allocation-stats>
<gc-op id="8557" type="mark" timems="17.619" contextid="8554" timestamp="2019-08-04T20:36:08.569">
  <trace-info objectcount="645835" scancount="558112" scanbytes="16168528" />
  <finalization candidates="154" enqueued="0" />
  <ownableSynchronizers candidates="23" cleared="0" />
  <references type="soft" candidates="1877" cleared="0" enqueued="0" dynamicThreshold="15" maxThreshold="32" />
  <references type="weak" candidates="6347" cleared="0" enqueued="0" />
  <references type="phantom" candidates="293" cleared="0" enqueued="0" />
  <stringconstants candidates="15929" cleared="0"  />
</gc-op>
<gc-op id="8558" type="sweep" timems="1.911" contextid="8554" timestamp="2019-08-04T20:36:08.570" />
<gc-end id="8559" type="global" contextid="8554" durationms="19.675" usertimems="99.542" systemtimems="33.331" timestamp="2019-08-04T20:36:08.571" activeThreads="16">
  <mem-info id="8560" free="41195736" total="84279296" percent="48">
    <mem type="tenure" free="41195736" total="84279296" percent="48" micro-fragmented="0">
      <mem type="soa" free="40355752" total="83436544" percent="48" />
      <mem type="loa" free="839984" total="842752" percent="99" />
    </mem>
  </mem-info>
</gc-end>
<cycle-end id="8561" type="global" contextid="8554" timestamp="2019-08-04T20:36:08.571">
  <attribute name="GC Util" value="621" />
  <attribute name="CPU Util" value="1043853346058" />
  <attribute name="Time Running"value="108814"/>
  <attribute name="Number of cores"value="16"/>
</cycle-end>
<allocation-satisfied id="8562" threadId="0000000000C71B00" bytesRequested="40" />
<af-end id="8563" timestamp="2019-08-04T20:36:08.571" threadId="0000000000C72488" success="true" />
<exclusive-end id="8564" timestamp="2019-08-04T20:36:08.571" durationms="20.342" />

<exclusive-start id="8565" timestamp="2019-08-04T20:36:08.619" intervalms="69.112">
  <response-info timems="1.093" idlems="0.624" threads="1" lastid="0000000000C80A00" lastname="Thread-41" />
</exclusive-start>
<af-start id="8566" threadId="0000000000C8C788" totalBytesRequested="16392" timestamp="2019-08-04T20:36:08.619" intervalms="69.132" />
<cycle-start id="8567" type="global" contextid="0" timestamp="2019-08-04T20:36:08.622" intervalms="70.986" />
  <attribute name="GC Util" value="30" />
  <attribute name="CPU Util" value="362181585486" />
  <attribute name="Time Running"value="108865"/>
  <attribute name="Number of cores"value="16"/>
<gc-start id="8568" type="global" contextid="8567" timestamp="2019-08-04T20:36:08.622">
  <mem-info id="8569" free="842752" total="84279296" percent="0">
    <mem type="tenure" free="842752" total="84279296" percent="0">
      <mem type="soa" free="0" total="83436544" percent="0" />
      <mem type="loa" free="842752" total="842752" percent="100" />
    </mem>
  </mem-info>
</gc-start>
<allocation-stats totalBytes="56633560" >
  <allocated-bytes non-tlh="2041904" tlh="54591656" />
  <largest-consumer threadName="Thread-39" threadId="0000000000C93600" bytes="6521024" />
</allocation-stats>
<gc-op id="8570" type="mark" timems="17.585" contextid="8567" timestamp="2019-08-04T20:36:08.639">
  <trace-info objectcount="645836" scancount="558110" scanbytes="16152416" />
  <finalization candidates="154" enqueued="0" />
  <ownableSynchronizers candidates="23" cleared="0" />
  <references type="soft" candidates="1877" cleared="0" enqueued="0" dynamicThreshold="15" maxThreshold="32" />
  <references type="weak" candidates="6347" cleared="0" enqueued="0" />
  <references type="phantom" candidates="292" cleared="0" enqueued="0" />
  <stringconstants candidates="15929" cleared="0"  />
</gc-op>
<gc-op id="8571" type="sweep" timems="3.288" contextid="8567" timestamp="2019-08-04T20:36:08.643" />
<heap-resize id="8572" type="contract" space="tenure" amount="786432" count="1" timems="0.187" reason="excess free space following gc" timestamp="2019-08-04T20:36:08.643" />
<gc-end id="8573" type="global" contextid="8567" durationms="21.211" usertimems="115.701" systemtimems="19.649" timestamp="2019-08-04T20:36:08.643" activeThreads="16">
  <mem-info id="8574" free="56508168" total="83492864" percent="67">
    <mem type="tenure" free="56508168" total="83492864" percent="67" micro-fragmented="101405">
      <mem type="soa" free="56281104" total="82658304" percent="68" />
      <mem type="loa" free="227064" total="834560" percent="27" />
    </mem>
  </mem-info>
</gc-end>
<cycle-end id="8575" type="global" contextid="8567" timestamp="2019-08-04T20:36:08.643">
  <attribute name="GC Util" value="102" />
  <attribute name="CPU Util" value="6735779479248" />
  <attribute name="Time Running"value="108888"/>
  <attribute name="Number of cores"value="16"/>
</cycle-end>
<allocation-satisfied id="8576" threadId="0000000000C8BE00" bytesRequested="16392" />
<af-end id="8577" timestamp="2019-08-04T20:36:08.643" threadId="0000000000C8C788" success="true" />
<exclusive-end id="8578" timestamp="2019-08-04T20:36:08.643" durationms="23.940" />

<exclusive-start id="8579" timestamp="2019-08-04T20:36:08.669" intervalms="49.569">
  <response-info timems="3.503" idlems="1.806" threads="1" lastid="0000000000C80A00" lastname="Thread-41" />
</exclusive-start>
<af-start id="8580" threadId="0000000000C8C788" totalBytesRequested="48" timestamp="2019-08-04T20:36:08.669" intervalms="49.579" />
<cycle-start id="8581" type="global" contextid="0" timestamp="2019-08-04T20:36:08.670" intervalms="47.791" />
  <attribute name="GC Util" value="102" />
  <attribute name="CPU Util" value="6735779479248" />
  <attribute name="Time Running"value="108888"/>
  <attribute name="Number of cores"value="16"/>
<gc-start id="8582" type="global" contextid="8581" timestamp="2019-08-04T20:36:08.670">
  <mem-info id="8583" free="227064" total="83492864" percent="0">
    <mem type="tenure" free="227064" total="83492864" percent="0">
      <mem type="soa" free="0" total="82658304" percent="0" />
      <mem type="loa" free="227064" total="834560" percent="27" />
    </mem>
  </mem-info>
</gc-start>
<allocation-stats totalBytes="56112976" >
  <allocated-bytes non-tlh="1966048" tlh="54146928" />
  <largest-consumer threadName="Thread-51" threadId="0000000000C84600" bytes="6404920" />
</allocation-stats>
<gc-op id="8584" type="mark" timems="13.788" contextid="8581" timestamp="2019-08-04T20:36:08.683">
  <trace-info objectcount="646613" scancount="558745" scanbytes="16258124" />
  <finalization candidates="154" enqueued="0" />
  <ownableSynchronizers candidates="23" cleared="0" />
  <references type="soft" candidates="1877" cleared="0" enqueued="0" dynamicThreshold="21" maxThreshold="32" />
  <references type="weak" candidates="6348" cleared="0" enqueued="0" />
  <references type="phantom" candidates="292" cleared="0" enqueued="0" />
  <stringconstants candidates="15929" cleared="0"  />
</gc-op>
<gc-op id="8585" type="sweep" timems="2.250" contextid="8581" timestamp="2019-08-04T20:36:08.686" />
<heap-resize id="8586" type="contract" space="tenure" amount="786432" count="1" timems="0.171" reason="excess free space following gc" timestamp="2019-08-04T20:36:08.686" />
<gc-end id="8587" type="global" contextid="8581" durationms="16.366" usertimems="70.229" systemtimems="18.610" timestamp="2019-08-04T20:36:08.686" activeThreads="16">
  <mem-info id="8588" free="55388592" total="82706432" percent="66">
    <mem type="tenure" free="55388592" total="82706432" percent="66" micro-fragmented="84412">
      <mem type="soa" free="55130672" total="81880064" percent="67" />
      <mem type="loa" free="257920" total="826368" percent="31" />
    </mem>
  </mem-info>
</gc-end>
<cycle-end id="8589" type="global" contextid="8581" timestamp="2019-08-04T20:36:08.686">
  <attribute name="GC Util" value="144" />
  <attribute name="CPU Util" value="11098914754834" />
  <attribute name="Time Running"value="108931"/>
  <attribute name="Number of cores"value="16"/>
</cycle-end>
<allocation-satisfied id="8590" threadId="0000000000C8BE00" bytesRequested="48" />
<af-end id="8591" timestamp="2019-08-04T20:36:08.686" threadId="0000000000C8C788" success="true" />
<exclusive-end id="8592" timestamp="2019-08-04T20:36:08.686" durationms="17.278" />

<exclusive-start id="8593" timestamp="2019-08-04T20:36:08.712" intervalms="42.580">
  <response-info timems="0.951" idlems="0.951" threads="0" lastid="0000000000C79200" lastname="Thread-47" />
</exclusive-start>
<af-start id="8594" threadId="0000000000C79B88" totalBytesRequested="32776" timestamp="2019-08-04T20:36:08.712" intervalms="42.563" />
<cycle-start id="8595" type="global" contextid="0" timestamp="2019-08-04T20:36:08.712" intervalms="42.073" />
  <attribute name="GC Util" value="144" />
  <attribute name="CPU Util" value="11098914754834" />
  <attribute name="Time Running"value="108931"/>
  <attribute name="Number of cores"value="16"/>
<gc-start id="8596" type="global" contextid="8595" timestamp="2019-08-04T20:36:08.712">
  <mem-info id="8597" free="314808" total="82706432" percent="0">
    <mem type="tenure" free="314808" total="82706432" percent="0">
      <mem type="soa" free="56888" total="81880064" percent="0" />
      <mem type="loa" free="257920" total="826368" percent="31" />
    </mem>
  </mem-info>
</gc-start>
<allocation-stats totalBytes="54902136" >
  <allocated-bytes non-tlh="2262104" tlh="52640032" />
  <largest-consumer threadName="Thread-39" threadId="0000000000C93600" bytes="6926776" />
</allocation-stats>
<gc-op id="8598" type="mark" timems="29.848" contextid="8595" timestamp="2019-08-04T20:36:08.742">
  <trace-info objectcount="646136" scancount="558294" scanbytes="16205932" />
  <finalization candidates="154" enqueued="0" />
  <ownableSynchronizers candidates="23" cleared="0" />
  <references type="soft" candidates="1877" cleared="0" enqueued="0" dynamicThreshold="21" maxThreshold="32" />
  <references type="weak" candidates="6347" cleared="0" enqueued="0" />
  <references type="phantom" candidates="291" cleared="0" enqueued="0" />
  <stringconstants candidates="15929" cleared="0"  />
</gc-op>
<gc-op id="8599" type="sweep" timems="3.461" contextid="8595" timestamp="2019-08-04T20:36:08.745" />
<heap-resize id="8600" type="contract" space="tenure" amount="786432" count="1" timems="0.456" reason="excess free space following gc" timestamp="2019-08-04T20:36:08.746" />
<gc-end id="8601" type="global" contextid="8595" durationms="33.924" usertimems="134.910" systemtimems="70.152" timestamp="2019-08-04T20:36:08.746" activeThreads="16">
  <mem-info id="8602" free="54576008" total="81920000" percent="66">
    <mem type="tenure" free="54576008" total="81920000" percent="66" micro-fragmented="125560">
      <mem type="soa" free="54335704" total="81100800" percent="66" />
      <mem type="loa" free="240304" total="819200" percent="29" />
    </mem>
  </mem-info>
</gc-end>
<cycle-end id="8603" type="global" contextid="8595" timestamp="2019-08-04T20:36:08.746">
  <attribute name="GC Util" value="162" />
  <attribute name="CPU Util" value="7687029032961" />
  <attribute name="Time Running"value="108990"/>
  <attribute name="Number of cores"value="16"/>
</cycle-end>
<allocation-satisfied id="8604" threadId="0000000000C79200" bytesRequested="32776" />
<af-end id="8605" timestamp="2019-08-04T20:36:08.746" threadId="0000000000C79B88" success="true" />
<exclusive-end id="8606" timestamp="2019-08-04T20:36:08.746" durationms="34.382" />

<exclusive-start id="8607" timestamp="2019-08-04T20:36:08.822" intervalms="110.488">
  <response-info timems="0.195" idlems="0.136" threads="2" lastid="0000000000C57700" lastname="Thread-45" />
</exclusive-start>
<af-start id="8608" threadId="0000000000C5BC88" totalBytesRequested="16392" timestamp="2019-08-04T20:36:08.822" intervalms="110.481" />
<cycle-start id="8609" type="global" contextid="0" timestamp="2019-08-04T20:36:08.822" intervalms="110.480" />
  <attribute name="GC Util" value="162" />
  <attribute name="CPU Util" value="7687029032961" />
  <attribute name="Time Running"value="108990"/>
  <attribute name="Number of cores"value="16"/>
<gc-start id="8610" type="global" contextid="8609" timestamp="2019-08-04T20:36:08.822">
  <mem-info id="8611" free="240304" total="81920000" percent="0">
    <mem type="tenure" free="240304" total="81920000" percent="0">
      <mem type="soa" free="0" total="81100800" percent="0" />
      <mem type="loa" free="240304" total="819200" percent="29" />
    </mem>
  </mem-info>
</gc-start>
<allocation-stats totalBytes="54001808" >
  <allocated-bytes non-tlh="2178280" tlh="51823528" />
  <largest-consumer threadName="Thread-49" threadId="0000000000C8BE00" bytes="5960328" />
</allocation-stats>
<gc-op id="8612" type="mark" timems="12.536" contextid="8609" timestamp="2019-08-04T20:36:08.835">
  <trace-info objectcount="646140" scancount="558289" scanbytes="16248228" />
  <finalization candidates="154" enqueued="0" />
  <ownableSynchronizers candidates="23" cleared="0" />
  <references type="soft" candidates="1877" cleared="0" enqueued="0" dynamicThreshold="21" maxThreshold="32" />
  <references type="weak" candidates="6349" cleared="0" enqueued="0" />
  <references type="phantom" candidates="292" cleared="0" enqueued="0" />
  <stringconstants candidates="15929" cleared="0"  />
</gc-op>
<gc-op id="8613" type="sweep" timems="2.644" contextid="8609" timestamp="2019-08-04T20:36:08.837" />
<heap-resize id="8614" type="contract" space="tenure" amount="655360" count="1" timems="0.168" reason="excess free space following gc" timestamp="2019-08-04T20:36:08.838" />
<gc-end id="8615" type="global" contextid="8609" durationms="15.667" usertimems="67.465" systemtimems="15.263" timestamp="2019-08-04T20:36:08.838" activeThreads="16">
  <mem-info id="8616" free="53932840" total="81264640" percent="66">
    <mem type="tenure" free="53932840" total="81264640" percent="66" micro-fragmented="49130">
      <mem type="soa" free="53733520" total="80452608" percent="66" />
      <mem type="loa" free="199320" total="812032" percent="24" />
    </mem>
  </mem-info>
</gc-end>
<cycle-end id="8617" type="global" contextid="8609" timestamp="2019-08-04T20:36:08.838">
  <attribute name="GC Util" value="129" />
  <attribute name="CPU Util" value="9676288203430" />
  <attribute name="Time Running"value="109083"/>
  <attribute name="Number of cores"value="16"/>
</cycle-end>
<allocation-satisfied id="8618" threadId="0000000000C5B300" bytesRequested="16392" />
<af-end id="8619" timestamp="2019-08-04T20:36:08.838" threadId="0000000000C5BC88" success="true" />
<exclusive-end id="8620" timestamp="2019-08-04T20:36:08.838" durationms="16.092" />

<concurrent-kickoff id="8621" timestamp="2019-08-04T20:36:08.863">
  <kickoff reason="threshold reached" targetBytes="1379645" thresholdFreeBytes="206971" remainingFree="199320" tenureFreeBytes="199320" />
</concurrent-kickoff>
<exclusive-start id="8622" timestamp="2019-08-04T20:36:08.884" intervalms="61.756">
  <response-info timems="20.621" idlems="20.615" threads="1" lastid="0000000000C5B300" lastname="Thread-42" />
</exclusive-start>
<af-start id="8623" threadId="0000000000C81388" totalBytesRequested="48" timestamp="2019-08-04T20:36:08.884" intervalms="61.745" />
<concurrent-aborted id="8624" timestamp="2019-08-04T20:36:08.884">
  <reason value="insufficient progress made" />
</concurrent-aborted>
<cycle-end id="8625" type="global" contextid="0" timestamp="2019-08-04T20:36:08.884">
  <attribute name="GC Util" value="129" />
  <attribute name="CPU Util" value="9676288203430" />
  <attribute name="Time Running"value="109083"/>
  <attribute name="Number of cores"value="16"/>
</cycle-end>
<cycle-start id="8626" type="global" contextid="0" timestamp="2019-08-04T20:36:08.884" intervalms="61.755" />
  <attribute name="GC Util" value="129" />
  <attribute name="CPU Util" value="9676288203430" />
  <attribute name="Time Running"value="109083"/>
  <attribute name="Number of cores"value="16"/>
<gc-start id="8627" type="global" contextid="8626" timestamp="2019-08-04T20:36:08.884">
  <mem-info id="8628" free="199320" total="81264640" percent="0">
    <mem type="tenure" free="199320" total="81264640" percent="0">
      <mem type="soa" free="0" total="80452608" percent="0" />
      <mem type="loa" free="199320" total="812032" percent="24" />
    </mem>
  </mem-info>
</gc-start>
<allocation-stats totalBytes="53526552" >
  <allocated-bytes non-tlh="1947472" tlh="51579080" />
  <largest-consumer threadName="Thread-41" threadId="0000000000C80A00" bytes="4820912" />
</allocation-stats>
<gc-op id="8629" type="mark" timems="12.518" contextid="8626" timestamp="2019-08-04T20:36:08.896">
  <trace-info objectcount="644980" scancount="557289" scanbytes="16076732" />
  <finalization candidates="154" enqueued="0" />
  <ownableSynchronizers candidates="23" cleared="0" />
  <references type="soft" candidates="1877" cleared="0" enqueued="0" dynamicThreshold="21" maxThreshold="32" />
  <references type="weak" candidates="6350" cleared="0" enqueued="0" />
  <references type="phantom" candidates="296" cleared="0" enqueued="0" />
  <stringconstants candidates="15929" cleared="0"  />
</gc-op>
<gc-op id="8630" type="sweep" timems="4.411" contextid="8626" timestamp="2019-08-04T20:36:08.901" />
<heap-resize id="8631" type="contract" space="tenure" amount="786432" count="1" timems="0.089" reason="excess free space following gc" timestamp="2019-08-04T20:36:08.901" />
<gc-end id="8632" type="global" contextid="8626" durationms="17.157" usertimems="84.863" systemtimems="12.104" timestamp="2019-08-04T20:36:08.901" activeThreads="16">
  <mem-info id="8633" free="53658128" total="80478208" percent="66">
    <mem type="tenure" free="53658128" total="80478208" percent="66" micro-fragmented="77243">
      <mem type="soa" free="53512488" total="79674368" percent="67" />
      <mem type="loa" free="145640" total="803840" percent="18" />
    </mem>
  </mem-info>
</gc-end>
<cycle-end id="8634" type="global" contextid="8626" timestamp="2019-08-04T20:36:08.901">
  <attribute name="GC Util" value="171" />
  <attribute name="CPU Util" value="4632594302971" />
  <attribute name="Time Running"value="109146"/>
  <attribute name="Number of cores"value="16"/>
</cycle-end>
<allocation-satisfied id="8635" threadId="0000000000C80A00" bytesRequested="48" />
<af-end id="8636" timestamp="2019-08-04T20:36:08.901" threadId="0000000000C81388" success="true" />
<exclusive-end id="8637" timestamp="2019-08-04T20:36:08.901" durationms="17.489" />

<concurrent-kickoff id="8638" timestamp="2019-08-04T20:36:08.948">
  <kickoff reason="threshold reached" targetBytes="1366294" thresholdFreeBytes="204968" remainingFree="201704" tenureFreeBytes="201704" />
</concurrent-kickoff>
<exclusive-start id="8639" timestamp="2019-08-04T20:36:08.955" intervalms="71.647">
  <response-info timems="6.893" idlems="4.208" threads="4" lastid="0000000000C80A00" lastname="Thread-41" />
</exclusive-start>
<cycle-start id="8640" type="global" contextid="0" timestamp="2019-08-04T20:36:08.955" intervalms="71.573" />
  <attribute name="GC Util" value="171" />
  <attribute name="CPU Util" value="4632594302971" />
  <attribute name="Time Running"value="109146"/>
  <attribute name="Number of cores"value="16"/>
<exclusive-end id="8641" timestamp="2019-08-04T20:36:08.955" durationms="0.038" />

<exclusive-start id="8642" timestamp="2019-08-04T20:36:08.956" intervalms="0.325">
  <response-info timems="0.268" idlems="0.268" threads="0" lastid="0000000000C57700" lastname="Thread-45" />
</exclusive-start>
<af-start id="8643" threadId="0000000000C58088" totalBytesRequested="48" timestamp="2019-08-04T20:36:08.956" intervalms="71.954" />
<concurrent-aborted id="8644" timestamp="2019-08-04T20:36:08.956">
  <reason value="insufficient progress made" />
</concurrent-aborted>
<cycle-end id="8645" type="global" contextid="8640" timestamp="2019-08-04T20:36:08.956">
  <attribute name="GC Util" value="171" />
  <attribute name="CPU Util" value="4632594302971" />
  <attribute name="Time Running"value="109146"/>
  <attribute name="Number of cores"value="16"/>
</cycle-end>
<cycle-start id="8646" type="global" contextid="0" timestamp="2019-08-04T20:36:08.956" intervalms="0.387" />
  <attribute name="GC Util" value="171" />
  <attribute name="CPU Util" value="4632594302971" />
  <attribute name="Time Running"value="109146"/>
  <attribute name="Number of cores"value="16"/>
<gc-start id="8647" type="global" contextid="8646" timestamp="2019-08-04T20:36:08.956">
  <mem-info id="8648" free="145640" total="80478208" percent="0">
    <mem type="tenure" free="145640" total="80478208" percent="0">
      <mem type="soa" free="0" total="79674368" percent="0" />
      <mem type="loa" free="145640" total="803840" percent="18" />
    </mem>
  </mem-info>
</gc-start>
<allocation-stats totalBytes="53388728" >
  <allocated-bytes non-tlh="1850368" tlh="51538360" />
  <largest-consumer threadName="Thread-39" threadId="0000000000C93600" bytes="5624488" />
</allocation-stats>
<gc-op id="8649" type="mark" timems="11.040" contextid="8646" timestamp="2019-08-04T20:36:08.967">
  <trace-info objectcount="645970" scancount="558110" scanbytes="16240576" />
  <finalization candidates="154" enqueued="0" />
  <ownableSynchronizers candidates="23" cleared="0" />
  <references type="soft" candidates="1877" cleared="0" enqueued="0" dynamicThreshold="21" maxThreshold="32" />
  <references type="weak" candidates="6347" cleared="0" enqueued="0" />
  <references type="phantom" candidates="293" cleared="0" enqueued="0" />
  <stringconstants candidates="15929" cleared="0"  />
</gc-op>
<gc-op id="8650" type="sweep" timems="4.408" contextid="8646" timestamp="2019-08-04T20:36:08.972" />
<heap-resize id="8651" type="contract" space="tenure" amount="786432" count="1" timems="0.186" reason="excess free space following gc" timestamp="2019-08-04T20:36:08.972" />
<gc-end id="8652" type="global" contextid="8646" durationms="15.910" usertimems="73.126" systemtimems="6.884" timestamp="2019-08-04T20:36:08.972" activeThreads="16">
  <mem-info id="8653" free="52462152" total="79691776" percent="65">
    <mem type="tenure" free="52462152" total="79691776" percent="65" micro-fragmented="51051">
      <mem type="soa" free="52301664" total="78895104" percent="66" />
      <mem type="loa" free="160488" total="796672" percent="20" />
    </mem>
  </mem-info>
</gc-end>
<cycle-end id="8654" type="global" contextid="8646" timestamp="2019-08-04T20:36:08.972">
  <attribute name="GC Util" value="129" />
  <attribute name="CPU Util" value="4704097074205" />
  <attribute name="Time Running"value="109217"/>
  <attribute name="Number of cores"value="16"/>
</cycle-end>
<allocation-satisfied id="8655" threadId="0000000000C57700" bytesRequested="48" />
<af-end id="8656" timestamp="2019-08-04T20:36:08.972" threadId="0000000000C58088" success="true" />
<exclusive-end id="8657" timestamp="2019-08-04T20:36:08.972" durationms="16.140" />

<concurrent-kickoff id="8658" timestamp="2019-08-04T20:36:08.993">
  <kickoff reason="threshold reached" targetBytes="1352943" thresholdFreeBytes="202965" remainingFree="168104" tenureFreeBytes="168104" />
</concurrent-kickoff>
<exclusive-start id="8659" timestamp="2019-08-04T20:36:08.993" intervalms="37.446">
  <response-info timems="0.176" idlems="0.176" threads="0" lastid="0000000000C57700" lastname="Thread-45" />
</exclusive-start>
<af-start id="8660" threadId="0000000000C58088" totalBytesRequested="32776" timestamp="2019-08-04T20:36:08.993" intervalms="37.528" />
<concurrent-aborted id="8661" timestamp="2019-08-04T20:36:08.993">
  <reason value="insufficient progress made" />
</concurrent-aborted>
<cycle-end id="8662" type="global" contextid="8640" timestamp="2019-08-04T20:36:08.993">
  <attribute name="GC Util" value="129" />
  <attribute name="CPU Util" value="4704097074205" />
  <attribute name="Time Running"value="109217"/>
  <attribute name="Number of cores"value="16"/>
</cycle-end>
<cycle-start id="8663" type="global" contextid="0" timestamp="2019-08-04T20:36:08.993" intervalms="37.540" />
  <attribute name="GC Util" value="129" />
  <attribute name="CPU Util" value="4704097074205" />
  <attribute name="Time Running"value="109217"/>
  <attribute name="Number of cores"value="16"/>
<gc-start id="8664" type="global" contextid="8663" timestamp="2019-08-04T20:36:08.993">
  <mem-info id="8665" free="168104" total="79691776" percent="0">
    <mem type="tenure" free="168104" total="79691776" percent="0">
      <mem type="soa" free="7616" total="78895104" percent="0" />
      <mem type="loa" free="160488" total="796672" percent="20" />
    </mem>
  </mem-info>
</gc-start>
<allocation-stats totalBytes="52031608" >
  <allocated-bytes non-tlh="1774448" tlh="50257160" />
  <largest-consumer threadName="Thread-45" threadId="0000000000C57700" bytes="6742584" />
</allocation-stats>
<gc-op id="8666" type="mark" timems="15.378" contextid="8663" timestamp="2019-08-04T20:36:09.009">
  <trace-info objectcount="645465" scancount="557717" scanbytes="16160484" />
  <finalization candidates="154" enqueued="0" />
  <ownableSynchronizers candidates="23" cleared="0" />
  <references type="soft" candidates="1877" cleared="0" enqueued="0" dynamicThreshold="21" maxThreshold="32" />
  <references type="weak" candidates="6347" cleared="0" enqueued="0" />
  <references type="phantom" candidates="293" cleared="0" enqueued="0" />
  <stringconstants candidates="15929" cleared="0"  />
</gc-op>
<gc-op id="8667" type="sweep" timems="4.718" contextid="8663" timestamp="2019-08-04T20:36:09.014" />
<heap-resize id="8668" type="contract" space="tenure" amount="720896" count="1" timems="0.199" reason="excess free space following gc" timestamp="2019-08-04T20:36:09.014" />
<gc-end id="8669" type="global" contextid="8663" durationms="20.459" usertimems="106.293" systemtimems="14.270" timestamp="2019-08-04T20:36:09.014" activeThreads="16">
  <mem-info id="8670" free="52165368" total="78970880" percent="66">
    <mem type="tenure" free="52165368" total="78970880" percent="66" micro-fragmented="81163">
      <mem type="soa" free="51516640" total="78181376" percent="65" />
      <mem type="loa" free="648728" total="789504" percent="82" />
    </mem>
  </mem-info>
</gc-end>
<cycle-end id="8671" type="global" contextid="8663" timestamp="2019-08-04T20:36:09.014">
  <attribute name="GC Util" value="64" />
  <attribute name="CPU Util" value="4537884336653" />
  <attribute name="Time Running"value="109259"/>
  <attribute name="Number of cores"value="16"/>
</cycle-end>
<allocation-satisfied id="8672" threadId="0000000000C57700" bytesRequested="32776" />
<af-end id="8673" timestamp="2019-08-04T20:36:09.014" threadId="0000000000C58088" success="true" />
<exclusive-end id="8674" timestamp="2019-08-04T20:36:09.014" durationms="20.798" />

<exclusive-start id="8675" timestamp="2019-08-04T20:36:09.049" intervalms="55.627">
  <response-info timems="2.078" idlems="2.071" threads="1" lastid="0000000000CA6100" lastname="Thread-44" />
</exclusive-start>
<af-start id="8676" threadId="0000000000C4CD88" totalBytesRequested="32776" timestamp="2019-08-04T20:36:09.049" intervalms="55.610" />
<cycle-start id="8677" type="global" contextid="0" timestamp="2019-08-04T20:36:09.049" intervalms="55.617" />
  <attribute name="GC Util" value="64" />
  <attribute name="CPU Util" value="4537884336653" />
  <attribute name="Time Running"value="109259"/>
  <attribute name="Number of cores"value="16"/>
<gc-start id="8678" type="global" contextid="8677" timestamp="2019-08-04T20:36:09.049">
  <mem-info id="8679" free="682072" total="78970880" percent="0">
    <mem type="tenure" free="682072" total="78970880" percent="0">
      <mem type="soa" free="33344" total="78181376" percent="0" />
      <mem type="loa" free="648728" total="789504" percent="82" />
    </mem>
  </mem-info>
</gc-start>
<allocation-stats totalBytes="51232240" >
  <allocated-bytes non-tlh="2116664" tlh="49115576" />
  <largest-consumer threadName="Thread-45" threadId="0000000000C57700" bytes="6565128" />
</allocation-stats>
<gc-op id="8680" type="mark" timems="14.123" contextid="8677" timestamp="2019-08-04T20:36:09.064">
  <trace-info objectcount="644902" scancount="557166" scanbytes="16076112" />
  <finalization candidates="154" enqueued="0" />
  <ownableSynchronizers candidates="23" cleared="0" />
  <references type="soft" candidates="1877" cleared="0" enqueued="0" dynamicThreshold="21" maxThreshold="32" />
  <references type="weak" candidates="6348" cleared="0" enqueued="0" />
  <references type="phantom" candidates="293" cleared="0" enqueued="0" />
  <stringconstants candidates="15929" cleared="0"  />
</gc-op>
<gc-op id="8681" type="sweep" timems="3.952" contextid="8677" timestamp="2019-08-04T20:36:09.068" />
<heap-resize id="8682" type="contract" space="tenure" amount="720896" count="1" timems="0.218" reason="excess free space following gc" timestamp="2019-08-04T20:36:09.069" />
<gc-end id="8683" type="global" contextid="8677" durationms="19.938" usertimems="81.997" systemtimems="7.365" timestamp="2019-08-04T20:36:09.069" activeThreads="16">
  <mem-info id="8684" free="51496504" total="78249984" percent="65">
    <mem type="tenure" free="51496504" total="78249984" percent="65" micro-fragmented="26877">
      <mem type="soa" free="51147392" total="77467648" percent="66" />
      <mem type="loa" free="349112" total="782336" percent="44" />
    </mem>
  </mem-info>
</gc-end>
<cycle-end id="8685" type="global" contextid="8677" timestamp="2019-08-04T20:36:09.069">
  <attribute name="GC Util" value="183" />
  <attribute name="CPU Util" value="8674091964711" />
  <attribute name="Time Running"value="109311"/>
  <attribute name="Number of cores"value="16"/>
</cycle-end>
<allocation-satisfied id="8686" threadId="0000000000C4C400" bytesRequested="32776" />
<af-end id="8687" timestamp="2019-08-04T20:36:09.069" threadId="0000000000C4CD88" success="true" />
<exclusive-end id="8688" timestamp="2019-08-04T20:36:09.070" durationms="20.728" />

<exclusive-start id="8689" timestamp="2019-08-04T20:36:09.103" intervalms="53.742">
  <response-info timems="0.661" idlems="0.334" threads="1" lastid="0000000000C53B00" lastname="Thread-37" />
</exclusive-start>
<af-start id="8690" threadId="0000000000CAA688" totalBytesRequested="16" timestamp="2019-08-04T20:36:09.103" intervalms="53.704" />
<cycle-start id="8691" type="global" contextid="0" timestamp="2019-08-04T20:36:09.103" intervalms="53.675" />
  <attribute name="GC Util" value="183" />
  <attribute name="CPU Util" value="8674091964711" />
  <attribute name="Time Running"value="109311"/>
  <attribute name="Number of cores"value="16"/>
<gc-start id="8692" type="global" contextid="8691" timestamp="2019-08-04T20:36:09.103">
  <mem-info id="8693" free="349112" total="78249984" percent="0">
    <mem type="tenure" free="349112" total="78249984" percent="0">
      <mem type="soa" free="0" total="77467648" percent="0" />
      <mem type="loa" free="349112" total="782336" percent="44" />
    </mem>
  </mem-info>
</gc-start>
<allocation-stats totalBytes="51065520" >
  <allocated-bytes non-tlh="2368584" tlh="48696936" />
  <largest-consumer threadName="Thread-45" threadId="0000000000C57700" bytes="5887944" />
</allocation-stats>
<gc-op id="8694" type="mark" timems="12.630" contextid="8691" timestamp="2019-08-04T20:36:09.115">
  <trace-info objectcount="646320" scancount="558368" scanbytes="16251508" />
  <finalization candidates="154" enqueued="0" />
  <ownableSynchronizers candidates="23" cleared="0" />
  <references type="soft" candidates="1877" cleared="0" enqueued="0" dynamicThreshold="21" maxThreshold="32" />
  <references type="weak" candidates="6347" cleared="0" enqueued="0" />
  <references type="phantom" candidates="290" cleared="0" enqueued="0" />
  <stringconstants candidates="15929" cleared="0"  />
</gc-op>
<gc-op id="8695" type="sweep" timems="2.444" contextid="8691" timestamp="2019-08-04T20:36:09.118" />
<heap-resize id="8696" type="contract" space="tenure" amount="720896" count="1" timems="0.266" reason="excess free space following gc" timestamp="2019-08-04T20:36:09.118" />
<gc-end id="8697" type="global" contextid="8691" durationms="15.527" usertimems="84.993" systemtimems="15.486" timestamp="2019-08-04T20:36:09.118" activeThreads="16">
  <mem-info id="8698" free="50074512" total="77529088" percent="64">
    <mem type="tenure" free="50074512" total="77529088" percent="64" micro-fragmented="73738">
      <mem type="soa" free="49856144" total="76753920" percent="64" />
      <mem type="loa" free="218368" total="775168" percent="28" />
    </mem>
  </mem-info>
</gc-end>
<cycle-end id="8699" type="global" contextid="8691" timestamp="2019-08-04T20:36:09.118">
  <attribute name="GC Util" value="136" />
  <attribute name="CPU Util" value="12049305929601" />
  <attribute name="Time Running"value="109363"/>
  <attribute name="Number of cores"value="16"/>
</cycle-end>
<allocation-satisfied id="8700" threadId="0000000000CA9D00" bytesRequested="16" />
<af-end id="8701" timestamp="2019-08-04T20:36:09.119" threadId="0000000000CAA688" success="true" />
<exclusive-end id="8702" timestamp="2019-08-04T20:36:09.119" durationms="15.975" />

<exclusive-start id="8703" timestamp="2019-08-04T20:36:09.145" intervalms="42.898">
  <response-info timems="0.170" idlems="0.170" threads="0" lastid="0000000000CA2500" lastname="Thread-38" />
</exclusive-start>
<af-start id="8704" threadId="0000000000CA2E88" totalBytesRequested="24" timestamp="2019-08-04T20:36:09.146" intervalms="42.948" />
<cycle-start id="8705" type="global" contextid="0" timestamp="2019-08-04T20:36:09.146" intervalms="42.954" />
  <attribute name="GC Util" value="136" />
  <attribute name="CPU Util" value="12049305929601" />
  <attribute name="Time Running"value="109363"/>
  <attribute name="Number of cores"value="16"/>
<gc-start id="8706" type="global" contextid="8705" timestamp="2019-08-04T20:36:09.146">
  <mem-info id="8707" free="218368" total="77529088" percent="0">
    <mem type="tenure" free="218368" total="77529088" percent="0">
      <mem type="soa" free="0" total="76753920" percent="0" />
      <mem type="loa" free="218368" total="775168" percent="28" />
    </mem>
  </mem-info>
</gc-start>
<allocation-stats totalBytes="49486832" >
  <allocated-bytes non-tlh="1719184" tlh="47767648" />
  <largest-consumer threadName="Thread-38" threadId="0000000000CA2500" bytes="5161224" />
</allocation-stats>
<gc-op id="8708" type="mark" timems="14.155" contextid="8705" timestamp="2019-08-04T20:36:09.160">
  <trace-info objectcount="643693" scancount="556219" scanbytes="16105480" />
  <finalization candidates="154" enqueued="0" />
  <ownableSynchronizers candidates="23" cleared="0" />
  <references type="soft" candidates="1877" cleared="0" enqueued="0" dynamicThreshold="20" maxThreshold="32" />
  <references type="weak" candidates="6347" cleared="0" enqueued="0" />
  <references type="phantom" candidates="297" cleared="0" enqueued="0" />
  <stringconstants candidates="15929" cleared="0"  />
</gc-op>
<gc-op id="8709" type="sweep" timems="3.283" contextid="8705" timestamp="2019-08-04T20:36:09.163" />
<heap-resize id="8710" type="contract" space="tenure" amount="655360" count="1" timems="0.076" reason="excess free space following gc" timestamp="2019-08-04T20:36:09.163" />
<gc-end id="8711" type="global" contextid="8705" durationms="17.886" usertimems="72.584" systemtimems="30.397" timestamp="2019-08-04T20:36:09.164" activeThreads="16">
  <mem-info id="8712" free="50304456" total="76873728" percent="65">
    <mem type="tenure" free="50304456" total="76873728" percent="65" micro-fragmented="15638">
      <mem type="soa" free="50118792" total="76105728" percent="65" />
      <mem type="loa" free="185664" total="768000" percent="24" />
    </mem>
  </mem-info>
</gc-end>
<cycle-end id="8713" type="global" contextid="8705" timestamp="2019-08-04T20:36:09.164">
  <attribute name="GC Util" value="262" />
  <attribute name="CPU Util" value="10150250422917" />
  <attribute name="Time Running"value="109408"/>
  <attribute name="Number of cores"value="16"/>
</cycle-end>
<allocation-satisfied id="8714" threadId="0000000000CA2500" bytesRequested="24" />
<af-end id="8715" timestamp="2019-08-04T20:36:09.164" threadId="0000000000CA2E88" success="true" />
<exclusive-end id="8716" timestamp="2019-08-04T20:36:09.164" durationms="18.511" />

<exclusive-start id="8717" timestamp="2019-08-04T20:36:09.196" intervalms="50.229">
  <response-info timems="6.568" idlems="6.568" threads="0" lastid="0000000000CA2500" lastname="Thread-38" />
</exclusive-start>
<af-start id="8718" threadId="0000000000CA2E88" totalBytesRequested="16392" timestamp="2019-08-04T20:36:09.196" intervalms="50.260" />
<cycle-start id="8719" type="global" contextid="0" timestamp="2019-08-04T20:36:09.196" intervalms="50.871" />
  <attribute name="GC Util" value="262" />
  <attribute name="CPU Util" value="10150250422917" />
  <attribute name="Time Running"value="109408"/>
  <attribute name="Number of cores"value="16"/>
<gc-start id="8720" type="global" contextid="8719" timestamp="2019-08-04T20:36:09.197">
  <mem-info id="8721" free="185664" total="76873728" percent="0">
    <mem type="tenure" free="185664" total="76873728" percent="0">
      <mem type="soa" free="0" total="76105728" percent="0" />
      <mem type="loa" free="185664" total="768000" percent="24" />
    </mem>
  </mem-info>
</gc-start>
<allocation-stats totalBytes="49834480" >
  <allocated-bytes non-tlh="1462880" tlh="48371600" />
  <largest-consumer threadName="Thread-41" threadId="0000000000C80A00" bytes="5880728" />
</allocation-stats>
<gc-op id="8722" type="mark" timems="13.040" contextid="8719" timestamp="2019-08-04T20:36:09.210">
  <trace-info objectcount="644806" scancount="557072" scanbytes="16145128" />
  <finalization candidates="154" enqueued="0" />
  <ownableSynchronizers candidates="23" cleared="0" />
  <references type="soft" candidates="1877" cleared="0" enqueued="0" dynamicThreshold="20" maxThreshold="32" />
  <references type="weak" candidates="6347" cleared="0" enqueued="0" />
  <references type="phantom" candidates="293" cleared="0" enqueued="0" />
  <stringconstants candidates="15929" cleared="0"  />
</gc-op>
<gc-op id="8723" type="sweep" timems="2.520" contextid="8719" timestamp="2019-08-04T20:36:09.212" />
<mem-info id="8724" free="50324416" total="76873728" percent="65">
  <mem type="tenure" free="50324416" total="76873728" percent="65" micro-fragmented="43193">
    <mem type="soa" free="49556560" total="76105728" percent="65" />
    <mem type="loa" free="767856" total="768000" percent="99" />
  </mem>
</mem-info>
<gc-op id="8725" type="compact" timems="38.289" contextid="8719" timestamp="2019-08-04T20:36:09.251">
  <compact-info movecount="44059" movebytes="8055056" reason="compact to aid heap contraction" />
</gc-op>
<heap-resize id="8726" type="contract" space="tenure" amount="720896" count="1" timems="0.134" reason="excess free space following gc" timestamp="2019-08-04T20:36:09.251" />
<gc-end id="8727" type="global" contextid="8719" durationms="54.472" usertimems="149.507" systemtimems="21.342" timestamp="2019-08-04T20:36:09.251" activeThreads="16">
  <mem-info id="8728" free="49624544" total="76152832" percent="65">
    <mem type="tenure" free="49624544" total="76152832" percent="65">
      <mem type="soa" free="48910816" total="75392000" percent="64" />
      <mem type="loa" free="713728" total="760832" percent="93" />
    </mem>
  </mem-info>
</gc-end>
<cycle-end id="8729" type="global" contextid="8719" timestamp="2019-08-04T20:36:09.251">
  <attribute name="GC Util" value="100" />
  <attribute name="CPU Util" value="36477419163515" />
  <attribute name="Time Running"value="109458"/>
  <attribute name="Number of cores"value="16"/>
</cycle-end>
<allocation-satisfied id="8730" threadId="0000000000CA2500" bytesRequested="16392" />
<af-end id="8731" timestamp="2019-08-04T20:36:09.251" threadId="0000000000CA2E88" success="true" />
<exclusive-end id="8732" timestamp="2019-08-04T20:36:09.251" durationms="55.632" />

<exclusive-start id="8733" timestamp="2019-08-04T20:36:09.270" intervalms="74.300">
  <response-info timems="0.215" idlems="0.211" threads="1" lastid="0000000000C7CE00" lastname="Thread-48" />
</exclusive-start>
<af-start id="8734" threadId="0000000000CA2E88" totalBytesRequested="32776" timestamp="2019-08-04T20:36:09.270" intervalms="74.250" />
<cycle-start id="8735" type="global" contextid="0" timestamp="2019-08-04T20:36:09.270" intervalms="73.659" />
  <attribute name="GC Util" value="100" />
  <attribute name="CPU Util" value="36477419163515" />
  <attribute name="Time Running"value="109458"/>
  <attribute name="Number of cores"value="16"/>
<gc-start id="8736" type="global" contextid="8735" timestamp="2019-08-04T20:36:09.270">
  <mem-info id="8737" free="713728" total="76152832" percent="0">
    <mem type="tenure" free="713728" total="76152832" percent="0">
      <mem type="soa" free="0" total="75392000" percent="0" />
      <mem type="loa" free="713728" total="760832" percent="93" />
    </mem>
  </mem-info>
</gc-start>
<allocation-stats totalBytes="48653464" >
  <allocated-bytes non-tlh="16392" tlh="48637072" />
  <largest-consumer threadName="Thread-38" threadId="0000000000CA2500" bytes="6506432" />
</allocation-stats>
<gc-op id="8738" type="mark" timems="35.439" contextid="8735" timestamp="2019-08-04T20:36:09.306">
  <trace-info objectcount="643940" scancount="556247" scanbytes="16041000" />
  <finalization candidates="154" enqueued="0" />
  <ownableSynchronizers candidates="23" cleared="0" />
  <references type="soft" candidates="1877" cleared="0" enqueued="0" dynamicThreshold="20" maxThreshold="32" />
  <references type="weak" candidates="6348" cleared="0" enqueued="0" />
  <references type="phantom" candidates="293" cleared="0" enqueued="0" />
  <stringconstants candidates="15929" cleared="0"  />
</gc-op>
<gc-op id="8739" type="sweep" timems="4.042" contextid="8735" timestamp="2019-08-04T20:36:09.310" />
<gc-end id="8740" type="global" contextid="8735" durationms="39.965" usertimems="180.364" systemtimems="59.257" timestamp="2019-08-04T20:36:09.310" activeThreads="16">
  <mem-info id="8741" free="35672264" total="76152832" percent="46">
    <mem type="tenure" free="35672264" total="76152832" percent="46" micro-fragmented="1537">
      <mem type="soa" free="34920528" total="75392000" percent="46" />
      <mem type="loa" free="751736" total="760832" percent="98" />
    </mem>
  </mem-info>
</gc-end>
<cycle-end id="8742" type="global" contextid="8735" timestamp="2019-08-04T20:36:09.310">
  <attribute name="GC Util" value="622" />
  <attribute name="CPU Util" value="519921685456" />
  <attribute name="Time Running"value="109552"/>
  <attribute name="Number of cores"value="16"/>
</cycle-end>
<allocation-satisfied id="8743" threadId="0000000000CA2500" bytesRequested="32776" />
<af-end id="8744" timestamp="2019-08-04T20:36:09.311" threadId="0000000000CA2E88" success="true" />
<exclusive-end id="8745" timestamp="2019-08-04T20:36:09.311" durationms="40.734" />

<exclusive-start id="8746" timestamp="2019-08-04T20:36:09.336" intervalms="65.576">
  <response-info timems="2.482" idlems="2.482" threads="0" lastid="0000000000C93600" lastname="Thread-39" />
</exclusive-start>
<af-start id="8747" threadId="0000000000C93F88" totalBytesRequested="16392" timestamp="2019-08-04T20:36:09.336" intervalms="65.532" />
<cycle-start id="8748" type="global" contextid="0" timestamp="2019-08-04T20:36:09.337" intervalms="66.484" />
  <attribute name="GC Util" value="21" />
  <attribute name="CPU Util" value="622115703163" />
  <attribute name="Time Running"value="109581"/>
  <attribute name="Number of cores"value="16"/>
<gc-start id="8749" type="global" contextid="8748" timestamp="2019-08-04T20:36:09.337">
  <mem-info id="8750" free="760832" total="76152832" percent="0">
    <mem type="tenure" free="760832" total="76152832" percent="0">
      <mem type="soa" free="0" total="75392000" percent="0" />
      <mem type="loa" free="760832" total="760832" percent="100" />
    </mem>
  </mem-info>
</gc-start>
<allocation-stats totalBytes="48672960" >
  <allocated-bytes non-tlh="1561256" tlh="47111704" />
  <largest-consumer threadName="Thread-48" threadId="0000000000C7CE00" bytes="6020808" />
</allocation-stats>
<gc-op id="8751" type="mark" timems="12.655" contextid="8748" timestamp="2019-08-04T20:36:09.349">
  <trace-info objectcount="644998" scancount="557175" scanbytes="16166272" />
  <finalization candidates="154" enqueued="0" />
  <ownableSynchronizers candidates="23" cleared="0" />
  <references type="soft" candidates="1877" cleared="0" enqueued="0" dynamicThreshold="14" maxThreshold="32" />
  <references type="weak" candidates="6347" cleared="0" enqueued="0" />
  <references type="phantom" candidates="293" cleared="0" enqueued="0" />
  <stringconstants candidates="15929" cleared="0"  />
</gc-op>
<gc-op id="8752" type="sweep" timems="2.765" contextid="8748" timestamp="2019-08-04T20:36:09.352" />
<gc-end id="8753" type="global" contextid="8748" durationms="15.594" usertimems="88.706" systemtimems="12.713" timestamp="2019-08-04T20:36:09.352" activeThreads="16">
  <mem-info id="8754" free="35122504" total="76152832" percent="46">
    <mem type="tenure" free="35122504" total="76152832" percent="46" micro-fragmented="0">
      <mem type="soa" free="34368944" total="75392000" percent="45" />
      <mem type="loa" free="753560" total="760832" percent="99" />
    </mem>
  </mem-info>
</gc-end>
<cycle-end id="8755" type="global" contextid="8748" timestamp="2019-08-04T20:36:09.352">
  <attribute name="GC Util" value="589" />
  <attribute name="CPU Util" value="1448366144600" />
  <attribute name="Time Running"value="109595"/>
  <attribute name="Number of cores"value="16"/>
</cycle-end>
<allocation-satisfied id="8756" threadId="0000000000C93600" bytesRequested="16392" />
<af-end id="8757" timestamp="2019-08-04T20:36:09.352" threadId="0000000000C93F88" success="true" />
<exclusive-end id="8758" timestamp="2019-08-04T20:36:09.352" durationms="16.860" />

<exclusive-start id="8759" timestamp="2019-08-04T20:36:09.434" intervalms="98.803">
  <response-info timems="0.226" idlems="0.166" threads="3" lastid="0000000000CA2500" lastname="Thread-38" />
</exclusive-start>
<af-start id="8760" threadId="0000000000C4CD88" totalBytesRequested="8200" timestamp="2019-08-04T20:36:09.434" intervalms="98.806" />
<cycle-start id="8761" type="global" contextid="0" timestamp="2019-08-04T20:36:09.436" intervalms="99.810" />
  <attribute name="GC Util" value="13" />
  <attribute name="CPU Util" value="217169025498" />
  <attribute name="Time Running"value="109680"/>
  <attribute name="Number of cores"value="16"/>
<gc-start id="8762" type="global" contextid="8761" timestamp="2019-08-04T20:36:09.437">
  <mem-info id="8763" free="760832" total="76152832" percent="0">
    <mem type="tenure" free="760832" total="76152832" percent="0">
      <mem type="soa" free="0" total="75392000" percent="0" />
      <mem type="loa" free="760832" total="760832" percent="100" />
    </mem>
  </mem-info>
</gc-start>
<allocation-stats totalBytes="48330912" >
  <allocated-bytes non-tlh="2381472" tlh="45949440" />
  <largest-consumer threadName="Thread-47" threadId="0000000000C79200" bytes="6294888" />
</allocation-stats>
<gc-op id="8764" type="mark" timems="12.278" contextid="8761" timestamp="2019-08-04T20:36:09.449">
  <trace-info objectcount="642165" scancount="554809" scanbytes="16069004" />
  <finalization candidates="154" enqueued="0" />
  <ownableSynchronizers candidates="23" cleared="0" />
  <references type="soft" candidates="1877" cleared="0" enqueued="0" dynamicThreshold="14" maxThreshold="32" />
  <references type="weak" candidates="6348" cleared="0" enqueued="0" />
  <references type="phantom" candidates="298" cleared="0" enqueued="0" />
  <stringconstants candidates="15929" cleared="0"  />
</gc-op>
<gc-op id="8765" type="sweep" timems="1.776" contextid="8761" timestamp="2019-08-04T20:36:09.451" />
<gc-end id="8766" type="global" contextid="8761" durationms="14.181" usertimems="83.459" systemtimems="11.399" timestamp="2019-08-04T20:36:09.451" activeThreads="16">
  <mem-info id="8767" free="34995304" total="76152832" percent="45">
    <mem type="tenure" free="34995304" total="76152832" percent="45" micro-fragmented="0">
      <mem type="soa" free="34240288" total="75392000" percent="45" />
      <mem type="loa" free="755016" total="760832" percent="99" />
    </mem>
  </mem-info>
</gc-end>
<cycle-end id="8768" type="global" contextid="8761" timestamp="2019-08-04T20:36:09.451">
  <attribute name="GC Util" value="635" />
  <attribute name="CPU Util" value="1496711623389" />
  <attribute name="Time Running"value="109695"/>
  <attribute name="Number of cores"value="16"/>
</cycle-end>
<allocation-satisfied id="8769" threadId="0000000000C4C400" bytesRequested="8200" />
<af-end id="8770" timestamp="2019-08-04T20:36:09.451" threadId="0000000000C4CD88" success="true" />
<exclusive-end id="8771" timestamp="2019-08-04T20:36:09.451" durationms="16.502" />

<exclusive-start id="8772" timestamp="2019-08-04T20:36:09.483" intervalms="48.614">
  <response-info timems="0.109" idlems="0.109" threads="0" lastid="0000000000C5B300" lastname="Thread-42" />
</exclusive-start>
<af-start id="8773" threadId="0000000000C5BC88" totalBytesRequested="16392" timestamp="2019-08-04T20:36:09.483" intervalms="48.610" />
<cycle-start id="8774" type="global" contextid="0" timestamp="2019-08-04T20:36:09.484" intervalms="47.320" />
  <attribute name="GC Util" value="36" />
  <attribute name="CPU Util" value="537915147143" />
  <attribute name="Time Running"value="109729"/>
  <attribute name="Number of cores"value="16"/>
<gc-start id="8775" type="global" contextid="8774" timestamp="2019-08-04T20:36:09.484">
  <mem-info id="8776" free="785576" total="76152832" percent="1">
    <mem type="tenure" free="785576" total="76152832" percent="1">
      <mem type="soa" free="24744" total="75392000" percent="0" />
      <mem type="loa" free="760832" total="760832" percent="100" />
    </mem>
  </mem-info>
</gc-start>
<allocation-stats totalBytes="49253160" >
  <allocated-bytes non-tlh="1446568" tlh="47806592" />
  <largest-consumer threadName="Thread-45" threadId="0000000000C57700" bytes="5418232" />
</allocation-stats>
<gc-op id="8777" type="mark" timems="31.594" contextid="8774" timestamp="2019-08-04T20:36:09.515">
  <trace-info objectcount="644938" scancount="557131" scanbytes="16163588" />
  <finalization candidates="154" enqueued="0" />
  <ownableSynchronizers candidates="23" cleared="0" />
  <references type="soft" candidates="1877" cleared="0" enqueued="0" dynamicThreshold="14" maxThreshold="32" />
  <references type="weak" candidates="6347" cleared="0" enqueued="0" />
  <references type="phantom" candidates="290" cleared="0" enqueued="0" />
  <stringconstants candidates="15929" cleared="0"  />
</gc-op>
<gc-op id="8778" type="sweep" timems="2.382" contextid="8774" timestamp="2019-08-04T20:36:09.518" />
<heap-resize id="8779" type="contract" space="tenure" amount="720896" count="1" timems="0.131" reason="excess free space following gc" timestamp="2019-08-04T20:36:09.518" />
<gc-end id="8780" type="global" contextid="8774" durationms="34.272" usertimems="177.389" systemtimems="57.791" timestamp="2019-08-04T20:36:09.518" activeThreads="16">
  <mem-info id="8781" free="48178168" total="75431936" percent="63">
    <mem type="tenure" free="48178168" total="75431936" percent="63" micro-fragmented="72894">
      <mem type="soa" free="48107320" total="74678272" percent="64" />
      <mem type="loa" free="70848" total="753664" percent="9" />
    </mem>
  </mem-info>
</gc-end>
<cycle-end id="8782" type="global" contextid="8774" timestamp="2019-08-04T20:36:09.518">
  <attribute name="GC Util" value="123" />
  <attribute name="CPU Util" value="9878809361699" />
  <attribute name="Time Running"value="109763"/>
  <attribute name="Number of cores"value="16"/>
</cycle-end>
<allocation-satisfied id="8783" threadId="0000000000C5B300" bytesRequested="16392" />
<af-end id="8784" timestamp="2019-08-04T20:36:09.518" threadId="0000000000C5BC88" success="true" />
<exclusive-end id="8785" timestamp="2019-08-04T20:36:09.518" durationms="35.256" />

<concurrent-kickoff id="8786" timestamp="2019-08-04T20:36:09.538">
  <kickoff reason="threshold reached" targetBytes="1280623" thresholdFreeBytes="192116" remainingFree="186592" tenureFreeBytes="186592" />
</concurrent-kickoff>
<exclusive-start id="8787" timestamp="2019-08-04T20:36:09.539" intervalms="55.545">
  <response-info timems="0.420" idlems="0.230" threads="1" lastid="0000000000CA9D00" lastname="Thread-40" />
</exclusive-start>
<cycle-start id="8788" type="global" contextid="0" timestamp="2019-08-04T20:36:09.539" intervalms="54.796" />
  <attribute name="GC Util" value="123" />
  <attribute name="CPU Util" value="9878809361699" />
  <attribute name="Time Running"value="109763"/>
  <attribute name="Number of cores"value="16"/>
<exclusive-end id="8789" timestamp="2019-08-04T20:36:09.539" durationms="0.104" />

<exclusive-start id="8790" timestamp="2019-08-04T20:36:09.540" intervalms="1.011">
  <response-info timems="0.615" idlems="0.615" threads="0" lastid="0000000000C80A00" lastname="Thread-41" />
</exclusive-start>
<af-start id="8791" threadId="0000000000C81388" totalBytesRequested="16392" timestamp="2019-08-04T20:36:09.540" intervalms="56.545" />
<concurrent-aborted id="8792" timestamp="2019-08-04T20:36:09.540">
  <reason value="insufficient progress made" />
</concurrent-aborted>
<cycle-end id="8793" type="global" contextid="8788" timestamp="2019-08-04T20:36:09.540">
  <attribute name="GC Util" value="123" />
  <attribute name="CPU Util" value="9878809361699" />
  <attribute name="Time Running"value="109763"/>
  <attribute name="Number of cores"value="16"/>
</cycle-end>
<cycle-start id="8794" type="global" contextid="0" timestamp="2019-08-04T20:36:09.540" intervalms="1.165" />
  <attribute name="GC Util" value="123" />
  <attribute name="CPU Util" value="9878809361699" />
  <attribute name="Time Running"value="109763"/>
  <attribute name="Number of cores"value="16"/>
<gc-start id="8795" type="global" contextid="8794" timestamp="2019-08-04T20:36:09.540">
  <mem-info id="8796" free="70848" total="75431936" percent="0">
    <mem type="tenure" free="70848" total="75431936" percent="0">
      <mem type="soa" free="0" total="74678272" percent="0" />
      <mem type="loa" free="70848" total="753664" percent="9" />
    </mem>
  </mem-info>
</gc-start>
<allocation-stats totalBytes="47875440" >
  <allocated-bytes non-tlh="2099200" tlh="45776240" />
  <largest-consumer threadName="Thread-48" threadId="0000000000C7CE00" bytes="8212984" />
</allocation-stats>
<gc-op id="8797" type="mark" timems="12.007" contextid="8794" timestamp="2019-08-04T20:36:09.552">
  <trace-info objectcount="644901" scancount="557022" scanbytes="16146708" />
  <finalization candidates="154" enqueued="0" />
  <ownableSynchronizers candidates="23" cleared="0" />
  <references type="soft" candidates="1877" cleared="0" enqueued="0" dynamicThreshold="20" maxThreshold="32" />
  <references type="weak" candidates="6350" cleared="0" enqueued="0" />
  <references type="phantom" candidates="296" cleared="0" enqueued="0" />
  <stringconstants candidates="15929" cleared="0"  />
</gc-op>
<gc-op id="8798" type="sweep" timems="2.542" contextid="8794" timestamp="2019-08-04T20:36:09.554" />
<heap-resize id="8799" type="contract" space="tenure" amount="524288" count="1" timems="0.183" reason="excess free space following gc" timestamp="2019-08-04T20:36:09.555" />
<gc-end id="8800" type="global" contextid="8794" durationms="14.968" usertimems="75.252" systemtimems="15.249" timestamp="2019-08-04T20:36:09.555" activeThreads="16">
  <mem-info id="8801" free="47792472" total="74907648" percent="63">
    <mem type="tenure" free="47792472" total="74907648" percent="63" micro-fragmented="22176">
      <mem type="soa" free="47646624" total="74159104" percent="64" />
      <mem type="loa" free="145848" total="748544" percent="19" />
    </mem>
  </mem-info>
</gc-end>
<cycle-end id="8802" type="global" contextid="8794" timestamp="2019-08-04T20:36:09.555">
  <attribute name="GC Util" value="174" />
  <attribute name="CPU Util" value="9984114726621" />
  <attribute name="Time Running"value="109799"/>
  <attribute name="Number of cores"value="16"/>
</cycle-end>
<allocation-satisfied id="8803" threadId="0000000000C80A00" bytesRequested="16392" />
<af-end id="8804" timestamp="2019-08-04T20:36:09.555" threadId="0000000000C81388" success="true" />
<exclusive-end id="8805" timestamp="2019-08-04T20:36:09.556" durationms="15.992" />

<concurrent-kickoff id="8806" timestamp="2019-08-04T20:36:09.584">
  <kickoff reason="threshold reached" targetBytes="1271722" thresholdFreeBytes="190781" remainingFree="163640" tenureFreeBytes="163640" />
</concurrent-kickoff>
<exclusive-start id="8807" timestamp="2019-08-04T20:36:09.587" intervalms="47.215">
  <response-info timems="2.760" idlems="2.744" threads="1" lastid="0000000000C57700" lastname="Thread-45" />
</exclusive-start>
<af-start id="8808" threadId="0000000000C63488" totalBytesRequested="40" timestamp="2019-08-04T20:36:09.587" intervalms="47.341" />
<concurrent-aborted id="8809" timestamp="2019-08-04T20:36:09.587">
  <reason value="insufficient progress made" />
</concurrent-aborted>
<cycle-end id="8810" type="global" contextid="8788" timestamp="2019-08-04T20:36:09.587">
  <attribute name="GC Util" value="174" />
  <attribute name="CPU Util" value="9984114726621" />
  <attribute name="Time Running"value="109799"/>
  <attribute name="Number of cores"value="16"/>
</cycle-end>
<cycle-start id="8811" type="global" contextid="0" timestamp="2019-08-04T20:36:09.588" intervalms="48.405" />
  <attribute name="GC Util" value="174" />
  <attribute name="CPU Util" value="9984114726621" />
  <attribute name="Time Running"value="109799"/>
  <attribute name="Number of cores"value="16"/>
<gc-start id="8812" type="global" contextid="8811" timestamp="2019-08-04T20:36:09.588">
  <mem-info id="8813" free="145848" total="74907648" percent="0">
    <mem type="tenure" free="145848" total="74907648" percent="0">
      <mem type="soa" free="0" total="74159104" percent="0" />
      <mem type="loa" free="145848" total="748544" percent="19" />
    </mem>
  </mem-info>
</gc-start>
<allocation-stats totalBytes="47454472" >
  <allocated-bytes non-tlh="2304088" tlh="45150384" />
  <largest-consumer threadName="Thread-40" threadId="0000000000CA9D00" bytes="5918352" />
</allocation-stats>
<gc-op id="8814" type="mark" timems="22.324" contextid="8811" timestamp="2019-08-04T20:36:09.611">
  <trace-info objectcount="644521" scancount="556715" scanbytes="16137608" />
