<?xml version="1.0" ?>

<verbosegc xmlns="http://www.ibm.com/j9/verbosegc" version="25b0271_CMPRSS">

<initialized id="1" timestamp="2019-07-02T20:10:55.047">
  <attribute name="gcPolicy" value="-Xgcpolicy:balanced" />
  <attribute name="GC Util" value="0" />
  <attribute name="CPU Util" value="0" />
  <attribute name="Time Running"value="0"/>
  <attribute name="Number of cores"value="0"/>
  <attribute name="maxHeapSize" value="0x7cb00000" />
  <attribute name="initialHeapSize" value="0x800000" />
  <attribute name="compressedRefs" value="true" />
  <attribute name="compressedRefsDisplacement" value="0x0" />
  <attribute name="compressedRefsShift" value="0x0" />
  <attribute name="pageSize" value="0x1000" />
  <attribute name="pageType" value="not used" />
  <attribute name="requestedPageSize" value="0x1000" />
  <attribute name="requestedPageType" value="not used" />
  <attribute name="gcthreads" value="4" />
  <attribute name="packetListSplit" value="4" />
  <attribute name="cacheListSplit" value="4" />
  <attribute name="splitFreeListSplitAmount" value="1" />
  <attribute name="numaNodes" value="0" />
  <region>
    <attribute name="regionSize" value="1048576" />
    <attribute name="regionCount" value="1995" />
    <attribute name="arrayletLeafSize" value="1048576" />
  </region>
  <system>
    <attribute name="physicalMemory" value="8370962432" />
    <attribute name="numCPUs" value="4" />
    <attribute name="architecture" value="amd64" />
    <attribute name="os" value="Linux" />
    <attribute name="osVersion" value="4.4.0-148-generic" />
  </system>
  <vmargs>
    <vmarg name="-Xoptionsfile=/vagrant/jdk/lib/options.default" />
    <vmarg name="-Xlockword:mode=default,noLockword=java/lang/String,noLockword=java/util/MapEntry,noLockword=java/util/HashMap$Entry,noLockword..." />
    <vmarg name="-Xjcl:jclse11_29" />
    <vmarg name="-Dcom.ibm.oti.vm.bootstrap.library.path=/vagrant/jdk/lib/compressedrefs:/vagrant/jdk/lib" />
    <vmarg name="-Dsun.boot.library.path=/vagrant/jdk/lib/compressedrefs:/vagrant/jdk/lib" />
    <vmarg name="-Djava.library.path=/vagrant/jdk/lib/compressedrefs:/vagrant/jdk/lib:/usr/lib64:/usr/lib" />
    <vmarg name="-Djava.home=/vagrant/jdk" />
    <vmarg name="-Duser.dir=/vagrant" />
    <vmarg name="-Xgcpolicy:balanced" />
    <vmarg name="-verbose:gc" />
    <vmarg name="-Xloggc:default-Balanced-jdkF-verbose14sunflow.txt" />
    <vmarg name="-Djava.class.path=dacapo-9.12-MR1-bach.jar" />
    <vmarg name="-Dsun.java.command=dacapo-9.12-MR1-bach.jar sunflow --size=default" />
    <vmarg name="-Dsun.java.launcher=SUN_STANDARD" />
    <vmarg name="-Dsun.java.launcher.pid=19680" />
  </vmargs>
</initialized>

<exclusive-start id="2" timestamp="2019-07-02T20:10:55.390" intervalms="343.729">
  <response-info timems="0.026" idlems="0.026" threads="0" lastid="0000000000AA5700" lastname="main" />
</exclusive-start>
<sys-start reason="explicit" id="3" timestamp="2019-07-02T20:10:55.391" intervalms="343.997" />
<cycle-start id="4" type="global garbage collect" contextid="0" timestamp="2019-07-02T20:10:55.391" intervalms="344.309" />
  <attribute name="GC Util" value="0" />
  <attribute name="CPU Util" value="90" />
  <attribute name="Time Running"value="0"/>
  <attribute name="Number of cores"value="4"/>
<gc-start id="5" type="global garbage collect" contextid="4" timestamp="2019-07-02T20:10:55.391">
  <mem-info id="6" free="2228216" total="8388608" percent="26">
    <mem type="eden" free="131064" total="6291456" percent="2" />
    <remembered-set count="0" freebytes="334848" totalbytes="334848" percent="100" regionsoverflowed="0" regionsstable="0" regionsrebuilding="0"/>
  </mem-info>
</gc-start>
<allocation-stats totalBytes="6157896" >
  <allocated-bytes non-tlh="1178688" tlh="4979208" arrayletleaf="0"/>
  <largest-consumer threadName="main" threadId="0000000000AA5700" bytes="6082200" />
</allocation-stats>
<gc-op id="7" type="global mark" timems="4.064" contextid="4" timestamp="2019-07-02T20:10:55.396">
  <trace-info objectcount="30095" scancount="23452" scanbytes="759172" />
  <finalization candidates="125" enqueued="1" />
  <ownableSynchronizers candidates="3" cleared="0" />
  <references type="soft" candidates="129" cleared="0" enqueued="0" dynamicThreshold="32" maxThreshold="32" />
  <references type="weak" candidates="1326" cleared="568" enqueued="478" />
  <references type="phantom" candidates="106" cleared="42" enqueued="42" />
  <stringconstants candidates="3935" cleared="0"  />
</gc-op>
<gc-op id="8" type="classunload" timems="0.122" contextid="4" timestamp="2019-07-02T20:10:55.396">
  <classunload-info classloadercandidates="7" classloadersunloaded="0" classesunloaded="0" anonymousclassesunloaded="0" quiescems="0.000" setupms="0.120" scanms="0.000" postms="0.000" />
</gc-op>
<gc-op id="9" type="sweep" timems="0.701" contextid="4" timestamp="2019-07-02T20:10:55.398" />
<gc-op id="10" type="compact" timems="5.722" contextid="4" timestamp="2019-07-02T20:10:55.404">
  <compact-info movecount="30095" movebytes="1854088" />
  <remembered-set-cleared processed="3687" cleared="3687" durationms="0.162" />
</gc-op>
<gc-end id="11" type="global garbage collect" contextid="4" durationms="13.042" usertimems="16.000" systemtimems="0.000" timestamp="2019-07-02T20:10:55.404" activeThreads="4">
  <mem-info id="12" free="6291456" total="8388608" percent="75">
    <pending-finalizers system="1" default="0" reference="520" classloader="0" />
    <remembered-set count="2048" freebytes="326656" totalbytes="334848" percent="97" regionsoverflowed="0" regionsstable="0" regionsrebuilding="0"/>
  </mem-info>
</gc-end>
<cycle-end id="13" type="global garbage collect" contextid="4" timestamp="2019-07-02T20:10:55.405">
  <attribute name="GC Util" value="20" />
  <attribute name="CPU Util" value="15107279860199" />
  <attribute name="Time Running"value="235"/>
  <attribute name="Number of cores"value="4"/>
</cycle-end>
<sys-end id="14" timestamp="2019-07-02T20:10:55.405" />
<exclusive-end id="15" timestamp="2019-07-02T20:10:55.405" durationms="14.624" />

<exclusive-start id="16" timestamp="2019-07-02T20:10:55.617" intervalms="226.264">
  <response-info timems="0.093" idlems="0.093" threads="0" lastid="0000000000E02500" lastname="Thread-6" />
</exclusive-start>
<allocation-taxation id="17" taxation-threshold="6291456" timestamp="2019-07-02T20:10:55.617" intervalms="570.361" />
<cycle-start id="18" type="partial gc" contextid="0" timestamp="2019-07-02T20:10:55.617" intervalms="570.784" />
  <attribute name="GC Util" value="20" />
  <attribute name="CPU Util" value="15107279860199" />
  <attribute name="Time Running"value="235"/>
  <attribute name="Number of cores"value="4"/>
<gc-start id="19" type="partial gc" contextid="18" timestamp="2019-07-02T20:10:55.618">
  <mem-info id="20" free="0" total="8388608" percent="0">
    <mem type="eden" free="0" total="6291456" percent="0" />
    <remembered-set count="1600" freebytes="328448" totalbytes="334848" percent="98" regionsoverflowed="0" regionsstable="0" regionsrebuilding="0"/>
  </mem-info>
</gc-start>
<allocation-stats totalBytes="6222936" >
  <allocated-bytes non-tlh="1263752" tlh="4959184" arrayletleaf="0"/>
  <largest-consumer threadName="main" threadId="0000000000AA5700" bytes="2982872" />
</allocation-stats>
<gc-op id="21" type="mark" timems="4.882" contextid="18" timestamp="2019-07-02T20:10:55.623">
  <trace-info objectcount="14752" scancount="11871" scanbytes="447688" />
  <cardclean-info objects="1335" bytes="48832" />
  <remembered-set-cleared processed="710" cleared="58" durationms="0.066" />
  <references type="soft" candidates="17" cleared="0" enqueued="0" dynamicThreshold="24" maxThreshold="32" />
  <references type="weak" candidates="45" cleared="29" enqueued="28" />
  <references type="phantom" candidates="2" cleared="0" enqueued="0" />
  <stringconstants candidates="4511" cleared="1"  />
  <warning details="Mark invoked due to insufficient free space for Copy-Forward" />
</gc-op>
<gc-op id="22" type="classunload" timems="0.003" contextid="18" timestamp="2019-07-02T20:10:55.624">
  <classunload-info classloadercandidates="8" classloadersunloaded="0" classesunloaded="0" anonymousclassesunloaded="0" quiescems="0.000" setupms="0.002" scanms="0.000" postms="0.000" />
</gc-op>
<gc-op id="23" type="sweep" timems="1.606" contextid="18" timestamp="2019-07-02T20:10:55.626" />
<gc-op id="24" type="compact" timems="2.951" contextid="18" timestamp="2019-07-02T20:10:55.629">
  <compact-info movecount="14621" movebytes="1412960" />
  <remembered-set-cleared processed="2882" cleared="1557" durationms="0.066" />
</gc-op>
<heap-resize id="25" type="expand" space="default" amount="1048576" count="1" timems="0.066" reason="insufficient free space following gc" timestamp="2019-07-02T20:10:55.630" />
<gc-end id="26" type="partial gc" contextid="18" durationms="11.914" usertimems="12.000" systemtimems="4.000" timestamp="2019-07-02T20:10:55.630" activeThreads="4">
  <mem-info id="27" free="5242880" total="9437184" percent="55">
    <mem type="eden" free="626184" total="2097152" percent="29" />
    <pending-finalizers system="0" default="0" reference="28" classloader="0" />
    <remembered-set count="1824" freebytes="369408" totalbytes="376704" percent="98" regionsoverflowed="0" regionsstable="0" regionsrebuilding="0"/>
  </mem-info>
</gc-end>
<cycle-end id="28" type="partial gc" contextid="18" timestamp="2019-07-02T20:10:55.630">
  <attribute name="GC Util" value="84" />
  <attribute name="CPU Util" value="8933978148882" />
  <attribute name="Time Running"value="463"/>
  <attribute name="Number of cores"value="4"/>
</cycle-end>
<exclusive-end id="29" timestamp="2019-07-02T20:10:55.630" durationms="13.395" />

<exclusive-start id="30" timestamp="2019-07-02T20:10:55.711" intervalms="94.768">
  <response-info timems="0.075" idlems="0.075" threads="0" lastid="0000000000E02500" lastname="Thread-6" />
</exclusive-start>
<allocation-taxation id="31" taxation-threshold="2097152" timestamp="2019-07-02T20:10:55.712" intervalms="94.614" />
<cycle-start id="32" type="global mark phase" contextid="0" timestamp="2019-07-02T20:10:55.712" intervalms="665.176" />
  <attribute name="GC Util" value="84" />
  <attribute name="CPU Util" value="8933978148882" />
  <attribute name="Time Running"value="463"/>
  <attribute name="Number of cores"value="4"/>
<gc-start id="33" type="global mark phase" contextid="32" timestamp="2019-07-02T20:10:55.712">
  <mem-info id="34" free="3145728" total="9437184" percent="33">
    <remembered-set count="1824" freebytes="369408" totalbytes="376704" percent="98" regionsoverflowed="0" regionsstable="0" regionsrebuilding="0"/>
  </mem-info>
</gc-start>
<gc-op id="35" type="mark increment" timems="1.882" contextid="32" timestamp="2019-07-02T20:10:55.714">
  <trace-info objectcount="168" scancount="0" scanbytes="0" />
</gc-op>
<gc-end id="36" type="global mark phase" contextid="32" durationms="2.213" usertimems="4.000" systemtimems="0.000" timestamp="2019-07-02T20:10:55.714" activeThreads="4">
  <mem-info id="37" free="3145728" total="9437184" percent="33">
    <remembered-set count="1824" freebytes="369408" totalbytes="376704" percent="98" regionsoverflowed="0" regionsstable="0" regionsrebuilding="0"/>
  </mem-info>
</gc-end>
<concurrent-start id="38" type="GMP work packet processing" contextid="32" timestamp="2019-07-02T20:10:55.714">
  <concurrent-mark-start scanTarget="18446744073709551615" />
</concurrent-start>
<exclusive-end id="39" timestamp="2019-07-02T20:10:55.715" durationms="3.136" />

<concurrent-end id="40" type="GMP work packet processing" contextid="32" timestamp="2019-07-02T20:10:55.718">
  <concurrent-mark-end bytesScanned="1181432" reasonForTermination="Completed all work in GC phase" />
</concurrent-end>

<exclusive-start id="41" timestamp="2019-07-02T20:10:55.791" intervalms="79.234">
  <response-info timems="0.089" idlems="0.089" threads="0" lastid="0000000000E02500" lastname="Thread-6" />
</exclusive-start>
<allocation-taxation id="42" taxation-threshold="2097152" timestamp="2019-07-02T20:10:55.791" intervalms="79.256" />
<cycle-start id="43" type="partial gc" contextid="0" timestamp="2019-07-02T20:10:55.791" intervalms="173.662" />
  <attribute name="GC Util" value="129" />
  <attribute name="CPU Util" value="12246020550529" />
  <attribute name="Time Running"value="551"/>
  <attribute name="Number of cores"value="4"/>
<gc-start id="44" type="partial gc" contextid="43" timestamp="2019-07-02T20:10:55.792">
  <mem-info id="45" free="1048576" total="9437184" percent="11">
    <mem type="eden" free="0" total="4194304" percent="0" />
    <remembered-set count="1824" freebytes="369408" totalbytes="376704" percent="98" regionsoverflowed="0" regionsstable="0" regionsrebuilding="0"/>
  </mem-info>
</gc-start>
<allocation-stats totalBytes="4141096" >
  <allocated-bytes non-tlh="0" tlh="4141096" arrayletleaf="0"/>
  <largest-consumer threadName="Thread-6" threadId="0000000000E02500" bytes="2047824" />
</allocation-stats>
<gc-op id="46" type="copy forward" timems="8.711" contextid="43" timestamp="2019-07-02T20:10:55.802">
  <memory-copied type="eden" objects="23" bytes="153648" bytesdiscarded="0" />
  <memory-copied type="other" objects="14637" bytes="1221368" bytesdiscarded="216304" />
  <memory-cardclean objects="118" bytes="9200" />
  <remembered-set-cleared processed="1342" cleared="666" durationms="0.066" />
  <references type="soft" candidates="17" cleared="0" enqueued="0" dynamicThreshold="10" maxThreshold="32" />
  <references type="weak" candidates="16" cleared="0" enqueued="0" />
  <references type="phantom" candidates="2" cleared="0" enqueued="0" />
  <stringconstants candidates="4510" cleared="0"  />
  <heap-resize type="expand" space="default" amount="2097152" count="2" timems="0.320" reason="continue current collection" />
</gc-op>
<gc-op id="47" type="classunload" timems="0.003" contextid="43" timestamp="2019-07-02T20:10:55.802">
  <classunload-info classloadercandidates="8" classloadersunloaded="0" classesunloaded="0" anonymousclassesunloaded="0" quiescems="0.000" setupms="0.002" scanms="0.000" postms="0.000" />
</gc-op>
<gc-op id="48" type="compact" timems="2.586" contextid="43" timestamp="2019-07-02T20:10:55.805">
  <compact-info movecount="0" movebytes="0" />
  <remembered-set-cleared processed="2553" cleared="666" durationms="0.067" />
</gc-op>
<gc-end id="49" type="partial gc" contextid="43" durationms="13.328" usertimems="12.000" systemtimems="4.000" timestamp="2019-07-02T20:10:55.805" activeThreads="4">
  <mem-info id="50" free="6291456" total="11534336" percent="54">
    <mem type="eden" free="894928" total="1048576" percent="85" />
    <remembered-set count="2464" freebytes="450560" totalbytes="460416" percent="97" regionsoverflowed="0" regionsstable="0" regionsrebuilding="0"/>
  </mem-info>
</gc-end>
<cycle-end id="51" type="partial gc" contextid="43" timestamp="2019-07-02T20:10:55.805">
  <attribute name="GC Util" value="108" />
  <attribute name="CPU Util" value="2007446609480" />
  <attribute name="Time Running"value="639"/>
  <attribute name="Number of cores"value="4"/>
</cycle-end>
<exclusive-end id="52" timestamp="2019-07-02T20:10:55.805" durationms="14.538" />

<exclusive-start id="53" timestamp="2019-07-02T20:10:55.894" intervalms="103.737">
  <response-info timems="0.201" idlems="0.184" threads="1" lastid="0000000000DFE900" lastname="Thread-7" />
</exclusive-start>
<allocation-taxation id="54" taxation-threshold="3145728" timestamp="2019-07-02T20:10:55.895" intervalms="103.718" />
<gc-start id="55" type="global mark phase" contextid="32" timestamp="2019-07-02T20:10:55.895">
  <mem-info id="56" free="3145728" total="11534336" percent="27">
    <remembered-set count="1504" freebytes="454400" totalbytes="460416" percent="98" regionsoverflowed="0" regionsstable="1" regionsrebuilding="0"/>
  </mem-info>
</gc-start>
<gc-op id="57" type="mark increment" timems="1.924" contextid="32" timestamp="2019-07-02T20:10:55.897">
  <trace-info objectcount="11548" scancount="11463" scanbytes="606116" />
  <cardclean-info objects="811" bytes="89524" />
  <finalization candidates="124" enqueued="0" />
  <ownableSynchronizers candidates="3" cleared="0" />
  <references type="soft" candidates="146" cleared="0" enqueued="0" dynamicThreshold="17" maxThreshold="32" />
  <references type="weak" candidates="774" cleared="0" enqueued="0" />
  <references type="phantom" candidates="65" cleared="2" enqueued="2" />
  <stringconstants candidates="4573" cleared="0"  />
</gc-op>
<gc-op id="58" type="classunload" timems="0.005" contextid="32" timestamp="2019-07-02T20:10:55.897">
  <classunload-info classloadercandidates="8" classloadersunloaded="0" classesunloaded="0" anonymousclassesunloaded="0" quiescems="0.000" setupms="0.005" scanms="0.000" postms="0.000" />
</gc-op>
<gc-end id="59" type="global mark phase" contextid="32" durationms="2.282" usertimems="0.000" systemtimems="4.000" timestamp="2019-07-02T20:10:55.897" activeThreads="4">
  <mem-info id="60" free="3145728" total="11534336" percent="27">
    <pending-finalizers system="0" default="0" reference="2" classloader="0" />
    <remembered-set count="1504" freebytes="454400" totalbytes="460416" percent="98" regionsoverflowed="0" regionsstable="1" regionsrebuilding="0"/>
  </mem-info>
</gc-end>
<cycle-end id="61" type="global mark phase" contextid="32" timestamp="2019-07-02T20:10:55.897">
  <attribute name="GC Util" value="66" />
  <attribute name="CPU Util" value="63408522885733" />
  <attribute name="Time Running"value="733"/>
  <attribute name="Number of cores"value="4"/>
</cycle-end>
<exclusive-end id="62" timestamp="2019-07-02T20:10:55.897" durationms="2.914" />

<exclusive-start id="63" timestamp="2019-07-02T20:10:55.968" intervalms="73.719">
  <response-info timems="0.048" idlems="0.048" threads="0" lastid="0000000000DF7100" lastname="Thread-9" />
</exclusive-start>
<allocation-taxation id="64" taxation-threshold="3145728" timestamp="2019-07-02T20:10:55.968" intervalms="73.668" />
<cycle-start id="65" type="partial gc" contextid="0" timestamp="2019-07-02T20:10:55.969" intervalms="177.443" />
  <attribute name="GC Util" value="66" />
  <attribute name="CPU Util" value="63408522885733" />
  <attribute name="Time Running"value="733"/>
  <attribute name="Number of cores"value="4"/>
<gc-start id="66" type="partial gc" contextid="65" timestamp="2019-07-02T20:10:55.969">
  <mem-info id="67" free="0" total="11534336" percent="0">
    <mem type="eden" free="0" total="6291456" percent="0" />
    <remembered-set count="1504" freebytes="454400" totalbytes="460416" percent="98" regionsoverflowed="0" regionsstable="1" regionsrebuilding="0"/>
  </mem-info>
</gc-start>
<allocation-stats totalBytes="6275096" >
  <allocated-bytes non-tlh="496376" tlh="5778720" arrayletleaf="0"/>
  <largest-consumer threadName="Thread-10" threadId="0000000000E02500" bytes="1052416" />
</allocation-stats>
<gc-op id="68" type="sweep" timems="0.531" contextid="65" timestamp="2019-07-02T20:10:55.970" />
<gc-op id="69" type="copy forward" timems="2.394" contextid="65" timestamp="2019-07-02T20:10:55.973">
  <memory-copied type="eden" objects="9684" bytes="465432" bytesdiscarded="40188" />
  <memory-copied type="other" objects="11424" bytes="918016" bytesdiscarded="90980" />
  <memory-cardclean objects="296" bytes="14232" />
  <remembered-set-cleared processed="338" cleared="41" durationms="0.062" />
  <stringconstants candidates="4573" cleared="0"  />
</gc-op>
<gc-op id="70" type="classunload" timems="0.002" contextid="65" timestamp="2019-07-02T20:10:55.973">
  <classunload-info classloadercandidates="8" classloadersunloaded="0" classesunloaded="0" anonymousclassesunloaded="0" quiescems="0.000" setupms="0.002" scanms="0.000" postms="0.000" />
</gc-op>
<gc-end id="71" type="partial gc" contextid="65" durationms="4.233" usertimems="8.000" systemtimems="0.000" timestamp="2019-07-02T20:10:55.973" activeThreads="4">
  <mem-info id="72" free="5242880" total="11534336" percent="45">
    <mem type="eden" free="582496" total="2097152" percent="27" />
    <remembered-set count="2016" freebytes="452352" totalbytes="460416" percent="98" regionsoverflowed="0" regionsstable="1" regionsrebuilding="0"/>
  </mem-info>
</gc-end>
<cycle-end id="73" type="partial gc" contextid="65" timestamp="2019-07-02T20:10:55.973">
  <attribute name="GC Util" value="55" />
  <attribute name="CPU Util" value="101529787708549" />
  <attribute name="Time Running"value="807"/>
  <attribute name="Number of cores"value="4"/>
</cycle-end>
<exclusive-end id="74" timestamp="2019-07-02T20:10:55.974" durationms="5.427" />

<exclusive-start id="75" timestamp="2019-07-02T20:10:56.088" intervalms="119.620">
  <response-info timems="1.131" idlems="0.568" threads="1" lastid="0000000000E02500" lastname="Thread-10" />
</exclusive-start>
<allocation-taxation id="76" taxation-threshold="5242880" timestamp="2019-07-02T20:10:56.088" intervalms="119.691" />
<cycle-start id="77" type="partial gc" contextid="0" timestamp="2019-07-02T20:10:56.088" intervalms="119.648" />
  <attribute name="GC Util" value="55" />
  <attribute name="CPU Util" value="101529787708549" />
  <attribute name="Time Running"value="807"/>
  <attribute name="Number of cores"value="4"/>
<gc-start id="78" type="partial gc" contextid="77" timestamp="2019-07-02T20:10:56.089">
  <mem-info id="79" free="0" total="11534336" percent="0">
    <mem type="eden" free="0" total="5242880" percent="0" />
    <remembered-set count="1568" freebytes="454144" totalbytes="460416" percent="98" regionsoverflowed="0" regionsstable="1" regionsrebuilding="0"/>
  </mem-info>
</gc-start>
<allocation-stats totalBytes="5241944" >
  <allocated-bytes non-tlh="0" tlh="5241944" arrayletleaf="0"/>
  <largest-consumer threadName="Thread-8" threadId="0000000000DFAD00" bytes="1568520" />
</allocation-stats>
<gc-op id="80" type="mark" timems="1.612" contextid="77" timestamp="2019-07-02T20:10:56.091">
  <trace-info objectcount="22890" scancount="22805" scanbytes="1102668" />
  <cardclean-info objects="44" bytes="3116" />
  <remembered-set-cleared processed="407" cleared="97" durationms="0.064" />
  <stringconstants candidates="4573" cleared="0"  />
  <warning details="Mark invoked due to insufficient free space for Copy-Forward" />
</gc-op>
<gc-op id="81" type="classunload" timems="0.003" contextid="77" timestamp="2019-07-02T20:10:56.091">
  <classunload-info classloadercandidates="8" classloadersunloaded="0" classesunloaded="0" anonymousclassesunloaded="0" quiescems="0.000" setupms="0.002" scanms="0.000" postms="0.000" />
</gc-op>
<gc-op id="82" type="sweep" timems="0.376" contextid="77" timestamp="2019-07-02T20:10:56.092" />
<gc-op id="83" type="compact" timems="2.691" contextid="77" timestamp="2019-07-02T20:10:56.094">
  <compact-info movecount="21801" movebytes="1377424" />
  <remembered-set-cleared processed="926" cleared="306" durationms="0.064" />
</gc-op>
<heap-resize id="84" type="expand" space="default" amount="1048576" count="1" timems="0.064" reason="insufficient free space following gc" timestamp="2019-07-02T20:10:56.095" />
<gc-end id="85" type="partial gc" contextid="77" durationms="6.360" usertimems="8.000" systemtimems="4.000" timestamp="2019-07-02T20:10:56.095" activeThreads="4">
  <mem-info id="86" free="5242880" total="12582912" percent="41">
    <mem type="eden" free="998672" total="1048576" percent="95" />
    <remembered-set count="2528" freebytes="492160" totalbytes="502272" percent="97" regionsoverflowed="0" regionsstable="1" regionsrebuilding="0"/>
  </mem-info>
</gc-end>
<cycle-end id="87" type="partial gc" contextid="77" timestamp="2019-07-02T20:10:56.095">
  <attribute name="GC Util" value="20" />
  <attribute name="CPU Util" value="28814843385883" />
  <attribute name="Time Running"value="928"/>
  <attribute name="Number of cores"value="4"/>
</cycle-end>
<exclusive-end id="88" timestamp="2019-07-02T20:10:56.095" durationms="7.598" />

<exclusive-start id="89" timestamp="2019-07-02T20:10:56.146" intervalms="58.572">
  <response-info timems="0.256" idlems="0.256" threads="0" lastid="0000000000DFAD00" lastname="Thread-8" />
</exclusive-start>
<allocation-taxation id="90" taxation-threshold="2097152" timestamp="2019-07-02T20:10:56.146" intervalms="58.426" />
<cycle-start id="91" type="global mark phase" contextid="0" timestamp="2019-07-02T20:10:56.147" intervalms="434.745" />
  <attribute name="GC Util" value="20" />
  <attribute name="CPU Util" value="28814843385883" />
  <attribute name="Time Running"value="928"/>
  <attribute name="Number of cores"value="4"/>
<gc-start id="92" type="global mark phase" contextid="91" timestamp="2019-07-02T20:10:56.147">
  <mem-info id="93" free="3145728" total="12582912" percent="25">
    <remembered-set count="2080" freebytes="493952" totalbytes="502272" percent="98" regionsoverflowed="0" regionsstable="1" regionsrebuilding="0"/>
  </mem-info>
</gc-start>
<gc-op id="94" type="mark increment" timems="0.633" contextid="91" timestamp="2019-07-02T20:10:56.147">
  <trace-info objectcount="200" scancount="0" scanbytes="0" />
</gc-op>
<gc-end id="95" type="global mark phase" contextid="91" durationms="0.834" usertimems="0.000" systemtimems="0.000" timestamp="2019-07-02T20:10:56.148" activeThreads="4">
  <mem-info id="96" free="3145728" total="12582912" percent="25">
    <remembered-set count="2080" freebytes="493952" totalbytes="502272" percent="98" regionsoverflowed="0" regionsstable="0" regionsrebuilding="1"/>
  </mem-info>
</gc-end>
<concurrent-start id="97" type="GMP work packet processing" contextid="91" timestamp="2019-07-02T20:10:56.148">
  <concurrent-mark-start scanTarget="18446744073709551615" />
</concurrent-start>
<exclusive-end id="98" timestamp="2019-07-02T20:10:56.148" durationms="1.733" />

<concurrent-end id="99" type="GMP work packet processing" contextid="91" timestamp="2019-07-02T20:10:56.150">
  <concurrent-mark-end bytesScanned="2281080" reasonForTermination="Completed all work in GC phase" />
</concurrent-end>

<exclusive-start id="100" timestamp="2019-07-02T20:10:56.207" intervalms="60.882">
  <response-info timems="0.033" idlems="0.033" threads="0" lastid="0000000000DF7100" lastname="Thread-9" />
</exclusive-start>
<allocation-taxation id="101" taxation-threshold="2097152" timestamp="2019-07-02T20:10:56.207" intervalms="60.945" />
<cycle-start id="102" type="partial gc" contextid="0" timestamp="2019-07-02T20:10:56.207" intervalms="119.249" />
  <attribute name="GC Util" value="133" />
  <attribute name="CPU Util" value="30124067855299" />
  <attribute name="Time Running"value="984"/>
  <attribute name="Number of cores"value="4"/>
<gc-start id="103" type="partial gc" contextid="102" timestamp="2019-07-02T20:10:56.208">
  <mem-info id="104" free="1048576" total="12582912" percent="8">
    <mem type="eden" free="0" total="4194304" percent="0" />
    <remembered-set count="4352" freebytes="484864" totalbytes="502272" percent="96" regionsoverflowed="0" regionsstable="0" regionsrebuilding="1"/>
  </mem-info>
</gc-start>
<allocation-stats totalBytes="4193568" >
  <allocated-bytes non-tlh="0" tlh="4193568" arrayletleaf="0"/>
  <largest-consumer threadName="Thread-9" threadId="0000000000DF7100" bytes="929664" />
</allocation-stats>
<gc-op id="105" type="copy forward" timems="2.023" contextid="102" timestamp="2019-07-02T20:10:56.211">
  <memory-copied type="eden" objects="1434" bytes="35824" bytesdiscarded="1280" />
  <memory-copied type="other" objects="1778" bytes="42672" bytesdiscarded="256" />
  <memory-cardclean objects="4417" bytes="212712" />
  <remembered-set-cleared processed="3262" cleared="190" durationms="0.076" />
  <stringconstants candidates="4573" cleared="0"  />
  <heap-resize type="expand" space="default" amount="1048576" count="1" timems="0.076" reason="continue current collection" />
</gc-op>
<gc-op id="106" type="classunload" timems="0.003" contextid="102" timestamp="2019-07-02T20:10:56.211">
  <classunload-info classloadercandidates="8" classloadersunloaded="0" classesunloaded="0" anonymousclassesunloaded="0" quiescems="0.000" setupms="0.002" scanms="0.000" postms="0.000" />
</gc-op>
<gc-op id="107" type="compact" timems="1.009" contextid="102" timestamp="2019-07-02T20:10:56.212">
  <compact-info movecount="0" movebytes="0" />
  <remembered-set-cleared processed="7243" cleared="190" durationms="0.076" />
</gc-op>
<gc-end id="108" type="partial gc" contextid="102" durationms="4.433" usertimems="12.000" systemtimems="0.000" timestamp="2019-07-02T20:10:56.212" activeThreads="4">
  <mem-info id="109" free="5242880" total="13631488" percent="38">
    <mem type="eden" free="1011472" total="1048576" percent="96" />
    <remembered-set count="4896" freebytes="524544" totalbytes="544128" percent="96" regionsoverflowed="0" regionsstable="0" regionsrebuilding="1"/>
  </mem-info>
</gc-end>
<cycle-end id="110" type="partial gc" contextid="102" timestamp="2019-07-02T20:10:56.212">
  <attribute name="GC Util" value="71" />
  <attribute name="CPU Util" value="7575966709322" />
  <attribute name="Time Running"value="1048"/>
  <attribute name="Number of cores"value="4"/>
</cycle-end>
<exclusive-end id="111" timestamp="2019-07-02T20:10:56.213" durationms="5.382" />

<exclusive-start id="112" timestamp="2019-07-02T20:10:56.268" intervalms="60.812">
  <response-info timems="0.208" idlems="0.208" threads="0" lastid="0000000000DFE900" lastname="Thread-7" />
</exclusive-start>
<allocation-taxation id="113" taxation-threshold="2097152" timestamp="2019-07-02T20:10:56.268" intervalms="60.825" />
<gc-start id="114" type="global mark phase" contextid="91" timestamp="2019-07-02T20:10:56.268">
  <mem-info id="115" free="3145728" total="13631488" percent="23">
    <remembered-set count="4896" freebytes="524544" totalbytes="544128" percent="96" regionsoverflowed="0" regionsstable="0" regionsrebuilding="1"/>
  </mem-info>
</gc-start>
<gc-op id="116" type="mark increment" timems="1.551" contextid="91" timestamp="2019-07-02T20:10:56.270">
  <trace-info objectcount="1110" scancount="1110" scanbytes="27840" />
  <cardclean-info objects="5291" bytes="253964" />
  <finalization candidates="124" enqueued="0" />
  <ownableSynchronizers candidates="3" cleared="0" />
  <references type="soft" candidates="146" cleared="0" enqueued="0" dynamicThreshold="12" maxThreshold="32" />
  <references type="weak" candidates="774" cleared="0" enqueued="0" />
  <references type="phantom" candidates="63" cleared="0" enqueued="0" />
  <stringconstants candidates="4573" cleared="0"  />
</gc-op>
<gc-op id="117" type="classunload" timems="0.005" contextid="91" timestamp="2019-07-02T20:10:56.270">
  <classunload-info classloadercandidates="8" classloadersunloaded="0" classesunloaded="0" anonymousclassesunloaded="0" quiescems="0.000" setupms="0.004" scanms="0.000" postms="0.000" />
</gc-op>
<gc-end id="118" type="global mark phase" contextid="91" durationms="1.923" usertimems="4.000" systemtimems="0.000" timestamp="2019-07-02T20:10:56.270" activeThreads="4">
  <mem-info id="119" free="3145728" total="13631488" percent="23">
    <remembered-set count="4896" freebytes="524544" totalbytes="544128" percent="96" regionsoverflowed="0" regionsstable="0" regionsrebuilding="0"/>
  </mem-info>
</gc-end>
<cycle-end id="120" type="global mark phase" contextid="91" timestamp="2019-07-02T20:10:56.270">
  <attribute name="GC Util" value="44" />
  <attribute name="CPU Util" value="124765771398540" />
  <attribute name="Time Running"value="1106"/>
  <attribute name="Number of cores"value="4"/>
</cycle-end>
<exclusive-end id="121" timestamp="2019-07-02T20:10:56.271" durationms="2.600" />

<exclusive-start id="122" timestamp="2019-07-02T20:10:56.331" intervalms="62.626">
  <response-info timems="0.097" idlems="0.097" threads="0" lastid="0000000000E02500" lastname="Thread-10" />
</exclusive-start>
<allocation-taxation id="123" taxation-threshold="2097152" timestamp="2019-07-02T20:10:56.331" intervalms="62.669" />
<cycle-start id="124" type="partial gc" contextid="0" timestamp="2019-07-02T20:10:56.331" intervalms="123.615" />
  <attribute name="GC Util" value="44" />
  <attribute name="CPU Util" value="124765771398540" />
  <attribute name="Time Running"value="1106"/>
  <attribute name="Number of cores"value="4"/>
<gc-start id="125" type="partial gc" contextid="124" timestamp="2019-07-02T20:10:56.331">
  <mem-info id="126" free="1048576" total="13631488" percent="7">
    <mem type="eden" free="0" total="4194304" percent="0" />
    <remembered-set count="2176" freebytes="535424" totalbytes="544128" percent="98" regionsoverflowed="0" regionsstable="1" regionsrebuilding="0"/>
  </mem-info>
</gc-start>
<allocation-stats totalBytes="4193464" >
  <allocated-bytes non-tlh="0" tlh="4193464" arrayletleaf="0"/>
  <largest-consumer threadName="Thread-8" threadId="0000000000DFAD00" bytes="1007464" />
</allocation-stats>
<gc-op id="127" type="sweep" timems="0.530" contextid="124" timestamp="2019-07-02T20:10:56.332" />
<gc-op id="128" type="copy forward" timems="2.154" contextid="124" timestamp="2019-07-02T20:10:56.335">
  <memory-copied type="eden" objects="1013" bytes="25624" bytesdiscarded="635" />
  <memory-copied type="other" objects="4991" bytes="404648" bytesdiscarded="73029" />
  <memory-cardclean objects="4486" bytes="206968" />
  <remembered-set-cleared processed="995" cleared="450" durationms="0.095" />
  <references type="soft" candidates="14" cleared="0" enqueued="0" dynamicThreshold="7" maxThreshold="32" />
  <references type="weak" candidates="8" cleared="0" enqueued="0" />
  <stringconstants candidates="4573" cleared="0"  />
  <heap-resize type="expand" space="default" amount="2097152" count="2" timems="0.135" reason="continue current collection" />
</gc-op>
<gc-op id="129" type="classunload" timems="0.002" contextid="124" timestamp="2019-07-02T20:10:56.335">
  <classunload-info classloadercandidates="8" classloadersunloaded="0" classesunloaded="0" anonymousclassesunloaded="0" quiescems="0.000" setupms="0.002" scanms="0.000" postms="0.000" />
</gc-op>
<gc-end id="130" type="partial gc" contextid="124" durationms="4.054" usertimems="12.000" systemtimems="0.000" timestamp="2019-07-02T20:10:56.335" activeThreads="4">
  <mem-info id="131" free="6291456" total="15728640" percent="40">
    <mem type="eden" free="1014432" total="1048576" percent="96" />
    <remembered-set count="3264" freebytes="614784" totalbytes="627840" percent="97" regionsoverflowed="0" regionsstable="1" regionsrebuilding="0"/>
  </mem-info>
</gc-end>
<cycle-end id="132" type="partial gc" contextid="124" timestamp="2019-07-02T20:10:56.336">
  <attribute name="GC Util" value="54" />
  <attribute name="CPU Util" value="99010493566376" />
  <attribute name="Time Running"value="1170"/>
  <attribute name="Number of cores"value="4"/>
</cycle-end>
<exclusive-end id="133" timestamp="2019-07-02T20:10:56.336" durationms="5.229" />

<exclusive-start id="134" timestamp="2019-07-02T20:10:56.522" intervalms="191.303">
  <response-info timems="3.453" idlems="1.809" threads="1" lastid="0000000000AACF00" lastname="JIT Compilation Thread-1" />
</exclusive-start>
<allocation-taxation id="135" taxation-threshold="6291456" timestamp="2019-07-02T20:10:56.522" intervalms="191.371" />
<cycle-start id="136" type="partial gc" contextid="0" timestamp="2019-07-02T20:10:56.522" intervalms="191.340" />
  <attribute name="GC Util" value="54" />
  <attribute name="CPU Util" value="99010493566376" />
  <attribute name="Time Running"value="1170"/>
  <attribute name="Number of cores"value="4"/>
<gc-start id="137" type="partial gc" contextid="136" timestamp="2019-07-02T20:10:56.523">
  <mem-info id="138" free="0" total="15728640" percent="0">
    <mem type="eden" free="0" total="6291456" percent="0" />
    <remembered-set count="2880" freebytes="616320" totalbytes="627840" percent="98" regionsoverflowed="0" regionsstable="1" regionsrebuilding="0"/>
  </mem-info>
</gc-start>
<allocation-stats totalBytes="6290416" >
  <allocated-bytes non-tlh="0" tlh="6290416" arrayletleaf="0"/>
  <largest-consumer threadName="Thread-7" threadId="0000000000DFE900" bytes="1715976" />
</allocation-stats>
<gc-op id="139" type="mark" timems="1.426" contextid="136" timestamp="2019-07-02T20:10:56.525">
  <trace-info objectcount="2820" scancount="2820" scanbytes="69024" />
  <cardclean-info objects="4693" bytes="226144" />
  <remembered-set-cleared processed="1391" cleared="399" durationms="0.093" />
  <stringconstants candidates="4573" cleared="0"  />
  <warning details="Mark invoked due to insufficient free space for Copy-Forward" />
</gc-op>
<gc-op id="140" type="classunload" timems="0.002" contextid="136" timestamp="2019-07-02T20:10:56.525">
  <classunload-info classloadercandidates="8" classloadersunloaded="0" classesunloaded="0" anonymousclassesunloaded="0" quiescems="0.000" setupms="0.002" scanms="0.000" postms="0.000" />
</gc-op>
<gc-op id="141" type="sweep" timems="0.441" contextid="136" timestamp="2019-07-02T20:10:56.526" />
<gc-op id="142" type="compact" timems="1.709" contextid="136" timestamp="2019-07-02T20:10:56.528">
  <compact-info movecount="6320" movebytes="437912" />
  <remembered-set-cleared processed="2806" cleared="985" durationms="0.093" />
</gc-op>
<heap-resize id="143" type="expand" space="default" amount="1048576" count="1" timems="0.059" reason="insufficient free space following gc" timestamp="2019-07-02T20:10:56.528" />
<gc-end id="144" type="partial gc" contextid="136" durationms="5.362" usertimems="8.000" systemtimems="0.000" timestamp="2019-07-02T20:10:56.528" activeThreads="4">
  <mem-info id="145" free="6291456" total="16777216" percent="37">
    <mem type="eden" free="1005520" total="1048576" percent="95" />
    <remembered-set count="3648" freebytes="655104" totalbytes="669696" percent="97" regionsoverflowed="0" regionsstable="1" regionsrebuilding="0"/>
  </mem-info>
</gc-end>
<cycle-end id="146" type="partial gc" contextid="136" timestamp="2019-07-02T20:10:56.528">
  <attribute name="GC Util" value="22" />
  <attribute name="CPU Util" value="24521212354245" />
  <attribute name="Time Running"value="1362"/>
  <attribute name="Number of cores"value="4"/>
</cycle-end>
<exclusive-end id="147" timestamp="2019-07-02T20:10:56.529" durationms="6.665" />

<exclusive-start id="148" timestamp="2019-07-02T20:10:56.592" intervalms="69.693">
  <response-info timems="0.048" idlems="0.048" threads="0" lastid="0000000000E02500" lastname="Thread-10" />
</exclusive-start>
<allocation-taxation id="149" taxation-threshold="6291456" timestamp="2019-07-02T20:10:56.592" intervalms="69.590" />
<cycle-start id="150" type="partial gc" contextid="0" timestamp="2019-07-02T20:10:56.592" intervalms="69.555" />
  <attribute name="GC Util" value="22" />
  <attribute name="CPU Util" value="24521212354245" />
  <attribute name="Time Running"value="1362"/>
  <attribute name="Number of cores"value="4"/>
<gc-start id="151" type="partial gc" contextid="150" timestamp="2019-07-02T20:10:56.592">
  <mem-info id="152" free="0" total="16777216" percent="0">
    <mem type="eden" free="0" total="6291456" percent="0" />
    <remembered-set count="3168" freebytes="657024" totalbytes="669696" percent="98" regionsoverflowed="0" regionsstable="1" regionsrebuilding="0"/>
  </mem-info>
</gc-start>
<allocation-stats totalBytes="6290376" >
  <allocated-bytes non-tlh="0" tlh="6290376" arrayletleaf="0"/>
  <largest-consumer threadName="Thread-7" threadId="0000000000DFE900" bytes="1916584" />
</allocation-stats>
<gc-op id="153" type="mark" timems="1.342" contextid="150" timestamp="2019-07-02T20:10:56.594">
  <trace-info objectcount="3314" scancount="3314" scanbytes="80784" />
  <cardclean-info objects="5425" bytes="261140" />
  <remembered-set-cleared processed="1723" cleared="442" durationms="0.097" />
  <stringconstants candidates="4573" cleared="0"  />
  <warning details="Mark invoked due to insufficient free space for Copy-Forward" />
</gc-op>
<gc-op id="154" type="classunload" timems="0.002" contextid="150" timestamp="2019-07-02T20:10:56.594">
  <classunload-info classloadercandidates="8" classloadersunloaded="0" classesunloaded="0" anonymousclassesunloaded="0" quiescems="0.000" setupms="0.001" scanms="0.000" postms="0.000" />
</gc-op>
<gc-op id="155" type="sweep" timems="0.363" contextid="150" timestamp="2019-07-02T20:10:56.595" />
<gc-op id="156" type="compact" timems="1.422" contextid="150" timestamp="2019-07-02T20:10:56.597">
  <compact-info movecount="3097" movebytes="75576" />
  <remembered-set-cleared processed="3505" cleared="938" durationms="0.097" />
</gc-op>
<heap-resize id="157" type="expand" space="default" amount="2097152" count="1" timems="0.070" reason="insufficient free space following gc" timestamp="2019-07-02T20:10:56.597" />
<gc-end id="158" type="partial gc" contextid="150" durationms="4.723" usertimems="12.000" systemtimems="0.000" timestamp="2019-07-02T20:10:56.597" activeThreads="4">
  <mem-info id="159" free="7340032" total="18874368" percent="38">
    <mem type="eden" free="1003360" total="1048576" percent="95" />
    <remembered-set count="4224" freebytes="736512" totalbytes="753408" percent="97" regionsoverflowed="0" regionsstable="1" regionsrebuilding="0"/>
  </mem-info>
</gc-end>
<cycle-end id="160" type="partial gc" contextid="150" timestamp="2019-07-02T20:10:56.597">
  <attribute name="GC Util" value="20" />
  <attribute name="CPU Util" value="29361032649112" />
  <attribute name="Time Running"value="1432"/>
  <attribute name="Number of cores"value="4"/>
</cycle-end>
<exclusive-end id="161" timestamp="2019-07-02T20:10:56.597" durationms="5.694" />

<exclusive-start id="162" timestamp="2019-07-02T20:10:56.613" intervalms="20.906">
  <response-info timems="0.036" idlems="0.036" threads="0" lastid="0000000000E02500" lastname="Thread-10" />
</exclusive-start>
<allocation-taxation id="163" taxation-threshold="7340032" timestamp="2019-07-02T20:10:56.613" intervalms="20.938" />
<cycle-start id="164" type="partial gc" contextid="0" timestamp="2019-07-02T20:10:56.613" intervalms="20.988" />
  <attribute name="GC Util" value="20" />
  <attribute name="CPU Util" value="29361032649112" />
  <attribute name="Time Running"value="1432"/>
  <attribute name="Number of cores"value="4"/>
<gc-start id="165" type="partial gc" contextid="164" timestamp="2019-07-02T20:10:56.613">
  <mem-info id="166" free="0" total="18874368" percent="0">
    <mem type="eden" free="0" total="7340032" percent="0" />
    <remembered-set count="3744" freebytes="738432" totalbytes="753408" percent="98" regionsoverflowed="0" regionsstable="1" regionsrebuilding="0"/>
  </mem-info>
</gc-start>
<allocation-stats totalBytes="7339152" >
  <allocated-bytes non-tlh="0" tlh="7339152" arrayletleaf="0"/>
  <largest-consumer threadName="Thread-10" threadId="0000000000E02500" bytes="2387664" />
</allocation-stats>
<gc-op id="167" type="mark" timems="1.409" contextid="164" timestamp="2019-07-02T20:10:56.615">
  <trace-info objectcount="2811" scancount="2811" scanbytes="69048" />
  <cardclean-info objects="4765" bytes="229632" />
  <remembered-set-cleared processed="2141" cleared="506" durationms="0.099" />
  <stringconstants candidates="4573" cleared="0"  />
  <warning details="Mark invoked due to insufficient free space for Copy-Forward" />
</gc-op>
<gc-op id="168" type="classunload" timems="0.002" contextid="164" timestamp="2019-07-02T20:10:56.615">
  <classunload-info classloadercandidates="8" classloadersunloaded="0" classesunloaded="0" anonymousclassesunloaded="0" quiescems="0.000" setupms="0.002" scanms="0.000" postms="0.000" />
</gc-op>
<gc-op id="169" type="sweep" timems="0.411" contextid="164" timestamp="2019-07-02T20:10:56.616" />
<gc-op id="170" type="compact" timems="1.496" contextid="164" timestamp="2019-07-02T20:10:56.618">
  <compact-info movecount="2704" movebytes="66480" />
  <remembered-set-cleared processed="4327" cleared="1052" durationms="0.099" />
</gc-op>
<heap-resize id="171" type="expand" space="default" amount="1048576" count="1" timems="0.063" reason="insufficient free space following gc" timestamp="2019-07-02T20:10:56.618" />
<gc-end id="172" type="partial gc" contextid="164" durationms="4.943" usertimems="4.000" systemtimems="0.000" timestamp="2019-07-02T20:10:56.618" activeThreads="4">
  <mem-info id="173" free="7340032" total="19922944" percent="36">
    <mem type="eden" free="1017880" total="1048576" percent="97" />
    <remembered-set count="4224" freebytes="778368" totalbytes="795264" percent="97" regionsoverflowed="0" regionsstable="1" regionsrebuilding="0"/>
  </mem-info>
</gc-end>
<cycle-end id="174" type="partial gc" contextid="164" timestamp="2019-07-02T20:10:56.618">
  <attribute name="GC Util" value="22" />
  <attribute name="CPU Util" value="25261380329599" />
  <attribute name="Time Running"value="1453"/>
  <attribute name="Number of cores"value="4"/>
</cycle-end>
<exclusive-end id="175" timestamp="2019-07-02T20:10:56.619" durationms="6.074" />

<exclusive-start id="176" timestamp="2019-07-02T20:10:56.632" intervalms="19.404">
  <response-info timems="0.199" idlems="0.184" threads="1" lastid="0000000000DFAD00" lastname="Thread-8" />
</exclusive-start>
<allocation-taxation id="177" taxation-threshold="7340032" timestamp="2019-07-02T20:10:56.632" intervalms="19.333" />
<cycle-start id="178" type="partial gc" contextid="0" timestamp="2019-07-02T20:10:56.632" intervalms="19.248" />
  <attribute name="GC Util" value="22" />
  <attribute name="CPU Util" value="25261380329599" />
  <attribute name="Time Running"value="1453"/>
  <attribute name="Number of cores"value="4"/>
<gc-start id="179" type="partial gc" contextid="178" timestamp="2019-07-02T20:10:56.632">
  <mem-info id="180" free="0" total="19922944" percent="0">
    <mem type="eden" free="0" total="7340032" percent="0" />
    <remembered-set count="4224" freebytes="778368" totalbytes="795264" percent="97" regionsoverflowed="0" regionsstable="1" regionsrebuilding="0"/>
  </mem-info>
</gc-start>
<allocation-stats totalBytes="7339008" >
  <allocated-bytes non-tlh="0" tlh="7339008" arrayletleaf="0"/>
  <largest-consumer threadName="Thread-10" threadId="0000000000E02500" bytes="3268248" />
</allocation-stats>
<gc-op id="181" type="mark" timems="1.085" contextid="178" timestamp="2019-07-02T20:10:56.634">
  <trace-info objectcount="2042" scancount="2042" scanbytes="50304" />
  <cardclean-info objects="3864" bytes="186384" />
  <remembered-set-cleared processed="2567" cleared="584" durationms="0.072" />
  <stringconstants candidates="4573" cleared="0"  />
  <warning details="Mark invoked due to insufficient free space for Copy-Forward" />
</gc-op>
<gc-op id="182" type="classunload" timems="0.002" contextid="178" timestamp="2019-07-02T20:10:56.634">
  <classunload-info classloadercandidates="8" classloadersunloaded="0" classesunloaded="0" anonymousclassesunloaded="0" quiescems="0.000" setupms="0.002" scanms="0.000" postms="0.000" />
</gc-op>
<gc-op id="183" type="sweep" timems="0.279" contextid="178" timestamp="2019-07-02T20:10:56.634" />
<gc-op id="184" type="compact" timems="1.125" contextid="178" timestamp="2019-07-02T20:10:56.636">
  <compact-info movecount="2036" movebytes="50160" />
  <remembered-set-cleared processed="5173" cleared="1202" durationms="0.072" />
</gc-op>
<heap-resize id="185" type="expand" space="default" amount="2097152" count="1" timems="0.058" reason="insufficient free space following gc" timestamp="2019-07-02T20:10:56.636" />
<gc-end id="186" type="partial gc" contextid="178" durationms="3.732" usertimems="8.000" systemtimems="0.000" timestamp="2019-07-02T20:10:56.636" activeThreads="4">
  <mem-info id="187" free="8388608" total="22020096" percent="38">
    <mem type="eden" free="1019872" total="1048576" percent="97" />
    <remembered-set count="4640" freebytes="860416" totalbytes="878976" percent="97" regionsoverflowed="0" regionsstable="1" regionsrebuilding="0"/>
  </mem-info>
</gc-end>
<cycle-end id="188" type="partial gc" contextid="178" timestamp="2019-07-02T20:10:56.636">
  <attribute name="GC Util" value="22" />
  <attribute name="CPU Util" value="36635355414629" />
  <attribute name="Time Running"value="1471"/>
  <attribute name="Number of cores"value="4"/>
</cycle-end>
<exclusive-end id="189" timestamp="2019-07-02T20:10:56.636" durationms="4.414" />

<exclusive-start id="190" timestamp="2019-07-02T20:10:56.649" intervalms="17.001">
  <response-info timems="1.867" idlems="1.867" threads="0" lastid="0000000000DF7100" lastname="Thread-9" />
</exclusive-start>
<allocation-taxation id="191" taxation-threshold="8388608" timestamp="2019-07-02T20:10:56.649" intervalms="17.029" />
<cycle-start id="192" type="partial gc" contextid="0" timestamp="2019-07-02T20:10:56.649" intervalms="17.063" />
  <attribute name="GC Util" value="22" />
  <attribute name="CPU Util" value="36635355414629" />
  <attribute name="Time Running"value="1471"/>
  <attribute name="Number of cores"value="4"/>
<gc-start id="193" type="partial gc" contextid="192" timestamp="2019-07-02T20:10:56.650">
  <mem-info id="194" free="0" total="22020096" percent="0">
    <mem type="eden" free="0" total="8388608" percent="0" />
    <remembered-set count="4160" freebytes="862336" totalbytes="878976" percent="98" regionsoverflowed="0" regionsstable="1" regionsrebuilding="0"/>
  </mem-info>
</gc-start>
<allocation-stats totalBytes="8387520" >
  <allocated-bytes non-tlh="0" tlh="8387520" arrayletleaf="0"/>
  <largest-consumer threadName="Thread-7" threadId="0000000000DFE900" bytes="2842280" />
</allocation-stats>
<gc-op id="195" type="mark" timems="1.439" contextid="192" timestamp="2019-07-02T20:10:56.652">
  <trace-info objectcount="2994" scancount="2988" scanbytes="72536" />
  <cardclean-info objects="4444" bytes="217224" />
  <remembered-set-cleared processed="2910" cleared="688" durationms="0.107" />
  <references type="weak" candidates="1" cleared="0" enqueued="0" />
  <references type="phantom" candidates="1" cleared="0" enqueued="0" />
  <stringconstants candidates="4573" cleared="0"  />
  <warning details="Mark invoked due to insufficient free space for Copy-Forward" />
</gc-op>
<gc-op id="196" type="classunload" timems="0.002" contextid="192" timestamp="2019-07-02T20:10:56.652">
  <classunload-info classloadercandidates="8" classloadersunloaded="0" classesunloaded="0" anonymousclassesunloaded="0" quiescems="0.000" setupms="0.002" scanms="0.000" postms="0.000" />
</gc-op>
<gc-op id="197" type="sweep" timems="0.412" contextid="192" timestamp="2019-07-02T20:10:56.652" />
<gc-op id="198" type="compact" timems="1.437" contextid="192" timestamp="2019-07-02T20:10:56.654">
  <compact-info movecount="2867" movebytes="77504" />
  <remembered-set-cleared processed="5885" cleared="1436" durationms="0.107" />
</gc-op>
<heap-resize id="199" type="expand" space="default" amount="1048576" count="1" timems="0.062" reason="insufficient free space following gc" timestamp="2019-07-02T20:10:56.654" />
<gc-end id="200" type="partial gc" contextid="192" durationms="5.017" usertimems="8.000" systemtimems="0.000" timestamp="2019-07-02T20:10:56.655" activeThreads="4">
  <mem-info id="201" free="8388608" total="23068672" percent="36">
    <mem type="eden" free="989408" total="1048576" percent="94" />
    <remembered-set count="4512" freebytes="902784" totalbytes="920832" percent="98" regionsoverflowed="0" regionsstable="1" regionsrebuilding="0"/>
  </mem-info>
</gc-end>
<cycle-end id="202" type="partial gc" contextid="192" timestamp="2019-07-02T20:10:56.655">
  <attribute name="GC Util" value="22" />
  <attribute name="CPU Util" value="25164270610647" />
  <attribute name="Time Running"value="1489"/>
  <attribute name="Number of cores"value="4"/>
</cycle-end>
<exclusive-end id="203" timestamp="2019-07-02T20:10:56.655" durationms="5.974" />

<exclusive-start id="204" timestamp="2019-07-02T20:10:56.666" intervalms="16.718">
  <response-info timems="0.073" idlems="0.045" threads="1" lastid="0000000000AACF00" lastname="JIT Compilation Thread-1" />
</exclusive-start>
<allocation-taxation id="205" taxation-threshold="8388608" timestamp="2019-07-02T20:10:56.666" intervalms="16.679" />
<cycle-start id="206" type="partial gc" contextid="0" timestamp="2019-07-02T20:10:56.666" intervalms="16.668" />
  <attribute name="GC Util" value="22" />
  <attribute name="CPU Util" value="25164270610647" />
  <attribute name="Time Running"value="1489"/>
  <attribute name="Number of cores"value="4"/>
<gc-start id="207" type="partial gc" contextid="206" timestamp="2019-07-02T20:10:56.666">
  <mem-info id="208" free="0" total="23068672" percent="0">
    <mem type="eden" free="0" total="8388608" percent="0" />
    <remembered-set count="4512" freebytes="902784" totalbytes="920832" percent="98" regionsoverflowed="0" regionsstable="1" regionsrebuilding="0"/>
  </mem-info>
</gc-start>
<allocation-stats totalBytes="8387608" >
  <allocated-bytes non-tlh="256" tlh="8387352" arrayletleaf="0"/>
  <largest-consumer threadName="Thread-7" threadId="0000000000DFE900" bytes="2862784" />
</allocation-stats>
<gc-op id="209" type="mark" timems="1.319" contextid="206" timestamp="2019-07-02T20:10:56.668">
  <trace-info objectcount="2795" scancount="2781" scanbytes="68248" />
  <cardclean-info objects="3972" bytes="194828" />
  <remembered-set-cleared processed="3217" cleared="697" durationms="0.089" />
  <stringconstants candidates="4574" cleared="0"  />
  <warning details="Mark invoked due to insufficient free space for Copy-Forward" />
</gc-op>
<gc-op id="210" type="classunload" timems="0.002" contextid="206" timestamp="2019-07-02T20:10:56.668">
  <classunload-info classloadercandidates="8" classloadersunloaded="0" classesunloaded="0" anonymousclassesunloaded="0" quiescems="0.000" setupms="0.002" scanms="0.000" postms="0.000" />
</gc-op>
<gc-op id="211" type="sweep" timems="0.317" contextid="206" timestamp="2019-07-02T20:10:56.669" />
<gc-op id="212" type="compact" timems="1.412" contextid="206" timestamp="2019-07-02T20:10:56.670">
  <compact-info movecount="2369" movebytes="70544" />
  <remembered-set-cleared processed="6436" cleared="1388" durationms="0.108" />
</gc-op>
<heap-resize id="213" type="expand" space="default" amount="1048576" count="1" timems="0.063" reason="insufficient free space following gc" timestamp="2019-07-02T20:10:56.671" />
<gc-end id="214" type="partial gc" contextid="206" durationms="4.518" usertimems="8.000" systemtimems="0.000" timestamp="2019-07-02T20:10:56.671" activeThreads="4">
  <mem-info id="215" free="8388608" total="24117248" percent="34">
    <mem type="eden" free="1015440" total="1048576" percent="96" />
    <remembered-set count="5312" freebytes="941440" totalbytes="962688" percent="97" regionsoverflowed="0" regionsstable="1" regionsrebuilding="0"/>
  </mem-info>
</gc-end>
<cycle-end id="216" type="partial gc" contextid="206" timestamp="2019-07-02T20:10:56.671">
  <attribute name="GC Util" value="22" />
  <attribute name="CPU Util" value="31784619151992" />
  <attribute name="Time Running"value="1505"/>
  <attribute name="Number of cores"value="4"/>
</cycle-end>
<exclusive-end id="217" timestamp="2019-07-02T20:10:56.671" durationms="5.317" />

<exclusive-start id="218" timestamp="2019-07-02T20:10:56.685" intervalms="18.857">
  <response-info timems="0.039" idlems="0.022" threads="1" lastid="0000000000DFE900" lastname="Thread-7" />
</exclusive-start>
<allocation-taxation id="219" taxation-threshold="8388608" timestamp="2019-07-02T20:10:56.685" intervalms="18.877" />
<cycle-start id="220" type="partial gc" contextid="0" timestamp="2019-07-02T20:10:56.685" intervalms="18.978" />
  <attribute name="GC Util" value="22" />
  <attribute name="CPU Util" value="31784619151992" />
  <attribute name="Time Running"value="1505"/>
  <attribute name="Number of cores"value="4"/>
<gc-start id="221" type="partial gc" contextid="220" timestamp="2019-07-02T20:10:56.685">
  <mem-info id="222" free="0" total="24117248" percent="0">
    <mem type="eden" free="0" total="8388608" percent="0" />
    <remembered-set count="5312" freebytes="941440" totalbytes="962688" percent="97" regionsoverflowed="0" regionsstable="1" regionsrebuilding="0"/>
  </mem-info>
</gc-start>
<allocation-stats totalBytes="8387608" >
  <allocated-bytes non-tlh="0" tlh="8387608" arrayletleaf="0"/>
  <largest-consumer threadName="Thread-9" threadId="0000000000DF7100" bytes="3493512" />
</allocation-stats>
<gc-op id="223" type="mark" timems="1.361" contextid="220" timestamp="2019-07-02T20:10:56.687">
  <trace-info objectcount="1442" scancount="1426" scanbytes="36008" />
  <cardclean-info objects="3069" bytes="148296" />
  <remembered-set-cleared processed="3546" cleared="530" durationms="0.108" />
  <stringconstants candidates="4574" cleared="0"  />
  <warning details="Mark invoked due to insufficient free space for Copy-Forward" />
</gc-op>
<gc-op id="224" type="classunload" timems="0.002" contextid="220" timestamp="2019-07-02T20:10:56.687">
  <classunload-info classloadercandidates="8" classloadersunloaded="0" classesunloaded="0" anonymousclassesunloaded="0" quiescems="0.000" setupms="0.002" scanms="0.000" postms="0.000" />
</gc-op>
<gc-op id="225" type="sweep" timems="0.367" contextid="220" timestamp="2019-07-02T20:10:56.688" />
<gc-op id="226" type="compact" timems="1.270" contextid="220" timestamp="2019-07-02T20:10:56.689">
  <compact-info movecount="985" movebytes="33088" />
  <remembered-set-cleared processed="7130" cleared="1093" durationms="0.108" />
</gc-op>
<heap-resize id="227" type="expand" space="default" amount="3145728" count="1" timems="0.075" reason="insufficient free space following gc" timestamp="2019-07-02T20:10:56.690" />
<gc-end id="228" type="partial gc" contextid="220" durationms="4.826" usertimems="8.000" systemtimems="0.000" timestamp="2019-07-02T20:10:56.690" activeThreads="4">
  <mem-info id="229" free="10485760" total="27262976" percent="38">
    <mem type="eden" free="1027224" total="1048576" percent="97" />
    <remembered-set count="5760" freebytes="1065216" totalbytes="1088256" percent="97" regionsoverflowed="0" regionsstable="1" regionsrebuilding="0"/>
  </mem-info>
</gc-end>
<cycle-end id="230" type="partial gc" contextid="220" timestamp="2019-07-02T20:10:56.690">
  <attribute name="GC Util" value="19" />
  <attribute name="CPU Util" value="26927076871520" />
  <attribute name="Time Running"value="1525"/>
  <attribute name="Number of cores"value="4"/>
</cycle-end>
<exclusive-end id="231" timestamp="2019-07-02T20:10:56.691" durationms="5.998" />

<exclusive-start id="232" timestamp="2019-07-02T20:10:56.702" intervalms="17.588">
  <response-info timems="0.030" idlems="0.030" threads="0" lastid="0000000000DF7100" lastname="Thread-9" />
</exclusive-start>
<allocation-taxation id="233" taxation-threshold="10485760" timestamp="2019-07-02T20:10:56.702" intervalms="17.608" />
<cycle-start id="234" type="partial gc" contextid="0" timestamp="2019-07-02T20:10:56.702" intervalms="17.506" />
  <attribute name="GC Util" value="19" />
  <attribute name="CPU Util" value="26927076871520" />
  <attribute name="Time Running"value="1525"/>
  <attribute name="Number of cores"value="4"/>
<gc-start id="235" type="partial gc" contextid="234" timestamp="2019-07-02T20:10:56.703">
  <mem-info id="236" free="0" total="27262976" percent="0">
    <mem type="eden" free="0" total="10485760" percent="0" />
    <remembered-set count="5760" freebytes="1065216" totalbytes="1088256" percent="97" regionsoverflowed="0" regionsstable="1" regionsrebuilding="0"/>
  </mem-info>
</gc-start>
<allocation-stats totalBytes="10483512" >
  <allocated-bytes non-tlh="0" tlh="10483512" arrayletleaf="0"/>
  <largest-consumer threadName="Thread-10" threadId="0000000000E02500" bytes="3456528" />
</allocation-stats>
<gc-op id="237" type="mark" timems="1.287" contextid="234" timestamp="2019-07-02T20:10:56.704">
  <trace-info objectcount="6617" scancount="6609" scanbytes="297492" />
  <cardclean-info objects="2491" bytes="120184" />
  <remembered-set-cleared processed="3811" cleared="456" durationms="0.105" />
  <stringconstants candidates="4574" cleared="0"  />
  <warning details="Mark invoked due to insufficient free space for Copy-Forward" />
</gc-op>
<gc-op id="238" type="classunload" timems="0.003" contextid="234" timestamp="2019-07-02T20:10:56.704">
  <classunload-info classloadercandidates="8" classloadersunloaded="0" classesunloaded="0" anonymousclassesunloaded="0" quiescems="0.000" setupms="0.002" scanms="0.000" postms="0.000" />
</gc-op>
<gc-op id="239" type="sweep" timems="0.322" contextid="234" timestamp="2019-07-02T20:10:56.705" />
<gc-op id="240" type="compact" timems="1.629" contextid="234" timestamp="2019-07-02T20:10:56.707">
  <compact-info movecount="6609" movebytes="305560" />
  <remembered-set-cleared processed="7703" cleared="988" durationms="0.105" />
</gc-op>
<heap-resize id="241" type="expand" space="default" amount="5242880" count="1" timems="0.087" reason="excessive time being spent in gc" timestamp="2019-07-02T20:10:56.707" />
<gc-end id="242" type="partial gc" contextid="234" durationms="4.800" usertimems="4.000" systemtimems="0.000" timestamp="2019-07-02T20:10:56.707" activeThreads="4">
  <mem-info id="243" free="14680064" total="32505856" percent="45">
    <mem type="eden" free="759280" total="1048576" percent="72" />
    <remembered-set count="6144" freebytes="1272960" totalbytes="1297536" percent="98" regionsoverflowed="0" regionsstable="1" regionsrebuilding="0"/>
  </mem-info>
</gc-end>
<cycle-end id="244" type="partial gc" contextid="234" timestamp="2019-07-02T20:10:56.708">
  <attribute name="GC Util" value="23" />
  <attribute name="CPU Util" value="31243003486076" />
  <attribute name="Time Running"value="1542"/>
  <attribute name="Number of cores"value="4"/>
</cycle-end>
<exclusive-end id="245" timestamp="2019-07-02T20:10:56.708" durationms="5.774" />

<exclusive-start id="246" timestamp="2019-07-02T20:10:56.725" intervalms="22.874">
  <response-info timems="0.289" idlems="0.289" threads="0" lastid="0000000000E02500" lastname="Thread-10" />
</exclusive-start>
<allocation-taxation id="247" taxation-threshold="14680064" timestamp="2019-07-02T20:10:56.725" intervalms="22.893" />
<cycle-start id="248" type="partial gc" contextid="0" timestamp="2019-07-02T20:10:56.725" intervalms="22.961" />
  <attribute name="GC Util" value="23" />
  <attribute name="CPU Util" value="31243003486076" />
  <attribute name="Time Running"value="1542"/>
  <attribute name="Number of cores"value="4"/>
<gc-start id="249" type="partial gc" contextid="248" timestamp="2019-07-02T20:10:56.726">
  <mem-info id="250" free="0" total="32505856" percent="0">
    <mem type="eden" free="0" total="14680064" percent="0" />
    <remembered-set count="5728" freebytes="1274624" totalbytes="1297536" percent="98" regionsoverflowed="0" regionsstable="1" regionsrebuilding="0"/>
  </mem-info>
</gc-start>
<allocation-stats totalBytes="14678160" >
  <allocated-bytes non-tlh="0" tlh="14678160" arrayletleaf="0"/>
  <largest-consumer threadName="Thread-9" threadId="0000000000DF7100" bytes="5602704" />
</allocation-stats>
<gc-op id="251" type="mark" timems="1.574" contextid="248" timestamp="2019-07-02T20:10:56.728">
  <trace-info objectcount="8278" scancount="8272" scanbytes="337484" />
  <cardclean-info objects="5913" bytes="284608" />
  <remembered-set-cleared processed="3883" cleared="1124" durationms="0.131" />
  <stringconstants candidates="4574" cleared="0"  />
  <warning details="Mark invoked due to insufficient free space for Copy-Forward" />
</gc-op>
<gc-op id="252" type="classunload" timems="0.003" contextid="248" timestamp="2019-07-02T20:10:56.728">
  <classunload-info classloadercandidates="8" classloadersunloaded="0" classesunloaded="0" anonymousclassesunloaded="0" quiescems="0.000" setupms="0.002" scanms="0.000" postms="0.000" />
</gc-op>
<gc-op id="253" type="sweep" timems="0.382" contextid="248" timestamp="2019-07-02T20:10:56.729" />
<gc-op id="254" type="compact" timems="1.454" contextid="248" timestamp="2019-07-02T20:10:56.730">
  <compact-info movecount="6808" movebytes="302016" />
  <remembered-set-cleared processed="7862" cleared="2339" durationms="0.131" />
</gc-op>
<heap-resize id="255" type="expand" space="default" amount="6291456" count="1" timems="0.093" reason="excessive time being spent in gc" timestamp="2019-07-02T20:10:56.731" />
<gc-end id="256" type="partial gc" contextid="248" durationms="5.214" usertimems="8.000" systemtimems="0.000" timestamp="2019-07-02T20:10:56.731" activeThreads="4">
  <mem-info id="257" free="19922944" total="38797312" percent="51">
    <mem type="eden" free="1010080" total="1048576" percent="96" />
    <remembered-set count="6176" freebytes="1523968" totalbytes="1548672" percent="98" regionsoverflowed="0" regionsstable="1" regionsrebuilding="0"/>
  </mem-info>
</gc-end>
<cycle-end id="258" type="partial gc" contextid="248" timestamp="2019-07-02T20:10:56.731">
  <attribute name="GC Util" value="25" />
  <attribute name="CPU Util" value="26584574855116" />
  <attribute name="Time Running"value="1566"/>
  <attribute name="Number of cores"value="4"/>
</cycle-end>
<exclusive-end id="259" timestamp="2019-07-02T20:10:56.731" durationms="6.468" />

<exclusive-start id="260" timestamp="2019-07-02T20:10:56.743" intervalms="17.663">
  <response-info timems="0.022" idlems="0.022" threads="0" lastid="0000000000DF7100" lastname="Thread-9" />
</exclusive-start>
<allocation-taxation id="261" taxation-threshold="16777216" timestamp="2019-07-02T20:10:56.743" intervalms="17.658" />
<cycle-start id="262" type="partial gc" contextid="0" timestamp="2019-07-02T20:10:56.743" intervalms="17.611" />
  <attribute name="GC Util" value="25" />
  <attribute name="CPU Util" value="26584574855116" />
  <attribute name="Time Running"value="1566"/>
  <attribute name="Number of cores"value="4"/>
<gc-start id="263" type="partial gc" contextid="262" timestamp="2019-07-02T20:10:56.743">
  <mem-info id="264" free="3145728" total="38797312" percent="8">
    <mem type="eden" free="0" total="16777216" percent="0" />
    <remembered-set count="6176" freebytes="1523968" totalbytes="1548672" percent="98" regionsoverflowed="0" regionsstable="1" regionsrebuilding="0"/>
  </mem-info>
</gc-start>
<allocation-stats totalBytes="16774968" >
  <allocated-bytes non-tlh="0" tlh="16774968" arrayletleaf="0"/>
  <largest-consumer threadName="Thread-9" threadId="0000000000DF7100" bytes="4685240" />
</allocation-stats>
<gc-op id="265" type="copy forward" timems="1.620" contextid="262" timestamp="2019-07-02T20:10:56.745">
  <memory-copied type="eden" objects="2749" bytes="67032" bytesdiscarded="3808" />
  <memory-copied type="other" objects="2199" bytes="52776" bytesdiscarded="1312" />
  <memory-cardclean objects="9328" bytes="448600" />
  <remembered-set-cleared processed="4080" cleared="1321" durationms="0.105" />
  <stringconstants candidates="4574" cleared="0"  />
</gc-op>
<gc-op id="266" type="classunload" timems="0.002" contextid="262" timestamp="2019-07-02T20:10:56.746">
  <classunload-info classloadercandidates="8" classloadersunloaded="0" classesunloaded="0" anonymousclassesunloaded="0" quiescems="0.000" setupms="0.002" scanms="0.000" postms="0.000" />
</gc-op>
<heap-resize id="267" type="expand" space="default" amount="7340032" count="1" timems="0.098" reason="excessive time being spent in gc" timestamp="2019-07-02T20:10:56.746" />
<gc-end id="268" type="partial gc" contextid="262" durationms="2.801" usertimems="4.000" systemtimems="0.000" timestamp="2019-07-02T20:10:56.746" activeThreads="4">
  <mem-info id="269" free="26214400" total="46137344" percent="56">
    <mem type="eden" free="977736" total="1048576" percent="93" />
    <remembered-set count="7264" freebytes="1812608" totalbytes="1841664" percent="98" regionsoverflowed="0" regionsstable="1" regionsrebuilding="0"/>
  </mem-info>
</gc-end>
<cycle-end id="270" type="partial gc" contextid="262" timestamp="2019-07-02T20:10:56.746">
  <attribute name="GC Util" value="64" />
  <attribute name="CPU Util" value="97832684860176" />
  <attribute name="Time Running"value="1580"/>
  <attribute name="Number of cores"value="4"/>
</cycle-end>
<exclusive-end id="271" timestamp="2019-07-02T20:10:56.746" durationms="3.719" />

<exclusive-start id="272" timestamp="2019-07-02T20:10:56.757" intervalms="14.367">
  <response-info timems="0.031" idlems="0.031" threads="0" lastid="0000000000E02500" lastname="Thread-10" />
</exclusive-start>
<allocation-taxation id="273" taxation-threshold="17825792" timestamp="2019-07-02T20:10:56.757" intervalms="14.298" />
<cycle-start id="274" type="partial gc" contextid="0" timestamp="2019-07-02T20:10:56.757" intervalms="14.300" />
  <attribute name="GC Util" value="64" />
  <attribute name="CPU Util" value="97832684860176" />
  <attribute name="Time Running"value="1580"/>
  <attribute name="Number of cores"value="4"/>
<gc-start id="275" type="partial gc" contextid="274" timestamp="2019-07-02T20:10:56.757">
  <mem-info id="276" free="8388608" total="46137344" percent="18">
    <mem type="eden" free="0" total="17825792" percent="0" />
    <remembered-set count="7008" freebytes="1813632" totalbytes="1841664" percent="98" regionsoverflowed="0" regionsstable="1" regionsrebuilding="0"/>
  </mem-info>
</gc-start>
<allocation-stats totalBytes="17823472" >
  <allocated-bytes non-tlh="0" tlh="17823472" arrayletleaf="0"/>
  <largest-consumer threadName="Thread-9" threadId="0000000000DF7100" bytes="4554200" />
</allocation-stats>
<gc-op id="277" type="copy forward" timems="1.625" contextid="274" timestamp="2019-07-02T20:10:56.760">
  <memory-copied type="eden" objects="3120" bytes="75664" bytesdiscarded="1472" />
  <memory-copied type="other" objects="3640" bytes="87360" bytesdiscarded="4120" />
  <memory-cardclean objects="10758" bytes="516864" />
  <remembered-set-cleared processed="4585" cleared="1167" durationms="0.093" />
  <stringconstants candidates="4574" cleared="0"  />
</gc-op>
<gc-op id="278" type="classunload" timems="0.002" contextid="274" timestamp="2019-07-02T20:10:56.760">
  <classunload-info classloadercandidates="8" classloadersunloaded="0" classesunloaded="0" anonymousclassesunloaded="0" quiescems="0.000" setupms="0.001" scanms="0.000" postms="0.000" />
</gc-op>
<heap-resize id="279" type="expand" space="default" amount="6291456" count="1" timems="0.092" reason="excessive time being spent in gc" timestamp="2019-07-02T20:10:56.760" />
<gc-end id="280" type="partial gc" contextid="274" durationms="2.859" usertimems="0.000" systemtimems="0.000" timestamp="2019-07-02T20:10:56.760" activeThreads="4">
  <mem-info id="281" free="31457280" total="52428800" percent="60">
    <mem type="eden" free="971440" total="1048576" percent="92" />
    <remembered-set count="7616" freebytes="2062336" totalbytes="2092800" percent="98" regionsoverflowed="0" regionsstable="1" regionsrebuilding="0"/>
  </mem-info>
</gc-end>
<cycle-end id="282" type="partial gc" contextid="274" timestamp="2019-07-02T20:10:56.761">
  <attribute name="GC Util" value="66" />
  <attribute name="CPU Util" value="89612117797490" />
  <attribute name="Time Running"value="1595"/>
  <attribute name="Number of cores"value="4"/>
</cycle-end>
<exclusive-end id="283" timestamp="2019-07-02T20:10:56.761" durationms="3.799" />

<exclusive-start id="284" timestamp="2019-07-02T20:10:56.774" intervalms="16.798">
  <response-info timems="0.022" idlems="0.022" threads="0" lastid="0000000000DF7100" lastname="Thread-9" />
</exclusive-start>
<allocation-taxation id="285" taxation-threshold="19922944" timestamp="2019-07-02T20:10:56.774" intervalms="16.861" />
<cycle-start id="286" type="partial gc" contextid="0" timestamp="2019-07-02T20:10:56.774" intervalms="16.850" />
  <attribute name="GC Util" value="66" />
  <attribute name="CPU Util" value="89612117797490" />
  <attribute name="Time Running"value="1595"/>
  <attribute name="Number of cores"value="4"/>
<gc-start id="287" type="partial gc" contextid="286" timestamp="2019-07-02T20:10:56.774">
  <mem-info id="288" free="11534336" total="52428800" percent="22">
    <mem type="eden" free="0" total="19922944" percent="0" />
    <remembered-set count="7584" freebytes="2062464" totalbytes="2092800" percent="98" regionsoverflowed="0" regionsstable="1" regionsrebuilding="0"/>
  </mem-info>
</gc-start>
<allocation-stats totalBytes="19920640" >
  <allocated-bytes non-tlh="0" tlh="19920640" arrayletleaf="0"/>
  <largest-consumer threadName="Thread-9" threadId="0000000000DF7100" bytes="5569968" />
</allocation-stats>
<gc-op id="289" type="copy forward" timems="2.060" contextid="286" timestamp="2019-07-02T20:10:56.777">
  <memory-copied type="eden" objects="10369" bytes="387096" bytesdiscarded="15608" />
  <memory-copied type="other" objects="4774" bytes="114576" bytesdiscarded="3888" />
  <memory-cardclean objects="12324" bytes="617304" />
  <remembered-set-cleared processed="5110" cleared="1321" durationms="0.112" />
  <stringconstants candidates="4574" cleared="0"  />
</gc-op>
<gc-op id="290" type="classunload" timems="0.002" contextid="286" timestamp="2019-07-02T20:10:56.777">
  <classunload-info classloadercandidates="8" classloadersunloaded="0" classesunloaded="0" anonymousclassesunloaded="0" quiescems="0.000" setupms="0.002" scanms="0.000" postms="0.000" />
</gc-op>
<heap-resize id="291" type="expand" space="default" amount="3145728" count="1" timems="0.074" reason="excessive time being spent in gc" timestamp="2019-07-02T20:10:56.778" />
<gc-end id="292" type="partial gc" contextid="286" durationms="3.407" usertimems="8.000" systemtimems="0.000" timestamp="2019-07-02T20:10:56.778" activeThreads="4">
  <mem-info id="293" free="33554432" total="55574528" percent="60">
    <mem type="eden" free="645872" total="1048576" percent="61" />
    <remembered-set count="8768" freebytes="2183296" totalbytes="2218368" percent="98" regionsoverflowed="0" regionsstable="1" regionsrebuilding="0"/>
  </mem-info>
</gc-end>
<cycle-end id="294" type="partial gc" contextid="286" timestamp="2019-07-02T20:10:56.778">
  <attribute name="GC Util" value="67" />
  <attribute name="CPU Util" value="74942895460940" />
  <attribute name="Time Running"value="1612"/>
  <attribute name="Number of cores"value="4"/>
</cycle-end>
<exclusive-end id="295" timestamp="2019-07-02T20:10:56.778" durationms="4.325" />

<exclusive-start id="296" timestamp="2019-07-02T20:10:56.792" intervalms="18.330">
  <response-info timems="0.026" idlems="0.026" threads="0" lastid="0000000000DFE900" lastname="Thread-7" />
</exclusive-start>
<allocation-taxation id="297" taxation-threshold="20971520" timestamp="2019-07-02T20:10:56.792" intervalms="18.341" />
<cycle-start id="298" type="partial gc" contextid="0" timestamp="2019-07-02T20:10:56.792" intervalms="18.353" />
  <attribute name="GC Util" value="67" />
  <attribute name="CPU Util" value="74942895460940" />
  <attribute name="Time Running"value="1612"/>
  <attribute name="Number of cores"value="4"/>
<gc-start id="299" type="partial gc" contextid="298" timestamp="2019-07-02T20:10:56.793">
  <mem-info id="300" free="12582912" total="55574528" percent="22">
    <mem type="eden" free="0" total="20971520" percent="0" />
    <remembered-set count="8448" freebytes="2184576" totalbytes="2218368" percent="98" regionsoverflowed="0" regionsstable="1" regionsrebuilding="0"/>
  </mem-info>
</gc-start>
<allocation-stats totalBytes="20968728" >
  <allocated-bytes non-tlh="0" tlh="20968728" arrayletleaf="0"/>
  <largest-consumer threadName="Thread-10" threadId="0000000000E02500" bytes="6016256" />
</allocation-stats>
<gc-op id="301" type="copy forward" timems="2.788" contextid="298" timestamp="2019-07-02T20:10:56.796">
  <memory-copied type="eden" objects="19711" bytes="886240" bytesdiscarded="62616" />
  <memory-copied type="other" objects="17036" bytes="758200" bytesdiscarded="19592" />
  <memory-cardclean objects="5693" bytes="332008" />
  <remembered-set-cleared processed="6166" cleared="2548" durationms="0.094" />
  <stringconstants candidates="4574" cleared="0"  />
</gc-op>
<gc-op id="302" type="classunload" timems="0.002" contextid="298" timestamp="2019-07-02T20:10:56.796">
  <classunload-info classloadercandidates="8" classloadersunloaded="0" classesunloaded="0" anonymousclassesunloaded="0" quiescems="0.000" setupms="0.002" scanms="0.000" postms="0.000" />
</gc-op>
<heap-resize id="303" type="expand" space="default" amount="2097152" count="1" timems="0.070" reason="excessive time being spent in gc" timestamp="2019-07-02T20:10:56.797" />
<gc-end id="304" type="partial gc" contextid="298" durationms="4.073" usertimems="8.000" systemtimems="0.000" timestamp="2019-07-02T20:10:56.797" activeThreads="4">
  <mem-info id="305" free="34603008" total="57671680" percent="60">
    <mem type="eden" free="99720" total="1048576" percent="9" />
    <remembered-set count="9056" freebytes="2265856" totalbytes="2302080" percent="98" regionsoverflowed="0" regionsstable="1" regionsrebuilding="0"/>
  </mem-info>
</gc-end>
<cycle-end id="306" type="partial gc" contextid="298" timestamp="2019-07-02T20:10:56.797">
  <attribute name="GC Util" value="63" />
  <attribute name="CPU Util" value="78140661325771" />
  <attribute name="Time Running"value="1630"/>
  <attribute name="Number of cores"value="4"/>
</cycle-end>
<exclusive-end id="307" timestamp="2019-07-02T20:10:56.797" durationms="5.068" />

<exclusive-start id="308" timestamp="2019-07-02T20:10:56.811" intervalms="19.207">
  <response-info timems="0.648" idlems="0.352" threads="1" lastid="0000000000DFE900" lastname="Thread-7" />
</exclusive-start>
<allocation-taxation id="309" taxation-threshold="20971520" timestamp="2019-07-02T20:10:56.812" intervalms="19.240" />
<cycle-start id="310" type="partial gc" contextid="0" timestamp="2019-07-02T20:10:56.812" intervalms="19.279" />
  <attribute name="GC Util" value="63" />
  <attribute name="CPU Util" value="78140661325771" />
  <attribute name="Time Running"value="1630"/>
  <attribute name="Number of cores"value="4"/>
<gc-start id="311" type="partial gc" contextid="310" timestamp="2019-07-02T20:10:56.812">
  <mem-info id="312" free="13631488" total="57671680" percent="23">
    <mem type="eden" free="0" total="20971520" percent="0" />
    <remembered-set count="9024" freebytes="2265984" totalbytes="2302080" percent="98" regionsoverflowed="0" regionsstable="1" regionsrebuilding="0"/>
  </mem-info>
</gc-start>
<allocation-stats totalBytes="20968712" >
  <allocated-bytes non-tlh="0" tlh="20968712" arrayletleaf="0"/>
  <largest-consumer threadName="Thread-8" threadId="0000000000DFAD00" bytes="5774592" />
</allocation-stats>
<gc-op id="313" type="copy forward" timems="2.526" contextid="310" timestamp="2019-07-02T20:10:56.815">
  <memory-copied type="eden" objects="5148" bytes="124728" bytesdiscarded="20160" />
  <memory-copied type="other" objects="30059" bytes="1496688" bytesdiscarded="125320" />
  <memory-cardclean objects="16734" bytes="866000" />
  <remembered-set-cleared processed="5554" cleared="3022" durationms="0.125" />
  <references type="soft" candidates="3" cleared="0" enqueued="0" dynamicThreshold="19" maxThreshold="32" />
  <references type="weak" candidates="8" cleared="0" enqueued="0" />
  <references type="phantom" candidates="2" cleared="0" enqueued="0" />
  <stringconstants candidates="4574" cleared="0"  />
</gc-op>
<gc-op id="314" type="classunload" timems="0.003" contextid="310" timestamp="2019-07-02T20:10:56.815">
  <classunload-info classloadercandidates="8" classloadersunloaded="0" classesunloaded="0" anonymousclassesunloaded="0" quiescems="0.000" setupms="0.002" scanms="0.000" postms="0.000" />
</gc-op>
<gc-end id="315" type="partial gc" contextid="310" durationms="3.601" usertimems="4.000" systemtimems="0.000" timestamp="2019-07-02T20:10:56.816" activeThreads="4">
  <mem-info id="316" free="34603008" total="57671680" percent="60">
    <mem type="eden" free="903688" total="1048576" percent="86" />
    <remembered-set count="10208" freebytes="2261248" totalbytes="2302080" percent="98" regionsoverflowed="0" regionsstable="1" regionsrebuilding="0"/>
  </mem-info>
</gc-end>
<cycle-end id="317" type="partial gc" contextid="310" timestamp="2019-07-02T20:10:56.816">
  <attribute name="GC Util" value="64" />
  <attribute name="CPU Util" value="77187873963708" />
  <attribute name="Time Running"value="1649"/>
  <attribute name="Number of cores"value="4"/>
</cycle-end>
<exclusive-end id="318" timestamp="2019-07-02T20:10:56.816" durationms="4.624" />

<exclusive-start id="319" timestamp="2019-07-02T20:10:56.833" intervalms="21.722">
  <response-info timems="0.035" idlems="0.035" threads="0" lastid="0000000000DF7100" lastname="Thread-9" />
</exclusive-start>
<allocation-taxation id="320" taxation-threshold="20971520" timestamp="2019-07-02T20:10:56.833" intervalms="21.670" />
<cycle-start id="321" type="partial gc" contextid="0" timestamp="2019-07-02T20:10:56.833" intervalms="21.628" />
  <attribute name="GC Util" value="64" />
  <attribute name="CPU Util" value="77187873963708" />
  <attribute name="Time Running"value="1649"/>
  <attribute name="Number of cores"value="4"/>
<gc-start id="322" type="partial gc" contextid="321" timestamp="2019-07-02T20:10:56.834">
  <mem-info id="323" free="13631488" total="57671680" percent="23">
    <mem type="eden" free="0" total="20971520" percent="0" />
    <remembered-set count="9888" freebytes="2262528" totalbytes="2302080" percent="98" regionsoverflowed="0" regionsstable="1" regionsrebuilding="0"/>
  </mem-info>
</gc-start>
<allocation-stats totalBytes="20968904" >
  <allocated-bytes non-tlh="0" tlh="20968904" arrayletleaf="0"/>
  <largest-consumer threadName="Thread-8" threadId="0000000000DFAD00" bytes="7073024" />
</allocation-stats>
<gc-op id="324" type="copy forward" timems="2.347" contextid="321" timestamp="2019-07-02T20:10:56.837">
  <memory-copied type="eden" objects="10044" bytes="379968" bytesdiscarded="20440" />
  <memory-copied type="other" objects="24444" bytes="998784" bytesdiscarded="49336" />
  <memory-cardclean objects="6316" bytes="319920" />
  <remembered-set-cleared processed="7123" cleared="781" durationms="0.116" />
  <stringconstants candidates="4574" cleared="0"  />
</gc-op>
<gc-op id="325" type="classunload" timems="0.002" contextid="321" timestamp="2019-07-02T20:10:56.837">
  <classunload-info classloadercandidates="8" classloadersunloaded="0" classesunloaded="0" anonymousclassesunloaded="0" quiescems="0.000" setupms="0.002" scanms="0.000" postms="0.000" />
</gc-op>
<heap-resize id="326" type="expand" space="default" amount="3145728" count="1" timems="0.093" reason="excessive time being spent in gc" timestamp="2019-07-02T20:10:56.837" />
<gc-end id="327" type="partial gc" contextid="321" durationms="3.665" usertimems="4.000" systemtimems="4.000" timestamp="2019-07-02T20:10:56.837" activeThreads="4">
  <mem-info id="328" free="36700160" total="60817408" percent="60">
    <mem type="eden" free="648168" total="1048576" percent="61" />
    <remembered-set count="10976" freebytes="2383744" totalbytes="2427648" percent="98" regionsoverflowed="0" regionsstable="1" regionsrebuilding="0"/>
  </mem-info>
</gc-end>
<cycle-end id="329" type="partial gc" contextid="321" timestamp="2019-07-02T20:10:56.837">
  <attribute name="GC Util" value="64" />
  <attribute name="CPU Util" value="86224316550781" />
  <attribute name="Time Running"value="1671"/>
  <attribute name="Number of cores"value="4"/>
</cycle-end>
<exclusive-end id="330" timestamp="2019-07-02T20:10:56.838" durationms="4.602" />

<exclusive-start id="331" timestamp="2019-07-02T20:10:56.852" intervalms="18.716">
  <response-info timems="0.205" idlems="0.205" threads="0" lastid="0000000000DFE900" lastname="Thread-7" />
</exclusive-start>
<allocation-taxation id="332" taxation-threshold="22020096" timestamp="2019-07-02T20:10:56.852" intervalms="18.709" />
<cycle-start id="333" type="partial gc" contextid="0" timestamp="2019-07-02T20:10:56.852" intervalms="18.748" />
  <attribute name="GC Util" value="64" />
  <attribute name="CPU Util" value="86224316550781" />
  <attribute name="Time Running"value="1671"/>
  <attribute name="Number of cores"value="4"/>
<gc-start id="334" type="partial gc" contextid="333" timestamp="2019-07-02T20:10:56.852">
  <mem-info id="335" free="14680064" total="60817408" percent="24">
    <mem type="eden" free="0" total="22020096" percent="0" />
    <remembered-set count="10848" freebytes="2384256" totalbytes="2427648" percent="98" regionsoverflowed="0" regionsstable="1" regionsrebuilding="0"/>
  </mem-info>
</gc-start>
<allocation-stats totalBytes="22017360" >
  <allocated-bytes non-tlh="0" tlh="22017360" arrayletleaf="0"/>
  <largest-consumer threadName="Thread-7" threadId="0000000000DFE900" bytes="5995776" />
</allocation-stats>
<gc-op id="336" type="copy forward" timems="2.422" contextid="333" timestamp="2019-07-02T20:10:56.856">
  <memory-copied type="eden" objects="4100" bytes="99952" bytesdiscarded="5104" />
  <memory-copied type="other" objects="23773" bytes="1355936" bytesdiscarded="92240" />
  <memory-cardclean objects="22731" bytes="1190840" />
  <remembered-set-cleared processed="6585" cleared="3658" durationms="0.110" />
  <references type="soft" candidates="17" cleared="0" enqueued="0" dynamicThreshold="19" maxThreshold="32" />
  <references type="weak" candidates="16" cleared="0" enqueued="0" />
  <references type="phantom" candidates="2" cleared="0" enqueued="0" />
  <stringconstants candidates="4574" cleared="0"  />
</gc-op>
<gc-op id="337" type="classunload" timems="0.002" contextid="333" timestamp="2019-07-02T20:10:56.856">
  <classunload-info classloadercandidates="8" classloadersunloaded="0" classesunloaded="0" anonymousclassesunloaded="0" quiescems="0.000" setupms="0.001" scanms="0.000" postms="0.000" />
</gc-op>
<heap-resize id="338" type="expand" space="default" amount="5242880" count="1" timems="0.086" reason="excessive time being spent in gc" timestamp="2019-07-02T20:10:56.856" />
<gc-end id="339" type="partial gc" contextid="333" durationms="3.715" usertimems="8.000" systemtimems="0.000" timestamp="2019-07-02T20:10:56.856" activeThreads="4">
  <mem-info id="340" free="39845888" total="66060288" percent="60">
    <mem type="eden" free="943520" total="1048576" percent="89" />
    <remembered-set count="12128" freebytes="2588416" totalbytes="2636928" percent="98" regionsoverflowed="0" regionsstable="1" regionsrebuilding="0"/>
  </mem-info>
</gc-end>
<cycle-end id="341" type="partial gc" contextid="333" timestamp="2019-07-02T20:10:56.856">
  <attribute name="GC Util" value="44" />
  <attribute name="CPU Util" value="73531674258859" />
  <attribute name="Time Running"value="1690"/>
  <attribute name="Number of cores"value="4"/>
</cycle-end>
<exclusive-end id="342" timestamp="2019-07-02T20:10:56.857" durationms="4.765" />

<exclusive-start id="343" timestamp="2019-07-02T20:10:56.874" intervalms="22.207">
  <response-info timems="0.024" idlems="0.024" threads="0" lastid="0000000000E02500" lastname="Thread-10" />
</exclusive-start>
<allocation-taxation id="344" taxation-threshold="23068672" timestamp="2019-07-02T20:10:56.874" intervalms="22.205" />
<cycle-start id="345" type="partial gc" contextid="0" timestamp="2019-07-02T20:10:56.874" intervalms="22.156" />
  <attribute name="GC Util" value="44" />
  <attribute name="CPU Util" value="73531674258859" />
  <attribute name="Time Running"value="1690"/>
  <attribute name="Number of cores"value="4"/>
<gc-start id="346" type="partial gc" contextid="345" timestamp="2019-07-02T20:10:56.875">
  <mem-info id="347" free="16777216" total="66060288" percent="25">
    <mem type="eden" free="0" total="23068672" percent="0" />
    <remembered-set count="11840" freebytes="2589568" totalbytes="2636928" percent="98" regionsoverflowed="0" regionsstable="1" regionsrebuilding="0"/>
  </mem-info>
</gc-start>
<allocation-stats totalBytes="23065728" >
  <allocated-bytes non-tlh="0" tlh="23065728" arrayletleaf="0"/>
  <largest-consumer threadName="Thread-8" threadId="0000000000DFAD00" bytes="7085128" />
</allocation-stats>
<gc-op id="348" type="copy forward" timems="2.611" contextid="345" timestamp="2019-07-02T20:10:56.878">
  <memory-copied type="eden" objects="5430" bytes="131088" bytesdiscarded="10176" />
  <memory-copied type="other" objects="17324" bytes="1058016" bytesdiscarded="122064" />
  <memory-cardclean objects="26352" bytes="1329600" />
  <remembered-set-cleared processed="7186" cleared="3945" durationms="0.115" />
  <references type="soft" candidates="17" cleared="0" enqueued="0" dynamicThreshold="19" maxThreshold="32" />
  <references type="weak" candidates="16" cleared="0" enqueued="0" />
  <references type="phantom" candidates="2" cleared="0" enqueued="0" />
  <stringconstants candidates="4574" cleared="0"  />
</gc-op>
<gc-op id="349" type="classunload" timems="0.002" contextid="345" timestamp="2019-07-02T20:10:56.878">
  <classunload-info classloadercandidates="8" classloadersunloaded="0" classesunloaded="0" anonymousclassesunloaded="0" quiescems="0.000" setupms="0.002" scanms="0.000" postms="0.000" />
</gc-op>
<heap-resize id="350" type="expand" space="default" amount="2097152" count="1" timems="0.069" reason="excessive time being spent in gc" timestamp="2019-07-02T20:10:56.878" />
<gc-end id="351" type="partial gc" contextid="345" durationms="3.962" usertimems="4.000" systemtimems="4.000" timestamp="2019-07-02T20:10:56.879" activeThreads="4">
  <mem-info id="352" free="40894464" total="68157440" percent="60">
    <mem type="eden" free="907312" total="1048576" percent="86" />
    <remembered-set count="13536" freebytes="2666496" totalbytes="2720640" percent="98" regionsoverflowed="0" regionsstable="1" regionsrebuilding="0"/>
  </mem-info>
</gc-end>
<cycle-end id="353" type="partial gc" contextid="345" timestamp="2019-07-02T20:10:56.879">
  <attribute name="GC Util" value="65" />
  <attribute name="CPU Util" value="77709110451988" />
  <attribute name="Time Running"value="1712"/>
  <attribute name="Number of cores"value="4"/>
</cycle-end>
<exclusive-end id="354" timestamp="2019-07-02T20:10:56.879" durationms="5.006" />

<exclusive-start id="355" timestamp="2019-07-02T20:10:56.898" intervalms="24.438">
  <response-info timems="0.026" idlems="0.026" threads="0" lastid="0000000000DFE900" lastname="Thread-7" />
</exclusive-start>
<allocation-taxation id="356" taxation-threshold="24117248" timestamp="2019-07-02T20:10:56.899" intervalms="24.520" />
<cycle-start id="357" type="partial gc" contextid="0" timestamp="2019-07-02T20:10:56.899" intervalms="24.621" />
  <attribute name="GC Util" value="65" />
  <attribute name="CPU Util" value="77709110451988" />
  <attribute name="Time Running"value="1712"/>
  <attribute name="Number of cores"value="4"/>
<gc-start id="358" type="partial gc" contextid="357" timestamp="2019-07-02T20:10:56.899">
  <mem-info id="359" free="16777216" total="68157440" percent="24">
    <mem type="eden" free="0" total="24117248" percent="0" />
    <remembered-set count="13088" freebytes="2668288" totalbytes="2720640" percent="98" regionsoverflowed="0" regionsstable="1" regionsrebuilding="0"/>
  </mem-info>
</gc-start>
<allocation-stats totalBytes="24114312" >
  <allocated-bytes non-tlh="0" tlh="24114312" arrayletleaf="0"/>
  <largest-consumer threadName="Thread-9" threadId="0000000000DF7100" bytes="6950144" />
</allocation-stats>
<gc-op id="360" type="copy forward" timems="2.685" contextid="357" timestamp="2019-07-02T20:10:56.903">
  <memory-copied type="eden" objects="20559" bytes="906632" bytesdiscarded="43952" />
  <memory-copied type="other" objects="18566" bytes="1083752" bytesdiscarded="108128" />
  <memory-cardclean objects="26454" bytes="1324144" />
  <remembered-set-cleared processed="7841" cleared="4291" durationms="0.097" />
  <references type="soft" candidates="17" cleared="0" enqueued="0" dynamicThreshold="19" maxThreshold="32" />
  <references type="weak" candidates="16" cleared="0" enqueued="0" />
  <references type="phantom" candidates="2" cleared="0" enqueued="0" />
  <stringconstants candidates="4574" cleared="0"  />
</gc-op>
<gc-op id="361" type="classunload" timems="0.002" contextid="357" timestamp="2019-07-02T20:10:56.903">
  <classunload-info classloadercandidates="8" classloadersunloaded="0" classesunloaded="0" anonymousclassesunloaded="0" quiescems="0.000" setupms="0.002" scanms="0.000" postms="0.000" />
</gc-op>
<heap-resize id="362" type="expand" space="default" amount="3145728" count="1" timems="0.076" reason="excessive time being spent in gc" timestamp="2019-07-02T20:10:56.903" />
<gc-end id="363" type="partial gc" contextid="357" durationms="4.028" usertimems="8.000" systemtimems="0.000" timestamp="2019-07-02T20:10:56.903" activeThreads="4">
  <mem-info id="364" free="42991616" total="71303168" percent="60">
    <mem type="eden" free="97992" total="1048576" percent="9" />
    <remembered-set count="13376" freebytes="2792704" totalbytes="2846208" percent="98" regionsoverflowed="0" regionsstable="1" regionsrebuilding="0"/>
  </mem-info>
</gc-end>
<cycle-end id="365" type="partial gc" contextid="357" timestamp="2019-07-02T20:10:56.903">
  <attribute name="GC Util" value="61" />
  <attribute name="CPU Util" value="80382873275994" />
  <attribute name="Time Running"value="1737"/>
  <attribute name="Number of cores"value="4"/>
</cycle-end>
<exclusive-end id="366" timestamp="2019-07-02T20:10:56.904" durationms="5.244" />

<exclusive-start id="367" timestamp="2019-07-02T20:10:56.922" intervalms="23.219">
  <response-info timems="0.026" idlems="0.026" threads="0" lastid="0000000000DFE900" lastname="Thread-7" />
</exclusive-start>
<allocation-taxation id="368" taxation-threshold="24117248" timestamp="2019-07-02T20:10:56.923" intervalms="23.999" />
<cycle-start id="369" type="partial gc" contextid="0" timestamp="2019-07-02T20:10:56.923" intervalms="23.941" />
  <attribute name="GC Util" value="61" />
  <attribute name="CPU Util" value="80382873275994" />
  <attribute name="Time Running"value="1737"/>
  <attribute name="Number of cores"value="4"/>
<gc-start id="370" type="partial gc" contextid="369" timestamp="2019-07-02T20:10:56.923">
  <mem-info id="371" free="18874368" total="71303168" percent="26">
    <mem type="eden" free="0" total="24117248" percent="0" />
    <remembered-set count="13312" freebytes="2792960" totalbytes="2846208" percent="98" regionsoverflowed="0" regionsstable="1" regionsrebuilding="0"/>
  </mem-info>
</gc-start>
<allocation-stats totalBytes="24114000" >
  <allocated-bytes non-tlh="0" tlh="24114000" arrayletleaf="0"/>
  <largest-consumer threadName="Thread-10" threadId="0000000000E02500" bytes="7232552" />
</allocation-stats>
<gc-op id="372" type="copy forward" timems="1.977" contextid="369" timestamp="2019-07-02T20:10:56.926">
  <memory-copied type="eden" objects="4290" bytes="104192" bytesdiscarded="34168" />
  <memory-copied type="other" objects="28190" bytes="1226064" bytesdiscarded="68856" />
  <memory-cardclean objects="5323" bytes="276696" />
  <remembered-set-cleared processed="10535" cleared="3361" durationms="0.107" />
  <stringconstants candidates="4574" cleared="0"  />
</gc-op>
<gc-op id="373" type="classunload" timems="0.002" contextid="369" timestamp="2019-07-02T20:10:56.926">
  <classunload-info classloadercandidates="8" classloadersunloaded="0" classesunloaded="0" anonymousclassesunloaded="0" quiescems="0.000" setupms="0.002" scanms="0.000" postms="0.000" />
</gc-op>
<heap-resize id="374" type="expand" space="default" amount="2097152" count="1" timems="0.070" reason="excessive time being spent in gc" timestamp="2019-07-02T20:10:56.926" />
<gc-end id="375" type="partial gc" contextid="369" durationms="3.308" usertimems="4.000" systemtimems="0.000" timestamp="2019-07-02T20:10:56.926" activeThreads="4">
  <mem-info id="376" free="44040192" total="73400320" percent="60">
    <mem type="eden" free="910216" total="1048576" percent="86" />
    <remembered-set count="13088" freebytes="2877568" totalbytes="2929920" percent="98" regionsoverflowed="0" regionsstable="1" regionsrebuilding="0"/>
  </mem-info>
</gc-end>
<cycle-end id="377" type="partial gc" contextid="369" timestamp="2019-07-02T20:10:56.927">
  <attribute name="GC Util" value="79" />
  <attribute name="CPU Util" value="72286029114637" />
  <attribute name="Time Running"value="1761"/>
  <attribute name="Number of cores"value="4"/>
</cycle-end>
<exclusive-end id="378" timestamp="2019-07-02T20:10:56.927" durationms="5.235" />

<exclusive-start id="379" timestamp="2019-07-02T20:10:56.945" intervalms="23.776">
  <response-info timems="0.039" idlems="0.039" threads="0" lastid="0000000000DFE900" lastname="Thread-7" />
</exclusive-start>
<allocation-taxation id="380" taxation-threshold="25165824" timestamp="2019-07-02T20:10:56.946" intervalms="22.891" />
<cycle-start id="381" type="partial gc" contextid="0" timestamp="2019-07-02T20:10:56.946" intervalms="22.821" />
  <attribute name="GC Util" value="79" />
  <attribute name="CPU Util" value="72286029114637" />
  <attribute name="Time Running"value="1761"/>
  <attribute name="Number of cores"value="4"/>
<gc-start id="382" type="partial gc" contextid="381" timestamp="2019-07-02T20:10:56.946">
  <mem-info id="383" free="18874368" total="73400320" percent="25">
    <mem type="eden" free="0" total="25165824" percent="0" />
    <remembered-set count="12832" freebytes="2878592" totalbytes="2929920" percent="98" regionsoverflowed="0" regionsstable="1" regionsrebuilding="0"/>
  </mem-info>
</gc-start>
<allocation-stats totalBytes="25162696" >
  <allocated-bytes non-tlh="0" tlh="25162696" arrayletleaf="0"/>
  <largest-consumer threadName="Thread-10" threadId="0000000000E02500" bytes="8456976" />
</allocation-stats>
<gc-op id="384" type="copy forward" timems="1.715" contextid="381" timestamp="2019-07-02T20:10:56.948">
  <memory-copied type="eden" objects="3158" bytes="77256" bytesdiscarded="2664" />
  <memory-copied type="other" objects="22848" bytes="960480" bytesdiscarded="60168" />
  <memory-cardclean objects="3825" bytes="207576" />
  <remembered-set-cleared processed="9326" cleared="718" durationms="0.093" />
  <stringconstants candidates="4574" cleared="0"  />
</gc-op>
<gc-op id="385" type="classunload" timems="0.002" contextid="381" timestamp="2019-07-02T20:10:56.949">
  <classunload-info classloadercandidates="8" classloadersunloaded="0" classesunloaded="0" anonymousclassesunloaded="0" quiescems="0.000" setupms="0.002" scanms="0.000" postms="0.000" />
</gc-op>
<heap-resize id="386" type="expand" space="default" amount="3145728" count="1" timems="0.078" reason="excessive time being spent in gc" timestamp="2019-07-02T20:10:56.949" />
<gc-end id="387" type="partial gc" contextid="381" durationms="3.014" usertimems="8.000" systemtimems="0.000" timestamp="2019-07-02T20:10:56.949" activeThreads="4">
  <mem-info id="388" free="46137344" total="76546048" percent="60">
    <mem type="eden" free="968656" total="1048576" percent="92" />
    <remembered-set count="13696" freebytes="3000704" totalbytes="3055488" percent="98" regionsoverflowed="0" regionsstable="1" regionsrebuilding="0"/>
  </mem-info>
</gc-end>
<cycle-end id="389" type="partial gc" contextid="381" timestamp="2019-07-02T20:10:56.949">
  <attribute name="GC Util" value="49" />
  <attribute name="CPU Util" value="72262242895614" />
  <attribute name="Time Running"value="1783"/>
  <attribute name="Number of cores"value="4"/>
</cycle-end>
<exclusive-end id="390" timestamp="2019-07-02T20:10:56.949" durationms="3.876" />

<exclusive-start id="391" timestamp="2019-07-02T20:10:56.969" intervalms="23.264">
  <response-info timems="0.033" idlems="0.033" threads="0" lastid="0000000000E02500" lastname="Thread-10" />
</exclusive-start>
<allocation-taxation id="392" taxation-threshold="26214400" timestamp="2019-07-02T20:10:56.979" intervalms="33.450" />
<cycle-start id="393" type="partial gc" contextid="0" timestamp="2019-07-02T20:10:56.979" intervalms="33.691" />
  <attribute name="GC Util" value="49" />
  <attribute name="CPU Util" value="72262242895614" />
  <attribute name="Time Running"value="1783"/>
  <attribute name="Number of cores"value="4"/>
<gc-start id="394" type="partial gc" contextid="393" timestamp="2019-07-02T20:10:56.980">
  <mem-info id="395" free="19922944" total="76546048" percent="26">
    <mem type="eden" free="0" total="26214400" percent="0" />
    <remembered-set count="13312" freebytes="3002240" totalbytes="3055488" percent="98" regionsoverflowed="0" regionsstable="2" regionsrebuilding="0"/>
  </mem-info>
</gc-start>
<allocation-stats totalBytes="26211200" >
  <allocated-bytes non-tlh="0" tlh="26211200" arrayletleaf="0"/>
  <largest-consumer threadName="Thread-7" threadId="0000000000DFE900" bytes="7687184" />
</allocation-stats>
<gc-op id="396" type="copy forward" timems="1.766" contextid="393" timestamp="2019-07-02T20:10:56.982">
  <memory-copied type="eden" objects="3858" bytes="93560" bytesdiscarded="2472" />
  <memory-copied type="other" objects="21660" bytes="931968" bytesdiscarded="72584" />
  <memory-cardclean objects="4882" bytes="243336" />
  <remembered-set-cleared processed="10091" cleared="1671" durationms="0.100" />
  <stringconstants candidates="4574" cleared="0"  />
</gc-op>
<gc-op id="397" type="classunload" timems="0.004" contextid="393" timestamp="2019-07-02T20:10:56.982">
  <classunload-info classloadercandidates="8" classloadersunloaded="0" classesunloaded="0" anonymousclassesunloaded="0" quiescems="0.000" setupms="0.004" scanms="0.000" postms="0.000" />
</gc-op>
<heap-resize id="398" type="expand" space="default" amount="2097152" count="1" timems="0.071" reason="excessive time being spent in gc" timestamp="2019-07-02T20:10:56.982" />
<gc-end id="399" type="partial gc" contextid="393" durationms="2.958" usertimems="0.000" systemtimems="4.000" timestamp="2019-07-02T20:10:56.983" activeThreads="4">
  <mem-info id="400" free="47185920" total="78643200" percent="60">
    <mem type="eden" free="952544" total="1048576" percent="90" />
    <remembered-set count="13952" freebytes="3083392" totalbytes="3139200" percent="98" regionsoverflowed="0" regionsstable="2" regionsrebuilding="0"/>
  </mem-info>
</gc-end>
<cycle-end id="401" type="partial gc" contextid="393" timestamp="2019-07-02T20:10:56.983">
  <attribute name="GC Util" value="50" />
  <attribute name="CPU Util" value="73615305326410" />
  <attribute name="Time Running"value="1817"/>
  <attribute name="Number of cores"value="4"/>
</cycle-end>
<exclusive-end id="402" timestamp="2019-07-02T20:10:56.983" durationms="14.207" />

<exclusive-start id="403" timestamp="2019-07-02T20:10:57.003" intervalms="33.998">
  <response-info timems="0.029" idlems="0.029" threads="0" lastid="0000000000E02500" lastname="Thread-10" />
</exclusive-start>
<allocation-taxation id="404" taxation-threshold="26214400" timestamp="2019-07-02T20:10:57.003" intervalms="23.805" />
<cycle-start id="405" type="partial gc" contextid="0" timestamp="2019-07-02T20:10:57.003" intervalms="23.520" />
  <attribute name="GC Util" value="50" />
  <attribute name="CPU Util" value="73615305326410" />
  <attribute name="Time Running"value="1817"/>
  <attribute name="Number of cores"value="4"/>
<gc-start id="406" type="partial gc" contextid="405" timestamp="2019-07-02T20:10:57.003">
  <mem-info id="407" free="20971520" total="78643200" percent="26">
    <mem type="eden" free="0" total="26214400" percent="0" />
    <remembered-set count="13824" freebytes="3083904" totalbytes="3139200" percent="98" regionsoverflowed="0" regionsstable="2" regionsrebuilding="0"/>
  </mem-info>
</gc-start>
<allocation-stats totalBytes="26211304" >
  <allocated-bytes non-tlh="0" tlh="26211304" arrayletleaf="0"/>
  <largest-consumer threadName="Thread-7" threadId="0000000000DFE900" bytes="8105016" />
</allocation-stats>
<gc-op id="408" type="copy forward" timems="1.912" contextid="405" timestamp="2019-07-02T20:10:57.006">
  <memory-copied type="eden" objects="9026" bytes="355240" bytesdiscarded="8352" />
  <memory-copied type="other" objects="22468" bytes="951360" bytesdiscarded="74464" />
  <memory-cardclean objects="4462" bytes="223200" />
  <remembered-set-cleared processed="10842" cleared="2333" durationms="0.113" />
  <stringconstants candidates="4574" cleared="0"  />
</gc-op>
<gc-op id="409" type="classunload" timems="0.003" contextid="405" timestamp="2019-07-02T20:10:57.006">
  <classunload-info classloadercandidates="8" classloadersunloaded="0" classesunloaded="0" anonymousclassesunloaded="0" quiescems="0.000" setupms="0.002" scanms="0.000" postms="0.000" />
</gc-op>
<heap-resize id="410" type="expand" space="default" amount="3145728" count="1" timems="0.074" reason="excessive time being spent in gc" timestamp="2019-07-02T20:10:57.006" />
<gc-end id="411" type="partial gc" contextid="405" durationms="3.006" usertimems="0.000" systemtimems="4.000" timestamp="2019-07-02T20:10:57.006" activeThreads="4">
  <mem-info id="412" free="49283072" total="81788928" percent="60">
    <mem type="eden" free="684984" total="1048576" percent="65" />
    <remembered-set count="15136" freebytes="3204224" totalbytes="3264768" percent="98" regionsoverflowed="0" regionsstable="2" regionsrebuilding="0"/>
  </mem-info>
</gc-end>
<cycle-end id="413" type="partial gc" contextid="405" timestamp="2019-07-02T20:10:57.006">
  <attribute name="GC Util" value="72" />
  <attribute name="CPU Util" value="98202988953681" />
  <attribute name="Time Running"value="1840"/>
  <attribute name="Number of cores"value="4"/>
</cycle-end>
<exclusive-end id="414" timestamp="2019-07-02T20:10:57.006" durationms="3.807" />

<exclusive-start id="415" timestamp="2019-07-02T20:10:57.025" intervalms="22.025">
  <response-info timems="0.026" idlems="0.026" threads="0" lastid="0000000000DFE900" lastname="Thread-7" />
</exclusive-start>
<allocation-taxation id="416" taxation-threshold="27262976" timestamp="2019-07-02T20:10:57.025" intervalms="22.024" />
<cycle-start id="417" type="partial gc" contextid="0" timestamp="2019-07-02T20:10:57.025" intervalms="22.104" />
  <attribute name="GC Util" value="72" />
  <attribute name="CPU Util" value="98202988953681" />
  <attribute name="Time Running"value="1840"/>
  <attribute name="Number of cores"value="4"/>
<gc-start id="418" type="partial gc" contextid="417" timestamp="2019-07-02T20:10:57.025">
  <mem-info id="419" free="22020096" total="81788928" percent="26">
    <mem type="eden" free="0" total="27262976" percent="0" />
    <remembered-set count="15008" freebytes="3204736" totalbytes="3264768" percent="98" regionsoverflowed="0" regionsstable="2" regionsrebuilding="0"/>
  </mem-info>
</gc-start>
<allocation-stats totalBytes="27259672" >
  <allocated-bytes non-tlh="0" tlh="27259672" arrayletleaf="0"/>
  <largest-consumer threadName="Thread-7" threadId="0000000000DFE900" bytes="9100152" />
</allocation-stats>
<gc-op id="420" type="copy forward" timems="2.651" contextid="417" timestamp="2019-07-02T20:10:57.029">
  <memory-copied type="eden" objects="3662" bytes="88856" bytesdiscarded="8488" />
  <memory-copied type="other" objects="41342" bytes="2036016" bytesdiscarded="138640" />
  <memory-cardclean objects="7013" bytes="345120" />
  <remembered-set-cleared processed="11024" cleared="3396" durationms="0.100" />
  <finalization candidates="107" enqueued="0" />
  <ownableSynchronizers candidates="3" cleared="0" />
  <references type="soft" candidates="66" cleared="0" enqueued="0" dynamicThreshold="19" maxThreshold="32" />
  <references type="weak" candidates="594" cleared="0" enqueued="0" />
  <references type="phantom" candidates="13" cleared="0" enqueued="0" />
  <stringconstants candidates="4574" cleared="0"  />
</gc-op>
<gc-op id="421" type="classunload" timems="0.002" contextid="417" timestamp="2019-07-02T20:10:57.029">
  <classunload-info classloadercandidates="8" classloadersunloaded="0" classesunloaded="0" anonymousclassesunloaded="0" quiescems="0.000" setupms="0.002" scanms="0.000" postms="0.000" />
</gc-op>
<gc-end id="422" type="partial gc" contextid="417" durationms="3.748" usertimems="12.000" systemtimems="0.000" timestamp="2019-07-02T20:10:57.029" activeThreads="4">
  <mem-info id="423" free="50331648" total="81788928" percent="61">
    <mem type="eden" free="951232" total="1048576" percent="90" />
    <remembered-set count="15776" freebytes="3201664" totalbytes="3264768" percent="98" regionsoverflowed="0" regionsstable="2" regionsrebuilding="0"/>
  </mem-info>
</gc-end>
<cycle-end id="424" type="partial gc" contextid="417" timestamp="2019-07-02T20:10:57.029">
  <attribute name="GC Util" value="45" />
  <attribute name="CPU Util" value="71409054692398" />
  <attribute name="Time Running"value="1863"/>
  <attribute name="Number of cores"value="4"/>
</cycle-end>
<exclusive-end id="425" timestamp="2019-07-02T20:10:57.029" durationms="4.439" />

<exclusive-start id="426" timestamp="2019-07-02T20:10:57.050" intervalms="25.211">
  <response-info timems="0.041" idlems="0.041" threads="0" lastid="0000000000E02500" lastname="Thread-10" />
</exclusive-start>
<allocation-taxation id="427" taxation-threshold="27262976" timestamp="2019-07-02T20:10:57.050" intervalms="25.195" />
<cycle-start id="428" type="partial gc" contextid="0" timestamp="2019-07-02T20:10:57.050" intervalms="25.118" />
  <attribute name="GC Util" value="45" />
  <attribute name="CPU Util" value="71409054692398" />
  <attribute name="Time Running"value="1863"/>
  <attribute name="Number of cores"value="4"/>
<gc-start id="429" type="partial gc" contextid="428" timestamp="2019-07-02T20:10:57.050">
  <mem-info id="430" free="23068672" total="81788928" percent="28">
    <mem type="eden" free="0" total="27262976" percent="0" />
    <remembered-set count="15520" freebytes="3202688" totalbytes="3264768" percent="98" regionsoverflowed="0" regionsstable="2" regionsrebuilding="0"/>
  </mem-info>
</gc-start>
<allocation-stats totalBytes="27259720" >
  <allocated-bytes non-tlh="0" tlh="27259720" arrayletleaf="0"/>
  <largest-consumer threadName="Thread-7" threadId="0000000000DFE900" bytes="8678384" />
</allocation-stats>
<gc-op id="431" type="copy forward" timems="1.866" contextid="428" timestamp="2019-07-02T20:10:57.053">
  <memory-copied type="eden" objects="22696" bytes="957968" bytesdiscarded="65528" />
  <memory-copied type="other" objects="9113" bytes="356088" bytesdiscarded="22144" />
  <memory-cardclean objects="5908" bytes="311112" />
  <remembered-set-cleared processed="12119" cleared="3198" durationms="0.104" />
  <stringconstants candidates="4574" cleared="0"  />
</gc-op>
<gc-op id="432" type="classunload" timems="0.003" contextid="428" timestamp="2019-07-02T20:10:57.053">
  <classunload-info classloadercandidates="8" classloadersunloaded="0" classesunloaded="0" anonymousclassesunloaded="0" quiescems="0.000" setupms="0.002" scanms="0.000" postms="0.000" />
</gc-op>
<gc-end id="433" type="partial gc" contextid="428" durationms="2.914" usertimems="4.000" systemtimems="4.000" timestamp="2019-07-02T20:10:57.053" activeThreads="4">
  <mem-info id="434" free="49283072" total="81788928" percent="60">
    <mem type="eden" free="25080" total="1048576" percent="2" />
    <remembered-set count="15072" freebytes="3204480" totalbytes="3264768" percent="98" regionsoverflowed="0" regionsstable="2" regionsrebuilding="0"/>
  </mem-info>
</gc-end>
<cycle-end id="435" type="partial gc" contextid="428" timestamp="2019-07-02T20:10:57.053">
  <attribute name="GC Util" value="71" />
  <attribute name="CPU Util" value="76234405566649" />
  <attribute name="Time Running"value="1888"/>
  <attribute name="Number of cores"value="4"/>
</cycle-end>
<exclusive-end id="436" timestamp="2019-07-02T20:10:57.054" durationms="3.684" />

<exclusive-start id="437" timestamp="2019-07-02T20:10:57.073" intervalms="22.685">
  <response-info timems="0.033" idlems="0.033" threads="0" lastid="0000000000E02500" lastname="Thread-10" />
</exclusive-start>
<allocation-taxation id="438" taxation-threshold="27262976" timestamp="2019-07-02T20:10:57.073" intervalms="22.655" />
<cycle-start id="439" type="partial gc" contextid="0" timestamp="2019-07-02T20:10:57.073" intervalms="22.647" />
  <attribute name="GC Util" value="71" />
  <attribute name="CPU Util" value="76234405566649" />
  <attribute name="Time Running"value="1888"/>
  <attribute name="Number of cores"value="4"/>
<gc-start id="440" type="partial gc" contextid="439" timestamp="2019-07-02T20:10:57.073">
  <mem-info id="441" free="22020096" total="81788928" percent="26">
    <mem type="eden" free="0" total="27262976" percent="0" />
    <remembered-set count="14720" freebytes="3205888" totalbytes="3264768" percent="98" regionsoverflowed="0" regionsstable="2" regionsrebuilding="0"/>
  </mem-info>
</gc-start>
<allocation-stats totalBytes="27259528" >
  <allocated-bytes non-tlh="0" tlh="27259528" arrayletleaf="0"/>
  <largest-consumer threadName="Thread-10" threadId="0000000000E02500" bytes="7584736" />
</allocation-stats>
<gc-op id="442" type="copy forward" timems="1.955" contextid="439" timestamp="2019-07-02T20:10:57.075">
  <memory-copied type="eden" objects="15577" bytes="650144" bytesdiscarded="18480" />
  <memory-copied type="other" objects="15519" bytes="647208" bytesdiscarded="26232" />
  <memory-cardclean objects="3761" bytes="208320" />
  <remembered-set-cleared processed="11174" cleared="614" durationms="0.116" />
  <stringconstants candidates="4574" cleared="0"  />
</gc-op>
<gc-op id="443" type="classunload" timems="0.002" contextid="439" timestamp="2019-07-02T20:10:57.076">
  <classunload-info classloadercandidates="8" classloadersunloaded="0" classesunloaded="0" anonymousclassesunloaded="0" quiescems="0.000" setupms="0.002" scanms="0.000" postms="0.000" />
</gc-op>
<heap-resize id="444" type="expand" space="default" amount="2097152" count="1" timems="0.065" reason="excessive time being spent in gc" timestamp="2019-07-02T20:10:57.076" />
<gc-end id="445" type="partial gc" contextid="439" durationms="2.896" usertimems="4.000" systemtimems="0.000" timestamp="2019-07-02T20:10:57.076" activeThreads="4">
  <mem-info id="446" free="50331648" total="83886080" percent="60">
    <mem type="eden" free="379952" total="1048576" percent="36" />
    <remembered-set count="14912" freebytes="3288832" totalbytes="3348480" percent="98" regionsoverflowed="0" regionsstable="2" regionsrebuilding="0"/>
  </mem-info>
</gc-end>
<cycle-end id="447" type="partial gc" contextid="439" timestamp="2019-07-02T20:10:57.076">
  <attribute name="GC Util" value="60" />
  <attribute name="CPU Util" value="87797321599536" />
  <attribute name="Time Running"value="1910"/>
  <attribute name="Number of cores"value="4"/>
</cycle-end>
<exclusive-end id="448" timestamp="2019-07-02T20:10:57.076" durationms="3.516" />

<exclusive-start id="449" timestamp="2019-07-02T20:10:57.094" intervalms="21.542">
  <response-info timems="0.024" idlems="0.024" threads="0" lastid="0000000000DF7100" lastname="Thread-9" />
</exclusive-start>
<allocation-taxation id="450" taxation-threshold="27262976" timestamp="2019-07-02T20:10:57.094" intervalms="21.583" />
<cycle-start id="451" type="partial gc" contextid="0" timestamp="2019-07-02T20:10:57.094" intervalms="21.576" />
  <attribute name="GC Util" value="60" />
  <attribute name="CPU Util" value="87797321599536" />
  <attribute name="Time Running"value="1910"/>
  <attribute name="Number of cores"value="4"/>
<gc-start id="452" type="partial gc" contextid="451" timestamp="2019-07-02T20:10:57.094">
  <mem-info id="453" free="23068672" total="83886080" percent="27">
    <mem type="eden" free="0" total="27262976" percent="0" />
    <remembered-set count="14912" freebytes="3288832" totalbytes="3348480" percent="98" regionsoverflowed="0" regionsstable="2" regionsrebuilding="0"/>
  </mem-info>
</gc-start>
<allocation-stats totalBytes="27259704" >
  <allocated-bytes non-tlh="0" tlh="27259704" arrayletleaf="0"/>
  <largest-consumer threadName="Thread-9" threadId="0000000000DF7100" bytes="8371144" />
</allocation-stats>
<gc-op id="454" type="copy forward" timems="1.673" contextid="451" timestamp="2019-07-02T20:10:57.097">
  <memory-copied type="eden" objects="8429" bytes="341224" bytesdiscarded="24456" />
  <memory-copied type="other" objects="21534" bytes="928944" bytesdiscarded="97752" />
  <memory-cardclean objects="3690" bytes="186144" />
  <remembered-set-cleared processed="11365" cleared="805" durationms="0.100" />
  <stringconstants candidates="4574" cleared="0"  />
</gc-op>
<gc-op id="455" type="classunload" timems="0.001" contextid="451" timestamp="2019-07-02T20:10:57.097">
  <classunload-info classloadercandidates="8" classloadersunloaded="0" classesunloaded="0" anonymousclassesunloaded="0" quiescems="0.000" setupms="0.001" scanms="0.000" postms="0.000" />
</gc-op>
<heap-resize id="456" type="expand" space="default" amount="3145728" count="1" timems="0.065" reason="excessive time being spent in gc" timestamp="2019-07-02T20:10:57.097" />
<gc-end id="457" type="partial gc" contextid="451" durationms="2.515" usertimems="4.000" systemtimems="0.000" timestamp="2019-07-02T20:10:57.097" activeThreads="4">
  <mem-info id="458" free="52428800" total="87031808" percent="60">
    <mem type="eden" free="682896" total="1048576" percent="65" />
    <remembered-set count="15424" freebytes="3412352" totalbytes="3474048" percent="98" regionsoverflowed="0" regionsstable="2" regionsrebuilding="0"/>
  </mem-info>
</gc-end>
<cycle-end id="459" type="partial gc" contextid="451" timestamp="2019-07-02T20:10:57.097">
  <attribute name="GC Util" value="69" />
  <attribute name="CPU Util" value="111689466953138" />
  <attribute name="Time Running"value="1932"/>
  <attribute name="Number of cores"value="4"/>
</cycle-end>
<exclusive-end id="460" timestamp="2019-07-02T20:10:57.097" durationms="3.012" />

<exclusive-start id="461" timestamp="2019-07-02T20:10:57.117" intervalms="22.409">
  <response-info timems="0.023" idlems="0.023" threads="0" lastid="0000000000DFAD00" lastname="Thread-8" />
</exclusive-start>
<allocation-taxation id="462" taxation-threshold="28311552" timestamp="2019-07-02T20:10:57.117" intervalms="22.430" />
<cycle-start id="463" type="partial gc" contextid="0" timestamp="2019-07-02T20:10:57.117" intervalms="22.442" />
  <attribute name="GC Util" value="69" />
  <attribute name="CPU Util" value="111689466953138" />
  <attribute name="Time Running"value="1932"/>
  <attribute name="Number of cores"value="4"/>
<gc-start id="464" type="partial gc" contextid="463" timestamp="2019-07-02T20:10:57.117">
  <mem-info id="465" free="24117248" total="87031808" percent="27">
    <mem type="eden" free="0" total="28311552" percent="0" />
    <remembered-set count="15136" freebytes="3413504" totalbytes="3474048" percent="98" regionsoverflowed="0" regionsstable="2" regionsrebuilding="0"/>
  </mem-info>
</gc-start>
<allocation-stats totalBytes="28307840" >
  <allocated-bytes non-tlh="0" tlh="28307840" arrayletleaf="0"/>
  <largest-consumer threadName="Thread-9" threadId="0000000000DF7100" bytes="8198920" />
</allocation-stats>
<gc-op id="466" type="copy forward" timems="1.911" contextid="463" timestamp="2019-07-02T20:10:57.119">
  <memory-copied type="eden" objects="2221" bytes="54856" bytesdiscarded="15864" />
  <memory-copied type="other" objects="20565" bytes="905688" bytesdiscarded="48528" />
  <memory-cardclean objects="2801" bytes="158400" />
  <remembered-set-cleared processed="11894" cleared="562" durationms="0.115" />
  <stringconstants candidates="4574" cleared="0"  />
</gc-op>
<gc-op id="467" type="classunload" timems="0.002" contextid="463" timestamp="2019-07-02T20:10:57.119">
  <classunload-info classloadercandidates="8" classloadersunloaded="0" classesunloaded="0" anonymousclassesunloaded="0" quiescems="0.000" setupms="0.002" scanms="0.000" postms="0.000" />
</gc-op>
<heap-resize id="468" type="expand" space="default" amount="2097152" count="1" timems="0.057" reason="excessive time being spent in gc" timestamp="2019-07-02T20:10:57.120" />
<gc-end id="469" type="partial gc" contextid="463" durationms="2.795" usertimems="4.000" systemtimems="0.000" timestamp="2019-07-02T20:10:57.120" activeThreads="4">
  <mem-info id="470" free="53477376" total="89128960" percent="60">
    <mem type="eden" free="977856" total="1048576" percent="93" />
    <remembered-set count="15776" freebytes="3494656" totalbytes="3557760" percent="98" regionsoverflowed="0" regionsstable="2" regionsrebuilding="0"/>
  </mem-info>
</gc-end>
<cycle-end id="471" type="partial gc" contextid="463" timestamp="2019-07-02T20:10:57.120">
  <attribute name="GC Util" value="58" />
  <attribute name="CPU Util" value="101620396256896" />
  <attribute name="Time Running"value="1954"/>
  <attribute name="Number of cores"value="4"/>
</cycle-end>
<exclusive-end id="472" timestamp="2019-07-02T20:10:57.120" durationms="3.354" />

<exclusive-start id="473" timestamp="2019-07-02T20:10:57.140" intervalms="23.534">
  <response-info timems="0.024" idlems="0.024" threads="0" lastid="0000000000DFAD00" lastname="Thread-8" />
</exclusive-start>
<allocation-taxation id="474" taxation-threshold="28311552" timestamp="2019-07-02T20:10:57.140" intervalms="23.522" />
<cycle-start id="475" type="partial gc" contextid="0" timestamp="2019-07-02T20:10:57.140" intervalms="23.517" />
  <attribute name="GC Util" value="58" />
  <attribute name="CPU Util" value="101620396256896" />
  <attribute name="Time Running"value="1954"/>
  <attribute name="Number of cores"value="4"/>
<gc-start id="476" type="partial gc" contextid="475" timestamp="2019-07-02T20:10:57.140">
  <mem-info id="477" free="25165824" total="89128960" percent="28">
    <mem type="eden" free="0" total="28311552" percent="0" />
    <remembered-set count="15648" freebytes="3495168" totalbytes="3557760" percent="98" regionsoverflowed="0" regionsstable="2" regionsrebuilding="0"/>
  </mem-info>
</gc-start>
<allocation-stats totalBytes="28307984" >
  <allocated-bytes non-tlh="0" tlh="28307984" arrayletleaf="0"/>
  <largest-consumer threadName="Thread-9" threadId="0000000000DF7100" bytes="8260680" />
</allocation-stats>
<gc-op id="478" type="copy forward" timems="1.466" contextid="475" timestamp="2019-07-02T20:10:57.142">
  <memory-copied type="eden" objects="1977" bytes="48776" bytesdiscarded="2384" />
  <memory-copied type="other" objects="10960" bytes="400416" bytesdiscarded="32720" />
  <memory-cardclean objects="8349" bytes="466800" />
  <remembered-set-cleared processed="12227" cleared="1416" durationms="0.106" />
  <stringconstants candidates="4574" cleared="0"  />
</gc-op>
<gc-op id="479" type="classunload" timems="0.002" contextid="475" timestamp="2019-07-02T20:10:57.142">
  <classunload-info classloadercandidates="8" classloadersunloaded="0" classesunloaded="0" anonymousclassesunloaded="0" quiescems="0.000" setupms="0.002" scanms="0.000" postms="0.000" />
</gc-op>
<heap-resize id="480" type="expand" space="default" amount="3145728" count="1" timems="0.063" reason="excessive time being spent in gc" timestamp="2019-07-02T20:10:57.143" />
<gc-end id="481" type="partial gc" contextid="475" durationms="2.331" usertimems="4.000" systemtimems="0.000" timestamp="2019-07-02T20:10:57.143" activeThreads="4">
  <mem-info id="482" free="55574528" total="92274688" percent="60">
    <mem type="eden" free="997416" total="1048576" percent="95" />
    <remembered-set count="17280" freebytes="3614208" totalbytes="3683328" percent="98" regionsoverflowed="0" regionsstable="2" regionsrebuilding="0"/>
  </mem-info>
</gc-end>
<cycle-end id="483" type="partial gc" contextid="475" timestamp="2019-07-02T20:10:57.143">
  <attribute name="GC Util" value="72" />
  <attribute name="CPU Util" value="112407493025442" />
  <attribute name="Time Running"value="1978"/>
  <attribute name="Number of cores"value="4"/>
</cycle-end>
<exclusive-end id="484" timestamp="2019-07-02T20:10:57.143" durationms="2.873" />

<exclusive-start id="485" timestamp="2019-07-02T20:10:57.164" intervalms="23.780">
  <response-info timems="0.030" idlems="0.030" threads="0" lastid="0000000000DF7100" lastname="Thread-9" />
</exclusive-start>
<allocation-taxation id="486" taxation-threshold="29360128" timestamp="2019-07-02T20:10:57.164" intervalms="23.733" />
<cycle-start id="487" type="partial gc" contextid="0" timestamp="2019-07-02T20:10:57.164" intervalms="23.725" />
  <attribute name="GC Util" value="72" />
  <attribute name="CPU Util" value="112407493025442" />
  <attribute name="Time Running"value="1978"/>
  <attribute name="Number of cores"value="4"/>
<gc-start id="488" type="partial gc" contextid="487" timestamp="2019-07-02T20:10:57.164">
  <mem-info id="489" free="26214400" total="92274688" percent="28">
    <mem type="eden" free="0" total="29360128" percent="0" />
    <remembered-set count="16928" freebytes="3615616" totalbytes="3683328" percent="98" regionsoverflowed="0" regionsstable="2" regionsrebuilding="0"/>
  </mem-info>
</gc-start>
<allocation-stats totalBytes="29356768" >
  <allocated-bytes non-tlh="0" tlh="29356768" arrayletleaf="0"/>
  <largest-consumer threadName="Thread-9" threadId="0000000000DF7100" bytes="7674992" />
</allocation-stats>
<gc-op id="490" type="copy forward" timems="1.459" contextid="487" timestamp="2019-07-02T20:10:57.166">
  <memory-copied type="eden" objects="2152" bytes="52960" bytesdiscarded="1408" />
  <memory-copied type="other" objects="14186" bytes="615216" bytesdiscarded="48696" />
  <memory-cardclean objects="5014" bytes="264624" />
  <remembered-set-cleared processed="12984" cleared="1471" durationms="0.105" />
  <stringconstants candidates="4574" cleared="0"  />
</gc-op>
<gc-op id="491" type="classunload" timems="0.002" contextid="487" timestamp="2019-07-02T20:10:57.166">
  <classunload-info classloadercandidates="8" classloadersunloaded="0" classesunloaded="0" anonymousclassesunloaded="0" quiescems="0.000" setupms="0.002" scanms="0.000" postms="0.000" />
</gc-op>
<gc-end id="492" type="partial gc" contextid="487" durationms="2.215" usertimems="4.000" systemtimems="0.000" timestamp="2019-07-02T20:10:57.166" activeThreads="4">
  <mem-info id="493" free="54525952" total="92274688" percent="59">
    <mem type="eden" free="994208" total="1048576" percent="94" />
    <remembered-set count="18016" freebytes="3611264" totalbytes="3683328" percent="98" regionsoverflowed="0" regionsstable="2" regionsrebuilding="0"/>
  </mem-info>
</gc-end>
<cycle-end id="494" type="partial gc" contextid="487" timestamp="2019-07-02T20:10:57.166">
  <attribute name="GC Util" value="59" />
  <attribute name="CPU Util" value="94128047199776" />
  <attribute name="Time Running"value="2001"/>
  <attribute name="Number of cores"value="4"/>
</cycle-end>
<exclusive-end id="495" timestamp="2019-07-02T20:10:57.167" durationms="2.668" />

<exclusive-start id="496" timestamp="2019-07-02T20:10:57.188" intervalms="23.753">
  <response-info timems="0.031" idlems="0.031" threads="0" lastid="0000000000E02500" lastname="Thread-10" />
</exclusive-start>
<allocation-taxation id="497" taxation-threshold="29360128" timestamp="2019-07-02T20:10:57.188" intervalms="23.759" />
<cycle-start id="498" type="partial gc" contextid="0" timestamp="2019-07-02T20:10:57.188" intervalms="23.766" />
  <attribute name="GC Util" value="59" />
  <attribute name="CPU Util" value="94128047199776" />
  <attribute name="Time Running"value="2001"/>
  <attribute name="Number of cores"value="4"/>
<gc-start id="499" type="partial gc" contextid="498" timestamp="2019-07-02T20:10:57.188">
  <mem-info id="500" free="25165824" total="92274688" percent="27">
    <mem type="eden" free="0" total="29360128" percent="0" />
    <remembered-set count="17728" freebytes="3612416" totalbytes="3683328" percent="98" regionsoverflowed="0" regionsstable="2" regionsrebuilding="0"/>
  </mem-info>
</gc-start>
<allocation-stats totalBytes="29356552" >
  <allocated-bytes non-tlh="0" tlh="29356552" arrayletleaf="0"/>
  <largest-consumer threadName="Thread-10" threadId="0000000000E02500" bytes="7617664" />
</allocation-stats>
<gc-op id="501" type="copy forward" timems="1.242" contextid="498" timestamp="2019-07-02T20:10:57.190">
  <memory-copied type="eden" objects="2323" bytes="57032" bytesdiscarded="2672" />
  <memory-copied type="other" objects="1889" bytes="45336" bytesdiscarded="1432" />
  <memory-cardclean objects="6698" bytes="341376" />
  <remembered-set-cleared processed="13821" cleared="794" durationms="0.111" />
  <stringconstants candidates="4574" cleared="0"  />
</gc-op>
<gc-op id="502" type="classunload" timems="0.002" contextid="498" timestamp="2019-07-02T20:10:57.190">
  <classunload-info classloadercandidates="8" classloadersunloaded="0" classesunloaded="0" anonymousclassesunloaded="0" quiescems="0.000" setupms="0.001" scanms="0.000" postms="0.000" />
</gc-op>
<gc-end id="503" type="partial gc" contextid="498" durationms="1.962" usertimems="4.000" systemtimems="0.000" timestamp="2019-07-02T20:10:57.190" activeThreads="4">
  <mem-info id="504" free="53477376" total="92274688" percent="57">
    <mem type="eden" free="988872" total="1048576" percent="94" />
    <remembered-set count="17152" freebytes="3614720" totalbytes="3683328" percent="98" regionsoverflowed="0" regionsstable="2" regionsrebuilding="0"/>
  </mem-info>
</gc-end>
<cycle-end id="505" type="partial gc" contextid="498" timestamp="2019-07-02T20:10:57.190">
  <attribute name="GC Util" value="68" />
  <attribute name="CPU Util" value="112252219879799" />
  <attribute name="Time Running"value="2025"/>
  <attribute name="Number of cores"value="4"/>
</cycle-end>
<exclusive-end id="506" timestamp="2019-07-02T20:10:57.190" durationms="2.446" />

<exclusive-start id="507" timestamp="2019-07-02T20:10:57.211" intervalms="23.497">
  <response-info timems="0.122" idlems="0.071" threads="1" lastid="0000000000E02500" lastname="Thread-10" />
</exclusive-start>
<allocation-taxation id="508" taxation-threshold="29360128" timestamp="2019-07-02T20:10:57.211" intervalms="23.527" />
<cycle-start id="509" type="partial gc" contextid="0" timestamp="2019-07-02T20:10:57.211" intervalms="23.564" />
  <attribute name="GC Util" value="68" />
  <attribute name="CPU Util" value="112252219879799" />
  <attribute name="Time Running"value="2025"/>
  <attribute name="Number of cores"value="4"/>
<gc-start id="510" type="partial gc" contextid="509" timestamp="2019-07-02T20:10:57.211">
  <mem-info id="511" free="24117248" total="92274688" percent="26">
    <mem type="eden" free="0" total="29360128" percent="0" />
    <remembered-set count="17088" freebytes="3614976" totalbytes="3683328" percent="98" regionsoverflowed="0" regionsstable="2" regionsrebuilding="0"/>
  </mem-info>
</gc-start>
<allocation-stats totalBytes="29356544" >
  <allocated-bytes non-tlh="0" tlh="29356544" arrayletleaf="0"/>
  <largest-consumer threadName="Thread-8" threadId="0000000000DFAD00" bytes="7564384" />
</allocation-stats>
<gc-op id="512" type="copy forward" timems="1.323" contextid="509" timestamp="2019-07-02T20:10:57.213">
  <memory-copied type="eden" objects="2207" bytes="53896" bytesdiscarded="2008" />
  <memory-copied type="other" objects="2072" bytes="49728" bytesdiscarded="768" />
  <memory-cardclean objects="6853" bytes="329856" />
  <remembered-set-cleared processed="14444" cleared="752" durationms="0.107" />
  <stringconstants candidates="4574" cleared="0"  />
</gc-op>
<gc-op id="513" type="classunload" timems="0.002" contextid="509" timestamp="2019-07-02T20:10:57.213">
  <classunload-info classloadercandidates="8" classloadersunloaded="0" classesunloaded="0" anonymousclassesunloaded="0" quiescems="0.000" setupms="0.002" scanms="0.000" postms="0.000" />
</gc-op>
<gc-end id="514" type="partial gc" contextid="509" durationms="2.076" usertimems="0.000" systemtimems="4.000" timestamp="2019-07-02T20:10:57.214" activeThreads="4">
  <mem-info id="515" free="52428800" total="92274688" percent="56">
    <mem type="eden" free="992672" total="1048576" percent="94" />
    <remembered-set count="17888" freebytes="3611776" totalbytes="3683328" percent="98" regionsoverflowed="0" regionsstable="2" regionsrebuilding="0"/>
  </mem-info>
</gc-end>
<cycle-end id="516" type="partial gc" contextid="509" timestamp="2019-07-02T20:10:57.214">
  <attribute name="GC Util" value="58" />
  <attribute name="CPU Util" value="92752205072031" />
  <attribute name="Time Running"value="2049"/>
  <attribute name="Number of cores"value="4"/>
</cycle-end>
<exclusive-end id="517" timestamp="2019-07-02T20:10:57.214" durationms="2.610" />

<exclusive-start id="518" timestamp="2019-07-02T20:10:57.234" intervalms="23.309">
  <response-info timems="0.026" idlems="0.026" threads="0" lastid="0000000000DFE900" lastname="Thread-7" />
</exclusive-start>
<allocation-taxation id="519" taxation-threshold="29360128" timestamp="2019-07-02T20:10:57.235" intervalms="23.369" />
<cycle-start id="520" type="partial gc" contextid="0" timestamp="2019-07-02T20:10:57.235" intervalms="23.389" />
  <attribute name="GC Util" value="58" />
  <attribute name="CPU Util" value="92752205072031" />
  <attribute name="Time Running"value="2049"/>
  <attribute name="Number of cores"value="4"/>
<gc-start id="521" type="partial gc" contextid="520" timestamp="2019-07-02T20:10:57.235">
  <mem-info id="522" free="23068672" total="92274688" percent="25">
    <mem type="eden" free="0" total="29360128" percent="0" />
    <remembered-set count="17888" freebytes="3611776" totalbytes="3683328" percent="98" regionsoverflowed="0" regionsstable="2" regionsrebuilding="0"/>
  </mem-info>
</gc-start>
<allocation-stats totalBytes="29356392" >
  <allocated-bytes non-tlh="0" tlh="29356392" arrayletleaf="0"/>
  <largest-consumer threadName="Thread-9" threadId="0000000000DF7100" bytes="7842680" />
</allocation-stats>
<gc-op id="523" type="copy forward" timems="1.804" contextid="520" timestamp="2019-07-02T20:10:57.237">
  <memory-copied type="eden" objects="11055" bytes="477160" bytesdiscarded="45272" />
  <memory-copied type="other" objects="14522" bytes="623280" bytesdiscarded="85448" />
  <memory-cardclean objects="5008" bytes="253296" />
  <remembered-set-cleared processed="14822" cleared="2508" durationms="0.124" />
  <stringconstants candidates="4574" cleared="0"  />
</gc-op>
<gc-op id="524" type="classunload" timems="0.003" contextid="520" timestamp="2019-07-02T20:10:57.237">
  <classunload-info classloadercandidates="8" classloadersunloaded="0" classesunloaded="0" anonymousclassesunloaded="0" quiescems="0.000" setupms="0.002" scanms="0.000" postms="0.000" />
</gc-op>
<gc-end id="525" type="partial gc" contextid="520" durationms="2.607" usertimems="0.000" systemtimems="4.000" timestamp="2019-07-02T20:10:57.238" activeThreads="4">
  <mem-info id="526" free="51380224" total="92274688" percent="55">
    <mem type="eden" free="526144" total="1048576" percent="50" />
    <remembered-set count="20000" freebytes="3603328" totalbytes="3683328" percent="97" regionsoverflowed="0" regionsstable="2" regionsrebuilding="0"/>
  </mem-info>
</gc-end>
<cycle-end id="527" type="partial gc" contextid="520" timestamp="2019-07-02T20:10:57.238">
  <attribute name="GC Util" value="70" />
  <attribute name="CPU Util" value="108871456176698" />
  <attribute name="Time Running"value="2072"/>
  <attribute name="Number of cores"value="4"/>
</cycle-end>
<exclusive-end id="528" timestamp="2019-07-02T20:10:57.238" durationms="3.287" />

<exclusive-start id="529" timestamp="2019-07-02T20:10:57.252" intervalms="18.002">
  <response-info timems="0.022" idlems="0.022" threads="0" lastid="0000000000DFAD00" lastname="Thread-8" />
</exclusive-start>
<allocation-taxation id="530" taxation-threshold="29360128" timestamp="2019-07-02T20:10:57.253" intervalms="17.943" />
<cycle-start id="531" type="partial gc" contextid="0" timestamp="2019-07-02T20:10:57.253" intervalms="17.967" />
  <attribute name="GC Util" value="70" />
  <attribute name="CPU Util" value="108871456176698" />
  <attribute name="Time Running"value="2072"/>
  <attribute name="Number of cores"value="4"/>
<gc-start id="532" type="partial gc" contextid="531" timestamp="2019-07-02T20:10:57.253">
  <mem-info id="533" free="22020096" total="92274688" percent="23">
    <mem type="eden" free="0" total="29360128" percent="0" />
    <remembered-set count="19616" freebytes="3604864" totalbytes="3683328" percent="97" regionsoverflowed="0" regionsstable="2" regionsrebuilding="0"/>
  </mem-info>
</gc-start>
<allocation-stats totalBytes="29356800" >
  <allocated-bytes non-tlh="0" tlh="29356800" arrayletleaf="0"/>
  <largest-consumer threadName="Thread-9" threadId="0000000000DF7100" bytes="8670344" />
</allocation-stats>
<gc-op id="534" type="copy forward" timems="1.823" contextid="531" timestamp="2019-07-02T20:10:57.255">
  <memory-copied type="eden" objects="13646" bytes="529728" bytesdiscarded="25496" />
  <memory-copied type="other" objects="17861" bytes="777048" bytesdiscarded="67040" />
  <memory-cardclean objects="3669" bytes="189192" />
  <remembered-set-cleared processed="15463" cleared="2905" durationms="0.113" />
  <stringconstants candidates="4574" cleared="0"  />
</gc-op>
<gc-op id="535" type="classunload" timems="0.002" contextid="531" timestamp="2019-07-02T20:10:57.255">
  <classunload-info classloadercandidates="8" classloadersunloaded="0" classesunloaded="0" anonymousclassesunloaded="0" quiescems="0.000" setupms="0.002" scanms="0.000" postms="0.000" />
</gc-op>
<gc-end id="536" type="partial gc" contextid="531" durationms="2.762" usertimems="4.000" systemtimems="0.000" timestamp="2019-07-02T20:10:57.256" activeThreads="4">
  <mem-info id="537" free="50331648" total="92274688" percent="54">
    <mem type="eden" free="493352" total="1048576" percent="47" />
    <remembered-set count="19264" freebytes="3606272" totalbytes="3683328" percent="97" regionsoverflowed="0" regionsstable="2" regionsrebuilding="0"/>
  </mem-info>
</gc-end>
<cycle-end id="538" type="partial gc" contextid="531" timestamp="2019-07-02T20:10:57.256">
  <attribute name="GC Util" value="53" />
  <attribute name="CPU Util" value="81660700981463" />
  <attribute name="Time Running"value="2090"/>
  <attribute name="Number of cores"value="4"/>
</cycle-end>
<exclusive-end id="539" timestamp="2019-07-02T20:10:57.256" durationms="3.446" />

<exclusive-start id="540" timestamp="2019-07-02T20:10:57.271" intervalms="18.245">
  <response-info timems="0.024" idlems="0.024" threads="0" lastid="0000000000DFAD00" lastname="Thread-8" />
</exclusive-start>
<allocation-taxation id="541" taxation-threshold="29360128" timestamp="2019-07-02T20:10:57.271" intervalms="18.253" />
<cycle-start id="542" type="partial gc" contextid="0" timestamp="2019-07-02T20:10:57.271" intervalms="18.270" />
  <attribute name="GC Util" value="53" />
  <attribute name="CPU Util" value="81660700981463" />
  <attribute name="Time Running"value="2090"/>
  <attribute name="Number of cores"value="4"/>
<gc-start id="543" type="partial gc" contextid="542" timestamp="2019-07-02T20:10:57.271">
  <mem-info id="544" free="20971520" total="92274688" percent="22">
    <mem type="eden" free="0" total="29360128" percent="0" />
    <remembered-set count="18848" freebytes="3607936" totalbytes="3683328" percent="97" regionsoverflowed="0" regionsstable="2" regionsrebuilding="0"/>
  </mem-info>
</gc-start>
<allocation-stats totalBytes="29356560" >
  <allocated-bytes non-tlh="0" tlh="29356560" arrayletleaf="0"/>
  <largest-consumer threadName="Thread-7" threadId="0000000000DFE900" bytes="8457216" />
</allocation-stats>
<gc-op id="545" type="copy forward" timems="1.553" contextid="542" timestamp="2019-07-02T20:10:57.273">
  <memory-copied type="eden" objects="7610" bytes="321648" bytesdiscarded="33648" />
  <memory-copied type="other" objects="15805" bytes="654072" bytesdiscarded="56016" />
  <memory-cardclean objects="3715" bytes="206184" />
  <remembered-set-cleared processed="14887" cleared="990" durationms="0.106" />
  <stringconstants candidates="4574" cleared="0"  />
</gc-op>
<gc-op id="546" type="classunload" timems="0.002" contextid="542" timestamp="2019-07-02T20:10:57.274">
  <classunload-info classloadercandidates="8" classloadersunloaded="0" classesunloaded="0" anonymousclassesunloaded="0" quiescems="0.000" setupms="0.002" scanms="0.000" postms="0.000" />
</gc-op>
<heap-resize id="547" type="expand" space="default" amount="15728640" count="1" timems="0.146" reason="excessive time being spent in gc" timestamp="2019-07-02T20:10:57.274" />
<gc-end id="548" type="partial gc" contextid="542" durationms="2.726" usertimems="4.000" systemtimems="0.000" timestamp="2019-07-02T20:10:57.274" activeThreads="4">
  <mem-info id="549" free="65011712" total="108003328" percent="60">
    <mem type="eden" free="693280" total="1048576" percent="66" />
    <remembered-set count="19264" freebytes="4234112" totalbytes="4311168" percent="98" regionsoverflowed="0" regionsstable="2" regionsrebuilding="0"/>
  </mem-info>
</gc-end>
<cycle-end id="550" type="partial gc" contextid="542" timestamp="2019-07-02T20:10:57.274">
  <attribute name="GC Util" value="54" />
  <attribute name="CPU Util" value="89514276517582" />
  <attribute name="Time Running"value="2108"/>
  <attribute name="Number of cores"value="4"/>
</cycle-end>
<exclusive-end id="551" timestamp="2019-07-02T20:10:57.274" durationms="3.432" />

<exclusive-start id="552" timestamp="2019-07-02T20:10:57.291" intervalms="20.644">
  <response-info timems="0.024" idlems="0.024" threads="0" lastid="0000000000DFAD00" lastname="Thread-8" />
</exclusive-start>
<allocation-taxation id="553" taxation-threshold="33554432" timestamp="2019-07-02T20:10:57.291" intervalms="20.652" />
<cycle-start id="554" type="partial gc" contextid="0" timestamp="2019-07-02T20:10:57.292" intervalms="20.640" />
  <attribute name="GC Util" value="54" />
  <attribute name="CPU Util" value="89514276517582" />
  <attribute name="Time Running"value="2108"/>
  <attribute name="Number of cores"value="4"/>
<gc-start id="555" type="partial gc" contextid="554" timestamp="2019-07-02T20:10:57.292">
  <mem-info id="556" free="31457280" total="108003328" percent="29">
    <mem type="eden" free="0" total="33554432" percent="0" />
    <remembered-set count="19104" freebytes="4234752" totalbytes="4311168" percent="98" regionsoverflowed="0" regionsstable="2" regionsrebuilding="0"/>
  </mem-info>
</gc-start>
<allocation-stats totalBytes="33550792" >
  <allocated-bytes non-tlh="0" tlh="33550792" arrayletleaf="0"/>
  <largest-consumer threadName="Thread-10" threadId="0000000000E02500" bytes="9718792" />
</allocation-stats>
<gc-op id="557" type="copy forward" timems="1.599" contextid="554" timestamp="2019-07-02T20:10:57.294">
  <memory-copied type="eden" objects="9510" bytes="367152" bytesdiscarded="37136" />
  <memory-copied type="other" objects="7287" bytes="312264" bytesdiscarded="9760" />
  <memory-cardclean objects="6877" bytes="372768" />
  <remembered-set-cleared processed="15588" cleared="536" durationms="0.111" />
  <stringconstants candidates="4574" cleared="0"  />
</gc-op>
<gc-op id="558" type="classunload" timems="0.002" contextid="554" timestamp="2019-07-02T20:10:57.294">
  <classunload-info classloadercandidates="8" classloadersunloaded="0" classesunloaded="0" anonymousclassesunloaded="0" quiescems="0.000" setupms="0.002" scanms="0.000" postms="0.000" />
</gc-op>
<heap-resize id="559" type="expand" space="default" amount="2097152" count="1" timems="0.069" reason="excessive time being spent in gc" timestamp="2019-07-02T20:10:57.294" />
<gc-end id="560" type="partial gc" contextid="554" durationms="2.672" usertimems="4.000" systemtimems="4.000" timestamp="2019-07-02T20:10:57.294" activeThreads="4">
  <mem-info id="561" free="66060288" total="110100480" percent="60">
    <mem type="eden" free="644288" total="1048576" percent="61" />
    <remembered-set count="20608" freebytes="4312448" totalbytes="4394880" percent="98" regionsoverflowed="0" regionsstable="2" regionsrebuilding="0"/>
  </mem-info>
</gc-end>
<cycle-end id="562" type="partial gc" contextid="554" timestamp="2019-07-02T20:10:57.295">
  <attribute name="GC Util" value="46" />
  <attribute name="CPU Util" value="76988785812901" />
  <attribute name="Time Running"value="2129"/>
  <attribute name="Number of cores"value="4"/>
</cycle-end>
<exclusive-end id="563" timestamp="2019-07-02T20:10:57.295" durationms="3.340" />

<exclusive-start id="564" timestamp="2019-07-02T20:10:57.312" intervalms="20.670">
  <response-info timems="0.033" idlems="0.033" threads="0" lastid="0000000000DFAD00" lastname="Thread-8" />
</exclusive-start>
<allocation-taxation id="565" taxation-threshold="33554432" timestamp="2019-07-02T20:10:57.312" intervalms="20.646" />
<cycle-start id="566" type="partial gc" contextid="0" timestamp="2019-07-02T20:10:57.312" intervalms="20.656" />
  <attribute name="GC Util" value="46" />
  <attribute name="CPU Util" value="76988785812901" />
  <attribute name="Time Running"value="2129"/>
  <attribute name="Number of cores"value="4"/>
<gc-start id="567" type="partial gc" contextid="566" timestamp="2019-07-02T20:10:57.312">
  <mem-info id="568" free="32505856" total="110100480" percent="29">
    <mem type="eden" free="0" total="33554432" percent="0" />
    <remembered-set count="20608" freebytes="4312448" totalbytes="4394880" percent="98" regionsoverflowed="0" regionsstable="2" regionsrebuilding="0"/>
  </mem-info>
</gc-start>
<allocation-stats totalBytes="33550464" >
  <allocated-bytes non-tlh="0" tlh="33550464" arrayletleaf="0"/>
  <largest-consumer threadName="Thread-10" threadId="0000000000E02500" bytes="9907056" />
</allocation-stats>
<gc-op id="569" type="copy forward" timems="1.546" contextid="566" timestamp="2019-07-02T20:10:57.315">
  <memory-copied type="eden" objects="6733" bytes="300288" bytesdiscarded="17144" />
  <memory-copied type="other" objects="17991" bytes="706536" bytesdiscarded="65992" />
  <memory-cardclean objects="5141" bytes="278856" />
  <remembered-set-cleared processed="15649" cleared="1799" durationms="0.103" />
  <stringconstants candidates="4574" cleared="0"  />
</gc-op>
<gc-op id="570" type="classunload" timems="0.002" contextid="566" timestamp="2019-07-02T20:10:57.315">
  <classunload-info classloadercandidates="8" classloadersunloaded="0" classesunloaded="0" anonymousclassesunloaded="0" quiescems="0.000" setupms="0.001" scanms="0.000" postms="0.000" />
</gc-op>
<heap-resize id="571" type="expand" space="default" amount="3145728" count="1" timems="0.072" reason="excessive time being spent in gc" timestamp="2019-07-02T20:10:57.315" />
<gc-end id="572" type="partial gc" contextid="566" durationms="2.604" usertimems="4.000" systemtimems="0.000" timestamp="2019-07-02T20:10:57.315" activeThreads="4">
  <mem-info id="573" free="68157440" total="113246208" percent="60">
    <mem type="eden" free="731144" total="1048576" percent="69" />
    <remembered-set count="20800" freebytes="4437248" totalbytes="4520448" percent="98" regionsoverflowed="0" regionsstable="2" regionsrebuilding="0"/>
  </mem-info>
</gc-end>
<cycle-end id="574" type="partial gc" contextid="566" timestamp="2019-07-02T20:10:57.315">
  <attribute name="GC Util" value="65" />
  <attribute name="CPU Util" value="104997774716535" />
  <attribute name="Time Running"value="2150"/>
  <attribute name="Number of cores"value="4"/>
</cycle-end>
<exclusive-end id="575" timestamp="2019-07-02T20:10:57.315" durationms="3.288" />

<exclusive-start id="576" timestamp="2019-07-02T20:10:57.334" intervalms="22.097">
  <response-info timems="0.021" idlems="0.021" threads="0" lastid="0000000000DFAD00" lastname="Thread-8" />
</exclusive-start>
<allocation-taxation id="577" taxation-threshold="34603008" timestamp="2019-07-02T20:10:57.334" intervalms="22.132" />
<cycle-start id="578" type="partial gc" contextid="0" timestamp="2019-07-02T20:10:57.334" intervalms="22.093" />
  <attribute name="GC Util" value="65" />
  <attribute name="CPU Util" value="104997774716535" />
  <attribute name="Time Running"value="2150"/>
  <attribute name="Number of cores"value="4"/>
<gc-start id="579" type="partial gc" contextid="578" timestamp="2019-07-02T20:10:57.335">
  <mem-info id="580" free="33554432" total="113246208" percent="29">
    <mem type="eden" free="0" total="34603008" percent="0" />
    <remembered-set count="20448" freebytes="4438656" totalbytes="4520448" percent="98" regionsoverflowed="0" regionsstable="2" regionsrebuilding="0"/>
  </mem-info>
</gc-start>
<allocation-stats totalBytes="34598976" >
  <allocated-bytes non-tlh="0" tlh="34598976" arrayletleaf="0"/>
  <largest-consumer threadName="Thread-10" threadId="0000000000E02500" bytes="9960280" />
</allocation-stats>
<gc-op id="581" type="copy forward" timems="1.484" contextid="578" timestamp="2019-07-02T20:10:57.337">
  <memory-copied type="eden" objects="3988" bytes="97080" bytesdiscarded="22496" />
  <memory-copied type="other" objects="13799" bytes="605928" bytesdiscarded="64680" />
  <memory-cardclean objects="4555" bytes="242616" />
  <remembered-set-cleared processed="16107" cleared="762" durationms="0.112" />
  <stringconstants candidates="4574" cleared="0"  />
</gc-op>
<gc-op id="582" type="classunload" timems="0.002" contextid="578" timestamp="2019-07-02T20:10:57.337">
  <classunload-info classloadercandidates="8" classloadersunloaded="0" classesunloaded="0" anonymousclassesunloaded="0" quiescems="0.000" setupms="0.002" scanms="0.000" postms="0.000" />
</gc-op>
<heap-resize id="583" type="expand" space="default" amount="2097152" count="1" timems="0.070" reason="excessive time being spent in gc" timestamp="2019-07-02T20:10:57.337" />
<gc-end id="584" type="partial gc" contextid="578" durationms="2.524" usertimems="4.000" systemtimems="0.000" timestamp="2019-07-02T20:10:57.337" activeThreads="4">
  <mem-info id="585" free="69206016" total="115343360" percent="60">
    <mem type="eden" free="929000" total="1048576" percent="88" />
    <remembered-set count="20928" freebytes="4520448" totalbytes="4604160" percent="98" regionsoverflowed="0" regionsstable="2" regionsrebuilding="0"/>
  </mem-info>
</gc-end>
<cycle-end id="586" type="partial gc" contextid="578" timestamp="2019-07-02T20:10:57.337">
  <attribute name="GC Util" value="67" />
  <attribute name="CPU Util" value="110653686084458" />
  <attribute name="Time Running"value="2172"/>
  <attribute name="Number of cores"value="4"/>
</cycle-end>
<exclusive-end id="587" timestamp="2019-07-02T20:10:57.337" durationms="3.299" />

<exclusive-start id="588" timestamp="2019-07-02T20:10:57.358" intervalms="23.841">
  <response-info timems="0.024" idlems="0.024" threads="0" lastid="0000000000DF7100" lastname="Thread-9" />
</exclusive-start>
<allocation-taxation id="589" taxation-threshold="35651584" timestamp="2019-07-02T20:10:57.358" intervalms="23.819" />
<cycle-start id="590" type="partial gc" contextid="0" timestamp="2019-07-02T20:10:57.358" intervalms="23.802" />
  <attribute name="GC Util" value="67" />
  <attribute name="CPU Util" value="110653686084458" />
  <attribute name="Time Running"value="2172"/>
  <attribute name="Number of cores"value="4"/>
<gc-start id="591" type="partial gc" contextid="590" timestamp="2019-07-02T20:10:57.358">
  <mem-info id="592" free="33554432" total="115343360" percent="29">
    <mem type="eden" free="0" total="35651584" percent="0" />
    <remembered-set count="20832" freebytes="4520832" totalbytes="4604160" percent="98" regionsoverflowed="0" regionsstable="2" regionsrebuilding="0"/>
  </mem-info>
</gc-start>
<allocation-stats totalBytes="35647480" >
  <allocated-bytes non-tlh="0" tlh="35647480" arrayletleaf="0"/>
  <largest-consumer threadName="Thread-8" threadId="0000000000DFAD00" bytes="9784248" />
</allocation-stats>
<gc-op id="593" type="copy forward" timems="1.569" contextid="590" timestamp="2019-07-02T20:10:57.360">
  <memory-copied type="eden" objects="7657" bytes="322952" bytesdiscarded="30992" />
  <memory-copied type="other" objects="10212" bytes="382464" bytesdiscarded="39560" />
  <memory-cardclean objects="5679" bytes="277560" />
  <remembered-set-cleared processed="16304" cleared="979" durationms="0.115" />
  <stringconstants candidates="4574" cleared="0"  />
</gc-op>
<gc-op id="594" type="classunload" timems="0.002" contextid="590" timestamp="2019-07-02T20:10:57.361">
  <classunload-info classloadercandidates="8" classloadersunloaded="0" classesunloaded="0" anonymousclassesunloaded="0" quiescems="0.000" setupms="0.001" scanms="0.000" postms="0.000" />
</gc-op>
<heap-resize id="595" type="expand" space="default" amount="3145728" count="1" timems="0.074" reason="excessive time being spent in gc" timestamp="2019-07-02T20:10:57.361" />
<gc-end id="596" type="partial gc" contextid="590" durationms="2.544" usertimems="4.000" systemtimems="0.000" timestamp="2019-07-02T20:10:57.361" activeThreads="4">
  <mem-info id="597" free="71303168" total="118489088" percent="60">
    <mem type="eden" free="694632" total="1048576" percent="66" />
    <remembered-set count="21440" freebytes="4643968" totalbytes="4729728" percent="98" regionsoverflowed="0" regionsstable="2" regionsrebuilding="0"/>
  </mem-info>
</gc-end>
<cycle-end id="598" type="partial gc" contextid="590" timestamp="2019-07-02T20:10:57.361">
  <attribute name="GC Util" value="64" />
  <attribute name="CPU Util" value="101022141420870" />
  <attribute name="Time Running"value="2195"/>
  <attribute name="Number of cores"value="4"/>
</cycle-end>
<exclusive-end id="599" timestamp="2019-07-02T20:10:57.361" durationms="3.124" />

<exclusive-start id="600" timestamp="2019-07-02T20:10:57.383" intervalms="24.728">
  <response-info timems="0.030" idlems="0.030" threads="0" lastid="0000000000E02500" lastname="Thread-10" />
</exclusive-start>
<allocation-taxation id="601" taxation-threshold="35651584" timestamp="2019-07-02T20:10:57.383" intervalms="24.682" />
<cycle-start id="602" type="partial gc" contextid="0" timestamp="2019-07-02T20:10:57.383" intervalms="24.642" />
  <attribute name="GC Util" value="64" />
  <attribute name="CPU Util" value="101022141420870" />
  <attribute name="Time Running"value="2195"/>
  <attribute name="Number of cores"value="4"/>
<gc-start id="603" type="partial gc" contextid="602" timestamp="2019-07-02T20:10:57.383">
  <mem-info id="604" free="35651584" total="118489088" percent="30">
    <mem type="eden" free="0" total="35651584" percent="0" />
    <remembered-set count="21312" freebytes="4644480" totalbytes="4729728" percent="98" regionsoverflowed="0" regionsstable="2" regionsrebuilding="0"/>
  </mem-info>
</gc-start>
<allocation-stats totalBytes="35647336" >
  <allocated-bytes non-tlh="0" tlh="35647336" arrayletleaf="0"/>
  <largest-consumer threadName="Thread-10" threadId="0000000000E02500" bytes="9202592" />
</allocation-stats>
<gc-op id="605" type="copy forward" timems="1.395" contextid="602" timestamp="2019-07-02T20:10:57.385">
  <memory-copied type="eden" objects="12581" bytes="578216" bytesdiscarded="34728" />
  <memory-copied type="other" objects="3454" bytes="82896" bytesdiscarded="6072" />
  <memory-cardclean objects="7112" bytes="365352" />
  <remembered-set-cleared processed="17002" cleared="824" durationms="0.106" />
  <stringconstants candidates="4574" cleared="0"  />
</gc-op>
<gc-op id="606" type="classunload" timems="0.002" contextid="602" timestamp="2019-07-02T20:10:57.385">
  <classunload-info classloadercandidates="8" classloadersunloaded="0" classesunloaded="0" anonymousclassesunloaded="0" quiescems="0.000" setupms="0.002" scanms="0.000" postms="0.000" />
</gc-op>
<heap-resize id="607" type="expand" space="default" amount="2097152" count="1" timems="0.074" reason="excessive time being spent in gc" timestamp="2019-07-02T20:10:57.385" />
<gc-end id="608" type="partial gc" contextid="602" durationms="2.359" usertimems="8.000" systemtimems="0.000" timestamp="2019-07-02T20:10:57.385" activeThreads="4">
  <mem-info id="609" free="72351744" total="120586240" percent="60">
    <mem type="eden" free="435632" total="1048576" percent="41" />
    <remembered-set count="21824" freebytes="4726144" totalbytes="4813440" percent="98" regionsoverflowed="0" regionsstable="2" regionsrebuilding="0"/>
  </mem-info>
</gc-end>
<cycle-end id="610" type="partial gc" contextid="602" timestamp="2019-07-02T20:10:57.385">
  <attribute name="GC Util" value="65" />
  <attribute name="CPU Util" value="102306852968748" />
  <attribute name="Time Running"value="2220"/>
  <attribute name="Number of cores"value="4"/>
</cycle-end>
<exclusive-end id="611" timestamp="2019-07-02T20:10:57.386" durationms="2.907" />

<exclusive-start id="612" timestamp="2019-07-02T20:10:57.411" intervalms="28.430">
  <response-info timems="0.026" idlems="0.026" threads="0" lastid="0000000000DF7100" lastname="Thread-9" />
</exclusive-start>
<allocation-taxation id="613" taxation-threshold="36700160" timestamp="2019-07-02T20:10:57.411" intervalms="28.498" />
<cycle-start id="614" type="partial gc" contextid="0" timestamp="2019-07-02T20:10:57.411" intervalms="28.494" />
  <attribute name="GC Util" value="65" />
  <attribute name="CPU Util" value="102306852968748" />
  <attribute name="Time Running"value="2220"/>
  <attribute name="Number of cores"value="4"/>
<gc-start id="615" type="partial gc" contextid="614" timestamp="2019-07-02T20:10:57.411">
  <mem-info id="616" free="35651584" total="120586240" percent="29">
    <mem type="eden" free="0" total="36700160" percent="0" />
    <remembered-set count="21536" freebytes="4727296" totalbytes="4813440" percent="98" regionsoverflowed="0" regionsstable="2" regionsrebuilding="0"/>
  </mem-info>
</gc-start>
<allocation-stats totalBytes="36696112" >
  <allocated-bytes non-tlh="0" tlh="36696112" arrayletleaf="0"/>
  <largest-consumer threadName="Thread-7" threadId="0000000000DFE900" bytes="12155552" />
</allocation-stats>
<gc-op id="617" type="copy forward" timems="1.737" contextid="614" timestamp="2019-07-02T20:10:57.414">
  <memory-copied type="eden" objects="2605" bytes="64304" bytesdiscarded="18688" />
  <memory-copied type="other" objects="20058" bytes="893520" bytesdiscarded="26720" />
  <memory-cardclean objects="6480" bytes="315672" />
  <remembered-set-cleared processed="17228" cleared="1681" durationms="0.134" />
  <stringconstants candidates="4574" cleared="0"  />
</gc-op>
<gc-op id="618" type="classunload" timems="0.002" contextid="614" timestamp="2019-07-02T20:10:57.414">
  <classunload-info classloadercandidates="8" classloadersunloaded="0" classesunloaded="0" anonymousclassesunloaded="0" quiescems="0.000" setupms="0.002" scanms="0.000" postms="0.000" />
</gc-op>
<gc-end id="619" type="partial gc" contextid="614" durationms="2.529" usertimems="0.000" systemtimems="4.000" timestamp="2019-07-02T20:10:57.414" activeThreads="4">
  <mem-info id="620" free="71303168" total="120586240" percent="59">
    <mem type="eden" free="965584" total="1048576" percent="92" />
    <remembered-set count="22240" freebytes="4724480" totalbytes="4813440" percent="98" regionsoverflowed="0" regionsstable="2" regionsrebuilding="0"/>
  </mem-info>
</gc-end>
<cycle-end id="621" type="partial gc" contextid="614" timestamp="2019-07-02T20:10:57.414">
  <attribute name="GC Util" value="67" />
  <attribute name="CPU Util" value="95954350150124" />
  <attribute name="Time Running"value="2249"/>
  <attribute name="Number of cores"value="4"/>
</cycle-end>
<exclusive-end id="622" timestamp="2019-07-02T20:10:57.414" durationms="3.103" />

<exclusive-start id="623" timestamp="2019-07-02T20:10:57.437" intervalms="26.168">
  <response-info timems="0.019" idlems="0.019" threads="0" lastid="0000000000DFE900" lastname="Thread-7" />
</exclusive-start>
<allocation-taxation id="624" taxation-threshold="36700160" timestamp="2019-07-02T20:10:57.437" intervalms="26.147" />
<cycle-start id="625" type="partial gc" contextid="0" timestamp="2019-07-02T20:10:57.438" intervalms="26.213" />
  <attribute name="GC Util" value="67" />
  <attribute name="CPU Util" value="95954350150124" />
  <attribute name="Time Running"value="2249"/>
  <attribute name="Number of cores"value="4"/>
<gc-start id="626" type="partial gc" contextid="625" timestamp="2019-07-02T20:10:57.438">
  <mem-info id="627" free="34603008" total="120586240" percent="28">
    <mem type="eden" free="0" total="36700160" percent="0" />
    <remembered-set count="22016" freebytes="4725376" totalbytes="4813440" percent="98" regionsoverflowed="0" regionsstable="2" regionsrebuilding="0"/>
  </mem-info>
</gc-start>
<allocation-stats totalBytes="36695960" >
  <allocated-bytes non-tlh="0" tlh="36695960" arrayletleaf="0"/>
  <largest-consumer threadName="Thread-7" threadId="0000000000DFE900" bytes="13294256" />
</allocation-stats>
<gc-op id="628" type="copy forward" timems="1.626" contextid="625" timestamp="2019-07-02T20:10:57.440">
  <memory-copied type="eden" objects="2829" bytes="69232" bytesdiscarded="2240" />
  <memory-copied type="other" objects="16446" bytes="669456" bytesdiscarded="53536" />
  <memory-cardclean objects="7691" bytes="393096" />
  <remembered-set-cleared processed="17766" cleared="1080" durationms="0.122" />
  <stringconstants candidates="4574" cleared="0"  />
</gc-op>
<gc-op id="629" type="classunload" timems="0.002" contextid="625" timestamp="2019-07-02T20:10:57.440">
  <classunload-info classloadercandidates="8" classloadersunloaded="0" classesunloaded="0" anonymousclassesunloaded="0" quiescems="0.000" setupms="0.002" scanms="0.000" postms="0.000" />
</gc-op>
<gc-end id="630" type="partial gc" contextid="625" durationms="2.378" usertimems="8.000" systemtimems="0.000" timestamp="2019-07-02T20:10:57.440" activeThreads="4">
  <mem-info id="631" free="70254592" total="120586240" percent="58">
    <mem type="eden" free="977104" total="1048576" percent="93" />
    <remembered-set count="23360" freebytes="4720000" totalbytes="4813440" percent="98" regionsoverflowed="0" regionsstable="2" regionsrebuilding="0"/>
  </mem-info>
</gc-end>
<cycle-end id="632" type="partial gc" contextid="625" timestamp="2019-07-02T20:10:57.440">
  <attribute name="GC Util" value="70" />
  <attribute name="CPU Util" value="109341252602446" />
  <attribute name="Time Running"value="2275"/>
  <attribute name="Number of cores"value="4"/>
</cycle-end>
<exclusive-end id="633" timestamp="2019-07-02T20:10:57.440" durationms="2.968" />

<exclusive-start id="634" timestamp="2019-07-02T20:10:57.463" intervalms="25.617">
  <response-info timems="0.028" idlems="0.028" threads="0" lastid="0000000000DF7100" lastname="Thread-9" />
</exclusive-start>
<allocation-taxation id="635" taxation-threshold="36700160" timestamp="2019-07-02T20:10:57.463" intervalms="25.579" />
<cycle-start id="636" type="partial gc" contextid="0" timestamp="2019-07-02T20:10:57.463" intervalms="25.510" />
  <attribute name="GC Util" value="70" />
  <attribute name="CPU Util" value="109341252602446" />
  <attribute name="Time Running"value="2275"/>
  <attribute name="Number of cores"value="4"/>
<gc-start id="637" type="partial gc" contextid="636" timestamp="2019-07-02T20:10:57.463">
  <mem-info id="638" free="33554432" total="120586240" percent="27">
    <mem type="eden" free="0" total="36700160" percent="0" />
    <remembered-set count="23360" freebytes="4720000" totalbytes="4813440" percent="98" regionsoverflowed="0" regionsstable="2" regionsrebuilding="0"/>
  </mem-info>
</gc-start>
<allocation-stats totalBytes="36695928" >
  <allocated-bytes non-tlh="0" tlh="36695928" arrayletleaf="0"/>
  <largest-consumer threadName="Thread-7" threadId="0000000000DFE900" bytes="13576520" />
</allocation-stats>
<gc-op id="639" type="copy forward" timems="1.733" contextid="636" timestamp="2019-07-02T20:10:57.465">
  <memory-copied type="eden" objects="8755" bytes="349288" bytesdiscarded="24464" />
  <memory-copied type="other" objects="17143" bytes="686184" bytesdiscarded="74696" />
  <memory-cardclean objects="6959" bytes="342624" />
  <remembered-set-cleared processed="18337" cleared="1275" durationms="0.105" />
  <stringconstants candidates="4574" cleared="0"  />
</gc-op>
<gc-op id="640" type="classunload" timems="0.002" contextid="636" timestamp="2019-07-02T20:10:57.465">
  <classunload-info classloadercandidates="8" classloadersunloaded="0" classesunloaded="0" anonymousclassesunloaded="0" quiescems="0.000" setupms="0.002" scanms="0.000" postms="0.000" />
</gc-op>
<gc-end id="641" type="partial gc" contextid="636" durationms="2.490" usertimems="8.000" systemtimems="0.000" timestamp="2019-07-02T20:10:57.466" activeThreads="4">
  <mem-info id="642" free="69206016" total="120586240" percent="57">
    <mem type="eden" free="674824" total="1048576" percent="64" />
    <remembered-set count="24320" freebytes="4716160" totalbytes="4813440" percent="97" regionsoverflowed="0" regionsstable="2" regionsrebuilding="0"/>
  </mem-info>
</gc-end>
<cycle-end id="643" type="partial gc" contextid="636" timestamp="2019-07-02T20:10:57.466">
  <attribute name="GC Util" value="69" />
  <attribute name="CPU Util" value="107760373656027" />
  <attribute name="Time Running"value="2300"/>
  <attribute name="Number of cores"value="4"/>
</cycle-end>
<exclusive-end id="644" timestamp="2019-07-02T20:10:57.466" durationms="2.954" />

<exclusive-start id="645" timestamp="2019-07-02T20:10:57.491" intervalms="28.035">
  <response-info timems="0.034" idlems="0.034" threads="0" lastid="0000000000DFAD00" lastname="Thread-8" />
</exclusive-start>
<allocation-taxation id="646" taxation-threshold="36700160" timestamp="2019-07-02T20:10:57.491" intervalms="28.078" />
<cycle-start id="647" type="partial gc" contextid="0" timestamp="2019-07-02T20:10:57.491" intervalms="28.137" />
  <attribute name="GC Util" value="69" />
  <attribute name="CPU Util" value="107760373656027" />
  <attribute name="Time Running"value="2300"/>
  <attribute name="Number of cores"value="4"/>
<gc-start id="648" type="partial gc" contextid="647" timestamp="2019-07-02T20:10:57.491">
  <mem-info id="649" free="32505856" total="120586240" percent="26">
    <mem type="eden" free="0" total="36700160" percent="0" />
    <remembered-set count="23872" freebytes="4717952" totalbytes="4813440" percent="98" regionsoverflowed="0" regionsstable="2" regionsrebuilding="0"/>
  </mem-info>
</gc-start>
<allocation-stats totalBytes="36695856" >
  <allocated-bytes non-tlh="0" tlh="36695856" arrayletleaf="0"/>
  <largest-consumer threadName="Thread-7" threadId="0000000000DFE900" bytes="11930144" />
</allocation-stats>
<gc-op id="650" type="copy forward" timems="1.864" contextid="647" timestamp="2019-07-02T20:10:57.494">
  <memory-copied type="eden" objects="3430" bytes="83736" bytesdiscarded="3696" />
  <memory-copied type="other" objects="23295" bytes="971208" bytesdiscarded="87016" />
  <memory-cardclean objects="7350" bytes="361704" />
  <remembered-set-cleared processed="18966" cleared="1948" durationms="0.124" />
  <stringconstants candidates="4574" cleared="0"  />
</gc-op>
<gc-op id="651" type="classunload" timems="0.002" contextid="647" timestamp="2019-07-02T20:10:57.494">
  <classunload-info classloadercandidates="8" classloadersunloaded="0" classesunloaded="0" anonymousclassesunloaded="0" quiescems="0.000" setupms="0.002" scanms="0.000" postms="0.000" />
</gc-op>
<gc-end id="652" type="partial gc" contextid="647" durationms="2.735" usertimems="0.000" systemtimems="4.000" timestamp="2019-07-02T20:10:57.494" activeThreads="4">
  <mem-info id="653" free="68157440" total="120586240" percent="56">
    <mem type="eden" free="961144" total="1048576" percent="91" />
    <remembered-set count="24896" freebytes="4713856" totalbytes="4813440" percent="97" regionsoverflowed="0" regionsstable="2" regionsrebuilding="0"/>
  </mem-info>
</gc-end>
<cycle-end id="654" type="partial gc" contextid="647" timestamp="2019-07-02T20:10:57.494">
  <attribute name="GC Util" value="69" />
  <attribute name="CPU Util" value="109094234094374" />
  <attribute name="Time Running"value="2329"/>
  <attribute name="Number of cores"value="4"/>
</cycle-end>
<exclusive-end id="655" timestamp="2019-07-02T20:10:57.494" durationms="3.409" />

<exclusive-start id="656" timestamp="2019-07-02T20:10:57.517" intervalms="25.848">
  <response-info timems="0.022" idlems="0.022" threads="0" lastid="0000000000E02500" lastname="Thread-10" />
</exclusive-start>
<allocation-taxation id="657" taxation-threshold="36700160" timestamp="2019-07-02T20:10:57.517" intervalms="25.801" />
<cycle-start id="658" type="partial gc" contextid="0" timestamp="2019-07-02T20:10:57.517" intervalms="25.780" />
  <attribute name="GC Util" value="69" />
  <attribute name="CPU Util" value="109094234094374" />
  <attribute name="Time Running"value="2329"/>
  <attribute name="Number of cores"value="4"/>
<gc-start id="659" type="partial gc" contextid="658" timestamp="2019-07-02T20:10:57.517">
  <mem-info id="660" free="31457280" total="120586240" percent="26">
    <mem type="eden" free="0" total="36700160" percent="0" />
    <remembered-set count="24704" freebytes="4714624" totalbytes="4813440" percent="97" regionsoverflowed="0" regionsstable="2" regionsrebuilding="0"/>
  </mem-info>
</gc-start>
<allocation-stats totalBytes="36695592" >
  <allocated-bytes non-tlh="0" tlh="36695592" arrayletleaf="0"/>
  <largest-consumer threadName="Thread-8" threadId="0000000000DFAD00" bytes="11049576" />
</allocation-stats>
<gc-op id="661" type="copy forward" timems="1.869" contextid="658" timestamp="2019-07-02T20:10:57.520">
  <memory-copied type="eden" objects="10287" bytes="385168" bytesdiscarded="27600" />
  <memory-copied type="other" objects="23876" bytes="985152" bytesdiscarded="62184" />
  <memory-cardclean objects="6507" bytes="325128" />
  <remembered-set-cleared processed="19742" cleared="2494" durationms="0.119" />
  <stringconstants candidates="4574" cleared="0"  />
</gc-op>
<gc-op id="662" type="classunload" timems="0.002" contextid="658" timestamp="2019-07-02T20:10:57.520">
  <classunload-info classloadercandidates="8" classloadersunloaded="0" classesunloaded="0" anonymousclassesunloaded="0" quiescems="0.000" setupms="0.002" scanms="0.000" postms="0.000" />
</gc-op>
<gc-end id="663" type="partial gc" contextid="658" durationms="2.746" usertimems="8.000" systemtimems="0.000" timestamp="2019-07-02T20:10:57.520" activeThreads="4">
  <mem-info id="664" free="67108864" total="120586240" percent="55">
    <mem type="eden" free="635808" total="1048576" percent="60" />
    <remembered-set count="25632" freebytes="4710912" totalbytes="4813440" percent="97" regionsoverflowed="0" regionsstable="2" regionsrebuilding="0"/>
  </mem-info>
</gc-end>
<cycle-end id="665" type="partial gc" contextid="658" timestamp="2019-07-02T20:10:57.520">
  <attribute name="GC Util" value="53" />
  <attribute name="CPU Util" value="83536713019779" />
  <attribute name="Time Running"value="2354"/>
  <attribute name="Number of cores"value="4"/>
</cycle-end>
<exclusive-end id="666" timestamp="2019-07-02T20:10:57.520" durationms="3.335" />

<exclusive-start id="667" timestamp="2019-07-02T20:10:57.544" intervalms="27.132">
  <response-info timems="0.024" idlems="0.024" threads="0" lastid="0000000000DFAD00" lastname="Thread-8" />
</exclusive-start>
<allocation-taxation id="668" taxation-threshold="36700160" timestamp="2019-07-02T20:10:57.544" intervalms="27.180" />
<cycle-start id="669" type="partial gc" contextid="0" timestamp="2019-07-02T20:10:57.544" intervalms="27.228" />
  <attribute name="GC Util" value="53" />
  <attribute name="CPU Util" value="83536713019779" />
  <attribute name="Time Running"value="2354"/>
  <attribute name="Number of cores"value="4"/>
<gc-start id="670" type="partial gc" contextid="669" timestamp="2019-07-02T20:10:57.544">
  <mem-info id="671" free="30408704" total="120586240" percent="25">
    <mem type="eden" free="0" total="36700160" percent="0" />
    <remembered-set count="25440" freebytes="4711680" totalbytes="4813440" percent="97" regionsoverflowed="0" regionsstable="2" regionsrebuilding="0"/>
  </mem-info>
</gc-start>
<allocation-stats totalBytes="36696256" >
  <allocated-bytes non-tlh="0" tlh="36696256" arrayletleaf="0"/>
  <largest-consumer threadName="Thread-7" threadId="0000000000DFE900" bytes="10259432" />
</allocation-stats>
<gc-op id="672" type="copy forward" timems="1.778" contextid="669" timestamp="2019-07-02T20:10:57.547">
  <memory-copied type="eden" objects="9060" bytes="356080" bytesdiscarded="27032" />
  <memory-copied type="other" objects="13301" bytes="456600" bytesdiscarded="23416" />
  <memory-cardclean objects="10002" bytes="545904" />
  <remembered-set-cleared processed="20997" cleared="1281" durationms="0.145" />
  <stringconstants candidates="4574" cleared="0"  />
</gc-op>
<gc-op id="673" type="classunload" timems="0.002" contextid="669" timestamp="2019-07-02T20:10:57.547">
  <classunload-info classloadercandidates="8" classloadersunloaded="0" classesunloaded="0" anonymousclassesunloaded="0" quiescems="0.000" setupms="0.002" scanms="0.000" postms="0.000" />
</gc-op>
<gc-end id="674" type="partial gc" contextid="669" durationms="2.662" usertimems="4.000" systemtimems="0.000" timestamp="2019-07-02T20:10:57.547" activeThreads="4">
  <mem-info id="675" free="66060288" total="120586240" percent="54">
    <mem type="eden" free="665464" total="1048576" percent="63" />
    <remembered-set count="27200" freebytes="4704640" totalbytes="4813440" percent="97" regionsoverflowed="0" regionsstable="2" regionsrebuilding="0"/>
  </mem-info>
</gc-end>
<cycle-end id="676" type="partial gc" contextid="669" timestamp="2019-07-02T20:10:57.547">
  <attribute name="GC Util" value="70" />
  <attribute name="CPU Util" value="100414488595085" />
  <attribute name="Time Running"value="2382"/>
  <attribute name="Number of cores"value="4"/>
</cycle-end>
<exclusive-end id="677" timestamp="2019-07-02T20:10:57.547" durationms="3.382" />

<exclusive-start id="678" timestamp="2019-07-02T20:10:57.572" intervalms="28.024">
  <response-info timems="0.029" idlems="0.029" threads="0" lastid="0000000000DFAD00" lastname="Thread-8" />
</exclusive-start>
<allocation-taxation id="679" taxation-threshold="36700160" timestamp="2019-07-02T20:10:57.572" intervalms="28.016" />
<cycle-start id="680" type="partial gc" contextid="0" timestamp="2019-07-02T20:10:57.572" intervalms="27.991" />
  <attribute name="GC Util" value="70" />
  <attribute name="CPU Util" value="100414488595085" />
  <attribute name="Time Running"value="2382"/>
  <attribute name="Number of cores"value="4"/>
<gc-start id="681" type="partial gc" contextid="680" timestamp="2019-07-02T20:10:57.572">
  <mem-info id="682" free="29360128" total="120586240" percent="24">
    <mem type="eden" free="0" total="36700160" percent="0" />
    <remembered-set count="27200" freebytes="4704640" totalbytes="4813440" percent="97" regionsoverflowed="0" regionsstable="2" regionsrebuilding="0"/>
  </mem-info>
</gc-start>
<allocation-stats totalBytes="36695568" >
  <allocated-bytes non-tlh="0" tlh="36695568" arrayletleaf="0"/>
  <largest-consumer threadName="Thread-8" threadId="0000000000DFAD00" bytes="10676704" />
</allocation-stats>
<gc-op id="683" type="copy forward" timems="1.869" contextid="680" timestamp="2019-07-02T20:10:57.575">
  <memory-copied type="eden" objects="4581" bytes="110584" bytesdiscarded="7568" />
  <memory-copied type="other" objects="23763" bytes="982440" bytesdiscarded="88808" />
  <memory-cardclean objects="7041" bytes="346992" />
  <remembered-set-cleared processed="21455" cleared="3156" durationms="0.132" />
  <stringconstants candidates="4574" cleared="0"  />
</gc-op>
<gc-op id="684" type="classunload" timems="0.002" contextid="680" timestamp="2019-07-02T20:10:57.575">
  <classunload-info classloadercandidates="8" classloadersunloaded="0" classesunloaded="0" anonymousclassesunloaded="0" quiescems="0.000" setupms="0.002" scanms="0.000" postms="0.000" />
</gc-op>
<gc-end id="685" type="partial gc" contextid="680" durationms="2.754" usertimems="0.000" systemtimems="4.000" timestamp="2019-07-02T20:10:57.575" activeThreads="4">
  <mem-info id="686" free="65011712" total="120586240" percent="53">
    <mem type="eden" free="930424" total="1048576" percent="88" />
    <remembered-set count="26880" freebytes="4705920" totalbytes="4813440" percent="97" regionsoverflowed="0" regionsstable="2" regionsrebuilding="0"/>
  </mem-info>
</gc-end>
<cycle-end id="687" type="partial gc" contextid="680" timestamp="2019-07-02T20:10:57.575">
  <attribute name="GC Util" value="68" />
  <attribute name="CPU Util" value="101367432732909" />
  <attribute name="Time Running"value="2410"/>
  <attribute name="Number of cores"value="4"/>
</cycle-end>
<exclusive-end id="688" timestamp="2019-07-02T20:10:57.575" durationms="3.449" />

<exclusive-start id="689" timestamp="2019-07-02T20:10:57.606" intervalms="33.776">
  <response-info timems="0.041" idlems="0.041" threads="0" lastid="0000000000DF7100" lastname="Thread-9" />
</exclusive-start>
<allocation-taxation id="690" taxation-threshold="36700160" timestamp="2019-07-02T20:10:57.606" intervalms="33.768" />
<cycle-start id="691" type="partial gc" contextid="0" timestamp="2019-07-02T20:10:57.606" intervalms="33.718" />
  <attribute name="GC Util" value="68" />
  <attribute name="CPU Util" value="101367432732909" />
  <attribute name="Time Running"value="2410"/>
  <attribute name="Number of cores"value="4"/>
<gc-start id="692" type="partial gc" contextid="691" timestamp="2019-07-02T20:10:57.606">
  <mem-info id="693" free="28311552" total="120586240" percent="23">
    <mem type="eden" free="0" total="36700160" percent="0" />
    <remembered-set count="26400" freebytes="4707840" totalbytes="4813440" percent="97" regionsoverflowed="0" regionsstable="2" regionsrebuilding="0"/>
  </mem-info>
</gc-start>
<allocation-stats totalBytes="36695952" >
  <allocated-bytes non-tlh="0" tlh="36695952" arrayletleaf="0"/>
  <largest-consumer threadName="Thread-7" threadId="0000000000DFE900" bytes="11188880" />
</allocation-stats>
<gc-op id="694" type="copy forward" timems="1.821" contextid="691" timestamp="2019-07-02T20:10:57.609">
  <memory-copied type="eden" objects="9339" bytes="362320" bytesdiscarded="17784" />
  <memory-copied type="other" objects="11705" bytes="418296" bytesdiscarded="23360" />
  <memory-cardclean objects="8374" bytes="444816" />
  <remembered-set-cleared processed="21520" cleared="1069" durationms="0.140" />
  <stringconstants candidates="4574" cleared="0"  />
</gc-op>
<gc-op id="695" type="classunload" timems="0.002" contextid="691" timestamp="2019-07-02T20:10:57.609">
  <classunload-info classloadercandidates="8" classloadersunloaded="0" classesunloaded="0" anonymousclassesunloaded="0" quiescems="0.000" setupms="0.002" scanms="0.000" postms="0.000" />
</gc-op>
<gc-end id="696" type="partial gc" contextid="691" durationms="2.712" usertimems="8.000" systemtimems="0.000" timestamp="2019-07-02T20:10:57.609" activeThreads="4">
  <mem-info id="697" free="63963136" total="120586240" percent="53">
    <mem type="eden" free="668472" total="1048576" percent="63" />
    <remembered-set count="27616" freebytes="4702976" totalbytes="4813440" percent="97" regionsoverflowed="0" regionsstable="2" regionsrebuilding="0"/>
  </mem-info>
</gc-end>
<cycle-end id="698" type="partial gc" contextid="691" timestamp="2019-07-02T20:10:57.609">
  <attribute name="GC Util" value="67" />
  <attribute name="CPU Util" value="88611290642138" />
  <attribute name="Time Running"value="2443"/>
  <attribute name="Number of cores"value="4"/>
</cycle-end>
<exclusive-end id="699" timestamp="2019-07-02T20:10:57.609" durationms="3.375" />

<exclusive-start id="700" timestamp="2019-07-02T20:10:57.641" intervalms="34.988">
  <response-info timems="0.043" idlems="0.043" threads="0" lastid="0000000000DF7100" lastname="Thread-9" />
</exclusive-start>
<allocation-taxation id="701" taxation-threshold="36700160" timestamp="2019-07-02T20:10:57.641" intervalms="34.980" />
<cycle-start id="702" type="partial gc" contextid="0" timestamp="2019-07-02T20:10:57.641" intervalms="34.976" />
  <attribute name="GC Util" value="67" />
  <attribute name="CPU Util" value="88611290642138" />
  <attribute name="Time Running"value="2443"/>
  <attribute name="Number of cores"value="4"/>
<gc-start id="703" type="partial gc" contextid="702" timestamp="2019-07-02T20:10:57.641">
  <mem-info id="704" free="27262976" total="120586240" percent="22">
    <mem type="eden" free="0" total="36700160" percent="0" />
    <remembered-set count="27456" freebytes="4703616" totalbytes="4813440" percent="97" regionsoverflowed="0" regionsstable="2" regionsrebuilding="0"/>
  </mem-info>
</gc-start>
<allocation-stats totalBytes="36695944" >
  <allocated-bytes non-tlh="0" tlh="36695944" arrayletleaf="0"/>
  <largest-consumer threadName="Thread-9" threadId="0000000000DF7100" bytes="10586760" />
</allocation-stats>
<gc-op id="705" type="copy forward" timems="1.658" contextid="702" timestamp="2019-07-02T20:10:57.643">
  <memory-copied type="eden" objects="15452" bytes="647024" bytesdiscarded="34160" />
  <memory-copied type="other" objects="13641" bytes="464760" bytesdiscarded="18600" />
  <memory-cardclean objects="11041" bytes="562008" />
  <remembered-set-cleared processed="22168" cleared="1311" durationms="0.127" />
  <stringconstants candidates="4574" cleared="0"  />
</gc-op>
<gc-op id="706" type="classunload" timems="0.002" contextid="702" timestamp="2019-07-02T20:10:57.643">
  <classunload-info classloadercandidates="8" classloadersunloaded="0" classesunloaded="0" anonymousclassesunloaded="0" quiescems="0.000" setupms="0.002" scanms="0.000" postms="0.000" />
</gc-op>
<gc-end id="707" type="partial gc" contextid="702" durationms="2.520" usertimems="8.000" systemtimems="0.000" timestamp="2019-07-02T20:10:57.644" activeThreads="4">
  <mem-info id="708" free="62914560" total="120586240" percent="52">
    <mem type="eden" free="367392" total="1048576" percent="35" />
    <remembered-set count="28576" freebytes="4699136" totalbytes="4813440" percent="97" regionsoverflowed="0" regionsstable="2" regionsrebuilding="0"/>
  </mem-info>
</gc-end>
<cycle-end id="709" type="partial gc" contextid="702" timestamp="2019-07-02T20:10:57.644">
  <attribute name="GC Util" value="73" />
  <attribute name="CPU Util" value="98677879100516" />
  <attribute name="Time Running"value="2478"/>
  <attribute name="Number of cores"value="4"/>
</cycle-end>
<exclusive-end id="710" timestamp="2019-07-02T20:10:57.644" durationms="3.132" />

<exclusive-start id="711" timestamp="2019-07-02T20:10:57.675" intervalms="33.830">
  <response-info timems="0.028" idlems="0.028" threads="0" lastid="0000000000E02500" lastname="Thread-10" />
</exclusive-start>
<allocation-taxation id="712" taxation-threshold="36700160" timestamp="2019-07-02T20:10:57.675" intervalms="33.818" />
<cycle-start id="713" type="partial gc" contextid="0" timestamp="2019-07-02T20:10:57.675" intervalms="33.819" />
  <attribute name="GC Util" value="73" />
  <attribute name="CPU Util" value="98677879100516" />
  <attribute name="Time Running"value="2478"/>
  <attribute name="Number of cores"value="4"/>
<gc-start id="714" type="partial gc" contextid="713" timestamp="2019-07-02T20:10:57.675">
  <mem-info id="715" free="26214400" total="120586240" percent="21">
    <mem type="eden" free="0" total="36700160" percent="0" />
    <remembered-set count="28128" freebytes="4700928" totalbytes="4813440" percent="97" regionsoverflowed="0" regionsstable="2" regionsrebuilding="0"/>
  </mem-info>
</gc-start>
<allocation-stats totalBytes="36695536" >
  <allocated-bytes non-tlh="0" tlh="36695536" arrayletleaf="0"/>
  <largest-consumer threadName="Thread-8" threadId="0000000000DFAD00" bytes="10881592" />
</allocation-stats>
<gc-op id="716" type="copy forward" timems="1.819" contextid="713" timestamp="2019-07-02T20:10:57.677">
  <memory-copied type="eden" objects="6329" bytes="152920" bytesdiscarded="17744" />
  <memory-copied type="other" objects="24365" bytes="996888" bytesdiscarded="72264" />
  <memory-cardclean objects="7454" bytes="370872" />
  <remembered-set-cleared processed="23162" cleared="1351" durationms="0.145" />
  <stringconstants candidates="4574" cleared="0"  />
</gc-op>
<gc-op id="717" type="classunload" timems="0.002" contextid="713" timestamp="2019-07-02T20:10:57.677">
  <classunload-info classloadercandidates="8" classloadersunloaded="0" classesunloaded="0" anonymousclassesunloaded="0" quiescems="0.000" setupms="0.002" scanms="0.000" postms="0.000" />
</gc-op>
<gc-end id="718" type="partial gc" contextid="713" durationms="2.680" usertimems="4.000" systemtimems="0.000" timestamp="2019-07-02T20:10:57.678" activeThreads="4">
  <mem-info id="719" free="61865984" total="120586240" percent="51">
    <mem type="eden" free="877912" total="1048576" percent="83" />
    <remembered-set count="30144" freebytes="4692864" totalbytes="4813440" percent="97" regionsoverflowed="0" regionsstable="2" regionsrebuilding="0"/>
  </mem-info>
</gc-end>
<cycle-end id="720" type="partial gc" contextid="713" timestamp="2019-07-02T20:10:57.678">
  <attribute name="GC Util" value="66" />
  <attribute name="CPU Util" value="98769283700406" />
  <attribute name="Time Running"value="2512"/>
  <attribute name="Number of cores"value="4"/>
</cycle-end>
<exclusive-end id="721" timestamp="2019-07-02T20:10:57.678" durationms="3.331" />

<exclusive-start id="722" timestamp="2019-07-02T20:10:57.710" intervalms="35.648">
  <response-info timems="3.387" idlems="1.704" threads="1" lastid="0000000000E02500" lastname="Thread-10" />
</exclusive-start>
<allocation-taxation id="723" taxation-threshold="36700160" timestamp="2019-07-02T20:10:57.710" intervalms="35.676" />
<cycle-start id="724" type="partial gc" contextid="0" timestamp="2019-07-02T20:10:57.710" intervalms="35.727" />
  <attribute name="GC Util" value="66" />
  <attribute name="CPU Util" value="98769283700406" />
  <attribute name="Time Running"value="2512"/>
  <attribute name="Number of cores"value="4"/>
<gc-start id="725" type="partial gc" contextid="724" timestamp="2019-07-02T20:10:57.711">
  <mem-info id="726" free="25165824" total="120586240" percent="20">
    <mem type="eden" free="0" total="36700160" percent="0" />
    <remembered-set count="29664" freebytes="4694784" totalbytes="4813440" percent="97" regionsoverflowed="0" regionsstable="2" regionsrebuilding="0"/>
  </mem-info>
</gc-start>
<allocation-stats totalBytes="36695552" >
  <allocated-bytes non-tlh="0" tlh="36695552" arrayletleaf="0"/>
  <largest-consumer threadName="Thread-7" threadId="0000000000DFE900" bytes="10623632" />
</allocation-stats>
<gc-op id="727" type="copy forward" timems="1.948" contextid="724" timestamp="2019-07-02T20:10:57.713">
  <memory-copied type="eden" objects="13774" bytes="606776" bytesdiscarded="51976" />
  <memory-copied type="other" objects="23044" bytes="827808" bytesdiscarded="85016" />
  <memory-cardclean objects="7498" bytes="377040" />
  <remembered-set-cleared processed="23484" cleared="1698" durationms="0.124" />
  <stringconstants candidates="4574" cleared="0"  />
</gc-op>
<gc-op id="728" type="classunload" timems="0.003" contextid="724" timestamp="2019-07-02T20:10:57.713">
  <classunload-info classloadercandidates="8" classloadersunloaded="0" classesunloaded="0" anonymousclassesunloaded="0" quiescems="0.000" setupms="0.002" scanms="0.000" postms="0.000" />
</gc-op>
<gc-end id="729" type="partial gc" contextid="724" durationms="2.958" usertimems="4.000" systemtimems="4.000" timestamp="2019-07-02T20:10:57.714" activeThreads="4">
  <mem-info id="730" free="60817408" total="120586240" percent="50">
    <mem type="eden" free="389824" total="1048576" percent="37" />
    <remembered-set count="29600" freebytes="4695040" totalbytes="4813440" percent="97" regionsoverflowed="0" regionsstable="2" regionsrebuilding="0"/>
  </mem-info>
</gc-end>
<cycle-end id="731" type="partial gc" contextid="724" timestamp="2019-07-02T20:10:57.714">
  <attribute name="GC Util" value="56" />
  <attribute name="CPU Util" value="82224528357925" />
  <attribute name="Time Running"value="2548"/>
  <attribute name="Number of cores"value="4"/>
</cycle-end>
<exclusive-end id="732" timestamp="2019-07-02T20:10:57.714" durationms="3.632" />

<exclusive-start id="733" timestamp="2019-07-02T20:10:57.757" intervalms="47.040">
  <response-info timems="2.982" idlems="1.495" threads="1" lastid="0000000000DFAD00" lastname="Thread-8" />
</exclusive-start>
<allocation-taxation id="734" taxation-threshold="36700160" timestamp="2019-07-02T20:10:57.757" intervalms="47.052" />
<cycle-start id="735" type="partial gc" contextid="0" timestamp="2019-07-02T20:10:57.757" intervalms="47.092" />
  <attribute name="GC Util" value="56" />
  <attribute name="CPU Util" value="82224528357925" />
  <attribute name="Time Running"value="2548"/>
  <attribute name="Number of cores"value="4"/>
<gc-start id="736" type="partial gc" contextid="735" timestamp="2019-07-02T20:10:57.758">
  <mem-info id="737" free="24117248" total="120586240" percent="20">
    <mem type="eden" free="0" total="36700160" percent="0" />
    <remembered-set count="29536" freebytes="4695296" totalbytes="4813440" percent="97" regionsoverflowed="0" regionsstable="2" regionsrebuilding="0"/>
  </mem-info>
</gc-start>
<allocation-stats totalBytes="36695984" >
  <allocated-bytes non-tlh="0" tlh="36695984" arrayletleaf="0"/>
  <largest-consumer threadName="Thread-9" threadId="0000000000DF7100" bytes="11029320" />
</allocation-stats>
<gc-op id="738" type="copy forward" timems="2.089" contextid="735" timestamp="2019-07-02T20:10:57.761">
  <memory-copied type="eden" objects="8866" bytes="351456" bytesdiscarded="11904" />
  <memory-copied type="other" objects="20857" bytes="775320" bytesdiscarded="68496" />
  <memory-cardclean objects="12746" bytes="666888" />
  <remembered-set-cleared processed="24165" cleared="2427" durationms="0.159" />
  <stringconstants candidates="4574" cleared="0"  />
</gc-op>
<gc-op id="739" type="classunload" timems="0.003" contextid="735" timestamp="2019-07-02T20:10:57.761">
  <classunload-info classloadercandidates="8" classloadersunloaded="0" classesunloaded="0" anonymousclassesunloaded="0" quiescems="0.000" setupms="0.003" scanms="0.000" postms="0.000" />
</gc-op>
<gc-end id="740" type="partial gc" contextid="735" durationms="3.187" usertimems="8.000" systemtimems="0.000" timestamp="2019-07-02T20:10:57.761" activeThreads="4">
  <mem-info id="741" free="59768832" total="120586240" percent="49">
    <mem type="eden" free="685216" total="1048576" percent="65" />
    <remembered-set count="30080" freebytes="4693120" totalbytes="4813440" percent="97" regionsoverflowed="0" regionsstable="2" regionsrebuilding="0"/>
  </mem-info>
</gc-end>
<cycle-end id="742" type="partial gc" contextid="735" timestamp="2019-07-02T20:10:57.761">
  <attribute name="GC Util" value="70" />
  <attribute name="CPU Util" value="75287916047713" />
  <attribute name="Time Running"value="2595"/>
  <attribute name="Number of cores"value="4"/>
</cycle-end>
<exclusive-end id="743" timestamp="2019-07-02T20:10:57.761" durationms="4.061" />

<exclusive-start id="744" timestamp="2019-07-02T20:10:57.807" intervalms="49.377">
  <response-info timems="0.031" idlems="0.031" threads="0" lastid="0000000000DF7100" lastname="Thread-9" />
</exclusive-start>
<allocation-taxation id="745" taxation-threshold="36700160" timestamp="2019-07-02T20:10:57.807" intervalms="49.387" />
<cycle-start id="746" type="partial gc" contextid="0" timestamp="2019-07-02T20:10:57.807" intervalms="49.338" />
  <attribute name="GC Util" value="70" />
  <attribute name="CPU Util" value="75287916047713" />
  <attribute name="Time Running"value="2595"/>
  <attribute name="Number of cores"value="4"/>
<gc-start id="747" type="partial gc" contextid="746" timestamp="2019-07-02T20:10:57.807">
  <mem-info id="748" free="23068672" total="120586240" percent="19">
    <mem type="eden" free="0" total="36700160" percent="0" />
    <remembered-set count="29664" freebytes="4694784" totalbytes="4813440" percent="97" regionsoverflowed="0" regionsstable="2" regionsrebuilding="0"/>
  </mem-info>
</gc-start>
<allocation-stats totalBytes="36695920" >
  <allocated-bytes non-tlh="0" tlh="36695920" arrayletleaf="0"/>
  <largest-consumer threadName="Thread-9" threadId="0000000000DF7100" bytes="13113888" />
</allocation-stats>
<gc-op id="749" type="copy forward" timems="2.143" contextid="746" timestamp="2019-07-02T20:10:57.810">
  <memory-copied type="eden" objects="12519" bytes="439296" bytesdiscarded="30064" />
  <memory-copied type="other" objects="26637" bytes="1051416" bytesdiscarded="63872" />
  <memory-cardclean objects="9980" bytes="492024" />
  <remembered-set-cleared processed="23794" cleared="1104" durationms="0.148" />
  <stringconstants candidates="4574" cleared="0"  />
</gc-op>
<gc-op id="750" type="classunload" timems="0.002" contextid="746" timestamp="2019-07-02T20:10:57.810">
  <classunload-info classloadercandidates="8" classloadersunloaded="0" classesunloaded="0" anonymousclassesunloaded="0" quiescems="0.000" setupms="0.002" scanms="0.000" postms="0.000" />
</gc-op>
<gc-end id="751" type="partial gc" contextid="746" durationms="3.116" usertimems="8.000" systemtimems="0.000" timestamp="2019-07-02T20:10:57.810" activeThreads="4">
  <mem-info id="752" free="58720256" total="120586240" percent="48">
    <mem type="eden" free="579216" total="1048576" percent="55" />
    <remembered-set count="30656" freebytes="4690816" totalbytes="4813440" percent="97" regionsoverflowed="0" regionsstable="2" regionsrebuilding="0"/>
  </mem-info>
</gc-end>
<cycle-end id="753" type="partial gc" contextid="746" timestamp="2019-07-02T20:10:57.810">
  <attribute name="GC Util" value="68" />
  <attribute name="CPU Util" value="85817170360633" />
  <attribute name="Time Running"value="2644"/>
  <attribute name="Number of cores"value="4"/>
</cycle-end>
<exclusive-end id="754" timestamp="2019-07-02T20:10:57.811" durationms="3.935" />

<exclusive-start id="755" timestamp="2019-07-02T20:10:57.853" intervalms="46.136">
  <response-info timems="0.041" idlems="0.041" threads="0" lastid="0000000000DFE900" lastname="Thread-7" />
</exclusive-start>
<allocation-taxation id="756" taxation-threshold="36700160" timestamp="2019-07-02T20:10:57.853" intervalms="46.145" />
<cycle-start id="757" type="partial gc" contextid="0" timestamp="2019-07-02T20:10:57.853" intervalms="46.162" />
  <attribute name="GC Util" value="68" />
  <attribute name="CPU Util" value="85817170360633" />
  <attribute name="Time Running"value="2644"/>
  <attribute name="Number of cores"value="4"/>
<gc-start id="758" type="partial gc" contextid="757" timestamp="2019-07-02T20:10:57.853">
  <mem-info id="759" free="22020096" total="120586240" percent="18">
    <mem type="eden" free="0" total="36700160" percent="0" />
    <remembered-set count="30432" freebytes="4691712" totalbytes="4813440" percent="97" regionsoverflowed="0" regionsstable="2" regionsrebuilding="0"/>
  </mem-info>
</gc-start>
<allocation-stats totalBytes="36695544" >
  <allocated-bytes non-tlh="0" tlh="36695544" arrayletleaf="0"/>
  <largest-consumer threadName="Thread-7" threadId="0000000000DFE900" bytes="12040552" />
</allocation-stats>
<gc-op id="760" type="copy forward" timems="2.188" contextid="757" timestamp="2019-07-02T20:10:57.856">
  <memory-copied type="eden" objects="6326" bytes="153616" bytesdiscarded="13608" />
  <memory-copied type="other" objects="20850" bytes="775152" bytesdiscarded="49536" />
  <memory-cardclean objects="10928" bytes="571296" />
  <remembered-set-cleared processed="25170" cleared="976" durationms="0.140" />
  <stringconstants candidates="4574" cleared="0"  />
</gc-op>
<gc-op id="761" type="classunload" timems="0.003" contextid="757" timestamp="2019-07-02T20:10:57.856">
  <classunload-info classloadercandidates="8" classloadersunloaded="0" classesunloaded="0" anonymousclassesunloaded="0" quiescems="0.000" setupms="0.002" scanms="0.000" postms="0.000" />
</gc-op>
<gc-end id="762" type="partial gc" contextid="757" durationms="3.219" usertimems="8.000" systemtimems="0.000" timestamp="2019-07-02T20:10:57.856" activeThreads="4">
  <mem-info id="763" free="57671680" total="120586240" percent="47">
    <mem type="eden" free="881352" total="1048576" percent="84" />
    <remembered-set count="31712" freebytes="4686592" totalbytes="4813440" percent="97" regionsoverflowed="0" regionsstable="2" regionsrebuilding="0"/>
  </mem-info>
</gc-end>
<cycle-end id="764" type="partial gc" contextid="757" timestamp="2019-07-02T20:10:57.857">
  <attribute name="GC Util" value="58" />
  <attribute name="CPU Util" value="73114903950897" />
  <attribute name="Time Running"value="2691"/>
  <attribute name="Number of cores"value="4"/>
</cycle-end>
<exclusive-end id="765" timestamp="2019-07-02T20:10:57.857" durationms="4.049" />

<exclusive-start id="766" timestamp="2019-07-02T20:10:57.896" intervalms="43.773">
  <response-info timems="0.043" idlems="0.024" threads="1" lastid="0000000000DFAD00" lastname="Thread-8" />
</exclusive-start>
<allocation-taxation id="767" taxation-threshold="36700160" timestamp="2019-07-02T20:10:57.897" intervalms="43.769" />
<cycle-start id="768" type="partial gc" contextid="0" timestamp="2019-07-02T20:10:57.897" intervalms="43.780" />
  <attribute name="GC Util" value="58" />
  <attribute name="CPU Util" value="73114903950897" />
  <attribute name="Time Running"value="2691"/>
  <attribute name="Number of cores"value="4"/>
<gc-start id="769" type="partial gc" contextid="768" timestamp="2019-07-02T20:10:57.897">
  <mem-info id="770" free="20971520" total="120586240" percent="17">
    <mem type="eden" free="0" total="36700160" percent="0" />
    <remembered-set count="31712" freebytes="4686592" totalbytes="4813440" percent="97" regionsoverflowed="0" regionsstable="2" regionsrebuilding="0"/>
  </mem-info>
</gc-start>
<allocation-stats totalBytes="36695952" >
  <allocated-bytes non-tlh="0" tlh="36695952" arrayletleaf="0"/>
  <largest-consumer threadName="Thread-7" threadId="0000000000DFE900" bytes="12319440" />
</allocation-stats>
<gc-op id="771" type="copy forward" timems="2.405" contextid="768" timestamp="2019-07-02T20:10:57.900">
  <memory-copied type="eden" objects="15276" bytes="643320" bytesdiscarded="16768" />
  <memory-copied type="other" objects="20608" bytes="631968" bytesdiscarded="28968" />
  <memory-cardclean objects="17465" bytes="873936" />
  <remembered-set-cleared processed="25576" cleared="2658" durationms="0.150" />
  <stringconstants candidates="4574" cleared="0"  />
</gc-op>
<gc-op id="772" type="classunload" timems="0.003" contextid="768" timestamp="2019-07-02T20:10:57.900">
  <classunload-info classloadercandidates="8" classloadersunloaded="0" classesunloaded="0" anonymousclassesunloaded="0" quiescems="0.000" setupms="0.003" scanms="0.000" postms="0.000" />
</gc-op>
<gc-end id="773" type="partial gc" contextid="768" durationms="3.339" usertimems="0.000" systemtimems="4.000" timestamp="2019-07-02T20:10:57.900" activeThreads="4">
  <mem-info id="774" free="56623104" total="120586240" percent="46">
    <mem type="eden" free="388488" total="1048576" percent="37" />
    <remembered-set count="31904" freebytes="4685824" totalbytes="4813440" percent="97" regionsoverflowed="0" regionsstable="2" regionsrebuilding="0"/>
  </mem-info>
</gc-end>
<cycle-end id="775" type="partial gc" contextid="768" timestamp="2019-07-02T20:10:57.900">
  <attribute name="GC Util" value="71" />
  <attribute name="CPU Util" value="97533701522755" />
  <attribute name="Time Running"value="2734"/>
  <attribute name="Number of cores"value="4"/>
</cycle-end>
<exclusive-end id="776" timestamp="2019-07-02T20:10:57.901" durationms="4.085" />

<exclusive-start id="777" timestamp="2019-07-02T20:10:57.928" intervalms="31.602">
  <response-info timems="0.036" idlems="0.036" threads="0" lastid="0000000000DFAD00" lastname="Thread-8" />
</exclusive-start>
<allocation-taxation id="778" taxation-threshold="36700160" timestamp="2019-07-02T20:10:57.928" intervalms="31.587" />
<cycle-start id="779" type="partial gc" contextid="0" timestamp="2019-07-02T20:10:57.928" intervalms="31.555" />
  <attribute name="GC Util" value="71" />
  <attribute name="CPU Util" value="97533701522755" />
  <attribute name="Time Running"value="2734"/>
  <attribute name="Number of cores"value="4"/>
<gc-start id="780" type="partial gc" contextid="779" timestamp="2019-07-02T20:10:57.929">
  <mem-info id="781" free="19922944" total="120586240" percent="16">
    <mem type="eden" free="0" total="36700160" percent="0" />
    <remembered-set count="31520" freebytes="4687360" totalbytes="4813440" percent="97" regionsoverflowed="0" regionsstable="2" regionsrebuilding="0"/>
  </mem-info>
</gc-start>
<allocation-stats totalBytes="36695872" >
  <allocated-bytes non-tlh="0" tlh="36695872" arrayletleaf="0"/>
  <largest-consumer threadName="Thread-7" threadId="0000000000DFE900" bytes="11573936" />
</allocation-stats>
<gc-op id="782" type="copy forward" timems="2.420" contextid="779" timestamp="2019-07-02T20:10:57.932">
  <memory-copied type="eden" objects="8629" bytes="346680" bytesdiscarded="30488" />
  <memory-copied type="other" objects="23172" bytes="830880" bytesdiscarded="57608" />
  <memory-cardclean objects="15942" bytes="800616" />
  <remembered-set-cleared processed="25715" cleared="2972" durationms="0.161" />
  <stringconstants candidates="4574" cleared="0"  />
</gc-op>
<gc-op id="783" type="classunload" timems="0.002" contextid="779" timestamp="2019-07-02T20:10:57.932">
  <classunload-info classloadercandidates="8" classloadersunloaded="0" classesunloaded="0" anonymousclassesunloaded="0" quiescems="0.000" setupms="0.002" scanms="0.000" postms="0.000" />
</gc-op>
<gc-end id="784" type="partial gc" contextid="779" durationms="3.445" usertimems="4.000" systemtimems="0.000" timestamp="2019-07-02T20:10:57.932" activeThreads="4">
  <mem-info id="785" free="55574528" total="120586240" percent="46">
    <mem type="eden" free="671408" total="1048576" percent="64" />
    <remembered-set count="32288" freebytes="4684288" totalbytes="4813440" percent="97" regionsoverflowed="0" regionsstable="2" regionsrebuilding="0"/>
  </mem-info>
</gc-end>
<cycle-end id="786" type="partial gc" contextid="779" timestamp="2019-07-02T20:10:57.932">
  <attribute name="GC Util" value="72" />
  <attribute name="CPU Util" value="84231323312274" />
  <attribute name="Time Running"value="2766"/>
  <attribute name="Number of cores"value="4"/>
</cycle-end>
<exclusive-end id="787" timestamp="2019-07-02T20:10:57.932" durationms="4.261" />

<exclusive-start id="788" timestamp="2019-07-02T20:10:57.952" intervalms="23.484">
  <response-info timems="0.025" idlems="0.025" threads="0" lastid="0000000000DFE900" lastname="Thread-7" />
</exclusive-start>
<allocation-taxation id="789" taxation-threshold="36700160" timestamp="2019-07-02T20:10:57.952" intervalms="23.497" />
<cycle-start id="790" type="partial gc" contextid="0" timestamp="2019-07-02T20:10:57.952" intervalms="23.555" />
  <attribute name="GC Util" value="72" />
  <attribute name="CPU Util" value="84231323312274" />
  <attribute name="Time Running"value="2766"/>
  <attribute name="Number of cores"value="4"/>
<gc-start id="791" type="partial gc" contextid="790" timestamp="2019-07-02T20:10:57.952">
  <mem-info id="792" free="18874368" total="120586240" percent="15">
    <mem type="eden" free="0" total="36700160" percent="0" />
    <remembered-set count="31904" freebytes="4685824" totalbytes="4813440" percent="97" regionsoverflowed="0" regionsstable="2" regionsrebuilding="0"/>
  </mem-info>
</gc-start>
<allocation-stats totalBytes="36696040" >
  <allocated-bytes non-tlh="0" tlh="36696040" arrayletleaf="0"/>
  <largest-consumer threadName="Thread-8" threadId="0000000000DFAD00" bytes="10873824" />
</allocation-stats>
<gc-op id="793" type="copy forward" timems="2.088" contextid="790" timestamp="2019-07-02T20:10:57.955">
  <memory-copied type="eden" objects="2953" bytes="72632" bytesdiscarded="14664" />
  <memory-copied type="other" objects="29237" bytes="1113816" bytesdiscarded="98488" />
  <memory-cardclean objects="12308" bytes="603864" />
  <remembered-set-cleared processed="25350" cleared="1430" durationms="0.144" />
  <stringconstants candidates="4574" cleared="0"  />
</gc-op>
<gc-op id="794" type="classunload" timems="0.002" contextid="790" timestamp="2019-07-02T20:10:57.955">
  <classunload-info classloadercandidates="8" classloadersunloaded="0" classesunloaded="0" anonymousclassesunloaded="0" quiescems="0.000" setupms="0.002" scanms="0.000" postms="0.000" />
</gc-op>
<gc-end id="795" type="partial gc" contextid="790" durationms="3.023" usertimems="8.000" systemtimems="0.000" timestamp="2019-07-02T20:10:57.955" activeThreads="4">
  <mem-info id="796" free="54525952" total="120586240" percent="45">
    <mem type="eden" free="961280" total="1048576" percent="91" />
    <remembered-set count="32576" freebytes="4683136" totalbytes="4813440" percent="97" regionsoverflowed="0" regionsstable="2" regionsrebuilding="0"/>
  </mem-info>
</gc-end>
<cycle-end id="797" type="partial gc" contextid="790" timestamp="2019-07-02T20:10:57.955">
  <attribute name="GC Util" value="59" />
  <attribute name="CPU Util" value="93578442392433" />
  <attribute name="Time Running"value="2789"/>
  <attribute name="Number of cores"value="4"/>
</cycle-end>
<exclusive-end id="798" timestamp="2019-07-02T20:10:57.955" durationms="3.814" />

<exclusive-start id="799" timestamp="2019-07-02T20:10:57.974" intervalms="22.812">
  <response-info timems="0.024" idlems="0.024" threads="0" lastid="0000000000DF7100" lastname="Thread-9" />
</exclusive-start>
<allocation-taxation id="800" taxation-threshold="36700160" timestamp="2019-07-02T20:10:57.975" intervalms="22.799" />
<cycle-start id="801" type="partial gc" contextid="0" timestamp="2019-07-02T20:10:57.975" intervalms="22.745" />
  <attribute name="GC Util" value="59" />
  <attribute name="CPU Util" value="93578442392433" />
  <attribute name="Time Running"value="2789"/>
  <attribute name="Number of cores"value="4"/>
<gc-start id="802" type="partial gc" contextid="801" timestamp="2019-07-02T20:10:57.975">
  <mem-info id="803" free="17825792" total="120586240" percent="14">
    <mem type="eden" free="0" total="36700160" percent="0" />
    <remembered-set count="32384" freebytes="4683904" totalbytes="4813440" percent="97" regionsoverflowed="0" regionsstable="2" regionsrebuilding="0"/>
  </mem-info>
</gc-start>
<allocation-stats totalBytes="36696416" >
  <allocated-bytes non-tlh="0" tlh="36696416" arrayletleaf="0"/>
  <largest-consumer threadName="Thread-7" threadId="0000000000DFE900" bytes="10808304" />
</allocation-stats>
<gc-op id="804" type="copy forward" timems="1.637" contextid="801" timestamp="2019-07-02T20:10:57.977">
  <memory-copied type="eden" objects="2793" bytes="68840" bytesdiscarded="2536" />
  <memory-copied type="other" objects="23302" bytes="971376" bytesdiscarded="53800" />
  <memory-cardclean objects="4569" bytes="228336" />
  <remembered-set-cleared processed="26383" cleared="2827" durationms="0.152" />
  <stringconstants candidates="4574" cleared="0"  />
</gc-op>
<gc-op id="805" type="classunload" timems="0.002" contextid="801" timestamp="2019-07-02T20:10:57.977">
  <classunload-info classloadercandidates="8" classloadersunloaded="0" classesunloaded="0" anonymousclassesunloaded="0" quiescems="0.000" setupms="0.002" scanms="0.000" postms="0.000" />
</gc-op>
<heap-resize id="806" type="expand" space="default" amount="20971520" count="1" timems="0.176" reason="excessive time being spent in gc" timestamp="2019-07-02T20:10:57.977" />
<gc-end id="807" type="partial gc" contextid="801" durationms="2.743" usertimems="4.000" systemtimems="0.000" timestamp="2019-07-02T20:10:57.978" activeThreads="4">
  <mem-info id="808" free="74448896" total="141557760" percent="52">
    <mem type="eden" free="977200" total="1048576" percent="93" />
    <remembered-set count="31200" freebytes="5525760" totalbytes="5650560" percent="97" regionsoverflowed="0" regionsstable="2" regionsrebuilding="0"/>
  </mem-info>
</gc-end>
<cycle-end id="809" type="partial gc" contextid="801" timestamp="2019-07-02T20:10:57.978">
  <attribute name="GC Util" value="70" />
  <attribute name="CPU Util" value="98816902196512" />
  <attribute name="Time Running"value="2812"/>
  <attribute name="Number of cores"value="4"/>
</cycle-end>
<exclusive-end id="810" timestamp="2019-07-02T20:10:57.978" durationms="3.519" />

<exclusive-start id="811" timestamp="2019-07-02T20:10:57.997" intervalms="22.849">
  <response-info timems="0.022" idlems="0.022" threads="0" lastid="0000000000E02500" lastname="Thread-10" />
</exclusive-start>
<allocation-taxation id="812" taxation-threshold="41943040" timestamp="2019-07-02T20:10:57.997" intervalms="22.856" />
<cycle-start id="813" type="partial gc" contextid="0" timestamp="2019-07-02T20:10:57.998" intervalms="22.888" />
  <attribute name="GC Util" value="70" />
  <attribute name="CPU Util" value="98816902196512" />
  <attribute name="Time Running"value="2812"/>
  <attribute name="Number of cores"value="4"/>
<gc-start id="814" type="partial gc" contextid="813" timestamp="2019-07-02T20:10:57.998">
  <mem-info id="815" free="32505856" total="141557760" percent="22">
    <mem type="eden" free="0" total="41943040" percent="0" />
    <remembered-set count="30944" freebytes="5526784" totalbytes="5650560" percent="97" regionsoverflowed="0" regionsstable="2" regionsrebuilding="0"/>
  </mem-info>
</gc-start>
<allocation-stats totalBytes="41938328" >
  <allocated-bytes non-tlh="0" tlh="41938328" arrayletleaf="0"/>
  <largest-consumer threadName="Thread-8" threadId="0000000000DFAD00" bytes="11029344" />
</allocation-stats>
<gc-op id="816" type="copy forward" timems="1.923" contextid="813" timestamp="2019-07-02T20:10:58.000">
  <memory-copied type="eden" objects="9280" bytes="361456" bytesdiscarded="21656" />
  <memory-copied type="other" objects="6005" bytes="144120" bytesdiscarded="7504" />
  <memory-cardclean objects="12145" bytes="643680" />
  <remembered-set-cleared processed="25431" cleared="2490" durationms="0.167" />
  <stringconstants candidates="4574" cleared="0"  />
</gc-op>
<gc-op id="817" type="classunload" timems="0.002" contextid="813" timestamp="2019-07-02T20:10:58.000">
  <classunload-info classloadercandidates="8" classloadersunloaded="0" classesunloaded="0" anonymousclassesunloaded="0" quiescems="0.000" setupms="0.002" scanms="0.000" postms="0.000" />
</gc-op>
<heap-resize id="818" type="expand" space="default" amount="24117248" count="1" timems="0.187" reason="excessive time being spent in gc" timestamp="2019-07-02T20:10:58.001" />
<gc-end id="819" type="partial gc" contextid="813" durationms="3.007" usertimems="4.000" systemtimems="0.000" timestamp="2019-07-02T20:10:58.001" activeThreads="4">
  <mem-info id="820" free="97517568" total="165675008" percent="58">
    <mem type="eden" free="665464" total="1048576" percent="63" />
    <remembered-set count="30944" freebytes="6489472" totalbytes="6613248" percent="98" regionsoverflowed="0" regionsstable="2" regionsrebuilding="0"/>
  </mem-info>
</gc-end>
<cycle-end id="821" type="partial gc" contextid="813" timestamp="2019-07-02T20:10:58.001">
  <attribute name="GC Util" value="65" />
  <attribute name="CPU Util" value="99320217702354" />
  <attribute name="Time Running"value="2835"/>
  <attribute name="Number of cores"value="4"/>
</cycle-end>
<exclusive-end id="822" timestamp="2019-07-02T20:10:58.001" durationms="3.668" />

<exclusive-start id="823" timestamp="2019-07-02T20:10:58.025" intervalms="27.738">
  <response-info timems="0.040" idlems="0.040" threads="0" lastid="0000000000DF7100" lastname="Thread-9" />
</exclusive-start>
<allocation-taxation id="824" taxation-threshold="47185920" timestamp="2019-07-02T20:10:58.025" intervalms="27.729" />
<cycle-start id="825" type="partial gc" contextid="0" timestamp="2019-07-02T20:10:58.025" intervalms="27.659" />
  <attribute name="GC Util" value="65" />
  <attribute name="CPU Util" value="99320217702354" />
  <attribute name="Time Running"value="2835"/>
  <attribute name="Number of cores"value="4"/>
<gc-start id="826" type="partial gc" contextid="825" timestamp="2019-07-02T20:10:58.025">
  <mem-info id="827" free="50331648" total="165675008" percent="30">
    <mem type="eden" free="0" total="47185920" percent="0" />
    <remembered-set count="30624" freebytes="6490752" totalbytes="6613248" percent="98" regionsoverflowed="0" regionsstable="2" regionsrebuilding="0"/>
  </mem-info>
</gc-start>
<allocation-stats totalBytes="47179536" >
  <allocated-bytes non-tlh="0" tlh="47179536" arrayletleaf="0"/>
  <largest-consumer threadName="Thread-7" threadId="0000000000DFE900" bytes="13990048" />
</allocation-stats>
<gc-op id="828" type="copy forward" timems="2.002" contextid="825" timestamp="2019-07-02T20:10:58.028">
  <memory-copied type="eden" objects="10545" bytes="392160" bytesdiscarded="40496" />
  <memory-copied type="other" objects="11556" bytes="414720" bytesdiscarded="22728" />
  <memory-cardclean objects="10689" bytes="540792" />
  <remembered-set-cleared processed="25420" cleared="2060" durationms="0.154" />
  <stringconstants candidates="4574" cleared="0"  />
</gc-op>
<gc-op id="829" type="classunload" timems="0.002" contextid="825" timestamp="2019-07-02T20:10:58.028">
  <classunload-info classloadercandidates="8" classloadersunloaded="0" classesunloaded="0" anonymousclassesunloaded="0" quiescems="0.000" setupms="0.002" scanms="0.000" postms="0.000" />
</gc-op>
<heap-resize id="830" type="expand" space="default" amount="5242880" count="1" timems="0.080" reason="excessive time being spent in gc" timestamp="2019-07-02T20:10:58.028" />
<gc-end id="831" type="partial gc" contextid="825" durationms="2.971" usertimems="8.000" systemtimems="0.000" timestamp="2019-07-02T20:10:58.028" activeThreads="4">
  <mem-info id="832" free="102760448" total="170917888" percent="60">
    <mem type="eden" free="615920" total="1048576" percent="58" />
    <remembered-set count="31520" freebytes="6696448" totalbytes="6822528" percent="98" regionsoverflowed="0" regionsstable="2" regionsrebuilding="0"/>
  </mem-info>
</gc-end>
<cycle-end id="833" type="partial gc" contextid="825" timestamp="2019-07-02T20:10:58.028">
  <attribute name="GC Util" value="80" />
  <attribute name="CPU Util" value="100655022635127" />
  <attribute name="Time Running"value="2863"/>
  <attribute name="Number of cores"value="4"/>
</cycle-end>
<exclusive-end id="834" timestamp="2019-07-02T20:10:58.029" durationms="3.588" />

<exclusive-start id="835" timestamp="2019-07-02T20:10:58.112" intervalms="87.093">
  <response-info timems="0.205" idlems="0.205" threads="0" lastid="0000000000DFAD00" lastname="Thread-8" />
</exclusive-start>
<allocation-taxation id="836" taxation-threshold="49283072" timestamp="2019-07-02T20:10:58.112" intervalms="87.073" />
<cycle-start id="837" type="partial gc" contextid="0" timestamp="2019-07-02T20:10:58.112" intervalms="87.071" />
  <attribute name="GC Util" value="80" />
  <attribute name="CPU Util" value="100655022635127" />
  <attribute name="Time Running"value="2863"/>
  <attribute name="Number of cores"value="4"/>
<gc-start id="838" type="partial gc" contextid="837" timestamp="2019-07-02T20:10:58.112">
  <mem-info id="839" free="53477376" total="170917888" percent="31">
    <mem type="eden" free="0" total="49283072" percent="0" />
    <remembered-set count="31232" freebytes="6697600" totalbytes="6822528" percent="98" regionsoverflowed="0" regionsstable="2" regionsrebuilding="0"/>
  </mem-info>
</gc-start>
<allocation-stats totalBytes="49277088" >
  <allocated-bytes non-tlh="0" tlh="49277088" arrayletleaf="0"/>
  <largest-consumer threadName="Thread-9" threadId="0000000000DF7100" bytes="14145848" />
</allocation-stats>
<gc-op id="840" type="copy forward" timems="1.953" contextid="837" timestamp="2019-07-02T20:10:58.115">
  <memory-copied type="eden" objects="7608" bytes="321624" bytesdiscarded="27832" />
  <memory-copied type="other" objects="13283" bytes="593544" bytesdiscarded="17008" />
  <memory-cardclean objects="3536" bytes="169920" />
  <remembered-set-cleared processed="25203" cleared="3039" durationms="0.150" />
  <stringconstants candidates="4574" cleared="0"  />
</gc-op>
<gc-op id="841" type="classunload" timems="0.002" contextid="837" timestamp="2019-07-02T20:10:58.115">
  <classunload-info classloadercandidates="8" classloadersunloaded="0" classesunloaded="0" anonymousclassesunloaded="0" quiescems="0.000" setupms="0.002" scanms="0.000" postms="0.000" />
</gc-op>
<gc-end id="842" type="partial gc" contextid="837" durationms="2.827" usertimems="0.000" systemtimems="4.000" timestamp="2019-07-02T20:10:58.115" activeThreads="4">
  <mem-info id="843" free="103809024" total="170917888" percent="60">
    <mem type="eden" free="699120" total="1048576" percent="66" />
    <remembered-set count="28608" freebytes="6708096" totalbytes="6822528" percent="98" regionsoverflowed="0" regionsstable="2" regionsrebuilding="0"/>
  </mem-info>
</gc-end>
<cycle-end id="844" type="partial gc" contextid="837" timestamp="2019-07-02T20:10:58.115">
  <attribute name="GC Util" value="84" />
  <attribute name="CPU Util" value="96226644788857" />
  <attribute name="Time Running"value="2950"/>
  <attribute name="Number of cores"value="4"/>
</cycle-end>
<exclusive-end id="845" timestamp="2019-07-02T20:10:58.116" durationms="3.555" />

<exclusive-start id="846" timestamp="2019-07-02T20:10:58.203" intervalms="91.226">
  <response-info timems="0.223" idlems="0.223" threads="0" lastid="0000000000E02500" lastname="Thread-10" />
</exclusive-start>
<allocation-taxation id="847" taxation-threshold="49283072" timestamp="2019-07-02T20:10:58.203" intervalms="91.295" />
<cycle-start id="848" type="partial gc" contextid="0" timestamp="2019-07-02T20:10:58.204" intervalms="91.343" />
  <attribute name="GC Util" value="84" />
  <attribute name="CPU Util" value="96226644788857" />
  <attribute name="Time Running"value="2950"/>
  <attribute name="Number of cores"value="4"/>
<gc-start id="849" type="partial gc" contextid="848" timestamp="2019-07-02T20:10:58.204">
  <mem-info id="850" free="54525952" total="170917888" percent="31">
    <mem type="eden" free="0" total="49283072" percent="0" />
    <remembered-set count="28320" freebytes="6709248" totalbytes="6822528" percent="98" regionsoverflowed="0" regionsstable="2" regionsrebuilding="0"/>
  </mem-info>
</gc-start>
<allocation-stats totalBytes="49277048" >
  <allocated-bytes non-tlh="0" tlh="49277048" arrayletleaf="0"/>
  <largest-consumer threadName="Thread-10" threadId="0000000000E02500" bytes="14174272" />
</allocation-stats>
<gc-op id="851" type="copy forward" timems="1.777" contextid="848" timestamp="2019-07-02T20:10:58.206">
  <memory-copied type="eden" objects="9930" bytes="377712" bytesdiscarded="23528" />
  <memory-copied type="other" objects="14068" bytes="612384" bytesdiscarded="35248" />
  <memory-cardclean objects="6071" bytes="315144" />
  <remembered-set-cleared processed="23042" cleared="697" durationms="0.142" />
  <stringconstants candidates="4574" cleared="0"  />
</gc-op>
<gc-op id="852" type="classunload" timems="0.004" contextid="848" timestamp="2019-07-02T20:10:58.207">
  <classunload-info classloadercandidates="8" classloadersunloaded="0" classesunloaded="0" anonymousclassesunloaded="0" quiescems="0.000" setupms="0.004" scanms="0.000" postms="0.000" />
</gc-op>
<gc-end id="853" type="partial gc" contextid="848" durationms="2.809" usertimems="8.000" systemtimems="0.000" timestamp="2019-07-02T20:10:58.207" activeThreads="4">
  <mem-info id="854" free="102760448" total="170917888" percent="60">
    <mem type="eden" free="647336" total="1048576" percent="61" />
    <remembered-set count="29344" freebytes="6705152" totalbytes="6822528" percent="98" regionsoverflowed="0" regionsstable="2" regionsrebuilding="0"/>
  </mem-info>
</gc-end>
<cycle-end id="855" type="partial gc" contextid="848" timestamp="2019-07-02T20:10:58.207">
  <attribute name="GC Util" value="59" />
  <attribute name="CPU Util" value="79925234107961" />
  <attribute name="Time Running"value="3041"/>
  <attribute name="Number of cores"value="4"/>
</cycle-end>
<exclusive-end id="856" timestamp="2019-07-02T20:10:58.207" durationms="3.674" />

<exclusive-start id="857" timestamp="2019-07-02T20:10:58.294" intervalms="90.452">
  <response-info timems="0.047" idlems="0.047" threads="0" lastid="0000000000DF7100" lastname="Thread-9" />
</exclusive-start>
<allocation-taxation id="858" taxation-threshold="49283072" timestamp="2019-07-02T20:10:58.294" intervalms="90.416" />
<cycle-start id="859" type="partial gc" contextid="0" timestamp="2019-07-02T20:10:58.294" intervalms="90.371" />
  <attribute name="GC Util" value="59" />
  <attribute name="CPU Util" value="79925234107961" />
  <attribute name="Time Running"value="3041"/>
  <attribute name="Number of cores"value="4"/>
<gc-start id="860" type="partial gc" contextid="859" timestamp="2019-07-02T20:10:58.294">
  <mem-info id="861" free="53477376" total="170917888" percent="31">
    <mem type="eden" free="0" total="49283072" percent="0" />
    <remembered-set count="29088" freebytes="6706176" totalbytes="6822528" percent="98" regionsoverflowed="0" regionsstable="2" regionsrebuilding="0"/>
  </mem-info>
</gc-start>
<allocation-stats totalBytes="49277192" >
  <allocated-bytes non-tlh="0" tlh="49277192" arrayletleaf="0"/>
  <largest-consumer threadName="Thread-9" threadId="0000000000DF7100" bytes="15714480" />
</allocation-stats>
<gc-op id="862" type="copy forward" timems="1.805" contextid="859" timestamp="2019-07-02T20:10:58.297">
  <memory-copied type="eden" objects="12952" bytes="450240" bytesdiscarded="26392" />
  <memory-copied type="other" objects="13932" bytes="609120" bytesdiscarded="46080" />
  <memory-cardclean objects="6206" bytes="321768" />
  <remembered-set-cleared processed="23624" cleared="1523" durationms="0.139" />
  <stringconstants candidates="4574" cleared="0"  />
</gc-op>
<gc-op id="863" type="classunload" timems="0.003" contextid="859" timestamp="2019-07-02T20:10:58.297">
  <classunload-info classloadercandidates="8" classloadersunloaded="0" classesunloaded="0" anonymousclassesunloaded="0" quiescems="0.000" setupms="0.003" scanms="0.000" postms="0.000" />
</gc-op>
<heap-resize id="864" type="contract" space="default" amount="9437184" count="1" timems="0.119" reason="insufficient time being spent in gc" timestamp="2019-07-02T20:10:58.297" />
<gc-end id="865" type="partial gc" contextid="859" durationms="2.839" usertimems="8.000" systemtimems="0.000" timestamp="2019-07-02T20:10:58.297" activeThreads="4">
  <mem-info id="866" free="93323264" total="161480704" percent="57">
    <mem type="eden" free="571944" total="1048576" percent="54" />
    <remembered-set count="29056" freebytes="6706304" totalbytes="6822528" percent="98" regionsoverflowed="0" regionsstable="2" regionsrebuilding="0"/>
  </mem-info>
</gc-end>
<cycle-end id="867" type="partial gc" contextid="859" timestamp="2019-07-02T20:10:58.297">
  <attribute name="GC Util" value="87" />
  <attribute name="CPU Util" value="98698998023181" />
  <attribute name="Time Running"value="3131"/>
  <attribute name="Number of cores"value="4"/>
</cycle-end>
<exclusive-end id="868" timestamp="2019-07-02T20:10:58.297" durationms="3.483" />

<exclusive-start id="869" timestamp="2019-07-02T20:10:58.362" intervalms="68.726">
  <response-info timems="0.154" idlems="0.087" threads="1" lastid="0000000000DFAD00" lastname="Thread-8" />
</exclusive-start>
<allocation-taxation id="870" taxation-threshold="47185920" timestamp="2019-07-02T20:10:58.363" intervalms="68.786" />
<cycle-start id="871" type="partial gc" contextid="0" timestamp="2019-07-02T20:10:58.363" intervalms="69.489" />
  <attribute name="GC Util" value="87" />
  <attribute name="CPU Util" value="98698998023181" />
  <attribute name="Time Running"value="3131"/>
  <attribute name="Number of cores"value="4"/>
<gc-start id="872" type="partial gc" contextid="871" timestamp="2019-07-02T20:10:58.364">
  <mem-info id="873" free="46137344" total="161480704" percent="28">
    <mem type="eden" free="0" total="47185920" percent="0" />
    <remembered-set count="28832" freebytes="6707200" totalbytes="6822528" percent="98" regionsoverflowed="0" regionsstable="2" regionsrebuilding="0"/>
  </mem-info>
</gc-start>
<allocation-stats totalBytes="47180152" >
  <allocated-bytes non-tlh="0" tlh="47180152" arrayletleaf="0"/>
  <largest-consumer threadName="Thread-10" threadId="0000000000E02500" bytes="14543128" />
</allocation-stats>
<gc-op id="874" type="copy forward" timems="2.262" contextid="871" timestamp="2019-07-02T20:10:58.367">
  <memory-copied type="eden" objects="17135" bytes="687680" bytesdiscarded="47176" />
  <memory-copied type="other" objects="13438" bytes="459888" bytesdiscarded="52192" />
  <memory-cardclean objects="10484" bytes="531024" />
  <remembered-set-cleared processed="23299" cleared="1012" durationms="0.185" />
  <stringconstants candidates="4574" cleared="0"  />
</gc-op>
<gc-op id="875" type="classunload" timems="0.002" contextid="871" timestamp="2019-07-02T20:10:58.367">
  <classunload-info classloadercandidates="8" classloadersunloaded="0" classesunloaded="0" anonymousclassesunloaded="0" quiescems="0.000" setupms="0.002" scanms="0.000" postms="0.000" />
</gc-op>
<heap-resize id="876" type="contract" space="default" amount="8388608" count="1" timems="0.056" reason="insufficient time being spent in gc" timestamp="2019-07-02T20:10:58.367" />
<gc-end id="877" type="partial gc" contextid="871" durationms="3.833" usertimems="8.000" systemtimems="0.000" timestamp="2019-07-02T20:10:58.368" activeThreads="4">
  <mem-info id="878" free="83886080" total="153092096" percent="54">
    <mem type="eden" free="313720" total="1048576" percent="29" />
    <remembered-set count="29760" freebytes="6326784" totalbytes="6445824" percent="98" regionsoverflowed="0" regionsstable="2" regionsrebuilding="0"/>
  </mem-info>
</gc-end>
<cycle-end id="879" type="partial gc" contextid="871" timestamp="2019-07-02T20:10:58.368">
  <attribute name="GC Util" value="29" />
  <attribute name="CPU Util" value="29049304395898" />
  <attribute name="Time Running"value="3202"/>
  <attribute name="Number of cores"value="4"/>
</cycle-end>
<exclusive-end id="880" timestamp="2019-07-02T20:10:58.368" durationms="5.447" />

<exclusive-start id="881" timestamp="2019-07-02T20:10:58.397" intervalms="34.267">
  <response-info timems="0.036" idlems="0.036" threads="0" lastid="0000000000DFE900" lastname="Thread-7" />
</exclusive-start>
<allocation-taxation id="882" taxation-threshold="45088768" timestamp="2019-07-02T20:10:58.397" intervalms="34.320" />
<cycle-start id="883" type="partial gc" contextid="0" timestamp="2019-07-02T20:10:58.397" intervalms="33.627" />
  <attribute name="GC Util" value="29" />
  <attribute name="CPU Util" value="29049304395898" />
  <attribute name="Time Running"value="3202"/>
  <attribute name="Number of cores"value="4"/>
<gc-start id="884" type="partial gc" contextid="883" timestamp="2019-07-02T20:10:58.397">
  <mem-info id="885" free="38797312" total="153092096" percent="25">
    <mem type="eden" free="0" total="45088768" percent="0" />
    <remembered-set count="29696" freebytes="6327040" totalbytes="6445824" percent="98" regionsoverflowed="0" regionsstable="2" regionsrebuilding="0"/>
  </mem-info>
</gc-start>
<allocation-stats totalBytes="45083016" >
  <allocated-bytes non-tlh="0" tlh="45083016" arrayletleaf="0"/>
  <largest-consumer threadName="Thread-9" threadId="0000000000DF7100" bytes="15349824" />
</allocation-stats>
<gc-op id="886" type="copy forward" timems="2.384" contextid="883" timestamp="2019-07-02T20:10:58.401">
  <memory-copied type="eden" objects="12372" bytes="436112" bytesdiscarded="31400" />
  <memory-copied type="other" objects="22374" bytes="811728" bytesdiscarded="42056" />
  <memory-cardclean objects="13574" bytes="683328" />
  <remembered-set-cleared processed="23907" cleared="1099" durationms="0.166" />
  <stringconstants candidates="4574" cleared="0"  />
</gc-op>
<gc-op id="887" type="classunload" timems="0.002" contextid="883" timestamp="2019-07-02T20:10:58.401">
  <classunload-info classloadercandidates="8" classloadersunloaded="0" classesunloaded="0" anonymousclassesunloaded="0" quiescems="0.000" setupms="0.002" scanms="0.000" postms="0.000" />
</gc-op>
<gc-end id="888" type="partial gc" contextid="883" durationms="3.696" usertimems="8.000" systemtimems="0.000" timestamp="2019-07-02T20:10:58.401" activeThreads="4">
  <mem-info id="889" free="82837504" total="153092096" percent="54">
    <mem type="eden" free="581064" total="1048576" percent="55" />
    <remembered-set count="31360" freebytes="5985536" totalbytes="6110976" percent="97" regionsoverflowed="0" regionsstable="2" regionsrebuilding="0"/>
  </mem-info>
</gc-end>
<cycle-end id="890" type="partial gc" contextid="883" timestamp="2019-07-02T20:10:58.401">
  <attribute name="GC Util" value="31" />
  <attribute name="CPU Util" value="30764929512096" />
  <attribute name="Time Running"value="3235"/>
  <attribute name="Number of cores"value="4"/>
</cycle-end>
<exclusive-end id="891" timestamp="2019-07-02T20:10:58.401" durationms="4.594" />

<exclusive-start id="892" timestamp="2019-07-02T20:10:58.433" intervalms="36.687">
  <response-info timems="0.036" idlems="0.036" threads="0" lastid="0000000000DFE900" lastname="Thread-7" />
</exclusive-start>
<allocation-taxation id="893" taxation-threshold="45088768" timestamp="2019-07-02T20:10:58.434" intervalms="36.603" />
<cycle-start id="894" type="partial gc" contextid="0" timestamp="2019-07-02T20:10:58.434" intervalms="36.699" />
  <attribute name="GC Util" value="31" />
  <attribute name="CPU Util" value="30764929512096" />
  <attribute name="Time Running"value="3235"/>
  <attribute name="Number of cores"value="4"/>
<gc-start id="895" type="partial gc" contextid="894" timestamp="2019-07-02T20:10:58.434">
  <mem-info id="896" free="37748736" total="153092096" percent="24">
    <mem type="eden" free="0" total="45088768" percent="0" />
    <remembered-set count="30912" freebytes="5987328" totalbytes="6110976" percent="97" regionsoverflowed="0" regionsstable="2" regionsrebuilding="0"/>
  </mem-info>
</gc-start>
<allocation-stats totalBytes="45082480" >
  <allocated-bytes non-tlh="0" tlh="45082480" arrayletleaf="0"/>
  <largest-consumer threadName="Thread-7" threadId="0000000000DFE900" bytes="16148376" />
</allocation-stats>
<gc-op id="897" type="copy forward" timems="2.085" contextid="894" timestamp="2019-07-02T20:10:58.437">
  <memory-copied type="eden" objects="13359" bytes="597144" bytesdiscarded="60520" />
  <memory-copied type="other" objects="18696" bytes="586080" bytesdiscarded="74208" />
  <memory-cardclean objects="11844" bytes="577536" />
  <remembered-set-cleared processed="23890" cleared="1605" durationms="0.147" />
  <stringconstants candidates="4574" cleared="0"  />
</gc-op>
<gc-op id="898" type="classunload" timems="0.003" contextid="894" timestamp="2019-07-02T20:10:58.437">
  <classunload-info classloadercandidates="8" classloadersunloaded="0" classesunloaded="0" anonymousclassesunloaded="0" quiescems="0.000" setupms="0.003" scanms="0.000" postms="0.000" />
</gc-op>
<gc-end id="899" type="partial gc" contextid="894" durationms="3.191" usertimems="8.000" systemtimems="0.000" timestamp="2019-07-02T20:10:58.437" activeThreads="4">
  <mem-info id="900" free="81788928" total="153092096" percent="53">
    <mem type="eden" free="390912" total="1048576" percent="37" />
    <remembered-set count="30272" freebytes="5989888" totalbytes="6110976" percent="98" regionsoverflowed="0" regionsstable="2" regionsrebuilding="0"/>
  </mem-info>
</gc-end>
<cycle-end id="901" type="partial gc" contextid="894" timestamp="2019-07-02T20:10:58.437">
  <attribute name="GC Util" value="67" />
  <attribute name="CPU Util" value="69682403804282" />
  <attribute name="Time Running"value="3272"/>
  <attribute name="Number of cores"value="4"/>
</cycle-end>
<exclusive-end id="902" timestamp="2019-07-02T20:10:58.438" durationms="4.205" />

<exclusive-start id="903" timestamp="2019-07-02T20:10:58.469" intervalms="35.819">
  <response-info timems="0.045" idlems="0.045" threads="0" lastid="0000000000DFE900" lastname="Thread-7" />
</exclusive-start>
<allocation-taxation id="904" taxation-threshold="45088768" timestamp="2019-07-02T20:10:58.469" intervalms="35.850" />
<cycle-start id="905" type="partial gc" contextid="0" timestamp="2019-07-02T20:10:58.470" intervalms="35.802" />
  <attribute name="GC Util" value="67" />
  <attribute name="CPU Util" value="69682403804282" />
  <attribute name="Time Running"value="3272"/>
  <attribute name="Number of cores"value="4"/>
<gc-start id="906" type="partial gc" contextid="905" timestamp="2019-07-02T20:10:58.470">
  <mem-info id="907" free="36700160" total="153092096" percent="23">
    <mem type="eden" free="0" total="45088768" percent="0" />
    <remembered-set count="29952" freebytes="5991168" totalbytes="6110976" percent="98" regionsoverflowed="0" regionsstable="2" regionsrebuilding="0"/>
  </mem-info>
</gc-start>
<allocation-stats totalBytes="45082672" >
  <allocated-bytes non-tlh="0" tlh="45082672" arrayletleaf="0"/>
  <largest-consumer threadName="Thread-7" threadId="0000000000DFE900" bytes="18290168" />
</allocation-stats>
<gc-op id="908" type="copy forward" timems="1.881" contextid="905" timestamp="2019-07-02T20:10:58.473">
  <memory-copied type="eden" objects="13773" bytes="606616" bytesdiscarded="45952" />
  <memory-copied type="other" objects="16000" bytes="658752" bytesdiscarded="26600" />
  <memory-cardclean objects="6350" bytes="313824" />
  <remembered-set-cleared processed="24572" cleared="1959" durationms="0.161" />
  <stringconstants candidates="4574" cleared="0"  />
</gc-op>
<gc-op id="909" type="classunload" timems="0.002" contextid="905" timestamp="2019-07-02T20:10:58.473">
  <classunload-info classloadercandidates="8" classloadersunloaded="0" classesunloaded="0" anonymousclassesunloaded="0" quiescems="0.000" setupms="0.002" scanms="0.000" postms="0.000" />
</gc-op>
<gc-end id="910" type="partial gc" contextid="905" durationms="2.975" usertimems="8.000" systemtimems="0.000" timestamp="2019-07-02T20:10:58.473" activeThreads="4">
  <mem-info id="911" free="81788928" total="153092096" percent="53">
    <mem type="eden" free="396008" total="1048576" percent="37" />
    <remembered-set count="29632" freebytes="5992448" totalbytes="6110976" percent="98" regionsoverflowed="0" regionsstable="2" regionsrebuilding="0"/>
  </mem-info>
</gc-end>
<cycle-end id="912" type="partial gc" contextid="905" timestamp="2019-07-02T20:10:58.473">
  <attribute name="GC Util" value="50" />
  <attribute name="CPU Util" value="66791743260211" />
  <attribute name="Time Running"value="3307"/>
  <attribute name="Number of cores"value="4"/>
</cycle-end>
<exclusive-end id="913" timestamp="2019-07-02T20:10:58.473" durationms="3.894" />

<exclusive-start id="914" timestamp="2019-07-02T20:10:58.503" intervalms="33.729">
  <response-info timems="0.047" idlems="0.026" threads="1" lastid="0000000000E02500" lastname="Thread-10" />
</exclusive-start>
<allocation-taxation id="915" taxation-threshold="45088768" timestamp="2019-07-02T20:10:58.503" intervalms="33.678" />
<cycle-start id="916" type="partial gc" contextid="0" timestamp="2019-07-02T20:10:58.503" intervalms="33.639" />
  <attribute name="GC Util" value="50" />
  <attribute name="CPU Util" value="66791743260211" />
  <attribute name="Time Running"value="3307"/>
  <attribute name="Number of cores"value="4"/>
<gc-start id="917" type="partial gc" contextid="916" timestamp="2019-07-02T20:10:58.504">
  <mem-info id="918" free="36700160" total="153092096" percent="23">
    <mem type="eden" free="0" total="45088768" percent="0" />
    <remembered-set count="29248" freebytes="5993984" totalbytes="6110976" percent="98" regionsoverflowed="0" regionsstable="2" regionsrebuilding="0"/>
  </mem-info>
</gc-start>
<allocation-stats totalBytes="45082704" >
  <allocated-bytes non-tlh="0" tlh="45082704" arrayletleaf="0"/>
  <largest-consumer threadName="Thread-7" threadId="0000000000DFE900" bytes="17974744" />
</allocation-stats>
<gc-op id="919" type="copy forward" timems="1.630" contextid="916" timestamp="2019-07-02T20:10:58.506">
  <memory-copied type="eden" objects="9833" bytes="374408" bytesdiscarded="38416" />
  <memory-copied type="other" objects="16503" bytes="808200" bytesdiscarded="34040" />
  <memory-cardclean objects="12" bytes="1488" />
  <remembered-set-cleared processed="23882" cleared="1983" durationms="0.141" />
  <stringconstants candidates="4574" cleared="0"  />
</gc-op>
<gc-op id="920" type="classunload" timems="0.003" contextid="916" timestamp="2019-07-02T20:10:58.506">
  <classunload-info classloadercandidates="8" classloadersunloaded="0" classesunloaded="0" anonymousclassesunloaded="0" quiescems="0.000" setupms="0.003" scanms="0.000" postms="0.000" />
</gc-op>
<gc-end id="921" type="partial gc" contextid="916" durationms="2.733" usertimems="8.000" systemtimems="0.000" timestamp="2019-07-02T20:10:58.506" activeThreads="4">
  <mem-info id="922" free="83886080" total="153092096" percent="54">
    <mem type="eden" free="635752" total="1048576" percent="60" />
    <remembered-set count="27296" freebytes="6001792" totalbytes="6110976" percent="98" regionsoverflowed="0" regionsstable="2" regionsrebuilding="0"/>
  </mem-info>
</gc-end>
<cycle-end id="923" type="partial gc" contextid="916" timestamp="2019-07-02T20:10:58.506">
  <attribute name="GC Util" value="65" />
  <attribute name="CPU Util" value="75586540468379" />
  <attribute name="Time Running"value="3341"/>
  <attribute name="Number of cores"value="4"/>
</cycle-end>
<exclusive-end id="924" timestamp="2019-07-02T20:10:58.507" durationms="3.653" />

<exclusive-start id="925" timestamp="2019-07-02T20:10:58.533" intervalms="30.142">
  <response-info timems="0.046" idlems="0.046" threads="0" lastid="0000000000DFE900" lastname="Thread-7" />
</exclusive-start>
<allocation-taxation id="926" taxation-threshold="45088768" timestamp="2019-07-02T20:10:58.533" intervalms="30.183" />
<cycle-start id="927" type="partial gc" contextid="0" timestamp="2019-07-02T20:10:58.533" intervalms="30.252" />
  <attribute name="GC Util" value="65" />
  <attribute name="CPU Util" value="75586540468379" />
  <attribute name="Time Running"value="3341"/>
  <attribute name="Number of cores"value="4"/>
<gc-start id="928" type="partial gc" contextid="927" timestamp="2019-07-02T20:10:58.534">
  <mem-info id="929" free="38797312" total="153092096" percent="25">
    <mem type="eden" free="0" total="45088768" percent="0" />
    <remembered-set count="27200" freebytes="6002176" totalbytes="6110976" percent="98" regionsoverflowed="0" regionsstable="2" regionsrebuilding="0"/>
  </mem-info>
</gc-start>
<allocation-stats totalBytes="45082496" >
  <allocated-bytes non-tlh="0" tlh="45082496" arrayletleaf="0"/>
  <largest-consumer threadName="Thread-7" threadId="0000000000DFE900" bytes="16410504" />
</allocation-stats>
<gc-op id="930" type="copy forward" timems="1.614" contextid="927" timestamp="2019-07-02T20:10:58.536">
  <memory-copied type="eden" objects="18624" bytes="722528" bytesdiscarded="67328" />
  <memory-copied type="other" objects="10592" bytes="528960" bytesdiscarded="24912" />
  <memory-cardclean objects="12" bytes="1488" />
  <remembered-set-cleared processed="22436" cleared="537" durationms="0.148" />
  <stringconstants candidates="4574" cleared="0"  />
</gc-op>
<gc-op id="931" type="classunload" timems="0.003" contextid="927" timestamp="2019-07-02T20:10:58.536">
  <classunload-info classloadercandidates="8" classloadersunloaded="0" classesunloaded="0" anonymousclassesunloaded="0" quiescems="0.000" setupms="0.003" scanms="0.000" postms="0.000" />
</gc-op>
<gc-end id="932" type="partial gc" contextid="927" durationms="2.647" usertimems="4.000" systemtimems="0.000" timestamp="2019-07-02T20:10:58.536" activeThreads="4">
  <mem-info id="933" free="83886080" total="153092096" percent="54">
    <mem type="eden" free="258720" total="1048576" percent="24" />
    <remembered-set count="27296" freebytes="6001792" totalbytes="6110976" percent="98" regionsoverflowed="0" regionsstable="2" regionsrebuilding="0"/>
  </mem-info>
</gc-end>
<cycle-end id="934" type="partial gc" contextid="927" timestamp="2019-07-02T20:10:58.537">
  <attribute name="GC Util" value="70" />
  <attribute name="CPU Util" value="89504721189330" />
  <attribute name="Time Running"value="3371"/>
  <attribute name="Number of cores"value="4"/>
</cycle-end>
<exclusive-end id="935" timestamp="2019-07-02T20:10:58.537" durationms="3.609" />

<exclusive-start id="936" timestamp="2019-07-02T20:10:58.561" intervalms="28.379">
  <response-info timems="0.034" idlems="0.029" threads="1" lastid="0000000000E02500" lastname="Thread-10" />
</exclusive-start>
<allocation-taxation id="937" taxation-threshold="45088768" timestamp="2019-07-02T20:10:58.562" intervalms="28.321" />
<cycle-start id="938" type="partial gc" contextid="0" timestamp="2019-07-02T20:10:58.562" intervalms="28.225" />
  <attribute name="GC Util" value="70" />
  <attribute name="CPU Util" value="89504721189330" />
  <attribute name="Time Running"value="3371"/>
  <attribute name="Number of cores"value="4"/>
<gc-start id="939" type="partial gc" contextid="938" timestamp="2019-07-02T20:10:58.562">
  <mem-info id="940" free="38797312" total="153092096" percent="25">
    <mem type="eden" free="0" total="45088768" percent="0" />
    <remembered-set count="27200" freebytes="6002176" totalbytes="6110976" percent="98" regionsoverflowed="0" regionsstable="2" regionsrebuilding="0"/>
  </mem-info>
</gc-start>
<allocation-stats totalBytes="45082344" >
  <allocated-bytes non-tlh="0" tlh="45082344" arrayletleaf="0"/>
  <largest-consumer threadName="Thread-7" threadId="0000000000DFE900" bytes="15750944" />
</allocation-stats>
<gc-op id="941" type="copy forward" timems="1.596" contextid="938" timestamp="2019-07-02T20:10:58.564">
  <memory-copied type="eden" objects="14098" bytes="614384" bytesdiscarded="46752" />
  <memory-copied type="other" objects="7969" bytes="328632" bytesdiscarded="20432" />
  <memory-cardclean objects="2652" bytes="147216" />
  <remembered-set-cleared processed="22342" cleared="441" durationms="0.126" />
  <stringconstants candidates="4574" cleared="0"  />
</gc-op>
<gc-op id="942" type="classunload" timems="0.002" contextid="938" timestamp="2019-07-02T20:10:58.564">
  <classunload-info classloadercandidates="8" classloadersunloaded="0" classesunloaded="0" anonymousclassesunloaded="0" quiescems="0.000" setupms="0.002" scanms="0.000" postms="0.000" />
</gc-op>
<gc-end id="943" type="partial gc" contextid="938" durationms="2.437" usertimems="8.000" systemtimems="0.000" timestamp="2019-07-02T20:10:58.564" activeThreads="4">
  <mem-info id="944" free="82837504" total="153092096" percent="54">
    <mem type="eden" free="387440" total="1048576" percent="36" />
    <remembered-set count="27808" freebytes="5999744" totalbytes="6110976" percent="98" regionsoverflowed="0" regionsstable="2" regionsrebuilding="0"/>
  </mem-info>
</gc-end>
<cycle-end id="945" type="partial gc" contextid="938" timestamp="2019-07-02T20:10:58.564">
  <attribute name="GC Util" value="81" />
  <attribute name="CPU Util" value="101054239423687" />
  <attribute name="Time Running"value="3399"/>
  <attribute name="Number of cores"value="4"/>
</cycle-end>
<exclusive-end id="946" timestamp="2019-07-02T20:10:58.565" durationms="3.057" />

<exclusive-start id="947" timestamp="2019-07-02T20:10:58.590" intervalms="28.376">
  <response-info timems="0.237" idlems="0.202" threads="1" lastid="0000000000DFAD00" lastname="Thread-8" />
</exclusive-start>
<allocation-taxation id="948" taxation-threshold="45088768" timestamp="2019-07-02T20:10:58.590" intervalms="28.367" />
<cycle-start id="949" type="partial gc" contextid="0" timestamp="2019-07-02T20:10:58.590" intervalms="28.378" />
  <attribute name="GC Util" value="81" />
  <attribute name="CPU Util" value="101054239423687" />
  <attribute name="Time Running"value="3399"/>
  <attribute name="Number of cores"value="4"/>
<gc-start id="950" type="partial gc" contextid="949" timestamp="2019-07-02T20:10:58.590">
  <mem-info id="951" free="37748736" total="153092096" percent="24">
    <mem type="eden" free="0" total="45088768" percent="0" />
    <remembered-set count="27392" freebytes="6001408" totalbytes="6110976" percent="98" regionsoverflowed="0" regionsstable="2" regionsrebuilding="0"/>
  </mem-info>
</gc-start>
<allocation-stats totalBytes="45081776" >
  <allocated-bytes non-tlh="0" tlh="45081776" arrayletleaf="0"/>
  <largest-consumer threadName="Thread-9" threadId="0000000000DF7100" bytes="16152208" />
</allocation-stats>
<gc-op id="952" type="copy forward" timems="1.392" contextid="949" timestamp="2019-07-02T20:10:58.592">
  <memory-copied type="eden" objects="6401" bytes="291280" bytesdiscarded="16608" />
  <memory-copied type="other" objects="8319" bytes="337032" bytesdiscarded="15952" />
  <memory-cardclean objects="3173" bytes="153216" />
  <remembered-set-cleared processed="22373" cleared="472" durationms="0.151" />
  <stringconstants candidates="4574" cleared="0"  />
</gc-op>
<gc-op id="953" type="classunload" timems="0.002" contextid="949" timestamp="2019-07-02T20:10:58.592">
  <classunload-info classloadercandidates="8" classloadersunloaded="0" classesunloaded="0" anonymousclassesunloaded="0" quiescems="0.000" setupms="0.002" scanms="0.000" postms="0.000" />
</gc-op>
<gc-end id="954" type="partial gc" contextid="949" durationms="2.244" usertimems="8.000" systemtimems="0.000" timestamp="2019-07-02T20:10:58.593" activeThreads="4">
  <mem-info id="955" free="81788928" total="153092096" percent="53">
    <mem type="eden" free="740688" total="1048576" percent="70" />
    <remembered-set count="27808" freebytes="5999744" totalbytes="6110976" percent="98" regionsoverflowed="0" regionsstable="2" regionsrebuilding="0"/>
  </mem-info>
</gc-end>
<cycle-end id="956" type="partial gc" contextid="949" timestamp="2019-07-02T20:10:58.593">
  <attribute name="GC Util" value="67" />
  <attribute name="CPU Util" value="88996473412698" />
  <attribute name="Time Running"value="3427"/>
  <attribute name="Number of cores"value="4"/>
</cycle-end>
<exclusive-end id="957" timestamp="2019-07-02T20:10:58.593" durationms="2.870" />

<exclusive-start id="958" timestamp="2019-07-02T20:10:58.631" intervalms="41.324">
  <response-info timems="0.121" idlems="0.121" threads="0" lastid="0000000000DFAD00" lastname="Thread-8" />
</exclusive-start>
<allocation-taxation id="959" taxation-threshold="45088768" timestamp="2019-07-02T20:10:58.631" intervalms="41.338" />
<cycle-start id="960" type="partial gc" contextid="0" timestamp="2019-07-02T20:10:58.631" intervalms="41.352" />
  <attribute name="GC Util" value="67" />
  <attribute name="CPU Util" value="88996473412698" />
  <attribute name="Time Running"value="3427"/>
  <attribute name="Number of cores"value="4"/>
<gc-start id="961" type="partial gc" contextid="960" timestamp="2019-07-02T20:10:58.632">
  <mem-info id="962" free="36700160" total="153092096" percent="23">
    <mem type="eden" free="0" total="45088768" percent="0" />
    <remembered-set count="27616" freebytes="6000512" totalbytes="6110976" percent="98" regionsoverflowed="0" regionsstable="2" regionsrebuilding="0"/>
  </mem-info>
</gc-start>
<allocation-stats totalBytes="45081952" >
  <allocated-bytes non-tlh="0" tlh="45081952" arrayletleaf="0"/>
  <largest-consumer threadName="Thread-8" threadId="0000000000DFAD00" bytes="12580992" />
</allocation-stats>
<gc-op id="963" type="copy forward" timems="1.417" contextid="960" timestamp="2019-07-02T20:10:58.634">
  <memory-copied type="eden" objects="1122" bytes="27312" bytesdiscarded="11344" />
  <memory-copied type="other" objects="4926" bytes="255600" bytesdiscarded="4040" />
  <memory-cardclean objects="12" bytes="1488" />
  <remembered-set-cleared processed="22415" cleared="516" durationms="0.164" />
  <stringconstants candidates="4574" cleared="0"  />
</gc-op>
<gc-op id="964" type="classunload" timems="0.003" contextid="960" timestamp="2019-07-02T20:10:58.634">
  <classunload-info classloadercandidates="8" classloadersunloaded="0" classesunloaded="0" anonymousclassesunloaded="0" quiescems="0.000" setupms="0.002" scanms="0.000" postms="0.000" />
</gc-op>
<gc-end id="965" type="partial gc" contextid="960" durationms="2.529" usertimems="4.000" systemtimems="0.000" timestamp="2019-07-02T20:10:58.634" activeThreads="4">
  <mem-info id="966" free="83886080" total="153092096" percent="54">
    <mem type="eden" free="1009920" total="1048576" percent="96" />
    <remembered-set count="27296" freebytes="6001792" totalbytes="6110976" percent="98" regionsoverflowed="0" regionsstable="2" regionsrebuilding="0"/>
  </mem-info>
</gc-end>
<cycle-end id="967" type="partial gc" contextid="960" timestamp="2019-07-02T20:10:58.634">
  <attribute name="GC Util" value="54" />
  <attribute name="CPU Util" value="64412171077385" />
  <attribute name="Time Running"value="3469"/>
  <attribute name="Number of cores"value="4"/>
</cycle-end>
<exclusive-end id="968" timestamp="2019-07-02T20:10:58.635" durationms="3.338" />

</verbosegc>

