<?xml version="1.0" ?>

<verbosegc xmlns="http://www.ibm.com/j9/verbosegc" version="6fe7bac_CMPRSS">

<initialized id="1" timestamp="2019-08-03T03:00:25.915">
  <attribute name="gcPolicy" value="-Xgcpolicy:balanced" />
  <attribute name="elasticGC enabled" value="1" />
  <attribute name= "numThreadsSpecified" value="0" />
  <attribute name="heapSize specified" value="0" />
  <attribute name= "numCores" value="0" />
  <attribute name ="GC Interval" value="0" />
  <attribute name="GC Util Range Max" value="0" />
  <attribute name="Current GC Util" value="0" />
  <attribute name= "Current Time Running" value="0" />
  <attribute name="maxHeapSize" value="0x7cb00000" />
  <attribute name="initialHeapSize" value="0x800000" />
  <attribute name="compressedRefs" value="true" />
  <attribute name="compressedRefsDisplacement" value="0x0" />
  <attribute name="compressedRefsShift" value="0x0" />
  <attribute name="pageSize" value="0x1000" />
  <attribute name="pageType" value="not used" />
  <attribute name="requestedPageSize" value="0x1000" />
  <attribute name="requestedPageType" value="not used" />
  <attribute name="gcthreads" value="8" />
  <attribute name="packetListSplit" value="8" />
  <attribute name="cacheListSplit" value="8" />
  <attribute name="splitFreeListSplitAmount" value="1" />
  <attribute name="numaNodes" value="0" />
  <region>
    <attribute name="regionSize" value="1048576" />
    <attribute name="regionCount" value="1995" />
    <attribute name="arrayletLeafSize" value="1048576" />
  </region>
  <system>
    <attribute name="physicalMemory" value="8370401280" />
    <attribute name="numCPUs" value="8" />
    <attribute name="architecture" value="amd64" />
    <attribute name="os" value="Linux" />
    <attribute name="osVersion" value="4.4.0-154-generic" />
  </system>
  <vmargs>
    <vmarg name="-Xoptionsfile=/vagrant/jdk/lib/options.default" />
    <vmarg name="-Xlockword:mode=default,noLockword=java/lang/String,noLockword=java/util/MapEntry,noLockword=java/util/HashMap$Entry,noLockword..." />
    <vmarg name="-Xjcl:jclse29" />
    <vmarg name="-Dcom.ibm.oti.vm.bootstrap.library.path=/vagrant/jdk/lib/compressedrefs:/vagrant/jdk/lib" />
    <vmarg name="-Dsun.boot.library.path=/vagrant/jdk/lib/compressedrefs:/vagrant/jdk/lib" />
    <vmarg name="-Djava.library.path=/vagrant/jdk/lib/compressedrefs:/vagrant/jdk/lib:/usr/lib64:/usr/lib" />
    <vmarg name="-Djava.home=/vagrant/jdk" />
    <vmarg name="-Duser.dir=/vagrant" />
    <vmarg name="-Xgcpolicy:balanced" />
    <vmarg name="-Xgcelastic" />
    <vmarg name="-Xcheck:gc:::elasticGC" />
    <vmarg name="-verbose:gc" />
    <vmarg name="-Xloggc:jdkR-small-BAL-8core-verbose15avrora.txt" />
    <vmarg name="-Djava.class.path=dacapo-9.12-MR1-bach.jar" />
    <vmarg name="-Dsun.java.command=dacapo-9.12-MR1-bach.jar avrora --size=small" />
    <vmarg name="-Dsun.java.launcher=SUN_STANDARD" />
    <vmarg name="-Dsun.java.launcher.pid=28219" />
  </vmargs>
</initialized>

<exclusive-start id="2" timestamp="2019-08-03T03:00:26.815" intervalms="900.757">
  <response-info timems="0.090" idlems="0.090" threads="0" lastid="0000000001BBDA00" lastname="main" />
</exclusive-start>
<sys-start reason="explicit" id="3" timestamp="2019-08-03T03:00:26.816" intervalms="901.263" />
<cycle-start id="4" type="global garbage collect" contextid="0" timestamp="2019-08-03T03:00:26.816" intervalms="901.501" />
<gc-start id="5" type="global garbage collect" contextid="4" timestamp="2019-08-03T03:00:26.816">
  <mem-info id="6" free="1662824" total="8388608" percent="19">
    <mem type="eden" free="614248" total="7340032" percent="8" />
    <remembered-set count="0" freebytes="334848" totalbytes="334848" percent="100" regionsoverflowed="0" regionsstable="0" regionsrebuilding="0"/>
  </mem-info>
</gc-start>
<allocation-stats totalBytes="6672296" >
  <allocated-bytes non-tlh="529728" tlh="6142568" arrayletleaf="0"/>
  <largest-consumer threadName="main" threadId="0000000001BBDA00" bytes="6579344" />
</allocation-stats>
<gc-op id="7" type="global mark" timems="3.783" contextid="4" timestamp="2019-08-03T03:00:26.821">
  <trace-info objectcount="17877" scancount="14148" scanbytes="464872" />
  <finalization candidates="14" enqueued="1" />
  <references type="soft" candidates="66" cleared="0" enqueued="0" dynamicThreshold="32" maxThreshold="32" />
  <references type="weak" candidates="553" cleared="411" enqueued="372" />
  <references type="phantom" candidates="99" cleared="41" enqueued="41" />
  <stringconstants candidates="2456" cleared="0"  />
</gc-op>
<gc-op id="8" type="classunload" timems="0.097" contextid="4" timestamp="2019-08-03T03:00:26.821">
  <classunload-info classloadercandidates="6" classloadersunloaded="0" classesunloaded="0" anonymousclassesunloaded="0" quiescems="0.000" setupms="0.097" scanms="0.000" postms="0.000" />
</gc-op>
<gc-op id="9" type="sweep" timems="0.612" contextid="4" timestamp="2019-08-03T03:00:26.822" />
<gc-op id="10" type="compact" timems="4.711" contextid="4" timestamp="2019-08-03T03:00:26.827">
  <compact-info movecount="17870" movebytes="857472" />
  <remembered-set-cleared processed="1169" cleared="1169" durationms="0.054" />
</gc-op>
<gc-end id="11" type="global garbage collect" contextid="4" durationms="11.031" usertimems="4.000" systemtimems="8.000" timestamp="2019-08-03T03:00:26.827" activeThreads="8">
  <mem-info id="12" free="7340032" total="8388608" percent="87">
    <pending-finalizers system="1" default="0" reference="413" classloader="0" />
    <remembered-set count="0" freebytes="334848" totalbytes="334848" percent="100" regionsoverflowed="0" regionsstable="0" regionsrebuilding="0"/>
  </mem-info>
</gc-end>
<cycle-end id="13" type="global garbage collect" contextid="4" timestamp="2019-08-03T03:00:26.828" />
  <attribute name="elasticGC enabled" value="1" />
  <attribute name= "numThreadsSpecified" value="0" />
  <attribute name="heapSize specified" value="0" />
  <attribute name= "numCores" value="8" />
  <attribute name ="GC Interval" value="0" />
  <attribute name ="Control flow" value="1" />
  <attribute name="GC Util Range Max" value="91" />
  <attribute name="Current GC Util" value="45" />
  <attribute name= "Current Time Running" value="5" />
<sys-end id="14" timestamp="2019-08-03T03:00:26.828" />
<exclusive-end id="15" timestamp="2019-08-03T03:00:26.828" durationms="12.451" />

<exclusive-start id="16" timestamp="2019-08-03T03:00:27.882" intervalms="1066.287">
  <response-info timems="0.032" idlems="0.032" threads="0" lastid="0000000001E82700" lastname="node-1" />
</exclusive-start>
<allocation-taxation id="17" taxation-threshold="7340032" timestamp="2019-08-03T03:00:27.882" intervalms="1967.205" />
<cycle-start id="18" type="partial gc" contextid="0" timestamp="2019-08-03T03:00:27.882" intervalms="1967.416" />
<gc-start id="19" type="partial gc" contextid="18" timestamp="2019-08-03T03:00:27.882">
  <mem-info id="20" free="0" total="8388608" percent="0">
    <mem type="eden" free="0" total="7340032" percent="0" />
    <remembered-set count="0" freebytes="334848" totalbytes="334848" percent="100" regionsoverflowed="0" regionsstable="0" regionsrebuilding="0"/>
  </mem-info>
</gc-start>
<allocation-stats totalBytes="7330104" >
  <allocated-bytes non-tlh="172800" tlh="7157304" arrayletleaf="0"/>
  <largest-consumer threadName="main" threadId="0000000001BBDA00" bytes="6150008" />
</allocation-stats>
<gc-op id="21" type="mark" timems="2.555" contextid="18" timestamp="2019-08-03T03:00:27.885">
  <trace-info objectcount="23847" scancount="20750" scanbytes="741084" />
  <cardclean-info objects="1187" bytes="40964" />
  <remembered-set-cleared processed="0" cleared="0" durationms="0.050" />
  <references type="weak" candidates="45" cleared="44" enqueued="44" />
  <references type="phantom" candidates="4" cleared="2" enqueued="2" />
  <stringconstants candidates="3831" cleared="0"  />
  <warning details="Mark invoked due to insufficient free space for Copy-Forward" />
</gc-op>
<gc-op id="22" type="classunload" timems="0.002" contextid="18" timestamp="2019-08-03T03:00:27.885">
  <classunload-info classloadercandidates="6" classloadersunloaded="0" classesunloaded="0" anonymousclassesunloaded="0" quiescems="0.000" setupms="0.001" scanms="0.000" postms="0.000" />
</gc-op>
<gc-op id="23" type="sweep" timems="0.392" contextid="18" timestamp="2019-08-03T03:00:27.886" />
<gc-op id="24" type="compact" timems="3.901" contextid="18" timestamp="2019-08-03T03:00:27.890">
  <compact-info movecount="23847" movebytes="1021632" />
  <remembered-set-cleared processed="819" cleared="819" durationms="0.050" />
</gc-op>
<gc-end id="25" type="partial gc" contextid="18" durationms="8.731" usertimems="8.000" systemtimems="0.000" timestamp="2019-08-03T03:00:27.891" activeThreads="2">
  <mem-info id="26" free="6291456" total="8388608" percent="75">
    <mem type="eden" free="26944" total="1048576" percent="2" />
    <pending-finalizers system="0" default="0" reference="46" classloader="0" />
    <remembered-set count="1024" freebytes="330752" totalbytes="334848" percent="98" regionsoverflowed="0" regionsstable="0" regionsrebuilding="0"/>
  </mem-info>
</gc-end>
<cycle-end id="27" type="partial gc" contextid="18" timestamp="2019-08-03T03:00:27.891" />
  <attribute name="elasticGC enabled" value="1" />
  <attribute name= "numThreadsSpecified" value="2" />
  <attribute name="heapSize specified" value="0" />
  <attribute name= "numCores" value="8" />
  <attribute name ="GC Interval" value="0" />
  <attribute name ="Control flow" value="2" />
  <attribute name="GC Util Range Max" value="91" />
  <attribute name="Current GC Util" value="44" />
  <attribute name= "Current Time Running" value="1069" />
<exclusive-end id="28" timestamp="2019-08-03T03:00:27.891" durationms="9.700" />

<exclusive-start id="29" timestamp="2019-08-03T03:00:29.014" intervalms="1132.520">
  <response-info timems="0.040" idlems="0.040" threads="0" lastid="0000000001E89F00" lastname="node-2" />
</exclusive-start>
<allocation-taxation id="30" taxation-threshold="3145728" timestamp="2019-08-03T03:00:29.014" intervalms="1132.461" />
<cycle-start id="31" type="global mark phase" contextid="0" timestamp="2019-08-03T03:00:29.014" intervalms="3099.768" />
<gc-start id="32" type="global mark phase" contextid="31" timestamp="2019-08-03T03:00:29.014">
  <mem-info id="33" free="3145728" total="8388608" percent="37">
    <remembered-set count="544" freebytes="332672" totalbytes="334848" percent="99" regionsoverflowed="0" regionsstable="0" regionsrebuilding="0"/>
  </mem-info>
</gc-start>
<gc-op id="34" type="mark increment" timems="0.598" contextid="31" timestamp="2019-08-03T03:00:29.015">
  <trace-info objectcount="178" scancount="0" scanbytes="0" />
</gc-op>
<gc-end id="35" type="global mark phase" contextid="31" durationms="0.717" usertimems="4.000" systemtimems="0.000" timestamp="2019-08-03T03:00:29.015" activeThreads="8">
  <mem-info id="36" free="3145728" total="8388608" percent="37">
    <remembered-set count="544" freebytes="332672" totalbytes="334848" percent="99" regionsoverflowed="0" regionsstable="0" regionsrebuilding="0"/>
  </mem-info>
</gc-end>
<concurrent-start id="37" type="GMP work packet processing" contextid="31" timestamp="2019-08-03T03:00:29.015">
  <concurrent-mark-start scanTarget="18446744073709551615" />
</concurrent-start>
<exclusive-end id="38" timestamp="2019-08-03T03:00:29.015" durationms="1.230" />

<concurrent-end id="39" type="GMP work packet processing" contextid="31" timestamp="2019-08-03T03:00:29.018">
  <concurrent-mark-end bytesScanned="1182612" reasonForTermination="Completed all work in GC phase" />
</concurrent-end>

<exclusive-start id="40" timestamp="2019-08-03T03:00:30.116" intervalms="1101.604">
  <response-info timems="0.032" idlems="0.032" threads="0" lastid="0000000001E89F00" lastname="node-2" />
</exclusive-start>
<allocation-taxation id="41" taxation-threshold="3145728" timestamp="2019-08-03T03:00:30.116" intervalms="1101.602" />
<cycle-start id="42" type="partial gc" contextid="0" timestamp="2019-08-03T03:00:30.116" intervalms="2233.950" />
<gc-start id="43" type="partial gc" contextid="42" timestamp="2019-08-03T03:00:30.116">
  <mem-info id="44" free="0" total="8388608" percent="0">
    <mem type="eden" free="26944" total="7340032" percent="0" />
    <remembered-set count="544" freebytes="332672" totalbytes="334848" percent="99" regionsoverflowed="0" regionsstable="0" regionsrebuilding="0"/>
  </mem-info>
</gc-start>
<allocation-stats totalBytes="6290496" >
  <allocated-bytes non-tlh="0" tlh="6290496" arrayletleaf="0"/>
  <largest-consumer threadName="node-0" threadId="0000000001E86300" bytes="1085352" />
</allocation-stats>
<gc-op id="45" type="mark" timems="4.541" contextid="42" timestamp="2019-08-03T03:00:30.122">
  <trace-info objectcount="23680" scancount="20621" scanbytes="737892" />
  <cardclean-info objects="57" bytes="4180" />
  <remembered-set-cleared processed="349" cleared="349" durationms="0.059" />
  <references type="weak" candidates="1" cleared="0" enqueued="0" />
  <references type="phantom" candidates="2" cleared="0" enqueued="0" />
  <stringconstants candidates="3831" cleared="0"  />
  <warning details="Mark invoked due to insufficient free space for Copy-Forward" />
</gc-op>
<gc-op id="46" type="classunload" timems="0.001" contextid="42" timestamp="2019-08-03T03:00:30.122">
  <classunload-info classloadercandidates="6" classloadersunloaded="0" classesunloaded="0" anonymousclassesunloaded="0" quiescems="0.000" setupms="0.001" scanms="0.000" postms="0.000" />
</gc-op>
<gc-op id="47" type="sweep" timems="0.718" contextid="42" timestamp="2019-08-03T03:00:30.123" />
<gc-op id="48" type="compact" timems="6.532" contextid="42" timestamp="2019-08-03T03:00:30.130">
  <compact-info movecount="23680" movebytes="1016464" />
  <remembered-set-cleared processed="1109" cleared="1109" durationms="0.059" />
</gc-op>
<gc-end id="49" type="partial gc" contextid="42" durationms="13.685" usertimems="24.000" systemtimems="0.000" timestamp="2019-08-03T03:00:30.130" activeThreads="8">
  <mem-info id="50" free="5242880" total="8388608" percent="62">
    <mem type="eden" free="1080688" total="2097152" percent="51" />
    <remembered-set count="1536" freebytes="328704" totalbytes="334848" percent="98" regionsoverflowed="0" regionsstable="0" regionsrebuilding="0"/>
  </mem-info>
</gc-end>
<cycle-end id="51" type="partial gc" contextid="42" timestamp="2019-08-03T03:00:30.130" />
  <attribute name="elasticGC enabled" value="1" />
  <attribute name= "numThreadsSpecified" value="1" />
  <attribute name="heapSize specified" value="0" />
  <attribute name= "numCores" value="8" />
  <attribute name ="GC Interval" value="0" />
  <attribute name ="Control flow" value="1" />
  <attribute name="GC Util Range Max" value="91" />
  <attribute name="Current GC Util" value="0" />
  <attribute name= "Current Time Running" value="3306" />
<exclusive-end id="52" timestamp="2019-08-03T03:00:30.130" durationms="14.419" />

<exclusive-start id="53" timestamp="2019-08-03T03:00:30.870" intervalms="754.124">
  <response-info timems="0.030" idlems="0.030" threads="0" lastid="0000000001E86300" lastname="node-0" />
</exclusive-start>
<allocation-taxation id="54" taxation-threshold="2097152" timestamp="2019-08-03T03:00:30.870" intervalms="754.144" />
<gc-start id="55" type="global mark phase" contextid="31" timestamp="2019-08-03T03:00:30.870">
  <mem-info id="56" free="3145728" total="8388608" percent="37">
    <remembered-set count="1440" freebytes="329088" totalbytes="334848" percent="98" regionsoverflowed="0" regionsstable="0" regionsrebuilding="0"/>
  </mem-info>
</gc-start>
<gc-op id="57" type="mark increment" timems="1.398" contextid="31" timestamp="2019-08-03T03:00:30.871">
  <trace-info objectcount="23682" scancount="20623" scanbytes="737940" />
  <cardclean-info objects="312" bytes="11920" />
  <finalization candidates="13" enqueued="0" />
  <references type="soft" candidates="66" cleared="0" enqueued="0" dynamicThreshold="20" maxThreshold="32" />
  <references type="weak" candidates="143" cleared="0" enqueued="0" />
  <references type="phantom" candidates="59" cleared="2" enqueued="2" />
  <stringconstants candidates="3831" cleared="0"  />
</gc-op>
<gc-op id="58" type="classunload" timems="0.002" contextid="31" timestamp="2019-08-03T03:00:30.872">
  <classunload-info classloadercandidates="6" classloadersunloaded="0" classesunloaded="0" anonymousclassesunloaded="0" quiescems="0.000" setupms="0.002" scanms="0.000" postms="0.000" />
</gc-op>
<gc-end id="59" type="global mark phase" contextid="31" durationms="1.703" usertimems="4.000" systemtimems="0.000" timestamp="2019-08-03T03:00:30.872" activeThreads="2">
  <mem-info id="60" free="3145728" total="8388608" percent="37">
    <pending-finalizers system="0" default="0" reference="2" classloader="0" />
    <remembered-set count="1440" freebytes="329088" totalbytes="334848" percent="98" regionsoverflowed="0" regionsstable="0" regionsrebuilding="0"/>
  </mem-info>
</gc-end>
<cycle-end id="61" type="global mark phase" contextid="31" timestamp="2019-08-03T03:00:30.872" />
  <attribute name="elasticGC enabled" value="1" />
  <attribute name= "numThreadsSpecified" value="2" />
  <attribute name="heapSize specified" value="0" />
  <attribute name= "numCores" value="8" />
  <attribute name ="GC Interval" value="0" />
  <attribute name ="Control flow" value="2" />
  <attribute name="GC Util Range Max" value="91" />
  <attribute name="Current GC Util" value="74" />
  <attribute name= "Current Time Running" value="4054" />
<exclusive-end id="62" timestamp="2019-08-03T03:00:30.872" durationms="2.154" />

<exclusive-start id="63" timestamp="2019-08-03T03:00:31.558" intervalms="688.128">
  <response-info timems="0.031" idlems="0.031" threads="0" lastid="0000000001E89F00" lastname="node-2" />
</exclusive-start>
<allocation-taxation id="64" taxation-threshold="2097152" timestamp="2019-08-03T03:00:31.558" intervalms="688.099" />
<cycle-start id="65" type="partial gc" contextid="0" timestamp="2019-08-03T03:00:31.558" intervalms="1442.234" />
<gc-start id="66" type="partial gc" contextid="65" timestamp="2019-08-03T03:00:31.558">
  <mem-info id="67" free="1048576" total="8388608" percent="12">
    <mem type="eden" free="1048288" total="5242880" percent="19" />
    <remembered-set count="1440" freebytes="329088" totalbytes="334848" percent="98" regionsoverflowed="0" regionsstable="0" regionsrebuilding="0"/>
  </mem-info>
</gc-start>
<allocation-stats totalBytes="4193704" >
  <allocated-bytes non-tlh="0" tlh="4193704" arrayletleaf="0"/>
  <largest-consumer threadName="node-1" threadId="0000000001E82700" bytes="745416" />
</allocation-stats>
<gc-op id="68" type="sweep" timems="0.506" contextid="65" timestamp="2019-08-03T03:00:31.559" />
<gc-op id="69" type="copy forward" timems="2.573" contextid="65" timestamp="2019-08-03T03:00:31.562">
  <memory-copied type="eden" objects="18" bytes="312" bytesdiscarded="1480" />
  <memory-copied type="other" objects="0" bytes="0" bytesdiscarded="0" />
  <memory-cardclean objects="214" bytes="7920" />
  <regions eden="2" other="1" />
  <remembered-set-cleared processed="362" cleared="12" durationms="0.083" />
  <stringconstants candidates="3831" cleared="0"  />
</gc-op>
<gc-op id="70" type="classunload" timems="0.001" contextid="65" timestamp="2019-08-03T03:00:31.562">
  <classunload-info classloadercandidates="6" classloadersunloaded="0" classesunloaded="0" anonymousclassesunloaded="0" quiescems="0.000" setupms="0.001" scanms="0.000" postms="0.000" />
</gc-op>
<gc-end id="71" type="partial gc" contextid="65" durationms="4.201" usertimems="8.000" systemtimems="0.000" timestamp="2019-08-03T03:00:31.563" activeThreads="8">
  <mem-info id="72" free="5242880" total="8388608" percent="62">
    <mem type="eden" free="1046784" total="1048576" percent="99" />
    <remembered-set count="2496" freebytes="324864" totalbytes="334848" percent="97" regionsoverflowed="0" regionsstable="0" regionsrebuilding="0"/>
  </mem-info>
</gc-end>
<cycle-end id="73" type="partial gc" contextid="65" timestamp="2019-08-03T03:00:31.563" />
  <attribute name="elasticGC enabled" value="1" />
  <attribute name= "numThreadsSpecified" value="2" />
  <attribute name="heapSize specified" value="0" />
  <attribute name= "numCores" value="8" />
  <attribute name ="GC Interval" value="0" />
  <attribute name ="Control flow" value="3" />
  <attribute name="GC Util Range Max" value="91" />
  <attribute name="Current GC Util" value="52" />
  <attribute name= "Current Time Running" value="4742" />
<exclusive-end id="74" timestamp="2019-08-03T03:00:31.563" durationms="4.760" />

<exclusive-start id="75" timestamp="2019-08-03T03:00:32.241" intervalms="683.154">
  <response-info timems="0.050" idlems="0.050" threads="0" lastid="0000000001E86300" lastname="node-0" />
</exclusive-start>
<allocation-taxation id="76" taxation-threshold="2097152" timestamp="2019-08-03T03:00:32.241" intervalms="683.191" />
<cycle-start id="77" type="global mark phase" contextid="0" timestamp="2019-08-03T03:00:32.241" intervalms="3227.111" />
<gc-start id="78" type="global mark phase" contextid="77" timestamp="2019-08-03T03:00:32.241">
  <mem-info id="79" free="3145728" total="8388608" percent="37">
    <remembered-set count="2112" freebytes="326400" totalbytes="334848" percent="97" regionsoverflowed="0" regionsstable="1" regionsrebuilding="0"/>
  </mem-info>
</gc-start>
<gc-op id="80" type="mark increment" timems="0.586" contextid="77" timestamp="2019-08-03T03:00:32.242">
  <trace-info objectcount="146" scancount="0" scanbytes="0" />
</gc-op>
<gc-end id="81" type="global mark phase" contextid="77" durationms="0.838" usertimems="0.000" systemtimems="0.000" timestamp="2019-08-03T03:00:32.242" activeThreads="2">
  <mem-info id="82" free="3145728" total="8388608" percent="37">
    <remembered-set count="2112" freebytes="326400" totalbytes="334848" percent="97" regionsoverflowed="0" regionsstable="0" regionsrebuilding="1"/>
  </mem-info>
</gc-end>
<concurrent-start id="83" type="GMP work packet processing" contextid="77" timestamp="2019-08-03T03:00:32.242">
  <concurrent-mark-start scanTarget="18446744073709551615" />
</concurrent-start>
<exclusive-end id="84" timestamp="2019-08-03T03:00:32.243" durationms="1.908" />

<concurrent-end id="85" type="GMP work packet processing" contextid="77" timestamp="2019-08-03T03:00:32.244">
  <concurrent-mark-end bytesScanned="1182212" reasonForTermination="Completed all work in GC phase" />
</concurrent-end>

<exclusive-start id="86" timestamp="2019-08-03T03:00:32.864" intervalms="623.401">
  <response-info timems="0.028" idlems="0.028" threads="0" lastid="0000000001E86300" lastname="node-0" />
</exclusive-start>
<allocation-taxation id="87" taxation-threshold="2097152" timestamp="2019-08-03T03:00:32.865" intervalms="623.361" />
<cycle-start id="88" type="partial gc" contextid="0" timestamp="2019-08-03T03:00:32.865" intervalms="1306.549" />
<gc-start id="89" type="partial gc" contextid="88" timestamp="2019-08-03T03:00:32.865">
  <mem-info id="90" free="1048576" total="8388608" percent="12">
    <mem type="eden" free="1046784" total="5242880" percent="19" />
    <remembered-set count="3168" freebytes="322176" totalbytes="334848" percent="96" regionsoverflowed="0" regionsstable="0" regionsrebuilding="1"/>
  </mem-info>
</gc-start>
<allocation-stats totalBytes="4192536" >
  <allocated-bytes non-tlh="0" tlh="4192536" arrayletleaf="0"/>
  <largest-consumer threadName="node-1" threadId="0000000001E82700" bytes="745120" />
</allocation-stats>
<gc-op id="91" type="copy forward" timems="1.047" contextid="88" timestamp="2019-08-03T03:00:32.867">
  <memory-copied type="eden" objects="20" bytes="360" bytesdiscarded="616" />
  <memory-copied type="other" objects="0" bytes="0" bytesdiscarded="0" />
  <memory-cardclean objects="176" bytes="5984" />
  <regions eden="4" other="1" />
  <remembered-set-cleared processed="780" cleared="19" durationms="0.061" />
  <stringconstants candidates="3831" cleared="0"  />
</gc-op>
<gc-op id="92" type="classunload" timems="0.001" contextid="88" timestamp="2019-08-03T03:00:32.867">
  <classunload-info classloadercandidates="6" classloadersunloaded="0" classesunloaded="0" anonymousclassesunloaded="0" quiescems="0.000" setupms="0.001" scanms="0.000" postms="0.000" />
</gc-op>
<gc-op id="93" type="compact" timems="0.517" contextid="88" timestamp="2019-08-03T03:00:32.867">
  <compact-info movecount="0" movebytes="0" />
  <remembered-set-cleared processed="1562" cleared="19" durationms="0.061" />
</gc-op>
<gc-end id="94" type="partial gc" contextid="88" durationms="2.693" usertimems="0.000" systemtimems="0.000" timestamp="2019-08-03T03:00:32.868" activeThreads="2">
  <mem-info id="95" free="5242880" total="8388608" percent="62">
    <mem type="eden" free="1047600" total="1048576" percent="99" />
    <remembered-set count="3104" freebytes="322432" totalbytes="334848" percent="96" regionsoverflowed="0" regionsstable="0" regionsrebuilding="1"/>
  </mem-info>
</gc-end>
<cycle-end id="96" type="partial gc" contextid="88" timestamp="2019-08-03T03:00:32.868" />
  <attribute name="elasticGC enabled" value="1" />
  <attribute name= "numThreadsSpecified" value="2" />
  <attribute name="heapSize specified" value="0" />
  <attribute name= "numCores" value="8" />
  <attribute name ="GC Interval" value="0" />
  <attribute name ="Control flow" value="2" />
  <attribute name="GC Util Range Max" value="91" />
  <attribute name="Current GC Util" value="39" />
  <attribute name= "Current Time Running" value="6049" />
<exclusive-end id="97" timestamp="2019-08-03T03:00:32.868" durationms="3.335" />

<exclusive-start id="98" timestamp="2019-08-03T03:00:33.481" intervalms="616.167">
  <response-info timems="0.025" idlems="0.025" threads="0" lastid="0000000001E89F00" lastname="node-2" />
</exclusive-start>
<allocation-taxation id="99" taxation-threshold="2097152" timestamp="2019-08-03T03:00:33.481" intervalms="616.175" />
<gc-start id="100" type="global mark phase" contextid="77" timestamp="2019-08-03T03:00:33.481">
  <mem-info id="101" free="3145728" total="8388608" percent="37">
    <remembered-set count="3104" freebytes="322432" totalbytes="334848" percent="96" regionsoverflowed="0" regionsstable="0" regionsrebuilding="1"/>
  </mem-info>
</gc-start>
<gc-op id="102" type="mark increment" timems="1.218" contextid="77" timestamp="2019-08-03T03:00:33.482">
  <trace-info objectcount="33" scancount="30" scanbytes="680" />
  <cardclean-info objects="191" bytes="6180" />
  <finalization candidates="13" enqueued="0" />
  <references type="soft" candidates="66" cleared="0" enqueued="0" dynamicThreshold="20" maxThreshold="32" />
  <references type="weak" candidates="143" cleared="0" enqueued="0" />
  <references type="phantom" candidates="57" cleared="0" enqueued="0" />
  <stringconstants candidates="3831" cleared="0"  />
</gc-op>
<gc-op id="103" type="classunload" timems="0.002" contextid="77" timestamp="2019-08-03T03:00:33.482">
  <classunload-info classloadercandidates="6" classloadersunloaded="0" classesunloaded="0" anonymousclassesunloaded="0" quiescems="0.000" setupms="0.002" scanms="0.000" postms="0.000" />
</gc-op>
<gc-end id="104" type="global mark phase" contextid="77" durationms="1.415" usertimems="0.000" systemtimems="0.000" timestamp="2019-08-03T03:00:33.482" activeThreads="8">
  <mem-info id="105" free="3145728" total="8388608" percent="37">
    <remembered-set count="3104" freebytes="322432" totalbytes="334848" percent="96" regionsoverflowed="0" regionsstable="0" regionsrebuilding="0"/>
  </mem-info>
</gc-end>
<cycle-end id="106" type="global mark phase" contextid="77" timestamp="2019-08-03T03:00:33.482" />
  <attribute name="elasticGC enabled" value="1" />
  <attribute name= "numThreadsSpecified" value="2" />
  <attribute name="heapSize specified" value="0" />
  <attribute name= "numCores" value="8" />
  <attribute name ="GC Interval" value="0" />
  <attribute name ="Control flow" value="2" />
  <attribute name="GC Util Range Max" value="91" />
  <attribute name="Current GC Util" value="88" />
  <attribute name= "Current Time Running" value="6664" />
<exclusive-end id="107" timestamp="2019-08-03T03:00:33.482" durationms="1.749" />

<exclusive-start id="108" timestamp="2019-08-03T03:00:34.113" intervalms="632.578">
  <response-info timems="0.029" idlems="0.029" threads="0" lastid="0000000001E89F00" lastname="node-2" />
</exclusive-start>
<allocation-taxation id="109" taxation-threshold="2097152" timestamp="2019-08-03T03:00:34.113" intervalms="632.566" />
<cycle-start id="110" type="partial gc" contextid="0" timestamp="2019-08-03T03:00:34.113" intervalms="1248.736" />
<gc-start id="111" type="partial gc" contextid="110" timestamp="2019-08-03T03:00:34.114">
  <mem-info id="112" free="1048576" total="8388608" percent="12">
    <mem type="eden" free="1047600" total="5242880" percent="19" />
    <remembered-set count="2272" freebytes="325760" totalbytes="334848" percent="97" regionsoverflowed="0" regionsstable="1" regionsrebuilding="0"/>
  </mem-info>
</gc-start>
<allocation-stats totalBytes="4192960" >
  <allocated-bytes non-tlh="0" tlh="4192960" arrayletleaf="0"/>
  <largest-consumer threadName="node-1" threadId="0000000001E82700" bytes="749512" />
</allocation-stats>
<gc-op id="113" type="sweep" timems="0.516" contextid="110" timestamp="2019-08-03T03:00:34.114" />
<gc-op id="114" type="copy forward" timems="1.734" contextid="110" timestamp="2019-08-03T03:00:34.116">
  <memory-copied type="eden" objects="18" bytes="312" bytesdiscarded="736" />
  <memory-copied type="other" objects="0" bytes="0" bytesdiscarded="0" />
  <memory-cardclean objects="176" bytes="5984" />
  <regions eden="2" other="1" />
  <remembered-set-cleared processed="33" cleared="3" durationms="0.059" />
  <stringconstants candidates="3831" cleared="0"  />
</gc-op>
<gc-op id="115" type="classunload" timems="0.002" contextid="110" timestamp="2019-08-03T03:00:34.117">
  <classunload-info classloadercandidates="6" classloadersunloaded="0" classesunloaded="0" anonymousclassesunloaded="0" quiescems="0.000" setupms="0.001" scanms="0.000" postms="0.000" />
</gc-op>
<gc-op id="116" type="compact" timems="1.067" contextid="110" timestamp="2019-08-03T03:00:34.118">
  <compact-info movecount="0" movebytes="0" />
  <remembered-set-cleared processed="77" cleared="3" durationms="0.059" />
</gc-op>
<gc-end id="117" type="partial gc" contextid="110" durationms="4.523" usertimems="0.000" systemtimems="8.000" timestamp="2019-08-03T03:00:34.118" activeThreads="8">
  <mem-info id="118" free="5242880" total="8388608" percent="62">
    <mem type="eden" free="1047528" total="1048576" percent="99" />
    <remembered-set count="224" freebytes="333952" totalbytes="334848" percent="99" regionsoverflowed="0" regionsstable="1" regionsrebuilding="0"/>
  </mem-info>
</gc-end>
<cycle-end id="119" type="partial gc" contextid="110" timestamp="2019-08-03T03:00:34.118" />
  <attribute name="elasticGC enabled" value="1" />
  <attribute name= "numThreadsSpecified" value="2" />
  <attribute name="heapSize specified" value="0" />
  <attribute name= "numCores" value="8" />
  <attribute name ="GC Interval" value="0" />
  <attribute name ="Control flow" value="1" />
  <attribute name="GC Util Range Max" value="91" />
  <attribute name="Current GC Util" value="105" />
  <attribute name= "Current Time Running" value="7299" />
<exclusive-end id="120" timestamp="2019-08-03T03:00:34.118" durationms="5.236" />

<exclusive-start id="121" timestamp="2019-08-03T03:00:34.789" intervalms="675.950">
  <response-info timems="0.028" idlems="0.028" threads="0" lastid="0000000001E86300" lastname="node-0" />
</exclusive-start>
<allocation-taxation id="122" taxation-threshold="2097152" timestamp="2019-08-03T03:00:34.789" intervalms="675.969" />
<cycle-start id="123" type="global mark phase" contextid="0" timestamp="2019-08-03T03:00:34.789" intervalms="2547.996" />
<gc-start id="124" type="global mark phase" contextid="123" timestamp="2019-08-03T03:00:34.789">
  <mem-info id="125" free="3145728" total="8388608" percent="37">
    <remembered-set count="224" freebytes="333952" totalbytes="334848" percent="99" regionsoverflowed="0" regionsstable="1" regionsrebuilding="0"/>
  </mem-info>
</gc-start>
<gc-op id="126" type="mark increment" timems="0.421" contextid="123" timestamp="2019-08-03T03:00:34.790">
  <trace-info objectcount="146" scancount="0" scanbytes="0" />
</gc-op>
<gc-end id="127" type="global mark phase" contextid="123" durationms="0.599" usertimems="0.000" systemtimems="0.000" timestamp="2019-08-03T03:00:34.790" activeThreads="8">
  <mem-info id="128" free="3145728" total="8388608" percent="37">
    <remembered-set count="224" freebytes="333952" totalbytes="334848" percent="99" regionsoverflowed="0" regionsstable="0" regionsrebuilding="1"/>
  </mem-info>
</gc-end>
<concurrent-start id="129" type="GMP work packet processing" contextid="123" timestamp="2019-08-03T03:00:34.790">
  <concurrent-mark-start scanTarget="18446744073709551615" />
</concurrent-start>
<exclusive-end id="130" timestamp="2019-08-03T03:00:34.790" durationms="1.120" />

<concurrent-end id="131" type="GMP work packet processing" contextid="123" timestamp="2019-08-03T03:00:34.791">
  <concurrent-mark-end bytesScanned="1182236" reasonForTermination="Completed all work in GC phase" />
</concurrent-end>

<exclusive-start id="132" timestamp="2019-08-03T03:00:35.414" intervalms="625.262">
  <response-info timems="0.181" idlems="0.098" threads="1" lastid="0000000001E86300" lastname="node-0" />
</exclusive-start>
<allocation-taxation id="133" taxation-threshold="2097152" timestamp="2019-08-03T03:00:35.415" intervalms="625.300" />
<cycle-start id="134" type="partial gc" contextid="0" timestamp="2019-08-03T03:00:35.415" intervalms="1301.330" />
<gc-start id="135" type="partial gc" contextid="134" timestamp="2019-08-03T03:00:35.415">
  <mem-info id="136" free="1048576" total="8388608" percent="12">
    <mem type="eden" free="1047528" total="5242880" percent="19" />
    <remembered-set count="1888" freebytes="327296" totalbytes="334848" percent="97" regionsoverflowed="0" regionsstable="0" regionsrebuilding="1"/>
  </mem-info>
</gc-start>
<allocation-stats totalBytes="4192040" >
  <allocated-bytes non-tlh="0" tlh="4192040" arrayletleaf="0"/>
  <largest-consumer threadName="node-0" threadId="0000000001E86300" bytes="769928" />
</allocation-stats>
<gc-op id="137" type="copy forward" timems="0.959" contextid="134" timestamp="2019-08-03T03:00:35.417">
  <memory-copied type="eden" objects="29" bytes="1440" bytesdiscarded="1064" />
  <memory-copied type="other" objects="0" bytes="0" bytesdiscarded="0" />
  <memory-cardclean objects="176" bytes="5984" />
  <regions eden="4" other="1" />
  <remembered-set-cleared processed="780" cleared="17" durationms="0.059" />
  <stringconstants candidates="3831" cleared="0"  />
</gc-op>
<gc-op id="138" type="classunload" timems="0.002" contextid="134" timestamp="2019-08-03T03:00:35.417">
  <classunload-info classloadercandidates="6" classloadersunloaded="0" classesunloaded="0" anonymousclassesunloaded="0" quiescems="0.000" setupms="0.002" scanms="0.000" postms="0.000" />
</gc-op>
<gc-op id="139" type="compact" timems="0.615" contextid="134" timestamp="2019-08-03T03:00:35.417">
  <compact-info movecount="0" movebytes="0" />
  <remembered-set-cleared processed="1569" cleared="17" durationms="0.059" />
</gc-op>
<gc-end id="140" type="partial gc" contextid="134" durationms="2.742" usertimems="4.000" systemtimems="0.000" timestamp="2019-08-03T03:00:35.418" activeThreads="3">
  <mem-info id="141" free="5242880" total="8388608" percent="62">
    <mem type="eden" free="1046072" total="1048576" percent="99" />
    <remembered-set count="1568" freebytes="328576" totalbytes="334848" percent="98" regionsoverflowed="0" regionsstable="0" regionsrebuilding="1"/>
  </mem-info>
</gc-end>
<cycle-end id="142" type="partial gc" contextid="134" timestamp="2019-08-03T03:00:35.418" />
  <attribute name="elasticGC enabled" value="1" />
  <attribute name= "numThreadsSpecified" value="3" />
  <attribute name="heapSize specified" value="0" />
  <attribute name= "numCores" value="8" />
  <attribute name ="GC Interval" value="0" />
  <attribute name ="Control flow" value="3" />
  <attribute name="GC Util Range Max" value="91" />
  <attribute name="Current GC Util" value="60" />
  <attribute name= "Current Time Running" value="8600" />
<exclusive-end id="143" timestamp="2019-08-03T03:00:35.418" durationms="3.684" />

</verbosegc>

