<?xml version="1.0" ?>

<verbosegc xmlns="http://www.ibm.com/j9/verbosegc" version="10b4217_CMPRSS">

<initialized id="1" timestamp="2019-06-16T22:02:02.891">
  <attribute name="gcPolicy" value="-Xgcpolicy:optthruput" />
  <attribute name="elasticGC enabled" value="1" />
  <attribute name= "numThreadsSpecified" value="0" />
  <attribute name="heapSize specified" value="0" />
  <attribute name="Current GC Util" value="0" />
  <attribute name= "Current Time Running" value="0" />
  <attribute name ="GC Interval" value="0" />
  <attribute name="ProportionalT" value="0.000000" />
  <attribute name="ProportionalI" value="0.000000" />
  <attribute name="ProportionalH" value="0.000000" />
  <attribute name="IntegralT" value="0.000000" />
  <attribute name="IntegralI" value="0.000000" />
  <attribute name="IntegralH" value="0.000000" />
  <attribute name="DerivativeT" value="0.000000" />
  <attribute name="DerivativeI" value="0.000000" />
  <attribute name="DerivativeH" value="0.000000" />
  <attribute name="Target GC Util Change" value ="0.000000" />
  <attribute name="Current GC Util Change" value="0.000000"/>
  <attribute name="Current Error" value="0.000000" />
  <attribute name="Loop Time for DT" value="0.000000" />
  <attribute name="Output H" value="0"/>
  <attribute name="Output I" value="0"/>
  <attribute name="Output T" value="0"/>
  <attribute name="GC Util currently" value="0" />
  <attribute name="CPU Util currently" value="0" />
  <attribute name="maxHeapSize" value="0x7cbc0000" />
  <attribute name="initialHeapSize" value="0x800000" />
  <attribute name="compressedRefs" value="true" />
  <attribute name="compressedRefsDisplacement" value="0x0" />
  <attribute name="compressedRefsShift" value="0x0" />
  <attribute name="pageSize" value="0x1000" />
  <attribute name="pageType" value="not used" />
  <attribute name="requestedPageSize" value="0x1000" />
  <attribute name="requestedPageType" value="not used" />
  <attribute name="gcthreads" value="4" />
  <attribute name="packetListSplit" value="4" />
  <attribute name="cacheListSplit" value="4" />
  <attribute name="splitFreeListSplitAmount" value="1" />
  <attribute name="numaNodes" value="0" />
  <system>
    <attribute name="physicalMemory" value="8370962432" />
    <attribute name="numCPUs" value="4" />
    <attribute name="architecture" value="amd64" />
    <attribute name="os" value="Linux" />
    <attribute name="osVersion" value="4.4.0-148-generic" />
  </system>
  <vmargs>
    <vmarg name="-Xoptionsfile=/vagrant/jdk/lib/options.default" />
    <vmarg name="-Xlockword:mode=default,noLockword=java/lang/String,noLockword=java/util/MapEntry,noLockword=java/util/HashMap$Entry,noLockword..." />
    <vmarg name="-Xjcl:jclse29" />
    <vmarg name="-Dcom.ibm.oti.vm.bootstrap.library.path=/vagrant/jdk/lib/compressedrefs:/vagrant/jdk/lib" />
    <vmarg name="-Dsun.boot.library.path=/vagrant/jdk/lib/compressedrefs:/vagrant/jdk/lib" />
    <vmarg name="-Djava.library.path=/vagrant/jdk/lib/compressedrefs:/vagrant/jdk/lib:/usr/lib64:/usr/lib" />
    <vmarg name="-Djava.home=/vagrant/jdk" />
    <vmarg name="-Duser.dir=/vagrant" />
    <vmarg name="-Xgcpolicy:optthruput" />
    <vmarg name="-Xgcelastic" />
    <vmarg name="-Xcheck:gc:::elasticGC" />
    <vmarg name="-verbose:gc" />
    <vmarg name="-Xloggc:large-OPTTHRUPUT-jdk-1-1-0.5-verbose6xalan.txt" />
    <vmarg name="-Djava.class.path=dacapo-9.12-MR1-bach.jar" />
    <vmarg name="-Dsun.java.command=dacapo-9.12-MR1-bach.jar xalan --size=large" />
    <vmarg name="-Dsun.java.launcher=SUN_STANDARD" />
    <vmarg name="-Dsun.java.launcher.pid=1288" />
  </vmargs>
</initialized>

<exclusive-start id="2" timestamp="2019-06-16T22:02:03.473" intervalms="581.768">
  <response-info timems="0.022" idlems="0.022" threads="0" lastid="0000000001D40700" lastname="main" />
</exclusive-start>
<af-start id="3" threadId="0000000001D41088" totalBytesRequested="88" timestamp="2019-06-16T22:02:03.473" intervalms="582.003" />
<cycle-start id="4" type="global" contextid="0" timestamp="2019-06-16T22:02:03.473" intervalms="582.240" />
<gc-start id="5" type="global" contextid="4" timestamp="2019-06-16T22:02:03.474">
  <mem-info id="6" free="418816" total="8388608" percent="4">
    <mem type="tenure" free="418816" total="8388608" percent="4">
      <mem type="soa" free="0" total="7969792" percent="0" />
      <mem type="loa" free="418816" total="418816" percent="100" />
    </mem>
  </mem-info>
</gc-start>
<allocation-stats totalBytes="7882328" >
  <allocated-bytes non-tlh="758040" tlh="7124288" />
  <largest-consumer threadName="main" threadId="0000000001D40700" bytes="7809672" />
</allocation-stats>
<gc-op id="7" type="mark" timems="2.364" contextid="4" timestamp="2019-06-16T22:02:03.476">
  <trace-info objectcount="21466" scancount="17490" scanbytes="560488" />
  <finalization candidates="15" enqueued="1" />
  <references type="soft" candidates="74" cleared="0" enqueued="0" dynamicThreshold="32" maxThreshold="32" />
  <references type="weak" candidates="575" cleared="432" enqueued="393" />
  <references type="phantom" candidates="127" cleared="44" enqueued="44" />
  <stringconstants candidates="2930" cleared="0"  />
</gc-op>
<gc-op id="8" type="classunload" timems="0.079" contextid="4" timestamp="2019-06-16T22:02:03.476">
  <classunload-info classloadercandidates="6" classloadersunloaded="0" classesunloaded="0" anonymousclassesunloaded="0" quiescems="0.000" setupms="0.079" scanms="0.000" postms="0.000" />
</gc-op>
<gc-op id="9" type="sweep" timems="0.629" contextid="4" timestamp="2019-06-16T22:02:03.477" />
<mem-info id="10" free="6521032" total="8388608" percent="77">
  <mem type="tenure" free="6521032" total="8388608" percent="77" micro-fragmented="244486" macro-fragmented="0">
    <mem type="soa" free="6102216" total="7969792" percent="76" />
    <mem type="loa" free="418816" total="418816" percent="100" />
  </mem>
  <pending-finalizers system="1" default="0" reference="437" classloader="0" />
</mem-info>
<gc-op id="11" type="compact" timems="4.592" contextid="4" timestamp="2019-06-16T22:02:03.482">
  <compact-info movecount="21465" movebytes="1537080" reason="compact to aid heap contraction" />
</gc-op>
<heap-resize id="12" type="expand" space="tenure" amount="2084241408" count="1" timems="0.100" reason="satisfy allocation request" timestamp="2019-06-16T22:02:03.483" />
<gc-end id="13" type="global" contextid="4" durationms="9.050" usertimems="4.000" systemtimems="4.000" timestamp="2019-06-16T22:02:03.483" activeThreads="4">
  <mem-info id="14" free="2091092760" total="2092630016" percent="99">
    <mem type="tenure" free="2091092760" total="2092630016" percent="99">
      <mem type="soa" free="1986461464" total="1987998720" percent="99" />
      <mem type="loa" free="104631296" total="104631296" percent="100" />
    </mem>
    <pending-finalizers system="1" default="0" reference="437" classloader="0" />
  </mem-info>
</gc-end>
<cycle-end id="15" type="global" contextid="4" timestamp="2019-06-16T22:02:03.483" />
  <attribute name="elasticGC enabled" value="1" />
  <attribute name= "numThreadsSpecified" value="4" />
  <attribute name="heapSize specified" value="8388608" />
  <attribute name="Current GC Util" value="31" />
  <attribute name= "Current Time Running" value="475" />
  <attribute name ="GC Interval" value="0" />
  <attribute name="ProportionalT" value="11.000000" />
  <attribute name="ProportionalI" value="11.000000" />
  <attribute name="ProportionalH" value="11.000000" />
  <attribute name="Current Error" value="11.000000" />
  <attribute name="IntegralT" value="-9166.000000" />
  <attribute name="IntegralI" value="-9166.000000" />
  <attribute name="IntegralH" value="-9166.000000" />
  <attribute name="DerivativeT" value="1.100000" />
  <attribute name="DerivativeI" value="1.100000" />
  <attribute name="DerivativeH" value="1.100000" />
  <attribute name="Loop Time for DT" value="5.000000" />
  <attribute name="Output H" value="2092630016"/>
  <attribute name="Output I" value="200"/>
  <attribute name="Output T" value="4"/>
  <attribute name="Target GC Util Change" value ="20.000000" />
  <attribute name="Current GC Util Change" value="31.000000"/>
  <attribute name="GC Util currently" value="31" />
  <attribute name="CPU Util currently" value="984178870326" />
<allocation-satisfied id="16" threadId="0000000001D40700" bytesRequested="88" />
<af-end id="17" timestamp="2019-06-16T22:02:03.483" threadId="0000000001D41088" success="true" />
<exclusive-end id="18" timestamp="2019-06-16T22:02:03.483" durationms="10.112" />

<exclusive-start id="19" timestamp="2019-06-16T22:02:03.679" intervalms="206.111">
  <response-info timems="0.073" idlems="0.073" threads="0" lastid="0000000001D40700" lastname="main" />
</exclusive-start>
<sys-start reason="explicit" id="20" timestamp="2019-06-16T22:02:03.679" intervalms="787.997" />
<cycle-start id="21" type="global" contextid="0" timestamp="2019-06-16T22:02:03.679" intervalms="205.860" />
<gc-start id="22" type="global" contextid="21" timestamp="2019-06-16T22:02:03.679">
  <mem-info id="23" free="2084967168" total="2092630016" percent="99">
    <mem type="tenure" free="2084967168" total="2092630016" percent="99">
      <mem type="soa" free="1980335872" total="1987998720" percent="99" />
      <mem type="loa" free="104631296" total="104631296" percent="100" />
    </mem>
  </mem-info>
</gc-start>
<allocation-stats totalBytes="6092120" >
  <allocated-bytes non-tlh="137328" tlh="5954792" />
  <largest-consumer threadName="main" threadId="0000000001D40700" bytes="6071904" />
</allocation-stats>
<gc-op id="24" type="mark" timems="10.111" contextid="21" timestamp="2019-06-16T22:02:03.690">
  <trace-info objectcount="29507" scancount="23878" scanbytes="870920" />
  <finalization candidates="15" enqueued="0" />
  <references type="soft" candidates="133" cleared="0" enqueued="0" dynamicThreshold="31" maxThreshold="32" />
  <references type="weak" candidates="178" cleared="33" enqueued="33" />
  <references type="phantom" candidates="85" cleared="2" enqueued="2" />
  <stringconstants candidates="3535" cleared="22"  />
</gc-op>
<gc-op id="25" type="classunload" timems="0.002" contextid="21" timestamp="2019-06-16T22:02:03.690">
  <classunload-info classloadercandidates="19" classloadersunloaded="0" classesunloaded="0" anonymousclassesunloaded="0" quiescems="0.000" setupms="0.002" scanms="0.000" postms="0.000" />
</gc-op>
<gc-op id="26" type="sweep" timems="2.369" contextid="21" timestamp="2019-06-16T22:02:03.692" />
<mem-info id="27" free="2090302944" total="2092630016" percent="99">
  <mem type="tenure" free="2090302944" total="2092630016" percent="99" micro-fragmented="270083" macro-fragmented="0">
    <mem type="soa" free="1985671648" total="1987998720" percent="99" />
    <mem type="loa" free="104631296" total="104631296" percent="100" />
  </mem>
  <pending-finalizers system="0" default="0" reference="35" classloader="0" />
</mem-info>
<gc-op id="28" type="compact" timems="15.957" contextid="21" timestamp="2019-06-16T22:02:03.709">
  <compact-info movecount="28759" movebytes="1934016" reason="compact to aid heap contraction" />
</gc-op>
<gc-end id="29" type="global" contextid="21" durationms="29.598" usertimems="32.000" systemtimems="8.000" timestamp="2019-06-16T22:02:03.709" activeThreads="4">
  <mem-info id="30" free="2090675088" total="2092630016" percent="99">
    <mem type="tenure" free="2090675088" total="2092630016" percent="99">
      <mem type="soa" free="1986043792" total="1987998720" percent="99" />
      <mem type="loa" free="104631296" total="104631296" percent="100" />
    </mem>
    <pending-finalizers system="0" default="0" reference="35" classloader="0" />
  </mem-info>
</gc-end>
<cycle-end id="31" type="global" contextid="21" timestamp="2019-06-16T22:02:03.709" />
  <attribute name="elasticGC enabled" value="1" />
  <attribute name= "numThreadsSpecified" value="4" />
  <attribute name="heapSize specified" value="2092630016" />
  <attribute name="Current GC Util" value="96" />
  <attribute name= "Current Time Running" value="702" />
  <attribute name ="GC Interval" value="0" />
  <attribute name="ProportionalT" value="76.000000" />
  <attribute name="ProportionalI" value="76.000000" />
  <attribute name="ProportionalH" value="76.000000" />
  <attribute name="Current Error" value="76.000000" />
  <attribute name="IntegralT" value="1216.000000" />
  <attribute name="IntegralI" value="1216.000000" />
  <attribute name="IntegralH" value="1216.000000" />
  <attribute name="DerivativeT" value="0.437500" />
  <attribute name="DerivativeI" value="0.437500" />
  <attribute name="DerivativeH" value="0.437500" />
  <attribute name="Loop Time for DT" value="16.000000" />
  <attribute name="Output H" value="8388608"/>
  <attribute name="Output I" value="1296"/>
  <attribute name="Output T" value="4"/>
  <attribute name="Target GC Util Change" value ="20.000000" />
  <attribute name="Current GC Util Change" value="96.000000"/>
  <attribute name="GC Util currently" value="96" />
  <attribute name="CPU Util currently" value="285378570236" />
<sys-end id="32" timestamp="2019-06-16T22:02:03.709" />
<exclusive-end id="33" timestamp="2019-06-16T22:02:03.709" durationms="30.350" />

<exclusive-start id="34" timestamp="2019-06-16T22:02:19.996" intervalms="16317.348">
  <response-info timems="0.032" idlems="0.032" threads="0" lastid="0000000002079100" lastname="Thread-6" />
</exclusive-start>
<af-start id="35" threadId="0000000002079A88" totalBytesRequested="48" timestamp="2019-06-16T22:02:19.997" intervalms="16523.305" />
<cycle-start id="36" type="global" contextid="0" timestamp="2019-06-16T22:02:19.997" intervalms="16317.268" />
<gc-start id="37" type="global" contextid="36" timestamp="2019-06-16T22:02:19.997">
  <mem-info id="38" free="104631296" total="2092630016" percent="4">
    <mem type="tenure" free="104631296" total="2092630016" percent="4">
      <mem type="soa" free="0" total="1987998720" percent="0" />
      <mem type="loa" free="104631296" total="104631296" percent="100" />
    </mem>
  </mem-info>
</gc-start>
<allocation-stats totalBytes="1985277448" >
  <allocated-bytes non-tlh="321432" tlh="1984956016" />
  <largest-consumer threadName="Thread-3" threadId="000000000206DE00" bytes="568787312" />
</allocation-stats>
<gc-op id="39" type="mark" timems="5.179" contextid="36" timestamp="2019-06-16T22:02:20.002">
  <trace-info objectcount="52096" scancount="44450" scanbytes="1846992" />
  <finalization candidates="27" enqueued="2" />
  <references type="soft" candidates="164" cleared="0" enqueued="0" dynamicThreshold="31" maxThreshold="32" />
  <references type="weak" candidates="308" cleared="37" enqueued="33" />
  <references type="phantom" candidates="96" cleared="2" enqueued="2" />
  <stringconstants candidates="3963" cleared="0"  />
</gc-op>
<gc-op id="40" type="sweep" timems="2.138" contextid="36" timestamp="2019-06-16T22:02:20.004" />
<mem-info id="41" free="2088990264" total="2092630016" percent="99">
  <mem type="tenure" free="2088990264" total="2092630016" percent="99" micro-fragmented="174099" macro-fragmented="0">
    <mem type="soa" free="1984358968" total="1987998720" percent="99" />
    <mem type="loa" free="104631296" total="104631296" percent="100" />
  </mem>
  <pending-finalizers system="2" default="0" reference="35" classloader="0" />
</mem-info>
<gc-op id="42" type="compact" timems="30.917" contextid="36" timestamp="2019-06-16T22:02:20.035">
  <compact-info movecount="51415" movebytes="3370152" reason="compact to aid heap contraction" />
</gc-op>
<gc-end id="43" type="global" contextid="36" durationms="39.579" usertimems="40.000" systemtimems="28.000" timestamp="2019-06-16T22:02:20.036" activeThreads="4">
  <mem-info id="44" free="2089175680" total="2092630016" percent="99">
    <mem type="tenure" free="2089175680" total="2092630016" percent="99">
      <mem type="soa" free="1984544384" total="1987998720" percent="99" />
      <mem type="loa" free="104631296" total="104631296" percent="100" />
    </mem>
    <pending-finalizers system="2" default="0" reference="35" classloader="0" />
  </mem-info>
</gc-end>
<cycle-end id="45" type="global" contextid="36" timestamp="2019-06-16T22:02:20.038" />
  <attribute name="elasticGC enabled" value="1" />
  <attribute name= "numThreadsSpecified" value="4" />
  <attribute name="heapSize specified" value="2092630016" />
  <attribute name="Current GC Util" value="43" />
  <attribute name= "Current Time Running" value="17029" />
  <attribute name ="GC Interval" value="0" />
  <attribute name="ProportionalT" value="23.000000" />
  <attribute name="ProportionalI" value="23.000000" />
  <attribute name="ProportionalH" value="23.000000" />
  <attribute name="Current Error" value="23.000000" />
  <attribute name="IntegralT" value="736.000000" />
  <attribute name="IntegralI" value="736.000000" />
  <attribute name="IntegralH" value="736.000000" />
  <attribute name="DerivativeT" value="0.296875" />
  <attribute name="DerivativeI" value="0.296875" />
  <attribute name="DerivativeH" value="0.296875" />
  <attribute name="Loop Time for DT" value="32.000000" />
  <attribute name="Output H" value="8388608"/>
  <attribute name="Output I" value="760"/>
  <attribute name="Output T" value="4"/>
  <attribute name="Target GC Util Change" value ="20.000000" />
  <attribute name="Current GC Util Change" value="43.000000"/>
  <attribute name="GC Util currently" value="43" />
  <attribute name="CPU Util currently" value="148344985716" />
<allocation-satisfied id="46" threadId="0000000002079100" bytesRequested="48" />
<af-end id="47" timestamp="2019-06-16T22:02:20.039" threadId="0000000002079A88" success="true" />
<exclusive-end id="48" timestamp="2019-06-16T22:02:20.039" durationms="42.215" />

<exclusive-start id="49" timestamp="2019-06-16T22:02:35.535" intervalms="15538.976">
  <response-info timems="0.036" idlems="0.036" threads="0" lastid="0000000002079100" lastname="Thread-6" />
</exclusive-start>
<af-start id="50" threadId="0000000002079A88" totalBytesRequested="48" timestamp="2019-06-16T22:02:35.536" intervalms="15538.998" />
<cycle-start id="51" type="global" contextid="0" timestamp="2019-06-16T22:02:35.536" intervalms="15538.989" />
<gc-start id="52" type="global" contextid="51" timestamp="2019-06-16T22:02:35.536">
  <mem-info id="53" free="104631296" total="2092630016" percent="4">
    <mem type="tenure" free="104631296" total="2092630016" percent="4">
      <mem type="soa" free="0" total="1987998720" percent="0" />
      <mem type="loa" free="104631296" total="104631296" percent="100" />
    </mem>
  </mem-info>
</gc-start>
<allocation-stats totalBytes="1983829536" >
  <allocated-bytes non-tlh="0" tlh="1983829536" />
  <largest-consumer threadName="Thread-5" threadId="0000000002075500" bytes="581284984" />
</allocation-stats>
<gc-op id="54" type="mark" timems="3.624" contextid="51" timestamp="2019-06-16T22:02:35.539">
  <trace-info objectcount="49689" scancount="41877" scanbytes="1866040" />
  <finalization candidates="25" enqueued="0" />
  <references type="soft" candidates="164" cleared="0" enqueued="0" dynamicThreshold="31" maxThreshold="32" />
  <references type="weak" candidates="266" cleared="0" enqueued="0" />
  <references type="phantom" candidates="95" cleared="0" enqueued="0" />
  <stringconstants candidates="3963" cleared="0"  />
</gc-op>
<gc-op id="55" type="classunload" timems="0.256" contextid="51" timestamp="2019-06-16T22:02:35.540">
  <classunload-info classloadercandidates="20" classloadersunloaded="0" classesunloaded="3" anonymousclassesunloaded="3" quiescems="0.000" setupms="0.251" scanms="0.004" postms="0.001" />
</gc-op>
<gc-op id="56" type="sweep" timems="1.598" contextid="51" timestamp="2019-06-16T22:02:35.541" />
<mem-info id="57" free="2088866544" total="2092630016" percent="99">
  <mem type="tenure" free="2088866544" total="2092630016" percent="99" micro-fragmented="22446" macro-fragmented="0">
    <mem type="soa" free="1984235248" total="1987998720" percent="99" />
    <mem type="loa" free="104631296" total="104631296" percent="100" />
  </mem>
</mem-info>
<gc-op id="58" type="compact" timems="15.151" contextid="51" timestamp="2019-06-16T22:02:35.557">
  <compact-info movecount="33206" movebytes="3005424" reason="compact to aid heap contraction" />
</gc-op>
<gc-end id="59" type="global" contextid="51" durationms="21.585" usertimems="28.000" systemtimems="8.000" timestamp="2019-06-16T22:02:35.557" activeThreads="4">
  <mem-info id="60" free="2088835736" total="2092630016" percent="99">
    <mem type="tenure" free="2088835736" total="2092630016" percent="99">
      <mem type="soa" free="1984204440" total="1987998720" percent="99" />
      <mem type="loa" free="104631296" total="104631296" percent="100" />
    </mem>
  </mem-info>
</gc-end>
<cycle-end id="61" type="global" contextid="51" timestamp="2019-06-16T22:02:35.559" />
  <attribute name="elasticGC enabled" value="1" />
  <attribute name= "numThreadsSpecified" value="4" />
  <attribute name="heapSize specified" value="2092630016" />
  <attribute name="Current GC Util" value="119" />
  <attribute name= "Current Time Running" value="32550" />
  <attribute name ="GC Interval" value="0" />
  <attribute name="ProportionalT" value="99.000000" />
  <attribute name="ProportionalI" value="99.000000" />
  <attribute name="ProportionalH" value="99.000000" />
  <attribute name="Current Error" value="99.000000" />
  <attribute name="IntegralT" value="1485.000000" />
  <attribute name="IntegralI" value="1485.000000" />
  <attribute name="IntegralH" value="1485.000000" />
  <attribute name="DerivativeT" value="1.566667" />
  <attribute name="DerivativeI" value="1.566667" />
  <attribute name="DerivativeH" value="1.566667" />
  <attribute name="Loop Time for DT" value="15.000000" />
  <attribute name="Output H" value="8388608"/>
  <attribute name="Output I" value="1592"/>
  <attribute name="Output T" value="4"/>
  <attribute name="Target GC Util Change" value ="20.000000" />
  <attribute name="Current GC Util Change" value="119.000000"/>
  <attribute name="GC Util currently" value="119" />
  <attribute name="CPU Util currently" value="301177035588" />
<allocation-satisfied id="62" threadId="0000000002079100" bytesRequested="48" />
<af-end id="63" timestamp="2019-06-16T22:02:35.559" threadId="0000000002079A88" success="true" />
<exclusive-end id="64" timestamp="2019-06-16T22:02:35.559" durationms="23.656" />

<exclusive-start id="65" timestamp="2019-06-16T22:02:50.359" intervalms="14823.978">
  <response-info timems="0.028" idlems="0.028" threads="0" lastid="0000000002079100" lastname="Thread-6" />
</exclusive-start>
<af-start id="66" threadId="0000000002079A88" totalBytesRequested="16392" timestamp="2019-06-16T22:02:50.360" intervalms="14823.972" />
<cycle-start id="67" type="global" contextid="0" timestamp="2019-06-16T22:02:50.360" intervalms="14823.995" />
<gc-start id="68" type="global" contextid="67" timestamp="2019-06-16T22:02:50.360">
  <mem-info id="69" free="104631296" total="2092630016" percent="4">
    <mem type="tenure" free="104631296" total="2092630016" percent="4">
      <mem type="soa" free="0" total="1987998720" percent="0" />
      <mem type="loa" free="104631296" total="104631296" percent="100" />
    </mem>
  </mem-info>
</gc-start>
<allocation-stats totalBytes="1983597408" >
  <allocated-bytes non-tlh="0" tlh="1983597408" />
  <largest-consumer threadName="Thread-4" threadId="0000000002071900" bytes="579069808" />
</allocation-stats>
<gc-op id="70" type="mark" timems="4.676" contextid="67" timestamp="2019-06-16T22:02:50.364">
  <trace-info objectcount="45501" scancount="37769" scanbytes="1712508" />
  <finalization candidates="25" enqueued="0" />
  <references type="soft" candidates="164" cleared="0" enqueued="0" dynamicThreshold="31" maxThreshold="32" />
  <references type="weak" candidates="265" cleared="0" enqueued="0" />
  <references type="phantom" candidates="94" cleared="0" enqueued="0" />
  <stringconstants candidates="3963" cleared="0"  />
</gc-op>
<gc-op id="71" type="sweep" timems="2.562" contextid="67" timestamp="2019-06-16T22:02:50.367" />
<mem-info id="72" free="2089191288" total="2092630016" percent="99">
  <mem type="tenure" free="2089191288" total="2092630016" percent="99" micro-fragmented="0" macro-fragmented="0">
    <mem type="soa" free="1984559992" total="1987998720" percent="99" />
    <mem type="loa" free="104631296" total="104631296" percent="100" />
  </mem>
</mem-info>
<gc-op id="73" type="compact" timems="12.258" contextid="67" timestamp="2019-06-16T22:02:50.380">
  <compact-info movecount="24015" movebytes="1817720" reason="compact to aid heap contraction" />
</gc-op>
<gc-end id="74" type="global" contextid="67" durationms="20.371" usertimems="28.000" systemtimems="8.000" timestamp="2019-06-16T22:02:50.380" activeThreads="4">
  <mem-info id="75" free="2089148192" total="2092630016" percent="99">
    <mem type="tenure" free="2089148192" total="2092630016" percent="99">
      <mem type="soa" free="1984516896" total="1987998720" percent="99" />
      <mem type="loa" free="104631296" total="104631296" percent="100" />
    </mem>
  </mem-info>
</gc-end>
<cycle-end id="76" type="global" contextid="67" timestamp="2019-06-16T22:02:50.381" />
  <attribute name="elasticGC enabled" value="1" />
  <attribute name= "numThreadsSpecified" value="4" />
  <attribute name="heapSize specified" value="2092630016" />
  <attribute name="Current GC Util" value="124" />
  <attribute name= "Current Time Running" value="47373" />
  <attribute name ="GC Interval" value="0" />
  <attribute name="ProportionalT" value="104.000000" />
  <attribute name="ProportionalI" value="104.000000" />
  <attribute name="ProportionalH" value="104.000000" />
  <attribute name="Current Error" value="104.000000" />
  <attribute name="IntegralT" value="1352.000000" />
  <attribute name="IntegralI" value="1352.000000" />
  <attribute name="IntegralH" value="1352.000000" />
  <attribute name="DerivativeT" value="-1.038462" />
  <attribute name="DerivativeI" value="-1.038462" />
  <attribute name="DerivativeH" value="-1.038462" />
  <attribute name="Loop Time for DT" value="13.000000" />
  <attribute name="Output H" value="8388608"/>
  <attribute name="Output I" value="1456"/>
  <attribute name="Output T" value="4"/>
  <attribute name="Target GC Util Change" value ="20.000000" />
  <attribute name="Current GC Util Change" value="124.000000"/>
  <attribute name="GC Util currently" value="124" />
  <attribute name="CPU Util currently" value="370948627772" />
<allocation-satisfied id="77" threadId="0000000002079100" bytesRequested="16392" />
<af-end id="78" timestamp="2019-06-16T22:02:50.381" threadId="0000000002079A88" success="true" />
<exclusive-end id="79" timestamp="2019-06-16T22:02:50.381" durationms="21.670" />

<exclusive-start id="80" timestamp="2019-06-16T22:03:05.435" intervalms="15075.261">
  <response-info timems="0.048" idlems="0.026" threads="1" lastid="000000000206DE00" lastname="Thread-3" />
</exclusive-start>
<af-start id="81" threadId="0000000002075E88" totalBytesRequested="32776" timestamp="2019-06-16T22:03:05.435" intervalms="15075.258" />
<cycle-start id="82" type="global" contextid="0" timestamp="2019-06-16T22:03:05.435" intervalms="15075.249" />
<gc-start id="83" type="global" contextid="82" timestamp="2019-06-16T22:03:05.435">
  <mem-info id="84" free="104631296" total="2092630016" percent="4">
    <mem type="tenure" free="104631296" total="2092630016" percent="4">
      <mem type="soa" free="0" total="1987998720" percent="0" />
      <mem type="loa" free="104631296" total="104631296" percent="100" />
    </mem>
  </mem-info>
</gc-start>
<allocation-stats totalBytes="1983861680" >
  <allocated-bytes non-tlh="0" tlh="1983861680" />
  <largest-consumer threadName="Thread-4" threadId="0000000002071900" bytes="592268744" />
</allocation-stats>
<gc-op id="85" type="mark" timems="3.653" contextid="82" timestamp="2019-06-16T22:03:05.439">
  <trace-info objectcount="41699" scancount="34003" scanbytes="1637928" />
  <finalization candidates="25" enqueued="0" />
  <references type="soft" candidates="164" cleared="0" enqueued="0" dynamicThreshold="31" maxThreshold="32" />
  <references type="weak" candidates="265" cleared="0" enqueued="0" />
  <references type="phantom" candidates="95" cleared="0" enqueued="0" />
  <stringconstants candidates="3963" cleared="0"  />
</gc-op>
<gc-op id="86" type="sweep" timems="2.173" contextid="82" timestamp="2019-06-16T22:03:05.441" />
<mem-info id="87" free="2089310672" total="2092630016" percent="99">
  <mem type="tenure" free="2089310672" total="2092630016" percent="99" micro-fragmented="16022" macro-fragmented="0">
    <mem type="soa" free="1984679376" total="1987998720" percent="99" />
    <mem type="loa" free="104631296" total="104631296" percent="100" />
  </mem>
</mem-info>
<gc-op id="88" type="compact" timems="12.073" contextid="82" timestamp="2019-06-16T22:03:05.453">
  <compact-info movecount="20175" movebytes="1694952" reason="compact to aid heap contraction" />
</gc-op>
<gc-end id="89" type="global" contextid="82" durationms="18.675" usertimems="60.000" systemtimems="0.000" timestamp="2019-06-16T22:03:05.454" activeThreads="4">
  <mem-info id="90" free="2089263792" total="2092630016" percent="99">
    <mem type="tenure" free="2089263792" total="2092630016" percent="99">
      <mem type="soa" free="1984632496" total="1987998720" percent="99" />
      <mem type="loa" free="104631296" total="104631296" percent="100" />
    </mem>
  </mem-info>
</gc-end>
<cycle-end id="91" type="global" contextid="82" timestamp="2019-06-16T22:03:05.454" />
  <attribute name="elasticGC enabled" value="1" />
  <attribute name= "numThreadsSpecified" value="4" />
  <attribute name="heapSize specified" value="2092630016" />
  <attribute name="Current GC Util" value="184" />
  <attribute name= "Current Time Running" value="62446" />
  <attribute name ="GC Interval" value="0" />
  <attribute name="ProportionalT" value="164.000000" />
  <attribute name="ProportionalI" value="164.000000" />
  <attribute name="ProportionalH" value="164.000000" />
  <attribute name="Current Error" value="164.000000" />
  <attribute name="IntegralT" value="1968.000000" />
  <attribute name="IntegralI" value="1968.000000" />
  <attribute name="IntegralH" value="1968.000000" />
  <attribute name="DerivativeT" value="-2.416667" />
  <attribute name="DerivativeI" value="-2.416667" />
  <attribute name="DerivativeH" value="-2.416667" />
  <attribute name="Loop Time for DT" value="12.000000" />
  <attribute name="Output H" value="8388608"/>
  <attribute name="Output I" value="2136"/>
  <attribute name="Output T" value="4"/>
  <attribute name="Target GC Util Change" value ="20.000000" />
  <attribute name="Current GC Util Change" value="184.000000"/>
  <attribute name="GC Util currently" value="184" />
  <attribute name="CPU Util currently" value="376327212026" />
<allocation-satisfied id="92" threadId="0000000002075500" bytesRequested="32776" />
<af-end id="93" timestamp="2019-06-16T22:03:05.454" threadId="0000000002075E88" success="true" />
<exclusive-end id="94" timestamp="2019-06-16T22:03:05.454" durationms="19.743" />

</verbosegc>

