<?xml version="1.0" ?>

<verbosegc xmlns="http://www.ibm.com/j9/verbosegc" version="08cc62e_CMPRSS">

<initialized id="1" timestamp="2019-08-03T01:19:02.923">
  <attribute name="gcPolicy" value="-Xgcpolicy:balanced" />
  <attribute name="elasticGC enabled" value="1" />
  <attribute name= "numThreadsSpecified" value="0" />
  <attribute name="heapSize specified" value="0" />
  <attribute name= "numCores" value="0" />
  <attribute name ="GC Interval" value="0" />
  <attribute name="GC Util Range Max" value="0" />
  <attribute name="Current GC Util" value="0" />
  <attribute name= "Current Time Running" value="0" />
  <attribute name="maxHeapSize" value="0x7cb00000" />
  <attribute name="initialHeapSize" value="0x800000" />
  <attribute name="compressedRefs" value="true" />
  <attribute name="compressedRefsDisplacement" value="0x0" />
  <attribute name="compressedRefsShift" value="0x0" />
  <attribute name="pageSize" value="0x1000" />
  <attribute name="pageType" value="not used" />
  <attribute name="requestedPageSize" value="0x1000" />
  <attribute name="requestedPageType" value="not used" />
  <attribute name="gcthreads" value="8" />
  <attribute name="packetListSplit" value="8" />
  <attribute name="cacheListSplit" value="8" />
  <attribute name="splitFreeListSplitAmount" value="1" />
  <attribute name="numaNodes" value="0" />
  <region>
    <attribute name="regionSize" value="1048576" />
    <attribute name="regionCount" value="1995" />
    <attribute name="arrayletLeafSize" value="1048576" />
  </region>
  <system>
    <attribute name="physicalMemory" value="8370401280" />
    <attribute name="numCPUs" value="8" />
    <attribute name="architecture" value="amd64" />
    <attribute name="os" value="Linux" />
    <attribute name="osVersion" value="4.4.0-154-generic" />
  </system>
  <vmargs>
    <vmarg name="-Xoptionsfile=/vagrant/jdk/lib/options.default" />
    <vmarg name="-Xlockword:mode=default,noLockword=java/lang/String,noLockword=java/util/MapEntry,noLockword=java/util/HashMap$Entry,noLockword..." />
    <vmarg name="-Xjcl:jclse29" />
    <vmarg name="-Dcom.ibm.oti.vm.bootstrap.library.path=/vagrant/jdk/lib/compressedrefs:/vagrant/jdk/lib" />
    <vmarg name="-Dsun.boot.library.path=/vagrant/jdk/lib/compressedrefs:/vagrant/jdk/lib" />
    <vmarg name="-Djava.library.path=/vagrant/jdk/lib/compressedrefs:/vagrant/jdk/lib:/usr/lib64:/usr/lib" />
    <vmarg name="-Djava.home=/vagrant/jdk" />
    <vmarg name="-Duser.dir=/vagrant" />
    <vmarg name="-Xgcpolicy:balanced" />
    <vmarg name="-Xgcelastic" />
    <vmarg name="-Xcheck:gc:::elasticGC" />
    <vmarg name="-verbose:gc" />
    <vmarg name="-Xloggc:jdkP-small-BAL-8core-verbose15avrora.txt" />
    <vmarg name="-Djava.class.path=dacapo-9.12-MR1-bach.jar" />
    <vmarg name="-Dsun.java.command=dacapo-9.12-MR1-bach.jar avrora --size=small" />
    <vmarg name="-Dsun.java.launcher=SUN_STANDARD" />
    <vmarg name="-Dsun.java.launcher.pid=5487" />
  </vmargs>
</initialized>

<exclusive-start id="2" timestamp="2019-08-03T01:19:03.923" intervalms="1000.262">
  <response-info timems="0.083" idlems="0.083" threads="0" lastid="0000000002489A00" lastname="main" />
</exclusive-start>
<sys-start reason="explicit" id="3" timestamp="2019-08-03T01:19:03.924" intervalms="1000.703" />
<cycle-start id="4" type="global garbage collect" contextid="0" timestamp="2019-08-03T01:19:03.924" intervalms="1000.943" />
<gc-start id="5" type="global garbage collect" contextid="4" timestamp="2019-08-03T01:19:03.924">
  <mem-info id="6" free="1662824" total="8388608" percent="19">
    <mem type="eden" free="614248" total="7340032" percent="8" />
    <remembered-set count="0" freebytes="334848" totalbytes="334848" percent="100" regionsoverflowed="0" regionsstable="0" regionsrebuilding="0"/>
  </mem-info>
</gc-start>
<allocation-stats totalBytes="6671008" >
  <allocated-bytes non-tlh="529728" tlh="6141280" arrayletleaf="0"/>
  <largest-consumer threadName="main" threadId="0000000002489A00" bytes="6577120" />
</allocation-stats>
<gc-op id="7" type="global mark" timems="3.983" contextid="4" timestamp="2019-08-03T01:19:03.929">
  <trace-info objectcount="17877" scancount="14148" scanbytes="464872" />
  <finalization candidates="14" enqueued="1" />
  <references type="soft" candidates="66" cleared="0" enqueued="0" dynamicThreshold="32" maxThreshold="32" />
  <references type="weak" candidates="553" cleared="411" enqueued="372" />
  <references type="phantom" candidates="99" cleared="41" enqueued="41" />
  <stringconstants candidates="2456" cleared="0"  />
</gc-op>
<gc-op id="8" type="classunload" timems="0.046" contextid="4" timestamp="2019-08-03T01:19:03.929">
  <classunload-info classloadercandidates="6" classloadersunloaded="0" classesunloaded="0" anonymousclassesunloaded="0" quiescems="0.000" setupms="0.046" scanms="0.000" postms="0.000" />
</gc-op>
<gc-op id="9" type="sweep" timems="0.623" contextid="4" timestamp="2019-08-03T01:19:03.930" />
<gc-op id="10" type="compact" timems="4.728" contextid="4" timestamp="2019-08-03T01:19:03.935">
  <compact-info movecount="17870" movebytes="857456" />
  <remembered-set-cleared processed="1166" cleared="1166" durationms="0.052" />
</gc-op>
<gc-end id="11" type="global garbage collect" contextid="4" durationms="11.507" usertimems="12.000" systemtimems="0.000" timestamp="2019-08-03T01:19:03.936" activeThreads="8">
  <mem-info id="12" free="7340032" total="8388608" percent="87">
    <pending-finalizers system="1" default="0" reference="413" classloader="0" />
    <remembered-set count="0" freebytes="334848" totalbytes="334848" percent="100" regionsoverflowed="0" regionsstable="0" regionsrebuilding="0"/>
  </mem-info>
</gc-end>
<cycle-end id="13" type="global garbage collect" contextid="4" timestamp="2019-08-03T01:19:03.936" />
  <attribute name="elasticGC enabled" value="1" />
  <attribute name= "numThreadsSpecified" value="0" />
  <attribute name="heapSize specified" value="0" />
  <attribute name= "numCores" value="8" />
  <attribute name ="GC Interval" value="0" />
  <attribute name ="Control flow" value="1" />
  <attribute name="GC Util Range Max" value="94" />
  <attribute name="Current GC Util" value="47" />
  <attribute name= "Current Time Running" value="5" />
<sys-end id="14" timestamp="2019-08-03T01:19:03.936" />
<exclusive-end id="15" timestamp="2019-08-03T01:19:03.936" durationms="13.218" />

<exclusive-start id="16" timestamp="2019-08-03T01:19:05.094" intervalms="1170.699">
  <response-info timems="0.026" idlems="0.026" threads="0" lastid="0000000002752300" lastname="node-0" />
</exclusive-start>
<allocation-taxation id="17" taxation-threshold="7340032" timestamp="2019-08-03T01:19:05.094" intervalms="2171.113" />
<cycle-start id="18" type="partial gc" contextid="0" timestamp="2019-08-03T01:19:05.094" intervalms="2171.256" />
<gc-start id="19" type="partial gc" contextid="18" timestamp="2019-08-03T01:19:05.094">
  <mem-info id="20" free="0" total="8388608" percent="0">
    <mem type="eden" free="0" total="7340032" percent="0" />
    <remembered-set count="0" freebytes="334848" totalbytes="334848" percent="100" regionsoverflowed="0" regionsstable="0" regionsrebuilding="0"/>
  </mem-info>
</gc-start>
<allocation-stats totalBytes="7329800" >
  <allocated-bytes non-tlh="172800" tlh="7157000" arrayletleaf="0"/>
  <largest-consumer threadName="main" threadId="0000000002489A00" bytes="6149688" />
</allocation-stats>
<gc-op id="21" type="mark" timems="2.811" contextid="18" timestamp="2019-08-03T01:19:05.098">
  <trace-info objectcount="23849" scancount="20751" scanbytes="741148" />
  <cardclean-info objects="1180" bytes="40956" />
  <remembered-set-cleared processed="0" cleared="0" durationms="0.057" />
  <references type="weak" candidates="45" cleared="44" enqueued="44" />
  <references type="phantom" candidates="4" cleared="2" enqueued="2" />
  <stringconstants candidates="3831" cleared="0"  />
  <warning details="Mark invoked due to insufficient free space for Copy-Forward" />
</gc-op>
<gc-op id="22" type="classunload" timems="0.001" contextid="18" timestamp="2019-08-03T01:19:05.098">
  <classunload-info classloadercandidates="6" classloadersunloaded="0" classesunloaded="0" anonymousclassesunloaded="0" quiescems="0.000" setupms="0.001" scanms="0.000" postms="0.000" />
</gc-op>
<gc-op id="23" type="sweep" timems="0.201" contextid="18" timestamp="2019-08-03T01:19:05.098" />
<gc-op id="24" type="compact" timems="3.154" contextid="18" timestamp="2019-08-03T01:19:05.101">
  <compact-info movecount="23849" movebytes="1030384" />
  <remembered-set-cleared processed="812" cleared="812" durationms="0.057" />
</gc-op>
<gc-end id="25" type="partial gc" contextid="18" durationms="7.676" usertimems="4.000" systemtimems="8.000" timestamp="2019-08-03T01:19:05.102" activeThreads="8">
  <mem-info id="26" free="6291456" total="8388608" percent="75">
    <mem type="eden" free="18192" total="1048576" percent="1" />
    <pending-finalizers system="0" default="0" reference="46" classloader="0" />
    <remembered-set count="2048" freebytes="326656" totalbytes="334848" percent="97" regionsoverflowed="0" regionsstable="0" regionsrebuilding="0"/>
  </mem-info>
</gc-end>
<cycle-end id="27" type="partial gc" contextid="18" timestamp="2019-08-03T01:19:05.102" />
  <attribute name="elasticGC enabled" value="1" />
  <attribute name= "numThreadsSpecified" value="1" />
  <attribute name="heapSize specified" value="0" />
  <attribute name= "numCores" value="8" />
  <attribute name ="GC Interval" value="0" />
  <attribute name ="Control flow" value="2" />
  <attribute name="GC Util Range Max" value="94" />
  <attribute name="Current GC Util" value="0" />
  <attribute name= "Current Time Running" value="1173" />
<exclusive-end id="28" timestamp="2019-08-03T01:19:05.102" durationms="8.505" />

<exclusive-start id="29" timestamp="2019-08-03T01:19:06.144" intervalms="1050.483">
  <response-info timems="0.038" idlems="0.038" threads="0" lastid="0000000002755F00" lastname="node-1" />
</exclusive-start>
<allocation-taxation id="30" taxation-threshold="3145728" timestamp="2019-08-03T01:19:06.144" intervalms="1050.453" />
<cycle-start id="31" type="global mark phase" contextid="0" timestamp="2019-08-03T01:19:06.145" intervalms="3221.890" />
<gc-start id="32" type="global mark phase" contextid="31" timestamp="2019-08-03T01:19:06.145">
  <mem-info id="33" free="3145728" total="8388608" percent="37">
    <remembered-set count="2048" freebytes="326656" totalbytes="334848" percent="97" regionsoverflowed="0" regionsstable="0" regionsrebuilding="0"/>
  </mem-info>
</gc-start>
<gc-op id="34" type="mark increment" timems="0.649" contextid="31" timestamp="2019-08-03T01:19:06.146">
  <trace-info objectcount="152" scancount="0" scanbytes="0" />
</gc-op>
<gc-end id="35" type="global mark phase" contextid="31" durationms="0.902" usertimems="0.000" systemtimems="0.000" timestamp="2019-08-03T01:19:06.146" activeThreads="1">
  <mem-info id="36" free="3145728" total="8388608" percent="37">
    <remembered-set count="2048" freebytes="326656" totalbytes="334848" percent="97" regionsoverflowed="0" regionsstable="0" regionsrebuilding="0"/>
  </mem-info>
</gc-end>
<concurrent-start id="37" type="GMP work packet processing" contextid="31" timestamp="2019-08-03T01:19:06.146">
  <concurrent-mark-start scanTarget="18446744073709551615" />
</concurrent-start>
<concurrent-end id="38" type="GMP work packet processing" contextid="31" timestamp="2019-08-03T01:19:06.148">
  <concurrent-mark-end bytesScanned="1182388" reasonForTermination="Completed all work in GC phase" />
</concurrent-end>

<exclusive-end id="39" timestamp="2019-08-03T01:19:06.148" durationms="3.976" />

<exclusive-start id="40" timestamp="2019-08-03T01:19:07.266" intervalms="1121.451">
  <response-info timems="0.031" idlems="0.031" threads="0" lastid="000000000274E700" lastname="node-2" />
</exclusive-start>
<allocation-taxation id="41" taxation-threshold="3145728" timestamp="2019-08-03T01:19:07.266" intervalms="1121.431" />
<cycle-start id="42" type="partial gc" contextid="0" timestamp="2019-08-03T01:19:07.266" intervalms="2171.828" />
<gc-start id="43" type="partial gc" contextid="42" timestamp="2019-08-03T01:19:07.266">
  <mem-info id="44" free="0" total="8388608" percent="0">
    <mem type="eden" free="0" total="6291456" percent="0" />
    <remembered-set count="2048" freebytes="326656" totalbytes="334848" percent="97" regionsoverflowed="0" regionsstable="0" regionsrebuilding="0"/>
  </mem-info>
</gc-start>
<allocation-stats totalBytes="6289104" >
  <allocated-bytes non-tlh="0" tlh="6289104" arrayletleaf="0"/>
  <largest-consumer threadName="node-0" threadId="0000000002752300" bytes="1085248" />
</allocation-stats>
<gc-op id="45" type="mark" timems="1.619" contextid="42" timestamp="2019-08-03T01:19:07.268">
  <trace-info objectcount="23676" scancount="20620" scanbytes="737860" />
  <cardclean-info objects="67" bytes="4532" />
  <remembered-set-cleared processed="348" cleared="348" durationms="0.054" />
  <references type="weak" candidates="1" cleared="0" enqueued="0" />
  <references type="phantom" candidates="2" cleared="0" enqueued="0" />
  <stringconstants candidates="3831" cleared="0"  />
  <warning details="Mark invoked due to insufficient free space for Copy-Forward" />
</gc-op>
<gc-op id="46" type="classunload" timems="0.002" contextid="42" timestamp="2019-08-03T01:19:07.268">
  <classunload-info classloadercandidates="6" classloadersunloaded="0" classesunloaded="0" anonymousclassesunloaded="0" quiescems="0.000" setupms="0.001" scanms="0.000" postms="0.000" />
</gc-op>
<gc-op id="47" type="sweep" timems="0.186" contextid="42" timestamp="2019-08-03T01:19:07.269" />
<gc-op id="48" type="compact" timems="4.156" contextid="42" timestamp="2019-08-03T01:19:07.273">
  <compact-info movecount="23675" movebytes="1024792" />
  <remembered-set-cleared processed="1094" cleared="1094" durationms="0.054" />
</gc-op>
<gc-end id="49" type="partial gc" contextid="42" durationms="7.137" usertimems="12.000" systemtimems="0.000" timestamp="2019-08-03T01:19:07.273" activeThreads="8">
  <mem-info id="50" free="5242880" total="8388608" percent="62">
    <mem type="eden" free="1048240" total="1048576" percent="99" />
    <remembered-set count="2048" freebytes="326656" totalbytes="334848" percent="97" regionsoverflowed="0" regionsstable="0" regionsrebuilding="0"/>
  </mem-info>
</gc-end>
<cycle-end id="51" type="partial gc" contextid="42" timestamp="2019-08-03T01:19:07.274" />
  <attribute name="elasticGC enabled" value="1" />
  <attribute name= "numThreadsSpecified" value="1" />
  <attribute name="heapSize specified" value="0" />
  <attribute name= "numCores" value="8" />
  <attribute name ="GC Interval" value="0" />
  <attribute name ="Control flow" value="1" />
  <attribute name="GC Util Range Max" value="94" />
  <attribute name="Current GC Util" value="0" />
  <attribute name= "Current Time Running" value="3344" />
<exclusive-end id="52" timestamp="2019-08-03T01:19:07.274" durationms="7.893" />

<exclusive-start id="53" timestamp="2019-08-03T01:19:07.978" intervalms="712.301">
  <response-info timems="0.026" idlems="0.026" threads="0" lastid="0000000002752300" lastname="node-0" />
</exclusive-start>
<allocation-taxation id="54" taxation-threshold="2097152" timestamp="2019-08-03T01:19:07.978" intervalms="712.299" />
<gc-start id="55" type="global mark phase" contextid="31" timestamp="2019-08-03T01:19:07.978">
  <mem-info id="56" free="3145728" total="8388608" percent="37">
    <remembered-set count="1568" freebytes="328576" totalbytes="334848" percent="98" regionsoverflowed="0" regionsstable="0" regionsrebuilding="0"/>
  </mem-info>
</gc-start>
<gc-op id="57" type="mark increment" timems="1.244" contextid="31" timestamp="2019-08-03T01:19:07.980">
  <trace-info objectcount="23676" scancount="20620" scanbytes="737860" />
  <cardclean-info objects="319" bytes="12604" />
  <finalization candidates="13" enqueued="0" />
  <references type="soft" candidates="66" cleared="0" enqueued="0" dynamicThreshold="20" maxThreshold="32" />
  <references type="weak" candidates="143" cleared="0" enqueued="0" />
  <references type="phantom" candidates="59" cleared="2" enqueued="2" />
  <stringconstants candidates="3831" cleared="0"  />
</gc-op>
<gc-op id="58" type="classunload" timems="0.003" contextid="31" timestamp="2019-08-03T01:19:07.980">
  <classunload-info classloadercandidates="6" classloadersunloaded="0" classesunloaded="0" anonymousclassesunloaded="0" quiescems="0.000" setupms="0.002" scanms="0.000" postms="0.000" />
</gc-op>
<gc-end id="59" type="global mark phase" contextid="31" durationms="1.534" usertimems="4.000" systemtimems="0.000" timestamp="2019-08-03T01:19:07.980" activeThreads="1">
  <mem-info id="60" free="3145728" total="8388608" percent="37">
    <pending-finalizers system="0" default="0" reference="2" classloader="0" />
    <remembered-set count="1568" freebytes="328576" totalbytes="334848" percent="98" regionsoverflowed="0" regionsstable="0" regionsrebuilding="0"/>
  </mem-info>
</gc-end>
<cycle-end id="61" type="global mark phase" contextid="31" timestamp="2019-08-03T01:19:07.980" />
  <attribute name="elasticGC enabled" value="1" />
  <attribute name= "numThreadsSpecified" value="1" />
  <attribute name="heapSize specified" value="0" />
  <attribute name= "numCores" value="8" />
  <attribute name ="GC Interval" value="0" />
  <attribute name ="Control flow" value="1" />
  <attribute name="GC Util Range Max" value="94" />
  <attribute name="Current GC Util" value="165" />
  <attribute name= "Current Time Running" value="4054" />
<exclusive-end id="62" timestamp="2019-08-03T01:19:07.980" durationms="1.937" />

<exclusive-start id="63" timestamp="2019-08-03T01:19:08.649" intervalms="671.160">
  <response-info timems="0.029" idlems="0.029" threads="0" lastid="0000000002752300" lastname="node-0" />
</exclusive-start>
<allocation-taxation id="64" taxation-threshold="2097152" timestamp="2019-08-03T01:19:08.649" intervalms="671.149" />
<cycle-start id="65" type="partial gc" contextid="0" timestamp="2019-08-03T01:19:08.649" intervalms="1383.438" />
<gc-start id="66" type="partial gc" contextid="65" timestamp="2019-08-03T01:19:08.650">
  <mem-info id="67" free="1048576" total="8388608" percent="12">
    <mem type="eden" free="1048240" total="5242880" percent="19" />
    <remembered-set count="1568" freebytes="328576" totalbytes="334848" percent="98" regionsoverflowed="0" regionsstable="0" regionsrebuilding="0"/>
  </mem-info>
</gc-start>
<allocation-stats totalBytes="4193848" >
  <allocated-bytes non-tlh="0" tlh="4193848" arrayletleaf="0"/>
  <largest-consumer threadName="node-2" threadId="000000000274E700" bytes="745400" />
</allocation-stats>
<gc-op id="68" type="sweep" timems="0.282" contextid="65" timestamp="2019-08-03T01:19:08.650" />
<gc-op id="69" type="copy forward" timems="3.133" contextid="65" timestamp="2019-08-03T01:19:08.654">
  <memory-copied type="eden" objects="19" bytes="336" bytesdiscarded="1432" />
  <memory-copied type="other" objects="0" bytes="0" bytesdiscarded="0" />
  <memory-cardclean objects="202" bytes="8192" />
  <regions eden="2" other="1" />
  <remembered-set-cleared processed="365" cleared="10" durationms="0.051" />
  <stringconstants candidates="3831" cleared="0"  />
</gc-op>
<gc-op id="70" type="classunload" timems="0.002" contextid="65" timestamp="2019-08-03T01:19:08.654">
  <classunload-info classloadercandidates="6" classloadersunloaded="0" classesunloaded="0" anonymousclassesunloaded="0" quiescems="0.000" setupms="0.002" scanms="0.000" postms="0.000" />
</gc-op>
<gc-end id="71" type="partial gc" contextid="65" durationms="4.636" usertimems="4.000" systemtimems="0.000" timestamp="2019-08-03T01:19:08.654" activeThreads="8">
  <mem-info id="72" free="5242880" total="8388608" percent="62">
    <mem type="eden" free="1046808" total="1048576" percent="99" />
    <remembered-set count="1984" freebytes="326912" totalbytes="334848" percent="97" regionsoverflowed="0" regionsstable="0" regionsrebuilding="0"/>
  </mem-info>
</gc-end>
<cycle-end id="73" type="partial gc" contextid="65" timestamp="2019-08-03T01:19:08.654" />
  <attribute name="elasticGC enabled" value="1" />
  <attribute name= "numThreadsSpecified" value="2" />
  <attribute name="heapSize specified" value="0" />
  <attribute name= "numCores" value="8" />
  <attribute name ="GC Interval" value="0" />
  <attribute name ="Control flow" value="1" />
  <attribute name="GC Util Range Max" value="94" />
  <attribute name="Current GC Util" value="43" />
  <attribute name= "Current Time Running" value="4726" />
<exclusive-end id="74" timestamp="2019-08-03T01:19:08.655" durationms="5.294" />

<exclusive-start id="75" timestamp="2019-08-03T01:19:09.299" intervalms="649.390">
  <response-info timems="0.027" idlems="0.027" threads="0" lastid="000000000274E700" lastname="node-2" />
</exclusive-start>
<allocation-taxation id="76" taxation-threshold="2097152" timestamp="2019-08-03T01:19:09.299" intervalms="649.390" />
<cycle-start id="77" type="global mark phase" contextid="0" timestamp="2019-08-03T01:19:09.299" intervalms="3154.017" />
<gc-start id="78" type="global mark phase" contextid="77" timestamp="2019-08-03T01:19:09.299">
  <mem-info id="79" free="3145728" total="8388608" percent="37">
    <remembered-set count="1600" freebytes="328448" totalbytes="334848" percent="98" regionsoverflowed="0" regionsstable="1" regionsrebuilding="0"/>
  </mem-info>
</gc-start>
<gc-op id="80" type="mark increment" timems="0.398" contextid="77" timestamp="2019-08-03T01:19:09.299">
  <trace-info objectcount="147" scancount="0" scanbytes="0" />
</gc-op>
<gc-end id="81" type="global mark phase" contextid="77" durationms="0.503" usertimems="0.000" systemtimems="0.000" timestamp="2019-08-03T01:19:09.299" activeThreads="3">
  <mem-info id="82" free="3145728" total="8388608" percent="37">
    <remembered-set count="1600" freebytes="328448" totalbytes="334848" percent="98" regionsoverflowed="0" regionsstable="0" regionsrebuilding="1"/>
  </mem-info>
</gc-end>
<concurrent-start id="83" type="GMP work packet processing" contextid="77" timestamp="2019-08-03T01:19:09.300">
  <concurrent-mark-start scanTarget="18446744073709551615" />
</concurrent-start>
<exclusive-end id="84" timestamp="2019-08-03T01:19:09.300" durationms="1.071" />

<concurrent-end id="85" type="GMP work packet processing" contextid="77" timestamp="2019-08-03T01:19:09.302">
  <concurrent-mark-end bytesScanned="1182180" reasonForTermination="Completed all work in GC phase" />
</concurrent-end>

<exclusive-start id="86" timestamp="2019-08-03T01:19:09.965" intervalms="665.846">
  <response-info timems="0.026" idlems="0.026" threads="0" lastid="000000000274E700" lastname="node-2" />
</exclusive-start>
<allocation-taxation id="87" taxation-threshold="2097152" timestamp="2019-08-03T01:19:09.965" intervalms="665.843" />
<cycle-start id="88" type="partial gc" contextid="0" timestamp="2019-08-03T01:19:09.965" intervalms="1315.238" />
<gc-start id="89" type="partial gc" contextid="88" timestamp="2019-08-03T01:19:09.965">
  <mem-info id="90" free="1048576" total="8388608" percent="12">
    <mem type="eden" free="1046808" total="5242880" percent="19" />
    <remembered-set count="2304" freebytes="325632" totalbytes="334848" percent="97" regionsoverflowed="0" regionsstable="0" regionsrebuilding="1"/>
  </mem-info>
</gc-start>
<allocation-stats totalBytes="4193768" >
  <allocated-bytes non-tlh="0" tlh="4193768" arrayletleaf="0"/>
  <largest-consumer threadName="node-0" threadId="0000000002752300" bytes="745232" />
</allocation-stats>
<gc-op id="91" type="copy forward" timems="1.074" contextid="88" timestamp="2019-08-03T01:19:09.966">
  <memory-copied type="eden" objects="28" bytes="1656" bytesdiscarded="360" />
  <memory-copied type="other" objects="0" bytes="0" bytesdiscarded="0" />
  <memory-cardclean objects="170" bytes="6312" />
  <regions eden="4" other="1" />
  <remembered-set-cleared processed="784" cleared="18" durationms="0.059" />
  <stringconstants candidates="3831" cleared="0"  />
</gc-op>
<gc-op id="92" type="classunload" timems="0.002" contextid="88" timestamp="2019-08-03T01:19:09.967">
  <classunload-info classloadercandidates="6" classloadersunloaded="0" classesunloaded="0" anonymousclassesunloaded="0" quiescems="0.000" setupms="0.002" scanms="0.000" postms="0.000" />
</gc-op>
<gc-op id="93" type="compact" timems="0.588" contextid="88" timestamp="2019-08-03T01:19:09.967">
  <compact-info movecount="0" movebytes="0" />
  <remembered-set-cleared processed="1574" cleared="18" durationms="0.059" />
</gc-op>
<gc-end id="94" type="partial gc" contextid="88" durationms="2.720" usertimems="0.000" systemtimems="0.000" timestamp="2019-08-03T01:19:09.968" activeThreads="3">
  <mem-info id="95" free="5242880" total="8388608" percent="62">
    <mem type="eden" free="1046560" total="1048576" percent="99" />
    <remembered-set count="1888" freebytes="327296" totalbytes="334848" percent="97" regionsoverflowed="0" regionsstable="0" regionsrebuilding="1"/>
  </mem-info>
</gc-end>
<cycle-end id="96" type="partial gc" contextid="88" timestamp="2019-08-03T01:19:09.968" />
  <attribute name="elasticGC enabled" value="1" />
  <attribute name= "numThreadsSpecified" value="3" />
  <attribute name="heapSize specified" value="0" />
  <attribute name= "numCores" value="8" />
  <attribute name ="GC Interval" value="0" />
  <attribute name ="Control flow" value="1" />
  <attribute name="GC Util Range Max" value="94" />
  <attribute name="Current GC Util" value="62" />
  <attribute name= "Current Time Running" value="6042" />
<exclusive-end id="97" timestamp="2019-08-03T01:19:09.968" durationms="3.529" />

<exclusive-start id="98" timestamp="2019-08-03T01:19:10.654" intervalms="689.657">
  <response-info timems="0.056" idlems="0.056" threads="0" lastid="0000000002755F00" lastname="node-1" />
</exclusive-start>
<allocation-taxation id="99" taxation-threshold="2097152" timestamp="2019-08-03T01:19:10.654" intervalms="689.693" />
<gc-start id="100" type="global mark phase" contextid="77" timestamp="2019-08-03T01:19:10.654">
  <mem-info id="101" free="3145728" total="8388608" percent="37">
    <remembered-set count="1888" freebytes="327296" totalbytes="334848" percent="97" regionsoverflowed="0" regionsstable="0" regionsrebuilding="1"/>
  </mem-info>
</gc-start>
<gc-op id="102" type="mark increment" timems="1.030" contextid="77" timestamp="2019-08-03T01:19:10.655">
  <trace-info objectcount="24" scancount="24" scanbytes="472" />
  <cardclean-info objects="166" bytes="6176" />
  <finalization candidates="13" enqueued="0" />
  <references type="soft" candidates="66" cleared="0" enqueued="0" dynamicThreshold="20" maxThreshold="32" />
  <references type="weak" candidates="143" cleared="0" enqueued="0" />
  <references type="phantom" candidates="57" cleared="0" enqueued="0" />
  <stringconstants candidates="3831" cleared="0"  />
</gc-op>
<gc-op id="103" type="classunload" timems="0.002" contextid="77" timestamp="2019-08-03T01:19:10.656">
  <classunload-info classloadercandidates="6" classloadersunloaded="0" classesunloaded="0" anonymousclassesunloaded="0" quiescems="0.000" setupms="0.002" scanms="0.000" postms="0.000" />
</gc-op>
<gc-end id="104" type="global mark phase" contextid="77" durationms="1.277" usertimems="4.000" systemtimems="0.000" timestamp="2019-08-03T01:19:10.656" activeThreads="3">
  <mem-info id="105" free="3145728" total="8388608" percent="37">
    <remembered-set count="2400" freebytes="325248" totalbytes="334848" percent="97" regionsoverflowed="0" regionsstable="0" regionsrebuilding="0"/>
  </mem-info>
</gc-end>
<cycle-end id="106" type="global mark phase" contextid="77" timestamp="2019-08-03T01:19:10.656" />
  <attribute name="elasticGC enabled" value="1" />
  <attribute name= "numThreadsSpecified" value="3" />
  <attribute name="heapSize specified" value="0" />
  <attribute name= "numCores" value="8" />
  <attribute name ="GC Interval" value="0" />
  <attribute name ="Control flow" value="1" />
  <attribute name="GC Util Range Max" value="94" />
  <attribute name="Current GC Util" value="167" />
  <attribute name= "Current Time Running" value="6730" />
<exclusive-end id="107" timestamp="2019-08-03T01:19:10.656" durationms="1.662" />

<exclusive-start id="108" timestamp="2019-08-03T01:19:11.299" intervalms="644.527">
  <response-info timems="0.028" idlems="0.028" threads="0" lastid="0000000002755F00" lastname="node-1" />
</exclusive-start>
<allocation-taxation id="109" taxation-threshold="2097152" timestamp="2019-08-03T01:19:11.299" intervalms="644.491" />
<cycle-start id="110" type="partial gc" contextid="0" timestamp="2019-08-03T01:19:11.299" intervalms="1334.174" />
<gc-start id="111" type="partial gc" contextid="110" timestamp="2019-08-03T01:19:11.299">
  <mem-info id="112" free="1048576" total="8388608" percent="12">
    <mem type="eden" free="1046560" total="5242880" percent="19" />
    <remembered-set count="1568" freebytes="328576" totalbytes="334848" percent="98" regionsoverflowed="0" regionsstable="1" regionsrebuilding="0"/>
  </mem-info>
</gc-start>
<allocation-stats totalBytes="4193176" >
  <allocated-bytes non-tlh="0" tlh="4193176" arrayletleaf="0"/>
  <largest-consumer threadName="node-2" threadId="000000000274E700" bytes="749464" />
</allocation-stats>
<gc-op id="113" type="sweep" timems="0.358" contextid="110" timestamp="2019-08-03T01:19:11.300" />
<gc-op id="114" type="copy forward" timems="1.464" contextid="110" timestamp="2019-08-03T01:19:11.301">
  <memory-copied type="eden" objects="29" bytes="1400" bytesdiscarded="256" />
  <memory-copied type="other" objects="0" bytes="0" bytesdiscarded="0" />
  <memory-cardclean objects="170" bytes="6312" />
  <regions eden="2" other="1" />
  <remembered-set-cleared processed="34" cleared="4" durationms="0.056" />
  <stringconstants candidates="3831" cleared="0"  />
</gc-op>
<gc-op id="115" type="classunload" timems="0.002" contextid="110" timestamp="2019-08-03T01:19:11.302">
  <classunload-info classloadercandidates="6" classloadersunloaded="0" classesunloaded="0" anonymousclassesunloaded="0" quiescems="0.000" setupms="0.002" scanms="0.000" postms="0.000" />
</gc-op>
<gc-op id="116" type="compact" timems="1.065" contextid="110" timestamp="2019-08-03T01:19:11.303">
  <compact-info movecount="0" movebytes="0" />
  <remembered-set-cleared processed="79" cleared="4" durationms="0.056" />
</gc-op>
<gc-end id="117" type="partial gc" contextid="110" durationms="4.008" usertimems="0.000" systemtimems="8.000" timestamp="2019-08-03T01:19:11.303" activeThreads="8">
  <mem-info id="118" free="5242880" total="8388608" percent="62">
    <mem type="eden" free="1046920" total="1048576" percent="99" />
    <remembered-set count="736" freebytes="331904" totalbytes="334848" percent="99" regionsoverflowed="0" regionsstable="1" regionsrebuilding="0"/>
  </mem-info>
</gc-end>
<cycle-end id="119" type="partial gc" contextid="110" timestamp="2019-08-03T01:19:11.303" />
  <attribute name="elasticGC enabled" value="1" />
  <attribute name= "numThreadsSpecified" value="4" />
  <attribute name="heapSize specified" value="0" />
  <attribute name= "numCores" value="8" />
  <attribute name ="GC Interval" value="0" />
  <attribute name ="Control flow" value="2" />
  <attribute name="GC Util Range Max" value="94" />
  <attribute name="Current GC Util" value="117" />
  <attribute name= "Current Time Running" value="7377" />
<exclusive-end id="120" timestamp="2019-08-03T01:19:11.303" durationms="4.580" />

<exclusive-start id="121" timestamp="2019-08-03T01:19:11.973" intervalms="673.978">
  <response-info timems="0.028" idlems="0.028" threads="0" lastid="0000000002752300" lastname="node-0" />
</exclusive-start>
<allocation-taxation id="122" taxation-threshold="2097152" timestamp="2019-08-03T01:19:11.973" intervalms="673.987" />
<cycle-start id="123" type="global mark phase" contextid="0" timestamp="2019-08-03T01:19:11.973" intervalms="2674.031" />
<gc-start id="124" type="global mark phase" contextid="123" timestamp="2019-08-03T01:19:11.973">
  <mem-info id="125" free="3145728" total="8388608" percent="37">
    <remembered-set count="736" freebytes="331904" totalbytes="334848" percent="99" regionsoverflowed="0" regionsstable="1" regionsrebuilding="0"/>
  </mem-info>
</gc-start>
<gc-op id="126" type="mark increment" timems="0.395" contextid="123" timestamp="2019-08-03T01:19:11.973">
  <trace-info objectcount="147" scancount="0" scanbytes="0" />
</gc-op>
<gc-end id="127" type="global mark phase" contextid="123" durationms="0.583" usertimems="4.000" systemtimems="0.000" timestamp="2019-08-03T01:19:11.974" activeThreads="3">
  <mem-info id="128" free="3145728" total="8388608" percent="37">
    <remembered-set count="736" freebytes="331904" totalbytes="334848" percent="99" regionsoverflowed="0" regionsstable="0" regionsrebuilding="1"/>
  </mem-info>
</gc-end>
<concurrent-start id="129" type="GMP work packet processing" contextid="123" timestamp="2019-08-03T01:19:11.974">
  <concurrent-mark-start scanTarget="18446744073709551615" />
</concurrent-start>
<exclusive-end id="130" timestamp="2019-08-03T01:19:11.976" durationms="3.290" />

<concurrent-end id="131" type="GMP work packet processing" contextid="123" timestamp="2019-08-03T01:19:11.976">
  <concurrent-mark-end bytesScanned="1182316" reasonForTermination="Completed all work in GC phase" />
</concurrent-end>

<exclusive-start id="132" timestamp="2019-08-03T01:19:12.609" intervalms="636.268">
  <response-info timems="0.026" idlems="0.026" threads="0" lastid="0000000002752300" lastname="node-0" />
</exclusive-start>
<allocation-taxation id="133" taxation-threshold="2097152" timestamp="2019-08-03T01:19:12.609" intervalms="636.314" />
<cycle-start id="134" type="partial gc" contextid="0" timestamp="2019-08-03T01:19:12.609" intervalms="1310.351" />
<gc-start id="135" type="partial gc" contextid="134" timestamp="2019-08-03T01:19:12.609">
  <mem-info id="136" free="1048576" total="8388608" percent="12">
    <mem type="eden" free="1046920" total="5242880" percent="19" />
    <remembered-set count="1504" freebytes="328832" totalbytes="334848" percent="98" regionsoverflowed="0" regionsstable="0" regionsrebuilding="1"/>
  </mem-info>
</gc-start>
<allocation-stats totalBytes="4192320" >
  <allocated-bytes non-tlh="0" tlh="4192320" arrayletleaf="0"/>
  <largest-consumer threadName="node-1" threadId="0000000002755F00" bytes="769496" />
</allocation-stats>
<gc-op id="137" type="copy forward" timems="2.135" contextid="134" timestamp="2019-08-03T01:19:12.612">
  <memory-copied type="eden" objects="30" bytes="1432" bytesdiscarded="680" />
  <memory-copied type="other" objects="0" bytes="0" bytesdiscarded="0" />
  <memory-cardclean objects="170" bytes="6312" />
  <regions eden="4" other="1" />
  <remembered-set-cleared processed="787" cleared="17" durationms="0.060" />
  <stringconstants candidates="3831" cleared="0"  />
</gc-op>
<gc-op id="138" type="classunload" timems="0.002" contextid="134" timestamp="2019-08-03T01:19:12.612">
  <classunload-info classloadercandidates="6" classloadersunloaded="0" classesunloaded="0" anonymousclassesunloaded="0" quiescems="0.000" setupms="0.001" scanms="0.000" postms="0.000" />
</gc-op>
<gc-op id="139" type="compact" timems="1.128" contextid="134" timestamp="2019-08-03T01:19:12.614">
  <compact-info movecount="0" movebytes="0" />
  <remembered-set-cleared processed="1581" cleared="17" durationms="0.060" />
</gc-op>
<gc-end id="140" type="partial gc" contextid="134" durationms="4.578" usertimems="8.000" systemtimems="0.000" timestamp="2019-08-03T01:19:12.614" activeThreads="8">
  <mem-info id="141" free="5242880" total="8388608" percent="62">
    <mem type="eden" free="1046464" total="1048576" percent="99" />
    <remembered-set count="1056" freebytes="330624" totalbytes="334848" percent="98" regionsoverflowed="0" regionsstable="0" regionsrebuilding="1"/>
  </mem-info>
</gc-end>
<cycle-end id="142" type="partial gc" contextid="134" timestamp="2019-08-03T01:19:12.614" />
  <attribute name="elasticGC enabled" value="1" />
  <attribute name= "numThreadsSpecified" value="2" />
  <attribute name="heapSize specified" value="0" />
  <attribute name= "numCores" value="8" />
  <attribute name ="GC Interval" value="0" />
  <attribute name ="Control flow" value="2" />
  <attribute name="GC Util Range Max" value="94" />
  <attribute name="Current GC Util" value="111" />
  <attribute name= "Current Time Running" value="8687" />
<exclusive-end id="143" timestamp="2019-08-03T01:19:12.614" durationms="5.438" />

</verbosegc>

