<?xml version="1.0" ?>

<verbosegc xmlns="http://www.ibm.com/j9/verbosegc" version="08cc62e_CMPRSS">

<initialized id="1" timestamp="2019-08-03T01:19:12.808">
  <attribute name="gcPolicy" value="-Xgcpolicy:balanced" />
  <attribute name="elasticGC enabled" value="1" />
  <attribute name= "numThreadsSpecified" value="0" />
  <attribute name="heapSize specified" value="0" />
  <attribute name= "numCores" value="0" />
  <attribute name ="GC Interval" value="0" />
  <attribute name="GC Util Range Max" value="0" />
  <attribute name="Current GC Util" value="0" />
  <attribute name= "Current Time Running" value="0" />
  <attribute name="maxHeapSize" value="0x7cb00000" />
  <attribute name="initialHeapSize" value="0x800000" />
  <attribute name="compressedRefs" value="true" />
  <attribute name="compressedRefsDisplacement" value="0x0" />
  <attribute name="compressedRefsShift" value="0x0" />
  <attribute name="pageSize" value="0x1000" />
  <attribute name="pageType" value="not used" />
  <attribute name="requestedPageSize" value="0x1000" />
  <attribute name="requestedPageType" value="not used" />
  <attribute name="gcthreads" value="8" />
  <attribute name="packetListSplit" value="8" />
  <attribute name="cacheListSplit" value="8" />
  <attribute name="splitFreeListSplitAmount" value="1" />
  <attribute name="numaNodes" value="0" />
  <region>
    <attribute name="regionSize" value="1048576" />
    <attribute name="regionCount" value="1995" />
    <attribute name="arrayletLeafSize" value="1048576" />
  </region>
  <system>
    <attribute name="physicalMemory" value="8370401280" />
    <attribute name="numCPUs" value="8" />
    <attribute name="architecture" value="amd64" />
    <attribute name="os" value="Linux" />
    <attribute name="osVersion" value="4.4.0-154-generic" />
  </system>
  <vmargs>
    <vmarg name="-Xoptionsfile=/vagrant/jdk/lib/options.default" />
    <vmarg name="-Xlockword:mode=default,noLockword=java/lang/String,noLockword=java/util/MapEntry,noLockword=java/util/HashMap$Entry,noLockword..." />
    <vmarg name="-Xjcl:jclse29" />
    <vmarg name="-Dcom.ibm.oti.vm.bootstrap.library.path=/vagrant/jdk/lib/compressedrefs:/vagrant/jdk/lib" />
    <vmarg name="-Dsun.boot.library.path=/vagrant/jdk/lib/compressedrefs:/vagrant/jdk/lib" />
    <vmarg name="-Djava.library.path=/vagrant/jdk/lib/compressedrefs:/vagrant/jdk/lib:/usr/lib64:/usr/lib" />
    <vmarg name="-Djava.home=/vagrant/jdk" />
    <vmarg name="-Duser.dir=/vagrant" />
    <vmarg name="-Xgcpolicy:balanced" />
    <vmarg name="-Xgcelastic" />
    <vmarg name="-Xcheck:gc:::elasticGC" />
    <vmarg name="-verbose:gc" />
    <vmarg name="-Xloggc:jdkP-small-BAL-8core-verbose16avrora.txt" />
    <vmarg name="-Djava.class.path=dacapo-9.12-MR1-bach.jar" />
    <vmarg name="-Dsun.java.command=dacapo-9.12-MR1-bach.jar avrora --size=small" />
    <vmarg name="-Dsun.java.launcher=SUN_STANDARD" />
    <vmarg name="-Dsun.java.launcher.pid=5517" />
  </vmargs>
</initialized>

<exclusive-start id="2" timestamp="2019-08-03T01:19:13.764" intervalms="956.342">
  <response-info timems="0.029" idlems="0.029" threads="0" lastid="000000000094CA00" lastname="main" />
</exclusive-start>
<sys-start reason="explicit" id="3" timestamp="2019-08-03T01:19:13.765" intervalms="956.685" />
<cycle-start id="4" type="global garbage collect" contextid="0" timestamp="2019-08-03T01:19:13.765" intervalms="956.906" />
<gc-start id="5" type="global garbage collect" contextid="4" timestamp="2019-08-03T01:19:13.765">
  <mem-info id="6" free="1662824" total="8388608" percent="19">
    <mem type="eden" free="614248" total="7340032" percent="8" />
    <remembered-set count="0" freebytes="334848" totalbytes="334848" percent="100" regionsoverflowed="0" regionsstable="0" regionsrebuilding="0"/>
  </mem-info>
</gc-start>
<allocation-stats totalBytes="6672192" >
  <allocated-bytes non-tlh="529728" tlh="6142464" arrayletleaf="0"/>
  <largest-consumer threadName="main" threadId="000000000094CA00" bytes="6579288" />
</allocation-stats>
<gc-op id="7" type="global mark" timems="2.743" contextid="4" timestamp="2019-08-03T01:19:13.768">
  <trace-info objectcount="17877" scancount="14148" scanbytes="464872" />
  <finalization candidates="14" enqueued="1" />
  <references type="soft" candidates="66" cleared="0" enqueued="0" dynamicThreshold="32" maxThreshold="32" />
  <references type="weak" candidates="553" cleared="411" enqueued="372" />
  <references type="phantom" candidates="99" cleared="41" enqueued="41" />
  <stringconstants candidates="2456" cleared="0"  />
</gc-op>
<gc-op id="8" type="classunload" timems="0.047" contextid="4" timestamp="2019-08-03T01:19:13.768">
  <classunload-info classloadercandidates="6" classloadersunloaded="0" classesunloaded="0" anonymousclassesunloaded="0" quiescems="0.000" setupms="0.047" scanms="0.000" postms="0.000" />
</gc-op>
<gc-op id="9" type="sweep" timems="0.617" contextid="4" timestamp="2019-08-03T01:19:13.770" />
<gc-op id="10" type="compact" timems="3.747" contextid="4" timestamp="2019-08-03T01:19:13.773">
  <compact-info movecount="17869" movebytes="1022416" />
  <remembered-set-cleared processed="1173" cleared="1173" durationms="0.055" />
</gc-op>
<gc-end id="11" type="global garbage collect" contextid="4" durationms="9.031" usertimems="8.000" systemtimems="4.000" timestamp="2019-08-03T01:19:13.774" activeThreads="8">
  <mem-info id="12" free="7340032" total="8388608" percent="87">
    <pending-finalizers system="1" default="0" reference="413" classloader="0" />
    <remembered-set count="0" freebytes="334848" totalbytes="334848" percent="100" regionsoverflowed="0" regionsstable="0" regionsrebuilding="0"/>
  </mem-info>
</gc-end>
<cycle-end id="13" type="global garbage collect" contextid="4" timestamp="2019-08-03T01:19:13.775" />
  <attribute name="elasticGC enabled" value="1" />
  <attribute name= "numThreadsSpecified" value="0" />
  <attribute name="heapSize specified" value="0" />
  <attribute name= "numCores" value="8" />
  <attribute name ="GC Interval" value="0" />
  <attribute name ="Control flow" value="1" />
  <attribute name="GC Util Range Max" value="146" />
  <attribute name="Current GC Util" value="84" />
  <attribute name= "Current Time Running" value="4" />
<sys-end id="14" timestamp="2019-08-03T01:19:13.775" />
<exclusive-end id="15" timestamp="2019-08-03T01:19:13.775" durationms="10.652" />

<exclusive-start id="16" timestamp="2019-08-03T01:19:14.975" intervalms="1210.391">
  <response-info timems="0.037" idlems="0.037" threads="0" lastid="0000000000C15300" lastname="node-1" />
</exclusive-start>
<allocation-taxation id="17" taxation-threshold="7340032" timestamp="2019-08-03T01:19:14.975" intervalms="2166.884" />
<cycle-start id="18" type="partial gc" contextid="0" timestamp="2019-08-03T01:19:14.975" intervalms="2167.025" />
<gc-start id="19" type="partial gc" contextid="18" timestamp="2019-08-03T01:19:14.975">
  <mem-info id="20" free="0" total="8388608" percent="0">
    <mem type="eden" free="0" total="7340032" percent="0" />
    <remembered-set count="0" freebytes="334848" totalbytes="334848" percent="100" regionsoverflowed="0" regionsstable="0" regionsrebuilding="0"/>
  </mem-info>
</gc-start>
<allocation-stats totalBytes="7330600" >
  <allocated-bytes non-tlh="172800" tlh="7157800" arrayletleaf="0"/>
  <largest-consumer threadName="main" threadId="000000000094CA00" bytes="6150008" />
</allocation-stats>
<gc-op id="21" type="mark" timems="2.807" contextid="18" timestamp="2019-08-03T01:19:14.978">
  <trace-info objectcount="23847" scancount="20750" scanbytes="741052" />
  <cardclean-info objects="1172" bytes="40500" />
  <remembered-set-cleared processed="0" cleared="0" durationms="0.060" />
  <references type="weak" candidates="45" cleared="44" enqueued="44" />
  <references type="phantom" candidates="4" cleared="2" enqueued="2" />
  <stringconstants candidates="3831" cleared="0"  />
  <warning details="Mark invoked due to insufficient free space for Copy-Forward" />
</gc-op>
<gc-op id="22" type="classunload" timems="0.002" contextid="18" timestamp="2019-08-03T01:19:14.978">
  <classunload-info classloadercandidates="6" classloadersunloaded="0" classesunloaded="0" anonymousclassesunloaded="0" quiescems="0.000" setupms="0.002" scanms="0.000" postms="0.000" />
</gc-op>
<gc-op id="23" type="sweep" timems="0.209" contextid="18" timestamp="2019-08-03T01:19:14.979" />
<gc-op id="24" type="compact" timems="3.035" contextid="18" timestamp="2019-08-03T01:19:14.982">
  <compact-info movecount="23847" movebytes="1030168" />
  <remembered-set-cleared processed="794" cleared="794" durationms="0.060" />
</gc-op>
<gc-end id="25" type="partial gc" contextid="18" durationms="7.578" usertimems="8.000" systemtimems="0.000" timestamp="2019-08-03T01:19:14.983" activeThreads="8">
  <mem-info id="26" free="6291456" total="8388608" percent="75">
    <mem type="eden" free="18408" total="1048576" percent="1" />
    <pending-finalizers system="0" default="0" reference="46" classloader="0" />
    <remembered-set count="2048" freebytes="326656" totalbytes="334848" percent="97" regionsoverflowed="0" regionsstable="0" regionsrebuilding="0"/>
  </mem-info>
</gc-end>
<cycle-end id="27" type="partial gc" contextid="18" timestamp="2019-08-03T01:19:14.983" />
  <attribute name="elasticGC enabled" value="1" />
  <attribute name= "numThreadsSpecified" value="1" />
  <attribute name="heapSize specified" value="0" />
  <attribute name= "numCores" value="8" />
  <attribute name ="GC Interval" value="0" />
  <attribute name ="Control flow" value="2" />
  <attribute name="GC Util Range Max" value="146" />
  <attribute name="Current GC Util" value="0" />
  <attribute name= "Current Time Running" value="1213" />
<exclusive-end id="28" timestamp="2019-08-03T01:19:14.983" durationms="8.490" />

<exclusive-start id="29" timestamp="2019-08-03T01:19:16.013" intervalms="1038.767">
  <response-info timems="0.075" idlems="0.075" threads="0" lastid="0000000000C18F00" lastname="node-2" />
</exclusive-start>
<allocation-taxation id="30" taxation-threshold="3145728" timestamp="2019-08-03T01:19:16.014" intervalms="1038.731" />
<cycle-start id="31" type="global mark phase" contextid="0" timestamp="2019-08-03T01:19:16.014" intervalms="3205.734" />
<gc-start id="32" type="global mark phase" contextid="31" timestamp="2019-08-03T01:19:16.014">
  <mem-info id="33" free="3145728" total="8388608" percent="37">
    <remembered-set count="2048" freebytes="326656" totalbytes="334848" percent="97" regionsoverflowed="0" regionsstable="0" regionsrebuilding="0"/>
  </mem-info>
</gc-start>
<gc-op id="34" type="mark increment" timems="0.694" contextid="31" timestamp="2019-08-03T01:19:16.015">
  <trace-info objectcount="183" scancount="0" scanbytes="0" />
</gc-op>
<gc-end id="35" type="global mark phase" contextid="31" durationms="0.947" usertimems="4.000" systemtimems="0.000" timestamp="2019-08-03T01:19:16.015" activeThreads="1">
  <mem-info id="36" free="3145728" total="8388608" percent="37">
    <remembered-set count="2048" freebytes="326656" totalbytes="334848" percent="97" regionsoverflowed="0" regionsstable="0" regionsrebuilding="0"/>
  </mem-info>
</gc-end>
<concurrent-start id="37" type="GMP work packet processing" contextid="31" timestamp="2019-08-03T01:19:16.015">
  <concurrent-mark-start scanTarget="18446744073709551615" />
</concurrent-start>
<exclusive-end id="38" timestamp="2019-08-03T01:19:16.015" durationms="1.566" />

<concurrent-end id="39" type="GMP work packet processing" contextid="31" timestamp="2019-08-03T01:19:16.017">
  <concurrent-mark-end bytesScanned="1182372" reasonForTermination="Completed all work in GC phase" />
</concurrent-end>

<exclusive-start id="40" timestamp="2019-08-03T01:19:17.152" intervalms="1138.278">
  <response-info timems="0.032" idlems="0.032" threads="0" lastid="0000000000C11700" lastname="node-0" />
</exclusive-start>
<allocation-taxation id="41" taxation-threshold="3145728" timestamp="2019-08-03T01:19:17.152" intervalms="1138.259" />
<cycle-start id="42" type="partial gc" contextid="0" timestamp="2019-08-03T01:19:17.152" intervalms="2176.940" />
<gc-start id="43" type="partial gc" contextid="42" timestamp="2019-08-03T01:19:17.152">
  <mem-info id="44" free="0" total="8388608" percent="0">
    <mem type="eden" free="18408" total="7340032" percent="0" />
    <remembered-set count="2048" freebytes="326656" totalbytes="334848" percent="97" regionsoverflowed="0" regionsstable="0" regionsrebuilding="0"/>
  </mem-info>
</gc-start>
<allocation-stats totalBytes="6290432" >
  <allocated-bytes non-tlh="0" tlh="6290432" arrayletleaf="0"/>
  <largest-consumer threadName="node-0" threadId="0000000000C11700" bytes="1056704" />
</allocation-stats>
<gc-op id="45" type="mark" timems="2.485" contextid="42" timestamp="2019-08-03T01:19:17.156">
  <trace-info objectcount="23675" scancount="20619" scanbytes="737836" />
  <cardclean-info objects="53" bytes="4012" />
  <remembered-set-cleared processed="348" cleared="348" durationms="0.047" />
  <references type="weak" candidates="1" cleared="0" enqueued="0" />
  <references type="phantom" candidates="2" cleared="0" enqueued="0" />
  <stringconstants candidates="3831" cleared="0"  />
  <warning details="Mark invoked due to insufficient free space for Copy-Forward" />
</gc-op>
<gc-op id="46" type="classunload" timems="0.002" contextid="42" timestamp="2019-08-03T01:19:17.156">
  <classunload-info classloadercandidates="6" classloadersunloaded="0" classesunloaded="0" anonymousclassesunloaded="0" quiescems="0.000" setupms="0.001" scanms="0.000" postms="0.000" />
</gc-op>
<gc-op id="47" type="sweep" timems="2.667" contextid="42" timestamp="2019-08-03T01:19:17.159" />
<gc-op id="48" type="compact" timems="4.551" contextid="42" timestamp="2019-08-03T01:19:17.164">
  <compact-info movecount="23675" movebytes="1024808" />
  <remembered-set-cleared processed="1100" cleared="1100" durationms="0.047" />
</gc-op>
<gc-end id="49" type="partial gc" contextid="42" durationms="11.741" usertimems="16.000" systemtimems="0.000" timestamp="2019-08-03T01:19:17.164" activeThreads="1">
  <mem-info id="50" free="5242880" total="8388608" percent="62">
    <mem type="eden" free="1072344" total="2097152" percent="51" />
    <remembered-set count="2080" freebytes="326528" totalbytes="334848" percent="97" regionsoverflowed="0" regionsstable="0" regionsrebuilding="0"/>
  </mem-info>
</gc-end>
<cycle-end id="51" type="partial gc" contextid="42" timestamp="2019-08-03T01:19:17.164" />
  <attribute name="elasticGC enabled" value="1" />
  <attribute name= "numThreadsSpecified" value="1" />
  <attribute name="heapSize specified" value="0" />
  <attribute name= "numCores" value="8" />
  <attribute name ="GC Interval" value="0" />
  <attribute name ="Control flow" value="2" />
  <attribute name="GC Util Range Max" value="146" />
  <attribute name="Current GC Util" value="137" />
  <attribute name= "Current Time Running" value="3393" />
<exclusive-end id="52" timestamp="2019-08-03T01:19:17.164" durationms="12.472" />

<exclusive-start id="53" timestamp="2019-08-03T01:19:17.860" intervalms="708.186">
  <response-info timems="0.026" idlems="0.026" threads="0" lastid="0000000000C18F00" lastname="node-2" />
</exclusive-start>
<allocation-taxation id="54" taxation-threshold="2097152" timestamp="2019-08-03T01:19:17.860" intervalms="708.170" />
<gc-start id="55" type="global mark phase" contextid="31" timestamp="2019-08-03T01:19:17.860">
  <mem-info id="56" free="3145728" total="8388608" percent="37">
    <remembered-set count="1984" freebytes="326912" totalbytes="334848" percent="97" regionsoverflowed="0" regionsstable="0" regionsrebuilding="0"/>
  </mem-info>
</gc-start>
<gc-op id="57" type="mark increment" timems="5.017" contextid="31" timestamp="2019-08-03T01:19:17.865">
  <trace-info objectcount="23674" scancount="20618" scanbytes="737812" />
  <cardclean-info objects="314" bytes="11876" />
  <finalization candidates="13" enqueued="0" />
  <references type="soft" candidates="66" cleared="0" enqueued="0" dynamicThreshold="20" maxThreshold="32" />
  <references type="weak" candidates="143" cleared="0" enqueued="0" />
  <references type="phantom" candidates="59" cleared="2" enqueued="2" />
  <stringconstants candidates="3831" cleared="0"  />
</gc-op>
<gc-op id="58" type="classunload" timems="0.002" contextid="31" timestamp="2019-08-03T01:19:17.865">
  <classunload-info classloadercandidates="6" classloadersunloaded="0" classesunloaded="0" anonymousclassesunloaded="0" quiescems="0.000" setupms="0.001" scanms="0.000" postms="0.000" />
</gc-op>
<gc-end id="59" type="global mark phase" contextid="31" durationms="5.468" usertimems="8.000" systemtimems="0.000" timestamp="2019-08-03T01:19:17.866" activeThreads="2">
  <mem-info id="60" free="3145728" total="8388608" percent="37">
    <pending-finalizers system="0" default="0" reference="2" classloader="0" />
    <remembered-set count="1984" freebytes="326912" totalbytes="334848" percent="97" regionsoverflowed="0" regionsstable="0" regionsrebuilding="0"/>
  </mem-info>
</gc-end>
<cycle-end id="61" type="global mark phase" contextid="31" timestamp="2019-08-03T01:19:17.866" />
  <attribute name="elasticGC enabled" value="1" />
  <attribute name= "numThreadsSpecified" value="2" />
  <attribute name="heapSize specified" value="0" />
  <attribute name= "numCores" value="8" />
  <attribute name ="GC Interval" value="0" />
  <attribute name ="Control flow" value="1" />
  <attribute name="GC Util Range Max" value="146" />
  <attribute name="Current GC Util" value="0" />
  <attribute name= "Current Time Running" value="4098" />
<exclusive-end id="62" timestamp="2019-08-03T01:19:17.866" durationms="6.020" />

<exclusive-start id="63" timestamp="2019-08-03T01:19:18.488" intervalms="628.123">
  <response-info timems="0.031" idlems="0.031" threads="0" lastid="0000000000C11700" lastname="node-0" />
</exclusive-start>
<allocation-taxation id="64" taxation-threshold="2097152" timestamp="2019-08-03T01:19:18.488" intervalms="628.131" />
<cycle-start id="65" type="partial gc" contextid="0" timestamp="2019-08-03T01:19:18.488" intervalms="1336.303" />
<gc-start id="66" type="partial gc" contextid="65" timestamp="2019-08-03T01:19:18.488">
  <mem-info id="67" free="1048576" total="8388608" percent="12">
    <mem type="eden" free="1048264" total="5242880" percent="19" />
    <remembered-set count="1984" freebytes="326912" totalbytes="334848" percent="97" regionsoverflowed="0" regionsstable="0" regionsrebuilding="0"/>
  </mem-info>
</gc-start>
<allocation-stats totalBytes="4193608" >
  <allocated-bytes non-tlh="0" tlh="4193608" arrayletleaf="0"/>
  <largest-consumer threadName="node-2" threadId="0000000000C18F00" bytes="745432" />
</allocation-stats>
<gc-op id="68" type="sweep" timems="1.346" contextid="65" timestamp="2019-08-03T01:19:18.490" />
<gc-op id="69" type="copy forward" timems="3.217" contextid="65" timestamp="2019-08-03T01:19:18.495">
  <memory-copied type="eden" objects="24" bytes="960" bytesdiscarded="488" />
  <memory-copied type="other" objects="0" bytes="0" bytesdiscarded="0" />
  <memory-cardclean objects="206" bytes="8264" />
  <regions eden="2" other="1" />
  <remembered-set-cleared processed="367" cleared="9" durationms="0.058" />
  <stringconstants candidates="3831" cleared="0"  />
</gc-op>
<gc-op id="70" type="classunload" timems="0.002" contextid="65" timestamp="2019-08-03T01:19:18.495">
  <classunload-info classloadercandidates="6" classloadersunloaded="0" classesunloaded="0" anonymousclassesunloaded="0" quiescems="0.000" setupms="0.001" scanms="0.000" postms="0.000" />
</gc-op>
<gc-end id="71" type="partial gc" contextid="65" durationms="6.914" usertimems="4.000" systemtimems="0.000" timestamp="2019-08-03T01:19:18.495" activeThreads="2">
  <mem-info id="72" free="5242880" total="8388608" percent="62">
    <mem type="eden" free="1047128" total="1048576" percent="99" />
    <remembered-set count="2240" freebytes="325888" totalbytes="334848" percent="97" regionsoverflowed="0" regionsstable="0" regionsrebuilding="0"/>
  </mem-info>
</gc-end>
<cycle-end id="73" type="partial gc" contextid="65" timestamp="2019-08-03T01:19:18.496" />
  <attribute name="elasticGC enabled" value="1" />
  <attribute name= "numThreadsSpecified" value="2" />
  <attribute name="heapSize specified" value="0" />
  <attribute name= "numCores" value="8" />
  <attribute name ="GC Interval" value="0" />
  <attribute name ="Control flow" value="1" />
  <attribute name="GC Util Range Max" value="146" />
  <attribute name="Current GC Util" value="218" />
  <attribute name= "Current Time Running" value="4726" />
<exclusive-end id="74" timestamp="2019-08-03T01:19:18.496" durationms="7.734" />

<exclusive-start id="75" timestamp="2019-08-03T01:19:19.132" intervalms="643.957">
  <response-info timems="0.027" idlems="0.027" threads="0" lastid="0000000000C11700" lastname="node-0" />
</exclusive-start>
<allocation-taxation id="76" taxation-threshold="2097152" timestamp="2019-08-03T01:19:19.132" intervalms="643.964" />
<cycle-start id="77" type="global mark phase" contextid="0" timestamp="2019-08-03T01:19:19.132" intervalms="3118.497" />
<gc-start id="78" type="global mark phase" contextid="77" timestamp="2019-08-03T01:19:19.132">
  <mem-info id="79" free="3145728" total="8388608" percent="37">
    <remembered-set count="1856" freebytes="327424" totalbytes="334848" percent="97" regionsoverflowed="0" regionsstable="1" regionsrebuilding="0"/>
  </mem-info>
</gc-start>
<gc-op id="80" type="mark increment" timems="1.941" contextid="77" timestamp="2019-08-03T01:19:19.134">
  <trace-info objectcount="147" scancount="0" scanbytes="0" />
</gc-op>
<gc-end id="81" type="global mark phase" contextid="77" durationms="2.198" usertimems="0.000" systemtimems="0.000" timestamp="2019-08-03T01:19:19.134" activeThreads="3">
  <mem-info id="82" free="3145728" total="8388608" percent="37">
    <remembered-set count="1856" freebytes="327424" totalbytes="334848" percent="97" regionsoverflowed="0" regionsstable="0" regionsrebuilding="1"/>
  </mem-info>
</gc-end>
<concurrent-start id="83" type="GMP work packet processing" contextid="77" timestamp="2019-08-03T01:19:19.135">
  <concurrent-mark-start scanTarget="18446744073709551615" />
</concurrent-start>
<exclusive-end id="84" timestamp="2019-08-03T01:19:19.135" durationms="2.868" />

<concurrent-end id="85" type="GMP work packet processing" contextid="77" timestamp="2019-08-03T01:19:19.138">
  <concurrent-mark-end bytesScanned="1186052" reasonForTermination="Completed all work in GC phase" />
</concurrent-end>

<exclusive-start id="86" timestamp="2019-08-03T01:19:19.758" intervalms="626.162">
  <response-info timems="0.032" idlems="0.032" threads="0" lastid="0000000000C18F00" lastname="node-2" />
</exclusive-start>
<allocation-taxation id="87" taxation-threshold="2097152" timestamp="2019-08-03T01:19:19.758" intervalms="626.141" />
<cycle-start id="88" type="partial gc" contextid="0" timestamp="2019-08-03T01:19:19.758" intervalms="1270.089" />
<gc-start id="89" type="partial gc" contextid="88" timestamp="2019-08-03T01:19:19.758">
  <mem-info id="90" free="1048576" total="8388608" percent="12">
    <mem type="eden" free="1047128" total="5242880" percent="19" />
    <remembered-set count="2368" freebytes="325376" totalbytes="334848" percent="97" regionsoverflowed="0" regionsstable="0" regionsrebuilding="1"/>
  </mem-info>
</gc-start>
<allocation-stats totalBytes="4193712" >
  <allocated-bytes non-tlh="0" tlh="4193712" arrayletleaf="0"/>
  <largest-consumer threadName="node-0" threadId="0000000000C11700" bytes="745416" />
</allocation-stats>
<gc-op id="91" type="copy forward" timems="8.777" contextid="88" timestamp="2019-08-03T01:19:19.769">
  <memory-copied type="eden" objects="20" bytes="360" bytesdiscarded="664" />
  <memory-copied type="other" objects="0" bytes="0" bytesdiscarded="0" />
  <memory-cardclean objects="174" bytes="6320" />
  <regions eden="4" other="1" />
  <remembered-set-cleared processed="790" cleared="17" durationms="0.060" />
  <stringconstants candidates="3831" cleared="0"  />
</gc-op>
<gc-op id="92" type="classunload" timems="0.001" contextid="88" timestamp="2019-08-03T01:19:19.769">
  <classunload-info classloadercandidates="6" classloadersunloaded="0" classesunloaded="0" anonymousclassesunloaded="0" quiescems="0.000" setupms="0.001" scanms="0.000" postms="0.000" />
</gc-op>
<gc-op id="93" type="compact" timems="1.306" contextid="88" timestamp="2019-08-03T01:19:19.770">
  <compact-info movecount="0" movebytes="0" />
  <remembered-set-cleared processed="1582" cleared="17" durationms="0.060" />
</gc-op>
<gc-end id="94" type="partial gc" contextid="88" durationms="12.217" usertimems="4.000" systemtimems="8.000" timestamp="2019-08-03T01:19:19.771" activeThreads="3">
  <mem-info id="95" free="5242880" total="8388608" percent="62">
    <mem type="eden" free="1047552" total="1048576" percent="99" />
    <remembered-set count="1440" freebytes="329088" totalbytes="334848" percent="98" regionsoverflowed="0" regionsstable="0" regionsrebuilding="1"/>
  </mem-info>
</gc-end>
<cycle-end id="96" type="partial gc" contextid="88" timestamp="2019-08-03T01:19:19.771" />
  <attribute name="elasticGC enabled" value="1" />
  <attribute name= "numThreadsSpecified" value="3" />
  <attribute name="heapSize specified" value="0" />
  <attribute name= "numCores" value="8" />
  <attribute name ="GC Interval" value="0" />
  <attribute name ="Control flow" value="2" />
  <attribute name="GC Util Range Max" value="146" />
  <attribute name="Current GC Util" value="120" />
  <attribute name= "Current Time Running" value="6003" />
<exclusive-end id="97" timestamp="2019-08-03T01:19:19.771" durationms="12.915" />

<exclusive-start id="98" timestamp="2019-08-03T01:19:20.411" intervalms="652.594">
  <response-info timems="0.031" idlems="0.031" threads="0" lastid="0000000000C15300" lastname="node-1" />
</exclusive-start>
<allocation-taxation id="99" taxation-threshold="2097152" timestamp="2019-08-03T01:19:20.411" intervalms="652.616" />
<gc-start id="100" type="global mark phase" contextid="77" timestamp="2019-08-03T01:19:20.411">
  <mem-info id="101" free="3145728" total="8388608" percent="37">
    <remembered-set count="1440" freebytes="329088" totalbytes="334848" percent="98" regionsoverflowed="0" regionsstable="0" regionsrebuilding="1"/>
  </mem-info>
</gc-start>
<gc-op id="102" type="mark increment" timems="7.270" contextid="77" timestamp="2019-08-03T01:19:20.418">
  <trace-info objectcount="26" scancount="26" scanbytes="536" />
  <cardclean-info objects="187" bytes="6476" />
  <finalization candidates="13" enqueued="0" />
  <references type="soft" candidates="66" cleared="0" enqueued="0" dynamicThreshold="20" maxThreshold="32" />
  <references type="weak" candidates="143" cleared="0" enqueued="0" />
  <references type="phantom" candidates="57" cleared="0" enqueued="0" />
  <stringconstants candidates="3831" cleared="0"  />
</gc-op>
<gc-op id="103" type="classunload" timems="0.002" contextid="77" timestamp="2019-08-03T01:19:20.418">
  <classunload-info classloadercandidates="6" classloadersunloaded="0" classesunloaded="0" anonymousclassesunloaded="0" quiescems="0.000" setupms="0.002" scanms="0.000" postms="0.000" />
</gc-op>
<gc-end id="104" type="global mark phase" contextid="77" durationms="7.698" usertimems="0.000" systemtimems="8.000" timestamp="2019-08-03T01:19:20.419" activeThreads="8">
  <mem-info id="105" free="3145728" total="8388608" percent="37">
    <remembered-set count="1952" freebytes="327040" totalbytes="334848" percent="97" regionsoverflowed="0" regionsstable="0" regionsrebuilding="0"/>
  </mem-info>
</gc-end>
<cycle-end id="106" type="global mark phase" contextid="77" timestamp="2019-08-03T01:19:20.419" />
  <attribute name="elasticGC enabled" value="1" />
  <attribute name= "numThreadsSpecified" value="3" />
  <attribute name="heapSize specified" value="0" />
  <attribute name= "numCores" value="8" />
  <attribute name ="GC Interval" value="0" />
  <attribute name ="Control flow" value="2" />
  <attribute name="GC Util Range Max" value="146" />
  <attribute name="Current GC Util" value="137" />
  <attribute name= "Current Time Running" value="6647" />
<exclusive-end id="107" timestamp="2019-08-03T01:19:20.419" durationms="8.305" />

<exclusive-start id="108" timestamp="2019-08-03T01:19:21.037" intervalms="626.219">
  <response-info timems="0.030" idlems="0.030" threads="0" lastid="0000000000C15300" lastname="node-1" />
</exclusive-start>
<allocation-taxation id="109" taxation-threshold="2097152" timestamp="2019-08-03T01:19:21.037" intervalms="626.213" />
<cycle-start id="110" type="partial gc" contextid="0" timestamp="2019-08-03T01:19:21.037" intervalms="1278.837" />
<gc-start id="111" type="partial gc" contextid="110" timestamp="2019-08-03T01:19:21.037">
  <mem-info id="112" free="1048576" total="8388608" percent="12">
    <mem type="eden" free="1047552" total="5242880" percent="19" />
    <remembered-set count="640" freebytes="332288" totalbytes="334848" percent="99" regionsoverflowed="0" regionsstable="1" regionsrebuilding="0"/>
  </mem-info>
</gc-start>
<allocation-stats totalBytes="4193032" >
  <allocated-bytes non-tlh="0" tlh="4193032" arrayletleaf="0"/>
  <largest-consumer threadName="node-2" threadId="0000000000C18F00" bytes="749288" />
</allocation-stats>
<gc-op id="113" type="sweep" timems="2.046" contextid="110" timestamp="2019-08-03T01:19:21.040" />
<gc-op id="114" type="copy forward" timems="1.449" contextid="110" timestamp="2019-08-03T01:19:21.042">
  <memory-copied type="eden" objects="18" bytes="312" bytesdiscarded="688" />
  <memory-copied type="other" objects="0" bytes="0" bytesdiscarded="0" />
  <memory-cardclean objects="174" bytes="6320" />
  <regions eden="2" other="1" />
  <remembered-set-cleared processed="33" cleared="3" durationms="0.058" />
  <stringconstants candidates="3831" cleared="0"  />
</gc-op>
<gc-op id="115" type="classunload" timems="0.001" contextid="110" timestamp="2019-08-03T01:19:21.042">
  <classunload-info classloadercandidates="6" classloadersunloaded="0" classesunloaded="0" anonymousclassesunloaded="0" quiescems="0.000" setupms="0.001" scanms="0.000" postms="0.000" />
</gc-op>
<gc-op id="116" type="compact" timems="4.445" contextid="110" timestamp="2019-08-03T01:19:21.047">
  <compact-info movecount="0" movebytes="0" />
  <remembered-set-cleared processed="75" cleared="3" durationms="0.058" />
</gc-op>
<heap-resize id="117" type="contract" space="default" amount="1048576" count="1" timems="0.156" reason="insufficient time being spent in gc" timestamp="2019-08-03T01:19:21.047" />
<gc-end id="118" type="partial gc" contextid="110" durationms="10.344" usertimems="12.000" systemtimems="0.000" timestamp="2019-08-03T01:19:21.048" activeThreads="8">
  <mem-info id="119" free="4194304" total="7340032" percent="57">
    <mem type="eden" free="1047576" total="1048576" percent="99" />
    <remembered-set count="640" freebytes="332288" totalbytes="334848" percent="99" regionsoverflowed="0" regionsstable="1" regionsrebuilding="0"/>
  </mem-info>
</gc-end>
<cycle-end id="120" type="partial gc" contextid="110" timestamp="2019-08-03T01:19:21.048" />
  <attribute name="elasticGC enabled" value="1" />
  <attribute name= "numThreadsSpecified" value="3" />
  <attribute name="heapSize specified" value="0" />
  <attribute name= "numCores" value="8" />
  <attribute name ="GC Interval" value="0" />
  <attribute name ="Control flow" value="2" />
  <attribute name="GC Util Range Max" value="146" />
  <attribute name="Current GC Util" value="55" />
  <attribute name= "Current Time Running" value="7277" />
<exclusive-end id="121" timestamp="2019-08-03T01:19:21.048" durationms="11.141" />

<exclusive-start id="122" timestamp="2019-08-03T01:19:21.771" intervalms="733.588">
  <response-info timems="0.036" idlems="0.036" threads="0" lastid="0000000000C11700" lastname="node-0" />
</exclusive-start>
<allocation-taxation id="123" taxation-threshold="2097152" timestamp="2019-08-03T01:19:21.771" intervalms="733.586" />
<cycle-start id="124" type="global mark phase" contextid="0" timestamp="2019-08-03T01:19:21.771" intervalms="2638.551" />
<gc-start id="125" type="global mark phase" contextid="124" timestamp="2019-08-03T01:19:21.771">
  <mem-info id="126" free="2097152" total="7340032" percent="28">
    <remembered-set count="640" freebytes="332288" totalbytes="334848" percent="99" regionsoverflowed="0" regionsstable="1" regionsrebuilding="0"/>
  </mem-info>
</gc-start>
<gc-op id="127" type="mark increment" timems="0.553" contextid="124" timestamp="2019-08-03T01:19:21.771">
  <trace-info objectcount="148" scancount="0" scanbytes="0" />
</gc-op>
<gc-end id="128" type="global mark phase" contextid="124" durationms="0.733" usertimems="0.000" systemtimems="0.000" timestamp="2019-08-03T01:19:21.772" activeThreads="8">
  <mem-info id="129" free="2097152" total="7340032" percent="28">
    <remembered-set count="640" freebytes="332288" totalbytes="334848" percent="99" regionsoverflowed="0" regionsstable="0" regionsrebuilding="1"/>
  </mem-info>
</gc-end>
<concurrent-start id="130" type="GMP work packet processing" contextid="124" timestamp="2019-08-03T01:19:21.772">
  <concurrent-mark-start scanTarget="18446744073709551615" />
</concurrent-start>
<exclusive-end id="131" timestamp="2019-08-03T01:19:21.772" durationms="1.339" />

<concurrent-end id="132" type="GMP work packet processing" contextid="124" timestamp="2019-08-03T01:19:21.773">
  <concurrent-mark-end bytesScanned="1182292" reasonForTermination="Completed all work in GC phase" />
</concurrent-end>

</verbosegc>

